06-28 14:48:57.457 19569 24697 W Conscrypt: 	at com.google.android.gms.org.conscrypt.ConscryptFileDescriptorSocket.setSoWriteTimeout(:com.google.android.gms@17785022@17.7.85 (040700-253824076):2)
06-28 14:48:57.460  1844  1844 D TelephonyProvider: subIdString = 1 subId = 1
06-28 14:48:57.468  1603  1674 D RecurrenceRule: Resolving using anchor 2019-06-28T18:48:57.468Z[GMT]
06-28 14:48:57.470  6541  6541 W zygote  : Unexpected CPU variant for X86 using defaults: x86
06-28 14:48:57.471  1603  1674 D RecurrenceRule: Cycle 17 from 2019-06-09T00:00Z[GMT] to 2019-07-09T00:00Z[GMT]
06-28 14:48:57.472  1603  1674 D NetworkStats: Resolving plan for NetworkTemplate: matchRule=MOBILE_ALL, subscriberId=310260..., matchSubscriberIds=[310260...]
06-28 14:48:57.474  1603  1674 D NetworkStats: Found active matching subId 1
06-28 14:48:57.511  1603  1674 D NetworkStats: Resolved to plan null
06-28 14:48:57.513  1844  1844 D TelephonyProvider: subIdString = 1 subId = 1
06-28 14:48:57.660  1603  2504 W ActivityManager: Slow operation: 110ms so far, now at attachApplicationLocked: immediately after bindApplication
06-28 14:48:57.660  1603  2504 W ActivityManager: Slow operation: 110ms so far, now at attachApplicationLocked: after updateLruProcessLocked
06-28 14:48:57.664  1603  2504 W ActivityManager: Slow operation: 114ms so far, now at attachApplicationLocked: after mServices.attachApplicationLocked
06-28 14:48:57.678  1844  1844 I chatty  : uid=1001(radio) com.android.phone identical 3 lines
06-28 14:48:57.692  1844  1844 D TelephonyProvider: subIdString = 1 subId = 1
06-28 14:48:57.723  1603  1616 I zygote  : IncrementDisableThreadFlip blocked for 5.821ms
06-28 14:48:57.723  1844  1844 D TelephonyProvider: subIdString = 1 subId = 1
06-28 14:48:57.724  1603  1840 I zygote  : IncrementDisableThreadFlip blocked for 6.874ms
06-28 14:48:57.816  1603  1616 E GnssLocationProvider: no AGPS interface in set_agps_server
06-28 14:48:57.816  1603  1616 I GnssLocationProvider: WakeLock released by handleMessage(SUBSCRIPTION_OR_SIM_CHANGED, 0, null)
06-28 14:48:57.854  1844  1844 D TelephonyProvider: subIdString = 1 subId = 1
06-28 14:48:57.901  1844  1844 I Telephony: PstnPhoneCapabilitiesNotifier: handleVideoCapabilitesChanged. Video capability - false
06-28 14:48:57.951  1603  1603 I Telecom : CallLogManager: Country ISO changed. Retrieving new ISO...: CLM.oCD@EfY
06-28 14:48:58.063  1603 12888 I Telecom : PhoneAccountRegistrar: Modify account: [ComponentInfo{com.android.phone/com.android.services.telephony.TelephonyConnectionService}, [****], UserHandle{0}]: TSI.rPA@Efc
06-28 14:48:57.865  1844  1844 D TelephonyProvider: subIdString = 1 subId = 1
06-28 14:48:58.399 19569 24697 W Conscrypt: Could not set socket write timeout: java.net.SocketException: Socket closed
06-28 14:48:58.399 19569 24697 W Conscrypt: 	at com.google.android.gms.org.conscrypt.Platform.setSocketWriteTimeout(:com.google.android.gms@17785022@17.7.85 (040700-253824076):2)
06-28 14:48:58.399 19569 24697 W Conscrypt: 	at com.google.android.gms.org.conscrypt.ConscryptFileDescriptorSocket.setSoWriteTimeout(:com.google.android.gms@17785022@17.7.85 (040700-253824076):2)
06-28 14:48:58.495 29061 29071 I zygote  : NativeAlloc concurrent copying GC freed 132100(3MB) AllocSpace objects, 0(0B) LOS objects, 15% free, 33MB/39MB, paused 1.252ms total 2.550s
06-28 14:48:58.685  1393  3231 W audio_hw_generic: Not supplying enough data to HAL, expected position 170460057 , only wrote 170459280
06-28 14:48:58.686  1393  3231 W audio_hw_generic: Not supplying enough data to HAL, expected position 170459346 , only wrote 170459280
06-28 14:48:58.702  1393  3231 W audio_hw_generic: Not supplying enough data to HAL, expected position 170460051 , only wrote 170460000
06-28 14:48:58.714  1475  1571 D AudioFlinger: mixer(0xaa803cc0) throttle end: throttle time(12)
06-28 14:48:59.330 19546 19867 I GeofencerStateMachine: addGeofences called by com.google.android.apps.maps
06-28 14:48:59.349  6541  6541 D ActivityThread: Loading provider com.google.android.gm.sapi: com.google.android.gm.sapi.SapiUiProvider
06-28 14:48:59.376 12744 29259 D AudioTrack: stop() called with 57530 frames delivered
06-28 14:48:59.380  1603  1840 V MediaRouterService: restoreBluetoothA2dp(false)
06-28 14:48:59.383 29061 32583 D net.osmand: AbstractPrologCommandPlayer abandonAudioFocus
06-28 14:48:59.426  1603 12888 I WifiService: acquireWifiLock uid=10014 lockMode=2
06-28 14:48:59.442  1603 12888 I MediaFocusControl: abandonAudioFocus() from uid/pid 10104/29061 clientId=android.media.AudioManager@e0b46a6net.osmand.plus.api.AudioFocusHelperImpl@5e0acc4
06-28 14:48:59.443 29061 32583 D net.osmand: TTSCommandPlayerImpl ttsRequests=0
06-28 14:48:59.580  1603  2079 I GnssLocationProvider: WakeLock acquired by sendMessage(SET_REQUEST, 0, com.android.server.location.GnssLocationProvider$GpsRequest@f797c15)
06-28 14:48:59.652  1393  3231 W audio_hw_generic: Not supplying enough data to HAL, expected position 170505605 , only wrote 170505360
06-28 14:48:59.689  1603  1616 I GnssLocationProvider: WakeLock released by handleMessage(SET_REQUEST, 0, com.android.server.location.GnssLocationProvider$GpsRequest@f797c15)
06-28 14:48:59.860  1603  1840 I GnssLocationProvider: WakeLock acquired by sendMessage(SET_REQUEST, 0, com.android.server.location.GnssLocationProvider$GpsRequest@9e9d1b)
06-28 14:48:59.940  1603  1616 I GnssLocationProvider: WakeLock released by handleMessage(SET_REQUEST, 0, com.android.server.location.GnssLocationProvider$GpsRequest@9e9d1b)
06-28 14:49:00.011  1603  1877 I WifiService: getWifiEnabledState uid=10062
06-28 14:49:00.016 28942 28956 I zygote  : WaitForGcToComplete blocked ProfileSaver on None for 9.277ms
06-28 14:49:00.185  6541  6541 W PrimesInit: Primes instant initialization
06-28 14:49:00.217  6541  6578 W Primes  : background initialization
06-28 14:49:00.233  1393  3231 W audio_hw_generic: Not supplying enough data to HAL, expected position 170533248 , only wrote 170532720
06-28 14:49:00.379  1603  1612 I zygote  : Background concurrent copying GC freed 45422(3MB) AllocSpace objects, 12(588KB) LOS objects, 17% free, 28MB/34MB, paused 2.242ms total 2.674s
06-28 14:49:00.407  6541  6541 W GAV2    : Thread[main,5,main]: Need to call initialize() and be in fallback mode to start dispatch.
06-28 14:49:00.518  6541  6578 I PrimesTesting: GserviceFlagsSupplier.get()
06-28 14:49:00.803  1393  3231 W audio_hw_generic: Not supplying enough data to HAL, expected position 170560057 , only wrote 170559360
06-28 14:49:00.818  1393  3231 W audio_hw_generic: Not supplying enough data to HAL, expected position 170560082 , only wrote 170560080
06-28 14:49:00.839  6541  6541 W Gmail   : AccountUtils:For b/73513912, load account content://com.android.gmail.ui/account.-2137146394 from MailAppProvider. Is account valid result: 1.
06-28 14:49:00.878  6541  6541 W Gmail   : AccountUtils:For b/73513912, load account content://com.google.android.gm.email.provider/account.-437561172?suppress_combined%3Dtrue from MailAppProvider. Is account valid result: 1.
06-28 14:49:00.923  1393  3231 W audio_hw_generic: Not supplying enough data to HAL, expected position 170565121 , only wrote 170565120
06-28 14:49:00.936 19546 19546 W SystemServiceRegistry: No service published for: persistent_data_block
06-28 14:49:00.939  1393  3231 W audio_hw_generic: Not supplying enough data to HAL, expected position 170565911 , only wrote 170565840
06-28 14:49:01.060  1393  3231 W audio_hw_generic: Not supplying enough data to HAL, expected position 170571626 , only wrote 170571600
06-28 14:49:01.654 19546 19605 W ResourceType: ResTable_typeSpec entry count inconsistent: given 15, previously 22
06-28 14:49:01.821  6541  6555 I zygote  : IncrementDisableThreadFlip blocked for 8.889ms
06-28 14:49:01.985  1603  3971 W ActivityManager: Unable to start service Intent { cmp=com.google.android.gm/com.android.email.service.AttachmentService } U=0: not found
06-28 14:49:02.396  1393  1575 W audio_hw_generic: Not supplying enough data to HAL, expected position 170699224 , only wrote 170635680
06-28 14:49:02.477  1603  2504 D WificondControl: Scan result ready event
06-28 14:49:02.640  1402  1417 D hwcomposer: hw_composer sent 42 syncs in 62s
06-28 14:49:02.816  6541  6556 I zygote  : Waiting for a blocking GC ProfileSaver
06-28 14:49:02.852  1603  1877 I WifiService: releaseWifiLock uid=10014
06-28 14:49:03.163 29061 29071 I zygote  : Background concurrent copying GC freed 415878(9MB) AllocSpace objects, 0(0B) LOS objects, 15% free, 33MB/39MB, paused 5.299ms total 2.043s
06-28 14:49:03.293  6541  6556 I zygote  : WaitForGcToComplete blocked ProfileSaver on HeapTrim for 476.246ms
06-28 14:49:03.734  6541  6609 I zygote  : Deoptimizing void afkh.c() due to JIT inline cache
06-28 14:49:04.067  6541  6583 I zygote  : The ClassLoaderContext is a special shared library.
06-28 14:49:04.132  6541  6583 I zygote  : The ClassLoaderContext is a special shared library.
06-28 14:49:04.467  6541  6606 I zygote  : Deoptimizing java.lang.Object aeri.a(java.lang.Object, java.lang.Object[], int, int, java.lang.Object) due to JIT inline cache
06-28 14:49:04.547  1603  1616 E memtrack: Couldn't load memtrack module
06-28 14:49:04.547  1603  1616 W android.os.Debug: failed to get memory consumption info: -1
06-28 14:49:04.608  6541  6605 I zygote  : Deoptimizing java.lang.Object aeri.a(java.lang.Object[], int, int, int) due to JIT inline cache
06-28 14:49:04.616  6541  6547 I zygote  : Do partial code cache collection, code=25KB, data=20KB
06-28 14:49:04.623  6541  6547 I zygote  : After code cache collection, code=17KB, data=18KB
06-28 14:49:04.623  6541  6547 I zygote  : Increasing code cache capacity to 128KB
06-28 14:49:04.780  6541  6583 V NativeCrypto: Registering com/google/android/gms/org/conscrypt/NativeCrypto's 284 native methods...
06-28 14:49:05.441 29061 29071 I zygote  : Background concurrent copying GC freed 288990(7MB) AllocSpace objects, 4(144KB) LOS objects, 14% free, 35MB/41MB, paused 2.277ms total 1.619s
06-28 14:49:06.024  6541  6583 D NetworkSecurityConfig: Using Network Security Config from resource network_security_config debugBuild: false
06-28 14:49:06.083  6541  6583 I ProviderInstaller: Installed default security provider GmsCore_OpenSSL
06-28 14:49:06.107  6541  6541 E abdj    : Sync is not initialized yet
06-28 14:49:06.189  6541  6603 I zygote  : Deoptimizing java.lang.Object aetu.next() due to JIT inline cache
06-28 14:49:07.039  6541  6547 I zygote  : Do partial code cache collection, code=62KB, data=39KB
06-28 14:49:07.040  6541  6547 I zygote  : After code cache collection, code=61KB, data=39KB
06-28 14:49:07.040  6541  6547 I zygote  : Increasing code cache capacity to 256KB
06-28 14:49:07.066 19546 19546 W ChimeraUtils: Non Chimera context
06-28 14:49:07.067 19546 19546 W ChimeraUtils: Non Chimera context
06-28 14:49:07.792 29061 29071 I zygote  : Background concurrent copying GC freed 390697(10MB) AllocSpace objects, 0(0B) LOS objects, 15% free, 33MB/39MB, paused 4.690ms total 847.215ms
06-28 14:49:08.639  1603  1620 E BatteryExternalStatsWorker: modem info is invalid: ModemActivityInfo{ mTimestamp=0 mSleepTimeMs=0 mIdleTimeMs=0 mTxTimeMs[]=[0, 0, 0, 0, 0] mRxTimeMs=0 mEnergyUsed=0}
06-28 14:49:08.942  1844  1855 I zygote  : Background concurrent copying GC freed 41434(2MB) AllocSpace objects, 0(0B) LOS objects, 50% free, 2MB/4MB, paused 22.578ms total 233.919ms
06-28 14:49:08.950  6541  6603 I zygote  : Deoptimizing void acpp.a(aclm, java.util.Collection) due to JIT inline cache
06-28 14:49:09.205  6541  6541 I zygote  : Deoptimizing java.lang.Object aeri.a(java.lang.Object, java.lang.Object[], int, int, java.lang.Object) due to JIT inline cache
06-28 14:49:09.358  6541  6547 I zygote  : Do full code cache collection, code=108KB, data=78KB
06-28 14:49:09.370  6541  6547 I zygote  : After code cache collection, code=81KB, data=46KB
06-28 14:49:09.510  6541  6541 W ymr     : Failed to find local clusters.
06-28 14:49:10.494  6541  6547 I zygote  : Do partial code cache collection, code=89KB, data=57KB
06-28 14:49:10.504  6541  6547 I zygote  : After code cache collection, code=89KB, data=57KB
06-28 14:49:10.504  6541  6547 I zygote  : Increasing code cache capacity to 512KB
06-28 14:49:10.838 29061 29071 I zygote  : Background concurrent copying GC freed 461769(11MB) AllocSpace objects, 0(0B) LOS objects, 16% free, 30MB/36MB, paused 10.956ms total 663.965ms
06-28 14:49:13.371 29061 29071 I zygote  : Background concurrent copying GC freed 367262(8MB) AllocSpace objects, 0(0B) LOS objects, 16% free, 31MB/37MB, paused 1.521ms total 788.762ms
06-28 14:49:13.564  1603  1612 I zygote  : Background concurrent copying GC freed 85155(5MB) AllocSpace objects, 15(800KB) LOS objects, 18% free, 26MB/32MB, paused 17.273ms total 618.486ms
06-28 14:49:13.944  1603  1616 E memtrack: Couldn't load memtrack module
06-28 14:49:13.944  1603  1616 W android.os.Debug: failed to get memory consumption info: -1
06-28 14:49:15.454 29061 29071 I zygote  : Background concurrent copying GC freed 398387(8MB) AllocSpace objects, 0(0B) LOS objects, 17% free, 29MB/35MB, paused 1.192ms total 415.095ms
06-28 14:49:17.272 29061 29071 I zygote  : Background concurrent copying GC freed 293800(6MB) AllocSpace objects, 0(0B) LOS objects, 17% free, 29MB/35MB, paused 2.030ms total 406.730ms
06-28 14:49:19.332 29061 29071 I zygote  : Background concurrent copying GC freed 295701(6MB) AllocSpace objects, 0(0B) LOS objects, 16% free, 29MB/35MB, paused 2.197ms total 516.390ms
06-28 14:49:19.479  1603  2079 I WifiService: acquireWifiLock uid=10014 lockMode=2
06-28 14:49:19.658  1603  3971 I WifiService: releaseWifiLock uid=10014
06-28 14:49:21.092 29061 29071 I zygote  : Background concurrent copying GC freed 320117(7MB) AllocSpace objects, 0(0B) LOS objects, 17% free, 28MB/34MB, paused 1.118ms total 394.094ms
06-28 14:49:23.125 29061 29071 I zygote  : Background concurrent copying GC freed 287503(6MB) AllocSpace objects, 0(0B) LOS objects, 16% free, 29MB/35MB, paused 1.607ms total 373.614ms
06-28 14:49:24.737 29061 29071 I zygote  : Background concurrent copying GC freed 317667(7MB) AllocSpace objects, 0(0B) LOS objects, 16% free, 29MB/35MB, paused 2.531ms total 516.828ms
06-28 14:49:26.780  1603  1620 I WifiService: requestActivityInfo uid=1000
06-28 14:49:26.780  1603  1620 I WifiService: reportActivityInfo uid=1000
06-28 14:49:26.780  1603  1620 I WifiService: getSupportedFeatures uid=1000
06-28 14:49:26.870 19546 19546 I GeofencerStateMachine: sendNewTransitions called.
06-28 14:49:26.957 19546 19546 I GeofencerStateMachine: sendNewTransitions called.
06-28 14:49:26.970 19546 19546 I GeofencerStateMachine: sendNewLocationAvailability: availability=LocationAvailability[isLocationAvailable: true]
06-28 14:49:27.229 29061 29071 I zygote  : Background concurrent copying GC freed 309389(6MB) AllocSpace objects, 0(0B) LOS objects, 16% free, 29MB/35MB, paused 2.400ms total 623.763ms
06-28 14:49:27.598  1603  1877 I ActivityManager: Killing 30007:com.google.android.partnersetup/u0a17 (adj 906): empty #17
06-28 14:49:27.599  1603  1619 W zygote  : kill(-30007, 9) failed: No such process
06-28 14:49:27.682  1603  1619 I chatty  : uid=1000(system) ActivityManager identical 2 lines
06-28 14:49:27.723  1603  1619 W zygote  : kill(-30007, 9) failed: No such process
06-28 14:49:27.723  1603  1619 I zygote  : Successfully killed process cgroup uid 10017 pid 30007 in 124ms
06-28 14:49:29.692 29061 29071 I zygote  : Background concurrent copying GC freed 331968(7MB) AllocSpace objects, 0(0B) LOS objects, 16% free, 30MB/36MB, paused 2.195ms total 604.350ms
06-28 14:49:31.771 29061 29071 I zygote  : Background concurrent copying GC freed 363792(8MB) AllocSpace objects, 0(0B) LOS objects, 16% free, 30MB/36MB, paused 1.287ms total 577.671ms
06-28 14:49:33.955 29061 29071 I zygote  : Background concurrent copying GC freed 355625(7MB) AllocSpace objects, 0(0B) LOS objects, 16% free, 30MB/36MB, paused 1.778ms total 626.625ms
06-28 14:49:34.666  1603  1612 I zygote  : Background concurrent copying GC freed 72538(4MB) AllocSpace objects, 2(40KB) LOS objects, 18% free, 26MB/32MB, paused 1.666ms total 494.524ms
06-28 14:49:35.958 29061 29071 I zygote  : Background concurrent copying GC freed 364578(8MB) AllocSpace objects, 0(0B) LOS objects, 16% free, 30MB/36MB, paused 1.855ms total 649.924ms
06-28 14:49:38.150 29061 29071 I zygote  : Background concurrent copying GC freed 355137(7MB) AllocSpace objects, 0(0B) LOS objects, 16% free, 29MB/35MB, paused 4.859ms total 661.302ms
06-28 14:49:40.136 29061 29071 I zygote  : Background concurrent copying GC freed 327713(7MB) AllocSpace objects, 0(0B) LOS objects, 17% free, 28MB/34MB, paused 1.375ms total 582.721ms
06-28 14:49:40.676  1603 12888 I WifiService: acquireWifiLock uid=10014 lockMode=2
06-28 14:49:40.694  1603  1616 E memtrack: Couldn't load memtrack module
06-28 14:49:40.694  1603  1616 W android.os.Debug: failed to get memory consumption info: -1
06-28 14:49:40.863  1603  1616 E memtrack: Couldn't load memtrack module
06-28 14:49:40.863  1603  1616 W android.os.Debug: failed to get memory consumption info: -1
06-28 14:49:40.939  1603  1616 E memtrack: Couldn't load memtrack module
06-28 14:49:40.939  1603  1616 W android.os.Debug: failed to get memory consumption info: -1
06-28 14:49:41.012  1603  1616 E memtrack: Couldn't load memtrack module
06-28 14:49:41.012  1603  1616 W android.os.Debug: failed to get memory consumption info: -1
06-28 14:49:41.101  1603  1616 E memtrack: Couldn't load memtrack module
06-28 14:49:41.101  1603  1616 W android.os.Debug: failed to get memory consumption info: -1
06-28 14:49:41.168  1603  1616 E memtrack: Couldn't load memtrack module
06-28 14:49:41.168  1603  1616 W android.os.Debug: failed to get memory consumption info: -1
06-28 14:49:41.271  1603  1616 E memtrack: Couldn't load memtrack module
06-28 14:49:41.271  1603  1616 W android.os.Debug: failed to get memory consumption info: -1
06-28 14:49:42.910 29061 29071 I zygote  : Background concurrent copying GC freed 277094(6MB) AllocSpace objects, 0(0B) LOS objects, 17% free, 28MB/34MB, paused 2.025ms total 358.186ms
06-28 14:49:43.726  1603  2504 D WificondControl: Scan result ready event
06-28 14:49:43.848  1603 12888 I WifiService: releaseWifiLock uid=10014
06-28 14:49:45.074 29061 29071 I zygote  : Background concurrent copying GC freed 292385(6MB) AllocSpace objects, 0(0B) LOS objects, 17% free, 28MB/34MB, paused 1.347ms total 464.210ms
06-28 14:49:45.957  1603  1620 I WifiService: requestActivityInfo uid=1000
06-28 14:49:45.957  1603  1620 I WifiService: reportActivityInfo uid=1000
06-28 14:49:45.957  1603  1620 I WifiService: getSupportedFeatures uid=1000
06-28 14:49:45.975  1603  1620 E BluetoothAdapter: Bluetooth binder is null
06-28 14:49:45.987  1603  1620 E KernelCpuSpeedReader: Failed to read cpu-freq: /sys/devices/system/cpu/cpu0/cpufreq/stats/time_in_state (No such file or directory)
06-28 14:49:46.005  1603  1620 E BatteryExternalStatsWorker: modem info is invalid: ModemActivityInfo{ mTimestamp=0 mSleepTimeMs=0 mIdleTimeMs=0 mTxTimeMs[]=[0, 0, 0, 0, 0] mRxTimeMs=0 mEnergyUsed=0}
06-28 14:49:47.002 29061 29071 I zygote  : Background concurrent copying GC freed 292154(6MB) AllocSpace objects, 0(0B) LOS objects, 16% free, 29MB/35MB, paused 1.748ms total 492.098ms
06-28 14:49:49.317 29061 29071 I zygote  : Background concurrent copying GC freed 323068(7MB) AllocSpace objects, 0(0B) LOS objects, 17% free, 28MB/34MB, paused 17.796ms total 497.959ms
06-28 14:49:51.224 29061 29071 I zygote  : Background concurrent copying GC freed 294767(6MB) AllocSpace objects, 0(0B) LOS objects, 17% free, 28MB/34MB, paused 1.447ms total 345.787ms
06-28 14:49:51.585  1409  1409 I boot-pipe: done populating /dev/random
06-28 14:49:53.615 29061 29071 I zygote  : Background concurrent copying GC freed 271627(6MB) AllocSpace objects, 0(0B) LOS objects, 16% free, 29MB/35MB, paused 1.746ms total 437.645ms
06-28 14:49:54.261  1844  1855 I zygote  : Background concurrent copying GC freed 48443(2MB) AllocSpace objects, 0(0B) LOS objects, 49% free, 2MB/4MB, paused 8.636ms total 60.850ms
06-28 14:49:55.974 29061 29071 I zygote  : Background concurrent copying GC freed 314227(6MB) AllocSpace objects, 0(0B) LOS objects, 16% free, 30MB/36MB, paused 1.499ms total 613.031ms
06-28 14:49:57.920 29061 29071 I zygote  : Background concurrent copying GC freed 351370(7MB) AllocSpace objects, 0(0B) LOS objects, 16% free, 30MB/36MB, paused 1.279ms total 518.532ms
06-28 14:49:58.134 19546 19546 I GeofencerStateMachine: sendNewTransitions called.
06-28 14:49:58.493 19546 19556 I zygote  : Background concurrent copying GC freed 125762(5MB) AllocSpace objects, 4(208KB) LOS objects, 39% free, 9MB/15MB, paused 1.619ms total 350.011ms
06-28 14:49:59.006  1603  1612 I zygote  : Background concurrent copying GC freed 90640(5MB) AllocSpace objects, 5(328KB) LOS objects, 17% free, 27MB/33MB, paused 1.252ms total 612.458ms
06-28 14:50:00.073 29061 29071 I zygote  : Background concurrent copying GC freed 337851(7MB) AllocSpace objects, 0(0B) LOS objects, 17% free, 28MB/34MB, paused 2.243ms total 352.511ms
06-28 14:50:00.693  1603  5561 I WifiService: acquireWifiLock uid=10014 lockMode=2
06-28 14:50:00.849  1603  1614 I WifiService: releaseWifiLock uid=10014
06-28 14:50:02.697 29061 29071 I zygote  : Background concurrent copying GC freed 281497(6MB) AllocSpace objects, 0(0B) LOS objects, 16% free, 30MB/36MB, paused 1.629ms total 508.862ms
06-28 14:50:04.891  6541  6541 W ymr     : Already started: ymr@7e67090
06-28 14:50:05.026  6541  6660 E sbo     : Interactive Ads jobs: did not expect this future to ever resolve
06-28 14:50:05.393 29061 29071 I zygote  : Background concurrent copying GC freed 349873(7MB) AllocSpace objects, 0(0B) LOS objects, 16% free, 30MB/36MB, paused 2.219ms total 1.003s
06-28 14:50:06.283  1603  1620 I WifiService: requestActivityInfo uid=1000
06-28 14:50:06.283  1603  1620 I WifiService: reportActivityInfo uid=1000
06-28 14:50:06.283  1603  1620 I WifiService: getSupportedFeatures uid=1000
06-28 14:50:08.164 29061 29071 I zygote  : Background concurrent copying GC freed 354195(7MB) AllocSpace objects, 0(0B) LOS objects, 17% free, 29MB/35MB, paused 3.622ms total 552.997ms
06-28 14:50:08.245  6541  6609 I zygote  : Deoptimizing void acpp.a(aclm, java.util.Collection) due to JIT inline cache
06-28 14:50:10.174 29061 29071 I zygote  : Background concurrent copying GC freed 289768(6MB) AllocSpace objects, 0(0B) LOS objects, 17% free, 29MB/35MB, paused 1.134ms total 517.123ms
06-28 14:50:12.081 29061 29071 I zygote  : Background concurrent copying GC freed 299518(6MB) AllocSpace objects, 0(0B) LOS objects, 16% free, 29MB/35MB, paused 2.767ms total 537.786ms
06-28 14:50:14.167 29061 29071 I zygote  : Background concurrent copying GC freed 326523(7MB) AllocSpace objects, 0(0B) LOS objects, 16% free, 29MB/35MB, paused 1.232ms total 602.270ms
06-28 14:50:16.180 29061 29071 I zygote  : Background concurrent copying GC freed 327413(7MB) AllocSpace objects, 0(0B) LOS objects, 17% free, 29MB/35MB, paused 9.925ms total 458.263ms
06-28 14:50:18.221 29061 29071 I zygote  : Background concurrent copying GC freed 295018(6MB) AllocSpace objects, 0(0B) LOS objects, 16% free, 29MB/35MB, paused 1.770ms total 517.774ms
06-28 14:50:20.559 29061 29071 I zygote  : Background concurrent copying GC freed 326972(7MB) AllocSpace objects, 0(0B) LOS objects, 16% free, 29MB/35MB, paused 1.426ms total 526.237ms
06-28 14:50:21.554  1603  1612 I zygote  : Background concurrent copying GC freed 95030(5MB) AllocSpace objects, 3(60KB) LOS objects, 18% free, 26MB/32MB, paused 1.479ms total 411.339ms
06-28 14:50:22.647 29061 29071 I zygote  : Background concurrent copying GC freed 317873(7MB) AllocSpace objects, 0(0B) LOS objects, 16% free, 30MB/36MB, paused 1.504ms total 531.159ms
06-28 14:50:22.765  1603  2079 I WifiService: acquireWifiLock uid=10014 lockMode=2
06-28 14:50:22.897  1603  1674 D RecurrenceRule: Resolving using anchor 2019-06-28T18:50:22.897Z[GMT]
06-28 14:50:22.899  1603  1674 D RecurrenceRule: Resolving using anchor 2019-06-28T18:50:22.899Z[GMT]
06-28 14:50:22.902  1603  1674 D RecurrenceRule: Cycle 17 from 2019-06-09T00:00Z[GMT] to 2019-07-09T00:00Z[GMT]
06-28 14:50:22.903  1603  1674 D NetworkStats: Resolving plan for NetworkTemplate: matchRule=MOBILE_ALL, subscriberId=310260..., matchSubscriberIds=[310260...]
06-28 14:50:22.910  1603  1674 D NetworkStats: Found active matching subId 1
06-28 14:50:22.928  1603  1674 D NetworkStats: Resolved to plan null
06-28 14:50:25.065 29061 29071 I zygote  : Background concurrent copying GC freed 332808(7MB) AllocSpace objects, 0(0B) LOS objects, 16% free, 30MB/36MB, paused 1.742ms total 692.455ms
06-28 14:50:25.746  1603  1620 I WifiService: requestActivityInfo uid=1000
06-28 14:50:25.746  1603  1620 I WifiService: reportActivityInfo uid=1000
06-28 14:50:25.747  1603  1620 I WifiService: getSupportedFeatures uid=1000
06-28 14:50:25.773  1603  1614 D WificondControl: Scan result ready event
06-28 14:50:25.949  1603  5561 I WifiService: releaseWifiLock uid=10014
06-28 14:50:27.135 29061 29071 I zygote  : Background concurrent copying GC freed 362598(8MB) AllocSpace objects, 0(0B) LOS objects, 16% free, 29MB/35MB, paused 2.283ms total 548.319ms
06-28 14:50:29.072 19546 19546 I GeofencerStateMachine: sendNewTransitions called.
06-28 14:50:29.644 29061 29071 I zygote  : Background concurrent copying GC freed 334584(7MB) AllocSpace objects, 0(0B) LOS objects, 16% free, 30MB/36MB, paused 1.545ms total 787.954ms
06-28 14:50:31.787 29061 29071 I zygote  : Background concurrent copying GC freed 355775(7MB) AllocSpace objects, 0(0B) LOS objects, 17% free, 29MB/35MB, paused 1.367ms total 459.602ms
06-28 14:50:33.682 29061 29071 I zygote  : Background concurrent copying GC freed 292570(6MB) AllocSpace objects, 0(0B) LOS objects, 16% free, 29MB/35MB, paused 1.808ms total 477.727ms
06-28 14:50:35.844 29061 29071 I zygote  : Background concurrent copying GC freed 308802(6MB) AllocSpace objects, 0(0B) LOS objects, 16% free, 30MB/36MB, paused 1.844ms total 582.505ms
06-28 14:50:38.220 29061 29071 I zygote  : Background concurrent copying GC freed 343254(7MB) AllocSpace objects, 0(0B) LOS objects, 16% free, 29MB/35MB, paused 3.456ms total 599.798ms
06-28 14:50:40.324  1402  1417 D hwcomposer: hw_composer sent 30 syncs in 98s
06-28 14:50:41.035 29061 29071 I zygote  : Background concurrent copying GC freed 333213(7MB) AllocSpace objects, 0(0B) LOS objects, 16% free, 29MB/35MB, paused 3.721ms total 573.022ms
06-28 14:50:43.327 29061 29071 I zygote  : Background concurrent copying GC freed 325235(7MB) AllocSpace objects, 0(0B) LOS objects, 16% free, 29MB/35MB, paused 12.895ms total 628.937ms
06-28 14:50:43.792  1603  1877 I WifiService: acquireWifiLock uid=10014 lockMode=2
06-28 14:50:43.849  1603  5561 I WifiService: releaseWifiLock uid=10014
06-28 14:50:44.168  1603  1612 I zygote  : Background concurrent copying GC freed 79132(5MB) AllocSpace objects, 2(40KB) LOS objects, 18% free, 26MB/32MB, paused 2.771ms total 324.546ms
06-28 14:50:45.345 29061 29071 I zygote  : Background concurrent copying GC freed 325799(7MB) AllocSpace objects, 0(0B) LOS objects, 17% free, 29MB/35MB, paused 965us total 328.348ms
06-28 14:50:46.650  1603  6334 I WifiService: getConnectionInfo uid=10014
06-28 14:50:46.656 19546  2159 E WakeLock: GCM_HB_ALARM release without a matched acquire!
06-28 14:50:46.662  1603  1620 I WifiService: requestActivityInfo uid=1000
06-28 14:50:46.662  1603  1620 I WifiService: reportActivityInfo uid=1000
06-28 14:50:46.662  1603  1620 I WifiService: getSupportedFeatures uid=1000
06-28 14:50:46.962  1603  1877 I WifiService: getConnectionInfo uid=10014
06-28 14:50:47.453 29061 29071 I zygote  : Background concurrent copying GC freed 299091(6MB) AllocSpace objects, 0(0B) LOS objects, 16% free, 29MB/35MB, paused 913us total 444.212ms
06-28 14:50:49.758 29061 29071 I zygote  : Background concurrent copying GC freed 312996(6MB) AllocSpace objects, 0(0B) LOS objects, 16% free, 31MB/37MB, paused 2.723ms total 720.908ms
06-28 14:50:51.589  1409  1409 I boot-pipe: done populating /dev/random
06-28 14:50:52.079 29061 29071 I zygote  : Background concurrent copying GC freed 395049(8MB) AllocSpace objects, 0(0B) LOS objects, 16% free, 30MB/36MB, paused 4.143ms total 659.249ms
06-28 14:50:53.995 29061 29071 I zygote  : Background concurrent copying GC freed 367012(8MB) AllocSpace objects, 0(0B) LOS objects, 16% free, 30MB/36MB, paused 1.422ms total 674.928ms
06-28 14:50:56.152 29061 29071 I zygote  : Background concurrent copying GC freed 360054(7MB) AllocSpace objects, 0(0B) LOS objects, 16% free, 29MB/35MB, paused 1.489ms total 596.927ms
06-28 14:50:56.665  1603  1616 E memtrack: Couldn't load memtrack module
06-28 14:50:56.665  1603  1616 W android.os.Debug: failed to get memory consumption info: -1
06-28 14:50:56.800  1603  1616 E memtrack: Couldn't load memtrack module
06-28 14:50:56.800  1603  1616 W android.os.Debug: failed to get memory consumption info: -1
06-28 14:50:58.225 29061 29071 I zygote  : Background concurrent copying GC freed 327442(7MB) AllocSpace objects, 0(0B) LOS objects, 16% free, 29MB/35MB, paused 2.442ms total 598.232ms
06-28 14:51:00.040 19546 19546 I GeofencerStateMachine: sendNewTransitions called.
06-28 14:51:00.944 29061 29071 I zygote  : Background concurrent copying GC freed 332133(7MB) AllocSpace objects, 0(0B) LOS objects, 16% free, 29MB/35MB, paused 3.307ms total 663.122ms
06-28 14:51:01.939  1603  1620 I WifiService: requestActivityInfo uid=1000
06-28 14:51:01.940  1603  1620 I WifiService: reportActivityInfo uid=1000
06-28 14:51:01.940  1603  1620 I WifiService: getSupportedFeatures uid=1000
06-28 14:51:02.895 29061 29071 I zygote  : Background concurrent copying GC freed 336117(7MB) AllocSpace objects, 0(0B) LOS objects, 16% free, 30MB/36MB, paused 1.325ms total 582.629ms
06-28 14:51:03.822  1603  1614 I WifiService: acquireWifiLock uid=10014 lockMode=2
06-28 14:51:05.461 29061 29071 I zygote  : Background concurrent copying GC freed 351100(7MB) AllocSpace objects, 0(0B) LOS objects, 16% free, 29MB/35MB, paused 2.351ms total 576.926ms
06-28 14:51:06.923  1603  2079 D WificondControl: Scan result ready event
06-28 14:51:07.046  1603  4231 I WifiService: releaseWifiLock uid=10014
06-28 14:51:07.696  1603  1612 I zygote  : Background concurrent copying GC freed 79974(4MB) AllocSpace objects, 4(144KB) LOS objects, 18% free, 26MB/32MB, paused 5.807ms total 674.815ms
06-28 14:51:07.995 29061 29071 I zygote  : Background concurrent copying GC freed 325538(7MB) AllocSpace objects, 0(0B) LOS objects, 16% free, 29MB/35MB, paused 2.402ms total 762.952ms
06-28 14:51:09.996 29061 29071 I zygote  : Background concurrent copying GC freed 329492(7MB) AllocSpace objects, 0(0B) LOS objects, 17% free, 29MB/35MB, paused 1.037ms total 427.959ms
06-28 14:51:12.345 29061 29071 I zygote  : Background concurrent copying GC freed 292915(6MB) AllocSpace objects, 0(0B) LOS objects, 16% free, 29MB/35MB, paused 1.532ms total 473.981ms
06-28 14:51:14.994 29061 29071 I zygote  : Background concurrent copying GC freed 324401(7MB) AllocSpace objects, 0(0B) LOS objects, 16% free, 30MB/36MB, paused 3.029ms total 777.363ms
06-28 14:51:17.719 29061 29071 I zygote  : Background concurrent copying GC freed 360955(8MB) AllocSpace objects, 0(0B) LOS objects, 16% free, 31MB/37MB, paused 1.842ms total 691.522ms
06-28 14:51:20.164 29061 29071 I zygote  : Background concurrent copying GC freed 405772(8MB) AllocSpace objects, 0(0B) LOS objects, 16% free, 30MB/36MB, paused 1.201ms total 833.015ms
06-28 14:51:22.567 29061 29071 I zygote  : Background concurrent copying GC freed 350465(7MB) AllocSpace objects, 0(0B) LOS objects, 16% free, 29MB/35MB, paused 2.183ms total 542.888ms
06-28 14:51:23.853  1603  4231 I WifiService: acquireWifiLock uid=10014 lockMode=2
06-28 14:51:23.919  1603  1614 I WifiService: releaseWifiLock uid=10014
06-28 14:51:24.672  1844  1855 I zygote  : Background concurrent copying GC freed 49153(2MB) AllocSpace objects, 0(0B) LOS objects, 50% free, 2MB/4MB, paused 1.177ms total 105.989ms
06-28 14:51:24.753 29061 29071 I zygote  : Background concurrent copying GC freed 322129(7MB) AllocSpace objects, 0(0B) LOS objects, 16% free, 29MB/35MB, paused 939us total 574.055ms
06-28 14:51:27.136 29061 29071 I zygote  : Background concurrent copying GC freed 330224(7MB) AllocSpace objects, 0(0B) LOS objects, 16% free, 29MB/35MB, paused 1.771ms total 707.339ms
06-28 14:51:29.342  1603  1612 I zygote  : Background concurrent copying GC freed 87931(5MB) AllocSpace objects, 2(40KB) LOS objects, 18% free, 27MB/33MB, paused 2.310ms total 582.807ms
06-28 14:51:30.068 29061 29071 I zygote  : Background concurrent copying GC freed 326340(7MB) AllocSpace objects, 0(0B) LOS objects, 16% free, 30MB/36MB, paused 2.225ms total 988.032ms
06-28 14:51:30.207 19546 19546 I GeofencerStateMachine: sendNewTransitions called.
06-28 14:51:32.437 29061 29071 I zygote  : Background concurrent copying GC freed 379488(8MB) AllocSpace objects, 0(0B) LOS objects, 17% free, 28MB/34MB, paused 3.085ms total 404.545ms
06-28 14:51:34.571 29111 29127 I Finsky  : [1119] imb.run(3): Stats for Executor: BlockingExecutor ink@477781[Running, pool size = 0, active threads = 0, queued tasks = 0, completed tasks = 22]
06-28 14:51:34.572 29111 29127 I Finsky  : [1119] imb.run(3): Stats for Executor: LightweightExecutor ink@39d6026[Running, pool size = 2, active threads = 0, queued tasks = 0, completed tasks = 82]
06-28 14:51:34.572 29111 29127 I Finsky  : [1119] imb.run(3): Stats for Executor: bgExecutor ink@b1b467[Running, pool size = 4, active threads = 0, queued tasks = 0, completed tasks = 63]
06-28 14:51:34.747 29061 29071 I zygote  : Background concurrent copying GC freed 286238(6MB) AllocSpace objects, 0(0B) LOS objects, 16% free, 29MB/35MB, paused 1.172ms total 615.633ms
06-28 14:51:37.608 29061 29071 I zygote  : Background concurrent copying GC freed 314704(7MB) AllocSpace objects, 0(0B) LOS objects, 16% free, 30MB/36MB, paused 1.434ms total 796.249ms
06-28 14:51:40.179 29061 29071 I zygote  : Background concurrent copying GC freed 355559(7MB) AllocSpace objects, 0(0B) LOS objects, 17% free, 28MB/34MB, paused 2.199ms total 364.251ms
06-28 14:51:42.699 29061 29071 I zygote  : Background concurrent copying GC freed 288957(6MB) AllocSpace objects, 0(0B) LOS objects, 16% free, 29MB/35MB, paused 1.674ms total 738.611ms
06-28 14:51:45.237  1603  4231 I WifiService: acquireWifiLock uid=10014 lockMode=2
06-28 14:51:45.293 29061 29071 I zygote  : Background concurrent copying GC freed 311591(6MB) AllocSpace objects, 0(0B) LOS objects, 16% free, 30MB/36MB, paused 32.946ms total 1.036s
06-28 14:51:46.552  1402  1417 D hwcomposer: hw_composer sent 49 syncs in 66s
06-28 14:51:48.054 29061 29071 I zygote  : Background concurrent copying GC freed 351608(7MB) AllocSpace objects, 0(0B) LOS objects, 16% free, 29MB/35MB, paused 1.987ms total 597.824ms
06-28 14:51:48.526  1603  1614 D WificondControl: Scan result ready event
06-28 14:51:48.839  1603  5561 I WifiService: releaseWifiLock uid=10014
06-28 14:51:51.147 29061 29071 I zygote  : Background concurrent copying GC freed 331105(7MB) AllocSpace objects, 0(0B) LOS objects, 16% free, 30MB/36MB, paused 3.381ms total 841.268ms
06-28 14:51:51.610  1409  1409 I boot-pipe: done populating /dev/random
06-28 14:51:53.864 29061 29071 I zygote  : Background concurrent copying GC freed 358564(7MB) AllocSpace objects, 0(0B) LOS objects, 16% free, 30MB/36MB, paused 3.777ms total 802.131ms
06-28 14:51:53.958  1603  1612 I zygote  : Background concurrent copying GC freed 77670(4MB) AllocSpace objects, 4(96KB) LOS objects, 18% free, 26MB/32MB, paused 1.588ms total 796.787ms
06-28 14:51:56.977 29061 29071 I zygote  : Background concurrent copying GC freed 371793(8MB) AllocSpace objects, 0(0B) LOS objects, 16% free, 30MB/36MB, paused 13.730ms total 657.906ms
06-28 14:52:00.140 29061 29071 I zygote  : Background concurrent copying GC freed 350476(7MB) AllocSpace objects, 0(0B) LOS objects, 16% free, 31MB/37MB, paused 1.137ms total 861.457ms
06-28 14:52:00.864 19546 19546 I GeofencerStateMachine: sendNewTransitions called.
06-28 14:52:01.138 19546 19556 I zygote  : Background concurrent copying GC freed 123917(5MB) AllocSpace objects, 0(0B) LOS objects, 39% free, 9MB/15MB, paused 1.353ms total 263.480ms
06-28 14:52:03.923 29061 29071 I zygote  : Background concurrent copying GC freed 392674(8MB) AllocSpace objects, 0(0B) LOS objects, 17% free, 29MB/35MB, paused 1.086ms total 1.052s
06-28 14:52:05.369  1603  6334 I WifiService: acquireWifiLock uid=10014 lockMode=2
06-28 14:52:05.660  1603  1614 I WifiService: releaseWifiLock uid=10014
06-28 14:52:05.671 19546 19603 I zygote  : Deoptimizing int[] ssz.a(java.util.Collection) due to JIT inline cache
06-28 14:52:05.749 19546 19546 W ChimeraUtils: Non Chimera context
06-28 14:52:05.751 19546 19546 W ChimeraUtils: Non Chimera context
06-28 14:52:05.861  1603  1620 I WifiService: requestActivityInfo uid=1000
06-28 14:52:05.861  1603  1620 I WifiService: reportActivityInfo uid=1000
06-28 14:52:05.861  1603  1620 I WifiService: getSupportedFeatures uid=1000
06-28 14:52:06.474 19546 19905 W Conscrypt: Could not set socket write timeout: java.net.SocketException: Socket closed
06-28 14:52:06.484 19546 19905 W Conscrypt: 	at com.google.android.gms.org.conscrypt.Platform.setSocketWriteTimeout(:com.google.android.gms@17785022@17.7.85 (040700-253824076):2)
06-28 14:52:06.484 19546 19905 W Conscrypt: 	at com.google.android.gms.org.conscrypt.ConscryptFileDescriptorSocket.setSoWriteTimeout(:com.google.android.gms@17785022@17.7.85 (040700-253824076):2)
06-28 14:52:06.843 19546 19905 W Conscrypt: Could not set socket write timeout: java.net.SocketException: Socket closed
06-28 14:52:06.844 19546 19905 W Conscrypt: 	at com.google.android.gms.org.conscrypt.Platform.setSocketWriteTimeout(:com.google.android.gms@17785022@17.7.85 (040700-253824076):2)
06-28 14:52:06.844 19546 19905 W Conscrypt: 	at com.google.android.gms.org.conscrypt.ConscryptFileDescriptorSocket.setSoWriteTimeout(:com.google.android.gms@17785022@17.7.85 (040700-253824076):2)
06-28 14:52:06.930 29061 29071 I zygote  : Background concurrent copying GC freed 301231(6MB) AllocSpace objects, 0(0B) LOS objects, 16% free, 29MB/35MB, paused 5.489ms total 599.920ms
06-28 14:52:10.801 29061 29071 I zygote  : Background concurrent copying GC freed 325632(7MB) AllocSpace objects, 0(0B) LOS objects, 16% free, 29MB/35MB, paused 3.538ms total 512.787ms
06-28 14:52:14.219  1844  1855 I zygote  : Background concurrent copying GC freed 49674(2MB) AllocSpace objects, 0(0B) LOS objects, 50% free, 2MB/4MB, paused 1.253ms total 206.005ms
06-28 14:52:14.380 29061 29071 I zygote  : Background concurrent copying GC freed 330061(7MB) AllocSpace objects, 0(0B) LOS objects, 16% free, 31MB/37MB, paused 20.119ms total 1.246s
06-28 14:52:16.375 29061 29071 I zygote  : Background concurrent copying GC freed 386781(8MB) AllocSpace objects, 0(0B) LOS objects, 17% free, 28MB/34MB, paused 1.989ms total 490.498ms
