06-30 19:11:06.420  3171  3220 I net.osmand: MapRenderRepositories RENDER MAP: update due to tile box
06-30 19:11:06.420  3171  3220 I net.osmand: MapRenderRepositories RENDER MAP: Interrupt rendering map
06-30 19:11:06.751  3171  3219 I net.osmand: MapRenderRepositories RENDER MAP: new request RotatedTileBox [lat=-7.269335000000001, lon=-36.14143833333333, rotate=0.0, density=2.625, zoom=17, mapDensity=3.9375, zoomAnimation=0.0, zoomFloatPart=0.0, cx=900, cy=1972, pixWidth=1800, pixHeight=2690]
06-30 19:11:06.836  3171  3219 I net.osmand:native: Route objects 12
06-30 19:11:06.836  3171  3219 I net.osmand:native: Ocean: no completed & incompleted coastlines 0
06-30 19:11:06.837  3171  3219 I net.osmand:native: Detailed coastlines = 0, basemap coastlines 0, ocean tile 0.000000. Detailed added 0, basemap processed 1, basemap added 0.
06-30 19:11:06.838  3171  3219 I net.osmand:native: Search : tree - read( 490), accept( 36), objs - visit( 2469), accept(19), in result(8) 
06-30 19:11:06.840  3171  3219 I net.osmand: MapRenderRepositories BLat=-7.271632218360901, TLat=-7.26364848613739, LLong=-36.14389419555664, RLong=-36.13898849487305, zoom=17
06-30 19:11:06.841  3171  3219 I net.osmand: MapRenderRepositories Native search: 88 ms 
06-30 19:11:06.848  3171  3219 I net.osmand:native: Creating SkBitmap in native w:1800 h:2690 s:7200 f:1!
06-30 19:11:06.848  3171  3219 I net.osmand:native: Row bytes for RGBA_8888 is 7200
06-30 19:11:06.848  3171  3219 I net.osmand:native: Locked 19368000 bytes at 0x84900000
06-30 19:11:06.848  3171  3219 I net.osmand:native: Initializing rendering
06-30 19:11:06.849  3171  3219 I net.osmand:native: Rendering image
06-30 19:11:06.865  3171  3219 I net.osmand: RenderingIcons Icon data length is 2067
06-30 19:11:06.874  3171  3219 I net.osmand:native: Native ok (rendering 0, text 1 ms) 
06-30 19:11:06.874  3171  3219 I net.osmand:native:  (1127 points, 14 points inside, 11 of 18 objects visible)
06-30 19:11:06.875  3171  3219 I net.osmand:native: End Rendering image
06-30 19:11:06.875  3171  3219 I net.osmand:native: Native ok (init 1, rendering 0) 
06-30 19:11:06.878  3171  3219 I net.osmand: MapRenderRepositories true
06-30 19:11:07.027  3171  3184 I zygote  : Background concurrent copying GC freed 699880(16MB) AllocSpace objects, 0(0B) LOS objects, 15% free, 33MB/39MB, paused 8.475ms total 766.595ms
06-30 19:11:07.427  3171  3171 I net.osmand: RoutingHelper Recalculate route, because correlation  : 158235.0211713127
06-30 19:11:07.427  3171  3171 I net.osmand: RoutingHelper Recalculate route, because wrong movement direction: 158235.02
06-30 19:11:07.453  3171  3171 I net.osmand: RoutingHelper Recalculate route, because correlation  : 157939.82014919916
06-30 19:11:07.453  3171  3171 I net.osmand: RoutingHelper Recalculate route, because wrong movement direction: 157939.81
06-30 19:11:07.455  3171  3171 I net.osmand: RoutingHelper Recalculate route, because correlation  : 157939.82014919916
06-30 19:11:07.473  3171  3171 I net.osmand: RoutingHelper Recalculate route, because correlation  : 158235.0211713127
06-30 19:11:07.994  1604  3712 D WificondControl: Scan result ready event
06-30 19:11:08.127  3171  3184 I zygote  : Background concurrent copying GC freed 549777(12MB) AllocSpace objects, 0(0B) LOS objects, 16% free, 31MB/37MB, paused 1.274ms total 749.485ms
06-30 19:11:08.162  1604  4624 I WifiService: releaseWifiLock uid=10014
06-30 19:11:08.250  3171  3171 I net.osmand: RoutingHelper Recalculate route, because correlation  : 157939.82014919916
06-30 19:11:08.251  3171  3171 I net.osmand: RoutingHelper Recalculate route, because wrong movement direction: 157939.81
06-30 19:11:08.437  3171  3171 I net.osmand: RoutingHelper Recalculate route, because correlation  : 157939.82014919916
06-30 19:11:08.473  3171  3220 I net.osmand: MapRenderRepositories RENDER MAP: update due to tile box
06-30 19:11:08.474  3171  3220 I net.osmand: MapRenderRepositories RENDER MAP: Interrupt rendering map
06-30 19:11:08.747  3171  3220 I net.osmand: MapRenderRepositories RENDER MAP: update due to tile box
06-30 19:11:08.747  3171  3220 I net.osmand: MapRenderRepositories RENDER MAP: Interrupt rendering map
06-30 19:11:08.778  3171  3171 I net.osmand: RoutingHelper Recalculate route, because correlation  : 157644.6191636123
06-30 19:11:08.778  3171  3171 I net.osmand: RoutingHelper Recalculate route, because wrong movement direction: 157644.62
06-30 19:11:08.918  3171  3171 I net.osmand: RoutingHelper Recalculate route, because correlation  : 157644.6191636123
06-30 19:11:09.027  3171  3220 I net.osmand: MapRenderRepositories RENDER MAP: update due to tile box
06-30 19:11:09.028  3171  3220 I net.osmand: MapRenderRepositories RENDER MAP: Interrupt rendering map
06-30 19:11:09.132  3171  3219 I net.osmand: MapRenderRepositories RENDER MAP: new request RotatedTileBox [lat=-7.269103333333334, lon=-36.14698833333333, rotate=0.0, density=2.625, zoom=17, mapDensity=3.9375, zoomAnimation=0.0, zoomFloatPart=0.0, cx=900, cy=1972, pixWidth=1800, pixHeight=2690]
06-30 19:11:09.221  3171  3171 D net.osmand: DayNightHelper Sunrise/sunset setting to day: false
06-30 19:11:09.221  3171  3219 I net.osmand:native: Route objects 14
06-30 19:11:09.222  3171  3219 I net.osmand:native: Ocean: no completed & incompleted coastlines 0
06-30 19:11:09.222  3171  3219 I net.osmand:native: Detailed coastlines = 0, basemap coastlines 0, ocean tile 0.000000. Detailed added 0, basemap processed 1, basemap added 0.
06-30 19:11:09.222  3171  3219 I net.osmand:native: Search : tree - read( 490), accept( 37), objs - visit( 2509), accept(21), in result(10) 
06-30 19:11:09.222  3171  3219 I net.osmand: MapRenderRepositories BLat=-7.2713980913162235, TLat=-7.263414359092712, LLong=-36.14944076538086, RLong=-36.144535064697266, zoom=17
06-30 19:11:09.222  3171  3219 I net.osmand: MapRenderRepositories Native search: 89 ms 
06-30 19:11:09.235  3171  3219 I net.osmand:native: Creating SkBitmap in native w:1800 h:2690 s:7200 f:1!
06-30 19:11:09.235  3171  3219 I net.osmand:native: Row bytes for RGBA_8888 is 7200
06-30 19:11:09.235  3171  3219 I net.osmand:native: Locked 19368000 bytes at 0x85d00000
06-30 19:11:09.235  3171  3219 I net.osmand:native: Initializing rendering
06-30 19:11:09.237  3171  3219 I net.osmand:native: Rendering image
06-30 19:11:09.275  3171  3219 I net.osmand:native: Native ok (rendering 0, text 2 ms) 
06-30 19:11:09.275  3171  3219 I net.osmand:native:  (1197 points, 48 points inside, 15 of 22 objects visible)
06-30 19:11:09.276  3171  3219 I net.osmand:native: End Rendering image
06-30 19:11:09.276  3171  3219 I net.osmand:native: Native ok (init 1, rendering 0) 
06-30 19:11:09.276  3171  3219 I net.osmand: MapRenderRepositories true
06-30 19:11:09.351  3171  3171 I net.osmand: RoutingHelper Recalculate route, because correlation  : 157644.6191636123
06-30 19:11:09.351  3171  3171 I net.osmand: RoutingHelper Recalculate route, because wrong movement direction: 157644.62
06-30 19:11:09.384  3171  3171 I net.osmand: RoutingHelper Recalculate route, because correlation  : 157644.6191636123
06-30 19:11:09.721  3171  3184 I zygote  : Background concurrent copying GC freed 405085(9MB) AllocSpace objects, 0(0B) LOS objects, 12% free, 40MB/46MB, paused 1.662ms total 1.152s
06-30 19:11:10.061  3171  3171 I net.osmand: RoutingHelper Recalculate route, because correlation  : 157349.32392839622
06-30 19:11:10.062  3171  3171 I net.osmand: RoutingHelper Recalculate route, because wrong movement direction: 157349.33
06-30 19:11:10.296  3171  3220 I net.osmand: MapRenderRepositories RENDER MAP: update due to tile box
06-30 19:11:10.296  3171  3220 I net.osmand: MapRenderRepositories RENDER MAP: Interrupt rendering map
06-30 19:11:10.331  3171  3171 I net.osmand: RoutingHelper Recalculate route, because correlation  : 157349.32392839622
06-30 19:11:10.331  3171  3171 I net.osmand: RoutingHelper Recalculate route, because wrong movement direction: 157349.33
06-30 19:11:10.336  3171  3171 I net.osmand: RoutingHelper Recalculate route, because correlation  : 157349.32392839622
06-30 19:11:10.354  3171  3184 I zygote  : WaitForGcToComplete blocked Background on None for 9.348ms
06-30 19:11:10.516  3171  3220 I net.osmand: MapRenderRepositories RENDER MAP: update due to tile box
06-30 19:11:10.516  3171  3220 I net.osmand: MapRenderRepositories RENDER MAP: Interrupt rendering map
06-30 19:11:10.778  3171  3219 I net.osmand: MapRenderRepositories RENDER MAP: new request RotatedTileBox [lat=-7.268986666666666, lon=-36.149765, rotate=0.0, density=2.625, zoom=17, mapDensity=3.9375, zoomAnimation=0.0, zoomFloatPart=0.0, cx=900, cy=1972, pixWidth=1800, pixHeight=2690]
06-30 19:11:10.871  3171  3219 I net.osmand:native: Route objects 13
06-30 19:11:10.871  3171  3219 I net.osmand:native: Ocean: no completed & incompleted coastlines 0
06-30 19:11:10.871  3171  3219 I net.osmand:native: Detailed coastlines = 0, basemap coastlines 0, ocean tile 0.000000. Detailed added 0, basemap processed 1, basemap added 0.
06-30 19:11:10.871  3171  3219 I net.osmand:native: Search : tree - read( 490), accept( 37), objs - visit( 2509), accept(20), in result(9) 
06-30 19:11:10.871  3171  3219 I net.osmand: MapRenderRepositories BLat=-7.27129282951355, TLat=-7.263285493850708, LLong=-36.152217864990234, RLong=-36.147315979003906, zoom=17
06-30 19:11:10.872  3171  3219 I net.osmand: MapRenderRepositories Native search: 92 ms 
06-30 19:11:10.876  3171  3219 I net.osmand:native: Creating SkBitmap in native w:1800 h:2690 s:7200 f:1!
06-30 19:11:10.876  3171  3219 I net.osmand:native: Row bytes for RGBA_8888 is 7200
06-30 19:11:10.877  3171  3219 I net.osmand:native: Locked 19368000 bytes at 0x84900000
06-30 19:11:10.877  3171  3219 I net.osmand:native: Initializing rendering
06-30 19:11:10.882  3171  3219 I net.osmand:native: Rendering image
06-30 19:11:10.899  3171  3219 I net.osmand:native: Native ok (rendering 0, text 2 ms) 
06-30 19:11:10.899  3171  3219 I net.osmand:native:  (1187 points, 44 points inside, 13 of 20 objects visible)
06-30 19:11:10.911  3171  3219 I net.osmand:native: End Rendering image
06-30 19:11:10.911  3171  3219 I net.osmand:native: Native ok (init 4, rendering 0) 
06-30 19:11:10.920  3171  3219 I net.osmand: MapRenderRepositories true
06-30 19:11:11.153  3171  3184 I zygote  : Background concurrent copying GC freed 823685(18MB) AllocSpace objects, 0(0B) LOS objects, 14% free, 34MB/40MB, paused 928us total 798.165ms
06-30 19:11:11.249  3171  3171 I net.osmand: RoutingHelper Recalculate route, because correlation  : 157349.32392839622
06-30 19:11:11.250  3171  3171 I net.osmand: RoutingHelper Recalculate route, because wrong movement direction: 157349.33
06-30 19:11:11.407  3171  3171 I net.osmand: RoutingHelper Recalculate route, because correlation  : 157349.32392839622
06-30 19:11:11.463  3171  3171 I net.osmand: RoutingHelper Recalculate route, because correlation  : 157644.6191636123
06-30 19:11:11.464  3171  3171 I net.osmand: RoutingHelper Recalculate route, because wrong movement direction: 157644.62
06-30 19:11:11.540  3171  3171 I net.osmand: RoutingHelper Recalculate route, because correlation  : 157644.6191636123
06-30 19:11:11.694  3171  3220 I net.osmand: MapRenderRepositories RENDER MAP: update due to tile box
06-30 19:11:11.694  3171  3220 I net.osmand: MapRenderRepositories RENDER MAP: Interrupt rendering map
06-30 19:11:12.102  3171  3184 I zygote  : Background concurrent copying GC freed 598992(13MB) AllocSpace objects, 0(0B) LOS objects, 16% free, 30MB/36MB, paused 1.604ms total 589.424ms
06-30 19:11:12.230  3171  3171 I net.osmand: RoutingHelper Recalculate route, because correlation  : 157644.6191636123
06-30 19:11:12.230  3171  3171 I net.osmand: RoutingHelper Recalculate route, because wrong movement direction: 157644.62
06-30 19:11:12.233  3171  3220 I net.osmand: MapRenderRepositories RENDER MAP: update due to tile box
06-30 19:11:12.233  3171  3220 I net.osmand: MapRenderRepositories RENDER MAP: Interrupt rendering map
06-30 19:11:12.266  3171  3171 I net.osmand: RoutingHelper Recalculate route, because correlation  : 157644.6191636123
06-30 19:11:12.398  3171  3220 I net.osmand: MapRenderRepositories RENDER MAP: update due to tile box
06-30 19:11:12.399  3171  3220 I net.osmand: MapRenderRepositories RENDER MAP: Interrupt rendering map
06-30 19:11:12.424  3171  3219 I net.osmand: MapRenderRepositories RENDER MAP: new request RotatedTileBox [lat=-7.269103333333334, lon=-36.14698833333333, rotate=0.0, density=2.625, zoom=17, mapDensity=3.9375, zoomAnimation=0.0, zoomFloatPart=0.0, cx=900, cy=1972, pixWidth=1800, pixHeight=2690]
06-30 19:11:12.592  3171  3219 I net.osmand:native: Route objects 14
06-30 19:11:12.592  3171  3219 I net.osmand:native: Ocean: no completed & incompleted coastlines 0
06-30 19:11:12.592  3171  3219 I net.osmand:native: Detailed coastlines = 0, basemap coastlines 0, ocean tile 0.000000. Detailed added 0, basemap processed 1, basemap added 0.
06-30 19:11:12.592  3171  3219 I net.osmand:native: Search : tree - read( 490), accept( 37), objs - visit( 2509), accept(21), in result(10) 
06-30 19:11:12.592  3171  3219 I net.osmand: MapRenderRepositories BLat=-7.2713980913162235, TLat=-7.263414359092712, LLong=-36.14944076538086, RLong=-36.144535064697266, zoom=17
06-30 19:11:12.593  3171  3219 I net.osmand: MapRenderRepositories Native search: 167 ms 
06-30 19:11:12.606  3171  3219 I net.osmand:native: Creating SkBitmap in native w:1800 h:2690 s:7200 f:1!
06-30 19:11:12.606  3171  3219 I net.osmand:native: Row bytes for RGBA_8888 is 7200
06-30 19:11:12.606  3171  3219 I net.osmand:native: Locked 19368000 bytes at 0x85d00000
06-30 19:11:12.606  3171  3219 I net.osmand:native: Initializing rendering
06-30 19:11:12.619  3171  3219 I net.osmand:native: Rendering image
06-30 19:11:12.677  3171  3219 I net.osmand:native: Native ok (rendering 0, text 3 ms) 
06-30 19:11:12.677  3171  3219 I net.osmand:native:  (1197 points, 48 points inside, 15 of 22 objects visible)
06-30 19:11:12.677  3171  3219 I net.osmand:native: End Rendering image
06-30 19:11:12.677  3171  3219 I net.osmand:native: Native ok (init 13, rendering 0) 
06-30 19:11:12.686  3171  3219 I net.osmand: MapRenderRepositories true
06-30 19:11:12.945  3171  3171 I net.osmand: RoutingHelper Recalculate route, because correlation  : 157482.41305773982
06-30 19:11:12.946  3171  3171 I net.osmand: RoutingHelper Recalculate route, because wrong movement direction: 157482.4
06-30 19:11:13.017  3171  3171 I net.osmand: RoutingHelper Recalculate route, because correlation  : 157482.41305773982
06-30 19:11:13.206  3171  3220 I net.osmand: MapRenderRepositories RENDER MAP: update due to tile box
06-30 19:11:13.206  3171  3220 I net.osmand: MapRenderRepositories RENDER MAP: Interrupt rendering map
06-30 19:11:13.270  3171  3171 I net.osmand: RoutingHelper Recalculate route, because correlation  : 157482.41305773982
06-30 19:11:13.317  3171  3171 I net.osmand: RoutingHelper Recalculate route, because correlation  : 157482.41305773982
06-30 19:11:13.317  3171  3171 I net.osmand: RoutingHelper Recalculate route, because wrong movement direction: 157482.4
06-30 19:11:13.415  3171  3220 I net.osmand: MapRenderRepositories RENDER MAP: update due to tile box
06-30 19:11:13.415  3171  3220 I net.osmand: MapRenderRepositories RENDER MAP: Interrupt rendering map
06-30 19:11:13.440  3171  3219 I net.osmand: MapRenderRepositories RENDER MAP: new request RotatedTileBox [lat=-7.2690399999999995, lon=-36.148513333333334, rotate=0.0, density=2.625, zoom=17, mapDensity=3.9375, zoomAnimation=0.0, zoomFloatPart=0.0, cx=900, cy=1972, pixWidth=1800, pixHeight=2690]
06-30 19:11:13.546  3171  3219 I net.osmand:native: Route objects 14
06-30 19:11:13.546  3171  3219 I net.osmand:native: Ocean: no completed & incompleted coastlines 0
06-30 19:11:13.546  3171  3219 I net.osmand:native: Detailed coastlines = 0, basemap coastlines 0, ocean tile 0.000000. Detailed added 0, basemap processed 1, basemap added 0.
06-30 19:11:13.547  3171  3219 I net.osmand:native: Search : tree - read( 490), accept( 37), objs - visit( 2509), accept(21), in result(10) 
06-30 19:11:13.547  3171  3219 I net.osmand: MapRenderRepositories BLat=-7.271334195137024, TLat=-7.263350462913513, LLong=-36.150962829589844, RLong=-36.146060943603516, zoom=17
06-30 19:11:13.547  3171  3219 I net.osmand: MapRenderRepositories Native search: 104 ms 
06-30 19:11:13.572  3171  3219 I net.osmand:native: Creating SkBitmap in native w:1800 h:2690 s:7200 f:1!
06-30 19:11:13.573  3171  3219 I net.osmand:native: Row bytes for RGBA_8888 is 7200
06-30 19:11:13.573  3171  3219 I net.osmand:native: Locked 19368000 bytes at 0x84900000
06-30 19:11:13.573  3171  3219 I net.osmand:native: Initializing rendering
06-30 19:11:13.574  3171  3219 I net.osmand:native: Rendering image
06-30 19:11:13.612  3171  3219 I net.osmand:native: Native ok (rendering 0, text 2 ms) 
06-30 19:11:13.612  3171  3219 I net.osmand:native:  (1197 points, 52 points inside, 15 of 22 objects visible)
06-30 19:11:13.612  3171  3219 I net.osmand:native: End Rendering image
06-30 19:11:13.612  3171  3219 I net.osmand:native: Native ok (init 1, rendering 0) 
06-30 19:11:13.613  3171  3219 I net.osmand: MapRenderRepositories true
06-30 19:11:13.822  3171  3184 I zygote  : Background concurrent copying GC freed 411507(9MB) AllocSpace objects, 0(0B) LOS objects, 12% free, 42MB/48MB, paused 1.201ms total 1.282s
06-30 19:11:14.134  3171  3171 I net.osmand: RoutingHelper Recalculate route, because correlation  : 157482.41305773982
06-30 19:11:14.134  3171  3171 I net.osmand: RoutingHelper Recalculate route, because wrong movement direction: 157482.4
06-30 19:11:14.313  3171  3171 I net.osmand: RoutingHelper Recalculate route, because correlation  : 157482.41305773982
06-30 19:11:14.366  3171  3171 I chatty  : uid=10104(net.osmand) identical 1 line
06-30 19:11:14.368  3171  3171 I net.osmand: RoutingHelper Recalculate route, because correlation  : 157482.41305773982
06-30 19:11:14.368  3171  3171 I net.osmand: RoutingHelper Recalculate route, because wrong movement direction: 157482.4
06-30 19:11:14.607  1970  1980 I zygote  : Background concurrent copying GC freed 142504(6MB) AllocSpace objects, 5(300KB) LOS objects, 42% free, 7MB/13MB, paused 1.202ms total 373.563ms
06-30 19:11:14.962  3171  3184 I zygote  : Background concurrent copying GC freed 925996(20MB) AllocSpace objects, 0(0B) LOS objects, 16% free, 31MB/37MB, paused 1.104ms total 533.641ms
06-30 19:11:15.228  3171  3171 I net.osmand: RoutingHelper Recalculate route, because correlation  : 157482.41305773982
06-30 19:11:15.228  3171  3171 I net.osmand: RoutingHelper Recalculate route, because wrong movement direction: 157482.4
06-30 19:11:15.258  3171  3171 I net.osmand: RoutingHelper Recalculate route, because correlation  : 157482.41305773982
06-30 19:11:15.676  3171  3171 I net.osmand: RoutingHelper Recalculate route, because correlation  : 157225.18513148883
06-30 19:11:15.677  3171  3171 I net.osmand: RoutingHelper Recalculate route, because wrong movement direction: 157225.19
06-30 19:11:15.811  3171  3220 I net.osmand: MapRenderRepositories RENDER MAP: update due to tile box
06-30 19:11:15.811  3171  3220 I net.osmand: MapRenderRepositories RENDER MAP: Interrupt rendering map
06-30 19:11:15.860  3171  3171 I net.osmand: RoutingHelper Recalculate route, because correlation  : 157225.18513148883
06-30 19:11:15.870  3171  3219 I net.osmand: MapRenderRepositories RENDER MAP: new request RotatedTileBox [lat=-7.268105000000001, lon=-36.151129999999995, rotate=0.0, density=2.625, zoom=17, mapDensity=3.9375, zoomAnimation=0.0, zoomFloatPart=0.0, cx=900, cy=1972, pixWidth=1800, pixHeight=2690]
06-30 19:11:16.023  3171  3219 I net.osmand:native: Route objects 12
06-30 19:11:16.023  3171  3219 I net.osmand:native: Ocean: no completed & incompleted coastlines 0
06-30 19:11:16.023  3171  3219 I net.osmand:native: Detailed coastlines = 0, basemap coastlines 0, ocean tile 0.000000. Detailed added 0, basemap processed 1, basemap added 0.
06-30 19:11:16.023  3171  3219 I net.osmand:native: Search : tree - read( 490), accept( 36), objs - visit( 2469), accept(19), in result(8) 
06-30 19:11:16.024  3171  3219 I net.osmand: MapRenderRepositories BLat=-7.270420217514038, TLat=-7.262412881851196, LLong=-36.15357971191406, RLong=-36.148677825927734, zoom=17
06-30 19:11:16.024  3171  3219 I net.osmand: MapRenderRepositories Native search: 152 ms 
06-30 19:11:16.028  3171  3219 I net.osmand:native: Creating SkBitmap in native w:1800 h:2690 s:7200 f:1!
06-30 19:11:16.033  3171  3219 I net.osmand:native: Row bytes for RGBA_8888 is 7200
06-30 19:11:16.033  3171  3219 I net.osmand:native: Locked 19368000 bytes at 0x85d00000
06-30 19:11:16.033  3171  3219 I net.osmand:native: Initializing rendering
06-30 19:11:16.034  3171  3219 I net.osmand:native: Rendering image
06-30 19:11:16.093  3171  3219 I net.osmand:native: Native ok (rendering 0, text 3 ms) 
06-30 19:11:16.093  3171  3219 I net.osmand:native:  (1165 points, 24 points inside, 11 of 18 objects visible)
06-30 19:11:16.094  3171  3219 I net.osmand:native: End Rendering image
06-30 19:11:16.094  3171  3219 I net.osmand:native: Native ok (init 1, rendering 0) 
06-30 19:11:16.095  3171  3219 I net.osmand: MapRenderRepositories true
06-30 19:11:16.364  3171  3171 I net.osmand: RoutingHelper Recalculate route, because correlation  : 157225.18513148883
06-30 19:11:16.364  3171  3171 I net.osmand: RoutingHelper Recalculate route, because wrong movement direction: 157225.19
06-30 19:11:16.410  3171  3171 I net.osmand: RoutingHelper Recalculate route, because correlation  : 157225.18513148883
06-30 19:11:17.375  3171  3184 I zygote  : Background concurrent copying GC freed 435165(9MB) AllocSpace objects, 0(0B) LOS objects, 12% free, 40MB/46MB, paused 1.096ms total 1.648s
06-30 19:11:17.394  3171  3171 I net.osmand: RoutingHelper Recalculate route, because correlation  : 157225.18513148883
06-30 19:11:17.408  3171  3171 I net.osmand: RoutingHelper Recalculate route, because correlation  : 156968.27019933483
06-30 19:11:17.409  3171  3171 I net.osmand: RoutingHelper Recalculate route, because wrong movement direction: 156968.27
06-30 19:11:17.562  3171  3171 I net.osmand: RoutingHelper Recalculate route, because correlation  : 156968.27019933483
06-30 19:11:17.578  3171  3171 I net.osmand: RoutingHelper Recalculate route, because correlation  : 157225.18513148883
06-30 19:11:17.578  3171  3171 I net.osmand: RoutingHelper Recalculate route, because wrong movement direction: 157225.19
06-30 19:11:18.317  3171  3171 I net.osmand: RoutingHelper Recalculate route, because correlation  : 156968.27019933483
06-30 19:11:18.317  3171  3171 I net.osmand: RoutingHelper Recalculate route, because wrong movement direction: 156968.27
06-30 19:11:18.427  3171  3171 I net.osmand: RoutingHelper Recalculate route, because correlation  : 156968.27019933483
06-30 19:11:18.647  3171  3220 I net.osmand: MapRenderRepositories RENDER MAP: update due to tile box
06-30 19:11:18.648  3171  3220 I net.osmand: MapRenderRepositories RENDER MAP: Interrupt rendering map
06-30 19:11:19.113  3171  3219 I net.osmand: MapRenderRepositories RENDER MAP: new request RotatedTileBox [lat=-7.267171666666667, lon=-36.153745, rotate=0.0, density=2.625, zoom=17, mapDensity=3.9375, zoomAnimation=0.0, zoomFloatPart=0.0, cx=900, cy=1972, pixWidth=1800, pixHeight=2690]
06-30 19:11:19.208  3171  3219 I net.osmand:native: Route objects 6
06-30 19:11:19.208  3171  3219 I net.osmand:native: Ocean: no completed & incompleted coastlines 0
06-30 19:11:19.208  3171  3219 I net.osmand:native: Detailed coastlines = 0, basemap coastlines 0, ocean tile 0.000000. Detailed added 0, basemap processed 1, basemap added 0.
06-30 19:11:19.208  3171  3219 I net.osmand:native: Search : tree - read( 450), accept( 33), objs - visit( 2389), accept(13), in result(4) 
06-30 19:11:19.209  3171  3219 I net.osmand: MapRenderRepositories BLat=-7.269483733177185, TLat=-7.261475872993469, LLong=-36.15620040893555, RLong=-36.15129470825195, zoom=17
06-30 19:11:19.209  3171  3219 I net.osmand: MapRenderRepositories Native search: 95 ms 
06-30 19:11:19.223  3171  3219 I net.osmand:native: Creating SkBitmap in native w:1800 h:2690 s:7200 f:1!
06-30 19:11:19.223  3171  3219 I net.osmand:native: Row bytes for RGBA_8888 is 7200
06-30 19:11:19.223  3171  3219 I net.osmand:native: Locked 19368000 bytes at 0x84900000
06-30 19:11:19.223  3171  3219 I net.osmand:native: Initializing rendering
06-30 19:11:19.224  3171  3219 I net.osmand:native: Rendering image
06-30 19:11:19.275  3171  3219 I net.osmand:native: Native ok (rendering 0, text 2 ms) 
06-30 19:11:19.275  3171  3219 I net.osmand:native:  (737 points, 6 points inside, 5 of 10 objects visible)
06-30 19:11:19.275  3171  3219 I net.osmand:native: End Rendering image
06-30 19:11:19.275  3171  3219 I net.osmand:native: Native ok (init 1, rendering 0) 
06-30 19:11:19.275  3171  3219 I net.osmand: MapRenderRepositories true
06-30 19:11:19.484  3171  3171 I net.osmand: RoutingHelper Recalculate route, because correlation  : 156968.27019933483
06-30 19:11:19.484  3171  3171 I net.osmand: RoutingHelper Recalculate route, because wrong movement direction: 156968.27
06-30 19:11:19.723  3171  3184 I zygote  : Background concurrent copying GC freed 789888(18MB) AllocSpace objects, 0(0B) LOS objects, 13% free, 37MB/43MB, paused 1.310ms total 1.665s
06-30 19:11:19.837  3171  3171 I net.osmand: RoutingHelper Recalculate route, because correlation  : 156968.27019933483
06-30 19:11:20.444  3171  3171 I net.osmand: RoutingHelper Recalculate route, because correlation  : 156968.27019933483
06-30 19:11:20.444  3171  3171 I net.osmand: RoutingHelper Recalculate route, because wrong movement direction: 156968.27
06-30 19:11:20.762  3171  3171 I net.osmand: RoutingHelper Recalculate route, because correlation  : 156968.27019933483
