06-28 13:46:01.510 29061 29061 I net.osmand: RoutingHelper Recalculate route, because correlation  : 187253.251405671
06-28 13:46:01.653 29061 29061 I net.osmand: RoutingHelper Recalculate route, because correlation  : 187253.251405671
06-28 13:46:01.653 29061 29061 I net.osmand: RoutingHelper Recalculate route, because wrong movement direction: 187253.25
06-28 13:46:01.659 29061 29061 I net.osmand: RoutingHelper Recalculate route, because correlation  : 187253.251405671
06-28 13:46:02.085 19546 19603 W ResourceType: ResTable_typeSpec entry count inconsistent: given 15, previously 22
06-28 13:46:02.463 29061 29061 I net.osmand: RoutingHelper Recalculate route, because correlation  : 187253.251405671
06-28 13:46:02.463 29061 29061 I net.osmand: RoutingHelper Recalculate route, because wrong movement direction: 187253.25
06-28 13:46:02.514 29061 29061 I net.osmand: RoutingHelper Recalculate route, because correlation  : 187253.251405671
06-28 13:46:02.896 29061 29061 I chatty  : uid=10104(net.osmand) identical 1 line
06-28 13:46:02.914 29061 29061 I net.osmand: RoutingHelper Recalculate route, because correlation  : 187253.251405671
06-28 13:46:02.914 29061 29061 I net.osmand: RoutingHelper Recalculate route, because wrong movement direction: 187253.25
06-28 13:46:03.471 29061 29061 I net.osmand: RoutingHelper Recalculate route, because correlation  : 187253.251405671
06-28 13:46:03.473 29061 29061 I net.osmand: RoutingHelper Recalculate route, because correlation  : 187253.251405671
06-28 13:46:03.473 29061 29061 I net.osmand: RoutingHelper Recalculate route, because wrong movement direction: 187253.25
06-28 13:46:03.816  1603  2561 I WifiService: getConnectionInfo uid=10014
06-28 13:46:03.822 19546 31357 E WakeLock: GCM_HB_ALARM release without a matched acquire!
06-28 13:46:03.827  1603  1620 I WifiService: requestActivityInfo uid=1000
06-28 13:46:03.827  1603  1620 I WifiService: reportActivityInfo uid=1000
06-28 13:46:03.827  1603  1620 I WifiService: getSupportedFeatures uid=1000
06-28 13:46:04.023 19546 20259 I GeofencerStateMachine: addGeofences called by com.google.android.apps.maps
06-28 13:46:04.074  1603 12888 I GnssLocationProvider: WakeLock acquired by sendMessage(SET_REQUEST, 0, com.android.server.location.GnssLocationProvider$GpsRequest@4e8236e)
06-28 13:46:04.075  1603  1616 I GnssLocationProvider: WakeLock released by handleMessage(SET_REQUEST, 0, com.android.server.location.GnssLocationProvider$GpsRequest@4e8236e)
06-28 13:46:04.121  1603 12888 I WifiService: getConnectionInfo uid=10014
06-28 13:46:04.173  1603  2119 I GnssLocationProvider: WakeLock acquired by sendMessage(SET_REQUEST, 0, com.android.server.location.GnssLocationProvider$GpsRequest@3feca9c)
06-28 13:46:04.174  1603  1616 I GnssLocationProvider: WakeLock released by handleMessage(SET_REQUEST, 0, com.android.server.location.GnssLocationProvider$GpsRequest@3feca9c)
06-28 13:46:04.193  1603 12888 I WifiService: getWifiEnabledState uid=10062
06-28 13:46:04.286 29061 29061 I net.osmand: RoutingHelper Recalculate route, because correlation  : 187253.251405671
06-28 13:46:04.298 29061 29061 I net.osmand: RoutingHelper Recalculate route, because correlation  : 187253.251405671
06-28 13:46:04.298 29061 29061 I net.osmand: RoutingHelper Recalculate route, because wrong movement direction: 187253.25
06-28 13:46:04.378 28942 28956 I zygote  : Waiting for a blocking GC ProfileSaver
06-28 13:46:04.446 28942 28956 I zygote  : WaitForGcToComplete blocked ProfileSaver on ProfileSaver for 67.678ms
06-28 13:46:04.483 29061 29061 I net.osmand: RoutingHelper Recalculate route, because correlation  : 187253.251405671
06-28 13:46:04.494 29061 29061 I net.osmand: RoutingHelper Recalculate route, because correlation  : 187253.251405671
06-28 13:46:04.494 29061 29061 I net.osmand: RoutingHelper Recalculate route, because wrong movement direction: 187253.25
06-28 13:46:05.456 29061 29061 I net.osmand: RoutingHelper Recalculate route, because correlation  : 187253.251405671
06-28 13:46:05.486 29061 29061 I net.osmand: RoutingHelper Recalculate route, because correlation  : 187253.251405671
06-28 13:46:05.486 29061 29061 I net.osmand: RoutingHelper Recalculate route, because wrong movement direction: 187253.25
06-28 13:46:05.758 29061 29061 I net.osmand: RoutingHelper Recalculate route, because correlation  : 187253.251405671
06-28 13:46:05.763 29061 29061 I net.osmand: RoutingHelper Recalculate route, because correlation  : 187253.251405671
06-28 13:46:05.763 29061 29061 I net.osmand: RoutingHelper Recalculate route, because wrong movement direction: 187253.25
06-28 13:46:06.362 29061 31744 W net.osmand:native: [Native] Result visited (visited roads 22865, visited segments 10991 / 30885 , queue sizes 259 / 4302 ) 
06-28 13:46:06.362 29061 31744 W net.osmand:native: [Native] Result timing (time to load 0, time to calc 15310, loaded tiles 216) 
06-28 13:46:06.362 29061 31744 W net.osmand:native: [Native] Memory occupied (Routing context 9500 Kb, search 689 Kb)
06-28 13:46:06.447 29061 31744 I net.osmand:native: Routing calculated time distance 163076.031250
06-28 13:46:06.488 29061 29061 I net.osmand: RoutingHelper Recalculate route, because correlation  : 187253.251405671
06-28 13:46:06.492 29061 29061 I net.osmand: RoutingHelper Recalculate route, because correlation  : 187253.251405671
06-28 13:46:06.492 29061 29061 I net.osmand: RoutingHelper Recalculate route, because wrong movement direction: 187253.25
06-28 13:46:06.923 31754 31754 D AndroidRuntime: >>>>>> START com.android.internal.os.RuntimeInit uid 2000 <<<<<<
06-28 13:46:06.938 31754 31754 W app_process: Could not reserve sentinel fault page
06-28 13:46:07.178 29061 29061 I net.osmand: RoutingHelper Recalculate route, because correlation  : 187253.251405671
06-28 13:46:07.204 29061 29061 I net.osmand: RoutingHelper Recalculate route, because correlation  : 187253.251405671
06-28 13:46:07.204 29061 29061 I net.osmand: RoutingHelper Recalculate route, because wrong movement direction: 187253.25
06-28 13:46:07.277 31754 31754 W app_process: Unexpected CPU variant for X86 using defaults: x86
06-28 13:46:07.283 31754 31754 I app_process: The ClassLoaderContext is a special shared library.
06-28 13:46:07.408 31754 31754 D AndroidRuntime: Calling main entry com.android.commands.input.Input
06-28 13:46:07.409 31754 31754 I Input   : injectKeyEvent: KeyEvent { action=ACTION_DOWN, keyCode=KEYCODE_HOME, scanCode=0, metaState=0, flags=0x0, repeatCount=0, eventTime=23181508, downTime=23181508, deviceId=-1, source=0x101 }
06-28 13:46:07.421 31754 31754 I Input   : injectKeyEvent: KeyEvent { action=ACTION_UP, keyCode=KEYCODE_HOME, scanCode=0, metaState=0, flags=0x0, repeatCount=0, eventTime=23181508, downTime=23181508, deviceId=-1, source=0x101 }
06-28 13:46:07.429  1603  1665 I ActivityManager: START u0 {act=android.intent.action.MAIN cat=[android.intent.category.HOME] flg=0x10200000 cmp=com.google.android.apps.nexuslauncher/.NexusLauncherActivity (has extras)} from uid 1000
06-28 13:46:07.489  1401  6331 D gralloc_ranchu: gralloc_alloc: Creating ashmem region of size 8298496
06-28 13:46:07.490 31754 31754 D AndroidRuntime: Shutting down VM
06-28 13:46:07.535  1401  6331 D gralloc_ranchu: gralloc_alloc: Creating ashmem region of size 8298496
06-28 13:46:07.535  1603  1616 E memtrack: Couldn't load memtrack module
06-28 13:46:07.536  1603  1616 W android.os.Debug: failed to get memory consumption info: -1
06-28 13:46:07.578  1401  6331 D gralloc_ranchu: gralloc_alloc: Creating ashmem region of size 8298496
06-28 13:46:07.585  1603  1735 I GnssLocationProvider: WakeLock acquired by sendMessage(SET_REQUEST, 0, com.android.server.location.GnssLocationProvider$GpsRequest@ddd3246)
06-28 13:46:07.588 29061 29061 D net.osmand: Disable sensor
06-28 13:46:07.628  1412  1412 D SurfaceFlinger: duplicate layer name: changing com.google.android.apps.nexuslauncher/com.google.android.apps.nexuslauncher.NexusLauncherActivity to com.google.android.apps.nexuslauncher/com.google.android.apps.nexuslauncher.NexusLauncherActivity#1
06-28 13:46:07.702  1401  6331 D gralloc_ranchu: gralloc_alloc: Creating ashmem region of size 8298496
06-28 13:46:07.745  1401  1401 D gralloc_ranchu: gralloc_alloc: Creating ashmem region of size 8298496
06-28 13:46:07.789  1401  1401 D gralloc_ranchu: gralloc_alloc: Creating ashmem region of size 8298496
06-28 13:46:07.817 29061 29061 I net.osmand: MapRenderRepositories RENDER MAP: Interrupt rendering map
06-28 13:46:07.840  1401  6331 D gralloc_ranchu: gralloc_alloc: Creating ashmem region of size 8298496
06-28 13:46:07.887 22551 22593 D EGL_emulation: eglMakeCurrent: 0xa6785780: ver 2 0 (tinfo 0xa6783330)
06-28 13:46:07.913  1401  6331 D gralloc_ranchu: gralloc_alloc: Creating ashmem region of size 8298496
06-28 13:46:07.987 22551 22551 W ThreadPoolDumper: Queue length for executor EventBus is now 11. Perhaps some tasks are too long, or the pool is too small.
06-28 13:46:07.998  1401  6331 D gralloc_ranchu: gralloc_alloc: Creating ashmem region of size 8298496
06-28 13:46:08.056  2548  2598 D EGL_emulation: eglMakeCurrent: 0xa6785780: ver 2 0 (tinfo 0xa6783370)
06-28 13:46:08.103 29061 29102 D EGL_emulation: eglMakeCurrent: 0xa6785600: ver 2 0 (tinfo 0xa6783370)
06-28 13:46:08.107  1401  6331 D gralloc_ranchu: gralloc_alloc: Creating ashmem region of size 8298496
06-28 13:46:08.276  1401  6331 D gralloc_ranchu: gralloc_alloc: Creating ashmem region of size 8298496
06-28 13:46:08.371  1412  1412 E EGL_emulation: tid 1412: eglCreateSyncKHR(1962): error 0x3004 (EGL_BAD_ATTRIBUTE)
06-28 13:46:08.509  2548  2598 W OpenGLRenderer: Incorrectly called buildLayer on View: ShortcutAndWidgetContainer, destroying layer...
06-28 13:46:08.510  2548  2598 W OpenGLRenderer: Incorrectly called buildLayer on View: ShortcutAndWidgetContainer, destroying layer...
06-28 13:46:08.520 22551 22596 W SessionLifecycleManager: Handover failed. Creating new session controller.
06-28 13:46:08.541  1401  6331 D gralloc_ranchu: gralloc_alloc: Creating ashmem region of size 8298496
06-28 13:46:08.626  1603  1618 W Looper  : Dispatch took 171ms on android.ui, h=Handler (com.android.server.am.ActivityManagerService$UiHandler) {5717402} cb=null msg=53
06-28 13:46:08.628 19546 19546 I GeofencerStateMachine: sendNewLocationAvailability: availability=LocationAvailability[isLocationAvailable: true]
06-28 13:46:08.640 29061 29061 I net.osmand: RoutingHelper Recalculate route, because correlation  : 187253.251405671
06-28 13:46:08.640 29061 29061 I net.osmand: RoutingHelper Recalculate route, because wrong movement direction: 187253.25
06-28 13:46:08.649  1708  1926 D EGL_emulation: eglMakeCurrent: 0x9268e860: ver 2 0 (tinfo 0x92690770)
06-28 13:46:08.673  1708  1926 D EGL_emulation: eglMakeCurrent: 0x9268e860: ver 2 0 (tinfo 0x92690770)
06-28 13:46:08.683  1603  1612 I zygote  : ThreadFlipBegin blocked for 76.021ms
06-28 13:46:08.686  1603  5056 I zygote  : IncrementDisableThreadFlip blocked for 39.814ms
06-28 13:46:08.704  1603  1638 I zygote  : IncrementDisableThreadFlip blocked for 23.670ms
06-28 13:46:08.704  1603  2119 I zygote  : IncrementDisableThreadFlip blocked for 90.951ms
06-28 13:46:08.707  1603  2149 I zygote  : IncrementDisableThreadFlip blocked for 29.497ms
06-28 13:46:08.710  1603  1616 I zygote  : IncrementDisableThreadFlip blocked for 94.663ms
06-28 13:46:08.718  1603  1603 I zygote  : IncrementDisableThreadFlip blocked for 35.041ms
06-28 13:46:08.733  1708  1926 D EGL_emulation: eglMakeCurrent: 0x9268e860: ver 2 0 (tinfo 0x92690770)
06-28 13:46:08.782  1603  1616 I GnssLocationProvider: WakeLock released by handleMessage(SET_REQUEST, 0, com.android.server.location.GnssLocationProvider$GpsRequest@ddd3246)
06-28 13:46:08.875  1708  1926 D EGL_emulation: eglMakeCurrent: 0x9268e860: ver 2 0 (tinfo 0x92690770)
06-28 13:46:08.881  1708  1926 D EGL_emulation: eglMakeCurrent: 0x9268e860: ver 2 0 (tinfo 0x92690770)
06-28 13:46:08.938 29061 29061 I net.osmand: RoutingHelper Recalculate route, because correlation  : 187253.251405671
06-28 13:46:08.983 29061 29061 D net.osmand: Enable sensor
06-28 13:46:08.987 29061 29061 I net.osmand: RoutingHelper Recalculate route, because correlation  : 187253.251405671
06-28 13:46:08.999 29061 29061 I net.osmand: RoutingHelper Recalculate route, because correlation  : 187253.251405671
06-28 13:46:09.000 29061 29061 I net.osmand: RoutingHelper Recalculate route, because wrong movement direction: 187253.25
06-28 13:46:09.192  2548  2558 I zygote  : NativeAlloc concurrent copying GC freed 12108(636KB) AllocSpace objects, 2(104KB) LOS objects, 49% free, 4MB/9MB, paused 1.609ms total 749.212ms
06-28 13:46:09.353 29061 31744 I net.osmand: RoutePlannerFrontEnd Native routing took 18.589 seconds
06-28 13:46:09.659 29061 31765 E FA      : Task exception on worker thread: java.lang.IllegalAccessError: Method 'void android.support.v4.content.ContextCompat.<init>()' is inaccessible to class 'com.google.firebase.iid.zzg' (declaration of 'com.google.firebase.iid.zzg' appears in /data/app/net.osmand-3e2027wrPNiMXbTSfYMHIA==/base.apk): com.google.android.gms.measurement.internal.zzt.zzEd(Unknown Source:3)
06-28 13:46:09.667 29061 29061 I net.osmand: RoutingHelper Recalculate route, because correlation  : 187253.251405671
06-28 13:46:09.676  1603  5056 I WifiService: getWifiEnabledState uid=10032
06-28 13:46:09.681 29061 29061 I net.osmand: RoutingHelper Recalculate route, because correlation  : 187253.251405671
06-28 13:46:09.682 29061 29061 I net.osmand: RoutingHelper Recalculate route, because wrong movement direction: 187253.25
06-28 13:46:09.688 29061 31744 I System.out: ROUTE : 
06-28 13:46:09.689 29061 31744 I net.osmand: RouteResultPreparation <test regions="" description="" best_percent="" vehicle="pedestrian" 
06-28 13:46:09.689 29061 31744 I net.osmand:   start_lat="-7.58920" start_lon="-37.54107" target_lat="-7.21846" target_lon="-35.88324"  routing_time="163076.03" loadedTiles="216" visitedSegments="22865" complete_distance="209465.64" complete_time="157096.08" >
06-28 13:46:09.689 29061 31744 I System.out: <test regions="" description="" best_percent="" vehicle="pedestrian" 
06-28 13:46:09.689 29061 31744 I System.out:   start_lat="-7.58920" start_lon="-37.54107" target_lat="-7.21846" target_lon="-35.88324"  routing_time="163076.03" loadedTiles="216" visitedSegments="22865" complete_distance="209465.64" complete_time="157096.08" >
06-28 13:46:09.689 29061 31744 I System.out: </test>
06-28 13:46:09.689 29061 31744 I System.out: <test regions="" description="" best_percent="" vehicle="pedestrian" 
06-28 13:46:09.689 29061 31744 I System.out:   start_lat="-7.58920" start_lon="-37.54107" target_lat="-7.21846" target_lon="-35.88324"  routing_time="163076.03" loadedTiles="216" visitedSegments="22865" complete_distance="209465.64" complete_time="157096.08" >
06-28 13:46:09.725  1708  1926 D EGL_emulation: eglMakeCurrent: 0x9268e860: ver 2 0 (tinfo 0x92690770)
06-28 13:46:09.746 22551 29915 W LocationOracle: No location history returned by ContextManager
06-28 13:46:09.792 29061 31744 I net.osmand: RouteProvider Finding route contained 2050 points for 19038 ms
06-28 13:46:09.832  1603  2153 I WifiService: getWifiEnabledState uid=10032
06-28 13:46:09.837 29061 29071 I zygote  : Background concurrent copying GC freed 25952(995KB) AllocSpace objects, 0(0B) LOS objects, 17% free, 27MB/33MB, paused 1.364ms total 2.797s
06-28 13:46:09.950 22551 22596 W ThreadPoolDumper: Task g[Perform work for worker [optin]] was queued for 1030ms before starting on executor EventBus
06-28 13:46:09.975  1708  1728 I zygote  : NativeAlloc concurrent copying GC freed 77714(3MB) AllocSpace objects, 0(0B) LOS objects, 38% free, 9MB/15MB, paused 1.281ms total 1.488s
06-28 13:46:10.060 22551 22596 I MicroDetectionWorker: #startMicroDetector [speakerMode: 0]
06-28 13:46:10.081 22551 22596 W ErrorReporter: reportError [type: 211, code: 393244, bug: 0]: errorCode: 393244, engine: 0
06-28 13:46:10.083 22551 22596 I MicroDetector: Keeping mic open: false
06-28 13:46:10.083 22551 22596 I MicroDetectionWorker: #onError(false)
06-28 13:46:10.111 19546 19546 I GeofencerStateMachine: removeGeofences: removeRequest=RemoveGeofencingRequest[REMOVE_BY_PENDING_INTENT pendingIntent=PendingIntent[creatorPackage=com.google.android.gms], packageName=com.google.android.gms]
06-28 13:46:10.115 19546 19546 I chatty  : uid=10014 com.google.android.gms.persistent identical 1 line
06-28 13:46:10.168 19546 19546 I GeofencerStateMachine: removeGeofences: removeRequest=RemoveGeofencingRequest[REMOVE_BY_PENDING_INTENT pendingIntent=PendingIntent[creatorPackage=com.google.android.gms], packageName=com.google.android.gms]
06-28 13:46:10.554 19546 31738 W ctxmgr  : [AclManager] No 3 for (accnt=account#1066226748#, com.google.android.gms(10014):UserVelocityProducer, vrsn=17785022, 0, 3pPkg = null ,  3pMdlId = null ,  pid = 19546). Was: 2 for 1, account#1066226748# [CONTEXT service_id=47 ]
06-28 13:46:10.582  1603  1612 I zygote  : Background concurrent copying GC freed 92415(5MB) AllocSpace objects, 7(268KB) LOS objects, 18% free, 26MB/32MB, paused 1.617ms total 2.014s
06-28 13:46:10.810 19546 31740 I zygote  : IncrementDisableThreadFlip blocked for 6.489ms
06-28 13:46:10.838 19546 19546 I GeofencerStateMachine: removeGeofences: removeRequest=RemoveGeofencingRequest[REMOVE_BY_PENDING_INTENT pendingIntent=PendingIntent[creatorPackage=com.google.android.gms], packageName=com.google.android.gms]
06-28 13:46:10.851 19546 19546 I GeofencerStateMachine: removeGeofences: removeRequest=RemoveGeofencingRequest[REMOVE_BY_PENDING_INTENT pendingIntent=PendingIntent[creatorPackage=com.google.android.gms], packageName=com.google.android.gms]
06-28 13:46:10.927 19546 31771 I PlaceInferenceEngine: [anon] Changed inference mode: 0
06-28 13:46:10.947 19546 31771 I PlaceInferenceEngine: [account#1066226748] Changed inference mode: 0
06-28 13:46:11.050 19546 31738 I ctxmgr  : [ProducerStatusImpl] updateStateForNewContextData: inactive, contextName=7 [CONTEXT service_id=47 ]
06-28 13:46:11.281 19546 31771 I Places  : ?: PlacesBleScanner start() with priority 2
06-28 13:46:11.281 19546 31771 I PlaceInferenceEngine: [anon] Changed inference mode: 1
06-28 13:46:11.282 19546 31771 I PlaceInferenceEngine: [account#1066226748] Changed inference mode: 1
06-28 13:46:11.300 19546 19556 I zygote  : Background concurrent copying GC freed 142120(6MB) AllocSpace objects, 7(640KB) LOS objects, 32% free, 12MB/18MB, paused 1.839ms total 497.939ms
06-28 13:46:11.327 19546 19546 E BeaconBle: Missing BluetoothAdapter
06-28 13:46:11.328 19546 19546 I BeaconBle: BLE 'KK+' software access layer enabled
06-28 13:46:11.331 19546 31771 I Places  : Converted 1 out of 1 WiFi scans
06-28 13:46:11.332  1603  5056 I WifiService: getConnectionInfo uid=10014
06-28 13:46:11.350 19546 31771 I PlaceInferenceEngine: [account#1066226748] Changed inference mode: 1
06-28 13:46:11.350 19546 31771 I PlaceInferenceEngine: [anon] Changed inference mode: 1
06-28 13:46:11.381 19546 19546 I BeaconBle: Client requested scan, settings=BleSettings [scanMode=ZERO_POWER, callbackType=ALL_MATCHES, reportDelayMillis=0, 1 filters, 0 clients, callingClientName=Places]
06-28 13:46:11.381 19546 19546 I BeaconBle: Scan : No clients left, canceling alarm.
06-28 13:46:11.383 19546 19546 E BeaconBle: Scan couldn't start for Places
06-28 13:46:11.383 19546 19546 W Places  : BLE failure while scanning - code 5
06-28 13:46:11.663 19546 31776 I PlaceInferenceEngine: No beacon scan available - ignoring candidates.
06-28 13:46:11.709 19546 31740 E cddv    : *~*~*~ Channel {0} was not shutdown properly!!! ~*~*~*
06-28 13:46:11.709 19546 31740 E cddv    :     Make sure to call shutdown()/shutdownNow() and wait until awaitTermination() returns true.
06-28 13:46:11.709 19546 31740 E cddv    : java.lang.RuntimeException: ManagedChannel allocation site
06-28 13:46:11.709 19546 31740 E cddv    : 	at cddy.<init>(:com.google.android.gms@17785022@17.7.85 (040700-253824076):1)
06-28 13:46:11.709 19546 31740 E cddv    : 	at cddv.<init>(:com.google.android.gms@17785022@17.7.85 (040700-253824076):2)
06-28 13:46:11.709 19546 31740 E cddv    : 	at ccwm.b(:com.google.android.gms@17785022@17.7.85 (040700-253824076):14)
06-28 13:46:11.709 19546 31740 E cddv    : 	at sje.a(:com.google.android.gms@17785022@17.7.85 (040700-253824076):44)
06-28 13:46:11.709 19546 31740 E cddv    : 	at sje.a(:com.google.android.gms@17785022@17.7.85 (040700-253824076):59)
06-28 13:46:11.709 19546 31740 E cddv    : 	at bhkv.call(:com.google.android.gms@17785022@17.7.85 (040700-253824076):24)
06-28 13:46:11.709 19546 31740 E cddv    : 	at bhjd.run(:com.google.android.gms@17785022@17.7.85 (040700-253824076):1)
06-28 13:46:11.709 19546 31740 E cddv    : 	at squ.b(:com.google.android.gms@17785022@17.7.85 (040700-253824076):37)
06-28 13:46:11.709 19546 31740 E cddv    : 	at squ.run(:com.google.android.gms@17785022@17.7.85 (040700-253824076):21)
06-28 13:46:11.709 19546 31740 E cddv    : 	at java.util.concurrent.ThreadPoolExecutor.runWorker(ThreadPoolExecutor.java:1162)
06-28 13:46:11.709 19546 31740 E cddv    : 	at java.util.concurrent.ThreadPoolExecutor$Worker.run(ThreadPoolExecutor.java:636)
06-28 13:46:11.709 19546 31740 E cddv    : 	at swz.run(Unknown Source:7)
06-28 13:46:11.709 19546 31740 E cddv    : 	at java.lang.Thread.run(Thread.java:764)
06-28 13:46:11.724 19546 31776 I PlaceInferenceEngine: No beacon scan available - ignoring candidates.
06-28 13:46:11.879 19546 31773 W Conscrypt: Could not set socket write timeout: java.net.SocketException: Socket closed
06-28 13:46:11.879 19546 31773 W Conscrypt: 	at com.google.android.gms.org.conscrypt.Platform.setSocketWriteTimeout(:com.google.android.gms@17785022@17.7.85 (040700-253824076):2)
06-28 13:46:11.879 19546 31773 W Conscrypt: 	at com.google.android.gms.org.conscrypt.ConscryptFileDescriptorSocket.setSoWriteTimeout(:com.google.android.gms@17785022@17.7.85 (040700-253824076):2)
06-28 13:46:12.035 19546 31773 W Conscrypt: Could not set socket write timeout: java.net.SocketException: Socket closed
06-28 13:46:12.035 19546 31773 W Conscrypt: 	at com.google.android.gms.org.conscrypt.Platform.setSocketWriteTimeout(:com.google.android.gms@17785022@17.7.85 (040700-253824076):2)
06-28 13:46:12.035 19546 31773 W Conscrypt: 	at com.google.android.gms.org.conscrypt.ConscryptFileDescriptorSocket.setSoWriteTimeout(:com.google.android.gms@17785022@17.7.85 (040700-253824076):2)
06-28 13:46:12.514 19546 31773 I PlaceInferenceEngine: No beacon scan available - ignoring candidates.
06-28 13:46:12.526 19546 19551 I zygote  : Do partial code cache collection, code=2MB, data=1789KB
06-28 13:46:12.526  1603  1612 I zygote  : NativeAlloc concurrent copying GC freed 37849(2MB) AllocSpace objects, 5(228KB) LOS objects, 20% free, 23MB/29MB, paused 976us total 266.613ms
06-28 13:46:12.533 19546 19551 I zygote  : After code cache collection, code=2MB, data=1784KB
06-28 13:46:12.533 19546 19551 I zygote  : Increasing code cache capacity to 7MB
06-28 13:46:12.549 19546 31773 I PlaceInferenceEngine: No beacon scan available - ignoring candidates.
06-28 13:46:13.474  1603  2561 I ActivityManager: START u0 {act=android.media.action.IMAGE_CAPTURE flg=0x10000000 cmp=com.android.camera2/com.android.camera.CaptureActivity} from uid 2000
06-28 13:46:13.474  1603  2561 I ActivityManager: Cannot find package info for null
06-28 13:46:13.509  1402  1417 D hwcomposer: hw_composer sent 210 syncs in 72s
06-28 13:46:13.586 22551 22593 D EGL_emulation: eglMakeCurrent: 0xa6785780: ver 2 0 (tinfo 0xa6783330)
06-28 13:46:13.629  1708  1926 D EGL_emulation: eglMakeCurrent: 0x9268e860: ver 2 0 (tinfo 0x92690770)
06-28 13:46:13.638  2548  2598 D EGL_emulation: eglMakeCurrent: 0xa6785780: ver 2 0 (tinfo 0xa6783370)
06-28 13:46:13.689 31060 31060 I CAM_OneCamera1Opnr: Opening Camera: CameraId{Api2='0',Api1:0}
06-28 13:46:13.690  1476 26905 I CameraService: CameraService::connect call (PID -1 "com.android.camera2", camera ID 0) for HAL version default and Camera API version 2
06-28 13:46:13.695  1476 26905 I Camera2ClientBase: Camera 0: Opened. Client: com.android.camera2 (PID 31060, UID 10039)
06-28 13:46:13.695  1476 26905 I CameraDeviceClient: CameraDeviceClient 0: Opened
06-28 13:46:13.714 31060 31060 I CAM_Profiler: [ 75.842ms][ui] GUARD: CameraActivity.resume - [48.160ms] mCurrentModule.resume
06-28 13:46:13.719 31060 31091 I CAM_OneCamCreator: Camera support level: LIMITED_YUV
06-28 13:46:13.720 31060 31091 I CAM_OneCamCreator: Picture Size Configuration: PictureSizeCalculator.Configuration{native size=1280x960, crop=Rect(0, 0 - 1280, 960)}
06-28 13:46:13.756  1476 26905 W CameraDeviceClient: createSurfaceFromGbp: Camera 0 with consumer usage flag: 256: Forcing asynchronous mode for stream
06-28 13:46:13.760  1603  5056 I GnssLocationProvider: WakeLock acquired by sendMessage(SET_REQUEST, 0, com.android.server.location.GnssLocationProvider$GpsRequest@a600e66)
06-28 13:46:13.760  1476 26905 W CameraDeviceClient: createSurfaceFromGbp: Camera 0: Overriding format 0x1 to IMPLEMENTATION_DEFINED
06-28 13:46:13.766  1603  1616 I GnssLocationProvider: WakeLock released by handleMessage(SET_REQUEST, 0, com.android.server.location.GnssLocationProvider$GpsRequest@a600e66)
06-28 13:46:13.768  1476  5965 E Camera3-Device: configureStreams: Stream 0: DataSpace override not allowed for format 0x23
06-28 13:46:13.771 31060 31060 I CAM_Profiler: [132.363ms][ui] GUARD: CameraActivity.resume - STOP
06-28 13:46:13.772 31060 31060 E CAM_CameraUtil: Invalid mode index: 6
06-28 13:46:13.799  1401  6331 D gralloc_ranchu: gralloc_alloc: Creating ashmem region of size 8298496
06-28 13:46:13.804  1476  5965 D Camera3-Device: Set real time priority for request queue thread (tid 31790)
06-28 13:46:13.817  1401  1401 D gralloc_ranchu: gralloc_alloc: Creating ashmem region of size 8298496
06-28 13:46:13.839  1401  6331 D gralloc_ranchu: gralloc_alloc: Creating ashmem region of size 8298496
06-28 13:46:13.850  1401  1401 D gralloc_ranchu: gralloc_alloc: Creating ashmem region of size 4919296
06-28 13:46:13.869  1476 31790 D         : HostConnection::get() New Host Connection established 0xad148a80, tid 31790
06-28 13:46:13.905 31060 31792 W SoundPool: Use of stream types is deprecated for operations other than volume control
06-28 13:46:13.908 31060 31792 W SoundPool: See the documentation of SoundPool() for what to use instead with android.media.AudioAttributes to qualify your playback use case
06-28 13:46:13.919  1708  1926 D EGL_emulation: eglMakeCurrent: 0x9268e860: ver 2 0 (tinfo 0x92690770)
06-28 13:46:13.920  1401  1401 D gralloc_ranchu: gralloc_alloc: Creating ashmem region of size 4919296
06-28 13:46:13.923 31060 31797 V NuMediaExtractor: setDataSource fd=61 (/system/app/Camera2/Camera2.apk), offset=6748376, length=19122
06-28 13:46:13.955  1394 31787 I EmulatedCamera3_QemuSensor: captureRGBA: Dimensions for the current request (1280x960) differ from the previous request (-1x-1). Restarting camera
06-28 13:46:14.705  1404  1404 W hw-IPCThreadState: All binder threads in pool (2 threads) busy for 751 ms
06-28 13:46:14.762  1401  1401 D gralloc_ranchu: gralloc_alloc: Creating ashmem region of size 8298496
06-28 13:46:14.901 31060 31060 D CameraPerformanceTracker: First preview frame received
06-28 13:46:14.903 31060 31096 D EGL_emulation: eglMakeCurrent: 0x931f7c20: ver 2 0 (tinfo 0x9337d8c0)
06-28 13:46:14.933  1401  1401 D gralloc_ranchu: gralloc_alloc: Creating ashmem region of size 8298496
06-28 13:46:14.933  1708  1926 D EGL_emulation: eglMakeCurrent: 0x9268e860: ver 2 0 (tinfo 0x92690770)
06-28 13:46:14.969  1708  1708 I Choreographer: Skipped 65 frames!  The application may be doing too much work on its main thread.
06-28 13:46:14.987 31060 31060 W CAM_IndicatorIconCtrlr: Trying to sync a pano indicator that is not initialized.
06-28 13:46:15.002  1603  6820 I WifiService: acquireWifiLock uid=10014 lockMode=2
06-28 13:46:15.016 31060 31797 V NuMediaExtractor: track of type 'audio/vorbis' does not publish bitrate
06-28 13:46:15.021  1708  1926 D EGL_emulation: eglMakeCurrent: 0x9268e860: ver 2 0 (tinfo 0x92690770)
06-28 13:46:15.035  1394 31788 D         : HostConnection::get() New Host Connection established 0xa7c4a680, tid 31788
06-28 13:46:15.036  1401  1401 D gralloc_ranchu: gralloc_alloc: Creating ashmem region of size 4919296
06-28 13:46:15.062 31060 31800 I OMXClient: Treble IOmx obtained
06-28 13:46:15.062  1487  1526 I OMXMaster: makeComponentInstance(OMX.google.vorbis.decoder) in omx@1.0-service process
06-28 13:46:15.069  1487  1526 E OMXNodeInstance: getConfig(0xb5713300:google.vorbis.decoder, ConfigAndroidVendorExtension(0x6f100004)) ERROR: Undefined(0x80001001)
06-28 13:46:15.137  1708  1926 D EGL_emulation: eglMakeCurrent: 0x9268e860: ver 2 0 (tinfo 0x92690770)
06-28 13:46:15.142  1392  1392 W /system/bin/hw/android.hidl.allocator@1.0-service: ashmem_create_region(32768) returning hidl_memory(0xa8e9b830, 32768)
06-28 13:46:15.170  1392  1392 I chatty  : uid=1000(system) allocator@1.0-s identical 6 lines
06-28 13:46:15.172  1392  1392 W /system/bin/hw/android.hidl.allocator@1.0-service: ashmem_create_region(32768) returning hidl_memory(0xa8e9b830, 32768)
06-28 13:46:15.223  1401  1401 D gralloc_ranchu: gralloc_alloc: Creating ashmem region of size 8298496
06-28 13:46:15.228  1401  6331 D gralloc_ranchu: gralloc_alloc: Creating ashmem region of size 4919296
06-28 13:46:15.333  1708  1926 D EGL_emulation: eglMakeCurrent: 0x9268e860: ver 2 0 (tinfo 0x92690770)
06-28 13:46:15.343  1392  1392 W /system/bin/hw/android.hidl.allocator@1.0-service: ashmem_create_region(32768) returning hidl_memory(0xa8e9b830, 32768)
06-28 13:46:15.344  1392  1392 I chatty  : uid=1000(system) allocator@1.0-s identical 2 lines
06-28 13:46:15.345  1392  1392 W /system/bin/hw/android.hidl.allocator@1.0-service: ashmem_create_region(32768) returning hidl_memory(0xa8e9b830, 32768)
06-28 13:46:15.400 19546 19546 I GeofencerStateMachine: sendNewLocationAvailability: availability=LocationAvailability[isLocationAvailable: true]
06-28 13:46:15.701  1401  6331 D gralloc_ranchu: gralloc_alloc: Creating ashmem region of size 4919296
06-28 13:46:15.829  1412  1412 W SurfaceFlinger: couldn't log to binary event log: overflow.
06-28 13:46:16.582  1603  5056 I WifiService: releaseWifiLock uid=10014
06-28 13:46:16.925 31060 31797 V NuMediaExtractor: setDataSource fd=80 (/system/app/Camera2/Camera2.apk), offset=6786880, length=7617
06-28 13:46:16.935 22551 29912 I PBSessionCacheImpl: Deleted sessionId[6887565113280] from persistence.
06-28 13:46:16.936 31060 31797 V NuMediaExtractor: track of type 'audio/vorbis' does not publish bitrate
06-28 13:46:17.138 31060 31804 I OMXClient: Treble IOmx obtained
06-28 13:46:17.140  1487  1526 I OMXMaster: makeComponentInstance(OMX.google.vorbis.decoder) in omx@1.0-service process
06-28 13:46:17.149  1487  1526 E OMXNodeInstance: getConfig(0xb5713300:google.vorbis.decoder, ConfigAndroidVendorExtension(0x6f100004)) ERROR: Undefined(0x80001001)
06-28 13:46:17.407  1392  1392 W /system/bin/hw/android.hidl.allocator@1.0-service: ashmem_create_region(32768) returning hidl_memory(0xa8e9b830, 32768)
06-28 13:46:17.416  1392  1392 I chatty  : uid=1000(system) allocator@1.0-s identical 2 lines
06-28 13:46:17.418  1392  1392 W /system/bin/hw/android.hidl.allocator@1.0-service: ashmem_create_region(32768) returning hidl_memory(0xa8e9b830, 32768)
06-28 13:46:17.418  1603  2119 I WifiService: getWifiEnabledState uid=10032
06-28 13:46:17.424  1392  1392 W /system/bin/hw/android.hidl.allocator@1.0-service: ashmem_create_region(32768) returning hidl_memory(0xa8e9b830, 32768)
06-28 13:46:17.433  1392  1392 I chatty  : uid=1000(system) allocator@1.0-s identical 2 lines
06-28 13:46:17.436  1392  1392 W /system/bin/hw/android.hidl.allocator@1.0-service: ashmem_create_region(32768) returning hidl_memory(0xa8e9b830, 32768)
06-28 13:46:17.463 22551 22596 W SearchServiceCore: Abort, client detached.
06-28 13:46:17.465 22551 22596 W ThreadPoolDumper: Task m[Refresh external audio state] was queued for 1827ms before starting on executor EventBus
06-28 13:46:17.510  1392  1392 W /system/bin/hw/android.hidl.allocator@1.0-service: ashmem_create_region(32768) returning hidl_memory(0xa8e9b830, 32768)
06-28 13:46:17.518  1392  1392 I chatty  : uid=1000(system) allocator@1.0-s identical 2 lines
06-28 13:46:17.526  1392  1392 W /system/bin/hw/android.hidl.allocator@1.0-service: ashmem_create_region(32768) returning hidl_memory(0xa8e9b830, 32768)
06-28 13:46:18.005 31060 31803 D         : HostConnection::get() New Host Connection established 0xa3c26340, tid 31803
06-28 13:46:19.287 31060 31797 V NuMediaExtractor: setDataSource fd=81 (/system/app/Camera2/Camera2.apk), offset=6794560, length=7755
06-28 13:46:19.350 31060 31797 V NuMediaExtractor: track of type 'audio/vorbis' does not publish bitrate
06-28 13:46:19.494 31060 31812 I OMXClient: Treble IOmx obtained
06-28 13:46:19.494  1487  1526 I OMXMaster: makeComponentInstance(OMX.google.vorbis.decoder) in omx@1.0-service process
06-28 13:46:19.502  1487  1526 E OMXNodeInstance: getConfig(0xb5ba0f60:google.vorbis.decoder, ConfigAndroidVendorExtension(0x6f100004)) ERROR: Undefined(0x80001001)
06-28 13:46:19.528  1392  1392 W /system/bin/hw/android.hidl.allocator@1.0-service: ashmem_create_region(32768) returning hidl_memory(0xa8e9b830, 32768)
06-28 13:46:20.535  1392  1392 I chatty  : uid=1000(system) allocator@1.0-s identical 10 lines
06-28 13:46:20.538  1392  1392 W /system/bin/hw/android.hidl.allocator@1.0-service: ashmem_create_region(32768) returning hidl_memory(0xa8e9b830, 32768)
06-28 13:46:26.746 19546 31773 W ctxmgr  : [WorkManager] Long workInfo: pkg=com.google.android.gms, lbl=SingletonLocationProducer_onLocationChanged, start=2019-06-28 13:46:24.750-0400, stop=2019-06-28 13:46:26.337-0400, durtn=1587ms [CONTEXT service_id=47 ]
06-28 13:46:27.471  1603  1620 I WifiService: requestActivityInfo uid=1000
06-28 13:46:27.472  1603  1620 I WifiService: reportActivityInfo uid=1000
06-28 13:46:27.472  1603  1620 I WifiService: getSupportedFeatures uid=1000
06-28 13:46:27.656 31060 31065 I zygote  : Do partial code cache collection, code=30KB, data=29KB
06-28 13:46:27.656 31060 31065 I zygote  : After code cache collection, code=19KB, data=21KB
06-28 13:46:27.656 31060 31065 I zygote  : Increasing code cache capacity to 128KB
06-28 13:46:27.987 22551 29914 W ThreadPoolDumper: Task e[Start unbuffering task.] was queued for 2366ms before starting on executor Background
06-28 13:46:30.375 22551 22596 I WorkerManager: dispose()
06-28 13:46:30.378 22551 22596 W ThreadPoolDumper: Queue length for executor EventBus is now 11. Perhaps some tasks are too long, or the pool is too small.
06-28 13:46:30.651 19546 31773 W ctxmgr  : [WorkManager] Long workInfo: pkg=com.google.android.gms, lbl=SingletonLocationProducer_onLocationChanged, start=2019-06-28 13:46:29.144-0400, stop=2019-06-28 13:46:30.519-0400, durtn=1375ms [CONTEXT service_id=47 ]
06-28 13:46:31.604 19546 19546 I GeofencerStateMachine: sendNewTransitions called.
06-28 13:46:31.616 19546 31771 I Places  : ?: PlacesBleScanner stop()
06-28 13:46:31.617 19546 19546 I BeaconBle: Scan : No clients left, canceling alarm.
06-28 13:46:31.620 19546 19546 I BeaconBle: Scan canceled successfully.
06-28 13:46:31.644 19546 31771 I PlaceInferenceEngine: [anon] Changed inference mode: 0
06-28 13:46:31.644 19546 31771 I PlaceInferenceEngine: [account#1066226748] Changed inference mode: 0
06-28 13:46:31.658  1603  1616 E memtrack: Couldn't load memtrack module
06-28 13:46:31.659  1603  1616 W android.os.Debug: failed to get memory consumption info: -1
06-28 13:46:31.743 19546 19546 I GeofencerStateMachine: sendNewTransitions called.
06-28 13:46:31.754 19546 19546 I GeofencerStateMachine: sendNewLocationAvailability: availability=LocationAvailability[isLocationAvailable: true]
06-28 13:46:31.776 31810 31810 D AndroidRuntime: >>>>>> START com.android.internal.os.RuntimeInit uid 2000 <<<<<<
06-28 13:46:31.795 31810 31810 W app_process: Could not reserve sentinel fault page
06-28 13:46:32.244  1603  1616 E memtrack: Couldn't load memtrack module
06-28 13:46:32.245  1603  1616 W android.os.Debug: failed to get memory consumption info: -1
06-28 13:46:32.361 19546 19693 I zygote  : IncrementDisableThreadFlip blocked for 113.377ms
06-28 13:46:32.364 19546 19546 I GeofencerStateMachine: removeGeofences: removeRequest=RemoveGeofencingRequest[REMOVE_BY_PENDING_INTENT pendingIntent=PendingIntent[creatorPackage=com.google.android.gms], packageName=com.google.android.gms]
06-28 13:46:32.368 19546 19546 I GeofencerStateMachine: sendNewLocationAvailability: availability=LocationAvailability[isLocationAvailable: true]
06-28 13:46:33.760  1603  1616 E memtrack: Couldn't load memtrack module
06-28 13:46:33.760  1603  1616 W android.os.Debug: failed to get memory consumption info: -1
06-28 13:46:34.735 31810 31810 W app_process: Unexpected CPU variant for X86 using defaults: x86
06-28 13:46:34.827 31810 31810 I app_process: The ClassLoaderContext is a special shared library.
06-28 13:46:35.088  1603  2561 I WifiService: acquireWifiLock uid=10014 lockMode=2
06-28 13:46:35.218  1603  1616 E memtrack: Couldn't load memtrack module
06-28 13:46:35.219  1603  1616 W android.os.Debug: failed to get memory consumption info: -1
06-28 13:46:35.607 19546 19556 I zygote  : Background concurrent copying GC freed 157471(6MB) AllocSpace objects, 42(2MB) LOS objects, 40% free, 8MB/14MB, paused 112.795ms total 3.365s
06-28 13:46:35.914 31810 31810 D AndroidRuntime: Calling main entry com.android.commands.input.Input
06-28 13:46:35.915 31810 31810 I Input   : injectKeyEvent: KeyEvent { action=ACTION_DOWN, keyCode=KEYCODE_CAMERA, scanCode=0, metaState=0, flags=0x0, repeatCount=0, eventTime=23210014, downTime=23210014, deviceId=-1, source=0x101 }
06-28 13:46:36.012 31060 31795 I CAM_FlashBasedPhotoCmd: running flash-auto command: com.android.camera.one.v2.photo.ConvergedImageCaptureCommand@f9b0a24
06-28 13:46:36.013 31810 31810 I Input   : injectKeyEvent: KeyEvent { action=ACTION_UP, keyCode=KEYCODE_CAMERA, scanCode=0, metaState=0, flags=0x0, repeatCount=0, eventTime=23210014, downTime=23210014, deviceId=-1, source=0x101 }
06-28 13:46:36.085 31810 31810 D AndroidRuntime: Shutting down VM
06-28 13:46:36.236  1603  1616 E memtrack: Couldn't load memtrack module
06-28 13:46:36.236  1603  1616 W android.os.Debug: failed to get memory consumption info: -1
06-28 13:46:36.447 31060 31793 I zygote  : Deoptimizing void com.android.camera.one.v2.core.TagDispatchCaptureSession$CaptureCallback.onCaptureStarted(com.android.camera.one.v2.camera2proxy.CameraCaptureSessionProxy, android.hardware.camera2.CaptureRequest, long, long) due to JIT inline cache
06-28 13:46:36.534 31060 31793 I zygote  : Deoptimizing void com.android.camera.one.v2.core.TagDispatchCaptureSession$CaptureCallback.onCaptureCompleted(com.android.camera.one.v2.camera2proxy.CameraCaptureSessionProxy, android.hardware.camera2.CaptureRequest, android.hardware.camera2.TotalCaptureResult) due to JIT inline cache
06-28 13:46:36.697 19546 19546 I BeaconBle: Scan : No clients left, canceling alarm.
06-28 13:46:36.936  1603  1616 E memtrack: Couldn't load memtrack module
06-28 13:46:36.936  1603  1616 W android.os.Debug: failed to get memory consumption info: -1
06-28 13:46:37.846  1401  6331 W gralloc_ranchu: gralloc_alloc: Requested YCbCr_420_888, taking experimental path. usage: 1280 x 960, usage 20003
06-28 13:46:37.846  1401  6331 D gralloc_ranchu: gralloc_alloc: Creating ashmem region of size 1847296
06-28 13:46:38.644  1603  2149 D WificondControl: Scan result ready event
06-28 13:46:38.667 31060 31799 V NuMediaExtractor: setDataSource fd=93 (/system/media/audio/ui/camera_click.ogg), offset=0, length=4851
06-28 13:46:38.924 31060 31799 V NuMediaExtractor: track of type 'audio/vorbis' does not publish bitrate
06-28 13:46:39.162 31060 31835 I OMXClient: Treble IOmx obtained
06-28 13:46:39.162  1487  1526 I OMXMaster: makeComponentInstance(OMX.google.vorbis.decoder) in omx@1.0-service process
06-28 13:46:39.231  1487  1526 E OMXNodeInstance: getConfig(0xb5713060:google.vorbis.decoder, ConfigAndroidVendorExtension(0x6f100004)) ERROR: Undefined(0x80001001)
06-28 13:46:39.297  1392  1392 W /system/bin/hw/android.hidl.allocator@1.0-service: ashmem_create_region(32768) returning hidl_memory(0xa8e9b830, 32768)
06-28 13:46:39.498  1392  1392 I chatty  : uid=1000(system) allocator@1.0-s identical 10 lines
06-28 13:46:39.500  1392  1392 W /system/bin/hw/android.hidl.allocator@1.0-service: ashmem_create_region(32768) returning hidl_memory(0xa8e9b830, 32768)
06-28 13:46:40.432 31060 31840 I CAM_JpegUtilNative: Compressing jpeg with size = (1280, 960); y-channel pixel stride = 1; y-channel row stride =  1280; cb-channel pixel stride = 2; cb-channel row stride =  1280; cr-channel pixel stride = 2; cr-channel row stride =  1280; crop = [(0, 0) - (1280, 960)]; rotation = 3 * 90 deg. 
06-28 13:46:40.699 31060 31070 I zygote  : NativeAlloc concurrent copying GC freed 18569(885KB) AllocSpace objects, 1(148KB) LOS objects, 49% free, 4MB/9MB, paused 45.770ms total 1.160s
06-28 13:46:42.939 31060 31799 V NuMediaExtractor: setDataSource fd=96 (/system/media/audio/ui/camera_click.ogg), offset=0, length=4851
06-28 13:46:43.184 31060 31799 V NuMediaExtractor: track of type 'audio/vorbis' does not publish bitrate
06-28 13:46:43.202 31060 31843 I OMXClient: Treble IOmx obtained
06-28 13:46:43.202  1487  1809 I OMXMaster: makeComponentInstance(OMX.google.vorbis.decoder) in omx@1.0-service process
06-28 13:46:43.205  1487  1809 E OMXNodeInstance: getConfig(0xb5713060:google.vorbis.decoder, ConfigAndroidVendorExtension(0x6f100004)) ERROR: Undefined(0x80001001)
06-28 13:46:43.212  1392  1392 W /system/bin/hw/android.hidl.allocator@1.0-service: ashmem_create_region(32768) returning hidl_memory(0xa8e9b830, 32768)
06-28 13:46:43.237  1392  1392 I chatty  : uid=1000(system) allocator@1.0-s identical 10 lines
06-28 13:46:43.237  1392  1392 W /system/bin/hw/android.hidl.allocator@1.0-service: ashmem_create_region(32768) returning hidl_memory(0xa8e9b830, 32768)
06-28 13:46:43.463 31060 31846 D         : HostConnection::get() New Host Connection established 0x92cea300, tid 31846
06-28 13:46:44.031  1603  2153 I WifiService: releaseWifiLock uid=10014
06-28 13:46:44.545  1603  1612 I zygote  : Background concurrent copying GC freed 82483(5MB) AllocSpace objects, 7(204KB) LOS objects, 19% free, 24MB/30MB, paused 26.077ms total 197.157ms
06-28 13:46:45.028 31060 31792 W AudioTrack: AUDIO_OUTPUT_FLAG_FAST denied, rates do not match 44100 Hz, require 48000 Hz
06-28 13:46:45.035  1393  3231 W audio_hw_generic: Not supplying enough data to HAL, expected position 141892628 , only wrote 141892560
06-28 13:46:45.169  1393  3231 W audio_hw_generic: Not supplying enough data to HAL, expected position 141898980 , only wrote 141897600
06-28 13:46:45.169  1393  3231 W audio_hw_generic: Not supplying enough data to HAL, expected position 141897611 , only wrote 141897600
06-28 13:46:45.249  1393  3231 W audio_hw_generic: Not supplying enough data to HAL, expected position 141901432 , only wrote 141901200
06-28 13:46:45.249  1393  3231 W audio_hw_generic: Not supplying enough data to HAL, expected position 141901212 , only wrote 141901200
06-28 13:46:45.265  1393  3231 W audio_hw_generic: Not supplying enough data to HAL, expected position 141901964 , only wrote 141901920
06-28 13:46:45.338  1393  3231 W audio_hw_generic: Not supplying enough data to HAL, expected position 141905367 , only wrote 141904080
06-28 13:46:45.426  1393  3231 W audio_hw_generic: Not supplying enough data to HAL, expected position 141908340 , only wrote 141906960
06-28 13:46:45.426  1393  3231 W audio_hw_generic: Not supplying enough data to HAL, expected position 141906970 , only wrote 141906960
06-28 13:46:45.442  1393  3231 W audio_hw_generic: Not supplying enough data to HAL, expected position 141907733 , only wrote 141907680
06-28 13:46:45.573  1393  3231 W audio_hw_generic: Not supplying enough data to HAL, expected position 141913942 , only wrote 141910560
06-28 13:46:45.574  1393  3231 W audio_hw_generic: Not supplying enough data to HAL, expected position 141910627 , only wrote 141910560
06-28 13:46:45.591  1393  3231 W audio_hw_generic: Not supplying enough data to HAL, expected position 141911357 , only wrote 141911280
06-28 13:46:45.717  1393  3231 W audio_hw_generic: Not supplying enough data to HAL, expected position 141917334 , only wrote 141913440
06-28 13:46:45.718  1393  3231 W audio_hw_generic: Not supplying enough data to HAL, expected position 141913454 , only wrote 141913440
06-28 13:46:45.733  1393  3231 W audio_hw_generic: Not supplying enough data to HAL, expected position 141914216 , only wrote 141914160
06-28 13:46:45.923  1393  3231 W audio_hw_generic: Not supplying enough data to HAL, expected position 141923250 , only wrote 141919200
06-28 13:46:45.923  1393  3231 W audio_hw_generic: Not supplying enough data to HAL, expected position 141919212 , only wrote 141919200
06-28 13:46:45.939  1393  3231 W audio_hw_generic: Not supplying enough data to HAL, expected position 141919944 , only wrote 141919920
06-28 13:46:46.050  1393  3231 W audio_hw_generic: Not supplying enough data to HAL, expected position 141925245 , only wrote 141921360
06-28 13:46:46.197  1393  3231 W audio_hw_generic: Not supplying enough data to HAL, expected position 141928429 , only wrote 141925680
06-28 13:46:46.197  1393  3231 W audio_hw_generic: Not supplying enough data to HAL, expected position 141925698 , only wrote 141925680
06-28 13:46:46.213  1393  3231 W audio_hw_generic: Not supplying enough data to HAL, expected position 141926421 , only wrote 141926400
06-28 13:46:46.321  1393  3231 W audio_hw_generic: Not supplying enough data to HAL, expected position 141931594 , only wrote 141928560
06-28 13:46:46.466  1393  3231 W audio_hw_generic: Not supplying enough data to HAL, expected position 141935515 , only wrote 141932160
06-28 13:46:46.467  1393  3231 W audio_hw_generic: Not supplying enough data to HAL, expected position 141932200 , only wrote 141932160
06-28 13:46:46.483  1393  3231 W audio_hw_generic: Not supplying enough data to HAL, expected position 141932942 , only wrote 141932880
06-28 13:46:46.557  1393  3231 W audio_hw_generic: Not supplying enough data to HAL, expected position 141936383 , only wrote 141935040
06-28 13:46:46.696  1393  3231 W audio_hw_generic: Not supplying enough data to HAL, expected position 141941745 , only wrote 141938640
06-28 13:46:46.696  1393  3231 W audio_hw_generic: Not supplying enough data to HAL, expected position 141938659 , only wrote 141938640
06-28 13:46:46.712  1393  3231 W audio_hw_generic: Not supplying enough data to HAL, expected position 141939401 , only wrote 141939360
06-28 13:46:46.835  1393  3231 W audio_hw_generic: Not supplying enough data to HAL, expected position 141945252 , only wrote 141942240
06-28 13:46:46.835  1393  3231 W audio_hw_generic: Not supplying enough data to HAL, expected position 141942261 , only wrote 141942240
06-28 13:46:46.851  1393  3231 W audio_hw_generic: Not supplying enough data to HAL, expected position 141943003 , only wrote 141942960
06-28 13:46:46.950  1393  3231 W audio_hw_generic: Not supplying enough data to HAL, expected position 141947731 , only wrote 141944400
06-28 13:46:46.951  1393  3231 W audio_hw_generic: Hardware backing HAL too slow, could only write 0 of 720 frames
06-28 13:46:47.087  1393  3231 W audio_hw_generic: Hardware backing HAL too slow, could only write 0 of 720 frames
06-28 13:46:47.089  1393  3231 W audio_hw_generic: Not supplying enough data to HAL, expected position 141951063 , only wrote 141947280
06-28 13:46:47.090  1393  3231 W audio_hw_generic: Not supplying enough data to HAL, expected position 141947310 , only wrote 141947280
06-28 13:46:47.111  1393  3231 W audio_hw_generic: Not supplying enough data to HAL, expected position 141948295 , only wrote 141948000
06-28 13:46:47.258  1393  3231 W audio_hw_generic: Hardware backing HAL too slow, could only write 0 of 720 frames
06-28 13:46:47.261  1393  3231 W audio_hw_generic: Not supplying enough data to HAL, expected position 141955149 , only wrote 141950880
06-28 13:46:47.263  1393  3231 W audio_hw_generic: Not supplying enough data to HAL, expected position 141951030 , only wrote 141950880
06-28 13:46:47.263  1393  3231 W audio_hw_generic: Hardware backing HAL too slow, could only write 0 of 720 frames
06-28 13:46:47.279  1393  3231 W audio_hw_generic: Not supplying enough data to HAL, expected position 141951656 , only wrote 141951600
06-28 13:46:47.404  1393  3231 W audio_hw_generic: Not supplying enough data to HAL, expected position 141957590 , only wrote 141954480
06-28 13:46:47.404  1393  3231 W audio_hw_generic: Not supplying enough data to HAL, expected position 141954496 , only wrote 141954480
06-28 13:46:47.423  1393  3231 W audio_hw_generic: Not supplying enough data to HAL, expected position 141955361 , only wrote 141955200
06-28 13:46:47.570  1393  3231 W audio_hw_generic: Not supplying enough data to HAL, expected position 141962266 , only wrote 141959520
06-28 13:46:47.570  1393  3231 W audio_hw_generic: Not supplying enough data to HAL, expected position 141959533 , only wrote 141959520
06-28 13:46:47.583  1404  1654 W hw-IPCThreadState: All binder threads in pool (2 threads) busy for 107 ms
06-28 13:46:47.586  1393  3231 W audio_hw_generic: Not supplying enough data to HAL, expected position 141960268 , only wrote 141960240
06-28 13:46:47.586  1393  3231 W audio_hw_generic: Hardware backing HAL too slow, could only write 0 of 720 frames
06-28 13:46:47.588  1393  3231 W audio_hw_generic: Hardware backing HAL too slow, could only write 0 of 720 frames
