06-28 17:16:46.890  1389  4034 W audio_hw_generic: Not supplying enough data to HAL, expected position 18926091 , only wrote 18925920
06-28 17:16:46.976  1389  4034 W audio_hw_generic: Not supplying enough data to HAL, expected position 18930043 , only wrote 18928800
06-28 17:16:47.009  1389  4034 W audio_hw_generic: Not supplying enough data to HAL, expected position 18930369 , only wrote 18929520
06-28 17:16:47.039  1473  1580 D AudioFlinger: mixer(0xad583c80) throttle end: throttle time(12)
06-28 17:16:47.272  5403  5435 D AudioTrack: stop() called with 57530 frames delivered
06-28 17:16:47.273  1596  4388 V MediaRouterService: restoreBluetoothA2dp(false)
06-28 17:16:47.274  5258  5800 D net.osmand: AbstractPrologCommandPlayer abandonAudioFocus
06-28 17:16:47.275  1596  2216 I MediaFocusControl: abandonAudioFocus() from uid/pid 10104/5258 clientId=android.media.AudioManager@d1fc0eenet.osmand.plus.api.AudioFocusHelperImpl@bbb2070
06-28 17:16:47.275  5258  5800 D net.osmand: TTSCommandPlayerImpl ttsRequests=0
06-28 17:16:47.356  5258  5268 I zygote  : Background concurrent copying GC freed 363165(8MB) AllocSpace objects, 0(0B) LOS objects, 17% free, 29MB/35MB, paused 22.507ms total 860.855ms
06-28 17:16:47.623  1389  4034 W audio_hw_generic: Not supplying enough data to HAL, expected position 18958981 , only wrote 18957600
06-28 17:16:48.211  1389  4034 W audio_hw_generic: Not supplying enough data to HAL, expected position 18985855 , only wrote 18985680
06-28 17:16:48.212  1389  4034 W audio_hw_generic: Not supplying enough data to HAL, expected position 18985696 , only wrote 18985680
06-28 17:16:48.228  1389  4034 W audio_hw_generic: Not supplying enough data to HAL, expected position 18986463 , only wrote 18986400
06-28 17:16:48.472  1389  4034 W audio_hw_generic: Not supplying enough data to HAL, expected position 18998094 , only wrote 18997920
06-28 17:16:48.473  1389  4034 W audio_hw_generic: Not supplying enough data to HAL, expected position 18997992 , only wrote 18997920
06-28 17:16:48.489  1389  4034 W audio_hw_generic: Not supplying enough data to HAL, expected position 18998666 , only wrote 18998640
06-28 17:16:48.879  1389  4034 W audio_hw_generic: Not supplying enough data to HAL, expected position 19017385 , only wrote 19017360
06-28 17:16:48.880  1389  4034 W audio_hw_generic: Not supplying enough data to HAL, expected position 19017416 , only wrote 19017360
06-28 17:16:48.897  1389  4034 W audio_hw_generic: Not supplying enough data to HAL, expected position 19018152 , only wrote 19018080
06-28 17:16:48.991  1389  4034 W audio_hw_generic: Not supplying enough data to HAL, expected position 19022573 , only wrote 19020960
06-28 17:16:49.009  1389  4034 W audio_hw_generic: Not supplying enough data to HAL, expected position 19021102 , only wrote 19020960
06-28 17:16:49.009  1389  4034 W audio_hw_generic: Not supplying enough data to HAL, expected position 19021725 , only wrote 19021680
06-28 17:16:49.010  1389  4034 W audio_hw_generic: Not supplying enough data to HAL, expected position 19021691 , only wrote 19021680
06-28 17:16:49.027  1389  4034 W audio_hw_generic: Not supplying enough data to HAL, expected position 19022503 , only wrote 19022400
06-28 17:16:49.309  5258  5268 I zygote  : Background concurrent copying GC freed 319586(7MB) AllocSpace objects, 0(0B) LOS objects, 17% free, 29MB/35MB, paused 1.337ms total 620.151ms
06-28 17:16:49.541  1389  4034 W audio_hw_generic: Not supplying enough data to HAL, expected position 19047098 , only wrote 19046880
06-28 17:16:49.542  1389  4034 W audio_hw_generic: Not supplying enough data to HAL, expected position 19046929 , only wrote 19046880
06-28 17:16:49.681  1389  4034 W audio_hw_generic: Not supplying enough data to HAL, expected position 19053517 , only wrote 19053360
06-28 17:16:49.681  1389  4034 W audio_hw_generic: Not supplying enough data to HAL, expected position 19053390 , only wrote 19053360
06-28 17:16:49.698  1389  4034 W audio_hw_generic: Not supplying enough data to HAL, expected position 19054147 , only wrote 19054080
06-28 17:16:49.795  1389  4034 W audio_hw_generic: Not supplying enough data to HAL, expected position 19058742 , only wrote 19057680
06-28 17:16:49.855  1389  4034 W audio_hw_generic: Not supplying enough data to HAL, expected position 19060572 , only wrote 19059120
06-28 17:16:49.977  1389  4034 W audio_hw_generic: Not supplying enough data to HAL, expected position 19064995 , only wrote 19064160
06-28 17:16:49.978  1389  4034 W audio_hw_generic: Not supplying enough data to HAL, expected position 19064186 , only wrote 19064160
06-28 17:16:49.994  1389  4034 W audio_hw_generic: Not supplying enough data to HAL, expected position 19064915 , only wrote 19064880
06-28 17:16:50.024  1389  4034 W audio_hw_generic: Not supplying enough data to HAL, expected position 19066355 , only wrote 19066320
06-28 17:16:50.074  1389  4034 W audio_hw_generic: Not supplying enough data to HAL, expected position 19068684 , only wrote 19067760
06-28 17:16:50.105  1389  4034 W audio_hw_generic: Not supplying enough data to HAL, expected position 19069278 , only wrote 19069200
06-28 17:16:50.137  1389  4034 W audio_hw_generic: Not supplying enough data to HAL, expected position 19070646 , only wrote 19070640
06-28 17:16:50.174  1389  4034 W audio_hw_generic: Not supplying enough data to HAL, expected position 19072463 , only wrote 19072080
06-28 17:16:50.279  1389  1389 W audio_hw_generic: Not supplying enough data to HAL, expected position 19081766 , only wrote 19077120
06-28 17:16:51.838  5258  5268 I zygote  : Background concurrent copying GC freed 328145(7MB) AllocSpace objects, 0(0B) LOS objects, 16% free, 30MB/36MB, paused 2.577ms total 684.428ms
06-28 17:16:53.986  5258  5268 I zygote  : Background concurrent copying GC freed 387273(8MB) AllocSpace objects, 0(0B) LOS objects, 16% free, 30MB/36MB, paused 1.214ms total 788.355ms
06-28 17:16:56.184  5258  5268 I zygote  : Background concurrent copying GC freed 360880(8MB) AllocSpace objects, 0(0B) LOS objects, 16% free, 30MB/36MB, paused 1.248ms total 830.508ms
06-28 17:16:57.873  5258  5268 I zygote  : Background concurrent copying GC freed 396644(8MB) AllocSpace objects, 0(0B) LOS objects, 17% free, 28MB/34MB, paused 2.241ms total 613.314ms
06-28 17:16:58.013  1596  1675 W AlarmManager: Unrecognized alarm listener com.android.server.wifi.WifiConfigStore$1@31cc37f
06-28 17:16:58.036  1596  1613 E memtrack: Couldn't load memtrack module
06-28 17:16:58.036  1596  1613 W android.os.Debug: failed to get memory consumption info: -1
06-28 17:16:58.164  1596  1675 D WifiConfigStore: Writing to stores completed in 151 ms.
06-28 17:16:58.305  1596  1613 E memtrack: Couldn't load memtrack module
06-28 17:16:58.305  1596  1613 W android.os.Debug: failed to get memory consumption info: -1
06-28 17:16:58.802  1596  1617 I WifiService: requestActivityInfo uid=1000
06-28 17:16:58.802  1596  1617 I WifiService: reportActivityInfo uid=1000
06-28 17:16:58.802  1596  1617 I WifiService: getSupportedFeatures uid=1000
06-28 17:17:00.258  5258  5268 I zygote  : Background concurrent copying GC freed 298444(6MB) AllocSpace objects, 0(0B) LOS objects, 17% free, 29MB/35MB, paused 1.422ms total 858.240ms
06-28 17:17:02.174  5258  5268 I zygote  : Background concurrent copying GC freed 320084(7MB) AllocSpace objects, 0(0B) LOS objects, 16% free, 29MB/35MB, paused 1.324ms total 707.465ms
06-28 17:17:04.196  5258  5268 I zygote  : Background concurrent copying GC freed 331832(7MB) AllocSpace objects, 0(0B) LOS objects, 16% free, 30MB/36MB, paused 1.829ms total 860.047ms
06-28 17:17:04.435  1596  1621 E SensorNotificationService: Invalid local geomagnetic field, ignore.
06-28 17:17:05.377  1596  4388 I WifiService: acquireWifiLock uid=10014 lockMode=2
06-28 17:17:06.103  5258  5268 I zygote  : Background concurrent copying GC freed 369215(8MB) AllocSpace objects, 0(0B) LOS objects, 17% free, 28MB/34MB, paused 1.265ms total 569.909ms
06-28 17:17:08.040  5258  5268 I zygote  : Background concurrent copying GC freed 283618(6MB) AllocSpace objects, 0(0B) LOS objects, 17% free, 28MB/34MB, paused 1.235ms total 467.884ms
06-28 17:17:08.502  1596  4388 D WificondControl: Scan result ready event
06-28 17:17:08.707  1596  2216 I WifiService: releaseWifiLock uid=10014
06-28 17:17:10.193  5258  5268 I zygote  : Background concurrent copying GC freed 294604(6MB) AllocSpace objects, 0(0B) LOS objects, 16% free, 30MB/36MB, paused 1.314ms total 691.076ms
06-28 17:17:12.033  5258  5268 I zygote  : Background concurrent copying GC freed 360223(7MB) AllocSpace objects, 0(0B) LOS objects, 17% free, 29MB/35MB, paused 1.945ms total 574.501ms
06-28 17:17:13.818  1596  1617 I WifiService: requestActivityInfo uid=1000
06-28 17:17:13.818  1596  1617 I WifiService: reportActivityInfo uid=1000
06-28 17:17:13.819  1596  1617 I WifiService: getSupportedFeatures uid=1000
06-28 17:17:13.854  1596  4126 I WifiService: getConnectionInfo uid=10014
06-28 17:17:14.515  5258  5268 I zygote  : Background concurrent copying GC freed 316931(7MB) AllocSpace objects, 0(0B) LOS objects, 16% free, 29MB/35MB, paused 1.185ms total 566.929ms
06-28 17:17:16.597  5258  5268 I zygote  : Background concurrent copying GC freed 335997(7MB) AllocSpace objects, 0(0B) LOS objects, 16% free, 29MB/35MB, paused 1.222ms total 499.645ms
06-28 17:17:18.303  5258  5268 I zygote  : Background concurrent copying GC freed 329609(7MB) AllocSpace objects, 0(0B) LOS objects, 17% free, 27MB/33MB, paused 2.383ms total 414.441ms
06-28 17:17:20.714  5258  5268 I zygote  : Background concurrent copying GC freed 285400(6MB) AllocSpace objects, 0(0B) LOS objects, 16% free, 31MB/37MB, paused 1.930ms total 868.311ms
06-28 17:17:22.782  5258  5268 I zygote  : Background concurrent copying GC freed 406996(9MB) AllocSpace objects, 0(0B) LOS objects, 16% free, 30MB/36MB, paused 5.183ms total 683.971ms
06-28 17:17:24.819  5258  5268 I zygote  : Background concurrent copying GC freed 366682(8MB) AllocSpace objects, 0(0B) LOS objects, 16% free, 30MB/36MB, paused 1.256ms total 735ms
06-28 17:17:26.764  1596  4424 I WifiService: acquireWifiLock uid=10014 lockMode=2
06-28 17:17:26.785  1596  1613 E memtrack: Couldn't load memtrack module
06-28 17:17:26.785  1596  1613 W android.os.Debug: failed to get memory consumption info: -1
06-28 17:17:26.910  5258  5268 I zygote  : Background concurrent copying GC freed 383285(8MB) AllocSpace objects, 0(0B) LOS objects, 16% free, 30MB/36MB, paused 2.477ms total 765.803ms
06-28 17:17:27.063  1596  2216 I WifiService: releaseWifiLock uid=10014
06-28 17:17:28.927  1596  1617 I WifiService: requestActivityInfo uid=1000
06-28 17:17:28.928  1596  1617 I WifiService: reportActivityInfo uid=1000
06-28 17:17:28.928  1596  1617 I WifiService: getSupportedFeatures uid=1000
06-28 17:17:29.269  5258  5268 I zygote  : Background concurrent copying GC freed 393527(8MB) AllocSpace objects, 0(0B) LOS objects, 16% free, 29MB/35MB, paused 2.655ms total 777.944ms
06-28 17:17:29.400  1976  1986 I zygote  : Background concurrent copying GC freed 135880(6MB) AllocSpace objects, 16(1092KB) LOS objects, 40% free, 8MB/14MB, paused 1.447ms total 299.475ms
06-28 17:17:30.919  5258  5268 I zygote  : Background concurrent copying GC freed 351550(7MB) AllocSpace objects, 0(0B) LOS objects, 17% free, 28MB/34MB, paused 2.445ms total 306.971ms
06-28 17:17:32.732  5258  5268 I zygote  : Background concurrent copying GC freed 283357(6MB) AllocSpace objects, 0(0B) LOS objects, 17% free, 29MB/35MB, paused 2.265ms total 534.040ms
06-28 17:17:34.658  5258  5268 I zygote  : Background concurrent copying GC freed 312456(7MB) AllocSpace objects, 0(0B) LOS objects, 16% free, 30MB/36MB, paused 5.211ms total 654.400ms
06-28 17:17:36.630  5258  5268 I zygote  : Background concurrent copying GC freed 359870(7MB) AllocSpace objects, 0(0B) LOS objects, 16% free, 30MB/36MB, paused 951us total 591.192ms
06-28 17:17:38.337  1596  1617 I WifiService: requestActivityInfo uid=1000
06-28 17:17:38.337  1596  1617 I WifiService: reportActivityInfo uid=1000
06-28 17:17:38.337  1596  1617 I WifiService: getSupportedFeatures uid=1000
06-28 17:17:39.102  5258  5268 I zygote  : Background concurrent copying GC freed 355577(7MB) AllocSpace objects, 0(0B) LOS objects, 17% free, 28MB/34MB, paused 9.589ms total 495.140ms
06-28 17:17:39.635  1409  1409 I boot-pipe: done populating /dev/random
06-28 17:17:41.232  5258  5268 I zygote  : Background concurrent copying GC freed 305931(6MB) AllocSpace objects, 0(0B) LOS objects, 16% free, 29MB/35MB, paused 2.891ms total 751.848ms
06-28 17:17:43.261  5258  5268 I zygote  : Background concurrent copying GC freed 323082(7MB) AllocSpace objects, 0(0B) LOS objects, 17% free, 28MB/34MB, paused 1.306ms total 401.653ms
06-28 17:17:45.514  5258  5268 I zygote  : Background concurrent copying GC freed 295538(6MB) AllocSpace objects, 0(0B) LOS objects, 16% free, 29MB/35MB, paused 1.161ms total 597.198ms
06-28 17:17:46.932  1596  4388 I WifiService: acquireWifiLock uid=10014 lockMode=2
06-28 17:17:47.219  1596  1607 I zygote  : Background concurrent copying GC freed 97292(3MB) AllocSpace objects, 7(268KB) LOS objects, 30% free, 13MB/19MB, paused 1.938ms total 517.469ms
06-28 17:17:47.403  5258  5268 I zygote  : Background concurrent copying GC freed 340983(7MB) AllocSpace objects, 0(0B) LOS objects, 16% free, 29MB/35MB, paused 1.335ms total 703.648ms
06-28 17:17:49.037  5258  5268 I zygote  : Background concurrent copying GC freed 350142(7MB) AllocSpace objects, 0(0B) LOS objects, 17% free, 28MB/34MB, paused 1.153ms total 490.361ms
06-28 17:17:50.012  1596  2226 D WificondControl: Scan result ready event
06-28 17:17:50.131  1596  2226 I WifiService: releaseWifiLock uid=10014
06-28 17:17:50.763  5258  5268 I zygote  : Background concurrent copying GC freed 293233(6MB) AllocSpace objects, 0(0B) LOS objects, 17% free, 28MB/34MB, paused 1.520ms total 413.984ms
06-28 17:17:53.420  1398  1407 D hwcomposer: hw_composer sent 36 syncs in 95s
06-28 17:17:53.500  5258  5268 I zygote  : Background concurrent copying GC freed 295903(6MB) AllocSpace objects, 0(0B) LOS objects, 16% free, 31MB/37MB, paused 1.390ms total 1.244s
06-28 17:17:55.685  1596  1617 I WifiService: requestActivityInfo uid=1000
06-28 17:17:55.685  1596  1617 I WifiService: reportActivityInfo uid=1000
06-28 17:17:55.686  1596  1617 I WifiService: getSupportedFeatures uid=1000
06-28 17:17:55.753  5258  5268 I zygote  : Background concurrent copying GC freed 417656(9MB) AllocSpace objects, 0(0B) LOS objects, 16% free, 30MB/36MB, paused 1.930ms total 655.281ms
06-28 17:17:57.528  5258  5268 I zygote  : Background concurrent copying GC freed 401810(8MB) AllocSpace objects, 0(0B) LOS objects, 16% free, 29MB/35MB, paused 1.582ms total 457.789ms
06-28 17:17:59.932  5258  5268 I zygote  : Background concurrent copying GC freed 342926(7MB) AllocSpace objects, 0(0B) LOS objects, 16% free, 29MB/35MB, paused 1.406ms total 627.549ms
06-28 17:18:01.804  5258  5268 I zygote  : Background concurrent copying GC freed 342882(7MB) AllocSpace objects, 0(0B) LOS objects, 17% free, 28MB/34MB, paused 1.081ms total 474.215ms
06-28 17:18:03.847  5258  5268 I zygote  : Background concurrent copying GC freed 295492(6MB) AllocSpace objects, 0(0B) LOS objects, 17% free, 29MB/35MB, paused 1.451ms total 514.006ms
06-28 17:18:06.044  5258  5268 I zygote  : Background concurrent copying GC freed 324563(7MB) AllocSpace objects, 0(0B) LOS objects, 15% free, 31MB/37MB, paused 1.668ms total 919.397ms
06-28 17:18:06.945  1596  3033 I WifiService: acquireWifiLock uid=10014 lockMode=2
06-28 17:18:06.992  1596  2502 I WifiService: releaseWifiLock uid=10014
06-28 17:18:07.010  1976  7076 E ctxmgr  : [WorkManager] Ongoing task not found: SingletonLocationProducer_onLocationChanged [CONTEXT service_id=47 ]
06-28 17:18:08.144  5258  5268 I zygote  : Background concurrent copying GC freed 440125(9MB) AllocSpace objects, 0(0B) LOS objects, 17% free, 29MB/35MB, paused 2.633ms total 702.702ms
06-28 17:18:10.338  5258  5268 I zygote  : Background concurrent copying GC freed 318738(7MB) AllocSpace objects, 0(0B) LOS objects, 17% free, 28MB/34MB, paused 1.351ms total 456.857ms
06-28 17:18:11.793  5258  5268 I zygote  : Background concurrent copying GC freed 292824(6MB) AllocSpace objects, 0(0B) LOS objects, 17% free, 27MB/33MB, paused 1.603ms total 356.891ms
06-28 17:18:13.952  5258  5268 I zygote  : Background concurrent copying GC freed 286313(6MB) AllocSpace objects, 0(0B) LOS objects, 16% free, 29MB/35MB, paused 2.166ms total 656.738ms
06-28 17:18:16.051  5258  5268 I zygote  : Background concurrent copying GC freed 338610(7MB) AllocSpace objects, 0(0B) LOS objects, 16% free, 29MB/35MB, paused 1.891ms total 765.364ms
06-28 17:18:18.014  5258  5268 I zygote  : Background concurrent copying GC freed 358191(7MB) AllocSpace objects, 0(0B) LOS objects, 16% free, 29MB/35MB, paused 1.468ms total 623.559ms
06-28 17:18:19.969  5258  5268 I zygote  : Background concurrent copying GC freed 324419(7MB) AllocSpace objects, 0(0B) LOS objects, 16% free, 30MB/36MB, paused 2.880ms total 668.373ms
06-28 17:18:22.141  5258  5268 I zygote  : Background concurrent copying GC freed 365838(8MB) AllocSpace objects, 0(0B) LOS objects, 17% free, 29MB/35MB, paused 2.790ms total 758.943ms
06-28 17:18:24.494  5258  5268 I zygote  : Background concurrent copying GC freed 319249(7MB) AllocSpace objects, 0(0B) LOS objects, 16% free, 30MB/36MB, paused 3.629ms total 732.711ms
06-28 17:18:26.459  5258  5268 I zygote  : Background concurrent copying GC freed 368470(8MB) AllocSpace objects, 0(0B) LOS objects, 16% free, 30MB/36MB, paused 6.709ms total 802.663ms
06-28 17:18:28.049  1596  5058 I WifiService: acquireWifiLock uid=10014 lockMode=2
06-28 17:18:28.814  5258  5268 I zygote  : Background concurrent copying GC freed 389434(8MB) AllocSpace objects, 0(0B) LOS objects, 16% free, 30MB/36MB, paused 1.603ms total 722.029ms
06-28 17:18:31.131  1596  2053 D WificondControl: Scan result ready event
06-28 17:18:31.161  5258  5268 I zygote  : Background concurrent copying GC freed 400800(8MB) AllocSpace objects, 0(0B) LOS objects, 16% free, 29MB/35MB, paused 6.578ms total 789.108ms
06-28 17:18:31.272  1596  5536 I WifiService: releaseWifiLock uid=10014
06-28 17:18:33.527  5258  5268 I zygote  : Background concurrent copying GC freed 349350(7MB) AllocSpace objects, 0(0B) LOS objects, 16% free, 30MB/36MB, paused 3.366ms total 1.003s
06-28 17:18:35.537  5258  5268 I zygote  : Background concurrent copying GC freed 387713(8MB) AllocSpace objects, 0(0B) LOS objects, 16% free, 30MB/36MB, paused 1.317ms total 733.435ms
06-28 17:18:37.554  5258  5268 I zygote  : Background concurrent copying GC freed 373137(8MB) AllocSpace objects, 0(0B) LOS objects, 16% free, 29MB/35MB, paused 3.391ms total 549.735ms
06-28 17:18:38.303  1596  1617 I WifiService: requestActivityInfo uid=1000
06-28 17:18:38.303  1596  1617 I WifiService: reportActivityInfo uid=1000
06-28 17:18:38.304  1596  1617 I WifiService: getSupportedFeatures uid=1000
06-28 17:18:39.469  5258  5268 I zygote  : Background concurrent copying GC freed 321926(7MB) AllocSpace objects, 0(0B) LOS objects, 16% free, 30MB/36MB, paused 1.006ms total 729.896ms
06-28 17:18:39.643  1409  1409 I boot-pipe: done populating /dev/random
06-28 17:18:41.776  5258  5268 I zygote  : Background concurrent copying GC freed 359351(7MB) AllocSpace objects, 0(0B) LOS objects, 16% free, 30MB/36MB, paused 2.438ms total 805.394ms
06-28 17:18:43.963  5258  5268 I zygote  : Background concurrent copying GC freed 388337(8MB) AllocSpace objects, 0(0B) LOS objects, 16% free, 30MB/36MB, paused 4.693ms total 675.119ms
06-28 17:18:46.219  5258  5268 I zygote  : Background concurrent copying GC freed 365266(8MB) AllocSpace objects, 0(0B) LOS objects, 16% free, 30MB/36MB, paused 3.699ms total 778.827ms
06-28 17:18:48.065  1596  5536 I WifiService: acquireWifiLock uid=10014 lockMode=2
06-28 17:18:48.076  1596  1613 E memtrack: Couldn't load memtrack module
06-28 17:18:48.076  1596  1613 W android.os.Debug: failed to get memory consumption info: -1
06-28 17:18:48.241  5258  5268 I zygote  : Background concurrent copying GC freed 366203(8MB) AllocSpace objects, 0(0B) LOS objects, 16% free, 29MB/35MB, paused 5.347ms total 694.977ms
06-28 17:18:48.313  1596  5058 I WifiService: releaseWifiLock uid=10014
06-28 17:18:48.342  1596  1613 E memtrack: Couldn't load memtrack module
06-28 17:18:48.342  1596  1613 W android.os.Debug: failed to get memory consumption info: -1
06-28 17:18:50.318  5258  5268 I zygote  : Background concurrent copying GC freed 331616(7MB) AllocSpace objects, 0(0B) LOS objects, 17% free, 29MB/35MB, paused 1.243ms total 676.414ms
06-28 17:18:52.254  5258  5268 I zygote  : Background concurrent copying GC freed 320384(7MB) AllocSpace objects, 0(0B) LOS objects, 16% free, 29MB/35MB, paused 3.191ms total 494.293ms
06-28 17:18:54.025  5258  5268 I zygote  : Background concurrent copying GC freed 329143(7MB) AllocSpace objects, 0(0B) LOS objects, 17% free, 28MB/34MB, paused 1.997ms total 444.007ms
06-28 17:18:55.920  5258  5268 I zygote  : Background concurrent copying GC freed 293741(6MB) AllocSpace objects, 0(0B) LOS objects, 16% free, 30MB/36MB, paused 3.094ms total 710.407ms
06-28 17:18:57.722  5258  5268 I zygote  : Background concurrent copying GC freed 392746(8MB) AllocSpace objects, 0(0B) LOS objects, 16% free, 29MB/35MB, paused 936us total 535.652ms
06-28 17:18:59.209  1596  1617 E BatteryExternalStatsWorker: modem info is invalid: ModemActivityInfo{ mTimestamp=0 mSleepTimeMs=0 mIdleTimeMs=0 mTxTimeMs[]=[0, 0, 0, 0, 0] mRxTimeMs=0 mEnergyUsed=0}
06-28 17:18:59.636  5258  5268 I zygote  : Background concurrent copying GC freed 325795(7MB) AllocSpace objects, 0(0B) LOS objects, 16% free, 30MB/36MB, paused 1.337ms total 604.242ms
06-28 17:19:00.007  1596  1613 E memtrack: Couldn't load memtrack module
06-28 17:19:00.008  1596  1613 W android.os.Debug: failed to get memory consumption info: -1
06-28 17:19:00.230  1596  1613 E memtrack: Couldn't load memtrack module
06-28 17:19:00.230  1596  1613 W android.os.Debug: failed to get memory consumption info: -1
06-28 17:19:01.799  5258  5268 I zygote  : Background concurrent copying GC freed 359909(8MB) AllocSpace objects, 0(0B) LOS objects, 16% free, 29MB/35MB, paused 1.139ms total 619.802ms
06-28 17:19:03.914  1596  3033 I WifiService: getConnectionInfo uid=10014
06-28 17:19:03.920  1976  7270 E WakeLock: GCM_HB_ALARM release without a matched acquire!
06-28 17:19:04.040  1976  7275 V NativeCrypto: Read error: ssl=0xa1c9cd28: I/O error during system call, Connection reset by peer
06-28 17:19:04.072  1976  7275 V NativeCrypto: SSL shutdown failed: ssl=0xa1c9cd28: I/O error during system call, Broken pipe
06-28 17:19:04.074  1976  7275 E WakeLock: GCM_HB_ALARM release without a matched acquire!
06-28 17:19:04.074  1976  7275 W WakeLock: GCM_HB_ALARM counter does not exist
06-28 17:19:04.196  1596  1679 D ConnectivityService: reportNetworkConnectivity(101, false) by 10014
06-28 17:19:04.197  1596  2897 D NetworkMonitor/NetworkAgentInfo [WIFI () - 101]: Forcing reevaluation for UID 10014
06-28 17:19:04.252  1596  7307 D NetworkMonitor/NetworkAgentInfo [WIFI () - 101]: PROBE_DNS connectivitycheck.gstatic.com 15ms OK 172.217.172.131,2800:3f0:4001:81a::2003
06-28 17:19:04.286  5258  5268 I zygote  : Background concurrent copying GC freed 328540(7MB) AllocSpace objects, 0(0B) LOS objects, 16% free, 30MB/36MB, paused 15.206ms total 839.735ms
06-28 17:19:04.301  1596  7306 D NetworkMonitor/NetworkAgentInfo [WIFI () - 101]: PROBE_DNS www.google.com 59ms OK 172.217.28.228,2800:3f0:4001:801::2004
06-28 17:19:04.349  1596  7307 D NetworkMonitor/NetworkAgentInfo [WIFI () - 101]: PROBE_HTTP http://connectivitycheck.gstatic.com/generate_204 time=95ms ret=204 request={User-Agent=[Mozilla/5.0 (X11; Linux x86_64) AppleWebKit/537.36 (KHTML, like Gecko) Chrome/60.0.3112.32 Safari/537.36]} headers={null=[HTTP/1.1 204 No Content], Content-Length=[0], Date=[Fri, 28 Jun 2019 21:19:04 GMT], X-Android-Received-Millis=[1561756744349], X-Android-Response-Source=[NETWORK 204], X-Android-Selected-Protocol=[http/1.1], X-Android-Sent-Millis=[1561756744255]}
06-28 17:19:04.377  1596  7306 D NetworkMonitor/NetworkAgentInfo [WIFI () - 101]: PROBE_HTTPS https://www.google.com/generate_204 time=74ms ret=204 request={User-Agent=[Mozilla/5.0 (X11; Linux x86_64) AppleWebKit/537.36 (KHTML, like Gecko) Chrome/60.0.3112.32 Safari/537.36]} headers={null=[HTTP/1.1 204 No Content], Alt-Svc=[quic=":443"; ma=2592000; v="46,44,43,39"], Content-Length=[0], Date=[Fri, 28 Jun 2019 21:19:04 GMT], X-Android-Received-Millis=[1561756744376], X-Android-Response-Source=[NETWORK 204], X-Android-Selected-Protocol=[http/1.1], X-Android-Sent-Millis=[1561756744303]}
06-28 17:19:04.379  1596  1679 D ConnectivityService: NetworkAgentInfo [WIFI () - 101] validation passed
06-28 17:19:04.621  1596  5058 I WifiService: getConnectionInfo uid=10014
06-28 17:19:04.934  1596  2502 I WifiService: getConnectionInfo uid=10014
06-28 17:19:05.070  1596  5058 I WifiService: getConnectionInfo uid=10014
06-28 17:19:06.424  5258  5268 I zygote  : Background concurrent copying GC freed 365536(8MB) AllocSpace objects, 0(0B) LOS objects, 16% free, 30MB/36MB, paused 2.183ms total 700.715ms
06-28 17:19:08.096  1596  5058 I WifiService: acquireWifiLock uid=10014 lockMode=2
06-28 17:19:08.105  2534  2534 E TaskServiceHelper: Cannot execute TaskName.UNKNOWN (or data got corrupted).
06-28 17:19:08.262  5258  5268 I zygote  : Background concurrent copying GC freed 359814(7MB) AllocSpace objects, 0(0B) LOS objects, 17% free, 28MB/34MB, paused 1.696ms total 574.078ms
06-28 17:19:10.333  5258  5268 I zygote  : Background concurrent copying GC freed 293902(6MB) AllocSpace objects, 0(0B) LOS objects, 17% free, 28MB/34MB, paused 1.420ms total 594.013ms
06-28 17:19:11.222  1596  5058 D WificondControl: Scan result ready event
06-28 17:19:11.365  1596  4388 I WifiService: releaseWifiLock uid=10014
06-28 17:19:11.609  1596  1607 I zygote  : Background concurrent copying GC freed 126331(4MB) AllocSpace objects, 10(616KB) LOS objects, 30% free, 13MB/19MB, paused 1.225ms total 294.923ms
06-28 17:19:12.483  5258  5268 I zygote  : Background concurrent copying GC freed 306647(6MB) AllocSpace objects, 0(0B) LOS objects, 16% free, 29MB/35MB, paused 1.303ms total 569ms
06-28 17:19:14.436  1596  1675 W AlarmManager: Unrecognized alarm listener com.android.server.wifi.WifiConfigStore$1@31cc37f
06-28 17:19:14.444  5258  5268 I zygote  : Background concurrent copying GC freed 350355(7MB) AllocSpace objects, 0(0B) LOS objects, 16% free, 29MB/35MB, paused 3.653ms total 679.444ms
06-28 17:19:14.461  1596  1675 D WifiConfigStore: Writing to stores completed in 25 ms.
06-28 17:19:16.568  5258  5268 I zygote  : Background concurrent copying GC freed 335901(7MB) AllocSpace objects, 0(0B) LOS objects, 16% free, 30MB/36MB, paused 1.185ms total 831.196ms
06-28 17:19:18.801  5258  5268 I zygote  : Background concurrent copying GC freed 384699(8MB) AllocSpace objects, 0(0B) LOS objects, 16% free, 30MB/36MB, paused 2.065ms total 731.357ms
06-28 17:19:20.013  1596  1617 I WifiService: requestActivityInfo uid=1000
06-28 17:19:20.013  1596  1617 I WifiService: reportActivityInfo uid=1000
06-28 17:19:20.013  1596  1617 I WifiService: getSupportedFeatures uid=1000
06-28 17:19:20.704  5258  5268 I zygote  : Background concurrent copying GC freed 359438(7MB) AllocSpace objects, 0(0B) LOS objects, 16% free, 30MB/36MB, paused 1.293ms total 774.637ms
06-28 17:19:22.488  5258  5268 I zygote  : Background concurrent copying GC freed 359681(7MB) AllocSpace objects, 0(0B) LOS objects, 17% free, 28MB/34MB, paused 1.100ms total 552.186ms
06-28 17:19:23.338  4804  4821 I Finsky  : [283] imb.run(3): Stats for Executor: BlockingExecutor ink@a9cdba9[Running, pool size = 0, active threads = 0, queued tasks = 0, completed tasks = 14]
06-28 17:19:23.338  4804  4821 I Finsky  : [283] imb.run(3): Stats for Executor: LightweightExecutor ink@d6d352e[Running, pool size = 2, active threads = 0, queued tasks = 0, completed tasks = 67]
06-28 17:19:23.562  4804  4821 I Finsky  : [283] imb.run(3): Stats for Executor: bgExecutor ink@d47d8cf[Running, pool size = 4, active threads = 0, queued tasks = 0, completed tasks = 37]
06-28 17:19:24.271  5258  5268 I zygote  : Background concurrent copying GC freed 290038(6MB) AllocSpace objects, 0(0B) LOS objects, 16% free, 29MB/35MB, paused 2.976ms total 533.588ms
06-28 17:19:26.245  5258  5268 I zygote  : Background concurrent copying GC freed 326156(7MB) AllocSpace objects, 0(0B) LOS objects, 16% free, 30MB/36MB, paused 1.281ms total 768.251ms
06-28 17:19:28.260  5258  5268 I zygote  : Background concurrent copying GC freed 368287(8MB) AllocSpace objects, 0(0B) LOS objects, 16% free, 29MB/35MB, paused 4.885ms total 544.373ms
06-28 17:19:29.159  1596  5536 I WifiService: acquireWifiLock uid=10014 lockMode=2
06-28 17:19:29.212  1596  1613 E memtrack: Couldn't load memtrack module
06-28 17:19:29.213  1596  1613 W android.os.Debug: failed to get memory consumption info: -1
06-28 17:19:29.370  1596  3033 I WifiService: releaseWifiLock uid=10014
06-28 17:19:30.492  5258  5268 I zygote  : Background concurrent copying GC freed 322072(7MB) AllocSpace objects, 0(0B) LOS objects, 16% free, 30MB/36MB, paused 1.347ms total 814.026ms
06-28 17:19:32.121  5258  5268 I zygote  : Background concurrent copying GC freed 375192(8MB) AllocSpace objects, 0(0B) LOS objects, 17% free, 28MB/34MB, paused 5.018ms total 511.986ms
06-28 17:19:33.949  5258  5268 I zygote  : Background concurrent copying GC freed 285740(6MB) AllocSpace objects, 0(0B) LOS objects, 16% free, 29MB/35MB, paused 1.998ms total 568.896ms
06-28 17:19:35.146  1596  1617 I WifiService: requestActivityInfo uid=1000
06-28 17:19:35.146  1596  1617 I WifiService: reportActivityInfo uid=1000
06-28 17:19:35.146  1596  1617 I WifiService: getSupportedFeatures uid=1000
06-28 17:19:35.154  1596  2502 I WifiService: getConnectionInfo uid=10014
06-28 17:19:35.410  1976  1986 I zygote  : Background concurrent copying GC freed 153401(6MB) AllocSpace objects, 0(0B) LOS objects, 42% free, 8MB/14MB, paused 9.712ms total 158.313ms
06-28 17:19:35.796  5258  5268 I zygote  : Background concurrent copying GC freed 326988(7MB) AllocSpace objects, 0(0B) LOS objects, 17% free, 28MB/34MB, paused 6.021ms total 445.180ms
06-28 17:19:36.126  1398  1407 D hwcomposer: hw_composer sent 12 syncs in 103s
06-28 17:19:38.071  5258  5268 I zygote  : Background concurrent copying GC freed 292084(6MB) AllocSpace objects, 0(0B) LOS objects, 16% free, 29MB/35MB, paused 1.694ms total 583.909ms
06-28 17:19:39.646  1409  1409 I boot-pipe: done populating /dev/random
06-28 17:19:40.071  5258  5268 I zygote  : Background concurrent copying GC freed 325505(7MB) AllocSpace objects, 0(0B) LOS objects, 16% free, 30MB/36MB, paused 1.530ms total 649.413ms
06-28 17:19:42.115  5258  5268 I zygote  : Background concurrent copying GC freed 366333(8MB) AllocSpace objects, 0(0B) LOS objects, 16% free, 29MB/35MB, paused 1.315ms total 523.586ms
06-28 17:19:44.925  5258  5268 I zygote  : Background concurrent copying GC freed 322423(7MB) AllocSpace objects, 0(0B) LOS objects, 15% free, 31MB/37MB, paused 1.355ms total 1.023s
06-28 17:19:47.072  5258  5268 I zygote  : Background concurrent copying GC freed 431313(9MB) AllocSpace objects, 0(0B) LOS objects, 16% free, 30MB/36MB, paused 2.361ms total 746.544ms
06-28 17:19:48.998  5258  5268 I zygote  : Background concurrent copying GC freed 354534(7MB) AllocSpace objects, 0(0B) LOS objects, 16% free, 29MB/35MB, paused 1.412ms total 548.341ms
06-28 17:19:49.199  1596  3033 I WifiService: acquireWifiLock uid=10014 lockMode=2
06-28 17:19:49.220  1596  1613 E memtrack: Couldn't load memtrack module
06-28 17:19:49.221  1596  1613 W android.os.Debug: failed to get memory consumption info: -1
06-28 17:19:49.373  1596  1613 E memtrack: Couldn't load memtrack module
06-28 17:19:49.373  1596  1613 W android.os.Debug: failed to get memory consumption info: -1
06-28 17:19:50.163  1596  1617 I WifiService: requestActivityInfo uid=1000
06-28 17:19:50.164  1596  1617 I WifiService: reportActivityInfo uid=1000
06-28 17:19:50.164  1596  1617 I WifiService: getSupportedFeatures uid=1000
06-28 17:19:51.063  5258  5268 I zygote  : Background concurrent copying GC freed 333442(7MB) AllocSpace objects, 0(0B) LOS objects, 16% free, 30MB/36MB, paused 1.594ms total 772.876ms
06-28 17:19:52.311  1596  4388 D WificondControl: Scan result ready event
06-28 17:19:52.527  1596  4388 I WifiService: releaseWifiLock uid=10014
06-28 17:19:53.205  5258  5268 I zygote  : Background concurrent copying GC freed 392565(8MB) AllocSpace objects, 0(0B) LOS objects, 16% free, 29MB/35MB, paused 4.763ms total 591.941ms
06-28 17:19:55.357  5258  5268 I zygote  : Background concurrent copying GC freed 324952(7MB) AllocSpace objects, 0(0B) LOS objects, 16% free, 30MB/36MB, paused 9.050ms total 807.115ms
06-28 17:19:57.156  5258  5268 I zygote  : Background concurrent copying GC freed 363389(8MB) AllocSpace objects, 0(0B) LOS objects, 17% free, 29MB/35MB, paused 4.689ms total 608.456ms
06-28 17:19:59.531  5258  5268 I zygote  : Background concurrent copying GC freed 321387(7MB) AllocSpace objects, 0(0B) LOS objects, 16% free, 30MB/36MB, paused 2.914ms total 727.282ms
06-28 17:20:01.403  5258  5268 I zygote  : Background concurrent copying GC freed 365976(8MB) AllocSpace objects, 0(0B) LOS objects, 17% free, 28MB/34MB, paused 1.607ms total 409.709ms
06-28 17:20:03.251  5258  5268 I zygote  : Background concurrent copying GC freed 313399(6MB) AllocSpace objects, 0(0B) LOS objects, 16% free, 29MB/35MB, paused 6.245ms total 533.990ms
