--------- beginning of main
07-01 14:09:02.012 17657 17667 I zygote  : Background concurrent copying GC freed 321166(7MB) AllocSpace objects, 0(0B) LOS objects, 21% free, 22MB/28MB, paused 2.131ms total 250.047ms
07-01 14:09:04.004 17657 17667 I zygote  : Background concurrent copying GC freed 279250(6MB) AllocSpace objects, 0(0B) LOS objects, 20% free, 22MB/28MB, paused 2.165ms total 264.392ms
07-01 14:09:04.615  1970  1970 I GeofencerStateMachine: sendNewTransitions called.
--------- beginning of system
07-01 14:08:54.643  1604  2691 V MediaRouterService: restoreBluetoothA2dp(false)
07-01 14:09:06.177  1604  3574 I ActivityManager: START u0 {act=android.intent.action.MAIN cat=[android.intent.category.HOME] flg=0x10000000 cmp=com.google.android.apps.nexuslauncher/.NexusLauncherActivity} from uid 2000
07-01 14:09:06.224  1604  2170 I GnssLocationProvider: WakeLock acquired by sendMessage(SET_REQUEST, 0, com.android.server.location.GnssLocationProvider$GpsRequest@66cc7aa)
07-01 14:09:06.248  1402  1402 D gralloc_ranchu: gralloc_alloc: Creating ashmem region of size 8298496
07-01 14:09:06.249  1604  1617 I GnssLocationProvider: WakeLock released by handleMessage(SET_REQUEST, 0, com.android.server.location.GnssLocationProvider$GpsRequest@66cc7aa)
07-01 14:09:06.244 17657 17657 D net.osmand: Disable sensor
07-01 14:09:06.309  1402  1402 D gralloc_ranchu: gralloc_alloc: Creating ashmem region of size 8298496
07-01 14:09:06.354  1402  1402 D gralloc_ranchu: gralloc_alloc: Creating ashmem region of size 8298496
07-01 14:09:06.355  1412  1412 D SurfaceFlinger: duplicate layer name: changing com.google.android.apps.nexuslauncher/com.google.android.apps.nexuslauncher.NexusLauncherActivity to com.google.android.apps.nexuslauncher/com.google.android.apps.nexuslauncher.NexusLauncherActivity#1
07-01 14:09:06.407  1402  1440 D gralloc_ranchu: gralloc_alloc: Creating ashmem region of size 8298496
07-01 14:09:06.415 17657 17657 I net.osmand: MapRenderRepositories RENDER MAP: Interrupt rendering map
07-01 14:09:06.456  1402  1402 D gralloc_ranchu: gralloc_alloc: Creating ashmem region of size 8298496
07-01 14:09:06.510  1402  1440 D gralloc_ranchu: gralloc_alloc: Creating ashmem region of size 8298496
07-01 14:09:06.560  9593  9643 D EGL_emulation: eglMakeCurrent: 0xa5805ba0: ver 2 0 (tinfo 0xa58033e0)
07-01 14:09:06.609  9593  9593 W ThreadPoolDumper: Queue length for executor EventBus is now 11. Perhaps some tasks are too long, or the pool is too small.
07-01 14:09:06.614  2061  2124 D EGL_emulation: eglMakeCurrent: 0xa5806680: ver 2 0 (tinfo 0xa5803c60)
07-01 14:09:06.624 17657 17667 I zygote  : Background concurrent copying GC freed 307684(6MB) AllocSpace objects, 0(0B) LOS objects, 20% free, 22MB/28MB, paused 1.216ms total 734.708ms
07-01 14:09:06.715 17657 17700 D EGL_emulation: eglMakeCurrent: 0xa5805420: ver 2 0 (tinfo 0xa58032c0)
07-01 14:09:06.813  9593  9649 W SessionLifecycleManager: Handover failed. Creating new session controller.
07-01 14:09:06.838  1970  1970 I GeofencerStateMachine: sendNewLocationAvailability: availability=LocationAvailability[isLocationAvailable: true]
07-01 14:09:06.924  1402  1440 D gralloc_ranchu: gralloc_alloc: Creating ashmem region of size 8298496
07-01 14:09:07.012  1707  1933 D EGL_emulation: eglMakeCurrent: 0x91a91b00: ver 2 0 (tinfo 0x91b96990)
07-01 14:09:07.038  1707  1933 D EGL_emulation: eglMakeCurrent: 0x91a91b00: ver 2 0 (tinfo 0x91b96990)
07-01 14:09:07.039  1412  1412 E EGL_emulation: tid 1412: eglCreateSyncKHR(1962): error 0x3004 (EGL_BAD_ATTRIBUTE)
07-01 14:09:07.048  1707  1933 D EGL_emulation: eglMakeCurrent: 0x91a91b00: ver 2 0 (tinfo 0x91b96990)
07-01 14:09:07.170  2061  2124 W OpenGLRenderer: Incorrectly called buildLayer on View: ShortcutAndWidgetContainer, destroying layer...
07-01 14:09:07.170  2061  2124 W OpenGLRenderer: Incorrectly called buildLayer on View: ShortcutAndWidgetContainer, destroying layer...
07-01 14:09:07.382  2061  2068 I zygote  : Do full code cache collection, code=250KB, data=153KB
07-01 14:09:07.403 17657 17929 E FA      : Task exception on worker thread: java.lang.IllegalAccessError: Method 'void android.support.v4.content.ContextCompat.<init>()' is inaccessible to class 'com.google.firebase.iid.zzg' (declaration of 'com.google.firebase.iid.zzg' appears in /data/app/net.osmand-3e2027wrPNiMXbTSfYMHIA==/base.apk): com.google.android.gms.measurement.internal.zzt.zzEd(Unknown Source:3)
07-01 14:09:07.493  2061  2068 I zygote  : After code cache collection, code=241KB, data=138KB
07-01 14:09:07.525  1604  2691 I WifiService: getWifiEnabledState uid=10032
07-01 14:09:07.655  1604  3192 I zygote  : android::hardware::configstore::V1_0::ISurfaceFlingerConfigs::hasWideColorDisplay retrieved: 0
07-01 14:09:07.655  1604  3192 I OpenGLRenderer: Initialized EGL, version 1.4
07-01 14:09:07.655  1604  3192 D OpenGLRenderer: Swap behavior 1
07-01 14:09:07.657  1604  3192 W OpenGLRenderer: Failed to choose config with EGL_SWAP_BEHAVIOR_PRESERVED, retrying without...
07-01 14:09:07.657  1604  3192 D OpenGLRenderer: Swap behavior 0
07-01 14:09:07.658  2061  2074 I zygote  : NativeAlloc concurrent copying GC freed 4414(311KB) AllocSpace objects, 13(3MB) LOS objects, 49% free, 4MB/8MB, paused 77.030ms total 1.074s
07-01 14:09:07.684  1604  3192 D EGL_emulation: eglCreateContext: 0xa57fd800: maj 2 min 0 rcv 2
07-01 14:09:07.687  1604  2691 I zygote  : IncrementDisableThreadFlip blocked for 14.234ms
07-01 14:09:07.696  1604  3192 D EGL_emulation: eglMakeCurrent: 0xa57fd800: ver 2 0 (tinfo 0x91a907b0)
07-01 14:09:07.762  9593 17959 W LocationOracle: No location history returned by ContextManager
07-01 14:09:07.836  1707  1933 D EGL_emulation: eglMakeCurrent: 0x91a91b00: ver 2 0 (tinfo 0x91b96990)
07-01 14:09:07.838  1604  3545 I WifiService: getWifiEnabledState uid=10032
07-01 14:09:07.971  9593  9649 I MicroDetectionWorker: #startMicroDetector [speakerMode: 0]
07-01 14:09:07.983  9593  9649 W ErrorReporter: reportError [type: 211, code: 393244, bug: 0]: errorCode: 393244, engine: 0
07-01 14:09:07.991  9593  9649 I MicroDetector: Keeping mic open: false
07-01 14:09:07.991  9593  9649 I MicroDetectionWorker: #onError(false)
07-01 14:09:07.997  2180  2194 I zygote  : Background concurrent copying GC freed 44728(2045KB) AllocSpace objects, 24(1728KB) LOS objects, 36% free, 10MB/16MB, paused 1.447ms total 636.843ms
07-01 14:09:08.116  1707  1729 I zygote  : NativeAlloc concurrent copying GC freed 37975(1818KB) AllocSpace objects, 0(0B) LOS objects, 49% free, 5MB/11MB, paused 114.620ms total 999.998ms
07-01 14:09:08.134  1970  1970 I GeofencerStateMachine: removeGeofences: removeRequest=RemoveGeofencingRequest[REMOVE_BY_PENDING_INTENT pendingIntent=PendingIntent[creatorPackage=com.google.android.gms], packageName=com.google.android.gms]
07-01 14:09:08.141  1970  1970 I chatty  : uid=10014 com.google.android.gms.persistent identical 1 line
07-01 14:09:08.151  1970  1970 I GeofencerStateMachine: removeGeofences: removeRequest=RemoveGeofencingRequest[REMOVE_BY_PENDING_INTENT pendingIntent=PendingIntent[creatorPackage=com.google.android.gms], packageName=com.google.android.gms]
07-01 14:09:08.323  1970 17646 W ctxmgr  : [AclManager] No 3 for (accnt=account#1066226748#, com.google.android.gms(10014):UserVelocityProducer, vrsn=17785022, 0, 3pPkg = null ,  3pMdlId = null ,  pid = 1970). Was: 2 for 1, account#1066226748# [CONTEXT service_id=47 ]
07-01 14:09:08.415  1604  1613 I zygote  : NativeAlloc concurrent copying GC freed 29452(1495KB) AllocSpace objects, 9(372KB) LOS objects, 16% free, 31MB/37MB, paused 13.184ms total 782.912ms
07-01 14:09:08.491  1970  1984 I zygote  : Waiting for a blocking GC ProfileSaver
07-01 14:09:08.517  9593 17959 E PlaceStateUpdater: Received no places
07-01 14:09:08.598  9593  9599 I zygote  : Compiler allocated 4MB to compile com.google.android.apps.gsa.search.core.state.d.ae com.google.android.apps.gsa.binaries.velvet.app.re.bG()
07-01 14:09:08.609  1970  1970 I GeofencerStateMachine: removeGeofences: removeRequest=RemoveGeofencingRequest[REMOVE_BY_PENDING_INTENT pendingIntent=PendingIntent[creatorPackage=com.google.android.gms], packageName=com.google.android.gms]
07-01 14:09:08.618  1970  1970 I GeofencerStateMachine: removeGeofences: removeRequest=RemoveGeofencingRequest[REMOVE_BY_PENDING_INTENT pendingIntent=PendingIntent[creatorPackage=com.google.android.gms], packageName=com.google.android.gms]
07-01 14:09:08.642  1970 17967 I PlaceInferenceEngine: [anon] Changed inference mode: 0
07-01 14:09:08.657  1970 17967 I PlaceInferenceEngine: [account#1066226748] Changed inference mode: 0
07-01 14:09:08.743  1970 17646 I ctxmgr  : [ProducerStatusImpl] updateStateForNewContextData: inactive, contextName=7 [CONTEXT service_id=47 ]
07-01 14:09:08.776  1970  1980 I zygote  : Background concurrent copying GC freed 119074(5MB) AllocSpace objects, 2(104KB) LOS objects, 38% free, 9MB/15MB, paused 1.975ms total 359.086ms
07-01 14:09:08.776  1970  1984 I zygote  : WaitForGcToComplete blocked ProfileSaver on ProfileSaver for 285.213ms
07-01 14:09:09.141  1970 17967 I Places  : ?: PlacesBleScanner start() with priority 2
07-01 14:09:09.152  1970 17967 I PlaceInferenceEngine: [anon] Changed inference mode: 1
07-01 14:09:09.153  1970 17967 I PlaceInferenceEngine: [account#1066226748] Changed inference mode: 1
07-01 14:09:09.167  1970 17967 I Places  : Converted 1 out of 1 WiFi scans
07-01 14:09:09.168  1604  4176 I WifiService: getConnectionInfo uid=10014
07-01 14:09:09.185  1970  1970 E BeaconBle: Missing BluetoothAdapter
07-01 14:09:09.186  1970  1970 I BeaconBle: BLE 'KK+' software access layer enabled
07-01 14:09:09.209  1970 17967 I PlaceInferenceEngine: [account#1066226748] Changed inference mode: 1
07-01 14:09:09.209  1970 17967 I PlaceInferenceEngine: [anon] Changed inference mode: 1
07-01 14:09:09.221  9593  9599 I zygote  : Compiler allocated 5MB to compile com.google.common.collect.gf com.google.android.apps.gsa.binaries.velvet.app.yw.bc()
07-01 14:09:09.264  1970  1970 I BeaconBle: Client requested scan, settings=BleSettings [scanMode=ZERO_POWER, callbackType=ALL_MATCHES, reportDelayMillis=0, 1 filters, 0 clients, callingClientName=Places]
07-01 14:09:09.264  1970  1970 I BeaconBle: Scan : No clients left, canceling alarm.
07-01 14:09:09.265  1970  1970 E BeaconBle: Scan couldn't start for Places
07-01 14:09:09.265  1970  1970 W Places  : BLE failure while scanning - code 5
07-01 14:09:09.388  1970  1975 I zygote  : Do full code cache collection, code=2MB, data=1857KB
07-01 14:09:09.402  1970  1975 I zygote  : After code cache collection, code=2MB, data=1703KB
07-01 14:09:09.671  1970 17969 I PlaceInferenceEngine: No beacon scan available - ignoring candidates.
07-01 14:09:09.843  1970  1980 I zygote  : Background concurrent copying GC freed 70884(3MB) AllocSpace objects, 32(2MB) LOS objects, 36% free, 10MB/16MB, paused 1.250ms total 182.142ms
07-01 14:09:09.879  1970 17969 I PlaceInferenceEngine: No beacon scan available - ignoring candidates.
07-01 14:09:09.919  1604  4176 I ActivityManager: Force stopping com.skgames.trafficrider appid=10081 user=0: from pid 17974
07-01 14:09:09.999  1836  1836 D CarrierSvcBindHelper: No carrier app for: 0
07-01 14:09:10.359  1604  1613 I zygote  : NativeAlloc concurrent copying GC freed 7544(532KB) AllocSpace objects, 0(0B) LOS objects, 16% free, 31MB/37MB, paused 4.417ms total 438.267ms
07-01 14:09:10.450  1604  3545 I ActivityManager: Force stopping com.EvilChaotic.ModernWarplanes appid=10082 user=0: from pid 17980
07-01 14:09:10.480  1836  1836 D CarrierSvcBindHelper: No carrier app for: 0
07-01 14:09:10.925  1604  2691 I ActivityManager: Force stopping com.ea.games.r3_row appid=10083 user=0: from pid 17984
07-01 14:09:11.286  1604  4176 W ActivityManager: Invalid packageName: android.media.action.IMAGE_CAPTURE
07-01 14:09:10.960  1836  1836 D CarrierSvcBindHelper: No carrier app for: 0
07-01 14:09:11.837  2799  2830 I Finsky  : [131] imb.run(3): Stats for Executor: BlockingExecutor ink@4fcda2c[Running, pool size = 0, active threads = 0, queued tasks = 0, completed tasks = 32]
07-01 14:09:11.843  2799  2830 I Finsky  : [131] imb.run(3): Stats for Executor: LightweightExecutor ink@42a7cf5[Running, pool size = 2, active threads = 0, queued tasks = 0, completed tasks = 67]
07-01 14:09:12.703  2799  2830 I Finsky  : [131] imb.run(3): Stats for Executor: bgExecutor ink@4f2f371[Running, pool size = 4, active threads = 0, queued tasks = 0, completed tasks = 1098]
07-01 14:09:13.025  9593  9649 I MicroDetectionWorker: #startMicroDetector [speakerMode: 0]
07-01 14:09:13.028  9593  9649 W ErrorReporter: reportError [type: 211, code: 393244, bug: 0]: errorCode: 393244, engine: 0
07-01 14:09:13.030  9593  9649 I MicroDetector: Keeping mic open: false
07-01 14:09:13.030  9593  9649 I MicroDetectionWorker: #onError(false)
07-01 14:09:14.359 18002 18002 D AndroidRuntime: >>>>>> START com.android.internal.os.RuntimeInit uid 2000 <<<<<<
07-01 14:09:14.379 18002 18002 W app_process: Could not reserve sentinel fault page
07-01 14:09:14.646 18002 18002 W app_process: Unexpected CPU variant for X86 using defaults: x86
07-01 14:09:14.658 18002 18002 I app_process: The ClassLoaderContext is a special shared library.
07-01 14:09:14.755 18002 18002 D AndroidRuntime: Calling main entry com.android.commands.monkey.Monkey
07-01 14:09:14.757 18002 18002 W Monkey  : args: [-p, net.osmand, -c, android.intent.category.LAUNCHER, 1]
07-01 14:09:14.763 18002 18002 W Monkey  :  arg: "-p"
07-01 14:09:14.763 18002 18002 W Monkey  :  arg: "net.osmand"
07-01 14:09:14.768 18002 18002 W Monkey  :  arg: "-c"
07-01 14:09:14.768 18002 18002 W Monkey  :  arg: "android.intent.category.LAUNCHER"
07-01 14:09:14.768 18002 18002 W Monkey  :  arg: "1"
07-01 14:09:14.768 18002 18002 W Monkey  : data="net.osmand"
07-01 14:09:14.769 18002 18002 W Monkey  : data="android.intent.category.LAUNCHER"
07-01 14:09:14.848  1604  1618 W BroadcastQueue: Skipping deliver [background] BroadcastRecord{d070070 u-1 android.net.conn.CONNECTIVITY_CHANGE} to ReceiverList{4bd7fe9 18002 (unknown name)/2000/u-1 remote:9a22822}: process gone or crashing
07-01 14:09:14.901  1604  3545 I ActivityManager: START u0 {act=android.intent.action.MAIN cat=[android.intent.category.LAUNCHER] flg=0x10200000 cmp=net.osmand/.plus.activities.MapActivity} from uid 2000
07-01 14:09:14.902  1604  3545 W Binder  : Outgoing transactions from this process must be FLAG_ONEWAY
07-01 14:09:14.902  1604  3545 W Binder  : java.lang.Throwable
07-01 14:09:14.902  1604  3545 W Binder  : 	at android.os.BinderProxy.transact(Binder.java:752)
07-01 14:09:14.902  1604  3545 W Binder  : 	at android.app.IActivityController$Stub$Proxy.activityStarting(IActivityController.java:172)
07-01 14:09:14.902  1604  3545 W Binder  : 	at com.android.server.am.ActivityStarter.startActivity(ActivityStarter.java:449)
07-01 14:09:14.902  1604  3545 W Binder  : 	at com.android.server.am.ActivityStarter.startActivityLocked(ActivityStarter.java:278)
07-01 14:09:14.902  1604  3545 W Binder  : 	at com.android.server.am.ActivityStarter.startActivityMayWait(ActivityStarter.java:817)
07-01 14:09:14.902  1604  3545 W Binder  : 	at com.android.server.am.ActivityManagerService.startActivityAsUser(ActivityManagerService.java:4532)
07-01 14:09:14.902  1604  3545 W Binder  : 	at com.android.server.am.ActivityManagerService.startActivity(ActivityManagerService.java:4519)
07-01 14:09:14.902  1604  3545 W Binder  : 	at android.app.IActivityManager$Stub.onTransact(IActivityManager.java:121)
07-01 14:09:14.902  1604  3545 W Binder  : 	at com.android.server.am.ActivityManagerService.onTransact(ActivityManagerService.java:2919)
07-01 14:09:14.902  1604  3545 W Binder  : 	at android.os.Binder.execTransact(Binder.java:697)
07-01 14:09:14.917 18002 18002 I Monkey  : Events injected: 1
07-01 14:09:14.940  1402  1440 D gralloc_ranchu: gralloc_alloc: Creating ashmem region of size 8298496
07-01 14:09:14.966  1412  1412 E EGL_emulation: tid 1412: eglCreateSyncKHR(1962): error 0x3004 (EGL_BAD_ATTRIBUTE)
07-01 14:09:14.973  1604  1651 W LocalDisplayAdapter: Unable to find color mode 0, ignoring request.
07-01 14:09:15.014  1604  5753 I ActivityManager: Config changes=480 {1.0 310mcc260mnc [en_US] ldltr sw411dp w683dp h387dp 420dpi nrml land finger qwerty/v/v -nav/h appBounds=Rect(126, 0 - 1920, 1080) s.17}
07-01 14:09:15.054  1604  5753 I ActivityManager: Override config changes=480 {1.0 310mcc260mnc [en_US] ldltr sw411dp w683dp h387dp 420dpi nrml land finger qwerty/v/v -nav/h appBounds=Rect(126, 0 - 1920, 1080) s.17} for displayId=0
07-01 14:09:15.138  1604  5753 W LocalDisplayAdapter: Unable to find color mode 0, ignoring request.
07-01 14:09:15.206  1604  1651 W LocalDisplayAdapter: Unable to find color mode 0, ignoring request.
07-01 14:09:15.227  1604  1619 W Looper  : Dispatch took 215ms on android.ui, h=Handler (com.android.server.am.ActivityManagerService$UiHandler) {63b7718} cb=null msg=31
07-01 14:09:15.256 18002 18002 I Monkey  : ## Network stats: elapsed time=326ms (0ms mobile, 0ms wifi, 326ms not connected)
07-01 14:09:15.265 17657 17657 D InAppPurchaseHelper: Destroying helper.
07-01 14:09:15.295  1604  1604 W LocalDisplayAdapter: Unable to find color mode 0, ignoring request.
07-01 14:09:15.304  1604  1666 I InputReader: Reconfiguring input devices.  changes=0x00000004
07-01 14:09:15.304  1604  1666 I InputReader: Device reconfigured: id=0, name='qwerty2', size 1080x1920, orientation 3, mode 1, display id 0
07-01 14:09:15.332  1604  1604 W WindowManager: Failed looking up window callers=com.android.server.wm.WindowManagerService.windowForClientLocked:5797 com.android.server.wm.WindowManagerService.finishDrawingWindow:2340 com.android.server.wm.Session.finishDrawing:275 
07-01 14:09:15.334  1604  1651 W WindowManager: Failed looking up window callers=com.android.server.wm.WindowManagerService.windowForClientLocked:5797 com.android.server.wm.WindowManagerService.removeWindow:1715 com.android.server.wm.Session.remove:222 
07-01 14:09:15.339  1604  1666 I InputReader: Reconfiguring input devices.  changes=0x00000004
07-01 14:09:15.351  2061  2124 D EGL_emulation: eglMakeCurrent: 0xa5806680: ver 2 0 (tinfo 0xa5803c60)
07-01 14:09:15.354  1604  1666 I InputReader: Reconfiguring input devices.  changes=0x00000004
07-01 14:09:15.359  1604  1619 W Looper  : Dispatch took 130ms on android.ui, h=Handler (com.android.server.policy.PhoneWindowManager$PolicyHandler) {35d3375} cb=android.database.ContentObserver$NotificationRunnable@f54997a msg=0
07-01 14:09:15.361  1604  1666 I InputReader: Reconfiguring input devices.  changes=0x00000004
07-01 14:09:15.385  1412  1468 E SurfaceFlinger: Permission Denial: can't openGlobalTransaction pid=17657, uid<=10104
07-01 14:09:15.385 17657 17657 E BpSurfaceComposerClient: Failed to transact (-1)
07-01 14:09:15.401  1412  1427 E SurfaceFlinger: Permission Denial: can't openGlobalTransaction pid=17657, uid<=10104
07-01 14:09:15.402 17657 17657 E BpSurfaceComposerClient: Failed to transact (-1)
07-01 14:09:15.409 18002 18002 I com.android.commands.monkey: System.exit called, status: 0
07-01 14:09:15.409 18002 18002 I AndroidRuntime: VM exiting with result code 0.
07-01 14:09:15.524  1604  1619 W Looper  : Dispatch took 164ms on android.ui, h=Handler (com.android.server.policy.PhoneWindowManager$PolicyHandler) {35d3375} cb=android.database.ContentObserver$NotificationRunnable@5166d88 msg=0
07-01 14:09:15.531 17657 17657 W ResourceType: ResTable_typeSpec entry count inconsistent: given 5115, previously 5124
07-01 14:09:15.532 17657 17657 W ResourceType: ResTable_typeSpec entry count inconsistent: given 142, previously 459
07-01 14:09:15.543 17657 17657 W ResourceType: For resource 0x7f0e00c0, entry index(192) is beyond type entryCount(142)
07-01 14:09:15.543 17657 17657 W ResourceType: For resource 0x7f0e00d1, entry index(209) is beyond type entryCount(142)
07-01 14:09:15.543 17657 17657 W ResourceType: For resource 0x7f0e00cb, entry index(203) is beyond type entryCount(142)
07-01 14:09:15.543 17657 17657 W ResourceType: For resource 0x7f0e014d, entry index(333) is beyond type entryCount(142)
07-01 14:09:15.543 17657 17657 W ResourceType: For resource 0x7f0e00dd, entry index(221) is beyond type entryCount(142)
07-01 14:09:15.543 17657 17657 W ResourceType: For resource 0x7f0e00e4, entry index(228) is beyond type entryCount(142)
07-01 14:09:15.595  1402  1440 D gralloc_ranchu: gralloc_alloc: Creating ashmem region of size 544768
07-01 14:09:15.597 17657 17657 W ResourceType: For resource 0x7f0e01c4, entry index(452) is beyond type entryCount(142)
07-01 14:09:15.598 17657 17657 W ResourceType: For resource 0x7f0e01c4, entry index(452) is beyond type entryCount(142)
07-01 14:09:15.598 17657 17657 W ResourceType: For resource 0x7f0e0183, entry index(387) is beyond type entryCount(142)
07-01 14:09:15.598 17657 17657 W ResourceType: For resource 0x7f0e0187, entry index(391) is beyond type entryCount(142)
07-01 14:09:15.598 17657 17657 W ResourceType: For resource 0x7f0e0185, entry index(389) is beyond type entryCount(142)
07-01 14:09:15.598 17657 17657 W ResourceType: For resource 0x7f0e015d, entry index(349) is beyond type entryCount(142)
07-01 14:09:15.598 17657 17657 W ResourceType: For resource 0x7f0e0195, entry index(405) is beyond type entryCount(142)
07-01 14:09:15.598 17657 17657 W ResourceType: For resource 0x7f0e016c, entry index(364) is beyond type entryCount(142)
07-01 14:09:15.598 17657 17657 W ResourceType: For resource 0x7f0e0163, entry index(355) is beyond type entryCount(142)
07-01 14:09:15.598 17657 17657 W ResourceType: For resource 0x7f0e00db, entry index(219) is beyond type entryCount(142)
07-01 14:09:15.598 17657 17657 W ResourceType: For resource 0x7f0e0193, entry index(403) is beyond type entryCount(142)
07-01 14:09:15.598 17657 17657 W ResourceType: For resource 0x7f0e016f, entry index(367) is beyond type entryCount(142)
07-01 14:09:15.598 17657 17657 W ResourceType: For resource 0x7f0e0161, entry index(353) is beyond type entryCount(142)
07-01 14:09:15.598 17657 17657 W ResourceType: For resource 0x7f0e0170, entry index(368) is beyond type entryCount(142)
07-01 14:09:15.599 17657 17657 W ResourceType: For resource 0x7f0e0174, entry index(372) is beyond type entryCount(142)
07-01 14:09:15.599 17657 17657 I chatty  : uid=10104(net.osmand) identical 2 lines
07-01 14:09:15.599 17657 17657 W ResourceType: For resource 0x7f0e0174, entry index(372) is beyond type entryCount(142)
07-01 14:09:15.599 17657 17657 W ResourceType: For resource 0x7f0e0177, entry index(375) is beyond type entryCount(142)
07-01 14:09:15.599 17657 17657 W ResourceType: For resource 0x7f0e0160, entry index(352) is beyond type entryCount(142)
07-01 14:09:15.599 17657 17657 W ResourceType: For resource 0x7f0e0199, entry index(409) is beyond type entryCount(142)
07-01 14:09:15.599 17657 17657 W ResourceType: For resource 0x7f0e017e, entry index(382) is beyond type entryCount(142)
07-01 14:09:15.599 17657 17657 W ResourceType: For resource 0x7f0e017f, entry index(383) is beyond type entryCount(142)
07-01 14:09:15.599 17657 17657 W ResourceType: For resource 0x7f0e0196, entry index(406) is beyond type entryCount(142)
07-01 14:09:15.599 17657 17657 W ResourceType: For resource 0x7f0e0197, entry index(407) is beyond type entryCount(142)
07-01 14:09:15.599 17657 17657 W ResourceType: For resource 0x7f0e0140, entry index(320) is beyond type entryCount(142)
07-01 14:09:15.599 17657 17657 W ResourceType: For resource 0x7f0e00e7, entry index(231) is beyond type entryCount(142)
07-01 14:09:15.599 17657 17657 W ResourceType: For resource 0x7f0e0194, entry index(404) is beyond type entryCount(142)
07-01 14:09:15.600 17657 17657 W ResourceType: For resource 0x7f0e01a5, entry index(421) is beyond type entryCount(142)
07-01 14:09:15.600 17657 17657 W ResourceType: For resource 0x7f0e017d, entry index(381) is beyond type entryCount(142)
07-01 14:09:15.600 17657 17657 W ResourceType: For resource 0x7f0e017b, entry index(379) is beyond type entryCount(142)
07-01 14:09:15.600 17657 17657 W ResourceType: For resource 0x7f0e010f, entry index(271) is beyond type entryCount(142)
07-01 14:09:15.600 17657 17657 W ResourceType: For resource 0x7f0e00f8, entry index(248) is beyond type entryCount(142)
07-01 14:09:15.600 17657 17657 W ResourceType: For resource 0x7f0e010f, entry index(271) is beyond type entryCount(142)
07-01 14:09:15.600 17657 17657 W ResourceType: For resource 0x7f0e0122, entry index(290) is beyond type entryCount(142)
07-01 14:09:15.600 17657 17657 W ResourceType: For resource 0x7f0e010b, entry index(267) is beyond type entryCount(142)
07-01 14:09:15.600 17657 17657 W ResourceType: For resource 0x7f0e010c, entry index(268) is beyond type entryCount(142)
07-01 14:09:15.600 17657 17657 W ResourceType: For resource 0x7f0e01ad, entry index(429) is beyond type entryCount(142)
07-01 14:09:15.600 17657 17657 W ResourceType: For resource 0x7f0e01ac, entry index(428) is beyond type entryCount(142)
07-01 14:09:15.603 17657 17657 W ResourceType: For resource 0x7f0e01c4, entry index(452) is beyond type entryCount(142)
07-01 14:09:15.603 17657 17657 W ResourceType: For resource 0x7f0e01c4, entry index(452) is beyond type entryCount(142)
07-01 14:09:15.604 17657 17657 W ResourceType: For resource 0x7f0e0183, entry index(387) is beyond type entryCount(142)
07-01 14:09:15.604 17657 17657 W ResourceType: For resource 0x7f0e0187, entry index(391) is beyond type entryCount(142)
07-01 14:09:15.604 17657 17657 W ResourceType: For resource 0x7f0e0185, entry index(389) is beyond type entryCount(142)
07-01 14:09:15.604 17657 17657 W ResourceType: For resource 0x7f0e015d, entry index(349) is beyond type entryCount(142)
07-01 14:09:15.604 17657 17657 W ResourceType: For resource 0x7f0e0195, entry index(405) is beyond type entryCount(142)
07-01 14:09:15.604 17657 17657 W ResourceType: For resource 0x7f0e016c, entry index(364) is beyond type entryCount(142)
07-01 14:09:15.604 17657 17657 W ResourceType: For resource 0x7f0e0163, entry index(355) is beyond type entryCount(142)
07-01 14:09:15.604 17657 17657 W ResourceType: For resource 0x7f0e00db, entry index(219) is beyond type entryCount(142)
07-01 14:09:15.604 17657 17657 W ResourceType: For resource 0x7f0e0193, entry index(403) is beyond type entryCount(142)
07-01 14:09:15.604 17657 17657 W ResourceType: For resource 0x7f0e016f, entry index(367) is beyond type entryCount(142)
07-01 14:09:15.604 17657 17657 W ResourceType: For resource 0x7f0e0161, entry index(353) is beyond type entryCount(142)
07-01 14:09:15.604 17657 17657 W ResourceType: For resource 0x7f0e0170, entry index(368) is beyond type entryCount(142)
07-01 14:09:15.604 17657 17657 W ResourceType: For resource 0x7f0e0174, entry index(372) is beyond type entryCount(142)
07-01 14:09:15.604 17657 17657 I chatty  : uid=10104(net.osmand) identical 2 lines
07-01 14:09:15.605 17657 17657 W ResourceType: For resource 0x7f0e0174, entry index(372) is beyond type entryCount(142)
07-01 14:09:15.605 17657 17657 W ResourceType: For resource 0x7f0e0177, entry index(375) is beyond type entryCount(142)
07-01 14:09:15.605 17657 17657 W ResourceType: For resource 0x7f0e0160, entry index(352) is beyond type entryCount(142)
07-01 14:09:15.605 17657 17657 W ResourceType: For resource 0x7f0e0199, entry index(409) is beyond type entryCount(142)
07-01 14:09:15.605 17657 17657 W ResourceType: For resource 0x7f0e017e, entry index(382) is beyond type entryCount(142)
07-01 14:09:15.605 17657 17657 W ResourceType: For resource 0x7f0e017f, entry index(383) is beyond type entryCount(142)
07-01 14:09:15.605 17657 17657 W ResourceType: For resource 0x7f0e0196, entry index(406) is beyond type entryCount(142)
07-01 14:09:15.605 17657 17657 W ResourceType: For resource 0x7f0e0197, entry index(407) is beyond type entryCount(142)
07-01 14:09:15.605 17657 17657 W ResourceType: For resource 0x7f0e0140, entry index(320) is beyond type entryCount(142)
07-01 14:09:15.605 17657 17657 W ResourceType: For resource 0x7f0e00e7, entry index(231) is beyond type entryCount(142)
07-01 14:09:15.605 17657 17657 W ResourceType: For resource 0x7f0e0194, entry index(404) is beyond type entryCount(142)
07-01 14:09:15.605 17657 17657 W ResourceType: For resource 0x7f0e01a5, entry index(421) is beyond type entryCount(142)
07-01 14:09:15.605 17657 17657 W ResourceType: For resource 0x7f0e017d, entry index(381) is beyond type entryCount(142)
07-01 14:09:15.605 17657 17657 W ResourceType: For resource 0x7f0e017b, entry index(379) is beyond type entryCount(142)
07-01 14:09:15.605 17657 17657 W ResourceType: For resource 0x7f0e010f, entry index(271) is beyond type entryCount(142)
07-01 14:09:15.606 17657 17657 W ResourceType: For resource 0x7f0e00f8, entry index(248) is beyond type entryCount(142)
07-01 14:09:15.606 17657 17657 W ResourceType: For resource 0x7f0e010f, entry index(271) is beyond type entryCount(142)
07-01 14:09:15.606 17657 17657 W ResourceType: For resource 0x7f0e0122, entry index(290) is beyond type entryCount(142)
07-01 14:09:15.606 17657 17657 W ResourceType: For resource 0x7f0e010b, entry index(267) is beyond type entryCount(142)
07-01 14:09:15.606 17657 17657 W ResourceType: For resource 0x7f0e010c, entry index(268) is beyond type entryCount(142)
07-01 14:09:15.606 17657 17657 W ResourceType: For resource 0x7f0e01ad, entry index(429) is beyond type entryCount(142)
07-01 14:09:15.606 17657 17657 W ResourceType: For resource 0x7f0e01ac, entry index(428) is beyond type entryCount(142)
07-01 14:09:15.609 17657 17657 W ResourceType: For resource 0x7f0e01c4, entry index(452) is beyond type entryCount(142)
07-01 14:09:15.609 17657 17657 W ResourceType: For resource 0x7f0e01c4, entry index(452) is beyond type entryCount(142)
07-01 14:09:15.609 17657 17657 W ResourceType: For resource 0x7f0e0183, entry index(387) is beyond type entryCount(142)
07-01 14:09:15.609 17657 17657 W ResourceType: For resource 0x7f0e0187, entry index(391) is beyond type entryCount(142)
07-01 14:09:15.609 17657 17657 W ResourceType: For resource 0x7f0e0185, entry index(389) is beyond type entryCount(142)
07-01 14:09:15.609 17657 17657 W ResourceType: For resource 0x7f0e015d, entry index(349) is beyond type entryCount(142)
07-01 14:09:15.609 17657 17657 W ResourceType: For resource 0x7f0e0195, entry index(405) is beyond type entryCount(142)
07-01 14:09:15.609 17657 17657 W ResourceType: For resource 0x7f0e016c, entry index(364) is beyond type entryCount(142)
07-01 14:09:15.609 17657 17657 W ResourceType: For resource 0x7f0e0163, entry index(355) is beyond type entryCount(142)
07-01 14:09:15.609 17657 17657 W ResourceType: For resource 0x7f0e00db, entry index(219) is beyond type entryCount(142)
07-01 14:09:15.609 17657 17657 W ResourceType: For resource 0x7f0e0193, entry index(403) is beyond type entryCount(142)
07-01 14:09:15.609 17657 17657 W ResourceType: For resource 0x7f0e016f, entry index(367) is beyond type entryCount(142)
07-01 14:09:15.609 17657 17657 W ResourceType: For resource 0x7f0e0161, entry index(353) is beyond type entryCount(142)
07-01 14:09:15.610 17657 17657 W ResourceType: For resource 0x7f0e0170, entry index(368) is beyond type entryCount(142)
07-01 14:09:15.610 17657 17657 W ResourceType: For resource 0x7f0e0174, entry index(372) is beyond type entryCount(142)
07-01 14:09:15.610 17657 17657 I chatty  : uid=10104(net.osmand) identical 2 lines
07-01 14:09:15.610 17657 17657 W ResourceType: For resource 0x7f0e0174, entry index(372) is beyond type entryCount(142)
07-01 14:09:15.610 17657 17657 W ResourceType: For resource 0x7f0e0177, entry index(375) is beyond type entryCount(142)
07-01 14:09:15.610 17657 17657 W ResourceType: For resource 0x7f0e0160, entry index(352) is beyond type entryCount(142)
07-01 14:09:15.610 17657 17657 W ResourceType: For resource 0x7f0e0199, entry index(409) is beyond type entryCount(142)
07-01 14:09:15.610 17657 17657 W ResourceType: For resource 0x7f0e017e, entry index(382) is beyond type entryCount(142)
07-01 14:09:15.610 17657 17657 W ResourceType: For resource 0x7f0e017f, entry index(383) is beyond type entryCount(142)
07-01 14:09:15.610 17657 17657 W ResourceType: For resource 0x7f0e0196, entry index(406) is beyond type entryCount(142)
07-01 14:09:15.611 17657 17657 W ResourceType: For resource 0x7f0e0197, entry index(407) is beyond type entryCount(142)
07-01 14:09:15.611 17657 17657 W ResourceType: For resource 0x7f0e0140, entry index(320) is beyond type entryCount(142)
07-01 14:09:15.611 17657 17657 W ResourceType: For resource 0x7f0e00e7, entry index(231) is beyond type entryCount(142)
07-01 14:09:15.611 17657 17657 W ResourceType: For resource 0x7f0e0194, entry index(404) is beyond type entryCount(142)
07-01 14:09:15.611 17657 17657 W ResourceType: For resource 0x7f0e01a5, entry index(421) is beyond type entryCount(142)
07-01 14:09:15.611 17657 17657 W ResourceType: For resource 0x7f0e017d, entry index(381) is beyond type entryCount(142)
07-01 14:09:15.611 17657 17657 W ResourceType: For resource 0x7f0e017b, entry index(379) is beyond type entryCount(142)
07-01 14:09:15.611 17657 17657 W ResourceType: For resource 0x7f0e010f, entry index(271) is beyond type entryCount(142)
07-01 14:09:15.611 17657 17657 W ResourceType: For resource 0x7f0e00f8, entry index(248) is beyond type entryCount(142)
07-01 14:09:15.611 17657 17657 W ResourceType: For resource 0x7f0e010f, entry index(271) is beyond type entryCount(142)
07-01 14:09:15.611 17657 17657 W ResourceType: For resource 0x7f0e0122, entry index(290) is beyond type entryCount(142)
07-01 14:09:15.611 17657 17657 W ResourceType: For resource 0x7f0e010b, entry index(267) is beyond type entryCount(142)
07-01 14:09:15.611 17657 17657 W ResourceType: For resource 0x7f0e010c, entry index(268) is beyond type entryCount(142)
07-01 14:09:15.612 17657 17657 W ResourceType: For resource 0x7f0e01ad, entry index(429) is beyond type entryCount(142)
07-01 14:09:15.612 17657 17657 W ResourceType: For resource 0x7f0e01ac, entry index(428) is beyond type entryCount(142)
07-01 14:09:15.621 17657 17657 W ResourceType: For resource 0x7f0e017f, entry index(383) is beyond type entryCount(142)
07-01 14:09:15.622 17657 17657 W ResourceType: For resource 0x7f0e0091, entry index(145) is beyond type entryCount(142)
07-01 14:09:15.652  1701  1701 I KeyboardViewUtil: systemKeyboardHeightRatio:1.000000; userKeyboardHeightRatio:1.000000.
07-01 14:09:15.683 17657 17657 W ResourceType: For resource 0x7f0e016b, entry index(363) is beyond type entryCount(142)
07-01 14:09:15.683  1707  1933 D EGL_emulation: eglMakeCurrent: 0x91a91b00: ver 2 0 (tinfo 0x91b96990)
07-01 14:09:15.687  1701  1701 I DeviceStatusMonitor: onReceive() : Action = android.intent.action.CONFIGURATION_CHANGED
07-01 14:09:15.687  1701  1701 I ConfigNotification: Get device mode by ui mode:1 and smallestScreenWidthDp:411
07-01 14:09:15.688  1701  1701 I chatty  : uid=10060(com.google.android.inputmethod.latin) identical 2 lines
07-01 14:09:15.688  1701  1701 I ConfigNotification: Get device mode by ui mode:1 and smallestScreenWidthDp:411
07-01 14:09:15.694  1970 17803 W Conscrypt: Could not set socket write timeout: java.net.SocketException: Socket closed
07-01 14:09:15.695  1970 17803 W Conscrypt: 	at com.google.android.gms.org.conscrypt.Platform.setSocketWriteTimeout(:com.google.android.gms@17785022@17.7.85 (040700-253824076):2)
07-01 14:09:15.695  1970 17803 W Conscrypt: 	at com.google.android.gms.org.conscrypt.ConscryptFileDescriptorSocket.setSoWriteTimeout(:com.google.android.gms@17785022@17.7.85 (040700-253824076):2)
07-01 14:09:15.721 17657 17657 W ResourceType: For resource 0x7f0e017b, entry index(379) is beyond type entryCount(142)
07-01 14:09:15.724 17657 17657 W ResourceType: For resource 0x7f0e0125, entry index(293) is beyond type entryCount(142)
07-01 14:09:15.729 17657 17657 W ResourceType: For resource 0x7f0e0125, entry index(293) is beyond type entryCount(142)
07-01 14:09:15.744  9593  9643 D EGL_emulation: eglMakeCurrent: 0xa5805ba0: ver 2 0 (tinfo 0xa58033e0)
07-01 14:09:15.756  1402  1440 D gralloc_ranchu: gralloc_alloc: Creating ashmem region of size 544768
07-01 14:09:15.839 17657 17657 W ResourceType: For resource 0x7f0e01a5, entry index(421) is beyond type entryCount(142)
07-01 14:09:15.839 17657 17657 W ResourceType: For resource 0x7f0e00a9, entry index(169) is beyond type entryCount(142)
07-01 14:09:15.856 17657 17657 W ResourceType: For resource 0x7f0e01bc, entry index(444) is beyond type entryCount(142)
07-01 14:09:15.867 17657 17657 W ResourceType: For resource 0x7f0e0132, entry index(306) is beyond type entryCount(142)
07-01 14:09:15.867 17657 17657 W ResourceType: For resource 0x7f0e00f7, entry index(247) is beyond type entryCount(142)
07-01 14:09:15.869 17657 17657 W ResourceType: For resource 0x7f0e0131, entry index(305) is beyond type entryCount(142)
07-01 14:09:15.869 17657 17657 W ResourceType: For resource 0x7f0e010f, entry index(271) is beyond type entryCount(142)
07-01 14:09:15.870 17657 17657 W ResourceType: For resource 0x7f0e0175, entry index(373) is beyond type entryCount(142)
07-01 14:09:15.875 17657 17657 W ResourceType: For resource 0x7f0e0173, entry index(371) is beyond type entryCount(142)
07-01 14:09:15.902 17657 17657 W ResourceType: For resource 0x7f0e011d, entry index(285) is beyond type entryCount(142)
07-01 14:09:15.904 17657 17657 I chatty  : uid=10104(net.osmand) identical 4 lines
07-01 14:09:15.904 17657 17657 W ResourceType: For resource 0x7f0e011d, entry index(285) is beyond type entryCount(142)
07-01 14:09:15.904 17657 17657 W ResourceType: For resource 0x7f0e01ac, entry index(428) is beyond type entryCount(142)
07-01 14:09:15.904 17657 17657 W ResourceType: For resource 0x7f0e00ae, entry index(174) is beyond type entryCount(142)
07-01 14:09:15.905 17657 17657 W ResourceType: For resource 0x7f0e013d, entry index(317) is beyond type entryCount(142)
07-01 14:09:15.905 17657 17657 W ResourceType: For resource 0x7f0e013e, entry index(318) is beyond type entryCount(142)
07-01 14:09:15.950 17657 17657 W ResourceType: For resource 0x7f0e013b, entry index(315) is beyond type entryCount(142)
07-01 14:09:15.956 17657 17657 I chatty  : uid=10104(net.osmand) identical 9 lines
07-01 14:09:15.956 17657 17657 W ResourceType: For resource 0x7f0e013b, entry index(315) is beyond type entryCount(142)
07-01 14:09:15.956 17657 17657 I zygote  : Deoptimizing java.lang.Object net.osmand.plus.OsmandSettings$CommonPreference.getModeValue(net.osmand.plus.ApplicationMode) due to JIT inline cache
07-01 14:09:16.008  1604  4176 W LocalDisplayAdapter: Unable to find color mode 0, ignoring request.
07-01 14:09:16.016  1604  1666 I InputReader: Reconfiguring input devices.  changes=0x00000004
07-01 14:09:16.065  1707  1707 D EGL_emulation: eglCreateContext: 0x923eefe0: maj 2 min 0 rcv 2
07-01 14:09:16.077  1707  1707 D EGL_emulation: eglMakeCurrent: 0x923eefe0: ver 2 0 (tinfo 0x916e0300)
07-01 14:09:16.100  1402  1440 D gralloc_ranchu: gralloc_alloc: Creating ashmem region of size 9547776
07-01 14:09:16.156  1707  1707 D EGL_emulation: eglMakeCurrent: 0x923eefe0: ver 2 0 (tinfo 0x916e0300)
07-01 14:09:16.212  1604  1617 E memtrack: Couldn't load memtrack module
07-01 14:09:16.213  1604  1617 W android.os.Debug: failed to get memory consumption info: -1
07-01 14:09:16.267  1402  1440 D gralloc_ranchu: gralloc_alloc: Creating ashmem region of size 9547776
07-01 14:09:16.321  1604  3545 I WifiService: getConnectionInfo uid=10014
07-01 14:09:16.338  1970 17909 E WakeLock: GCM_HB_ALARM release without a matched acquire!
07-01 14:09:16.501  1707  1707 I Choreographer: Skipped 54 frames!  The application may be doing too much work on its main thread.
07-01 14:09:16.530  1402  1440 D gralloc_ranchu: gralloc_alloc: Creating ashmem region of size 544768
07-01 14:09:16.595  1707  1707 W StaticLayout: maxLineHeight should not be -1.  maxLines:7 lineCount:7
07-01 14:09:16.596  1707  1707 W StaticLayout: maxLineHeight should not be -1.  maxLines:7 lineCount:7
07-01 14:09:16.660 17657 17657 W System.err: OnCreate for MapActivity took 1081 ms
07-01 14:09:16.701  1707  1707 W StaticLayout: maxLineHeight should not be -1.  maxLines:7 lineCount:7
07-01 14:09:16.702  1707  1707 W StaticLayout: maxLineHeight should not be -1.  maxLines:7 lineCount:7
07-01 14:09:16.786  1402  1440 D gralloc_ranchu: gralloc_alloc: Creating ashmem region of size 487424
07-01 14:09:16.828  1707  1707 W StaticLayout: maxLineHeight should not be -1.  maxLines:7 lineCount:7
07-01 14:09:16.853  1707  1707 I chatty  : uid=10029(com.android.systemui) identical 2 lines
07-01 14:09:16.854  1707  1707 W StaticLayout: maxLineHeight should not be -1.  maxLines:7 lineCount:7
07-01 14:09:16.901  1707  1707 D StatusBar: disable<e i a s b h r c s q >
07-01 14:09:16.939  1604  1625 W WindowManager: Window freeze timeout expired.
07-01 14:09:16.941  1604  1625 W WindowManager: Force clearing orientation change: Window{8a752c8 u0 StatusBar}
07-01 14:09:16.952  1707  1933 D EGL_emulation: eglMakeCurrent: 0x91a91b00: ver 2 0 (tinfo 0x91b96990)
07-01 14:09:16.984  1604  1651 I WindowManager: Screen frozen for +2s56ms due to Window{8a752c8 u0 StatusBar}
07-01 14:09:17.015  1412  1412 D SurfaceFlinger: duplicate layer name: changing BlackSurface to BlackSurface#1
07-01 14:09:17.082  1402  1440 D gralloc_ranchu: gralloc_alloc: Creating ashmem region of size 487424
07-01 14:09:17.088  1412  1412 D SurfaceFlinger: duplicate layer name: changing BlackSurface to BlackSurface#1
07-01 14:09:17.097  1412  1412 D SurfaceFlinger: duplicate layer name: changing BlackSurface to BlackSurface#2
07-01 14:09:17.171  1707  1707 W StatusBar/NavBarView: *** Invalid layout in navigation bar (sizeChanged this=126x1080 cur=126x1038)
07-01 14:09:17.211 17657 17657 D InAppPurchaseHelper: Destroying helper.
07-01 14:09:17.400 17657 17657 D net.osmand: Enable sensor
07-01 14:09:17.433  1707  1707 D EGL_emulation: eglCreateContext: 0x91a903c0: maj 2 min 0 rcv 2
07-01 14:09:17.467  1707  1707 D EGL_emulation: eglMakeCurrent: 0x91a903c0: ver 2 0 (tinfo 0x916e0300)
07-01 14:09:17.507  1970 17912 V NativeCrypto: Read error: ssl=0x8d6071a8: I/O error during system call, Connection reset by peer
07-01 14:09:17.530  1970 17912 V NativeCrypto: SSL shutdown failed: ssl=0x8d6071a8: I/O error during system call, Broken pipe
07-01 14:09:17.534  1970 17912 E WakeLock: GCM_HB_ALARM release without a matched acquire!
07-01 14:09:17.534  1970 17912 W WakeLock: GCM_HB_ALARM counter does not exist
07-01 14:09:17.554  1402  1440 D gralloc_ranchu: gralloc_alloc: Creating ashmem region of size 8298496
07-01 14:09:17.560  1604  5753 I GnssLocationProvider: WakeLock acquired by sendMessage(SET_REQUEST, 0, com.android.server.location.GnssLocationProvider$GpsRequest@80d6d78)
07-01 14:09:17.567  1604  1682 D ConnectivityService: reportNetworkConnectivity(101, false) by 10014
07-01 14:09:17.581  1707  1707 D EGL_emulation: eglMakeCurrent: 0x91a903c0: ver 2 0 (tinfo 0x916e0300)
07-01 14:09:17.582  1604  2952 D NetworkMonitor/NetworkAgentInfo [WIFI () - 101]: Forcing reevaluation for UID 10014
07-01 14:09:17.589 17657 17657 W System.err: OnCreate for MapActivity took 376 ms
07-01 14:09:17.591  1604  1617 I GnssLocationProvider: WakeLock released by handleMessage(SET_REQUEST, 0, com.android.server.location.GnssLocationProvider$GpsRequest@80d6d78)
07-01 14:09:17.607  1604 18019 D NetworkMonitor/NetworkAgentInfo [WIFI () - 101]: PROBE_DNS connectivitycheck.gstatic.com 14ms OK 172.217.172.131,2800:3f0:4001:81a::2003
07-01 14:09:17.638  1402  1440 D gralloc_ranchu: gralloc_alloc: Creating ashmem region of size 8298496
07-01 14:09:17.644  1604 18018 D NetworkMonitor/NetworkAgentInfo [WIFI () - 101]: PROBE_DNS www.google.com 50ms OK 172.217.28.228,2800:3f0:4001:801::2004
07-01 14:09:17.681  1412  1412 E EGL_emulation: tid 1412: eglCreateSyncKHR(1962): error 0x3004 (EGL_BAD_ATTRIBUTE)
07-01 14:09:17.685  1604  5753 W LocalDisplayAdapter: Unable to find color mode 0, ignoring request.
07-01 14:09:17.708  1604  5753 I ActivityManager: Config changes=480 {1.0 310mcc260mnc [en_US] ldltr sw411dp w411dp h659dp 420dpi nrml port finger qwerty/v/v -nav/h appBounds=Rect(0, 0 - 1080, 1794) s.18}
07-01 14:09:17.717  1604  1666 I InputReader: Reconfiguring input devices.  changes=0x00000004
07-01 14:09:17.717  1604  1666 I InputReader: Device reconfigured: id=0, name='qwerty2', size 1080x1920, orientation 0, mode 1, display id 0
07-01 14:09:17.738  1604  5753 I ActivityManager: Override config changes=480 {1.0 310mcc260mnc [en_US] ldltr sw411dp w411dp h659dp 420dpi nrml port finger qwerty/v/v -nav/h appBounds=Rect(0, 0 - 1080, 1794) s.18} for displayId=0
07-01 14:09:17.750  1402  1440 D gralloc_ranchu: gralloc_alloc: Creating ashmem region of size 8298496
07-01 14:09:17.940  1604  1619 W Looper  : Dispatch took 194ms on android.ui, h=Handler (com.android.server.am.ActivityManagerService$UiHandler) {63b7718} cb=null msg=30
07-01 14:09:17.962 17657 17657 I Choreographer: Skipped 166 frames!  The application may be doing too much work on its main thread.
07-01 14:09:18.059  1701  1701 I KeyboardViewUtil: systemKeyboardHeightRatio:1.000000; userKeyboardHeightRatio:1.000000.
07-01 14:09:18.114 17657 17657 W ResourceType: For resource 0x7f0e00c0, entry index(192) is beyond type entryCount(142)
07-01 14:09:18.114 17657 17657 W ResourceType: For resource 0x7f0e00d1, entry index(209) is beyond type entryCount(142)
07-01 14:09:18.114 17657 17657 W ResourceType: For resource 0x7f0e00cb, entry index(203) is beyond type entryCount(142)
07-01 14:09:18.114 17657 17657 W ResourceType: For resource 0x7f0e014d, entry index(333) is beyond type entryCount(142)
07-01 14:09:18.114 17657 17657 W ResourceType: For resource 0x7f0e00dd, entry index(221) is beyond type entryCount(142)
07-01 14:09:18.114 17657 17657 W ResourceType: For resource 0x7f0e00e4, entry index(228) is beyond type entryCount(142)
07-01 14:09:18.115  1604  1854 I WifiService: acquireWifiLock uid=10014 lockMode=2
07-01 14:09:18.125  1707  1707 D EGL_emulation: eglCreateContext: 0x91a903c0: maj 2 min 0 rcv 2
07-01 14:09:18.127  1402  1440 D gralloc_ranchu: gralloc_alloc: Creating ashmem region of size 8298496
07-01 14:09:18.133 17657 17657 W ResourceType: For resource 0x7f0e013b, entry index(315) is beyond type entryCount(142)
07-01 14:09:18.133 17657 17657 W ResourceType: For resource 0x7f0e013b, entry index(315) is beyond type entryCount(142)
07-01 14:09:18.133 17657 17657 W ResourceType: For resource 0x7f0e010f, entry index(271) is beyond type entryCount(142)
07-01 14:09:18.134 17657 17657 W ResourceType: For resource 0x7f0e013b, entry index(315) is beyond type entryCount(142)
07-01 14:09:18.134 17657 17657 W ResourceType: For resource 0x7f0e013b, entry index(315) is beyond type entryCount(142)
07-01 14:09:18.134 17657 17657 I zygote  : Deoptimizing void android.support.v7.widget.AppCompatTextHelper.updateTypefaceAndStyle(android.content.Context, android.support.v7.widget.TintTypedArray) due to JIT inline cache
07-01 14:09:18.134 17657 17657 I zygote  : Deoptimizing android.graphics.Typeface android.support.v7.widget.TintTypedArray.getFont(int, int, android.support.v4.content.res.ResourcesCompat$FontCallback) due to JIT inline cache
07-01 14:09:18.135 17657 17657 W ResourceType: For resource 0x7f0e013b, entry index(315) is beyond type entryCount(142)
07-01 14:09:18.174 17657 17657 I chatty  : uid=10104(net.osmand) identical 13 lines
07-01 14:09:18.175 17657 17657 W ResourceType: For resource 0x7f0e013b, entry index(315) is beyond type entryCount(142)
07-01 14:09:18.175  1707  1707 D EGL_emulation: eglMakeCurrent: 0x91a903c0: ver 2 0 (tinfo 0x916e0300)
07-01 14:09:18.175 17657 17657 W ResourceType: For resource 0x7f0e013b, entry index(315) is beyond type entryCount(142)
07-01 14:09:18.186 17657 17657 I chatty  : uid=10104(net.osmand) identical 19 lines
07-01 14:09:18.186 17657 17657 W ResourceType: For resource 0x7f0e013b, entry index(315) is beyond type entryCount(142)
07-01 14:09:18.187  1402  1440 D gralloc_ranchu: gralloc_alloc: Creating ashmem region of size 8298496
07-01 14:09:18.187 17657 17657 W ResourceType: For resource 0x7f0e013b, entry index(315) is beyond type entryCount(142)
07-01 14:09:18.193 17657 17657 I chatty  : uid=10104(net.osmand) identical 9 lines
07-01 14:09:18.193 17657 17657 W ResourceType: For resource 0x7f0e013b, entry index(315) is beyond type entryCount(142)
07-01 14:09:18.203  1701  1701 I DeviceStatusMonitor: onReceive() : Action = android.intent.action.CONFIGURATION_CHANGED
07-01 14:09:18.203  1701  1701 I ConfigNotification: Get device mode by ui mode:1 and smallestScreenWidthDp:411
07-01 14:09:18.204  1701  1701 I chatty  : uid=10060(com.google.android.inputmethod.latin) identical 2 lines
07-01 14:09:18.204  1701  1701 I ConfigNotification: Get device mode by ui mode:1 and smallestScreenWidthDp:411
07-01 14:09:18.246 17657 17657 W ResourceType: For resource 0x7f0e013b, entry index(315) is beyond type entryCount(142)
07-01 14:09:18.252 17657 17657 I chatty  : uid=10104(net.osmand) identical 18 lines
07-01 14:09:18.253 17657 17657 W ResourceType: For resource 0x7f0e013b, entry index(315) is beyond type entryCount(142)
07-01 14:09:18.259  1707  1707 D EGL_emulation: eglMakeCurrent: 0x91a903c0: ver 2 0 (tinfo 0x916e0300)
07-01 14:09:18.298 17657 17657 W View    : requestLayout() improperly called by android.widget.ListView{8ae4c67 VFED.VC.. ......ID 0,0-735,1794 #7f0803ba app:id/menuItems} during layout: running second layout pass
07-01 14:09:18.303  1970  1970 I GeofencerStateMachine: sendNewLocationAvailability: availability=LocationAvailability[isLocationAvailable: true]
