06-28 17:34:01.375  5258  5268 I zygote  : Background concurrent copying GC freed 140579(6MB) AllocSpace objects, 21(456KB) LOS objects, 22% free, 21MB/27MB, paused 4.024ms total 351.730ms
06-28 17:34:01.783  5258  5258 I net.osmand: RoutingHelper Recalculate route, because wrong movement direction: 282.5443
06-28 17:34:01.787  5258  5258 D net.osmand: AbstractPrologCommandPlayer abandonAudioFocus
06-28 17:34:01.903  5258  5258 I net.osmand: RoutingHelper Recalculate route, because wrong movement direction: 282.5443
06-28 17:34:01.905  5258  5258 D net.osmand: AbstractPrologCommandPlayer abandonAudioFocus
06-28 17:34:02.841  5258  5258 I net.osmand: RoutingHelper Recalculate route, because wrong movement direction: 282.5443
06-28 17:34:03.080  5258  5258 I net.osmand: RoutingHelper Recalculate route, because wrong movement direction: 257.88367
06-28 17:34:03.081  5258  5258 D net.osmand: AbstractPrologCommandPlayer abandonAudioFocus
06-28 17:34:03.844  5258  5258 I net.osmand: RoutingHelper Recalculate route, because wrong movement direction: 257.88367
06-28 17:34:03.846  5258  5258 D net.osmand: AbstractPrologCommandPlayer abandonAudioFocus
06-28 17:34:03.847  5258  5258 W MaterialProgressBar: Current drawable is not a MaterialProgressDrawable, you may want to set app:mpb_setBothDrawables
06-28 17:34:03.852  5258  8167 I net.osmand: RouteProvider Start finding route from Location[mProvider=gps,mTime=1561757644000,mLatitude=-7.230369999999999,mLongitude=-35.90777666666667,mHasAltitude=false,mAltitude=0.0,mHasSpeed=true,mSpeed=0.0,mHasBearing=true,mBearing=0.0,mHasAccuracy=true,mAccuracy=20.0 to Lat -7.233624 Lon -35.915012 using OsmAnd (offline)
06-28 17:34:03.852  5258  8167 W net.osmand: RouteProvider Use 344 MB Free 5.609375 of 27.078484 max 384.0
06-28 17:34:04.247  5258  8167 I net.osmand:native: Start point was found 1886269049 [Native]
06-28 17:34:04.298  5258  5258 I net.osmand: RoutingHelper Recalculate route, because wrong movement direction: 233.29536
06-28 17:34:04.300  5258  8167 I net.osmand:native: End point was found 1886269389 [Native]
06-28 17:34:04.302  5258  8167 W net.osmand:native: [Native] Result visited (visited roads 2, visited segments 1 / 0 , queue sizes 3 / 1 ) 
06-28 17:34:04.302  5258  8167 W net.osmand:native: [Native] Result timing (time to load 0, time to calc 1, loaded tiles 21) 
06-28 17:34:04.302  5258  8167 W net.osmand:native: [Native] Memory occupied (Routing context 473 Kb, search 0 Kb)
06-28 17:34:04.304  5258  8167 I net.osmand:native: No route found
06-28 17:34:04.344  5258  8167 I net.osmand: RoutePlannerFrontEnd Native routing took 0.17 seconds
06-28 17:34:04.344  5258  8167 I System.out: ROUTE : 
06-28 17:34:04.345  5258  8167 I net.osmand: RouteResultPreparation <test regions="" description="" best_percent="" vehicle="car" 
06-28 17:34:04.345  5258  8167 I net.osmand:   start_lat="-7.23037" start_lon="-35.90778" target_lat="-7.23362" target_lon="-35.91501"  routing_time="0.00" loadedTiles="21" visitedSegments="2" complete_distance="0.00" complete_time="0.00" >
06-28 17:34:04.345  5258  8167 I System.out: <test regions="" description="" best_percent="" vehicle="car" 
06-28 17:34:04.345  5258  8167 I System.out:   start_lat="-7.23037" start_lon="-35.90778" target_lat="-7.23362" target_lon="-35.91501"  routing_time="0.00" loadedTiles="21" visitedSegments="2" complete_distance="0.00" complete_time="0.00" >
06-28 17:34:04.345  5258  8167 I System.out: </test>
06-28 17:34:04.345  5258  8167 I System.out: <test regions="" description="" best_percent="" vehicle="car" 
06-28 17:34:04.345  5258  8167 I System.out:   start_lat="-7.23037" start_lon="-35.90778" target_lat="-7.23362" target_lon="-35.91501"  routing_time="0.00" loadedTiles="21" visitedSegments="2" complete_distance="0.00" complete_time="0.00" >
06-28 17:34:04.345  5258  8167 I net.osmand: RouteProvider Finding route contained 0 points for 494 ms
06-28 17:34:04.850  5258  5258 I net.osmand: RoutingHelper Recalculate route, because wrong movement direction: 233.29536
06-28 17:34:04.852  5258  5258 D net.osmand: AbstractPrologCommandPlayer abandonAudioFocus
06-28 17:34:04.853  5258  5258 W MaterialProgressBar: Current drawable is not a MaterialProgressDrawable, you may want to set app:mpb_setBothDrawables
06-28 17:34:04.855  5258  8168 I net.osmand: RouteProvider Start finding route from Location[mProvider=gps,mTime=1561757645000,mLatitude=-7.230456666666667,mLongitude=-35.907981666666664,mHasAltitude=false,mAltitude=0.0,mHasSpeed=true,mSpeed=0.0,mHasBearing=true,mBearing=0.0,mHasAccuracy=true,mAccuracy=20.0 to Lat -7.233624 Lon -35.915012 using OsmAnd (offline)
06-28 17:34:04.863  5258  8168 W net.osmand: RouteProvider Use 341 MB Free 2.6132812 of 27.078484 max 384.0
06-28 17:34:05.173  5258  8168 I net.osmand:native: Start point was found 1886269049 [Native]
06-28 17:34:05.180  5258  8168 I net.osmand:native: End point was found 1886269389 [Native]
06-28 17:34:05.267  5258  8168 W net.osmand:native: [Native] Result visited (visited roads 91, visited segments 211 / 107 , queue sizes 137 / 35 ) 
06-28 17:34:05.267  5258  8168 W net.osmand:native: [Native] Result timing (time to load 0, time to calc 86, loaded tiles 43) 
06-28 17:34:05.267  5258  8168 W net.osmand:native: [Native] Memory occupied (Routing context 978 Kb, search 6 Kb)
06-28 17:34:05.267  5258  8168 I net.osmand:native: Routing calculated time distance 145.943207
06-28 17:34:05.303  5258  8168 I net.osmand: RoutePlannerFrontEnd Native routing took 0.19 seconds
06-28 17:34:05.306  5258  8168 I System.out: ROUTE : 
06-28 17:34:05.307  5258  8168 I net.osmand: RouteResultPreparation <test regions="" description="" best_percent="" vehicle="car" 
06-28 17:34:05.307  5258  8168 I net.osmand:   start_lat="-7.23046" start_lon="-35.90798" target_lat="-7.23362" target_lon="-35.91501"  routing_time="145.94" loadedTiles="43" visitedSegments="91" complete_distance="2457.00" complete_time="139.22" >
06-28 17:34:05.307  5258  8168 I System.out: <test regions="" description="" best_percent="" vehicle="car" 
06-28 17:34:05.307  5258  8168 I System.out:   start_lat="-7.23046" start_lon="-35.90798" target_lat="-7.23362" target_lon="-35.91501"  routing_time="145.94" loadedTiles="43" visitedSegments="91" complete_distance="2457.00" complete_time="139.22" >
06-28 17:34:05.307  5258  8168 I System.out: </test>
06-28 17:34:05.307  5258  8168 I System.out: <test regions="" description="" best_percent="" vehicle="car" 
06-28 17:34:05.307  5258  8168 I System.out:   start_lat="-7.23046" start_lon="-35.90798" target_lat="-7.23362" target_lon="-35.91501"  routing_time="145.94" loadedTiles="43" visitedSegments="91" complete_distance="2457.00" complete_time="139.22" >
06-28 17:34:05.309  5258  8168 I net.osmand: RouteProvider Finding route contained 46 points for 454 ms
06-28 17:34:05.355  5258  5268 I zygote  : Background concurrent copying GC freed 127559(5MB) AllocSpace objects, 23(488KB) LOS objects, 21% free, 21MB/27MB, paused 900us total 298.403ms
06-28 17:34:05.625  5258  5258 D net.osmand: RoutingHelper Processed point bearing deltas : 174.80086517333984 0.177398681640625
06-28 17:34:05.772  5258  5258 I net.osmand: RoutingHelper Recalculate route, because wrong movement direction: 208.87653
06-28 17:34:05.775  5258  5258 D net.osmand: AbstractPrologCommandPlayer abandonAudioFocus
06-28 17:34:05.922  5258  5258 I net.osmand: RoutingHelper Recalculate route, because wrong movement direction: 208.87653
06-28 17:34:06.401  1596  1617 I WifiService: requestActivityInfo uid=1000
06-28 17:34:06.401  1596  1617 I WifiService: reportActivityInfo uid=1000
06-28 17:34:06.401  1596  1617 I WifiService: getSupportedFeatures uid=1000
06-28 17:34:06.878  5258  5258 I net.osmand: RoutingHelper Recalculate route, because wrong movement direction: 208.87653
06-28 17:34:06.890  5258  5258 D net.osmand: AbstractPrologCommandPlayer abandonAudioFocus
06-28 17:34:06.935  5258  5258 I net.osmand: RoutingHelper Recalculate route, because wrong movement direction: 184.21645
06-28 17:34:06.938  5258  5288 I net.osmand: MapRenderRepositories RENDER MAP: update due to tile box
06-28 17:34:06.938  5258  5288 I net.osmand: MapRenderRepositories RENDER MAP: Interrupt rendering map
06-28 17:34:06.941  5258  5287 I net.osmand: MapRenderRepositories RENDER MAP: new request RotatedTileBox [lat=-7.230614437861412, lon=-35.90839740644041, rotate=0.0, density=2.625, zoom=17, mapDensity=3.9375, zoomAnimation=0.0, zoomFloatPart=0.0, cx=900, cy=1972, pixWidth=1800, pixHeight=2690]
06-28 17:34:06.950  5258  5258 I net.osmand: TTSCommandPlayerImpl Send message to pebble aps  300 metros entre na rotunda  e  saia na  terceira  sada na   Avenida Marechal Floriano Peixoto 
06-28 17:34:06.950  5258  5258 D net.osmand: AbstractPrologCommandPlayer requestAudioFocus
06-28 17:34:06.950  5258  5258 W AudioManager: Use of stream types is deprecated for operations other than volume control
06-28 17:34:06.951  5258  5258 W AudioManager: See the documentation of requestAudioFocus() for what to use instead with android.media.AudioAttributes to qualify your playback use case
06-28 17:34:06.951  1596  2224 I MediaFocusControl: requestAudioFocus() from uid/pid 10104/5258 clientId=android.media.AudioManager@d1fc0eenet.osmand.plus.api.AudioFocusHelperImpl@4fa9d51 callingPack=net.osmand req=3 flags=0x0 sdk=26
06-28 17:34:06.952  5258  5258 D net.osmand: TTSCommandPlayerImpl ttsRequests=1
06-28 17:34:06.962  5403  5434 I TTS.GoogleTTSServiceImp: Synthesis request for locale por-BRA and name pt-BR-language
06-28 17:34:06.964  5403  5434 I TTS.GoogleTTSServiceImp: TTS dispatch: pt-br-x-afs-lstm-embedded
06-28 17:34:07.002  5258  5287 I net.osmand:native: Route objects 99
06-28 17:34:07.002  5258  5287 I net.osmand:native: Ocean: no completed & incompleted coastlines 0
06-28 17:34:07.002  5258  5287 I net.osmand:native: Detailed coastlines = 0, basemap coastlines 0, ocean tile 0.000000. Detailed added 0, basemap processed 1, basemap added 0.
06-28 17:34:07.002  5258  5287 I net.osmand:native: Search : tree - read( 620), accept( 62), objs - visit( 3397), accept(130), in result(99) 
06-28 17:34:07.003  5258  5287 I net.osmand: MapRenderRepositories BLat=-7.232913088798523, TLat=-7.224928307533264, LLong=-35.910850524902344, RLong=-35.905948638916016, zoom=17
06-28 17:34:07.003  5258  5287 I net.osmand: MapRenderRepositories Native search: 62 ms 
06-28 17:34:07.008  5258  5287 I net.osmand:native: Creating SkBitmap in native w:1800 h:2690 s:7200 f:1!
06-28 17:34:07.008  5258  5287 I net.osmand:native: Row bytes for RGBA_8888 is 7200
06-28 17:34:07.008  5258  5287 I net.osmand:native: Locked 19368000 bytes at 0x78c80000
06-28 17:34:07.008  5258  5287 I net.osmand:native: Initializing rendering
06-28 17:34:07.009  5258  5287 I net.osmand:native: Rendering image
06-28 17:34:07.101  5403  5435 D AudioTrack: Client defaulted notificationFrames to 1365 for frameCount 4096
06-28 17:34:07.104  1596  2224 V MediaRouterService: restoreBluetoothA2dp(false)
06-28 17:34:07.109  1389  4034 W audio_hw_generic: Not supplying enough data to HAL, expected position 30040638 , only wrote 30040560
06-28 17:34:07.134  1473  1580 D AudioFlinger: mixer(0xad583c80) throttle end: throttle time(12)
06-28 17:34:07.311  5258  5287 I net.osmand:native: Native ok (rendering 0, text 55 ms) 
06-28 17:34:07.311  5258  5287 I net.osmand:native:  (2597 points, 391 points inside, 162 of 185 objects visible)
06-28 17:34:07.311  5258  5287 I net.osmand:native: End Rendering image
06-28 17:34:07.311  5258  5287 I net.osmand:native: Native ok (init 1, rendering 0) 
06-28 17:34:07.311  5258  5287 I net.osmand: MapRenderRepositories true
06-28 17:34:07.944  5258  5258 I net.osmand: RoutingHelper Recalculate route, because wrong movement direction: 184.21645
06-28 17:34:07.948  5403  7785 D AudioTrack: stop() called with 21559 frames delivered
06-28 17:34:07.951  1596  3857 V MediaRouterService: restoreBluetoothA2dp(false)
06-28 17:34:07.953  5403  5434 I TTS.EventProcessor: synthesizeMarkup call to callback.audioAvailable failed: -1
06-28 17:34:07.973  5258  5258 D net.osmand: AbstractPrologCommandPlayer abandonAudioFocus
06-28 17:34:07.974  1596  2224 I MediaFocusControl: abandonAudioFocus() from uid/pid 10104/5258 clientId=android.media.AudioManager@d1fc0eenet.osmand.plus.api.AudioFocusHelperImpl@4fa9d51
06-28 17:34:08.013  5258  5269 D net.osmand: AbstractPrologCommandPlayer abandonAudioFocus
06-28 17:34:08.013  5258  5269 D net.osmand: TTSCommandPlayerImpl ttsRequests=-1
06-28 17:34:08.174  5258  5258 I net.osmand: RoutingHelper Recalculate route, because wrong movement direction: 159.79807
06-28 17:34:08.177  5258  5258 D net.osmand: AbstractPrologCommandPlayer abandonAudioFocus
06-28 17:34:08.840  5258  5258 I net.osmand: RoutingHelper Recalculate route, because wrong movement direction: 159.79807
06-28 17:34:08.843  5258  5258 D net.osmand: AbstractPrologCommandPlayer abandonAudioFocus
06-28 17:34:08.844  5258  5258 W MaterialProgressBar: Current drawable is not a MaterialProgressDrawable, you may want to set app:mpb_setBothDrawables
06-28 17:34:08.847  5258  8172 I net.osmand: RouteProvider Start finding route from Location[mProvider=gps,mTime=1561757649000,mLatitude=-7.230718333333334,mLongitude=-35.908593333333336,mHasAltitude=false,mAltitude=0.0,mHasSpeed=true,mSpeed=0.0,mHasBearing=true,mBearing=0.0,mHasAccuracy=true,mAccuracy=20.0 to Lat -7.233624 Lon -35.915012 using OsmAnd (offline)
06-28 17:34:08.848  5258  8172 W net.osmand: RouteProvider Use 343 MB Free 5.2487793 of 27.601585 max 384.0
06-28 17:34:09.210  5258  8172 I net.osmand:native: Start point was found 1886269049 [Native]
06-28 17:34:09.224  5258  8172 I net.osmand:native: End point was found 1886269389 [Native]
06-28 17:34:09.291  1596  1617 I WifiService: requestActivityInfo uid=1000
06-28 17:34:09.291  1596  1617 I WifiService: reportActivityInfo uid=1000
06-28 17:34:09.292  1596  1617 I WifiService: getSupportedFeatures uid=1000
06-28 17:34:09.323  1596  2224 I WifiService: getConnectionInfo uid=10014
06-28 17:34:09.363  5258  8172 W net.osmand:native: [Native] Result visited (visited roads 92, visited segments 211 / 107 , queue sizes 137 / 34 ) 
06-28 17:34:09.364  5258  8172 W net.osmand:native: [Native] Result timing (time to load 0, time to calc 138, loaded tiles 43) 
06-28 17:34:09.364  5258  8172 W net.osmand:native: [Native] Memory occupied (Routing context 978 Kb, search 6 Kb)
06-28 17:34:09.364  5258  8172 I net.osmand:native: Routing calculated time distance 145.943207
06-28 17:34:09.422  5258  5258 I net.osmand: RoutingHelper Recalculate route, because wrong movement direction: 135.13902
06-28 17:34:09.435  5258  8172 I net.osmand: RoutePlannerFrontEnd Native routing took 0.302 seconds
06-28 17:34:09.442  5258  8172 I System.out: ROUTE : 
06-28 17:34:09.446  5258  8172 I net.osmand: RouteResultPreparation <test regions="" description="" best_percent="" vehicle="car" 
06-28 17:34:09.446  5258  8172 I net.osmand:   start_lat="-7.23072" start_lon="-35.90859" target_lat="-7.23362" target_lon="-35.91501"  routing_time="145.94" loadedTiles="43" visitedSegments="92" complete_distance="2457.00" complete_time="139.22" >
06-28 17:34:09.446  5258  8172 I System.out: <test regions="" description="" best_percent="" vehicle="car" 
06-28 17:34:09.446  5258  8172 I System.out:   start_lat="-7.23072" start_lon="-35.90859" target_lat="-7.23362" target_lon="-35.91501"  routing_time="145.94" loadedTiles="43" visitedSegments="92" complete_distance="2457.00" complete_time="139.22" >
06-28 17:34:09.446  5258  8172 I System.out: </test>
06-28 17:34:09.446  5258  8172 I System.out: <test regions="" description="" best_percent="" vehicle="car" 
06-28 17:34:09.446  5258  8172 I System.out:   start_lat="-7.23072" start_lon="-35.90859" target_lat="-7.23362" target_lon="-35.91501"  routing_time="145.94" loadedTiles="43" visitedSegments="92" complete_distance="2457.00" complete_time="139.22" >
06-28 17:34:09.449  5258  8172 I net.osmand: RouteProvider Finding route contained 46 points for 602 ms
06-28 17:34:09.849  5258  5258 I net.osmand: RoutingHelper Recalculate route, because wrong movement direction: 135.13902
06-28 17:34:09.850  5258  5258 D net.osmand: AbstractPrologCommandPlayer abandonAudioFocus
06-28 17:34:09.850  5258  5258 W MaterialProgressBar: Current drawable is not a MaterialProgressDrawable, you may want to set app:mpb_setBothDrawables
06-28 17:34:09.853  5258  8174 I net.osmand: RouteProvider Start finding route from Location[mProvider=gps,mTime=1561757650000,mLatitude=-7.230806666666666,mLongitude=-35.90879833333334,mHasAltitude=false,mAltitude=0.0,mHasSpeed=true,mSpeed=0.0,mHasBearing=true,mBearing=0.0,mHasAccuracy=true,mAccuracy=20.0 to Lat -7.233624 Lon -35.915012 using OsmAnd (offline)
06-28 17:34:09.854  5258  8174 W net.osmand: RouteProvider Use 340 MB Free 2.0808105 of 27.601585 max 384.0
06-28 17:34:10.258  5258  8174 I net.osmand:native: Start point was found 1886269049 [Native]
06-28 17:34:10.265  5258  8174 I net.osmand:native: End point was found 1886269389 [Native]
06-28 17:34:10.359  5258  5268 I zygote  : Background concurrent copying GC freed 146502(6MB) AllocSpace objects, 22(472KB) LOS objects, 21% free, 21MB/27MB, paused 957us total 265.406ms
06-28 17:34:10.368  5258  8174 W net.osmand:native: [Native] Result visited (visited roads 92, visited segments 211 / 107 , queue sizes 137 / 34 ) 
06-28 17:34:10.368  5258  8174 W net.osmand:native: [Native] Result timing (time to load 0, time to calc 102, loaded tiles 43) 
06-28 17:34:10.368  5258  8174 W net.osmand:native: [Native] Memory occupied (Routing context 978 Kb, search 6 Kb)
06-28 17:34:10.368  5258  8174 I net.osmand:native: Routing calculated time distance 145.943207
06-28 17:34:10.413  5258  8174 I net.osmand: RoutePlannerFrontEnd Native routing took 0.219 seconds
06-28 17:34:10.415  5258  8174 I System.out: ROUTE : 
06-28 17:34:10.416  5258  8174 I net.osmand: RouteResultPreparation <test regions="" description="" best_percent="" vehicle="car" 
06-28 17:34:10.416  5258  8174 I net.osmand:   start_lat="-7.23081" start_lon="-35.90880" target_lat="-7.23362" target_lon="-35.91501"  routing_time="145.94" loadedTiles="43" visitedSegments="92" complete_distance="2457.00" complete_time="139.22" >
06-28 17:34:10.416  5258  8174 I System.out: <test regions="" description="" best_percent="" vehicle="car" 
06-28 17:34:10.416  5258  8174 I System.out:   start_lat="-7.23081" start_lon="-35.90880" target_lat="-7.23362" target_lon="-35.91501"  routing_time="145.94" loadedTiles="43" visitedSegments="92" complete_distance="2457.00" complete_time="139.22" >
06-28 17:34:10.416  5258  8174 I System.out: </test>
06-28 17:34:10.416  5258  8174 I System.out: <test regions="" description="" best_percent="" vehicle="car" 
06-28 17:34:10.416  5258  8174 I System.out:   start_lat="-7.23081" start_lon="-35.90880" target_lat="-7.23362" target_lon="-35.91501"  routing_time="145.94" loadedTiles="43" visitedSegments="92" complete_distance="2457.00" complete_time="139.22" >
06-28 17:34:10.422  5258  8174 I net.osmand: RouteProvider Finding route contained 46 points for 569 ms
06-28 17:34:10.784  1389  4034 W audio_hw_generic: Not supplying enough data to HAL, expected position 30216961 , only wrote 30216960
06-28 17:34:10.801  1389  4034 W audio_hw_generic: Not supplying enough data to HAL, expected position 30217743 , only wrote 30217680
06-28 17:34:10.837  1713  1728 I zygote  : Background concurrent copying GC freed 167261(5MB) AllocSpace objects, 0(0B) LOS objects, 49% free, 6MB/12MB, paused 3.706ms total 149.819ms
06-28 17:34:11.028  1389  1389 W audio_hw_generic: Not supplying enough data to HAL, expected position 30238337 , only wrote 30228480
06-28 17:34:12.102  5258  5258 D net.osmand: RoutingHelper Processed point bearing deltas : 176.51263427734375 0.60687255859375
06-28 17:34:12.513  1596  2224 I WifiService: acquireWifiLock uid=10014 lockMode=2
06-28 17:34:12.579  1596  1611 I WifiService: releaseWifiLock uid=10014
06-28 17:34:13.323  5258  5288 I net.osmand: MapRenderRepositories RENDER MAP: update due to tile box
06-28 17:34:13.323  5258  5288 I net.osmand: MapRenderRepositories RENDER MAP: Interrupt rendering map
06-28 17:34:13.330  5258  5287 I net.osmand: MapRenderRepositories RENDER MAP: new request RotatedTileBox [lat=-7.23104947747008, lon=-35.90941994042861, rotate=0.0, density=2.625, zoom=17, mapDensity=3.9375, zoomAnimation=0.0, zoomFloatPart=0.0, cx=900, cy=1972, pixWidth=1800, pixHeight=2690]
06-28 17:34:13.404  5258  5287 I net.osmand:native: Route objects 100
06-28 17:34:13.405  5258  5287 I net.osmand:native: Ocean: no completed & incompleted coastlines 0
06-28 17:34:13.405  5258  5287 I net.osmand:native: Detailed coastlines = 0, basemap coastlines 0, ocean tile 0.000000. Detailed added 0, basemap processed 1, basemap added 0.
06-28 17:34:13.405  5258  5287 I net.osmand:native: Search : tree - read( 660), accept( 63), objs - visit( 3397), accept(131), in result(100) 
06-28 17:34:13.405  5258  5287 I net.osmand: MapRenderRepositories BLat=-7.233361434936524, TLat=-7.225353050231933, LLong=-35.91187286376953, RLong=-35.90696716308594, zoom=17
06-28 17:34:13.406  5258  5287 I net.osmand: MapRenderRepositories Native search: 76 ms 
06-28 17:34:13.424  5258  5287 I net.osmand:native: Creating SkBitmap in native w:1800 h:2690 s:7200 f:1!
06-28 17:34:13.424  5258  5287 I net.osmand:native: Row bytes for RGBA_8888 is 7200
06-28 17:34:13.424  5258  5287 I net.osmand:native: Locked 19368000 bytes at 0x7d700000
06-28 17:34:13.424  5258  5287 I net.osmand:native: Initializing rendering
06-28 17:34:13.433  5258  5287 I net.osmand:native: Rendering image
06-28 17:34:13.628  5258  5287 I net.osmand:native: Native ok (rendering 0, text 40 ms) 
06-28 17:34:13.628  5258  5287 I net.osmand:native:  (2728 points, 447 points inside, 172 of 196 objects visible)
06-28 17:34:13.628  5258  5287 I net.osmand:native: End Rendering image
06-28 17:34:13.628  5258  5287 I net.osmand:native: Native ok (init 9, rendering 0) 
06-28 17:34:13.632  5258  5287 I net.osmand: MapRenderRepositories true
06-28 17:34:14.598  1398  1407 D hwcomposer: hw_composer sent 253 syncs in 60s
06-28 17:34:16.995  5258  5258 D net.osmand: RoutingHelper Processed point bearing deltas : 59.17940139770508 37.051876068115234
06-28 17:34:17.118  5258  5258 I net.osmand: TTSCommandPlayerImpl Send message to pebble saia na  terceira  sada para   Avenida Marechal Floriano Peixoto 
06-28 17:34:17.118  5258  5258 D net.osmand: AbstractPrologCommandPlayer requestAudioFocus
06-28 17:34:17.119  5258  5258 W AudioManager: Use of stream types is deprecated for operations other than volume control
06-28 17:34:17.119  5258  5258 W AudioManager: See the documentation of requestAudioFocus() for what to use instead with android.media.AudioAttributes to qualify your playback use case
06-28 17:34:17.121  1596  2226 I MediaFocusControl: requestAudioFocus() from uid/pid 10104/5258 clientId=android.media.AudioManager@d1fc0eenet.osmand.plus.api.AudioFocusHelperImpl@9f4a753 callingPack=net.osmand req=3 flags=0x0 sdk=26
06-28 17:34:17.124  5258  5258 D net.osmand: TTSCommandPlayerImpl ttsRequests=1
06-28 17:34:17.134  5403  5434 I TTS.GoogleTTSServiceImp: Synthesis request for locale por-BRA and name pt-BR-language
06-28 17:34:17.137  5403  5434 I TTS.GoogleTTSServiceImp: TTS dispatch: pt-br-x-afs-lstm-embedded
06-28 17:34:17.193  5403  5435 D AudioTrack: Client defaulted notificationFrames to 1365 for frameCount 4096
06-28 17:34:17.198  1596  2216 V MediaRouterService: restoreBluetoothA2dp(false)
06-28 17:34:17.201  1389  4034 W audio_hw_generic: Not supplying enough data to HAL, expected position 30228519 , only wrote 30228480
06-28 17:34:17.398  1596  1607 I zygote  : Background concurrent copying GC freed 80111(3MB) AllocSpace objects, 60(3MB) LOS objects, 29% free, 14MB/20MB, paused 1.439ms total 377.266ms
06-28 17:34:17.876  1473  1580 D AudioFlinger: mixer(0xad583c80) throttle end: throttle time(12)
06-28 17:34:20.576  5258  5258 D net.osmand: RoutingHelper Processed point bearing deltas : 176.87367248535156 24.25792694091797
06-28 17:34:20.618  1473  1580 D AudioFlinger: mixer(0xad583c80) throttle end: throttle time(11)
06-28 17:34:21.779  5258  5258 D net.osmand: RoutingHelper Processed point bearing deltas : 153.171630859375 32.14927673339844
06-28 17:34:22.364  5403  5435 D AudioTrack: stop() called with 112090 frames delivered
06-28 17:34:22.365  1596  3857 V MediaRouterService: restoreBluetoothA2dp(false)
06-28 17:34:22.366  5258  5313 D net.osmand: AbstractPrologCommandPlayer abandonAudioFocus
06-28 17:34:22.367  1596  2216 I MediaFocusControl: abandonAudioFocus() from uid/pid 10104/5258 clientId=android.media.AudioManager@d1fc0eenet.osmand.plus.api.AudioFocusHelperImpl@9f4a753
06-28 17:34:22.369  5258  5313 D net.osmand: TTSCommandPlayerImpl ttsRequests=0
06-28 17:34:23.370  4804  4821 I Finsky  : [283] imb.run(3): Stats for Executor: BlockingExecutor ink@a9cdba9[Running, pool size = 0, active threads = 0, queued tasks = 0, completed tasks = 14]
06-28 17:34:23.371  4804  4821 I Finsky  : [283] imb.run(3): Stats for Executor: LightweightExecutor ink@d6d352e[Running, pool size = 2, active threads = 0, queued tasks = 0, completed tasks = 70]
06-28 17:34:23.654  4804  4821 I Finsky  : [283] imb.run(3): Stats for Executor: bgExecutor ink@d47d8cf[Running, pool size = 4, active threads = 0, queued tasks = 0, completed tasks = 40]
06-28 17:34:24.331  1596  1617 I WifiService: requestActivityInfo uid=1000
06-28 17:34:24.331  1596  1617 I WifiService: reportActivityInfo uid=1000
06-28 17:34:24.340  1596  1617 I WifiService: getSupportedFeatures uid=1000
06-28 17:34:25.393  1389  1389 W audio_hw_generic: Not supplying enough data to HAL, expected position 31013503 , only wrote 30621600
