07-17 18:44:59.471 11993 11993 V mireo   : j: GPS.setNative: 1563403499000 | Location[gps -7.269452,-36.138663 hAcc=20 et=+1d13h39m44s908ms vel=0.0 bear=0.0 vAcc=??? sAcc=??? bAcc=??? {Bundle[mParcelledData.dataSize=96]}]
07-17 18:44:59.741 21823 21849 I net.osmand: MapRenderRepositories RENDER MAP: new request RotatedTileBox [lat=-7.269451666666667, lon=-36.138663333333334, rotate=0.0, density=2.625, zoom=17, mapDensity=3.9375, zoomAnimation=0.0, zoomFloatPart=0.0, cx=900, cy=1972, pixWidth=1800, pixHeight=2690]
07-17 18:44:59.798 21823 21849 I net.osmand:native: Route objects 11
07-17 18:44:59.798 21823 21849 I net.osmand:native: Ocean: no completed & incompleted coastlines 0
07-17 18:44:59.798 21823 21849 I net.osmand:native: Detailed coastlines = 0, basemap coastlines 0, ocean tile 0.000000. Detailed added 0, basemap processed 1, basemap added 0.
07-17 18:44:59.799 21823 21849 I net.osmand:native: Search : tree - read( 490), accept( 36), objs - visit( 2469), accept(18), in result(7) 
07-17 18:44:59.799 21823 21849 I net.osmand: MapRenderRepositories BLat=-7.271761083602906, TLat=-7.263753747940063, LLong=-36.14111328125, RLong=-36.13621139526367, zoom=17
07-17 18:44:59.799 21823 21849 I net.osmand: MapRenderRepositories Native search: 58 ms 
07-17 18:44:59.809 21823 21849 I net.osmand:native: Creating SkBitmap in native w:1800 h:2690 s:7200 f:1!
07-17 18:44:59.809 21823 21849 I net.osmand:native: Row bytes for RGBA_8888 is 7200
07-17 18:44:59.809 21823 21849 I net.osmand:native: Locked 19368000 bytes at 0x6e800000
07-17 18:44:59.809 21823 21849 I net.osmand:native: Initializing rendering
07-17 18:44:59.811 21823 21849 I net.osmand:native: Rendering image
07-17 18:44:59.824 21823 21849 I net.osmand:native: Native ok (rendering 12, text 0 ms) 
07-17 18:44:59.824 21823 21849 I net.osmand:native:  (1117 points, 10 points inside, 9 of 16 objects visible)
07-17 18:44:59.824 21823 21849 I net.osmand:native: End Rendering image
07-17 18:44:59.824 21823 21849 I net.osmand:native: Native ok (init 1, rendering 12) 
07-17 18:44:59.825 21823 21849 I net.osmand: MapRenderRepositories true
07-17 18:45:00.072 21823 21823 I net.osmand: RoutingHelper Recalculate route, because correlation  : 27708.059999733538
07-17 18:45:00.197 21823 21823 I net.osmand: RoutingHelper Recalculate route, because correlation  : 27708.059999733538
07-17 18:45:00.197 21823 21823 I net.osmand: RoutingHelper Recalculate route, because wrong movement direction: 27708.06
07-17 18:45:00.209 21823 21850 I net.osmand: MapRenderRepositories RENDER MAP: update due to tile box
07-17 18:45:00.210 21823 21850 I net.osmand: MapRenderRepositories RENDER MAP: Interrupt rendering map
07-17 18:45:00.248 21823 21823 I net.osmand: RoutingHelper Recalculate route, because correlation  : 27708.059999733538
07-17 18:45:00.255 21823 21823 I net.osmand: RoutingHelper Recalculate route, because correlation  : 27708.059999733538
07-17 18:45:00.255 21823 21823 I net.osmand: RoutingHelper Recalculate route, because wrong movement direction: 27708.06
07-17 18:45:00.323 21823 21850 I net.osmand: MapRenderRepositories RENDER MAP: update due to tile box
07-17 18:45:00.323 21823 21850 I net.osmand: MapRenderRepositories RENDER MAP: Interrupt rendering map
07-17 18:45:00.384 10586 10599 E memtrack: Couldn't load memtrack module
07-17 18:45:00.385 10586 10599 W android.os.Debug: failed to get memory consumption info: -1
07-17 18:45:00.473 11993 11993 V mireo   : j: GPS.setNative: 1563403500000 | Location[gps -7.269335,-36.141438 hAcc=20 et=+1d13h39m46s42ms alt=0.0 vAcc=??? sAcc=??? bAcc=??? {Bundle[mParcelledData.dataSize=96]}]
07-17 18:45:00.577 21823 21849 I net.osmand: MapRenderRepositories RENDER MAP: new request RotatedTileBox [lat=-7.269335000000001, lon=-36.14143833333333, rotate=0.0, density=2.625, zoom=17, mapDensity=3.9375, zoomAnimation=0.0, zoomFloatPart=0.0, cx=900, cy=1972, pixWidth=1800, pixHeight=2690]
07-17 18:45:00.643 10586 10599 E memtrack: Couldn't load memtrack module
07-17 18:45:00.643 10586 10599 W android.os.Debug: failed to get memory consumption info: -1
07-17 18:45:00.665 21823 21849 I net.osmand:native: Route objects 12
07-17 18:45:00.666 21823 21849 I net.osmand:native: Ocean: no completed & incompleted coastlines 0
07-17 18:45:00.666 21823 21849 I net.osmand:native: Detailed coastlines = 0, basemap coastlines 0, ocean tile 0.000000. Detailed added 0, basemap processed 1, basemap added 0.
07-17 18:45:00.666 21823 21849 I net.osmand:native: Search : tree - read( 490), accept( 36), objs - visit( 2469), accept(19), in result(8) 
07-17 18:45:00.666 21823 21849 I net.osmand: MapRenderRepositories BLat=-7.271632218360901, TLat=-7.26364848613739, LLong=-36.14389419555664, RLong=-36.13898849487305, zoom=17
07-17 18:45:00.666 21823 21849 I net.osmand: MapRenderRepositories Native search: 88 ms 
07-17 18:45:00.678 21823 21849 I net.osmand:native: Creating SkBitmap in native w:1800 h:2690 s:7200 f:1!
07-17 18:45:00.678 21823 21849 I net.osmand:native: Row bytes for RGBA_8888 is 7200
07-17 18:45:00.678 21823 21849 I net.osmand:native: Locked 19368000 bytes at 0x84900000
07-17 18:45:00.678 21823 21849 I net.osmand:native: Initializing rendering
07-17 18:45:00.679 21823 21849 I net.osmand:native: Rendering image
07-17 18:45:00.707 21823 21849 I net.osmand:native: Native ok (rendering 0, text 3 ms) 
07-17 18:45:00.707 21823 21849 I net.osmand:native:  (1127 points, 14 points inside, 11 of 18 objects visible)
07-17 18:45:00.707 21823 21849 I net.osmand:native: End Rendering image
07-17 18:45:00.707 21823 21849 I net.osmand:native: Native ok (init 1, rendering 0) 
07-17 18:45:00.708 21823 21849 I net.osmand: MapRenderRepositories true
07-17 18:45:00.975 21823 21833 I zygote  : Background concurrent copying GC freed 608714(13MB) AllocSpace objects, 0(0B) LOS objects, 14% free, 36MB/42MB, paused 7.924ms total 1.113s
07-17 18:45:01.043 21823 21823 I net.osmand: RoutingHelper Recalculate route, because correlation  : 27708.059999733538
07-17 18:45:01.043 21823 21823 I net.osmand: RoutingHelper Recalculate route, because wrong movement direction: 27708.06
07-17 18:45:01.052 21823 21823 I net.osmand: RoutingHelper Recalculate route, because correlation  : 27708.059999733538
07-17 18:45:01.302 21823 21823 I net.osmand: RoutingHelper Recalculate route, because correlation  : 28008.256364077588
07-17 18:45:01.302 21823 21823 I net.osmand: RoutingHelper Recalculate route, because wrong movement direction: 28008.256
07-17 18:45:01.306 21823 21850 I net.osmand: MapRenderRepositories RENDER MAP: update due to tile box
07-17 18:45:01.307 21823 21850 I net.osmand: MapRenderRepositories RENDER MAP: Interrupt rendering map
07-17 18:45:01.343 21823 21823 I net.osmand: RoutingHelper Recalculate route, because correlation  : 28008.256364077588
07-17 18:45:01.459 21823 21849 I net.osmand: MapRenderRepositories RENDER MAP: new request RotatedTileBox [lat=-7.269218333333333, lon=-36.14421333333333, rotate=0.0, density=2.625, zoom=17, mapDensity=3.9375, zoomAnimation=0.0, zoomFloatPart=0.0, cx=900, cy=1972, pixWidth=1800, pixHeight=2690]
07-17 18:45:01.474 11993 11993 V mireo   : j: GPS.setNative: 1563403501000 | Location[gps -7.269335,-36.141438 hAcc=20 et=+1d13h39m47s23ms vel=0.0 bear=0.0 vAcc=??? sAcc=??? bAcc=??? {Bundle[mParcelledData.dataSize=96]}]
07-17 18:45:01.562 21823 21849 I net.osmand:native: Route objects 12
07-17 18:45:01.562 21823 21849 I net.osmand:native: Ocean: no completed & incompleted coastlines 0
07-17 18:45:01.562 21823 21849 I net.osmand:native: Detailed coastlines = 0, basemap coastlines 0, ocean tile 0.000000. Detailed added 0, basemap processed 1, basemap added 0.
07-17 18:45:01.569 21823 21849 I net.osmand:native: Search : tree - read( 490), accept( 36), objs - visit( 2469), accept(19), in result(8) 
07-17 18:45:01.576 21823 21849 I net.osmand: MapRenderRepositories BLat=-7.271526956558228, TLat=-7.263519620895385, LLong=-36.14665985107422, RLong=-36.14175796508789, zoom=17
07-17 18:45:01.576 21823 21849 I net.osmand: MapRenderRepositories Native search: 117 ms 
07-17 18:45:01.589 21823 21849 I net.osmand:native: Creating SkBitmap in native w:1800 h:2690 s:7200 f:1!
07-17 18:45:01.590 21823 21849 I net.osmand:native: Row bytes for RGBA_8888 is 7200
07-17 18:45:01.590 21823 21849 I net.osmand:native: Locked 19368000 bytes at 0x6e800000
07-17 18:45:01.590 21823 21849 I net.osmand:native: Initializing rendering
07-17 18:45:01.591 21823 21849 I net.osmand:native: Rendering image
07-17 18:45:01.634 21823 21849 I net.osmand:native: Native ok (rendering 0, text 3 ms) 
07-17 18:45:01.634 21823 21849 I net.osmand:native:  (1127 points, 28 points inside, 11 of 18 objects visible)
07-17 18:45:01.634 21823 21849 I net.osmand:native: End Rendering image
07-17 18:45:01.635 21823 21849 I net.osmand:native: Native ok (init 1, rendering 0) 
07-17 18:45:01.635 21823 21849 I net.osmand: MapRenderRepositories true
07-17 18:45:02.027 21823 21823 I net.osmand: RoutingHelper Recalculate route, because correlation  : 28008.256364077588
07-17 18:45:02.093 21823 21823 I net.osmand: RoutingHelper Recalculate route, because correlation  : 28008.256364077588
07-17 18:45:02.093 21823 21823 I net.osmand: RoutingHelper Recalculate route, because wrong movement direction: 28008.256
07-17 18:45:02.404 21823 21823 I net.osmand: RoutingHelper Recalculate route, because correlation  : 28308.616058707077
07-17 18:45:02.404 21823 21823 I net.osmand: RoutingHelper Recalculate route, because wrong movement direction: 28308.615
07-17 18:45:02.407 21823 21850 I net.osmand: MapRenderRepositories RENDER MAP: update due to tile box
07-17 18:45:02.407 21823 21850 I net.osmand: MapRenderRepositories RENDER MAP: Interrupt rendering map
07-17 18:45:02.453 21823 21823 I net.osmand: RoutingHelper Recalculate route, because correlation  : 28308.616058707077
07-17 18:45:02.475 11993 11993 V mireo   : j: GPS.setNative: 1563403502000 | Location[gps -7.269218,-36.144213 hAcc=20 et=+1d13h39m48s29ms alt=0.0 vAcc=??? sAcc=??? bAcc=??? {Bundle[mParcelledData.dataSize=96]}]
07-17 18:45:02.553 21823 21833 I zygote  : Background concurrent copying GC freed 577285(13MB) AllocSpace objects, 0(0B) LOS objects, 13% free, 37MB/43MB, paused 1.529ms total 982.075ms
07-17 18:45:02.612 21823 21850 I net.osmand: MapRenderRepositories RENDER MAP: update due to tile box
07-17 18:45:02.613 21823 21850 I net.osmand: MapRenderRepositories RENDER MAP: Interrupt rendering map
07-17 18:45:02.979 21823 21850 I net.osmand: MapRenderRepositories RENDER MAP: update due to tile box
07-17 18:45:02.979 21823 21850 I net.osmand: MapRenderRepositories RENDER MAP: Interrupt rendering map
07-17 18:45:03.064 21823 21823 I net.osmand: RoutingHelper Recalculate route, because correlation  : 28308.616058707077
07-17 18:45:03.064 21823 21823 I net.osmand: RoutingHelper Recalculate route, because wrong movement direction: 28308.615
07-17 18:45:03.088 21823 21850 I net.osmand: MapRenderRepositories RENDER MAP: update due to tile box
07-17 18:45:03.089 21823 21850 I net.osmand: MapRenderRepositories RENDER MAP: Interrupt rendering map
07-17 18:45:03.141 21823 21849 I net.osmand: MapRenderRepositories RENDER MAP: new request RotatedTileBox [lat=-7.269103333333334, lon=-36.14698833333333, rotate=0.0, density=2.625, zoom=17, mapDensity=3.9375, zoomAnimation=0.0, zoomFloatPart=0.0, cx=900, cy=1972, pixWidth=1800, pixHeight=2690]
07-17 18:45:03.185 21823 21823 I net.osmand: RoutingHelper Recalculate route, because correlation  : 28308.616058707077
07-17 18:45:03.257 21823 21849 I net.osmand:native: Route objects 14
07-17 18:45:03.257 21823 21849 I net.osmand:native: Ocean: no completed & incompleted coastlines 0
07-17 18:45:03.257 21823 21849 I net.osmand:native: Detailed coastlines = 0, basemap coastlines 0, ocean tile 0.000000. Detailed added 0, basemap processed 1, basemap added 0.
07-17 18:45:03.257 21823 21849 I net.osmand:native: Search : tree - read( 490), accept( 37), objs - visit( 2509), accept(21), in result(10) 
07-17 18:45:03.271 21823 21849 I net.osmand: MapRenderRepositories BLat=-7.2713980913162235, TLat=-7.263414359092712, LLong=-36.14944076538086, RLong=-36.144535064697266, zoom=17
07-17 18:45:03.271 21823 21849 I net.osmand: MapRenderRepositories Native search: 128 ms 
07-17 18:45:03.279 21823 21849 I net.osmand:native: Creating SkBitmap in native w:1800 h:2690 s:7200 f:1!
07-17 18:45:03.279 21823 21849 I net.osmand:native: Row bytes for RGBA_8888 is 7200
07-17 18:45:03.280 21823 21849 I net.osmand:native: Locked 19368000 bytes at 0x84900000
07-17 18:45:03.280 21823 21849 I net.osmand:native: Initializing rendering
07-17 18:45:03.281 21823 21849 I net.osmand:native: Rendering image
07-17 18:45:03.358 21823 21849 I net.osmand:native: Native ok (rendering 0, text 11 ms) 
07-17 18:45:03.358 21823 21849 I net.osmand:native:  (1197 points, 48 points inside, 15 of 22 objects visible)
07-17 18:45:03.360 21823 21849 I net.osmand:native: End Rendering image
07-17 18:45:03.360 21823 21849 I net.osmand:native: Native ok (init 1, rendering 0) 
07-17 18:45:03.360 21823 21849 I net.osmand: MapRenderRepositories true
07-17 18:45:03.478 11993 11993 V mireo   : j: GPS.setNative: 1563403504000 | Location[gps -7.268987,-36.149765 hAcc=20 et=+1d13h39m49s502ms vel=0.0 bear=0.0 vAcc=??? sAcc=??? bAcc=??? {Bundle[mParcelledData.dataSize=96]}]
07-17 18:45:03.527 10923 10923 I GeofencerStateMachine: sendNewTransitions called.
07-17 18:45:03.529 21823 21823 I net.osmand: RoutingHelper Recalculate route, because correlation  : 28609.258301822065
07-17 18:45:03.529 21823 21823 I net.osmand: RoutingHelper Recalculate route, because wrong movement direction: 28609.258
07-17 18:45:03.534 21823 21823 I net.osmand: RoutingHelper Recalculate route, because correlation  : 28609.258301822065
07-17 18:45:03.623 10923 10923 I GeofencerStateMachine: sendNewTransitions called.
07-17 18:45:03.644 10923 10923 I GeofencerStateMachine: sendNewLocationAvailability: availability=LocationAvailability[isLocationAvailable: true]
07-17 18:45:03.726 21823 21850 I net.osmand: MapRenderRepositories RENDER MAP: update due to tile box
07-17 18:45:03.726 21823 21850 I net.osmand: MapRenderRepositories RENDER MAP: Interrupt rendering map
07-17 18:45:03.979 21823 21850 I net.osmand: MapRenderRepositories RENDER MAP: update due to tile box
07-17 18:45:03.979 21823 21850 I net.osmand: MapRenderRepositories RENDER MAP: Interrupt rendering map
07-17 18:45:04.113 21823 21849 I net.osmand: MapRenderRepositories RENDER MAP: new request RotatedTileBox [lat=-7.268986666666666, lon=-36.149765, rotate=0.0, density=2.625, zoom=17, mapDensity=3.9375, zoomAnimation=0.0, zoomFloatPart=0.0, cx=900, cy=1972, pixWidth=1800, pixHeight=2690]
07-17 18:45:04.137 21823 21823 I net.osmand: RoutingHelper Recalculate route, because correlation  : 28609.258301822065
07-17 18:45:04.137 21823 21823 I net.osmand: RoutingHelper Recalculate route, because wrong movement direction: 28609.258
07-17 18:45:04.231 21823 21849 I net.osmand:native: Route objects 13
07-17 18:45:04.231 21823 21849 I net.osmand:native: Ocean: no completed & incompleted coastlines 0
07-17 18:45:04.231 21823 21849 I net.osmand:native: Detailed coastlines = 0, basemap coastlines 0, ocean tile 0.000000. Detailed added 0, basemap processed 1, basemap added 0.
07-17 18:45:04.239 21823 21849 I net.osmand:native: Search : tree - read( 490), accept( 37), objs - visit( 2509), accept(20), in result(9) 
07-17 18:45:04.239 21823 21849 I net.osmand: MapRenderRepositories BLat=-7.27129282951355, TLat=-7.263285493850708, LLong=-36.152217864990234, RLong=-36.147315979003906, zoom=17
07-17 18:45:04.239 21823 21849 I net.osmand: MapRenderRepositories Native search: 126 ms 
07-17 18:45:04.248 21823 21849 I net.osmand:native: Creating SkBitmap in native w:1800 h:2690 s:7200 f:1!
07-17 18:45:04.248 21823 21849 I net.osmand:native: Row bytes for RGBA_8888 is 7200
07-17 18:45:04.248 21823 21849 I net.osmand:native: Locked 19368000 bytes at 0x6e800000
07-17 18:45:04.248 21823 21849 I net.osmand:native: Initializing rendering
07-17 18:45:04.250 21823 21849 I net.osmand:native: Rendering image
07-17 18:45:04.329 21823 21823 I net.osmand: RoutingHelper Recalculate route, because correlation  : 28609.258301822065
07-17 18:45:04.334 21823 21849 I net.osmand:native: Native ok (rendering 0, text 10 ms) 
07-17 18:45:04.334 21823 21849 I net.osmand:native:  (1187 points, 44 points inside, 13 of 20 objects visible)
07-17 18:45:04.334 21823 21849 I net.osmand:native: End Rendering image
07-17 18:45:04.334 21823 21849 I net.osmand:native: Native ok (init 1, rendering 0) 
07-17 18:45:04.334 21823 21849 I net.osmand: MapRenderRepositories true
07-17 18:45:04.544 21823 21833 I zygote  : Background concurrent copying GC freed 612112(13MB) AllocSpace objects, 0(0B) LOS objects, 13% free, 39MB/45MB, paused 4.365ms total 1.299s
07-17 18:45:04.546 10586 12329 I ActivityManager: Process com.android.chrome (pid 31554) has died: cch+6CEM 
07-17 18:45:04.547 10586 10602 W zygote  : kill(-31554, 9) failed: No such process
07-17 18:45:04.547 10586 10602 I zygote  : Successfully killed process cgroup uid 10049 pid 31554 in 0ms
07-17 18:45:04.665 21823 21823 I net.osmand: RoutingHelper Recalculate route, because correlation  : 28308.616058707077
07-17 18:45:04.665 21823 21823 I net.osmand: RoutingHelper Recalculate route, because wrong movement direction: 28308.615
07-17 18:45:04.777 21823 21850 I net.osmand: MapRenderRepositories RENDER MAP: update due to tile box
07-17 18:45:04.778 21823 21850 I net.osmand: MapRenderRepositories RENDER MAP: Interrupt rendering map
07-17 18:45:04.797 21823 21823 I net.osmand: RoutingHelper Recalculate route, because correlation  : 28308.616058707077
07-17 18:45:04.838 11993 11993 V mireo   : j: GPS.setNative: 1563403505000 | Location[gps -7.269103,-36.146988 hAcc=20 et=+1d13h39m50s636ms vel=0.0 bear=0.0 vAcc=??? sAcc=??? bAcc=??? {Bundle[mParcelledData.dataSize=96]}]
07-17 18:45:04.933 21823 21850 I net.osmand: MapRenderRepositories RENDER MAP: update due to tile box
07-17 18:45:04.933 21823 21850 I net.osmand: MapRenderRepositories RENDER MAP: Interrupt rendering map
07-17 18:45:05.065 21823 21850 I net.osmand: MapRenderRepositories RENDER MAP: update due to tile box
07-17 18:45:05.066 21823 21850 I net.osmand: MapRenderRepositories RENDER MAP: Interrupt rendering map
07-17 18:45:05.086 21823 21849 I net.osmand: MapRenderRepositories RENDER MAP: new request RotatedTileBox [lat=-7.269103333333334, lon=-36.14698833333333, rotate=0.0, density=2.625, zoom=17, mapDensity=3.9375, zoomAnimation=0.0, zoomFloatPart=0.0, cx=900, cy=1972, pixWidth=1800, pixHeight=2690]
07-17 18:45:05.114 21823 21823 I net.osmand: RoutingHelper Recalculate route, because correlation  : 28308.616058707077
07-17 18:45:05.114 21823 21823 I net.osmand: RoutingHelper Recalculate route, because wrong movement direction: 28308.615
07-17 18:45:05.165 21823 21823 I net.osmand: RoutingHelper Recalculate route, because correlation  : 28308.616058707077
07-17 18:45:05.195 21823 21849 I net.osmand:native: Route objects 14
07-17 18:45:05.195 21823 21849 I net.osmand:native: Ocean: no completed & incompleted coastlines 0
07-17 18:45:05.196 21823 21849 I net.osmand:native: Detailed coastlines = 0, basemap coastlines 0, ocean tile 0.000000. Detailed added 0, basemap processed 1, basemap added 0.
07-17 18:45:05.196 21823 21849 I net.osmand:native: Search : tree - read( 490), accept( 37), objs - visit( 2509), accept(21), in result(10) 
07-17 18:45:05.196 21823 21849 I net.osmand: MapRenderRepositories BLat=-7.2713980913162235, TLat=-7.263414359092712, LLong=-36.14944076538086, RLong=-36.144535064697266, zoom=17
07-17 18:45:05.196 21823 21849 I net.osmand: MapRenderRepositories Native search: 109 ms 
07-17 18:45:05.235 21823 21849 I net.osmand:native: Creating SkBitmap in native w:1800 h:2690 s:7200 f:1!
07-17 18:45:05.236 21823 21849 I net.osmand:native: Row bytes for RGBA_8888 is 7200
07-17 18:45:05.236 21823 21849 I net.osmand:native: Locked 19368000 bytes at 0x84900000
07-17 18:45:05.236 21823 21849 I net.osmand:native: Initializing rendering
07-17 18:45:05.237 21823 21849 I net.osmand:native: Rendering image
07-17 18:45:05.278 21823 21849 I net.osmand:native: Native ok (rendering 0, text 6 ms) 
07-17 18:45:05.278 21823 21849 I net.osmand:native:  (1197 points, 48 points inside, 15 of 22 objects visible)
07-17 18:45:05.278 21823 21849 I net.osmand:native: End Rendering image
07-17 18:45:05.279 21823 21849 I net.osmand:native: Native ok (init 1, rendering 0) 
07-17 18:45:05.279 21823 21849 I net.osmand: MapRenderRepositories true
07-17 18:45:05.375 10586 16754 I WifiService: acquireWifiLock uid=10014 lockMode=2
07-17 18:45:05.665 21823 21833 I zygote  : Background concurrent copying GC freed 690013(16MB) AllocSpace objects, 0(0B) LOS objects, 15% free, 32MB/38MB, paused 924us total 620.102ms
07-17 18:45:05.839 11993 11993 V mireo   : j: GPS.setNative: 1563403506000 | Location[gps -7.269040,-36.148513 hAcc=20 et=+1d13h39m51s779ms alt=0.0 vAcc=??? sAcc=??? bAcc=??? {Bundle[mParcelledData.dataSize=96]}]
07-17 18:45:05.866 21823 21823 I net.osmand: RoutingHelper Recalculate route, because correlation  : 28473.73162022756
07-17 18:45:05.868 21823 21823 I net.osmand: RoutingHelper Recalculate route, because correlation  : 28473.73162022756
07-17 18:45:05.869 21823 21823 I net.osmand: RoutingHelper Recalculate route, because wrong movement direction: 28473.732
07-17 18:45:05.876 21823 21850 I net.osmand: MapRenderRepositories RENDER MAP: update due to tile box
07-17 18:45:05.876 21823 21850 I net.osmand: MapRenderRepositories RENDER MAP: Interrupt rendering map
07-17 18:45:06.032 21823 21849 I net.osmand: MapRenderRepositories RENDER MAP: new request RotatedTileBox [lat=-7.2690399999999995, lon=-36.148513333333334, rotate=0.0, density=2.625, zoom=17, mapDensity=3.9375, zoomAnimation=0.0, zoomFloatPart=0.0, cx=900, cy=1972, pixWidth=1800, pixHeight=2690]
07-17 18:45:06.116 21823 21823 I net.osmand: RoutingHelper Recalculate route, because correlation  : 28473.73162022756
07-17 18:45:06.117 21823 21823 I net.osmand: RoutingHelper Recalculate route, because wrong movement direction: 28473.732
07-17 18:45:06.166 21823 21823 I net.osmand: RoutingHelper Recalculate route, because correlation  : 28473.73162022756
07-17 18:45:06.213 21823 21849 I net.osmand:native: Route objects 14
07-17 18:45:06.213 21823 21849 I net.osmand:native: Ocean: no completed & incompleted coastlines 0
07-17 18:45:06.213 21823 21849 I net.osmand:native: Detailed coastlines = 0, basemap coastlines 0, ocean tile 0.000000. Detailed added 0, basemap processed 1, basemap added 0.
07-17 18:45:06.213 21823 21849 I net.osmand:native: Search : tree - read( 490), accept( 37), objs - visit( 2509), accept(21), in result(10) 
07-17 18:45:06.213 21823 21849 I net.osmand: MapRenderRepositories BLat=-7.271334195137024, TLat=-7.263350462913513, LLong=-36.150962829589844, RLong=-36.146060943603516, zoom=17
07-17 18:45:06.213 21823 21849 I net.osmand: MapRenderRepositories Native search: 181 ms 
07-17 18:45:06.227 21823 21849 I net.osmand:native: Creating SkBitmap in native w:1800 h:2690 s:7200 f:1!
07-17 18:45:06.227 21823 21849 I net.osmand:native: Row bytes for RGBA_8888 is 7200
07-17 18:45:06.227 21823 21849 I net.osmand:native: Locked 19368000 bytes at 0x6e800000
07-17 18:45:06.227 21823 21849 I net.osmand:native: Initializing rendering
07-17 18:45:06.242 21823 21849 I net.osmand:native: Rendering image
07-17 18:45:06.302 21823 21849 I net.osmand:native: Native ok (rendering 0, text 21 ms) 
07-17 18:45:06.302 21823 21849 I net.osmand:native:  (1197 points, 52 points inside, 15 of 22 objects visible)
07-17 18:45:06.302 21823 21849 I net.osmand:native: End Rendering image
07-17 18:45:06.302 21823 21849 I net.osmand:native: Native ok (init 15, rendering 0) 
07-17 18:45:06.305 21823 21849 I net.osmand: MapRenderRepositories true
07-17 18:45:06.984 21823 21823 I net.osmand: RoutingHelper Recalculate route, because correlation  : 28473.73162022756
07-17 18:45:06.984 21823 21823 I net.osmand: RoutingHelper Recalculate route, because wrong movement direction: 28473.732
07-17 18:45:07.072 10586 10603 E BatteryExternalStatsWorker: modem info is invalid: ModemActivityInfo{ mTimestamp=0 mSleepTimeMs=0 mIdleTimeMs=0 mTxTimeMs[]=[0, 0, 0, 0, 0] mRxTimeMs=0 mEnergyUsed=0}
07-17 18:45:07.106 21823 21823 I net.osmand: RoutingHelper Recalculate route, because correlation  : 28473.73162022756
07-17 18:45:07.106 21823 21823 I net.osmand: RoutingHelper Recalculate route, because wrong movement direction: 28473.732
07-17 18:45:07.147 21823 21823 I net.osmand: RoutingHelper Recalculate route, because correlation  : 28473.73162022756
07-17 18:45:07.153 21823 21823 I net.osmand: RoutingHelper Recalculate route, because correlation  : 28473.73162022756
07-17 18:45:07.227 21823 21833 I zygote  : Background concurrent copying GC freed 384753(8MB) AllocSpace objects, 0(0B) LOS objects, 14% free, 35MB/41MB, paused 1.240ms total 944.085ms
07-17 18:45:07.483 11993 11993 V mireo   : j: GPS.setNative: 1563403507000 | Location[gps -7.269040,-36.148513 hAcc=20 et=+1d13h39m52s944ms vel=0.0 bear=0.0 vAcc=??? sAcc=??? bAcc=??? {Bundle[mParcelledData.dataSize=96]}]
07-17 18:45:08.043 21823 21823 I net.osmand: RoutingHelper Recalculate route, because correlation  : 28473.73162022756
07-17 18:45:08.043 21823 21823 I net.osmand: RoutingHelper Recalculate route, because wrong movement direction: 28473.732
07-17 18:45:08.176 21823 21823 I net.osmand: RoutingHelper Recalculate route, because correlation  : 28743.21990697551
07-17 18:45:08.176 21823 21823 I net.osmand: RoutingHelper Recalculate route, because wrong movement direction: 28743.22
07-17 18:45:08.187 21823 21850 I net.osmand: MapRenderRepositories RENDER MAP: update due to tile box
07-17 18:45:08.187 21823 21850 I net.osmand: MapRenderRepositories RENDER MAP: Interrupt rendering map
07-17 18:45:08.322 21823 21823 I net.osmand: RoutingHelper Recalculate route, because correlation  : 28743.21990697551
07-17 18:45:08.345 10586 11033 D WificondControl: Scan result ready event
07-17 18:45:08.355 21823 21850 I net.osmand: MapRenderRepositories RENDER MAP: update due to tile box
07-17 18:45:08.355 21823 21850 I net.osmand: MapRenderRepositories RENDER MAP: Interrupt rendering map
07-17 18:45:08.366 21823 21823 I net.osmand: RoutingHelper Recalculate route, because correlation  : 28473.73162022756
07-17 18:45:08.493 11993 11993 V mireo   : j: GPS.setNative: 1563403508000 | Location[gps -7.269040,-36.148513 hAcc=20 et=+1d13h39m54s26ms vel=0.0 bear=0.0 vAcc=??? sAcc=??? bAcc=??? {Bundle[mParcelledData.dataSize=96]}]
07-17 18:45:08.538 10586 14373 I WifiService: releaseWifiLock uid=10014
07-17 18:45:08.559 21823 21849 I net.osmand: MapRenderRepositories RENDER MAP: new request RotatedTileBox [lat=-7.268105000000001, lon=-36.151129999999995, rotate=0.0, density=2.625, zoom=17, mapDensity=3.9375, zoomAnimation=0.0, zoomFloatPart=0.0, cx=900, cy=1972, pixWidth=1800, pixHeight=2690]
07-17 18:45:08.645 21823 21850 I net.osmand: MapRenderRepositories RENDER MAP: update due to tile box
07-17 18:45:08.645 21823 21850 I net.osmand: MapRenderRepositories RENDER MAP: Interrupt rendering map
07-17 18:45:08.675 21823 21849 I net.osmand:native: Route objects 12
07-17 18:45:08.680 21823 21849 I net.osmand:native: Ocean: no completed & incompleted coastlines 0
07-17 18:45:08.680 21823 21849 I net.osmand:native: Detailed coastlines = 0, basemap coastlines 0, ocean tile 0.000000. Detailed added 0, basemap processed 1, basemap added 0.
07-17 18:45:08.680 21823 21849 I net.osmand:native: Search : tree - read( 490), accept( 36), objs - visit( 2469), accept(19), in result(8) 
07-17 18:45:08.680 21823 21849 I net.osmand: MapRenderRepositories RENDER MAP: new request RotatedTileBox [lat=-7.2690399999999995, lon=-36.148513333333334, rotate=0.0, density=2.625, zoom=17, mapDensity=3.9375, zoomAnimation=0.0, zoomFloatPart=0.0, cx=900, cy=1972, pixWidth=1800, pixHeight=2690]
07-17 18:45:08.771 21823 21849 I net.osmand:native: Route objects 14
07-17 18:45:08.772 21823 21849 I net.osmand:native: Ocean: no completed & incompleted coastlines 0
07-17 18:45:08.772 21823 21849 I net.osmand:native: Detailed coastlines = 0, basemap coastlines 0, ocean tile 0.000000. Detailed added 0, basemap processed 1, basemap added 0.
07-17 18:45:08.773 21823 21849 I net.osmand:native: Search : tree - read( 490), accept( 37), objs - visit( 2509), accept(21), in result(10) 
07-17 18:45:08.773 21823 21849 I net.osmand: MapRenderRepositories BLat=-7.271334195137024, TLat=-7.263350462913513, LLong=-36.150962829589844, RLong=-36.146060943603516, zoom=17
07-17 18:45:08.774 21823 21849 I net.osmand: MapRenderRepositories Native search: 92 ms 
07-17 18:45:08.783 21823 21849 I net.osmand:native: Creating SkBitmap in native w:1800 h:2690 s:7200 f:1!
07-17 18:45:08.783 21823 21849 I net.osmand:native: Row bytes for RGBA_8888 is 7200
07-17 18:45:08.783 21823 21849 I net.osmand:native: Locked 19368000 bytes at 0x84900000
07-17 18:45:08.789 21823 21849 I net.osmand:native: Initializing rendering
07-17 18:45:08.790 21823 21849 I net.osmand:native: Rendering image
07-17 18:45:08.822 21823 21849 I net.osmand:native: Native ok (rendering 1, text 4 ms) 
07-17 18:45:08.822 21823 21849 I net.osmand:native:  (1197 points, 52 points inside, 15 of 22 objects visible)
07-17 18:45:08.822 21823 21849 I net.osmand:native: End Rendering image
07-17 18:45:08.822 21823 21849 I net.osmand:native: Native ok (init 1, rendering 1) 
07-17 18:45:08.841 21823 21849 I net.osmand: MapRenderRepositories true
07-17 18:45:09.017 10923 10923 I GeofencerStateMachine: sendNewTransitions called.
07-17 18:45:09.060 21823 21823 I net.osmand: RoutingHelper Recalculate route, because correlation  : 28743.21990697551
07-17 18:45:09.061 21823 21823 I net.osmand: RoutingHelper Recalculate route, because wrong movement direction: 28743.22
07-17 18:45:09.120 21823 21850 I net.osmand: MapRenderRepositories RENDER MAP: update due to tile box
07-17 18:45:09.130 21823 21850 I net.osmand: MapRenderRepositories RENDER MAP: Interrupt rendering map
07-17 18:45:09.243 10923 10923 I GeofencerStateMachine: sendNewTransitions called.
07-17 18:45:09.264 10923 10923 I GeofencerStateMachine: sendNewLocationAvailability: availability=LocationAvailability[isLocationAvailable: true]
07-17 18:45:09.325 21823 21823 I net.osmand: RoutingHelper Recalculate route, because correlation  : 29013.29698071855
07-17 18:45:09.325 21823 21823 I net.osmand: RoutingHelper Recalculate route, because wrong movement direction: 29013.297
07-17 18:45:09.371 21823 21850 I net.osmand: MapRenderRepositories RENDER MAP: update due to tile box
07-17 18:45:09.372 21823 21850 I net.osmand: MapRenderRepositories RENDER MAP: Interrupt rendering map
07-17 18:45:09.481 21823 21823 I net.osmand: RoutingHelper Recalculate route, because correlation  : 29013.29698071855
07-17 18:45:09.494 11993 11993 V mireo   : j: GPS.setNative: 1563403509000 | Location[gps -7.268105,-36.151130 hAcc=20 et=+1d13h39m55s26ms vel=0.0 bear=0.0 vAcc=??? sAcc=??? bAcc=??? {Bundle[mParcelledData.dataSize=96]}]
07-17 18:45:09.568 21823 21850 I net.osmand: MapRenderRepositories RENDER MAP: update due to tile box
07-17 18:45:09.568 21823 21850 I net.osmand: MapRenderRepositories RENDER MAP: Interrupt rendering map
07-17 18:45:09.594 21823 21849 I net.osmand: MapRenderRepositories RENDER MAP: new request RotatedTileBox [lat=-7.267171666666667, lon=-36.153745, rotate=0.0, density=2.625, zoom=17, mapDensity=3.9375, zoomAnimation=0.0, zoomFloatPart=0.0, cx=900, cy=1972, pixWidth=1800, pixHeight=2690]
07-17 18:45:09.760 21823 21849 I net.osmand:native: Route objects 6
07-17 18:45:09.760 21823 21849 I net.osmand:native: Ocean: no completed & incompleted coastlines 0
07-17 18:45:09.761 21823 21849 I net.osmand:native: Detailed coastlines = 0, basemap coastlines 0, ocean tile 0.000000. Detailed added 0, basemap processed 1, basemap added 0.
07-17 18:45:09.761 21823 21849 I net.osmand:native: Search : tree - read( 450), accept( 33), objs - visit( 2389), accept(13), in result(4) 
07-17 18:45:09.761 21823 21849 I net.osmand: MapRenderRepositories BLat=-7.269483733177185, TLat=-7.261475872993469, LLong=-36.15620040893555, RLong=-36.15129470825195, zoom=17
07-17 18:45:09.787 21823 21849 I net.osmand: MapRenderRepositories Native search: 166 ms 
07-17 18:45:09.813 21823 21849 I net.osmand:native: Creating SkBitmap in native w:1800 h:2690 s:7200 f:1!
07-17 18:45:09.813 21823 21849 I net.osmand:native: Row bytes for RGBA_8888 is 7200
07-17 18:45:09.813 21823 21849 I net.osmand:native: Locked 19368000 bytes at 0x6e800000
07-17 18:45:09.815 21823 21849 I net.osmand:native: Initializing rendering
07-17 18:45:09.826 21823 21849 I net.osmand:native: Rendering image
07-17 18:45:09.868 21823 21849 I net.osmand:native: Native ok (rendering 0, text 17 ms) 
07-17 18:45:09.868 21823 21849 I net.osmand:native:  (737 points, 6 points inside, 5 of 10 objects visible)
07-17 18:45:09.869 21823 21849 I net.osmand:native: End Rendering image
07-17 18:45:09.869 21823 21849 I net.osmand:native: Native ok (init 6, rendering 0) 
07-17 18:45:09.869 21823 21849 I net.osmand: MapRenderRepositories true
07-17 18:45:10.039 21823 21823 I net.osmand: RoutingHelper Recalculate route, because correlation  : 29013.29698071855
07-17 18:45:10.039 21823 21823 I net.osmand: RoutingHelper Recalculate route, because wrong movement direction: 29013.297
07-17 18:45:10.177 21823 21823 I net.osmand: RoutingHelper Recalculate route, because correlation  : 29013.29698071855
07-17 18:45:10.431 21823 21823 I net.osmand: RoutingHelper Recalculate route, because correlation  : 29284.277368644165
07-17 18:45:10.431 21823 21823 I net.osmand: RoutingHelper Recalculate route, because wrong movement direction: 29284.277
07-17 18:45:10.438 21823 21823 I net.osmand: RoutingHelper Recalculate route, because correlation  : 29284.277368644165
07-17 18:45:10.443 21823 21833 I zygote  : Background concurrent copying GC freed 529201(11MB) AllocSpace objects, 0(0B) LOS objects, 11% free, 46MB/52MB, paused 8.641ms total 2.118s
07-17 18:45:10.448 10923 10934 I zygote  : Background concurrent copying GC freed 194191(6MB) AllocSpace objects, 1(92KB) LOS objects, 40% free, 8MB/14MB, paused 3.934ms total 515.709ms
07-17 18:45:10.511 11993 11993 V mireo   : j: GPS.setNative: 1563403510000 | Location[gps -7.267172,-36.153745 hAcc=20 et=+1d13h39m56s29ms vel=0.0 bear=0.0 vAcc=??? sAcc=??? bAcc=??? {Bundle[mParcelledData.dataSize=96]}]
07-17 18:45:10.571 21823 21850 I net.osmand: MapRenderRepositories RENDER MAP: update due to tile box
07-17 18:45:10.571 21823 21850 I net.osmand: MapRenderRepositories RENDER MAP: Interrupt rendering map
07-17 18:45:10.620 21823 21849 I net.osmand: MapRenderRepositories RENDER MAP: new request RotatedTileBox [lat=-7.266238333333333, lon=-36.15636166666666, rotate=0.0, density=2.625, zoom=17, mapDensity=3.9375, zoomAnimation=0.0, zoomFloatPart=0.0, cx=900, cy=1972, pixWidth=1800, pixHeight=2690]
07-17 18:45:10.798 21823 21849 I net.osmand:native: Route objects 6
07-17 18:45:10.812 21823 21849 I net.osmand:native: Ocean: no completed & incompleted coastlines 0
07-17 18:45:10.812 21823 21849 I net.osmand:native: Detailed coastlines = 0, basemap coastlines 0, ocean tile 0.000000. Detailed added 0, basemap processed 1, basemap added 0.
07-17 18:45:10.819 21823 21849 I net.osmand:native: Search : tree - read( 490), accept( 34), objs - visit( 2389), accept(13), in result(4) 
07-17 18:45:10.819 21823 21849 I net.osmand: MapRenderRepositories BLat=-7.268547224998474, TLat=-7.2605393648147585, LLong=-36.158817291259766, RLong=-36.15391540527344, zoom=17
07-17 18:45:10.820 21823 21849 I net.osmand: MapRenderRepositories Native search: 199 ms 
07-17 18:45:10.835 21823 21849 I net.osmand:native: Creating SkBitmap in native w:1800 h:2690 s:7200 f:1!
07-17 18:45:10.835 21823 21849 I net.osmand:native: Row bytes for RGBA_8888 is 7200
07-17 18:45:10.835 21823 21849 I net.osmand:native: Locked 19368000 bytes at 0x84900000
07-17 18:45:10.835 21823 21849 I net.osmand:native: Initializing rendering
07-17 18:45:10.868 21823 21849 I net.osmand:native: Rendering image
07-17 18:45:10.915 21823 21849 I net.osmand:native: Native ok (rendering 0, text 20 ms) 
07-17 18:45:10.915 21823 21849 I net.osmand:native:  (737 points, 6 points inside, 5 of 10 objects visible)
07-17 18:45:10.916 21823 21849 I net.osmand:native: End Rendering image
07-17 18:45:10.916 21823 21849 I net.osmand:native: Native ok (init 33, rendering 0) 
07-17 18:45:10.925 21823 21849 I net.osmand: MapRenderRepositories true
07-17 18:45:11.046 21823 21823 I net.osmand: RoutingHelper Recalculate route, because correlation  : 29284.277368644165
07-17 18:45:11.047 21823 21823 I net.osmand: RoutingHelper Recalculate route, because wrong movement direction: 29284.277
07-17 18:45:11.216 21823 21823 I net.osmand: RoutingHelper Recalculate route, because correlation  : 29284.277368644165
07-17 18:45:11.493 21823 21823 I net.osmand: RoutingHelper Recalculate route, because correlation  : 29555.934377652597
07-17 18:45:11.493 21823 21823 I net.osmand: RoutingHelper Recalculate route, because wrong movement direction: 29555.934
07-17 18:45:11.494 21823 21823 D net.osmand: DayNightHelper Sunrise/sunset setting to day: false
07-17 18:45:11.512 11993 11993 V mireo   : j: GPS.setNative: 1563403512000 | Location[gps -7.265303,-36.158978 hAcc=20 et=+1d13h39m57s512ms vel=0.0 bear=0.0 vAcc=??? sAcc=??? bAcc=??? {Bundle[mParcelledData.dataSize=96]}]
07-17 18:45:11.526 21823 21850 I net.osmand: MapRenderRepositories RENDER MAP: update due to tile box
07-17 18:45:11.526 21823 21850 I net.osmand: MapRenderRepositories RENDER MAP: Interrupt rendering map
07-17 18:45:11.677 21823 21849 I net.osmand: MapRenderRepositories RENDER MAP: new request RotatedTileBox [lat=-7.265303333333333, lon=-36.15897833333334, rotate=0.0, density=2.625, zoom=17, mapDensity=3.9375, zoomAnimation=0.0, zoomFloatPart=0.0, cx=900, cy=1972, pixWidth=1800, pixHeight=2690]
07-17 18:45:11.684 21823 21823 I net.osmand: RoutingHelper Recalculate route, because correlation  : 29555.934377652597
07-17 18:45:11.805 21823 21849 I net.osmand:native: Route objects 7
07-17 18:45:11.805 21823 21849 I net.osmand:native: Ocean: no completed & incompleted coastlines 0
07-17 18:45:11.805 21823 21849 I net.osmand:native: Detailed coastlines = 0, basemap coastlines 0, ocean tile 0.000000. Detailed added 0, basemap processed 1, basemap added 0.
07-17 18:45:11.805 21823 21849 I net.osmand:native: Search : tree - read( 490), accept( 33), objs - visit( 2349), accept(14), in result(5) 
07-17 18:45:11.805 21823 21849 I net.osmand: MapRenderRepositories BLat=-7.267610716819763, TLat=-7.2596028566360475, LLong=-36.161434173583984, RLong=-36.15652084350586, zoom=17
07-17 18:45:11.806 21823 21849 I net.osmand: MapRenderRepositories Native search: 127 ms 
07-17 18:45:11.810 21823 21849 I net.osmand:native: Creating SkBitmap in native w:1800 h:2690 s:7200 f:1!
07-17 18:45:11.810 21823 21849 I net.osmand:native: Row bytes for RGBA_8888 is 7200
07-17 18:45:11.810 21823 21849 I net.osmand:native: Locked 19368000 bytes at 0x6e800000
07-17 18:45:11.811 21823 21849 I net.osmand:native: Initializing rendering
07-17 18:45:11.812 21823 21849 I net.osmand:native: Rendering image
07-17 18:45:11.843 21823 21849 I net.osmand:native: Native ok (rendering 0, text 3 ms) 
07-17 18:45:11.843 21823 21849 I net.osmand:native:  (763 points, 14 points inside, 7 of 12 objects visible)
07-17 18:45:11.843 21823 21849 I net.osmand:native: End Rendering image
07-17 18:45:11.844 21823 21849 I net.osmand:native: Native ok (init 9, rendering 0) 
07-17 18:45:11.844 21823 21849 I net.osmand: MapRenderRepositories true
07-17 18:45:12.054 21823 21823 I net.osmand: RoutingHelper Recalculate route, because correlation  : 29555.934377652597
07-17 18:45:12.054 21823 21823 I net.osmand: RoutingHelper Recalculate route, because wrong movement direction: 29555.934
07-17 18:45:12.103 10586 10595 I zygote  : Background concurrent copying GC freed 39887(1786KB) AllocSpace objects, 0(0B) LOS objects, 12% free, 41MB/47MB, paused 3.488ms total 1.734s
07-17 18:45:12.204 21823 21823 I net.osmand: RoutingHelper Recalculate route, because correlation  : 29555.934377652597
07-17 18:45:12.533 21823 21833 I zygote  : Background concurrent copying GC freed 1020179(23MB) AllocSpace objects, 0(0B) LOS objects, 13% free, 38MB/44MB, paused 5.656ms total 1.304s
07-17 18:45:12.635 21823 21823 I net.osmand: RoutingHelper Recalculate route, because correlation  : 29828.117515242666
07-17 18:45:12.635 21823 21823 I net.osmand: RoutingHelper Recalculate route, because wrong movement direction: 29828.117
07-17 18:45:12.643 21823 21850 I net.osmand: MapRenderRepositories RENDER MAP: update due to tile box
07-17 18:45:12.644 21823 21850 I net.osmand: MapRenderRepositories RENDER MAP: Interrupt rendering map
07-17 18:45:12.817 21823 21850 I net.osmand: MapRenderRepositories RENDER MAP: update due to tile box
07-17 18:45:12.817 21823 21850 I net.osmand: MapRenderRepositories RENDER MAP: Interrupt rendering map
07-17 18:45:12.847 21823 21823 I net.osmand: RoutingHelper Recalculate route, because correlation  : 29828.117515242666
07-17 18:45:12.863 11993 11993 V mireo   : j: GPS.setNative: 1563403513000 | Location[gps -7.264370,-36.161593 hAcc=20 et=+1d13h39m58s654ms vel=0.0 bear=0.0 vAcc=??? sAcc=??? bAcc=??? {Bundle[mParcelledData.dataSize=96]}]
07-17 18:45:12.991 21823 21850 I net.osmand: MapRenderRepositories RENDER MAP: update due to tile box
07-17 18:45:12.991 21823 21850 I net.osmand: MapRenderRepositories RENDER MAP: Interrupt rendering map
07-17 18:45:13.050 21823 21823 I net.osmand: RoutingHelper Recalculate route, because correlation  : 29828.117515242666
07-17 18:45:13.050 21823 21823 I net.osmand: RoutingHelper Recalculate route, because wrong movement direction: 29828.117
07-17 18:45:13.139 21823 21850 I net.osmand: MapRenderRepositories RENDER MAP: update due to tile box
07-17 18:45:13.139 21823 21850 I net.osmand: MapRenderRepositories RENDER MAP: Interrupt rendering map
07-17 18:45:13.184 21823 21823 I net.osmand: RoutingHelper Recalculate route, because correlation  : 29828.117515242666
07-17 18:45:13.258 21823 21850 I net.osmand: MapRenderRepositories RENDER MAP: update due to tile box
07-17 18:45:13.258 21823 21850 I net.osmand: MapRenderRepositories RENDER MAP: Interrupt rendering map
07-17 18:45:13.347 21823 21849 I net.osmand: MapRenderRepositories RENDER MAP: new request RotatedTileBox [lat=-7.26437, lon=-36.161593333333336, rotate=0.0, density=2.625, zoom=17, mapDensity=3.9375, zoomAnimation=0.0, zoomFloatPart=0.0, cx=900, cy=1972, pixWidth=1800, pixHeight=2690]
07-17 18:45:13.416 21823 21849 I net.osmand:native: Route objects 6
07-17 18:45:13.416 21823 21849 I net.osmand:native: Ocean: no completed & incompleted coastlines 0
07-17 18:45:13.416 21823 21849 I net.osmand:native: Detailed coastlines = 0, basemap coastlines 0, ocean tile 0.000000. Detailed added 0, basemap processed 1, basemap added 0.
07-17 18:45:13.416 21823 21849 I net.osmand:native: Search : tree - read( 530), accept( 32), objs - visit( 2269), accept(13), in result(5) 
07-17 18:45:13.416 21823 21849 I net.osmand: MapRenderRepositories BLat=-7.266674208641052, TLat=-7.258666348457337, LLong=-36.16404342651367, RLong=-36.15913772583008, zoom=17
07-17 18:45:13.416 21823 21849 I net.osmand: MapRenderRepositories Native search: 69 ms 
07-17 18:45:13.422 21823 21849 I net.osmand:native: Creating SkBitmap in native w:1800 h:2690 s:7200 f:1!
07-17 18:45:13.424 21823 21849 I net.osmand:native: Row bytes for RGBA_8888 is 7200
07-17 18:45:13.424 21823 21849 I net.osmand:native: Locked 19368000 bytes at 0x84900000
07-17 18:45:13.425 21823 21849 I net.osmand:native: Initializing rendering
07-17 18:45:13.427 21823 21849 I net.osmand:native: Rendering image
07-17 18:45:13.453 21823 21849 I net.osmand:native: Native ok (rendering 0, text 2 ms) 
07-17 18:45:13.453 21823 21849 I net.osmand:native:  (531 points, 20 points inside, 8 of 12 objects visible)
07-17 18:45:13.453 21823 21849 I net.osmand:native: End Rendering image
07-17 18:45:13.453 21823 21849 I net.osmand:native: Native ok (init 1, rendering 0) 
07-17 18:45:13.466 21823 21849 I net.osmand: MapRenderRepositories true
07-17 18:45:13.858 21823 21823 I net.osmand: RoutingHelper Recalculate route, because correlation  : 30101.146854496503
07-17 18:45:13.858 21823 21823 I net.osmand: RoutingHelper Recalculate route, because wrong movement direction: 30101.146
07-17 18:45:13.864 11993 11993 V mireo   : j: GPS.setNative: 1563403514000 | Location[gps -7.263437,-36.164210 hAcc=20 et=+1d13h39m59s828ms vel=0.0 bear=0.0 vAcc=??? sAcc=??? bAcc=??? {Bundle[mParcelledData.dataSize=96]}]
07-17 18:45:13.890 21823 21823 I net.osmand: RoutingHelper Recalculate route, because correlation  : 30101.146854496503
07-17 18:45:13.950 21823 21850 I net.osmand: MapRenderRepositories RENDER MAP: update due to tile box
07-17 18:45:13.950 21823 21850 I net.osmand: MapRenderRepositories RENDER MAP: Interrupt rendering map
07-17 18:45:14.009 21823 21823 I net.osmand: RoutingHelper Recalculate route, because correlation  : 30101.146854496503
07-17 18:45:14.009 21823 21823 I net.osmand: RoutingHelper Recalculate route, because wrong movement direction: 30101.146
07-17 18:45:14.109 21823 21850 I net.osmand: MapRenderRepositories RENDER MAP: update due to tile box
07-17 18:45:14.110 21823 21850 I net.osmand: MapRenderRepositories RENDER MAP: Interrupt rendering map
07-17 18:45:14.150 21823 21823 I net.osmand: RoutingHelper Recalculate route, because correlation  : 30101.146854496503
07-17 18:45:14.217 21823 21849 I net.osmand: MapRenderRepositories RENDER MAP: new request RotatedTileBox [lat=-7.263436666666666, lon=-36.164210000000004, rotate=0.0, density=2.625, zoom=17, mapDensity=3.9375, zoomAnimation=0.0, zoomFloatPart=0.0, cx=900, cy=1972, pixWidth=1800, pixHeight=2690]
07-17 18:45:14.351 21823 21849 I net.osmand:native: Route objects 5
07-17 18:45:14.351 21823 21849 I net.osmand:native: Ocean: no completed & incompleted coastlines 0
07-17 18:45:14.351 21823 21849 I net.osmand:native: Detailed coastlines = 0, basemap coastlines 0, ocean tile 0.000000. Detailed added 0, basemap processed 1, basemap added 0.
07-17 18:45:14.351 21823 21849 I net.osmand:native: Search : tree - read( 530), accept( 32), objs - visit( 2269), accept(12), in result(4) 
07-17 18:45:14.351 21823 21849 I net.osmand: MapRenderRepositories BLat=-7.26573612689972, TLat=-7.257752394676208, LLong=-36.16666030883789, RLong=-36.16175842285156, zoom=17
07-17 18:45:14.352 21823 21849 I net.osmand: MapRenderRepositories Native search: 133 ms 
07-17 18:45:14.357 21823 21849 I net.osmand:native: Creating SkBitmap in native w:1800 h:2690 s:7200 f:1!
07-17 18:45:14.357 21823 21849 I net.osmand:native: Row bytes for RGBA_8888 is 7200
07-17 18:45:14.357 21823 21849 I net.osmand:native: Locked 19368000 bytes at 0x6e800000
07-17 18:45:14.357 21823 21849 I net.osmand:native: Initializing rendering
07-17 18:45:14.358 21823 21849 I net.osmand:native: Rendering image
07-17 18:45:14.397 21823 21849 I net.osmand:native: Native ok (rendering 0, text 3 ms) 
07-17 18:45:14.397 21823 21849 I net.osmand:native:  (505 points, 18 points inside, 6 of 10 objects visible)
07-17 18:45:14.397 21823 21849 I net.osmand:native: End Rendering image
07-17 18:45:14.397 21823 21849 I net.osmand:native: Native ok (init 1, rendering 0) 
07-17 18:45:14.411 21823 21849 I net.osmand: MapRenderRepositories true
07-17 18:45:14.639 21823 21833 I zygote  : Background concurrent copying GC freed 697195(15MB) AllocSpace objects, 0(0B) LOS objects, 12% free, 42MB/48MB, paused 5.110ms total 1.449s
07-17 18:45:14.953 10923 10923 I GeofencerStateMachine: sendNewTransitions called.
07-17 18:45:15.002 21823 21823 I net.osmand: RoutingHelper Recalculate route, because correlation  : 30374.82230505055
07-17 18:45:15.095 21823 21823 I net.osmand: RoutingHelper Recalculate route, because correlation  : 30374.82230505055
07-17 18:45:15.095 21823 21823 I net.osmand: RoutingHelper Recalculate route, because wrong movement direction: 30374.822
07-17 18:45:15.097 10923 10923 I GeofencerStateMachine: sendNewTransitions called.
07-17 18:45:15.112 10923 10923 I GeofencerStateMachine: sendNewLocationAvailability: availability=LocationAvailability[isLocationAvailable: true]
07-17 18:45:15.166 21823 21850 I net.osmand: MapRenderRepositories RENDER MAP: update due to tile box
07-17 18:45:15.169 21823 21850 I net.osmand: MapRenderRepositories RENDER MAP: Interrupt rendering map
07-17 18:45:15.327 21823 21823 I net.osmand: RoutingHelper Recalculate route, because correlation  : 30374.82230505055
07-17 18:45:15.334 21823 21850 I net.osmand: MapRenderRepositories RENDER MAP: update due to tile box
07-17 18:45:15.334 21823 21850 I net.osmand: MapRenderRepositories RENDER MAP: Interrupt rendering map
07-17 18:45:15.415 21823 21823 I net.osmand: RoutingHelper Recalculate route, because correlation  : 30374.82230505055
07-17 18:45:15.416 21823 21823 I net.osmand: RoutingHelper Recalculate route, because wrong movement direction: 30374.822
07-17 18:45:15.503 21823 21850 I net.osmand: MapRenderRepositories RENDER MAP: update due to tile box
07-17 18:45:15.503 21823 21850 I net.osmand: MapRenderRepositories RENDER MAP: Interrupt rendering map
07-17 18:45:15.525 11993 11993 V mireo   : j: GPS.setNative: 1563403515000 | Location[gps -7.262503,-36.166827 hAcc=20 et=+1d13h40m0s954ms alt=0.0 vAcc=??? sAcc=??? bAcc=??? {Bundle[mParcelledData.dataSize=96]}]
07-17 18:45:15.915 21823 21849 I net.osmand: MapRenderRepositories RENDER MAP: new request RotatedTileBox [lat=-7.262503333333332, lon=-36.166826666666665, rotate=0.0, density=2.625, zoom=17, mapDensity=3.9375, zoomAnimation=0.0, zoomFloatPart=0.0, cx=900, cy=1972, pixWidth=1800, pixHeight=2690]
