06-28 14:09:38.458 19546 19868 W MessageQueue: 	at aamg.a(:com.google.android.gms@17785022@17.7.85 (040700-253824076):1)
06-28 14:09:38.458 19546 19868 W MessageQueue: 	at cwm.onTransact(:com.google.android.gms@17785022@17.7.85 (040700-253824076):4)
06-28 14:09:38.458 19546 19868 W MessageQueue: 	at android.os.Binder.execTransact(Binder.java:697)
06-28 14:09:38.500  1603  1616 E memtrack: Couldn't load memtrack module
06-28 14:09:38.500  1603  1616 W android.os.Debug: failed to get memory consumption info: -1
06-28 14:09:38.569  1603  1616 E memtrack: Couldn't load memtrack module
06-28 14:09:38.569  1603  1616 W android.os.Debug: failed to get memory consumption info: -1
06-28 14:09:39.412 29061 29061 I net.osmand: TTSCommandPlayerImpl Send message to pebble sem sinal g p s 
06-28 14:09:39.412 29061 29061 D net.osmand: AbstractPrologCommandPlayer requestAudioFocus
06-28 14:09:39.412 29061 29061 W AudioManager: Use of stream types is deprecated for operations other than volume control
06-28 14:09:39.414 29061 29061 W AudioManager: See the documentation of requestAudioFocus() for what to use instead with android.media.AudioAttributes to qualify your playback use case
06-28 14:09:39.416  1603  3880 I MediaFocusControl: requestAudioFocus() from uid/pid 10104/29061 clientId=android.media.AudioManager@e0b46a6net.osmand.plus.api.AudioFocusHelperImpl@d2caf22 callingPack=net.osmand req=3 flags=0x0 sdk=26
06-28 14:09:39.421 29061 29061 D net.osmand: TTSCommandPlayerImpl ttsRequests=1
06-28 14:09:39.468 12744 29258 I TTS.GoogleTTSServiceImp: Synthesis request for locale por-BRA and name pt-BR-language
06-28 14:09:39.478 12744 29258 I TTS.GoogleTTSServiceImp: TTS dispatch: pt-br-x-afs-lstm-embedded
06-28 14:09:39.509 12744 29259 D AudioTrack: Client defaulted notificationFrames to 1365 for frameCount 4096
06-28 14:09:39.518  1603  3880 V MediaRouterService: restoreBluetoothA2dp(false)
06-28 14:09:39.523  1393  3231 W audio_hw_generic: Not supplying enough data to HAL, expected position 157773766 , only wrote 157773600
06-28 14:09:41.642 12744 29259 D AudioTrack: stop() called with 44330 frames delivered
06-28 14:09:41.644  1603  5561 V MediaRouterService: restoreBluetoothA2dp(false)
06-28 14:09:41.652 29061 29433 D net.osmand: AbstractPrologCommandPlayer abandonAudioFocus
06-28 14:09:41.654  1603  3880 I MediaFocusControl: abandonAudioFocus() from uid/pid 10104/29061 clientId=android.media.AudioManager@e0b46a6net.osmand.plus.api.AudioFocusHelperImpl@d2caf22
06-28 14:09:41.655 29061 29433 D net.osmand: TTSCommandPlayerImpl ttsRequests=0
06-28 14:09:42.076  1393  3231 W audio_hw_generic: Not supplying enough data to HAL, expected position 157896155 , only wrote 157896000
06-28 14:09:42.078  1393  3231 W audio_hw_generic: Not supplying enough data to HAL, expected position 157896101 , only wrote 157896000
06-28 14:09:42.096  1393  3231 W audio_hw_generic: Not supplying enough data to HAL, expected position 157896828 , only wrote 157896720
06-28 14:09:42.758  1524  1631 I WorkerManager: dispose()
06-28 14:09:42.761  1524  1631 W ThreadPoolDumper: Queue length for executor EventBus is now 11. Perhaps some tasks are too long, or the pool is too small.
06-28 14:09:43.375 19546 19546 I BeaconBle: Scan : No clients left, canceling alarm.
06-28 14:09:43.863  1393  3231 W audio_hw_generic: Not supplying enough data to HAL, expected position 157981540 , only wrote 157980960
06-28 14:09:43.863  1393  3231 W audio_hw_generic: Not supplying enough data to HAL, expected position 157980986 , only wrote 157980960
06-28 14:09:43.880  1393  3231 W audio_hw_generic: Not supplying enough data to HAL, expected position 157981755 , only wrote 157981680
06-28 14:09:44.669  1393  1565 W audio_hw_generic: Not supplying enough data to HAL, expected position 158056066 , only wrote 158019120
06-28 14:09:45.841 19546 19546 I GeofencerStateMachine: sendQueryLocationOptIn
06-28 14:09:45.859  1603  1616 I GnssLocationProvider: WakeLock acquired by sendMessage(ENABLE, 1, null)
06-28 14:09:45.862  1603  1616 I GnssLocationProvider: WakeLock acquired by sendMessage(SET_REQUEST, 0, com.android.server.location.GnssLocationProvider$GpsRequest@6b8afa)
06-28 14:09:45.869  1603  1617 W BroadcastQueue: Background execution not allowed: receiving Intent { act=android.location.PROVIDERS_CHANGED flg=0x10 } to com.google.android.apps.maps/com.google.android.apps.gmm.locationsharing.usr.LocationAvailabilityChecker$LocationProvidersChangedBroadcastReceiver
06-28 14:09:45.871  1603  1617 W BroadcastQueue: Background execution not allowed: receiving Intent { act=android.location.PROVIDERS_CHANGED flg=0x10 } to com.google.android.gms/com.google.android.location.internal.NlpNetworkProviderSettingsUpdateReceiver
06-28 14:09:45.878  1603  1603 D GpsNetInitiatedHandler: location enabled :true
06-28 14:09:45.880  1400  1400 W GnssHAL_GnssInterface: setCallback called more than once. Unexpected unless test.
06-28 14:09:45.886  1603  1616 D GnssLocationProvider: gnssSetSystemInfoCb: yearOfHw=2015
06-28 14:09:45.890  1603  1616 D GnssLocationProvider: gnssSetCapabilitesCb: 0u
06-28 14:09:45.893  1603  1616 D GnssLocationProvider: gnssSetSystemInfoCb: yearOfHw=2015
06-28 14:09:45.895  1603  1616 E GnssLocationProvider: Unable to initialize GNSS Xtra interface
06-28 14:09:45.895  1603  1616 E GnssLocationProvider: Unable to Initialize AGnss interface
06-28 14:09:45.895  1603  1616 E GnssLocationProvider: Unable to initialize GNSS Geofencing interface
06-28 14:09:45.895  1603  1616 E GnssLocationProvider: Unable to initialize GNSS NI interface
06-28 14:09:45.896  1603  1616 E GnssLocationProvider: no AGPS interface in set_agps_server
06-28 14:09:45.896  1603  1616 E GnssLocationProvider: Failed to initialize GNSS batching
06-28 14:09:45.896  1603  1616 I GnssLocationProvider: WakeLock released by handleMessage(ENABLE, 1, null)
06-28 14:09:45.895  1603  1617 W BroadcastQueue: Background execution not allowed: receiving Intent { act=android.location.PROVIDERS_CHANGED flg=0x10 } to com.google.android.gms/.chimera.GmsIntentOperationService$PersistentTrustedReceiver
06-28 14:09:45.897  1603  1617 W BroadcastQueue: Background execution not allowed: receiving Intent { act=android.location.PROVIDERS_CHANGED flg=0x10 } to com.google.android.googlequicksearchbox/com.google.android.apps.gsa.broadcastreceiver.external.ExternalCommonBroadcastReceiver
06-28 14:09:45.898  1603  1617 W BroadcastQueue: Background execution not allowed: receiving Intent { act=android.location.MODE_CHANGED flg=0x10 } to com.google.android.apps.maps/com.google.android.apps.gmm.locationsharing.usr.LocationAvailabilityChecker$LocationProvidersChangedBroadcastReceiver
06-28 14:09:45.898  1603  1617 W BroadcastQueue: Background execution not allowed: receiving Intent { act=android.location.MODE_CHANGED flg=0x10 } to com.google.android.gms/.chimera.GmsIntentOperationService$PersistentTrustedReceiver
06-28 14:09:45.909  1603  1616 I GnssLocationProvider: WakeLock released by handleMessage(SET_REQUEST, 0, com.android.server.location.GnssLocationProvider$GpsRequest@6b8afa)
06-28 14:09:46.034  1603  4070 W ActivityManager: Unable to start service Intent { act=com.google.android.gms.nearby.discovery:ACTION_PERMISSION_CHANGE cmp=com.google.android.gms/.nearby.discovery.service.DiscoveryService } U=0: not found
06-28 14:09:46.039 19546  2902 I GCoreUlr: Starting service, intent=Intent { act=com.google.android.location.reporting.ACTION_UPDATE_WORLD cmp=com.google.android.gms/com.google.android.location.reporting.service.DispatchingService (has extras) }, extras=Bundle[{receiverAction=android.location.PROVIDERS_CHANGED}]
06-28 14:09:46.207 29061 29061 I net.osmand: TTSCommandPlayerImpl Send message to pebble sinal g p s recuperado 
06-28 14:09:46.208 29061 29061 D net.osmand: AbstractPrologCommandPlayer requestAudioFocus
06-28 14:09:46.208 29061 29061 W AudioManager: Use of stream types is deprecated for operations other than volume control
06-28 14:09:46.208 29061 29061 W AudioManager: See the documentation of requestAudioFocus() for what to use instead with android.media.AudioAttributes to qualify your playback use case
06-28 14:09:46.208  1603  4580 I MediaFocusControl: requestAudioFocus() from uid/pid 10104/29061 clientId=android.media.AudioManager@e0b46a6net.osmand.plus.api.AudioFocusHelperImpl@e16902b callingPack=net.osmand req=3 flags=0x0 sdk=26
06-28 14:09:46.209 29061 29061 D net.osmand: TTSCommandPlayerImpl ttsRequests=1
06-28 14:09:46.218 12744 29258 I TTS.GoogleTTSServiceImp: Synthesis request for locale por-BRA and name pt-BR-language
06-28 14:09:46.220 12744 29258 I TTS.GoogleTTSServiceImp: TTS dispatch: pt-br-x-afs-lstm-embedded
06-28 14:09:46.240 12744 29259 D AudioTrack: Client defaulted notificationFrames to 1365 for frameCount 4096
06-28 14:09:46.246 19546 19546 E BluetoothAdapter: Bluetooth binder is null
06-28 14:09:46.259  1603  5561 V MediaRouterService: restoreBluetoothA2dp(false)
06-28 14:09:46.265  1393  3231 W audio_hw_generic: Not supplying enough data to HAL, expected position 158019336 , only wrote 158019120
06-28 14:09:46.354 19546 19546 I GeofencerStateMachine: sendNewTransitions called.
06-28 14:09:46.428 19546  2891 I GCoreUlr: WorldUpdater received intent Intent { act=com.google.android.location.reporting.ACTION_UPDATE_WORLD cmp=com.google.android.gms/com.google.android.location.reporting.service.DispatchingService (has extras) } with receiverAction android.location.PROVIDERS_CHANGED
06-28 14:09:46.464 19546  2891 I GCoreUlr: WorldUpdater:android.location.PROVIDERS_CHANGED: Ensuring that reporting is stopped because of reasons: {account#8#=[InactiveReason{mIdentifier=6, mName='ReportingNotEnabled'}, InactiveReason{mIdentifier=14, mName='HistoryNotEnabled'}]}
06-28 14:09:46.479 19546  2891 I GCoreUlr: Unbound from all signal providers.
06-28 14:09:46.482 19546  2887 I GCoreUlr: Successfully accounts update
06-28 14:09:46.527 19546 19546 I GCoreUlr: Unbound from all signal providers.
06-28 14:09:46.527 19546 19546 I GCoreUlr: Stopping handler for UlrDispSvcFast
06-28 14:09:46.528 19546  2887 I GCoreUlr: Successfully accounts update
06-28 14:09:46.596  1475  1571 D AudioFlinger: mixer(0xaa803cc0) throttle end: throttle time(4)
06-28 14:09:47.031 29061 29071 I zygote  : Background concurrent copying GC freed 343333(7MB) AllocSpace objects, 0(0B) LOS objects, 18% free, 26MB/32MB, paused 3.651ms total 291.609ms
06-28 14:09:47.673  1393  3231 W audio_hw_generic: Not supplying enough data to HAL, expected position 158086660 , only wrote 158086080
06-28 14:09:47.691  1393  3231 W audio_hw_generic: Not supplying enough data to HAL, expected position 158086971 , only wrote 158086800
06-28 14:09:47.691  1393  3231 W audio_hw_generic: Not supplying enough data to HAL, expected position 158086813 , only wrote 158086800
06-28 14:09:47.722  1393  3231 W audio_hw_generic: Not supplying enough data to HAL, expected position 158088274 , only wrote 158087520
06-28 14:09:47.727  1475  1571 D AudioFlinger: mixer(0xaa803cc0) throttle end: throttle time(12)
06-28 14:09:47.813  1393  3231 W audio_hw_generic: Not supplying enough data to HAL, expected position 158091890 , only wrote 158091840
06-28 14:09:47.926  1393  3231 W audio_hw_generic: Not supplying enough data to HAL, expected position 158097234 , only wrote 158096880
06-28 14:09:47.928  1393  3231 W audio_hw_generic: Not supplying enough data to HAL, expected position 158096998 , only wrote 158096880
06-28 14:09:47.945  1393  3231 W audio_hw_generic: Not supplying enough data to HAL, expected position 158097682 , only wrote 158097600
06-28 14:09:48.865  1603  1620 E BatteryExternalStatsWorker: modem info is invalid: ModemActivityInfo{ mTimestamp=0 mSleepTimeMs=0 mIdleTimeMs=0 mTxTimeMs[]=[0, 0, 0, 0, 0] mRxTimeMs=0 mEnergyUsed=0}
06-28 14:09:48.958 29061 29071 I zygote  : Background concurrent copying GC freed 284837(6MB) AllocSpace objects, 0(0B) LOS objects, 18% free, 27MB/33MB, paused 3.031ms total 388.983ms
06-28 14:09:49.035 12744 29259 D AudioTrack: stop() called with 57530 frames delivered
06-28 14:09:49.038  1603  4580 V MediaRouterService: restoreBluetoothA2dp(false)
06-28 14:09:49.044 29061 31021 D net.osmand: AbstractPrologCommandPlayer abandonAudioFocus
06-28 14:09:49.045  1603  1735 I MediaFocusControl: abandonAudioFocus() from uid/pid 10104/29061 clientId=android.media.AudioManager@e0b46a6net.osmand.plus.api.AudioFocusHelperImpl@e16902b
06-28 14:09:49.046 29061 31021 D net.osmand: TTSCommandPlayerImpl ttsRequests=0
06-28 14:09:50.691  1393  3231 W audio_hw_generic: Not supplying enough data to HAL, expected position 158229430 , only wrote 158229360
06-28 14:09:50.786 29061 29071 I zygote  : Background concurrent copying GC freed 313797(6MB) AllocSpace objects, 0(0B) LOS objects, 18% free, 26MB/32MB, paused 1.200ms total 336.631ms
06-28 14:09:51.275  1409  1409 I boot-pipe: done populating /dev/random
06-28 14:09:51.530 19546 19558 W Conscrypt: Could not set socket write timeout: java.net.SocketException: Socket closed
06-28 14:09:51.533 19546 19558 W Conscrypt: 	at com.google.android.gms.org.conscrypt.Platform.setSocketWriteTimeout(:com.google.android.gms@17785022@17.7.85 (040700-253824076):2)
06-28 14:09:51.534 19546 19558 W Conscrypt: 	at com.google.android.gms.org.conscrypt.ConscryptFileDescriptorSocket.setSoWriteTimeout(:com.google.android.gms@17785022@17.7.85 (040700-253824076):2)
06-28 14:09:52.043  1603  1735 I WifiService: acquireWifiLock uid=10014 lockMode=2
06-28 14:09:52.058  1393  1565 W audio_hw_generic: Not supplying enough data to HAL, expected position 158359791 , only wrote 158294880
06-28 14:09:52.085 29111 29111 I Finsky  : [2] com.google.android.finsky.scheduler.JobSchedulerEngine$PhoneskyJobSchedulerJobService.onStartJob(3): onJobSchedulerWakeup with jobId 9002
06-28 14:09:52.106 29111 29111 I Finsky  : [2] pyj.a(22): Scheduling fallback job with id: 9034, and delay: 43200000 ms
06-28 14:09:52.125 29111 29111 I Finsky  : [2] pyj.a(5): Scheduling fallback in 64799990 (absolute: 89406214)
06-28 14:09:52.174  1603  1735 I WifiService: releaseWifiLock uid=10014
06-28 14:09:52.655 29061 29071 I zygote  : Background concurrent copying GC freed 277190(6MB) AllocSpace objects, 0(0B) LOS objects, 17% free, 27MB/33MB, paused 1.411ms total 350.996ms
06-28 14:09:54.357  1402  1417 D hwcomposer: hw_composer sent 174 syncs in 63s
06-28 14:09:54.758 29061 29071 I zygote  : Background concurrent copying GC freed 317829(7MB) AllocSpace objects, 0(0B) LOS objects, 18% free, 26MB/32MB, paused 1.246ms total 354.679ms
06-28 14:09:56.746 29061 29071 I zygote  : Background concurrent copying GC freed 298334(6MB) AllocSpace objects, 0(0B) LOS objects, 18% free, 26MB/32MB, paused 1.354ms total 315.436ms
06-28 14:09:58.684  1603  1612 I zygote  : Background concurrent copying GC freed 82687(5MB) AllocSpace objects, 5(100KB) LOS objects, 18% free, 25MB/31MB, paused 1.442ms total 521.089ms
06-28 14:09:58.964 29061 29071 I zygote  : Background concurrent copying GC freed 295973(6MB) AllocSpace objects, 0(0B) LOS objects, 18% free, 26MB/32MB, paused 3.198ms total 400.008ms
06-28 14:10:00.009  1603  1616 E memtrack: Couldn't load memtrack module
06-28 14:10:00.009  1603  1616 W android.os.Debug: failed to get memory consumption info: -1
06-28 14:10:00.726 29061 29071 I zygote  : Background concurrent copying GC freed 293089(6MB) AllocSpace objects, 0(0B) LOS objects, 18% free, 26MB/32MB, paused 1.223ms total 281.872ms
06-28 14:10:01.160 19546 19558 W Conscrypt: Could not set socket write timeout: java.net.SocketException: Socket closed
06-28 14:10:01.163 19546 19558 W Conscrypt: 	at com.google.android.gms.org.conscrypt.Platform.setSocketWriteTimeout(:com.google.android.gms@17785022@17.7.85 (040700-253824076):2)
06-28 14:10:01.163 19546 19558 W Conscrypt: 	at com.google.android.gms.org.conscrypt.ConscryptFileDescriptorSocket.setSoWriteTimeout(:com.google.android.gms@17785022@17.7.85 (040700-253824076):2)
06-28 14:10:02.321 29111 29111 I Finsky  : [2] pyt.handleMessage(10): DeviceState: DeviceState{currentTime=1561745402313, isCharging=false, isIdle=false, netAny=false, netNotRoaming=false, netUnmetered=false}
06-28 14:10:02.677 29111  2923 I Finsky  : [1190] qah.b(7): Jobs in database: 1-1337 3-108 3-109 24-77777777 26-1414141414 
06-28 14:10:02.773 29111 29111 I Finsky  : [2] pyt.handleMessage(84): RunningQueue size: 0, PendingQueue size: 0
06-28 14:10:02.773 29111 29111 I Finsky  : [2] pyt.handleMessage(27): Executor finished
06-28 14:10:02.800  1603  1616 E memtrack: Couldn't load memtrack module
06-28 14:10:02.800  1603  1616 W android.os.Debug: failed to get memory consumption info: -1
06-28 14:10:02.971 29061 29071 I zygote  : Background concurrent copying GC freed 299530(6MB) AllocSpace objects, 0(0B) LOS objects, 18% free, 25MB/31MB, paused 1.323ms total 330.935ms
06-28 14:10:03.025  2921  2921 D AndroidRuntime: >>>>>> START com.android.internal.os.RuntimeInit uid 2000 <<<<<<
06-28 14:10:03.041  2921  2921 W app_process: Could not reserve sentinel fault page
06-28 14:10:03.250 29111 29111 I Finsky  : [2] qah.b(7): Jobs in database: 1-1337 3-108 3-109 24-77777777 26-1414141414 
06-28 14:10:03.254 29111 29111 W Finsky  : [2] qbj.run(6): No real network when expected
06-28 14:10:03.280 29111 29111 I Finsky  : [2] pxo.a(113): ConstraintMapping: 24-77777777,  -> L: 0ms, D: 67217055ms, C: false, I: true, N: 0
06-28 14:10:03.281 29111 29111 I Finsky  : [2] pxo.a(113): ConstraintMapping: 1-1337,  -> L: 0ms, D: 43177994ms, C: false, I: false, N: 1
06-28 14:10:03.291 29111 29111 I Finsky  : [2] pxo.a(113): ConstraintMapping: 3-109,  -> L: 0ms, D: 82544746ms, C: true, I: false, N: 2
06-28 14:10:03.292 29111 29111 I Finsky  : [2] pxo.a(113): ConstraintMapping: 3-108,  -> L: 0ms, D: 82544684ms, C: true, I: true, N: 2
06-28 14:10:03.294 29111 29111 I Finsky  : [2] pxo.a(113): ConstraintMapping: 26-1414141414,  -> L: 27608120ms, D: 28508120ms, C: false, I: false, N: 0
06-28 14:10:03.302 29111 29111 I Finsky  : [2] com.google.android.finsky.scheduler.JobSchedulerEngine.a(42): Cancelling existing job with id: 9004
06-28 14:10:03.325 29111 29111 I Finsky  : [2] com.google.android.finsky.scheduler.JobSchedulerEngine.a(42): Cancelling existing job with id: 9009
06-28 14:10:03.331 29111 29111 I Finsky  : [2] com.google.android.finsky.scheduler.JobSchedulerEngine.a(42): Cancelling existing job with id: 9001
06-28 14:10:03.341 29111 29111 I Finsky  : [2] com.google.android.finsky.scheduler.JobSchedulerEngine.a(42): Cancelling existing job with id: 9003
06-28 14:10:03.386 29111 29111 I Finsky  : [2] com.google.android.finsky.scheduler.JobSchedulerEngine.a(14): Throttling wakeup for job 9000 (expected to run in 0 ms) due to recent wakeup
06-28 14:10:03.387 29111 29111 I Finsky  : [2] com.google.android.finsky.scheduler.JobSchedulerEngine.a(4): Scheduling job Id: 9000, L: 30000, D: 67217055, C: false, I: true, N: 0
06-28 14:10:03.389 29111 29111 I Finsky  : [2] com.google.android.finsky.scheduler.JobSchedulerEngine.a(14): Throttling wakeup for job 9005 (expected to run in 0 ms) due to recent wakeup
06-28 14:10:03.390 29111 29111 I Finsky  : [2] com.google.android.finsky.scheduler.JobSchedulerEngine.a(19): No real network when expected for job 9005. Delaying: 1800000
06-28 14:10:03.391 29111 29111 I Finsky  : [2] com.google.android.finsky.scheduler.JobSchedulerEngine.a(4): Scheduling job Id: 9005, L: 1800000, D: 43177994, C: false, I: false, N: 1
06-28 14:10:03.395 29111 29111 I Finsky  : [2] com.google.android.finsky.scheduler.JobSchedulerEngine.a(14): Throttling wakeup for job 9006 (expected to run in 0 ms) due to recent wakeup
06-28 14:10:03.396 29111 29111 I Finsky  : [2] com.google.android.finsky.scheduler.JobSchedulerEngine.a(19): No real network when expected for job 9006. Delaying: 1800000
06-28 14:10:03.396 29111 29111 I Finsky  : [2] com.google.android.finsky.scheduler.JobSchedulerEngine.a(4): Scheduling job Id: 9006, L: 1800000, D: 82544746, C: true, I: false, N: 2
06-28 14:10:03.402 29111 29111 I Finsky  : [2] com.google.android.finsky.scheduler.JobSchedulerEngine.a(14): Throttling wakeup for job 9007 (expected to run in 0 ms) due to recent wakeup
06-28 14:10:03.404 29111 29111 I Finsky  : [2] com.google.android.finsky.scheduler.JobSchedulerEngine.a(19): No real network when expected for job 9007. Delaying: 1800000
06-28 14:10:03.405 29111 29111 I Finsky  : [2] com.google.android.finsky.scheduler.JobSchedulerEngine.a(4): Scheduling job Id: 9007, L: 1800000, D: 82544684, C: true, I: true, N: 2
06-28 14:10:03.417 29111 29111 I Finsky  : [2] com.google.android.finsky.scheduler.JobSchedulerEngine.a(4): Scheduling job Id: 9008, L: 27608120, D: 28508120, C: false, I: false, N: 0
06-28 14:10:03.444  2921  2921 W app_process: Unexpected CPU variant for X86 using defaults: x86
06-28 14:10:03.472  2921  2921 I app_process: The ClassLoaderContext is a special shared library.
06-28 14:10:03.603  2921  2921 D AndroidRuntime: Calling main entry com.android.commands.input.Input
06-28 14:10:03.604  2921  2921 I Input   : injectKeyEvent: KeyEvent { action=ACTION_DOWN, keyCode=KEYCODE_HOME, scanCode=0, metaState=0, flags=0x0, repeatCount=0, eventTime=24617703, downTime=24617703, deviceId=-1, source=0x101 }
06-28 14:10:03.615  2921  2921 I Input   : injectKeyEvent: KeyEvent { action=ACTION_UP, keyCode=KEYCODE_HOME, scanCode=0, metaState=0, flags=0x0, repeatCount=0, eventTime=24617703, downTime=24617703, deviceId=-1, source=0x101 }
06-28 14:10:03.629  1603  1665 I ActivityManager: START u0 {act=android.intent.action.MAIN cat=[android.intent.category.HOME] flg=0x10200000 cmp=com.google.android.apps.nexuslauncher/.NexusLauncherActivity (has extras)} from uid 1000
06-28 14:10:03.686  1401  1437 D gralloc_ranchu: gralloc_alloc: Creating ashmem region of size 8298496
06-28 14:10:03.702  2921  2921 D AndroidRuntime: Shutting down VM
06-28 14:10:03.710  1603  4070 I GnssLocationProvider: WakeLock acquired by sendMessage(SET_REQUEST, 0, com.android.server.location.GnssLocationProvider$GpsRequest@dd8fde4)
06-28 14:10:03.711  1603  1616 I GnssLocationProvider: WakeLock released by handleMessage(SET_REQUEST, 0, com.android.server.location.GnssLocationProvider$GpsRequest@dd8fde4)
06-28 14:10:03.723 29061 29061 D net.osmand: Disable sensor
06-28 14:10:03.750  1401  1437 D gralloc_ranchu: gralloc_alloc: Creating ashmem region of size 8298496
06-28 14:10:03.793  1401  6331 D gralloc_ranchu: gralloc_alloc: Creating ashmem region of size 8298496
06-28 14:10:03.824 29061 29061 I net.osmand: MapRenderRepositories RENDER MAP: Interrupt rendering map
06-28 14:10:03.907 29061 29102 D EGL_emulation: eglMakeCurrent: 0xa6785600: ver 2 0 (tinfo 0xa6783370)
06-28 14:10:03.928  1412  1412 D SurfaceFlinger: duplicate layer name: changing com.google.android.apps.nexuslauncher/com.google.android.apps.nexuslauncher.NexusLauncherActivity to com.google.android.apps.nexuslauncher/com.google.android.apps.nexuslauncher.NexusLauncherActivity#1
06-28 14:10:03.985  1401  6331 D gralloc_ranchu: gralloc_alloc: Creating ashmem region of size 8298496
06-28 14:10:04.036  1401  6331 D gralloc_ranchu: gralloc_alloc: Creating ashmem region of size 8298496
06-28 14:10:04.045  1401  1437 D gralloc_ranchu: gralloc_alloc: Creating ashmem region of size 8298496
06-28 14:10:04.129  1401  1437 D gralloc_ranchu: gralloc_alloc: Creating ashmem region of size 8298496
06-28 14:10:04.188  1524  1605 D EGL_emulation: eglMakeCurrent: 0xa3c2f0c0: ver 2 0 (tinfo 0xa6589e20)
06-28 14:10:04.218  1401  1437 D gralloc_ranchu: gralloc_alloc: Creating ashmem region of size 8298496
06-28 14:10:04.282  1401  1437 D gralloc_ranchu: gralloc_alloc: Creating ashmem region of size 8298496
06-28 14:10:04.310  1524  1524 W ThreadPoolDumper: Queue length for executor EventBus is now 11. Perhaps some tasks are too long, or the pool is too small.
06-28 14:10:04.375  2548  2598 D EGL_emulation: eglMakeCurrent: 0xa6785780: ver 2 0 (tinfo 0xa6783370)
06-28 14:10:04.416  1401  1437 D gralloc_ranchu: gralloc_alloc: Creating ashmem region of size 8298496
06-28 14:10:04.542  1401  1437 D gralloc_ranchu: gralloc_alloc: Creating ashmem region of size 8298496
06-28 14:10:04.625  1708  1926 D EGL_emulation: eglMakeCurrent: 0x9268e860: ver 2 0 (tinfo 0x92690770)
06-28 14:10:04.634  1412  1412 E EGL_emulation: tid 1412: eglCreateSyncKHR(1962): error 0x3004 (EGL_BAD_ATTRIBUTE)
06-28 14:10:04.693 19546 19546 I GeofencerStateMachine: sendNewLocationAvailability: availability=LocationAvailability[isLocationAvailable: true]
06-28 14:10:04.771  1524  1631 W SessionLifecycleManager: Handover failed. Creating new session controller.
06-28 14:10:04.808  1603  1613 I WifiService: getConnectionInfo uid=10014
06-28 14:10:04.831 19546  2159 E WakeLock: GCM_HB_ALARM release without a matched acquire!
06-28 14:10:04.900  2548  2598 W OpenGLRenderer: Incorrectly called buildLayer on View: ShortcutAndWidgetContainer, destroying layer...
06-28 14:10:04.900  2548  2598 W OpenGLRenderer: Incorrectly called buildLayer on View: ShortcutAndWidgetContainer, destroying layer...
06-28 14:10:04.923  1401  1437 D gralloc_ranchu: gralloc_alloc: Creating ashmem region of size 8298496
06-28 14:10:05.100 29061  2932 E FA      : Task exception on worker thread: java.lang.IllegalAccessError: Method 'void android.support.v4.content.ContextCompat.<init>()' is inaccessible to class 'com.google.firebase.iid.zzg' (declaration of 'com.google.firebase.iid.zzg' appears in /data/app/net.osmand-3e2027wrPNiMXbTSfYMHIA==/base.apk): com.google.android.gms.measurement.internal.zzt.zzEd(Unknown Source:3)
06-28 14:10:05.296  1708  1926 D EGL_emulation: eglMakeCurrent: 0x9268e860: ver 2 0 (tinfo 0x92690770)
06-28 14:10:05.555  2548  2558 I zygote  : NativeAlloc concurrent copying GC freed 11402(575KB) AllocSpace objects, 4(208KB) LOS objects, 50% free, 4MB/9MB, paused 7.736ms total 950.670ms
06-28 14:10:05.644  1603  2080 I WifiService: getWifiEnabledState uid=10032
06-28 14:10:05.734  1524  1653 W LocationOracle: No location history returned by ContextManager
06-28 14:10:05.747  1603 12888 I WifiService: getWifiEnabledState uid=10032
06-28 14:10:05.873  1524  1631 I MicroDetectionWorker: #startMicroDetector [speakerMode: 0]
06-28 14:10:05.880  1524  1631 W ErrorReporter: reportError [type: 211, code: 393244, bug: 0]: errorCode: 393244, engine: 0
06-28 14:10:05.882  1524  1631 I MicroDetector: Keeping mic open: false
06-28 14:10:05.882  1524  1631 I MicroDetectionWorker: #onError(false)
06-28 14:10:05.973 19546 19561 I zygote  : Waiting for a blocking GC ProfileSaver
06-28 14:10:06.034  1708  1728 I zygote  : NativeAlloc concurrent copying GC freed 54572(2MB) AllocSpace objects, 0(0B) LOS objects, 38% free, 9MB/15MB, paused 3.264ms total 1.540s
06-28 14:10:06.051 19546 19546 I GeofencerStateMachine: removeGeofences: removeRequest=RemoveGeofencingRequest[REMOVE_BY_PENDING_INTENT pendingIntent=PendingIntent[creatorPackage=com.google.android.gms], packageName=com.google.android.gms]
06-28 14:10:06.065 19546 19546 I chatty  : uid=10014 com.google.android.gms.persistent identical 1 line
06-28 14:10:06.080 19546 19546 I GeofencerStateMachine: removeGeofences: removeRequest=RemoveGeofencingRequest[REMOVE_BY_PENDING_INTENT pendingIntent=PendingIntent[creatorPackage=com.google.android.gms], packageName=com.google.android.gms]
06-28 14:10:06.093 19546  2778 W ctxmgr  : [AclManager] No 3 for (accnt=account#1066226748#, com.google.android.gms(10014):UserVelocityProducer, vrsn=17785022, 0, 3pPkg = null ,  3pMdlId = null ,  pid = 19546). Was: 2 for 1, account#1066226748# [CONTEXT service_id=47 ]
06-28 14:10:06.214 19546 19556 I zygote  : Background concurrent copying GC freed 119554(5MB) AllocSpace objects, 24(2012KB) LOS objects, 37% free, 10MB/16MB, paused 1.762ms total 364.209ms
06-28 14:10:06.216 19546 19561 I zygote  : WaitForGcToComplete blocked ProfileSaver on HeapTrim for 242.155ms
06-28 14:10:06.282 19546 19546 I GeofencerStateMachine: removeGeofences: removeRequest=RemoveGeofencingRequest[REMOVE_BY_PENDING_INTENT pendingIntent=PendingIntent[creatorPackage=com.google.android.gms], packageName=com.google.android.gms]
06-28 14:10:06.294 19546 19546 I GeofencerStateMachine: removeGeofences: removeRequest=RemoveGeofencingRequest[REMOVE_BY_PENDING_INTENT pendingIntent=PendingIntent[creatorPackage=com.google.android.gms], packageName=com.google.android.gms]
06-28 14:10:06.357 19546  2942 I PlaceInferenceEngine: [anon] Changed inference mode: 0
06-28 14:10:06.368  1603  1612 I zygote  : NativeAlloc concurrent copying GC freed 25846(1796KB) AllocSpace objects, 1(20KB) LOS objects, 19% free, 25MB/31MB, paused 2.384ms total 1.139s
06-28 14:10:06.430 19546  2942 I PlaceInferenceEngine: [account#1066226748] Changed inference mode: 0
06-28 14:10:06.458 19546  2778 I ctxmgr  : [ProducerStatusImpl] updateStateForNewContextData: inactive, contextName=7 [CONTEXT service_id=47 ]
06-28 14:10:06.913 19546  2942 I Places  : ?: PlacesBleScanner start() with priority 2
06-28 14:10:06.913 19546  2942 I PlaceInferenceEngine: [anon] Changed inference mode: 1
06-28 14:10:06.913 19546  2942 I PlaceInferenceEngine: [account#1066226748] Changed inference mode: 1
06-28 14:10:06.959 19546  2942 I Places  : Converted 1 out of 1 WiFi scans
06-28 14:10:06.960  1603 12888 I WifiService: getConnectionInfo uid=10014
06-28 14:10:06.983 19546 19546 E BeaconBle: Missing BluetoothAdapter
06-28 14:10:06.989 19546 19546 I BeaconBle: BLE 'KK+' software access layer enabled
06-28 14:10:06.996 19546  2942 I PlaceInferenceEngine: [account#1066226748] Changed inference mode: 1
06-28 14:10:06.997 19546  2942 I PlaceInferenceEngine: [anon] Changed inference mode: 1
06-28 14:10:07.114 19546 19546 I BeaconBle: Client requested scan, settings=BleSettings [scanMode=ZERO_POWER, callbackType=ALL_MATCHES, reportDelayMillis=0, 1 filters, 0 clients, callingClientName=Places]
06-28 14:10:07.118 19546 19546 I BeaconBle: Scan : No clients left, canceling alarm.
06-28 14:10:07.120 19546 19546 E BeaconBle: Scan couldn't start for Places
06-28 14:10:07.159 19546 19546 W Places  : BLE failure while scanning - code 5
06-28 14:10:07.236 19546  2944 I PlaceInferenceEngine: No beacon scan available - ignoring candidates.
06-28 14:10:07.267 19546  2944 I PlaceInferenceEngine: No beacon scan available - ignoring candidates.
06-28 14:10:07.458 19546 19556 I zygote  : Background concurrent copying GC freed 83706(4MB) AllocSpace objects, 30(1804KB) LOS objects, 36% free, 10MB/16MB, paused 1.200ms total 187.042ms
06-28 14:10:08.633  1603  1612 I zygote  : NativeAlloc concurrent copying GC freed 9490(608KB) AllocSpace objects, 0(0B) LOS objects, 18% free, 26MB/32MB, paused 1.610ms total 479.817ms
06-28 14:10:09.683  1603  1735 I ActivityManager: START u0 {act=android.media.action.IMAGE_CAPTURE flg=0x10000000 cmp=com.android.camera2/com.android.camera.CaptureActivity} from uid 2000
06-28 14:10:09.684  1603  1735 I ActivityManager: Cannot find package info for null
06-28 14:10:09.745  1603 12888 I ActivityManager: Start proc 2958:com.android.camera2/u0a39 for activity com.android.camera2/com.android.camera.CaptureActivity
06-28 14:10:09.754  2958  2958 W zygote  : Unexpected CPU variant for X86 using defaults: x86
06-28 14:10:09.878  1603 12888 W ActivityManager: Slow operation: 99ms so far, now at attachApplicationLocked: after mServices.attachApplicationLocked
06-28 14:10:09.893  1401  1437 D gralloc_ranchu: gralloc_alloc: Creating ashmem region of size 7753728
06-28 14:10:09.946  2958  2958 I zygote  : The ClassLoaderContext is a special shared library.
06-28 14:10:09.998  2548  2598 D EGL_emulation: eglMakeCurrent: 0xa6785780: ver 2 0 (tinfo 0xa6783370)
06-28 14:10:10.060  1524  1605 D EGL_emulation: eglMakeCurrent: 0xa3c2f0c0: ver 2 0 (tinfo 0xa6589e20)
06-28 14:10:10.073  1708  1926 D EGL_emulation: eglMakeCurrent: 0x9268e860: ver 2 0 (tinfo 0x92690770)
06-28 14:10:10.106  2958  2958 I CAM_Profiler: [ 56.130ms][ui] GUARD: FirstRunDetector getTimeOfFirstRun - [52.898ms] preferences.getLong
06-28 14:10:10.107  2958  2958 I CAM_Profiler: [ 58.019ms][ui] GUARD: FirstRunDetector getTimeOfFirstRun - STOP
06-28 14:10:10.107  2958  2958 I CAM_Profiler: [ 63.812ms][ui] GUARD: CameraApp onCreate() - [63.812ms] initializeTimeOfFirstRun
06-28 14:10:10.122  2958  2958 I CAM_Profiler: [ 78.071ms][ui] GUARD: CameraApp onCreate() - STOP
06-28 14:10:10.444  2958  2958 W SoundPool: Use of stream types is deprecated for operations other than volume control
06-28 14:10:10.444  2958  2958 W SoundPool: See the documentation of SoundPool() for what to use instead with android.media.AudioAttributes to qualify your playback use case
06-28 14:10:10.445  2958  2958 I CAM_OneCamFtrCnfgCrtr: CaptureModule? true
06-28 14:10:10.545  1708  1926 D EGL_emulation: eglMakeCurrent: 0x9268e860: ver 2 0 (tinfo 0x92690770)
06-28 14:10:10.569  1603  1620 E BatteryExternalStatsWorker: modem info is invalid: ModemActivityInfo{ mTimestamp=0 mSleepTimeMs=0 mIdleTimeMs=0 mTxTimeMs[]=[0, 0, 0, 0, 0] mRxTimeMs=0 mEnergyUsed=0}
06-28 14:10:10.588  2958  2958 I CAM_Profiler: [374.922ms][ui] GUARD: CameraActivity.onCreateTasks - [125.513ms] Glide.setup
06-28 14:10:10.656  1708  1926 D EGL_emulation: eglMakeCurrent: 0x9268e860: ver 2 0 (tinfo 0x92690770)
06-28 14:10:10.656  2958  2958 I CameraManagerGlobal: Connecting to camera service
06-28 14:10:10.660  2958  2986 V NuMediaExtractor: setDataSource fd=35 (/system/media/audio/ui/camera_click.ogg), offset=0, length=4851
06-28 14:10:10.800  2958  2958 I CAM_Profiler: [587.187ms][ui] GUARD: CameraActivity.onCreateTasks - [41.207ms] computePictureSizes
06-28 14:10:10.953  2958  2986 V NuMediaExtractor: track of type 'audio/vorbis' does not publish bitrate
06-28 14:10:10.985  2958  2958 W CAM_Log : Tag RoundedThumbnailView is 1 chars longer than limit.
06-28 14:10:11.093  2958  2988 I OMXClient: Treble IOmx obtained
06-28 14:10:11.123  1487 18611 I OMXMaster: makeComponentInstance(OMX.google.vorbis.decoder) in omx@1.0-service process
06-28 14:10:11.270  1487 18611 E OMXNodeInstance: getConfig(0xb5713060:google.vorbis.decoder, ConfigAndroidVendorExtension(0x6f100004)) ERROR: Undefined(0x80001001)
06-28 14:10:11.319  1392  1392 W /system/bin/hw/android.hidl.allocator@1.0-service: ashmem_create_region(32768) returning hidl_memory(0xa8e9b830, 32768)
06-28 14:10:11.523  1392  1392 I chatty  : uid=1000(system) allocator@1.0-s identical 6 lines
06-28 14:10:11.525  1392  1392 W /system/bin/hw/android.hidl.allocator@1.0-service: ashmem_create_region(32768) returning hidl_memory(0xa8e9b830, 32768)
06-28 14:10:11.553  2958  2958 I CAM_Profiler: [1339.886ms][ui] GUARD: CameraActivity.onCreateTasks - [749.731ms] setContentView()
06-28 14:10:11.562  1392  1392 W /system/bin/hw/android.hidl.allocator@1.0-service: ashmem_create_region(32768) returning hidl_memory(0xa8e9b830, 32768)
06-28 14:10:11.601  1392  1392 I chatty  : uid=1000(system) allocator@1.0-s identical 2 lines
06-28 14:10:11.603  1392  1392 W /system/bin/hw/android.hidl.allocator@1.0-service: ashmem_create_region(32768) returning hidl_memory(0xa8e9b830, 32768)
06-28 14:10:11.641  2958  2958 I CAM_Profiler: [1428.292ms][ui] GUARD: CameraActivity.onCreateTasks - [88.406ms] Configure Camera UI
06-28 14:10:11.695  2958  2981 W CAM2PORT_AndCamAgntImp: Releasing camera without any camera opened.
06-28 14:10:11.742  2958  2958 W SoundPool: Use of stream types is deprecated for operations other than volume control
06-28 14:10:11.743  2958  2958 W SoundPool: See the documentation of SoundPool() for what to use instead with android.media.AudioAttributes to qualify your playback use case
06-28 14:10:11.779  2958  2958 I CAM_Profiler: [1565.794ms][ui] GUARD: CameraActivity.onCreateTasks - [32.485ms] Init Current Module UI
06-28 14:10:11.787  2958  2958 V NFC     : this device does not have NFC support
06-28 14:10:11.809  2958  2958 I CAM_Profiler: [1596.126ms][ui] GUARD: CameraActivity.onCreateTasks - STOP
06-28 14:10:11.996  1603  3880 I GnssLocationProvider: WakeLock acquired by sendMessage(SET_REQUEST, 0, com.android.server.location.GnssLocationProvider$GpsRequest@a84342a)
06-28 14:10:12.002  1603  1616 I GnssLocationProvider: WakeLock released by handleMessage(SET_REQUEST, 0, com.android.server.location.GnssLocationProvider$GpsRequest@a84342a)
06-28 14:10:12.016  2958  2958 I CAM_Profiler: [ 72.050ms][ui] GUARD: CameraActivity.resume - STOP
06-28 14:10:12.151  1603  2080 I WifiService: acquireWifiLock uid=10014 lockMode=2
06-28 14:10:12.182  1412  1699 E SurfaceFlinger: ro.sf.lcd_density must be defined as a build property
06-28 14:10:12.183  2958  2997 D OpenGLRenderer: HWUI GL Pipeline
06-28 14:10:12.243  1482 29042 D MediaAnalyticsService: MediaAnalyticsService::newSummarizerSet
06-28 14:10:12.267 19546 19546 I GeofencerStateMachine: sendNewLocationAvailability: availability=LocationAvailability[isLocationAvailable: true]
06-28 14:10:12.292  1401  1437 D gralloc_ranchu: gralloc_alloc: Creating ashmem region of size 8298496
06-28 14:10:12.298  2958  2997 D         : HostConnection::get() New Host Connection established 0x930ff780, tid 2997
06-28 14:10:12.312  1708  1926 D EGL_emulation: eglMakeCurrent: 0x9268e860: ver 2 0 (tinfo 0x92690770)
06-28 14:10:12.334  2958  2968 I zygote  : Background concurrent copying GC freed 9989(1870KB) AllocSpace objects, 2(40KB) LOS objects, 49% free, 1648KB/3MB, paused 28.332ms total 501.147ms
06-28 14:10:12.345  1401  1437 D gralloc_ranchu: gralloc_alloc: Creating ashmem region of size 8298496
06-28 14:10:12.372  1401  1437 D gralloc_ranchu: gralloc_alloc: Creating ashmem region of size 8298496
06-28 14:10:12.428  1708  1926 D EGL_emulation: eglMakeCurrent: 0x9268e860: ver 2 0 (tinfo 0x92690770)
06-28 14:10:12.435  2958  2997 I zygote  : android::hardware::configstore::V1_0::ISurfaceFlingerConfigs::hasWideColorDisplay retrieved: 0
06-28 14:10:12.435  2958  2997 I OpenGLRenderer: Initialized EGL, version 1.4
06-28 14:10:12.435  2958  2997 D OpenGLRenderer: Swap behavior 1
06-28 14:10:12.437  2958  2997 W OpenGLRenderer: Failed to choose config with EGL_SWAP_BEHAVIOR_PRESERVED, retrying without...
06-28 14:10:12.437  2958  2997 D OpenGLRenderer: Swap behavior 0
06-28 14:10:12.487  1603  5561 E memtrack: Couldn't load memtrack module
06-28 14:10:12.488  1603  5561 W android.os.Debug: failed to get memory consumption info: -1
06-28 14:10:12.489  2958  2997 D EGL_emulation: eglCreateContext: 0xa67855a0: maj 2 min 0 rcv 2
06-28 14:10:12.497  2958  2997 D EGL_emulation: eglMakeCurrent: 0xa67855a0: ver 2 0 (tinfo 0xa6783490)
06-28 14:10:12.512  1412  1428 E SurfaceFlinger: ro.sf.lcd_density must be defined as a build property
06-28 14:10:12.539  1708  1926 D EGL_emulation: eglMakeCurrent: 0x9268e860: ver 2 0 (tinfo 0x92690770)
06-28 14:10:12.577  1708  1926 I chatty  : uid=10029(com.android.systemui) RenderThread identical 1 line
06-28 14:10:12.598  1708  1926 D EGL_emulation: eglMakeCurrent: 0x9268e860: ver 2 0 (tinfo 0x92690770)
06-28 14:10:12.607  2958  2958 I CAM_OneCamera1Opnr: Opening Camera: CameraId{Api2='0',Api1:0}
06-28 14:10:12.618  1476 26905 I CameraService: CameraService::connect call (PID -1 "com.android.camera2", camera ID 0) for HAL version default and Camera API version 2
06-28 14:10:12.640  1476 26905 I Camera2ClientBase: Camera 0: Opened. Client: com.android.camera2 (PID 2958, UID 10039)
06-28 14:10:12.643  1476 26905 I CameraDeviceClient: CameraDeviceClient 0: Opened
06-28 14:10:12.720  2958  2994 I CAM_OneCamCreator: Camera support level: LIMITED_YUV
06-28 14:10:12.723  2958  2958 I CAM_FocusRingView: Computing center via view bounds.
06-28 14:10:12.727  2958  2997 D EGL_emulation: eglMakeCurrent: 0xa67855a0: ver 2 0 (tinfo 0xa6783490)
06-28 14:10:12.769  2958  2994 I CAM_OneCamCreator: Picture Size Configuration: PictureSizeCalculator.Configuration{native size=1280x960, crop=Rect(0, 0 - 1280, 960)}
06-28 14:10:12.888  2958  2968 I zygote  : NativeAlloc concurrent copying GC freed 1981(204KB) AllocSpace objects, 0(0B) LOS objects, 49% free, 1653KB/3MB, paused 8.549ms total 96.162ms
06-28 14:10:12.916  1476 26905 W CameraDeviceClient: createSurfaceFromGbp: Camera 0 with consumer usage flag: 256: Forcing asynchronous mode for stream
06-28 14:10:12.917  1476 26905 W CameraDeviceClient: createSurfaceFromGbp: Camera 0: Overriding format 0x1 to IMPLEMENTATION_DEFINED
06-28 14:10:12.934  1476 26905 E Camera3-Device: configureStreams: Stream 0: DataSpace override not allowed for format 0x23
06-28 14:10:12.951  1476 26905 D Camera3-Device: Set real time priority for request queue thread (tid 3003)
06-28 14:10:13.036  2958  2958 I Choreographer: Skipped 34 frames!  The application may be doing too much work on its main thread.
06-28 14:10:13.110  1603  1624 I ActivityManager: Displayed com.android.camera2/com.android.camera.CaptureActivity: +3s343ms
06-28 14:10:13.224  2958  2958 W CAM_ResSurfaceTexture: Do nothing since mPreviewLayoutSize is 0
06-28 14:10:13.317  2958  3005 W CAM_AndroidServices: Warning: providing system service sensor took 66ms
06-28 14:10:13.324  2958  3005 W SoundPool: Use of stream types is deprecated for operations other than volume control
06-28 14:10:13.325  2958  3005 W SoundPool: See the documentation of SoundPool() for what to use instead with android.media.AudioAttributes to qualify your playback use case
06-28 14:10:13.353  2958  3011 V NuMediaExtractor: setDataSource fd=64 (/system/app/Camera2/Camera2.apk), offset=6748376, length=19122
06-28 14:10:13.378  2958  2958 W CAM_IndicatorIconCtrlr: Trying to sync a pano indicator that is not initialized.
06-28 14:10:13.417  1412  1412 W SurfaceFlinger: couldn't log to binary event log: overflow.
06-28 14:10:13.441  2958  3011 V NuMediaExtractor: track of type 'audio/vorbis' does not publish bitrate
06-28 14:10:13.447  1401  1437 D gralloc_ranchu: gralloc_alloc: Creating ashmem region of size 4919296
06-28 14:10:13.472  1708  1926 D EGL_emulation: eglMakeCurrent: 0x9268e860: ver 2 0 (tinfo 0x92690770)
06-28 14:10:13.474  2958  2971 D         : HostConnection::get() New Host Connection established 0xa679a140, tid 2971
06-28 14:10:13.536  1476  3003 D         : HostConnection::get() New Host Connection established 0xad148a80, tid 3003
06-28 14:10:13.563  1603  2080 I WifiService: getWifiEnabledState uid=10032
06-28 14:10:13.576  2958  3014 I OMXClient: Treble IOmx obtained
06-28 14:10:13.577  1487 18611 I OMXMaster: makeComponentInstance(OMX.google.vorbis.decoder) in omx@1.0-service process
06-28 14:10:13.589  1487 18611 E OMXNodeInstance: getConfig(0xb5713060:google.vorbis.decoder, ConfigAndroidVendorExtension(0x6f100004)) ERROR: Undefined(0x80001001)
06-28 14:10:13.592  1401  1437 D gralloc_ranchu: gralloc_alloc: Creating ashmem region of size 4919296
06-28 14:10:13.625  1394  3000 I EmulatedCamera3_QemuSensor: captureRGBA: Dimensions for the current request (1280x960) differ from the previous request (-1x-1). Restarting camera
06-28 14:10:14.602  1392  1392 W /system/bin/hw/android.hidl.allocator@1.0-service: ashmem_create_region(32768) returning hidl_memory(0xa8e9b830, 32768)
06-28 14:10:14.603  1524  1641 W ThreadPoolDumper: Task l[updateAndEnforceMonitoring] was queued for 1022ms before starting on executor Lightweight
06-28 14:10:14.607 19546  2944 W ctxmgr  : [WorkManager] Long workInfo: pkg=com.google.android.gms, lbl=SingletonLocationProducer_onLocationChanged, start=2019-06-28 14:10:13.372-0400, stop=2019-06-28 14:10:14.605-0400, durtn=1233ms [CONTEXT service_id=47 ]
06-28 14:10:14.614  1392  1392 W /system/bin/hw/android.hidl.allocator@1.0-service: ashmem_create_region(32768) returning hidl_memory(0xa8e9b830, 32768)
06-28 14:10:14.619  1392  1392 W /system/bin/hw/android.hidl.allocator@1.0-service: ashmem_create_region(32768) returning hidl_memory(0xa8e9b830, 32768)
06-28 14:10:14.619  1708  1708 I Choreographer: Skipped 60 frames!  The application may be doing too much work on its main thread.
06-28 14:10:14.624  1392  1392 W /system/bin/hw/android.hidl.allocator@1.0-service: ashmem_create_region(32768) returning hidl_memory(0xa8e9b830, 32768)
06-28 14:10:14.643  1392  1392 I chatty  : uid=1000(system) allocator@1.0-s identical 3 lines
06-28 14:10:14.645  1392  1392 W /system/bin/hw/android.hidl.allocator@1.0-service: ashmem_create_region(32768) returning hidl_memory(0xa8e9b830, 32768)
06-28 14:10:14.687  1524  1631 W SearchServiceCore: Abort, client detached.
06-28 14:10:14.693  1524  1631 W ThreadPoolDumper: Task at[SearchServiceCore [detachClient]] was queued for 1340ms before starting on executor EventBus
06-28 14:10:14.719  1524  1606 W ThreadPoolDumper: Task TaskGraph@58eba05("SessionDeleter.7025004081116"); ID: 146,com.google.android.apps.gsa.staticplugins.ea.d.w (producer task) was queued for 1038ms before starting on executor TaskGraph-Producer
06-28 14:10:14.722  1524  1636 I PBSessionCacheImpl: Deleted sessionId[7025004081116] from persistence.
06-28 14:10:14.737  1392  1392 W /system/bin/hw/android.hidl.allocator@1.0-service: ashmem_create_region(32768) returning hidl_memory(0xa8e9b830, 32768)
06-28 14:10:14.739  1392  1392 I chatty  : uid=1000(system) allocator@1.0-s identical 2 lines
06-28 14:10:14.741  1392  1392 W /system/bin/hw/android.hidl.allocator@1.0-service: ashmem_create_region(32768) returning hidl_memory(0xa8e9b830, 32768)
06-28 14:10:14.912  1394  3001 D         : HostConnection::get() New Host Connection established 0xa7c23b80, tid 3001
06-28 14:10:14.933  1401  1437 D gralloc_ranchu: gralloc_alloc: Creating ashmem region of size 4919296
06-28 14:10:15.044  2958  2958 D CameraPerformanceTracker: First preview frame received
06-28 14:10:15.066  1401  1437 D gralloc_ranchu: gralloc_alloc: Creating ashmem region of size 4919296
06-28 14:10:15.336  1401  1437 D gralloc_ranchu: gralloc_alloc: Creating ashmem region of size 4919296
06-28 14:10:15.591  2958  3011 V NuMediaExtractor: setDataSource fd=69 (/system/app/Camera2/Camera2.apk), offset=6786880, length=7617
06-28 14:10:15.683  2958  3011 V NuMediaExtractor: track of type 'audio/vorbis' does not publish bitrate
06-28 14:10:15.687  2958  3019 D         : HostConnection::get() New Host Connection established 0xa679a6c0, tid 3019
06-28 14:10:15.789  2958  3020 I OMXClient: Treble IOmx obtained
06-28 14:10:15.790  1487  1809 I OMXMaster: makeComponentInstance(OMX.google.vorbis.decoder) in omx@1.0-service process
06-28 14:10:15.807  1487 18611 E OMXNodeInstance: getConfig(0xb5713060:google.vorbis.decoder, ConfigAndroidVendorExtension(0x6f100004)) ERROR: Undefined(0x80001001)
06-28 14:10:15.818  1392  1392 W /system/bin/hw/android.hidl.allocator@1.0-service: ashmem_create_region(32768) returning hidl_memory(0xa8e9b830, 32768)
06-28 14:10:16.019  1392  1392 I chatty  : uid=1000(system) allocator@1.0-s identical 10 lines
06-28 14:10:16.020  1392  1392 W /system/bin/hw/android.hidl.allocator@1.0-service: ashmem_create_region(32768) returning hidl_memory(0xa8e9b830, 32768)
06-28 14:10:16.319  1603  2080 D WificondControl: Scan result ready event
06-28 14:10:16.514  2958  2970 D         : HostConnection::get() New Host Connection established 0xa65dacc0, tid 2970
06-28 14:10:16.942  1603  5561 I WifiService: releaseWifiLock uid=10014
06-28 14:10:16.958  2958  3011 V NuMediaExtractor: setDataSource fd=70 (/system/app/Camera2/Camera2.apk), offset=6794560, length=7755
06-28 14:10:16.976  2958  3011 V NuMediaExtractor: track of type 'audio/vorbis' does not publish bitrate
06-28 14:10:16.987  2958  3023 I OMXClient: Treble IOmx obtained
06-28 14:10:16.988  1487 18611 I OMXMaster: makeComponentInstance(OMX.google.vorbis.decoder) in omx@1.0-service process
06-28 14:10:17.035  1487  1809 E OMXNodeInstance: getConfig(0xb5ba09c0:google.vorbis.decoder, ConfigAndroidVendorExtension(0x6f100004)) ERROR: Undefined(0x80001001)
06-28 14:10:17.050  1392  1392 W /system/bin/hw/android.hidl.allocator@1.0-service: ashmem_create_region(32768) returning hidl_memory(0xa8e9b830, 32768)
06-28 14:10:17.159  1392  1392 I chatty  : uid=1000(system) allocator@1.0-s identical 6 lines
06-28 14:10:17.161  1392  1392 W /system/bin/hw/android.hidl.allocator@1.0-service: ashmem_create_region(32768) returning hidl_memory(0xa8e9b830, 32768)
06-28 14:10:17.400  2958  2968 I zygote  : WaitForGcToComplete blocked HeapTrim on None for 20.364ms
06-28 14:10:17.573 19546 19546 I GeofencerStateMachine: sendNewTransitions called.
06-28 14:10:17.663  1392  1392 W /system/bin/hw/android.hidl.allocator@1.0-service: ashmem_create_region(32768) returning hidl_memory(0xa8e9b830, 32768)
06-28 14:10:17.670  1392  1392 I chatty  : uid=1000(system) allocator@1.0-s identical 2 lines
06-28 14:10:17.674  1392  1392 W /system/bin/hw/android.hidl.allocator@1.0-service: ashmem_create_region(32768) returning hidl_memory(0xa8e9b830, 32768)
06-28 14:10:21.174  2958  3029 D         : HostConnection::get() New Host Connection established 0x930ff840, tid 3029
06-28 14:10:21.870 19546  2778 W ctxmgr  : [WorkManager] Long workInfo: pkg=com.google.android.gms, lbl=UserVelocityProducer_receive, start=2019-06-28 14:10:19.404-0400, stop=2019-06-28 14:10:21.479-0400, durtn=2075ms [CONTEXT service_id=47 ]
06-28 14:10:24.588 19546  2942 I Places  : ?: PlacesBleScanner stop()
06-28 14:10:24.589 19546 19546 I BeaconBle: Scan : No clients left, canceling alarm.
06-28 14:10:24.590 19546 19546 I BeaconBle: Scan canceled successfully.
06-28 14:10:24.643 19546  2942 I PlaceInferenceEngine: [anon] Changed inference mode: 0
06-28 14:10:24.644 19546  2942 I PlaceInferenceEngine: [account#1066226748] Changed inference mode: 0
06-28 14:10:24.925  1603  1616 E memtrack: Couldn't load memtrack module
06-28 14:10:24.925  1603  1616 W android.os.Debug: failed to get memory consumption info: -1
06-28 14:10:24.929  1603  2080 I WifiService: getConnectionInfo uid=10014
