06-29 12:39:58.611  3472  3495 I net.osmand: MapRenderRepositories RENDER MAP: new request RotatedTileBox [lat=-0.0010566666666666667, lon=-51.06229833333334, rotate=0.0, density=2.625, zoom=17, mapDensity=3.9375, zoomAnimation=0.0, zoomFloatPart=0.0, cx=900, cy=1972, pixWidth=1800, pixHeight=2690]
06-29 12:39:58.792  3472  3495 I net.osmand:native: Route objects 39
06-29 12:39:58.795  3472  3495 I net.osmand:native: Ocean: no completed & incompleted coastlines 0
06-29 12:39:58.795  3472  3495 I net.osmand:native: Detailed coastlines = 0, basemap coastlines 0, ocean tile 0.000000. Detailed added 0, basemap processed 1, basemap added 0.
06-29 12:39:58.796  3472  3495 I net.osmand:native: Search : tree - read( 349), accept( 49), objs - visit( 4414), accept(78), in result(39) 
06-29 12:39:58.800  3472  3495 I net.osmand: MapRenderRepositories BLat=-0.003369927406311035, TLat=0.004678845405578613, LLong=-51.064754486083984, RLong=-51.05984878540039, zoom=17
06-29 12:39:58.802  3472  3495 I net.osmand: MapRenderRepositories Native search: 190 ms 
06-29 12:39:58.808  3472  3495 I net.osmand:native: Creating SkBitmap in native w:1800 h:2690 s:7200 f:1!
06-29 12:39:58.809  3472  3495 I net.osmand:native: Row bytes for RGBA_8888 is 7200
06-29 12:39:58.809  3472  3495 I net.osmand:native: Locked 19368000 bytes at 0x57380000
06-29 12:39:58.809  3472  3495 I net.osmand:native: Initializing rendering
06-29 12:39:58.854  3472  3495 I net.osmand:native: Rendering image
06-29 12:39:58.942  1390  2659 W audio_hw_generic: Not supplying enough data to HAL, expected position 105323362 , only wrote 105323040
06-29 12:39:59.091  1473  1561 D AudioFlinger: mixer(0xa6c83380) throttle end: throttle time(7)
06-29 12:39:59.101  3472  3495 I net.osmand:native: Native ok (rendering 2, text 108 ms) 
06-29 12:39:59.101  3472  3495 I net.osmand:native:  (28343 points, 213 points inside, 65 of 70 objects visible)
06-29 12:39:59.101  3472  3495 I net.osmand:native: End Rendering image
06-29 12:39:59.101  3472  3495 I net.osmand:native: Native ok (init 45, rendering 2) 
06-29 12:39:59.110  3472  3495 I net.osmand: MapRenderRepositories true
06-29 12:39:59.222  1390  2659 W audio_hw_generic: Not supplying enough data to HAL, expected position 105336486 , only wrote 105334560
06-29 12:39:59.238  1390  2659 W audio_hw_generic: Not supplying enough data to HAL, expected position 105335344 , only wrote 105334560
06-29 12:39:59.238  1473  1561 D AudioFlinger: mixer(0xa6c83380) throttle end: throttle time(12)
06-29 12:39:59.361  1390  2659 W audio_hw_generic: Not supplying enough data to HAL, expected position 105340443 , only wrote 105340320
06-29 12:39:59.362  1390  2659 W audio_hw_generic: Not supplying enough data to HAL, expected position 105340369 , only wrote 105340320
06-29 12:39:59.374  3472  3472 I net.osmand: RoutingHelper Recalculate route, because correlation  : 99.29975533286769
06-29 12:39:59.374  5191  5203 D AudioTrack: stop() called with 107289 frames delivered
06-29 12:39:59.375  5191  5280 I TTS.SynthesisCache: streamCachedRequest call to callback.audioAvailable failed: -1
06-29 12:39:59.375  1600  2100 V MediaRouterService: restoreBluetoothA2dp(false)
06-29 12:39:59.378  1390  2659 W audio_hw_generic: Not supplying enough data to HAL, expected position 105341101 , only wrote 105341040
06-29 12:39:59.378  3472  3472 D net.osmand: AbstractPrologCommandPlayer abandonAudioFocus
06-29 12:39:59.380  1600  7948 I MediaFocusControl: abandonAudioFocus() from uid/pid 10104/3472 clientId=android.media.AudioManager@d05fab5net.osmand.plus.api.AudioFocusHelperImpl@5eb5fc6
06-29 12:39:59.381  3472  3483 D net.osmand: AbstractPrologCommandPlayer abandonAudioFocus
06-29 12:39:59.381  3472  3483 D net.osmand: TTSCommandPlayerImpl ttsRequests=-1
06-29 12:39:59.381  3472  3472 W MaterialProgressBar: Current drawable is not a MaterialProgressDrawable, you may want to set app:mpb_setBothDrawables
06-29 12:39:59.387  3472 21192 I net.osmand: RouteProvider Start finding route from Location[mProvider=gps,mTime=1561826400000,mLatitude=-0.0012783333333333334,mLongitude=-51.06228333333333,mHasAltitude=false,mAltitude=0.0,mHasSpeed=true,mSpeed=0.0,mHasBearing=true,mBearing=0.0,mHasAccuracy=true,mAccuracy=20.0 to Lat -7.023556E-4 Lon -51.095703 using OsmAnd (offline)
06-29 12:39:59.388  3472 21192 W net.osmand: RouteProvider Use 344 MB Free 4.4194107 of 25.849213 max 384.0
06-29 12:39:59.400  3472  3472 I net.osmand: RoutingHelper Recalculate route, because correlation  : 99.29975533286769
06-29 12:39:59.759  3472  3472 I chatty  : uid=10104(net.osmand) identical 1 line
06-29 12:39:59.762  3472  3472 I net.osmand: RoutingHelper Recalculate route, because correlation  : 99.29975533286769
06-29 12:39:59.789  3472 21192 I net.osmand:native: Start point was found 31477193899 [Native]
06-29 12:39:59.839  3472 21192 I net.osmand:native: End point was found 10433840807 [Native]
06-29 12:40:00.009  1600  1613 E memtrack: Couldn't load memtrack module
06-29 12:40:00.009  1600  1613 W android.os.Debug: failed to get memory consumption info: -1
06-29 12:40:00.454  1390  2659 W audio_hw_generic: Not supplying enough data to HAL, expected position 105392690 , only wrote 105392160
06-29 12:40:00.653  1390  2659 W audio_hw_generic: Not supplying enough data to HAL, expected position 105401705 , only wrote 105401520
06-29 12:40:00.654  1390  2659 W audio_hw_generic: Not supplying enough data to HAL, expected position 105401565 , only wrote 105401520
06-29 12:40:00.670  1390  2659 W audio_hw_generic: Not supplying enough data to HAL, expected position 105402275 , only wrote 105402240
06-29 12:40:00.762  1390  2659 W audio_hw_generic: Not supplying enough data to HAL, expected position 105406600 , only wrote 105405120
06-29 12:40:00.763  1390  2659 W audio_hw_generic: Not supplying enough data to HAL, expected position 105405229 , only wrote 105405120
06-29 12:40:00.782  1390  2659 W audio_hw_generic: Not supplying enough data to HAL, expected position 105406030 , only wrote 105405840
06-29 12:40:00.835  3472  3472 I net.osmand: RoutingHelper Recalculate route, because correlation  : 99.29975533286769
06-29 12:40:00.997  3472  3472 I net.osmand: RoutingHelper Recalculate route, because correlation  : 99.29975533286769
06-29 12:40:01.054  3472  3472 I net.osmand: RoutingHelper Recalculate route, because correlation  : 124.01161529922041
06-29 12:40:01.076  3472  3472 I net.osmand: RoutingHelper Recalculate route, because correlation  : 124.01161529922041
06-29 12:40:01.337  3472  3472 I net.osmand: RoutingHelper Recalculate route, because correlation  : 1720739.209293388
06-29 12:40:01.340  3472  3496 I net.osmand: MapRenderRepositories RENDER MAP: update due to tile box
06-29 12:40:01.340  3472  3496 I net.osmand: MapRenderRepositories RENDER MAP: Interrupt rendering map
06-29 12:40:01.346  3472  3472 I net.osmand: RoutingHelper Recalculate route, because correlation  : 1720739.209293388
06-29 12:40:01.347  3472  3472 I net.osmand: RoutingHelper Recalculate route, because wrong movement direction: 1720745.0
06-29 12:40:01.385  3472  3496 I net.osmand: MapRenderRepositories RENDER MAP: update due to tile box
06-29 12:40:01.386  3472  3496 I net.osmand: MapRenderRepositories RENDER MAP: Interrupt rendering map
06-29 12:40:01.386  3472  3495 I net.osmand: MapRenderRepositories RENDER MAP: new request RotatedTileBox [lat=-7.589195000000001, lon=-37.541068333333335, rotate=0.0, density=2.625, zoom=17, mapDensity=3.9375, zoomAnimation=0.0, zoomFloatPart=0.0, cx=900, cy=1972, pixWidth=1800, pixHeight=2690]
06-29 12:40:01.656  1600  1617 E BatteryExternalStatsWorker: modem info is invalid: ModemActivityInfo{ mTimestamp=0 mSleepTimeMs=0 mIdleTimeMs=0 mTxTimeMs[]=[0, 0, 0, 0, 0] mRxTimeMs=0 mEnergyUsed=0}
06-29 12:40:01.750  3472  3472 I net.osmand: RoutingHelper Recalculate route, because correlation  : 1720739.209293388
06-29 12:40:01.874  3472  3472 I net.osmand: RoutingHelper Recalculate route, because correlation  : 1720739.209293388
06-29 12:40:01.874  3472  3472 I net.osmand: RoutingHelper Recalculate route, because wrong movement direction: 1720745.0
06-29 12:40:02.007  3472  3495 I net.osmand:native: Route objects 61
06-29 12:40:02.007  3472  3495 I net.osmand:native: Ocean: no completed & incompleted coastlines 0
06-29 12:40:02.007  3472  3495 I net.osmand:native: Detailed coastlines = 0, basemap coastlines 0, ocean tile 0.000000. Detailed added 0, basemap processed 1, basemap added 0.
06-29 12:40:02.008  3472  3495 I net.osmand:native: Search : tree - read( 413), accept( 30), objs - visit( 2206), accept(73), in result(61) 
06-29 12:40:02.008  3472  3495 I net.osmand: MapRenderRepositories BLat=-7.591496849060059, TLat=-7.583494758605957, LLong=-37.543521881103516, RLong=-37.53861999511719, zoom=17
06-29 12:40:02.011  3472  3495 I net.osmand: MapRenderRepositories Native search: 625 ms 
06-29 12:40:02.021  3472  3495 I net.osmand:native: Creating SkBitmap in native w:1800 h:2690 s:7200 f:1!
06-29 12:40:02.021  3472  3495 I net.osmand:native: Row bytes for RGBA_8888 is 7200
06-29 12:40:02.021  3472  3495 I net.osmand:native: Locked 19368000 bytes at 0x78300000
06-29 12:40:02.024  3472  3495 I net.osmand:native: Initializing rendering
06-29 12:40:02.031  3472  3495 I net.osmand:native: Rendering image
06-29 12:40:02.184  1390  2659 W audio_hw_generic: Not supplying enough data to HAL, expected position 105473164 , only wrote 105472800
06-29 12:40:02.188  1390  2659 W audio_hw_generic: Not supplying enough data to HAL, expected position 105472958 , only wrote 105472800
06-29 12:40:02.308  1390  2659 W audio_hw_generic: Not supplying enough data to HAL, expected position 105478571 , only wrote 105478560
06-29 12:40:02.324  1390  2659 W audio_hw_generic: Not supplying enough data to HAL, expected position 105479340 , only wrote 105479280
06-29 12:40:02.384  3472  3482 I zygote  : Background concurrent copying GC freed 180466(8MB) AllocSpace objects, 29(608KB) LOS objects, 24% free, 18MB/24MB, paused 3.880ms total 1.199s
06-29 12:40:02.409  1390  1562 W audio_hw_generic: Not supplying enough data to HAL, expected position 105485923 , only wrote 105482880
06-29 12:40:02.445  3472  3495 I net.osmand:native: Native ok (rendering 0, text 210 ms) 
06-29 12:40:02.445  3472  3495 I net.osmand:native:  (574 points, 320 points inside, 122 of 128 objects visible)
06-29 12:40:02.445  3472  3495 I net.osmand:native: End Rendering image
06-29 12:40:02.445  3472  3495 I net.osmand:native: Native ok (init 4, rendering 0) 
06-29 12:40:02.452  3472  3495 I net.osmand: MapRenderRepositories true
06-29 12:40:02.757  3472  3472 I net.osmand: RoutingHelper Recalculate route, because correlation  : 1720739.209293388
06-29 12:40:02.757  3472  3472 I net.osmand: RoutingHelper Recalculate route, because wrong movement direction: 1720745.0
06-29 12:40:02.957  3472  3472 I net.osmand: RoutingHelper Recalculate route, because correlation  : 1720739.209293388
06-29 12:40:03.305  3472  3472 I chatty  : uid=10104(net.osmand) identical 1 line
06-29 12:40:03.312  3472  3472 I net.osmand: RoutingHelper Recalculate route, because correlation  : 1720739.209293388
06-29 12:40:03.313  3472  3472 I net.osmand: RoutingHelper Recalculate route, because wrong movement direction: 1720745.0
06-29 12:40:03.736  3472  3472 I net.osmand: RoutingHelper Recalculate route, because correlation  : 1720739.209293388
06-29 12:40:03.736  3472  3472 I net.osmand: RoutingHelper Recalculate route, because wrong movement direction: 1720745.0
06-29 12:40:03.761  3472  3472 I net.osmand: RoutingHelper Recalculate route, because correlation  : 1720739.209293388
06-29 12:40:04.786  3472  3472 I chatty  : uid=10104(net.osmand) identical 1 line
06-29 12:40:04.802  3472  3472 I net.osmand: RoutingHelper Recalculate route, because correlation  : 1720739.209293388
06-29 12:40:04.802  3472  3472 I net.osmand: RoutingHelper Recalculate route, because wrong movement direction: 1720745.0
06-29 12:40:04.924  3472  3472 I net.osmand: RoutingHelper Recalculate route, because correlation  : 1720739.209293388
06-29 12:40:04.927  3472  3472 I net.osmand: RoutingHelper Recalculate route, because correlation  : 1720739.209293388
06-29 12:40:04.927  3472  3472 I net.osmand: RoutingHelper Recalculate route, because wrong movement direction: 1720745.0
06-29 12:40:05.795  3472  3472 I net.osmand: RoutingHelper Recalculate route, because correlation  : 1720739.209293388
06-29 12:40:05.795  3472  3472 I net.osmand: RoutingHelper Recalculate route, because wrong movement direction: 1720745.0
06-29 12:40:05.806  3472  3472 I net.osmand: TTSCommandPlayerImpl Send message to pebble desviou-se da rota por  1721 quilmetros 
06-29 12:40:05.807  3472  3472 D net.osmand: AbstractPrologCommandPlayer requestAudioFocus
06-29 12:40:05.807  3472  3472 W AudioManager: Use of stream types is deprecated for operations other than volume control
06-29 12:40:05.807  3472  3472 W AudioManager: See the documentation of requestAudioFocus() for what to use instead with android.media.AudioAttributes to qualify your playback use case
06-29 12:40:05.809  1600  4486 I MediaFocusControl: requestAudioFocus() from uid/pid 10104/3472 clientId=android.media.AudioManager@d05fab5net.osmand.plus.api.AudioFocusHelperImpl@25173d9 callingPack=net.osmand req=3 flags=0x0 sdk=26
06-29 12:40:05.810  3472  3472 D net.osmand: TTSCommandPlayerImpl ttsRequests=1
06-29 12:40:05.812  5191  5280 I TTS.GoogleTTSServiceImp: Synthesis request for locale por-BRA and name pt-BR-language
06-29 12:40:05.814  5191  5280 I TTS.GoogleTTSServiceImp: TTS dispatch: pt-br-x-afs-lstm-embedded
06-29 12:40:06.001  3472  3472 I net.osmand: RoutingHelper Recalculate route, because correlation  : 1720739.209293388
06-29 12:40:06.071  5191  5294 D AudioTrack: Client defaulted notificationFrames to 1365 for frameCount 4096
06-29 12:40:06.099  1600  7948 V MediaRouterService: restoreBluetoothA2dp(false)
06-29 12:40:06.102  1390  2659 W audio_hw_generic: Not supplying enough data to HAL, expected position 105482924 , only wrote 105482880
06-29 12:40:06.270  1390  2659 W audio_hw_generic: Not supplying enough data to HAL, expected position 105490924 , only wrote 105489360
06-29 12:40:06.270  1390  2659 W audio_hw_generic: Not supplying enough data to HAL, expected position 105489387 , only wrote 105489360
06-29 12:40:06.286  1390  2659 W audio_hw_generic: Not supplying enough data to HAL, expected position 105490110 , only wrote 105490080
06-29 12:40:06.426  3472 21192 W net.osmand:native: [Native] Result visited (visited roads 11097, visited segments 2 / 8518 , queue sizes 0 / 1320 ) 
06-29 12:40:06.427  3472 21192 W net.osmand:native: [Native] Result timing (time to load 0, time to calc 6587, loaded tiles 66) 
06-29 12:40:06.427  3472 21192 W net.osmand:native: [Native] Memory occupied (Routing context 1975 Kb, search 143 Kb)
06-29 12:40:06.489  3472 21192 I net.osmand:native: Routing calculated time distance 1048.253174
06-29 12:40:06.533  1390  2659 W audio_hw_generic: Not supplying enough data to HAL, expected position 105501944 , only wrote 105501600
06-29 12:40:06.534  1390  2659 W audio_hw_generic: Not supplying enough data to HAL, expected position 105501647 , only wrote 105501600
06-29 12:40:06.549  1390  2659 W audio_hw_generic: Not supplying enough data to HAL, expected position 105502328 , only wrote 105502320
06-29 12:40:06.621  3472 21192 I net.osmand: RoutePlannerFrontEnd Native routing took 6.927 seconds
06-29 12:40:06.628  3472 21192 I System.out: ROUTE : 
06-29 12:40:06.629  3472 21192 I net.osmand: RouteResultPreparation <test regions="" description="" best_percent="" vehicle="car" 
06-29 12:40:06.629  3472 21192 I net.osmand:   start_lat="-0.00128" start_lon="-51.06228" target_lat="-0.00070" target_lon="-51.09570"  routing_time="1048.25" loadedTiles="66" visitedSegments="11097" complete_distance="4866.92" complete_time="389.61" >
06-29 12:40:06.629  3472 21192 I System.out: <test regions="" description="" best_percent="" vehicle="car" 
06-29 12:40:06.629  3472 21192 I System.out:   start_lat="-0.00128" start_lon="-51.06228" target_lat="-0.00070" target_lon="-51.09570"  routing_time="1048.25" loadedTiles="66" visitedSegments="11097" complete_distance="4866.92" complete_time="389.61" >
06-29 12:40:06.629  3472 21192 I System.out: </test>
06-29 12:40:06.629  3472 21192 I System.out: <test regions="" description="" best_percent="" vehicle="car" 
06-29 12:40:06.629  3472 21192 I System.out:   start_lat="-0.00128" start_lon="-51.06228" target_lat="-0.00070" target_lon="-51.09570"  routing_time="1048.25" loadedTiles="66" visitedSegments="11097" complete_distance="4866.92" complete_time="389.61" >
06-29 12:40:06.631  3472 21192 I net.osmand: RouteProvider Finding route contained 56 points for 7244 ms
06-29 12:40:06.636  3472 21192 I net.osmand: TTSCommandPlayerImpl Send message to pebble Rota recalculada 1725 quilmetros tempo estimado de  49 horas  16 minutos.  
06-29 12:40:06.636  3472 21192 D net.osmand: TTSCommandPlayerImpl ttsRequests=2
06-29 12:40:06.724  3472  3472 I net.osmand: TTSCommandPlayerImpl Send message to pebble aps  300 metros vire  esquerda para   Avenida Equatorial 
06-29 12:40:06.724  3472  3472 D net.osmand: TTSCommandPlayerImpl ttsRequests=3
06-29 12:40:06.803  1600  4486 I zygote  : IncrementDisableThreadFlip blocked for 11.678ms
06-29 12:40:06.810  1600  1600 I zygote  : IncrementDisableThreadFlip blocked for 18.959ms
06-29 12:40:06.947  3472  3472 I net.osmand: RoutingHelper Recalculate route, because wrong movement direction: 1720687.0
06-29 12:40:06.948  5191  5203 D AudioTrack: stop() called with 18913 frames delivered
06-29 12:40:06.950  3472  3472 D net.osmand: AbstractPrologCommandPlayer abandonAudioFocus
06-29 12:40:06.952  1600  3913 I MediaFocusControl: abandonAudioFocus() from uid/pid 10104/3472 clientId=android.media.AudioManager@d05fab5net.osmand.plus.api.AudioFocusHelperImpl@25173d9
06-29 12:40:06.952  1600  2100 V MediaRouterService: restoreBluetoothA2dp(false)
06-29 12:40:06.964  3472  3472 I net.osmand: RoutingHelper Recalculate route, because wrong movement direction: 1720687.0
06-29 12:40:06.966  3472  7327 D net.osmand: AbstractPrologCommandPlayer abandonAudioFocus
06-29 12:40:06.966  3472  7327 D net.osmand: TTSCommandPlayerImpl ttsRequests=-1
06-29 12:40:06.967  3472  7327 D net.osmand: AbstractPrologCommandPlayer abandonAudioFocus
06-29 12:40:06.967  3472  7327 D net.osmand: TTSCommandPlayerImpl ttsRequests=-1
06-29 12:40:06.971  3472  5324 D net.osmand: AbstractPrologCommandPlayer abandonAudioFocus
06-29 12:40:06.972  3472  5324 D net.osmand: TTSCommandPlayerImpl ttsRequests=-1
06-29 12:40:07.150  1390  2659 W audio_hw_generic: Not supplying enough data to HAL, expected position 105531152 , only wrote 105531120
06-29 12:40:07.167  1390  2659 W audio_hw_generic: Not supplying enough data to HAL, expected position 105531941 , only wrote 105531840
06-29 12:40:07.276  1600  4486 I WifiService: acquireWifiLock uid=10014 lockMode=2
06-29 12:40:07.474  1600  5707 I WifiService: releaseWifiLock uid=10014
06-29 12:40:07.586  1600  1609 I zygote  : Background concurrent copying GC freed 74025(3MB) AllocSpace objects, 26(1248KB) LOS objects, 22% free, 21MB/27MB, paused 5.674ms total 879.833ms
06-29 12:40:07.619  1390  2659 W audio_hw_generic: Not supplying enough data to HAL, expected position 105553522 , only wrote 105552720
06-29 12:40:07.635  1390  2659 W audio_hw_generic: Not supplying enough data to HAL, expected position 105553497 , only wrote 105553440
06-29 12:40:07.751  3472  3472 I net.osmand: RoutingHelper Recalculate route, because wrong movement direction: 1720687.0
06-29 12:40:07.753  3472  3472 D net.osmand: AbstractPrologCommandPlayer abandonAudioFocus
06-29 12:40:07.958  1390  2659 W audio_hw_generic: Not supplying enough data to HAL, expected position 105568970 , only wrote 105567840
06-29 12:40:07.959  1390  2659 W audio_hw_generic: Not supplying enough data to HAL, expected position 105567849 , only wrote 105567840
06-29 12:40:07.982  1390  2659 W audio_hw_generic: Not supplying enough data to HAL, expected position 105568948 , only wrote 105568560
06-29 12:40:08.018  1390  2659 W audio_hw_generic: Not supplying enough data to HAL, expected position 105570299 , only wrote 105570000
06-29 12:40:08.049  1390  2659 W audio_hw_generic: Not supplying enough data to HAL, expected position 105571468 , only wrote 105571440
06-29 12:40:08.124  1390  2659 W audio_hw_generic: Not supplying enough data to HAL, expected position 105575056 , only wrote 105575040
06-29 12:40:08.125  1390  2659 W audio_hw_generic: Not supplying enough data to HAL, expected position 105575071 , only wrote 105575040
06-29 12:40:08.140  1390  2659 W audio_hw_generic: Not supplying enough data to HAL, expected position 105575775 , only wrote 105575760
06-29 12:40:08.262  1390  2659 W audio_hw_generic: Not supplying enough data to HAL, expected position 105581622 , only wrote 105581520
06-29 12:40:08.263  1390  2659 W audio_hw_generic: Not supplying enough data to HAL, expected position 105581579 , only wrote 105581520
06-29 12:40:08.278  1390  2659 W audio_hw_generic: Not supplying enough data to HAL, expected position 105582244 , only wrote 105582240
06-29 12:40:08.354  1390  2659 W audio_hw_generic: Not supplying enough data to HAL, expected position 105585847 , only wrote 105585840
06-29 12:40:08.354  1390  2659 W audio_hw_generic: Not supplying enough data to HAL, expected position 105585872 , only wrote 105585840
06-29 12:40:08.357  3472  3472 I net.osmand: RoutingHelper Recalculate route, because wrong movement direction: 1720687.0
06-29 12:40:08.362  3472  3472 D net.osmand: AbstractPrologCommandPlayer abandonAudioFocus
06-29 12:40:08.373  1390  2659 W audio_hw_generic: Not supplying enough data to HAL, expected position 105586716 , only wrote 105586560
06-29 12:40:08.404  1390  2659 W audio_hw_generic: Not supplying enough data to HAL, expected position 105588049 , only wrote 105588000
06-29 12:40:08.779  3472  3472 I net.osmand: RoutingHelper Recalculate route, because wrong movement direction: 1720687.0
06-29 12:40:08.783  3472  3472 D net.osmand: AbstractPrologCommandPlayer abandonAudioFocus
06-29 12:40:08.872  1390  2659 W audio_hw_generic: Not supplying enough data to HAL, expected position 105610508 , only wrote 105610320
06-29 12:40:08.875  1390  2659 W audio_hw_generic: Not supplying enough data to HAL, expected position 105610445 , only wrote 105610320
06-29 12:40:08.892  1390  2659 W audio_hw_generic: Not supplying enough data to HAL, expected position 105611142 , only wrote 105611040
06-29 12:40:09.068 20862 20885 I Finsky  : [690] imb.run(3): Stats for Executor: BlockingExecutor ink@f3e9dc4[Running, pool size = 2, active threads = 0, queued tasks = 0, completed tasks = 13]
06-29 12:40:09.124 20862 20885 I Finsky  : [690] imb.run(3): Stats for Executor: LightweightExecutor ink@b5314ad[Running, pool size = 2, active threads = 0, queued tasks = 0, completed tasks = 61]
06-29 12:40:09.358  1390  2659 W audio_hw_generic: Not supplying enough data to HAL, expected position 105633413 , only wrote 105633360
06-29 12:40:09.512  1390  2659 W audio_hw_generic: Not supplying enough data to HAL, expected position 105640723 , only wrote 105636960
06-29 12:40:09.512  1390  2659 W audio_hw_generic: Not supplying enough data to HAL, expected position 105636972 , only wrote 105636960
06-29 12:40:09.531  1390  2659 W audio_hw_generic: Not supplying enough data to HAL, expected position 105637867 , only wrote 105637680
06-29 12:40:09.547  1390  2659 W audio_hw_generic: Not supplying enough data to HAL, expected position 105638440 , only wrote 105638400
06-29 12:40:09.562  1390  2659 W audio_hw_generic: Not supplying enough data to HAL, expected position 105639155 , only wrote 105639120
06-29 12:40:09.765  1390  2659 W audio_hw_generic: Not supplying enough data to HAL, expected position 105648839 , only wrote 105647040
06-29 12:40:09.766  1390  2659 W audio_hw_generic: Not supplying enough data to HAL, expected position 105647074 , only wrote 105647040
06-29 12:40:09.781  1390  2659 W audio_hw_generic: Not supplying enough data to HAL, expected position 105647766 , only wrote 105647760
06-29 12:40:09.813  3472  3472 I net.osmand: RoutingHelper Recalculate route, because wrong movement direction: 1720687.0
06-29 12:40:09.818  3472  3472 D net.osmand: AbstractPrologCommandPlayer abandonAudioFocus
06-29 12:40:09.895  3472  3472 I net.osmand: RoutingHelper Recalculate route, because wrong movement direction: 1720687.0
06-29 12:40:09.990 20862 20885 I Finsky  : [690] imb.run(3): Stats for Executor: bgExecutor ink@d7ab3e2[Running, pool size = 4, active threads = 0, queued tasks = 0, completed tasks = 30]
06-29 12:40:10.007  1390  1390 W audio_hw_generic: Not supplying enough data to HAL, expected position 105668397 , only wrote 105658560
06-29 12:40:10.328  1600  1617 I WifiService: requestActivityInfo uid=1000
06-29 12:40:10.328  1600  1617 I WifiService: reportActivityInfo uid=1000
06-29 12:40:10.329  1600  1617 I WifiService: getSupportedFeatures uid=1000
06-29 12:40:10.829  3472  3472 I net.osmand: RoutingHelper Recalculate route, because wrong movement direction: 1720687.0
06-29 12:40:10.831  3472  3472 D net.osmand: AbstractPrologCommandPlayer abandonAudioFocus
06-29 12:40:11.180  3472  3472 I net.osmand: RoutingHelper Recalculate route, because wrong movement direction: 1720687.0
06-29 12:40:11.183  3472  3472 D net.osmand: AbstractPrologCommandPlayer abandonAudioFocus
06-29 12:40:11.755  3472  3472 I net.osmand: RoutingHelper Recalculate route, because wrong movement direction: 1720687.0
06-29 12:40:11.756  3472  3472 D net.osmand: AbstractPrologCommandPlayer abandonAudioFocus
06-29 12:40:11.756  3472  3472 W MaterialProgressBar: Current drawable is not a MaterialProgressDrawable, you may want to set app:mpb_setBothDrawables
06-29 12:40:11.764  3472 21198 I net.osmand: RouteProvider Start finding route from Location[mProvider=gps,mTime=1561826412000,mLatitude=-7.589195000000001,mLongitude=-37.541068333333335,mHasAltitude=false,mAltitude=0.0,mHasSpeed=true,mSpeed=0.0,mHasBearing=true,mBearing=0.0,mHasAccuracy=true,mAccuracy=20.0 to Lat -7.023556E-4 Lon -51.095703 using OsmAnd (offline)
06-29 12:40:11.764  3472 21198 W net.osmand: RouteProvider Use 345 MB Free 4.623764 of 24.73204 max 384.0
06-29 12:40:12.051  3472 21198 I net.osmand:native: Start point was found 25957428647 [Native]
06-29 12:40:12.063  3472 21198 I net.osmand:native: End point was found 10426981099 [Native]
06-29 12:40:12.064  3472 21198 W net.osmand:native: [Native] Result visited (visited roads 2, visited segments 1 / 2 , queue sizes 3 / 4 ) 
06-29 12:40:12.065  3472 21198 W net.osmand:native: [Native] Result timing (time to load 0, time to calc 0, loaded tiles 7) 
06-29 12:40:12.065  3472 21198 W net.osmand:native: [Native] Memory occupied (Routing context 171 Kb, search 0 Kb)
06-29 12:40:12.065  3472 21198 I net.osmand:native: No route found
06-29 12:40:12.069  3472 21198 I net.osmand: RoutePlannerFrontEnd Native routing took 0.037 seconds
06-29 12:40:12.069  3472 21198 I System.out: ROUTE : 
06-29 12:40:12.069  3472 21198 I net.osmand: RouteResultPreparation <test regions="" description="" best_percent="" vehicle="car" 
06-29 12:40:12.069  3472 21198 I net.osmand:   start_lat="-7.58920" start_lon="-37.54107" target_lat="-0.00070" target_lon="-51.09570"  routing_time="0.00" loadedTiles="7" visitedSegments="2" complete_distance="0.00" complete_time="0.00" >
06-29 12:40:12.069  3472 21198 I System.out: <test regions="" description="" best_percent="" vehicle="car" 
06-29 12:40:12.069  3472 21198 I System.out:   start_lat="-7.58920" start_lon="-37.54107" target_lat="-0.00070" target_lon="-51.09570"  routing_time="0.00" loadedTiles="7" visitedSegments="2" complete_distance="0.00" complete_time="0.00" >
06-29 12:40:12.069  3472 21198 I System.out: </test>
06-29 12:40:12.070  3472 21198 I System.out: <test regions="" description="" best_percent="" vehicle="car" 
06-29 12:40:12.070  3472 21198 I System.out:   start_lat="-7.58920" start_lon="-37.54107" target_lat="-0.00070" target_lon="-51.09570"  routing_time="0.00" loadedTiles="7" visitedSegments="2" complete_distance="0.00" complete_time="0.00" >
06-29 12:40:12.105  3472 21198 I net.osmand:native: Start point was found 25957571909 [Native]
06-29 12:40:12.138  3472 21198 I net.osmand:native: End point was found 10433840807 [Native]
06-29 12:40:12.142  3472 21198 W net.osmand:native: [Native] Result visited (visited roads 2, visited segments 11 / 0 , queue sizes 17 / 2 ) 
06-29 12:40:12.143  3472 21198 W net.osmand:native: [Native] Result timing (time to load 0, time to calc 3, loaded tiles 19) 
06-29 12:40:12.143  3472 21198 W net.osmand:native: [Native] Memory occupied (Routing context 536 Kb, search 0 Kb)
06-29 12:40:12.144  3472 21198 I net.osmand:native: No route found
06-29 12:40:12.155  3472 21198 I net.osmand: RoutePlannerFrontEnd Native routing took 0.085 seconds
06-29 12:40:12.155  3472 21198 I System.out: ROUTE : 
06-29 12:40:12.156  3472 21198 I net.osmand: RouteResultPreparation <test regions="" description="" best_percent="" vehicle="car" 
06-29 12:40:12.156  3472 21198 I net.osmand:   start_lat="-7.58920" start_lon="-37.54107" target_lat="-0.00070" target_lon="-51.09570"  routing_time="0.00" loadedTiles="19" visitedSegments="2" complete_distance="0.00" complete_time="0.00" >
06-29 12:40:12.156  3472 21198 I System.out: <test regions="" description="" best_percent="" vehicle="car" 
06-29 12:40:12.156  3472 21198 I System.out:   start_lat="-7.58920" start_lon="-37.54107" target_lat="-0.00070" target_lon="-51.09570"  routing_time="0.00" loadedTiles="19" visitedSegments="2" complete_distance="0.00" complete_time="0.00" >
06-29 12:40:12.156  3472 21198 I System.out: </test>
06-29 12:40:12.156  3472 21198 I System.out: <test regions="" description="" best_percent="" vehicle="car" 
06-29 12:40:12.156  3472 21198 I System.out:   start_lat="-7.58920" start_lon="-37.54107" target_lat="-0.00070" target_lon="-51.09570"  routing_time="0.00" loadedTiles="19" visitedSegments="2" complete_distance="0.00" complete_time="0.00" >
06-29 12:40:12.156  3472 21198 I net.osmand: RouteProvider Finding route contained 0 points for 392 ms
06-29 12:40:12.404  3472  3472 I net.osmand: RoutingHelper Recalculate route, because wrong movement direction: 1720687.0
06-29 12:40:12.405  3472  3472 W MaterialProgressBar: Current drawable is not a MaterialProgressDrawable, you may want to set app:mpb_setBothDrawables
06-29 12:40:12.426  3472 21199 I net.osmand: RouteProvider Start finding route from Location[mProvider=gps,mTime=1561826413000,mLatitude=-7.589195000000001,mLongitude=-37.541068333333335,mHasAltitude=false,mAltitude=0.0,mHasSpeed=true,mSpeed=0.0,mHasBearing=true,mBearing=0.0,mHasAccuracy=true,mAccuracy=20.0 to Lat -7.023556E-4 Lon -51.095703 using OsmAnd (offline)
06-29 12:40:12.427  3472 21199 W net.osmand: RouteProvider Use 342 MB Free 1.3972015 of 24.73204 max 384.0
06-29 12:40:12.538  1600  1613 E memtrack: Couldn't load memtrack module
06-29 12:40:12.538  1600  1613 W android.os.Debug: failed to get memory consumption info: -1
06-29 12:40:12.787  3472  3472 I net.osmand: RoutingHelper Recalculate route, because wrong movement direction: 1720687.0
06-29 12:40:12.887  3472 21199 I net.osmand:native: Start point was found 25957428647 [Native]
06-29 12:40:12.909  3472 21199 I net.osmand:native: End point was found 10426981099 [Native]
06-29 12:40:12.910  3472 21199 W net.osmand:native: [Native] Result visited (visited roads 2, visited segments 1 / 2 , queue sizes 3 / 4 ) 
06-29 12:40:12.910  3472 21199 W net.osmand:native: [Native] Result timing (time to load 0, time to calc 0, loaded tiles 7) 
06-29 12:40:12.911  3472 21199 W net.osmand:native: [Native] Memory occupied (Routing context 171 Kb, search 0 Kb)
06-29 12:40:12.911  3472 21199 I net.osmand:native: No route found
06-29 12:40:12.918  3472 21199 I net.osmand: RoutePlannerFrontEnd Native routing took 0.077 seconds
06-29 12:40:12.918  3472 21199 I System.out: ROUTE : 
06-29 12:40:12.919  3472 21199 I net.osmand: RouteResultPreparation <test regions="" description="" best_percent="" vehicle="car" 
06-29 12:40:12.919  3472 21199 I net.osmand:   start_lat="-7.58920" start_lon="-37.54107" target_lat="-0.00070" target_lon="-51.09570"  routing_time="0.00" loadedTiles="7" visitedSegments="2" complete_distance="0.00" complete_time="0.00" >
06-29 12:40:12.919  3472 21199 I System.out: <test regions="" description="" best_percent="" vehicle="car" 
06-29 12:40:12.919  3472 21199 I System.out:   start_lat="-7.58920" start_lon="-37.54107" target_lat="-0.00070" target_lon="-51.09570"  routing_time="0.00" loadedTiles="7" visitedSegments="2" complete_distance="0.00" complete_time="0.00" >
06-29 12:40:12.919  3472 21199 I System.out: </test>
06-29 12:40:12.919  3472 21199 I System.out: <test regions="" description="" best_percent="" vehicle="car" 
06-29 12:40:12.919  3472 21199 I System.out:   start_lat="-7.58920" start_lon="-37.54107" target_lat="-0.00070" target_lon="-51.09570"  routing_time="0.00" loadedTiles="7" visitedSegments="2" complete_distance="0.00" complete_time="0.00" >
06-29 12:40:12.994  3472 21199 I net.osmand:native: Start point was found 25957571909 [Native]
06-29 12:40:13.047  3472 21199 I net.osmand:native: End point was found 10433840807 [Native]
06-29 12:40:13.049  3472 21199 W net.osmand:native: [Native] Result visited (visited roads 2, visited segments 11 / 0 , queue sizes 17 / 2 ) 
06-29 12:40:13.049  3472 21199 W net.osmand:native: [Native] Result timing (time to load 0, time to calc 2, loaded tiles 19) 
06-29 12:40:13.049  3472 21199 W net.osmand:native: [Native] Memory occupied (Routing context 536 Kb, search 0 Kb)
06-29 12:40:13.050  3472 21199 I net.osmand:native: No route found
06-29 12:40:13.065  3472 21199 I net.osmand: RoutePlannerFrontEnd Native routing took 0.145 seconds
06-29 12:40:13.065  3472 21199 I System.out: ROUTE : 
06-29 12:40:13.066  3472 21199 I net.osmand: RouteResultPreparation <test regions="" description="" best_percent="" vehicle="car" 
06-29 12:40:13.066  3472 21199 I net.osmand:   start_lat="-7.58920" start_lon="-37.54107" target_lat="-0.00070" target_lon="-51.09570"  routing_time="0.00" loadedTiles="19" visitedSegments="2" complete_distance="0.00" complete_time="0.00" >
06-29 12:40:13.066  3472 21199 I System.out: <test regions="" description="" best_percent="" vehicle="car" 
06-29 12:40:13.066  3472 21199 I System.out:   start_lat="-7.58920" start_lon="-37.54107" target_lat="-0.00070" target_lon="-51.09570"  routing_time="0.00" loadedTiles="19" visitedSegments="2" complete_distance="0.00" complete_time="0.00" >
06-29 12:40:13.066  3472 21199 I System.out: </test>
06-29 12:40:13.066  3472 21199 I System.out: <test regions="" description="" best_percent="" vehicle="car" 
06-29 12:40:13.067  3472 21199 I System.out:   start_lat="-7.58920" start_lon="-37.54107" target_lat="-0.00070" target_lon="-51.09570"  routing_time="0.00" loadedTiles="19" visitedSegments="2" complete_distance="0.00" complete_time="0.00" >
06-29 12:40:13.068  3472 21199 I net.osmand: RouteProvider Finding route contained 0 points for 645 ms
06-29 12:40:13.138  3472  3482 I zygote  : Background concurrent copying GC freed 151941(6MB) AllocSpace objects, 18(360KB) LOS objects, 23% free, 19MB/25MB, paused 1.409ms total 643.548ms
06-29 12:40:13.591  3472  3472 I net.osmand: RoutingHelper Recalculate route, because wrong movement direction: 1720687.0
06-29 12:40:13.591  3472  3472 W MaterialProgressBar: Current drawable is not a MaterialProgressDrawable, you may want to set app:mpb_setBothDrawables
06-29 12:40:13.594  3472 21200 I net.osmand: RouteProvider Start finding route from Location[mProvider=gps,mTime=1561826414000,mLatitude=-7.589195000000001,mLongitude=-37.541068333333335,mHasAltitude=false,mAltitude=0.0,mHasSpeed=true,mSpeed=0.0,mHasBearing=true,mBearing=0.0,mHasAccuracy=true,mAccuracy=20.0 to Lat -7.023556E-4 Lon -51.095703 using OsmAnd (offline)
06-29 12:40:13.594  3472 21200 W net.osmand: RouteProvider Use 346 MB Free 5.953125 of 25.426292 max 384.0
06-29 12:40:13.808  3472  3472 I net.osmand: RoutingHelper Recalculate route, because wrong movement direction: 1720687.0
06-29 12:40:14.009  3472 21200 I net.osmand:native: Start point was found 25957428647 [Native]
06-29 12:40:14.047  3472 21200 I net.osmand:native: End point was found 10426981099 [Native]
06-29 12:40:14.049  3472 21200 W net.osmand:native: [Native] Result visited (visited roads 2, visited segments 1 / 2 , queue sizes 3 / 4 ) 
06-29 12:40:14.049  3472 21200 W net.osmand:native: [Native] Result timing (time to load 0, time to calc 1, loaded tiles 7) 
06-29 12:40:14.049  3472 21200 W net.osmand:native: [Native] Memory occupied (Routing context 171 Kb, search 0 Kb)
06-29 12:40:14.055  3472 21200 I net.osmand:native: No route found
06-29 12:40:14.068  3472 21200 I net.osmand: RoutePlannerFrontEnd Native routing took 0.094 seconds
06-29 12:40:14.068  3472 21200 I System.out: ROUTE : 
06-29 12:40:14.069  3472 21200 I net.osmand: RouteResultPreparation <test regions="" description="" best_percent="" vehicle="car" 
06-29 12:40:14.069  3472 21200 I net.osmand:   start_lat="-7.58920" start_lon="-37.54107" target_lat="-0.00070" target_lon="-51.09570"  routing_time="0.00" loadedTiles="7" visitedSegments="2" complete_distance="0.00" complete_time="0.00" >
06-29 12:40:14.071  3472 21200 I System.out: <test regions="" description="" best_percent="" vehicle="car" 
06-29 12:40:14.071  3472 21200 I System.out:   start_lat="-7.58920" start_lon="-37.54107" target_lat="-0.00070" target_lon="-51.09570"  routing_time="0.00" loadedTiles="7" visitedSegments="2" complete_distance="0.00" complete_time="0.00" >
06-29 12:40:14.071  3472 21200 I System.out: </test>
06-29 12:40:14.072  3472 21200 I System.out: <test regions="" description="" best_percent="" vehicle="car" 
06-29 12:40:14.072  3472 21200 I System.out:   start_lat="-7.58920" start_lon="-37.54107" target_lat="-0.00070" target_lon="-51.09570"  routing_time="0.00" loadedTiles="7" visitedSegments="2" complete_distance="0.00" complete_time="0.00" >
06-29 12:40:14.134  3472 21200 I net.osmand:native: Start point was found 25957571909 [Native]
06-29 12:40:14.179  3472 21200 I net.osmand:native: End point was found 10433840807 [Native]
06-29 12:40:14.181  3472 21200 W net.osmand:native: [Native] Result visited (visited roads 2, visited segments 11 / 0 , queue sizes 17 / 2 ) 
06-29 12:40:14.181  3472 21200 W net.osmand:native: [Native] Result timing (time to load 0, time to calc 1, loaded tiles 19) 
06-29 12:40:14.182  3472 21200 W net.osmand:native: [Native] Memory occupied (Routing context 536 Kb, search 0 Kb)
06-29 12:40:14.185  3472 21200 I net.osmand:native: No route found
06-29 12:40:14.198  3472 21200 I net.osmand: RoutePlannerFrontEnd Native routing took 0.125 seconds
06-29 12:40:14.198  3472 21200 I System.out: ROUTE : 
06-29 12:40:14.198  3472 21200 I net.osmand: RouteResultPreparation <test regions="" description="" best_percent="" vehicle="car" 
06-29 12:40:14.198  3472 21200 I net.osmand:   start_lat="-7.58920" start_lon="-37.54107" target_lat="-0.00070" target_lon="-51.09570"  routing_time="0.00" loadedTiles="19" visitedSegments="2" complete_distance="0.00" complete_time="0.00" >
06-29 12:40:14.198  3472 21200 I System.out: <test regions="" description="" best_percent="" vehicle="car" 
06-29 12:40:14.198  3472 21200 I System.out:   start_lat="-7.58920" start_lon="-37.54107" target_lat="-0.00070" target_lon="-51.09570"  routing_time="0.00" loadedTiles="19" visitedSegments="2" complete_distance="0.00" complete_time="0.00" >
06-29 12:40:14.198  3472 21200 I System.out: </test>
06-29 12:40:14.198  3472 21200 I System.out: <test regions="" description="" best_percent="" vehicle="car" 
06-29 12:40:14.199  3472 21200 I System.out:   start_lat="-7.58920" start_lon="-37.54107" target_lat="-0.00070" target_lon="-51.09570"  routing_time="0.00" loadedTiles="19" visitedSegments="2" complete_distance="0.00" complete_time="0.00" >
06-29 12:40:14.199  3472 21200 I net.osmand: RouteProvider Finding route contained 0 points for 605 ms
06-29 12:40:14.751  3472  3472 I net.osmand: RoutingHelper Recalculate route, because wrong movement direction: 1720687.0
06-29 12:40:14.751  3472  3472 W MaterialProgressBar: Current drawable is not a MaterialProgressDrawable, you may want to set app:mpb_setBothDrawables
06-29 12:40:14.774  3472 21201 I net.osmand: RouteProvider Start finding route from Location[mProvider=gps,mTime=1561826415000,mLatitude=-7.589195000000001,mLongitude=-37.541068333333335,mHasAltitude=false,mAltitude=0.0,mHasSpeed=true,mSpeed=0.0,mHasBearing=true,mBearing=0.0,mHasAccuracy=true,mAccuracy=20.0 to Lat -7.023556E-4 Lon -51.095703 using OsmAnd (offline)
06-29 12:40:14.776  3472 21201 W net.osmand: RouteProvider Use 343 MB Free 2.6484375 of 25.426292 max 384.0
06-29 12:40:15.060  3472  3472 I net.osmand: RoutingHelper Recalculate route, because wrong movement direction: 1720687.0
06-29 12:40:15.289  3472 21201 I net.osmand:native: Start point was found 25957428647 [Native]
06-29 12:40:15.305  3472 21201 I net.osmand:native: End point was found 10426981099 [Native]
06-29 12:40:15.309  3472 21201 W net.osmand:native: [Native] Result visited (visited roads 2, visited segments 1 / 2 , queue sizes 3 / 4 ) 
06-29 12:40:15.310  3472 21201 W net.osmand:native: [Native] Result timing (time to load 0, time to calc 1, loaded tiles 7) 
06-29 12:40:15.310  3472 21201 W net.osmand:native: [Native] Memory occupied (Routing context 171 Kb, search 0 Kb)
06-29 12:40:15.310  3472 21201 I net.osmand:native: No route found
06-29 12:40:15.316  3472 21201 I net.osmand: RoutePlannerFrontEnd Native routing took 0.054 seconds
06-29 12:40:15.316  3472 21201 I System.out: ROUTE : 
06-29 12:40:15.317  3472 21201 I net.osmand: RouteResultPreparation <test regions="" description="" best_percent="" vehicle="car" 
06-29 12:40:15.317  3472 21201 I net.osmand:   start_lat="-7.58920" start_lon="-37.54107" target_lat="-0.00070" target_lon="-51.09570"  routing_time="0.00" loadedTiles="7" visitedSegments="2" complete_distance="0.00" complete_time="0.00" >
06-29 12:40:15.317  3472 21201 I System.out: <test regions="" description="" best_percent="" vehicle="car" 
06-29 12:40:15.317  3472 21201 I System.out:   start_lat="-7.58920" start_lon="-37.54107" target_lat="-0.00070" target_lon="-51.09570"  routing_time="0.00" loadedTiles="7" visitedSegments="2" complete_distance="0.00" complete_time="0.00" >
06-29 12:40:15.318  3472 21201 I System.out: </test>
06-29 12:40:15.318  3472 21201 I System.out: <test regions="" description="" best_percent="" vehicle="car" 
06-29 12:40:15.321  3472 21201 I System.out:   start_lat="-7.58920" start_lon="-37.54107" target_lat="-0.00070" target_lon="-51.09570"  routing_time="0.00" loadedTiles="7" visitedSegments="2" complete_distance="0.00" complete_time="0.00" >
06-29 12:40:15.355  3472 21201 I net.osmand:native: Start point was found 25957571909 [Native]
06-29 12:40:15.384  3472 21201 I net.osmand:native: End point was found 10433840807 [Native]
06-29 12:40:15.386  3472 21201 W net.osmand:native: [Native] Result visited (visited roads 2, visited segments 11 / 0 , queue sizes 17 / 2 ) 
06-29 12:40:15.399  3472 21201 W net.osmand:native: [Native] Result timing (time to load 0, time to calc 1, loaded tiles 19) 
06-29 12:40:15.405  3472 21201 W net.osmand:native: [Native] Memory occupied (Routing context 536 Kb, search 0 Kb)
06-29 12:40:15.406  3472 21201 I net.osmand:native: No route found
06-29 12:40:15.428  3472 21201 I net.osmand: RoutePlannerFrontEnd Native routing took 0.107 seconds
06-29 12:40:15.428  3472 21201 I System.out: ROUTE : 
06-29 12:40:15.428  3472 21201 I net.osmand: RouteResultPreparation <test regions="" description="" best_percent="" vehicle="car" 
06-29 12:40:15.428  3472 21201 I net.osmand:   start_lat="-7.58920" start_lon="-37.54107" target_lat="-0.00070" target_lon="-51.09570"  routing_time="0.00" loadedTiles="19" visitedSegments="2" complete_distance="0.00" complete_time="0.00" >
06-29 12:40:15.430  3472 21201 I System.out: <test regions="" description="" best_percent="" vehicle="car" 
06-29 12:40:15.430  3472 21201 I System.out:   start_lat="-7.58920" start_lon="-37.54107" target_lat="-0.00070" target_lon="-51.09570"  routing_time="0.00" loadedTiles="19" visitedSegments="2" complete_distance="0.00" complete_time="0.00" >
06-29 12:40:15.430  3472 21201 I System.out: </test>
06-29 12:40:15.430  3472 21201 I System.out: <test regions="" description="" best_percent="" vehicle="car" 
06-29 12:40:15.430  3472 21201 I System.out:   start_lat="-7.58920" start_lon="-37.54107" target_lat="-0.00070" target_lon="-51.09570"  routing_time="0.00" loadedTiles="19" visitedSegments="2" complete_distance="0.00" complete_time="0.00" >
06-29 12:40:15.431  3472 21201 I net.osmand: RouteProvider Finding route contained 0 points for 657 ms
06-29 12:40:15.470  3472  3482 I zygote  : Background concurrent copying GC freed 123566(6MB) AllocSpace objects, 43(904KB) LOS objects, 24% free, 18MB/24MB, paused 2.892ms total 419.566ms
06-29 12:40:15.759  3472  3472 I net.osmand: RoutingHelper Recalculate route, because wrong movement direction: 1720687.0
06-29 12:40:15.759  3472  3472 W MaterialProgressBar: Current drawable is not a MaterialProgressDrawable, you may want to set app:mpb_setBothDrawables
06-29 12:40:15.764  3472 21202 I net.osmand: RouteProvider Start finding route from Location[mProvider=gps,mTime=1561826416000,mLatitude=-7.589195000000001,mLongitude=-37.541068333333335,mHasAltitude=false,mAltitude=0.0,mHasSpeed=true,mSpeed=0.0,mHasBearing=true,mBearing=0.0,mHasAccuracy=true,mAccuracy=20.0 to Lat -7.023556E-4 Lon -51.095703 using OsmAnd (offline)
06-29 12:40:15.766  3472 21202 W net.osmand: RouteProvider Use 346 MB Free 5.984375 of 24.908737 max 384.0
06-29 12:40:16.107  3472 21202 I net.osmand:native: Start point was found 25957428647 [Native]
06-29 12:40:16.126  3472 21202 I net.osmand:native: End point was found 10426981099 [Native]
06-29 12:40:16.127  3472 21202 W net.osmand:native: [Native] Result visited (visited roads 2, visited segments 1 / 2 , queue sizes 3 / 4 ) 
06-29 12:40:16.127  3472 21202 W net.osmand:native: [Native] Result timing (time to load 0, time to calc 0, loaded tiles 7) 
06-29 12:40:16.127  3472 21202 W net.osmand:native: [Native] Memory occupied (Routing context 171 Kb, search 0 Kb)
06-29 12:40:16.127  3472 21202 I net.osmand:native: No route found
06-29 12:40:16.137  3472 21202 I net.osmand: RoutePlannerFrontEnd Native routing took 0.055 seconds
06-29 12:40:16.138  3472 21202 I System.out: ROUTE : 
06-29 12:40:16.139  3472 21202 I net.osmand: RouteResultPreparation <test regions="" description="" best_percent="" vehicle="car" 
06-29 12:40:16.139  3472 21202 I net.osmand:   start_lat="-7.58920" start_lon="-37.54107" target_lat="-0.00070" target_lon="-51.09570"  routing_time="0.00" loadedTiles="7" visitedSegments="2" complete_distance="0.00" complete_time="0.00" >
06-29 12:40:16.140  3472 21202 I System.out: <test regions="" description="" best_percent="" vehicle="car" 
06-29 12:40:16.140  3472 21202 I System.out:   start_lat="-7.58920" start_lon="-37.54107" target_lat="-0.00070" target_lon="-51.09570"  routing_time="0.00" loadedTiles="7" visitedSegments="2" complete_distance="0.00" complete_time="0.00" >
06-29 12:40:16.140  3472 21202 I System.out: </test>
06-29 12:40:16.140  3472 21202 I System.out: <test regions="" description="" best_percent="" vehicle="car" 
06-29 12:40:16.140  3472 21202 I System.out:   start_lat="-7.58920" start_lon="-37.54107" target_lat="-0.00070" target_lon="-51.09570"  routing_time="0.00" loadedTiles="7" visitedSegments="2" complete_distance="0.00" complete_time="0.00" >
06-29 12:40:16.205  3472 21202 I net.osmand:native: Start point was found 25957571909 [Native]
06-29 12:40:16.245  3472 21202 I net.osmand:native: End point was found 10433840807 [Native]
06-29 12:40:16.248  3472 21202 W net.osmand:native: [Native] Result visited (visited roads 2, visited segments 11 / 0 , queue sizes 17 / 2 ) 
06-29 12:40:16.248  3472 21202 W net.osmand:native: [Native] Result timing (time to load 0, time to calc 2, loaded tiles 19) 
06-29 12:40:16.248  3472 21202 W net.osmand:native: [Native] Memory occupied (Routing context 536 Kb, search 0 Kb)
06-29 12:40:16.250  3472 21202 I net.osmand:native: No route found
06-29 12:40:16.262  3472 21202 I net.osmand: RoutePlannerFrontEnd Native routing took 0.121 seconds
06-29 12:40:16.262  3472 21202 I System.out: ROUTE : 
06-29 12:40:16.262  3472 21202 I net.osmand: RouteResultPreparation <test regions="" description="" best_percent="" vehicle="car" 
06-29 12:40:16.262  3472 21202 I net.osmand:   start_lat="-7.58920" start_lon="-37.54107" target_lat="-0.00070" target_lon="-51.09570"  routing_time="0.00" loadedTiles="19" visitedSegments="2" complete_distance="0.00" complete_time="0.00" >
06-29 12:40:16.262  3472 21202 I System.out: <test regions="" description="" best_percent="" vehicle="car" 
06-29 12:40:16.264  3472 21202 I System.out:   start_lat="-7.58920" start_lon="-37.54107" target_lat="-0.00070" target_lon="-51.09570"  routing_time="0.00" loadedTiles="19" visitedSegments="2" complete_distance="0.00" complete_time="0.00" >
06-29 12:40:16.264  3472 21202 I System.out: </test>
06-29 12:40:16.264  3472 21202 I System.out: <test regions="" description="" best_percent="" vehicle="car" 
06-29 12:40:16.265  3472 21202 I System.out:   start_lat="-7.58920" start_lon="-37.54107" target_lat="-0.00070" target_lon="-51.09570"  routing_time="0.00" loadedTiles="19" visitedSegments="2" complete_distance="0.00" complete_time="0.00" >
06-29 12:40:16.265  3472 21202 I net.osmand: RouteProvider Finding route contained 0 points for 501 ms
