07-17 17:26:33.626 21823 21823 I chatty  : uid=10104(net.osmand) expire 1 line
07-17 17:26:33.684 21823 21833 I chatty  : uid=10104(net.osmand) HeapTaskDaemon expire 11 lines
07-17 17:26:33.904 10536 10570 I chatty  : uid=1041(audioserver) AudioOut_D expire 35 lines
07-17 17:26:35.391 10541 11931 I chatty  : uid=1041(audioserver) writer expire 74 lines
07-17 17:26:36.043 10586 20372 D NetworkMonitor/NetworkAgentInfo [MOBILE (GPRS) - 104]: PROBE_FALLBACK http://play.googleapis.com/generate_204 Probe failed with exception java.net.UnknownHostException: Unable to resolve host "play.googleapis.com": No address associated with hostname
07-17 17:26:36.044 10586 10660 D ConnectivityService: NetworkAgentInfo [MOBILE (GPRS) - 104] validation failed
07-17 17:26:36.243 10923 10934 I zygote  : Background concurrent copying GC freed 182001(5MB) AllocSpace objects, 0(0B) LOS objects, 41% free, 8MB/14MB, paused 11.063ms total 480.636ms
07-17 17:26:36.330 10586 10595 I zygote  : Background concurrent copying GC freed 44043(1874KB) AllocSpace objects, 0(0B) LOS objects, 13% free, 37MB/43MB, paused 2.559ms total 1.488s
07-17 17:26:37.454  1407  1407 I boot-pipe: done populating /dev/random
07-17 17:26:38.386 10586 14548 I WifiService: acquireWifiLock uid=10014 lockMode=2
07-17 17:26:39.256 10923 10923 I GeofencerStateMachine: sendNewTransitions called.
07-17 17:26:41.394 10586 12210 D WificondControl: Scan result ready event
07-17 17:26:41.613 10586 14388 I WifiService: releaseWifiLock uid=10014
07-17 17:26:42.321 11993 11993 I chatty  : uid=10090(hr.mireo.arthur) expire 11 lines
07-17 17:26:43.429 10586 14388 I WifiService: acquireWifiLock uid=10014 lockMode=2
07-17 17:26:43.625 10586 10712 I WifiService: releaseWifiLock uid=10014
07-17 17:26:44.073 10586 10603 E BatteryExternalStatsWorker: modem info is invalid: ModemActivityInfo{ mTimestamp=0 mSleepTimeMs=0 mIdleTimeMs=0 mTxTimeMs[]=[0, 0, 0, 0, 0] mRxTimeMs=0 mEnergyUsed=0}
07-17 17:26:45.394 10923 10923 I GeofencerStateMachine: sendNewTransitions called.
07-17 17:26:45.996 21823 21833 I chatty  : uid=10104(net.osmand) HeapTaskDaemon expire 10 lines
07-17 17:26:48.452 10586 14388 I WifiService: acquireWifiLock uid=10014 lockMode=2
07-17 17:26:51.478 10586 16754 D WificondControl: Scan result ready event
07-17 17:26:51.544 10923 10923 I GeofencerStateMachine: sendNewTransitions called.
07-17 17:26:51.702 10586 15751 I WifiService: releaseWifiLock uid=10014
07-17 17:26:53.458 11993 11993 I chatty  : uid=10090(hr.mireo.arthur) expire 10 lines
07-17 17:26:53.510 10586 12210 I WifiService: acquireWifiLock uid=10014 lockMode=2
07-17 17:26:53.759 10586 15751 I WifiService: releaseWifiLock uid=10014
07-17 17:26:57.185 10923 10923 I GeofencerStateMachine: sendNewTransitions called.
07-17 17:26:57.712 21823 21833 I chatty  : uid=10104(net.osmand) HeapTaskDaemon expire 11 lines
07-17 17:26:57.715 10586 10595 I zygote  : Background concurrent copying GC freed 36550(1611KB) AllocSpace objects, 0(0B) LOS objects, 13% free, 37MB/43MB, paused 945us total 1.137s
07-17 17:26:58.548 10586 16754 I WifiService: acquireWifiLock uid=10014 lockMode=2
07-17 17:26:58.735 10536 10570 I chatty  : uid=1041(audioserver) AudioOut_D expire 16 lines
07-17 17:26:59.376 10541 11931 I chatty  : uid=1041(audioserver) writer expire 39 lines
07-17 17:26:59.559 10923 10923 I GeofencerStateMachine: sendNewLocationAvailability: availability=LocationAvailability[isLocationAvailable: true]
07-17 17:27:01.564 10586 10597 D WificondControl: Scan result ready event
07-17 17:27:01.746 10586 10597 I WifiService: releaseWifiLock uid=10014
07-17 17:27:02.603 11993 12003 I chatty  : uid=10090(hr.mireo.arthur) HeapTaskDaemon expire 1 line
07-17 17:27:03.229 10923 10923 I GeofencerStateMachine: sendNewTransitions called.
07-17 17:27:03.484 11993 11993 I chatty  : uid=10090(hr.mireo.arthur) expire 11 lines
07-17 17:27:03.597 10586 10597 I WifiService: acquireWifiLock uid=10014 lockMode=2
07-17 17:27:03.692 10586 15751 I WifiService: releaseWifiLock uid=10014
07-17 17:27:06.543 10586 16754 D WificondControl: Scan result ready event
07-17 17:27:09.294 10923 10923 I GeofencerStateMachine: sendNewTransitions called.
07-17 17:27:09.711 21823 21833 I chatty  : uid=10104(net.osmand) HeapTaskDaemon expire 11 lines
07-17 17:27:14.595 11993 11993 I chatty  : uid=10090(hr.mireo.arthur) expire 11 lines
07-17 17:27:15.416 10923 10923 I GeofencerStateMachine: sendNewTransitions called.
07-17 17:27:16.142 10536 10570 I chatty  : uid=1041(audioserver) AudioOut_D expire 15 lines
07-17 17:27:16.861 10541 11931 I chatty  : uid=1041(audioserver) writer expire 24 lines
07-17 17:27:21.056 10923 10923 I GeofencerStateMachine: sendNewTransitions called.
07-17 17:27:21.472 21823 21833 I chatty  : uid=10104(net.osmand) HeapTaskDaemon expire 11 lines
07-17 17:27:22.179 10586 10595 I zygote  : Background concurrent copying GC freed 40009(1715KB) AllocSpace objects, 0(0B) LOS objects, 13% free, 37MB/43MB, paused 1.752ms total 1.113s
07-17 17:27:23.628 10586 10712 I WifiService: acquireWifiLock uid=10014 lockMode=2
07-17 17:27:23.814 10586 12210 I WifiService: releaseWifiLock uid=10014
07-17 17:27:23.879 10586 10599 E memtrack: Couldn't load memtrack module
07-17 17:27:23.880 10586 10599 W android.os.Debug: failed to get memory consumption info: -1
07-17 17:27:24.009 10586 10599 E memtrack: Couldn't load memtrack module
07-17 17:27:24.009 10586 10599 W android.os.Debug: failed to get memory consumption info: -1
07-17 17:27:24.134 10586 10599 E memtrack: Couldn't load memtrack module
07-17 17:27:24.134 10586 10599 W android.os.Debug: failed to get memory consumption info: -1
07-17 17:27:25.655 11993 11993 I chatty  : uid=10090(hr.mireo.arthur) expire 11 lines
07-17 17:27:26.401 10923 10923 I GeofencerStateMachine: sendNewTransitions called.
07-17 17:27:27.140 10541 11931 I chatty  : uid=1041(audioserver) writer expire 33 lines
07-17 17:27:27.169 10536 10570 I chatty  : uid=1041(audioserver) AudioOut_D expire 17 lines
07-17 17:27:29.232 10923 10934 I zygote  : Background concurrent copying GC freed 183352(5MB) AllocSpace objects, 0(0B) LOS objects, 41% free, 8MB/14MB, paused 933us total 170.646ms
07-17 17:27:32.138 10923 10923 I GeofencerStateMachine: sendNewTransitions called.
07-17 17:27:33.635 21823 21823 I chatty  : uid=10104(net.osmand) expire 1 line
07-17 17:27:34.548 21823 21833 I chatty  : uid=10104(net.osmand) HeapTaskDaemon expire 12 lines
07-17 17:27:36.756 11993 11993 I chatty  : uid=10090(hr.mireo.arthur) expire 14 lines
07-17 17:27:37.458  1407  1407 I boot-pipe: done populating /dev/random
07-17 17:27:37.804 27897 27914 I Finsky  : [691] jen.run(3): Stats for Executor: BlockingExecutor jfw@73588bb[Running, pool size = 0, active threads = 0, queued tasks = 0, completed tasks = 16]
07-17 17:27:37.805 27897 27914 I Finsky  : [691] jen.run(3): Stats for Executor: LightweightExecutor jfw@d1661d8[Running, pool size = 2, active threads = 0, queued tasks = 0, completed tasks = 62]
07-17 17:27:38.188 10923 10923 I GeofencerStateMachine: sendNewTransitions called.
07-17 17:27:38.269 11993 12003 I chatty  : uid=10090(hr.mireo.arthur) HeapTaskDaemon expire 1 line
07-17 17:27:38.867 27897 27914 I Finsky  : [691] jen.run(3): Stats for Executor: bgExecutor jfw@967a931[Running, pool size = 4, active threads = 0, queued tasks = 0, completed tasks = 49]
07-17 17:27:40.108 10536 10570 I chatty  : uid=1041(audioserver) AudioOut_D expire 10 lines
07-17 17:27:40.413 10541 11931 I chatty  : uid=1041(audioserver) writer expire 21 lines
07-17 17:27:43.672 10586 10597 I WifiService: acquireWifiLock uid=10014 lockMode=2
07-17 17:27:44.202 10923 10923 I GeofencerStateMachine: sendNewTransitions called.
07-17 17:27:46.694 10586 10712 D WificondControl: Scan result ready event
07-17 17:27:46.770 10586 10712 I WifiService: releaseWifiLock uid=10014
07-17 17:27:47.920 21823 21833 I chatty  : uid=10104(net.osmand) HeapTaskDaemon expire 11 lines
07-17 17:27:48.883 10586 10595 I zygote  : Background concurrent copying GC freed 39762(1683KB) AllocSpace objects, 0(0B) LOS objects, 13% free, 37MB/43MB, paused 2.562ms total 1.001s
07-17 17:27:50.354 10923 10923 I GeofencerStateMachine: sendNewTransitions called.
07-17 17:27:50.668 10536 10570 I chatty  : uid=1041(audioserver) AudioOut_D expire 18 lines
07-17 17:27:50.831 11993 11993 I chatty  : uid=10090(hr.mireo.arthur) expire 12 lines
07-17 17:27:52.242 10541 11931 I chatty  : uid=1041(audioserver) writer expire 34 lines
07-17 17:27:56.429 10923 10923 I GeofencerStateMachine: sendNewTransitions called.
07-17 17:28:00.057 10586 10599 E memtrack: Couldn't load memtrack module
07-17 17:28:00.057 10586 10599 W android.os.Debug: failed to get memory consumption info: -1
07-17 17:28:00.382 10586 10599 E memtrack: Couldn't load memtrack module
07-17 17:28:00.382 10586 10599 W android.os.Debug: failed to get memory consumption info: -1
07-17 17:28:00.392 21823 21833 I chatty  : uid=10104(net.osmand) HeapTaskDaemon expire 13 lines
07-17 17:28:02.214 10923 10923 I GeofencerStateMachine: sendNewTransitions called.
07-17 17:28:02.238 11993 11993 I chatty  : uid=10090(hr.mireo.arthur) expire 12 lines
07-17 17:28:03.727 10586 10712 I WifiService: acquireWifiLock uid=10014 lockMode=2
07-17 17:28:03.849 10586 12210 I WifiService: releaseWifiLock uid=10014
07-17 17:28:04.844 10541 11931 I chatty  : uid=1041(audioserver) writer expire 15 lines
07-17 17:28:04.876 10536 10570 I chatty  : uid=1041(audioserver) AudioOut_D expire 9 lines
07-17 17:28:08.248 10923 10923 I GeofencerStateMachine: sendNewTransitions called.
07-17 17:28:09.990 10923 10934 I zygote  : Background concurrent copying GC freed 195263(6MB) AllocSpace objects, 0(0B) LOS objects, 41% free, 8MB/14MB, paused 13.054ms total 371.285ms
07-17 17:28:14.282 11993 12003 I chatty  : uid=10090(hr.mireo.arthur) HeapTaskDaemon expire 1 line
07-17 17:28:14.332 10923 10923 I GeofencerStateMachine: sendNewTransitions called.
07-17 17:28:14.490 21823 21833 I chatty  : uid=10104(net.osmand) HeapTaskDaemon expire 10 lines
07-17 17:28:15.047 10541 11931 I chatty  : uid=1041(audioserver) writer expire 32 lines
07-17 17:28:15.079 11993 11993 I chatty  : uid=10090(hr.mireo.arthur) expire 10 lines
07-17 17:28:15.451 10536 10570 I chatty  : uid=1041(audioserver) AudioOut_D expire 28 lines
07-17 17:28:17.503 10586 10595 I zygote  : Background concurrent copying GC freed 45132(1857KB) AllocSpace objects, 0(0B) LOS objects, 13% free, 37MB/43MB, paused 1.457ms total 914.909ms
07-17 17:28:20.140 10923 10923 I GeofencerStateMachine: sendNewTransitions called.
07-17 17:28:23.810 10586 14548 I WifiService: acquireWifiLock uid=10014 lockMode=2
07-17 17:28:25.354 10923 10923 I GeofencerStateMachine: sendNewTransitions called.
07-17 17:28:25.548 21823 21833 I chatty  : uid=10104(net.osmand) HeapTaskDaemon expire 11 lines
07-17 17:28:26.018 10541 11931 I chatty  : uid=1041(audioserver) writer expire 40 lines
07-17 17:28:26.161 11993 11993 I chatty  : uid=10090(hr.mireo.arthur) expire 10 lines
07-17 17:28:26.824 10586 15751 D WificondControl: Scan result ready event
07-17 17:28:26.906 27897 27955 E PlayCommon: [717] aeho.d(289): Failed to connect to server: java.net.ConnectException: Failed to connect to play.googleapis.com/172.217.162.106:443
07-17 17:28:26.992 10586 10712 I WifiService: releaseWifiLock uid=10014
07-17 17:28:31.428 10923 10923 I GeofencerStateMachine: sendNewTransitions called.
07-17 17:28:33.644 21823 21823 I chatty  : uid=10104(net.osmand) expire 1 line
07-17 17:28:36.625 21823 21833 I chatty  : uid=10104(net.osmand) HeapTaskDaemon expire 11 lines
07-17 17:28:37.135 10923 10923 I GeofencerStateMachine: sendNewTransitions called.
07-17 17:28:37.458 10536 10570 I chatty  : uid=1041(audioserver) AudioOut_D expire 22 lines
07-17 17:28:37.460  1407  1407 I boot-pipe: done populating /dev/random
07-17 17:28:39.240 11993 11993 I chatty  : uid=10090(hr.mireo.arthur) expire 10 lines
07-17 17:28:40.489 10541 11931 I chatty  : uid=1041(audioserver) writer expire 41 lines
07-17 17:28:42.451 10923 10923 I GeofencerStateMachine: sendNewTransitions called.
07-17 17:28:43.878 10586 15751 I WifiService: acquireWifiLock uid=10014 lockMode=2
07-17 17:28:44.114 10586 15751 I WifiService: releaseWifiLock uid=10014
07-17 17:28:45.177 10586 10595 I zygote  : Background concurrent copying GC freed 44026(1805KB) AllocSpace objects, 0(0B) LOS objects, 13% free, 37MB/43MB, paused 953us total 1.178s
07-17 17:28:48.096 10923 10923 I GeofencerStateMachine: sendNewTransitions called.
07-17 17:28:48.933 21823 21833 I chatty  : uid=10104(net.osmand) HeapTaskDaemon expire 10 lines
07-17 17:28:51.311 11993 11993 I chatty  : uid=10090(hr.mireo.arthur) expire 10 lines
07-17 17:28:53.507 10923 10923 I GeofencerStateMachine: sendNewTransitions called.
07-17 17:28:58.340 10541 11931 I chatty  : uid=1041(audioserver) writer expire 19 lines
07-17 17:28:59.103 10923 10923 I GeofencerStateMachine: sendNewLocationAvailability: availability=LocationAvailability[isLocationAvailable: true]
07-17 17:28:59.239 10923 10923 I GeofencerStateMachine: sendNewTransitions called.
07-17 17:28:59.532 10536 10570 I chatty  : uid=1041(audioserver) AudioOut_D expire 10 lines
07-17 17:28:59.561 21823 21833 I chatty  : uid=10104(net.osmand) HeapTaskDaemon expire 10 lines
07-17 17:29:02.365 11993 11993 I chatty  : uid=10090(hr.mireo.arthur) expire 10 lines
07-17 17:29:03.909 10586 10712 I WifiService: acquireWifiLock uid=10014 lockMode=2
07-17 17:29:05.262 10923 10923 I GeofencerStateMachine: sendNewTransitions called.
07-17 17:29:05.514 10923 10934 I zygote  : Background concurrent copying GC freed 184932(5MB) AllocSpace objects, 0(0B) LOS objects, 41% free, 8MB/14MB, paused 957us total 246.762ms
07-17 17:29:06.946 10586 14548 D WificondControl: Scan result ready event
07-17 17:29:07.047 10586 16754 I WifiService: releaseWifiLock uid=10014
07-17 17:29:08.919 10586 10597 I WifiService: acquireWifiLock uid=10014 lockMode=2
07-17 17:29:09.037 10586 16754 I WifiService: releaseWifiLock uid=10014
07-17 17:29:09.382 10541 11931 I chatty  : uid=1041(audioserver) writer expire 21 lines
07-17 17:29:09.700 10586 10595 I zygote  : Background concurrent copying GC freed 37439(1519KB) AllocSpace objects, 0(0B) LOS objects, 13% free, 37MB/43MB, paused 2.361ms total 696.794ms
07-17 17:29:10.074 21823 21833 I chatty  : uid=10104(net.osmand) HeapTaskDaemon expire 13 lines
07-17 17:29:11.334 10923 10923 I GeofencerStateMachine: sendNewTransitions called.
07-17 17:29:11.665 10536 10570 I chatty  : uid=1041(audioserver) AudioOut_D expire 19 lines
07-17 17:29:14.006 10586 12210 I WifiService: acquireWifiLock uid=10014 lockMode=2
07-17 17:29:14.428 11993 11993 I chatty  : uid=10090(hr.mireo.arthur) expire 22 lines
07-17 17:29:17.077 10586 10712 D WificondControl: Scan result ready event
07-17 17:29:17.201 10586 14548 I WifiService: releaseWifiLock uid=10014
07-17 17:29:17.346 10541 11931 I chatty  : uid=1041(audioserver) writer expire 66 lines
07-17 17:29:17.405 10923 10923 I GeofencerStateMachine: sendNewTransitions called.
07-17 17:29:19.019 10586 16754 I WifiService: acquireWifiLock uid=10014 lockMode=2
07-17 17:29:19.127 10586 12210 I WifiService: releaseWifiLock uid=10014
07-17 17:29:23.487 10923 10923 I GeofencerStateMachine: sendNewTransitions called.
07-17 17:29:24.056 10586 16754 I WifiService: acquireWifiLock uid=10014 lockMode=2
07-17 17:29:24.408 21823 21833 I chatty  : uid=10104(net.osmand) HeapTaskDaemon expire 10 lines
07-17 17:29:27.157 10586 10597 D WificondControl: Scan result ready event
07-17 17:29:27.289 10586 12210 I WifiService: releaseWifiLock uid=10014
07-17 17:29:28.313 10536 10570 I chatty  : uid=1041(audioserver) AudioOut_D expire 24 lines
07-17 17:29:29.079 10586 16754 I WifiService: acquireWifiLock uid=10014 lockMode=2
07-17 17:29:29.104 10923 10923 I GeofencerStateMachine: sendNewTransitions called.
07-17 17:29:29.221 10586 12210 I WifiService: releaseWifiLock uid=10014
07-17 17:29:31.262 10586 10595 I zygote  : Background concurrent copying GC freed 38961(1682KB) AllocSpace objects, 0(0B) LOS objects, 13% free, 37MB/43MB, paused 1.420ms total 947.117ms
07-17 17:29:33.660 21823 21823 I chatty  : uid=10104(net.osmand) expire 1 line
07-17 17:29:34.129 10586 15751 I WifiService: acquireWifiLock uid=10014 lockMode=2
07-17 17:29:35.237 10923 10923 I GeofencerStateMachine: sendNewTransitions called.
07-17 17:29:35.714 21823 21833 I chatty  : uid=10104(net.osmand) HeapTaskDaemon expire 11 lines
07-17 17:29:36.536 11993 11993 I chatty  : uid=10090(hr.mireo.arthur) expire 18 lines
07-17 17:29:37.154 10586 10597 D WificondControl: Scan result ready event
07-17 17:29:37.231 10586 16754 I WifiService: releaseWifiLock uid=10014
07-17 17:29:37.474  1407  1407 I boot-pipe: done populating /dev/random
07-17 17:29:39.212 10586 12210 I WifiService: acquireWifiLock uid=10014 lockMode=2
07-17 17:29:39.422 10586 16754 I WifiService: releaseWifiLock uid=10014
07-17 17:29:41.442 10923 10923 I GeofencerStateMachine: sendNewTransitions called.
07-17 17:29:43.489 11993 12003 I chatty  : uid=10090(hr.mireo.arthur) HeapTaskDaemon expire 1 line
07-17 17:29:44.258 10586 15751 I WifiService: acquireWifiLock uid=10014 lockMode=2
07-17 17:29:45.802 10541 11931 I chatty  : uid=1041(audioserver) writer expire 23 lines
07-17 17:29:47.275 10586 16754 D WificondControl: Scan result ready event
07-17 17:29:47.367 10586 16754 I WifiService: releaseWifiLock uid=10014
07-17 17:29:47.447 10923 10923 I GeofencerStateMachine: sendNewTransitions called.
07-17 17:29:47.875 21823 21833 I chatty  : uid=10104(net.osmand) HeapTaskDaemon expire 10 lines
07-17 17:29:48.148 10536 10570 I chatty  : uid=1041(audioserver) AudioOut_D expire 14 lines
07-17 17:29:49.310 10586 10597 I WifiService: acquireWifiLock uid=10014 lockMode=2
07-17 17:29:49.459 10586 10712 I WifiService: releaseWifiLock uid=10014
07-17 17:29:52.719 10586 10595 I zygote  : Background concurrent copying GC freed 35460(1451KB) AllocSpace objects, 0(0B) LOS objects, 13% free, 37MB/43MB, paused 914us total 773.027ms
07-17 17:29:53.087 10923 10923 I GeofencerStateMachine: sendNewTransitions called.
07-17 17:29:54.340 10586 12210 I WifiService: acquireWifiLock uid=10014 lockMode=2
07-17 17:29:54.623 11993 11993 I chatty  : uid=10090(hr.mireo.arthur) expire 10 lines
07-17 17:29:57.062 10923 10934 I zygote  : Background concurrent copying GC freed 181080(5MB) AllocSpace objects, 0(0B) LOS objects, 41% free, 8MB/14MB, paused 2.167ms total 296.532ms
07-17 17:29:57.401 10586 16754 D WificondControl: Scan result ready event
07-17 17:29:57.543 10586 16754 I WifiService: releaseWifiLock uid=10014
07-17 17:29:57.616 10541 11931 I chatty  : uid=1041(audioserver) writer expire 25 lines
07-17 17:29:58.375 10923 10923 I GeofencerStateMachine: sendNewTransitions called.
07-17 17:29:58.789 10536 10570 I chatty  : uid=1041(audioserver) AudioOut_D expire 13 lines
07-17 17:29:59.485 10923 10923 I GeofencerStateMachine: sendNewLocationAvailability: availability=LocationAvailability[isLocationAvailable: true]
07-17 17:29:59.552 21823 21833 I chatty  : uid=10104(net.osmand) HeapTaskDaemon expire 10 lines
07-17 17:30:00.020 10586 10599 E memtrack: Couldn't load memtrack module
07-17 17:30:00.020 10586 10599 W android.os.Debug: failed to get memory consumption info: -1
07-17 17:30:00.296 10586 10599 E memtrack: Couldn't load memtrack module
07-17 17:30:00.296 10586 10599 W android.os.Debug: failed to get memory consumption info: -1
07-17 17:30:00.499 10586 12210 I WifiService: acquireWifiLock uid=10014 lockMode=2
07-17 17:30:00.744 10586 12210 I WifiService: releaseWifiLock uid=10014
07-17 17:30:04.469 10923 10923 I GeofencerStateMachine: sendNewTransitions called.
07-17 17:30:04.662 11993 11993 I chatty  : uid=10090(hr.mireo.arthur) expire 11 lines
07-17 17:30:06.374 10541 11931 I chatty  : uid=1041(audioserver) writer expire 21 lines
07-17 17:30:08.652 10536 10570 I chatty  : uid=1041(audioserver) AudioOut_D expire 10 lines
07-17 17:30:10.236 10923 10923 I GeofencerStateMachine: sendNewTransitions called.
07-17 17:30:10.339 21823 21833 I chatty  : uid=10104(net.osmand) HeapTaskDaemon expire 10 lines
07-17 17:30:15.768 11993 11993 I chatty  : uid=10090(hr.mireo.arthur) expire 15 lines
07-17 17:30:15.912 10536 10570 I chatty  : uid=1041(audioserver) AudioOut_D expire 14 lines
07-17 17:30:16.267 10923 10923 I GeofencerStateMachine: sendNewTransitions called.
07-17 17:30:16.278 10586 10595 I zygote  : Background concurrent copying GC freed 39021(1612KB) AllocSpace objects, 0(0B) LOS objects, 13% free, 37MB/43MB, paused 1.043ms total 1.101s
07-17 17:30:17.447 10541 11931 I chatty  : uid=1041(audioserver) writer expire 35 lines
07-17 17:30:18.945 11993 12003 I chatty  : uid=10090(hr.mireo.arthur) HeapTaskDaemon expire 1 line
07-17 17:30:20.540 10586 10597 I WifiService: acquireWifiLock uid=10014 lockMode=2
07-17 17:30:21.003 21823 21833 I chatty  : uid=10104(net.osmand) HeapTaskDaemon expire 12 lines
07-17 17:30:22.098 10923 10923 I GeofencerStateMachine: sendNewTransitions called.
07-17 17:30:23.585 10586 10712 D WificondControl: Scan result ready event
07-17 17:30:23.697 10586 12210 I WifiService: releaseWifiLock uid=10014
07-17 17:30:27.312 10923 10923 I GeofencerStateMachine: sendNewTransitions called.
07-17 17:30:28.840 10536 10570 I chatty  : uid=1041(audioserver) AudioOut_D expire 17 lines
07-17 17:30:30.995 11993 11993 I chatty  : uid=10090(hr.mireo.arthur) expire 11 lines
07-17 17:30:32.592 10541 11931 I chatty  : uid=1041(audioserver) writer expire 29 lines
07-17 17:30:32.615 10586 10603 E BatteryExternalStatsWorker: modem info is invalid: ModemActivityInfo{ mTimestamp=0 mSleepTimeMs=0 mIdleTimeMs=0 mTxTimeMs[]=[0, 0, 0, 0, 0] mRxTimeMs=0 mEnergyUsed=0}
07-17 17:30:33.438 10923 10923 I GeofencerStateMachine: sendNewTransitions called.
07-17 17:30:33.689 21823 21823 I chatty  : uid=10104(net.osmand) expire 1 line
07-17 17:30:33.801 21823 21833 I chatty  : uid=10104(net.osmand) HeapTaskDaemon expire 11 lines
07-17 17:30:37.479  1407  1407 I boot-pipe: done populating /dev/random
07-17 17:30:37.807 27897 27914 I Finsky  : [691] jen.run(3): Stats for Executor: BlockingExecutor jfw@73588bb[Running, pool size = 0, active threads = 0, queued tasks = 0, completed tasks = 16]
07-17 17:30:37.812 27897 27914 I Finsky  : [691] jen.run(3): Stats for Executor: LightweightExecutor jfw@d1661d8[Running, pool size = 2, active threads = 0, queued tasks = 0, completed tasks = 62]
07-17 17:30:38.871 27897 27914 I Finsky  : [691] jen.run(3): Stats for Executor: bgExecutor jfw@967a931[Running, pool size = 4, active threads = 0, queued tasks = 0, completed tasks = 50]
07-17 17:30:39.132 10536 10570 I chatty  : uid=1041(audioserver) AudioOut_D expire 17 lines
07-17 17:30:39.252 10923 10923 I GeofencerStateMachine: sendNewTransitions called.
07-17 17:30:40.570 10586 15751 I WifiService: acquireWifiLock uid=10014 lockMode=2
07-17 17:30:40.754 10586 12210 I WifiService: releaseWifiLock uid=10014
07-17 17:30:41.403 10586 15751 I zygote  : IncrementDisableThreadFlip blocked for 8.346ms
07-17 17:30:42.069 11993 11993 I chatty  : uid=10090(hr.mireo.arthur) expire 11 lines
07-17 17:30:42.449 10586 10595 I zygote  : Background concurrent copying GC freed 46416(1902KB) AllocSpace objects, 0(0B) LOS objects, 13% free, 37MB/43MB, paused 1.132ms total 1.052s
07-17 17:30:44.046 10541 11931 I chatty  : uid=1041(audioserver) writer expire 26 lines
07-17 17:30:45.240 10923 10923 I GeofencerStateMachine: sendNewTransitions called.
07-17 17:30:46.243 21823 21833 I chatty  : uid=10104(net.osmand) HeapTaskDaemon expire 11 lines
07-17 17:30:51.333 10923 10923 I GeofencerStateMachine: sendNewTransitions called.
07-17 17:30:52.435 10923 10934 I zygote  : Background concurrent copying GC freed 187611(6MB) AllocSpace objects, 0(0B) LOS objects, 41% free, 8MB/14MB, paused 915us total 316.730ms
07-17 17:30:53.150 11993 11993 I chatty  : uid=10090(hr.mireo.arthur) expire 13 lines
07-17 17:30:54.196 11993 12003 I chatty  : uid=10090(hr.mireo.arthur) HeapTaskDaemon expire 1 line
07-17 17:30:55.424 10541 11931 I chatty  : uid=1041(audioserver) writer expire 37 lines
07-17 17:30:55.457 10536 10570 I chatty  : uid=1041(audioserver) AudioOut_D expire 20 lines
07-17 17:30:57.429 10923 10923 I GeofencerStateMachine: sendNewTransitions called.
07-17 17:30:58.367 21823 21833 I chatty  : uid=10104(net.osmand) HeapTaskDaemon expire 11 lines
07-17 17:31:00.586 10586 10712 I WifiService: acquireWifiLock uid=10014 lockMode=2
07-17 17:31:03.145 10923 10923 I GeofencerStateMachine: sendNewTransitions called.
07-17 17:31:03.642 10586 14548 D WificondControl: Scan result ready event
07-17 17:31:03.754 10586 10597 I WifiService: releaseWifiLock uid=10014
07-17 17:31:08.469 11993 11993 I chatty  : uid=10090(hr.mireo.arthur) expire 11 lines
07-17 17:31:09.208 10923 10923 I GeofencerStateMachine: sendNewTransitions called.
07-17 17:31:09.566 10541 11931 I chatty  : uid=1041(audioserver) writer expire 39 lines
07-17 17:31:09.594 10536 10570 I chatty  : uid=1041(audioserver) AudioOut_D expire 17 lines
07-17 17:31:10.280 10586 10599 I zygote  : IncrementDisableThreadFlip blocked for 5.104ms
07-17 17:31:10.328 21823 21833 I chatty  : uid=10104(net.osmand) HeapTaskDaemon expire 11 lines
07-17 17:31:10.895 10586 10595 I zygote  : Background concurrent copying GC freed 47170(1932KB) AllocSpace objects, 0(0B) LOS objects, 13% free, 37MB/43MB, paused 989us total 619.727ms
07-17 17:31:11.634 29962 29990 E PlayCommon: [787] ServerTimestampFetcher.queryServerTimestamp: Failed to connect to server for server timestamp: java.net.ConnectException: Failed to connect to play.googleapis.com/172.217.162.106:443
07-17 17:31:15.260 10923 10923 I GeofencerStateMachine: sendNewTransitions called.
07-17 17:31:16.785 29962 29972 W zygote  : Suspending all threads took: 6.918ms
07-17 17:31:19.558 11993 11993 I chatty  : uid=10090(hr.mireo.arthur) expire 12 lines
07-17 17:31:20.315 10923 10923 I GeofencerStateMachine: sendNewTransitions called.
07-17 17:31:20.572 10536 10570 I chatty  : uid=1041(audioserver) AudioOut_D expire 12 lines
07-17 17:31:20.631 10586 14388 I WifiService: acquireWifiLock uid=10014 lockMode=2
07-17 17:31:20.804 10586 14388 I WifiService: releaseWifiLock uid=10014
07-17 17:31:20.949 10541 11931 I chatty  : uid=1041(audioserver) writer expire 31 lines
07-17 17:31:24.061 21823 21833 I chatty  : uid=10104(net.osmand) HeapTaskDaemon expire 9 lines
07-17 17:31:26.338 10923 10923 I GeofencerStateMachine: sendNewTransitions called.
07-17 17:31:30.848 29240 29250 W zygote  : Suspending all threads took: 8.799ms
07-17 17:31:31.594 11993 11993 I chatty  : uid=10090(hr.mireo.arthur) expire 11 lines
07-17 17:31:32.360 10923 10923 I GeofencerStateMachine: sendNewTransitions called.
07-17 17:31:33.142 10536 10570 I chatty  : uid=1041(audioserver) AudioOut_D expire 17 lines
07-17 17:31:33.467 10541 11931 I chatty  : uid=1041(audioserver) writer expire 34 lines
07-17 17:31:33.775 21823 21823 I chatty  : uid=10104(net.osmand) expire 1 line
07-17 17:31:34.172 21823 21833 I chatty  : uid=10104(net.osmand) HeapTaskDaemon expire 14 lines
07-17 17:31:37.399 10923 10923 I GeofencerStateMachine: sendNewTransitions called.
07-17 17:31:37.485  1407  1407 I boot-pipe: done populating /dev/random
07-17 17:31:38.349 10586 10595 I zygote  : Background concurrent copying GC freed 44984(1863KB) AllocSpace objects, 0(0B) LOS objects, 13% free, 37MB/43MB, paused 1.557ms total 661.371ms
07-17 17:31:40.663 10586 15751 I WifiService: acquireWifiLock uid=10014 lockMode=2
07-17 17:31:42.674 11993 11993 I chatty  : uid=10090(hr.mireo.arthur) expire 16 lines
07-17 17:31:43.069 10923 10923 I GeofencerStateMachine: sendNewTransitions called.
07-17 17:31:43.694 10680 10680 I wpa_supplicant: nl80211: send_and_recv->nl_recvmsgs failed: -33
07-17 17:31:43.695 10586 10712 D WificondControl: Scan result ready event
07-17 17:31:43.819 10586 10712 I WifiService: releaseWifiLock uid=10014
07-17 17:31:46.138 10536 10570 I chatty  : uid=1041(audioserver) AudioOut_D expire 9 lines
07-17 17:31:47.237 10541 11931 I chatty  : uid=1041(audioserver) writer expire 28 lines
07-17 17:31:47.568 11993 12003 I chatty  : uid=10090(hr.mireo.arthur) HeapTaskDaemon expire 1 line
07-17 17:31:48.417 10923 10923 I GeofencerStateMachine: sendNewTransitions called.
07-17 17:31:48.700 10923 10934 I zygote  : Background concurrent copying GC freed 187219(5MB) AllocSpace objects, 0(0B) LOS objects, 41% free, 8MB/14MB, paused 1.291ms total 271.246ms
07-17 17:31:48.905 21823 21833 I chatty  : uid=10104(net.osmand) HeapTaskDaemon expire 10 lines
07-17 17:31:53.014 10536 10570 I chatty  : uid=1041(audioserver) AudioOut_D expire 9 lines
07-17 17:31:53.480 10923 10923 I GeofencerStateMachine: sendNewTransitions called.
07-17 17:31:53.676 10541 11931 I chatty  : uid=1041(audioserver) writer expire 13 lines
07-17 17:31:58.828 11993 11993 I chatty  : uid=10090(hr.mireo.arthur) expire 10 lines
07-17 17:31:59.164 10923 10923 I GeofencerStateMachine: sendNewTransitions called.
07-17 17:31:59.694 21823 21833 I chatty  : uid=10104(net.osmand) HeapTaskDaemon expire 10 lines
07-17 17:31:59.886 10541 11931 I chatty  : uid=1041(audioserver) writer expire 61 lines
07-17 17:31:59.916 10536 10570 I chatty  : uid=1041(audioserver) AudioOut_D expire 30 lines
07-17 17:32:00.069 10923 10923 I GeofencerStateMachine: sendNewLocationAvailability: availability=LocationAvailability[isLocationAvailable: true]
07-17 17:32:00.116 10586 10599 E memtrack: Couldn't load memtrack module
07-17 17:32:00.117 10586 10599 W android.os.Debug: failed to get memory consumption info: -1
07-17 17:32:00.329 10586 10599 E memtrack: Couldn't load memtrack module
07-17 17:32:00.329 10586 10599 W android.os.Debug: failed to get memory consumption info: -1
07-17 17:32:00.700 10586 14388 I WifiService: acquireWifiLock uid=10014 lockMode=2
07-17 17:32:01.036 10586 10597 I WifiService: releaseWifiLock uid=10014
07-17 17:32:01.853 10586 10595 I zygote  : Background concurrent copying GC freed 35868(1511KB) AllocSpace objects, 0(0B) LOS objects, 13% free, 37MB/43MB, paused 2.104ms total 1.061s
07-17 17:32:04.530 10923 10923 I GeofencerStateMachine: sendNewTransitions called.
07-17 17:32:05.738 10586 14388 I WifiService: acquireWifiLock uid=10014 lockMode=2
07-17 17:32:08.735 10586 14388 D WificondControl: Scan result ready event
07-17 17:32:08.933 10586 15751 I WifiService: releaseWifiLock uid=10014
07-17 17:32:08.979 11993 11993 I chatty  : uid=10090(hr.mireo.arthur) expire 10 lines
07-17 17:32:10.230 10923 10923 I GeofencerStateMachine: sendNewTransitions called.
07-17 17:32:10.789 10586 14548 I WifiService: acquireWifiLock uid=10014 lockMode=2
07-17 17:32:10.955 10586 10597 I WifiService: releaseWifiLock uid=10014
07-17 17:32:11.289 21823 21833 I chatty  : uid=10104(net.osmand) HeapTaskDaemon expire 10 lines
07-17 17:32:15.822 10586 16754 I WifiService: acquireWifiLock uid=10014 lockMode=2
07-17 17:32:16.355 10923 10923 I GeofencerStateMachine: sendNewTransitions called.
07-17 17:32:18.875 10586 14548 D WificondControl: Scan result ready event
07-17 17:32:19.023 10586 14388 I WifiService: releaseWifiLock uid=10014
07-17 17:32:19.067 11993 11993 I chatty  : uid=10090(hr.mireo.arthur) expire 11 lines
07-17 17:32:20.471 10541 11931 I chatty  : uid=1041(audioserver) writer expire 29 lines
07-17 17:32:20.844 10586 10597 I WifiService: acquireWifiLock uid=10014 lockMode=2
07-17 17:32:21.110 10586 10597 I WifiService: releaseWifiLock uid=10014
07-17 17:32:21.968 10536 10570 I chatty  : uid=1041(audioserver) AudioOut_D expire 11 lines
07-17 17:32:22.207 10923 10923 I GeofencerStateMachine: sendNewTransitions called.
07-17 17:32:22.668 21823 21833 I chatty  : uid=10104(net.osmand) HeapTaskDaemon expire 10 lines
07-17 17:32:24.012 10586 10595 I zygote  : Background concurrent copying GC freed 41691(1731KB) AllocSpace objects, 0(0B) LOS objects, 13% free, 37MB/43MB, paused 1.625ms total 890.160ms
07-17 17:32:25.901 10586 16754 I WifiService: acquireWifiLock uid=10014 lockMode=2
07-17 17:32:25.955 29962 29990 E PlayCommon: [787] PlayEventLogger.uploadLog: Failed to connect to server: java.net.ConnectException: Failed to connect to play.googleapis.com/172.217.28.10:443
07-17 17:32:27.315 10923 10923 I GeofencerStateMachine: sendNewTransitions called.
07-17 17:32:28.872 10586 15751 D WificondControl: Scan result ready event
07-17 17:32:29.060 10586 10597 I WifiService: releaseWifiLock uid=10014
07-17 17:32:30.119 11993 11993 I chatty  : uid=10090(hr.mireo.arthur) expire 10 lines
07-17 17:32:30.137 10536 10570 I chatty  : uid=1041(audioserver) AudioOut_D expire 17 lines
07-17 17:32:30.952 10541 11931 I chatty  : uid=1041(audioserver) writer expire 30 lines
07-17 17:32:30.994 10586 16754 I WifiService: acquireWifiLock uid=10014 lockMode=2
07-17 17:32:31.142 10586 10597 I WifiService: releaseWifiLock uid=10014
07-17 17:32:33.307 10923 10923 I GeofencerStateMachine: sendNewTransitions called.
07-17 17:32:33.797 21823 21823 I chatty  : uid=10104(net.osmand) expire 1 line
07-17 17:32:33.977 21823 21833 I chatty  : uid=10104(net.osmand) HeapTaskDaemon expire 10 lines
07-17 17:32:36.035 10586 14548 I WifiService: acquireWifiLock uid=10014 lockMode=2
07-17 17:32:37.487  1407  1407 I boot-pipe: done populating /dev/random
07-17 17:32:39.083 10586 14548 D WificondControl: Scan result ready event
07-17 17:32:39.249 10586 16754 I WifiService: releaseWifiLock uid=10014
07-17 17:32:39.372 10923 10923 I GeofencerStateMachine: sendNewTransitions called.
07-17 17:32:40.517 10923 10934 I zygote  : Background concurrent copying GC freed 183346(5MB) AllocSpace objects, 0(0B) LOS objects, 41% free, 8MB/14MB, paused 2.411ms total 341.393ms
07-17 17:32:41.056 10586 10712 I WifiService: acquireWifiLock uid=10014 lockMode=2
07-17 17:32:41.178 10586 14548 I WifiService: releaseWifiLock uid=10014
07-17 17:32:41.248 10541 11931 I chatty  : uid=1041(audioserver) writer expire 39 lines
07-17 17:32:41.282 10536 10570 I chatty  : uid=1041(audioserver) AudioOut_D expire 21 lines
07-17 17:32:41.370 11993 11993 I chatty  : uid=10090(hr.mireo.arthur) expire 12 lines
07-17 17:32:41.455 10923 30384 E WakeLock: GCM_HB_ALARM release without a matched acquire!
07-17 17:32:41.455 10923 30384 W WakeLock: GCM_HB_ALARM counter does not exist
07-17 17:32:41.486 11993 12003 I chatty  : uid=10090(hr.mireo.arthur) HeapTaskDaemon expire 1 line
07-17 17:32:44.421 10923 10923 I GeofencerStateMachine: sendNewTransitions called.
07-17 17:32:45.267 10586 10595 I zygote  : Background concurrent copying GC freed 40664(1689KB) AllocSpace objects, 0(0B) LOS objects, 13% free, 37MB/43MB, paused 3.141ms total 889.255ms
07-17 17:32:45.879 21823 21833 I chatty  : uid=10104(net.osmand) HeapTaskDaemon expire 10 lines
07-17 17:32:46.095 10586 15751 I WifiService: acquireWifiLock uid=10014 lockMode=2
07-17 17:32:49.135 10586 12210 D WificondControl: Scan result ready event
07-17 17:32:49.221 10586 10597 I WifiService: releaseWifiLock uid=10014
07-17 17:32:50.427 10923 10923 I GeofencerStateMachine: sendNewTransitions called.
07-17 17:32:51.108 10586 10712 I WifiService: acquireWifiLock uid=10014 lockMode=2
07-17 17:32:51.275 10586 12210 I WifiService: releaseWifiLock uid=10014
07-17 17:32:55.367 11993 11993 I chatty  : uid=10090(hr.mireo.arthur) expire 11 lines
07-17 17:32:55.681 10541 11931 I chatty  : uid=1041(audioserver) writer expire 27 lines
07-17 17:32:56.130 10923 10923 I GeofencerStateMachine: sendNewTransitions called.
07-17 17:32:56.174 10586 10597 I WifiService: acquireWifiLock uid=10014 lockMode=2
07-17 17:32:56.191 21823 21833 I chatty  : uid=10104(net.osmand) HeapTaskDaemon expire 11 lines
07-17 17:32:56.480 10536 10570 I chatty  : uid=1041(audioserver) AudioOut_D expire 16 lines
07-17 17:32:59.223 10586 15751 D WificondControl: Scan result ready event
07-17 17:32:59.338 10586 10712 I WifiService: releaseWifiLock uid=10014
07-17 17:33:00.401 10923 10923 I GeofencerStateMachine: sendNewLocationAvailability: availability=LocationAvailability[isLocationAvailable: true]
07-17 17:33:01.433 10923 10923 I GeofencerStateMachine: sendNewTransitions called.
07-17 17:33:01.487 10586 15751 I WifiService: acquireWifiLock uid=10014 lockMode=2
07-17 17:33:01.608 10586 16754 I WifiService: releaseWifiLock uid=10014
07-17 17:33:04.385 10586 12210 I zygote  : IncrementDisableThreadFlip blocked for 5.213ms
07-17 17:33:05.222 10586 10595 I zygote  : Background concurrent copying GC freed 37835(1592KB) AllocSpace objects, 0(0B) LOS objects, 13% free, 37MB/43MB, paused 4.604ms total 841.683ms
07-17 17:33:06.032 10541 11931 I chatty  : uid=1041(audioserver) writer expire 17 lines
07-17 17:33:06.444 11993 11993 I chatty  : uid=10090(hr.mireo.arthur) expire 10 lines
07-17 17:33:07.177 10923 10923 I GeofencerStateMachine: sendNewTransitions called.
07-17 17:33:07.794 10536 10570 I chatty  : uid=1041(audioserver) AudioOut_D expire 11 lines
07-17 17:33:08.031 21823 21833 I chatty  : uid=10104(net.osmand) HeapTaskDaemon expire 10 lines
07-17 17:33:12.425 10923 10923 I GeofencerStateMachine: sendNewTransitions called.
07-17 17:33:13.880 10541 11931 I chatty  : uid=1041(audioserver) writer expire 43 lines
07-17 17:33:16.663 11993 11993 I chatty  : uid=10090(hr.mireo.arthur) expire 11 lines
07-17 17:33:18.044 10536 10570 I chatty  : uid=1041(audioserver) AudioOut_D expire 14 lines
07-17 17:33:18.436 10923 10923 I GeofencerStateMachine: sendNewTransitions called.
07-17 17:33:18.725 21823 21833 I chatty  : uid=10104(net.osmand) HeapTaskDaemon expire 11 lines
07-17 17:33:21.525 10586 15751 I WifiService: acquireWifiLock uid=10014 lockMode=2
07-17 17:33:21.537 10923 30386 E WakeLock: GCM_HB_ALARM release without a matched acquire!
07-17 17:33:21.537 10923 30386 W WakeLock: GCM_HB_ALARM counter does not exist
07-17 17:33:21.543 10923 30386 W WakeLock: GCM_CONN_ALARM counter does not exist
07-17 17:33:24.253 10923 10923 I GeofencerStateMachine: sendNewTransitions called.
07-17 17:33:24.524 10586 16754 D WificondControl: Scan result ready event
07-17 17:33:24.716 10586 14388 I WifiService: releaseWifiLock uid=10014
07-17 17:33:27.005 27897 27955 I PlayCommon: [717] aeho.d(23): Preparing logs for uploading
07-17 17:33:27.048 27897 27955 I PlayCommon: [717] aeho.d(216): Connecting to server for timestamp: https://play.googleapis.com/play/log/timestamp
07-17 17:33:27.658 11993 11993 I chatty  : uid=10090(hr.mireo.arthur) expire 9 lines
07-17 17:33:28.315 10541 11931 I chatty  : uid=1041(audioserver) writer expire 26 lines
07-17 17:33:29.467 10536 10570 I chatty  : uid=1041(audioserver) AudioOut_D expire 13 lines
07-17 17:33:30.337 10923 10923 I GeofencerStateMachine: sendNewTransitions called.
07-17 17:33:30.444 21823 21833 I chatty  : uid=10104(net.osmand) HeapTaskDaemon expire 3 lines
07-17 17:33:33.823 21823 21823 I chatty  : uid=10104(net.osmand) expire 1 line
07-17 17:33:33.869 10586 10595 I zygote  : Background concurrent copying GC freed 46509(1873KB) AllocSpace objects, 0(0B) LOS objects, 13% free, 37MB/43MB, paused 1.547ms total 960.196ms
07-17 17:33:33.955 21823 21833 I chatty  : uid=10104(net.osmand) HeapTaskDaemon expire 12 lines
07-17 17:33:34.403 10923 10934 I zygote  : Background concurrent copying GC freed 185081(6MB) AllocSpace objects, 0(0B) LOS objects, 41% free, 8MB/14MB, paused 3.689ms total 100.300ms
07-17 17:33:34.944 11993 12003 I chatty  : uid=10090(hr.mireo.arthur) HeapTaskDaemon expire 1 line
07-17 17:33:36.315 10923 10923 I GeofencerStateMachine: sendNewTransitions called.
07-17 17:33:36.676 11993 11993 I chatty  : uid=10090(hr.mireo.arthur) expire 11 lines
07-17 17:33:37.488  1407  1407 I boot-pipe: done populating /dev/random
07-17 17:33:37.812 27897 27914 I Finsky  : [691] jen.run(3): Stats for Executor: BlockingExecutor jfw@73588bb[Running, pool size = 0, active threads = 0, queued tasks = 0, completed tasks = 16]
07-17 17:33:37.816 27897 27914 I Finsky  : [691] jen.run(3): Stats for Executor: LightweightExecutor jfw@d1661d8[Running, pool size = 2, active threads = 0, queued tasks = 0, completed tasks = 62]
07-17 17:33:38.873 27897 27914 I Finsky  : [691] jen.run(3): Stats for Executor: bgExecutor jfw@967a931[Running, pool size = 4, active threads = 0, queued tasks = 0, completed tasks = 50]
07-17 17:33:39.020 10541 11931 I chatty  : uid=1041(audioserver) writer expire 26 lines
07-17 17:33:41.326 10536 10570 I chatty  : uid=1041(audioserver) AudioOut_D expire 17 lines
07-17 17:33:41.361 10923 10923 I GeofencerStateMachine: sendNewTransitions called.
07-17 17:33:41.785 10586 10712 I WifiService: acquireWifiLock uid=10014 lockMode=2
07-17 17:33:42.024 10586 10712 I WifiService: releaseWifiLock uid=10014
07-17 17:33:47.166 10923 10923 I GeofencerStateMachine: sendNewTransitions called.
07-17 17:33:47.737 21823 21833 I chatty  : uid=10104(net.osmand) HeapTaskDaemon expire 10 lines
07-17 17:33:47.750 11993 11993 I chatty  : uid=10090(hr.mireo.arthur) expire 11 lines
07-17 17:33:49.596 10541 11931 I chatty  : uid=1041(audioserver) writer expire 86 lines
07-17 17:33:51.609 10536 10570 I chatty  : uid=1041(audioserver) AudioOut_D expire 38 lines
07-17 17:33:52.367 10923 10923 I GeofencerStateMachine: sendNewTransitions called.
07-17 17:33:58.153 10923 10923 I GeofencerStateMachine: sendNewTransitions called.
07-17 17:33:58.880 11993 11993 I chatty  : uid=10090(hr.mireo.arthur) expire 11 lines
07-17 17:33:59.790 21823 21833 I chatty  : uid=10104(net.osmand) HeapTaskDaemon expire 14 lines
07-17 17:34:00.161 10586 10599 E memtrack: Couldn't load memtrack module
07-17 17:34:00.162 10586 10599 W android.os.Debug: failed to get memory consumption info: -1
07-17 17:34:00.272 10686 10707 I zygote  : Background concurrent copying GC freed 146520(5MB) AllocSpace objects, 0(0B) LOS objects, 48% free, 6MB/12MB, paused 10.660ms total 226.365ms
07-17 17:34:00.344 10586 10595 I zygote  : Background concurrent copying GC freed 41619(1691KB) AllocSpace objects, 0(0B) LOS objects, 13% free, 38MB/44MB, paused 1.176ms total 1.118s
07-17 17:34:00.448 10586 10599 E memtrack: Couldn't load memtrack module
07-17 17:34:00.448 10586 10599 W android.os.Debug: failed to get memory consumption info: -1
07-17 17:34:01.810 10586 15751 I WifiService: acquireWifiLock uid=10014 lockMode=2
07-17 17:34:04.291 10923 10923 I GeofencerStateMachine: sendNewTransitions called.
07-17 17:34:04.805 10586 14548 D WificondControl: Scan result ready event
07-17 17:34:05.045 10586 12210 I WifiService: releaseWifiLock uid=10014
07-17 17:34:09.388 10923 10923 I GeofencerStateMachine: sendNewTransitions called.
07-17 17:34:10.006 11993 11993 I chatty  : uid=10090(hr.mireo.arthur) expire 12 lines
07-17 17:34:10.379 11993 12003 I chatty  : uid=10090(hr.mireo.arthur) HeapTaskDaemon expire 1 line
07-17 17:34:14.492 10923 10923 I GeofencerStateMachine: sendNewTransitions called.
07-17 17:34:15.544 21823 21833 I chatty  : uid=10104(net.osmand) HeapTaskDaemon expire 11 lines
07-17 17:34:19.122 10541 11931 I chatty  : uid=1041(audioserver) writer expire 71 lines
07-17 17:34:19.159 27897 27955 E PlayCommon: [717] aeho.d(310): Failed to connect to server for server timestamp: java.net.ConnectException: Failed to connect to play.googleapis.com/172.217.28.10:443
07-17 17:34:19.161 27897 27955 I PlayCommon: [717] aeho.d(125): Connecting to server: https://play.googleapis.com/play/log?format=raw&proto_v2=true
07-17 17:34:20.330 10923 10923 I GeofencerStateMachine: sendNewTransitions called.
07-17 17:34:20.420 10536 10570 I chatty  : uid=1041(audioserver) AudioOut_D expire 19 lines
07-17 17:34:21.879 10586 16754 I WifiService: acquireWifiLock uid=10014 lockMode=2
07-17 17:34:22.067 11993 11993 I chatty  : uid=10090(hr.mireo.arthur) expire 11 lines
07-17 17:34:22.157 10586 10599 E memtrack: Couldn't load memtrack module
07-17 17:34:22.157 10586 10599 W android.os.Debug: failed to get memory consumption info: -1
07-17 17:34:22.158 10586 14548 I WifiService: releaseWifiLock uid=10014
07-17 17:34:25.417 10923 10923 I GeofencerStateMachine: sendNewTransitions called.
07-17 17:34:26.262 10586 10595 I zygote  : Background concurrent copying GC freed 42034(1714KB) AllocSpace objects, 0(0B) LOS objects, 13% free, 38MB/44MB, paused 1.528ms total 880.515ms
07-17 17:34:29.692 10923 10934 I zygote  : Background concurrent copying GC freed 184991(5MB) AllocSpace objects, 0(0B) LOS objects, 41% free, 8MB/14MB, paused 2.028ms total 253.603ms
07-17 17:34:30.291 21823 21833 I chatty  : uid=10104(net.osmand) HeapTaskDaemon expire 6 lines
07-17 17:34:30.599 10923 10923 I GeofencerStateMachine: sendNewTransitions called.
07-17 17:34:33.824 21823 21823 I chatty  : uid=10104(net.osmand) expire 1 line
07-17 17:34:34.152 11993 11993 I chatty  : uid=10090(hr.mireo.arthur) expire 10 lines
07-17 17:34:34.514 10536 10570 I chatty  : uid=1041(audioserver) AudioOut_D expire 14 lines
07-17 17:34:35.149 10541 11931 I chatty  : uid=1041(audioserver) writer expire 37 lines
07-17 17:34:36.177 10923 10923 I GeofencerStateMachine: sendNewTransitions called.
07-17 17:34:36.932 21823 21833 I chatty  : uid=10104(net.osmand) HeapTaskDaemon expire 11 lines
07-17 17:34:37.490  1407  1407 I boot-pipe: done populating /dev/random
07-17 17:34:41.331 10923 10923 I GeofencerStateMachine: sendNewTransitions called.
07-17 17:34:41.913 10586 14548 I WifiService: acquireWifiLock uid=10014 lockMode=2
07-17 17:34:45.047 10586 14548 D WificondControl: Scan result ready event
07-17 17:34:45.178 10586 10712 I WifiService: releaseWifiLock uid=10014
07-17 17:34:45.468 10536 10570 I chatty  : uid=1041(audioserver) AudioOut_D expire 27 lines
07-17 17:34:45.941 10541 11931 I chatty  : uid=1041(audioserver) writer expire 67 lines
07-17 17:34:46.567 11993 12003 I chatty  : uid=10090(hr.mireo.arthur) HeapTaskDaemon expire 1 line
07-17 17:34:47.185 10923 10923 I GeofencerStateMachine: sendNewTransitions called.
07-17 17:34:47.324 11993 11993 I chatty  : uid=10090(hr.mireo.arthur) expire 10 lines
07-17 17:34:49.521 21823 21833 I chatty  : uid=10104(net.osmand) HeapTaskDaemon expire 10 lines
07-17 17:34:52.410 10923 10923 I GeofencerStateMachine: sendNewTransitions called.
07-17 17:34:55.408 10586 10595 I zygote  : Background concurrent copying GC freed 45518(1867KB) AllocSpace objects, 0(0B) LOS objects, 13% free, 38MB/44MB, paused 11.197ms total 979.548ms
07-17 17:34:57.475 10923 10923 I GeofencerStateMachine: sendNewTransitions called.
07-17 17:34:59.441 11993 11993 I chatty  : uid=10090(hr.mireo.arthur) expire 8 lines
07-17 17:35:00.654 10923 10923 I GeofencerStateMachine: sendNewLocationAvailability: availability=LocationAvailability[isLocationAvailable: true]
07-17 17:35:01.551 10536 10570 I chatty  : uid=1041(audioserver) AudioOut_D expire 7 lines
07-17 17:35:01.988 10586 14548 I WifiService: acquireWifiLock uid=10014 lockMode=2
07-17 17:35:02.225 21823 21833 I chatty  : uid=10104(net.osmand) HeapTaskDaemon expire 10 lines
07-17 17:35:02.234 10586 16754 I WifiService: releaseWifiLock uid=10014
07-17 17:35:03.304 10923 10923 I GeofencerStateMachine: sendNewTransitions called.
07-17 17:35:03.829 10541 11931 I chatty  : uid=1041(audioserver) writer expire 33 lines
07-17 17:35:04.734 11993 12003 I chatty  : uid=10090(hr.mireo.arthur) HeapTaskDaemon expire 1 line
07-17 17:35:07.024 10586 15751 I WifiService: acquireWifiLock uid=10014 lockMode=2
07-17 17:35:07.607 11993 11993 I chatty  : uid=10090(hr.mireo.arthur) expire 10 lines
07-17 17:35:09.233 10923 10923 I GeofencerStateMachine: sendNewTransitions called.
07-17 17:35:09.577 10536 10570 I chatty  : uid=1041(audioserver) AudioOut_D expire 13 lines
07-17 17:35:09.982 10586 10820 D WificondControl: Scan result ready event
07-17 17:35:10.160 10586 14548 I WifiService: releaseWifiLock uid=10014
07-17 17:35:12.092 10586 15751 I WifiService: acquireWifiLock uid=10014 lockMode=2
07-17 17:35:12.350 10586 12210 I WifiService: releaseWifiLock uid=10014
07-17 17:35:12.754 21823 21833 I chatty  : uid=10104(net.osmand) HeapTaskDaemon expire 10 lines
07-17 17:35:14.978 10586 10595 I zygote  : Background concurrent copying GC freed 33553(1426KB) AllocSpace objects, 0(0B) LOS objects, 13% free, 38MB/44MB, paused 1.206ms total 832.272ms
07-17 17:35:15.313 10923 10923 I GeofencerStateMachine: sendNewTransitions called.
07-17 17:35:17.114 10586 10712 I WifiService: acquireWifiLock uid=10014 lockMode=2
07-17 17:35:18.776 11993 11993 I chatty  : uid=10090(hr.mireo.arthur) expire 11 lines
07-17 17:35:19.810 10536 10570 I chatty  : uid=1041(audioserver) AudioOut_D expire 15 lines
07-17 17:35:20.164 10586 14548 D WificondControl: Scan result ready event
07-17 17:35:20.227 10586 16754 I WifiService: releaseWifiLock uid=10014
07-17 17:35:20.364 10923 10923 I GeofencerStateMachine: sendNewTransitions called.
07-17 17:35:22.147 10541 11931 I chatty  : uid=1041(audioserver) writer expire 29 lines
07-17 17:35:22.218 10586 14548 I WifiService: acquireWifiLock uid=10014 lockMode=2
07-17 17:35:22.341 10586 10712 I WifiService: releaseWifiLock uid=10014
07-17 17:35:23.218 10923 10934 I zygote  : Background concurrent copying GC freed 186272(6MB) AllocSpace objects, 0(0B) LOS objects, 41% free, 8MB/14MB, paused 913us total 114.804ms
07-17 17:35:25.697 21823 21833 I chatty  : uid=10104(net.osmand) HeapTaskDaemon expire 7 lines
07-17 17:35:26.226 10923 10923 I GeofencerStateMachine: sendNewTransitions called.
07-17 17:35:26.383 10586 30396 D NetworkMonitor/NetworkAgentInfo [WIFI () - 101]: PROBE_DNS www.google.com 40084ms FAIL
07-17 17:35:26.386 10586 30396 D NetworkMonitor/NetworkAgentInfo [WIFI () - 101]: PROBE_HTTPS https://www.google.com/generate_204 Probe failed with exception java.net.UnknownHostException: Unable to resolve host "www.google.com": No address associated with hostname
07-17 17:35:26.398 10586 30397 D NetworkMonitor/NetworkAgentInfo [WIFI () - 101]: PROBE_DNS connectivitycheck.gstatic.com 40100ms FAIL
