06-29 10:30:51.876 12135 12182 W AudioTrack: See the documentation of AudioTrack() for what to use instead with android.media.AudioAttributes to qualify your playback use case
06-29 10:30:52.077  1600  1621 I zygote  : Explicit concurrent copying GC freed 8192(843KB) AllocSpace objects, 5(228KB) LOS objects, 30% free, 13MB/19MB, paused 1.198ms total 238.646ms
06-29 10:30:52.604  1600  1617 I WifiService: requestActivityInfo uid=1000
06-29 10:30:52.604  1600  1617 I WifiService: reportActivityInfo uid=1000
06-29 10:30:52.604  1600  1617 I WifiService: getSupportedFeatures uid=1000
06-29 10:30:54.171 12135 12151 D EGL_emulation: eglMakeCurrent: 0x865f7c00: ver 2 0 (tinfo 0x88b34b70)
06-29 10:30:54.185 12135 12151 D EGL_emulation: eglMakeCurrent: 0x865f7c00: ver 2 0 (tinfo 0x88b34b70)
06-29 10:30:54.188 12135 12162 D EGL_emulation: eglMakeCurrent: 0x865f7c00: ver 2 0 (tinfo 0x88b34cd0)
06-29 10:30:54.207 12135 12151 V MediaRouter: Adding route: RouteInfo{ name=Phone, description=null, status=null, category=RouteCategory{ name=System types=ROUTE_TYPE_LIVE_AUDIO ROUTE_TYPE_LIVE_VIDEO  groupable=false }, supportedTypes=ROUTE_TYPE_LIVE_AUDIO ROUTE_TYPE_LIVE_VIDEO , presentationDisplay=null }
06-29 10:30:54.217 12135 12151 V MediaRouter: Selecting route: RouteInfo{ name=Phone, description=null, status=null, category=RouteCategory{ name=System types=ROUTE_TYPE_LIVE_AUDIO ROUTE_TYPE_LIVE_VIDEO  groupable=false }, supportedTypes=ROUTE_TYPE_LIVE_AUDIO ROUTE_TYPE_LIVE_VIDEO , presentationDisplay=null }
06-29 10:30:54.387  1398  1398 D gralloc_ranchu: gralloc_alloc: Creating ashmem region of size 8298496
06-29 10:30:55.223  1964 12052 I Places  : ?: PlacesBleScanner stop()
06-29 10:30:55.224  1964  1964 I BeaconBle: Scan : No clients left, canceling alarm.
06-29 10:30:55.226  1964  1964 I BeaconBle: Scan canceled successfully.
06-29 10:30:55.251  1964 12052 I PlaceInferenceEngine: [anon] Changed inference mode: 0
06-29 10:30:55.252  1964 12052 I PlaceInferenceEngine: [account#1066226748] Changed inference mode: 0
06-29 10:30:55.339  1964  1964 I GeofencerStateMachine: removeGeofences: removeRequest=RemoveGeofencingRequest[REMOVE_BY_PENDING_INTENT pendingIntent=PendingIntent[creatorPackage=com.google.android.gms], packageName=com.google.android.gms]
06-29 10:30:55.391 12135 12151 I Prime31-IABH: setting Intent package to com.android.vending
06-29 10:30:55.406  1964  2547 W MessageQueue: Handler (aeyl) {b3a1a0} sending message to a Handler on a dead thread
06-29 10:30:55.406  1964  2547 W MessageQueue: java.lang.IllegalStateException: Handler (aeyl) {b3a1a0} sending message to a Handler on a dead thread
06-29 10:30:55.406  1964  2547 W MessageQueue: 	at android.os.MessageQueue.enqueueMessage(MessageQueue.java:545)
06-29 10:30:55.406  1964  2547 W MessageQueue: 	at android.os.Handler.enqueueMessage(Handler.java:662)
06-29 10:30:55.406  1964  2547 W MessageQueue: 	at android.os.Handler.sendMessageAtTime(Handler.java:631)
06-29 10:30:55.406  1964  2547 W MessageQueue: 	at aeyl.sendMessageAtTime(Unknown Source:3)
06-29 10:30:55.406  1964  2547 W MessageQueue: 	at android.os.Handler.sendMessageDelayed(Handler.java:601)
06-29 10:30:55.406  1964  2547 W MessageQueue: 	at android.os.Handler.post(Handler.java:357)
06-29 10:30:55.406  1964  2547 W MessageQueue: 	at bcln.execute(Unknown Source:2)
06-29 10:30:55.406  1964  2547 W MessageQueue: 	at aanh.execute(Unknown Source:9)
06-29 10:30:55.406  1964  2547 W MessageQueue: 	at avft.a(:com.google.android.gms@17785022@17.7.85 (040700-253824076):3)
06-29 10:30:55.406  1964  2547 W MessageQueue: 	at avgk.a(:com.google.android.gms@17785022@17.7.85 (040700-253824076):8)
06-29 10:30:55.406  1964  2547 W MessageQueue: 	at avgn.a(:com.google.android.gms@17785022@17.7.85 (040700-253824076):43)
06-29 10:30:55.406  1964  2547 W MessageQueue: 	at avgj.a(:com.google.android.gms@17785022@17.7.85 (040700-253824076):2)
06-29 10:30:55.406  1964  2547 W MessageQueue: 	at rpj.a(:com.google.android.gms@17785022@17.7.85 (040700-253824076):3)
06-29 10:30:55.406  1964  2547 W MessageQueue: 	at rpj.a(:com.google.android.gms@17785022@17.7.85 (040700-253824076):2)
06-29 10:30:55.406  1964  2547 W MessageQueue: 	at agos.a(Unknown Source:2)
06-29 10:30:55.406  1964  2547 W MessageQueue: 	at rnt.a(Unknown Source:11)
06-29 10:30:55.406  1964  2547 W MessageQueue: 	at aamg.a(:com.google.android.gms@17785022@17.7.85 (040700-253824076):1)
06-29 10:30:55.406  1964  2547 W MessageQueue: 	at cwm.onTransact(:com.google.android.gms@17785022@17.7.85 (040700-253824076):4)
06-29 10:30:55.406  1964  2547 W MessageQueue: 	at android.os.Binder.execTransact(Binder.java:697)
06-29 10:30:55.530  2923  3122 I Finsky  : [184] eth.b(2): com.skgames.trafficrider: Account determined from installer data - [suezqm0lmYitICIolRzk9yrzX_k]
06-29 10:30:55.531  2923  3122 I Finsky  : [184] eth.b(9): com.skgames.trafficrider: Account from preferred account - [suezqm0lmYitICIolRzk9yrzX_k]
06-29 10:30:55.564  2923  2934 I Finsky  : [134] eth.b(2): com.skgames.trafficrider: Account determined from installer data - [suezqm0lmYitICIolRzk9yrzX_k]
06-29 10:30:55.565  2923  2934 I Finsky  : [134] eth.b(9): com.skgames.trafficrider: Account from preferred account - [suezqm0lmYitICIolRzk9yrzX_k]
06-29 10:30:55.592 12135 12151 D UnityAds: com.unity3d.services.core.misc.Utilities.writeFile() (line:127) :: Wrote file: /data/user/0/com.skgames.trafficrider/files/UnityAdsStorage-public-data.json
06-29 10:30:55.602 12135 12151 D UnityAds: com.unity3d.services.core.device.Storage.sendEvent() (line:81) :: Couldn't send storage event to WebApp
06-29 10:30:55.607 12135 12151 D UnityAds: com.unity3d.services.core.misc.Utilities.writeFile() (line:127) :: Wrote file: /data/user/0/com.skgames.trafficrider/files/UnityAdsStorage-public-data.json
06-29 10:30:55.607 12135 12151 D UnityAds: com.unity3d.services.core.device.Storage.sendEvent() (line:81) :: Couldn't send storage event to WebApp
06-29 10:30:55.619 12135 12151 D UnityAds: com.unity3d.services.monetization.UnityMonetization.initialize() (line:63) :: ENTERED METHOD
06-29 10:30:55.623 12135 12151 D UnityAds: com.unity3d.services.UnityServices.initialize() (line:41) :: ENTERED METHOD
06-29 10:30:55.623 12135 12151 I UnityAds: com.unity3d.services.UnityServices.initialize() (line:79) :: Initializing Unity Services 3.0.3 (3003) with game id 64136 in production mode
06-29 10:30:55.660 12135 12151 I UnityAds: com.unity3d.services.UnityServices.initialize() (line:90) :: Unity Services environment check OK
06-29 10:30:55.815 12135 12135 W zygote  : Unsupported class loader
06-29 10:30:55.833 12135 12135 W zygote  : Skipping duplicate class check due to unsupported classloader
06-29 10:30:55.876  1600  1863 W SensorService: sensor 00000000 already enabled in connection 0x9e3ea1f0 (ignoring)
06-29 10:30:55.903  1398  1398 D gralloc_ranchu: gralloc_alloc: Creating ashmem region of size 8298496
06-29 10:30:55.984 12135 12135 I zygote  : The ClassLoaderContext is a special shared library.
06-29 10:30:56.004 12135 12135 I zygote  : The ClassLoaderContext is a special shared library.
06-29 10:30:56.160 12135 12135 I DynamiteModule: Considering local module com.google.android.gms.ads.dynamite:0 and remote module com.google.android.gms.ads.dynamite:20300
06-29 10:30:56.161 12135 12135 I DynamiteModule: Selected remote version of com.google.android.gms.ads.dynamite, version >= 20300
06-29 10:30:56.228 12135 12135 W zygote  : Unsupported class loader
06-29 10:30:56.267 12135 12135 W zygote  : Skipping duplicate class check due to unsupported classloader
06-29 10:30:56.327 12135 12151 I Unity   : ** IAP billing supported
06-29 10:30:56.327 12135 12151 I Unity   :  
06-29 10:30:56.327 12135 12151 I Unity   : (Filename: /Users/builduser/buildslave/unity/build/artifacts/generated/common/runtime/DebugBindings.gen.cpp Line: 51)
06-29 10:30:56.327 12135 12151 I Unity   : 
06-29 10:30:56.362 12135 12135 D DynamitePackage: Instantiated singleton DynamitePackage.
06-29 10:30:56.362 12135 12135 D DynamitePackage: Instantiating com.google.android.gms.ads.reward.ChimeraRewardedVideoAdCreatorImpl
06-29 10:30:56.529 12135 12196 D NetworkSecurityConfig: No Network Security Config specified, using platform default
06-29 10:30:56.577 12135 12135 I Ads     : This request is sent from a test device.
06-29 10:30:56.751 12135 12213 W Ads     : Invoke Firebase method getInstance error.
06-29 10:30:56.758 12135 12213 W Ads     : The Google Mobile Ads SDK will not integrate with Firebase. Admob/Firebase integration requires the latest Firebase SDK jar, but Firebase SDK is either missing or out of date
06-29 10:30:56.827 12135 12212 I DynamiteModule: Considering local module com.google.android.gms.ads.dynamite:0 and remote module com.google.android.gms.ads.dynamite:20300
06-29 10:30:56.828 12135 12212 I DynamiteModule: Selected remote version of com.google.android.gms.ads.dynamite, version >= 20300
06-29 10:30:57.076 12135 12198 I zygote  : The ClassLoaderContext is a special shared library.
06-29 10:30:57.079 12135 12145 I zygote  : Background concurrent copying GC freed 7521(1027KB) AllocSpace objects, 8(160KB) LOS objects, 49% free, 2MB/4MB, paused 3.154ms total 456.258ms
06-29 10:30:57.143  1600  1617 I WifiService: requestActivityInfo uid=1000
06-29 10:30:57.143  1600  1617 I WifiService: reportActivityInfo uid=1000
06-29 10:30:57.144  1600  1617 I WifiService: getSupportedFeatures uid=1000
06-29 10:30:57.173 12135 12193 I UnityAds: com.unity3d.services.core.configuration.InitializeThread$InitializeStateConfig.execute() (line:191) :: Unity Ads init: load configuration from https://config.unityads.unity3d.com/webview/3.0.3/release/config.json
06-29 10:30:57.206 12135 12206 I WebViewFactory: Loading com.android.chrome version 74.0.3729.157 (code 372915712)
06-29 10:30:57.467  1390  2659 W audio_hw_generic: Not supplying enough data to HAL, expected position 43882371 , only wrote 43881840
06-29 10:30:57.468  1390  2659 W audio_hw_generic: Not supplying enough data to HAL, expected position 43881877 , only wrote 43881840
06-29 10:30:57.485  1390  2659 W audio_hw_generic: Not supplying enough data to HAL, expected position 43882630 , only wrote 43882560
06-29 10:30:57.498  1473  1561 D AudioFlinger: mixer(0xa6c83380) throttle end: throttle time(10)
06-29 10:30:58.431 12135 12206 I cr_LibraryLoader: Time to load native libraries: 130 ms (timestamps 4971-5101)
06-29 10:30:58.718 12135 12206 I chromium: [INFO:library_loader_hooks.cc(50)] Chromium logging enabled: level = 0, default verbosity = 0
06-29 10:30:58.719 12135 12206 I cr_LibraryLoader: Expected native library version number "74.0.3729.157", actual native library version number "74.0.3729.157"
06-29 10:30:51.877  1600  1863 V MediaRouterService: restoreBluetoothA2dp(false)
06-29 10:30:58.883  1600  2003 W ActivityManager: Slow operation: 74ms so far, now at startProcess: returned from zygote!
06-29 10:30:58.900  1600  2003 W ActivityManager: Slow operation: 91ms so far, now at startProcess: done updating battery stats
06-29 10:30:58.900  1600  2003 W ActivityManager: Slow operation: 92ms so far, now at startProcess: building log message
06-29 10:30:58.900  1600  2003 I ActivityManager: Start proc 12239:com.android.chrome:webview_service/u0a49 for service com.android.chrome/org.chromium.android_webview.services.VariationsSeedServer
06-29 10:30:58.901  1600  2003 W ActivityManager: Slow operation: 92ms so far, now at startProcess: starting to update pids map
06-29 10:30:58.901  1600  2003 W ActivityManager: Slow operation: 92ms so far, now at startProcess: done updating pids map
06-29 10:30:58.901  1600  2003 W ActivityManager: Slow operation: 94ms so far, now at startProcess: done starting proc!
06-29 10:30:58.914 12239 12239 W zygote  : Unexpected CPU variant for X86 using defaults: x86
06-29 10:30:58.946 12135 12145 I zygote  : Background concurrent copying GC freed 21476(1621KB) AllocSpace objects, 2(36KB) LOS objects, 47% free, 6MB/12MB, paused 5.630ms total 603.659ms
06-29 10:30:58.955  1473  1561 D AudioFlinger: mixer(0xa6c83380) throttle end: throttle time(11)
06-29 10:30:59.048  1600  1613 E memtrack: Couldn't load memtrack module
06-29 10:30:59.048  1600  1613 W android.os.Debug: failed to get memory consumption info: -1
06-29 10:30:59.350 12135 12193 I UnityAds: com.unity3d.services.core.configuration.InitializeThread$InitializeStateLoadCache.execute() (line:244) :: Unity Ads init: webapp loaded from local cache
06-29 10:30:59.573 12135 12258 W cr_ChildProcLH: Create a new ChildConnectionAllocator with package name = com.android.chrome, sandboxed = true
06-29 10:30:59.601 12135 12135 I cr_BrowserStartup: Initializing chromium process, singleProcess=false
06-29 10:30:59.610 12135 12135 W ResourceType: Failure getting entry for 0x7f130526 (t=18 e=1318) (error -2147483647)
06-29 10:30:59.634 12260 12260 E /system/bin/webview_zygote32: Failed to make and chown /acct/uid_99012: Permission denied
06-29 10:30:59.634 12260 12260 E Zygote  : createProcessGroup(99012, 0) failed: Permission denied
06-29 10:30:59.663  2923  2955 I Finsky  : [139] imb.run(3): Stats for Executor: BlockingExecutor ink@19dc107[Running, pool size = 0, active threads = 0, queued tasks = 0, completed tasks = 20]
06-29 10:30:59.665  2923  2955 I Finsky  : [139] imb.run(3): Stats for Executor: LightweightExecutor ink@3658234[Running, pool size = 2, active threads = 0, queued tasks = 0, completed tasks = 69]
06-29 10:30:59.666  1600  2662 W ActivityManager: Slow operation: 63ms so far, now at startProcess: returned from zygote!
06-29 10:30:59.666  1600  2662 W ActivityManager: Slow operation: 64ms so far, now at startProcess: done updating battery stats
06-29 10:30:59.666  1600  2662 W ActivityManager: Slow operation: 64ms so far, now at startProcess: building log message
06-29 10:30:59.666  1600  2662 I ActivityManager: Start proc 12260:com.android.chrome:sandboxed_process0/u0i12 for webview_service com.skgames.trafficrider/org.chromium.content.app.SandboxedProcessService0
06-29 10:30:59.666  1600  2662 W ActivityManager: Slow operation: 64ms so far, now at startProcess: starting to update pids map
06-29 10:30:59.667  1600  2662 W ActivityManager: Slow operation: 64ms so far, now at startProcess: done updating pids map
06-29 10:30:59.667  1600  2662 W ActivityManager: Slow operation: 67ms so far, now at startProcess: done starting proc!
06-29 10:30:59.674 12260 12260 W /system/bin/webview_zygote32: Unexpected CPU variant for X86 using defaults: x86
06-29 10:30:59.852  2629  2890 I WorkerManager: dispose()
06-29 10:30:59.854  2629  2890 W ThreadPoolDumper: Queue length for executor EventBus is now 11. Perhaps some tasks are too long, or the pool is too small.
06-29 10:30:59.906 12275 12275 E asset   : setgid: Operation not permitted
06-29 10:31:00.104  1704  1929 D EGL_emulation: eglMakeCurrent: 0x9e4046c0: ver 2 0 (tinfo 0x9e403690)
06-29 10:31:00.267  1964  1964 I BeaconBle: Scan : No clients left, canceling alarm.
06-29 10:31:00.277 12260 12260 I cr_ChildProcessService: Creating new ChildProcessService pid=12260
06-29 10:31:00.319  2629  2646 W zygote  : Suspending all threads took: 285.372ms
06-29 10:31:00.341  2629  2646 I zygote  : WaitForGcToComplete blocked HeapTrim on None for 11.605ms
06-29 10:31:00.575  1390  2659 W audio_hw_generic: Not supplying enough data to HAL, expected position 44030925 , only wrote 44030880
06-29 10:31:00.576  1390  2659 W audio_hw_generic: Not supplying enough data to HAL, expected position 44030902 , only wrote 44030880
06-29 10:31:00.593  1390  2659 W audio_hw_generic: Not supplying enough data to HAL, expected position 44031679 , only wrote 44031600
06-29 10:31:00.814  1473  1561 D AudioFlinger: mixer(0xa6c83380) throttle end: throttle time(1)
06-29 10:31:00.878  2923  2955 I Finsky  : [139] imb.run(3): Stats for Executor: bgExecutor ink@81c785d[Running, pool size = 4, active threads = 0, queued tasks = 0, completed tasks = 56]
06-29 10:31:01.740 12135 12281 W cr_media: Requires BLUETOOTH permission
06-29 10:31:01.841 12135 12291 D         : HostConnection::get() New Host Connection established 0x6f37e700, tid 12291
06-29 10:31:01.872 12135 12291 E chromium: [ERROR:gl_surface_egl.cc(342)] eglChooseConfig failed with error EGL_SUCCESS
06-29 10:31:01.883 12260 12279 I cr_LibraryLoader: Time to load native libraries: 0 ms (timestamps 8553-8553)
06-29 10:31:01.887 12260 12279 I chromium: [INFO:library_loader_hooks.cc(50)] Chromium logging enabled: level = 0, default verbosity = 0
06-29 10:31:01.887 12260 12279 I cr_LibraryLoader: Expected native library version number "74.0.3729.157", actual native library version number "74.0.3729.157"
06-29 10:31:01.925  1600  1613 E memtrack: Couldn't load memtrack module
06-29 10:31:01.926  1600  1613 W android.os.Debug: failed to get memory consumption info: -1
06-29 10:31:01.934 12135 12291 D EGL_emulation: eglCreateContext: 0x7a124c00: maj 2 min 0 rcv 2
06-29 10:31:01.935 12135 12291 D EGL_emulation: eglMakeCurrent: 0x7a124c00: ver 2 0 (tinfo 0x79c6cc10)
06-29 10:31:02.065 12135 12135 I zygote  : Deoptimizing java.lang.Object com.google.android.gms.ads.internal.util.br.a(android.content.Context, java.util.concurrent.Callable) due to JIT inline cache
06-29 10:31:02.183 12135 12145 I zygote  : Background concurrent copying GC freed 8409(830KB) AllocSpace objects, 7(4MB) LOS objects, 23% free, 20MB/26MB, paused 4.924ms total 841.552ms
06-29 10:31:02.281 12135 12291 E chromium: [ERROR:gl_surface_egl.cc(342)] eglChooseConfig failed with error EGL_SUCCESS
06-29 10:31:02.436 12135 12291 I VideoCapabilities: Unsupported profile 4 for video/mp4v-es
06-29 10:31:02.446 12135 12291 W cr_MediaCodecUtil: HW encoder for video/avc is not available on this device.
06-29 10:31:02.558  1390  2659 W audio_hw_generic: Not supplying enough data to HAL, expected position 44125935 , only wrote 44125920
06-29 10:31:02.603  1600  1613 E memtrack: Couldn't load memtrack module
06-29 10:31:02.603  1600  1613 W android.os.Debug: failed to get memory consumption info: -1
06-29 10:31:02.701  2175  9756 W Ads     : App does not have the required permissions to get location
06-29 10:31:03.051  2175 12302 E Ads     : Error waiting for future.
06-29 10:31:03.051  2175 12302 E Ads     : java.util.concurrent.TimeoutException
06-29 10:31:03.051  2175 12302 E Ads     : 	at java.util.concurrent.FutureTask.get(FutureTask.java:206)
06-29 10:31:03.051  2175 12302 E Ads     : 	at com.google.android.gms.ads.internal.util.future.g.a(:com.google.android.gms@17785022@17.7.85 (040700-253824076):18)
06-29 10:31:03.051  2175 12302 E Ads     : 	at com.google.android.gms.ads.cache.m.a(:com.google.android.gms@17785022@17.7.85 (040700-253824076):4)
06-29 10:31:03.051  2175 12302 E Ads     : 	at com.google.android.gms.ads.nonagon.signals.gmscore.r.call(Unknown Source:8)
06-29 10:31:03.051  2175 12302 E Ads     : 	at java.util.concurrent.FutureTask.run(FutureTask.java:266)
06-29 10:31:03.051  2175 12302 E Ads     : 	at java.util.concurrent.ThreadPoolExecutor.runWorker(ThreadPoolExecutor.java:1162)
06-29 10:31:03.051  2175 12302 E Ads     : 	at java.util.concurrent.ThreadPoolExecutor$Worker.run(ThreadPoolExecutor.java:636)
06-29 10:31:03.051  2175 12302 E Ads     : 	at java.lang.Thread.run(Thread.java:764)
06-29 10:31:03.520  1473  1561 D AudioFlinger: mixer(0xa6c83380) throttle end: throttle time(12)
06-29 10:31:03.611  1390  2659 W audio_hw_generic: Not supplying enough data to HAL, expected position 44176469 , only wrote 44176320
06-29 10:31:03.841  1390  2659 W audio_hw_generic: Not supplying enough data to HAL, expected position 44187344 , only wrote 44187120
06-29 10:31:03.890  2175 12300 I Ads     : SDK version: afma-sdk-a-v16187999.12451000.1
06-29 10:31:04.227  1473  1561 D AudioFlinger: mixer(0xa6c83380) throttle end: throttle time(5)
06-29 10:31:05.777  1390  2659 W audio_hw_generic: Not supplying enough data to HAL, expected position 44280069 , only wrote 44280000
06-29 10:31:05.794  1390  2659 W audio_hw_generic: Not supplying enough data to HAL, expected position 44280816 , only wrote 44280720
06-29 10:31:06.533  1390  2659 W audio_hw_generic: Not supplying enough data to HAL, expected position 44316162 , only wrote 44316000
06-29 10:31:06.765  1600  1600 W ActivityManager: Slow operation: 66ms so far, now at startProcess: returned from zygote!
06-29 10:31:06.765  1600  1600 W ActivityManager: Slow operation: 67ms so far, now at startProcess: done updating battery stats
06-29 10:31:06.766  1600  1600 W ActivityManager: Slow operation: 68ms so far, now at startProcess: building log message
06-29 10:31:06.767  1600  1600 I ActivityManager: Start proc 12316:com.google.android.partnersetup/u0a17 for service com.google.android.partnersetup/.InstalledAppJobService
06-29 10:31:06.767  1600  1600 W ActivityManager: Slow operation: 68ms so far, now at startProcess: starting to update pids map
06-29 10:31:06.767  1600  1600 W ActivityManager: Slow operation: 68ms so far, now at startProcess: done updating pids map
06-29 10:31:06.767  1600  1600 W ActivityManager: Slow operation: 69ms so far, now at startProcess: done starting proc!
06-29 10:31:06.783  1600  2371 I WifiService: acquireWifiLock uid=10014 lockMode=2
06-29 10:31:06.811 12135 12291 D EGL_emulation: eglCreateContext: 0x9e4055c0: maj 2 min 0 rcv 2
06-29 10:31:06.812 12135 12291 D EGL_emulation: eglMakeCurrent: 0x9e4055c0: ver 2 0 (tinfo 0x79c6cc10)
06-29 10:31:06.878  1390  2659 W audio_hw_generic: Not supplying enough data to HAL, expected position 44332564 , only wrote 44332560
06-29 10:31:06.894  1473  1561 D AudioFlinger: mixer(0xa6c83380) throttle end: throttle time(3)
06-29 10:31:06.895  1390  2659 W audio_hw_generic: Not supplying enough data to HAL, expected position 44333374 , only wrote 44333280
06-29 10:31:06.989  1600  1613 E memtrack: Couldn't load memtrack module
06-29 10:31:06.989  1600  1613 W android.os.Debug: failed to get memory consumption info: -1
06-29 10:31:07.048 12316 12316 W zygote  : Unexpected CPU variant for X86 using defaults: x86
06-29 10:31:07.247 12316 12316 I zygote  : The ClassLoaderContext is a special shared library.
06-29 10:31:07.325  1390  2659 W audio_hw_generic: Not supplying enough data to HAL, expected position 44353947 , only wrote 44353440
06-29 10:31:07.325  1390  2659 W audio_hw_generic: Not supplying enough data to HAL, expected position 44353455 , only wrote 44353440
06-29 10:31:07.425 12135 12151 I Unity   : Fetching Avatar Info
06-29 10:31:07.425 12135 12151 I Unity   :  
06-29 10:31:07.425 12135 12151 I Unity   : (Filename: /Users/builduser/buildslave/unity/build/artifacts/generated/common/runtime/DebugBindings.gen.cpp Line: 51)
06-29 10:31:07.425 12135 12151 I Unity   : 
06-29 10:31:07.454  1473  1561 D AudioFlinger: mixer(0xa6c83380) throttle end: throttle time(1)
06-29 10:31:07.495 12135 12135 I zygote  : Deoptimizing java.lang.Object aqn.a() due to JIT inline cache
06-29 10:31:07.537  1390  2659 W audio_hw_generic: Not supplying enough data to HAL, expected position 44363594 , only wrote 44363520
06-29 10:31:07.537  1390  2659 W audio_hw_generic: Not supplying enough data to HAL, expected position 44363535 , only wrote 44363520
06-29 10:31:07.563  1390  2659 W audio_hw_generic: Not supplying enough data to HAL, expected position 44364739 , only wrote 44364240
06-29 10:31:07.594 12135 12151 I Unity   : Is GPGS available: False
06-29 10:31:07.594 12135 12151 I Unity   :  
06-29 10:31:07.594 12135 12151 I Unity   : (Filename: /Users/builduser/buildslave/unity/build/artifacts/generated/common/runtime/DebugBindings.gen.cpp Line: 51)
06-29 10:31:07.594 12135 12151 I Unity   : 
06-29 10:31:07.742 12135 12140 I zygote  : Do partial code cache collection, code=31KB, data=23KB
06-29 10:31:07.802 12135 12140 I zygote  : After code cache collection, code=24KB, data=21KB
06-29 10:31:07.802 12135 12140 I zygote  : Increasing code cache capacity to 128KB
06-29 10:31:07.893 12135 12135 D DynamitePackage: Instantiating com.google.android.gms.ads.ChimeraAdManagerCreatorImpl
06-29 10:31:07.912 12135 12135 I Ads     : This request is sent from a test device.
06-29 10:31:08.298  2175  2194 I zygote  : Background concurrent copying GC freed 50692(2MB) AllocSpace objects, 37(3MB) LOS objects, 31% free, 12MB/18MB, paused 40.329ms total 2.979s
06-29 10:31:08.636  2175 12302 W Ads     : App does not have the required permissions to get location
06-29 10:31:09.103  2175 12300 I Ads     : SDK version: afma-sdk-a-v16187999.12451000.1
06-29 10:31:09.422 12312 12312 D AndroidRuntime: >>>>>> START com.android.internal.os.RuntimeInit uid 2000 <<<<<<
06-29 10:31:09.439 12312 12312 W app_process: Could not reserve sentinel fault page
06-29 10:31:09.731  2175  3939 I zygote  : Deoptimizing void idl.a(java.lang.Runnable, pqm) due to JIT inline cache
06-29 10:31:09.842  1600  5707 D WificondControl: Scan result ready event
06-29 10:31:10.064  1600  1613 E memtrack: Couldn't load memtrack module
06-29 10:31:10.064  1600  1613 W android.os.Debug: failed to get memory consumption info: -1
06-29 10:31:10.181  1964  1964 I GeofencerStateMachine: sendNewTransitions called.
06-29 10:31:10.399  1473  1561 D AudioFlinger: mixer(0xa6c83380) throttle end: throttle time(4)
06-29 10:31:10.777  1600  2371 I WifiService: releaseWifiLock uid=10014
06-29 10:31:10.902  1600  1613 E memtrack: Couldn't load memtrack module
06-29 10:31:10.902  1600  1613 W android.os.Debug: failed to get memory consumption info: -1
06-29 10:31:11.010 12312 12312 W app_process: Unexpected CPU variant for X86 using defaults: x86
06-29 10:31:11.067 12312 12312 I app_process: The ClassLoaderContext is a special shared library.
06-29 10:31:11.208  1600  1613 E memtrack: Couldn't load memtrack module
06-29 10:31:11.208  1600  1613 W android.os.Debug: failed to get memory consumption info: -1
06-29 10:31:11.330  1600  1613 E memtrack: Couldn't load memtrack module
06-29 10:31:11.330  1600  1613 W android.os.Debug: failed to get memory consumption info: -1
06-29 10:31:11.718  1390  2659 W audio_hw_generic: Not supplying enough data to HAL, expected position 44563687 , only wrote 44563680
06-29 10:31:11.719  1390  2659 W audio_hw_generic: Not supplying enough data to HAL, expected position 44563739 , only wrote 44563680
06-29 10:31:11.736  1390  2659 W audio_hw_generic: Not supplying enough data to HAL, expected position 44564507 , only wrote 44564400
06-29 10:31:11.753  1473  1561 D AudioFlinger: mixer(0xa6c83380) throttle end: throttle time(5)
06-29 10:31:12.076 12312 12312 D AndroidRuntime: Calling main entry com.android.commands.monkey.Monkey
06-29 10:31:12.101 12312 12312 W Monkey  : args: [-p, com.EvilChaotic.ModernWarplanes, -c, android.intent.category.LAUNCHER, 1]
06-29 10:31:12.106 12312 12312 W Monkey  :  arg: "-p"
06-29 10:31:12.106 12312 12312 W Monkey  :  arg: "com.EvilChaotic.ModernWarplanes"
06-29 10:31:12.107 12312 12312 W Monkey  :  arg: "-c"
06-29 10:31:12.107 12312 12312 W Monkey  :  arg: "android.intent.category.LAUNCHER"
06-29 10:31:12.107 12312 12312 W Monkey  :  arg: "1"
06-29 10:31:12.107 12312 12312 W Monkey  : data="com.EvilChaotic.ModernWarplanes"
06-29 10:31:12.117 12312 12312 W Monkey  : data="android.intent.category.LAUNCHER"
06-29 10:31:12.760  1600  1614 W BroadcastQueue: Skipping deliver [background] BroadcastRecord{fab71e0 u-1 android.net.conn.CONNECTIVITY_CHANGE} to ReceiverList{bf1ec99 12312 (unknown name)/2000/u-1 remote:84c8012}: process gone or crashing
06-29 10:31:13.165  1600  2003 I ActivityManager: START u0 {act=android.intent.action.MAIN cat=[android.intent.category.LAUNCHER] flg=0x10200000 cmp=com.EvilChaotic.ModernWarplanes/com.unity3d.player.UnityPlayerActivity} from uid 2000
06-29 10:31:13.198  1600  2003 W Binder  : Outgoing transactions from this process must be FLAG_ONEWAY
06-29 10:31:13.198  1600  2003 W Binder  : java.lang.Throwable
06-29 10:31:13.198  1600  2003 W Binder  : 	at android.os.BinderProxy.transact(Binder.java:752)
06-29 10:31:13.198  1600  2003 W Binder  : 	at android.app.IActivityController$Stub$Proxy.activityStarting(IActivityController.java:172)
06-29 10:31:13.198  1600  2003 W Binder  : 	at com.android.server.am.ActivityStarter.startActivity(ActivityStarter.java:449)
06-29 10:31:13.198  1600  2003 W Binder  : 	at com.android.server.am.ActivityStarter.startActivityLocked(ActivityStarter.java:278)
06-29 10:31:13.198  1600  2003 W Binder  : 	at com.android.server.am.ActivityStarter.startActivityMayWait(ActivityStarter.java:817)
06-29 10:31:13.198  1600  2003 W Binder  : 	at com.android.server.am.ActivityManagerService.startActivityAsUser(ActivityManagerService.java:4532)
06-29 10:31:13.198  1600  2003 W Binder  : 	at com.android.server.am.ActivityManagerService.startActivity(ActivityManagerService.java:4519)
06-29 10:31:13.198  1600  2003 W Binder  : 	at android.app.IActivityManager$Stub.onTransact(IActivityManager.java:121)
06-29 10:31:13.198  1600  2003 W Binder  : 	at com.android.server.am.ActivityManagerService.onTransact(ActivityManagerService.java:2919)
06-29 10:31:13.198  1600  2003 W Binder  : 	at android.os.Binder.execTransact(Binder.java:697)
06-29 10:31:13.264 12135 12145 I zygote  : Background concurrent copying GC freed 31561(2MB) AllocSpace objects, 40(19MB) LOS objects, 50% free, 4MB/9MB, paused 1.356ms total 817.973ms
06-29 10:31:13.361 12312 12312 I Monkey  : Events injected: 1
06-29 10:31:13.467 12312 12312 I Monkey  : ## Network stats: elapsed time=269ms (0ms mobile, 0ms wifi, 269ms not connected)
06-29 10:31:13.483 12312 12312 I com.android.commands.monkey: System.exit called, status: 0
06-29 10:31:13.483 12312 12312 I AndroidRuntime: VM exiting with result code 0.
06-29 10:31:13.519 12135 12151 I Unity   : Is GPGS available: False
06-29 10:31:13.519 12135 12151 I Unity   :  
06-29 10:31:13.519 12135 12151 I Unity   : (Filename: /Users/builduser/buildslave/unity/build/artifacts/generated/common/runtime/DebugBindings.gen.cpp Line: 51)
06-29 10:31:13.519 12135 12151 I Unity   : 
06-29 10:31:13.625  1600  1615 W Looper  : Dispatch took 153ms on android.ui, h=Handler (com.android.server.policy.PhoneWindowManager$PolicyHandler) {dca4410} cb=android.database.ContentObserver$NotificationRunnable@78b8ae6 msg=0
06-29 10:31:13.634  1398  1398 D gralloc_ranchu: gralloc_alloc: Creating ashmem region of size 8298496
06-29 10:31:13.679  1390  2659 W audio_hw_generic: Not supplying enough data to HAL, expected position 44657639 , only wrote 44657280
06-29 10:31:13.679  1390  2659 W audio_hw_generic: Not supplying enough data to HAL, expected position 44657294 , only wrote 44657280
06-29 10:31:13.696  1390  2659 W audio_hw_generic: Not supplying enough data to HAL, expected position 44658096 , only wrote 44658000
06-29 10:31:13.707  2175  2194 I zygote  : Background concurrent copying GC freed 60810(2MB) AllocSpace objects, 60(6MB) LOS objects, 36% free, 10MB/16MB, paused 18.318ms total 1.603s
06-29 10:31:13.732 12135 12151 D EGL_emulation: eglMakeCurrent: 0x865f7c00: ver 2 0 (tinfo 0x88b34b70)
06-29 10:31:13.772 12135 12182 D AudioTrack: stop() called with 525312 frames delivered
06-29 10:31:13.803  1600  2371 V MediaRouterService: restoreBluetoothA2dp(false)
06-29 10:31:13.834  1600  1614 W ActivityManager: Activity pause timeout for ActivityRecord{c01e4e7 u0 com.skgames.trafficrider/com.prime31.UnityPlayerNativeActivity t19}
06-29 10:31:13.926 12354 12354 W zygote  : Unexpected CPU variant for X86 using defaults: x86
06-29 10:31:13.936  1390  2659 W audio_hw_generic: Not supplying enough data to HAL, expected position 44669526 , only wrote 44669520
06-29 10:31:13.948  1600  1614 W ActivityManager: Slow operation: 87ms so far, now at startProcess: returned from zygote!
06-29 10:31:13.948  1600  1614 W ActivityManager: Slow operation: 87ms so far, now at startProcess: done updating battery stats
06-29 10:31:13.949  1600  1614 W ActivityManager: Slow operation: 87ms so far, now at startProcess: building log message
06-29 10:31:13.949  1600  1614 I ActivityManager: Start proc 12354:com.EvilChaotic.ModernWarplanes/u0a82 for activity com.EvilChaotic.ModernWarplanes/com.unity3d.player.UnityPlayerActivity
06-29 10:31:13.949  1600  1614 W ActivityManager: Slow operation: 88ms so far, now at startProcess: starting to update pids map
06-29 10:31:13.950  1600  1614 W ActivityManager: Slow operation: 88ms so far, now at startProcess: done updating pids map
06-29 10:31:13.950  1600  1614 W ActivityManager: Slow operation: 110ms so far, now at startProcess: done starting proc!
06-29 10:31:13.972  1600  1613 E memtrack: Couldn't load memtrack module
06-29 10:31:13.972  1600  1613 W android.os.Debug: failed to get memory consumption info: -1
06-29 10:31:14.075  1408  1664 E SurfaceFlinger: Failed to find layer (SurfaceView - com.skgames.trafficrider/com.prime31.UnityPlayerNativeActivity#0) in layer parent (no-parent).
06-29 10:31:14.075  1408  1664 E SurfaceFlinger: Failed to find layer (Background for - SurfaceView - com.skgames.trafficrider/com.prime31.UnityPlayerNativeActivity#0) in layer parent (no-parent).
06-29 10:31:14.105  1398  1398 D gralloc_ranchu: gralloc_alloc: Creating ashmem region of size 8298496
06-29 10:31:14.148  1600  2371 D         : HostConnection::get() New Host Connection established 0x81cb66c0, tid 2371
06-29 10:31:14.206  1408  1408 E EGL_emulation: tid 1408: eglCreateSyncKHR(1962): error 0x3004 (EGL_BAD_ATTRIBUTE)
06-29 10:31:14.228  1600  2371 W ActivityManager: Slow operation: 233ms so far, now at attachApplicationLocked: after mServices.attachApplicationLocked
06-29 10:31:14.231  1600  1615 W Looper  : Dispatch took 209ms on android.ui, h=Handler (com.android.server.am.ActivityManagerService$UiHandler) {bce2944} cb=null msg=31
06-29 10:31:14.393  1398  1398 D gralloc_ranchu: gralloc_alloc: Creating ashmem region of size 8298496
06-29 10:31:14.535  1398  1398 D gralloc_ranchu: gralloc_alloc: Creating ashmem region of size 8298496
06-29 10:31:14.588  1600  1613 E memtrack: Couldn't load memtrack module
06-29 10:31:14.589  1600  1613 W android.os.Debug: failed to get memory consumption info: -1
06-29 10:31:15.053  1600  3433 I zygote  : android::hardware::configstore::V1_0::ISurfaceFlingerConfigs::hasWideColorDisplay retrieved: 0
06-29 10:31:15.054  1600  3433 I OpenGLRenderer: Initialized EGL, version 1.4
06-29 10:31:15.055  1600  3433 D OpenGLRenderer: Swap behavior 1
06-29 10:31:15.056  1600  3433 W OpenGLRenderer: Failed to choose config with EGL_SWAP_BEHAVIOR_PRESERVED, retrying without...
06-29 10:31:15.056  1600  3433 D OpenGLRenderer: Swap behavior 0
06-29 10:31:15.074  1600  3433 D EGL_emulation: eglCreateContext: 0x9e3fc780: maj 2 min 0 rcv 2
06-29 10:31:15.088  1600  3433 D EGL_emulation: eglMakeCurrent: 0x9e3fc780: ver 2 0 (tinfo 0x7e593e60)
06-29 10:31:15.358  1398  1398 D gralloc_ranchu: gralloc_alloc: Creating ashmem region of size 8298496
06-29 10:31:15.396 12354 12354 D         : HostConnection::get() New Host Connection established 0x9ba26780, tid 12354
06-29 10:31:15.403  1600  1613 E memtrack: Couldn't load memtrack module
06-29 10:31:15.404  1600  1613 W android.os.Debug: failed to get memory consumption info: -1
06-29 10:31:15.626  1600  1621 I ActivityManager: Displayed com.EvilChaotic.ModernWarplanes/com.unity3d.player.UnityPlayerActivity: +1s715ms
06-29 10:31:15.824 12135 12135 I Prime31 : onStop. calling through to GameHelper.onStop
06-29 10:31:16.073  1704  1723 I zygote  : NativeAlloc concurrent copying GC freed 8115(464KB) AllocSpace objects, 0(0B) LOS objects, 49% free, 6MB/12MB, paused 2.848ms total 1.559s
06-29 10:31:16.699  1600  1609 I zygote  : NativeAlloc concurrent copying GC freed 20863(1237KB) AllocSpace objects, 3(124KB) LOS objects, 29% free, 14MB/20MB, paused 4.801ms total 1.677s
06-29 10:31:16.793  1964  3820 W ResourceType: ResTable_typeSpec entry count inconsistent: given 15, previously 22
06-29 10:31:16.832  1390  1562 W audio_hw_generic: Not supplying enough data to HAL, expected position 44947004 , only wrote 44808480
06-29 10:31:17.460  1399  1414 D hwcomposer: hw_composer sent 111 syncs in 64s
06-29 10:31:17.464 12354 12369 I Unity   : SystemInfo CPU = Intel x86 SSE3, Cores = 2, Memory = 1512mb
06-29 10:31:17.498 12354 12369 I Unity   : ApplicationInfo com.EvilChaotic.ModernWarplanes version 1.8.27 build 79cb6386-a027-419c-a43d-6f159c32650a
06-29 10:31:17.498 12354 12369 I Unity   : Built from '2018.3/release' branch, Version '2018.3.13f1 (06548a9e9582)', Build type 'Release', Scripting Backend 'mono', CPU 'x86'
06-29 10:31:17.593  1398  1398 D gralloc_ranchu: gralloc_alloc: Creating ashmem region of size 8298496
06-29 10:31:17.737  1398  1398 D gralloc_ranchu: gralloc_alloc: Creating ashmem region of size 8298496
06-29 10:31:18.187 12135 12145 W zygote  : Suspending all threads took: 17.678ms
06-29 10:31:18.522  1600  1609 I zygote  : NativeAlloc concurrent copying GC freed 4224(369KB) AllocSpace objects, 5(228KB) LOS objects, 30% free, 13MB/19MB, paused 1.141ms total 1.040s
06-29 10:31:18.791  1406  1406 I boot-pipe: done populating /dev/random
06-29 10:31:20.873 12354 12369 D         : HostConnection::get() New Host Connection established 0x863b2580, tid 12369
06-29 10:31:20.946 12354 12369 I zygote  : android::hardware::configstore::V1_0::ISurfaceFlingerConfigs::hasWideColorDisplay retrieved: 0
06-29 10:31:20.947 12354 12369 E EGL_emulation: [getAttribValue] Bad attribute idx
06-29 10:31:20.947 12354 12369 D EGL_emulation: eglGetConfigAttrib: bad attrib 0x1
06-29 10:31:20.947 12354 12369 E EGL_emulation: tid 12369: eglGetConfigAttrib(894): error 0x3004 (EGL_BAD_ATTRIBUTE)
06-29 10:31:20.980  1398  1398 D gralloc_ranchu: gralloc_alloc: Creating ashmem region of size 8298496
06-29 10:31:21.089 12354 12369 D EGL_emulation: eglCreateContext: 0x872d5440: maj 2 min 0 rcv 2
06-29 10:31:21.091 12354 12369 D EGL_emulation: eglMakeCurrent: 0x872d5440: ver 2 0 (tinfo 0x87018670)
06-29 10:31:21.108 12354 12369 D Unity   :  GL_EXT_debug_marker GL_OES_EGL_image GL_OES_EGL_image_external GL_OES_depth24 GL_OES_depth32 GL_OES_element_index_uint GL_OES_texture_float GL_OES_texture_float_linear GL_OES_compressed_ETC1_RGB8_texture GL_OES_depth_texture GL_OES_texture_half_float GL_OES_texture_half_float_linear GL_OES_packed_depth_stencil GL_OES_texture_npot GL_OES_rgb8_rgba8 GL_EXT_color_buffer_half_float GL_EXT_texture_format_BGRA8888 ANDROID_EMU_CHECKSUM_HELPER_v1 ANDROID_EMU_dma_v1 GL_OES_vertex_array_object GL_KHR_texture_compression_astc_ldr ANDROID_EMU_gles_max_version_2
06-29 10:31:21.182 12354 12394 D         : HostConnection::get() New Host Connection established 0x9e412340, tid 12394
06-29 10:31:21.197 12354 12394 D EGL_emulation: eglMakeCurrent: 0x872d5440: ver 2 0 (tinfo 0x9e4032c0)
06-29 10:31:21.200 12354 12369 D EGL_emulation: eglMakeCurrent: 0x872d5440: ver 2 0 (tinfo 0x87018670)
06-29 10:31:21.203 12354 12394 D EGL_emulation: eglMakeCurrent: 0x872d5440: ver 2 0 (tinfo 0x9e4032c0)
06-29 10:31:21.219 12354 12369 D EGL_emulation: eglMakeCurrent: 0x872d5440: ver 2 0 (tinfo 0x87018670)
06-29 10:31:21.232 12354 12394 D EGL_emulation: eglMakeCurrent: 0x872d5440: ver 2 0 (tinfo 0x9e4032c0)
06-29 10:31:21.497  1473  6353 W AudioFlinger: createTrack_l(): mismatch between requested flags (00000008) and output flags (00000006)
06-29 10:31:21.503 12354 12395 D AudioTrack: Client defaulted notificationFrames to 1365 for frameCount 4096
06-29 10:31:21.528 12354 12395 W AudioTrack: Use of stream types is deprecated for operations other than volume control
06-29 10:31:21.528 12354 12395 W AudioTrack: See the documentation of AudioTrack() for what to use instead with android.media.AudioAttributes to qualify your playback use case
06-29 10:31:21.539  1600  1792 V MediaRouterService: restoreBluetoothA2dp(false)
06-29 10:31:21.540  1390  2659 W audio_hw_generic: Not supplying enough data to HAL, expected position 44808535 , only wrote 44808480
06-29 10:31:23.051  1473  1561 D AudioFlinger: mixer(0xa6c83380) throttle end: throttle time(3)
06-29 10:31:25.083 12135 12343 I UnityAds: com.unity3d.services.core.api.Sdk.logInfo() (line:69) :: Requesting configuration from https://publisher-config.unityads.unity3d.com/games/64136/configuration?bundleId=com.skgames.trafficrider&encrypted=true&rooted=false&platform=android&sdkVersion=3003&osVersion=8.1.0&deviceModel=Android%20SDK%20built%20for%20x86&language=en_US&test=false&analyticsSessionId=7176400286780994057&deviceMake=Google&advertisingTrackingId=5abff647-1769-453d-a781-f50df938ad7a&limitAdTracking=false&frameworkName=Unity&frameworkVersion=2017.4.25f1&adapterName=AssetStore&adapterVersion=3.0.3
06-29 10:31:26.650  1473  1561 D AudioFlinger: mixer(0xa6c83380) throttle end: throttle time(4)
06-29 10:31:26.773  1600  1613 E memtrack: Couldn't load memtrack module
06-29 10:31:26.773  1600  1613 W android.os.Debug: failed to get memory consumption info: -1
06-29 10:31:27.135  1600  1613 E memtrack: Couldn't load memtrack module
06-29 10:31:27.135  1600  1613 W android.os.Debug: failed to get memory consumption info: -1
06-29 10:31:27.268  1390  2659 W audio_hw_generic: Not supplying enough data to HAL, expected position 45083445 , only wrote 45082800
06-29 10:31:27.275  1473  1561 D AudioFlinger: mixer(0xa6c83380) throttle end: throttle time(1)
06-29 10:31:27.491  1473  1561 D AudioFlinger: mixer(0xa6c83380) throttle end: throttle time(7)
06-29 10:31:27.939 12354 12369 W Unity   : OnLevelWasLoaded was found on AntiCheat
06-29 10:31:27.939 12354 12369 W Unity   : This message has been deprecated and will be removed in a later version of Unity.
06-29 10:31:27.939 12354 12369 W Unity   : Add a delegate to SceneManager.sceneLoaded instead to get notifications after scene loading has completed
06-29 10:31:27.939 12354 12369 W Unity   :  
06-29 10:31:27.939 12354 12369 W Unity   : (Filename:  Line: 356)
06-29 10:31:27.939 12354 12369 W Unity   : 
06-29 10:31:28.037 12354 12369 W Unity   : OnLevelWasLoaded was found on InjectionDetector
06-29 10:31:28.037 12354 12369 W Unity   : This message has been deprecated and will be removed in a later version of Unity.
06-29 10:31:28.037 12354 12369 W Unity   : Add a delegate to SceneManager.sceneLoaded instead to get notifications after scene loading has completed
06-29 10:31:28.037 12354 12369 W Unity   :  
06-29 10:31:28.037 12354 12369 W Unity   : (Filename:  Line: 356)
06-29 10:31:28.037 12354 12369 W Unity   : 
06-29 10:31:28.192 12354 12369 W Unity   : OnLevelWasLoaded was found on ObjectsPoolsManager
06-29 10:31:28.192 12354 12369 W Unity   : This message has been deprecated and will be removed in a later version of Unity.
06-29 10:31:28.192 12354 12369 W Unity   : Add a delegate to SceneManager.sceneLoaded instead to get notifications after scene loading has completed
06-29 10:31:28.192 12354 12369 W Unity   :  
06-29 10:31:28.192 12354 12369 W Unity   : (Filename:  Line: 356)
06-29 10:31:28.192 12354 12369 W Unity   : 
06-29 10:31:28.415 12354 12369 W Unity   : OnLevelWasLoaded was found on BB_Settings
06-29 10:31:28.415 12354 12369 W Unity   : This message has been deprecated and will be removed in a later version of Unity.
06-29 10:31:28.415 12354 12369 W Unity   : Add a delegate to SceneManager.sceneLoaded instead to get notifications after scene loading has completed
06-29 10:31:28.415 12354 12369 W Unity   :  
06-29 10:31:28.415 12354 12369 W Unity   : (Filename:  Line: 356)
06-29 10:31:28.415 12354 12369 W Unity   : 
06-29 10:31:28.504 12354 12369 W Unity   : OnLevelWasLoaded was found on AnalyticsBehaviour
06-29 10:31:28.504 12354 12369 W Unity   : This message has been deprecated and will be removed in a later version of Unity.
06-29 10:31:28.504 12354 12369 W Unity   : Add a delegate to SceneManager.sceneLoaded instead to get notifications after scene loading has completed
06-29 10:31:28.504 12354 12369 W Unity   :  
06-29 10:31:28.504 12354 12369 W Unity   : (Filename:  Line: 356)
06-29 10:31:28.504 12354 12369 W Unity   : 
06-29 10:31:28.583 12135 12343 I UnityAds: com.unity3d.services.core.api.Sdk.logInfo() (line:69) :: Received configuration for token eyJhbGciOiJIUzI1NiIsInR5cCI6IkpXVCJ9.eyJhdWMiOjE4NywiY3BpIjoxNzcsImlhcCI6MTkyLCJsdHYiOjE2LCJwcm8iOjM3LCJ4cHIiOjY1LCJzdWIiOiJHUEdyWmwrSnN1MGUxMGFVV2FzZU85L2ppTENYVmIycFJSK1lrSFNZZlZna3luVnJ1TnBuTzZ5SUN4YmFxR1pLUVNablV3PT0iLCJpYXQiOjE1NjE4MTg2ODYsImV4cCI6MTU2MzAyODI4NiwiaXNzIjoiY29tZXQudW5pdHlhZHMudW5pdHkzZC5jb20iLCJjcmVhdGVkIjoxNTU3NDQzMjUyMDAwfQ.CPGI3SrEcdDpcA5FjJGCqrA3kk5iwOuwBD6eWzg0GCI (A/B group 8)
06-29 10:31:28.819  1473  1561 D AudioFlinger: mixer(0xa6c83380) throttle end: throttle time(4)
06-29 10:31:28.858 12135 12135 D OpenGLRenderer: HWUI GL Pipeline
06-29 10:31:28.896  1473  1561 D AudioFlinger: mixer(0xa6c83380) throttle end: throttle time(1)
06-29 10:31:29.006  1390  2659 W audio_hw_generic: Not supplying enough data to HAL, expected position 45166215 , only wrote 45165600
06-29 10:31:29.046  1473  1561 D AudioFlinger: mixer(0xa6c83380) throttle end: throttle time(1)
06-29 10:31:29.203  1390  2659 W audio_hw_generic: Not supplying enough data to HAL, expected position 45175053 , only wrote 45174960
06-29 10:31:29.212 12354 12369 W Unity   : OnLevelWasLoaded was found on LegionStateMachine
06-29 10:31:29.212 12354 12369 W Unity   : This message has been deprecated and will be removed in a later version of Unity.
06-29 10:31:29.212 12354 12369 W Unity   : Add a delegate to SceneManager.sceneLoaded instead to get notifications after scene loading has completed
06-29 10:31:29.212 12354 12369 W Unity   :  
06-29 10:31:29.212 12354 12369 W Unity   : (Filename:  Line: 356)
06-29 10:31:29.212 12354 12369 W Unity   : 
06-29 10:31:29.216  1473  1561 D AudioFlinger: mixer(0xa6c83380) throttle end: throttle time(7)
06-29 10:31:29.234 12354 12369 W Unity   : OnLevelWasLoaded was found on ObscuredCheatingDetector
06-29 10:31:29.234 12354 12369 W Unity   : This message has been deprecated and will be removed in a later version of Unity.
06-29 10:31:29.234 12354 12369 W Unity   : Add a delegate to SceneManager.sceneLoaded instead to get notifications after scene loading has completed
06-29 10:31:29.234 12354 12369 W Unity   :  
06-29 10:31:29.234 12354 12369 W Unity   : (Filename:  Line: 356)
06-29 10:31:29.234 12354 12369 W Unity   : 
06-29 10:31:29.633 12354 12369 W Unity   : OnLevelWasLoaded was found on BB_LodoutData
06-29 10:31:29.633 12354 12369 W Unity   : This message has been deprecated and will be removed in a later version of Unity.
06-29 10:31:29.633 12354 12369 W Unity   : Add a delegate to SceneManager.sceneLoaded instead to get notifications after scene loading has completed
06-29 10:31:29.633 12354 12369 W Unity   :  
06-29 10:31:29.633 12354 12369 W Unity   : (Filename:  Line: 356)
06-29 10:31:29.633 12354 12369 W Unity   : 
06-29 10:31:29.742 12354 12369 W Unity   : OnLevelWasLoaded was found on SpeedHackDetector
06-29 10:31:29.742 12354 12369 W Unity   : This message has been deprecated and will be removed in a later version of Unity.
06-29 10:31:29.742 12354 12369 W Unity   : Add a delegate to SceneManager.sceneLoaded instead to get notifications after scene loading has completed
06-29 10:31:29.742 12354 12369 W Unity   :  
06-29 10:31:29.742 12354 12369 W Unity   : (Filename:  Line: 356)
06-29 10:31:29.742 12354 12369 W Unity   : 
06-29 10:31:29.749 12354 12369 W Unity   : OnLevelWasLoaded was found on WallHackDetector
06-29 10:31:29.749 12354 12369 W Unity   : This message has been deprecated and will be removed in a later version of Unity.
06-29 10:31:29.749 12354 12369 W Unity   : Add a delegate to SceneManager.sceneLoaded instead to get notifications after scene loading has completed
06-29 10:31:29.749 12354 12369 W Unity   :  
06-29 10:31:29.749 12354 12369 W Unity   : (Filename:  Line: 356)
06-29 10:31:29.749 12354 12369 W Unity   : 
06-29 10:31:30.098  1600  2371 I ActivityManager: Killing 10746:android.process.media/u0a9 (adj 906): empty #17
06-29 10:31:30.099  1600  1613 E memtrack: Couldn't load memtrack module
06-29 10:31:30.099  1600  1613 W android.os.Debug: failed to get memory consumption info: -1
06-29 10:31:30.106  1600  1616 W zygote  : kill(-10746, 9) failed: No such process
06-29 10:31:30.547  1600  1616 I chatty  : uid=1000(system) ActivityManager identical 10 lines
06-29 10:31:30.593  1600  1616 W zygote  : kill(-10746, 9) failed: No such process
06-29 10:31:30.596  1600  1616 I zygote  : Successfully killed process cgroup uid 10009 pid 10746 in 488ms
06-29 10:31:30.666 12354 12369 W Unity   : OnLevelWasLoaded was found on SkillSystem
06-29 10:31:30.666 12354 12369 W Unity   : This message has been deprecated and will be removed in a later version of Unity.
06-29 10:31:30.666 12354 12369 W Unity   : Add a delegate to SceneManager.sceneLoaded instead to get notifications after scene loading has completed
06-29 10:31:30.666 12354 12369 W Unity   :  
06-29 10:31:30.666 12354 12369 W Unity   : (Filename:  Line: 356)
06-29 10:31:30.666 12354 12369 W Unity   : 
06-29 10:31:32.190  1390  2659 W audio_hw_generic: Not supplying enough data to HAL, expected position 45318351 , only wrote 45318240
06-29 10:31:32.233  1473  1561 D AudioFlinger: mixer(0xa6c83380) throttle end: throttle time(13)
06-29 10:31:32.280 12135 12135 W Ads     : GET LOCATION COMPILED
06-29 10:31:32.513 12135 12135 I ExoPlayerImpl: Init 1.3.1
06-29 10:31:32.693 12135 12198 I zygote  : Deoptimizing java.lang.Object com.google.android.gms.ads.internal.config.k.a(com.google.android.gms.ads.internal.config.c) due to JIT inline cache
06-29 10:31:33.013 12135 12135 I Unity   : Could not load type 'UnityEngine.Analytics.AnalyticsEvent,Unity.Analytics.StandardEvents'.
06-29 10:31:33.013 12135 12135 I Unity   :  
06-29 10:31:33.013 12135 12135 I Unity   : (Filename: /Users/builduser/buildslave/unity/build/artifacts/generated/common/runtime/DebugBindings.gen.cpp Line: 51)
06-29 10:31:33.013 12135 12135 I Unity   : 
06-29 10:31:33.032 12135 12135 I Choreographer: Skipped 41 frames!  The application may be doing too much work on its main thread.
