06-30 09:57:20.692  3360  3443 D EGL_emulation: eglMakeCurrent: 0x963e3b00: ver 2 0 (tinfo 0xa79590d0)
06-30 09:57:20.717  1397  1397 D gralloc_ranchu: gralloc_alloc: Creating ashmem region of size 274432
06-30 09:57:20.815  1600  2083 I WifiService: releaseWifiLock uid=10014
06-30 09:57:20.826  3360  3360 W StatusBar/NavBarView: *** Invalid layout in navigation bar (sizeChanged this=1080x126 cur=1038x126)
06-30 09:57:21.105  1397  1397 D gralloc_ranchu: gralloc_alloc: Creating ashmem region of size 274432
06-30 09:57:21.137  3360  3443 D EGL_emulation: eglMakeCurrent: 0x963e3b00: ver 2 0 (tinfo 0xa79590d0)
06-30 09:57:21.145  3360  3360 W StatusBar: removeNotification for unknown key: 0|net.osmand|1005|null|10104
06-30 09:57:21.245  7057  7073 I zygote  : Waiting for a blocking GC ProfileSaver
06-30 09:57:21.267  3360  3443 D EGL_emulation: eglMakeCurrent: 0x963e3b00: ver 2 0 (tinfo 0xa79590d0)
06-30 09:57:21.347  7125  7125 W ComponentDiscovery: Application info not found.
06-30 09:57:21.348  7125  7125 W ComponentDiscovery: Could not retrieve metadata, returning empty list of registrars.
06-30 09:57:21.374  7125  7125 I Notifications: [ChimeBroadcastReceiver] Intent received for action [android.intent.action.TIMEZONE_CHANGED] package [com.google.android.play.games].
06-30 09:57:21.413  7125  7125 I Notifications: [ChimeBroadcastReceiver] Validation OK for action [android.intent.action.TIMEZONE_CHANGED].
06-30 09:57:21.426  7125  7155 I Notifications: [ChimeBroadcastReceiver] Executing action in BroadcastReceiver [android.intent.action.TIMEZONE_CHANGED].
06-30 09:57:21.649  1600  1919 W ActivityManager: Slow operation: 111ms so far, now at startProcess: returned from zygote!
06-30 09:57:21.649  1600  1919 W ActivityManager: Slow operation: 111ms so far, now at startProcess: done updating battery stats
06-30 09:57:21.649  1600  1919 W ActivityManager: Slow operation: 111ms so far, now at startProcess: building log message
06-30 09:57:21.649  1600  1919 I ActivityManager: Start proc 7156:com.mapswithme.maps.pro/u0a85 for broadcast com.mapswithme.maps.pro/ru.mail.notify.core.utils.TimeChangeReceiver
06-30 09:57:21.649  1600  1919 W ActivityManager: Slow operation: 112ms so far, now at startProcess: starting to update pids map
06-30 09:57:21.649  1600  1919 W ActivityManager: Slow operation: 112ms so far, now at startProcess: done updating pids map
06-30 09:57:21.650  1600  1919 W ActivityManager: Slow operation: 116ms so far, now at startProcess: done starting proc!
06-30 09:57:21.657  7156  7156 W zygote  : Unexpected CPU variant for X86 using defaults: x86
06-30 09:57:21.665  1600  1919 I ActivityManager: Killing 2906:android.process.media/u0a9 (adj 906): empty #17
06-30 09:57:21.679  1600  1621 W WindowManager: App freeze timeout expired.
06-30 09:57:21.679  1600  1621 W WindowManager: Force clearing freeze: AppWindowToken{74425d1 token=Token{fa44f6a ActivityRecord{ccb4955 u0 net.osmand/.plus.activities.MapActivity t8}}}
06-30 09:57:21.690  1600  1919 I ActivityManager: Killing 3145:com.google.process.gapps/u0a52 (adj 906): empty #17
06-30 09:57:21.692  1600  1616 W zygote  : kill(-2906, 9) failed: No such process
06-30 09:57:21.719  2890  2901 I Finsky  : [126] bgc.a(1): Received content filters request from com.google.android.play.games
06-30 09:57:21.765  1600  1616 W zygote  : kill(-2906, 9) failed: No such process
06-30 09:57:21.826  1600  1616 W zygote  : kill(2906, 9) failed: No such process
06-30 09:57:21.874  1600  1616 W zygote  : kill(-2906, 9) failed: No such process
06-30 09:57:21.874  1600  1616 I zygote  : Successfully killed process cgroup uid 10009 pid 2906 in 199ms
06-30 09:57:21.874  1600  1616 W zygote  : kill(-3145, 9) failed: No such process
06-30 09:57:21.875  1600  1616 I zygote  : Successfully killed process cgroup uid 10052 pid 3145 in 0ms
06-30 09:57:21.908  1600  2362 W ActivityManager: Slow operation: 73ms so far, now at attachApplicationLocked: after sendPendingBroadcastsLocked
06-30 09:57:22.074  1969  6929 W Conscrypt: Could not set socket write timeout: java.net.SocketException: Socket closed
06-30 09:57:22.074  1969  6929 W Conscrypt: 	at com.google.android.gms.org.conscrypt.Platform.setSocketWriteTimeout(:com.google.android.gms@17785022@17.7.85 (040700-253824076):2)
06-30 09:57:22.074  1969  6929 W Conscrypt: 	at com.google.android.gms.org.conscrypt.ConscryptFileDescriptorSocket.setSoWriteTimeout(:com.google.android.gms@17785022@17.7.85 (040700-253824076):2)
06-30 09:57:22.094  1969  1969 W ChimeraUtils: Non Chimera context
06-30 09:57:22.094  1969  1969 W ChimeraUtils: Non Chimera context
06-30 09:57:22.219  1600  3103 I zygote  : IncrementDisableThreadFlip blocked for 31.789ms
06-30 09:57:22.233  1600  4065 I zygote  : IncrementDisableThreadFlip blocked for 18.144ms
06-30 09:57:22.251  7125  7145 I zygote  : Deoptimizing java.lang.Object we.put(java.lang.Object, java.lang.Object) due to JIT inline cache
06-30 09:57:22.323  1600  1600 I GnssLocationProvider: WakeLock acquired by sendMessage(SUBSCRIPTION_OR_SIM_CHANGED, 0, null)
06-30 09:57:22.333  1807  1807 D MccTable: updateMccMncConfiguration mccmnc='null' fromServiceState=true
06-30 09:57:22.333  1807  1807 D MccTable: WIFI_COUNTRY_CODE set to 
06-30 09:57:22.333  1600  2362 I WifiService: WifiService trying to set country code to  with persist set to false
06-30 09:57:22.333  1600  2362 I WifiService: setCountryCode uid=1001
06-30 09:57:22.379  4296  7173 W Bugle   : BuglePhoneNumberUtils: canonicalizeMccMnc: invalid mccmnc. mcc: null, mnc: null
06-30 09:57:22.397  1807  1807 D ServiceStateProvider: subId=1
06-30 09:57:22.407  1969  1969 W SystemServiceRegistry: No service published for: persistent_data_block
06-30 09:57:22.428  4296  7173 I Bugle   : Carrier configs loaded: Bundle[{carrier_volte_provisioned_bool=false, httpSocketTimeout=60000, carrier_wfc_supports_wifi_only_bool=false, carrier_default_actions_on_default_network_available_string_array=[Ljava.lang.String;@822a116, operator_selection_expand_bool=true, disable_cdma_activation_code_bool=false, simplified_network_settings_bool=false, enable_apps_string_array=null, carrier_default_wfc_ims_roaming_enabled_bool=false, cdma_nonroaming_networks_string_array=null, aliasMinChars=2, wfc_data_spn_format_idx_int=0, hide_sim_lock_settings_bool=false, drop_video_call_when_answering_audio_call_bool=false, ci_action_on_sys_update_bool=false, convert_cdma_caller_id_mmi_codes_while_roaming_on_3gpp_bool=false, vvm_port_number_int=1808, carrier_default_wfc_ims_enabled_bool=false, dial_string_replace_string_array=null, gsm_nonroaming_networks_string_array=null, hide_ims_apn_bool=false, vvm_destination_number_string=122, dtmf_type_enabled_bool=false, allow_video_calling_fallback_bool=true, config_ims_package_override_string=null, smsToMmsTextThreshold=-1, disable_severe_when_extreme_disabled_bool=true, force_home_network_bool=false, enableSMSDeliveryReports=true, auto_retry_enabled_bool=false, carrier_force_disable_etws_cmas_test_bool=false, allow_emergency_video_calls_bool=false, csp_enabled_bool=false, default_sim_call_manager_string=, call_forwarding_blocks_while_roaming_string_array=null, emergency_notification_delay_int=-1, support_video_conference_call_bool=false, ims_dtmf_tone_delay_int=0, carrier_instant_lettering_escaped_chars_string=, carrier_default_wfc_ims_roaming_mode_int=2, editable_wfc_mode_bool=true, support_direct_fdn_dialing_bool=false, carrier_wifi_string_array=null, treat_downgraded_video_calls_as_video_calls_bool=false, wifi_calls_can_be_hd_audio=true, support_downgrade_vt_to_audio_bool=true, notify_handover_video_from_lte_to_wifi_bool=false, use_otasp_for_provisioning_bool=false, maxMessageTextSize=-1, duration_blocking_disabled_after_emergency_int=7200, carrier_metered_roaming_apn_types_strings=[Ljava.lang.String;@d77a97, show_apn_setting_cdma_bool=false, carrier_instant_lettering_length_limit_int=64, carrier_instant_lettering_invalid_chars_string=, carrier_setup_app_string=, editable_wfc_roaming_mode_bool=false, supportMmsContentDisposition=true, allow_non_emergency_calls_in_ecm_bool=true, use_rcs_presence_bool=false, cdma_dtmf_tone_delay_int=100, editable_voicemail_number_bool=false, carrier_data_call_apn_retry_after_disconnect_long=10000, filtered_cnap_names_string_array=null, enabledTransID=false, aliasEnabled=false, vvm_disabled_capabilities_string_array=null, ims_conference_size_limit_int=5, supportHttpCharsetHeader=false, vvm_prefetch_bool=true, hide_enhanced_4g_lte_bool=false, display_hd_audio_property_bool=true, has_in_call_noise_suppression_bool=false, voicemail_notification_persistent_bool=false, carrier_default_actions_on_reset_string_array=[Ljava.lang.String;@ae36484, world_phone_bool=false, ims_reasoninfo_mapping_string_array=null, default_vm_number_string=, data_limit_threshold_bytes_long=-1, allowAttachAudio=true, ci_action_on_sys_update_extra_string=, ignore_sim_network_locked_events_bool=false, spamForwardingNumber=7726, notify_international_call_on_wfc_bool=false, call_forwarding_map_non_number_to_voicemail_bool=false, carrier_instant_lettering_available_bool=false, stk_disable_launch_browser_bool=false, carrier_use_ims_first_for_emergency_bool=true, carrier_vt_available_bool=true, smsToMmsTextLengthThreshold=-1, config_wifi_disable_in_ecbm=false, ci_action_on_sys_update_intent_string=, additional_call_setting_bool=true, carrier_app_no_wake_signal_config=null, sms_requires_destination_number_conversion_bool=false, carrier_default_actions_on_redirection_string_array=[Ljava.lang.String;@d8a346d, support_swap_after_merge_bool=true, recipientLimit=2147483647, notify_vt_handover_to_wifi_failure_bool=false, gsm_dtmf_tone_delay_int=0, show_onscreen_dial_button_bool=true, uaProfTagName=x-wap-profile, sim_network_unlock_allow_dismiss_bool=true, cdma_3waycall
06-30 09:57:22.510  1807  1807 I TelecomFramework: PstnIncomingCallNotifier: Unregistering: Handler (com.android.internal.telephony.GsmCdmaPhone) {4aabea9}
06-30 09:57:22.573  1405  1405 I boot-pipe: done populating /dev/random
06-30 09:57:22.626  1600  3357 I Telecom : PhoneAccountRegistrar: Modify account: [ComponentInfo{com.android.phone/com.android.services.telephony.TelephonyConnectionService}, [****], UserHandle{0}(lbl:  -> Android)(desc:  -> Android)]: TSI.rPA@ALg
06-30 09:57:22.629  1807  1807 I TelecomFramework: AccountEntry: Registered phoneAccount: [[ ] PhoneAccount: ComponentInfo{com.android.phone/com.android.services.telephony.TelephonyConnectionService}, [****], UserHandle{0} Capabilities: CallProvider MultiUser PlaceEmerg SimSub  Audio Routes: BESW Schemes: tel voicemail  Extras: Bundle[{android.telecom.extra.SUPPORTS_VIDEO_CALLING_FALLBACK=true}] GroupId: [****]] with handle: ComponentInfo{com.android.phone/com.android.services.telephony.TelephonyConnectionService}, [****], UserHandle{0}
06-30 09:57:22.630  1807  1807 I TelecomFramework: PstnIncomingCallNotifier: Registering: Handler (com.android.internal.telephony.GsmCdmaPhone) {4aabea9}
06-30 09:57:22.650  1807  1807 D TelephonyProvider: subIdString = 1 subId = 1
06-30 09:57:22.668  1807  1807 I chatty  : uid=1001(radio) com.android.phone identical 2 lines
06-30 09:57:22.712  1807  1807 D TelephonyProvider: subIdString = 1 subId = 1
06-30 09:57:22.728  1600  1676 I WifiService: getConnectionInfo uid=1000
06-30 09:57:22.769  1807  1807 D TelephonyProvider: subIdString = 1 subId = 1
06-30 09:57:22.795  1807  1807 D TelephonyProvider: subIdString = 1 subId = 1
06-30 09:57:22.819  1600  1669 D RecurrenceRule: Resolving using anchor 2019-06-30T13:57:22.818Z[GMT]
06-30 09:57:22.820  1807  1807 D TelephonyProvider: subIdString = 1 subId = 1
06-30 09:57:22.841  1807  1807 D TelephonyProvider: subIdString = 1 subId = 1
06-30 09:57:22.842  2168  6934 W Conscrypt: Could not set socket write timeout: java.net.SocketException: Socket closed
06-30 09:57:22.845  1600  1669 D RecurrenceRule: Resolving using anchor 2019-06-30T13:57:22.841Z[GMT]
06-30 09:57:22.850  1807  1807 D TelephonyProvider: subIdString = 1 subId = 1
06-30 09:57:22.857  1600  1669 D RecurrenceRule: Cycle 17 from 2019-06-09T00:00Z[GMT] to 2019-07-09T00:00Z[GMT]
06-30 09:57:22.870  1600  1669 D NetworkStats: Resolving plan for NetworkTemplate: matchRule=MOBILE_ALL, subscriberId=310260..., matchSubscriberIds=[310260...]
06-30 09:57:22.894  1600  1669 D NetworkStats: Found active matching subId 1
06-30 09:57:22.895  1807  1807 I TelecomFramework: PstnPhoneCapabilitiesNotifier: handleVideoCapabilitesChanged. Video capability - false
06-30 09:57:22.916  2168  6934 W Conscrypt: 	at com.google.android.gms.org.conscrypt.Platform.setSocketWriteTimeout(:com.google.android.gms@17785022@17.7.85 (040700-253824076):2)
06-30 09:57:22.916  2168  6934 W Conscrypt: 	at com.google.android.gms.org.conscrypt.ConscryptFileDescriptorSocket.setSoWriteTimeout(:com.google.android.gms@17785022@17.7.85 (040700-253824076):2)
06-30 09:57:22.942  1600  1669 D NetworkStats: Resolved to plan null
06-30 09:57:22.944  1600  3357 I Telecom : PhoneAccountRegistrar: Modify account: [ComponentInfo{com.android.phone/com.android.services.telephony.TelephonyConnectionService}, [****], UserHandle{0}]: TSI.rPA@ALw
06-30 09:57:22.967  1600  2083 I GnssLocationProvider: WakeLock acquired by sendMessage(SET_REQUEST, 0, com.android.server.location.GnssLocationProvider$GpsRequest@e3e3825)
06-30 09:57:23.031  1969  6407 W Conscrypt: Could not set socket write timeout: java.net.SocketException: Socket closed
06-30 09:57:23.031  1969  6407 W Conscrypt: 	at com.google.android.gms.org.conscrypt.Platform.setSocketWriteTimeout(:com.google.android.gms@17785022@17.7.85 (040700-253824076):2)
06-30 09:57:23.031  1969  6407 W Conscrypt: 	at com.google.android.gms.org.conscrypt.ConscryptFileDescriptorSocket.setSoWriteTimeout(:com.google.android.gms@17785022@17.7.85 (040700-253824076):2)
06-30 09:57:23.044  1969  1969 I GeofencerStateMachine: sendNewLocationAvailability: availability=LocationAvailability[isLocationAvailable: true]
06-30 09:57:23.050  1600  1600 W WindowManager: removeWindowToken: Attempted to remove non-existing token: android.os.Binder@659878a
06-30 09:57:23.093  6752  6783 I chatty  : uid=10104(net.osmand) RenderingBaseIm expire 16 lines
06-30 09:57:23.129  6752  6762 I chatty  : uid=10104(net.osmand) HeapTaskDaemon expire 4 lines
06-30 09:57:23.148  1397  1397 D gralloc_ranchu: gralloc_alloc: Creating ashmem region of size 8298496
06-30 09:57:23.259  1969  6868 V NativeCrypto: Read error: ssl=0xb212e788: Failure in SSL library, usually a protocol error
06-30 09:57:23.259  1969  6868 V NativeCrypto: error:100000d7:SSL routines:OPENSSL_internal:SSL_HANDSHAKE_FAILURE (third_party/openssl/boringssl/src/ssl/ssl_lib.cc:1024 0x94a919ff:0x00000000)
06-30 09:57:23.297  6752  6782 I chatty  : uid=10104(net.osmand) Loader map obje expire 108 lines
06-30 09:57:23.398  1969  6929 W Conscrypt: Could not set socket write timeout: java.net.SocketException: Socket closed
06-30 09:57:23.399  1969  6929 W Conscrypt: 	at com.google.android.gms.org.conscrypt.Platform.setSocketWriteTimeout(:com.google.android.gms@17785022@17.7.85 (040700-253824076):2)
06-30 09:57:23.399  1969  6929 W Conscrypt: 	at com.google.android.gms.org.conscrypt.ConscryptFileDescriptorSocket.setSoWriteTimeout(:com.google.android.gms@17785022@17.7.85 (040700-253824076):2)
06-30 09:57:23.594  7156  7156 I MultiDex: VM with version 2.1.0 has multidex support
06-30 09:57:23.594  7156  7156 I MultiDex: Installing application
06-30 09:57:23.594  7156  7156 I MultiDex: VM has multidex support, MultiDex support library is disabled.
06-30 09:57:23.606  1969  6407 W Conscrypt: Could not set socket write timeout: java.net.SocketException: Socket closed
06-30 09:57:23.606  1969  6407 W Conscrypt: 	at com.google.android.gms.org.conscrypt.Platform.setSocketWriteTimeout(:com.google.android.gms@17785022@17.7.85 (040700-253824076):2)
06-30 09:57:23.606  1969  6407 W Conscrypt: 	at com.google.android.gms.org.conscrypt.ConscryptFileDescriptorSocket.setSoWriteTimeout(:com.google.android.gms@17785022@17.7.85 (040700-253824076):2)
06-30 09:57:23.925  2168  6934 W Conscrypt: Could not set socket write timeout: java.net.SocketException: Socket closed
06-30 09:57:23.925  2168  6934 W Conscrypt: 	at com.google.android.gms.org.conscrypt.Platform.setSocketWriteTimeout(:com.google.android.gms@17785022@17.7.85 (040700-253824076):2)
06-30 09:57:23.925  2168  6934 W Conscrypt: 	at com.google.android.gms.org.conscrypt.ConscryptFileDescriptorSocket.setSoWriteTimeout(:com.google.android.gms@17785022@17.7.85 (040700-253824076):2)
06-30 09:57:23.931  7156  7178 D Pushwoosh: [CrashAnalytics] Looking for exceptions in: /data/user/0/com.mapswithme.maps.pro/files
06-30 09:57:23.939  7156  7156 W Pushwoosh: 'PW_APPID' is deprecated consider using 'com.pushwoosh.appid'
06-30 09:57:23.939  7156  7156 W Pushwoosh: 'PW_PROJECT_ID' is deprecated consider using 'com.pushwoosh.senderid'
06-30 09:57:24.060  7156  7156 I Pushwoosh: Log level: DEBUG
06-30 09:57:24.067  7156  7156 I Pushwoosh: [NotificationManager] Sender ID: 933744938687
06-30 09:57:24.067  7156  7156 I Pushwoosh: [NotificationManager] App ID: 84E00-0F767
06-30 09:57:24.147  1969  6407 W Conscrypt: Could not set socket write timeout: java.net.SocketException: Socket closed
06-30 09:57:24.154  6752  6799 I chatty  : uid=10104(net.osmand) RenderThread expire 1 line
06-30 09:57:24.181  1969  6407 W Conscrypt: 	at com.google.android.gms.org.conscrypt.Platform.setSocketWriteTimeout(:com.google.android.gms@17785022@17.7.85 (040700-253824076):2)
06-30 09:57:24.191  1397  1397 D gralloc_ranchu: gralloc_alloc: Creating ashmem region of size 8298496
06-30 09:57:24.193  1969  6407 W Conscrypt: 	at com.google.android.gms.org.conscrypt.ConscryptFileDescriptorSocket.setSoWriteTimeout(:com.google.android.gms@17785022@17.7.85 (040700-253824076):2)
06-30 09:57:24.248  1397  1397 D gralloc_ranchu: gralloc_alloc: Creating ashmem region of size 3878912
06-30 09:57:24.278  1600  1647 I WindowManager: Screen frozen for +4s651ms due to Window{d3f31a1 u0 net.osmand/net.osmand.plus.activities.MapActivity}
06-30 09:57:24.467  1600  1609 I zygote  : Background concurrent copying GC freed 29067(1897KB) AllocSpace objects, 27(1404KB) LOS objects, 30% free, 13MB/19MB, paused 21.860ms total 2.272s
06-30 09:57:24.493  1407  1407 D SurfaceFlinger: duplicate layer name: changing BlackSurface to BlackSurface#1
06-30 09:57:24.516  7156  7190 D NetworkSecurityConfig: Using Network Security Config from resource network_security_config debugBuild: false
06-30 09:57:24.524  1407  1407 D SurfaceFlinger: duplicate layer name: changing BlackSurface to BlackSurface#2
06-30 09:57:24.536  1407  1407 D SurfaceFlinger: duplicate layer name: changing BlackSurface to BlackSurface#2
06-30 09:57:24.853  7156  7156 D MoPub   : Initializing MoPub
06-30 09:57:25.167  7156  7156 I MoPub   : ManifestUtils running without interstitial module
06-30 09:57:25.181  7156  7156 D MoPub   : Changing consent status from POTENTIAL_WHITELISTto POTENTIAL_WHITELIST because Consent was explicitly granted by a publisher who is not whitelisted
06-30 09:57:25.280  1600  1617 E BatteryExternalStatsWorker: modem info is invalid: ModemActivityInfo{ mTimestamp=0 mSleepTimeMs=0 mIdleTimeMs=0 mTxTimeMs[]=[0, 0, 0, 0, 0] mRxTimeMs=0 mEnergyUsed=0}
06-30 09:57:25.337  1397  1397 D gralloc_ranchu: gralloc_alloc: Creating ashmem region of size 8298496
06-30 09:57:25.381  1397  1397 D gralloc_ranchu: gralloc_alloc: Creating ashmem region of size 3878912
06-30 09:57:25.778  7156  7156 D libcrashlytics: Initializing libcrashlytics version 2.0.4
06-30 09:57:25.778  7156  7156 D libcrashlytics: Initializing native crash handling successful.
06-30 09:57:25.930  7156  7156 I CrashlyticsCore: Initializing Crashlytics 2.6.3.25
06-30 09:57:26.124  1407  1407 W SurfaceFlinger: couldn't log to binary event log: overflow.
06-30 09:57:26.345  2048  2186 I PBSessionCacheImpl: Deleted sessionId[8124517285129] from persistence.
06-30 09:57:26.433  1600  3357 I WifiService: getWifiEnabledState uid=10032
06-30 09:57:26.495  7156  7156 D AppsFlyer_4.9.0: Initializing AppsFlyer SDK: (v4.9.0.184)
06-30 09:57:26.541  2048  2188 W SearchServiceCore: Abort, client detached.
06-30 09:57:26.638  2090  2105 I zygote  : NativeAlloc concurrent copying GC freed 12217(601KB) AllocSpace objects, 7(2MB) LOS objects, 50% free, 4MB/8MB, paused 19.415ms total 1.020s
06-30 09:57:26.862  1397  1397 D gralloc_ranchu: gralloc_alloc: Creating ashmem region of size 3878912
06-30 09:57:27.149  7156  7172 I zygote  : Waiting for a blocking GC ProfileSaver
06-30 09:57:27.234  7156  7156 D Pushwoosh: [CrashAnalytics] Current handler class = com.crashlytics.android.core.CrashlyticsUncaughtExceptionHandler
06-30 09:57:27.338  1600  1613 I GnssLocationProvider: WakeLock released by handleMessage(SET_REQUEST, 0, com.android.server.location.GnssLocationProvider$GpsRequest@378d764)
06-30 09:57:27.369  7156  7190 D MoPub   : MoPubIdentifier initialized.
06-30 09:57:27.410  1600  1621 I zygote  : Explicit concurrent copying GC freed 38252(2029KB) AllocSpace objects, 18(936KB) LOS objects, 29% free, 14MB/20MB, paused 971us total 857.223ms
06-30 09:57:27.467  1600  1613 I GnssLocationProvider: WakeLock released by handleMessage(SET_REQUEST, 0, com.android.server.location.GnssLocationProvider$GpsRequest@9b5f00b)
06-30 09:57:27.601  1600  4049 I MediaFocusControl: requestAudioFocus() from uid/pid 10104/6752 clientId=android.media.AudioManager@f7f27d0net.osmand.plus.api.AudioFocusHelperImpl@743686a callingPack=net.osmand req=3 flags=0x0 sdk=26
06-30 09:57:27.609  6752  6790 I chatty  : uid=10104(net.osmand) AsyncTask #2 expire 2 lines
06-30 09:57:27.671  4854  6850 I TTS.GoogleTTSServiceImp: Synthesis request for locale por-BRA and name pt-BR-language
06-30 09:57:27.680  4854  6850 I TTS.GoogleTTSServiceImp: TTS dispatch: pt-br-x-afs-lstm-embedded
06-30 09:57:27.720  7156  7190 I WebViewFactory: Loading com.android.chrome version 74.0.3729.157 (code 372915712)
06-30 09:57:27.778  4854  6851 D AudioTrack: Client defaulted notificationFrames to 1365 for frameCount 4096
06-30 09:57:27.799  7156  7172 I zygote  : WaitForGcToComplete blocked ProfileSaver on HeapTrim for 650.061ms
06-30 09:57:27.803  1600  2362 V MediaRouterService: restoreBluetoothA2dp(false)
06-30 09:57:27.819  1389  3359 W audio_hw_generic: Not supplying enough data to HAL, expected position 8854005 , only wrote 8853840
06-30 09:57:27.850  1969  1969 I GeofencerStateMachine: sendNewTransitions called.
06-30 09:57:27.967  7156  7214 W CrashlyticsCore: No minidump data found in directory /data/user/0/com.mapswithme.maps.pro/files/.Fabric/com.crashlytics.sdk.android.crashlytics-ndk/native/1561902223603
06-30 09:57:28.010  1969  1969 I GeofencerStateMachine: sendNewTransitions called.
06-30 09:57:28.021  1969  1969 I GeofencerStateMachine: sendNewLocationAvailability: availability=LocationAvailability[isLocationAvailable: true]
06-30 09:57:28.280  1969  1969 I GeofencerStateMachine: sendNewLocationAvailability: availability=LocationAvailability[isLocationAvailable: true]
06-30 09:57:28.393  7156  7178 D Pushwoosh: initHwid
06-30 09:57:28.440  7156  7178 I Pushwoosh: HWID: c508be07-582e-4b92-8968-379ca65e32f4
06-30 09:57:28.441  7156  7178 D Pushwoosh: [PushwooshModule] onApplicationCreated
06-30 09:57:28.441  7156  7178 I Pushwoosh: [s] This is Android GCM device
06-30 09:57:28.441  7156  7178 D Pushwoosh: appOpen:false onAppReady:true
06-30 09:57:28.576  1600  1613 E GnssLocationProvider: no AGPS interface in set_agps_server
06-30 09:57:28.576  1600  1613 I GnssLocationProvider: WakeLock released by handleMessage(SUBSCRIPTION_OR_SIM_CHANGED, 0, null)
06-30 09:57:29.037  1600  1613 I GnssLocationProvider: WakeLock released by handleMessage(SET_REQUEST, 0, com.android.server.location.GnssLocationProvider$GpsRequest@e3e3825)
06-30 09:57:29.259  1600  1613 E memtrack: Couldn't load memtrack module
06-30 09:57:29.260  1600  1613 W android.os.Debug: failed to get memory consumption info: -1
06-30 09:57:29.372  4854  6851 D AudioTrack: stop() called with 32780 frames delivered
06-30 09:57:29.380  6752  6764 I chatty  : uid=10104(net.osmand) Binder:6752_2 expire 2 lines
06-30 09:57:29.381  1600  2083 I MediaFocusControl: abandonAudioFocus() from uid/pid 10104/6752 clientId=android.media.AudioManager@f7f27d0net.osmand.plus.api.AudioFocusHelperImpl@743686a
06-30 09:57:29.536  7156  7190 I cr_LibraryLoader: Time to load native libraries: 13 ms (timestamps 6566-6579)
06-30 09:57:29.649  7156  7156 I chromium: [INFO:library_loader_hooks.cc(50)] Chromium logging enabled: level = 0, default verbosity = 0
06-30 09:57:29.649  7156  7156 I cr_LibraryLoader: Expected native library version number "74.0.3729.157", actual native library version number "74.0.3729.157"
06-30 09:57:29.693  7156  7156 I cr_BrowserStartup: Initializing chromium process, singleProcess=false
06-30 09:57:29.695  7156  7233 W cr_ChildProcLH: Create a new ChildConnectionAllocator with package name = com.android.chrome, sandboxed = true
06-30 09:57:29.709  7156  7156 W ResourceType: For resource 0x7f130526, entry index(1318) is beyond type entryCount(4)
06-30 09:57:29.709  7156  7156 W ResourceType: Failure getting entry for 0x7f130526 (t=18 e=1318) (error -75)
06-30 09:57:29.743  7236  7236 E /system/bin/webview_zygote32: Failed to make and chown /acct/uid_99006: Permission denied
06-30 09:57:29.743  7236  7236 E Zygote  : createProcessGroup(99006, 0) failed: Permission denied
06-30 09:57:29.747  7236  7236 W /system/bin/webview_zygote32: Unexpected CPU variant for X86 using defaults: x86
06-30 09:57:29.377  1600  2362 V MediaRouterService: restoreBluetoothA2dp(false)
06-30 09:57:29.770  1600  3103 W ActivityManager: Slow operation: 63ms so far, now at startProcess: returned from zygote!
06-30 09:57:29.771  1600  3103 W ActivityManager: Slow operation: 64ms so far, now at startProcess: done updating battery stats
06-30 09:57:29.771  1600  3103 W ActivityManager: Slow operation: 64ms so far, now at startProcess: building log message
06-30 09:57:29.771  1600  3103 I ActivityManager: Start proc 7236:com.android.chrome:sandboxed_process0/u0i6 for webview_service com.mapswithme.maps.pro/org.chromium.content.app.SandboxedProcessService0
06-30 09:57:29.771  1600  3103 W ActivityManager: Slow operation: 64ms so far, now at startProcess: starting to update pids map
06-30 09:57:29.772  1600  3103 W ActivityManager: Slow operation: 65ms so far, now at startProcess: done updating pids map
06-30 09:57:29.772  1600  3103 W ActivityManager: Slow operation: 65ms so far, now at startProcess: done starting proc!
06-30 09:57:29.798  1600  1613 E memtrack: Couldn't load memtrack module
06-30 09:57:29.798  1600  1613 W android.os.Debug: failed to get memory consumption info: -1
06-30 09:57:29.899  7250  7250 E asset   : setgid: Operation not permitted
06-30 09:57:30.236  7236  7236 I cr_ChildProcessService: Creating new ChildProcessService pid=7236
06-30 09:57:30.518  6752  6752 I chatty  : uid=10104(net.osmand) expire 25 lines
06-30 09:57:30.523  1398  1413 D hwcomposer: hw_composer sent 90 syncs in 60s
06-30 09:57:30.542  6752  7260 I chatty  : uid=10104(net.osmand) expire 4 lines
06-30 09:57:31.139  7156  7190 D Pushwoosh: [RequestManager] Try To send: getInApps; baseUrl: https://84E00-0F767.api.pushwoosh.com/json/1.3/
06-30 09:57:31.402  7156  7190 I Pushwoosh: [RequestManager] 
06-30 09:57:31.402  7156  7190 I Pushwoosh: x
06-30 09:57:31.402  7156  7190 I Pushwoosh: |     Pushwoosh request:
06-30 09:57:31.402  7156  7190 I Pushwoosh: | Url: https://84E00-0F767.api.pushwoosh.com/json/1.3/getInApps
06-30 09:57:31.402  7156  7190 I Pushwoosh: | Payload: {"request":{"application":"84E00-0F767","hwid":"c508be07-582e-4b92-8968-379ca65e32f4","v":"5.9.0","device_type":3,"userId":"c508be07-582e-4b92-8968-379ca65e32f4","language":"en"}}
06-30 09:57:31.402  7156  7190 I Pushwoosh: | Response: {"status_code":200,"status_message":"OK","response":{"inApps":[]}}
06-30 09:57:31.402  7156  7190 I Pushwoosh: x
06-30 09:57:31.402  7156  7190 D Pushwoosh: [RequestManager] getInApps response success
06-30 09:57:31.470  1600  2083 I ActivityManager: Killing 6002:com.android.chrome:webview_service/u0a49 (adj 906): empty #17
06-30 09:57:31.471  1600  2083 I ActivityManager: Killing 2023:android.process.acore/u0a2 (adj 906): empty #18
06-30 09:57:31.481  1600  1616 W zygote  : kill(-6002, 9) failed: No such process
06-30 09:57:31.540  1600  1616 W zygote  : kill(-6002, 9) failed: No such process
06-30 09:57:31.605  1600  2362 D CountryDetector: No listener is left
06-30 09:57:31.633  1600  1616 I chatty  : uid=1000(system) ActivityManager identical 2 lines
06-30 09:57:31.677  1600  1616 W zygote  : kill(-6002, 9) failed: No such process
06-30 09:57:31.726  1389  3359 W audio_hw_generic: Not supplying enough data to HAL, expected position 9041363 , only wrote 9041040
06-30 09:57:31.727  1389  3359 W audio_hw_generic: Not supplying enough data to HAL, expected position 9041092 , only wrote 9041040
06-30 09:57:31.743  1389  3359 W audio_hw_generic: Not supplying enough data to HAL, expected position 9041812 , only wrote 9041760
06-30 09:57:31.753  1600  1616 W zygote  : kill(-6002, 9) failed: No such process
06-30 09:57:31.823  1600  1616 W zygote  : kill(-6002, 9) failed: No such process
06-30 09:57:31.841  1600  1616 I zygote  : Successfully killed process cgroup uid 10049 pid 6002 in 359ms
06-30 09:57:31.869  1600  1616 W zygote  : kill(-2023, 9) failed: No such process
06-30 09:57:31.872  1600  1616 I zygote  : Successfully killed process cgroup uid 10002 pid 2023 in 3ms
06-30 09:57:31.911  7156  7156 D MoPub   : Successfully hit tracking endpoint: https://ads.mopub.com/m/open
06-30 09:57:32.202  1600  3358 I MediaFocusControl: requestAudioFocus() from uid/pid 10104/6752 clientId=android.media.AudioManager@f7f27d0net.osmand.plus.api.AudioFocusHelperImpl@98c072f callingPack=net.osmand req=3 flags=0x0 sdk=26
06-30 09:57:32.210  4854  6850 I TTS.GoogleTTSServiceImp: Synthesis request for locale por-BRA and name pt-BR-language
06-30 09:57:32.212  4854  6850 I TTS.GoogleTTSServiceImp: TTS dispatch: pt-br-x-afs-lstm-embedded
06-30 09:57:32.330  4854  6851 D AudioTrack: Client defaulted notificationFrames to 1365 for frameCount 4096
06-30 09:57:32.344  1600  1854 V MediaRouterService: restoreBluetoothA2dp(false)
06-30 09:57:32.502  1969  6933 W GLSUser : [DeviceKeyStore] Cannot load key: Device key file not found.
06-30 09:57:33.135  1969  1979 I zygote  : Background concurrent copying GC freed 129865(5MB) AllocSpace objects, 20(1464KB) LOS objects, 37% free, 10MB/16MB, paused 1.702ms total 1.239s
06-30 09:57:33.237  1969  6928 I Places  : ?: PlacesBleScanner stop()
06-30 09:57:33.302  1969  1969 I BeaconBle: Scan : No clients left, canceling alarm.
06-30 09:57:33.302  1969  1969 I BeaconBle: Scan canceled successfully.
06-30 09:57:33.366  1969  6928 I PlaceInferenceEngine: [anon] Changed inference mode: 0
06-30 09:57:33.367  1969  6928 I PlaceInferenceEngine: [account#1066226748] Changed inference mode: 0
06-30 09:57:33.375  1600  1613 E memtrack: Couldn't load memtrack module
06-30 09:57:33.375  1600  1613 W android.os.Debug: failed to get memory consumption info: -1
06-30 09:57:33.482  6752  6783 I chatty  : uid=10104(net.osmand) RenderingBaseIm expire 2 lines
06-30 09:57:33.582  1969  1969 I GeofencerStateMachine: removeGeofences: removeRequest=RemoveGeofencingRequest[REMOVE_BY_PENDING_INTENT pendingIntent=PendingIntent[creatorPackage=com.google.android.gms], packageName=com.google.android.gms]
06-30 09:57:33.587  6752  6782 I chatty  : uid=10104(net.osmand) Loader map obje expire 93 lines
06-30 09:57:33.919  1969  5115 W MessageQueue: Handler (aeyl) {162d9cf} sending message to a Handler on a dead thread
06-30 09:57:33.919  1969  5115 W MessageQueue: java.lang.IllegalStateException: Handler (aeyl) {162d9cf} sending message to a Handler on a dead thread
06-30 09:57:33.919  1969  5115 W MessageQueue: 	at android.os.MessageQueue.enqueueMessage(MessageQueue.java:545)
06-30 09:57:33.919  1969  5115 W MessageQueue: 	at android.os.Handler.enqueueMessage(Handler.java:662)
06-30 09:57:33.919  1969  5115 W MessageQueue: 	at android.os.Handler.sendMessageAtTime(Handler.java:631)
06-30 09:57:33.919  1969  5115 W MessageQueue: 	at aeyl.sendMessageAtTime(Unknown Source:3)
06-30 09:57:33.919  1969  5115 W MessageQueue: 	at android.os.Handler.sendMessageDelayed(Handler.java:601)
06-30 09:57:33.919  1969  5115 W MessageQueue: 	at android.os.Handler.post(Handler.java:357)
06-30 09:57:33.919  1969  5115 W MessageQueue: 	at bcln.execute(Unknown Source:2)
06-30 09:57:33.919  1969  5115 W MessageQueue: 	at aanh.execute(Unknown Source:9)
06-30 09:57:33.919  1969  5115 W MessageQueue: 	at avft.a(:com.google.android.gms@17785022@17.7.85 (040700-253824076):3)
06-30 09:57:33.919  1969  5115 W MessageQueue: 	at avgk.a(:com.google.android.gms@17785022@17.7.85 (040700-253824076):8)
06-30 09:57:33.919  1969  5115 W MessageQueue: 	at avgn.a(:com.google.android.gms@17785022@17.7.85 (040700-253824076):43)
06-30 09:57:33.919  1969  5115 W MessageQueue: 	at avgj.a(:com.google.android.gms@17785022@17.7.85 (040700-253824076):2)
06-30 09:57:33.919  1969  5115 W MessageQueue: 	at rpj.a(:com.google.android.gms@17785022@17.7.85 (040700-253824076):3)
06-30 09:57:33.919  1969  5115 W MessageQueue: 	at rpj.a(:com.google.android.gms@17785022@17.7.85 (040700-253824076):2)
06-30 09:57:33.919  1969  5115 W MessageQueue: 	at agos.a(Unknown Source:2)
06-30 09:57:33.919  1969  5115 W MessageQueue: 	at rnt.a(Unknown Source:11)
06-30 09:57:33.919  1969  5115 W MessageQueue: 	at aamg.a(:com.google.android.gms@17785022@17.7.85 (040700-253824076):1)
06-30 09:57:33.919  1969  5115 W MessageQueue: 	at cwm.onTransact(:com.google.android.gms@17785022@17.7.85 (040700-253824076):4)
06-30 09:57:33.919  1969  5115 W MessageQueue: 	at android.os.Binder.execTransact(Binder.java:697)
06-30 09:57:34.113  1969  6933 W Conscrypt: Could not set socket write timeout: java.net.SocketException: Socket closed
06-30 09:57:34.131  1969  6933 W Conscrypt: 	at com.google.android.gms.org.conscrypt.Platform.setSocketWriteTimeout(:com.google.android.gms@17785022@17.7.85 (040700-253824076):2)
06-30 09:57:34.131  1969  6933 W Conscrypt: 	at com.google.android.gms.org.conscrypt.ConscryptFileDescriptorSocket.setSoWriteTimeout(:com.google.android.gms@17785022@17.7.85 (040700-253824076):2)
06-30 09:57:34.522  1389  3359 W audio_hw_generic: Not supplying enough data to HAL, expected position 9175166 , only wrote 9174960
06-30 09:57:34.551  1472  1583 D AudioFlinger: mixer(0xb4003400) throttle end: throttle time(11)
06-30 09:57:34.573  6752  6762 I chatty  : uid=10104(net.osmand) HeapTaskDaemon expire 4 lines
06-30 09:57:34.857  1969  6933 W Conscrypt: Could not set socket write timeout: java.net.SocketException: Socket closed
06-30 09:57:34.909  1969  6933 W Conscrypt: 	at com.google.android.gms.org.conscrypt.Platform.setSocketWriteTimeout(:com.google.android.gms@17785022@17.7.85 (040700-253824076):2)
06-30 09:57:34.909  1969  6933 W Conscrypt: 	at com.google.android.gms.org.conscrypt.ConscryptFileDescriptorSocket.setSoWriteTimeout(:com.google.android.gms@17785022@17.7.85 (040700-253824076):2)
06-30 09:57:35.102  6752  6752 I chatty  : uid=10104(net.osmand) expire 58 lines
06-30 09:57:35.385  1969  6933 W GLSUser : [AppCertManager] IOException while requesting key: 
06-30 09:57:35.385  1969  6933 W GLSUser : java.io.IOException: Invalid device key response.
06-30 09:57:35.385  1969  6933 W GLSUser : 	at imb.a(:com.google.android.gms@17785022@17.7.85 (040700-253824076):48)
06-30 09:57:35.385  1969  6933 W GLSUser : 	at ima.a(:com.google.android.gms@17785022@17.7.85 (040700-253824076):1)
06-30 09:57:35.385  1969  6933 W GLSUser : 	at ilv.a(Unknown Source:2)
06-30 09:57:35.385  1969  6933 W GLSUser : 	at ilt.a(:com.google.android.gms@17785022@17.7.85 (040700-253824076):8)
06-30 09:57:35.385  1969  6933 W GLSUser : 	at ilt.a(:com.google.android.gms@17785022@17.7.85 (040700-253824076):26)
06-30 09:57:35.385  1969  6933 W GLSUser : 	at sil.d(:com.google.android.gms@17785022@17.7.85 (040700-253824076):3)
06-30 09:57:35.385  1969  6933 W GLSUser : 	at sje.a(:com.google.android.gms@17785022@17.7.85 (040700-253824076):68)
06-30 09:57:35.385  1969  6933 W GLSUser : 	at bfpa.run(:com.google.android.gms@17785022@17.7.85 (040700-253824076):10)
06-30 09:57:35.385  1969  6933 W GLSUser : 	at java.util.concurrent.Executors$RunnableAdapter.call(Executors.java:457)
06-30 09:57:35.385  1969  6933 W GLSUser : 	at java.util.concurrent.FutureTask.run(FutureTask.java:266)
06-30 09:57:35.385  1969  6933 W GLSUser : 	at squ.b(:com.google.android.gms@17785022@17.7.85 (040700-253824076):37)
06-30 09:57:35.385  1969  6933 W GLSUser : 	at squ.run(:com.google.android.gms@17785022@17.7.85 (040700-253824076):21)
06-30 09:57:35.385  1969  6933 W GLSUser : 	at java.util.concurrent.ThreadPoolExecutor.runWorker(ThreadPoolExecutor.java:1162)
06-30 09:57:35.385  1969  6933 W GLSUser : 	at java.util.concurrent.ThreadPoolExecutor$Worker.run(ThreadPoolExecutor.java:636)
06-30 09:57:35.385  1969  6933 W GLSUser : 	at swz.run(Unknown Source:7)
06-30 09:57:35.385  1969  6933 W GLSUser : 	at java.lang.Thread.run(Thread.java:764)
06-30 09:57:35.385  1969  6933 W GLSUser : [DeviceKeyStore] Cannot load key: Device key file not found.
06-30 09:57:35.413  4854  4865 I zygote  : Background concurrent copying GC freed 8727(2MB) AllocSpace objects, 0(0B) LOS objects, 49% free, 2MB/5MB, paused 1.108ms total 157.017ms
06-30 09:57:35.741  6752  6767 I chatty  : uid=10104(net.osmand) Profile Saver expire 2 lines
06-30 09:57:35.772  1969  7281 W Conscrypt: Could not set socket write timeout: java.net.SocketException: Socket closed
06-30 09:57:35.776  1969  7281 W Conscrypt: 	at com.google.android.gms.org.conscrypt.Platform.setSocketWriteTimeout(:com.google.android.gms@17785022@17.7.85 (040700-253824076):2)
06-30 09:57:35.776  1969  7281 W Conscrypt: 	at com.google.android.gms.org.conscrypt.ConscryptFileDescriptorSocket.setSoWriteTimeout(:com.google.android.gms@17785022@17.7.85 (040700-253824076):2)
06-30 09:57:36.086  1969  5115 I GeofencerStateMachine: addGeofences called by com.google.android.apps.maps
06-30 09:57:36.243  6752  6783 I chatty  : uid=10104(net.osmand) RenderingBaseIm expire 14 lines
06-30 09:57:36.304  2048  2188 I WorkerManager: dispose()
06-30 09:57:36.309  2048  2188 W ThreadPoolDumper: Queue length for executor EventBus is now 11. Perhaps some tasks are too long, or the pool is too small.
06-30 09:57:36.368  1600  3358 I GnssLocationProvider: WakeLock acquired by sendMessage(SET_REQUEST, 0, com.android.server.location.GnssLocationProvider$GpsRequest@7cfebed)
06-30 09:57:36.381  4854  6851 D AudioTrack: stop() called with 87890 frames delivered
06-30 09:57:36.382  1600  2362 V MediaRouterService: restoreBluetoothA2dp(false)
06-30 09:57:36.443  6752  7221 I chatty  : uid=10104(net.osmand) Binder:6752_6 expire 4 lines
06-30 09:57:36.446  1600  1919 I MediaFocusControl: abandonAudioFocus() from uid/pid 10104/6752 clientId=android.media.AudioManager@f7f27d0net.osmand.plus.api.AudioFocusHelperImpl@98c072f
06-30 09:57:36.462  1600  2083 I GnssLocationProvider: WakeLock acquired by sendMessage(SET_REQUEST, 0, com.android.server.location.GnssLocationProvider$GpsRequest@20a6cb3)
06-30 09:57:36.522  1969  7281 W Conscrypt: Could not set socket write timeout: java.net.SocketException: Socket closed
06-30 09:57:36.522  1969  7281 W Conscrypt: 	at com.google.android.gms.org.conscrypt.Platform.setSocketWriteTimeout(:com.google.android.gms@17785022@17.7.85 (040700-253824076):2)
06-30 09:57:36.522  1969  7281 W Conscrypt: 	at com.google.android.gms.org.conscrypt.ConscryptFileDescriptorSocket.setSoWriteTimeout(:com.google.android.gms@17785022@17.7.85 (040700-253824076):2)
06-30 09:57:36.577  1600  2083 I WifiService: getWifiEnabledState uid=10062
06-30 09:57:36.799  1969  6883 I zygote  : Deoptimizing void bvmc.b(int, long) due to JIT inline cache
06-30 09:57:36.918  1600  1613 I GnssLocationProvider: WakeLock released by handleMessage(SET_REQUEST, 0, com.android.server.location.GnssLocationProvider$GpsRequest@7cfebed)
06-30 09:57:36.918  1600  1613 I GnssLocationProvider: WakeLock released by handleMessage(SET_REQUEST, 0, com.android.server.location.GnssLocationProvider$GpsRequest@20a6cb3)
06-30 09:57:37.409  1600  7275 W LocationBasedCountryDetector: Exception occurs when getting country from location
06-30 09:57:37.569  1389  3359 W audio_hw_generic: Not supplying enough data to HAL, expected position 9321178 , only wrote 9321120
06-30 09:57:37.569  1389  3359 W audio_hw_generic: Not supplying enough data to HAL, expected position 9321153 , only wrote 9321120
06-30 09:57:37.586  1389  3359 W audio_hw_generic: Not supplying enough data to HAL, expected position 9321894 , only wrote 9321840
06-30 09:57:38.358  1969  1969 I BeaconBle: Scan : No clients left, canceling alarm.
06-30 09:57:38.682  1389  3359 W audio_hw_generic: Not supplying enough data to HAL, expected position 9374452 , only wrote 9374400
06-30 09:57:38.682  1389  3359 W audio_hw_generic: Not supplying enough data to HAL, expected position 9374409 , only wrote 9374400
06-30 09:57:38.699  1389  3359 W audio_hw_generic: Not supplying enough data to HAL, expected position 9375204 , only wrote 9375120
06-30 09:57:39.135  1600  4049 I MediaFocusControl: requestAudioFocus() from uid/pid 10104/6752 clientId=android.media.AudioManager@f7f27d0net.osmand.plus.api.AudioFocusHelperImpl@678c3e6 callingPack=net.osmand req=3 flags=0x0 sdk=26
06-30 09:57:39.139  4854  6850 I TTS.GoogleTTSServiceImp: Synthesis request for locale por-BRA and name pt-BR-language
06-30 09:57:39.142  4854  6850 I TTS.GoogleTTSServiceImp: TTS dispatch: pt-br-x-afs-lstm-embedded
06-30 09:57:39.242  1389  3359 W audio_hw_generic: Not supplying enough data to HAL, expected position 9401197 , only wrote 9399600
06-30 09:57:39.243  1389  3359 W audio_hw_generic: Not supplying enough data to HAL, expected position 9399634 , only wrote 9399600
06-30 09:57:39.252  4854  6851 D AudioTrack: Client defaulted notificationFrames to 1365 for frameCount 4096
06-30 09:57:39.258  1600  4049 V MediaRouterService: restoreBluetoothA2dp(false)
06-30 09:57:40.406  4854  4865 I zygote  : WaitForGcToComplete blocked HeapTrim on None for 5.385ms
06-30 09:57:40.440  1600  2083 I WifiService: acquireWifiLock uid=10014 lockMode=2
06-30 09:57:40.471  1969  4951 W ResourceType: ResTable_typeSpec entry count inconsistent: given 15, previously 22
06-30 09:57:41.803  7292  7292 D AndroidRuntime: >>>>>> START com.android.internal.os.RuntimeInit uid 2000 <<<<<<
06-30 09:57:41.874  7292  7292 W app_process: Could not reserve sentinel fault page
06-30 09:57:42.018  1389  3359 W audio_hw_generic: Not supplying enough data to HAL, expected position 9532817 , only wrote 9532800
06-30 09:57:42.019  1389  3359 W audio_hw_generic: Not supplying enough data to HAL, expected position 9532832 , only wrote 9532800
06-30 09:57:42.034  1389  3359 W audio_hw_generic: Not supplying enough data to HAL, expected position 9533525 , only wrote 9533520
06-30 09:57:42.054  1472  1583 D AudioFlinger: mixer(0xb4003400) throttle end: throttle time(6)
06-30 09:57:42.356  4854  6851 D AudioTrack: stop() called with 67100 frames delivered
06-30 09:57:42.356  1600  2362 V MediaRouterService: restoreBluetoothA2dp(false)
06-30 09:57:42.391  1600  4049 I MediaFocusControl: abandonAudioFocus() from uid/pid 10104/6752 clientId=android.media.AudioManager@f7f27d0net.osmand.plus.api.AudioFocusHelperImpl@678c3e6
06-30 09:57:42.863  7292  7292 W app_process: Unexpected CPU variant for X86 using defaults: x86
06-30 09:57:42.887  7292  7292 I app_process: The ClassLoaderContext is a special shared library.
06-30 09:57:42.960  1600  2362 I ActivityManager: Killing 4525:com.google.android.dialer/u0a20 (adj 906): empty #17
06-30 09:57:42.964  1600  1616 W zygote  : kill(-4525, 9) failed: No such process
06-30 09:57:43.007  1600  1616 I chatty  : uid=1000(system) ActivityManager identical 3 lines
06-30 09:57:43.051  1600  1616 W zygote  : kill(-4525, 9) failed: No such process
06-30 09:57:43.054  1600  1616 I zygote  : Successfully killed process cgroup uid 10020 pid 4525 in 86ms
06-30 09:57:43.187  7292  7292 D AndroidRuntime: Calling main entry com.android.commands.input.Input
06-30 09:57:43.195  7292  7292 I Input   : injectKeyEvent: KeyEvent { action=ACTION_DOWN, keyCode=KEYCODE_HOME, scanCode=0, metaState=0, flags=0x0, repeatCount=0, eventTime=1020239, downTime=1020239, deviceId=-1, source=0x101 }
06-30 09:57:43.216  7292  7292 I Input   : injectKeyEvent: KeyEvent { action=ACTION_UP, keyCode=KEYCODE_HOME, scanCode=0, metaState=0, flags=0x0, repeatCount=0, eventTime=1020239, downTime=1020239, deviceId=-1, source=0x101 }
06-30 09:57:43.228  1600  1661 I ActivityManager: START u0 {act=android.intent.action.MAIN cat=[android.intent.category.HOME] flg=0x10200000 cmp=com.google.android.apps.nexuslauncher/.NexusLauncherActivity (has extras)} from uid 1000
06-30 09:57:43.367  1397  1397 D gralloc_ranchu: gralloc_alloc: Creating ashmem region of size 8298496
06-30 09:57:43.411  1397  1397 D gralloc_ranchu: gralloc_alloc: Creating ashmem region of size 8298496
06-30 09:57:43.417  7292  7292 D AndroidRuntime: Shutting down VM
06-30 09:57:43.468  1397  1397 D gralloc_ranchu: gralloc_alloc: Creating ashmem region of size 8298496
06-30 09:57:43.484  1600  3357 D WificondControl: Scan result ready event
06-30 09:57:43.508  1600  4065 I GnssLocationProvider: WakeLock acquired by sendMessage(SET_REQUEST, 0, com.android.server.location.GnssLocationProvider$GpsRequest@c07aba5)
06-30 09:57:43.569  1407  1407 D SurfaceFlinger: duplicate layer name: changing com.google.android.apps.nexuslauncher/com.google.android.apps.nexuslauncher.NexusLauncherActivity to com.google.android.apps.nexuslauncher/com.google.android.apps.nexuslauncher.NexusLauncherActivity#1
06-30 09:57:43.611  1397  1397 D gralloc_ranchu: gralloc_alloc: Creating ashmem region of size 8298496
06-30 09:57:43.661  1397  1397 D gralloc_ranchu: gralloc_alloc: Creating ashmem region of size 8298496
06-30 09:57:43.700  1397  1432 D gralloc_ranchu: gralloc_alloc: Creating ashmem region of size 8298496
06-30 09:57:43.809  1600  1614 W ActivityManager: Activity pause timeout for ActivityRecord{ccb4955 u0 net.osmand/.plus.activities.MapActivity t8}
06-30 09:57:43.824  1397  1432 D gralloc_ranchu: gralloc_alloc: Creating ashmem region of size 8298496
06-30 09:57:43.869  2090  2141 D EGL_emulation: eglMakeCurrent: 0x97b7f160: ver 2 0 (tinfo 0x97bfb910)
06-30 09:57:43.913  1397  1432 D gralloc_ranchu: gralloc_alloc: Creating ashmem region of size 8298496
06-30 09:57:43.921  1397  1397 D gralloc_ranchu: gralloc_alloc: Creating ashmem region of size 8298496
06-30 09:57:44.012  2048  2200 D EGL_emulation: eglMakeCurrent: 0xaa3051a0: ver 2 0 (tinfo 0xaa303820)
06-30 09:57:44.033  1397  1397 D gralloc_ranchu: gralloc_alloc: Creating ashmem region of size 8298496
06-30 09:57:44.083  3360  3360 D EGL_emulation: eglCreateContext: 0x94b7b980: maj 2 min 0 rcv 2
06-30 09:57:44.095  3360  3360 D EGL_emulation: eglMakeCurrent: 0x94b7b980: ver 2 0 (tinfo 0x944c7480)
06-30 09:57:44.135  1397  1397 D gralloc_ranchu: gralloc_alloc: Creating ashmem region of size 8298496
06-30 09:57:44.177  3360  3386 D         : HostConnection::get() New Host Connection established 0x93116900, tid 3386
06-30 09:57:44.213  3360  3360 D EGL_emulation: eglMakeCurrent: 0x94b7b980: ver 2 0 (tinfo 0x944c7480)
06-30 09:57:44.304  2048  2048 W ThreadPoolDumper: Queue length for executor EventBus is now 11. Perhaps some tasks are too long, or the pool is too small.
06-30 09:57:44.323  1397  1397 D gralloc_ranchu: gralloc_alloc: Creating ashmem region of size 8298496
06-30 09:57:44.377  2090  2141 W OpenGLRenderer: Incorrectly called buildLayer on View: ShortcutAndWidgetContainer, destroying layer...
06-30 09:57:44.377  2090  2141 W OpenGLRenderer: Incorrectly called buildLayer on View: ShortcutAndWidgetContainer, destroying layer...
06-30 09:57:44.387  1407  1407 E EGL_emulation: tid 1407: eglCreateSyncKHR(1962): error 0x3004 (EGL_BAD_ATTRIBUTE)
06-30 09:57:44.397  1397  1397 D gralloc_ranchu: gralloc_alloc: Creating ashmem region of size 8298496
06-30 09:57:44.564  1397  1397 D gralloc_ranchu: gralloc_alloc: Creating ashmem region of size 8298496
06-30 09:57:44.586  1389  3359 W audio_hw_generic: Not supplying enough data to HAL, expected position 9656040 , only wrote 9655920
06-30 09:57:44.589  1389  3359 W audio_hw_generic: Not supplying enough data to HAL, expected position 9656074 , only wrote 9655920
06-30 09:57:44.621  1389  3359 W audio_hw_generic: Not supplying enough data to HAL, expected position 9657446 , only wrote 9656640
06-30 09:57:44.637  1389  3359 W audio_hw_generic: Not supplying enough data to HAL, expected position 9657406 , only wrote 9657360
06-30 09:57:44.707  6752  6799 I chatty  : uid=10104(net.osmand) RenderThread expire 2 lines
06-30 09:57:44.755  6752  6757 I chatty  : uid=10104(net.osmand) Jit thread pool expire 2 lines
06-30 09:57:44.824  1969  1969 I GeofencerStateMachine: sendNewLocationAvailability: availability=LocationAvailability[isLocationAvailable: true]
06-30 09:57:44.923  2048  2188 W SessionLifecycleManager: Handover failed. Creating new session controller.
06-30 09:57:44.932  3360  3360 D EGL_emulation: eglCreateContext: 0x94b7b980: maj 2 min 0 rcv 2
06-30 09:57:44.940  3360  3360 D EGL_emulation: eglMakeCurrent: 0x94b7b980: ver 2 0 (tinfo 0x944c7480)
06-30 09:57:44.943  1397  1397 D gralloc_ranchu: gralloc_alloc: Creating ashmem region of size 9547776
06-30 09:57:44.984  3360  3360 D EGL_emulation: eglMakeCurrent: 0x94b7b980: ver 2 0 (tinfo 0x944c7480)
06-30 09:57:45.075  6752  6782 I chatty  : uid=10104(net.osmand) Loader map obje expire 21 lines
