06-28 17:42:29.702  1596  9493 D NetworkMonitor/NetworkAgentInfo [MOBILE (GPRS) - 100]: PROBE_DNS www.google.com 2ms OK 172.217.28.228,2800:3f0:4001:801::2004
06-28 17:42:29.707  1397  1446 D gralloc_ranchu: gralloc_alloc: Creating ashmem region of size 3878912
06-28 17:42:29.743  1596  9494 D NetworkMonitor/NetworkAgentInfo [MOBILE (GPRS) - 100]: PROBE_DNS connectivitycheck.gstatic.com 44ms OK 172.217.172.131,2800:3f0:4001:81a::2003
06-28 17:42:29.988  1976  1976 I GeofencerStateMachine: sendQueryLocationOptIn
06-28 17:42:30.049  1596  1613 I GnssLocationProvider: WakeLock acquired by sendMessage(ENABLE, 0, null)
06-28 17:42:30.091  1596  1596 D GpsNetInitiatedHandler: location enabled :false
06-28 17:42:30.093  1596  1614 W BroadcastQueue: Background execution not allowed: receiving Intent { act=android.location.PROVIDERS_CHANGED flg=0x10 } to com.google.android.apps.maps/com.google.android.apps.gmm.locationsharing.usr.LocationAvailabilityChecker$LocationProvidersChangedBroadcastReceiver
06-28 17:42:30.096  1389  4034 W audio_hw_generic: Hardware backing HAL too slow, could only write 0 of 720 frames
06-28 17:42:30.096  1596  1614 W BroadcastQueue: Background execution not allowed: receiving Intent { act=android.location.PROVIDERS_CHANGED flg=0x10 } to com.google.android.gms/com.google.android.location.internal.NlpNetworkProviderSettingsUpdateReceiver
06-28 17:42:30.097  1596  1614 W BroadcastQueue: Background execution not allowed: receiving Intent { act=android.location.PROVIDERS_CHANGED flg=0x10 } to com.google.android.gms/.chimera.GmsIntentOperationService$PersistentTrustedReceiver
06-28 17:42:30.108  1596  1614 W BroadcastQueue: Background execution not allowed: receiving Intent { act=android.location.PROVIDERS_CHANGED flg=0x10 } to com.google.android.googlequicksearchbox/com.google.android.apps.gsa.broadcastreceiver.external.ExternalCommonBroadcastReceiver
06-28 17:42:30.156  1397  1446 D gralloc_ranchu: gralloc_alloc: Creating ashmem region of size 724992
06-28 17:42:30.165  1397  1448 D gralloc_ranchu: gralloc_alloc: Creating ashmem region of size 724992
06-28 17:42:30.200  1596  1614 W BroadcastQueue: Background execution not allowed: receiving Intent { act=android.location.MODE_CHANGED flg=0x10 } to com.google.android.apps.maps/com.google.android.apps.gmm.locationsharing.usr.LocationAvailabilityChecker$LocationProvidersChangedBroadcastReceiver
06-28 17:42:30.200  1596  1614 W BroadcastQueue: Background execution not allowed: receiving Intent { act=android.location.MODE_CHANGED flg=0x10 } to com.google.android.gms/.chimera.GmsIntentOperationService$PersistentTrustedReceiver
06-28 17:42:30.174  1397  1448 D gralloc_ranchu: gralloc_alloc: Creating ashmem region of size 724992
06-28 17:42:30.202  5258  5301 D EGL_emulation: eglMakeCurrent: 0xa1c85a20: ver 2 0 (tinfo 0xa1c83380)
06-28 17:42:30.265  1389  4034 W audio_hw_generic: Not supplying enough data to HAL, expected position 37244560 , only wrote 37244160
06-28 17:42:30.265  1389  4034 W audio_hw_generic: Not supplying enough data to HAL, expected position 37244170 , only wrote 37244160
06-28 17:42:30.275  5258  5301 D EGL_emulation: eglMakeCurrent: 0xa1c85a20: ver 2 0 (tinfo 0xa1c83380)
06-28 17:42:30.281  1389  4034 W audio_hw_generic: Not supplying enough data to HAL, expected position 37244914 , only wrote 37244880
06-28 17:42:30.431  1596  1613 I GnssLocationProvider: WakeLock released by handleMessage(ENABLE, 0, null)
06-28 17:42:30.462  1389  4034 W audio_hw_generic: Not supplying enough data to HAL, expected position 37253571 , only wrote 37253520
06-28 17:42:30.463  1389  4034 W audio_hw_generic: Not supplying enough data to HAL, expected position 37253558 , only wrote 37253520
06-28 17:42:30.480  1389  4034 W audio_hw_generic: Not supplying enough data to HAL, expected position 37254346 , only wrote 37254240
06-28 17:42:30.763  2534  7072 E PlaceStateUpdater: Received no places
06-28 17:42:30.905  1976  9502 I GCoreUlr: Starting service, intent=Intent { act=com.google.android.location.reporting.ACTION_UPDATE_WORLD cmp=com.google.android.gms/com.google.android.location.reporting.service.DispatchingService (has extras) }, extras=Bundle[{receiverAction=android.location.PROVIDERS_CHANGED}]
06-28 17:42:30.916  1473  1580 D AudioFlinger: mixer(0xad583c80) throttle end: throttle time(1)
06-28 17:42:30.947  1596  2502 W ActivityManager: Unable to start service Intent { act=com.google.android.gms.nearby.discovery:ACTION_PERMISSION_CHANGE cmp=com.google.android.gms/.nearby.discovery.service.DiscoveryService } U=0: not found
06-28 17:42:31.006  1389  4034 W audio_hw_generic: Not supplying enough data to HAL, expected position 37279459 , only wrote 37279440
06-28 17:42:31.021  1389  4034 W audio_hw_generic: Not supplying enough data to HAL, expected position 37280186 , only wrote 37280160
06-28 17:42:31.266  1389  4034 W audio_hw_generic: Not supplying enough data to HAL, expected position 37291934 , only wrote 37291680
06-28 17:42:31.288  1389  4034 W audio_hw_generic: Not supplying enough data to HAL, expected position 37292728 , only wrote 37292400
06-28 17:42:31.340  1976  1976 E BluetoothAdapter: Bluetooth binder is null
06-28 17:42:31.377  1976  9374 I GCoreUlr: WorldUpdater received intent Intent { act=com.google.android.location.reporting.ACTION_UPDATE_WORLD cmp=com.google.android.gms/com.google.android.location.reporting.service.DispatchingService (has extras) } with receiverAction android.location.PROVIDERS_CHANGED
06-28 17:42:31.416  1976  9374 I GCoreUlr: WorldUpdater:android.location.PROVIDERS_CHANGED: Ensuring that reporting is stopped because of reasons: {account#8#=[InactiveReason{mIdentifier=6, mName='ReportingNotEnabled'}, InactiveReason{mIdentifier=14, mName='HistoryNotEnabled'}]}
06-28 17:42:31.460  5403  5435 D AudioTrack: stop() called with 57530 frames delivered
06-28 17:42:31.464  1596  4126 V MediaRouterService: restoreBluetoothA2dp(false)
06-28 17:42:31.468  5258  5550 D net.osmand: AbstractPrologCommandPlayer abandonAudioFocus
06-28 17:42:31.469  1596  2502 I MediaFocusControl: abandonAudioFocus() from uid/pid 10104/5258 clientId=android.media.AudioManager@d1fc0eenet.osmand.plus.api.AudioFocusHelperImpl@109bd9c
06-28 17:42:31.474  5258  5550 D net.osmand: TTSCommandPlayerImpl ttsRequests=0
06-28 17:42:31.501  1976  9374 I GCoreUlr: Unbound from all signal providers.
06-28 17:42:31.505  1976  9483 I GCoreUlr: Successfully accounts update
06-28 17:42:31.626  1976  9484 E cddv    : *~*~*~ Channel {0} was not shutdown properly!!! ~*~*~*
06-28 17:42:31.626  1976  9484 E cddv    :     Make sure to call shutdown()/shutdownNow() and wait until awaitTermination() returns true.
06-28 17:42:31.626  1976  9484 E cddv    : java.lang.RuntimeException: ManagedChannel allocation site
06-28 17:42:31.626  1976  9484 E cddv    : 	at cddy.<init>(:com.google.android.gms@17785022@17.7.85 (040700-253824076):1)
06-28 17:42:31.626  1976  9484 E cddv    : 	at cddv.<init>(:com.google.android.gms@17785022@17.7.85 (040700-253824076):2)
06-28 17:42:31.626  1976  9484 E cddv    : 	at ccwm.b(:com.google.android.gms@17785022@17.7.85 (040700-253824076):14)
06-28 17:42:31.626  1976  9484 E cddv    : 	at sje.a(:com.google.android.gms@17785022@17.7.85 (040700-253824076):44)
06-28 17:42:31.626  1976  9484 E cddv    : 	at sje.a(:com.google.android.gms@17785022@17.7.85 (040700-253824076):59)
06-28 17:42:31.626  1976  9484 E cddv    : 	at bhkv.call(:com.google.android.gms@17785022@17.7.85 (040700-253824076):24)
06-28 17:42:31.626  1976  9484 E cddv    : 	at bhjd.run(:com.google.android.gms@17785022@17.7.85 (040700-253824076):1)
06-28 17:42:31.626  1976  9484 E cddv    : 	at squ.b(:com.google.android.gms@17785022@17.7.85 (040700-253824076):37)
06-28 17:42:31.626  1976  9484 E cddv    : 	at squ.run(:com.google.android.gms@17785022@17.7.85 (040700-253824076):21)
06-28 17:42:31.626  1976  9484 E cddv    : 	at java.util.concurrent.ThreadPoolExecutor.runWorker(ThreadPoolExecutor.java:1162)
06-28 17:42:31.626  1976  9484 E cddv    : 	at java.util.concurrent.ThreadPoolExecutor$Worker.run(ThreadPoolExecutor.java:636)
06-28 17:42:31.626  1976  9484 E cddv    : 	at swz.run(Unknown Source:7)
06-28 17:42:31.626  1976  9484 E cddv    : 	at java.lang.Thread.run(Thread.java:764)
06-28 17:42:31.646  1976  9374 I GCoreUlr: DispatchingService ignoring Intent { act=android.net.wifi.WIFI_STATE_CHANGED flg=0x4000010 (has extras) } because ULR inactive
06-28 17:42:31.685  1976  1976 I GCoreUlr: Unbound from all signal providers.
06-28 17:42:31.685  1976  1976 I GCoreUlr: Stopping handler for UlrDispSvcFast
06-28 17:42:31.686  1976  1976 I GeofencerStateMachine: sendQueryLocationOptIn
06-28 17:42:31.687  1976  9374 I GCoreUlr: Successfully accounts update
06-28 17:42:31.722  1596  1613 I GnssLocationProvider: WakeLock acquired by sendMessage(ENABLE, 1, null)
06-28 17:42:31.722  1596  1613 I GnssLocationProvider: WakeLock acquired by sendMessage(SET_REQUEST, 0, com.android.server.location.GnssLocationProvider$GpsRequest@2153bc6)
06-28 17:42:31.724  1596  1614 W BroadcastQueue: Background execution not allowed: receiving Intent { act=android.location.PROVIDERS_CHANGED flg=0x10 } to com.google.android.apps.maps/com.google.android.apps.gmm.locationsharing.usr.LocationAvailabilityChecker$LocationProvidersChangedBroadcastReceiver
06-28 17:42:31.725  1596  1614 W BroadcastQueue: Background execution not allowed: receiving Intent { act=android.location.PROVIDERS_CHANGED flg=0x10 } to com.google.android.gms/com.google.android.location.internal.NlpNetworkProviderSettingsUpdateReceiver
06-28 17:42:31.725  1596  1614 W BroadcastQueue: Background execution not allowed: receiving Intent { act=android.location.PROVIDERS_CHANGED flg=0x10 } to com.google.android.gms/.chimera.GmsIntentOperationService$PersistentTrustedReceiver
06-28 17:42:31.725  1596  1614 W BroadcastQueue: Background execution not allowed: receiving Intent { act=android.location.PROVIDERS_CHANGED flg=0x10 } to com.google.android.googlequicksearchbox/com.google.android.apps.gsa.broadcastreceiver.external.ExternalCommonBroadcastReceiver
06-28 17:42:31.733  1596  1614 W BroadcastQueue: Background execution not allowed: receiving Intent { act=android.location.MODE_CHANGED flg=0x10 } to com.google.android.apps.maps/com.google.android.apps.gmm.locationsharing.usr.LocationAvailabilityChecker$LocationProvidersChangedBroadcastReceiver
06-28 17:42:31.733  1596  1614 W BroadcastQueue: Background execution not allowed: receiving Intent { act=android.location.MODE_CHANGED flg=0x10 } to com.google.android.gms/.chimera.GmsIntentOperationService$PersistentTrustedReceiver
06-28 17:42:31.738  1596  1596 D GpsNetInitiatedHandler: location enabled :true
06-28 17:42:31.739  1396  1396 W GnssHAL_GnssInterface: setCallback called more than once. Unexpected unless test.
06-28 17:42:31.743  1596  1613 D GnssLocationProvider: gnssSetSystemInfoCb: yearOfHw=2015
06-28 17:42:31.752  1596  1613 D GnssLocationProvider: gnssSetCapabilitesCb: 0u
06-28 17:42:31.753  1596  1613 D GnssLocationProvider: gnssSetSystemInfoCb: yearOfHw=2015
06-28 17:42:31.754  1596  1613 E GnssLocationProvider: Unable to initialize GNSS Xtra interface
06-28 17:42:31.754  1596  1613 E GnssLocationProvider: Unable to Initialize AGnss interface
06-28 17:42:31.754  1596  1613 E GnssLocationProvider: Unable to initialize GNSS Geofencing interface
06-28 17:42:31.754  1596  1613 E GnssLocationProvider: Unable to initialize GNSS NI interface
06-28 17:42:31.754  1596  1613 E GnssLocationProvider: no AGPS interface in set_agps_server
06-28 17:42:31.754  1596  1613 E GnssLocationProvider: Failed to initialize GNSS batching
06-28 17:42:31.754  1596  1613 I GnssLocationProvider: WakeLock released by handleMessage(ENABLE, 1, null)
06-28 17:42:31.882  1596  1613 I GnssLocationProvider: WakeLock released by handleMessage(SET_REQUEST, 0, com.android.server.location.GnssLocationProvider$GpsRequest@2153bc6)
06-28 17:42:31.889  1976  9502 I GCoreUlr: Starting service, intent=Intent { act=com.google.android.location.reporting.ACTION_UPDATE_WORLD cmp=com.google.android.gms/com.google.android.location.reporting.service.DispatchingService (has extras) }, extras=Bundle[{receiverAction=android.location.PROVIDERS_CHANGED}]
06-28 17:42:31.899  1596  2224 W ActivityManager: Unable to start service Intent { act=com.google.android.gms.nearby.discovery:ACTION_PERMISSION_CHANGE cmp=com.google.android.gms/.nearby.discovery.service.DiscoveryService } U=0: not found
06-28 17:42:32.078  1976  1976 E BluetoothAdapter: Bluetooth binder is null
06-28 17:42:32.278  5258  5258 I net.osmand: RoutingHelper Recalculate route, because correlation  : 214.74408039865548
06-28 17:42:32.481  1976  9482 I GCoreUlr: WorldUpdater received intent Intent { act=com.google.android.location.reporting.ACTION_UPDATE_WORLD cmp=com.google.android.gms/com.google.android.location.reporting.service.DispatchingService (has extras) } with receiverAction android.location.PROVIDERS_CHANGED
06-28 17:42:32.551  1976  9482 I GCoreUlr: WorldUpdater:android.location.PROVIDERS_CHANGED: Ensuring that reporting is stopped because of reasons: {account#8#=[InactiveReason{mIdentifier=6, mName='ReportingNotEnabled'}, InactiveReason{mIdentifier=14, mName='HistoryNotEnabled'}]}
06-28 17:42:32.752  1976  9482 I GCoreUlr: Unbound from all signal providers.
06-28 17:42:32.756  1976  9483 I GCoreUlr: Successfully accounts update
06-28 17:42:32.831  1596  1607 I zygote  : Background concurrent copying GC freed 44519(2MB) AllocSpace objects, 46(1768KB) LOS objects, 28% free, 15MB/21MB, paused 19.676ms total 1.309s
06-28 17:42:32.891  1976  1976 I GCoreUlr: Unbound from all signal providers.
06-28 17:42:32.891  1976  1976 I GCoreUlr: Stopping handler for UlrDispSvcFast
06-28 17:42:32.892  1976  9483 I GCoreUlr: Successfully accounts update
06-28 17:42:32.959  5258  5258 I net.osmand: RoutingHelper Recalculate route, because correlation  : 214.74408039865548
06-28 17:42:32.959  5258  5258 I net.osmand: RoutingHelper Recalculate route, because wrong movement direction: 246.21614
06-28 17:42:32.962  5258  5258 I net.osmand: RoutingHelper Recalculate route, because correlation  : 214.74408039865548
06-28 17:42:32.962  5258  5258 I net.osmand: RoutingHelper Recalculate route, because wrong movement direction: 246.21614
06-28 17:42:32.987  5258  5258 I net.osmand: RoutingHelper Recalculate route, because correlation  : 214.74408039865548
06-28 17:42:33.208  1976  9482 I GCoreUlr: DispatchingService ignoring Intent { act=android.net.wifi.WIFI_STATE_CHANGED flg=0x4000010 (has extras) } because ULR inactive
06-28 17:42:33.320  5258  5258 I net.osmand: RoutingHelper Recalculate route, because correlation  : 214.74408039865548
06-28 17:42:33.362  5258  5258 I net.osmand: RoutingHelper Recalculate route, because correlation  : 214.74408039865548
06-28 17:42:33.363  5258  5258 I net.osmand: RoutingHelper Recalculate route, because wrong movement direction: 246.21614
06-28 17:42:33.571  1389  4034 W audio_hw_generic: Not supplying enough data to HAL, expected position 37401970 , only wrote 37401840
06-28 17:42:33.575  1389  4034 W audio_hw_generic: Not supplying enough data to HAL, expected position 37402022 , only wrote 37401840
06-28 17:42:33.590  1596  1596 W WindowManager: removeWindowToken: Attempted to remove non-existing token: android.os.Binder@446f46d
06-28 17:42:33.591  1389  4034 W audio_hw_generic: Not supplying enough data to HAL, expected position 37402622 , only wrote 37402560
06-28 17:42:33.866  1976  9379 I Places  : ?: PlacesBleScanner stop()
06-28 17:42:33.890  1596  9467 D NetworkMonitor/NetworkAgentInfo [WIFI () - 101]: PROBE_HTTP http://connectivitycheck.gstatic.com/generate_204 Probe failed with exception java.net.SocketTimeoutException: timeout
06-28 17:42:33.896  1976  1976 I BeaconBle: Scan : No clients left, canceling alarm.
06-28 17:42:33.916  1976  1976 I BeaconBle: Scan canceled successfully.
06-28 17:42:33.928  1976  1981 I zygote  : Do full code cache collection, code=2MB, data=1552KB
06-28 17:42:33.993  5258  5258 I net.osmand: RoutingHelper Recalculate route, because correlation  : 214.74408039865548
06-28 17:42:34.139  5258  5258 I net.osmand: RoutingHelper Recalculate route, because correlation  : 214.74408039865548
06-28 17:42:34.139  5258  5258 I net.osmand: RoutingHelper Recalculate route, because wrong movement direction: 246.21614
06-28 17:42:34.169  1976  9379 I PlaceInferenceEngine: [anon] Changed inference mode: 0
06-28 17:42:34.191  1976  1981 I zygote  : After code cache collection, code=2MB, data=1384KB
06-28 17:42:34.220  1976  9379 I PlaceInferenceEngine: [account#1066226748] Changed inference mode: 0
06-28 17:42:34.280  1976  9379 I Places  : Converted 1 out of 1 WiFi scans
06-28 17:42:34.281  1596  1610 I WifiService: getConnectionInfo uid=10014
06-28 17:42:34.483  5258  5258 I net.osmand: RoutingHelper Recalculate route, because correlation  : 214.74408039865548
06-28 17:42:34.494  1389  1389 W audio_hw_generic: Not supplying enough data to HAL, expected position 37488435 , only wrote 37445760
06-28 17:42:34.495  5258  5258 I net.osmand: RoutingHelper Recalculate route, because correlation  : 214.74408039865548
06-28 17:42:34.496  5258  5258 I net.osmand: RoutingHelper Recalculate route, because wrong movement direction: 246.21614
06-28 17:42:34.509  5258  5258 I net.osmand: RoutingHelper Recalculate route, because correlation  : 214.74408039865548
06-28 17:42:34.725  1976  1976 I GeofencerStateMachine: removeGeofences: removeRequest=RemoveGeofencingRequest[REMOVE_BY_PENDING_INTENT pendingIntent=PendingIntent[creatorPackage=com.google.android.gms], packageName=com.google.android.gms]
06-28 17:42:34.754  5258  5258 I net.osmand: RoutingHelper Recalculate route, because correlation  : 214.74408039865548
06-28 17:42:34.754  5258  5258 I net.osmand: RoutingHelper Recalculate route, because wrong movement direction: 246.21614
06-28 17:42:34.849  1976  2446 W MessageQueue: Handler (aeyl) {54fb1e9} sending message to a Handler on a dead thread
06-28 17:42:34.849  1976  2446 W MessageQueue: java.lang.IllegalStateException: Handler (aeyl) {54fb1e9} sending message to a Handler on a dead thread
06-28 17:42:34.849  1976  2446 W MessageQueue: 	at android.os.MessageQueue.enqueueMessage(MessageQueue.java:545)
06-28 17:42:34.849  1976  2446 W MessageQueue: 	at android.os.Handler.enqueueMessage(Handler.java:662)
06-28 17:42:34.849  1976  2446 W MessageQueue: 	at android.os.Handler.sendMessageAtTime(Handler.java:631)
06-28 17:42:34.849  1976  2446 W MessageQueue: 	at aeyl.sendMessageAtTime(Unknown Source:3)
06-28 17:42:34.849  1976  2446 W MessageQueue: 	at android.os.Handler.sendMessageDelayed(Handler.java:601)
06-28 17:42:34.849  1976  2446 W MessageQueue: 	at android.os.Handler.post(Handler.java:357)
06-28 17:42:34.849  1976  2446 W MessageQueue: 	at bcln.execute(Unknown Source:2)
06-28 17:42:34.849  1976  2446 W MessageQueue: 	at aanh.execute(Unknown Source:9)
06-28 17:42:34.849  1976  2446 W MessageQueue: 	at avft.a(:com.google.android.gms@17785022@17.7.85 (040700-253824076):3)
06-28 17:42:34.849  1976  2446 W MessageQueue: 	at avgk.a(:com.google.android.gms@17785022@17.7.85 (040700-253824076):8)
06-28 17:42:34.849  1976  2446 W MessageQueue: 	at avgn.a(:com.google.android.gms@17785022@17.7.85 (040700-253824076):43)
06-28 17:42:34.849  1976  2446 W MessageQueue: 	at avgj.a(:com.google.android.gms@17785022@17.7.85 (040700-253824076):2)
06-28 17:42:34.849  1976  2446 W MessageQueue: 	at rpj.a(:com.google.android.gms@17785022@17.7.85 (040700-253824076):3)
06-28 17:42:34.849  1976  2446 W MessageQueue: 	at rpj.a(:com.google.android.gms@17785022@17.7.85 (040700-253824076):2)
06-28 17:42:34.849  1976  2446 W MessageQueue: 	at agos.a(Unknown Source:2)
06-28 17:42:34.849  1976  2446 W MessageQueue: 	at rnt.a(Unknown Source:11)
06-28 17:42:34.849  1976  2446 W MessageQueue: 	at aamg.a(:com.google.android.gms@17785022@17.7.85 (040700-253824076):1)
06-28 17:42:34.849  1976  2446 W MessageQueue: 	at cwm.onTransact(:com.google.android.gms@17785022@17.7.85 (040700-253824076):4)
06-28 17:42:34.849  1976  2446 W MessageQueue: 	at android.os.Binder.execTransact(Binder.java:697)
06-28 17:42:34.865  5258  5258 I net.osmand: RoutingHelper Recalculate route, because correlation  : 214.74408039865548
06-28 17:42:35.310  5258  5258 I net.osmand: RoutingHelper Recalculate route, because correlation  : 214.74408039865548
06-28 17:42:35.345  5258  5268 I zygote  : Background concurrent copying GC freed 326398(7MB) AllocSpace objects, 0(0B) LOS objects, 18% free, 26MB/32MB, paused 1.297ms total 3.293s
06-28 17:42:35.427  1976  1986 I zygote  : Background concurrent copying GC freed 126237(5MB) AllocSpace objects, 45(3MB) LOS objects, 36% free, 10MB/16MB, paused 40.580ms total 2.337s
06-28 17:42:35.495  5258  5258 I net.osmand: RoutingHelper Recalculate route, because correlation  : 214.74408039865548
06-28 17:42:35.495  5258  5258 I net.osmand: RoutingHelper Recalculate route, because wrong movement direction: 246.21614
06-28 17:42:35.580  5258  5258 I net.osmand: RoutingHelper Recalculate route, because correlation  : 214.74408039865548
06-28 17:42:35.739  5258  5258 I net.osmand: RoutingHelper Recalculate route, because correlation  : 214.74408039865548
06-28 17:42:35.739  5258  5258 I net.osmand: RoutingHelper Recalculate route, because wrong movement direction: 246.21614
06-28 17:42:35.753  5258  5258 I net.osmand: RoutingHelper Recalculate route, because correlation  : 214.74408039865548
06-28 17:42:35.753  5258  5258 I net.osmand: RoutingHelper Recalculate route, because wrong movement direction: 246.21614
06-28 17:42:35.821  5258  5258 I net.osmand: RoutingHelper Recalculate route, because correlation  : 214.74408039865548
06-28 17:42:36.275  5258  5258 I net.osmand: RoutingHelper Recalculate route, because correlation  : 214.74408039865548
06-28 17:42:36.275  5258  5258 I net.osmand: RoutingHelper Recalculate route, because wrong movement direction: 246.21614
06-28 17:42:36.361  5258  5258 I net.osmand: RoutingHelper Recalculate route, because correlation  : 214.74408039865548
06-28 17:42:36.397  5258  5258 I net.osmand: RoutingHelper Recalculate route, because correlation  : 214.74408039865548
06-28 17:42:36.397  5258  5258 I net.osmand: RoutingHelper Recalculate route, because wrong movement direction: 246.21614
06-28 17:42:36.430  1596  1613 E memtrack: Couldn't load memtrack module
06-28 17:42:36.430  1596  1613 W android.os.Debug: failed to get memory consumption info: -1
06-28 17:42:36.443  5258  5258 I net.osmand: RoutingHelper Recalculate route, because correlation  : 214.74408039865548
06-28 17:42:36.606  1596  1613 E memtrack: Couldn't load memtrack module
06-28 17:42:36.610  1596  1613 W android.os.Debug: failed to get memory consumption info: -1
06-28 17:42:37.089  5258  5258 I net.osmand: RoutingHelper Recalculate route, because correlation  : 214.74408039865548
06-28 17:42:37.090  5258  5258 I net.osmand: RoutingHelper Recalculate route, because wrong movement direction: 246.21614
06-28 17:42:37.123  5258  5258 I net.osmand: RoutingHelper Recalculate route, because correlation  : 214.74408039865548
06-28 17:42:37.124  2534  2604 I WorkerManager: dispose()
06-28 17:42:37.126  2534  2604 W ThreadPoolDumper: Queue length for executor EventBus is now 11. Perhaps some tasks are too long, or the pool is too small.
06-28 17:42:37.324  5258  5258 I net.osmand: RoutingHelper Recalculate route, because correlation  : 214.74408039865548
06-28 17:42:37.557  5258  5258 I net.osmand: RoutingHelper Recalculate route, because correlation  : 214.74408039865548
06-28 17:42:37.557  5258  5258 I net.osmand: RoutingHelper Recalculate route, because wrong movement direction: 246.21614
06-28 17:42:37.566  5258  5258 I net.osmand: RoutingHelper Recalculate route, because correlation  : 214.74408039865548
06-28 17:42:37.586  5258  5258 I net.osmand: RoutingHelper Recalculate route, because correlation  : 214.74408039865548
06-28 17:42:37.586  5258  5258 I net.osmand: RoutingHelper Recalculate route, because wrong movement direction: 246.21614
06-28 17:42:37.931  5258  5258 I net.osmand: RoutingHelper Recalculate route, because correlation  : 214.74408039865548
06-28 17:42:37.932  5258  5258 I net.osmand: RoutingHelper Recalculate route, because wrong movement direction: 246.21614
06-28 17:42:37.965  5258  5258 I net.osmand: RoutingHelper Recalculate route, because correlation  : 214.74408039865548
06-28 17:42:38.237  5258  5268 I zygote  : Background concurrent copying GC freed 496555(11MB) AllocSpace objects, 0(0B) LOS objects, 20% free, 23MB/29MB, paused 6.937ms total 1.049s
06-28 17:42:38.307  5258  5258 I net.osmand: RoutingHelper Recalculate route, because correlation  : 214.74408039865548
06-28 17:42:38.315  5258  5258 I net.osmand: RoutingHelper Recalculate route, because correlation  : 214.74408039865548
06-28 17:42:38.317  5258  5258 I net.osmand: RoutingHelper Recalculate route, because wrong movement direction: 246.21614
06-28 17:42:38.882  5258  5258 I net.osmand: RoutingHelper Recalculate route, because correlation  : 214.74408039865548
06-28 17:42:38.917  5258  5258 I net.osmand: RoutingHelper Recalculate route, because correlation  : 214.74408039865548
06-28 17:42:38.917  5258  5258 I net.osmand: RoutingHelper Recalculate route, because wrong movement direction: 246.21614
06-28 17:42:39.185  1976  1976 I BeaconBle: Scan : No clients left, canceling alarm.
06-28 17:42:39.334  5258  5258 I net.osmand: RoutingHelper Recalculate route, because correlation  : 214.74408039865548
06-28 17:42:39.334  5258  5258 I net.osmand: RoutingHelper Recalculate route, because wrong movement direction: 246.21614
06-28 17:42:39.412  5258  5258 I net.osmand: RoutingHelper Recalculate route, because correlation  : 214.74408039865548
06-28 17:42:39.510  5258  5258 I net.osmand: RoutingHelper Recalculate route, because correlation  : 214.74408039865548
06-28 17:42:39.510  5258  5258 I net.osmand: RoutingHelper Recalculate route, because wrong movement direction: 246.21614
06-28 17:42:39.526  5258  5258 I net.osmand: RoutingHelper Recalculate route, because correlation  : 214.74408039865548
06-28 17:42:39.680  5258  5258 I chatty  : uid=10104(net.osmand) identical 1 line
06-28 17:42:39.681  5258  5258 I net.osmand: RoutingHelper Recalculate route, because correlation  : 214.74408039865548
06-28 17:42:39.681  5258  5258 I net.osmand: RoutingHelper Recalculate route, because wrong movement direction: 246.21614
06-28 17:42:39.762  1409  1409 I boot-pipe: done populating /dev/random
06-28 17:42:40.271  5258  5258 I net.osmand: RoutingHelper Recalculate route, because correlation  : 214.74408039865548
06-28 17:42:40.271  5258  5258 I net.osmand: RoutingHelper Recalculate route, because wrong movement direction: 246.21614
06-28 17:42:40.423  5258  5258 I net.osmand: RoutingHelper Recalculate route, because correlation  : 214.74408039865548
06-28 17:42:40.446  5258  5258 I net.osmand: RoutingHelper Recalculate route, because correlation  : 214.74408039865548
06-28 17:42:40.446  5258  5258 I net.osmand: RoutingHelper Recalculate route, because wrong movement direction: 246.21614
06-28 17:42:40.460  5258  5258 I net.osmand: RoutingHelper Recalculate route, because correlation  : 214.74408039865548
06-28 17:42:40.695  5258  5258 I chatty  : uid=10104(net.osmand) identical 1 line
06-28 17:42:40.698  5258  5258 I net.osmand: RoutingHelper Recalculate route, because correlation  : 214.74408039865548
06-28 17:42:40.699  5258  5258 I net.osmand: RoutingHelper Recalculate route, because wrong movement direction: 246.21614
06-28 17:42:41.178  5258  5258 I net.osmand: RoutingHelper Recalculate route, because correlation  : 214.74408039865548
06-28 17:42:41.199  5258  5258 I net.osmand: RoutingHelper Recalculate route, because correlation  : 214.74408039865548
06-28 17:42:41.200  5258  5258 I net.osmand: RoutingHelper Recalculate route, because wrong movement direction: 246.21614
06-28 17:42:41.382  5258  5268 I zygote  : Background concurrent copying GC freed 373113(8MB) AllocSpace objects, 0(0B) LOS objects, 19% free, 24MB/30MB, paused 19.349ms total 904.526ms
06-28 17:42:41.483  5258  5258 I net.osmand: RoutingHelper Recalculate route, because correlation  : 214.74408039865548
06-28 17:42:41.578  5258  5258 I net.osmand: RoutingHelper Recalculate route, because correlation  : 214.74408039865548
06-28 17:42:41.579  5258  5258 I net.osmand: RoutingHelper Recalculate route, because wrong movement direction: 246.21614
06-28 17:42:41.636  1976  9484 W MessageQueue: Handler (aeyl) {54fb1e9} sending message to a Handler on a dead thread
06-28 17:42:41.636  1976  9484 W MessageQueue: java.lang.IllegalStateException: Handler (aeyl) {54fb1e9} sending message to a Handler on a dead thread
06-28 17:42:41.636  1976  9484 W MessageQueue: 	at android.os.MessageQueue.enqueueMessage(MessageQueue.java:545)
06-28 17:42:41.636  1976  9484 W MessageQueue: 	at android.os.Handler.enqueueMessage(Handler.java:662)
06-28 17:42:41.636  1976  9484 W MessageQueue: 	at android.os.Handler.sendMessageAtTime(Handler.java:631)
06-28 17:42:41.636  1976  9484 W MessageQueue: 	at aeyl.sendMessageAtTime(Unknown Source:3)
06-28 17:42:41.636  1976  9484 W MessageQueue: 	at android.os.Handler.sendMessageDelayed(Handler.java:601)
06-28 17:42:41.636  1976  9484 W MessageQueue: 	at android.os.Handler.post(Handler.java:357)
06-28 17:42:41.636  1976  9484 W MessageQueue: 	at bhjd.a(:com.google.android.gms@17785022@17.7.85 (040700-253824076):3)
06-28 17:42:41.636  1976  9484 W MessageQueue: 	at bhjd.run(:com.google.android.gms@17785022@17.7.85 (040700-253824076):6)
06-28 17:42:41.636  1976  9484 W MessageQueue: 	at squ.b(:com.google.android.gms@17785022@17.7.85 (040700-253824076):37)
06-28 17:42:41.636  1976  9484 W MessageQueue: 	at squ.run(:com.google.android.gms@17785022@17.7.85 (040700-253824076):21)
06-28 17:42:41.636  1976  9484 W MessageQueue: 	at java.util.concurrent.ThreadPoolExecutor.runWorker(ThreadPoolExecutor.java:1162)
06-28 17:42:41.636  1976  9484 W MessageQueue: 	at java.util.concurrent.ThreadPoolExecutor$Worker.run(ThreadPoolExecutor.java:636)
06-28 17:42:41.636  1976  9484 W MessageQueue: 	at swz.run(Unknown Source:7)
06-28 17:42:41.636  1976  9484 W MessageQueue: 	at java.lang.Thread.run(Thread.java:764)
06-28 17:42:42.118  5258  5258 I net.osmand: RoutingHelper Recalculate route, because correlation  : 214.74408039865548
06-28 17:42:42.118  5258  5258 I net.osmand: RoutingHelper Recalculate route, because wrong movement direction: 246.21614
06-28 17:42:42.136  5258  5258 I net.osmand: RoutingHelper Recalculate route, because correlation  : 214.74408039865548
06-28 17:42:42.421  5258  5258 I net.osmand: RoutingHelper Recalculate route, because correlation  : 214.74408039865548
06-28 17:42:42.421  5258  5258 I net.osmand: RoutingHelper Recalculate route, because wrong movement direction: 246.21614
06-28 17:42:42.508  5258  5258 I net.osmand: RoutingHelper Recalculate route, because correlation  : 214.74408039865548
06-28 17:42:42.514  5258  5258 I net.osmand: RoutingHelper Recalculate route, because correlation  : 214.74408039865548
06-28 17:42:42.515  5258  5258 I net.osmand: RoutingHelper Recalculate route, because wrong movement direction: 246.21614
06-28 17:42:42.542  5258  5258 I net.osmand: RoutingHelper Recalculate route, because correlation  : 214.74408039865548
06-28 17:42:42.780  5258  5258 I net.osmand: RoutingHelper Recalculate route, because correlation  : 214.74408039865548
06-28 17:42:42.780  5258  5258 I net.osmand: RoutingHelper Recalculate route, because wrong movement direction: 246.21614
06-28 17:42:42.806  5258  5258 I net.osmand: RoutingHelper Recalculate route, because correlation  : 214.74408039865548
06-28 17:42:43.312  5258  5258 I net.osmand: RoutingHelper Recalculate route, because correlation  : 214.74408039865548
06-28 17:42:43.312  5258  5258 I net.osmand: RoutingHelper Recalculate route, because wrong movement direction: 246.21614
06-28 17:42:43.325  5258  5258 I net.osmand: RoutingHelper Recalculate route, because correlation  : 214.74408039865548
06-28 17:42:43.491  5258  5258 I chatty  : uid=10104(net.osmand) identical 1 line
06-28 17:42:43.529  5258  5258 I net.osmand: RoutingHelper Recalculate route, because correlation  : 214.74408039865548
06-28 17:42:43.529  5258  5258 I net.osmand: RoutingHelper Recalculate route, because wrong movement direction: 246.21614
06-28 17:42:43.773  1596  9466 D NetworkMonitor/NetworkAgentInfo [WIFI () - 101]: PROBE_HTTPS https://www.google.com/generate_204 Probe failed with exception java.net.SocketTimeoutException: failed to connect to www.google.com/2800:3f0:4001:801::2004 (port 443) from /fec0::241b:60a9:781f:c36d (port 54114) after 10000ms
06-28 17:42:43.948  5258  5258 I net.osmand: RoutingHelper Recalculate route, because correlation  : 214.74408039865548
06-28 17:42:43.948  5258  5258 I net.osmand: RoutingHelper Recalculate route, because wrong movement direction: 246.21614
06-28 17:42:43.961  5258  5258 I net.osmand: RoutingHelper Recalculate route, because correlation  : 214.74408039865548
06-28 17:42:44.277  5258  5268 I zygote  : Background concurrent copying GC freed 390906(8MB) AllocSpace objects, 0(0B) LOS objects, 20% free, 22MB/28MB, paused 23.931ms total 715.681ms
06-28 17:42:44.425  5258  5258 I net.osmand: RoutingHelper Recalculate route, because correlation  : 214.74408039865548
06-28 17:42:44.452  5258  5258 I net.osmand: RoutingHelper Recalculate route, because correlation  : 214.74408039865548
06-28 17:42:44.452  5258  5258 I net.osmand: RoutingHelper Recalculate route, because wrong movement direction: 246.21614
06-28 17:42:44.465  5258  5258 I net.osmand: RoutingHelper Recalculate route, because correlation  : 214.74408039865548
06-28 17:42:44.482  5258  5258 I net.osmand: RoutingHelper Recalculate route, because correlation  : 214.74408039865548
06-28 17:42:44.482  5258  5258 I net.osmand: RoutingHelper Recalculate route, because wrong movement direction: 246.21614
06-28 17:42:44.869  5258  5258 I net.osmand: RoutingHelper Recalculate route, because correlation  : 214.74408039865548
06-28 17:42:44.880  5258  5258 I net.osmand: RoutingHelper Recalculate route, because correlation  : 214.74408039865548
06-28 17:42:44.880  5258  5258 I net.osmand: RoutingHelper Recalculate route, because wrong movement direction: 246.21614
06-28 17:42:45.302  5258  5258 I net.osmand: RoutingHelper Recalculate route, because correlation  : 214.74408039865548
06-28 17:42:45.313  5258  5258 I net.osmand: RoutingHelper Recalculate route, because correlation  : 214.74408039865548
06-28 17:42:45.313  5258  5258 I net.osmand: RoutingHelper Recalculate route, because wrong movement direction: 246.21614
06-28 17:42:45.558  5258  5258 I net.osmand: RoutingHelper Recalculate route, because correlation  : 214.74408039865548
06-28 17:42:45.581  5258  5258 I net.osmand: RoutingHelper Recalculate route, because correlation  : 214.74408039865548
06-28 17:42:45.581  5258  5258 I net.osmand: RoutingHelper Recalculate route, because wrong movement direction: 246.21614
06-28 17:42:45.671  1596  6750 I WifiService: acquireWifiLock uid=10014 lockMode=2
06-28 17:42:45.713  1596  9493 D NetworkMonitor/NetworkAgentInfo [MOBILE (GPRS) - 100]: PROBE_HTTPS https://www.google.com/generate_204 Probe failed with exception java.net.ConnectException: Failed to connect to www.google.com/2800:3f0:4001:801::2004:443
06-28 17:42:45.718  1596  2327 D NetworkMonitor/NetworkAgentInfo [MOBILE (GPRS) - 100]: PROBE_FALLBACK http://www.google.com/gen_204 Probe failed with exception java.net.ConnectException: Failed to connect to www.google.com/2800:3f0:4001:801::2004:80
06-28 17:42:45.742  1596  9494 D NetworkMonitor/NetworkAgentInfo [MOBILE (GPRS) - 100]: PROBE_HTTP http://connectivitycheck.gstatic.com/generate_204 Probe failed with exception java.net.ConnectException: Failed to connect to connectivitycheck.gstatic.com/2800:3f0:4001:81a::2003:80
06-28 17:42:45.744  1596  1679 D ConnectivityService: NetworkAgentInfo [MOBILE (GPRS) - 100] validation failed
06-28 17:42:46.020  5258  5258 I net.osmand: RoutingHelper Recalculate route, because correlation  : 214.74408039865548
06-28 17:42:46.032  5258  5258 I net.osmand: RoutingHelper Recalculate route, because correlation  : 214.74408039865548
06-28 17:42:46.032  5258  5258 I net.osmand: RoutingHelper Recalculate route, because wrong movement direction: 246.21614
06-28 17:42:46.283  5258  5258 I net.osmand: RoutingHelper Recalculate route, because correlation  : 214.74408039865548
06-28 17:42:46.283  5258  5258 I net.osmand: RoutingHelper Recalculate route, because wrong movement direction: 246.21614
06-28 17:42:46.432  5258  5258 I net.osmand: RoutingHelper Recalculate route, because correlation  : 214.74408039865548
06-28 17:42:46.445  5258  5258 I chatty  : uid=10104(net.osmand) identical 1 line
06-28 17:42:46.446  5258  5258 I net.osmand: RoutingHelper Recalculate route, because correlation  : 214.74408039865548
06-28 17:42:46.446  5258  5258 I net.osmand: RoutingHelper Recalculate route, because wrong movement direction: 246.21614
06-28 17:42:46.993  5258  5258 I net.osmand: RoutingHelper Recalculate route, because correlation  : 214.74408039865548
06-28 17:42:47.218  5258  5258 I net.osmand: RoutingHelper Recalculate route, because correlation  : 214.74408039865548
06-28 17:42:47.218  5258  5258 I net.osmand: RoutingHelper Recalculate route, because wrong movement direction: 246.21614
06-28 17:42:47.313  5258  5258 I net.osmand: RoutingHelper Recalculate route, because correlation  : 214.74408039865548
06-28 17:42:47.330  5258  5268 I zygote  : Background concurrent copying GC freed 325335(7MB) AllocSpace objects, 0(0B) LOS objects, 20% free, 22MB/28MB, paused 2.391ms total 976.220ms
06-28 17:42:47.480  5258  5258 I net.osmand: RoutingHelper Recalculate route, because correlation  : 214.74408039865548
06-28 17:42:47.480  5258  5258 I net.osmand: RoutingHelper Recalculate route, because wrong movement direction: 246.21614
06-28 17:42:47.684  5258  5258 I net.osmand: RoutingHelper Recalculate route, because correlation  : 214.74408039865548
06-28 17:42:47.695  5258  5258 I net.osmand: RoutingHelper Recalculate route, because correlation  : 214.74408039865548
06-28 17:42:47.695  5258  5258 I net.osmand: RoutingHelper Recalculate route, because wrong movement direction: 246.21614
06-28 17:42:47.790  1596  1613 E memtrack: Couldn't load memtrack module
06-28 17:42:47.790  1596  1613 W android.os.Debug: failed to get memory consumption info: -1
06-28 17:42:48.001  1596  1613 E memtrack: Couldn't load memtrack module
06-28 17:42:48.001  1596  1613 W android.os.Debug: failed to get memory consumption info: -1
06-28 17:42:48.224  5258  5258 I net.osmand: RoutingHelper Recalculate route, because correlation  : 214.74408039865548
06-28 17:42:48.224  5258  5258 I net.osmand: RoutingHelper Recalculate route, because wrong movement direction: 246.21614
06-28 17:42:48.244  5258  5258 I net.osmand: RoutingHelper Recalculate route, because correlation  : 214.74408039865548
06-28 17:42:48.311  5258  5258 I net.osmand: RoutingHelper Recalculate route, because correlation  : 214.74408039865548
06-28 17:42:48.311  5258  5258 I net.osmand: RoutingHelper Recalculate route, because wrong movement direction: 246.21614
06-28 17:42:48.328  5258  5258 I net.osmand: RoutingHelper Recalculate route, because correlation  : 214.74408039865548
06-28 17:42:48.755  5258  5258 I chatty  : uid=10104(net.osmand) identical 1 line
06-28 17:42:48.756  5258  5258 I net.osmand: RoutingHelper Recalculate route, because correlation  : 214.74408039865548
06-28 17:42:48.756  5258  5258 I net.osmand: RoutingHelper Recalculate route, because wrong movement direction: 246.21614
06-28 17:42:48.784  1596  5024 D WificondControl: Scan result ready event
06-28 17:42:48.978  1596  7607 I WifiService: releaseWifiLock uid=10014
06-28 17:42:49.168  5258  5258 I net.osmand: RoutingHelper Recalculate route, because correlation  : 214.74408039865548
06-28 17:42:49.187  5258  5258 I net.osmand: RoutingHelper Recalculate route, because correlation  : 214.74408039865548
06-28 17:42:49.187  5258  5258 I net.osmand: RoutingHelper Recalculate route, because wrong movement direction: 246.21614
06-28 17:42:49.330  5258  5258 I net.osmand: RoutingHelper Recalculate route, because correlation  : 214.74408039865548
06-28 17:42:49.444  5258  5258 I net.osmand: RoutingHelper Recalculate route, because correlation  : 214.74408039865548
06-28 17:42:49.444  5258  5258 I net.osmand: RoutingHelper Recalculate route, because wrong movement direction: 246.21614
06-28 17:42:49.948  5258  5258 I net.osmand: RoutingHelper Recalculate route, because correlation  : 214.74408039865548
06-28 17:42:49.948  5258  5258 I net.osmand: RoutingHelper Recalculate route, because wrong movement direction: 246.21614
06-28 17:42:50.070  5258  5258 I net.osmand: RoutingHelper Recalculate route, because correlation  : 214.74408039865548
06-28 17:42:50.334  5258  5258 I net.osmand: RoutingHelper Recalculate route, because correlation  : 214.74408039865548
06-28 17:42:50.359  5258  5268 I zygote  : Background concurrent copying GC freed 330012(7MB) AllocSpace objects, 0(0B) LOS objects, 20% free, 23MB/29MB, paused 1.783ms total 951.264ms
06-28 17:42:50.465  5258  5258 I net.osmand: RoutingHelper Recalculate route, because correlation  : 214.74408039865548
06-28 17:42:50.465  5258  5258 I net.osmand: RoutingHelper Recalculate route, because wrong movement direction: 246.21614
06-28 17:42:50.614  5258  5258 I net.osmand: RoutingHelper Recalculate route, because correlation  : 214.74408039865548
06-28 17:42:50.614  5258  5258 I net.osmand: RoutingHelper Recalculate route, because wrong movement direction: 246.21614
06-28 17:42:50.625  5258  5258 I net.osmand: RoutingHelper Recalculate route, because correlation  : 214.74408039865548
06-28 17:42:50.928  5258  5258 I net.osmand: RoutingHelper Recalculate route, because correlation  : 214.74408039865548
06-28 17:42:50.929  5258  5258 I net.osmand: RoutingHelper Recalculate route, because wrong movement direction: 246.21614
06-28 17:42:51.032  5258  5258 I net.osmand: RoutingHelper Recalculate route, because correlation  : 214.74408039865548
06-28 17:42:51.306  5258  5258 I net.osmand: RoutingHelper Recalculate route, because correlation  : 214.74408039865548
06-28 17:42:51.306  5258  5258 I net.osmand: RoutingHelper Recalculate route, because wrong movement direction: 246.21614
06-28 17:42:51.503  5258  5258 I net.osmand: RoutingHelper Recalculate route, because correlation  : 214.74408039865548
06-28 17:42:51.772  5258  5258 I chatty  : uid=10104(net.osmand) identical 1 line
06-28 17:42:51.801  5258  5258 I net.osmand: RoutingHelper Recalculate route, because correlation  : 214.74408039865548
06-28 17:42:51.802  5258  5258 I net.osmand: RoutingHelper Recalculate route, because wrong movement direction: 246.21614
06-28 17:42:52.312  5258  5258 I net.osmand: RoutingHelper Recalculate route, because correlation  : 214.74408039865548
06-28 17:42:52.314  5258  5258 I net.osmand: RoutingHelper Recalculate route, because correlation  : 214.74408039865548
06-28 17:42:52.314  5258  5258 I net.osmand: RoutingHelper Recalculate route, because wrong movement direction: 246.21614
06-28 17:42:52.316  5258  5258 I net.osmand: RoutingHelper Recalculate route, because correlation  : 214.74408039865548
06-28 17:42:52.320  5258  5258 I net.osmand: RoutingHelper Recalculate route, because correlation  : 214.74408039865548
06-28 17:42:52.320  5258  5258 I net.osmand: RoutingHelper Recalculate route, because wrong movement direction: 246.21614
06-28 17:42:52.713  5258  5258 I net.osmand: RoutingHelper Recalculate route, because correlation  : 214.74408039865548
06-28 17:42:52.860  5258  5258 I net.osmand: RoutingHelper Recalculate route, because correlation  : 214.74408039865548
06-28 17:42:52.860  5258  5258 I net.osmand: RoutingHelper Recalculate route, because wrong movement direction: 246.21614
06-28 17:42:52.916  5258  5268 I zygote  : Background concurrent copying GC freed 350280(7MB) AllocSpace objects, 0(0B) LOS objects, 20% free, 22MB/28MB, paused 12.070ms total 589.131ms
06-28 17:42:53.381  5258  5258 I net.osmand: RoutingHelper Recalculate route, because correlation  : 214.74408039865548
06-28 17:42:53.393  5258  5258 I net.osmand: RoutingHelper Recalculate route, because correlation  : 214.74408039865548
06-28 17:42:53.394  5258  5258 I net.osmand: RoutingHelper Recalculate route, because wrong movement direction: 246.21614
06-28 17:42:53.407  5258  5258 I net.osmand: RoutingHelper Recalculate route, because correlation  : 214.74408039865548
06-28 17:42:53.408  5258  5258 I net.osmand: RoutingHelper Recalculate route, because wrong movement direction: 246.21614
06-28 17:42:53.418  5258  5258 I net.osmand: RoutingHelper Recalculate route, because correlation  : 214.74408039865548
06-28 17:42:53.756  1596  9526 D NetworkMonitor/NetworkAgentInfo [MOBILE (GPRS) - 100]: PROBE_DNS www.google.com 8ms OK 172.217.28.228,2800:3f0:4001:801::2004
06-28 17:42:53.783  1596  9527 D NetworkMonitor/NetworkAgentInfo [MOBILE (GPRS) - 100]: PROBE_DNS connectivitycheck.gstatic.com 34ms OK 172.217.172.131,2800:3f0:4001:81a::2003
06-28 17:42:53.994  5258  5258 I net.osmand: RoutingHelper Recalculate route, because correlation  : 214.74408039865548
06-28 17:42:54.008  1482  9422 W SocketClient: write error (Broken pipe)
06-28 17:42:54.090  5258  5258 I net.osmand: RoutingHelper Recalculate route, because correlation  : 214.74408039865548
06-28 17:42:54.090  5258  5258 I net.osmand: RoutingHelper Recalculate route, because wrong movement direction: 246.21614
06-28 17:42:54.362  5258  5258 I net.osmand: RoutingHelper Recalculate route, because correlation  : 214.74408039865548
06-28 17:42:54.362  5258  5258 I net.osmand: RoutingHelper Recalculate route, because wrong movement direction: 246.21614
06-28 17:42:54.368  5258  5258 I net.osmand: RoutingHelper Recalculate route, because correlation  : 214.74408039865548
06-28 17:42:54.444  5258  5258 I net.osmand: RoutingHelper Recalculate route, because correlation  : 214.74408039865548
06-28 17:42:54.444  5258  5258 I net.osmand: RoutingHelper Recalculate route, because wrong movement direction: 246.21614
06-28 17:42:54.455  5258  5258 I net.osmand: RoutingHelper Recalculate route, because correlation  : 214.74408039865548
06-28 17:42:54.790  1596  9527 D NetworkMonitor/NetworkAgentInfo [MOBILE (GPRS) - 100]: PROBE_HTTP http://connectivitycheck.gstatic.com/generate_204 Probe failed with exception java.net.ConnectException: Failed to connect to connectivitycheck.gstatic.com/2800:3f0:4001:81a::2003:80
06-28 17:42:54.792  1596  9526 D NetworkMonitor/NetworkAgentInfo [MOBILE (GPRS) - 100]: PROBE_HTTPS https://www.google.com/generate_204 Probe failed with exception java.net.ConnectException: Failed to connect to www.google.com/2800:3f0:4001:801::2004:443
06-28 17:42:54.851  5258  5258 I net.osmand: RoutingHelper Recalculate route, because correlation  : 214.74408039865548
06-28 17:42:54.987  5258  5258 I net.osmand: RoutingHelper Recalculate route, because correlation  : 214.74408039865548
06-28 17:42:54.987  5258  5258 I net.osmand: RoutingHelper Recalculate route, because wrong movement direction: 246.21614
06-28 17:42:55.032  1976  8499 E Uploader: Clearcut transport failed to make network request. Use 152046 milliseconds.
06-28 17:42:55.032  1976  8499 E Uploader: java.net.ConnectException: Failed to connect to play.googleapis.com/2800:3f0:4001:80b::200a:443
06-28 17:42:55.032  1976  8499 E Uploader: 	at com.android.okhttp.internal.io.RealConnection.connectSocket(RealConnection.java:143)
06-28 17:42:55.032  1976  8499 E Uploader: 	at com.android.okhttp.internal.io.RealConnection.connect(RealConnection.java:112)
06-28 17:42:55.032  1976  8499 E Uploader: 	at com.android.okhttp.internal.http.StreamAllocation.findConnection(StreamAllocation.java:184)
06-28 17:42:55.032  1976  8499 E Uploader: 	at com.android.okhttp.internal.http.StreamAllocation.findHealthyConnection(StreamAllocation.java:126)
06-28 17:42:55.032  1976  8499 E Uploader: 	at com.android.okhttp.internal.http.StreamAllocation.newStream(StreamAllocation.java:95)
06-28 17:42:55.032  1976  8499 E Uploader: 	at com.android.okhttp.internal.http.HttpEngine.connect(HttpEngine.java:281)
06-28 17:42:55.032  1976  8499 E Uploader: 	at com.android.okhttp.internal.http.HttpEngine.sendRequest(HttpEngine.java:224)
06-28 17:42:55.032  1976  8499 E Uploader: 	at com.android.okhttp.internal.huc.HttpURLConnectionImpl.execute(HttpURLConnectionImpl.java:461)
06-28 17:42:55.032  1976  8499 E Uploader: 	at com.android.okhttp.internal.huc.HttpURLConnectionImpl.connect(HttpURLConnectionImpl.java:127)
06-28 17:42:55.032  1976  8499 E Uploader: 	at com.android.okhttp.internal.huc.HttpURLConnectionImpl.getOutputStream(HttpURLConnectionImpl.java:258)
06-28 17:42:55.032  1976  8499 E Uploader: 	at com.android.okhttp.internal.huc.DelegatingHttpsURLConnection.getOutputStream(DelegatingHttpsURLConnection.java:218)
06-28 17:42:55.032  1976  8499 E Uploader: 	at com.android.okhttp.internal.huc.HttpsURLConnectionImpl.getOutputStream(Unknown Source:0)
06-28 17:42:55.032  1976  8499 E Uploader: 	at acdd.a(:com.google.android.gms@17785022@17.7.85 (040700-253824076):26)
06-28 17:42:55.032  1976  8499 E Uploader: 	at acdd.execute(:com.google.android.gms@17785022@17.7.85 (040700-253824076):8)
06-28 17:42:55.032  1976  8499 E Uploader: 	at acdd.execute(:com.google.android.gms@17785022@17.7.85 (040700-253824076):7)
06-28 17:42:55.032  1976  8499 E Uploader: 	at rdf.a(:com.google.android.gms@17785022@17.7.85 (040700-253824076):10)
06-28 17:42:55.032  1976  8499 E Uploader: 	at rdf.a(:com.google.android.gms@17785022@17.7.85 (040700-253824076):56)
