06-29 18:59:12.456  1587  1674 D ConnectivityService: NetworkAgentInfo [MOBILE (GPRS) - 100] validation failed
06-29 18:59:19.273  1587  1596 I zygote  : Background concurrent copying GC freed 82838(6MB) AllocSpace objects, 3(60KB) LOS objects, 31% free, 12MB/18MB, paused 2.048ms total 126.696ms
06-29 18:59:20.739  1587  1876 I WifiService: acquireWifiLock uid=10014 lockMode=2
06-29 18:59:23.722  1768  1768 I wpa_supplicant: nl80211: send_and_recv->nl_recvmsgs failed: -33
06-29 18:59:23.722  1587  1876 D WificondControl: Scan result ready event
06-29 18:59:23.767  1587  2237 I WifiService: releaseWifiLock uid=10014
06-29 18:59:26.667  1406  1406 I boot-pipe: done populating /dev/random
06-29 18:59:29.464  2583  2669 I zygote  : Deoptimizing java.lang.String wij.a(java.lang.String, java.lang.Object[]) due to JIT inline cache
06-29 18:59:29.464  2583  2669 I PlayCommon: [136] adnc.d(23): Preparing logs for uploading
06-29 18:59:29.469  2583  2669 I PlayCommon: [136] adnc.d(125): Connecting to server: https://play.googleapis.com/play/log?format=raw&proto_v2=true
06-29 18:59:41.759  1587  2237 I WifiService: acquireWifiLock uid=10014 lockMode=2
06-29 18:59:41.763  1587  1610 E memtrack: Couldn't load memtrack module
06-29 18:59:41.763  1587  1610 W android.os.Debug: failed to get memory consumption info: -1
06-29 18:59:41.796  1587  1876 I WifiService: releaseWifiLock uid=10014
06-29 18:59:41.829  1587  1610 E memtrack: Couldn't load memtrack module
06-29 18:59:41.829  1587  1610 W android.os.Debug: failed to get memory consumption info: -1
06-29 18:59:44.720  1587  3390 D WificondControl: Scan result ready event
06-29 18:59:49.391  1587  1596 I zygote  : Background concurrent copying GC freed 81592(5MB) AllocSpace objects, 3(60KB) LOS objects, 31% free, 13MB/19MB, paused 1.690ms total 167.348ms
06-29 18:59:51.813  1964  8033 E WakeLock: GCM_HB_ALARM release without a matched acquire!
06-29 18:59:51.813  1964  8033 W WakeLock: GCM_HB_ALARM counter does not exist
06-29 18:59:57.033  1587  1614 I WifiService: requestActivityInfo uid=1000
06-29 18:59:57.034  1587  1614 I WifiService: reportActivityInfo uid=1000
06-29 18:59:57.034  1587  1614 I WifiService: getSupportedFeatures uid=1000
06-29 18:59:57.040  1587  1614 E BluetoothAdapter: Bluetooth binder is null
06-29 18:59:57.047  1587  1614 E KernelCpuSpeedReader: Failed to read cpu-freq: /sys/devices/system/cpu/cpu0/cpufreq/stats/time_in_state (No such file or directory)
06-29 18:59:57.056  1587  1614 E BatteryExternalStatsWorker: modem info is invalid: ModemActivityInfo{ mTimestamp=0 mSleepTimeMs=0 mIdleTimeMs=0 mTxTimeMs[]=[0, 0, 0, 0, 0] mRxTimeMs=0 mEnergyUsed=0}
06-29 18:59:59.917  1587  8060 D NetworkMonitor/NetworkAgentInfo [WIFI () - 101]: PROBE_DNS connectivitycheck.gstatic.com 10016ms OK 172.217.172.131
06-29 18:59:59.918  1587  8059 D NetworkMonitor/NetworkAgentInfo [WIFI () - 101]: PROBE_DNS www.google.com 10016ms OK 172.217.28.228
06-29 19:00:00.033  1399  1414 D hwcomposer: hw_composer sent 7 syncs in 60s
06-29 19:00:01.756  1587  8060 D NetworkMonitor/NetworkAgentInfo [WIFI () - 101]: PROBE_HTTP http://connectivitycheck.gstatic.com/generate_204 time=1837ms ret=204 request={User-Agent=[Mozilla/5.0 (X11; Linux x86_64) AppleWebKit/537.36 (KHTML, like Gecko) Chrome/60.0.3112.32 Safari/537.36]} headers={null=[HTTP/1.1 204 No Content], Content-Length=[0], Date=[Sat, 29 Jun 2019 19:00:00 GMT], X-Android-Received-Millis=[1561834801756], X-Android-Response-Source=[NETWORK 204], X-Android-Selected-Protocol=[http/1.1], X-Android-Sent-Millis=[1561834800683]}
06-29 19:00:01.768  1587  2237 I WifiService: acquireWifiLock uid=10014 lockMode=2
06-29 19:00:01.810  1587  2237 I WifiService: releaseWifiLock uid=10014
06-29 19:00:11.260  1587  8059 D NetworkMonitor/NetworkAgentInfo [WIFI () - 101]: PROBE_HTTPS https://www.google.com/generate_204 Probe failed with exception java.io.IOException: unexpected end of stream on com.android.okhttp.Address@a798974c
06-29 19:00:18.441  1587  8079 D NetworkMonitor/NetworkAgentInfo [MOBILE (GPRS) - 100]: PROBE_DNS connectivitycheck.gstatic.com 1922ms OK 172.217.172.131,2800:3f0:4001:81a::2003
06-29 19:00:18.462  1587  8078 D NetworkMonitor/NetworkAgentInfo [MOBILE (GPRS) - 100]: PROBE_DNS www.google.com 1944ms OK 172.217.28.228,2800:3f0:4001:801::2004
06-29 19:00:19.354  1587  1596 I zygote  : Background concurrent copying GC freed 79678(5MB) AllocSpace objects, 6(264KB) LOS objects, 30% free, 13MB/19MB, paused 5.891ms total 180.178ms
06-29 19:00:21.777  1587  1876 I WifiService: acquireWifiLock uid=10014 lockMode=2
06-29 19:00:06.988  1587  1614 E BatteryExternalStatsWorker: modem info is invalid: ModemActivityInfo{ mTimestamp=0 mSleepTimeMs=0 mIdleTimeMs=0 mTxTimeMs[]=[0, 0, 0, 0, 0] mRxTimeMs=0 mEnergyUsed=0}
06-29 19:00:21.806  1587  1610 I ProcessStatsService: Pruning old procstats: /data/system/procstats/state-2019-06-20-15-23-59.bin
06-29 19:00:21.839  1964  8063 E WakeLock: GCM_HB_ALARM release without a matched acquire!
06-29 19:00:21.839  1964  8063 W WakeLock: GCM_HB_ALARM counter does not exist
06-29 19:00:21.843  2583  2669 E PlayCommon: [136] adnc.d(292): Failed to upload logs: java.io.IOException: unexpected end of stream on com.android.okhttp.Address@243d22ff
06-29 19:00:21.843  1964  8063 W WakeLock: GCM_CONN_ALARM counter does not exist
06-29 19:00:24.760  1587  1876 D WificondControl: Scan result ready event
06-29 19:00:24.803  1587  3390 I WifiService: releaseWifiLock uid=10014
06-29 19:00:26.670  1406  1406 I boot-pipe: done populating /dev/random
06-29 19:00:28.949  1587  8079 D NetworkMonitor/NetworkAgentInfo [MOBILE (GPRS) - 100]: PROBE_HTTP http://connectivitycheck.gstatic.com/generate_204 Probe failed with exception java.net.SocketTimeoutException: timeout
06-29 19:00:32.541  1587  2572 D NetworkMonitor/NetworkAgentInfo [WIFI () - 101]: PROBE_FALLBACK http://www.google.com/gen_204 Probe failed with exception java.net.ConnectException: Failed to connect to www.google.com/172.217.28.228:80
06-29 19:00:32.542  1587  1674 D ConnectivityService: NetworkAgentInfo [WIFI () - 101] validation failed
06-29 19:00:32.542  1587  1670 D WifiStateMachine: NETWORK_STATUS_UNWANTED_VALIDATION_FAILED
06-29 19:00:32.648  1587  8078 D NetworkMonitor/NetworkAgentInfo [MOBILE (GPRS) - 100]: PROBE_HTTPS https://www.google.com/generate_204 Probe failed with exception java.net.SocketTimeoutException: timeout
06-29 19:00:36.799  1587  2272 D NetworkMonitor/NetworkAgentInfo [MOBILE (GPRS) - 100]: PROBE_FALLBACK http://www.google.com/gen_204 Probe failed with exception java.net.SocketTimeoutException: timeout
06-29 19:00:36.800  1587  1674 D ConnectivityService: NetworkAgentInfo [MOBILE (GPRS) - 100] validation failed
06-29 19:00:42.794  1587  1876 I WifiService: acquireWifiLock uid=10014 lockMode=2
06-29 19:00:42.800  1587  1610 E memtrack: Couldn't load memtrack module
06-29 19:00:42.800  1587  1610 W android.os.Debug: failed to get memory consumption info: -1
06-29 19:00:42.835  1587  5746 I WifiService: releaseWifiLock uid=10014
06-29 19:00:42.871  1587  1667 D RecurrenceRule: Resolving using anchor 2019-06-29T19:00:42.871Z[GMT]
06-29 19:00:42.874  1587  1667 D RecurrenceRule: Resolving using anchor 2019-06-29T19:00:42.874Z[GMT]
06-29 19:00:42.877  1587  1667 D RecurrenceRule: Cycle 17 from 2019-06-09T00:00Z[GMT] to 2019-07-09T00:00Z[GMT]
06-29 19:00:42.877  1587  1667 D NetworkStats: Resolving plan for NetworkTemplate: matchRule=MOBILE_ALL, subscriberId=310260..., matchSubscriberIds=[310260...]
06-29 19:00:42.880  1587  1667 D NetworkStats: Found active matching subId 1
06-29 19:00:42.885  1587  1667 D NetworkStats: Resolved to plan null
06-29 19:00:49.322  1587  1596 I zygote  : Background concurrent copying GC freed 83547(5MB) AllocSpace objects, 7(256KB) LOS objects, 30% free, 13MB/19MB, paused 1.029ms total 152.076ms
06-29 19:00:58.794  1587  1610 E memtrack: Couldn't load memtrack module
06-29 19:00:58.794  1587  1610 W android.os.Debug: failed to get memory consumption info: -1
06-29 19:00:58.856  1587  1610 E memtrack: Couldn't load memtrack module
06-29 19:00:58.856  1587  1610 W android.os.Debug: failed to get memory consumption info: -1
06-29 19:01:00.018  1399  1414 D hwcomposer: hw_composer sent 5 syncs in 60s
06-29 19:01:02.802  1587  3390 I WifiService: acquireWifiLock uid=10014 lockMode=2
06-29 19:01:05.770  1587  3390 D WificondControl: Scan result ready event
06-29 19:01:05.807  1587  2237 I WifiService: releaseWifiLock uid=10014
06-29 19:01:10.226  1587  1614 E BatteryExternalStatsWorker: modem info is invalid: ModemActivityInfo{ mTimestamp=0 mSleepTimeMs=0 mIdleTimeMs=0 mTxTimeMs[]=[0, 0, 0, 0, 0] mRxTimeMs=0 mEnergyUsed=0}
06-29 19:01:19.337  1587  1596 I zygote  : Background concurrent copying GC freed 88151(6MB) AllocSpace objects, 3(60KB) LOS objects, 31% free, 13MB/19MB, paused 1.061ms total 124.720ms
06-29 19:01:22.808  1587  5746 I WifiService: acquireWifiLock uid=10014 lockMode=2
06-29 19:01:22.851  1587  2237 I WifiService: releaseWifiLock uid=10014
06-29 19:01:26.621  1964  8103 E WakeLock: GCM_HB_ALARM release without a matched acquire!
06-29 19:01:26.621  1964  8103 W WakeLock: GCM_HB_ALARM counter does not exist
06-29 19:01:26.671  1406  1406 I boot-pipe: done populating /dev/random
06-29 19:01:43.817  1587  1610 E memtrack: Couldn't load memtrack module
06-29 19:01:43.817  1587  1610 W android.os.Debug: failed to get memory consumption info: -1
06-29 19:01:43.833  1587  2237 I WifiService: acquireWifiLock uid=10014 lockMode=2
06-29 19:01:43.904  1587  1610 E memtrack: Couldn't load memtrack module
06-29 19:01:43.904  1587  1610 W android.os.Debug: failed to get memory consumption info: -1
06-29 19:01:43.937  1964  1964 W ChimeraUtils: Non Chimera context
06-29 19:01:43.937  1964  1964 W ChimeraUtils: Non Chimera context
06-29 19:01:46.810  1587  1876 D WificondControl: Scan result ready event
06-29 19:01:46.854  1587  2237 I WifiService: releaseWifiLock uid=10014
06-29 19:01:49.250  1587  1596 I zygote  : Background concurrent copying GC freed 82651(6MB) AllocSpace objects, 3(60KB) LOS objects, 31% free, 13MB/19MB, paused 1.586ms total 119.822ms
06-29 19:01:49.854  2583  2609 I Finsky  : [114] imb.run(3): Stats for Executor: BlockingExecutor ink@171d218[Running, pool size = 0, active threads = 0, queued tasks = 0, completed tasks = 20]
06-29 19:01:49.854  2583  2609 I Finsky  : [114] imb.run(3): Stats for Executor: LightweightExecutor ink@209f471[Running, pool size = 2, active threads = 0, queued tasks = 0, completed tasks = 66]
06-29 19:01:50.876  2583  2609 I Finsky  : [114] imb.run(3): Stats for Executor: bgExecutor ink@71db256[Running, pool size = 4, active threads = 0, queued tasks = 0, completed tasks = 41]
06-29 19:02:00.019  1399  1414 D hwcomposer: hw_composer sent 12 syncs in 60s
06-29 19:02:03.841  1587  2237 I WifiService: acquireWifiLock uid=10014 lockMode=2
06-29 19:02:03.882  1587  3390 I WifiService: releaseWifiLock uid=10014
06-29 19:02:06.668  1964  8120 E WakeLock: GCM_HB_ALARM release without a matched acquire!
06-29 19:02:06.668  1964  8120 W WakeLock: GCM_HB_ALARM counter does not exist
06-29 19:02:06.671  1964  8120 W WakeLock: GCM_CONN_ALARM counter does not exist
06-29 19:02:15.191  1964  8153 W System.err: java.net.ConnectException: Failed to connect to www.google.com/172.217.28.228:443
06-29 19:02:15.193  1964  8153 W System.err: 	at com.android.okhttp.internal.io.RealConnection.connectSocket(RealConnection.java:143)
06-29 19:02:15.193  1964  8153 W System.err: 	at com.android.okhttp.internal.io.RealConnection.connect(RealConnection.java:112)
06-29 19:02:15.193  1964  8153 W System.err: 	at com.android.okhttp.internal.http.StreamAllocation.findConnection(StreamAllocation.java:184)
06-29 19:02:15.193  1964  8153 W System.err: 	at com.android.okhttp.internal.http.StreamAllocation.findHealthyConnection(StreamAllocation.java:126)
06-29 19:02:15.193  1964  8153 W System.err: 	at com.android.okhttp.internal.http.StreamAllocation.newStream(StreamAllocation.java:95)
06-29 19:02:15.193  1964  8153 W System.err: 	at com.android.okhttp.internal.http.HttpEngine.connect(HttpEngine.java:281)
06-29 19:02:15.194  1964  8153 W System.err: 	at com.android.okhttp.internal.http.HttpEngine.sendRequest(HttpEngine.java:224)
06-29 19:02:15.195  1964  8153 W System.err: 	at com.android.okhttp.internal.huc.HttpURLConnectionImpl.execute(HttpURLConnectionImpl.java:461)
06-29 19:02:15.196  1964  8153 W System.err: 	at com.android.okhttp.internal.huc.HttpURLConnectionImpl.connect(HttpURLConnectionImpl.java:127)
06-29 19:02:15.197  1964  8153 W System.err: 	at com.android.okhttp.internal.huc.HttpURLConnectionImpl.getOutputStream(HttpURLConnectionImpl.java:258)
06-29 19:02:15.197  1964  8153 W System.err: 	at com.android.okhttp.internal.huc.DelegatingHttpsURLConnection.getOutputStream(DelegatingHttpsURLConnection.java:218)
06-29 19:02:15.197  1964  8153 W System.err: 	at com.android.okhttp.internal.huc.HttpsURLConnectionImpl.getOutputStream(Unknown Source:0)
06-29 19:02:15.198  1964  8153 W System.err: 	at bumh.run(:com.google.android.gms@17785022@17.7.85 (040700-253824076):24)
06-29 19:02:15.199  1964  8153 W System.err: 	at java.util.concurrent.ThreadPoolExecutor.runWorker(ThreadPoolExecutor.java:1162)
06-29 19:02:15.199  1964  8153 W System.err: 	at java.util.concurrent.ThreadPoolExecutor$Worker.run(ThreadPoolExecutor.java:636)
06-29 19:02:15.199  1964  8153 W System.err: 	at java.lang.Thread.run(Thread.java:764)
06-29 19:02:23.862  1587  1876 I WifiService: acquireWifiLock uid=10014 lockMode=2
06-29 19:02:23.871  1587  1610 E memtrack: Couldn't load memtrack module
06-29 19:02:23.871  1587  1610 W android.os.Debug: failed to get memory consumption info: -1
06-29 19:02:23.917  1587  1610 E memtrack: Couldn't load memtrack module
06-29 19:02:23.917  1587  1610 W android.os.Debug: failed to get memory consumption info: -1
06-29 19:02:23.966  1587  1610 E memtrack: Couldn't load memtrack module
06-29 19:02:23.967  1587  1610 W android.os.Debug: failed to get memory consumption info: -1
06-29 19:02:23.996  1587  1596 I zygote  : Background concurrent copying GC freed 78834(5MB) AllocSpace objects, 4(80KB) LOS objects, 31% free, 13MB/19MB, paused 768us total 150.239ms
06-29 19:02:24.050  1964  5054 E Auth    : [GoogleAccountDataServiceImpl] getToken() -> NETWORK_ERROR. Account: <ELLIDED:-318527398>, App: com.google.android.gms, Service: oauth2: email
06-29 19:02:24.052  1964  5054 W Auth    : [GetToken] GetToken failed with status code: NetworkError
06-29 19:02:26.673  1406  1406 I boot-pipe: done populating /dev/random
06-29 19:02:26.840  1587  3390 D WificondControl: Scan result ready event
06-29 19:02:26.888  1587  2237 I WifiService: releaseWifiLock uid=10014
06-29 19:02:44.875  1587  1876 I WifiService: acquireWifiLock uid=10014 lockMode=2
06-29 19:02:44.912  1587  1876 I WifiService: releaseWifiLock uid=10014
06-29 19:02:49.318  1587  1596 I zygote  : Background concurrent copying GC freed 80570(5MB) AllocSpace objects, 3(60KB) LOS objects, 31% free, 12MB/18MB, paused 3.637ms total 110.989ms
06-29 19:02:50.656  1587  8172 D NetworkMonitor/NetworkAgentInfo [WIFI () - 101]: PROBE_DNS www.google.com 10013ms OK 172.217.28.228
06-29 19:02:51.340  1587  8172 D NetworkMonitor/NetworkAgentInfo [WIFI () - 101]: PROBE_HTTPS https://www.google.com/generate_204 Probe failed with exception java.net.ConnectException: Failed to connect to www.google.com/172.217.28.228:443
06-29 19:02:54.366  4652  4652 E GEL_DELAYED_EVENT_DEBUG: Volley request failed for type atas
06-29 19:02:54.366  4652  4652 E GEL_DELAYED_EVENT_DEBUG: bow: bdgp: Exception in CronetUrlRequest: net::ERR_ADDRESS_UNREACHABLE, ErrorCode=9, InternalErrorCode=-109, Retryable=false
06-29 19:02:54.366  4652  4652 E GEL_DELAYED_EVENT_DEBUG: 	at xln.a(SourceFile:173)
06-29 19:02:54.366  4652  4652 E GEL_DELAYED_EVENT_DEBUG: 	at xkm.run(Unknown Source:1)
06-29 19:02:54.366  4652  4652 E GEL_DELAYED_EVENT_DEBUG: 	at java.util.concurrent.ThreadPoolExecutor.runWorker(ThreadPoolExecutor.java:1162)
06-29 19:02:54.366  4652  4652 E GEL_DELAYED_EVENT_DEBUG: 	at java.util.concurrent.ThreadPoolExecutor$Worker.run(ThreadPoolExecutor.java:636)
06-29 19:02:54.366  4652  4652 E GEL_DELAYED_EVENT_DEBUG: 	at xaz.run(SourceFile:12)
06-29 19:02:54.366  4652  4652 E GEL_DELAYED_EVENT_DEBUG: 	at java.lang.Thread.run(Thread.java:764)
06-29 19:02:54.366  4652  4652 E GEL_DELAYED_EVENT_DEBUG: Caused by: bdgp: Exception in CronetUrlRequest: net::ERR_ADDRESS_UNREACHABLE, ErrorCode=9, InternalErrorCode=-109, Retryable=false
06-29 19:02:54.366  4652  4652 E GEL_DELAYED_EVENT_DEBUG: 	at org.chromium.net.impl.CronetUrlRequest.onError(SourceFile:175)
06-29 19:02:54.852  1587  8178 D NetworkMonitor/NetworkAgentInfo [MOBILE (GPRS) - 100]: PROBE_DNS www.google.com 10012ms OK 172.217.28.228
06-29 19:02:57.341  1587  8178 D NetworkMonitor/NetworkAgentInfo [MOBILE (GPRS) - 100]: PROBE_HTTPS https://www.google.com/generate_204 Probe failed with exception java.net.ConnectException: Failed to connect to www.google.com/172.217.28.228:443
06-29 19:03:00.003  1587  1610 E memtrack: Couldn't load memtrack module
06-29 19:03:00.003  1587  1610 W android.os.Debug: failed to get memory consumption info: -1
06-29 19:03:00.024  1399  1414 D hwcomposer: hw_composer sent 6 syncs in 60s
06-29 19:03:04.884  1587  1600 I WifiService: acquireWifiLock uid=10014 lockMode=2
06-29 19:03:07.850  1587  1600 D WificondControl: Scan result ready event
06-29 19:03:07.892  1587  5279 I WifiService: releaseWifiLock uid=10014
06-29 19:03:20.694  1587  8173 D NetworkMonitor/NetworkAgentInfo [WIFI () - 101]: PROBE_DNS connectivitycheck.gstatic.com 40052ms FAIL
06-29 19:03:23.701  1587  2572 D NetworkMonitor/NetworkAgentInfo [WIFI () - 101]: PROBE_FALLBACK http://play.googleapis.com/generate_204 Probe failed with exception java.net.UnknownHostException: Unable to resolve host "play.googleapis.com": No address associated with hostname
06-29 19:03:24.894  1587  1600 I WifiService: acquireWifiLock uid=10014 lockMode=2
06-29 19:03:24.900  1587  8179 D NetworkMonitor/NetworkAgentInfo [MOBILE (GPRS) - 100]: PROBE_DNS connectivitycheck.gstatic.com 40059ms FAIL
06-29 19:03:24.902  1587  8179 D NetworkMonitor/NetworkAgentInfo [MOBILE (GPRS) - 100]: PROBE_HTTP http://connectivitycheck.gstatic.com/generate_204 Probe failed with exception java.net.UnknownHostException: Unable to resolve host "connectivitycheck.gstatic.com": No address associated with hostname
06-29 19:03:24.933  1587  2237 I WifiService: releaseWifiLock uid=10014
06-29 19:03:26.675  1406  1406 I boot-pipe: done populating /dev/random
06-29 19:03:27.892  1587  2272 D NetworkMonitor/NetworkAgentInfo [MOBILE (GPRS) - 100]: PROBE_FALLBACK http://play.googleapis.com/generate_204 Probe failed with exception java.net.UnknownHostException: Unable to resolve host "play.googleapis.com": No address associated with hostname
06-29 19:01:44.926  1587  1614 I chatty  : uid=1000(system) batterystats-wo identical 1 line
06-29 19:02:22.205  1587  1614 E BatteryExternalStatsWorker: modem info is invalid: ModemActivityInfo{ mTimestamp=0 mSleepTimeMs=0 mIdleTimeMs=0 mTxTimeMs[]=[0, 0, 0, 0, 0] mRxTimeMs=0 mEnergyUsed=0}
06-29 19:03:27.893  1587  1674 D ConnectivityService: NetworkAgentInfo [MOBILE (GPRS) - 100] validation failed
06-29 19:03:30.699  1587  8173 D NetworkMonitor/NetworkAgentInfo [WIFI () - 101]: PROBE_HTTP http://connectivitycheck.gstatic.com/generate_204 Probe failed with exception java.net.SocketTimeoutException: timeout
06-29 19:03:30.700  1587  1674 D ConnectivityService: NetworkAgentInfo [WIFI () - 101] validation failed
06-29 19:03:30.700  1587  1670 D WifiStateMachine: NETWORK_STATUS_UNWANTED_VALIDATION_FAILED
06-29 19:03:33.591  1964  8201 E WakeLock: GCM_HB_ALARM release without a matched acquire!
06-29 19:03:33.591  1964  8201 W WakeLock: GCM_HB_ALARM counter does not exist
06-29 19:03:35.904  1587  1614 E BatteryExternalStatsWorker: modem info is invalid: ModemActivityInfo{ mTimestamp=0 mSleepTimeMs=0 mIdleTimeMs=0 mTxTimeMs[]=[0, 0, 0, 0, 0] mRxTimeMs=0 mEnergyUsed=0}
06-29 19:03:45.910  1587  1600 I WifiService: acquireWifiLock uid=10014 lockMode=2
06-29 19:03:45.915  1587  1610 E memtrack: Couldn't load memtrack module
06-29 19:03:45.915  1587  1610 W android.os.Debug: failed to get memory consumption info: -1
06-29 19:03:45.968  1587  1610 E memtrack: Couldn't load memtrack module
06-29 19:03:45.968  1587  1610 W android.os.Debug: failed to get memory consumption info: -1
06-29 19:03:48.881  1587  2237 D WificondControl: Scan result ready event
06-29 19:03:48.930  1587  1600 I WifiService: releaseWifiLock uid=10014
06-29 19:03:49.271  1587  1596 I zygote  : Background concurrent copying GC freed 82211(5MB) AllocSpace objects, 2(40KB) LOS objects, 30% free, 13MB/19MB, paused 1.841ms total 127.033ms
06-29 19:04:00.019  1399  1414 D hwcomposer: hw_composer sent 6 syncs in 60s
06-29 19:04:05.920  1587  1600 I WifiService: acquireWifiLock uid=10014 lockMode=2
06-29 19:04:05.959  1587  5746 I WifiService: releaseWifiLock uid=10014
06-29 19:04:13.636  1964  8208 E WakeLock: GCM_HB_ALARM release without a matched acquire!
06-29 19:04:13.636  1964  8208 W WakeLock: GCM_HB_ALARM counter does not exist
06-29 19:04:13.639  1964  8208 W WakeLock: GCM_CONN_ALARM counter does not exist
06-29 19:04:25.932  1587  5746 I WifiService: acquireWifiLock uid=10014 lockMode=2
06-29 19:04:26.677  1406  1406 I boot-pipe: done populating /dev/random
06-29 19:04:28.900  1587  5746 D WificondControl: Scan result ready event
06-29 19:04:28.944  1587  2237 I WifiService: releaseWifiLock uid=10014
06-29 19:04:46.953  1587  5746 I WifiService: acquireWifiLock uid=10014 lockMode=2
06-29 19:04:47.001  1587  5746 I WifiService: releaseWifiLock uid=10014
06-29 19:04:49.856  2583  2609 I Finsky  : [114] imb.run(3): Stats for Executor: BlockingExecutor ink@171d218[Running, pool size = 0, active threads = 0, queued tasks = 0, completed tasks = 20]
06-29 19:04:49.857  2583  2609 I Finsky  : [114] imb.run(3): Stats for Executor: LightweightExecutor ink@209f471[Running, pool size = 2, active threads = 0, queued tasks = 0, completed tasks = 66]
06-29 19:04:50.877  2583  2609 I Finsky  : [114] imb.run(3): Stats for Executor: bgExecutor ink@71db256[Running, pool size = 4, active threads = 0, queued tasks = 0, completed tasks = 41]
06-29 19:04:59.221  1587  1596 I zygote  : Background concurrent copying GC freed 80338(5MB) AllocSpace objects, 3(60KB) LOS objects, 29% free, 14MB/20MB, paused 808us total 163.705ms
06-29 19:05:00.035  1399  1414 D hwcomposer: hw_composer sent 7 syncs in 60s
06-29 19:05:06.962  1587  5746 I WifiService: acquireWifiLock uid=10014 lockMode=2
06-29 19:05:09.931  1587  3390 D WificondControl: Scan result ready event
06-29 19:05:09.977  1587  3390 I WifiService: releaseWifiLock uid=10014
06-29 19:05:21.946  2583  2669 I PlayCommon: [136] adnc.d(23): Preparing logs for uploading
06-29 19:05:21.949  2583  2669 I PlayCommon: [136] adnc.d(125): Connecting to server: https://play.googleapis.com/play/log?format=raw&proto_v2=true
06-29 19:05:26.679  1406  1406 I boot-pipe: done populating /dev/random
06-29 19:05:26.970  1587  5746 I WifiService: acquireWifiLock uid=10014 lockMode=2
06-29 19:05:27.010  1587  2237 I WifiService: releaseWifiLock uid=10014
06-29 19:05:29.299  1587  1596 I zygote  : Background concurrent copying GC freed 98474(7MB) AllocSpace objects, 3(60KB) LOS objects, 31% free, 13MB/19MB, paused 1.692ms total 125.840ms
06-29 19:05:47.991  1587  5279 I WifiService: acquireWifiLock uid=10014 lockMode=2
06-29 19:05:47.997  1587  1610 E memtrack: Couldn't load memtrack module
06-29 19:05:47.997  1587  1610 W android.os.Debug: failed to get memory consumption info: -1
06-29 19:05:48.054  1587  1610 E memtrack: Couldn't load memtrack module
06-29 19:05:48.054  1587  1610 W android.os.Debug: failed to get memory consumption info: -1
06-29 19:05:50.950  1587  2237 D WificondControl: Scan result ready event
06-29 19:05:50.996  1587  3390 I WifiService: releaseWifiLock uid=10014
06-29 19:05:56.036  2583  2669 E PlayCommon: [136] adnc.d(292): Failed to upload logs: java.io.IOException: unexpected end of stream on com.android.okhttp.Address@243d22ff
06-29 19:06:00.028  1399  1414 D hwcomposer: hw_composer sent 5 syncs in 60s
06-29 19:06:08.000  1587  5746 I WifiService: acquireWifiLock uid=10014 lockMode=2
06-29 19:06:08.039  1587  3390 I WifiService: releaseWifiLock uid=10014
06-29 19:06:09.197  1587  1596 I zygote  : Background concurrent copying GC freed 82400(5MB) AllocSpace objects, 4(80KB) LOS objects, 29% free, 14MB/20MB, paused 774us total 147.826ms
06-29 19:03:48.105  1587  1614 I chatty  : uid=1000(system) batterystats-wo identical 1 line
06-29 19:03:59.985  1587  1614 E BatteryExternalStatsWorker: modem info is invalid: ModemActivityInfo{ mTimestamp=0 mSleepTimeMs=0 mIdleTimeMs=0 mTxTimeMs[]=[0, 0, 0, 0, 0] mRxTimeMs=0 mEnergyUsed=0}
06-29 19:06:18.541  1587  1587 I JobServiceContext: Client timed out while executing (no jobFinished received), sending onStop: 767ed80 #u0a20/50 com.google.android.dialer/com.google.android.apps.dialer.spam.impl.SpamJobService
06-29 19:06:26.681  1406  1406 I boot-pipe: done populating /dev/random
06-29 19:06:28.007  1587  5279 I WifiService: acquireWifiLock uid=10014 lockMode=2
06-29 19:06:30.980  1587  5279 D WificondControl: Scan result ready event
06-29 19:06:31.025  1587  5746 I WifiService: releaseWifiLock uid=10014
06-29 19:06:35.661  1587  1614 I WifiService: requestActivityInfo uid=1000
06-29 19:06:35.661  1587  1614 I WifiService: reportActivityInfo uid=1000
06-29 19:06:35.661  1587  1614 I WifiService: getSupportedFeatures uid=1000
06-29 19:06:39.279  1587  1596 I zygote  : Background concurrent copying GC freed 91284(6MB) AllocSpace objects, 9(456KB) LOS objects, 30% free, 13MB/19MB, paused 1.421ms total 178.810ms
06-29 19:06:41.434  1587  1610 E memtrack: Couldn't load memtrack module
06-29 19:06:41.434  1587  1610 W android.os.Debug: failed to get memory consumption info: -1
06-29 19:06:41.444  1587  1614 I WifiService: requestActivityInfo uid=1000
06-29 19:06:41.444  1587  1614 I WifiService: reportActivityInfo uid=1000
06-29 19:06:41.444  1587  1614 I WifiService: getSupportedFeatures uid=1000
06-29 19:06:41.505  1587  1610 E memtrack: Couldn't load memtrack module
06-29 19:06:41.505  1587  1610 W android.os.Debug: failed to get memory consumption info: -1
06-29 19:06:42.925  1587  2237 I WifiService: getConnectionInfo uid=10014
06-29 19:06:43.017  1587  3390 I WifiService: getConnectionInfo uid=10079
06-29 19:06:43.017  1587  3390 D WifiPermissionsUtil: Denied: no location permission
06-29 19:06:43.017  1587  3390 D WifiPermissionsUtil: Denied: caller is not the current USE_OPEN_WIFI_PACKAGE
06-29 19:06:43.023  1587  3390 I WifiService: getConnectionInfo uid=10079
06-29 19:06:43.023  1587  3390 D WifiPermissionsUtil: Denied: no location permission
06-29 19:06:43.023  1587  3390 D WifiPermissionsUtil: Denied: caller is not the current USE_OPEN_WIFI_PACKAGE
06-29 19:06:49.067  1587  1600 I WifiService: acquireWifiLock uid=10014 lockMode=2
06-29 19:06:49.242  1587  3390 I WifiService: releaseWifiLock uid=10014
06-29 19:07:00.005  1587  1610 E memtrack: Couldn't load memtrack module
06-29 19:07:00.005  1587  1610 W android.os.Debug: failed to get memory consumption info: -1
06-29 19:07:00.034  1399  1414 D hwcomposer: hw_composer sent 6 syncs in 60s
06-29 19:07:00.094  1587  1610 E memtrack: Couldn't load memtrack module
06-29 19:07:00.094  1587  1610 W android.os.Debug: failed to get memory consumption info: -1
06-29 19:07:01.946  1587  1674 D ConnectivityService: reportNetworkConnectivity(101, true) by 10014
06-29 19:07:01.946  1587  2572 D NetworkMonitor/NetworkAgentInfo [WIFI () - 101]: Forcing reevaluation for UID 10014
06-29 19:07:01.948  1587  2237 I WifiService: getConnectionInfo uid=10014
06-29 19:07:01.950  1964  8309 W WakeLock: GCM_CONN_ALARM counter does not exist
06-29 19:07:01.972  1587  2237 I WifiService: getConnectionInfo uid=10014
06-29 19:07:09.076  1587  1610 E memtrack: Couldn't load memtrack module
06-29 19:07:09.076  1587  1610 W android.os.Debug: failed to get memory consumption info: -1
06-29 19:07:09.117  1587  5746 I WifiService: acquireWifiLock uid=10014 lockMode=2
06-29 19:07:09.411  1587  1596 I zygote  : Background concurrent copying GC freed 81152(5MB) AllocSpace objects, 15(852KB) LOS objects, 29% free, 14MB/20MB, paused 1.429ms total 265.918ms
06-29 19:07:11.971  1587  8329 D NetworkMonitor/NetworkAgentInfo [WIFI () - 101]: PROBE_DNS connectivitycheck.gstatic.com 10022ms OK 172.217.172.131
06-29 19:07:11.975  1587  8328 D NetworkMonitor/NetworkAgentInfo [WIFI () - 101]: PROBE_DNS www.google.com 10015ms OK 172.217.28.228
06-29 19:07:12.331  1587  1600 D WificondControl: Scan result ready event
06-29 19:07:12.374  1587  5746 I WifiService: releaseWifiLock uid=10014
06-29 19:07:21.976  1587  8329 D NetworkMonitor/NetworkAgentInfo [WIFI () - 101]: PROBE_HTTP http://connectivitycheck.gstatic.com/generate_204 Probe failed with exception java.net.SocketTimeoutException: failed to connect to connectivitycheck.gstatic.com/172.217.172.131 (port 80) from /192.168.232.2 (port 33580) after 10000ms
06-29 19:07:21.979  1587  8328 D NetworkMonitor/NetworkAgentInfo [WIFI () - 101]: PROBE_HTTPS https://www.google.com/generate_204 Probe failed with exception java.net.SocketTimeoutException: failed to connect to www.google.com/172.217.28.228 (port 443) from /192.168.232.2 (port 56167) after 10000ms
06-29 19:07:26.682  1406  1406 I boot-pipe: done populating /dev/random
06-29 19:07:29.347  1587  3390 I WifiService: acquireWifiLock uid=10014 lockMode=2
06-29 19:07:29.353  1587  1610 E memtrack: Couldn't load memtrack module
06-29 19:07:29.353  1587  1610 W android.os.Debug: failed to get memory consumption info: -1
06-29 19:07:29.397  1587  5279 I WifiService: releaseWifiLock uid=10014
06-29 19:07:29.409  1587  1610 E memtrack: Couldn't load memtrack module
06-29 19:07:29.409  1587  1610 W android.os.Debug: failed to get memory consumption info: -1
06-29 19:07:31.153  1587  2572 D NetworkMonitor/NetworkAgentInfo [WIFI () - 101]: PROBE_FALLBACK http://play.googleapis.com/generate_204 Probe failed with exception java.net.SocketTimeoutException: failed to connect to play.googleapis.com/172.217.30.42 (port 80) from /192.168.232.2 (port 43317) after 10000ms
06-29 19:07:01.966  1587  1674 I chatty  : uid=1000(system) ConnectivitySer identical 3 lines
06-29 19:07:01.972  1587  1674 D ConnectivityService: reportNetworkConnectivity(101, true) by 10014
06-29 19:07:31.154  1587  1674 D ConnectivityService: NetworkAgentInfo [WIFI () - 101] validation failed
06-29 19:07:31.155  1587  1670 D WifiStateMachine: NETWORK_STATUS_UNWANTED_VALIDATION_FAILED
06-29 19:07:32.177  1587  8346 D NetworkMonitor/NetworkAgentInfo [WIFI () - 101]: PROBE_DNS www.google.com 19ms OK 172.217.28.228,2800:3f0:4001:801::2004
06-29 19:07:32.177  1587  8347 D NetworkMonitor/NetworkAgentInfo [WIFI () - 101]: PROBE_DNS connectivitycheck.gstatic.com 19ms OK 172.217.172.131,2800:3f0:4001:81a::2003
06-29 19:07:39.350  1587  1596 I zygote  : Background concurrent copying GC freed 95829(6MB) AllocSpace objects, 3(60KB) LOS objects, 30% free, 13MB/19MB, paused 771us total 144.419ms
06-29 19:07:39.649  7562  7572 I zygote  : Background concurrent copying GC freed 301196(7MB) AllocSpace objects, 0(0B) LOS objects, 21% free, 21MB/27MB, paused 723us total 130.877ms
06-29 19:07:41.096  4652  8312 E YouTube : Failed to fetch settings
06-29 19:07:41.096  4652  8312 E YouTube : java.util.concurrent.ExecutionException: bpg
06-29 19:07:41.096  4652  8312 E YouTube : 	at anqh.b(SourceFile:105)
06-29 19:07:41.096  4652  8312 E YouTube : 	at anqh.get(SourceFile:92)
06-29 19:07:41.096  4652  8312 E YouTube : 	at ebc.a(SourceFile:5)
06-29 19:07:41.096  4652  8312 E YouTube : 	at wyp.a(SourceFile:7)
06-29 19:07:41.096  4652  8312 E YouTube : 	at com.google.android.libraries.youtube.common.gcm.YouTubeGcmTaskService.a(SourceFile:18)
06-29 19:07:41.096  4652  8312 E YouTube : 	at com.google.android.libraries.youtube.common.gcore.gcoreclient.gcm.impl.GcmTaskServiceDelegator.a(SourceFile:11)
06-29 19:07:41.096  4652  8312 E YouTube : 	at qgg.run(SourceFile:18)
06-29 19:07:41.096  4652  8312 E YouTube : 	at java.util.concurrent.ThreadPoolExecutor.runWorker(ThreadPoolExecutor.java:1162)
06-29 19:07:41.096  4652  8312 E YouTube : 	at java.util.concurrent.ThreadPoolExecutor$Worker.run(ThreadPoolExecutor.java:636)
06-29 19:07:41.096  4652  8312 E YouTube : 	at java.lang.Thread.run(Thread.java:764)
06-29 19:07:41.096  4652  8312 E YouTube : Caused by: bpg
06-29 19:07:41.096  4652  8312 E YouTube : 	at xln.a(SourceFile:164)
06-29 19:07:41.096  4652  8312 E YouTube : 	at xkm.run(Unknown Source:1)
06-29 19:07:41.096  4652  8312 E YouTube : 	at java.util.concurrent.ThreadPoolExecutor.runWorker(ThreadPoolExecutor.java:1162)
06-29 19:07:41.096  4652  8312 E YouTube : 	at java.util.concurrent.ThreadPoolExecutor$Worker.run(ThreadPoolExecutor.java:636)
06-29 19:07:41.096  4652  8312 E YouTube : 	at xaz.run(SourceFile:12)
06-29 19:07:41.096  4652  8312 E YouTube : 	... 1 more
06-29 19:07:41.096  4652  8312 E YouTube : Caused by: bdgp: Exception in CronetUrlRequest: net::ERR_TIMED_OUT, ErrorCode=4, InternalErrorCode=-7, Retryable=true
06-29 19:07:41.096  4652  8312 E YouTube : 	at org.chromium.net.impl.CronetUrlRequest.onError(SourceFile:175)
06-29 19:07:42.624  1587  1674 D ConnectivityService: reportNetworkConnectivity(101, true) by 10014
06-29 19:07:42.627  1587  1600 I WifiService: getConnectionInfo uid=10014
06-29 19:07:45.192  1587  8346 D NetworkMonitor/NetworkAgentInfo [WIFI () - 101]: PROBE_HTTPS https://www.google.com/generate_204 Probe failed with exception java.net.ConnectException: Failed to connect to www.google.com/2800:3f0:4001:801::2004:443
06-29 19:07:45.193  1587  8347 D NetworkMonitor/NetworkAgentInfo [WIFI () - 101]: PROBE_HTTP http://connectivitycheck.gstatic.com/generate_204 Probe failed with exception java.net.SocketTimeoutException: failed to connect to connectivitycheck.gstatic.com/172.217.172.131 (port 80) from /192.168.232.2 (port 33586) after 10000ms
06-29 19:07:49.858  2583  2609 I Finsky  : [114] imb.run(3): Stats for Executor: BlockingExecutor ink@171d218[Running, pool size = 0, active threads = 0, queued tasks = 0, completed tasks = 20]
06-29 19:07:49.858  2583  2609 I Finsky  : [114] imb.run(3): Stats for Executor: LightweightExecutor ink@209f471[Running, pool size = 2, active threads = 0, queued tasks = 0, completed tasks = 66]
06-29 19:07:50.362  1587  1600 I WifiService: acquireWifiLock uid=10014 lockMode=2
06-29 19:07:50.369  1587  1610 E memtrack: Couldn't load memtrack module
06-29 19:07:50.369  1587  1610 W android.os.Debug: failed to get memory consumption info: -1
06-29 19:07:50.419  1587  1610 E memtrack: Couldn't load memtrack module
06-29 19:07:50.419  1587  1610 W android.os.Debug: failed to get memory consumption info: -1
06-29 19:07:50.879  2583  2609 I Finsky  : [114] imb.run(3): Stats for Executor: bgExecutor ink@71db256[Running, pool size = 4, active threads = 0, queued tasks = 0, completed tasks = 42]
06-29 19:07:53.330  1587  1600 D WificondControl: Scan result ready event
06-29 19:07:53.374  1587  5746 I WifiService: releaseWifiLock uid=10014
06-29 19:07:53.770  1587  2572 D NetworkMonitor/NetworkAgentInfo [WIFI () - 101]: PROBE_FALLBACK http://play.googleapis.com/generate_204 Probe failed with exception java.net.SocketTimeoutException: timeout
06-29 19:07:42.626  1587  1674 D ConnectivityService: reportNetworkConnectivity(101, true) by 10014
06-29 19:07:53.772  1587  1674 D ConnectivityService: NetworkAgentInfo [WIFI () - 101] validation failed
06-29 19:07:53.772  1587  1670 D WifiStateMachine: NETWORK_STATUS_UNWANTED_VALIDATION_FAILED
06-29 19:07:55.780  1587  8374 D NetworkMonitor/NetworkAgentInfo [WIFI () - 101]: PROBE_DNS connectivitycheck.gstatic.com 3ms OK 172.217.172.131,2800:3f0:4001:81a::2003
06-29 19:07:55.782  1587  8373 D NetworkMonitor/NetworkAgentInfo [WIFI () - 101]: PROBE_DNS www.google.com 4ms OK 172.217.28.228,2800:3f0:4001:801::2004
06-29 19:08:00.024  1399  1414 D hwcomposer: hw_composer sent 6 syncs in 60s
06-29 19:08:09.248  1587  1596 I zygote  : Background concurrent copying GC freed 83658(6MB) AllocSpace objects, 3(60KB) LOS objects, 30% free, 13MB/19MB, paused 1.142ms total 137.553ms
06-29 19:08:10.373  1587  1600 I WifiService: acquireWifiLock uid=10014 lockMode=2
06-29 19:08:10.416  1587  1600 I WifiService: releaseWifiLock uid=10014
06-29 19:08:15.800  1587  8374 D NetworkMonitor/NetworkAgentInfo [WIFI () - 101]: PROBE_HTTP http://connectivitycheck.gstatic.com/generate_204 Probe failed with exception java.net.SocketTimeoutException: failed to connect to connectivitycheck.gstatic.com/2800:3f0:4001:81a::2003 (port 80) from /fec0::94e4:ba6c:37f1:6cb6 (port 40766) after 10000ms
06-29 19:08:15.801  1587  8373 D NetworkMonitor/NetworkAgentInfo [WIFI () - 101]: PROBE_HTTPS https://www.google.com/generate_204 Probe failed with exception java.net.SocketTimeoutException: failed to connect to www.google.com/2800:3f0:4001:801::2004 (port 443) from /fec0::94e4:ba6c:37f1:6cb6 (port 52135) after 10000ms
06-29 19:08:18.803  1587  2572 D NetworkMonitor/NetworkAgentInfo [WIFI () - 101]: PROBE_FALLBACK http://www.google.com/gen_204 Probe failed with exception java.net.SocketTimeoutException: failed to connect to www.google.com/2800:3f0:4001:801::2004 (port 80) from /fec0::94e4:ba6c:37f1:6cb6 (port 46978) after 10000ms
06-29 19:08:18.805  1587  1670 D WifiStateMachine: NETWORK_STATUS_UNWANTED_VALIDATION_FAILED
06-29 19:08:21.343  1587  1610 E memtrack: Couldn't load memtrack module
06-29 19:08:21.343  1587  1610 W android.os.Debug: failed to get memory consumption info: -1
06-29 19:08:21.532  1964  2340 W GLSUser : [AppCertManager] IOException while requesting key: 
06-29 19:08:21.534  1964  1964 W ChimeraUtils: Non Chimera context
06-29 19:08:21.534  1964  1964 W ChimeraUtils: Non Chimera context
06-29 19:08:21.599  2145  8381 E cddv    : *~*~*~ Channel {0} was not shutdown properly!!! ~*~*~*
06-29 19:08:21.599  2145  8381 E cddv    :     Make sure to call shutdown()/shutdownNow() and wait until awaitTermination() returns true.
06-29 19:08:21.599  2145  8381 E cddv    : java.lang.RuntimeException: ManagedChannel allocation site
06-29 19:08:21.599  2145  8381 E cddv    : 	at cddy.<init>(:com.google.android.gms@17785022@17.7.85 (040700-253824076):1)
06-29 19:08:21.599  2145  8381 E cddv    : 	at cddv.<init>(:com.google.android.gms@17785022@17.7.85 (040700-253824076):2)
06-29 19:08:21.599  2145  8381 E cddv    : 	at ccwm.b(:com.google.android.gms@17785022@17.7.85 (040700-253824076):14)
06-29 19:08:21.599  2145  8381 E cddv    : 	at sje.a(:com.google.android.gms@17785022@17.7.85 (040700-253824076):44)
06-29 19:08:21.599  2145  8381 E cddv    : 	at sje.a(:com.google.android.gms@17785022@17.7.85 (040700-253824076):66)
06-29 19:08:21.599  2145  8381 E cddv    : 	at awkt.a(:com.google.android.gms@17785022@17.7.85 (040700-253824076):43)
06-29 19:08:21.599  2145  8381 E cddv    : 	at com.google.android.gms.udc.service.UdcContextInitChimeraService.a(:com.google.android.gms@17785022@17.7.85 (040700-253824076):127)
06-29 19:08:21.599  2145  8381 E cddv    : 	at aezd.run(:com.google.android.gms@17785022@17.7.85 (040700-253824076):5)
06-29 19:08:21.599  2145  8381 E cddv    : 	at squ.b(:com.google.android.gms@17785022@17.7.85 (040700-253824076):37)
06-29 19:08:21.599  2145  8381 E cddv    : 	at squ.run(:com.google.android.gms@17785022@17.7.85 (040700-253824076):21)
06-29 19:08:21.599  2145  8381 E cddv    : 	at java.util.concurrent.ThreadPoolExecutor.runWorker(ThreadPoolExecutor.java:1162)
06-29 19:08:21.599  2145  8381 E cddv    : 	at java.util.concurrent.ThreadPoolExecutor$Worker.run(ThreadPoolExecutor.java:636)
06-29 19:08:21.599  2145  8381 E cddv    : 	at swz.run(Unknown Source:7)
06-29 19:08:21.599  2145  8381 E cddv    : 	at java.lang.Thread.run(Thread.java:764)
06-29 19:08:21.616  1964  2317 W GLSUser : [DeviceKeyStore] Cannot load key: Device key file not found.
06-29 19:08:21.616  1964  2317 W GLSUser : [DeviceKeyStore] Cannot load key: Device key file not found.
06-29 19:08:22.816  1587  8396 D NetworkMonitor/NetworkAgentInfo [WIFI () - 101]: PROBE_DNS connectivitycheck.gstatic.com 6ms OK 172.217.172.131,2800:3f0:4001:81a::2003
06-29 19:08:22.820  1587  8395 D NetworkMonitor/NetworkAgentInfo [WIFI () - 101]: PROBE_DNS www.google.com 8ms OK 172.217.28.228,2800:3f0:4001:801::2004
06-29 19:08:24.037  1587  8362 D NetworkMonitor/NetworkAgentInfo [MOBILE (GPRS) - 100]: PROBE_DNS connectivitycheck.gstatic.com 40042ms FAIL
06-29 19:08:24.040  1587  8361 D NetworkMonitor/NetworkAgentInfo [MOBILE (GPRS) - 100]: PROBE_DNS www.google.com 40044ms FAIL
06-29 19:08:24.041  1587  8362 D NetworkMonitor/NetworkAgentInfo [MOBILE (GPRS) - 100]: PROBE_HTTP http://connectivitycheck.gstatic.com/generate_204 Probe failed with exception java.net.UnknownHostException: Unable to resolve host "connectivitycheck.gstatic.com": No address associated with hostname
06-29 19:08:24.042  1587  8361 D NetworkMonitor/NetworkAgentInfo [MOBILE (GPRS) - 100]: PROBE_HTTPS https://www.google.com/generate_204 Probe failed with exception java.net.UnknownHostException: Unable to resolve host "www.google.com": No address associated with hostname
06-29 19:08:26.683  1406  1406 I boot-pipe: done populating /dev/random
06-29 19:08:27.047  1587  2272 D NetworkMonitor/NetworkAgentInfo [MOBILE (GPRS) - 100]: PROBE_FALLBACK http://play.googleapis.com/generate_204 Probe failed with exception java.net.UnknownHostException: Unable to resolve host "play.googleapis.com": No address associated with hostname
06-29 19:08:18.804  1587  1674 D ConnectivityService: NetworkAgentInfo [WIFI () - 101] validation failed
06-29 19:08:27.048  1587  1674 D ConnectivityService: NetworkAgentInfo [MOBILE (GPRS) - 100] validation failed
06-29 19:08:30.382  1587  5746 I WifiService: acquireWifiLock uid=10014 lockMode=2
06-29 19:08:33.341  1587  5746 D WificondControl: Scan result ready event
06-29 19:08:33.388  1587  1600 I WifiService: releaseWifiLock uid=10014
06-29 19:08:34.646  1587  1614 E BatteryExternalStatsWorker: modem info is invalid: ModemActivityInfo{ mTimestamp=0 mSleepTimeMs=0 mIdleTimeMs=0 mTxTimeMs[]=[0, 0, 0, 0, 0] mRxTimeMs=0 mEnergyUsed=0}
06-29 19:08:39.286  1587  1596 I zygote  : Background concurrent copying GC freed 87626(6MB) AllocSpace objects, 3(60KB) LOS objects, 30% free, 13MB/19MB, paused 1.403ms total 143.189ms
06-29 19:08:42.844  1587  8396 D NetworkMonitor/NetworkAgentInfo [WIFI () - 101]: PROBE_HTTP http://connectivitycheck.gstatic.com/generate_204 Probe failed with exception java.net.SocketTimeoutException: failed to connect to connectivitycheck.gstatic.com/2800:3f0:4001:81a::2003 (port 80) from /fec0::94e4:ba6c:37f1:6cb6 (port 40773) after 10000ms
06-29 19:08:44.260  1587  8395 D NetworkMonitor/NetworkAgentInfo [WIFI () - 101]: PROBE_HTTPS https://www.google.com/generate_204 Probe failed with exception java.net.SocketTimeoutException: failed to connect to www.google.com/2800:3f0:4001:801::2004 (port 443) from /fec0::94e4:ba6c:37f1:6cb6 (port 52142) after 10000ms
06-29 19:08:45.829  1587  2572 D NetworkMonitor/NetworkAgentInfo [WIFI () - 101]: PROBE_FALLBACK http://www.google.com/gen_204 Probe failed with exception java.net.SocketTimeoutException: failed to connect to www.google.com/2800:3f0:4001:801::2004 (port 80) from /fec0::94e4:ba6c:37f1:6cb6 (port 46985) after 10000ms
06-29 19:08:45.830  1587  1674 D ConnectivityService: NetworkAgentInfo [WIFI () - 101] validation failed
06-29 19:08:45.831  1587  1670 D WifiStateMachine: NETWORK_STATUS_UNWANTED_VALIDATION_FAILED
06-29 19:08:51.395  1587  5746 I WifiService: acquireWifiLock uid=10014 lockMode=2
06-29 19:08:51.399  1587  1610 E memtrack: Couldn't load memtrack module
06-29 19:08:51.399  1587  1610 W android.os.Debug: failed to get memory consumption info: -1
06-29 19:08:51.445  1587  1600 I WifiService: releaseWifiLock uid=10014
06-29 19:08:51.459  1587  1610 E memtrack: Couldn't load memtrack module
06-29 19:08:51.459  1587  1610 W android.os.Debug: failed to get memory consumption info: -1
06-29 19:08:53.825  1587  1614 E BatteryExternalStatsWorker: modem info is invalid: ModemActivityInfo{ mTimestamp=0 mSleepTimeMs=0 mIdleTimeMs=0 mTxTimeMs[]=[0, 0, 0, 0, 0] mRxTimeMs=0 mEnergyUsed=0}
06-29 19:08:53.842  1587  8420 D NetworkMonitor/NetworkAgentInfo [WIFI () - 101]: PROBE_DNS connectivitycheck.gstatic.com 2ms OK 172.217.172.131,2800:3f0:4001:81a::2003
06-29 19:08:53.845  1587  8419 D NetworkMonitor/NetworkAgentInfo [WIFI () - 101]: PROBE_DNS www.google.com 4ms OK 172.217.28.228,2800:3f0:4001:801::2004
06-29 19:08:59.895  1587  2572 D NetworkMonitor/NetworkAgentInfo [WIFI () - 101]: PROBE_FALLBACK http://www.google.com/gen_204 time=3054ms ret=204 request={User-Agent=[Mozilla/5.0 (X11; Linux x86_64) AppleWebKit/537.36 (KHTML, like Gecko) Chrome/60.0.3112.32 Safari/537.36]} headers={null=[HTTP/1.1 204 No Content], Content-Length=[0], Content-Type=[text/html; charset=UTF-8], Date=[Sat, 29 Jun 2019 19:08:59 GMT], P3P=[CP="This is not a P3P policy! See g.co/p3phelp for more info."], Server=[gws], Set-Cookie=[1P_JAR=2019-06-29-19; expires=Mon, 29-Jul-2019 19:08:59 GMT; path=/; domain=.google.com, NID=186=FNMP1etxJjebfiEkUB8sBbLKQZFNs9zxkhYNFRsngK95a4H0jUX9gdoyGrmcuOoEEmCYBp3xxvEdsRwTDaTmnWozFuF03BUl9a9pCP1cBAxPrpxVpdL2N9vxSmE_BHyOyrpYCQmWE-7XCgGUTcnnKMzLRR1EqPtRT4Ek7TUbDeU; expires=Sun, 29-Dec-2019 19:08:59 GMT; path=/; domain=.google.com; HttpOnly], X-Android-Received-Millis=[1561835339895], X-Android-Response-Source=[NETWORK 204], X-Android-Selected-Protocol=[http/1.1], X-Android-Sent-Millis=[1561835338727], X-Frame-Options=[SAMEORIGIN], X-XSS-Protection=[0]}
06-29 19:09:00.025  1399  1414 D hwcomposer: hw_composer sent 6 syncs in 60s
06-29 19:09:01.658  2145  8393 W cdcv    : [{0}] Failed to resolve name. status={1}
06-29 19:09:02.814  2145  8393 W cdcv    : [{0}] Failed to resolve name. status={1}
06-29 19:09:06.667  1587  8419 D NetworkMonitor/NetworkAgentInfo [WIFI () - 101]: PROBE_HTTPS https://www.google.com/generate_204 Probe failed with exception java.net.SocketTimeoutException: timeout
06-29 19:09:09.318  1587  1596 I zygote  : Background concurrent copying GC freed 86921(6MB) AllocSpace objects, 3(60KB) LOS objects, 31% free, 13MB/19MB, paused 2.465ms total 119.803ms
06-29 19:09:10.361  1587  8420 D NetworkMonitor/NetworkAgentInfo [WIFI () - 101]: PROBE_HTTP http://connectivitycheck.gstatic.com/generate_204 Probe failed with exception java.net.SocketTimeoutException: timeout
06-29 19:09:10.363  1587  1674 D ConnectivityService: NetworkAgentInfo [WIFI () - 101] validation failed
06-29 19:09:10.363  1587  1670 D WifiStateMachine: NETWORK_STATUS_UNWANTED_VALIDATION_FAILED
06-29 19:09:11.404  1587  1600 I WifiService: acquireWifiLock uid=10014 lockMode=2
06-29 19:09:11.412  1587  1610 E memtrack: Couldn't load memtrack module
06-29 19:09:11.412  1587  1610 W android.os.Debug: failed to get memory consumption info: -1
06-29 19:09:14.370  1587  1600 D WificondControl: Scan result ready event
06-29 19:09:14.409  1587  5746 I WifiService: releaseWifiLock uid=10014
06-29 19:09:26.383  1587  8441 D NetworkMonitor/NetworkAgentInfo [WIFI () - 101]: PROBE_DNS connectivitycheck.gstatic.com 2ms OK 172.217.172.131,2800:3f0:4001:81a::2003
06-29 19:09:26.387  1587  8440 D NetworkMonitor/NetworkAgentInfo [WIFI () - 101]: PROBE_DNS www.google.com 5ms OK 172.217.28.228,2800:3f0:4001:801::2004
06-29 19:09:26.685  1406  1406 I boot-pipe: done populating /dev/random
06-29 19:09:31.411  1587  3390 I WifiService: acquireWifiLock uid=10014 lockMode=2
06-29 19:09:31.415  1587  1610 E memtrack: Couldn't load memtrack module
06-29 19:09:31.416  1587  1610 W android.os.Debug: failed to get memory consumption info: -1
06-29 19:09:31.463  1587  3390 I WifiService: releaseWifiLock uid=10014
06-29 19:09:31.475  1587  1610 E memtrack: Couldn't load memtrack module
06-29 19:09:31.475  1587  1610 W android.os.Debug: failed to get memory consumption info: -1
06-29 19:09:31.512  1587  1610 E memtrack: Couldn't load memtrack module
06-29 19:09:31.512  1587  1610 W android.os.Debug: failed to get memory consumption info: -1
06-29 19:09:32.636  1587  5746 I WifiService: getConnectionInfo uid=10014
06-29 19:09:32.640  1964  8306 E WakeLock: GCM_HB_ALARM release without a matched acquire!
06-29 19:09:33.231  1964  8309 V NativeCrypto: Read error: ssl=0x906ad8c8: I/O error during system call, Connection reset by peer
06-29 19:09:33.233  1964  8309 V NativeCrypto: SSL shutdown failed: ssl=0x906ad8c8: I/O error during system call, Broken pipe
06-29 19:09:33.234  1964  8309 E WakeLock: GCM_HB_ALARM release without a matched acquire!
06-29 19:09:33.234  1964  8309 W WakeLock: GCM_HB_ALARM counter does not exist
06-29 19:09:39.323  1587  1596 I zygote  : Background concurrent copying GC freed 84274(6MB) AllocSpace objects, 3(60KB) LOS objects, 31% free, 13MB/19MB, paused 3.928ms total 139.038ms
06-29 19:09:39.680  1587  8440 D NetworkMonitor/NetworkAgentInfo [WIFI () - 101]: PROBE_HTTPS https://www.google.com/generate_204 Probe failed with exception java.io.IOException: unexpected end of stream on com.android.okhttp.Address@a798974c
06-29 19:09:46.411  1587  8441 D NetworkMonitor/NetworkAgentInfo [WIFI () - 101]: PROBE_HTTP http://connectivitycheck.gstatic.com/generate_204 Probe failed with exception java.net.SocketTimeoutException: failed to connect to connectivitycheck.gstatic.com/2800:3f0:4001:81a::2003 (port 80) from /fec0::94e4:ba6c:37f1:6cb6 (port 40793) after 10000ms
