06-29 13:31:52.356  1485  1824 I OMXMaster: makeComponentInstance(OMX.google.vorbis.decoder) in omx@1.0-service process
06-29 13:31:52.408  1485  1511 E OMXNodeInstance: setConfig(0xab1a1080:google.vorbis.decoder, ConfigPriority(0x6f800002)) ERROR: Undefined(0x80001001)
06-29 13:31:52.409  1481  7315 I ACodec  : codec does not support config priority (err -2147483648)
06-29 13:31:52.412  1485  1511 E OMXNodeInstance: getConfig(0xab1a1080:google.vorbis.decoder, ConfigAndroidVendorExtension(0x6f100004)) ERROR: Undefined(0x80001001)
06-29 13:31:52.414  1481  7315 I MediaCodec: MediaCodec will operate in async mode
06-29 13:31:52.421  1389  1389 W /system/bin/hw/android.hidl.allocator@1.0-service: ashmem_create_region(32768) returning hidl_memory(0xb1b1b830, 32768)
06-29 13:31:52.439  1389  1389 I chatty  : uid=1000(system) allocator@1.0-s identical 6 lines
06-29 13:31:52.442  1389  1389 W /system/bin/hw/android.hidl.allocator@1.0-service: ashmem_create_region(32768) returning hidl_memory(0xb1b1b830, 32768)
06-29 13:31:52.446  5485  5485 I Dialer  : InCallPresenter.shouldAttemptBlocking - not attempting to block incoming call because framework blocking is in use
06-29 13:31:52.464  5485  5485 I Dialer  : EnrichedCallModule.isEnabledFromBuildType - true
06-29 13:31:52.471  5485  5485 I Dialer  : EnrichedCallManagerImpl.registerCapabilitiesListener - listener: bca@5639028
06-29 13:31:52.472  5485  5485 I Dialer  : VideoShareManager.registerListener - enter
06-29 13:31:52.476  1389  1389 W /system/bin/hw/android.hidl.allocator@1.0-service: ashmem_create_region(32768) returning hidl_memory(0xb1b1b830, 32768)
06-29 13:31:52.481  1389  1389 I chatty  : uid=1000(system) allocator@1.0-s identical 2 lines
06-29 13:31:52.483  1389  1389 W /system/bin/hw/android.hidl.allocator@1.0-service: ashmem_create_region(32768) returning hidl_memory(0xb1b1b830, 32768)
06-29 13:31:52.516  1481  7313 D AudioTrack: Client defaulted notificationFrames to 7406 for frameCount 22218
06-29 13:31:52.524  1481  7310 D NuPlayerDriver: notifyListener_l(0xa8ca55b0), (6, 0, 0, -1), loop setting(1, 0)
06-29 13:31:52.528  1390  2659 W audio_hw_generic: Not supplying enough data to HAL, expected position 11359579 , only wrote 11359440
06-29 13:31:52.595  5485  5485 I Dialer  : LightbringerModule.provideLightbringer - enabled, returning impl
06-29 13:31:52.739  5485  5485 I Dialer  : EnrichedCallManagerImpl.registerCapabilitiesListener - listener: [DialerCall_0, INCOMING, [Capabilities: CAPABILITY_SUPPORT_HOLD CAPABILITY_RESPOND_VIA_TEXT CAPABILITY_MUTE CAPABILITY_CANNOT_DOWNGRADE_VIDEO_TO_AUDIO], [Properties:], children:[], parent:null, conferenceable:[], videoState:Audio Only, mSessionModificationState:0, CameraDir:-1]
06-29 13:31:52.743  5485  5485 I Dialer  : EnrichedCallManagerImpl.registerStateChangedListener - listener: [DialerCall_0, INCOMING, [Capabilities: CAPABILITY_SUPPORT_HOLD CAPABILITY_RESPOND_VIA_TEXT CAPABILITY_MUTE CAPABILITY_CANNOT_DOWNGRADE_VIDEO_TO_AUDIO], [Properties:], children:[], parent:null, conferenceable:[], videoState:Audio Only, mSessionModificationState:0, CameraDir:-1]
06-29 13:31:52.931  5485  5485 I Dialer  : CallList.onIncoming - [DialerCall_0, INCOMING, [Capabilities: CAPABILITY_SUPPORT_HOLD CAPABILITY_RESPOND_VIA_TEXT CAPABILITY_MUTE CAPABILITY_CANNOT_DOWNGRADE_VIDEO_TO_AUDIO], [Properties:], children:[], parent:null, conferenceable:[], videoState:Audio Only, mSessionModificationState:0, CameraDir:-1]
06-29 13:31:52.976  5485  5485 I Dialer  : DialerExecutors.newThread - creating low priority thread
06-29 13:31:52.976  5485  5485 I Dialer  : InCallPresenter.startOrFinishUi - Start Full Screen in call UI
06-29 13:31:53.039  2175  7138 E cddv    : *~*~*~ Channel {0} was not shutdown properly!!! ~*~*~*
06-29 13:31:53.039  2175  7138 E cddv    :     Make sure to call shutdown()/shutdownNow() and wait until awaitTermination() returns true.
06-29 13:31:53.039  2175  7138 E cddv    : java.lang.RuntimeException: ManagedChannel allocation site
06-29 13:31:53.039  2175  7138 E cddv    : 	at cddy.<init>(:com.google.android.gms@17785022@17.7.85 (040700-253824076):1)
06-29 13:31:53.039  2175  7138 E cddv    : 	at cddv.<init>(:com.google.android.gms@17785022@17.7.85 (040700-253824076):2)
06-29 13:31:53.039  2175  7138 E cddv    : 	at ccwm.b(:com.google.android.gms@17785022@17.7.85 (040700-253824076):14)
06-29 13:31:53.039  2175  7138 E cddv    : 	at sje.a(:com.google.android.gms@17785022@17.7.85 (040700-253824076):44)
06-29 13:31:53.039  2175  7138 E cddv    : 	at sje.a(:com.google.android.gms@17785022@17.7.85 (040700-253824076):66)
06-29 13:31:53.039  2175  7138 E cddv    : 	at awkt.a(:com.google.android.gms@17785022@17.7.85 (040700-253824076):43)
06-29 13:31:53.039  2175  7138 E cddv    : 	at com.google.android.gms.udc.service.UdcContextInitChimeraService.a(:com.google.android.gms@17785022@17.7.85 (040700-253824076):127)
06-29 13:31:53.039  2175  7138 E cddv    : 	at aezd.run(:com.google.android.gms@17785022@17.7.85 (040700-253824076):5)
06-29 13:31:53.039  2175  7138 E cddv    : 	at squ.b(:com.google.android.gms@17785022@17.7.85 (040700-253824076):37)
06-29 13:31:53.039  2175  7138 E cddv    : 	at squ.run(:com.google.android.gms@17785022@17.7.85 (040700-253824076):21)
06-29 13:31:53.039  2175  7138 E cddv    : 	at java.util.concurrent.ThreadPoolExecutor.runWorker(ThreadPoolExecutor.java:1162)
06-29 13:31:53.039  2175  7138 E cddv    : 	at java.util.concurrent.ThreadPoolExecutor$Worker.run(ThreadPoolExecutor.java:636)
06-29 13:31:53.039  2175  7138 E cddv    : 	at swz.run(Unknown Source:7)
06-29 13:31:53.039  2175  7138 E cddv    : 	at java.lang.Thread.run(Thread.java:764)
06-29 13:31:53.048  2175  7138 E cddv    : *~*~*~ Channel {0} was not shutdown properly!!! ~*~*~*
06-29 13:31:53.048  2175  7138 E cddv    :     Make sure to call shutdown()/shutdownNow() and wait until awaitTermination() returns true.
06-29 13:31:53.048  2175  7138 E cddv    : java.lang.RuntimeException: ManagedChannel allocation site
06-29 13:31:53.048  2175  7138 E cddv    : 	at cddy.<init>(:com.google.android.gms@17785022@17.7.85 (040700-253824076):1)
06-29 13:31:53.048  2175  7138 E cddv    : 	at cddv.<init>(:com.google.android.gms@17785022@17.7.85 (040700-253824076):2)
06-29 13:31:53.048  2175  7138 E cddv    : 	at ccwm.b(:com.google.android.gms@17785022@17.7.85 (040700-253824076):14)
06-29 13:31:53.048  2175  7138 E cddv    : 	at sje.a(:com.google.android.gms@17785022@17.7.85 (040700-253824076):44)
06-29 13:31:53.048  2175  7138 E cddv    : 	at sje.a(:com.google.android.gms@17785022@17.7.85 (040700-253824076):66)
06-29 13:31:53.048  2175  7138 E cddv    : 	at awkt.a(:com.google.android.gms@17785022@17.7.85 (040700-253824076):43)
06-29 13:31:53.048  2175  7138 E cddv    : 	at com.google.android.gms.udc.service.UdcContextInitChimeraService.a(:com.google.android.gms@17785022@17.7.85 (040700-253824076):127)
06-29 13:31:53.048  2175  7138 E cddv    : 	at aezd.run(:com.google.android.gms@17785022@17.7.85 (040700-253824076):5)
06-29 13:31:53.048  2175  7138 E cddv    : 	at squ.b(:com.google.android.gms@17785022@17.7.85 (040700-253824076):37)
06-29 13:31:53.048  2175  7138 E cddv    : 	at squ.run(:com.google.android.gms@17785022@17.7.85 (040700-253824076):21)
06-29 13:31:53.048  2175  7138 E cddv    : 	at java.util.concurrent.ThreadPoolExecutor.runWorker(ThreadPoolExecutor.java:1162)
06-29 13:31:53.048  2175  7138 E cddv    : 	at java.util.concurrent.ThreadPoolExecutor$Worker.run(ThreadPoolExecutor.java:636)
06-29 13:31:53.048  2175  7138 E cddv    : 	at swz.run(Unknown Source:7)
06-29 13:31:53.048  2175  7138 E cddv    : 	at java.lang.Thread.run(Thread.java:764)
06-29 13:31:53.110  5485  5485 I Dialer  : PhoneNumberHelper.getCurrentCountryIso - No CountryDetector; falling back to countryIso based on locale: US
06-29 13:31:53.137  1964  4147 W GLSUser : [DeviceKeyStore] Cannot load key: Device key file not found.
06-29 13:31:53.157  5485  5485 D OpenGLRenderer: HWUI GL Pipeline
06-29 13:31:53.221  5485  5485 I Dialer  : StatusBarNotifier.buildAndSendNotification - notificationType=2
06-29 13:31:53.234  5485  5485 I Dialer  : StatusBarNotifier.buildAndSendNotification - Canceling old notification so this one can be noisy
06-29 13:31:53.249  5485  5485 I Dialer  : StatusBarNotifier.buildAndSendNotification - displaying notification for 2
06-29 13:31:53.275  5485  5485 I Dialer  : InCallPresenter.onIncomingCall - Phone switching state: NO_CALLS -> INCOMING
06-29 13:31:53.275  5485  5485 I Dialer  : VideoPauseController.onIncomingCall - oldState: NO_CALLS, newState: INCOMING, call: [DialerCall_0, INCOMING, [Capabilities: CAPABILITY_SUPPORT_HOLD CAPABILITY_RESPOND_VIA_TEXT CAPABILITY_MUTE CAPABILITY_CANNOT_DOWNGRADE_VIDEO_TO_AUDIO], [Properties:], children:[], parent:null, conferenceable:[], videoState:Audio Only, mSessionModificationState:0, CameraDir:-1]
06-29 13:31:53.276  5485  5485 I Dialer  : VideoPauseController.onPrimaryCallChanged - new call: [DialerCall_0, INCOMING, [Capabilities: CAPABILITY_SUPPORT_HOLD CAPABILITY_RESPOND_VIA_TEXT CAPABILITY_MUTE CAPABILITY_CANNOT_DOWNGRADE_VIDEO_TO_AUDIO], [Properties:], children:[], parent:null, conferenceable:[], videoState:Audio Only, mSessionModificationState:0, CameraDir:-1], old call: null, mIsInBackground: false
06-29 13:31:53.276  5485  5485 I Dialer  : InCallPresenter.setBoundAndWaitingForOutgoingCall - setBoundAndWaitingForOutgoingCall: false
06-29 13:31:53.276  5485  5485 I Dialer  : ProximitySensor.updateProximitySensorMode - screenOnImmediately: false, dialPadVisible: false, offHook: false, horizontal: false, uiShowing: false, audioRoute: EARPIECE
06-29 13:31:53.276  5485  5485 I Dialer  : ProximitySensor.turnOffProximitySensor - wake lock already released
06-29 13:31:53.337  5485  5497 I zygote  : ThreadFlipBegin blocked for 7.601ms
06-29 13:31:53.351  5485  5505 I zygote  : IncrementDisableThreadFlip blocked for 20.213ms
06-29 13:31:53.387  5485  5485 I Dialer  : CallList.onUpdateCall - [DialerCall_0, INCOMING, [Capabilities: CAPABILITY_SUPPORT_HOLD CAPABILITY_RESPOND_VIA_TEXT CAPABILITY_MUTE CAPABILITY_CANNOT_DOWNGRADE_VIDEO_TO_AUDIO], [Properties:], children:[], parent:null, conferenceable:[], videoState:Audio Only, mSessionModificationState:0, CameraDir:-1]
06-29 13:31:53.387  5485  5485 I Dialer  : InCallPresenter.onCallListChange - Phone switching state: INCOMING -> INCOMING
06-29 13:31:53.387  5485  5485 I Dialer  : VideoPauseController.onStateChange - hasPrimaryCallChanged: false, videoCanPause: false, isInBackground: false
06-29 13:31:53.554  5485  5491 I zygote  : Do partial code cache collection, code=1164B, data=30KB
06-29 13:31:53.573  5485  5491 I zygote  : After code cache collection, code=1164B, data=30KB
06-29 13:31:53.573  5485  5491 I zygote  : Increasing code cache capacity to 128KB
06-29 13:31:53.578  5485  5497 I zygote  : Background concurrent copying GC freed 12582(936KB) AllocSpace objects, 4(240KB) LOS objects, 50% free, 4MB/8MB, paused 11.917ms total 283.046ms
06-29 13:31:53.659  1600  1609 I zygote  : Background concurrent copying GC freed 50224(3MB) AllocSpace objects, 40(1536KB) LOS objects, 31% free, 12MB/18MB, paused 979us total 752.919ms
06-29 13:31:53.779  1473  1561 D AudioFlinger: mixer(0xa6c83380) throttle end: throttle time(2)
06-29 13:31:53.865  1600  1607 V MediaPlayer: resetDrmState:  mDrmInfo=null mDrmProvisioningThread=null mPrepareDrmInProgress=false mActiveDrmScheme=false
06-29 13:31:53.884  1600  1607 V MediaPlayer: cleanDrmObj: mDrmObj=null mDrmSessionId=null
06-29 13:31:53.885  1481  1815 D NuPlayerDriver: reset(0xa8ca5230) at state 4
06-29 13:31:53.885  1481  1815 D NuPlayerDriver: notifyListener_l(0xa8ca5230), (8, 0, 0, -1), loop setting(1, 0)
06-29 13:31:53.892  1481  7301 D NuPlayerDriver: notifyResetComplete(0xa8ca5230)
06-29 13:31:53.911  3472  3472 D net.osmand: RoutingHelper Processed point bearing deltas : 177.71819686889648 0.45453643798828125
06-29 13:31:54.004  1704  1929 D EGL_emulation: eglMakeCurrent: 0x9e4046c0: ver 2 0 (tinfo 0x9e403690)
06-29 13:31:54.084  3472  3472 D net.osmand: RoutingHelper Processed point bearing deltas : 16.73235321044922 1.3811721801757812
06-29 13:31:54.139  5485  5505 I Dialer  : PhoneNumberHelper.getCurrentCountryIso - No CountryDetector; falling back to countryIso based on locale: US
06-29 13:31:54.185  3472  3472 I net.osmand: RoutingHelper Recalculate route, because wrong movement direction: 144.42535
06-29 13:31:54.191  3472  3472 D net.osmand: AbstractPrologCommandPlayer abandonAudioFocus
06-29 13:31:54.192  3472  3472 W MaterialProgressBar: Current drawable is not a MaterialProgressDrawable, you may want to set app:mpb_setBothDrawables
06-29 13:31:54.205  3472  7326 I net.osmand: RouteProvider Start finding route from Location[mProvider=gps,mTime=1561815114000,mLatitude=-7.223704999999999,mLongitude=-35.893065,mHasAltitude=false,mAltitude=0.0,mHasSpeed=true,mSpeed=0.0,mHasBearing=true,mBearing=0.0,mHasAccuracy=true,mAccuracy=20.0 to Lat -7.2326345 Lon -35.91311 using OsmAnd (offline)
06-29 13:31:54.218  3472  7326 W net.osmand: RouteProvider Use 339 MB Free 1.3539734 of 27.50563 max 384.0
06-29 13:31:54.255  3472  3472 I net.osmand: TTSCommandPlayerImpl Send message to pebble ateno!  Cruzamento de linha frrea 
06-29 13:31:54.255  3472  3472 D net.osmand: AbstractPrologCommandPlayer requestAudioFocus
06-29 13:31:54.255  3472  3472 W AudioManager: Use of stream types is deprecated for operations other than volume control
06-29 13:31:54.255  3472  3472 W AudioManager: See the documentation of requestAudioFocus() for what to use instead with android.media.AudioAttributes to qualify your playback use case
06-29 13:31:54.256  1600  5378 I MediaFocusControl: requestAudioFocus() from uid/pid 10104/3472 clientId=android.media.AudioManager@d05fab5net.osmand.plus.api.AudioFocusHelperImpl@eb642ec callingPack=net.osmand req=3 flags=0x0 sdk=26
06-29 13:31:54.258  3472  3472 D net.osmand: TTSCommandPlayerImpl ttsRequests=1
06-29 13:31:54.260  5191  5280 I TTS.GoogleTTSServiceImp: Synthesis request for locale por-BRA and name pt-BR-language
06-29 13:31:54.270  5191  5280 I TTS.GoogleTTSServiceImp: TTS dispatch: pt-br-x-afs-lstm-embedded
06-29 13:31:54.298  5191  5294 D AudioTrack: Client defaulted notificationFrames to 1365 for frameCount 4096
06-29 13:31:54.423  1390  2659 W audio_hw_generic: Hardware backing HAL too slow, could only write 0 of 720 frames
06-29 13:31:54.437  1390  2659 W audio_hw_generic: Hardware backing HAL too slow, could only write 0 of 720 frames
06-29 13:31:54.533  5485  5497 I zygote  : Background concurrent copying GC freed 34320(3MB) AllocSpace objects, 7(1116KB) LOS objects, 45% free, 7MB/13MB, paused 38.835ms total 791.568ms
06-29 13:31:54.579  1600  5707 V MediaRouterService: restoreBluetoothA2dp(false)
06-29 13:31:54.635  3472  3472 I net.osmand: RoutingHelper Recalculate route, because wrong movement direction: 169.05884
06-29 13:31:54.740  5485  5505 I Dialer  : PhoneNumberHelper.getCurrentCountryIso - No CountryDetector; falling back to countryIso based on locale: US
06-29 13:31:54.787  1704  1704 I zygote  : Deoptimizing void com.android.systemui.statusbar.NotificationContentView.onNotificationUpdated(com.android.systemui.statusbar.NotificationData$Entry) due to JIT inline cache
06-29 13:31:54.788  1704  1704 I zygote  : Deoptimizing void com.android.systemui.statusbar.NotificationContentView.updateLegacy() due to JIT inline cache
06-29 13:31:54.789  1704  1704 I zygote  : Deoptimizing void com.android.systemui.statusbar.NotificationContentView.updateIconVisibilities() due to JIT inline cache
06-29 13:31:54.899  3472  3472 I net.osmand: RoutingHelper Recalculate route, because wrong movement direction: 144.42535
06-29 13:31:54.941  1704  1704 D StatusBar: disable<e i a s b h r c s q >
06-29 13:31:55.167  1833  1843 I zygote  : Background concurrent copying GC freed 23660(1998KB) AllocSpace objects, 0(0B) LOS objects, 49% free, 2MB/4MB, paused 1.258ms total 427.840ms
06-29 13:31:55.293  1704  1704 I zygote  : Deoptimizing void com.android.systemui.statusbar.stack.ViewState.startYTranslationAnimation(android.view.View, com.android.systemui.statusbar.stack.AnimationProperties) due to JIT inline cache
06-29 13:31:55.359  1473  1561 D AudioFlinger: mixer(0xa6c83380) throttle end: throttle time(2)
06-29 13:31:55.402  1481  7314 I NuPlayerDecoder: [audio] saw output EOS
06-29 13:31:55.403  1481  7313 D AudioTrack: stop() called with 132300 frames delivered
06-29 13:31:55.472  1704  1929 D EGL_emulation: eglMakeCurrent: 0x9e4046c0: ver 2 0 (tinfo 0x9e403690)
06-29 13:31:55.503  1964  7235 I Places  : ?: PlacesBleScanner stop()
06-29 13:31:55.506  1964  1964 I BeaconBle: Scan : No clients left, canceling alarm.
06-29 13:31:55.506  1964  1964 I BeaconBle: Scan canceled successfully.
06-29 13:31:55.530  1964  7235 I PlaceInferenceEngine: [anon] Changed inference mode: 0
06-29 13:31:55.530  1964  7235 I PlaceInferenceEngine: [account#1066226748] Changed inference mode: 0
06-29 13:31:55.539  1398  1434 D gralloc_ranchu: gralloc_alloc: Creating ashmem region of size 8298496
06-29 13:31:55.584  1704  1929 D EGL_emulation: eglMakeCurrent: 0x9e4046c0: ver 2 0 (tinfo 0x9e403690)
06-29 13:31:55.637  1398  1434 D gralloc_ranchu: gralloc_alloc: Creating ashmem region of size 8298496
06-29 13:31:55.710  1398  1434 D gralloc_ranchu: gralloc_alloc: Creating ashmem region of size 8298496
06-29 13:31:55.754  3472  3472 I net.osmand: RoutingHelper Recalculate route, because wrong movement direction: 119.9576
06-29 13:31:55.861  1481  7310 D NuPlayerDriver: notifyListener_l(0xa8ca55b0), (2, 0, 0, -1), loop setting(1, 0)
06-29 13:31:55.908  1481  7314 I NuPlayerDecoder: [OMX.google.vorbis.decoder] resubmitting CSD
06-29 13:31:55.909  1481  7314 I NuPlayerDecoder: [OMX.google.vorbis.decoder] resubmitting CSD
06-29 13:31:55.939  1481  7310 D NuPlayerDriver: notifyListener_l(0xa8ca55b0), (6, 0, 0, -1), loop setting(1, 0)
06-29 13:31:56.184  3472  7326 I net.osmand:native: Start point was found 1886269049 [Native]
06-29 13:31:56.213  1964  1964 I GeofencerStateMachine: removeGeofences: removeRequest=RemoveGeofencingRequest[REMOVE_BY_PENDING_INTENT pendingIntent=PendingIntent[creatorPackage=com.google.android.gms], packageName=com.google.android.gms]
06-29 13:31:56.251  3472  7326 I net.osmand:native: End point was found 1886269277 [Native]
06-29 13:31:56.259  3472  7326 W net.osmand:native: [Native] Result visited (visited roads 2, visited segments 24 / 0 , queue sizes 30 / 2 ) 
06-29 13:31:56.260  3472  7326 W net.osmand:native: [Native] Result timing (time to load 0, time to calc 6, loaded tiles 28) 
06-29 13:31:56.260  3472  7326 W net.osmand:native: [Native] Memory occupied (Routing context 615 Kb, search 0 Kb)
06-29 13:31:56.263  3472  7326 I net.osmand:native: No route found
06-29 13:31:56.280  3472  7326 I net.osmand: RoutePlannerFrontEnd Native routing took 0.622 seconds
06-29 13:31:56.280  3472  7326 I System.out: ROUTE : 
06-29 13:31:56.281  3472  7326 I net.osmand: RouteResultPreparation <test regions="" description="" best_percent="" vehicle="car" 
06-29 13:31:56.281  3472  7326 I net.osmand:   start_lat="-7.22370" start_lon="-35.89307" target_lat="-7.23263" target_lon="-35.91311"  routing_time="0.00" loadedTiles="28" visitedSegments="2" complete_distance="0.00" complete_time="0.00" >
06-29 13:31:56.281  3472  7326 I System.out: <test regions="" description="" best_percent="" vehicle="car" 
06-29 13:31:56.281  3472  7326 I System.out:   start_lat="-7.22370" start_lon="-35.89307" target_lat="-7.23263" target_lon="-35.91311"  routing_time="0.00" loadedTiles="28" visitedSegments="2" complete_distance="0.00" complete_time="0.00" >
06-29 13:31:56.281  3472  7326 I System.out: </test>
06-29 13:31:56.281  3472  7326 I System.out: <test regions="" description="" best_percent="" vehicle="car" 
06-29 13:31:56.282  3472  7326 I System.out:   start_lat="-7.22370" start_lon="-35.89307" target_lat="-7.23263" target_lon="-35.91311"  routing_time="0.00" loadedTiles="28" visitedSegments="2" complete_distance="0.00" complete_time="0.00" >
06-29 13:31:56.282  3472  7326 I net.osmand: RouteProvider Finding route contained 0 points for 2077 ms
06-29 13:31:56.319  3472  3472 I net.osmand: RoutingHelper Recalculate route, because wrong movement direction: 119.9576
06-29 13:31:56.321  3472  3472 W MaterialProgressBar: Current drawable is not a MaterialProgressDrawable, you may want to set app:mpb_setBothDrawables
06-29 13:31:56.436  3472  7332 I net.osmand: RouteProvider Start finding route from Location[mProvider=gps,mTime=1561815116000,mLatitude=-7.2238,mLongitude=-35.893265,mHasAltitude=false,mAltitude=0.0,mHasSpeed=true,mSpeed=0.0,mHasBearing=true,mBearing=0.0,mHasAccuracy=true,mAccuracy=20.0 to Lat -7.2326345 Lon -35.91311 using OsmAnd (offline)
06-29 13:31:56.437  3472  7332 W net.osmand: RouteProvider Use 336 MB Free 0.0 of 29.429 max 384.0
06-29 13:31:56.699  1481  7313 W AudioTrack: getTimestamp() location moved from kernel to server
06-29 13:31:56.713  1473  1561 D AudioFlinger: mixer(0xa6c83380) throttle end: throttle time(2)
06-29 13:31:56.859  1473  1561 D AudioFlinger: mixer(0xa6c83380) throttle end: throttle time(2)
06-29 13:31:57.057  1964  2104 W MessageQueue: Handler (aeyl) {115368f} sending message to a Handler on a dead thread
06-29 13:31:57.057  1964  2104 W MessageQueue: java.lang.IllegalStateException: Handler (aeyl) {115368f} sending message to a Handler on a dead thread
06-29 13:31:57.057  1964  2104 W MessageQueue: 	at android.os.MessageQueue.enqueueMessage(MessageQueue.java:545)
06-29 13:31:57.057  1964  2104 W MessageQueue: 	at android.os.Handler.enqueueMessage(Handler.java:662)
06-29 13:31:57.057  1964  2104 W MessageQueue: 	at android.os.Handler.sendMessageAtTime(Handler.java:631)
06-29 13:31:57.057  1964  2104 W MessageQueue: 	at aeyl.sendMessageAtTime(Unknown Source:3)
06-29 13:31:57.057  1964  2104 W MessageQueue: 	at android.os.Handler.sendMessageDelayed(Handler.java:601)
06-29 13:31:57.057  1964  2104 W MessageQueue: 	at android.os.Handler.post(Handler.java:357)
06-29 13:31:57.057  1964  2104 W MessageQueue: 	at bcln.execute(Unknown Source:2)
06-29 13:31:57.057  1964  2104 W MessageQueue: 	at aanh.execute(Unknown Source:9)
06-29 13:31:57.057  1964  2104 W MessageQueue: 	at avft.a(:com.google.android.gms@17785022@17.7.85 (040700-253824076):3)
06-29 13:31:57.057  1964  2104 W MessageQueue: 	at avgk.a(:com.google.android.gms@17785022@17.7.85 (040700-253824076):8)
06-29 13:31:57.057  1964  2104 W MessageQueue: 	at avgn.a(:com.google.android.gms@17785022@17.7.85 (040700-253824076):43)
06-29 13:31:57.057  1964  2104 W MessageQueue: 	at avgj.a(:com.google.android.gms@17785022@17.7.85 (040700-253824076):2)
06-29 13:31:57.057  1964  2104 W MessageQueue: 	at rpj.a(:com.google.android.gms@17785022@17.7.85 (040700-253824076):3)
06-29 13:31:57.057  1964  2104 W MessageQueue: 	at rpj.a(:com.google.android.gms@17785022@17.7.85 (040700-253824076):2)
06-29 13:31:57.057  1964  2104 W MessageQueue: 	at agos.a(Unknown Source:2)
06-29 13:31:57.057  1964  2104 W MessageQueue: 	at rnt.a(Unknown Source:11)
06-29 13:31:57.057  1964  2104 W MessageQueue: 	at aamg.a(:com.google.android.gms@17785022@17.7.85 (040700-253824076):1)
06-29 13:31:57.057  1964  2104 W MessageQueue: 	at cwm.onTransact(:com.google.android.gms@17785022@17.7.85 (040700-253824076):4)
06-29 13:31:57.057  1964  2104 W MessageQueue: 	at android.os.Binder.execTransact(Binder.java:697)
06-29 13:31:57.632  3472  3482 I zygote  : Background concurrent copying GC freed 209361(8MB) AllocSpace objects, 33(1188KB) LOS objects, 21% free, 22MB/28MB, paused 1.495ms total 2.945s
06-29 13:31:57.694  5191  5294 D AudioTrack: stop() called with 67100 frames delivered
06-29 13:31:57.703  1600  1600 V MediaRouter: onRestoreRoute() : route=RouteInfo{ name=Phone, description=null, status=null, category=RouteCategory{ name=System types=ROUTE_TYPE_LIVE_AUDIO ROUTE_TYPE_LIVE_VIDEO  groupable=false }, supportedTypes=ROUTE_TYPE_LIVE_AUDIO ROUTE_TYPE_LIVE_VIDEO , presentationDisplay=null }
06-29 13:31:57.703  1600  1600 V MediaRouter: Selecting route: RouteInfo{ name=Phone, description=null, status=null, category=RouteCategory{ name=System types=ROUTE_TYPE_LIVE_AUDIO ROUTE_TYPE_LIVE_VIDEO  groupable=false }, supportedTypes=ROUTE_TYPE_LIVE_AUDIO ROUTE_TYPE_LIVE_VIDEO , presentationDisplay=null }
06-29 13:31:57.719  3472  6320 D net.osmand: AbstractPrologCommandPlayer abandonAudioFocus
06-29 13:31:57.726  1600  2369 I MediaFocusControl: abandonAudioFocus() from uid/pid 10104/3472 clientId=android.media.AudioManager@d05fab5net.osmand.plus.api.AudioFocusHelperImpl@eb642ec
06-29 13:31:57.727  3472  6320 D net.osmand: TTSCommandPlayerImpl ttsRequests=0
06-29 13:31:57.818  1600  1613 E memtrack: Couldn't load memtrack module
06-29 13:31:57.818  1600  1613 W android.os.Debug: failed to get memory consumption info: -1
06-29 13:31:57.986  3472  7332 I net.osmand:native: Start point was found 1886269049 [Native]
06-29 13:31:58.063  3472  7332 I net.osmand:native: End point was found 1886269277 [Native]
06-29 13:31:58.079  3472  7332 W net.osmand:native: [Native] Result visited (visited roads 2, visited segments 23 / 0 , queue sizes 28 / 2 ) 
06-29 13:31:58.079  3472  7332 W net.osmand:native: [Native] Result timing (time to load 0, time to calc 15, loaded tiles 28) 
06-29 13:31:58.079  3472  7332 W net.osmand:native: [Native] Memory occupied (Routing context 615 Kb, search 0 Kb)
06-29 13:31:58.080  3472  7332 I net.osmand:native: No route found
06-29 13:31:58.085  1600  1613 E memtrack: Couldn't load memtrack module
06-29 13:31:58.086  1600  1613 W android.os.Debug: failed to get memory consumption info: -1
06-29 13:31:58.145  3472  7332 I net.osmand: RoutePlannerFrontEnd Native routing took 0.429 seconds
06-29 13:31:58.145  3472  7332 I System.out: ROUTE : 
06-29 13:31:58.146  3472  7332 I net.osmand: RouteResultPreparation <test regions="" description="" best_percent="" vehicle="car" 
06-29 13:31:58.146  3472  7332 I net.osmand:   start_lat="-7.22380" start_lon="-35.89327" target_lat="-7.23263" target_lon="-35.91311"  routing_time="0.00" loadedTiles="28" visitedSegments="2" complete_distance="0.00" complete_time="0.00" >
06-29 13:31:58.155  3472  7332 I System.out: <test regions="" description="" best_percent="" vehicle="car" 
06-29 13:31:58.155  3472  7332 I System.out:   start_lat="-7.22380" start_lon="-35.89327" target_lat="-7.23263" target_lon="-35.91311"  routing_time="0.00" loadedTiles="28" visitedSegments="2" complete_distance="0.00" complete_time="0.00" >
06-29 13:31:58.155  3472  7332 I System.out: </test>
06-29 13:31:58.156  3472  7332 I System.out: <test regions="" description="" best_percent="" vehicle="car" 
06-29 13:31:58.156  3472  7332 I System.out:   start_lat="-7.22380" start_lon="-35.89327" target_lat="-7.23263" target_lon="-35.91311"  routing_time="0.00" loadedTiles="28" visitedSegments="2" complete_distance="0.00" complete_time="0.00" >
06-29 13:31:58.156  3472  7332 I net.osmand: RouteProvider Finding route contained 0 points for 1720 ms
06-29 13:31:58.290  3472  3496 I net.osmand: MapRenderRepositories RENDER MAP: update due to tile box
06-29 13:31:58.290  3472  3496 I net.osmand: MapRenderRepositories RENDER MAP: Interrupt rendering map
06-29 13:31:58.325  3472  3496 I net.osmand: MapRenderRepositories RENDER MAP: update due to tile box
06-29 13:31:58.325  3472  3496 I net.osmand: MapRenderRepositories RENDER MAP: Interrupt rendering map
06-29 13:31:58.383  3472  3472 I net.osmand: TTSCommandPlayerImpl Send message to pebble vire levemente  esquerda na   Avenida Marechal Floriano Peixoto 
06-29 13:31:58.383  3472  3472 D net.osmand: AbstractPrologCommandPlayer requestAudioFocus
06-29 13:31:58.383  3472  3472 W AudioManager: Use of stream types is deprecated for operations other than volume control
06-29 13:31:58.384  3472  3472 W AudioManager: See the documentation of requestAudioFocus() for what to use instead with android.media.AudioAttributes to qualify your playback use case
06-29 13:31:58.385  1600  5707 I MediaFocusControl: requestAudioFocus() from uid/pid 10104/3472 clientId=android.media.AudioManager@d05fab5net.osmand.plus.api.AudioFocusHelperImpl@a8696b5 callingPack=net.osmand req=3 flags=0x0 sdk=26
06-29 13:31:58.386  3472  3472 D net.osmand: TTSCommandPlayerImpl ttsRequests=1
06-29 13:31:58.388  5191  5280 I TTS.GoogleTTSServiceImp: Synthesis request for locale por-BRA and name pt-BR-language
06-29 13:31:58.390  5191  5280 I TTS.GoogleTTSServiceImp: TTS dispatch: pt-br-x-afs-lstm-embedded
06-29 13:31:58.421  3472  3496 I net.osmand: MapRenderRepositories RENDER MAP: update due to tile box
06-29 13:31:58.421  3472  3496 I net.osmand: MapRenderRepositories RENDER MAP: Interrupt rendering map
06-29 13:31:58.440  5191  5294 D AudioTrack: Client defaulted notificationFrames to 1365 for frameCount 4096
06-29 13:31:58.472  1600  2369 V MediaRouterService: restoreBluetoothA2dp(false)
06-29 13:31:58.475  3472  3496 I net.osmand: MapRenderRepositories RENDER MAP: update due to tile box
06-29 13:31:58.476  3472  3496 I net.osmand: MapRenderRepositories RENDER MAP: Interrupt rendering map
06-29 13:31:58.579  1481  7314 I NuPlayerDecoder: [audio] saw output EOS
06-29 13:31:58.584  1481  7313 D AudioTrack: stop() called with 132300 frames delivered
06-29 13:31:58.884  3472  3495 I net.osmand: MapRenderRepositories RENDER MAP: new request RotatedTileBox [lat=-7.223982386757723, lon=-35.89367047973547, rotate=0.0, density=2.625, zoom=17, mapDensity=3.9375, zoomAnimation=0.0, zoomFloatPart=0.0, cx=900, cy=1972, pixWidth=1800, pixHeight=2690]
06-29 13:31:59.009  3472  3495 I net.osmand:native: Route objects 99
06-29 13:31:59.009  3472  3495 I net.osmand:native: Ocean: no completed & incompleted coastlines 0
06-29 13:31:59.010  3472  3495 I net.osmand:native: Detailed coastlines = 0, basemap coastlines 0, ocean tile 0.000000. Detailed added 0, basemap processed 1, basemap added 0.
06-29 13:31:59.010  3472  3495 I net.osmand:native: Search : tree - read( 540), accept( 49), objs - visit( 2957), accept(130), in result(99) 
06-29 13:31:59.011  3472  3495 I net.osmand: MapRenderRepositories BLat=-7.226293754577637, TLat=-7.218285369873047, LLong=-35.896121978759766, RLong=-35.89122009277344, zoom=17
06-29 13:31:59.011  3472  3495 I net.osmand: MapRenderRepositories Native search: 121 ms 
06-29 13:31:59.020  3472  3495 I net.osmand:native: Creating SkBitmap in native w:1800 h:2690 s:7200 f:1!
06-29 13:31:59.021  3472  3495 I net.osmand:native: Row bytes for RGBA_8888 is 7200
06-29 13:31:59.021  3472  3495 I net.osmand:native: Locked 19368000 bytes at 0x7e400000
06-29 13:31:59.021  3472  3495 I net.osmand:native: Initializing rendering
06-29 13:31:59.024  3472  3495 I net.osmand:native: Rendering image
06-29 13:31:59.055  1481  7310 D NuPlayerDriver: notifyListener_l(0xa8ca55b0), (2, 0, 0, -1), loop setting(1, 0)
06-29 13:31:59.072  1481  7314 I NuPlayerDecoder: [OMX.google.vorbis.decoder] resubmitting CSD
06-29 13:31:59.073  1481  7314 I NuPlayerDecoder: [OMX.google.vorbis.decoder] resubmitting CSD
06-29 13:31:59.093  1481  7310 D NuPlayerDriver: notifyListener_l(0xa8ca55b0), (6, 0, 0, -1), loop setting(1, 0)
06-29 13:31:59.454  1390  2659 W audio_hw_generic: Not supplying enough data to HAL, expected position 11691884 , only wrote 11691360
06-29 13:31:59.455  1390  2659 W audio_hw_generic: Not supplying enough data to HAL, expected position 11691413 , only wrote 11691360
06-29 13:31:59.461  1481  7313 W AudioTrack: getTimestamp() location moved from kernel to server
06-29 13:31:59.635  3472  3495 I net.osmand:native: Native ok (rendering 2, text 270 ms) 
06-29 13:31:59.635  3472  3495 I net.osmand:native:  (2407 points, 490 points inside, 150 of 203 objects visible)
06-29 13:31:59.635  3472  3495 I net.osmand:native: End Rendering image
06-29 13:31:59.635  3472  3495 I net.osmand:native: Native ok (init 3, rendering 2) 
06-29 13:31:59.636  3472  3495 D net.osmand: DayNightHelper Sunrise/sunset setting to day: true
06-29 13:31:59.637  3472  3495 I net.osmand: MapRenderRepositories true
06-29 13:31:59.645  3472  3477 I zygote  : Do full code cache collection, code=1008KB, data=688KB
06-29 13:31:59.648  3472  3477 I zygote  : After code cache collection, code=919KB, data=591KB
06-29 13:32:00.027  1600  1613 E memtrack: Couldn't load memtrack module
06-29 13:32:00.044  1600  1613 W android.os.Debug: failed to get memory consumption info: -1
06-29 13:32:00.265  1600  1613 E memtrack: Couldn't load memtrack module
06-29 13:32:00.265  1600  1613 W android.os.Debug: failed to get memory consumption info: -1
06-29 13:32:00.386  2629  2890 I WorkerManager: dispose()
06-29 13:32:00.390  2629  2890 W ThreadPoolDumper: Queue length for executor EventBus is now 11. Perhaps some tasks are too long, or the pool is too small.
06-29 13:32:00.528  1964  1964 I BeaconBle: Scan : No clients left, canceling alarm.
06-29 13:32:01.645  1481  7314 I NuPlayerDecoder: [audio] saw output EOS
06-29 13:32:01.646  1481  7313 D AudioTrack: stop() called with 132300 frames delivered
06-29 13:32:02.167  1481  7310 D NuPlayerDriver: notifyListener_l(0xa8ca55b0), (2, 0, 0, -1), loop setting(1, 0)
06-29 13:32:02.181  1481  7314 I NuPlayerDecoder: [OMX.google.vorbis.decoder] resubmitting CSD
06-29 13:32:02.182  1481  7314 I NuPlayerDecoder: [OMX.google.vorbis.decoder] resubmitting CSD
06-29 13:32:02.191  1481  7310 D NuPlayerDriver: notifyListener_l(0xa8ca55b0), (6, 0, 0, -1), loop setting(1, 0)
06-29 13:32:02.216  1481  7313 W AudioTrack: getTimestamp() location moved from kernel to server
06-29 13:32:02.238  1481  7313 W AudioTrack: retrograde timestamp position corrected, -1060 = 0 - 1060
06-29 13:32:02.380  1390  2659 W audio_hw_generic: Not supplying enough data to HAL, expected position 11831766 , only wrote 11831760
06-29 13:32:03.467  5191  5294 D AudioTrack: stop() called with 109450 frames delivered
06-29 13:32:03.468  1600  1600 V MediaRouter: onRestoreRoute() : route=RouteInfo{ name=Phone, description=null, status=null, category=RouteCategory{ name=System types=ROUTE_TYPE_LIVE_AUDIO ROUTE_TYPE_LIVE_VIDEO  groupable=false }, supportedTypes=ROUTE_TYPE_LIVE_AUDIO ROUTE_TYPE_LIVE_VIDEO , presentationDisplay=null }
06-29 13:32:03.469  1600  1600 V MediaRouter: Selecting route: RouteInfo{ name=Phone, description=null, status=null, category=RouteCategory{ name=System types=ROUTE_TYPE_LIVE_AUDIO ROUTE_TYPE_LIVE_VIDEO  groupable=false }, supportedTypes=ROUTE_TYPE_LIVE_AUDIO ROUTE_TYPE_LIVE_VIDEO , presentationDisplay=null }
06-29 13:32:03.471  3472  7145 D net.osmand: AbstractPrologCommandPlayer abandonAudioFocus
06-29 13:32:03.473  1600  1863 I MediaFocusControl: abandonAudioFocus() from uid/pid 10104/3472 clientId=android.media.AudioManager@d05fab5net.osmand.plus.api.AudioFocusHelperImpl@a8696b5
06-29 13:32:03.474  3472  7145 D net.osmand: TTSCommandPlayerImpl ttsRequests=0
06-29 13:32:04.851  1481  7314 I NuPlayerDecoder: [audio] saw output EOS
06-29 13:32:04.855  1481  7313 D AudioTrack: stop() called with 132300 frames delivered
06-29 13:32:04.876  1964  1964 I GeofencerStateMachine: sendNewTransitions called.
06-29 13:32:04.918  3472  3472 D net.osmand: RoutingHelper Processed by distance : 0.6155215436150371 52.06566228143212
06-29 13:32:04.971  3472  3496 I net.osmand: MapRenderRepositories RENDER MAP: update due to tile box
06-29 13:32:04.972  3472  3496 I net.osmand: MapRenderRepositories RENDER MAP: Interrupt rendering map
06-29 13:32:05.056  3472  3496 I net.osmand: MapRenderRepositories RENDER MAP: update due to tile box
06-29 13:32:05.058  3472  3496 I net.osmand: MapRenderRepositories RENDER MAP: Interrupt rendering map
06-29 13:32:05.176  3472  3496 I net.osmand: MapRenderRepositories RENDER MAP: update due to tile box
06-29 13:32:05.178  3472  3496 I net.osmand: MapRenderRepositories RENDER MAP: Interrupt rendering map
06-29 13:32:05.243  1481  7310 D NuPlayerDriver: notifyListener_l(0xa8ca55b0), (2, 0, 0, -1), loop setting(1, 0)
06-29 13:32:05.276  1481  7314 I NuPlayerDecoder: [OMX.google.vorbis.decoder] resubmitting CSD
06-29 13:32:05.287  1481  7314 I NuPlayerDecoder: [OMX.google.vorbis.decoder] resubmitting CSD
06-29 13:32:05.333  1481  7310 D NuPlayerDriver: notifyListener_l(0xa8ca55b0), (6, 0, 0, -1), loop setting(1, 0)
06-29 13:32:05.652  3472  3495 I net.osmand: MapRenderRepositories RENDER MAP: new request RotatedTileBox [lat=-7.22446170134154, lon=-35.89467412961934, rotate=0.0, density=2.625, zoom=17, mapDensity=3.9375, zoomAnimation=0.0, zoomFloatPart=0.0, cx=900, cy=1972, pixWidth=1800, pixHeight=2690]
06-29 13:32:05.702  3472  3495 I net.osmand:native: Route objects 94
06-29 13:32:05.702  3472  3495 I net.osmand:native: Ocean: no completed & incompleted coastlines 0
06-29 13:32:05.702  3472  3495 I net.osmand:native: Detailed coastlines = 0, basemap coastlines 0, ocean tile 0.000000. Detailed added 0, basemap processed 1, basemap added 0.
06-29 13:32:05.703  3472  3495 I net.osmand:native: Search : tree - read( 540), accept( 44), objs - visit( 2757), accept(125), in result(94) 
06-29 13:32:05.704  3472  3495 I net.osmand: MapRenderRepositories BLat=-7.226760935783386, TLat=-7.218776154518127, LLong=-35.89712905883789, RLong=-35.89222717285156, zoom=17
06-29 13:32:05.705  3472  3495 I net.osmand: MapRenderRepositories Native search: 51 ms 
06-29 13:32:05.712  3472  3495 I net.osmand:native: Creating SkBitmap in native w:1800 h:2690 s:7200 f:1!
06-29 13:32:05.713  3472  3495 I net.osmand:native: Row bytes for RGBA_8888 is 7200
06-29 13:32:05.713  3472  3495 I net.osmand:native: Locked 19368000 bytes at 0x7d000000
06-29 13:32:05.713  3472  3495 I net.osmand:native: Initializing rendering
06-29 13:32:05.715  3472  3495 I net.osmand:native: Rendering image
06-29 13:32:06.015  3472  3495 I net.osmand:native: Native ok (rendering 1, text 183 ms) 
06-29 13:32:06.015  3472  3495 I net.osmand:native:  (2324 points, 412 points inside, 139 of 184 objects visible)
06-29 13:32:06.015  3472  3495 I net.osmand:native: End Rendering image
06-29 13:32:06.015  3472  3495 I net.osmand:native: Native ok (init 1, rendering 1) 
06-29 13:32:06.026  3472  3495 I net.osmand: MapRenderRepositories true
06-29 13:32:06.242  1390  2659 W audio_hw_generic: Not supplying enough data to HAL, expected position 12017118 , only wrote 12016800
06-29 13:32:06.244  1390  2659 W audio_hw_generic: Not supplying enough data to HAL, expected position 12016899 , only wrote 12016800
06-29 13:32:06.276  1390  2659 W audio_hw_generic: Not supplying enough data to HAL, expected position 12018326 , only wrote 12017520
06-29 13:32:07.613  1473  1561 D AudioFlinger: mixer(0xa6c83380) throttle end: throttle time(6)
06-29 13:32:07.837  7335  7335 D AndroidRuntime: >>>>>> START com.android.internal.os.RuntimeInit uid 2000 <<<<<<
06-29 13:32:07.858  7335  7335 W app_process: Could not reserve sentinel fault page
06-29 13:32:07.965  1481  7314 I NuPlayerDecoder: [audio] saw output EOS
06-29 13:32:07.965  1481  7313 D AudioTrack: stop() called with 132300 frames delivered
06-29 13:32:08.118  7335  7335 W app_process: Unexpected CPU variant for X86 using defaults: x86
06-29 13:32:08.125  7335  7335 I app_process: The ClassLoaderContext is a special shared library.
06-29 13:32:08.226  7335  7335 D AndroidRuntime: Calling main entry com.android.commands.input.Input
06-29 13:32:08.228  7335  7335 I Input   : injectKeyEvent: KeyEvent { action=ACTION_DOWN, keyCode=KEYCODE_HOME, scanCode=0, metaState=0, flags=0x0, repeatCount=0, eventTime=872715, downTime=872715, deviceId=-1, source=0x101 }
06-29 13:32:08.236  7335  7335 I Input   : injectKeyEvent: KeyEvent { action=ACTION_UP, keyCode=KEYCODE_HOME, scanCode=0, metaState=0, flags=0x0, repeatCount=0, eventTime=872715, downTime=872715, deviceId=-1, source=0x101 }
06-29 13:32:08.245  1600  1661 I ActivityManager: START u0 {act=android.intent.action.MAIN cat=[android.intent.category.HOME] flg=0x10200000 cmp=com.google.android.apps.nexuslauncher/.NexusLauncherActivity (has extras)} from uid 1000
06-29 13:32:08.273  7335  7335 D AndroidRuntime: Shutting down VM
06-29 13:32:08.288  1600  5707 I GnssLocationProvider: WakeLock acquired by sendMessage(SET_REQUEST, 0, com.android.server.location.GnssLocationProvider$GpsRequest@b2f7706)
06-29 13:32:08.291  1600  1613 I GnssLocationProvider: WakeLock released by handleMessage(SET_REQUEST, 0, com.android.server.location.GnssLocationProvider$GpsRequest@b2f7706)
06-29 13:32:08.302  3472  3472 D net.osmand: Disable sensor
06-29 13:32:08.303  1398  1434 D gralloc_ranchu: gralloc_alloc: Creating ashmem region of size 8298496
06-29 13:32:08.355  1398  7054 D gralloc_ranchu: gralloc_alloc: Creating ashmem region of size 8298496
06-29 13:32:08.415  1398  7054 D gralloc_ranchu: gralloc_alloc: Creating ashmem region of size 8298496
06-29 13:32:08.437  7335  7335 W app_process: Suspending all threads took: 13.675ms
06-29 13:32:08.448  1481  7310 D NuPlayerDriver: notifyListener_l(0xa8ca55b0), (2, 0, 0, -1), loop setting(1, 0)
06-29 13:32:08.470  1481  7314 I NuPlayerDecoder: [OMX.google.vorbis.decoder] resubmitting CSD
06-29 13:32:08.473  1481  7314 I NuPlayerDecoder: [OMX.google.vorbis.decoder] resubmitting CSD
06-29 13:32:08.494  1481  7310 D NuPlayerDriver: notifyListener_l(0xa8ca55b0), (6, 0, 0, -1), loop setting(1, 0)
06-29 13:32:08.509  1481  7313 W AudioTrack: getTimestamp() location moved from kernel to server
06-29 13:32:08.510  1481  7313 W NuPlayerRenderer: getPendingAudioPlayoutDurationUs: pendingUs -4979 < 0, clamping to zero, potential resume after pause writtenAudioDurationUs: 11609, audioSinkPlayedUs: 16588
06-29 13:32:08.534  1481  7313 W AudioTrack: retrograde timestamp position corrected, -512 = 0 - 512
06-29 13:32:08.534  1481  7313 W NuPlayerRenderer: getPendingAudioPlayoutDurationUs: pendingUs -1301 < 0, clamping to zero, potential resume after pause writtenAudioDurationUs: 17414, audioSinkPlayedUs: 18715
06-29 13:32:08.539  3472  3472 I net.osmand: MapRenderRepositories RENDER MAP: Interrupt rendering map
06-29 13:32:08.668  1408  1408 D SurfaceFlinger: duplicate layer name: changing com.google.android.apps.nexuslauncher/com.google.android.apps.nexuslauncher.NexusLauncherActivity to com.google.android.apps.nexuslauncher/com.google.android.apps.nexuslauncher.NexusLauncherActivity#1
06-29 13:32:08.715  1398  7054 D gralloc_ranchu: gralloc_alloc: Creating ashmem region of size 8298496
06-29 13:32:08.744  1600  1615 W Looper  : Dispatch took 175ms on android.ui, h=Handler (com.android.server.am.ActivityManagerService$UiHandler) {bce2944} cb=null msg=53
06-29 13:32:08.755  1390  2659 W audio_hw_generic: Not supplying enough data to HAL, expected position 12136528 , only wrote 12134880
06-29 13:32:08.756  1390  2659 W audio_hw_generic: Not supplying enough data to HAL, expected position 12134891 , only wrote 12134880
06-29 13:32:08.767  1398  1434 D gralloc_ranchu: gralloc_alloc: Creating ashmem region of size 8298496
06-29 13:32:08.767  2629  2884 D EGL_emulation: eglMakeCurrent: 0xa61b6ce0: ver 2 0 (tinfo 0xa619b690)
06-29 13:32:08.772  1390  2659 W audio_hw_generic: Not supplying enough data to HAL, expected position 12135648 , only wrote 12135600
06-29 13:32:08.788  1473  1561 D AudioFlinger: mixer(0xa6c83380) throttle end: throttle time(12)
06-29 13:32:08.806  1398  1434 D gralloc_ranchu: gralloc_alloc: Creating ashmem region of size 8298496
06-29 13:32:08.856  1390  2659 W audio_hw_generic: Hardware backing HAL too slow, could only write 0 of 720 frames
06-29 13:32:08.938  1481  7313 W AudioTrack: getTimestamp() location moved from kernel to server
06-29 13:32:08.939  2118  2184 D EGL_emulation: eglMakeCurrent: 0x8b867100: ver 2 0 (tinfo 0x8b8707f0)
06-29 13:32:09.009  2629  2629 W ThreadPoolDumper: Queue length for executor EventBus is now 11. Perhaps some tasks are too long, or the pool is too small.
06-29 13:32:09.101  1398  1434 D gralloc_ranchu: gralloc_alloc: Creating ashmem region of size 8298496
06-29 13:32:09.101  1704  1929 D EGL_emulation: eglMakeCurrent: 0x9e4046c0: ver 2 0 (tinfo 0x9e403690)
06-29 13:32:09.129  3472  3540 D EGL_emulation: eglMakeCurrent: 0x9e4043c0: ver 2 0 (tinfo 0x9e403290)
06-29 13:32:09.150  1408  1408 E EGL_emulation: tid 1408: eglCreateSyncKHR(1962): error 0x3004 (EGL_BAD_ATTRIBUTE)
06-29 13:32:09.302  1704  1929 D EGL_emulation: eglMakeCurrent: 0x9e4046c0: ver 2 0 (tinfo 0x9e403690)
06-29 13:32:09.322  1390  2659 W audio_hw_generic: Hardware backing HAL too slow, could only write 0 of 720 frames
06-29 13:32:09.327  1704  1929 D EGL_emulation: eglMakeCurrent: 0x9e4046c0: ver 2 0 (tinfo 0x9e403690)
06-29 13:32:09.336  1390  2659 W audio_hw_generic: Hardware backing HAL too slow, could only write 0 of 720 frames
06-29 13:32:09.367  1390  2659 I chatty  : uid=1041(audioserver) writer identical 2 lines
06-29 13:32:09.381  1390  2659 W audio_hw_generic: Hardware backing HAL too slow, could only write 0 of 720 frames
06-29 13:32:09.410  2118  2184 W OpenGLRenderer: Incorrectly called buildLayer on View: ShortcutAndWidgetContainer, destroying layer...
06-29 13:32:09.411  2118  2184 W OpenGLRenderer: Incorrectly called buildLayer on View: ShortcutAndWidgetContainer, destroying layer...
06-29 13:32:09.446  1600  1863 I WifiService: acquireWifiLock uid=10014 lockMode=2
06-29 13:32:09.503  1704  1929 D EGL_emulation: eglMakeCurrent: 0x9e4046c0: ver 2 0 (tinfo 0x9e403690)
06-29 13:32:09.575  2629  2890 W SessionLifecycleManager: Handover failed. Creating new session controller.
06-29 13:32:09.587  1964  1964 I GeofencerStateMachine: sendNewLocationAvailability: availability=LocationAvailability[isLocationAvailable: true]
06-29 13:32:10.374  1390  2659 W audio_hw_generic: Not supplying enough data to HAL, expected position 12212489 , only wrote 12211920
06-29 13:32:10.374  1390  2659 W audio_hw_generic: Not supplying enough data to HAL, expected position 12211932 , only wrote 12211920
06-29 13:32:10.390  1390  2659 W audio_hw_generic: Not supplying enough data to HAL, expected position 12212696 , only wrote 12212640
06-29 13:32:10.416  1473  1561 D AudioFlinger: mixer(0xa6c83380) throttle end: throttle time(3)
06-29 13:32:10.490  3472  7199 E FA      : Task exception on worker thread: java.lang.IllegalAccessError: Method 'void android.support.v4.content.ContextCompat.<init>()' is inaccessible to class 'com.google.firebase.iid.zzg' (declaration of 'com.google.firebase.iid.zzg' appears in /data/app/net.osmand-3e2027wrPNiMXbTSfYMHIA==/base.apk): com.google.android.gms.measurement.internal.zzt.zzEd(Unknown Source:3)
06-29 13:32:10.509  1600  1863 I WifiService: getWifiEnabledState uid=10032
06-29 13:32:10.565  2629  2911 W LocationOracle: No location history returned by ContextManager
06-29 13:32:10.619  1600  1863 I WifiService: getWifiEnabledState uid=10032
06-29 13:32:10.712  1600  2206 I WifiService: releaseWifiLock uid=10014
06-29 13:32:10.892  1704  1723 I zygote  : NativeAlloc concurrent copying GC freed 67894(3MB) AllocSpace objects, 0(0B) LOS objects, 48% free, 6MB/12MB, paused 4.308ms total 1.113s
06-29 13:32:11.015  1600  1609 I zygote  : NativeAlloc concurrent copying GC freed 39377(1786KB) AllocSpace objects, 10(520KB) LOS objects, 31% free, 13MB/19MB, paused 7.129ms total 1.282s
06-29 13:32:11.051  1964  1964 I GeofencerStateMachine: removeGeofences: removeRequest=RemoveGeofencingRequest[REMOVE_BY_PENDING_INTENT pendingIntent=PendingIntent[creatorPackage=com.google.android.gms], packageName=com.google.android.gms]
06-29 13:32:11.064  1964  1964 I chatty  : uid=10014 com.google.android.gms.persistent identical 1 line
06-29 13:32:11.078  1964  1964 I GeofencerStateMachine: removeGeofences: removeRequest=RemoveGeofencingRequest[REMOVE_BY_PENDING_INTENT pendingIntent=PendingIntent[creatorPackage=com.google.android.gms], packageName=com.google.android.gms]
06-29 13:32:11.201  1964  7182 W ctxmgr  : [AclManager] No 3 for (accnt=account#1066226748#, com.google.android.gms(10014):UserVelocityProducer, vrsn=17785022, 0, 3pPkg = null ,  3pMdlId = null ,  pid = 1964). Was: 2 for 1, account#1066226748# [CONTEXT service_id=47 ]
06-29 13:32:11.230  1481  7314 I NuPlayerDecoder: [audio] saw output EOS
06-29 13:32:11.231  1481  7313 D AudioTrack: stop() called with 132300 frames delivered
06-29 13:32:11.264  2923  2955 I Finsky  : [139] imb.run(3): Stats for Executor: BlockingExecutor ink@19dc107[Running, pool size = 0, active threads = 0, queued tasks = 0, completed tasks = 20]
06-29 13:32:11.287  2923  2955 I Finsky  : [139] imb.run(3): Stats for Executor: LightweightExecutor ink@3658234[Running, pool size = 2, active threads = 0, queued tasks = 0, completed tasks = 62]
06-29 13:32:11.562  1964  1964 I GeofencerStateMachine: removeGeofences: removeRequest=RemoveGeofencingRequest[REMOVE_BY_PENDING_INTENT pendingIntent=PendingIntent[creatorPackage=com.google.android.gms], packageName=com.google.android.gms]
06-29 13:32:11.576  1964  1964 I GeofencerStateMachine: removeGeofences: removeRequest=RemoveGeofencingRequest[REMOVE_BY_PENDING_INTENT pendingIntent=PendingIntent[creatorPackage=com.google.android.gms], packageName=com.google.android.gms]
06-29 13:32:11.619  1964  7350 I PlaceInferenceEngine: [anon] Changed inference mode: 0
06-29 13:32:11.642  1481  7310 D NuPlayerDriver: notifyListener_l(0xa8ca55b0), (2, 0, 0, -1), loop setting(1, 0)
06-29 13:32:11.665  1964  7350 I PlaceInferenceEngine: [account#1066226748] Changed inference mode: 0
06-29 13:32:11.672  1481  7314 I NuPlayerDecoder: [OMX.google.vorbis.decoder] resubmitting CSD
06-29 13:32:11.674  1481  7314 I NuPlayerDecoder: [OMX.google.vorbis.decoder] resubmitting CSD
06-29 13:32:11.698  1481  7310 D NuPlayerDriver: notifyListener_l(0xa8ca55b0), (6, 0, 0, -1), loop setting(1, 0)
06-29 13:32:11.709  1481  7313 W AudioTrack: getTimestamp() location moved from kernel to server
