06-28 11:01:01.063 12507 12507 I net.osmand: RoutingHelper Recalculate route, because correlation  : 187291.03290959162
06-28 11:01:01.064 12507 12507 I net.osmand: RoutingHelper Recalculate route, because wrong movement direction: 187352.22
06-28 11:01:01.176  1603  1603 I GnssLocationProvider: WakeLock acquired by sendMessage(SUBSCRIPTION_OR_SIM_CHANGED, 0, null)
06-28 11:01:01.190  1844  1844 D MccTable: updateMccMncConfiguration mccmnc='null' fromServiceState=true
06-28 11:01:01.190  1844  1844 D MccTable: WIFI_COUNTRY_CODE set to 
06-28 11:01:01.190  1603  1638 I WifiService: WifiService trying to set country code to  with persist set to false
06-28 11:01:01.190  1603  1638 I WifiService: setCountryCode uid=1001
06-28 11:01:01.256  1603  1616 E GnssLocationProvider: no AGPS interface in set_agps_server
06-28 11:01:01.257  1603  1616 I GnssLocationProvider: WakeLock released by handleMessage(SUBSCRIPTION_OR_SIM_CHANGED, 0, null)
06-28 11:01:01.311  1844  1844 D ServiceStateProvider: subId=1
06-28 11:01:01.322 25280 25619 W Bugle   : BuglePhoneNumberUtils: canonicalizeMccMnc: invalid mccmnc. mcc: null, mnc: null
06-28 11:01:01.330 25280 25619 I Bugle   : Carrier configs loaded: Bundle[{carrier_volte_provisioned_bool=false, httpSocketTimeout=60000, carrier_wfc_supports_wifi_only_bool=false, carrier_default_actions_on_default_network_available_string_array=[Ljava.lang.String;@4e2e86e, operator_selection_expand_bool=true, disable_cdma_activation_code_bool=false, simplified_network_settings_bool=false, enable_apps_string_array=null, carrier_default_wfc_ims_roaming_enabled_bool=false, cdma_nonroaming_networks_string_array=null, aliasMinChars=2, wfc_data_spn_format_idx_int=0, hide_sim_lock_settings_bool=false, drop_video_call_when_answering_audio_call_bool=false, ci_action_on_sys_update_bool=false, convert_cdma_caller_id_mmi_codes_while_roaming_on_3gpp_bool=false, vvm_port_number_int=1808, carrier_default_wfc_ims_enabled_bool=false, dial_string_replace_string_array=null, gsm_nonroaming_networks_string_array=null, hide_ims_apn_bool=false, vvm_destination_number_string=122, dtmf_type_enabled_bool=false, allow_video_calling_fallback_bool=true, config_ims_package_override_string=null, smsToMmsTextThreshold=-1, disable_severe_when_extreme_disabled_bool=true, force_home_network_bool=false, enableSMSDeliveryReports=true, auto_retry_enabled_bool=false, carrier_force_disable_etws_cmas_test_bool=false, allow_emergency_video_calls_bool=false, csp_enabled_bool=false, default_sim_call_manager_string=, call_forwarding_blocks_while_roaming_string_array=null, emergency_notification_delay_int=-1, support_video_conference_call_bool=false, ims_dtmf_tone_delay_int=0, carrier_instant_lettering_escaped_chars_string=, carrier_default_wfc_ims_roaming_mode_int=2, editable_wfc_mode_bool=true, support_direct_fdn_dialing_bool=false, carrier_wifi_string_array=null, treat_downgraded_video_calls_as_video_calls_bool=false, wifi_calls_can_be_hd_audio=true, support_downgrade_vt_to_audio_bool=true, notify_handover_video_from_lte_to_wifi_bool=false, use_otasp_for_provisioning_bool=false, maxMessageTextSize=-1, duration_blocking_disabled_after_emergency_int=7200, carrier_metered_roaming_apn_types_strings=[Ljava.lang.String;@a82ab0f, show_apn_setting_cdma_bool=false, carrier_instant_lettering_length_limit_int=64, carrier_instant_lettering_invalid_chars_string=, carrier_setup_app_string=, editable_wfc_roaming_mode_bool=false, supportMmsContentDisposition=true, allow_non_emergency_calls_in_ecm_bool=true, use_rcs_presence_bool=false, cdma_dtmf_tone_delay_int=100, editable_voicemail_number_bool=false, carrier_data_call_apn_retry_after_disconnect_long=10000, filtered_cnap_names_string_array=null, enabledTransID=false, aliasEnabled=false, vvm_disabled_capabilities_string_array=null, ims_conference_size_limit_int=5, supportHttpCharsetHeader=false, vvm_prefetch_bool=true, hide_enhanced_4g_lte_bool=false, display_hd_audio_property_bool=true, has_in_call_noise_suppression_bool=false, voicemail_notification_persistent_bool=false, carrier_default_actions_on_reset_string_array=[Ljava.lang.String;@65b979c, world_phone_bool=false, ims_reasoninfo_mapping_string_array=null, default_vm_number_string=, data_limit_threshold_bytes_long=-1, allowAttachAudio=true, ci_action_on_sys_update_extra_string=, ignore_sim_network_locked_events_bool=false, spamForwardingNumber=7726, notify_international_call_on_wfc_bool=false, call_forwarding_map_non_number_to_voicemail_bool=false, carrier_instant_lettering_available_bool=false, stk_disable_launch_browser_bool=false, carrier_use_ims_first_for_emergency_bool=true, carrier_vt_available_bool=true, smsToMmsTextLengthThreshold=-1, config_wifi_disable_in_ecbm=false, ci_action_on_sys_update_intent_string=, additional_call_setting_bool=true, carrier_app_no_wake_signal_config=null, sms_requires_destination_number_conversion_bool=false, carrier_default_actions_on_redirection_string_array=[Ljava.lang.String;@bd945a5, support_swap_after_merge_bool=true, recipientLimit=2147483647, notify_vt_handover_to_wifi_failure_bool=false, gsm_dtmf_tone_delay_int=0, show_onscreen_dial_button_bool=true, uaProfTagName=x-wap-profile, sim_network_unlock_allow_dismiss_bool=true, cdma_3waycal
06-28 11:01:01.431  1844  1844 I Telephony: PstnIncomingCallNotifier: Unregistering: Handler (com.android.internal.telephony.GsmCdmaPhone) {438750e}
06-28 11:01:01.453 12507 12507 I net.osmand: RoutingHelper Recalculate route, because correlation  : 187291.03290959162
06-28 11:01:01.453 12507 12507 I net.osmand: RoutingHelper Recalculate route, because wrong movement direction: 187352.22
06-28 11:01:01.460 12507 12507 I net.osmand: RoutingHelper Recalculate route, because correlation  : 187291.03290959162
06-28 11:01:01.497  1603  1603 I Telecom : CallLogManager: Country ISO changed. Retrieving new ISO...: CLM.oCD@CZ8
06-28 11:01:01.568  1603  1681 I WifiService: getConnectionInfo uid=1000
06-28 11:01:01.576 19569 21629 W Conscrypt: Could not set socket write timeout: java.net.SocketException: Socket closed
06-28 11:01:01.579 19569 21629 W Conscrypt: 	at com.google.android.gms.org.conscrypt.Platform.setSocketWriteTimeout(:com.google.android.gms@17785022@17.7.85 (040700-253824076):2)
06-28 11:01:01.579 19569 21629 W Conscrypt: 	at com.google.android.gms.org.conscrypt.ConscryptFileDescriptorSocket.setSoWriteTimeout(:com.google.android.gms@17785022@17.7.85 (040700-253824076):2)
06-28 11:01:01.616  1603  2561 I Telecom : PhoneAccountRegistrar: Modify account: [ComponentInfo{com.android.phone/com.android.services.telephony.TelephonyConnectionService}, [****], UserHandle{0}(lbl:  -> Android)(desc:  -> Android)]: TSI.rPA@CaA
06-28 11:01:01.622  1844  1844 I Telephony: AccountEntry: Registered phoneAccount: [[ ] PhoneAccount: ComponentInfo{com.android.phone/com.android.services.telephony.TelephonyConnectionService}, [****], UserHandle{0} Capabilities: CallProvider MultiUser PlaceEmerg SimSub  Audio Routes: BESW Schemes: tel voicemail  Extras: Bundle[{android.telecom.extra.SUPPORTS_VIDEO_CALLING_FALLBACK=true}] GroupId: [****]] with handle: ComponentInfo{com.android.phone/com.android.services.telephony.TelephonyConnectionService}, [****], UserHandle{0}
06-28 11:01:01.622  1844  1844 I Telephony: PstnIncomingCallNotifier: Registering: Handler (com.android.internal.telephony.GsmCdmaPhone) {438750e}
06-28 11:01:01.665  1844  1844 D TelephonyProvider: subIdString = 1 subId = 1
06-28 11:01:01.672  1603  1674 D RecurrenceRule: Resolving using anchor 2019-06-28T15:01:01.671Z[GMT]
06-28 11:01:01.674  1603  1674 D RecurrenceRule: Resolving using anchor 2019-06-28T15:01:01.674Z[GMT]
06-28 11:01:01.677  1603  1674 D RecurrenceRule: Cycle 17 from 2019-06-09T00:00Z[GMT] to 2019-07-09T00:00Z[GMT]
06-28 11:01:01.685  1603  1674 D NetworkStats: Resolving plan for NetworkTemplate: matchRule=MOBILE_ALL, subscriberId=310260..., matchSubscriberIds=[310260...]
06-28 11:01:01.697  1844  1844 D TelephonyProvider: subIdString = 1 subId = 1
06-28 11:01:01.700  1603  1674 D NetworkStats: Found active matching subId 1
06-28 11:01:01.755  1603  1674 D NetworkStats: Resolved to plan null
06-28 11:01:01.825  1844  1844 I Telephony: PstnPhoneCapabilitiesNotifier: handleVideoCapabilitesChanged. Video capability - false
06-28 11:01:01.852  1603  1638 I Telecom : PhoneAccountRegistrar: Modify account: [ComponentInfo{com.android.phone/com.android.services.telephony.TelephonyConnectionService}, [****], UserHandle{0}]: TSI.rPA@CaM
06-28 11:01:01.805  1844  1844 I chatty  : uid=1001(radio) com.android.phone identical 6 lines
06-28 11:01:01.810  1844  1844 D TelephonyProvider: subIdString = 1 subId = 1
06-28 11:01:01.892  1844  1844 D ServiceStateProvider: subId=1
06-28 11:01:01.947  1844  1844 D TelephonyProvider: subIdString = 1 subId = 1
06-28 11:01:01.955  1844  1844 D TelephonyProvider: subIdString = 1 subId = 1
06-28 11:01:01.969 12507 12507 I net.osmand: RoutingHelper Recalculate route, because correlation  : 187291.03290959162
06-28 11:01:01.985  1844  1844 D TelephonyProvider: subIdString = 1 subId = 1
06-28 11:01:01.998  1603  1681 I WifiService: getConnectionInfo uid=1000
06-28 11:01:02.007  1844  1844 D TelephonyProvider: subIdString = 1 subId = 1
06-28 11:01:02.040 12507 12507 I net.osmand: RoutingHelper Recalculate route, because correlation  : 187291.03290959162
06-28 11:01:02.040 12507 12507 I net.osmand: RoutingHelper Recalculate route, because wrong movement direction: 187352.22
06-28 11:01:02.089  1603  1674 D RecurrenceRule: Resolving using anchor 2019-06-28T15:01:02.089Z[GMT]
06-28 11:01:02.093  1603  1674 D RecurrenceRule: Resolving using anchor 2019-06-28T15:01:02.093Z[GMT]
06-28 11:01:02.096  1603  1674 D RecurrenceRule: Cycle 17 from 2019-06-09T00:00Z[GMT] to 2019-07-09T00:00Z[GMT]
06-28 11:01:02.097  1603  1674 D NetworkStats: Resolving plan for NetworkTemplate: matchRule=MOBILE_ALL, subscriberId=310260..., matchSubscriberIds=[310260...]
06-28 11:01:02.117  1603  1674 D NetworkStats: Found active matching subId 1
06-28 11:01:02.118  1844  1844 D TelephonyProvider: subIdString = 1 subId = 1
06-28 11:01:02.193  1603  1674 D NetworkStats: Resolved to plan null
06-28 11:01:02.230  1844  1844 I chatty  : uid=1001(radio) com.android.phone identical 3 lines
06-28 11:01:02.255  1844  1844 D TelephonyProvider: subIdString = 1 subId = 1
06-28 11:01:02.322 19569 21629 W Conscrypt: Could not set socket write timeout: java.net.SocketException: Socket closed
06-28 11:01:02.323 19569 21629 W Conscrypt: 	at com.google.android.gms.org.conscrypt.Platform.setSocketWriteTimeout(:com.google.android.gms@17785022@17.7.85 (040700-253824076):2)
06-28 11:01:02.323 19569 21629 W Conscrypt: 	at com.google.android.gms.org.conscrypt.ConscryptFileDescriptorSocket.setSoWriteTimeout(:com.google.android.gms@17785022@17.7.85 (040700-253824076):2)
06-28 11:01:02.500  1603  1612 I zygote  : Background concurrent copying GC freed 42196(2MB) AllocSpace objects, 43(2008KB) LOS objects, 23% free, 19MB/25MB, paused 8.712ms total 768.670ms
06-28 11:01:02.787 12507 12507 I net.osmand: RoutingHelper Recalculate route, because correlation  : 187291.03290959162
06-28 11:01:02.815 12507 12507 I net.osmand: RoutingHelper Recalculate route, because correlation  : 187291.03290959162
06-28 11:01:02.816 12507 12507 I net.osmand: RoutingHelper Recalculate route, because wrong movement direction: 187352.22
06-28 11:01:02.997 12507 12507 I net.osmand: RoutingHelper Recalculate route, because correlation  : 187291.03290959162
06-28 11:01:03.018 12507 12507 I net.osmand: RoutingHelper Recalculate route, because correlation  : 187291.03290959162
06-28 11:01:03.018 12507 12507 I net.osmand: RoutingHelper Recalculate route, because wrong movement direction: 187352.22
06-28 11:01:03.331 19546 25529 I Places  : ?: PlacesBleScanner stop()
06-28 11:01:03.334 19546 19546 I BeaconBle: Scan : No clients left, canceling alarm.
06-28 11:01:03.337 19546 19546 I BeaconBle: Scan canceled successfully.
06-28 11:01:03.351 19546 25529 I PlaceInferenceEngine: [anon] Changed inference mode: 0
06-28 11:01:03.354 19546 25529 I PlaceInferenceEngine: [account#1066226748] Changed inference mode: 0
06-28 11:01:03.487 19546 19546 I GeofencerStateMachine: sendNewLocationAvailability: availability=LocationAvailability[isLocationAvailable: true]
06-28 11:01:03.490 19546 19546 I GeofencerStateMachine: removeGeofences: removeRequest=RemoveGeofencingRequest[REMOVE_BY_PENDING_INTENT pendingIntent=PendingIntent[creatorPackage=com.google.android.gms], packageName=com.google.android.gms]
06-28 11:01:03.514 19546 19705 W MessageQueue: Handler (aeyl) {d2231a} sending message to a Handler on a dead thread
06-28 11:01:03.514 19546 19705 W MessageQueue: java.lang.IllegalStateException: Handler (aeyl) {d2231a} sending message to a Handler on a dead thread
06-28 11:01:03.514 19546 19705 W MessageQueue: 	at android.os.MessageQueue.enqueueMessage(MessageQueue.java:545)
06-28 11:01:03.514 19546 19705 W MessageQueue: 	at android.os.Handler.enqueueMessage(Handler.java:662)
06-28 11:01:03.514 19546 19705 W MessageQueue: 	at android.os.Handler.sendMessageAtTime(Handler.java:631)
06-28 11:01:03.514 19546 19705 W MessageQueue: 	at aeyl.sendMessageAtTime(Unknown Source:3)
06-28 11:01:03.514 19546 19705 W MessageQueue: 	at android.os.Handler.sendMessageDelayed(Handler.java:601)
06-28 11:01:03.514 19546 19705 W MessageQueue: 	at android.os.Handler.post(Handler.java:357)
06-28 11:01:03.514 19546 19705 W MessageQueue: 	at bcln.execute(Unknown Source:2)
06-28 11:01:03.514 19546 19705 W MessageQueue: 	at aanh.execute(Unknown Source:9)
06-28 11:01:03.514 19546 19705 W MessageQueue: 	at avft.a(:com.google.android.gms@17785022@17.7.85 (040700-253824076):3)
06-28 11:01:03.514 19546 19705 W MessageQueue: 	at avgk.a(:com.google.android.gms@17785022@17.7.85 (040700-253824076):8)
06-28 11:01:03.514 19546 19705 W MessageQueue: 	at avgn.a(:com.google.android.gms@17785022@17.7.85 (040700-253824076):43)
06-28 11:01:03.514 19546 19705 W MessageQueue: 	at avgj.a(:com.google.android.gms@17785022@17.7.85 (040700-253824076):2)
06-28 11:01:03.514 19546 19705 W MessageQueue: 	at rpj.a(:com.google.android.gms@17785022@17.7.85 (040700-253824076):3)
06-28 11:01:03.514 19546 19705 W MessageQueue: 	at rpj.a(:com.google.android.gms@17785022@17.7.85 (040700-253824076):2)
06-28 11:01:03.514 19546 19705 W MessageQueue: 	at agos.a(Unknown Source:2)
06-28 11:01:03.514 19546 19705 W MessageQueue: 	at rnt.a(Unknown Source:11)
06-28 11:01:03.514 19546 19705 W MessageQueue: 	at aamg.a(:com.google.android.gms@17785022@17.7.85 (040700-253824076):1)
06-28 11:01:03.514 19546 19705 W MessageQueue: 	at cwm.onTransact(:com.google.android.gms@17785022@17.7.85 (040700-253824076):4)
06-28 11:01:03.514 19546 19705 W MessageQueue: 	at android.os.Binder.execTransact(Binder.java:697)
06-28 11:01:03.977 12507 12507 I net.osmand: RoutingHelper Recalculate route, because correlation  : 187291.03290959162
06-28 11:01:03.977 12507 12507 I net.osmand: RoutingHelper Recalculate route, because wrong movement direction: 187352.22
06-28 11:01:04.084 21725 21744 W zygote  : Suspending all threads took: 7.719ms
06-28 11:01:04.124 12507 12507 I net.osmand: RoutingHelper Recalculate route, because correlation  : 187291.03290959162
06-28 11:01:04.132 12507 12507 I net.osmand: RoutingHelper Recalculate route, because correlation  : 187291.03290959162
06-28 11:01:04.132 12507 12507 I net.osmand: RoutingHelper Recalculate route, because wrong movement direction: 187352.22
06-28 11:01:04.154 12507 12507 I net.osmand: RoutingHelper Recalculate route, because correlation  : 187291.03290959162
06-28 11:01:04.975 12507 12507 I chatty  : uid=10104(net.osmand) identical 1 line
06-28 11:01:04.997 12507 12507 I net.osmand: RoutingHelper Recalculate route, because correlation  : 187291.03290959162
06-28 11:01:04.998 12507 12507 I net.osmand: RoutingHelper Recalculate route, because wrong movement direction: 187352.22
06-28 11:01:05.451 12507 12507 I net.osmand: RoutingHelper Recalculate route, because correlation  : 187291.03290959162
06-28 11:01:05.464 12507 12507 I net.osmand: RoutingHelper Recalculate route, because correlation  : 187291.03290959162
06-28 11:01:05.465 12507 12507 I net.osmand: RoutingHelper Recalculate route, because wrong movement direction: 187352.22
06-28 11:01:05.975 12507 12507 I net.osmand: RoutingHelper Recalculate route, because correlation  : 187291.03290959162
06-28 11:01:05.979 12507 12507 I net.osmand: RoutingHelper Recalculate route, because correlation  : 187291.03290959162
06-28 11:01:05.979 12507 12507 I net.osmand: RoutingHelper Recalculate route, because wrong movement direction: 187352.22
06-28 11:01:06.655 12507 12507 I net.osmand: RoutingHelper Recalculate route, because correlation  : 187291.03290959162
06-28 11:01:06.655 12507 12507 I net.osmand: RoutingHelper Recalculate route, because wrong movement direction: 187352.22
06-28 11:01:06.738 12507 12507 I net.osmand: RoutingHelper Recalculate route, because correlation  : 187291.03290959162
06-28 11:01:06.969 12507 12507 I net.osmand: RoutingHelper Recalculate route, because correlation  : 187291.03290959162
06-28 11:01:06.969 12507 12507 I net.osmand: RoutingHelper Recalculate route, because wrong movement direction: 187352.22
06-28 11:01:06.987 12507 12507 I net.osmand: RoutingHelper Recalculate route, because correlation  : 187291.03290959162
06-28 11:01:07.884 12507 12507 I net.osmand: RoutingHelper Recalculate route, because correlation  : 187291.03290959162
06-28 11:01:07.884 12507 12507 I net.osmand: RoutingHelper Recalculate route, because wrong movement direction: 187352.22
06-28 11:01:07.925 12507 12507 I net.osmand: RoutingHelper Recalculate route, because correlation  : 187291.03290959162
06-28 11:01:08.000 12507 12507 I net.osmand: RoutingHelper Recalculate route, because correlation  : 187291.03290959162
06-28 11:01:08.000 12507 12507 I net.osmand: RoutingHelper Recalculate route, because wrong movement direction: 187352.22
06-28 11:01:08.059 12507 12507 I net.osmand: RoutingHelper Recalculate route, because correlation  : 187291.03290959162
06-28 11:01:08.353  1603  1616 E memtrack: Couldn't load memtrack module
06-28 11:01:08.353  1603  1616 W android.os.Debug: failed to get memory consumption info: -1
06-28 11:01:08.358 19546 19546 I BeaconBle: Scan : No clients left, canceling alarm.
06-28 11:01:08.457 22551 22596 I WorkerManager: dispose()
06-28 11:01:08.459 22551 22596 W ThreadPoolDumper: Queue length for executor EventBus is now 11. Perhaps some tasks are too long, or the pool is too small.
06-28 11:01:08.466  1603  1616 E memtrack: Couldn't load memtrack module
06-28 11:01:08.466  1603  1616 W android.os.Debug: failed to get memory consumption info: -1
06-28 11:01:08.969 12507 12507 I net.osmand: RoutingHelper Recalculate route, because correlation  : 187291.03290959162
06-28 11:01:08.970 12507 12507 I net.osmand: RoutingHelper Recalculate route, because wrong movement direction: 187352.22
06-28 11:01:09.040 12507 12507 I net.osmand: RoutingHelper Recalculate route, because correlation  : 187291.03290959162
06-28 11:01:09.204 12507 12507 I chatty  : uid=10104(net.osmand) identical 1 line
06-28 11:01:09.254 12507 12507 I net.osmand: RoutingHelper Recalculate route, because correlation  : 187291.03290959162
06-28 11:01:09.254 12507 12507 I net.osmand: RoutingHelper Recalculate route, because wrong movement direction: 187352.22
06-28 11:01:09.974 12507 12507 I net.osmand: RoutingHelper Recalculate route, because correlation  : 187291.03290959162
06-28 11:01:09.975 12507 12507 I net.osmand: RoutingHelper Recalculate route, because wrong movement direction: 187352.22
06-28 11:01:10.075 12507 12507 I net.osmand: RoutingHelper Recalculate route, because correlation  : 187291.03290959162
06-28 11:01:10.533 12507 12507 I chatty  : uid=10104(net.osmand) identical 1 line
06-28 11:01:10.589 12507 12507 I net.osmand: RoutingHelper Recalculate route, because correlation  : 187291.03290959162
06-28 11:01:10.589 12507 12507 I net.osmand: RoutingHelper Recalculate route, because wrong movement direction: 187352.22
06-28 11:01:10.969 12507 12507 I net.osmand: RoutingHelper Recalculate route, because correlation  : 187291.03290959162
06-28 11:01:10.980 12507 12507 I net.osmand: RoutingHelper Recalculate route, because correlation  : 187291.03290959162
06-28 11:01:10.980 12507 12507 I net.osmand: RoutingHelper Recalculate route, because wrong movement direction: 187352.22
06-28 11:01:11.896 12507 12507 I net.osmand: RoutingHelper Recalculate route, because correlation  : 187291.03290959162
06-28 11:01:11.910 12507 12507 I net.osmand: RoutingHelper Recalculate route, because correlation  : 187291.03290959162
06-28 11:01:11.910 12507 12507 I net.osmand: RoutingHelper Recalculate route, because wrong movement direction: 187352.22
06-28 11:01:12.109 12507 12507 I net.osmand: RoutingHelper Recalculate route, because correlation  : 187291.03290959162
06-28 11:01:12.121 12507 12507 I net.osmand: RoutingHelper Recalculate route, because correlation  : 187291.03290959162
06-28 11:01:12.121 12507 12507 I net.osmand: RoutingHelper Recalculate route, because wrong movement direction: 187352.22
06-28 11:01:12.401 12507 25589 W net.osmand:native: [Native] Result visited (visited roads 22877, visited segments 10991 / 30885 , queue sizes 259 / 4302 ) 
06-28 11:01:12.401 12507 25589 W net.osmand:native: [Native] Result timing (time to load 0, time to calc 17670, loaded tiles 216) 
06-28 11:01:12.401 12507 25589 W net.osmand:native: [Native] Memory occupied (Routing context 9500 Kb, search 689 Kb)
06-28 11:01:12.492 12507 25589 I net.osmand:native: Routing calculated time distance 163076.031250
06-28 11:01:12.985 12507 12507 I net.osmand: RoutingHelper Recalculate route, because correlation  : 187291.03290959162
06-28 11:01:12.985 12507 12507 I net.osmand: RoutingHelper Recalculate route, because wrong movement direction: 187352.22
06-28 11:01:13.123 12507 12507 I net.osmand: RoutingHelper Recalculate route, because correlation  : 187291.03290959162
06-28 11:01:13.481 12507 12507 I net.osmand: RoutingHelper Recalculate route, because correlation  : 187291.03290959162
06-28 11:01:13.492 12507 12519 I zygote  : Background concurrent copying GC freed 247322(11MB) AllocSpace objects, 34(1436KB) LOS objects, 16% free, 30MB/36MB, paused 1.317ms total 848.729ms
06-28 11:01:13.542 12507 12507 I net.osmand: RoutingHelper Recalculate route, because correlation  : 187291.03290959162
06-28 11:01:13.542 12507 12507 I net.osmand: RoutingHelper Recalculate route, because wrong movement direction: 187352.22
06-28 11:01:13.741 12507 25589 I net.osmand: RoutePlannerFrontEnd Native routing took 19.192 seconds
06-28 11:01:13.834 12507 25589 I System.out: ROUTE : 
06-28 11:01:13.837 12507 25589 I net.osmand: RouteResultPreparation <test regions="" description="" best_percent="" vehicle="pedestrian" 
06-28 11:01:13.837 12507 25589 I net.osmand:   start_lat="-7.58920" start_lon="-37.54107" target_lat="-7.21848" target_lon="-35.88326"  routing_time="163076.03" loadedTiles="216" visitedSegments="22877" complete_distance="209465.64" complete_time="157096.08" >
06-28 11:01:13.838 12507 25589 I System.out: <test regions="" description="" best_percent="" vehicle="pedestrian" 
06-28 11:01:13.838 12507 25589 I System.out:   start_lat="-7.58920" start_lon="-37.54107" target_lat="-7.21848" target_lon="-35.88326"  routing_time="163076.03" loadedTiles="216" visitedSegments="22877" complete_distance="209465.64" complete_time="157096.08" >
06-28 11:01:13.838 12507 25589 I System.out: </test>
06-28 11:01:13.838 12507 25589 I System.out: <test regions="" description="" best_percent="" vehicle="pedestrian" 
06-28 11:01:13.838 12507 25589 I System.out:   start_lat="-7.58920" start_lon="-37.54107" target_lat="-7.21848" target_lon="-35.88326"  routing_time="163076.03" loadedTiles="216" visitedSegments="22877" complete_distance="209465.64" complete_time="157096.08" >
06-28 11:01:13.862 12507 25589 I net.osmand: RouteProvider Finding route contained 2050 points for 19316 ms
06-28 11:01:14.882  1402  1417 D hwcomposer: hw_composer sent 270 syncs in 74s
06-28 11:01:15.462 12507 12519 I zygote  : Background concurrent copying GC freed 247692(6MB) AllocSpace objects, 0(0B) LOS objects, 16% free, 29MB/35MB, paused 1.668ms total 394.943ms
06-28 11:01:17.400  1603  1735 I WifiService: acquireWifiLock uid=10014 lockMode=2
06-28 11:01:17.404  1603  1735 I ActivityManager: Killing 23125:android.process.acore/u0a2 (adj 906): empty #17
06-28 11:01:17.413  1603  1619 W zygote  : kill(-23125, 9) failed: No such process
06-28 11:01:17.459  1603  1619 W zygote  : kill(-23125, 9) failed: No such process
06-28 11:01:17.470  1603  1619 I zygote  : Successfully killed process cgroup uid 10002 pid 23125 in 46ms
06-28 11:01:17.546  1603  6334 I WifiService: releaseWifiLock uid=10014
06-28 11:01:18.321 12507 12519 I zygote  : Background concurrent copying GC freed 281922(6MB) AllocSpace objects, 0(0B) LOS objects, 16% free, 30MB/36MB, paused 931us total 279.176ms
06-28 11:01:20.619  1603  1620 I WifiService: requestActivityInfo uid=1000
06-28 11:01:20.620  1603  1620 I WifiService: reportActivityInfo uid=1000
06-28 11:01:20.620  1603  1620 I WifiService: getSupportedFeatures uid=1000
06-28 11:01:21.555 12507 12519 I zygote  : Background concurrent copying GC freed 300746(6MB) AllocSpace objects, 0(0B) LOS objects, 15% free, 32MB/38MB, paused 4.210ms total 557.355ms
06-28 11:01:22.010 19546 19546 I GeofencerStateMachine: sendNewTransitions called.
06-28 11:01:22.053 19546 19546 I GeofencerStateMachine: sendNewTransitions called.
06-28 11:01:22.067 19546 19546 I GeofencerStateMachine: sendNewLocationAvailability: availability=LocationAvailability[isLocationAvailable: true]
06-28 11:01:22.143 19546 19546 I GeofencerStateMachine: sendNewLocationAvailability: availability=LocationAvailability[isLocationAvailable: true]
06-28 11:01:24.297  1603  1620 I WifiService: requestActivityInfo uid=1000
06-28 11:01:24.297  1603  1620 I WifiService: reportActivityInfo uid=1000
06-28 11:01:24.297  1603  1620 I WifiService: getSupportedFeatures uid=1000
06-28 11:01:24.346 12507 12519 I zygote  : Background concurrent copying GC freed 386341(8MB) AllocSpace objects, 0(0B) LOS objects, 16% free, 30MB/36MB, paused 1.140ms total 408.841ms
06-28 11:01:26.869 12507 12519 I zygote  : Background concurrent copying GC freed 321955(7MB) AllocSpace objects, 0(0B) LOS objects, 16% free, 30MB/36MB, paused 1.130ms total 375.705ms
06-28 11:01:29.273 12507 12519 I zygote  : Background concurrent copying GC freed 322333(7MB) AllocSpace objects, 0(0B) LOS objects, 16% free, 31MB/37MB, paused 7.430ms total 344.271ms
06-28 11:01:29.639  1603  1616 E memtrack: Couldn't load memtrack module
06-28 11:01:29.639  1603  1616 W android.os.Debug: failed to get memory consumption info: -1
06-28 11:01:29.644  1603  1735 I WifiService: getConnectionInfo uid=10014
06-28 11:01:29.649 19546 24813 E WakeLock: GCM_HB_ALARM release without a matched acquire!
06-28 11:01:29.704  1603  1616 E memtrack: Couldn't load memtrack module
06-28 11:01:29.704  1603  1616 W android.os.Debug: failed to get memory consumption info: -1
06-28 11:01:29.770  1603  1616 E memtrack: Couldn't load memtrack module
06-28 11:01:29.771  1603  1616 W android.os.Debug: failed to get memory consumption info: -1
06-28 11:01:29.830  1603  1616 E memtrack: Couldn't load memtrack module
06-28 11:01:29.830  1603  1616 W android.os.Debug: failed to get memory consumption info: -1
06-28 11:01:29.894 19546 19705 I GeofencerStateMachine: addGeofences called by com.google.android.apps.maps
06-28 11:01:29.928  1603  1616 E memtrack: Couldn't load memtrack module
06-28 11:01:29.928  1603  1616 W android.os.Debug: failed to get memory consumption info: -1
06-28 11:01:29.953  1603  1638 I GnssLocationProvider: WakeLock acquired by sendMessage(SET_REQUEST, 0, com.android.server.location.GnssLocationProvider$GpsRequest@2d22eed)
06-28 11:01:30.034  1603  7712 I WifiService: getWifiEnabledState uid=10062
06-28 11:01:30.040  1603  7712 I GnssLocationProvider: WakeLock acquired by sendMessage(SET_REQUEST, 0, com.android.server.location.GnssLocationProvider$GpsRequest@845e7b3)
06-28 11:01:30.070  1603  1616 E memtrack: Couldn't load memtrack module
06-28 11:01:30.070  1603  1616 W android.os.Debug: failed to get memory consumption info: -1
06-28 11:01:30.133  1603  1616 E memtrack: Couldn't load memtrack module
06-28 11:01:30.133  1603  1616 W android.os.Debug: failed to get memory consumption info: -1
06-28 11:01:30.197  1603  1616 E memtrack: Couldn't load memtrack module
06-28 11:01:30.197  1603  1616 W android.os.Debug: failed to get memory consumption info: -1
06-28 11:01:30.205 19546 19605 W ResourceType: ResTable_typeSpec entry count inconsistent: given 15, previously 22
06-28 11:01:30.294  1603  1616 E memtrack: Couldn't load memtrack module
06-28 11:01:30.294  1603  1616 W android.os.Debug: failed to get memory consumption info: -1
06-28 11:01:30.374  1603  1616 I GnssLocationProvider: WakeLock released by handleMessage(SET_REQUEST, 0, com.android.server.location.GnssLocationProvider$GpsRequest@2d22eed)
06-28 11:01:30.380  1603  1616 I GnssLocationProvider: WakeLock released by handleMessage(SET_REQUEST, 0, com.android.server.location.GnssLocationProvider$GpsRequest@845e7b3)
06-28 11:01:32.297 12507 12519 I zygote  : Background concurrent copying GC freed 326534(7MB) AllocSpace objects, 0(0B) LOS objects, 16% free, 30MB/36MB, paused 1.705ms total 284.243ms
06-28 11:01:35.515 12507 12519 I zygote  : Background concurrent copying GC freed 304364(6MB) AllocSpace objects, 0(0B) LOS objects, 15% free, 32MB/38MB, paused 2.245ms total 476.229ms
06-28 11:01:36.268  1603  1612 I zygote  : Background concurrent copying GC freed 47369(2MB) AllocSpace objects, 6(312KB) LOS objects, 24% free, 18MB/24MB, paused 4.872ms total 264.408ms
06-28 11:01:37.413  1603  6334 I WifiService: acquireWifiLock uid=10014 lockMode=2
06-28 11:01:37.964 12507 12519 I zygote  : Background concurrent copying GC freed 382658(8MB) AllocSpace objects, 0(0B) LOS objects, 16% free, 29MB/35MB, paused 1.513ms total 258.778ms
06-28 11:01:40.392  1603  1638 D WificondControl: Scan result ready event
06-28 11:01:40.435  1603  1638 I WifiService: releaseWifiLock uid=10014
06-28 11:01:41.344 12507 12519 I zygote  : Background concurrent copying GC freed 279462(6MB) AllocSpace objects, 0(0B) LOS objects, 16% free, 31MB/37MB, paused 2.313ms total 346.280ms
06-28 11:01:43.311 12507 12519 I zygote  : Background concurrent copying GC freed 342028(7MB) AllocSpace objects, 0(0B) LOS objects, 16% free, 29MB/35MB, paused 3.081ms total 204.194ms
06-28 11:01:46.208 19546 19556 I zygote  : Background concurrent copying GC freed 156661(6MB) AllocSpace objects, 9(744KB) LOS objects, 39% free, 9MB/15MB, paused 966us total 212.363ms
06-28 11:01:46.393 12507 12519 I zygote  : Background concurrent copying GC freed 283033(6MB) AllocSpace objects, 0(0B) LOS objects, 16% free, 31MB/37MB, paused 3.648ms total 396.394ms
06-28 11:01:48.649 12507 12519 I zygote  : WaitForGcToComplete blocked Background on None for 18.106ms
06-28 11:01:48.904 12507 12519 I zygote  : Background concurrent copying GC freed 342702(7MB) AllocSpace objects, 0(0B) LOS objects, 16% free, 29MB/35MB, paused 4.728ms total 253.416ms
06-28 11:01:49.388 19546 24820 V NativeCrypto: Read error: ssl=0xae4aa5e8: I/O error during system call, Connection reset by peer
06-28 11:01:49.391 19546 24820 V NativeCrypto: SSL shutdown failed: ssl=0xae4aa5e8: I/O error during system call, Broken pipe
06-28 11:01:49.394 19546 24820 E WakeLock: GCM_HB_ALARM release without a matched acquire!
06-28 11:01:49.394 19546 24820 W WakeLock: GCM_HB_ALARM counter does not exist
06-28 11:01:49.397  1603  1681 D ConnectivityService: reportNetworkConnectivity(101, false) by 10014
06-28 11:01:49.399  1603  2399 D NetworkMonitor/NetworkAgentInfo [WIFI () - 101]: Forcing reevaluation for UID 10014
06-28 11:01:49.425  1603 25639 D NetworkMonitor/NetworkAgentInfo [WIFI () - 101]: PROBE_DNS connectivitycheck.gstatic.com 24ms OK 172.217.172.131,2800:3f0:4001:81a::2003
06-28 11:01:49.428  1603 25638 D NetworkMonitor/NetworkAgentInfo [WIFI () - 101]: PROBE_DNS www.google.com 25ms OK 172.217.28.228,2800:3f0:4001:801::2004
06-28 11:01:50.587  1409  1409 I boot-pipe: done populating /dev/random
06-28 11:01:51.279 12507 12519 I zygote  : Background concurrent copying GC freed 277988(6MB) AllocSpace objects, 0(0B) LOS objects, 16% free, 29MB/35MB, paused 2.687ms total 241.133ms
06-28 11:01:52.010 19546 19546 I GeofencerStateMachine: sendNewTransitions called.
06-28 11:01:52.414 19546 19605 W ResourceType: ResTable_typeSpec entry count inconsistent: given 15, previously 22
06-28 11:01:54.249 12507 12519 I zygote  : Background concurrent copying GC freed 289444(6MB) AllocSpace objects, 0(0B) LOS objects, 16% free, 30MB/36MB, paused 1.078ms total 238.898ms
06-28 11:01:56.275 12507 12519 I zygote  : Background concurrent copying GC freed 315796(6MB) AllocSpace objects, 0(0B) LOS objects, 16% free, 29MB/35MB, paused 1.442ms total 187.769ms
06-28 11:01:58.433  1603  6334 I WifiService: acquireWifiLock uid=10014 lockMode=2
06-28 11:01:58.476  1603  6824 I WifiService: releaseWifiLock uid=10014
06-28 11:01:59.679 12507 12519 I zygote  : Background concurrent copying GC freed 268466(5MB) AllocSpace objects, 0(0B) LOS objects, 16% free, 30MB/36MB, paused 1.555ms total 263.427ms
06-28 11:02:00.034  1603  1616 E memtrack: Couldn't load memtrack module
06-28 11:02:00.034  1603  1616 W android.os.Debug: failed to get memory consumption info: -1
06-28 11:02:01.383  1603  6824 D WificondControl: Scan result ready event
06-28 11:02:02.172 12507 12519 I zygote  : Background concurrent copying GC freed 316196(7MB) AllocSpace objects, 0(0B) LOS objects, 16% free, 31MB/37MB, paused 3.153ms total 289.956ms
06-28 11:02:02.276  1603  2399 D NetworkMonitor/NetworkAgentInfo [WIFI () - 101]: PROBE_FALLBACK http://www.google.com/gen_204 time=9873ms ret=204 request={User-Agent=[Mozilla/5.0 (X11; Linux x86_64) AppleWebKit/537.36 (KHTML, like Gecko) Chrome/60.0.3112.32 Safari/537.36]} headers={null=[HTTP/1.1 204 No Content], Content-Length=[0], Content-Type=[text/html; charset=UTF-8], Date=[Fri, 28 Jun 2019 15:02:01 GMT], P3P=[CP="This is not a P3P policy! See g.co/p3phelp for more info."], Server=[gws], Set-Cookie=[1P_JAR=2019-06-28-15; expires=Sun, 28-Jul-2019 15:02:01 GMT; path=/; domain=.google.com, NID=186=fqndR6heuGYAsJNg3GozHOq4oPacq2yHKYlDUdwN5napI_D91Of-ZHu45POHX3kwsliKB6RpQziDw-lYn_LKyxZ4ypxG__AIQVQMOiYeRE05Cq7YQarcaHp7QXxxKmlwBAQqtygOxqkTzNFVOmr3K5yc0gTcZtR5S-cXnVR_Y94; expires=Sat, 28-Dec-2019 15:02:01 GMT; path=/; domain=.google.com; HttpOnly], X-Android-Received-Millis=[1561734122276], X-Android-Response-Source=[NETWORK 204], X-Android-Selected-Protocol=[http/1.1], X-Android-Sent-Millis=[1561734120905], X-Frame-Options=[SAMEORIGIN], X-XSS-Protection=[0]}
06-28 11:02:05.268 12507 12519 I zygote  : Background concurrent copying GC freed 320938(7MB) AllocSpace objects, 0(0B) LOS objects, 16% free, 30MB/36MB, paused 1.339ms total 251.421ms
06-28 11:02:07.274 12507 12519 I zygote  : Background concurrent copying GC freed 309474(6MB) AllocSpace objects, 0(0B) LOS objects, 16% free, 30MB/36MB, paused 1.703ms total 223.062ms
06-28 11:02:07.282  1603  1616 E memtrack: Couldn't load memtrack module
06-28 11:02:07.283  1603  1616 W android.os.Debug: failed to get memory consumption info: -1
06-28 11:02:09.457  1603 25638 D NetworkMonitor/NetworkAgentInfo [WIFI () - 101]: PROBE_HTTPS https://www.google.com/generate_204 Probe failed with exception java.net.SocketTimeoutException: failed to connect to www.google.com/2800:3f0:4001:801::2004 (port 443) from /fec0::ad77:da2d:1b12:7b64 (port 40515) after 10000ms
06-28 11:02:09.457  1603 25639 D NetworkMonitor/NetworkAgentInfo [WIFI () - 101]: PROBE_HTTP http://connectivitycheck.gstatic.com/generate_204 Probe failed with exception java.net.SocketTimeoutException: failed to connect to connectivitycheck.gstatic.com/2800:3f0:4001:81a::2003 (port 80) from /fec0::ad77:da2d:1b12:7b64 (port 45327) after 10000ms
06-28 11:02:09.459  1603  1681 D ConnectivityService: NetworkAgentInfo [WIFI () - 101] validation failed
06-28 11:02:09.466  1603  1681 D ConnectivityService: Switching to new default network: NetworkAgentInfo{ ni{[type: MOBILE[GPRS], state: CONNECTED/CONNECTED, reason: (unspecified), extra: epc.tmobile.com, failover: false, available: true, roaming: false]}  network{100}  nethandle{429513165534}  lp{{InterfaceName: radio0 LinkAddresses: [192.168.200.2/24,]  Routes: [0.0.0.0/0 -> 192.168.200.1 radio0,192.168.200.0/24 -> 0.0.0.0 radio0,] DnsAddresses: [10.0.2.3,] Domains: null MTU: 1500 TcpBufferSizes: 4092,8760,48000,4096,8760,48000}}  nc{[ Transports: CELLULAR Capabilities: MMS&SUPL&DUN&FOTA&IMS&CBS&IA&INTERNET&NOT_RESTRICTED&TRUSTED&NOT_VPN&VALIDATED LinkUpBandwidth>=80Kbps LinkDnBandwidth>=80Kbps Specifier: <1>]}  Score{50}  everValidated{true}  lastValidated{true}  created{true} lingering{false} explicitlySelected{false} acceptUnvalidated{false} everCaptivePortalDetected{false} lastCaptivePortalDetected{false} clat{null} }
06-28 11:02:09.504  1603  1839 D NetworkTimeUpdateService: New default network 100; checking time.
06-28 11:02:09.512  1603  1681 D ConnectivityService: Sending DISCONNECTED broadcast for type 1 NetworkAgentInfo [WIFI () - 101] isDefaultNetwork=true
06-28 11:02:09.513  1603  1681 D ConnectivityService: Sending CONNECTED broadcast for type 0 NetworkAgentInfo [MOBILE (GPRS) - 100] isDefaultNetwork=true
06-28 11:02:09.531 19782 19800 I DeviceStatusMonitor: NetworkCallback#onAvailable(): 100
06-28 11:02:09.566  1603  1677 D WifiStateMachine: NETWORK_STATUS_UNWANTED_VALIDATION_FAILED
06-28 11:02:09.566  1603  1674 I WifiService: getConnectionInfo uid=1000
06-28 11:02:09.567  1603  1681 D ConnectivityService: handleNetworkUnvalidated NetworkAgentInfo [WIFI () - 101] cap=[ Transports: WIFI Capabilities: NOT_METERED&INTERNET&NOT_RESTRICTED&TRUSTED&NOT_VPN&FOREGROUND LinkUpBandwidth>=1048576Kbps LinkDnBandwidth>=1048576Kbps SignalStrength: -50]
06-28 11:02:09.581  1603  1674 D RecurrenceRule: Resolving using anchor 2019-06-28T15:02:09.580Z[GMT]
06-28 11:02:09.583  1603  1674 D RecurrenceRule: Resolving using anchor 2019-06-28T15:02:09.582Z[GMT]
06-28 11:02:09.585  1603  1674 D RecurrenceRule: Cycle 17 from 2019-06-09T00:00Z[GMT] to 2019-07-09T00:00Z[GMT]
06-28 11:02:09.585  1603  1674 D NetworkStats: Resolving plan for NetworkTemplate: matchRule=MOBILE_ALL, subscriberId=310260..., matchSubscriberIds=[310260...]
06-28 11:02:09.591  1603  1674 D NetworkStats: Found active matching subId 1
06-28 11:02:09.610  1603  1674 D NetworkStats: Resolved to plan null
06-28 11:02:09.625 19782 19782 I DeviceStatusMonitor: getCurrentNetworkState(): activeNetwork = 100,  newState = METERED
06-28 11:02:09.635 19782 19782 I HWRSuperpacksManager: onNetworkAvailable
06-28 11:02:09.637 19782 19782 I NetworkInfo: onNetworkAvailable: networkState = METERED
06-28 11:02:09.638 19782 19782 I NetworkInfo: onNetworkAvailable: networkState = METERED
06-28 11:02:09.649 19782 25652 I NetworkInfo: onNetworkAvailable: networkState = METERED
06-28 11:02:09.728  1603  1674 I WifiService: getConnectionInfo uid=1000
06-28 11:02:09.747  1603  1674 D RecurrenceRule: Resolving using anchor 2019-06-28T15:02:09.747Z[GMT]
06-28 11:02:09.753  1603  1674 D RecurrenceRule: Resolving using anchor 2019-06-28T15:02:09.752Z[GMT]
06-28 11:02:09.758  1603  1674 D RecurrenceRule: Cycle 17 from 2019-06-09T00:00Z[GMT] to 2019-07-09T00:00Z[GMT]
06-28 11:02:09.758  1603  1674 D NetworkStats: Resolving plan for NetworkTemplate: matchRule=MOBILE_ALL, subscriberId=310260..., matchSubscriberIds=[310260...]
06-28 11:02:09.764  1603  1674 D NetworkStats: Found active matching subId 1
06-28 11:02:09.776  1603  1674 D NetworkStats: Resolved to plan null
06-28 11:02:09.910 19546 19604 I GeofencerStateMachine: addGeofences called by com.google.android.apps.maps
06-28 11:02:10.438 12507 12519 I zygote  : Background concurrent copying GC freed 317547(7MB) AllocSpace objects, 0(0B) LOS objects, 15% free, 31MB/37MB, paused 1.980ms total 428.381ms
06-28 11:02:10.466  1603 25663 D NetworkMonitor/NetworkAgentInfo [WIFI () - 101]: PROBE_DNS www.google.com 2ms OK 172.217.28.228,2800:3f0:4001:801::2004
06-28 11:02:10.472  1603 25664 D NetworkMonitor/NetworkAgentInfo [WIFI () - 101]: PROBE_DNS connectivitycheck.gstatic.com 7ms OK 172.217.172.131,2800:3f0:4001:81a::2003
06-28 11:02:11.780 19546 25661 W WakeLock: GCM_CONN_ALARM counter does not exist
06-28 11:02:12.908 12507 12519 I zygote  : Background concurrent copying GC freed 363623(8MB) AllocSpace objects, 0(0B) LOS objects, 16% free, 29MB/35MB, paused 1.061ms total 206.932ms
06-28 11:02:13.912  1402  1417 D hwcomposer: hw_composer sent 273 syncs in 60s
06-28 11:02:15.459  1603 25664 D NetworkMonitor/NetworkAgentInfo [WIFI () - 101]: PROBE_HTTP http://connectivitycheck.gstatic.com/generate_204 time=4986ms ret=204 request={User-Agent=[Mozilla/5.0 (X11; Linux x86_64) AppleWebKit/537.36 (KHTML, like Gecko) Chrome/60.0.3112.32 Safari/537.36]} headers={null=[HTTP/1.1 204 No Content], Content-Length=[0], Date=[Fri, 28 Jun 2019 15:02:12 GMT], X-Android-Received-Millis=[1561734135459], X-Android-Response-Source=[NETWORK 204], X-Android-Selected-Protocol=[http/1.1], X-Android-Sent-Millis=[1561734132107]}
06-28 11:02:15.897 19546 25654 E WakeLock: GCM_HB_ALARM release without a matched acquire!
06-28 11:02:15.897 19546 25654 W WakeLock: GCM_HB_ALARM counter does not exist
06-28 11:02:16.383 12507 12519 I zygote  : Background concurrent copying GC freed 277071(6MB) AllocSpace objects, 0(0B) LOS objects, 16% free, 31MB/37MB, paused 944us total 356.813ms
06-28 11:02:18.444  1603  6824 I WifiService: acquireWifiLock uid=10014 lockMode=2
06-28 11:02:18.504  1603  7712 I WifiService: releaseWifiLock uid=10014
06-28 11:02:18.931  1603  1612 I zygote  : Background concurrent copying GC freed 66979(3MB) AllocSpace objects, 0(0B) LOS objects, 24% free, 18MB/24MB, paused 1.952ms total 243.680ms
06-28 11:02:18.967 12507 12519 I zygote  : Background concurrent copying GC freed 340760(7MB) AllocSpace objects, 0(0B) LOS objects, 16% free, 30MB/36MB, paused 1.131ms total 263.779ms
06-28 11:02:19.255  1603  2399 D NetworkMonitor/NetworkAgentInfo [WIFI () - 101]: PROBE_FALLBACK http://play.googleapis.com/generate_204 time=5791ms ret=204 request={User-Agent=[Mozilla/5.0 (X11; Linux x86_64) AppleWebKit/537.36 (KHTML, like Gecko) Chrome/60.0.3112.32 Safari/537.36]} headers={null=[HTTP/1.1 204 No Content], Content-Length=[0], Date=[Fri, 28 Jun 2019 15:02:18 GMT], X-Android-Received-Millis=[1561734139255], X-Android-Response-Source=[NETWORK 204], X-Android-Selected-Protocol=[http/1.1], X-Android-Sent-Millis=[1561734137436]}
06-28 11:02:20.209 19546 25668 W WakeLock: GCM_CONN_ALARM counter does not exist
06-28 11:02:21.399 12507 12519 I zygote  : Background concurrent copying GC freed 302590(6MB) AllocSpace objects, 0(0B) LOS objects, 16% free, 30MB/36MB, paused 1.327ms total 273.311ms
06-28 11:02:21.464  1603 25663 D NetworkMonitor/NetworkAgentInfo [WIFI () - 101]: PROBE_HTTPS https://www.google.com/generate_204 Probe failed with exception java.io.IOException: unexpected end of stream on com.android.okhttp.Address@c53a265a
06-28 11:02:21.466  1603  1681 D ConnectivityService: NetworkAgentInfo [WIFI () - 101] validation failed
06-28 11:02:21.467  1603  1677 D WifiStateMachine: NETWORK_STATUS_UNWANTED_VALIDATION_FAILED
06-28 11:02:22.028 19546 19546 I GeofencerStateMachine: sendNewTransitions called.
06-28 11:02:23.506  1603 25669 D NetworkMonitor/NetworkAgentInfo [WIFI () - 101]: PROBE_DNS www.google.com 23ms OK 172.217.28.228,2800:3f0:4001:801::2004
06-28 11:02:23.506  1603 25670 D NetworkMonitor/NetworkAgentInfo [WIFI () - 101]: PROBE_DNS connectivitycheck.gstatic.com 29ms OK 172.217.172.131,2800:3f0:4001:81a::2003
06-28 11:02:23.875 12507 12519 I zygote  : Background concurrent copying GC freed 322902(7MB) AllocSpace objects, 0(0B) LOS objects, 16% free, 30MB/36MB, paused 980us total 263.793ms
06-28 11:02:23.943  1603 25670 D NetworkMonitor/NetworkAgentInfo [WIFI () - 101]: PROBE_HTTP http://connectivitycheck.gstatic.com/generate_204 time=436ms ret=204 request={User-Agent=[Mozilla/5.0 (X11; Linux x86_64) AppleWebKit/537.36 (KHTML, like Gecko) Chrome/60.0.3112.32 Safari/537.36]} headers={null=[HTTP/1.1 204 No Content], Content-Length=[0], Date=[Fri, 28 Jun 2019 15:02:23 GMT], X-Android-Received-Millis=[1561734143943], X-Android-Response-Source=[NETWORK 204], X-Android-Selected-Protocol=[http/1.1], X-Android-Sent-Millis=[1561734143507]}
06-28 11:02:26.265 12507 12519 I zygote  : Background concurrent copying GC freed 299174(6MB) AllocSpace objects, 0(0B) LOS objects, 16% free, 30MB/36MB, paused 1.582ms total 221.998ms
06-28 11:02:29.289 12507 12519 I zygote  : Background concurrent copying GC freed 296739(6MB) AllocSpace objects, 0(0B) LOS objects, 16% free, 30MB/36MB, paused 1.732ms total 255.016ms
06-28 11:02:29.353  1603  2399 D NetworkMonitor/NetworkAgentInfo [WIFI () - 101]: PROBE_FALLBACK http://www.google.com/gen_204 time=2875ms ret=204 request={User-Agent=[Mozilla/5.0 (X11; Linux x86_64) AppleWebKit/537.36 (KHTML, like Gecko) Chrome/60.0.3112.32 Safari/537.36]} headers={null=[HTTP/1.1 204 No Content], Content-Length=[0], Content-Type=[text/html; charset=UTF-8], Date=[Fri, 28 Jun 2019 15:02:26 GMT], P3P=[CP="This is not a P3P policy! See g.co/p3phelp for more info."], Server=[gws], Set-Cookie=[1P_JAR=2019-06-28-15; expires=Sun, 28-Jul-2019 15:02:26 GMT; path=/; domain=.google.com, NID=186=EZX9wuMBzd59IkIWZyuNnxOHmlKng1KEZcVh5yzgAeUEhIoGCsKOvUDwy0ZcIGnYn6H5SXyaAqSo3BnJDSZAS1d4StfMIDTI-r6Gca_ax1zTTdnJFZq3QtM6otyBrfTEFDjOuUSPLSscbTnd6rsX7XiP2rDJcqOwIxhRMHdVTqI; expires=Sat, 28-Dec-2019 15:02:26 GMT; path=/; domain=.google.com; HttpOnly], X-Android-Received-Millis=[1561734149352], X-Android-Response-Source=[NETWORK 204], X-Android-Selected-Protocol=[http/1.1], X-Android-Sent-Millis=[1561734146478], X-Frame-Options=[SAMEORIGIN], X-XSS-Protection=[0]}
06-28 11:02:30.238  1603  1620 E BatteryExternalStatsWorker: modem info is invalid: ModemActivityInfo{ mTimestamp=0 mSleepTimeMs=0 mIdleTimeMs=0 mTxTimeMs[]=[0, 0, 0, 0, 0] mRxTimeMs=0 mEnergyUsed=0}
06-28 11:02:30.680  1603 25669 D NetworkMonitor/NetworkAgentInfo [WIFI () - 101]: PROBE_HTTPS https://www.google.com/generate_204 time=7171ms ret=204 request={User-Agent=[Mozilla/5.0 (X11; Linux x86_64) AppleWebKit/537.36 (KHTML, like Gecko) Chrome/60.0.3112.32 Safari/537.36]} headers={null=[HTTP/1.1 204 No Content], Alt-Svc=[quic=":443"; ma=2592000; v="46,44,43,39"], Content-Length=[0], Date=[Fri, 28 Jun 2019 15:02:29 GMT], X-Android-Received-Millis=[1561734150680], X-Android-Response-Source=[NETWORK 204], X-Android-Selected-Protocol=[http/1.1], X-Android-Sent-Millis=[1561734147689]}
06-28 11:02:30.682  1603  1681 D ConnectivityService: NetworkAgentInfo [WIFI () - 101] validation passed
06-28 11:02:30.684  1603  1681 D ConnectivityService: Switching to new default network: NetworkAgentInfo{ ni{[type: WIFI[], state: CONNECTED/CONNECTED, reason: (unspecified), extra: "AndroidWifi", failover: false, available: true, roaming: false]}  network{101}  nethandle{433808132830}  lp{{InterfaceName: wlan0 LinkAddresses: [fe80::ff:fe44:5566/64,192.168.232.2/21,fec0::ff:fe44:5566/64,fec0::ad77:da2d:1b12:7b64/64,]  Routes: [fe80::/64 -> :: wlan0,::/0 -> fe80::ff:fe00:100 wlan0,fec0::/64 -> :: wlan0,192.168.232.0/21 -> 0.0.0.0 wlan0,0.0.0.0/0 -> 192.168.232.1 wlan0,] DnsAddresses: [10.0.2.3,] Domains: null MTU: 0 TcpBufferSizes: 524288,1048576,2097152,262144,524288,1048576}}  nc{[ Transports: WIFI Capabilities: NOT_METERED&INTERNET&NOT_RESTRICTED&TRUSTED&NOT_VPN&VALIDATED&FOREGROUND LinkUpBandwidth>=1048576Kbps LinkDnBandwidth>=1048576Kbps SignalStrength: -50]}  Score{60}  everValidated{true}  lastValidated{true}  created{true} lingering{false} explicitlySelected{false} acceptUnvalidated{false} everCaptivePortalDetected{false} lastCaptivePortalDetected{false} clat{null} }
06-28 11:02:30.693  1603  1839 D NetworkTimeUpdateService: New default network 101; checking time.
06-28 11:02:30.698 19782 19800 I DeviceStatusMonitor: NetworkCallback#onAvailable(): 101
06-28 11:02:30.699 19782 19782 I DeviceStatusMonitor: getCurrentNetworkState(): activeNetwork = 101,  newState = NON_METERED
06-28 11:02:30.699 19782 19782 I HWRSuperpacksManager: onNetworkAvailable
06-28 11:02:30.700 19782 19782 I NetworkInfo: onNetworkAvailable: networkState = NON_METERED
06-28 11:02:30.700  1603  1681 D ConnectivityService: Lingering NetworkAgentInfo [MOBILE (GPRS) - 100] for 30000ms
06-28 11:02:30.700 19782 19782 I NetworkInfo: onNetworkAvailable: networkState = NON_METERED
06-28 11:02:30.701 19782 25652 I NetworkInfo: onNetworkAvailable: networkState = NON_METERED
06-28 11:02:30.712  1603  1681 D ConnectivityService: Sending DISCONNECTED broadcast for type 0 NetworkAgentInfo [MOBILE (GPRS) - 100] isDefaultNetwork=true
06-28 11:02:30.713  1603  1681 D ConnectivityService: Sending CONNECTED broadcast for type 1 NetworkAgentInfo [WIFI () - 101] isDefaultNetwork=true
06-28 11:02:30.726  1603  1674 I WifiService: getConnectionInfo uid=1000
06-28 11:02:30.732  1603  1674 D RecurrenceRule: Resolving using anchor 2019-06-28T15:02:30.730Z[GMT]
06-28 11:02:30.738  1603  1674 D RecurrenceRule: Resolving using anchor 2019-06-28T15:02:30.736Z[GMT]
06-28 11:02:30.744  1603  1674 D RecurrenceRule: Cycle 17 from 2019-06-09T00:00Z[GMT] to 2019-07-09T00:00Z[GMT]
06-28 11:02:30.744  1603  1674 D NetworkStats: Resolving plan for NetworkTemplate: matchRule=MOBILE_ALL, subscriberId=310260..., matchSubscriberIds=[310260...]
06-28 11:02:30.746  1603  1674 D NetworkStats: Found active matching subId 1
06-28 11:02:30.757  1603  1674 D NetworkStats: Resolved to plan null
