06-28 10:35:51.820 24500 24557 E Unity   : 
06-28 10:35:51.828 19569 19569 I zygote  : Deoptimizing void qmj.a(java.lang.Throwable, aeys) due to JIT inline cache
06-28 10:35:51.901 12507 12507 I net.osmand: RoutingHelper Recalculate route, because correlation  : 56128.159849497955
06-28 10:35:51.901 12507 12507 I net.osmand: RoutingHelper Recalculate route, because wrong movement direction: 56128.16
06-28 10:35:51.928 24597 24620 E libRealRacing3: OnAgeComplianceRefreshed: error during refresh; we have not refreshed age compliance
06-28 10:35:51.959 12507 12507 I net.osmand: RoutingHelper Recalculate route, because correlation  : 56128.159849497955
06-28 10:35:52.048  1393  3231 W audio_hw_generic: Not supplying enough data to HAL, expected position 122846097 , only wrote 122845680
06-28 10:35:52.058  1475  1571 D AudioFlinger: mixer(0xaa803cc0) throttle end: throttle time(3)
06-28 10:35:52.302 12507 12507 I net.osmand: RoutingHelper Recalculate route, because correlation  : 56128.159849497955
06-28 10:35:52.336 12507 12507 I net.osmand: RoutingHelper Recalculate route, because correlation  : 56128.159849497955
06-28 10:35:52.336 12507 12507 I net.osmand: RoutingHelper Recalculate route, because wrong movement direction: 56128.16
06-28 10:35:52.359 19569 23640 W GamesServiceBroker: Client connected with SDK 12451000, Services 17785022, and Games 103270070
06-28 10:35:52.387 19569 23640 I zygote  : Deoptimizing boolean aand.onTransact(int, android.os.Parcel, android.os.Parcel, int) due to JIT inline cache
06-28 10:35:52.489 24285 24285 D Prime31 : rewardBasedAd: onRewardedVideoAdFailedToLoad
06-28 10:35:52.497 24285 24285 I Ads     : Ad failed to load : 2
06-28 10:35:52.588 19569 20242 W GamesServiceBroker: Client connected with SDK 17668000, Services 17785022, and Games 103270070
06-28 10:35:52.861 12507 12507 I net.osmand: RoutingHelper Recalculate route, because correlation  : 56128.159849497955
06-28 10:35:52.871 19546 19546 W SystemServiceRegistry: No service published for: persistent_data_block
06-28 10:35:52.876 19569 20242 W GamesServiceBroker: Client connected with SDK 17668000, Services 17785022, and Games 103270070
06-28 10:35:52.886 12507 12507 I net.osmand: RoutingHelper Recalculate route, because correlation  : 56128.159849497955
06-28 10:35:52.886 12507 12507 I net.osmand: RoutingHelper Recalculate route, because wrong movement direction: 56128.16
06-28 10:35:52.956 19569 22674 W GamesServiceBroker: Client connected with SDK 17668000, Services 17785022, and Games 103270070
06-28 10:35:52.967 19569 19569 I zygote  : Deoptimizing java.lang.Object we.put(java.lang.Object, java.lang.Object) due to JIT inline cache
06-28 10:35:53.036 19546 19546 W ChimeraUtils: Non Chimera context
06-28 10:35:53.036 19546 19546 W ChimeraUtils: Non Chimera context
06-28 10:35:53.060 24671 24671 W app_process: Unexpected CPU variant for X86 using defaults: x86
06-28 10:35:53.140 12507 12507 I net.osmand: RoutingHelper Recalculate route, because correlation  : 56128.159849497955
06-28 10:35:53.159 24597 24623 E CC Error: CC: AssetManager::CallbackAssetUpdatesSync() : ERROR! Assets Update sync failed!
06-28 10:35:53.211 12507 12507 I net.osmand: RoutingHelper Recalculate route, because correlation  : 56128.159849497955
06-28 10:35:53.213 12507 12507 I net.osmand: RoutingHelper Recalculate route, because wrong movement direction: 56128.16
06-28 10:35:53.307 12507 12507 I net.osmand: RoutingHelper Recalculate route, because correlation  : 56128.159849497955
06-28 10:35:53.307 12507 12507 I net.osmand: RoutingHelper Recalculate route, because wrong movement direction: 56128.16
06-28 10:35:53.329 24671 24671 I app_process: The ClassLoaderContext is a special shared library.
06-28 10:35:53.342 24285 24285 D Prime31 : onFailedToReceiveAd. errorCode: 0
06-28 10:35:53.344 24285 24285 D Prime31 : ERROR_CODE_INTERNAL_ERROR
06-28 10:35:53.344 24285 24285 I Ads     : Ad failed to load : 0
06-28 10:35:53.407 12507 12507 I net.osmand: RoutingHelper Recalculate route, because correlation  : 56128.159849497955
06-28 10:35:53.529 24597 24623 W CC Warning: CC: AssetManager::LoadAssetList() : Asset List not found - asset_list_updates.txt
06-28 10:35:53.568 24285 24345 I UnityAds: com.unity3d.services.core.configuration.InitializeThread$InitializeStateConfig.execute() (line:191) :: Unity Ads init: load configuration from https://config.unityads.unity3d.com/webview/3.0.3/release/config.json
06-28 10:35:53.754 12507 12507 I net.osmand: RoutingHelper Recalculate route, because correlation  : 56128.159849497955
06-28 10:35:53.761  1409  1409 I boot-pipe: done populating /dev/random
06-28 10:35:53.782 12507 12507 I net.osmand: RoutingHelper Recalculate route, because correlation  : 56128.159849497955
06-28 10:35:53.782 12507 12507 I net.osmand: RoutingHelper Recalculate route, because wrong movement direction: 56128.16
06-28 10:35:53.880 12507 12507 I net.osmand: RoutingHelper Recalculate route, because correlation  : 56128.159849497955
06-28 10:35:53.897 12507 12507 I net.osmand: RoutingHelper Recalculate route, because correlation  : 56128.159849497955
06-28 10:35:53.897 12507 12507 I net.osmand: RoutingHelper Recalculate route, because wrong movement direction: 56128.16
06-28 10:35:54.406 24671 24671 D AndroidRuntime: Calling main entry com.android.commands.input.Input
06-28 10:35:54.425 24671 24671 I Input   : injectKeyEvent: KeyEvent { action=ACTION_DOWN, keyCode=KEYCODE_HOME, scanCode=0, metaState=0, flags=0x0, repeatCount=0, eventTime=12725308, downTime=12725308, deviceId=-1, source=0x101 }
06-28 10:35:54.472  1393  3231 W audio_hw_generic: Not supplying enough data to HAL, expected position 122962008 , only wrote 122961600
06-28 10:35:54.487  1393  3231 W audio_hw_generic: Not supplying enough data to HAL, expected position 122962329 , only wrote 122962320
06-28 10:35:54.545 24671 24671 I Input   : injectKeyEvent: KeyEvent { action=ACTION_UP, keyCode=KEYCODE_HOME, scanCode=0, metaState=0, flags=0x0, repeatCount=0, eventTime=12725308, downTime=12725308, deviceId=-1, source=0x101 }
06-28 10:35:54.578  1603  1665 I ActivityManager: START u0 {act=android.intent.action.MAIN cat=[android.intent.category.HOME] flg=0x10200000 cmp=com.google.android.apps.nexuslauncher/.NexusLauncherActivity (has extras)} from uid 1000
06-28 10:35:54.606 24597 24597 I RealRacing3: onPause(): start
06-28 10:35:54.739  1401  6331 D gralloc_ranchu: gralloc_alloc: Creating ashmem region of size 8298496
06-28 10:35:54.835  1412  1412 E EGL_emulation: tid 1412: eglCreateSyncKHR(1962): error 0x3004 (EGL_BAD_ATTRIBUTE)
06-28 10:35:54.873  1603  1665 W LocalDisplayAdapter: Unable to find color mode 0, ignoring request.
06-28 10:35:54.880  1603  1665 I ActivityManager: Config changes=480 {1.0 310mcc260mnc [en_US] ldltr sw411dp w411dp h659dp 420dpi nrml port finger qwerty/v/v -nav/h appBounds=Rect(0, 0 - 1080, 1794) s.76}
06-28 10:35:54.901 12507 12507 I net.osmand: RoutingHelper Recalculate route, because correlation  : 56128.159849497955
06-28 10:35:54.981  1475  1571 D AudioFlinger: mixer(0xaa803cc0) throttle end: throttle time(6)
06-28 10:35:54.990  1603  1665 I ActivityManager: Override config changes=480 {1.0 310mcc260mnc [en_US] ldltr sw411dp w411dp h659dp 420dpi nrml port finger qwerty/v/v -nav/h appBounds=Rect(0, 0 - 1080, 1794) s.76} for displayId=0
06-28 10:35:54.992 12507 12507 I net.osmand: RoutingHelper Recalculate route, because correlation  : 56128.159849497955
06-28 10:35:54.992 12507 12507 I net.osmand: RoutingHelper Recalculate route, because wrong movement direction: 56128.16
06-28 10:35:55.065  1393  3231 W audio_hw_generic: Not supplying enough data to HAL, expected position 122990055 , only wrote 122989680
06-28 10:35:55.067  1393  3231 W audio_hw_generic: Not supplying enough data to HAL, expected position 122989791 , only wrote 122989680
06-28 10:35:55.132  1603  1665 I WindowManager: Failed to capture screenshot of Token{d95d96c ActivityRecord{e38921f u0 com.ea.games.r3_row/com.firemint.realracing.MainActivity t80}} appWin=Window{5cfaab8 u0 com.ea.games.r3_row/com.firemint.realracing.MainActivity} drawState=4
06-28 10:35:55.256  1393  3231 W audio_hw_generic: Not supplying enough data to HAL, expected position 122998739 , only wrote 122998320
06-28 10:35:55.275  1393  3231 W audio_hw_generic: Not supplying enough data to HAL, expected position 122999176 , only wrote 122999040
06-28 10:35:55.296  1393  3231 W audio_hw_generic: Hardware backing HAL too slow, could only write 0 of 720 frames
06-28 10:35:55.342  1393  3231 I chatty  : uid=1041(audioserver) writer identical 3 lines
06-28 10:35:55.417  1393  3231 W audio_hw_generic: Hardware backing HAL too slow, could only write 0 of 720 frames
06-28 10:35:55.472 24500 24591 I UnityAds: com.unity3d.ads.configuration.InitializeThread$InitializeStateConfig.execute() (line:214) :: Unity Ads init: load configuration from https://config.unityads.unity3d.com/webview/2.1.1/release/config.json
06-28 10:35:55.491  1393  3231 W audio_hw_generic: Hardware backing HAL too slow, could only write 0 of 720 frames
06-28 10:35:55.596  1393  3231 I chatty  : uid=1041(audioserver) writer identical 6 lines
06-28 10:35:55.612  1393  3231 W audio_hw_generic: Hardware backing HAL too slow, could only write 0 of 720 frames
06-28 10:35:55.667  1401  6331 D gralloc_ranchu: gralloc_alloc: Creating ashmem region of size 8298496
06-28 10:35:55.686  1393  3231 W audio_hw_generic: Hardware backing HAL too slow, could only write 0 of 720 frames
06-28 10:35:55.702  1393  3231 W audio_hw_generic: Hardware backing HAL too slow, could only write 0 of 720 frames
06-28 10:35:55.728  1401  6331 D gralloc_ranchu: gralloc_alloc: Creating ashmem region of size 8298496
06-28 10:35:55.729  1603  1618 W Looper  : Dispatch took 1082ms on android.ui, h=Handler (com.android.server.am.ActivityManagerService$UiHandler) {5717402} cb=null msg=31
06-28 10:35:55.773  1401  6331 D gralloc_ranchu: gralloc_alloc: Creating ashmem region of size 8298496
06-28 10:35:55.777  1393  3231 W audio_hw_generic: Hardware backing HAL too slow, could only write 0 of 720 frames
06-28 10:35:55.845  1603  1617 W ActivityManager: Activity pause timeout for ActivityRecord{e38921f u0 com.ea.games.r3_row/com.firemint.realracing.MainActivity t80}
06-28 10:35:55.837  1393  3231 I chatty  : uid=1041(audioserver) writer identical 4 lines
06-28 10:35:55.851  1393  3231 W audio_hw_generic: Hardware backing HAL too slow, could only write 0 of 720 frames
06-28 10:35:55.852 24597 24597 I RealRacing3: onPause(): glPause
06-28 10:35:55.869  1393  3231 W audio_hw_generic: Hardware backing HAL too slow, could only write 0 of 720 frames
06-28 10:35:55.972  1603  1618 W Looper  : Dispatch took 243ms on android.ui, h=Handler (com.android.server.am.ActivityManagerService$UiHandler) {5717402} cb=null msg=53
06-28 10:35:56.076  1393  3231 I chatty  : uid=1041(audioserver) writer identical 5 lines
06-28 10:35:56.122  1393  3231 W audio_hw_generic: Hardware backing HAL too slow, could only write 0 of 720 frames
06-28 10:35:56.129  1603  1666 I InputReader: Reconfiguring input devices.  changes=0x00000004
06-28 10:35:56.130  1603  1666 I InputReader: Device reconfigured: id=0, name='qwerty2', size 1080x1920, orientation 0, mode 1, display id 0
06-28 10:35:56.134  1708  1708 I Choreographer: Skipped 74 frames!  The application may be doing too much work on its main thread.
06-28 10:35:56.139  1393  3231 W audio_hw_generic: Hardware backing HAL too slow, could only write 0 of 720 frames
06-28 10:35:56.192  1603  1618 W Looper  : Dispatch took 172ms on android.ui, h=Handler (com.android.server.am.ActivityManagerService$UiHandler) {5717402} cb=null msg=53
06-28 10:35:56.182  1393  3231 I chatty  : uid=1041(audioserver) writer identical 3 lines
06-28 10:35:56.197  1393  3231 W audio_hw_generic: Hardware backing HAL too slow, could only write 0 of 720 frames
06-28 10:35:56.201  1412  1412 D SurfaceFlinger: duplicate layer name: changing com.google.android.apps.nexuslauncher/com.google.android.apps.nexuslauncher.NexusLauncherActivity to com.google.android.apps.nexuslauncher/com.google.android.apps.nexuslauncher.NexusLauncherActivity#1
06-28 10:35:56.211  1393  3231 W audio_hw_generic: Hardware backing HAL too slow, could only write 0 of 720 frames
06-28 10:35:56.227  1393  3231 I chatty  : uid=1041(audioserver) writer identical 1 line
06-28 10:35:56.242  1393  3231 W audio_hw_generic: Hardware backing HAL too slow, could only write 0 of 720 frames
06-28 10:35:56.251  1401  6331 D gralloc_ranchu: gralloc_alloc: Creating ashmem region of size 8298496
06-28 10:35:56.261  1393  3231 W audio_hw_generic: Hardware backing HAL too slow, could only write 0 of 720 frames
06-28 10:35:56.295  1393  3231 W audio_hw_generic: Hardware backing HAL too slow, could only write 0 of 720 frames
06-28 10:35:56.299  1393  3231 W audio_hw_generic: Not supplying enough data to HAL, expected position 123048234 , only wrote 123048000
06-28 10:35:56.300  1393  3231 W audio_hw_generic: Not supplying enough data to HAL, expected position 123048042 , only wrote 123048000
06-28 10:35:56.300  1393  3231 W audio_hw_generic: Hardware backing HAL too slow, could only write 0 of 720 frames
06-28 10:35:56.310  1401  1401 D gralloc_ranchu: gralloc_alloc: Creating ashmem region of size 8298496
06-28 10:35:56.315  1393  3231 W audio_hw_generic: Not supplying enough data to HAL, expected position 123048744 , only wrote 123048720
06-28 10:35:56.315  1393  3231 W audio_hw_generic: Hardware backing HAL too slow, could only write 0 of 720 frames
06-28 10:35:56.319  1393  3231 W audio_hw_generic: Hardware backing HAL too slow, could only write 0 of 720 frames
06-28 10:35:56.327  1475  1571 D AudioFlinger: mixer(0xaa803cc0) throttle end: throttle time(12)
06-28 10:35:56.334  1393  3231 W audio_hw_generic: Hardware backing HAL too slow, could only write 0 of 720 frames
06-28 10:35:56.350  1393  3231 I chatty  : uid=1041(audioserver) writer identical 1 line
06-28 10:35:56.365  1393  3231 W audio_hw_generic: Hardware backing HAL too slow, could only write 0 of 720 frames
06-28 10:35:56.367  1401  1401 D gralloc_ranchu: gralloc_alloc: Creating ashmem region of size 8298496
06-28 10:35:56.381  1393  3231 W audio_hw_generic: Hardware backing HAL too slow, could only write 0 of 720 frames
06-28 10:35:56.427  1393  3231 I chatty  : uid=1041(audioserver) writer identical 3 lines
06-28 10:35:56.441  1393  3231 W audio_hw_generic: Hardware backing HAL too slow, could only write 0 of 720 frames
06-28 10:35:56.684  1401  1401 D gralloc_ranchu: gralloc_alloc: Creating ashmem region of size 8298496
06-28 10:35:56.711  1393  3231 W audio_hw_generic: Hardware backing HAL too slow, could only write 0 of 720 frames
06-28 10:35:56.760  1393  3231 I chatty  : uid=1041(audioserver) writer identical 2 lines
06-28 10:35:56.792  1393  3231 W audio_hw_generic: Hardware backing HAL too slow, could only write 0 of 720 frames
06-28 10:35:56.795  1393  3231 W audio_hw_generic: Not supplying enough data to HAL, expected position 123071772 , only wrote 123071760
06-28 10:35:56.893  2548  2598 D EGL_emulation: eglMakeCurrent: 0xa6785780: ver 2 0 (tinfo 0xa6783370)
06-28 10:35:56.900  1475  1571 D AudioFlinger: mixer(0xaa803cc0) throttle end: throttle time(1)
06-28 10:35:56.988  1401  1401 D gralloc_ranchu: gralloc_alloc: Creating ashmem region of size 8298496
06-28 10:35:57.022  1393  3231 W audio_hw_generic: Not supplying enough data to HAL, expected position 123082631 , only wrote 123082560
06-28 10:35:57.029 22551 22551 I Choreographer: Skipped 70 frames!  The application may be doing too much work on its main thread.
06-28 10:35:57.038  1393  3231 W audio_hw_generic: Not supplying enough data to HAL, expected position 123083333 , only wrote 123083280
06-28 10:35:57.170  1401  1401 D gralloc_ranchu: gralloc_alloc: Creating ashmem region of size 8298496
06-28 10:35:57.172  1401  6331 D gralloc_ranchu: gralloc_alloc: Creating ashmem region of size 8298496
06-28 10:35:57.173  1603  1624 W WindowManager: Window freeze timeout expired.
06-28 10:35:57.173  1603  1624 W WindowManager: Force clearing orientation change: Window{c588c7b u0 NavigationBar}
06-28 10:35:57.173  1603  1624 W WindowManager: Force clearing orientation change: Window{3d4d499 u0 StatusBar}
06-28 10:35:57.173  1603  1624 W WindowManager: Force clearing orientation change: Window{67df49c u0 com.google.android.apps.nexuslauncher/com.google.android.apps.nexuslauncher.NexusLauncherActivity}
06-28 10:35:57.173  1603  1624 W WindowManager: Force clearing orientation change: Window{5cfaab8 u0 com.ea.games.r3_row/com.firemint.realracing.MainActivity}
06-28 10:35:57.174  1603  1624 W WindowManager: Force clearing orientation change: Window{880eb34 u0 com.android.systemui.ImageWallpaper}
06-28 10:35:57.224  1603  1624 W WindowManager: App freeze timeout expired.
06-28 10:35:57.272  1393  3231 W audio_hw_generic: Not supplying enough data to HAL, expected position 123094515 , only wrote 123094080
06-28 10:35:57.272  1393  3231 W audio_hw_generic: Not supplying enough data to HAL, expected position 123094092 , only wrote 123094080
06-28 10:35:57.288  1393  3231 W audio_hw_generic: Not supplying enough data to HAL, expected position 123094830 , only wrote 123094800
06-28 10:35:57.314  1475  1571 D AudioFlinger: mixer(0xaa803cc0) throttle end: throttle time(1)
06-28 10:35:57.382  1393  3231 W audio_hw_generic: Hardware backing HAL too slow, could only write 0 of 720 frames
06-28 10:35:57.398  1393  3231 I chatty  : uid=1041(audioserver) writer identical 1 line
06-28 10:35:57.413  1393  3231 W audio_hw_generic: Hardware backing HAL too slow, could only write 0 of 720 frames
06-28 10:35:57.420  2548  2598 W OpenGLRenderer: Incorrectly called buildLayer on View: ShortcutAndWidgetContainer, destroying layer...
06-28 10:35:57.420  2548  2598 W OpenGLRenderer: Incorrectly called buildLayer on View: ShortcutAndWidgetContainer, destroying layer...
06-28 10:35:57.442  1393  3231 W audio_hw_generic: Hardware backing HAL too slow, could only write 0 of 720 frames
06-28 10:35:57.509  1393  3231 W audio_hw_generic: Hardware backing HAL too slow, could only write 0 of 720 frames
06-28 10:35:57.511  1393  3231 W audio_hw_generic: Not supplying enough data to HAL, expected position 123105499 , only wrote 123104160
06-28 10:35:57.511  1393  3231 W audio_hw_generic: Not supplying enough data to HAL, expected position 123104172 , only wrote 123104160
06-28 10:35:57.511  1393  3231 W audio_hw_generic: Hardware backing HAL too slow, could only write 0 of 720 frames
06-28 10:35:57.537  1393  3231 W audio_hw_generic: Not supplying enough data to HAL, expected position 123105417 , only wrote 123104880
06-28 10:35:57.542  1475  1571 D AudioFlinger: mixer(0xaa803cc0) throttle end: throttle time(12)
06-28 10:35:57.719 22551 22593 D EGL_emulation: eglMakeCurrent: 0xa6785780: ver 2 0 (tinfo 0xa6783330)
06-28 10:35:57.721 12507 12507 I net.osmand: RoutingHelper Recalculate route, because correlation  : 56128.159849497955
06-28 10:35:57.721 12507 12507 I net.osmand: RoutingHelper Recalculate route, because wrong movement direction: 56128.16
06-28 10:35:57.741  1401  6331 D gralloc_ranchu: gralloc_alloc: Creating ashmem region of size 8298496
06-28 10:35:57.769  1401  1401 D gralloc_ranchu: gralloc_alloc: Creating ashmem region of size 544768
06-28 10:35:57.796  1603  1651 I WindowManager: Screen frozen for +3s117ms due to Window{c588c7b u0 NavigationBar}
06-28 10:35:57.820  1412  1412 D SurfaceFlinger: duplicate layer name: changing BlackSurface to BlackSurface#1
06-28 10:35:57.832  1708  1926 D EGL_emulation: eglMakeCurrent: 0x9268e860: ver 2 0 (tinfo 0x92690770)
06-28 10:35:57.843  1412  1412 D SurfaceFlinger: duplicate layer name: changing BlackSurface to BlackSurface#2
06-28 10:35:57.861  1401  6331 D gralloc_ranchu: gralloc_alloc: Creating ashmem region of size 544768
06-28 10:35:57.881 24671 24671 D AndroidRuntime: Shutting down VM
06-28 10:35:58.045  1393  3231 W audio_hw_generic: Hardware backing HAL too slow, could only write 0 of 720 frames
06-28 10:35:58.058  1393  3231 I chatty  : uid=1041(audioserver) writer identical 1 line
06-28 10:35:58.083  1393  3231 W audio_hw_generic: Hardware backing HAL too slow, could only write 0 of 720 frames
06-28 10:35:58.093  1393  3231 W audio_hw_generic: Not supplying enough data to HAL, expected position 123131531 , only wrote 123131520
06-28 10:35:58.093  1393  3231 W audio_hw_generic: Not supplying enough data to HAL, expected position 123131531 , only wrote 123131520
06-28 10:35:58.109  1393  3231 W audio_hw_generic: Not supplying enough data to HAL, expected position 123132308 , only wrote 123132240
06-28 10:35:58.133  1475  1571 D AudioFlinger: mixer(0xaa803cc0) throttle end: throttle time(5)
06-28 10:35:58.142  1393  3231 W audio_hw_generic: Hardware backing HAL too slow, could only write 0 of 720 frames
06-28 10:35:58.248  1393  3231 I chatty  : uid=1041(audioserver) writer identical 7 lines
06-28 10:35:58.264  1393  3231 W audio_hw_generic: Hardware backing HAL too slow, could only write 0 of 720 frames
06-28 10:35:58.310 12507 12507 I net.osmand: RoutingHelper Recalculate route, because correlation  : 56128.159849497955
06-28 10:35:58.310 12507 12507 I net.osmand: RoutingHelper Recalculate route, because wrong movement direction: 56128.16
06-28 10:35:58.311 12507 12507 I net.osmand: RoutingHelper Recalculate route, because correlation  : 56128.159849497955
06-28 10:35:58.312 12507 12507 I chatty  : uid=10104(net.osmand) identical 1 line
06-28 10:35:58.313 12507 12507 I net.osmand: RoutingHelper Recalculate route, because correlation  : 56128.159849497955
06-28 10:35:58.313 12507 12507 I net.osmand: RoutingHelper Recalculate route, because wrong movement direction: 56128.16
06-28 10:35:58.313 12507 12507 I net.osmand: RoutingHelper Recalculate route, because correlation  : 56128.159849497955
06-28 10:35:58.313 12507 12507 I net.osmand: RoutingHelper Recalculate route, because wrong movement direction: 56128.16
06-28 10:35:58.314 12507 12507 I net.osmand: RoutingHelper Recalculate route, because correlation  : 56128.159849497955
06-28 10:35:58.315 12507 12507 I net.osmand: RoutingHelper Recalculate route, because correlation  : 56128.159849497955
06-28 10:35:58.315 12507 12507 I net.osmand: RoutingHelper Recalculate route, because wrong movement direction: 56128.16
06-28 10:35:58.316 12507 12507 I net.osmand: RoutingHelper Recalculate route, because correlation  : 56128.159849497955
06-28 10:35:58.316 12507 12507 I net.osmand: RoutingHelper Recalculate route, because wrong movement direction: 56128.16
06-28 10:35:58.339  1393  3231 W audio_hw_generic: Hardware backing HAL too slow, could only write 0 of 720 frames
06-28 10:35:58.355  1393  3231 W audio_hw_generic: Hardware backing HAL too slow, could only write 0 of 720 frames
06-28 10:35:58.408 12507 12507 I net.osmand: RoutingHelper Recalculate route, because correlation  : 56128.159849497955
06-28 10:35:58.489 12507 12507 I chatty  : uid=10104(net.osmand) identical 1 line
06-28 10:35:58.517 12507 12507 I net.osmand: RoutingHelper Recalculate route, because correlation  : 56128.159849497955
06-28 10:35:58.517 12507 12507 I net.osmand: RoutingHelper Recalculate route, because wrong movement direction: 56128.16
06-28 10:35:58.799 19546 19546 I GeofencerStateMachine: sendNewTransitions called.
06-28 10:35:58.867 12507 12507 I net.osmand: RoutingHelper Recalculate route, because correlation  : 56128.159849497955
06-28 10:35:58.876 12507 12507 I net.osmand: RoutingHelper Recalculate route, because correlation  : 56128.159849497955
06-28 10:35:58.876 12507 12507 I net.osmand: RoutingHelper Recalculate route, because wrong movement direction: 56128.16
06-28 10:35:58.905 22551 22551 W ThreadPoolDumper: Queue length for executor EventBus is now 11. Perhaps some tasks are too long, or the pool is too small.
06-28 10:35:58.905 22551 22551 I Choreographer: Skipped 30 frames!  The application may be doing too much work on its main thread.
06-28 10:35:58.972  1393  3231 W audio_hw_generic: Not supplying enough data to HAL, expected position 123173646 , only wrote 123173280
06-28 10:35:58.973  1393  3231 W audio_hw_generic: Not supplying enough data to HAL, expected position 123173316 , only wrote 123173280
06-28 10:35:58.988  1393  3231 W audio_hw_generic: Not supplying enough data to HAL, expected position 123174028 , only wrote 123174000
06-28 10:35:58.995  1401  6331 D gralloc_ranchu: gralloc_alloc: Creating ashmem region of size 8298496
06-28 10:35:59.003  1475  1571 D AudioFlinger: mixer(0xaa803cc0) throttle end: throttle time(12)
06-28 10:35:59.028  1393  3231 W audio_hw_generic: Not supplying enough data to HAL, expected position 123175895 , only wrote 123175440
06-28 10:35:59.148  1393  3231 W audio_hw_generic: Not supplying enough data to HAL, expected position 123181215 , only wrote 123181200
06-28 10:35:59.149  1393  3231 W audio_hw_generic: Not supplying enough data to HAL, expected position 123181235 , only wrote 123181200
06-28 10:35:59.166  1393  3231 W audio_hw_generic: Not supplying enough data to HAL, expected position 123182035 , only wrote 123181920
06-28 10:35:59.228 22551 22596 W SessionLifecycleManager: Handover failed. Creating new session controller.
06-28 10:35:59.365  1393  3231 W audio_hw_generic: Not supplying enough data to HAL, expected position 123191442 , only wrote 123190560
06-28 10:35:59.366  1393  3231 W audio_hw_generic: Not supplying enough data to HAL, expected position 123190623 , only wrote 123190560
06-28 10:35:59.383  1393  3231 W audio_hw_generic: Not supplying enough data to HAL, expected position 123191367 , only wrote 123191280
06-28 10:35:59.384  1393  3231 W audio_hw_generic: Not supplying enough data to HAL, expected position 123191322 , only wrote 123191280
06-28 10:35:59.395  1475  1571 D AudioFlinger: mixer(0xaa803cc0) throttle end: throttle time(12)
06-28 10:35:59.399  1393  3231 W audio_hw_generic: Not supplying enough data to HAL, expected position 123192022 , only wrote 123192000
06-28 10:35:59.401 12507 12507 I net.osmand: RoutingHelper Recalculate route, because correlation  : 56128.159849497955
06-28 10:35:59.419  1708  1708 D EGL_emulation: eglCreateContext: 0x9304d680: maj 2 min 0 rcv 2
06-28 10:35:59.432  1708  1708 D EGL_emulation: eglMakeCurrent: 0x9304d680: ver 2 0 (tinfo 0x92183a80)
06-28 10:35:59.440  1401  6331 D gralloc_ranchu: gralloc_alloc: Creating ashmem region of size 8298496
06-28 10:35:59.447 12507 12507 I net.osmand: RoutingHelper Recalculate route, because correlation  : 56128.159849497955
06-28 10:35:59.458 12507 12507 I net.osmand: RoutingHelper Recalculate route, because wrong movement direction: 56128.16
06-28 10:35:59.473 19782 19782 I KeyboardViewUtil: systemKeyboardHeightRatio:1.000000; userKeyboardHeightRatio:1.000000.
06-28 10:35:59.485  1708  1708 D EGL_emulation: eglMakeCurrent: 0x9304d680: ver 2 0 (tinfo 0x92183a80)
06-28 10:35:59.508 12507 12507 I net.osmand: RoutingHelper Recalculate route, because correlation  : 56128.159849497955
06-28 10:35:59.512 12507 12507 I net.osmand: RoutingHelper Recalculate route, because correlation  : 56128.159849497955
06-28 10:35:59.512 12507 12507 I net.osmand: RoutingHelper Recalculate route, because wrong movement direction: 56128.16
06-28 10:35:59.622  1401  6331 D gralloc_ranchu: gralloc_alloc: Creating ashmem region of size 8298496
06-28 10:35:59.687 19782 19782 I DeviceStatusMonitor: onReceive() : Action = android.intent.action.CONFIGURATION_CHANGED
06-28 10:35:59.687 19782 19782 I ConfigNotification: Get device mode by ui mode:1 and smallestScreenWidthDp:411
06-28 10:35:59.689 19782 19782 I chatty  : uid=10060(com.google.android.inputmethod.latin) identical 2 lines
06-28 10:35:59.689 19782 19782 I ConfigNotification: Get device mode by ui mode:1 and smallestScreenWidthDp:411
06-28 10:35:59.798  1708  1708 D EGL_emulation: eglCreateContext: 0x9304d680: maj 2 min 0 rcv 2
06-28 10:35:59.808  1708  1708 D EGL_emulation: eglMakeCurrent: 0x9304d680: ver 2 0 (tinfo 0x92183a80)
06-28 10:35:59.814  1401  6331 D gralloc_ranchu: gralloc_alloc: Creating ashmem region of size 9547776
06-28 10:35:59.878  1708  1708 D EGL_emulation: eglMakeCurrent: 0x9304d680: ver 2 0 (tinfo 0x92183a80)
06-28 10:35:59.923 19546 19994 W ctxmgr  : [WorkManager] Long workInfo: pkg=com.google.android.gms, lbl=BaseProducer_write_to_store, start=2019-06-28 10:35:56.980-0400, stop=2019-06-28 10:35:58.729-0400, durtn=1749ms [CONTEXT service_id=47 ]
06-28 10:35:59.929 12507 12507 I net.osmand: RoutingHelper Recalculate route, because correlation  : 56128.159849497955
06-28 10:35:59.964 12507 12507 I net.osmand: RoutingHelper Recalculate route, because correlation  : 56128.159849497955
06-28 10:35:59.964 12507 12507 I net.osmand: RoutingHelper Recalculate route, because wrong movement direction: 56128.16
06-28 10:36:00.073 12507 12507 I net.osmand: RoutingHelper Recalculate route, because correlation  : 56128.159849497955
06-28 10:36:00.073 12507 12507 I net.osmand: RoutingHelper Recalculate route, because wrong movement direction: 56128.16
06-28 10:36:00.131 12507 12507 I net.osmand: RoutingHelper Recalculate route, because correlation  : 56128.159849497955
06-28 10:36:00.135  1401  6331 D gralloc_ranchu: gralloc_alloc: Creating ashmem region of size 9547776
06-28 10:36:00.257  1708  1708 I Choreographer: Skipped 151 frames!  The application may be doing too much work on its main thread.
06-28 10:36:00.265  1401  6331 D gralloc_ranchu: gralloc_alloc: Creating ashmem region of size 544768
06-28 10:36:00.313  1708  1728 I zygote  : NativeAlloc concurrent copying GC freed 10891(508KB) AllocSpace objects, 0(0B) LOS objects, 49% free, 6MB/12MB, paused 11.349ms total 2.519s
06-28 10:36:00.556  1393  3231 W audio_hw_generic: Not supplying enough data to HAL, expected position 123247508 , only wrote 123247440
06-28 10:36:00.557  1393  3231 W audio_hw_generic: Not supplying enough data to HAL, expected position 123247518 , only wrote 123247440
06-28 10:36:00.573  1393  3231 W audio_hw_generic: Not supplying enough data to HAL, expected position 123248212 , only wrote 123248160
06-28 10:36:00.698 22551 22596 W ThreadPoolDumper: Task r[ServiceTransaction[SessionController#handleGenericClientEvent]] was queued for 1108ms before starting on executor EventBus
06-28 10:36:00.779  1401  6331 D gralloc_ranchu: gralloc_alloc: Creating ashmem region of size 274432
06-28 10:36:00.883 12507 12507 I net.osmand: RoutingHelper Recalculate route, because correlation  : 56128.159849497955
06-28 10:36:00.888  1393  3231 W audio_hw_generic: Not supplying enough data to HAL, expected position 123263282 , only wrote 123263280
06-28 10:36:00.907  1603  2974 I WifiService: getWifiEnabledState uid=10032
06-28 10:36:00.918  1475  1571 D AudioFlinger: mixer(0xaa803cc0) throttle end: throttle time(4)
06-28 10:36:00.926 12507 12507 I net.osmand: RoutingHelper Recalculate route, because correlation  : 56128.159849497955
06-28 10:36:00.926 12507 12507 I net.osmand: RoutingHelper Recalculate route, because wrong movement direction: 56128.16
06-28 10:36:01.042  1708  1708 D StatusBar: disable<e i a s b h r c s q >
06-28 10:36:01.090  1708  1926 D EGL_emulation: eglMakeCurrent: 0x9268e860: ver 2 0 (tinfo 0x92690770)
06-28 10:36:01.152  1401  6331 D gralloc_ranchu: gralloc_alloc: Creating ashmem region of size 274432
06-28 10:36:01.160 22551 22576 W LocationOracle: No location history returned by ContextManager
06-28 10:36:01.194  1393  3231 W audio_hw_generic: Not supplying enough data to HAL, expected position 123277959 , only wrote 123277680
06-28 10:36:01.194  1393  3231 W audio_hw_generic: Not supplying enough data to HAL, expected position 123277691 , only wrote 123277680
06-28 10:36:01.210  1393  3231 W audio_hw_generic: Not supplying enough data to HAL, expected position 123278418 , only wrote 123278400
06-28 10:36:01.212 12507 12507 I net.osmand: RoutingHelper Recalculate route, because correlation  : 56128.159849497955
06-28 10:36:01.232 12507 12507 I net.osmand: RoutingHelper Recalculate route, because correlation  : 56128.159849497955
06-28 10:36:01.232 12507 12507 I net.osmand: RoutingHelper Recalculate route, because wrong movement direction: 56128.16
06-28 10:36:01.380  1475  1571 D AudioFlinger: mixer(0xaa803cc0) throttle end: throttle time(5)
06-28 10:36:01.383 12507 12507 I net.osmand: RoutingHelper Recalculate route, because correlation  : 56128.159849497955
06-28 10:36:01.383 12507 12507 I net.osmand: RoutingHelper Recalculate route, because wrong movement direction: 56128.16
06-28 10:36:01.456  1603  2974 I WifiService: getWifiEnabledState uid=10032
06-28 10:36:01.605 12507 12507 I net.osmand: RoutingHelper Recalculate route, because correlation  : 56128.159849497955
06-28 10:36:01.635  1475  1571 D AudioFlinger: mixer(0xaa803cc0) throttle end: throttle time(3)
06-28 10:36:01.648 24597 24623 I RealRacing3: isMobileDataAvailable hasConnection=true
06-28 10:36:01.648 24597 24623 I RealRacing3: isMobileDataAvailable subtype=0
06-28 10:36:01.648 24597 24623 I RealRacing3: isMobileDataAvailable subtypeName=
06-28 10:36:01.648 24597 24623 I RealRacing3: isMobileDataAvailable hasConnection=false
06-28 10:36:01.650 24597 24623 I RealRacing3: isMobileDataAvailable hasConnection=true
06-28 10:36:01.650 24597 24623 I RealRacing3: isMobileDataAvailable subtype=0
06-28 10:36:01.650 24597 24623 I RealRacing3: isMobileDataAvailable subtypeName=
06-28 10:36:01.650 24597 24623 I RealRacing3: isMobileDataAvailable hasConnection=false
06-28 10:36:01.659  1708  1708 W StatusBar/NavBarView: *** Invalid layout in navigation bar (sizeChanged this=1080x126 cur=1038x126)
06-28 10:36:01.681 24597 24623 W CC Warning: StatManager is being updated while the app is suspended
06-28 10:36:01.687 24597 24623 W CC Warning: CC: AssetManager::LoadAssetList() : Asset List not found - asset_list_updates.txt
06-28 10:36:01.687 24597 24623 W CC Warning: CC: AssetManager::StartListDownload() : nTotalDownloadBytes = 0, nDownloadedBytes = 0
06-28 10:36:01.749 12507 12507 I net.osmand: RoutingHelper Recalculate route, because correlation  : 56128.159849497955
06-28 10:36:01.761 12507 12507 I net.osmand: RoutingHelper Recalculate route, because correlation  : 56128.159849497955
06-28 10:36:01.761 12507 12507 I net.osmand: RoutingHelper Recalculate route, because wrong movement direction: 56128.16
06-28 10:36:01.868 12507 12507 I net.osmand: RoutingHelper Recalculate route, because correlation  : 56128.159849497955
06-28 10:36:01.889 24597 24623 W CC Warning: CC: AssetManager::StartListDownload() : nTotalDownloadBytes = 45121924, nDownloadedBytes = 45121924
06-28 10:36:01.936 12507 12507 I net.osmand: RoutingHelper Recalculate route, because correlation  : 56128.159849497955
06-28 10:36:01.936 12507 12507 I net.osmand: RoutingHelper Recalculate route, because wrong movement direction: 56128.16
06-28 10:36:02.005  1708  1708 I Choreographer: Skipped 57 frames!  The application may be doing too much work on its main thread.
06-28 10:36:02.015  1401  6331 D gralloc_ranchu: gralloc_alloc: Creating ashmem region of size 274432
06-28 10:36:02.035  1708  1926 D EGL_emulation: eglMakeCurrent: 0x9268e860: ver 2 0 (tinfo 0x92690770)
06-28 10:36:02.060  1603  1624 I zygote  : Explicit concurrent copying GC freed 46600(2MB) AllocSpace objects, 26(1176KB) LOS objects, 25% free, 17MB/23MB, paused 1.205ms total 2.186s
06-28 10:36:02.087  1708  1926 D EGL_emulation: eglMakeCurrent: 0x9268e860: ver 2 0 (tinfo 0x92690770)
06-28 10:36:02.380 24597 24623 W CC Warning: CC: AssetManager::StartListDownload() : nTotalDownloadBytes = 27602388, nDownloadedBytes = 27602388
06-28 10:36:02.436 22551 22596 I MicroDetectionWorker: #startMicroDetector [speakerMode: 0]
06-28 10:36:02.490 22551 22596 W ErrorReporter: reportError [type: 211, code: 393244, bug: 0]: errorCode: 393244, engine: 0
06-28 10:36:02.536 22551 22596 I MicroDetector: Keeping mic open: false
06-28 10:36:02.536 22551 22596 I MicroDetectionWorker: #onError(false)
06-28 10:36:02.586 24597 24623 W CC Warning: CC: AssetManager::StartListDownload() : nTotalDownloadBytes = 44712365, nDownloadedBytes = 44712365
06-28 10:36:02.599 24597 24623 W CC Warning: CC: AssetManager::StartListDownload() : nTotalDownloadBytes = 6925768, nDownloadedBytes = 6925768
06-28 10:36:02.610 24597 24623 W CC Warning: CC: AssetManager::StartListDownload() : nTotalDownloadBytes = 8885, nDownloadedBytes = 8885
06-28 10:36:02.611 24597 24623 W CC Warning: CC: AssetManager::StartListDownload() : nTotalDownloadBytes = 615044, nDownloadedBytes = 615044
06-28 10:36:02.612 24597 24623 W CC Warning: CC: AssetManager::StartListDownload() : nTotalDownloadBytes = 673902, nDownloadedBytes = 673902
06-28 10:36:02.613 24597 24623 W CC Warning: CC: AssetManager::StartListDownload() : nTotalDownloadBytes = 149871, nDownloadedBytes = 149871
06-28 10:36:02.614 24597 24623 W CC Warning: CC: AssetManager::StartListDownload() : nTotalDownloadBytes = 257294, nDownloadedBytes = 257294
06-28 10:36:02.626 24597 24623 W CC Warning: CC: AssetManager::StartListDownload() : nTotalDownloadBytes = 943044, nDownloadedBytes = 943044
06-28 10:36:02.628 24597 24623 W CC Warning: CC: AssetManager::StartListDownload() : nTotalDownloadBytes = 1185520, nDownloadedBytes = 1185520
06-28 10:36:02.632 24597 24623 W CC Warning: CC: AssetManager::StartListDownload() : nTotalDownloadBytes = 3207153, nDownloadedBytes = 3207153
06-28 10:36:02.641 24597 24623 W CC Warning: CC: AssetManager::StartListDownload() : nTotalDownloadBytes = 1258619, nDownloadedBytes = 1258619
06-28 10:36:02.644 24597 24623 W CC Warning: CC: AssetManager::StartListDownload() : nTotalDownloadBytes = 100729, nDownloadedBytes = 100729
06-28 10:36:02.648 24597 24623 W CC Warning: CC: AssetManager::StartListDownload() : nTotalDownloadBytes = 8158425, nDownloadedBytes = 8158425
06-28 10:36:02.649 24597 24623 W CC Warning: CC: AssetManager::StartListDownload() : nTotalDownloadBytes = 162054, nDownloadedBytes = 162054
06-28 10:36:02.670 24597 24623 W CC Warning: CC: AssetManager::StartListDownload() : nTotalDownloadBytes = 30108, nDownloadedBytes = 30108
06-28 10:36:02.692 24597 24623 W CC Warning: CC: AssetManager::StartListDownload() : nTotalDownloadBytes = 9602735, nDownloadedBytes = 9602735
06-28 10:36:02.696 24597 24623 W CC Warning: CC: AssetManager::StartListDownload() : nTotalDownloadBytes = 10, nDownloadedBytes = 10
06-28 10:36:02.704 24597 24623 W CC Warning: CC: AssetManager::StartListDownload() : nTotalDownloadBytes = 35149, nDownloadedBytes = 35149
06-28 10:36:02.705 24597 24623 W CC Warning: CC: AssetManager::StartListDownload() : nTotalDownloadBytes = 15993, nDownloadedBytes = 15993
06-28 10:36:02.709 24597 24623 W CC Warning: CC: AssetManager::StartListDownload() : nTotalDownloadBytes = 959862, nDownloadedBytes = 959862
06-28 10:36:02.717 24597 24623 W CC Warning: CC: AssetManager::StartListDownload() : nTotalDownloadBytes = 2724969, nDownloadedBytes = 2724969
06-28 10:36:02.719 24597 24623 W CC Warning: CC: AssetManager::StartListDownload() : nTotalDownloadBytes = 360864, nDownloadedBytes = 360864
06-28 10:36:02.720 24597 24623 W CC Warning: CC: AssetManager::StartListDownload() : nTotalDownloadBytes = 439641, nDownloadedBytes = 439641
06-28 10:36:02.721 24597 24623 W CC Warning: CC: AssetManager::StartListDownload() : nTotalDownloadBytes = 292268, nDownloadedBytes = 292268
06-28 10:36:02.723 24597 24623 W CC Warning: CC: AssetManager::StartListDownload() : nTotalDownloadBytes = 2256110, nDownloadedBytes = 2256110
06-28 10:36:02.789 24597 24623 W CC Warning: CC: AssetManager::StartListDownload() : nTotalDownloadBytes = 32763655, nDownloadedBytes = 32763655
06-28 10:36:02.858  1393  3231 W audio_hw_generic: Not supplying enough data to HAL, expected position 123357516 , only wrote 123356880
06-28 10:36:02.870 12507 12507 I net.osmand: RoutingHelper Recalculate route, because correlation  : 56128.159849497955
06-28 10:36:02.873  1393  3231 W audio_hw_generic: Not supplying enough data to HAL, expected position 123357607 , only wrote 123357600
06-28 10:36:02.884 12507 12507 I net.osmand: RoutingHelper Recalculate route, because correlation  : 56128.159849497955
06-28 10:36:02.885 12507 12507 I net.osmand: RoutingHelper Recalculate route, because wrong movement direction: 56128.16
06-28 10:36:02.919 12507 12507 I net.osmand: RoutingHelper Recalculate route, because correlation  : 56128.159849497955
06-28 10:36:02.920 12507 12507 I net.osmand: RoutingHelper Recalculate route, because correlation  : 56128.159849497955
06-28 10:36:02.921 12507 12507 I net.osmand: RoutingHelper Recalculate route, because wrong movement direction: 56128.16
06-28 10:36:02.951 22551 22576 W ThreadPoolDumper: Task e[observe] was queued for 1186ms before starting on executor Blocking
06-28 10:36:02.983  1393  3231 W audio_hw_generic: Not supplying enough data to HAL, expected position 123362889 , only wrote 123362640
06-28 10:36:03.020 24597 24623 W CC Warning: CC: AssetManager::StartListDownload() : nTotalDownloadBytes = 22405628, nDownloadedBytes = 22405628
06-28 10:36:03.060 24597 24623 W CC Warning: CC: AssetManager::StartListDownload() : nTotalDownloadBytes = 22997686, nDownloadedBytes = 22997686
06-28 10:36:03.071 24597 24623 W CC Warning: CC: AssetManager::StartListDownload() : nTotalDownloadBytes = 5650907, nDownloadedBytes = 5650907
06-28 10:36:03.084 24597 24623 W CC Warning: CC: AssetManager::StartListDownload() : nTotalDownloadBytes = 1291401, nDownloadedBytes = 1291401
06-28 10:36:03.085 24597 24623 W CC Warning: CC: AssetManager::StartListDownload() : nTotalDownloadBytes = 127, nDownloadedBytes = 127
06-28 10:36:03.115 24597 24623 W CC Warning: CC: AssetManager::StartListDownload() : nTotalDownloadBytes = 2212409, nDownloadedBytes = 2212409
06-28 10:36:03.121 24597 24623 W CC Warning: CC: AssetManager::StartListDownload() : nTotalDownloadBytes = 4834114, nDownloadedBytes = 4834114
06-28 10:36:03.128 24597 24623 W CC Warning: CC: AssetManager::StartListDownload() : nTotalDownloadBytes = 4060785, nDownloadedBytes = 4060785
06-28 10:36:03.149 24597 24623 W CC Warning: CC: AssetManager::StartListDownload() : nTotalDownloadBytes = 29243195, nDownloadedBytes = 29243195
06-28 10:36:03.188 24597 24623 W CC Warning: CC: AssetManager::StartListDownload() : nTotalDownloadBytes = 78736234, nDownloadedBytes = 78736234
06-28 10:36:03.217 24597 24623 W CC Warning: CC: AssetManager::StartListDownload() : nTotalDownloadBytes = 46993481, nDownloadedBytes = 46993481
06-28 10:36:03.221 24597 24623 W CC Warning: CC: AssetManager::StartListDownload() : nTotalDownloadBytes = 171364, nDownloadedBytes = 171364
06-28 10:36:03.222 24597 24623 W CC Warning: CC: AssetManager::StartListDownload() : nTotalDownloadBytes = 1684020, nDownloadedBytes = 1684020
06-28 10:36:03.224 24597 24623 W CC Warning: CC: AssetManager::StartListDownload() : nTotalDownloadBytes = 1697374, nDownloadedBytes = 1697374
06-28 10:36:03.241 24597 24623 W CC Warning: CC: AssetManager::StartListDownload() : nTotalDownloadBytes = 3215809, nDownloadedBytes = 3215809
06-28 10:36:03.243 24597 24623 W CC Warning: CC: AssetManager::StartListDownload() : nTotalDownloadBytes = 8920322, nDownloadedBytes = 8920322
06-28 10:36:03.277 24597 24623 W CC Warning: CC: AssetManager::StartListDownload() : nTotalDownloadBytes = 5643869, nDownloadedBytes = 5643869
06-28 10:36:03.299 24597 24623 W CC Warning: CC: AssetManager::StartListDownload() : nTotalDownloadBytes = 9281082, nDownloadedBytes = 9281082
06-28 10:36:03.314 24597 24623 W CC Warning: CC: AssetManager::StartListDownload() : nTotalDownloadBytes = 836523, nDownloadedBytes = 836523
06-28 10:36:03.349 24597 24623 W CC Warning: CC: AssetManager::StartListDownload() : nTotalDownloadBytes = 5269115, nDownloadedBytes = 5269115
06-28 10:36:03.351 24597 24623 W CC Warning: CC: AssetManager::StartListDownload() : nTotalDownloadBytes = 80152, nDownloadedBytes = 80152
06-28 10:36:03.365 24597 24623 W CC Warning: CC: AssetManager::StartListDownload() : nTotalDownloadBytes = 787755, nDownloadedBytes = 787755
06-28 10:36:03.377 24597 24623 W CC Warning: CC: AssetManager::StartListDownload() : nTotalDownloadBytes = 3370761, nDownloadedBytes = 3370761
06-28 10:36:03.380 24597 24623 W CC Warning: CC: AssetManager::StartListDownload() : nTotalDownloadBytes = 4972332, nDownloadedBytes = 4972332
06-28 10:36:03.382 24597 24623 W CC Warning: CC: AssetManager::StartListDownload() : nTotalDownloadBytes = 4450531, nDownloadedBytes = 4450531
06-28 10:36:03.415 24597 24623 W CC Warning: CC: AssetManager::StartListDownload() : nTotalDownloadBytes = 4572831, nDownloadedBytes = 4572831
06-28 10:36:03.418 24597 24623 W CC Warning: CC: AssetManager::StartListDownload() : nTotalDownloadBytes = 3986526, nDownloadedBytes = 3986526
06-28 10:36:03.441 24597 24623 W CC Warning: CC: AssetManager::StartListDownload() : nTotalDownloadBytes = 4378782, nDownloadedBytes = 4378782
06-28 10:36:03.452 24597 24623 W CC Warning: CC: AssetManager::StartListDownload() : nTotalDownloadBytes = 14988245, nDownloadedBytes = 14988245
06-28 10:36:03.456 24597 24623 W CC Warning: CC: AssetManager::StartListDownload() : nTotalDownloadBytes = 6406239, nDownloadedBytes = 6406239
06-28 10:36:03.536 24597 24686 E CCJ     : [HttpRequest] Error processing HTTP error stream, 'Failed to connect to 0037-connect.cloudcell.com/169.48.133.181:443' Cause: null
06-28 10:36:03.536  1475  1571 D AudioFlinger: mixer(0xaa803cc0) throttle end: throttle time(10)
06-28 10:36:03.542 24597 24686 E CCJ     : [HttpRequest] HTTP IOException: Failed to connect to 0037-connect.cloudcell.com/169.48.133.181:443 Cause: null
06-28 10:36:03.555 12507 12507 I net.osmand: RoutingHelper Recalculate route, because correlation  : 56128.159849497955
06-28 10:36:03.555 12507 12507 I net.osmand: RoutingHelper Recalculate route, because wrong movement direction: 56128.16
06-28 10:36:03.566 24597 24597 I RealRacing3: onPause(): pauseJNI
06-28 10:36:03.566 24597 24597 I RealRacing3: setGameState(2)
06-28 10:36:03.566 24597 24597 I RealRacing3: onPause(): finish
06-28 10:36:03.570 24597 24623 D         : PlayerBase::pause() from IPlayer
06-28 10:36:03.571  1603  2079 V MediaRouterService: restoreBluetoothA2dp(false)
06-28 10:36:03.577 24597 24623 I RealRacing3: ACCELEROMETER DISABLED
06-28 10:36:03.577 24597 24623 I RealRacing3: GYROSCOPE DISABLED
06-28 10:36:03.615 12507 12507 I net.osmand: RoutingHelper Recalculate route, because correlation  : 56128.159849497955
06-28 10:36:03.641 24597 24597 I RealRacing3: onWindowFocusChanged(false): start
06-28 10:36:03.642 24597 24597 I RealRacing3: onWindowFocusChanged(false): finish
06-28 10:36:03.669 24597 24615 D EGL_emulation: eglMakeCurrent: 0xa6586120: ver 2 0 (tinfo 0xae41b260)
06-28 10:36:03.721 12507 12507 I net.osmand: RoutingHelper Recalculate route, because correlation  : 56128.159849497955
06-28 10:36:03.740 12507 12507 I net.osmand: RoutingHelper Recalculate route, because correlation  : 56128.159849497955
06-28 10:36:03.740 12507 12507 I net.osmand: RoutingHelper Recalculate route, because wrong movement direction: 56128.16
06-28 10:36:03.863 12507 12507 I net.osmand: RoutingHelper Recalculate route, because correlation  : 56128.159849497955
06-28 10:36:03.869 24597 24597 I RealRacing3: onStop(): start
06-28 10:36:03.879 24597 24597 I RealRacing3: setGameState(4)
06-28 10:36:03.896 12507 12507 I net.osmand: RoutingHelper Recalculate route, because correlation  : 56128.159849497955
06-28 10:36:03.896 12507 12507 I net.osmand: RoutingHelper Recalculate route, because wrong movement direction: 56128.16
06-28 10:36:04.001 19546 19546 I GeofencerStateMachine: removeGeofences: removeRequest=RemoveGeofencingRequest[REMOVE_BY_PENDING_INTENT pendingIntent=PendingIntent[creatorPackage=com.google.android.gms], packageName=com.google.android.gms]
06-28 10:36:04.004 24597 24597 I RealRacing3: onStop(): finish
06-28 10:36:04.015 24597 24597 D RealRacing3: OnTrimMemory(20)
06-28 10:36:04.016 24597 24623 D RealRacing3: onRecievedMemoryWarningJNI - Start
06-28 10:36:04.038 19546 19546 I GeofencerStateMachine: removeGeofences: removeRequest=RemoveGeofencingRequest[REMOVE_BY_PENDING_INTENT pendingIntent=PendingIntent[creatorPackage=com.google.android.gms], packageName=com.google.android.gms]
06-28 10:36:04.042 24597 24623 I libRealRacing3: AUTOMATION LOG [Debug]:	2019/06/28 10:36:04	Received Memory warning - total memory usage 30.34 MiB
06-28 10:36:04.042 24597 24623 D RealRacing3: onRecievedMemoryWarningJNI - End
06-28 10:36:04.069  1603  1859 I WifiService: getConnectionInfo uid=10083
06-28 10:36:04.069  1603  1859 D WifiPermissionsUtil: Denied: no location permission
06-28 10:36:04.070  1603  1859 D WifiPermissionsUtil: Denied: caller is not the current USE_OPEN_WIFI_PACKAGE
06-28 10:36:04.095 19546 19546 I GeofencerStateMachine: removeGeofences: removeRequest=RemoveGeofencingRequest[REMOVE_BY_PENDING_INTENT pendingIntent=PendingIntent[creatorPackage=com.google.android.gms], packageName=com.google.android.gms]
06-28 10:36:04.184  1393  3231 W audio_hw_generic: Not supplying enough data to HAL, expected position 123420249 , only wrote 123420240
06-28 10:36:04.185  1393  3231 W audio_hw_generic: Not supplying enough data to HAL, expected position 123420292 , only wrote 123420240
06-28 10:36:04.201  1393  3231 W audio_hw_generic: Not supplying enough data to HAL, expected position 123421040 , only wrote 123420960
06-28 10:36:04.307  1393  3231 W audio_hw_generic: Not supplying enough data to HAL, expected position 123426022 , only wrote 123426000
06-28 10:36:04.309  1393  3231 W audio_hw_generic: Not supplying enough data to HAL, expected position 123426100 , only wrote 123426000
06-28 10:36:04.324  1393  3231 W audio_hw_generic: Not supplying enough data to HAL, expected position 123426737 , only wrote 123426720
