06-29 10:29:56.657  3472 12007 W net.osmand:native: [Native] Result visited (visited roads 2, visited segments 1 / 0 , queue sizes 3 / 1 ) 
06-29 10:29:56.657  3472 12007 W net.osmand:native: [Native] Result timing (time to load 0, time to calc 0, loaded tiles 21) 
06-29 10:29:56.657  3472 12007 W net.osmand:native: [Native] Memory occupied (Routing context 473 Kb, search 0 Kb)
06-29 10:29:56.658  3472 12007 I net.osmand:native: No route found
06-29 10:29:56.669  3472 12007 I net.osmand: RoutePlannerFrontEnd Native routing took 0.079 seconds
06-29 10:29:56.669  3472 12007 I System.out: ROUTE : 
06-29 10:29:56.670  3472 12007 I net.osmand: RouteResultPreparation <test regions="" description="" best_percent="" vehicle="car" 
06-29 10:29:56.670  3472 12007 I net.osmand:   start_lat="-7.23027" start_lon="-35.90754" target_lat="-7.23255" target_lon="-35.91291"  routing_time="0.00" loadedTiles="21" visitedSegments="2" complete_distance="0.00" complete_time="0.00" >
06-29 10:29:56.670  3472 12007 I System.out: <test regions="" description="" best_percent="" vehicle="car" 
06-29 10:29:56.670  3472 12007 I System.out:   start_lat="-7.23027" start_lon="-35.90754" target_lat="-7.23255" target_lon="-35.91291"  routing_time="0.00" loadedTiles="21" visitedSegments="2" complete_distance="0.00" complete_time="0.00" >
06-29 10:29:56.670  3472 12007 I System.out: </test>
06-29 10:29:56.671  3472 12007 I System.out: <test regions="" description="" best_percent="" vehicle="car" 
06-29 10:29:56.671  3472 12007 I System.out:   start_lat="-7.23027" start_lon="-35.90754" target_lat="-7.23255" target_lon="-35.91291"  routing_time="0.00" loadedTiles="21" visitedSegments="2" complete_distance="0.00" complete_time="0.00" >
06-29 10:29:56.671  3472 12007 I net.osmand: RouteProvider Finding route contained 0 points for 406 ms
06-29 10:29:57.013  1600  2206 I WifiService: acquireWifiLock uid=10014 lockMode=2
06-29 10:29:57.068  1600  2099 I WifiService: releaseWifiLock uid=10014
06-29 10:29:57.277  3472  3472 I net.osmand: RoutingHelper Recalculate route, because wrong movement direction: 286.34015
06-29 10:29:57.280  3472  3472 D net.osmand: AbstractPrologCommandPlayer abandonAudioFocus
06-29 10:29:57.281  3472  3472 W MaterialProgressBar: Current drawable is not a MaterialProgressDrawable, you may want to set app:mpb_setBothDrawables
06-29 10:29:57.283  3472 12009 I net.osmand: RouteProvider Start finding route from Location[mProvider=gps,mTime=1561818597000,mLatitude=-7.230268333333333,mLongitude=-35.907540000000004,mHasAltitude=false,mAltitude=0.0,mHasSpeed=true,mSpeed=0.0,mHasBearing=true,mBearing=0.0,mHasAccuracy=true,mAccuracy=20.0 to Lat -7.2325487 Lon -35.912907 using OsmAnd (offline)
06-29 10:29:57.284  3472 12009 W net.osmand: RouteProvider Use 343 MB Free 2.9726562 of 24.952492 max 384.0
06-29 10:29:57.640  3472  3472 I net.osmand: RoutingHelper Recalculate route, because wrong movement direction: 261.77682
06-29 10:29:57.795  3472 12009 I net.osmand:native: Start point was found 1886269049 [Native]
06-29 10:29:57.802  3472 12009 I net.osmand:native: End point was found 1886269277 [Native]
06-29 10:29:57.808  3472 12009 W net.osmand:native: [Native] Result visited (visited roads 2, visited segments 1 / 0 , queue sizes 3 / 1 ) 
06-29 10:29:57.808  3472 12009 W net.osmand:native: [Native] Result timing (time to load 0, time to calc 2, loaded tiles 21) 
06-29 10:29:57.808  3472 12009 W net.osmand:native: [Native] Memory occupied (Routing context 473 Kb, search 0 Kb)
06-29 10:29:57.810  3472 12009 I net.osmand:native: No route found
06-29 10:29:57.834  3472 12009 I net.osmand: RoutePlannerFrontEnd Native routing took 0.13 seconds
06-29 10:29:57.834  3472 12009 I System.out: ROUTE : 
06-29 10:29:57.835  3472 12009 I net.osmand: RouteResultPreparation <test regions="" description="" best_percent="" vehicle="car" 
06-29 10:29:57.835  3472 12009 I net.osmand:   start_lat="-7.23027" start_lon="-35.90754" target_lat="-7.23255" target_lon="-35.91291"  routing_time="0.00" loadedTiles="21" visitedSegments="2" complete_distance="0.00" complete_time="0.00" >
06-29 10:29:57.835  3472 12009 I System.out: <test regions="" description="" best_percent="" vehicle="car" 
06-29 10:29:57.835  3472 12009 I System.out:   start_lat="-7.23027" start_lon="-35.90754" target_lat="-7.23255" target_lon="-35.91291"  routing_time="0.00" loadedTiles="21" visitedSegments="2" complete_distance="0.00" complete_time="0.00" >
06-29 10:29:57.835  3472 12009 I System.out: </test>
06-29 10:29:57.835  3472 12009 I System.out: <test regions="" description="" best_percent="" vehicle="car" 
06-29 10:29:57.835  3472 12009 I System.out:   start_lat="-7.23027" start_lon="-35.90754" target_lat="-7.23255" target_lon="-35.91291"  routing_time="0.00" loadedTiles="21" visitedSegments="2" complete_distance="0.00" complete_time="0.00" >
06-29 10:29:57.835  3472 12009 I net.osmand: RouteProvider Finding route contained 0 points for 552 ms
06-29 10:29:57.959  3472  3482 I zygote  : Background concurrent copying GC freed 128720(6MB) AllocSpace objects, 30(660KB) LOS objects, 24% free, 18MB/24MB, paused 1.323ms total 273.181ms
06-29 10:29:58.254  3472  3472 I net.osmand: RoutingHelper Recalculate route, because wrong movement direction: 261.77682
06-29 10:29:58.255  3472  3472 D net.osmand: AbstractPrologCommandPlayer abandonAudioFocus
06-29 10:29:58.256  3472  3472 W MaterialProgressBar: Current drawable is not a MaterialProgressDrawable, you may want to set app:mpb_setBothDrawables
06-29 10:29:58.257  3472 12010 I net.osmand: RouteProvider Start finding route from Location[mProvider=gps,mTime=1561818598000,mLatitude=-7.230358333333333,mLongitude=-35.90774333333333,mHasAltitude=false,mAltitude=0.0,mHasSpeed=true,mSpeed=0.0,mHasBearing=true,mBearing=0.0,mHasAccuracy=true,mAccuracy=20.0 to Lat -7.2325487 Lon -35.912907 using OsmAnd (offline)
06-29 10:29:58.257  3472 12010 W net.osmand: RouteProvider Use 347 MB Free 5.921875 of 24.150482 max 384.0
06-29 10:29:58.563  3472 12010 I net.osmand:native: Start point was found 1886269049 [Native]
06-29 10:29:58.577  3472 12010 I net.osmand:native: End point was found 1886269277 [Native]
06-29 10:29:58.604  3472 12010 W net.osmand:native: [Native] Result visited (visited roads 20, visited segments 53 / 17 , queue sizes 40 / 19 ) 
06-29 10:29:58.605  3472 12010 W net.osmand:native: [Native] Result timing (time to load 1, time to calc 26, loaded tiles 27) 
06-29 10:29:58.606  3472 12010 W net.osmand:native: [Native] Memory occupied (Routing context 608 Kb, search 1 Kb)
06-29 10:29:58.607  3472 12010 I net.osmand:native: Routing calculated time distance 52.803055
06-29 10:29:58.631  3472 12010 I net.osmand: RoutePlannerFrontEnd Native routing took 0.12 seconds
06-29 10:29:58.632  3472 12010 I System.out: ROUTE : 
06-29 10:29:58.632  3472 12010 I net.osmand: RouteResultPreparation <test regions="" description="" best_percent="" vehicle="car" 
06-29 10:29:58.632  3472 12010 I net.osmand:   start_lat="-7.23036" start_lon="-35.90774" target_lat="-7.23255" target_lon="-35.91291"  routing_time="52.80" loadedTiles="27" visitedSegments="20" complete_distance="865.64" complete_time="49.05" >
06-29 10:29:58.632  3472 12010 I System.out: <test regions="" description="" best_percent="" vehicle="car" 
06-29 10:29:58.633  3472 12010 I System.out:   start_lat="-7.23036" start_lon="-35.90774" target_lat="-7.23255" target_lon="-35.91291"  routing_time="52.80" loadedTiles="27" visitedSegments="20" complete_distance="865.64" complete_time="49.05" >
06-29 10:29:58.633  3472 12010 I System.out: </test>
06-29 10:29:58.633  3472 12010 I System.out: <test regions="" description="" best_percent="" vehicle="car" 
06-29 10:29:58.633  3472 12010 I System.out:   start_lat="-7.23036" start_lon="-35.90774" target_lat="-7.23255" target_lon="-35.91291"  routing_time="52.80" loadedTiles="27" visitedSegments="20" complete_distance="865.64" complete_time="49.05" >
06-29 10:29:58.633  3472 12010 I net.osmand: RouteProvider Finding route contained 15 points for 376 ms
06-29 10:29:59.031  3472  3472 I net.osmand: TTSCommandPlayerImpl Send message to pebble aps  250 metros entre na rotunda  e  saia na  terceira  sada na   Avenida Marechal Floriano Peixoto 
06-29 10:29:59.031  3472  3472 D net.osmand: AbstractPrologCommandPlayer requestAudioFocus
06-29 10:29:59.031  3472  3472 W AudioManager: Use of stream types is deprecated for operations other than volume control
06-29 10:29:59.031  3472  3472 W AudioManager: See the documentation of requestAudioFocus() for what to use instead with android.media.AudioAttributes to qualify your playback use case
06-29 10:29:59.042  1600  4486 I MediaFocusControl: requestAudioFocus() from uid/pid 10104/3472 clientId=android.media.AudioManager@d05fab5net.osmand.plus.api.AudioFocusHelperImpl@8c63d3a callingPack=net.osmand req=3 flags=0x0 sdk=26
06-29 10:29:59.042  3472  3472 D net.osmand: TTSCommandPlayerImpl ttsRequests=1
06-29 10:29:59.044  5191  5280 I TTS.GoogleTTSServiceImp: Synthesis request for locale por-BRA and name pt-BR-language
06-29 10:29:59.046  5191  5280 I TTS.GoogleTTSServiceImp: TTS dispatch: pt-br-x-afs-lstm-embedded
06-29 10:29:59.162  5191  5294 D AudioTrack: Client defaulted notificationFrames to 1365 for frameCount 4096
06-29 10:29:59.169  1600  3913 V MediaRouterService: restoreBluetoothA2dp(false)
06-29 10:29:59.184  1390  2659 W audio_hw_generic: Not supplying enough data to HAL, expected position 42588142 , only wrote 42588000
06-29 10:29:59.983  1600  4486 D WificondControl: Scan result ready event
06-29 10:30:01.428  1473  1561 D AudioFlinger: mixer(0xa6c83380) throttle end: throttle time(7)
06-29 10:30:04.113  3472  3496 I net.osmand: MapRenderRepositories RENDER MAP: update due to tile box
06-29 10:30:04.115  3472  3496 I net.osmand: MapRenderRepositories RENDER MAP: Interrupt rendering map
06-29 10:30:04.136  3472  3496 I net.osmand: MapRenderRepositories RENDER MAP: update due to tile box
06-29 10:30:04.136  3472  3496 I net.osmand: MapRenderRepositories RENDER MAP: Interrupt rendering map
06-29 10:30:04.263  3472  3496 I net.osmand: MapRenderRepositories RENDER MAP: update due to tile box
06-29 10:30:04.263  3472  3496 I net.osmand: MapRenderRepositories RENDER MAP: Interrupt rendering map
06-29 10:30:04.304  3472  3496 I net.osmand: MapRenderRepositories RENDER MAP: update due to tile box
06-29 10:30:04.304  3472  3496 I net.osmand: MapRenderRepositories RENDER MAP: Interrupt rendering map
06-29 10:30:04.343  3472  3496 I net.osmand: MapRenderRepositories RENDER MAP: update due to tile box
06-29 10:30:04.343  3472  3496 I net.osmand: MapRenderRepositories RENDER MAP: Interrupt rendering map
06-29 10:30:04.832  3472  3495 I net.osmand: MapRenderRepositories RENDER MAP: new request RotatedTileBox [lat=-7.230456666666667, lon=-35.907981666666664, rotate=0.0, density=2.625, zoom=17, mapDensity=3.9375, zoomAnimation=0.0, zoomFloatPart=0.0, cx=900, cy=1972, pixWidth=1800, pixHeight=2690]
06-29 10:30:04.886  3472  3495 I net.osmand:native: Route objects 107
06-29 10:30:04.886  3472  3495 I net.osmand:native: Ocean: no completed & incompleted coastlines 0
06-29 10:30:04.886  3472  3495 I net.osmand:native: Detailed coastlines = 0, basemap coastlines 0, ocean tile 0.000000. Detailed added 0, basemap processed 1, basemap added 0.
06-29 10:30:04.886  3472  3495 I net.osmand:native: Search : tree - read( 620), accept( 63), objs - visit( 3437), accept(138), in result(107) 
06-29 10:30:04.887  3472  3495 I net.osmand: MapRenderRepositories BLat=-7.23276538848877, TLat=-7.2247570037841795, LLong=-35.91043472290039, RLong=-35.9055290222168, zoom=17
06-29 10:30:04.887  3472  3495 I net.osmand: MapRenderRepositories Native search: 55 ms 
06-29 10:30:04.896  3472  3495 I net.osmand:native: Creating SkBitmap in native w:1800 h:2690 s:7200 f:1!
06-29 10:30:04.897  3472  3495 I net.osmand:native: Row bytes for RGBA_8888 is 7200
06-29 10:30:04.897  3472  3495 I net.osmand:native: Locked 19368000 bytes at 0x78300000
06-29 10:30:04.897  3472  3495 I net.osmand:native: Initializing rendering
06-29 10:30:04.898  3472  3495 I net.osmand:native: Rendering image
06-29 10:30:05.054  3472  3495 I net.osmand:native: Native ok (rendering 0, text 52 ms) 
06-29 10:30:05.054  3472  3495 I net.osmand:native:  (2620 points, 393 points inside, 170 of 193 objects visible)
06-29 10:30:05.054  3472  3495 I net.osmand:native: End Rendering image
06-29 10:30:05.054  3472  3495 I net.osmand:native: Native ok (init 1, rendering 0) 
06-29 10:30:05.056  3472  3495 I net.osmand: MapRenderRepositories true
06-29 10:30:05.352  1473  1561 D AudioFlinger: mixer(0xa6c83380) throttle end: throttle time(12)
06-29 10:30:06.591  1600  1613 E memtrack: Couldn't load memtrack module
06-29 10:30:06.591  1600  1613 W android.os.Debug: failed to get memory consumption info: -1
06-29 10:30:06.698  3472  3472 D net.osmand: RoutingHelper Processed by distance : 2.2398853806734076 71.38798522949219
06-29 10:30:06.790  3472  3472 I net.osmand: RoutingHelper Recalculate route, because wrong movement direction: 184.21645
06-29 10:30:06.790  5191  5298 D AudioTrack: stop() called with 169735 frames delivered
06-29 10:30:06.791  1600  4486 V MediaRouterService: restoreBluetoothA2dp(false)
06-29 10:30:06.793  3472  3472 D net.osmand: AbstractPrologCommandPlayer abandonAudioFocus
06-29 10:30:06.793  1600  2099 I MediaFocusControl: abandonAudioFocus() from uid/pid 10104/3472 clientId=android.media.AudioManager@d05fab5net.osmand.plus.api.AudioFocusHelperImpl@8c63d3a
06-29 10:30:06.794  3472  3472 W MaterialProgressBar: Current drawable is not a MaterialProgressDrawable, you may want to set app:mpb_setBothDrawables
06-29 10:30:06.804  3472  7145 D net.osmand: AbstractPrologCommandPlayer abandonAudioFocus
06-29 10:30:06.804  3472  7145 D net.osmand: TTSCommandPlayerImpl ttsRequests=-1
06-29 10:30:06.811  3472 12013 I net.osmand: RouteProvider Start finding route from Location[mProvider=gps,mTime=1561818606000,mLatitude=-7.230631666666667,mLongitude=-35.908390000000004,mHasAltitude=false,mAltitude=0.0,mHasSpeed=true,mSpeed=0.0,mHasBearing=true,mBearing=0.0,mHasAccuracy=true,mAccuracy=20.0 to Lat -7.2325487 Lon -35.912907 using OsmAnd (offline)
06-29 10:30:06.811  3472 12013 W net.osmand: RouteProvider Use 343 MB Free 1.9076843 of 24.150482 max 384.0
06-29 10:30:07.270  3472  3472 I net.osmand: RoutingHelper Recalculate route, because wrong movement direction: 184.21645
06-29 10:30:07.374  3472  3486 I zygote  : Waiting for a blocking GC ProfileSaver
06-29 10:30:07.407  3472 12013 I net.osmand:native: Start point was found 1886269049 [Native]
06-29 10:30:07.419  3472 12013 I net.osmand:native: End point was found 1886269277 [Native]
06-29 10:30:07.424  3472 12013 W net.osmand:native: [Native] Result visited (visited roads 2, visited segments 1 / 0 , queue sizes 3 / 1 ) 
06-29 10:30:07.424  3472 12013 W net.osmand:native: [Native] Result timing (time to load 0, time to calc 0, loaded tiles 21) 
06-29 10:30:07.424  3472 12013 W net.osmand:native: [Native] Memory occupied (Routing context 473 Kb, search 0 Kb)
06-29 10:30:07.430  3472 12013 I net.osmand:native: No route found
06-29 10:30:07.464  3472 12013 I net.osmand: RoutePlannerFrontEnd Native routing took 0.214 seconds
06-29 10:30:07.464  3472 12013 I System.out: ROUTE : 
06-29 10:30:07.468  3472 12013 I net.osmand: RouteResultPreparation <test regions="" description="" best_percent="" vehicle="car" 
06-29 10:30:07.468  3472 12013 I net.osmand:   start_lat="-7.23063" start_lon="-35.90839" target_lat="-7.23255" target_lon="-35.91291"  routing_time="0.00" loadedTiles="21" visitedSegments="2" complete_distance="0.00" complete_time="0.00" >
06-29 10:30:07.468  3472 12013 I System.out: <test regions="" description="" best_percent="" vehicle="car" 
06-29 10:30:07.470  3472 12013 I System.out:   start_lat="-7.23063" start_lon="-35.90839" target_lat="-7.23255" target_lon="-35.91291"  routing_time="0.00" loadedTiles="21" visitedSegments="2" complete_distance="0.00" complete_time="0.00" >
06-29 10:30:07.470  3472 12013 I System.out: </test>
06-29 10:30:07.472  3472 12013 I System.out: <test regions="" description="" best_percent="" vehicle="car" 
06-29 10:30:07.472  3472 12013 I System.out:   start_lat="-7.23063" start_lon="-35.90839" target_lat="-7.23255" target_lon="-35.91291"  routing_time="0.00" loadedTiles="21" visitedSegments="2" complete_distance="0.00" complete_time="0.00" >
06-29 10:30:07.472  3472 12013 I net.osmand: RouteProvider Finding route contained 0 points for 662 ms
06-29 10:30:07.606  3472  3482 I zygote  : Background concurrent copying GC freed 143595(6MB) AllocSpace objects, 14(284KB) LOS objects, 24% free, 18MB/24MB, paused 6.044ms total 505.833ms
06-29 10:30:07.606  3472  3486 I zygote  : WaitForGcToComplete blocked ProfileSaver on HeapTrim for 232.827ms
06-29 10:30:07.964  3472  3472 I net.osmand: RoutingHelper Recalculate route, because wrong movement direction: 159.79807
06-29 10:30:07.965  3472  3472 W MaterialProgressBar: Current drawable is not a MaterialProgressDrawable, you may want to set app:mpb_setBothDrawables
06-29 10:30:07.984  3472 12014 I net.osmand: RouteProvider Start finding route from Location[mProvider=gps,mTime=1561818608000,mLatitude=-7.230718333333334,mLongitude=-35.908593333333336,mHasAltitude=false,mAltitude=0.0,mHasSpeed=true,mSpeed=0.0,mHasBearing=true,mBearing=0.0,mHasAccuracy=true,mAccuracy=20.0 to Lat -7.2325487 Lon -35.912907 using OsmAnd (offline)
06-29 10:30:07.984  3472 12014 W net.osmand: RouteProvider Use 347 MB Free 5.9375 of 24.53524 max 384.0
06-29 10:30:08.307  3472  3472 I net.osmand: RoutingHelper Recalculate route, because wrong movement direction: 159.79807
06-29 10:30:08.457  3472 12014 I net.osmand:native: Start point was found 1886269049 [Native]
06-29 10:30:08.476  3472 12014 I net.osmand:native: End point was found 1886269277 [Native]
06-29 10:30:08.477  3472 12014 W net.osmand:native: [Native] Result visited (visited roads 2, visited segments 1 / 0 , queue sizes 3 / 1 ) 
06-29 10:30:08.477  3472 12014 W net.osmand:native: [Native] Result timing (time to load 0, time to calc 0, loaded tiles 21) 
06-29 10:30:08.477  3472 12014 W net.osmand:native: [Native] Memory occupied (Routing context 473 Kb, search 0 Kb)
06-29 10:30:08.491  3472 12014 I net.osmand:native: No route found
06-29 10:30:08.524  3472 12014 I net.osmand: RoutePlannerFrontEnd Native routing took 0.217 seconds
06-29 10:30:08.524  3472 12014 I System.out: ROUTE : 
06-29 10:30:08.528  3472 12014 I net.osmand: RouteResultPreparation <test regions="" description="" best_percent="" vehicle="car" 
06-29 10:30:08.528  3472 12014 I net.osmand:   start_lat="-7.23072" start_lon="-35.90859" target_lat="-7.23255" target_lon="-35.91291"  routing_time="0.00" loadedTiles="21" visitedSegments="2" complete_distance="0.00" complete_time="0.00" >
06-29 10:30:08.528  3472 12014 I System.out: <test regions="" description="" best_percent="" vehicle="car" 
06-29 10:30:08.536  3472 12014 I System.out:   start_lat="-7.23072" start_lon="-35.90859" target_lat="-7.23255" target_lon="-35.91291"  routing_time="0.00" loadedTiles="21" visitedSegments="2" complete_distance="0.00" complete_time="0.00" >
06-29 10:30:08.537  3472 12014 I System.out: </test>
06-29 10:30:08.537  3472 12014 I System.out: <test regions="" description="" best_percent="" vehicle="car" 
06-29 10:30:08.538  3472 12014 I System.out:   start_lat="-7.23072" start_lon="-35.90859" target_lat="-7.23255" target_lon="-35.91291"  routing_time="0.00" loadedTiles="21" visitedSegments="2" complete_distance="0.00" complete_time="0.00" >
06-29 10:30:08.538  3472 12014 I net.osmand: RouteProvider Finding route contained 0 points for 556 ms
06-29 10:30:09.085  1390  2659 W audio_hw_generic: Not supplying enough data to HAL, expected position 43063219 , only wrote 43063200
06-29 10:30:09.086  1390  2659 W audio_hw_generic: Not supplying enough data to HAL, expected position 43063289 , only wrote 43063200
06-29 10:30:09.108  1390  2659 W audio_hw_generic: Not supplying enough data to HAL, expected position 43064216 , only wrote 43063920
06-29 10:30:09.141  1390  2659 W audio_hw_generic: Not supplying enough data to HAL, expected position 43065539 , only wrote 43065360
06-29 10:30:09.316  3472  3472 I net.osmand: RoutingHelper Recalculate route, because wrong movement direction: 135.13902
06-29 10:30:09.318  3472  3472 D net.osmand: AbstractPrologCommandPlayer abandonAudioFocus
06-29 10:30:09.319  3472  3472 W MaterialProgressBar: Current drawable is not a MaterialProgressDrawable, you may want to set app:mpb_setBothDrawables
06-29 10:30:09.328  3472 12015 I net.osmand: RouteProvider Start finding route from Location[mProvider=gps,mTime=1561818609000,mLatitude=-7.230806666666666,mLongitude=-35.90879833333334,mHasAltitude=false,mAltitude=0.0,mHasSpeed=true,mSpeed=0.0,mHasBearing=true,mBearing=0.0,mHasAccuracy=true,mAccuracy=20.0 to Lat -7.2325487 Lon -35.912907 using OsmAnd (offline)
06-29 10:30:09.333  3472  3472 I net.osmand: RoutingHelper Recalculate route, because wrong movement direction: 135.13902
06-29 10:30:09.335  3472 12015 W net.osmand: RouteProvider Use 344 MB Free 2.9726562 of 24.53524 max 384.0
06-29 10:30:09.775  3472 12015 I net.osmand:native: Start point was found 1886269049 [Native]
06-29 10:30:09.782  3472 12015 I net.osmand:native: End point was found 1886269277 [Native]
06-29 10:30:09.783  3472 12015 W net.osmand:native: [Native] Result visited (visited roads 2, visited segments 1 / 0 , queue sizes 3 / 1 ) 
06-29 10:30:09.783  3472 12015 W net.osmand:native: [Native] Result timing (time to load 0, time to calc 0, loaded tiles 21) 
06-29 10:30:09.783  3472 12015 W net.osmand:native: [Native] Memory occupied (Routing context 473 Kb, search 0 Kb)
06-29 10:30:09.784  3472 12015 I net.osmand:native: No route found
06-29 10:30:09.797  3472 12015 I net.osmand: RoutePlannerFrontEnd Native routing took 0.088 seconds
06-29 10:30:09.797  3472 12015 I System.out: ROUTE : 
06-29 10:30:09.798  3472 12015 I net.osmand: RouteResultPreparation <test regions="" description="" best_percent="" vehicle="car" 
06-29 10:30:09.798  3472 12015 I net.osmand:   start_lat="-7.23081" start_lon="-35.90880" target_lat="-7.23255" target_lon="-35.91291"  routing_time="0.00" loadedTiles="21" visitedSegments="2" complete_distance="0.00" complete_time="0.00" >
06-29 10:30:09.798  3472 12015 I System.out: <test regions="" description="" best_percent="" vehicle="car" 
06-29 10:30:09.798  3472 12015 I System.out:   start_lat="-7.23081" start_lon="-35.90880" target_lat="-7.23255" target_lon="-35.91291"  routing_time="0.00" loadedTiles="21" visitedSegments="2" complete_distance="0.00" complete_time="0.00" >
06-29 10:30:09.798  3472 12015 I System.out: </test>
06-29 10:30:09.798  3472 12015 I System.out: <test regions="" description="" best_percent="" vehicle="car" 
06-29 10:30:09.798  3472 12015 I System.out:   start_lat="-7.23081" start_lon="-35.90880" target_lat="-7.23255" target_lon="-35.91291"  routing_time="0.00" loadedTiles="21" visitedSegments="2" complete_distance="0.00" complete_time="0.00" >
06-29 10:30:09.798  3472 12015 I net.osmand: RouteProvider Finding route contained 0 points for 470 ms
06-29 10:30:09.842  1390  1390 W audio_hw_generic: Not supplying enough data to HAL, expected position 43131669 , only wrote 43098480
06-29 10:30:09.918  3472  3482 I zygote  : Background concurrent copying GC freed 109651(5MB) AllocSpace objects, 24(504KB) LOS objects, 24% free, 18MB/24MB, paused 1.825ms total 280.416ms
06-29 10:30:10.273  3472  3472 I net.osmand: RoutingHelper Recalculate route, because wrong movement direction: 135.13902
06-29 10:30:10.274  3472  3472 W MaterialProgressBar: Current drawable is not a MaterialProgressDrawable, you may want to set app:mpb_setBothDrawables
06-29 10:30:10.289  3472 12016 I net.osmand: RouteProvider Start finding route from Location[mProvider=gps,mTime=1561818610000,mLatitude=-7.230806666666666,mLongitude=-35.90879833333334,mHasAltitude=false,mAltitude=0.0,mHasSpeed=true,mSpeed=0.0,mHasBearing=true,mBearing=0.0,mHasAccuracy=true,mAccuracy=20.0 to Lat -7.2325487 Lon -35.912907 using OsmAnd (offline)
06-29 10:30:10.289  3472 12016 W net.osmand: RouteProvider Use 346 MB Free 5.9375 of 24.918442 max 384.0
06-29 10:30:10.676  3472  3496 I net.osmand: MapRenderRepositories RENDER MAP: update due to tile box
06-29 10:30:10.676  3472  3496 I net.osmand: MapRenderRepositories RENDER MAP: Interrupt rendering map
06-29 10:30:10.692  3472  3472 I net.osmand: RoutingHelper Recalculate route, because wrong movement direction: 110.55182
06-29 10:30:10.695  3472  3496 I net.osmand: MapRenderRepositories RENDER MAP: update due to tile box
06-29 10:30:10.695  3472  3496 I net.osmand: MapRenderRepositories RENDER MAP: Interrupt rendering map
06-29 10:30:10.797  3472  3496 I net.osmand: MapRenderRepositories RENDER MAP: update due to tile box
06-29 10:30:10.798  3472  3496 I net.osmand: MapRenderRepositories RENDER MAP: Interrupt rendering map
06-29 10:30:10.867  3472 12016 I net.osmand:native: Start point was found 1886269049 [Native]
06-29 10:30:10.880  3472 12016 I net.osmand:native: End point was found 1886269277 [Native]
06-29 10:30:10.882  3472 12016 W net.osmand:native: [Native] Result visited (visited roads 2, visited segments 1 / 0 , queue sizes 3 / 1 ) 
06-29 10:30:10.882  3472 12016 W net.osmand:native: [Native] Result timing (time to load 0, time to calc 0, loaded tiles 21) 
06-29 10:30:10.882  3472 12016 W net.osmand:native: [Native] Memory occupied (Routing context 473 Kb, search 0 Kb)
06-29 10:30:10.884  3472 12016 I net.osmand:native: No route found
06-29 10:30:10.911  3472 12016 I net.osmand: RoutePlannerFrontEnd Native routing took 0.159 seconds
06-29 10:30:10.911  3472 12016 I System.out: ROUTE : 
06-29 10:30:10.911  3472 12016 I net.osmand: RouteResultPreparation <test regions="" description="" best_percent="" vehicle="car" 
06-29 10:30:10.911  3472 12016 I net.osmand:   start_lat="-7.23081" start_lon="-35.90880" target_lat="-7.23255" target_lon="-35.91291"  routing_time="0.00" loadedTiles="21" visitedSegments="2" complete_distance="0.00" complete_time="0.00" >
06-29 10:30:10.911  3472 12016 I System.out: <test regions="" description="" best_percent="" vehicle="car" 
06-29 10:30:10.911  3472 12016 I System.out:   start_lat="-7.23081" start_lon="-35.90880" target_lat="-7.23255" target_lon="-35.91291"  routing_time="0.00" loadedTiles="21" visitedSegments="2" complete_distance="0.00" complete_time="0.00" >
06-29 10:30:10.911  3472 12016 I System.out: </test>
06-29 10:30:10.912  3472 12016 I System.out: <test regions="" description="" best_percent="" vehicle="car" 
06-29 10:30:10.912  3472 12016 I System.out:   start_lat="-7.23081" start_lon="-35.90880" target_lat="-7.23255" target_lon="-35.91291"  routing_time="0.00" loadedTiles="21" visitedSegments="2" complete_distance="0.00" complete_time="0.00" >
06-29 10:30:10.912  3472 12016 I net.osmand: RouteProvider Finding route contained 0 points for 623 ms
06-29 10:30:11.067  3472  3495 I net.osmand: MapRenderRepositories RENDER MAP: new request RotatedTileBox [lat=-7.230877019088302, lon=-35.90901036296477, rotate=0.0, density=2.625, zoom=17, mapDensity=3.9375, zoomAnimation=0.0, zoomFloatPart=0.0, cx=900, cy=1972, pixWidth=1800, pixHeight=2690]
06-29 10:30:11.112  3472  3495 I net.osmand:native: Route objects 95
06-29 10:30:11.113  3472  3495 I net.osmand:native: Ocean: no completed & incompleted coastlines 0
06-29 10:30:11.113  3472  3495 I net.osmand:native: Detailed coastlines = 0, basemap coastlines 0, ocean tile 0.000000. Detailed added 0, basemap processed 1, basemap added 0.
06-29 10:30:11.113  3472  3495 I net.osmand:native: Search : tree - read( 660), accept( 63), objs - visit( 3397), accept(126), in result(95) 
06-29 10:30:11.113  3472  3495 I net.osmand: MapRenderRepositories BLat=-7.233190703392029, TLat=-7.225182843208313, LLong=-35.91146469116211, RLong=-35.906558990478516, zoom=17
06-29 10:30:11.114  3472  3495 I net.osmand: MapRenderRepositories Native search: 45 ms 
06-29 10:30:11.119  3472  3495 I net.osmand:native: Creating SkBitmap in native w:1800 h:2690 s:7200 f:1!
06-29 10:30:11.120  3472  3495 I net.osmand:native: Row bytes for RGBA_8888 is 7200
06-29 10:30:11.120  3472  3495 I net.osmand:native: Locked 19368000 bytes at 0x69700000
06-29 10:30:11.120  3472  3495 I net.osmand:native: Initializing rendering
06-29 10:30:11.121  3472  3495 I net.osmand:native: Rendering image
06-29 10:30:11.251  3472  3495 I net.osmand:native: Native ok (rendering 0, text 39 ms) 
06-29 10:30:11.251  3472  3495 I net.osmand:native:  (2698 points, 387 points inside, 162 of 185 objects visible)
06-29 10:30:11.251  3472  3495 I net.osmand:native: End Rendering image
06-29 10:30:11.251  3472  3495 I net.osmand:native: Native ok (init 1, rendering 0) 
06-29 10:30:11.251  3472  3495 I net.osmand: MapRenderRepositories true
06-29 10:30:11.265  3472  3472 I net.osmand: RoutingHelper Recalculate route, because wrong movement direction: 110.55182
06-29 10:30:11.265  3472  3472 W MaterialProgressBar: Current drawable is not a MaterialProgressDrawable, you may want to set app:mpb_setBothDrawables
06-29 10:30:11.294  3472 12018 I net.osmand: RouteProvider Start finding route from Location[mProvider=gps,mTime=1561818611000,mLatitude=-7.230893333333333,mLongitude=-35.90900333333333,mHasAltitude=false,mAltitude=0.0,mHasSpeed=true,mSpeed=0.0,mHasBearing=true,mBearing=0.0,mHasAccuracy=true,mAccuracy=20.0 to Lat -7.2325487 Lon -35.912907 using OsmAnd (offline)
06-29 10:30:11.295  3472 12018 W net.osmand: RouteProvider Use 343 MB Free 2.8789062 of 24.918442 max 384.0
06-29 10:30:11.677  3472 12018 I net.osmand:native: Start point was found 1886269049 [Native]
06-29 10:30:11.685  3472 12018 I net.osmand:native: End point was found 1886269277 [Native]
06-29 10:30:11.686  3472 12018 W net.osmand:native: [Native] Result visited (visited roads 2, visited segments 1 / 0 , queue sizes 3 / 1 ) 
06-29 10:30:11.686  3472 12018 W net.osmand:native: [Native] Result timing (time to load 0, time to calc 0, loaded tiles 21) 
06-29 10:30:11.686  3472 12018 W net.osmand:native: [Native] Memory occupied (Routing context 473 Kb, search 0 Kb)
06-29 10:30:11.688  3472 12018 I net.osmand:native: No route found
06-29 10:30:11.700  3472 12018 I net.osmand: RoutePlannerFrontEnd Native routing took 0.087 seconds
06-29 10:30:11.700  3472 12018 I System.out: ROUTE : 
06-29 10:30:11.701  3472 12018 I net.osmand: RouteResultPreparation <test regions="" description="" best_percent="" vehicle="car" 
06-29 10:30:11.701  3472 12018 I net.osmand:   start_lat="-7.23089" start_lon="-35.90900" target_lat="-7.23255" target_lon="-35.91291"  routing_time="0.00" loadedTiles="21" visitedSegments="2" complete_distance="0.00" complete_time="0.00" >
06-29 10:30:11.701  3472 12018 I System.out: <test regions="" description="" best_percent="" vehicle="car" 
06-29 10:30:11.701  3472 12018 I System.out:   start_lat="-7.23089" start_lon="-35.90900" target_lat="-7.23255" target_lon="-35.91291"  routing_time="0.00" loadedTiles="21" visitedSegments="2" complete_distance="0.00" complete_time="0.00" >
06-29 10:30:11.701  3472 12018 I System.out: </test>
06-29 10:30:11.701  3472 12018 I System.out: <test regions="" description="" best_percent="" vehicle="car" 
06-29 10:30:11.701  3472 12018 I System.out:   start_lat="-7.23089" start_lon="-35.90900" target_lat="-7.23255" target_lon="-35.91291"  routing_time="0.00" loadedTiles="21" visitedSegments="2" complete_distance="0.00" complete_time="0.00" >
06-29 10:30:11.701  3472 12018 I net.osmand: RouteProvider Finding route contained 0 points for 407 ms
06-29 10:30:11.845  3472  3482 I zygote  : Background concurrent copying GC freed 142417(6MB) AllocSpace objects, 28(628KB) LOS objects, 25% free, 17MB/23MB, paused 1.222ms total 242.061ms
06-29 10:30:13.357  1399  1414 D hwcomposer: hw_composer sent 220 syncs in 62s
06-29 10:30:16.272  1964  1964 I GeofencerStateMachine: sendNewTransitions called.
06-29 10:30:16.311  1964  1964 I GeofencerStateMachine: sendNewTransitions called.
06-29 10:30:16.323  1964  1964 I GeofencerStateMachine: sendNewLocationAvailability: availability=LocationAvailability[isLocationAvailable: true]
06-29 10:30:16.394  1964  1964 I GeofencerStateMachine: sendNewLocationAvailability: availability=LocationAvailability[isLocationAvailable: true]
06-29 10:30:16.915  3472  3472 D net.osmand: RoutingHelper Processed point bearing deltas : 172.51899337768555 76.28771591186523
06-29 10:30:16.959  3472  3472 I net.osmand: TTSCommandPlayerImpl Send message to pebble saia na  terceira  sada para   Avenida Marechal Floriano Peixoto 
06-29 10:30:16.959  3472  3472 D net.osmand: AbstractPrologCommandPlayer requestAudioFocus
06-29 10:30:16.959  3472  3472 W AudioManager: Use of stream types is deprecated for operations other than volume control
06-29 10:30:16.959  3472  3472 W AudioManager: See the documentation of requestAudioFocus() for what to use instead with android.media.AudioAttributes to qualify your playback use case
06-29 10:30:16.963  1600  2099 I MediaFocusControl: requestAudioFocus() from uid/pid 10104/3472 clientId=android.media.AudioManager@d05fab5net.osmand.plus.api.AudioFocusHelperImpl@5975ff4 callingPack=net.osmand req=3 flags=0x0 sdk=26
06-29 10:30:16.964  3472  3472 D net.osmand: TTSCommandPlayerImpl ttsRequests=1
06-29 10:30:16.966  5191  5280 I TTS.GoogleTTSServiceImp: Synthesis request for locale por-BRA and name pt-BR-language
06-29 10:30:16.967  5191  5280 I TTS.GoogleTTSServiceImp: TTS dispatch: pt-br-x-afs-lstm-embedded
06-29 10:30:17.013  5191  5294 D AudioTrack: Client defaulted notificationFrames to 1365 for frameCount 4096
06-29 10:30:17.046  1390  2659 W audio_hw_generic: Not supplying enough data to HAL, expected position 43098517 , only wrote 43098480
06-29 10:30:17.127  1399  1430 D         : HostConnection::get() New Host Connection established 0xb1a21000, tid 1430
06-29 10:30:17.214  1600  1617 I WifiService: requestActivityInfo uid=1000
06-29 10:30:17.216  1600  1617 I WifiService: reportActivityInfo uid=1000
06-29 10:30:17.217  1600  1617 I WifiService: getSupportedFeatures uid=1000
06-29 10:30:17.240  1704  1723 I zygote  : Background concurrent copying GC freed 164480(5MB) AllocSpace objects, 0(0B) LOS objects, 47% free, 6MB/12MB, paused 2.023ms total 119.177ms
06-29 10:30:17.262  3472  3472 D net.osmand: DayNightHelper Sunrise/sunset setting to day: true
06-29 10:30:18.067  1600  2206 I WifiService: acquireWifiLock uid=10014 lockMode=2
06-29 10:30:18.232  1600  4486 I WifiService: releaseWifiLock uid=10014
06-29 10:30:18.300  5485 12023 D NetworkSecurityConfig: No Network Security Config specified, using platform default
06-29 10:30:18.436  5485  5485 I Dialer  : SpamAsyncTaskUtil.getAndUpdateServerSpamList - request:a: "us"
06-29 10:30:18.436  5485  5485 I Dialer  : b: 230502
06-29 10:30:18.436  5485  5485 I Dialer  : c: 230502
06-29 10:30:18.436  5485  5485 I Dialer  : d: 1561810645000
06-29 10:30:18.436  5485  5485 I Dialer  : e: "us"
06-29 10:30:18.436  5485  5485 I Dialer  : f: ""
06-29 10:30:18.436  5485  5485 I Dialer  : p: -1
06-29 10:30:18.466  1600  1617 I WifiService: requestActivityInfo uid=1000
06-29 10:30:18.466  1600  1617 I WifiService: reportActivityInfo uid=1000
06-29 10:30:18.466  1600  1617 I WifiService: getSupportedFeatures uid=1000
06-29 10:30:18.481  1964  1978 I zygote  : Background concurrent copying GC freed 135480(5MB) AllocSpace objects, 0(0B) LOS objects, 40% free, 8MB/14MB, paused 1.628ms total 354.506ms
06-29 10:30:18.546  5485 12025 I Dialer  : DialerExecutors.newThread - creating low priority thread
06-29 10:30:18.787  1406  1406 I boot-pipe: done populating /dev/random
06-29 10:30:19.153  5485 12029 I Dialer  : SpamAsyncTaskUtil.onNext - gRPC data received from server
06-29 10:30:19.153  5485 12029 I Dialer  : SpamAsyncTaskUtil.onNext - updated spam list for countryIso: us  blacklist version: 1561810645000
06-29 10:30:19.161  5485 12029 I Dialer  : SpamDatabaseHelper.bulkInsertNumbersToServerTable - no numbers added to the spam list.
06-29 10:30:19.161  5485 12029 I Dialer  : SpamDatabaseHelper.bulkDeleteNumbersFromServerTable - no numbers removed from the spam list.
06-29 10:30:19.173  5485 12029 I Dialer  : SpamAsyncTaskUtil.onNext - updated spam list with difference list to blacklist version: 1561810645000
06-29 10:30:19.183  5485 12029 I Dialer  : SpamAsyncTaskUtil.onCompleted - gRPC blocked list fetching completed.
06-29 10:30:20.635  3472  3472 D net.osmand: RoutingHelper Processed point bearing deltas : 176.87367248535156 24.25792694091797
06-29 10:30:20.703  3472  3496 I net.osmand: MapRenderRepositories RENDER MAP: update due to tile box
06-29 10:30:20.710  3472  3496 I net.osmand: MapRenderRepositories RENDER MAP: Interrupt rendering map
06-29 10:30:20.738  3472  3496 I net.osmand: MapRenderRepositories RENDER MAP: update due to tile box
06-29 10:30:20.738  3472  3496 I net.osmand: MapRenderRepositories RENDER MAP: Interrupt rendering map
06-29 10:30:20.994  1600  1609 I zygote  : Background concurrent copying GC freed 57840(2MB) AllocSpace objects, 24(1336KB) LOS objects, 29% free, 14MB/20MB, paused 1.363ms total 323.243ms
06-29 10:30:21.025  3472  3495 I net.osmand: MapRenderRepositories RENDER MAP: new request RotatedTileBox [lat=-7.231183624534323, lon=-35.91001283665496, rotate=0.0, density=2.625, zoom=17, mapDensity=3.9375, zoomAnimation=0.0, zoomFloatPart=0.0, cx=900, cy=1972, pixWidth=1800, pixHeight=2690]
06-29 10:30:21.069  3472  3495 I net.osmand:native: Route objects 105
06-29 10:30:21.069  3472  3495 I net.osmand:native: Ocean: no completed & incompleted coastlines 0
06-29 10:30:21.069  3472  3495 I net.osmand:native: Detailed coastlines = 0, basemap coastlines 0, ocean tile 0.000000. Detailed added 0, basemap processed 1, basemap added 0.
06-29 10:30:21.070  3472  3495 I net.osmand:native: Search : tree - read( 660), accept( 63), objs - visit( 3397), accept(136), in result(105) 
06-29 10:30:21.071  3472  3495 I net.osmand: MapRenderRepositories BLat=-7.233488726615906, TLat=-7.22548086643219, LLong=-35.91246032714844, RLong=-35.90755844116211, zoom=17
06-29 10:30:21.071  3472  3495 I net.osmand: MapRenderRepositories Native search: 46 ms 
06-29 10:30:21.077  3472  3495 I net.osmand:native: Creating SkBitmap in native w:1800 h:2690 s:7200 f:1!
06-29 10:30:21.077  3472  3495 I net.osmand:native: Row bytes for RGBA_8888 is 7200
06-29 10:30:21.077  3472  3495 I net.osmand:native: Locked 19368000 bytes at 0x78300000
06-29 10:30:21.077  3472  3495 I net.osmand:native: Initializing rendering
06-29 10:30:21.079  3472  3495 I net.osmand:native: Rendering image
06-29 10:30:21.197  3472  3495 I net.osmand:native: Native ok (rendering 0, text 37 ms) 
06-29 10:30:21.197  3472  3495 I net.osmand:native:  (2535 points, 486 points inside, 176 of 201 objects visible)
06-29 10:30:21.197  3472  3495 I net.osmand:native: End Rendering image
06-29 10:30:21.197  3472  3495 I net.osmand:native: Native ok (init 1, rendering 0) 
06-29 10:30:21.210  3472  3495 I net.osmand: MapRenderRepositories true
06-29 10:30:22.225  5191  5294 D AudioTrack: stop() called with 112090 frames delivered
06-29 10:30:17.062  1600  4486 V MediaRouterService: restoreBluetoothA2dp(false)
06-29 10:30:22.227  1600  2099 V MediaRouterService: restoreBluetoothA2dp(false)
06-29 10:30:22.231  3472  3546 D net.osmand: AbstractPrologCommandPlayer abandonAudioFocus
06-29 10:30:22.234  1600  2206 I MediaFocusControl: abandonAudioFocus() from uid/pid 10104/3472 clientId=android.media.AudioManager@d05fab5net.osmand.plus.api.AudioFocusHelperImpl@5975ff4
06-29 10:30:22.235  3472  3546 D net.osmand: TTSCommandPlayerImpl ttsRequests=0
06-29 10:30:22.246  1600  1617 E BatteryExternalStatsWorker: modem info is invalid: ModemActivityInfo{ mTimestamp=0 mSleepTimeMs=0 mIdleTimeMs=0 mTxTimeMs[]=[0, 0, 0, 0, 0] mRxTimeMs=0 mEnergyUsed=0}
06-29 10:30:25.252  1390  1390 W audio_hw_generic: Not supplying enough data to HAL, expected position 43884816 , only wrote 43492320
