07-03 11:47:11.457  5305  5305 I net.osmand: RoutingHelper Recalculate route, because correlation  : 214.74408039865548
07-03 11:47:12.426  5305  5305 I chatty  : uid=10104(net.osmand) identical 1 line
07-03 11:47:12.465  5305  5305 I net.osmand: RoutingHelper Recalculate route, because correlation  : 214.74408039865548
07-03 11:47:12.465  5305  5305 I net.osmand: RoutingHelper Recalculate route, because wrong movement direction: 246.21614
07-03 11:47:12.521  5305  5305 I net.osmand: RoutingHelper Recalculate route, because correlation  : 214.74408039865548
07-03 11:47:12.521  5305  5305 I net.osmand: RoutingHelper Recalculate route, because wrong movement direction: 246.21614
07-03 11:47:12.595  5305  5305 I net.osmand: RoutingHelper Recalculate route, because correlation  : 214.74408039865548
07-03 11:47:13.077  5305  5315 I zygote  : Background concurrent copying GC freed 401985(8MB) AllocSpace objects, 0(0B) LOS objects, 12% free, 42MB/48MB, paused 2.597ms total 609.869ms
07-03 11:47:13.381  5305  5305 I net.osmand: RoutingHelper Recalculate route, because correlation  : 214.74408039865548
07-03 11:47:13.381  5305  5305 I net.osmand: RoutingHelper Recalculate route, because wrong movement direction: 246.21614
07-03 11:47:13.394  5305  5305 I net.osmand: RoutingHelper Recalculate route, because correlation  : 214.74408039865548
07-03 11:47:13.770  5305  5305 I net.osmand: RoutingHelper Recalculate route, because correlation  : 214.74408039865548
07-03 11:47:13.770  5305  5305 I net.osmand: RoutingHelper Recalculate route, because wrong movement direction: 246.21614
07-03 11:47:13.930  5305  5305 I net.osmand: RoutingHelper Recalculate route, because correlation  : 214.74408039865548
07-03 11:47:14.399  5305  5305 I net.osmand: RoutingHelper Recalculate route, because correlation  : 214.74408039865548
07-03 11:47:14.399  5305  5305 I net.osmand: RoutingHelper Recalculate route, because wrong movement direction: 246.21614
07-03 11:47:14.491  5305  5305 I net.osmand: RoutingHelper Recalculate route, because correlation  : 214.74408039865548
07-03 11:47:14.929  5305  5315 I zygote  : Background concurrent copying GC freed 367535(8MB) AllocSpace objects, 0(0B) LOS objects, 12% free, 42MB/48MB, paused 999us total 801.059ms
07-03 11:47:15.093  5305  5305 I net.osmand: RoutingHelper Recalculate route, because correlation  : 214.74408039865548
07-03 11:47:15.093  5305  5305 I net.osmand: RoutingHelper Recalculate route, because wrong movement direction: 246.21614
07-03 11:47:15.143  5305  5305 I net.osmand: RoutingHelper Recalculate route, because correlation  : 214.74408039865548
07-03 11:47:15.384  5305  5305 I net.osmand: RoutingHelper Recalculate route, because correlation  : 214.74408039865548
07-03 11:47:15.384  5305  5305 I net.osmand: RoutingHelper Recalculate route, because wrong movement direction: 246.21614
07-03 11:47:15.397  5305  5305 I net.osmand: RoutingHelper Recalculate route, because correlation  : 214.74408039865548
07-03 11:47:16.349  5305  5305 I net.osmand: RoutingHelper Recalculate route, because correlation  : 214.74408039865548
07-03 11:47:16.349  5305  5305 I net.osmand: RoutingHelper Recalculate route, because wrong movement direction: 246.21614
07-03 11:47:16.393  5305  5305 I net.osmand: RoutingHelper Recalculate route, because correlation  : 214.74408039865548
07-03 11:47:16.545  5305  5305 I net.osmand: RoutingHelper Recalculate route, because correlation  : 214.74408039865548
07-03 11:47:16.549  5305  5305 I net.osmand: RoutingHelper Recalculate route, because wrong movement direction: 246.21614
07-03 11:47:16.597  5305  5305 I net.osmand: RoutingHelper Recalculate route, because correlation  : 214.74408039865548
07-03 11:47:17.037  1604  3712 I WifiService: getConnectionInfo uid=10014
07-03 11:47:17.041  1970 12771 E WakeLock: GCM_HB_ALARM release without a matched acquire!
07-03 11:47:17.046  1604  1621 I WifiService: requestActivityInfo uid=1000
07-03 11:47:17.046  1604  1621 I WifiService: reportActivityInfo uid=1000
07-03 11:47:17.046  1604  1621 I WifiService: getSupportedFeatures uid=1000
07-03 11:47:17.110  5305  5315 I zygote  : Background concurrent copying GC freed 367418(8MB) AllocSpace objects, 0(0B) LOS objects, 12% free, 43MB/49MB, paused 1.669ms total 712.018ms
07-03 11:47:17.319  1604  3712 I WifiService: getConnectionInfo uid=10014
07-03 11:47:17.383  5305  5305 I net.osmand: RoutingHelper Recalculate route, because correlation  : 214.74408039865548
07-03 11:47:17.384  5305  5305 I net.osmand: RoutingHelper Recalculate route, because wrong movement direction: 246.21614
07-03 11:47:17.558  5305  5305 I net.osmand: RoutingHelper Recalculate route, because correlation  : 214.74408039865548
07-03 11:47:17.780  5305  5305 I net.osmand: RoutingHelper Recalculate route, because correlation  : 214.74408039865548
07-03 11:47:17.780  5305  5305 I net.osmand: RoutingHelper Recalculate route, because wrong movement direction: 246.21614
07-03 11:47:17.821  5305  5305 I net.osmand: RoutingHelper Recalculate route, because correlation  : 214.74408039865548
07-03 11:47:18.481  5305  5305 I net.osmand: RoutingHelper Recalculate route, because correlation  : 214.74408039865548
07-03 11:47:18.481  5305  5305 I net.osmand: RoutingHelper Recalculate route, because wrong movement direction: 246.21614
07-03 11:47:18.595  5305  5305 I net.osmand: RoutingHelper Recalculate route, because correlation  : 214.74408039865548
07-03 11:47:19.122  5305  5305 I net.osmand: RoutingHelper Recalculate route, because correlation  : 214.74408039865548
07-03 11:47:19.123  5305  5305 I net.osmand: RoutingHelper Recalculate route, because wrong movement direction: 246.21614
07-03 11:47:19.181  5305  5305 I net.osmand: RoutingHelper Recalculate route, because correlation  : 214.74408039865548
07-03 11:47:19.280  5305  5315 I zygote  : Background concurrent copying GC freed 420846(9MB) AllocSpace objects, 0(0B) LOS objects, 11% free, 44MB/50MB, paused 4.969ms total 852.197ms
07-03 11:47:19.399  5305  5305 I net.osmand: RoutingHelper Recalculate route, because correlation  : 214.74408039865548
07-03 11:47:19.429  5305  5305 I net.osmand: RoutingHelper Recalculate route, because correlation  : 214.74408039865548
07-03 11:47:19.429  5305  5305 I net.osmand: RoutingHelper Recalculate route, because wrong movement direction: 246.21614
07-03 11:47:20.372  5305  5305 I net.osmand: RoutingHelper Recalculate route, because correlation  : 214.74408039865548
07-03 11:47:20.372  5305  5305 I net.osmand: RoutingHelper Recalculate route, because wrong movement direction: 246.21614
07-03 11:47:20.489  5305  5305 I net.osmand: RoutingHelper Recalculate route, because correlation  : 214.74408039865548
07-03 11:47:20.489  5305  5305 I net.osmand: RoutingHelper Recalculate route, because wrong movement direction: 246.21614
07-03 11:47:20.724  5305  5305 I net.osmand: RoutingHelper Recalculate route, because correlation  : 214.74408039865548
07-03 11:47:21.498  5305  5305 I chatty  : uid=10104(net.osmand) identical 2 lines
07-03 11:47:21.501  5305  5305 I net.osmand: RoutingHelper Recalculate route, because correlation  : 214.74408039865548
07-03 11:47:21.501  5305  5305 I net.osmand: RoutingHelper Recalculate route, because wrong movement direction: 246.21614
07-03 11:47:21.551  5305  5315 I zygote  : Background concurrent copying GC freed 455015(10MB) AllocSpace objects, 0(0B) LOS objects, 12% free, 43MB/49MB, paused 4.055ms total 1.034s
07-03 11:47:21.803  5305  5305 I net.osmand: RoutingHelper Recalculate route, because correlation  : 214.74408039865548
07-03 11:47:21.803  5305  5305 I net.osmand: RoutingHelper Recalculate route, because wrong movement direction: 246.21614
07-03 11:47:21.942  5305  5305 I net.osmand: RoutingHelper Recalculate route, because correlation  : 214.74408039865548
07-03 11:47:22.245  1604  1613 I zygote  : Background concurrent copying GC freed 52975(2MB) AllocSpace objects, 0(0B) LOS objects, 8% free, 65MB/71MB, paused 1.434ms total 1.747s
07-03 11:47:22.386  5305  5305 I net.osmand: RoutingHelper Recalculate route, because correlation  : 214.74408039865548
07-03 11:47:22.403  5305  5305 I net.osmand: RoutingHelper Recalculate route, because correlation  : 214.74408039865548
07-03 11:47:22.403  5305  5305 I net.osmand: RoutingHelper Recalculate route, because wrong movement direction: 246.21614
07-03 11:47:23.041  5305  5315 I zygote  : Background concurrent copying GC freed 429353(9MB) AllocSpace objects, 0(0B) LOS objects, 12% free, 41MB/47MB, paused 2.012ms total 614.462ms
07-03 11:47:23.195  5305  5305 I net.osmand: RoutingHelper Recalculate route, because correlation  : 214.74408039865548
07-03 11:47:23.195  5305  5305 I net.osmand: RoutingHelper Recalculate route, because wrong movement direction: 246.21614
07-03 11:47:23.236  5305  5305 I net.osmand: RoutingHelper Recalculate route, because correlation  : 214.74408039865548
07-03 11:47:23.406  5305  5305 I net.osmand: RoutingHelper Recalculate route, because correlation  : 214.74408039865548
07-03 11:47:23.407  5305  5305 I net.osmand: RoutingHelper Recalculate route, because wrong movement direction: 246.21614
07-03 11:47:23.542  5305  5305 I net.osmand: RoutingHelper Recalculate route, because correlation  : 214.74408039865548
07-03 11:47:24.081  1604  2058 I WifiService: acquireWifiLock uid=10014 lockMode=2
07-03 11:47:24.145  5305 12745 I net.osmand:native: Run GC (before 57.766853 Mb after 44.758789 Mb) unload 260 of 1020 tiles
07-03 11:47:24.161  1604  5753 I WifiService: releaseWifiLock uid=10014
07-03 11:47:24.391  5305  5305 I net.osmand: RoutingHelper Recalculate route, because correlation  : 214.74408039865548
07-03 11:47:24.391  5305  5305 I net.osmand: RoutingHelper Recalculate route, because wrong movement direction: 246.21614
07-03 11:47:24.548  5305  5305 I net.osmand: RoutingHelper Recalculate route, because correlation  : 214.74408039865548
07-03 11:47:24.582  5305  5305 I net.osmand: RoutingHelper Recalculate route, because correlation  : 214.74408039865548
07-03 11:47:24.582  5305  5305 I net.osmand: RoutingHelper Recalculate route, because wrong movement direction: 246.21614
07-03 11:47:24.635  5305  5305 I net.osmand: RoutingHelper Recalculate route, because correlation  : 214.74408039865548
07-03 11:47:25.349  5305  5315 I zygote  : Background concurrent copying GC freed 323122(7MB) AllocSpace objects, 0(0B) LOS objects, 12% free, 43MB/49MB, paused 4.275ms total 852.676ms
07-03 11:47:25.387  5305  5305 I net.osmand: RoutingHelper Recalculate route, because correlation  : 214.74408039865548
07-03 11:47:25.388  5305  5305 I net.osmand: RoutingHelper Recalculate route, because wrong movement direction: 246.21614
07-03 11:47:25.573  5305  5305 I net.osmand: RoutingHelper Recalculate route, because correlation  : 214.74408039865548
07-03 11:47:25.868  5305  5305 I net.osmand: RoutingHelper Recalculate route, because correlation  : 214.74408039865548
07-03 11:47:25.869  5305  5305 I net.osmand: RoutingHelper Recalculate route, because wrong movement direction: 246.21614
07-03 11:47:25.873  5305  5305 I net.osmand: RoutingHelper Recalculate route, because correlation  : 214.74408039865548
07-03 11:47:26.431  1970  1970 I GeofencerStateMachine: sendNewTransitions called.
07-03 11:47:26.438  5305  5305 I net.osmand: RoutingHelper Recalculate route, because correlation  : 214.74408039865548
07-03 11:47:26.438  5305  5305 I net.osmand: RoutingHelper Recalculate route, because wrong movement direction: 246.21614
07-03 11:47:26.590  5305  5315 I zygote  : Background concurrent copying GC freed 417541(9MB) AllocSpace objects, 0(0B) LOS objects, 12% free, 41MB/47MB, paused 2.512ms total 627.205ms
07-03 11:47:26.643  5305  5305 I net.osmand: RoutingHelper Recalculate route, because correlation  : 214.74408039865548
07-03 11:47:27.074  5305  5305 I chatty  : uid=10104(net.osmand) identical 1 line
07-03 11:47:27.136  5305  5305 I net.osmand: RoutingHelper Recalculate route, because correlation  : 214.74408039865548
07-03 11:47:27.136  5305  5305 I net.osmand: RoutingHelper Recalculate route, because wrong movement direction: 246.21614
07-03 11:47:27.400  5305  5305 I net.osmand: RoutingHelper Recalculate route, because correlation  : 214.74408039865548
07-03 11:47:27.400  5305  5305 I net.osmand: RoutingHelper Recalculate route, because wrong movement direction: 246.21614
07-03 11:47:27.460  5305  5305 I net.osmand: RoutingHelper Recalculate route, because correlation  : 214.74408039865548
07-03 11:47:28.053  5305  5315 I zygote  : Background concurrent copying GC freed 341390(7MB) AllocSpace objects, 0(0B) LOS objects, 12% free, 41MB/47MB, paused 1.217ms total 569.359ms
07-03 11:47:28.332  5305  5305 I net.osmand: RoutingHelper Recalculate route, because correlation  : 214.74408039865548
07-03 11:47:28.332  5305  5305 I net.osmand: RoutingHelper Recalculate route, because wrong movement direction: 246.21614
07-03 11:47:28.431  5305  5305 I net.osmand: RoutingHelper Recalculate route, because correlation  : 214.74408039865548
07-03 11:47:28.534  5305  5305 I net.osmand: RoutingHelper Recalculate route, because correlation  : 214.74408039865548
07-03 11:47:28.535  5305  5305 I net.osmand: RoutingHelper Recalculate route, because wrong movement direction: 246.21614
07-03 11:47:28.542  5305  5305 I net.osmand: RoutingHelper Recalculate route, because correlation  : 214.74408039865548
07-03 11:47:29.199  5305  5315 I zygote  : Background concurrent copying GC freed 342249(7MB) AllocSpace objects, 0(0B) LOS objects, 12% free, 40MB/46MB, paused 2.184ms total 440.708ms
07-03 11:47:29.387  5305  5305 I net.osmand: RoutingHelper Recalculate route, because correlation  : 214.74408039865548
07-03 11:47:29.388  5305  5305 I net.osmand: RoutingHelper Recalculate route, because wrong movement direction: 246.21614
07-03 11:47:29.569  5305  5305 I net.osmand: RoutingHelper Recalculate route, because correlation  : 214.74408039865548
07-03 11:47:29.689  5305  5305 I net.osmand: RoutingHelper Recalculate route, because correlation  : 214.74408039865548
07-03 11:47:29.690  5305  5305 I net.osmand: RoutingHelper Recalculate route, because wrong movement direction: 246.21614
07-03 11:47:29.696  5305  5305 I net.osmand: RoutingHelper Recalculate route, because correlation  : 214.74408039865548
07-03 11:47:30.446  5305  5305 I net.osmand: RoutingHelper Recalculate route, because correlation  : 214.74408039865548
07-03 11:47:30.446  5305  5305 I net.osmand: RoutingHelper Recalculate route, because wrong movement direction: 246.21614
07-03 11:47:30.491  5305  5305 I net.osmand: RoutingHelper Recalculate route, because correlation  : 214.74408039865548
07-03 11:47:31.045  5305  5305 I net.osmand: RoutingHelper Recalculate route, because correlation  : 214.74408039865548
07-03 11:47:31.045  5305  5305 I net.osmand: RoutingHelper Recalculate route, because wrong movement direction: 246.21614
07-03 11:47:31.117  5305  5305 I net.osmand: RoutingHelper Recalculate route, because correlation  : 214.74408039865548
07-03 11:47:31.380  5305  5315 I zygote  : Background concurrent copying GC freed 280724(6MB) AllocSpace objects, 0(0B) LOS objects, 12% free, 43MB/49MB, paused 4.191ms total 777.362ms
07-03 11:47:31.490  5305  5305 I net.osmand: RoutingHelper Recalculate route, because correlation  : 214.74408039865548
07-03 11:47:31.490  5305  5305 I net.osmand: RoutingHelper Recalculate route, because wrong movement direction: 246.21614
07-03 11:47:31.499  5305  5305 I net.osmand: RoutingHelper Recalculate route, because correlation  : 214.74408039865548
07-03 11:47:32.280  5305  5305 I net.osmand: RoutingHelper Recalculate route, because correlation  : 214.74408039865548
07-03 11:47:32.280  5305  5305 I net.osmand: RoutingHelper Recalculate route, because wrong movement direction: 246.21614
07-03 11:47:32.332  1604  1621 I WifiService: requestActivityInfo uid=1000
07-03 11:47:32.332  1604  1621 I WifiService: reportActivityInfo uid=1000
07-03 11:47:32.332  1604  1621 I WifiService: getSupportedFeatures uid=1000
07-03 11:47:32.358  5305  5305 I net.osmand: RoutingHelper Recalculate route, because correlation  : 214.74408039865548
07-03 11:47:32.418  5305  5305 I net.osmand: RoutingHelper Recalculate route, because correlation  : 214.74408039865548
07-03 11:47:32.418  5305  5305 I net.osmand: RoutingHelper Recalculate route, because wrong movement direction: 246.21614
07-03 11:47:32.549  5305  5305 I net.osmand: RoutingHelper Recalculate route, because correlation  : 214.74408039865548
07-03 11:47:33.106  5305  5315 I zygote  : Background concurrent copying GC freed 403297(8MB) AllocSpace objects, 0(0B) LOS objects, 12% free, 41MB/47MB, paused 8.971ms total 526.678ms
07-03 11:47:33.395  5305  5305 I net.osmand: RoutingHelper Recalculate route, because correlation  : 214.74408039865548
07-03 11:47:33.395  5305  5305 I net.osmand: RoutingHelper Recalculate route, because wrong movement direction: 246.21614
07-03 11:47:33.512  5305  5305 I net.osmand: RoutingHelper Recalculate route, because correlation  : 214.74408039865548
07-03 11:47:33.756  5305  5305 I net.osmand: RoutingHelper Recalculate route, because correlation  : 214.74408039865548
07-03 11:47:33.756  5305  5305 I net.osmand: RoutingHelper Recalculate route, because wrong movement direction: 246.21614
07-03 11:47:33.865  5305  5305 I net.osmand: RoutingHelper Recalculate route, because correlation  : 214.74408039865548
07-03 11:47:34.472  5305  5305 I chatty  : uid=10104(net.osmand) identical 1 line
07-03 11:47:34.501  5305  5305 I net.osmand: RoutingHelper Recalculate route, because correlation  : 214.74408039865548
07-03 11:47:34.501  5305  5305 I net.osmand: RoutingHelper Recalculate route, because wrong movement direction: 246.21614
07-03 11:47:34.901  5305  5315 I zygote  : Background concurrent copying GC freed 310411(6MB) AllocSpace objects, 0(0B) LOS objects, 12% free, 42MB/48MB, paused 4.330ms total 833.164ms
07-03 11:47:35.065  5305  5305 I net.osmand: RoutingHelper Recalculate route, because correlation  : 214.74408039865548
07-03 11:47:35.066  5305  5305 I net.osmand: RoutingHelper Recalculate route, because wrong movement direction: 246.21614
07-03 11:47:35.222  5305  5305 I net.osmand: RoutingHelper Recalculate route, because correlation  : 214.74408039865548
07-03 11:47:35.448  5305  5305 I net.osmand: RoutingHelper Recalculate route, because correlation  : 214.74408039865548
07-03 11:47:35.448  5305  5305 I net.osmand: RoutingHelper Recalculate route, because wrong movement direction: 246.21614
07-03 11:47:35.637  5305  5305 I net.osmand: RoutingHelper Recalculate route, because correlation  : 214.74408039865548
07-03 11:47:36.215  5305  5315 I zygote  : Background concurrent copying GC freed 370972(8MB) AllocSpace objects, 0(0B) LOS objects, 12% free, 40MB/46MB, paused 1.610ms total 510.811ms
07-03 11:47:36.380  5305  5305 I net.osmand: RoutingHelper Recalculate route, because correlation  : 214.74408039865548
07-03 11:47:36.380  5305  5305 I net.osmand: RoutingHelper Recalculate route, because wrong movement direction: 246.21614
07-03 11:47:36.462  5305  5305 I net.osmand: RoutingHelper Recalculate route, because correlation  : 214.74408039865548
07-03 11:47:36.463  5305  5305 I net.osmand: RoutingHelper Recalculate route, because wrong movement direction: 246.21614
07-03 11:47:36.624  5305  5305 I net.osmand: RoutingHelper Recalculate route, because correlation  : 214.74408039865548
07-03 11:47:36.716  5305  5305 I net.osmand: RoutingHelper Recalculate route, because correlation  : 214.74408039865548
07-03 11:47:37.349  5305  5315 I zygote  : Background concurrent copying GC freed 290368(6MB) AllocSpace objects, 0(0B) LOS objects, 12% free, 40MB/46MB, paused 2.758ms total 433.026ms
07-03 11:47:37.407  5305  5305 I net.osmand: RoutingHelper Recalculate route, because correlation  : 214.74408039865548
07-03 11:47:37.408  5305  5305 I net.osmand: RoutingHelper Recalculate route, because wrong movement direction: 246.21614
07-03 11:47:37.425  5305  5305 I net.osmand: RoutingHelper Recalculate route, because correlation  : 214.74408039865548
07-03 11:47:37.763  5305  5305 I net.osmand: RoutingHelper Recalculate route, because correlation  : 214.74408039865548
07-03 11:47:37.763  5305  5305 I net.osmand: RoutingHelper Recalculate route, because wrong movement direction: 246.21614
07-03 11:47:37.863  5305  5305 I net.osmand: RoutingHelper Recalculate route, because correlation  : 214.74408039865548
07-03 11:47:38.333  5305  5315 I zygote  : Background concurrent copying GC freed 287778(6MB) AllocSpace objects, 0(0B) LOS objects, 13% free, 40MB/46MB, paused 1.470ms total 388.306ms
07-03 11:47:38.397  5305  5305 I net.osmand: RoutingHelper Recalculate route, because correlation  : 214.74408039865548
07-03 11:47:38.397  5305  5305 I net.osmand: RoutingHelper Recalculate route, because wrong movement direction: 246.21614
07-03 11:47:38.440  5305  5305 I net.osmand: RoutingHelper Recalculate route, because correlation  : 214.74408039865548
07-03 11:47:38.946  5305  5305 I net.osmand: RoutingHelper Recalculate route, because correlation  : 214.74408039865548
07-03 11:47:38.946  5305  5305 I net.osmand: RoutingHelper Recalculate route, because wrong movement direction: 246.21614
07-03 11:47:38.963  5305  5305 I net.osmand: RoutingHelper Recalculate route, because correlation  : 214.74408039865548
07-03 11:47:39.423  5305  5305 I net.osmand: RoutingHelper Recalculate route, because correlation  : 214.74408039865548
07-03 11:47:39.423  5305  5305 I net.osmand: RoutingHelper Recalculate route, because wrong movement direction: 246.21614
07-03 11:47:39.429  5305  5305 I net.osmand: RoutingHelper Recalculate route, because correlation  : 214.74408039865548
07-03 11:47:40.020  5305  5315 I zygote  : Background concurrent copying GC freed 280239(6MB) AllocSpace objects, 0(0B) LOS objects, 12% free, 42MB/48MB, paused 2.363ms total 580.113ms
07-03 11:47:40.323  5305  5305 I net.osmand: RoutingHelper Recalculate route, because correlation  : 214.74408039865548
07-03 11:47:40.324  5305  5305 I net.osmand: RoutingHelper Recalculate route, because wrong movement direction: 246.21614
07-03 11:47:40.461  5305  5305 I net.osmand: RoutingHelper Recalculate route, because correlation  : 214.74408039865548
07-03 11:47:40.461  5305  5305 I net.osmand: RoutingHelper Recalculate route, because wrong movement direction: 246.21614
07-03 11:47:40.528  5305  5305 I net.osmand: RoutingHelper Recalculate route, because correlation  : 214.74408039865548
07-03 11:47:41.421  5305  5305 I net.osmand: RoutingHelper Recalculate route, because correlation  : 214.74408039865548
07-03 11:47:41.421  5305  5305 I net.osmand: RoutingHelper Recalculate route, because wrong movement direction: 246.21614
07-03 11:47:41.554  5305  5305 I net.osmand: RoutingHelper Recalculate route, because correlation  : 214.74408039865548
07-03 11:47:41.657  5305  5305 I net.osmand: RoutingHelper Recalculate route, because correlation  : 214.74408039865548
07-03 11:47:41.657  5305  5305 I net.osmand: RoutingHelper Recalculate route, because wrong movement direction: 246.21614
07-03 11:47:41.784  5305  5305 I net.osmand: RoutingHelper Recalculate route, because correlation  : 214.74408039865548
07-03 11:47:42.464  5305  5305 I net.osmand: RoutingHelper Recalculate route, because correlation  : 214.74408039865548
07-03 11:47:42.464  5305  5305 I net.osmand: RoutingHelper Recalculate route, because wrong movement direction: 246.21614
07-03 11:47:42.646  5305  5305 I net.osmand: RoutingHelper Recalculate route, because correlation  : 214.74408039865548
07-03 11:47:42.745  5305  5315 I zygote  : Background concurrent copying GC freed 347326(7MB) AllocSpace objects, 0(0B) LOS objects, 11% free, 46MB/52MB, paused 996us total 1.163s
07-03 11:47:42.951  5305  5305 I net.osmand: RoutingHelper Recalculate route, because correlation  : 214.74408039865548
07-03 11:47:42.951  5305  5305 I net.osmand: RoutingHelper Recalculate route, because wrong movement direction: 246.21614
07-03 11:47:43.020  5305  5305 I net.osmand: RoutingHelper Recalculate route, because correlation  : 214.74408039865548
07-03 11:47:43.447  5305  5305 I net.osmand: RoutingHelper Recalculate route, because correlation  : 214.74408039865548
07-03 11:47:43.447  5305  5305 I net.osmand: RoutingHelper Recalculate route, because wrong movement direction: 246.21614
07-03 11:47:43.484  5305  5305 I net.osmand: RoutingHelper Recalculate route, because correlation  : 214.74408039865548
07-03 11:47:44.128  5305  5315 I zygote  : Background concurrent copying GC freed 557837(12MB) AllocSpace objects, 0(0B) LOS objects, 12% free, 41MB/47MB, paused 1.838ms total 608.715ms
07-03 11:47:44.208  5305  5305 I net.osmand: RoutingHelper Recalculate route, because correlation  : 214.74408039865548
07-03 11:47:44.208  5305  5305 I net.osmand: RoutingHelper Recalculate route, because wrong movement direction: 246.21614
07-03 11:47:44.213  5305  5305 I net.osmand: RoutingHelper Recalculate route, because correlation  : 214.74408039865548
07-03 11:47:44.529  5305  5305 I net.osmand: RoutingHelper Recalculate route, because correlation  : 214.74408039865548
07-03 11:47:44.529  5305  5305 I net.osmand: RoutingHelper Recalculate route, because wrong movement direction: 246.21614
07-03 11:47:44.539  5305  5305 I net.osmand: RoutingHelper Recalculate route, because correlation  : 214.74408039865548
07-03 11:47:45.130  1604  5757 I WifiService: acquireWifiLock uid=10014 lockMode=2
07-03 11:47:45.163  5305  5315 I zygote  : Background concurrent copying GC freed 334937(7MB) AllocSpace objects, 0(0B) LOS objects, 12% free, 40MB/46MB, paused 1.243ms total 456.413ms
07-03 11:47:45.400  5305  5305 I net.osmand: RoutingHelper Recalculate route, because correlation  : 214.74408039865548
07-03 11:47:45.485  5305  5305 I net.osmand: RoutingHelper Recalculate route, because correlation  : 214.74408039865548
07-03 11:47:45.485  5305  5305 I net.osmand: RoutingHelper Recalculate route, because wrong movement direction: 246.21614
07-03 11:47:45.491  5305  5305 I net.osmand: RoutingHelper Recalculate route, because correlation  : 214.74408039865548
07-03 11:47:45.491  5305  5305 I net.osmand: RoutingHelper Recalculate route, because wrong movement direction: 246.21614
07-03 11:47:45.500  5305  5305 I net.osmand: RoutingHelper Recalculate route, because correlation  : 214.74408039865548
07-03 11:47:46.401  5305  5305 I net.osmand: RoutingHelper Recalculate route, because correlation  : 214.74408039865548
07-03 11:47:46.401  5305  5305 I net.osmand: RoutingHelper Recalculate route, because wrong movement direction: 246.21614
07-03 11:47:46.478  5305  5305 I net.osmand: RoutingHelper Recalculate route, because correlation  : 214.74408039865548
07-03 11:47:46.836  5305  5305 I net.osmand: RoutingHelper Recalculate route, because correlation  : 214.74408039865548
07-03 11:47:46.837  5305  5305 I net.osmand: RoutingHelper Recalculate route, because wrong movement direction: 246.21614
07-03 11:47:46.920  5305  5305 I net.osmand: RoutingHelper Recalculate route, because correlation  : 214.74408039865548
07-03 11:47:47.404  1604  1621 I WifiService: requestActivityInfo uid=1000
07-03 11:47:47.405  1604  1621 I WifiService: reportActivityInfo uid=1000
07-03 11:47:47.405  1604  1621 I WifiService: getSupportedFeatures uid=1000
07-03 11:47:47.454  5305  5305 I net.osmand: RoutingHelper Recalculate route, because correlation  : 214.74408039865548
07-03 11:47:47.454  5305  5305 I net.osmand: RoutingHelper Recalculate route, because wrong movement direction: 246.21614
07-03 11:47:47.481  5305  5305 I net.osmand: RoutingHelper Recalculate route, because correlation  : 214.74408039865548
07-03 11:47:47.761  5305  5315 I zygote  : Background concurrent copying GC freed 280920(6MB) AllocSpace objects, 0(0B) LOS objects, 11% free, 44MB/50MB, paused 3.891ms total 914.077ms
07-03 11:47:48.100  1604  2058 D WificondControl: Scan result ready event
07-03 11:47:48.370  5305  5305 I net.osmand: RoutingHelper Recalculate route, because correlation  : 214.74408039865548
07-03 11:47:48.370  5305  5305 I net.osmand: RoutingHelper Recalculate route, because wrong movement direction: 246.21614
07-03 11:47:48.510  5305  5305 I net.osmand: RoutingHelper Recalculate route, because correlation  : 214.74408039865548
07-03 11:47:48.571  5305  5305 I net.osmand: RoutingHelper Recalculate route, because correlation  : 214.74408039865548
07-03 11:47:48.571  5305  5305 I net.osmand: RoutingHelper Recalculate route, because wrong movement direction: 246.21614
07-03 11:47:48.579  1604  5753 I WifiService: releaseWifiLock uid=10014
07-03 11:47:48.645  5305  5305 I net.osmand: RoutingHelper Recalculate route, because correlation  : 214.74408039865548
07-03 11:47:49.232  5305  5315 I zygote  : Background concurrent copying GC freed 455487(10MB) AllocSpace objects, 0(0B) LOS objects, 12% free, 41MB/47MB, paused 5.848ms total 519.518ms
07-03 11:47:49.476  5305  5305 I net.osmand: RoutingHelper Recalculate route, because correlation  : 214.74408039865548
07-03 11:47:49.476  5305  5305 I net.osmand: RoutingHelper Recalculate route, because wrong movement direction: 246.21614
07-03 11:47:49.585  5305  5305 I net.osmand: RoutingHelper Recalculate route, because correlation  : 214.74408039865548
07-03 11:47:49.585  5305  5305 I net.osmand: RoutingHelper Recalculate route, because wrong movement direction: 246.21614
07-03 11:47:49.650  5305  5305 I net.osmand: RoutingHelper Recalculate route, because correlation  : 214.74408039865548
07-03 11:47:49.705  5305  5305 I net.osmand: RoutingHelper Recalculate route, because correlation  : 214.74408039865548
07-03 11:47:50.310  5305  5315 I zygote  : Background concurrent copying GC freed 308218(6MB) AllocSpace objects, 0(0B) LOS objects, 12% free, 40MB/46MB, paused 3.218ms total 457.311ms
07-03 11:47:50.486  5305  5305 I net.osmand: RoutingHelper Recalculate route, because correlation  : 214.74408039865548
07-03 11:47:50.486  5305  5305 I net.osmand: RoutingHelper Recalculate route, because wrong movement direction: 246.21614
07-03 11:47:50.595  5305  5305 I net.osmand: RoutingHelper Recalculate route, because correlation  : 214.74408039865548
07-03 11:47:50.879  5305  5305 I net.osmand: RoutingHelper Recalculate route, because correlation  : 214.74408039865548
07-03 11:47:50.879  5305  5305 I net.osmand: RoutingHelper Recalculate route, because wrong movement direction: 246.21614
07-03 11:47:51.008  5305  5305 I net.osmand: RoutingHelper Recalculate route, because correlation  : 214.74408039865548
07-03 11:47:51.481  5305  5305 I net.osmand: RoutingHelper Recalculate route, because correlation  : 214.74408039865548
07-03 11:47:51.481  5305  5305 I net.osmand: RoutingHelper Recalculate route, because wrong movement direction: 246.21614
07-03 11:47:51.488  5305  5305 I net.osmand: RoutingHelper Recalculate route, because correlation  : 214.74408039865548
07-03 11:47:51.760  5305  5315 I zygote  : Background concurrent copying GC freed 296628(6MB) AllocSpace objects, 0(0B) LOS objects, 12% free, 43MB/49MB, paused 11.569ms total 686.768ms
07-03 11:47:52.092  5305  5305 I net.osmand: RoutingHelper Recalculate route, because correlation  : 214.74408039865548
07-03 11:47:52.092  5305  5305 I net.osmand: RoutingHelper Recalculate route, because wrong movement direction: 246.21614
07-03 11:47:52.105  5305  5305 I net.osmand: RoutingHelper Recalculate route, because correlation  : 214.74408039865548
07-03 11:47:52.399  5305  5305 I net.osmand: RoutingHelper Recalculate route, because correlation  : 214.74408039865548
07-03 11:47:52.399  5305  5305 I net.osmand: RoutingHelper Recalculate route, because wrong movement direction: 246.21614
07-03 11:47:52.413  5305  5305 I net.osmand: RoutingHelper Recalculate route, because correlation  : 214.74408039865548
07-03 11:47:53.364  1410  1410 I boot-pipe: done populating /dev/random
07-03 11:47:53.441  5305  5305 I net.osmand: RoutingHelper Recalculate route, because correlation  : 214.74408039865548
07-03 11:47:53.441  5305  5305 I net.osmand: RoutingHelper Recalculate route, because wrong movement direction: 246.21614
07-03 11:47:53.551  5305  5305 I net.osmand: RoutingHelper Recalculate route, because correlation  : 214.74408039865548
07-03 11:47:53.569  5305  5305 I net.osmand: RoutingHelper Recalculate route, because wrong movement direction: 246.21614
07-03 11:47:53.620  5305  5305 I net.osmand: RoutingHelper Recalculate route, because correlation  : 214.74408039865548
07-03 11:47:53.716  5305  5305 I net.osmand: RoutingHelper Recalculate route, because correlation  : 214.74408039865548
07-03 11:47:54.269  5305  5315 I zygote  : Background concurrent copying GC freed 389724(8MB) AllocSpace objects, 0(0B) LOS objects, 11% free, 44MB/50MB, paused 935us total 874.348ms
07-03 11:47:54.430  5305  5305 I net.osmand: RoutingHelper Recalculate route, because correlation  : 214.74408039865548
07-03 11:47:54.430  5305  5305 I net.osmand: RoutingHelper Recalculate route, because wrong movement direction: 246.21614
07-03 11:47:54.433  5305  5305 I net.osmand: RoutingHelper Recalculate route, because correlation  : 214.74408039865548
07-03 11:47:54.808  5305  5305 I net.osmand: RoutingHelper Recalculate route, because correlation  : 214.74408039865548
07-03 11:47:54.808  5305  5305 I net.osmand: RoutingHelper Recalculate route, because wrong movement direction: 246.21614
07-03 11:47:54.836  5305  5305 I net.osmand: RoutingHelper Recalculate route, because correlation  : 214.74408039865548
07-03 11:47:55.473  5305  5305 I net.osmand: RoutingHelper Recalculate route, because correlation  : 214.74408039865548
07-03 11:47:55.473  5305  5305 I net.osmand: RoutingHelper Recalculate route, because wrong movement direction: 246.21614
07-03 11:47:55.643  5305  5305 I net.osmand: RoutingHelper Recalculate route, because correlation  : 214.74408039865548
07-03 11:47:55.884  5305  5315 I zygote  : Background concurrent copying GC freed 472708(10MB) AllocSpace objects, 0(0B) LOS objects, 12% free, 43MB/49MB, paused 1.818ms total 863.572ms
07-03 11:47:56.083  5305  5305 I net.osmand: RoutingHelper Recalculate route, because correlation  : 214.74408039865548
07-03 11:47:56.083  5305  5305 I net.osmand: RoutingHelper Recalculate route, because wrong movement direction: 246.21614
07-03 11:47:56.189  5305  5305 I net.osmand: RoutingHelper Recalculate route, because correlation  : 214.74408039865548
07-03 11:47:56.466  5305  5305 I net.osmand: RoutingHelper Recalculate route, because correlation  : 214.74408039865548
07-03 11:47:56.466  5305  5305 I net.osmand: RoutingHelper Recalculate route, because wrong movement direction: 246.21614
07-03 11:47:56.481  1970  1970 I GeofencerStateMachine: sendNewTransitions called.
07-03 11:47:56.600  5305  5305 I net.osmand: RoutingHelper Recalculate route, because correlation  : 214.74408039865548
07-03 11:47:57.137  5305  5315 I zygote  : Background concurrent copying GC freed 419602(9MB) AllocSpace objects, 0(0B) LOS objects, 12% free, 41MB/47MB, paused 2.120ms total 525.642ms
07-03 11:47:57.403  5305  5305 I net.osmand: RoutingHelper Recalculate route, because correlation  : 214.74408039865548
07-03 11:47:57.403  5305  5305 I net.osmand: RoutingHelper Recalculate route, because wrong movement direction: 246.21614
07-03 11:47:57.428  5305  5305 I net.osmand: RoutingHelper Recalculate route, because correlation  : 214.74408039865548
07-03 11:47:57.428  5305  5305 I net.osmand: RoutingHelper Recalculate route, because wrong movement direction: 246.21614
07-03 11:47:57.430  5305  5305 I net.osmand: RoutingHelper Recalculate route, because correlation  : 214.74408039865548
07-03 11:47:57.435  5305  5305 I chatty  : uid=10104(net.osmand) identical 1 line
07-03 11:47:58.528  5305  5305 I net.osmand: RoutingHelper Recalculate route, because correlation  : 214.74408039865548
07-03 11:47:58.528  5305  5305 I net.osmand: RoutingHelper Recalculate route, because wrong movement direction: 246.21614
07-03 11:47:58.650  5305  5305 I net.osmand: RoutingHelper Recalculate route, because correlation  : 214.74408039865548
07-03 11:47:58.800  5305  5305 I chatty  : uid=10104(net.osmand) identical 1 line
07-03 11:47:58.901  5305  5305 I net.osmand: RoutingHelper Recalculate route, because correlation  : 214.74408039865548
07-03 11:47:58.901  5305  5305 I net.osmand: RoutingHelper Recalculate route, because wrong movement direction: 246.21614
07-03 11:47:59.354  5305  5315 I zygote  : Background concurrent copying GC freed 316884(7MB) AllocSpace objects, 0(0B) LOS objects, 12% free, 42MB/48MB, paused 1.213ms total 573.208ms
07-03 11:47:59.451  5305  5305 I net.osmand: RoutingHelper Recalculate route, because correlation  : 214.74408039865548
07-03 11:47:59.454  5305  5305 I net.osmand: RoutingHelper Recalculate route, because correlation  : 214.74408039865548
07-03 11:47:59.455  5305  5305 I net.osmand: RoutingHelper Recalculate route, because wrong movement direction: 246.21614
07-03 11:48:00.095  5305  5305 I net.osmand: RoutingHelper Recalculate route, because correlation  : 214.74408039865548
07-03 11:48:00.095  5305  5305 I net.osmand: RoutingHelper Recalculate route, because wrong movement direction: 246.21614
07-03 11:48:00.231  5305  5305 I net.osmand: RoutingHelper Recalculate route, because correlation  : 214.74408039865548
07-03 11:48:00.488  5305  5305 I net.osmand: RoutingHelper Recalculate route, because correlation  : 214.74408039865548
07-03 11:48:00.488  5305  5305 I net.osmand: RoutingHelper Recalculate route, because wrong movement direction: 246.21614
07-03 11:48:00.651  5305  5305 I net.osmand: RoutingHelper Recalculate route, because correlation  : 214.74408039865548
07-03 11:48:00.952  5305  5315 I zygote  : Background concurrent copying GC freed 362893(8MB) AllocSpace objects, 0(0B) LOS objects, 12% free, 43MB/49MB, paused 5.551ms total 658.614ms
07-03 11:48:01.253  5305  5305 I net.osmand: RoutingHelper Recalculate route, because correlation  : 214.74408039865548
07-03 11:48:01.253  5305  5305 I net.osmand: RoutingHelper Recalculate route, because wrong movement direction: 246.21614
07-03 11:48:01.275  5305  5305 I net.osmand: RoutingHelper Recalculate route, because correlation  : 214.74408039865548
07-03 11:48:01.480  5305  5305 I net.osmand: RoutingHelper Recalculate route, because correlation  : 214.74408039865548
07-03 11:48:01.481  5305  5305 I net.osmand: RoutingHelper Recalculate route, because wrong movement direction: 246.21614
07-03 11:48:01.604  5305  5305 I net.osmand: RoutingHelper Recalculate route, because correlation  : 214.74408039865548
07-03 11:48:02.235  5305  5315 I zygote  : Background concurrent copying GC freed 423476(9MB) AllocSpace objects, 0(0B) LOS objects, 13% free, 40MB/46MB, paused 13.386ms total 480.712ms
07-03 11:48:02.405  5305  5305 I net.osmand: RoutingHelper Recalculate route, because correlation  : 214.74408039865548
07-03 11:48:02.405  5305  5305 I net.osmand: RoutingHelper Recalculate route, because wrong movement direction: 246.21614
07-03 11:48:02.509  1604  1621 I WifiService: requestActivityInfo uid=1000
07-03 11:48:02.509  1604  1621 I WifiService: reportActivityInfo uid=1000
07-03 11:48:02.509  1604  1621 I WifiService: getSupportedFeatures uid=1000
07-03 11:48:02.729  5305  5305 I net.osmand: RoutingHelper Recalculate route, because correlation  : 214.74408039865548
07-03 11:48:02.790  5305  5305 I net.osmand: RoutingHelper Recalculate route, because correlation  : 214.74408039865548
07-03 11:48:02.790  5305  5305 I net.osmand: RoutingHelper Recalculate route, because wrong movement direction: 246.21614
07-03 11:48:02.799  5305  5305 I net.osmand: RoutingHelper Recalculate route, because correlation  : 214.74408039865548
07-03 11:48:03.404  5305  5305 I net.osmand: RoutingHelper Recalculate route, because correlation  : 214.74408039865548
07-03 11:48:03.404  5305  5305 I net.osmand: RoutingHelper Recalculate route, because wrong movement direction: 246.21614
07-03 11:48:03.426  5305  5305 I net.osmand: RoutingHelper Recalculate route, because correlation  : 214.74408039865548
07-03 11:48:04.106  5305  5305 I net.osmand: RoutingHelper Recalculate route, because correlation  : 214.74408039865548
07-03 11:48:04.106  5305  5305 I net.osmand: RoutingHelper Recalculate route, because wrong movement direction: 246.21614
07-03 11:48:04.201  5305  5305 I net.osmand: RoutingHelper Recalculate route, because correlation  : 214.74408039865548
07-03 11:48:04.446  5305  5305 I net.osmand: RoutingHelper Recalculate route, because correlation  : 214.74408039865548
07-03 11:48:04.446  5305  5305 I net.osmand: RoutingHelper Recalculate route, because wrong movement direction: 246.21614
07-03 11:48:04.499  5305  5305 I net.osmand: RoutingHelper Recalculate route, because correlation  : 214.74408039865548
07-03 11:48:04.689  5305  5315 I zygote  : Background concurrent copying GC freed 279289(6MB) AllocSpace objects, 0(0B) LOS objects, 11% free, 46MB/52MB, paused 931us total 1.141s
07-03 11:48:05.141  1604  5757 I WifiService: acquireWifiLock uid=10014 lockMode=2
07-03 11:48:05.237  1604  5757 I WifiService: releaseWifiLock uid=10014
07-03 11:48:05.249  5305  5305 I net.osmand: RoutingHelper Recalculate route, because correlation  : 214.74408039865548
07-03 11:48:05.249  5305  5305 I net.osmand: RoutingHelper Recalculate route, because wrong movement direction: 246.21614
07-03 11:48:05.260  5305  5305 I net.osmand: RoutingHelper Recalculate route, because correlation  : 214.74408039865548
07-03 11:48:05.495  5305  5305 I net.osmand: RoutingHelper Recalculate route, because correlation  : 214.74408039865548
07-03 11:48:05.496  5305  5305 I net.osmand: RoutingHelper Recalculate route, because wrong movement direction: 246.21614
07-03 11:48:05.634  5305  5305 I net.osmand: RoutingHelper Recalculate route, because correlation  : 214.74408039865548
07-03 11:48:06.227  5305  5315 I zygote  : Background concurrent copying GC freed 554619(12MB) AllocSpace objects, 0(0B) LOS objects, 12% free, 40MB/46MB, paused 16.021ms total 556.339ms
07-03 11:48:06.539  5305  5305 I net.osmand: RoutingHelper Recalculate route, because correlation  : 214.74408039865548
07-03 11:48:06.539  5305  5305 I net.osmand: RoutingHelper Recalculate route, because wrong movement direction: 246.21614
07-03 11:48:06.661  5305  5305 I net.osmand: RoutingHelper Recalculate route, because correlation  : 214.74408039865548
07-03 11:48:06.721  5305  5305 I net.osmand: RoutingHelper Recalculate route, because correlation  : 214.74408039865548
07-03 11:48:06.721  5305  5305 I net.osmand: RoutingHelper Recalculate route, because wrong movement direction: 246.21614
07-03 11:48:06.727  5305  5305 I net.osmand: RoutingHelper Recalculate route, because correlation  : 214.74408039865548
07-03 11:48:07.405  5305  5305 I chatty  : uid=10104(net.osmand) identical 1 line
07-03 11:48:07.417  5305  5305 I net.osmand: RoutingHelper Recalculate route, because correlation  : 214.74408039865548
07-03 11:48:07.417  5305  5305 I net.osmand: RoutingHelper Recalculate route, because wrong movement direction: 246.21614
07-03 11:48:08.021  5305  5305 I net.osmand: RoutingHelper Recalculate route, because correlation  : 214.74408039865548
07-03 11:48:08.021  5305  5305 I net.osmand: RoutingHelper Recalculate route, because wrong movement direction: 246.21614
07-03 11:48:08.091  5305  5305 I net.osmand: RoutingHelper Recalculate route, because correlation  : 214.74408039865548
07-03 11:48:08.130  5305  5315 I zygote  : Background concurrent copying GC freed 280420(6MB) AllocSpace objects, 0(0B) LOS objects, 12% free, 42MB/48MB, paused 5.665ms total 633.287ms
07-03 11:48:08.417  5305  5305 I net.osmand: RoutingHelper Recalculate route, because correlation  : 214.74408039865548
07-03 11:48:08.418  5305  5305 I net.osmand: RoutingHelper Recalculate route, because wrong movement direction: 246.21614
07-03 11:48:08.522  5305  5305 I net.osmand: RoutingHelper Recalculate route, because correlation  : 214.74408039865548
07-03 11:48:09.193  5305  5315 I zygote  : Background concurrent copying GC freed 355934(7MB) AllocSpace objects, 0(0B) LOS objects, 13% free, 40MB/46MB, paused 3.769ms total 506.988ms
07-03 11:48:09.390  5305  5305 I net.osmand: RoutingHelper Recalculate route, because correlation  : 214.74408039865548
07-03 11:48:09.489  5305  5305 I net.osmand: RoutingHelper Recalculate route, because correlation  : 214.74408039865548
07-03 11:48:09.489  5305  5305 I net.osmand: RoutingHelper Recalculate route, because wrong movement direction: 246.21614
07-03 11:48:09.553  5305  5305 I net.osmand: RoutingHelper Recalculate route, because correlation  : 214.74408039865548
07-03 11:48:09.553  5305  5305 I net.osmand: RoutingHelper Recalculate route, because wrong movement direction: 246.21614
07-03 11:48:09.564  5305  5305 I net.osmand: RoutingHelper Recalculate route, because correlation  : 214.74408039865548
07-03 11:48:10.407  5305  5305 I net.osmand: RoutingHelper Recalculate route, because correlation  : 214.74408039865548
07-03 11:48:10.407  5305  5305 I net.osmand: RoutingHelper Recalculate route, because wrong movement direction: 246.21614
07-03 11:48:10.424  5305  5305 I net.osmand: RoutingHelper Recalculate route, because correlation  : 214.74408039865548
07-03 11:48:10.774  5305  5305 I net.osmand: RoutingHelper Recalculate route, because correlation  : 214.74408039865548
07-03 11:48:10.774  5305  5305 I net.osmand: RoutingHelper Recalculate route, because wrong movement direction: 246.21614
07-03 11:48:10.895  5305  5305 I net.osmand: RoutingHelper Recalculate route, because correlation  : 214.74408039865548
07-03 11:48:11.288  5305  5315 I zygote  : Background concurrent copying GC freed 280507(6MB) AllocSpace objects, 0(0B) LOS objects, 11% free, 44MB/50MB, paused 5.949ms total 848.468ms
07-03 11:48:11.406  5305  5305 I net.osmand: RoutingHelper Recalculate route, because correlation  : 214.74408039865548
07-03 11:48:11.407  5305  5305 I net.osmand: RoutingHelper Recalculate route, because wrong movement direction: 246.21614
07-03 11:48:11.407  5305  5305 D net.osmand: DayNightHelper Sunrise/sunset setting to day: true
07-03 11:48:11.555  5305  5305 I net.osmand: RoutingHelper Recalculate route, because correlation  : 214.74408039865548
07-03 11:48:12.048  5305  5305 I net.osmand: RoutingHelper Recalculate route, because correlation  : 214.74408039865548
07-03 11:48:12.049  5305  5305 I net.osmand: RoutingHelper Recalculate route, because wrong movement direction: 246.21614
07-03 11:48:12.178  5305  5305 I net.osmand: RoutingHelper Recalculate route, because correlation  : 214.74408039865548
07-03 11:48:12.524  5305  5305 I net.osmand: RoutingHelper Recalculate route, because correlation  : 214.74408039865548
07-03 11:48:12.524  5305  5305 I net.osmand: RoutingHelper Recalculate route, because wrong movement direction: 246.21614
07-03 11:48:12.546  5305  5305 I net.osmand: RoutingHelper Recalculate route, because correlation  : 214.74408039865548
07-03 11:48:12.911  5305  5315 I zygote  : Background concurrent copying GC freed 452250(10MB) AllocSpace objects, 0(0B) LOS objects, 11% free, 44MB/50MB, paused 2.109ms total 807.312ms
07-03 11:48:13.188  5305  5305 I net.osmand: RoutingHelper Recalculate route, because correlation  : 214.74408039865548
07-03 11:48:13.189  5305  5305 I net.osmand: RoutingHelper Recalculate route, because wrong movement direction: 246.21614
07-03 11:48:13.198  5305  5305 I net.osmand: RoutingHelper Recalculate route, because correlation  : 214.74408039865548
07-03 11:48:13.513  5305  5305 I net.osmand: RoutingHelper Recalculate route, because correlation  : 214.74408039865548
07-03 11:48:13.513  5305  5305 I net.osmand: RoutingHelper Recalculate route, because wrong movement direction: 246.21614
07-03 11:48:13.530  5305  5305 I net.osmand: RoutingHelper Recalculate route, because correlation  : 214.74408039865548
07-03 11:48:14.071  5305  5315 I zygote  : Background concurrent copying GC freed 473591(10MB) AllocSpace objects, 0(0B) LOS objects, 13% free, 40MB/46MB, paused 3.735ms total 430.007ms
07-03 11:48:14.381  5305  5305 I net.osmand: RoutingHelper Recalculate route, because correlation  : 214.74408039865548
07-03 11:48:14.394  5305  5305 I net.osmand: RoutingHelper Recalculate route, because correlation  : 214.74408039865548
07-03 11:48:14.394  5305  5305 I net.osmand: RoutingHelper Recalculate route, because wrong movement direction: 246.21614
07-03 11:48:14.441  5305  5305 I net.osmand: RoutingHelper Recalculate route, because correlation  : 214.74408039865548
07-03 11:48:14.444  5305  5305 I net.osmand: RoutingHelper Recalculate route, because correlation  : 214.74408039865548
07-03 11:48:14.444  5305  5305 I net.osmand: RoutingHelper Recalculate route, because wrong movement direction: 246.21614
07-03 11:48:14.951  5305 12745 W net.osmand:native: [Native] Result visited (visited roads 284710, visited segments 663873 / 290090 , queue sizes 16652 / 3150 ) 
07-03 11:48:14.951  5305 12745 W net.osmand:native: [Native] Result timing (time to load 0, time to calc 338819, loaded tiles 2572) 
07-03 11:48:14.952  5305 12745 W net.osmand:native: [Native] Memory occupied (Routing context 57307 Kb, search 15060 Kb)
07-03 11:48:15.417  5305  5305 I net.osmand: RoutingHelper Recalculate route, because correlation  : 214.74408039865548
07-03 11:48:15.417  5305  5305 I net.osmand: RoutingHelper Recalculate route, because wrong movement direction: 246.21614
07-03 11:48:15.436  5305  5305 I net.osmand: RoutingHelper Recalculate route, because correlation  : 214.74408039865548
07-03 11:48:15.827  5305  5305 I net.osmand: RoutingHelper Recalculate route, because correlation  : 214.74408039865548
07-03 11:48:15.827  5305  5305 I net.osmand: RoutingHelper Recalculate route, because wrong movement direction: 246.21614
