06-28 09:52:14.720  1603  2151 I WifiService: acquireWifiLock uid=10014 lockMode=2
06-28 09:52:14.727 18809 18809 I Finsky  : [2] com.google.android.finsky.scheduler.JobSchedulerEngine$PhoneskyJobSchedulerJobService.onStartJob(3): onJobSchedulerWakeup with jobId 9005
06-28 09:52:14.735 18809 18809 I Finsky  : [2] pyj.a(22): Scheduling fallback job with id: 9034, and delay: 43200000 ms
06-28 09:52:14.744 18809 18809 I Finsky  : [2] pyj.a(5): Scheduling fallback in 64799994 (absolute: 75029737)
06-28 09:52:14.780  1603  5056 I WifiService: releaseWifiLock uid=10014
06-28 09:52:14.827 18809 18809 I Finsky  : [2] pyt.handleMessage(10): DeviceState: DeviceState{currentTime=1561729934823, isCharging=false, isIdle=false, netAny=true, netNotRoaming=true, netUnmetered=true}
06-28 09:52:14.839 18809 19186 I Finsky  : [880] qah.b(7): Jobs in database: 1-1337 3-103 3-104 21-333333333 24-77777777 26-1414141414 
06-28 09:52:14.852 18809 18809 I Finsky  : [2] pym.a(22): Running job: 21-333333333
06-28 09:52:14.857 18809 18809 I Finsky  : [2] pyt.handleMessage(84): RunningQueue size: 1, PendingQueue size: 0
06-28 09:52:14.857 18809 18809 I Finsky  : [2] pyt.handleMessage(93): Running queue: 21-333333333 
06-28 09:52:14.881  1844 16889 D TelephonyProvider: subIdString = 1 subId = 1
06-28 09:52:14.910  1844 16889 D TelephonyProvider: subIdString = 1 subId = 1
06-28 09:52:15.577  1475  1571 D AudioFlinger: mixer(0xaa803cc0) throttle end: throttle time(5)
06-28 09:52:15.578 18809 18809 I Finsky  : [2] hgj.c_(2): Successfully uploaded dynamic config.
06-28 09:52:15.578 18809 18809 I Finsky  : [2] hha.a(1): Dynamic device configuration updated successfully.
06-28 09:52:15.578 18809 18809 I Finsky  : [2] qaa.a(9): jobFinished: 21-333333333. TimeElapsed: 726ms
06-28 09:52:15.585 18809 18809 I Finsky  : [2] pym.c(3): Job 21-333333333 finished
06-28 09:52:15.588 18809 18809 I Finsky  : [2] pyt.handleMessage(84): RunningQueue size: 0, PendingQueue size: 0
06-28 09:52:15.588 18809 18809 I Finsky  : [2] pyt.handleMessage(27): Executor finished
06-28 09:52:15.609  1483 19157 I NuPlayerDecoder: [audio] saw output EOS
06-28 09:52:15.610  1483 19156 D AudioTrack: stop() called with 132300 frames delivered
06-28 09:52:15.654 18809 18809 I Finsky  : [2] qah.b(7): Jobs in database: 1-1337 3-103 3-104 24-77777777 26-1414141414 
06-28 09:52:15.662 18809 18809 I Finsky  : [2] pxo.a(113): ConstraintMapping: 24-77777777,  -> L: 0ms, D: 82684654ms, C: false, I: true, N: 0
06-28 09:52:15.663 18809 18809 I Finsky  : [2] pxo.a(113): ConstraintMapping: 1-1337,  -> L: 15445594ms, D: 58645594ms, C: false, I: false, N: 1
06-28 09:52:15.664 18809 18809 I Finsky  : [2] pxo.a(113): ConstraintMapping: 3-104,  -> L: 0ms, D: 86278559ms, C: true, I: false, N: 2
06-28 09:52:15.664 18809 18809 I Finsky  : [2] pxo.a(113): ConstraintMapping: 3-103,  -> L: 0ms, D: 86278011ms, C: true, I: true, N: 2
06-28 09:52:15.665 18809 18809 I Finsky  : [2] pxo.a(113): ConstraintMapping: 26-1414141414,  -> L: 43075719ms, D: 43975719ms, C: false, I: false, N: 0
06-28 09:52:15.667 18809 18809 I Finsky  : [2] com.google.android.finsky.scheduler.JobSchedulerEngine.a(42): Cancelling existing job with id: 9007
06-28 09:52:15.675 18809 18809 I Finsky  : [2] com.google.android.finsky.scheduler.JobSchedulerEngine.a(42): Cancelling existing job with id: 9000
06-28 09:52:15.681 18809 18809 I Finsky  : [2] com.google.android.finsky.scheduler.JobSchedulerEngine.a(42): Cancelling existing job with id: 9008
06-28 09:52:15.689 18809 18809 I Finsky  : [2] com.google.android.finsky.scheduler.JobSchedulerEngine.a(42): Cancelling existing job with id: 9006
06-28 09:52:15.700 18809 18809 I Finsky  : [2] com.google.android.finsky.scheduler.JobSchedulerEngine.a(14): Throttling wakeup for job 9001 (expected to run in 0 ms) due to recent wakeup
06-28 09:52:15.701 18809 18809 I Finsky  : [2] com.google.android.finsky.scheduler.JobSchedulerEngine.a(4): Scheduling job Id: 9001, L: 30000, D: 82684654, C: false, I: true, N: 0
06-28 09:52:15.704 18809 18809 I Finsky  : [2] com.google.android.finsky.scheduler.JobSchedulerEngine.a(4): Scheduling job Id: 9002, L: 15445594, D: 58645594, C: false, I: false, N: 1
06-28 09:52:15.708 18809 18809 I Finsky  : [2] com.google.android.finsky.scheduler.JobSchedulerEngine.a(14): Throttling wakeup for job 9003 (expected to run in 0 ms) due to recent wakeup
06-28 09:52:15.708 18809 18809 I Finsky  : [2] com.google.android.finsky.scheduler.JobSchedulerEngine.a(4): Scheduling job Id: 9003, L: 30000, D: 86278559, C: true, I: false, N: 2
06-28 09:52:15.722 18809 18809 I Finsky  : [2] com.google.android.finsky.scheduler.JobSchedulerEngine.a(14): Throttling wakeup for job 9004 (expected to run in 0 ms) due to recent wakeup
06-28 09:52:15.725 18809 18809 I Finsky  : [2] com.google.android.finsky.scheduler.JobSchedulerEngine.a(4): Scheduling job Id: 9004, L: 30000, D: 86278011, C: true, I: true, N: 2
06-28 09:52:15.727 18809 18809 I Finsky  : [2] com.google.android.finsky.scheduler.JobSchedulerEngine.a(4): Scheduling job Id: 9009, L: 43075719, D: 43975719, C: false, I: false, N: 0
06-28 09:52:16.008  1483 19153 D NuPlayerDriver: notifyListener_l(0xab7a5620), (2, 0, 0, -1), loop setting(1, 0)
06-28 09:52:16.019  1483 19157 I NuPlayerDecoder: [OMX.google.vorbis.decoder] resubmitting CSD
06-28 09:52:16.019  1483 19157 I NuPlayerDecoder: [OMX.google.vorbis.decoder] resubmitting CSD
06-28 09:52:16.027  1483 19153 D NuPlayerDriver: notifyListener_l(0xab7a5620), (6, 0, 0, -1), loop setting(1, 0)
06-28 09:52:16.052  1483 19156 W AudioTrack: getTimestamp() location moved from kernel to server
06-28 09:52:16.094  1483 19156 W AudioTrack: retrograde timestamp position corrected, -1058 = 0 - 1058
06-28 09:52:16.573  1393  3231 W audio_hw_generic: Not supplying enough data to HAL, expected position 93633964 , only wrote 93633840
06-28 09:52:17.705  1603  2151 D WificondControl: Scan result ready event
06-28 09:52:17.744  1393  3231 W audio_hw_generic: Not supplying enough data to HAL, expected position 93690028 , only wrote 93690000
06-28 09:52:18.691  1483 19157 I NuPlayerDecoder: [audio] saw output EOS
06-28 09:52:18.692  1483 19156 D AudioTrack: stop() called with 132300 frames delivered
06-28 09:52:19.084  1483 19153 D NuPlayerDriver: notifyListener_l(0xab7a5620), (2, 0, 0, -1), loop setting(1, 0)
06-28 09:52:19.117  1483 19157 I NuPlayerDecoder: [OMX.google.vorbis.decoder] resubmitting CSD
06-28 09:52:19.122  1483 19157 I NuPlayerDecoder: [OMX.google.vorbis.decoder] resubmitting CSD
06-28 09:52:19.137  1483 19153 D NuPlayerDriver: notifyListener_l(0xab7a5620), (6, 0, 0, -1), loop setting(1, 0)
06-28 09:52:20.808  1603  1612 I zygote  : Background concurrent copying GC freed 20341(953KB) AllocSpace objects, 0(0B) LOS objects, 27% free, 15MB/21MB, paused 945us total 156.665ms
06-28 09:52:21.697  1483 19157 I NuPlayerDecoder: [audio] saw output EOS
06-28 09:52:21.698  1483 19156 D AudioTrack: stop() called with 132300 frames delivered
06-28 09:52:22.228  1483 19153 D NuPlayerDriver: notifyListener_l(0xab7a5620), (2, 0, 0, -1), loop setting(1, 0)
06-28 09:52:22.239  1483 19157 I NuPlayerDecoder: [OMX.google.vorbis.decoder] resubmitting CSD
06-28 09:52:22.239  1483 19157 I NuPlayerDecoder: [OMX.google.vorbis.decoder] resubmitting CSD
06-28 09:52:22.253  1483 19153 D NuPlayerDriver: notifyListener_l(0xab7a5620), (6, 0, 0, -1), loop setting(1, 0)
06-28 09:52:22.298  1483 19156 W AudioTrack: getTimestamp() location moved from kernel to server
06-28 09:52:22.323  1483 19156 W AudioTrack: retrograde timestamp position corrected, -1058 = 0 - 1058
06-28 09:52:24.903  1483 19157 I NuPlayerDecoder: [audio] saw output EOS
06-28 09:52:24.904  1483 19156 D AudioTrack: stop() called with 132300 frames delivered
06-28 09:52:25.323  1483 19153 D NuPlayerDriver: notifyListener_l(0xab7a5620), (2, 0, 0, -1), loop setting(1, 0)
06-28 09:52:25.335  1483 19157 I NuPlayerDecoder: [OMX.google.vorbis.decoder] resubmitting CSD
06-28 09:52:25.336  1483 19157 I NuPlayerDecoder: [OMX.google.vorbis.decoder] resubmitting CSD
06-28 09:52:25.353  1483 19153 D NuPlayerDriver: notifyListener_l(0xab7a5620), (6, 0, 0, -1), loop setting(1, 0)
06-28 09:52:25.393  1483 19156 W AudioTrack: getTimestamp() location moved from kernel to server
06-28 09:52:25.437  1483 19156 W AudioTrack: retrograde timestamp position corrected, -1058 = 0 - 1058
06-28 09:52:27.657  1393  3231 W audio_hw_generic: Not supplying enough data to HAL, expected position 94165838 , only wrote 94164480
06-28 09:52:27.657  1393  3231 W audio_hw_generic: Not supplying enough data to HAL, expected position 94164495 , only wrote 94164480
06-28 09:52:27.674  1393  3231 W audio_hw_generic: Not supplying enough data to HAL, expected position 94165284 , only wrote 94165200
06-28 09:52:27.689  1475  1571 D AudioFlinger: mixer(0xaa803cc0) throttle end: throttle time(12)
06-28 09:52:28.058  1483 19157 I NuPlayerDecoder: [audio] saw output EOS
06-28 09:52:28.058  1483 19156 D AudioTrack: stop() called with 132300 frames delivered
06-28 09:52:28.450  1483 19153 D NuPlayerDriver: notifyListener_l(0xab7a5620), (2, 0, 0, -1), loop setting(1, 0)
06-28 09:52:28.460  1483 19157 I NuPlayerDecoder: [OMX.google.vorbis.decoder] resubmitting CSD
06-28 09:52:28.461  1483 19157 I NuPlayerDecoder: [OMX.google.vorbis.decoder] resubmitting CSD
06-28 09:52:28.473  1483 19153 D NuPlayerDriver: notifyListener_l(0xab7a5620), (6, 0, 0, -1), loop setting(1, 0)
06-28 09:52:28.507  1483 19156 W AudioTrack: getTimestamp() location moved from kernel to server
06-28 09:52:28.549  1483 19156 W AudioTrack: retrograde timestamp position corrected, -1058 = 0 - 1058
06-28 09:52:30.593  1603  1620 I WifiService: requestActivityInfo uid=1000
06-28 09:52:30.593  1603  1620 I WifiService: reportActivityInfo uid=1000
06-28 09:52:30.593  1603  1620 I WifiService: getSupportedFeatures uid=1000
06-28 09:52:30.961  1483 19157 I NuPlayerDecoder: [audio] saw output EOS
06-28 09:52:31.212  1483 19156 D AudioTrack: stop() called with 132300 frames delivered
06-28 09:52:31.546  1483 19153 D NuPlayerDriver: notifyListener_l(0xab7a5620), (2, 0, 0, -1), loop setting(1, 0)
06-28 09:52:31.560  1483 19157 I NuPlayerDecoder: [OMX.google.vorbis.decoder] resubmitting CSD
06-28 09:52:31.560  1483 19157 I NuPlayerDecoder: [OMX.google.vorbis.decoder] resubmitting CSD
06-28 09:52:31.571  1483 19153 D NuPlayerDriver: notifyListener_l(0xab7a5620), (6, 0, 0, -1), loop setting(1, 0)
06-28 09:52:31.605  1483 19156 W AudioTrack: getTimestamp() location moved from kernel to server
06-28 09:52:31.646  1483 19156 W AudioTrack: retrograde timestamp position corrected, -1058 = 0 - 1058
06-28 09:52:32.554  1393  3231 W audio_hw_generic: Not supplying enough data to HAL, expected position 94399447 , only wrote 94399200
06-28 09:52:32.555  1393  3231 W audio_hw_generic: Not supplying enough data to HAL, expected position 94399209 , only wrote 94399200
06-28 09:52:32.565  1483 19156 W AudioTrack: getTimestamp() location moved from kernel to server
06-28 09:52:32.571  1393  3231 W audio_hw_generic: Not supplying enough data to HAL, expected position 94400005 , only wrote 94399920
06-28 09:52:34.058  1483 19157 I NuPlayerDecoder: [audio] saw output EOS
06-28 09:52:34.309  1483 19156 D AudioTrack: stop() called with 132300 frames delivered
06-28 09:52:34.649  1483 19153 D NuPlayerDriver: notifyListener_l(0xab7a5620), (2, 0, 0, -1), loop setting(1, 0)
06-28 09:52:34.661  1483 19157 I NuPlayerDecoder: [OMX.google.vorbis.decoder] resubmitting CSD
06-28 09:52:34.662  1483 19157 I NuPlayerDecoder: [OMX.google.vorbis.decoder] resubmitting CSD
06-28 09:52:34.679  1483 19153 D NuPlayerDriver: notifyListener_l(0xab7a5620), (6, 0, 0, -1), loop setting(1, 0)
06-28 09:52:34.683  1483 19156 W NuPlayerRenderer: getPendingAudioPlayoutDurationUs: pendingUs -1033 < 0, clamping to zero, potential resume after pause writtenAudioDurationUs: 5804, audioSinkPlayedUs: 6837
06-28 09:52:34.734  1483 19156 W AudioTrack: retrograde timestamp position corrected, -256 = 0 - 256
06-28 09:52:34.989  1603  5056 I WifiService: acquireWifiLock uid=10014 lockMode=2
06-28 09:52:35.062  1603  3880 I WifiService: releaseWifiLock uid=10014
06-28 09:52:35.080  1975  1975 I GeofencerStateMachine: sendNewTransitions called.
06-28 09:52:35.095 18574 19191 D DownloadManager: [400] Starting
06-28 09:52:35.183 18809 18809 I Finsky  : [2] htd.a(59): com.google.android.gms: onProgress 45612720/45764394 Status: 192 URI: content://downloads/my_downloads/400.
06-28 09:52:35.191 18574 19191 D NetworkSecurityConfig: No Network Security Config specified, using platform default
06-28 09:52:35.233  1603  1620 I WifiService: requestActivityInfo uid=1000
06-28 09:52:35.233  1603  1620 I WifiService: reportActivityInfo uid=1000
06-28 09:52:35.234  1603  1620 I WifiService: getSupportedFeatures uid=1000
06-28 09:52:35.951 18574 19191 W StorageManager: fallocate() not supported; falling back to ftruncate()
06-28 09:52:36.019 18574 19191 D DownloadManager: [400] Finished with status SUCCESS
06-28 09:52:36.249 18809 18809 I Finsky  : [2] com.google.android.finsky.download.DownloadBroadcastReceiver.b(1): Intent received at DownloadBroadcastReceiver
06-28 09:52:36.310  1393  3231 W audio_hw_generic: Not supplying enough data to HAL, expected position 94579394 , only wrote 94578480
06-28 09:52:36.311  1393  3231 W audio_hw_generic: Not supplying enough data to HAL, expected position 94578523 , only wrote 94578480
06-28 09:52:36.319 18905 18905 W Isotope : UID: [10026]  PID: [18905] DownloadDataStoreImpl : No matching entry found, returning null.
06-28 09:52:36.320 18809 18809 I Finsky  : [2] htd.a(59): com.google.android.gms: onProgress 45764394/45764394 Status: 200 URI: content://downloads/my_downloads/400.
06-28 09:52:36.323 18905 18905 I Isotope : UID: [10026]  PID: [18905] DownloadDataStoreImpl : no data for downloadId 400
06-28 09:52:36.325 18905 18905 I Finsky:instant_app_inst: [2] com.google.android.finsky.instantapps.dna.ArchiveDownloadBroadcastReceiver.onReceive(5): Skipping download id 400, not a prefetch
06-28 09:52:36.340  1475  1571 D AudioFlinger: mixer(0xaa803cc0) throttle end: throttle time(12)
06-28 09:52:36.406 18809 18809 I Finsky  : [2] hss.a(5): com.google.android.gms from 2 to 3.
06-28 09:52:36.407 18809 18809 I Finsky  : [2] htd.e(8): com.google.android.gms: onComplete
06-28 09:52:36.407 18809 18809 I Finsky  : [2] htd.i(1): Download com.google.android.gms removed from DownloadQueue
06-28 09:52:36.430 18809 18809 I Finsky  : [2] kle.a(100): Prepare to copy com.google.android.gms (adid: com.google.android.gms , isid: ivRSsuK0RNeYphWz93ag9w) from content://downloads/my_downloads/400 (expect 52559679 bytes, isCompressed: true)
06-28 09:52:36.437 18809 18809 I Finsky  : [2] czs.a(1): APK integrity will be verified using [SHA-256] method
06-28 09:52:36.488 18809 19206 I Finsky  : [886] czw.doInBackground(6): Decompressing com.google.android.gms (com.google.android.gms) format 2
06-28 09:52:37.087  1975 19111 I zygote  : Deoptimizing boolean xg.addAll(java.util.Collection) due to JIT inline cache
06-28 09:52:37.333  1483 19157 I NuPlayerDecoder: [audio] saw output EOS
06-28 09:52:37.334  1483 19156 D AudioTrack: stop() called with 132300 frames delivered
06-28 09:52:37.595  1393  3231 W audio_hw_generic: Not supplying enough data to HAL, expected position 94640089 , only wrote 94638240
06-28 09:52:37.596  1393  3231 W audio_hw_generic: Not supplying enough data to HAL, expected position 94638282 , only wrote 94638240
06-28 09:52:37.616  1393  3231 W audio_hw_generic: Not supplying enough data to HAL, expected position 94639216 , only wrote 94638960
06-28 09:52:37.772  1483 19153 D NuPlayerDriver: notifyListener_l(0xab7a5620), (2, 0, 0, -1), loop setting(1, 0)
06-28 09:52:37.780  1483 19157 I NuPlayerDecoder: [OMX.google.vorbis.decoder] resubmitting CSD
06-28 09:52:37.781  1483 19157 I NuPlayerDecoder: [OMX.google.vorbis.decoder] resubmitting CSD
06-28 09:52:37.794  1483 19153 D NuPlayerDriver: notifyListener_l(0xab7a5620), (6, 0, 0, -1), loop setting(1, 0)
06-28 09:52:40.288  1483 19157 I NuPlayerDecoder: [audio] saw output EOS
06-28 09:52:40.539  1483 19156 D AudioTrack: stop() called with 132300 frames delivered
06-28 09:52:40.879  1483 19153 D NuPlayerDriver: notifyListener_l(0xab7a5620), (2, 0, 0, -1), loop setting(1, 0)
06-28 09:52:40.890  1483 19157 I NuPlayerDecoder: [OMX.google.vorbis.decoder] resubmitting CSD
06-28 09:52:40.893  1483 19157 I NuPlayerDecoder: [OMX.google.vorbis.decoder] resubmitting CSD
06-28 09:52:40.903  1483 19153 D NuPlayerDriver: notifyListener_l(0xab7a5620), (6, 0, 0, -1), loop setting(1, 0)
06-28 09:52:40.936  1483 19156 W AudioTrack: getTimestamp() location moved from kernel to server
06-28 09:52:40.981  1483 19156 W AudioTrack: retrograde timestamp position corrected, -1058 = 0 - 1058
06-28 09:52:41.193  1393  3231 W audio_hw_generic: Hardware backing HAL too slow, could only write 0 of 720 frames
06-28 09:52:42.576  1393  3231 W audio_hw_generic: Hardware backing HAL too slow, could only write 0 of 720 frames
06-28 09:52:42.766  1393  3231 W audio_hw_generic: Not supplying enough data to HAL, expected position 94886152 , only wrote 94885920
06-28 09:52:43.078 18809 19206 I Finsky  : [886] czw.doInBackground(13): com.google.android.gms (com.google.android.gms) (52559679 bytes) copied successfully in 6453 ms
06-28 09:52:43.213 18809 18809 I Finsky  : [2] kma.a(8): Successfully copied APK to update com.google.android.gms (adid: com.google.android.gms , isid: ivRSsuK0RNeYphWz93ag9w)
06-28 09:52:43.236 18574 18586 V DownloadManager: Deleting /storage/emulated/0/Android/data/com.android.vending/files/1561729895555 via provider delete
06-28 09:52:43.239 18809 18809 I Finsky  : [2] klc.a(6): Handling streamingComplete for com.google.android.gms gid: 0
06-28 09:52:43.255 18809 18809 I Finsky  : [2] kle.c(71): Begin install of com.google.android.gms (isid: ivRSsuK0RNeYphWz93ag9w)
06-28 09:52:43.493  1483 19157 I NuPlayerDecoder: [audio] saw output EOS
06-28 09:52:43.494  1483 19156 D AudioTrack: stop() called with 132300 frames delivered
06-28 09:52:43.751 18574 18586 D MediaProvider: object removed 31109
06-28 09:52:43.907  1603  1616 E memtrack: Couldn't load memtrack module
06-28 09:52:43.907  1603  1616 W android.os.Debug: failed to get memory consumption info: -1
06-28 09:52:43.983  1483 19153 D NuPlayerDriver: notifyListener_l(0xab7a5620), (2, 0, 0, -1), loop setting(1, 0)
06-28 09:52:43.997  1483 19157 I NuPlayerDecoder: [OMX.google.vorbis.decoder] resubmitting CSD
06-28 09:52:43.999  1483 19157 I NuPlayerDecoder: [OMX.google.vorbis.decoder] resubmitting CSD
06-28 09:52:44.031  1483 19153 D NuPlayerDriver: notifyListener_l(0xab7a5620), (6, 0, 0, -1), loop setting(1, 0)
06-28 09:52:44.039  1483  1574 W AudioTrack: getTimestamp() location moved from kernel to server
06-28 09:52:44.040  1483 19156 W NuPlayerRenderer: getPendingAudioPlayoutDurationUs: pendingUs -1889 < 0, clamping to zero, potential resume after pause writtenAudioDurationUs: 5804, audioSinkPlayedUs: 7693
06-28 09:52:44.062  1483 19156 W AudioTrack: retrograde timestamp position corrected, -256 = 0 - 256
06-28 09:52:44.062  1483 19156 W NuPlayerRenderer: getPendingAudioPlayoutDurationUs: pendingUs -4049 < 0, clamping to zero, potential resume after pause writtenAudioDurationUs: 17414, audioSinkPlayedUs: 21463
06-28 09:52:45.291  1603  1629 I ActivityManager: Start proc 19209:com.android.defcontainer/u0a7 for service com.android.defcontainer/.DefaultContainerService
06-28 09:52:45.293 19209 19209 W zygote  : Unexpected CPU variant for X86 using defaults: x86
06-28 09:52:45.352 19209 19209 I zygote  : The ClassLoaderContext is a special shared library.
06-28 09:52:45.613 18809 18809 I Finsky  : [2] uwo.a(6): Verification requested, id = 0
06-28 09:52:45.665 18809 18831 I Finsky  : [785] vcd.c(1): Skipping verification because own installation
06-28 09:52:45.666 18809 18831 I Finsky  : [785] vcd.c(1): Skipping anti malware verification due to pre-check failure
06-28 09:52:45.685 18809 18831 I Finsky  : [785] vhp.c(2): PSIC verification started with installer uid: 10026 package name: com.android.vending, originating uid: -1
06-28 09:52:45.693 18809 18831 I Finsky  : [785] vhp.c(2): Skipping logging for attempted installation. The GPP Installer warnings experiment for O+ is disabled.
06-28 09:52:45.697 18809 18809 I Finsky  : [2] vea.c(3): Verifying id=0, result=1
06-28 09:52:45.710 18809 18809 I Finsky  : [2] vea.b(6): Verification complete: id=0, package_name=com.google.android.gms
06-28 09:52:46.181  1603  1629 I PackageManager.DexOptimizer: Running dexopt (dexoptNeeded=1) on: /data/app/com.google.android.gms-MCT3mge94PRCUKkc85x3zg==/base.apk pkg=com.google.android.gms isa=x86 dexoptFlags=boot_complete,public target-filter=quicken oatDir=/data/app/com.google.android.gms-MCT3mge94PRCUKkc85x3zg==/oat sharedLibraries=PCL[/system/framework/com.android.media.remotedisplay.jar:/system/framework/com.android.location.provider.jar]
06-28 09:52:46.250 19227 19227 I chatty  : uid=39999(u0_a29999) expire 86 lines
06-28 09:52:46.551  1483 19157 I NuPlayerDecoder: [audio] saw output EOS
06-28 09:52:46.688  1393  3231 W audio_hw_generic: Hardware backing HAL too slow, could only write 0 of 720 frames
06-28 09:52:46.783  1475  1571 D AudioFlinger: mixer(0xaa803cc0) throttle end: throttle time(2)
06-28 09:52:46.809  1483 19156 D AudioTrack: stop() called with 132300 frames delivered
06-28 09:52:47.129  1483 19153 D NuPlayerDriver: notifyListener_l(0xab7a5620), (2, 0, 0, -1), loop setting(1, 0)
06-28 09:52:47.152  1483 19157 I NuPlayerDecoder: [OMX.google.vorbis.decoder] resubmitting CSD
06-28 09:52:47.159  1483 19157 I NuPlayerDecoder: [OMX.google.vorbis.decoder] resubmitting CSD
06-28 09:52:47.186  1483 19153 D NuPlayerDriver: notifyListener_l(0xab7a5620), (6, 0, 0, -1), loop setting(1, 0)
06-28 09:52:47.197  1483 19156 W AudioTrack: getTimestamp() location moved from kernel to server
06-28 09:52:47.197  1483 19156 W NuPlayerRenderer: getPendingAudioPlayoutDurationUs: pendingUs -2734 < 0, clamping to zero, potential resume after pause writtenAudioDurationUs: 2902, audioSinkPlayedUs: 5636
06-28 09:52:47.226  1483 19156 W AudioTrack: retrograde timestamp position corrected, -128 = 0 - 128
06-28 09:52:47.227  1483 19156 W NuPlayerRenderer: getPendingAudioPlayoutDurationUs: pendingUs -6893 < 0, clamping to zero, potential resume after pause writtenAudioDurationUs: 11609, audioSinkPlayedUs: 18502
06-28 09:52:47.262  1483 19156 W NuPlayerRenderer: getPendingAudioPlayoutDurationUs: pendingUs -12470 < 0, clamping to zero, potential resume after pause writtenAudioDurationUs: 14512, audioSinkPlayedUs: 26982
06-28 09:52:47.688  1393  3231 W audio_hw_generic: Hardware backing HAL too slow, could only write 0 of 720 frames
06-28 09:52:47.703  1393  3231 I chatty  : uid=1041(audioserver) writer identical 1 line
06-28 09:52:47.718  1393  3231 W audio_hw_generic: Hardware backing HAL too slow, could only write 0 of 720 frames
06-28 09:52:48.051  1393  3231 W audio_hw_generic: Not supplying enough data to HAL, expected position 95139611 , only wrote 95139360
06-28 09:52:48.052  1393  3231 W audio_hw_generic: Not supplying enough data to HAL, expected position 95139400 , only wrote 95139360
06-28 09:52:48.068  1393  3231 W audio_hw_generic: Not supplying enough data to HAL, expected position 95140119 , only wrote 95140080
06-28 09:52:49.493  1409  1409 I boot-pipe: done populating /dev/random
06-28 09:52:49.569  1393  3231 W audio_hw_generic: Not supplying enough data to HAL, expected position 95212157 , only wrote 95212080
06-28 09:52:49.885  1483 19157 I NuPlayerDecoder: [audio] saw output EOS
06-28 09:52:49.886  1483 19156 D AudioTrack: stop() called with 132300 frames delivered
06-28 09:52:50.329  1483 19153 D NuPlayerDriver: notifyListener_l(0xab7a5620), (2, 0, 0, -1), loop setting(1, 0)
06-28 09:52:50.348  1483 19157 I NuPlayerDecoder: [OMX.google.vorbis.decoder] resubmitting CSD
06-28 09:52:50.349  1483 19157 I NuPlayerDecoder: [OMX.google.vorbis.decoder] resubmitting CSD
06-28 09:52:50.358  1483 19153 D NuPlayerDriver: notifyListener_l(0xab7a5620), (6, 0, 0, -1), loop setting(1, 0)
06-28 09:52:51.443  1603  1612 I zygote  : Background concurrent copying GC freed 23427(1351KB) AllocSpace objects, 2(104KB) LOS objects, 26% free, 16MB/22MB, paused 937us total 187.286ms
06-28 09:52:52.914  1483 19157 I NuPlayerDecoder: [audio] saw output EOS
06-28 09:52:52.916  1483 19156 D AudioTrack: stop() called with 132300 frames delivered
06-28 09:52:53.335  1393  3231 W audio_hw_generic: Not supplying enough data to HAL, expected position 95392841 , only wrote 95392800
06-28 09:52:53.427  1483 19153 D NuPlayerDriver: notifyListener_l(0xab7a5620), (2, 0, 0, -1), loop setting(1, 0)
06-28 09:52:53.448  1483 19157 I NuPlayerDecoder: [OMX.google.vorbis.decoder] resubmitting CSD
06-28 09:52:53.452  1483 19157 I NuPlayerDecoder: [OMX.google.vorbis.decoder] resubmitting CSD
06-28 09:52:53.476  1483 19153 D NuPlayerDriver: notifyListener_l(0xab7a5620), (6, 0, 0, -1), loop setting(1, 0)
06-28 09:52:53.494  1483 19156 W AudioTrack: getTimestamp() location moved from kernel to server
06-28 09:52:53.494  1483 19156 W NuPlayerRenderer: getPendingAudioPlayoutDurationUs: pendingUs -7930 < 0, clamping to zero, potential resume after pause writtenAudioDurationUs: 8707, audioSinkPlayedUs: 16637
06-28 09:52:53.522  1483 19156 W AudioTrack: retrograde timestamp position corrected, -256 = 128 - 384
06-28 09:52:53.522  1483 19156 W NuPlayerRenderer: getPendingAudioPlayoutDurationUs: pendingUs -7777 < 0, clamping to zero, potential resume after pause writtenAudioDurationUs: 14512, audioSinkPlayedUs: 22289
06-28 09:52:53.557  1483 19156 W NuPlayerRenderer: getPendingAudioPlayoutDurationUs: pendingUs -376 < 0, clamping to zero, potential resume after pause writtenAudioDurationUs: 23219, audioSinkPlayedUs: 23595
06-28 09:52:54.518  1603  1620 I WifiService: requestActivityInfo uid=1000
06-28 09:52:54.518  1603  1620 I WifiService: reportActivityInfo uid=1000
06-28 09:52:54.518  1603  1620 I WifiService: getSupportedFeatures uid=1000
06-28 09:52:54.786  1475  1571 D AudioFlinger: mixer(0xaa803cc0) throttle end: throttle time(6)
06-28 09:52:55.036  1393  3231 W audio_hw_generic: Not supplying enough data to HAL, expected position 95474448 , only wrote 95474160
06-28 09:52:55.037  1393  3231 W audio_hw_generic: Not supplying enough data to HAL, expected position 95474187 , only wrote 95474160
06-28 09:52:55.049  1603  1613 W ActivityManager: No permission grants found for com.google.android.apps.photos
06-28 09:52:55.593  1603  2151 W ActivityManager: No permission grants found for com.google.android.apps.photos
06-28 09:52:56.036  1603  2151 I WifiService: acquireWifiLock uid=10014 lockMode=2
06-28 09:52:56.258  1393  3231 W audio_hw_generic: Not supplying enough data to HAL, expected position 95532782 , only wrote 95531760
06-28 09:52:56.259  1393  3231 W audio_hw_generic: Not supplying enough data to HAL, expected position 95531775 , only wrote 95531760
06-28 09:52:56.269  1483 19157 I NuPlayerDecoder: [audio] saw output EOS
06-28 09:52:56.274  1483 19156 D AudioTrack: stop() called with 132300 frames delivered
06-28 09:52:56.275  1393  3231 W audio_hw_generic: Not supplying enough data to HAL, expected position 95532531 , only wrote 95532480
06-28 09:52:56.634  1483 19153 D NuPlayerDriver: notifyListener_l(0xab7a5620), (2, 0, 0, -1), loop setting(1, 0)
06-28 09:52:56.654  1483 19157 I NuPlayerDecoder: [OMX.google.vorbis.decoder] resubmitting CSD
06-28 09:52:56.655  1483 19157 I NuPlayerDecoder: [OMX.google.vorbis.decoder] resubmitting CSD
06-28 09:52:56.669  1483 19153 D NuPlayerDriver: notifyListener_l(0xab7a5620), (6, 0, 0, -1), loop setting(1, 0)
06-28 09:52:56.707  1483 19156 W AudioTrack: getTimestamp() location moved from kernel to server
06-28 09:52:56.707  1483 19156 W NuPlayerRenderer: getPendingAudioPlayoutDurationUs: pendingUs -282 < 0, clamping to zero, potential resume after pause writtenAudioDurationUs: 20317, audioSinkPlayedUs: 20599
06-28 09:52:56.730  1483 19156 W AudioTrack: retrograde timestamp position corrected, -64 = 832 - 896
06-28 09:52:59.094  1603  5056 D WificondControl: Scan result ready event
06-28 09:52:59.126  1603  1616 E memtrack: Couldn't load memtrack module
06-28 09:52:59.126  1603  1616 W android.os.Debug: failed to get memory consumption info: -1
06-28 09:52:59.195  1483 19157 I NuPlayerDecoder: [audio] saw output EOS
06-28 09:52:59.196  1483 19156 D AudioTrack: stop() called with 132300 frames delivered
06-28 09:52:59.302  1475  1571 D AudioFlinger: mixer(0xaa803cc0) throttle end: throttle time(2)
06-28 09:52:59.315  1603 12888 I WifiService: releaseWifiLock uid=10014
06-28 09:52:59.405  1603  1616 E memtrack: Couldn't load memtrack module
06-28 09:52:59.405  1603  1616 W android.os.Debug: failed to get memory consumption info: -1
06-28 09:52:59.461 19227 19230 I chatty  : uid=39999(u0_a29999) expire 1 line
06-28 09:52:59.752  1483 19153 D NuPlayerDriver: notifyListener_l(0xab7a5620), (2, 0, 0, -1), loop setting(1, 0)
06-28 09:52:59.763  1483 19157 I NuPlayerDecoder: [OMX.google.vorbis.decoder] resubmitting CSD
06-28 09:52:59.764  1483 19157 I NuPlayerDecoder: [OMX.google.vorbis.decoder] resubmitting CSD
06-28 09:52:59.773  1483 19153 D NuPlayerDriver: notifyListener_l(0xab7a5620), (6, 0, 0, -1), loop setting(1, 0)
06-28 09:52:59.808  1483 19156 W AudioTrack: getTimestamp() location moved from kernel to server
06-28 09:52:59.849  1483 19156 W AudioTrack: retrograde timestamp position corrected, -1058 = 0 - 1058
06-28 09:53:00.860  1393  3231 W audio_hw_generic: Not supplying enough data to HAL, expected position 95752601 , only wrote 95752080
06-28 09:53:00.861  1393  3231 W audio_hw_generic: Not supplying enough data to HAL, expected position 95752106 , only wrote 95752080
06-28 09:53:00.867  1483 19156 W AudioTrack: getTimestamp() location moved from kernel to server
06-28 09:53:00.876  1393  3231 W audio_hw_generic: Not supplying enough data to HAL, expected position 95752815 , only wrote 95752800
06-28 09:53:02.287  1483 19157 I NuPlayerDecoder: [audio] saw output EOS
06-28 09:53:02.540  1483 19156 D AudioTrack: stop() called with 132300 frames delivered
06-28 09:53:02.854  1483 19153 D NuPlayerDriver: notifyListener_l(0xab7a5620), (2, 0, 0, -1), loop setting(1, 0)
06-28 09:53:02.872  1483 19157 I NuPlayerDecoder: [OMX.google.vorbis.decoder] resubmitting CSD
06-28 09:53:02.877  1483 19157 I NuPlayerDecoder: [OMX.google.vorbis.decoder] resubmitting CSD
06-28 09:53:02.886  1483 19153 D NuPlayerDriver: notifyListener_l(0xab7a5620), (6, 0, 0, -1), loop setting(1, 0)
06-28 09:53:02.931  1483 19156 W AudioTrack: getTimestamp() location moved from kernel to server
06-28 09:53:02.973  1483 19156 W AudioTrack: retrograde timestamp position corrected, -1058 = 0 - 1058
06-28 09:53:03.585  1393  3231 W audio_hw_generic: Not supplying enough data to HAL, expected position 95882820 , only wrote 95881680
06-28 09:53:03.585  1393  3231 W audio_hw_generic: Not supplying enough data to HAL, expected position 95881689 , only wrote 95881680
06-28 09:53:03.603  1393  3231 W audio_hw_generic: Not supplying enough data to HAL, expected position 95882527 , only wrote 95882400
06-28 09:53:03.614  1475  1571 D AudioFlinger: mixer(0xaa803cc0) throttle end: throttle time(12)
06-28 09:53:05.544  1483 19157 I NuPlayerDecoder: [audio] saw output EOS
06-28 09:53:05.545  1483 19156 D AudioTrack: stop() called with 132300 frames delivered
06-28 09:53:06.003  1483 19153 D NuPlayerDriver: notifyListener_l(0xab7a5620), (2, 0, 0, -1), loop setting(1, 0)
06-28 09:53:06.024  1483 19157 I NuPlayerDecoder: [OMX.google.vorbis.decoder] resubmitting CSD
06-28 09:53:06.025  1483 19157 I NuPlayerDecoder: [OMX.google.vorbis.decoder] resubmitting CSD
06-28 09:53:06.042  1483 19153 D NuPlayerDriver: notifyListener_l(0xab7a5620), (6, 0, 0, -1), loop setting(1, 0)
06-28 09:53:06.076  1483 19156 W AudioTrack: getTimestamp() location moved from kernel to server
06-28 09:53:06.076  1483 19156 W NuPlayerRenderer: getPendingAudioPlayoutDurationUs: pendingUs -721 < 0, clamping to zero, potential resume after pause writtenAudioDurationUs: 20317, audioSinkPlayedUs: 21038
06-28 09:53:06.096  1483 19156 W AudioTrack: retrograde timestamp position corrected, -768 = 0 - 768
06-28 09:53:07.077  1603  1616 E memtrack: Couldn't load memtrack module
06-28 09:53:07.077  1603  1616 W android.os.Debug: failed to get memory consumption info: -1
06-28 09:53:07.100  5017 19239 I GmscoreIpa: Starting mediastore instant index
06-28 09:53:07.159  1603  1616 E memtrack: Couldn't load memtrack module
06-28 09:53:07.159  1603  1616 W android.os.Debug: failed to get memory consumption info: -1
06-28 09:53:07.400  5017  6377 I zygote  : Deoptimizing void bowo.run() due to JIT inline cache
06-28 09:53:08.519  1483 19157 I NuPlayerDecoder: [audio] saw output EOS
06-28 09:53:08.771  1483 19156 D AudioTrack: stop() called with 132300 frames delivered
06-28 09:53:09.128  1483 19153 D NuPlayerDriver: notifyListener_l(0xab7a5620), (2, 0, 0, -1), loop setting(1, 0)
06-28 09:53:09.146  1483 19157 I NuPlayerDecoder: [OMX.google.vorbis.decoder] resubmitting CSD
06-28 09:53:09.148  1483 19157 I NuPlayerDecoder: [OMX.google.vorbis.decoder] resubmitting CSD
06-28 09:53:09.170  1483 19153 D NuPlayerDriver: notifyListener_l(0xab7a5620), (6, 0, 0, -1), loop setting(1, 0)
06-28 09:53:09.203  1483 19156 W AudioTrack: getTimestamp() location moved from kernel to server
06-28 09:53:09.203  1483 19156 W NuPlayerRenderer: getPendingAudioPlayoutDurationUs: pendingUs -3705 < 0, clamping to zero, potential resume after pause writtenAudioDurationUs: 23219, audioSinkPlayedUs: 26924
06-28 09:53:09.225  1483 19156 W AudioTrack: retrograde timestamp position corrected, -1024 = 0 - 1024
06-28 09:53:09.702 19227 19241 I chatty  : uid=39999(u0_a29999) expire 3131 lines
06-28 09:53:09.893 17702 17778 I zygote  : Note: end time exceeds INT32_MAX: 9223372022
06-28 09:53:10.581  1393  3231 W audio_hw_generic: Not supplying enough data to HAL, expected position 96217319 , only wrote 96217200
06-28 09:53:10.581  1393  3231 W audio_hw_generic: Not supplying enough data to HAL, expected position 96217237 , only wrote 96217200
06-28 09:53:10.596  1393  3231 W audio_hw_generic: Not supplying enough data to HAL, expected position 96217929 , only wrote 96217920
06-28 09:53:10.604  1475  1571 D AudioFlinger: mixer(0xaa803cc0) throttle end: throttle time(12)
06-28 09:53:11.730  1483 19157 I NuPlayerDecoder: [audio] saw output EOS
06-28 09:53:11.732  1483 19156 D AudioTrack: stop() called with 132300 frames delivered
06-28 09:53:12.246  1483 19153 D NuPlayerDriver: notifyListener_l(0xab7a5620), (2, 0, 0, -1), loop setting(1, 0)
06-28 09:53:12.263  1483 19157 I NuPlayerDecoder: [OMX.google.vorbis.decoder] resubmitting CSD
06-28 09:53:12.264  1483 19157 I NuPlayerDecoder: [OMX.google.vorbis.decoder] resubmitting CSD
06-28 09:53:12.287  1483 19153 D NuPlayerDriver: notifyListener_l(0xab7a5620), (6, 0, 0, -1), loop setting(1, 0)
06-28 09:53:12.299  1483 19156 W AudioTrack: getTimestamp() location moved from kernel to server
06-28 09:53:12.299  1483 19156 W NuPlayerRenderer: getPendingAudioPlayoutDurationUs: pendingUs -2779 < 0, clamping to zero, potential resume after pause writtenAudioDurationUs: 11609, audioSinkPlayedUs: 14388
06-28 09:53:12.321  1483 19156 W AudioTrack: retrograde timestamp position corrected, -512 = 0 - 512
06-28 09:53:12.678 19227 19227 I chatty  : uid=39999(u0_a29999) expire 235 lines
06-28 09:53:12.801 19227 19241 I chatty  : uid=39999(u0_a29999) expire 181 lines
06-28 09:53:13.869 19227 19227 I chatty  : uid=39999(u0_a29999) expire 370 lines
06-28 09:53:14.920  1483 19157 I NuPlayerDecoder: [audio] saw output EOS
06-28 09:53:14.923  1483 19156 D AudioTrack: stop() called with 132300 frames delivered
06-28 09:53:15.362  1483 19153 D NuPlayerDriver: notifyListener_l(0xab7a5620), (2, 0, 0, -1), loop setting(1, 0)
06-28 09:53:15.375  1483 19157 I NuPlayerDecoder: [OMX.google.vorbis.decoder] resubmitting CSD
06-28 09:53:15.376  1483 19157 I NuPlayerDecoder: [OMX.google.vorbis.decoder] resubmitting CSD
06-28 09:53:15.389  1483 19153 D NuPlayerDriver: notifyListener_l(0xab7a5620), (6, 0, 0, -1), loop setting(1, 0)
06-28 09:53:15.428  1483 19156 W AudioTrack: getTimestamp() location moved from kernel to server
06-28 09:53:15.429  1483 19156 W NuPlayerRenderer: getPendingAudioPlayoutDurationUs: pendingUs -5512 < 0, clamping to zero, potential resume after pause writtenAudioDurationUs: 26122, audioSinkPlayedUs: 31634
06-28 09:53:15.450  1483 19156 W AudioTrack: retrograde timestamp position corrected, -1060 = 0 - 1060
06-28 09:53:16.071  1603  2974 I WifiService: acquireWifiLock uid=10014 lockMode=2
06-28 09:53:16.085  1603  1616 E memtrack: Couldn't load memtrack module
06-28 09:53:16.086  1603  1616 W android.os.Debug: failed to get memory consumption info: -1
06-28 09:53:16.224  1603  6334 I WifiService: releaseWifiLock uid=10014
06-28 09:53:16.299  1975  1975 I GeofencerStateMachine: sendNewTransitions called.
06-28 09:53:17.741  1393  3231 W audio_hw_generic: Not supplying enough data to HAL, expected position 96560851 , only wrote 96560640
06-28 09:53:17.742  1393  3231 W audio_hw_generic: Not supplying enough data to HAL, expected position 96560706 , only wrote 96560640
06-28 09:53:17.755  1483 19156 W AudioTrack: getTimestamp() location moved from kernel to server
06-28 09:53:18.054  1483 19157 I NuPlayerDecoder: [audio] saw output EOS
06-28 09:53:18.056  1483 19156 D AudioTrack: stop() called with 132300 frames delivered
06-28 09:53:18.083 19227 19241 I chatty  : uid=39999(u0_a29999) expire 23 lines
06-28 09:53:18.463  1483 19153 D NuPlayerDriver: notifyListener_l(0xab7a5620), (2, 0, 0, -1), loop setting(1, 0)
06-28 09:53:18.479  1483 19157 I NuPlayerDecoder: [OMX.google.vorbis.decoder] resubmitting CSD
06-28 09:53:18.481  1483 19157 I NuPlayerDecoder: [OMX.google.vorbis.decoder] resubmitting CSD
06-28 09:53:18.494  1483 19153 D NuPlayerDriver: notifyListener_l(0xab7a5620), (6, 0, 0, -1), loop setting(1, 0)
06-28 09:53:18.525  1483 19156 W AudioTrack: getTimestamp() location moved from kernel to server
06-28 09:53:18.550  1483 19156 W AudioTrack: retrograde timestamp position corrected, -1058 = 0 - 1058
06-28 09:53:19.231  1483 19156 W AudioTrack: getTimestamp() location moved from kernel to server
06-28 09:53:19.283  1393  3231 W audio_hw_generic: Not supplying enough data to HAL, expected position 96634579 , only wrote 96634080
06-28 09:53:21.075  1483 19157 I NuPlayerDecoder: [audio] saw output EOS
06-28 09:53:21.076  1483 19156 D AudioTrack: stop() called with 132300 frames delivered
06-28 09:53:21.184  1603  5056 I WifiService: getConnectionInfo uid=10014
06-28 09:53:21.212  1603  1620 I WifiService: requestActivityInfo uid=1000
06-28 09:53:21.212  1603  1620 I WifiService: reportActivityInfo uid=1000
06-28 09:53:21.212  1603  1620 I WifiService: getSupportedFeatures uid=1000
06-28 09:53:21.212  1975 18040 E WakeLock: GCM_HB_ALARM release without a matched acquire!
06-28 09:53:21.525  1603  5056 I WifiService: getConnectionInfo uid=10014
06-28 09:53:21.570  1483 19153 D NuPlayerDriver: notifyListener_l(0xab7a5620), (2, 0, 0, -1), loop setting(1, 0)
06-28 09:53:21.588  1483 19157 I NuPlayerDecoder: [OMX.google.vorbis.decoder] resubmitting CSD
06-28 09:53:21.590  1483 19157 I NuPlayerDecoder: [OMX.google.vorbis.decoder] resubmitting CSD
06-28 09:53:21.604  1483 19153 D NuPlayerDriver: notifyListener_l(0xab7a5620), (6, 0, 0, -1), loop setting(1, 0)
06-28 09:53:21.634  1483 19156 W AudioTrack: getTimestamp() location moved from kernel to server
06-28 09:53:21.657  1483 19156 W AudioTrack: retrograde timestamp time corrected, 10296632035380 < 10296632216270
06-28 09:53:21.657  1483 19156 W AudioTrack: retrograde timestamp position corrected, -1058 = 0 - 1058
06-28 09:53:22.042  1483 19156 W AudioTrack: getTimestamp() location moved from kernel to server
06-28 09:53:22.103  1975  1987 I GeofencerStateMachine: addGeofences called by com.google.android.apps.maps
06-28 09:53:22.260  1975  1975 I GeofencerStateMachine: sendNewTransitions called.
06-28 09:53:22.273  1975  1975 I GeofencerStateMachine: sendNewLocationAvailability: availability=LocationAvailability[isLocationAvailable: true]
06-28 09:53:22.402  1603  2974 I WifiService: getWifiEnabledState uid=10062
06-28 09:53:22.521  1975  2377 I zygote  : IncrementDisableThreadFlip blocked for 6.710ms
06-28 09:53:22.527  1975  2396 I zygote  : IncrementDisableThreadFlip blocked for 8.562ms
06-28 09:53:22.617  1975  1975 I GeofencerStateMachine: sendNewLocationAvailability: availability=LocationAvailability[isLocationAvailable: true]
06-28 09:53:22.621  1975  1975 I GeofencerStateMachine: sendNewLocationAvailability: availability=LocationAvailability[isLocationAvailable: true]
06-28 09:53:22.829  1975  1985 I zygote  : Background concurrent copying GC freed 122738(5MB) AllocSpace objects, 12(772KB) LOS objects, 37% free, 10MB/16MB, paused 925us total 316.102ms
06-28 09:53:22.863  1603  1612 I zygote  : Background concurrent copying GC freed 19540(1138KB) AllocSpace objects, 12(816KB) LOS objects, 26% free, 16MB/22MB, paused 2.007ms total 648.366ms
06-28 09:53:23.029  1975  2396 W ResourceType: ResTable_typeSpec entry count inconsistent: given 15, previously 22
06-28 09:53:23.498  1393  3231 W audio_hw_generic: Not supplying enough data to HAL, expected position 96836424 , only wrote 96836400
06-28 09:53:23.514  1393  3231 W audio_hw_generic: Not supplying enough data to HAL, expected position 96837152 , only wrote 96837120
06-28 09:53:23.548  1393  3231 W audio_hw_generic: Not supplying enough data to HAL, expected position 96838782 , only wrote 96838560
06-28 09:53:23.938  1475  1571 D AudioFlinger: mixer(0xaa803cc0) throttle end: throttle time(11)
06-28 09:53:24.280  1483 19157 I NuPlayerDecoder: [audio] saw output EOS
06-28 09:53:24.280  1483 19156 D AudioTrack: stop() called with 132300 frames delivered
06-28 09:53:24.673  1483 19153 D NuPlayerDriver: notifyListener_l(0xab7a5620), (2, 0, 0, -1), loop setting(1, 0)
06-28 09:53:24.692  1483 19157 I NuPlayerDecoder: [OMX.google.vorbis.decoder] resubmitting CSD
06-28 09:53:24.693  1483 19157 I NuPlayerDecoder: [OMX.google.vorbis.decoder] resubmitting CSD
06-28 09:53:24.706  1483 19153 D NuPlayerDriver: notifyListener_l(0xab7a5620), (6, 0, 0, -1), loop setting(1, 0)
06-28 09:53:26.120  1475  1571 D AudioFlinger: mixer(0xaa803cc0) throttle end: throttle time(4)
06-28 09:53:26.364  1475  1571 D AudioFlinger: mixer(0xaa803cc0) throttle end: throttle time(2)
06-28 09:53:27.473  1483 19157 I NuPlayerDecoder: [audio] saw output EOS
06-28 09:53:27.475  1483 19156 D AudioTrack: stop() called with 132300 frames delivered
06-28 09:53:27.499  1603  1616 E memtrack: Couldn't load memtrack module
06-28 09:53:27.499  1603  1616 W android.os.Debug: failed to get memory consumption info: -1
06-28 09:53:27.533  1603  6334 I WifiService: getWifiEnabledState uid=10062
06-28 09:53:27.912  1483 19153 D NuPlayerDriver: notifyListener_l(0xab7a5620), (2, 0, 0, -1), loop setting(1, 0)
06-28 09:53:27.935  1483 19157 I NuPlayerDecoder: [OMX.google.vorbis.decoder] resubmitting CSD
06-28 09:53:27.937  1483 19157 I NuPlayerDecoder: [OMX.google.vorbis.decoder] resubmitting CSD
06-28 09:53:27.951  1483 19153 D NuPlayerDriver: notifyListener_l(0xab7a5620), (6, 0, 0, -1), loop setting(1, 0)
06-28 09:53:27.976  1483 19156 W AudioTrack: getTimestamp() location moved from kernel to server
06-28 09:53:27.976  1483 19156 W NuPlayerRenderer: getPendingAudioPlayoutDurationUs: pendingUs -991 < 0, clamping to zero, potential resume after pause writtenAudioDurationUs: 17414, audioSinkPlayedUs: 18405
06-28 09:53:28.020  1483 19156 W AudioTrack: retrograde timestamp position corrected, -866 = 194 - 1060
06-28 09:53:28.609 19227 19227 I chatty  : uid=39999(u0_a29999) expire 31 lines
06-28 09:53:29.341 19227 19249 I chatty  : uid=39999(u0_a29999) expire 87 lines
06-28 09:53:29.439 19227 19227 I chatty  : uid=39999(u0_a29999) expire 2740 lines
06-28 09:53:30.468  1483 19157 I NuPlayerDecoder: [audio] saw output EOS
06-28 09:53:30.469  1483 19156 D AudioTrack: stop() called with 132300 frames delivered
06-28 09:53:31.015  1483 19153 D NuPlayerDriver: notifyListener_l(0xab7a5620), (2, 0, 0, -1), loop setting(1, 0)
06-28 09:53:31.027  1483 19157 I NuPlayerDecoder: [OMX.google.vorbis.decoder] resubmitting CSD
06-28 09:53:31.028  1483 19157 I NuPlayerDecoder: [OMX.google.vorbis.decoder] resubmitting CSD
06-28 09:53:31.038  1483 19153 D NuPlayerDriver: notifyListener_l(0xab7a5620), (6, 0, 0, -1), loop setting(1, 0)
06-28 09:53:31.080  1483 19156 W AudioTrack: getTimestamp() location moved from kernel to server
06-28 09:53:31.107  1483 19156 W AudioTrack: retrograde timestamp position corrected, -1058 = 0 - 1058
06-28 09:53:31.213  1603  1616 E memtrack: Couldn't load memtrack module
06-28 09:53:31.213  1603  1616 W android.os.Debug: failed to get memory consumption info: -1
06-28 09:53:31.801 19227 19227 W dex2oat : Method processed more than once: int bvnd.ai()
06-28 09:53:31.801 19227 19227 W dex2oat : Method processed more than once: bvnd bvnd.ai(int)
06-28 09:53:31.802 19227 19227 W dex2oat : Method processed more than once: int bvnd.aj()
06-28 09:53:31.804 19227 19227 W dex2oat : Method processed more than once: bvnd bvnd.aj(int)
06-28 09:53:31.805 19227 19227 W dex2oat : Method processed more than once: int bvnd.ak()
06-28 09:53:31.805 19227 19227 W dex2oat : Method processed more than once: bvnd bvnd.ak(int)
06-28 09:53:31.805 19227 19227 W dex2oat : Method processed more than once: bjro bvnd.al()
06-28 09:53:31.806 19227 19227 W dex2oat : Method processed more than once: bvnd bvnd.al(int)
06-28 09:53:31.806 19227 19227 W dex2oat : Method processed more than once: bvnd bvnd.am(int)
06-28 09:53:31.806 19227 19227 W dex2oat : Method processed more than once: boolean bvnd.am()
06-28 09:53:31.808 19227 19227 W dex2oat : Method processed more than once: bvnd bvnd.an(int)
06-28 09:53:31.808 19227 19227 W dex2oat : Method processed more than once: boolean bvnd.an()
06-28 09:53:31.809 19227 19227 W dex2oat : Method processed more than once: bvnd bvnd.ao()
06-28 09:53:31.820 19227 19227 W dex2oat : Method processed more than once: bvnd bvnd.ao(int)
06-28 09:53:31.820 19227 19227 W dex2oat : Method processed more than once: bvnd bvnd.ap()
06-28 09:53:31.820 19227 19227 W dex2oat : Method processed more than once: bvnd bvnd.ap(int)
06-28 09:53:31.821 19227 19227 W dex2oat : Method processed more than once: bvnd bvnd.aq()
06-28 09:53:31.822 19227 19227 W dex2oat : Method processed more than once: bvnd bvnd.aq(int)
06-28 09:53:31.824 19227 19227 W dex2oat : Method processed more than once: bvnd bvnd.ar()
06-28 09:53:31.824 19227 19227 W dex2oat : Method processed more than once: bvnd bvnd.ar(int)
06-28 09:53:31.824 19227 19227 W dex2oat : Method processed more than once: bvnd bvnd.as()
06-28 09:53:31.825 19227 19227 W dex2oat : Method processed more than once: bvnd bvnd.as(int)
06-28 09:53:31.825 19227 19227 W dex2oat : Method processed more than once: bvnd bvnd.at()
06-28 09:53:31.826 19227 19227 W dex2oat : Method processed more than once: bvnd bvnd.at(int)
06-28 09:53:31.826 19227 19227 W dex2oat : Method processed more than once: boolean bvnd.au()
06-28 09:53:31.826 19227 19227 W dex2oat : Method processed more than once: boolean bvnd.av()
06-28 09:53:31.826 19227 19227 W dex2oat : Method processed more than once: bvnd bvnd.b(bjyy)
06-28 09:53:31.827 19227 19227 W dex2oat : Method processed more than once: bvnd bvnd.c(bjyy)
06-28 09:53:31.828 19227 19227 W dex2oat : Method processed more than once: bvnd bvnd.c(bvnd)
06-28 09:53:31.829 19227 19227 W dex2oat : Method processed more than once: java.lang.String bvnd.cJ_()
06-28 09:53:31.829 19227 19227 W dex2oat : Method processed more than once: java.lang.Object bvnd.clone()
06-28 09:53:31.829 19227 19227 W dex2oat : Method processed more than once: bvnd bvnd.d(bvnd)
06-28 09:53:31.829 19227 19227 W dex2oat : Method processed more than once: bvnd bvnd.e(bvlf)
06-28 09:53:31.830 19227 19227 W dex2oat : Method processed more than once: bvnd bvnd.e(bvnd)
06-28 09:53:31.830 19227 19227 W dex2oat : Method processed more than once: bvnd bvnd.f(bvnd)
06-28 09:53:31.830 19227 19227 W dex2oat : Method processed more than once: bvnd bvnd.g(bvnd)
06-28 09:53:31.830 19227 19227 W dex2oat : Method processed more than once: bvnd bvnd.i(boolean)
06-28 09:53:31.831 19227 19227 W dex2oat : Method processed more than once: bvnd bvnd.j(boolean)
06-28 09:53:31.831 19227 19227 W dex2oat : Method processed more than once: bvnd bvnd.k(long)
06-28 09:53:31.831 19227 19227 W dex2oat : Method processed more than once: bvnd bvnd.k(java.lang.Iterable)
06-28 09:53:31.831 19227 19227 W dex2oat : Method processed more than once: bvnd bvnd.k(boolean)
06-28 09:53:31.831 19227 19227 W dex2oat : Method processed more than once: bvnd bvnd.l(long)
06-28 09:53:31.832 19227 19227 W dex2oat : Method processed more than once: bvnd bvnd.l(java.lang.Iterable)
06-28 09:53:31.832 19227 19227 W dex2oat : Method processed more than once: bvnd bvnd.l(boolean)
06-28 09:53:31.832 19227 19227 W dex2oat : Method processed more than once: bvnd bvnd.m(long)
06-28 09:53:31.832 19227 19227 W dex2oat : Method processed more than once: bvnd bvnd.m(java.lang.Iterable)
06-28 09:53:31.832 19227 19227 W dex2oat : Method processed more than once: bvnd bvnd.m(boolean)
06-28 09:53:31.832 19227 19227 W dex2oat : Method processed more than once: eis bvnd.m(int)
06-28 09:53:31.833 19227 19227 W dex2oat : Method processed more than once: bvnd bvnd.n(long)
06-28 09:53:31.833 19227 19227 W dex2oat : Method processed more than once: bvnd bvnd.n(java.lang.Iterable)
