06-28 11:29:04.285  1603  1902 I Telecom : Logging.Events: Non-call EVENT: AUDIO_ROUTE, Entering state QuiescentEarpieceRoute: CSW.sDc->CAMSM.pM_1002->CARSM.pM_SWITCH_FOCUS@DSw
06-28 11:29:04.287  1844 27148 D CallNotifier: SignalInfoTonePlayer.run(toneId = 98)...
06-28 11:29:04.287  1844 27148 D CallNotifier: mSignalInfoToneGenerator created already, hence skipping
06-28 11:29:04.299  1844  1844 D TelephonyProvider: subIdString = 1 subId = 1
06-28 11:29:04.344  1603  1681 I WifiService: getConnectionInfo uid=1000
06-28 11:29:04.350  1603  1674 D RecurrenceRule: Resolving using anchor 2019-06-28T15:29:04.349Z[GMT]
06-28 11:29:04.366 26607 26607 W Dialer  : CallList.onCallRemoved - Removing call not previously disconnected DialerCall_0
06-28 11:29:04.366 26607 26607 I Dialer  : VideoShareManager.unregisterListener - enter
06-28 11:29:04.366 26607 26607 I Dialer  : EnrichedCallManagerImpl.unregisterCapabilitiesListener - listener: bca@d051e3a
06-28 11:29:04.367 26607 26607 I Dialer  : InCallPresenter.attemptFinishActivity - Hide in call UI: false
06-28 11:29:04.371  1603  1674 D RecurrenceRule: Resolving using anchor 2019-06-28T15:29:04.353Z[GMT]
06-28 11:29:04.367 26607 26607 I Dialer  : InCallPresenter.onCallListChange - Phone switching state: INCALL -> NO_CALLS
06-28 11:29:04.377  1603  1674 D RecurrenceRule: Cycle 17 from 2019-06-09T00:00Z[GMT] to 2019-07-09T00:00Z[GMT]
06-28 11:29:04.377  1603  1674 D NetworkStats: Resolving plan for NetworkTemplate: matchRule=MOBILE_ALL, subscriberId=310260..., matchSubscriberIds=[310260...]
06-28 11:29:04.375 26607 26607 I Dialer  : VideoPauseController.onStateChange - hasPrimaryCallChanged: false, videoCanPause: false, isInBackground: false
06-28 11:29:04.380 26607 26607 I Dialer  : InCallPresenter.onCallListChange - Phone switching state: NO_CALLS -> NO_CALLS
06-28 11:29:04.385 26607 26607 I Dialer  : VideoPauseController.onStateChange - hasPrimaryCallChanged: false, videoCanPause: false, isInBackground: false
06-28 11:29:04.385 26607 26607 I Dialer  : InCallPresenter.onCallListChange - Phone switching state: NO_CALLS -> NO_CALLS
06-28 11:29:04.386 26607 26607 I Dialer  : VideoPauseController.onStateChange - hasPrimaryCallChanged: false, videoCanPause: false, isInBackground: false
06-28 11:29:04.395  1603  1674 D NetworkStats: Found active matching subId 1
06-28 11:29:04.401  1393  3231 W audio_hw_generic: Not supplying enough data to HAL, expected position 130641880 , only wrote 130641840
06-28 11:29:04.432  1708  1708 D StatusBar: disable<e i a s b h r c s q >
06-28 11:29:04.437  1603  1674 D NetworkStats: Resolved to plan null
06-28 11:29:04.458  1844  1844 D TelephonyProvider: subIdString = 1 subId = 1
06-28 11:29:04.485  1708  1926 D EGL_emulation: eglMakeCurrent: 0x9268e860: ver 2 0 (tinfo 0x92690770)
06-28 11:29:04.490  1401  6331 D gralloc_ranchu: gralloc_alloc: Creating ashmem region of size 274432
06-28 11:29:04.553  1844  1844 D TelephonyProvider: subIdString = 1 subId = 1
06-28 11:29:04.564 12507 12507 I net.osmand: RoutingHelper Recalculate route, because correlation  : 187437.32689634964
06-28 11:29:04.564 12507 12507 I net.osmand: RoutingHelper Recalculate route, because wrong movement direction: 187449.81
06-28 11:29:04.570 12507 12507 I net.osmand: RoutingHelper Recalculate route, because correlation  : 187437.32689634964
06-28 11:29:04.576 12507 12507 I net.osmand: RoutingHelper Recalculate route, because correlation  : 187437.32689634964
06-28 11:29:04.576 12507 12507 I net.osmand: RoutingHelper Recalculate route, because wrong movement direction: 187449.81
06-28 11:29:04.581 12507 12507 I net.osmand: RoutingHelper Recalculate route, because correlation  : 187437.32689634964
06-28 11:29:04.614  1708  1926 D EGL_emulation: eglMakeCurrent: 0x9268e860: ver 2 0 (tinfo 0x92690770)
06-28 11:29:04.655  1401  6331 D gralloc_ranchu: gralloc_alloc: Creating ashmem region of size 274432
06-28 11:29:04.703  1844  1844 D TelephonyProvider: subIdString = 1 subId = 1
06-28 11:29:04.717  1401  6331 D gralloc_ranchu: gralloc_alloc: Creating ashmem region of size 274432
06-28 11:29:04.810  1844  1844 D TelephonyProvider: subIdString = 1 subId = 1
06-28 11:29:04.815  1603  2505 I WifiService: acquireWifiLock uid=10014 lockMode=2
06-28 11:29:04.927  1844  1844 D TelephonyProvider: subIdString = 1 subId = 1
06-28 11:29:05.031  1844  1844 I chatty  : uid=1001(radio) com.android.phone identical 2 lines
06-28 11:29:05.064  1844  1844 D TelephonyProvider: subIdString = 1 subId = 1
06-28 11:29:05.182  1844  1855 I zygote  : Background concurrent copying GC freed 34819(2MB) AllocSpace objects, 0(0B) LOS objects, 50% free, 2MB/5MB, paused 22.560ms total 274.158ms
06-28 11:29:05.266 27149 27149 W zygote  : Unexpected CPU variant for X86 using defaults: x86
06-28 11:29:05.271  1603  1617 W ActivityManager: Slow operation: 64ms so far, now at startProcess: returned from zygote!
06-28 11:29:05.271  1603  1617 W ActivityManager: Slow operation: 64ms so far, now at startProcess: done updating battery stats
06-28 11:29:05.271  1603  1617 W ActivityManager: Slow operation: 65ms so far, now at startProcess: building log message
06-28 11:29:05.272  1603  1617 I ActivityManager: Start proc 27149:com.android.calllogbackup/u0a2 for broadcast com.android.calllogbackup/.CallLogChangeReceiver
06-28 11:29:05.272  1603  1617 W ActivityManager: Slow operation: 65ms so far, now at startProcess: starting to update pids map
06-28 11:29:05.273  1603  1617 W ActivityManager: Slow operation: 66ms so far, now at startProcess: done updating pids map
06-28 11:29:05.273  1603  1617 W ActivityManager: Slow operation: 66ms so far, now at startProcess: done starting proc!
06-28 11:29:05.275 26607 26607 I Dialer  : LightbringerImpl.handleDuoReachabilityLoaded - loaded 0 reachable contacts
06-28 11:29:05.334 12507 12507 I net.osmand: RoutingHelper Recalculate route, because correlation  : 187437.32689634964
06-28 11:29:05.334 12507 12507 I net.osmand: RoutingHelper Recalculate route, because wrong movement direction: 187449.81
06-28 11:29:05.344  1603  1616 E memtrack: Couldn't load memtrack module
06-28 11:29:05.344  1603  1616 W android.os.Debug: failed to get memory consumption info: -1
06-28 11:29:05.348 12507 12507 I net.osmand: RoutingHelper Recalculate route, because correlation  : 187437.32689634964
06-28 11:29:05.546 27149 27149 I zygote  : The ClassLoaderContext is a special shared library.
06-28 11:29:05.574  1603  1603 I Telecom : MissedCallNotifierImpl: showMissedCallNotification()
06-28 11:29:05.574  1603  1603 W Telecom : MissedCallNotifierImpl: Showing missed calls through default dialer.
06-28 11:29:05.738 19546 19895 I GeofencerStateMachine: addGeofences called by com.google.android.apps.maps
06-28 11:29:05.994 12507 12507 I net.osmand: RoutingHelper Recalculate route, because correlation  : 187437.32689634964
06-28 11:29:05.995 12507 12507 I net.osmand: RoutingHelper Recalculate route, because wrong movement direction: 187449.81
06-28 11:29:06.133  1603  1603 I Telecom : EmergencyInCallServiceConnection: Disconnect forced!: CSW.rC->ICC.oCR@DS4
06-28 11:29:06.141  1603  1616 E memtrack: Couldn't load memtrack module
06-28 11:29:06.141  1603  1616 W android.os.Debug: failed to get memory consumption info: -1
06-28 11:29:06.143 12507 12507 I net.osmand: RoutingHelper Recalculate route, because correlation  : 187437.32689634964
06-28 11:29:06.145 26607 26607 I Dialer  : InCallPresenter.setBoundAndWaitingForOutgoingCall - setBoundAndWaitingForOutgoingCall: false
06-28 11:29:06.148 26607 26607 I Dialer  : InCallPresenter.onCallListChange - Phone switching state: NO_CALLS -> NO_CALLS
06-28 11:29:06.149 26607 26607 I Dialer  : VideoPauseController.onStateChange - hasPrimaryCallChanged: false, videoCanPause: false, isInBackground: false
06-28 11:29:06.172 26607 26607 I Dialer  : InCallPresenter.attemptCleanup - Cleaning up
06-28 11:29:06.172 26607 26607 I Dialer  : ProximitySensor.turnOffProximitySensor - wake lock already released
06-28 11:29:06.172 26607 26607 I Dialer  : EnrichedCallManagerImpl.unregisterStateChangedListener - listener: bmz@b07eb88
06-28 11:29:06.172 26607 26607 I Dialer  : VideoPauseController.tearDown - enter
06-28 11:29:06.238 26607 26624 I Dialer  : MissedCallNotifier.updateMissedCallNotification - adding missed call notification
06-28 11:29:06.281  1603  1603 E VibratorService: vibratorOff command failed (1).
06-28 11:29:06.298  1603 27166 E VibratorService: vibratorOn command failed (1).
06-28 11:29:06.407 12507 12507 I net.osmand: RoutingHelper Recalculate route, because correlation  : 187437.32689634964
06-28 11:29:06.408 12507 12507 I net.osmand: RoutingHelper Recalculate route, because wrong movement direction: 187449.81
06-28 11:29:06.429 12507 12507 I net.osmand: RoutingHelper Recalculate route, because correlation  : 187437.32689634964
06-28 11:29:06.833  1393  1575 W audio_hw_generic: Not supplying enough data to HAL, expected position 130874444 , only wrote 130758480
06-28 11:29:06.902  1603  1603 E VibratorService: vibratorOff command failed (1).
06-28 11:29:06.921  1603 27167 E VibratorService: vibratorOn command failed (1).
06-28 11:29:06.989 26607 26607 I Dialer  : MissedCallNotificationReceiver.onReceive - update missed call notifications successful
06-28 11:29:07.011 26607 26607 I Dialer  : MissedCallNotificationReceiver.updateBadgeCount - update badge count: 1 success: false
06-28 11:29:07.205 12507 12507 I net.osmand: RoutingHelper Recalculate route, because correlation  : 187437.32689634964
06-28 11:29:07.206 12507 12507 I net.osmand: RoutingHelper Recalculate route, because wrong movement direction: 187449.81
06-28 11:29:07.269 12507 12507 I net.osmand: RoutingHelper Recalculate route, because correlation  : 187437.32689634964
06-28 11:29:07.498 12507 12507 I net.osmand: RoutingHelper Recalculate route, because correlation  : 187437.32689634964
06-28 11:29:07.498 12507 12507 I net.osmand: RoutingHelper Recalculate route, because wrong movement direction: 187449.81
06-28 11:29:07.525  1603 27167 E VibratorService: vibratorOn command failed (1).
06-28 11:29:07.572 12507 12507 I net.osmand: RoutingHelper Recalculate route, because correlation  : 187437.32689634964
06-28 11:29:07.804  1603  2151 D WificondControl: Scan result ready event
06-28 11:29:07.845 19546 19556 I zygote  : Background concurrent copying GC freed 175471(6MB) AllocSpace objects, 17(1232KB) LOS objects, 36% free, 10MB/16MB, paused 1.254ms total 247.097ms
06-28 11:29:07.877  1603 27167 E VibratorService: vibratorOff command failed (1).
06-28 11:29:07.943  1603  1614 I WifiService: releaseWifiLock uid=10014
06-28 11:29:08.204 12507 12507 I net.osmand: RoutingHelper Recalculate route, because correlation  : 187437.32689634964
06-28 11:29:08.204 12507 12507 I net.osmand: RoutingHelper Recalculate route, because wrong movement direction: 187449.81
06-28 11:29:08.314 12507 12507 I net.osmand: RoutingHelper Recalculate route, because correlation  : 187437.32689634964
06-28 11:29:08.650 12507 12519 I zygote  : Background concurrent copying GC freed 99890(3MB) AllocSpace objects, 4(144KB) LOS objects, 18% free, 26MB/32MB, paused 1.488ms total 591.685ms
06-28 11:29:08.932 12507 12507 I net.osmand: RoutingHelper Recalculate route, because correlation  : 187437.32689634964
06-28 11:29:08.932 12507 12507 I net.osmand: RoutingHelper Recalculate route, because wrong movement direction: 187449.81
06-28 11:29:09.006 12507 12507 I net.osmand: RoutingHelper Recalculate route, because correlation  : 187437.32689634964
06-28 11:29:09.206 12507 12507 I net.osmand: RoutingHelper Recalculate route, because correlation  : 187437.32689634964
06-28 11:29:09.207 12507 12507 I net.osmand: RoutingHelper Recalculate route, because wrong movement direction: 187449.81
06-28 11:29:09.266 12507 12507 I net.osmand: RoutingHelper Recalculate route, because correlation  : 187437.32689634964
06-28 11:29:09.836 12507 27078 W net.osmand:native: [Native] Result visited (visited roads 22877, visited segments 10991 / 30885 , queue sizes 259 / 4302 ) 
06-28 11:29:09.837 12507 27078 W net.osmand:native: [Native] Result timing (time to load 0, time to calc 27823, loaded tiles 216) 
06-28 11:29:09.837 12507 27078 W net.osmand:native: [Native] Memory occupied (Routing context 9500 Kb, search 689 Kb)
06-28 11:29:09.908 12507 27078 I net.osmand:native: Routing calculated time distance 163076.031250
06-28 11:29:10.195 12507 12507 I net.osmand: RoutingHelper Recalculate route, because correlation  : 187437.32689634964
06-28 11:29:10.269 12507 12507 I net.osmand: RoutingHelper Recalculate route, because correlation  : 187437.32689634964
06-28 11:29:10.270 12507 12507 I net.osmand: RoutingHelper Recalculate route, because wrong movement direction: 187449.81
06-28 11:29:10.287 12507 12507 I net.osmand: RoutingHelper Recalculate route, because correlation  : 187437.32689634964
06-28 11:29:10.445 12507 12507 I net.osmand: RoutingHelper Recalculate route, because correlation  : 187437.32689634964
06-28 11:29:10.446 12507 12507 I net.osmand: RoutingHelper Recalculate route, because wrong movement direction: 187449.81
06-28 11:29:10.779 12507 12519 I zygote  : Background concurrent copying GC freed 127683(5MB) AllocSpace objects, 0(0B) LOS objects, 16% free, 30MB/36MB, paused 1.145ms total 664.985ms
06-28 11:29:11.064 12507 27078 I net.osmand: RoutePlannerFrontEnd Native routing took 29.114 seconds
06-28 11:29:11.127 12507 27078 I System.out: ROUTE : 
06-28 11:29:11.127 12507 27078 I net.osmand: RouteResultPreparation <test regions="" description="" best_percent="" vehicle="pedestrian" 
06-28 11:29:11.127 12507 27078 I net.osmand:   start_lat="-7.58920" start_lon="-37.54107" target_lat="-7.21848" target_lon="-35.88326"  routing_time="163076.03" loadedTiles="216" visitedSegments="22877" complete_distance="209465.64" complete_time="157096.08" >
06-28 11:29:11.128 12507 27078 I System.out: <test regions="" description="" best_percent="" vehicle="pedestrian" 
06-28 11:29:11.128 12507 27078 I System.out:   start_lat="-7.58920" start_lon="-37.54107" target_lat="-7.21848" target_lon="-35.88326"  routing_time="163076.03" loadedTiles="216" visitedSegments="22877" complete_distance="209465.64" complete_time="157096.08" >
06-28 11:29:11.128 12507 27078 I System.out: </test>
06-28 11:29:11.132 12507 27078 I System.out: <test regions="" description="" best_percent="" vehicle="pedestrian" 
06-28 11:29:11.133 12507 27078 I System.out:   start_lat="-7.58920" start_lon="-37.54107" target_lat="-7.21848" target_lon="-35.88326"  routing_time="163076.03" loadedTiles="216" visitedSegments="22877" complete_distance="209465.64" complete_time="157096.08" >
06-28 11:29:11.158 12507 27078 I net.osmand: RouteProvider Finding route contained 2050 points for 29209 ms
06-28 11:29:11.433  1603  1603 I zygote  : IncrementDisableThreadFlip blocked for 5.405ms
06-28 11:29:11.943  1603  1612 I zygote  : Background concurrent copying GC freed 57214(2MB) AllocSpace objects, 4(208KB) LOS objects, 22% free, 20MB/26MB, paused 11.003ms total 539.551ms
06-28 11:29:11.955  1603  1610 W JavaBinder: BinderProxy is being destroyed but the application did not call unlinkToDeath to unlink all of its death recipients beforehand.  Releasing leaked death recipient: com.android.server.telecom.ServiceBinder$ServiceDeathRecipient
06-28 11:29:12.593 12507 12519 I zygote  : Background concurrent copying GC freed 249193(6MB) AllocSpace objects, 0(0B) LOS objects, 16% free, 29MB/35MB, paused 1.209ms total 339.469ms
06-28 11:29:13.137  1603 27168 D NetworkMonitor/NetworkAgentInfo [WIFI () - 101]: PROBE_DNS www.google.com 22ms OK 172.217.28.228,2800:3f0:4001:801::2004
06-28 11:29:13.151  1603 27169 D NetworkMonitor/NetworkAgentInfo [WIFI () - 101]: PROBE_DNS connectivitycheck.gstatic.com 28ms OK 172.217.172.131,2800:3f0:4001:81a::2003
06-28 11:29:13.236  1603 27169 D NetworkMonitor/NetworkAgentInfo [WIFI () - 101]: PROBE_HTTP http://connectivitycheck.gstatic.com/generate_204 time=76ms ret=204 request={User-Agent=[Mozilla/5.0 (X11; Linux x86_64) AppleWebKit/537.36 (KHTML, like Gecko) Chrome/60.0.3112.32 Safari/537.36]} headers={null=[HTTP/1.1 204 No Content], Content-Length=[0], Date=[Fri, 28 Jun 2019 15:29:13 GMT], X-Android-Received-Millis=[1561735753235], X-Android-Response-Source=[NETWORK 204], X-Android-Selected-Protocol=[http/1.1], X-Android-Sent-Millis=[1561735753160]}
06-28 11:29:13.368  1603 27168 D NetworkMonitor/NetworkAgentInfo [WIFI () - 101]: PROBE_HTTPS https://www.google.com/generate_204 time=224ms ret=204 request={User-Agent=[Mozilla/5.0 (X11; Linux x86_64) AppleWebKit/537.36 (KHTML, like Gecko) Chrome/60.0.3112.32 Safari/537.36]} headers={null=[HTTP/1.1 204 No Content], Alt-Svc=[quic=":443"; ma=2592000; v="46,44,43,39"], Content-Length=[0], Date=[Fri, 28 Jun 2019 15:29:13 GMT], X-Android-Received-Millis=[1561735753367], X-Android-Response-Source=[NETWORK 204], X-Android-Selected-Protocol=[http/1.1], X-Android-Sent-Millis=[1561735753295]}
06-28 11:29:13.369  1603  1681 D ConnectivityService: NetworkAgentInfo [WIFI () - 101] validation passed
06-28 11:29:13.374  1603  1681 D ConnectivityService: Switching to new default network: NetworkAgentInfo{ ni{[type: WIFI[], state: CONNECTED/CONNECTED, reason: (unspecified), extra: "AndroidWifi", failover: false, available: true, roaming: false]}  network{101}  nethandle{433808132830}  lp{{InterfaceName: wlan0 LinkAddresses: [fe80::ff:fe44:5566/64,192.168.232.2/21,fec0::ff:fe44:5566/64,fec0::ad77:da2d:1b12:7b64/64,]  Routes: [fe80::/64 -> :: wlan0,::/0 -> fe80::ff:fe00:100 wlan0,fec0::/64 -> :: wlan0,192.168.232.0/21 -> 0.0.0.0 wlan0,0.0.0.0/0 -> 192.168.232.1 wlan0,] DnsAddresses: [10.0.2.3,] Domains: null MTU: 0 TcpBufferSizes: 524288,1048576,2097152,262144,524288,1048576}}  nc{[ Transports: WIFI Capabilities: NOT_METERED&INTERNET&NOT_RESTRICTED&TRUSTED&NOT_VPN&VALIDATED&FOREGROUND LinkUpBandwidth>=1048576Kbps LinkDnBandwidth>=1048576Kbps SignalStrength: -50]}  Score{60}  everValidated{true}  lastValidated{true}  created{true} lingering{false} explicitlySelected{false} acceptUnvalidated{false} everCaptivePortalDetected{false} lastCaptivePortalDetected{false} clat{null} }
06-28 11:29:13.383  1603  1839 D NetworkTimeUpdateService: New default network 101; checking time.
06-28 11:29:13.387 19782 19800 I DeviceStatusMonitor: NetworkCallback#onAvailable(): 101
06-28 11:29:13.394 19782 19782 I DeviceStatusMonitor: getCurrentNetworkState(): activeNetwork = 101,  newState = NON_METERED
06-28 11:29:13.395 19782 19782 I HWRSuperpacksManager: onNetworkAvailable
06-28 11:29:13.396 19782 19782 I NetworkInfo: onNetworkAvailable: networkState = NON_METERED
06-28 11:29:13.409  1603  1681 D ConnectivityService: Lingering NetworkAgentInfo [MOBILE (LTE) - 100] for 30000ms
06-28 11:29:13.424  1603  1681 D ConnectivityService: Sending DISCONNECTED broadcast for type 0 NetworkAgentInfo [MOBILE (LTE) - 100] isDefaultNetwork=true
06-28 11:29:13.443  1603  1681 D ConnectivityService: Sending CONNECTED broadcast for type 1 NetworkAgentInfo [WIFI () - 101] isDefaultNetwork=true
06-28 11:29:13.399 19782 19782 I NetworkInfo: onNetworkAvailable: networkState = NON_METERED
06-28 11:29:13.455 19782 27172 I NetworkInfo: onNetworkAvailable: networkState = NON_METERED
06-28 11:29:13.490  1603  1674 I WifiService: getConnectionInfo uid=1000
06-28 11:29:13.506  1603  1674 D RecurrenceRule: Resolving using anchor 2019-06-28T15:29:13.505Z[GMT]
06-28 11:29:13.518  1603  1674 D RecurrenceRule: Resolving using anchor 2019-06-28T15:29:13.516Z[GMT]
06-28 11:29:13.521  1603  1674 D RecurrenceRule: Cycle 17 from 2019-06-09T00:00Z[GMT] to 2019-07-09T00:00Z[GMT]
06-28 11:29:13.521  1603  1674 D NetworkStats: Resolving plan for NetworkTemplate: matchRule=MOBILE_ALL, subscriberId=310260..., matchSubscriberIds=[310260...]
06-28 11:29:13.524  1603  1674 D NetworkStats: Found active matching subId 1
06-28 11:29:13.533  1603  1674 D NetworkStats: Resolved to plan null
06-28 11:29:13.540  1603  1674 I WifiService: getConnectionInfo uid=1000
06-28 11:29:13.546  1603  1674 D RecurrenceRule: Resolving using anchor 2019-06-28T15:29:13.546Z[GMT]
06-28 11:29:13.548  1603  1674 D RecurrenceRule: Resolving using anchor 2019-06-28T15:29:13.548Z[GMT]
06-28 11:29:13.550  1603  1674 D RecurrenceRule: Cycle 17 from 2019-06-09T00:00Z[GMT] to 2019-07-09T00:00Z[GMT]
06-28 11:29:13.551  1603  1674 D NetworkStats: Resolving plan for NetworkTemplate: matchRule=MOBILE_ALL, subscriberId=310260..., matchSubscriberIds=[310260...]
06-28 11:29:13.552  1603  1674 D NetworkStats: Found active matching subId 1
06-28 11:29:13.563  1603  1674 D NetworkStats: Resolved to plan null
06-28 11:29:13.575  1603  4580 I WifiService: getConnectionInfo uid=10014
06-28 11:29:13.597  1603  5561 I WifiService: getConnectionInfo uid=10014
06-28 11:29:13.603  1603  4580 I WifiService: getConnectionInfo uid=10032
06-28 11:29:13.660 18809 18809 I Finsky  : [2] khj.a(267): Installer: found apps to install. apps=[]
06-28 11:29:13.661  1603  4580 I WifiService: getConnectionInfo uid=10014
06-28 11:29:13.669 18809 18809 I Finsky  : [2] khj.a(267): Installer: found apps to install. apps=[]
06-28 11:29:13.690  1603  5561 I WifiService: getConnectionInfo uid=10014
06-28 11:29:13.705 19782 19783 I zygote  : Do full code cache collection, code=244KB, data=136KB
06-28 11:29:13.705 19782 19783 I zygote  : After code cache collection, code=181KB, data=89KB
06-28 11:29:13.955 19546 27174 E WakeLock: GCM_HB_ALARM release without a matched acquire!
06-28 11:29:13.955 19546 27174 W WakeLock: GCM_HB_ALARM counter does not exist
06-28 11:29:13.962  1603  4580 I WifiService: getConnectionInfo uid=10014
06-28 11:29:14.329  1603  4580 I WifiService: getConnectionInfo uid=10014
06-28 11:29:14.333 19546 27176 W WakeLock: GCM_CONN_ALARM counter does not exist
06-28 11:29:14.386  1603  4580 I WifiService: getConnectionInfo uid=10014
06-28 11:29:15.641 12507 12519 I zygote  : Background concurrent copying GC freed 269459(6MB) AllocSpace objects, 0(0B) LOS objects, 16% free, 31MB/37MB, paused 1.032ms total 376.795ms
06-28 11:29:18.309 12507 12519 I zygote  : Background concurrent copying GC freed 321250(7MB) AllocSpace objects, 0(0B) LOS objects, 15% free, 31MB/37MB, paused 3.271ms total 332.740ms
06-28 11:29:18.429  1603  1616 E memtrack: Couldn't load memtrack module
06-28 11:29:18.429  1603  1616 W android.os.Debug: failed to get memory consumption info: -1
06-28 11:29:18.494  1603  1616 E memtrack: Couldn't load memtrack module
06-28 11:29:18.494  1603  1616 W android.os.Debug: failed to get memory consumption info: -1
06-28 11:29:20.053  1603  1616 E memtrack: Couldn't load memtrack module
06-28 11:29:20.053  1603  1616 W android.os.Debug: failed to get memory consumption info: -1
06-28 11:29:21.600 12507 12519 I zygote  : Background concurrent copying GC freed 342295(7MB) AllocSpace objects, 0(0B) LOS objects, 16% free, 30MB/36MB, paused 3.337ms total 287.998ms
06-28 11:29:23.980  1603  1620 E BatteryExternalStatsWorker: modem info is invalid: ModemActivityInfo{ mTimestamp=0 mSleepTimeMs=0 mIdleTimeMs=0 mTxTimeMs[]=[0, 0, 0, 0, 0] mRxTimeMs=0 mEnergyUsed=0}
06-28 11:29:24.523 12507 12519 I zygote  : Background concurrent copying GC freed 287905(6MB) AllocSpace objects, 0(0B) LOS objects, 15% free, 32MB/38MB, paused 7.481ms total 414.180ms
06-28 11:29:24.824  1603  1677 W AlarmManager: Unrecognized alarm listener com.android.server.wifi.WifiConfigStore$1@2affd16
06-28 11:29:24.844  1603  1735 I WifiService: acquireWifiLock uid=10014 lockMode=2
06-28 11:29:24.866  1603  1677 D WifiConfigStore: Writing to stores completed in 43 ms.
06-28 11:29:24.897  1603  4580 I WifiService: releaseWifiLock uid=10014
06-28 11:29:26.985 12507 12519 I zygote  : Background concurrent copying GC freed 382640(8MB) AllocSpace objects, 0(0B) LOS objects, 16% free, 29MB/35MB, paused 1.173ms total 258.572ms
06-28 11:29:29.299  1603  1620 I WifiService: requestActivityInfo uid=1000
06-28 11:29:29.299  1603  1620 I WifiService: reportActivityInfo uid=1000
06-28 11:29:29.299  1603  1620 I WifiService: getSupportedFeatures uid=1000
06-28 11:29:29.398  1603  1620 I WifiService: requestActivityInfo uid=1000
06-28 11:29:29.398  1603  1620 I WifiService: reportActivityInfo uid=1000
06-28 11:29:29.398  1603  1620 I WifiService: getSupportedFeatures uid=1000
06-28 11:29:29.556 12507 12519 I zygote  : Background concurrent copying GC freed 273812(6MB) AllocSpace objects, 0(0B) LOS objects, 16% free, 31MB/37MB, paused 1.365ms total 318.372ms
06-28 11:29:31.230 19546 19546 I GeofencerStateMachine: sendNewTransitions called.
06-28 11:29:31.272 19546 19546 I GeofencerStateMachine: sendNewTransitions called.
06-28 11:29:31.288 19546 19546 I GeofencerStateMachine: sendNewLocationAvailability: availability=LocationAvailability[isLocationAvailable: true]
06-28 11:29:31.500 19546 19546 I chatty  : uid=10014 com.google.android.gms.persistent identical 1 line
06-28 11:29:31.504 19546 19546 I GeofencerStateMachine: sendNewLocationAvailability: availability=LocationAvailability[isLocationAvailable: true]
06-28 11:29:32.523 12507 12519 I zygote  : Background concurrent copying GC freed 319718(7MB) AllocSpace objects, 0(0B) LOS objects, 16% free, 30MB/36MB, paused 1.278ms total 276.759ms
06-28 11:29:33.402  1603  1735 I ActivityManager: Killing 21766:com.google.android.calendar/u0a45 (adj 906): empty #17
06-28 11:29:33.406  1603  1616 E memtrack: Couldn't load memtrack module
06-28 11:29:33.406  1603  1616 W android.os.Debug: failed to get memory consumption info: -1
06-28 11:29:33.408  1603  1619 W zygote  : kill(-21766, 9) failed: No such process
06-28 11:29:33.452  1603  1619 I chatty  : uid=1000(system) ActivityManager identical 1 line
06-28 11:29:33.495  1603  1619 W zygote  : kill(-21766, 9) failed: No such process
06-28 11:29:33.497  1603  1619 I zygote  : Successfully killed process cgroup uid 10045 pid 21766 in 88ms
06-28 11:29:34.543 12507 12519 I zygote  : Background concurrent copying GC freed 296951(6MB) AllocSpace objects, 0(0B) LOS objects, 16% free, 29MB/35MB, paused 939us total 225.175ms
06-28 11:29:37.524 12507 12519 I zygote  : Background concurrent copying GC freed 271761(6MB) AllocSpace objects, 0(0B) LOS objects, 16% free, 30MB/36MB, paused 4.016ms total 289.400ms
06-28 11:29:39.181  1708  1708 D StatusBar: disable<e i a s b h r c s q >
06-28 11:29:39.255  1708  1926 D EGL_emulation: eglMakeCurrent: 0x9268e860: ver 2 0 (tinfo 0x92690770)
06-28 11:29:39.267  1401  6331 D gralloc_ranchu: gralloc_alloc: Creating ashmem region of size 8298496
06-28 11:29:39.350  1708  1926 D EGL_emulation: eglMakeCurrent: 0x9268e860: ver 2 0 (tinfo 0x92690770)
06-28 11:29:39.356  1708  1708 D StatusBar: disable<e i a s b h r c s q >
06-28 11:29:39.367  1483 12219 D NuPlayerDriver: stop(0xab7a5310)
06-28 11:29:39.367  1483 12219 D NuPlayerDriver: notifyListener_l(0xab7a5310), (8, 0, 0, -1), loop setting(0, 0)
06-28 11:29:39.367  1708  1880 W MessageQueue: Handler (android.media.MediaPlayer$EventHandler) {de410a3} sending message to a Handler on a dead thread
06-28 11:29:39.367  1708  1880 W MessageQueue: java.lang.IllegalStateException: Handler (android.media.MediaPlayer$EventHandler) {de410a3} sending message to a Handler on a dead thread
06-28 11:29:39.367  1708  1880 W MessageQueue: 	at android.os.MessageQueue.enqueueMessage(MessageQueue.java:545)
06-28 11:29:39.367  1708  1880 W MessageQueue: 	at android.os.Handler.enqueueMessage(Handler.java:662)
06-28 11:29:39.367  1708  1880 W MessageQueue: 	at android.os.Handler.sendMessageAtTime(Handler.java:631)
06-28 11:29:39.367  1708  1880 W MessageQueue: 	at android.os.Handler.sendMessageDelayed(Handler.java:601)
06-28 11:29:39.367  1708  1880 W MessageQueue: 	at android.os.Handler.sendMessage(Handler.java:538)
06-28 11:29:39.367  1708  1880 W MessageQueue: 	at android.media.MediaPlayer.postEventFromNative(MediaPlayer.java:3461)
06-28 11:29:39.368  1708 27185 V MediaPlayer: resetDrmState:  mDrmInfo=null mDrmProvisioningThread=null mPrepareDrmInProgress=false mActiveDrmScheme=false
06-28 11:29:39.368  1708 27185 V MediaPlayer: cleanDrmObj: mDrmObj=null mDrmSessionId=null
06-28 11:29:39.368  1483 12219 D NuPlayerDriver: reset(0xab7a5310) at state 8
06-28 11:29:39.391  1401  6331 D gralloc_ranchu: gralloc_alloc: Creating ashmem region of size 8298496
06-28 11:29:39.456  1483 25213 D NuPlayerDriver: notifyResetComplete(0xab7a5310)
06-28 11:29:39.559  1401  6331 D gralloc_ranchu: gralloc_alloc: Creating ashmem region of size 8298496
06-28 11:29:40.341 12507 12519 I zygote  : Background concurrent copying GC freed 309758(6MB) AllocSpace objects, 0(0B) LOS objects, 16% free, 29MB/35MB, paused 6.475ms total 522.855ms
06-28 11:29:41.371  1708  1708 D StatusBar: disable<e i a s b h r c s q >
06-28 11:29:41.520  1708  1708 D StatusBar: disable<e i a s b h r c s q >
06-28 11:29:41.583  1708  1926 D EGL_emulation: eglMakeCurrent: 0x9268e860: ver 2 0 (tinfo 0x92690770)
06-28 11:29:41.593  1401  6331 D gralloc_ranchu: gralloc_alloc: Creating ashmem region of size 274432
06-28 11:29:41.615  1708  1926 D EGL_emulation: eglMakeCurrent: 0x9268e860: ver 2 0 (tinfo 0x92690770)
06-28 11:29:41.636  1401  6331 D gralloc_ranchu: gralloc_alloc: Creating ashmem region of size 274432
06-28 11:29:41.655  1401  6331 D gralloc_ranchu: gralloc_alloc: Creating ashmem region of size 274432
06-28 11:29:42.580 12507 12519 I zygote  : Background concurrent copying GC freed 282510(6MB) AllocSpace objects, 0(0B) LOS objects, 16% free, 30MB/36MB, paused 2.585ms total 343.508ms
06-28 11:29:43.277  1402  1417 D hwcomposer: hw_composer sent 157 syncs in 62s
06-28 11:29:43.370  1603  1681 D ConnectivityService: handleLingerComplete for NetworkAgentInfo [MOBILE (LTE) - 100]
06-28 11:29:43.373  1484  1515 I Netd    : Destroyed 2 sockets for netId 100 permission=1 in 1.1 ms
06-28 11:29:45.565 12507 12519 I zygote  : Background concurrent copying GC freed 306489(6MB) AllocSpace objects, 0(0B) LOS objects, 16% free, 29MB/35MB, paused 4.742ms total 262.880ms
06-28 11:29:45.882  1603  1735 I WifiService: acquireWifiLock uid=10014 lockMode=2
06-28 11:29:45.898  1603  1616 E memtrack: Couldn't load memtrack module
06-28 11:29:45.898  1603  1616 W android.os.Debug: failed to get memory consumption info: -1
06-28 11:29:45.988  1603  1616 E memtrack: Couldn't load memtrack module
06-28 11:29:45.988  1603  1616 W android.os.Debug: failed to get memory consumption info: -1
06-28 11:29:46.039  1603  1616 E memtrack: Couldn't load memtrack module
06-28 11:29:46.039  1603  1616 W android.os.Debug: failed to get memory consumption info: -1
06-28 11:29:46.103  1603  1616 E memtrack: Couldn't load memtrack module
06-28 11:29:46.103  1603  1616 W android.os.Debug: failed to get memory consumption info: -1
06-28 11:29:46.152  1603  1616 E memtrack: Couldn't load memtrack module
06-28 11:29:46.152  1603  1616 W android.os.Debug: failed to get memory consumption info: -1
06-28 11:29:48.534 12507 12519 I zygote  : Background concurrent copying GC freed 271030(6MB) AllocSpace objects, 0(0B) LOS objects, 16% free, 31MB/37MB, paused 1.288ms total 358.118ms
06-28 11:29:48.864  1603  1735 D WificondControl: Scan result ready event
06-28 11:29:48.922  1603  4580 I WifiService: releaseWifiLock uid=10014
06-28 11:29:49.114  1603  1612 I zygote  : Background concurrent copying GC freed 72077(3MB) AllocSpace objects, 17(1068KB) LOS objects, 22% free, 20MB/26MB, paused 1.554ms total 202.312ms
06-28 11:29:50.777  1409  1409 I boot-pipe: done populating /dev/random
06-28 11:29:51.072 12507 12519 I zygote  : Background concurrent copying GC freed 314745(6MB) AllocSpace objects, 0(0B) LOS objects, 16% free, 29MB/35MB, paused 12.776ms total 255.283ms
06-28 11:29:53.442  1603  1620 E BatteryExternalStatsWorker: modem info is invalid: ModemActivityInfo{ mTimestamp=0 mSleepTimeMs=0 mIdleTimeMs=0 mTxTimeMs[]=[0, 0, 0, 0, 0] mRxTimeMs=0 mEnergyUsed=0}
06-28 11:29:53.590 12507 12519 I zygote  : Background concurrent copying GC freed 282639(6MB) AllocSpace objects, 0(0B) LOS objects, 16% free, 30MB/36MB, paused 1.758ms total 336.856ms
06-28 11:29:56.079 12507 12519 I zygote  : Background concurrent copying GC freed 309192(6MB) AllocSpace objects, 0(0B) LOS objects, 16% free, 29MB/35MB, paused 1.400ms total 268.423ms
06-28 11:29:58.423  1603  1620 I WifiService: requestActivityInfo uid=1000
06-28 11:29:58.423  1603  1620 I WifiService: reportActivityInfo uid=1000
06-28 11:29:58.423  1603  1620 I WifiService: getSupportedFeatures uid=1000
06-28 11:29:58.834 12507 12519 I zygote  : Background concurrent copying GC freed 273762(6MB) AllocSpace objects, 0(0B) LOS objects, 16% free, 31MB/37MB, paused 4.926ms total 362.927ms
06-28 11:30:01.291 12507 12519 I zygote  : Background concurrent copying GC freed 310068(6MB) AllocSpace objects, 0(0B) LOS objects, 16% free, 30MB/36MB, paused 2.436ms total 309.744ms
06-28 11:30:02.102 19546 19546 I GeofencerStateMachine: sendNewTransitions called.
06-28 11:30:02.328 18809 18825 I Finsky  : [779] imb.run(3): Stats for Executor: BlockingExecutor ink@1808074[Running, pool size = 0, active threads = 0, queued tasks = 0, completed tasks = 45]
06-28 11:30:02.329 18809 18825 I Finsky  : [779] imb.run(3): Stats for Executor: LightweightExecutor ink@892399d[Running, pool size = 2, active threads = 0, queued tasks = 0, completed tasks = 75]
06-28 11:30:02.335 18809 18825 I Finsky  : [779] imb.run(3): Stats for Executor: bgExecutor ink@3e8e12[Running, pool size = 4, active threads = 0, queued tasks = 0, completed tasks = 1046]
06-28 11:30:03.757 12507 12519 I zygote  : Background concurrent copying GC freed 305208(6MB) AllocSpace objects, 0(0B) LOS objects, 16% free, 30MB/36MB, paused 930us total 301.335ms
06-28 11:30:05.905  1603  5561 I WifiService: acquireWifiLock uid=10014 lockMode=2
06-28 11:30:06.006  1603  1735 I WifiService: releaseWifiLock uid=10014
06-28 11:30:06.371 12507 12519 I zygote  : Background concurrent copying GC freed 295338(6MB) AllocSpace objects, 0(0B) LOS objects, 16% free, 30MB/36MB, paused 1.932ms total 371.626ms
06-28 11:30:09.613 12507 12519 I zygote  : Background concurrent copying GC freed 297054(6MB) AllocSpace objects, 0(0B) LOS objects, 16% free, 31MB/37MB, paused 925us total 367.316ms
06-28 11:30:10.600  1603  1616 I UsageStatsService: User[0] Flushing usage stats to disk
06-28 11:30:11.605 12507 12519 I zygote  : Background concurrent copying GC freed 316999(7MB) AllocSpace objects, 0(0B) LOS objects, 16% free, 29MB/35MB, paused 1.543ms total 289.760ms
06-28 11:30:14.642 12507 12519 I zygote  : Background concurrent copying GC freed 279127(6MB) AllocSpace objects, 0(0B) LOS objects, 16% free, 30MB/36MB, paused 1.805ms total 316.979ms
06-28 11:30:17.638 12507 12519 I zygote  : Background concurrent copying GC freed 286727(6MB) AllocSpace objects, 0(0B) LOS objects, 16% free, 31MB/37MB, paused 5.029ms total 378.423ms
06-28 11:30:20.203 12507 12519 I zygote  : Background concurrent copying GC freed 317545(7MB) AllocSpace objects, 0(0B) LOS objects, 16% free, 29MB/35MB, paused 1.802ms total 278.459ms
06-28 11:30:23.537 12507 12519 I zygote  : Background concurrent copying GC freed 278027(6MB) AllocSpace objects, 0(0B) LOS objects, 16% free, 30MB/36MB, paused 1.084ms total 278.462ms
06-28 11:30:25.567 12507 12519 I zygote  : Background concurrent copying GC freed 310934(6MB) AllocSpace objects, 0(0B) LOS objects, 16% free, 30MB/36MB, paused 2.207ms total 292.383ms
06-28 11:30:25.937  1603  4580 I WifiService: acquireWifiLock uid=10014 lockMode=2
06-28 11:30:28.642 12507 12519 I zygote  : Background concurrent copying GC freed 301149(6MB) AllocSpace objects, 0(0B) LOS objects, 16% free, 31MB/37MB, paused 9.716ms total 395.764ms
06-28 11:30:28.876  1603  4580 D WificondControl: Scan result ready event
06-28 11:30:28.945  1603  4231 I WifiService: releaseWifiLock uid=10014
06-28 11:30:29.945  1603  1620 I WifiService: requestActivityInfo uid=1000
06-28 11:30:29.945  1603  1620 I WifiService: reportActivityInfo uid=1000
06-28 11:30:29.946  1603  1620 I WifiService: getSupportedFeatures uid=1000
06-28 11:30:30.553 12507 12519 I zygote  : Background concurrent copying GC freed 315246(7MB) AllocSpace objects, 0(0B) LOS objects, 16% free, 30MB/36MB, paused 1.267ms total 290.128ms
06-28 11:30:32.258 19546 19546 I GeofencerStateMachine: sendNewTransitions called.
06-28 11:30:33.621 12507 12519 I zygote  : Background concurrent copying GC freed 308367(6MB) AllocSpace objects, 0(0B) LOS objects, 16% free, 30MB/36MB, paused 966us total 298.926ms
06-28 11:30:35.618 12507 12519 I zygote  : Background concurrent copying GC freed 294226(6MB) AllocSpace objects, 0(0B) LOS objects, 16% free, 29MB/35MB, paused 1.312ms total 224.763ms
06-28 11:30:38.620 12507 12519 I zygote  : Background concurrent copying GC freed 264789(5MB) AllocSpace objects, 0(0B) LOS objects, 16% free, 30MB/36MB, paused 2.196ms total 312.448ms
06-28 11:30:41.463 12507 12519 I zygote  : Background concurrent copying GC freed 291598(6MB) AllocSpace objects, 0(0B) LOS objects, 15% free, 32MB/38MB, paused 1.151ms total 416.134ms
06-28 11:30:43.323  1402  1417 D hwcomposer: hw_composer sent 288 syncs in 60s
06-28 11:30:44.613 12507 12519 I zygote  : Background concurrent copying GC freed 377605(8MB) AllocSpace objects, 0(0B) LOS objects, 16% free, 30MB/36MB, paused 969us total 315.927ms
06-28 11:30:46.589 12507 12519 I zygote  : Background concurrent copying GC freed 299459(6MB) AllocSpace objects, 0(0B) LOS objects, 16% free, 29MB/35MB, paused 1.888ms total 232.745ms
06-28 11:30:47.764  1603  4231 W ActivityManager: Background start not allowed: service Intent { cmp=com.google.android.apps.messaging/.shared.datamodel.action.execution.ActionExecutorImpl$EmptyService } to com.google.android.apps.messaging/.shared.datamodel.action.execution.ActionExecutorImpl$EmptyService from pid=25280 uid=10068 pkg=com.google.android.apps.messaging
06-28 11:30:47.773 25280 25351 I Bugle   : CountryCodeDetector: updateMainDeviceCountry from default subscription network country. detected country: us
06-28 11:30:47.773  1603  4231 I WifiService: acquireWifiLock uid=10014 lockMode=2
06-28 11:30:47.843  1603  1735 I WifiService: releaseWifiLock uid=10014
06-28 11:30:48.045  1603  1612 I zygote  : Background concurrent copying GC freed 52686(2MB) AllocSpace objects, 10(520KB) LOS objects, 22% free, 20MB/26MB, paused 3.410ms total 181.761ms
06-28 11:30:50.155 12507 12519 I zygote  : Background concurrent copying GC freed 270220(6MB) AllocSpace objects, 0(0B) LOS objects, 16% free, 31MB/37MB, paused 1.122ms total 299.213ms
06-28 11:30:50.781  1409  1409 I boot-pipe: done populating /dev/random
06-28 11:30:52.683 12507 12519 I zygote  : Background concurrent copying GC freed 319196(7MB) AllocSpace objects, 0(0B) LOS objects, 16% free, 29MB/35MB, paused 1.978ms total 281.283ms
06-28 11:30:55.616 12507 12519 I zygote  : Background concurrent copying GC freed 277288(6MB) AllocSpace objects, 0(0B) LOS objects, 16% free, 31MB/37MB, paused 3.427ms total 337.175ms
06-28 11:30:57.738 12507 12519 I zygote  : Background concurrent copying GC freed 309706(6MB) AllocSpace objects, 0(0B) LOS objects, 16% free, 30MB/36MB, paused 1.948ms total 298.340ms
06-28 11:31:00.004  1603  1603 I ActivityManager: Killing 21725:com.android.providers.calendar/u0a4 (adj 904): empty for 1801s
06-28 11:31:00.007  1603  1619 W zygote  : kill(-21725, 9) failed: No such process
06-28 11:31:00.009  1603  1616 E memtrack: Couldn't load memtrack module
06-28 11:31:00.009  1603  1616 W android.os.Debug: failed to get memory consumption info: -1
06-28 11:31:00.063  1603  1619 W zygote  : kill(-21725, 9) failed: No such process
06-28 11:31:00.103  1603  1619 I chatty  : uid=1000(system) ActivityManager identical 1 line
06-28 11:31:00.142  1603  1619 W zygote  : kill(-21725, 9) failed: No such process
06-28 11:31:00.162  1603  1616 E memtrack: Couldn't load memtrack module
06-28 11:31:00.163  1603  1616 W android.os.Debug: failed to get memory consumption info: -1
06-28 11:31:00.188  1603  1619 W zygote  : kill(-21725, 9) failed: No such process
06-28 11:31:00.189  1603  1619 I zygote  : Successfully killed process cgroup uid 10004 pid 21725 in 181ms
06-28 11:31:00.423 12507 12519 I zygote  : Background concurrent copying GC freed 305094(6MB) AllocSpace objects, 0(0B) LOS objects, 16% free, 31MB/37MB, paused 2.326ms total 452.579ms
06-28 11:31:02.287 19546 19546 I GeofencerStateMachine: sendNewTransitions called.
06-28 11:31:02.822 12507 12519 I zygote  : Background concurrent copying GC freed 314318(6MB) AllocSpace objects, 0(0B) LOS objects, 16% free, 29MB/35MB, paused 1.332ms total 252.272ms
06-28 11:31:03.013  1603  1620 I WifiService: requestActivityInfo uid=1000
06-28 11:31:03.013  1603  1620 I WifiService: reportActivityInfo uid=1000
06-28 11:31:03.013  1603  1620 I WifiService: getSupportedFeatures uid=1000
06-28 11:31:04.406  1603  4580 I WifiService: getConnectionInfo uid=10014
06-28 11:31:04.416  1603  1620 I WifiService: requestActivityInfo uid=1000
06-28 11:31:04.417  1603  1620 I WifiService: reportActivityInfo uid=1000
06-28 11:31:04.417  1603  1620 I WifiService: getSupportedFeatures uid=1000
06-28 11:31:04.421 19546 27174 E WakeLock: GCM_HB_ALARM release without a matched acquire!
06-28 11:31:04.607 19546 19557 I GeofencerStateMachine: addGeofences called by com.google.android.apps.maps
06-28 11:31:04.684  1603  1614 I GnssLocationProvider: WakeLock acquired by sendMessage(SET_REQUEST, 0, com.android.server.location.GnssLocationProvider$GpsRequest@3b3a7c2)
06-28 11:31:04.688  1603  1616 I GnssLocationProvider: WakeLock released by handleMessage(SET_REQUEST, 0, com.android.server.location.GnssLocationProvider$GpsRequest@3b3a7c2)
06-28 11:31:04.730  1603  4231 I WifiService: getConnectionInfo uid=10014
06-28 11:31:04.764 19546 19556 I zygote  : Background concurrent copying GC freed 155686(6MB) AllocSpace objects, 0(0B) LOS objects, 39% free, 9MB/15MB, paused 1.278ms total 246.818ms
06-28 11:31:04.774  1603  2119 I WifiService: getWifiEnabledState uid=10062
06-28 11:31:04.816  1603  2119 I GnssLocationProvider: WakeLock acquired by sendMessage(SET_REQUEST, 0, com.android.server.location.GnssLocationProvider$GpsRequest@83a9910)
06-28 11:31:04.817  1603  1616 I GnssLocationProvider: WakeLock released by handleMessage(SET_REQUEST, 0, com.android.server.location.GnssLocationProvider$GpsRequest@83a9910)
06-28 11:31:04.830 19678 19692 I zygote  : Waiting for a blocking GC ProfileSaver
06-28 11:31:04.979 19678 19692 I zygote  : WaitForGcToComplete blocked ProfileSaver on HeapTrim for 149.228ms
06-28 11:31:05.510 19546 19595 W ResourceType: ResTable_typeSpec entry count inconsistent: given 15, previously 22
06-28 11:31:05.516 19546 19605 V NativeCrypto: Read error: ssl=0xae4ad678: I/O error during system call, Software caused connection abort
06-28 11:31:05.517 19546 19605 V NativeCrypto: SSL shutdown failed: ssl=0xae4ad678: I/O error during system call, Broken pipe
06-28 11:31:05.664 19546 19605 W Conscrypt: Could not set socket write timeout: java.net.SocketException: Socket closed
06-28 11:31:05.674 19546 19605 W Conscrypt: 	at com.google.android.gms.org.conscrypt.Platform.setSocketWriteTimeout(:com.google.android.gms@17785022@17.7.85 (040700-253824076):2)
06-28 11:31:05.674 19546 19605 W Conscrypt: 	at com.google.android.gms.org.conscrypt.ConscryptFileDescriptorSocket.setSoWriteTimeout(:com.google.android.gms@17785022@17.7.85 (040700-253824076):2)
06-28 11:31:05.677 19569 21629 I TelephonySpam: TelephonySpamChimeraService - Running Telephony Spam Chimera Service
06-28 11:31:05.769 19546 19605 W Conscrypt: Could not set socket write timeout: java.net.SocketException: Socket closed
06-28 11:31:05.770 19546 19605 W Conscrypt: 	at com.google.android.gms.org.conscrypt.Platform.setSocketWriteTimeout(:com.google.android.gms@17785022@17.7.85 (040700-253824076):2)
06-28 11:31:05.770 19546 19605 W Conscrypt: 	at com.google.android.gms.org.conscrypt.ConscryptFileDescriptorSocket.setSoWriteTimeout(:com.google.android.gms@17785022@17.7.85 (040700-253824076):2)
06-28 11:31:05.879 12507 12519 I zygote  : Background concurrent copying GC freed 297843(6MB) AllocSpace objects, 0(0B) LOS objects, 16% free, 29MB/35MB, paused 5.972ms total 425.802ms
06-28 11:31:06.051 19546 19605 W GLSUser : [AppCertManager] IOException while requesting key: 
06-28 11:31:06.051 19546 19605 W GLSUser : java.io.IOException: Invalid device key response.
06-28 11:31:06.051 19546 19605 W GLSUser : 	at imb.a(:com.google.android.gms@17785022@17.7.85 (040700-253824076):48)
06-28 11:31:06.051 19546 19605 W GLSUser : 	at ima.a(:com.google.android.gms@17785022@17.7.85 (040700-253824076):13)
06-28 11:31:06.051 19546 19605 W GLSUser : 	at ilw.a(Unknown Source:0)
06-28 11:31:06.051 19546 19605 W GLSUser : 	at ilt.a(:com.google.android.gms@17785022@17.7.85 (040700-253824076):8)
06-28 11:31:06.051 19546 19605 W GLSUser : 	at hjl.call(:com.google.android.gms@17785022@17.7.85 (040700-253824076):7)
06-28 11:31:06.051 19546 19605 W GLSUser : 	at java.util.concurrent.FutureTask.run(FutureTask.java:266)
06-28 11:31:06.051 19546 19605 W GLSUser : 	at squ.b(:com.google.android.gms@17785022@17.7.85 (040700-253824076):37)
06-28 11:31:06.051 19546 19605 W GLSUser : 	at squ.run(:com.google.android.gms@17785022@17.7.85 (040700-253824076):21)
06-28 11:31:06.051 19546 19605 W GLSUser : 	at java.util.concurrent.ThreadPoolExecutor.runWorker(ThreadPoolExecutor.java:1162)
06-28 11:31:06.051 19546 19605 W GLSUser : 	at java.util.concurrent.ThreadPoolExecutor$Worker.run(ThreadPoolExecutor.java:636)
06-28 11:31:06.051 19546 19605 W GLSUser : 	at swz.run(Unknown Source:7)
06-28 11:31:06.051 19546 19605 W GLSUser : 	at java.lang.Thread.run(Thread.java:764)
06-28 11:31:07.794  1603  4231 I WifiService: acquireWifiLock uid=10014 lockMode=2
06-28 11:31:08.095 12507 12519 I zygote  : Background concurrent copying GC freed 289071(6MB) AllocSpace objects, 0(0B) LOS objects, 16% free, 30MB/36MB, paused 1.714ms total 275.273ms
06-28 11:31:10.646 12507 12519 I zygote  : Background concurrent copying GC freed 286125(6MB) AllocSpace objects, 0(0B) LOS objects, 16% free, 30MB/36MB, paused 3.623ms total 349.307ms
06-28 11:31:10.785  1603  4580 D WificondControl: Scan result ready event
06-28 11:31:10.831  1603  4580 I WifiService: releaseWifiLock uid=10014
06-28 11:31:13.402 12507 12519 I zygote  : Background concurrent copying GC freed 303467(6MB) AllocSpace objects, 0(0B) LOS objects, 16% free, 31MB/37MB, paused 1.888ms total 377.603ms
06-28 11:31:15.980  1603  1620 E BatteryExternalStatsWorker: modem info is invalid: ModemActivityInfo{ mTimestamp=0 mSleepTimeMs=0 mIdleTimeMs=0 mTxTimeMs[]=[0, 0, 0, 0, 0] mRxTimeMs=0 mEnergyUsed=0}
06-28 11:31:16.725 12507 12519 I zygote  : Background concurrent copying GC freed 331190(7MB) AllocSpace objects, 0(0B) LOS objects, 16% free, 29MB/35MB, paused 6.323ms total 341.753ms
06-28 11:31:19.669  1603  1616 E memtrack: Couldn't load memtrack module
06-28 11:31:19.669  1603  1616 W android.os.Debug: failed to get memory consumption info: -1
06-28 11:31:19.859 12507 12519 I zygote  : Background concurrent copying GC freed 276076(6MB) AllocSpace objects, 0(0B) LOS objects, 15% free, 32MB/38MB, paused 4.893ms total 566.592ms
06-28 11:31:22.523 12507 12519 I zygote  : Background concurrent copying GC freed 382394(8MB) AllocSpace objects, 0(0B) LOS objects, 16% free, 31MB/37MB, paused 1.412ms total 373.867ms
06-28 11:31:25.559 12507 12519 I zygote  : Background concurrent copying GC freed 318967(7MB) AllocSpace objects, 0(0B) LOS objects, 16% free, 29MB/35MB, paused 1.341ms total 212.450ms
06-28 11:31:27.094  1603  1620 I WifiService: requestActivityInfo uid=1000
06-28 11:31:27.095  1603  1620 I WifiService: reportActivityInfo uid=1000
06-28 11:31:27.095  1603  1620 I WifiService: getSupportedFeatures uid=1000
06-28 11:31:28.128  1603  4580 I WifiService: acquireWifiLock uid=10014 lockMode=2
06-28 11:31:28.236  1603  1614 I WifiService: releaseWifiLock uid=10014
06-28 11:31:28.796 19546 19546 W ChimeraUtils: Non Chimera context
06-28 11:31:28.796 19546 19546 W ChimeraUtils: Non Chimera context
06-28 11:31:28.831  1603  1612 I zygote  : Background concurrent copying GC freed 46569(2MB) AllocSpace objects, 0(0B) LOS objects, 22% free, 20MB/26MB, paused 3.460ms total 628.132ms
06-28 11:31:28.889 12507 12519 I zygote  : Background concurrent copying GC freed 276177(6MB) AllocSpace objects, 0(0B) LOS objects, 15% free, 31MB/37MB, paused 1.820ms total 614.696ms
06-28 11:31:28.976 19546 19559 W GLSUser : [DeviceKeyStore] Cannot load key: Device key file not found.
06-28 11:31:28.976 19546 19559 W GLSUser : [DeviceKeyStore] Cannot load key: Device key file not found.
06-28 11:31:28.991  1603  1620 I WifiService: requestActivityInfo uid=1000
06-28 11:31:28.991  1603  1620 I WifiService: reportActivityInfo uid=1000
06-28 11:31:28.991  1603  1620 I WifiService: getSupportedFeatures uid=1000
06-28 11:31:29.124 19569 27207 W Conscrypt: Could not set socket write timeout: java.net.SocketException: Socket closed
06-28 11:31:29.124 19569 27207 W Conscrypt: 	at com.google.android.gms.org.conscrypt.Platform.setSocketWriteTimeout(:com.google.android.gms@17785022@17.7.85 (040700-253824076):2)
06-28 11:31:29.125 19569 27207 W Conscrypt: 	at com.google.android.gms.org.conscrypt.ConscryptFileDescriptorSocket.setSoWriteTimeout(:com.google.android.gms@17785022@17.7.85 (040700-253824076):2)
06-28 11:31:29.287 19569 27207 W Conscrypt: Could not set socket write timeout: java.net.SocketException: Socket closed
06-28 11:31:29.287 19569 27207 W Conscrypt: 	at com.google.android.gms.org.conscrypt.Platform.setSocketWriteTimeout(:com.google.android.gms@17785022@17.7.85 (040700-253824076):2)
06-28 11:31:29.288 19569 27207 W Conscrypt: 	at com.google.android.gms.org.conscrypt.ConscryptFileDescriptorSocket.setSoWriteTimeout(:com.google.android.gms@17785022@17.7.85 (040700-253824076):2)
