07-01 14:14:07.667 18479 18495 D Pushwoosh: [CrashAnalytics] Looking for exceptions in: /data/user/0/com.mapswithme.maps.pro/files
07-01 14:14:07.692 18479 18479 W Pushwoosh: 'PW_APPID' is deprecated consider using 'com.pushwoosh.appid'
07-01 14:14:07.692 18479 18479 W Pushwoosh: 'PW_PROJECT_ID' is deprecated consider using 'com.pushwoosh.senderid'
07-01 14:14:07.705  2799  2799 I Finsky  : [2] pxo.a(113): ConstraintMapping: 24-77777777,  -> L: 0ms, D: 73558119ms, C: false, I: true, N: 0
07-01 14:14:07.714  2799  2799 I Finsky  : [2] pxo.a(113): ConstraintMapping: 1-1337, 10-1, 10-3, 10-4, 10-6, 10-7, 10-8, 10-10, 10-11, 10-12, 10-14, 10-15, 10-16, 10-18, 10-20, 10-22, 10-24, 10-25, 10-26, 10-27, 10-28, 10-29, 10-30, 10-31, 10-33, 10-35, 10-38, 10-39, 10-40, 10-41, 10-42, 10-44, 10-46, 10-47, 10-48, 10-50, 10-54, 10-55, 10-57, 10-61,  -> L: 33971978ms, D: 77171978ms, C: false, I: false, N: 1
07-01 14:14:07.715  2799  2799 I Finsky  : [2] pxo.a(113): ConstraintMapping: 3-131,  -> L: 0ms, D: 8914293ms, C: true, I: false, N: 2
07-01 14:14:07.715  2799  2799 I Finsky  : [2] pxo.a(113): ConstraintMapping: 3-130,  -> L: 0ms, D: 8914228ms, C: true, I: true, N: 2
07-01 14:14:07.715  2799  2799 I Finsky  : [2] pxo.a(113): ConstraintMapping: 26-1414141414,  -> L: 33959895ms, D: 34859895ms, C: false, I: false, N: 0
07-01 14:14:07.724  2799  2799 I Finsky  : [2] com.google.android.finsky.scheduler.JobSchedulerEngine.a(42): Cancelling existing job with id: 9000
07-01 14:14:07.730  2799  2799 I Finsky  : [2] com.google.android.finsky.scheduler.JobSchedulerEngine.a(42): Cancelling existing job with id: 9003
07-01 14:14:07.746  2799  2799 I Finsky  : [2] com.google.android.finsky.scheduler.JobSchedulerEngine.a(42): Cancelling existing job with id: 9002
07-01 14:14:07.776  2799  2799 I Finsky  : [2] com.google.android.finsky.scheduler.JobSchedulerEngine.a(42): Cancelling existing job with id: 9008
07-01 14:14:07.785  2799  2799 I Finsky  : [2] com.google.android.finsky.scheduler.JobSchedulerEngine.a(14): Throttling wakeup for job 9004 (expected to run in 0 ms) due to recent wakeup
07-01 14:14:07.785  2799  2799 I Finsky  : [2] com.google.android.finsky.scheduler.JobSchedulerEngine.a(4): Scheduling job Id: 9004, L: 30000, D: 73558119, C: false, I: true, N: 0
07-01 14:14:07.799  2799  2799 I Finsky  : [2] com.google.android.finsky.scheduler.JobSchedulerEngine.a(4): Scheduling job Id: 9005, L: 33971978, D: 77171978, C: false, I: false, N: 1
07-01 14:14:07.807  2799  2799 I Finsky  : [2] com.google.android.finsky.scheduler.JobSchedulerEngine.a(14): Throttling wakeup for job 9006 (expected to run in 0 ms) due to recent wakeup
07-01 14:14:07.808  2799  2799 I Finsky  : [2] com.google.android.finsky.scheduler.JobSchedulerEngine.a(4): Scheduling job Id: 9006, L: 30000, D: 8914293, C: true, I: false, N: 2
07-01 14:14:07.813  2799  2799 I Finsky  : [2] com.google.android.finsky.scheduler.JobSchedulerEngine.a(14): Throttling wakeup for job 9007 (expected to run in 0 ms) due to recent wakeup
07-01 14:14:07.813  2799  2799 I Finsky  : [2] com.google.android.finsky.scheduler.JobSchedulerEngine.a(4): Scheduling job Id: 9007, L: 30000, D: 8914228, C: true, I: true, N: 2
07-01 14:14:07.822  2799  2799 I Finsky  : [2] com.google.android.finsky.scheduler.JobSchedulerEngine.a(4): Scheduling job Id: 9009, L: 33959895, D: 34859895, C: false, I: false, N: 0
07-01 14:14:07.874 18479 18479 I Pushwoosh: Log level: DEBUG
07-01 14:14:07.929 18479 18479 I Pushwoosh: [NotificationManager] Sender ID: 933744938687
07-01 14:14:07.930 18479 18479 I Pushwoosh: [NotificationManager] App ID: 84E00-0F767
07-01 14:14:08.090 18479 18505 D NetworkSecurityConfig: Using Network Security Config from resource network_security_config debugBuild: false
07-01 14:14:08.233  2799  2799 I Finsky  : [2] cxw.a(154): Not delivering second response for request=[[ ] https://android.clients.google.com/fdfe/deviceSettings 0xe8d195d1 NORMAL 37]
07-01 14:14:08.300 18479 18479 D MoPub   : Initializing MoPub
07-01 14:14:08.456 18479 18479 I MoPub   : ManifestUtils running without interstitial module
07-01 14:14:08.487 18479 18479 D MoPub   : Changing consent status from POTENTIAL_WHITELISTto POTENTIAL_WHITELIST because Consent was explicitly granted by a publisher who is not whitelisted
07-01 14:14:08.905  1604  3574 D WificondControl: Scan result ready event
07-01 14:14:09.121  1604  2501 I WifiService: releaseWifiLock uid=10014
07-01 14:14:09.145 18479 18479 D libcrashlytics: Initializing libcrashlytics version 2.0.4
07-01 14:14:09.146 18479 18479 D libcrashlytics: Initializing native crash handling successful.
07-01 14:14:09.167 18479 18479 I CrashlyticsCore: Initializing Crashlytics 2.6.3.25
07-01 14:14:09.721 18479 18479 D AppsFlyer_4.9.0: Initializing AppsFlyer SDK: (v4.9.0.184)
07-01 14:14:09.955 18479 18479 D Pushwoosh: [CrashAnalytics] Current handler class = com.crashlytics.android.core.CrashlyticsUncaughtExceptionHandler
07-01 14:14:09.984 18156 18156 I chatty  : uid=10104(net.osmand) expire 5 lines
07-01 14:14:09.987 18156 18182 I chatty  : uid=10104(net.osmand) RenderingBaseIm expire 2 lines
07-01 14:14:10.177 18156 18181 I chatty  : uid=10104(net.osmand) Loader map obje expire 81 lines
07-01 14:14:10.534 18156 18156 I chatty  : uid=10104(net.osmand) expire 52 lines
07-01 14:14:11.069 18156 18166 I chatty  : uid=10104(net.osmand) HeapTaskDaemon expire 9 lines
07-01 14:14:11.237 18479 18524 W CrashlyticsCore: No minidump data found in directory /data/user/0/com.mapswithme.maps.pro/files/.Fabric/com.crashlytics.sdk.android.crashlytics-ndk/native/1562001245493
07-01 14:14:11.430 18156 18182 I chatty  : uid=10104(net.osmand) RenderingBaseIm expire 32 lines
07-01 14:14:13.395 18479 18495 D MoPub   : MoPubIdentifier initialized.
07-01 14:14:13.575 18479 18495 I WebViewFactory: Loading com.android.chrome version 74.0.3729.157 (code 372915712)
07-01 14:14:14.823 18479 18495 I cr_LibraryLoader: Time to load native libraries: 61 ms (timestamps 2773-2834)
07-01 14:14:15.005 18479 18479 I chromium: [INFO:library_loader_hooks.cc(50)] Chromium logging enabled: level = 0, default verbosity = 0
07-01 14:14:15.005 18479 18479 I cr_LibraryLoader: Expected native library version number "74.0.3729.157", actual native library version number "74.0.3729.157"
07-01 14:14:15.111 18479 18479 I cr_BrowserStartup: Initializing chromium process, singleProcess=false
07-01 14:14:15.118 18479 18544 W cr_ChildProcLH: Create a new ChildConnectionAllocator with package name = com.android.chrome, sandboxed = true
07-01 14:14:15.146 18479 18479 W ResourceType: For resource 0x7f130526, entry index(1318) is beyond type entryCount(4)
07-01 14:14:15.146 18479 18479 W ResourceType: Failure getting entry for 0x7f130526 (t=18 e=1318) (error -75)
07-01 14:14:15.234  1604  2501 I ActivityManager: Start proc 18546:com.android.chrome:sandboxed_process0/u0i12 for webview_service com.mapswithme.maps.pro/org.chromium.content.app.SandboxedProcessService0
07-01 14:14:15.243 18546 18546 E /system/bin/webview_zygote32: Failed to make and chown /acct/uid_99012: Permission denied
07-01 14:14:15.244 18546 18546 E Zygote  : createProcessGroup(99012, 0) failed: Permission denied
07-01 14:14:15.268 18546 18546 W /system/bin/webview_zygote32: Unexpected CPU variant for X86 using defaults: x86
07-01 14:14:15.492 18561 18561 E asset   : setgid: Operation not permitted
07-01 14:14:15.808 18546 18546 I cr_ChildProcessService: Creating new ChildProcessService pid=18546
07-01 14:14:16.564 18479 18495 D Pushwoosh: initHwid
07-01 14:14:16.577 18479 18495 I Pushwoosh: HWID: c508be07-582e-4b92-8968-379ca65e32f4
07-01 14:14:16.577 18479 18495 D Pushwoosh: [PushwooshModule] onApplicationCreated
07-01 14:14:16.577 18479 18495 I Pushwoosh: [s] This is Android GCM device
07-01 14:14:16.577 18479 18495 D Pushwoosh: appOpen:false onAppReady:true
07-01 14:14:17.948 18479 18479 D MoPub   : Successfully hit tracking endpoint: https://ads.mopub.com/m/open
07-01 14:14:18.047 18479 18495 D Pushwoosh: [RequestManager] Try To send: getInApps; baseUrl: https://84E00-0F767.api.pushwoosh.com/json/1.3/
07-01 14:14:19.959 18479 18495 I Pushwoosh: [RequestManager] 
07-01 14:14:19.959 18479 18495 I Pushwoosh: x
07-01 14:14:19.959 18479 18495 I Pushwoosh: |     Pushwoosh request:
07-01 14:14:19.959 18479 18495 I Pushwoosh: | Url: https://84E00-0F767.api.pushwoosh.com/json/1.3/getInApps
07-01 14:14:19.959 18479 18495 I Pushwoosh: | Payload: {"request":{"application":"84E00-0F767","hwid":"c508be07-582e-4b92-8968-379ca65e32f4","v":"5.9.0","device_type":3,"userId":"c508be07-582e-4b92-8968-379ca65e32f4","language":"en"}}
07-01 14:14:19.959 18479 18495 I Pushwoosh: | Response: {"status_code":200,"status_message":"OK","response":{"inApps":[]}}
07-01 14:14:19.959 18479 18495 I Pushwoosh: x
07-01 14:14:19.959 18479 18495 D Pushwoosh: [RequestManager] getInApps response success
07-01 14:14:20.558  1604  1617 E memtrack: Couldn't load memtrack module
07-01 14:14:20.590  1604  1617 W android.os.Debug: failed to get memory consumption info: -1
07-01 14:14:21.001 18156 18181 I chatty  : uid=10104(net.osmand) Loader map obje expire 56 lines
07-01 14:14:21.463  1604  1617 E memtrack: Couldn't load memtrack module
07-01 14:14:21.463  1604  1617 W android.os.Debug: failed to get memory consumption info: -1
07-01 14:14:21.597  1604  1617 E memtrack: Couldn't load memtrack module
07-01 14:14:21.597  1604  1617 W android.os.Debug: failed to get memory consumption info: -1
07-01 14:14:21.703 18156 18156 I chatty  : uid=10104(net.osmand) expire 18 lines
07-01 14:14:21.708 18156 18182 I chatty  : uid=10104(net.osmand) RenderingBaseIm expire 8 lines
07-01 14:14:22.315 18156 18161 I chatty  : uid=10104(net.osmand) Jit thread pool expire 2 lines
07-01 14:14:24.850 18156 18181 I chatty  : uid=10104(net.osmand) Loader map obje expire 74 lines
07-01 14:14:25.051 18156 18156 I chatty  : uid=10104(net.osmand) expire 66 lines
07-01 14:14:25.534 18156 18166 I chatty  : uid=10104(net.osmand) HeapTaskDaemon expire 9 lines
07-01 14:14:26.292 18156 18391 I chatty  : uid=10104(net.osmand) expire 13 lines
07-01 14:14:26.773  1604  9404 I MediaFocusControl: requestAudioFocus() from uid/pid 10104/18156 clientId=android.media.AudioManager@8a8df6enet.osmand.plus.api.AudioFocusHelperImpl@7cb7881 callingPack=net.osmand req=3 flags=0x0 sdk=26
07-01 14:14:26.780  4639 18249 I TTS.GoogleTTSServiceImp: Synthesis request for locale por-BRA and name pt-BR-language
07-01 14:14:26.782  4639 18249 I TTS.GoogleTTSServiceImp: TTS dispatch: pt-br-x-afs-lstm-embedded
07-01 14:14:26.992  4639 18250 D AudioTrack: Client defaulted notificationFrames to 1365 for frameCount 4096
07-01 14:14:27.004  1604  5757 V MediaRouterService: restoreBluetoothA2dp(false)
07-01 14:14:27.007  1394  3176 W audio_hw_generic: Not supplying enough data to HAL, expected position 28111706 , only wrote 28111680
07-01 14:14:27.300  1604  2170 I WifiService: acquireWifiLock uid=10014 lockMode=2
07-01 14:14:27.814  1604  6308 I WifiService: releaseWifiLock uid=10014
07-01 14:14:28.526  1604  1613 I zygote  : Background concurrent copying GC freed 55554(2MB) AllocSpace objects, 24(1416KB) LOS objects, 15% free, 31MB/37MB, paused 9.252ms total 1.012s
07-01 14:14:28.823 18156 18182 I chatty  : uid=10104(net.osmand) RenderingBaseIm expire 36 lines
07-01 14:14:30.010 18156 18586 I chatty  : uid=10104(net.osmand) expire 13 lines
07-01 14:14:34.475  4639 18250 D AudioTrack: stop() called with 163130 frames delivered
07-01 14:14:34.480  1604  3545 V MediaRouterService: restoreBluetoothA2dp(false)
07-01 14:14:34.487 18156 18168 I chatty  : uid=10104(net.osmand) Binder:18156_2 expire 2 lines
07-01 14:14:34.488  1604  5757 I MediaFocusControl: abandonAudioFocus() from uid/pid 10104/18156 clientId=android.media.AudioManager@8a8df6enet.osmand.plus.api.AudioFocusHelperImpl@7cb7881
07-01 14:14:34.944  1604  6308 I MediaFocusControl: requestAudioFocus() from uid/pid 10104/18156 clientId=android.media.AudioManager@8a8df6enet.osmand.plus.api.AudioFocusHelperImpl@7ea0575 callingPack=net.osmand req=3 flags=0x0 sdk=26
07-01 14:14:34.946  4639 18249 I TTS.GoogleTTSServiceImp: Synthesis request for locale por-BRA and name pt-BR-language
07-01 14:14:34.950  4639 18249 I TTS.GoogleTTSServiceImp: TTS dispatch: pt-br-x-afs-lstm-embedded
07-01 14:14:35.007  4639 18250 D AudioTrack: Client defaulted notificationFrames to 1365 for frameCount 4096
07-01 14:14:35.055  1604  5757 V MediaRouterService: restoreBluetoothA2dp(false)
07-01 14:14:35.170 18156 18181 I chatty  : uid=10104(net.osmand) Loader map obje expire 34 lines
07-01 14:14:36.415  4639  4649 I zygote  : Background concurrent copying GC freed 9677(2MB) AllocSpace objects, 0(0B) LOS objects, 49% free, 3MB/6MB, paused 4.897ms total 234.460ms
07-01 14:14:36.622 18156 18156 I chatty  : uid=10104(net.osmand) expire 6 lines
07-01 14:14:37.232  4639 18250 D AudioTrack: stop() called with 45980 frames delivered
07-01 14:14:37.234  1604  9404 V MediaRouterService: restoreBluetoothA2dp(false)
07-01 14:14:37.248 18156 18384 I chatty  : uid=10104(net.osmand) Binder:18156_5 expire 2 lines
07-01 14:14:37.249  1604  6308 I MediaFocusControl: abandonAudioFocus() from uid/pid 10104/18156 clientId=android.media.AudioManager@8a8df6enet.osmand.plus.api.AudioFocusHelperImpl@7ea0575
07-01 14:14:37.876  1970  1970 I GeofencerStateMachine: sendNewTransitions called.
07-01 14:14:37.892 18156 18156 I chatty  : uid=10104(net.osmand) expire 59 lines
07-01 14:14:37.984 18156 18182 I chatty  : uid=10104(net.osmand) RenderingBaseIm expire 32 lines
07-01 14:14:38.099 18156 18181 I chatty  : uid=10104(net.osmand) Loader map obje expire 114 lines
07-01 14:14:38.470 18156 18166 I chatty  : uid=10104(net.osmand) HeapTaskDaemon expire 10 lines
07-01 14:14:38.930  1604  2501 I MediaFocusControl: requestAudioFocus() from uid/pid 10104/18156 clientId=android.media.AudioManager@8a8df6enet.osmand.plus.api.AudioFocusHelperImpl@c252e57 callingPack=net.osmand req=3 flags=0x0 sdk=26
07-01 14:14:38.935  4639 18249 I TTS.GoogleTTSServiceImp: Synthesis request for locale por-BRA and name pt-BR-language
07-01 14:14:38.942  4639 18249 I TTS.GoogleTTSServiceImp: TTS dispatch: pt-br-x-afs-lstm-embedded
07-01 14:14:39.151  4639 18250 D AudioTrack: Client defaulted notificationFrames to 1365 for frameCount 4096
07-01 14:14:39.200  1604  2501 V MediaRouterService: restoreBluetoothA2dp(false)
07-01 14:14:43.082  4639 18250 D AudioTrack: stop() called with 83930 frames delivered
07-01 14:14:43.102 18156 18596 I chatty  : uid=10104(net.osmand) Binder:18156_8 expire 2 lines
07-01 14:14:43.102  1604  2501 I MediaFocusControl: abandonAudioFocus() from uid/pid 10104/18156 clientId=android.media.AudioManager@8a8df6enet.osmand.plus.api.AudioFocusHelperImpl@c252e57
07-01 14:14:43.647  1394  3176 W audio_hw_generic: Not supplying enough data to HAL, expected position 28910383 , only wrote 28910160
07-01 14:14:43.648  1394  3176 W audio_hw_generic: Not supplying enough data to HAL, expected position 28910211 , only wrote 28910160
07-01 14:14:44.022 18156 18169 I chatty  : uid=10104(net.osmand) Profile Saver expire 2 lines
07-01 14:14:46.110  1394  1567 W audio_hw_generic: Not supplying enough data to HAL, expected position 29145351 , only wrote 29028240
07-01 14:14:47.403  1604  5757 I WifiService: acquireWifiLock uid=10014 lockMode=2
07-01 14:14:47.445  1604  1617 E memtrack: Couldn't load memtrack module
07-01 14:14:47.446  1604  1617 W android.os.Debug: failed to get memory consumption info: -1
07-01 14:14:48.163  1410  1410 I boot-pipe: done populating /dev/random
07-01 14:14:48.164 18156 18182 I chatty  : uid=10104(net.osmand) RenderingBaseIm expire 7 lines
07-01 14:14:48.225 18156 18156 I chatty  : uid=10104(net.osmand) expire 13 lines
07-01 14:14:48.424  1970  1980 I zygote  : Background concurrent copying GC freed 173431(6MB) AllocSpace objects, 17(1684KB) LOS objects, 37% free, 9MB/15MB, paused 1.151ms total 466.466ms
07-01 14:14:48.838 18156 18181 I chatty  : uid=10104(net.osmand) Loader map obje expire 113 lines
07-01 14:14:50.442  1604  9404 D WificondControl: Scan result ready event
07-01 14:14:50.491  1604  6308 I WifiService: releaseWifiLock uid=10014
07-01 14:14:50.903 18156 18182 I chatty  : uid=10104(net.osmand) RenderingBaseIm expire 27 lines
07-01 14:14:50.968 18156 18156 I chatty  : uid=10104(net.osmand) expire 58 lines
07-01 14:14:51.859 18156 18166 I chatty  : uid=10104(net.osmand) HeapTaskDaemon expire 7 lines
07-01 14:14:53.580 18156 18586 I chatty  : uid=10104(net.osmand) expire 13 lines
07-01 14:14:53.698  1604  2501 I MediaFocusControl: requestAudioFocus() from uid/pid 10104/18156 clientId=android.media.AudioManager@8a8df6enet.osmand.plus.api.AudioFocusHelperImpl@8cff36b callingPack=net.osmand req=3 flags=0x0 sdk=26
07-01 14:14:53.703  4639 18249 I TTS.GoogleTTSServiceImp: Synthesis request for locale por-BRA and name pt-BR-language
07-01 14:14:53.705  4639 18249 I TTS.GoogleTTSServiceImp: TTS dispatch: pt-br-x-afs-lstm-embedded
07-01 14:14:43.096  1604  2501 V MediaRouterService: restoreBluetoothA2dp(false)
07-01 14:14:53.751  1604  1621 E BatteryExternalStatsWorker: modem info is invalid: ModemActivityInfo{ mTimestamp=0 mSleepTimeMs=0 mIdleTimeMs=0 mTxTimeMs[]=[0, 0, 0, 0, 0] mRxTimeMs=0 mEnergyUsed=0}
07-01 14:14:53.897  4639 18250 D AudioTrack: Client defaulted notificationFrames to 1365 for frameCount 4096
07-01 14:14:53.915  1604  9404 V MediaRouterService: restoreBluetoothA2dp(false)
07-01 14:14:53.924  1394  3176 W audio_hw_generic: Not supplying enough data to HAL, expected position 29028357 , only wrote 29028240
07-01 14:14:54.117 18156 18596 I chatty  : uid=10104(net.osmand) Binder:18156_8 expire 1 line
07-01 14:14:54.667  1970  4287 I zygote  : Deoptimizing void epg.run() due to JIT inline cache
07-01 14:14:56.179  1477  1572 D AudioFlinger: mixer(0xac983140) throttle end: throttle time(12)
07-01 14:14:58.300 18156 18606 I chatty  : uid=10104(net.osmand) expire 4 lines
07-01 14:15:00.396  1604  1617 E memtrack: Couldn't load memtrack module
07-01 14:15:00.396  1604  1617 W android.os.Debug: failed to get memory consumption info: -1
07-01 14:15:00.586 18156 18181 I chatty  : uid=10104(net.osmand) Loader map obje expire 31 lines
07-01 14:15:00.602  1604  1617 E memtrack: Couldn't load memtrack module
07-01 14:15:00.602  1604  1617 W android.os.Debug: failed to get memory consumption info: -1
07-01 14:15:01.796  4639 18250 D AudioTrack: stop() called with 171600 frames delivered
07-01 14:15:01.812 18156 18393 I chatty  : uid=10104(net.osmand) Binder:18156_6 expire 2 lines
07-01 14:15:01.813  1604  2501 I MediaFocusControl: abandonAudioFocus() from uid/pid 10104/18156 clientId=android.media.AudioManager@8a8df6enet.osmand.plus.api.AudioFocusHelperImpl@8cff36b
07-01 14:15:01.966 18156 18156 I chatty  : uid=10104(net.osmand) expire 9 lines
07-01 14:15:02.563 18156 18182 I chatty  : uid=10104(net.osmand) RenderingBaseIm expire 36 lines
07-01 14:15:03.133 18156 18156 I chatty  : uid=10104(net.osmand) expire 62 lines
07-01 14:15:03.191 18156 18181 I chatty  : uid=10104(net.osmand) Loader map obje expire 144 lines
07-01 14:15:03.752  1394  3176 W audio_hw_generic: Not supplying enough data to HAL, expected position 29499986 , only wrote 29499840
07-01 14:15:03.849 18156 18166 I chatty  : uid=10104(net.osmand) HeapTaskDaemon expire 9 lines
07-01 14:15:04.833  1394  1567 W audio_hw_generic: Not supplying enough data to HAL, expected position 29602463 , only wrote 29551680
07-01 14:15:07.431  1604  5757 I WifiService: acquireWifiLock uid=10014 lockMode=2
07-01 14:15:07.594  1604  6308 I WifiService: releaseWifiLock uid=10014
07-01 14:15:07.979  1970  1970 I GeofencerStateMachine: sendNewTransitions called.
07-01 14:15:08.157  1970  1970 I GeofencerStateMachine: sendNewTransitions called.
07-01 14:15:08.165  1970  1970 I GeofencerStateMachine: sendNewLocationAvailability: availability=LocationAvailability[isLocationAvailable: true]
07-01 14:15:08.497  1970  1970 I GeofencerStateMachine: sendNewLocationAvailability: availability=LocationAvailability[isLocationAvailable: true]
07-01 14:15:08.507  1970  1970 I GeofencerStateMachine: sendNewLocationAvailability: availability=LocationAvailability[isLocationAvailable: true]
07-01 14:15:09.659  1604  1613 I zygote  : Background concurrent copying GC freed 49113(2MB) AllocSpace objects, 8(416KB) LOS objects, 15% free, 31MB/37MB, paused 3.055ms total 1.149s
07-01 14:15:10.384  1604  2501 D WificondControl: Scan result ready event
07-01 14:15:11.844  2799  2830 I Finsky  : [131] imb.run(3): Stats for Executor: BlockingExecutor ink@4fcda2c[Running, pool size = 0, active threads = 0, queued tasks = 0, completed tasks = 43]
07-01 14:15:11.850  2799  2830 I Finsky  : [131] imb.run(3): Stats for Executor: LightweightExecutor ink@42a7cf5[Running, pool size = 2, active threads = 0, queued tasks = 0, completed tasks = 68]
07-01 14:15:12.709  2799  2830 I Finsky  : [131] imb.run(3): Stats for Executor: bgExecutor ink@4f2f371[Running, pool size = 4, active threads = 0, queued tasks = 0, completed tasks = 1132]
07-01 14:15:12.773 18156 18182 I chatty  : uid=10104(net.osmand) RenderingBaseIm expire 46 lines
07-01 14:15:15.608 18156 18156 I chatty  : uid=10104(net.osmand) expire 70 lines
07-01 14:15:15.647 18156 18181 I chatty  : uid=10104(net.osmand) Loader map obje expire 112 lines
07-01 14:15:16.546 18156 18166 I chatty  : uid=10104(net.osmand) HeapTaskDaemon expire 9 lines
07-01 14:15:24.465 18156 18169 I chatty  : uid=10104(net.osmand) Profile Saver expire 2 lines
07-01 14:15:27.200 18156 18606 I chatty  : uid=10104(net.osmand) expire 12 lines
07-01 14:15:28.571  1604  3545 I WifiService: acquireWifiLock uid=10014 lockMode=2
07-01 14:15:28.775 18156 18182 I chatty  : uid=10104(net.osmand) RenderingBaseIm expire 2 lines
07-01 14:15:28.814 18156 18181 I chatty  : uid=10104(net.osmand) Loader map obje expire 144 lines
07-01 14:15:28.891  1604  5757 I WifiService: releaseWifiLock uid=10014
07-01 14:15:29.062 18156 18156 I chatty  : uid=10104(net.osmand) expire 66 lines
07-01 14:15:29.598 18156 18606 I chatty  : uid=10104(net.osmand) expire 2 lines
07-01 14:15:29.696 18156 18166 I chatty  : uid=10104(net.osmand) HeapTaskDaemon expire 9 lines
07-01 14:15:29.778 18156 18182 I chatty  : uid=10104(net.osmand) RenderingBaseIm expire 60 lines
07-01 14:15:38.030  1970  1970 I GeofencerStateMachine: sendNewTransitions called.
07-01 14:15:41.790 18156 18181 I chatty  : uid=10104(net.osmand) Loader map obje expire 128 lines
07-01 14:15:41.839 18156 18166 I chatty  : uid=10104(net.osmand) HeapTaskDaemon expire 7 lines
07-01 14:15:42.058 18156 18156 I chatty  : uid=10104(net.osmand) expire 54 lines
07-01 14:15:44.091 18156 18606 I chatty  : uid=10104(net.osmand) expire 18 lines
07-01 14:15:47.869  1604  9404 I MediaFocusControl: requestAudioFocus() from uid/pid 10104/18156 clientId=android.media.AudioManager@8a8df6enet.osmand.plus.api.AudioFocusHelperImpl@4e7bd40 callingPack=net.osmand req=3 flags=0x0 sdk=26
07-01 14:15:47.878  4639 18249 I TTS.GoogleTTSServiceImp: Synthesis request for locale por-BRA and name pt-BR-language
07-01 14:15:47.880  4639 18249 I TTS.GoogleTTSServiceImp: TTS dispatch: pt-br-x-afs-lstm-embedded
07-01 14:15:48.174  1410  1410 I boot-pipe: done populating /dev/random
07-01 14:15:48.220  4639 18250 D AudioTrack: Client defaulted notificationFrames to 1365 for frameCount 4096
07-01 14:15:01.798  1604  9404 V MediaRouterService: restoreBluetoothA2dp(false)
07-01 14:15:48.254  1604  5757 V MediaRouterService: restoreBluetoothA2dp(false)
07-01 14:15:48.258  1394  3176 W audio_hw_generic: Not supplying enough data to HAL, expected position 29551828 , only wrote 29551680
07-01 14:15:48.403  1604  1604 W NotificationService: Removed summary didn't match old notification: old=0|net.osmand|100|null|10104, removed=0|net.osmand|100|null|10104
07-01 14:15:48.420  4639 13332 D AudioTrack: stop() called with 6144 frames delivered
07-01 14:15:48.421  1604  5757 V MediaRouterService: restoreBluetoothA2dp(false)
07-01 14:15:48.427  4639  4649 I zygote  : Background concurrent copying GC freed 11749(2MB) AllocSpace objects, 0(0B) LOS objects, 49% free, 3MB/7MB, paused 70.485ms total 406.345ms
07-01 14:15:48.436  1604  3574 I MediaFocusControl: abandonAudioFocus() from uid/pid 10104/18156 clientId=android.media.AudioManager@8a8df6enet.osmand.plus.api.AudioFocusHelperImpl@4e7bd40
07-01 14:15:48.454 18156 18266 I chatty  : uid=10104(net.osmand) Binder:18156_4 expire 2 lines
07-01 14:15:48.746  1604  2170 I WifiService: acquireWifiLock uid=10014 lockMode=2
07-01 14:15:48.768 18156 18182 I chatty  : uid=10104(net.osmand) RenderingBaseIm expire 14 lines
07-01 14:15:48.918  1604  9404 I MediaFocusControl: requestAudioFocus() from uid/pid 10104/18156 clientId=android.media.AudioManager@8a8df6enet.osmand.plus.api.AudioFocusHelperImpl@2b6d6c callingPack=net.osmand req=3 flags=0x0 sdk=26
07-01 14:15:48.922  4639 18249 I TTS.GoogleTTSServiceImp: Synthesis request for locale por-BRA and name pt-BR-language
07-01 14:15:48.924  4639 18249 I TTS.GoogleTTSServiceImp: TTS dispatch: pt-br-x-afs-lstm-embedded
07-01 14:15:49.064  4639 18250 D AudioTrack: Client defaulted notificationFrames to 1365 for frameCount 4096
07-01 14:15:49.085  1604  9404 V MediaRouterService: restoreBluetoothA2dp(false)
07-01 14:15:49.334  4639  4651 D AudioTrack: stop() called with 8858 frames delivered
07-01 14:15:49.340  4639 18249 I TTS.EventProcessor: synthesizeMarkup call to callback.audioAvailable failed: -1
07-01 14:15:49.341  1604  2501 I MediaFocusControl: abandonAudioFocus() from uid/pid 10104/18156 clientId=android.media.AudioManager@8a8df6enet.osmand.plus.api.AudioFocusHelperImpl@2b6d6c
07-01 14:15:49.348 18156 18193 I chatty  : uid=10104(net.osmand) Binder:18156_3 expire 2 lines
07-01 14:15:49.679  1604  1617 E memtrack: Couldn't load memtrack module
07-01 14:15:49.679  1604  1617 W android.os.Debug: failed to get memory consumption info: -1
07-01 14:15:50.054  1604  1617 E memtrack: Couldn't load memtrack module
07-01 14:15:50.054  1604  1617 W android.os.Debug: failed to get memory consumption info: -1
07-01 14:15:50.652  1707  1729 I zygote  : Background concurrent copying GC freed 119831(4MB) AllocSpace objects, 0(0B) LOS objects, 49% free, 6MB/12MB, paused 981us total 153.297ms
07-01 14:15:51.773  1604  2170 D WificondControl: Scan result ready event
07-01 14:15:51.836  1604  6308 I WifiService: releaseWifiLock uid=10014
07-01 14:15:51.916 18156 18181 I chatty  : uid=10104(net.osmand) Loader map obje expire 146 lines
07-01 14:15:52.384  1394  1567 W audio_hw_generic: Not supplying enough data to HAL, expected position 29945819 , only wrote 29749680
07-01 14:15:52.677 18156 18182 I chatty  : uid=10104(net.osmand) RenderingBaseIm expire 32 lines
07-01 14:15:52.982 18156 18166 I chatty  : uid=10104(net.osmand) HeapTaskDaemon expire 9 lines
07-01 14:15:53.747 18156 18156 I chatty  : uid=10104(net.osmand) expire 29 lines
07-01 14:15:54.732  1604  1613 I zygote  : Background concurrent copying GC freed 67070(2MB) AllocSpace objects, 18(936KB) LOS objects, 15% free, 31MB/37MB, paused 1.244ms total 968.642ms
07-01 14:15:54.977 18156 18624 I chatty  : uid=10104(net.osmand) expire 10 lines
07-01 14:16:01.174  1604  2170 I MediaFocusControl: requestAudioFocus() from uid/pid 10104/18156 clientId=android.media.AudioManager@8a8df6enet.osmand.plus.api.AudioFocusHelperImpl@5e6b1e callingPack=net.osmand req=3 flags=0x0 sdk=26
07-01 14:16:01.179  4639 18249 I TTS.GoogleTTSServiceImp: Synthesis request for locale por-BRA and name pt-BR-language
07-01 14:16:01.181  4639 18249 I TTS.GoogleTTSServiceImp: TTS dispatch: pt-br-x-afs-lstm-embedded
07-01 14:16:01.190  4639 18250 D AudioTrack: Client defaulted notificationFrames to 1365 for frameCount 4096
07-01 14:15:49.336  1604  9404 V MediaRouterService: restoreBluetoothA2dp(false)
07-01 14:16:01.199  1604  2501 V MediaRouterService: restoreBluetoothA2dp(false)
07-01 14:16:01.202  1394  3176 W audio_hw_generic: Not supplying enough data to HAL, expected position 29749772 , only wrote 29749680
07-01 14:16:03.364  4639 18250 D AudioTrack: stop() called with 45980 frames delivered
07-01 14:16:03.368  1604  2170 V MediaRouterService: restoreBluetoothA2dp(false)
07-01 14:16:03.374 18156 18167 I chatty  : uid=10104(net.osmand) Binder:18156_1 expire 2 lines
07-01 14:16:03.374  1604  9404 I MediaFocusControl: abandonAudioFocus() from uid/pid 10104/18156 clientId=android.media.AudioManager@8a8df6enet.osmand.plus.api.AudioFocusHelperImpl@5e6b1e
07-01 14:16:03.754 18156 18182 I chatty  : uid=10104(net.osmand) RenderingBaseIm expire 12 lines
07-01 14:16:04.349 18156 18181 I chatty  : uid=10104(net.osmand) Loader map obje expire 145 lines
07-01 14:16:06.213  1394  3176 W audio_hw_generic: Not supplying enough data to HAL, expected position 29990245 , only wrote 29990160
07-01 14:16:06.379  1394  1567 W audio_hw_generic: Not supplying enough data to HAL, expected position 30004846 , only wrote 29998080
07-01 14:16:06.438 18156 18166 I chatty  : uid=10104(net.osmand) HeapTaskDaemon expire 9 lines
07-01 14:16:06.565 18156 18156 I chatty  : uid=10104(net.osmand) expire 44 lines
07-01 14:16:06.635 18156 18182 I chatty  : uid=10104(net.osmand) RenderingBaseIm expire 38 lines
07-01 14:16:07.980  1970  1970 I GeofencerStateMachine: sendNewTransitions called.
07-01 14:16:08.786  1604  2501 I WifiService: acquireWifiLock uid=10014 lockMode=2
07-01 14:16:08.963  1604  6308 I WifiService: releaseWifiLock uid=10014
07-01 14:16:09.641  1970  4287 W ResourceType: ResTable_typeSpec entry count inconsistent: given 15, previously 22
07-01 14:16:11.222 18156 18624 I chatty  : uid=10104(net.osmand) expire 8 lines
07-01 14:16:11.979 18156 18629 I chatty  : uid=10104(net.osmand) expire 10 lines
07-01 14:16:18.206  2061  2074 I zygote  : NativeAlloc concurrent copying GC freed 26215(1143KB) AllocSpace objects, 7(3MB) LOS objects, 49% free, 4MB/8MB, paused 901us total 195.830ms
07-01 14:16:18.265 18156 18156 I chatty  : uid=10104(net.osmand) expire 13 lines
07-01 14:16:18.389 18156 18181 I chatty  : uid=10104(net.osmand) Loader map obje expire 16 lines
07-01 14:16:19.393 18156 18182 I chatty  : uid=10104(net.osmand) RenderingBaseIm expire 30 lines
07-01 14:16:20.021 18156 18156 I chatty  : uid=10104(net.osmand) expire 59 lines
07-01 14:16:20.051 18156 18181 I chatty  : uid=10104(net.osmand) Loader map obje expire 128 lines
07-01 14:16:20.460 18156 18166 I chatty  : uid=10104(net.osmand) HeapTaskDaemon expire 7 lines
07-01 14:16:21.934  1604  1613 I zygote  : Background concurrent copying GC freed 76940(2MB) AllocSpace objects, 62(3MB) LOS objects, 15% free, 31MB/37MB, paused 1.366ms total 1.217s
07-01 14:16:26.698  1604  1621 I WifiService: requestActivityInfo uid=1000
07-01 14:16:26.698  1604  1621 I WifiService: reportActivityInfo uid=1000
07-01 14:16:26.698  1604  1621 I WifiService: getSupportedFeatures uid=1000
07-01 14:16:27.726 18156 18629 I chatty  : uid=10104(net.osmand) expire 8 lines
07-01 14:16:27.987 18156 18632 I chatty  : uid=10104(net.osmand) expire 18 lines
07-01 14:16:30.103  1604  2170 I WifiService: acquireWifiLock uid=10014 lockMode=2
07-01 14:16:30.237 18156 18156 I chatty  : uid=10104(net.osmand) expire 2 lines
07-01 14:16:30.398  1707  1729 I zygote  : Background concurrent copying GC freed 169239(5MB) AllocSpace objects, 0(0B) LOS objects, 48% free, 6MB/12MB, paused 1.631ms total 834.220ms
07-01 14:16:30.976 18156 18182 I chatty  : uid=10104(net.osmand) RenderingBaseIm expire 48 lines
07-01 14:16:31.416 18156 18632 I chatty  : uid=10104(net.osmand) expire 13 lines
07-01 14:16:31.591 18156 18181 I chatty  : uid=10104(net.osmand) Loader map obje expire 128 lines
07-01 14:16:32.356 18156 18166 I chatty  : uid=10104(net.osmand) HeapTaskDaemon expire 7 lines
07-01 14:16:32.381 18156 18156 I chatty  : uid=10104(net.osmand) expire 58 lines
07-01 14:16:32.386 18156 18634 I chatty  : uid=10104(net.osmand) expire 10 lines
07-01 14:16:33.112  1604  3574 D WificondControl: Scan result ready event
07-01 14:16:33.248  1604  3545 I WifiService: releaseWifiLock uid=10014
07-01 14:16:38.143  1970  1970 I GeofencerStateMachine: sendNewTransitions called.
07-01 14:16:38.858  1970  1980 I zygote  : Background concurrent copying GC freed 117768(4MB) AllocSpace objects, 0(0B) LOS objects, 38% free, 9MB/15MB, paused 1.414ms total 759.911ms
07-01 14:16:43.073 18156 18181 I chatty  : uid=10104(net.osmand) Loader map obje expire 101 lines
07-01 14:16:43.623 18156 18166 I chatty  : uid=10104(net.osmand) HeapTaskDaemon expire 10 lines
07-01 14:16:43.951 18156 18156 I chatty  : uid=10104(net.osmand) expire 21 lines
07-01 14:16:43.998 18156 18182 I chatty  : uid=10104(net.osmand) RenderingBaseIm expire 34 lines
07-01 14:16:45.846 18156 18169 I chatty  : uid=10104(net.osmand) Profile Saver expire 2 lines
07-01 14:16:48.176  1410  1410 I boot-pipe: done populating /dev/random
07-01 14:16:49.512  1604  1613 I zygote  : Background concurrent copying GC freed 77975(2MB) AllocSpace objects, 60(3MB) LOS objects, 15% free, 31MB/37MB, paused 1.374ms total 1.252s
07-01 14:16:50.188  1604  6308 I WifiService: acquireWifiLock uid=10014 lockMode=2
07-01 14:16:50.394  1604  3545 I WifiService: releaseWifiLock uid=10014
07-01 14:16:50.629  1604  1621 I WifiService: requestActivityInfo uid=1000
07-01 14:16:50.629  1604  1621 I WifiService: reportActivityInfo uid=1000
07-01 14:16:50.629  1604  1621 I WifiService: getSupportedFeatures uid=1000
07-01 14:16:51.272  1604  2170 I MediaFocusControl: requestAudioFocus() from uid/pid 10104/18156 clientId=android.media.AudioManager@8a8df6enet.osmand.plus.api.AudioFocusHelperImpl@d10d566 callingPack=net.osmand req=3 flags=0x0 sdk=26
07-01 14:16:51.276  4639 18249 I TTS.GoogleTTSServiceImp: Synthesis request for locale por-BRA and name pt-BR-language
07-01 14:16:51.277  4639 18249 I TTS.GoogleTTSServiceImp: TTS dispatch: pt-br-x-afs-lstm-embedded
07-01 14:16:51.296  4639 18250 D AudioTrack: Client defaulted notificationFrames to 1365 for frameCount 4096
07-01 14:16:51.306  1604  6308 V MediaRouterService: restoreBluetoothA2dp(false)
07-01 14:16:51.306  1394  3176 W audio_hw_generic: Not supplying enough data to HAL, expected position 29998113 , only wrote 29998080
07-01 14:16:52.427  1477  1572 D AudioFlinger: mixer(0xac983140) throttle end: throttle time(5)
07-01 14:16:53.486  4639 18250 D AudioTrack: stop() called with 45980 frames delivered
07-01 14:16:53.487  1604  3545 V MediaRouterService: restoreBluetoothA2dp(false)
07-01 14:16:53.490 18156 18167 I chatty  : uid=10104(net.osmand) Binder:18156_1 expire 2 lines
07-01 14:16:53.492  1604  3574 I MediaFocusControl: abandonAudioFocus() from uid/pid 10104/18156 clientId=android.media.AudioManager@8a8df6enet.osmand.plus.api.AudioFocusHelperImpl@d10d566
07-01 14:16:55.521 18156 18634 I chatty  : uid=10104(net.osmand) expire 8 lines
07-01 14:16:56.211 18156 18181 I chatty  : uid=10104(net.osmand) Loader map obje expire 48 lines
07-01 14:16:56.513  1394  1567 W audio_hw_generic: Not supplying enough data to HAL, expected position 30496478 , only wrote 30247920
07-01 14:16:56.701 18156 18156 I chatty  : uid=10104(net.osmand) expire 8 lines
07-01 14:16:56.756 18156 18182 I chatty  : uid=10104(net.osmand) RenderingBaseIm expire 8 lines
07-01 14:16:56.768 18156 18642 I chatty  : uid=10104(net.osmand) expire 10 lines
07-01 14:16:57.783 18156 18166 I chatty  : uid=10104(net.osmand) HeapTaskDaemon expire 9 lines
07-01 14:16:59.045 18156 18156 I chatty  : uid=10104(net.osmand) expire 41 lines
07-01 14:16:59.613 18156 18182 I chatty  : uid=10104(net.osmand) RenderingBaseIm expire 30 lines
07-01 14:16:59.715 18156 18181 I chatty  : uid=10104(net.osmand) Loader map obje expire 129 lines
07-01 14:17:08.045  1970  1970 I GeofencerStateMachine: sendNewTransitions called.
07-01 14:17:09.727  1707  1729 I zygote  : Background concurrent copying GC freed 176920(6MB) AllocSpace objects, 0(0B) LOS objects, 49% free, 6MB/12MB, paused 1.192ms total 451.304ms
07-01 14:17:09.807 18156 18642 I chatty  : uid=10104(net.osmand) expire 8 lines
07-01 14:17:09.952 18156 18156 I chatty  : uid=10104(net.osmand) expire 10 lines
07-01 14:17:10.025 18156 18648 I chatty  : uid=10104(net.osmand) expire 4 lines
07-01 14:17:10.228 18156 18182 I chatty  : uid=10104(net.osmand) RenderingBaseIm expire 6 lines
07-01 14:17:10.239  1604  3574 I WifiService: acquireWifiLock uid=10014 lockMode=2
07-01 14:17:10.698 18156 18181 I chatty  : uid=10104(net.osmand) Loader map obje expire 144 lines
07-01 14:17:11.550 18156 18156 I chatty  : uid=10104(net.osmand) expire 53 lines
07-01 14:17:12.744 18156 18166 I chatty  : uid=10104(net.osmand) HeapTaskDaemon expire 7 lines
07-01 14:17:13.085 18156 18182 I chatty  : uid=10104(net.osmand) RenderingBaseIm expire 28 lines
07-01 14:17:13.263  1604  5757 D WificondControl: Scan result ready event
07-01 14:17:13.596  1604  2170 I WifiService: releaseWifiLock uid=10014
07-01 14:17:14.508  1604  1617 I zygote  : IncrementDisableThreadFlip blocked for 7.824ms
07-01 14:17:15.924  1604  2170 I MediaFocusControl: requestAudioFocus() from uid/pid 10104/18156 clientId=android.media.AudioManager@8a8df6enet.osmand.plus.api.AudioFocusHelperImpl@c1f377f callingPack=net.osmand req=3 flags=0x0 sdk=26
07-01 14:17:15.930  4639 18249 I TTS.GoogleTTSServiceImp: Synthesis request for locale por-BRA and name pt-BR-language
07-01 14:17:15.931  4639 18249 I TTS.GoogleTTSServiceImp: TTS dispatch: pt-br-x-afs-lstm-embedded
07-01 14:17:16.001  4639 18250 D AudioTrack: Client defaulted notificationFrames to 1365 for frameCount 4096
07-01 14:17:16.003  1604  9404 V MediaRouterService: restoreBluetoothA2dp(false)
07-01 14:17:16.007  1394  3176 W audio_hw_generic: Not supplying enough data to HAL, expected position 30247949 , only wrote 30247920
07-01 14:17:16.250  1604  1613 I zygote  : Background concurrent copying GC freed 78466(2MB) AllocSpace objects, 58(2MB) LOS objects, 15% free, 31MB/37MB, paused 1.172ms total 1.787s
07-01 14:17:19.558  4639 18250 D AudioTrack: stop() called with 76010 frames delivered
07-01 14:17:19.575 18156 18384 I chatty  : uid=10104(net.osmand) Binder:18156_5 expire 2 lines
07-01 14:17:19.576  1604  5753 I MediaFocusControl: abandonAudioFocus() from uid/pid 10104/18156 clientId=android.media.AudioManager@8a8df6enet.osmand.plus.api.AudioFocusHelperImpl@c1f377f
07-01 14:17:22.593  1394  1567 W audio_hw_generic: Not supplying enough data to HAL, expected position 30878716 , only wrote 30564000
07-01 14:17:23.010 18156 18156 I chatty  : uid=10104(net.osmand) expire 13 lines
07-01 14:17:23.573 18156 18181 I chatty  : uid=10104(net.osmand) Loader map obje expire 16 lines
07-01 14:17:24.751  1604  5753 I MediaFocusControl: requestAudioFocus() from uid/pid 10104/18156 clientId=android.media.AudioManager@8a8df6enet.osmand.plus.api.AudioFocusHelperImpl@c9de049 callingPack=net.osmand req=3 flags=0x0 sdk=26
07-01 14:17:24.754  4639 18249 I TTS.GoogleTTSServiceImp: Synthesis request for locale por-BRA and name pt-BR-language
07-01 14:17:24.755  4639 18249 I TTS.GoogleTTSServiceImp: TTS dispatch: pt-br-x-afs-lstm-embedded
07-01 14:17:24.766 18156 18182 I chatty  : uid=10104(net.osmand) RenderingBaseIm expire 30 lines
07-01 14:17:24.802 18156 18648 I chatty  : uid=10104(net.osmand) expire 27 lines
07-01 14:17:24.916  2061  2074 I zygote  : NativeAlloc concurrent copying GC freed 25415(1027KB) AllocSpace objects, 0(0B) LOS objects, 49% free, 4MB/9MB, paused 18.229ms total 68.412ms
07-01 14:17:24.952  4639 18250 D AudioTrack: Client defaulted notificationFrames to 1365 for frameCount 4096
07-01 14:17:19.568  1604  9404 V MediaRouterService: restoreBluetoothA2dp(false)
07-01 14:17:24.964  1604  3574 V MediaRouterService: restoreBluetoothA2dp(false)
07-01 14:17:24.972  1394  3176 W audio_hw_generic: Not supplying enough data to HAL, expected position 30564226 , only wrote 30564000
07-01 14:17:25.167  4639  4644 I zygote  : Do partial code cache collection, code=239KB, data=136KB
07-01 14:17:25.167  4639  4644 I zygote  : After code cache collection, code=239KB, data=136KB
07-01 14:17:25.168  4639  4644 I zygote  : Increasing code cache capacity to 1024KB
07-01 14:17:25.196 18156 18181 I chatty  : uid=10104(net.osmand) Loader map obje expire 102 lines
07-01 14:17:26.187 18156 18156 I chatty  : uid=10104(net.osmand) expire 24 lines
07-01 14:17:26.241  4639  4651 D AudioTrack: stop() called with 31085 frames delivered
07-01 14:17:26.245  1604  5753 I MediaFocusControl: abandonAudioFocus() from uid/pid 10104/18156 clientId=android.media.AudioManager@8a8df6enet.osmand.plus.api.AudioFocusHelperImpl@c9de049
07-01 14:17:26.248 18156 18654 I chatty  : uid=10104(net.osmand) expire 18 lines
07-01 14:17:26.270 18156 18266 I chatty  : uid=10104(net.osmand) Binder:18156_4 expire 2 lines
07-01 14:17:26.847 18156 18166 I chatty  : uid=10104(net.osmand) HeapTaskDaemon expire 8 lines
07-01 14:17:29.293  1394  1567 W audio_hw_generic: Not supplying enough data to HAL, expected position 30977595 , only wrote 30771360
07-01 14:17:31.366  1604  5757 I WifiService: acquireWifiLock uid=10014 lockMode=2
07-01 14:17:31.477  1604  5757 I WifiService: releaseWifiLock uid=10014
07-01 14:17:36.566 18156 18660 I chatty  : uid=10104(net.osmand) expire 10 lines
07-01 14:17:36.780  1604  1621 I WifiService: requestActivityInfo uid=1000
07-01 14:17:36.781  1604  1621 I WifiService: reportActivityInfo uid=1000
07-01 14:17:36.781  1604  1621 I WifiService: getSupportedFeatures uid=1000
07-01 14:17:37.006 18156 18182 I chatty  : uid=10104(net.osmand) RenderingBaseIm expire 8 lines
07-01 14:17:37.064 18156 18156 I chatty  : uid=10104(net.osmand) expire 2 lines
07-01 14:17:37.237 18156 18181 I chatty  : uid=10104(net.osmand) Loader map obje expire 113 lines
07-01 14:17:39.067  1970  1970 I GeofencerStateMachine: sendNewTransitions called.
07-01 14:17:39.436 18156 18156 I chatty  : uid=10104(net.osmand) expire 52 lines
07-01 14:17:39.536 18156 18182 I chatty  : uid=10104(net.osmand) RenderingBaseIm expire 36 lines
07-01 14:17:40.382 18156 18166 I chatty  : uid=10104(net.osmand) HeapTaskDaemon expire 9 lines
07-01 14:17:46.589 18156 18660 I chatty  : uid=10104(net.osmand) expire 8 lines
07-01 14:17:47.132 18156 18663 I chatty  : uid=10104(net.osmand) expire 4 lines
07-01 14:17:47.639  1604  1621 I WifiService: requestActivityInfo uid=1000
07-01 14:17:47.639  1604  1621 I WifiService: reportActivityInfo uid=1000
07-01 14:17:47.639  1604  1621 I WifiService: getSupportedFeatures uid=1000
07-01 14:17:48.181  1410  1410 I boot-pipe: done populating /dev/random
07-01 14:17:48.425 18156 18181 I chatty  : uid=10104(net.osmand) Loader map obje expire 160 lines
07-01 14:17:26.245  1604  3574 V MediaRouterService: restoreBluetoothA2dp(false)
07-01 14:17:49.093  1604  1625 E SensorNotificationService: Invalid local geomagnetic field, ignore.
07-01 14:17:51.365 18156 18156 I chatty  : uid=10104(net.osmand) expire 26 lines
07-01 14:17:51.433  1604  2501 I WifiService: acquireWifiLock uid=10014 lockMode=2
07-01 14:17:51.552  1604  1617 E memtrack: Couldn't load memtrack module
07-01 14:17:51.552  1604  1617 W android.os.Debug: failed to get memory consumption info: -1
07-01 14:17:52.096  1604  1613 I zygote  : Background concurrent copying GC freed 79906(3MB) AllocSpace objects, 52(2MB) LOS objects, 15% free, 31MB/37MB, paused 11.272ms total 1.317s
07-01 14:17:52.155 18156 18166 I chatty  : uid=10104(net.osmand) HeapTaskDaemon expire 8 lines
07-01 14:17:52.193  1604  1617 E memtrack: Couldn't load memtrack module
07-01 14:17:52.194  1604  1617 W android.os.Debug: failed to get memory consumption info: -1
07-01 14:17:52.254 18156 18182 I chatty  : uid=10104(net.osmand) RenderingBaseIm expire 36 lines
07-01 14:17:53.951 18156 18663 I chatty  : uid=10104(net.osmand) expire 27 lines
07-01 14:17:54.395  1604  5757 D WificondControl: Scan result ready event
07-01 14:17:54.497  1604  3925 I WifiService: releaseWifiLock uid=10014
07-01 14:17:54.946 18156 18665 I chatty  : uid=10104(net.osmand) expire 18 lines
07-01 14:18:01.050 18156 18666 I chatty  : uid=10104(net.osmand) expire 18 lines
07-01 14:18:01.983 18156 18182 I chatty  : uid=10104(net.osmand) RenderingBaseIm expire 30 lines
07-01 14:18:01.989 18156 18181 I chatty  : uid=10104(net.osmand) Loader map obje expire 112 lines
07-01 14:18:02.365 18156 18156 I chatty  : uid=10104(net.osmand) expire 19 lines
07-01 14:18:02.736  1604  1621 I WifiService: requestActivityInfo uid=1000
07-01 14:18:02.736  1604  1621 I WifiService: reportActivityInfo uid=1000
07-01 14:18:02.736  1604  1621 I WifiService: getSupportedFeatures uid=1000
07-01 14:18:02.977 18156 18166 I chatty  : uid=10104(net.osmand) HeapTaskDaemon expire 9 lines
07-01 14:18:06.565  1604  1621 I WifiService: requestActivityInfo uid=1000
07-01 14:18:06.565  1604  1621 I WifiService: reportActivityInfo uid=1000
07-01 14:18:06.565  1604  1621 I WifiService: getSupportedFeatures uid=1000
07-01 14:18:09.060  1970  1970 I GeofencerStateMachine: sendNewTransitions called.
07-01 14:18:09.154  1970  1970 I GeofencerStateMachine: sendNewTransitions called.
07-01 14:18:09.173  1970  1970 I GeofencerStateMachine: sendNewLocationAvailability: availability=LocationAvailability[isLocationAvailable: true]
07-01 14:18:09.327  1970  1970 I GeofencerStateMachine: sendNewLocationAvailability: availability=LocationAvailability[isLocationAvailable: true]
07-01 14:18:09.391  1970  1970 I GeofencerStateMachine: sendNewLocationAvailability: availability=LocationAvailability[isLocationAvailable: true]
07-01 14:18:10.042 18156 18670 I chatty  : uid=10104(net.osmand) expire 10 lines
07-01 14:18:11.502  1604  3925 I WifiService: acquireWifiLock uid=10014 lockMode=2
07-01 14:18:11.677  1604  6308 I WifiService: releaseWifiLock uid=10014
07-01 14:18:11.847  2799  2830 I Finsky  : [131] imb.run(3): Stats for Executor: BlockingExecutor ink@4fcda2c[Running, pool size = 0, active threads = 0, queued tasks = 0, completed tasks = 43]
07-01 14:18:11.852  2799  2830 I Finsky  : [131] imb.run(3): Stats for Executor: LightweightExecutor ink@42a7cf5[Running, pool size = 2, active threads = 0, queued tasks = 0, completed tasks = 68]
07-01 14:18:12.711  2799  2830 I Finsky  : [131] imb.run(3): Stats for Executor: bgExecutor ink@4f2f371[Running, pool size = 4, active threads = 0, queued tasks = 0, completed tasks = 1133]
07-01 14:18:12.847 18156 18181 I chatty  : uid=10104(net.osmand) Loader map obje expire 37 lines
07-01 14:18:13.035 18156 18156 I chatty  : uid=10104(net.osmand) expire 2 lines
07-01 14:18:13.653 18156 18182 I chatty  : uid=10104(net.osmand) RenderingBaseIm expire 34 lines
07-01 14:18:15.570 18156 18181 I chatty  : uid=10104(net.osmand) Loader map obje expire 123 lines
07-01 14:18:15.702  1707  1729 I zygote  : Background concurrent copying GC freed 172355(5MB) AllocSpace objects, 0(0B) LOS objects, 49% free, 6MB/12MB, paused 1.853ms total 351.665ms
07-01 14:18:15.981 18156 18166 I chatty  : uid=10104(net.osmand) HeapTaskDaemon expire 10 lines
07-01 14:18:16.273  1604  1617 I UsageStatsService: User[0] Flushing usage stats to disk
07-01 14:18:16.434 18156 18156 I chatty  : uid=10104(net.osmand) expire 53 lines
07-01 14:18:17.209 18156 18670 I chatty  : uid=10104(net.osmand) expire 8 lines
07-01 14:18:17.825 18156 18672 I chatty  : uid=10104(net.osmand) expire 10 lines
07-01 14:18:22.101 18156 18212 I chatty  : uid=10104(net.osmand) pool-2-thread-1 expire 3 lines
07-01 14:18:24.335  1604  1621 I WifiService: requestActivityInfo uid=1000
07-01 14:18:24.335  1604  1621 I WifiService: reportActivityInfo uid=1000
07-01 14:18:24.335  1604  1621 I WifiService: getSupportedFeatures uid=1000
07-01 14:18:24.956 18156 18182 I chatty  : uid=10104(net.osmand) RenderingBaseIm expire 30 lines
07-01 14:18:28.036 18156 18212 I chatty  : uid=10104(net.osmand) pool-2-thread-1 expire 1 line
07-01 14:18:28.074 18156 18156 I chatty  : uid=10104(net.osmand) expire 41 lines
07-01 14:18:28.435 18156 18181 I chatty  : uid=10104(net.osmand) Loader map obje expire 130 lines
07-01 14:18:28.723 18156 18166 I chatty  : uid=10104(net.osmand) HeapTaskDaemon expire 7 lines
07-01 14:18:28.757 18156 18672 I chatty  : uid=10104(net.osmand) expire 8 lines
07-01 14:18:29.064 18156 18674 I chatty  : uid=10104(net.osmand) expire 10 lines
07-01 14:18:30.863  1604  1604 I zygote  : IncrementDisableThreadFlip blocked for 15.444ms
07-01 14:18:30.878  1604  1686 I zygote  : IncrementDisableThreadFlip blocked for 28.265ms
07-01 14:18:32.686  1604  1613 I zygote  : Background concurrent copying GC freed 77700(2MB) AllocSpace objects, 50(2MB) LOS objects, 15% free, 32MB/38MB, paused 2.529ms total 1.851s
07-01 14:18:32.742  1604  2170 I WifiService: acquireWifiLock uid=10014 lockMode=2
07-01 14:18:35.773  1604  3925 D WificondControl: Scan result ready event
07-01 14:18:35.940  1604  3545 I WifiService: releaseWifiLock uid=10014
07-01 14:18:36.507 18156 18182 I chatty  : uid=10104(net.osmand) RenderingBaseIm expire 12 lines
07-01 14:18:36.883  1970  1980 I zygote  : Background concurrent copying GC freed 100996(4MB) AllocSpace objects, 0(0B) LOS objects, 39% free, 9MB/15MB, paused 1.330ms total 377.159ms
07-01 14:18:39.173  1970  1970 I GeofencerStateMachine: sendNewTransitions called.
07-01 14:18:39.331 18156 18156 I chatty  : uid=10104(net.osmand) expire 1 line
07-01 14:18:40.175 18156 18181 I chatty  : uid=10104(net.osmand) Loader map obje expire 128 lines
07-01 14:18:40.838 18156 18156 I chatty  : uid=10104(net.osmand) expire 46 lines
07-01 14:18:40.856 18156 18166 I chatty  : uid=10104(net.osmand) HeapTaskDaemon expire 8 lines
07-01 14:18:41.051 18156 18182 I chatty  : uid=10104(net.osmand) RenderingBaseIm expire 36 lines
07-01 14:18:41.937 18156 18674 I chatty  : uid=10104(net.osmand) expire 8 lines
