07-03 09:15:53.453  1604  3574 I WifiService: acquireWifiLock uid=10014 lockMode=2
07-03 09:15:53.494  1970  1981 I GeofencerStateMachine: addGeofences called by com.google.android.apps.maps
07-03 09:15:53.502  1604  1617 E memtrack: Couldn't load memtrack module
07-03 09:15:53.502  1604  1617 W android.os.Debug: failed to get memory consumption info: -1
07-03 09:15:53.569  1604  3574 I GnssLocationProvider: WakeLock acquired by sendMessage(SET_REQUEST, 0, com.android.server.location.GnssLocationProvider$GpsRequest@aa0eba1)
07-03 09:15:53.593  1970  1970 I GeofencerStateMachine: sendNewTransitions called.
07-03 09:15:53.633  1604  4624 I WifiService: getWifiEnabledState uid=10062
07-03 09:15:53.640  1604  1617 I GnssLocationProvider: WakeLock released by handleMessage(SET_REQUEST, 0, com.android.server.location.GnssLocationProvider$GpsRequest@aa0eba1)
07-03 09:15:53.652  1970  1970 I GeofencerStateMachine: sendNewLocationAvailability: availability=LocationAvailability[isLocationAvailable: true]
07-03 09:15:53.816  1604  2170 I GnssLocationProvider: WakeLock acquired by sendMessage(SET_REQUEST, 0, com.android.server.location.GnssLocationProvider$GpsRequest@3bfa0dd)
07-03 09:15:53.886  5305  7127 I chatty  : uid=10104(net.osmand) expire 31 lines
07-03 09:15:54.277  1970  1970 I GeofencerStateMachine: sendNewLocationAvailability: availability=LocationAvailability[isLocationAvailable: true]
07-03 09:15:54.300  1970  1970 I GeofencerStateMachine: sendNewLocationAvailability: availability=LocationAvailability[isLocationAvailable: true]
07-03 09:15:54.375  1604  1617 I GnssLocationProvider: WakeLock released by handleMessage(SET_REQUEST, 0, com.android.server.location.GnssLocationProvider$GpsRequest@3bfa0dd)
07-03 09:15:55.075  5305  7128 I chatty  : uid=10104(net.osmand) expire 31 lines
07-03 09:15:55.198  5305  5305 I chatty  : uid=10104(net.osmand) expire 14 lines
07-03 09:15:55.250  5305  5351 I chatty  : uid=10104(net.osmand) RenderingBaseIm expire 16 lines
07-03 09:15:55.341  5305  5350 I chatty  : uid=10104(net.osmand) Loader map obje expire 64 lines
07-03 09:15:55.724  5305  5315 I chatty  : uid=10104(net.osmand) HeapTaskDaemon expire 6 lines
07-03 09:15:55.729  1604  1613 I zygote  : Background concurrent copying GC freed 63125(2MB) AllocSpace objects, 24(1248KB) LOS objects, 9% free, 58MB/64MB, paused 1.163ms total 1.262s
07-03 09:15:55.989  5305  7129 I chatty  : uid=10104(net.osmand) expire 31 lines
07-03 09:15:56.457  5305  7130 I chatty  : uid=10104(net.osmand) expire 31 lines
07-03 09:15:56.469  1604  2170 D WificondControl: Scan result ready event
07-03 09:15:56.624  1604  3574 I WifiService: releaseWifiLock uid=10014
07-03 09:15:57.106  5305  7131 I chatty  : uid=10104(net.osmand) expire 31 lines
07-03 09:16:02.302  3761  7134 E Dialer  : SpamAsyncTaskUtil.onError - error while fetching list updates via gRPC
07-03 09:16:02.303  3761  7134 E Dialer  : SpamAsyncTaskUtil.onError - fdz: UNAVAILABLE
07-03 09:16:02.303  3761  7134 E Dialer  : 	at fdu.a(PG:53)
07-03 09:16:02.303  3761  7134 E Dialer  : 	at fgp.a(PG:20)
07-03 09:16:02.303  3761  7134 E Dialer  : 	at io.grpc.internal.q.a(PG:172)
07-03 09:16:02.303  3761  7134 E Dialer  : 	at io.grpc.internal.q$a.a(PG:17)
07-03 09:16:02.303  3761  7134 E Dialer  : 	at io.grpc.internal.v.a(PG:11)
07-03 09:16:02.303  3761  7134 E Dialer  : 	at io.grpc.internal.ai.run(PG:5)
07-03 09:16:02.303  3761  7134 E Dialer  : 	at io.grpc.internal.ds.run(PG:19)
07-03 09:16:02.303  3761  7134 E Dialer  : 	at java.util.concurrent.ThreadPoolExecutor.runWorker(ThreadPoolExecutor.java:1162)
07-03 09:16:02.303  3761  7134 E Dialer  : 	at java.util.concurrent.ThreadPoolExecutor$Worker.run(ThreadPoolExecutor.java:636)
07-03 09:16:02.303  3761  7134 E Dialer  : 	at java.lang.Thread.run(Thread.java:764)
07-03 09:16:02.303  3761  7134 E Dialer  : Caused by: java.net.ConnectException: failed to connect to telephonyspamprotect-pa.googleapis.com/2800:3f0:4001:81a::200a (port 443) from /:: (port 0): connect failed: ENETUNREACH (Network is unreachable)
07-03 09:16:02.303  3761  7134 E Dialer  : 	at libcore.io.IoBridge.connect(IoBridge.java:138)
07-03 09:16:02.303  3761  7134 E Dialer  : 	at java.net.PlainSocketImpl.socketConnect(PlainSocketImpl.java:129)
07-03 09:16:02.303  3761  7134 E Dialer  : 	at java.net.AbstractPlainSocketImpl.doConnect(AbstractPlainSocketImpl.java:356)
07-03 09:16:02.303  3761  7134 E Dialer  : 	at java.net.AbstractPlainSocketImpl.connectToAddress(AbstractPlainSocketImpl.java:200)
07-03 09:16:02.303  3761  7134 E Dialer  : 	at java.net.AbstractPlainSocketImpl.connect(AbstractPlainSocketImpl.java:182)
07-03 09:16:02.303  3761  7134 E Dialer  : 	at java.net.SocksSocketImpl.connect(SocksSocketImpl.java:357)
07-03 09:16:02.303  3761  7134 E Dialer  : 	at java.net.Socket.connect(Socket.java:616)
07-03 09:16:02.303  3761  7134 E Dialer  : 	at java.net.Socket.connect(Socket.java:565)
07-03 09:16:02.303  3761  7134 E Dialer  : 	at java.net.Socket.<init>(Socket.java:445)
07-03 09:16:02.303  3761  7134 E Dialer  : 	at java.net.Socket.<init>(Socket.java:248)
07-03 09:16:02.303  3761  7134 E Dialer  : 	at fez.run(PG:45)
07-03 09:16:02.303  3761  7134 E Dialer  : 	at io.grpc.internal.ds.run(PG:19)
07-03 09:16:02.303  3761  7134 E Dialer  : 	at dda.run(Unknown Source:3)
07-03 09:16:02.303  3761  7134 E Dialer  : 	... 3 more
07-03 09:16:02.303  3761  7134 E Dialer  : Caused by: android.system.ErrnoException: connect failed: ENETUNREACH (Network is unreachable)
07-03 09:16:02.303  3761  7134 E Dialer  : 	at libcore.io.Linux.connect(Native Method)
07-03 09:16:02.303  3761  7134 E Dialer  : 	at libcore.io.BlockGuardOs.connect(BlockGuardOs.java:126)
07-03 09:16:02.303  3761  7134 E Dialer  : 	at libcore.io.IoBridge.connectErrno(IoBridge.java:152)
07-03 09:16:02.303  3761  7134 E Dialer  : 	at libcore.io.IoBridge.connect(IoBridge.java:130)
07-03 09:16:02.303  3761  7134 E Dialer  : 	... 15 more
07-03 09:16:03.927  5305  5305 I chatty  : uid=10104(net.osmand) expire 48 lines
07-03 09:16:03.930  5305  7136 I chatty  : uid=10104(net.osmand) expire 31 lines
07-03 09:16:03.932  5305  5351 I chatty  : uid=10104(net.osmand) RenderingBaseIm expire 39 lines
07-03 09:16:04.507  5305  5350 I chatty  : uid=10104(net.osmand) Loader map obje expire 96 lines
07-03 09:16:05.016  5305  7137 I chatty  : uid=10104(net.osmand) expire 4 lines
07-03 09:16:05.300  5305  5315 I chatty  : uid=10104(net.osmand) HeapTaskDaemon expire 9 lines
07-03 09:16:13.159  5305  5351 I chatty  : uid=10104(net.osmand) RenderingBaseIm expire 27 lines
07-03 09:16:13.194  5305  5350 I chatty  : uid=10104(net.osmand) Loader map obje expire 97 lines
07-03 09:16:13.515  1604  4624 I WifiService: acquireWifiLock uid=10014 lockMode=2
07-03 09:16:13.525  1604  1617 E memtrack: Couldn't load memtrack module
07-03 09:16:13.526  1604  1617 W android.os.Debug: failed to get memory consumption info: -1
07-03 09:16:13.711  1604  4621 I WifiService: releaseWifiLock uid=10014
07-03 09:16:14.090  1604  1617 E memtrack: Couldn't load memtrack module
07-03 09:16:14.090  1604  1617 W android.os.Debug: failed to get memory consumption info: -1
07-03 09:16:14.159  5305  5305 I chatty  : uid=10104(net.osmand) expire 31 lines
07-03 09:16:17.394  1604  1617 E memtrack: Couldn't load memtrack module
07-03 09:16:17.394  1604  1617 W android.os.Debug: failed to get memory consumption info: -1
07-03 09:16:17.485  1604  1617 E memtrack: Couldn't load memtrack module
07-03 09:16:17.485  1604  1617 W android.os.Debug: failed to get memory consumption info: -1
07-03 09:16:17.572  1604  1617 E memtrack: Couldn't load memtrack module
07-03 09:16:17.572  1604  1617 W android.os.Debug: failed to get memory consumption info: -1
07-03 09:16:17.760  5305  7137 I chatty  : uid=10104(net.osmand) expire 27 lines
07-03 09:16:19.052  5305  7142 I chatty  : uid=10104(net.osmand) expire 31 lines
07-03 09:16:20.613  5305  7143 I chatty  : uid=10104(net.osmand) expire 8 lines
07-03 09:16:21.258  5305  5350 I chatty  : uid=10104(net.osmand) Loader map obje expire 116 lines
07-03 09:16:21.904  5305  5315 I chatty  : uid=10104(net.osmand) HeapTaskDaemon expire 6 lines
07-03 09:16:21.915  5305  5305 I chatty  : uid=10104(net.osmand) expire 56 lines
07-03 09:16:21.919  5305  5351 I chatty  : uid=10104(net.osmand) RenderingBaseIm expire 38 lines
07-03 09:16:22.325  3761  7132 W io.grpc.internal.cn: [{0}] Failed to resolve name. status={1}
07-03 09:16:23.057  1970  1970 I GeofencerStateMachine: sendNewTransitions called.
07-03 09:16:30.663  5305  5536 I chatty  : uid=10104(net.osmand) pool-2-thread-1 expire 2 lines
07-03 09:16:32.193  5305  5350 I chatty  : uid=10104(net.osmand) Loader map obje expire 59 lines
07-03 09:16:32.376  5305  7143 I chatty  : uid=10104(net.osmand) expire 23 lines
07-03 09:16:32.731  5305  5315 I chatty  : uid=10104(net.osmand) HeapTaskDaemon expire 3 lines
07-03 09:16:32.878  5305  5305 I chatty  : uid=10104(net.osmand) expire 14 lines
07-03 09:16:32.882  5305  5351 I chatty  : uid=10104(net.osmand) RenderingBaseIm expire 8 lines
07-03 09:16:32.893  5305  7145 I chatty  : uid=10104(net.osmand) expire 31 lines
07-03 09:16:33.561  1604  4621 I WifiService: acquireWifiLock uid=10014 lockMode=2
07-03 09:16:33.583  1604  1617 E memtrack: Couldn't load memtrack module
07-03 09:16:33.583  1604  1617 W android.os.Debug: failed to get memory consumption info: -1
07-03 09:16:34.021  5305  7146 I chatty  : uid=10104(net.osmand) expire 31 lines
07-03 09:16:35.094  5305  7147 I chatty  : uid=10104(net.osmand) expire 31 lines
07-03 09:16:35.692  5305  7148 I chatty  : uid=10104(net.osmand) expire 31 lines
07-03 09:16:36.587  1604  2691 D WificondControl: Scan result ready event
07-03 09:16:36.643  1604  2170 I WifiService: releaseWifiLock uid=10014
07-03 09:16:36.788  5305  5315 I chatty  : uid=10104(net.osmand) HeapTaskDaemon expire 5 lines
07-03 09:16:36.938  5305  5305 I chatty  : uid=10104(net.osmand) expire 18 lines
07-03 09:16:37.048  5305  5351 I chatty  : uid=10104(net.osmand) RenderingBaseIm expire 14 lines
07-03 09:16:37.483  5305  5350 I chatty  : uid=10104(net.osmand) Loader map obje expire 48 lines
07-03 09:16:37.930  1604  1613 I zygote  : Background concurrent copying GC freed 96555(3MB) AllocSpace objects, 50(2MB) LOS objects, 9% free, 58MB/64MB, paused 1.978ms total 986.253ms
07-03 09:16:38.356  5305  7149 I chatty  : uid=10104(net.osmand) expire 31 lines
07-03 09:16:39.032  5305  7150 I chatty  : uid=10104(net.osmand) expire 31 lines
07-03 09:16:40.071  5305  7151 I chatty  : uid=10104(net.osmand) expire 31 lines
07-03 09:16:40.898  5305  7152 I chatty  : uid=10104(net.osmand) expire 31 lines
07-03 09:16:41.431  1970  1980 I zygote  : Background concurrent copying GC freed 97828(4MB) AllocSpace objects, 0(0B) LOS objects, 39% free, 9MB/15MB, paused 3.223ms total 577.092ms
07-03 09:16:41.502  1707  1729 I zygote  : Background concurrent copying GC freed 171682(6MB) AllocSpace objects, 0(0B) LOS objects, 45% free, 7MB/13MB, paused 4.823ms total 375.781ms
07-03 09:16:42.020  5305  7153 I chatty  : uid=10104(net.osmand) expire 31 lines
07-03 09:16:42.039  1410  1410 I boot-pipe: done populating /dev/random
07-03 09:16:43.024  5305  5305 I chatty  : uid=10104(net.osmand) expire 14 lines
07-03 09:16:43.032  5305  7154 I chatty  : uid=10104(net.osmand) expire 31 lines
07-03 09:16:43.660  5305  5351 I chatty  : uid=10104(net.osmand) RenderingBaseIm expire 14 lines
07-03 09:16:44.042  5305  7155 I chatty  : uid=10104(net.osmand) expire 31 lines
07-03 09:16:44.059  5305  5350 I chatty  : uid=10104(net.osmand) Loader map obje expire 40 lines
07-03 09:16:44.227  5305  5315 I chatty  : uid=10104(net.osmand) HeapTaskDaemon expire 3 lines
07-03 09:16:44.819  5305  7156 I chatty  : uid=10104(net.osmand) expire 31 lines
07-03 09:16:46.022  5305  7157 I chatty  : uid=10104(net.osmand) expire 31 lines
07-03 09:16:46.931  5305  5350 I chatty  : uid=10104(net.osmand) Loader map obje expire 79 lines
07-03 09:16:47.027  5305  5305 I chatty  : uid=10104(net.osmand) expire 28 lines
07-03 09:16:47.036  5305  7158 I chatty  : uid=10104(net.osmand) expire 31 lines
07-03 09:16:47.398  5305  5351 I chatty  : uid=10104(net.osmand) RenderingBaseIm expire 26 lines
07-03 09:16:48.156  5305  5315 I chatty  : uid=10104(net.osmand) HeapTaskDaemon expire 5 lines
07-03 09:16:49.847  5305  7163 I chatty  : uid=10104(net.osmand) expire 31 lines
07-03 09:16:53.823  1970  1970 I GeofencerStateMachine: sendNewTransitions called.
07-03 09:16:53.919  1970  1970 I GeofencerStateMachine: sendNewTransitions called.
07-03 09:16:53.933  5305  7164 I chatty  : uid=10104(net.osmand) expire 31 lines
07-03 09:16:53.969  1970  1970 I GeofencerStateMachine: sendNewLocationAvailability: availability=LocationAvailability[isLocationAvailable: true]
07-03 09:16:54.287  1970  1970 I GeofencerStateMachine: sendNewLocationAvailability: availability=LocationAvailability[isLocationAvailable: true]
07-03 09:16:54.303  1970  1970 I GeofencerStateMachine: sendNewLocationAvailability: availability=LocationAvailability[isLocationAvailable: true]
07-03 09:16:54.717  1604  2170 I WifiService: acquireWifiLock uid=10014 lockMode=2
07-03 09:16:54.791  5305  5350 I chatty  : uid=10104(net.osmand) Loader map obje expire 105 lines
07-03 09:16:54.827  1604  2170 I WifiService: releaseWifiLock uid=10014
07-03 09:16:55.076  5305  5305 I chatty  : uid=10104(net.osmand) expire 15 lines
07-03 09:16:55.080  5305  7166 I chatty  : uid=10104(net.osmand) expire 31 lines
07-03 09:16:55.438  5305  5351 I chatty  : uid=10104(net.osmand) RenderingBaseIm expire 22 lines
07-03 09:16:56.021  5305  5315 I chatty  : uid=10104(net.osmand) HeapTaskDaemon expire 5 lines
07-03 09:17:00.008  1604  1617 E memtrack: Couldn't load memtrack module
07-03 09:17:00.008  1604  1617 W android.os.Debug: failed to get memory consumption info: -1
07-03 09:17:00.028  1403  1418 D hwcomposer: hw_composer sent 42 syncs in 70s
07-03 09:17:00.208  5305  7167 I chatty  : uid=10104(net.osmand) expire 31 lines
07-03 09:17:01.636  5305  7168 I chatty  : uid=10104(net.osmand) expire 31 lines
07-03 09:17:02.118  5305  5350 I chatty  : uid=10104(net.osmand) Loader map obje expire 111 lines
07-03 09:17:02.689  5305  5305 I chatty  : uid=10104(net.osmand) expire 15 lines
07-03 09:17:02.735  5305  5351 I chatty  : uid=10104(net.osmand) RenderingBaseIm expire 30 lines
07-03 09:17:02.756  5305  7173 I chatty  : uid=10104(net.osmand) expire 31 lines
07-03 09:17:03.663  5305  5315 I chatty  : uid=10104(net.osmand) HeapTaskDaemon expire 4 lines
07-03 09:17:07.540  1604  1613 I zygote  : Background concurrent copying GC freed 85348(3MB) AllocSpace objects, 54(2MB) LOS objects, 9% free, 58MB/64MB, paused 1.814ms total 1.041s
07-03 09:17:08.845  5305  7174 I chatty  : uid=10104(net.osmand) expire 31 lines
07-03 09:17:09.641  5305  5350 I chatty  : uid=10104(net.osmand) Loader map obje expire 83 lines
07-03 09:17:10.079  5305  5305 I chatty  : uid=10104(net.osmand) expire 16 lines
07-03 09:17:10.323  5305  5315 I chatty  : uid=10104(net.osmand) HeapTaskDaemon expire 7 lines
07-03 09:17:10.429  5305  5351 I chatty  : uid=10104(net.osmand) RenderingBaseIm expire 26 lines
07-03 09:17:14.729  1604  2691 I WifiService: acquireWifiLock uid=10014 lockMode=2
07-03 09:17:17.695  1604  3574 D WificondControl: Scan result ready event
07-03 09:17:17.746  1604  3574 I WifiService: releaseWifiLock uid=10014
07-03 09:17:17.875  5305  7175 I chatty  : uid=10104(net.osmand) expire 31 lines
07-03 09:17:19.049  5305  7176 I chatty  : uid=10104(net.osmand) expire 31 lines
07-03 09:17:20.051  5305  7177 I chatty  : uid=10104(net.osmand) expire 31 lines
07-03 09:17:20.440  5305  5305 I chatty  : uid=10104(net.osmand) expire 20 lines
07-03 09:17:20.488  5305  5351 I chatty  : uid=10104(net.osmand) RenderingBaseIm expire 22 lines
07-03 09:17:21.025  5305  5350 I chatty  : uid=10104(net.osmand) Loader map obje expire 64 lines
07-03 09:17:21.083  5305  7178 I chatty  : uid=10104(net.osmand) expire 31 lines
07-03 09:17:21.543  5305  5315 I chatty  : uid=10104(net.osmand) HeapTaskDaemon expire 5 lines
07-03 09:17:24.056  1970  1970 I GeofencerStateMachine: sendNewTransitions called.
07-03 09:17:25.654  5305  7180 I chatty  : uid=10104(net.osmand) expire 31 lines
07-03 09:17:26.318  1707  1729 I zygote  : Background concurrent copying GC freed 174687(6MB) AllocSpace objects, 0(0B) LOS objects, 46% free, 6MB/12MB, paused 22.483ms total 504.772ms
07-03 09:17:26.902  1604  4624 I MediaFocusControl: requestAudioFocus() from uid/pid 10104/5305 clientId=android.media.AudioManager@aecc42bnet.osmand.plus.api.AudioFocusHelperImpl@2aabc03 callingPack=net.osmand req=3 flags=0x0 sdk=26
07-03 09:17:26.906  4639  5541 I TTS.GoogleTTSServiceImp: Synthesis request for locale por-BRA and name pt-BR-language
07-03 09:17:26.907  4639  5541 I TTS.GoogleTTSServiceImp: TTS dispatch: pt-br-x-afs-lstm-embedded
07-03 09:17:27.042  4639  5542 D AudioTrack: Client defaulted notificationFrames to 1365 for frameCount 4096
07-03 09:17:27.080  1604  4621 V MediaRouterService: restoreBluetoothA2dp(false)
07-03 09:17:27.091  1394  3176 W audio_hw_generic: Not supplying enough data to HAL, expected position 394242029 , only wrote 394241760
07-03 09:17:28.048  1477  1572 D AudioFlinger: mixer(0xac983140) throttle end: throttle time(4)
07-03 09:17:28.103  4639 21194 D AudioTrack: stop() called with 24734 frames delivered
07-03 09:17:28.105  1604  2058 V MediaRouterService: restoreBluetoothA2dp(false)
07-03 09:17:28.107  4639  5541 I TTS.EventProcessor: synthesizeMarkup call to callback.audioAvailable failed: -1
07-03 09:17:28.107  1604  2058 I MediaFocusControl: abandonAudioFocus() from uid/pid 10104/5305 clientId=android.media.AudioManager@aecc42bnet.osmand.plus.api.AudioFocusHelperImpl@2aabc03
07-03 09:17:28.125  5305  6175 I chatty  : uid=10104(net.osmand) Binder:5305_C expire 2 lines
07-03 09:17:28.147  5305  7183 I chatty  : uid=10104(net.osmand) expire 31 lines
07-03 09:17:28.654  5305  5350 I chatty  : uid=10104(net.osmand) Loader map obje expire 64 lines
07-03 09:17:29.022  5305  5315 I chatty  : uid=10104(net.osmand) HeapTaskDaemon expire 3 lines
07-03 09:17:29.055  5305  5305 I chatty  : uid=10104(net.osmand) expire 17 lines
07-03 09:17:29.068  5305  7184 I chatty  : uid=10104(net.osmand) expire 31 lines
07-03 09:17:30.056  5305  7185 I chatty  : uid=10104(net.osmand) expire 31 lines
07-03 09:17:30.698  5305  5351 I chatty  : uid=10104(net.osmand) RenderingBaseIm expire 8 lines
07-03 09:17:30.752  5305  7187 I chatty  : uid=10104(net.osmand) expire 31 lines
07-03 09:17:31.128  1394  1575 W audio_hw_generic: Not supplying enough data to HAL, expected position 394628624 , only wrote 394435440
07-03 09:17:33.447  5305  7188 I chatty  : uid=10104(net.osmand) expire 31 lines
07-03 09:17:34.071  5305  5305 I chatty  : uid=10104(net.osmand) expire 16 lines
07-03 09:17:34.076  5305  7189 I chatty  : uid=10104(net.osmand) expire 31 lines
07-03 09:17:34.572  5305  5315 I chatty  : uid=10104(net.osmand) HeapTaskDaemon expire 4 lines
07-03 09:17:34.814  1604  4621 I WifiService: acquireWifiLock uid=10014 lockMode=2
07-03 09:17:34.848  1604  1617 E memtrack: Couldn't load memtrack module
07-03 09:17:34.848  1604  1617 W android.os.Debug: failed to get memory consumption info: -1
07-03 09:17:34.890  1604  4621 I WifiService: releaseWifiLock uid=10014
07-03 09:17:35.010  1604  1617 E memtrack: Couldn't load memtrack module
07-03 09:17:35.010  1604  1617 W android.os.Debug: failed to get memory consumption info: -1
07-03 09:17:35.068  5305  7190 I chatty  : uid=10104(net.osmand) expire 31 lines
07-03 09:17:35.884  5305  5351 I chatty  : uid=10104(net.osmand) RenderingBaseIm expire 6 lines
07-03 09:17:35.902  5305  7191 I chatty  : uid=10104(net.osmand) expire 31 lines
07-03 09:17:36.020  5305  5350 I chatty  : uid=10104(net.osmand) Loader map obje expire 32 lines
07-03 09:17:37.060  5305  7192 I chatty  : uid=10104(net.osmand) expire 31 lines
07-03 09:17:38.076  5305  7193 I chatty  : uid=10104(net.osmand) expire 31 lines
07-03 09:17:38.591  5305  5305 I chatty  : uid=10104(net.osmand) expire 14 lines
07-03 09:17:38.603  5305  5351 I chatty  : uid=10104(net.osmand) RenderingBaseIm expire 14 lines
07-03 09:17:38.622  5305  5350 I chatty  : uid=10104(net.osmand) Loader map obje expire 63 lines
07-03 09:17:38.654  1604  1617 I zygote  : IncrementDisableThreadFlip blocked for 5.022ms
07-03 09:17:38.666  1604  3883 I zygote  : IncrementDisableThreadFlip blocked for 16.510ms
07-03 09:17:39.098  5305  7194 I chatty  : uid=10104(net.osmand) expire 31 lines
07-03 09:17:39.397  5305  5315 I chatty  : uid=10104(net.osmand) HeapTaskDaemon expire 3 lines
07-03 09:17:39.833  5305  7195 I chatty  : uid=10104(net.osmand) expire 31 lines
07-03 09:17:40.306  1604  1613 I zygote  : Background concurrent copying GC freed 90716(3MB) AllocSpace objects, 50(2MB) LOS objects, 9% free, 59MB/65MB, paused 14.285ms total 1.668s
07-03 09:17:41.001  5305  7196 I chatty  : uid=10104(net.osmand) expire 31 lines
07-03 09:17:42.040  1410  1410 I boot-pipe: done populating /dev/random
07-03 09:17:42.054  5305  7197 I chatty  : uid=10104(net.osmand) expire 31 lines
07-03 09:17:42.359  3761  7132 W io.grpc.internal.cn: [{0}] Failed to resolve name. status={1}
07-03 09:17:43.071  5305  5305 I chatty  : uid=10104(net.osmand) expire 15 lines
07-03 09:17:43.074  5305  7198 I chatty  : uid=10104(net.osmand) expire 31 lines
07-03 09:17:43.076  5305  5350 I chatty  : uid=10104(net.osmand) Loader map obje expire 45 lines
07-03 09:17:43.568  5305  7199 I chatty  : uid=10104(net.osmand) expire 31 lines
07-03 09:17:43.568  5305  5351 I chatty  : uid=10104(net.osmand) RenderingBaseIm expire 14 lines
07-03 09:17:44.126  5305  7200 I chatty  : uid=10104(net.osmand) expire 31 lines
07-03 09:17:44.565  5305  5315 I chatty  : uid=10104(net.osmand) HeapTaskDaemon expire 2 lines
07-03 09:17:44.865  5305  7201 I chatty  : uid=10104(net.osmand) expire 31 lines
07-03 09:17:46.088  5305  7202 I chatty  : uid=10104(net.osmand) expire 31 lines
07-03 09:17:46.599  5305  5350 I chatty  : uid=10104(net.osmand) Loader map obje expire 37 lines
07-03 09:17:47.008  5305  5315 I chatty  : uid=10104(net.osmand) HeapTaskDaemon expire 6 lines
07-03 09:17:47.074  5305  5305 I chatty  : uid=10104(net.osmand) expire 26 lines
07-03 09:17:47.083  5305  7203 I chatty  : uid=10104(net.osmand) expire 31 lines
07-03 09:17:47.778  5305  5351 I chatty  : uid=10104(net.osmand) RenderingBaseIm expire 14 lines
07-03 09:17:48.085  5305  7204 I chatty  : uid=10104(net.osmand) expire 31 lines
07-03 09:17:50.055  5305  7209 I chatty  : uid=10104(net.osmand) expire 31 lines
07-03 09:17:51.065  5305  7210 I chatty  : uid=10104(net.osmand) expire 31 lines
07-03 09:17:51.485  5305  7211 I chatty  : uid=10104(net.osmand) expire 16 lines
07-03 09:17:53.173  5305  5350 I chatty  : uid=10104(net.osmand) Loader map obje expire 124 lines
07-03 09:17:53.245  5305  5305 I chatty  : uid=10104(net.osmand) expire 55 lines
07-03 09:17:53.838  5305  5315 I chatty  : uid=10104(net.osmand) HeapTaskDaemon expire 5 lines
07-03 09:17:54.083  5305  5351 I chatty  : uid=10104(net.osmand) RenderingBaseIm expire 48 lines
07-03 09:17:55.148  1970  1970 I GeofencerStateMachine: sendNewTransitions called.
07-03 09:17:55.265  1970  1970 I GeofencerStateMachine: sendNewTransitions called.
07-03 09:17:55.282  1970  1970 I GeofencerStateMachine: sendNewLocationAvailability: availability=LocationAvailability[isLocationAvailable: true]
07-03 09:17:55.390  1970  1970 I GeofencerStateMachine: sendNewLocationAvailability: availability=LocationAvailability[isLocationAvailable: true]
07-03 09:17:56.099  1604  2170 I WifiService: acquireWifiLock uid=10014 lockMode=2
07-03 09:17:56.428  1836  1850 I zygote  : Background concurrent copying GC freed 43253(2MB) AllocSpace objects, 0(0B) LOS objects, 50% free, 2MB/4MB, paused 1.573ms total 187.675ms
07-03 09:17:59.099  1604  2170 D WificondControl: Scan result ready event
07-03 09:17:59.326  1604  2058 I WifiService: releaseWifiLock uid=10014
07-03 09:18:01.028  1486  1523 E Netd    : Error adding route ::/0 -> fe80::ff:fe00:100 wlan0 to table 1003: File exists
07-03 09:18:01.172  1604  1682 I WifiService: getConnectionInfo uid=1000
07-03 09:18:01.202  1604  1675 D RecurrenceRule: Resolving using anchor 2019-07-03T13:18:01.202Z[GMT]
07-03 09:18:01.205  1604  1675 D RecurrenceRule: Resolving using anchor 2019-07-03T13:18:01.204Z[GMT]
07-03 09:18:01.207  1604  1675 D RecurrenceRule: Cycle 17 from 2019-06-09T00:00Z[GMT] to 2019-07-09T00:00Z[GMT]
07-03 09:18:01.207  1604  1675 D NetworkStats: Resolving plan for NetworkTemplate: matchRule=MOBILE_ALL, subscriberId=310260..., matchSubscriberIds=[310260...]
07-03 09:18:01.232  1604  1675 D NetworkStats: Found active matching subId 1
07-03 09:18:01.239  1604  1675 D NetworkStats: Resolved to plan null
07-03 09:18:03.029  5305  5350 I chatty  : uid=10104(net.osmand) Loader map obje expire 51 lines
07-03 09:18:03.090  5305  7211 I chatty  : uid=10104(net.osmand) expire 15 lines
07-03 09:18:03.167  5305  5305 I chatty  : uid=10104(net.osmand) expire 28 lines
07-03 09:18:03.172  5305  7216 I chatty  : uid=10104(net.osmand) expire 31 lines
07-03 09:18:03.909  5305  7217 I chatty  : uid=10104(net.osmand) expire 31 lines
07-03 09:18:04.660  5305  5315 I chatty  : uid=10104(net.osmand) HeapTaskDaemon expire 4 lines
07-03 09:18:05.073  5305  7218 I chatty  : uid=10104(net.osmand) expire 31 lines
07-03 09:18:08.985  5305  7219 I chatty  : uid=10104(net.osmand) expire 31 lines
07-03 09:18:09.410  5305  5350 I chatty  : uid=10104(net.osmand) Loader map obje expire 64 lines
07-03 09:18:10.093  5305  5305 I chatty  : uid=10104(net.osmand) expire 18 lines
07-03 09:18:10.111  5305  7220 I chatty  : uid=10104(net.osmand) expire 31 lines
07-03 09:18:10.495  5305  5315 I chatty  : uid=10104(net.osmand) HeapTaskDaemon expire 3 lines
07-03 09:18:10.588  5305  5351 I chatty  : uid=10104(net.osmand) RenderingBaseIm expire 12 lines
07-03 09:18:11.021  1604  1621 E BatteryExternalStatsWorker: modem info is invalid: ModemActivityInfo{ mTimestamp=0 mSleepTimeMs=0 mIdleTimeMs=0 mTxTimeMs[]=[0, 0, 0, 0, 0] mRxTimeMs=0 mEnergyUsed=0}
07-03 09:18:11.072  5305  7223 I chatty  : uid=10104(net.osmand) expire 31 lines
07-03 09:18:13.088  5305  7224 I chatty  : uid=10104(net.osmand) expire 31 lines
07-03 09:18:13.662  1604  1613 I zygote  : Background concurrent copying GC freed 90945(3MB) AllocSpace objects, 52(2MB) LOS objects, 9% free, 59MB/65MB, paused 11.075ms total 1.890s
07-03 09:18:14.078  5305  7225 I chatty  : uid=10104(net.osmand) expire 31 lines
07-03 09:18:14.571  5305  5305 I chatty  : uid=10104(net.osmand) expire 15 lines
07-03 09:18:14.577  5305  5536 I chatty  : uid=10104(net.osmand) pool-2-thread-1 expire 2 lines
07-03 09:18:14.613  5305  5351 I chatty  : uid=10104(net.osmand) RenderingBaseIm expire 20 lines
07-03 09:18:14.935  5305  5350 I chatty  : uid=10104(net.osmand) Loader map obje expire 63 lines
07-03 09:18:15.238  5305  7226 I chatty  : uid=10104(net.osmand) expire 31 lines
07-03 09:18:15.576  5305  5315 I chatty  : uid=10104(net.osmand) HeapTaskDaemon expire 3 lines
07-03 09:18:16.060  1604  1621 I WifiService: requestActivityInfo uid=1000
07-03 09:18:16.061  1604  1621 I WifiService: reportActivityInfo uid=1000
07-03 09:18:16.061  1604  1621 I WifiService: getSupportedFeatures uid=1000
07-03 09:18:16.173  1604  5757 I WifiService: acquireWifiLock uid=10014 lockMode=2
07-03 09:18:16.200  1604  1617 E memtrack: Couldn't load memtrack module
07-03 09:18:16.200  1604  1617 W android.os.Debug: failed to get memory consumption info: -1
07-03 09:18:16.281  1604  1751 I WifiService: releaseWifiLock uid=10014
07-03 09:18:16.396  1604  1617 E memtrack: Couldn't load memtrack module
07-03 09:18:16.396  1604  1617 W android.os.Debug: failed to get memory consumption info: -1
07-03 09:18:17.047  5305  7228 I chatty  : uid=10104(net.osmand) expire 31 lines
07-03 09:18:17.090  1403  1418 D hwcomposer: hw_composer sent 61 syncs in 77s
07-03 09:18:17.829  1707  1729 I zygote  : Background concurrent copying GC freed 170544(5MB) AllocSpace objects, 0(0B) LOS objects, 46% free, 7MB/13MB, paused 14.513ms total 522.211ms
07-03 09:18:18.086  5305  7229 I chatty  : uid=10104(net.osmand) expire 31 lines
07-03 09:18:19.094  5305  7230 I chatty  : uid=10104(net.osmand) expire 31 lines
07-03 09:18:19.408  5305  5350 I chatty  : uid=10104(net.osmand) Loader map obje expire 65 lines
07-03 09:18:19.907  5305  5305 I chatty  : uid=10104(net.osmand) expire 16 lines
07-03 09:18:19.913  5305  5351 I chatty  : uid=10104(net.osmand) RenderingBaseIm expire 14 lines
07-03 09:18:20.585  5305  5315 I chatty  : uid=10104(net.osmand) HeapTaskDaemon expire 3 lines
07-03 09:18:21.068  5305  7231 I chatty  : uid=10104(net.osmand) expire 31 lines
07-03 09:18:22.086  5305  7232 I chatty  : uid=10104(net.osmand) expire 31 lines
07-03 09:18:23.535  5305  7233 I chatty  : uid=10104(net.osmand) expire 31 lines
07-03 09:18:24.755  5305  7234 I chatty  : uid=10104(net.osmand) expire 31 lines
07-03 09:18:24.983  5305  5351 I chatty  : uid=10104(net.osmand) RenderingBaseIm expire 32 lines
07-03 09:18:25.184  5305  5305 I chatty  : uid=10104(net.osmand) expire 26 lines
07-03 09:18:25.287  5305  5315 I chatty  : uid=10104(net.osmand) HeapTaskDaemon expire 5 lines
07-03 09:18:25.391  5305  5350 I chatty  : uid=10104(net.osmand) Loader map obje expire 65 lines
07-03 09:18:26.057  1970  1970 I GeofencerStateMachine: sendNewTransitions called.
07-03 09:18:26.082  5305  7235 I chatty  : uid=10104(net.osmand) expire 31 lines
07-03 09:18:29.381  1970  1980 I zygote  : Background concurrent copying GC freed 93665(3MB) AllocSpace objects, 0(0B) LOS objects, 39% free, 9MB/15MB, paused 1.543ms total 596.912ms
07-03 09:18:30.437  2934  2965 I Finsky  : [1175] imb.run(3): Stats for Executor: BlockingExecutor ink@1e554f[Running, pool size = 0, active threads = 0, queued tasks = 0, completed tasks = 23]
07-03 09:18:30.439  2934  2965 I Finsky  : [1175] imb.run(3): Stats for Executor: LightweightExecutor ink@50294dc[Running, pool size = 2, active threads = 0, queued tasks = 0, completed tasks = 63]
07-03 09:18:31.222  2934  2965 I Finsky  : [1175] imb.run(3): Stats for Executor: bgExecutor ink@99c99e5[Running, pool size = 4, active threads = 0, queued tasks = 0, completed tasks = 903]
07-03 09:18:31.445  5305  7237 I chatty  : uid=10104(net.osmand) expire 31 lines
07-03 09:18:32.105  5305  7238 I chatty  : uid=10104(net.osmand) expire 31 lines
07-03 09:18:32.251  5305  5350 I chatty  : uid=10104(net.osmand) Loader map obje expire 63 lines
07-03 09:18:32.649  5305  5315 I chatty  : uid=10104(net.osmand) HeapTaskDaemon expire 3 lines
07-03 09:18:32.772  5305  5305 I chatty  : uid=10104(net.osmand) expire 13 lines
07-03 09:18:32.779  5305  7239 I chatty  : uid=10104(net.osmand) expire 31 lines
07-03 09:18:32.790  5305  5351 I chatty  : uid=10104(net.osmand) RenderingBaseIm expire 10 lines
07-03 09:18:33.985  5305  7240 I chatty  : uid=10104(net.osmand) expire 31 lines
07-03 09:18:35.087  5305  7241 I chatty  : uid=10104(net.osmand) expire 31 lines
07-03 09:18:36.137  5305  7242 I chatty  : uid=10104(net.osmand) expire 31 lines
07-03 09:18:36.233  1604  5757 I WifiService: acquireWifiLock uid=10014 lockMode=2
07-03 09:18:36.262  1604  1617 E memtrack: Couldn't load memtrack module
07-03 09:18:36.262  1604  1617 W android.os.Debug: failed to get memory consumption info: -1
07-03 09:18:36.652  5305  5315 I chatty  : uid=10104(net.osmand) HeapTaskDaemon expire 5 lines
07-03 09:18:36.750  5305  5305 I chatty  : uid=10104(net.osmand) expire 20 lines
07-03 09:18:36.802  5305  5351 I chatty  : uid=10104(net.osmand) RenderingBaseIm expire 16 lines
07-03 09:18:37.530  5305  5350 I chatty  : uid=10104(net.osmand) Loader map obje expire 32 lines
07-03 09:18:38.066  5305  7243 I chatty  : uid=10104(net.osmand) expire 31 lines
07-03 09:18:39.104  5305  7244 I chatty  : uid=10104(net.osmand) expire 31 lines
07-03 09:18:39.299  1604  1614 D WificondControl: Scan result ready event
07-03 09:18:39.435  1604  1878 I WifiService: releaseWifiLock uid=10014
07-03 09:18:40.138  5305  7245 I chatty  : uid=10104(net.osmand) expire 31 lines
07-03 09:18:41.148  5305  7246 I chatty  : uid=10104(net.osmand) expire 31 lines
07-03 09:18:41.825  5305  7247 I chatty  : uid=10104(net.osmand) expire 31 lines
07-03 09:18:42.042  1410  1410 I boot-pipe: done populating /dev/random
07-03 09:18:42.236  5305  5351 I chatty  : uid=10104(net.osmand) RenderingBaseIm expire 16 lines
07-03 09:18:42.368  1604  1621 I WifiService: requestActivityInfo uid=1000
07-03 09:18:42.368  1604  1621 I WifiService: reportActivityInfo uid=1000
07-03 09:18:42.368  1604  1621 I WifiService: getSupportedFeatures uid=1000
07-03 09:18:42.523  5305  5350 I chatty  : uid=10104(net.osmand) Loader map obje expire 54 lines
07-03 09:18:43.089  5305  5305 I chatty  : uid=10104(net.osmand) expire 11 lines
07-03 09:18:43.100  5305  7250 I chatty  : uid=10104(net.osmand) expire 31 lines
07-03 09:18:43.295  5305  5315 I chatty  : uid=10104(net.osmand) HeapTaskDaemon expire 2 lines
07-03 09:18:44.107  5305  7251 I chatty  : uid=10104(net.osmand) expire 31 lines
07-03 09:18:45.103  5305  7253 I chatty  : uid=10104(net.osmand) expire 31 lines
07-03 09:18:45.864  5305  7254 I chatty  : uid=10104(net.osmand) expire 31 lines
07-03 09:18:46.372  5305  5350 I chatty  : uid=10104(net.osmand) Loader map obje expire 58 lines
07-03 09:18:46.444  5305  5315 I chatty  : uid=10104(net.osmand) HeapTaskDaemon expire 3 lines
07-03 09:18:47.082  5305  5351 I chatty  : uid=10104(net.osmand) RenderingBaseIm expire 12 lines
07-03 09:18:47.088  5305  5305 I chatty  : uid=10104(net.osmand) expire 14 lines
07-03 09:18:47.097  5305  7255 I chatty  : uid=10104(net.osmand) expire 31 lines
07-03 09:18:48.138  5305  7256 I chatty  : uid=10104(net.osmand) expire 31 lines
07-03 09:18:49.168  5305  7257 I chatty  : uid=10104(net.osmand) expire 31 lines
07-03 09:18:49.891  5305  7262 I chatty  : uid=10104(net.osmand) expire 31 lines
07-03 09:18:50.876  5305  5315 I chatty  : uid=10104(net.osmand) HeapTaskDaemon expire 4 lines
07-03 09:18:51.024  5305  5305 I chatty  : uid=10104(net.osmand) expire 20 lines
07-03 09:18:51.029  5305  5351 I chatty  : uid=10104(net.osmand) RenderingBaseIm expire 18 lines
07-03 09:18:51.036  5305  7263 I chatty  : uid=10104(net.osmand) expire 31 lines
07-03 09:18:51.236  5305  5350 I chatty  : uid=10104(net.osmand) Loader map obje expire 77 lines
07-03 09:18:52.138  5305  7264 I chatty  : uid=10104(net.osmand) expire 31 lines
07-03 09:18:53.797  1604  1613 I zygote  : Background concurrent copying GC freed 91673(3MB) AllocSpace objects, 50(2MB) LOS objects, 9% free, 59MB/65MB, paused 1.799ms total 1.350s
07-03 09:18:55.089  5305  7265 I chatty  : uid=10104(net.osmand) expire 31 lines
07-03 09:18:56.114  1970  1970 I GeofencerStateMachine: sendNewTransitions called.
07-03 09:18:56.127  5305  7266 I chatty  : uid=10104(net.osmand) expire 31 lines
07-03 09:18:56.234  1970  1970 I GeofencerStateMachine: sendNewTransitions called.
07-03 09:18:56.258  1970  1970 I GeofencerStateMachine: sendNewLocationAvailability: availability=LocationAvailability[isLocationAvailable: true]
07-03 09:18:56.383  1970  1970 I GeofencerStateMachine: sendNewLocationAvailability: availability=LocationAvailability[isLocationAvailable: true]
07-03 09:18:57.191  5305  5350 I chatty  : uid=10104(net.osmand) Loader map obje expire 70 lines
07-03 09:18:57.197  5305  5305 I chatty  : uid=10104(net.osmand) expire 26 lines
07-03 09:18:57.418  1604  1621 I WifiService: requestActivityInfo uid=1000
07-03 09:18:57.418  1604  1621 I WifiService: reportActivityInfo uid=1000
07-03 09:18:57.418  1604  1621 I WifiService: getSupportedFeatures uid=1000
07-03 09:18:57.466  1604  5757 I WifiService: acquireWifiLock uid=10014 lockMode=2
07-03 09:18:57.866  5305  5315 I chatty  : uid=10104(net.osmand) HeapTaskDaemon expire 4 lines
07-03 09:18:58.000  1604  1614 I WifiService: releaseWifiLock uid=10014
07-03 09:18:59.114  5305  5351 I chatty  : uid=10104(net.osmand) RenderingBaseIm expire 16 lines
07-03 09:19:00.106  5305  7269 I chatty  : uid=10104(net.osmand) expire 31 lines
07-03 09:19:01.122  5305  7270 I chatty  : uid=10104(net.osmand) expire 31 lines
07-03 09:19:02.165  5305  7271 I chatty  : uid=10104(net.osmand) expire 31 lines
07-03 09:19:03.383  5305  5350 I chatty  : uid=10104(net.osmand) Loader map obje expire 82 lines
07-03 09:19:03.900  5305  5315 I chatty  : uid=10104(net.osmand) HeapTaskDaemon expire 4 lines
07-03 09:19:03.970  5305  5305 I chatty  : uid=10104(net.osmand) expire 16 lines
07-03 09:19:04.037  5305  5351 I chatty  : uid=10104(net.osmand) RenderingBaseIm expire 22 lines
07-03 09:19:05.337  5305  7272 I chatty  : uid=10104(net.osmand) expire 31 lines
07-03 09:19:07.931  5305  7273 I chatty  : uid=10104(net.osmand) expire 31 lines
07-03 09:19:10.428  5305  7274 I chatty  : uid=10104(net.osmand) expire 31 lines
07-03 09:19:11.031  5305  5350 I chatty  : uid=10104(net.osmand) Loader map obje expire 80 lines
07-03 09:19:11.106  5305  5305 I chatty  : uid=10104(net.osmand) expire 13 lines
07-03 09:19:11.117  5305  7275 I chatty  : uid=10104(net.osmand) expire 31 lines
07-03 09:19:11.576  5305  5315 I chatty  : uid=10104(net.osmand) HeapTaskDaemon expire 4 lines
07-03 09:19:11.741  5305  5351 I chatty  : uid=10104(net.osmand) RenderingBaseIm expire 18 lines
07-03 09:19:14.265  5305  7276 I chatty  : uid=10104(net.osmand) expire 31 lines
07-03 09:19:14.653  1707  1729 I zygote  : Background concurrent copying GC freed 172896(6MB) AllocSpace objects, 0(0B) LOS objects, 45% free, 7MB/13MB, paused 1.179ms total 348.320ms
07-03 09:19:15.122  5305  7277 I chatty  : uid=10104(net.osmand) expire 31 lines
07-03 09:19:16.119  5305  7278 I chatty  : uid=10104(net.osmand) expire 31 lines
07-03 09:19:16.768  5305  5305 I chatty  : uid=10104(net.osmand) expire 22 lines
07-03 09:19:16.831  5305  5351 I chatty  : uid=10104(net.osmand) RenderingBaseIm expire 16 lines
07-03 09:19:17.038  5305  5350 I chatty  : uid=10104(net.osmand) Loader map obje expire 64 lines
07-03 09:19:17.510  1604  1878 I WifiService: acquireWifiLock uid=10014 lockMode=2
07-03 09:19:17.655  5305  5315 I chatty  : uid=10104(net.osmand) HeapTaskDaemon expire 3 lines
07-03 09:19:18.042  5305  7279 I chatty  : uid=10104(net.osmand) expire 31 lines
07-03 09:19:18.062  1403  1418 D hwcomposer: hw_composer sent 24 syncs in 61s
07-03 09:19:19.212  5305  7280 I chatty  : uid=10104(net.osmand) expire 31 lines
07-03 09:19:19.601  1604  1604 I zygote  : IncrementDisableThreadFlip blocked for 14.811ms
07-03 09:19:20.507  1604  3883 D WificondControl: Scan result ready event
07-03 09:19:20.611  1604  1751 I WifiService: releaseWifiLock uid=10014
07-03 09:19:20.735  5305  7281 I chatty  : uid=10104(net.osmand) expire 31 lines
07-03 09:19:21.450  1604  1613 I zygote  : Background concurrent copying GC freed 85286(3MB) AllocSpace objects, 54(2MB) LOS objects, 9% free, 58MB/64MB, paused 1.425ms total 1.909s
07-03 09:19:22.456  5305  5351 I chatty  : uid=10104(net.osmand) RenderingBaseIm expire 18 lines
07-03 09:19:22.664  5305  5350 I chatty  : uid=10104(net.osmand) Loader map obje expire 70 lines
07-03 09:19:22.952  5305  5315 I chatty  : uid=10104(net.osmand) HeapTaskDaemon expire 4 lines
07-03 09:19:23.131  5305  5305 I chatty  : uid=10104(net.osmand) expire 33 lines
07-03 09:19:23.139  5305  7282 I chatty  : uid=10104(net.osmand) expire 31 lines
07-03 09:19:24.130  5305  7283 I chatty  : uid=10104(net.osmand) expire 31 lines
07-03 09:19:25.203  5305  7284 I chatty  : uid=10104(net.osmand) expire 31 lines
07-03 09:19:25.712  1604  7285 D NetworkMonitor/NetworkAgentInfo [MOBILE (GPRS) - 100]: PROBE_DNS www.google.com 47ms OK 172.217.28.228,2800:3f0:4001:801::2004
07-03 09:19:25.713  1604  7286 D NetworkMonitor/NetworkAgentInfo [MOBILE (GPRS) - 100]: PROBE_DNS connectivitycheck.gstatic.com 41ms OK 172.217.172.131,2800:3f0:4001:81a::2003
07-03 09:19:27.026  1970  1970 I GeofencerStateMachine: sendNewTransitions called.
07-03 09:19:27.035  5305  7291 I chatty  : uid=10104(net.osmand) expire 31 lines
07-03 09:19:29.409  5305  5350 I chatty  : uid=10104(net.osmand) Loader map obje expire 74 lines
07-03 09:19:29.606  5305  5315 I chatty  : uid=10104(net.osmand) HeapTaskDaemon expire 6 lines
07-03 09:19:29.741  5305  5305 I chatty  : uid=10104(net.osmand) expire 37 lines
07-03 09:19:29.797  5305  5351 I chatty  : uid=10104(net.osmand) RenderingBaseIm expire 16 lines
07-03 09:19:36.119  5305  7294 I chatty  : uid=10104(net.osmand) expire 31 lines
07-03 09:19:36.356  1604  2293 D NetworkMonitor/NetworkAgentInfo [MOBILE (GPRS) - 100]: PROBE_FALLBACK http://www.google.com/gen_204 time=7682ms ret=204 request={User-Agent=[Mozilla/5.0 (X11; Linux x86_64) AppleWebKit/537.36 (KHTML, like Gecko) Chrome/60.0.3112.32 Safari/537.36]} headers={null=[HTTP/1.1 204 No Content], Content-Length=[0], Content-Type=[text/html; charset=UTF-8], Date=[Wed, 03 Jul 2019 13:19:35 GMT], P3P=[CP="This is not a P3P policy! See g.co/p3phelp for more info."], Server=[gws], Set-Cookie=[1P_JAR=2019-07-03-13; expires=Fri, 02-Aug-2019 13:19:35 GMT; path=/; domain=.google.com, NID=187=BkdROdx54Nm9Cy4owvbRB2rfI0vAHjgY5EME02qm8xFNvX8CYKX7mhS2a_mBmIoMDSZKvVl5HO0sxWzYkOr6rvEkdBParDH1dQhrz4-tUaAqwTDLSsdodIbDXkbMPhihEEUcBvVzikBFo9t_Rpcpmjn_upV1qABFILR0u-N4ulo; expires=Thu, 02-Jan-2020 13:19:35 GMT; path=/; domain=.google.com; HttpOnly], X-Android-Received-Millis=[1562159976355], X-Android-Response-Source=[NETWORK 204], X-Android-Selected-Protocol=[http/1.1], X-Android-Sent-Millis=[1562159972938], X-Frame-Options=[SAMEORIGIN], X-XSS-Protection=[0]}
07-03 09:19:37.135  5305  7295 I chatty  : uid=10104(net.osmand) expire 31 lines
07-03 09:19:37.350  1604  7285 D NetworkMonitor/NetworkAgentInfo [MOBILE (GPRS) - 100]: PROBE_HTTPS https://www.google.com/generate_204 Probe failed with exception java.net.SocketTimeoutException: timeout
07-03 09:19:37.547  1604  3883 I WifiService: acquireWifiLock uid=10014 lockMode=2
07-03 09:19:37.569  1604  1617 E memtrack: Couldn't load memtrack module
07-03 09:19:37.569  1604  1617 W android.os.Debug: failed to get memory consumption info: -1
07-03 09:19:37.716  1604  3883 I WifiService: releaseWifiLock uid=10014
07-03 09:19:37.814  1604  1617 E memtrack: Couldn't load memtrack module
07-03 09:19:37.814  1604  1617 W android.os.Debug: failed to get memory consumption info: -1
07-03 09:19:37.906  5305  7296 I chatty  : uid=10104(net.osmand) expire 31 lines
07-03 09:19:38.121  5305  5351 I chatty  : uid=10104(net.osmand) RenderingBaseIm expire 20 lines
07-03 09:19:38.259  5305  5305 I chatty  : uid=10104(net.osmand) expire 13 lines
07-03 09:19:38.551  5305  5350 I chatty  : uid=10104(net.osmand) Loader map obje expire 62 lines
07-03 09:19:38.639  5305  5315 I chatty  : uid=10104(net.osmand) HeapTaskDaemon expire 3 lines
07-03 09:19:39.090  5305  7297 I chatty  : uid=10104(net.osmand) expire 31 lines
07-03 09:19:40.161  5305  7298 I chatty  : uid=10104(net.osmand) expire 31 lines
07-03 09:19:40.740  1604  1621 I WifiService: requestActivityInfo uid=1000
07-03 09:19:40.740  1604  1621 I WifiService: reportActivityInfo uid=1000
07-03 09:19:40.741  1604  1621 I WifiService: getSupportedFeatures uid=1000
07-03 09:19:41.123  5305  7300 I chatty  : uid=10104(net.osmand) expire 31 lines
07-03 09:19:41.861  5305  7301 I chatty  : uid=10104(net.osmand) expire 31 lines
07-03 09:19:42.044  1410  1410 I boot-pipe: done populating /dev/random
07-03 09:19:42.354  5305  5350 I chatty  : uid=10104(net.osmand) Loader map obje expire 51 lines
07-03 09:19:42.741  5305  5315 I chatty  : uid=10104(net.osmand) HeapTaskDaemon expire 4 lines
07-03 09:19:43.020  5305  5305 I chatty  : uid=10104(net.osmand) expire 14 lines
07-03 09:19:43.023  5305  7302 I chatty  : uid=10104(net.osmand) expire 31 lines
07-03 09:19:43.025  5305  5351 I chatty  : uid=10104(net.osmand) RenderingBaseIm expire 16 lines
07-03 09:19:44.127  5305  7303 I chatty  : uid=10104(net.osmand) expire 31 lines
07-03 09:19:45.190  5305  7304 I chatty  : uid=10104(net.osmand) expire 31 lines
07-03 09:19:45.737  1604  7286 D NetworkMonitor/NetworkAgentInfo [MOBILE (GPRS) - 100]: PROBE_HTTP http://connectivitycheck.gstatic.com/generate_204 Probe failed with exception java.net.SocketTimeoutException: failed to connect to connectivitycheck.gstatic.com/2800:3f0:4001:81a::2003 (port 80) from /fec0::61c0:be63:220a:c027 (port 37471) after 10000ms
07-03 09:19:45.738  1604  1682 D ConnectivityService: NetworkAgentInfo [MOBILE (GPRS) - 100] validation failed
07-03 09:19:46.920  5305  7305 I chatty  : uid=10104(net.osmand) expire 31 lines
07-03 09:19:47.315  2934  2995 I PlayCommon: [1205] adnc.d(23): Preparing logs for uploading
07-03 09:19:47.356  2934  2995 I PlayCommon: [1205] adnc.d(125): Connecting to server: https://play.googleapis.com/play/log?format=raw&proto_v2=true
07-03 09:19:47.372  5305  5305 I chatty  : uid=10104(net.osmand) expire 18 lines
07-03 09:19:47.436  5305  5350 I chatty  : uid=10104(net.osmand) Loader map obje expire 47 lines
07-03 09:19:48.109  5305  7308 I chatty  : uid=10104(net.osmand) expire 31 lines
07-03 09:19:48.292  5305  5315 I chatty  : uid=10104(net.osmand) HeapTaskDaemon expire 4 lines
07-03 09:19:49.141  5305  7309 I chatty  : uid=10104(net.osmand) expire 31 lines
07-03 09:19:50.138  5305  7314 I chatty  : uid=10104(net.osmand) expire 31 lines
07-03 09:19:50.829  5305  5351 I chatty  : uid=10104(net.osmand) RenderingBaseIm expire 15 lines
07-03 09:19:50.863  5305  7315 I chatty  : uid=10104(net.osmand) expire 31 lines
07-03 09:19:53.390  5305  7316 I chatty  : uid=10104(net.osmand) expire 31 lines
07-03 09:19:53.390  5305  5351 I chatty  : uid=10104(net.osmand) RenderingBaseIm expire 23 lines
07-03 09:19:53.877  5305  5350 I chatty  : uid=10104(net.osmand) Loader map obje expire 48 lines
07-03 09:19:54.149  5305  5305 I chatty  : uid=10104(net.osmand) expire 12 lines
07-03 09:19:54.161  5305  7317 I chatty  : uid=10104(net.osmand) expire 31 lines
07-03 09:19:54.661  5305  5315 I chatty  : uid=10104(net.osmand) HeapTaskDaemon expire 3 lines
07-03 09:19:55.165  5305  7318 I chatty  : uid=10104(net.osmand) expire 31 lines
07-03 09:19:55.797  1604  1621 E BatteryExternalStatsWorker: modem info is invalid: ModemActivityInfo{ mTimestamp=0 mSleepTimeMs=0 mIdleTimeMs=0 mTxTimeMs[]=[0, 0, 0, 0, 0] mRxTimeMs=0 mEnergyUsed=0}
07-03 09:19:55.989  5305  7320 I chatty  : uid=10104(net.osmand) expire 31 lines
07-03 09:19:57.174  5305  7321 I chatty  : uid=10104(net.osmand) expire 31 lines
07-03 09:19:57.183  1970  1970 I GeofencerStateMachine: sendNewTransitions called.
07-03 09:19:57.337  1970  1970 I GeofencerStateMachine: sendNewTransitions called.
07-03 09:19:57.377  1970  1970 I GeofencerStateMachine: sendNewLocationAvailability: availability=LocationAvailability[isLocationAvailable: true]
07-03 09:19:57.579  5305  5351 I chatty  : uid=10104(net.osmand) RenderingBaseIm expire 18 lines
07-03 09:19:57.631  1970  1970 I GeofencerStateMachine: sendNewLocationAvailability: availability=LocationAvailability[isLocationAvailable: true]
07-03 09:19:58.043  5305  5350 I chatty  : uid=10104(net.osmand) Loader map obje expire 48 lines
07-03 09:19:58.212  5305  5305 I chatty  : uid=10104(net.osmand) expire 16 lines
07-03 09:19:58.215  5305  7322 I chatty  : uid=10104(net.osmand) expire 31 lines
07-03 09:19:58.324  5305  5315 I chatty  : uid=10104(net.osmand) HeapTaskDaemon expire 2 lines
07-03 09:19:58.627  1604  4621 I WifiService: acquireWifiLock uid=10014 lockMode=2
07-03 09:19:58.807  1970  1981 I GeofencerStateMachine: addGeofences called by com.google.android.apps.maps
07-03 09:19:58.895  1604  4621 I GnssLocationProvider: WakeLock acquired by sendMessage(SET_REQUEST, 0, com.android.server.location.GnssLocationProvider$GpsRequest@a5b670a)
07-03 09:19:58.897  1604  1617 I GnssLocationProvider: WakeLock released by handleMessage(SET_REQUEST, 0, com.android.server.location.GnssLocationProvider$GpsRequest@a5b670a)
07-03 09:19:59.022  1604  1751 I WifiService: getWifiEnabledState uid=10062
07-03 09:19:59.119  1604  1614 I GnssLocationProvider: WakeLock acquired by sendMessage(SET_REQUEST, 0, com.android.server.location.GnssLocationProvider$GpsRequest@7a95d98)
07-03 09:19:59.205  5305  7327 I chatty  : uid=10104(net.osmand) expire 31 lines
07-03 09:19:59.251  1970  1970 I GeofencerStateMachine: sendNewLocationAvailability: availability=LocationAvailability[isLocationAvailable: true]
07-03 09:19:59.308  1970  1970 I GeofencerStateMachine: sendNewLocationAvailability: availability=LocationAvailability[isLocationAvailable: true]
07-03 09:19:59.516  1604  1617 I GnssLocationProvider: WakeLock released by handleMessage(SET_REQUEST, 0, com.android.server.location.GnssLocationProvider$GpsRequest@7a95d98)
07-03 09:20:00.187  5305  7328 I chatty  : uid=10104(net.osmand) expire 31 lines
07-03 09:20:00.272  2180 21894 I EventLogChimeraService: Aggregate from 1562158070523 (log), 1562158070523 (data)
07-03 09:20:01.008  1604  1613 I zygote  : Background concurrent copying GC freed 75991(3MB) AllocSpace objects, 33(1684KB) LOS objects, 9% free, 59MB/65MB, paused 963us total 1.984s
07-03 09:20:01.140  1604  1618 W BroadcastQueue: Background execution not allowed: receiving Intent { act=android.intent.action.DROPBOX_ENTRY_ADDED flg=0x10 (has extras) } to com.google.android.gms/.stats.service.DropBoxEntryAddedReceiver
07-03 09:20:01.141  1604  1618 W BroadcastQueue: Background execution not allowed: receiving Intent { act=android.intent.action.DROPBOX_ENTRY_ADDED flg=0x10 (has extras) } to com.google.android.gms/.chimera.GmsIntentOperationService$PersistentTrustedReceiver
