06-29 13:23:29.277 23488 24452 I System.out: <test regions="" description="" best_percent="" vehicle="car" 
06-29 13:23:29.277 23488 24452 I System.out:   start_lat="0.00076" start_lon="-51.07676" target_lat="-0.00069" target_lon="-51.09564"  routing_time="388.36" loadedTiles="43" visitedSegments="2275" complete_distance="3337.75" complete_time="252.16" >
06-29 13:23:29.284 23488 24452 I net.osmand: RouteProvider Finding route contained 51 points for 1781 ms
06-29 13:23:31.410 23488 23488 D net.osmand: RoutingHelper Processed by distance : 2.6632550022848602 72.88710021972656
06-29 13:23:31.484 23488 23488 D net.osmand: RoutingHelper Processed point bearing deltas : 90.86017847061157 68.46134948730469
06-29 13:23:32.807  1964  1978 I zygote  : Background concurrent copying GC freed 111535(5MB) AllocSpace objects, 16(688KB) LOS objects, 39% free, 9MB/15MB, paused 1.217ms total 176.872ms
06-29 13:23:35.666 23488 23488 D net.osmand: DayNightHelper Sunrise/sunset setting to day: true
06-29 13:23:35.727  1399  1414 D hwcomposer: hw_composer sent 253 syncs in 60s
06-29 13:23:36.318 23488 23488 D net.osmand: RoutingHelper Processed point bearing deltas : 151.1662139892578 13.106485366821289
06-29 13:23:36.434 23488 23520 I net.osmand: MapRenderRepositories RENDER MAP: update due to tile box
06-29 13:23:36.434 23488 23520 I net.osmand: MapRenderRepositories RENDER MAP: Interrupt rendering map
06-29 13:23:36.667 23488 23520 I net.osmand: MapRenderRepositories RENDER MAP: update due to tile box
06-29 13:23:36.667 23488 23520 I net.osmand: MapRenderRepositories RENDER MAP: Interrupt rendering map
06-29 13:23:36.680 23488 23520 I net.osmand: MapRenderRepositories RENDER MAP: update due to tile box
06-29 13:23:36.681 23488 23520 I net.osmand: MapRenderRepositories RENDER MAP: Interrupt rendering map
06-29 13:23:37.105 23488 23519 I net.osmand: MapRenderRepositories RENDER MAP: new request RotatedTileBox [lat=9.887264835566228E-4, lon=-51.07752352779757, rotate=0.0, density=2.625, zoom=17, mapDensity=3.9375, zoomAnimation=0.0, zoomFloatPart=0.0, cx=900, cy=1972, pixWidth=1800, pixHeight=2690]
06-29 13:23:37.201 23488 23519 I net.osmand:native: Route objects 80
06-29 13:23:37.201 23488 23519 I net.osmand:native: Ocean: no completed & incompleted coastlines 0
06-29 13:23:37.201 23488 23519 I net.osmand:native: Detailed coastlines = 0, basemap coastlines 0, ocean tile 0.000000. Detailed added 0, basemap processed 1, basemap added 0.
06-29 13:23:37.201 23488 23519 I net.osmand:native: Search : tree - read( 389), accept( 59), objs - visit( 4774), accept(119), in result(80) 
06-29 13:23:37.202 23488 23519 I net.osmand: MapRenderRepositories BLat=-0.0013319849967956543, TLat=0.0067285895347595215, LLong=-51.079978942871094, RLong=-51.0750732421875, zoom=17
06-29 13:23:37.202 23488 23519 I net.osmand: MapRenderRepositories Native search: 96 ms 
06-29 13:23:37.211 23488 23519 I net.osmand:native: Creating SkBitmap in native w:1800 h:2690 s:7200 f:1!
06-29 13:23:37.211 23488 23519 I net.osmand:native: Row bytes for RGBA_8888 is 7200
06-29 13:23:37.211 23488 23519 I net.osmand:native: Locked 19368000 bytes at 0x7c900000
06-29 13:23:37.211 23488 23519 I net.osmand:native: Initializing rendering
06-29 13:23:37.213 23488 23519 I net.osmand:native: Rendering image
06-29 13:23:37.267 23488 23519 I net.osmand: RenderingIcons Icon data length is 1105
06-29 13:23:37.268 23488 23519 I net.osmand: RenderingIcons Icon data length is 667
06-29 13:23:37.328 23488 23519 I net.osmand:native: Native ok (rendering 1, text 58 ms) 
06-29 13:23:37.328 23488 23519 I net.osmand:native:  (12104 points, 364 points inside, 129 of 143 objects visible)
06-29 13:23:37.328 23488 23519 I net.osmand:native: End Rendering image
06-29 13:23:37.328 23488 23519 I net.osmand:native: Native ok (init 1, rendering 1) 
06-29 13:23:37.333 23488 23519 I net.osmand: MapRenderRepositories true
06-29 13:23:37.621 23488 23488 D net.osmand: RoutingHelper Processed point bearing deltas : 105.84192657470703 80.1989517211914
06-29 13:23:38.886 23488 23488 D net.osmand: RoutingHelper Processed point bearing deltas : 166.8866729736328 101.23614501953125
06-29 13:23:40.108 23488 23488 I net.osmand: TTSCommandPlayerImpl Send message to pebble saia na  quarta  sada para  AP 010 Rodovia Juscelino Kubitschek 
06-29 13:23:40.108 23488 23488 D net.osmand: AbstractPrologCommandPlayer requestAudioFocus
06-29 13:23:40.109 23488 23488 W AudioManager: Use of stream types is deprecated for operations other than volume control
06-29 13:23:40.109 23488 23488 W AudioManager: See the documentation of requestAudioFocus() for what to use instead with android.media.AudioAttributes to qualify your playback use case
06-29 13:23:40.109  1600  7254 I MediaFocusControl: requestAudioFocus() from uid/pid 10104/23488 clientId=android.media.AudioManager@68e89e5net.osmand.plus.api.AudioFocusHelperImpl@75a3ba3 callingPack=net.osmand req=3 flags=0x0 sdk=26
06-29 13:23:40.114 23488 23488 D net.osmand: TTSCommandPlayerImpl ttsRequests=1
06-29 13:23:40.116 23796 23843 I TTS.GoogleTTSServiceImp: Synthesis request for locale por-BRA and name pt-BR-language
06-29 13:23:40.119 23796 23843 I TTS.GoogleTTSServiceImp: TTS dispatch: pt-br-x-afs-lstm-embedded
06-29 13:23:40.180  1600  7254 I WifiService: acquireWifiLock uid=10014 lockMode=2
06-29 13:23:40.246  1600  1613 E memtrack: Couldn't load memtrack module
06-29 13:23:40.246  1600  1613 W android.os.Debug: failed to get memory consumption info: -1
06-29 13:23:40.273 23796 23844 D AudioTrack: Client defaulted notificationFrames to 1365 for frameCount 4096
06-29 13:23:40.325  1390  2659 W audio_hw_generic: Not supplying enough data to HAL, expected position 135302436 , only wrote 135302400
06-29 13:23:40.568  1473  1561 D AudioFlinger: mixer(0xa6c83380) throttle end: throttle time(1)
06-29 13:23:42.502 23488 23488 D net.osmand: RoutingHelper Processed by distance : 72.88597275644824 73.18321989988235
06-29 13:23:42.533  1473  1561 D AudioFlinger: mixer(0xa6c83380) throttle end: throttle time(3)
06-29 13:23:42.970  1704  1723 I zygote  : Background concurrent copying GC freed 167899(6MB) AllocSpace objects, 0(0B) LOS objects, 43% free, 7MB/13MB, paused 11.457ms total 319.474ms
06-29 13:23:43.194  1600  2538 D WificondControl: Scan result ready event
06-29 13:23:43.244  1600  5065 I WifiService: releaseWifiLock uid=10014
06-29 13:23:43.465  1600  1609 I zygote  : Background concurrent copying GC freed 86810(3MB) AllocSpace objects, 40(2MB) LOS objects, 21% free, 21MB/27MB, paused 1.710ms total 215.409ms
06-29 13:23:43.666  1390  2659 W audio_hw_generic: Not supplying enough data to HAL, expected position 135462764 , only wrote 135462240
06-29 13:23:43.666  1390  2659 W audio_hw_generic: Not supplying enough data to HAL, expected position 135462269 , only wrote 135462240
06-29 13:23:43.682  1390  2659 W audio_hw_generic: Not supplying enough data to HAL, expected position 135462991 , only wrote 135462960
06-29 13:23:43.790  1390  2659 W audio_hw_generic: Not supplying enough data to HAL, expected position 135468146 , only wrote 135466560
06-29 13:23:44.650  1600  1613 E memtrack: Couldn't load memtrack module
06-29 13:23:44.650  1600  1613 W android.os.Debug: failed to get memory consumption info: -1
06-29 13:23:44.718  1600  1613 E memtrack: Couldn't load memtrack module
06-29 13:23:44.718  1600  1613 W android.os.Debug: failed to get memory consumption info: -1
06-29 13:23:44.794  1600  1613 E memtrack: Couldn't load memtrack module
06-29 13:23:44.794  1600  1613 W android.os.Debug: failed to get memory consumption info: -1
06-29 13:23:46.324 23488 23488 I net.osmand: RoutingHelper Recalculate route, because correlation  : 85.32145589919706
06-29 13:23:46.326 23796 23847 D AudioTrack: stop() called with 134279 frames delivered
06-29 13:23:46.333 23488 23488 D net.osmand: AbstractPrologCommandPlayer abandonAudioFocus
06-29 13:23:46.333  1600  5065 I MediaFocusControl: abandonAudioFocus() from uid/pid 10104/23488 clientId=android.media.AudioManager@68e89e5net.osmand.plus.api.AudioFocusHelperImpl@75a3ba3
06-29 13:23:46.334 23488 23488 W MaterialProgressBar: Current drawable is not a MaterialProgressDrawable, you may want to set app:mpb_setBothDrawables
06-29 13:23:46.336 23488 23488 I net.osmand: RoutingHelper Recalculate route, because correlation  : 85.32145589919706
06-29 13:23:46.339 23488 24232 D net.osmand: AbstractPrologCommandPlayer abandonAudioFocus
06-29 13:23:46.340 23488 24232 D net.osmand: TTSCommandPlayerImpl ttsRequests=-1
06-29 13:23:46.347 23488 24456 I net.osmand: RouteProvider Start finding route from Location[mProvider=gps,mTime=1561829027000,mLatitude=0.0017933333333333334,mLongitude=-51.07850333333334,mHasAltitude=true,mAltitude=0.0,mHasSpeed=false,mSpeed=0.0,mHasBearing=false,mBearing=0.0,mHasAccuracy=true,mAccuracy=20.0 to Lat -6.9214514E-4 Lon -51.09564 using OsmAnd (offline)
06-29 13:23:46.366 23488 24456 W net.osmand: RouteProvider Use 344 MB Free 2.9758224 of 24.582863 max 384.0
06-29 13:23:46.686 23488 23488 I net.osmand: RoutingHelper Recalculate route, because correlation  : 85.32145589919706
06-29 13:23:46.710 23488 23488 I net.osmand: RoutingHelper Recalculate route, because correlation  : 85.32145589919706
06-29 13:23:46.889 23488 24456 I net.osmand:native: Start point was found 37207983333 [Native]
06-29 13:23:46.915 23488 24456 I net.osmand:native: End point was found 10433843853 [Native]
06-29 13:23:46.963 23488 23498 I zygote  : Background concurrent copying GC freed 157244(6MB) AllocSpace objects, 20(392KB) LOS objects, 24% free, 18MB/24MB, paused 2.627ms total 413.572ms
06-29 13:23:47.396  1390  2659 W audio_hw_generic: Not supplying enough data to HAL, expected position 135639661 , only wrote 135639360
06-29 13:23:47.488  1390  2659 W audio_hw_generic: Not supplying enough data to HAL, expected position 135643780 , only wrote 135643680
06-29 13:23:47.592 23488 23488 I net.osmand: RoutingHelper Recalculate route, because correlation  : 108.18185099305917
06-29 13:23:47.592 23488 23488 I net.osmand: RoutingHelper Recalculate route, because wrong movement direction: 108.181854
06-29 13:23:47.648 23488 23520 I net.osmand: MapRenderRepositories RENDER MAP: update due to tile box
06-29 13:23:47.648 23488 23520 I net.osmand: MapRenderRepositories RENDER MAP: Interrupt rendering map
06-29 13:23:47.717 23488 23488 I net.osmand: RoutingHelper Recalculate route, because correlation  : 108.18185099305917
06-29 13:23:47.744 23488 23488 I net.osmand: RoutingHelper Recalculate route, because correlation  : 108.18185099305917
06-29 13:23:47.744 23488 23488 I net.osmand: RoutingHelper Recalculate route, because wrong movement direction: 108.181854
06-29 13:23:47.754 23488 23488 I net.osmand: RoutingHelper Recalculate route, because correlation  : 108.18185099305917
06-29 13:23:47.765 23488 23520 I net.osmand: MapRenderRepositories RENDER MAP: update due to tile box
06-29 13:23:47.765 23488 23520 I net.osmand: MapRenderRepositories RENDER MAP: Interrupt rendering map
06-29 13:23:47.799 23488 23520 I net.osmand: MapRenderRepositories RENDER MAP: update due to tile box
06-29 13:23:47.799 23488 23520 I net.osmand: MapRenderRepositories RENDER MAP: Interrupt rendering map
06-29 13:23:47.819 23488 24456 W net.osmand:native: [Native] Result visited (visited roads 1852, visited segments 966 / 975 , queue sizes 354 / 304 ) 
06-29 13:23:47.819 23488 24456 W net.osmand:native: [Native] Result timing (time to load 0, time to calc 903, loaded tiles 40) 
06-29 13:23:47.819 23488 24456 W net.osmand:native: [Native] Memory occupied (Routing context 1059 Kb, search 35 Kb)
06-29 13:23:47.854 23488 24456 I net.osmand:native: Routing calculated time distance 342.482056
06-29 13:23:47.861 23488 23519 I net.osmand: MapRenderRepositories RENDER MAP: new request RotatedTileBox [lat=0.0019383333333333334, lon=-51.078671666666665, rotate=0.0, density=2.625, zoom=17, mapDensity=3.9375, zoomAnimation=0.0, zoomFloatPart=0.0, cx=900, cy=1972, pixWidth=1800, pixHeight=2690]
06-29 13:23:47.940 23488 24456 I net.osmand: RoutePlannerFrontEnd Native routing took 1.167 seconds
06-29 13:23:47.958 23488 24456 I System.out: ROUTE : 
06-29 13:23:47.965 23488 24456 I net.osmand: RouteResultPreparation <test regions="" description="" best_percent="" vehicle="car" 
06-29 13:23:47.965 23488 24456 I net.osmand:   start_lat="0.00179" start_lon="-51.07850" target_lat="-0.00069" target_lon="-51.09564"  routing_time="342.48" loadedTiles="40" visitedSegments="1852" complete_distance="2723.24" complete_time="218.81" >
06-29 13:23:47.966 23488 24456 I System.out: <test regions="" description="" best_percent="" vehicle="car" 
06-29 13:23:47.966 23488 24456 I System.out:   start_lat="0.00179" start_lon="-51.07850" target_lat="-0.00069" target_lon="-51.09564"  routing_time="342.48" loadedTiles="40" visitedSegments="1852" complete_distance="2723.24" complete_time="218.81" >
06-29 13:23:47.966 23488 24456 I System.out: </test>
06-29 13:23:47.966 23488 24456 I System.out: <test regions="" description="" best_percent="" vehicle="car" 
06-29 13:23:47.966 23488 24456 I System.out:   start_lat="0.00179" start_lon="-51.07850" target_lat="-0.00069" target_lon="-51.09564"  routing_time="342.48" loadedTiles="40" visitedSegments="1852" complete_distance="2723.24" complete_time="218.81" >
06-29 13:23:47.978 23488 24456 I net.osmand: RouteProvider Finding route contained 32 points for 1632 ms
06-29 13:23:47.985 23488 24456 I net.osmand: TTSCommandPlayerImpl Send message to pebble Rota recalculada cerca de  2 milhas tempo estimado de   4 minutos.  
06-29 13:23:47.985 23488 24456 D net.osmand: AbstractPrologCommandPlayer requestAudioFocus
06-29 13:23:47.985 23488 24456 W AudioManager: Use of stream types is deprecated for operations other than volume control
06-29 13:23:47.985 23488 24456 W AudioManager: See the documentation of requestAudioFocus() for what to use instead with android.media.AudioAttributes to qualify your playback use case
06-29 13:23:47.986  1600  2131 I MediaFocusControl: requestAudioFocus() from uid/pid 10104/23488 clientId=android.media.AudioManager@68e89e5net.osmand.plus.api.AudioFocusHelperImpl@c33061e callingPack=net.osmand req=3 flags=0x0 sdk=26
06-29 13:23:47.987 23488 24456 D net.osmand: TTSCommandPlayerImpl ttsRequests=1
06-29 13:23:47.988 23796 23843 I TTS.GoogleTTSServiceImp: Synthesis request for locale por-BRA and name pt-BR-language
06-29 13:23:47.995 23796 23843 I TTS.GoogleTTSServiceImp: TTS dispatch: pt-br-x-afs-lstm-embedded
06-29 13:23:48.105 23488 23519 I net.osmand:native: Route objects 66
06-29 13:23:48.106 23488 23519 I net.osmand:native: Ocean: no completed & incompleted coastlines 0
06-29 13:23:48.106 23488 23519 I net.osmand:native: Detailed coastlines = 0, basemap coastlines 0, ocean tile 0.000000. Detailed added 0, basemap processed 1, basemap added 0.
06-29 13:23:48.106 23488 23519 I net.osmand:native: Search : tree - read( 389), accept( 61), objs - visit( 4854), accept(105), in result(66) 
06-29 13:23:48.106 23488 23519 I net.osmand: MapRenderRepositories BLat=-3.878474235534668E-4, TLat=0.007672727108001709, LLong=-51.08112716674805, RLong=-51.07622146606445, zoom=17
06-29 13:23:48.107 23488 23519 I net.osmand: MapRenderRepositories Native search: 245 ms 
06-29 13:23:48.154 23488 23519 I net.osmand:native: Creating SkBitmap in native w:1800 h:2690 s:7200 f:1!
06-29 13:23:48.154 23488 23519 I net.osmand:native: Row bytes for RGBA_8888 is 7200
06-29 13:23:48.154 23488 23519 I net.osmand:native: Locked 19368000 bytes at 0x7dd00000
06-29 13:23:48.154 23488 23519 I net.osmand:native: Initializing rendering
06-29 13:23:48.158 23488 23519 I net.osmand:native: Rendering image
06-29 13:23:48.239 23796 23844 D AudioTrack: Client defaulted notificationFrames to 1365 for frameCount 4096
06-29 13:23:40.307  1600  6200 I chatty  : uid=1000(system) Binder:1600_1C identical 1 line
06-29 13:23:46.331  1600  6200 V MediaRouterService: restoreBluetoothA2dp(false)
06-29 13:23:48.263  1600  2131 V MediaRouterService: restoreBluetoothA2dp(false)
06-29 13:23:48.429  2118  2126 I zygote  : NativeAlloc concurrent copying GC freed 33596(1555KB) AllocSpace objects, 2(104KB) LOS objects, 49% free, 4MB/9MB, paused 15.703ms total 162.736ms
06-29 13:23:48.544 23796 23806 I zygote  : Background concurrent copying GC freed 13630(2MB) AllocSpace objects, 0(0B) LOS objects, 49% free, 4MB/8MB, paused 1.184ms total 400.154ms
06-29 13:23:48.596 23488 23519 I net.osmand:native: Native ok (rendering 0, text 160 ms) 
06-29 13:23:48.596 23488 23519 I net.osmand:native:  (11431 points, 315 points inside, 107 of 122 objects visible)
06-29 13:23:48.596 23488 23519 I net.osmand:native: End Rendering image
06-29 13:23:48.597 23488 23519 I net.osmand:native: Native ok (init 3, rendering 0) 
06-29 13:23:48.611 23488 23519 I net.osmand: MapRenderRepositories true
06-29 13:23:48.686  1473  1561 D AudioFlinger: mixer(0xa6c83380) throttle end: throttle time(2)
06-29 13:23:48.703  1964  1964 I GeofencerStateMachine: sendNewTransitions called.
06-29 13:23:48.786 23488 23488 D net.osmand: RoutingHelper Processed point bearing deltas : 116.4912109375 90.0
06-29 13:23:48.869 23488 23488 I net.osmand: RoutingHelper Recalculate route, because wrong movement direction: 128.6259
06-29 13:23:49.004  1390  2659 W audio_hw_generic: Not supplying enough data to HAL, expected position 135716421 , only wrote 135716400
06-29 13:23:49.004  1390  2659 W audio_hw_generic: Not supplying enough data to HAL, expected position 135716418 , only wrote 135716400
06-29 13:23:49.021  1390  2659 W audio_hw_generic: Not supplying enough data to HAL, expected position 135717211 , only wrote 135717120
06-29 13:23:49.117 23488 23488 I net.osmand: RoutingHelper Recalculate route, because wrong movement direction: 125.605934
06-29 13:23:49.117 23796 23807 D AudioTrack: stop() called with 22088 frames delivered
06-29 13:23:49.120 23796 23843 I TTS.EventProcessor: synthesizeMarkup call to callback.audioAvailable failed: -1
06-29 13:23:49.125 23796 23843 E TTS.LocalSynthesizer: synthesizeWithoutLoadingVoice() failed
06-29 13:23:49.130 23488 23488 D net.osmand: AbstractPrologCommandPlayer abandonAudioFocus
06-29 13:23:49.132  1600  6200 I MediaFocusControl: abandonAudioFocus() from uid/pid 10104/23488 clientId=android.media.AudioManager@68e89e5net.osmand.plus.api.AudioFocusHelperImpl@c33061e
06-29 13:23:49.140 23488 24212 D net.osmand: AbstractPrologCommandPlayer abandonAudioFocus
06-29 13:23:49.140 23488 24212 D net.osmand: TTSCommandPlayerImpl ttsRequests=-1
06-29 13:23:49.678 23488 23488 I net.osmand: RoutingHelper Recalculate route, because wrong movement direction: 125.605934
06-29 13:23:50.282 23488 23488 I net.osmand: RoutingHelper Recalculate route, because wrong movement direction: 125.605934
06-29 13:23:50.283 23488 23488 D net.osmand: AbstractPrologCommandPlayer abandonAudioFocus
06-29 13:23:50.685 23488 23488 I net.osmand: RoutingHelper Recalculate route, because wrong movement direction: 125.605934
06-29 13:23:50.686 23488 23488 D net.osmand: AbstractPrologCommandPlayer abandonAudioFocus
06-29 13:23:51.496  1390  2659 W audio_hw_generic: Not supplying enough data to HAL, expected position 135835921 , only wrote 135835920
06-29 13:23:51.512  1390  2659 W audio_hw_generic: Not supplying enough data to HAL, expected position 135836675 , only wrote 135836640
06-29 13:23:51.515 23488 23488 I net.osmand: RoutingHelper Recalculate route, because wrong movement direction: 100.75981
06-29 13:23:51.691 23488 23488 I net.osmand: RoutingHelper Recalculate route, because wrong movement direction: 100.75981
06-29 13:23:51.692 23488 23488 D net.osmand: AbstractPrologCommandPlayer abandonAudioFocus
06-29 13:23:52.158  1390  1562 W audio_hw_generic: Not supplying enough data to HAL, expected position 135897593 , only wrote 135867600
06-29 13:23:52.788 23488 23488 I net.osmand: TTSCommandPlayerImpl Send message to pebble vire  direita para   Rua VictorMota Dias ento  aps  150 ps vire  esquerda  
06-29 13:23:52.788 23488 23488 D net.osmand: AbstractPrologCommandPlayer requestAudioFocus
06-29 13:23:52.791 23488 23488 W AudioManager: Use of stream types is deprecated for operations other than volume control
06-29 13:23:52.792 23488 23488 W AudioManager: See the documentation of requestAudioFocus() for what to use instead with android.media.AudioAttributes to qualify your playback use case
06-29 13:23:52.797  1600  2131 I MediaFocusControl: requestAudioFocus() from uid/pid 10104/23488 clientId=android.media.AudioManager@68e89e5net.osmand.plus.api.AudioFocusHelperImpl@29c41b8 callingPack=net.osmand req=3 flags=0x0 sdk=26
06-29 13:23:52.799 23488 23488 D net.osmand: TTSCommandPlayerImpl ttsRequests=1
06-29 13:23:52.804 23796 23843 I TTS.GoogleTTSServiceImp: Synthesis request for locale por-BRA and name pt-BR-language
06-29 13:23:52.807 23796 23843 I TTS.GoogleTTSServiceImp: TTS dispatch: pt-br-x-afs-lstm-embedded
06-29 13:23:52.917 23796 23844 D AudioTrack: Client defaulted notificationFrames to 1365 for frameCount 4096
06-29 13:23:49.125  1600  2131 V MediaRouterService: restoreBluetoothA2dp(false)
06-29 13:23:52.944  1600  7245 V MediaRouterService: restoreBluetoothA2dp(false)
06-29 13:23:52.955  1390  2659 W audio_hw_generic: Not supplying enough data to HAL, expected position 135867735 , only wrote 135867600
06-29 13:23:54.057  1473  1561 D AudioFlinger: mixer(0xa6c83380) throttle end: throttle time(2)
06-29 13:23:54.759 23540 23558 I Finsky  : [783] imb.run(3): Stats for Executor: BlockingExecutor ink@f29ae84[Running, pool size = 0, active threads = 0, queued tasks = 0, completed tasks = 13]
06-29 13:23:54.824 23540 23558 I Finsky  : [783] imb.run(3): Stats for Executor: LightweightExecutor ink@603b66d[Running, pool size = 2, active threads = 0, queued tasks = 0, completed tasks = 62]
06-29 13:23:55.263  1473  1561 D AudioFlinger: mixer(0xa6c83380) throttle end: throttle time(6)
06-29 13:23:56.256 23540 23558 I Finsky  : [783] imb.run(3): Stats for Executor: bgExecutor ink@67812a2[Running, pool size = 4, active threads = 0, queued tasks = 0, completed tasks = 29]
06-29 13:23:56.536 23488 23488 D net.osmand: RoutingHelper Processed point bearing deltas : 141.93873596191406 0.0
06-29 13:23:56.549  1473  1561 D AudioFlinger: mixer(0xa6c83380) throttle end: throttle time(2)
06-29 13:23:56.582 23488 23520 I net.osmand: MapRenderRepositories RENDER MAP: update due to tile box
06-29 13:23:56.583 23488 23520 I net.osmand: MapRenderRepositories RENDER MAP: Interrupt rendering map
06-29 13:23:56.606 23488 23488 I net.osmand: TTSCommandPlayerImpl Send message to pebble vire  esquerda para   Avenida Ivaldo Alves Veras 
06-29 13:23:56.606 23488 23488 D net.osmand: TTSCommandPlayerImpl ttsRequests=2
06-29 13:23:56.614 23488 23520 I net.osmand: MapRenderRepositories RENDER MAP: update due to tile box
06-29 13:23:56.614 23488 23520 I net.osmand: MapRenderRepositories RENDER MAP: Interrupt rendering map
06-29 13:23:56.727 23488 23520 I net.osmand: MapRenderRepositories RENDER MAP: update due to tile box
06-29 13:23:56.728 23488 23520 I net.osmand: MapRenderRepositories RENDER MAP: Interrupt rendering map
06-29 13:23:56.796 23488 23520 I net.osmand: MapRenderRepositories RENDER MAP: update due to tile box
06-29 13:23:56.796 23488 23520 I net.osmand: MapRenderRepositories RENDER MAP: Interrupt rendering map
06-29 13:23:56.863 23488 23520 I net.osmand: MapRenderRepositories RENDER MAP: update due to tile box
06-29 13:23:56.863 23488 23520 I net.osmand: MapRenderRepositories RENDER MAP: Interrupt rendering map
06-29 13:23:56.879 23488 23519 I net.osmand: MapRenderRepositories RENDER MAP: new request RotatedTileBox [lat=0.0019966666666666666, lon=-51.079827547073364, rotate=0.0, density=2.625, zoom=17, mapDensity=3.9375, zoomAnimation=0.0, zoomFloatPart=0.0, cx=900, cy=1972, pixWidth=1800, pixHeight=2690]
06-29 13:23:57.112 23488 23519 I net.osmand:native: Route objects 72
06-29 13:23:57.113 23488 23519 I net.osmand:native: Ocean: no completed & incompleted coastlines 0
06-29 13:23:57.113 23488 23519 I net.osmand:native: Detailed coastlines = 0, basemap coastlines 0, ocean tile 0.000000. Detailed added 0, basemap processed 1, basemap added 0.
06-29 13:23:57.113 23488 23519 I net.osmand:native: Search : tree - read( 389), accept( 61), objs - visit( 4854), accept(111), in result(72) 
06-29 13:23:57.114 23488 23519 I net.osmand: MapRenderRepositories BLat=-3.234744071960449E-4, TLat=0.007737100124359131, LLong=-51.08228302001953, RLong=-51.077369689941406, zoom=17
06-29 13:23:57.115 23488 23519 I net.osmand: MapRenderRepositories Native search: 235 ms 
06-29 13:23:57.122 23540 23623 I PlayCommon: [809] adnc.d(23): Preparing logs for uploading
06-29 13:23:57.128 23488 23519 I net.osmand:native: Creating SkBitmap in native w:1800 h:2690 s:7200 f:1!
06-29 13:23:57.129 23488 23519 I net.osmand:native: Row bytes for RGBA_8888 is 7200
06-29 13:23:57.129 23488 23519 I net.osmand:native: Locked 19368000 bytes at 0x7c900000
06-29 13:23:57.129 23488 23519 I net.osmand:native: Initializing rendering
06-29 13:23:57.130 23488 23519 I net.osmand:native: Rendering image
06-29 13:23:57.156 23540 23623 I PlayCommon: [809] adnc.d(216): Connecting to server for timestamp: https://play.googleapis.com/play/log/timestamp
06-29 13:23:57.166  1600  1617 I WifiService: requestActivityInfo uid=1000
06-29 13:23:57.167  1600  1617 I WifiService: reportActivityInfo uid=1000
06-29 13:23:57.167  1600  1617 I WifiService: getSupportedFeatures uid=1000
06-29 13:23:57.303 23488 23519 I net.osmand:native: Native ok (rendering 1, text 79 ms) 
06-29 13:23:57.303 23488 23519 I net.osmand:native:  (11530 points, 338 points inside, 121 of 137 objects visible)
06-29 13:23:57.303 23488 23519 I net.osmand:native: End Rendering image
06-29 13:23:57.303 23488 23519 I net.osmand:native: Native ok (init 1, rendering 1) 
06-29 13:23:57.305 23488 23519 I net.osmand: MapRenderRepositories true
06-29 13:23:57.765 23540 23623 I PlayCommon: [809] adnc.d(125): Connecting to server: https://play.googleapis.com/play/log?format=raw&proto_v2=true
06-29 13:23:57.846  1390  2659 W audio_hw_generic: Not supplying enough data to HAL, expected position 136102351 , only wrote 136102320
06-29 13:23:57.861  1390  2659 W audio_hw_generic: Not supplying enough data to HAL, expected position 136103075 , only wrote 136103040
06-29 13:23:58.100 23540 23623 I PlayCommon: [809] adnc.d(173): Successfully uploaded logs.
06-29 13:23:58.987  1390  2659 W audio_hw_generic: Not supplying enough data to HAL, expected position 136157077 , only wrote 136157040
06-29 13:23:59.109  1390  2659 W audio_hw_generic: Not supplying enough data to HAL, expected position 136162866 , only wrote 136162800
06-29 13:23:59.127 23796 23843 I TTS.GoogleTTSServiceImp: Synthesis request for locale por-BRA and name pt-BR-language
06-29 13:23:59.131 23796 23843 I TTS.GoogleTTSServiceImp: TTS dispatch: pt-br-x-afs-lstm-embedded
06-29 13:23:59.139  1473  1561 D AudioFlinger: mixer(0xa6c83380) throttle end: throttle time(8)
06-29 13:23:59.843 23796 23844 D AudioTrack: stop() called with 149490 frames delivered
06-29 13:23:59.847  1600  2131 V MediaRouterService: restoreBluetoothA2dp(false)
06-29 13:23:59.854 23488 24014 D net.osmand: TTSCommandPlayerImpl ttsRequests=1
06-29 13:23:59.858 23796 23844 D AudioTrack: Client defaulted notificationFrames to 1365 for frameCount 4096
06-29 13:24:00.205  1600  7245 I WifiService: acquireWifiLock uid=10014 lockMode=2
06-29 13:24:00.281  1600  2660 I WifiService: releaseWifiLock uid=10014
06-29 13:24:00.435  1473  1561 D AudioFlinger: mixer(0xa6c83380) throttle end: throttle time(12)
06-29 13:24:01.677 23488 23488 D net.osmand: RoutingHelper Processed point bearing deltas : 107.79550170898438 89.36766815185547
06-29 13:24:01.730  1390  2659 W audio_hw_generic: Hardware backing HAL too slow, could only write 0 of 720 frames
06-29 13:24:01.746 23488 23488 I net.osmand: RoutingHelper Recalculate route, because wrong movement direction: 213.73901
06-29 13:24:01.747 23796 23807 D AudioTrack: stop() called with 45373 frames delivered
06-29 13:24:01.749 23488 23488 D net.osmand: AbstractPrologCommandPlayer abandonAudioFocus
06-29 13:23:59.865  1600  2131 V MediaRouterService: restoreBluetoothA2dp(false)
06-29 13:24:01.749  1600  2538 V MediaRouterService: restoreBluetoothA2dp(false)
06-29 13:24:01.750  1600  2660 I MediaFocusControl: abandonAudioFocus() from uid/pid 10104/23488 clientId=android.media.AudioManager@68e89e5net.osmand.plus.api.AudioFocusHelperImpl@29c41b8
06-29 13:24:01.751 23488 23488 W MaterialProgressBar: Current drawable is not a MaterialProgressDrawable, you may want to set app:mpb_setBothDrawables
06-29 13:24:01.751 23796 23843 I TTS.EventProcessor: synthesizeMarkup call to callback.audioAvailable failed: -1
06-29 13:24:01.754 23488 23488 I net.osmand: RoutingHelper Recalculate route, because wrong movement direction: 213.73901
06-29 13:24:01.760  1390  2659 W audio_hw_generic: Hardware backing HAL too slow, could only write 0 of 720 frames
06-29 13:24:01.774 23488 23912 D net.osmand: AbstractPrologCommandPlayer abandonAudioFocus
06-29 13:24:01.775 23488 23912 D net.osmand: TTSCommandPlayerImpl ttsRequests=-1
06-29 13:24:01.776  1390  2659 W audio_hw_generic: Hardware backing HAL too slow, could only write 0 of 720 frames
06-29 13:24:01.788 23488 24466 I net.osmand: RouteProvider Start finding route from Location[mProvider=gps,mTime=1561829042000,mLatitude=0.0024416666666666666,mLongitude=-51.07988,mHasAltitude=false,mAltitude=0.0,mHasSpeed=true,mSpeed=0.0,mHasBearing=true,mBearing=0.0,mHasAccuracy=true,mAccuracy=20.0 to Lat -6.9214514E-4 Lon -51.09564 using OsmAnd (offline)
06-29 13:24:01.789 23488 24466 W net.osmand: RouteProvider Use 342 MB Free 1.7451019 of 24.896698 max 384.0
06-29 13:24:02.315 23488 24466 I net.osmand:native: Start point was found 10478827831 [Native]
06-29 13:24:02.330 23488 24466 I net.osmand:native: End point was found 10433843853 [Native]
06-29 13:24:02.331 23488 24466 W net.osmand:native: [Native] Result visited (visited roads 2, visited segments 1 / 2 , queue sizes 3 / 4 ) 
06-29 13:24:02.333 23488 24466 W net.osmand:native: [Native] Result timing (time to load 0, time to calc 0, loaded tiles 18) 
06-29 13:24:02.334 23488 24466 W net.osmand:native: [Native] Memory occupied (Routing context 447 Kb, search 0 Kb)
06-29 13:24:02.335 23488 24466 I net.osmand:native: No route found
06-29 13:24:02.348 23488 24466 I net.osmand: RoutePlannerFrontEnd Native routing took 0.082 seconds
06-29 13:24:02.349 23488 24466 I System.out: ROUTE : 
06-29 13:24:02.349 23488 24466 I net.osmand: RouteResultPreparation <test regions="" description="" best_percent="" vehicle="car" 
06-29 13:24:02.349 23488 24466 I net.osmand:   start_lat="0.00244" start_lon="-51.07988" target_lat="-0.00069" target_lon="-51.09564"  routing_time="0.00" loadedTiles="18" visitedSegments="2" complete_distance="0.00" complete_time="0.00" >
06-29 13:24:02.350 23488 24466 I System.out: <test regions="" description="" best_percent="" vehicle="car" 
06-29 13:24:02.350 23488 24466 I System.out:   start_lat="0.00244" start_lon="-51.07988" target_lat="-0.00069" target_lon="-51.09564"  routing_time="0.00" loadedTiles="18" visitedSegments="2" complete_distance="0.00" complete_time="0.00" >
06-29 13:24:02.350 23488 24466 I System.out: </test>
06-29 13:24:02.350 23488 24466 I System.out: <test regions="" description="" best_percent="" vehicle="car" 
06-29 13:24:02.350 23488 24466 I System.out:   start_lat="0.00244" start_lon="-51.07988" target_lat="-0.00069" target_lon="-51.09564"  routing_time="0.00" loadedTiles="18" visitedSegments="2" complete_distance="0.00" complete_time="0.00" >
06-29 13:24:02.350 23488 24466 I net.osmand: RouteProvider Finding route contained 0 points for 563 ms
06-29 13:24:02.392 23488 23498 I zygote  : Background concurrent copying GC freed 151096(6MB) AllocSpace objects, 20(392KB) LOS objects, 24% free, 18MB/24MB, paused 14.078ms total 332.831ms
06-29 13:24:02.698 23488 23488 I net.osmand: RoutingHelper Recalculate route, because wrong movement direction: 213.73901
06-29 13:24:02.698 23488 23488 W MaterialProgressBar: Current drawable is not a MaterialProgressDrawable, you may want to set app:mpb_setBothDrawables
06-29 13:24:02.704 23488 24467 I net.osmand: RouteProvider Start finding route from Location[mProvider=gps,mTime=1561829043000,mLatitude=0.0024416666666666666,mLongitude=-51.07988,mHasAltitude=false,mAltitude=0.0,mHasSpeed=true,mSpeed=0.0,mHasBearing=true,mBearing=0.0,mHasAccuracy=true,mAccuracy=20.0 to Lat -6.9214514E-4 Lon -51.09564 using OsmAnd (offline)
06-29 13:24:02.705 23488 24467 W net.osmand: RouteProvider Use 346 MB Free 5.9375 of 24.821686 max 384.0
06-29 13:24:02.897  1390  2659 W audio_hw_generic: Not supplying enough data to HAL, expected position 136344620 , only wrote 136344240
06-29 13:24:03.058 23488 24467 I net.osmand:native: Start point was found 10478827831 [Native]
06-29 13:24:03.071 23488 24467 I net.osmand:native: End point was found 10433843853 [Native]
06-29 13:24:03.072 23488 24467 W net.osmand:native: [Native] Result visited (visited roads 2, visited segments 1 / 2 , queue sizes 3 / 4 ) 
06-29 13:24:03.072 23488 24467 W net.osmand:native: [Native] Result timing (time to load 0, time to calc 0, loaded tiles 18) 
06-29 13:24:03.073 23488 24467 W net.osmand:native: [Native] Memory occupied (Routing context 447 Kb, search 0 Kb)
06-29 13:24:03.073 23488 24467 I net.osmand:native: No route found
06-29 13:24:03.087 23488 24467 I net.osmand: RoutePlannerFrontEnd Native routing took 0.098 seconds
06-29 13:24:03.087 23488 24467 I System.out: ROUTE : 
06-29 13:24:03.089 23488 24467 I net.osmand: RouteResultPreparation <test regions="" description="" best_percent="" vehicle="car" 
06-29 13:24:03.089 23488 24467 I net.osmand:   start_lat="0.00244" start_lon="-51.07988" target_lat="-0.00069" target_lon="-51.09564"  routing_time="0.00" loadedTiles="18" visitedSegments="2" complete_distance="0.00" complete_time="0.00" >
06-29 13:24:03.090 23488 24467 I System.out: <test regions="" description="" best_percent="" vehicle="car" 
06-29 13:24:03.090 23488 24467 I System.out:   start_lat="0.00244" start_lon="-51.07988" target_lat="-0.00069" target_lon="-51.09564"  routing_time="0.00" loadedTiles="18" visitedSegments="2" complete_distance="0.00" complete_time="0.00" >
06-29 13:24:03.090 23488 24467 I System.out: </test>
06-29 13:24:03.090 23488 24467 I System.out: <test regions="" description="" best_percent="" vehicle="car" 
06-29 13:24:03.091 23488 24467 I System.out:   start_lat="0.00244" start_lon="-51.07988" target_lat="-0.00069" target_lon="-51.09564"  routing_time="0.00" loadedTiles="18" visitedSegments="2" complete_distance="0.00" complete_time="0.00" >
06-29 13:24:03.093 23488 24467 I net.osmand: RouteProvider Finding route contained 0 points for 388 ms
06-29 13:24:03.157 23488 23488 I net.osmand: RoutingHelper Recalculate route, because wrong movement direction: 213.96521
06-29 13:24:03.158 23488 23488 D net.osmand: AbstractPrologCommandPlayer abandonAudioFocus
06-29 13:24:03.159 23488 23488 W MaterialProgressBar: Current drawable is not a MaterialProgressDrawable, you may want to set app:mpb_setBothDrawables
06-29 13:24:03.165 23488 24468 I net.osmand: RouteProvider Start finding route from Location[mProvider=gps,mTime=1561829043000,mLatitude=0.002408333333333333,mLongitude=-51.07987833333333,mHasAltitude=false,mAltitude=0.0,mHasSpeed=true,mSpeed=0.0,mHasBearing=true,mBearing=0.0,mHasAccuracy=true,mAccuracy=20.0 to Lat -6.9214514E-4 Lon -51.09564 using OsmAnd (offline)
06-29 13:24:03.166 23488 24468 W net.osmand: RouteProvider Use 344 MB Free 3.2421875 of 24.821686 max 384.0
06-29 13:24:03.468 23488 24468 I net.osmand:native: Start point was found 10432438525 [Native]
06-29 13:24:03.485 23488 24468 I net.osmand:native: End point was found 10433843853 [Native]
06-29 13:24:03.717 23488 23488 I net.osmand: RoutingHelper Recalculate route, because wrong movement direction: 213.96521
06-29 13:24:03.766 23488 24468 W net.osmand:native: [Native] Result visited (visited roads 512, visited segments 376 / 331 , queue sizes 210 / 633 ) 
06-29 13:24:03.766 23488 24468 W net.osmand:native: [Native] Result timing (time to load 0, time to calc 280, loaded tiles 28) 
06-29 13:24:03.766 23488 24468 W net.osmand:native: [Native] Memory occupied (Routing context 710 Kb, search 17 Kb)
06-29 13:24:03.780 23488 24468 I net.osmand:native: No route found
06-29 13:24:03.800 23488 24468 I net.osmand: RoutePlannerFrontEnd Native routing took 0.395 seconds
06-29 13:24:03.801 23488 24468 I System.out: ROUTE : 
06-29 13:24:03.801 23488 24468 I net.osmand: RouteResultPreparation <test regions="" description="" best_percent="" vehicle="car" 
06-29 13:24:03.801 23488 24468 I net.osmand:   start_lat="0.00241" start_lon="-51.07988" target_lat="-0.00069" target_lon="-51.09564"  routing_time="0.00" loadedTiles="28" visitedSegments="512" complete_distance="0.00" complete_time="0.00" >
06-29 13:24:03.801 23488 24468 I System.out: <test regions="" description="" best_percent="" vehicle="car" 
06-29 13:24:03.801 23488 24468 I System.out:   start_lat="0.00241" start_lon="-51.07988" target_lat="-0.00069" target_lon="-51.09564"  routing_time="0.00" loadedTiles="28" visitedSegments="512" complete_distance="0.00" complete_time="0.00" >
06-29 13:24:03.802 23488 24468 I System.out: </test>
06-29 13:24:03.802 23488 24468 I System.out: <test regions="" description="" best_percent="" vehicle="car" 
06-29 13:24:03.802 23488 24468 I System.out:   start_lat="0.00241" start_lon="-51.07988" target_lat="-0.00069" target_lon="-51.09564"  routing_time="0.00" loadedTiles="28" visitedSegments="512" complete_distance="0.00" complete_time="0.00" >
06-29 13:24:03.802 23488 24468 I net.osmand: RouteProvider Finding route contained 0 points for 637 ms
06-29 13:24:04.440 23488 23488 I net.osmand: RoutingHelper Recalculate route, because wrong movement direction: 213.96521
06-29 13:24:04.445 23488 23488 D net.osmand: AbstractPrologCommandPlayer abandonAudioFocus
06-29 13:24:04.446 23488 23488 W MaterialProgressBar: Current drawable is not a MaterialProgressDrawable, you may want to set app:mpb_setBothDrawables
06-29 13:24:04.450 23488 24469 I net.osmand: RouteProvider Start finding route from Location[mProvider=gps,mTime=1561829045000,mLatitude=0.002408333333333333,mLongitude=-51.07987833333333,mHasAltitude=false,mAltitude=0.0,mHasSpeed=true,mSpeed=0.0,mHasBearing=true,mBearing=0.0,mHasAccuracy=true,mAccuracy=20.0 to Lat -6.9214514E-4 Lon -51.09564 using OsmAnd (offline)
06-29 13:24:04.454 23488 24469 W net.osmand: RouteProvider Use 341 MB Free 0.546875 of 24.821686 max 384.0
06-29 13:24:04.690 23488 23488 I net.osmand: RoutingHelper Recalculate route, because wrong movement direction: 213.96521
06-29 13:24:04.774  1390  1562 W audio_hw_generic: Not supplying enough data to HAL, expected position 136523696 , only wrote 136434240
06-29 13:24:04.819 23488 24469 I net.osmand:native: Start point was found 10432438525 [Native]
06-29 13:24:04.851 23488 24469 I net.osmand:native: End point was found 10433843853 [Native]
06-29 13:24:04.860 23488 24469 W net.osmand:native: [Native] Result visited (visited roads 2, visited segments 15 / 0 , queue sizes 18 / 2 ) 
06-29 13:24:04.861 23488 24469 W net.osmand:native: [Native] Result timing (time to load 0, time to calc 9, loaded tiles 18) 
06-29 13:24:04.861 23488 24469 W net.osmand:native: [Native] Memory occupied (Routing context 450 Kb, search 0 Kb)
06-29 13:24:04.862 23488 24469 I net.osmand:native: No route found
06-29 13:24:04.877 23488 24469 I net.osmand: RoutePlannerFrontEnd Native routing took 0.135 seconds
06-29 13:24:04.877 23488 24469 I System.out: ROUTE : 
06-29 13:24:04.877 23488 24469 I net.osmand: RouteResultPreparation <test regions="" description="" best_percent="" vehicle="car" 
06-29 13:24:04.877 23488 24469 I net.osmand:   start_lat="0.00241" start_lon="-51.07988" target_lat="-0.00069" target_lon="-51.09564"  routing_time="0.00" loadedTiles="18" visitedSegments="2" complete_distance="0.00" complete_time="0.00" >
06-29 13:24:04.878 23488 24469 I System.out: <test regions="" description="" best_percent="" vehicle="car" 
06-29 13:24:04.878 23488 24469 I System.out:   start_lat="0.00241" start_lon="-51.07988" target_lat="-0.00069" target_lon="-51.09564"  routing_time="0.00" loadedTiles="18" visitedSegments="2" complete_distance="0.00" complete_time="0.00" >
06-29 13:24:04.878 23488 24469 I System.out: </test>
06-29 13:24:04.878 23488 24469 I System.out: <test regions="" description="" best_percent="" vehicle="car" 
06-29 13:24:04.878 23488 24469 I System.out:   start_lat="0.00241" start_lon="-51.07988" target_lat="-0.00069" target_lon="-51.09564"  routing_time="0.00" loadedTiles="18" visitedSegments="2" complete_distance="0.00" complete_time="0.00" >
06-29 13:24:04.878 23488 24469 I net.osmand: RouteProvider Finding route contained 0 points for 428 ms
06-29 13:24:04.916 23488 23498 I zygote  : Background concurrent copying GC freed 139057(7MB) AllocSpace objects, 42(888KB) LOS objects, 23% free, 19MB/25MB, paused 7.816ms total 443.738ms
06-29 13:24:05.729 23488 23488 I net.osmand: RoutingHelper Recalculate route, because wrong movement direction: 213.96521
06-29 13:24:05.730 23488 23488 D net.osmand: AbstractPrologCommandPlayer abandonAudioFocus
06-29 13:24:05.731 23488 23488 W MaterialProgressBar: Current drawable is not a MaterialProgressDrawable, you may want to set app:mpb_setBothDrawables
06-29 13:24:05.742 23488 24470 I net.osmand: RouteProvider Start finding route from Location[mProvider=gps,mTime=1561829046000,mLatitude=0.002408333333333333,mLongitude=-51.07987833333333,mHasAltitude=false,mAltitude=0.0,mHasSpeed=true,mSpeed=0.0,mHasBearing=true,mBearing=0.0,mHasAccuracy=true,mAccuracy=20.0 to Lat -6.9214514E-4 Lon -51.09564 using OsmAnd (offline)
06-29 13:24:05.747 23488 24470 W net.osmand: RouteProvider Use 346 MB Free 5.90625 of 25.04953 max 384.0
06-29 13:24:05.789 23488 23488 I net.osmand: RoutingHelper Recalculate route, because wrong movement direction: 238.6161
06-29 13:24:06.050 23488 24470 I net.osmand:native: Start point was found 10432438525 [Native]
06-29 13:24:06.066 23488 24470 I net.osmand:native: End point was found 10433843853 [Native]
06-29 13:24:06.072 23488 24470 W net.osmand:native: [Native] Result visited (visited roads 2, visited segments 15 / 0 , queue sizes 18 / 2 ) 
06-29 13:24:06.072 23488 24470 W net.osmand:native: [Native] Result timing (time to load 0, time to calc 5, loaded tiles 18) 
06-29 13:24:06.073 23488 24470 W net.osmand:native: [Native] Memory occupied (Routing context 450 Kb, search 0 Kb)
06-29 13:24:06.075 23488 24470 I net.osmand:native: No route found
06-29 13:24:06.087 23488 24470 I net.osmand: RoutePlannerFrontEnd Native routing took 0.094 seconds
06-29 13:24:06.087 23488 24470 I System.out: ROUTE : 
06-29 13:24:06.088 23488 24470 I net.osmand: RouteResultPreparation <test regions="" description="" best_percent="" vehicle="car" 
06-29 13:24:06.088 23488 24470 I net.osmand:   start_lat="0.00241" start_lon="-51.07988" target_lat="-0.00069" target_lon="-51.09564"  routing_time="0.00" loadedTiles="18" visitedSegments="2" complete_distance="0.00" complete_time="0.00" >
06-29 13:24:06.088 23488 24470 I System.out: <test regions="" description="" best_percent="" vehicle="car" 
06-29 13:24:06.088 23488 24470 I System.out:   start_lat="0.00241" start_lon="-51.07988" target_lat="-0.00069" target_lon="-51.09564"  routing_time="0.00" loadedTiles="18" visitedSegments="2" complete_distance="0.00" complete_time="0.00" >
06-29 13:24:06.088 23488 24470 I System.out: </test>
06-29 13:24:06.088 23488 24470 I System.out: <test regions="" description="" best_percent="" vehicle="car" 
06-29 13:24:06.088 23488 24470 I System.out:   start_lat="0.00241" start_lon="-51.07988" target_lat="-0.00069" target_lon="-51.09564"  routing_time="0.00" loadedTiles="18" visitedSegments="2" complete_distance="0.00" complete_time="0.00" >
06-29 13:24:06.089 23488 24470 I net.osmand: RouteProvider Finding route contained 0 points for 347 ms
06-29 13:24:06.741 23488 23488 I net.osmand: RoutingHelper Recalculate route, because wrong movement direction: 238.6161
06-29 13:24:06.745 23488 23488 D net.osmand: AbstractPrologCommandPlayer abandonAudioFocus
06-29 13:24:06.746 23488 23488 W MaterialProgressBar: Current drawable is not a MaterialProgressDrawable, you may want to set app:mpb_setBothDrawables
06-29 13:24:06.765 23488 24471 I net.osmand: RouteProvider Start finding route from Location[mProvider=gps,mTime=1561829047000,mLatitude=0.002408333333333333,mLongitude=-51.07965666666667,mHasAltitude=false,mAltitude=0.0,mHasSpeed=true,mSpeed=0.0,mHasBearing=true,mBearing=0.0,mHasAccuracy=true,mAccuracy=20.0 to Lat -6.9214514E-4 Lon -51.09564 using OsmAnd (offline)
06-29 13:24:06.771 23488 24471 W net.osmand: RouteProvider Use 344 MB Free 3.1953125 of 25.04953 max 384.0
06-29 13:24:07.071 23488 24471 I net.osmand:native: Start point was found 10432438525 [Native]
06-29 13:24:07.122 23488 23488 I net.osmand: RoutingHelper Recalculate route, because wrong movement direction: 263.45316
06-29 13:24:07.135 23488 24471 I net.osmand:native: End point was found 10433843853 [Native]
06-29 13:24:07.137 23488 24471 W net.osmand:native: [Native] Result visited (visited roads 2, visited segments 15 / 0 , queue sizes 18 / 2 ) 
06-29 13:24:07.141 23488 24471 W net.osmand:native: [Native] Result timing (time to load 0, time to calc 2, loaded tiles 18) 
06-29 13:24:07.141 23488 24471 W net.osmand:native: [Native] Memory occupied (Routing context 450 Kb, search 0 Kb)
06-29 13:24:07.143 23488 24471 I net.osmand:native: No route found
06-29 13:24:07.160 23488 24471 I net.osmand: RoutePlannerFrontEnd Native routing took 0.148 seconds
06-29 13:24:07.160 23488 24471 I System.out: ROUTE : 
06-29 13:24:07.161 23488 24471 I net.osmand: RouteResultPreparation <test regions="" description="" best_percent="" vehicle="car" 
06-29 13:24:07.161 23488 24471 I net.osmand:   start_lat="0.00241" start_lon="-51.07966" target_lat="-0.00069" target_lon="-51.09564"  routing_time="0.00" loadedTiles="18" visitedSegments="2" complete_distance="0.00" complete_time="0.00" >
06-29 13:24:07.161 23488 24471 I System.out: <test regions="" description="" best_percent="" vehicle="car" 
06-29 13:24:07.161 23488 24471 I System.out:   start_lat="0.00241" start_lon="-51.07966" target_lat="-0.00069" target_lon="-51.09564"  routing_time="0.00" loadedTiles="18" visitedSegments="2" complete_distance="0.00" complete_time="0.00" >
06-29 13:24:07.161 23488 24471 I System.out: </test>
06-29 13:24:07.161 23488 24471 I System.out: <test regions="" description="" best_percent="" vehicle="car" 
06-29 13:24:07.161 23488 24471 I System.out:   start_lat="0.00241" start_lon="-51.07966" target_lat="-0.00069" target_lon="-51.09564"  routing_time="0.00" loadedTiles="18" visitedSegments="2" complete_distance="0.00" complete_time="0.00" >
06-29 13:24:07.162 23488 24471 I net.osmand: RouteProvider Finding route contained 0 points for 398 ms
06-29 13:24:07.691 23488 23488 I net.osmand: RoutingHelper Recalculate route, because wrong movement direction: 263.45316
06-29 13:24:07.693 23488 23488 D net.osmand: AbstractPrologCommandPlayer abandonAudioFocus
06-29 13:24:07.693 23488 23488 W MaterialProgressBar: Current drawable is not a MaterialProgressDrawable, you may want to set app:mpb_setBothDrawables
06-29 13:24:07.697 23488 24472 I net.osmand: RouteProvider Start finding route from Location[mProvider=gps,mTime=1561829048000,mLatitude=0.002408333333333333,mLongitude=-51.07943333333333,mHasAltitude=false,mAltitude=0.0,mHasSpeed=true,mSpeed=0.0,mHasBearing=true,mBearing=0.0,mHasAccuracy=true,mAccuracy=20.0 to Lat -6.9214514E-4 Lon -51.09564 using OsmAnd (offline)
06-29 13:24:07.697 23488 24472 W net.osmand: RouteProvider Use 341 MB Free 0.53125 of 25.04953 max 384.0
06-29 13:24:08.002 23488 24472 I net.osmand:native: Start point was found 10432438525 [Native]
06-29 13:24:08.017 23488 24472 I net.osmand:native: End point was found 10433843853 [Native]
06-29 13:24:08.041 23488 23498 I zygote  : Background concurrent copying GC freed 140879(7MB) AllocSpace objects, 43(904KB) LOS objects, 23% free, 19MB/25MB, paused 1.201ms total 337.896ms
06-29 13:24:08.498 23488 23488 I net.osmand: RoutingHelper Recalculate route, because wrong movement direction: 288.10544
06-29 13:24:08.565 23488 24472 W net.osmand:native: [Native] Result visited (visited roads 1124, visited segments 779 / 473 , queue sizes 294 / 456 ) 
06-29 13:24:08.565 23488 24472 W net.osmand:native: [Native] Result timing (time to load 0, time to calc 548, loaded tiles 37) 
06-29 13:24:08.565 23488 24472 W net.osmand:native: [Native] Memory occupied (Routing context 932 Kb, search 25 Kb)
06-29 13:24:08.570 23488 24472 I net.osmand:native: No route found
06-29 13:24:08.608 23488 24472 I net.osmand: RoutePlannerFrontEnd Native routing took 0.654 seconds
06-29 13:24:08.609 23488 24472 I System.out: ROUTE : 
06-29 13:24:08.609 23488 24472 I net.osmand: RouteResultPreparation <test regions="" description="" best_percent="" vehicle="car" 
06-29 13:24:08.609 23488 24472 I net.osmand:   start_lat="0.00241" start_lon="-51.07943" target_lat="-0.00069" target_lon="-51.09564"  routing_time="0.00" loadedTiles="37" visitedSegments="1124" complete_distance="0.00" complete_time="0.00" >
06-29 13:24:08.609 23488 24472 I System.out: <test regions="" description="" best_percent="" vehicle="car" 
06-29 13:24:08.610 23488 24472 I System.out:   start_lat="0.00241" start_lon="-51.07943" target_lat="-0.00069" target_lon="-51.09564"  routing_time="0.00" loadedTiles="37" visitedSegments="1124" complete_distance="0.00" complete_time="0.00" >
06-29 13:24:08.610 23488 24472 I System.out: </test>
06-29 13:24:08.610 23488 24472 I System.out: <test regions="" description="" best_percent="" vehicle="car" 
