07-03 11:50:05.465  5305  5305 I net.osmand: RoutingHelper Recalculate route, because wrong movement direction: 186070.33
07-03 11:50:05.651  5305  5305 I net.osmand: RoutingHelper Recalculate route, because correlation  : 186070.33175635283
07-03 11:50:06.145  5305  5305 I net.osmand: RoutingHelper Recalculate route, because correlation  : 186070.33175635283
07-03 11:50:06.145  5305  5305 I net.osmand: RoutingHelper Recalculate route, because wrong movement direction: 186070.33
07-03 11:50:06.183  5305  5305 I net.osmand: RoutingHelper Recalculate route, because correlation  : 186070.33175635283
07-03 11:50:06.521  5305  5305 I net.osmand: RoutingHelper Recalculate route, because correlation  : 186070.33175635283
07-03 11:50:06.522  5305  5305 I net.osmand: RoutingHelper Recalculate route, because wrong movement direction: 186070.33
07-03 11:50:06.612  5305  5305 I net.osmand: RoutingHelper Recalculate route, because correlation  : 186070.33175635283
07-03 11:50:06.873  5305  5315 I zygote  : Background concurrent copying GC freed 309581(6MB) AllocSpace objects, 0(0B) LOS objects, 9% free, 56MB/62MB, paused 2.139ms total 1.388s
07-03 11:50:07.387  5305  5305 I net.osmand: RoutingHelper Recalculate route, because correlation  : 186070.33175635283
07-03 11:50:07.387  5305  5305 I net.osmand: RoutingHelper Recalculate route, because wrong movement direction: 186070.33
07-03 11:50:07.392  5305  5305 I net.osmand: RoutingHelper Recalculate route, because correlation  : 186070.33175635283
07-03 11:50:07.574  5305  5305 I net.osmand: RoutingHelper Recalculate route, because correlation  : 186070.33175635283
07-03 11:50:07.574  5305  5305 I net.osmand: RoutingHelper Recalculate route, because wrong movement direction: 186070.33
07-03 11:50:07.586  1604  5753 I WifiService: acquireWifiLock uid=10014 lockMode=2
07-03 11:50:07.614  5305  5305 I net.osmand: RoutingHelper Recalculate route, because correlation  : 186070.33175635283
07-03 11:50:07.854  1604  3712 I WifiService: releaseWifiLock uid=10014
07-03 11:50:08.315  5305  5315 I zygote  : Background concurrent copying GC freed 828704(18MB) AllocSpace objects, 0(0B) LOS objects, 11% free, 47MB/53MB, paused 8.749ms total 691.635ms
07-03 11:50:08.467  5305  5305 I net.osmand: RoutingHelper Recalculate route, because correlation  : 186070.33175635283
07-03 11:50:08.518  5305  5305 I net.osmand: RoutingHelper Recalculate route, because correlation  : 186070.33175635283
07-03 11:50:08.518  5305  5305 I net.osmand: RoutingHelper Recalculate route, because wrong movement direction: 186070.33
07-03 11:50:08.563  5305  5305 I net.osmand: RoutingHelper Recalculate route, because correlation  : 186070.33175635283
07-03 11:50:08.563  5305  5305 I net.osmand: RoutingHelper Recalculate route, because wrong movement direction: 186070.33
07-03 11:50:08.565  5305  5305 I net.osmand: RoutingHelper Recalculate route, because correlation  : 186070.33175635283
07-03 11:50:09.478  5305  5305 I net.osmand: RoutingHelper Recalculate route, because correlation  : 186070.33175635283
07-03 11:50:09.478  5305  5305 I net.osmand: RoutingHelper Recalculate route, because wrong movement direction: 186070.33
07-03 11:50:09.496  5305  5305 I net.osmand: RoutingHelper Recalculate route, because correlation  : 186070.33175635283
07-03 11:50:09.957  5305  5305 I net.osmand: RoutingHelper Recalculate route, because correlation  : 186070.33175635283
07-03 11:50:09.957  5305  5305 I net.osmand: RoutingHelper Recalculate route, because wrong movement direction: 186070.33
07-03 11:50:10.032  5305  5305 I net.osmand: RoutingHelper Recalculate route, because correlation  : 186070.33175635283
07-03 11:50:10.420  5305  5315 I zygote  : Background concurrent copying GC freed 383071(8MB) AllocSpace objects, 0(0B) LOS objects, 10% free, 48MB/54MB, paused 3.348ms total 788.479ms
07-03 11:50:10.472  5305  5305 I net.osmand: RoutingHelper Recalculate route, because correlation  : 186070.33175635283
07-03 11:50:10.472  5305  5305 I net.osmand: RoutingHelper Recalculate route, because wrong movement direction: 186070.33
07-03 11:50:10.562  5305  5305 I net.osmand: RoutingHelper Recalculate route, because correlation  : 186070.33175635283
07-03 11:50:11.204  5305  5305 I chatty  : uid=10104(net.osmand) identical 1 line
07-03 11:50:11.212  5305  5305 I net.osmand: RoutingHelper Recalculate route, because correlation  : 186070.33175635283
07-03 11:50:11.212  5305  5305 I net.osmand: RoutingHelper Recalculate route, because wrong movement direction: 186070.33
07-03 11:50:11.480  5305  5305 I net.osmand: RoutingHelper Recalculate route, because correlation  : 186070.33175635283
07-03 11:50:11.481  5305  5305 I net.osmand: RoutingHelper Recalculate route, because wrong movement direction: 186070.33
07-03 11:50:11.510  5305  5305 D net.osmand: DayNightHelper Sunrise/sunset setting to day: true
07-03 11:50:11.663  5305  5305 I net.osmand: RoutingHelper Recalculate route, because correlation  : 186070.33175635283
07-03 11:50:12.081  5305  5315 I zygote  : Background concurrent copying GC freed 465292(10MB) AllocSpace objects, 0(0B) LOS objects, 10% free, 50MB/56MB, paused 1.758ms total 826.438ms
07-03 11:50:12.431  5305  5305 I net.osmand: RoutingHelper Recalculate route, because correlation  : 186070.33175635283
07-03 11:50:12.431  5305  5305 I net.osmand: RoutingHelper Recalculate route, because wrong movement direction: 186070.33
07-03 11:50:12.576  5305  5305 I net.osmand: RoutingHelper Recalculate route, because correlation  : 186070.33175635283
07-03 11:50:12.576  5305  5305 I net.osmand: RoutingHelper Recalculate route, because wrong movement direction: 186070.33
07-03 11:50:12.659  5305  5305 I net.osmand: RoutingHelper Recalculate route, because correlation  : 186070.33175635283
07-03 11:50:12.684  5305  5305 I chatty  : uid=10104(net.osmand) identical 1 line
07-03 11:50:13.477  5305  5305 I net.osmand: RoutingHelper Recalculate route, because correlation  : 186070.33175635283
07-03 11:50:13.477  5305  5305 I net.osmand: RoutingHelper Recalculate route, because wrong movement direction: 186070.33
07-03 11:50:13.573  5305  5305 I net.osmand: RoutingHelper Recalculate route, because correlation  : 186070.33175635283
07-03 11:50:13.903  5305  5305 I net.osmand: RoutingHelper Recalculate route, because correlation  : 186070.33175635283
07-03 11:50:13.903  5305  5305 I net.osmand: RoutingHelper Recalculate route, because wrong movement direction: 186070.33
07-03 11:50:13.998  5305  5305 I net.osmand: RoutingHelper Recalculate route, because correlation  : 186070.33175635283
07-03 11:50:14.530  5305  5305 I net.osmand: RoutingHelper Recalculate route, because correlation  : 186070.33175635283
07-03 11:50:14.531  5305  5305 I net.osmand: RoutingHelper Recalculate route, because wrong movement direction: 186070.33
07-03 11:50:14.570  5305  5305 I net.osmand: RoutingHelper Recalculate route, because correlation  : 186070.33175635283
07-03 11:50:14.751  5305  5315 I zygote  : Background concurrent copying GC freed 547204(12MB) AllocSpace objects, 0(0B) LOS objects, 10% free, 52MB/58MB, paused 13.075ms total 1.240s
07-03 11:50:15.053  5305  5305 I net.osmand: RoutingHelper Recalculate route, because correlation  : 186070.33175635283
07-03 11:50:15.053  5305  5305 I net.osmand: RoutingHelper Recalculate route, because wrong movement direction: 186070.33
07-03 11:50:15.209  5305  5305 I net.osmand: RoutingHelper Recalculate route, because correlation  : 186070.33175635283
07-03 11:50:15.623  5305  5305 I net.osmand: RoutingHelper Recalculate route, because correlation  : 186070.33175635283
07-03 11:50:15.623  5305  5305 I net.osmand: RoutingHelper Recalculate route, because wrong movement direction: 186070.33
07-03 11:50:15.626  5305  5305 I net.osmand: RoutingHelper Recalculate route, because correlation  : 186070.33175635283
07-03 11:50:16.140  5305  5315 I zygote  : Background concurrent copying GC freed 630836(13MB) AllocSpace objects, 0(0B) LOS objects, 11% free, 48MB/54MB, paused 1.882ms total 712.869ms
07-03 11:50:16.377  5305  5305 I net.osmand: RoutingHelper Recalculate route, because correlation  : 186070.33175635283
07-03 11:50:16.378  5305  5305 I net.osmand: RoutingHelper Recalculate route, because wrong movement direction: 186070.33
07-03 11:50:16.491  5305  5305 I net.osmand: RoutingHelper Recalculate route, because correlation  : 186070.33175635283
07-03 11:50:16.562  5305  5305 I net.osmand: RoutingHelper Recalculate route, because correlation  : 186070.33175635283
07-03 11:50:16.563  5305  5305 I net.osmand: RoutingHelper Recalculate route, because wrong movement direction: 186070.33
07-03 11:50:16.677  5305  5305 I net.osmand: RoutingHelper Recalculate route, because correlation  : 186070.33175635283
07-03 11:50:17.289  5305  5315 I zygote  : Background concurrent copying GC freed 437614(9MB) AllocSpace objects, 0(0B) LOS objects, 11% free, 45MB/51MB, paused 1.787ms total 514.180ms
07-03 11:50:17.540  5305  5305 I net.osmand: RoutingHelper Recalculate route, because correlation  : 186070.33175635283
07-03 11:50:17.540  5305  5305 I net.osmand: RoutingHelper Recalculate route, because wrong movement direction: 186070.33
07-03 11:50:17.599  5305  5305 I net.osmand: RoutingHelper Recalculate route, because correlation  : 186070.33175635283
07-03 11:50:17.834  5305  5305 I net.osmand: RoutingHelper Recalculate route, because correlation  : 186070.33175635283
07-03 11:50:17.834  5305  5305 I net.osmand: RoutingHelper Recalculate route, because wrong movement direction: 186070.33
07-03 11:50:17.846  5305  5305 I net.osmand: RoutingHelper Recalculate route, because correlation  : 186070.33175635283
07-03 11:50:18.454  5305  5315 I zygote  : Background concurrent copying GC freed 306814(6MB) AllocSpace objects, 0(0B) LOS objects, 11% free, 45MB/51MB, paused 6.698ms total 471.540ms
07-03 11:50:18.483  5305  5305 I net.osmand: RoutingHelper Recalculate route, because correlation  : 186070.33175635283
07-03 11:50:18.483  5305  5305 I net.osmand: RoutingHelper Recalculate route, because wrong movement direction: 186070.33
07-03 11:50:18.494  5305  5305 I net.osmand: RoutingHelper Recalculate route, because correlation  : 186070.33175635283
07-03 11:50:19.092  5305  5305 I net.osmand: RoutingHelper Recalculate route, because correlation  : 186070.33175635283
07-03 11:50:19.092  5305  5305 I net.osmand: RoutingHelper Recalculate route, because wrong movement direction: 186070.33
07-03 11:50:19.208  5305  5305 I net.osmand: RoutingHelper Recalculate route, because correlation  : 186070.33175635283
07-03 11:50:19.581  5305  5305 I chatty  : uid=10104(net.osmand) identical 1 line
07-03 11:50:19.613  5305  5305 I net.osmand: RoutingHelper Recalculate route, because correlation  : 186070.33175635283
07-03 11:50:19.613  5305  5305 I net.osmand: RoutingHelper Recalculate route, because wrong movement direction: 186070.33
07-03 11:50:20.204  5305  5315 I zygote  : Background concurrent copying GC freed 303678(6MB) AllocSpace objects, 0(0B) LOS objects, 10% free, 50MB/56MB, paused 931us total 949.640ms
07-03 11:50:20.357  5305  5305 I net.osmand: RoutingHelper Recalculate route, because correlation  : 186070.33175635283
07-03 11:50:20.357  5305  5305 I net.osmand: RoutingHelper Recalculate route, because wrong movement direction: 186070.33
07-03 11:50:20.454  5305  5305 I net.osmand: RoutingHelper Recalculate route, because correlation  : 186070.33175635283
07-03 11:50:20.497  5305  5305 I net.osmand: RoutingHelper Recalculate route, because correlation  : 186070.33175635283
07-03 11:50:20.497  5305  5305 I net.osmand: RoutingHelper Recalculate route, because wrong movement direction: 186070.33
07-03 11:50:20.599  5305  5305 I net.osmand: RoutingHelper Recalculate route, because correlation  : 186070.33175635283
07-03 11:50:21.228  5305  5315 I zygote  : Background concurrent copying GC freed 539592(11MB) AllocSpace objects, 0(0B) LOS objects, 11% free, 45MB/51MB, paused 1.111ms total 545.593ms
07-03 11:50:21.665  5305  5305 I net.osmand: RoutingHelper Recalculate route, because correlation  : 186070.33175635283
07-03 11:50:21.665  5305  5305 I net.osmand: RoutingHelper Recalculate route, because wrong movement direction: 186070.33
07-03 11:50:21.772  5305  5305 I net.osmand: RoutingHelper Recalculate route, because correlation  : 186070.33175635283
07-03 11:50:21.942  5305  5305 I chatty  : uid=10104(net.osmand) identical 1 line
07-03 11:50:21.993  5305  5305 I net.osmand: RoutingHelper Recalculate route, because correlation  : 186070.33175635283
07-03 11:50:21.993  5305  5305 I net.osmand: RoutingHelper Recalculate route, because wrong movement direction: 186070.33
07-03 11:50:22.531  5305  5305 I net.osmand: RoutingHelper Recalculate route, because correlation  : 186070.33175635283
07-03 11:50:22.531  5305  5305 I net.osmand: RoutingHelper Recalculate route, because wrong movement direction: 186070.33
07-03 11:50:22.628  5305  5305 I net.osmand: RoutingHelper Recalculate route, because correlation  : 186070.33175635283
07-03 11:50:22.818  5305  5315 I zygote  : Background concurrent copying GC freed 326198(7MB) AllocSpace objects, 0(0B) LOS objects, 11% free, 47MB/53MB, paused 1.477ms total 796.642ms
07-03 11:50:23.130  5305  5305 I net.osmand: RoutingHelper Recalculate route, because correlation  : 186070.33175635283
07-03 11:50:23.130  5305  5305 I net.osmand: RoutingHelper Recalculate route, because wrong movement direction: 186070.33
07-03 11:50:23.331  5305  5305 I net.osmand: RoutingHelper Recalculate route, because correlation  : 186070.33175635283
07-03 11:50:23.572  5305  5305 I net.osmand: RoutingHelper Recalculate route, because correlation  : 186070.33175635283
07-03 11:50:23.574  5305  5305 I net.osmand: RoutingHelper Recalculate route, because wrong movement direction: 186070.33
07-03 11:50:23.626  5305  5305 I net.osmand: RoutingHelper Recalculate route, because correlation  : 186070.33175635283
07-03 11:50:24.186  5305  5315 I zygote  : Background concurrent copying GC freed 383804(8MB) AllocSpace objects, 0(0B) LOS objects, 10% free, 50MB/56MB, paused 935us total 930.413ms
07-03 11:50:24.374  5305  5305 I net.osmand: RoutingHelper Recalculate route, because correlation  : 186070.33175635283
07-03 11:50:24.374  5305  5305 I net.osmand: RoutingHelper Recalculate route, because wrong movement direction: 186070.33
07-03 11:50:24.477  5305  5305 I net.osmand: RoutingHelper Recalculate route, because correlation  : 186070.33175635283
07-03 11:50:24.564  5305  5305 I net.osmand: RoutingHelper Recalculate route, because correlation  : 186070.33175635283
07-03 11:50:24.564  5305  5305 I net.osmand: RoutingHelper Recalculate route, because wrong movement direction: 186070.33
07-03 11:50:24.657  5305  5305 I net.osmand: RoutingHelper Recalculate route, because correlation  : 186070.33175635283
07-03 11:50:25.327  5305  5315 I zygote  : Background concurrent copying GC freed 531287(11MB) AllocSpace objects, 0(0B) LOS objects, 11% free, 45MB/51MB, paused 1.443ms total 495.357ms
07-03 11:50:25.532  5305  5305 I net.osmand: RoutingHelper Recalculate route, because correlation  : 186070.33175635283
07-03 11:50:25.532  5305  5305 I net.osmand: RoutingHelper Recalculate route, because wrong movement direction: 186070.33
07-03 11:50:25.667  5305  5305 I net.osmand: RoutingHelper Recalculate route, because correlation  : 186070.33175635283
07-03 11:50:25.784  5305  5305 I net.osmand: RoutingHelper Recalculate route, because correlation  : 186070.33175635283
07-03 11:50:25.784  5305  5305 I net.osmand: RoutingHelper Recalculate route, because wrong movement direction: 186070.33
07-03 11:50:25.937  5305  5305 I net.osmand: RoutingHelper Recalculate route, because correlation  : 186070.33175635283
07-03 11:50:26.472  5305  5315 I zygote  : Background concurrent copying GC freed 296591(6MB) AllocSpace objects, 0(0B) LOS objects, 11% free, 45MB/51MB, paused 1.253ms total 462.285ms
07-03 11:50:26.505  5305  5305 I net.osmand: RoutingHelper Recalculate route, because correlation  : 186070.33175635283
07-03 11:50:26.505  5305  5305 I net.osmand: RoutingHelper Recalculate route, because wrong movement direction: 186070.33
07-03 11:50:26.564  5305  5305 I net.osmand: RoutingHelper Recalculate route, because correlation  : 186070.33175635283
07-03 11:50:26.986  5305  5305 I net.osmand: RoutingHelper Recalculate route, because correlation  : 186070.33175635283
07-03 11:50:26.986  5305  5305 I net.osmand: RoutingHelper Recalculate route, because wrong movement direction: 186070.33
07-03 11:50:26.999  5305  5305 I net.osmand: RoutingHelper Recalculate route, because correlation  : 186070.33175635283
07-03 11:50:27.500  5305  5305 I net.osmand: RoutingHelper Recalculate route, because correlation  : 186070.33175635283
07-03 11:50:27.500  5305  5305 I net.osmand: RoutingHelper Recalculate route, because wrong movement direction: 186070.33
07-03 11:50:27.564  1970  1970 I GeofencerStateMachine: sendNewTransitions called.
07-03 11:50:27.597  5305  5305 I net.osmand: RoutingHelper Recalculate route, because correlation  : 186070.33175635283
07-03 11:50:27.678  1604  2691 I WifiService: acquireWifiLock uid=10014 lockMode=2
07-03 11:50:27.988  5305  5315 I zygote  : Background concurrent copying GC freed 309106(6MB) AllocSpace objects, 0(0B) LOS objects, 10% free, 48MB/54MB, paused 2.187ms total 797.381ms
07-03 11:50:28.254  5305  5305 I net.osmand: RoutingHelper Recalculate route, because correlation  : 186070.33175635283
07-03 11:50:28.332  5305  5305 I net.osmand: RoutingHelper Recalculate route, because correlation  : 186070.33175635283
07-03 11:50:28.332  5305  5305 I net.osmand: RoutingHelper Recalculate route, because wrong movement direction: 186070.33
07-03 11:50:28.558  5305  5305 I net.osmand: RoutingHelper Recalculate route, because correlation  : 186070.33175635283
07-03 11:50:28.589  5305  5305 I net.osmand: RoutingHelper Recalculate route, because correlation  : 186070.33175635283
07-03 11:50:28.589  5305  5305 I net.osmand: RoutingHelper Recalculate route, because wrong movement direction: 186070.33
07-03 11:50:29.256  5305  5315 I zygote  : Background concurrent copying GC freed 480129(10MB) AllocSpace objects, 0(0B) LOS objects, 11% free, 46MB/52MB, paused 6.947ms total 712.289ms
07-03 11:50:29.532  5305  5305 I net.osmand: RoutingHelper Recalculate route, because correlation  : 186070.33175635283
07-03 11:50:29.532  5305  5305 I net.osmand: RoutingHelper Recalculate route, because wrong movement direction: 186070.33
07-03 11:50:29.622  5305  5305 I net.osmand: RoutingHelper Recalculate route, because correlation  : 186070.33175635283
07-03 11:50:29.622  5305  5305 I net.osmand: RoutingHelper Recalculate route, because wrong movement direction: 186070.33
07-03 11:50:29.721  5305  5305 I net.osmand: RoutingHelper Recalculate route, because correlation  : 186070.33175635283
07-03 11:50:29.771  5305  5305 I net.osmand: RoutingHelper Recalculate route, because correlation  : 186070.33175635283
07-03 11:50:30.463  5305  5315 I zygote  : Background concurrent copying GC freed 364556(8MB) AllocSpace objects, 0(0B) LOS objects, 11% free, 45MB/51MB, paused 1.504ms total 515.291ms
07-03 11:50:30.485  5305  5305 I net.osmand: RoutingHelper Recalculate route, because correlation  : 186070.33175635283
07-03 11:50:30.645  5305  5305 I net.osmand: RoutingHelper Recalculate route, because correlation  : 186070.33175635283
07-03 11:50:30.645  5305  5305 I net.osmand: RoutingHelper Recalculate route, because wrong movement direction: 186070.33
07-03 11:50:30.701  1604  5757 D WificondControl: Scan result ready event
07-03 11:50:30.978  1604  3712 I WifiService: releaseWifiLock uid=10014
07-03 11:50:31.031  5305  5305 I net.osmand: RoutingHelper Recalculate route, because correlation  : 186070.33175635283
07-03 11:50:31.031  5305  5305 I net.osmand: RoutingHelper Recalculate route, because wrong movement direction: 186070.33
07-03 11:50:31.124  5305  5305 I net.osmand: RoutingHelper Recalculate route, because correlation  : 186070.33175635283
07-03 11:50:31.369  1970  1980 I zygote  : Background concurrent copying GC freed 114163(4MB) AllocSpace objects, 2(104KB) LOS objects, 38% free, 9MB/15MB, paused 1.534ms total 594.937ms
07-03 11:50:31.627  5305  5305 I net.osmand: RoutingHelper Recalculate route, because correlation  : 186070.33175635283
07-03 11:50:31.628  5305  5305 I net.osmand: RoutingHelper Recalculate route, because wrong movement direction: 186070.33
07-03 11:50:31.640  5305  5305 I net.osmand: RoutingHelper Recalculate route, because correlation  : 186070.33175635283
07-03 11:50:32.122  5305  5315 I zygote  : Background concurrent copying GC freed 307163(6MB) AllocSpace objects, 0(0B) LOS objects, 10% free, 52MB/58MB, paused 1.224ms total 1.064s
07-03 11:50:32.185  5305  5305 I net.osmand: RoutingHelper Recalculate route, because correlation  : 186070.33175635283
07-03 11:50:32.193  5305  5305 I net.osmand: RoutingHelper Recalculate route, because correlation  : 186070.33175635283
07-03 11:50:32.193  5305  5305 I net.osmand: RoutingHelper Recalculate route, because wrong movement direction: 186070.33
07-03 11:50:32.502  5305  5305 I net.osmand: RoutingHelper Recalculate route, because correlation  : 186070.33175635283
07-03 11:50:32.502  5305  5305 I net.osmand: RoutingHelper Recalculate route, because wrong movement direction: 186070.33
07-03 11:50:32.630  5305  5305 I net.osmand: RoutingHelper Recalculate route, because correlation  : 186070.33175635283
07-03 11:50:33.289  5305  5315 I zygote  : Background concurrent copying GC freed 631146(13MB) AllocSpace objects, 0(0B) LOS objects, 11% free, 46MB/52MB, paused 2.592ms total 615.421ms
07-03 11:50:33.530  5305  5305 I net.osmand: RoutingHelper Recalculate route, because correlation  : 186070.33175635283
07-03 11:50:33.533  5305  5305 I net.osmand: RoutingHelper Recalculate route, because correlation  : 186070.33175635283
07-03 11:50:33.533  5305  5305 I net.osmand: RoutingHelper Recalculate route, because wrong movement direction: 186070.33
07-03 11:50:33.538  5305  5305 I net.osmand: RoutingHelper Recalculate route, because correlation  : 186070.33175635283
07-03 11:50:33.538  5305  5305 I net.osmand: RoutingHelper Recalculate route, because wrong movement direction: 186070.33
07-03 11:50:33.543  5305  5305 I net.osmand: RoutingHelper Recalculate route, because correlation  : 186070.33175635283
07-03 11:50:34.511  5305  5305 I net.osmand: RoutingHelper Recalculate route, because correlation  : 186070.33175635283
07-03 11:50:34.511  5305  5305 I net.osmand: RoutingHelper Recalculate route, because wrong movement direction: 186070.33
07-03 11:50:34.673  5305  5305 I net.osmand: RoutingHelper Recalculate route, because correlation  : 186070.33175635283
07-03 11:50:34.982  5305  5305 I net.osmand: RoutingHelper Recalculate route, because correlation  : 186070.33175635283
07-03 11:50:34.982  5305  5305 I net.osmand: RoutingHelper Recalculate route, because wrong movement direction: 186070.33
07-03 11:50:35.016  5305  5305 I net.osmand: RoutingHelper Recalculate route, because correlation  : 186070.33175635283
07-03 11:50:35.526  5305  5305 I net.osmand: RoutingHelper Recalculate route, because correlation  : 186070.33175635283
07-03 11:50:35.526  5305  5305 I net.osmand: RoutingHelper Recalculate route, because wrong movement direction: 186070.33
07-03 11:50:35.582  5305  5305 I net.osmand: RoutingHelper Recalculate route, because correlation  : 186070.33175635283
07-03 11:50:35.747  5305  5315 I zygote  : Background concurrent copying GC freed 372541(8MB) AllocSpace objects, 0(0B) LOS objects, 10% free, 52MB/58MB, paused 13.004ms total 1.056s
07-03 11:50:36.144  5305  5305 I net.osmand: RoutingHelper Recalculate route, because correlation  : 186070.33175635283
07-03 11:50:36.144  5305  5305 I net.osmand: RoutingHelper Recalculate route, because wrong movement direction: 186070.33
07-03 11:50:36.257  5305  5305 I net.osmand: RoutingHelper Recalculate route, because correlation  : 186070.33175635283
07-03 11:50:36.539  5305  5305 I net.osmand: RoutingHelper Recalculate route, because correlation  : 186070.33175635283
07-03 11:50:36.539  5305  5305 I net.osmand: RoutingHelper Recalculate route, because wrong movement direction: 186070.33
07-03 11:50:36.731  5305  5305 I net.osmand: RoutingHelper Recalculate route, because correlation  : 186070.33175635283
07-03 11:50:37.378  5305  5315 I zygote  : Background concurrent copying GC freed 631854(13MB) AllocSpace objects, 0(0B) LOS objects, 11% free, 48MB/54MB, paused 1.348ms total 846.727ms
07-03 11:50:37.519  5305  5305 I net.osmand: RoutingHelper Recalculate route, because correlation  : 186070.33175635283
07-03 11:50:37.585  5305  5305 I net.osmand: RoutingHelper Recalculate route, because correlation  : 186070.33175635283
07-03 11:50:37.585  5305  5305 I net.osmand: RoutingHelper Recalculate route, because wrong movement direction: 186070.33
07-03 11:50:37.628  5305  5305 I net.osmand: RoutingHelper Recalculate route, because correlation  : 186070.33175635283
07-03 11:50:37.628  5305  5305 I net.osmand: RoutingHelper Recalculate route, because wrong movement direction: 186070.33
07-03 11:50:37.636  5305  5305 I net.osmand: RoutingHelper Recalculate route, because correlation  : 186070.33175635283
07-03 11:50:37.802  5305  5305 I zygote  : IncrementDisableThreadFlip blocked for 5.823ms
07-03 11:50:38.346  5305  5315 I zygote  : Background concurrent copying GC freed 442121(9MB) AllocSpace objects, 0(0B) LOS objects, 11% free, 45MB/51MB, paused 5.642ms total 559.265ms
07-03 11:50:38.549  5305  5305 I net.osmand: RoutingHelper Recalculate route, because correlation  : 186070.33175635283
07-03 11:50:38.663  5305  5305 I net.osmand: RoutingHelper Recalculate route, because correlation  : 186070.33175635283
07-03 11:50:38.663  5305  5305 I net.osmand: RoutingHelper Recalculate route, because wrong movement direction: 186070.33
07-03 11:50:38.790  5305  5305 I net.osmand: RoutingHelper Recalculate route, because correlation  : 186070.33175635283
07-03 11:50:38.891  5305  5305 I net.osmand: RoutingHelper Recalculate route, because correlation  : 186070.33175635283
07-03 11:50:38.891  5305  5305 I net.osmand: RoutingHelper Recalculate route, because wrong movement direction: 186070.33
07-03 11:50:38.952  5305  5305 I zygote  : IncrementDisableThreadFlip blocked for 7.173ms
07-03 11:50:39.500  5305  5305 I net.osmand: RoutingHelper Recalculate route, because correlation  : 186070.33175635283
07-03 11:50:39.500  5305  5305 I net.osmand: RoutingHelper Recalculate route, because wrong movement direction: 186070.33
07-03 11:50:39.617  5305  5305 I net.osmand: RoutingHelper Recalculate route, because correlation  : 186070.33175635283
07-03 11:50:39.856  5305  5315 I zygote  : Background concurrent copying GC freed 307428(6MB) AllocSpace objects, 0(0B) LOS objects, 10% free, 50MB/56MB, paused 6.552ms total 920.213ms
07-03 11:50:40.115  5305  5305 I net.osmand: RoutingHelper Recalculate route, because correlation  : 186070.33175635283
07-03 11:50:40.115  5305  5305 I net.osmand: RoutingHelper Recalculate route, because wrong movement direction: 186070.33
07-03 11:50:40.166  5305  5305 I net.osmand: RoutingHelper Recalculate route, because correlation  : 186070.33175635283
07-03 11:50:40.490  5305  5305 I net.osmand: RoutingHelper Recalculate route, because correlation  : 186070.33175635283
07-03 11:50:40.490  5305  5305 I net.osmand: RoutingHelper Recalculate route, because wrong movement direction: 186070.33
07-03 11:50:40.502  5305  5305 I net.osmand: RoutingHelper Recalculate route, because correlation  : 186070.33175635283
07-03 11:50:41.271  5305  5315 I zygote  : Background concurrent copying GC freed 546910(12MB) AllocSpace objects, 0(0B) LOS objects, 11% free, 45MB/51MB, paused 2.760ms total 551.993ms
07-03 11:50:41.460  5305  5305 I net.osmand: RoutingHelper Recalculate route, because correlation  : 186070.33175635283
07-03 11:50:41.460  5305  5305 I net.osmand: RoutingHelper Recalculate route, because wrong movement direction: 186070.33
07-03 11:50:41.513  5305  5305 I net.osmand: RoutingHelper Recalculate route, because correlation  : 186070.33175635283
07-03 11:50:41.609  5305  5305 I net.osmand: RoutingHelper Recalculate route, because correlation  : 186070.33175635283
07-03 11:50:41.609  5305  5305 I net.osmand: RoutingHelper Recalculate route, because wrong movement direction: 186070.33
07-03 11:50:41.641  5305  5305 I net.osmand: RoutingHelper Recalculate route, because correlation  : 186070.33175635283
07-03 11:50:42.257  5305  5315 I zygote  : Background concurrent copying GC freed 299421(6MB) AllocSpace objects, 0(0B) LOS objects, 11% free, 45MB/51MB, paused 915us total 517.772ms
07-03 11:50:42.568  5305  5305 I net.osmand: RoutingHelper Recalculate route, because correlation  : 186070.33175635283
07-03 11:50:42.568  5305  5305 I net.osmand: RoutingHelper Recalculate route, because wrong movement direction: 186070.33
07-03 11:50:42.683  5305  5305 I net.osmand: RoutingHelper Recalculate route, because correlation  : 186070.33175635283
07-03 11:50:42.980  5305  5305 I net.osmand: RoutingHelper Recalculate route, because correlation  : 186070.33175635283
07-03 11:50:42.980  5305  5305 I net.osmand: RoutingHelper Recalculate route, because wrong movement direction: 186070.33
07-03 11:50:43.054  5305  5305 I net.osmand: RoutingHelper Recalculate route, because correlation  : 186070.33175635283
07-03 11:50:43.551  5305  5305 I net.osmand: RoutingHelper Recalculate route, because correlation  : 186070.33175635283
07-03 11:50:43.551  5305  5305 I net.osmand: RoutingHelper Recalculate route, because wrong movement direction: 186070.33
07-03 11:50:43.620  5305  5305 I net.osmand: RoutingHelper Recalculate route, because correlation  : 186070.33175635283
07-03 11:50:43.948  5305  5315 I zygote  : Background concurrent copying GC freed 308200(6MB) AllocSpace objects, 0(0B) LOS objects, 10% free, 52MB/58MB, paused 915us total 967.681ms
07-03 11:50:44.196  5305  5305 I net.osmand: RoutingHelper Recalculate route, because correlation  : 186070.33175635283
07-03 11:50:44.196  5305  5305 I net.osmand: RoutingHelper Recalculate route, because wrong movement direction: 186070.33
07-03 11:50:44.214  5305  5305 I net.osmand: RoutingHelper Recalculate route, because correlation  : 186070.33175635283
07-03 11:50:44.502  5305  5305 I chatty  : uid=10104(net.osmand) identical 1 line
07-03 11:50:44.562  5305  5305 I net.osmand: RoutingHelper Recalculate route, because correlation  : 186070.33175635283
07-03 11:50:44.562  5305  5305 I net.osmand: RoutingHelper Recalculate route, because wrong movement direction: 186070.33
07-03 11:50:45.162  5305  5315 I zygote  : Background concurrent copying GC freed 625328(13MB) AllocSpace objects, 0(0B) LOS objects, 11% free, 45MB/51MB, paused 2.899ms total 532.542ms
07-03 11:50:45.463  5305  5305 I net.osmand: RoutingHelper Recalculate route, because correlation  : 186070.33175635283
07-03 11:50:45.463  5305  5305 I net.osmand: RoutingHelper Recalculate route, because wrong movement direction: 186070.33
07-03 11:50:45.601  5305  5305 I net.osmand: RoutingHelper Recalculate route, because correlation  : 186070.33175635283
07-03 11:50:45.601  5305  5305 I net.osmand: RoutingHelper Recalculate route, because wrong movement direction: 186070.33
07-03 11:50:45.678  5305  5305 I net.osmand: RoutingHelper Recalculate route, because correlation  : 186070.33175635283
07-03 11:50:45.781  5305  5305 I net.osmand: RoutingHelper Recalculate route, because correlation  : 186070.33175635283
07-03 11:50:46.416  5305  5315 I zygote  : Background concurrent copying GC freed 298525(6MB) AllocSpace objects, 0(0B) LOS objects, 11% free, 47MB/53MB, paused 1.116ms total 578.515ms
07-03 11:50:46.560  5305  5305 I net.osmand: RoutingHelper Recalculate route, because correlation  : 186070.33175635283
07-03 11:50:46.650  5305  5305 I net.osmand: RoutingHelper Recalculate route, because correlation  : 186070.33175635283
07-03 11:50:46.650  5305  5305 I net.osmand: RoutingHelper Recalculate route, because wrong movement direction: 186070.33
07-03 11:50:46.829  5305  5305 I net.osmand: RoutingHelper Recalculate route, because correlation  : 186070.33175635283
07-03 11:50:46.898  5305  5305 I net.osmand: RoutingHelper Recalculate route, because correlation  : 186070.33175635283
07-03 11:50:46.898  5305  5305 I net.osmand: RoutingHelper Recalculate route, because wrong movement direction: 186070.33
07-03 11:50:47.607  5305  5315 I zygote  : Background concurrent copying GC freed 384618(8MB) AllocSpace objects, 0(0B) LOS objects, 11% free, 47MB/53MB, paused 5.433ms total 562.573ms
07-03 11:50:47.632  5305  5305 I net.osmand: RoutingHelper Recalculate route, because correlation  : 186070.33175635283
07-03 11:50:47.632  5305  5305 I net.osmand: RoutingHelper Recalculate route, because wrong movement direction: 186070.33
07-03 11:50:47.637  5305  5305 I net.osmand: RoutingHelper Recalculate route, because correlation  : 186070.33175635283
07-03 11:50:48.168  5305  5305 I chatty  : uid=10104(net.osmand) identical 1 line
07-03 11:50:48.204  5305  5305 I net.osmand: RoutingHelper Recalculate route, because correlation  : 186070.33175635283
07-03 11:50:48.204  5305  5305 I net.osmand: RoutingHelper Recalculate route, because wrong movement direction: 186070.33
07-03 11:50:48.570  5305  5305 I net.osmand: RoutingHelper Recalculate route, because correlation  : 186070.33175635283
07-03 11:50:48.570  5305  5305 I net.osmand: RoutingHelper Recalculate route, because wrong movement direction: 186070.33
07-03 11:50:48.693  5305  5305 I net.osmand: RoutingHelper Recalculate route, because correlation  : 186070.33175635283
07-03 11:50:48.825  1604  2691 I WifiService: acquireWifiLock uid=10014 lockMode=2
07-03 11:50:49.056  1604  2691 I WifiService: releaseWifiLock uid=10014
07-03 11:50:49.285  5305  5315 I zygote  : Background concurrent copying GC freed 383721(8MB) AllocSpace objects, 0(0B) LOS objects, 10% free, 52MB/58MB, paused 1.486ms total 1.077s
07-03 11:50:49.564  5305  5305 I net.osmand: RoutingHelper Recalculate route, because correlation  : 186070.33175635283
07-03 11:50:49.679  5305  5305 I net.osmand: RoutingHelper Recalculate route, because correlation  : 186070.33175635283
07-03 11:50:49.679  5305  5305 I net.osmand: RoutingHelper Recalculate route, because wrong movement direction: 186070.33
07-03 11:50:49.712  5305  5305 I net.osmand: RoutingHelper Recalculate route, because correlation  : 186070.33175635283
07-03 11:50:49.720  5305  5305 I net.osmand: RoutingHelper Recalculate route, because correlation  : 186070.33175635283
07-03 11:50:49.721  5305  5305 I net.osmand: RoutingHelper Recalculate route, because wrong movement direction: 186070.33
07-03 11:50:50.317  1604  1613 I zygote  : Background concurrent copying GC freed 46767(1955KB) AllocSpace objects, 0(0B) LOS objects, 8% free, 65MB/71MB, paused 1.230ms total 967.139ms
07-03 11:50:50.617  5305  5305 I net.osmand: RoutingHelper Recalculate route, because correlation  : 186070.33175635283
07-03 11:50:50.671  5305  5305 I net.osmand: RoutingHelper Recalculate route, because correlation  : 186070.33175635283
07-03 11:50:50.671  5305  5305 I net.osmand: RoutingHelper Recalculate route, because wrong movement direction: 186070.33
07-03 11:50:50.982  5305  5305 I net.osmand: RoutingHelper Recalculate route, because correlation  : 186070.33175635283
07-03 11:50:51.069  5305  5305 I net.osmand: RoutingHelper Recalculate route, because correlation  : 186070.33175635283
07-03 11:50:51.070  5305  5305 I net.osmand: RoutingHelper Recalculate route, because wrong movement direction: 186070.33
07-03 11:50:51.478  5305  5315 I zygote  : Background concurrent copying GC freed 614688(13MB) AllocSpace objects, 0(0B) LOS objects, 10% free, 52MB/58MB, paused 1.102ms total 961.838ms
07-03 11:50:51.605  5305  5305 I net.osmand: RoutingHelper Recalculate route, because correlation  : 186070.33175635283
07-03 11:50:51.605  5305  5305 I net.osmand: RoutingHelper Recalculate route, because wrong movement direction: 186070.33
07-03 11:50:51.672  5305  5305 I net.osmand: RoutingHelper Recalculate route, because correlation  : 186070.33175635283
07-03 11:50:52.222  5305  5305 I net.osmand: RoutingHelper Recalculate route, because correlation  : 186070.33175635283
07-03 11:50:52.222  5305  5305 I net.osmand: RoutingHelper Recalculate route, because wrong movement direction: 186070.33
07-03 11:50:52.382  5305  5305 I net.osmand: RoutingHelper Recalculate route, because correlation  : 186070.33175635283
07-03 11:50:52.543  5305  5305 I net.osmand: RoutingHelper Recalculate route, because correlation  : 186070.33175635283
07-03 11:50:52.544  5305  5305 I net.osmand: RoutingHelper Recalculate route, because wrong movement direction: 186070.33
07-03 11:50:52.670  5305  5305 I net.osmand: RoutingHelper Recalculate route, because correlation  : 186070.33175635283
07-03 11:50:53.237  5305  5315 I zygote  : Background concurrent copying GC freed 616467(13MB) AllocSpace objects, 0(0B) LOS objects, 10% free, 52MB/58MB, paused 1.846ms total 1.012s
07-03 11:50:53.370  1410  1410 I boot-pipe: done populating /dev/random
07-03 11:50:53.591  5305  5305 I net.osmand: RoutingHelper Recalculate route, because correlation  : 186070.33175635283
07-03 11:50:53.593  5305  5305 I net.osmand: RoutingHelper Recalculate route, because wrong movement direction: 186070.33
07-03 11:50:53.660  5305  5305 I net.osmand: RoutingHelper Recalculate route, because correlation  : 186070.33175635283
07-03 11:50:53.671  5305  5305 I net.osmand: RoutingHelper Recalculate route, because correlation  : 186070.33175635283
07-03 11:50:53.671  5305  5305 I net.osmand: RoutingHelper Recalculate route, because wrong movement direction: 186070.33
07-03 11:50:53.694  5305  5305 I net.osmand: RoutingHelper Recalculate route, because correlation  : 186070.33175635283
07-03 11:50:54.662  5305  5305 I net.osmand: RoutingHelper Recalculate route, because correlation  : 186070.33175635283
07-03 11:50:54.662  5305  5305 I net.osmand: RoutingHelper Recalculate route, because wrong movement direction: 186070.33
07-03 11:50:54.667  5305  5305 I net.osmand: RoutingHelper Recalculate route, because correlation  : 186070.33175635283
07-03 11:50:55.100  5305  5305 I chatty  : uid=10104(net.osmand) identical 1 line
07-03 11:50:55.132  5305  5305 I net.osmand: RoutingHelper Recalculate route, because correlation  : 186070.33175635283
07-03 11:50:55.132  5305  5305 I net.osmand: RoutingHelper Recalculate route, because wrong movement direction: 186070.33
07-03 11:50:55.478  5305  5315 I zygote  : Background concurrent copying GC freed 614591(13MB) AllocSpace objects, 0(0B) LOS objects, 10% free, 52MB/58MB, paused 1.974ms total 952.837ms
07-03 11:50:55.573  5305  5305 I net.osmand: RoutingHelper Recalculate route, because correlation  : 186070.33175635283
07-03 11:50:55.610  5305  5305 I net.osmand: RoutingHelper Recalculate route, because correlation  : 186070.33175635283
07-03 11:50:55.610  5305  5305 I net.osmand: RoutingHelper Recalculate route, because wrong movement direction: 186070.33
07-03 11:50:56.222  5305  5305 I net.osmand: RoutingHelper Recalculate route, because correlation  : 186070.33175635283
07-03 11:50:56.238  5305  5305 I net.osmand: RoutingHelper Recalculate route, because correlation  : 186070.33175635283
07-03 11:50:56.238  5305  5305 I net.osmand: RoutingHelper Recalculate route, because wrong movement direction: 186070.33
07-03 11:50:56.581  5305  5305 I net.osmand: RoutingHelper Recalculate route, because correlation  : 186070.33175635283
07-03 11:50:56.581  5305  5305 I net.osmand: RoutingHelper Recalculate route, because wrong movement direction: 186070.33
07-03 11:50:56.663  5305  5305 I net.osmand: RoutingHelper Recalculate route, because correlation  : 186070.33175635283
07-03 11:50:57.093  5305  5315 I zygote  : Background concurrent copying GC freed 619702(13MB) AllocSpace objects, 0(0B) LOS objects, 10% free, 50MB/56MB, paused 2.799ms total 837.057ms
07-03 11:50:57.481  5305  5305 I net.osmand: RoutingHelper Recalculate route, because correlation  : 186070.33175635283
07-03 11:50:57.481  5305  5305 I net.osmand: RoutingHelper Recalculate route, because wrong movement direction: 186070.33
07-03 11:50:57.584  5305  5305 I net.osmand: RoutingHelper Recalculate route, because correlation  : 186070.33175635283
07-03 11:50:57.584  5305  5305 I net.osmand: RoutingHelper Recalculate route, because wrong movement direction: 186070.33
07-03 11:50:57.713  5305  5305 I net.osmand: RoutingHelper Recalculate route, because correlation  : 186070.33175635283
07-03 11:50:57.805  5305  5305 I chatty  : uid=10104(net.osmand) identical 1 line
07-03 11:50:58.599  5305  5305 I net.osmand: RoutingHelper Recalculate route, because correlation  : 186070.33175635283
07-03 11:50:58.599  5305  5305 I net.osmand: RoutingHelper Recalculate route, because wrong movement direction: 186070.33
07-03 11:50:58.705  1970  1970 I GeofencerStateMachine: sendNewTransitions called.
07-03 11:50:58.785  5305  5305 I net.osmand: RoutingHelper Recalculate route, because correlation  : 186070.33175635283
07-03 11:50:58.910  5305  5315 I zygote  : Background concurrent copying GC freed 533627(11MB) AllocSpace objects, 0(0B) LOS objects, 10% free, 50MB/56MB, paused 1.221ms total 1.056s
07-03 11:50:58.942  5305  5305 I net.osmand: RoutingHelper Recalculate route, because correlation  : 186070.33175635283
07-03 11:50:58.943  5305  5305 I net.osmand: RoutingHelper Recalculate route, because wrong movement direction: 186070.33
07-03 11:50:58.950  5305  5305 I net.osmand: RoutingHelper Recalculate route, because correlation  : 186070.33175635283
07-03 11:50:59.508  5305  5305 I chatty  : uid=10104(net.osmand) identical 1 line
07-03 11:50:59.580  5305  5305 I net.osmand: RoutingHelper Recalculate route, because correlation  : 186070.33175635283
07-03 11:50:59.580  5305  5305 I net.osmand: RoutingHelper Recalculate route, because wrong movement direction: 186070.33
07-03 11:51:00.028  1604  1617 E memtrack: Couldn't load memtrack module
07-03 11:51:00.028  1604  1617 W android.os.Debug: failed to get memory consumption info: -1
07-03 11:51:00.455  5305  5315 I zygote  : Background concurrent copying GC freed 531296(11MB) AllocSpace objects, 0(0B) LOS objects, 11% free, 47MB/53MB, paused 2.185ms total 830.154ms
07-03 11:51:00.468  1604  1617 E memtrack: Couldn't load memtrack module
07-03 11:51:00.468  1604  1617 W android.os.Debug: failed to get memory consumption info: -1
07-03 11:51:00.525  5305  5305 I net.osmand: RoutingHelper Recalculate route, because correlation  : 186070.33175635283
07-03 11:51:00.525  5305  5305 I net.osmand: RoutingHelper Recalculate route, because wrong movement direction: 186070.33
07-03 11:51:00.652  5305  5305 I net.osmand: RoutingHelper Recalculate route, because correlation  : 186070.33175635283
07-03 11:51:01.501  5305  5305 I chatty  : uid=10104(net.osmand) identical 1 line
07-03 11:51:01.506  5305  5305 I net.osmand: RoutingHelper Recalculate route, because correlation  : 186070.33175635283
07-03 11:51:01.506  5305  5305 I net.osmand: RoutingHelper Recalculate route, because wrong movement direction: 186070.33
07-03 11:51:01.721  5305  5305 I net.osmand: RoutingHelper Recalculate route, because correlation  : 186070.33175635283
07-03 11:51:01.721  5305  5305 I net.osmand: RoutingHelper Recalculate route, because wrong movement direction: 186070.33
07-03 11:51:01.727  5305  5305 I net.osmand: RoutingHelper Recalculate route, because correlation  : 186070.33175635283
07-03 11:51:02.386  5305  5315 I zygote  : Background concurrent copying GC freed 389556(8MB) AllocSpace objects, 0(0B) LOS objects, 10% free, 48MB/54MB, paused 1.213ms total 758.521ms
07-03 11:51:02.502  5305  5305 I net.osmand: RoutingHelper Recalculate route, because correlation  : 186070.33175635283
07-03 11:51:02.502  5305  5305 I net.osmand: RoutingHelper Recalculate route, because wrong movement direction: 186070.33
07-03 11:51:02.516  5305  5305 I net.osmand: RoutingHelper Recalculate route, because correlation  : 186070.33175635283
07-03 11:51:02.903  5305  5305 I net.osmand: RoutingHelper Recalculate route, because correlation  : 186070.33175635283
07-03 11:51:02.903  5305  5305 I net.osmand: RoutingHelper Recalculate route, because wrong movement direction: 186070.33
07-03 11:51:02.956  5305  5305 I net.osmand: RoutingHelper Recalculate route, because correlation  : 186070.33175635283
07-03 11:51:03.516  5305  5305 I net.osmand: RoutingHelper Recalculate route, because correlation  : 186070.33175635283
07-03 11:51:03.516  5305  5305 I net.osmand: RoutingHelper Recalculate route, because wrong movement direction: 186070.33
07-03 11:51:03.609  5305  5305 I net.osmand: RoutingHelper Recalculate route, because correlation  : 186070.33175635283
07-03 11:51:03.818  5305  5315 I zygote  : Background concurrent copying GC freed 471929(10MB) AllocSpace objects, 0(0B) LOS objects, 10% free, 48MB/54MB, paused 1.751ms total 752.894ms
07-03 11:51:04.275  5305  5305 I net.osmand: RoutingHelper Recalculate route, because correlation  : 186070.33175635283
07-03 11:51:04.276  5305  5305 I net.osmand: RoutingHelper Recalculate route, because wrong movement direction: 186070.33
07-03 11:51:04.311  5305  5305 I net.osmand: RoutingHelper Recalculate route, because correlation  : 186070.33175635283
07-03 11:51:04.531  5305  5305 I net.osmand: RoutingHelper Recalculate route, because correlation  : 186070.33175635283
07-03 11:51:04.531  5305  5305 I net.osmand: RoutingHelper Recalculate route, because wrong movement direction: 186070.33
07-03 11:51:04.591  5305  5305 I net.osmand: RoutingHelper Recalculate route, because correlation  : 186070.33175635283
07-03 11:51:05.148  5305  5315 I zygote  : Background concurrent copying GC freed 484671(10MB) AllocSpace objects, 0(0B) LOS objects, 11% free, 46MB/52MB, paused 3.369ms total 597.255ms
07-03 11:51:05.699  5305  5305 I net.osmand: RoutingHelper Recalculate route, because correlation  : 186070.33175635283
07-03 11:51:05.699  5305  5305 I net.osmand: RoutingHelper Recalculate route, because wrong movement direction: 186070.33
07-03 11:51:05.704  5305  5305 I net.osmand: RoutingHelper Recalculate route, because correlation  : 186070.33175635283
07-03 11:51:06.109  5305  5305 I net.osmand: RoutingHelper Recalculate route, because correlation  : 186070.33175635283
07-03 11:51:06.110  5305  5305 I net.osmand: RoutingHelper Recalculate route, because wrong movement direction: 186070.33
07-03 11:51:06.232  5305  5305 I net.osmand: RoutingHelper Recalculate route, because correlation  : 186070.33175635283
07-03 11:51:06.530  5305  5305 I net.osmand: RoutingHelper Recalculate route, because correlation  : 186070.33175635283
07-03 11:51:06.530  5305  5305 I net.osmand: RoutingHelper Recalculate route, because wrong movement direction: 186070.33
07-03 11:51:06.643  5305  5305 I net.osmand: RoutingHelper Recalculate route, because correlation  : 186070.33175635283
07-03 11:51:07.167  5305  5315 I zygote  : Background concurrent copying GC freed 353863(7MB) AllocSpace objects, 0(0B) LOS objects, 10% free, 50MB/56MB, paused 8.688ms total 919.380ms
07-03 11:51:07.503  5305  5305 I net.osmand: RoutingHelper Recalculate route, because correlation  : 186070.33175635283
07-03 11:51:07.504  5305  5305 I net.osmand: RoutingHelper Recalculate route, because wrong movement direction: 186070.33
07-03 11:51:07.547  5305  5305 I net.osmand: RoutingHelper Recalculate route, because correlation  : 186070.33175635283
07-03 11:51:07.551  5305  5305 I chatty  : uid=10104(net.osmand) identical 1 line
07-03 11:51:07.553  5305  5305 I net.osmand: RoutingHelper Recalculate route, because correlation  : 186070.33175635283
07-03 11:51:07.553  5305  5305 I net.osmand: RoutingHelper Recalculate route, because wrong movement direction: 186070.33
07-03 11:51:08.520  5305  5305 I net.osmand: RoutingHelper Recalculate route, because correlation  : 186070.33175635283
07-03 11:51:08.520  5305  5305 I net.osmand: RoutingHelper Recalculate route, because wrong movement direction: 186070.33
07-03 11:51:08.640  5305  5305 I net.osmand: RoutingHelper Recalculate route, because correlation  : 186070.33175635283
07-03 11:51:08.855  5305  5305 I net.osmand: RoutingHelper Recalculate route, because correlation  : 186070.33175635283
07-03 11:51:08.855  5305  5305 I net.osmand: RoutingHelper Recalculate route, because wrong movement direction: 186070.33
07-03 11:51:08.893  1604  2058 I WifiService: acquireWifiLock uid=10014 lockMode=2
07-03 11:51:09.026  5305  5305 I net.osmand: RoutingHelper Recalculate route, because correlation  : 186070.33175635283
07-03 11:51:09.560  5305  5305 I net.osmand: RoutingHelper Recalculate route, because correlation  : 186070.33175635283
07-03 11:51:09.560  5305  5305 I net.osmand: RoutingHelper Recalculate route, because wrong movement direction: 186070.33
07-03 11:51:09.584  5305  5315 I zygote  : Background concurrent copying GC freed 567370(12MB) AllocSpace objects, 0(0B) LOS objects, 10% free, 50MB/56MB, paused 1.764ms total 1.035s
07-03 11:51:09.687  5305  5305 I net.osmand: RoutingHelper Recalculate route, because correlation  : 186070.33175635283
07-03 11:51:10.089  5305  5305 I net.osmand: RoutingHelper Recalculate route, because correlation  : 186070.33175635283
07-03 11:51:10.089  5305  5305 I net.osmand: RoutingHelper Recalculate route, because wrong movement direction: 186070.33
07-03 11:51:10.131  5305  5305 I net.osmand: RoutingHelper Recalculate route, because correlation  : 186070.33175635283
07-03 11:51:10.540  5305  5305 I net.osmand: RoutingHelper Recalculate route, because correlation  : 186070.33175635283
