07-01 13:49:11.257  8767  8794 I net.osmand: MapRenderRepositories RENDER MAP: new request RotatedTileBox [lat=-7.258381666666666, lon=-35.98914833333333, rotate=0.0, density=2.625, zoom=17, mapDensity=3.9375, zoomAnimation=0.0, zoomFloatPart=0.0, cx=900, cy=1972, pixWidth=1800, pixHeight=2690]
07-01 13:49:11.325  8767  8794 I net.osmand:native: Route objects 10
07-01 13:49:11.325  8767  8794 I net.osmand:native: Ocean: no completed & incompleted coastlines 0
07-01 13:49:11.325  8767  8794 I net.osmand:native: Detailed coastlines = 0, basemap coastlines 0, ocean tile 0.000000. Detailed added 0, basemap processed 1, basemap added 0.
07-01 13:49:11.325  8767  8794 I net.osmand:native: Search : tree - read( 570), accept( 34), objs - visit( 2357), accept(41), in result(9) 
07-01 13:49:11.326  8767  8794 I net.osmand: MapRenderRepositories BLat=-7.260692763328552, TLat=-7.252684903144837, LLong=-35.99159622192383, RLong=-35.9866943359375, zoom=17
07-01 13:49:11.326  8767  8794 I net.osmand: MapRenderRepositories Native search: 69 ms 
07-01 13:49:11.335  8767  8794 I net.osmand:native: Creating SkBitmap in native w:1800 h:2690 s:7200 f:1!
07-01 13:49:11.336  8767  8794 I net.osmand:native: Row bytes for RGBA_8888 is 7200
07-01 13:49:11.336  8767  8794 I net.osmand:native: Locked 19368000 bytes at 0x7b500000
07-01 13:49:11.336  8767  8794 I net.osmand:native: Initializing rendering
07-01 13:49:11.338  8767  8794 I net.osmand:native: Rendering image
07-01 13:49:11.383  8767  8794 I net.osmand:native: Native ok (rendering 45, text 0 ms) 
07-01 13:49:11.383  8767  8794 I net.osmand:native:  (707 points, 30 points inside, 16 of 22 objects visible)
07-01 13:49:11.383  8767  8794 I net.osmand:native: End Rendering image
07-01 13:49:11.384  8767  8794 I net.osmand:native: Native ok (init 2, rendering 45) 
07-01 13:49:11.394  8767  8794 I net.osmand: MapRenderRepositories true
07-01 13:49:11.442  8767  8777 I zygote  : Background concurrent copying GC freed 819638(18MB) AllocSpace objects, 0(0B) LOS objects, 11% free, 47MB/53MB, paused 6.490ms total 848.304ms
07-01 13:49:11.567  8767  8767 I net.osmand: RoutingHelper Recalculate route, because correlation  : 11029.518510119375
07-01 13:49:11.567  8767  8767 I net.osmand: RoutingHelper Recalculate route, because wrong movement direction: 11029.519
07-01 13:49:11.710  8767  8767 I net.osmand: RoutingHelper Recalculate route, because correlation  : 11029.518510119375
07-01 13:49:11.813  8767  8767 I net.osmand: RoutingHelper Recalculate route, because correlation  : 11333.505985595822
07-01 13:49:11.813  8767  8767 I net.osmand: RoutingHelper Recalculate route, because wrong movement direction: 11333.506
07-01 13:49:11.868  8767  8767 I net.osmand: RoutingHelper Recalculate route, because correlation  : 11333.505985595822
07-01 13:49:11.998  8767  8795 I net.osmand: MapRenderRepositories RENDER MAP: update due to tile box
07-01 13:49:11.998  8767  8795 I net.osmand: MapRenderRepositories RENDER MAP: Interrupt rendering map
07-01 13:49:12.147  8767  8794 I net.osmand: MapRenderRepositories RENDER MAP: new request RotatedTileBox [lat=-7.259555000000001, lon=-35.99166666666667, rotate=0.0, density=2.625, zoom=17, mapDensity=3.9375, zoomAnimation=0.0, zoomFloatPart=0.0, cx=900, cy=1972, pixWidth=1800, pixHeight=2690]
07-01 13:49:12.235  8767  8794 I net.osmand:native: Route objects 11
07-01 13:49:12.236  8767  8794 I net.osmand:native: Ocean: no completed & incompleted coastlines 0
07-01 13:49:12.236  8767  8794 I net.osmand:native: Detailed coastlines = 0, basemap coastlines 0, ocean tile 0.000000. Detailed added 0, basemap processed 1, basemap added 0.
07-01 13:49:12.236  8767  8794 I net.osmand:native: Search : tree - read( 570), accept( 35), objs - visit( 2397), accept(42), in result(10) 
07-01 13:49:12.236  8767  8794 I net.osmand: MapRenderRepositories BLat=-7.261863374710083, TLat=-7.253856039047241, LLong=-35.994117736816406, RLong=-35.98921585083008, zoom=17
07-01 13:49:12.237  8767  8794 I net.osmand: MapRenderRepositories Native search: 89 ms 
07-01 13:49:12.243  8767  8794 I net.osmand:native: Creating SkBitmap in native w:1800 h:2690 s:7200 f:1!
07-01 13:49:12.243  8767  8794 I net.osmand:native: Row bytes for RGBA_8888 is 7200
07-01 13:49:12.243  8767  8794 I net.osmand:native: Locked 19368000 bytes at 0x69180000
07-01 13:49:12.243  8767  8794 I net.osmand:native: Initializing rendering
07-01 13:49:12.244  8767  8794 I net.osmand:native: Rendering image
07-01 13:49:12.257  8767  8794 I net.osmand:native: Native ok (rendering 12, text 0 ms) 
07-01 13:49:12.257  8767  8794 I net.osmand:native:  (759 points, 30 points inside, 18 of 24 objects visible)
07-01 13:49:12.257  8767  8794 I net.osmand:native: End Rendering image
07-01 13:49:12.257  8767  8794 I net.osmand:native: Native ok (init 1, rendering 12) 
07-01 13:49:12.272  8767  8794 I net.osmand: MapRenderRepositories true
07-01 13:49:12.565  8767  8767 I net.osmand: RoutingHelper Recalculate route, because correlation  : 11333.505985595822
07-01 13:49:12.565  8767  8767 I net.osmand: RoutingHelper Recalculate route, because wrong movement direction: 11333.506
07-01 13:49:12.690  8767  8767 I net.osmand: RoutingHelper Recalculate route, because correlation  : 11333.505985595822
07-01 13:49:13.352  8767  8767 I net.osmand: RoutingHelper Recalculate route, because correlation  : 11637.47433535767
07-01 13:49:13.353  8767  8767 I net.osmand: RoutingHelper Recalculate route, because wrong movement direction: 11637.475
07-01 13:49:13.356  8767  8767 I net.osmand: RoutingHelper Recalculate route, because correlation  : 11637.47433535767
07-01 13:49:13.450  8767  8795 I net.osmand: MapRenderRepositories RENDER MAP: update due to tile box
07-01 13:49:13.450  8767  8795 I net.osmand: MapRenderRepositories RENDER MAP: Interrupt rendering map
07-01 13:49:13.454  8767  8777 I zygote  : Background concurrent copying GC freed 508632(11MB) AllocSpace objects, 0(0B) LOS objects, 9% free, 60MB/66MB, paused 4.756ms total 1.709s
07-01 13:49:13.646  8767  8767 I net.osmand: RoutingHelper Recalculate route, because correlation  : 11637.47433535767
07-01 13:49:13.647  8767  8767 I net.osmand: RoutingHelper Recalculate route, because wrong movement direction: 11637.475
07-01 13:49:13.677  8767  8767 I net.osmand: RoutingHelper Recalculate route, because correlation  : 11637.47433535767
07-01 13:49:13.689  8767  8795 I net.osmand: MapRenderRepositories RENDER MAP: update due to tile box
07-01 13:49:13.690  8767  8795 I net.osmand: MapRenderRepositories RENDER MAP: Interrupt rendering map
07-01 13:49:13.775  8767  8794 I net.osmand: MapRenderRepositories RENDER MAP: new request RotatedTileBox [lat=-7.260728333333333, lon=-35.99418333333333, rotate=0.0, density=2.625, zoom=17, mapDensity=3.9375, zoomAnimation=0.0, zoomFloatPart=0.0, cx=900, cy=1972, pixWidth=1800, pixHeight=2690]
07-01 13:49:13.874  8767  8794 I net.osmand:native: Route objects 14
07-01 13:49:13.874  8767  8794 I net.osmand:native: Ocean: no completed & incompleted coastlines 0
07-01 13:49:13.874  8767  8794 I net.osmand:native: Detailed coastlines = 0, basemap coastlines 0, ocean tile 0.000000. Detailed added 0, basemap processed 1, basemap added 0.
07-01 13:49:13.874  8767  8794 I net.osmand:native: Search : tree - read( 570), accept( 35), objs - visit( 2397), accept(45), in result(13) 
07-01 13:49:13.874  8767  8794 I net.osmand: MapRenderRepositories BLat=-7.263034009933472, TLat=-7.2550266742706295, LLong=-35.996639251708984, RLong=-35.99172592163086, zoom=17
07-01 13:49:13.875  8767  8794 I net.osmand: MapRenderRepositories Native search: 98 ms 
07-01 13:49:13.885  8767  8794 I net.osmand:native: Creating SkBitmap in native w:1800 h:2690 s:7200 f:1!
07-01 13:49:13.885  8767  8794 I net.osmand:native: Row bytes for RGBA_8888 is 7200
07-01 13:49:13.885  8767  8794 I net.osmand:native: Locked 19368000 bytes at 0x7b500000
07-01 13:49:13.885  8767  8794 I net.osmand:native: Initializing rendering
07-01 13:49:13.887  8767  8794 I net.osmand:native: Rendering image
07-01 13:49:13.911  8767  8794 I net.osmand:native: Native ok (rendering 24, text 0 ms) 
07-01 13:49:13.911  8767  8794 I net.osmand:native:  (773 points, 32 points inside, 24 of 30 objects visible)
07-01 13:49:13.911  8767  8794 I net.osmand:native: End Rendering image
07-01 13:49:13.911  8767  8794 I net.osmand:native: Native ok (init 1, rendering 24) 
07-01 13:49:13.922  8767  8794 I net.osmand: MapRenderRepositories true
07-01 13:49:14.630  8767  8767 I net.osmand: RoutingHelper Recalculate route, because correlation  : 11637.47433535767
07-01 13:49:14.631  8767  8767 I net.osmand: RoutingHelper Recalculate route, because wrong movement direction: 11637.475
07-01 13:49:14.843  8767  8767 I net.osmand: RoutingHelper Recalculate route, because correlation  : 11941.762584432896
07-01 13:49:14.843  8767  8767 I net.osmand: RoutingHelper Recalculate route, because wrong movement direction: 11941.763
07-01 13:49:14.845  8767  8767 I net.osmand: RoutingHelper Recalculate route, because correlation  : 11941.762584432896
07-01 13:49:14.848  8767  8767 I net.osmand: RoutingHelper Recalculate route, because correlation  : 11637.47433535767
07-01 13:49:14.949  8767  8777 I zygote  : Background concurrent copying GC freed 1108050(24MB) AllocSpace objects, 0(0B) LOS objects, 10% free, 49MB/55MB, paused 2.944ms total 1.145s
07-01 13:49:15.615  8767  8767 I net.osmand: RoutingHelper Recalculate route, because correlation  : 11941.762584432896
07-01 13:49:15.696  8767  8767 I net.osmand: RoutingHelper Recalculate route, because correlation  : 11941.762584432896
07-01 13:49:15.696  8767  8767 I net.osmand: RoutingHelper Recalculate route, because wrong movement direction: 11941.763
07-01 13:49:15.982  8767  8795 I net.osmand: MapRenderRepositories RENDER MAP: update due to tile box
07-01 13:49:15.983  8767  8795 I net.osmand: MapRenderRepositories RENDER MAP: Interrupt rendering map
07-01 13:49:16.126  8767  8767 I net.osmand: RoutingHelper Recalculate route, because correlation  : 12246.18431568647
07-01 13:49:16.126  8767  8767 I net.osmand: RoutingHelper Recalculate route, because wrong movement direction: 12246.185
07-01 13:49:16.176  8767  8794 I net.osmand: MapRenderRepositories RENDER MAP: new request RotatedTileBox [lat=-7.261901666666668, lon=-35.99670166666667, rotate=0.0, density=2.625, zoom=17, mapDensity=3.9375, zoomAnimation=0.0, zoomFloatPart=0.0, cx=900, cy=1972, pixWidth=1800, pixHeight=2690]
07-01 13:49:16.270  8767  8794 I net.osmand:native: Route objects 8
07-01 13:49:16.270  8767  8794 I net.osmand:native: Ocean: no completed & incompleted coastlines 0
07-01 13:49:16.270  8767  8794 I net.osmand:native: Detailed coastlines = 0, basemap coastlines 0, ocean tile 0.000000. Detailed added 0, basemap processed 1, basemap added 0.
07-01 13:49:16.271  8767  8794 I net.osmand:native: Search : tree - read( 570), accept( 35), objs - visit( 2397), accept(39), in result(7) 
07-01 13:49:16.271  8767  8794 I net.osmand: MapRenderRepositories BLat=-7.264204645156861, TLat=-7.256197309494018, LLong=-35.999149322509766, RLong=-35.99424743652344, zoom=17
07-01 13:49:16.271  8767  8794 I net.osmand: MapRenderRepositories Native search: 95 ms 
07-01 13:49:16.295  8767  8794 I net.osmand:native: Creating SkBitmap in native w:1800 h:2690 s:7200 f:1!
07-01 13:49:16.295  8767  8794 I net.osmand:native: Row bytes for RGBA_8888 is 7200
07-01 13:49:16.296  8767  8794 I net.osmand:native: Locked 19368000 bytes at 0x69180000
07-01 13:49:16.296  8767  8794 I net.osmand:native: Initializing rendering
07-01 13:49:16.297  8767  8794 I net.osmand:native: Rendering image
07-01 13:49:16.306  8767  8767 I net.osmand: RoutingHelper Recalculate route, because correlation  : 12246.18431568647
07-01 13:49:16.335  8767  8794 I net.osmand:native: Native ok (rendering 38, text 0 ms) 
07-01 13:49:16.335  8767  8794 I net.osmand:native:  (681 points, 20 points inside, 12 of 18 objects visible)
07-01 13:49:16.336  8767  8794 I net.osmand:native: End Rendering image
07-01 13:49:16.336  8767  8794 I net.osmand:native: Native ok (init 1, rendering 38) 
07-01 13:49:16.347  8767  8794 I net.osmand: MapRenderRepositories true
07-01 13:49:16.414  8767  8795 I net.osmand: MapRenderRepositories RENDER MAP: update due to tile box
07-01 13:49:16.417  8767  8795 I net.osmand: MapRenderRepositories RENDER MAP: Interrupt rendering map
07-01 13:49:16.610  8767  8767 I net.osmand: RoutingHelper Recalculate route, because correlation  : 12246.18431568647
07-01 13:49:16.611  8767  8767 I net.osmand: RoutingHelper Recalculate route, because wrong movement direction: 12246.185
07-01 13:49:16.664  8767  8767 I net.osmand: RoutingHelper Recalculate route, because correlation  : 12246.18431568647
07-01 13:49:16.713  8767  8795 I net.osmand: MapRenderRepositories RENDER MAP: update due to tile box
07-01 13:49:16.714  8767  8795 I net.osmand: MapRenderRepositories RENDER MAP: Interrupt rendering map
07-01 13:49:17.017  8767  8777 I zygote  : Background concurrent copying GC freed 630567(13MB) AllocSpace objects, 0(0B) LOS objects, 9% free, 54MB/60MB, paused 5.318ms total 1.389s
07-01 13:49:17.102  8767  8794 I net.osmand: MapRenderRepositories RENDER MAP: new request RotatedTileBox [lat=-7.263075, lon=-35.99922, rotate=0.0, density=2.625, zoom=17, mapDensity=3.9375, zoomAnimation=0.0, zoomFloatPart=0.0, cx=900, cy=1972, pixWidth=1800, pixHeight=2690]
07-01 13:49:17.178  8767  8794 I net.osmand:native: Route objects 7
07-01 13:49:17.179  8767  8794 I net.osmand:native: Ocean: no completed & incompleted coastlines 0
07-01 13:49:17.179  8767  8794 I net.osmand:native: Detailed coastlines = 0, basemap coastlines 0, ocean tile 0.000000. Detailed added 0, basemap processed 1, basemap added 0.
07-01 13:49:17.179  8767  8794 I net.osmand:native: Search : tree - read( 570), accept( 37), objs - visit( 2477), accept(38), in result(6) 
07-01 13:49:17.179  8767  8794 I net.osmand: MapRenderRepositories BLat=-7.265374708175659, TLat=-7.257390451431275, LLong=-36.001670837402344, RLong=-35.996768951416016, zoom=17
07-01 13:49:17.179  8767  8794 I net.osmand: MapRenderRepositories Native search: 76 ms 
07-01 13:49:17.186  8767  8794 I net.osmand:native: Creating SkBitmap in native w:1800 h:2690 s:7200 f:1!
07-01 13:49:17.187  8767  8794 I net.osmand:native: Row bytes for RGBA_8888 is 7200
07-01 13:49:17.187  8767  8794 I net.osmand:native: Locked 19368000 bytes at 0x7b500000
07-01 13:49:17.187  8767  8794 I net.osmand:native: Initializing rendering
07-01 13:49:17.188  8767  8794 I net.osmand:native: Rendering image
07-01 13:49:17.200  8767  8794 I net.osmand:native: Native ok (rendering 11, text 0 ms) 
07-01 13:49:17.200  8767  8794 I net.osmand:native:  (661 points, 22 points inside, 10 of 16 objects visible)
07-01 13:49:17.200  8767  8794 I net.osmand:native: End Rendering image
07-01 13:49:17.200  8767  8794 I net.osmand:native: Native ok (init 1, rendering 11) 
07-01 13:49:17.200  8767  8794 I net.osmand: MapRenderRepositories true
07-01 13:49:17.519  8767  8767 I net.osmand: RoutingHelper Recalculate route, because correlation  : 12550.554906228906
07-01 13:49:17.519  8767  8767 I net.osmand: RoutingHelper Recalculate route, because wrong movement direction: 12550.555
07-01 13:49:17.620  8767  8767 I net.osmand: RoutingHelper Recalculate route, because correlation  : 12550.554906228906
07-01 13:49:17.621  8767  8767 I net.osmand: RoutingHelper Recalculate route, because wrong movement direction: 12550.555
07-01 13:49:17.785  8767  8767 I net.osmand: RoutingHelper Recalculate route, because correlation  : 12550.554906228906
07-01 13:49:17.794  8767  8767 I net.osmand: RoutingHelper Recalculate route, because correlation  : 12550.554906228906
07-01 13:49:17.861  8767  8795 I net.osmand: MapRenderRepositories RENDER MAP: update due to tile box
07-01 13:49:17.861  8767  8795 I net.osmand: MapRenderRepositories RENDER MAP: Interrupt rendering map
07-01 13:49:17.953  8767  8794 I net.osmand: MapRenderRepositories RENDER MAP: new request RotatedTileBox [lat=-7.264248333333334, lon=-36.00173666666667, rotate=0.0, density=2.625, zoom=17, mapDensity=3.9375, zoomAnimation=0.0, zoomFloatPart=0.0, cx=900, cy=1972, pixWidth=1800, pixHeight=2690]
07-01 13:49:18.053  8767  8794 I net.osmand:native: Route objects 7
07-01 13:49:18.053  8767  8794 I net.osmand:native: Ocean: no completed & incompleted coastlines 0
07-01 13:49:18.054  8767  8794 I net.osmand:native: Detailed coastlines = 0, basemap coastlines 0, ocean tile 0.000000. Detailed added 0, basemap processed 1, basemap added 0.
07-01 13:49:18.054  8767  8794 I net.osmand:native: Search : tree - read( 570), accept( 37), objs - visit( 2477), accept(38), in result(6) 
07-01 13:49:18.054  8767  8794 I net.osmand: MapRenderRepositories BLat=-7.266545343399048, TLat=-7.258561086654663, LLong=-36.00419235229492, RLong=-35.9992790222168, zoom=17
07-01 13:49:18.054  8767  8794 I net.osmand: MapRenderRepositories Native search: 101 ms 
07-01 13:49:18.079  8767  8794 I net.osmand:native: Creating SkBitmap in native w:1800 h:2690 s:7200 f:1!
07-01 13:49:18.079  8767  8794 I net.osmand:native: Row bytes for RGBA_8888 is 7200
07-01 13:49:18.079  8767  8794 I net.osmand:native: Locked 19368000 bytes at 0x69180000
07-01 13:49:18.079  8767  8794 I net.osmand:native: Initializing rendering
07-01 13:49:18.085  8767  8794 I net.osmand:native: Rendering image
07-01 13:49:18.116  8767  8794 I net.osmand:native: Native ok (rendering 31, text 0 ms) 
07-01 13:49:18.116  8767  8794 I net.osmand:native:  (672 points, 16 points inside, 9 of 16 objects visible)
07-01 13:49:18.117  8767  8794 I net.osmand:native: End Rendering image
07-01 13:49:18.117  8767  8794 I net.osmand:native: Native ok (init 5, rendering 31) 
07-01 13:49:18.118  8767  8794 I net.osmand: MapRenderRepositories true
07-01 13:49:18.643  8767  8767 I net.osmand: RoutingHelper Recalculate route, because correlation  : 12550.554906228906
07-01 13:49:18.644  8767  8767 I net.osmand: RoutingHelper Recalculate route, because wrong movement direction: 12550.555
07-01 13:49:18.667  8767  8767 I net.osmand: RoutingHelper Recalculate route, because correlation  : 12550.554906228906
07-01 13:49:19.054  8767  8767 I net.osmand: RoutingHelper Recalculate route, because correlation  : 12855.215408871312
07-01 13:49:19.054  8767  8767 I net.osmand: RoutingHelper Recalculate route, because wrong movement direction: 12855.216
07-01 13:49:19.127  8767  8767 I net.osmand: RoutingHelper Recalculate route, because correlation  : 12855.215408871312
07-01 13:49:19.189  8767  8795 I net.osmand: MapRenderRepositories RENDER MAP: update due to tile box
07-01 13:49:19.189  8767  8795 I net.osmand: MapRenderRepositories RENDER MAP: Interrupt rendering map
07-01 13:49:19.329  8767  8777 I zygote  : Background concurrent copying GC freed 814364(18MB) AllocSpace objects, 0(0B) LOS objects, 9% free, 60MB/66MB, paused 5.058ms total 1.696s
07-01 13:49:19.547  8767  8795 I net.osmand: MapRenderRepositories RENDER MAP: update due to tile box
07-01 13:49:19.547  8767  8795 I net.osmand: MapRenderRepositories RENDER MAP: Interrupt rendering map
07-01 13:49:19.604  8767  8767 I net.osmand: RoutingHelper Recalculate route, because correlation  : 12855.215408871312
07-01 13:49:19.604  8767  8767 I net.osmand: RoutingHelper Recalculate route, because wrong movement direction: 12855.216
07-01 13:49:19.623  8767  8794 I net.osmand: MapRenderRepositories RENDER MAP: new request RotatedTileBox [lat=-7.265421666666667, lon=-36.00425499999999, rotate=0.0, density=2.625, zoom=17, mapDensity=3.9375, zoomAnimation=0.0, zoomFloatPart=0.0, cx=900, cy=1972, pixWidth=1800, pixHeight=2690]
07-01 13:49:19.745  8767  8794 I net.osmand:native: Route objects 13
07-01 13:49:19.745  8767  8794 I net.osmand:native: Ocean: no completed & incompleted coastlines 0
07-01 13:49:19.745  8767  8794 I net.osmand:native: Detailed coastlines = 0, basemap coastlines 0, ocean tile 0.000000. Detailed added 0, basemap processed 1, basemap added 0.
07-01 13:49:19.746  8767  8794 I net.osmand:native: Search : tree - read( 530), accept( 37), objs - visit( 2517), accept(44), in result(11) 
07-01 13:49:19.746  8767  8794 I net.osmand: MapRenderRepositories BLat=-7.267715978622436, TLat=-7.259731721878052, LLong=-36.0067024230957, RLong=-36.001800537109375, zoom=17
07-01 13:49:19.746  8767  8794 I net.osmand: MapRenderRepositories Native search: 120 ms 
07-01 13:49:19.750  8767  8794 I net.osmand:native: Creating SkBitmap in native w:1800 h:2690 s:7200 f:1!
07-01 13:49:19.750  8767  8794 I net.osmand:native: Row bytes for RGBA_8888 is 7200
07-01 13:49:19.751  8767  8794 I net.osmand:native: Locked 19368000 bytes at 0x7b500000
07-01 13:49:19.751  8767  8794 I net.osmand:native: Initializing rendering
07-01 13:49:19.773  8767  8794 I net.osmand:native: Rendering image
07-01 13:49:19.801  8767  8794 I net.osmand:native: Native ok (rendering 27, text 0 ms) 
07-01 13:49:19.801  8767  8794 I net.osmand:native:  (837 points, 28 points inside, 19 of 26 objects visible)
07-01 13:49:19.801  8767  8794 I net.osmand:native: End Rendering image
07-01 13:49:19.801  8767  8794 I net.osmand:native: Native ok (init 22, rendering 27) 
07-01 13:49:19.804  8767  8794 I net.osmand: MapRenderRepositories true
07-01 13:49:19.807  8767  8767 I net.osmand: RoutingHelper Recalculate route, because correlation  : 12855.215408871312
07-01 13:49:20.403  8767  8767 I net.osmand: RoutingHelper Recalculate route, because correlation  : 13160.041150895104
07-01 13:49:20.403  8767  8767 I net.osmand: RoutingHelper Recalculate route, because wrong movement direction: 13160.041
07-01 13:49:20.547  8767  8767 I net.osmand: RoutingHelper Recalculate route, because correlation  : 13160.041150895104
07-01 13:49:20.642  8767  8767 I net.osmand: RoutingHelper Recalculate route, because correlation  : 13160.041150895104
07-01 13:49:20.643  8767  8767 I net.osmand: RoutingHelper Recalculate route, because wrong movement direction: 13160.041
07-01 13:49:20.703  8767  8795 I net.osmand: MapRenderRepositories RENDER MAP: update due to tile box
07-01 13:49:20.704  8767  8795 I net.osmand: MapRenderRepositories RENDER MAP: Interrupt rendering map
07-01 13:49:20.807  8767  8767 I net.osmand: RoutingHelper Recalculate route, because correlation  : 13160.041150895104
07-01 13:49:20.939  8767  8795 I net.osmand: MapRenderRepositories RENDER MAP: update due to tile box
07-01 13:49:20.939  8767  8795 I net.osmand: MapRenderRepositories RENDER MAP: Interrupt rendering map
07-01 13:49:21.238  8767  8777 I zygote  : Background concurrent copying GC freed 1093196(24MB) AllocSpace objects, 0(0B) LOS objects, 9% free, 55MB/61MB, paused 2.973ms total 1.296s
07-01 13:49:21.308  8767  8794 I net.osmand: MapRenderRepositories RENDER MAP: new request RotatedTileBox [lat=-7.2665966666666675, lon=-36.00677333333333, rotate=0.0, density=2.625, zoom=17, mapDensity=3.9375, zoomAnimation=0.0, zoomFloatPart=0.0, cx=900, cy=1972, pixWidth=1800, pixHeight=2690]
07-01 13:49:21.359  8767  8794 I net.osmand:native: Route objects 9
07-01 13:49:21.360  8767  8794 I net.osmand:native: Ocean: no completed & incompleted coastlines 0
07-01 13:49:21.360  8767  8794 I net.osmand:native: Detailed coastlines = 0, basemap coastlines 0, ocean tile 0.000000. Detailed added 0, basemap processed 1, basemap added 0.
07-01 13:49:21.360  8767  8794 I net.osmand:native: Search : tree - read( 450), accept( 35), objs - visit( 2517), accept(40), in result(7) 
07-01 13:49:21.360  8767  8794 I net.osmand: MapRenderRepositories BLat=-7.26890914440155, TLat=-7.260901284217835, LLong=-36.00922393798828, RLong=-36.00432205200195, zoom=17
07-01 13:49:21.362  8767  8794 I net.osmand: MapRenderRepositories Native search: 51 ms 
07-01 13:49:21.369  8767  8794 I net.osmand:native: Creating SkBitmap in native w:1800 h:2690 s:7200 f:1!
07-01 13:49:21.370  8767  8794 I net.osmand:native: Row bytes for RGBA_8888 is 7200
07-01 13:49:21.370  8767  8794 I net.osmand:native: Locked 19368000 bytes at 0x69180000
07-01 13:49:21.370  8767  8794 I net.osmand:native: Initializing rendering
07-01 13:49:21.371  8767  8794 I net.osmand:native: Rendering image
07-01 13:49:21.395  8767  8794 I net.osmand:native: Native ok (rendering 24, text 0 ms) 
07-01 13:49:21.395  8767  8794 I net.osmand:native:  (743 points, 28 points inside, 11 of 18 objects visible)
07-01 13:49:21.396  8767  8794 I net.osmand:native: End Rendering image
07-01 13:49:21.396  8767  8794 I net.osmand:native: Native ok (init 1, rendering 24) 
07-01 13:49:21.396  8767  8794 I net.osmand: MapRenderRepositories true
07-01 13:49:21.594  8767  8767 I net.osmand: RoutingHelper Recalculate route, because correlation  : 13160.041150895104
07-01 13:49:21.594  8767  8767 I net.osmand: RoutingHelper Recalculate route, because wrong movement direction: 13160.041
07-01 13:49:21.719  8767  8767 I net.osmand: RoutingHelper Recalculate route, because correlation  : 13160.041150895104
07-01 13:49:21.750  8767  8767 I zygote  : IncrementDisableThreadFlip blocked for 6.968ms
07-01 13:49:21.802  8767  8767 I net.osmand: RoutingHelper Recalculate route, because correlation  : 13464.734155719403
07-01 13:49:21.802  8767  8767 I net.osmand: RoutingHelper Recalculate route, because wrong movement direction: 13464.734
07-01 13:49:21.912  8767  8767 I net.osmand: RoutingHelper Recalculate route, because correlation  : 13464.734155719403
07-01 13:49:21.963  8767  8795 I net.osmand: MapRenderRepositories RENDER MAP: update due to tile box
07-01 13:49:21.963  8767  8795 I net.osmand: MapRenderRepositories RENDER MAP: Interrupt rendering map
07-01 13:49:22.149  8767  8794 I net.osmand: MapRenderRepositories RENDER MAP: new request RotatedTileBox [lat=-7.26777, lon=-36.00929, rotate=0.0, density=2.625, zoom=17, mapDensity=3.9375, zoomAnimation=0.0, zoomFloatPart=0.0, cx=900, cy=1972, pixWidth=1800, pixHeight=2690]
07-01 13:49:22.267  8767  8794 I net.osmand:native: Route objects 12
07-01 13:49:22.268  8767  8794 I net.osmand:native: Ocean: no completed & incompleted coastlines 0
07-01 13:49:22.268  8767  8794 I net.osmand:native: Detailed coastlines = 0, basemap coastlines 0, ocean tile 0.000000. Detailed added 0, basemap processed 1, basemap added 0.
07-01 13:49:22.268  8767  8794 I net.osmand:native: Search : tree - read( 490), accept( 38), objs - visit( 2597), accept(43), in result(8) 
07-01 13:49:22.268  8767  8794 I net.osmand: MapRenderRepositories BLat=-7.270079779624939, TLat=-7.262071919441223, LLong=-36.01174545288086, RLong=-36.00684356689453, zoom=17
07-01 13:49:22.268  8767  8794 I net.osmand: MapRenderRepositories Native search: 118 ms 
07-01 13:49:22.277  8767  8794 I net.osmand:native: Creating SkBitmap in native w:1800 h:2690 s:7200 f:1!
07-01 13:49:22.278  8767  8794 I net.osmand:native: Row bytes for RGBA_8888 is 7200
07-01 13:49:22.278  8767  8794 I net.osmand:native: Locked 19368000 bytes at 0x7b500000
07-01 13:49:22.278  8767  8794 I net.osmand:native: Initializing rendering
07-01 13:49:22.279  8767  8794 I net.osmand:native: Rendering image
07-01 13:49:22.348  8767  8794 I net.osmand:native: Native ok (rendering 69, text 3 ms) 
07-01 13:49:22.348  8767  8794 I net.osmand:native:  (1063 points, 12 points inside, 11 of 20 objects visible)
07-01 13:49:22.348  8767  8794 I net.osmand:native: End Rendering image
07-01 13:49:22.348  8767  8794 I net.osmand:native: Native ok (init 1, rendering 69) 
07-01 13:49:22.358  8767  8794 I net.osmand: MapRenderRepositories true
07-01 13:49:22.565  8767  8767 I net.osmand: RoutingHelper Recalculate route, because correlation  : 13464.734155719403
07-01 13:49:22.565  8767  8767 I net.osmand: RoutingHelper Recalculate route, because wrong movement direction: 13464.734
07-01 13:49:22.703  8767  8767 I net.osmand: RoutingHelper Recalculate route, because correlation  : 13464.734155719403
07-01 13:49:23.039  8767  8777 I zygote  : Background concurrent copying GC freed 848174(18MB) AllocSpace objects, 0(0B) LOS objects, 9% free, 55MB/61MB, paused 6.697ms total 1.328s
07-01 13:49:23.330  8767  8767 I net.osmand: RoutingHelper Recalculate route, because correlation  : 13769.69455429623
07-01 13:49:23.330  8767  8767 I net.osmand: RoutingHelper Recalculate route, because wrong movement direction: 13769.694
07-01 13:49:23.338  8767  8795 I net.osmand: MapRenderRepositories RENDER MAP: update due to tile box
07-01 13:49:23.338  8767  8795 I net.osmand: MapRenderRepositories RENDER MAP: Interrupt rendering map
07-01 13:49:23.397  8767  8767 I net.osmand: RoutingHelper Recalculate route, because correlation  : 13769.69455429623
07-01 13:49:23.456  1604  1613 I zygote  : Background concurrent copying GC freed 35203(1566KB) AllocSpace objects, 0(0B) LOS objects, 16% free, 30MB/36MB, paused 1.448ms total 868.861ms
07-01 13:49:23.610  8767  8795 I net.osmand: MapRenderRepositories RENDER MAP: update due to tile box
07-01 13:49:23.610  8767  8795 I net.osmand: MapRenderRepositories RENDER MAP: Interrupt rendering map
07-01 13:49:23.669  8767  8767 I net.osmand: RoutingHelper Recalculate route, because correlation  : 13769.69455429623
07-01 13:49:23.696  8767  8767 I net.osmand: RoutingHelper Recalculate route, because correlation  : 13769.69455429623
07-01 13:49:23.696  8767  8767 I net.osmand: RoutingHelper Recalculate route, because wrong movement direction: 13769.694
07-01 13:49:23.862  8767  8794 I net.osmand: MapRenderRepositories RENDER MAP: new request RotatedTileBox [lat=-7.268943333333334, lon=-36.011808333333335, rotate=0.0, density=2.625, zoom=17, mapDensity=3.9375, zoomAnimation=0.0, zoomFloatPart=0.0, cx=900, cy=1972, pixWidth=1800, pixHeight=2690]
07-01 13:49:23.989  8767  8794 I net.osmand:native: Route objects 12
07-01 13:49:23.989  8767  8794 I net.osmand:native: Ocean: no completed & incompleted coastlines 0
07-01 13:49:23.990  8767  8794 I net.osmand:native: Detailed coastlines = 0, basemap coastlines 0, ocean tile 0.000000. Detailed added 0, basemap processed 1, basemap added 0.
07-01 13:49:23.990  8767  8794 I net.osmand:native: Search : tree - read( 490), accept( 38), objs - visit( 2597), accept(43), in result(8) 
07-01 13:49:23.990  8767  8794 I net.osmand: MapRenderRepositories BLat=-7.2712504148483275, TLat=-7.263242554664612, LLong=-36.01425552368164, RLong=-36.00935363769531, zoom=17
07-01 13:49:23.990  8767  8794 I net.osmand: MapRenderRepositories Native search: 126 ms 
07-01 13:49:24.006  8767  8794 I net.osmand:native: Creating SkBitmap in native w:1800 h:2690 s:7200 f:1!
07-01 13:49:24.006  8767  8794 I net.osmand:native: Row bytes for RGBA_8888 is 7200
07-01 13:49:24.006  8767  8794 I net.osmand:native: Locked 19368000 bytes at 0x69180000
07-01 13:49:24.006  8767  8794 I net.osmand:native: Initializing rendering
07-01 13:49:24.007  8767  8794 I net.osmand:native: Rendering image
07-01 13:49:24.025  8767  8794 I net.osmand:native: Native ok (rendering 17, text 0 ms) 
07-01 13:49:24.025  8767  8794 I net.osmand:native:  (1063 points, 2 points inside, 11 of 20 objects visible)
07-01 13:49:24.025  8767  8794 I net.osmand:native: End Rendering image
07-01 13:49:24.025  8767  8794 I net.osmand:native: Native ok (init 1, rendering 17) 
07-01 13:49:24.029  8767  8794 I net.osmand: MapRenderRepositories true
07-01 13:49:24.560  8767  8767 I net.osmand: RoutingHelper Recalculate route, because correlation  : 13769.69455429623
07-01 13:49:24.575  8767  8777 I zygote  : Background concurrent copying GC freed 855145(19MB) AllocSpace objects, 0(0B) LOS objects, 10% free, 53MB/59MB, paused 7.869ms total 1.085s
07-01 13:49:24.694  8767  8767 I net.osmand: RoutingHelper Recalculate route, because correlation  : 13769.69455429623
07-01 13:49:24.694  8767  8767 I net.osmand: RoutingHelper Recalculate route, because wrong movement direction: 13769.694
07-01 13:49:24.807  8767  8767 I net.osmand: RoutingHelper Recalculate route, because correlation  : 14074.567666050369
07-01 13:49:24.807  8767  8767 I net.osmand: RoutingHelper Recalculate route, because wrong movement direction: 14074.567
07-01 13:49:24.886  8767  8767 I net.osmand: RoutingHelper Recalculate route, because correlation  : 14074.567666050369
07-01 13:49:25.084  8767  8795 I net.osmand: MapRenderRepositories RENDER MAP: update due to tile box
07-01 13:49:25.084  8767  8795 I net.osmand: MapRenderRepositories RENDER MAP: Interrupt rendering map
07-01 13:49:25.533  8767  8794 I net.osmand: MapRenderRepositories RENDER MAP: new request RotatedTileBox [lat=-7.270116666666667, lon=-36.014325, rotate=0.0, density=2.625, zoom=17, mapDensity=3.9375, zoomAnimation=0.0, zoomFloatPart=0.0, cx=900, cy=1972, pixWidth=1800, pixHeight=2690]
07-01 13:49:25.605  8767  8794 I net.osmand:native: Route objects 11
07-01 13:49:25.605  8767  8794 I net.osmand:native: Ocean: no completed & incompleted coastlines 0
07-01 13:49:25.605  8767  8794 I net.osmand:native: Detailed coastlines = 0, basemap coastlines 0, ocean tile 0.000000. Detailed added 0, basemap processed 1, basemap added 0.
07-01 13:49:25.606  8767  8794 I net.osmand:native: Search : tree - read( 490), accept( 38), objs - visit( 2597), accept(42), in result(7) 
07-01 13:49:25.606  8767  8794 I net.osmand: MapRenderRepositories BLat=-7.272421026229859, TLat=-7.264413690567016, LLong=-36.01677703857422, RLong=-36.01187515258789, zoom=17
07-01 13:49:25.606  8767  8794 I net.osmand: MapRenderRepositories Native search: 72 ms 
07-01 13:49:25.611  8767  8794 I net.osmand:native: Creating SkBitmap in native w:1800 h:2690 s:7200 f:1!
07-01 13:49:25.611  8767  8794 I net.osmand:native: Row bytes for RGBA_8888 is 7200
07-01 13:49:25.611  8767  8794 I net.osmand:native: Locked 19368000 bytes at 0x7b500000
07-01 13:49:25.611  8767  8794 I net.osmand:native: Initializing rendering
07-01 13:49:25.622  8767  8794 I net.osmand:native: Rendering image
07-01 13:49:25.636  8767  8767 I net.osmand: RoutingHelper Recalculate route, because correlation  : 14074.567666050369
07-01 13:49:25.671  8767  8794 I net.osmand:native: Native ok (rendering 49, text 0 ms) 
07-01 13:49:25.671  8767  8794 I net.osmand:native:  (1031 points, 0 points inside, 9 of 18 objects visible)
07-01 13:49:25.672  8767  8794 I net.osmand:native: End Rendering image
07-01 13:49:25.672  8767  8794 I net.osmand:native: Native ok (init 10, rendering 49) 
07-01 13:49:25.673  8767  8794 I net.osmand: MapRenderRepositories true
07-01 13:49:25.796  8767  8767 I net.osmand: RoutingHelper Recalculate route, because correlation  : 14074.567666050369
07-01 13:49:25.796  8767  8767 I net.osmand: RoutingHelper Recalculate route, because wrong movement direction: 14074.567
07-01 13:49:25.983  1604  9404 I WifiService: acquireWifiLock uid=10014 lockMode=2
07-01 13:49:26.104  8767  8777 I zygote  : Background concurrent copying GC freed 767844(17MB) AllocSpace objects, 0(0B) LOS objects, 10% free, 51MB/57MB, paused 1.070ms total 1.202s
07-01 13:49:26.168  8767  8767 I net.osmand: RoutingHelper Recalculate route, because correlation  : 14379.69621275736
07-01 13:49:26.241  8767  8767 I net.osmand: RoutingHelper Recalculate route, because correlation  : 14379.69621275736
07-01 13:49:26.241  8767  8767 I net.osmand: RoutingHelper Recalculate route, because wrong movement direction: 14379.696
07-01 13:49:26.283  1604  9404 I WifiService: releaseWifiLock uid=10014
07-01 13:49:26.381  8767  8795 I net.osmand: MapRenderRepositories RENDER MAP: update due to tile box
07-01 13:49:26.381  8767  8795 I net.osmand: MapRenderRepositories RENDER MAP: Interrupt rendering map
07-01 13:49:26.439  8767  8794 I net.osmand: MapRenderRepositories RENDER MAP: new request RotatedTileBox [lat=-7.271289999999999, lon=-36.016843333333334, rotate=0.0, density=2.625, zoom=17, mapDensity=3.9375, zoomAnimation=0.0, zoomFloatPart=0.0, cx=900, cy=1972, pixWidth=1800, pixHeight=2690]
07-01 13:49:26.542  8767  8794 I net.osmand:native: Route objects 13
07-01 13:49:26.542  8767  8794 I net.osmand:native: Ocean: no completed & incompleted coastlines 0
07-01 13:49:26.542  8767  8794 I net.osmand:native: Detailed coastlines = 0, basemap coastlines 0, ocean tile 0.000000. Detailed added 0, basemap processed 1, basemap added 0.
07-01 13:49:26.542  8767  8794 I net.osmand:native: Search : tree - read( 490), accept( 37), objs - visit( 2557), accept(44), in result(9) 
07-01 13:49:26.542  8767  8794 I net.osmand: MapRenderRepositories BLat=-7.273590612411499, TLat=-7.265606355667114, LLong=-36.0192985534668, RLong=-36.01439666748047, zoom=17
07-01 13:49:26.543  8767  8794 I net.osmand: MapRenderRepositories Native search: 103 ms 
07-01 13:49:26.560  8767  8794 I net.osmand:native: Creating SkBitmap in native w:1800 h:2690 s:7200 f:1!
07-01 13:49:26.560  8767  8794 I net.osmand:native: Row bytes for RGBA_8888 is 7200
07-01 13:49:26.560  8767  8794 I net.osmand:native: Locked 19368000 bytes at 0x69180000
07-01 13:49:26.560  8767  8794 I net.osmand:native: Initializing rendering
07-01 13:49:26.561  8767  8794 I net.osmand:native: Rendering image
07-01 13:49:26.577  8767  8767 I net.osmand: RoutingHelper Recalculate route, because correlation  : 14379.69621275736
07-01 13:49:26.577  8767  8767 I net.osmand: RoutingHelper Recalculate route, because wrong movement direction: 14379.696
07-01 13:49:26.588  8767  8794 I net.osmand:native: Native ok (rendering 26, text 0 ms) 
07-01 13:49:26.588  8767  8794 I net.osmand:native:  (1168 points, 0 points inside, 12 of 21 objects visible)
07-01 13:49:26.588  8767  8794 I net.osmand:native: End Rendering image
07-01 13:49:26.588  8767  8794 I net.osmand:native: Native ok (init 1, rendering 26) 
07-01 13:49:26.589  8767  8794 I net.osmand: MapRenderRepositories true
07-01 13:49:26.621  8767  8780 I zygote  : Waiting for a blocking GC ProfileSaver
07-01 13:49:26.793  8767  8767 I net.osmand: RoutingHelper Recalculate route, because correlation  : 14379.69621275736
07-01 13:49:27.566  8767  8767 I net.osmand: RoutingHelper Recalculate route, because correlation  : 14684.900871367126
07-01 13:49:27.596  8767  8777 I zygote  : Background concurrent copying GC freed 677560(15MB) AllocSpace objects, 0(0B) LOS objects, 10% free, 51MB/57MB, paused 3.496ms total 1.129s
07-01 13:49:27.596  8767  8780 I zygote  : WaitForGcToComplete blocked ProfileSaver on HeapTrim for 975.476ms
07-01 13:49:27.686  8767  8767 I net.osmand: RoutingHelper Recalculate route, because correlation  : 14684.900871367126
07-01 13:49:27.686  8767  8767 I net.osmand: RoutingHelper Recalculate route, because wrong movement direction: 14684.9
07-01 13:49:27.688  8767  8767 I net.osmand: RoutingHelper Recalculate route, because correlation  : 14684.900871367126
07-01 13:49:27.688  8767  8767 I net.osmand: RoutingHelper Recalculate route, because wrong movement direction: 14684.9
07-01 13:49:27.703  8767  8767 I net.osmand: RoutingHelper Recalculate route, because correlation  : 14684.900871367126
07-01 13:49:27.714  8767  8795 I net.osmand: MapRenderRepositories RENDER MAP: update due to tile box
07-01 13:49:27.718  8767  8795 I net.osmand: MapRenderRepositories RENDER MAP: Interrupt rendering map
07-01 13:49:27.921  8767  8795 I net.osmand: MapRenderRepositories RENDER MAP: update due to tile box
07-01 13:49:27.921  8767  8795 I net.osmand: MapRenderRepositories RENDER MAP: Interrupt rendering map
07-01 13:49:28.098  8767  8794 I net.osmand: MapRenderRepositories RENDER MAP: new request RotatedTileBox [lat=-7.2724633333333335, lon=-36.01936166666667, rotate=0.0, density=2.625, zoom=17, mapDensity=3.9375, zoomAnimation=0.0, zoomFloatPart=0.0, cx=900, cy=1972, pixWidth=1800, pixHeight=2690]
07-01 13:49:28.174  8767  8794 I net.osmand:native: Route objects 20
07-01 13:49:28.174  8767  8794 I net.osmand:native: Ocean: no completed & incompleted coastlines 0
07-01 13:49:28.174  8767  8794 I net.osmand:native: Detailed coastlines = 0, basemap coastlines 0, ocean tile 0.000000. Detailed added 0, basemap processed 1, basemap added 0.
07-01 13:49:28.174  8767  8794 I net.osmand:native: Search : tree - read( 490), accept( 39), objs - visit( 2637), accept(51), in result(16) 
07-01 13:49:28.175  8767  8794 I net.osmand: MapRenderRepositories BLat=-7.2747612476348875, TLat=-7.266776990890503, LLong=-36.02180862426758, RLong=-36.01690673828125, zoom=17
07-01 13:49:28.175  8767  8794 I net.osmand: MapRenderRepositories Native search: 77 ms 
07-01 13:49:28.179  8767  8794 I net.osmand:native: Creating SkBitmap in native w:1800 h:2690 s:7200 f:1!
07-01 13:49:28.179  8767  8794 I net.osmand:native: Row bytes for RGBA_8888 is 7200
07-01 13:49:28.179  8767  8794 I net.osmand:native: Locked 19368000 bytes at 0x7b500000
07-01 13:49:28.179  8767  8794 I net.osmand:native: Initializing rendering
07-01 13:49:28.181  8767  8794 I net.osmand:native: Rendering image
07-01 13:49:28.288  8767  8794 I net.osmand:native: Native ok (rendering 0, text 2 ms) 
07-01 13:49:28.288  8767  8794 I net.osmand:native:  (1806 points, 7 points inside, 23 of 35 objects visible)
07-01 13:49:28.288  8767  8794 I net.osmand:native: End Rendering image
07-01 13:49:28.289  8767  8794 I net.osmand:native: Native ok (init 1, rendering 0) 
07-01 13:49:28.292  8767  8794 I net.osmand: MapRenderRepositories true
07-01 13:49:28.735  8767  8767 I net.osmand: RoutingHelper Recalculate route, because correlation  : 14684.900871367126
07-01 13:49:28.735  8767  8767 I net.osmand: RoutingHelper Recalculate route, because wrong movement direction: 14684.9
07-01 13:49:29.143  8767  8767 I net.osmand: RoutingHelper Recalculate route, because correlation  : 14684.900871367126
07-01 13:49:29.236  8767  8767 I net.osmand: RoutingHelper Recalculate route, because correlation  : 14990.003286918476
07-01 13:49:29.236  8767  8767 I net.osmand: RoutingHelper Recalculate route, because wrong movement direction: 14990.003
07-01 13:49:29.242  8767  8767 I net.osmand: RoutingHelper Recalculate route, because correlation  : 14990.003286918476
07-01 13:49:29.475  8767  8795 I net.osmand: MapRenderRepositories RENDER MAP: update due to tile box
07-01 13:49:29.475  8767  8795 I net.osmand: MapRenderRepositories RENDER MAP: Interrupt rendering map
07-01 13:49:29.496  8767  8777 I zygote  : Background concurrent copying GC freed 702946(15MB) AllocSpace objects, 0(0B) LOS objects, 9% free, 59MB/65MB, paused 2.996ms total 1.515s
07-01 13:49:29.576  8767  8767 I net.osmand: RoutingHelper Recalculate route, because correlation  : 14990.003286918476
07-01 13:49:29.576  8767  8767 I net.osmand: RoutingHelper Recalculate route, because wrong movement direction: 14990.003
07-01 13:49:29.651  8767  8795 I net.osmand: MapRenderRepositories RENDER MAP: update due to tile box
07-01 13:49:29.651  8767  8795 I net.osmand: MapRenderRepositories RENDER MAP: Interrupt rendering map
07-01 13:49:29.721  8767  8767 I net.osmand: RoutingHelper Recalculate route, because correlation  : 14990.003286918476
07-01 13:49:29.796  8767  8794 I net.osmand: MapRenderRepositories RENDER MAP: new request RotatedTileBox [lat=-7.273636666666666, lon=-36.02187833333333, rotate=0.0, density=2.625, zoom=17, mapDensity=3.9375, zoomAnimation=0.0, zoomFloatPart=0.0, cx=900, cy=1972, pixWidth=1800, pixHeight=2690]
07-01 13:49:29.910  8767  8794 I net.osmand:native: Route objects 19
07-01 13:49:29.910  8767  8794 I net.osmand:native: Ocean: no completed & incompleted coastlines 0
07-01 13:49:29.910  8767  8794 I net.osmand:native: Detailed coastlines = 0, basemap coastlines 0, ocean tile 0.000000. Detailed added 0, basemap processed 1, basemap added 0.
07-01 13:49:29.911  8767  8794 I net.osmand:native: Search : tree - read( 490), accept( 40), objs - visit( 2677), accept(50), in result(15) 
07-01 13:49:29.924  8767  8794 I net.osmand: MapRenderRepositories BLat=-7.275931859016419, TLat=-7.267948126792907, LLong=-36.024330139160156, RLong=-36.01942825317383, zoom=17
07-01 13:49:29.924  8767  8794 I net.osmand: MapRenderRepositories Native search: 127 ms 
07-01 13:49:29.930  8767  8794 I net.osmand:native: Creating SkBitmap in native w:1800 h:2690 s:7200 f:1!
07-01 13:49:29.930  8767  8794 I net.osmand:native: Row bytes for RGBA_8888 is 7200
07-01 13:49:29.930  8767  8794 I net.osmand:native: Locked 19368000 bytes at 0x69180000
07-01 13:49:29.930  8767  8794 I net.osmand:native: Initializing rendering
07-01 13:49:29.945  8767  8794 I net.osmand:native: Rendering image
07-01 13:49:30.215  8767  8794 I net.osmand:native: Native ok (rendering 0, text 13 ms) 
07-01 13:49:30.215  8767  8794 I net.osmand:native:  (1781 points, 52 points inside, 20 of 32 objects visible)
07-01 13:49:30.215  8767  8794 I net.osmand:native: End Rendering image
07-01 13:49:30.235  8767  8794 I net.osmand:native: Native ok (init 14, rendering 0) 
07-01 13:49:30.253  8767  8794 I net.osmand: MapRenderRepositories true
07-01 13:49:30.466  8767  8767 I net.osmand: RoutingHelper Recalculate route, because correlation  : 15295.346600762628
07-01 13:49:30.466  8767  8767 I net.osmand: RoutingHelper Recalculate route, because wrong movement direction: 15295.347
07-01 13:49:30.535  8767  8795 I net.osmand: MapRenderRepositories RENDER MAP: update due to tile box
07-01 13:49:30.535  8767  8795 I net.osmand: MapRenderRepositories RENDER MAP: Interrupt rendering map
07-01 13:49:30.636  8767  8767 I net.osmand: RoutingHelper Recalculate route, because correlation  : 15295.346600762628
07-01 13:49:30.786  8767  8767 I net.osmand: RoutingHelper Recalculate route, because correlation  : 15295.346600762628
07-01 13:49:30.786  8767  8767 I net.osmand: RoutingHelper Recalculate route, because wrong movement direction: 15295.347
07-01 13:49:30.822  8767  8767 I net.osmand: RoutingHelper Recalculate route, because correlation  : 15295.346600762628
07-01 13:49:30.835  8767  8795 I net.osmand: MapRenderRepositories RENDER MAP: update due to tile box
07-01 13:49:30.835  8767  8795 I net.osmand: MapRenderRepositories RENDER MAP: Interrupt rendering map
07-01 13:49:31.006  8767  8794 I net.osmand: MapRenderRepositories RENDER MAP: new request RotatedTileBox [lat=-7.27481, lon=-36.02439666666667, rotate=0.0, density=2.625, zoom=17, mapDensity=3.9375, zoomAnimation=0.0, zoomFloatPart=0.0, cx=900, cy=1972, pixWidth=1800, pixHeight=2690]
07-01 13:49:31.021  1604  5450 I WifiService: getConnectionInfo uid=10014
07-01 13:49:31.025  1970 16744 E WakeLock: GCM_HB_ALARM release without a matched acquire!
07-01 13:49:31.034  1604  1621 I WifiService: requestActivityInfo uid=1000
07-01 13:49:31.034  1604  1621 I WifiService: reportActivityInfo uid=1000
07-01 13:49:31.034  1604  1621 I WifiService: getSupportedFeatures uid=1000
07-01 13:49:31.186  8767  8794 I net.osmand:native: Route objects 17
07-01 13:49:31.186  8767  8794 I net.osmand:native: Ocean: no completed & incompleted coastlines 0
07-01 13:49:31.186  8767  8794 I net.osmand:native: Detailed coastlines = 0, basemap coastlines 0, ocean tile 0.000000. Detailed added 0, basemap processed 1, basemap added 0.
07-01 13:49:31.186  8767  8794 I net.osmand:native: Search : tree - read( 490), accept( 40), objs - visit( 2677), accept(48), in result(13) 
07-01 13:49:31.187  8767  8794 I net.osmand: MapRenderRepositories BLat=-7.277125024795533, TLat=-7.26911768913269, LLong=-36.026851654052734, RLong=-36.021949768066406, zoom=17
07-01 13:49:31.187  8767  8794 I net.osmand: MapRenderRepositories Native search: 180 ms 
07-01 13:49:31.208  8767  8794 I net.osmand:native: Creating SkBitmap in native w:1800 h:2690 s:7200 f:1!
07-01 13:49:31.208  8767  8794 I net.osmand:native: Row bytes for RGBA_8888 is 7200
07-01 13:49:31.209  8767  8794 I net.osmand:native: Locked 19368000 bytes at 0x7b500000
07-01 13:49:31.209  8767  8794 I net.osmand:native: Initializing rendering
07-01 13:49:31.210  8767  8794 I net.osmand:native: Rendering image
07-01 13:49:31.319  8767  8777 I zygote  : Background concurrent copying GC freed 1045573(23MB) AllocSpace objects, 0(0B) LOS objects, 9% free, 56MB/62MB, paused 1.250ms total 1.571s
07-01 13:49:31.361  8767  8794 I net.osmand:native: Native ok (rendering 0, text 3 ms) 
07-01 13:49:31.361  8767  8794 I net.osmand:native:  (1711 points, 33 points inside, 16 of 25 objects visible)
07-01 13:49:31.371  8767  8794 I net.osmand:native: End Rendering image
07-01 13:49:31.371  8767  8794 I net.osmand:native: Native ok (init 1, rendering 0) 
07-01 13:49:31.372  8767  8794 I net.osmand: MapRenderRepositories true
07-01 13:49:31.466  1970 16749 V NativeCrypto: Read error: ssl=0xa5811d98: I/O error during system call, Connection reset by peer
07-01 13:49:31.479  1970 16749 V NativeCrypto: SSL shutdown failed: ssl=0xa5811d98: I/O error during system call, Broken pipe
07-01 13:49:31.479  1970 16749 E WakeLock: GCM_HB_ALARM release without a matched acquire!
07-01 13:49:31.479  1970 16749 W WakeLock: GCM_HB_ALARM counter does not exist
07-01 13:49:31.485  1970 16749 W GCM     : Resetting heartbeat counters (at min), good=0 bad=2
07-01 13:49:31.487  1604  1682 D ConnectivityService: reportNetworkConnectivity(101, false) by 10014
07-01 13:49:31.488  1604  2952 D NetworkMonitor/NetworkAgentInfo [WIFI () - 101]: Forcing reevaluation for UID 10014
07-01 13:49:31.524  1604 16910 D NetworkMonitor/NetworkAgentInfo [WIFI () - 101]: PROBE_DNS connectivitycheck.gstatic.com 25ms OK 172.217.172.131,2800:3f0:4001:81a::2003
07-01 13:49:31.567  1604 16909 D NetworkMonitor/NetworkAgentInfo [WIFI () - 101]: PROBE_DNS www.google.com 69ms OK 172.217.28.228,2800:3f0:4001:801::2004
07-01 13:49:31.666  8767  8767 I net.osmand: RoutingHelper Recalculate route, because correlation  : 15295.346600762628
07-01 13:49:31.666  8767  8767 I net.osmand: RoutingHelper Recalculate route, because wrong movement direction: 15295.347
07-01 13:49:31.671  1970  2051 I GeofencerStateMachine: addGeofences called by com.google.android.apps.maps
07-01 13:49:31.810  1970  1970 I GeofencerStateMachine: sendNewTransitions called.
