--------- beginning of main
06-30 21:57:34.915  3171  3184 I zygote  : Background concurrent copying GC freed 369436(8MB) AllocSpace objects, 0(0B) LOS objects, 19% free, 25MB/31MB, paused 1.760ms total 251.020ms
06-30 21:57:36.386  3171  3184 I zygote  : Background concurrent copying GC freed 451817(9MB) AllocSpace objects, 0(0B) LOS objects, 20% free, 23MB/29MB, paused 751us total 381.346ms
06-30 21:57:37.629  3171  3184 I zygote  : Background concurrent copying GC freed 366026(8MB) AllocSpace objects, 0(0B) LOS objects, 19% free, 25MB/31MB, paused 2.686ms total 473.626ms
--------- beginning of system
06-30 21:57:38.082  1604  6773 I ActivityManager: START u0 {act=android.intent.action.MAIN cat=[android.intent.category.HOME] flg=0x10000000 cmp=com.google.android.apps.nexuslauncher/.NexusLauncherActivity} from uid 2000
06-30 21:57:38.120  1402  1402 D gralloc_ranchu: gralloc_alloc: Creating ashmem region of size 8298496
06-30 21:57:38.161  1402  1402 D gralloc_ranchu: gralloc_alloc: Creating ashmem region of size 8298496
06-30 21:57:38.212  1604  1617 E memtrack: Couldn't load memtrack module
06-30 21:57:38.213  1604  1617 W android.os.Debug: failed to get memory consumption info: -1
06-30 21:57:38.214  1604  1619 W Looper  : Dispatch took 113ms on android.ui, h=Handler (com.android.server.am.ActivityManagerService$UiHandler) {63b7718} cb=null msg=31
06-30 21:57:38.229  1402  1402 D gralloc_ranchu: gralloc_alloc: Creating ashmem region of size 8298496
06-30 21:57:38.247  1604  1614 I GnssLocationProvider: WakeLock acquired by sendMessage(SET_REQUEST, 0, com.android.server.location.GnssLocationProvider$GpsRequest@609c71d)
06-30 21:57:38.267  3171  3171 D net.osmand: Disable sensor
06-30 21:57:38.296  1412  1412 D SurfaceFlinger: duplicate layer name: changing com.google.android.apps.nexuslauncher/com.google.android.apps.nexuslauncher.NexusLauncherActivity to com.google.android.apps.nexuslauncher/com.google.android.apps.nexuslauncher.NexusLauncherActivity#1
06-30 21:57:38.355  1402  1402 D gralloc_ranchu: gralloc_alloc: Creating ashmem region of size 8298496
06-30 21:57:38.394  1970  1970 I zygote  : Deoptimizing void com.google.android.location.internal.server.GoogleLocationChimeraService.a(android.content.Intent, boolean) due to JIT inline cache
06-30 21:57:38.401  1402  1440 D gralloc_ranchu: gralloc_alloc: Creating ashmem region of size 8298496
06-30 21:57:38.409  3171  3171 I net.osmand: MapRenderRepositories RENDER MAP: Interrupt rendering map
06-30 21:57:38.439  1604  4624 I WifiService: acquireWifiLock uid=10014 lockMode=2
06-30 21:57:38.448  1402  1402 D gralloc_ranchu: gralloc_alloc: Creating ashmem region of size 8298496
06-30 21:57:38.513  3171  3268 D EGL_emulation: eglMakeCurrent: 0xa5805480: ver 2 0 (tinfo 0xa58032f0)
06-30 21:57:38.582  2659  2770 D EGL_emulation: eglMakeCurrent: 0xa5805900: ver 2 0 (tinfo 0xa58035a0)
06-30 21:57:38.631  2061  2124 D EGL_emulation: eglMakeCurrent: 0xa5806680: ver 2 0 (tinfo 0xa5803c60)
06-30 21:57:38.641  2659  2659 W ThreadPoolDumper: Queue length for executor EventBus is now 11. Perhaps some tasks are too long, or the pool is too small.
06-30 21:57:38.648  2659  2775 W SessionLifecycleManager: Handover failed. Creating new session controller.
06-30 21:57:38.752  1707  1933 D EGL_emulation: eglMakeCurrent: 0x91a91b00: ver 2 0 (tinfo 0x91b96990)
06-30 21:57:38.766  1402  1402 D gralloc_ranchu: gralloc_alloc: Creating ashmem region of size 8298496
06-30 21:57:38.830  1412  1412 E EGL_emulation: tid 1412: eglCreateSyncKHR(1962): error 0x3004 (EGL_BAD_ATTRIBUTE)
06-30 21:57:38.854  2659  2775 I zygote  : Deoptimizing com.google.common.collect.ee com.google.common.collect.ef.a(java.lang.Iterable) due to JIT inline cache
06-30 21:57:38.904  1707  1875 D         : HostConnection::get() New Host Connection established 0x90a7bb00, tid 1875
06-30 21:57:38.942  2061  2082 I zygote  : Waiting for a blocking GC ProfileSaver
06-30 21:57:39.089  2061  2074 I zygote  : NativeAlloc concurrent copying GC freed 3891(276KB) AllocSpace objects, 2(104KB) LOS objects, 49% free, 4MB/9MB, paused 2.964ms total 339.735ms
06-30 21:57:39.090  2061  2082 I zygote  : WaitForGcToComplete blocked ProfileSaver on HeapTrim for 147.981ms
06-30 21:57:39.254  2061  2124 W OpenGLRenderer: Incorrectly called buildLayer on View: ShortcutAndWidgetContainer, destroying layer...
06-30 21:57:39.254  2061  2124 W OpenGLRenderer: Incorrectly called buildLayer on View: ShortcutAndWidgetContainer, destroying layer...
06-30 21:57:39.320  3171  6788 E FA      : Task exception on worker thread: java.lang.IllegalAccessError: Method 'void android.support.v4.content.ContextCompat.<init>()' is inaccessible to class 'com.google.firebase.iid.zzg' (declaration of 'com.google.firebase.iid.zzg' appears in /data/app/net.osmand-3e2027wrPNiMXbTSfYMHIA==/base.apk): com.google.android.gms.measurement.internal.zzt.zzEd(Unknown Source:3)
06-30 21:57:39.387  1707  1933 D EGL_emulation: eglMakeCurrent: 0x91a91b00: ver 2 0 (tinfo 0x91b96990)
06-30 21:57:39.685  2061  2074 I zygote  : NativeAlloc concurrent copying GC freed 3000(206KB) AllocSpace objects, 0(0B) LOS objects, 50% free, 4MB/8MB, paused 2.150ms total 530.048ms
06-30 21:57:39.839  1707  1729 I zygote  : NativeAlloc concurrent copying GC freed 113212(3MB) AllocSpace objects, 0(0B) LOS objects, 40% free, 8MB/14MB, paused 7.056ms total 912.419ms
06-30 21:57:39.860  1604  4176 I WifiService: getWifiEnabledState uid=10032
06-30 21:57:39.922  1604  4621 I WifiService: getWifiEnabledState uid=10032
06-30 21:57:39.967  1604  1617 I GnssLocationProvider: WakeLock released by handleMessage(SET_REQUEST, 0, com.android.server.location.GnssLocationProvider$GpsRequest@609c71d)
06-30 21:57:40.004  1604  4621 I WifiService: getWifiEnabledState uid=10032
06-30 21:57:40.051  2659  6798 W LocationOracle: No location history returned by ContextManager
06-30 21:57:40.084  2659  2775 I MicroDetectionWorker: #startMicroDetector [speakerMode: 0]
06-30 21:57:40.103  2659  2775 W ErrorReporter: reportError [type: 211, code: 393244, bug: 0]: errorCode: 393244, engine: 0
06-30 21:57:40.105  2659  2775 I MicroDetector: Keeping mic open: false
06-30 21:57:40.105  2659  2775 I MicroDetectionWorker: #onError(false)
06-30 21:57:40.260  1604  1613 I zygote  : NativeAlloc concurrent copying GC freed 62346(2MB) AllocSpace objects, 2(40KB) LOS objects, 25% free, 17MB/23MB, paused 20.134ms total 751.130ms
06-30 21:57:40.302  2659  2679 I zygote  : Background concurrent copying GC freed 29230(1769KB) AllocSpace objects, 0(0B) LOS objects, 41% free, 8MB/14MB, paused 6.954ms total 228.292ms
06-30 21:57:40.321  1970  2406 I zygote  : Deoptimizing java.lang.Runnable squ.a(java.lang.Runnable) due to JIT inline cache
06-30 21:57:40.325  1970  1970 I GeofencerStateMachine: removeGeofences: removeRequest=RemoveGeofencingRequest[REMOVE_BY_PENDING_INTENT pendingIntent=PendingIntent[creatorPackage=com.google.android.gms], packageName=com.google.android.gms]
06-30 21:57:40.329  1970  1970 I GeofencerStateMachine: removeGeofences: removeRequest=RemoveGeofencingRequest[REMOVE_BY_PENDING_INTENT pendingIntent=PendingIntent[creatorPackage=com.google.android.gms], packageName=com.google.android.gms]
06-30 21:57:40.341  1970  6124 I zygote  : Deoptimizing boolean blrz.a(java.lang.Object, java.lang.Object) due to JIT inline cache
06-30 21:57:40.343  1970  1970 I GeofencerStateMachine: removeGeofences: removeRequest=RemoveGeofencingRequest[REMOVE_BY_PENDING_INTENT pendingIntent=PendingIntent[creatorPackage=com.google.android.gms], packageName=com.google.android.gms]
06-30 21:57:40.413  1970  6124 W ctxmgr  : [AclManager] No 3 for (accnt=account#1066226748#, com.google.android.gms(10014):UserVelocityProducer, vrsn=17785022, 0, 3pPkg = null ,  3pMdlId = null ,  pid = 1970). Was: 2 for 1, account#1066226748# [CONTEXT service_id=47 ]
06-30 21:57:40.582  1970  6124 I ctxmgr  : [ProducerStatusImpl] updateStateForNewContextData: inactive, contextName=7 [CONTEXT service_id=47 ]
06-30 21:57:40.629  1970  6124 I zygote  : Deoptimizing void erx.a() due to JIT inline cache
06-30 21:57:40.653  1970  1970 I GeofencerStateMachine: removeGeofences: removeRequest=RemoveGeofencingRequest[REMOVE_BY_PENDING_INTENT pendingIntent=PendingIntent[creatorPackage=com.google.android.gms], packageName=com.google.android.gms]
06-30 21:57:40.662  1970  1970 I GeofencerStateMachine: removeGeofences: removeRequest=RemoveGeofencingRequest[REMOVE_BY_PENDING_INTENT pendingIntent=PendingIntent[creatorPackage=com.google.android.gms], packageName=com.google.android.gms]
06-30 21:57:40.697  1970  6807 I PlaceInferenceEngine: [anon] Changed inference mode: 0
06-30 21:57:40.721  1970  6807 I PlaceInferenceEngine: [account#1066226748] Changed inference mode: 0
06-30 21:57:40.820  1970  6807 I Places  : ?: PlacesBleScanner start() with priority 2
06-30 21:57:40.821  1970  6807 I PlaceInferenceEngine: [anon] Changed inference mode: 1
06-30 21:57:40.821  1970  6807 I PlaceInferenceEngine: [account#1066226748] Changed inference mode: 1
06-30 21:57:40.846  1970  6807 I Places  : Converted 1 out of 1 WiFi scans
06-30 21:57:40.847  1604  4621 I WifiService: getConnectionInfo uid=10014
06-30 21:57:40.859  1970  6807 I zygote  : Deoptimizing void bvmc.c(int, int) due to JIT inline cache
06-30 21:57:40.863  1970  6807 I zygote  : Deoptimizing void bvmc.a(int, boolean) due to JIT inline cache
06-30 21:57:40.867  1970  6807 I PlaceInferenceEngine: [account#1066226748] Changed inference mode: 1
06-30 21:57:40.867  1970  6807 I PlaceInferenceEngine: [anon] Changed inference mode: 1
06-30 21:57:40.888  1970  1970 E BeaconBle: Missing BluetoothAdapter
06-30 21:57:40.888  1970  1970 I BeaconBle: BLE 'KK+' software access layer enabled
06-30 21:57:40.951  1970  1970 I BeaconBle: Client requested scan, settings=BleSettings [scanMode=ZERO_POWER, callbackType=ALL_MATCHES, reportDelayMillis=0, 1 filters, 0 clients, callingClientName=Places]
06-30 21:57:40.953  1970  1970 I BeaconBle: Scan : No clients left, canceling alarm.
06-30 21:57:40.956  1970  1970 E BeaconBle: Scan couldn't start for Places
06-30 21:57:40.956  1970  1970 W Places  : BLE failure while scanning - code 5
06-30 21:57:41.082  1970  6807 I zygote  : Deoptimizing bvne bvne.a(bvne, byte[], int, int, bvmn) due to JIT inline cache
06-30 21:57:41.266  1970  1980 I zygote  : Background concurrent copying GC freed 109244(4MB) AllocSpace objects, 11(416KB) LOS objects, 34% free, 11MB/17MB, paused 898us total 232.458ms
06-30 21:57:41.421  1604  5450 D WificondControl: Scan result ready event
06-30 21:57:41.507  1970  4150 I PlaceInferenceEngine: No beacon scan available - ignoring candidates.
06-30 21:57:41.526  1604  4176 I WifiService: releaseWifiLock uid=10014
06-30 21:57:41.571  1970  4150 I PlaceInferenceEngine: No beacon scan available - ignoring candidates.
06-30 21:57:41.655  1604  1613 I zygote  : NativeAlloc concurrent copying GC freed 8321(477KB) AllocSpace objects, 0(0B) LOS objects, 25% free, 17MB/23MB, paused 1.279ms total 289.853ms
06-30 21:57:41.723  1604  4176 I ActivityManager: Force stopping com.skgames.trafficrider appid=10081 user=0: from pid 6815
06-30 21:57:41.753  1836  1836 D CarrierSvcBindHelper: No carrier app for: 0
06-30 21:57:41.960  1604  5450 I ActivityManager: Force stopping com.EvilChaotic.ModernWarplanes appid=10082 user=0: from pid 6819
06-30 21:57:42.249  1604  4621 I ActivityManager: Force stopping com.ea.games.r3_row appid=10083 user=0: from pid 6823
06-30 21:57:42.495  1604  6773 W ActivityManager: Invalid packageName: android.media.action.IMAGE_CAPTURE
06-30 21:57:41.984  1836  1836 I chatty  : uid=1001(radio) com.android.phone identical 1 line
06-30 21:57:42.273  1836  1836 D CarrierSvcBindHelper: No carrier app for: 0
06-30 21:57:42.838  1403  1418 D hwcomposer: hw_composer sent 270 syncs in 63s
06-30 21:57:43.899  3171  3171 D net.osmand: RoutingHelper Processed by distance : (new) 186838.81683182155 (old) 187021.15625
06-30 21:57:44.005  3171  3177 I zygote  : Do full code cache collection, code=1009KB, data=637KB
06-30 21:57:44.007  3171  3177 I zygote  : After code cache collection, code=821KB, data=523KB
06-30 21:57:44.008  3171  3171 I net.osmand: RoutingHelper Recalculate route, because correlation  : 186838.81683182155
06-30 21:57:44.011  3171  3171 D net.osmand: AbstractPrologCommandPlayer abandonAudioFocus
06-30 21:57:44.016  3171  3171 I net.osmand: TTSCommandPlayerImpl Send message to pebble desviou-se da rota por  187 quilómetros 
06-30 21:57:44.016  3171  3171 D net.osmand: AbstractPrologCommandPlayer requestAudioFocus
06-30 21:57:44.016  3171  3171 W AudioManager: Use of stream types is deprecated for operations other than volume control
06-30 21:57:44.016  3171  3171 W AudioManager: See the documentation of requestAudioFocus() for what to use instead with android.media.AudioAttributes to qualify your playback use case
06-30 21:57:44.020  1604  1614 I MediaFocusControl: requestAudioFocus() from uid/pid 10104/3171 clientId=android.media.AudioManager@6cb55bbnet.osmand.plus.api.AudioFocusHelperImpl@233a6c2 callingPack=net.osmand req=3 flags=0x0 sdk=26
06-30 21:57:44.023  3171  3171 D net.osmand: TTSCommandPlayerImpl ttsRequests=1
06-30 21:57:44.028  4639  4668 I TTS.GoogleTTSServiceImp: Synthesis request for locale por-BRA and name pt-BR-language
06-30 21:57:44.031  4639  4668 I TTS.GoogleTTSServiceImp: TTS dispatch: pt-br-x-afs-lstm-embedded
06-30 21:57:44.052  3171  3171 W MaterialProgressBar: Current drawable is not a MaterialProgressDrawable, you may want to set app:mpb_setBothDrawables
06-30 21:57:44.068  3171  3171 I net.osmand: RoutingHelper Recalculate route, because correlation  : 214.74408039865548
06-30 21:57:44.068  3171  3171 I net.osmand: RoutingHelper Recalculate route, because wrong movement direction: 246.21614
06-30 21:57:44.069  3171  3171 I net.osmand: RoutingHelper Recalculate route, because correlation  : 214.74408039865548
06-30 21:57:44.079  3171  3171 I net.osmand: RoutingHelper Recalculate route, because correlation  : 186838.81683182155
06-30 21:57:44.080  3171  3171 I net.osmand: RoutingHelper Recalculate route, because wrong movement direction: 186838.81
06-30 21:57:44.091  3171  6842 I net.osmand: RouteProvider Start finding route from Location[mProvider=gps,mTime=1561931864000,mLatitude=-7.227295,mLongitude=-35.88520833333334,mHasAltitude=true,mAltitude=0.0,mHasSpeed=false,mSpeed=0.0,mHasBearing=false,mBearing=0.0,mHasAccuracy=true,mAccuracy=20.0 to Lat -5.043177 Lon -42.76361 using OsmAnd (offline)
06-30 21:57:44.102  3171  6842 W net.osmand: RouteProvider Use 336 MB Free 1.2246933 of 31.189545 max 384.0
06-30 21:57:44.151  4639  4669 D AudioTrack: Client defaulted notificationFrames to 1365 for frameCount 4096
06-30 21:57:44.239  1604  4621 V MediaRouterService: restoreBluetoothA2dp(false)
06-30 21:57:44.247  1394  3176 W audio_hw_generic: Not supplying enough data to HAL, expected position 4221580 , only wrote 4221360
06-30 21:57:44.671  3171  3189 I zygote  : Waiting for a blocking GC ProfileSaver
06-30 21:57:44.695  1604  1621 I WifiService: requestActivityInfo uid=1000
06-30 21:57:44.696  1604  1621 I WifiService: reportActivityInfo uid=1000
06-30 21:57:44.696  1604  1621 I WifiService: getSupportedFeatures uid=1000
06-30 21:57:44.800  3171  3171 I net.osmand: RoutingHelper Recalculate route, because correlation  : 214.74408039865548
06-30 21:57:44.800  3171  3171 I net.osmand: RoutingHelper Recalculate route, because wrong movement direction: 246.21614
06-30 21:57:44.805  3171  6842 I net.osmand:native: Start point was found 1886274709 [Native]
06-30 21:57:44.845  3171  6842 I net.osmand:native: End point was found 14392021889 [Native]
06-30 21:57:44.890  3171  3171 I net.osmand: RoutingHelper Recalculate route, because correlation  : 214.74408039865548
06-30 21:57:45.141  2659  2775 I MicroDetectionWorker: #startMicroDetector [speakerMode: 0]
06-30 21:57:45.153  2659  2775 W ErrorReporter: reportError [type: 211, code: 393244, bug: 0]: errorCode: 393244, engine: 0
06-30 21:57:45.157  2659  2775 I MicroDetector: Keeping mic open: false
06-30 21:57:45.157  2659  2775 I MicroDetectionWorker: #onError(false)
06-30 21:57:45.196  3171  3171 I net.osmand: RoutingHelper Recalculate route, because correlation  : 214.74408039865548
06-30 21:57:45.196  3171  3171 I net.osmand: RoutingHelper Recalculate route, because wrong movement direction: 246.21614
06-30 21:57:45.341  3171  3171 I net.osmand: RoutingHelper Recalculate route, because correlation  : 214.74408039865548
06-30 21:57:45.398  3171  3171 I net.osmand: RoutingHelper Recalculate route, because correlation  : 214.74408039865548
06-30 21:57:45.398  3171  3171 I net.osmand: RoutingHelper Recalculate route, because wrong movement direction: 246.21614
06-30 21:57:45.399  3171  3171 I net.osmand: RoutingHelper Recalculate route, because correlation  : 214.74408039865548
06-30 21:57:45.485  3171  3184 I zygote  : Background concurrent copying GC freed 401480(9MB) AllocSpace objects, 10(520KB) LOS objects, 21% free, 22MB/28MB, paused 1.046ms total 1.252s
06-30 21:57:45.487  3171  3189 I zygote  : WaitForGcToComplete blocked ProfileSaver on HeapTrim for 816.192ms
06-30 21:57:45.796  3171  3171 I net.osmand: RoutingHelper Recalculate route, because correlation  : 214.74408039865548
06-30 21:57:45.796  3171  3171 I net.osmand: RoutingHelper Recalculate route, because wrong movement direction: 246.21614
06-30 21:57:45.846  3171  3171 I net.osmand: RoutingHelper Recalculate route, because correlation  : 214.74408039865548
06-30 21:57:46.051  6845  6845 D AndroidRuntime: >>>>>> START com.android.internal.os.RuntimeInit uid 2000 <<<<<<
06-30 21:57:46.073  6845  6845 W app_process: Could not reserve sentinel fault page
06-30 21:57:46.415  6845  6845 W app_process: Unexpected CPU variant for X86 using defaults: x86
06-30 21:57:46.484  6845  6845 I app_process: The ClassLoaderContext is a special shared library.
06-30 21:57:46.621  3171  3171 I net.osmand: RoutingHelper Recalculate route, because correlation  : 214.74408039865548
06-30 21:57:46.621  3171  3171 I net.osmand: RoutingHelper Recalculate route, because wrong movement direction: 246.21614
06-30 21:57:46.661  3171  3171 I net.osmand: RoutingHelper Recalculate route, because correlation  : 214.74408039865548
06-30 21:57:46.662  6845  6845 D AndroidRuntime: Calling main entry com.android.commands.monkey.Monkey
06-30 21:57:46.665  6845  6845 W Monkey  : args: [-p, net.osmand, -c, android.intent.category.LAUNCHER, 1]
06-30 21:57:46.666  6845  6845 W Monkey  :  arg: "-p"
06-30 21:57:46.666  6845  6845 W Monkey  :  arg: "net.osmand"
06-30 21:57:46.666  6845  6845 W Monkey  :  arg: "-c"
06-30 21:57:46.666  6845  6845 W Monkey  :  arg: "android.intent.category.LAUNCHER"
06-30 21:57:46.667  6845  6845 W Monkey  :  arg: "1"
06-30 21:57:46.669  6845  6845 W Monkey  : data="net.osmand"
06-30 21:57:46.670  6845  6845 W Monkey  : data="android.intent.category.LAUNCHER"
06-30 21:57:46.750  1604  1618 W BroadcastQueue: Skipping deliver [background] BroadcastRecord{21b4703 u-1 android.net.conn.CONNECTIVITY_CHANGE} to ReceiverList{4925680 6845 (unknown name)/2000/u-1 remote:ee989bd}: process gone or crashing
06-30 21:57:46.789  3171  3171 I net.osmand: RoutingHelper Recalculate route, because correlation  : 214.74408039865548
06-30 21:57:46.789  3171  3171 I net.osmand: RoutingHelper Recalculate route, because wrong movement direction: 246.21614
06-30 21:57:46.821  3171  3171 I net.osmand: RoutingHelper Recalculate route, because correlation  : 214.74408039865548
06-30 21:57:46.821  3171  3171 I net.osmand: RoutingHelper Recalculate route, because wrong movement direction: 246.21614
06-30 21:57:46.829  1604  4621 I ActivityManager: START u0 {act=android.intent.action.MAIN cat=[android.intent.category.LAUNCHER] flg=0x10200000 cmp=net.osmand/.plus.activities.MapActivity} from uid 2000
06-30 21:57:46.831  1604  4621 W Binder  : Outgoing transactions from this process must be FLAG_ONEWAY
06-30 21:57:46.831  1604  4621 W Binder  : java.lang.Throwable
06-30 21:57:46.831  1604  4621 W Binder  : 	at android.os.BinderProxy.transact(Binder.java:752)
06-30 21:57:46.831  1604  4621 W Binder  : 	at android.app.IActivityController$Stub$Proxy.activityStarting(IActivityController.java:172)
06-30 21:57:46.831  1604  4621 W Binder  : 	at com.android.server.am.ActivityStarter.startActivity(ActivityStarter.java:449)
06-30 21:57:46.831  1604  4621 W Binder  : 	at com.android.server.am.ActivityStarter.startActivityLocked(ActivityStarter.java:278)
06-30 21:57:46.831  1604  4621 W Binder  : 	at com.android.server.am.ActivityStarter.startActivityMayWait(ActivityStarter.java:817)
06-30 21:57:46.831  1604  4621 W Binder  : 	at com.android.server.am.ActivityManagerService.startActivityAsUser(ActivityManagerService.java:4532)
06-30 21:57:46.831  1604  4621 W Binder  : 	at com.android.server.am.ActivityManagerService.startActivity(ActivityManagerService.java:4519)
06-30 21:57:46.831  1604  4621 W Binder  : 	at android.app.IActivityManager$Stub.onTransact(IActivityManager.java:121)
06-30 21:57:46.831  1604  4621 W Binder  : 	at com.android.server.am.ActivityManagerService.onTransact(ActivityManagerService.java:2919)
06-30 21:57:46.831  1604  4621 W Binder  : 	at android.os.Binder.execTransact(Binder.java:697)
06-30 21:57:46.840  3171  3171 I net.osmand: RoutingHelper Recalculate route, because correlation  : 214.74408039865548
06-30 21:57:46.854  3171  3171 I net.osmand: RoutingHelper Recalculate route, because correlation  : 214.74408039865548
06-30 21:57:46.879  6845  6845 I Monkey  : Events injected: 1
06-30 21:57:46.993  1707  1933 D EGL_emulation: eglMakeCurrent: 0x91a91b00: ver 2 0 (tinfo 0x91b96990)
06-30 21:57:47.000  6845  6845 I Monkey  : ## Network stats: elapsed time=169ms (0ms mobile, 0ms wifi, 169ms not connected)
06-30 21:57:47.009  2659  2770 D EGL_emulation: eglMakeCurrent: 0xa5805900: ver 2 0 (tinfo 0xa58035a0)
06-30 21:57:47.014  6845  6845 I com.android.commands.monkey: System.exit called, status: 0
06-30 21:57:47.014  6845  6845 I AndroidRuntime: VM exiting with result code 0.
06-30 21:57:47.076  2061  2124 D EGL_emulation: eglMakeCurrent: 0xa5806680: ver 2 0 (tinfo 0xa5803c60)
06-30 21:57:47.097  1604  1619 W Looper  : Dispatch took 124ms on android.ui, h=Handler (com.android.server.policy.PhoneWindowManager$PolicyHandler) {35d3375} cb=android.database.ContentObserver$NotificationRunnable@5dabf0a msg=0
06-30 21:57:47.207  3171  3171 D InAppPurchaseHelper: Destroying helper.
06-30 21:57:47.266  3171  3171 D net.osmand: Enable sensor
06-30 21:57:47.329  1604  6773 I GnssLocationProvider: WakeLock acquired by sendMessage(SET_REQUEST, 0, com.android.server.location.GnssLocationProvider$GpsRequest@4edc1d6)
06-30 21:57:47.365  3171  3171 W System.err: OnCreate for MapActivity took 158 ms
06-30 21:57:47.393  3171  3171 W ResourceType: For resource 0x7f0e013b, entry index(315) is beyond type entryCount(142)
06-30 21:57:47.394  3171  3171 I chatty  : uid=10104(net.osmand) identical 3 lines
06-30 21:57:47.394  3171  3171 W ResourceType: For resource 0x7f0e013b, entry index(315) is beyond type entryCount(142)
06-30 21:57:47.394  1604  1617 I GnssLocationProvider: WakeLock released by handleMessage(SET_REQUEST, 0, com.android.server.location.GnssLocationProvider$GpsRequest@4edc1d6)
06-30 21:57:47.399  3171  3171 W ResourceType: For resource 0x7f0e013b, entry index(315) is beyond type entryCount(142)
06-30 21:57:47.400  3171  3171 I chatty  : uid=10104(net.osmand) identical 3 lines
06-30 21:57:47.400  3171  3171 W ResourceType: For resource 0x7f0e013b, entry index(315) is beyond type entryCount(142)
06-30 21:57:47.400  1402  1402 D gralloc_ranchu: gralloc_alloc: Creating ashmem region of size 8298496
06-30 21:57:47.402  3171  3171 W ResourceType: For resource 0x7f0e013b, entry index(315) is beyond type entryCount(142)
06-30 21:57:47.447  3171  3171 I chatty  : uid=10104(net.osmand) identical 58 lines
06-30 21:57:47.448  3171  3171 W ResourceType: For resource 0x7f0e013b, entry index(315) is beyond type entryCount(142)
06-30 21:57:47.467  1707  1933 D EGL_emulation: eglMakeCurrent: 0x91a91b00: ver 2 0 (tinfo 0x91b96990)
06-30 21:57:47.475  1412  1866 E SurfaceFlinger: Permission Denial: can't openGlobalTransaction pid=3171, uid<=10104
06-30 21:57:47.477  3171  3171 E BpSurfaceComposerClient: Failed to transact (-1)
06-30 21:57:47.492  1412  1667 E SurfaceFlinger: Permission Denial: can't openGlobalTransaction pid=3171, uid<=10104
06-30 21:57:47.493  3171  3171 E BpSurfaceComposerClient: Failed to transact (-1)
06-30 21:57:47.501  3171  3268 D EGL_emulation: eglMakeCurrent: 0xa5805480: ver 2 0 (tinfo 0xa58032f0)
06-30 21:57:47.505  1707  1933 D EGL_emulation: eglMakeCurrent: 0x91a91b00: ver 2 0 (tinfo 0x91b96990)
06-30 21:57:47.534  1402  1402 D gralloc_ranchu: gralloc_alloc: Creating ashmem region of size 8298496
06-30 21:57:47.585  1402  1402 D gralloc_ranchu: gralloc_alloc: Creating ashmem region of size 3878912
06-30 21:57:47.721  1402  1402 D gralloc_ranchu: gralloc_alloc: Creating ashmem region of size 8298496
06-30 21:57:47.845  4639  4649 I zygote  : Background concurrent copying GC freed 10116(2MB) AllocSpace objects, 0(0B) LOS objects, 50% free, 3MB/7MB, paused 1.084ms total 539.549ms
06-30 21:57:47.893  1412  1412 W SurfaceFlinger: couldn't log to binary event log: overflow.
06-30 21:57:48.062  3171  3171 I net.osmand: RoutingHelper Recalculate route, because correlation  : 214.74408039865548
06-30 21:57:48.078  2659  6858 I PBSessionCacheImpl: Deleted sessionId[8261956485965] from persistence.
06-30 21:57:48.122  1707  1933 D EGL_emulation: eglMakeCurrent: 0x91a91b00: ver 2 0 (tinfo 0x91b96990)
06-30 21:57:48.128  1604  4176 I WifiService: getWifiEnabledState uid=10032
06-30 21:57:48.129  1707  1933 D EGL_emulation: eglMakeCurrent: 0x91a91b00: ver 2 0 (tinfo 0x91b96990)
06-30 21:57:48.155  1402  1402 D gralloc_ranchu: gralloc_alloc: Creating ashmem region of size 3878912
06-30 21:57:48.292  1394  3176 W audio_hw_generic: Not supplying enough data to HAL, expected position 4415510 , only wrote 4414320
06-30 21:57:48.301  3171  3171 I net.osmand: RoutingHelper Recalculate route, because correlation  : 214.74408039865548
06-30 21:57:48.302  3171  3171 I net.osmand: RoutingHelper Recalculate route, because wrong movement direction: 246.21614
06-30 21:57:48.313  2659  2775 W SearchServiceCore: Abort, client detached.
06-30 21:57:48.320  1477  1572 D AudioFlinger: mixer(0xac983140) throttle end: throttle time(12)
06-30 21:57:48.373  1707  1933 D EGL_emulation: eglMakeCurrent: 0x91a91b00: ver 2 0 (tinfo 0x91b96990)
06-30 21:57:48.564  1707  1933 I chatty  : uid=10029(com.android.systemui) RenderThread identical 3 lines
06-30 21:57:48.617  1707  1933 D EGL_emulation: eglMakeCurrent: 0x91a91b00: ver 2 0 (tinfo 0x91b96990)
06-30 21:57:48.637  3171  3171 I net.osmand: RoutingHelper Recalculate route, because correlation  : 214.74408039865548
06-30 21:57:48.638  3171  3171 I net.osmand: RoutingHelper Recalculate route, because wrong movement direction: 246.21614
06-30 21:57:48.661  4639  4669 D AudioTrack: stop() called with 94270 frames delivered
06-30 21:57:48.662  1604  4621 V MediaRouterService: restoreBluetoothA2dp(false)
06-30 21:57:48.671  3171  4673 D net.osmand: AbstractPrologCommandPlayer abandonAudioFocus
06-30 21:57:48.672  1604  4176 I MediaFocusControl: abandonAudioFocus() from uid/pid 10104/3171 clientId=android.media.AudioManager@6cb55bbnet.osmand.plus.api.AudioFocusHelperImpl@233a6c2
06-30 21:57:48.672  3171  4673 D net.osmand: TTSCommandPlayerImpl ttsRequests=0
06-30 21:57:48.783  3171  3171 I net.osmand: RoutingHelper Recalculate route, because correlation  : 214.74408039865548
06-30 21:57:49.079  3171  3171 I net.osmand: RoutingHelper Recalculate route, because correlation  : 214.74408039865548
06-30 21:57:49.079  3171  3171 I net.osmand: RoutingHelper Recalculate route, because wrong movement direction: 246.21614
06-30 21:57:49.085  3171  3171 I net.osmand: RoutingHelper Recalculate route, because correlation  : 214.74408039865548
06-30 21:57:49.103  1402  1402 D gralloc_ranchu: gralloc_alloc: Creating ashmem region of size 3878912
06-30 21:57:49.650  3171  3184 I zygote  : Background concurrent copying GC freed 243264(6MB) AllocSpace objects, 8(212KB) LOS objects, 18% free, 26MB/32MB, paused 991us total 809.823ms
06-30 21:57:49.807  3171  3171 I net.osmand: RoutingHelper Recalculate route, because correlation  : 214.74408039865548
06-30 21:57:49.809  3171  3171 I net.osmand: RoutingHelper Recalculate route, because correlation  : 214.74408039865548
06-30 21:57:49.809  3171  3171 I net.osmand: RoutingHelper Recalculate route, because wrong movement direction: 246.21614
06-30 21:57:49.898  3171  3171 I net.osmand: RoutingHelper Recalculate route, because correlation  : 214.74408039865548
06-30 21:57:49.899  3171  3171 I net.osmand: RoutingHelper Recalculate route, because wrong movement direction: 246.21614
06-30 21:57:49.978  3171  3171 I net.osmand: RoutingHelper Recalculate route, because correlation  : 214.74408039865548
06-30 21:57:49.994  3171  3171 I chatty  : uid=10104(net.osmand) identical 1 line
06-30 21:57:49.996  3171  3171 I net.osmand: RoutingHelper Recalculate route, because correlation  : 214.74408039865548
06-30 21:57:49.996  3171  3171 I net.osmand: RoutingHelper Recalculate route, because wrong movement direction: 246.21614
06-30 21:57:50.799  3171  3171 I net.osmand: RoutingHelper Recalculate route, because correlation  : 214.74408039865548
06-30 21:57:50.799  3171  3171 I net.osmand: RoutingHelper Recalculate route, because wrong movement direction: 246.21614
06-30 21:57:50.974  3171  3171 I net.osmand: RoutingHelper Recalculate route, because correlation  : 214.74408039865548
06-30 21:57:51.402  1394  3176 W audio_hw_generic: Not supplying enough data to HAL, expected position 4563620 , only wrote 4562640
06-30 21:57:51.403  1394  3176 W audio_hw_generic: Not supplying enough data to HAL, expected position 4562684 , only wrote 4562640
06-30 21:57:51.419  1394  3176 W audio_hw_generic: Not supplying enough data to HAL, expected position 4563403 , only wrote 4563360
06-30 21:57:51.489  3171  3171 I net.osmand: RoutingHelper Recalculate route, because correlation  : 214.74408039865548
06-30 21:57:51.489  3171  3171 I net.osmand: RoutingHelper Recalculate route, because wrong movement direction: 246.21614
06-30 21:57:51.636  3171  3171 I net.osmand: RoutingHelper Recalculate route, because correlation  : 214.74408039865548
06-30 21:57:51.676  1394  1567 W audio_hw_generic: Not supplying enough data to HAL, expected position 4586847 , only wrote 4575600
06-30 21:57:51.690  3171  3171 I net.osmand: RoutingHelper Recalculate route, because correlation  : 214.74408039865548
06-30 21:57:51.690  3171  3171 I net.osmand: RoutingHelper Recalculate route, because wrong movement direction: 246.21614
06-30 21:57:51.692  3171  3171 I net.osmand: RoutingHelper Recalculate route, because correlation  : 214.74408039865548
06-30 21:57:51.901  3171  3171 I net.osmand: RoutingHelper Recalculate route, because correlation  : 214.74408039865548
06-30 21:57:51.901  3171  3171 I net.osmand: RoutingHelper Recalculate route, because wrong movement direction: 246.21614
06-30 21:57:51.930  3171  3184 I zygote  : Background concurrent copying GC freed 492704(11MB) AllocSpace objects, 0(0B) LOS objects, 17% free, 28MB/34MB, paused 2.150ms total 1.017s
06-30 21:57:51.944  3171  3171 I net.osmand: RoutingHelper Recalculate route, because correlation  : 214.74408039865548
06-30 21:57:52.798  3171  3171 I net.osmand: RoutingHelper Recalculate route, because correlation  : 214.74408039865548
06-30 21:57:52.798  3171  3171 I net.osmand: RoutingHelper Recalculate route, because wrong movement direction: 246.21614
06-30 21:57:52.818  3171  3171 I net.osmand: RoutingHelper Recalculate route, because correlation  : 214.74408039865548
06-30 21:57:52.818  3171  3171 I net.osmand: RoutingHelper Recalculate route, because wrong movement direction: 246.21614
06-30 21:57:52.891  3171  3171 I net.osmand: RoutingHelper Recalculate route, because correlation  : 214.74408039865548
06-30 21:57:53.002  3171  3171 I chatty  : uid=10104(net.osmand) identical 1 line
06-30 21:57:53.103  3171  3171 I net.osmand: RoutingHelper Recalculate route, because correlation  : 214.74408039865548
06-30 21:57:53.103  3171  3171 I net.osmand: RoutingHelper Recalculate route, because wrong movement direction: 246.21614
06-30 21:57:53.124  3171  3171 I net.osmand: RoutingHelper Recalculate route, because correlation  : 214.74408039865548
06-30 21:57:53.253  1970  5282 I zygote  : Deoptimizing java.lang.Object bltx.next() due to JIT inline cache
06-30 21:57:53.644  1970  6807 I Places  : ?: PlacesBleScanner stop()
06-30 21:57:53.644  1970  1970 I BeaconBle: Scan : No clients left, canceling alarm.
06-30 21:57:53.648  1970  1970 I BeaconBle: Scan canceled successfully.
06-30 21:57:53.672  1970  6807 I PlaceInferenceEngine: [anon] Changed inference mode: 0
06-30 21:57:53.700  1970  6807 I PlaceInferenceEngine: [account#1066226748] Changed inference mode: 0
06-30 21:57:53.791  1970  1970 I GeofencerStateMachine: removeGeofences: removeRequest=RemoveGeofencingRequest[REMOVE_BY_PENDING_INTENT pendingIntent=PendingIntent[creatorPackage=com.google.android.gms], packageName=com.google.android.gms]
06-30 21:57:53.833  3171  3171 I net.osmand: RoutingHelper Recalculate route, because correlation  : 214.74408039865548
06-30 21:57:53.834  3171  3171 I net.osmand: RoutingHelper Recalculate route, because wrong movement direction: 246.21614
06-30 21:57:54.032  3171  3171 I net.osmand: RoutingHelper Recalculate route, because correlation  : 214.74408039865548
06-30 21:57:54.154  1970  2344 W MessageQueue: Handler (aeyl) {e4f9aa2} sending message to a Handler on a dead thread
06-30 21:57:54.154  1970  2344 W MessageQueue: java.lang.IllegalStateException: Handler (aeyl) {e4f9aa2} sending message to a Handler on a dead thread
06-30 21:57:54.154  1970  2344 W MessageQueue: 	at android.os.MessageQueue.enqueueMessage(MessageQueue.java:545)
06-30 21:57:54.154  1970  2344 W MessageQueue: 	at android.os.Handler.enqueueMessage(Handler.java:662)
06-30 21:57:54.154  1970  2344 W MessageQueue: 	at android.os.Handler.sendMessageAtTime(Handler.java:631)
06-30 21:57:54.154  1970  2344 W MessageQueue: 	at aeyl.sendMessageAtTime(Unknown Source:3)
06-30 21:57:54.154  1970  2344 W MessageQueue: 	at android.os.Handler.sendMessageDelayed(Handler.java:601)
06-30 21:57:54.154  1970  2344 W MessageQueue: 	at android.os.Handler.post(Handler.java:357)
06-30 21:57:54.154  1970  2344 W MessageQueue: 	at bcln.execute(Unknown Source:2)
06-30 21:57:54.154  1970  2344 W MessageQueue: 	at aanh.execute(Unknown Source:9)
06-30 21:57:54.154  1970  2344 W MessageQueue: 	at avft.a(:com.google.android.gms@17785022@17.7.85 (040700-253824076):3)
06-30 21:57:54.154  1970  2344 W MessageQueue: 	at avgk.a(:com.google.android.gms@17785022@17.7.85 (040700-253824076):8)
06-30 21:57:54.154  1970  2344 W MessageQueue: 	at avgn.a(:com.google.android.gms@17785022@17.7.85 (040700-253824076):43)
06-30 21:57:54.154  1970  2344 W MessageQueue: 	at avgj.a(:com.google.android.gms@17785022@17.7.85 (040700-253824076):2)
06-30 21:57:54.154  1970  2344 W MessageQueue: 	at rpj.a(:com.google.android.gms@17785022@17.7.85 (040700-253824076):3)
06-30 21:57:54.154  1970  2344 W MessageQueue: 	at rpj.a(:com.google.android.gms@17785022@17.7.85 (040700-253824076):2)
06-30 21:57:54.154  1970  2344 W MessageQueue: 	at agos.a(Unknown Source:2)
06-30 21:57:54.154  1970  2344 W MessageQueue: 	at rnt.a(Unknown Source:11)
06-30 21:57:54.154  1970  2344 W MessageQueue: 	at aamg.a(:com.google.android.gms@17785022@17.7.85 (040700-253824076):1)
06-30 21:57:54.154  1970  2344 W MessageQueue: 	at cwm.onTransact(:com.google.android.gms@17785022@17.7.85 (040700-253824076):4)
06-30 21:57:54.154  1970  2344 W MessageQueue: 	at android.os.Binder.execTransact(Binder.java:697)
06-30 21:57:54.320  3171  3171 I net.osmand: RoutingHelper Recalculate route, because correlation  : 214.74408039865548
06-30 21:57:54.320  3171  3171 I net.osmand: RoutingHelper Recalculate route, because wrong movement direction: 246.21614
06-30 21:57:54.326  3171  3171 I net.osmand: RoutingHelper Recalculate route, because correlation  : 214.74408039865548
06-30 21:57:54.425  3171  3184 I zygote  : Background concurrent copying GC freed 589443(12MB) AllocSpace objects, 0(0B) LOS objects, 17% free, 28MB/34MB, paused 1.317ms total 1.370s
06-30 21:57:54.442  3171  3171 I net.osmand: RoutingHelper Recalculate route, because correlation  : 214.74408039865548
06-30 21:57:54.443  3171  3171 I net.osmand: RoutingHelper Recalculate route, because wrong movement direction: 246.21614
06-30 21:57:54.633  3171  3171 I net.osmand: RoutingHelper Recalculate route, because correlation  : 214.74408039865548
06-30 21:57:54.810  3171  3171 I net.osmand: RoutingHelper Recalculate route, because correlation  : 214.74408039865548
06-30 21:57:54.810  3171  3171 I net.osmand: RoutingHelper Recalculate route, because wrong movement direction: 246.21614
06-30 21:57:54.827  3171  3171 I net.osmand: RoutingHelper Recalculate route, because correlation  : 214.74408039865548
06-30 21:57:55.484  3171  3184 I zygote  : Background concurrent copying GC freed 591615(13MB) AllocSpace objects, 0(0B) LOS objects, 20% free, 23MB/29MB, paused 6.169ms total 554.799ms
06-30 21:57:55.615  3171  3171 I net.osmand: RoutingHelper Recalculate route, because correlation  : 214.74408039865548
06-30 21:57:55.620  3171  3171 I net.osmand: RoutingHelper Recalculate route, because correlation  : 214.74408039865548
06-30 21:57:55.621  3171  3171 I net.osmand: RoutingHelper Recalculate route, because wrong movement direction: 246.21614
06-30 21:57:55.782  3171  3171 I net.osmand: RoutingHelper Recalculate route, because correlation  : 214.74408039865548
06-30 21:57:55.782  3171  3171 I net.osmand: RoutingHelper Recalculate route, because wrong movement direction: 246.21614
06-30 21:57:55.913  3171  3171 I net.osmand: RoutingHelper Recalculate route, because correlation  : 214.74408039865548
06-30 21:57:55.913  3171  3171 I net.osmand: RoutingHelper Recalculate route, because wrong movement direction: 246.21614
06-30 21:57:56.011  3171  3171 I net.osmand: RoutingHelper Recalculate route, because correlation  : 214.74408039865548
06-30 21:57:56.211  3171  3171 I net.osmand: RoutingHelper Recalculate route, because correlation  : 214.74408039865548
06-30 21:57:56.695  3171  3184 I zygote  : Background concurrent copying GC freed 383095(8MB) AllocSpace objects, 0(0B) LOS objects, 19% free, 25MB/31MB, paused 905us total 696.730ms
06-30 21:57:56.807  3171  3171 I net.osmand: RoutingHelper Recalculate route, because correlation  : 214.74408039865548
06-30 21:57:56.808  3171  3171 I net.osmand: RoutingHelper Recalculate route, because wrong movement direction: 246.21614
06-30 21:57:56.948  3171  3171 I net.osmand: RoutingHelper Recalculate route, because correlation  : 214.74408039865548
06-30 21:57:57.221  3171  3171 I net.osmand: RoutingHelper Recalculate route, because correlation  : 214.74408039865548
06-30 21:57:57.221  3171  3171 I net.osmand: RoutingHelper Recalculate route, because wrong movement direction: 246.21614
06-30 21:57:57.236  3171  3171 I net.osmand: RoutingHelper Recalculate route, because correlation  : 214.74408039865548
06-30 21:57:57.236  3171  3171 I net.osmand: RoutingHelper Recalculate route, because wrong movement direction: 246.21614
06-30 21:57:57.348  3171  3171 I net.osmand: RoutingHelper Recalculate route, because correlation  : 214.74408039865548
06-30 21:57:57.883  3171  3171 I net.osmand: RoutingHelper Recalculate route, because correlation  : 214.74408039865548
06-30 21:57:57.883  3171  3171 I net.osmand: RoutingHelper Recalculate route, because wrong movement direction: 246.21614
06-30 21:57:57.923  3171  3171 I net.osmand: RoutingHelper Recalculate route, because correlation  : 214.74408039865548
06-30 21:57:58.145  3171  3184 I zygote  : Background concurrent copying GC freed 457707(10MB) AllocSpace objects, 0(0B) LOS objects, 17% free, 27MB/33MB, paused 908us total 829.550ms
06-30 21:57:58.505  3171  3171 I net.osmand: RoutingHelper Recalculate route, because correlation  : 214.74408039865548
06-30 21:57:58.505  3171  3171 I net.osmand: RoutingHelper Recalculate route, because wrong movement direction: 246.21614
06-30 21:57:58.507  3171  3171 I net.osmand: RoutingHelper Recalculate route, because correlation  : 214.74408039865548
06-30 21:57:58.507  3171  3171 I net.osmand: RoutingHelper Recalculate route, because wrong movement direction: 246.21614
06-30 21:57:58.509  3171  3171 I net.osmand: RoutingHelper Recalculate route, because correlation  : 214.74408039865548
06-30 21:57:58.512  3171  3171 I net.osmand: RoutingHelper Recalculate route, because correlation  : 214.74408039865548
06-30 21:57:58.522  1604  4176 I WifiService: acquireWifiLock uid=10014 lockMode=2
06-30 21:57:58.537  1604  1617 E memtrack: Couldn't load memtrack module
06-30 21:57:58.538  1604  1617 W android.os.Debug: failed to get memory consumption info: -1
06-30 21:57:58.662  1970  1970 I BeaconBle: Scan : No clients left, canceling alarm.
06-30 21:57:58.729  1604  6773 I WifiService: releaseWifiLock uid=10014
06-30 21:57:58.912  1604  1617 E memtrack: Couldn't load memtrack module
06-30 21:57:58.912  1604  1617 W android.os.Debug: failed to get memory consumption info: -1
06-30 21:57:58.977  3171  3171 I net.osmand: RoutingHelper Recalculate route, because correlation  : 214.74408039865548
06-30 21:57:58.977  3171  3171 I net.osmand: RoutingHelper Recalculate route, because wrong movement direction: 246.21614
06-30 21:57:59.042  3171  3171 I net.osmand: RoutingHelper Recalculate route, because correlation  : 214.74408039865548
06-30 21:57:59.193  2659  2775 I WorkerManager: dispose()
06-30 21:57:59.202  2659  2775 W ThreadPoolDumper: Queue length for executor EventBus is now 11. Perhaps some tasks are too long, or the pool is too small.
06-30 21:57:59.548  3171  3184 I zygote  : Background concurrent copying GC freed 588051(12MB) AllocSpace objects, 0(0B) LOS objects, 19% free, 24MB/30MB, paused 3.374ms total 561.801ms
06-30 21:57:59.803  3171  3171 I net.osmand: RoutingHelper Recalculate route, because correlation  : 214.74408039865548
06-30 21:57:59.894  3171  3171 I net.osmand: RoutingHelper Recalculate route, because correlation  : 214.74408039865548
06-30 21:57:59.894  3171  3171 I net.osmand: RoutingHelper Recalculate route, because wrong movement direction: 246.21614
06-30 21:57:59.987  3171  3171 I net.osmand: RoutingHelper Recalculate route, because correlation  : 214.74408039865548
06-30 21:58:00.120  3171  3171 I net.osmand: RoutingHelper Recalculate route, because correlation  : 214.74408039865548
06-30 21:58:00.120  3171  3171 I net.osmand: RoutingHelper Recalculate route, because wrong movement direction: 246.21614
06-30 21:58:00.124  3171  3171 I net.osmand: RoutingHelper Recalculate route, because correlation  : 214.74408039865548
06-30 21:58:00.127  3171  3171 I net.osmand: RoutingHelper Recalculate route, because correlation  : 214.74408039865548
06-30 21:58:00.128  3171  3171 I net.osmand: RoutingHelper Recalculate route, because wrong movement direction: 246.21614
06-30 21:58:00.174  1604  1617 E memtrack: Couldn't load memtrack module
06-30 21:58:00.174  1604  1617 W android.os.Debug: failed to get memory consumption info: -1
06-30 21:58:00.556  1604  1617 E memtrack: Couldn't load memtrack module
06-30 21:58:00.556  1604  1617 W android.os.Debug: failed to get memory consumption info: -1
06-30 21:58:00.644  1604  1617 E memtrack: Couldn't load memtrack module
06-30 21:58:00.644  1604  1617 W android.os.Debug: failed to get memory consumption info: -1
06-30 21:58:00.741  3171  3184 I zygote  : Background concurrent copying GC freed 422333(9MB) AllocSpace objects, 0(0B) LOS objects, 20% free, 23MB/29MB, paused 2.147ms total 524.739ms
06-30 21:58:00.774  1604  1617 E memtrack: Couldn't load memtrack module
06-30 21:58:00.774  1604  1617 W android.os.Debug: failed to get memory consumption info: -1
06-30 21:58:00.831  3171  3171 I net.osmand: RoutingHelper Recalculate route, because correlation  : 214.74408039865548
06-30 21:58:00.831  3171  3171 I net.osmand: RoutingHelper Recalculate route, because wrong movement direction: 246.21614
06-30 21:58:00.849  3171  3171 I net.osmand: RoutingHelper Recalculate route, because correlation  : 214.74408039865548
06-30 21:58:01.330  3171  3171 I chatty  : uid=10104(net.osmand) identical 1 line
06-30 21:58:01.342  3171  3171 I net.osmand: RoutingHelper Recalculate route, because correlation  : 214.74408039865548
06-30 21:58:01.342  3171  3171 I net.osmand: RoutingHelper Recalculate route, because wrong movement direction: 246.21614
06-30 21:58:01.480  3171  3171 I net.osmand: RoutingHelper Recalculate route, because correlation  : 214.74408039865548
06-30 21:58:01.593  3171  3171 I net.osmand: RoutingHelper Recalculate route, because correlation  : 214.74408039865548
06-30 21:58:01.594  3171  3171 I net.osmand: RoutingHelper Recalculate route, because wrong movement direction: 246.21614
06-30 21:58:01.891  3171  3171 I net.osmand: RoutingHelper Recalculate route, because correlation  : 214.74408039865548
06-30 21:58:01.891  3171  3171 I net.osmand: RoutingHelper Recalculate route, because wrong movement direction: 246.21614
06-30 21:58:01.959  3171  3171 I net.osmand: RoutingHelper Recalculate route, because correlation  : 214.74408039865548
06-30 21:58:02.122  3171  3184 I zygote  : Background concurrent copying GC freed 366088(8MB) AllocSpace objects, 0(0B) LOS objects, 17% free, 28MB/34MB, paused 922us total 728.560ms
06-30 21:58:02.525  3171  3171 I net.osmand: RoutingHelper Recalculate route, because correlation  : 214.74408039865548
06-30 21:58:02.543  3171  3171 I net.osmand: RoutingHelper Recalculate route, because correlation  : 214.74408039865548
06-30 21:58:02.543  3171  3171 I net.osmand: RoutingHelper Recalculate route, because wrong movement direction: 246.21614
06-30 21:58:02.765  3171  3171 I net.osmand: RoutingHelper Recalculate route, because correlation  : 214.74408039865548
06-30 21:58:02.765  3171  3171 I net.osmand: RoutingHelper Recalculate route, because wrong movement direction: 246.21614
06-30 21:58:02.911  3171  3171 I net.osmand: RoutingHelper Recalculate route, because correlation  : 214.74408039865548
06-30 21:58:02.911  3171  3171 I net.osmand: RoutingHelper Recalculate route, because wrong movement direction: 246.21614
06-30 21:58:02.915  3171  3171 I net.osmand: RoutingHelper Recalculate route, because correlation  : 214.74408039865548
06-30 21:58:02.955  3171  3171 I net.osmand: RoutingHelper Recalculate route, because correlation  : 214.74408039865548
06-30 21:58:03.025  1410  1410 I boot-pipe: done populating /dev/random
06-30 21:58:03.334  3171  3184 I zygote  : Background concurrent copying GC freed 587337(12MB) AllocSpace objects, 0(0B) LOS objects, 19% free, 24MB/30MB, paused 936us total 482.899ms
06-30 21:58:03.799  3171  3171 I net.osmand: RoutingHelper Recalculate route, because correlation  : 214.74408039865548
06-30 21:58:03.800  3171  3171 I net.osmand: RoutingHelper Recalculate route, because wrong movement direction: 246.21614
06-30 21:58:03.893  3171  3171 I net.osmand: RoutingHelper Recalculate route, because correlation  : 214.74408039865548
06-30 21:58:03.893  3171  3171 I net.osmand: RoutingHelper Recalculate route, because wrong movement direction: 246.21614
06-30 21:58:04.031  3171  3171 I net.osmand: RoutingHelper Recalculate route, because correlation  : 214.74408039865548
06-30 21:58:04.114  3171  3171 I chatty  : uid=10104(net.osmand) identical 1 line
06-30 21:58:04.232  3171  3171 I net.osmand: RoutingHelper Recalculate route, because correlation  : 214.74408039865548
06-30 21:58:04.232  3171  3171 I net.osmand: RoutingHelper Recalculate route, because wrong movement direction: 246.21614
06-30 21:58:04.277  3171  3171 I net.osmand: RoutingHelper Recalculate route, because correlation  : 214.74408039865548
06-30 21:58:04.632  3171  3184 I zygote  : Background concurrent copying GC freed 416411(9MB) AllocSpace objects, 0(0B) LOS objects, 20% free, 23MB/29MB, paused 1.281ms total 421.808ms
06-30 21:58:04.805  3171  3171 I net.osmand: RoutingHelper Recalculate route, because correlation  : 214.74408039865548
06-30 21:58:04.805  3171  3171 I net.osmand: RoutingHelper Recalculate route, because wrong movement direction: 246.21614
06-30 21:58:04.964  3171  3171 I net.osmand: RoutingHelper Recalculate route, because correlation  : 214.74408039865548
06-30 21:58:05.482  3171  3171 I net.osmand: RoutingHelper Recalculate route, because correlation  : 214.74408039865548
06-30 21:58:05.482  3171  3171 I net.osmand: RoutingHelper Recalculate route, because wrong movement direction: 246.21614
06-30 21:58:05.700  3171  3171 I net.osmand: RoutingHelper Recalculate route, because correlation  : 214.74408039865548
06-30 21:58:05.778  3171  3171 D net.osmand: DayNightHelper Sunrise/sunset setting to day: false
06-30 21:58:05.923  3171  3171 I net.osmand: RoutingHelper Recalculate route, because correlation  : 214.74408039865548
06-30 21:58:05.923  3171  3171 I net.osmand: RoutingHelper Recalculate route, because wrong movement direction: 246.21614
06-30 21:58:05.985  1604  1604 I GnssLocationProvider: WakeLock acquired by sendMessage(SUBSCRIPTION_OR_SIM_CHANGED, 0, null)
06-30 21:58:06.095  1836  1836 D MccTable: updateMccMncConfiguration mccmnc='null' fromServiceState=true
06-30 21:58:06.095  1836  1836 D MccTable: WIFI_COUNTRY_CODE set to 
06-30 21:58:06.096  1604  6773 I WifiService: WifiService trying to set country code to  with persist set to false
