06-29 13:33:58.468  3472  7815 I net.osmand: RouteProvider Start finding route from Location[mProvider=gps,mTime=1561815238000,mLatitude=-7.230281666666667,mLongitude=-35.90757166666666,mHasAltitude=false,mAltitude=0.0,mHasSpeed=true,mSpeed=0.0,mHasBearing=true,mBearing=0.0,mHasAccuracy=true,mAccuracy=20.0 to Lat -7.2326345 Lon -35.91311 using OsmAnd (offline)
06-29 13:33:58.469  3472  7815 W net.osmand: RouteProvider Use 347 MB Free 5.953125 of 24.264038 max 384.0
06-29 13:33:58.944  1390  2659 W audio_hw_generic: Not supplying enough data to HAL, expected position 17407514 , only wrote 17407440
06-29 13:33:58.980  1473  1561 D AudioFlinger: mixer(0xa6c83380) throttle end: throttle time(2)
06-29 13:33:59.573  1473  1561 D AudioFlinger: mixer(0xa6c83380) throttle end: throttle time(1)
06-29 13:33:59.652  3472  3472 I net.osmand: RoutingHelper Recalculate route, because wrong movement direction: 282.5443
06-29 13:33:59.659  3472  3472 I net.osmand: RoutingHelper Recalculate route, because wrong movement direction: 282.5443
06-29 13:33:59.836  1481  7314 I NuPlayerDecoder: [audio] saw output EOS
06-29 13:33:59.836  1481  7313 D AudioTrack: stop() called with 132300 frames delivered
06-29 13:33:59.981  2175  7514 W Ads     : Error while connecting to ad server: Failed to connect to googleads.g.doubleclick.net/2800:3f0:4001:815::2002:443
06-29 13:34:00.262  1481  7310 D NuPlayerDriver: notifyListener_l(0xa8ca55b0), (2, 0, 0, -1), loop setting(1, 0)
06-29 13:34:00.289  1481  7314 I NuPlayerDecoder: [OMX.google.vorbis.decoder] resubmitting CSD
06-29 13:34:00.290  1481  7314 I NuPlayerDecoder: [OMX.google.vorbis.decoder] resubmitting CSD
06-29 13:34:00.321  1481  7310 D NuPlayerDriver: notifyListener_l(0xa8ca55b0), (6, 0, 0, -1), loop setting(1, 0)
06-29 13:34:00.339  1481  7313 W AudioTrack: getTimestamp() location moved from kernel to server
06-29 13:34:00.340  1481  7313 W NuPlayerRenderer: getPendingAudioPlayoutDurationUs: pendingUs -1410 < 0, clamping to zero, potential resume after pause writtenAudioDurationUs: 5804, audioSinkPlayedUs: 7214
06-29 13:34:00.363  1481  7313 W AudioTrack: retrograde timestamp position corrected, -256 = 0 - 256
06-29 13:34:00.363  1481  7313 W NuPlayerRenderer: getPendingAudioPlayoutDurationUs: pendingUs -7295 < 0, clamping to zero, potential resume after pause writtenAudioDurationUs: 17414, audioSinkPlayedUs: 24709
06-29 13:34:00.407  3472  7815 I net.osmand:native: Start point was found 1886269049 [Native]
06-29 13:34:00.500  3472  7815 I net.osmand:native: End point was found 1886269277 [Native]
06-29 13:34:00.500  3472  7815 W net.osmand:native: [Native] Result visited (visited roads 2, visited segments 1 / 0 , queue sizes 3 / 1 ) 
06-29 13:34:00.501  3472  7815 W net.osmand:native: [Native] Result timing (time to load 0, time to calc 0, loaded tiles 21) 
06-29 13:34:00.501  3472  7815 W net.osmand:native: [Native] Memory occupied (Routing context 473 Kb, search 0 Kb)
06-29 13:34:00.509  3472  7815 I net.osmand:native: No route found
06-29 13:34:00.521  1481  7313 W AudioTrack: getTimestamp() location moved from kernel to server
06-29 13:34:00.589  1473  1561 D AudioFlinger: mixer(0xa6c83380) throttle end: throttle time(3)
06-29 13:34:00.616  3472  7815 I net.osmand: RoutePlannerFrontEnd Native routing took 0.744 seconds
06-29 13:34:00.616  3472  7815 I System.out: ROUTE : 
06-29 13:34:00.617  3472  7815 I net.osmand: RouteResultPreparation <test regions="" description="" best_percent="" vehicle="car" 
06-29 13:34:00.617  3472  7815 I net.osmand:   start_lat="-7.23028" start_lon="-35.90757" target_lat="-7.23263" target_lon="-35.91311"  routing_time="0.00" loadedTiles="21" visitedSegments="2" complete_distance="0.00" complete_time="0.00" >
06-29 13:34:00.618  3472  7815 I System.out: <test regions="" description="" best_percent="" vehicle="car" 
06-29 13:34:00.618  3472  7815 I System.out:   start_lat="-7.23028" start_lon="-35.90757" target_lat="-7.23263" target_lon="-35.91311"  routing_time="0.00" loadedTiles="21" visitedSegments="2" complete_distance="0.00" complete_time="0.00" >
06-29 13:34:00.618  3472  7815 I System.out: </test>
06-29 13:34:00.619  3472  7815 I System.out: <test regions="" description="" best_percent="" vehicle="car" 
06-29 13:34:00.619  3472  7815 I System.out:   start_lat="-7.23028" start_lon="-35.90757" target_lat="-7.23263" target_lon="-35.91311"  routing_time="0.00" loadedTiles="21" visitedSegments="2" complete_distance="0.00" complete_time="0.00" >
06-29 13:34:00.638  3472  7815 I net.osmand: RouteProvider Finding route contained 0 points for 2151 ms
06-29 13:34:00.731  3472  3472 I net.osmand: RoutingHelper Recalculate route, because wrong movement direction: 282.5443
06-29 13:34:00.744  3472  3472 D net.osmand: AbstractPrologCommandPlayer abandonAudioFocus
06-29 13:34:00.807  3472  3472 W MaterialProgressBar: Current drawable is not a MaterialProgressDrawable, you may want to set app:mpb_setBothDrawables
06-29 13:34:00.906  3472  7822 I net.osmand: RouteProvider Start finding route from Location[mProvider=gps,mTime=1561815240000,mLatitude=-7.230281666666667,mLongitude=-35.90757166666666,mHasAltitude=false,mAltitude=0.0,mHasSpeed=true,mSpeed=0.0,mHasBearing=true,mBearing=0.0,mHasAccuracy=true,mAccuracy=20.0 to Lat -7.2326345 Lon -35.91311 using OsmAnd (offline)
06-29 13:34:00.910  3472  7822 W net.osmand: RouteProvider Use 344 MB Free 2.9101562 of 24.264038 max 384.0
06-29 13:34:00.940  1964  7770 I ctxmgr  : [ProducerStatusImpl] updateStateForNewContextData: inactive, contextName=18 [CONTEXT service_id=47 ]
06-29 13:34:01.600  3472  3472 I net.osmand: RoutingHelper Recalculate route, because wrong movement direction: 257.88367
06-29 13:34:01.748  1964  7773 I Places  : ?: PlacesBleScanner stop()
06-29 13:34:01.779  1964  1964 I BeaconBle: Scan : No clients left, canceling alarm.
06-29 13:34:01.786  1964  1964 I BeaconBle: Scan canceled successfully.
06-29 13:34:01.814  1964  7773 I PlaceInferenceEngine: [anon] Changed inference mode: 0
06-29 13:34:01.815  1964  7773 I PlaceInferenceEngine: [account#1066226748] Changed inference mode: 0
06-29 13:34:02.281  3472  3472 I net.osmand: RoutingHelper Recalculate route, because wrong movement direction: 257.88367
06-29 13:34:02.418  1964  1964 I GeofencerStateMachine: removeGeofences: removeRequest=RemoveGeofencingRequest[REMOVE_BY_PENDING_INTENT pendingIntent=PendingIntent[creatorPackage=com.google.android.gms], packageName=com.google.android.gms]
06-29 13:34:02.833  3472  3472 I net.osmand: RoutingHelper Recalculate route, because wrong movement direction: 257.88367
06-29 13:34:02.884  3472  3472 I net.osmand: RoutingHelper Recalculate route, because wrong movement direction: 233.29536
06-29 13:34:03.040  1481  7314 I NuPlayerDecoder: [audio] saw output EOS
06-29 13:34:03.040  1481  7313 D AudioTrack: stop() called with 132300 frames delivered
06-29 13:34:03.050  3472  3496 I net.osmand: MapRenderRepositories RENDER MAP: update due to tile box
06-29 13:34:03.051  3472  3496 I net.osmand: MapRenderRepositories RENDER MAP: Interrupt rendering map
06-29 13:34:03.259  1964  2104 W MessageQueue: Handler (aeyl) {2c0fd10} sending message to a Handler on a dead thread
06-29 13:34:03.259  1964  2104 W MessageQueue: java.lang.IllegalStateException: Handler (aeyl) {2c0fd10} sending message to a Handler on a dead thread
06-29 13:34:03.259  1964  2104 W MessageQueue: 	at android.os.MessageQueue.enqueueMessage(MessageQueue.java:545)
06-29 13:34:03.259  1964  2104 W MessageQueue: 	at android.os.Handler.enqueueMessage(Handler.java:662)
06-29 13:34:03.259  1964  2104 W MessageQueue: 	at android.os.Handler.sendMessageAtTime(Handler.java:631)
06-29 13:34:03.259  1964  2104 W MessageQueue: 	at aeyl.sendMessageAtTime(Unknown Source:3)
06-29 13:34:03.259  1964  2104 W MessageQueue: 	at android.os.Handler.sendMessageDelayed(Handler.java:601)
06-29 13:34:03.259  1964  2104 W MessageQueue: 	at android.os.Handler.post(Handler.java:357)
06-29 13:34:03.259  1964  2104 W MessageQueue: 	at bcln.execute(Unknown Source:2)
06-29 13:34:03.259  1964  2104 W MessageQueue: 	at aanh.execute(Unknown Source:9)
06-29 13:34:03.259  1964  2104 W MessageQueue: 	at avft.a(:com.google.android.gms@17785022@17.7.85 (040700-253824076):3)
06-29 13:34:03.259  1964  2104 W MessageQueue: 	at avgk.a(:com.google.android.gms@17785022@17.7.85 (040700-253824076):8)
06-29 13:34:03.259  1964  2104 W MessageQueue: 	at avgn.a(:com.google.android.gms@17785022@17.7.85 (040700-253824076):43)
06-29 13:34:03.259  1964  2104 W MessageQueue: 	at avgj.a(:com.google.android.gms@17785022@17.7.85 (040700-253824076):2)
06-29 13:34:03.259  1964  2104 W MessageQueue: 	at rpj.a(:com.google.android.gms@17785022@17.7.85 (040700-253824076):3)
06-29 13:34:03.259  1964  2104 W MessageQueue: 	at rpj.a(:com.google.android.gms@17785022@17.7.85 (040700-253824076):2)
06-29 13:34:03.259  1964  2104 W MessageQueue: 	at agos.a(Unknown Source:2)
06-29 13:34:03.259  1964  2104 W MessageQueue: 	at rnt.a(Unknown Source:11)
06-29 13:34:03.259  1964  2104 W MessageQueue: 	at aamg.a(:com.google.android.gms@17785022@17.7.85 (040700-253824076):1)
06-29 13:34:03.259  1964  2104 W MessageQueue: 	at cwm.onTransact(:com.google.android.gms@17785022@17.7.85 (040700-253824076):4)
06-29 13:34:03.259  1964  2104 W MessageQueue: 	at android.os.Binder.execTransact(Binder.java:697)
06-29 13:34:03.349  3472  7822 I net.osmand:native: Start point was found 1886269049 [Native]
06-29 13:34:03.403  3472  7822 I net.osmand:native: End point was found 1886269277 [Native]
06-29 13:34:03.404  3472  7822 W net.osmand:native: [Native] Result visited (visited roads 2, visited segments 1 / 0 , queue sizes 3 / 1 ) 
06-29 13:34:03.404  3472  7822 W net.osmand:native: [Native] Result timing (time to load 0, time to calc 0, loaded tiles 21) 
06-29 13:34:03.404  3472  7822 W net.osmand:native: [Native] Memory occupied (Routing context 473 Kb, search 0 Kb)
06-29 13:34:03.406  3472  7822 I net.osmand:native: No route found
06-29 13:34:03.428  1481  7310 D NuPlayerDriver: notifyListener_l(0xa8ca55b0), (2, 0, 0, -1), loop setting(1, 0)
06-29 13:34:03.470  1481  7314 I NuPlayerDecoder: [OMX.google.vorbis.decoder] resubmitting CSD
06-29 13:34:03.472  1481  7314 I NuPlayerDecoder: [OMX.google.vorbis.decoder] resubmitting CSD
06-29 13:34:03.482  3472  3495 I net.osmand: MapRenderRepositories RENDER MAP: new request RotatedTileBox [lat=-7.230435913992127, lon=-35.90799062709531, rotate=0.0, density=2.625, zoom=17, mapDensity=3.9375, zoomAnimation=0.0, zoomFloatPart=0.0, cx=900, cy=1972, pixWidth=1800, pixHeight=2690]
06-29 13:34:03.499  3472  7822 I net.osmand: RoutePlannerFrontEnd Native routing took 0.654 seconds
06-29 13:34:03.500  3472  7822 I System.out: ROUTE : 
06-29 13:34:03.500  3472  7822 I net.osmand: RouteResultPreparation <test regions="" description="" best_percent="" vehicle="car" 
06-29 13:34:03.500  3472  7822 I net.osmand:   start_lat="-7.23028" start_lon="-35.90757" target_lat="-7.23263" target_lon="-35.91311"  routing_time="0.00" loadedTiles="21" visitedSegments="2" complete_distance="0.00" complete_time="0.00" >
06-29 13:34:03.500  3472  7822 I System.out: <test regions="" description="" best_percent="" vehicle="car" 
06-29 13:34:03.500  3472  7822 I System.out:   start_lat="-7.23028" start_lon="-35.90757" target_lat="-7.23263" target_lon="-35.91311"  routing_time="0.00" loadedTiles="21" visitedSegments="2" complete_distance="0.00" complete_time="0.00" >
06-29 13:34:03.500  3472  7822 I System.out: </test>
06-29 13:34:03.501  3472  7822 I System.out: <test regions="" description="" best_percent="" vehicle="car" 
06-29 13:34:03.501  3472  7822 I System.out:   start_lat="-7.23028" start_lon="-35.90757" target_lat="-7.23263" target_lon="-35.91311"  routing_time="0.00" loadedTiles="21" visitedSegments="2" complete_distance="0.00" complete_time="0.00" >
06-29 13:34:03.501  3472  7822 I net.osmand: RouteProvider Finding route contained 0 points for 2596 ms
06-29 13:34:03.504  1481  7310 D NuPlayerDriver: notifyListener_l(0xa8ca55b0), (6, 0, 0, -1), loop setting(1, 0)
06-29 13:34:03.640  3472  3472 I net.osmand: RoutingHelper Recalculate route, because wrong movement direction: 233.29536
06-29 13:34:03.651  1964  4147 W Conscrypt: Could not set socket write timeout: java.net.SocketException: Socket closed
06-29 13:34:03.669  1390  2659 W audio_hw_generic: Hardware backing HAL too slow, could only write 0 of 720 frames
06-29 13:34:03.672  3472  3472 W MaterialProgressBar: Current drawable is not a MaterialProgressDrawable, you may want to set app:mpb_setBothDrawables
06-29 13:34:03.684  1390  2659 W audio_hw_generic: Hardware backing HAL too slow, could only write 0 of 720 frames
06-29 13:34:03.688  1964  4147 W Conscrypt: 	at com.google.android.gms.org.conscrypt.Platform.setSocketWriteTimeout(:com.google.android.gms@17785022@17.7.85 (040700-253824076):2)
06-29 13:34:03.697  1964  4147 W Conscrypt: 	at com.google.android.gms.org.conscrypt.ConscryptFileDescriptorSocket.setSoWriteTimeout(:com.google.android.gms@17785022@17.7.85 (040700-253824076):2)
06-29 13:34:03.699  1390  2659 W audio_hw_generic: Hardware backing HAL too slow, could only write 0 of 720 frames
06-29 13:34:03.706  3472  7826 I net.osmand: RouteProvider Start finding route from Location[mProvider=gps,mTime=1561815243000,mLatitude=-7.230456666666667,mLongitude=-35.907981666666664,mHasAltitude=false,mAltitude=0.0,mHasSpeed=true,mSpeed=0.0,mHasBearing=true,mBearing=0.0,mHasAccuracy=true,mAccuracy=20.0 to Lat -7.2326345 Lon -35.91311 using OsmAnd (offline)
06-29 13:34:03.711  3472  7826 W net.osmand: RouteProvider Use 341 MB Free 0.0 of 24.443726 max 384.0
06-29 13:34:03.715  1390  2659 W audio_hw_generic: Hardware backing HAL too slow, could only write 0 of 720 frames
06-29 13:34:03.729  1390  2659 I chatty  : uid=1041(audioserver) writer identical 1 line
06-29 13:34:03.755  1390  2659 W audio_hw_generic: Hardware backing HAL too slow, could only write 0 of 720 frames
06-29 13:34:03.889  1481  7313 W AudioTrack: getTimestamp() location moved from kernel to server
06-29 13:34:03.895  1964  7810 W Conscrypt: Could not set socket write timeout: java.net.SocketException: Socket closed
06-29 13:34:03.909  1481  7313 W AudioTrack: retrograde timestamp position corrected, -351 = 12597 - 12948
06-29 13:34:03.935  3472  3472 I net.osmand: RoutingHelper Recalculate route, because wrong movement direction: 208.87653
06-29 13:34:04.005  1964  7810 W Conscrypt: 	at com.google.android.gms.org.conscrypt.Platform.setSocketWriteTimeout(:com.google.android.gms@17785022@17.7.85 (040700-253824076):2)
06-29 13:34:04.005  1964  7810 W Conscrypt: 	at com.google.android.gms.org.conscrypt.ConscryptFileDescriptorSocket.setSoWriteTimeout(:com.google.android.gms@17785022@17.7.85 (040700-253824076):2)
06-29 13:34:04.259  3472  3472 I net.osmand: RoutingHelper Recalculate route, because wrong movement direction: 208.87653
06-29 13:34:04.384  3472  3495 I net.osmand:native: Route objects 107
06-29 13:34:04.384  3472  3495 I net.osmand:native: Ocean: no completed & incompleted coastlines 0
06-29 13:34:04.384  3472  3495 I net.osmand:native: Detailed coastlines = 0, basemap coastlines 0, ocean tile 0.000000. Detailed added 0, basemap processed 1, basemap added 0.
06-29 13:34:04.385  3472  3495 I net.osmand:native: Search : tree - read( 620), accept( 63), objs - visit( 3437), accept(138), in result(107) 
06-29 13:34:04.385  3472  3495 I net.osmand: MapRenderRepositories BLat=-7.232743930816651, TLat=-7.22473554611206, LLong=-35.91044616699219, RLong=-35.905540466308594, zoom=17
06-29 13:34:04.385  3472  3495 I net.osmand: MapRenderRepositories Native search: 879 ms 
06-29 13:34:04.406  3472  3495 I net.osmand:native: Creating SkBitmap in native w:1800 h:2690 s:7200 f:1!
06-29 13:34:04.406  3472  3495 I net.osmand:native: Row bytes for RGBA_8888 is 7200
06-29 13:34:04.406  3472  3495 I net.osmand:native: Locked 19368000 bytes at 0x7d000000
06-29 13:34:04.416  3472  3495 I net.osmand:native: Initializing rendering
06-29 13:34:04.417  3472  3495 I net.osmand:native: Rendering image
06-29 13:34:04.663  3472  3472 I Choreographer: Skipped 31 frames!  The application may be doing too much work on its main thread.
06-29 13:34:05.038  1390  2659 W audio_hw_generic: Not supplying enough data to HAL, expected position 17699966 , only wrote 17699760
06-29 13:34:05.039  1390  2659 W audio_hw_generic: Not supplying enough data to HAL, expected position 17699812 , only wrote 17699760
06-29 13:34:05.059  1390  2659 W audio_hw_generic: Not supplying enough data to HAL, expected position 17700726 , only wrote 17700480
06-29 13:34:05.230  1473  1561 D AudioFlinger: mixer(0xa6c83380) throttle end: throttle time(1)
06-29 13:34:05.445  1390  2659 W audio_hw_generic: Not supplying enough data to HAL, expected position 17719028 , only wrote 17718480
06-29 13:34:05.449  3472  3472 I net.osmand: RoutingHelper Recalculate route, because wrong movement direction: 208.87653
06-29 13:34:05.510  1390  2659 W audio_hw_generic: Not supplying enough data to HAL, expected position 17721585 , only wrote 17721360
06-29 13:34:05.511  1390  2659 W audio_hw_generic: Not supplying enough data to HAL, expected position 17721419 , only wrote 17721360
06-29 13:34:05.527  1390  2659 W audio_hw_generic: Not supplying enough data to HAL, expected position 17722122 , only wrote 17722080
06-29 13:34:05.553  1473  1561 D AudioFlinger: mixer(0xa6c83380) throttle end: throttle time(12)
06-29 13:34:05.581  1473  1561 D AudioFlinger: mixer(0xa6c83380) throttle end: throttle time(12)
06-29 13:34:05.800  3472  3472 I net.osmand: RoutingHelper Recalculate route, because wrong movement direction: 184.21645
06-29 13:34:06.233  1390  2659 W audio_hw_generic: Not supplying enough data to HAL, expected position 17755963 , only wrote 17755920
06-29 13:34:06.254  1600  4840 I WifiService: acquireWifiLock uid=10014 lockMode=2
06-29 13:34:06.272  1481  7314 I NuPlayerDecoder: [audio] saw output EOS
06-29 13:34:06.273  1481  7313 D AudioTrack: stop() called with 132300 frames delivered
06-29 13:34:06.500  3472  3495 I net.osmand:native: Native ok (rendering 0, text 749 ms) 
06-29 13:34:06.500  3472  3495 I net.osmand:native:  (2620 points, 397 points inside, 170 of 193 objects visible)
06-29 13:34:06.501  3472  3495 I net.osmand:native: End Rendering image
06-29 13:34:06.502  3472  3495 I net.osmand:native: Native ok (init 1, rendering 0) 
06-29 13:34:06.532  3472  3495 I net.osmand: MapRenderRepositories true
06-29 13:34:06.604  1964  7776 W MessageQueue: Handler (aeyl) {2c0fd10} sending message to a Handler on a dead thread
06-29 13:34:06.604  1964  7776 W MessageQueue: java.lang.IllegalStateException: Handler (aeyl) {2c0fd10} sending message to a Handler on a dead thread
06-29 13:34:06.604  1964  7776 W MessageQueue: 	at android.os.MessageQueue.enqueueMessage(MessageQueue.java:545)
06-29 13:34:06.604  1964  7776 W MessageQueue: 	at android.os.Handler.enqueueMessage(Handler.java:662)
06-29 13:34:06.604  1964  7776 W MessageQueue: 	at android.os.Handler.sendMessageAtTime(Handler.java:631)
06-29 13:34:06.604  1964  7776 W MessageQueue: 	at aeyl.sendMessageAtTime(Unknown Source:3)
06-29 13:34:06.604  1964  7776 W MessageQueue: 	at android.os.Handler.sendMessageDelayed(Handler.java:601)
06-29 13:34:06.604  1964  7776 W MessageQueue: 	at android.os.Handler.post(Handler.java:357)
06-29 13:34:06.604  1964  7776 W MessageQueue: 	at bhjd.a(:com.google.android.gms@17785022@17.7.85 (040700-253824076):3)
06-29 13:34:06.604  1964  7776 W MessageQueue: 	at bhjd.run(:com.google.android.gms@17785022@17.7.85 (040700-253824076):6)
06-29 13:34:06.604  1964  7776 W MessageQueue: 	at squ.b(:com.google.android.gms@17785022@17.7.85 (040700-253824076):37)
06-29 13:34:06.604  1964  7776 W MessageQueue: 	at squ.run(:com.google.android.gms@17785022@17.7.85 (040700-253824076):21)
06-29 13:34:06.604  1964  7776 W MessageQueue: 	at java.util.concurrent.ThreadPoolExecutor.runWorker(ThreadPoolExecutor.java:1162)
06-29 13:34:06.604  1964  7776 W MessageQueue: 	at java.util.concurrent.ThreadPoolExecutor$Worker.run(ThreadPoolExecutor.java:636)
06-29 13:34:06.604  1964  7776 W MessageQueue: 	at swz.run(Unknown Source:7)
06-29 13:34:06.604  1964  7776 W MessageQueue: 	at java.lang.Thread.run(Thread.java:764)
06-29 13:34:06.610  1600  1613 E memtrack: Couldn't load memtrack module
06-29 13:34:06.610  1600  1613 W android.os.Debug: failed to get memory consumption info: -1
06-29 13:34:06.660  2175  7617 W Conscrypt: Could not set socket write timeout: java.net.SocketException: Socket closed
06-29 13:34:06.660  2175  7617 W Conscrypt: 	at com.google.android.gms.org.conscrypt.Platform.setSocketWriteTimeout(:com.google.android.gms@17785022@17.7.85 (040700-253824076):2)
06-29 13:34:06.661  2175  7617 W Conscrypt: 	at com.google.android.gms.org.conscrypt.ConscryptFileDescriptorSocket.setSoWriteTimeout(:com.google.android.gms@17785022@17.7.85 (040700-253824076):2)
06-29 13:34:06.696  1481  7310 D NuPlayerDriver: notifyListener_l(0xa8ca55b0), (2, 0, 0, -1), loop setting(1, 0)
06-29 13:34:06.714  1481  7314 I NuPlayerDecoder: [OMX.google.vorbis.decoder] resubmitting CSD
06-29 13:34:06.717  1481  7314 I NuPlayerDecoder: [OMX.google.vorbis.decoder] resubmitting CSD
06-29 13:34:06.756  1481  7310 D NuPlayerDriver: notifyListener_l(0xa8ca55b0), (6, 0, 0, -1), loop setting(1, 0)
06-29 13:34:06.797  3472  3472 I net.osmand: RoutingHelper Recalculate route, because wrong movement direction: 184.21645
06-29 13:34:06.833  1481  7313 W AudioTrack: getTimestamp() location moved from kernel to server
06-29 13:34:06.878  1481  7313 W NuPlayerRenderer: getPendingAudioPlayoutDurationUs: pendingUs -18546 < 0, clamping to zero, potential resume after pause writtenAudioDurationUs: 11609, audioSinkPlayedUs: 30155
06-29 13:34:06.926  1481  7313 W NuPlayerRenderer: getPendingAudioPlayoutDurationUs: pendingUs -9144 < 0, clamping to zero, potential resume after pause writtenAudioDurationUs: 20317, audioSinkPlayedUs: 29461
06-29 13:34:06.944  3472  3482 I zygote  : Background concurrent copying GC freed 127156(5MB) AllocSpace objects, 25(520KB) LOS objects, 22% free, 21MB/27MB, paused 2.097ms total 178.932ms
06-29 13:34:07.048  1964  1964 I BeaconBle: Scan : No clients left, canceling alarm.
06-29 13:34:07.121  2175  7758 V NativeCrypto: Read error: ssl=0x866565a8: Failure in SSL library, usually a protocol error
06-29 13:34:07.121  2175  7758 V NativeCrypto: error:100000d7:SSL routines:OPENSSL_internal:SSL_HANDSHAKE_FAILURE (third_party/openssl/boringssl/src/ssl/ssl_lib.cc:1024 0x88d2d9ff:0x00000000)
06-29 13:34:07.248  1481  7313 W AudioTrack: getTimestamp() location moved from kernel to server
06-29 13:34:07.374  1390  2659 W audio_hw_generic: Not supplying enough data to HAL, expected position 17810697 , only wrote 17808480
06-29 13:34:07.375  1390  2659 W audio_hw_generic: Not supplying enough data to HAL, expected position 17808492 , only wrote 17808480
06-29 13:34:07.390  1390  2659 W audio_hw_generic: Not supplying enough data to HAL, expected position 17809217 , only wrote 17809200
06-29 13:34:07.401  1473  1561 D AudioFlinger: mixer(0xa6c83380) throttle end: throttle time(12)
06-29 13:34:07.519  1964  1964 I GeofencerStateMachine: sendNewTransitions called.
06-29 13:34:07.744  3472  7826 I net.osmand:native: Start point was found 1886269049 [Native]
06-29 13:34:07.756  3472  7826 I net.osmand:native: End point was found 1886269277 [Native]
06-29 13:34:07.757  3472  7826 W net.osmand:native: [Native] Result visited (visited roads 2, visited segments 1 / 0 , queue sizes 3 / 1 ) 
06-29 13:34:07.757  3472  7826 W net.osmand:native: [Native] Result timing (time to load 0, time to calc 1, loaded tiles 21) 
06-29 13:34:07.757  3472  7826 W net.osmand:native: [Native] Memory occupied (Routing context 473 Kb, search 0 Kb)
06-29 13:34:07.759  3472  7826 I net.osmand:native: No route found
06-29 13:34:07.784  3472  7826 I net.osmand: RoutePlannerFrontEnd Native routing took 1.104 seconds
06-29 13:34:07.785  3472  7826 I System.out: ROUTE : 
06-29 13:34:07.785  3472  7826 I net.osmand: RouteResultPreparation <test regions="" description="" best_percent="" vehicle="car" 
06-29 13:34:07.785  3472  7826 I net.osmand:   start_lat="-7.23046" start_lon="-35.90798" target_lat="-7.23263" target_lon="-35.91311"  routing_time="0.00" loadedTiles="21" visitedSegments="2" complete_distance="0.00" complete_time="0.00" >
06-29 13:34:07.786  3472  7826 I System.out: <test regions="" description="" best_percent="" vehicle="car" 
06-29 13:34:07.786  3472  7826 I System.out:   start_lat="-7.23046" start_lon="-35.90798" target_lat="-7.23263" target_lon="-35.91311"  routing_time="0.00" loadedTiles="21" visitedSegments="2" complete_distance="0.00" complete_time="0.00" >
06-29 13:34:07.786  3472  7826 I System.out: </test>
06-29 13:34:07.786  3472  7826 I System.out: <test regions="" description="" best_percent="" vehicle="car" 
06-29 13:34:07.786  3472  7826 I System.out:   start_lat="-7.23046" start_lon="-35.90798" target_lat="-7.23263" target_lon="-35.91311"  routing_time="0.00" loadedTiles="21" visitedSegments="2" complete_distance="0.00" complete_time="0.00" >
06-29 13:34:07.787  3472  7826 I net.osmand: RouteProvider Finding route contained 0 points for 4082 ms
06-29 13:34:07.793  1600  4840 I WifiService: releaseWifiLock uid=10014
06-29 13:34:07.997  1964  7770 W ctxmgr  : [WorkManager] Long workInfo: pkg=com.google.android.gms, lbl=BaseProducer_write_to_store, start=2019-06-29 13:34:02.454+0000, stop=2019-06-29 13:34:07.991+0000, durtn=5537ms [CONTEXT service_id=47 ]
06-29 13:34:08.076  1600  1613 E memtrack: Couldn't load memtrack module
06-29 13:34:08.076  1600  1613 W android.os.Debug: failed to get memory consumption info: -1
06-29 13:34:08.242  1600  1613 E memtrack: Couldn't load memtrack module
06-29 13:34:08.242  1600  1613 W android.os.Debug: failed to get memory consumption info: -1
06-29 13:34:08.407  1600  1613 E memtrack: Couldn't load memtrack module
06-29 13:34:08.407  1600  1613 W android.os.Debug: failed to get memory consumption info: -1
06-29 13:34:08.498  1600  1613 E memtrack: Couldn't load memtrack module
06-29 13:34:08.498  1600  1613 W android.os.Debug: failed to get memory consumption info: -1
06-29 13:34:08.674  1600  1613 E memtrack: Couldn't load memtrack module
06-29 13:34:08.674  1600  1613 W android.os.Debug: failed to get memory consumption info: -1
06-29 13:34:08.795  3472  3472 I net.osmand: RoutingHelper Recalculate route, because wrong movement direction: 159.79807
06-29 13:34:08.812  3472  3472 W MaterialProgressBar: Current drawable is not a MaterialProgressDrawable, you may want to set app:mpb_setBothDrawables
06-29 13:34:08.831  3472  7827 I net.osmand: RouteProvider Start finding route from Location[mProvider=gps,mTime=1561815248000,mLatitude=-7.230718333333334,mLongitude=-35.908593333333336,mHasAltitude=false,mAltitude=0.0,mHasSpeed=true,mSpeed=0.0,mHasBearing=true,mBearing=0.0,mHasAccuracy=true,mAccuracy=20.0 to Lat -7.2326345 Lon -35.91311 using OsmAnd (offline)
06-29 13:34:08.841  3472  7827 W net.osmand: RouteProvider Use 344 MB Free 5.921875 of 27.25299 max 384.0
06-29 13:34:09.248  3472  3472 I net.osmand: RoutingHelper Recalculate route, because wrong movement direction: 135.13902
06-29 13:34:09.619  1481  7314 I NuPlayerDecoder: [audio] saw output EOS
06-29 13:34:09.620  1481  7313 D AudioTrack: stop() called with 132300 frames delivered
06-29 13:34:09.721  3472  3472 I net.osmand: RoutingHelper Recalculate route, because wrong movement direction: 135.13902
06-29 13:34:09.813  3472  7827 I net.osmand:native: Start point was found 1886269049 [Native]
06-29 13:34:09.868  3472  7827 I net.osmand:native: End point was found 1886269277 [Native]
06-29 13:34:09.868  3472  7827 W net.osmand:native: [Native] Result visited (visited roads 2, visited segments 1 / 0 , queue sizes 3 / 1 ) 
06-29 13:34:09.868  3472  7827 W net.osmand:native: [Native] Result timing (time to load 0, time to calc 0, loaded tiles 21) 
06-29 13:34:09.868  3472  7827 W net.osmand:native: [Native] Memory occupied (Routing context 473 Kb, search 0 Kb)
06-29 13:34:09.875  3472  7827 I net.osmand:native: No route found
06-29 13:34:09.897  3472  7827 I net.osmand: RoutePlannerFrontEnd Native routing took 0.318 seconds
06-29 13:34:09.897  3472  7827 I System.out: ROUTE : 
06-29 13:34:09.898  3472  7827 I net.osmand: RouteResultPreparation <test regions="" description="" best_percent="" vehicle="car" 
06-29 13:34:09.898  3472  7827 I net.osmand:   start_lat="-7.23072" start_lon="-35.90859" target_lat="-7.23263" target_lon="-35.91311"  routing_time="0.00" loadedTiles="21" visitedSegments="2" complete_distance="0.00" complete_time="0.00" >
06-29 13:34:09.898  3472  7827 I System.out: <test regions="" description="" best_percent="" vehicle="car" 
06-29 13:34:09.898  3472  7827 I System.out:   start_lat="-7.23072" start_lon="-35.90859" target_lat="-7.23263" target_lon="-35.91311"  routing_time="0.00" loadedTiles="21" visitedSegments="2" complete_distance="0.00" complete_time="0.00" >
06-29 13:34:09.900  3472  7827 I System.out: </test>
06-29 13:34:09.900  3472  7827 I System.out: <test regions="" description="" best_percent="" vehicle="car" 
06-29 13:34:09.900  3472  7827 I System.out:   start_lat="-7.23072" start_lon="-35.90859" target_lat="-7.23263" target_lon="-35.91311"  routing_time="0.00" loadedTiles="21" visitedSegments="2" complete_distance="0.00" complete_time="0.00" >
06-29 13:34:09.940  3472  7827 I net.osmand: RouteProvider Finding route contained 0 points for 1069 ms
06-29 13:34:10.035  1481  7310 D NuPlayerDriver: notifyListener_l(0xa8ca55b0), (2, 0, 0, -1), loop setting(1, 0)
06-29 13:34:10.085  3472  3472 I net.osmand: RoutingHelper Recalculate route, because wrong movement direction: 135.13902
06-29 13:34:10.107  3472  3472 W MaterialProgressBar: Current drawable is not a MaterialProgressDrawable, you may want to set app:mpb_setBothDrawables
06-29 13:34:10.116  3472  7829 I net.osmand: RouteProvider Start finding route from Location[mProvider=gps,mTime=1561815250000,mLatitude=-7.230806666666666,mLongitude=-35.90879833333334,mHasAltitude=false,mAltitude=0.0,mHasSpeed=true,mSpeed=0.0,mHasBearing=true,mBearing=0.0,mHasAccuracy=true,mAccuracy=20.0 to Lat -7.2326345 Lon -35.91311 using OsmAnd (offline)
06-29 13:34:10.116  3472  7829 W net.osmand: RouteProvider Use 341 MB Free 2.9101562 of 27.25299 max 384.0
06-29 13:34:10.119  1481  7314 I NuPlayerDecoder: [OMX.google.vorbis.decoder] resubmitting CSD
06-29 13:34:10.120  1481  7314 I NuPlayerDecoder: [OMX.google.vorbis.decoder] resubmitting CSD
06-29 13:34:10.137  1481  7310 D NuPlayerDriver: notifyListener_l(0xa8ca55b0), (6, 0, 0, -1), loop setting(1, 0)
06-29 13:34:10.145  1481  7313 W AudioTrack: getTimestamp() location moved from kernel to server
06-29 13:34:10.145  1481  7313 W NuPlayerRenderer: getPendingAudioPlayoutDurationUs: pendingUs -6725 < 0, clamping to zero, potential resume after pause writtenAudioDurationUs: 2902, audioSinkPlayedUs: 9627
06-29 13:34:10.188  1481  7313 W NuPlayerRenderer: getPendingAudioPlayoutDurationUs: pendingUs -3629 < 0, clamping to zero, potential resume after pause writtenAudioDurationUs: 14512, audioSinkPlayedUs: 18141
06-29 13:34:10.425  1473  1561 D AudioFlinger: mixer(0xa6c83380) throttle end: throttle time(11)
06-29 13:34:10.584  3472  3472 I net.osmand: RoutingHelper Recalculate route, because wrong movement direction: 110.55182
06-29 13:34:10.677  3472  3496 I net.osmand: MapRenderRepositories RENDER MAP: update due to tile box
06-29 13:34:10.678  3472  3496 I net.osmand: MapRenderRepositories RENDER MAP: Interrupt rendering map
06-29 13:34:10.916  3472  3496 I net.osmand: MapRenderRepositories RENDER MAP: update due to tile box
06-29 13:34:10.926  3472  3496 I net.osmand: MapRenderRepositories RENDER MAP: Interrupt rendering map
06-29 13:34:10.975  3472  3496 I net.osmand: MapRenderRepositories RENDER MAP: update due to tile box
06-29 13:34:10.975  3472  3496 I net.osmand: MapRenderRepositories RENDER MAP: Interrupt rendering map
06-29 13:34:11.118  3472  3472 I net.osmand: RoutingHelper Recalculate route, because wrong movement direction: 110.55182
06-29 13:34:11.125  3472  3496 I net.osmand: MapRenderRepositories RENDER MAP: update due to tile box
06-29 13:34:11.126  3472  3496 I net.osmand: MapRenderRepositories RENDER MAP: Interrupt rendering map
06-29 13:34:11.183  3472  3495 I net.osmand: MapRenderRepositories RENDER MAP: new request RotatedTileBox [lat=-7.2308763403770255, lon=-35.90901067042004, rotate=0.0, density=2.625, zoom=17, mapDensity=3.9375, zoomAnimation=0.0, zoomFloatPart=0.0, cx=900, cy=1972, pixWidth=1800, pixHeight=2690]
06-29 13:34:11.443  3472  3495 I net.osmand:native: Route objects 95
06-29 13:34:11.444  3472  3495 I net.osmand:native: Ocean: no completed & incompleted coastlines 0
06-29 13:34:11.444  3472  3495 I net.osmand:native: Detailed coastlines = 0, basemap coastlines 0, ocean tile 0.000000. Detailed added 0, basemap processed 1, basemap added 0.
06-29 13:34:11.444  3472  3495 I net.osmand:native: Search : tree - read( 660), accept( 63), objs - visit( 3397), accept(126), in result(95) 
06-29 13:34:11.451  3472  3495 I net.osmand: MapRenderRepositories BLat=-7.233190703392029, TLat=-7.225182843208313, LLong=-35.91146469116211, RLong=-35.906558990478516, zoom=17
06-29 13:34:11.451  3472  3495 I net.osmand: MapRenderRepositories Native search: 267 ms 
06-29 13:34:11.486  3472  3495 I net.osmand:native: Creating SkBitmap in native w:1800 h:2690 s:7200 f:1!
06-29 13:34:11.486  3472  3495 I net.osmand:native: Row bytes for RGBA_8888 is 7200
06-29 13:34:11.486  3472  3495 I net.osmand:native: Locked 19368000 bytes at 0x7e400000
06-29 13:34:11.486  3472  3495 I net.osmand:native: Initializing rendering
06-29 13:34:11.507  3472  3495 I net.osmand:native: Rendering image
06-29 13:34:11.579  1473  1561 D AudioFlinger: mixer(0xa6c83380) throttle end: throttle time(8)
06-29 13:34:11.757  1481  7313 W AudioTrack: getTimestamp() location moved from kernel to server
06-29 13:34:11.939  1473  1561 D AudioFlinger: mixer(0xa6c83380) throttle end: throttle time(9)
06-29 13:34:11.978  7372  7533 I UnityAds: com.unity3d.services.core.api.Sdk.logInfo() (line:69) :: Requesting configuration from https://publisher-config.unityads.unity3d.com/games/64136/configuration?bundleId=com.skgames.trafficrider&encrypted=true&rooted=false&platform=android&sdkVersion=3003&osVersion=8.1.0&deviceModel=Android%20SDK%20built%20for%20x86&language=en_US&test=false&analyticsSessionId=345346764742257421&deviceMake=Google&advertisingTrackingId=5abff647-1769-453d-a781-f50df938ad7a&limitAdTracking=false&frameworkName=Unity&frameworkVersion=2017.4.25f1&adapterName=AssetStore&adapterVersion=3.0.3
06-29 13:34:12.222  3472  7829 I net.osmand:native: Start point was found 1886269049 [Native]
06-29 13:34:12.236  3472  7829 I net.osmand:native: End point was found 1886269277 [Native]
06-29 13:34:12.238  3472  7829 W net.osmand:native: [Native] Result visited (visited roads 2, visited segments 1 / 0 , queue sizes 3 / 1 ) 
06-29 13:34:12.238  3472  7829 W net.osmand:native: [Native] Result timing (time to load 0, time to calc 0, loaded tiles 21) 
06-29 13:34:12.238  3472  7829 W net.osmand:native: [Native] Memory occupied (Routing context 473 Kb, search 0 Kb)
06-29 13:34:12.241  3472  7829 I net.osmand:native: No route found
06-29 13:34:12.289  3472  7829 I net.osmand: RoutePlannerFrontEnd Native routing took 0.426 seconds
06-29 13:34:12.289  3472  7829 I System.out: ROUTE : 
06-29 13:34:12.307  3472  7829 I net.osmand: RouteResultPreparation <test regions="" description="" best_percent="" vehicle="car" 
06-29 13:34:12.307  3472  7829 I net.osmand:   start_lat="-7.23081" start_lon="-35.90880" target_lat="-7.23263" target_lon="-35.91311"  routing_time="0.00" loadedTiles="21" visitedSegments="2" complete_distance="0.00" complete_time="0.00" >
06-29 13:34:12.307  3472  7829 I System.out: <test regions="" description="" best_percent="" vehicle="car" 
06-29 13:34:12.307  3472  7829 I System.out:   start_lat="-7.23081" start_lon="-35.90880" target_lat="-7.23263" target_lon="-35.91311"  routing_time="0.00" loadedTiles="21" visitedSegments="2" complete_distance="0.00" complete_time="0.00" >
06-29 13:34:12.307  3472  7829 I System.out: </test>
06-29 13:34:12.307  3472  7829 I System.out: <test regions="" description="" best_percent="" vehicle="car" 
06-29 13:34:12.308  3472  7829 I System.out:   start_lat="-7.23081" start_lon="-35.90880" target_lat="-7.23263" target_lon="-35.91311"  routing_time="0.00" loadedTiles="21" visitedSegments="2" complete_distance="0.00" complete_time="0.00" >
06-29 13:34:12.308  3472  7829 I net.osmand: RouteProvider Finding route contained 0 points for 2192 ms
06-29 13:34:12.436  3472  3495 I net.osmand:native: Native ok (rendering 0, text 213 ms) 
06-29 13:34:12.436  3472  3495 I net.osmand:native:  (2698 points, 387 points inside, 162 of 185 objects visible)
06-29 13:34:12.437  3472  3495 I net.osmand:native: End Rendering image
06-29 13:34:12.437  3472  3495 I net.osmand:native: Native ok (init 20, rendering 0) 
06-29 13:34:12.437  3472  3495 I net.osmand: MapRenderRepositories true
06-29 13:34:12.693  1481  7314 I NuPlayerDecoder: [audio] saw output EOS
06-29 13:34:12.695  1481  7313 D AudioTrack: stop() called with 132300 frames delivered
06-29 13:34:12.964  3472  3482 I zygote  : Background concurrent copying GC freed 166899(7MB) AllocSpace objects, 33(708KB) LOS objects, 23% free, 19MB/25MB, paused 27.705ms total 1.640s
06-29 13:34:13.259  1481  7310 D NuPlayerDriver: notifyListener_l(0xa8ca55b0), (2, 0, 0, -1), loop setting(1, 0)
06-29 13:34:13.279  1481  7314 I NuPlayerDecoder: [OMX.google.vorbis.decoder] resubmitting CSD
06-29 13:34:13.282  1481  7314 I NuPlayerDecoder: [OMX.google.vorbis.decoder] resubmitting CSD
06-29 13:34:13.318  1481  7310 D NuPlayerDriver: notifyListener_l(0xa8ca55b0), (6, 0, 0, -1), loop setting(1, 0)
06-29 13:34:13.424  1390  2659 W audio_hw_generic: Not supplying enough data to HAL, expected position 18098813 , only wrote 18098640
06-29 13:34:13.424  1390  2659 W audio_hw_generic: Not supplying enough data to HAL, expected position 18098663 , only wrote 18098640
06-29 13:34:13.434  1481  7313 W NuPlayerRenderer: getPendingAudioPlayoutDurationUs: pendingUs -16325 < 0, clamping to zero, potential resume after pause writtenAudioDurationUs: 39183, audioSinkPlayedUs: 55508
06-29 13:34:13.441  1390  2659 W audio_hw_generic: Not supplying enough data to HAL, expected position 18099444 , only wrote 18099360
06-29 13:34:13.463  1481  7313 W AudioTrack: getTimestamp() location moved from kernel to server
06-29 13:34:13.483  1481  7313 W AudioTrack: retrograde timestamp position corrected, -45 = 1526 - 1571
06-29 13:34:13.520  1600  1613 E memtrack: Couldn't load memtrack module
06-29 13:34:13.520  1600  1613 W android.os.Debug: failed to get memory consumption info: -1
06-29 13:34:15.075  1600  1617 E BatteryExternalStatsWorker: modem info is invalid: ModemActivityInfo{ mTimestamp=0 mSleepTimeMs=0 mIdleTimeMs=0 mTxTimeMs[]=[0, 0, 0, 0, 0] mRxTimeMs=0 mEnergyUsed=0}
06-29 13:34:15.963  1481  7314 I NuPlayerDecoder: [audio] saw output EOS
06-29 13:34:15.966  1481  7313 D AudioTrack: stop() called with 132300 frames delivered
06-29 13:34:16.013  1390  2659 W audio_hw_generic: Hardware backing HAL too slow, could only write 0 of 720 frames
06-29 13:34:16.444  1481  7310 D NuPlayerDriver: notifyListener_l(0xa8ca55b0), (2, 0, 0, -1), loop setting(1, 0)
06-29 13:34:16.461  1481  7314 I NuPlayerDecoder: [OMX.google.vorbis.decoder] resubmitting CSD
06-29 13:34:16.463  1481  7314 I NuPlayerDecoder: [OMX.google.vorbis.decoder] resubmitting CSD
06-29 13:34:16.479  1481  7310 D NuPlayerDriver: notifyListener_l(0xa8ca55b0), (6, 0, 0, -1), loop setting(1, 0)
06-29 13:34:16.504  1481  7313 W AudioTrack: getTimestamp() location moved from kernel to server
06-29 13:34:16.504  1481  7313 W NuPlayerRenderer: getPendingAudioPlayoutDurationUs: pendingUs -1466 < 0, clamping to zero, potential resume after pause writtenAudioDurationUs: 20317, audioSinkPlayedUs: 21783
06-29 13:34:16.525  1481  7313 W AudioTrack: retrograde timestamp position corrected, -896 = 0 - 896
06-29 13:34:16.525  1481  7313 W NuPlayerRenderer: getPendingAudioPlayoutDurationUs: pendingUs -10542 < 0, clamping to zero, potential resume after pause writtenAudioDurationUs: 26122, audioSinkPlayedUs: 36664
06-29 13:34:16.864  2175  7617 W Conscrypt: Could not set socket write timeout: java.net.SocketException: Socket closed
06-29 13:34:16.865  2175  7617 W Conscrypt: 	at com.google.android.gms.org.conscrypt.Platform.setSocketWriteTimeout(:com.google.android.gms@17785022@17.7.85 (040700-253824076):2)
06-29 13:34:16.865  2175  7617 W Conscrypt: 	at com.google.android.gms.org.conscrypt.ConscryptFileDescriptorSocket.setSoWriteTimeout(:com.google.android.gms@17785022@17.7.85 (040700-253824076):2)
06-29 13:34:17.318  1964  1978 I zygote  : Background concurrent copying GC freed 125178(5MB) AllocSpace objects, 16(1612KB) LOS objects, 40% free, 8MB/14MB, paused 1.896ms total 288.099ms
06-29 13:34:17.433  3472  3472 D net.osmand: RoutingHelper Processed point bearing deltas : 59.17940139770508 37.051876068115234
06-29 13:34:18.004  2118  2126 I zygote  : NativeAlloc concurrent copying GC freed 35126(1537KB) AllocSpace objects, 6(312KB) LOS objects, 49% free, 4MB/8MB, paused 2.014ms total 248.967ms
06-29 13:34:18.130  3472  3472 I net.osmand: TTSCommandPlayerImpl Send message to pebble saia na  terceira  sada para   Avenida Marechal Floriano Peixoto 
06-29 13:34:18.130  3472  3472 D net.osmand: AbstractPrologCommandPlayer requestAudioFocus
06-29 13:34:18.130  3472  3472 W AudioManager: Use of stream types is deprecated for operations other than volume control
06-29 13:34:18.130  3472  3472 W AudioManager: See the documentation of requestAudioFocus() for what to use instead with android.media.AudioAttributes to qualify your playback use case
06-29 13:34:18.131  1600  2369 I MediaFocusControl: requestAudioFocus() from uid/pid 10104/3472 clientId=android.media.AudioManager@d05fab5net.osmand.plus.api.AudioFocusHelperImpl@40ba49e callingPack=net.osmand req=3 flags=0x0 sdk=26
06-29 13:34:18.133  3472  3472 D net.osmand: TTSCommandPlayerImpl ttsRequests=1
06-29 13:34:18.138  5191  5280 I TTS.GoogleTTSServiceImp: Synthesis request for locale por-BRA and name pt-BR-language
06-29 13:34:18.141  5191  5280 I TTS.GoogleTTSServiceImp: TTS dispatch: pt-br-x-afs-lstm-embedded
06-29 13:34:18.157  5191  5294 D AudioTrack: Client defaulted notificationFrames to 1365 for frameCount 4096
06-29 13:34:18.163  1600  5707 V MediaRouterService: restoreBluetoothA2dp(false)
06-29 13:34:18.197  1964  7810 W Conscrypt: Could not set socket write timeout: java.net.SocketException: Socket closed
06-29 13:34:18.197  1964  7810 W Conscrypt: 	at com.google.android.gms.org.conscrypt.Platform.setSocketWriteTimeout(:com.google.android.gms@17785022@17.7.85 (040700-253824076):2)
06-29 13:34:18.197  1964  7810 W Conscrypt: 	at com.google.android.gms.org.conscrypt.ConscryptFileDescriptorSocket.setSoWriteTimeout(:com.google.android.gms@17785022@17.7.85 (040700-253824076):2)
06-29 13:34:18.271  1964  7844 V NativeCrypto: Read error: ssl=0x9e424048: Failure in SSL library, usually a protocol error
06-29 13:34:18.271  1964  7844 V NativeCrypto: error:100000d7:SSL routines:OPENSSL_internal:SSL_HANDSHAKE_FAILURE (third_party/openssl/boringssl/src/ssl/ssl_lib.cc:1024 0x88dda9ff:0x00000000)
06-29 13:34:18.386  1600  1613 E memtrack: Couldn't load memtrack module
06-29 13:34:18.386  1600  1613 W android.os.Debug: failed to get memory consumption info: -1
06-29 13:34:18.710  2175  2723 W GamesServiceBroker: Client connected with SDK 17668000, Services 17785022, and Games 103270070
06-29 13:34:18.868  2175  2723 W GamesServiceBroker: Client connected with SDK 17668000, Services 17785022, and Games 103270070
06-29 13:34:19.072  1600  1609 I zygote  : Background concurrent copying GC freed 52203(2MB) AllocSpace objects, 22(1320KB) LOS objects, 31% free, 12MB/18MB, paused 48.391ms total 901.040ms
06-29 13:34:19.109  1481  7314 I NuPlayerDecoder: [audio] saw output EOS
06-29 13:34:19.110  1481  7313 D AudioTrack: stop() called with 132300 frames delivered
06-29 13:34:19.564  1481  7310 D NuPlayerDriver: notifyListener_l(0xa8ca55b0), (2, 0, 0, -1), loop setting(1, 0)
06-29 13:34:19.590  1481  7314 I NuPlayerDecoder: [OMX.google.vorbis.decoder] resubmitting CSD
06-29 13:34:19.595  1481  7314 I NuPlayerDecoder: [OMX.google.vorbis.decoder] resubmitting CSD
06-29 13:34:19.618  1481  7310 D NuPlayerDriver: notifyListener_l(0xa8ca55b0), (6, 0, 0, -1), loop setting(1, 0)
06-29 13:34:19.636  1481  7313 W AudioTrack: getTimestamp() location moved from kernel to server
06-29 13:34:19.636  1481  7313 W NuPlayerRenderer: getPendingAudioPlayoutDurationUs: pendingUs -2480 < 0, clamping to zero, potential resume after pause writtenAudioDurationUs: 17414, audioSinkPlayedUs: 19894
06-29 13:34:19.657  1481  7313 W AudioTrack: retrograde timestamp time corrected, 1004120586570 < 1004120728550
06-29 13:34:19.657  1481  7313 W AudioTrack: retrograde timestamp position corrected, -768 = 0 - 768
06-29 13:34:19.657  1481  7313 W NuPlayerRenderer: getPendingAudioPlayoutDurationUs: pendingUs -1595 < 0, clamping to zero, potential resume after pause writtenAudioDurationUs: 39183, audioSinkPlayedUs: 40778
06-29 13:34:21.463  3472  3472 D net.osmand: RoutingHelper Processed point bearing deltas : 89.02957916259766 63.58616638183594
06-29 13:34:21.552  3472  3496 I net.osmand: MapRenderRepositories RENDER MAP: update due to tile box
06-29 13:34:21.552  3472  3496 I net.osmand: MapRenderRepositories RENDER MAP: Interrupt rendering map
06-29 13:34:21.608  3472  3496 I net.osmand: MapRenderRepositories RENDER MAP: update due to tile box
06-29 13:34:21.610  3472  3496 I net.osmand: MapRenderRepositories RENDER MAP: Interrupt rendering map
06-29 13:34:21.948  3472  3496 I net.osmand: MapRenderRepositories RENDER MAP: update due to tile box
06-29 13:34:21.984  3472  3496 I net.osmand: MapRenderRepositories RENDER MAP: Interrupt rendering map
06-29 13:34:22.015  3472  3496 I net.osmand: MapRenderRepositories RENDER MAP: update due to tile box
06-29 13:34:22.016  3472  3496 I net.osmand: MapRenderRepositories RENDER MAP: Interrupt rendering map
06-29 13:34:22.045  3472  3496 I net.osmand: MapRenderRepositories RENDER MAP: update due to tile box
06-29 13:34:22.045  3472  3496 I net.osmand: MapRenderRepositories RENDER MAP: Interrupt rendering map
06-29 13:34:22.184  1481  7314 I NuPlayerDecoder: [audio] saw output EOS
06-29 13:34:22.185  1481  7313 D AudioTrack: stop() called with 132300 frames delivered
06-29 13:34:22.206  3472  3495 I net.osmand: MapRenderRepositories RENDER MAP: new request RotatedTileBox [lat=-7.231183624534323, lon=-35.91001283665496, rotate=0.0, density=2.625, zoom=17, mapDensity=3.9375, zoomAnimation=0.0, zoomFloatPart=0.0, cx=900, cy=1972, pixWidth=1800, pixHeight=2690]
06-29 13:34:22.309  3472  3495 I net.osmand:native: Route objects 105
06-29 13:34:22.310  3472  3495 I net.osmand:native: Ocean: no completed & incompleted coastlines 0
06-29 13:34:22.310  3472  3495 I net.osmand:native: Detailed coastlines = 0, basemap coastlines 0, ocean tile 0.000000. Detailed added 0, basemap processed 1, basemap added 0.
06-29 13:34:22.310  3472  3495 I net.osmand:native: Search : tree - read( 660), accept( 63), objs - visit( 3397), accept(136), in result(105) 
06-29 13:34:22.310  3472  3495 I net.osmand: MapRenderRepositories BLat=-7.233488726615906, TLat=-7.22548086643219, LLong=-35.91246032714844, RLong=-35.90755844116211, zoom=17
06-29 13:34:22.310  3472  3495 I net.osmand: MapRenderRepositories Native search: 103 ms 
06-29 13:34:22.326  3472  3495 I net.osmand:native: Creating SkBitmap in native w:1800 h:2690 s:7200 f:1!
06-29 13:34:22.327  3472  3495 I net.osmand:native: Row bytes for RGBA_8888 is 7200
06-29 13:34:22.330  3472  3495 I net.osmand:native: Locked 19368000 bytes at 0x7d000000
06-29 13:34:22.330  3472  3495 I net.osmand:native: Initializing rendering
06-29 13:34:22.339  3472  3495 I net.osmand:native: Rendering image
06-29 13:34:22.541  3472  3495 I net.osmand:native: Native ok (rendering 0, text 60 ms) 
06-29 13:34:22.541  3472  3495 I net.osmand:native:  (2535 points, 486 points inside, 176 of 201 objects visible)
06-29 13:34:22.542  3472  3495 I net.osmand:native: End Rendering image
06-29 13:34:22.542  3472  3495 I net.osmand:native: Native ok (init 8, rendering 0) 
06-29 13:34:22.542  3472  3495 I net.osmand: MapRenderRepositories true
06-29 13:34:22.619  1964  7798 E WakeLock: GCM_HB_ALARM release without a matched acquire!
06-29 13:34:22.619  1964  7798 W WakeLock: GCM_HB_ALARM counter does not exist
06-29 13:34:22.630  1600  1678 D ConnectivityService: reportNetworkConnectivity(101, false) by 10014
06-29 13:34:22.632  1600  3204 D NetworkMonitor/NetworkAgentInfo [WIFI () - 101]: Forcing reevaluation for UID 10014
06-29 13:34:22.683  1600  7856 D NetworkMonitor/NetworkAgentInfo [WIFI () - 101]: PROBE_DNS connectivitycheck.gstatic.com 29ms OK 172.217.172.131,2800:3f0:4001:81a::2003
06-29 13:34:22.685  1481  7310 D NuPlayerDriver: notifyListener_l(0xa8ca55b0), (2, 0, 0, -1), loop setting(1, 0)
06-29 13:34:22.698  1600  7855 D NetworkMonitor/NetworkAgentInfo [WIFI () - 101]: PROBE_DNS www.google.com 39ms OK 172.217.28.228,2800:3f0:4001:801::2004
06-29 13:34:22.701  1481  7314 I NuPlayerDecoder: [OMX.google.vorbis.decoder] resubmitting CSD
06-29 13:34:22.702  1481  7314 I NuPlayerDecoder: [OMX.google.vorbis.decoder] resubmitting CSD
06-29 13:34:22.732  1481  7310 D NuPlayerDriver: notifyListener_l(0xa8ca55b0), (6, 0, 0, -1), loop setting(1, 0)
06-29 13:34:22.774  1964  7798 W WakeLock: GCM_CONN_ALARM counter does not exist
