06-29 10:50:49.964  1600  1678 D ConnectivityService: handleNetworkUnvalidated NetworkAgentInfo [WIFI () - 101] cap=[ Transports: WIFI Capabilities: NOT_METERED&INTERNET&NOT_RESTRICTED&TRUSTED&NOT_VPN&FOREGROUND LinkUpBandwidth>=1048576Kbps LinkDnBandwidth>=1048576Kbps SignalStrength: -50]
06-29 10:50:49.968  1600  1674 D WifiStateMachine: NETWORK_STATUS_UNWANTED_VALIDATION_FAILED
06-29 10:50:50.103  1833  1843 I zygote  : Background concurrent copying GC freed 36430(2MB) AllocSpace objects, 0(0B) LOS objects, 49% free, 2MB/4MB, paused 1.560ms total 100.809ms
06-29 10:50:50.142  1600 14962 D NetworkMonitor/NetworkAgentInfo [MOBILE (GPRS) - 100]: PROBE_HTTPS https://www.google.com/generate_204 Probe failed with exception java.net.ConnectException: Failed to connect to www.google.com/2800:3f0:4001:801::2004:443
06-29 10:50:50.229  3472  3472 D net.osmand: DayNightHelper Sunrise/sunset setting to day: true
06-29 10:50:50.956  1600 14973 D NetworkMonitor/NetworkAgentInfo [WIFI () - 101]: PROBE_DNS connectivitycheck.gstatic.com 2ms OK 172.217.172.131,2800:3f0:4001:81a::2003
06-29 10:50:50.957  1600 14972 D NetworkMonitor/NetworkAgentInfo [WIFI () - 101]: PROBE_DNS www.google.com 3ms OK 172.217.28.228,2800:3f0:4001:801::2004
06-29 10:50:51.411  1600 14973 D NetworkMonitor/NetworkAgentInfo [WIFI () - 101]: PROBE_HTTP http://connectivitycheck.gstatic.com/generate_204 time=452ms ret=204 request={User-Agent=[Mozilla/5.0 (X11; Linux x86_64) AppleWebKit/537.36 (KHTML, like Gecko) Chrome/60.0.3112.32 Safari/537.36]} headers={null=[HTTP/1.1 204 No Content], Content-Length=[0], Date=[Sat, 29 Jun 2019 14:50:50 GMT], X-Android-Received-Millis=[1561819851411], X-Android-Response-Source=[NETWORK 204], X-Android-Selected-Protocol=[http/1.1], X-Android-Sent-Millis=[1561819850959]}
06-29 10:50:52.087  1399  1414 D hwcomposer: hw_composer sent 168 syncs in 60s
06-29 10:50:52.717  3472  3482 I zygote  : Background concurrent copying GC freed 310386(6MB) AllocSpace objects, 0(0B) LOS objects, 22% free, 21MB/27MB, paused 1.184ms total 409.626ms
06-29 10:50:54.931  1600  3204 D NetworkMonitor/NetworkAgentInfo [WIFI () - 101]: PROBE_FALLBACK http://play.googleapis.com/generate_204 time=975ms ret=204 request={User-Agent=[Mozilla/5.0 (X11; Linux x86_64) AppleWebKit/537.36 (KHTML, like Gecko) Chrome/60.0.3112.32 Safari/537.36]} headers={null=[HTTP/1.1 204 No Content], Content-Length=[0], Date=[Sat, 29 Jun 2019 14:50:53 GMT], X-Android-Received-Millis=[1561819854931], X-Android-Response-Source=[NETWORK 204], X-Android-Selected-Protocol=[http/1.1], X-Android-Sent-Millis=[1561819853957]}
06-29 10:50:55.497  3472  3482 I zygote  : Background concurrent copying GC freed 320760(7MB) AllocSpace objects, 0(0B) LOS objects, 22% free, 20MB/26MB, paused 1.823ms total 248.336ms
06-29 10:50:56.293  1964  1964 I GeofencerStateMachine: sendNewTransitions called.
06-29 10:50:58.572  3472  3482 I zygote  : Background concurrent copying GC freed 297413(6MB) AllocSpace objects, 0(0B) LOS objects, 22% free, 20MB/26MB, paused 1.404ms total 285.310ms
06-29 10:50:58.865  1600  2385 D NetworkMonitor/NetworkAgentInfo [MOBILE (GPRS) - 100]: PROBE_FALLBACK http://www.google.com/gen_204 Probe failed with exception java.net.SocketTimeoutException: timeout
06-29 10:50:59.952  1600  1678 D ConnectivityService: handleLingerComplete for NetworkAgentInfo [MOBILE (GPRS) - 100]
06-29 10:51:00.508  3472  3482 I zygote  : Background concurrent copying GC freed 300141(6MB) AllocSpace objects, 0(0B) LOS objects, 22% free, 20MB/26MB, paused 2.047ms total 254.874ms
06-29 10:51:02.573  1600  7916 I WifiService: acquireWifiLock uid=10014 lockMode=2
06-29 10:51:02.974  1600 14963 D NetworkMonitor/NetworkAgentInfo [MOBILE (GPRS) - 100]: PROBE_HTTP http://connectivitycheck.gstatic.com/generate_204 Probe failed with exception java.net.SocketTimeoutException: timeout
06-29 10:51:02.976  1600  1678 D ConnectivityService: NetworkAgentInfo [MOBILE (GPRS) - 100] validation failed
06-29 10:51:03.524  3472  3482 I zygote  : Background concurrent copying GC freed 291914(6MB) AllocSpace objects, 0(0B) LOS objects, 22% free, 20MB/26MB, paused 1.526ms total 291.318ms
06-29 10:51:03.983  1600 14972 D NetworkMonitor/NetworkAgentInfo [WIFI () - 101]: PROBE_HTTPS https://www.google.com/generate_204 Probe failed with exception java.net.ConnectException: Failed to connect to www.google.com/2800:3f0:4001:801::2004:443
06-29 10:51:03.984  1600  1678 D ConnectivityService: NetworkAgentInfo [WIFI () - 101] validation failed
06-29 10:51:03.985  1600  1674 D WifiStateMachine: NETWORK_STATUS_UNWANTED_VALIDATION_FAILED
06-29 10:51:04.985  1600 14981 D NetworkMonitor/NetworkAgentInfo [MOBILE (GPRS) - 100]: PROBE_DNS www.google.com 5ms OK 172.217.28.228,2800:3f0:4001:801::2004
06-29 10:51:05.562  1600  6125 D WificondControl: Scan result ready event
06-29 10:51:05.624  1600  1792 I WifiService: releaseWifiLock uid=10014
06-29 10:51:05.993  1600 14987 D NetworkMonitor/NetworkAgentInfo [WIFI () - 101]: PROBE_DNS www.google.com 3ms OK 172.217.28.228,2800:3f0:4001:801::2004
06-29 10:51:06.100  3472  3482 I zygote  : Background concurrent copying GC freed 304983(6MB) AllocSpace objects, 0(0B) LOS objects, 22% free, 20MB/26MB, paused 3.166ms total 306.758ms
06-29 10:51:08.710  3472  3482 I zygote  : Background concurrent copying GC freed 299460(6MB) AllocSpace objects, 0(0B) LOS objects, 22% free, 20MB/26MB, paused 2.079ms total 264.929ms
06-29 10:51:11.676  3472  3482 I zygote  : Background concurrent copying GC freed 297229(6MB) AllocSpace objects, 0(0B) LOS objects, 22% free, 20MB/26MB, paused 2.280ms total 345.440ms
06-29 10:51:12.014  1600 14981 D NetworkMonitor/NetworkAgentInfo [MOBILE (GPRS) - 100]: PROBE_HTTPS https://www.google.com/generate_204 Probe failed with exception java.net.ConnectException: Failed to connect to www.google.com/2800:3f0:4001:801::2004:443
06-29 10:51:12.023  1600 14987 D NetworkMonitor/NetworkAgentInfo [WIFI () - 101]: PROBE_HTTPS https://www.google.com/generate_204 Probe failed with exception java.net.ConnectException: Failed to connect to www.google.com/2800:3f0:4001:801::2004:443
06-29 10:51:14.573  3472  3482 I zygote  : Background concurrent copying GC freed 297453(6MB) AllocSpace objects, 0(0B) LOS objects, 22% free, 20MB/26MB, paused 899us total 302.209ms
06-29 10:51:15.005  1600 14982 D NetworkMonitor/NetworkAgentInfo [MOBILE (GPRS) - 100]: PROBE_DNS connectivitycheck.gstatic.com 10025ms OK 172.217.172.131
06-29 10:51:15.034  1600 14982 D NetworkMonitor/NetworkAgentInfo [MOBILE (GPRS) - 100]: PROBE_HTTP http://connectivitycheck.gstatic.com/generate_204 Probe failed with exception java.net.ConnectException: Failed to connect to connectivitycheck.gstatic.com/172.217.172.131:80
06-29 10:51:15.216  1600  1613 E memtrack: Couldn't load memtrack module
06-29 10:51:15.217  1600  1613 W android.os.Debug: failed to get memory consumption info: -1
06-29 10:51:15.316  1600  1613 E memtrack: Couldn't load memtrack module
06-29 10:51:15.317  1600  1613 W android.os.Debug: failed to get memory consumption info: -1
06-29 10:51:16.005  1600 14988 D NetworkMonitor/NetworkAgentInfo [WIFI () - 101]: PROBE_DNS connectivitycheck.gstatic.com 10017ms OK 172.217.172.131
06-29 10:51:17.397  3472  3482 I zygote  : Background concurrent copying GC freed 296799(6MB) AllocSpace objects, 0(0B) LOS objects, 22% free, 21MB/27MB, paused 1.794ms total 325.230ms
06-29 10:51:18.554  1600  2385 D NetworkMonitor/NetworkAgentInfo [MOBILE (GPRS) - 100]: PROBE_FALLBACK http://play.googleapis.com/generate_204 Probe failed with exception java.net.ConnectException: Failed to connect to play.googleapis.com/172.217.28.138:80
06-29 10:51:18.555  1600  1678 D ConnectivityService: NetworkAgentInfo [MOBILE (GPRS) - 100] validation failed
06-29 10:51:18.998  1406  1406 I boot-pipe: done populating /dev/random
06-29 10:51:20.698  3472  3482 I zygote  : Background concurrent copying GC freed 320177(7MB) AllocSpace objects, 0(0B) LOS objects, 22% free, 20MB/26MB, paused 6.499ms total 357.807ms
06-29 10:51:22.033  1600  3204 D NetworkMonitor/NetworkAgentInfo [WIFI () - 101]: PROBE_FALLBACK http://www.google.com/gen_204 Probe failed with exception java.net.SocketTimeoutException: failed to connect to www.google.com/2800:3f0:4001:801::2004 (port 80) from /fec0::7874:a8bd:4205:7510 (port 58440) after 10000ms
06-29 10:51:22.563  1600 14998 D NetworkMonitor/NetworkAgentInfo [MOBILE (GPRS) - 100]: PROBE_DNS www.google.com 2ms OK 172.217.28.228,2800:3f0:4001:801::2004
06-29 10:51:22.583  1600  7916 I WifiService: acquireWifiLock uid=10014 lockMode=2
06-29 10:51:22.589  1600  1613 E memtrack: Couldn't load memtrack module
06-29 10:51:22.590  1600  1613 W android.os.Debug: failed to get memory consumption info: -1
06-29 10:51:22.712  1600  6125 I WifiService: releaseWifiLock uid=10014
06-29 10:51:22.739  1600  1613 E memtrack: Couldn't load memtrack module
06-29 10:51:22.739  1600  1613 W android.os.Debug: failed to get memory consumption info: -1
06-29 10:51:22.890  1600  1609 I zygote  : Background concurrent copying GC freed 92163(4MB) AllocSpace objects, 4(208KB) LOS objects, 28% free, 14MB/20MB, paused 1.166ms total 282.290ms
06-29 10:51:23.342  3472  3482 I zygote  : Background concurrent copying GC freed 300066(6MB) AllocSpace objects, 0(0B) LOS objects, 22% free, 20MB/26MB, paused 2.039ms total 305.420ms
06-29 10:51:26.014  1600 14988 D NetworkMonitor/NetworkAgentInfo [WIFI () - 101]: PROBE_HTTP http://connectivitycheck.gstatic.com/generate_204 Probe failed with exception java.net.SocketTimeoutException: timeout
06-29 10:51:26.019  1600  1678 D ConnectivityService: NetworkAgentInfo [WIFI () - 101] validation failed
06-29 10:51:26.021  1600  1674 D WifiStateMachine: NETWORK_STATUS_UNWANTED_VALIDATION_FAILED
06-29 10:51:26.312  3472  3482 I zygote  : Background concurrent copying GC freed 301205(6MB) AllocSpace objects, 0(0B) LOS objects, 22% free, 20MB/26MB, paused 1.525ms total 278.050ms
06-29 10:51:27.139  1964  1964 I GeofencerStateMachine: sendNewTransitions called.
06-29 10:51:28.980  3472  3482 I zygote  : Background concurrent copying GC freed 309085(6MB) AllocSpace objects, 0(0B) LOS objects, 23% free, 19MB/25MB, paused 1.039ms total 187.827ms
06-29 10:51:30.030  1600 15003 D NetworkMonitor/NetworkAgentInfo [WIFI () - 101]: PROBE_DNS www.google.com 3ms OK 172.217.28.228,2800:3f0:4001:801::2004
06-29 10:51:31.541  3472  3482 I zygote  : Background concurrent copying GC freed 280744(6MB) AllocSpace objects, 0(0B) LOS objects, 23% free, 19MB/25MB, paused 1.226ms total 232.090ms
06-29 10:51:32.576  1600 14999 D NetworkMonitor/NetworkAgentInfo [MOBILE (GPRS) - 100]: PROBE_DNS connectivitycheck.gstatic.com 10014ms OK 172.217.172.131
06-29 10:51:34.571  1600 14998 D NetworkMonitor/NetworkAgentInfo [MOBILE (GPRS) - 100]: PROBE_HTTPS https://www.google.com/generate_204 Probe failed with exception java.net.SocketTimeoutException: failed to connect to www.google.com/2800:3f0:4001:801::2004 (port 443) from /fec0::b85f:5d26:2faf:a41d (port 59359) after 10000ms
06-29 10:51:34.593  3472  3482 I zygote  : Background concurrent copying GC freed 293455(6MB) AllocSpace objects, 0(0B) LOS objects, 23% free, 20MB/26MB, paused 12.972ms total 341.285ms
06-29 10:51:36.575  1600 14999 D NetworkMonitor/NetworkAgentInfo [MOBILE (GPRS) - 100]: PROBE_HTTP http://connectivitycheck.gstatic.com/generate_204 Probe failed with exception java.net.ConnectException: Failed to connect to connectivitycheck.gstatic.com/172.217.172.131:80
06-29 10:51:36.683  1600  2385 D NetworkMonitor/NetworkAgentInfo [MOBILE (GPRS) - 100]: PROBE_FALLBACK http://www.google.com/gen_204 Probe failed with exception java.net.SocketTimeoutException: timeout
06-29 10:51:36.684  1600  1678 D ConnectivityService: NetworkAgentInfo [MOBILE (GPRS) - 100] validation failed
06-29 10:51:37.034  3472  3482 I zygote  : Background concurrent copying GC freed 310972(6MB) AllocSpace objects, 0(0B) LOS objects, 23% free, 19MB/25MB, paused 1.981ms total 280.002ms
06-29 10:51:39.663  3472  3482 I zygote  : Background concurrent copying GC freed 299508(6MB) AllocSpace objects, 0(0B) LOS objects, 24% free, 18MB/24MB, paused 4.693ms total 267.054ms
06-29 10:51:40.045  1600 15004 D NetworkMonitor/NetworkAgentInfo [WIFI () - 101]: PROBE_DNS connectivitycheck.gstatic.com 10016ms OK 172.217.172.131
06-29 10:51:42.100  3472  3482 I zygote  : Background concurrent copying GC freed 269467(5MB) AllocSpace objects, 0(0B) LOS objects, 23% free, 19MB/25MB, paused 915us total 225.753ms
06-29 10:51:42.602  1600  6125 I WifiService: acquireWifiLock uid=10014 lockMode=2
06-29 10:51:42.935  1600  2369 I WifiService: getConnectionInfo uid=10079
06-29 10:51:42.935  1600  2369 D WifiPermissionsUtil: Denied: no location permission
06-29 10:51:42.935  1600  2369 D WifiPermissionsUtil: Denied: caller is not the current USE_OPEN_WIFI_PACKAGE
06-29 10:51:43.020  1964  2247 I GeofencerStateMachine: addGeofences called by com.google.android.apps.maps
06-29 10:51:43.044  1600 15004 D NetworkMonitor/NetworkAgentInfo [WIFI () - 101]: PROBE_HTTP http://connectivitycheck.gstatic.com/generate_204 Probe failed with exception java.net.ConnectException: Failed to connect to connectivitycheck.gstatic.com/172.217.172.131:80
06-29 10:51:43.045  1600  3204 D NetworkMonitor/NetworkAgentInfo [WIFI () - 101]: PROBE_FALLBACK http://play.googleapis.com/generate_204 Probe failed with exception java.net.SocketTimeoutException: timeout
06-29 10:51:43.101  1600  6125 I GnssLocationProvider: WakeLock acquired by sendMessage(SET_REQUEST, 0, com.android.server.location.GnssLocationProvider$GpsRequest@55121ce)
06-29 10:51:43.102  1600  1613 I GnssLocationProvider: WakeLock released by handleMessage(SET_REQUEST, 0, com.android.server.location.GnssLocationProvider$GpsRequest@55121ce)
06-29 10:51:43.246  1600  6125 I GnssLocationProvider: WakeLock acquired by sendMessage(SET_REQUEST, 0, com.android.server.location.GnssLocationProvider$GpsRequest@d4dffc)
06-29 10:51:43.247  1600  1613 I GnssLocationProvider: WakeLock released by handleMessage(SET_REQUEST, 0, com.android.server.location.GnssLocationProvider$GpsRequest@d4dffc)
06-29 10:51:43.289  1600  5171 I WifiService: getWifiEnabledState uid=10062
06-29 10:51:43.522  1964  4580 W ResourceType: ResTable_typeSpec entry count inconsistent: given 15, previously 22
06-29 10:51:44.700  1600 15023 D NetworkMonitor/NetworkAgentInfo [MOBILE (GPRS) - 100]: PROBE_DNS www.google.com 4ms OK 172.217.28.228,2800:3f0:4001:801::2004
06-29 10:51:45.352  3472  3482 I zygote  : Background concurrent copying GC freed 286962(6MB) AllocSpace objects, 0(0B) LOS objects, 23% free, 19MB/25MB, paused 1.837ms total 311.475ms
06-29 10:51:45.605  1600  5171 D WificondControl: Scan result ready event
06-29 10:51:45.764  1600  5171 I WifiService: releaseWifiLock uid=10014
06-29 10:51:47.342  1964 14985 E WakeLock: GCM_HB_ALARM release without a matched acquire!
06-29 10:51:47.342  1964 14985 W WakeLock: GCM_HB_ALARM counter does not exist
06-29 10:51:47.819  3472  3482 I zygote  : Background concurrent copying GC freed 300351(6MB) AllocSpace objects, 0(0B) LOS objects, 23% free, 19MB/25MB, paused 2.035ms total 312.462ms
06-29 10:51:49.601  1600 15003 D NetworkMonitor/NetworkAgentInfo [WIFI () - 101]: PROBE_HTTPS https://www.google.com/generate_204 Probe failed with exception java.net.SocketTimeoutException: failed to connect to www.google.com/2800:3f0:4001:801::2004 (port 443) from /fec0::7874:a8bd:4205:7510 (port 41446) after 10000ms
06-29 10:51:49.607  1600  1678 D ConnectivityService: NetworkAgentInfo [WIFI () - 101] validation failed
06-29 10:51:49.607  1600  1674 D WifiStateMachine: NETWORK_STATUS_UNWANTED_VALIDATION_FAILED
06-29 10:51:50.262  3472  3472 D net.osmand: DayNightHelper Sunrise/sunset setting to day: true
06-29 10:51:50.431  3472  3482 I zygote  : Background concurrent copying GC freed 289960(6MB) AllocSpace objects, 0(0B) LOS objects, 23% free, 20MB/26MB, paused 959us total 322.643ms
