06-28 17:24:49.379  1389  4034 W audio_hw_generic: Not supplying enough data to HAL, expected position 20612222 , only wrote 20611440
06-28 17:24:49.398  1397  1448 D gralloc_ranchu: gralloc_alloc: Creating ashmem region of size 8298496
06-28 17:24:49.472  1389  4034 W audio_hw_generic: Not supplying enough data to HAL, expected position 20615946 , only wrote 20615040
06-28 17:24:49.474  1389  4034 W audio_hw_generic: Not supplying enough data to HAL, expected position 20615104 , only wrote 20615040
06-28 17:24:49.492  1389  4034 W audio_hw_generic: Not supplying enough data to HAL, expected position 20615921 , only wrote 20615760
06-28 17:24:49.492  1596  5252 I WifiService: getConnectionInfo uid=10014
06-28 17:24:49.520  1473  1580 D AudioFlinger: mixer(0xad583c80) throttle end: throttle time(9)
06-28 17:24:49.582  1389  4034 W audio_hw_generic: Not supplying enough data to HAL, expected position 20620096 , only wrote 20620080
06-28 17:24:49.583  1389  4034 W audio_hw_generic: Not supplying enough data to HAL, expected position 20620124 , only wrote 20620080
06-28 17:24:49.608  1389  4034 W audio_hw_generic: Not supplying enough data to HAL, expected position 20621245 , only wrote 20620800
06-28 17:24:49.716  1389  4034 W audio_hw_generic: Not supplying enough data to HAL, expected position 20626017 , only wrote 20625840
06-28 17:24:49.941  1481  7584 W AudioTrack: getTimestamp() location moved from kernel to server
06-28 17:24:49.962  1473  1580 D AudioFlinger: mixer(0xad583c80) throttle end: throttle time(12)
06-28 17:24:49.986  1389  4034 W audio_hw_generic: Not supplying enough data to HAL, expected position 20638775 , only wrote 20633040
06-28 17:24:49.987  1389  4034 W audio_hw_generic: Not supplying enough data to HAL, expected position 20633090 , only wrote 20633040
06-28 17:24:50.003  1389  4034 W audio_hw_generic: Not supplying enough data to HAL, expected position 20633818 , only wrote 20633760
06-28 17:24:50.378  1389  4034 W audio_hw_generic: Not supplying enough data to HAL, expected position 20651771 , only wrote 20637360
06-28 17:24:50.379  1389  4034 W audio_hw_generic: Not supplying enough data to HAL, expected position 20637385 , only wrote 20637360
06-28 17:24:50.397  1389  4034 W audio_hw_generic: Not supplying enough data to HAL, expected position 20638215 , only wrote 20638080
06-28 17:24:50.502  1389  4034 W audio_hw_generic: Not supplying enough data to HAL, expected position 20643111 , only wrote 20640240
06-28 17:24:50.502  1473  1580 D AudioFlinger: mixer(0xad583c80) throttle end: throttle time(12)
06-28 17:24:50.503  1389  4034 W audio_hw_generic: Not supplying enough data to HAL, expected position 20640310 , only wrote 20640240
06-28 17:24:50.557  1473  1580 D AudioFlinger: mixer(0xad583c80) throttle end: throttle time(12)
06-28 17:24:50.581  1389  4034 W audio_hw_generic: Not supplying enough data to HAL, expected position 20643985 , only wrote 20642400
06-28 17:24:50.726  1389  4034 W audio_hw_generic: Not supplying enough data to HAL, expected position 20649366 , only wrote 20643840
06-28 17:24:50.727  1389  4034 W audio_hw_generic: Not supplying enough data to HAL, expected position 20643888 , only wrote 20643840
06-28 17:24:50.851  1389  4034 W audio_hw_generic: Not supplying enough data to HAL, expected position 20649794 , only wrote 20644560
06-28 17:24:50.851  1473  1580 D AudioFlinger: mixer(0xad583c80) throttle end: throttle time(11)
06-28 17:24:50.969  1481  7584 W AudioTrack: getTimestamp() location moved from kernel to server
06-28 17:24:51.352  1976  1976 I BeaconBle: Scan : No clients left, canceling alarm.
06-28 17:24:51.600  1389  4034 W audio_hw_generic: Not supplying enough data to HAL, expected position 20680482 , only wrote 20646000
06-28 17:24:51.695  1473  1580 W AudioFlinger: write blocked for 406 msecs, 1 delayed writes, thread 0xad583c80
06-28 17:24:51.695  1473  1580 D AudioFlinger: mixer(0xad583c80) throttle end: throttle time(12)
06-28 17:24:51.697  1389  4034 W audio_hw_generic: Not supplying enough data to HAL, expected position 20650660 , only wrote 20649600
06-28 17:24:51.697  1389  4034 W audio_hw_generic: Not supplying enough data to HAL, expected position 20649612 , only wrote 20649600
06-28 17:24:51.714  1389  4034 W audio_hw_generic: Not supplying enough data to HAL, expected position 20650434 , only wrote 20650320
06-28 17:24:51.738  1473  1580 D AudioFlinger: mixer(0xad583c80) throttle end: throttle time(12)
06-28 17:24:51.878  1389  4034 W audio_hw_generic: Hardware backing HAL too slow, could only write 0 of 720 frames
06-28 17:24:51.879  1389  4034 W audio_hw_generic: Not supplying enough data to HAL, expected position 20658228 , only wrote 20653200
06-28 17:24:51.880  1389  4034 W audio_hw_generic: Not supplying enough data to HAL, expected position 20653212 , only wrote 20653200
06-28 17:24:51.973  1473  1580 D AudioFlinger: mixer(0xad583c80) throttle end: throttle time(9)
06-28 17:24:51.974  1389  4034 W audio_hw_generic: Not supplying enough data to HAL, expected position 20657728 , only wrote 20653920
06-28 17:24:52.079  1481  7584 W AudioTrack: getTimestamp() location moved from kernel to server
06-28 17:24:52.087  1389  4034 W audio_hw_generic: Not supplying enough data to HAL, expected position 20659344 , only wrote 20655360
06-28 17:24:52.201  1481  7584 W AudioTrack: retrograde timestamp position corrected, -118 = 87816 - 87934
06-28 17:24:52.202  1389  4034 W audio_hw_generic: Not supplying enough data to HAL, expected position 20660870 , only wrote 20656800
06-28 17:24:52.286  1389  4034 W audio_hw_generic: Not supplying enough data to HAL, expected position 20660841 , only wrote 20658240
06-28 17:24:52.288  1473  1580 D AudioFlinger: mixer(0xad583c80) throttle end: throttle time(12)
06-28 17:24:52.416  1389  4034 W audio_hw_generic: Not supplying enough data to HAL, expected position 20664508 , only wrote 20659680
06-28 17:24:52.447  1389  4034 W audio_hw_generic: Not supplying enough data to HAL, expected position 20661166 , only wrote 20661120
06-28 17:24:52.580  1389  4034 W audio_hw_generic: Not supplying enough data to HAL, expected position 20667489 , only wrote 20662560
06-28 17:24:52.584  1473  1580 D AudioFlinger: mixer(0xad583c80) throttle end: throttle time(11)
06-28 17:24:52.683  1473  1580 D AudioFlinger: mixer(0xad583c80) throttle end: throttle time(12)
06-28 17:24:52.769  1389  4034 W audio_hw_generic: Not supplying enough data to HAL, expected position 20671651 , only wrote 20664000
06-28 17:24:52.817  1389  4034 W audio_hw_generic: Not supplying enough data to HAL, expected position 20666279 , only wrote 20665440
06-28 17:24:52.838  1389  4034 W audio_hw_generic: Not supplying enough data to HAL, expected position 20666298 , only wrote 20666160
06-28 17:24:53.023  1389  4034 W audio_hw_generic: Not supplying enough data to HAL, expected position 20675205 , only wrote 20666160
06-28 17:24:53.241  1389  4034 W audio_hw_generic: Not supplying enough data to HAL, expected position 20676618 , only wrote 20666880
06-28 17:24:53.272  1389  4034 W audio_hw_generic: Not supplying enough data to HAL, expected position 20668348 , only wrote 20668320
06-28 17:24:53.475  1389  4034 W audio_hw_generic: Not supplying enough data to HAL, expected position 20678091 , only wrote 20669760
06-28 17:24:53.625  1389  4034 W audio_hw_generic: Not supplying enough data to HAL, expected position 20676956 , only wrote 20671200
06-28 17:24:53.631  1473  1580 D AudioFlinger: mixer(0xad583c80) throttle end: throttle time(12)
06-28 17:24:53.634  1481  7585 I NuPlayerDecoder: [audio] saw output EOS
06-28 17:24:53.731  1389  4034 W audio_hw_generic: Not supplying enough data to HAL, expected position 20676271 , only wrote 20672640
06-28 17:24:53.782  1389  4034 W audio_hw_generic: Not supplying enough data to HAL, expected position 20675021 , only wrote 20674080
06-28 17:24:53.888  1481  7584 D AudioTrack: stop() called with 132300 frames delivered
06-28 17:24:53.893  1389  4034 W audio_hw_generic: Not supplying enough data to HAL, expected position 20679457 , only wrote 20675520
06-28 17:24:54.000  1473  1580 D AudioFlinger: mixer(0xad583c80) throttle end: throttle time(12)
06-28 17:24:54.056  1389  4034 W audio_hw_generic: Not supplying enough data to HAL, expected position 20683387 , only wrote 20676960
06-28 17:24:54.227  1389  4034 W audio_hw_generic: Not supplying enough data to HAL, expected position 20685125 , only wrote 20678400
06-28 17:24:54.373  1389  4034 W audio_hw_generic: Not supplying enough data to HAL, expected position 20685408 , only wrote 20679840
06-28 17:24:54.387  1481  7580 D NuPlayerDriver: notifyListener_l(0xac0944d0), (2, 0, 0, -1), loop setting(1, 0)
06-28 17:24:54.448  1389  4034 W audio_hw_generic: Not supplying enough data to HAL, expected position 20683469 , only wrote 20683440
06-28 17:24:54.461  1481  7585 I NuPlayerDecoder: [OMX.google.vorbis.decoder] resubmitting CSD
06-28 17:24:54.503  1389  4034 W audio_hw_generic: Not supplying enough data to HAL, expected position 20686076 , only wrote 20684160
06-28 17:24:54.663  1389  4034 W audio_hw_generic: Not supplying enough data to HAL, expected position 20691830 , only wrote 20685600
06-28 17:24:54.663  1481  7585 I NuPlayerDecoder: [OMX.google.vorbis.decoder] resubmitting CSD
06-28 17:24:54.717  1389  4034 W audio_hw_generic: Not supplying enough data to HAL, expected position 20688202 , only wrote 20687040
06-28 17:24:54.796  1389  4034 W audio_hw_generic: Not supplying enough data to HAL, expected position 20690834 , only wrote 20688480
06-28 17:24:54.833  1389  4034 W audio_hw_generic: Not supplying enough data to HAL, expected position 20690252 , only wrote 20689920
06-28 17:24:54.837  1481  7580 D NuPlayerDriver: notifyListener_l(0xac0944d0), (6, 0, 0, -1), loop setting(1, 0)
06-28 17:24:55.142  1389  4034 W audio_hw_generic: Not supplying enough data to HAL, expected position 20704751 , only wrote 20691360
06-28 17:24:55.227  1389  4034 W audio_hw_generic: Not supplying enough data to HAL, expected position 20695415 , only wrote 20694240
06-28 17:24:55.227  1389  4034 W audio_hw_generic: Not supplying enough data to HAL, expected position 20694275 , only wrote 20694240
06-28 17:24:55.256  1389  4034 W audio_hw_generic: Not supplying enough data to HAL, expected position 20695625 , only wrote 20694960
06-28 17:24:55.257  1481  7584 W NuPlayerRenderer: getPendingAudioPlayoutDurationUs: pendingUs -14860 < 0, clamping to zero, potential resume after pause writtenAudioDurationUs: 11609, audioSinkPlayedUs: 26469
06-28 17:24:55.277  1473  1580 D AudioFlinger: mixer(0xad583c80) throttle end: throttle time(5)
06-28 17:24:55.278  1481  7584 W AudioTrack: retrograde timestamp position corrected, -128 = 0 - 128
06-28 17:24:55.318  1481  7584 W NuPlayerRenderer: getPendingAudioPlayoutDurationUs: pendingUs -21142 < 0, clamping to zero, potential resume after pause writtenAudioDurationUs: 26122, audioSinkPlayedUs: 47264
06-28 17:24:55.320  1389  4034 W audio_hw_generic: Not supplying enough data to HAL, expected position 20698000 , only wrote 20697840
06-28 17:24:55.320  1389  4034 W audio_hw_generic: Not supplying enough data to HAL, expected position 20697853 , only wrote 20697840
06-28 17:24:55.411  1481  7584 W NuPlayerRenderer: getPendingAudioPlayoutDurationUs: pendingUs -32002 < 0, clamping to zero, potential resume after pause writtenAudioDurationUs: 62403, audioSinkPlayedUs: 94405
06-28 17:24:55.412  1389  4034 W audio_hw_generic: Not supplying enough data to HAL, expected position 20702274 , only wrote 20698560
06-28 17:24:55.512  1389  4034 W audio_hw_generic: Not supplying enough data to HAL, expected position 20703366 , only wrote 20702160
06-28 17:24:55.585  1389  4034 W audio_hw_generic: Not supplying enough data to HAL, expected position 20705655 , only wrote 20703600
06-28 17:24:55.619  1389  4034 W audio_hw_generic: Not supplying enough data to HAL, expected position 20705246 , only wrote 20705040
06-28 17:24:55.631  1473  1580 D AudioFlinger: mixer(0xad583c80) throttle end: throttle time(12)
06-28 17:24:55.697  1389  4034 W audio_hw_generic: Not supplying enough data to HAL, expected position 20708746 , only wrote 20706480
06-28 17:24:55.697  1389  4034 W audio_hw_generic: Hardware backing HAL too slow, could only write 0 of 720 frames
06-28 17:24:55.697  1389  4034 W audio_hw_generic: Hardware backing HAL too slow, could only write 0 of 720 frames
06-28 17:24:55.813  1389  4034 W audio_hw_generic: Not supplying enough data to HAL, expected position 20712044 , only wrote 20709360
06-28 17:24:55.813  1389  4034 W audio_hw_generic: Not supplying enough data to HAL, expected position 20709380 , only wrote 20709360
06-28 17:24:55.820  1481  7584 W AudioTrack: getTimestamp() location moved from kernel to server
06-28 17:24:55.830  1389  4034 W audio_hw_generic: Not supplying enough data to HAL, expected position 20710165 , only wrote 20710080
06-28 17:24:55.930  1473  1580 D AudioFlinger: mixer(0xad583c80) throttle end: throttle time(12)
06-28 17:24:55.931  1389  4034 W audio_hw_generic: Not supplying enough data to HAL, expected position 20714956 , only wrote 20711520
06-28 17:24:56.001  1481  7584 W AudioTrack: getTimestamp() location moved from kernel to server
06-28 17:24:56.024  1389  4034 W audio_hw_generic: Not supplying enough data to HAL, expected position 20715974 , only wrote 20712960
06-28 17:24:56.085  1389  4034 W audio_hw_generic: Not supplying enough data to HAL, expected position 20715871 , only wrote 20714400
06-28 17:24:56.151  1473  1580 D AudioFlinger: mixer(0xad583c80) throttle end: throttle time(4)
06-28 17:24:56.151  1389  4034 W audio_hw_generic: Not supplying enough data to HAL, expected position 20717598 , only wrote 20717280
06-28 17:24:56.152  1389  4034 W audio_hw_generic: Not supplying enough data to HAL, expected position 20717293 , only wrote 20717280
06-28 17:24:56.232  1389  4034 W audio_hw_generic: Not supplying enough data to HAL, expected position 20721120 , only wrote 20718000
06-28 17:24:56.238  1481  7584 W NuPlayerRenderer: getPendingAudioPlayoutDurationUs: pendingUs -421 < 0, clamping to zero, potential resume after pause writtenAudioDurationUs: 390385, audioSinkPlayedUs: 390806
06-28 17:24:56.300  1389  4034 W audio_hw_generic: Not supplying enough data to HAL, expected position 20721256 , only wrote 20720880
06-28 17:24:56.300  1389  4034 W audio_hw_generic: Not supplying enough data to HAL, expected position 20720917 , only wrote 20720880
06-28 17:24:56.305  1473  1580 D AudioFlinger: mixer(0xad583c80) throttle end: throttle time(12)
06-28 17:24:56.361  1389  4034 W audio_hw_generic: Not supplying enough data to HAL, expected position 20723803 , only wrote 20721600
06-28 17:24:56.448  1389  4034 W audio_hw_generic: Not supplying enough data to HAL, expected position 20725779 , only wrote 20723040
06-28 17:24:56.449  1473  1580 D AudioFlinger: mixer(0xad583c80) throttle end: throttle time(12)
06-28 17:24:56.488  1389  4034 W audio_hw_generic: Not supplying enough data to HAL, expected position 20724961 , only wrote 20724480
06-28 17:24:56.540  1389  4034 W audio_hw_generic: Not supplying enough data to HAL, expected position 20726983 , only wrote 20725920
06-28 17:24:56.542  1473  1580 D AudioFlinger: mixer(0xad583c80) throttle end: throttle time(12)
06-28 17:24:56.632  1389  4034 W audio_hw_generic: Not supplying enough data to HAL, expected position 20730286 , only wrote 20728800
06-28 17:24:56.632  1389  4034 W audio_hw_generic: Not supplying enough data to HAL, expected position 20728846 , only wrote 20728800
06-28 17:24:56.650  1389  4034 W audio_hw_generic: Not supplying enough data to HAL, expected position 20729600 , only wrote 20729520
06-28 17:24:56.680  1389  4034 W audio_hw_generic: Not supplying enough data to HAL, expected position 20731011 , only wrote 20730960
06-28 17:24:56.681  1473  1580 D AudioFlinger: mixer(0xad583c80) throttle end: throttle time(9)
06-28 17:24:56.723  1473  1580 D AudioFlinger: mixer(0xad583c80) throttle end: throttle time(4)
06-28 17:24:56.725  1389  4034 W audio_hw_generic: Not supplying enough data to HAL, expected position 20733087 , only wrote 20732400
06-28 17:24:56.882  1389  4034 W audio_hw_generic: Not supplying enough data to HAL, expected position 20739963 , only wrote 20736720
06-28 17:24:56.883  1389  4034 W audio_hw_generic: Not supplying enough data to HAL, expected position 20736741 , only wrote 20736720
06-28 17:24:56.890  1481  7584 W AudioTrack: getTimestamp() location moved from kernel to server
06-28 17:24:56.920  1389  4034 W audio_hw_generic: Not supplying enough data to HAL, expected position 20738509 , only wrote 20737440
06-28 17:24:56.922  1473  1580 D AudioFlinger: mixer(0xad583c80) throttle end: throttle time(9)
06-28 17:24:56.960  1389  4034 W audio_hw_generic: Not supplying enough data to HAL, expected position 20739362 , only wrote 20738880
06-28 17:24:57.051  1389  4034 W audio_hw_generic: Not supplying enough data to HAL, expected position 20743230 , only wrote 20741760
06-28 17:24:57.051  1389  4034 W audio_hw_generic: Not supplying enough data to HAL, expected position 20741772 , only wrote 20741760
06-28 17:24:57.093  1473  1580 D AudioFlinger: mixer(0xad583c80) throttle end: throttle time(8)
06-28 17:24:57.098  1389  4034 W audio_hw_generic: Not supplying enough data to HAL, expected position 20744027 , only wrote 20742480
06-28 17:24:57.103  1481  7584 W AudioTrack: getTimestamp() location moved from kernel to server
06-28 17:24:57.238  1389  4034 W audio_hw_generic: Not supplying enough data to HAL, expected position 20749221 , only wrote 20746080
06-28 17:24:57.239  1389  4034 W audio_hw_generic: Not supplying enough data to HAL, expected position 20746097 , only wrote 20746080
06-28 17:24:57.247  1481  7584 W AudioTrack: getTimestamp() location moved from kernel to server
06-28 17:24:57.255  1389  4034 W audio_hw_generic: Not supplying enough data to HAL, expected position 20746862 , only wrote 20746800
06-28 17:24:57.328  1389  4034 W audio_hw_generic: Not supplying enough data to HAL, expected position 20750287 , only wrote 20748240
06-28 17:24:57.376  1473  1580 D AudioFlinger: mixer(0xad583c80) throttle end: throttle time(10)
06-28 17:24:57.495  1389  4034 W audio_hw_generic: Not supplying enough data to HAL, expected position 20756271 , only wrote 20754000
06-28 17:24:57.581  1389  4034 W audio_hw_generic: Not supplying enough data to HAL, expected position 20758117 , only wrote 20754720
06-28 17:24:57.582  1389  4034 W audio_hw_generic: Not supplying enough data to HAL, expected position 20754752 , only wrote 20754720
06-28 17:24:57.588  1473  1580 D AudioFlinger: mixer(0xad583c80) throttle end: throttle time(12)
06-28 17:24:57.604  1389  4034 W audio_hw_generic: Not supplying enough data to HAL, expected position 20755813 , only wrote 20755440
06-28 17:24:57.687  1389  4034 W audio_hw_generic: Not supplying enough data to HAL, expected position 20759411 , only wrote 20759040
06-28 17:24:57.693  1481  7584 W AudioTrack: getTimestamp() location moved from kernel to server
06-28 17:24:57.750  1389  4034 W audio_hw_generic: Not supplying enough data to HAL, expected position 20762037 , only wrote 20761920
06-28 17:24:57.750  1389  4034 W audio_hw_generic: Not supplying enough data to HAL, expected position 20761957 , only wrote 20761920
06-28 17:24:57.821  1389  4034 W audio_hw_generic: Not supplying enough data to HAL, expected position 20765312 , only wrote 20762640
06-28 17:24:57.929  1389  4034 W audio_hw_generic: Not supplying enough data to HAL, expected position 20767826 , only wrote 20767680
06-28 17:24:57.962  1389  4034 W audio_hw_generic: Not supplying enough data to HAL, expected position 20769265 , only wrote 20769120
06-28 17:24:58.000  1389  4034 W audio_hw_generic: Not supplying enough data to HAL, expected position 20770932 , only wrote 20770560
06-28 17:24:58.020  1481  7584 W NuPlayerRenderer: getPendingAudioPlayoutDurationUs: pendingUs -7860 < 0, clamping to zero, potential resume after pause writtenAudioDurationUs: 1326439, audioSinkPlayedUs: 1334299
06-28 17:24:58.061  1389  4034 W audio_hw_generic: Not supplying enough data to HAL, expected position 20773470 , only wrote 20773440
06-28 17:24:58.062  1389  4034 W audio_hw_generic: Not supplying enough data to HAL, expected position 20773497 , only wrote 20773440
06-28 17:24:58.063  1481  7584 W NuPlayerRenderer: getPendingAudioPlayoutDurationUs: pendingUs -28918 < 0, clamping to zero, potential resume after pause writtenAudioDurationUs: 1332244, audioSinkPlayedUs: 1361162
06-28 17:24:58.078  1389  4034 W audio_hw_generic: Not supplying enough data to HAL, expected position 20774218 , only wrote 20774160
06-28 17:24:58.099  1473  1580 D AudioFlinger: mixer(0xad583c80) throttle end: throttle time(6)
06-28 17:24:58.168  1389  4034 W audio_hw_generic: Not supplying enough data to HAL, expected position 20778472 , only wrote 20777040
06-28 17:24:58.168  1389  4034 W audio_hw_generic: Not supplying enough data to HAL, expected position 20777071 , only wrote 20777040
06-28 17:24:58.200  1389  4034 W audio_hw_generic: Not supplying enough data to HAL, expected position 20778563 , only wrote 20777760
06-28 17:24:58.267  1389  4034 W audio_hw_generic: Not supplying enough data to HAL, expected position 20780984 , only wrote 20779200
06-28 17:24:58.357  1389  4034 W audio_hw_generic: Not supplying enough data to HAL, expected position 20783508 , only wrote 20782080
06-28 17:24:58.358  1389  4034 W audio_hw_generic: Not supplying enough data to HAL, expected position 20782127 , only wrote 20782080
06-28 17:24:58.378  1389  4034 W audio_hw_generic: Not supplying enough data to HAL, expected position 20783045 , only wrote 20782800
06-28 17:24:58.413  1473  1580 D AudioFlinger: mixer(0xad583c80) throttle end: throttle time(11)
06-28 17:24:58.414  1389  4034 W audio_hw_generic: Not supplying enough data to HAL, expected position 20784530 , only wrote 20784240
06-28 17:24:58.507  1389  4034 W audio_hw_generic: Not supplying enough data to HAL, expected position 20788673 , only wrote 20787840
06-28 17:24:58.552  1473  1580 D AudioFlinger: mixer(0xad583c80) throttle end: throttle time(6)
06-28 17:24:58.576  1481  7584 W AudioTrack: getTimestamp() location moved from kernel to server
06-28 17:24:58.637  1389  4034 W audio_hw_generic: Not supplying enough data to HAL, expected position 20794120 , only wrote 20793600
06-28 17:24:58.638  1389  4034 W audio_hw_generic: Not supplying enough data to HAL, expected position 20793611 , only wrote 20793600
06-28 17:24:58.700  1389  4034 W audio_hw_generic: Not supplying enough data to HAL, expected position 20796606 , only wrote 20794320
06-28 17:24:58.739  1389  4034 W audio_hw_generic: Not supplying enough data to HAL, expected position 20796160 , only wrote 20795760
06-28 17:24:58.873  1389  4034 W audio_hw_generic: Not supplying enough data to HAL, expected position 20802220 , only wrote 20800080
06-28 17:24:58.874  1389  4034 W audio_hw_generic: Not supplying enough data to HAL, expected position 20800100 , only wrote 20800080
06-28 17:24:58.875  1473  1580 D AudioFlinger: mixer(0xad583c80) throttle end: throttle time(12)
06-28 17:24:58.901  1389  4034 W audio_hw_generic: Not supplying enough data to HAL, expected position 20801383 , only wrote 20800800
06-28 17:24:58.955  1389  4034 W audio_hw_generic: Not supplying enough data to HAL, expected position 20803414 , only wrote 20802240
06-28 17:24:59.007  1389  4034 W audio_hw_generic: Not supplying enough data to HAL, expected position 20804726 , only wrote 20803680
06-28 17:24:59.007  1481  7584 W AudioTrack: getTimestamp() location moved from kernel to server
06-28 17:24:59.011  1473  1580 D AudioFlinger: mixer(0xad583c80) throttle end: throttle time(12)
06-28 17:24:59.090  1389  4034 W audio_hw_generic: Not supplying enough data to HAL, expected position 20807650 , only wrote 20807280
06-28 17:24:59.090  1389  4034 W audio_hw_generic: Not supplying enough data to HAL, expected position 20807300 , only wrote 20807280
06-28 17:24:59.122  1389  4034 W audio_hw_generic: Not supplying enough data to HAL, expected position 20808809 , only wrote 20808000
06-28 17:24:59.225  1389  4034 W audio_hw_generic: Not supplying enough data to HAL, expected position 20812950 , only wrote 20811600
06-28 17:24:59.289  1389  4034 W audio_hw_generic: Not supplying enough data to HAL, expected position 20814665 , only wrote 20814480
06-28 17:24:59.290  1389  4034 W audio_hw_generic: Not supplying enough data to HAL, expected position 20814514 , only wrote 20814480
06-28 17:24:59.343  1389  4034 W audio_hw_generic: Not supplying enough data to HAL, expected position 20817042 , only wrote 20815200
06-28 17:24:59.429  1389  4034 W audio_hw_generic: Not supplying enough data to HAL, expected position 20819325 , only wrote 20818800
06-28 17:24:59.479  1389  4034 W audio_hw_generic: Not supplying enough data to HAL, expected position 20821183 , only wrote 20819520
06-28 17:24:59.480  1389  4034 W audio_hw_generic: Not supplying enough data to HAL, expected position 20819564 , only wrote 20819520
06-28 17:24:59.529  1389  4034 W audio_hw_generic: Not supplying enough data to HAL, expected position 20821843 , only wrote 20820240
06-28 17:24:59.563  1389  4034 W audio_hw_generic: Not supplying enough data to HAL, expected position 20821908 , only wrote 20820960
06-28 17:24:59.563  1389  4034 W audio_hw_generic: Not supplying enough data to HAL, expected position 20820971 , only wrote 20820960
06-28 17:24:59.565  1473  1580 D AudioFlinger: mixer(0xad583c80) throttle end: throttle time(11)
06-28 17:24:59.580  1389  4034 W audio_hw_generic: Not supplying enough data to HAL, expected position 20821768 , only wrote 20821680
06-28 17:24:59.687  1389  4034 W audio_hw_generic: Not supplying enough data to HAL, expected position 20826812 , only wrote 20825280
06-28 17:24:59.688  1389  4034 W audio_hw_generic: Not supplying enough data to HAL, expected position 20825310 , only wrote 20825280
06-28 17:24:59.722  1389  4034 W audio_hw_generic: Not supplying enough data to HAL, expected position 20826934 , only wrote 20826000
06-28 17:24:59.758  1389  4034 W audio_hw_generic: Not supplying enough data to HAL, expected position 20827748 , only wrote 20826720
06-28 17:24:59.759  1389  4034 W audio_hw_generic: Not supplying enough data to HAL, expected position 20826749 , only wrote 20826720
06-28 17:24:59.765  1481  7584 W AudioTrack: getTimestamp() location moved from kernel to server
06-28 17:24:59.775  1389  4034 W audio_hw_generic: Not supplying enough data to HAL, expected position 20827474 , only wrote 20827440
06-28 17:24:59.778  1481  7585 I NuPlayerDecoder: [audio] saw output EOS
06-28 17:24:59.780  1481  7584 D AudioTrack: stop() called with 132300 frames delivered
06-28 17:24:59.886  1389  4034 W audio_hw_generic: Not supplying enough data to HAL, expected position 20832744 , only wrote 20832480
06-28 17:24:59.956  1389  4034 W audio_hw_generic: Not supplying enough data to HAL, expected position 20835862 , only wrote 20833920
06-28 17:25:00.021  1389  4034 W audio_hw_generic: Not supplying enough data to HAL, expected position 20837029 , only wrote 20836800
06-28 17:25:00.021  1389  4034 W audio_hw_generic: Not supplying enough data to HAL, expected position 20836839 , only wrote 20836800
06-28 17:25:00.037  1389  4034 W audio_hw_generic: Not supplying enough data to HAL, expected position 20837554 , only wrote 20837520
06-28 17:25:00.038  1596  1613 E memtrack: Couldn't load memtrack module
06-28 17:25:00.040  1596  1613 W android.os.Debug: failed to get memory consumption info: -1
06-28 17:25:00.191  1473  1580 D AudioFlinger: mixer(0xad583c80) throttle end: throttle time(2)
06-28 17:25:00.192  1389  4034 W audio_hw_generic: Not supplying enough data to HAL, expected position 20844962 , only wrote 20841120
06-28 17:25:00.193  1389  4034 W audio_hw_generic: Not supplying enough data to HAL, expected position 20841173 , only wrote 20841120
06-28 17:25:00.231  1389  4034 W audio_hw_generic: Not supplying enough data to HAL, expected position 20842906 , only wrote 20841840
06-28 17:25:00.330  1481  7580 D NuPlayerDriver: notifyListener_l(0xac0944d0), (2, 0, 0, -1), loop setting(1, 0)
06-28 17:25:00.359  1481  7585 I NuPlayerDecoder: [OMX.google.vorbis.decoder] resubmitting CSD
06-28 17:25:00.362  1481  7585 I NuPlayerDecoder: [OMX.google.vorbis.decoder] resubmitting CSD
06-28 17:25:00.427  1389  4034 W audio_hw_generic: Not supplying enough data to HAL, expected position 20851253 , only wrote 20851200
06-28 17:25:00.427  1389  4034 W audio_hw_generic: Not supplying enough data to HAL, expected position 20851240 , only wrote 20851200
06-28 17:25:00.443  1596  1613 E memtrack: Couldn't load memtrack module
06-28 17:25:00.444  1596  1613 W android.os.Debug: failed to get memory consumption info: -1
06-28 17:25:00.447  1389  4034 W audio_hw_generic: Not supplying enough data to HAL, expected position 20852137 , only wrote 20851920
06-28 17:25:00.467  1481  7580 D NuPlayerDriver: notifyListener_l(0xac0944d0), (6, 0, 0, -1), loop setting(1, 0)
06-28 17:25:00.574  1389  4034 W audio_hw_generic: Not supplying enough data to HAL, expected position 20858010 , only wrote 20857680
06-28 17:25:00.609  1473  1580 D AudioFlinger: mixer(0xad583c80) throttle end: throttle time(9)
06-28 17:25:00.643  1596  1613 E memtrack: Couldn't load memtrack module
06-28 17:25:00.643  1596  1613 W android.os.Debug: failed to get memory consumption info: -1
06-28 17:25:00.684  1481  7584 W AudioTrack: getTimestamp() location moved from kernel to server
06-28 17:25:00.712  1389  4034 W audio_hw_generic: Not supplying enough data to HAL, expected position 20864290 , only wrote 20864160
06-28 17:25:00.849  1389  4034 W audio_hw_generic: Not supplying enough data to HAL, expected position 20870744 , only wrote 20868480
06-28 17:25:00.849  1389  4034 W audio_hw_generic: Not supplying enough data to HAL, expected position 20868507 , only wrote 20868480
06-28 17:25:00.877  1389  4034 W audio_hw_generic: Not supplying enough data to HAL, expected position 20869814 , only wrote 20869200
06-28 17:25:00.920  1389  4034 W audio_hw_generic: Not supplying enough data to HAL, expected position 20871279 , only wrote 20870640
06-28 17:25:01.036  1389  4034 W audio_hw_generic: Not supplying enough data to HAL, expected position 20876194 , only wrote 20874960
06-28 17:25:01.067  1389  4034 W audio_hw_generic: Not supplying enough data to HAL, expected position 20876453 , only wrote 20876400
06-28 17:25:01.133  1389  4034 W audio_hw_generic: Not supplying enough data to HAL, expected position 20879556 , only wrote 20879280
06-28 17:25:01.134  1389  4034 W audio_hw_generic: Not supplying enough data to HAL, expected position 20879312 , only wrote 20879280
06-28 17:25:01.177  1389  4034 W audio_hw_generic: Not supplying enough data to HAL, expected position 20881377 , only wrote 20880000
06-28 17:25:01.181  1481  7584 W AudioTrack: getTimestamp() location moved from kernel to server
06-28 17:25:01.268  1389  4034 W audio_hw_generic: Not supplying enough data to HAL, expected position 20884333 , only wrote 20883600
06-28 17:25:01.300  1389  4034 W audio_hw_generic: Not supplying enough data to HAL, expected position 20885171 , only wrote 20885040
06-28 17:25:01.391  1389  4034 W audio_hw_generic: Not supplying enough data to HAL, expected position 20889400 , only wrote 20888640
06-28 17:25:01.392  1389  4034 W audio_hw_generic: Not supplying enough data to HAL, expected position 20888659 , only wrote 20888640
06-28 17:25:01.430  1473  1580 D AudioFlinger: mixer(0xad583c80) throttle end: throttle time(12)
06-28 17:25:01.453  1389  4034 W audio_hw_generic: Not supplying enough data to HAL, expected position 20891572 , only wrote 20889360
06-28 17:25:01.461  1481  7584 W AudioTrack: getTimestamp() location moved from kernel to server
06-28 17:25:01.571  1389  4034 W audio_hw_generic: Not supplying enough data to HAL, expected position 20895043 , only wrote 20894400
06-28 17:25:01.692  1389  4034 W audio_hw_generic: Not supplying enough data to HAL, expected position 20900202 , only wrote 20900160
06-28 17:25:01.694  1389  4034 W audio_hw_generic: Not supplying enough data to HAL, expected position 20900247 , only wrote 20900160
06-28 17:25:01.779  1389  4034 W audio_hw_generic: Not supplying enough data to HAL, expected position 20904227 , only wrote 20900880
06-28 17:25:01.802  1473  1580 D AudioFlinger: mixer(0xad583c80) throttle end: throttle time(12)
06-28 17:25:01.830  1481  7584 W AudioTrack: getTimestamp() location moved from kernel to server
06-28 17:25:01.868  1389  4034 W audio_hw_generic: Not supplying enough data to HAL, expected position 20905185 , only wrote 20904480
06-28 17:25:02.020  1389  4034 W audio_hw_generic: Not supplying enough data to HAL, expected position 20911760 , only wrote 20911680
06-28 17:25:02.021  1389  4034 W audio_hw_generic: Not supplying enough data to HAL, expected position 20911715 , only wrote 20911680
06-28 17:25:02.061  1389  4034 W audio_hw_generic: Not supplying enough data to HAL, expected position 20913622 , only wrote 20913120
06-28 17:25:02.091  1389  4034 W audio_hw_generic: Not supplying enough data to HAL, expected position 20914571 , only wrote 20914560
06-28 17:25:02.169  1389  4034 W audio_hw_generic: Not supplying enough data to HAL, expected position 20918303 , only wrote 20918160
06-28 17:25:02.232  1389  4034 W audio_hw_generic: Not supplying enough data to HAL, expected position 20921139 , only wrote 20921040
06-28 17:25:02.232  1389  4034 W audio_hw_generic: Not supplying enough data to HAL, expected position 20921057 , only wrote 20921040
06-28 17:25:02.257  1481  7584 W AudioTrack: getTimestamp() location moved from kernel to server
06-28 17:25:02.258  1389  4034 W audio_hw_generic: Not supplying enough data to HAL, expected position 20922292 , only wrote 20921760
06-28 17:25:02.410  1389  4034 W audio_hw_generic: Not supplying enough data to HAL, expected position 20929052 , only wrote 20927520
06-28 17:25:02.411  1389  4034 W audio_hw_generic: Not supplying enough data to HAL, expected position 20927560 , only wrote 20927520
06-28 17:25:02.414  1473  1580 D AudioFlinger: mixer(0xad583c80) throttle end: throttle time(12)
06-28 17:25:02.481  1389  4034 W audio_hw_generic: Not supplying enough data to HAL, expected position 20930868 , only wrote 20928240
06-28 17:25:02.524  1389  4034 W audio_hw_generic: Not supplying enough data to HAL, expected position 20930319 , only wrote 20929680
06-28 17:25:02.572  1481  7584 W AudioTrack: getTimestamp() location moved from kernel to server
06-28 17:25:02.638  1389  4034 W audio_hw_generic: Not supplying enough data to HAL, expected position 20935182 , only wrote 20932560
06-28 17:25:02.640  1389  4034 W audio_hw_generic: Not supplying enough data to HAL, expected position 20932616 , only wrote 20932560
06-28 17:25:02.671  1389  4034 W audio_hw_generic: Not supplying enough data to HAL, expected position 20934054 , only wrote 20933280
06-28 17:25:02.702  1389  4034 W audio_hw_generic: Not supplying enough data to HAL, expected position 20934783 , only wrote 20934720
06-28 17:25:02.882  1389  4034 W audio_hw_generic: Not supplying enough data to HAL, expected position 20943345 , only wrote 20939760
06-28 17:25:02.882  1389  4034 W audio_hw_generic: Not supplying enough data to HAL, expected position 20939781 , only wrote 20939760
06-28 17:25:02.953  1389  4034 W audio_hw_generic: Not supplying enough data to HAL, expected position 20943162 , only wrote 20940480
06-28 17:25:02.956  1473  1580 D AudioFlinger: mixer(0xad583c80) throttle end: throttle time(12)
06-28 17:25:03.028  1389  4034 W audio_hw_generic: Not supplying enough data to HAL, expected position 20944092 , only wrote 20943360
06-28 17:25:03.029  1389  4034 W audio_hw_generic: Not supplying enough data to HAL, expected position 20943376 , only wrote 20943360
06-28 17:25:03.046  1389  4034 W audio_hw_generic: Not supplying enough data to HAL, expected position 20944179 , only wrote 20944080
06-28 17:25:03.084  1389  4034 W audio_hw_generic: Not supplying enough data to HAL, expected position 20945926 , only wrote 20945520
06-28 17:25:03.177  1389  4034 W audio_hw_generic: Not supplying enough data to HAL, expected position 20949949 , only wrote 20946960
06-28 17:25:03.226  1473  1580 D AudioFlinger: mixer(0xad583c80) throttle end: throttle time(12)
06-28 17:25:03.241  1389  4034 W audio_hw_generic: Not supplying enough data to HAL, expected position 20950045 , only wrote 20949840
06-28 17:25:03.242  1389  4034 W audio_hw_generic: Not supplying enough data to HAL, expected position 20949875 , only wrote 20949840
06-28 17:25:03.264  1389  4034 W audio_hw_generic: Not supplying enough data to HAL, expected position 20950901 , only wrote 20950560
06-28 17:25:03.324  1389  4034 W audio_hw_generic: Not supplying enough data to HAL, expected position 20953443 , only wrote 20953440
06-28 17:25:03.342  1389  4034 W audio_hw_generic: Not supplying enough data to HAL, expected position 20954329 , only wrote 20954160
06-28 17:25:03.434  1389  4034 W audio_hw_generic: Not supplying enough data to HAL, expected position 20958549 , only wrote 20955600
06-28 17:25:03.464  1389  4034 W audio_hw_generic: Not supplying enough data to HAL, expected position 20957061 , only wrote 20957040
06-28 17:25:03.499  1389  4034 W audio_hw_generic: Not supplying enough data to HAL, expected position 20958719 , only wrote 20958480
06-28 17:25:03.576  1389  4034 W audio_hw_generic: Not supplying enough data to HAL, expected position 20962175 , only wrote 20961360
06-28 17:25:03.577  1389  4034 W audio_hw_generic: Not supplying enough data to HAL, expected position 20961380 , only wrote 20961360
06-28 17:25:03.621  1473  1580 D AudioFlinger: mixer(0xad583c80) throttle end: throttle time(12)
06-28 17:25:03.652  1389  4034 W audio_hw_generic: Not supplying enough data to HAL, expected position 20964981 , only wrote 20962080
06-28 17:25:03.733  1389  4034 W audio_hw_generic: Not supplying enough data to HAL, expected position 20965979 , only wrote 20965680
06-28 17:25:03.734  1389  4034 W audio_hw_generic: Not supplying enough data to HAL, expected position 20965715 , only wrote 20965680
06-28 17:25:03.760  1389  4034 W audio_hw_generic: Not supplying enough data to HAL, expected position 20966932 , only wrote 20966400
06-28 17:25:03.844  1473  1580 D AudioFlinger: mixer(0xad583c80) throttle end: throttle time(12)
06-28 17:25:03.845  1389  4034 W audio_hw_generic: Not supplying enough data to HAL, expected position 20970482 , only wrote 20969280
06-28 17:25:03.846  1389  4034 W audio_hw_generic: Not supplying enough data to HAL, expected position 20969317 , only wrote 20969280
06-28 17:25:03.882  1473  1580 D AudioFlinger: mixer(0xad583c80) throttle end: throttle time(12)
06-28 17:25:03.883  1389  4034 W audio_hw_generic: Not supplying enough data to HAL, expected position 20971079 , only wrote 20970000
06-28 17:25:03.932  1389  4034 W audio_hw_generic: Not supplying enough data to HAL, expected position 20972346 , only wrote 20971440
06-28 17:25:03.996  1389  4034 W audio_hw_generic: Not supplying enough data to HAL, expected position 20974497 , only wrote 20972880
06-28 17:25:04.067  1473  1580 D AudioFlinger: mixer(0xad583c80) throttle end: throttle time(12)
06-28 17:25:04.067  1389  4034 W audio_hw_generic: Not supplying enough data to HAL, expected position 20976285 , only wrote 20974320
06-28 17:25:04.069  1481  7584 W AudioTrack: getTimestamp() location moved from kernel to server
06-28 17:25:04.102  1481  7585 I NuPlayerDecoder: [audio] saw output EOS
06-28 17:25:04.111  1481  7584 D AudioTrack: stop() called with 132300 frames delivered
06-28 17:25:04.165  1389  4034 W audio_hw_generic: Not supplying enough data to HAL, expected position 20979018 , only wrote 20978640
06-28 17:25:04.197  1473  1580 D AudioFlinger: mixer(0xad583c80) throttle end: throttle time(12)
06-28 17:25:04.197  1389  4034 W audio_hw_generic: Not supplying enough data to HAL, expected position 20980183 , only wrote 20978640
06-28 17:25:04.255  1389  4034 W audio_hw_generic: Not supplying enough data to HAL, expected position 20981425 , only wrote 20979360
06-28 17:25:04.277  1389  4034 W audio_hw_generic: Not supplying enough data to HAL, expected position 20980322 , only wrote 20980080
06-28 17:25:04.277  1389  4034 W audio_hw_generic: Not supplying enough data to HAL, expected position 20980183 , only wrote 20980080
06-28 17:25:04.316  1389  4034 W audio_hw_generic: Not supplying enough data to HAL, expected position 20981929 , only wrote 20980800
06-28 17:25:04.407  1389  4034 W audio_hw_generic: Not supplying enough data to HAL, expected position 20985195 , only wrote 20982960
06-28 17:25:04.408  1389  4034 W audio_hw_generic: Not supplying enough data to HAL, expected position 20982969 , only wrote 20982960
06-28 17:25:04.441  1389  4034 W audio_hw_generic: Not supplying enough data to HAL, expected position 20984557 , only wrote 20983680
06-28 17:25:04.467  1473  1580 D AudioFlinger: mixer(0xad583c80) throttle end: throttle time(11)
06-28 17:25:04.571  1389  4034 W audio_hw_generic: Not supplying enough data to HAL, expected position 20989128 , only wrote 20988720
06-28 17:25:04.573  1389  4034 W audio_hw_generic: Not supplying enough data to HAL, expected position 20989605 , only wrote 20989440
06-28 17:25:04.573  1389  4034 W audio_hw_generic: Not supplying enough data to HAL, expected position 20989449 , only wrote 20989440
06-28 17:25:04.620  1389  4034 W audio_hw_generic: Not supplying enough data to HAL, expected position 20991695 , only wrote 20990160
06-28 17:25:04.621  1473  1580 D AudioFlinger: mixer(0xad583c80) throttle end: throttle time(12)
06-28 17:25:04.624  1481  7580 D NuPlayerDriver: notifyListener_l(0xac0944d0), (2, 0, 0, -1), loop setting(1, 0)
06-28 17:25:04.685  1389  4034 W audio_hw_generic: Not supplying enough data to HAL, expected position 20993260 , only wrote 20993040
06-28 17:25:04.698  1389  4034 W audio_hw_generic: Not supplying enough data to HAL, expected position 20993693 , only wrote 20993040
06-28 17:25:04.702  1481  7585 I NuPlayerDecoder: [OMX.google.vorbis.decoder] resubmitting CSD
06-28 17:25:04.704  1481  7585 I NuPlayerDecoder: [OMX.google.vorbis.decoder] resubmitting CSD
06-28 17:25:04.715  1389  4034 W audio_hw_generic: Not supplying enough data to HAL, expected position 20993836 , only wrote 20993760
06-28 17:25:04.735  1481  7580 D NuPlayerDriver: notifyListener_l(0xac0944d0), (6, 0, 0, -1), loop setting(1, 0)
06-28 17:25:04.776  1481  7584 W AudioTrack: getTimestamp() location moved from kernel to server
06-28 17:25:04.776  1481  7584 W NuPlayerRenderer: getPendingAudioPlayoutDurationUs: pendingUs -12185 < 0, clamping to zero, potential resume after pause writtenAudioDurationUs: 11609, audioSinkPlayedUs: 23794
06-28 17:25:04.840  1389  4034 W audio_hw_generic: Not supplying enough data to HAL, expected position 20999779 , only wrote 20998800
06-28 17:25:04.880  1389  4034 W audio_hw_generic: Not supplying enough data to HAL, expected position 21000704 , only wrote 20998800
06-28 17:25:04.906  1389  4034 W audio_hw_generic: Not supplying enough data to HAL, expected position 21000048 , only wrote 20999520
06-28 17:25:04.910  1481  7584 W AudioTrack: retrograde timestamp position corrected, -96 = 160 - 256
06-28 17:25:04.911  1481  7584 W NuPlayerRenderer: getPendingAudioPlayoutDurationUs: pendingUs -58689 < 0, clamping to zero, potential resume after pause writtenAudioDurationUs: 17414, audioSinkPlayedUs: 76103
06-28 17:25:04.973  1389  4034 W audio_hw_generic: Not supplying enough data to HAL, expected position 21002721 , only wrote 21002400
06-28 17:25:05.118  1389  4034 W audio_hw_generic: Not supplying enough data to HAL, expected position 21009391 , only wrote 21008880
06-28 17:25:05.121  1481  7584 W AudioTrack: getTimestamp() location moved from kernel to server
06-28 17:25:05.209  1389  4034 W audio_hw_generic: Not supplying enough data to HAL, expected position 21013215 , only wrote 21013200
06-28 17:25:05.209  1389  4034 W audio_hw_generic: Not supplying enough data to HAL, expected position 21013225 , only wrote 21013200
06-28 17:25:05.211  1481  7584 W AudioTrack: getTimestamp() location moved from kernel to server
06-28 17:25:05.237  1389  4034 W audio_hw_generic: Not supplying enough data to HAL, expected position 21014554 , only wrote 21013920
06-28 17:25:05.285  1389  4034 W audio_hw_generic: Not supplying enough data to HAL, expected position 21016205 , only wrote 21014640
06-28 17:25:05.285  1389  4034 W audio_hw_generic: Not supplying enough data to HAL, expected position 21014653 , only wrote 21014640
06-28 17:25:05.289  1481  7584 W AudioTrack: getTimestamp() location moved from kernel to server
06-28 17:25:05.301  1389  4034 W audio_hw_generic: Not supplying enough data to HAL, expected position 21015413 , only wrote 21015360
06-28 17:25:05.429  1389  4034 W audio_hw_generic: Not supplying enough data to HAL, expected position 21021513 , only wrote 21021120
06-28 17:25:05.431  1389  4034 W audio_hw_generic: Not supplying enough data to HAL, expected position 21021198 , only wrote 21021120
06-28 17:25:05.447  1389  4034 W audio_hw_generic: Not supplying enough data to HAL, expected position 21021897 , only wrote 21021840
06-28 17:25:05.475  1473  1580 D AudioFlinger: mixer(0xad583c80) throttle end: throttle time(1)
06-28 17:25:05.471  1481  7584 W AudioTrack: getTimestamp() location moved from kernel to server
06-28 17:25:05.531  1596  1617 I WifiService: requestActivityInfo uid=1000
06-28 17:25:05.531  1596  1617 I WifiService: reportActivityInfo uid=1000
06-28 17:25:05.531  1596  1617 I WifiService: getSupportedFeatures uid=1000
06-28 17:25:05.554  1389  4034 W audio_hw_generic: Not supplying enough data to HAL, expected position 21026973 , only wrote 21026160
06-28 17:25:05.672  1481  7584 W AudioTrack: getTimestamp() location moved from kernel to server
06-28 17:25:05.738  1389  4034 W audio_hw_generic: Not supplying enough data to HAL, expected position 21034971 , only wrote 21034080
06-28 17:25:05.739  1389  4034 W audio_hw_generic: Not supplying enough data to HAL, expected position 21034130 , only wrote 21034080
06-28 17:25:05.755  1389  4034 W audio_hw_generic: Not supplying enough data to HAL, expected position 21034867 , only wrote 21034800
06-28 17:25:05.773  1473  1580 D AudioFlinger: mixer(0xad583c80) throttle end: throttle time(12)
06-28 17:25:05.836  1473  1580 D AudioFlinger: mixer(0xad583c80) throttle end: throttle time(12)
06-28 17:25:05.920  1389  4034 W audio_hw_generic: Not supplying enough data to HAL, expected position 21042731 , only wrote 21042000
06-28 17:25:05.927  1389  4034 W audio_hw_generic: Not supplying enough data to HAL, expected position 21042332 , only wrote 21042000
06-28 17:25:05.949  1389  4034 W audio_hw_generic: Not supplying enough data to HAL, expected position 21043056 , only wrote 21042720
06-28 17:25:05.980  1473  1580 D AudioFlinger: mixer(0xad583c80) throttle end: throttle time(12)
06-28 17:25:05.990  1389  4034 W audio_hw_generic: Not supplying enough data to HAL, expected position 21044664 , only wrote 21044160
06-28 17:25:06.015  1473  1580 D AudioFlinger: mixer(0xad583c80) throttle end: throttle time(12)
06-28 17:25:06.081  1389  4034 W audio_hw_generic: Not supplying enough data to HAL, expected position 21048509 , only wrote 21047760
06-28 17:25:06.112  1389  4034 W audio_hw_generic: Not supplying enough data to HAL, expected position 21049228 , only wrote 21049200
06-28 17:25:06.198  1389  4034 W audio_hw_generic: Not supplying enough data to HAL, expected position 21053353 , only wrote 21052080
06-28 17:25:06.198  1389  4034 W audio_hw_generic: Not supplying enough data to HAL, expected position 21052113 , only wrote 21052080
06-28 17:25:06.256  1389  4034 W audio_hw_generic: Not supplying enough data to HAL, expected position 21054833 , only wrote 21052800
06-28 17:25:06.305  1389  4034 W audio_hw_generic: Not supplying enough data to HAL, expected position 21055174 , only wrote 21054960
06-28 17:25:06.321  1389  4034 W audio_hw_generic: Not supplying enough data to HAL, expected position 21055704 , only wrote 21055680
06-28 17:25:06.347  1389  4034 W audio_hw_generic: Not supplying enough data to HAL, expected position 21056954 , only wrote 21056400
06-28 17:25:06.348  1389  4034 W audio_hw_generic: Not supplying enough data to HAL, expected position 21056439 , only wrote 21056400
06-28 17:25:06.378  1389  4034 W audio_hw_generic: Not supplying enough data to HAL, expected position 21057821 , only wrote 21057120
06-28 17:25:06.434  1389  4034 W audio_hw_generic: Not supplying enough data to HAL, expected position 21059845 , only wrote 21059280
06-28 17:25:06.479  1389  4034 W audio_hw_generic: Not supplying enough data to HAL, expected position 21061411 , only wrote 21059280
06-28 17:25:06.581  1389  4034 W audio_hw_generic: Not supplying enough data to HAL, expected position 21064195 , only wrote 21063600
06-28 17:25:06.746  1596  3033 I WifiService: acquireWifiLock uid=10014 lockMode=2
06-28 17:25:06.766  1596  1613 E memtrack: Couldn't load memtrack module
06-28 17:25:06.766  1596  1613 W android.os.Debug: failed to get memory consumption info: -1
06-28 17:25:06.851  1389  4034 W audio_hw_generic: Not supplying enough data to HAL, expected position 21076567 , only wrote 21076560
06-28 17:25:06.870  1389  4034 W audio_hw_generic: Not supplying enough data to HAL, expected position 21077434 , only wrote 21077280
06-28 17:25:06.936  1389  4034 W audio_hw_generic: Not supplying enough data to HAL, expected position 21080450 , only wrote 21080160
