07-02 17:44:18.399  1604  1853 I WifiService: releaseWifiLock uid=10014
07-02 17:44:18.530  1970  1970 I GeofencerStateMachine: sendNewTransitions called.
07-02 17:44:19.928 26911 26921 I zygote  : Background concurrent copying GC freed 433576(9MB) AllocSpace objects, 0(0B) LOS objects, 13% free, 40MB/46MB, paused 4.900ms total 372.441ms
07-02 17:44:21.862 26911 26921 I zygote  : Background concurrent copying GC freed 302574(6MB) AllocSpace objects, 0(0B) LOS objects, 12% free, 42MB/48MB, paused 1.700ms total 447.908ms
07-02 17:44:23.790  1604  1621 I WifiService: requestActivityInfo uid=1000
07-02 17:44:23.790  1604  1621 I WifiService: reportActivityInfo uid=1000
07-02 17:44:23.790  1604  1621 I WifiService: getSupportedFeatures uid=1000
07-02 17:44:24.149 26911 26921 I zygote  : Background concurrent copying GC freed 429752(9MB) AllocSpace objects, 0(0B) LOS objects, 12% free, 42MB/48MB, paused 3.646ms total 533.940ms
07-02 17:44:25.956 26911 26921 I zygote  : Background concurrent copying GC freed 414051(9MB) AllocSpace objects, 0(0B) LOS objects, 12% free, 40MB/46MB, paused 2.006ms total 398.848ms
07-02 17:44:28.033 26911 26921 I zygote  : Background concurrent copying GC freed 328103(7MB) AllocSpace objects, 0(0B) LOS objects, 12% free, 41MB/47MB, paused 2.403ms total 514.144ms
07-02 17:44:30.022 26911 26921 I zygote  : Background concurrent copying GC freed 354112(7MB) AllocSpace objects, 0(0B) LOS objects, 12% free, 40MB/46MB, paused 1.183ms total 475.338ms
07-02 17:44:31.489 26911 26911 D net.osmand: DayNightHelper Sunrise/sunset setting to day: true
07-02 17:44:31.866 26911 26921 I zygote  : Background concurrent copying GC freed 317147(6MB) AllocSpace objects, 0(0B) LOS objects, 12% free, 43MB/49MB, paused 2.728ms total 546.967ms
07-02 17:44:34.204 26911 26921 I zygote  : Background concurrent copying GC freed 470342(10MB) AllocSpace objects, 0(0B) LOS objects, 12% free, 41MB/47MB, paused 3.480ms total 550.660ms
07-02 17:44:34.270  1410  1410 I boot-pipe: done populating /dev/random
07-02 17:44:35.387  1604  4621 I WifiService: acquireWifiLock uid=10014 lockMode=2
07-02 17:44:35.436  1604  4621 I WifiService: releaseWifiLock uid=10014
07-02 17:44:35.746 26911 26921 I zygote  : Background concurrent copying GC freed 370083(8MB) AllocSpace objects, 0(0B) LOS objects, 12% free, 41MB/47MB, paused 948us total 491.688ms
07-02 17:44:38.175 26911 26921 I zygote  : Background concurrent copying GC freed 382532(8MB) AllocSpace objects, 0(0B) LOS objects, 12% free, 42MB/48MB, paused 2.952ms total 573.648ms
07-02 17:44:38.784  1970  1980 I zygote  : Background concurrent copying GC freed 116780(4MB) AllocSpace objects, 0(0B) LOS objects, 40% free, 8MB/14MB, paused 5.814ms total 247.741ms
07-02 17:44:39.466 26911 26921 I zygote  : Background concurrent copying GC freed 406412(9MB) AllocSpace objects, 0(0B) LOS objects, 13% free, 39MB/45MB, paused 1.268ms total 326.395ms
07-02 17:44:40.967 26911 26921 I zygote  : Background concurrent copying GC freed 307059(6MB) AllocSpace objects, 0(0B) LOS objects, 13% free, 39MB/45MB, paused 4.297ms total 368.125ms
07-02 17:44:43.111 26911 26921 I zygote  : Background concurrent copying GC freed 271583(6MB) AllocSpace objects, 0(0B) LOS objects, 12% free, 41MB/47MB, paused 1.928ms total 450.410ms
07-02 17:44:44.916 26911 26921 I zygote  : Background concurrent copying GC freed 363483(8MB) AllocSpace objects, 0(0B) LOS objects, 12% free, 40MB/46MB, paused 1.174ms total 341.531ms
07-02 17:44:46.967 26911 26921 I zygote  : Background concurrent copying GC freed 318039(7MB) AllocSpace objects, 0(0B) LOS objects, 12% free, 42MB/48MB, paused 1.355ms total 490.819ms
07-02 17:44:48.556  1970  1970 I GeofencerStateMachine: sendNewTransitions called.
07-02 17:44:49.179 26911 26921 I zygote  : Background concurrent copying GC freed 422548(9MB) AllocSpace objects, 0(0B) LOS objects, 12% free, 41MB/47MB, paused 1.294ms total 532.031ms
07-02 17:44:50.861 26911 26921 I zygote  : Background concurrent copying GC freed 367580(8MB) AllocSpace objects, 0(0B) LOS objects, 12% free, 41MB/47MB, paused 6.028ms total 503.984ms
07-02 17:44:53.185 26911 26921 I zygote  : Background concurrent copying GC freed 367164(8MB) AllocSpace objects, 0(0B) LOS objects, 12% free, 42MB/48MB, paused 1.723ms total 553.775ms
07-02 17:44:54.995 26911 26921 I zygote  : Background concurrent copying GC freed 422000(9MB) AllocSpace objects, 0(0B) LOS objects, 12% free, 40MB/46MB, paused 2.741ms total 406.194ms
07-02 17:44:55.394  1604  7927 I WifiService: acquireWifiLock uid=10014 lockMode=2
07-02 17:44:55.401  1604  1617 E memtrack: Couldn't load memtrack module
07-02 17:44:55.402  1604  1617 W android.os.Debug: failed to get memory consumption info: -1
07-02 17:44:56.051 26911 26921 I zygote  : Background concurrent copying GC freed 314117(6MB) AllocSpace objects, 0(0B) LOS objects, 13% free, 39MB/45MB, paused 1.208ms total 355.848ms
07-02 17:44:58.169 26911 26921 I zygote  : Background concurrent copying GC freed 279517(6MB) AllocSpace objects, 0(0B) LOS objects, 12% free, 41MB/47MB, paused 1.055ms total 406.209ms
07-02 17:44:58.409  1604  1853 D WificondControl: Scan result ready event
07-02 17:44:58.457  1604  7927 I WifiService: releaseWifiLock uid=10014
07-02 17:45:00.034 26911 26921 I zygote  : Background concurrent copying GC freed 366866(8MB) AllocSpace objects, 0(0B) LOS objects, 13% free, 40MB/46MB, paused 3.790ms total 446.911ms
07-02 17:45:01.945  1604  1621 I WifiService: requestActivityInfo uid=1000
07-02 17:45:01.945  1604  1621 I WifiService: reportActivityInfo uid=1000
07-02 17:45:01.945  1604  1621 I WifiService: getSupportedFeatures uid=1000
07-02 17:45:01.984 26911 26921 I zygote  : Background concurrent copying GC freed 299722(6MB) AllocSpace objects, 0(0B) LOS objects, 12% free, 40MB/46MB, paused 3.165ms total 467.429ms
07-02 17:45:04.014 26911 26921 I zygote  : Background concurrent copying GC freed 317343(6MB) AllocSpace objects, 0(0B) LOS objects, 12% free, 40MB/46MB, paused 1.315ms total 437.624ms
07-02 17:45:05.684 26911 26921 I zygote  : Background concurrent copying GC freed 353706(7MB) AllocSpace objects, 0(0B) LOS objects, 12% free, 41MB/47MB, paused 1.264ms total 415.416ms
07-02 17:45:06.994 26911 26921 I zygote  : Background concurrent copying GC freed 381953(8MB) AllocSpace objects, 0(0B) LOS objects, 13% free, 39MB/45MB, paused 1.535ms total 325.187ms
07-02 17:45:09.288 26911 26921 I zygote  : Background concurrent copying GC freed 278721(6MB) AllocSpace objects, 0(0B) LOS objects, 12% free, 41MB/47MB, paused 2.250ms total 396.523ms
07-02 17:45:10.949 26911 26921 I zygote  : Background concurrent copying GC freed 352567(7MB) AllocSpace objects, 0(0B) LOS objects, 12% free, 40MB/46MB, paused 1.150ms total 370.957ms
07-02 17:45:11.952  1604  1621 E BatteryExternalStatsWorker: modem info is invalid: ModemActivityInfo{ mTimestamp=0 mSleepTimeMs=0 mIdleTimeMs=0 mTxTimeMs[]=[0, 0, 0, 0, 0] mRxTimeMs=0 mEnergyUsed=0}
07-02 17:45:12.960 26911 26921 I zygote  : Background concurrent copying GC freed 310074(6MB) AllocSpace objects, 0(0B) LOS objects, 12% free, 40MB/46MB, paused 3.159ms total 391.134ms
07-02 17:45:14.954 26911 26921 I zygote  : Background concurrent copying GC freed 321156(7MB) AllocSpace objects, 0(0B) LOS objects, 12% free, 40MB/46MB, paused 3.630ms total 363.635ms
07-02 17:45:16.446  1604  4621 I WifiService: acquireWifiLock uid=10014 lockMode=2
07-02 17:45:16.587  1604  1854 I WifiService: releaseWifiLock uid=10014
07-02 17:45:16.951  1604  1621 I WifiService: requestActivityInfo uid=1000
07-02 17:45:16.951  1604  1621 I WifiService: reportActivityInfo uid=1000
07-02 17:45:16.951  1604  1621 I WifiService: getSupportedFeatures uid=1000
07-02 17:45:17.020 26911 26921 I zygote  : Background concurrent copying GC freed 311181(6MB) AllocSpace objects, 0(0B) LOS objects, 12% free, 42MB/48MB, paused 2.117ms total 643.442ms
07-02 17:45:17.225  1604  1613 I zygote  : Background concurrent copying GC freed 54829(2MB) AllocSpace objects, 0(0B) LOS objects, 10% free, 49MB/55MB, paused 7.761ms total 670.204ms
07-02 17:45:18.557  1970  1970 I GeofencerStateMachine: sendNewTransitions called.
07-02 17:45:19.159 26911 26921 I zygote  : Background concurrent copying GC freed 419743(9MB) AllocSpace objects, 0(0B) LOS objects, 12% free, 40MB/46MB, paused 4.157ms total 410.014ms
07-02 17:45:20.935 26911 26921 I zygote  : Background concurrent copying GC freed 317365(7MB) AllocSpace objects, 0(0B) LOS objects, 12% free, 40MB/46MB, paused 1.195ms total 355.660ms
07-02 17:45:22.868 26911 26921 I zygote  : Background concurrent copying GC freed 315217(6MB) AllocSpace objects, 0(0B) LOS objects, 12% free, 43MB/49MB, paused 1.161ms total 495.312ms
07-02 17:45:25.189 26911 26921 I zygote  : Background concurrent copying GC freed 477020(10MB) AllocSpace objects, 0(0B) LOS objects, 12% free, 42MB/48MB, paused 1.883ms total 527.611ms
07-02 17:45:26.466 20345 20362 I Finsky  : [779] imb.run(3): Stats for Executor: BlockingExecutor ink@ee2e429[Running, pool size = 0, active threads = 0, queued tasks = 0, completed tasks = 13]
07-02 17:45:26.468 20345 20362 I Finsky  : [779] imb.run(3): Stats for Executor: LightweightExecutor ink@8d5d3ae[Running, pool size = 2, active threads = 0, queued tasks = 0, completed tasks = 65]
07-02 17:45:26.950 26911 26921 I zygote  : Background concurrent copying GC freed 419438(9MB) AllocSpace objects, 0(0B) LOS objects, 12% free, 40MB/46MB, paused 1.999ms total 369.424ms
07-02 17:45:27.519 20345 20362 I Finsky  : [779] imb.run(3): Stats for Executor: bgExecutor ink@1e554f[Running, pool size = 4, active threads = 0, queued tasks = 0, completed tasks = 130]
07-02 17:45:28.989 26911 26921 I zygote  : Background concurrent copying GC freed 309206(6MB) AllocSpace objects, 0(0B) LOS objects, 12% free, 42MB/48MB, paused 3.145ms total 464.554ms
07-02 17:45:31.131 26911 26921 I zygote  : Background concurrent copying GC freed 425884(9MB) AllocSpace objects, 0(0B) LOS objects, 12% free, 42MB/48MB, paused 1.158ms total 533.695ms
07-02 17:45:31.550 26911 26911 D net.osmand: DayNightHelper Sunrise/sunset setting to day: true
07-02 17:45:32.953 26911 26921 I zygote  : Background concurrent copying GC freed 420684(9MB) AllocSpace objects, 0(0B) LOS objects, 12% free, 40MB/46MB, paused 1.205ms total 363.021ms
07-02 17:45:33.993 26911 26921 I zygote  : Background concurrent copying GC freed 315274(6MB) AllocSpace objects, 0(0B) LOS objects, 13% free, 39MB/45MB, paused 1.459ms total 333.155ms
07-02 17:45:34.272  1410  1410 I boot-pipe: done populating /dev/random
07-02 17:45:36.259 26911 26921 I zygote  : Background concurrent copying GC freed 281546(6MB) AllocSpace objects, 0(0B) LOS objects, 13% free, 40MB/46MB, paused 2.620ms total 340.603ms
07-02 17:45:36.458  1604  4621 I WifiService: acquireWifiLock uid=10014 lockMode=2
07-02 17:45:36.467  1604  1617 E memtrack: Couldn't load memtrack module
07-02 17:45:36.467  1604  1617 W android.os.Debug: failed to get memory consumption info: -1
07-02 17:45:36.539  1604  1617 E memtrack: Couldn't load memtrack module
07-02 17:45:36.539  1604  1617 W android.os.Debug: failed to get memory consumption info: -1
07-02 17:45:37.976 26911 26921 I zygote  : Background concurrent copying GC freed 299478(6MB) AllocSpace objects, 0(0B) LOS objects, 12% free, 40MB/46MB, paused 1.352ms total 364.492ms
07-02 17:45:38.984 26911 26921 I zygote  : Background concurrent copying GC freed 309738(6MB) AllocSpace objects, 0(0B) LOS objects, 13% free, 39MB/45MB, paused 1.031ms total 325.870ms
07-02 17:45:39.439  1604  4218 D WificondControl: Scan result ready event
07-02 17:45:39.539  1604  7927 I WifiService: releaseWifiLock uid=10014
07-02 17:45:41.163 26911 26921 I zygote  : Background concurrent copying GC freed 281604(6MB) AllocSpace objects, 0(0B) LOS objects, 12% free, 41MB/47MB, paused 2.234ms total 381.856ms
07-02 17:45:42.984 26911 26921 I zygote  : Background concurrent copying GC freed 352040(7MB) AllocSpace objects, 0(0B) LOS objects, 12% free, 40MB/46MB, paused 1.146ms total 382.751ms
07-02 17:45:44.916 26911 26921 I zygote  : Background concurrent copying GC freed 315606(6MB) AllocSpace objects, 0(0B) LOS objects, 12% free, 43MB/49MB, paused 1.247ms total 562.543ms
07-02 17:45:47.174 26911 26921 I zygote  : Background concurrent copying GC freed 474843(10MB) AllocSpace objects, 0(0B) LOS objects, 12% free, 42MB/48MB, paused 1.350ms total 476.526ms
07-02 17:45:48.585  1970  1970 I GeofencerStateMachine: sendNewTransitions called.
07-02 17:45:48.992 26911 26921 I zygote  : Background concurrent copying GC freed 421243(9MB) AllocSpace objects, 0(0B) LOS objects, 12% free, 40MB/46MB, paused 1.719ms total 377.808ms
07-02 17:45:50.897 26911 26921 I zygote  : Background concurrent copying GC freed 314732(6MB) AllocSpace objects, 0(0B) LOS objects, 12% free, 42MB/48MB, paused 4.477ms total 384.917ms
07-02 17:45:53.123 26911 26921 I zygote  : Background concurrent copying GC freed 417452(9MB) AllocSpace objects, 0(0B) LOS objects, 12% free, 43MB/49MB, paused 1.304ms total 495.809ms
07-02 17:45:54.759 26911 26921 I zygote  : Background concurrent copying GC freed 459636(10MB) AllocSpace objects, 0(0B) LOS objects, 12% free, 41MB/47MB, paused 1.451ms total 454.854ms
07-02 17:45:56.467  1604  1751 I WifiService: acquireWifiLock uid=10014 lockMode=2
07-02 17:45:56.559  1604  4218 I WifiService: releaseWifiLock uid=10014
07-02 17:45:57.028 26911 26921 I zygote  : Background concurrent copying GC freed 385013(8MB) AllocSpace objects, 0(0B) LOS objects, 12% free, 41MB/47MB, paused 1.294ms total 422.463ms
07-02 17:45:57.120  1604  1751 I WifiService: getConnectionInfo uid=10014
07-02 17:45:57.124  1970 31875 E WakeLock: GCM_HB_ALARM release without a matched acquire!
07-02 17:45:57.129  1604  1621 I WifiService: requestActivityInfo uid=1000
07-02 17:45:57.129  1604  1621 I WifiService: reportActivityInfo uid=1000
07-02 17:45:57.129  1604  1621 I WifiService: getSupportedFeatures uid=1000
07-02 17:45:57.609  1604  1751 I WifiService: getConnectionInfo uid=10014
07-02 17:45:59.106 26911 26921 I zygote  : Background concurrent copying GC freed 365439(8MB) AllocSpace objects, 0(0B) LOS objects, 12% free, 41MB/47MB, paused 1.237ms total 492.482ms
07-02 17:46:00.741 26911 26921 I zygote  : Background concurrent copying GC freed 370677(8MB) AllocSpace objects, 0(0B) LOS objects, 12% free, 42MB/48MB, paused 3.526ms total 443.841ms
07-02 17:46:02.041 26911 26921 I zygote  : Background concurrent copying GC freed 416546(9MB) AllocSpace objects, 0(0B) LOS objects, 13% free, 39MB/45MB, paused 908us total 325.588ms
07-02 17:46:04.169 26911 26921 I zygote  : Background concurrent copying GC freed 309962(6MB) AllocSpace objects, 0(0B) LOS objects, 12% free, 42MB/48MB, paused 4.610ms total 509.538ms
07-02 17:46:05.630 26911 26921 I zygote  : Background concurrent copying GC freed 429584(9MB) AllocSpace objects, 0(0B) LOS objects, 12% free, 41MB/47MB, paused 4.313ms total 431.230ms
07-02 17:46:06.894 26911 26921 I zygote  : Background concurrent copying GC freed 362545(8MB) AllocSpace objects, 0(0B) LOS objects, 12% free, 41MB/47MB, paused 1.049ms total 414.212ms
07-02 17:46:09.195 26911 26921 I zygote  : Background concurrent copying GC freed 370397(8MB) AllocSpace objects, 0(0B) LOS objects, 12% free, 40MB/46MB, paused 978us total 354.233ms
07-02 17:46:10.979 26911 26921 I zygote  : Background concurrent copying GC freed 318555(7MB) AllocSpace objects, 0(0B) LOS objects, 12% free, 40MB/46MB, paused 4.122ms total 366.501ms
07-02 17:46:12.590  1604  1621 I WifiService: requestActivityInfo uid=1000
07-02 17:46:12.591  1604  1621 I WifiService: reportActivityInfo uid=1000
07-02 17:46:12.593  1604  1621 I WifiService: getSupportedFeatures uid=1000
07-02 17:46:12.890 26911 26921 I zygote  : Background concurrent copying GC freed 310862(6MB) AllocSpace objects, 0(0B) LOS objects, 12% free, 43MB/49MB, paused 1.691ms total 482.106ms
07-02 17:46:15.235 26911 26921 I zygote  : Background concurrent copying GC freed 475853(10MB) AllocSpace objects, 0(0B) LOS objects, 12% free, 40MB/46MB, paused 1.427ms total 374.825ms
07-02 17:46:16.990 26911 26921 I zygote  : Background concurrent copying GC freed 312861(6MB) AllocSpace objects, 0(0B) LOS objects, 12% free, 40MB/46MB, paused 1.949ms total 385.731ms
07-02 17:46:17.485  1604  1853 I WifiService: acquireWifiLock uid=10014 lockMode=2
07-02 17:46:18.922 26911 26921 I zygote  : Background concurrent copying GC freed 317418(6MB) AllocSpace objects, 0(0B) LOS objects, 12% free, 42MB/48MB, paused 1.386ms total 445.537ms
07-02 17:46:19.601  1970  1970 I GeofencerStateMachine: sendNewTransitions called.
07-02 17:46:20.261  1604  1613 I zygote  : Background concurrent copying GC freed 54916(2MB) AllocSpace objects, 0(0B) LOS objects, 10% free, 49MB/55MB, paused 3.307ms total 664.986ms
07-02 17:46:20.296 26911 26921 I zygote  : Background concurrent copying GC freed 422830(9MB) AllocSpace objects, 0(0B) LOS objects, 13% free, 39MB/45MB, paused 1.388ms total 380.438ms
07-02 17:46:20.469  1604  1853 D WificondControl: Scan result ready event
07-02 17:46:20.504  1604  1751 I WifiService: releaseWifiLock uid=10014
07-02 17:46:21.946 26911 26921 I zygote  : Background concurrent copying GC freed 277283(6MB) AllocSpace objects, 0(0B) LOS objects, 13% free, 40MB/46MB, paused 783us total 280.821ms
07-02 17:46:23.602 26911 26921 I zygote  : Background concurrent copying GC freed 310459(6MB) AllocSpace objects, 0(0B) LOS objects, 12% free, 40MB/46MB, paused 760us total 277.429ms
07-02 17:46:24.935 26911 26921 I zygote  : Background concurrent copying GC freed 338075(7MB) AllocSpace objects, 0(0B) LOS objects, 12% free, 40MB/46MB, paused 746us total 339.200ms
07-02 17:46:27.154 26911 26921 I zygote  : Background concurrent copying GC freed 332917(7MB) AllocSpace objects, 0(0B) LOS objects, 12% free, 40MB/46MB, paused 1.386ms total 317.340ms
07-02 17:46:28.385 26911 26921 I zygote  : Background concurrent copying GC freed 318452(7MB) AllocSpace objects, 0(0B) LOS objects, 13% free, 39MB/45MB, paused 2.992ms total 271.369ms
07-02 17:46:29.923 26911 26921 I zygote  : Background concurrent copying GC freed 284023(6MB) AllocSpace objects, 0(0B) LOS objects, 12% free, 42MB/48MB, paused 1.229ms total 334.090ms
07-02 17:46:31.555 26911 26911 D net.osmand: DayNightHelper Sunrise/sunset setting to day: true
07-02 17:46:31.966 26911 26921 I zygote  : Background concurrent copying GC freed 399214(8MB) AllocSpace objects, 0(0B) LOS objects, 12% free, 41MB/47MB, paused 2.513ms total 387.219ms
07-02 17:46:33.986 26911 26921 I zygote  : Background concurrent copying GC freed 362691(8MB) AllocSpace objects, 0(0B) LOS objects, 12% free, 41MB/47MB, paused 2.707ms total 379.911ms
07-02 17:46:34.273  1410  1410 I boot-pipe: done populating /dev/random
07-02 17:46:34.983 26911 26921 I zygote  : Background concurrent copying GC freed 371266(8MB) AllocSpace objects, 0(0B) LOS objects, 13% free, 39MB/45MB, paused 3.467ms total 269.136ms
07-02 17:46:36.823 26911 26921 I zygote  : Background concurrent copying GC freed 290539(6MB) AllocSpace objects, 0(0B) LOS objects, 12% free, 43MB/49MB, paused 2.642ms total 381.608ms
07-02 17:46:37.495  1604  4218 I WifiService: acquireWifiLock uid=10014 lockMode=2
07-02 17:46:37.542  1604  4218 I WifiService: releaseWifiLock uid=10014
07-02 17:46:39.163 26911 26921 I zygote  : Background concurrent copying GC freed 461376(10MB) AllocSpace objects, 0(0B) LOS objects, 13% free, 40MB/46MB, paused 1.062ms total 315.865ms
07-02 17:46:40.939 26911 26921 I zygote  : Background concurrent copying GC freed 301330(6MB) AllocSpace objects, 0(0B) LOS objects, 12% free, 40MB/46MB, paused 931us total 311.539ms
07-02 17:46:41.994 26911 26921 I zygote  : Background concurrent copying GC freed 313543(6MB) AllocSpace objects, 0(0B) LOS objects, 13% free, 39MB/45MB, paused 1.131ms total 266.243ms
07-02 17:46:44.023 26911 26921 I zygote  : Background concurrent copying GC freed 278205(6MB) AllocSpace objects, 0(0B) LOS objects, 12% free, 41MB/47MB, paused 1.989ms total 340.888ms
07-02 17:46:45.940 26911 26921 I zygote  : Background concurrent copying GC freed 354052(7MB) AllocSpace objects, 0(0B) LOS objects, 12% free, 40MB/46MB, paused 3.349ms total 321.649ms
07-02 17:46:47.531 26911 26921 I zygote  : Background concurrent copying GC freed 316018(6MB) AllocSpace objects, 0(0B) LOS objects, 12% free, 40MB/46MB, paused 2.447ms total 307.639ms
07-02 17:46:48.934 26911 26921 I zygote  : Background concurrent copying GC freed 315146(7MB) AllocSpace objects, 0(0B) LOS objects, 12% free, 40MB/46MB, paused 924us total 309.474ms
07-02 17:46:49.627  1970  1970 I GeofencerStateMachine: sendNewTransitions called.
07-02 17:46:51.142 26911 26921 I zygote  : Background concurrent copying GC freed 315841(6MB) AllocSpace objects, 0(0B) LOS objects, 12% free, 42MB/48MB, paused 950us total 392.700ms
07-02 17:46:52.933 26911 26921 I zygote  : Background concurrent copying GC freed 416266(9MB) AllocSpace objects, 0(0B) LOS objects, 12% free, 40MB/46MB, paused 977us total 304.002ms
07-02 17:46:54.994 26911 26921 I zygote  : Background concurrent copying GC freed 319666(7MB) AllocSpace objects, 0(0B) LOS objects, 12% free, 42MB/48MB, paused 1.335ms total 456.273ms
07-02 17:46:57.204 26911 26921 I zygote  : Background concurrent copying GC freed 417479(9MB) AllocSpace objects, 0(0B) LOS objects, 12% free, 42MB/48MB, paused 2.265ms total 493.057ms
07-02 17:46:57.505  1604  1751 I WifiService: acquireWifiLock uid=10014 lockMode=2
07-02 17:46:59.012 26911 26921 I zygote  : Background concurrent copying GC freed 397728(8MB) AllocSpace objects, 0(0B) LOS objects, 12% free, 40MB/46MB, paused 5.248ms total 388.282ms
07-02 17:47:00.508  1604  7927 D WificondControl: Scan result ready event
07-02 17:47:00.553  1604  7927 I WifiService: releaseWifiLock uid=10014
07-02 17:47:01.067 26911 26921 I zygote  : Background concurrent copying GC freed 337561(7MB) AllocSpace objects, 0(0B) LOS objects, 12% free, 41MB/47MB, paused 2.505ms total 393.723ms
07-02 17:47:03.064 26911 26921 I zygote  : Background concurrent copying GC freed 369718(8MB) AllocSpace objects, 0(0B) LOS objects, 12% free, 40MB/46MB, paused 965us total 418.083ms
07-02 17:47:04.873 26911 26921 I zygote  : Background concurrent copying GC freed 315246(6MB) AllocSpace objects, 0(0B) LOS objects, 12% free, 42MB/48MB, paused 906us total 472.836ms
07-02 17:47:07.258 26911 26921 I zygote  : Background concurrent copying GC freed 420737(9MB) AllocSpace objects, 0(0B) LOS objects, 12% free, 40MB/46MB, paused 1.073ms total 388.181ms
07-02 17:47:08.498 26911 26921 I zygote  : Background concurrent copying GC freed 318020(7MB) AllocSpace objects, 0(0B) LOS objects, 13% free, 39MB/45MB, paused 1.188ms total 328.084ms
07-02 17:47:10.058 26911 26921 I zygote  : Background concurrent copying GC freed 276990(6MB) AllocSpace objects, 0(0B) LOS objects, 13% free, 40MB/46MB, paused 1.632ms total 372.045ms
07-02 17:47:10.633  1970  1980 I zygote  : Background concurrent copying GC freed 122363(4MB) AllocSpace objects, 0(0B) LOS objects, 39% free, 9MB/15MB, paused 1.130ms total 172.132ms
07-02 17:47:11.119 26911 26921 I zygote  : Background concurrent copying GC freed 301407(6MB) AllocSpace objects, 0(0B) LOS objects, 13% free, 39MB/45MB, paused 1.196ms total 326.609ms
07-02 17:47:13.315 26911 26921 I zygote  : Background concurrent copying GC freed 274045(6MB) AllocSpace objects, 0(0B) LOS objects, 13% free, 40MB/46MB, paused 4.879ms total 356.829ms
07-02 17:47:15.055 26911 26921 I zygote  : Background concurrent copying GC freed 304893(6MB) AllocSpace objects, 0(0B) LOS objects, 12% free, 40MB/46MB, paused 2.538ms total 384.918ms
07-02 17:47:17.027 26911 26921 I zygote  : Background concurrent copying GC freed 311188(6MB) AllocSpace objects, 0(0B) LOS objects, 12% free, 42MB/48MB, paused 984us total 475.523ms
07-02 17:47:18.527  1604  4621 I WifiService: acquireWifiLock uid=10014 lockMode=2
07-02 17:47:18.528  9593  9593 I BgTaskExecutorImpl: Starting PERIODIC background task LOG_ATTEMPTED_SEARCHES_TO_KANSAS.
07-02 17:47:18.895  1604  4218 I WifiService: releaseWifiLock uid=10014
07-02 17:47:19.578 26911 26921 I zygote  : Background concurrent copying GC freed 425035(9MB) AllocSpace objects, 0(0B) LOS objects, 12% free, 43MB/49MB, paused 37.176ms total 874.470ms
07-02 17:47:19.679  1604  1613 I zygote  : Background concurrent copying GC freed 51035(2MB) AllocSpace objects, 0(0B) LOS objects, 10% free, 50MB/56MB, paused 26.293ms total 1.063s
07-02 17:47:20.346  1970  1970 I GeofencerStateMachine: sendNewTransitions called.
07-02 17:47:20.861 26911 26921 I zygote  : Background concurrent copying GC freed 469564(10MB) AllocSpace objects, 0(0B) LOS objects, 12% free, 41MB/47MB, paused 1.310ms total 412.850ms
07-02 17:47:23.232 26911 26921 I zygote  : Background concurrent copying GC freed 369711(8MB) AllocSpace objects, 0(0B) LOS objects, 12% free, 41MB/47MB, paused 2.103ms total 506.709ms
07-02 17:47:25.056 26911 26921 I zygote  : Background concurrent copying GC freed 367816(8MB) AllocSpace objects, 0(0B) LOS objects, 12% free, 40MB/46MB, paused 5.435ms total 393.599ms
07-02 17:47:26.979 26911 26921 I zygote  : Background concurrent copying GC freed 314523(6MB) AllocSpace objects, 0(0B) LOS objects, 12% free, 42MB/48MB, paused 1.522ms total 455.508ms
07-02 17:47:29.126 26911 26921 I zygote  : Background concurrent copying GC freed 430349(9MB) AllocSpace objects, 0(0B) LOS objects, 12% free, 41MB/47MB, paused 1.396ms total 475.005ms
07-02 17:47:30.712 26911 26921 I zygote  : Background concurrent copying GC freed 358790(7MB) AllocSpace objects, 0(0B) LOS objects, 12% free, 41MB/47MB, paused 1.181ms total 434.740ms
07-02 17:47:31.564 26911 26911 D net.osmand: DayNightHelper Sunrise/sunset setting to day: true
07-02 17:47:32.076 26911 26921 I zygote  : Background concurrent copying GC freed 369124(8MB) AllocSpace objects, 0(0B) LOS objects, 13% free, 39MB/45MB, paused 903us total 336.654ms
07-02 17:47:34.276  1410  1410 I boot-pipe: done populating /dev/random
07-02 17:47:34.306 26911 26921 I zygote  : Background concurrent copying GC freed 280666(6MB) AllocSpace objects, 0(0B) LOS objects, 12% free, 41MB/47MB, paused 1.359ms total 408.755ms
07-02 17:47:35.569 26911 26921 I zygote  : Background concurrent copying GC freed 351775(7MB) AllocSpace objects, 0(0B) LOS objects, 13% free, 39MB/45MB, paused 1.375ms total 330.769ms
07-02 17:47:37.036 26911 26921 I zygote  : Background concurrent copying GC freed 278858(6MB) AllocSpace objects, 0(0B) LOS objects, 13% free, 40MB/46MB, paused 1.406ms total 341.410ms
07-02 17:47:38.071 26911 26921 I zygote  : Background concurrent copying GC freed 299290(6MB) AllocSpace objects, 0(0B) LOS objects, 13% free, 39MB/45MB, paused 2.611ms total 298.241ms
07-02 17:47:38.537  1604  1854 I WifiService: acquireWifiLock uid=10014 lockMode=2
07-02 17:47:38.544  1604  1617 E memtrack: Couldn't load memtrack module
07-02 17:47:38.545  1604  1617 W android.os.Debug: failed to get memory consumption info: -1
07-02 17:47:38.621  1604  1617 E memtrack: Couldn't load memtrack module
07-02 17:47:38.621  1604  1617 W android.os.Debug: failed to get memory consumption info: -1
07-02 17:47:40.170 26911 26921 I zygote  : Background concurrent copying GC freed 299431(6MB) AllocSpace objects, 0(0B) LOS objects, 12% free, 40MB/46MB, paused 997us total 470.301ms
07-02 17:47:41.130 26911 26921 I zygote  : Background concurrent copying GC freed 345065(7MB) AllocSpace objects, 0(0B) LOS objects, 13% free, 38MB/44MB, paused 2.445ms total 319.348ms
07-02 17:47:41.560  1604  1751 D WificondControl: Scan result ready event
07-02 17:47:41.595  1604  4218 I WifiService: releaseWifiLock uid=10014
07-02 17:47:43.042 26911 26921 I zygote  : Background concurrent copying GC freed 265694(5MB) AllocSpace objects, 0(0B) LOS objects, 12% free, 41MB/47MB, paused 4.545ms total 423.125ms
07-02 17:47:45.064 26911 26921 I zygote  : Background concurrent copying GC freed 349054(7MB) AllocSpace objects, 0(0B) LOS objects, 12% free, 40MB/46MB, paused 2.068ms total 382.199ms
07-02 17:47:46.125 26911 26921 I zygote  : Background concurrent copying GC freed 316223(6MB) AllocSpace objects, 0(0B) LOS objects, 12% free, 40MB/46MB, paused 1.423ms total 410.891ms
07-02 17:47:47.109 26911 26921 I zygote  : Background concurrent copying GC freed 314676(6MB) AllocSpace objects, 0(0B) LOS objects, 13% free, 39MB/45MB, paused 910us total 353.275ms
07-02 17:47:47.649  1604  1854 I WifiService: getConnectionInfo uid=10014
07-02 17:47:47.654  1970 31875 E WakeLock: GCM_HB_ALARM release without a matched acquire!
07-02 17:47:47.657  1604  1621 I WifiService: requestActivityInfo uid=1000
07-02 17:47:47.657  1604  1621 I WifiService: reportActivityInfo uid=1000
07-02 17:47:47.657  1604  1621 I WifiService: getSupportedFeatures uid=1000
07-02 17:47:47.795  1604  1617 E memtrack: Couldn't load memtrack module
07-02 17:47:47.796  1604  1617 W android.os.Debug: failed to get memory consumption info: -1
07-02 17:47:47.907  1970  5718 I GeofencerStateMachine: addGeofences called by com.google.android.apps.maps
07-02 17:47:47.973  1604  1751 I GnssLocationProvider: WakeLock acquired by sendMessage(SET_REQUEST, 0, com.android.server.location.GnssLocationProvider$GpsRequest@93af98f)
07-02 17:47:47.999  1970  1970 I GeofencerStateMachine: sendNewTransitions called.
07-02 17:47:48.032  1970  1970 I GeofencerStateMachine: sendNewLocationAvailability: availability=LocationAvailability[isLocationAvailable: true]
07-02 17:47:48.052  1604  1751 I WifiService: getWifiEnabledState uid=10062
07-02 17:47:48.096  1604  1751 I GnssLocationProvider: WakeLock acquired by sendMessage(SET_REQUEST, 0, com.android.server.location.GnssLocationProvider$GpsRequest@1aa7825)
07-02 17:47:48.114  1604  4218 I WifiService: getConnectionInfo uid=10014
07-02 17:47:48.148  1604  1617 I GnssLocationProvider: WakeLock released by handleMessage(SET_REQUEST, 0, com.android.server.location.GnssLocationProvider$GpsRequest@93af98f)
07-02 17:47:48.171  1604  1617 I GnssLocationProvider: WakeLock released by handleMessage(SET_REQUEST, 0, com.android.server.location.GnssLocationProvider$GpsRequest@1aa7825)
07-02 17:47:48.277  1970  1970 I GeofencerStateMachine: sendNewLocationAvailability: availability=LocationAvailability[isLocationAvailable: true]
07-02 17:47:48.282  1970  1970 I GeofencerStateMachine: sendNewLocationAvailability: availability=LocationAvailability[isLocationAvailable: true]
07-02 17:47:49.195 26911 26921 I zygote  : Background concurrent copying GC freed 294711(6MB) AllocSpace objects, 0(0B) LOS objects, 12% free, 43MB/49MB, paused 2.617ms total 553.772ms
07-02 17:47:51.041 26911 26921 I zygote  : Background concurrent copying GC freed 442994(9MB) AllocSpace objects, 0(0B) LOS objects, 12% free, 40MB/46MB, paused 1.810ms total 367.579ms
07-02 17:47:52.079 26911 26921 I zygote  : Background concurrent copying GC freed 313045(6MB) AllocSpace objects, 0(0B) LOS objects, 13% free, 39MB/45MB, paused 1.126ms total 341.901ms
07-02 17:47:54.300 26911 26921 I zygote  : Background concurrent copying GC freed 280841(6MB) AllocSpace objects, 0(0B) LOS objects, 12% free, 42MB/48MB, paused 2.749ms total 435.042ms
07-02 17:47:56.038 26911 26921 I zygote  : Background concurrent copying GC freed 403545(8MB) AllocSpace objects, 0(0B) LOS objects, 12% free, 40MB/46MB, paused 1.132ms total 371.368ms
07-02 17:47:57.966 26911 26921 I zygote  : Background concurrent copying GC freed 316950(7MB) AllocSpace objects, 0(0B) LOS objects, 12% free, 42MB/48MB, paused 4.972ms total 448.308ms
07-02 17:47:58.547  1604  1853 I WifiService: acquireWifiLock uid=10014 lockMode=2
07-02 17:47:58.601  1604  5750 I WifiService: releaseWifiLock uid=10014
07-02 17:48:00.244 26911 26921 I zygote  : Background concurrent copying GC freed 417386(9MB) AllocSpace objects, 0(0B) LOS objects, 12% free, 41MB/47MB, paused 1.752ms total 518.623ms
07-02 17:48:01.678 26911 26921 I zygote  : Background concurrent copying GC freed 367756(8MB) AllocSpace objects, 0(0B) LOS objects, 13% free, 40MB/46MB, paused 1.524ms total 353.478ms
07-02 17:48:02.988  1604  1613 I zygote  : Background concurrent copying GC freed 48372(2MB) AllocSpace objects, 6(400KB) LOS objects, 10% free, 49MB/55MB, paused 1.478ms total 542.478ms
07-02 17:48:03.125 26911 26921 I zygote  : Background concurrent copying GC freed 310756(6MB) AllocSpace objects, 0(0B) LOS objects, 13% free, 39MB/45MB, paused 1.386ms total 347.309ms
07-02 17:48:05.294 26911 26921 I zygote  : Background concurrent copying GC freed 285328(6MB) AllocSpace objects, 0(0B) LOS objects, 12% free, 41MB/47MB, paused 1.876ms total 375.824ms
07-02 17:48:06.465 26911 26921 I zygote  : Background concurrent copying GC freed 351122(7MB) AllocSpace objects, 0(0B) LOS objects, 13% free, 39MB/45MB, paused 1.382ms total 320.203ms
07-02 17:48:07.508  1604  1621 I WifiService: requestActivityInfo uid=1000
07-02 17:48:07.508  1604  1621 I WifiService: reportActivityInfo uid=1000
07-02 17:48:07.508  1604  1621 I WifiService: getSupportedFeatures uid=1000
07-02 17:48:08.046 26911 26921 I zygote  : Background concurrent copying GC freed 307492(6MB) AllocSpace objects, 0(0B) LOS objects, 13% free, 39MB/45MB, paused 3.655ms total 329.890ms
07-02 17:48:09.996 26911 26921 I zygote  : Background concurrent copying GC freed 280227(6MB) AllocSpace objects, 0(0B) LOS objects, 12% free, 40MB/46MB, paused 1.966ms total 290.483ms
07-02 17:48:11.266 26911 26921 I zygote  : Background concurrent copying GC freed 308448(6MB) AllocSpace objects, 0(0B) LOS objects, 13% free, 39MB/45MB, paused 1.069ms total 258.703ms
07-02 17:48:12.989 26911 26921 I zygote  : Background concurrent copying GC freed 276097(6MB) AllocSpace objects, 0(0B) LOS objects, 13% free, 40MB/46MB, paused 7.265ms total 299.116ms
07-02 17:48:14.933 26911 26921 I zygote  : Background concurrent copying GC freed 302488(6MB) AllocSpace objects, 0(0B) LOS objects, 12% free, 43MB/49MB, paused 765us total 376.298ms
07-02 17:48:17.045 26911 26921 I zygote  : Background concurrent copying GC freed 466411(10MB) AllocSpace objects, 0(0B) LOS objects, 13% free, 40MB/46MB, paused 1.229ms total 312.675ms
07-02 17:48:17.651  1970  1970 I GeofencerStateMachine: sendNewTransitions called.
07-02 17:48:18.989 26911 26921 I zygote  : Background concurrent copying GC freed 317460(6MB) AllocSpace objects, 0(0B) LOS objects, 12% free, 41MB/47MB, paused 901us total 332.026ms
07-02 17:48:19.564  1604  1853 I WifiService: acquireWifiLock uid=10014 lockMode=2
07-02 17:48:19.989 26911 26921 I zygote  : Background concurrent copying GC freed 371293(8MB) AllocSpace objects, 0(0B) LOS objects, 13% free, 39MB/45MB, paused 753us total 268.998ms
07-02 17:48:22.151 26911 26921 I zygote  : Background concurrent copying GC freed 284713(6MB) AllocSpace objects, 0(0B) LOS objects, 12% free, 41MB/47MB, paused 936us total 323.385ms
07-02 17:48:22.549  1604  7927 D WificondControl: Scan result ready event
07-02 17:48:22.581  1604  7927 I WifiService: releaseWifiLock uid=10014
07-02 17:48:23.382 26911 26921 I zygote  : Background concurrent copying GC freed 346518(7MB) AllocSpace objects, 0(0B) LOS objects, 13% free, 39MB/45MB, paused 1.236ms total 270.476ms
07-02 17:48:24.993 26911 26921 I zygote  : Background concurrent copying GC freed 280768(6MB) AllocSpace objects, 0(0B) LOS objects, 13% free, 40MB/46MB, paused 1.114ms total 279.666ms
07-02 17:48:26.469 20345 20362 I Finsky  : [779] imb.run(3): Stats for Executor: BlockingExecutor ink@ee2e429[Running, pool size = 0, active threads = 0, queued tasks = 0, completed tasks = 13]
07-02 17:48:26.469 20345 20362 I Finsky  : [779] imb.run(3): Stats for Executor: LightweightExecutor ink@8d5d3ae[Running, pool size = 2, active threads = 0, queued tasks = 0, completed tasks = 65]
07-02 17:48:26.963 26911 26921 I zygote  : Background concurrent copying GC freed 307725(6MB) AllocSpace objects, 0(0B) LOS objects, 12% free, 43MB/49MB, paused 1.128ms total 408.831ms
07-02 17:48:27.522 20345 20362 I Finsky  : [779] imb.run(3): Stats for Executor: bgExecutor ink@1e554f[Running, pool size = 4, active threads = 0, queued tasks = 0, completed tasks = 131]
07-02 17:48:29.121 26911 26921 I zygote  : Background concurrent copying GC freed 463315(10MB) AllocSpace objects, 0(0B) LOS objects, 12% free, 42MB/48MB, paused 1.021ms total 362.640ms
07-02 17:48:31.017 26911 26921 I zygote  : Background concurrent copying GC freed 408214(8MB) AllocSpace objects, 0(0B) LOS objects, 12% free, 41MB/47MB, paused 741us total 347.694ms
07-02 17:48:31.650 26911 26911 D net.osmand: DayNightHelper Sunrise/sunset setting to day: true
07-02 17:48:31.990 26911 26921 I zygote  : Background concurrent copying GC freed 379791(8MB) AllocSpace objects, 0(0B) LOS objects, 13% free, 39MB/45MB, paused 1.315ms total 252.943ms
07-02 17:48:34.025 26911 26921 I zygote  : Background concurrent copying GC freed 292238(6MB) AllocSpace objects, 0(0B) LOS objects, 12% free, 42MB/48MB, paused 1.430ms total 349.980ms
07-02 17:48:34.278  1410  1410 I boot-pipe: done populating /dev/random
07-02 17:48:35.987 26911 26921 I zygote  : Background concurrent copying GC freed 389648(8MB) AllocSpace objects, 0(0B) LOS objects, 12% free, 40MB/46MB, paused 750us total 297.227ms
07-02 17:48:37.812 26911 26921 I zygote  : Background concurrent copying GC freed 317250(7MB) AllocSpace objects, 0(0B) LOS objects, 12% free, 42MB/48MB, paused 996us total 465.622ms
07-02 17:48:39.571  1604  1853 I WifiService: acquireWifiLock uid=10014 lockMode=2
07-02 17:48:39.619  1604  1853 I WifiService: releaseWifiLock uid=10014
07-02 17:48:40.091 26911 26921 I zygote  : Background concurrent copying GC freed 416402(9MB) AllocSpace objects, 0(0B) LOS objects, 12% free, 41MB/47MB, paused 1.343ms total 396.275ms
07-02 17:48:42.014 26911 26921 I zygote  : Background concurrent copying GC freed 370247(8MB) AllocSpace objects, 0(0B) LOS objects, 12% free, 40MB/46MB, paused 816us total 323.166ms
07-02 17:48:43.889 26911 26921 I zygote  : Background concurrent copying GC freed 317061(7MB) AllocSpace objects, 0(0B) LOS objects, 12% free, 43MB/49MB, paused 1.600ms total 497.133ms
07-02 17:48:45.822  1604  1617 I UsageStatsService: User[0] Flushing usage stats to disk
07-02 17:48:46.151 26911 26921 I zygote  : Background concurrent copying GC freed 473340(10MB) AllocSpace objects, 0(0B) LOS objects, 12% free, 41MB/47MB, paused 1.669ms total 399.584ms
07-02 17:48:48.021 26911 26921 I zygote  : Background concurrent copying GC freed 382436(8MB) AllocSpace objects, 0(0B) LOS objects, 12% free, 41MB/47MB, paused 3.389ms total 337.792ms
07-02 17:48:48.298  1970  1970 I GeofencerStateMachine: sendNewTransitions called.
07-02 17:48:48.346  1970  1970 I GeofencerStateMachine: sendNewTransitions called.
07-02 17:48:48.353  1970  1970 I GeofencerStateMachine: sendNewLocationAvailability: availability=LocationAvailability[isLocationAvailable: true]
07-02 17:48:48.467  1970  1970 I chatty  : uid=10014 com.google.android.gms.persistent identical 1 line
07-02 17:48:48.477  1970  1970 I GeofencerStateMachine: sendNewLocationAvailability: availability=LocationAvailability[isLocationAvailable: true]
07-02 17:48:48.862  1604  1613 I zygote  : Background concurrent copying GC freed 42280(1799KB) AllocSpace objects, 10(520KB) LOS objects, 10% free, 50MB/56MB, paused 1.225ms total 387.572ms
07-02 17:48:49.886 26911 26921 I zygote  : Background concurrent copying GC freed 354194(7MB) AllocSpace objects, 0(0B) LOS objects, 12% free, 43MB/49MB, paused 1.321ms total 429.433ms
07-02 17:48:52.182 26911 26921 I zygote  : Background concurrent copying GC freed 468744(10MB) AllocSpace objects, 0(0B) LOS objects, 12% free, 40MB/46MB, paused 928us total 302.952ms
07-02 17:48:54.007 26911 26921 I zygote  : Background concurrent copying GC freed 326426(7MB) AllocSpace objects, 0(0B) LOS objects, 12% free, 40MB/46MB, paused 1.026ms total 303.148ms
07-02 17:48:55.800 26911 26921 I zygote  : Background concurrent copying GC freed 309185(6MB) AllocSpace objects, 0(0B) LOS objects, 12% free, 42MB/48MB, paused 990us total 378.460ms
07-02 17:48:58.093 26911 26921 I zygote  : Background concurrent copying GC freed 423728(9MB) AllocSpace objects, 0(0B) LOS objects, 12% free, 42MB/48MB, paused 2.822ms total 381.221ms
07-02 17:48:59.583  1604  5750 I WifiService: acquireWifiLock uid=10014 lockMode=2
07-02 17:49:00.037 26911 26921 I zygote  : Background concurrent copying GC freed 417187(9MB) AllocSpace objects, 0(0B) LOS objects, 12% free, 40MB/46MB, paused 952us total 343.403ms
07-02 17:49:01.058 26911 26921 I zygote  : Background concurrent copying GC freed 313267(6MB) AllocSpace objects, 0(0B) LOS objects, 13% free, 39MB/45MB, paused 927us total 250.700ms
07-02 17:49:02.549  1604  1751 D WificondControl: Scan result ready event
07-02 17:49:02.625  1604  1617 E memtrack: Couldn't load memtrack module
07-02 17:49:02.625  1604  1617 W android.os.Debug: failed to get memory consumption info: -1
07-02 17:49:02.632  1604  7927 I WifiService: releaseWifiLock uid=10014
07-02 17:49:03.147 26911 26921 I zygote  : Background concurrent copying GC freed 281531(6MB) AllocSpace objects, 0(0B) LOS objects, 11% free, 44MB/50MB, paused 4.215ms total 557.531ms
07-02 17:49:05.139 26911 26921 I zygote  : Background concurrent copying GC freed 506293(11MB) AllocSpace objects, 0(0B) LOS objects, 12% free, 41MB/47MB, paused 753us total 381.179ms
07-02 17:49:06.502 26911 26921 I zygote  : Background concurrent copying GC freed 370496(8MB) AllocSpace objects, 0(0B) LOS objects, 12% free, 40MB/46MB, paused 1.420ms total 307.225ms
07-02 17:49:08.009 26911 26921 I zygote  : Background concurrent copying GC freed 311712(6MB) AllocSpace objects, 0(0B) LOS objects, 12% free, 40MB/46MB, paused 1.443ms total 294.985ms
07-02 17:49:09.026 26911 26921 I zygote  : Background concurrent copying GC freed 314426(6MB) AllocSpace objects, 0(0B) LOS objects, 13% free, 39MB/45MB, paused 889us total 246.186ms
07-02 17:49:11.243 26911 26921 I zygote  : Background concurrent copying GC freed 281612(6MB) AllocSpace objects, 0(0B) LOS objects, 13% free, 40MB/46MB, paused 2.053ms total 278.536ms
07-02 17:49:13.007 26911 26921 I zygote  : Background concurrent copying GC freed 315882(6MB) AllocSpace objects, 0(0B) LOS objects, 13% free, 40MB/46MB, paused 798us total 288.086ms
07-02 17:49:14.856 26911 26921 I zygote  : Background concurrent copying GC freed 315473(6MB) AllocSpace objects, 0(0B) LOS objects, 12% free, 42MB/48MB, paused 2.904ms total 363.015ms
07-02 17:49:17.142 26911 26921 I zygote  : Background concurrent copying GC freed 403783(8MB) AllocSpace objects, 0(0B) LOS objects, 12% free, 41MB/47MB, paused 987us total 384.526ms
07-02 17:49:18.415 26911 26921 I zygote  : Background concurrent copying GC freed 370283(8MB) AllocSpace objects, 0(0B) LOS objects, 13% free, 39MB/45MB, paused 890us total 269.479ms
07-02 17:49:19.288  1970  1970 I GeofencerStateMachine: sendNewTransitions called.
07-02 17:49:20.015 26911 26921 I zygote  : Background concurrent copying GC freed 274008(6MB) AllocSpace objects, 0(0B) LOS objects, 13% free, 40MB/46MB, paused 850us total 285.027ms
07-02 17:49:20.610  1604  1853 I WifiService: acquireWifiLock uid=10014 lockMode=2
07-02 17:49:20.655  1604  4218 I WifiService: releaseWifiLock uid=10014
07-02 17:49:21.991 26911 26921 I zygote  : Background concurrent copying GC freed 315364(6MB) AllocSpace objects, 0(0B) LOS objects, 12% free, 42MB/48MB, paused 1.324ms total 339.054ms
07-02 17:49:23.259 26911 26921 I zygote  : Background concurrent copying GC freed 409478(9MB) AllocSpace objects, 0(0B) LOS objects, 13% free, 39MB/45MB, paused 2.007ms total 264.949ms
07-02 17:49:25.020 26911 26921 I zygote  : Background concurrent copying GC freed 286579(6MB) AllocSpace objects, 0(0B) LOS objects, 13% free, 39MB/45MB, paused 1.883ms total 292.652ms
07-02 17:49:26.834 26911 26921 I zygote  : Background concurrent copying GC freed 306273(6MB) AllocSpace objects, 0(0B) LOS objects, 12% free, 42MB/48MB, paused 806us total 347.614ms
07-02 17:49:29.209 26911 26921 I zygote  : Background concurrent copying GC freed 398782(8MB) AllocSpace objects, 0(0B) LOS objects, 12% free, 40MB/46MB, paused 873us total 293.892ms
07-02 17:49:31.085 26911 26921 I zygote  : Background concurrent copying GC freed 322907(7MB) AllocSpace objects, 0(0B) LOS objects, 12% free, 40MB/46MB, paused 1.383ms total 370.840ms
07-02 17:49:31.686 26911 26911 D net.osmand: DayNightHelper Sunrise/sunset setting to day: true
07-02 17:49:33.031 26911 26921 I zygote  : Background concurrent copying GC freed 313662(6MB) AllocSpace objects, 0(0B) LOS objects, 12% free, 43MB/49MB, paused 1.194ms total 513.372ms
07-02 17:49:34.280  1410  1410 I boot-pipe: done populating /dev/random
07-02 17:49:35.299 26911 26921 I zygote  : Background concurrent copying GC freed 475293(10MB) AllocSpace objects, 0(0B) LOS objects, 12% free, 42MB/48MB, paused 1.484ms total 485.077ms
07-02 17:49:36.636 26911 26921 I zygote  : Background concurrent copying GC freed 419003(9MB) AllocSpace objects, 0(0B) LOS objects, 13% free, 39MB/45MB, paused 955us total 324.465ms
07-02 17:49:38.115 26911 26921 I zygote  : Background concurrent copying GC freed 290410(6MB) AllocSpace objects, 0(0B) LOS objects, 13% free, 39MB/45MB, paused 2.018ms total 348.948ms
07-02 17:49:38.145  1604  1751 I WifiService: getConnectionInfo uid=10014
07-02 17:49:38.147  1970 31875 E WakeLock: GCM_HB_ALARM release without a matched acquire!
07-02 17:49:38.149  1604  1621 I WifiService: requestActivityInfo uid=1000
07-02 17:49:38.149  1604  1621 I WifiService: reportActivityInfo uid=1000
07-02 17:49:38.149  1604  1621 I WifiService: getSupportedFeatures uid=1000
07-02 17:49:38.626  1604  1751 I WifiService: getConnectionInfo uid=10014
07-02 17:49:40.267 26911 26921 I zygote  : Background concurrent copying GC freed 289329(6MB) AllocSpace objects, 0(0B) LOS objects, 12% free, 42MB/48MB, paused 1.881ms total 519.719ms
07-02 17:49:40.620  1604  1853 I WifiService: acquireWifiLock uid=10014 lockMode=2
07-02 17:49:40.627  1604  1617 E memtrack: Couldn't load memtrack module
07-02 17:49:40.628  1604  1617 W android.os.Debug: failed to get memory consumption info: -1
07-02 17:49:40.701  1604  1617 E memtrack: Couldn't load memtrack module
07-02 17:49:40.701  1604  1617 W android.os.Debug: failed to get memory consumption info: -1
07-02 17:49:42.129 26911 26921 I zygote  : Background concurrent copying GC freed 412787(9MB) AllocSpace objects, 0(0B) LOS objects, 12% free, 40MB/46MB, paused 1.434ms total 405.137ms
07-02 17:49:43.610  1604  1853 D WificondControl: Scan result ready event
07-02 17:49:43.664  1604  7927 I WifiService: releaseWifiLock uid=10014
07-02 17:49:43.969 26911 26921 I zygote  : Background concurrent copying GC freed 323158(7MB) AllocSpace objects, 0(0B) LOS objects, 12% free, 43MB/49MB, paused 5.331ms total 462.686ms
07-02 17:49:44.181  1604  1613 I zygote  : Background concurrent copying GC freed 53279(2MB) AllocSpace objects, 0(0B) LOS objects, 10% free, 50MB/56MB, paused 3.112ms total 513.272ms
07-02 17:49:46.225 26911 26921 I zygote  : Background concurrent copying GC freed 471516(10MB) AllocSpace objects, 0(0B) LOS objects, 12% free, 41MB/47MB, paused 1.126ms total 412.214ms
07-02 17:49:48.067 26911 26921 I zygote  : Background concurrent copying GC freed 369190(8MB) AllocSpace objects, 0(0B) LOS objects, 12% free, 40MB/46MB, paused 1.268ms total 317.670ms
07-02 17:49:48.187  1604  1617 E memtrack: Couldn't load memtrack module
07-02 17:49:48.187  1604  1617 W android.os.Debug: failed to get memory consumption info: -1
07-02 17:49:48.248  1604  1617 E memtrack: Couldn't load memtrack module
07-02 17:49:48.248  1604  1617 W android.os.Debug: failed to get memory consumption info: -1
07-02 17:49:49.697  1970  1970 I GeofencerStateMachine: sendNewTransitions called.
07-02 17:49:50.173 26911 26921 I zygote  : Background concurrent copying GC freed 321819(7MB) AllocSpace objects, 0(0B) LOS objects, 12% free, 43MB/49MB, paused 4.217ms total 494.336ms
07-02 17:49:52.144 26911 26921 I zygote  : Background concurrent copying GC freed 466000(10MB) AllocSpace objects, 0(0B) LOS objects, 12% free, 40MB/46MB, paused 1.697ms total 399.683ms
07-02 17:49:53.630  1604  1621 I WifiService: requestActivityInfo uid=1000
07-02 17:49:53.630  1604  1621 I WifiService: reportActivityInfo uid=1000
07-02 17:49:53.630  1604  1621 I WifiService: getSupportedFeatures uid=1000
07-02 17:49:53.851 26911 26921 I zygote  : Background concurrent copying GC freed 316576(6MB) AllocSpace objects, 0(0B) LOS objects, 12% free, 42MB/48MB, paused 2.274ms total 419.309ms
07-02 17:49:55.168 26911 26921 I zygote  : Background concurrent copying GC freed 410978(9MB) AllocSpace objects, 0(0B) LOS objects, 13% free, 39MB/45MB, paused 3ms total 324.403ms
07-02 17:49:57.330 26911 26921 I zygote  : Background concurrent copying GC freed 287955(6MB) AllocSpace objects, 0(0B) LOS objects, 12% free, 42MB/48MB, paused 3.130ms total 528.425ms
07-02 17:49:59.101 26911 26921 I zygote  : Background concurrent copying GC freed 411695(9MB) AllocSpace objects, 0(0B) LOS objects, 12% free, 40MB/46MB, paused 3.863ms total 371.304ms
07-02 17:50:00.008  1604  1617 E memtrack: Couldn't load memtrack module
07-02 17:50:00.008  1604  1617 W android.os.Debug: failed to get memory consumption info: -1
07-02 17:50:00.074  1604  1617 E memtrack: Couldn't load memtrack module
07-02 17:50:00.074  1604  1617 W android.os.Debug: failed to get memory consumption info: -1
07-02 17:50:00.123  1604  1617 E memtrack: Couldn't load memtrack module
07-02 17:50:00.123  1604  1617 W android.os.Debug: failed to get memory consumption info: -1
07-02 17:50:00.628  1604  1854 I WifiService: acquireWifiLock uid=10014 lockMode=2
07-02 17:50:00.669  1604  4218 I WifiService: releaseWifiLock uid=10014
