--------- beginning of system
07-17 12:56:42.988 10586 10967 I ActivityManager: START u0 {act=android.intent.action.MAIN cat=[android.intent.category.HOME] flg=0x10000000 cmp=com.google.android.apps.nexuslauncher/.NexusLauncherActivity} from uid 2000
07-17 12:56:46.839 10586 14388 I ActivityManager: Force stopping com.skgames.trafficrider appid=10081 user=0: from pid 22000
07-17 12:56:47.326 10586 10711 I ActivityManager: Force stopping com.EvilChaotic.ModernWarplanes appid=10082 user=0: from pid 22006
07-17 12:56:47.878 10586 13287 I ActivityManager: Force stopping com.ea.games.r3_row appid=10083 user=0: from pid 22010
07-17 12:56:48.391 10586 14388 W ActivityManager: Invalid packageName: android.media.action.IMAGE_CAPTURE
07-17 12:56:49.250 10586 10601 W Looper  : Dispatch took 117ms on android.ui, h=Handler (com.android.server.policy.PhoneWindowManager$PolicyHandler) {b676d5e} cb=android.database.ContentObserver$NotificationRunnable@3023363 msg=0
07-17 12:56:50.989 10833 10833 D MccTable: updateMccMncConfiguration mccmnc='null' fromServiceState=true
07-17 12:56:50.990 10833 10833 D MccTable: WIFI_COUNTRY_CODE set to 
07-17 12:56:50.994 10586 12210 I WifiService: WifiService trying to set country code to  with persist set to false
07-17 12:56:51.197 10833 10833 I Telephony: PstnIncomingCallNotifier: Unregistering: Handler (com.android.internal.telephony.GsmCdmaPhone) {307e3a5}
07-17 12:56:51.235 10586 13287 I Telecom : PhoneAccountRegistrar: Modify account: [ComponentInfo{com.android.phone/com.android.services.telephony.TelephonyConnectionService}, [****], UserHandle{0}(lbl:  -> Android)(desc:  -> Android)]: TSI.rPA@Ahc
07-17 12:56:51.256 10833 10833 I Telephony: AccountEntry: Registered phoneAccount: [[ ] PhoneAccount: ComponentInfo{com.android.phone/com.android.services.telephony.TelephonyConnectionService}, [****], UserHandle{0} Capabilities: CallProvider MultiUser PlaceEmerg SimSub  Audio Routes: BESW Schemes: tel voicemail  Extras: Bundle[{android.telecom.extra.SUPPORTS_VIDEO_CALLING_FALLBACK=true}] GroupId: [****]] with handle: ComponentInfo{com.android.phone/com.android.services.telephony.TelephonyConnectionService}, [****], UserHandle{0}
07-17 12:56:51.258 10833 10833 I Telephony: PstnIncomingCallNotifier: Registering: Handler (com.android.internal.telephony.GsmCdmaPhone) {307e3a5}
07-17 12:56:51.271 10586 10653 D NetworkStats: Resolving plan for NetworkTemplate: matchRule=MOBILE_ALL, subscriberId=310260..., matchSubscriberIds=[310260...]
07-17 12:56:51.272 10586 10653 D NetworkStats: Found active matching subId 1
07-17 12:56:51.277 10586 10653 D NetworkStats: Resolved to plan null
07-17 12:56:51.325 10586 10586 I Telecom : CallLogManager: Country ISO changed. Retrieving new ISO...: CLM.oCD@Aho
07-17 12:56:51.402 10833 10833 I Telephony: PstnPhoneCapabilitiesNotifier: handleVideoCapabilitesChanged. Video capability - false
07-17 12:56:51.446 10586 10711 I Telecom : PhoneAccountRegistrar: Modify account: [ComponentInfo{com.android.phone/com.android.services.telephony.TelephonyConnectionService}, [****], UserHandle{0}]: TSI.rPA@Ahs
07-17 12:56:51.840 10586 10958 I ActivityManager: Start proc 22045:com.google.android.gms.unstable/u0a14 for service com.google.android.gms/.droidguard.DroidGuardService
07-17 12:56:53.076 10586 10600 W BroadcastQueue: Skipping deliver [background] BroadcastRecord{6ed5097 u-1 android.net.conn.CONNECTIVITY_CHANGE} to ReceiverList{d638284 22038 (unknown name)/2000/u-1 remote:ef6cc31}: process gone or crashing
07-17 12:56:53.235 10586 13287 I ActivityManager: START u0 {act=android.intent.action.MAIN cat=[android.intent.category.LAUNCHER] flg=0x10200000 cmp=net.osmand/.plus.activities.MapActivity} from uid 2000
07-17 12:56:53.893 10586 10586 W NotificationService: Removed summary didn't match old notification: old=0|net.osmand|100|null|10104, removed=0|net.osmand|100|null|10104
07-17 12:56:56.751 10586 22044 W LocationBasedCountryDetector: Exception occurs when getting country from location
07-17 12:57:00.759 10586 10967 V MediaRouterService: restoreBluetoothA2dp(false)
07-17 12:57:02.322 10586 12210 V MediaRouterService: restoreBluetoothA2dp(false)
07-17 12:57:05.452 10586 10711 V MediaRouterService: restoreBluetoothA2dp(false)
07-17 12:57:09.060 10586 10711 V MediaRouterService: restoreBluetoothA2dp(false)
07-17 12:57:09.904 10586 13287 V MediaRouterService: restoreBluetoothA2dp(false)
07-17 12:57:12.127 10586 10600 W BroadcastQueue: Background execution not allowed: receiving Intent { act=android.location.PROVIDERS_CHANGED flg=0x10 } to com.google.android.apps.maps/com.google.android.apps.gmm.locationsharing.usr.LocationAvailabilityChecker$LocationProvidersChangedBroadcastReceiver
07-17 12:57:12.127 10586 10600 W BroadcastQueue: Background execution not allowed: receiving Intent { act=android.location.PROVIDERS_CHANGED flg=0x10 } to com.google.android.gms/com.google.android.location.internal.NlpNetworkProviderSettingsUpdateReceiver
07-17 12:57:12.129 10586 10600 W BroadcastQueue: Background execution not allowed: receiving Intent { act=android.location.PROVIDERS_CHANGED flg=0x10 } to com.google.android.gms/.chimera.GmsIntentOperationService$PersistentTrustedReceiver
07-17 12:57:12.129 10586 10600 W BroadcastQueue: Background execution not allowed: receiving Intent { act=android.location.PROVIDERS_CHANGED flg=0x10 } to com.google.android.googlequicksearchbox/com.google.android.apps.gsa.broadcastreceiver.external.ExternalCommonBroadcastReceiver
07-17 12:57:12.129 10586 10600 W BroadcastQueue: Background execution not allowed: receiving Intent { act=android.location.MODE_CHANGED flg=0x10 } to com.google.android.apps.maps/com.google.android.apps.gmm.locationsharing.usr.LocationAvailabilityChecker$LocationProvidersChangedBroadcastReceiver
07-17 12:57:12.130 10586 10600 W BroadcastQueue: Background execution not allowed: receiving Intent { act=android.location.MODE_CHANGED flg=0x10 } to com.google.android.gms/.chimera.GmsIntentOperationService$PersistentTrustedReceiver
07-17 12:57:12.463 10586 10711 W ActivityManager: Unable to start service Intent { act=com.google.android.gms.nearby.discovery:ACTION_PERMISSION_CHANGE cmp=com.google.android.gms/.nearby.discovery.service.DiscoveryService } U=0: not found
07-17 12:57:12.757 10586 10600 W BroadcastQueue: Background execution not allowed: receiving Intent { act=android.location.PROVIDERS_CHANGED flg=0x10 } to com.google.android.apps.maps/com.google.android.apps.gmm.locationsharing.usr.LocationAvailabilityChecker$LocationProvidersChangedBroadcastReceiver
07-17 12:57:12.757 10586 10600 W BroadcastQueue: Background execution not allowed: receiving Intent { act=android.location.PROVIDERS_CHANGED flg=0x10 } to com.google.android.gms/com.google.android.location.internal.NlpNetworkProviderSettingsUpdateReceiver
07-17 12:57:12.758 10586 10600 W BroadcastQueue: Background execution not allowed: receiving Intent { act=android.location.PROVIDERS_CHANGED flg=0x10 } to com.google.android.gms/.chimera.GmsIntentOperationService$PersistentTrustedReceiver
07-17 12:57:12.764 10586 10600 W BroadcastQueue: Background execution not allowed: receiving Intent { act=android.location.PROVIDERS_CHANGED flg=0x10 } to com.google.android.googlequicksearchbox/com.google.android.apps.gsa.broadcastreceiver.external.ExternalCommonBroadcastReceiver
07-17 12:57:12.764 10586 10600 W BroadcastQueue: Background execution not allowed: receiving Intent { act=android.location.MODE_CHANGED flg=0x10 } to com.google.android.apps.maps/com.google.android.apps.gmm.locationsharing.usr.LocationAvailabilityChecker$LocationProvidersChangedBroadcastReceiver
07-17 12:57:12.764 10586 10600 W BroadcastQueue: Background execution not allowed: receiving Intent { act=android.location.MODE_CHANGED flg=0x10 } to com.google.android.gms/.chimera.GmsIntentOperationService$PersistentTrustedReceiver
07-17 12:57:12.862 10586 10967 W ActivityManager: Unable to start service Intent { act=com.google.android.gms.nearby.discovery:ACTION_PERMISSION_CHANGE cmp=com.google.android.gms/.nearby.discovery.service.DiscoveryService } U=0: not found
07-17 12:57:12.995 10586 13287 V MediaRouterService: restoreBluetoothA2dp(false)
07-17 12:57:15.755 10586 10586 W WindowManager: removeWindowToken: Attempted to remove non-existing token: android.os.Binder@93a92e4
07-17 12:57:15.832 10586 14388 I ActivityManager: Killing 20828:android.process.acore/u0a2 (adj 904): empty #17
07-17 12:57:38.852 10586 10967 V MediaRouterService: restoreBluetoothA2dp(false)
07-17 12:57:46.421 10586 10820 V MediaRouterService: restoreBluetoothA2dp(false)
07-17 12:57:46.468 10586 10958 V MediaRouterService: restoreBluetoothA2dp(false)
07-17 12:57:48.404 10586 10820 V MediaRouterService: restoreBluetoothA2dp(false)
07-17 12:57:59.950 10586 12210 V MediaRouterService: restoreBluetoothA2dp(false)
07-17 12:58:02.132 10586 11033 V MediaRouterService: restoreBluetoothA2dp(false)
07-17 12:58:05.772 10586 10820 V MediaRouterService: restoreBluetoothA2dp(false)
07-17 12:58:09.417 10586 10711 V MediaRouterService: restoreBluetoothA2dp(false)
07-17 12:58:53.355 10586 10711 V MediaRouterService: restoreBluetoothA2dp(false)
07-17 12:58:54.205 10586 10586 W NotificationService: Removed summary didn't match old notification: old=0|net.osmand|100|null|10104, removed=0|net.osmand|100|null|10104
07-17 12:58:55.115 10586 10586 I chatty  : uid=1000 system_server identical 2 lines
07-17 12:58:55.118 10586 10586 W NotificationService: Removed summary didn't match old notification: old=0|net.osmand|100|null|10104, removed=0|net.osmand|100|null|10104
07-17 12:58:56.668 10586 15312 V MediaRouterService: restoreBluetoothA2dp(false)
07-17 12:58:56.908 10586 10586 W NotificationService: Removed summary didn't match old notification: old=0|net.osmand|100|null|10104, removed=0|net.osmand|100|null|10104
07-17 12:58:58.050 10586 10958 V MediaRouterService: restoreBluetoothA2dp(false)
07-17 12:59:00.177 10586 16503 V MediaRouterService: restoreBluetoothA2dp(false)
07-17 12:59:29.374 10586 12210 I ActivityManager: Start proc 22151:com.google.android.videos/u0a74 for service com.google.android.videos/com.google.android.apps.play.movies.common.service.drm.RefreshLicenseTaskService
07-17 12:59:30.648 10586 10601 W Looper  : Dispatch took 103ms on android.ui, h=Handler (com.android.server.am.ActivityManagerService$UiHandler) {626a543} cb=null msg=53
07-17 12:59:48.086 10586 10967 V MediaRouterService: restoreBluetoothA2dp(false)
07-17 12:59:50.247 10586 12210 V MediaRouterService: restoreBluetoothA2dp(false)
07-17 13:00:05.469 10586 10712 I ActivityManager: Killing 21603:com.google.android.deskclock/u0a69 (adj 904): empty #17
07-17 13:00:29.178 10586 10660 D ConnectivityService: reportNetworkConnectivity(101, false) by 10014
07-17 13:00:32.427 10586 10603 E BatteryExternalStatsWorker: modem info is invalid: ModemActivityInfo{ mTimestamp=0 mSleepTimeMs=0 mIdleTimeMs=0 mTxTimeMs[]=[0, 0, 0, 0, 0] mRxTimeMs=0 mEnergyUsed=0}
07-17 13:00:52.347 10586 10660 D ConnectivityService: NetworkAgentInfo [WIFI () - 101] validation failed
07-17 13:00:52.357 10586 10660 D ConnectivityService: Switching to new default network: NetworkAgentInfo{ ni{[type: MOBILE[GPRS], state: CONNECTED/CONNECTED, reason: (unspecified), extra: epc.tmobile.com, failover: false, available: true, roaming: false]}  network{104}  nethandle{446693034718}  lp{{InterfaceName: radio0 LinkAddresses: [192.168.200.2/24,]  Routes: [0.0.0.0/0 -> 192.168.200.1 radio0,192.168.200.0/24 -> 0.0.0.0 radio0,] DnsAddresses: [10.0.2.3,] Domains: null MTU: 1500 TcpBufferSizes: 4092,8760,48000,4096,8760,48000}}  nc{[ Transports: CELLULAR Capabilities: MMS&SUPL&DUN&FOTA&IMS&CBS&IA&INTERNET&NOT_RESTRICTED&TRUSTED&NOT_VPN&VALIDATED LinkUpBandwidth>=80Kbps LinkDnBandwidth>=80Kbps Specifier: <1>]}  Score{50}  everValidated{true}  lastValidated{true}  created{true} lingering{false} explicitlySelected{false} acceptUnvalidated{false} everCaptivePortalDetected{false} lastCaptivePortalDetected{false} clat{null} }
07-17 13:00:52.564 10586 10660 D ConnectivityService: Sending DISCONNECTED broadcast for type 1 NetworkAgentInfo [WIFI () - 101] isDefaultNetwork=true
07-17 13:00:52.577 10586 10660 D ConnectivityService: Sending CONNECTED broadcast for type 0 NetworkAgentInfo [MOBILE (GPRS) - 104] isDefaultNetwork=true
07-17 13:00:52.766 10586 10653 D NetworkStats: Resolving plan for NetworkTemplate: matchRule=MOBILE_ALL, subscriberId=310260..., matchSubscriberIds=[310260...]
07-17 13:00:52.773 10586 10653 D NetworkStats: Found active matching subId 1
07-17 13:00:52.776 10586 10660 D ConnectivityService: handleNetworkUnvalidated NetworkAgentInfo [WIFI () - 101] cap=[ Transports: WIFI Capabilities: NOT_METERED&INTERNET&NOT_RESTRICTED&TRUSTED&NOT_VPN&FOREGROUND LinkUpBandwidth>=1048576Kbps LinkDnBandwidth>=1048576Kbps SignalStrength: -50]
07-17 13:00:52.796 10586 10653 D NetworkStats: Resolved to plan null
07-17 13:00:52.965 10586 10653 D NetworkStats: Resolving plan for NetworkTemplate: matchRule=MOBILE_ALL, subscriberId=310260..., matchSubscriberIds=[310260...]
07-17 13:00:52.984 10586 10653 D NetworkStats: Found active matching subId 1
07-17 13:00:52.998 10586 10653 D NetworkStats: Resolved to plan null
07-17 13:01:08.554 10586 10660 D ConnectivityService: NetworkAgentInfo [WIFI () - 101] validation failed
07-17 13:01:15.534 10586 10660 D ConnectivityService: reportNetworkConnectivity(104, false) by 10014
07-17 13:01:19.558 10586 10660 D ConnectivityService: NetworkAgentInfo [WIFI () - 101] validation failed
07-17 13:01:22.352 10586 10660 D ConnectivityService: handleLingerComplete for NetworkAgentInfo [WIFI () - 101]
07-17 13:01:38.563 10586 10660 D ConnectivityService: NetworkAgentInfo [WIFI () - 101] validation failed
07-17 13:01:47.232 10586 10599 I UsageStatsService: User[0] Flushing usage stats to disk
07-17 13:01:51.648 10586 12210 V MediaRouterService: restoreBluetoothA2dp(false)
07-17 13:01:55.214 10586 12210 V MediaRouterService: restoreBluetoothA2dp(false)
07-17 13:01:58.312 10586 10712 V MediaRouterService: restoreBluetoothA2dp(false)
07-17 13:02:00.282 10586 10711 V MediaRouterService: restoreBluetoothA2dp(false)
07-17 13:02:06.060 10586 10660 D ConnectivityService: NetworkAgentInfo [MOBILE (GPRS) - 104] validation failed
07-17 13:02:06.065 10586 10660 D ConnectivityService: Switching to new default network: NetworkAgentInfo{ ni{[type: WIFI[], state: CONNECTED/CONNECTED, reason: (unspecified), extra: "AndroidWifi", failover: false, available: true, roaming: false]}  network{101}  nethandle{433808132830}  lp{{InterfaceName: wlan0 LinkAddresses: [fe80::ff:fe44:5566/64,192.168.232.2/21,fec0::ff:fe44:5566/64,fec0::de0:19d7:7bc9:7050/64,]  Routes: [fe80::/64 -> :: wlan0,::/0 -> fe80::ff:fe00:100 wlan0,fec0::/64 -> :: wlan0,192.168.232.0/21 -> 0.0.0.0 wlan0,0.0.0.0/0 -> 192.168.232.1 wlan0,] DnsAddresses: [10.0.2.3,] Domains: null MTU: 0 TcpBufferSizes: 524288,1048576,2097152,262144,524288,1048576}}  nc{[ Transports: WIFI Capabilities: NOT_METERED&INTERNET&NOT_RESTRICTED&TRUSTED&NOT_VPN&FOREGROUND LinkUpBandwidth>=1048576Kbps LinkDnBandwidth>=1048576Kbps SignalStrength: -50]}  Score{20}  everValidated{true}  lastValidated{false}  created{true} lingering{false} explicitlySelected{false} acceptUnvalidated{false} everCaptivePortalDetected{false} lastCaptivePortalDetected{false} clat{null} }
07-17 13:02:06.111 10586 10660 D ConnectivityService: Sending DISCONNECTED broadcast for type 0 NetworkAgentInfo [MOBILE (GPRS) - 104] isDefaultNetwork=true
07-17 13:02:06.167 10586 10660 D ConnectivityService: Sending CONNECTED broadcast for type 1 NetworkAgentInfo [WIFI () - 101] isDefaultNetwork=true
07-17 13:02:06.212 10586 10660 D ConnectivityService: handleNetworkUnvalidated NetworkAgentInfo [MOBILE (GPRS) - 104] cap=[ Transports: CELLULAR Capabilities: MMS&SUPL&DUN&FOTA&IMS&CBS&IA&INTERNET&NOT_RESTRICTED&TRUSTED&NOT_VPN&FOREGROUND LinkUpBandwidth>=80Kbps LinkDnBandwidth>=80Kbps Specifier: <1>]
07-17 13:02:06.223 10586 10653 D NetworkStats: Resolving plan for NetworkTemplate: matchRule=MOBILE_ALL, subscriberId=310260..., matchSubscriberIds=[310260...]
07-17 13:02:06.226 10586 10653 D NetworkStats: Found active matching subId 1
07-17 13:02:06.235 10586 10653 D NetworkStats: Resolved to plan null
07-17 13:02:06.321 10586 10653 D NetworkStats: Resolving plan for NetworkTemplate: matchRule=MOBILE_ALL, subscriberId=310260..., matchSubscriberIds=[310260...]
07-17 13:02:06.334 10586 10653 D NetworkStats: Found active matching subId 1
07-17 13:02:06.341 10586 10653 D NetworkStats: Resolved to plan null
07-17 13:02:12.867 10586 10660 D ConnectivityService: NetworkAgentInfo [WIFI () - 101] validation failed
07-17 13:02:23.039 10586 10660 D ConnectivityService: NetworkAgentInfo [MOBILE (GPRS) - 104] validation failed
07-17 13:02:36.064 10586 10660 D ConnectivityService: handleLingerComplete for NetworkAgentInfo [MOBILE (GPRS) - 104]
07-17 13:02:40.150 10586 10660 D ConnectivityService: NetworkAgentInfo [MOBILE (GPRS) - 104] validation failed
07-17 13:02:48.989 10586 10660 D ConnectivityService: NetworkAgentInfo [WIFI () - 101] validation failed
07-17 13:03:07.199 10586 10660 D ConnectivityService: NetworkAgentInfo [MOBILE (GPRS) - 104] validation failed
07-17 13:03:12.971 10586 15312 V MediaRouterService: restoreBluetoothA2dp(false)
07-17 13:03:14.064 10586 11034 V MediaRouterService: restoreBluetoothA2dp(false)
07-17 13:03:30.753 10586 10660 D ConnectivityService: NetworkAgentInfo [MOBILE (GPRS) - 104] validation failed
07-17 13:03:44.145 10586 10660 D ConnectivityService: NetworkAgentInfo [WIFI () - 101] validation failed
07-17 13:04:09.793 10586 10660 D ConnectivityService: NetworkAgentInfo [MOBILE (GPRS) - 104] validation failed
07-17 13:04:17.571 10586 10603 E BatteryExternalStatsWorker: modem info is invalid: ModemActivityInfo{ mTimestamp=0 mSleepTimeMs=0 mIdleTimeMs=0 mTxTimeMs[]=[0, 0, 0, 0, 0] mRxTimeMs=0 mEnergyUsed=0}
07-17 13:04:31.777 10586 10603 E BatteryExternalStatsWorker: modem info is invalid: ModemActivityInfo{ mTimestamp=0 mSleepTimeMs=0 mIdleTimeMs=0 mTxTimeMs[]=[0, 0, 0, 0, 0] mRxTimeMs=0 mEnergyUsed=0}
07-17 13:04:57.854 10586 10660 D ConnectivityService: NetworkAgentInfo [MOBILE (GPRS) - 104] validation failed
07-17 13:05:38.291 10586 10660 D ConnectivityService: NetworkAgentInfo [WIFI () - 101] validation failed
07-17 13:06:44.974 10586 10660 D ConnectivityService: NetworkAgentInfo [MOBILE (GPRS) - 104] validation failed
07-17 13:06:52.992 10586 10603 E BatteryExternalStatsWorker: modem info is invalid: ModemActivityInfo{ mTimestamp=0 mSleepTimeMs=0 mIdleTimeMs=0 mTxTimeMs[]=[0, 0, 0, 0, 0] mRxTimeMs=0 mEnergyUsed=0}
07-17 13:07:56.836 10586 10603 E BatteryExternalStatsWorker: modem info is invalid: ModemActivityInfo{ mTimestamp=0 mSleepTimeMs=0 mIdleTimeMs=0 mTxTimeMs[]=[0, 0, 0, 0, 0] mRxTimeMs=0 mEnergyUsed=0}
07-17 13:08:05.994 10586 11846 V MediaRouterService: restoreBluetoothA2dp(false)
07-17 13:08:06.116 10586 10712 V MediaRouterService: restoreBluetoothA2dp(false)
07-17 13:08:08.364 10586 10603 E BatteryExternalStatsWorker: modem info is invalid: ModemActivityInfo{ mTimestamp=0 mSleepTimeMs=0 mIdleTimeMs=0 mTxTimeMs[]=[0, 0, 0, 0, 0] mRxTimeMs=0 mEnergyUsed=0}
07-17 13:08:10.365 10586 10660 D ConnectivityService: NetworkAgentInfo [WIFI () - 101] validation failed
07-17 13:08:42.686 10586 10603 E BatteryExternalStatsWorker: modem info is invalid: ModemActivityInfo{ mTimestamp=0 mSleepTimeMs=0 mIdleTimeMs=0 mTxTimeMs[]=[0, 0, 0, 0, 0] mRxTimeMs=0 mEnergyUsed=0}
07-17 13:09:08.435 10586 10660 D ConnectivityService: NetworkAgentInfo [MOBILE (GPRS) - 104] validation failed
07-17 13:09:09.256 10586 10958 V MediaRouterService: restoreBluetoothA2dp(false)
07-17 13:09:11.994 10586 10958 V MediaRouterService: restoreBluetoothA2dp(false)
07-17 13:09:15.516 10586 13287 V MediaRouterService: restoreBluetoothA2dp(false)
07-17 13:09:18.844 10586 14388 V MediaRouterService: restoreBluetoothA2dp(false)
07-17 13:09:26.467 10586 10603 E BatteryExternalStatsWorker: modem info is invalid: ModemActivityInfo{ mTimestamp=0 mSleepTimeMs=0 mIdleTimeMs=0 mTxTimeMs[]=[0, 0, 0, 0, 0] mRxTimeMs=0 mEnergyUsed=0}
07-17 13:09:28.108 10586 10958 V MediaRouterService: restoreBluetoothA2dp(false)
07-17 13:09:29.163 10586 12210 V MediaRouterService: restoreBluetoothA2dp(false)
07-17 13:09:44.268 10586 10603 E BatteryExternalStatsWorker: modem info is invalid: ModemActivityInfo{ mTimestamp=0 mSleepTimeMs=0 mIdleTimeMs=0 mTxTimeMs[]=[0, 0, 0, 0, 0] mRxTimeMs=0 mEnergyUsed=0}
07-17 13:09:58.350 10586 10958 V MediaRouterService: restoreBluetoothA2dp(false)
07-17 13:09:58.641 10586 11846 V MediaRouterService: restoreBluetoothA2dp(false)
07-17 13:10:34.463 10586 10603 E BatteryExternalStatsWorker: modem info is invalid: ModemActivityInfo{ mTimestamp=0 mSleepTimeMs=0 mIdleTimeMs=0 mTxTimeMs[]=[0, 0, 0, 0, 0] mRxTimeMs=0 mEnergyUsed=0}
07-17 13:10:55.967 10586 10586 W NotificationService: Removed summary didn't match old notification: old=0|net.osmand|100|null|10104, removed=0|net.osmand|100|null|10104
07-17 13:11:23.395 10586 10711 V MediaRouterService: restoreBluetoothA2dp(false)
07-17 13:11:27.881 10586 12401 V MediaRouterService: restoreBluetoothA2dp(false)
07-17 13:11:36.757 10586 10958 V MediaRouterService: restoreBluetoothA2dp(false)
07-17 13:11:40.087 10586 10711 V MediaRouterService: restoreBluetoothA2dp(false)
07-17 13:11:51.197 10586 13287 V MediaRouterService: restoreBluetoothA2dp(false)
07-17 13:11:54.947 10586 14388 V MediaRouterService: restoreBluetoothA2dp(false)
07-17 13:12:02.864 10586 10958 V MediaRouterService: restoreBluetoothA2dp(false)
07-17 13:12:05.106 10586 10711 V MediaRouterService: restoreBluetoothA2dp(false)
07-17 13:13:06.539 10586 10660 D ConnectivityService: NetworkAgentInfo [WIFI () - 101] validation failed
07-17 13:14:14.656 10586 10660 D ConnectivityService: NetworkAgentInfo [MOBILE (GPRS) - 104] validation failed
07-17 13:14:19.683 10586 10603 E BatteryExternalStatsWorker: modem info is invalid: ModemActivityInfo{ mTimestamp=0 mSleepTimeMs=0 mIdleTimeMs=0 mTxTimeMs[]=[0, 0, 0, 0, 0] mRxTimeMs=0 mEnergyUsed=0}
07-17 13:14:41.303 10586 10711 V MediaRouterService: restoreBluetoothA2dp(false)
07-17 13:14:43.919 10586 11846 V MediaRouterService: restoreBluetoothA2dp(false)
07-17 13:15:28.677 10586 10586 I ActivityManager: Start proc 22843:com.google.android.dialer/u0a20 for service com.google.android.dialer/com.google.android.apps.dialer.spam.impl.SpamJobService
07-17 13:16:08.925 10586 16503 V MediaRouterService: restoreBluetoothA2dp(false)
07-17 13:16:12.549 10586 14388 V MediaRouterService: restoreBluetoothA2dp(false)
07-17 13:16:19.527 10586 13287 V MediaRouterService: restoreBluetoothA2dp(false)
07-17 13:16:20.345 10586 10711 V MediaRouterService: restoreBluetoothA2dp(false)
07-17 13:17:05.104 10586 11846 V MediaRouterService: restoreBluetoothA2dp(false)
07-17 13:17:06.010 10586 11846 V MediaRouterService: restoreBluetoothA2dp(false)
07-17 13:18:17.534 10586 10958 V MediaRouterService: restoreBluetoothA2dp(false)
07-17 13:18:17.575 10586 10603 E BatteryExternalStatsWorker: modem info is invalid: ModemActivityInfo{ mTimestamp=0 mSleepTimeMs=0 mIdleTimeMs=0 mTxTimeMs[]=[0, 0, 0, 0, 0] mRxTimeMs=0 mEnergyUsed=0}
07-17 13:18:17.728 10586 10711 V MediaRouterService: restoreBluetoothA2dp(false)
07-17 13:20:23.870 10586 10603 E BatteryExternalStatsWorker: modem info is invalid: ModemActivityInfo{ mTimestamp=0 mSleepTimeMs=0 mIdleTimeMs=0 mTxTimeMs[]=[0, 0, 0, 0, 0] mRxTimeMs=0 mEnergyUsed=0}
07-17 13:21:32.380 10586 10967 V MediaRouterService: restoreBluetoothA2dp(false)
07-17 13:21:33.462 10586 15312 V MediaRouterService: restoreBluetoothA2dp(false)
07-17 13:22:17.728 10586 10660 D ConnectivityService: NetworkAgentInfo [WIFI () - 101] validation failed
07-17 13:22:26.634 10586 10603 E BatteryExternalStatsWorker: modem info is invalid: ModemActivityInfo{ mTimestamp=0 mSleepTimeMs=0 mIdleTimeMs=0 mTxTimeMs[]=[0, 0, 0, 0, 0] mRxTimeMs=0 mEnergyUsed=0}
07-17 13:22:56.491 10586 10603 E KernelCpuSpeedReader: Failed to read cpu-freq: /sys/devices/system/cpu/cpu0/cpufreq/stats/time_in_state (No such file or directory)
07-17 13:22:56.506 10586 10603 E BatteryExternalStatsWorker: modem info is invalid: ModemActivityInfo{ mTimestamp=0 mSleepTimeMs=0 mIdleTimeMs=0 mTxTimeMs[]=[0, 0, 0, 0, 0] mRxTimeMs=0 mEnergyUsed=0}
07-17 13:23:08.174 10586 10660 D ConnectivityService: NetworkAgentInfo [MOBILE (GPRS) - 104] validation failed
07-17 13:23:11.172 10586 10653 D NetworkStats: Resolving plan for NetworkTemplate: matchRule=MOBILE_ALL, subscriberId=310260..., matchSubscriberIds=[310260...]
07-17 13:23:11.174 10586 10653 D NetworkStats: Found active matching subId 1
07-17 13:23:11.191 10586 10653 D NetworkStats: Resolved to plan null
07-17 13:23:51.163 10586 14373 I ActivityManager: Killing 21523:com.google.android.apps.photos/u0a67 (adj 902): empty for 1800s
07-17 13:23:51.164 10586 14373 I ActivityManager: Killing 21776:com.android.chrome:sandboxed_process0/u0a85i6 (adj 902): empty for 1800s
07-17 13:23:51.164 10586 14373 I ActivityManager: Killing 21008:com.android.providers.calendar/u0a4 (adj 904): empty for 1802s
07-17 13:23:51.165 10586 14373 I ActivityManager: Killing 21548:com.google.android.calendar/u0a45 (adj 904): empty for 1802s
07-17 13:23:51.165 10586 14373 I ActivityManager: Killing 21664:com.google.android.play.games/u0a84 (adj 904): empty for 1802s
07-17 13:23:51.165 10586 14373 I ActivityManager: Killing 21647:com.ustwo.lwp/u0a76 (adj 904): empty for 1802s
07-17 13:23:51.182 10586 10820 W ActivityManager: Scheduling restart of crashed service com.mapswithme.maps.pro/org.chromium.content.app.SandboxedProcessService0 in 1000ms
07-17 13:23:51.185 10586 10603 E KernelCpuSpeedReader: Failed to read cpu-freq: /sys/devices/system/cpu/cpu0/cpufreq/stats/time_in_state (No such file or directory)
07-17 13:23:51.187 10586 10603 D KernelUidCpuTimeReader: Removing uids 99006-99006
07-17 13:23:58.211 10586 10607 E SensorNotificationService: Invalid local geomagnetic field, ignore.
07-17 13:24:28.171 10586 12210 V MediaRouterService: restoreBluetoothA2dp(false)
07-17 13:24:28.511 10586 13470 V MediaRouterService: restoreBluetoothA2dp(false)
07-17 13:24:33.617 10586 10603 E BatteryExternalStatsWorker: modem info is invalid: ModemActivityInfo{ mTimestamp=0 mSleepTimeMs=0 mIdleTimeMs=0 mTxTimeMs[]=[0, 0, 0, 0, 0] mRxTimeMs=0 mEnergyUsed=0}
07-17 13:25:05.793 10586 10603 E BatteryExternalStatsWorker: modem info is invalid: ModemActivityInfo{ mTimestamp=0 mSleepTimeMs=0 mIdleTimeMs=0 mTxTimeMs[]=[0, 0, 0, 0, 0] mRxTimeMs=0 mEnergyUsed=0}
07-17 13:25:29.499 10586 10586 I JobServiceContext: Client timed out while executing (no jobFinished received), sending onStop: a1c0959 #u0a20/50 com.google.android.dialer/com.google.android.apps.dialer.spam.impl.SpamJobService
07-17 13:25:29.586 10586 12210 I ActivityManager: Killing 21909:com.google.android.partnersetup/u0a17 (adj 904): empty for 1831s
07-17 13:25:29.614 10586 12210 I ActivityManager: Killing 21689:com.mapswithme.maps.pro/u0a85 (adj 906): empty for 1899s
07-17 13:25:29.683 10586 15190 D ConnectivityService: ConnectivityService NetworkRequestInfo binderDied(NetworkRequest [ LISTEN id=47, [ Capabilities: INTERNET&NOT_RESTRICTED&TRUSTED&FOREGROUND] ], android.os.BinderProxy@6d22fd2)
07-17 13:25:53.135 10586 10600 W BroadcastQueue: Background execution not allowed: receiving Intent { act=android.intent.action.DROPBOX_ENTRY_ADDED flg=0x10 (has extras) } to com.google.android.gms/.stats.service.DropBoxEntryAddedReceiver
07-17 13:25:53.135 10586 10600 W BroadcastQueue: Background execution not allowed: receiving Intent { act=android.intent.action.DROPBOX_ENTRY_ADDED flg=0x10 (has extras) } to com.google.android.gms/.chimera.GmsIntentOperationService$PersistentTrustedReceiver
07-17 13:25:53.156 10586 10600 W BroadcastQueue: Background execution not allowed: receiving Intent { act=android.intent.action.DROPBOX_ENTRY_ADDED flg=0x10 (has extras) } to com.google.android.gms/.stats.service.DropBoxEntryAddedReceiver
07-17 13:25:53.157 10586 10600 W BroadcastQueue: Background execution not allowed: receiving Intent { act=android.intent.action.DROPBOX_ENTRY_ADDED flg=0x10 (has extras) } to com.google.android.gms/.chimera.GmsIntentOperationService$PersistentTrustedReceiver
07-17 13:25:54.115 10586 10600 W BroadcastQueue: Background execution not allowed: receiving Intent { act=android.intent.action.DROPBOX_ENTRY_ADDED flg=0x10 (has extras) } to com.google.android.gms/.stats.service.DropBoxEntryAddedReceiver
07-17 13:25:54.117 10586 10600 W BroadcastQueue: Background execution not allowed: receiving Intent { act=android.intent.action.DROPBOX_ENTRY_ADDED flg=0x10 (has extras) } to com.google.android.gms/.chimera.GmsIntentOperationService$PersistentTrustedReceiver
07-17 13:27:29.220 10586 11034 V MediaRouterService: restoreBluetoothA2dp(false)
07-17 13:27:29.610 10586 13679 V MediaRouterService: restoreBluetoothA2dp(false)
07-17 13:27:55.979 10586 13679 I chatty  : uid=1000(system) Binder:10586_14 identical 1 line
07-17 13:27:56.557 10586 13679 V MediaRouterService: restoreBluetoothA2dp(false)
07-17 13:29:00.500 10586 13287 V MediaRouterService: restoreBluetoothA2dp(false)
07-17 13:29:01.497 10586 10597 V MediaRouterService: restoreBluetoothA2dp(false)
07-17 13:29:11.911 10586 16754 V MediaRouterService: restoreBluetoothA2dp(false)
07-17 13:29:14.253 10586 10596 V MediaRouterService: restoreBluetoothA2dp(false)
07-17 13:29:48.817 10586 10958 V MediaRouterService: restoreBluetoothA2dp(false)
07-17 13:29:50.598 10586 12329 V MediaRouterService: restoreBluetoothA2dp(false)
07-17 13:29:50.772 10586 10597 V MediaRouterService: restoreBluetoothA2dp(false)
07-17 13:29:52.908 10586 10958 V MediaRouterService: restoreBluetoothA2dp(false)
07-17 13:29:56.718 10586 10596 V MediaRouterService: restoreBluetoothA2dp(false)
07-17 13:29:56.729 10586 15190 V MediaRouterService: restoreBluetoothA2dp(false)
07-17 13:30:42.003 10586 10597 V MediaRouterService: restoreBluetoothA2dp(false)
07-17 13:30:44.169 10586 12329 V MediaRouterService: restoreBluetoothA2dp(false)
07-17 13:31:10.224 10586 11034 V MediaRouterService: restoreBluetoothA2dp(false)
07-17 13:31:12.395 10586 10958 V MediaRouterService: restoreBluetoothA2dp(false)
07-17 13:31:49.354 10586 10603 E BatteryExternalStatsWorker: modem info is invalid: ModemActivityInfo{ mTimestamp=0 mSleepTimeMs=0 mIdleTimeMs=0 mTxTimeMs[]=[0, 0, 0, 0, 0] mRxTimeMs=0 mEnergyUsed=0}
07-17 13:32:39.068 10586 10660 D ConnectivityService: NetworkAgentInfo [WIFI () - 101] validation failed
07-17 13:32:41.441 10586 10603 E BatteryExternalStatsWorker: modem info is invalid: ModemActivityInfo{ mTimestamp=0 mSleepTimeMs=0 mIdleTimeMs=0 mTxTimeMs[]=[0, 0, 0, 0, 0] mRxTimeMs=0 mEnergyUsed=0}
07-17 13:32:51.925 10586 10596 V MediaRouterService: restoreBluetoothA2dp(false)
07-17 13:32:53.646 10586 14373 V MediaRouterService: restoreBluetoothA2dp(false)
07-17 13:33:06.361 10586 16754 V MediaRouterService: restoreBluetoothA2dp(false)
07-17 13:33:08.646 10586 14373 V MediaRouterService: restoreBluetoothA2dp(false)
07-17 13:33:51.355 10586 10660 D ConnectivityService: NetworkAgentInfo [MOBILE (GPRS) - 104] validation failed
07-17 13:33:58.375 10586 11033 V MediaRouterService: restoreBluetoothA2dp(false)
07-17 13:33:58.517 10586 10603 E BatteryExternalStatsWorker: modem info is invalid: ModemActivityInfo{ mTimestamp=0 mSleepTimeMs=0 mIdleTimeMs=0 mTxTimeMs[]=[0, 0, 0, 0, 0] mRxTimeMs=0 mEnergyUsed=0}
07-17 13:34:06.071 10586 10958 V MediaRouterService: restoreBluetoothA2dp(false)
07-17 13:34:22.002 10586 10820 V MediaRouterService: restoreBluetoothA2dp(false)
07-17 13:34:27.377 10586 10603 E BatteryExternalStatsWorker: modem info is invalid: ModemActivityInfo{ mTimestamp=0 mSleepTimeMs=0 mIdleTimeMs=0 mTxTimeMs[]=[0, 0, 0, 0, 0] mRxTimeMs=0 mEnergyUsed=0}
07-17 13:34:29.872 10586 12329 V MediaRouterService: restoreBluetoothA2dp(false)
07-17 13:34:40.950 10586 10586 W NotificationService: Removed summary didn't match old notification: old=0|net.osmand|100|null|10104, removed=0|net.osmand|100|null|10104
07-17 13:34:40.998 10586 12329 V MediaRouterService: restoreBluetoothA2dp(false)
07-17 13:34:46.095 10586 10603 E BatteryExternalStatsWorker: modem info is invalid: ModemActivityInfo{ mTimestamp=0 mSleepTimeMs=0 mIdleTimeMs=0 mTxTimeMs[]=[0, 0, 0, 0, 0] mRxTimeMs=0 mEnergyUsed=0}
07-17 13:34:48.619 10586 11509 V MediaRouterService: restoreBluetoothA2dp(false)
07-17 13:34:52.115 10586 10586 W NotificationService: Removed summary didn't match old notification: old=0|net.osmand|100|null|10104, removed=0|net.osmand|100|null|10104
07-17 13:35:14.449 10586 11509 V MediaRouterService: restoreBluetoothA2dp(false)
07-17 13:35:21.762 10586 11034 V MediaRouterService: restoreBluetoothA2dp(false)
07-17 13:38:56.367 10586 10958 V MediaRouterService: restoreBluetoothA2dp(false)
07-17 13:38:57.342 10586 10958 I chatty  : uid=1000(system) Binder:10586_7 identical 1 line
07-17 13:39:06.045 10586 10958 V MediaRouterService: restoreBluetoothA2dp(false)
07-17 13:39:06.717 10586 11509 V MediaRouterService: restoreBluetoothA2dp(false)
07-17 13:41:03.954 10586 10603 E BatteryExternalStatsWorker: modem info is invalid: ModemActivityInfo{ mTimestamp=0 mSleepTimeMs=0 mIdleTimeMs=0 mTxTimeMs[]=[0, 0, 0, 0, 0] mRxTimeMs=0 mEnergyUsed=0}
07-17 13:41:22.569 10586 14373 V MediaRouterService: restoreBluetoothA2dp(false)
07-17 13:41:24.592 10586 10958 V MediaRouterService: restoreBluetoothA2dp(false)
07-17 13:41:39.306 10586 15190 V MediaRouterService: restoreBluetoothA2dp(false)
07-17 13:41:43.746 10586 15190 V MediaRouterService: restoreBluetoothA2dp(false)
07-17 13:41:49.740 10586 11509 V MediaRouterService: restoreBluetoothA2dp(false)
07-17 13:41:55.293 10586 10820 V MediaRouterService: restoreBluetoothA2dp(false)
07-17 13:43:19.241 10586 10660 D ConnectivityService: NetworkAgentInfo [WIFI () - 101] validation failed
07-17 13:44:05.020 10586 10660 D ConnectivityService: NetworkAgentInfo [MOBILE (GPRS) - 104] validation failed
07-17 13:44:39.140 10586 10603 E BatteryExternalStatsWorker: modem info is invalid: ModemActivityInfo{ mTimestamp=0 mSleepTimeMs=0 mIdleTimeMs=0 mTxTimeMs[]=[0, 0, 0, 0, 0] mRxTimeMs=0 mEnergyUsed=0}
07-17 13:45:03.478 10586 16503 V MediaRouterService: restoreBluetoothA2dp(false)
07-17 13:45:05.672 10586 10958 V MediaRouterService: restoreBluetoothA2dp(false)
07-17 13:45:45.325 10586 10603 E BatteryExternalStatsWorker: modem info is invalid: ModemActivityInfo{ mTimestamp=0 mSleepTimeMs=0 mIdleTimeMs=0 mTxTimeMs[]=[0, 0, 0, 0, 0] mRxTimeMs=0 mEnergyUsed=0}
07-17 13:45:53.080 10586 14373 V MediaRouterService: restoreBluetoothA2dp(false)
07-17 13:45:54.495 10586 14373 V MediaRouterService: restoreBluetoothA2dp(false)
07-17 13:45:54.606 10586 10820 V MediaRouterService: restoreBluetoothA2dp(false)
07-17 13:45:56.415 10586 10599 I UsageStatsService: User[0] Flushing usage stats to disk
07-17 13:45:56.766 10586 10958 V MediaRouterService: restoreBluetoothA2dp(false)
07-17 13:46:14.159 10586 10603 E BatteryExternalStatsWorker: modem info is invalid: ModemActivityInfo{ mTimestamp=0 mSleepTimeMs=0 mIdleTimeMs=0 mTxTimeMs[]=[0, 0, 0, 0, 0] mRxTimeMs=0 mEnergyUsed=0}
07-17 13:46:44.664 10586 10820 V MediaRouterService: restoreBluetoothA2dp(false)
07-17 13:46:46.245 10586 13470 V MediaRouterService: restoreBluetoothA2dp(false)
07-17 13:46:47.339 10586 10820 V MediaRouterService: restoreBluetoothA2dp(false)
07-17 13:46:49.454 10586 10820 V MediaRouterService: restoreBluetoothA2dp(false)
07-17 13:46:49.885 10586 11034 V MediaRouterService: restoreBluetoothA2dp(false)
07-17 13:46:51.922 10586 11027 V MediaRouterService: restoreBluetoothA2dp(false)
07-17 13:47:49.594 10586 10603 E BatteryExternalStatsWorker: modem info is invalid: ModemActivityInfo{ mTimestamp=0 mSleepTimeMs=0 mIdleTimeMs=0 mTxTimeMs[]=[0, 0, 0, 0, 0] mRxTimeMs=0 mEnergyUsed=0}
07-17 13:48:10.853 10586 12329 V MediaRouterService: restoreBluetoothA2dp(false)
07-17 13:48:18.116 10586 10820 V MediaRouterService: restoreBluetoothA2dp(false)
07-17 13:48:34.895 10586 13736 V MediaRouterService: restoreBluetoothA2dp(false)
07-17 13:48:42.576 10586 13736 V MediaRouterService: restoreBluetoothA2dp(false)
07-17 13:48:47.399 10586 10603 E BatteryExternalStatsWorker: modem info is invalid: ModemActivityInfo{ mTimestamp=0 mSleepTimeMs=0 mIdleTimeMs=0 mTxTimeMs[]=[0, 0, 0, 0, 0] mRxTimeMs=0 mEnergyUsed=0}
07-17 13:48:54.968 10586 16754 V MediaRouterService: restoreBluetoothA2dp(false)
07-17 13:49:02.632 10586 16503 V MediaRouterService: restoreBluetoothA2dp(false)
07-17 13:49:12.707 10586 12329 V MediaRouterService: restoreBluetoothA2dp(false)
07-17 13:49:20.095 10586 10794 V MediaRouterService: restoreBluetoothA2dp(false)
07-17 13:49:40.366 10586 10586 W NotificationService: Removed summary didn't match old notification: old=0|net.osmand|100|null|10104, removed=0|net.osmand|100|null|10104
07-17 13:50:28.304 10586 16754 V MediaRouterService: restoreBluetoothA2dp(false)
07-17 13:50:29.281 10586 10794 V MediaRouterService: restoreBluetoothA2dp(false)
07-17 13:51:01.372 10586 11034 V MediaRouterService: restoreBluetoothA2dp(false)
07-17 13:51:02.513 10586 13668 V MediaRouterService: restoreBluetoothA2dp(false)
07-17 13:51:06.518 10586 11027 V MediaRouterService: restoreBluetoothA2dp(false)
07-17 13:51:09.353 10586 11027 V MediaRouterService: restoreBluetoothA2dp(false)
07-17 13:51:11.782 10586 14388 V MediaRouterService: restoreBluetoothA2dp(false)
07-17 13:51:16.194 10586 10958 V MediaRouterService: restoreBluetoothA2dp(false)
07-17 13:52:56.509 10586 10603 E KernelCpuSpeedReader: Failed to read cpu-freq: /sys/devices/system/cpu/cpu0/cpufreq/stats/time_in_state (No such file or directory)
07-17 13:52:56.517 10586 10603 E BatteryExternalStatsWorker: modem info is invalid: ModemActivityInfo{ mTimestamp=0 mSleepTimeMs=0 mIdleTimeMs=0 mTxTimeMs[]=[0, 0, 0, 0, 0] mRxTimeMs=0 mEnergyUsed=0}
07-17 13:53:17.889 10586 10653 D NetworkStats: Resolving plan for NetworkTemplate: matchRule=MOBILE_ALL, subscriberId=310260..., matchSubscriberIds=[310260...]
07-17 13:53:17.894 10586 10653 D NetworkStats: Found active matching subId 1
07-17 13:53:17.910 10586 10653 D NetworkStats: Resolved to plan null
07-17 13:53:33.107 10586 10660 D ConnectivityService: NetworkAgentInfo [WIFI () - 101] validation failed
07-17 13:53:47.552 10586 10665 W ActivityManager: Slow operation: 56ms so far, now at startProcess: returned from zygote!
07-17 13:53:47.552 10586 10665 W ActivityManager: Slow operation: 56ms so far, now at startProcess: done updating battery stats
07-17 13:53:47.552 10586 10665 W ActivityManager: Slow operation: 56ms so far, now at startProcess: building log message
07-17 13:53:47.552 10586 10665 I ActivityManager: Start proc 24203:android.process.acore/u0a2 for content provider com.android.providers.contacts/.ContactsProvider2
07-17 13:53:47.552 10586 10665 W ActivityManager: Slow operation: 56ms so far, now at startProcess: starting to update pids map
07-17 13:53:47.553 10586 10665 W ActivityManager: Slow operation: 57ms so far, now at startProcess: done updating pids map
07-17 13:53:47.553 10586 10665 W ActivityManager: Slow operation: 57ms so far, now at startProcess: done starting proc!
07-17 13:53:47.553 10586 10665 W ActivityManager: Slow operation: 58ms so far, now at getContentProviderImpl: after start process
07-17 13:53:47.553 10586 10665 W ActivityManager: Slow operation: 58ms so far, now at getContentProviderImpl: updating data structures
07-17 13:53:47.553 10586 10665 W ActivityManager: Slow operation: 58ms so far, now at getContentProviderImpl: done!
07-17 13:53:54.587 10586 11509 V MediaRouterService: restoreBluetoothA2dp(false)
07-17 13:53:55.644 10586 10712 V MediaRouterService: restoreBluetoothA2dp(false)
07-17 13:53:58.316 10586 10607 E SensorNotificationService: Invalid local geomagnetic field, ignore.
07-17 13:54:09.537 10586 13736 V MediaRouterService: restoreBluetoothA2dp(false)
07-17 13:54:11.758 10586 10958 V MediaRouterService: restoreBluetoothA2dp(false)
07-17 13:54:13.003 10586 10660 E ConnectivityService: Exception in removeRoute: java.lang.IllegalStateException: command '196 network route remove 101 wlan0 ::/0 fe80::ff:fe00:100' failed with '400 196 removeRoute() failed (No such process)'
07-17 13:54:13.050 10586 10653 D NetworkStats: Resolving plan for NetworkTemplate: matchRule=MOBILE_ALL, subscriberId=310260..., matchSubscriberIds=[310260...]
07-17 13:54:13.055 10586 10653 D NetworkStats: Found active matching subId 1
07-17 13:54:13.072 10586 10653 D NetworkStats: Resolved to plan null
07-17 13:54:28.054 10586 10660 D ConnectivityService: NetworkAgentInfo [MOBILE (GPRS) - 104] validation failed
07-17 13:54:36.069 10586 10603 E BatteryExternalStatsWorker: modem info is invalid: ModemActivityInfo{ mTimestamp=0 mSleepTimeMs=0 mIdleTimeMs=0 mTxTimeMs[]=[0, 0, 0, 0, 0] mRxTimeMs=0 mEnergyUsed=0}
07-17 13:54:58.191 10586 10586 I ActivityManager: Start proc 24251:com.google.android.partnersetup/u0a17 for service com.google.android.partnersetup/.InstalledAppJobService
07-17 13:54:58.475 10586 10958 I ActivityManager: Killing 22151:com.google.android.videos/u0a74 (adj 906): empty for 3325s
07-17 13:55:00.143 10586 13668 V MediaRouterService: restoreBluetoothA2dp(false)
07-17 13:55:01.015 10586 13668 I chatty  : uid=1000(system) Binder:10586_13 identical 1 line
07-17 13:55:01.135 10586 13668 V MediaRouterService: restoreBluetoothA2dp(false)
07-17 13:55:03.277 10586 16654 V MediaRouterService: restoreBluetoothA2dp(false)
07-17 13:55:04.651 10586 13470 V MediaRouterService: restoreBluetoothA2dp(false)
07-17 13:55:09.753 10586 13668 V MediaRouterService: restoreBluetoothA2dp(false)
07-17 13:55:09.773 10586 10958 V MediaRouterService: restoreBluetoothA2dp(false)
07-17 13:55:11.917 10586 16654 V MediaRouterService: restoreBluetoothA2dp(false)
07-17 13:55:47.272 10586 13668 V MediaRouterService: restoreBluetoothA2dp(false)
07-17 13:55:54.343 10586 13736 V MediaRouterService: restoreBluetoothA2dp(false)
07-17 13:55:54.396 10586 14388 V MediaRouterService: restoreBluetoothA2dp(false)
07-17 13:55:56.530 10586 13470 V MediaRouterService: restoreBluetoothA2dp(false)
07-17 13:55:57.793 10586 14388 V MediaRouterService: restoreBluetoothA2dp(false)
07-17 13:55:59.221 10586 10600 W BroadcastQueue: Background execution not allowed: receiving Intent { act=android.intent.action.DROPBOX_ENTRY_ADDED flg=0x10 (has extras) } to com.google.android.gms/.stats.service.DropBoxEntryAddedReceiver
07-17 13:55:59.221 10586 10600 W BroadcastQueue: Background execution not allowed: receiving Intent { act=android.intent.action.DROPBOX_ENTRY_ADDED flg=0x10 (has extras) } to com.google.android.gms/.chimera.GmsIntentOperationService$PersistentTrustedReceiver
07-17 13:55:59.234 10586 10600 W BroadcastQueue: Background execution not allowed: receiving Intent { act=android.intent.action.DROPBOX_ENTRY_ADDED flg=0x10 (has extras) } to com.google.android.gms/.stats.service.DropBoxEntryAddedReceiver
07-17 13:55:59.234 10586 10600 W BroadcastQueue: Background execution not allowed: receiving Intent { act=android.intent.action.DROPBOX_ENTRY_ADDED flg=0x10 (has extras) } to com.google.android.gms/.chimera.GmsIntentOperationService$PersistentTrustedReceiver
07-17 13:56:02.065 10586 10603 E KernelCpuSpeedReader: Failed to read cpu-freq: /sys/devices/system/cpu/cpu0/cpufreq/stats/time_in_state (No such file or directory)
07-17 13:56:02.074 10586 10603 E BatteryExternalStatsWorker: modem info is invalid: ModemActivityInfo{ mTimestamp=0 mSleepTimeMs=0 mIdleTimeMs=0 mTxTimeMs[]=[0, 0, 0, 0, 0] mRxTimeMs=0 mEnergyUsed=0}
07-17 13:56:03.485 10586 16654 V MediaRouterService: restoreBluetoothA2dp(false)
07-17 13:56:03.846 10586 10820 I ActivityManager: Start proc 24310:com.google.android.apps.messaging/u0a68 for service com.google.android.apps.messaging/com.firebase.jobdispatcher.GooglePlayReceiver
07-17 13:56:03.938 10586 12210 W ActivityManager: Slow operation: 51ms so far, now at attachApplicationLocked: after mServices.attachApplicationLocked
07-17 13:56:06.187 10586 12210 W ActivityManager: Background start not allowed: service Intent { cmp=com.google.android.apps.messaging/.shared.datamodel.action.execution.ActionExecutorImpl$EmptyService } to com.google.android.apps.messaging/.shared.datamodel.action.execution.ActionExecutorImpl$EmptyService from pid=24310 uid=10068 pkg=com.google.android.apps.messaging
07-17 13:56:06.734 10586 12210 W ActivityManager: Background start not allowed: service Intent { cmp=com.google.android.apps.messaging/.shared.datamodel.action.execution.ActionExecutorImpl$EmptyService } to com.google.android.apps.messaging/.shared.datamodel.action.execution.ActionExecutorImpl$EmptyService from pid=24310 uid=10068 pkg=com.google.android.apps.messaging
07-17 13:56:08.090 10586 10600 I ActivityManager: Start proc 24377:com.google.android.apps.messaging:rcs/u0a68 for broadcast com.google.android.apps.messaging/com.google.android.ims.receiver.ProvisioningEventReceiver
07-17 13:56:08.222 10586 10820 W ActivityManager: Slow operation: 54ms so far, now at attachApplicationLocked: after sendPendingBroadcastsLocked
07-17 13:56:11.712 10586 12210 W ActivityManager: Background start not allowed: service Intent { cmp=com.google.android.apps.messaging/.shared.datamodel.action.execution.ActionExecutorImpl$EmptyService } to com.google.android.apps.messaging/.shared.datamodel.action.execution.ActionExecutorImpl$EmptyService from pid=24310 uid=10068 pkg=com.google.android.apps.messaging
07-17 13:56:11.742 10586 12210 W ActivityManager: Background start not allowed: service Intent { cmp=com.google.android.apps.messaging/.shared.datamodel.action.execution.ActionExecutorImpl$EmptyService } to com.google.android.apps.messaging/.shared.datamodel.action.execution.ActionExecutorImpl$EmptyService from pid=24310 uid=10068 pkg=com.google.android.apps.messaging
07-17 13:56:12.129 10586 16654 D ConnectivityService: requestNetwork for uid/pid:10068/24377 NetworkRequest [ TRACK_DEFAULT id=48, [ Capabilities: INTERNET&NOT_RESTRICTED&TRUSTED&NOT_VPN] ]
07-17 13:56:14.341 10586 10660 D ConnectivityService: releasing NetworkRequest [ TRACK_DEFAULT id=48, [ Capabilities: INTERNET&NOT_RESTRICTED&TRUSTED&NOT_VPN] ] (release request)
07-17 13:56:14.665 10586 10794 W ActivityManager: Background start not allowed: service Intent { cmp=com.google.android.apps.messaging/.shared.datamodel.action.execution.ActionExecutorImpl$EmptyService } to com.google.android.apps.messaging/.shared.datamodel.action.execution.ActionExecutorImpl$EmptyService from pid=24310 uid=10068 pkg=com.google.android.apps.messaging
07-17 13:56:16.290 10586 13668 W ActivityManager: Background start not allowed: service Intent { cmp=com.google.android.apps.messaging/.shared.datamodel.action.execution.ActionExecutorImpl$EmptyService } to com.google.android.apps.messaging/.shared.datamodel.action.execution.ActionExecutorImpl$EmptyService from pid=24310 uid=10068 pkg=com.google.android.apps.messaging
07-17 13:56:16.389 10586 13736 W ActivityManager: Background start not allowed: service Intent { cmp=com.google.android.apps.messaging/.shared.datamodel.action.execution.ActionExecutorImpl$EmptyService } to com.google.android.apps.messaging/.shared.datamodel.action.execution.ActionExecutorImpl$EmptyService from pid=24310 uid=10068 pkg=com.google.android.apps.messaging
07-17 13:56:16.426 10586 10820 W ActivityManager: Background start not allowed: service Intent { cmp=com.google.android.apps.messaging/.shared.datamodel.action.execution.ActionExecutorImpl$EmptyService } to com.google.android.apps.messaging/.shared.datamodel.action.execution.ActionExecutorImpl$EmptyService from pid=24310 uid=10068 pkg=com.google.android.apps.messaging
07-17 13:56:16.479 10586 13668 D ConnectivityService: requestNetwork for uid/pid:10068/24377 NetworkRequest [ TRACK_DEFAULT id=49, [ Capabilities: INTERNET&NOT_RESTRICTED&TRUSTED&NOT_VPN] ]
07-17 13:56:16.805 10586 10660 D ConnectivityService: releasing NetworkRequest [ TRACK_DEFAULT id=49, [ Capabilities: INTERNET&NOT_RESTRICTED&TRUSTED&NOT_VPN] ] (release request)
07-17 13:56:19.741 10586 12210 V MediaRouterService: restoreBluetoothA2dp(false)
07-17 13:56:22.755 10586 11027 V MediaRouterService: restoreBluetoothA2dp(false)
07-17 13:56:38.612 10586 10712 I ActivityManager: Killing 21863:com.android.chrome/u0a49 (adj 906): empty for 2454s
07-17 13:56:42.293 10586 11034 I ActivityManager: Killing 22843:com.google.android.dialer/u0a20 (adj 906): empty for 1829s
07-17 13:58:06.366 10586 11034 W ActivityManager: Background start not allowed: service Intent { cmp=com.google.android.apps.messaging/.shared.datamodel.action.execution.ActionExecutorImpl$EmptyService } to com.google.android.apps.messaging/.shared.datamodel.action.execution.ActionExecutorImpl$EmptyService from pid=24310 uid=10068 pkg=com.google.android.apps.messaging
07-17 13:58:12.243 10586 24474 W LocationBasedCountryDetector: Exception occurs when getting country from location
07-17 13:58:37.671 10586 11846 V MediaRouterService: restoreBluetoothA2dp(false)
07-17 13:58:39.873 10586 13736 V MediaRouterService: restoreBluetoothA2dp(false)
07-17 13:59:31.771 10586 11846 V MediaRouterService: restoreBluetoothA2dp(false)
07-17 13:59:33.946 10586 10958 V MediaRouterService: restoreBluetoothA2dp(false)
07-17 14:00:21.976 10586 13668 V MediaRouterService: restoreBluetoothA2dp(false)
07-17 14:00:24.179 10586 10712 V MediaRouterService: restoreBluetoothA2dp(false)
07-17 14:01:12.729 10586 11509 V MediaRouterService: restoreBluetoothA2dp(false)
07-17 14:01:14.923 10586 10820 V MediaRouterService: restoreBluetoothA2dp(false)
07-17 14:02:02.358 10586 10794 I ActivityManager: Start proc 24572:com.google.android.youtube/u0a79 for service com.google.android.youtube/com.google.android.libraries.youtube.common.gcore.gcoreclient.gcm.impl.GcmTaskServiceDelegator
07-17 14:03:25.068 10586 11027 V MediaRouterService: restoreBluetoothA2dp(false)
