06-28 14:43:38.782 29061 29071 I zygote  : Background concurrent copying GC freed 266231(5MB) AllocSpace objects, 0(0B) LOS objects, 14% free, 34MB/40MB, paused 1.207ms total 450.709ms
06-28 14:43:39.687  1603  6820 I WifiService: acquireWifiLock uid=10014 lockMode=2
06-28 14:43:39.789  1603  2079 I WifiService: releaseWifiLock uid=10014
06-28 14:43:41.621 29061 29071 I zygote  : Background concurrent copying GC freed 347280(7MB) AllocSpace objects, 0(0B) LOS objects, 15% free, 33MB/39MB, paused 3.162ms total 336.963ms
06-28 14:43:44.064 29061 29071 I zygote  : Background concurrent copying GC freed 299551(6MB) AllocSpace objects, 0(0B) LOS objects, 15% free, 32MB/38MB, paused 1.155ms total 265.907ms
06-28 14:43:44.253  1603  1624 E SensorNotificationService: Invalid local geomagnetic field, ignore.
06-28 14:43:46.618 29061 29071 I zygote  : Background concurrent copying GC freed 270007(6MB) AllocSpace objects, 0(0B) LOS objects, 15% free, 32MB/38MB, paused 1.412ms total 283.049ms
06-28 14:43:48.456  1603  1612 I zygote  : Background concurrent copying GC freed 95902(6MB) AllocSpace objects, 3(60KB) LOS objects, 17% free, 27MB/33MB, paused 1.250ms total 462.494ms
06-28 14:43:49.614 29061 29071 I zygote  : Background concurrent copying GC freed 297706(6MB) AllocSpace objects, 0(0B) LOS objects, 15% free, 33MB/39MB, paused 1.905ms total 347.990ms
06-28 14:43:51.171 19546 19546 I GeofencerStateMachine: sendNewTransitions called.
06-28 14:43:51.567  1409  1409 I boot-pipe: done populating /dev/random
06-28 14:43:51.984  1603  1620 I WifiService: requestActivityInfo uid=1000
06-28 14:43:51.984  1603  1620 I WifiService: reportActivityInfo uid=1000
06-28 14:43:51.984  1603  1620 I WifiService: getSupportedFeatures uid=1000
06-28 14:43:52.798 29061 29071 I zygote  : Background concurrent copying GC freed 311142(6MB) AllocSpace objects, 0(0B) LOS objects, 15% free, 33MB/39MB, paused 1.943ms total 446.396ms
06-28 14:43:55.417 29061 29071 I zygote  : Background concurrent copying GC freed 325323(7MB) AllocSpace objects, 0(0B) LOS objects, 14% free, 34MB/40MB, paused 1.807ms total 466.947ms
06-28 14:43:57.860 29061 29071 I zygote  : Background concurrent copying GC freed 362895(7MB) AllocSpace objects, 0(0B) LOS objects, 15% free, 32MB/38MB, paused 6.085ms total 332.612ms
06-28 14:44:00.604 29061 29071 I zygote  : Background concurrent copying GC freed 273095(6MB) AllocSpace objects, 0(0B) LOS objects, 15% free, 33MB/39MB, paused 962us total 335.963ms
06-28 14:44:00.727  1603  7712 I WifiService: acquireWifiLock uid=10014 lockMode=2
06-28 14:44:00.969 19546 19546 W ChimeraUtils: Non Chimera context
06-28 14:44:00.970 19546 19546 W ChimeraUtils: Non Chimera context
06-28 14:44:01.332 19569  2606 E cddv    : *~*~*~ Channel {0} was not shutdown properly!!! ~*~*~*
06-28 14:44:01.332 19569  2606 E cddv    :     Make sure to call shutdown()/shutdownNow() and wait until awaitTermination() returns true.
06-28 14:44:01.332 19569  2606 E cddv    : java.lang.RuntimeException: ManagedChannel allocation site
06-28 14:44:01.332 19569  2606 E cddv    : 	at cddy.<init>(:com.google.android.gms@17785022@17.7.85 (040700-253824076):1)
06-28 14:44:01.332 19569  2606 E cddv    : 	at cddv.<init>(:com.google.android.gms@17785022@17.7.85 (040700-253824076):2)
06-28 14:44:01.332 19569  2606 E cddv    : 	at ccwm.b(:com.google.android.gms@17785022@17.7.85 (040700-253824076):14)
06-28 14:44:01.332 19569  2606 E cddv    : 	at sje.a(:com.google.android.gms@17785022@17.7.85 (040700-253824076):44)
06-28 14:44:01.332 19569  2606 E cddv    : 	at sje.a(:com.google.android.gms@17785022@17.7.85 (040700-253824076):66)
06-28 14:44:01.332 19569  2606 E cddv    : 	at awkt.a(:com.google.android.gms@17785022@17.7.85 (040700-253824076):43)
06-28 14:44:01.332 19569  2606 E cddv    : 	at com.google.android.gms.udc.service.UdcContextInitChimeraService.a(:com.google.android.gms@17785022@17.7.85 (040700-253824076):127)
06-28 14:44:01.332 19569  2606 E cddv    : 	at aezd.run(:com.google.android.gms@17785022@17.7.85 (040700-253824076):5)
06-28 14:44:01.332 19569  2606 E cddv    : 	at squ.b(:com.google.android.gms@17785022@17.7.85 (040700-253824076):37)
06-28 14:44:01.332 19569  2606 E cddv    : 	at squ.run(:com.google.android.gms@17785022@17.7.85 (040700-253824076):21)
06-28 14:44:01.332 19569  2606 E cddv    : 	at java.util.concurrent.ThreadPoolExecutor.runWorker(ThreadPoolExecutor.java:1162)
06-28 14:44:01.332 19569  2606 E cddv    : 	at java.util.concurrent.ThreadPoolExecutor$Worker.run(ThreadPoolExecutor.java:636)
06-28 14:44:01.332 19569  2606 E cddv    : 	at swz.run(Unknown Source:7)
06-28 14:44:01.332 19569  2606 E cddv    : 	at java.lang.Thread.run(Thread.java:764)
06-28 14:44:01.524  1603  1620 I WifiService: requestActivityInfo uid=1000
06-28 14:44:01.524  1603  1620 I WifiService: reportActivityInfo uid=1000
06-28 14:44:01.524  1603  1620 I WifiService: getSupportedFeatures uid=1000
06-28 14:44:02.201 19546 19905 I GeofencerStateMachine: addGeofences called by com.google.android.apps.maps
06-28 14:44:02.222 19546 19868 W GLSUser : [DeviceKeyStore] Cannot load key: Device key file not found.
06-28 14:44:02.324  1603  6820 I GnssLocationProvider: WakeLock acquired by sendMessage(SET_REQUEST, 0, com.android.server.location.GnssLocationProvider$GpsRequest@1288c27)
06-28 14:44:02.426  1603  3880 I WifiService: getWifiEnabledState uid=10062
06-28 14:44:02.543  1603  1616 I GnssLocationProvider: WakeLock released by handleMessage(SET_REQUEST, 0, com.android.server.location.GnssLocationProvider$GpsRequest@1288c27)
06-28 14:44:02.552  1603  2079 I GnssLocationProvider: WakeLock acquired by sendMessage(SET_REQUEST, 0, com.android.server.location.GnssLocationProvider$GpsRequest@7b087d)
06-28 14:44:02.559  1603  1616 I GnssLocationProvider: WakeLock released by handleMessage(SET_REQUEST, 0, com.android.server.location.GnssLocationProvider$GpsRequest@7b087d)
06-28 14:44:02.902 19546 19556 I zygote  : Background concurrent copying GC freed 141684(5MB) AllocSpace objects, 0(0B) LOS objects, 38% free, 9MB/15MB, paused 2.224ms total 583.327ms
06-28 14:44:03.048 19546 19603 W ResourceType: ResTable_typeSpec entry count inconsistent: given 15, previously 22
06-28 14:44:03.091 29061 29071 I zygote  : Background concurrent copying GC freed 309911(6MB) AllocSpace objects, 0(0B) LOS objects, 15% free, 33MB/39MB, paused 1.279ms total 501.879ms
06-28 14:44:03.717  1603  3880 D WificondControl: Scan result ready event
06-28 14:44:03.820  1603  2149 I WifiService: releaseWifiLock uid=10014
06-28 14:44:05.327 29061 29071 I zygote  : Background concurrent copying GC freed 298304(6MB) AllocSpace objects, 0(0B) LOS objects, 15% free, 33MB/39MB, paused 3.599ms total 329.544ms
06-28 14:44:07.818 29061 29071 I zygote  : Background concurrent copying GC freed 299551(6MB) AllocSpace objects, 0(0B) LOS objects, 15% free, 33MB/39MB, paused 1.588ms total 328.323ms
06-28 14:44:10.429 29061 29071 I zygote  : Background concurrent copying GC freed 298218(6MB) AllocSpace objects, 0(0B) LOS objects, 15% free, 33MB/39MB, paused 1.255ms total 423.816ms
06-28 14:44:13.753 29061 29071 I zygote  : Background concurrent copying GC freed 294238(6MB) AllocSpace objects, 0(0B) LOS objects, 15% free, 33MB/39MB, paused 1.245ms total 437.518ms
06-28 14:44:15.624 29061 29071 I zygote  : Background concurrent copying GC freed 290626(6MB) AllocSpace objects, 0(0B) LOS objects, 15% free, 33MB/39MB, paused 1.211ms total 292.877ms
06-28 14:44:18.174 29061 29071 I zygote  : Background concurrent copying GC freed 298085(6MB) AllocSpace objects, 0(0B) LOS objects, 15% free, 32MB/38MB, paused 2.541ms total 354.368ms
06-28 14:44:18.517  1603  1612 I zygote  : Background concurrent copying GC freed 97448(6MB) AllocSpace objects, 3(60KB) LOS objects, 17% free, 27MB/33MB, paused 1.219ms total 465.821ms
06-28 14:44:20.629 29061 29071 I zygote  : Background concurrent copying GC freed 266112(5MB) AllocSpace objects, 0(0B) LOS objects, 15% free, 33MB/39MB, paused 2.643ms total 355.612ms
06-28 14:44:20.742  1603  2149 I WifiService: acquireWifiLock uid=10014 lockMode=2
06-28 14:44:20.801  1603  2079 I WifiService: releaseWifiLock uid=10014
06-28 14:44:21.285 19546 19546 I GeofencerStateMachine: sendNewTransitions called.
06-28 14:44:23.670 29061 29071 I zygote  : Background concurrent copying GC freed 313430(6MB) AllocSpace objects, 0(0B) LOS objects, 15% free, 32MB/38MB, paused 2.072ms total 314.671ms
06-28 14:44:26.581 29061 29071 I zygote  : Background concurrent copying GC freed 280398(6MB) AllocSpace objects, 0(0B) LOS objects, 15% free, 33MB/39MB, paused 2.250ms total 355.074ms
06-28 14:44:28.119  1603  3880 I WifiService: getConnectionInfo uid=10014
06-28 14:44:28.128 19546  2159 E WakeLock: GCM_HB_ALARM release without a matched acquire!
06-28 14:44:29.305 29061 29071 I zygote  : Background concurrent copying GC freed 308476(6MB) AllocSpace objects, 0(0B) LOS objects, 15% free, 32MB/38MB, paused 4.342ms total 309.831ms
06-28 14:44:31.800 29061 29071 I zygote  : Background concurrent copying GC freed 291630(6MB) AllocSpace objects, 0(0B) LOS objects, 15% free, 32MB/38MB, paused 1.562ms total 296.813ms
06-28 14:44:32.339  1402  1417 D hwcomposer: hw_composer sent 294 syncs in 60s
06-28 14:44:33.012 19546 19868 W GLSUser : [AppCertManager] IOException while requesting key: 
06-28 14:44:33.012 19546 19868 W GLSUser : java.net.SocketTimeoutException: timeout
06-28 14:44:33.012 19546 19868 W GLSUser : 	at com.android.okhttp.okio.Okio$3.newTimeoutException(Okio.java:212)
06-28 14:44:33.012 19546 19868 W GLSUser : 	at com.android.okhttp.okio.AsyncTimeout.exit(AsyncTimeout.java:261)
06-28 14:44:33.012 19546 19868 W GLSUser : 	at com.android.okhttp.okio.AsyncTimeout$2.read(AsyncTimeout.java:215)
06-28 14:44:33.012 19546 19868 W GLSUser : 	at com.android.okhttp.okio.RealBufferedSource.indexOf(RealBufferedSource.java:306)
06-28 14:44:33.012 19546 19868 W GLSUser : 	at com.android.okhttp.okio.RealBufferedSource.indexOf(RealBufferedSource.java:300)
06-28 14:44:33.012 19546 19868 W GLSUser : 	at com.android.okhttp.okio.RealBufferedSource.readUtf8LineStrict(RealBufferedSource.java:196)
06-28 14:44:33.012 19546 19868 W GLSUser : 	at com.android.okhttp.internal.http.Http1xStream.readResponse(Http1xStream.java:186)
06-28 14:44:33.012 19546 19868 W GLSUser : 	at com.android.okhttp.internal.http.Http1xStream.readResponseHeaders(Http1xStream.java:127)
06-28 14:44:33.012 19546 19868 W GLSUser : 	at com.android.okhttp.internal.http.HttpEngine.readNetworkResponse(HttpEngine.java:737)
06-28 14:44:33.012 19546 19868 W GLSUser : 	at com.android.okhttp.internal.http.HttpEngine.readResponse(HttpEngine.java:609)
06-28 14:44:33.012 19546 19868 W GLSUser : 	at com.android.okhttp.internal.huc.HttpURLConnectionImpl.execute(HttpURLConnectionImpl.java:471)
06-28 14:44:33.012 19546 19868 W GLSUser : 	at com.android.okhttp.internal.huc.HttpURLConnectionImpl.getResponse(HttpURLConnectionImpl.java:407)
06-28 14:44:33.012 19546 19868 W GLSUser : 	at com.android.okhttp.internal.huc.HttpURLConnectionImpl.getResponseCode(HttpURLConnectionImpl.java:538)
06-28 14:44:33.012 19546 19868 W GLSUser : 	at com.android.okhttp.internal.huc.DelegatingHttpsURLConnection.getResponseCode(DelegatingHttpsURLConnection.java:105)
06-28 14:44:33.012 19546 19868 W GLSUser : 	at com.android.okhttp.internal.huc.HttpsURLConnectionImpl.getResponseCode(Unknown Source:0)
06-28 14:44:33.012 19546 19868 W GLSUser : 	at acdd.a(:com.google.android.gms@17785022@17.7.85 (040700-253824076):27)
06-28 14:44:33.012 19546 19868 W GLSUser : 	at joi.a(:com.google.android.gms@17785022@17.7.85 (040700-253824076):1)
06-28 14:44:33.012 19546 19868 W GLSUser : 	at hks.a(:com.google.android.gms@17785022@17.7.85 (040700-253824076):8)
06-28 14:44:33.012 19546 19868 W GLSUser : 	at hks.a(:com.google.android.gms@17785022@17.7.85 (040700-253824076):4)
06-28 14:44:33.012 19546 19868 W GLSUser : 	at imb.a(:com.google.android.gms@17785022@17.7.85 (040700-253824076):47)
06-28 14:44:33.012 19546 19868 W GLSUser : 	at ima.a(:com.google.android.gms@17785022@17.7.85 (040700-253824076):1)
06-28 14:44:33.012 19546 19868 W GLSUser : 	at ima.a(:com.google.android.gms@17785022@17.7.85 (040700-253824076):14)
06-28 14:44:33.012 19546 19868 W GLSUser : 	at aamg.a(:com.google.android.gms@17785022@17.7.85 (040700-253824076):1)
06-28 14:44:33.012 19546 19868 W GLSUser : 	at cwm.onTransact(:com.google.android.gms@17785022@17.7.85 (040700-253824076):4)
06-28 14:44:33.012 19546 19868 W GLSUser : 	at android.os.Binder.transact(Binder.java:627)
06-28 14:44:33.012 19546 19868 W GLSUser : 	at eer.onTransact(:com.google.android.gms@17785022@17.7.85 (040700-253824076):3)
06-28 14:44:33.012 19546 19868 W GLSUser : 	at android.os.Binder.transact(Binder.java:627)
06-28 14:44:33.012 19546 19868 W GLSUser : 	at aand.onTransact(:com.google.android.gms@17785022@17.7.85 (040700-253824076):25)
06-28 14:44:33.012 19546 19868 W GLSUser : 	at android.os.Binder.execTransact(Binder.java:697)
06-28 14:44:33.012 19546 19868 W GLSUser : Caused by: java.net.SocketException: socket is closed
06-28 14:44:33.012 19546 19868 W GLSUser : 	at com.google.android.gms.org.conscrypt.ConscryptFileDescriptorSocket$SSLInputStream.read(:com.google.android.gms@17785022@17.7.85 (040700-253824076):8)
06-28 14:44:33.012 19546 19868 W GLSUser : 	at com.android.okhttp.okio.Okio$2.read(Okio.java:136)
06-28 14:44:33.012 19546 19868 W GLSUser : 	at com.android.okhttp.okio.AsyncTimeout$2.read(AsyncTimeout.java:211)
06-28 14:44:33.012 19546 19868 W GLSUser : 	... 26 more
06-28 14:44:33.013 19546 19868 W GLSUser : [DeviceKeyStore] Cannot load key: Device key file not found.
06-28 14:44:34.651 29061 29071 I zygote  : Background concurrent copying GC freed 283490(6MB) AllocSpace objects, 0(0B) LOS objects, 15% free, 33MB/39MB, paused 2.248ms total 359.338ms
06-28 14:44:35.393  1603  6820 I WifiService: getConnectionInfo uid=10014
