--------- beginning of main
06-29 15:28:22.893  1406  1406 I boot-pipe: done populating /dev/random
06-29 15:28:23.897  1964  1964 I GeofencerStateMachine: sendNewTransitions called.
06-29 15:28:24.977  1399  1414 D hwcomposer: hw_composer sent 294 syncs in 60s
--------- beginning of system
06-29 15:28:13.836  1600  2660 V MediaRouterService: restoreBluetoothA2dp(false)
06-29 15:28:35.234  1600  2660 I ActivityManager: START u0 {act=android.intent.action.MAIN cat=[android.intent.category.HOME] flg=0x10000000 cmp=com.google.android.apps.nexuslauncher/.NexusLauncherActivity} from uid 2000
06-29 15:28:35.313  1398  1434 D gralloc_ranchu: gralloc_alloc: Creating ashmem region of size 8298496
06-29 15:28:35.336  1600  2099 I GnssLocationProvider: WakeLock acquired by sendMessage(SET_REQUEST, 0, com.android.server.location.GnssLocationProvider$GpsRequest@b32d86e)
06-29 15:28:35.337  1600  1613 I GnssLocationProvider: WakeLock released by handleMessage(SET_REQUEST, 0, com.android.server.location.GnssLocationProvider$GpsRequest@b32d86e)
06-29 15:28:35.342  3472  3472 D net.osmand: Disable sensor
06-29 15:28:35.388  1398  1434 D gralloc_ranchu: gralloc_alloc: Creating ashmem region of size 8298496
06-29 15:28:35.448  1398  1435 D gralloc_ranchu: gralloc_alloc: Creating ashmem region of size 8298496
06-29 15:28:35.455  3472  3472 I net.osmand: MapRenderRepositories RENDER MAP: Interrupt rendering map
06-29 15:28:35.526  3472  3540 D EGL_emulation: eglMakeCurrent: 0x9e4043c0: ver 2 0 (tinfo 0x9e403290)
06-29 15:28:35.538  2629  2884 D EGL_emulation: eglMakeCurrent: 0xa61b6ce0: ver 2 0 (tinfo 0xa619b690)
06-29 15:28:35.598  1408  1408 D SurfaceFlinger: duplicate layer name: changing com.google.android.apps.nexuslauncher/com.google.android.apps.nexuslauncher.NexusLauncherActivity to com.google.android.apps.nexuslauncher/com.google.android.apps.nexuslauncher.NexusLauncherActivity#1
06-29 15:28:35.622  1398  1435 D gralloc_ranchu: gralloc_alloc: Creating ashmem region of size 8298496
06-29 15:28:35.629  1600  1615 W Looper  : Dispatch took 128ms on android.ui, h=Handler (com.android.server.am.ActivityManagerService$UiHandler) {bce2944} cb=null msg=53
06-29 15:28:35.668  1398  1435 D gralloc_ranchu: gralloc_alloc: Creating ashmem region of size 8298496
06-29 15:28:35.689  1600  1600 I zygote  : IncrementDisableThreadFlip blocked for 13.360ms
06-29 15:28:35.691  1600  1611 I zygote  : IncrementDisableThreadFlip blocked for 16.752ms
06-29 15:28:35.692  1600  2660 I zygote  : IncrementDisableThreadFlip blocked for 18.185ms
06-29 15:28:35.693  1600  2099 I zygote  : IncrementDisableThreadFlip blocked for 19.116ms
06-29 15:28:35.707  1600  2538 I zygote  : IncrementDisableThreadFlip blocked for 29.691ms
06-29 15:28:35.708  1600  4486 I zygote  : IncrementDisableThreadFlip blocked for 32.138ms
06-29 15:28:35.729  1398  1434 D gralloc_ranchu: gralloc_alloc: Creating ashmem region of size 8298496
06-29 15:28:35.853  2629  2629 W ThreadPoolDumper: Queue length for executor EventBus is now 11. Perhaps some tasks are too long, or the pool is too small.
06-29 15:28:35.980  2118  2184 D EGL_emulation: eglMakeCurrent: 0x8b867100: ver 2 0 (tinfo 0x8b8707f0)
06-29 15:28:36.084  1398  1434 D gralloc_ranchu: gralloc_alloc: Creating ashmem region of size 8298496
06-29 15:28:36.160  1408  1408 E EGL_emulation: tid 1408: eglCreateSyncKHR(1962): error 0x3004 (EGL_BAD_ATTRIBUTE)
06-29 15:28:36.161  1704  1929 D EGL_emulation: eglMakeCurrent: 0x9e4046c0: ver 2 0 (tinfo 0x9e403690)
06-29 15:28:36.208  1964  1964 I GeofencerStateMachine: sendNewLocationAvailability: availability=LocationAvailability[isLocationAvailable: true]
06-29 15:28:36.236  2629  2890 W SessionLifecycleManager: Handover failed. Creating new session controller.
06-29 15:28:36.460  3472 17423 E FA      : Task exception on worker thread: java.lang.IllegalAccessError: Method 'void android.support.v4.content.ContextCompat.<init>()' is inaccessible to class 'com.google.firebase.iid.zzg' (declaration of 'com.google.firebase.iid.zzg' appears in /data/app/net.osmand-3e2027wrPNiMXbTSfYMHIA==/base.apk): com.google.android.gms.measurement.internal.zzt.zzEd(Unknown Source:3)
06-29 15:28:36.556  2118  2184 W OpenGLRenderer: Incorrectly called buildLayer on View: ShortcutAndWidgetContainer, destroying layer...
06-29 15:28:36.556  2118  2184 W OpenGLRenderer: Incorrectly called buildLayer on View: ShortcutAndWidgetContainer, destroying layer...
06-29 15:28:36.646  1704  1704 I Choreographer: Skipped 32 frames!  The application may be doing too much work on its main thread.
06-29 15:28:36.790  1600  1863 I WifiService: getWifiEnabledState uid=10032
06-29 15:28:36.824  1600  2538 I WifiService: getWifiEnabledState uid=10032
06-29 15:28:36.830  2629 16710 W LocationOracle: No location history returned by ContextManager
06-29 15:28:36.918  2118  2126 I zygote  : NativeAlloc concurrent copying GC freed 8715(476KB) AllocSpace objects, 3(192KB) LOS objects, 49% free, 4MB/9MB, paused 1.801ms total 957.503ms
06-29 15:28:37.052  1964  1978 I zygote  : Background concurrent copying GC freed 92563(3MB) AllocSpace objects, 4(124KB) LOS objects, 40% free, 8MB/14MB, paused 70.670ms total 1.130s
06-29 15:28:37.125  1704  1929 D EGL_emulation: eglMakeCurrent: 0x9e4046c0: ver 2 0 (tinfo 0x9e403690)
06-29 15:28:37.146  1704  1723 I zygote  : NativeAlloc concurrent copying GC freed 31858(1905KB) AllocSpace objects, 0(0B) LOS objects, 45% free, 7MB/13MB, paused 510.914ms total 1.204s
06-29 15:28:37.207  1964  1964 I GeofencerStateMachine: removeGeofences: removeRequest=RemoveGeofencingRequest[REMOVE_BY_PENDING_INTENT pendingIntent=PendingIntent[creatorPackage=com.google.android.gms], packageName=com.google.android.gms]
06-29 15:28:37.212  1964  1964 I chatty  : uid=10014 com.google.android.gms.persistent identical 1 line
06-29 15:28:37.255  1964  1964 I GeofencerStateMachine: removeGeofences: removeRequest=RemoveGeofencingRequest[REMOVE_BY_PENDING_INTENT pendingIntent=PendingIntent[creatorPackage=com.google.android.gms], packageName=com.google.android.gms]
06-29 15:28:37.277  1964 17122 W ctxmgr  : [AclManager] No 3 for (accnt=account#1066226748#, com.google.android.gms(10014):UserVelocityProducer, vrsn=17785022, 0, 3pPkg = null ,  3pMdlId = null ,  pid = 1964). Was: 2 for 1, account#1066226748# [CONTEXT service_id=47 ]
06-29 15:28:37.328  1600  1609 I zygote  : Background concurrent copying GC freed 56196(2MB) AllocSpace objects, 14(664KB) LOS objects, 24% free, 18MB/24MB, paused 10.764ms total 1.700s
06-29 15:28:37.481  1964  1964 I GeofencerStateMachine: removeGeofences: removeRequest=RemoveGeofencingRequest[REMOVE_BY_PENDING_INTENT pendingIntent=PendingIntent[creatorPackage=com.google.android.gms], packageName=com.google.android.gms]
06-29 15:28:37.486  1964  1964 I GeofencerStateMachine: removeGeofences: removeRequest=RemoveGeofencingRequest[REMOVE_BY_PENDING_INTENT pendingIntent=PendingIntent[creatorPackage=com.google.android.gms], packageName=com.google.android.gms]
06-29 15:28:37.527  1964 17454 I PlaceInferenceEngine: [anon] Changed inference mode: 0
06-29 15:28:37.539  1964 17454 I PlaceInferenceEngine: [account#1066226748] Changed inference mode: 0
06-29 15:28:37.571  1964 17122 I ctxmgr  : [ProducerStatusImpl] updateStateForNewContextData: inactive, contextName=7 [CONTEXT service_id=47 ]
06-29 15:28:37.865  1964 17454 I Places  : ?: PlacesBleScanner start() with priority 2
06-29 15:28:37.865  1964 17454 I PlaceInferenceEngine: [anon] Changed inference mode: 1
06-29 15:28:37.865  1964 17454 I PlaceInferenceEngine: [account#1066226748] Changed inference mode: 1
06-29 15:28:37.903  1964  1964 E BeaconBle: Missing BluetoothAdapter
06-29 15:28:37.903  1964  1964 I BeaconBle: BLE 'KK+' software access layer enabled
06-29 15:28:37.921  1964 17454 I Places  : Converted 1 out of 1 WiFi scans
06-29 15:28:37.923  1600  2538 I WifiService: getConnectionInfo uid=10014
06-29 15:28:37.938  1964 17454 I PlaceInferenceEngine: [account#1066226748] Changed inference mode: 1
06-29 15:28:37.939  1964 17454 I PlaceInferenceEngine: [anon] Changed inference mode: 1
06-29 15:28:37.966  1964  1964 I BeaconBle: Client requested scan, settings=BleSettings [scanMode=ZERO_POWER, callbackType=ALL_MATCHES, reportDelayMillis=0, 1 filters, 0 clients, callingClientName=Places]
06-29 15:28:37.966  1964  1964 I BeaconBle: Scan : No clients left, canceling alarm.
06-29 15:28:37.968  1964  1964 E BeaconBle: Scan couldn't start for Places
06-29 15:28:37.968  1964  1964 W Places  : BLE failure while scanning - code 5
06-29 15:28:38.138  1600  1609 I zygote  : NativeAlloc concurrent copying GC freed 6176(481KB) AllocSpace objects, 0(0B) LOS objects, 24% free, 18MB/24MB, paused 1.267ms total 323.511ms
06-29 15:28:38.269  1964 17454 I PlaceInferenceEngine: Too few candidate results: percentageOfMissingArea 100
06-29 15:28:38.335  2629 16709 E PlaceStateUpdater: Received no places
06-29 15:28:38.365  1964 17457 E cddv    : *~*~*~ Channel {0} was not shutdown properly!!! ~*~*~*
06-29 15:28:38.365  1964 17457 E cddv    :     Make sure to call shutdown()/shutdownNow() and wait until awaitTermination() returns true.
06-29 15:28:38.365  1964 17457 E cddv    : java.lang.RuntimeException: ManagedChannel allocation site
06-29 15:28:38.365  1964 17457 E cddv    : 	at cddy.<init>(:com.google.android.gms@17785022@17.7.85 (040700-253824076):1)
06-29 15:28:38.365  1964 17457 E cddv    : 	at cddv.<init>(:com.google.android.gms@17785022@17.7.85 (040700-253824076):2)
06-29 15:28:38.365  1964 17457 E cddv    : 	at ccwm.b(:com.google.android.gms@17785022@17.7.85 (040700-253824076):14)
06-29 15:28:38.365  1964 17457 E cddv    : 	at sje.a(:com.google.android.gms@17785022@17.7.85 (040700-253824076):44)
06-29 15:28:38.365  1964 17457 E cddv    : 	at sje.a(:com.google.android.gms@17785022@17.7.85 (040700-253824076):59)
06-29 15:28:38.365  1964 17457 E cddv    : 	at bhkv.call(:com.google.android.gms@17785022@17.7.85 (040700-253824076):24)
06-29 15:28:38.365  1964 17457 E cddv    : 	at bhjd.run(:com.google.android.gms@17785022@17.7.85 (040700-253824076):1)
06-29 15:28:38.365  1964 17457 E cddv    : 	at squ.b(:com.google.android.gms@17785022@17.7.85 (040700-253824076):37)
06-29 15:28:38.365  1964 17457 E cddv    : 	at squ.run(:com.google.android.gms@17785022@17.7.85 (040700-253824076):21)
06-29 15:28:38.365  1964 17457 E cddv    : 	at java.util.concurrent.ThreadPoolExecutor.runWorker(ThreadPoolExecutor.java:1162)
06-29 15:28:38.365  1964 17457 E cddv    : 	at java.util.concurrent.ThreadPoolExecutor$Worker.run(ThreadPoolExecutor.java:636)
06-29 15:28:38.365  1964 17457 E cddv    : 	at swz.run(Unknown Source:7)
06-29 15:28:38.365  1964 17457 E cddv    : 	at java.lang.Thread.run(Thread.java:764)
06-29 15:28:38.373  1964  1978 I zygote  : Background concurrent copying GC freed 47353(2MB) AllocSpace objects, 28(1748KB) LOS objects, 34% free, 11MB/17MB, paused 1.589ms total 224.957ms
06-29 15:28:38.378  1600  1617 I WifiService: requestActivityInfo uid=1000
06-29 15:28:38.378  1600  1617 I WifiService: reportActivityInfo uid=1000
06-29 15:28:38.379  1600  1617 I WifiService: getSupportedFeatures uid=1000
06-29 15:28:38.487  1964 17183 W Conscrypt: Could not set socket write timeout: java.net.SocketException: Socket closed
06-29 15:28:38.491  1964 17183 W Conscrypt: 	at com.google.android.gms.org.conscrypt.Platform.setSocketWriteTimeout(:com.google.android.gms@17785022@17.7.85 (040700-253824076):2)
06-29 15:28:38.493  1964 17183 W Conscrypt: 	at com.google.android.gms.org.conscrypt.ConscryptFileDescriptorSocket.setSoWriteTimeout(:com.google.android.gms@17785022@17.7.85 (040700-253824076):2)
06-29 15:28:38.527  1600  2538 I WifiService: acquireWifiLock uid=10014 lockMode=2
06-29 15:28:38.604  1600  2538 I WifiService: releaseWifiLock uid=10014
06-29 15:28:38.643  1964 17183 W Conscrypt: Could not set socket write timeout: java.net.SocketException: Socket closed
06-29 15:28:38.644  1964 17183 W Conscrypt: 	at com.google.android.gms.org.conscrypt.Platform.setSocketWriteTimeout(:com.google.android.gms@17785022@17.7.85 (040700-253824076):2)
06-29 15:28:38.644  1964 17183 W Conscrypt: 	at com.google.android.gms.org.conscrypt.ConscryptFileDescriptorSocket.setSoWriteTimeout(:com.google.android.gms@17785022@17.7.85 (040700-253824076):2)
06-29 15:28:38.820  1600  2538 I ActivityManager: Force stopping com.skgames.trafficrider appid=10081 user=0: from pid 17468
06-29 15:28:38.847  1833  1833 D CarrierSvcBindHelper: No carrier app for: 0
06-29 15:28:39.123  1964 17452 I PlaceInferenceEngine: No beacon scan available - ignoring candidates.
06-29 15:28:39.225  1600  3412 I ActivityManager: Force stopping com.EvilChaotic.ModernWarplanes appid=10082 user=0: from pid 17472
06-29 15:28:39.140  1964 17452 I PlaceInferenceEngine: No beacon scan available - ignoring candidates.
06-29 15:28:39.259  1833  1833 D CarrierSvcBindHelper: No carrier app for: 0
06-29 15:28:39.569  1600  3412 I ActivityManager: Force stopping com.ea.games.r3_row appid=10083 user=0: from pid 17476
06-29 15:28:39.915  1600  1611 W ActivityManager: Invalid packageName: android.media.action.IMAGE_CAPTURE
06-29 15:28:39.584  1833  1833 D CarrierSvcBindHelper: No carrier app for: 0
06-29 15:28:41.254  1600  1600 I GnssLocationProvider: WakeLock acquired by sendMessage(SUBSCRIPTION_OR_SIM_CHANGED, 0, null)
06-29 15:28:41.287  1600  1613 E GnssLocationProvider: no AGPS interface in set_agps_server
06-29 15:28:41.290  1600  1613 I GnssLocationProvider: WakeLock released by handleMessage(SUBSCRIPTION_OR_SIM_CHANGED, 0, null)
06-29 15:28:41.290  1833  1833 D MccTable: updateMccMncConfiguration mccmnc='null' fromServiceState=true
06-29 15:28:41.290  1833  1833 D MccTable: WIFI_COUNTRY_CODE set to 
06-29 15:28:41.291  1600  1611 I WifiService: WifiService trying to set country code to  with persist set to false
06-29 15:28:41.291  1600  1611 I WifiService: setCountryCode uid=1001
06-29 15:28:41.327  1833  1833 D ServiceStateProvider: subId=1
06-29 15:28:41.369  1600  1600 I Telecom : CallLogManager: Country ISO changed. Retrieving new ISO...: CLM.oCD@A6o
06-29 15:28:41.399  1600  1678 I WifiService: getConnectionInfo uid=1000
06-29 15:28:41.408  1833  1833 I Telephony: PstnIncomingCallNotifier: Unregistering: Handler (com.android.internal.telephony.GsmCdmaPhone) {6a68867}
06-29 15:28:41.465  1600  1671 D RecurrenceRule: Resolving using anchor 2019-06-29T15:28:41.465Z[GMT]
06-29 15:28:41.468  1600  1671 D RecurrenceRule: Resolving using anchor 2019-06-29T15:28:41.468Z[GMT]
06-29 15:28:41.470  1600  1792 I Telecom : PhoneAccountRegistrar: Modify account: [ComponentInfo{com.android.phone/com.android.services.telephony.TelephonyConnectionService}, [****], UserHandle{0}(lbl:  -> Android)(desc:  -> Android)]: TSI.rPA@A6s
06-29 15:28:41.475  1600  1671 D RecurrenceRule: Cycle 17 from 2019-06-09T00:00Z[GMT] to 2019-07-09T00:00Z[GMT]
06-29 15:28:41.476  1833  1833 I Telephony: AccountEntry: Registered phoneAccount: [[ ] PhoneAccount: ComponentInfo{com.android.phone/com.android.services.telephony.TelephonyConnectionService}, [****], UserHandle{0} Capabilities: CallProvider MultiUser PlaceEmerg SimSub  Audio Routes: BESW Schemes: tel voicemail  Extras: Bundle[{android.telecom.extra.SUPPORTS_VIDEO_CALLING_FALLBACK=true}] GroupId: [****]] with handle: ComponentInfo{com.android.phone/com.android.services.telephony.TelephonyConnectionService}, [****], UserHandle{0}
06-29 15:28:41.476  1600  1671 D NetworkStats: Resolving plan for NetworkTemplate: matchRule=MOBILE_ALL, subscriberId=310260..., matchSubscriberIds=[310260...]
06-29 15:28:41.476  1833  1833 I Telephony: PstnIncomingCallNotifier: Registering: Handler (com.android.internal.telephony.GsmCdmaPhone) {6a68867}
06-29 15:28:41.488  1600  1671 D NetworkStats: Found active matching subId 1
06-29 15:28:41.490  1833  1833 D TelephonyProvider: subIdString = 1 subId = 1
06-29 15:28:41.505  1600  1671 D NetworkStats: Resolved to plan null
06-29 15:28:41.507  1833  1833 I chatty  : uid=1001(radio) com.android.phone identical 2 lines
06-29 15:28:41.511  1833  1833 D TelephonyProvider: subIdString = 1 subId = 1
06-29 15:28:41.512  1704  1723 I zygote  : NativeAlloc concurrent copying GC freed 8904(482KB) AllocSpace objects, 0(0B) LOS objects, 46% free, 6MB/12MB, paused 6.132ms total 253.685ms
06-29 15:28:41.516  1833  1833 D TelephonyProvider: subIdString = 1 subId = 1
06-29 15:28:41.547  1833  1833 I Telephony: PstnPhoneCapabilitiesNotifier: handleVideoCapabilitesChanged. Video capability - false
06-29 15:28:41.560  1600  1792 I Telecom : PhoneAccountRegistrar: Modify account: [ComponentInfo{com.android.phone/com.android.services.telephony.TelephonyConnectionService}, [****], UserHandle{0}]: TSI.rPA@A64
06-29 15:28:41.537  1833  1833 I chatty  : uid=1001(radio) com.android.phone identical 3 lines
06-29 15:28:41.542  1833  1833 D TelephonyProvider: subIdString = 1 subId = 1
06-29 15:28:42.757 17497 17497 D AndroidRuntime: >>>>>> START com.android.internal.os.RuntimeInit uid 2000 <<<<<<
06-29 15:28:42.769 17497 17497 W app_process: Could not reserve sentinel fault page
06-29 15:28:42.981 17497 17497 W app_process: Unexpected CPU variant for X86 using defaults: x86
06-29 15:28:42.987 17497 17497 I app_process: The ClassLoaderContext is a special shared library.
06-29 15:28:43.062 17497 17497 D AndroidRuntime: Calling main entry com.android.commands.monkey.Monkey
06-29 15:28:43.067 17497 17497 W Monkey  : args: [-p, net.osmand, -c, android.intent.category.LAUNCHER, 1]
06-29 15:28:43.071 17497 17497 W Monkey  :  arg: "-p"
06-29 15:28:43.074 17497 17497 W Monkey  :  arg: "net.osmand"
06-29 15:28:43.075 17497 17497 W Monkey  :  arg: "-c"
06-29 15:28:43.076 17497 17497 W Monkey  :  arg: "android.intent.category.LAUNCHER"
06-29 15:28:43.077 17497 17497 W Monkey  :  arg: "1"
06-29 15:28:43.077 17497 17497 W Monkey  : data="net.osmand"
06-29 15:28:43.077 17497 17497 W Monkey  : data="android.intent.category.LAUNCHER"
06-29 15:28:43.140  1600  1614 W BroadcastQueue: Skipping deliver [background] BroadcastRecord{cf46b4a u-1 android.net.conn.CONNECTIVITY_CHANGE} to ReceiverList{1fe6abb 17497 (unknown name)/2000/u-1 remote:50a9cec}: process gone or crashing
06-29 15:28:43.197  1600  3412 I ActivityManager: START u0 {act=android.intent.action.MAIN cat=[android.intent.category.LAUNCHER] flg=0x10200000 cmp=net.osmand/.plus.activities.MapActivity} from uid 2000
06-29 15:28:43.198  1600  3412 W Binder  : Outgoing transactions from this process must be FLAG_ONEWAY
06-29 15:28:43.198  1600  3412 W Binder  : java.lang.Throwable
06-29 15:28:43.198  1600  3412 W Binder  : 	at android.os.BinderProxy.transact(Binder.java:752)
06-29 15:28:43.198  1600  3412 W Binder  : 	at android.app.IActivityController$Stub$Proxy.activityStarting(IActivityController.java:172)
06-29 15:28:43.198  1600  3412 W Binder  : 	at com.android.server.am.ActivityStarter.startActivity(ActivityStarter.java:449)
06-29 15:28:43.198  1600  3412 W Binder  : 	at com.android.server.am.ActivityStarter.startActivityLocked(ActivityStarter.java:278)
06-29 15:28:43.198  1600  3412 W Binder  : 	at com.android.server.am.ActivityStarter.startActivityMayWait(ActivityStarter.java:817)
06-29 15:28:43.198  1600  3412 W Binder  : 	at com.android.server.am.ActivityManagerService.startActivityAsUser(ActivityManagerService.java:4532)
06-29 15:28:43.198  1600  3412 W Binder  : 	at com.android.server.am.ActivityManagerService.startActivity(ActivityManagerService.java:4519)
06-29 15:28:43.198  1600  3412 W Binder  : 	at android.app.IActivityManager$Stub.onTransact(IActivityManager.java:121)
06-29 15:28:43.198  1600  3412 W Binder  : 	at com.android.server.am.ActivityManagerService.onTransact(ActivityManagerService.java:2919)
06-29 15:28:43.198  1600  3412 W Binder  : 	at android.os.Binder.execTransact(Binder.java:697)
06-29 15:28:43.215 17497 17497 I Monkey  : Events injected: 1
06-29 15:28:43.238  1398  1434 D gralloc_ranchu: gralloc_alloc: Creating ashmem region of size 8298496
06-29 15:28:43.272  1408  1408 E EGL_emulation: tid 1408: eglCreateSyncKHR(1962): error 0x3004 (EGL_BAD_ATTRIBUTE)
06-29 15:28:43.277  1600  1647 W LocalDisplayAdapter: Unable to find color mode 0, ignoring request.
06-29 15:28:43.319  1600  1792 I ActivityManager: Config changes=480 {1.0 310mcc260mnc [en_US] ldltr sw411dp w683dp h387dp 420dpi nrml land finger qwerty/v/v -nav/h appBounds=Rect(126, 0 - 1920, 1080) s.53}
06-29 15:28:43.530  1600  1792 I ActivityManager: Override config changes=480 {1.0 310mcc260mnc [en_US] ldltr sw411dp w683dp h387dp 420dpi nrml land finger qwerty/v/v -nav/h appBounds=Rect(126, 0 - 1920, 1080) s.53} for displayId=0
06-29 15:28:43.620  1600  1792 W LocalDisplayAdapter: Unable to find color mode 0, ignoring request.
06-29 15:28:43.644  1600  1615 W Looper  : Dispatch took 330ms on android.ui, h=Handler (com.android.server.am.ActivityManagerService$UiHandler) {bce2944} cb=null msg=31
06-29 15:28:43.646  1408  1462 E BufferQueueProducer: [SnapshotStartingWindow for taskId=5#0] connect: BufferQueue has been abandoned
06-29 15:28:43.650  1600  1647 W WindowManager: Exception when adding starting window
06-29 15:28:43.650  1600  1647 W WindowManager: java.lang.RuntimeException: Failed to attach and queue buffer to Surface (bad object?)
06-29 15:28:43.650  1600  1647 W WindowManager: 	at android.view.Surface.attachAndQueueBuffer(Surface.java:616)
06-29 15:28:43.650  1600  1647 W WindowManager: 	at com.android.server.wm.TaskSnapshotSurface.drawSizeMatchSnapshot(TaskSnapshotSurface.java:299)
06-29 15:28:43.650  1600  1647 W WindowManager: 	at com.android.server.wm.TaskSnapshotSurface.drawSnapshot(TaskSnapshotSurface.java:286)
06-29 15:28:43.650  1600  1647 W WindowManager: 	at com.android.server.wm.TaskSnapshotSurface.create(TaskSnapshotSurface.java:222)
06-29 15:28:43.650  1600  1647 W WindowManager: 	at com.android.server.wm.TaskSnapshotController.createStartingSurface(TaskSnapshotController.java:203)
06-29 15:28:43.650  1600  1647 W WindowManager: 	at com.android.server.wm.SnapshotStartingData.createStartingSurface(SnapshotStartingData.java:39)
06-29 15:28:43.650  1600  1647 W WindowManager: 	at com.android.server.wm.AppWindowContainerController.lambda$-com_android_server_wm_AppWindowContainerController_4735(AppWindowContainerController.java:145)
06-29 15:28:43.650  1600  1647 W WindowManager: 	at com.android.server.wm.-$Lambda$aEpJ2RCAIjecjyIIYTv6ricEwh4.$m$4(Unknown Source:4)
06-29 15:28:43.650  1600  1647 W WindowManager: 	at com.android.server.wm.-$Lambda$aEpJ2RCAIjecjyIIYTv6ricEwh4.run(Unknown Source:27)
06-29 15:28:43.650  1600  1647 W WindowManager: 	at android.os.Handler.handleCallback(Handler.java:790)
06-29 15:28:43.650  1600  1647 W WindowManager: 	at android.os.Handler.dispatchMessage(Handler.java:99)
06-29 15:28:43.650  1600  1647 W WindowManager: 	at android.os.Looper.loop(Looper.java:164)
06-29 15:28:43.650  1600  1647 W WindowManager: 	at android.os.HandlerThread.run(HandlerThread.java:65)
06-29 15:28:43.650  1600  1647 W WindowManager: 	at com.android.server.ServiceThread.run(ServiceThread.java:46)
06-29 15:28:43.701  1600  1662 I InputReader: Reconfiguring input devices.  changes=0x00000004
06-29 15:28:43.701  1600  1662 I InputReader: Device reconfigured: id=0, name='qwerty2', size 1080x1920, orientation 3, mode 1, display id 0
06-29 15:28:43.707 17497 17497 I Monkey  : ## Network stats: elapsed time=507ms (0ms mobile, 0ms wifi, 507ms not connected)
06-29 15:28:43.715  1600  1662 I InputReader: Reconfiguring input devices.  changes=0x00000004
06-29 15:28:43.722 17497 17497 I com.android.commands.monkey: System.exit called, status: 0
06-29 15:28:43.722 17497 17497 I AndroidRuntime: VM exiting with result code 0.
06-29 15:28:43.763  3472  3472 D InAppPurchaseHelper: Destroying helper.
06-29 15:28:43.862  1408  1462 E SurfaceFlinger: Permission Denial: can't openGlobalTransaction pid=3472, uid<=10104
06-29 15:28:43.862  3472  3472 E BpSurfaceComposerClient: Failed to transact (-1)
06-29 15:28:43.865  1600  1615 W Looper  : Dispatch took 186ms on android.ui, h=Handler (com.android.server.policy.PhoneWindowManager$PolicyHandler) {dca4410} cb=android.database.ContentObserver$NotificationRunnable@6f719a2 msg=0
06-29 15:28:43.867  2118  2184 D EGL_emulation: eglMakeCurrent: 0x8b867100: ver 2 0 (tinfo 0x8b8707f0)
06-29 15:28:43.870  1408  1462 E SurfaceFlinger: Permission Denial: can't openGlobalTransaction pid=3472, uid<=10104
06-29 15:28:43.870  3472  3472 E BpSurfaceComposerClient: Failed to transact (-1)
06-29 15:28:43.946  3472  3472 W ResourceType: ResTable_typeSpec entry count inconsistent: given 5115, previously 5124
06-29 15:28:43.946  3472  3472 W ResourceType: ResTable_typeSpec entry count inconsistent: given 142, previously 459
06-29 15:28:44.049  3472  3472 W ResourceType: For resource 0x7f0e00c0, entry index(192) is beyond type entryCount(142)
06-29 15:28:44.049  3472  3472 W ResourceType: For resource 0x7f0e00d1, entry index(209) is beyond type entryCount(142)
06-29 15:28:44.049  3472  3472 W ResourceType: For resource 0x7f0e00cb, entry index(203) is beyond type entryCount(142)
06-29 15:28:44.049  3472  3472 W ResourceType: For resource 0x7f0e014d, entry index(333) is beyond type entryCount(142)
06-29 15:28:44.049  3472  3472 W ResourceType: For resource 0x7f0e00dd, entry index(221) is beyond type entryCount(142)
06-29 15:28:44.049  3472  3472 W ResourceType: For resource 0x7f0e00e4, entry index(228) is beyond type entryCount(142)
06-29 15:28:44.151  1600  1615 W Looper  : Dispatch took 127ms on android.ui, h=Handler (com.android.server.policy.PhoneWindowManager$PolicyHandler) {dca4410} cb=android.database.ContentObserver$NotificationRunnable@1250df0 msg=0
06-29 15:28:44.170  3472  3472 W ResourceType: For resource 0x7f0e01c4, entry index(452) is beyond type entryCount(142)
06-29 15:28:44.170  3472  3472 W ResourceType: For resource 0x7f0e01c4, entry index(452) is beyond type entryCount(142)
06-29 15:28:44.170  3472  3472 W ResourceType: For resource 0x7f0e0183, entry index(387) is beyond type entryCount(142)
06-29 15:28:44.177  3472  3472 W ResourceType: For resource 0x7f0e0187, entry index(391) is beyond type entryCount(142)
06-29 15:28:44.177  3472  3472 W ResourceType: For resource 0x7f0e0185, entry index(389) is beyond type entryCount(142)
06-29 15:28:44.177  3472  3472 W ResourceType: For resource 0x7f0e015d, entry index(349) is beyond type entryCount(142)
06-29 15:28:44.177  3472  3472 W ResourceType: For resource 0x7f0e0195, entry index(405) is beyond type entryCount(142)
06-29 15:28:44.181  3472  3472 W ResourceType: For resource 0x7f0e016c, entry index(364) is beyond type entryCount(142)
06-29 15:28:44.181  3472  3472 W ResourceType: For resource 0x7f0e0163, entry index(355) is beyond type entryCount(142)
06-29 15:28:44.181  3472  3472 W ResourceType: For resource 0x7f0e00db, entry index(219) is beyond type entryCount(142)
06-29 15:28:44.181  3472  3472 W ResourceType: For resource 0x7f0e0193, entry index(403) is beyond type entryCount(142)
06-29 15:28:44.181  3472  3472 W ResourceType: For resource 0x7f0e016f, entry index(367) is beyond type entryCount(142)
06-29 15:28:44.181  3472  3472 W ResourceType: For resource 0x7f0e0161, entry index(353) is beyond type entryCount(142)
06-29 15:28:44.181  3472  3472 W ResourceType: For resource 0x7f0e0170, entry index(368) is beyond type entryCount(142)
06-29 15:28:44.181  3472  3472 W ResourceType: For resource 0x7f0e0174, entry index(372) is beyond type entryCount(142)
06-29 15:28:44.181  3472  3472 I chatty  : uid=10104(net.osmand) identical 2 lines
06-29 15:28:44.181  3472  3472 W ResourceType: For resource 0x7f0e0174, entry index(372) is beyond type entryCount(142)
06-29 15:28:44.181  3472  3472 W ResourceType: For resource 0x7f0e0177, entry index(375) is beyond type entryCount(142)
06-29 15:28:44.182  3472  3472 W ResourceType: For resource 0x7f0e0160, entry index(352) is beyond type entryCount(142)
06-29 15:28:44.182  3472  3472 W ResourceType: For resource 0x7f0e0199, entry index(409) is beyond type entryCount(142)
06-29 15:28:44.182  3472  3472 W ResourceType: For resource 0x7f0e017e, entry index(382) is beyond type entryCount(142)
06-29 15:28:44.182  3472  3472 W ResourceType: For resource 0x7f0e017f, entry index(383) is beyond type entryCount(142)
06-29 15:28:44.182  3472  3472 W ResourceType: For resource 0x7f0e0196, entry index(406) is beyond type entryCount(142)
06-29 15:28:44.182  3472  3472 W ResourceType: For resource 0x7f0e0197, entry index(407) is beyond type entryCount(142)
06-29 15:28:44.182  3472  3472 W ResourceType: For resource 0x7f0e0140, entry index(320) is beyond type entryCount(142)
06-29 15:28:44.182  3472  3472 W ResourceType: For resource 0x7f0e00e7, entry index(231) is beyond type entryCount(142)
06-29 15:28:44.182  3472  3472 W ResourceType: For resource 0x7f0e0194, entry index(404) is beyond type entryCount(142)
06-29 15:28:44.182  3472  3472 W ResourceType: For resource 0x7f0e01a5, entry index(421) is beyond type entryCount(142)
06-29 15:28:44.182  3472  3472 W ResourceType: For resource 0x7f0e017d, entry index(381) is beyond type entryCount(142)
06-29 15:28:44.182  3472  3472 W ResourceType: For resource 0x7f0e017b, entry index(379) is beyond type entryCount(142)
06-29 15:28:44.182  3472  3472 W ResourceType: For resource 0x7f0e010f, entry index(271) is beyond type entryCount(142)
06-29 15:28:44.182  3472  3472 W ResourceType: For resource 0x7f0e00f8, entry index(248) is beyond type entryCount(142)
06-29 15:28:44.182  3472  3472 W ResourceType: For resource 0x7f0e010f, entry index(271) is beyond type entryCount(142)
06-29 15:28:44.183  3472  3472 W ResourceType: For resource 0x7f0e0122, entry index(290) is beyond type entryCount(142)
06-29 15:28:44.183  3472  3472 W ResourceType: For resource 0x7f0e010b, entry index(267) is beyond type entryCount(142)
06-29 15:28:44.183  3472  3472 W ResourceType: For resource 0x7f0e010c, entry index(268) is beyond type entryCount(142)
06-29 15:28:44.183  3472  3472 W ResourceType: For resource 0x7f0e01ad, entry index(429) is beyond type entryCount(142)
06-29 15:28:44.183  3472  3472 W ResourceType: For resource 0x7f0e01ac, entry index(428) is beyond type entryCount(142)
06-29 15:28:44.186  3472  3472 W ResourceType: For resource 0x7f0e01c4, entry index(452) is beyond type entryCount(142)
06-29 15:28:44.186  3472  3472 W ResourceType: For resource 0x7f0e01c4, entry index(452) is beyond type entryCount(142)
06-29 15:28:44.187  3472  3472 W ResourceType: For resource 0x7f0e0183, entry index(387) is beyond type entryCount(142)
06-29 15:28:44.187  3472  3472 W ResourceType: For resource 0x7f0e0187, entry index(391) is beyond type entryCount(142)
06-29 15:28:44.187  3472  3472 W ResourceType: For resource 0x7f0e0185, entry index(389) is beyond type entryCount(142)
06-29 15:28:44.187  3472  3472 W ResourceType: For resource 0x7f0e015d, entry index(349) is beyond type entryCount(142)
06-29 15:28:44.187  3472  3472 W ResourceType: For resource 0x7f0e0195, entry index(405) is beyond type entryCount(142)
06-29 15:28:44.187  3472  3472 W ResourceType: For resource 0x7f0e016c, entry index(364) is beyond type entryCount(142)
06-29 15:28:44.187  3472  3472 W ResourceType: For resource 0x7f0e0163, entry index(355) is beyond type entryCount(142)
06-29 15:28:44.187  3472  3472 W ResourceType: For resource 0x7f0e00db, entry index(219) is beyond type entryCount(142)
06-29 15:28:44.187  3472  3472 W ResourceType: For resource 0x7f0e0193, entry index(403) is beyond type entryCount(142)
06-29 15:28:44.187  3472  3472 W ResourceType: For resource 0x7f0e016f, entry index(367) is beyond type entryCount(142)
06-29 15:28:44.187  3472  3472 W ResourceType: For resource 0x7f0e0161, entry index(353) is beyond type entryCount(142)
06-29 15:28:44.187  3472  3472 W ResourceType: For resource 0x7f0e0170, entry index(368) is beyond type entryCount(142)
06-29 15:28:44.187  3472  3472 W ResourceType: For resource 0x7f0e0174, entry index(372) is beyond type entryCount(142)
06-29 15:28:44.187  3472  3472 I chatty  : uid=10104(net.osmand) identical 2 lines
06-29 15:28:44.187  3472  3472 W ResourceType: For resource 0x7f0e0174, entry index(372) is beyond type entryCount(142)
06-29 15:28:44.188  3472  3472 W ResourceType: For resource 0x7f0e0177, entry index(375) is beyond type entryCount(142)
06-29 15:28:44.188  3472  3472 W ResourceType: For resource 0x7f0e0160, entry index(352) is beyond type entryCount(142)
06-29 15:28:44.188  3472  3472 W ResourceType: For resource 0x7f0e0199, entry index(409) is beyond type entryCount(142)
06-29 15:28:44.188  3472  3472 W ResourceType: For resource 0x7f0e017e, entry index(382) is beyond type entryCount(142)
06-29 15:28:44.188  3472  3472 W ResourceType: For resource 0x7f0e017f, entry index(383) is beyond type entryCount(142)
06-29 15:28:44.188  3472  3472 W ResourceType: For resource 0x7f0e0196, entry index(406) is beyond type entryCount(142)
06-29 15:28:44.188  3472  3472 W ResourceType: For resource 0x7f0e0197, entry index(407) is beyond type entryCount(142)
06-29 15:28:44.188  3472  3472 W ResourceType: For resource 0x7f0e0140, entry index(320) is beyond type entryCount(142)
06-29 15:28:44.188  3472  3472 W ResourceType: For resource 0x7f0e00e7, entry index(231) is beyond type entryCount(142)
06-29 15:28:44.188  3472  3472 W ResourceType: For resource 0x7f0e0194, entry index(404) is beyond type entryCount(142)
06-29 15:28:44.188  3472  3472 W ResourceType: For resource 0x7f0e01a5, entry index(421) is beyond type entryCount(142)
06-29 15:28:44.188  3472  3472 W ResourceType: For resource 0x7f0e017d, entry index(381) is beyond type entryCount(142)
06-29 15:28:44.189  3472  3472 W ResourceType: For resource 0x7f0e017b, entry index(379) is beyond type entryCount(142)
06-29 15:28:44.189  3472  3472 W ResourceType: For resource 0x7f0e010f, entry index(271) is beyond type entryCount(142)
06-29 15:28:44.189  3472  3472 W ResourceType: For resource 0x7f0e00f8, entry index(248) is beyond type entryCount(142)
06-29 15:28:44.189  3472  3472 W ResourceType: For resource 0x7f0e010f, entry index(271) is beyond type entryCount(142)
06-29 15:28:44.189  3472  3472 W ResourceType: For resource 0x7f0e0122, entry index(290) is beyond type entryCount(142)
06-29 15:28:44.189  3472  3472 W ResourceType: For resource 0x7f0e010b, entry index(267) is beyond type entryCount(142)
06-29 15:28:44.191  3472  3472 W ResourceType: For resource 0x7f0e010c, entry index(268) is beyond type entryCount(142)
06-29 15:28:44.191  3472  3472 W ResourceType: For resource 0x7f0e01ad, entry index(429) is beyond type entryCount(142)
06-29 15:28:44.191  3472  3472 W ResourceType: For resource 0x7f0e01ac, entry index(428) is beyond type entryCount(142)
06-29 15:28:44.200  3472  3472 W ResourceType: For resource 0x7f0e01c4, entry index(452) is beyond type entryCount(142)
06-29 15:28:44.203  3472  3472 W ResourceType: For resource 0x7f0e01c4, entry index(452) is beyond type entryCount(142)
06-29 15:28:44.203  3472  3472 W ResourceType: For resource 0x7f0e0183, entry index(387) is beyond type entryCount(142)
06-29 15:28:44.204  3472  3472 W ResourceType: For resource 0x7f0e0187, entry index(391) is beyond type entryCount(142)
06-29 15:28:44.204  3472  3472 W ResourceType: For resource 0x7f0e0185, entry index(389) is beyond type entryCount(142)
06-29 15:28:44.204  3472  3472 W ResourceType: For resource 0x7f0e015d, entry index(349) is beyond type entryCount(142)
06-29 15:28:44.204  3472  3472 W ResourceType: For resource 0x7f0e0195, entry index(405) is beyond type entryCount(142)
06-29 15:28:44.204  3472  3472 W ResourceType: For resource 0x7f0e016c, entry index(364) is beyond type entryCount(142)
06-29 15:28:44.204  3472  3472 W ResourceType: For resource 0x7f0e0163, entry index(355) is beyond type entryCount(142)
06-29 15:28:44.204  3472  3472 W ResourceType: For resource 0x7f0e00db, entry index(219) is beyond type entryCount(142)
06-29 15:28:44.204  3472  3472 W ResourceType: For resource 0x7f0e0193, entry index(403) is beyond type entryCount(142)
06-29 15:28:44.204  3472  3472 W ResourceType: For resource 0x7f0e016f, entry index(367) is beyond type entryCount(142)
06-29 15:28:44.205  3472  3472 W ResourceType: For resource 0x7f0e0161, entry index(353) is beyond type entryCount(142)
06-29 15:28:44.205  3472  3472 W ResourceType: For resource 0x7f0e0170, entry index(368) is beyond type entryCount(142)
06-29 15:28:44.206  3472  3472 W ResourceType: For resource 0x7f0e0174, entry index(372) is beyond type entryCount(142)
06-29 15:28:44.206  3472  3472 I chatty  : uid=10104(net.osmand) identical 2 lines
06-29 15:28:44.206  3472  3472 W ResourceType: For resource 0x7f0e0174, entry index(372) is beyond type entryCount(142)
06-29 15:28:44.206  3472  3472 W ResourceType: For resource 0x7f0e0177, entry index(375) is beyond type entryCount(142)
06-29 15:28:44.206  3472  3472 W ResourceType: For resource 0x7f0e0160, entry index(352) is beyond type entryCount(142)
06-29 15:28:44.206  3472  3472 W ResourceType: For resource 0x7f0e0199, entry index(409) is beyond type entryCount(142)
06-29 15:28:44.206  3472  3472 W ResourceType: For resource 0x7f0e017e, entry index(382) is beyond type entryCount(142)
06-29 15:28:44.206  3472  3472 W ResourceType: For resource 0x7f0e017f, entry index(383) is beyond type entryCount(142)
06-29 15:28:44.206  3472  3472 W ResourceType: For resource 0x7f0e0196, entry index(406) is beyond type entryCount(142)
06-29 15:28:44.206  3472  3472 W ResourceType: For resource 0x7f0e0197, entry index(407) is beyond type entryCount(142)
06-29 15:28:44.206  3472  3472 W ResourceType: For resource 0x7f0e0140, entry index(320) is beyond type entryCount(142)
06-29 15:28:44.206  3472  3472 W ResourceType: For resource 0x7f0e00e7, entry index(231) is beyond type entryCount(142)
06-29 15:28:44.206  3472  3472 W ResourceType: For resource 0x7f0e0194, entry index(404) is beyond type entryCount(142)
06-29 15:28:44.207  3472  3472 W ResourceType: For resource 0x7f0e01a5, entry index(421) is beyond type entryCount(142)
06-29 15:28:44.207  3472  3472 W ResourceType: For resource 0x7f0e017d, entry index(381) is beyond type entryCount(142)
06-29 15:28:44.207  3472  3472 W ResourceType: For resource 0x7f0e017b, entry index(379) is beyond type entryCount(142)
06-29 15:28:44.207  3472  3472 W ResourceType: For resource 0x7f0e010f, entry index(271) is beyond type entryCount(142)
06-29 15:28:44.207  3472  3472 W ResourceType: For resource 0x7f0e00f8, entry index(248) is beyond type entryCount(142)
06-29 15:28:44.207  3472  3472 W ResourceType: For resource 0x7f0e010f, entry index(271) is beyond type entryCount(142)
06-29 15:28:44.207  3472  3472 W ResourceType: For resource 0x7f0e0122, entry index(290) is beyond type entryCount(142)
06-29 15:28:44.207  3472  3472 W ResourceType: For resource 0x7f0e010b, entry index(267) is beyond type entryCount(142)
06-29 15:28:44.207  3472  3472 W ResourceType: For resource 0x7f0e010c, entry index(268) is beyond type entryCount(142)
06-29 15:28:44.207  3472  3472 W ResourceType: For resource 0x7f0e01ad, entry index(429) is beyond type entryCount(142)
06-29 15:28:44.207  3472  3472 W ResourceType: For resource 0x7f0e01ac, entry index(428) is beyond type entryCount(142)
06-29 15:28:44.227  3472  3472 W ResourceType: For resource 0x7f0e017f, entry index(383) is beyond type entryCount(142)
06-29 15:28:44.228  3472  3472 W ResourceType: For resource 0x7f0e0091, entry index(145) is beyond type entryCount(142)
06-29 15:28:44.321  3472  3472 W ResourceType: For resource 0x7f0e016b, entry index(363) is beyond type entryCount(142)
06-29 15:28:44.339  3472  3472 W ResourceType: For resource 0x7f0e017b, entry index(379) is beyond type entryCount(142)
06-29 15:28:44.348  3472  3472 W ResourceType: For resource 0x7f0e0125, entry index(293) is beyond type entryCount(142)
06-29 15:28:44.366  3472  3472 W ResourceType: For resource 0x7f0e0125, entry index(293) is beyond type entryCount(142)
06-29 15:28:44.389  1696  1696 I KeyboardViewUtil: systemKeyboardHeightRatio:1.000000; userKeyboardHeightRatio:1.000000.
06-29 15:28:44.421  1398  1434 D gralloc_ranchu: gralloc_alloc: Creating ashmem region of size 544768
06-29 15:28:44.435  2629  2884 D EGL_emulation: eglMakeCurrent: 0xa61b6ce0: ver 2 0 (tinfo 0xa619b690)
06-29 15:28:44.441  1704  1929 D EGL_emulation: eglMakeCurrent: 0x9e4046c0: ver 2 0 (tinfo 0x9e403690)
06-29 15:28:44.483  1398  1434 D gralloc_ranchu: gralloc_alloc: Creating ashmem region of size 544768
06-29 15:28:44.509  3472  3472 W ResourceType: For resource 0x7f0e01a5, entry index(421) is beyond type entryCount(142)
06-29 15:28:44.510  3472  3472 W ResourceType: For resource 0x7f0e00a9, entry index(169) is beyond type entryCount(142)
06-29 15:28:44.511  1696  1696 I DeviceStatusMonitor: onReceive() : Action = android.intent.action.CONFIGURATION_CHANGED
06-29 15:28:44.511  1696  1696 I ConfigNotification: Get device mode by ui mode:1 and smallestScreenWidthDp:411
06-29 15:28:44.512  1696  1696 I ConfigNotification: Get device mode by ui mode:1 and smallestScreenWidthDp:411
06-29 15:28:44.527  3472  3472 W ResourceType: For resource 0x7f0e01bc, entry index(444) is beyond type entryCount(142)
06-29 15:28:44.528  1696  1696 I ConfigNotification: Get device mode by ui mode:1 and smallestScreenWidthDp:411
06-29 15:28:44.533  1696  1696 I ConfigNotification: Get device mode by ui mode:1 and smallestScreenWidthDp:411
06-29 15:28:44.544  3472  3472 W ResourceType: For resource 0x7f0e0132, entry index(306) is beyond type entryCount(142)
06-29 15:28:44.544  3472  3472 W ResourceType: For resource 0x7f0e00f7, entry index(247) is beyond type entryCount(142)
06-29 15:28:44.545  3472  3472 W ResourceType: For resource 0x7f0e0131, entry index(305) is beyond type entryCount(142)
06-29 15:28:44.545  3472  3472 W ResourceType: For resource 0x7f0e010f, entry index(271) is beyond type entryCount(142)
06-29 15:28:44.546  3472  3472 W ResourceType: For resource 0x7f0e0175, entry index(373) is beyond type entryCount(142)
06-29 15:28:44.551  3472  3472 W ResourceType: For resource 0x7f0e0173, entry index(371) is beyond type entryCount(142)
06-29 15:28:44.569  3472  3472 W ResourceType: For resource 0x7f0e011d, entry index(285) is beyond type entryCount(142)
06-29 15:28:44.579  3472  3472 I chatty  : uid=10104(net.osmand) identical 4 lines
06-29 15:28:44.579  3472  3472 W ResourceType: For resource 0x7f0e011d, entry index(285) is beyond type entryCount(142)
06-29 15:28:44.580  3472  3472 W ResourceType: For resource 0x7f0e01ac, entry index(428) is beyond type entryCount(142)
06-29 15:28:44.580  3472  3472 W ResourceType: For resource 0x7f0e00ae, entry index(174) is beyond type entryCount(142)
06-29 15:28:44.580  3472  3472 W ResourceType: For resource 0x7f0e013d, entry index(317) is beyond type entryCount(142)
06-29 15:28:44.580  3472  3472 W ResourceType: For resource 0x7f0e013e, entry index(318) is beyond type entryCount(142)
06-29 15:28:44.611  3472  3472 W ResourceType: For resource 0x7f0e013b, entry index(315) is beyond type entryCount(142)
06-29 15:28:44.695  1600  1792 W LocalDisplayAdapter: Unable to find color mode 0, ignoring request.
06-29 15:28:44.619  3472  3472 I chatty  : uid=10104(net.osmand) identical 9 lines
06-29 15:28:44.619  3472  3472 W ResourceType: For resource 0x7f0e013b, entry index(315) is beyond type entryCount(142)
06-29 15:28:44.708  1600  1662 I InputReader: Reconfiguring input devices.  changes=0x00000004
06-29 15:28:44.755  1704  1704 D EGL_emulation: eglCreateContext: 0x8a0ae9c0: maj 2 min 0 rcv 2
06-29 15:28:44.765  1704  1704 D EGL_emulation: eglMakeCurrent: 0x8a0ae9c0: ver 2 0 (tinfo 0x8999d150)
06-29 15:28:44.767  1398  1434 D gralloc_ranchu: gralloc_alloc: Creating ashmem region of size 9547776
06-29 15:28:44.796  1704  1704 D EGL_emulation: eglMakeCurrent: 0x8a0ae9c0: ver 2 0 (tinfo 0x8999d150)
06-29 15:28:44.849  1398  1434 D gralloc_ranchu: gralloc_alloc: Creating ashmem region of size 9547776
06-29 15:28:44.977  1704  1704 I Choreographer: Skipped 33 frames!  The application may be doing too much work on its main thread.
06-29 15:28:44.988  1398  1434 D gralloc_ranchu: gralloc_alloc: Creating ashmem region of size 544768
06-29 15:28:44.991  3472  3472 W System.err: OnCreate for MapActivity took 833 ms
06-29 15:28:45.036  1704  1704 W StaticLayout: maxLineHeight should not be -1.  maxLines:7 lineCount:7
06-29 15:28:45.074  1704  1704 I chatty  : uid=10029(com.android.systemui) identical 2 lines
06-29 15:28:45.075  1704  1704 W StaticLayout: maxLineHeight should not be -1.  maxLines:7 lineCount:7
06-29 15:28:45.128  3472  3472 D InAppPurchaseHelper: Destroying helper.
06-29 15:28:45.185  3472  3472 D net.osmand: Enable sensor
06-29 15:28:45.186  1398  1434 D gralloc_ranchu: gralloc_alloc: Creating ashmem region of size 487424
06-29 15:28:45.216  1600  7948 I GnssLocationProvider: WakeLock acquired by sendMessage(SET_REQUEST, 0, com.android.server.location.GnssLocationProvider$GpsRequest@9949fc8)
06-29 15:28:45.218  1600  1613 I GnssLocationProvider: WakeLock released by handleMessage(SET_REQUEST, 0, com.android.server.location.GnssLocationProvider$GpsRequest@9949fc8)
06-29 15:28:45.228  1600  1621 W WindowManager: Window freeze timeout expired.
06-29 15:28:45.228  1600  1621 W WindowManager: Force clearing orientation change: Window{a7ee748 u0 StatusBar}
06-29 15:28:45.241  3472  3472 W System.err: OnCreate for MapActivity took 113 ms
06-29 15:28:45.251  1600  1647 I WindowManager: Screen frozen for +2s25ms due to Window{a7ee748 u0 StatusBar}
06-29 15:28:45.299  3472  3472 I Choreographer: Skipped 101 frames!  The application may be doing too much work on its main thread.
06-29 15:28:45.301  1704  1704 W StaticLayout: maxLineHeight should not be -1.  maxLines:7 lineCount:7
06-29 15:28:45.306  1704  1704 W StaticLayout: maxLineHeight should not be -1.  maxLines:7 lineCount:7
06-29 15:28:45.332  1600  1613 E memtrack: Couldn't load memtrack module
06-29 15:28:45.332  1600  1613 W android.os.Debug: failed to get memory consumption info: -1
06-29 15:28:45.375  1398  1434 D gralloc_ranchu: gralloc_alloc: Creating ashmem region of size 8298496
06-29 15:28:45.386  1964  1964 I GeofencerStateMachine: sendNewLocationAvailability: availability=LocationAvailability[isLocationAvailable: true]
06-29 15:28:45.399  1704  1704 W StaticLayout: maxLineHeight should not be -1.  maxLines:7 lineCount:7
06-29 15:28:45.402  1704  1704 W StaticLayout: maxLineHeight should not be -1.  maxLines:7 lineCount:7
06-29 15:28:45.465  3472  3472 W ResourceType: For resource 0x7f0e013b, entry index(315) is beyond type entryCount(142)
06-29 15:28:45.487  3472  3472 I chatty  : uid=10104(net.osmand) identical 38 lines
06-29 15:28:45.487  3472  3472 W ResourceType: For resource 0x7f0e013b, entry index(315) is beyond type entryCount(142)
06-29 15:28:45.493  3472  3472 W View    : requestLayout() improperly called by android.widget.ListView{37fd174 VFED.VC.. ......ID 0,0-735,1080 #7f0803ba app:id/menuItems} during layout: running second layout pass
06-29 15:28:45.564  3472  3540 D EGL_emulation: eglMakeCurrent: 0x9e4043c0: ver 2 0 (tinfo 0x9e403290)
06-29 15:28:45.626  1398  1434 D gralloc_ranchu: gralloc_alloc: Creating ashmem region of size 8298496
06-29 15:28:45.671  1398  1434 D gralloc_ranchu: gralloc_alloc: Creating ashmem region of size 3878912
06-29 15:28:45.783  1704  1704 D StatusBar: disable<e i a s b h r c s q >
06-29 15:28:45.800  1704  1929 D EGL_emulation: eglMakeCurrent: 0x9e4046c0: ver 2 0 (tinfo 0x9e403690)
06-29 15:28:45.827  1398  1434 D gralloc_ranchu: gralloc_alloc: Creating ashmem region of size 487424
06-29 15:28:45.828  1398  1435 D gralloc_ranchu: gralloc_alloc: Creating ashmem region of size 8298496
06-29 15:28:45.898  1408  1408 E EGL_emulation: tid 1408: eglCreateSyncKHR(1962): error 0x3004 (EGL_BAD_ATTRIBUTE)
06-29 15:28:45.905  1600  1647 W LocalDisplayAdapter: Unable to find color mode 0, ignoring request.
06-29 15:28:45.944  1600  1662 I InputReader: Reconfiguring input devices.  changes=0x00000004
06-29 15:28:45.945  1600  1662 I InputReader: Device reconfigured: id=0, name='qwerty2', size 1080x1920, orientation 0, mode 1, display id 0
06-29 15:28:45.947  1600  1621 I ActivityManager: Config changes=480 {1.0 310mcc260mnc [en_US] ldltr sw411dp w411dp h659dp 420dpi nrml port finger qwerty/v/v -nav/h appBounds=Rect(0, 0 - 1080, 1794) s.54}
06-29 15:28:46.004  1398  1435 D gralloc_ranchu: gralloc_alloc: Creating ashmem region of size 8298496
06-29 15:28:46.032  1398  1435 D gralloc_ranchu: gralloc_alloc: Creating ashmem region of size 3878912
06-29 15:28:46.091  1600  1621 I ActivityManager: Override config changes=480 {1.0 310mcc260mnc [en_US] ldltr sw411dp w411dp h659dp 420dpi nrml port finger qwerty/v/v -nav/h appBounds=Rect(0, 0 - 1080, 1794) s.54} for displayId=0
06-29 15:28:46.216  1704  1704 W StatusBar/NavBarView: *** Invalid layout in navigation bar (sizeChanged this=126x1080 cur=1038x126)
06-29 15:28:46.225  1600  4840 I GnssLocationProvider: WakeLock acquired by sendMessage(SET_REQUEST, 0, com.android.server.location.GnssLocationProvider$GpsRequest@5beb13f)
06-29 15:28:46.226  1600  1613 I GnssLocationProvider: WakeLock released by handleMessage(SET_REQUEST, 0, com.android.server.location.GnssLocationProvider$GpsRequest@5beb13f)
06-29 15:28:46.230  3472  3472 D net.osmand: Disable sensor
06-29 15:28:46.251  3472  3472 I net.osmand: MapRenderRepositories RENDER MAP: Interrupt rendering map
06-29 15:28:46.254  3472  3540 D EGL_emulation: eglMakeCurrent: 0x9e4043c0: ver 2 0 (tinfo 0x9e403290)
06-29 15:28:46.256  1696  1696 I KeyboardViewUtil: systemKeyboardHeightRatio:1.000000; userKeyboardHeightRatio:1.000000.
06-29 15:28:46.278  3472  3472 D InAppPurchaseHelper: Destroying helper.
06-29 15:28:46.293  1408  1663 E BufferQueueProducer: [SurfaceView - net.osmand/net.osmand.plus.activities.MapActivity#0] disconnect: not connected (req=2)
