06-28 14:45:15.171  1401  1401 D gralloc_ranchu: gralloc_alloc: Creating ashmem region of size 274432
06-28 14:45:18.640  1603  1612 I zygote  : Background concurrent copying GC freed 80558(5MB) AllocSpace objects, 2(40KB) LOS objects, 18% free, 26MB/32MB, paused 3.114ms total 448.528ms
06-28 14:45:27.406  1603  3971 I WifiService: acquireWifiLock uid=10014 lockMode=2
06-28 14:45:27.416  1603  1616 E memtrack: Couldn't load memtrack module
06-28 14:45:27.416  1603  1616 W android.os.Debug: failed to get memory consumption info: -1
06-28 14:45:27.479  1603  3880 I WifiService: releaseWifiLock uid=10014
06-28 14:45:27.492  1603  1616 E memtrack: Couldn't load memtrack module
06-28 14:45:27.492  1603  1616 W android.os.Debug: failed to get memory consumption info: -1
06-28 14:45:27.567  1603  1616 E memtrack: Couldn't load memtrack module
06-28 14:45:27.568  1603  1616 W android.os.Debug: failed to get memory consumption info: -1
06-28 14:45:27.877 19569 21586 W Conscrypt: Could not set socket write timeout: java.net.SocketException: Socket closed
06-28 14:45:27.878 19569 21586 W Conscrypt: 	at com.google.android.gms.org.conscrypt.Platform.setSocketWriteTimeout(:com.google.android.gms@17785022@17.7.85 (040700-253824076):2)
06-28 14:45:27.878 19569 21586 W Conscrypt: 	at com.google.android.gms.org.conscrypt.ConscryptFileDescriptorSocket.setSoWriteTimeout(:com.google.android.gms@17785022@17.7.85 (040700-253824076):2)
06-28 14:45:27.885 19569 24697 V NativeCrypto: Read error: ssl=0xa4ed9328: Failure in SSL library, usually a protocol error
06-28 14:45:27.885 19569 24697 V NativeCrypto: error:100000d7:SSL routines:OPENSSL_internal:SSL_HANDSHAKE_FAILURE (third_party/openssl/boringssl/src/ssl/ssl_lib.cc:1024 0x90dd49ff:0x00000000)
06-28 14:45:30.382  1603  2974 D WificondControl: Scan result ready event
06-28 14:45:34.516 29111 29127 I Finsky  : [1119] imb.run(3): Stats for Executor: BlockingExecutor ink@477781[Running, pool size = 0, active threads = 0, queued tasks = 0, completed tasks = 22]
06-28 14:45:34.517 29111 29127 I Finsky  : [1119] imb.run(3): Stats for Executor: LightweightExecutor ink@39d6026[Running, pool size = 2, active threads = 0, queued tasks = 0, completed tasks = 81]
06-28 14:45:34.517 29111 29127 I Finsky  : [1119] imb.run(3): Stats for Executor: bgExecutor ink@b1b467[Running, pool size = 4, active threads = 0, queued tasks = 0, completed tasks = 61]
06-28 14:45:40.324 19569 21586 W Conscrypt: Could not set socket write timeout: java.net.SocketException: Socket closed
06-28 14:45:40.325 19569 21586 W Conscrypt: 	at com.google.android.gms.org.conscrypt.Platform.setSocketWriteTimeout(:com.google.android.gms@17785022@17.7.85 (040700-253824076):2)
06-28 14:45:40.325 19569 21586 W Conscrypt: 	at com.google.android.gms.org.conscrypt.ConscryptFileDescriptorSocket.setSoWriteTimeout(:com.google.android.gms@17785022@17.7.85 (040700-253824076):2)
06-28 14:45:48.477  1603  3880 I WifiService: acquireWifiLock uid=10014 lockMode=2
06-28 14:45:48.542  1603  1612 I zygote  : Background concurrent copying GC freed 84958(6MB) AllocSpace objects, 3(60KB) LOS objects, 18% free, 26MB/32MB, paused 1.136ms total 394.582ms
06-28 14:45:48.568  1603  2974 I WifiService: releaseWifiLock uid=10014
06-28 14:45:48.597 19546 19546 I GeofencerStateMachine: sendNewTransitions called.
06-28 14:45:48.602 19546 19594 I GeofencerStateMachine: Inaccurate location dropped.
06-28 14:45:51.575  1409  1409 I boot-pipe: done populating /dev/random
06-28 14:45:52.542 19569 21586 W Conscrypt: Could not set socket write timeout: java.net.SocketException: Socket closed
06-28 14:45:52.543 19569 21586 W Conscrypt: 	at com.google.android.gms.org.conscrypt.Platform.setSocketWriteTimeout(:com.google.android.gms@17785022@17.7.85 (040700-253824076):2)
06-28 14:45:52.543 19569 21586 W Conscrypt: 	at com.google.android.gms.org.conscrypt.ConscryptFileDescriptorSocket.setSoWriteTimeout(:com.google.android.gms@17785022@17.7.85 (040700-253824076):2)
06-28 14:45:52.549 19569  2606 V NativeCrypto: Read error: ssl=0xa4eda908: Failure in SSL library, usually a protocol error
06-28 14:45:52.549 19569  2606 V NativeCrypto: error:100000d7:SSL routines:OPENSSL_internal:SSL_HANDSHAKE_FAILURE (third_party/openssl/boringssl/src/ssl/ssl_lib.cc:1024 0x90dd49ff:0x00000000)
06-28 14:45:58.897 19569 21586 W Conscrypt: Could not set socket write timeout: java.net.SocketException: Socket closed
06-28 14:45:58.900 19569 21586 W Conscrypt: 	at com.google.android.gms.org.conscrypt.Platform.setSocketWriteTimeout(:com.google.android.gms@17785022@17.7.85 (040700-253824076):2)
06-28 14:45:58.904 19569 21586 W Conscrypt: 	at com.google.android.gms.org.conscrypt.ConscryptFileDescriptorSocket.setSoWriteTimeout(:com.google.android.gms@17785022@17.7.85 (040700-253824076):2)
06-28 14:46:08.493  1603  3880 I WifiService: acquireWifiLock uid=10014 lockMode=2
06-28 14:46:11.473  1603  2974 D WificondControl: Scan result ready event
06-28 14:46:11.533  1603  3971 I WifiService: releaseWifiLock uid=10014
06-28 14:46:12.375 19569 21586 W Conscrypt: Could not set socket write timeout: java.net.SocketException: Socket closed
06-28 14:46:12.375 19569 21586 W Conscrypt: 	at com.google.android.gms.org.conscrypt.Platform.setSocketWriteTimeout(:com.google.android.gms@17785022@17.7.85 (040700-253824076):2)
06-28 14:46:12.375 19569 21586 W Conscrypt: 	at com.google.android.gms.org.conscrypt.ConscryptFileDescriptorSocket.setSoWriteTimeout(:com.google.android.gms@17785022@17.7.85 (040700-253824076):2)
06-28 14:46:12.382 19569 24697 V NativeCrypto: Read error: ssl=0x8ceccaf8: Failure in SSL library, usually a protocol error
06-28 14:46:12.382 19569 24697 V NativeCrypto: error:100000d7:SSL routines:OPENSSL_internal:SSL_HANDSHAKE_FAILURE (third_party/openssl/boringssl/src/ssl/ssl_lib.cc:1024 0x90dd49ff:0x00000000)
06-28 14:46:14.321 19569 21586 W Conscrypt: Could not set socket write timeout: java.net.SocketException: Socket closed
06-28 14:46:14.322 19569 21586 W Conscrypt: 	at com.google.android.gms.org.conscrypt.Platform.setSocketWriteTimeout(:com.google.android.gms@17785022@17.7.85 (040700-253824076):2)
06-28 14:46:14.322 19569 21586 W Conscrypt: 	at com.google.android.gms.org.conscrypt.ConscryptFileDescriptorSocket.setSoWriteTimeout(:com.google.android.gms@17785022@17.7.85 (040700-253824076):2)
06-28 14:46:22.872  1708  1708 D StatusBar: disable<e i a s b h r c s q >
06-28 14:46:22.914  1708  1926 D EGL_emulation: eglMakeCurrent: 0x9268e860: ver 2 0 (tinfo 0x92690770)
06-28 14:46:22.920  1401  1401 D gralloc_ranchu: gralloc_alloc: Creating ashmem region of size 8298496
06-28 14:46:22.978  1708  1926 D EGL_emulation: eglMakeCurrent: 0x9268e860: ver 2 0 (tinfo 0x92690770)
06-28 14:46:22.990  1708  1708 D StatusBar: disable<e i a s b h r c s q >
06-28 14:46:23.021  1401  1401 D gralloc_ranchu: gralloc_alloc: Creating ashmem region of size 8298496
06-28 14:46:23.135  1401  1401 D gralloc_ranchu: gralloc_alloc: Creating ashmem region of size 8298496
06-28 14:46:23.605  1603  1612 I zygote  : Background concurrent copying GC freed 79730(5MB) AllocSpace objects, 4(80KB) LOS objects, 18% free, 26MB/32MB, paused 1.170ms total 695.795ms
06-28 14:46:25.432  1603  3880 I WifiService: getConnectionInfo uid=10014
06-28 14:46:25.437 19546  2159 E WakeLock: GCM_HB_ALARM release without a matched acquire!
06-28 14:46:25.768  1603  1616 E memtrack: Couldn't load memtrack module
06-28 14:46:25.768  1603  1616 W android.os.Debug: failed to get memory consumption info: -1
06-28 14:46:26.035 19546 19705 I GeofencerStateMachine: addGeofences called by com.google.android.apps.maps
06-28 14:46:26.370 19546 19546 I GeofencerStateMachine: sendNewTransitions called.
06-28 14:46:26.377 19546 19594 I GeofencerStateMachine: Inaccurate location dropped.
06-28 14:46:26.458 19546 19546 I GeofencerStateMachine: sendNewLocationAvailability: availability=LocationAvailability[isLocationAvailable: true]
06-28 14:46:26.479  1603  3880 I WifiService: getWifiEnabledState uid=10062
06-28 14:46:26.981 19546 19603 W ResourceType: ResTable_typeSpec entry count inconsistent: given 15, previously 22
06-28 14:46:27.592  1393  3231 W audio_hw_generic: Not supplying enough data to HAL, expected position 170031827 , only wrote 170031600
06-28 14:46:27.602  1603  2974 I ActivityManager: START u0 {act=android.intent.action.MAIN flg=0x10040000 cmp=com.google.android.dialer/com.android.incallui.InCallActivity (has extras)} from uid 10020
06-28 14:46:27.708  1603  1618 W Looper  : Dispatch took 106ms on android.ui, h=Handler (com.android.server.am.ActivityManagerService$UiHandler) {5717402} cb=null msg=53
06-28 14:46:27.725 29061 29061 D net.osmand: Disable sensor
06-28 14:46:27.797 29061 29061 I net.osmand: MapRenderRepositories RENDER MAP: Interrupt rendering map
06-28 14:46:27.843  1603  6334 E ActivityManager: applyOptionsLocked: Unknown animationType=0
06-28 14:46:27.857  1401  1401 D gralloc_ranchu: gralloc_alloc: Creating ashmem region of size 8298496
06-28 14:46:27.952 30604 30604 I Dialer  : InCallActivity.onCreate
06-28 14:46:28.040 30604 30604 I Dialer  : InCallActivity.onStart
06-28 14:46:28.056 30604 30604 I Dialer  : InCallActivity.showMainInCallFragment - shouldShowAnswerUi: false, shouldShowVideoUi: false, didShowAnswerScreen: false, didShowInCallScreen: false, didShowVideoCallScreen: false
06-28 14:46:28.091  1708  1708 D StatusBar: disable<e i a s b h r c s q >
06-28 14:46:28.104 30604 30604 I GAv4    : Google Analytics 10.2.98 is starting up. To enable debug logging on a device run:
06-28 14:46:28.104 30604 30604 I GAv4    :   adb shell setprop log.tag.GAv4 DEBUG
06-28 14:46:28.104 30604 30604 I GAv4    :   adb logcat -s GAv4
06-28 14:46:28.160  1412  1699 E SurfaceFlinger: Failed to find layer (SurfaceView - net.osmand/net.osmand.plus.activities.MapActivity#0) in layer parent (no-parent).
06-28 14:46:28.160  1412  1466 E BufferQueueProducer: [SurfaceView - net.osmand/net.osmand.plus.activities.MapActivity#0] disconnect: not connected (req=2)
06-28 14:46:28.193  1412  1699 E SurfaceFlinger: Failed to find layer (Background for - SurfaceView - net.osmand/net.osmand.plus.activities.MapActivity#0) in layer parent (no-parent).
06-28 14:46:28.203 29061 29102 D EGL_emulation: eglMakeCurrent: 0xa6785600: ver 2 0 (tinfo 0xa6783370)
06-28 14:46:28.265  1401  1401 D gralloc_ranchu: gralloc_alloc: Creating ashmem region of size 8298496
06-28 14:46:28.312 30604  6339 W GAv4    : AnalyticsReceiver is not registered or is disabled. Register the receiver for reliable dispatching on non-Google Play devices. See http://goo.gl/8Rd3yj for instructions.
06-28 14:46:28.313  1412  1412 E EGL_emulation: tid 1412: eglCreateSyncKHR(1962): error 0x3004 (EGL_BAD_ATTRIBUTE)
06-28 14:46:28.324 30604 30604 I Dialer  : InCallFragment.onCreateView
06-28 14:46:28.343 30604  6339 W GAv4    : CampaignTrackingReceiver is not registered, not exported or is disabled. Installation campaign tracking is not possible. See http://goo.gl/8Rd3yj for instructions.
06-28 14:46:28.403  1708  1926 D EGL_emulation: eglMakeCurrent: 0x9268e860: ver 2 0 (tinfo 0x92690770)
06-28 14:46:28.423 30604  6339 W GAv4    : AnalyticsService not registered in the app manifest. Hits might not be delivered reliably. See http://goo.gl/8Rd3yj for instructions.
06-28 14:46:28.429 19546 19546 I GeofencerStateMachine: sendNewLocationAvailability: availability=LocationAvailability[isLocationAvailable: true]
06-28 14:46:28.493  1393  3231 W audio_hw_generic: Not supplying enough data to HAL, expected position 170074841 , only wrote 170074800
06-28 14:46:28.535  1708  1926 D EGL_emulation: eglMakeCurrent: 0x9268e860: ver 2 0 (tinfo 0x92690770)
06-28 14:46:28.554  1708  1926 D EGL_emulation: eglMakeCurrent: 0x9268e860: ver 2 0 (tinfo 0x92690770)
06-28 14:46:28.566  1708  1708 D StatusBar: disable<e i a s b h r c s q >
06-28 14:46:28.570 30604 30604 I Dialer  : InCallFragment.onViewCreated
06-28 14:46:28.572 30604 30604 I Dialer  : CallCardController.constructor
06-28 14:46:28.590 30604 30604 I Dialer  : InCallFragment.setPrimary - PrimaryInfo, number: ****, name: Redacted-4-chars, location: Redacted-0-chars, label: null, photo: null, photoType: 0, isPhotoVisible: true, MultimediaData: null
06-28 14:46:28.616 30604 30604 I Dialer  : CallCardPresenter.updatePrimaryDisplayInfo - UI not ready, not showing location
06-28 14:46:28.627 30604 30604 I Dialer  : InCallFragment.setSecondary - SecondaryInfo, show: false, name: null, label: null, providerLabel: null
06-28 14:46:28.656 30604 30604 W ResourceType: Failure getting entry for 0x7f100471 (t=15 e=1137) (error -75)
06-28 14:46:28.710 30604 30604 I Dialer  : InCallFragment.setCallState - PrimaryCallState, state: 3, connectionLabel: 
06-28 14:46:28.712 30604 30604 I Dialer  : ContactGridManager.updateBottomRow - starting timer with base: 26719882
06-28 14:46:28.715 30604 30604 I Dialer  : InCallActivity.onPrimaryCallStateChanged
06-28 14:46:28.715 30604 30604 I Dialer  : InCallActivity.showMainInCallFragment - already in method, bailing
06-28 14:46:28.716 30604 30604 I Dialer  : CallCardController.onInCallScreenReady
06-28 14:46:28.717 30604 30604 I Dialer  : InCallFragment.setPrimary - PrimaryInfo, number: ****, name: Redacted-4-chars, location: Redacted-0-chars, label: null, photo: null, photoType: 0, isPhotoVisible: true, MultimediaData: null
06-28 14:46:28.718 30604 30604 I Dialer  : CallCardPresenter.updatePrimaryDisplayInfo - UI not ready, not showing location
06-28 14:46:28.724 30604 30604 I Dialer  : InCallPresenter.updateActivity - UI Initialized
06-28 14:46:28.735  1401  1401 D gralloc_ranchu: gralloc_alloc: Creating ashmem region of size 274432
06-28 14:46:28.739 30604 30604 I Dialer  : InCallPresenter.onCallListChange - Phone switching state: INCALL -> INCALL
06-28 14:46:28.739 30604 30604 I Dialer  : VideoPauseController.onStateChange - hasPrimaryCallChanged: false, videoCanPause: false, isInBackground: false
06-28 14:46:28.751 30604 30604 I Dialer  : InCallFragment.setSecondary - SecondaryInfo, show: false, name: null, label: null, providerLabel: null
06-28 14:46:28.751 30604 30604 W ResourceType: Failure getting entry for 0x7f100471 (t=15 e=1137) (error -75)
06-28 14:46:28.761 30604 30604 I Dialer  : InCallFragment.setCallState - PrimaryCallState, state: 3, connectionLabel: 
06-28 14:46:28.763 30604 30604 I Dialer  : InCallActivity.onPrimaryCallStateChanged
06-28 14:46:28.764 30604 30604 I Dialer  : InCallActivity.showMainInCallFragment - shouldShowAnswerUi: false, shouldShowVideoUi: false, didShowAnswerScreen: false, didShowInCallScreen: true, didShowVideoCallScreen: false
06-28 14:46:28.783 30604 30604 I Dialer  : InCallActivity.onResume
06-28 14:46:28.834  1708  1926 D EGL_emulation: eglMakeCurrent: 0x9268e860: ver 2 0 (tinfo 0x92690770)
06-28 14:46:28.876 30604 30604 I Dialer  : ProximitySensor.updateProximitySensorMode - screenOnImmediately: false, dialPadVisible: false, offHook: true, horizontal: false, uiShowing: true, audioRoute: EARPIECE
06-28 14:46:28.877 30604 30604 I Dialer  : ProximitySensor.turnOnProximitySensor - wake lock already acquired
06-28 14:46:28.879  1401  1401 D gralloc_ranchu: gralloc_alloc: Creating ashmem region of size 274432
06-28 14:46:28.905  1708  1926 D EGL_emulation: eglMakeCurrent: 0x9268e860: ver 2 0 (tinfo 0x92690770)
06-28 14:46:28.929 30604 30604 I Dialer  : InCallActivity.onPrimaryCallStateChanged
06-28 14:46:28.929 30604 30604 I Dialer  : InCallActivity.showMainInCallFragment - shouldShowAnswerUi: false, shouldShowVideoUi: false, didShowAnswerScreen: false, didShowInCallScreen: true, didShowVideoCallScreen: false
06-28 14:46:28.933 30604 30604 I Dialer  : InCallActivity.onPseudoScreenStateChanged - isOn: true
06-28 14:46:28.934 30604 30604 I Dialer  : InCallFragment.setPrimary - PrimaryInfo, number: ****, name: Redacted-4-chars, location: Redacted-0-chars, label: null, photo: null, photoType: 0, isPhotoVisible: true, MultimediaData: null
06-28 14:46:28.958  1393  3231 W audio_hw_generic: Not supplying enough data to HAL, expected position 170097121 , only wrote 170096400
06-28 14:46:28.970  1708  1926 D EGL_emulation: eglMakeCurrent: 0x9268e860: ver 2 0 (tinfo 0x92690770)
06-28 14:46:28.974 29061  6335 E FA      : Task exception on worker thread: java.lang.IllegalAccessError: Method 'void android.support.v4.content.ContextCompat.<init>()' is inaccessible to class 'com.google.firebase.iid.zzg' (declaration of 'com.google.firebase.iid.zzg' appears in /data/app/net.osmand-3e2027wrPNiMXbTSfYMHIA==/base.apk): com.google.android.gms.measurement.internal.zzt.zzEd(Unknown Source:3)
06-28 14:46:29.003  1401  1401 D gralloc_ranchu: gralloc_alloc: Creating ashmem region of size 274432
06-28 14:46:29.007 30604 30604 I Dialer  : CallCardPresenter.getLocationFragment - shouldn't show location
06-28 14:46:29.059  1412  1466 E SurfaceFlinger: ro.sf.lcd_density must be defined as a build property
06-28 14:46:29.082  1393  3231 W audio_hw_generic: Not supplying enough data to HAL, expected position 170102371 , only wrote 170102160
06-28 14:46:29.214  1708  1728 I zygote  : NativeAlloc concurrent copying GC freed 106776(4MB) AllocSpace objects, 0(0B) LOS objects, 38% free, 9MB/15MB, paused 1.329ms total 759.017ms
06-28 14:46:29.235  1393  3231 W audio_hw_generic: Not supplying enough data to HAL, expected position 170109481 , only wrote 170109360
06-28 14:46:29.278 30604 30604 I Dialer  : InCallFragment.onButtonGridCreated - InCallUiReady
06-28 14:46:29.279 30604 30604 I Dialer  : InCallFragment.setAudioState - audioState: [AudioState isMuted: false, route: EARPIECE, supportedRouteMask: EARPIECE, SPEAKER]
06-28 14:46:29.377 30604  6339 W AdvertisingIdClient: Error while reading from SharedPreferences 
06-28 14:46:29.377 30604  6339 W AdvertisingIdClient: java.lang.SecurityException: MODE_WORLD_READABLE no longer supported
06-28 14:46:29.377 30604  6339 W AdvertisingIdClient: 	at android.app.ContextImpl.checkMode(ContextImpl.java:2420)
06-28 14:46:29.377 30604  6339 W AdvertisingIdClient: 	at android.app.ContextImpl.getSharedPreferences(ContextImpl.java:382)
06-28 14:46:29.377 30604  6339 W AdvertisingIdClient: 	at android.app.ContextImpl.getSharedPreferences(ContextImpl.java:372)
06-28 14:46:29.377 30604  6339 W AdvertisingIdClient: 	at ddr.a(Unknown Source:12)
06-28 14:46:29.377 30604  6339 W AdvertisingIdClient: 	at dfc.e(Unknown Source:22)
06-28 14:46:29.377 30604  6339 W AdvertisingIdClient: 	at dfc.d(Unknown Source:16)
06-28 14:46:29.377 30604  6339 W AdvertisingIdClient: 	at dfc.b(Unknown Source:4)
06-28 14:46:29.377 30604  6339 W AdvertisingIdClient: 	at dei.run(Unknown Source:12)
06-28 14:46:29.377 30604  6339 W AdvertisingIdClient: 	at java.util.concurrent.Executors$RunnableAdapter.call(Executors.java:457)
06-28 14:46:29.377 30604  6339 W AdvertisingIdClient: 	at java.util.concurrent.FutureTask.run(FutureTask.java:266)
06-28 14:46:29.377 30604  6339 W AdvertisingIdClient: 	at java.util.concurrent.ThreadPoolExecutor.runWorker(ThreadPoolExecutor.java:1162)
06-28 14:46:29.377 30604  6339 W AdvertisingIdClient: 	at java.util.concurrent.ThreadPoolExecutor$Worker.run(ThreadPoolExecutor.java:636)
06-28 14:46:29.377 30604  6339 W AdvertisingIdClient: 	at java.lang.Thread.run(Thread.java:764)
06-28 14:46:29.377 30604  6339 W AdvertisingIdClient: 	at dhp$c.run(Unknown Source:5)
06-28 14:46:29.428  1401  1401 D gralloc_ranchu: gralloc_alloc: Creating ashmem region of size 8298496
06-28 14:46:29.476  1393  3231 W audio_hw_generic: Not supplying enough data to HAL, expected position 170120921 , only wrote 170120880
06-28 14:46:29.476  1393  3231 W audio_hw_generic: Not supplying enough data to HAL, expected position 170120904 , only wrote 170120880
06-28 14:46:29.477  1401  6331 D gralloc_ranchu: gralloc_alloc: Creating ashmem region of size 8298496
06-28 14:46:29.484 30604  6341 D         : HostConnection::get() New Host Connection established 0x92bd18c0, tid 6341
06-28 14:46:29.494  1393  3231 W audio_hw_generic: Not supplying enough data to HAL, expected position 170121736 , only wrote 170121600
06-28 14:46:29.514  1401  6331 D gralloc_ranchu: gralloc_alloc: Creating ashmem region of size 8298496
06-28 14:46:29.523 30604  6341 I zygote  : android::hardware::configstore::V1_0::ISurfaceFlingerConfigs::hasWideColorDisplay retrieved: 0
06-28 14:46:29.526 30604  6341 I OpenGLRenderer: Initialized EGL, version 1.4
06-28 14:46:29.527 30604  6341 D OpenGLRenderer: Swap behavior 1
06-28 14:46:29.527 30604  6341 W OpenGLRenderer: Failed to choose config with EGL_SWAP_BEHAVIOR_PRESERVED, retrying without...
06-28 14:46:29.528 30604  6341 D OpenGLRenderer: Swap behavior 0
06-28 14:46:29.595 30604  6341 D EGL_emulation: eglCreateContext: 0xa6786bc0: maj 2 min 0 rcv 2
06-28 14:46:29.603 30604  6341 D EGL_emulation: eglMakeCurrent: 0xa6786bc0: ver 2 0 (tinfo 0x925d2990)
06-28 14:46:29.613  1412  1699 E SurfaceFlinger: ro.sf.lcd_density must be defined as a build property
06-28 14:46:29.690 30604 30604 I zygote  : Deoptimizing void bci.draw(android.graphics.Canvas) due to JIT inline cache
06-28 14:46:29.706 30604  6341 D EGL_emulation: eglMakeCurrent: 0xa6786bc0: ver 2 0 (tinfo 0x925d2990)
06-28 14:46:29.998  1603  1624 I ActivityManager: Displayed com.google.android.dialer/com.android.incallui.InCallActivity: +2s113ms
06-28 14:46:30.199 30604  6339 W AdvertisingIdClient: Error while reading from SharedPreferences 
06-28 14:46:30.199 30604  6339 W AdvertisingIdClient: java.lang.SecurityException: MODE_WORLD_READABLE no longer supported
06-28 14:46:30.199 30604  6339 W AdvertisingIdClient: 	at android.app.ContextImpl.checkMode(ContextImpl.java:2420)
06-28 14:46:30.199 30604  6339 W AdvertisingIdClient: 	at android.app.ContextImpl.getSharedPreferences(ContextImpl.java:382)
06-28 14:46:30.199 30604  6339 W AdvertisingIdClient: 	at android.app.ContextImpl.getSharedPreferences(ContextImpl.java:372)
06-28 14:46:30.199 30604  6339 W AdvertisingIdClient: 	at ddr.a(Unknown Source:12)
06-28 14:46:30.199 30604  6339 W AdvertisingIdClient: 	at dfc.e(Unknown Source:22)
06-28 14:46:30.199 30604  6339 W AdvertisingIdClient: 	at dfc.d(Unknown Source:16)
06-28 14:46:30.199 30604  6339 W AdvertisingIdClient: 	at dfc.c(Unknown Source:7)
06-28 14:46:30.199 30604  6339 W AdvertisingIdClient: 	at dei.run(Unknown Source:12)
06-28 14:46:30.199 30604  6339 W AdvertisingIdClient: 	at java.util.concurrent.Executors$RunnableAdapter.call(Executors.java:457)
06-28 14:46:30.199 30604  6339 W AdvertisingIdClient: 	at java.util.concurrent.FutureTask.run(FutureTask.java:266)
06-28 14:46:30.199 30604  6339 W AdvertisingIdClient: 	at java.util.concurrent.ThreadPoolExecutor.runWorker(ThreadPoolExecutor.java:1162)
06-28 14:46:30.199 30604  6339 W AdvertisingIdClient: 	at java.util.concurrent.ThreadPoolExecutor$Worker.run(ThreadPoolExecutor.java:636)
06-28 14:46:30.199 30604  6339 W AdvertisingIdClient: 	at java.lang.Thread.run(Thread.java:764)
06-28 14:46:30.199 30604  6339 W AdvertisingIdClient: 	at dhp$c.run(Unknown Source:5)
06-28 14:46:30.621  1844  1855 I zygote  : Background concurrent copying GC freed 42150(2MB) AllocSpace objects, 0(0B) LOS objects, 49% free, 2MB/4MB, paused 66.524ms total 351.052ms
06-28 14:46:30.756  1393  3231 W audio_hw_generic: Not supplying enough data to HAL, expected position 170182166 , only wrote 170182080
06-28 14:46:30.756  1393  3231 W audio_hw_generic: Not supplying enough data to HAL, expected position 170182091 , only wrote 170182080
06-28 14:46:30.759  1603  1612 I zygote  : NativeAlloc concurrent copying GC freed 6372(570KB) AllocSpace objects, 0(0B) LOS objects, 17% free, 28MB/34MB, paused 41.762ms total 2.370s
06-28 14:46:30.774  1393  1575 W audio_hw_generic: Not supplying enough data to HAL, expected position 170182961 , only wrote 170182800
06-28 14:46:31.133 19569 19579 I zygote  : Background concurrent copying GC freed 70549(3MB) AllocSpace objects, 32(2MB) LOS objects, 31% free, 12MB/18MB, paused 1.145ms total 249.403ms
06-28 14:46:31.575  1603  3880 I WifiService: getWifiEnabledState uid=10062
06-28 14:46:31.852  1603  1612 I zygote  : NativeAlloc concurrent copying GC freed 27156(2MB) AllocSpace objects, 1(20KB) LOS objects, 18% free, 26MB/32MB, paused 1.071ms total 304.622ms
06-28 14:46:31.919 30604 30604 I Dialer  : InCallFragment.onClick - end call button clicked
06-28 14:46:31.920 30604 30604 I Dialer  : CallCardPresenter.onEndCallClicked - disconnecting call: [DialerCall_1, ACTIVE, [Capabilities: CAPABILITY_HOLD CAPABILITY_SUPPORT_HOLD CAPABILITY_MUTE CAPABILITY_CANNOT_DOWNGRADE_VIDEO_TO_AUDIO], [Properties:], children:[], parent:null, conferenceable:[], videoState:Audio Only, mSessionModificationState:0, CameraDir:-1]
06-28 14:46:31.920 30604 30604 I Dialer  : DialerCall.disconnect
06-28 14:46:31.921 30604 30604 I Dialer  : CallList.onUpdateCall - [DialerCall_1, DISCONNECTING, [Capabilities: CAPABILITY_HOLD CAPABILITY_SUPPORT_HOLD CAPABILITY_MUTE CAPABILITY_CANNOT_DOWNGRADE_VIDEO_TO_AUDIO], [Properties:], children:[], parent:null, conferenceable:[], videoState:Audio Only, mSessionModificationState:0, CameraDir:-1]
06-28 14:46:31.922 30604 30604 I Dialer  : InCallPresenter.onCallListChange - Phone switching state: INCALL -> INCALL
06-28 14:46:31.923 30604 30604 I Dialer  : VideoPauseController.onStateChange - hasPrimaryCallChanged: true, videoCanPause: false, isInBackground: false
06-28 14:46:31.923 30604 30604 I Dialer  : VideoPauseController.onPrimaryCallChanged - new call: null, old call: [DialerCall_1, DISCONNECTING, [Capabilities: CAPABILITY_HOLD CAPABILITY_SUPPORT_HOLD CAPABILITY_MUTE CAPABILITY_CANNOT_DOWNGRADE_VIDEO_TO_AUDIO], [Properties:], children:[], parent:null, conferenceable:[], videoState:Audio Only, mSessionModificationState:0, CameraDir:-1], mIsInBackground: false
06-28 14:46:31.931  1393  3231 W audio_hw_generic: Not supplying enough data to HAL, expected position 170182929 , only wrote 170182800
06-28 14:46:31.940 30604 30604 I Dialer  : ProximitySensor.updateProximitySensorMode - screenOnImmediately: false, dialPadVisible: false, offHook: false, horizontal: false, uiShowing: true, audioRoute: EARPIECE
06-28 14:46:31.942 30604 30604 I Dialer  : ProximitySensor.turnOffProximitySensor - releasing wake lock
06-28 14:46:31.947 30604 30604 I Dialer  : StatusBarNotifier.cancelNotification - cancel
06-28 14:46:31.974 30604 30604 I Dialer  : InCallFragment.setSecondary - SecondaryInfo, show: false, name: null, label: null, providerLabel: null
06-28 14:46:31.977 30604 30604 W ResourceType: Failure getting entry for 0x7f100471 (t=15 e=1137) (error -75)
06-28 14:46:31.989 30604 30604 I Dialer  : InCallFragment.setCallState - PrimaryCallState, state: 9, connectionLabel: 
06-28 14:46:32.000 30604 30604 I Dialer  : InCallActivity.onPrimaryCallStateChanged
06-28 14:46:32.001 30604 30604 I Dialer  : InCallActivity.showMainInCallFragment - shouldShowAnswerUi: false, shouldShowVideoUi: false, didShowAnswerScreen: false, didShowInCallScreen: true, didShowVideoCallScreen: false
06-28 14:46:32.009  1603  2079 I Telecom : Event: RecordEntry TC@17: REQUEST_DISCONNECT, null: ICA.dC(InCall package: com.google.android.dialer)@Edo
06-28 14:46:32.009  1603  2079 I Telecom : Call: Send disconnect to connection service for call: [TC@17, ACTIVE, com.android.phone/com.android.services.telephony.TelephonyConnectionService, tel:****, A, childs(0), has_parent(false), [Capabilities: CAPABILITY_HOLD CAPABILITY_SUPPORT_HOLD CAPABILITY_MUTE CAPABILITY_CANNOT_DOWNGRADE_VIDEO_TO_AUDIO CAPABILITY_SPEED_UP_MT_AUDIO], [Properties:]]: ICA.dC(InCall package: com.google.android.dialer)@Edo
06-28 14:46:32.059  1603  2079 I Telecom : InCallController: Sending updateCall [TC@17, ACTIVE, com.android.phone/com.android.services.telephony.TelephonyConnectionService, tel:****, A, childs(0), has_parent(false), [Capabilities: CAPABILITY_HOLD CAPABILITY_SUPPORT_HOLD CAPABILITY_MUTE CAPABILITY_CANNOT_DOWNGRADE_VIDEO_TO_AUDIO CAPABILITY_SPEED_UP_MT_AUDIO], [Properties:]]: CSW.sSH@Eds
06-28 14:46:32.068  1603  2079 I Telecom : InCallController: Components updated: [ComponentInfo{com.google.android.dialer/com.android.incallui.InCallServiceImpl}]: CSW.sSH@Eds
06-28 14:46:32.069  1603  2079 I Telecom : InCallController: Sending updateCall [TC@17, ACTIVE, com.android.phone/com.android.services.telephony.TelephonyConnectionService, tel:****, A, childs(0), has_parent(false), [Capabilities: CAPABILITY_HOLD CAPABILITY_SUPPORT_HOLD CAPABILITY_MUTE CAPABILITY_CANNOT_DOWNGRADE_VIDEO_TO_AUDIO CAPABILITY_SPEED_UP_MT_AUDIO], [Properties:]]: CSW.sCC@Edw
06-28 14:46:32.070 30604 30604 I Dialer  : VideoShareManager.unregisterListener - enter
06-28 14:46:32.076 30604 30604 I Dialer  : EnrichedCallManagerImpl.unregisterCapabilitiesListener - listener: bca@5f64dfe
06-28 14:46:32.077 30604 30604 I Dialer  : CallList.onUpdateCall - [DialerCall_1, DISCONNECTING, [Capabilities: CAPABILITY_HOLD CAPABILITY_SUPPORT_HOLD CAPABILITY_MUTE CAPABILITY_CANNOT_DOWNGRADE_VIDEO_TO_AUDIO], [Properties:], children:[], parent:null, conferenceable:[], videoState:Audio Only, mSessionModificationState:0, CameraDir:-1]
06-28 14:46:32.077 30604 30604 I Dialer  : InCallPresenter.onCallListChange - Phone switching state: INCALL -> INCALL
06-28 14:46:32.077 30604 30604 I Dialer  : VideoPauseController.onStateChange - hasPrimaryCallChanged: false, videoCanPause: false, isInBackground: false
06-28 14:46:32.097  1603  2079 I Telecom : InCallController: Components updated: [ComponentInfo{com.google.android.dialer/com.android.incallui.InCallServiceImpl}]: CSW.sCC@Edw
06-28 14:46:32.103  1603  2974 I Telecom : CallsManager: setCallState ACTIVE -> DISCONNECTED, call: [TC@17, ACTIVE, com.android.phone/com.android.services.telephony.TelephonyConnectionService, tel:****, A, childs(0), has_parent(false), [Capabilities: CAPABILITY_HOLD CAPABILITY_SUPPORT_HOLD CAPABILITY_MUTE CAPABILITY_CANNOT_DOWNGRADE_VIDEO_TO_AUDIO CAPABILITY_SPEED_UP_MT_AUDIO], [Properties:]]: CSW.sDc@Ed4
06-28 14:46:32.104 30604 30604 I Dialer  : InCallFragment.setSecondary - SecondaryInfo, show: false, name: null, label: null, providerLabel: null
06-28 14:46:32.104  1603  2974 I Telecom : Event: RecordEntry TC@17: SET_DISCONNECTED, disconnected set explicitly> DisconnectCause [ Code: (LOCAL) Label: () Description: () Reason: (LOCAL) Tone: (27) ]: CSW.sDc@Ed4
06-28 14:46:32.106 30604 30604 W ResourceType: Failure getting entry for 0x7f100471 (t=15 e=1137) (error -75)
06-28 14:46:32.108  1844  6351 D CallNotifier: SignalInfoTonePlayer.run(toneId = 98)...
06-28 14:46:32.108  1844  6351 D CallNotifier: mSignalInfoToneGenerator created already, hence skipping
06-28 14:46:32.119 30604 30604 I Dialer  : InCallFragment.setCallState - PrimaryCallState, state: 9, connectionLabel: 
06-28 14:46:32.123 30604 30604 I Dialer  : InCallActivity.onPrimaryCallStateChanged
06-28 14:46:32.124 30604 30604 I Dialer  : InCallActivity.showMainInCallFragment - shouldShowAnswerUi: false, shouldShowVideoUi: false, didShowAnswerScreen: false, didShowInCallScreen: true, didShowVideoCallScreen: false
06-28 14:46:32.182  1603  2974 W ContextImpl: Calling a method in the system process without a qualified user: android.app.ContextImpl.sendBroadcast:981 android.content.ContextWrapper.sendBroadcast:442 com.android.server.telecom.CallLogManager.sendAddCallBroadcast:444 com.android.server.telecom.CallLogManager.logCall:287 com.android.server.telecom.CallLogManager.logCall:233 
06-28 14:46:32.184  1603  2974 I Telecom : IncomingCallNotifier: updateIncomingCall: foundIncomingcall = null: CSW.sDc@Ed4
06-28 14:46:32.185  1603  2974 I Telecom : TelecomWakeLock: WakeLock already released with id: 26: CSW.sDc@Ed4
06-28 14:46:32.185  1603  2974 I Telecom : InCallWakeLockController: Releasing full wake lock: CSW.sDc@Ed4
06-28 14:46:32.189  1603  1902 I Telecom : CallAudioRouteStateMachine: Message received: UPDATE_SYSTEM_AUDIO_ROUTE=1201, arg1=0: CSW.sDc->CARSM.pM_UPDATE_SYSTEM_AUDIO_ROUTE@Ed4
06-28 14:46:32.200  1603  1904 I Telecom : CallAudioModeStateMachine: Message received: TONE_STARTED_PLAYING.: CSW.sDc->CAMSM.pM_3001@Ed4
06-28 14:46:32.202  1603  1904 I Telecom : CallAudioModeStateMachine: Message received: NO_MORE_ACTIVE_OR_DIALING_CALLS.: CSW.sDc->CAMSM.pM_1001@Ed4
06-28 14:46:32.203  1603  1904 I Telecom : CallAudioModeStateMachine: Audio focus entering TONE/HOLDING state: CSW.sDc->CAMSM.pM_1001@Ed4
06-28 14:46:32.204  1603  1904 I MediaFocusControl: requestAudioFocus() from uid/pid 1000/1603 clientId=AudioFocus_For_Phone_Ring_And_Calls callingPack=com.android.server.telecom req=2 flags=0x4 sdk=0
06-28 14:46:32.213  1603  2974 I Telecom : InCallController: Sending updateCall [TC@17, DISCONNECTED, com.android.phone/com.android.services.telephony.TelephonyConnectionService, tel:****, A, childs(0), has_parent(false), [Capabilities: CAPABILITY_HOLD CAPABILITY_SUPPORT_HOLD CAPABILITY_MUTE CAPABILITY_CANNOT_DOWNGRADE_VIDEO_TO_AUDIO CAPABILITY_SPEED_UP_MT_AUDIO], [Properties:]]: CSW.sDc@Ed4
06-28 14:46:32.220  1603  1897 I Telecom : BluetoothRouteManager: Running runnable for testing
06-28 14:46:32.221  1603  1897 W Telecom : Logging: Log.endSession was called with no session active.
06-28 14:46:32.236  1603  2974 I Telecom : InCallController: Components updated: [ComponentInfo{com.google.android.dialer/com.android.incallui.InCallServiceImpl}]: CSW.sDc@Ed4
06-28 14:46:32.238  1603  1603 D GpsNetInitiatedHandler: onCallStateChanged(): state is 0
06-28 14:46:32.238 30604 30604 I Dialer  : DialerCallListenerImpl.onDialerCallDisconnect - [DialerCall_1, DISCONNECTED, [Capabilities: CAPABILITY_HOLD CAPABILITY_SUPPORT_HOLD CAPABILITY_MUTE CAPABILITY_CANNOT_DOWNGRADE_VIDEO_TO_AUDIO], [Properties:], children:[], parent:null, conferenceable:[], videoState:Audio Only, mSessionModificationState:0, CameraDir:-1]
06-28 14:46:32.250 19569 19643 I TelephonySpam: TelephonySpamInit - scheduleCallLogTask
06-28 14:46:32.253  1603  6353 I AudioTrack: AUDIO_OUTPUT_FLAG_FAST successful; frameCount 1440 -> 1440
06-28 14:46:32.253  1603  6353 D AudioTrack: Client defaulted notificationFrames to 720 for frameCount 1440
06-28 14:46:32.255  1603  1617 W BroadcastQueue: Permission Denial: receiving Intent { act=android.intent.action.PHONE_STATE flg=0x1000010 (has extras) } to ProcessRecord{3fbc596 4685:com.mapfactor.navigator:Notifications/u0a88} (pid=4685, uid=10088) requires android.permission.READ_PRIVILEGED_PHONE_STATE due to sender android (uid 1000)
06-28 14:46:32.257  1603  1617 W BroadcastQueue: Permission Denial: receiving Intent { act=android.intent.action.PHONE_STATE flg=0x1000010 (has extras) } to ProcessRecord{7311bef 1708:com.android.systemui/u0a29} (pid=1708, uid=10029) requires android.permission.READ_PHONE_STATE due to sender android (uid 1000)
06-28 14:46:32.264  1603  2974 I Telecom : PhoneStateBroadcaster: Broadcasted state change: 0: CSW.sDc@Ed4
06-28 14:46:32.274  1603  1902 I Telecom : CallAudioRouteStateMachine: setSystemAudioState: changing from [AudioState isMuted: false, route: EARPIECE, supportedRouteMask: EARPIECE, SPEAKER] to [AudioState isMuted: false, route: EARPIECE, supportedRouteMask: EARPIECE, SPEAKER]: CSW.sDc->CARSM.pM_UPDATE_SYSTEM_AUDIO_ROUTE@Ed4
06-28 14:46:32.275  1603  1902 I Telecom : InCallController: Calling onAudioStateChanged, audioState: [AudioState isMuted: false, route: EARPIECE, supportedRouteMask: EARPIECE, SPEAKER] -> [AudioState isMuted: false, route: EARPIECE, supportedRouteMask: EARPIECE, SPEAKER]: CSW.sDc->CARSM.pM_UPDATE_SYSTEM_AUDIO_ROUTE@Ed4
06-28 14:46:32.282  1603  2079 I Telecom : InCallController: Sending updateCall [TC@17, DISCONNECTED, com.android.phone/com.android.services.telephony.TelephonyConnectionService, tel:****, A, childs(0), has_parent(false), [Capabilities: CAPABILITY_HOLD CAPABILITY_SUPPORT_HOLD CAPABILITY_MUTE CAPABILITY_CANNOT_DOWNGRADE_VIDEO_TO_AUDIO CAPABILITY_SPEED_UP_MT_AUDIO], [Properties:]]: CSW.sCC@Ed8
06-28 14:46:32.318  1603  2079 I Telecom : InCallController: Components updated: [ComponentInfo{com.google.android.dialer/com.android.incallui.InCallServiceImpl}]: CSW.sCC@Ed8
06-28 14:46:32.350  1603  1902 I Telecom : CallAudioRouteStateMachine: Message received: SWITCH_FOCUS=4001, arg1=2: CSW.sDc->CAMSM.pM_1001->CARSM.pM_SWITCH_FOCUS@Ed4
06-28 14:46:32.354 30604 30604 I Dialer  : InCallActivityCommon.maybeShowErrorDialogOnDisconnect - disconnect cause: DisconnectMessage {code: 2, description: , reason: LOCAL, message: null}
06-28 14:46:32.354 30604 30604 I Dialer  : InCallPresenter.onCallListChange - Phone switching state: INCALL -> INCALL
06-28 14:46:32.354 30604 30604 I Dialer  : VideoPauseController.onStateChange - hasPrimaryCallChanged: false, videoCanPause: false, isInBackground: false
06-28 14:46:32.372  1603  2079 I Telecom : ConnectionServiceWrapper: Service unbound ComponentInfo{com.android.phone/com.android.services.telephony.TelephonyConnectionService}, from unbind.: CSW.rC@EeA
06-28 14:46:32.395  1603  2079 I Telecom : CallsManager: handleConnectionServiceDeath: service com.android.server.telecom.ConnectionServiceWrapper@8b4e293 died: CSW.rC@EeA
06-28 14:46:32.413  1603  2079 I Telecom : Event: RecordEntry TC@17: DESTROYED, null: CSW.rC@EeA
06-28 14:46:32.413  1603  2079 I Telecom : IncomingCallNotifier: updateIncomingCall: foundIncomingcall = null: CSW.rC@EeA
06-28 14:46:32.413  1603  2079 I Telecom : ProximitySensorManager: All calls removed, resetting proximity sensor to default state: CSW.rC@EeA
06-28 14:46:32.413  1603  2079 I Telecom : TelecomWakeLock: WakeLock already released with id: 32: CSW.rC@EeA
06-28 14:46:32.413  1603  2079 I Telecom : TelecomWakeLock: WakeLock already released with id: 26: CSW.rC@EeA
06-28 14:46:32.413  1603  2079 I Telecom : InCallWakeLockController: Releasing full wake lock: CSW.rC@EeA
06-28 14:46:32.416  1603  1603 D MediaSessionService: Global priority session is updated, active=false
06-28 14:46:32.458  1603  2079 I Telecom : InCallController: onCallRemoved: [TC@17, DISCONNECTED, null, tel:****, A, childs(0), has_parent(false), [Capabilities: CAPABILITY_HOLD CAPABILITY_SUPPORT_HOLD CAPABILITY_MUTE CAPABILITY_CANNOT_DOWNGRADE_VIDEO_TO_AUDIO CAPABILITY_SPEED_UP_MT_AUDIO], [Properties:]]: CSW.rC@EeA
06-28 14:46:32.480 30604 30604 I Dialer  : InCallFragment.setSecondary - SecondaryInfo, show: false, name: null, label: null, providerLabel: null
06-28 14:46:32.485 30604 30604 W ResourceType: Failure getting entry for 0x7f100471 (t=15 e=1137) (error -75)
06-28 14:46:32.488 30604 30604 I Dialer  : InCallFragment.setCallState - PrimaryCallState, state: 10, connectionLabel: 
06-28 14:46:32.493 30604 30604 I Dialer  : InCallActivity.onPrimaryCallStateChanged
06-28 14:46:32.498 30604 30604 I Dialer  : InCallActivity.showMainInCallFragment - shouldShowAnswerUi: false, shouldShowVideoUi: false, didShowAnswerScreen: false, didShowInCallScreen: true, didShowVideoCallScreen: false
06-28 14:46:32.504 30604 30604 I Dialer  : EnrichedCallManagerImpl.onDisconnect - enter
06-28 14:46:32.504 30604 30604 I Dialer  : EnrichedCallManagerImpl.onDisconnect - disconnected call with no enriched call session
06-28 14:46:32.505 30604 30604 I Dialer  : EnrichedCallManagerImpl.unregisterCapabilitiesListener - listener: [DialerCall_1, DISCONNECTED, [Capabilities: CAPABILITY_HOLD CAPABILITY_SUPPORT_HOLD CAPABILITY_MUTE CAPABILITY_CANNOT_DOWNGRADE_VIDEO_TO_AUDIO], [Properties:], children:[], parent:null, conferenceable:[], videoState:Audio Only, mSessionModificationState:0, CameraDir:-1]
06-28 14:46:32.505 30604 30604 I Dialer  : EnrichedCallManagerImpl.unregisterStateChangedListener - listener: [DialerCall_1, DISCONNECTED, [Capabilities: CAPABILITY_HOLD CAPABILITY_SUPPORT_HOLD CAPABILITY_MUTE CAPABILITY_CANNOT_DOWNGRADE_VIDEO_TO_AUDIO], [Properties:], children:[], parent:null, conferenceable:[], videoState:Audio Only, mSessionModificationState:0, CameraDir:-1]
06-28 14:46:32.506 30604 30604 I Dialer  : DialerCall.setState - ignoring state transition from DISCONNECTED to DISCONNECTED. Duration would have changed from 86453 to 86723
06-28 14:46:32.509 30604 30604 I Dialer  : CallList.onUpdateCall - [DialerCall_1, DISCONNECTED, [Capabilities: CAPABILITY_HOLD CAPABILITY_SUPPORT_HOLD CAPABILITY_MUTE CAPABILITY_CANNOT_DOWNGRADE_VIDEO_TO_AUDIO], [Properties:], children:[], parent:null, conferenceable:[], videoState:Audio Only, mSessionModificationState:0, CameraDir:-1]
06-28 14:46:32.509 30604 30604 I Dialer  : InCallPresenter.onCallListChange - Phone switching state: INCALL -> INCALL
06-28 14:46:32.509 30604 30604 I Dialer  : VideoPauseController.onStateChange - hasPrimaryCallChanged: false, videoCanPause: false, isInBackground: false
06-28 14:46:32.551 30604 30604 I Dialer  : InCallFragment.setSecondary - SecondaryInfo, show: false, name: null, label: null, providerLabel: null
06-28 14:46:32.557 30604 30604 W ResourceType: Failure getting entry for 0x7f100471 (t=15 e=1137) (error -75)
06-28 14:46:32.564 30604 30604 I Dialer  : InCallFragment.setCallState - PrimaryCallState, state: 10, connectionLabel: 
06-28 14:46:32.570  1603  6354 D AudioTrack: stop() called with 10240 frames delivered
06-28 14:46:32.574 30604 30604 I Dialer  : InCallActivity.onPrimaryCallStateChanged
06-28 14:46:32.574 30604 30604 I Dialer  : InCallActivity.showMainInCallFragment - shouldShowAnswerUi: false, shouldShowVideoUi: false, didShowAnswerScreen: false, didShowInCallScreen: true, didShowVideoCallScreen: false
06-28 14:46:32.585 30604 30604 W ResourceType: Failure getting entry for 0x7f100471 (t=15 e=1137) (error -75)
06-28 14:46:32.589 30604 30604 I Dialer  : InCallFragment.setCallState - PrimaryCallState, state: 10, connectionLabel: 
06-28 14:46:32.595 30604 30604 I Dialer  : InCallActivity.onPrimaryCallStateChanged
06-28 14:46:32.595 30604 30604 I Dialer  : InCallActivity.showMainInCallFragment - shouldShowAnswerUi: false, shouldShowVideoUi: false, didShowAnswerScreen: false, didShowInCallScreen: true, didShowVideoCallScreen: false
06-28 14:46:32.603 30604 30604 I Dialer  : EnrichedCallManagerImpl.unregisterCapabilitiesListener - listener: [DialerCall_1, DISCONNECTED, [Capabilities: CAPABILITY_HOLD CAPABILITY_SUPPORT_HOLD CAPABILITY_MUTE CAPABILITY_CANNOT_DOWNGRADE_VIDEO_TO_AUDIO], [Properties:], children:[], parent:null, conferenceable:[], videoState:Audio Only, mSessionModificationState:0, CameraDir:-1]
06-28 14:46:32.603 30604 30604 I Dialer  : EnrichedCallManagerImpl.unregisterStateChangedListener - listener: [DialerCall_1, DISCONNECTED, [Capabilities: CAPABILITY_HOLD CAPABILITY_SUPPORT_HOLD CAPABILITY_MUTE CAPABILITY_CANNOT_DOWNGRADE_VIDEO_TO_AUDIO], [Properties:], children:[], parent:null, conferenceable:[], videoState:Audio Only, mSessionModificationState:0, CameraDir:-1]
06-28 14:46:32.608  1603  1904 I Telecom : CallAudioModeStateMachine: Message received: TONE_STOPPED_PLAYING.: CSW.sDc->ICTP.r->ICTP.cUTP->CAMSM.pM_3002@Ed4
06-28 14:46:32.608  1603  1904 I Telecom : CallAudioModeStateMachine: Abandoning audio focus: now UNFOCUSED: CSW.sDc->ICTP.r->ICTP.cUTP->CAMSM.pM_3002@Ed4
06-28 14:46:32.610  1603  1904 I MediaFocusControl: abandonAudioFocus() from uid/pid 1000/1603 clientId=AudioFocus_For_Phone_Ring_And_Calls
06-28 14:46:32.750  1603  1902 I Telecom : CallAudioRouteStateMachine: Message received: SWITCH_FOCUS=4001, arg1=1: CSW.sDc->ICTP.r->ICTP.cUTP->CAMSM.pM_3002->CARSM.pM_SWITCH_FOCUS@Ed4
06-28 14:46:32.754  1603  1902 I Telecom : CallAudioRouteStateMachine: turning speaker phone false: CSW.sDc->ICTP.r->ICTP.cUTP->CAMSM.pM_3002->CARSM.pM_SWITCH_FOCUS@Ed4
06-28 14:46:32.754  1603  1902 I Telecom : Logging.Events: Non-call EVENT: UNMUTE, null: CSW.sDc->ICTP.r->ICTP.cUTP->CAMSM.pM_3002->CARSM.pM_SWITCH_FOCUS@Ed4
06-28 14:46:32.756  1393  1575 W DeviceHAL: Device 0xa7c11b80 get_mic_mute: Function not implemented
06-28 14:46:32.757  1603  1902 I Telecom : Logging.Events: Non-call EVENT: AUDIO_ROUTE, Leaving state ActiveEarpieceRoute: CSW.sDc->ICTP.r->ICTP.cUTP->CAMSM.pM_3002->CARSM.pM_SWITCH_FOCUS@Ed4
06-28 14:46:32.757  1603  1902 I Telecom : Logging.Events: Non-call EVENT: AUDIO_ROUTE, Entering state QuiescentEarpieceRoute: CSW.sDc->ICTP.r->ICTP.cUTP->CAMSM.pM_3002->CARSM.pM_SWITCH_FOCUS@Ed4
06-28 14:46:32.803 30604 30604 W Dialer  : CallList.onCallRemoved - Removing call not previously disconnected DialerCall_1
06-28 14:46:32.804 30604 30604 I Dialer  : InCallPresenter.attemptFinishActivity - Hide in call UI: true
06-28 14:46:32.823 30604 30604 I Dialer  : InCallActivity.shouldCloseActivityOnFinish - activity is visible and has no dialogs, allowing activity to close
06-28 14:46:32.859 30604 30604 I Dialer  : InCallPresenter.onCallListChange - Phone switching state: INCALL -> NO_CALLS
06-28 14:46:32.866 30604 30604 I Dialer  : VideoPauseController.onStateChange - hasPrimaryCallChanged: false, videoCanPause: false, isInBackground: false
06-28 14:46:32.867 30604 30604 I Dialer  : InCallFragment.setSecondary - SecondaryInfo, show: false, name: null, label: null, providerLabel: null
06-28 14:46:32.877 30604 30604 I Dialer  : InCallFragment.setCallState - PrimaryCallState, state: 2, connectionLabel: null
06-28 14:46:32.976 30604 30604 I Dialer  : InCallPresenter.onCallListChange - Phone switching state: NO_CALLS -> NO_CALLS
06-28 14:46:32.977 30604 30604 I Dialer  : VideoPauseController.onStateChange - hasPrimaryCallChanged: false, videoCanPause: false, isInBackground: false
06-28 14:46:32.978 30604 30604 I Dialer  : InCallFragment.setSecondary - SecondaryInfo, show: false, name: null, label: null, providerLabel: null
06-28 14:46:32.990 30604 30604 I Dialer  : InCallFragment.setCallState - PrimaryCallState, state: 2, connectionLabel: null
06-28 14:46:33.005 30604 30604 I Dialer  : InCallActivity.onPause
06-28 14:46:33.015 30604 30604 I Dialer  : ProximitySensor.updateProximitySensorMode - screenOnImmediately: false, dialPadVisible: false, offHook: false, horizontal: false, uiShowing: false, audioRoute: EARPIECE
06-28 14:46:33.015 30604 30604 I Dialer  : ProximitySensor.turnOffProximitySensor - wake lock already released
06-28 14:46:33.017 30604 30604 I Dialer  : InCallActivity.onPrimaryCallStateChanged
06-28 14:46:33.017 30604 30604 I Dialer  : InCallActivity.getShouldShowVideoUi - null call
06-28 14:46:33.017 30604 30604 I Dialer  : InCallActivity.showMainInCallFragment - shouldShowAnswerUi: false, shouldShowVideoUi: false, didShowAnswerScreen: false, didShowInCallScreen: true, didShowVideoCallScreen: false
06-28 14:46:33.019 30604 30604 I Dialer  : InCallPresenter.updateActivity - UI Destroyed
06-28 14:46:33.020 30604 30604 I Dialer  : InCallPresenter.onCallListChange - Phone switching state: NO_CALLS -> NO_CALLS
06-28 14:46:33.020 30604 30604 I Dialer  : VideoPauseController.onStateChange - hasPrimaryCallChanged: false, videoCanPause: false, isInBackground: false
06-28 14:46:33.022 30604 30604 I Dialer  : InCallFragment.setSecondary - SecondaryInfo, show: false, name: null, label: null, providerLabel: null
06-28 14:46:33.038 30604 30604 I Dialer  : InCallFragment.setCallState - PrimaryCallState, state: 2, connectionLabel: null
06-28 14:46:33.150  1603  1638 I WifiService: acquireWifiLock uid=10014 lockMode=2
06-28 14:46:33.219 30604 30604 I Dialer  : InCallPresenter.onCallListChange - Phone switching state: NO_CALLS -> NO_CALLS
06-28 14:46:33.220 30604 30604 I Dialer  : VideoPauseController.onStateChange - hasPrimaryCallChanged: false, videoCanPause: false, isInBackground: false
06-28 14:46:33.221 30604 30604 I Dialer  : InCallFragment.setSecondary - SecondaryInfo, show: false, name: null, label: null, providerLabel: null
06-28 14:46:33.249 30604 30604 I Dialer  : InCallFragment.setCallState - PrimaryCallState, state: 2, connectionLabel: null
06-28 14:46:33.419 29061 29061 D InAppPurchaseHelper: Destroying helper.
06-28 14:46:33.656 29061 29061 D net.osmand: Enable sensor
06-28 14:46:33.678  1393  3231 W audio_hw_generic: Hardware backing HAL too slow, could only write 0 of 720 frames
06-28 14:46:33.690 30604 30614 I zygote  : Background concurrent copying GC freed 35019(2MB) AllocSpace objects, 7(268KB) LOS objects, 49% free, 3MB/7MB, paused 18.393ms total 663.991ms
06-28 14:46:33.694  1393  3231 W audio_hw_generic: Hardware backing HAL too slow, could only write 0 of 720 frames
06-28 14:46:33.709  1393  3231 I chatty  : uid=1041(audioserver) writer identical 1 line
06-28 14:46:33.738  1393  3231 W audio_hw_generic: Hardware backing HAL too slow, could only write 0 of 720 frames
06-28 14:46:33.744 29061 29061 W System.err: OnCreate for MapActivity took 324 ms
06-28 14:46:33.770 29061 29061 I Choreographer: Skipped 35 frames!  The application may be doing too much work on its main thread.
06-28 14:46:33.856  1401  6331 D gralloc_ranchu: gralloc_alloc: Creating ashmem region of size 8298496
06-28 14:46:33.861 29061 29061 W ResourceType: For resource 0x7f0e013b, entry index(315) is beyond type entryCount(142)
06-28 14:46:33.985 29061 29061 I chatty  : uid=10104(net.osmand) identical 68 lines
06-28 14:46:33.985 29061 29061 W ResourceType: For resource 0x7f0e013b, entry index(315) is beyond type entryCount(142)
06-28 14:46:34.043 29061 29102 D EGL_emulation: eglMakeCurrent: 0xa6785600: ver 2 0 (tinfo 0xa6783370)
06-28 14:46:34.082  1401  6331 D gralloc_ranchu: gralloc_alloc: Creating ashmem region of size 8298496
06-28 14:46:34.152  1401  6331 D gralloc_ranchu: gralloc_alloc: Creating ashmem region of size 3878912
06-28 14:46:34.190 30604  6341 D EGL_emulation: eglMakeCurrent: 0xa6786bc0: ver 2 0 (tinfo 0x925d2990)
06-28 14:46:34.246  1401  6331 D gralloc_ranchu: gralloc_alloc: Creating ashmem region of size 8298496
06-28 14:46:34.260  1603  1840 W ActivityManager: Slow operation: 172ms so far, now at startProcess: returned from zygote!
06-28 14:46:34.262  1603  1840 W ActivityManager: Slow operation: 174ms so far, now at startProcess: done updating battery stats
06-28 14:46:34.264  1603  1840 W ActivityManager: Slow operation: 176ms so far, now at startProcess: building log message
