06-29 13:32:22.899 23488 23519 I net.osmand: MapRenderRepositories RENDER MAP: new request RotatedTileBox [lat=5.581165982389272E-4, lon=-51.08887307900707, rotate=0.0, density=2.625, zoom=17, mapDensity=3.9375, zoomAnimation=0.0, zoomFloatPart=0.0, cx=900, cy=1972, pixWidth=1800, pixHeight=2690]
06-29 13:32:22.995 23488 23488 I net.osmand: RoutingHelper Recalculate route, because wrong movement direction: 126.657845
06-29 13:32:23.156 23488 23519 I net.osmand:native: Route objects 69
06-29 13:32:23.156 23488 23519 I net.osmand:native: Ocean: no completed & incompleted coastlines 0
06-29 13:32:23.156 23488 23519 I net.osmand:native: Detailed coastlines = 0, basemap coastlines 0, ocean tile 0.000000. Detailed added 0, basemap processed 1, basemap added 0.
06-29 13:32:23.156 23488 23519 I net.osmand:native: Search : tree - read( 378), accept( 58), objs - visit( 4774), accept(108), in result(69) 
06-29 13:32:23.159 23488 23519 I net.osmand: MapRenderRepositories BLat=-0.0017611384391784668, TLat=0.006299436092376709, LLong=-51.09132766723633, RLong=-51.08642578125, zoom=17
06-29 13:32:23.160 23488 23519 I net.osmand: MapRenderRepositories Native search: 260 ms 
06-29 13:32:23.175 23488 23519 I net.osmand:native: Creating SkBitmap in native w:1800 h:2690 s:7200 f:1!
06-29 13:32:23.175 23488 23519 I net.osmand:native: Row bytes for RGBA_8888 is 7200
06-29 13:32:23.175 23488 23519 I net.osmand:native: Locked 19368000 bytes at 0x7c900000
06-29 13:32:23.176 23488 23519 I net.osmand:native: Initializing rendering
06-29 13:32:23.177 23488 23519 I net.osmand:native: Rendering image
06-29 13:32:23.249 23488 24846 I net.osmand:native: Start point was found 10433840199 [Native]
06-29 13:32:23.261 23488 24846 I net.osmand:native: End point was found 10433843853 [Native]
06-29 13:32:23.263 23488 24846 W net.osmand:native: [Native] Result visited (visited roads 2, visited segments 1 / 2 , queue sizes 3 / 4 ) 
06-29 13:32:23.263 23488 24846 W net.osmand:native: [Native] Result timing (time to load 0, time to calc 1, loaded tiles 18) 
06-29 13:32:23.263 23488 24846 W net.osmand:native: [Native] Memory occupied (Routing context 447 Kb, search 0 Kb)
06-29 13:32:23.264 23488 24846 I net.osmand:native: No route found
06-29 13:32:23.269 23488 23519 I net.osmand:native: Native ok (rendering 0, text 37 ms) 
06-29 13:32:23.269 23488 23519 I net.osmand:native:  (11478 points, 136 points inside, 72 of 82 objects visible)
06-29 13:32:23.269 23488 23519 I net.osmand:native: End Rendering image
06-29 13:32:23.269 23488 23519 I net.osmand:native: Native ok (init 1, rendering 0) 
06-29 13:32:23.270 23488 23519 I net.osmand: MapRenderRepositories true
06-29 13:32:23.279 23488 24846 I net.osmand: RoutePlannerFrontEnd Native routing took 0.094 seconds
06-29 13:32:23.279 23488 24846 I System.out: ROUTE : 
06-29 13:32:23.280 23488 24846 I net.osmand: RouteResultPreparation <test regions="" description="" best_percent="" vehicle="car" 
06-29 13:32:23.280 23488 24846 I net.osmand:   start_lat="0.00053" start_lon="-51.08887" target_lat="-0.00069" target_lon="-51.09564"  routing_time="0.00" loadedTiles="18" visitedSegments="2" complete_distance="0.00" complete_time="0.00" >
06-29 13:32:23.280 23488 24846 I System.out: <test regions="" description="" best_percent="" vehicle="car" 
06-29 13:32:23.280 23488 24846 I System.out:   start_lat="0.00053" start_lon="-51.08887" target_lat="-0.00069" target_lon="-51.09564"  routing_time="0.00" loadedTiles="18" visitedSegments="2" complete_distance="0.00" complete_time="0.00" >
06-29 13:32:23.280 23488 24846 I System.out: </test>
06-29 13:32:23.280 23488 24846 I System.out: <test regions="" description="" best_percent="" vehicle="car" 
06-29 13:32:23.280 23488 24846 I System.out:   start_lat="0.00053" start_lon="-51.08887" target_lat="-0.00069" target_lon="-51.09564"  routing_time="0.00" loadedTiles="18" visitedSegments="2" complete_distance="0.00" complete_time="0.00" >
06-29 13:32:23.280 23488 24846 I net.osmand: RouteProvider Finding route contained 0 points for 503 ms
06-29 13:32:23.289  1406  1406 I boot-pipe: done populating /dev/random
06-29 13:32:23.465  1390  1390 W audio_hw_generic: Not supplying enough data to HAL, expected position 145399593 , only wrote 145367280
06-29 13:32:24.034  1600 24822 D NetworkMonitor/NetworkAgentInfo [WIFI () - 101]: PROBE_HTTP http://connectivitycheck.gstatic.com/generate_204 time=9931ms ret=204 request={User-Agent=[Mozilla/5.0 (X11; Linux x86_64) AppleWebKit/537.36 (KHTML, like Gecko) Chrome/60.0.3112.32 Safari/537.36]} headers={null=[HTTP/1.1 204 No Content], Content-Length=[0], Date=[Sat, 29 Jun 2019 17:32:23 GMT], X-Android-Received-Millis=[1561829544026], X-Android-Response-Source=[NETWORK 204], X-Android-Selected-Protocol=[http/1.1], X-Android-Sent-Millis=[1561829535461]}
06-29 13:32:24.037  1600  1678 D ConnectivityService: NetworkAgentInfo [WIFI () - 101] validation failed
06-29 13:32:24.037  1600  1674 D WifiStateMachine: NETWORK_STATUS_UNWANTED_VALIDATION_FAILED
06-29 13:32:24.053 23488 23488 I net.osmand: RoutingHelper Recalculate route, because wrong movement direction: 101.82711
06-29 13:32:24.054 23488 23488 W MaterialProgressBar: Current drawable is not a MaterialProgressDrawable, you may want to set app:mpb_setBothDrawables
06-29 13:32:24.064 23488 24848 I net.osmand: RouteProvider Start finding route from Location[mProvider=gps,mTime=1561829544000,mLatitude=5.283333333333333E-4,mLongitude=-51.08865000000001,mHasAltitude=false,mAltitude=0.0,mHasSpeed=true,mSpeed=0.0,mHasBearing=true,mBearing=0.0,mHasAccuracy=true,mAccuracy=20.0 to Lat -6.9214514E-4 Lon -51.09564 using OsmAnd (offline)
06-29 13:32:24.065 23488 24848 W net.osmand: RouteProvider Use 343 MB Free 0.5 of 22.874054 max 384.0
06-29 13:32:24.134 23488 23488 I net.osmand: RoutingHelper Recalculate route, because wrong movement direction: 101.82711
06-29 13:32:24.374 23488 24848 I net.osmand:native: Start point was found 10433840199 [Native]
06-29 13:32:24.391 23488 24848 I net.osmand:native: End point was found 10433843853 [Native]
06-29 13:32:24.393 23488 24848 W net.osmand:native: [Native] Result visited (visited roads 2, visited segments 1 / 2 , queue sizes 3 / 4 ) 
06-29 13:32:24.393 23488 24848 W net.osmand:native: [Native] Result timing (time to load 0, time to calc 1, loaded tiles 18) 
06-29 13:32:24.393 23488 24848 W net.osmand:native: [Native] Memory occupied (Routing context 447 Kb, search 0 Kb)
06-29 13:32:24.394 23488 24848 I net.osmand:native: No route found
06-29 13:32:24.409 23488 24848 I net.osmand: RoutePlannerFrontEnd Native routing took 0.082 seconds
06-29 13:32:24.409 23488 24848 I System.out: ROUTE : 
06-29 13:32:24.411 23488 24848 I net.osmand: RouteResultPreparation <test regions="" description="" best_percent="" vehicle="car" 
06-29 13:32:24.411 23488 24848 I net.osmand:   start_lat="0.00053" start_lon="-51.08865" target_lat="-0.00069" target_lon="-51.09564"  routing_time="0.00" loadedTiles="18" visitedSegments="2" complete_distance="0.00" complete_time="0.00" >
06-29 13:32:24.411 23488 24848 I System.out: <test regions="" description="" best_percent="" vehicle="car" 
06-29 13:32:24.411 23488 24848 I System.out:   start_lat="0.00053" start_lon="-51.08865" target_lat="-0.00069" target_lon="-51.09564"  routing_time="0.00" loadedTiles="18" visitedSegments="2" complete_distance="0.00" complete_time="0.00" >
06-29 13:32:24.411 23488 24848 I System.out: </test>
06-29 13:32:24.411 23488 24848 I System.out: <test regions="" description="" best_percent="" vehicle="car" 
06-29 13:32:24.411 23488 24848 I System.out:   start_lat="0.00053" start_lon="-51.08865" target_lat="-0.00069" target_lon="-51.09564"  routing_time="0.00" loadedTiles="18" visitedSegments="2" complete_distance="0.00" complete_time="0.00" >
06-29 13:32:24.411 23488 24848 I net.osmand: RouteProvider Finding route contained 0 points for 348 ms
06-29 13:32:24.455 23488 23498 I zygote  : Background concurrent copying GC freed 109318(5MB) AllocSpace objects, 33(672KB) LOS objects, 24% free, 18MB/24MB, paused 4.793ms total 363.374ms
06-29 13:32:24.952 23488 23488 I net.osmand: RoutingHelper Recalculate route, because wrong movement direction: 101.82711
06-29 13:32:24.953 23488 23488 W MaterialProgressBar: Current drawable is not a MaterialProgressDrawable, you may want to set app:mpb_setBothDrawables
06-29 13:32:24.956 23488 24849 I net.osmand: RouteProvider Start finding route from Location[mProvider=gps,mTime=1561829545000,mLatitude=5.283333333333333E-4,mLongitude=-51.08865000000001,mHasAltitude=false,mAltitude=0.0,mHasSpeed=true,mSpeed=0.0,mHasBearing=true,mBearing=0.0,mHasAccuracy=true,mAccuracy=20.0 to Lat -6.9214514E-4 Lon -51.09564 using OsmAnd (offline)
06-29 13:32:24.956 23488 24849 W net.osmand: RouteProvider Use 346 MB Free 5.921875 of 24.85376 max 384.0
06-29 13:32:25.261 23488 24849 I net.osmand:native: Start point was found 10433840199 [Native]
06-29 13:32:25.279 23488 24849 I net.osmand:native: End point was found 10433843853 [Native]
06-29 13:32:25.280 23488 24849 W net.osmand:native: [Native] Result visited (visited roads 2, visited segments 1 / 2 , queue sizes 3 / 4 ) 
06-29 13:32:25.280 23488 24849 W net.osmand:native: [Native] Result timing (time to load 0, time to calc 0, loaded tiles 18) 
06-29 13:32:25.280 23488 24849 W net.osmand:native: [Native] Memory occupied (Routing context 447 Kb, search 0 Kb)
06-29 13:32:25.285 23488 24849 I net.osmand:native: No route found
06-29 13:32:25.304 23488 24849 I net.osmand: RoutePlannerFrontEnd Native routing took 0.092 seconds
06-29 13:32:25.306 23488 24849 I System.out: ROUTE : 
06-29 13:32:25.307 23488 24849 I net.osmand: RouteResultPreparation <test regions="" description="" best_percent="" vehicle="car" 
06-29 13:32:25.307 23488 24849 I net.osmand:   start_lat="0.00053" start_lon="-51.08865" target_lat="-0.00069" target_lon="-51.09564"  routing_time="0.00" loadedTiles="18" visitedSegments="2" complete_distance="0.00" complete_time="0.00" >
06-29 13:32:25.307 23488 24849 I System.out: <test regions="" description="" best_percent="" vehicle="car" 
06-29 13:32:25.307 23488 24849 I System.out:   start_lat="0.00053" start_lon="-51.08865" target_lat="-0.00069" target_lon="-51.09564"  routing_time="0.00" loadedTiles="18" visitedSegments="2" complete_distance="0.00" complete_time="0.00" >
06-29 13:32:25.307 23488 24849 I System.out: </test>
06-29 13:32:25.307 23488 24849 I System.out: <test regions="" description="" best_percent="" vehicle="car" 
06-29 13:32:25.307 23488 24849 I System.out:   start_lat="0.00053" start_lon="-51.08865" target_lat="-0.00069" target_lon="-51.09564"  routing_time="0.00" loadedTiles="18" visitedSegments="2" complete_distance="0.00" complete_time="0.00" >
06-29 13:32:25.308 23488 24849 I net.osmand: RouteProvider Finding route contained 0 points for 352 ms
06-29 13:32:25.971 23488 23488 I net.osmand: TTSCommandPlayerImpl Send message to pebble vire  direita para   Rua Inspetor Aymor 
06-29 13:32:25.972 23488 23488 D net.osmand: AbstractPrologCommandPlayer requestAudioFocus
06-29 13:32:25.972 23488 23488 W AudioManager: Use of stream types is deprecated for operations other than volume control
06-29 13:32:25.972 23488 23488 W AudioManager: See the documentation of requestAudioFocus() for what to use instead with android.media.AudioAttributes to qualify your playback use case
06-29 13:32:25.973  1600  2131 I MediaFocusControl: requestAudioFocus() from uid/pid 10104/23488 clientId=android.media.AudioManager@68e89e5net.osmand.plus.api.AudioFocusHelperImpl@eafc610 callingPack=net.osmand req=3 flags=0x0 sdk=26
06-29 13:32:25.977 23488 23488 D net.osmand: TTSCommandPlayerImpl ttsRequests=1
06-29 13:32:25.980 23796 23843 I TTS.GoogleTTSServiceImp: Synthesis request for locale por-BRA and name pt-BR-language
06-29 13:32:25.981 23796 23843 I TTS.GoogleTTSServiceImp: TTS dispatch: pt-br-x-afs-lstm-embedded
06-29 13:32:26.026 23796 23844 D AudioTrack: Client defaulted notificationFrames to 1365 for frameCount 4096
06-29 13:32:26.030  1600  2099 V MediaRouterService: restoreBluetoothA2dp(false)
06-29 13:32:26.035  1390  2659 W audio_hw_generic: Not supplying enough data to HAL, expected position 145367403 , only wrote 145367280
06-29 13:32:29.245 23488 23520 I net.osmand: MapRenderRepositories RENDER MAP: update due to tile box
06-29 13:32:29.245 23488 23520 I net.osmand: MapRenderRepositories RENDER MAP: Interrupt rendering map
06-29 13:32:29.276 23488 23520 I net.osmand: MapRenderRepositories RENDER MAP: update due to tile box
06-29 13:32:29.276 23488 23520 I net.osmand: MapRenderRepositories RENDER MAP: Interrupt rendering map
06-29 13:32:29.286 23796 23844 D AudioTrack: stop() called with 69410 frames delivered
06-29 13:32:29.288 23488 23519 I net.osmand: MapRenderRepositories RENDER MAP: new request RotatedTileBox [lat=5.474272512238658E-4, lon=-51.08776138691746, rotate=0.0, density=2.625, zoom=17, mapDensity=3.9375, zoomAnimation=0.0, zoomFloatPart=0.0, cx=900, cy=1972, pixWidth=1800, pixHeight=2690]
06-29 13:32:29.289  1600  6125 V MediaRouterService: restoreBluetoothA2dp(false)
06-29 13:32:29.294 23488 23501 D net.osmand: AbstractPrologCommandPlayer abandonAudioFocus
06-29 13:32:29.294  1600  2660 I MediaFocusControl: abandonAudioFocus() from uid/pid 10104/23488 clientId=android.media.AudioManager@68e89e5net.osmand.plus.api.AudioFocusHelperImpl@eafc610
06-29 13:32:29.295 23488 23501 D net.osmand: TTSCommandPlayerImpl ttsRequests=0
06-29 13:32:29.482 23488 23519 I net.osmand:native: Route objects 71
06-29 13:32:29.482 23488 23519 I net.osmand:native: Ocean: no completed & incompleted coastlines 0
06-29 13:32:29.482 23488 23519 I net.osmand:native: Detailed coastlines = 0, basemap coastlines 0, ocean tile 0.000000. Detailed added 0, basemap processed 1, basemap added 0.
06-29 13:32:29.482 23488 23519 I net.osmand:native: Search : tree - read( 378), accept( 59), objs - visit( 4814), accept(110), in result(71) 
06-29 13:32:29.482 23488 23519 I net.osmand: MapRenderRepositories BLat=-0.001783132553100586, TLat=0.006289243698120117, LLong=-51.090213775634766, RLong=-51.08531188964844, zoom=17
06-29 13:32:29.483 23488 23519 I net.osmand: MapRenderRepositories Native search: 194 ms 
06-29 13:32:29.498 23488 23519 I net.osmand:native: Creating SkBitmap in native w:1800 h:2690 s:7200 f:1!
06-29 13:32:29.498 23488 23519 I net.osmand:native: Row bytes for RGBA_8888 is 7200
06-29 13:32:29.498 23488 23519 I net.osmand:native: Locked 19368000 bytes at 0x7dd00000
06-29 13:32:29.499 23488 23519 I net.osmand:native: Initializing rendering
06-29 13:32:29.500 23488 23519 I net.osmand:native: Rendering image
06-29 13:32:29.591 23488 23519 I net.osmand:native: Native ok (rendering 0, text 43 ms) 
06-29 13:32:29.591 23488 23519 I net.osmand:native:  (11500 points, 184 points inside, 80 of 90 objects visible)
06-29 13:32:29.591 23488 23519 I net.osmand:native: End Rendering image
06-29 13:32:29.591 23488 23519 I net.osmand:native: Native ok (init 1, rendering 0) 
06-29 13:32:29.592 23488 23519 I net.osmand: MapRenderRepositories true
06-29 13:32:32.056  1600 24855 D NetworkMonitor/NetworkAgentInfo [WIFI () - 101]: PROBE_DNS www.google.com 8ms OK 172.217.28.228,2800:3f0:4001:801::2004
06-29 13:32:32.066  1600 24856 D NetworkMonitor/NetworkAgentInfo [WIFI () - 101]: PROBE_DNS connectivitycheck.gstatic.com 20ms OK 172.217.172.131,2800:3f0:4001:81a::2003
06-29 13:32:32.321  1390  1390 W audio_hw_generic: Not supplying enough data to HAL, expected position 145969976 , only wrote 145668960
06-29 13:32:38.560  1600  2131 I WifiService: acquireWifiLock uid=10014 lockMode=2
06-29 13:32:38.574  1600  1600 I ActivityManager: Start proc 24859:com.google.android.partnersetup/u0a17 for service com.google.android.partnersetup/.InstalledAppJobService
06-29 13:32:38.576 24859 24859 W zygote  : Unexpected CPU variant for X86 using defaults: x86
06-29 13:32:38.619 24859 24859 I zygote  : The ClassLoaderContext is a special shared library.
06-29 13:32:41.353 23488 23488 D net.osmand: DayNightHelper Sunrise/sunset setting to day: true
06-29 13:32:41.536  1600  2660 D WificondControl: Scan result ready event
06-29 13:32:41.608  1600  5378 I WifiService: releaseWifiLock uid=10014
06-29 13:32:41.941 23488 23488 D net.osmand: RoutingHelper Processed point bearing deltas : 172.523362159729 2.2066802978515625
06-29 13:32:41.999 23488 23488 I net.osmand: TTSCommandPlayerImpl Send message to pebble aps  2 dcimos de milha vire  direita para   Avenida Dom Jos Maritano 
06-29 13:32:41.999 23488 23488 D net.osmand: AbstractPrologCommandPlayer requestAudioFocus
06-29 13:32:42.000 23488 23488 W AudioManager: Use of stream types is deprecated for operations other than volume control
06-29 13:32:42.000 23488 23488 W AudioManager: See the documentation of requestAudioFocus() for what to use instead with android.media.AudioAttributes to qualify your playback use case
06-29 13:32:42.000  1600  2660 I MediaFocusControl: requestAudioFocus() from uid/pid 10104/23488 clientId=android.media.AudioManager@68e89e5net.osmand.plus.api.AudioFocusHelperImpl@d26321a callingPack=net.osmand req=3 flags=0x0 sdk=26
06-29 13:32:42.004 23488 23488 D net.osmand: TTSCommandPlayerImpl ttsRequests=1
06-29 13:32:42.009 23796 23843 I TTS.GoogleTTSServiceImp: Synthesis request for locale por-BRA and name pt-BR-language
06-29 13:32:42.011 23796 23843 I TTS.GoogleTTSServiceImp: TTS dispatch: pt-br-x-afs-lstm-embedded
06-29 13:32:42.020 23796 23844 D AudioTrack: Client defaulted notificationFrames to 1365 for frameCount 4096
06-29 13:32:42.034  1390  2659 W audio_hw_generic: Not supplying enough data to HAL, expected position 145669077 , only wrote 145668960
06-29 13:32:42.034  1600  2099 V MediaRouterService: restoreBluetoothA2dp(false)
06-29 13:32:42.070  1600 24856 D NetworkMonitor/NetworkAgentInfo [WIFI () - 101]: PROBE_HTTP http://connectivitycheck.gstatic.com/generate_204 Probe failed with exception java.net.SocketTimeoutException: timeout
06-29 13:32:42.080  1399  1414 D hwcomposer: hw_composer sent 217 syncs in 60s
06-29 13:32:44.414 23488 23488 D net.osmand: RoutingHelper Processed point bearing deltas : 148.4638385772705 1.775115966796875
06-29 13:32:45.051  1600  3204 D NetworkMonitor/NetworkAgentInfo [WIFI () - 101]: PROBE_FALLBACK http://play.googleapis.com/generate_204 Probe failed with exception java.net.SocketTimeoutException: timeout
06-29 13:32:45.085  1600 24855 D NetworkMonitor/NetworkAgentInfo [WIFI () - 101]: PROBE_HTTPS https://www.google.com/generate_204 Probe failed with exception java.net.ConnectException: Failed to connect to www.google.com/2800:3f0:4001:801::2004:443
06-29 13:32:45.088  1600  1678 D ConnectivityService: NetworkAgentInfo [WIFI () - 101] validation failed
06-29 13:32:45.088  1600  1674 D WifiStateMachine: NETWORK_STATUS_UNWANTED_VALIDATION_FAILED
06-29 13:32:47.918 23796 23844 D AudioTrack: stop() called with 127930 frames delivered
06-29 13:32:47.923  1600  2660 V MediaRouterService: restoreBluetoothA2dp(false)
06-29 13:32:47.931 23488 24014 D net.osmand: AbstractPrologCommandPlayer abandonAudioFocus
06-29 13:32:47.932  1600  6200 I MediaFocusControl: abandonAudioFocus() from uid/pid 10104/23488 clientId=android.media.AudioManager@68e89e5net.osmand.plus.api.AudioFocusHelperImpl@d26321a
06-29 13:32:47.932 23488 24014 D net.osmand: TTSCommandPlayerImpl ttsRequests=0
06-29 13:32:48.119 23488 23488 D net.osmand: RoutingHelper Processed point bearing deltas : 75.20664978027344 2.26214599609375
06-29 13:32:48.180 23488 23520 I net.osmand: MapRenderRepositories RENDER MAP: update due to tile box
06-29 13:32:48.180 23488 23520 I net.osmand: MapRenderRepositories RENDER MAP: Interrupt rendering map
06-29 13:32:48.232 23488 23520 I net.osmand: MapRenderRepositories RENDER MAP: update due to tile box
06-29 13:32:48.232 23488 23520 I net.osmand: MapRenderRepositories RENDER MAP: Interrupt rendering map
06-29 13:32:48.358 23488 23520 I net.osmand: MapRenderRepositories RENDER MAP: update due to tile box
06-29 13:32:48.358 23488 23520 I net.osmand: MapRenderRepositories RENDER MAP: Interrupt rendering map
06-29 13:32:48.396 23488 23520 I net.osmand: MapRenderRepositories RENDER MAP: update due to tile box
06-29 13:32:48.397 23488 23520 I net.osmand: MapRenderRepositories RENDER MAP: Interrupt rendering map
06-29 13:32:48.406 23488 23519 I net.osmand: MapRenderRepositories RENDER MAP: new request RotatedTileBox [lat=-8.153915404998204E-4, lon=-51.08775615692139, rotate=0.0, density=2.625, zoom=17, mapDensity=3.9375, zoomAnimation=0.0, zoomFloatPart=0.0, cx=900, cy=1972, pixWidth=1800, pixHeight=2690]
06-29 13:32:48.710 23488 23519 I net.osmand:native: Route objects 68
06-29 13:32:48.710 23488 23519 I net.osmand:native: Ocean: no completed & incompleted coastlines 0
06-29 13:32:48.710 23488 23519 I net.osmand:native: Detailed coastlines = 0, basemap coastlines 0, ocean tile 0.000000. Detailed added 0, basemap processed 1, basemap added 0.
06-29 13:32:48.711 23488 23519 I net.osmand:native: Search : tree - read( 378), accept( 59), objs - visit( 4814), accept(107), in result(68) 
06-29 13:32:48.711 23488 23519 I net.osmand: MapRenderRepositories BLat=-0.003134429454803467, TLat=0.004926145076751709, LLong=-51.090213775634766, RLong=-51.08530044555664, zoom=17
06-29 13:32:48.712 23488 23519 I net.osmand: MapRenderRepositories Native search: 306 ms 
06-29 13:32:48.726 23488 23519 I net.osmand:native: Creating SkBitmap in native w:1800 h:2690 s:7200 f:1!
06-29 13:32:48.726 23488 23519 I net.osmand:native: Row bytes for RGBA_8888 is 7200
06-29 13:32:48.726 23488 23519 I net.osmand:native: Locked 19368000 bytes at 0x7c900000
06-29 13:32:48.726 23488 23519 I net.osmand:native: Initializing rendering
06-29 13:32:48.734 23488 23519 I net.osmand:native: Rendering image
06-29 13:32:48.832 23488 23519 I net.osmand:native: Native ok (rendering 0, text 44 ms) 
06-29 13:32:48.832 23488 23519 I net.osmand:native:  (11478 points, 173 points inside, 80 of 92 objects visible)
06-29 13:32:48.832 23488 23519 I net.osmand:native: End Rendering image
06-29 13:32:48.833 23488 23519 I net.osmand:native: Native ok (init 8, rendering 0) 
06-29 13:32:48.852 23488 23519 I net.osmand: MapRenderRepositories true
06-29 13:32:49.345  1390  2659 W audio_hw_generic: Not supplying enough data to HAL, expected position 146019918 , only wrote 146019600
06-29 13:32:49.346  1390  2659 W audio_hw_generic: Not supplying enough data to HAL, expected position 146019629 , only wrote 146019600
06-29 13:32:49.362  1390  2659 W audio_hw_generic: Not supplying enough data to HAL, expected position 146020365 , only wrote 146020320
06-29 13:32:49.376  1964  1964 I GeofencerStateMachine: sendNewTransitions called.
06-29 13:32:49.934  1964  1964 W ChimeraUtils: Non Chimera context
06-29 13:32:49.934  1964  1964 W ChimeraUtils: Non Chimera context
06-29 13:32:49.945  1600  1613 E memtrack: Couldn't load memtrack module
06-29 13:32:49.945  1600  1613 W android.os.Debug: failed to get memory consumption info: -1
06-29 13:32:50.548  1390  2659 W audio_hw_generic: Not supplying enough data to HAL, expected position 146077231 , only wrote 146077200
06-29 13:32:50.567  1390  2659 W audio_hw_generic: Not supplying enough data to HAL, expected position 146078140 , only wrote 146077920
06-29 13:32:50.944  1390  1390 W audio_hw_generic: Not supplying enough data to HAL, expected position 146113252 , only wrote 146095920
06-29 13:32:54.279 23488 23488 I net.osmand: RoutingHelper Recalculate route, because wrong movement direction: 102.162125
06-29 13:32:54.288 23488 23488 D net.osmand: AbstractPrologCommandPlayer abandonAudioFocus
06-29 13:32:54.289 23488 23488 W MaterialProgressBar: Current drawable is not a MaterialProgressDrawable, you may want to set app:mpb_setBothDrawables
06-29 13:32:54.293 23488 24878 I net.osmand: RouteProvider Start finding route from Location[mProvider=gps,mTime=1561829575000,mLatitude=-8.033333333333333E-4,mLongitude=-51.08841,mHasAltitude=false,mAltitude=0.0,mHasSpeed=true,mSpeed=0.0,mHasBearing=true,mBearing=0.0,mHasAccuracy=true,mAccuracy=20.0 to Lat -6.9214514E-4 Lon -51.09564 using OsmAnd (offline)
06-29 13:32:54.294 23488 24878 W net.osmand: RouteProvider Use 341 MB Free 0.73851776 of 24.85376 max 384.0
06-29 13:32:54.388 23488 23488 I net.osmand: RoutingHelper Recalculate route, because wrong movement direction: 102.162125
06-29 13:32:54.634 23488 24878 I net.osmand:native: Start point was found 10433840807 [Native]
06-29 13:32:54.649 23488 24878 I net.osmand:native: End point was found 10433843853 [Native]
06-29 13:32:54.654 23488 24878 W net.osmand:native: [Native] Result visited (visited roads 2, visited segments 13 / 0 , queue sizes 20 / 2 ) 
06-29 13:32:54.654 23488 24878 W net.osmand:native: [Native] Result timing (time to load 0, time to calc 4, loaded tiles 18) 
06-29 13:32:54.654 23488 24878 W net.osmand:native: [Native] Memory occupied (Routing context 448 Kb, search 0 Kb)
06-29 13:32:54.657 23488 24878 I net.osmand:native: No route found
06-29 13:32:54.672 23488 24878 I net.osmand: RoutePlannerFrontEnd Native routing took 0.104 seconds
06-29 13:32:54.672 23488 24878 I System.out: ROUTE : 
06-29 13:32:54.672 23488 24878 I net.osmand: RouteResultPreparation <test regions="" description="" best_percent="" vehicle="car" 
06-29 13:32:54.672 23488 24878 I net.osmand:   start_lat="-0.00080" start_lon="-51.08841" target_lat="-0.00069" target_lon="-51.09564"  routing_time="0.00" loadedTiles="18" visitedSegments="2" complete_distance="0.00" complete_time="0.00" >
06-29 13:32:54.672 23488 24878 I System.out: <test regions="" description="" best_percent="" vehicle="car" 
06-29 13:32:54.673 23488 24878 I System.out:   start_lat="-0.00080" start_lon="-51.08841" target_lat="-0.00069" target_lon="-51.09564"  routing_time="0.00" loadedTiles="18" visitedSegments="2" complete_distance="0.00" complete_time="0.00" >
06-29 13:32:54.673 23488 24878 I System.out: </test>
06-29 13:32:54.673 23488 24878 I System.out: <test regions="" description="" best_percent="" vehicle="car" 
06-29 13:32:54.673 23488 24878 I System.out:   start_lat="-0.00080" start_lon="-51.08841" target_lat="-0.00069" target_lon="-51.09564"  routing_time="0.00" loadedTiles="18" visitedSegments="2" complete_distance="0.00" complete_time="0.00" >
06-29 13:32:54.674 23488 24878 I net.osmand: RouteProvider Finding route contained 0 points for 382 ms
06-29 13:32:54.767 23540 23558 I Finsky  : [783] imb.run(3): Stats for Executor: BlockingExecutor ink@f29ae84[Running, pool size = 0, active threads = 0, queued tasks = 0, completed tasks = 13]
06-29 13:32:54.789 23488 23498 I zygote  : Background concurrent copying GC freed 147577(6MB) AllocSpace objects, 32(656KB) LOS objects, 22% free, 20MB/26MB, paused 6.840ms total 445.746ms
06-29 13:32:54.832 23540 23558 I Finsky  : [783] imb.run(3): Stats for Executor: LightweightExecutor ink@603b66d[Running, pool size = 2, active threads = 0, queued tasks = 0, completed tasks = 63]
06-29 13:32:55.384 23488 23488 I net.osmand: RoutingHelper Recalculate route, because wrong movement direction: 102.162125
06-29 13:32:55.386 23488 23488 D net.osmand: AbstractPrologCommandPlayer abandonAudioFocus
06-29 13:32:55.387 23488 23488 W MaterialProgressBar: Current drawable is not a MaterialProgressDrawable, you may want to set app:mpb_setBothDrawables
06-29 13:32:55.398 23488 24879 I net.osmand: RouteProvider Start finding route from Location[mProvider=gps,mTime=1561829576000,mLatitude=-8.033333333333333E-4,mLongitude=-51.08841,mHasAltitude=false,mAltitude=0.0,mHasSpeed=true,mSpeed=0.0,mHasBearing=true,mBearing=0.0,mHasAccuracy=true,mAccuracy=20.0 to Lat -6.9214514E-4 Lon -51.09564 using OsmAnd (offline)
06-29 13:32:55.398 23488 24879 W net.osmand: RouteProvider Use 345 MB Free 5.9375 of 26.124153 max 384.0
06-29 13:32:55.705 23488 23488 I net.osmand: RoutingHelper Recalculate route, because correlation  : 97.567747875855
06-29 13:32:55.711 23488 23488 I net.osmand: RoutingHelper Recalculate route, because correlation  : 97.567747875855
06-29 13:32:55.711 23488 23488 I net.osmand: RoutingHelper Recalculate route, because wrong movement direction: 120.63977
06-29 13:32:55.752 23488 24879 I net.osmand:native: Start point was found 10433840807 [Native]
06-29 13:32:55.766 23488 24879 I net.osmand:native: End point was found 10433843853 [Native]
06-29 13:32:55.925 23488 24879 W net.osmand:native: [Native] Result visited (visited roads 329, visited segments 234 / 250 , queue sizes 212 / 276 ) 
06-29 13:32:55.926 23488 24879 W net.osmand:native: [Native] Result timing (time to load 0, time to calc 158, loaded tiles 24) 
06-29 13:32:55.926 23488 24879 W net.osmand:native: [Native] Memory occupied (Routing context 606 Kb, search 11 Kb)
06-29 13:32:55.927 23488 24879 I net.osmand:native: Routing calculated time distance 139.541397
06-29 13:32:55.943 23488 24879 I net.osmand: RoutePlannerFrontEnd Native routing took 0.298 seconds
06-29 13:32:55.945 23488 24879 I System.out: ROUTE : 
06-29 13:32:55.946 23488 24879 I net.osmand: RouteResultPreparation <test regions="" description="" best_percent="" vehicle="car" 
06-29 13:32:55.946 23488 24879 I net.osmand:   start_lat="-0.00080" start_lon="-51.08841" target_lat="-0.00069" target_lon="-51.09564"  routing_time="139.54" loadedTiles="24" visitedSegments="329" complete_distance="951.14" complete_time="97.83" >
06-29 13:32:55.946 23488 24879 I System.out: <test regions="" description="" best_percent="" vehicle="car" 
06-29 13:32:55.946 23488 24879 I System.out:   start_lat="-0.00080" start_lon="-51.08841" target_lat="-0.00069" target_lon="-51.09564"  routing_time="139.54" loadedTiles="24" visitedSegments="329" complete_distance="951.14" complete_time="97.83" >
06-29 13:32:55.946 23488 24879 I System.out: </test>
06-29 13:32:55.946 23488 24879 I System.out: <test regions="" description="" best_percent="" vehicle="car" 
06-29 13:32:55.946 23488 24879 I System.out:   start_lat="-0.00080" start_lon="-51.08841" target_lat="-0.00069" target_lon="-51.09564"  routing_time="139.54" loadedTiles="24" visitedSegments="329" complete_distance="951.14" complete_time="97.83" >
06-29 13:32:55.947 23488 24879 I net.osmand: RouteProvider Finding route contained 8 points for 549 ms
06-29 13:32:56.029  1704  1704 I zygote  : IncrementDisableThreadFlip blocked for 5.179ms
06-29 13:32:56.223  1704  1723 I zygote  : Background concurrent copying GC freed 170010(6MB) AllocSpace objects, 0(0B) LOS objects, 42% free, 7MB/13MB, paused 10.014ms total 224.872ms
06-29 13:32:56.261 23540 23558 I Finsky  : [783] imb.run(3): Stats for Executor: bgExecutor ink@67812a2[Running, pool size = 4, active threads = 0, queued tasks = 0, completed tasks = 31]
06-29 13:32:56.373 23488 23488 D net.osmand: RoutingHelper Processed point bearing deltas : 92.34104919433594 90.0
06-29 13:32:57.008 23488 23520 I net.osmand: MapRenderRepositories RENDER MAP: update due to tile box
06-29 13:32:57.008 23488 23520 I net.osmand: MapRenderRepositories RENDER MAP: Interrupt rendering map
06-29 13:32:57.018 23488 23520 I net.osmand: MapRenderRepositories RENDER MAP: update due to tile box
06-29 13:32:57.018 23488 23520 I net.osmand: MapRenderRepositories RENDER MAP: Interrupt rendering map
06-29 13:32:57.123 23488 23519 I net.osmand: MapRenderRepositories RENDER MAP: new request RotatedTileBox [lat=-8.153915404998204E-4, lon=-51.088854999999995, rotate=0.0, density=2.625, zoom=17, mapDensity=3.9375, zoomAnimation=0.0, zoomFloatPart=0.0, cx=900, cy=1972, pixWidth=1800, pixHeight=2690]
06-29 13:32:57.223 23488 23519 I net.osmand:native: Route objects 68
06-29 13:32:57.224 23488 23519 I net.osmand:native: Ocean: no completed & incompleted coastlines 0
06-29 13:32:57.224 23488 23519 I net.osmand:native: Detailed coastlines = 0, basemap coastlines 0, ocean tile 0.000000. Detailed added 0, basemap processed 1, basemap added 0.
06-29 13:32:57.224 23488 23519 I net.osmand:native: Search : tree - read( 378), accept( 58), objs - visit( 4774), accept(107), in result(68) 
06-29 13:32:57.225 23488 23519 I net.osmand: MapRenderRepositories BLat=-0.003134429454803467, TLat=0.004926145076751709, LLong=-51.09130859375, RLong=-51.086402893066406, zoom=17
06-29 13:32:57.225 23488 23519 I net.osmand: MapRenderRepositories Native search: 102 ms 
06-29 13:32:57.236 23488 23519 I net.osmand:native: Creating SkBitmap in native w:1800 h:2690 s:7200 f:1!
06-29 13:32:57.236 23488 23519 I net.osmand:native: Row bytes for RGBA_8888 is 7200
06-29 13:32:57.236 23488 23519 I net.osmand:native: Locked 19368000 bytes at 0x7dd00000
06-29 13:32:57.236 23488 23519 I net.osmand:native: Initializing rendering
06-29 13:32:57.238 23488 23519 I net.osmand:native: Rendering image
06-29 13:32:57.312 23488 23519 I net.osmand:native: Native ok (rendering 0, text 35 ms) 
06-29 13:32:57.312 23488 23519 I net.osmand:native:  (11464 points, 149 points inside, 76 of 88 objects visible)
06-29 13:32:57.312 23488 23519 I net.osmand:native: End Rendering image
06-29 13:32:57.312 23488 23519 I net.osmand:native: Native ok (init 1, rendering 0) 
06-29 13:32:57.324 23488 23519 I net.osmand: MapRenderRepositories true
06-29 13:32:58.208 23488 23488 D net.osmand: RoutingHelper Processed point bearing deltas : 178.15899658203125 1.8629531860351562
06-29 13:32:58.266 23488 23488 I net.osmand: RoutingHelper Recalculate route, because wrong movement direction: 121.64274
06-29 13:32:58.267 23488 23488 D net.osmand: AbstractPrologCommandPlayer abandonAudioFocus
06-29 13:32:58.446 23488 23488 I net.osmand: RoutingHelper Recalculate route, because wrong movement direction: 121.64274
06-29 13:32:58.450 23488 23488 D net.osmand: AbstractPrologCommandPlayer abandonAudioFocus
06-29 13:32:58.597  1600  2660 I WifiService: acquireWifiLock uid=10014 lockMode=2
06-29 13:32:58.679  1600  1678 D ConnectivityService: NetworkAgentInfo [MOBILE (GPRS) - 100] EVENT_NETWORK_INFO_CHANGED, going from CONNECTED to DISCONNECTED
06-29 13:32:58.680  1833  1928 D DcNetworkAgent: NetworkAgent: NetworkAgent channel lost
06-29 13:32:58.681  1600  1678 D ConnectivityService: NetworkAgentInfo [MOBILE (GPRS) - 100] got DISCONNECTED, was satisfying 14
06-29 13:32:58.687  1833  1928 D DcNetworkAgent: NetworkAgent: DcNetworkAgent: unwanted found mNetworkAgent=null, which isn't me.  Aborting unwanted
06-29 13:32:58.726  1600  1678 I WifiService: getConnectionInfo uid=1000
06-29 13:32:58.739  1696  1901 I DeviceStatusMonitor: NetworkCallback#onLost(): 100
06-29 13:32:58.748  1696  1696 I NetworkInfo: onNetworkLost: networkState = NO_CONNECTION
06-29 13:32:58.748  1696  1696 I NetworkInfo: onNetworkLost: networkState = NO_CONNECTION
06-29 13:32:58.749  1696 24795 I NetworkInfo: onNetworkLost: networkState = NO_CONNECTION
06-29 13:32:58.763  1600  1671 D RecurrenceRule: Resolving using anchor 2019-06-29T17:32:58.763Z[GMT]
06-29 13:32:58.784  2175  2175 I zygote  : Deoptimizing void org.chromium.net.NetworkChangeNotifierAutoDetect.a(java.lang.Runnable) due to JIT inline cache
06-29 13:32:58.797  1600  1678 D ConnectivityService: Sending DISCONNECTED broadcast for type 0 NetworkAgentInfo [MOBILE (GPRS) - 100] isDefaultNetwork=true
06-29 13:32:58.798  1833  1833 D TelephonyProvider: subIdString = 1 subId = 1
06-29 13:32:58.814  1600  1678 D ConnectivityService: Switching to new default network: NetworkAgentInfo{ ni{[type: WIFI[], state: CONNECTED/CONNECTED, reason: (unspecified), extra: "AndroidWifi", failover: false, available: true, roaming: false]}  network{101}  nethandle{433808132830}  lp{{InterfaceName: wlan0 LinkAddresses: [fe80::ff:fe44:5566/64,192.168.232.2/21,fec0::ff:fe44:5566/64,fec0::7874:a8bd:4205:7510/64,]  Routes: [fe80::/64 -> :: wlan0,::/0 -> fe80::ff:fe00:100 wlan0,fec0::/64 -> :: wlan0,192.168.232.0/21 -> 0.0.0.0 wlan0,0.0.0.0/0 -> 192.168.232.1 wlan0,] DnsAddresses: [10.0.2.3,] Domains: null MTU: 0 TcpBufferSizes: 524288,1048576,2097152,262144,524288,1048576}}  nc{[ Transports: WIFI Capabilities: NOT_METERED&INTERNET&NOT_RESTRICTED&TRUSTED&NOT_VPN&FOREGROUND LinkUpBandwidth>=1048576Kbps LinkDnBandwidth>=1048576Kbps SignalStrength: -50]}  Score{20}  everValidated{true}  lastValidated{false}  created{true} lingering{false} explicitlySelected{false} acceptUnvalidated{false} everCaptivePortalDetected{false} lastCaptivePortalDetected{false} clat{null} }
06-29 13:32:58.834  1600  1671 D RecurrenceRule: Resolving using anchor 2019-06-29T17:32:58.778Z[GMT]
06-29 13:32:58.837  1600  1671 D RecurrenceRule: Cycle 17 from 2019-06-09T00:00Z[GMT] to 2019-07-09T00:00Z[GMT]
06-29 13:32:58.837  1696  1901 I DeviceStatusMonitor: NetworkCallback#onAvailable(): 101
06-29 13:32:58.837  1600  1671 D NetworkStats: Resolving plan for NetworkTemplate: matchRule=MOBILE_ALL, subscriberId=310260..., matchSubscriberIds=[310260...]
06-29 13:32:58.840  1600  1678 D ConnectivityService: Sending CONNECTED broadcast for type 1 NetworkAgentInfo [WIFI () - 101] isDefaultNetwork=true
06-29 13:32:58.841  1600  1820 D NetworkTimeUpdateService: New default network 101; checking time.
06-29 13:32:58.859  1600  1671 D NetworkStats: Found active matching subId 1
06-29 13:32:58.875  1600  1671 D NetworkStats: Resolved to plan null
06-29 13:32:58.882  1696  1696 I DeviceStatusMonitor: getCurrentNetworkState(): activeNetwork = 101,  newState = NON_METERED
06-29 13:32:58.883  1696  1696 I HWRSuperpacksManager: onNetworkAvailable
06-29 13:32:58.883  1696  1696 I NetworkInfo: onNetworkAvailable: networkState = NON_METERED
06-29 13:32:58.884  1696 24796 I NetworkInfo: onNetworkAvailable: networkState = NON_METERED
06-29 13:32:58.884  1696  1696 I NetworkInfo: onNetworkAvailable: networkState = NON_METERED
06-29 13:32:58.939  2175 18076 I PinnedContentDownloader: Finished downloading pinned content.
06-29 13:32:58.948  1600  1671 I WifiService: getConnectionInfo uid=1000
06-29 13:32:58.954  1600  6200 I WifiService: releaseWifiLock uid=10014
06-29 13:32:58.963  1600  1671 D RecurrenceRule: Resolving using anchor 2019-06-29T17:32:58.961Z[GMT]
06-29 13:32:58.967  1600  1671 D RecurrenceRule: Resolving using anchor 2019-06-29T17:32:58.966Z[GMT]
06-29 13:32:58.971  1600  1671 D RecurrenceRule: Cycle 17 from 2019-06-09T00:00Z[GMT] to 2019-07-09T00:00Z[GMT]
06-29 13:32:58.971  1600  1671 D NetworkStats: Resolving plan for NetworkTemplate: matchRule=MOBILE_ALL, subscriberId=310260..., matchSubscriberIds=[310260...]
06-29 13:32:58.974  1600  6200 D ConnectivityService: registerNetworkAgent NetworkAgentInfo{ ni{[type: MOBILE[GPRS], state: CONNECTED/CONNECTED, reason: connected, extra: epc.tmobile.com, failover: false, available: true, roaming: false]}  network{102}  nethandle{438103100126}  lp{{InterfaceName: radio0 LinkAddresses: [192.168.200.2/24,]  Routes: [0.0.0.0/0 -> 192.168.200.1 radio0,192.168.200.0/24 -> 0.0.0.0 radio0,] DnsAddresses: [10.0.2.3,] Domains: null MTU: 1500 TcpBufferSizes: 4092,8760,48000,4096,8760,48000}}  nc{[ Transports: CELLULAR Capabilities: MMS&SUPL&DUN&FOTA&IMS&CBS&IA&INTERNET&NOT_RESTRICTED&TRUSTED&NOT_VPN LinkUpBandwidth>=80Kbps LinkDnBandwidth>=80Kbps Specifier: <1>]}  Score{10}  everValidated{false}  lastValidated{false}  created{false} lingering{false} explicitlySelected{false} acceptUnvalidated{false} everCaptivePortalDetected{false} lastCaptivePortalDetected{false} clat{null} }
06-29 13:32:58.975  1600  1678 D ConnectivityService: NetworkAgentInfo [MOBILE (GPRS) - 102] EVENT_NETWORK_INFO_CHANGED, going from null to CONNECTED
06-29 13:32:58.976  1600  1678 D ConnectivityService: Adding iface radio0 to network 102
06-29 13:32:58.977  1600  1671 D NetworkStats: Found active matching subId 1
06-29 13:32:58.991  1833  1843 I zygote  : Background concurrent copying GC freed 26248(2MB) AllocSpace objects, 0(0B) LOS objects, 50% free, 2MB/5MB, paused 1.556ms total 207.862ms
06-29 13:32:58.993  1600  1678 D ConnectivityService: Setting DNS servers for network 102 to [/10.0.2.3]
06-29 13:32:59.002  1600  1671 D NetworkStats: Resolved to plan null
06-29 13:32:59.007  1600  1863 I WifiService: getConnectionInfo uid=10014
06-29 13:32:59.016  1600  6125 I WifiService: getConnectionInfo uid=10032
06-29 13:32:59.018 23540 23540 I Finsky  : [2] khj.a(267): Installer: found apps to install. apps=[]
06-29 13:32:59.028  1600  7948 I WifiService: getConnectionInfo uid=10014
06-29 13:32:59.041  1833  1833 D TelephonyProvider: subIdString = 1 subId = 1
06-29 13:32:59.043  1600  1689 I GnssLocationProvider: WakeLock acquired by sendMessage(UPDATE_NETWORK_STATE, 0, 100)
06-29 13:32:59.044  1600  1613 I GnssLocationProvider: WakeLock released by handleMessage(UPDATE_NETWORK_STATE, 0, 100)
06-29 13:32:59.059  1600  1671 I WifiService: getConnectionInfo uid=1000
06-29 13:32:59.063  1833  1833 D TelephonyProvider: subIdString = 1 subId = 1
06-29 13:32:59.071  1600  1671 D RecurrenceRule: Resolving using anchor 2019-06-29T17:32:59.070Z[GMT]
06-29 13:32:59.073  1600  1671 D RecurrenceRule: Resolving using anchor 2019-06-29T17:32:59.073Z[GMT]
06-29 13:32:59.088  1600  1678 I WifiService: getConnectionInfo uid=1000
06-29 13:32:59.086  1600  1671 D RecurrenceRule: Cycle 17 from 2019-06-09T00:00Z[GMT] to 2019-07-09T00:00Z[GMT]
06-29 13:32:59.088  1600  1671 D NetworkStats: Resolving plan for NetworkTemplate: matchRule=MOBILE_ALL, subscriberId=310260..., matchSubscriberIds=[310260...]
06-29 13:32:59.094  1600  1671 D NetworkStats: Found active matching subId 1
06-29 13:32:59.096  1833  1833 D TelephonyProvider: subIdString = 1 subId = 1
06-29 13:32:59.107  1600  1671 D NetworkStats: Resolved to plan null
06-29 13:32:59.111  1600  1678 I WifiService: getConnectionInfo uid=1000
06-29 13:32:59.120 23540 23540 I Finsky  : [2] khj.a(267): Installer: found apps to install. apps=[]
06-29 13:32:59.120  1600  1610 I WifiService: getConnectionInfo uid=10014
06-29 13:32:59.125  1833  1833 D TelephonyProvider: subIdString = 1 subId = 1
06-29 13:32:59.128  1600  2538 I WifiService: getConnectionInfo uid=10014
06-29 13:32:59.146  1600  1671 D RecurrenceRule: Resolving using anchor 2019-06-29T17:32:59.146Z[GMT]
06-29 13:32:59.149  1600  1671 D RecurrenceRule: Resolving using anchor 2019-06-29T17:32:59.148Z[GMT]
06-29 13:32:59.151  1600  1671 D RecurrenceRule: Cycle 17 from 2019-06-09T00:00Z[GMT] to 2019-07-09T00:00Z[GMT]
06-29 13:32:59.152  1600  1671 D NetworkStats: Resolving plan for NetworkTemplate: matchRule=MOBILE_ALL, subscriberId=310260..., matchSubscriberIds=[310260...]
06-29 13:32:59.165  1600  1671 D NetworkStats: Found active matching subId 1
06-29 13:32:59.172  1600 24885 D NetworkMonitor/NetworkAgentInfo [MOBILE (GPRS) - 102]: PROBE_DNS www.google.com 16ms OK 172.217.28.228
06-29 13:32:59.174  1600  1671 D NetworkStats: Resolved to plan null
06-29 13:32:59.185  1600 24886 D NetworkMonitor/NetworkAgentInfo [MOBILE (GPRS) - 102]: PROBE_DNS connectivitycheck.gstatic.com 30ms OK 172.217.172.131
06-29 13:32:59.185  1600  1689 I WifiService: getConnectionInfo uid=1000
06-29 13:32:59.194  1833  1833 D TelephonyProvider: subIdString = 1 subId = 1
06-29 13:32:59.196  1600  1689 I GnssLocationProvider: WakeLock acquired by sendMessage(DOWNLOAD_XTRA_DATA, 0, null)
06-29 13:32:59.196  1600  1689 I GnssLocationProvider: WakeLock acquired by sendMessage(UPDATE_NETWORK_STATE, 0, 102)
06-29 13:32:59.197  1600  1613 D GnssLocationProvider: handleDownloadXtraData() called when Xtra not supported
06-29 13:32:59.197  1600  1613 I GnssLocationProvider: WakeLock released by handleMessage(DOWNLOAD_XTRA_DATA, 0, null)
06-29 13:32:59.207  1600  1678 D ConnectivityService: reportNetworkConnectivity(101, true) by 10014
06-29 13:32:59.217  1600  1671 D RecurrenceRule: Resolving using anchor 2019-06-29T17:32:59.216Z[GMT]
06-29 13:32:59.220  1600  1613 I GnssLocationProvider: WakeLock released by handleMessage(UPDATE_NETWORK_STATE, 0, 102)
06-29 13:32:59.221  1600  1671 D RecurrenceRule: Resolving using anchor 2019-06-29T17:32:59.221Z[GMT]
06-29 13:32:59.234  1600  1671 D RecurrenceRule: Cycle 17 from 2019-06-09T00:00Z[GMT] to 2019-07-09T00:00Z[GMT]
06-29 13:32:59.235  1600  1671 D NetworkStats: Resolving plan for NetworkTemplate: matchRule=MOBILE_ALL, subscriberId=310260..., matchSubscriberIds=[310260...]
06-29 13:32:59.237  1600  1671 D NetworkStats: Found active matching subId 1
06-29 13:32:59.254  1833  1833 D TelephonyProvider: subIdString = 1 subId = 1
06-29 13:32:59.258  1600  1671 D NetworkStats: Resolved to plan null
06-29 13:32:59.261  1600  3204 D NetworkMonitor/NetworkAgentInfo [WIFI () - 101]: Forcing reevaluation for UID 10014
06-29 13:32:59.287  1600 24890 D NetworkMonitor/NetworkAgentInfo [WIFI () - 101]: PROBE_DNS www.google.com 22ms OK 172.217.28.228,2800:3f0:4001:801::2004
06-29 13:32:59.304  1600 24891 D NetworkMonitor/NetworkAgentInfo [WIFI () - 101]: PROBE_DNS connectivitycheck.gstatic.com 23ms OK 172.217.172.131,2800:3f0:4001:81a::2003
06-29 13:32:59.317  1833  1833 D TelephonyProvider: subIdString = 1 subId = 1
06-29 13:32:59.343  1833  1833 I chatty  : uid=1001(radio) com.android.phone identical 1 line
06-29 13:32:59.410  1833  1833 D TelephonyProvider: subIdString = 1 subId = 1
06-29 13:32:59.507 23488 23488 I net.osmand: RoutingHelper Recalculate route, because wrong movement direction: 121.64274
06-29 13:32:59.508 23488 23488 W MaterialProgressBar: Current drawable is not a MaterialProgressDrawable, you may want to set app:mpb_setBothDrawables
06-29 13:32:59.510 23488 24894 I net.osmand: RouteProvider Start finding route from Location[mProvider=gps,mTime=1561829580000,mLatitude=-8.133333333333333E-4,mLongitude=-51.08907666666667,mHasAltitude=false,mAltitude=0.0,mHasSpeed=true,mSpeed=0.0,mHasBearing=true,mBearing=0.0,mHasAccuracy=true,mAccuracy=20.0 to Lat -6.9214514E-4 Lon -51.09564 using OsmAnd (offline)
06-29 13:32:59.510 23488 24894 W net.osmand: RouteProvider Use 342 MB Free 2.7541351 of 26.124153 max 384.0
06-29 13:32:59.720 23488 23488 I net.osmand: RoutingHelper Recalculate route, because wrong movement direction: 134.61446
06-29 13:32:59.957  1600  1609 I zygote  : Background concurrent copying GC freed 103062(4MB) AllocSpace objects, 29(1476KB) LOS objects, 20% free, 22MB/28MB, paused 1.288ms total 781.523ms
06-29 13:32:59.958 23488 24894 I net.osmand:native: Start point was found 10433840807 [Native]
06-29 13:32:59.977 23488 24894 I net.osmand:native: End point was found 10433843853 [Native]
06-29 13:32:59.980 23488 24894 W net.osmand:native: [Native] Result visited (visited roads 2, visited segments 13 / 0 , queue sizes 20 / 2 ) 
06-29 13:32:59.980 23488 24894 W net.osmand:native: [Native] Result timing (time to load 0, time to calc 2, loaded tiles 18) 
06-29 13:32:59.980 23488 24894 W net.osmand:native: [Native] Memory occupied (Routing context 448 Kb, search 0 Kb)
06-29 13:32:59.981 23488 24894 I net.osmand:native: No route found
06-29 13:32:59.995 23488 24894 I net.osmand: RoutePlannerFrontEnd Native routing took 0.118 seconds
06-29 13:32:59.996 23488 24894 I System.out: ROUTE : 
06-29 13:32:59.996 23488 24894 I net.osmand: RouteResultPreparation <test regions="" description="" best_percent="" vehicle="car" 
06-29 13:32:59.996 23488 24894 I net.osmand:   start_lat="-0.00081" start_lon="-51.08908" target_lat="-0.00069" target_lon="-51.09564"  routing_time="0.00" loadedTiles="18" visitedSegments="2" complete_distance="0.00" complete_time="0.00" >
06-29 13:32:59.997 23488 24894 I System.out: <test regions="" description="" best_percent="" vehicle="car" 
06-29 13:32:59.997 23488 24894 I System.out:   start_lat="-0.00081" start_lon="-51.08908" target_lat="-0.00069" target_lon="-51.09564"  routing_time="0.00" loadedTiles="18" visitedSegments="2" complete_distance="0.00" complete_time="0.00" >
06-29 13:32:59.997 23488 24894 I System.out: </test>
06-29 13:32:59.997 23488 24894 I System.out: <test regions="" description="" best_percent="" vehicle="car" 
06-29 13:32:59.997 23488 24894 I System.out:   start_lat="-0.00081" start_lon="-51.08908" target_lat="-0.00069" target_lon="-51.09564"  routing_time="0.00" loadedTiles="18" visitedSegments="2" complete_distance="0.00" complete_time="0.00" >
06-29 13:32:59.997 23488 24894 I net.osmand: RouteProvider Finding route contained 0 points for 488 ms
06-29 13:33:00.169 23488 23498 I zygote  : Background concurrent copying GC freed 152697(7MB) AllocSpace objects, 42(888KB) LOS objects, 25% free, 17MB/23MB, paused 1.632ms total 358.957ms
06-29 13:33:00.379 23488 23488 I net.osmand: RoutingHelper Recalculate route, because wrong movement direction: 134.61446
06-29 13:33:00.381 23488 23488 D net.osmand: AbstractPrologCommandPlayer abandonAudioFocus
06-29 13:33:00.382 23488 23488 W MaterialProgressBar: Current drawable is not a MaterialProgressDrawable, you may want to set app:mpb_setBothDrawables
06-29 13:33:00.384 23488 24895 I net.osmand: RouteProvider Start finding route from Location[mProvider=gps,mTime=1561829581000,mLatitude=-8.116666666666667E-4,mLongitude=-51.08896,mHasAltitude=false,mAltitude=0.0,mHasSpeed=true,mSpeed=0.0,mHasBearing=true,mBearing=0.0,mHasAccuracy=true,mAccuracy=20.0 to Lat -6.9214514E-4 Lon -51.09564 using OsmAnd (offline)
06-29 13:33:00.384 23488 24895 W net.osmand: RouteProvider Use 347 MB Free 5.921875 of 23.648712 max 384.0
06-29 13:33:00.645 23488 24895 I net.osmand:native: Start point was found 10433840807 [Native]
06-29 13:33:00.660 23488 24895 I net.osmand:native: End point was found 10433843853 [Native]
06-29 13:33:00.812 23488 24895 W net.osmand:native: [Native] Result visited (visited roads 227, visited segments 181 / 215 , queue sizes 212 / 268 ) 
06-29 13:33:00.813 23488 24895 W net.osmand:native: [Native] Result timing (time to load 0, time to calc 152, loaded tiles 21) 
06-29 13:33:00.813 23488 24895 W net.osmand:native: [Native] Memory occupied (Routing context 530 Kb, search 9 Kb)
06-29 13:33:00.815 23488 24895 I net.osmand:native: Routing calculated time distance 120.477425
06-29 13:33:00.839 23488 24895 I net.osmand: RoutePlannerFrontEnd Native routing took 0.246 seconds
06-29 13:33:00.840 23488 24895 I System.out: ROUTE : 
