06-29 13:34:47.825  1704  1929 D EGL_emulation: eglMakeCurrent: 0x9e4046c0: ver 2 0 (tinfo 0x9e403690)
06-29 13:34:47.832  1390  2659 W audio_hw_generic: Hardware backing HAL too slow, could only write 0 of 720 frames
06-29 13:34:47.887  1600  1611 I zygote  : IncrementDisableThreadFlip blocked for 67.993ms
06-29 13:34:47.888  1600  2105 I zygote  : IncrementDisableThreadFlip blocked for 69.642ms
06-29 13:34:47.888  1600  2371 I zygote  : IncrementDisableThreadFlip blocked for 48.472ms
06-29 13:34:47.896  1398  1434 D gralloc_ranchu: gralloc_alloc: Creating ashmem region of size 8298496
06-29 13:34:47.902  3472  3472 W ResourceType: For resource 0x7f0e013b, entry index(315) is beyond type entryCount(142)
06-29 13:34:47.961  3472  3472 I chatty  : uid=10104(net.osmand) identical 51 lines
06-29 13:34:47.962  3472  3472 W ResourceType: For resource 0x7f0e013b, entry index(315) is beyond type entryCount(142)
06-29 13:34:47.966  1704  1929 D EGL_emulation: eglMakeCurrent: 0x9e4046c0: ver 2 0 (tinfo 0x9e403690)
06-29 13:34:47.974  3472  3472 W ResourceType: For resource 0x7f0e013b, entry index(315) is beyond type entryCount(142)
06-29 13:34:47.989  3472  3472 I chatty  : uid=10104(net.osmand) identical 12 lines
06-29 13:34:47.990  3472  3472 W ResourceType: For resource 0x7f0e013b, entry index(315) is beyond type entryCount(142)
06-29 13:34:47.991  1704  1929 D EGL_emulation: eglMakeCurrent: 0x9e4046c0: ver 2 0 (tinfo 0x9e403690)
06-29 13:34:48.002  3472  3472 W ResourceType: For resource 0x7f0e013b, entry index(315) is beyond type entryCount(142)
06-29 13:34:48.015  3472  3472 I chatty  : uid=10104(net.osmand) identical 1 line
06-29 13:34:48.016  3472  3472 W ResourceType: For resource 0x7f0e013b, entry index(315) is beyond type entryCount(142)
06-29 13:34:48.018  1704  1929 D EGL_emulation: eglMakeCurrent: 0x9e4046c0: ver 2 0 (tinfo 0x9e403690)
06-29 13:34:48.039  1704  1929 D EGL_emulation: eglMakeCurrent: 0x9e4046c0: ver 2 0 (tinfo 0x9e403690)
06-29 13:34:48.063  1408  1663 E SurfaceFlinger: Permission Denial: can't openGlobalTransaction pid=3472, uid<=10104
06-29 13:34:48.064  3472  3472 E BpSurfaceComposerClient: Failed to transact (-1)
06-29 13:34:48.079  1408  1663 E SurfaceFlinger: Permission Denial: can't openGlobalTransaction pid=3472, uid<=10104
06-29 13:34:48.081  3472  3472 E BpSurfaceComposerClient: Failed to transact (-1)
06-29 13:34:48.108  3472  3540 D EGL_emulation: eglMakeCurrent: 0x9e4043c0: ver 2 0 (tinfo 0x9e403290)
06-29 13:34:48.129  1398  1434 D gralloc_ranchu: gralloc_alloc: Creating ashmem region of size 8298496
06-29 13:34:48.163  1481  7310 D NuPlayerDriver: notifyListener_l(0xa8ca55b0), (2, 0, 0, -1), loop setting(1, 0)
06-29 13:34:48.188  1481  7314 I NuPlayerDecoder: [OMX.google.vorbis.decoder] resubmitting CSD
06-29 13:34:48.189  1481  7314 I NuPlayerDecoder: [OMX.google.vorbis.decoder] resubmitting CSD
06-29 13:34:48.205  1704  1929 D EGL_emulation: eglMakeCurrent: 0x9e4046c0: ver 2 0 (tinfo 0x9e403690)
06-29 13:34:48.219  1481  7310 D NuPlayerDriver: notifyListener_l(0xa8ca55b0), (6, 0, 0, -1), loop setting(1, 0)
06-29 13:34:48.232  1481  7313 W AudioTrack: getTimestamp() location moved from kernel to server
06-29 13:34:48.232  1481  7313 W NuPlayerRenderer: getPendingAudioPlayoutDurationUs: pendingUs -787 < 0, clamping to zero, potential resume after pause writtenAudioDurationUs: 8707, audioSinkPlayedUs: 9494
06-29 13:34:48.260  1704  1929 D EGL_emulation: eglMakeCurrent: 0x9e4046c0: ver 2 0 (tinfo 0x9e403690)
06-29 13:34:48.262  1481  7313 W AudioTrack: retrograde timestamp position corrected, -384 = 0 - 384
06-29 13:34:48.280  1398  1434 D gralloc_ranchu: gralloc_alloc: Creating ashmem region of size 3878912
06-29 13:34:48.327  1390  2659 W audio_hw_generic: Hardware backing HAL too slow, could only write 0 of 720 frames
06-29 13:34:48.342  1390  2659 I chatty  : uid=1041(audioserver) writer identical 1 line
06-29 13:34:48.357  1390  2659 W audio_hw_generic: Hardware backing HAL too slow, could only write 0 of 720 frames
06-29 13:34:48.368  1704  1929 D EGL_emulation: eglMakeCurrent: 0x9e4046c0: ver 2 0 (tinfo 0x9e403690)
06-29 13:34:48.372  1390  2659 W audio_hw_generic: Hardware backing HAL too slow, could only write 0 of 720 frames
06-29 13:34:48.386  1390  2659 W audio_hw_generic: Hardware backing HAL too slow, could only write 0 of 720 frames
06-29 13:34:48.392  1704  1929 D EGL_emulation: eglMakeCurrent: 0x9e4046c0: ver 2 0 (tinfo 0x9e403690)
06-29 13:34:48.402  1390  2659 W audio_hw_generic: Hardware backing HAL too slow, could only write 0 of 720 frames
06-29 13:34:48.417  1390  2659 W audio_hw_generic: Hardware backing HAL too slow, could only write 0 of 720 frames
06-29 13:34:48.439  1964  1964 I GeofencerStateMachine: sendNewLocationAvailability: availability=LocationAvailability[isLocationAvailable: true]
06-29 13:34:48.474  1398  1434 D gralloc_ranchu: gralloc_alloc: Creating ashmem region of size 3878912
06-29 13:34:48.492  1390  2659 W audio_hw_generic: Hardware backing HAL too slow, could only write 0 of 720 frames
06-29 13:34:48.554  1390  2659 I chatty  : uid=1041(audioserver) writer identical 4 lines
06-29 13:34:48.568  1390  2659 W audio_hw_generic: Hardware backing HAL too slow, could only write 0 of 720 frames
06-29 13:34:48.574  1481  7313 W NuPlayerRenderer: getPendingAudioPlayoutDurationUs: pendingUs -19339 < 0, clamping to zero, potential resume after pause writtenAudioDurationUs: 178503, audioSinkPlayedUs: 197842
06-29 13:34:48.606  1704  1929 D EGL_emulation: eglMakeCurrent: 0x9e4046c0: ver 2 0 (tinfo 0x9e403690)
06-29 13:34:48.625  1473  1561 D AudioFlinger: mixer(0xa6c83380) throttle end: throttle time(2)
06-29 13:34:48.651  1390  2659 W audio_hw_generic: Hardware backing HAL too slow, could only write 0 of 720 frames
06-29 13:34:48.656  1704  1929 D EGL_emulation: eglMakeCurrent: 0x9e4046c0: ver 2 0 (tinfo 0x9e403690)
06-29 13:34:48.732  1398  1434 D gralloc_ranchu: gralloc_alloc: Creating ashmem region of size 3878912
06-29 13:34:48.774  1704  1929 D EGL_emulation: eglMakeCurrent: 0x9e4046c0: ver 2 0 (tinfo 0x9e403690)
06-29 13:34:49.071  1408  1408 W SurfaceFlinger: couldn't log to binary event log: overflow.
06-29 13:34:49.139  2629  7762 I PBSessionCacheImpl: Deleted sessionId[7574760593713] from persistence.
06-29 13:34:49.197  1600  1611 I WifiService: getWifiEnabledState uid=10032
06-29 13:34:49.209  2629  2890 W SearchServiceCore: Abort, client detached.
06-29 13:34:49.362  1600  1609 I zygote  : Background concurrent copying GC freed 31038(2013KB) AllocSpace objects, 28(960KB) LOS objects, 30% free, 13MB/19MB, paused 9.950ms total 1.612s
06-29 13:34:49.420  5485  5485 I Dialer  : NotificationBroadcastReceiver.onReceive - Broadcast from Notification: com.android.incallui.ACTION_DECLINE_INCOMING_CALL
06-29 13:34:49.508  5485  5485 I Dialer  : DialerCall.reject
06-29 13:34:49.611  1600  5707 I Telecom : Event: RecordEntry TC@2: STOP_RINGER, null: ICA.rC(InCall package: com.google.android.dialer)@ATM
06-29 13:34:49.620  1600  7304 I Telecom : AsyncRingtonePlayer: Stop ringtone.
06-29 13:34:49.625  1481  6767 D NuPlayerDriver: reset(0xa8ca55b0) at state 5
06-29 13:34:49.626  1600  5707 I Telecom : Event: RecordEntry TC@2: REQUEST_REJECT, null: ICA.rC(InCall package: com.google.android.dialer)@ATM
06-29 13:34:49.645  1481  6767 D NuPlayerDriver: notifyListener_l(0xa8ca55b0), (8, 0, 0, -1), loop setting(1, 0)
06-29 13:34:49.679  1600  5707 I Telecom : InCallController: Sending updateCall [TC@2, RINGING, com.android.phone/com.android.services.telephony.TelephonyConnectionService, tel:****, A, childs(0), has_parent(false), [Capabilities: CAPABILITY_SUPPORT_HOLD CAPABILITY_MUTE CAPABILITY_CANNOT_DOWNGRADE_VIDEO_TO_AUDIO CAPABILITY_SPEED_UP_MT_AUDIO], [Properties:]]: CSW.sSH@ATQ
06-29 13:34:49.742  1481  7310 D NuPlayerDriver: notifyResetComplete(0xa8ca55b0)
06-29 13:34:49.744  1481  6767 D NuPlayerDriver: reset(0xa8ca55b0) at state 0
06-29 13:34:49.748  1600  7304 V MediaPlayer: resetDrmState:  mDrmInfo=null mDrmProvisioningThread=null mPrepareDrmInProgress=false mActiveDrmScheme=false
06-29 13:34:49.748  1600  7304 V MediaPlayer: cleanDrmObj: mDrmObj=null mDrmSessionId=null
06-29 13:34:49.748  1600  7304 V MediaPlayer: resetDrmState:  mDrmInfo=null mDrmProvisioningThread=null mPrepareDrmInProgress=false mActiveDrmScheme=false
06-29 13:34:49.748  1600  7304 V MediaPlayer: cleanDrmObj: mDrmObj=null mDrmSessionId=null
06-29 13:34:49.749  1481  1815 D AudioTrack: stop() called with 0 frames delivered
06-29 13:34:49.790  1600  5707 I Telecom : InCallController: Components updated: [ComponentInfo{com.google.android.dialer/com.android.incallui.InCallServiceImpl}]: CSW.sSH@ATQ
06-29 13:34:49.793  1600  5707 I Telecom : InCallController: Sending updateCall [TC@2, RINGING, com.android.phone/com.android.services.telephony.TelephonyConnectionService, tel:****, A, childs(0), has_parent(false), [Capabilities: CAPABILITY_SUPPORT_HOLD CAPABILITY_MUTE CAPABILITY_CANNOT_DOWNGRADE_VIDEO_TO_AUDIO CAPABILITY_SPEED_UP_MT_AUDIO], [Properties:]]: CSW.sSH@ATU
06-29 13:34:49.825  1600  5707 I Telecom : InCallController: Components updated: [ComponentInfo{com.google.android.dialer/com.android.incallui.InCallServiceImpl}]: CSW.sSH@ATU
06-29 13:34:49.826  1833  7998 D CallNotifier: SignalInfoTonePlayer.run(toneId = 98)...
06-29 13:34:49.826  1600  5707 I Telecom : InCallController: Sending updateCall [TC@2, RINGING, com.android.phone/com.android.services.telephony.TelephonyConnectionService, tel:****, A, childs(0), has_parent(false), [Capabilities: CAPABILITY_SUPPORT_HOLD CAPABILITY_MUTE CAPABILITY_CANNOT_DOWNGRADE_VIDEO_TO_AUDIO CAPABILITY_SPEED_UP_MT_AUDIO], [Properties:]]: CSW.sCC@ATY
06-29 13:34:49.846  1833  7998 I AudioTrack: AUDIO_OUTPUT_FLAG_FAST successful; frameCount 1440 -> 1440
06-29 13:34:49.846  1833  7998 D AudioTrack: Client defaulted notificationFrames to 720 for frameCount 1440
06-29 13:34:49.847  1833  7998 D CallNotifier: CallNotifier: mSignalInfoToneGenerator created when toneplay
06-29 13:34:49.864  1600  5707 I Telecom : InCallController: Components updated: [ComponentInfo{com.google.android.dialer/com.android.incallui.InCallServiceImpl}]: CSW.sCC@ATY
06-29 13:34:49.866  1600  5707 I Telecom : InCallController: Sending updateCall [TC@2, RINGING, com.android.phone/com.android.services.telephony.TelephonyConnectionService, tel:****, A, childs(0), has_parent(false), [Capabilities: CAPABILITY_SUPPORT_HOLD CAPABILITY_MUTE CAPABILITY_CANNOT_DOWNGRADE_VIDEO_TO_AUDIO CAPABILITY_SPEED_UP_MT_AUDIO], [Properties:]]: CSW.sCC@ATc
06-29 13:34:49.891  1600  5707 I Telecom : InCallController: Components updated: [ComponentInfo{com.google.android.dialer/com.android.incallui.InCallServiceImpl}]: CSW.sCC@ATc
06-29 13:34:49.895  1600  7916 I Telecom : CallsManager: setCallState RINGING -> DISCONNECTED, call: [TC@2, RINGING, com.android.phone/com.android.services.telephony.TelephonyConnectionService, tel:****, A, childs(0), has_parent(false), [Capabilities: CAPABILITY_SUPPORT_HOLD CAPABILITY_MUTE CAPABILITY_CANNOT_DOWNGRADE_VIDEO_TO_AUDIO CAPABILITY_SPEED_UP_MT_AUDIO], [Properties:]]: CSW.sDc@ATg
06-29 13:34:49.898  1600  7916 I Telecom : Event: RecordEntry TC@2: SET_DISCONNECTED, disconnected set explicitly> DisconnectCause [ Code: (REJECTED) Label: () Description: () Reason: (INCOMING_REJECTED) Tone: (-1) ]: CSW.sDc@ATg
06-29 13:34:49.905  1600  7916 I Telecom : CallLogManager: Country cache is null. Detecting Country and Setting Cache...: CSW.sDc@ATg
06-29 13:34:49.907  1600  1885 I Telecom : CallAudioRouteStateMachine: Message received: UPDATE_SYSTEM_AUDIO_ROUTE=1201, arg1=0: CSW.sDc->CARSM.pM_UPDATE_SYSTEM_AUDIO_ROUTE@ATg
06-29 13:34:49.911  1600  1886 I Telecom : CallAudioModeStateMachine: Message received: NO_MORE_RINGING_CALLS.: CSW.sDc->CAMSM.pM_1002@ATg
06-29 13:34:49.911  1600  1886 I Telecom : CallAudioModeStateMachine: Abandoning audio focus: now UNFOCUSED: CSW.sDc->CAMSM.pM_1002@ATg
06-29 13:34:49.920  1600  1886 I MediaFocusControl: abandonAudioFocus() from uid/pid 1000/1600 clientId=AudioFocus_For_Phone_Ring_And_Calls
06-29 13:34:49.976  1600  7916 W ContextImpl: Calling a method in the system process without a qualified user: android.app.ContextImpl.sendBroadcast:981 android.content.ContextWrapper.sendBroadcast:442 com.android.server.telecom.CallLogManager.sendAddCallBroadcast:444 com.android.server.telecom.CallLogManager.logCall:287 com.android.server.telecom.CallLogManager.logCall:233 
06-29 13:34:49.989  1600  7916 I Telecom : InCallController: Sending updateCall [TC@2, DISCONNECTED, com.android.phone/com.android.services.telephony.TelephonyConnectionService, tel:****, A, childs(0), has_parent(false), [Capabilities: CAPABILITY_SUPPORT_HOLD CAPABILITY_MUTE CAPABILITY_CANNOT_DOWNGRADE_VIDEO_TO_AUDIO CAPABILITY_SPEED_UP_MT_AUDIO], [Properties:]]: CSW.sDc@ATg
06-29 13:34:50.032  1600  7916 I Telecom : InCallController: Components updated: [ComponentInfo{com.google.android.dialer/com.android.incallui.InCallServiceImpl}]: CSW.sDc@ATg
06-29 13:34:50.056  5485  5485 I Dialer  : DialerCallListenerImpl.onDialerCallDisconnect - [DialerCall_0, DISCONNECTED, [Capabilities: CAPABILITY_SUPPORT_HOLD CAPABILITY_MUTE CAPABILITY_CANNOT_DOWNGRADE_VIDEO_TO_AUDIO], [Properties:], children:[], parent:null, conferenceable:[], videoState:Audio Only, mSessionModificationState:0, CameraDir:-1]
06-29 13:34:50.057  1600  7916 I Telecom : TelecomWakeLock: Releasing WakeLock with id: 26: CSW.sDc@ATg
06-29 13:34:50.058  1600  7916 I Telecom : InCallWakeLockController: Releasing full wake lock: CSW.sDc@ATg
06-29 13:34:50.059  1600  1600 D GpsNetInitiatedHandler: onCallStateChanged(): state is 0
06-29 13:34:50.078  5485  5485 I Dialer  : EnrichedCallManagerImpl.onDisconnect - enter
06-29 13:34:50.078  5485  5485 I Dialer  : EnrichedCallManagerImpl.onDisconnect - disconnected call with no enriched call session
06-29 13:34:50.084  5485  5485 I Dialer  : InCallPresenter.onCallListChange - Phone switching state: INCOMING -> INCALL
06-29 13:34:50.084  1600  1614 W BroadcastQueue: Permission Denial: receiving Intent { act=android.intent.action.PHONE_STATE flg=0x1000010 (has extras) } to ProcessRecord{89d0980 4877:com.mapfactor.navigator:Notifications/u0a88} (pid=4877, uid=10088) requires android.permission.READ_PRIVILEGED_PHONE_STATE due to sender android (uid 1000)
06-29 13:34:50.084  5485  5485 I Dialer  : VideoPauseController.onStateChange - hasPrimaryCallChanged: true, videoCanPause: false, isInBackground: false
06-29 13:34:50.085  5485  5485 I Dialer  : VideoPauseController.onPrimaryCallChanged - new call: null, old call: [DialerCall_0, DISCONNECTED, [Capabilities: CAPABILITY_SUPPORT_HOLD CAPABILITY_MUTE CAPABILITY_CANNOT_DOWNGRADE_VIDEO_TO_AUDIO], [Properties:], children:[], parent:null, conferenceable:[], videoState:Audio Only, mSessionModificationState:0, CameraDir:-1], mIsInBackground: false
06-29 13:34:50.086  1600  7916 I Telecom : PhoneStateBroadcaster: Broadcasted state change: 0: CSW.sDc@ATg
06-29 13:34:50.090  1600  7916 I Telecom : IncomingCallNotifier: updateIncomingCall: foundIncomingcall = null: CSW.sDc@ATg
06-29 13:34:50.090  1600  1885 I Telecom : CallAudioRouteStateMachine: setSystemAudioState: changing from [AudioState isMuted: false, route: EARPIECE, supportedRouteMask: EARPIECE, SPEAKER] to [AudioState isMuted: false, route: EARPIECE, supportedRouteMask: EARPIECE, SPEAKER]: CSW.sDc->CARSM.pM_UPDATE_SYSTEM_AUDIO_ROUTE@ATg
06-29 13:34:50.091  1600  1885 I Telecom : InCallController: Calling onAudioStateChanged, audioState: [AudioState isMuted: false, route: EARPIECE, supportedRouteMask: EARPIECE, SPEAKER] -> [AudioState isMuted: false, route: EARPIECE, supportedRouteMask: EARPIECE, SPEAKER]: CSW.sDc->CARSM.pM_UPDATE_SYSTEM_AUDIO_ROUTE@ATg
06-29 13:34:50.085  1600  1614 W BroadcastQueue: Permission Denial: receiving Intent { act=android.intent.action.PHONE_STATE flg=0x1000010 (has extras) } to ProcessRecord{8d7ec42 1704:com.android.systemui/u0a29} (pid=1704, uid=10029) requires android.permission.READ_PHONE_STATE due to sender android (uid 1000)
06-29 13:34:50.086  5485  5485 I Dialer  : StatusBarNotifier.cancelNotification - cancel
06-29 13:34:50.116  2175  4109 I TelephonySpam: TelephonySpamInit - scheduleCallLogTask
06-29 13:34:50.196  1600  7916 I Telecom : ConnectionServiceWrapper: Service unbound ComponentInfo{com.android.phone/com.android.services.telephony.TelephonyConnectionService}, from unbind.: CSW.rC@ATk
06-29 13:34:50.248  1600  7916 I Telecom : CallsManager: handleConnectionServiceDeath: service com.android.server.telecom.ConnectionServiceWrapper@78c017d died: CSW.rC@ATk
06-29 13:34:50.251  1600  7916 I Telecom : Event: RecordEntry TC@2: DESTROYED, null: CSW.rC@ATk
06-29 13:34:50.252  1600  7916 I Telecom : InCallController: onCallRemoved: [TC@2, DISCONNECTED, null, tel:****, A, childs(0), has_parent(false), [Capabilities: CAPABILITY_SUPPORT_HOLD CAPABILITY_MUTE CAPABILITY_CANNOT_DOWNGRADE_VIDEO_TO_AUDIO CAPABILITY_SPEED_UP_MT_AUDIO], [Properties:]]: CSW.rC@ATk
06-29 13:34:50.255  1600  7916 I Telecom : TelecomWakeLock: WakeLock already released with id: 26: CSW.rC@ATk
06-29 13:34:50.305  5485  5485 I Dialer  : EnrichedCallManagerImpl.unregisterCapabilitiesListener - listener: [DialerCall_0, DISCONNECTED, [Capabilities: CAPABILITY_SUPPORT_HOLD CAPABILITY_MUTE CAPABILITY_CANNOT_DOWNGRADE_VIDEO_TO_AUDIO], [Properties:], children:[], parent:null, conferenceable:[], videoState:Audio Only, mSessionModificationState:0, CameraDir:-1]
06-29 13:34:50.306  5485  5485 I Dialer  : EnrichedCallManagerImpl.unregisterStateChangedListener - listener: [DialerCall_0, DISCONNECTED, [Capabilities: CAPABILITY_SUPPORT_HOLD CAPABILITY_MUTE CAPABILITY_CANNOT_DOWNGRADE_VIDEO_TO_AUDIO], [Properties:], children:[], parent:null, conferenceable:[], videoState:Audio Only, mSessionModificationState:0, CameraDir:-1]
06-29 13:34:50.308  5485  5485 I Dialer  : DialerCall.setState - ignoring state transition from DISCONNECTED to DISCONNECTED. Duration would have changed from 0 to 0
06-29 13:34:50.316  1600  7916 I Telecom : InCallWakeLockController: Releasing full wake lock: CSW.rC@ATk
06-29 13:34:50.317  1600  7916 I Telecom : ProximitySensorManager: All calls removed, resetting proximity sensor to default state: CSW.rC@ATk
06-29 13:34:50.317  1600  7916 I Telecom : TelecomWakeLock: WakeLock already released with id: 32: CSW.rC@ATk
06-29 13:34:50.317  1600  7916 I Telecom : IncomingCallNotifier: updateIncomingCall: foundIncomingcall = null: CSW.rC@ATk
06-29 13:34:50.376  1600  1600 D MediaSessionService: Global priority session is updated, active=false
06-29 13:34:50.376  1600  1885 I Telecom : CallAudioRouteStateMachine: Message received: SWITCH_FOCUS=4001, arg1=1: CSW.sDc->CAMSM.pM_1002->CARSM.pM_SWITCH_FOCUS@ATg
06-29 13:34:50.376  1600  1885 I Telecom : CallAudioRouteStateMachine: turning speaker phone false: CSW.sDc->CAMSM.pM_1002->CARSM.pM_SWITCH_FOCUS@ATg
06-29 13:34:50.382  1600  1885 I Telecom : Logging.Events: Non-call EVENT: UNMUTE, null: CSW.sDc->CAMSM.pM_1002->CARSM.pM_SWITCH_FOCUS@ATg
06-29 13:34:50.397  1390  1390 W DeviceHAL: Device 0xac9b2d00 get_mic_mute: Function not implemented
06-29 13:34:50.401  5485  5485 I Dialer  : CallList.onUpdateCall - [DialerCall_0, DISCONNECTED, [Capabilities: CAPABILITY_SUPPORT_HOLD CAPABILITY_MUTE CAPABILITY_CANNOT_DOWNGRADE_VIDEO_TO_AUDIO], [Properties:], children:[], parent:null, conferenceable:[], videoState:Audio Only, mSessionModificationState:0, CameraDir:-1]
06-29 13:34:50.402  1600  1885 I Telecom : Logging.Events: Non-call EVENT: AUDIO_ROUTE, Leaving state ActiveEarpieceRoute: CSW.sDc->CAMSM.pM_1002->CARSM.pM_SWITCH_FOCUS@ATg
06-29 13:34:50.403  1600  1885 I Telecom : Logging.Events: Non-call EVENT: AUDIO_ROUTE, Entering state QuiescentEarpieceRoute: CSW.sDc->CAMSM.pM_1002->CARSM.pM_SWITCH_FOCUS@ATg
06-29 13:34:50.452  5485  5485 I Dialer  : InCallPresenter.onCallListChange - Phone switching state: INCALL -> INCALL
06-29 13:34:50.452  5485  5485 I Dialer  : VideoPauseController.onStateChange - hasPrimaryCallChanged: false, videoCanPause: false, isInBackground: false
06-29 13:34:50.456  1704  1704 I zygote  : Deoptimizing void com.android.systemui.statusbar.stack.ViewState.initFrom(android.view.View) due to JIT inline cache
06-29 13:34:50.509  5485  5485 I Dialer  : EnrichedCallManagerImpl.unregisterCapabilitiesListener - listener: [DialerCall_0, DISCONNECTED, [Capabilities: CAPABILITY_SUPPORT_HOLD CAPABILITY_MUTE CAPABILITY_CANNOT_DOWNGRADE_VIDEO_TO_AUDIO], [Properties:], children:[], parent:null, conferenceable:[], videoState:Audio Only, mSessionModificationState:0, CameraDir:-1]
06-29 13:34:50.510  5485  5485 I Dialer  : EnrichedCallManagerImpl.unregisterStateChangedListener - listener: [DialerCall_0, DISCONNECTED, [Capabilities: CAPABILITY_SUPPORT_HOLD CAPABILITY_MUTE CAPABILITY_CANNOT_DOWNGRADE_VIDEO_TO_AUDIO], [Properties:], children:[], parent:null, conferenceable:[], videoState:Audio Only, mSessionModificationState:0, CameraDir:-1]
06-29 13:34:50.580  1398  1434 D gralloc_ranchu: gralloc_alloc: Creating ashmem region of size 8298496
06-29 13:34:50.760  5485  5485 W Dialer  : CallList.onCallRemoved - Removing call not previously disconnected DialerCall_0
06-29 13:34:50.760  5485  5485 I Dialer  : VideoShareManager.unregisterListener - enter
06-29 13:34:50.761  5485  5485 I Dialer  : EnrichedCallManagerImpl.unregisterCapabilitiesListener - listener: bca@5639028
06-29 13:34:50.763  5485  5485 I Dialer  : InCallPresenter.attemptFinishActivity - Hide in call UI: false
06-29 13:34:50.764  5485  5485 I Dialer  : InCallPresenter.onCallListChange - Phone switching state: INCALL -> NO_CALLS
06-29 13:34:50.764  5485  5485 I Dialer  : VideoPauseController.onStateChange - hasPrimaryCallChanged: false, videoCanPause: false, isInBackground: false
06-29 13:34:50.764  5485  5485 I Dialer  : InCallPresenter.onCallListChange - Phone switching state: NO_CALLS -> NO_CALLS
06-29 13:34:50.765  5485  5485 I Dialer  : VideoPauseController.onStateChange - hasPrimaryCallChanged: false, videoCanPause: false, isInBackground: false
06-29 13:34:50.765  5485  5485 I Dialer  : InCallPresenter.onCallListChange - Phone switching state: NO_CALLS -> NO_CALLS
06-29 13:34:50.766  5485  5485 I Dialer  : VideoPauseController.onStateChange - hasPrimaryCallChanged: false, videoCanPause: false, isInBackground: false
06-29 13:34:50.793  1704  1704 I zygote  : Deoptimizing void com.android.systemui.statusbar.phone.StatusBar.logNotificationVisibilityChanges(java.util.Collection, java.util.Collection) due to JIT inline cache
06-29 13:34:50.802  1704  1704 D StatusBar: disable<e i a s b h r c s q >
06-29 13:34:50.873  1704  1929 D EGL_emulation: eglMakeCurrent: 0x9e4046c0: ver 2 0 (tinfo 0x9e403690)
06-29 13:34:50.898  1398  1434 D gralloc_ranchu: gralloc_alloc: Creating ashmem region of size 274432
06-29 13:34:50.917  1704  1929 D EGL_emulation: eglMakeCurrent: 0x9e4046c0: ver 2 0 (tinfo 0x9e403690)
06-29 13:34:50.948  1398  1434 D gralloc_ranchu: gralloc_alloc: Creating ashmem region of size 274432
06-29 13:34:51.114  1600  1614 I ActivityManager: Start proc 8002:com.android.calllogbackup/u0a2 for broadcast com.android.calllogbackup/.CallLogChangeReceiver
06-29 13:34:50.962  1398  1434 D gralloc_ranchu: gralloc_alloc: Creating ashmem region of size 274432
06-29 13:34:51.127  8002  8002 W zygote  : Unexpected CPU variant for X86 using defaults: x86
06-29 13:34:51.143  5485  5485 I Dialer  : LightbringerImpl.handleDuoReachabilityLoaded - loaded 0 reachable contacts
06-29 13:34:51.198  8002  8002 I zygote  : The ClassLoaderContext is a special shared library.
06-29 13:34:52.258  1600  1600 I Telecom : EmergencyInCallServiceConnection: Disconnect forced!: CSW.rC->ICC.oCR@ATk
06-29 13:34:52.261  5485  5485 I Dialer  : InCallPresenter.setBoundAndWaitingForOutgoingCall - setBoundAndWaitingForOutgoingCall: false
06-29 13:34:52.261  5485  5485 I Dialer  : InCallPresenter.onCallListChange - Phone switching state: NO_CALLS -> NO_CALLS
06-29 13:34:52.264  5485  5485 I Dialer  : VideoPauseController.onStateChange - hasPrimaryCallChanged: false, videoCanPause: false, isInBackground: false
06-29 13:34:52.265  5485  5485 I Dialer  : InCallPresenter.attemptCleanup - Cleaning up
06-29 13:34:52.265  5485  5485 I Dialer  : ProximitySensor.turnOffProximitySensor - wake lock already released
06-29 13:34:52.265  5485  5485 I Dialer  : EnrichedCallManagerImpl.unregisterStateChangedListener - listener: bmz@fd10426
06-29 13:34:52.265  5485  5485 I Dialer  : VideoPauseController.tearDown - enter
06-29 13:34:52.706  1390  1390 W audio_hw_generic: Not supplying enough data to HAL, expected position 20420181 , only wrote 19974240
06-29 13:34:54.307  1964  7957 I Places  : ?: PlacesBleScanner stop()
06-29 13:34:54.310  1964  1964 I BeaconBle: Scan : No clients left, canceling alarm.
06-29 13:34:54.313  1964  1964 I BeaconBle: Scan canceled successfully.
06-29 13:34:54.324  1964  7957 I PlaceInferenceEngine: [anon] Changed inference mode: 0
06-29 13:34:54.324  1964  7957 I PlaceInferenceEngine: [account#1066226748] Changed inference mode: 0
06-29 13:34:54.389  1964  1964 I GeofencerStateMachine: removeGeofences: removeRequest=RemoveGeofencingRequest[REMOVE_BY_PENDING_INTENT pendingIntent=PendingIntent[creatorPackage=com.google.android.gms], packageName=com.google.android.gms]
06-29 13:34:54.434  1964  2247 W MessageQueue: Handler (aeyl) {fc028b6} sending message to a Handler on a dead thread
06-29 13:34:54.434  1964  2247 W MessageQueue: java.lang.IllegalStateException: Handler (aeyl) {fc028b6} sending message to a Handler on a dead thread
06-29 13:34:54.434  1964  2247 W MessageQueue: 	at android.os.MessageQueue.enqueueMessage(MessageQueue.java:545)
06-29 13:34:54.434  1964  2247 W MessageQueue: 	at android.os.Handler.enqueueMessage(Handler.java:662)
06-29 13:34:54.434  1964  2247 W MessageQueue: 	at android.os.Handler.sendMessageAtTime(Handler.java:631)
06-29 13:34:54.434  1964  2247 W MessageQueue: 	at aeyl.sendMessageAtTime(Unknown Source:3)
06-29 13:34:54.434  1964  2247 W MessageQueue: 	at android.os.Handler.sendMessageDelayed(Handler.java:601)
06-29 13:34:54.434  1964  2247 W MessageQueue: 	at android.os.Handler.post(Handler.java:357)
06-29 13:34:54.434  1964  2247 W MessageQueue: 	at bcln.execute(Unknown Source:2)
06-29 13:34:54.434  1964  2247 W MessageQueue: 	at aanh.execute(Unknown Source:9)
06-29 13:34:54.434  1964  2247 W MessageQueue: 	at avft.a(:com.google.android.gms@17785022@17.7.85 (040700-253824076):3)
06-29 13:34:54.434  1964  2247 W MessageQueue: 	at avgk.a(:com.google.android.gms@17785022@17.7.85 (040700-253824076):8)
06-29 13:34:54.434  1964  2247 W MessageQueue: 	at avgn.a(:com.google.android.gms@17785022@17.7.85 (040700-253824076):43)
06-29 13:34:54.434  1964  2247 W MessageQueue: 	at avgj.a(:com.google.android.gms@17785022@17.7.85 (040700-253824076):2)
06-29 13:34:54.434  1964  2247 W MessageQueue: 	at rpj.a(:com.google.android.gms@17785022@17.7.85 (040700-253824076):3)
06-29 13:34:54.434  1964  2247 W MessageQueue: 	at rpj.a(:com.google.android.gms@17785022@17.7.85 (040700-253824076):2)
06-29 13:34:54.434  1964  2247 W MessageQueue: 	at agos.a(Unknown Source:2)
06-29 13:34:54.434  1964  2247 W MessageQueue: 	at rnt.a(Unknown Source:11)
06-29 13:34:54.434  1964  2247 W MessageQueue: 	at aamg.a(:com.google.android.gms@17785022@17.7.85 (040700-253824076):1)
06-29 13:34:54.434  1964  2247 W MessageQueue: 	at cwm.onTransact(:com.google.android.gms@17785022@17.7.85 (040700-253824076):4)
06-29 13:34:54.434  1964  2247 W MessageQueue: 	at android.os.Binder.execTransact(Binder.java:697)
06-29 13:34:57.878  1600  1613 E memtrack: Couldn't load memtrack module
06-29 13:34:57.878  1600  1613 W android.os.Debug: failed to get memory consumption info: -1
06-29 13:34:57.931  1600  1613 E memtrack: Couldn't load memtrack module
06-29 13:34:57.931  1600  1613 W android.os.Debug: failed to get memory consumption info: -1
06-29 13:34:59.060  3472  3472 I net.osmand: TTSCommandPlayerImpl Send message to pebble sem sinal g p s 
06-29 13:34:59.060  3472  3472 D net.osmand: AbstractPrologCommandPlayer requestAudioFocus
06-29 13:34:59.060  3472  3472 W AudioManager: Use of stream types is deprecated for operations other than volume control
06-29 13:34:59.060  3472  3472 W AudioManager: See the documentation of requestAudioFocus() for what to use instead with android.media.AudioAttributes to qualify your playback use case
06-29 13:34:59.061  1600  1611 I MediaFocusControl: requestAudioFocus() from uid/pid 10104/3472 clientId=android.media.AudioManager@d05fab5net.osmand.plus.api.AudioFocusHelperImpl@31cf449 callingPack=net.osmand req=3 flags=0x0 sdk=26
06-29 13:34:59.065  3472  3472 D net.osmand: TTSCommandPlayerImpl ttsRequests=1
06-29 13:34:59.078  5191  5280 I TTS.GoogleTTSServiceImp: Synthesis request for locale por-BRA and name pt-BR-language
06-29 13:34:59.080  5191  5280 I TTS.GoogleTTSServiceImp: TTS dispatch: pt-br-x-afs-lstm-embedded
06-29 13:34:59.080  2629  2890 I WorkerManager: dispose()
06-29 13:34:59.082  2629  2890 W ThreadPoolDumper: Queue length for executor EventBus is now 11. Perhaps some tasks are too long, or the pool is too small.
06-29 13:34:59.108  5191  5294 D AudioTrack: Client defaulted notificationFrames to 1365 for frameCount 4096
06-29 13:34:59.127  1600  2105 V MediaRouterService: restoreBluetoothA2dp(false)
06-29 13:34:59.129  1390  2659 W audio_hw_generic: Not supplying enough data to HAL, expected position 19974271 , only wrote 19974240
06-29 13:34:59.166  1399  1414 D hwcomposer: hw_composer sent 163 syncs in 226s
06-29 13:34:59.330  1964  1964 I BeaconBle: Scan : No clients left, canceling alarm.
06-29 13:34:59.590  1600  1617 E BatteryExternalStatsWorker: modem info is invalid: ModemActivityInfo{ mTimestamp=0 mSleepTimeMs=0 mIdleTimeMs=0 mTxTimeMs[]=[0, 0, 0, 0, 0] mRxTimeMs=0 mEnergyUsed=0}
06-29 13:35:01.220  5191  5294 D AudioTrack: stop() called with 44330 frames delivered
06-29 13:35:01.224  1600  1611 V MediaRouterService: restoreBluetoothA2dp(false)
06-29 13:35:01.230  3472  5324 D net.osmand: AbstractPrologCommandPlayer abandonAudioFocus
06-29 13:35:01.231  1600  5065 I MediaFocusControl: abandonAudioFocus() from uid/pid 10104/3472 clientId=android.media.AudioManager@d05fab5net.osmand.plus.api.AudioFocusHelperImpl@31cf449
06-29 13:35:01.232  3472  5324 D net.osmand: TTSCommandPlayerImpl ttsRequests=0
06-29 13:35:04.261  1390  1390 W audio_hw_generic: Not supplying enough data to HAL, expected position 20465175 , only wrote 20220480
06-29 13:35:05.928  1964  1964 I GeofencerStateMachine: sendQueryLocationOptIn
06-29 13:35:05.937  1600  1613 I GnssLocationProvider: WakeLock acquired by sendMessage(ENABLE, 1, null)
06-29 13:35:05.937  1600  1613 I GnssLocationProvider: WakeLock acquired by sendMessage(SET_REQUEST, 0, com.android.server.location.GnssLocationProvider$GpsRequest@c823614)
06-29 13:35:05.942  1600  1614 W BroadcastQueue: Background execution not allowed: receiving Intent { act=android.location.PROVIDERS_CHANGED flg=0x10 } to com.google.android.apps.maps/com.google.android.apps.gmm.locationsharing.usr.LocationAvailabilityChecker$LocationProvidersChangedBroadcastReceiver
06-29 13:35:05.942  1600  1614 W BroadcastQueue: Background execution not allowed: receiving Intent { act=android.location.PROVIDERS_CHANGED flg=0x10 } to com.google.android.gms/com.google.android.location.internal.NlpNetworkProviderSettingsUpdateReceiver
06-29 13:35:05.942  1600  1614 W BroadcastQueue: Background execution not allowed: receiving Intent { act=android.location.PROVIDERS_CHANGED flg=0x10 } to com.google.android.gms/.chimera.GmsIntentOperationService$PersistentTrustedReceiver
06-29 13:35:05.943  1600  1614 W BroadcastQueue: Background execution not allowed: receiving Intent { act=android.location.PROVIDERS_CHANGED flg=0x10 } to com.google.android.googlequicksearchbox/com.google.android.apps.gsa.broadcastreceiver.external.ExternalCommonBroadcastReceiver
06-29 13:35:05.956  1600  1614 W BroadcastQueue: Background execution not allowed: receiving Intent { act=android.location.MODE_CHANGED flg=0x10 } to com.google.android.apps.maps/com.google.android.apps.gmm.locationsharing.usr.LocationAvailabilityChecker$LocationProvidersChangedBroadcastReceiver
06-29 13:35:05.957  1600  1614 W BroadcastQueue: Background execution not allowed: receiving Intent { act=android.location.MODE_CHANGED flg=0x10 } to com.google.android.gms/.chimera.GmsIntentOperationService$PersistentTrustedReceiver
06-29 13:35:05.967  1600  1600 D GpsNetInitiatedHandler: location enabled :true
06-29 13:35:05.974  1397  1397 W GnssHAL_GnssInterface: setCallback called more than once. Unexpected unless test.
06-29 13:35:05.976  1600  1613 D GnssLocationProvider: gnssSetSystemInfoCb: yearOfHw=2015
06-29 13:35:05.978  1600  1613 D GnssLocationProvider: gnssSetCapabilitesCb: 0u
06-29 13:35:05.984  1600  1613 D GnssLocationProvider: gnssSetSystemInfoCb: yearOfHw=2015
06-29 13:35:05.987  1600  1613 E GnssLocationProvider: Unable to initialize GNSS Xtra interface
06-29 13:35:05.987  1600  1613 E GnssLocationProvider: Unable to Initialize AGnss interface
06-29 13:35:05.987  1600  1613 E GnssLocationProvider: Unable to initialize GNSS Geofencing interface
06-29 13:35:05.987  1600  1613 E GnssLocationProvider: Unable to initialize GNSS NI interface
06-29 13:35:05.988  1600  1613 E GnssLocationProvider: no AGPS interface in set_agps_server
06-29 13:35:05.990  1600  1613 E GnssLocationProvider: Failed to initialize GNSS batching
06-29 13:35:05.990  1600  1613 I GnssLocationProvider: WakeLock released by handleMessage(ENABLE, 1, null)
06-29 13:35:05.995  1600  1613 I GnssLocationProvider: WakeLock released by handleMessage(SET_REQUEST, 0, com.android.server.location.GnssLocationProvider$GpsRequest@c823614)
06-29 13:35:06.095  1600  7916 W ActivityManager: Unable to start service Intent { act=com.google.android.gms.nearby.discovery:ACTION_PERMISSION_CHANGE cmp=com.google.android.gms/.nearby.discovery.service.DiscoveryService } U=0: not found
06-29 13:35:06.107  3472  3472 I net.osmand: TTSCommandPlayerImpl Send message to pebble sinal g p s recuperado 
06-29 13:35:06.107  3472  3472 D net.osmand: AbstractPrologCommandPlayer requestAudioFocus
06-29 13:35:06.107  3472  3472 W AudioManager: Use of stream types is deprecated for operations other than volume control
06-29 13:35:06.107  3472  3472 W AudioManager: See the documentation of requestAudioFocus() for what to use instead with android.media.AudioAttributes to qualify your playback use case
06-29 13:35:06.107  1600  7916 I MediaFocusControl: requestAudioFocus() from uid/pid 10104/3472 clientId=android.media.AudioManager@d05fab5net.osmand.plus.api.AudioFocusHelperImpl@6d5c26 callingPack=net.osmand req=3 flags=0x0 sdk=26
06-29 13:35:06.108  3472  3472 D net.osmand: TTSCommandPlayerImpl ttsRequests=1
06-29 13:35:06.115  5191  5280 I TTS.GoogleTTSServiceImp: Synthesis request for locale por-BRA and name pt-BR-language
06-29 13:35:06.116  3472  3472 D net.osmand: RoutingHelper Processed by distance : (new) 183890.4219741954 (old) 184218.95313472688
06-29 13:35:06.117  5191  5280 I TTS.GoogleTTSServiceImp: TTS dispatch: pt-br-x-afs-lstm-embedded
06-29 13:35:06.129  5191  5294 D AudioTrack: Client defaulted notificationFrames to 1365 for frameCount 4096
06-29 13:35:06.138  1964  8032 I GCoreUlr: Starting service, intent=Intent { act=com.google.android.location.reporting.ACTION_UPDATE_WORLD cmp=com.google.android.gms/com.google.android.location.reporting.service.DispatchingService (has extras) }, extras=Bundle[{receiverAction=android.location.PROVIDERS_CHANGED}]
06-29 13:35:06.141  1600  7916 V MediaRouterService: restoreBluetoothA2dp(false)
06-29 13:35:06.153  1390  2659 W audio_hw_generic: Not supplying enough data to HAL, expected position 20220663 , only wrote 20220480
06-29 13:35:06.198  3472  3472 I net.osmand: RoutingHelper Recalculate route, because correlation  : 183890.4219741954
06-29 13:35:06.198  5191  5298 D AudioTrack: stop() called with 4096 frames delivered
06-29 13:35:06.198  5191  5280 I TTS.SynthesisCache: streamCachedRequest call to callback.audioAvailable failed: -1
06-29 13:35:06.207  3472  3472 D net.osmand: AbstractPrologCommandPlayer abandonAudioFocus
06-29 13:35:06.207  1600  7916 I MediaFocusControl: abandonAudioFocus() from uid/pid 10104/3472 clientId=android.media.AudioManager@d05fab5net.osmand.plus.api.AudioFocusHelperImpl@6d5c26
06-29 13:35:06.210  1600  2105 V MediaRouterService: restoreBluetoothA2dp(false)
06-29 13:35:06.217  3472  3472 I net.osmand: TTSCommandPlayerImpl Send message to pebble desviou-se da rota por  184 quilmetros 
06-29 13:35:06.218  3472  3472 D net.osmand: AbstractPrologCommandPlayer requestAudioFocus
06-29 13:35:06.218  3472  3472 W AudioManager: Use of stream types is deprecated for operations other than volume control
06-29 13:35:06.218  3472  3472 W AudioManager: See the documentation of requestAudioFocus() for what to use instead with android.media.AudioAttributes to qualify your playback use case
06-29 13:35:06.220  1600  7916 I MediaFocusControl: requestAudioFocus() from uid/pid 10104/3472 clientId=android.media.AudioManager@d05fab5net.osmand.plus.api.AudioFocusHelperImpl@c080067 callingPack=net.osmand req=3 flags=0x0 sdk=26
06-29 13:35:06.220  3472  3472 D net.osmand: TTSCommandPlayerImpl ttsRequests=1
06-29 13:35:06.223  5191  5280 I TTS.GoogleTTSServiceImp: Synthesis request for locale por-BRA and name pt-BR-language
06-29 13:35:06.224  5191  5280 I TTS.GoogleTTSServiceImp: TTS dispatch: pt-br-x-afs-lstm-embedded
06-29 13:35:06.226  3472  3546 D net.osmand: AbstractPrologCommandPlayer abandonAudioFocus
06-29 13:35:06.226  1600  7916 I MediaFocusControl: abandonAudioFocus() from uid/pid 10104/3472 clientId=android.media.AudioManager@d05fab5net.osmand.plus.api.AudioFocusHelperImpl@c080067
06-29 13:35:06.238  3472  3546 D net.osmand: TTSCommandPlayerImpl ttsRequests=0
06-29 13:35:06.240  3472  3472 W MaterialProgressBar: Current drawable is not a MaterialProgressDrawable, you may want to set app:mpb_setBothDrawables
06-29 13:35:06.287  3472  3496 I net.osmand: MapRenderRepositories RENDER MAP: update due to tile box
06-29 13:35:06.288  3472  3472 I net.osmand: RoutingHelper Recalculate route, because correlation  : 183890.4219741954
06-29 13:35:06.288  3472  3472 I net.osmand: RoutingHelper Recalculate route, because wrong movement direction: 183890.42
06-29 13:35:06.288  3472  3496 I net.osmand: MapRenderRepositories RENDER MAP: Interrupt rendering map
06-29 13:35:06.339  1964  1964 E BluetoothAdapter: Bluetooth binder is null
06-29 13:35:06.364  3472  3496 I net.osmand: MapRenderRepositories RENDER MAP: update due to tile box
06-29 13:35:06.364  3472  3496 I net.osmand: MapRenderRepositories RENDER MAP: Interrupt rendering map
06-29 13:35:06.375  3472  8037 I net.osmand: RouteProvider Start finding route from Location[mProvider=gps,mTime=1561815306000,mLatitude=-7.589195000000001,mLongitude=-37.541068333333335,mHasAltitude=true,mAltitude=0.0,mHasSpeed=false,mSpeed=0.0,mHasBearing=false,mBearing=0.0,mHasAccuracy=true,mAccuracy=20.0 to Lat -7.2326345 Lon -35.91311 using OsmAnd (offline)
06-29 13:35:06.375  3472  8037 W net.osmand: RouteProvider Use 342 MB Free 2.3064346 of 25.550728 max 384.0
06-29 13:35:06.376  3472  8037 D net.osmand:native: Native file initialized from cache /storage/emulated/0/Android/data/net.osmand/files/Brazil_piaui_southamerica.obf
06-29 13:35:06.376  3472  8037 D net.osmand: MapRenderRepositories Native resource Brazil_piaui_southamerica.obf initialized 1 ms
06-29 13:35:06.394  3472  5009 I zygote  : Deoptimizing boolean net.osmand.router.GeneralRouter$RouteAttributeContext.checkParameter(net.osmand.router.GeneralRouter$RouteAttributeEvalRule) due to JIT inline cache
06-29 13:35:06.396  3472  5009 I zygote  : Deoptimizing void net.osmand.router.GeneralRouter.<init>(net.osmand.router.GeneralRouter, java.util.Map) due to JIT inline cache
06-29 13:35:06.434  3472  3496 I net.osmand: MapRenderRepositories RENDER MAP: update due to tile box
06-29 13:35:06.435  3472  3496 I net.osmand: MapRenderRepositories RENDER MAP: Interrupt rendering map
06-29 13:35:06.505  3472  3496 I net.osmand: MapRenderRepositories RENDER MAP: update due to tile box
06-29 13:35:06.505  3472  3496 I net.osmand: MapRenderRepositories RENDER MAP: Interrupt rendering map
06-29 13:35:06.630  5191  5294 D AudioTrack: Client defaulted notificationFrames to 1365 for frameCount 4096
06-29 13:35:06.657  1600  5065 V MediaRouterService: restoreBluetoothA2dp(false)
06-29 13:35:06.744  1964  7810 I GCoreUlr: WorldUpdater received intent Intent { act=com.google.android.location.reporting.ACTION_UPDATE_WORLD cmp=com.google.android.gms/com.google.android.location.reporting.service.DispatchingService (has extras) } with receiverAction android.location.PROVIDERS_CHANGED
06-29 13:35:06.766  1964  7810 I GCoreUlr: WorldUpdater:android.location.PROVIDERS_CHANGED: Ensuring that reporting is stopped because of reasons: {account#8#=[InactiveReason{mIdentifier=6, mName='ReportingNotEnabled'}, InactiveReason{mIdentifier=14, mName='HistoryNotEnabled'}]}
06-29 13:35:06.780  1964  7810 I GCoreUlr: Unbound from all signal providers.
06-29 13:35:06.782  1964  8039 I GCoreUlr: Successfully accounts update
06-29 13:35:06.838  1964  7810 I GCoreUlr: DispatchingService ignoring Intent { act=android.net.wifi.WIFI_STATE_CHANGED flg=0x4000010 (has extras) } because ULR inactive
06-29 13:35:06.895  1964  1964 I GCoreUlr: Unbound from all signal providers.
06-29 13:35:06.895  1964  1964 I GCoreUlr: Stopping handler for UlrDispSvcFast
06-29 13:35:06.897  1964  7810 I GCoreUlr: Successfully accounts update
06-29 13:35:06.937  3472  3496 I net.osmand: MapRenderRepositories RENDER MAP: update due to tile box
06-29 13:35:06.937  3472  3496 I net.osmand: MapRenderRepositories RENDER MAP: Interrupt rendering map
06-29 13:35:06.980  3472  3495 I net.osmand: MapRenderRepositories RENDER MAP: new request RotatedTileBox [lat=-7.589195000000001, lon=-37.541068333333335, rotate=0.0, density=2.625, zoom=17, mapDensity=3.9375, zoomAnimation=0.0, zoomFloatPart=0.0, cx=900, cy=1972, pixWidth=1800, pixHeight=2690]
06-29 13:35:06.986  1964  1964 I GeofencerStateMachine: sendNewTransitions called.
06-29 13:35:06.999  3472  3472 I net.osmand: RoutingHelper Recalculate route, because correlation  : 183890.4219741954
06-29 13:35:07.001  3472  3472 I net.osmand: RoutingHelper Recalculate route, because wrong movement direction: 183890.42
06-29 13:35:07.109  3472  3472 I net.osmand: RoutingHelper Recalculate route, because correlation  : 183890.4219741954
06-29 13:35:07.110  3472  3495 I net.osmand:native: Route objects 61
06-29 13:35:07.110  3472  3495 I net.osmand:native: Ocean: no completed & incompleted coastlines 0
06-29 13:35:07.111  3472  3495 I net.osmand:native: Detailed coastlines = 0, basemap coastlines 0, ocean tile 0.000000. Detailed added 0, basemap processed 1, basemap added 0.
06-29 13:35:07.111  3472  3495 I net.osmand:native: Search : tree - read( 413), accept( 30), objs - visit( 2206), accept(73), in result(61) 
06-29 13:35:07.111  3472  3495 I net.osmand: MapRenderRepositories BLat=-7.591496849060059, TLat=-7.583494758605957, LLong=-37.543521881103516, RLong=-37.53861999511719, zoom=17
06-29 13:35:07.116  3472  3495 I net.osmand: MapRenderRepositories Native search: 135 ms 
06-29 13:35:07.181  3472  3495 I net.osmand:native: Creating SkBitmap in native w:1800 h:2690 s:7200 f:1!
06-29 13:35:07.181  3472  3495 I net.osmand:native: Row bytes for RGBA_8888 is 7200
06-29 13:35:07.181  3472  3495 I net.osmand:native: Locked 19368000 bytes at 0x7e400000
06-29 13:35:07.182  3472  3495 I net.osmand:native: Initializing rendering
06-29 13:35:07.222  3472  3495 I net.osmand:native: Rendering image
06-29 13:35:07.477  3472  3472 I net.osmand: RoutingHelper Recalculate route, because correlation  : 183890.4219741954
06-29 13:35:07.504  3472  8037 I net.osmand:native: Start point was found 25957428647 [Native]
06-29 13:35:07.537  3472  8037 I net.osmand:native: End point was found 1886269277 [Native]
06-29 13:35:07.587  3472  3495 I net.osmand: RenderingIcons Icon data length is 2466
06-29 13:35:07.622  3472  3482 I zygote  : Background concurrent copying GC freed 219722(8MB) AllocSpace objects, 27(936KB) LOS objects, 24% free, 18MB/24MB, paused 21.390ms total 801.170ms
06-29 13:35:07.646  3472  3472 I net.osmand: RoutingHelper Recalculate route, because correlation  : 183890.4219741954
06-29 13:35:07.646  3472  3472 I net.osmand: RoutingHelper Recalculate route, because wrong movement direction: 183890.42
06-29 13:35:07.905  3472  3495 I net.osmand:native: Native ok (rendering 1, text 344 ms) 
06-29 13:35:07.905  3472  3495 I net.osmand:native:  (574 points, 320 points inside, 122 of 128 objects visible)
06-29 13:35:07.905  3472  3495 I net.osmand:native: End Rendering image
06-29 13:35:07.905  3472  3495 I net.osmand:native: Native ok (init 40, rendering 1) 
06-29 13:35:07.906  3472  3495 I net.osmand: MapRenderRepositories true
06-29 13:35:07.984  3472  3472 I net.osmand: RoutingHelper Recalculate route, because correlation  : 183890.4219741954
06-29 13:35:07.984  3472  3472 I net.osmand: RoutingHelper Recalculate route, because wrong movement direction: 183890.42
06-29 13:35:08.056  3472  3472 I net.osmand: RoutingHelper Recalculate route, because correlation  : 183890.4219741954
06-29 13:35:08.166  1600  1611 I WifiService: acquireWifiLock uid=10014 lockMode=2
06-29 13:35:08.208  1600  1613 E memtrack: Couldn't load memtrack module
06-29 13:35:08.208  1600  1613 W android.os.Debug: failed to get memory consumption info: -1
06-29 13:35:08.262  5679  5684 I zygote  : Do partial code cache collection, code=110KB, data=66KB
06-29 13:35:08.262  5679  5684 I zygote  : After code cache collection, code=110KB, data=66KB
06-29 13:35:08.262  5679  5684 I zygote  : Increasing code cache capacity to 512KB
06-29 13:35:08.421  1964  4580 W ResourceType: ResTable_typeSpec entry count inconsistent: given 15, previously 22
06-29 13:35:08.671  3472  3472 I net.osmand: RoutingHelper Recalculate route, because correlation  : 183890.4219741954
06-29 13:35:08.671  3472  3472 I net.osmand: RoutingHelper Recalculate route, because wrong movement direction: 183890.42
06-29 13:35:08.736  3472  3472 I net.osmand: RoutingHelper Recalculate route, because correlation  : 183890.4219741954
06-29 13:35:08.941  3472  3472 I chatty  : uid=10104(net.osmand) identical 1 line
06-29 13:35:08.946  3472  3472 I net.osmand: RoutingHelper Recalculate route, because correlation  : 183890.4219741954
06-29 13:35:08.946  3472  3472 I net.osmand: RoutingHelper Recalculate route, because wrong movement direction: 183890.42
06-29 13:35:09.284  1600  1613 E memtrack: Couldn't load memtrack module
06-29 13:35:09.284  1600  1613 W android.os.Debug: failed to get memory consumption info: -1
06-29 13:35:09.919  3472  3472 I net.osmand: RoutingHelper Recalculate route, because correlation  : 183890.4219741954
06-29 13:35:09.921  3472  3472 I net.osmand: RoutingHelper Recalculate route, because correlation  : 183890.4219741954
06-29 13:35:09.921  3472  3472 I net.osmand: RoutingHelper Recalculate route, because wrong movement direction: 183890.42
06-29 13:35:10.011  3472  3472 I net.osmand: RoutingHelper Recalculate route, because correlation  : 183890.4219741954
06-29 13:35:10.011  3472  3472 I net.osmand: RoutingHelper Recalculate route, because wrong movement direction: 183890.42
06-29 13:35:10.014  3472  3472 I net.osmand: RoutingHelper Recalculate route, because correlation  : 183890.4219741954
06-29 13:35:10.247  3472  8037 W net.osmand:native: [Native] Result visited (visited roads 9469, visited segments 2491 / 9030 , queue sizes 30 / 99 ) 
06-29 13:35:10.248  3472  8037 W net.osmand:native: [Native] Result timing (time to load 0, time to calc 2710, loaded tiles 133) 
06-29 13:35:10.248  3472  8037 W net.osmand:native: [Native] Memory occupied (Routing context 3662 Kb, search 181 Kb)
06-29 13:35:10.271  3472  8037 I net.osmand:native: Routing calculated time distance 11199.107422
06-29 13:35:10.361  3472  8037 I net.osmand: RoutePlannerFrontEnd Native routing took 2.946 seconds
06-29 13:35:10.431  3472  8037 I System.out: ROUTE : 
06-29 13:35:10.436  3472  8037 I net.osmand: RouteResultPreparation <test regions="" description="" best_percent="" vehicle="car" 
06-29 13:35:10.436  3472  8037 I net.osmand:   start_lat="-7.58920" start_lon="-37.54107" target_lat="-7.23263" target_lon="-35.91311"  routing_time="11199.11" loadedTiles="133" visitedSegments="9469" complete_distance="242333.95" complete_time="11505.19" >
06-29 13:35:10.436  3472  8037 I System.out: <test regions="" description="" best_percent="" vehicle="car" 
06-29 13:35:10.439  3472  8037 I System.out:   start_lat="-7.58920" start_lon="-37.54107" target_lat="-7.23263" target_lon="-35.91311"  routing_time="11199.11" loadedTiles="133" visitedSegments="9469" complete_distance="242333.95" complete_time="11505.19" >
06-29 13:35:10.439  3472  8037 I System.out: </test>
06-29 13:35:10.439  3472  8037 I System.out: <test regions="" description="" best_percent="" vehicle="car" 
06-29 13:35:10.439  3472  8037 I System.out:   start_lat="-7.58920" start_lon="-37.54107" target_lat="-7.23263" target_lon="-35.91311"  routing_time="11199.11" loadedTiles="133" visitedSegments="9469" complete_distance="242333.95" complete_time="11505.19" >
06-29 13:35:10.561  3472  8037 I net.osmand:native: Start point was found 25957571909 [Native]
06-29 13:35:10.587  3472  8037 I net.osmand:native: End point was found 1886269277 [Native]
06-29 13:35:10.947  3472  3472 I net.osmand: RoutingHelper Recalculate route, because correlation  : 183890.4219741954
06-29 13:35:10.947  3472  3472 I net.osmand: RoutingHelper Recalculate route, because wrong movement direction: 183890.42
