--------- beginning of main
06-28 13:42:51.154  1409  1409 I boot-pipe: done populating /dev/random
--------- beginning of system
06-28 13:42:54.519  1603  1877 I ActivityManager: START u0 {act=android.intent.action.MAIN cat=[android.intent.category.HOME] flg=0x10000000 cmp=com.google.android.apps.nexuslauncher/.NexusLauncherActivity} from uid 2000
06-28 13:42:54.633  1401  1401 D gralloc_ranchu: gralloc_alloc: Creating ashmem region of size 8298496
06-28 13:42:54.700  1603  1618 W Looper  : Dispatch took 140ms on android.ui, h=Handler (com.android.server.am.ActivityManagerService$UiHandler) {5717402} cb=null msg=31
06-28 13:42:54.669  1401  1401 D gralloc_ranchu: gralloc_alloc: Creating ashmem region of size 8298496
06-28 13:42:54.717 29061 29061 D net.osmand: Disable sensor
06-28 13:42:54.739  1401  1401 D gralloc_ranchu: gralloc_alloc: Creating ashmem region of size 8298496
06-28 13:42:54.743 29061 29061 I net.osmand: MapRenderRepositories RENDER MAP: Interrupt rendering map
06-28 13:42:54.830 22551 22593 D EGL_emulation: eglMakeCurrent: 0xa6785780: ver 2 0 (tinfo 0xa6783330)
06-28 13:42:54.847 29061 29102 D EGL_emulation: eglMakeCurrent: 0xa6785600: ver 2 0 (tinfo 0xa6783370)
06-28 13:42:54.905  1412  1412 D SurfaceFlinger: duplicate layer name: changing com.google.android.apps.nexuslauncher/com.google.android.apps.nexuslauncher.NexusLauncherActivity to com.google.android.apps.nexuslauncher/com.google.android.apps.nexuslauncher.NexusLauncherActivity#1
06-28 13:42:54.945  1401  1401 D gralloc_ranchu: gralloc_alloc: Creating ashmem region of size 8298496
06-28 13:42:55.001  1401  1401 D gralloc_ranchu: gralloc_alloc: Creating ashmem region of size 8298496
06-28 13:42:55.059 22551 22551 W ThreadPoolDumper: Queue length for executor EventBus is now 11. Perhaps some tasks are too long, or the pool is too small.
06-28 13:42:55.065  1401  1401 D gralloc_ranchu: gralloc_alloc: Creating ashmem region of size 8298496
06-28 13:42:55.182  2548  2598 D EGL_emulation: eglMakeCurrent: 0xa6785780: ver 2 0 (tinfo 0xa6783370)
06-28 13:42:55.269 19546 19546 I GeofencerStateMachine: sendNewLocationAvailability: availability=LocationAvailability[isLocationAvailable: true]
06-28 13:42:55.310  1401  1401 D gralloc_ranchu: gralloc_alloc: Creating ashmem region of size 8298496
06-28 13:42:55.349 22551 22596 W SessionLifecycleManager: Handover failed. Creating new session controller.
06-28 13:42:55.372  1412  1412 E EGL_emulation: tid 1412: eglCreateSyncKHR(1962): error 0x3004 (EGL_BAD_ATTRIBUTE)
06-28 13:42:55.395  1708  1926 D EGL_emulation: eglMakeCurrent: 0x9268e860: ver 2 0 (tinfo 0x92690770)
06-28 13:42:55.428  1708  1926 I chatty  : uid=10029(com.android.systemui) RenderThread identical 1 line
06-28 13:42:55.482  1708  1926 D EGL_emulation: eglMakeCurrent: 0x9268e860: ver 2 0 (tinfo 0x92690770)
06-28 13:42:55.611 29061 31467 E FA      : Task exception on worker thread: java.lang.IllegalAccessError: Method 'void android.support.v4.content.ContextCompat.<init>()' is inaccessible to class 'com.google.firebase.iid.zzg' (declaration of 'com.google.firebase.iid.zzg' appears in /data/app/net.osmand-3e2027wrPNiMXbTSfYMHIA==/base.apk): com.google.android.gms.measurement.internal.zzt.zzEd(Unknown Source:3)
06-28 13:42:55.702  1708  1926 D EGL_emulation: eglMakeCurrent: 0x9268e860: ver 2 0 (tinfo 0x92690770)
06-28 13:42:55.799  2548  2598 W OpenGLRenderer: Incorrectly called buildLayer on View: ShortcutAndWidgetContainer, destroying layer...
06-28 13:42:55.800  2548  2598 W OpenGLRenderer: Incorrectly called buildLayer on View: ShortcutAndWidgetContainer, destroying layer...
06-28 13:42:55.809  1708  1926 D EGL_emulation: eglMakeCurrent: 0x9268e860: ver 2 0 (tinfo 0x92690770)
06-28 13:42:55.876  1603  2561 I WifiService: getWifiEnabledState uid=10032
06-28 13:42:55.946  2548  2558 I zygote  : NativeAlloc concurrent copying GC freed 4439(267KB) AllocSpace objects, 2(104KB) LOS objects, 49% free, 4MB/9MB, paused 12.685ms total 412.014ms
06-28 13:42:55.952  1603  2561 I zygote  : IncrementDisableThreadFlip blocked for 13.855ms
06-28 13:42:55.954  1603  2561 I WifiService: getWifiEnabledState uid=10032
06-28 13:42:56.014 22551 29914 W LocationOracle: No location history returned by ContextManager
06-28 13:42:56.056 22551 22596 I MicroDetectionWorker: #startMicroDetector [speakerMode: 0]
06-28 13:42:56.059 22551 22596 W ErrorReporter: reportError [type: 211, code: 393244, bug: 0]: errorCode: 393244, engine: 0
06-28 13:42:56.060 22551 22596 I MicroDetector: Keeping mic open: false
06-28 13:42:56.060 22551 22596 I MicroDetectionWorker: #onError(false)
06-28 13:42:56.166  1708  1926 D EGL_emulation: eglMakeCurrent: 0x9268e860: ver 2 0 (tinfo 0x92690770)
06-28 13:42:56.245  1708  1728 I zygote  : NativeAlloc concurrent copying GC freed 34276(1779KB) AllocSpace objects, 0(0B) LOS objects, 39% free, 9MB/15MB, paused 2.446ms total 818.388ms
06-28 13:42:56.416 19546 19546 I GeofencerStateMachine: removeGeofences: removeRequest=RemoveGeofencingRequest[REMOVE_BY_PENDING_INTENT pendingIntent=PendingIntent[creatorPackage=com.google.android.gms], packageName=com.google.android.gms]
06-28 13:42:56.423 19546 19546 I chatty  : uid=10014 com.google.android.gms.persistent identical 1 line
06-28 13:42:56.433 19546 19546 I GeofencerStateMachine: removeGeofences: removeRequest=RemoveGeofencingRequest[REMOVE_BY_PENDING_INTENT pendingIntent=PendingIntent[creatorPackage=com.google.android.gms], packageName=com.google.android.gms]
06-28 13:42:56.550 19546 19556 I zygote  : Background concurrent copying GC freed 110402(5MB) AllocSpace objects, 15(948KB) LOS objects, 37% free, 10MB/16MB, paused 1.584ms total 232.745ms
06-28 13:42:56.594 19546 31337 W ctxmgr  : [AclManager] No 3 for (accnt=account#1066226748#, com.google.android.gms(10014):UserVelocityProducer, vrsn=17785022, 0, 3pPkg = null ,  3pMdlId = null ,  pid = 19546). Was: 2 for 1, account#1066226748# [CONTEXT service_id=47 ]
06-28 13:42:56.624  1603  1612 I zygote  : NativeAlloc concurrent copying GC freed 29223(2MB) AllocSpace objects, 3(60KB) LOS objects, 19% free, 24MB/30MB, paused 4.777ms total 694.949ms
06-28 13:42:56.775 19546 19546 I GeofencerStateMachine: removeGeofences: removeRequest=RemoveGeofencingRequest[REMOVE_BY_PENDING_INTENT pendingIntent=PendingIntent[creatorPackage=com.google.android.gms], packageName=com.google.android.gms]
06-28 13:42:56.790 19546 19546 I GeofencerStateMachine: removeGeofences: removeRequest=RemoveGeofencingRequest[REMOVE_BY_PENDING_INTENT pendingIntent=PendingIntent[creatorPackage=com.google.android.gms], packageName=com.google.android.gms]
06-28 13:42:56.810 19546 31337 I ctxmgr  : [ProducerStatusImpl] updateStateForNewContextData: inactive, contextName=7 [CONTEXT service_id=47 ]
06-28 13:42:56.841 19546 31478 I PlaceInferenceEngine: [anon] Changed inference mode: 0
06-28 13:42:56.856 19546 31478 I PlaceInferenceEngine: [account#1066226748] Changed inference mode: 0
06-28 13:42:57.173 19546 31478 I Places  : ?: PlacesBleScanner start() with priority 2
06-28 13:42:57.173 19546 31478 I PlaceInferenceEngine: [anon] Changed inference mode: 1
06-28 13:42:57.173 19546 31478 I PlaceInferenceEngine: [account#1066226748] Changed inference mode: 1
06-28 13:42:57.192 19546 31478 I Places  : Converted 1 out of 1 WiFi scans
06-28 13:42:57.192  1603  2504 I WifiService: getConnectionInfo uid=10014
06-28 13:42:57.209 19546 31478 I PlaceInferenceEngine: [account#1066226748] Changed inference mode: 1
06-28 13:42:57.209 19546 31478 I PlaceInferenceEngine: [anon] Changed inference mode: 1
06-28 13:42:57.219 19546 19546 E BeaconBle: Missing BluetoothAdapter
06-28 13:42:57.219 19546 19546 I BeaconBle: BLE 'KK+' software access layer enabled
06-28 13:42:57.280 19546 19546 I BeaconBle: Client requested scan, settings=BleSettings [scanMode=ZERO_POWER, callbackType=ALL_MATCHES, reportDelayMillis=0, 1 filters, 0 clients, callingClientName=Places]
06-28 13:42:57.280 19546 19546 I BeaconBle: Scan : No clients left, canceling alarm.
06-28 13:42:57.283 19546 19546 E BeaconBle: Scan couldn't start for Places
06-28 13:42:57.283 19546 19546 W Places  : BLE failure while scanning - code 5
06-28 13:42:57.532 19546 31484 I PlaceInferenceEngine: No beacon scan available - ignoring candidates.
06-28 13:42:57.696 19546 31484 I PlaceInferenceEngine: No beacon scan available - ignoring candidates.
06-28 13:42:57.704 19546 19556 I zygote  : Background concurrent copying GC freed 78653(3MB) AllocSpace objects, 29(1784KB) LOS objects, 35% free, 10MB/16MB, paused 4.271ms total 221.109ms
06-28 13:42:58.373  1603  1612 I zygote  : NativeAlloc concurrent copying GC freed 6322(413KB) AllocSpace objects, 0(0B) LOS objects, 18% free, 25MB/31MB, paused 2.443ms total 387.536ms
06-28 13:42:58.379  1603  2504 I ActivityManager: Force stopping com.skgames.trafficrider appid=10081 user=0: from pid 31492
06-28 13:42:58.410  1844  1844 D CarrierSvcBindHelper: No carrier app for: 0
06-28 13:42:58.771  1603  2504 I ActivityManager: Force stopping com.EvilChaotic.ModernWarplanes appid=10082 user=0: from pid 31496
06-28 13:42:59.231  1603  2504 I ActivityManager: Force stopping com.ea.games.r3_row appid=10083 user=0: from pid 31500
06-28 13:42:59.534  1603  5056 W ActivityManager: Invalid packageName: android.media.action.IMAGE_CAPTURE
06-28 13:42:58.799  1844  1844 I chatty  : uid=1001(radio) com.android.phone identical 1 line
06-28 13:42:59.257  1844  1844 D CarrierSvcBindHelper: No carrier app for: 0
06-28 13:42:59.912  1402  1417 D hwcomposer: hw_composer sent 14 syncs in 60s
06-28 13:43:00.312 19546 19546 I GeofencerStateMachine: sendQueryLocationOptIn
06-28 13:43:00.317  1603  1616 I GnssLocationProvider: WakeLock acquired by sendMessage(ENABLE, 1, null)
06-28 13:43:00.322  1603  1616 I GnssLocationProvider: WakeLock acquired by sendMessage(SET_REQUEST, 0, com.android.server.location.GnssLocationProvider$GpsRequest@8a0286c)
06-28 13:43:00.325  1400  1400 W GnssHAL_GnssInterface: setCallback called more than once. Unexpected unless test.
06-28 13:43:00.325  1603  1617 W BroadcastQueue: Background execution not allowed: receiving Intent { act=android.location.PROVIDERS_CHANGED flg=0x10 } to com.google.android.apps.maps/com.google.android.apps.gmm.locationsharing.usr.LocationAvailabilityChecker$LocationProvidersChangedBroadcastReceiver
06-28 13:43:00.325  1603  1616 D GnssLocationProvider: gnssSetSystemInfoCb: yearOfHw=2015
06-28 13:43:00.325  1603  1617 W BroadcastQueue: Background execution not allowed: receiving Intent { act=android.location.PROVIDERS_CHANGED flg=0x10 } to com.google.android.gms/com.google.android.location.internal.NlpNetworkProviderSettingsUpdateReceiver
06-28 13:43:00.326  1603  1616 D GnssLocationProvider: gnssSetCapabilitesCb: 0u
06-28 13:43:00.326  1603  1617 W BroadcastQueue: Background execution not allowed: receiving Intent { act=android.location.PROVIDERS_CHANGED flg=0x10 } to com.google.android.gms/.chimera.GmsIntentOperationService$PersistentTrustedReceiver
06-28 13:43:00.326  1603  1617 W BroadcastQueue: Background execution not allowed: receiving Intent { act=android.location.PROVIDERS_CHANGED flg=0x10 } to com.google.android.googlequicksearchbox/com.google.android.apps.gsa.broadcastreceiver.external.ExternalCommonBroadcastReceiver
06-28 13:43:00.327  1603  1616 D GnssLocationProvider: gnssSetSystemInfoCb: yearOfHw=2015
06-28 13:43:00.327  1603  1617 W BroadcastQueue: Background execution not allowed: receiving Intent { act=android.location.MODE_CHANGED flg=0x10 } to com.google.android.apps.maps/com.google.android.apps.gmm.locationsharing.usr.LocationAvailabilityChecker$LocationProvidersChangedBroadcastReceiver
06-28 13:43:00.327  1603  1616 E GnssLocationProvider: Unable to initialize GNSS Xtra interface
06-28 13:43:00.327  1603  1616 E GnssLocationProvider: Unable to Initialize AGnss interface
06-28 13:43:00.327  1603  1616 E GnssLocationProvider: Unable to initialize GNSS Geofencing interface
06-28 13:43:00.327  1603  1616 E GnssLocationProvider: Unable to initialize GNSS NI interface
06-28 13:43:00.327  1603  1616 E GnssLocationProvider: no AGPS interface in set_agps_server
06-28 13:43:00.327  1603  1616 E GnssLocationProvider: Failed to initialize GNSS batching
06-28 13:43:00.327  1603  1617 W BroadcastQueue: Background execution not allowed: receiving Intent { act=android.location.MODE_CHANGED flg=0x10 } to com.google.android.gms/.chimera.GmsIntentOperationService$PersistentTrustedReceiver
06-28 13:43:00.327  1603  1616 I GnssLocationProvider: WakeLock released by handleMessage(ENABLE, 1, null)
06-28 13:43:00.330  1603  1616 I GnssLocationProvider: WakeLock released by handleMessage(SET_REQUEST, 0, com.android.server.location.GnssLocationProvider$GpsRequest@8a0286c)
06-28 13:43:00.339  1603  1603 D GpsNetInitiatedHandler: location enabled :true
06-28 13:43:00.493  1603 12888 W ActivityManager: Unable to start service Intent { act=com.google.android.gms.nearby.discovery:ACTION_PERMISSION_CHANGE cmp=com.google.android.gms/.nearby.discovery.service.DiscoveryService } U=0: not found
06-28 13:43:00.499 19546 31516 I GCoreUlr: Starting service, intent=Intent { act=com.google.android.location.reporting.ACTION_UPDATE_WORLD cmp=com.google.android.gms/com.google.android.location.reporting.service.DispatchingService (has extras) }, extras=Bundle[{receiverAction=android.location.PROVIDERS_CHANGED}]
06-28 13:43:00.609 19546 19546 E BluetoothAdapter: Bluetooth binder is null
06-28 13:43:00.667 19546 31337 I GCoreUlr: WorldUpdater received intent Intent { act=com.google.android.location.reporting.ACTION_UPDATE_WORLD cmp=com.google.android.gms/com.google.android.location.reporting.service.DispatchingService (has extras) } with receiverAction android.location.PROVIDERS_CHANGED
06-28 13:43:00.678 19546 19546 I GeofencerStateMachine: sendNewTransitions called.
06-28 13:43:00.705 19546 31337 I GCoreUlr: WorldUpdater:android.location.PROVIDERS_CHANGED: Ensuring that reporting is stopped because of reasons: {account#8#=[InactiveReason{mIdentifier=6, mName='ReportingNotEnabled'}, InactiveReason{mIdentifier=14, mName='HistoryNotEnabled'}]}
06-28 13:43:00.728 19546 31337 I GCoreUlr: Unbound from all signal providers.
06-28 13:43:00.732 19546 31482 I GCoreUlr: Successfully accounts update
06-28 13:43:00.764 19546 31337 I GCoreUlr: DispatchingService ignoring Intent { act=android.net.wifi.WIFI_STATE_CHANGED flg=0x4000010 (has extras) } because ULR inactive
06-28 13:43:00.786 19546 19546 I GCoreUlr: Unbound from all signal providers.
06-28 13:43:00.786 19546 19546 I GCoreUlr: Stopping handler for UlrDispSvcFast
06-28 13:43:00.788 19546 31337 I GCoreUlr: Successfully accounts update
06-28 13:43:01.085 22551 22596 I MicroDetectionWorker: #startMicroDetector [speakerMode: 0]
06-28 13:43:01.092 22551 22596 W ErrorReporter: reportError [type: 211, code: 393244, bug: 0]: errorCode: 393244, engine: 0
06-28 13:43:01.094 22551 22596 I MicroDetector: Keeping mic open: false
06-28 13:43:01.094 22551 22596 I MicroDetectionWorker: #onError(false)
06-28 13:43:01.272  1603  1603 I GnssLocationProvider: WakeLock acquired by sendMessage(SUBSCRIPTION_OR_SIM_CHANGED, 0, null)
06-28 13:43:01.290  1844  1844 D MccTable: updateMccMncConfiguration mccmnc='310260' fromServiceState=true
06-28 13:43:01.326  1603  1616 E GnssLocationProvider: no AGPS interface in set_agps_server
06-28 13:43:01.327  1603  1616 I GnssLocationProvider: WakeLock released by handleMessage(SUBSCRIPTION_OR_SIM_CHANGED, 0, null)
06-28 13:43:01.333  1844  1844 D MccTable: updateMccMncConfiguration defaultMccMnc=310260
06-28 13:43:01.333  1844  1844 D MccTable: updateMccMncConfiguration: mcc=310, mnc=260
06-28 13:43:01.334  1844  1844 D MccTable: WIFI_COUNTRY_CODE set to us
06-28 13:43:01.334  1603  5056 I WifiService: WifiService trying to set country code to us with persist set to false
06-28 13:43:01.335  1603  5056 I WifiService: setCountryCode uid=1001
06-28 13:43:01.360  1844  1844 D ServiceStateProvider: subId=1
06-28 13:43:01.398  1844  1844 I Telephony: PstnIncomingCallNotifier: Unregistering: Handler (com.android.internal.telephony.GsmCdmaPhone) {438750e}
06-28 13:43:01.474  1603  1603 I Telecom : CallLogManager: Country ISO changed. Retrieving new ISO...: CLM.oCD@Dgg
06-28 13:43:01.505  1603  2504 I Telecom : PhoneAccountRegistrar: Modify account: [ComponentInfo{com.android.phone/com.android.services.telephony.TelephonyConnectionService}, [****], UserHandle{0}(lbl: Android -> )(desc: Android -> )]: TSI.rPA@Dgk
06-28 13:43:01.510  1844  1844 I Telephony: AccountEntry: Registered phoneAccount: [[ ] PhoneAccount: ComponentInfo{com.android.phone/com.android.services.telephony.TelephonyConnectionService}, [****], UserHandle{0} Capabilities: CallProvider MultiUser PlaceEmerg SimSub  Audio Routes: BESW Schemes: tel voicemail  Extras: Bundle[{android.telecom.extra.SUPPORTS_VIDEO_CALLING_FALLBACK=true}] GroupId: [****]] with handle: ComponentInfo{com.android.phone/com.android.services.telephony.TelephonyConnectionService}, [****], UserHandle{0}
06-28 13:43:01.510  1844  1844 I Telephony: PstnIncomingCallNotifier: Registering: Handler (com.android.internal.telephony.GsmCdmaPhone) {438750e}
06-28 13:43:01.511 29061 29061 D net.osmand: RoutingHelper Processed by distance : (new) 187162.84449464493 (old) 187289.046875
06-28 13:43:01.519  1844  1844 I Telephony: PstnPhoneCapabilitiesNotifier: handleVideoCapabilitesChanged. Video capability - false
06-28 13:43:01.546  1603  5056 I Telecom : PhoneAccountRegistrar: Modify account: [ComponentInfo{com.android.phone/com.android.services.telephony.TelephonyConnectionService}, [****], UserHandle{0}]: TSI.rPA@Dgw
06-28 13:43:01.653 29061 29061 I net.osmand: RoutingHelper Recalculate route, because correlation  : 187162.84449464493
06-28 13:43:01.658 29061 29061 D net.osmand: AbstractPrologCommandPlayer abandonAudioFocus
06-28 13:43:01.658 29061 29061 W MaterialProgressBar: Current drawable is not a MaterialProgressDrawable, you may want to set app:mpb_setBothDrawables
06-28 13:43:01.665 29061 29061 I net.osmand: RoutingHelper Recalculate route, because correlation  : 187162.84449464493
06-28 13:43:01.665 29061 29061 I net.osmand: RoutingHelper Recalculate route, because wrong movement direction: 187162.84
06-28 13:43:01.670 29061 31527 I net.osmand: RouteProvider Start finding route from Location[mProvider=gps,mTime=1561743781000,mLatitude=-7.2195149999999995,mLongitude=-35.88448166666667,mHasAltitude=true,mAltitude=0.0,mHasSpeed=false,mSpeed=0.0,mHasBearing=false,mBearing=0.0,mHasAccuracy=true,mAccuracy=20.0 to Lat -7.218443 Lon -35.883236 using OsmAnd (offline)
06-28 13:43:01.672 29061 31527 W net.osmand: RouteProvider Use 338 MB Free 2.9437408 of 30.190674 max 384.0
06-28 13:43:01.801  2548  2558 I zygote  : NativeAlloc concurrent copying GC freed 2798(165KB) AllocSpace objects, 0(0B) LOS objects, 49% free, 4MB/8MB, paused 1.307ms total 145.772ms
06-28 13:43:01.858 29061 31527 I net.osmand:native: Start point was found 23133298227 [Native]
06-28 13:43:01.890 29061 31527 I net.osmand:native: End point was found 14392021889 [Native]
06-28 13:43:02.308 29061 29061 I net.osmand: RoutingHelper Recalculate route, because correlation  : 187162.84449464493
06-28 13:43:02.323 29061 29061 I net.osmand: RoutingHelper Recalculate route, because correlation  : 187162.84449464493
06-28 13:43:02.323 29061 29061 I net.osmand: RoutingHelper Recalculate route, because wrong movement direction: 187162.84
06-28 13:43:03.059 31528 31528 D AndroidRuntime: >>>>>> START com.android.internal.os.RuntimeInit uid 2000 <<<<<<
06-28 13:43:03.070 31528 31528 W app_process: Could not reserve sentinel fault page
06-28 13:43:03.239 31528 31528 W app_process: Unexpected CPU variant for X86 using defaults: x86
06-28 13:43:03.242 31528 31528 I app_process: The ClassLoaderContext is a special shared library.
06-28 13:43:03.308 29061 29061 I net.osmand: RoutingHelper Recalculate route, because correlation  : 187162.84449464493
06-28 13:43:03.313 29061 29061 I net.osmand: RoutingHelper Recalculate route, because correlation  : 187162.84449464493
06-28 13:43:03.313 29061 29061 I net.osmand: RoutingHelper Recalculate route, because wrong movement direction: 187162.84
06-28 13:43:03.340 31528 31528 D AndroidRuntime: Calling main entry com.android.commands.monkey.Monkey
06-28 13:43:03.343 31528 31528 W Monkey  : args: [-p, net.osmand, -c, android.intent.category.LAUNCHER, 1]
06-28 13:43:03.344 31528 31528 W Monkey  :  arg: "-p"
06-28 13:43:03.346 31528 31528 W Monkey  :  arg: "net.osmand"
06-28 13:43:03.348 31528 31528 W Monkey  :  arg: "-c"
06-28 13:43:03.349 31528 31528 W Monkey  :  arg: "android.intent.category.LAUNCHER"
06-28 13:43:03.350 31528 31528 W Monkey  :  arg: "1"
06-28 13:43:03.351 31528 31528 W Monkey  : data="net.osmand"
06-28 13:43:03.355 31528 31528 W Monkey  : data="android.intent.category.LAUNCHER"
06-28 13:43:03.413  1603  1617 W BroadcastQueue: Skipping deliver [background] BroadcastRecord{d37c122 u-1 android.net.conn.CONNECTIVITY_CHANGE} to ReceiverList{fe1c7b3 31528 (unknown name)/2000/u-1 remote:6351904}: process gone or crashing
06-28 13:43:03.478  1603  1735 I ActivityManager: START u0 {act=android.intent.action.MAIN cat=[android.intent.category.LAUNCHER] flg=0x10200000 cmp=net.osmand/.plus.activities.MapActivity} from uid 2000
06-28 13:43:03.479  1603  1735 W Binder  : Outgoing transactions from this process must be FLAG_ONEWAY
06-28 13:43:03.479  1603  1735 W Binder  : java.lang.Throwable
06-28 13:43:03.479  1603  1735 W Binder  : 	at android.os.BinderProxy.transact(Binder.java:752)
06-28 13:43:03.479  1603  1735 W Binder  : 	at android.app.IActivityController$Stub$Proxy.activityStarting(IActivityController.java:172)
06-28 13:43:03.479  1603  1735 W Binder  : 	at com.android.server.am.ActivityStarter.startActivity(ActivityStarter.java:449)
06-28 13:43:03.479  1603  1735 W Binder  : 	at com.android.server.am.ActivityStarter.startActivityLocked(ActivityStarter.java:278)
06-28 13:43:03.479  1603  1735 W Binder  : 	at com.android.server.am.ActivityStarter.startActivityMayWait(ActivityStarter.java:817)
06-28 13:43:03.479  1603  1735 W Binder  : 	at com.android.server.am.ActivityManagerService.startActivityAsUser(ActivityManagerService.java:4532)
06-28 13:43:03.479  1603  1735 W Binder  : 	at com.android.server.am.ActivityManagerService.startActivity(ActivityManagerService.java:4519)
06-28 13:43:03.479  1603  1735 W Binder  : 	at android.app.IActivityManager$Stub.onTransact(IActivityManager.java:121)
06-28 13:43:03.479  1603  1735 W Binder  : 	at com.android.server.am.ActivityManagerService.onTransact(ActivityManagerService.java:2919)
06-28 13:43:03.479  1603  1735 W Binder  : 	at android.os.Binder.execTransact(Binder.java:697)
06-28 13:43:03.501 31528 31528 I Monkey  : Events injected: 1
06-28 13:43:03.563 22551 22593 D EGL_emulation: eglMakeCurrent: 0xa6785780: ver 2 0 (tinfo 0xa6783330)
06-28 13:43:03.590 31528 31528 I Monkey  : ## Network stats: elapsed time=74ms (0ms mobile, 0ms wifi, 74ms not connected)
06-28 13:43:03.623 31528 31528 I com.android.commands.monkey: System.exit called, status: 0
06-28 13:43:03.623 31528 31528 I AndroidRuntime: VM exiting with result code 0.
06-28 13:43:03.633  2548  2598 D EGL_emulation: eglMakeCurrent: 0xa6785780: ver 2 0 (tinfo 0xa6783370)
06-28 13:43:03.651  1708  1926 D EGL_emulation: eglMakeCurrent: 0x9268e860: ver 2 0 (tinfo 0x92690770)
06-28 13:43:03.709  1603  1618 W Looper  : Dispatch took 110ms on android.ui, h=Handler (com.android.server.policy.PhoneWindowManager$PolicyHandler) {f76a93d} cb=android.database.ContentObserver$NotificationRunnable@f34849c msg=0
06-28 13:43:03.745 29061 29061 D InAppPurchaseHelper: Destroying helper.
06-28 13:43:03.887 29061 29061 D net.osmand: Enable sensor
06-28 13:43:03.905  1708  1926 D EGL_emulation: eglMakeCurrent: 0x9268e860: ver 2 0 (tinfo 0x92690770)
06-28 13:43:03.917  1603  5561 I GnssLocationProvider: WakeLock acquired by sendMessage(SET_REQUEST, 0, com.android.server.location.GnssLocationProvider$GpsRequest@a534e88)
06-28 13:43:03.918  1603  1603 W NotificationService: Removed summary didn't match old notification: old=0|net.osmand|100|null|10104, removed=0|net.osmand|100|null|10104
06-28 13:43:03.919  1603  1616 I GnssLocationProvider: WakeLock released by handleMessage(SET_REQUEST, 0, com.android.server.location.GnssLocationProvider$GpsRequest@a534e88)
06-28 13:43:03.942 29061 29061 W System.err: OnCreate for MapActivity took 196 ms
06-28 13:43:03.943  1708  1926 D EGL_emulation: eglMakeCurrent: 0x9268e860: ver 2 0 (tinfo 0x92690770)
06-28 13:43:03.981 29061 29061 W ResourceType: For resource 0x7f0e013b, entry index(315) is beyond type entryCount(142)
06-28 13:43:03.983 29061 29061 I chatty  : uid=10104(net.osmand) identical 4 lines
06-28 13:43:03.984 29061 29061 W ResourceType: For resource 0x7f0e013b, entry index(315) is beyond type entryCount(142)
06-28 13:43:03.987  1401  1401 D gralloc_ranchu: gralloc_alloc: Creating ashmem region of size 8298496
06-28 13:43:03.984 29061 29061 W ResourceType: For resource 0x7f0e013b, entry index(315) is beyond type entryCount(142)
06-28 13:43:04.071 29061 29061 I chatty  : uid=10104(net.osmand) identical 62 lines
06-28 13:43:04.072 29061 29061 W ResourceType: For resource 0x7f0e013b, entry index(315) is beyond type entryCount(142)
06-28 13:43:04.097  1412  1466 E SurfaceFlinger: Permission Denial: can't openGlobalTransaction pid=29061, uid<=10104
06-28 13:43:04.098 29061 29061 E BpSurfaceComposerClient: Failed to transact (-1)
06-28 13:43:04.108  1412  1699 E SurfaceFlinger: Permission Denial: can't openGlobalTransaction pid=29061, uid<=10104
06-28 13:43:04.109 29061 29061 E BpSurfaceComposerClient: Failed to transact (-1)
06-28 13:43:04.116 29061 29102 D EGL_emulation: eglMakeCurrent: 0xa6785600: ver 2 0 (tinfo 0xa6783370)
06-28 13:43:04.139  1401  1401 D gralloc_ranchu: gralloc_alloc: Creating ashmem region of size 8298496
06-28 13:43:04.166  1603  5561 I WifiService: acquireWifiLock uid=10014 lockMode=2
06-28 13:43:04.210 19546 19546 I GeofencerStateMachine: sendNewLocationAvailability: availability=LocationAvailability[isLocationAvailable: true]
06-28 13:43:04.241  1401  1401 D gralloc_ranchu: gralloc_alloc: Creating ashmem region of size 3878912
06-28 13:43:04.374  1401  1401 D gralloc_ranchu: gralloc_alloc: Creating ashmem region of size 8298496
06-28 13:43:04.497 29061 29061 I net.osmand: TTSCommandPlayerImpl Send message to pebble sinal g p s recuperado 
06-28 13:43:04.497 29061 29061 D net.osmand: AbstractPrologCommandPlayer requestAudioFocus
06-28 13:43:04.497 29061 29061 W AudioManager: Use of stream types is deprecated for operations other than volume control
06-28 13:43:04.497 29061 29061 W AudioManager: See the documentation of requestAudioFocus() for what to use instead with android.media.AudioAttributes to qualify your playback use case
06-28 13:43:04.499  1603  5561 I MediaFocusControl: requestAudioFocus() from uid/pid 10104/29061 clientId=android.media.AudioManager@e0b46a6net.osmand.plus.api.AudioFocusHelperImpl@1bf2ef callingPack=net.osmand req=3 flags=0x0 sdk=26
06-28 13:43:04.502 29061 29061 D net.osmand: TTSCommandPlayerImpl ttsRequests=1
06-28 13:43:04.525 12744 29258 I TTS.GoogleTTSServiceImp: Synthesis request for locale por-BRA and name pt-BR-language
06-28 13:43:04.527 12744 29258 I TTS.GoogleTTSServiceImp: TTS dispatch: pt-br-x-afs-lstm-embedded
06-28 13:43:04.555 29061 29061 I net.osmand: RoutingHelper Recalculate route, because correlation  : 187162.84449464493
06-28 13:43:04.555 29061 29061 I net.osmand: RoutingHelper Recalculate route, because wrong movement direction: 187162.84
06-28 13:43:04.583  1401  1401 D gralloc_ranchu: gralloc_alloc: Creating ashmem region of size 3878912
06-28 13:43:04.602 12744 29259 D AudioTrack: Client defaulted notificationFrames to 1365 for frameCount 4096
06-28 13:43:04.613  1603  5561 V MediaRouterService: restoreBluetoothA2dp(false)
06-28 13:43:04.624  1393  3231 W audio_hw_generic: Not supplying enough data to HAL, expected position 140406731 , only wrote 140406480
06-28 13:43:04.689 29061 29061 I net.osmand: RoutingHelper Recalculate route, because correlation  : 187162.84449464493
06-28 13:43:04.716  1401  1401 D gralloc_ranchu: gralloc_alloc: Creating ashmem region of size 3878912
06-28 13:43:04.788  1708  1926 D EGL_emulation: eglMakeCurrent: 0x9268e860: ver 2 0 (tinfo 0x92690770)
06-28 13:43:04.843  1708  1926 D EGL_emulation: eglMakeCurrent: 0x9268e860: ver 2 0 (tinfo 0x92690770)
06-28 13:43:04.934  1412  1412 W SurfaceFlinger: couldn't log to binary event log: overflow.
06-28 13:43:04.935  1412  1412 W SurfaceFlinger: couldn't log to binary event log: overflow.
06-28 13:43:04.995 22551 30053 I PBSessionCacheImpl: Deleted sessionId[6887565111351] from persistence.
06-28 13:43:05.038  1603  1735 I WifiService: getWifiEnabledState uid=10032
06-28 13:43:05.080  1708  1926 D EGL_emulation: eglMakeCurrent: 0x9268e860: ver 2 0 (tinfo 0x92690770)
06-28 13:43:05.096  1708  1926 D EGL_emulation: eglMakeCurrent: 0x9268e860: ver 2 0 (tinfo 0x92690770)
06-28 13:43:05.109 22551 22596 W SearchServiceCore: Abort, client detached.
06-28 13:43:05.197  1708  1926 D EGL_emulation: eglMakeCurrent: 0x9268e860: ver 2 0 (tinfo 0x92690770)
06-28 13:43:05.207  1708  1926 I chatty  : uid=10029(com.android.systemui) RenderThread identical 1 line
06-28 13:43:05.270  1708  1926 D EGL_emulation: eglMakeCurrent: 0x9268e860: ver 2 0 (tinfo 0x92690770)
06-28 13:43:05.293 29061 29089 I net.osmand: MapRenderRepositories RENDER MAP: update due to tile box
06-28 13:43:05.293 29061 29089 I net.osmand: MapRenderRepositories RENDER MAP: Interrupt rendering map
06-28 13:43:05.345 29061 29061 I net.osmand: RoutingHelper Recalculate route, because correlation  : 187162.84449464493
06-28 13:43:05.370 29061 29061 I net.osmand: RoutingHelper Recalculate route, because correlation  : 187162.84449464493
06-28 13:43:05.371 29061 29061 I net.osmand: RoutingHelper Recalculate route, because wrong movement direction: 187162.84
06-28 13:43:05.571 29061 29089 I net.osmand: MapRenderRepositories RENDER MAP: update due to tile box
06-28 13:43:05.571 29061 29089 I net.osmand: MapRenderRepositories RENDER MAP: Interrupt rendering map
06-28 13:43:06.026 29061 29088 I net.osmand: MapRenderRepositories RENDER MAP: new request RotatedTileBox [lat=-7.2195149999999995, lon=-35.88448166666667, rotate=22.145784, density=2.625, zoom=17, mapDensity=2.625, zoomAnimation=0.0, zoomFloatPart=0.0, cx=900, cy=1345, pixWidth=1800, pixHeight=2690]
06-28 13:43:06.149 29061 29088 I net.osmand:native: Route objects 437
06-28 13:43:06.149 29061 29088 I net.osmand:native: Ocean: no completed & incompleted coastlines 0
06-28 13:43:06.149 29061 29088 I net.osmand:native: Detailed coastlines = 0, basemap coastlines 0, ocean tile 0.000000. Detailed added 0, basemap processed 1, basemap added 0.
06-28 13:43:06.150 29061 29088 I net.osmand:native: Search : tree - read( 580), accept( 63), objs - visit( 3477), accept(468), in result(437) 
06-28 13:43:06.150 29061 29088 I net.osmand: MapRenderRepositories BLat=-7.226594090461731, TLat=-7.212450385093689, LLong=-35.88996124267578, RLong=-35.878997802734375, zoom=17
06-28 13:43:06.151 29061 29088 I net.osmand: MapRenderRepositories Native search: 125 ms 
06-28 13:43:06.151 29061 29088 W net.osmand: MapRenderRepositories Create new image ? 1800 != 2990 (w) 2690 != 1620 (h) 
06-28 13:43:06.158 29061 29088 I net.osmand:native: Creating SkBitmap in native w:1800 h:2690 s:7200 f:1!
06-28 13:43:06.158 29061 29088 I net.osmand:native: Row bytes for RGBA_8888 is 7200
06-28 13:43:06.158 29061 29088 I net.osmand:native: Locked 19368000 bytes at 0x7f800000
06-28 13:43:06.158 29061 29088 I net.osmand:native: Initializing rendering
06-28 13:43:06.159 29061 29088 I net.osmand:native: Rendering image
06-28 13:43:06.326 29061 29061 I net.osmand: RoutingHelper Recalculate route, because correlation  : 187162.84449464493
06-28 13:43:06.435 29061 29061 I net.osmand: RoutingHelper Recalculate route, because correlation  : 187162.84449464493
06-28 13:43:06.435 29061 29061 I net.osmand: RoutingHelper Recalculate route, because wrong movement direction: 187162.84
06-28 13:43:07.304 29061 29088 I net.osmand:native: Native ok (rendering 4, text 465 ms) 
06-28 13:43:07.304 29061 29088 I net.osmand:native:  (4945 points, 1162 points inside, 677 of 914 objects visible)
06-28 13:43:07.304 29061 29088 I net.osmand:native: End Rendering image
06-28 13:43:07.314 29061 29088 I net.osmand:native: Native ok (init 1, rendering 4) 
06-28 13:43:07.320 29061 29088 I net.osmand: MapRenderRepositories true
06-28 13:43:07.329 12744 29259 D AudioTrack: stop() called with 57530 frames delivered
06-28 13:43:07.330  1603  2561 V MediaRouterService: restoreBluetoothA2dp(false)
06-28 13:43:07.336 29061 29103 D net.osmand: AbstractPrologCommandPlayer abandonAudioFocus
06-28 13:43:07.336  1603  5561 D WificondControl: Scan result ready event
06-28 13:43:07.337  1603  2561 I MediaFocusControl: abandonAudioFocus() from uid/pid 10104/29061 clientId=android.media.AudioManager@e0b46a6net.osmand.plus.api.AudioFocusHelperImpl@1bf2ef
06-28 13:43:07.338 29061 29103 D net.osmand: TTSCommandPlayerImpl ttsRequests=0
06-28 13:43:07.369 29061 29071 I zygote  : NativeAlloc concurrent copying GC freed 213780(5MB) AllocSpace objects, 11(476KB) LOS objects, 18% free, 26MB/32MB, paused 1.342ms total 1.203s
06-28 13:43:07.372 29061 29061 I net.osmand: RoutingHelper Recalculate route, because correlation  : 187162.84449464493
06-28 13:43:07.466 29061 29061 I net.osmand: RoutingHelper Recalculate route, because correlation  : 187162.84449464493
06-28 13:43:07.467 29061 29061 I net.osmand: RoutingHelper Recalculate route, because wrong movement direction: 187162.84
06-28 13:43:07.522 29061 29061 I net.osmand: RoutingHelper Recalculate route, because correlation  : 187162.84449464493
06-28 13:43:07.522 29061 29061 I net.osmand: RoutingHelper Recalculate route, because wrong movement direction: 187162.84
06-28 13:43:07.576  1603  5056 I WifiService: releaseWifiLock uid=10014
06-28 13:43:07.595 29061 29061 I net.osmand: RoutingHelper Recalculate route, because correlation  : 187162.84449464493
06-28 13:43:07.941  1393  3231 W audio_hw_generic: Not supplying enough data to HAL, expected position 140565707 , only wrote 140565600
06-28 13:43:07.942  1393  3231 W audio_hw_generic: Not supplying enough data to HAL, expected position 140565653 , only wrote 140565600
06-28 13:43:07.958  1393  3231 W audio_hw_generic: Not supplying enough data to HAL, expected position 140566372 , only wrote 140566320
06-28 13:43:08.416  1393  3231 W audio_hw_generic: Not supplying enough data to HAL, expected position 140588275 , only wrote 140587920
06-28 13:43:08.417  1393  3231 W audio_hw_generic: Not supplying enough data to HAL, expected position 140587961 , only wrote 140587920
06-28 13:43:08.432  1393  3231 W audio_hw_generic: Not supplying enough data to HAL, expected position 140588667 , only wrote 140588640
06-28 13:43:08.691 29061 29061 I net.osmand: RoutingHelper Recalculate route, because correlation  : 187162.84449464493
06-28 13:43:08.749 29061 29061 I net.osmand: RoutingHelper Recalculate route, because correlation  : 187162.84449464493
06-28 13:43:08.749 29061 29061 I net.osmand: RoutingHelper Recalculate route, because wrong movement direction: 187162.84
06-28 13:43:08.829  1603  1603 I GnssLocationProvider: WakeLock acquired by sendMessage(SUBSCRIPTION_OR_SIM_CHANGED, 0, null)
06-28 13:43:08.840  1844  1844 D MccTable: updateMccMncConfiguration mccmnc='null' fromServiceState=true
06-28 13:43:08.840  1844  1844 D MccTable: WIFI_COUNTRY_CODE set to 
06-28 13:43:08.840  1603  5561 I WifiService: WifiService trying to set country code to  with persist set to false
06-28 13:43:08.841  1603  5561 I WifiService: setCountryCode uid=1001
06-28 13:43:08.933  1603  1616 E GnssLocationProvider: no AGPS interface in set_agps_server
06-28 13:43:08.933  1603  1616 I GnssLocationProvider: WakeLock released by handleMessage(SUBSCRIPTION_OR_SIM_CHANGED, 0, null)
06-28 13:43:08.948  1844  1844 D ServiceStateProvider: subId=1
06-28 13:43:09.045  1603  1603 I Telecom : CallLogManager: Country ISO changed. Retrieving new ISO...: CLM.oCD@DhM
06-28 13:43:09.068  1844  1844 I Telephony: PstnIncomingCallNotifier: Unregistering: Handler (com.android.internal.telephony.GsmCdmaPhone) {438750e}
06-28 13:43:09.086  1603  1681 I WifiService: getConnectionInfo uid=1000
06-28 13:43:09.114  1603  1674 D RecurrenceRule: Resolving using anchor 2019-06-28T17:43:09.114Z[GMT]
06-28 13:43:09.117  1603  1674 D RecurrenceRule: Resolving using anchor 2019-06-28T17:43:09.116Z[GMT]
06-28 13:43:09.119  1603  1674 D RecurrenceRule: Cycle 17 from 2019-06-09T00:00Z[GMT] to 2019-07-09T00:00Z[GMT]
06-28 13:43:09.119  1603  1674 D NetworkStats: Resolving plan for NetworkTemplate: matchRule=MOBILE_ALL, subscriberId=310260..., matchSubscriberIds=[310260...]
06-28 13:43:09.124  1603  1674 D NetworkStats: Found active matching subId 1
06-28 13:43:09.134  1603  5561 I Telecom : PhoneAccountRegistrar: Modify account: [ComponentInfo{com.android.phone/com.android.services.telephony.TelephonyConnectionService}, [****], UserHandle{0}(lbl:  -> Android)(desc:  -> Android)]: TSI.rPA@DhQ
06-28 13:43:09.135  1603  1674 D NetworkStats: Resolved to plan null
06-28 13:43:09.137  1844  1844 I Telephony: AccountEntry: Registered phoneAccount: [[ ] PhoneAccount: ComponentInfo{com.android.phone/com.android.services.telephony.TelephonyConnectionService}, [****], UserHandle{0} Capabilities: CallProvider MultiUser PlaceEmerg SimSub  Audio Routes: BESW Schemes: tel voicemail  Extras: Bundle[{android.telecom.extra.SUPPORTS_VIDEO_CALLING_FALLBACK=true}] GroupId: [****]] with handle: ComponentInfo{com.android.phone/com.android.services.telephony.TelephonyConnectionService}, [****], UserHandle{0}
06-28 13:43:09.137  1844  1844 I Telephony: PstnIncomingCallNotifier: Registering: Handler (com.android.internal.telephony.GsmCdmaPhone) {438750e}
06-28 13:43:09.238  1844  1844 D TelephonyProvider: subIdString = 1 subId = 1
06-28 13:43:09.267  1844  1844 D TelephonyProvider: subIdString = 1 subId = 1
06-28 13:43:09.280 29061 29061 I net.osmand: RoutingHelper Recalculate route, because correlation  : 187162.63506322898
06-28 13:43:09.297 29061 29061 I net.osmand: RoutingHelper Recalculate route, because correlation  : 187162.63506322898
06-28 13:43:09.297  1844  1844 D TelephonyProvider: subIdString = 1 subId = 1
06-28 13:43:09.297 29061 29061 I net.osmand: RoutingHelper Recalculate route, because wrong movement direction: 187162.64
06-28 13:43:09.324  1844  1844 D TelephonyProvider: subIdString = 1 subId = 1
06-28 13:43:09.333  1844  1844 I chatty  : uid=1001(radio) com.android.phone identical 1 line
06-28 13:43:09.352  1844  1844 D TelephonyProvider: subIdString = 1 subId = 1
06-28 13:43:09.360 29061 29061 I net.osmand: RoutingHelper Recalculate route, because correlation  : 187162.63506322898
06-28 13:43:09.361 29061 29061 I net.osmand: RoutingHelper Recalculate route, because wrong movement direction: 187162.64
06-28 13:43:09.396  1844  1844 D TelephonyProvider: subIdString = 1 subId = 1
06-28 13:43:09.400 29061 29061 I net.osmand: RoutingHelper Recalculate route, because correlation  : 187162.63506322898
06-28 13:43:09.434  1844  1844 D TelephonyProvider: subIdString = 1 subId = 1
06-28 13:43:09.495  1844  1844 I Telephony: PstnPhoneCapabilitiesNotifier: handleVideoCapabilitesChanged. Video capability - false
06-28 13:43:09.545  1603  5561 I Telecom : PhoneAccountRegistrar: Modify account: [ComponentInfo{com.android.phone/com.android.services.telephony.TelephonyConnectionService}, [****], UserHandle{0}]: TSI.rPA@Dhc
06-28 13:43:09.455  1844  1844 D TelephonyProvider: subIdString = 1 subId = 1
06-28 13:43:09.918  1603  1612 I zygote  : Background concurrent copying GC freed 87887(5MB) AllocSpace objects, 40(1504KB) LOS objects, 19% free, 24MB/30MB, paused 2.082ms total 775.164ms
06-28 13:43:10.195 19546 31478 I Places  : ?: PlacesBleScanner stop()
06-28 13:43:10.195 19546 19546 I BeaconBle: Scan : No clients left, canceling alarm.
06-28 13:43:10.197 19546 19546 I BeaconBle: Scan canceled successfully.
06-28 13:43:10.214 19546 31478 I PlaceInferenceEngine: [anon] Changed inference mode: 0
06-28 13:43:10.214 19546 31478 I PlaceInferenceEngine: [account#1066226748] Changed inference mode: 0
06-28 13:43:10.325 19546 19546 I GeofencerStateMachine: removeGeofences: removeRequest=RemoveGeofencingRequest[REMOVE_BY_PENDING_INTENT pendingIntent=PendingIntent[creatorPackage=com.google.android.gms], packageName=com.google.android.gms]
06-28 13:43:10.334 29061 29061 I net.osmand: RoutingHelper Recalculate route, because correlation  : 187162.63506322898
06-28 13:43:10.340  1393  1565 W audio_hw_generic: Not supplying enough data to HAL, expected position 140771102 , only wrote 140680080
06-28 13:43:10.368 29061 29061 I net.osmand: RoutingHelper Recalculate route, because correlation  : 187162.63506322898
06-28 13:43:10.368 29061 29061 I net.osmand: RoutingHelper Recalculate route, because wrong movement direction: 187162.64
06-28 13:43:10.481 19546 19558 W MessageQueue: Handler (aeyl) {d2a6a6} sending message to a Handler on a dead thread
06-28 13:43:10.481 19546 19558 W MessageQueue: java.lang.IllegalStateException: Handler (aeyl) {d2a6a6} sending message to a Handler on a dead thread
06-28 13:43:10.481 19546 19558 W MessageQueue: 	at android.os.MessageQueue.enqueueMessage(MessageQueue.java:545)
06-28 13:43:10.481 19546 19558 W MessageQueue: 	at android.os.Handler.enqueueMessage(Handler.java:662)
06-28 13:43:10.481 19546 19558 W MessageQueue: 	at android.os.Handler.sendMessageAtTime(Handler.java:631)
06-28 13:43:10.481 19546 19558 W MessageQueue: 	at aeyl.sendMessageAtTime(Unknown Source:3)
06-28 13:43:10.481 19546 19558 W MessageQueue: 	at android.os.Handler.sendMessageDelayed(Handler.java:601)
06-28 13:43:10.481 19546 19558 W MessageQueue: 	at android.os.Handler.post(Handler.java:357)
06-28 13:43:10.481 19546 19558 W MessageQueue: 	at bcln.execute(Unknown Source:2)
06-28 13:43:10.481 19546 19558 W MessageQueue: 	at aanh.execute(Unknown Source:9)
06-28 13:43:10.481 19546 19558 W MessageQueue: 	at avft.a(:com.google.android.gms@17785022@17.7.85 (040700-253824076):3)
06-28 13:43:10.481 19546 19558 W MessageQueue: 	at avgk.a(:com.google.android.gms@17785022@17.7.85 (040700-253824076):8)
06-28 13:43:10.481 19546 19558 W MessageQueue: 	at avgn.a(:com.google.android.gms@17785022@17.7.85 (040700-253824076):43)
06-28 13:43:10.481 19546 19558 W MessageQueue: 	at avgj.a(:com.google.android.gms@17785022@17.7.85 (040700-253824076):2)
06-28 13:43:10.481 19546 19558 W MessageQueue: 	at rpj.a(:com.google.android.gms@17785022@17.7.85 (040700-253824076):3)
06-28 13:43:10.481 19546 19558 W MessageQueue: 	at rpj.a(:com.google.android.gms@17785022@17.7.85 (040700-253824076):2)
06-28 13:43:10.481 19546 19558 W MessageQueue: 	at agos.a(Unknown Source:2)
06-28 13:43:10.481 19546 19558 W MessageQueue: 	at rnt.a(Unknown Source:11)
06-28 13:43:10.481 19546 19558 W MessageQueue: 	at aamg.a(:com.google.android.gms@17785022@17.7.85 (040700-253824076):1)
06-28 13:43:10.481 19546 19558 W MessageQueue: 	at cwm.onTransact(:com.google.android.gms@17785022@17.7.85 (040700-253824076):4)
06-28 13:43:10.481 19546 19558 W MessageQueue: 	at android.os.Binder.execTransact(Binder.java:697)
06-28 13:43:10.849 29061 29061 I net.osmand: RoutingHelper Recalculate route, because correlation  : 187162.42564491846
06-28 13:43:10.851 29061 29061 I net.osmand: RoutingHelper Recalculate route, because correlation  : 187162.42564491846
06-28 13:43:10.851 29061 29061 I net.osmand: RoutingHelper Recalculate route, because wrong movement direction: 187162.42
06-28 13:43:11.310 29061 29061 I net.osmand: RoutingHelper Recalculate route, because correlation  : 187162.42564491846
06-28 13:43:11.328 29061 29071 I zygote  : Background concurrent copying GC freed 366996(8MB) AllocSpace objects, 0(0B) LOS objects, 18% free, 27MB/33MB, paused 15.756ms total 913.836ms
06-28 13:43:11.332 29061 29061 I net.osmand: RoutingHelper Recalculate route, because correlation  : 187162.42564491846
06-28 13:43:11.333 29061 29061 I net.osmand: RoutingHelper Recalculate route, because wrong movement direction: 187162.42
06-28 13:43:12.188 29061 29061 I net.osmand: RoutingHelper Recalculate route, because correlation  : 187161.99582763287
06-28 13:43:12.190 29061 29061 I net.osmand: RoutingHelper Recalculate route, because correlation  : 187161.99582763287
06-28 13:43:12.190 29061 29061 I net.osmand: RoutingHelper Recalculate route, because wrong movement direction: 187162.0
06-28 13:43:12.361 29061 29061 I net.osmand: RoutingHelper Recalculate route, because correlation  : 187161.99582763287
06-28 13:43:12.369 29061 29061 I net.osmand: RoutingHelper Recalculate route, because correlation  : 187161.99582763287
06-28 13:43:12.369 29061 29061 I net.osmand: RoutingHelper Recalculate route, because wrong movement direction: 187162.0
06-28 13:43:13.314 29061 29061 I net.osmand: RoutingHelper Recalculate route, because correlation  : 187161.99582763287
06-28 13:43:13.334 29061 29061 I net.osmand: RoutingHelper Recalculate route, because correlation  : 187161.99582763287
06-28 13:43:13.334 29061 29061 I net.osmand: RoutingHelper Recalculate route, because wrong movement direction: 187162.0
06-28 13:43:13.647 29061 29061 I net.osmand: RoutingHelper Recalculate route, because correlation  : 187161.78643435804
06-28 13:43:13.683 29061 29061 I net.osmand: RoutingHelper Recalculate route, because correlation  : 187161.78643435804
06-28 13:43:13.684 29061 29061 I net.osmand: RoutingHelper Recalculate route, because wrong movement direction: 187161.78
06-28 13:43:14.130 29061 29071 I zygote  : Background concurrent copying GC freed 400694(8MB) AllocSpace objects, 0(0B) LOS objects, 19% free, 24MB/30MB, paused 1.155ms total 447.786ms
06-28 13:43:14.327 29061 29061 I net.osmand: RoutingHelper Recalculate route, because correlation  : 187161.78643435804
06-28 13:43:14.330 29061 29061 I net.osmand: RoutingHelper Recalculate route, because correlation  : 187161.78643435804
06-28 13:43:14.330 29061 29061 I net.osmand: RoutingHelper Recalculate route, because wrong movement direction: 187161.78
06-28 13:43:14.977 29061 29061 I net.osmand: RoutingHelper Recalculate route, because correlation  : 187161.57705419033
06-28 13:43:14.985 29061 29061 I net.osmand: RoutingHelper Recalculate route, because correlation  : 187161.57705419033
06-28 13:43:14.985 29061 29061 I net.osmand: RoutingHelper Recalculate route, because wrong movement direction: 187161.58
06-28 13:43:15.220  1603  1616 E memtrack: Couldn't load memtrack module
06-28 13:43:15.221  1603  1616 W android.os.Debug: failed to get memory consumption info: -1
06-28 13:43:15.229 19546 19546 I BeaconBle: Scan : No clients left, canceling alarm.
06-28 13:43:15.325  1603  1616 E memtrack: Couldn't load memtrack module
06-28 13:43:15.325  1603  1616 W android.os.Debug: failed to get memory consumption info: -1
06-28 13:43:15.398 29061 29061 I net.osmand: RoutingHelper Recalculate route, because correlation  : 187161.57705419033
06-28 13:43:15.398 29061 29061 I net.osmand: RoutingHelper Recalculate route, because wrong movement direction: 187161.58
06-28 13:43:15.419 29061 29061 I net.osmand: RoutingHelper Recalculate route, because correlation  : 187161.57705419033
06-28 13:43:16.059 22551 22596 I WorkerManager: dispose()
06-28 13:43:16.060 22551 22596 W ThreadPoolDumper: Queue length for executor EventBus is now 11. Perhaps some tasks are too long, or the pool is too small.
06-28 13:43:16.345 29061 29061 I net.osmand: RoutingHelper Recalculate route, because correlation  : 187161.57705419033
06-28 13:43:16.346 29061 29061 I net.osmand: RoutingHelper Recalculate route, because wrong movement direction: 187161.58
06-28 13:43:16.391 29061 29061 I net.osmand: RoutingHelper Recalculate route, because correlation  : 187161.57705419033
06-28 13:43:16.507 29061 29061 I net.osmand: RoutingHelper Recalculate route, because correlation  : 187161.14727162183
06-28 13:43:16.513 29061 29061 I net.osmand: RoutingHelper Recalculate route, because correlation  : 187161.14727162183
06-28 13:43:16.514 29061 29061 I net.osmand: RoutingHelper Recalculate route, because wrong movement direction: 187161.14
06-28 13:43:16.925 29061 29071 I zygote  : Background concurrent copying GC freed 287938(6MB) AllocSpace objects, 0(0B) LOS objects, 19% free, 24MB/30MB, paused 3.217ms total 479.544ms
06-28 13:43:17.334 29061 29061 I net.osmand: RoutingHelper Recalculate route, because correlation  : 187161.14727162183
06-28 13:43:17.376 29061 29061 I net.osmand: RoutingHelper Recalculate route, because correlation  : 187161.14727162183
06-28 13:43:17.376 29061 29061 I net.osmand: RoutingHelper Recalculate route, because wrong movement direction: 187161.14
06-28 13:43:17.710 29061 31527 W net.osmand:native: [Native] Result visited (visited roads 15497, visited segments 23066 / 7199 , queue sizes 4650 / 230 ) 
06-28 13:43:17.710 29061 31527 W net.osmand:native: [Native] Result timing (time to load 0, time to calc 15819, loaded tiles 180) 
06-28 13:43:17.710 29061 31527 W net.osmand:native: [Native] Memory occupied (Routing context 7784 Kb, search 511 Kb)
06-28 13:43:17.777 29061 31527 I net.osmand:native: Routing calculated time distance 146043.328125
06-28 13:43:17.986 29061 29061 I net.osmand: RoutingHelper Recalculate route, because correlation  : 187160.9379164902
06-28 13:43:17.997 29061 29061 I net.osmand: RoutingHelper Recalculate route, because correlation  : 187160.9379164902
06-28 13:43:17.997 29061 29061 I net.osmand: RoutingHelper Recalculate route, because wrong movement direction: 187160.94
06-28 13:43:18.670 29061 29061 I net.osmand: RoutingHelper Recalculate route, because correlation  : 187160.9379164902
