--------- beginning of main
06-29 17:14:12.181  2145 13096 W GAv4-SVC: Network compressed POST connection error: java.net.ConnectException: Failed to connect to ssl.google-analytics.com/2800:3f0:4001:810::2008:443
--------- beginning of system
06-29 17:14:13.562  1587  2039 I ActivityManager: START u0 {act=android.intent.action.MAIN cat=[android.intent.category.HOME] flg=0x10000000 cmp=com.google.android.apps.nexuslauncher/.NexusLauncherActivity} from uid 2000
06-29 17:14:13.591  7562  7562 D net.osmand: Disable sensor
06-29 17:14:13.594  1398  1434 D gralloc_ranchu: gralloc_alloc: Creating ashmem region of size 8298496
06-29 17:14:13.640  1398  1434 I chatty  : uid=1000(system) HwBinder:1398_2 identical 1 line
06-29 17:14:13.688  1398  1434 D gralloc_ranchu: gralloc_alloc: Creating ashmem region of size 8298496
06-29 17:14:13.732  7562  7562 I net.osmand: MapRenderRepositories RENDER MAP: Interrupt rendering map
06-29 17:14:13.776  1409  1409 D SurfaceFlinger: duplicate layer name: changing com.google.android.apps.nexuslauncher/com.google.android.apps.nexuslauncher.NexusLauncherActivity to com.google.android.apps.nexuslauncher/com.google.android.apps.nexuslauncher.NexusLauncherActivity#1
06-29 17:14:13.810  1398  1434 D gralloc_ranchu: gralloc_alloc: Creating ashmem region of size 8298496
06-29 17:14:13.850  1398  1398 D gralloc_ranchu: gralloc_alloc: Creating ashmem region of size 8298496
06-29 17:14:13.891  1398  1434 D gralloc_ranchu: gralloc_alloc: Creating ashmem region of size 8298496
06-29 17:14:13.928  7562  7599 D EGL_emulation: eglMakeCurrent: 0x939b6b60: ver 2 0 (tinfo 0xa86f19b0)
06-29 17:14:13.931  2796  2865 D EGL_emulation: eglMakeCurrent: 0xa8705a80: ver 2 0 (tinfo 0xa8703490)
06-29 17:14:14.068  2796  2796 W ThreadPoolDumper: Queue length for executor EventBus is now 11. Perhaps some tasks are too long, or the pool is too small.
06-29 17:14:14.126  2437  2503 D EGL_emulation: eglMakeCurrent: 0x95e7fdc0: ver 2 0 (tinfo 0x95cedb60)
06-29 17:14:14.255  1398  1434 D gralloc_ranchu: gralloc_alloc: Creating ashmem region of size 8298496
06-29 17:14:14.270  2437  2448 I zygote  : NativeAlloc concurrent copying GC freed 5369(310KB) AllocSpace objects, 0(0B) LOS objects, 49% free, 4MB/9MB, paused 1.640ms total 470.613ms
06-29 17:14:14.315  1409  1409 E EGL_emulation: tid 1409: eglCreateSyncKHR(1962): error 0x3004 (EGL_BAD_ATTRIBUTE)
06-29 17:14:14.392  2796  2846 W SessionLifecycleManager: Handover failed. Creating new session controller.
06-29 17:14:14.415  1698  5599 D         : HostConnection::get() New Host Connection established 0x8e97c3c0, tid 5599
06-29 17:14:14.486  1698  1926 D EGL_emulation: eglMakeCurrent: 0x9501c8c0: ver 2 0 (tinfo 0x9501f6f0)
06-29 17:14:14.763  2437  2503 W OpenGLRenderer: Incorrectly called buildLayer on View: ShortcutAndWidgetContainer, destroying layer...
06-29 17:14:14.763  2437  2503 W OpenGLRenderer: Incorrectly called buildLayer on View: ShortcutAndWidgetContainer, destroying layer...
06-29 17:14:14.830  7562 13154 E FA      : Task exception on worker thread: java.lang.IllegalAccessError: Method 'void android.support.v4.content.ContextCompat.<init>()' is inaccessible to class 'com.google.firebase.iid.zzg' (declaration of 'com.google.firebase.iid.zzg' appears in /data/app/net.osmand-3e2027wrPNiMXbTSfYMHIA==/base.apk): com.google.android.gms.measurement.internal.zzt.zzEd(Unknown Source:3)
06-29 17:14:14.933  1698  1711 I zygote  : NativeAlloc concurrent copying GC freed 71077(2MB) AllocSpace objects, 0(0B) LOS objects, 45% free, 7MB/13MB, paused 55.477ms total 866.693ms
06-29 17:14:14.958  1698  1926 D EGL_emulation: eglMakeCurrent: 0x9501c8c0: ver 2 0 (tinfo 0x9501f6f0)
06-29 17:14:14.964  1587  2039 I WifiService: getWifiEnabledState uid=10032
06-29 17:14:15.051  1587  2166 I WifiService: getWifiEnabledState uid=10032
06-29 17:14:15.128  2796 13173 W LocationOracle: No location history returned by ContextManager
06-29 17:14:15.155  1698  1711 I zygote  : NativeAlloc concurrent copying GC freed 10586(671KB) AllocSpace objects, 0(0B) LOS objects, 48% free, 6MB/12MB, paused 1.857ms total 198.138ms
06-29 17:14:15.182  2796  2846 I MicroDetectionWorker: #startMicroDetector [speakerMode: 0]
06-29 17:14:15.184  2796  2846 W ErrorReporter: reportError [type: 211, code: 393244, bug: 0]: errorCode: 393244, engine: 0
06-29 17:14:15.185  2796  2846 I MicroDetector: Keeping mic open: false
06-29 17:14:15.185  2796  2846 I MicroDetectionWorker: #onError(false)
06-29 17:14:15.358  1587  1596 I zygote  : NativeAlloc concurrent copying GC freed 69040(4MB) AllocSpace objects, 5(100KB) LOS objects, 30% free, 13MB/19MB, paused 1.143ms total 530.774ms
06-29 17:14:15.403  1587  3390 I WifiService: getWifiEnabledState uid=10032
06-29 17:14:15.411  1587  4464 I WifiService: getWifiEnabledState uid=10032
06-29 17:14:15.411  1964  1964 I GeofencerStateMachine: removeGeofences: removeRequest=RemoveGeofencingRequest[REMOVE_BY_PENDING_INTENT pendingIntent=PendingIntent[creatorPackage=com.google.android.gms], packageName=com.google.android.gms]
06-29 17:14:15.413  1587  2039 I WifiService: isScanAlwaysAvailable uid=10032
06-29 17:14:15.419  1964  1964 I GeofencerStateMachine: removeGeofences: removeRequest=RemoveGeofencingRequest[REMOVE_BY_PENDING_INTENT pendingIntent=PendingIntent[creatorPackage=com.google.android.gms], packageName=com.google.android.gms]
06-29 17:14:15.449  2796 13162 W CDHeaderDataHandler: Invalid integer value "" in experiments IDs.
06-29 17:14:15.453  2796 13162 I zygote  : Deoptimizing void com.google.protobuf.en.a(int, java.util.List, com.google.protobuf.fy) due to JIT inline cache
06-29 17:14:15.462  2796 13168 W CDHeaderDataHandler: Invalid integer value "" in experiments IDs.
06-29 17:14:15.476  1964  1964 I GeofencerStateMachine: removeGeofences: removeRequest=RemoveGeofencingRequest[REMOVE_BY_PENDING_INTENT pendingIntent=PendingIntent[creatorPackage=com.google.android.gms], packageName=com.google.android.gms]
06-29 17:14:15.517  1964 10806 W ctxmgr  : [AclManager] No 3 for (accnt=account#1066226748#, com.google.android.gms(10014):UserVelocityProducer, vrsn=17785022, 0, 3pPkg = null ,  3pMdlId = null ,  pid = 1964). Was: 2 for 1, account#1066226748# [CONTEXT service_id=47 ]
06-29 17:14:15.531  1587  2166 I WifiService: getWifiEnabledState uid=10032
06-29 17:14:15.657  1964  1964 I GeofencerStateMachine: removeGeofences: removeRequest=RemoveGeofencingRequest[REMOVE_BY_PENDING_INTENT pendingIntent=PendingIntent[creatorPackage=com.google.android.gms], packageName=com.google.android.gms]
06-29 17:14:15.660  1964  1964 I GeofencerStateMachine: removeGeofences: removeRequest=RemoveGeofencingRequest[REMOVE_BY_PENDING_INTENT pendingIntent=PendingIntent[creatorPackage=com.google.android.gms], packageName=com.google.android.gms]
06-29 17:14:15.691  2796  2806 I zygote  : Background concurrent copying GC freed 29387(1554KB) AllocSpace objects, 0(0B) LOS objects, 40% free, 8MB/14MB, paused 907us total 159.600ms
06-29 17:14:15.702  2796  2804 W MDH     : [Footprints] Channel AccountChannelIdKey{account=Account {name=diegotabira@gmail.com, type=com.google}, channelId=# com.google.be.ag.a.m@64395734} was not closed. Closing it in finalizer.
06-29 17:14:15.706  1964 13176 I PlaceInferenceEngine: [anon] Changed inference mode: 0
06-29 17:14:15.717  1964 10806 I ctxmgr  : [ProducerStatusImpl] updateStateForNewContextData: inactive, contextName=7 [CONTEXT service_id=47 ]
06-29 17:14:15.733  1964 13176 I PlaceInferenceEngine: [account#1066226748] Changed inference mode: 0
06-29 17:14:15.944  1964 13176 I Places  : ?: PlacesBleScanner start() with priority 2
06-29 17:14:15.945  1964 13176 I PlaceInferenceEngine: [anon] Changed inference mode: 1
06-29 17:14:15.945  1964 13176 I PlaceInferenceEngine: [account#1066226748] Changed inference mode: 1
06-29 17:14:15.962  1964 13176 I Places  : Converted 1 out of 1 WiFi scans
06-29 17:14:15.962  1587  2039 I WifiService: getConnectionInfo uid=10014
06-29 17:14:15.985  1964 13176 I PlaceInferenceEngine: [account#1066226748] Changed inference mode: 1
06-29 17:14:15.985  1964 13176 I PlaceInferenceEngine: [anon] Changed inference mode: 1
06-29 17:14:16.022  1964  1964 E BeaconBle: Missing BluetoothAdapter
06-29 17:14:16.022  1964  1964 I BeaconBle: BLE 'KK+' software access layer enabled
06-29 17:14:16.051  1964  1964 I BeaconBle: Client requested scan, settings=BleSettings [scanMode=ZERO_POWER, callbackType=ALL_MATCHES, reportDelayMillis=0, 1 filters, 0 clients, callingClientName=Places]
06-29 17:14:16.052  1964  1964 I BeaconBle: Scan : No clients left, canceling alarm.
06-29 17:14:16.056  1964  1964 E BeaconBle: Scan couldn't start for Places
06-29 17:14:16.057  1964  1964 W Places  : BLE failure while scanning - code 5
06-29 17:14:16.267  1964  1974 I zygote  : Background concurrent copying GC freed 52259(2MB) AllocSpace objects, 28(1748KB) LOS objects, 36% free, 10MB/16MB, paused 929us total 157.337ms
06-29 17:14:16.378  1964 10688 I PlaceInferenceEngine: No beacon scan available - ignoring candidates.
06-29 17:14:16.414  1964 10688 I PlaceInferenceEngine: No beacon scan available - ignoring candidates.
06-29 17:14:16.438  1587  1596 I zygote  : NativeAlloc concurrent copying GC freed 5830(397KB) AllocSpace objects, 0(0B) LOS objects, 30% free, 13MB/19MB, paused 1.150ms total 135.697ms
06-29 17:14:16.886  1587  3390 I ActivityManager: Force stopping com.skgames.trafficrider appid=10081 user=0: from pid 13188
06-29 17:14:16.917  1836  1836 D CarrierSvcBindHelper: No carrier app for: 0
06-29 17:14:17.150  1587  3390 I ActivityManager: Force stopping com.EvilChaotic.ModernWarplanes appid=10082 user=0: from pid 13192
06-29 17:14:17.405  1587  2039 I ActivityManager: Force stopping com.ea.games.r3_row appid=10083 user=0: from pid 13196
06-29 17:14:17.695  1587  2039 W ActivityManager: Invalid packageName: android.media.action.IMAGE_CAPTURE
06-29 17:14:17.171  1836  1836 I chatty  : uid=1001(radio) com.android.phone identical 1 line
06-29 17:14:17.429  1836  1836 D CarrierSvcBindHelper: No carrier app for: 0
06-29 17:14:18.207  1964  1964 I GeofencerStateMachine: sendQueryLocationOptIn
06-29 17:14:18.221  1587  1610 I GnssLocationProvider: WakeLock acquired by sendMessage(ENABLE, 1, null)
06-29 17:14:18.221  1587  1610 I GnssLocationProvider: WakeLock acquired by sendMessage(SET_REQUEST, 0, com.android.server.location.GnssLocationProvider$GpsRequest@77f7bda)
06-29 17:14:18.224  1587  1611 W BroadcastQueue: Background execution not allowed: receiving Intent { act=android.location.PROVIDERS_CHANGED flg=0x10 } to com.google.android.apps.maps/com.google.android.apps.gmm.locationsharing.usr.LocationAvailabilityChecker$LocationProvidersChangedBroadcastReceiver
06-29 17:14:18.224  1587  1611 W BroadcastQueue: Background execution not allowed: receiving Intent { act=android.location.PROVIDERS_CHANGED flg=0x10 } to com.google.android.gms/com.google.android.location.internal.NlpNetworkProviderSettingsUpdateReceiver
06-29 17:14:18.224  1587  1611 W BroadcastQueue: Background execution not allowed: receiving Intent { act=android.location.PROVIDERS_CHANGED flg=0x10 } to com.google.android.gms/.chimera.GmsIntentOperationService$PersistentTrustedReceiver
06-29 17:14:18.224  1587  1587 D GpsNetInitiatedHandler: location enabled :true
06-29 17:14:18.224  1587  1611 W BroadcastQueue: Background execution not allowed: receiving Intent { act=android.location.PROVIDERS_CHANGED flg=0x10 } to com.google.android.googlequicksearchbox/com.google.android.apps.gsa.broadcastreceiver.external.ExternalCommonBroadcastReceiver
06-29 17:14:18.225  1587  1611 W BroadcastQueue: Background execution not allowed: receiving Intent { act=android.location.MODE_CHANGED flg=0x10 } to com.google.android.apps.maps/com.google.android.apps.gmm.locationsharing.usr.LocationAvailabilityChecker$LocationProvidersChangedBroadcastReceiver
06-29 17:14:18.225  1397  1397 W GnssHAL_GnssInterface: setCallback called more than once. Unexpected unless test.
06-29 17:14:18.225  1587  1611 W BroadcastQueue: Background execution not allowed: receiving Intent { act=android.location.MODE_CHANGED flg=0x10 } to com.google.android.gms/.chimera.GmsIntentOperationService$PersistentTrustedReceiver
06-29 17:14:18.225  1587  1610 D GnssLocationProvider: gnssSetSystemInfoCb: yearOfHw=2015
06-29 17:14:18.225  1587  1610 D GnssLocationProvider: gnssSetCapabilitesCb: 0u
06-29 17:14:18.225  1587  1610 D GnssLocationProvider: gnssSetSystemInfoCb: yearOfHw=2015
06-29 17:14:18.226  1587  1610 E GnssLocationProvider: Unable to initialize GNSS Xtra interface
06-29 17:14:18.226  1587  1610 E GnssLocationProvider: Unable to Initialize AGnss interface
06-29 17:14:18.229  1587  1610 E GnssLocationProvider: Unable to initialize GNSS Geofencing interface
06-29 17:14:18.229  1587  1610 E GnssLocationProvider: Unable to initialize GNSS NI interface
06-29 17:14:18.229  1587  1610 E GnssLocationProvider: no AGPS interface in set_agps_server
06-29 17:14:18.229  1587  1610 E GnssLocationProvider: Failed to initialize GNSS batching
06-29 17:14:18.229  1587  1610 I GnssLocationProvider: WakeLock released by handleMessage(ENABLE, 1, null)
06-29 17:14:18.251  1587  1610 I GnssLocationProvider: WakeLock released by handleMessage(SET_REQUEST, 0, com.android.server.location.GnssLocationProvider$GpsRequest@77f7bda)
06-29 17:14:18.319  1964 13214 I GCoreUlr: Starting service, intent=Intent { act=com.google.android.location.reporting.ACTION_UPDATE_WORLD cmp=com.google.android.gms/com.google.android.location.reporting.service.DispatchingService (has extras) }, extras=Bundle[{receiverAction=android.location.PROVIDERS_CHANGED}]
06-29 17:14:18.328  1587  3390 W ActivityManager: Unable to start service Intent { act=com.google.android.gms.nearby.discovery:ACTION_PERMISSION_CHANGE cmp=com.google.android.gms/.nearby.discovery.service.DiscoveryService } U=0: not found
06-29 17:14:18.378  1964  1964 E BluetoothAdapter: Bluetooth binder is null
06-29 17:14:18.395  1964 10688 I GCoreUlr: WorldUpdater received intent Intent { act=com.google.android.location.reporting.ACTION_UPDATE_WORLD cmp=com.google.android.gms/com.google.android.location.reporting.service.DispatchingService (has extras) } with receiverAction android.location.PROVIDERS_CHANGED
06-29 17:14:18.409  1964 10688 I GCoreUlr: WorldUpdater:android.location.PROVIDERS_CHANGED: Ensuring that reporting is stopped because of reasons: {account#8#=[InactiveReason{mIdentifier=6, mName='ReportingNotEnabled'}, InactiveReason{mIdentifier=14, mName='HistoryNotEnabled'}]}
06-29 17:14:18.421  1964 10688 I GCoreUlr: Unbound from all signal providers.
06-29 17:14:18.422  1964 13181 I GCoreUlr: Successfully accounts update
06-29 17:14:18.435  1964 10688 I GCoreUlr: DispatchingService ignoring Intent { act=android.net.wifi.WIFI_STATE_CHANGED flg=0x4000010 (has extras) } because ULR inactive
06-29 17:14:18.452  1964  1964 I GCoreUlr: Unbound from all signal providers.
06-29 17:14:18.453  1964  1964 I GCoreUlr: Stopping handler for UlrDispSvcFast
06-29 17:14:18.454  1964 10688 I GCoreUlr: Successfully accounts update
06-29 17:14:18.760  1587  1618 E SensorNotificationService: Invalid local geomagnetic field, ignore.
06-29 17:14:19.105  7562  7562 D net.osmand: RoutingHelper Processed by distance : (new) 186838.81683182155 (old) 187022.96875
06-29 17:14:19.148  1587  1679 I ActivityManager: Start proc 13227:android.process.acore/u0a2 for content provider com.android.providers.contacts/.ContactsProvider2
06-29 17:14:19.154 13227 13227 W zygote  : Unexpected CPU variant for X86 using defaults: x86
06-29 17:14:19.191  7562  7562 I net.osmand: RoutingHelper Recalculate route, because correlation  : 186838.81683182155
06-29 17:14:19.191  7562  7562 D net.osmand: AbstractPrologCommandPlayer abandonAudioFocus
06-29 17:14:19.198  7562  7562 I net.osmand: TTSCommandPlayerImpl Send message to pebble desviou-se da rota por  187 quilÃ³metros 
06-29 17:14:19.198  7562  7562 D net.osmand: AbstractPrologCommandPlayer requestAudioFocus
06-29 17:14:19.198  7562  7562 W AudioManager: Use of stream types is deprecated for operations other than volume control
06-29 17:14:19.198  7562  7562 W AudioManager: See the documentation of requestAudioFocus() for what to use instead with android.media.AudioAttributes to qualify your playback use case
06-29 17:14:19.201  1587  3390 I MediaFocusControl: requestAudioFocus() from uid/pid 10104/7562 clientId=android.media.AudioManager@33ccfa4net.osmand.plus.api.AudioFocusHelperImpl@35983d3 callingPack=net.osmand req=3 flags=0x0 sdk=26
06-29 17:14:19.204  7562  7562 D net.osmand: TTSCommandPlayerImpl ttsRequests=1
06-29 17:14:19.213  4242  7639 I TTS.GoogleTTSServiceImp: Synthesis request for locale por-BRA and name pt-BR-language
06-29 17:14:19.217  4242  7639 I TTS.GoogleTTSServiceImp: TTS dispatch: pt-br-x-afs-lstm-embedded
06-29 17:14:19.223  7562  7562 D net.osmand: DayNightHelper Sunrise/sunset setting to day: false
06-29 17:14:19.235  7562  7562 W MaterialProgressBar: Current drawable is not a MaterialProgressDrawable, you may want to set app:mpb_setBothDrawables
06-29 17:14:19.240  7562  7562 I net.osmand: RoutingHelper Recalculate route, because correlation  : 186838.81683182155
06-29 17:14:19.240  7562  7562 I net.osmand: RoutingHelper Recalculate route, because wrong movement direction: 186838.81
06-29 17:14:19.246  7562 13236 I net.osmand: RouteProvider Start finding route from Location[mProvider=gps,mTime=1561842859000,mLatitude=-7.227295,mLongitude=-35.88520833333334,mHasAltitude=true,mAltitude=0.0,mHasSpeed=false,mSpeed=0.0,mHasBearing=false,mBearing=0.0,mHasAccuracy=true,mAccuracy=20.0 to Lat -5.0433173 Lon -42.763004 using OsmAnd (offline)
06-29 17:14:19.310  7562 13236 W net.osmand: RouteProvider Use 337 MB Free 4.498337 of 32.88008 max 384.0
06-29 17:14:19.321  4242  7640 D AudioTrack: Client defaulted notificationFrames to 1365 for frameCount 4096
06-29 17:14:19.338  1587  4464 V MediaRouterService: restoreBluetoothA2dp(false)
06-29 17:14:19.342  1390  3747 W audio_hw_generic: Not supplying enough data to HAL, expected position 38535288 , only wrote 38535120
06-29 17:14:19.554  1587  4464 W ActivityManager: Slow operation: 182ms so far, now at attachApplicationLocked: before bindApplication
06-29 17:14:19.560  1587  4464 W ActivityManager: Slow operation: 188ms so far, now at attachApplicationLocked: immediately before bindApplication
06-29 17:14:19.616  1587  4464 W ActivityManager: Slow operation: 243ms so far, now at attachApplicationLocked: immediately after bindApplication
06-29 17:14:19.616  1587  4464 W ActivityManager: Slow operation: 244ms so far, now at attachApplicationLocked: after updateLruProcessLocked
06-29 17:14:19.619  1587  4464 W ActivityManager: Slow operation: 248ms so far, now at attachApplicationLocked: after mServices.attachApplicationLocked
06-29 17:14:19.623  1587  4464 W ActivityManager: Slow operation: 251ms so far, now at attachApplicationLocked: after updateOomAdjLocked
06-29 17:14:19.690 13227 13227 I zygote  : The ClassLoaderContext is a special shared library.
06-29 17:14:19.993  7562  7562 I net.osmand: RoutingHelper Recalculate route, because correlation  : 186838.81683182155
06-29 17:14:19.994  7562  7562 I net.osmand: RoutingHelper Recalculate route, because wrong movement direction: 186838.81
06-29 17:14:20.089  7562 13236 I net.osmand:native: Start point was found 1886274709 [Native]
06-29 17:14:20.093  7562  7562 I net.osmand: RoutingHelper Recalculate route, because correlation  : 186838.81683182155
06-29 17:14:20.135 13227 13227 I ContactsPerf: VoicemailContentProvider.onCreate start
06-29 17:14:20.148 13227 13227 I ContactsPerf: VoicemailContentProvider.onCreate finish
06-29 17:14:20.171 13227 13227 I zygote  : The ClassLoaderContext is a special shared library.
06-29 17:14:20.192  7562 13236 I net.osmand:native: End point was found 14392021889 [Native]
06-29 17:14:20.210  2796  2846 I MicroDetectionWorker: #startMicroDetector [speakerMode: 0]
06-29 17:14:20.221  2796  2846 W ErrorReporter: reportError [type: 211, code: 393244, bug: 0]: errorCode: 393244, engine: 0
06-29 17:14:20.222  2796  2846 I MicroDetector: Keeping mic open: false
06-29 17:14:20.222  2796  2846 I MicroDetectionWorker: #onError(false)
06-29 17:14:20.372 13227 13250 D ContactsDatabaseHelper: WAL enabled for contacts2.db: true
06-29 17:14:20.400 13227 13227 I zygote  : The ClassLoaderContext is a special shared library.
06-29 17:14:20.568  1587  2237 I WifiService: getWifiEnabledState uid=10032
06-29 17:14:20.578  1587  2237 D ConnectivityService: requestNetwork for uid/pid:10032/2796 NetworkRequest [ REQUEST id=42, [ Transports: CELLULAR Capabilities: INTERNET&NOT_RESTRICTED&TRUSTED&NOT_VPN] ]
06-29 17:14:20.581  1587  1670 D WIFI_UT : got request NetworkRequest [ REQUEST id=42, [ Transports: CELLULAR Capabilities: INTERNET&NOT_RESTRICTED&TRUSTED&NOT_VPN] ] with score 10
06-29 17:14:20.581  1587  1670 D WIFI    : got request NetworkRequest [ REQUEST id=42, [ Transports: CELLULAR Capabilities: INTERNET&NOT_RESTRICTED&TRUSTED&NOT_VPN] ] with score 10
06-29 17:14:20.581  1836  1836 D PhoneSwitcherNetworkRequstListener: got request NetworkRequest [ REQUEST id=42, [ Transports: CELLULAR Capabilities: INTERNET&NOT_RESTRICTED&TRUSTED&NOT_VPN] ] with score 10
06-29 17:14:20.686 13227 13250 I ContactLocale: AddressBook Labels [[en_US]]: [â€¦, A, B, C, D, E, F, G, H, I, J, K, L, M, N, O, P, Q, R, S, T, U, V, W, X, Y, Z, Î‘, Î’, Î“, Î”, Î•, Î–, Î—, Î˜, Î™, Îš, Î›, Îœ, Î?, Îž, ÎŸ, Î , Î¡, Î£, Î¤, Î¥, Î¦, Î§, Î¨, Î©, â€¦, Ð?, Ð‘, Ð’, Ð“, Ð”, Ð‚, Ð•, Ð„, Ð–, Ð—, Ð˜, Ð†, Ð™, Ðˆ, Ðš, Ð›, Ð‰, Ðœ, Ð?, ÐŠ, Ðž, ÐŸ, Ð , Ð¡, Ð¢, Ð‹, Ð£, Ð¤, Ð¥, Ð¦, Ð§, Ð?, Ð¨, Ð©, Ð®, Ð¯, â€¦, ×?, ×‘, ×’, ×“, ×”, ×•, ×–, ×—, ×˜, ×™, ×›, ×œ, ×ž, × , ×¡, ×¢, ×¤, ×¦, ×§, ×¨, ×©, ×ª, â€¦, Ø§, Ø¨, Øª, Ø«, Ø¬, Ø­, Ø®, Ø¯, Ø°, Ø±, Ø², Ø³, Ø´, Øµ, Ø¶, Ø·, Ø¸, Ø¹, Øº, Ù?, Ù‚, Ùƒ, Ù„, Ù…, Ù†, Ù‡, Ùˆ, ÙŠ, â€¦, à¸?, à¸‚, à¸ƒ, à¸„, à¸…, à¸†, à¸‡, à¸ˆ, à¸‰, à¸Š, à¸‹, à¸Œ, à¸?, à¸Ž, à¸?, à¸?, à¸‘, à¸’, à¸“, à¸”, à¸•, à¸–, à¸—, à¸˜, à¸™, à¸š, à¸›, à¸œ, à¸?, à¸ž, à¸Ÿ, à¸ , à¸¡, à¸¢, à¸£, à¸¤, à¸¥, à¸¦, à¸§, à¸¨, à¸©, à¸ª, à¸«, à¸¬, à¸­, à¸®, â€¦, ã„±, ã„´, ã„·, ã„¹, ã…?, ã…‚, ã……, ã…‡, ã…ˆ, ã…Š, ã…‹, ã…Œ, ã…?, ã…Ž, â€¦, ã?‚, ã?‹, ã?•, ã?Ÿ, ã?ª, ã?¯, ã?¾, ã‚„, ã‚‰, ã‚?, #, â€¦]
06-29 17:14:20.743 13227 13250 D ContactsDatabaseHelper: WAL enabled for profile.db: false
06-29 17:14:20.773  7562  7562 I net.osmand: RoutingHelper Recalculate route, because correlation  : 186838.81683182155
06-29 17:14:20.863  7562  7562 I net.osmand: RoutingHelper Recalculate route, because correlation  : 186838.81683182155
06-29 17:14:20.863  7562  7562 I net.osmand: RoutingHelper Recalculate route, because wrong movement direction: 186838.81
06-29 17:14:21.233 13245 13245 D AndroidRuntime: >>>>>> START com.android.internal.os.RuntimeInit uid 2000 <<<<<<
06-29 17:14:21.245 13245 13245 W app_process: Could not reserve sentinel fault page
06-29 17:14:21.443 13245 13245 W app_process: Unexpected CPU variant for X86 using defaults: x86
06-29 17:14:21.451 13245 13245 I app_process: The ClassLoaderContext is a special shared library.
06-29 17:14:21.531 13245 13245 D AndroidRuntime: Calling main entry com.android.commands.monkey.Monkey
06-29 17:14:21.532 13245 13245 W Monkey  : args: [-p, net.osmand, -c, android.intent.category.LAUNCHER, 1]
06-29 17:14:21.535 13245 13245 W Monkey  :  arg: "-p"
06-29 17:14:21.536 13245 13245 W Monkey  :  arg: "net.osmand"
06-29 17:14:21.539 13245 13245 W Monkey  :  arg: "-c"
06-29 17:14:21.540 13245 13245 W Monkey  :  arg: "android.intent.category.LAUNCHER"
06-29 17:14:21.541 13245 13245 W Monkey  :  arg: "1"
06-29 17:14:21.542 13245 13245 W Monkey  : data="net.osmand"
06-29 17:14:21.542 13245 13245 W Monkey  : data="android.intent.category.LAUNCHER"
06-29 17:14:21.602  1587  1611 W BroadcastQueue: Skipping deliver [background] BroadcastRecord{9389fc4 u-1 android.net.conn.CONNECTIVITY_CHANGE} to ReceiverList{361eead 13245 (unknown name)/2000/u-1 remote:8de1a56}: process gone or crashing
06-29 17:14:21.647  1587  2237 I ActivityManager: START u0 {act=android.intent.action.MAIN cat=[android.intent.category.LAUNCHER] flg=0x10200000 cmp=net.osmand/.plus.activities.MapActivity} from uid 2000
06-29 17:14:21.649  1587  2237 W Binder  : Outgoing transactions from this process must be FLAG_ONEWAY
06-29 17:14:21.649  1587  2237 W Binder  : java.lang.Throwable
06-29 17:14:21.649  1587  2237 W Binder  : 	at android.os.BinderProxy.transact(Binder.java:752)
06-29 17:14:21.649  1587  2237 W Binder  : 	at android.app.IActivityController$Stub$Proxy.activityStarting(IActivityController.java:172)
06-29 17:14:21.649  1587  2237 W Binder  : 	at com.android.server.am.ActivityStarter.startActivity(ActivityStarter.java:449)
06-29 17:14:21.649  1587  2237 W Binder  : 	at com.android.server.am.ActivityStarter.startActivityLocked(ActivityStarter.java:278)
06-29 17:14:21.649  1587  2237 W Binder  : 	at com.android.server.am.ActivityStarter.startActivityMayWait(ActivityStarter.java:817)
06-29 17:14:21.649  1587  2237 W Binder  : 	at com.android.server.am.ActivityManagerService.startActivityAsUser(ActivityManagerService.java:4532)
06-29 17:14:21.649  1587  2237 W Binder  : 	at com.android.server.am.ActivityManagerService.startActivity(ActivityManagerService.java:4519)
06-29 17:14:21.649  1587  2237 W Binder  : 	at android.app.IActivityManager$Stub.onTransact(IActivityManager.java:121)
06-29 17:14:21.649  1587  2237 W Binder  : 	at com.android.server.am.ActivityManagerService.onTransact(ActivityManagerService.java:2919)
06-29 17:14:21.649  1587  2237 W Binder  : 	at android.os.Binder.execTransact(Binder.java:697)
06-29 17:14:21.682  1399 13264 D         : HostConnection::get() New Host Connection established 0xabca3980, tid 13264
06-29 17:14:21.718 13245 13245 I Monkey  : Events injected: 1
06-29 17:14:21.750  2796  2865 D EGL_emulation: eglMakeCurrent: 0xa8705a80: ver 2 0 (tinfo 0xa8703490)
06-29 17:14:21.792  1698  1926 D EGL_emulation: eglMakeCurrent: 0x9501c8c0: ver 2 0 (tinfo 0x9501f6f0)
06-29 17:14:21.795 13245 13245 I Monkey  : ## Network stats: elapsed time=147ms (0ms mobile, 0ms wifi, 147ms not connected)
06-29 17:14:21.829  2437  2503 D EGL_emulation: eglMakeCurrent: 0x95e7fdc0: ver 2 0 (tinfo 0x95cedb60)
06-29 17:14:21.832 13245 13245 I com.android.commands.monkey: System.exit called, status: 0
06-29 17:14:21.832 13245 13245 I AndroidRuntime: VM exiting with result code 0.
06-29 17:14:21.852  7562  7562 D InAppPurchaseHelper: Destroying helper.
06-29 17:14:21.957  1587  4035 I GnssLocationProvider: WakeLock acquired by sendMessage(SET_REQUEST, 0, com.android.server.location.GnssLocationProvider$GpsRequest@9ff4665)
06-29 17:14:22.006  1698  1926 D EGL_emulation: eglMakeCurrent: 0x9501c8c0: ver 2 0 (tinfo 0x9501f6f0)
06-29 17:14:22.037  1587  1587 W NotificationService: Removed summary didn't match old notification: old=0|net.osmand|100|null|10104, removed=0|net.osmand|100|null|10104
06-29 17:14:22.024  1698  1926 D EGL_emulation: eglMakeCurrent: 0x9501c8c0: ver 2 0 (tinfo 0x9501f6f0)
06-29 17:14:22.098  7562  7562 W System.err: OnCreate for MapActivity took 244 ms
06-29 17:14:22.148  1398  1434 D gralloc_ranchu: gralloc_alloc: Creating ashmem region of size 8298496
06-29 17:14:22.154  7562  7562 W ResourceType: For resource 0x7f0e00c4, entry index(196) is beyond type entryCount(142)
06-29 17:14:22.154  7562  7562 W ResourceType: For resource 0x7f0e013f, entry index(319) is beyond type entryCount(142)
06-29 17:14:22.158  7562  7562 W ResourceType: For resource 0x7f0e00dc, entry index(220) is beyond type entryCount(142)
06-29 17:14:22.158  7562  7562 W ResourceType: For resource 0x7f0e00e3, entry index(227) is beyond type entryCount(142)
06-29 17:14:22.159  7562  7562 W ResourceType: For resource 0x7f0e013b, entry index(315) is beyond type entryCount(142)
06-29 17:14:22.258  7562  7562 I chatty  : uid=10104(net.osmand) identical 33 lines
06-29 17:14:22.260  7562  7562 W ResourceType: For resource 0x7f0e013b, entry index(315) is beyond type entryCount(142)
06-29 17:14:22.259  1587  2039 I WifiService: getWifiEnabledState uid=10032
06-29 17:14:22.270  7562  7562 W ResourceType: For resource 0x7f0e013b, entry index(315) is beyond type entryCount(142)
06-29 17:14:22.341  7562  7562 I chatty  : uid=10104(net.osmand) identical 33 lines
06-29 17:14:22.341  7562  7562 W ResourceType: For resource 0x7f0e013b, entry index(315) is beyond type entryCount(142)
06-29 17:14:22.360  1409  1422 E SurfaceFlinger: Permission Denial: can't openGlobalTransaction pid=7562, uid<=10104
06-29 17:14:22.363  7562  7562 E BpSurfaceComposerClient: Failed to transact (-1)
06-29 17:14:22.371  7562  7587 I net.osmand: MapRenderRepositories RENDER MAP: update due to request
06-29 17:14:22.371  7562  7587 I net.osmand: MapRenderRepositories RENDER MAP: Interrupt rendering map
06-29 17:14:22.373  1409  1422 E SurfaceFlinger: Permission Denial: can't openGlobalTransaction pid=7562, uid<=10104
06-29 17:14:22.373  7562  7562 E BpSurfaceComposerClient: Failed to transact (-1)
06-29 17:14:22.432 12340 12370 E PlayCommon: [444] PlayEventLogger.uploadLog: Failed to connect to server: java.net.ConnectException: Failed to connect to play.googleapis.com/2800:3f0:4001:803::200a:443
06-29 17:14:22.460  1698  1926 D EGL_emulation: eglMakeCurrent: 0x9501c8c0: ver 2 0 (tinfo 0x9501f6f0)
06-29 17:14:22.465  7562  7562 I net.osmand: TTSCommandPlayerImpl Send message to pebble sinal g p s recuperado 
06-29 17:14:22.466  7562  7562 D net.osmand: TTSCommandPlayerImpl ttsRequests=2
06-29 17:14:22.467  7562  7562 I net.osmand: RoutingHelper Recalculate route, because correlation  : 186838.81683182155
06-29 17:14:22.474  7562  7599 D EGL_emulation: eglMakeCurrent: 0x939b6b60: ver 2 0 (tinfo 0xa86f19b0)
06-29 17:14:22.487  1698  1926 D EGL_emulation: eglMakeCurrent: 0x9501c8c0: ver 2 0 (tinfo 0x9501f6f0)
06-29 17:14:22.496  1398  1434 D gralloc_ranchu: gralloc_alloc: Creating ashmem region of size 8298496
06-29 17:14:22.596  1398  1434 D gralloc_ranchu: gralloc_alloc: Creating ashmem region of size 3878912
06-29 17:14:22.685  7562  7586 I net.osmand: MapRenderRepositories RENDER MAP: new request RotatedTileBox [lat=-7.5891947746276855, lon=-37.54106903076172, rotate=0.0, density=2.625, zoom=17, mapDensity=3.9375, zoomAnimation=0.0, zoomFloatPart=0.0, cx=900, cy=1972, pixWidth=1800, pixHeight=2690]
06-29 17:14:22.805  7562  7587 I net.osmand: MapRenderRepositories RENDER MAP: update due to tile box
06-29 17:14:22.805  7562  7587 I net.osmand: MapRenderRepositories RENDER MAP: Interrupt rendering map
06-29 17:14:22.830  1698  1926 D EGL_emulation: eglMakeCurrent: 0x9501c8c0: ver 2 0 (tinfo 0x9501f6f0)
06-29 17:14:22.846  1698  1926 D EGL_emulation: eglMakeCurrent: 0x9501c8c0: ver 2 0 (tinfo 0x9501f6f0)
06-29 17:14:22.912  1587  4035 I WifiService: acquireWifiLock uid=10014 lockMode=2
06-29 17:14:22.931  7562  7586 I net.osmand:native: Route objects 61
06-29 17:14:22.934  7562  7586 I net.osmand:native: Ocean: no completed & incompleted coastlines 0
06-29 17:14:22.934  7562  7586 I net.osmand:native: Detailed coastlines = 0, basemap coastlines 0, ocean tile 0.000000. Detailed added 0, basemap processed 1, basemap added 0.
06-29 17:14:22.947  7562  7586 I net.osmand:native: Search : tree - read( 413), accept( 30), objs - visit( 2206), accept(73), in result(61) 
06-29 17:14:22.956  7562  7586 I net.osmand: MapRenderRepositories RENDER MAP: new request RotatedTileBox [lat=-7.227295, lon=-35.88520833333334, rotate=0.0, density=2.625, zoom=17, mapDensity=3.9375, zoomAnimation=0.0, zoomFloatPart=0.0, cx=900, cy=1972, pixWidth=1800, pixHeight=2690]
06-29 17:14:22.986  1698  1926 D EGL_emulation: eglMakeCurrent: 0x9501c8c0: ver 2 0 (tinfo 0x9501f6f0)
06-29 17:14:22.994  4242  7639 I TTS.GoogleTTSServiceImp: Synthesis request for locale por-BRA and name pt-BR-language
06-29 17:14:23.001  1698  1926 D EGL_emulation: eglMakeCurrent: 0x9501c8c0: ver 2 0 (tinfo 0x9501f6f0)
06-29 17:14:23.001  4242  7639 I TTS.GoogleTTSServiceImp: TTS dispatch: pt-br-x-afs-lstm-embedded
06-29 17:14:23.081  1698  1926 D EGL_emulation: eglMakeCurrent: 0x9501c8c0: ver 2 0 (tinfo 0x9501f6f0)
06-29 17:14:23.082  1398  1434 D gralloc_ranchu: gralloc_alloc: Creating ashmem region of size 3878912
06-29 17:14:23.118  1398  1434 D gralloc_ranchu: gralloc_alloc: Creating ashmem region of size 8298496
06-29 17:14:23.134  1698  1926 D EGL_emulation: eglMakeCurrent: 0x9501c8c0: ver 2 0 (tinfo 0x9501f6f0)
06-29 17:14:23.205  1698  1926 I chatty  : uid=10029(com.android.systemui) RenderThread identical 1 line
06-29 17:14:23.218  1698  1926 D EGL_emulation: eglMakeCurrent: 0x9501c8c0: ver 2 0 (tinfo 0x9501f6f0)
06-29 17:14:23.242  7562  7562 I net.osmand: RoutingHelper Recalculate route, because correlation  : 186838.81683182155
06-29 17:14:23.250  7562  7562 I net.osmand: RoutingHelper Recalculate route, because wrong movement direction: 186838.81
06-29 17:14:23.251  7562  7562 D net.osmand: Enable sensor
06-29 17:14:23.272  1698  1926 D EGL_emulation: eglMakeCurrent: 0x9501c8c0: ver 2 0 (tinfo 0x9501f6f0)
06-29 17:14:23.282  1698  1926 D EGL_emulation: eglMakeCurrent: 0x9501c8c0: ver 2 0 (tinfo 0x9501f6f0)
06-29 17:14:23.354  7562  7586 I net.osmand:native: Route objects 138
06-29 17:14:23.355  7562  7586 I net.osmand:native: Ocean: no completed & incompleted coastlines 0
06-29 17:14:23.355  7562  7586 I net.osmand:native: Detailed coastlines = 0, basemap coastlines 0, ocean tile 0.000000. Detailed added 0, basemap processed 1, basemap added 0.
06-29 17:14:23.355  7562  7586 I net.osmand:native: Search : tree - read( 540), accept( 51), objs - visit( 3037), accept(169), in result(138) 
06-29 17:14:23.359  1698  1926 D EGL_emulation: eglMakeCurrent: 0x9501c8c0: ver 2 0 (tinfo 0x9501f6f0)
06-29 17:14:23.359  7562  7586 I net.osmand: MapRenderRepositories BLat=-7.229592394828797, TLat=-7.221607613563537, LLong=-35.887657165527344, RLong=-35.88275146484375, zoom=17
06-29 17:14:23.364  7562  7586 I net.osmand: MapRenderRepositories Native search: 401 ms 
06-29 17:14:23.376  7562  7586 I net.osmand:native: Creating SkBitmap in native w:1800 h:2690 s:7200 f:1!
06-29 17:14:23.377  7562  7586 I net.osmand:native: Row bytes for RGBA_8888 is 7200
06-29 17:14:23.377  7562  7586 I net.osmand:native: Locked 19368000 bytes at 0x87c00000
06-29 17:14:23.385  1587  3390 I WifiService: getWifiEnabledState uid=10032
06-29 17:14:23.381  7562  7586 I net.osmand:native: Initializing rendering
06-29 17:14:23.388  7562  7586 I net.osmand:native: Rendering image
06-29 17:14:23.477  7562  7562 I net.osmand: RoutingHelper Recalculate route, because correlation  : 186838.81683182155
06-29 17:14:23.582  2796 13164 I PBSessionCacheImpl: Deleted sessionId[8055797206653] from persistence.
06-29 17:14:23.587  1409  1409 W SurfaceFlinger: couldn't log to binary event log: overflow.
06-29 17:14:23.593  1587  1610 I GnssLocationProvider: WakeLock released by handleMessage(SET_REQUEST, 0, com.android.server.location.GnssLocationProvider$GpsRequest@9ff4665)
06-29 17:14:23.638  1587  2039 I WifiService: getWifiEnabledState uid=10032
06-29 17:14:23.651  2796  2846 W SearchServiceCore: Abort, client detached.
06-29 17:14:23.707  4242  7640 D AudioTrack: stop() called with 94270 frames delivered
06-29 17:14:23.713  7562 13267 D net.osmand: TTSCommandPlayerImpl ttsRequests=1
06-29 17:14:23.714  1587  2237 V MediaRouterService: restoreBluetoothA2dp(false)
06-29 17:14:23.717  4242  7640 D AudioTrack: Client defaulted notificationFrames to 1365 for frameCount 4096
06-29 17:14:23.730  1587  2039 V MediaRouterService: restoreBluetoothA2dp(false)
06-29 17:14:23.840  7562  7562 I net.osmand: RoutingHelper Recalculate route, because correlation  : 186838.81683182155
06-29 17:14:23.841  7562  7562 I net.osmand: RoutingHelper Recalculate route, because correlation  : 186838.81683182155
06-29 17:14:23.841  7562  7562 I net.osmand: RoutingHelper Recalculate route, because wrong movement direction: 186838.81
06-29 17:14:23.872  7562  7586 I net.osmand: RenderingIcons Icon data length is 2435
06-29 17:14:23.892  7562  7586 I net.osmand: RenderingIcons Icon data length is 2418
06-29 17:14:23.896  7562  7586 I net.osmand: RenderingIcons Icon data length is 2323
06-29 17:14:23.899  7562  7586 I net.osmand: RenderingIcons Icon data length is 2420
06-29 17:14:23.955  7562  7586 I net.osmand: RenderingIcons Icon data length is 2369
06-29 17:14:23.962  7562  7586 I net.osmand: RenderingIcons Icon data length is 2340
06-29 17:14:24.206  2796  2801 I zygote  : Do partial code cache collection, code=1005KB, data=530KB
06-29 17:14:24.206  2796  2801 I zygote  : After code cache collection, code=1003KB, data=530KB
06-29 17:14:24.206  2796  2801 I zygote  : Increasing code cache capacity to 3MB
06-29 17:14:24.275  7562  7586 I net.osmand:native: Native ok (rendering 0, text 288 ms) 
06-29 17:14:24.275  7562  7586 I net.osmand:native:  (2661 points, 644 points inside, 183 of 257 objects visible)
06-29 17:14:24.275  7562  7586 I net.osmand:native: End Rendering image
06-29 17:14:24.275  7562  7586 I net.osmand:native: Native ok (init 9, rendering 0) 
06-29 17:14:24.278  7562  7586 I net.osmand: MapRenderRepositories true
06-29 17:14:24.297  1398  1434 D gralloc_ranchu: gralloc_alloc: Creating ashmem region of size 3878912
06-29 17:14:24.765  7562  7572 I zygote  : Background concurrent copying GC freed 135979(4MB) AllocSpace objects, 16(628KB) LOS objects, 11% free, 45MB/51MB, paused 851us total 1.954s
06-29 17:14:24.785  7562  7562 I net.osmand: RoutingHelper Recalculate route, because correlation  : 186838.81683182155
06-29 17:14:24.808  7562  7562 I net.osmand: RoutingHelper Recalculate route, because correlation  : 186838.81683182155
06-29 17:14:24.808  7562  7562 I net.osmand: RoutingHelper Recalculate route, because wrong movement direction: 186838.81
06-29 17:14:25.459  7562  7562 I net.osmand: RoutingHelper Recalculate route, because correlation  : 186838.81683182155
06-29 17:14:25.462  7562  7562 I net.osmand: RoutingHelper Recalculate route, because correlation  : 186838.81683182155
06-29 17:14:25.462  7562  7562 I net.osmand: RoutingHelper Recalculate route, because wrong movement direction: 186838.81
06-29 17:14:25.785  7562  7562 I net.osmand: RoutingHelper Recalculate route, because correlation  : 186838.81683182155
06-29 17:14:25.786  7562  7562 I net.osmand: RoutingHelper Recalculate route, because wrong movement direction: 186838.81
06-29 17:14:25.856  7562  7562 I net.osmand: RoutingHelper Recalculate route, because correlation  : 186838.81683182155
06-29 17:14:25.911  1587  3390 D WificondControl: Scan result ready event
06-29 17:14:25.983  7562  7572 I zygote  : Background concurrent copying GC freed 888054(21MB) AllocSpace objects, 4(88KB) LOS objects, 14% free, 35MB/41MB, paused 1.435ms total 857.690ms
06-29 17:14:26.116  1587  4035 I WifiService: releaseWifiLock uid=10014
06-29 17:14:26.385  4242  7640 D AudioTrack: stop() called with 57530 frames delivered
06-29 17:14:26.392  7562 13267 D net.osmand: AbstractPrologCommandPlayer abandonAudioFocus
06-29 17:14:26.393  1587  4035 I MediaFocusControl: abandonAudioFocus() from uid/pid 10104/7562 clientId=android.media.AudioManager@33ccfa4net.osmand.plus.api.AudioFocusHelperImpl@35983d3
06-29 17:14:26.393  7562 13267 D net.osmand: TTSCommandPlayerImpl ttsRequests=0
06-29 17:14:26.691  7562  7562 I net.osmand: RoutingHelper Recalculate route, because correlation  : 186532.27032789783
06-29 17:14:26.691  7562  7562 I net.osmand: RoutingHelper Recalculate route, because wrong movement direction: 186532.27
06-29 17:14:26.694  7562  7587 I net.osmand: MapRenderRepositories RENDER MAP: update due to tile box
06-29 17:14:26.694  7562  7587 I net.osmand: MapRenderRepositories RENDER MAP: Interrupt rendering map
06-29 17:14:26.787  7562  7562 I net.osmand: RoutingHelper Recalculate route, because correlation  : 186532.27032789783
06-29 17:14:26.824  7562  7587 I net.osmand: MapRenderRepositories RENDER MAP: update due to tile box
06-29 17:14:26.824  7562  7587 I net.osmand: MapRenderRepositories RENDER MAP: Interrupt rendering map
06-29 17:14:26.943  7562  7562 I net.osmand: RoutingHelper Recalculate route, because correlation  : 186532.27032789783
06-29 17:14:26.944  7562  7562 I net.osmand: RoutingHelper Recalculate route, because wrong movement direction: 186532.27
06-29 17:14:26.995  1406  1406 I boot-pipe: done populating /dev/random
06-29 17:14:27.102  7562  7562 I net.osmand: RoutingHelper Recalculate route, because correlation  : 186532.27032789783
06-29 17:14:27.147  7562  7587 I net.osmand: MapRenderRepositories RENDER MAP: update due to tile box
06-29 17:14:27.147  7562  7587 I net.osmand: MapRenderRepositories RENDER MAP: Interrupt rendering map
06-29 17:14:27.282  7562  7586 I net.osmand: MapRenderRepositories RENDER MAP: new request RotatedTileBox [lat=-7.227968333333333, lon=-35.887903333333334, rotate=0.0, density=2.625, zoom=17, mapDensity=3.9375, zoomAnimation=0.0, zoomFloatPart=0.0, cx=900, cy=1972, pixWidth=1800, pixHeight=2690]
06-29 17:14:27.455  7562  7586 I net.osmand:native: Route objects 75
06-29 17:14:27.455  7562  7586 I net.osmand:native: Ocean: no completed & incompleted coastlines 0
06-29 17:14:27.455  7562  7586 I net.osmand:native: Detailed coastlines = 0, basemap coastlines 0, ocean tile 0.000000. Detailed added 0, basemap processed 1, basemap added 0.
06-29 17:14:27.455  7562  7586 I net.osmand:native: Search : tree - read( 540), accept( 58), objs - visit( 3317), accept(106), in result(75) 
06-29 17:14:27.456  7562  7586 I net.osmand: MapRenderRepositories BLat=-7.230274367332458, TLat=-7.222266507148743, LLong=-35.890357971191406, RLong=-35.88544464111328, zoom=17
06-29 17:14:27.456  7562  7586 I net.osmand: MapRenderRepositories Native search: 172 ms 
06-29 17:14:27.464  7562  7586 I net.osmand:native: Creating SkBitmap in native w:1800 h:2690 s:7200 f:1!
06-29 17:14:27.464  7562  7586 I net.osmand:native: Row bytes for RGBA_8888 is 7200
06-29 17:14:27.464  7562  7586 I net.osmand:native: Locked 19368000 bytes at 0x89000000
06-29 17:14:27.464  7562  7586 I net.osmand:native: Initializing rendering
06-29 17:14:27.471  7562  7586 I net.osmand:native: Rendering image
06-29 17:14:27.702  7562  7586 I net.osmand: RenderingIcons Icon data length is 944
06-29 17:14:27.703  7562  7586 I net.osmand: RenderingIcons Icon data length is 1046
06-29 17:14:27.707  7562  7586 I net.osmand: RenderingIcons Icon data length is 1592
06-29 17:14:27.708  7562  7586 I net.osmand: RenderingIcons Icon data length is 888
06-29 17:14:27.868  7562  7562 I net.osmand: RoutingHelper Recalculate route, because correlation  : 186532.27032789783
06-29 17:14:27.868  7562  7562 I net.osmand: RoutingHelper Recalculate route, because wrong movement direction: 186532.27
06-29 17:14:28.036  7562  7586 I net.osmand:native: Native ok (rendering 0, text 319 ms) 
06-29 17:14:28.036  7562  7586 I net.osmand:native:  (2377 points, 359 points inside, 109 of 134 objects visible)
06-29 17:14:28.037  7562  7586 I net.osmand:native: End Rendering image
06-29 17:14:28.037  7562  7586 I net.osmand:native: Native ok (init 7, rendering 0) 
06-29 17:14:28.045  7562  7586 I net.osmand: MapRenderRepositories true
06-29 17:14:28.238  7562  7562 I net.osmand: RoutingHelper Recalculate route, because correlation  : 186532.27032789783
06-29 17:14:28.307  7562  7562 I net.osmand: RoutingHelper Recalculate route, because correlation  : 186225.72467580502
06-29 17:14:28.307  7562  7562 I net.osmand: RoutingHelper Recalculate route, because wrong movement direction: 186225.72
06-29 17:14:28.325  7562  7562 I net.osmand: RoutingHelper Recalculate route, because correlation  : 186225.72467580502
06-29 17:14:28.394  7562  7587 I net.osmand: MapRenderRepositories RENDER MAP: update due to tile box
06-29 17:14:28.404  7562  7587 I net.osmand: MapRenderRepositories RENDER MAP: Interrupt rendering map
06-29 17:14:28.540  7562  7572 I zygote  : Background concurrent copying GC freed 544723(12MB) AllocSpace objects, 0(0B) LOS objects, 13% free, 39MB/45MB, paused 1.853ms total 1.626s
06-29 17:14:28.783  7562  7587 I net.osmand: MapRenderRepositories RENDER MAP: update due to tile box
06-29 17:14:28.784  7562  7587 I net.osmand: MapRenderRepositories RENDER MAP: Interrupt rendering map
06-29 17:14:28.822  7562  7586 I net.osmand: MapRenderRepositories RENDER MAP: new request RotatedTileBox [lat=-7.2286416666666655, lon=-35.89059833333333, rotate=0.0, density=2.625, zoom=17, mapDensity=3.9375, zoomAnimation=0.0, zoomFloatPart=0.0, cx=900, cy=1972, pixWidth=1800, pixHeight=2690]
06-29 17:14:28.891  7562  7562 I net.osmand: RoutingHelper Recalculate route, because correlation  : 186225.72467580502
06-29 17:14:28.891  7562  7562 I net.osmand: RoutingHelper Recalculate route, because wrong movement direction: 186225.72
06-29 17:14:28.969  7562  7586 I net.osmand:native: Route objects 84
06-29 17:14:28.969  7562  7586 I net.osmand:native: Ocean: no completed & incompleted coastlines 0
06-29 17:14:28.969  7562  7586 I net.osmand:native: Detailed coastlines = 0, basemap coastlines 0, ocean tile 0.000000. Detailed added 0, basemap processed 1, basemap added 0.
06-29 17:14:28.970  7562  7586 I net.osmand:native: Search : tree - read( 500), accept( 63), objs - visit( 3557), accept(115), in result(84) 
06-29 17:14:28.973  7562  7586 I net.osmand: MapRenderRepositories BLat=-7.230955791473389, TLat=-7.222947406768799, LLong=-35.89305114746094, RLong=-35.88814926147461, zoom=17
06-29 17:14:28.974  7562  7586 I net.osmand: MapRenderRepositories Native search: 149 ms 
06-29 17:14:28.997  7562  7562 I net.osmand: RoutingHelper Recalculate route, because correlation  : 186225.72467580502
06-29 17:14:29.037  7562  7586 I net.osmand:native: Creating SkBitmap in native w:1800 h:2690 s:7200 f:1!
06-29 17:14:29.037  7562  7586 I net.osmand:native: Row bytes for RGBA_8888 is 7200
06-29 17:14:29.037  7562  7586 I net.osmand:native: Locked 19368000 bytes at 0x87c00000
06-29 17:14:29.037  7562  7586 I net.osmand:native: Initializing rendering
06-29 17:14:29.038  7562  7586 I net.osmand:native: Rendering image
06-29 17:14:29.288  1390  3747 W audio_hw_generic: Not supplying enough data to HAL, expected position 39012547 , only wrote 39012480
06-29 17:14:29.310  1587  2237 I zygote  : IncrementDisableThreadFlip blocked for 9.928ms
06-29 17:14:29.410  1390  1574 W audio_hw_generic: Not supplying enough data to HAL, expected position 39023624 , only wrote 39018240
06-29 17:14:29.537  7562  7586 I net.osmand: RenderingIcons Icon data length is 1415
06-29 17:14:29.545  7562  7586 I net.osmand: RenderingIcons Icon data length is 418
06-29 17:14:29.547  7562  7586 I net.osmand: RenderingIcons Icon data length is 2218
06-29 17:14:29.555  7562  7586 I net.osmand: RenderingIcons Icon data length is 1326
06-29 17:14:29.851  7562  7586 I net.osmand:native: Native ok (rendering 0, text 290 ms) 
06-29 17:14:29.851  7562  7586 I net.osmand:native:  (2513 points, 342 points inside, 132 of 168 objects visible)
06-29 17:14:29.851  7562  7586 I net.osmand:native: End Rendering image
06-29 17:14:29.851  7562  7586 I net.osmand:native: Native ok (init 1, rendering 0) 
06-29 17:14:29.851  7562  7586 I net.osmand: MapRenderRepositories true
06-29 17:14:29.978  7562  7562 I net.osmand: RoutingHelper Recalculate route, because correlation  : 185919.13951094565
06-29 17:14:29.978  7562  7562 I net.osmand: RoutingHelper Recalculate route, because wrong movement direction: 185919.14
06-29 17:14:29.995  7562  7562 I net.osmand: RoutingHelper Recalculate route, because correlation  : 185919.13951094565
06-29 17:14:29.995  7562  7562 I net.osmand: RoutingHelper Recalculate route, because wrong movement direction: 185919.14
06-29 17:14:30.137  1964 13176 I Places  : ?: PlacesBleScanner stop()
06-29 17:14:30.168  1964 13176 I PlaceInferenceEngine: [anon] Changed inference mode: 0
06-29 17:14:30.168  1964 13176 I PlaceInferenceEngine: [account#1066226748] Changed inference mode: 0
06-29 17:14:30.190  7562  7587 I net.osmand: MapRenderRepositories RENDER MAP: update due to tile box
06-29 17:14:30.190  7562  7587 I net.osmand: MapRenderRepositories RENDER MAP: Interrupt rendering map
06-29 17:14:30.195  7562  7562 I net.osmand: RoutingHelper Recalculate route, because correlation  : 185919.13951094565
06-29 17:14:30.205  1964  1964 I BeaconBle: Scan : No clients left, canceling alarm.
06-29 17:14:30.207  1964  1964 I BeaconBle: Scan canceled successfully.
06-29 17:14:30.276  1587  1596 I zygote  : Background concurrent copying GC freed 69378(3MB) AllocSpace objects, 31(1132KB) LOS objects, 27% free, 15MB/21MB, paused 10.948ms total 989.622ms
06-29 17:14:30.356  7562  7562 I net.osmand: RoutingHelper Recalculate route, because correlation  : 185919.13951094565
06-29 17:14:30.481  1964  1964 I GeofencerStateMachine: removeGeofences: removeRequest=RemoveGeofencingRequest[REMOVE_BY_PENDING_INTENT pendingIntent=PendingIntent[creatorPackage=com.google.android.gms], packageName=com.google.android.gms]
06-29 17:14:30.526  7562  7587 I net.osmand: MapRenderRepositories RENDER MAP: update due to tile box
06-29 17:14:30.526  7562  7587 I net.osmand: MapRenderRepositories RENDER MAP: Interrupt rendering map
06-29 17:14:30.603  7562  7586 I net.osmand: MapRenderRepositories RENDER MAP: new request RotatedTileBox [lat=-7.229316666666667, lon=-35.89329333333333, rotate=0.0, density=2.625, zoom=17, mapDensity=3.9375, zoomAnimation=0.0, zoomFloatPart=0.0, cx=900, cy=1972, pixWidth=1800, pixHeight=2690]
06-29 17:14:26.386  1587  2039 V MediaRouterService: restoreBluetoothA2dp(false)
06-29 17:14:30.622  1587  1614 E BatteryExternalStatsWorker: modem info is invalid: ModemActivityInfo{ mTimestamp=0 mSleepTimeMs=0 mIdleTimeMs=0 mTxTimeMs[]=[0, 0, 0, 0, 0] mRxTimeMs=0 mEnergyUsed=0}
06-29 17:14:30.765  1964  2605 W MessageQueue: Handler (aeyl) {9709b31} sending message to a Handler on a dead thread
