06-29 13:42:09.895 23488 23488 I net.osmand: RoutingHelper Recalculate route, because wrong movement direction: 1723776.1
06-29 13:42:10.663 23488 23488 I net.osmand: RoutingHelper Recalculate route, because correlation  : 1723743.7223726055
06-29 13:42:10.664 23488 23488 I net.osmand: RoutingHelper Recalculate route, because wrong movement direction: 1723776.1
06-29 13:42:10.744 23488 23488 I net.osmand: RoutingHelper Recalculate route, because correlation  : 1723743.7223726055
06-29 13:42:11.227 23488 23488 I chatty  : uid=10104(net.osmand) identical 1 line
06-29 13:42:11.235 23488 23488 I net.osmand: RoutingHelper Recalculate route, because correlation  : 1723743.7223726055
06-29 13:42:11.236 23488 23488 I net.osmand: RoutingHelper Recalculate route, because wrong movement direction: 1723776.1
06-29 13:42:11.429 23488 25346 I net.osmand:native: Run GC (before 57.664513 Mb after 44.783789 Mb) unload 322 of 920 tiles
06-29 13:42:11.696 23488 23488 I net.osmand: RoutingHelper Recalculate route, because correlation  : 1723743.7223726055
06-29 13:42:11.740 23488 23488 I net.osmand: RoutingHelper Recalculate route, because correlation  : 1723743.7223726055
06-29 13:42:11.740 23488 23488 I net.osmand: RoutingHelper Recalculate route, because wrong movement direction: 1723776.1
06-29 13:42:12.525 23488 23488 I net.osmand: RoutingHelper Recalculate route, because correlation  : 1723743.7223726055
06-29 13:42:12.525 23488 23488 I net.osmand: RoutingHelper Recalculate route, because wrong movement direction: 1723776.1
06-29 13:42:12.591 23488 23488 I net.osmand: RoutingHelper Recalculate route, because correlation  : 1723743.7223726055
06-29 13:42:12.689 23488 23488 I net.osmand: RoutingHelper Recalculate route, because correlation  : 1723743.7223726055
06-29 13:42:12.689 23488 23488 I net.osmand: RoutingHelper Recalculate route, because wrong movement direction: 1723776.1
06-29 13:42:12.750 23488 23488 I net.osmand: RoutingHelper Recalculate route, because correlation  : 1723743.7223726055
06-29 13:42:13.670 23488 23488 I chatty  : uid=10104(net.osmand) identical 1 line
06-29 13:42:13.690 23488 23488 I net.osmand: RoutingHelper Recalculate route, because correlation  : 1723743.7223726055
06-29 13:42:13.690 23488 23488 I net.osmand: RoutingHelper Recalculate route, because wrong movement direction: 1723776.1
06-29 13:42:13.892 23488 23488 I net.osmand: RoutingHelper Recalculate route, because correlation  : 1723743.7223726055
06-29 13:42:13.920 23488 23488 I net.osmand: RoutingHelper Recalculate route, because correlation  : 1723743.7223726055
06-29 13:42:13.920 23488 23488 I net.osmand: RoutingHelper Recalculate route, because wrong movement direction: 1723776.1
06-29 13:42:14.691 23488 23488 I net.osmand: RoutingHelper Recalculate route, because correlation  : 1723743.7223726055
06-29 13:42:14.691 23488 23488 I net.osmand: RoutingHelper Recalculate route, because wrong movement direction: 1723776.1
06-29 13:42:14.713 23488 23488 I net.osmand: RoutingHelper Recalculate route, because correlation  : 1723743.7223726055
06-29 13:42:15.239 23488 23488 I net.osmand: RoutingHelper Recalculate route, because correlation  : 1723743.7223726055
06-29 13:42:15.239 23488 23488 I net.osmand: RoutingHelper Recalculate route, because wrong movement direction: 1723776.1
06-29 13:42:15.358 23488 23488 I net.osmand: RoutingHelper Recalculate route, because correlation  : 1723743.7223726055
06-29 13:42:15.681 23488 23488 I chatty  : uid=10104(net.osmand) identical 1 line
06-29 13:42:15.688 23488 23488 I net.osmand: RoutingHelper Recalculate route, because correlation  : 1723743.7223726055
06-29 13:42:15.689 23488 23488 I net.osmand: RoutingHelper Recalculate route, because wrong movement direction: 1723776.1
06-29 13:42:16.554 23488 23488 I net.osmand: RoutingHelper Recalculate route, because correlation  : 1723743.7223726055
06-29 13:42:16.579 23488 23488 I net.osmand: RoutingHelper Recalculate route, because correlation  : 1723743.7223726055
06-29 13:42:16.580 23488 23488 I net.osmand: RoutingHelper Recalculate route, because wrong movement direction: 1723776.1
06-29 13:42:16.751 23488 23488 I net.osmand: RoutingHelper Recalculate route, because correlation  : 1723743.7223726055
06-29 13:42:16.751 23488 23488 I net.osmand: RoutingHelper Recalculate route, because wrong movement direction: 1723776.1
06-29 13:42:16.756 23488 23488 I net.osmand: RoutingHelper Recalculate route, because correlation  : 1723743.7223726055
06-29 13:42:17.687 23488 23488 I chatty  : uid=10104(net.osmand) identical 1 line
06-29 13:42:17.699 23488 23488 I net.osmand: RoutingHelper Recalculate route, because correlation  : 1723743.7223726055
06-29 13:42:17.699 23488 23488 I net.osmand: RoutingHelper Recalculate route, because wrong movement direction: 1723776.1
06-29 13:42:17.899 23488 23488 I net.osmand: RoutingHelper Recalculate route, because correlation  : 1723743.7223726055
06-29 13:42:17.925 23488 23488 I net.osmand: RoutingHelper Recalculate route, because correlation  : 1723743.7223726055
06-29 13:42:17.925 23488 23488 I net.osmand: RoutingHelper Recalculate route, because wrong movement direction: 1723776.1
06-29 13:42:18.685 23488 23488 I net.osmand: RoutingHelper Recalculate route, because correlation  : 1723743.7223726055
06-29 13:42:18.685 23488 23488 I net.osmand: RoutingHelper Recalculate route, because wrong movement direction: 1723776.1
06-29 13:42:18.731 23488 23488 I net.osmand: RoutingHelper Recalculate route, because correlation  : 1723743.7223726055
06-29 13:42:19.152 23488 23488 I net.osmand: RoutingHelper Recalculate route, because correlation  : 1723743.7223726055
06-29 13:42:19.152 23488 23488 I net.osmand: RoutingHelper Recalculate route, because wrong movement direction: 1723776.1
06-29 13:42:19.223 23488 23488 I net.osmand: RoutingHelper Recalculate route, because correlation  : 1723743.7223726055
06-29 13:42:19.705 23488 23488 I net.osmand: RoutingHelper Recalculate route, because correlation  : 1723743.7223726055
06-29 13:42:19.705 23488 23488 I net.osmand: RoutingHelper Recalculate route, because wrong movement direction: 1723776.1
06-29 13:42:19.751 23488 23488 I net.osmand: RoutingHelper Recalculate route, because correlation  : 1723743.7223726055
06-29 13:42:20.457 23488 23488 I chatty  : uid=10104(net.osmand) identical 1 line
06-29 13:42:20.461 23488 23488 I net.osmand: RoutingHelper Recalculate route, because correlation  : 1723743.7223726055
06-29 13:42:20.462 23488 23488 I net.osmand: RoutingHelper Recalculate route, because wrong movement direction: 1723776.1
06-29 13:42:20.689 23488 23488 I net.osmand: RoutingHelper Recalculate route, because correlation  : 1723743.7223726055
06-29 13:42:20.694 23488 23488 I net.osmand: RoutingHelper Recalculate route, because correlation  : 1723743.7223726055
06-29 13:42:20.694 23488 23488 I net.osmand: RoutingHelper Recalculate route, because wrong movement direction: 1723776.1
06-29 13:42:21.686 23488 23488 I net.osmand: RoutingHelper Recalculate route, because correlation  : 1723743.7223726055
06-29 13:42:21.689 23488 23488 I net.osmand: RoutingHelper Recalculate route, because correlation  : 1723743.7223726055
06-29 13:42:21.689 23488 23488 I net.osmand: RoutingHelper Recalculate route, because wrong movement direction: 1723776.1
06-29 13:42:21.904 23488 23488 I net.osmand: RoutingHelper Recalculate route, because correlation  : 1723743.7223726055
06-29 13:42:21.913 23488 23488 I net.osmand: RoutingHelper Recalculate route, because correlation  : 1723743.7223726055
06-29 13:42:21.913 23488 23488 I net.osmand: RoutingHelper Recalculate route, because wrong movement direction: 1723776.1
06-29 13:42:22.670 23488 23488 I net.osmand: RoutingHelper Recalculate route, because correlation  : 1723743.7223726055
06-29 13:42:22.670 23488 23488 I net.osmand: RoutingHelper Recalculate route, because wrong movement direction: 1723776.1
06-29 13:42:22.727 23488 23488 I net.osmand: RoutingHelper Recalculate route, because correlation  : 1723743.7223726055
06-29 13:42:22.852  1600 25487 D NetworkMonitor/NetworkAgentInfo [MOBILE (GPRS) - 103]: PROBE_DNS www.google.com 40071ms FAIL
06-29 13:42:22.858  1600 25487 D NetworkMonitor/NetworkAgentInfo [MOBILE (GPRS) - 103]: PROBE_HTTPS https://www.google.com/generate_204 Probe failed with exception java.net.UnknownHostException: Unable to resolve host "www.google.com": No address associated with hostname
06-29 13:42:23.218 23488 23488 I net.osmand: RoutingHelper Recalculate route, because correlation  : 1723743.7223726055
06-29 13:42:23.226 23488 23488 I net.osmand: RoutingHelper Recalculate route, because correlation  : 1723743.7223726055
06-29 13:42:23.227 23488 23488 I net.osmand: RoutingHelper Recalculate route, because wrong movement direction: 1723776.1
06-29 13:42:23.319  1406  1406 I boot-pipe: done populating /dev/random
06-29 13:42:23.499  1600  4840 I WifiService: acquireWifiLock uid=10014 lockMode=2
06-29 13:42:23.670 23488 23488 I net.osmand: RoutingHelper Recalculate route, because correlation  : 1723743.7223726055
06-29 13:42:23.681 23488 23488 I net.osmand: RoutingHelper Recalculate route, because correlation  : 1723743.7223726055
06-29 13:42:23.681 23488 23488 I net.osmand: RoutingHelper Recalculate route, because wrong movement direction: 1723776.1
06-29 13:42:24.535 23488 23488 I net.osmand: RoutingHelper Recalculate route, because correlation  : 1723743.7223726055
06-29 13:42:24.546 23488 23488 I net.osmand: RoutingHelper Recalculate route, because correlation  : 1723743.7223726055
06-29 13:42:24.546 23488 23488 I net.osmand: RoutingHelper Recalculate route, because wrong movement direction: 1723776.1
06-29 13:42:24.672 23488 23488 I net.osmand: RoutingHelper Recalculate route, because correlation  : 1723743.7223726055
06-29 13:42:24.695 23488 23488 I net.osmand: RoutingHelper Recalculate route, because correlation  : 1723743.7223726055
06-29 13:42:24.695 23488 23488 I net.osmand: RoutingHelper Recalculate route, because wrong movement direction: 1723776.1
06-29 13:42:25.677 23488 23488 I net.osmand: RoutingHelper Recalculate route, because correlation  : 1723743.7223726055
06-29 13:42:25.677 23488 23488 I net.osmand: RoutingHelper Recalculate route, because wrong movement direction: 1723776.1
06-29 13:42:25.698  1964  1964 I GeofencerStateMachine: sendNewTransitions called.
06-29 13:42:25.783 23488 23488 I net.osmand: RoutingHelper Recalculate route, because correlation  : 1723743.7223726055
06-29 13:42:25.928 23488 23488 I net.osmand: RoutingHelper Recalculate route, because correlation  : 1723743.7223726055
06-29 13:42:25.928 23488 23488 I net.osmand: RoutingHelper Recalculate route, because wrong movement direction: 1723776.1
06-29 13:42:25.939 23488 23488 I net.osmand: RoutingHelper Recalculate route, because correlation  : 1723743.7223726055
06-29 13:42:26.515  1600  2100 D WificondControl: Scan result ready event
06-29 13:42:26.597  1600  5707 I WifiService: releaseWifiLock uid=10014
06-29 13:42:26.691 23488 23488 I net.osmand: RoutingHelper Recalculate route, because correlation  : 1723743.7223726055
06-29 13:42:26.691 23488 23488 I net.osmand: RoutingHelper Recalculate route, because wrong movement direction: 1723776.1
06-29 13:42:26.798 23488 23488 I net.osmand: RoutingHelper Recalculate route, because correlation  : 1723743.7223726055
06-29 13:42:27.288 23488 23488 I net.osmand: RoutingHelper Recalculate route, because correlation  : 1723743.7223726055
06-29 13:42:27.288 23488 23488 I net.osmand: RoutingHelper Recalculate route, because wrong movement direction: 1723776.1
06-29 13:42:27.336 23488 23488 I net.osmand: RoutingHelper Recalculate route, because correlation  : 1723743.7223726055
06-29 13:42:27.683 23488 23488 I chatty  : uid=10104(net.osmand) identical 1 line
06-29 13:42:27.689 23488 23488 I net.osmand: RoutingHelper Recalculate route, because correlation  : 1723743.7223726055
06-29 13:42:27.689 23488 23488 I net.osmand: RoutingHelper Recalculate route, because wrong movement direction: 1723776.1
06-29 13:42:28.603 23488 23488 I net.osmand: RoutingHelper Recalculate route, because correlation  : 1723743.7223726055
06-29 13:42:28.603 23488 23488 I net.osmand: RoutingHelper Recalculate route, because wrong movement direction: 1723776.1
06-29 13:42:28.702 23488 23488 I net.osmand: RoutingHelper Recalculate route, because correlation  : 1723743.7223726055
06-29 13:42:28.702 23488 23488 I net.osmand: RoutingHelper Recalculate route, because wrong movement direction: 1723776.1
06-29 13:42:28.721 23488 23488 I net.osmand: RoutingHelper Recalculate route, because correlation  : 1723743.7223726055
06-29 13:42:28.815 23488 23488 I net.osmand: RoutingHelper Recalculate route, because correlation  : 1723743.7223726055
06-29 13:42:29.275 23488 25346 I net.osmand:native: Run GC (before 57.704803 Mb after 44.798067 Mb) unload 287 of 850 tiles
06-29 13:42:29.679 23488 23488 I net.osmand: RoutingHelper Recalculate route, because correlation  : 1723743.7223726055
06-29 13:42:29.699 23488 23488 I net.osmand: RoutingHelper Recalculate route, because correlation  : 1723743.7223726055
06-29 13:42:29.699 23488 23488 I net.osmand: RoutingHelper Recalculate route, because wrong movement direction: 1723776.1
06-29 13:42:30.046 23488 23488 I net.osmand: RoutingHelper Recalculate route, because correlation  : 1723743.7223726055
06-29 13:42:30.075 23488 23488 I net.osmand: RoutingHelper Recalculate route, because correlation  : 1723743.7223726055
06-29 13:42:30.075 23488 23488 I net.osmand: RoutingHelper Recalculate route, because wrong movement direction: 1723776.1
06-29 13:42:30.677 23488 23488 I net.osmand: RoutingHelper Recalculate route, because correlation  : 1723743.7223726055
06-29 13:42:30.677 23488 23488 I net.osmand: RoutingHelper Recalculate route, because wrong movement direction: 1723776.1
06-29 13:42:30.736 23488 23488 I net.osmand: RoutingHelper Recalculate route, because correlation  : 1723743.7223726055
06-29 13:42:31.402 23488 23488 I chatty  : uid=10104(net.osmand) identical 1 line
06-29 13:42:31.427 23488 23488 I net.osmand: RoutingHelper Recalculate route, because correlation  : 1723743.7223726055
06-29 13:42:31.428 23488 23488 I net.osmand: RoutingHelper Recalculate route, because wrong movement direction: 1723776.1
06-29 13:42:31.680 23488 23488 I net.osmand: RoutingHelper Recalculate route, because correlation  : 1723743.7223726055
06-29 13:42:31.695 23488 23488 I net.osmand: RoutingHelper Recalculate route, because correlation  : 1723743.7223726055
06-29 13:42:31.695 23488 23488 I net.osmand: RoutingHelper Recalculate route, because wrong movement direction: 1723776.1
06-29 13:42:32.677 23488 23488 I net.osmand: RoutingHelper Recalculate route, because correlation  : 1723743.7223726055
06-29 13:42:32.769 23488 23488 I net.osmand: RoutingHelper Recalculate route, because correlation  : 1723743.7223726055
06-29 13:42:32.769 23488 23488 I net.osmand: RoutingHelper Recalculate route, because wrong movement direction: 1723776.1
06-29 13:42:32.779 23488 23488 I net.osmand: RoutingHelper Recalculate route, because correlation  : 1723743.7223726055
06-29 13:42:32.780 23488 23488 I net.osmand: RoutingHelper Recalculate route, because wrong movement direction: 1723776.1
06-29 13:42:32.792 23488 23488 I net.osmand: RoutingHelper Recalculate route, because correlation  : 1723743.7223726055
06-29 13:42:32.872  1600 25245 D NetworkMonitor/NetworkAgentInfo [MOBILE (GPRS) - 103]: PROBE_FALLBACK http://www.google.com/gen_204 Probe failed with exception java.net.UnknownHostException: Unable to resolve host "www.google.com": No address associated with hostname
06-29 13:41:13.481  1600  1617 I chatty  : uid=1000(system) batterystats-wo identical 1 line
06-29 13:41:35.161  1600  1617 E BatteryExternalStatsWorker: modem info is invalid: ModemActivityInfo{ mTimestamp=0 mSleepTimeMs=0 mIdleTimeMs=0 mTxTimeMs[]=[0, 0, 0, 0, 0] mRxTimeMs=0 mEnergyUsed=0}
06-29 13:42:32.876  1600  1678 D ConnectivityService: NetworkAgentInfo [MOBILE (GPRS) - 103] validation failed
06-29 13:42:33.683 23488 23488 I net.osmand: RoutingHelper Recalculate route, because correlation  : 1723743.7223726055
06-29 13:42:33.683 23488 23488 I net.osmand: RoutingHelper Recalculate route, because wrong movement direction: 1723776.1
06-29 13:42:33.738 23488 23488 I net.osmand: RoutingHelper Recalculate route, because correlation  : 1723743.7223726055
06-29 13:42:34.110 23488 23488 I net.osmand: RoutingHelper Recalculate route, because correlation  : 1723743.7223726055
06-29 13:42:34.110 23488 23488 I net.osmand: RoutingHelper Recalculate route, because wrong movement direction: 1723776.1
06-29 13:42:34.172 23488 23488 I net.osmand: RoutingHelper Recalculate route, because correlation  : 1723743.7223726055
06-29 13:42:34.692 23488 23488 I net.osmand: RoutingHelper Recalculate route, because correlation  : 1723743.7223726055
06-29 13:42:34.692 23488 23488 I net.osmand: RoutingHelper Recalculate route, because wrong movement direction: 1723776.1
06-29 13:42:34.697 23488 23488 I net.osmand: RoutingHelper Recalculate route, because correlation  : 1723743.7223726055
06-29 13:42:35.468 23488 23488 I net.osmand: RoutingHelper Recalculate route, because correlation  : 1723743.7223726055
06-29 13:42:35.468 23488 23488 I net.osmand: RoutingHelper Recalculate route, because wrong movement direction: 1723776.1
06-29 13:42:35.548 23488 23488 I net.osmand: RoutingHelper Recalculate route, because correlation  : 1723743.7223726055
06-29 13:42:35.698 23488 23488 I chatty  : uid=10104(net.osmand) identical 1 line
06-29 13:42:35.706 23488 23488 I net.osmand: RoutingHelper Recalculate route, because correlation  : 1723743.7223726055
06-29 13:42:35.706 23488 23488 I net.osmand: RoutingHelper Recalculate route, because wrong movement direction: 1723776.1
06-29 13:42:36.748 23488 23488 I net.osmand: RoutingHelper Recalculate route, because correlation  : 1723743.7223726055
06-29 13:42:36.748 23488 23488 I net.osmand: RoutingHelper Recalculate route, because wrong movement direction: 1723776.1
06-29 13:42:36.751 23488 23488 I net.osmand: RoutingHelper Recalculate route, because correlation  : 1723743.7223726055
06-29 13:42:36.819 23488 23488 I net.osmand: RoutingHelper Recalculate route, because correlation  : 1723743.7223726055
06-29 13:42:36.819 23488 23488 I net.osmand: RoutingHelper Recalculate route, because wrong movement direction: 1723776.1
06-29 13:42:36.872 23488 23488 I net.osmand: RoutingHelper Recalculate route, because correlation  : 1723743.7223726055
06-29 13:42:37.687 23488 23488 I net.osmand: RoutingHelper Recalculate route, because correlation  : 1723743.7223726055
06-29 13:42:37.687 23488 23488 I net.osmand: RoutingHelper Recalculate route, because wrong movement direction: 1723776.1
06-29 13:42:37.783 23488 23488 I net.osmand: RoutingHelper Recalculate route, because correlation  : 1723743.7223726055
06-29 13:42:38.163 23488 23488 I chatty  : uid=10104(net.osmand) identical 1 line
06-29 13:42:38.173 23488 23488 I net.osmand: RoutingHelper Recalculate route, because correlation  : 1723743.7223726055
06-29 13:42:38.174 23488 23488 I net.osmand: RoutingHelper Recalculate route, because wrong movement direction: 1723776.1
06-29 13:42:38.705 23488 23488 I net.osmand: RoutingHelper Recalculate route, because correlation  : 1723743.7223726055
06-29 13:42:38.705 23488 23488 I net.osmand: RoutingHelper Recalculate route, because wrong movement direction: 1723776.1
06-29 13:42:38.711 23488 23488 I net.osmand: RoutingHelper Recalculate route, because correlation  : 1723743.7223726055
06-29 13:42:39.476 23488 23488 I net.osmand: RoutingHelper Recalculate route, because correlation  : 1723743.7223726055
06-29 13:42:39.476 23488 23488 I net.osmand: RoutingHelper Recalculate route, because wrong movement direction: 1723776.1
06-29 13:42:39.580 23488 23488 I net.osmand: RoutingHelper Recalculate route, because correlation  : 1723743.7223726055
06-29 13:42:39.725 23488 23488 I net.osmand: RoutingHelper Recalculate route, because correlation  : 1723743.7223726055
06-29 13:42:39.725 23488 23488 I net.osmand: RoutingHelper Recalculate route, because wrong movement direction: 1723776.1
06-29 13:42:39.765 23488 23488 I net.osmand: RoutingHelper Recalculate route, because correlation  : 1723743.7223726055
06-29 13:42:40.691 23488 23488 I chatty  : uid=10104(net.osmand) identical 1 line
06-29 13:42:40.697 23488 23488 I net.osmand: RoutingHelper Recalculate route, because correlation  : 1723743.7223726055
06-29 13:42:40.698 23488 23488 I net.osmand: RoutingHelper Recalculate route, because wrong movement direction: 1723776.1
06-29 13:42:40.947 23488 23488 I net.osmand: RoutingHelper Recalculate route, because correlation  : 1723743.7223726055
06-29 13:42:40.967 23488 23488 I net.osmand: RoutingHelper Recalculate route, because correlation  : 1723743.7223726055
06-29 13:42:40.967 23488 23488 I net.osmand: RoutingHelper Recalculate route, because wrong movement direction: 1723776.1
06-29 13:42:40.979  1600  1617 E BatteryExternalStatsWorker: modem info is invalid: ModemActivityInfo{ mTimestamp=0 mSleepTimeMs=0 mIdleTimeMs=0 mTxTimeMs[]=[0, 0, 0, 0, 0] mRxTimeMs=0 mEnergyUsed=0}
06-29 13:42:41.360 23488 23498 I zygote  : Background concurrent copying GC freed 156520(5MB) AllocSpace objects, 0(0B) LOS objects, 23% free, 19MB/25MB, paused 9.070ms total 642.736ms
06-29 13:42:41.682 23488 23488 I net.osmand: RoutingHelper Recalculate route, because correlation  : 1723743.7223726055
06-29 13:42:41.702 23488 23488 I net.osmand: RoutingHelper Recalculate route, because correlation  : 1723743.7223726055
06-29 13:42:41.702 23488 23488 I net.osmand: RoutingHelper Recalculate route, because wrong movement direction: 1723776.1
06-29 13:42:42.311 23488 23488 I net.osmand: RoutingHelper Recalculate route, because correlation  : 1723743.7223726055
06-29 13:42:42.321 23488 23488 I net.osmand: RoutingHelper Recalculate route, because correlation  : 1723743.7223726055
06-29 13:42:42.321 23488 23488 I net.osmand: RoutingHelper Recalculate route, because wrong movement direction: 1723776.1
06-29 13:42:42.683 23488 23488 I net.osmand: RoutingHelper Recalculate route, because correlation  : 1723743.7223726055
06-29 13:42:42.698 23488 23488 I net.osmand: RoutingHelper Recalculate route, because correlation  : 1723743.7223726055
06-29 13:42:42.699 23488 23488 I net.osmand: RoutingHelper Recalculate route, because wrong movement direction: 1723776.1
06-29 13:42:43.523  1600  2662 I WifiService: acquireWifiLock uid=10014 lockMode=2
06-29 13:42:43.614  1600  2100 I WifiService: releaseWifiLock uid=10014
06-29 13:42:43.761 23488 23488 I net.osmand: RoutingHelper Recalculate route, because correlation  : 1723743.7223726055
06-29 13:42:43.761 23488 23488 I net.osmand: RoutingHelper Recalculate route, because wrong movement direction: 1723776.1
06-29 13:42:43.780 23488 23488 I net.osmand: RoutingHelper Recalculate route, because correlation  : 1723743.7223726055
06-29 13:42:43.780 23488 23488 I net.osmand: RoutingHelper Recalculate route, because wrong movement direction: 1723776.1
06-29 13:42:43.784 23488 23488 I net.osmand: RoutingHelper Recalculate route, because correlation  : 1723743.7223726055
06-29 13:42:43.791 23488 23488 I net.osmand: RoutingHelper Recalculate route, because correlation  : 1723743.7223726055
06-29 13:42:44.667 25114 25202 E GoogleConversionReporter: Error sending ping
06-29 13:42:44.667 25114 25202 E GoogleConversionReporter: bdgr: Exception in CronetUrlRequest: net::ERR_QUIC_PROTOCOL_ERROR, ErrorCode=10, InternalErrorCode=-356, Retryable=false, QuicDetailedErrorCode=25
06-29 13:42:44.667 25114 25202 E GoogleConversionReporter: 	at org.chromium.net.impl.CronetUrlRequest.onError(SourceFile:173)
06-29 13:42:44.716 23488 23488 I net.osmand: RoutingHelper Recalculate route, because correlation  : 1723743.7223726055
06-29 13:42:44.726 23488 23488 I net.osmand: RoutingHelper Recalculate route, because correlation  : 1723743.7223726055
06-29 13:42:44.726 23488 23488 I net.osmand: RoutingHelper Recalculate route, because wrong movement direction: 1723776.1
06-29 13:42:45.122 23488 23488 I net.osmand: RoutingHelper Recalculate route, because correlation  : 1723743.7223726055
06-29 13:42:45.137 23488 23488 I net.osmand: RoutingHelper Recalculate route, because correlation  : 1723743.7223726055
06-29 13:42:45.137 23488 23488 I net.osmand: RoutingHelper Recalculate route, because wrong movement direction: 1723776.1
06-29 13:42:45.684 23488 23488 I net.osmand: RoutingHelper Recalculate route, because correlation  : 1723743.7223726055
06-29 13:42:45.696 23488 23488 I net.osmand: RoutingHelper Recalculate route, because correlation  : 1723743.7223726055
06-29 13:42:45.696 23488 23488 I net.osmand: RoutingHelper Recalculate route, because wrong movement direction: 1723776.1
06-29 13:42:46.120 23488 25346 I net.osmand:native: Run GC (before 57.661263 Mb after 44.791323 Mb) unload 250 of 807 tiles
06-29 13:42:46.482 23488 23488 I net.osmand: RoutingHelper Recalculate route, because correlation  : 1723743.7223726055
06-29 13:42:46.499 23488 23488 I net.osmand: RoutingHelper Recalculate route, because correlation  : 1723743.7223726055
06-29 13:42:46.499 23488 23488 I net.osmand: RoutingHelper Recalculate route, because wrong movement direction: 1723776.1
06-29 13:42:46.688 23488 23488 I net.osmand: RoutingHelper Recalculate route, because correlation  : 1723743.7223726055
06-29 13:42:46.710 23488 23488 I net.osmand: RoutingHelper Recalculate route, because correlation  : 1723743.7223726055
06-29 13:42:46.711 23488 23488 I net.osmand: RoutingHelper Recalculate route, because wrong movement direction: 1723776.1
06-29 13:42:47.685 23488 23488 I net.osmand: RoutingHelper Recalculate route, because correlation  : 1723743.7223726055
06-29 13:42:47.685 23488 23488 I net.osmand: RoutingHelper Recalculate route, because wrong movement direction: 1723776.1
06-29 13:42:47.777 23488 23488 I net.osmand: RoutingHelper Recalculate route, because correlation  : 1723743.7223726055
06-29 13:42:47.785 23488 23488 I net.osmand: RoutingHelper Recalculate route, because correlation  : 1723743.7223726055
06-29 13:42:47.785 23488 23488 I net.osmand: RoutingHelper Recalculate route, because wrong movement direction: 1723776.1
06-29 13:42:47.793 23488 23488 I net.osmand: RoutingHelper Recalculate route, because correlation  : 1723743.7223726055
06-29 13:42:48.709 23488 23488 I net.osmand: RoutingHelper Recalculate route, because correlation  : 1723743.7223726055
06-29 13:42:48.709 23488 23488 I net.osmand: RoutingHelper Recalculate route, because wrong movement direction: 1723776.1
06-29 13:42:48.760 23488 23488 I net.osmand: RoutingHelper Recalculate route, because correlation  : 1723743.7223726055
06-29 13:42:49.191 23488 23488 I net.osmand: RoutingHelper Recalculate route, because correlation  : 1723743.7223726055
06-29 13:42:49.191 23488 23488 I net.osmand: RoutingHelper Recalculate route, because wrong movement direction: 1723776.1
06-29 13:42:49.248 23488 23488 I net.osmand: RoutingHelper Recalculate route, because correlation  : 1723743.7223726055
06-29 13:42:49.688 23488 23488 I net.osmand: RoutingHelper Recalculate route, because correlation  : 1723743.7223726055
06-29 13:42:49.689 23488 23488 I net.osmand: RoutingHelper Recalculate route, because wrong movement direction: 1723776.1
06-29 13:42:49.704 23488 23488 I net.osmand: RoutingHelper Recalculate route, because correlation  : 1723743.7223726055
06-29 13:42:50.468 23488 23488 I net.osmand: RoutingHelper Recalculate route, because correlation  : 1723743.7223726055
06-29 13:42:50.469 23488 23488 I net.osmand: RoutingHelper Recalculate route, because wrong movement direction: 1723776.1
06-29 13:42:50.524 23488 23488 I net.osmand: RoutingHelper Recalculate route, because correlation  : 1723743.7223726055
06-29 13:42:50.711 23488 23488 I chatty  : uid=10104(net.osmand) identical 1 line
06-29 13:42:50.714 23488 23488 I net.osmand: RoutingHelper Recalculate route, because correlation  : 1723743.7223726055
06-29 13:42:50.714 23488 23488 I net.osmand: RoutingHelper Recalculate route, because wrong movement direction: 1723776.1
06-29 13:42:51.711 23488 23488 I net.osmand: RoutingHelper Recalculate route, because correlation  : 1723743.7223726055
06-29 13:42:51.712 23488 23488 I net.osmand: RoutingHelper Recalculate route, because wrong movement direction: 1723776.1
06-29 13:42:51.717 23488 23488 I net.osmand: RoutingHelper Recalculate route, because correlation  : 1723743.7223726055
06-29 13:42:51.914 23488 23488 I chatty  : uid=10104(net.osmand) identical 1 line
06-29 13:42:51.923 23488 23488 I net.osmand: RoutingHelper Recalculate route, because correlation  : 1723743.7223726055
06-29 13:42:51.923 23488 23488 I net.osmand: RoutingHelper Recalculate route, because wrong movement direction: 1723776.1
06-29 13:42:52.238  1964  1978 I zygote  : Background concurrent copying GC freed 142695(5MB) AllocSpace objects, 0(0B) LOS objects, 39% free, 9MB/15MB, paused 6.887ms total 515.614ms
06-29 13:42:52.709 23488 23488 I net.osmand: RoutingHelper Recalculate route, because correlation  : 1723743.7223726055
06-29 13:42:52.721 23488 23488 I net.osmand: RoutingHelper Recalculate route, because correlation  : 1723743.7223726055
06-29 13:42:52.722 23488 23488 I net.osmand: RoutingHelper Recalculate route, because wrong movement direction: 1723776.1
06-29 13:42:53.184 23488 23488 I net.osmand: RoutingHelper Recalculate route, because correlation  : 1723743.7223726055
06-29 13:42:53.189 23488 23488 I net.osmand: RoutingHelper Recalculate route, because correlation  : 1723743.7223726055
06-29 13:42:53.189 23488 23488 I net.osmand: RoutingHelper Recalculate route, because wrong movement direction: 1723776.1
06-29 13:42:53.709 23488 23488 I net.osmand: RoutingHelper Recalculate route, because correlation  : 1723743.7223726055
06-29 13:42:53.709 23488 23488 I net.osmand: RoutingHelper Recalculate route, because wrong movement direction: 1723776.1
06-29 13:42:53.765 23488 23488 I net.osmand: RoutingHelper Recalculate route, because correlation  : 1723743.7223726055
06-29 13:42:54.497 23488 23488 I net.osmand: RoutingHelper Recalculate route, because correlation  : 1723743.7223726055
06-29 13:42:54.497 23488 23488 I net.osmand: RoutingHelper Recalculate route, because wrong movement direction: 1723776.1
06-29 13:42:54.557 23488 23488 I net.osmand: RoutingHelper Recalculate route, because correlation  : 1723743.7223726055
06-29 13:42:54.699 23488 23488 D net.osmand: DayNightHelper Sunrise/sunset setting to day: true
06-29 13:42:54.715 23488 23488 I net.osmand: RoutingHelper Recalculate route, because correlation  : 1723743.7223726055
06-29 13:42:54.715 23488 23488 I net.osmand: RoutingHelper Recalculate route, because wrong movement direction: 1723776.1
06-29 13:42:54.778 23488 23488 I net.osmand: RoutingHelper Recalculate route, because correlation  : 1723743.7223726055
06-29 13:42:55.696 23488 23488 I net.osmand: RoutingHelper Recalculate route, because correlation  : 1723743.7223726055
06-29 13:42:55.697 23488 23488 I net.osmand: RoutingHelper Recalculate route, because wrong movement direction: 1723776.1
06-29 13:42:55.717 23488 23488 I net.osmand: RoutingHelper Recalculate route, because correlation  : 1723743.7223726055
06-29 13:42:55.723  1964  1964 I GeofencerStateMachine: sendNewTransitions called.
06-29 13:42:55.924 23488 23488 I net.osmand: RoutingHelper Recalculate route, because correlation  : 1723743.7223726055
06-29 13:42:55.961 23488 23488 I net.osmand: RoutingHelper Recalculate route, because correlation  : 1723743.7223726055
06-29 13:42:55.961 23488 23488 I net.osmand: RoutingHelper Recalculate route, because wrong movement direction: 1723776.1
06-29 13:42:56.698 23488 23488 I net.osmand: RoutingHelper Recalculate route, because correlation  : 1723743.7223726055
06-29 13:42:56.699 23488 23488 I net.osmand: RoutingHelper Recalculate route, because wrong movement direction: 1723776.1
06-29 13:42:56.761 23488 23488 I net.osmand: RoutingHelper Recalculate route, because correlation  : 1723743.7223726055
06-29 13:42:57.277 23488 23488 I net.osmand: RoutingHelper Recalculate route, because correlation  : 1723743.7223726055
06-29 13:42:57.277 23488 23488 I net.osmand: RoutingHelper Recalculate route, because wrong movement direction: 1723776.1
06-29 13:42:57.329 23488 23488 I net.osmand: RoutingHelper Recalculate route, because correlation  : 1723743.7223726055
06-29 13:42:57.700 23488 23488 I net.osmand: RoutingHelper Recalculate route, because correlation  : 1723743.7223726055
06-29 13:42:57.701 23488 23488 I net.osmand: RoutingHelper Recalculate route, because wrong movement direction: 1723776.1
06-29 13:42:57.758 23488 23488 I net.osmand: RoutingHelper Recalculate route, because correlation  : 1723743.7223726055
06-29 13:42:58.544 23488 23488 I net.osmand: RoutingHelper Recalculate route, because correlation  : 1723743.7223726055
06-29 13:42:58.544 23488 23488 I net.osmand: RoutingHelper Recalculate route, because wrong movement direction: 1723776.1
06-29 13:42:58.616 23488 23488 I net.osmand: RoutingHelper Recalculate route, because correlation  : 1723743.7223726055
06-29 13:42:58.717 23488 23488 I chatty  : uid=10104(net.osmand) identical 1 line
06-29 13:42:58.747 23488 23488 I net.osmand: RoutingHelper Recalculate route, because correlation  : 1723743.7223726055
06-29 13:42:58.748 23488 23488 I net.osmand: RoutingHelper Recalculate route, because wrong movement direction: 1723776.1
06-29 13:42:59.709 23488 23488 I net.osmand: RoutingHelper Recalculate route, because correlation  : 1723743.7223726055
06-29 13:42:59.709 23488 23488 I net.osmand: RoutingHelper Recalculate route, because wrong movement direction: 1723776.1
06-29 13:42:59.821 23488 23488 I net.osmand: RoutingHelper Recalculate route, because correlation  : 1723743.7223726055
06-29 13:42:59.989 23488 23488 I chatty  : uid=10104(net.osmand) identical 1 line
06-29 13:42:59.992 23488 23488 I net.osmand: RoutingHelper Recalculate route, because correlation  : 1723743.7223726055
06-29 13:42:59.992 23488 23488 I net.osmand: RoutingHelper Recalculate route, because wrong movement direction: 1723776.1
06-29 13:43:00.710 23488 23488 I net.osmand: RoutingHelper Recalculate route, because correlation  : 1723743.7223726055
06-29 13:43:00.711 23488 23488 I net.osmand: RoutingHelper Recalculate route, because wrong movement direction: 1723776.1
06-29 13:43:00.714 23488 23488 I net.osmand: RoutingHelper Recalculate route, because correlation  : 1723743.7223726055
06-29 13:43:01.282 23488 23488 I net.osmand: RoutingHelper Recalculate route, because correlation  : 1723743.7223726055
06-29 13:43:01.282 23488 23488 I net.osmand: RoutingHelper Recalculate route, because wrong movement direction: 1723776.1
06-29 13:43:01.341 23488 23488 I net.osmand: RoutingHelper Recalculate route, because correlation  : 1723743.7223726055
06-29 13:43:01.694 23488 23488 I net.osmand: RoutingHelper Recalculate route, because correlation  : 1723743.7223726055
06-29 13:43:01.694 23488 23488 I net.osmand: RoutingHelper Recalculate route, because wrong movement direction: 1723776.1
06-29 13:43:01.711 23488 23488 I net.osmand: RoutingHelper Recalculate route, because correlation  : 1723743.7223726055
06-29 13:43:02.600 23488 23488 I net.osmand: RoutingHelper Recalculate route, because correlation  : 1723743.7223726055
06-29 13:43:02.600 23488 23488 I net.osmand: RoutingHelper Recalculate route, because wrong movement direction: 1723776.1
06-29 13:43:02.613 23488 23488 I net.osmand: RoutingHelper Recalculate route, because correlation  : 1723743.7223726055
06-29 13:43:02.732 23488 23488 I chatty  : uid=10104(net.osmand) identical 1 line
06-29 13:43:02.741 23488 23488 I net.osmand: RoutingHelper Recalculate route, because correlation  : 1723743.7223726055
06-29 13:43:02.741 23488 23488 I net.osmand: RoutingHelper Recalculate route, because wrong movement direction: 1723776.1
06-29 13:43:03.700 23488 23488 I net.osmand: RoutingHelper Recalculate route, because correlation  : 1723743.7223726055
06-29 13:43:03.700 23488 23488 I net.osmand: RoutingHelper Recalculate route, because wrong movement direction: 1723776.1
06-29 13:43:03.830 23488 23488 I net.osmand: RoutingHelper Recalculate route, because correlation  : 1723743.7223726055
06-29 13:43:03.987 23488 23488 I net.osmand: RoutingHelper Recalculate route, because correlation  : 1723743.7223726055
06-29 13:43:03.987 23488 23488 I net.osmand: RoutingHelper Recalculate route, because wrong movement direction: 1723776.1
06-29 13:43:04.055 23488 23488 I net.osmand: RoutingHelper Recalculate route, because correlation  : 1723743.7223726055
06-29 13:43:04.573  1600  2662 I WifiService: acquireWifiLock uid=10014 lockMode=2
06-29 13:43:04.698 23488 23488 I net.osmand: RoutingHelper Recalculate route, because correlation  : 1723743.7223726055
06-29 13:43:04.698 23488 23488 I net.osmand: RoutingHelper Recalculate route, because wrong movement direction: 1723776.1
06-29 13:43:04.801 23488 23488 I net.osmand: RoutingHelper Recalculate route, because correlation  : 1723743.7223726055
06-29 13:43:05.318 23488 23488 I chatty  : uid=10104(net.osmand) identical 1 line
06-29 13:43:05.329 23488 23488 I net.osmand: RoutingHelper Recalculate route, because correlation  : 1723743.7223726055
06-29 13:43:05.329 23488 23488 I net.osmand: RoutingHelper Recalculate route, because wrong movement direction: 1723776.1
06-29 13:43:05.640  1600  1609 I zygote  : Background concurrent copying GC freed 60947(2MB) AllocSpace objects, 0(0B) LOS objects, 21% free, 22MB/28MB, paused 1.231ms total 475.118ms
06-29 13:43:05.693 23488 23488 I net.osmand: RoutingHelper Recalculate route, because correlation  : 1723743.7223726055
06-29 13:43:05.707 23488 23488 I net.osmand: RoutingHelper Recalculate route, because correlation  : 1723743.7223726055
06-29 13:43:05.707 23488 23488 I net.osmand: RoutingHelper Recalculate route, because wrong movement direction: 1723776.1
06-29 13:43:06.643 23488 23488 I net.osmand: RoutingHelper Recalculate route, because correlation  : 1723743.7223726055
06-29 13:43:06.646 23488 23488 I net.osmand: RoutingHelper Recalculate route, because correlation  : 1723743.7223726055
06-29 13:43:06.646 23488 23488 I net.osmand: RoutingHelper Recalculate route, because wrong movement direction: 1723776.1
06-29 13:43:06.760 23488 23488 I net.osmand: RoutingHelper Recalculate route, because correlation  : 1723743.7223726055
06-29 13:43:06.777 23488 23488 I net.osmand: RoutingHelper Recalculate route, because correlation  : 1723743.7223726055
06-29 13:43:06.777 23488 23488 I net.osmand: RoutingHelper Recalculate route, because wrong movement direction: 1723776.1
06-29 13:43:07.554  1600  2662 D WificondControl: Scan result ready event
06-29 13:43:07.726 23488 23488 I net.osmand: RoutingHelper Recalculate route, because correlation  : 1723743.7223726055
06-29 13:43:07.734  1600  2100 I WifiService: releaseWifiLock uid=10014
06-29 13:43:07.748 23488 23488 I net.osmand: RoutingHelper Recalculate route, because correlation  : 1723743.7223726055
06-29 13:43:07.748 23488 23488 I net.osmand: RoutingHelper Recalculate route, because wrong movement direction: 1723776.1
06-29 13:43:08.137 23488 23488 I net.osmand: RoutingHelper Recalculate route, because correlation  : 1723743.7223726055
06-29 13:43:08.137 23488 23488 I net.osmand: RoutingHelper Recalculate route, because wrong movement direction: 1723776.1
06-29 13:43:08.228 23488 23488 I net.osmand: RoutingHelper Recalculate route, because correlation  : 1723743.7223726055
06-29 13:43:08.699 23488 23488 I net.osmand: RoutingHelper Recalculate route, because correlation  : 1723743.7223726055
06-29 13:43:08.699 23488 23488 I net.osmand: RoutingHelper Recalculate route, because wrong movement direction: 1723776.1
06-29 13:43:08.764 23488 23488 I net.osmand: RoutingHelper Recalculate route, because correlation  : 1723743.7223726055
06-29 13:43:09.605 23488 23488 I chatty  : uid=10104(net.osmand) identical 1 line
06-29 13:43:09.611 23488 23488 I net.osmand: RoutingHelper Recalculate route, because correlation  : 1723743.7223726055
06-29 13:43:09.611 23488 23488 I net.osmand: RoutingHelper Recalculate route, because wrong movement direction: 1723776.1
06-29 13:43:09.740 23488 23488 I net.osmand: RoutingHelper Recalculate route, because correlation  : 1723743.7223726055
06-29 13:43:09.745 23488 23488 I net.osmand: RoutingHelper Recalculate route, because correlation  : 1723743.7223726055
06-29 13:43:09.746 23488 23488 I net.osmand: RoutingHelper Recalculate route, because wrong movement direction: 1723776.1
06-29 13:43:10.694 23488 23488 I net.osmand: RoutingHelper Recalculate route, because correlation  : 1723743.7223726055
06-29 13:43:10.727 23488 23488 I net.osmand: RoutingHelper Recalculate route, because correlation  : 1723743.7223726055
06-29 13:43:10.727 23488 23488 I net.osmand: RoutingHelper Recalculate route, because wrong movement direction: 1723776.1
06-29 13:43:10.934 23488 23488 I net.osmand: RoutingHelper Recalculate route, because correlation  : 1723743.7223726055
06-29 13:43:10.957 23488 23488 I net.osmand: RoutingHelper Recalculate route, because correlation  : 1723743.7223726055
06-29 13:43:10.958 23488 23488 I net.osmand: RoutingHelper Recalculate route, because wrong movement direction: 1723776.1
06-29 13:43:11.702 23488 23488 I net.osmand: RoutingHelper Recalculate route, because correlation  : 1723743.7223726055
06-29 13:43:11.721 23488 23488 I net.osmand: RoutingHelper Recalculate route, because correlation  : 1723743.7223726055
06-29 13:43:11.721 23488 23488 I net.osmand: RoutingHelper Recalculate route, because wrong movement direction: 1723776.1
06-29 13:43:12.206 23488 23488 I net.osmand: RoutingHelper Recalculate route, because correlation  : 1723743.7223726055
06-29 13:43:12.246 23488 23488 I net.osmand: RoutingHelper Recalculate route, because correlation  : 1723743.7223726055
06-29 13:43:12.246 23488 23488 I net.osmand: RoutingHelper Recalculate route, because wrong movement direction: 1723776.1
06-29 13:43:12.697 23488 23488 I net.osmand: RoutingHelper Recalculate route, because correlation  : 1723743.7223726055
06-29 13:43:12.712 23488 23488 I net.osmand: RoutingHelper Recalculate route, because correlation  : 1723743.7223726055
06-29 13:43:12.712 23488 23488 I net.osmand: RoutingHelper Recalculate route, because wrong movement direction: 1723776.1
06-29 13:43:13.484 23488 23488 I net.osmand: RoutingHelper Recalculate route, because correlation  : 1723743.7223726055
06-29 13:43:13.484 23488 23488 I net.osmand: RoutingHelper Recalculate route, because wrong movement direction: 1723776.1
06-29 13:43:13.586 23488 23488 I net.osmand: RoutingHelper Recalculate route, because correlation  : 1723743.7223726055
06-29 13:43:13.711 23488 23488 I chatty  : uid=10104(net.osmand) identical 1 line
06-29 13:43:13.716 23488 23488 I net.osmand: RoutingHelper Recalculate route, because correlation  : 1723743.7223726055
06-29 13:43:13.716 23488 23488 I net.osmand: RoutingHelper Recalculate route, because wrong movement direction: 1723776.1
06-29 13:43:13.998 23488 25346 I net.osmand:native: Run GC (before 57.630043 Mb after 44.766674 Mb) unload 211 of 810 tiles
06-29 13:43:14.704 23488 23488 I net.osmand: RoutingHelper Recalculate route, because correlation  : 1723743.7223726055
06-29 13:43:14.716 23488 23488 I net.osmand: RoutingHelper Recalculate route, because correlation  : 1723743.7223726055
06-29 13:43:14.717 23488 23488 I net.osmand: RoutingHelper Recalculate route, because wrong movement direction: 1723776.1
06-29 13:43:14.944 23488 23488 I net.osmand: RoutingHelper Recalculate route, because correlation  : 1723743.7223726055
06-29 13:43:14.944 23488 23488 I net.osmand: RoutingHelper Recalculate route, because wrong movement direction: 1723776.1
06-29 13:43:15.004 23488 23488 I net.osmand: RoutingHelper Recalculate route, because correlation  : 1723743.7223726055
06-29 13:43:15.701 23488 23488 I net.osmand: RoutingHelper Recalculate route, because correlation  : 1723743.7223726055
06-29 13:43:15.701 23488 23488 I net.osmand: RoutingHelper Recalculate route, because wrong movement direction: 1723776.1
06-29 13:43:15.762 23488 23488 I net.osmand: RoutingHelper Recalculate route, because correlation  : 1723743.7223726055
06-29 13:43:16.236 23488 23488 I chatty  : uid=10104(net.osmand) identical 1 line
06-29 13:43:16.254 23488 23488 I net.osmand: RoutingHelper Recalculate route, because correlation  : 1723743.7223726055
06-29 13:43:16.254 23488 23488 I net.osmand: RoutingHelper Recalculate route, because wrong movement direction: 1723776.1
06-29 13:43:16.721 23488 23488 I net.osmand: RoutingHelper Recalculate route, because correlation  : 1723743.7223726055
06-29 13:43:16.726 23488 23488 I net.osmand: RoutingHelper Recalculate route, because correlation  : 1723743.7223726055
06-29 13:43:16.726 23488 23488 I net.osmand: RoutingHelper Recalculate route, because wrong movement direction: 1723776.1
06-29 13:43:17.538 23488 23488 I net.osmand: RoutingHelper Recalculate route, because correlation  : 1723743.7223726055
06-29 13:43:17.567 23488 23488 I net.osmand: RoutingHelper Recalculate route, because correlation  : 1723743.7223726055
06-29 13:43:17.567 23488 23488 I net.osmand: RoutingHelper Recalculate route, because wrong movement direction: 1723776.1
06-29 13:43:17.722 23488 23488 I net.osmand: RoutingHelper Recalculate route, because correlation  : 1723743.7223726055
06-29 13:43:17.728 23488 23488 I net.osmand: RoutingHelper Recalculate route, because correlation  : 1723743.7223726055
06-29 13:43:17.728 23488 23488 I net.osmand: RoutingHelper Recalculate route, because wrong movement direction: 1723776.1
06-29 13:43:18.712 23488 23488 I net.osmand: RoutingHelper Recalculate route, because correlation  : 1723743.7223726055
06-29 13:43:18.728 23488 23488 I net.osmand: RoutingHelper Recalculate route, because correlation  : 1723743.7223726055
06-29 13:43:18.728 23488 23488 I net.osmand: RoutingHelper Recalculate route, because wrong movement direction: 1723776.1
06-29 13:43:18.925 23488 23488 I net.osmand: RoutingHelper Recalculate route, because correlation  : 1723743.7223726055
06-29 13:43:18.934 23488 23488 I net.osmand: RoutingHelper Recalculate route, because correlation  : 1723743.7223726055
06-29 13:43:18.935 23488 23488 I net.osmand: RoutingHelper Recalculate route, because wrong movement direction: 1723776.1
06-29 13:43:19.715 23488 23488 I net.osmand: RoutingHelper Recalculate route, because correlation  : 1723743.7223726055
06-29 13:43:19.719 23488 23488 I net.osmand: RoutingHelper Recalculate route, because correlation  : 1723743.7223726055
06-29 13:43:19.719 23488 23488 I net.osmand: RoutingHelper Recalculate route, because wrong movement direction: 1723776.1
06-29 13:43:20.179 23488 23488 I net.osmand: RoutingHelper Recalculate route, because correlation  : 1723743.7223726055
06-29 13:43:20.238 23488 23488 I net.osmand: RoutingHelper Recalculate route, because correlation  : 1723743.7223726055
06-29 13:43:20.238 23488 23488 I net.osmand: RoutingHelper Recalculate route, because wrong movement direction: 1723776.1
06-29 13:43:20.704 23488 23488 I net.osmand: RoutingHelper Recalculate route, because correlation  : 1723743.7223726055
06-29 13:43:20.704 23488 23488 I net.osmand: RoutingHelper Recalculate route, because wrong movement direction: 1723776.1
06-29 13:43:20.775 23488 23488 I net.osmand: RoutingHelper Recalculate route, because correlation  : 1723743.7223726055
06-29 13:43:21.494 23488 23488 I net.osmand: RoutingHelper Recalculate route, because correlation  : 1723743.7223726055
06-29 13:43:21.494 23488 23488 I net.osmand: RoutingHelper Recalculate route, because wrong movement direction: 1723776.1
06-29 13:43:21.549 23488 23488 I net.osmand: RoutingHelper Recalculate route, because correlation  : 1723743.7223726055
06-29 13:43:21.709 23488 23488 I chatty  : uid=10104(net.osmand) identical 1 line
06-29 13:43:21.715 23488 23488 I net.osmand: RoutingHelper Recalculate route, because correlation  : 1723743.7223726055
06-29 13:43:21.715 23488 23488 I net.osmand: RoutingHelper Recalculate route, because wrong movement direction: 1723776.1
06-29 13:43:22.719 23488 23488 I net.osmand: RoutingHelper Recalculate route, because correlation  : 1723743.7223726055
06-29 13:43:22.719 23488 23488 I net.osmand: RoutingHelper Recalculate route, because wrong movement direction: 1723776.1
06-29 13:43:22.765 23488 23488 I net.osmand: RoutingHelper Recalculate route, because correlation  : 1723743.7223726055
06-29 13:43:22.909 23488 23488 I chatty  : uid=10104(net.osmand) identical 1 line
06-29 13:43:22.915 23488 23488 I net.osmand: RoutingHelper Recalculate route, because correlation  : 1723743.7223726055
06-29 13:43:22.916 23488 23488 I net.osmand: RoutingHelper Recalculate route, because wrong movement direction: 1723776.1
06-29 13:43:23.322  1406  1406 I boot-pipe: done populating /dev/random
06-29 13:43:23.702 23488 23488 I net.osmand: RoutingHelper Recalculate route, because correlation  : 1723743.7223726055
06-29 13:43:23.717 23488 23488 I net.osmand: RoutingHelper Recalculate route, because correlation  : 1723743.7223726055
06-29 13:43:23.717 23488 23488 I net.osmand: RoutingHelper Recalculate route, because wrong movement direction: 1723776.1
06-29 13:43:24.217 23488 23488 I net.osmand: RoutingHelper Recalculate route, because correlation  : 1723743.7223726055
06-29 13:43:24.217 23488 23488 I net.osmand: RoutingHelper Recalculate route, because wrong movement direction: 1723776.1
06-29 13:43:24.236 23488 23488 I net.osmand: RoutingHelper Recalculate route, because correlation  : 1723743.7223726055
06-29 13:43:24.584  1600  1613 E memtrack: Couldn't load memtrack module
06-29 13:43:24.584  1600  1613 W android.os.Debug: failed to get memory consumption info: -1
