07-17 14:11:51.552 11993 11993 V mireo   : j: GPS.setNative: 1563387112000 | Location[fused -5.497898,-42.640653 hAcc=12 et=+1d9h6m37s242ms vel=0.0 bear=0.0 vAcc=??? sAcc=??? bAcc=???]
07-17 14:11:52.553 11993 11993 V mireo   : j: GPS.setNative: 1563387113000 | Location[fused -5.495686,-42.640328 hAcc=12 et=+1d9h6m38s344ms vel=0.0 bear=0.0 vAcc=??? sAcc=??? bAcc=???]
07-17 14:11:53.560 11993 11993 V mireo   : j: GPS.setNative: 1563387114000 | Location[fused -5.493329,-42.639967 hAcc=12 et=+1d9h6m39s499ms vel=0.0 bear=0.0 vAcc=??? sAcc=??? bAcc=???]
07-17 14:11:54.561 11993 11993 V mireo   : j: GPS.setNative: 1563387115000 | Location[fused -5.490867,-42.639579 hAcc=12 et=+1d9h6m40s592ms vel=0.0 bear=0.0 vAcc=??? sAcc=??? bAcc=???]
07-17 14:11:55.226 21823 21833 I chatty  : uid=10104(net.osmand) HeapTaskDaemon expire 4 lines
07-17 14:11:55.684 21823 21850 I chatty  : uid=10104(net.osmand) RenderingBaseIm expire 54 lines
07-17 14:11:55.763 11993 11993 V mireo   : j: GPS.setNative: 1563387116000 | Location[fused -5.488328,-42.639171 hAcc=12 et=+1d9h6m41s704ms vel=0.0 bear=0.0 vAcc=??? sAcc=??? bAcc=???]
07-17 14:11:56.790 10923 10923 I GeofencerStateMachine: sendNewTransitions called.
07-17 14:11:56.905 10923 10923 I GeofencerStateMachine: sendNewTransitions called.
07-17 14:11:56.931 10923 10923 I GeofencerStateMachine: sendNewLocationAvailability: availability=LocationAvailability[isLocationAvailable: true]
07-17 14:11:57.575 11993 11993 V mireo   : j: GPS.setNative: 1563387117000 | Location[fused -5.485735,-42.638750 hAcc=12 et=+1d9h6m42s821ms vel=0.0 vAcc=??? sAcc=??? bAcc=???]
07-17 14:11:57.926 21823 21823 I chatty  : uid=10104(net.osmand) expire 12 lines
07-17 14:11:58.021 21823 24930 I chatty  : uid=10104(net.osmand) expire 25 lines
07-17 14:11:58.577 11993 11993 V mireo   : j: GPS.setNative: 1563387118000 | Location[fused -5.483854,-42.638444 hAcc=12 et=+1d9h6m43s874ms vel=0.0 vAcc=??? sAcc=??? bAcc=???]
07-17 14:11:59.616 11993 11993 V mireo   : j: GPS.setNative: 1563387119000 | Location[fused -5.481737,-42.638097 hAcc=12 et=+1d9h6m44s882ms vel=0.0 vAcc=??? sAcc=??? bAcc=???]
07-17 14:12:00.457 10586 10664 I zygote  : IncrementDisableThreadFlip blocked for 11.268ms
07-17 14:12:00.457 10586 11027 I zygote  : IncrementDisableThreadFlip blocked for 11.721ms
07-17 14:12:00.460 10586 10586 I zygote  : IncrementDisableThreadFlip blocked for 12.236ms
07-17 14:12:00.626 11993 11993 V mireo   : j: GPS.setNative: 1563387121000 | Location[fused -5.477036,-42.637319 hAcc=12 et=+1d9h6m46s240ms vel=0.0 bear=0.0 vAcc=??? sAcc=??? bAcc=???]
07-17 14:12:00.764 10586 10595 I zygote  : Background concurrent copying GC freed 137304(4MB) AllocSpace objects, 26(1352KB) LOS objects, 20% free, 23MB/29MB, paused 933us total 331.308ms
07-17 14:12:00.979 21823 21849 I chatty  : uid=10104(net.osmand) Loader map obje expire 52 lines
07-17 14:12:01.349 21823 24931 I chatty  : uid=10104(net.osmand) expire 25 lines
07-17 14:12:01.626 11993 11993 V mireo   : j: GPS.setNative: 1563387122000 | Location[fused -5.476039,-42.637154 hAcc=12 et=+1d9h6m47s386ms vel=0.0 bear=0.0 vAcc=??? sAcc=??? bAcc=???]
07-17 14:12:01.697 10586 11509 I WifiService: acquireWifiLock uid=10014 lockMode=2
07-17 14:12:01.707 10586 10599 E memtrack: Couldn't load memtrack module
07-17 14:12:01.707 10586 10599 W android.os.Debug: failed to get memory consumption info: -1
07-17 14:12:01.786 10586 10967 I WifiService: releaseWifiLock uid=10014
07-17 14:12:02.094 10586 10599 E memtrack: Couldn't load memtrack module
07-17 14:12:02.094 10586 10599 W android.os.Debug: failed to get memory consumption info: -1
07-17 14:12:02.491 10923 10923 I GeofencerStateMachine: sendNewTransitions called.
07-17 14:12:02.572 10923 10923 I GeofencerStateMachine: sendNewTransitions called.
07-17 14:12:02.590 10923 10923 I GeofencerStateMachine: sendNewLocationAvailability: availability=LocationAvailability[isLocationAvailable: true]
07-17 14:12:02.628 11993 11993 V mireo   : j: GPS.setNative: 1563387123000 | Location[fused -5.474025,-42.636820 hAcc=12 et=+1d9h6m48s508ms vel=0.0 bear=0.0 vAcc=??? sAcc=??? bAcc=???]
07-17 14:12:02.844 11993 12003 I zygote  : Background concurrent copying GC freed 55465(2MB) AllocSpace objects, 5(100KB) LOS objects, 49% free, 2MB/4MB, paused 7.043ms total 69.726ms
07-17 14:12:03.632 11993 11993 V mireo   : j: GPS.setNative: 1563387124000 | Location[fused -5.473075,-42.636662 hAcc=12 et=+1d9h6m49s612ms vel=0.0 bear=0.0 vAcc=??? sAcc=??? bAcc=???]
07-17 14:12:04.786 11993 11993 V mireo   : j: GPS.setNative: 1563387125000 | Location[fused -5.471626,-42.636477 hAcc=12 et=+1d9h6m50s740ms vel=0.0 bear=0.0 vAcc=??? sAcc=??? bAcc=???]
07-17 14:12:05.110 21823 21849 I chatty  : uid=10104(net.osmand) Loader map obje expire 140 lines
07-17 14:12:05.848 21823 21850 I chatty  : uid=10104(net.osmand) RenderingBaseIm expire 44 lines
07-17 14:12:06.289 21823 21833 I chatty  : uid=10104(net.osmand) HeapTaskDaemon expire 5 lines
07-17 14:12:06.641 11993 11993 V mireo   : j: GPS.setNative: 1563387126000 | Location[fused -5.469816,-42.636274 hAcc=12 et=+1d9h6m51s849ms alt=0.0 vAcc=40 sAcc=??? bAcc=??? {Bundle[mParcelledData.dataSize=52]}]
07-17 14:12:07.642 11993 11993 V mireo   : j: GPS.setNative: 1563387127000 | Location[fused -5.468507,-42.636126 hAcc=12 et=+1d9h6m52s880ms vel=0.0 vAcc=??? sAcc=??? bAcc=???]
07-17 14:12:07.846 10923 10923 I GeofencerStateMachine: sendNewTransitions called.
07-17 14:12:07.949 10923 10923 I GeofencerStateMachine: sendNewTransitions called.
07-17 14:12:07.998 10923 10923 I GeofencerStateMachine: sendNewLocationAvailability: availability=LocationAvailability[isLocationAvailable: true]
07-17 14:12:08.644 11993 11993 V mireo   : j: GPS.setNative: 1563387128000 | Location[fused -5.466797,-42.635949 hAcc=12 et=+1d9h6m53s884ms vel=0.0 vAcc=??? sAcc=??? bAcc=???]
07-17 14:12:09.647 11993 11993 V mireo   : j: GPS.setNative: 1563387130000 | Location[fused -5.462590,-42.635537 hAcc=12 et=+1d9h6m55s283ms vel=0.0 bear=0.0 vAcc=??? sAcc=??? bAcc=???]
07-17 14:12:10.653 11993 11993 V mireo   : j: GPS.setNative: 1563387131000 | Location[fused -5.460229,-42.635312 hAcc=12 et=+1d9h6m56s393ms vel=0.0 bear=0.0 vAcc=??? sAcc=??? bAcc=???]
07-17 14:12:11.662 11993 11993 V mireo   : j: GPS.setNative: 1563387132000 | Location[fused -5.457757,-42.635079 hAcc=12 et=+1d9h6m57s556ms alt=0.0 vAcc=40 sAcc=??? bAcc=??? {Bundle[mParcelledData.dataSize=52]}]
07-17 14:12:12.619 21823 21823 I chatty  : uid=10104(net.osmand) expire 10 lines
07-17 14:12:12.664 11993 11993 V mireo   : j: GPS.setNative: 1563387133000 | Location[fused -5.455205,-42.634840 hAcc=12 et=+1d9h6m58s664ms vel=0.0 bear=0.0 vAcc=??? sAcc=??? bAcc=???]
07-17 14:12:13.757 10923 10923 I GeofencerStateMachine: sendNewTransitions called.
07-17 14:12:13.761 21823 24937 I chatty  : uid=10104(net.osmand) expire 25 lines
07-17 14:12:13.877 10923 10923 I GeofencerStateMachine: sendNewTransitions called.
07-17 14:12:13.909 11993 11993 V mireo   : j: GPS.setNative: 1563387134000 | Location[fused -5.454113,-42.634737 hAcc=12 et=+1d9h6m59s762ms vel=0.0 bear=0.0 vAcc=??? sAcc=??? bAcc=???]
07-17 14:12:13.920 10923 10923 I GeofencerStateMachine: sendNewLocationAvailability: availability=LocationAvailability[isLocationAvailable: true]
07-17 14:12:14.910 11993 11993 V mireo   : j: GPS.setNative: 1563387135000 | Location[fused -5.452318,-42.634569 hAcc=12 et=+1d9h7m0s888ms vel=0.0 vAcc=??? sAcc=??? bAcc=???]
07-17 14:12:15.445 10686 10707 I zygote  : Background concurrent copying GC freed 151603(6MB) AllocSpace objects, 0(0B) LOS objects, 32% free, 12MB/18MB, paused 1.446ms total 309.665ms
07-17 14:12:15.636 21823 21849 I chatty  : uid=10104(net.osmand) Loader map obje expire 19 lines
07-17 14:12:15.916 11993 11993 V mireo   : j: GPS.setNative: 1563387136000 | Location[fused -5.451016,-42.634448 hAcc=12 et=+1d9h7m1s887ms vel=0.0 vAcc=??? sAcc=??? bAcc=???]
07-17 14:12:16.918 11993 11993 V mireo   : j: GPS.setNative: 1563387137000 | Location[fused -5.450071,-42.634360 hAcc=12 et=+1d9h7m2s886ms alt=0.0 vAcc=40 sAcc=??? bAcc=??? {Bundle[mParcelledData.dataSize=52]}]
07-17 14:12:17.209 21823 21850 I chatty  : uid=10104(net.osmand) RenderingBaseIm expire 56 lines
07-17 14:12:18.026 21823 21849 I chatty  : uid=10104(net.osmand) Loader map obje expire 125 lines
07-17 14:12:18.248 21823 21823 I chatty  : uid=10104(net.osmand) expire 10 lines
07-17 14:12:18.674 11993 11993 V mireo   : j: GPS.setNative: 1563387139000 | Location[fused -5.446821,-42.634457 hAcc=12 et=+1d9h7m4s289ms vel=0.0 bear=0.0 vAcc=??? sAcc=??? bAcc=???]
07-17 14:12:19.394 10923 10923 I GeofencerStateMachine: sendNewTransitions called.
07-17 14:12:19.477 10923 10923 I GeofencerStateMachine: sendNewTransitions called.
07-17 14:12:19.498 10923 10923 I GeofencerStateMachine: sendNewLocationAvailability: availability=LocationAvailability[isLocationAvailable: true]
07-17 14:12:19.681 11993 11993 V mireo   : j: GPS.setNative: 1563387140000 | Location[fused -5.444751,-42.634595 hAcc=12 et=+1d9h7m5s412ms vel=0.0 bear=0.0 vAcc=??? sAcc=??? bAcc=???]
07-17 14:12:20.113 21823 21833 I chatty  : uid=10104(net.osmand) HeapTaskDaemon expire 4 lines
07-17 14:12:20.718 11993 11993 V mireo   : j: GPS.setNative: 1563387141000 | Location[fused -5.442492,-42.634771 hAcc=12 et=+1d9h7m6s506ms vel=0.0 bear=0.0 vAcc=??? sAcc=??? bAcc=???]
07-17 14:12:21.035 10923 10923 I GeofencerStateMachine: sendNewLocationAvailability: availability=LocationAvailability[isLocationAvailable: true]
07-17 14:12:21.230 11993 12003 I zygote  : Background concurrent copying GC freed 58590(2MB) AllocSpace objects, 3(60KB) LOS objects, 50% free, 2MB/4MB, paused 921us total 136.310ms
07-17 14:12:21.268 10586 10595 I zygote  : Background concurrent copying GC freed 129237(4MB) AllocSpace objects, 24(1248KB) LOS objects, 20% free, 23MB/29MB, paused 1.204ms total 678.203ms
07-17 14:12:21.300 10923 10934 I zygote  : Background concurrent copying GC freed 193049(6MB) AllocSpace objects, 0(0B) LOS objects, 40% free, 8MB/14MB, paused 6.537ms total 311.545ms
07-17 14:12:21.721 11993 11993 V mireo   : j: GPS.setNative: 1563387142000 | Location[fused -5.440094,-42.634975 hAcc=12 et=+1d9h7m7s609ms vel=0.0 bear=0.0 vAcc=??? sAcc=??? bAcc=???]
07-17 14:12:21.825 10586 13863 I WifiService: acquireWifiLock uid=10014 lockMode=2
07-17 14:12:22.733 11993 11993 V mireo   : j: GPS.setNative: 1563387143000 | Location[fused -5.438089,-42.635150 hAcc=12 et=+1d9h7m8s705ms vel=0.0 bear=0.0 vAcc=??? sAcc=??? bAcc=???]
07-17 14:12:23.939 11993 11993 V mireo   : j: GPS.setNative: 1563387144000 | Location[fused -5.436634,-42.635277 hAcc=12 et=+1d9h7m9s822ms vel=0.0 vAcc=??? sAcc=??? bAcc=???]
07-17 14:12:24.813 10586 10794 D WificondControl: Scan result ready event
07-17 14:12:24.940 10923 10923 I GeofencerStateMachine: sendNewTransitions called.
07-17 14:12:24.940 11993 11993 V mireo   : j: GPS.setNative: 1563387145000 | Location[fused -5.435579,-42.635369 hAcc=12 et=+1d9h7m10s888ms alt=0.0 vAcc=40 sAcc=??? bAcc=??? {Bundle[mParcelledData.dataSize=52]}]
07-17 14:12:24.988 10923 10923 I GeofencerStateMachine: sendNewTransitions called.
07-17 14:12:25.013 10923 10923 I GeofencerStateMachine: sendNewLocationAvailability: availability=LocationAvailability[isLocationAvailable: true]
07-17 14:12:25.062 10586 13668 I WifiService: releaseWifiLock uid=10014
07-17 14:12:25.942 11993 11993 V mireo   : j: GPS.setNative: 1563387146000 | Location[fused -5.433549,-42.635764 hAcc=12 et=+1d9h7m11s891ms vel=0.0 vAcc=??? sAcc=??? bAcc=???]
07-17 14:12:26.854 10586 10967 I WifiService: acquireWifiLock uid=10014 lockMode=2
07-17 14:12:26.902 10586 10599 E memtrack: Couldn't load memtrack module
07-17 14:12:26.902 10586 10599 W android.os.Debug: failed to get memory consumption info: -1
07-17 14:12:26.943 11993 11993 V mireo   : j: GPS.setNative: 1563387146863 | Location[fused -5.430844,-42.636627 hAcc=13 et=+1d9h7m12s912ms vAcc=??? sAcc=??? bAcc=???]
07-17 14:12:27.001 10586 13863 I WifiService: releaseWifiLock uid=10014
07-17 14:12:28.751 11993 11993 V mireo   : j: GPS.setNative: 1563387149000 | Location[fused -5.427327,-42.637898 hAcc=12 et=+1d9h7m14s335ms alt=0.0 vAcc=40 sAcc=??? bAcc=??? {Bundle[mParcelledData.dataSize=52]}]
07-17 14:12:28.774 21823 21849 I chatty  : uid=10104(net.osmand) Loader map obje expire 52 lines
07-17 14:12:29.438 21823 21850 I chatty  : uid=10104(net.osmand) RenderingBaseIm expire 54 lines
07-17 14:12:29.751 11993 11993 V mireo   : j: GPS.setNative: 1563387150000 | Location[fused -5.425256,-42.638681 hAcc=12 et=+1d9h7m15s443ms vel=0.0 bear=0.0 vAcc=??? sAcc=??? bAcc=???]
07-17 14:12:30.538 10923 10923 I GeofencerStateMachine: sendNewTransitions called.
07-17 14:12:30.589 10923 10923 I GeofencerStateMachine: sendNewTransitions called.
07-17 14:12:30.609 10923 10923 I GeofencerStateMachine: sendNewLocationAvailability: availability=LocationAvailability[isLocationAvailable: true]
07-17 14:12:30.754 11993 11993 V mireo   : j: GPS.setNative: 1563387151000 | Location[fused -5.423049,-42.639527 hAcc=12 et=+1d9h7m16s567ms vel=0.0 bear=0.0 vAcc=??? sAcc=??? bAcc=???]
07-17 14:12:31.756 11993 11993 V mireo   : j: GPS.setNative: 1563387152000 | Location[fused -5.420744,-42.640419 hAcc=12 et=+1d9h7m17s661ms alt=0.0 vAcc=40 sAcc=??? bAcc=??? {Bundle[mParcelledData.dataSize=52]}]
07-17 14:12:31.925 10586 10794 I WifiService: acquireWifiLock uid=10014 lockMode=2
07-17 14:12:32.175 21823 21849 I chatty  : uid=10104(net.osmand) Loader map obje expire 125 lines
07-17 14:12:32.853 21823 21823 I chatty  : uid=10104(net.osmand) expire 14 lines
07-17 14:12:32.857 21823 24945 I chatty  : uid=10104(net.osmand) expire 25 lines
07-17 14:12:32.966 21823 21833 I chatty  : uid=10104(net.osmand) HeapTaskDaemon expire 4 lines
07-17 14:12:32.993 11993 11993 V mireo   : j: GPS.setNative: 1563387153000 | Location[fused -5.419791,-42.640782 hAcc=12 et=+1d9h7m18s838ms vel=0.0 vAcc=??? sAcc=??? bAcc=???]
07-17 14:12:33.983 11993 11993 V mireo   : j: GPS.setNative: 1563387154000 | Location[fused -5.419101,-42.641044 hAcc=12 et=+1d9h7m19s892ms vel=0.0 vAcc=??? sAcc=??? bAcc=???]
07-17 14:12:34.251 10586 10820 I zygote  : IncrementDisableThreadFlip blocked for 25.326ms
07-17 14:12:34.258 10586 11509 I zygote  : IncrementDisableThreadFlip blocked for 32.613ms
07-17 14:12:34.492 10686 10707 I zygote  : WaitForGcToComplete blocked Background on None for 11.913ms
07-17 14:12:34.758 10686 10707 I zygote  : Background concurrent copying GC freed 152873(6MB) AllocSpace objects, 0(0B) LOS objects, 32% free, 12MB/18MB, paused 2.499ms total 262.970ms
07-17 14:12:34.838 10586 10595 I zygote  : Background concurrent copying GC freed 128929(4MB) AllocSpace objects, 26(1352KB) LOS objects, 20% free, 23MB/29MB, paused 1.220ms total 614.296ms
07-17 14:12:34.975 10586 10967 D WificondControl: Scan result ready event
07-17 14:12:35.026 11993 11993 V mireo   : j: GPS.setNative: 1563387155000 | Location[fused -5.417696,-42.641593 hAcc=12 et=+1d9h7m20s897ms vel=0.0 vAcc=??? sAcc=??? bAcc=???]
07-17 14:12:35.240 10586 13668 I WifiService: releaseWifiLock uid=10014
07-17 14:12:36.327 10923 10923 I GeofencerStateMachine: sendNewTransitions called.
07-17 14:12:36.458 10923 10923 I GeofencerStateMachine: sendNewTransitions called.
07-17 14:12:36.500 10923 10923 I GeofencerStateMachine: sendNewLocationAvailability: availability=LocationAvailability[isLocationAvailable: true]
07-17 14:12:36.668 11049 11059 I zygote  : NativeAlloc concurrent copying GC freed 70893(3MB) AllocSpace objects, 0(0B) LOS objects, 50% free, 4MB/9MB, paused 57.663ms total 187.973ms
07-17 14:12:36.755  1407  1407 I boot-pipe: done populating /dev/random
07-17 14:12:36.802 11993 11993 V mireo   : j: GPS.setNative: 1563387157000 | Location[fused -5.414806,-42.642960 hAcc=12 et=+1d9h7m22s334ms vel=0.0 bear=0.0 vAcc=??? sAcc=??? bAcc=???]
07-17 14:12:36.945 10586 13863 I WifiService: acquireWifiLock uid=10014 lockMode=2
07-17 14:12:37.028 10586 11509 I WifiService: releaseWifiLock uid=10014
07-17 14:12:37.030 11993 11993 V mireo   : j: GPS.setNative: 1563387156955 | Location[fused -5.414042,-42.643421 hAcc=12 et=+1d9h7m23s4ms vAcc=??? sAcc=??? bAcc=???]
07-17 14:12:38.640  1400  1434 D hwcomposer: hw_composer sent 122 syncs in 66s
07-17 14:12:38.805 11993 11993 V mireo   : j: GPS.setNative: 1563387159000 | Location[fused -5.411320,-42.645374 hAcc=12 et=+1d9h7m24s563ms vel=0.0 bear=0.0 vAcc=??? sAcc=??? bAcc=???]
07-17 14:12:39.829 11993 11993 V mireo   : j: GPS.setNative: 1563387160000 | Location[fused -5.409646,-42.646639 hAcc=12 et=+1d9h7m25s692ms vel=0.0 bear=0.0 vAcc=??? sAcc=??? bAcc=???]
07-17 14:12:39.938 21823 21850 I chatty  : uid=10104(net.osmand) RenderingBaseIm expire 22 lines
07-17 14:12:40.831 11993 11993 V mireo   : j: GPS.setNative: 1563387161000 | Location[fused -5.407837,-42.648027 hAcc=12 et=+1d9h7m26s822ms vel=0.0 vAcc=??? sAcc=??? bAcc=???]
07-17 14:12:41.908 10923 10923 I GeofencerStateMachine: sendNewTransitions called.
07-17 14:12:41.952 10923 10923 I GeofencerStateMachine: sendNewTransitions called.
07-17 14:12:41.981 10923 10923 I GeofencerStateMachine: sendNewLocationAvailability: availability=LocationAvailability[isLocationAvailable: true]
07-17 14:12:41.990 10586 13863 I WifiService: acquireWifiLock uid=10014 lockMode=2
07-17 14:12:42.049 11993 11993 V mireo   : j: GPS.setNative: 1563387162000 | Location[fused -5.405931,-42.649506 hAcc=12 et=+1d9h7m27s937ms alt=0.0 vAcc=40 sAcc=??? bAcc=??? {Bundle[mParcelledData.dataSize=52]}]
07-17 14:12:42.338 10923 24939 W cdcv    : [{0}] Failed to resolve name. status={1}
07-17 14:12:42.728 21823 21849 I chatty  : uid=10104(net.osmand) Loader map obje expire 158 lines
07-17 14:12:43.051 11993 11993 V mireo   : j: GPS.setNative: 1563387163000 | Location[fused -5.404552,-42.650575 hAcc=12 et=+1d9h7m28s908ms vel=0.0 vAcc=??? sAcc=??? bAcc=???]
07-17 14:12:43.294 10923 24939 W cdcv    : [{0}] Failed to resolve name. status={1}
07-17 14:12:43.991 21823 21833 I chatty  : uid=10104(net.osmand) HeapTaskDaemon expire 5 lines
07-17 14:12:44.196 21823 21850 I chatty  : uid=10104(net.osmand) RenderingBaseIm expire 44 lines
07-17 14:12:44.839 11993 11993 V mireo   : j: GPS.setNative: 1563387165000 | Location[fused -5.401199,-42.653201 hAcc=12 et=+1d9h7m30s212ms vel=0.0 bear=0.0 vAcc=??? sAcc=??? bAcc=???]
07-17 14:12:44.944 10586 11027 D WificondControl: Scan result ready event
07-17 14:12:44.999 10586 13863 I WifiService: releaseWifiLock uid=10014
07-17 14:12:45.841 11993 11993 V mireo   : j: GPS.setNative: 1563387166000 | Location[fused -5.398407,-42.655398 hAcc=12 et=+1d9h7m31s307ms vel=0.0 bear=0.0 vAcc=??? sAcc=??? bAcc=???]
07-17 14:12:46.431 21823 21823 I chatty  : uid=10104(net.osmand) expire 25 lines
07-17 14:12:46.776 24572 24658 E GoogleConversionReporter: Error sending ping
07-17 14:12:46.776 24572 24658 E GoogleConversionReporter: befo: Exception in CronetUrlRequest: net::ERR_NAME_NOT_RESOLVED, ErrorCode=1, InternalErrorCode=-105, Retryable=false
07-17 14:12:46.776 24572 24658 E GoogleConversionReporter: 	at org.chromium.net.impl.CronetUrlRequest.onError(SourceFile:175)
07-17 14:12:46.841 11993 11993 V mireo   : j: GPS.setNative: 1563387167000 | Location[fused -5.396706,-42.656740 hAcc=12 et=+1d9h7m32s468ms vel=0.0 bear=0.0 vAcc=??? sAcc=??? bAcc=???]
07-17 14:12:47.008 10586 13668 I WifiService: acquireWifiLock uid=10014 lockMode=2
07-17 14:12:47.173 10923 10923 I GeofencerStateMachine: sendNewTransitions called.
07-17 14:12:47.214 10586 13668 I WifiService: releaseWifiLock uid=10014
07-17 14:12:47.226 10923 10923 I GeofencerStateMachine: sendNewTransitions called.
07-17 14:12:47.236 10923 10923 I GeofencerStateMachine: sendNewLocationAvailability: availability=LocationAvailability[isLocationAvailable: true]
07-17 14:12:47.320 10586 10595 I zygote  : Background concurrent copying GC freed 133923(4MB) AllocSpace objects, 26(1352KB) LOS objects, 20% free, 23MB/29MB, paused 1.269ms total 309.485ms
07-17 14:12:47.572 21823 24950 I chatty  : uid=10104(net.osmand) expire 25 lines
07-17 14:12:47.845 11993 11993 V mireo   : j: GPS.setNative: 1563387168000 | Location[fused -5.395230,-42.657904 hAcc=12 et=+1d9h7m33s608ms vel=0.0 bear=0.0 vAcc=??? sAcc=??? bAcc=???]
07-17 14:12:48.935 11993 11993 V mireo   : j: GPS.setNative: 1563387169000 | Location[fused -5.394339,-42.658607 hAcc=12 et=+1d9h7m34s733ms vel=0.0 bear=0.0 vAcc=??? sAcc=??? bAcc=???]
07-17 14:12:49.937 11993 11993 V mireo   : j: GPS.setNative: 1563387170000 | Location[fused -5.393698,-42.659113 hAcc=12 et=+1d9h7m35s841ms alt=0.0 vAcc=40 sAcc=??? bAcc=??? {Bundle[mParcelledData.dataSize=52]}]
07-17 14:12:50.937 11993 11993 V mireo   : j: GPS.setNative: 1563387171000 | Location[fused -5.393236,-42.659478 hAcc=12 et=+1d9h7m36s903ms vel=0.0 vAcc=??? sAcc=??? bAcc=???]
07-17 14:12:51.032 21823 24951 I chatty  : uid=10104(net.osmand) expire 25 lines
07-17 14:12:51.885 21823 24952 I chatty  : uid=10104(net.osmand) expire 28 lines
07-17 14:12:51.937 11993 11993 V mireo   : j: GPS.setNative: 1563387172000 | Location[fused -5.392543,-42.660419 hAcc=12 et=+1d9h7m37s903ms alt=0.0 vAcc=40 sAcc=??? bAcc=??? {Bundle[mParcelledData.dataSize=52]}]
07-17 14:12:52.139 10586 11846 I WifiService: acquireWifiLock uid=10014 lockMode=2
07-17 14:12:52.183 10923 10923 I GeofencerStateMachine: sendNewTransitions called.
07-17 14:12:52.294 10923 10923 I GeofencerStateMachine: sendNewTransitions called.
07-17 14:12:52.336 10923 10923 I GeofencerStateMachine: sendNewLocationAvailability: availability=LocationAvailability[isLocationAvailable: true]
07-17 14:12:53.571 21823 21849 I chatty  : uid=10104(net.osmand) Loader map obje expire 98 lines
07-17 14:12:53.859 21823 21823 I chatty  : uid=10104(net.osmand) expire 10 lines
07-17 14:12:53.955 11993 11993 V mireo   : j: GPS.setNative: 1563387174000 | Location[fused -5.390702,-42.663431 hAcc=12 et=+1d9h7m39s281ms vel=0.0 bear=0.0 vAcc=??? sAcc=??? bAcc=???]
07-17 14:12:54.487 21823 21850 I chatty  : uid=10104(net.osmand) RenderingBaseIm expire 36 lines
07-17 14:12:54.957 11993 11993 V mireo   : j: GPS.setNative: 1563387175000 | Location[fused -5.389633,-42.665306 hAcc=12 et=+1d9h7m40s377ms vel=0.0 bear=0.0 vAcc=??? sAcc=??? bAcc=???]
07-17 14:12:55.188 10586 13863 D WificondControl: Scan result ready event
07-17 14:12:55.307 10686 10707 I zygote  : Background concurrent copying GC freed 147795(6MB) AllocSpace objects, 0(0B) LOS objects, 31% free, 13MB/19MB, paused 39.123ms total 764.370ms
07-17 14:12:55.387 10586 11846 I WifiService: releaseWifiLock uid=10014
07-17 14:12:55.820 21823 21833 I chatty  : uid=10104(net.osmand) HeapTaskDaemon expire 5 lines
07-17 14:12:55.961 11993 11993 V mireo   : j: GPS.setNative: 1563387176000 | Location[fused -5.388336,-42.667575 hAcc=12 et=+1d9h7m41s534ms vel=0.0 bear=0.0 vAcc=??? sAcc=??? bAcc=???]
07-17 14:12:56.962 11993 11993 V mireo   : j: GPS.setNative: 1563387177000 | Location[fused -5.387957,-42.668236 hAcc=12 et=+1d9h7m42s691ms vel=0.0 bear=0.0 vAcc=??? sAcc=??? bAcc=???]
07-17 14:12:57.156 10586 11027 I WifiService: acquireWifiLock uid=10014 lockMode=2
07-17 14:12:57.196 10586 11027 I WifiService: releaseWifiLock uid=10014
07-17 14:12:57.205 10923 10923 I GeofencerStateMachine: sendNewTransitions called.
07-17 14:12:57.246 10923 10923 I GeofencerStateMachine: sendNewTransitions called.
07-17 14:12:57.257 10923 10923 I GeofencerStateMachine: sendNewLocationAvailability: availability=LocationAvailability[isLocationAvailable: true]
07-17 14:12:57.987 11993 11993 V mireo   : j: GPS.setNative: 1563387178000 | Location[fused -5.386719,-42.669111 hAcc=12 et=+1d9h7m43s792ms vel=0.0 bear=0.0 vAcc=??? sAcc=??? bAcc=???]
07-17 14:12:58.990 11993 11993 V mireo   : j: GPS.setNative: 1563387179000 | Location[fused -5.385248,-42.669474 hAcc=12 et=+1d9h7m44s914ms alt=0.0 vAcc=40 sAcc=??? bAcc=??? {Bundle[mParcelledData.dataSize=52]}]
07-17 14:13:00.011 11993 11993 V mireo   : j: GPS.setNative: 1563387180000 | Location[fused -5.384189,-42.669737 hAcc=12 et=+1d9h7m45s905ms alt=0.0 vAcc=40 sAcc=??? bAcc=??? {Bundle[mParcelledData.dataSize=52]}]
07-17 14:13:01.013 11993 11993 V mireo   : j: GPS.setNative: 1563387181000 | Location[fused -5.382660,-42.669987 hAcc=12 et=+1d9h7m46s904ms vel=0.0 vAcc=??? sAcc=??? bAcc=???]
07-17 14:13:01.414 10586 10586 I zygote  : IncrementDisableThreadFlip blocked for 5.661ms
07-17 14:13:01.744 10586 10595 I zygote  : Background concurrent copying GC freed 128109(4MB) AllocSpace objects, 28(1456KB) LOS objects, 20% free, 23MB/29MB, paused 4.610ms total 349.461ms
07-17 14:13:01.959 12230 12337 I Finsky  : [159] jen.run(3): Stats for Executor: BlockingExecutor jfw@c0f7af5[Running, pool size = 0, active threads = 0, queued tasks = 0, completed tasks = 86]
07-17 14:13:01.967 12230 12337 I Finsky  : [159] jen.run(3): Stats for Executor: LightweightExecutor jfw@88c308a[Running, pool size = 2, active threads = 0, queued tasks = 0, completed tasks = 64]
07-17 14:13:02.177 10586 11509 I WifiService: acquireWifiLock uid=10014 lockMode=2
07-17 14:13:02.389 10923 10923 I GeofencerStateMachine: sendNewTransitions called.
07-17 14:13:02.441 10923 10923 I GeofencerStateMachine: sendNewTransitions called.
07-17 14:13:02.458 10923 10923 I GeofencerStateMachine: sendNewLocationAvailability: availability=LocationAvailability[isLocationAvailable: true]
07-17 14:13:03.017 11993 11993 V mireo   : j: GPS.setNative: 1563387183000 | Location[fused -5.378677,-42.670465 hAcc=12 et=+1d9h7m48s322ms vel=0.0 bear=0.0 vAcc=??? sAcc=??? bAcc=???]
07-17 14:13:04.020 11993 11993 V mireo   : j: GPS.setNative: 1563387184000 | Location[fused -5.377294,-42.670623 hAcc=12 et=+1d9h7m49s448ms vel=0.0 bear=0.0 vAcc=??? sAcc=??? bAcc=???]
07-17 14:13:04.617 10923 24939 W cdcv    : [{0}] Failed to resolve name. status={1}
07-17 14:13:04.779 12230 12337 I Finsky  : [159] jen.run(3): Stats for Executor: bgExecutor jfw@6803da9[Running, pool size = 4, active threads = 0, queued tasks = 0, completed tasks = 1967]
07-17 14:13:05.024 11993 11993 V mireo   : j: GPS.setNative: 1563387185000 | Location[fused -5.376293,-42.670738 hAcc=12 et=+1d9h7m50s543ms vel=0.0 bear=0.0 vAcc=??? sAcc=??? bAcc=???]
07-17 14:13:05.203 10586 11509 D WificondControl: Scan result ready event
07-17 14:13:05.244 10586 13668 I WifiService: releaseWifiLock uid=10014
07-17 14:13:05.735 21823 21850 I chatty  : uid=10104(net.osmand) RenderingBaseIm expire 18 lines
07-17 14:13:05.863 21823 21849 I chatty  : uid=10104(net.osmand) Loader map obje expire 62 lines
07-17 14:13:06.042 11993 11993 V mireo   : j: GPS.setNative: 1563387186000 | Location[fused -5.374319,-42.671131 hAcc=12 et=+1d9h7m51s695ms vel=0.0 bear=0.0 vAcc=??? sAcc=??? bAcc=???]
07-17 14:13:07.044 11993 11993 V mireo   : j: GPS.setNative: 1563387187000 | Location[fused -5.372693,-42.671603 hAcc=12 et=+1d9h7m52s794ms vel=0.0 bear=0.0 vAcc=??? sAcc=??? bAcc=???]
07-17 14:13:07.218 10586 11027 I WifiService: acquireWifiLock uid=10014 lockMode=2
07-17 14:13:07.413 10586 11027 I WifiService: releaseWifiLock uid=10014
07-17 14:13:07.868 10923 10923 I GeofencerStateMachine: sendNewTransitions called.
07-17 14:13:07.913 21823 21823 I chatty  : uid=10104(net.osmand) expire 14 lines
07-17 14:13:07.950 10923 10923 I GeofencerStateMachine: sendNewTransitions called.
07-17 14:13:07.963 10923 10923 I GeofencerStateMachine: sendNewLocationAvailability: availability=LocationAvailability[isLocationAvailable: true]
07-17 14:13:08.047 11993 11993 V mireo   : j: GPS.setNative: 1563387188000 | Location[fused -5.369959,-42.672436 hAcc=12 et=+1d9h7m53s898ms vel=0.0 vAcc=??? sAcc=??? bAcc=???]
07-17 14:13:09.048 11993 11993 V mireo   : j: GPS.setNative: 1563387189000 | Location[fused -5.368797,-42.672802 hAcc=12 et=+1d9h7m54s909ms vel=0.0 vAcc=??? sAcc=??? bAcc=???]
07-17 14:13:09.690 21823 21849 I chatty  : uid=10104(net.osmand) Loader map obje expire 130 lines
07-17 14:13:10.051 11993 11993 V mireo   : j: GPS.setNative: 1563387190000 | Location[fused -5.367233,-42.673316 hAcc=12 et=+1d9h7m55s907ms vel=0.0 vAcc=??? sAcc=??? bAcc=???]
07-17 14:13:10.189 21823 21850 I chatty  : uid=10104(net.osmand) RenderingBaseIm expire 48 lines
07-17 14:13:12.053 11993 11993 V mireo   : j: GPS.setNative: 1563387192000 | Location[fused -5.363315,-42.674634 hAcc=12 et=+1d9h7m57s256ms vel=0.0 bear=0.0 vAcc=??? sAcc=??? bAcc=???]
07-17 14:13:12.207 10586 10595 I zygote  : Background concurrent copying GC freed 126155(4MB) AllocSpace objects, 28(1456KB) LOS objects, 20% free, 23MB/29MB, paused 2.018ms total 828.180ms
07-17 14:13:12.213 21823 21833 I chatty  : uid=10104(net.osmand) HeapTaskDaemon expire 4 lines
07-17 14:13:12.247 10586 11846 I WifiService: acquireWifiLock uid=10014 lockMode=2
07-17 14:13:12.890 10686 10707 I zygote  : Background concurrent copying GC freed 154248(6MB) AllocSpace objects, 0(0B) LOS objects, 32% free, 12MB/18MB, paused 4.829ms total 283.473ms
07-17 14:13:13.054 11993 11993 V mireo   : j: GPS.setNative: 1563387193000 | Location[fused -5.361099,-42.675388 hAcc=12 et=+1d9h7m58s365ms vel=0.0 bear=0.0 vAcc=??? sAcc=??? bAcc=???]
07-17 14:13:13.439 10923 10923 I GeofencerStateMachine: sendNewTransitions called.
07-17 14:13:13.527 10923 10923 I GeofencerStateMachine: sendNewTransitions called.
07-17 14:13:13.575 10923 10923 I GeofencerStateMachine: sendNewLocationAvailability: availability=LocationAvailability[isLocationAvailable: true]
07-17 14:13:14.058 11993 11993 V mireo   : j: GPS.setNative: 1563387194000 | Location[fused -5.358771,-42.676182 hAcc=12 et=+1d9h7m59s474ms vel=0.0 bear=0.0 vAcc=??? sAcc=??? bAcc=???]
07-17 14:13:14.544 21823 24954 I chatty  : uid=10104(net.osmand) expire 25 lines
07-17 14:13:14.772 21823 21962 I chatty  : uid=10104(net.osmand) pool-2-thread-1 expire 2 lines
07-17 14:13:15.060 11993 11993 V mireo   : j: GPS.setNative: 1563387195000 | Location[fused -5.357807,-42.676509 hAcc=12 et=+1d9h8m0s570ms vel=0.0 bear=0.0 vAcc=??? sAcc=??? bAcc=???]
07-17 14:13:15.266 10586 10712 D WificondControl: Scan result ready event
07-17 14:13:15.337 10923 10934 I zygote  : Background concurrent copying GC freed 187661(6MB) AllocSpace objects, 0(0B) LOS objects, 40% free, 8MB/14MB, paused 2.621ms total 187.750ms
07-17 14:13:15.395 10586 11846 I WifiService: releaseWifiLock uid=10014
07-17 14:13:16.081 11993 11993 V mireo   : j: GPS.setNative: 1563387196000 | Location[fused -5.355559,-42.677277 hAcc=12 et=+1d9h8m1s717ms vel=0.0 bear=0.0 vAcc=??? sAcc=??? bAcc=???]
07-17 14:13:17.084 11993 11993 V mireo   : j: GPS.setNative: 1563387197000 | Location[fused -5.354436,-42.677662 hAcc=12 et=+1d9h8m2s842ms vel=0.0 vAcc=??? sAcc=??? bAcc=???]
07-17 14:13:17.258 10586 11846 I WifiService: acquireWifiLock uid=10014 lockMode=2
07-17 14:13:17.301 10586 11509 I WifiService: releaseWifiLock uid=10014
07-17 14:13:18.096 11993 11993 V mireo   : j: GPS.setNative: 1563387198000 | Location[fused -5.353052,-42.678136 hAcc=12 et=+1d9h8m3s913ms alt=0.0 vAcc=40 sAcc=??? bAcc=??? {Bundle[mParcelledData.dataSize=52]}]
07-17 14:13:18.878 10923 10923 I GeofencerStateMachine: sendNewTransitions called.
07-17 14:13:18.931 10923 10923 I GeofencerStateMachine: sendNewTransitions called.
07-17 14:13:18.963 10923 10923 I GeofencerStateMachine: sendNewLocationAvailability: availability=LocationAvailability[isLocationAvailable: true]
07-17 14:13:19.058 21823 21823 I chatty  : uid=10104(net.osmand) expire 3 lines
07-17 14:13:19.104 11993 11993 V mireo   : j: GPS.setNative: 1563387199000 | Location[fused -5.351998,-42.678750 hAcc=12 et=+1d9h8m4s913ms vel=0.0 vAcc=??? sAcc=??? bAcc=???]
07-17 14:13:20.404 11993 11993 V mireo   : j: GPS.setNative: 1563387201000 | Location[fused -5.349022,-42.680769 hAcc=12 et=+1d9h8m6s212ms vel=0.0 bear=0.0 vAcc=??? sAcc=??? bAcc=???]
07-17 14:13:20.475 21823 21849 I chatty  : uid=10104(net.osmand) Loader map obje expire 19 lines
07-17 14:13:21.404 11993 11993 V mireo   : j: GPS.setNative: 1563387202000 | Location[fused -5.347251,-42.682036 hAcc=12 et=+1d9h8m7s366ms vel=0.0 bear=0.0 vAcc=??? sAcc=??? bAcc=???]
07-17 14:13:21.408 21823 21850 I chatty  : uid=10104(net.osmand) RenderingBaseIm expire 40 lines
07-17 14:13:21.527 10923 10923 I GeofencerStateMachine: sendNewLocationAvailability: availability=LocationAvailability[isLocationAvailable: true]
07-17 14:13:21.931 10586 10595 I zygote  : Background concurrent copying GC freed 127970(4MB) AllocSpace objects, 26(1352KB) LOS objects, 20% free, 23MB/29MB, paused 2.933ms total 323.654ms
07-17 14:13:22.147 21823 21849 I chatty  : uid=10104(net.osmand) Loader map obje expire 109 lines
07-17 14:13:22.448 21823 21823 I chatty  : uid=10104(net.osmand) expire 31 lines
07-17 14:13:22.543 10586 11846 I WifiService: acquireWifiLock uid=10014 lockMode=2
07-17 14:13:23.109 11993 11993 V mireo   : j: GPS.setNative: 1563387203000 | Location[fused -5.345854,-42.683039 hAcc=12 et=+1d9h8m8s490ms vel=0.0 bear=0.0 vAcc=??? sAcc=??? bAcc=???]
07-17 14:13:23.912 21823 21833 I chatty  : uid=10104(net.osmand) HeapTaskDaemon expire 3 lines
07-17 14:13:24.113 11993 11993 V mireo   : j: GPS.setNative: 1563387204000 | Location[fused -5.344843,-42.683765 hAcc=12 et=+1d9h8m9s582ms vel=0.0 bear=0.0 vAcc=??? sAcc=??? bAcc=???]
07-17 14:13:24.684 10923 10923 I GeofencerStateMachine: sendNewTransitions called.
07-17 14:13:24.747 21823 24955 I chatty  : uid=10104(net.osmand) expire 25 lines
07-17 14:13:24.772 10923 10923 I GeofencerStateMachine: sendNewTransitions called.
07-17 14:13:24.800 10923 10923 I GeofencerStateMachine: sendNewLocationAvailability: availability=LocationAvailability[isLocationAvailable: true]
07-17 14:13:25.175 11993 11993 V mireo   : j: GPS.setNative: 1563387205000 | Location[fused -5.343801,-42.684990 hAcc=12 et=+1d9h8m10s701ms vel=0.0 bear=0.0 vAcc=??? sAcc=??? bAcc=???]
07-17 14:13:25.523 10586 10967 D WificondControl: Scan result ready event
07-17 14:13:25.574 10586 11846 I WifiService: releaseWifiLock uid=10014
07-17 14:13:25.774 21823 24956 I chatty  : uid=10104(net.osmand) expire 25 lines
07-17 14:13:26.175 11993 11993 V mireo   : j: GPS.setNative: 1563387206000 | Location[fused -5.342189,-42.687219 hAcc=12 et=+1d9h8m11s807ms vel=0.0 bear=0.0 vAcc=??? sAcc=??? bAcc=???]
07-17 14:13:26.886 21823 24957 I chatty  : uid=10104(net.osmand) expire 28 lines
07-17 14:13:27.130 10923 24939 W cdcv    : [{0}] Failed to resolve name. status={1}
07-17 14:13:27.176 11993 11993 V mireo   : j: GPS.setNative: 1563387207000 | Location[fused -5.341260,-42.688889 hAcc=12 et=+1d9h8m12s920ms vel=0.0 vAcc=??? sAcc=??? bAcc=???]
07-17 14:13:28.209 11993 11993 V mireo   : j: GPS.setNative: 1563387208000 | Location[fused -5.340586,-42.690101 hAcc=12 et=+1d9h8m13s923ms vel=0.0 vAcc=??? sAcc=??? bAcc=???]
07-17 14:13:29.731 11993 11993 V mireo   : j: GPS.setNative: 1563387210000 | Location[fused -5.339052,-42.693176 hAcc=12 et=+1d9h8m15s275ms vel=0.0 bear=0.0 vAcc=??? sAcc=??? bAcc=???]
07-17 14:13:30.129 10686 10707 I zygote  : Background concurrent copying GC freed 149672(6MB) AllocSpace objects, 0(0B) LOS objects, 32% free, 12MB/18MB, paused 1.013ms total 312.283ms
07-17 14:13:30.350 10923 10923 I GeofencerStateMachine: sendNewTransitions called.
07-17 14:13:30.414 10923 10923 I GeofencerStateMachine: sendNewTransitions called.
07-17 14:13:30.429 10923 10923 I GeofencerStateMachine: sendNewLocationAvailability: availability=LocationAvailability[isLocationAvailable: true]
07-17 14:13:30.733 11993 11993 V mireo   : j: GPS.setNative: 1563387211000 | Location[fused -5.338518,-42.694264 hAcc=12 et=+1d9h8m16s362ms vel=0.0 bear=0.0 vAcc=??? sAcc=??? bAcc=???]
07-17 14:13:31.735 11993 11993 V mireo   : j: GPS.setNative: 1563387212000 | Location[fused -5.337375,-42.695155 hAcc=12 et=+1d9h8m17s467ms vel=0.0 bear=0.0 vAcc=??? sAcc=??? bAcc=???]
07-17 14:13:31.755 11049 11059 I zygote  : NativeAlloc concurrent copying GC freed 70591(3MB) AllocSpace objects, 0(0B) LOS objects, 49% free, 4MB/9MB, paused 3.735ms total 135.309ms
07-17 14:13:31.873 21823 21850 I chatty  : uid=10104(net.osmand) RenderingBaseIm expire 50 lines
07-17 14:13:32.423 21823 21833 I chatty  : uid=10104(net.osmand) HeapTaskDaemon expire 5 lines
07-17 14:13:32.739 11993 11993 V mireo   : j: GPS.setNative: 1563387213000 | Location[fused -5.335790,-42.695903 hAcc=12 et=+1d9h8m18s585ms vel=0.0 bear=0.0 vAcc=??? sAcc=??? bAcc=???]
07-17 14:13:32.874 21823 21849 I chatty  : uid=10104(net.osmand) Loader map obje expire 122 lines
07-17 14:13:33.742 11993 11993 V mireo   : j: GPS.setNative: 1563387214000 | Location[fused -5.333884,-42.696548 hAcc=12 et=+1d9h8m19s712ms vel=0.0 bear=0.0 vAcc=??? sAcc=??? bAcc=???]
07-17 14:13:35.236 11993 11993 V mireo   : j: GPS.setNative: 1563387215000 | Location[fused -5.331746,-42.697118 hAcc=12 et=+1d9h8m20s835ms vel=0.0 vAcc=??? sAcc=??? bAcc=???]
07-17 14:13:35.915 10923 10923 I GeofencerStateMachine: sendNewTransitions called.
07-17 14:13:35.982 21823 21823 I chatty  : uid=10104(net.osmand) expire 5 lines
07-17 14:13:36.014 10923 10923 I GeofencerStateMachine: sendNewTransitions called.
07-17 14:13:36.048 10923 10923 I GeofencerStateMachine: sendNewLocationAvailability: availability=LocationAvailability[isLocationAvailable: true]
07-17 14:13:36.201 21823 24959 I chatty  : uid=10104(net.osmand) expire 25 lines
07-17 14:13:36.239 11993 11993 V mireo   : j: GPS.setNative: 1563387216000 | Location[fused -5.330195,-42.697532 hAcc=12 et=+1d9h8m21s921ms vel=0.0 vAcc=??? sAcc=??? bAcc=???]
07-17 14:13:36.756  1407  1407 I boot-pipe: done populating /dev/random
07-17 14:13:37.239 11993 11993 V mireo   : j: GPS.setNative: 1563387217000 | Location[fused -5.328314,-42.697934 hAcc=12 et=+1d9h8m22s924ms vel=0.0 vAcc=??? sAcc=??? bAcc=???]
07-17 14:13:37.339 10686 10686 W View    : requestLayout() improperly called by com.android.internal.widget.NotificationExpandButton{fd07b4a VFED..C.. ......ID 365,41-402,81 #1020232 android:id/expand_button} during layout: running second layout pass
07-17 14:13:37.339 10686 10686 W View    : requestLayout() improperly called by com.android.internal.widget.NotificationExpandButton{27af79a VFED..C.. ......ID 365,41-402,81 #1020232 android:id/expand_button} during layout: running second layout pass
07-17 14:13:37.339 10686 10686 W View    : requestLayout() improperly called by com.android.internal.widget.NotificationExpandButton{18248ab VFED..C.. ......ID 365,41-402,81 #1020232 android:id/expand_button} during layout: running second layout pass
07-17 14:13:38.241 11993 11993 V mireo   : j: GPS.setNative: 1563387219000 | Location[fused -5.324899,-42.698581 hAcc=12 et=+1d9h8m24s250ms vel=0.0 bear=0.0 vAcc=??? sAcc=??? bAcc=???]
07-17 14:13:38.329 10586 10595 I zygote  : Background concurrent copying GC freed 131257(4MB) AllocSpace objects, 28(1456KB) LOS objects, 19% free, 24MB/30MB, paused 1.173ms total 1.053s
07-17 14:13:38.949  1400  1434 D hwcomposer: hw_composer sent 90 syncs in 60s
07-17 14:13:39.772 11993 11993 V mireo   : j: GPS.setNative: 1563387220000 | Location[fused -5.323960,-42.698764 hAcc=12 et=+1d9h8m25s439ms vel=0.0 bear=0.0 vAcc=??? sAcc=??? bAcc=???]
07-17 14:13:40.773 11993 11993 V mireo   : j: GPS.setNative: 1563387221000 | Location[fused -5.322590,-42.699224 hAcc=12 et=+1d9h8m26s571ms vel=0.0 bear=0.0 vAcc=??? sAcc=??? bAcc=???]
07-17 14:13:41.677 10923 10923 I GeofencerStateMachine: sendNewTransitions called.
07-17 14:13:41.733 10923 10923 I GeofencerStateMachine: sendNewTransitions called.
07-17 14:13:41.752 10923 10923 I GeofencerStateMachine: sendNewLocationAvailability: availability=LocationAvailability[isLocationAvailable: true]
07-17 14:13:41.783 11993 11993 V mireo   : j: GPS.setNative: 1563387222000 | Location[fused -5.320907,-42.699883 hAcc=12 et=+1d9h8m27s705ms vel=0.0 bear=0.0 vAcc=??? sAcc=??? bAcc=???]
07-17 14:13:42.593 10586 11027 I WifiService: acquireWifiLock uid=10014 lockMode=2
07-17 14:13:42.750 10586 10820 I WifiService: releaseWifiLock uid=10014
07-17 14:13:42.798 11993 11993 V mireo   : j: GPS.setNative: 1563387222604 | Location[fused -5.319803,-42.700316 hAcc=13 et=+1d9h8m28s654ms vAcc=??? sAcc=??? bAcc=???]
07-17 14:13:42.823 21823 21850 I chatty  : uid=10104(net.osmand) RenderingBaseIm expire 18 lines
07-17 14:13:42.926 10923 12204 I GeofencerStateMachine: addGeofences called by com.google.android.apps.maps
07-17 14:13:43.030 10586 10967 I GnssLocationProvider: WakeLock acquired by sendMessage(SET_REQUEST, 0, com.android.server.location.GnssLocationProvider$GpsRequest@ef1f7b0)
07-17 14:13:43.118 10586 10599 I GnssLocationProvider: WakeLock released by handleMessage(SET_REQUEST, 0, com.android.server.location.GnssLocationProvider$GpsRequest@ef1f7b0)
07-17 14:13:43.162 10586 10712 I GnssLocationProvider: WakeLock acquired by sendMessage(SET_REQUEST, 0, com.android.server.location.GnssLocationProvider$GpsRequest@c76dedc)
07-17 14:13:43.175 21823 21849 I chatty  : uid=10104(net.osmand) Loader map obje expire 112 lines
07-17 14:13:43.186 10586 13668 I WifiService: getWifiEnabledState uid=10062
07-17 14:13:43.216 10586 10599 I GnssLocationProvider: WakeLock released by handleMessage(SET_REQUEST, 0, com.android.server.location.GnssLocationProvider$GpsRequest@c76dedc)
07-17 14:13:43.239 10923 10923 I GeofencerStateMachine: sendNewTransitions called.
07-17 14:13:43.263 10923 10923 I GeofencerStateMachine: sendNewLocationAvailability: availability=LocationAvailability[isLocationAvailable: true]
07-17 14:13:43.301 10923 10923 I GeofencerStateMachine: sendNewTransitions called.
07-17 14:13:43.345 10923 10923 I GeofencerStateMachine: sendNewLocationAvailability: availability=LocationAvailability[isLocationAvailable: true]
07-17 14:13:43.408 10923 10923 I GeofencerStateMachine: sendNewTransitions called.
07-17 14:13:43.431 10923 10923 I GeofencerStateMachine: sendNewLocationAvailability: availability=LocationAvailability[isLocationAvailable: true]
07-17 14:13:43.556 10923 11326 W ResourceType: ResTable_typeSpec entry count inconsistent: given 17, previously 24
07-17 14:13:44.252 11993 11993 V mireo   : j: GPS.setNative: 1563387224000 | Location[fused -5.316275,-42.701856 hAcc=12 et=+1d9h8m29s962ms vel=0.0 vAcc=??? sAcc=??? bAcc=???]
07-17 14:13:45.254 11993 11993 V mireo   : j: GPS.setNative: 1563387225000 | Location[fused -5.314929,-42.702454 hAcc=12 et=+1d9h8m30s936ms vel=0.0 vAcc=??? sAcc=??? bAcc=???]
07-17 14:13:46.200 21823 21850 I chatty  : uid=10104(net.osmand) RenderingBaseIm expire 50 lines
07-17 14:13:46.255 11993 11993 V mireo   : j: GPS.setNative: 1563387227000 | Location[fused -5.311372,-42.704092 hAcc=12 et=+1d9h8m32s212ms vel=0.0 bear=0.0 vAcc=??? sAcc=??? bAcc=???]
07-17 14:13:47.366 21823 21823 I chatty  : uid=10104(net.osmand) expire 10 lines
07-17 14:11:04.004 10586 10967 V MediaRouterService: restoreBluetoothA2dp(false)
07-17 14:13:47.629 10586 10599 I UsageStatsService: User[0] Flushing usage stats to disk
07-17 14:13:47.783 21823 21833 I chatty  : uid=10104(net.osmand) HeapTaskDaemon expire 4 lines
07-17 14:13:47.811 11993 11993 V mireo   : j: GPS.setNative: 1563387228000 | Location[fused -5.309312,-42.705053 hAcc=12 et=+1d9h8m33s393ms vel=0.0 bear=0.0 vAcc=??? sAcc=??? bAcc=???]
07-17 14:13:48.468 10923 10923 I GeofencerStateMachine: sendNewTransitions called.
07-17 14:13:48.516 10923 10923 I GeofencerStateMachine: sendNewTransitions called.
07-17 14:13:48.528 10923 10923 I GeofencerStateMachine: sendNewLocationAvailability: availability=LocationAvailability[isLocationAvailable: true]
07-17 14:13:48.811 11993 11993 V mireo   : j: GPS.setNative: 1563387229000 | Location[fused -5.307131,-42.706076 hAcc=12 et=+1d9h8m34s493ms vel=0.0 bear=0.0 vAcc=??? sAcc=??? bAcc=???]
07-17 14:13:49.815 11993 11993 V mireo   : j: GPS.setNative: 1563387230000 | Location[fused -5.304862,-42.707144 hAcc=12 et=+1d9h8m35s610ms vel=0.0 bear=0.0 vAcc=??? sAcc=??? bAcc=???]
07-17 14:13:50.816 11993 11993 V mireo   : j: GPS.setNative: 1563387231000 | Location[fused -5.303272,-42.707891 hAcc=12 et=+1d9h8m36s743ms vel=0.0 bear=0.0 vAcc=??? sAcc=??? bAcc=???]
07-17 14:13:51.499 10923 24939 W cdcv    : [{0}] Failed to resolve name. status={1}
07-17 14:13:52.275 11993 11993 V mireo   : j: GPS.setNative: 1563387232000 | Location[fused -5.302121,-42.708433 hAcc=12 et=+1d9h8m37s852ms vel=0.0 vAcc=??? sAcc=??? bAcc=???]
07-17 14:13:53.102 21823 24964 I chatty  : uid=10104(net.osmand) expire 25 lines
07-17 14:13:53.314 11993 11993 V mireo   : j: GPS.setNative: 1563387233000 | Location[fused -5.301286,-42.708826 hAcc=12 et=+1d9h8m38s933ms vel=0.0 vAcc=??? sAcc=??? bAcc=???]
07-17 14:13:53.780 21823 21849 I chatty  : uid=10104(net.osmand) Loader map obje expire 88 lines
07-17 14:13:53.987 10923 10923 I GeofencerStateMachine: sendNewTransitions called.
07-17 14:13:54.298 10923 10923 I GeofencerStateMachine: sendNewTransitions called.
07-17 14:13:54.317 11993 11993 V mireo   : j: GPS.setNative: 1563387234000 | Location[fused -5.300067,-42.709564 hAcc=12 et=+1d9h8m39s932ms alt=0.0 vAcc=40 sAcc=??? bAcc=??? {Bundle[mParcelledData.dataSize=52]}]
07-17 14:13:54.326 10923 10923 I GeofencerStateMachine: sendNewLocationAvailability: availability=LocationAvailability[isLocationAvailable: true]
07-17 14:13:54.923 10586 10595 I zygote  : Background concurrent copying GC freed 127642(4MB) AllocSpace objects, 32(1664KB) LOS objects, 20% free, 23MB/29MB, paused 1.016ms total 614.657ms
07-17 14:13:55.322 11993 11993 V mireo   : j: GPS.setNative: 1563387236000 | Location[fused -5.296870,-42.711722 hAcc=12 et=+1d9h8m41s259ms vel=0.0 bear=0.0 vAcc=??? sAcc=??? bAcc=???]
07-17 14:13:56.788 10686 10707 I zygote  : Background concurrent copying GC freed 149020(6MB) AllocSpace objects, 0(0B) LOS objects, 32% free, 12MB/18MB, paused 14.318ms total 526.108ms
07-17 14:13:56.827 11993 11993 V mireo   : j: GPS.setNative: 1563387237000 | Location[fused -5.295024,-42.713024 hAcc=12 et=+1d9h8m42s408ms vel=0.0 bear=0.0 vAcc=??? sAcc=??? bAcc=???]
07-17 14:13:57.590 21823 21850 I chatty  : uid=10104(net.osmand) RenderingBaseIm expire 50 lines
07-17 14:13:57.740 21823 21849 I chatty  : uid=10104(net.osmand) Loader map obje expire 104 lines
07-17 14:13:57.829 11993 11993 V mireo   : j: GPS.setNative: 1563387238000 | Location[fused -5.293071,-42.714421 hAcc=12 et=+1d9h8m43s543ms vel=0.0 bear=0.0 vAcc=??? sAcc=??? bAcc=???]
07-17 14:13:58.607 21823 21823 I chatty  : uid=10104(net.osmand) expire 7 lines
07-17 14:13:59.176 11993 11993 V mireo   : j: GPS.setNative: 1563387239000 | Location[fused -5.291041,-42.715888 hAcc=12 et=+1d9h8m44s648ms vel=0.0 bear=0.0 vAcc=??? sAcc=??? bAcc=???]
07-17 14:13:59.652 21823 21833 I chatty  : uid=10104(net.osmand) HeapTaskDaemon expire 5 lines
07-17 14:13:59.750 10923 10923 I GeofencerStateMachine: sendNewTransitions called.
07-17 14:13:59.826 10923 10923 I GeofencerStateMachine: sendNewTransitions called.
07-17 14:13:59.844 10923 10923 I GeofencerStateMachine: sendNewLocationAvailability: availability=LocationAvailability[isLocationAvailable: true]
07-17 14:14:00.180 11993 11993 V mireo   : j: GPS.setNative: 1563387240000 | Location[fused -5.288955,-42.717405 hAcc=12 et=+1d9h8m45s757ms vel=0.0 bear=0.0 vAcc=??? sAcc=??? bAcc=???]
07-17 14:14:01.180 11993 11993 V mireo   : j: GPS.setNative: 1563387241000 | Location[fused -5.286829,-42.718958 hAcc=12 et=+1d9h8m46s864ms vel=0.0 vAcc=??? sAcc=??? bAcc=???]
07-17 14:14:02.180 11993 11993 V mireo   : j: GPS.setNative: 1563387242000 | Location[fused -5.285286,-42.720085 hAcc=12 et=+1d9h8m47s936ms vel=0.0 vAcc=??? sAcc=??? bAcc=???]
07-17 14:14:02.603 10586 13863 I WifiService: acquireWifiLock uid=10014 lockMode=2
07-17 14:14:02.614 10586 10599 E memtrack: Couldn't load memtrack module
07-17 14:14:02.614 10586 10599 W android.os.Debug: failed to get memory consumption info: -1
07-17 14:14:02.687 10586 10599 E memtrack: Couldn't load memtrack module
07-17 14:14:02.687 10586 10599 W android.os.Debug: failed to get memory consumption info: -1
07-17 14:14:03.190 11993 11993 V mireo   : j: GPS.setNative: 1563387243000 | Location[fused -5.283554,-42.721356 hAcc=12 et=+1d9h8m48s935ms alt=0.0 vAcc=40 sAcc=??? bAcc=??? {Bundle[mParcelledData.dataSize=52]}]
07-17 14:14:04.017 10586 10595 I zygote  : Background concurrent copying GC freed 132184(4MB) AllocSpace objects, 26(1352KB) LOS objects, 20% free, 23MB/29MB, paused 3.202ms total 791.941ms
07-17 14:14:04.359 11993 11993 V mireo   : j: GPS.setNative: 1563387245000 | Location[fused -5.280545,-42.723567 hAcc=12 et=+1d9h8m50s297ms vel=0.0 bear=0.0 vAcc=??? sAcc=??? bAcc=???]
07-17 14:14:05.442 10923 10923 I GeofencerStateMachine: sendNewTransitions called.
07-17 14:14:05.521 10923 10923 I GeofencerStateMachine: sendNewTransitions called.
07-17 14:14:05.541 10923 10923 I GeofencerStateMachine: sendNewLocationAvailability: availability=LocationAvailability[isLocationAvailable: true]
07-17 14:14:05.583 10586 10820 D WificondControl: Scan result ready event
07-17 14:14:05.647 10586 10967 I WifiService: releaseWifiLock uid=10014
07-17 14:14:05.710 10923 10934 I zygote  : Background concurrent copying GC freed 186246(6MB) AllocSpace objects, 0(0B) LOS objects, 41% free, 8MB/14MB, paused 1.566ms total 101.244ms
07-17 14:14:06.195 11993 11993 V mireo   : j: GPS.setNative: 1563387246000 | Location[fused -5.279719,-42.724174 hAcc=12 et=+1d9h8m51s464ms vel=0.0 bear=0.0 vAcc=??? sAcc=??? bAcc=???]
07-17 14:14:07.195 11993 11993 V mireo   : j: GPS.setNative: 1563387247000 | Location[fused -5.277933,-42.725057 hAcc=12 et=+1d9h8m52s588ms alt=0.0 vAcc=40 sAcc=??? bAcc=??? {Bundle[mParcelledData.dataSize=52]}]
07-17 14:14:08.196 11993 11993 V mireo   : j: GPS.setNative: 1563387248000 | Location[fused -5.276319,-42.725501 hAcc=12 et=+1d9h8m53s686ms vel=0.0 bear=0.0 vAcc=??? sAcc=??? bAcc=???]
07-17 14:14:08.394 21823 21849 I chatty  : uid=10104(net.osmand) Loader map obje expire 71 lines
07-17 14:14:08.866 21823 21850 I chatty  : uid=10104(net.osmand) RenderingBaseIm expire 52 lines
