07-01 13:24:15.476  1604  1682 D ConnectivityService: Sending DISCONNECTED broadcast for type 0 NetworkAgentInfo [MOBILE (GPRS) - 100] isDefaultNetwork=true
07-01 13:24:15.484  1701 16273 I NetworkInfo: onNetworkAvailable: networkState = NON_METERED
07-01 13:24:15.498  1604  1682 D ConnectivityService: Sending CONNECTED broadcast for type 1 NetworkAgentInfo [WIFI () - 101] isDefaultNetwork=true
07-01 13:24:15.502  1604  1675 I WifiService: getConnectionInfo uid=1000
07-01 13:24:15.508  1604  1675 D RecurrenceRule: Resolving using anchor 2019-07-01T17:24:15.508Z[GMT]
07-01 13:24:15.517  1604  1675 D RecurrenceRule: Resolving using anchor 2019-07-01T17:24:15.517Z[GMT]
07-01 13:24:15.519  1604  1675 D RecurrenceRule: Cycle 17 from 2019-06-09T00:00Z[GMT] to 2019-07-09T00:00Z[GMT]
07-01 13:24:15.523  1604  1675 D NetworkStats: Resolving plan for NetworkTemplate: matchRule=MOBILE_ALL, subscriberId=310260..., matchSubscriberIds=[310260...]
07-01 13:24:15.527  1604  1675 D NetworkStats: Found active matching subId 1
07-01 13:24:15.560  1604  1675 D NetworkStats: Resolved to plan null
07-01 13:24:15.584  1604  1615 I WifiService: getConnectionInfo uid=10079
07-01 13:24:15.585  1604  1615 D WifiPermissionsUtil: Denied: no location permission
07-01 13:24:15.585  1604  1615 D WifiPermissionsUtil: Denied: caller is not the current USE_OPEN_WIFI_PACKAGE
07-01 13:24:15.590  2180 15494 I PinnedContentDownloader: Finished downloading pinned content.
07-01 13:24:15.598  1604  1619 W Looper  : Dispatch took 113ms on android.ui, h=Handler (com.android.server.am.ActivityManagerService$UiHandler) {63b7718} cb=null msg=53
07-01 13:24:15.600  2799  2799 I Finsky  : [2] khj.a(267): Installer: found apps to install. apps=[]
07-01 13:24:15.601  1604  3158 I WifiService: getConnectionInfo uid=10014
07-01 13:24:15.610  1604  2230 I WifiService: getConnectionInfo uid=10079
07-01 13:24:15.610  1604  2230 D WifiPermissionsUtil: Denied: no location permission
07-01 13:24:15.611  1604  2230 D WifiPermissionsUtil: Denied: caller is not the current USE_OPEN_WIFI_PACKAGE
07-01 13:24:15.617  2799  2799 I Finsky  : [2] khj.a(267): Installer: found apps to install. apps=[]
07-01 13:24:15.625  1604  3545 I WifiService: getConnectionInfo uid=10014
07-01 13:24:15.626  1604  2230 I WifiService: getConnectionInfo uid=10014
07-01 13:24:15.644  1604  2230 I WifiService: getConnectionInfo uid=10032
07-01 13:24:15.663  1604  2230 I WifiService: getConnectionInfo uid=10014
07-01 13:24:15.681  1604  1675 I WifiService: getConnectionInfo uid=1000
07-01 13:24:15.694  1604  1675 D RecurrenceRule: Resolving using anchor 2019-07-01T17:24:15.694Z[GMT]
07-01 13:24:15.708  1604  1675 D RecurrenceRule: Resolving using anchor 2019-07-01T17:24:15.708Z[GMT]
07-01 13:24:15.710  1604  1675 D RecurrenceRule: Cycle 17 from 2019-06-09T00:00Z[GMT] to 2019-07-09T00:00Z[GMT]
07-01 13:24:15.710  1604  1675 D NetworkStats: Resolving plan for NetworkTemplate: matchRule=MOBILE_ALL, subscriberId=310260..., matchSubscriberIds=[310260...]
07-01 13:24:15.714  1604  1675 D NetworkStats: Found active matching subId 1
07-01 13:24:15.724  1604  1675 D NetworkStats: Resolved to plan null
07-01 13:24:16.305  1970  3052 I GeofencerStateMachine: addGeofences called by com.google.android.apps.maps
07-01 13:24:16.453  1604  4218 I WifiService: getWifiEnabledState uid=10062
07-01 13:24:16.567  1970  1970 W ChimeraUtils: Non Chimera context
07-01 13:24:16.567  1970  1970 W ChimeraUtils: Non Chimera context
07-01 13:24:16.768  1970  2337 W ResourceType: ResTable_typeSpec entry count inconsistent: given 15, previously 22
07-01 13:24:16.854  1970  1980 I zygote  : Background concurrent copying GC freed 100153(4MB) AllocSpace objects, 0(0B) LOS objects, 40% free, 8MB/14MB, paused 1.729ms total 194.454ms
07-01 13:24:17.372  1970 16276 E WakeLock: GCM_HB_ALARM release without a matched acquire!
07-01 13:24:17.372  1970 16276 W WakeLock: GCM_HB_ALARM counter does not exist
07-01 13:24:17.381  1604  3545 I WifiService: getConnectionInfo uid=10014
07-01 13:24:25.552  1604  1678 W AlarmManager: Unrecognized alarm listener com.android.server.wifi.WifiConfigStore$1@223dfff
07-01 13:24:25.615  1604  1678 D WifiConfigStore: Writing to stores completed in 62 ms.
07-01 13:24:31.345  1604  1617 E memtrack: Couldn't load memtrack module
07-01 13:24:31.346  1604  1617 W android.os.Debug: failed to get memory consumption info: -1
07-01 13:24:31.483  1604  1617 E memtrack: Couldn't load memtrack module
07-01 13:24:31.483  1604  1617 W android.os.Debug: failed to get memory consumption info: -1
07-01 13:24:34.818  1604  3545 I WifiService: acquireWifiLock uid=10014 lockMode=2
07-01 13:24:37.412  1970 16293 E WakeLock: GCM_HB_ALARM release without a matched acquire!
07-01 13:24:37.413  1970 16293 W WakeLock: GCM_HB_ALARM counter does not exist
07-01 13:24:37.413  1604  1682 D ConnectivityService: reportNetworkConnectivity(101, false) by 10014
07-01 13:24:37.414  1604  2952 D NetworkMonitor/NetworkAgentInfo [WIFI () - 101]: Forcing reevaluation for UID 10014
07-01 13:24:37.423  1970 16293 W WakeLock: GCM_CONN_ALARM counter does not exist
07-01 13:24:37.424  1604 16298 D NetworkMonitor/NetworkAgentInfo [WIFI () - 101]: PROBE_DNS connectivitycheck.gstatic.com 5ms OK 172.217.172.131,2800:3f0:4001:81a::2003
07-01 13:24:37.426  1604 16297 D NetworkMonitor/NetworkAgentInfo [WIFI () - 101]: PROBE_DNS www.google.com 9ms OK 172.217.28.228,2800:3f0:4001:801::2004
07-01 13:24:37.795  1604  4218 D WificondControl: Scan result ready event
07-01 13:24:37.829  1604  4218 I WifiService: releaseWifiLock uid=10014
07-01 13:24:42.560  1604  1621 E BatteryExternalStatsWorker: modem info is invalid: ModemActivityInfo{ mTimestamp=0 mSleepTimeMs=0 mIdleTimeMs=0 mTxTimeMs[]=[0, 0, 0, 0, 0] mRxTimeMs=0 mEnergyUsed=0}
07-01 13:24:43.780  1604  3545 I ActivityManager: Killing 15605:com.google.android.videos/u0a74 (adj 906): empty for 1804s
07-01 13:24:43.784  1604  1620 W zygote  : kill(-15605, 9) failed: No such process
07-01 13:24:43.787  1604  1617 E memtrack: Couldn't load memtrack module
07-01 13:24:43.787  1604  1617 W android.os.Debug: failed to get memory consumption info: -1
07-01 13:24:43.795  1970  1970 W ChimeraUtils: Non Chimera context
07-01 13:24:43.795  1970  1970 W ChimeraUtils: Non Chimera context
07-01 13:24:43.822  1604  1620 W zygote  : kill(-15605, 9) failed: No such process
07-01 13:24:43.863  1604  1620 I chatty  : uid=1000(system) ActivityManager identical 1 line
07-01 13:24:43.903  1604  1620 W zygote  : kill(-15605, 9) failed: No such process
07-01 13:24:43.903  1604  1620 I zygote  : Successfully killed process cgroup uid 10074 pid 15605 in 118ms
07-01 13:24:44.170  1604 16297 D NetworkMonitor/NetworkAgentInfo [WIFI () - 101]: PROBE_HTTPS https://www.google.com/generate_204 time=6741ms ret=204 request={User-Agent=[Mozilla/5.0 (X11; Linux x86_64) AppleWebKit/537.36 (KHTML, like Gecko) Chrome/60.0.3112.32 Safari/537.36]} headers={null=[HTTP/1.1 204 No Content], Alt-Svc=[quic=":443"; ma=2592000; v="46,44,43,39"], Content-Length=[0], Date=[Mon, 01 Jul 2019 17:24:44 GMT], X-Android-Received-Millis=[1562001884169], X-Android-Response-Source=[NETWORK 204], X-Android-Selected-Protocol=[http/1.1], X-Android-Sent-Millis=[1562001877429]}
07-01 13:24:45.439  1604  1682 D ConnectivityService: handleLingerComplete for NetworkAgentInfo [MOBILE (GPRS) - 100]
07-01 13:24:45.440  1486  1523 I Netd    : Destroyed 1 sockets for netId 100 permission=1 in 0.6 ms
07-01 13:24:46.450  1604  2952 D NetworkMonitor/NetworkAgentInfo [WIFI () - 101]: PROBE_FALLBACK http://www.google.com/gen_204 time=6029ms ret=204 request={User-Agent=[Mozilla/5.0 (X11; Linux x86_64) AppleWebKit/537.36 (KHTML, like Gecko) Chrome/60.0.3112.32 Safari/537.36]} headers={null=[HTTP/1.1 204 No Content], Content-Length=[0], Content-Type=[text/html; charset=UTF-8], Date=[Mon, 01 Jul 2019 17:24:47 GMT], P3P=[CP="This is not a P3P policy! See g.co/p3phelp for more info."], Server=[gws], Set-Cookie=[1P_JAR=2019-07-01-17; expires=Wed, 31-Jul-2019 17:24:47 GMT; path=/; domain=.google.com, NID=186=Px4f07DCajzUHlRu4k64LHam_4hxJawgMQdz94RbXc8MfMDXckdl4O1jpxi2DofH3IUuMV6455CE3kW064ziL9NpvLOxIyO3iZ8-FMopWXOLCX0N40nR6uQCSbk50mKeIk-z-0RT1iO6DRBrxThx5X2_8Pa1fiNvX1ozrCxvPP0; expires=Tue, 31-Dec-2019 17:24:47 GMT; path=/; domain=.google.com; HttpOnly], X-Android-Received-Millis=[1562001886450], X-Android-Response-Source=[NETWORK 204], X-Android-Selected-Protocol=[http/1.1], X-Android-Sent-Millis=[1562001885530], X-Frame-Options=[SAMEORIGIN], X-XSS-Protection=[0]}
07-01 13:24:46.841  1604 16298 D NetworkMonitor/NetworkAgentInfo [WIFI () - 101]: PROBE_HTTP http://connectivitycheck.gstatic.com/generate_204 time=9414ms ret=204 request={User-Agent=[Mozilla/5.0 (X11; Linux x86_64) AppleWebKit/537.36 (KHTML, like Gecko) Chrome/60.0.3112.32 Safari/537.36]} headers={null=[HTTP/1.1 204 No Content], Content-Length=[0], Date=[Mon, 01 Jul 2019 17:24:42 GMT], X-Android-Received-Millis=[1562001886841], X-Android-Response-Source=[NETWORK 204], X-Android-Selected-Protocol=[http/1.1], X-Android-Sent-Millis=[1562001877427]}
07-01 13:24:46.845  1604  1682 D ConnectivityService: NetworkAgentInfo [WIFI () - 101] validation passed
07-01 13:24:47.953  1410  1410 I boot-pipe: done populating /dev/random
07-01 13:24:48.848  1604  1617 E memtrack: Couldn't load memtrack module
07-01 13:24:48.848  1604  1617 W android.os.Debug: failed to get memory consumption info: -1
07-01 13:24:48.902  1604  1617 E memtrack: Couldn't load memtrack module
07-01 13:24:48.902  1604  1617 W android.os.Debug: failed to get memory consumption info: -1
07-01 13:24:48.964  1604  1617 E memtrack: Couldn't load memtrack module
07-01 13:24:48.964  1604  1617 W android.os.Debug: failed to get memory consumption info: -1
07-01 13:24:56.851  1604  1678 W AlarmManager: Unrecognized alarm listener com.android.server.wifi.WifiConfigStore$1@223dfff
07-01 13:24:56.859  1604  6773 I WifiService: acquireWifiLock uid=10014 lockMode=2
07-01 13:24:56.876  1604  1678 D WifiConfigStore: Writing to stores completed in 26 ms.
07-01 13:24:56.911  1970  1970 I GeofencerStateMachine: sendNewTransitions called.
07-01 13:24:56.935  1604  4624 I WifiService: releaseWifiLock uid=10014
07-01 13:24:57.168  1604  1613 I zygote  : Background concurrent copying GC freed 64088(3MB) AllocSpace objects, 20(1208KB) LOS objects, 15% free, 32MB/38MB, paused 2.346ms total 310.450ms
07-01 13:25:00.018  1403  1418 D hwcomposer: hw_composer sent 18 syncs in 60s
07-01 13:25:03.420  1604  1621 E BatteryExternalStatsWorker: modem info is invalid: ModemActivityInfo{ mTimestamp=0 mSleepTimeMs=0 mIdleTimeMs=0 mTxTimeMs[]=[0, 0, 0, 0, 0] mRxTimeMs=0 mEnergyUsed=0}
07-01 13:25:09.596  1970 16306 V NativeCrypto: SSL handshake terminated: ssl=0xa40e82c8: I/O error during system call, No such file or directory
07-01 13:25:17.889  1604  4624 I WifiService: acquireWifiLock uid=10014 lockMode=2
07-01 13:25:20.907  1604  1854 D WificondControl: Scan result ready event
07-01 13:25:21.009  1604  6773 I WifiService: releaseWifiLock uid=10014
07-01 13:25:29.609  1970 16306 E WakeLock: GCM_HB_ALARM release without a matched acquire!
07-01 13:25:29.610  1970 16306 W WakeLock: GCM_HB_ALARM counter does not exist
07-01 13:25:37.904  1604  6773 I WifiService: acquireWifiLock uid=10014 lockMode=2
07-01 13:25:37.912  1604  1617 E memtrack: Couldn't load memtrack module
07-01 13:25:37.912  1604  1617 W android.os.Debug: failed to get memory consumption info: -1
07-01 13:25:37.952  1970  1970 I GeofencerStateMachine: sendNewTransitions called.
07-01 13:25:37.974  1604  1854 I WifiService: releaseWifiLock uid=10014
07-01 13:25:47.992  1410  1410 I boot-pipe: done populating /dev/random
07-01 13:25:49.661  1970 16316 E WakeLock: GCM_HB_ALARM release without a matched acquire!
07-01 13:25:49.661  1970 16316 W WakeLock: GCM_HB_ALARM counter does not exist
07-01 13:25:18.206  1604  1621 E BatteryExternalStatsWorker: modem info is invalid: ModemActivityInfo{ mTimestamp=0 mSleepTimeMs=0 mIdleTimeMs=0 mTxTimeMs[]=[0, 0, 0, 0, 0] mRxTimeMs=0 mEnergyUsed=0}
07-01 13:25:49.663  1604  1682 D ConnectivityService: reportNetworkConnectivity(101, false) by 10014
07-01 13:25:49.664  1604  2952 D NetworkMonitor/NetworkAgentInfo [WIFI () - 101]: Forcing reevaluation for UID 10014
07-01 13:25:49.670  1970 16316 W WakeLock: GCM_CONN_ALARM counter does not exist
07-01 13:25:51.727 13765 13852 E GoogleConversionReporter: Error sending ping
07-01 13:25:51.727 13765 13852 E GoogleConversionReporter: bdgp: Exception in CronetUrlRequest: net::ERR_CONNECTION_CLOSED, ErrorCode=5, InternalErrorCode=-100, Retryable=true
07-01 13:25:51.727 13765 13852 E GoogleConversionReporter: 	at org.chromium.net.impl.CronetUrlRequest.onError(SourceFile:175)
07-01 13:25:53.854  1604  2952 D NetworkMonitor/NetworkAgentInfo [WIFI () - 101]: PROBE_FALLBACK http://www.google.com/gen_204 time=1186ms ret=204 request={User-Agent=[Mozilla/5.0 (X11; Linux x86_64) AppleWebKit/537.36 (KHTML, like Gecko) Chrome/60.0.3112.32 Safari/537.36]} headers={null=[HTTP/1.1 204 No Content], Content-Length=[0], Content-Type=[text/html; charset=UTF-8], Date=[Mon, 01 Jul 2019 17:25:53 GMT], P3P=[CP="This is not a P3P policy! See g.co/p3phelp for more info."], Server=[gws], Set-Cookie=[1P_JAR=2019-07-01-17; expires=Wed, 31-Jul-2019 17:25:53 GMT; path=/; domain=.google.com, NID=186=AWNUDzm72cJmS86Z7xkYL9cJWgMj63PzQ8Anvl_6Fy5w8Y-kXhpvPsXUexz14d04yvIWqz385SG2ZWdBpnfAtGbmag8Faxete8MVnwndQK6KosGTPLqlvHBy0s4B3eIBNzt3fOvW5SAR27MIx-kd9kQQXsRY7790k3AWsaCsbsA; expires=Tue, 31-Dec-2019 17:25:53 GMT; path=/; domain=.google.com; HttpOnly], X-Android-Received-Millis=[1562001953854], X-Android-Response-Source=[NETWORK 204], X-Android-Selected-Protocol=[http/1.1], X-Android-Sent-Millis=[1562001952669], X-Frame-Options=[SAMEORIGIN], X-XSS-Protection=[0]}
07-01 13:25:54.680  1604 16318 D NetworkMonitor/NetworkAgentInfo [WIFI () - 101]: PROBE_DNS www.google.com 5015ms OK 172.217.28.228,2800:3f0:4001:801::2004
07-01 13:25:54.696  1604 16319 D NetworkMonitor/NetworkAgentInfo [WIFI () - 101]: PROBE_DNS connectivitycheck.gstatic.com 5029ms OK 172.217.172.131,2800:3f0:4001:81a::2003
07-01 13:25:56.367  1604 16318 D NetworkMonitor/NetworkAgentInfo [WIFI () - 101]: PROBE_HTTPS https://www.google.com/generate_204 time=1685ms ret=204 request={User-Agent=[Mozilla/5.0 (X11; Linux x86_64) AppleWebKit/537.36 (KHTML, like Gecko) Chrome/60.0.3112.32 Safari/537.36]} headers={null=[HTTP/1.1 204 No Content], Alt-Svc=[quic=":443"; ma=2592000; v="46,44,43,39"], Content-Length=[0], Date=[Mon, 01 Jul 2019 17:25:56 GMT], X-Android-Received-Millis=[1562001956366], X-Android-Response-Source=[NETWORK 204], X-Android-Selected-Protocol=[http/1.1], X-Android-Sent-Millis=[1562001954682]}
07-01 13:25:57.918  1604  1614 I WifiService: acquireWifiLock uid=10014 lockMode=2
07-01 13:26:00.025  1403  1418 D hwcomposer: hw_composer sent 6 syncs in 60s
07-01 13:26:00.915  1604  1614 D WificondControl: Scan result ready event
07-01 13:26:01.010  1604  1614 I WifiService: releaseWifiLock uid=10014
07-01 13:26:04.518  1604 16319 D NetworkMonitor/NetworkAgentInfo [WIFI () - 101]: PROBE_HTTP http://connectivitycheck.gstatic.com/generate_204 time=9821ms ret=204 request={User-Agent=[Mozilla/5.0 (X11; Linux x86_64) AppleWebKit/537.36 (KHTML, like Gecko) Chrome/60.0.3112.32 Safari/537.36]} headers={null=[HTTP/1.1 204 No Content], Content-Length=[0], Date=[Mon, 01 Jul 2019 17:25:58 GMT], X-Android-Received-Millis=[1562001964518], X-Android-Response-Source=[NETWORK 204], X-Android-Selected-Protocol=[http/1.1], X-Android-Sent-Millis=[1562001954697]}
07-01 13:26:04.520  1604  1682 D ConnectivityService: NetworkAgentInfo [WIFI () - 101] validation passed
07-01 13:26:18.380  1604  1621 E BatteryExternalStatsWorker: modem info is invalid: ModemActivityInfo{ mTimestamp=0 mSleepTimeMs=0 mIdleTimeMs=0 mTxTimeMs[]=[0, 0, 0, 0, 0] mRxTimeMs=0 mEnergyUsed=0}
07-01 13:26:18.925  1604  1617 E memtrack: Couldn't load memtrack module
07-01 13:26:18.925  1604  1617 W android.os.Debug: failed to get memory consumption info: -1
07-01 13:26:18.932  1604  1678 W AlarmManager: Unrecognized alarm listener com.android.server.wifi.WifiConfigStore$1@223dfff
07-01 13:26:18.954  1604  1678 D WifiConfigStore: Writing to stores completed in 22 ms.
07-01 13:26:18.964  1604  1614 I WifiService: acquireWifiLock uid=10014 lockMode=2
07-01 13:26:19.004  1970  1970 I GeofencerStateMachine: sendNewTransitions called.
07-01 13:26:19.017  1604  1617 E memtrack: Couldn't load memtrack module
07-01 13:26:19.017  1604  1617 W android.os.Debug: failed to get memory consumption info: -1
07-01 13:26:19.050  1604  1614 I WifiService: releaseWifiLock uid=10014
07-01 13:26:19.166  1604  1854 I WifiService: getConnectionInfo uid=10079
07-01 13:26:19.166  1604  1854 D WifiPermissionsUtil: Denied: no location permission
07-01 13:26:19.166  1604  1854 D WifiPermissionsUtil: Denied: caller is not the current USE_OPEN_WIFI_PACKAGE
07-01 13:26:21.904  1604  6773 D WificondControl: Scan result ready event
07-01 13:26:38.533  1604  1617 I ActivityManager: Killing 15668:com.google.android.gms.unstable/u0a14 (adj 904): empty for 1803s
07-01 13:26:38.543  1604  1620 W zygote  : kill(-15668, 9) failed: No such process
07-01 13:26:38.544  1604  1617 E memtrack: Couldn't load memtrack module
07-01 13:26:38.544  1604  1617 W android.os.Debug: failed to get memory consumption info: -1
07-01 13:26:38.584  1604  1620 W zygote  : kill(-15668, 9) failed: No such process
07-01 13:26:38.610  1604  1617 E memtrack: Couldn't load memtrack module
07-01 13:26:38.610  1604  1617 W android.os.Debug: failed to get memory consumption info: -1
07-01 13:26:38.623  1604  1620 W zygote  : kill(-15668, 9) failed: No such process
07-01 13:26:38.623  1604  1620 I zygote  : Successfully killed process cgroup uid 10014 pid 15668 in 80ms
07-01 13:26:38.973  1604  4624 I WifiService: acquireWifiLock uid=10014 lockMode=2
07-01 13:26:39.019  1604  2170 I WifiService: releaseWifiLock uid=10014
07-01 13:26:47.994  1410  1410 I boot-pipe: done populating /dev/random
07-01 13:26:49.127  1604  1617 E memtrack: Couldn't load memtrack module
07-01 13:26:49.127  1604  1617 W android.os.Debug: failed to get memory consumption info: -1
07-01 13:26:58.985  1604  2170 I WifiService: acquireWifiLock uid=10014 lockMode=2
07-01 13:27:00.011  1604  1617 E memtrack: Couldn't load memtrack module
07-01 13:27:00.012  1604  1617 W android.os.Debug: failed to get memory consumption info: -1
07-01 13:27:00.029  1403  1418 D hwcomposer: hw_composer sent 12 syncs in 60s
07-01 13:27:01.984  1604  4624 D WificondControl: Scan result ready event
07-01 13:27:02.016  1970  1970 I GeofencerStateMachine: sendNewTransitions called.
07-01 13:27:02.036  1604  3139 I WifiService: releaseWifiLock uid=10014
07-01 13:27:11.781  2799  2830 I Finsky  : [131] imb.run(3): Stats for Executor: BlockingExecutor ink@4fcda2c[Running, pool size = 0, active threads = 0, queued tasks = 0, completed tasks = 30]
07-01 13:27:11.781  2799  2830 I Finsky  : [131] imb.run(3): Stats for Executor: LightweightExecutor ink@42a7cf5[Running, pool size = 2, active threads = 0, queued tasks = 0, completed tasks = 65]
07-01 13:27:12.661  2799  2830 I Finsky  : [131] imb.run(3): Stats for Executor: bgExecutor ink@4f2f371[Running, pool size = 4, active threads = 0, queued tasks = 0, completed tasks = 1082]
07-01 13:27:13.201 13765 13765 E GEL_DELAYED_EVENT_DEBUG: Volley request failed for type atas
07-01 13:27:13.201 13765 13765 E GEL_DELAYED_EVENT_DEBUG: bpg
07-01 13:27:13.201 13765 13765 E GEL_DELAYED_EVENT_DEBUG: 	at xln.a(SourceFile:164)
07-01 13:27:13.201 13765 13765 E GEL_DELAYED_EVENT_DEBUG: 	at xkm.run(Unknown Source:1)
07-01 13:27:13.201 13765 13765 E GEL_DELAYED_EVENT_DEBUG: 	at java.util.concurrent.ThreadPoolExecutor.runWorker(ThreadPoolExecutor.java:1162)
07-01 13:27:13.201 13765 13765 E GEL_DELAYED_EVENT_DEBUG: 	at java.util.concurrent.ThreadPoolExecutor$Worker.run(ThreadPoolExecutor.java:636)
07-01 13:27:13.201 13765 13765 E GEL_DELAYED_EVENT_DEBUG: 	at xaz.run(SourceFile:12)
07-01 13:27:13.201 13765 13765 E GEL_DELAYED_EVENT_DEBUG: 	at java.lang.Thread.run(Thread.java:764)
07-01 13:27:13.201 13765 13765 E GEL_DELAYED_EVENT_DEBUG: Caused by: bdgp: Exception in CronetUrlRequest: net::ERR_CONNECTION_CLOSED, ErrorCode=5, InternalErrorCode=-100, Retryable=true
07-01 13:27:13.201 13765 13765 E GEL_DELAYED_EVENT_DEBUG: 	at org.chromium.net.impl.CronetUrlRequest.onError(SourceFile:175)
07-01 13:27:13.974  1970 16349 E WakeLock: GCM_HB_ALARM release without a matched acquire!
07-01 13:27:13.974  1970 16349 W WakeLock: GCM_HB_ALARM counter does not exist
07-01 13:27:19.999  1604  3925 I WifiService: acquireWifiLock uid=10014 lockMode=2
07-01 13:27:20.003  1604  1617 E memtrack: Couldn't load memtrack module
07-01 13:27:20.003  1604  1617 W android.os.Debug: failed to get memory consumption info: -1
07-01 13:27:20.047  1604  3139 I WifiService: releaseWifiLock uid=10014
07-01 13:27:20.806  1604  1613 I zygote  : Background concurrent copying GC freed 67325(2MB) AllocSpace objects, 4(208KB) LOS objects, 15% free, 31MB/37MB, paused 1.255ms total 244.919ms
07-01 13:27:26.097  1604  1621 E BatteryExternalStatsWorker: modem info is invalid: ModemActivityInfo{ mTimestamp=0 mSleepTimeMs=0 mIdleTimeMs=0 mTxTimeMs[]=[0, 0, 0, 0, 0] mRxTimeMs=0 mEnergyUsed=0}
07-01 13:27:40.007  1604  4624 I WifiService: acquireWifiLock uid=10014 lockMode=2
07-01 13:27:42.985  1604  3925 D WificondControl: Scan result ready event
07-01 13:27:43.019  1970  1970 I GeofencerStateMachine: sendNewTransitions called.
07-01 13:27:43.029  1604  4624 I WifiService: releaseWifiLock uid=10014
07-01 13:27:46.936  1970 16354 E WakeLock: GCM_HB_ALARM release without a matched acquire!
07-01 13:27:46.936  1970 16354 W WakeLock: GCM_HB_ALARM counter does not exist
07-01 13:27:38.500  1604  1621 E BatteryExternalStatsWorker: modem info is invalid: ModemActivityInfo{ mTimestamp=0 mSleepTimeMs=0 mIdleTimeMs=0 mTxTimeMs[]=[0, 0, 0, 0, 0] mRxTimeMs=0 mEnergyUsed=0}
07-01 13:27:46.938  1604  1682 D ConnectivityService: reportNetworkConnectivity(101, false) by 10014
07-01 13:27:46.939  1604  2952 D NetworkMonitor/NetworkAgentInfo [WIFI () - 101]: Forcing reevaluation for UID 10014
07-01 13:27:46.943  1970 16354 W WakeLock: GCM_CONN_ALARM counter does not exist
07-01 13:27:46.949  1604 16362 D NetworkMonitor/NetworkAgentInfo [WIFI () - 101]: PROBE_DNS connectivitycheck.gstatic.com 6ms OK 172.217.172.131,2800:3f0:4001:81a::2003
07-01 13:27:46.950  1604 16361 D NetworkMonitor/NetworkAgentInfo [WIFI () - 101]: PROBE_DNS www.google.com 4ms OK 172.217.28.228,2800:3f0:4001:801::2004
07-01 13:27:47.386  1604 16361 D NetworkMonitor/NetworkAgentInfo [WIFI () - 101]: PROBE_HTTPS https://www.google.com/generate_204 time=436ms ret=204 request={User-Agent=[Mozilla/5.0 (X11; Linux x86_64) AppleWebKit/537.36 (KHTML, like Gecko) Chrome/60.0.3112.32 Safari/537.36]} headers={null=[HTTP/1.1 204 No Content], Alt-Svc=[quic=":443"; ma=2592000; v="46,44,43,39"], Content-Length=[0], Date=[Mon, 01 Jul 2019 17:27:47 GMT], X-Android-Received-Millis=[1562002067386], X-Android-Response-Source=[NETWORK 204], X-Android-Selected-Protocol=[http/1.1], X-Android-Sent-Millis=[1562002066951]}
07-01 13:27:47.387  1604  1682 D ConnectivityService: NetworkAgentInfo [WIFI () - 101] validation passed
07-01 13:27:47.995  1410  1410 I boot-pipe: done populating /dev/random
07-01 13:27:49.723  1604 16362 D NetworkMonitor/NetworkAgentInfo [WIFI () - 101]: PROBE_HTTP http://connectivitycheck.gstatic.com/generate_204 time=2772ms ret=204 request={User-Agent=[Mozilla/5.0 (X11; Linux x86_64) AppleWebKit/537.36 (KHTML, like Gecko) Chrome/60.0.3112.32 Safari/537.36]} headers={null=[HTTP/1.1 204 No Content], Content-Length=[0], Date=[Mon, 01 Jul 2019 17:27:50 GMT], X-Android-Received-Millis=[1562002069723], X-Android-Response-Source=[NETWORK 204], X-Android-Selected-Protocol=[http/1.1], X-Android-Sent-Millis=[1562002066951]}
07-01 13:27:57.390  1604  1678 W AlarmManager: Unrecognized alarm listener com.android.server.wifi.WifiConfigStore$1@223dfff
07-01 13:27:57.406  1604  1678 D WifiConfigStore: Writing to stores completed in 16 ms.
07-01 13:28:00.018  1403  1418 D hwcomposer: hw_composer sent 6 syncs in 60s
07-01 13:28:00.024  1604  2501 I WifiService: acquireWifiLock uid=10014 lockMode=2
07-01 13:28:00.090  1604  2501 I WifiService: releaseWifiLock uid=10014
07-01 13:28:04.774  1604  1621 I WifiService: requestActivityInfo uid=1000
07-01 13:28:04.774  1604  1621 I WifiService: reportActivityInfo uid=1000
07-01 13:28:04.774  1604  1621 I WifiService: getSupportedFeatures uid=1000
07-01 13:28:12.098  1604  1621 I WifiService: requestActivityInfo uid=1000
07-01 13:28:12.098  1604  1621 I WifiService: reportActivityInfo uid=1000
07-01 13:28:12.098  1604  1621 I WifiService: getSupportedFeatures uid=1000
07-01 13:28:21.056  1604  3925 I WifiService: acquireWifiLock uid=10014 lockMode=2
07-01 13:28:21.062  1604  1617 E memtrack: Couldn't load memtrack module
07-01 13:28:21.063  1604  1617 W android.os.Debug: failed to get memory consumption info: -1
07-01 13:28:21.133  1604  1617 E memtrack: Couldn't load memtrack module
07-01 13:28:21.133  1604  1617 W android.os.Debug: failed to get memory consumption info: -1
07-01 13:28:24.034  1604  2170 D WificondControl: Scan result ready event
07-01 13:28:24.069  1970  1970 I GeofencerStateMachine: sendNewTransitions called.
07-01 13:28:24.084  1604  3925 I WifiService: releaseWifiLock uid=10014
07-01 13:28:27.174  1604  1621 I WifiService: requestActivityInfo uid=1000
07-01 13:28:27.174  1604  1621 I WifiService: reportActivityInfo uid=1000
07-01 13:28:27.174  1604  1621 I WifiService: getSupportedFeatures uid=1000
07-01 13:28:30.858  1604  1621 I WifiService: requestActivityInfo uid=1000
07-01 13:28:30.858  1604  1621 I WifiService: reportActivityInfo uid=1000
07-01 13:28:30.858  1604  1621 I WifiService: getSupportedFeatures uid=1000
07-01 13:28:41.065  1604  2170 I WifiService: acquireWifiLock uid=10014 lockMode=2
07-01 13:28:41.108  1604  2501 I WifiService: releaseWifiLock uid=10014
07-01 13:28:47.997  1410  1410 I boot-pipe: done populating /dev/random
07-01 13:29:00.004  1604  1617 E memtrack: Couldn't load memtrack module
07-01 13:29:00.004  1604  1617 W android.os.Debug: failed to get memory consumption info: -1
07-01 13:29:00.022  1403  1418 D hwcomposer: hw_composer sent 6 syncs in 60s
07-01 13:29:00.086  1604  1617 E memtrack: Couldn't load memtrack module
07-01 13:29:00.086  1604  1617 W android.os.Debug: failed to get memory consumption info: -1
07-01 13:29:00.129  1604  1617 E memtrack: Couldn't load memtrack module
07-01 13:29:00.129  1604  1617 W android.os.Debug: failed to get memory consumption info: -1
07-01 13:29:00.167  1604  1617 E memtrack: Couldn't load memtrack module
07-01 13:29:00.167  1604  1617 W android.os.Debug: failed to get memory consumption info: -1
07-01 13:29:00.238  1604  1617 E memtrack: Couldn't load memtrack module
07-01 13:29:00.238  1604  1617 W android.os.Debug: failed to get memory consumption info: -1
07-01 13:29:00.284  1604  1617 E memtrack: Couldn't load memtrack module
07-01 13:29:00.284  1604  1617 W android.os.Debug: failed to get memory consumption info: -1
07-01 13:29:00.357  1604  1617 E memtrack: Couldn't load memtrack module
07-01 13:29:00.357  1604  1617 W android.os.Debug: failed to get memory consumption info: -1
07-01 13:29:01.077  1604  3925 I WifiService: acquireWifiLock uid=10014 lockMode=2
07-01 13:29:04.064  1604  2501 D WificondControl: Scan result ready event
07-01 13:29:04.112  1970  1970 I GeofencerStateMachine: sendNewTransitions called.
07-01 13:29:04.128  1604  2501 I WifiService: releaseWifiLock uid=10014
07-01 13:29:22.096  1604  4624 I WifiService: acquireWifiLock uid=10014 lockMode=2
07-01 13:29:22.100  1604  1617 E memtrack: Couldn't load memtrack module
07-01 13:29:22.100  1604  1617 W android.os.Debug: failed to get memory consumption info: -1
07-01 13:29:22.135  1604  4624 I WifiService: releaseWifiLock uid=10014
07-01 13:29:25.064  1604  3925 D WificondControl: Scan result ready event
07-01 13:29:40.971  1604  1621 E BatteryExternalStatsWorker: modem info is invalid: ModemActivityInfo{ mTimestamp=0 mSleepTimeMs=0 mIdleTimeMs=0 mTxTimeMs[]=[0, 0, 0, 0, 0] mRxTimeMs=0 mEnergyUsed=0}
07-01 13:29:42.108  1604  4624 I WifiService: acquireWifiLock uid=10014 lockMode=2
07-01 13:29:42.113  1604  2501 I ActivityManager: Killing 15779:com.android.chrome/u0a49 (adj 906): empty for 1813s
07-01 13:29:42.115  1604  1620 W zygote  : kill(-15779, 9) failed: No such process
07-01 13:29:42.150  1970  1970 I GeofencerStateMachine: sendNewTransitions called.
07-01 13:29:42.157  1604  1620 W zygote  : kill(-15779, 9) failed: No such process
07-01 13:29:42.180  1604  3139 I WifiService: releaseWifiLock uid=10014
07-01 13:29:42.215  1604  1620 W zygote  : kill(-15779, 9) failed: No such process
07-01 13:29:42.217  1604  1620 I zygote  : Successfully killed process cgroup uid 10049 pid 15779 in 102ms
07-01 13:29:43.268  1970 16374 E WakeLock: GCM_HB_ALARM release without a matched acquire!
07-01 13:29:43.268  1970 16374 W WakeLock: GCM_HB_ALARM counter does not exist
07-01 13:29:48.000  1410  1410 I boot-pipe: done populating /dev/random
07-01 13:29:59.378  1604  1621 E BatteryExternalStatsWorker: modem info is invalid: ModemActivityInfo{ mTimestamp=0 mSleepTimeMs=0 mIdleTimeMs=0 mTxTimeMs[]=[0, 0, 0, 0, 0] mRxTimeMs=0 mEnergyUsed=0}
07-01 13:30:00.036  1403  1418 D hwcomposer: hw_composer sent 12 syncs in 60s
07-01 13:30:02.123  1604  2501 I WifiService: acquireWifiLock uid=10014 lockMode=2
07-01 13:30:05.162  1604  2501 D WificondControl: Scan result ready event
07-01 13:30:05.217  1604  3139 I WifiService: releaseWifiLock uid=10014
07-01 13:30:05.406  1604  1613 I zygote  : Background concurrent copying GC freed 64493(2MB) AllocSpace objects, 4(208KB) LOS objects, 15% free, 31MB/37MB, paused 784us total 227.610ms
07-01 13:30:07.635  1970 16379 E WakeLock: GCM_HB_ALARM release without a matched acquire!
07-01 13:30:07.635  1970 16379 W WakeLock: GCM_HB_ALARM counter does not exist
07-01 13:30:07.637  1604  1682 D ConnectivityService: reportNetworkConnectivity(101, false) by 10014
07-01 13:30:07.637  1604  2952 D NetworkMonitor/NetworkAgentInfo [WIFI () - 101]: Forcing reevaluation for UID 10014
07-01 13:30:07.641  1970 16379 W WakeLock: GCM_CONN_ALARM counter does not exist
07-01 13:30:07.653  1604 16387 D NetworkMonitor/NetworkAgentInfo [WIFI () - 101]: PROBE_DNS www.google.com 14ms OK 172.217.28.228,2800:3f0:4001:801::2004
07-01 13:30:07.658  1604 16388 D NetworkMonitor/NetworkAgentInfo [WIFI () - 101]: PROBE_DNS connectivitycheck.gstatic.com 20ms OK 172.217.172.131,2800:3f0:4001:81a::2003
07-01 13:30:09.092  1604 16387 D NetworkMonitor/NetworkAgentInfo [WIFI () - 101]: PROBE_HTTPS https://www.google.com/generate_204 time=1438ms ret=204 request={User-Agent=[Mozilla/5.0 (X11; Linux x86_64) AppleWebKit/537.36 (KHTML, like Gecko) Chrome/60.0.3112.32 Safari/537.36]} headers={null=[HTTP/1.1 204 No Content], Alt-Svc=[quic=":443"; ma=2592000; v="46,44,43,39"], Content-Length=[0], Date=[Mon, 01 Jul 2019 17:30:08 GMT], X-Android-Received-Millis=[1562002209092], X-Android-Response-Source=[NETWORK 204], X-Android-Selected-Protocol=[http/1.1], X-Android-Sent-Millis=[1562002207655]}
07-01 13:30:09.094  1604  1682 D ConnectivityService: NetworkAgentInfo [WIFI () - 101] validation passed
07-01 13:30:11.782  2799  2830 I Finsky  : [131] imb.run(3): Stats for Executor: BlockingExecutor ink@4fcda2c[Running, pool size = 0, active threads = 0, queued tasks = 0, completed tasks = 30]
07-01 13:30:11.783  2799  2830 I Finsky  : [131] imb.run(3): Stats for Executor: LightweightExecutor ink@42a7cf5[Running, pool size = 2, active threads = 0, queued tasks = 0, completed tasks = 65]
07-01 13:30:12.663  2799  2830 I Finsky  : [131] imb.run(3): Stats for Executor: bgExecutor ink@4f2f371[Running, pool size = 4, active threads = 0, queued tasks = 0, completed tasks = 1082]
07-01 13:30:17.662  1604 16388 D NetworkMonitor/NetworkAgentInfo [WIFI () - 101]: PROBE_HTTP http://connectivitycheck.gstatic.com/generate_204 Probe failed with exception java.net.SocketTimeoutException: timeout
07-01 13:30:23.125  1604  1678 W AlarmManager: Unrecognized alarm listener com.android.server.wifi.WifiConfigStore$1@223dfff
07-01 13:30:23.139  1604  1678 D WifiConfigStore: Writing to stores completed in 13 ms.
07-01 13:30:23.147  1604  2501 I WifiService: acquireWifiLock uid=10014 lockMode=2
07-01 13:30:23.152  1604  1617 E memtrack: Couldn't load memtrack module
07-01 13:30:23.152  1604  1617 W android.os.Debug: failed to get memory consumption info: -1
07-01 13:30:23.210  1970  1970 I GeofencerStateMachine: sendNewTransitions called.
07-01 13:30:23.227  1604  2501 I WifiService: releaseWifiLock uid=10014
07-01 13:30:23.254  1604  1617 E memtrack: Couldn't load memtrack module
07-01 13:30:23.254  1604  1617 W android.os.Debug: failed to get memory consumption info: -1
07-01 13:30:43.162  1604  2501 I WifiService: acquireWifiLock uid=10014 lockMode=2
07-01 13:30:46.134  1604  3139 D WificondControl: Scan result ready event
07-01 13:30:46.187  1604  3925 I WifiService: releaseWifiLock uid=10014
07-01 13:30:48.002  1410  1410 I boot-pipe: done populating /dev/random
07-01 13:30:52.321 13765 13852 E GoogleConversionReporter: Error sending ping
07-01 13:30:52.321 13765 13852 E GoogleConversionReporter: bdgp: Exception in CronetUrlRequest: net::ERR_CONNECTION_CLOSED, ErrorCode=5, InternalErrorCode=-100, Retryable=true
07-01 13:30:52.321 13765 13852 E GoogleConversionReporter: 	at org.chromium.net.impl.CronetUrlRequest.onError(SourceFile:175)
07-01 13:31:00.019  1604  1617 E memtrack: Couldn't load memtrack module
07-01 13:31:00.019  1604  1617 W android.os.Debug: failed to get memory consumption info: -1
07-01 13:31:00.019  1403  1418 D hwcomposer: hw_composer sent 6 syncs in 60s
07-01 13:31:03.178  1604  3139 I WifiService: acquireWifiLock uid=10014 lockMode=2
07-01 13:31:03.230  1970  1970 I GeofencerStateMachine: sendNewTransitions called.
07-01 13:31:03.255  1604  3139 I WifiService: releaseWifiLock uid=10014
07-01 13:31:24.198  1604  3139 I WifiService: acquireWifiLock uid=10014 lockMode=2
07-01 13:31:24.206  1604  1617 E memtrack: Couldn't load memtrack module
07-01 13:31:24.206  1604  1617 W android.os.Debug: failed to get memory consumption info: -1
07-01 13:31:27.173  1604  3925 D WificondControl: Scan result ready event
07-01 13:31:27.216  1604  2501 I WifiService: releaseWifiLock uid=10014
07-01 13:31:31.614  1604  1621 I WifiService: requestActivityInfo uid=1000
07-01 13:31:31.615  1604  1621 I WifiService: reportActivityInfo uid=1000
07-01 13:31:31.615  1604  1621 I WifiService: getSupportedFeatures uid=1000
07-01 13:31:44.205  1604  3139 I WifiService: acquireWifiLock uid=10014 lockMode=2
07-01 13:31:44.239  1970  1970 I GeofencerStateMachine: sendNewTransitions called.
07-01 13:31:44.254  1604  4624 I WifiService: releaseWifiLock uid=10014
07-01 13:31:48.005  1410  1410 I boot-pipe: done populating /dev/random
07-01 13:32:00.013  1403  1418 D hwcomposer: hw_composer sent 6 syncs in 60s
07-01 13:32:04.211  1604  2501 I WifiService: acquireWifiLock uid=10014 lockMode=2
07-01 13:32:07.184  1604  3139 D WificondControl: Scan result ready event
07-01 13:32:07.225  1604  3139 I WifiService: releaseWifiLock uid=10014
07-01 13:32:25.236  1604  3139 I WifiService: acquireWifiLock uid=10014 lockMode=2
07-01 13:32:25.241  1604  1617 E memtrack: Couldn't load memtrack module
07-01 13:32:25.241  1604  1617 W android.os.Debug: failed to get memory consumption info: -1
07-01 13:32:25.281  1970  1970 I GeofencerStateMachine: sendNewTransitions called.
07-01 13:32:25.300  1604  3139 I WifiService: releaseWifiLock uid=10014
07-01 13:32:25.381  1604  1617 E memtrack: Couldn't load memtrack module
07-01 13:32:25.381  1604  1617 W android.os.Debug: failed to get memory consumption info: -1
07-01 13:32:28.195  1604  3139 D WificondControl: Scan result ready event
07-01 13:32:42.995  1604  1621 I WifiService: requestActivityInfo uid=1000
07-01 13:32:42.995  1604  1621 I WifiService: reportActivityInfo uid=1000
07-01 13:32:42.995  1604  1621 I WifiService: getSupportedFeatures uid=1000
07-01 13:32:45.245  1604  3139 I WifiService: acquireWifiLock uid=10014 lockMode=2
07-01 13:32:45.293  1604  2501 I WifiService: releaseWifiLock uid=10014
07-01 13:32:45.480  1604  1613 I zygote  : Background concurrent copying GC freed 47973(2MB) AllocSpace objects, 4(208KB) LOS objects, 15% free, 31MB/37MB, paused 926us total 216.392ms
07-01 13:32:48.007  1410  1410 I boot-pipe: done populating /dev/random
07-01 13:33:00.015  1403  1418 D hwcomposer: hw_composer sent 6 syncs in 60s
07-01 13:33:00.019  1604  1617 E memtrack: Couldn't load memtrack module
07-01 13:33:00.019  1604  1617 W android.os.Debug: failed to get memory consumption info: -1
07-01 13:33:05.252  1604  4624 I WifiService: acquireWifiLock uid=10014 lockMode=2
07-01 13:33:08.224  1604  4624 D WificondControl: Scan result ready event
07-01 13:33:08.270  1970  1970 I GeofencerStateMachine: sendNewTransitions called.
07-01 13:33:08.286  1604  4624 I WifiService: releaseWifiLock uid=10014
07-01 13:33:11.785  2799  2830 I Finsky  : [131] imb.run(3): Stats for Executor: BlockingExecutor ink@4fcda2c[Running, pool size = 0, active threads = 0, queued tasks = 0, completed tasks = 30]
07-01 13:33:11.785  2799  2830 I Finsky  : [131] imb.run(3): Stats for Executor: LightweightExecutor ink@42a7cf5[Running, pool size = 2, active threads = 0, queued tasks = 0, completed tasks = 65]
07-01 13:33:12.666  2799  2830 I Finsky  : [131] imb.run(3): Stats for Executor: bgExecutor ink@4f2f371[Running, pool size = 4, active threads = 0, queued tasks = 0, completed tasks = 1083]
07-01 13:33:19.241  1604  1621 E BatteryExternalStatsWorker: modem info is invalid: ModemActivityInfo{ mTimestamp=0 mSleepTimeMs=0 mIdleTimeMs=0 mTxTimeMs[]=[0, 0, 0, 0, 0] mRxTimeMs=0 mEnergyUsed=0}
07-01 13:33:21.625  1970 16402 E WakeLock: GCM_HB_ALARM release without a matched acquire!
07-01 13:33:21.625  1970 16402 W WakeLock: GCM_HB_ALARM counter does not exist
07-01 13:33:23.254  1604  3139 I WifiService: getConnectionInfo uid=10014
07-01 13:33:23.508  1970  1984 I zygote  : Waiting for a blocking GC ProfileSaver
07-01 13:33:23.568  1970  1980 I zygote  : Background concurrent copying GC freed 123913(5MB) AllocSpace objects, 0(0B) LOS objects, 41% free, 8MB/14MB, paused 798us total 115.332ms
07-01 13:33:23.569  1970  1984 I zygote  : WaitForGcToComplete blocked ProfileSaver on ProfileSaver for 60.970ms
07-01 13:33:23.824  1604  1621 I WifiService: requestActivityInfo uid=1000
07-01 13:33:23.824  1604  1621 I WifiService: reportActivityInfo uid=1000
07-01 13:33:23.824  1604  1621 I WifiService: getSupportedFeatures uid=1000
07-01 13:33:23.841  1604  1621 E BluetoothAdapter: Bluetooth binder is null
07-01 13:33:23.849  1604  1621 E KernelCpuSpeedReader: Failed to read cpu-freq: /sys/devices/system/cpu/cpu0/cpufreq/stats/time_in_state (No such file or directory)
07-01 13:33:23.854  1604  1621 E BatteryExternalStatsWorker: modem info is invalid: ModemActivityInfo{ mTimestamp=0 mSleepTimeMs=0 mIdleTimeMs=0 mTxTimeMs[]=[0, 0, 0, 0, 0] mRxTimeMs=0 mEnergyUsed=0}
07-01 13:33:24.059  2180  2194 I zygote  : Background concurrent copying GC freed 92774(4MB) AllocSpace objects, 38(1832KB) LOS objects, 36% free, 10MB/16MB, paused 762us total 122.277ms
07-01 13:33:25.164  1604  4624 I WifiService: getConnectionInfo uid=10014
07-01 13:33:25.190  1604  4624 I WifiService: getConnectionInfo uid=10014
07-01 13:33:26.271  1604  4624 I WifiService: acquireWifiLock uid=10014 lockMode=2
07-01 13:33:26.319  1604  4624 I WifiService: releaseWifiLock uid=10014
07-01 13:33:38.569  1604  1617 E memtrack: Couldn't load memtrack module
07-01 13:33:38.569  1604  1617 W android.os.Debug: failed to get memory consumption info: -1
07-01 13:33:38.654  1604  1617 E memtrack: Couldn't load memtrack module
07-01 13:33:38.654  1604  1617 W android.os.Debug: failed to get memory consumption info: -1
07-01 13:33:43.574  1604  1621 I WifiService: requestActivityInfo uid=1000
07-01 13:33:43.574  1604  1621 I WifiService: reportActivityInfo uid=1000
07-01 13:33:43.574  1604  1621 I WifiService: getSupportedFeatures uid=1000
07-01 13:33:46.282  1604  2501 I WifiService: acquireWifiLock uid=10014 lockMode=2
07-01 13:33:48.007  1410  1410 I boot-pipe: done populating /dev/random
07-01 13:33:49.264  1604  2170 D WificondControl: Scan result ready event
07-01 13:33:49.312  1604  2501 I WifiService: releaseWifiLock uid=10014
07-01 13:33:49.321  1970  1970 I GeofencerStateMachine: sendNewTransitions called.
07-01 13:33:54.242  1604  1621 I WifiService: requestActivityInfo uid=1000
07-01 13:33:54.242  1604  1621 I WifiService: reportActivityInfo uid=1000
07-01 13:33:54.242  1604  1621 I WifiService: getSupportedFeatures uid=1000
07-01 13:33:54.259  1604  4624 I WifiService: getConnectionInfo uid=10014
07-01 13:34:00.027  1403  1418 D hwcomposer: hw_composer sent 6 syncs in 60s
07-01 13:34:06.287  1604  2501 I WifiService: acquireWifiLock uid=10014 lockMode=2
07-01 13:34:06.335  1604  4624 I WifiService: releaseWifiLock uid=10014
07-01 13:34:27.322  1604  3139 I WifiService: acquireWifiLock uid=10014 lockMode=2
07-01 13:34:27.326  1604  1617 E memtrack: Couldn't load memtrack module
07-01 13:34:27.326  1604  1617 W android.os.Debug: failed to get memory consumption info: -1
07-01 13:34:27.406  1604  1617 E memtrack: Couldn't load memtrack module
07-01 13:34:27.406  1604  1617 W android.os.Debug: failed to get memory consumption info: -1
07-01 13:34:30.293  1604  3139 D WificondControl: Scan result ready event
07-01 13:34:30.327  1970  1970 I GeofencerStateMachine: sendNewTransitions called.
07-01 13:34:30.347  1604  2501 I WifiService: releaseWifiLock uid=10014
07-01 13:34:47.328  1604  2501 I WifiService: acquireWifiLock uid=10014 lockMode=2
07-01 13:34:47.376  1604  2501 I WifiService: releaseWifiLock uid=10014
07-01 13:34:47.455  1604  1621 I WifiService: requestActivityInfo uid=1000
07-01 13:34:47.455  1604  1621 I WifiService: reportActivityInfo uid=1000
07-01 13:34:47.455  1604  1621 I WifiService: getSupportedFeatures uid=1000
07-01 13:34:48.009  1410  1410 I boot-pipe: done populating /dev/random
07-01 13:35:00.026  1403  1418 D hwcomposer: hw_composer sent 6 syncs in 60s
07-01 13:35:07.339  1604  4624 I WifiService: acquireWifiLock uid=10014 lockMode=2
07-01 13:35:09.096  1604  1621 I WifiService: requestActivityInfo uid=1000
07-01 13:35:09.096  1604  1621 I WifiService: reportActivityInfo uid=1000
07-01 13:35:09.096  1604  1621 I WifiService: getSupportedFeatures uid=1000
07-01 13:35:10.324  1604  3139 D WificondControl: Scan result ready event
07-01 13:35:10.366  1970  1970 I GeofencerStateMachine: sendNewTransitions called.
07-01 13:35:10.433  1604  3139 I WifiService: releaseWifiLock uid=10014
07-01 13:35:10.621  1604  1613 I zygote  : Background concurrent copying GC freed 78322(2MB) AllocSpace objects, 3(76KB) LOS objects, 15% free, 31MB/37MB, paused 1.188ms total 245.646ms
07-01 13:35:24.744  1604  1621 I WifiService: requestActivityInfo uid=1000
07-01 13:35:24.744  1604  1621 I WifiService: reportActivityInfo uid=1000
07-01 13:35:24.744  1604  1621 I WifiService: getSupportedFeatures uid=1000
07-01 13:35:25.450  1604  1621 I WifiService: requestActivityInfo uid=1000
07-01 13:35:25.450  1604  1621 I WifiService: reportActivityInfo uid=1000
07-01 13:35:25.450  1604  1621 I WifiService: getSupportedFeatures uid=1000
07-01 13:35:28.357  1604  4624 I WifiService: acquireWifiLock uid=10014 lockMode=2
07-01 13:35:28.407  1604  3139 I WifiService: releaseWifiLock uid=10014
07-01 13:35:31.323  1604  3925 D WificondControl: Scan result ready event
07-01 13:35:44.267  1604  1617 E memtrack: Couldn't load memtrack module
07-01 13:35:44.267  1604  1617 W android.os.Debug: failed to get memory consumption info: -1
07-01 13:35:44.271  1604  4624 I WifiService: getConnectionInfo uid=10014
07-01 13:35:44.275  1970 16409 E WakeLock: GCM_HB_ALARM release without a matched acquire!
07-01 13:35:44.379  1604  1617 E memtrack: Couldn't load memtrack module
07-01 13:35:44.380  1604  1617 W android.os.Debug: failed to get memory consumption info: -1
07-01 13:35:44.485  1604  2501 I WifiService: getConnectionInfo uid=10079
07-01 13:35:44.485  1604  2501 D WifiPermissionsUtil: Denied: no location permission
07-01 13:35:44.487  1604  2501 D WifiPermissionsUtil: Denied: caller is not the current USE_OPEN_WIFI_PACKAGE
07-01 13:35:44.490  1604  2501 I WifiService: getConnectionInfo uid=10079
07-01 13:35:44.490  1604  2501 D WifiPermissionsUtil: Denied: no location permission
07-01 13:35:44.490  1604  2501 D WifiPermissionsUtil: Denied: caller is not the current USE_OPEN_WIFI_PACKAGE
07-01 13:35:44.495  2180 15494 I EventLogChimeraService: Aggregate from 1562000789448 (log), 1562000789448 (data)
07-01 13:35:44.504  1970 15203 I zygote  : Deoptimizing java.lang.String aqnd.a(android.os.Bundle) due to JIT inline cache
07-01 13:35:44.859  1604  1618 W BroadcastQueue: Background execution not allowed: receiving Intent { act=android.intent.action.DROPBOX_ENTRY_ADDED flg=0x10 (has extras) } to com.google.android.gms/.stats.service.DropBoxEntryAddedReceiver
07-01 13:35:44.859  1604  1618 W BroadcastQueue: Background execution not allowed: receiving Intent { act=android.intent.action.DROPBOX_ENTRY_ADDED flg=0x10 (has extras) } to com.google.android.gms/.chimera.GmsIntentOperationService$PersistentTrustedReceiver
07-01 13:35:48.011  1410  1410 I boot-pipe: done populating /dev/random
07-01 13:35:48.364  1604  2170 I WifiService: acquireWifiLock uid=10014 lockMode=2
07-01 13:35:48.396  1970  1970 I GeofencerStateMachine: sendNewTransitions called.
07-01 13:35:48.410  1604  3925 I WifiService: releaseWifiLock uid=10014
07-01 13:35:51.718 13765 13852 E GoogleConversionReporter: Error sending ping
07-01 13:35:51.718 13765 13852 E GoogleConversionReporter: bdgp: Exception in CronetUrlRequest: net::ERR_CONNECTION_CLOSED, ErrorCode=5, InternalErrorCode=-100, Retryable=true
07-01 13:35:51.718 13765 13852 E GoogleConversionReporter: 	at org.chromium.net.impl.CronetUrlRequest.onError(SourceFile:175)
07-01 13:35:53.419  1970 16411 V NativeCrypto: Read error: ssl=0xa5812498: I/O error during system call, Connection reset by peer
07-01 13:35:53.423  1970 16411 V NativeCrypto: SSL shutdown failed: ssl=0xa5812498: I/O error during system call, Broken pipe
07-01 13:35:53.423  1970 16411 E WakeLock: GCM_HB_ALARM release without a matched acquire!
07-01 13:35:53.423  1970 16411 W WakeLock: GCM_HB_ALARM counter does not exist
07-01 13:35:53.428  1970 16411 W GCM     : Resetting heartbeat counters (at min), good=0 bad=2
07-01 13:35:53.429  1604  1682 D ConnectivityService: reportNetworkConnectivity(101, false) by 10014
07-01 13:35:53.430  1604  2952 D NetworkMonitor/NetworkAgentInfo [WIFI () - 101]: Forcing reevaluation for UID 10014
07-01 13:35:53.866  1604 16436 D NetworkMonitor/NetworkAgentInfo [WIFI () - 101]: PROBE_DNS connectivitycheck.gstatic.com 432ms OK 172.217.172.131,2800:3f0:4001:81a::2003
07-01 13:35:53.871  1604 16435 D NetworkMonitor/NetworkAgentInfo [WIFI () - 101]: PROBE_DNS www.google.com 439ms OK 172.217.28.228,2800:3f0:4001:801::2004
07-01 13:35:58.300  1604  2952 D NetworkMonitor/NetworkAgentInfo [WIFI () - 101]: PROBE_FALLBACK http://play.googleapis.com/generate_204 time=1866ms ret=204 request={User-Agent=[Mozilla/5.0 (X11; Linux x86_64) AppleWebKit/537.36 (KHTML, like Gecko) Chrome/60.0.3112.32 Safari/537.36]} headers={null=[HTTP/1.1 204 No Content], Content-Length=[0], Date=[Mon, 01 Jul 2019 17:35:58 GMT], X-Android-Received-Millis=[1562002558299], X-Android-Response-Source=[NETWORK 204], X-Android-Selected-Protocol=[http/1.1], X-Android-Sent-Millis=[1562002556844]}
07-01 13:35:59.067  1604 16436 D NetworkMonitor/NetworkAgentInfo [WIFI () - 101]: PROBE_HTTP http://connectivitycheck.gstatic.com/generate_204 time=5201ms ret=204 request={User-Agent=[Mozilla/5.0 (X11; Linux x86_64) AppleWebKit/537.36 (KHTML, like Gecko) Chrome/60.0.3112.32 Safari/537.36]} headers={null=[HTTP/1.1 204 No Content], Content-Length=[0], Date=[Mon, 01 Jul 2019 17:35:56 GMT], X-Android-Received-Millis=[1562002559067], X-Android-Response-Source=[NETWORK 204], X-Android-Selected-Protocol=[http/1.1], X-Android-Sent-Millis=[1562002555306]}
07-01 13:36:00.029  1403  1418 D hwcomposer: hw_composer sent 6 syncs in 60s
07-01 13:36:02.036  1604 16435 D NetworkMonitor/NetworkAgentInfo [WIFI () - 101]: PROBE_HTTPS https://www.google.com/generate_204 time=8163ms ret=204 request={User-Agent=[Mozilla/5.0 (X11; Linux x86_64) AppleWebKit/537.36 (KHTML, like Gecko) Chrome/60.0.3112.32 Safari/537.36]} headers={null=[HTTP/1.1 204 No Content], Alt-Svc=[quic=":443"; ma=2592000; v="46,44,43,39"], Content-Length=[0], Date=[Mon, 01 Jul 2019 17:36:00 GMT], X-Android-Received-Millis=[1562002562035], X-Android-Response-Source=[NETWORK 204], X-Android-Selected-Protocol=[http/1.1], X-Android-Sent-Millis=[1562002557068]}
07-01 13:36:02.037  1604  1682 D ConnectivityService: NetworkAgentInfo [WIFI () - 101] validation passed
07-01 13:36:02.907  1604  3925 I WifiService: getConnectionInfo uid=10014
07-01 13:36:05.037  1604  3925 I WifiService: getConnectionInfo uid=10014
07-01 13:36:05.039  1970 16444 W WakeLock: GCM_CONN_ALARM counter does not exist
07-01 13:36:05.060  1604  3925 I WifiService: getConnectionInfo uid=10014
07-01 13:36:08.375  1604  3925 I WifiService: acquireWifiLock uid=10014 lockMode=2
07-01 13:36:08.382  1604  1617 E memtrack: Couldn't load memtrack module
07-01 13:36:08.382  1604  1617 W android.os.Debug: failed to get memory consumption info: -1
07-01 13:36:08.459  1604  1617 E memtrack: Couldn't load memtrack module
