--------- beginning of main
06-29 13:00:27.651  1481 22392 D NuPlayerDriver: notifyResetComplete(0xa8ca5380)
06-29 13:00:27.652  1481  1481 D NuPlayerDriver: reset(0xa8ca5380) at state 0
06-29 13:00:27.658  1600 22387 V MediaPlayer: resetDrmState:  mDrmInfo=null mDrmProvisioningThread=null mPrepareDrmInProgress=false mActiveDrmScheme=false
06-29 13:00:27.658  1600 22387 V MediaPlayer: cleanDrmObj: mDrmObj=null mDrmSessionId=null
06-29 13:00:27.658  1600 22387 V MediaPlayer: resetDrmState:  mDrmInfo=null mDrmProvisioningThread=null mPrepareDrmInProgress=false mActiveDrmScheme=false
06-29 13:00:27.658  1600 22387 V MediaPlayer: cleanDrmObj: mDrmObj=null mDrmSessionId=null
06-29 13:00:27.665  1481  1481 D AudioTrack: stop() called with 0 frames delivered
06-29 13:00:28.030  1600  1886 I MediaFocusControl: abandonAudioFocus() from uid/pid 1000/1600 clientId=AudioFocus_For_Phone_Ring_And_Calls
06-29 13:00:28.197  1833 22562 D CallNotifier: SignalInfoTonePlayer.run(toneId = 98)...
06-29 13:00:28.197  1833 22562 D CallNotifier: mSignalInfoToneGenerator created already, hence skipping
06-29 13:00:28.295  1600  1600 D GpsNetInitiatedHandler: onCallStateChanged(): state is 0
06-29 13:00:28.387  1390  2659 W audio_hw_generic: Not supplying enough data to HAL, expected position 118670503 , only wrote 118670400
06-29 13:00:28.390 19489 19489 I Dialer  : DialerCallListenerImpl.onDialerCallDisconnect - [DialerCall_1, DISCONNECTED, [Capabilities: CAPABILITY_SUPPORT_HOLD CAPABILITY_MUTE CAPABILITY_CANNOT_DOWNGRADE_VIDEO_TO_AUDIO], [Properties:], children:[], parent:null, conferenceable:[], videoState:Audio Only, mSessionModificationState:0, CameraDir:-1]
06-29 13:00:28.404  1600  3204 D NetworkMonitor/NetworkAgentInfo [WIFI () - 101]: PROBE_FALLBACK http://play.googleapis.com/generate_204 Probe failed with exception java.net.ConnectException: Failed to connect to play.googleapis.com/172.217.28.10:80
06-29 13:00:28.427  1600  1600 D MediaSessionService: Global priority session is updated, active=false
06-29 13:00:28.435 19489 19489 I Dialer  : EnrichedCallManagerImpl.onDisconnect - enter
06-29 13:00:28.435 19489 19489 I Dialer  : EnrichedCallManagerImpl.onDisconnect - disconnected call with no enriched call session
06-29 13:00:28.439 19489 19489 I Dialer  : InCallPresenter.onCallListChange - Phone switching state: INCOMING -> INCALL
06-29 13:00:28.440 19489 19489 I Dialer  : StatusBarNotifier.cancelNotification - cancel
06-29 13:00:28.504  1390  1390 W DeviceHAL: Device 0xac9b2d00 get_mic_mute: Function not implemented
06-29 13:00:28.534  2175  4109 I TelephonySpam: TelephonySpamInit - scheduleCallLogTask
06-29 13:00:28.646 19489 19489 I Dialer  : VideoPauseController.onStateChange - hasPrimaryCallChanged: true, videoCanPause: false, isInBackground: false
06-29 13:00:28.655 19489 19489 I Dialer  : VideoPauseController.onPrimaryCallChanged - new call: null, old call: [DialerCall_1, DISCONNECTED, [Capabilities: CAPABILITY_SUPPORT_HOLD CAPABILITY_MUTE CAPABILITY_CANNOT_DOWNGRADE_VIDEO_TO_AUDIO], [Properties:], children:[], parent:null, conferenceable:[], videoState:Audio Only, mSessionModificationState:0, CameraDir:-1], mIsInBackground: false
06-29 13:00:28.673 19489 19489 I Dialer  : EnrichedCallManagerImpl.unregisterCapabilitiesListener - listener: [DialerCall_1, DISCONNECTED, [Capabilities: CAPABILITY_SUPPORT_HOLD CAPABILITY_MUTE CAPABILITY_CANNOT_DOWNGRADE_VIDEO_TO_AUDIO], [Properties:], children:[], parent:null, conferenceable:[], videoState:Audio Only, mSessionModificationState:0, CameraDir:-1]
06-29 13:00:28.674 19489 19489 I Dialer  : EnrichedCallManagerImpl.unregisterStateChangedListener - listener: [DialerCall_1, DISCONNECTED, [Capabilities: CAPABILITY_SUPPORT_HOLD CAPABILITY_MUTE CAPABILITY_CANNOT_DOWNGRADE_VIDEO_TO_AUDIO], [Properties:], children:[], parent:null, conferenceable:[], videoState:Audio Only, mSessionModificationState:0, CameraDir:-1]
06-29 13:00:28.701 19489 19489 I Dialer  : DialerCall.setState - ignoring state transition from DISCONNECTED to DISCONNECTED. Duration would have changed from 0 to 0
06-29 13:00:28.703 19489 19489 I Dialer  : CallList.onUpdateCall - [DialerCall_1, DISCONNECTED, [Capabilities: CAPABILITY_SUPPORT_HOLD CAPABILITY_MUTE CAPABILITY_CANNOT_DOWNGRADE_VIDEO_TO_AUDIO], [Properties:], children:[], parent:null, conferenceable:[], videoState:Audio Only, mSessionModificationState:0, CameraDir:-1]
06-29 13:00:28.704 19489 19489 I Dialer  : InCallPresenter.onCallListChange - Phone switching state: INCALL -> INCALL
06-29 13:00:28.704 19489 19489 I Dialer  : VideoPauseController.onStateChange - hasPrimaryCallChanged: false, videoCanPause: false, isInBackground: false
06-29 13:00:28.706 19489 19489 I Dialer  : EnrichedCallManagerImpl.unregisterCapabilitiesListener - listener: [DialerCall_1, DISCONNECTED, [Capabilities: CAPABILITY_SUPPORT_HOLD CAPABILITY_MUTE CAPABILITY_CANNOT_DOWNGRADE_VIDEO_TO_AUDIO], [Properties:], children:[], parent:null, conferenceable:[], videoState:Audio Only, mSessionModificationState:0, CameraDir:-1]
06-29 13:00:28.707 19489 19489 I Dialer  : EnrichedCallManagerImpl.unregisterStateChangedListener - listener: [DialerCall_1, DISCONNECTED, [Capabilities: CAPABILITY_SUPPORT_HOLD CAPABILITY_MUTE CAPABILITY_CANNOT_DOWNGRADE_VIDEO_TO_AUDIO], [Properties:], children:[], parent:null, conferenceable:[], videoState:Audio Only, mSessionModificationState:0, CameraDir:-1]
06-29 13:00:28.900  1390  2659 W audio_hw_generic: Not supplying enough data to HAL, expected position 118695045 , only wrote 118694160
06-29 13:00:28.901  1390  2659 W audio_hw_generic: Not supplying enough data to HAL, expected position 118694217 , only wrote 118694160
06-29 13:00:28.918  1390  2659 W audio_hw_generic: Not supplying enough data to HAL, expected position 118694949 , only wrote 118694880
06-29 13:00:28.952  1390  2659 W audio_hw_generic: Hardware backing HAL too slow, could only write 0 of 720 frames
06-29 13:00:28.968  1390  2659 W audio_hw_generic: Hardware backing HAL too slow, could only write 0 of 720 frames
06-29 13:00:29.029  1390  2659 W audio_hw_generic: Not supplying enough data to HAL, expected position 118700207 , only wrote 118699920
06-29 13:00:29.184  1704  1704 D StatusBar: disable<e i a s b h r c s q >
06-29 13:00:29.228 19489 19489 W Dialer  : CallList.onCallRemoved - Removing call not previously disconnected DialerCall_1
06-29 13:00:29.228 19489 19489 I Dialer  : VideoShareManager.unregisterListener - enter
06-29 13:00:29.228 19489 19489 I Dialer  : EnrichedCallManagerImpl.unregisterCapabilitiesListener - listener: bca@9d62a94
06-29 13:00:29.232 19489 19489 I Dialer  : InCallPresenter.attemptFinishActivity - Hide in call UI: false
06-29 13:00:29.233 19489 19489 I Dialer  : InCallPresenter.onCallListChange - Phone switching state: INCALL -> NO_CALLS
06-29 13:00:29.233 19489 19489 I Dialer  : VideoPauseController.onStateChange - hasPrimaryCallChanged: false, videoCanPause: false, isInBackground: false
06-29 13:00:29.233 19489 19489 I Dialer  : InCallPresenter.onCallListChange - Phone switching state: NO_CALLS -> NO_CALLS
06-29 13:00:29.234 19489 19489 I Dialer  : VideoPauseController.onStateChange - hasPrimaryCallChanged: false, videoCanPause: false, isInBackground: false
06-29 13:00:29.234 19489 19489 I Dialer  : InCallPresenter.onCallListChange - Phone switching state: NO_CALLS -> NO_CALLS
06-29 13:00:29.234 19489 19489 I Dialer  : VideoPauseController.onStateChange - hasPrimaryCallChanged: false, videoCanPause: false, isInBackground: false
06-29 13:00:29.279  1704  1929 D EGL_emulation: eglMakeCurrent: 0x9e4046c0: ver 2 0 (tinfo 0x9e403690)
06-29 13:00:29.286  1398  1398 D gralloc_ranchu: gralloc_alloc: Creating ashmem region of size 274432
06-29 13:00:29.347  1704  1929 D EGL_emulation: eglMakeCurrent: 0x9e4046c0: ver 2 0 (tinfo 0x9e403690)
06-29 13:00:29.384  1398  1398 D gralloc_ranchu: gralloc_alloc: Creating ashmem region of size 274432
06-29 13:00:29.408  1398  1398 D gralloc_ranchu: gralloc_alloc: Creating ashmem region of size 274432
06-29 13:00:29.683  1833  1843 I zygote  : Background concurrent copying GC freed 43863(2MB) AllocSpace objects, 0(0B) LOS objects, 49% free, 2MB/4MB, paused 1.299ms total 136.456ms
06-29 13:00:29.916 22565 22565 W zygote  : Unexpected CPU variant for X86 using defaults: x86
06-29 13:00:30.057 22565 22565 I zygote  : The ClassLoaderContext is a special shared library.
06-29 13:00:30.448 19489 19489 I Dialer  : InCallPresenter.setBoundAndWaitingForOutgoingCall - setBoundAndWaitingForOutgoingCall: false
06-29 13:00:30.448 19489 19489 I Dialer  : InCallPresenter.onCallListChange - Phone switching state: NO_CALLS -> NO_CALLS
06-29 13:00:30.448 19489 19489 I Dialer  : VideoPauseController.onStateChange - hasPrimaryCallChanged: false, videoCanPause: false, isInBackground: false
06-29 13:00:30.454 19489 19489 I Dialer  : InCallPresenter.attemptCleanup - Cleaning up
06-29 13:00:30.454 19489 19489 I Dialer  : ProximitySensor.turnOffProximitySensor - wake lock already released
06-29 13:00:30.455 19489 19489 I Dialer  : EnrichedCallManagerImpl.unregisterStateChangedListener - listener: bmz@6a1ed0b
06-29 13:00:30.455 19489 19489 I Dialer  : VideoPauseController.tearDown - enter
06-29 13:00:30.514  1390  2659 W audio_hw_generic: Not supplying enough data to HAL, expected position 118771219 , only wrote 118771200
06-29 13:00:30.606  1390  1390 W audio_hw_generic: Not supplying enough data to HAL, expected position 118775626 , only wrote 118775520
--------- beginning of system
06-29 13:00:37.726  1600  2369 I ActivityManager: START u0 {act=android.intent.action.MAIN cat=[android.intent.category.HOME] flg=0x10000000 cmp=com.google.android.apps.nexuslauncher/.NexusLauncherActivity} from uid 2000
06-29 13:00:37.884  1600  1615 W Looper  : Dispatch took 115ms on android.ui, h=Handler (com.android.server.am.ActivityManagerService$UiHandler) {bce2944} cb=null msg=31
06-29 13:00:37.892  1398  1398 D gralloc_ranchu: gralloc_alloc: Creating ashmem region of size 8298496
06-29 13:00:37.954  3472  3472 D net.osmand: Disable sensor
06-29 13:00:37.968  1398  1435 D gralloc_ranchu: gralloc_alloc: Creating ashmem region of size 8298496
06-29 13:00:38.095  1408  1408 D SurfaceFlinger: duplicate layer name: changing com.google.android.apps.nexuslauncher/com.google.android.apps.nexuslauncher.NexusLauncherActivity to com.google.android.apps.nexuslauncher/com.google.android.apps.nexuslauncher.NexusLauncherActivity#1
06-29 13:00:38.097  1398  1435 D gralloc_ranchu: gralloc_alloc: Creating ashmem region of size 8298496
06-29 13:00:38.100  3472  3472 I net.osmand: MapRenderRepositories RENDER MAP: Interrupt rendering map
06-29 13:00:38.142  1398  1398 D gralloc_ranchu: gralloc_alloc: Creating ashmem region of size 8298496
06-29 13:00:38.182  1398  1398 D gralloc_ranchu: gralloc_alloc: Creating ashmem region of size 8298496
06-29 13:00:38.234  1398  1435 D gralloc_ranchu: gralloc_alloc: Creating ashmem region of size 8298496
06-29 13:00:38.378  2118  2184 D EGL_emulation: eglMakeCurrent: 0x8b867100: ver 2 0 (tinfo 0x8b8707f0)
06-29 13:00:38.462  1600 22548 D NetworkMonitor/NetworkAgentInfo [WIFI () - 101]: PROBE_HTTPS https://www.google.com/generate_204 Probe failed with exception java.net.SocketTimeoutException: failed to connect to www.google.com/2800:3f0:4001:801::2004 (port 443) from /fec0::7874:a8bd:4205:7510 (port 42084) after 10000ms
06-29 13:00:38.483  1600 22549 D NetworkMonitor/NetworkAgentInfo [WIFI () - 101]: PROBE_HTTP http://connectivitycheck.gstatic.com/generate_204 Probe failed with exception java.net.SocketTimeoutException: failed to connect to connectivitycheck.gstatic.com/2800:3f0:4001:81a::2003 (port 80) from /fec0::7874:a8bd:4205:7510 (port 40314) after 10000ms
06-29 13:00:38.494  1600  1678 D ConnectivityService: NetworkAgentInfo [WIFI () - 101] validation failed
06-29 13:00:38.515  1600  1678 D ConnectivityService: Switching to new default network: NetworkAgentInfo{ ni{[type: MOBILE[GPRS], state: CONNECTED/CONNECTED, reason: (unspecified), extra: epc.tmobile.com, failover: false, available: true, roaming: false]}  network{100}  nethandle{429513165534}  lp{{InterfaceName: radio0 LinkAddresses: [192.168.200.2/24,]  Routes: [0.0.0.0/0 -> 192.168.200.1 radio0,192.168.200.0/24 -> 0.0.0.0 radio0,] DnsAddresses: [10.0.2.3,] Domains: null MTU: 1500 TcpBufferSizes: 4092,8760,48000,4096,8760,48000}}  nc{[ Transports: CELLULAR Capabilities: MMS&SUPL&DUN&FOTA&IMS&CBS&IA&INTERNET&NOT_RESTRICTED&TRUSTED&NOT_VPN&VALIDATED LinkUpBandwidth>=80Kbps LinkDnBandwidth>=80Kbps Specifier: <1>]}  Score{50}  everValidated{true}  lastValidated{true}  created{true} lingering{false} explicitlySelected{false} acceptUnvalidated{false} everCaptivePortalDetected{false} lastCaptivePortalDetected{false} clat{null} }
06-29 13:00:38.689  1704  1929 D EGL_emulation: eglMakeCurrent: 0x9e4046c0: ver 2 0 (tinfo 0x9e403690)
06-29 13:00:38.698  3472  3540 D EGL_emulation: eglMakeCurrent: 0x9e4043c0: ver 2 0 (tinfo 0x9e403290)
06-29 13:00:38.799  1964  1964 I GeofencerStateMachine: sendNewLocationAvailability: availability=LocationAvailability[isLocationAvailable: true]
06-29 13:00:39.020  2629  2629 I Choreographer: Skipped 47 frames!  The application may be doing too much work on its main thread.
06-29 13:00:39.026  2629  2884 D EGL_emulation: eglMakeCurrent: 0xa61b6ce0: ver 2 0 (tinfo 0xa619b690)
06-29 13:00:39.040  2118  2184 W OpenGLRenderer: Incorrectly called buildLayer on View: ShortcutAndWidgetContainer, destroying layer...
06-29 13:00:39.040  2118  2184 W OpenGLRenderer: Incorrectly called buildLayer on View: ShortcutAndWidgetContainer, destroying layer...
06-29 13:00:39.221  1398  1435 D gralloc_ranchu: gralloc_alloc: Creating ashmem region of size 8298496
06-29 13:00:39.288  1696  1901 I DeviceStatusMonitor: NetworkCallback#onAvailable(): 100
06-29 13:00:39.310  1408  1408 E EGL_emulation: tid 1408: eglCreateSyncKHR(1962): error 0x3004 (EGL_BAD_ATTRIBUTE)
06-29 13:00:39.359  1600  1820 D NetworkTimeUpdateService: New default network 100; checking time.
06-29 13:00:39.377  1600  1678 D ConnectivityService: Sending DISCONNECTED broadcast for type 1 NetworkAgentInfo [WIFI () - 101] isDefaultNetwork=true
06-29 13:00:39.417  1696  1696 I DeviceStatusMonitor: getCurrentNetworkState(): activeNetwork = 100,  newState = METERED
06-29 13:00:39.418  1696  1696 I HWRSuperpacksManager: onNetworkAvailable
06-29 13:00:39.419  1696  1696 I NetworkInfo: onNetworkAvailable: networkState = METERED
06-29 13:00:39.424  1696  1696 I NetworkInfo: onNetworkAvailable: networkState = METERED
06-29 13:00:39.481  1696 22593 I NetworkInfo: onNetworkAvailable: networkState = METERED
06-29 13:00:39.516  1600  1678 D ConnectivityService: Sending CONNECTED broadcast for type 0 NetworkAgentInfo [MOBILE (GPRS) - 100] isDefaultNetwork=true
06-29 13:00:39.649  1600  1671 I WifiService: getConnectionInfo uid=1000
06-29 13:00:39.690  1600  1671 D RecurrenceRule: Resolving using anchor 2019-06-29T17:00:39.690Z[GMT]
06-29 13:00:39.731  1600 22596 D NetworkMonitor/NetworkAgentInfo [WIFI () - 101]: PROBE_DNS connectivitycheck.gstatic.com 78ms OK 172.217.172.131,2800:3f0:4001:81a::2003
06-29 13:00:39.790  1600 22595 D NetworkMonitor/NetworkAgentInfo [WIFI () - 101]: PROBE_DNS www.google.com 134ms OK 172.217.28.228,2800:3f0:4001:801::2004
06-29 13:00:39.881  1600  1671 D RecurrenceRule: Resolving using anchor 2019-06-29T17:00:39.880Z[GMT]
06-29 13:00:39.988  2629  2890 W ThreadPoolDumper: Queue length for executor EventBus is now 11. Perhaps some tasks are too long, or the pool is too small.
06-29 13:00:40.036  1600  1678 D ConnectivityService: handleNetworkUnvalidated NetworkAgentInfo [WIFI () - 101] cap=[ Transports: WIFI Capabilities: NOT_METERED&INTERNET&NOT_RESTRICTED&TRUSTED&NOT_VPN&FOREGROUND LinkUpBandwidth>=1048576Kbps LinkDnBandwidth>=1048576Kbps SignalStrength: -50]
06-29 13:00:40.036  1600  1674 D WifiStateMachine: NETWORK_STATUS_UNWANTED_VALIDATION_FAILED
06-29 13:00:40.078  1600  1671 D RecurrenceRule: Cycle 17 from 2019-06-09T00:00Z[GMT] to 2019-07-09T00:00Z[GMT]
06-29 13:00:40.080  1600  1671 D NetworkStats: Resolving plan for NetworkTemplate: matchRule=MOBILE_ALL, subscriberId=310260..., matchSubscriberIds=[310260...]
06-29 13:00:40.082  1600  1671 D NetworkStats: Found active matching subId 1
06-29 13:00:40.103  3472 22589 E FA      : Task exception on worker thread: java.lang.IllegalAccessError: Method 'void android.support.v4.content.ContextCompat.<init>()' is inaccessible to class 'com.google.firebase.iid.zzg' (declaration of 'com.google.firebase.iid.zzg' appears in /data/app/net.osmand-3e2027wrPNiMXbTSfYMHIA==/base.apk): com.google.android.gms.measurement.internal.zzt.zzEd(Unknown Source:3)
06-29 13:00:40.117  1704  1929 D EGL_emulation: eglMakeCurrent: 0x9e4046c0: ver 2 0 (tinfo 0x9e403690)
06-29 13:00:40.149  2629  2890 W SessionLifecycleManager: Handover failed. Creating new session controller.
06-29 13:00:40.165  1600  1671 D NetworkStats: Resolved to plan null
06-29 13:00:40.380  1600  1671 I WifiService: getConnectionInfo uid=1000
06-29 13:00:40.416  1600  1671 D RecurrenceRule: Resolving using anchor 2019-06-29T17:00:40.416Z[GMT]
06-29 13:00:40.420  1600  1671 D RecurrenceRule: Resolving using anchor 2019-06-29T17:00:40.419Z[GMT]
06-29 13:00:40.483  1600  1671 D RecurrenceRule: Cycle 17 from 2019-06-09T00:00Z[GMT] to 2019-07-09T00:00Z[GMT]
06-29 13:00:40.483  1600  1671 D NetworkStats: Resolving plan for NetworkTemplate: matchRule=MOBILE_ALL, subscriberId=310260..., matchSubscriberIds=[310260...]
06-29 13:00:40.486  1600  1671 D NetworkStats: Found active matching subId 1
06-29 13:00:40.526  1600  1671 D NetworkStats: Resolved to plan null
06-29 13:00:40.597  2629  2890 W ThreadPoolDumper: Queue length for executor Lightweight is now 11. Perhaps some tasks are too long, or the pool is too small.
06-29 13:00:40.736  2118  2126 I zygote  : NativeAlloc concurrent copying GC freed 7141(390KB) AllocSpace objects, 2(104KB) LOS objects, 49% free, 4MB/9MB, paused 86.910ms total 1.932s
06-29 13:00:41.077  2175 20766 I PinnedContentDownloader: Finished downloading pinned content.
06-29 13:00:41.134  1600  1792 I WifiService: getWifiEnabledState uid=10032
06-29 13:00:41.244  1600  1792 I WifiService: getWifiEnabledState uid=10032
06-29 13:00:41.261  2629 22618 W LocationOracle: No location history returned by ContextManager
06-29 13:00:41.459  1600  6125 I WifiService: acquireWifiLock uid=10014 lockMode=2
06-29 13:00:41.626  1704  1723 I zygote  : NativeAlloc concurrent copying GC freed 65044(2MB) AllocSpace objects, 0(0B) LOS objects, 42% free, 8MB/14MB, paused 1.580ms total 2.703s
06-29 13:00:41.631  1399  1414 D hwcomposer: hw_composer sent 30 syncs in 319s
06-29 13:00:41.847  1600  2131 I WifiService: releaseWifiLock uid=10014
06-29 13:00:42.011  1600  6125 I ActivityManager: Force stopping com.skgames.trafficrider appid=10081 user=0: from pid 22621
06-29 13:00:42.062  1833  1833 D CarrierSvcBindHelper: No carrier app for: 0
06-29 13:00:42.095  1600  1671 D RecurrenceRule: Resolving using anchor 2019-06-29T17:00:42.095Z[GMT]
06-29 13:00:42.099  1600  1671 D RecurrenceRule: Resolving using anchor 2019-06-29T17:00:42.098Z[GMT]
06-29 13:00:42.102  1600  1671 D RecurrenceRule: Cycle 17 from 2019-06-09T00:00Z[GMT] to 2019-07-09T00:00Z[GMT]
06-29 13:00:42.120  1600  1671 D NetworkStats: Resolving plan for NetworkTemplate: matchRule=MOBILE_ALL, subscriberId=310260..., matchSubscriberIds=[310260...]
06-29 13:00:42.132  1600  1671 D NetworkStats: Found active matching subId 1
06-29 13:00:42.150  1600  1671 D NetworkStats: Resolved to plan null
06-29 13:00:42.462  1704  1723 I zygote  : NativeAlloc concurrent copying GC freed 14942(801KB) AllocSpace objects, 0(0B) LOS objects, 45% free, 7MB/13MB, paused 18.340ms total 808.724ms
06-29 13:00:42.482  1600  1609 I zygote  : NativeAlloc concurrent copying GC freed 46133(2MB) AllocSpace objects, 4(144KB) LOS objects, 21% free, 22MB/28MB, paused 16.528ms total 2.359s
06-29 13:00:42.487  1600  1607 W JavaBinder: BinderProxy is being destroyed but the application did not call unlinkToDeath to unlink all of its death recipients beforehand.  Releasing leaked death recipient: com.android.server.telecom.ServiceBinder$ServiceDeathRecipient
06-29 13:00:42.806  1964  1964 I GeofencerStateMachine: removeGeofences: removeRequest=RemoveGeofencingRequest[REMOVE_BY_PENDING_INTENT pendingIntent=PendingIntent[creatorPackage=com.google.android.gms], packageName=com.google.android.gms]
06-29 13:00:43.253  1600  2131 I ActivityManager: Force stopping com.EvilChaotic.ModernWarplanes appid=10082 user=0: from pid 22630
06-29 13:00:42.835  1964  1964 I chatty  : uid=10014 com.google.android.gms.persistent identical 1 line
06-29 13:00:42.913  1964  1964 I GeofencerStateMachine: removeGeofences: removeRequest=RemoveGeofencingRequest[REMOVE_BY_PENDING_INTENT pendingIntent=PendingIntent[creatorPackage=com.google.android.gms], packageName=com.google.android.gms]
06-29 13:00:43.383  1833  1833 D CarrierSvcBindHelper: No carrier app for: 0
06-29 13:00:43.399  1964 22340 W ctxmgr  : [AclManager] No 3 for (accnt=account#1066226748#, com.google.android.gms(10014):UserVelocityProducer, vrsn=17785022, 0, 3pPkg = null ,  3pMdlId = null ,  pid = 1964). Was: 2 for 1, account#1066226748# [CONTEXT service_id=47 ]
06-29 13:00:43.959  1600  1609 I zygote  : NativeAlloc concurrent copying GC freed 13314(1049KB) AllocSpace objects, 3(124KB) LOS objects, 21% free, 21MB/27MB, paused 12.875ms total 698.896ms
06-29 13:00:44.007  1964  1964 I GeofencerStateMachine: removeGeofences: removeRequest=RemoveGeofencingRequest[REMOVE_BY_PENDING_INTENT pendingIntent=PendingIntent[creatorPackage=com.google.android.gms], packageName=com.google.android.gms]
06-29 13:00:44.030  1964  1964 I GeofencerStateMachine: removeGeofences: removeRequest=RemoveGeofencingRequest[REMOVE_BY_PENDING_INTENT pendingIntent=PendingIntent[creatorPackage=com.google.android.gms], packageName=com.google.android.gms]
06-29 13:00:44.175  1964 22632 I PlaceInferenceEngine: [anon] Changed inference mode: 0
06-29 13:00:44.316  1964 22632 I PlaceInferenceEngine: [account#1066226748] Changed inference mode: 0
06-29 13:00:44.321  1600  7916 I ActivityManager: Force stopping com.ea.games.r3_row appid=10083 user=0: from pid 22636
06-29 13:00:44.385  1833  1833 D CarrierSvcBindHelper: No carrier app for: 0
06-29 13:00:44.748  1964 22340 I ctxmgr  : [ProducerStatusImpl] updateStateForNewContextData: inactive, contextName=7 [CONTEXT service_id=47 ]
06-29 13:00:45.491  1964 22632 I Places  : ?: PlacesBleScanner start() with priority 2
06-29 13:00:45.492  1964 22632 I PlaceInferenceEngine: [anon] Changed inference mode: 1
06-29 13:00:45.492  1964 22632 I PlaceInferenceEngine: [account#1066226748] Changed inference mode: 1
06-29 13:00:45.507  1964 22632 I Places  : Converted 1 out of 1 WiFi scans
06-29 13:00:45.508  1600  1611 I WifiService: getConnectionInfo uid=10014
06-29 13:00:45.540  1964 22632 I PlaceInferenceEngine: [account#1066226748] Changed inference mode: 1
06-29 13:00:45.540  1964 22632 I PlaceInferenceEngine: [anon] Changed inference mode: 1
06-29 13:00:45.584  1964  1964 E BeaconBle: Missing BluetoothAdapter
06-29 13:00:45.594  1964  1964 I BeaconBle: BLE 'KK+' software access layer enabled
06-29 13:00:45.614  1964  1964 I BeaconBle: Client requested scan, settings=BleSettings [scanMode=ZERO_POWER, callbackType=ALL_MATCHES, reportDelayMillis=0, 1 filters, 0 clients, callingClientName=Places]
06-29 13:00:45.615  1964  1964 I BeaconBle: Scan : No clients left, canceling alarm.
06-29 13:00:45.616  1964  1964 E BeaconBle: Scan couldn't start for Places
06-29 13:00:45.616  1964  1964 W Places  : BLE failure while scanning - code 5
06-29 13:00:45.821  1600  6125 W ActivityManager: Invalid packageName: android.media.action.IMAGE_CAPTURE
06-29 13:00:47.645  1964  1964 I GeofencerStateMachine: sendQueryLocationOptIn
06-29 13:00:47.648  1600  1613 I GnssLocationProvider: WakeLock acquired by sendMessage(ENABLE, 1, null)
06-29 13:00:47.649  1600  1613 I GnssLocationProvider: WakeLock acquired by sendMessage(SET_REQUEST, 0, com.android.server.location.GnssLocationProvider$GpsRequest@7362b3e)
06-29 13:00:47.654  1600  1614 W BroadcastQueue: Background execution not allowed: receiving Intent { act=android.location.PROVIDERS_CHANGED flg=0x10 } to com.google.android.apps.maps/com.google.android.apps.gmm.locationsharing.usr.LocationAvailabilityChecker$LocationProvidersChangedBroadcastReceiver
06-29 13:00:47.655  1600  1614 W BroadcastQueue: Background execution not allowed: receiving Intent { act=android.location.PROVIDERS_CHANGED flg=0x10 } to com.google.android.gms/com.google.android.location.internal.NlpNetworkProviderSettingsUpdateReceiver
06-29 13:00:47.655  1600  1614 W BroadcastQueue: Background execution not allowed: receiving Intent { act=android.location.PROVIDERS_CHANGED flg=0x10 } to com.google.android.gms/.chimera.GmsIntentOperationService$PersistentTrustedReceiver
06-29 13:00:47.656  1600  1614 W BroadcastQueue: Background execution not allowed: receiving Intent { act=android.location.PROVIDERS_CHANGED flg=0x10 } to com.google.android.googlequicksearchbox/com.google.android.apps.gsa.broadcastreceiver.external.ExternalCommonBroadcastReceiver
06-29 13:00:47.656  1600  1614 W BroadcastQueue: Background execution not allowed: receiving Intent { act=android.location.MODE_CHANGED flg=0x10 } to com.google.android.apps.maps/com.google.android.apps.gmm.locationsharing.usr.LocationAvailabilityChecker$LocationProvidersChangedBroadcastReceiver
06-29 13:00:47.657  1600  1614 W BroadcastQueue: Background execution not allowed: receiving Intent { act=android.location.MODE_CHANGED flg=0x10 } to com.google.android.gms/.chimera.GmsIntentOperationService$PersistentTrustedReceiver
06-29 13:00:47.684  1397  1397 W GnssHAL_GnssInterface: setCallback called more than once. Unexpected unless test.
06-29 13:00:47.689  1600  1613 D GnssLocationProvider: gnssSetSystemInfoCb: yearOfHw=2015
06-29 13:00:47.691  1600  1613 D GnssLocationProvider: gnssSetCapabilitesCb: 0u
06-29 13:00:47.691  1600  1613 D GnssLocationProvider: gnssSetSystemInfoCb: yearOfHw=2015
06-29 13:00:47.691  1600  1613 E GnssLocationProvider: Unable to initialize GNSS Xtra interface
06-29 13:00:47.691  1600  1613 E GnssLocationProvider: Unable to Initialize AGnss interface
06-29 13:00:47.691  1600  1613 E GnssLocationProvider: Unable to initialize GNSS Geofencing interface
06-29 13:00:47.691  1600  1613 E GnssLocationProvider: Unable to initialize GNSS NI interface
06-29 13:00:47.692  1600  1613 E GnssLocationProvider: no AGPS interface in set_agps_server
06-29 13:00:47.692  1600  1613 E GnssLocationProvider: Failed to initialize GNSS batching
06-29 13:00:47.692  1600  1613 I GnssLocationProvider: WakeLock released by handleMessage(ENABLE, 1, null)
06-29 13:00:47.699  1600  1613 I GnssLocationProvider: WakeLock released by handleMessage(SET_REQUEST, 0, com.android.server.location.GnssLocationProvider$GpsRequest@7362b3e)
06-29 13:00:47.759  1600  1600 D GpsNetInitiatedHandler: location enabled :true
06-29 13:00:47.781  1964  1978 I zygote  : Background concurrent copying GC freed 58368(2MB) AllocSpace objects, 28(1748KB) LOS objects, 34% free, 11MB/17MB, paused 1.269ms total 574.208ms
06-29 13:00:47.908  1600  1613 E memtrack: Couldn't load memtrack module
06-29 13:00:47.908  1600  1613 W android.os.Debug: failed to get memory consumption info: -1
06-29 13:00:47.926  1964 22654 I GCoreUlr: Starting service, intent=Intent { act=com.google.android.location.reporting.ACTION_UPDATE_WORLD cmp=com.google.android.gms/com.google.android.location.reporting.service.DispatchingService (has extras) }, extras=Bundle[{receiverAction=android.location.PROVIDERS_CHANGED}]
06-29 13:00:47.994  1600  6125 W ActivityManager: Unable to start service Intent { act=com.google.android.gms.nearby.discovery:ACTION_PERMISSION_CHANGE cmp=com.google.android.gms/.nearby.discovery.service.DiscoveryService } U=0: not found
06-29 13:00:48.145  1964  1964 E BluetoothAdapter: Bluetooth binder is null
06-29 13:00:48.284  1964 22626 I GCoreUlr: WorldUpdater received intent Intent { act=com.google.android.location.reporting.ACTION_UPDATE_WORLD cmp=com.google.android.gms/com.google.android.location.reporting.service.DispatchingService (has extras) } with receiverAction android.location.PROVIDERS_CHANGED
06-29 13:00:48.345  1964 22342 I PlaceInferenceEngine: No beacon scan available - ignoring candidates.
06-29 13:00:48.407  1964 22626 I GCoreUlr: WorldUpdater:android.location.PROVIDERS_CHANGED: Ensuring that reporting is stopped because of reasons: {account#8#=[InactiveReason{mIdentifier=6, mName='ReportingNotEnabled'}, InactiveReason{mIdentifier=14, mName='HistoryNotEnabled'}]}
06-29 13:00:48.433  1964 22547 E WakeLock: GCM_HB_ALARM release without a matched acquire!
06-29 13:00:48.433  1964 22547 W WakeLock: GCM_HB_ALARM counter does not exist
06-29 13:00:48.515  1964 22342 I PlaceInferenceEngine: No beacon scan available - ignoring candidates.
06-29 13:00:48.552  1964 22626 I GCoreUlr: Unbound from all signal providers.
06-29 13:00:48.576  1964 22625 I GCoreUlr: Successfully accounts update
06-29 13:00:48.649  3472  3472 I net.osmand: RoutingHelper Recalculate route, because correlation  : 1720768.9066770545
06-29 13:00:48.674  3472  3472 I net.osmand: RoutingHelper Recalculate route, because correlation  : 1720768.9066770545
06-29 13:00:48.674  3472  3472 I net.osmand: RoutingHelper Recalculate route, because wrong movement direction: 1720791.8
06-29 13:00:48.704  1964  1964 I GCoreUlr: Unbound from all signal providers.
06-29 13:00:48.706  1964  1964 I GCoreUlr: Stopping handler for UlrDispSvcFast
06-29 13:00:48.708  1964 22627 I GCoreUlr: Successfully accounts update
06-29 13:00:49.030  3472  3472 I net.osmand: RoutingHelper Recalculate route, because correlation  : 1720768.9066770545
06-29 13:00:49.034  3472  3472 I net.osmand: RoutingHelper Recalculate route, because correlation  : 1720768.9066770545
06-29 13:00:49.035  3472  3472 I net.osmand: RoutingHelper Recalculate route, because wrong movement direction: 1720791.8
06-29 13:00:49.292  3472  3472 I net.osmand: RoutingHelper Recalculate route, because correlation  : 1720768.9066770545
06-29 13:00:49.296  3472  3472 I net.osmand: RoutingHelper Recalculate route, because correlation  : 1720768.9066770545
06-29 13:00:49.296  3472  3472 I net.osmand: RoutingHelper Recalculate route, because wrong movement direction: 1720791.8
06-29 13:00:49.313  1964  1964 I GeofencerStateMachine: sendNewTransitions called.
06-29 13:00:49.588  1600  1600 I GnssLocationProvider: WakeLock acquired by sendMessage(SUBSCRIPTION_OR_SIM_CHANGED, 0, null)
06-29 13:00:49.598  1833  1833 D MccTable: updateMccMncConfiguration mccmnc='310260' fromServiceState=true
06-29 13:00:49.599  1833  1833 D MccTable: updateMccMncConfiguration defaultMccMnc=310260
06-29 13:00:49.600  1833  1833 D MccTable: updateMccMncConfiguration: mcc=310, mnc=260
06-29 13:00:49.601  1833  1833 D MccTable: WIFI_COUNTRY_CODE set to us
06-29 13:00:49.627  1600  1611 I WifiService: WifiService trying to set country code to us with persist set to false
06-29 13:00:49.627  1600  1611 I WifiService: setCountryCode uid=1001
06-29 13:00:49.798  3472  3472 I net.osmand: RoutingHelper Recalculate route, because correlation  : 1720768.9066770545
06-29 13:00:49.800  3472  3472 I net.osmand: RoutingHelper Recalculate route, because wrong movement direction: 1720791.8
06-29 13:00:49.828  3472  3472 I net.osmand: RoutingHelper Recalculate route, because correlation  : 1720768.9066770545
06-29 13:00:49.884  1833  1833 D ServiceStateProvider: subId=1
06-29 13:00:50.045  1833  1833 I Telephony: PstnIncomingCallNotifier: Unregistering: Handler (com.android.internal.telephony.GsmCdmaPhone) {6a68867}
06-29 13:00:50.081  1600  1613 E GnssLocationProvider: no AGPS interface in set_agps_server
06-29 13:00:50.082  1600  1613 I GnssLocationProvider: WakeLock released by handleMessage(SUBSCRIPTION_OR_SIM_CHANGED, 0, null)
06-29 13:00:50.110  3472  3472 I net.osmand: RoutingHelper Recalculate route, because correlation  : 193.93962541142935
06-29 13:00:50.110  3472  3472 I net.osmand: RoutingHelper Recalculate route, because wrong movement direction: 194.01614
06-29 13:00:50.111  3472  3472 I net.osmand: RoutingHelper Recalculate route, because correlation  : 193.93962541142935
06-29 13:00:50.147  1600  1600 I Telecom : CallLogManager: Country ISO changed. Retrieving new ISO...: CLM.oCD@Bes
06-29 13:00:50.159  1600  6125 I Telecom : PhoneAccountRegistrar: Modify account: [ComponentInfo{com.android.phone/com.android.services.telephony.TelephonyConnectionService}, [****], UserHandle{0}(lbl: Android -> )(desc: Android -> )]: TSI.rPA@Bew
06-29 13:00:50.165  1833  1833 I Telephony: AccountEntry: Registered phoneAccount: [[ ] PhoneAccount: ComponentInfo{com.android.phone/com.android.services.telephony.TelephonyConnectionService}, [****], UserHandle{0} Capabilities: CallProvider MultiUser PlaceEmerg SimSub  Audio Routes: BESW Schemes: tel voicemail  Extras: Bundle[{android.telecom.extra.SUPPORTS_VIDEO_CALLING_FALLBACK=true}] GroupId: [****]] with handle: ComponentInfo{com.android.phone/com.android.services.telephony.TelephonyConnectionService}, [****], UserHandle{0}
06-29 13:00:50.166  1833  1833 I Telephony: PstnIncomingCallNotifier: Registering: Handler (com.android.internal.telephony.GsmCdmaPhone) {6a68867}
06-29 13:00:50.173  1833  1833 I Telephony: PstnPhoneCapabilitiesNotifier: handleVideoCapabilitesChanged. Video capability - false
06-29 13:00:50.191  1600  6125 I Telecom : PhoneAccountRegistrar: Modify account: [ComponentInfo{com.android.phone/com.android.services.telephony.TelephonyConnectionService}, [****], UserHandle{0}]: TSI.rPA@Be8
06-29 13:00:50.628  3472  3472 I net.osmand: RoutingHelper Recalculate route, because correlation  : 193.93962541142935
06-29 13:00:50.628  3472  3472 I net.osmand: RoutingHelper Recalculate route, because wrong movement direction: 194.01614
06-29 13:00:50.662  3472  3472 I net.osmand: RoutingHelper Recalculate route, because correlation  : 193.93962541142935
06-29 13:00:51.117  3472  3472 I net.osmand: RoutingHelper Recalculate route, because correlation  : 1720768.9066770545
06-29 13:00:51.118  3472  3472 I net.osmand: RoutingHelper Recalculate route, because wrong movement direction: 1720791.8
06-29 13:00:51.130  3472  3472 I net.osmand: RoutingHelper Recalculate route, because correlation  : 1720768.9066770545
06-29 13:00:51.130  3472  3472 I net.osmand: RoutingHelper Recalculate route, because wrong movement direction: 1720791.8
06-29 13:00:51.133  1964  2502 W ResourceType: ResTable_typeSpec entry count inconsistent: given 15, previously 22
06-29 13:00:51.147  3472  3472 I net.osmand: RoutingHelper Recalculate route, because correlation  : 1720768.9066770545
06-29 13:00:51.181  3472  3472 I chatty  : uid=10104(net.osmand) identical 1 line
06-29 13:00:51.475  3472  3472 I net.osmand: RoutingHelper Recalculate route, because correlation  : 1720768.9066770545
06-29 13:00:51.475  3472  3472 I net.osmand: RoutingHelper Recalculate route, because wrong movement direction: 1720791.8
06-29 13:00:51.497  3472  3472 I net.osmand: RoutingHelper Recalculate route, because correlation  : 1720768.9066770545
06-29 13:00:51.618  3472  3472 I net.osmand: RoutingHelper Recalculate route, because correlation  : 1720768.9066770545
06-29 13:00:51.619  3472  3472 I net.osmand: RoutingHelper Recalculate route, because wrong movement direction: 1720791.8
06-29 13:00:51.630  3472  3472 I net.osmand: RoutingHelper Recalculate route, because correlation  : 1720768.9066770545
06-29 13:00:51.861  1600  3204 D NetworkMonitor/NetworkAgentInfo [WIFI () - 101]: PROBE_FALLBACK http://www.google.com/gen_204 time=9364ms ret=204 request={User-Agent=[Mozilla/5.0 (X11; Linux x86_64) AppleWebKit/537.36 (KHTML, like Gecko) Chrome/60.0.3112.32 Safari/537.36]} headers={null=[HTTP/1.1 204 No Content], Content-Length=[0], Content-Type=[text/html; charset=UTF-8], Date=[Sat, 29 Jun 2019 17:00:49 GMT], P3P=[CP="This is not a P3P policy! See g.co/p3phelp for more info."], Server=[gws], Set-Cookie=[1P_JAR=2019-06-29-17; expires=Mon, 29-Jul-2019 17:00:49 GMT; path=/; domain=.google.com, NID=186=hGklJmOxzHDj5Ssf7h41o9_7PdlwzSeotyl8__jPTgOOF_b4WnwDsGEELmNEKg9Cn9ts4RGk-cwo-Vyu5g8mayOHdq1LF9tyAHURX_EX8fxyuzVLDRGQfQJw_0U5OhZZEqqSpJzoQY3P4g1pu3WP_8uiyqmm-yeYuwa8--aWDS4; expires=Sun, 29-Dec-2019 17:00:49 GMT; path=/; domain=.google.com; HttpOnly], X-Android-Received-Millis=[1561827651860], X-Android-Response-Source=[NETWORK 204], X-Android-Selected-Protocol=[http/1.1], X-Android-Sent-Millis=[1561827649061], X-Frame-Options=[SAMEORIGIN], X-XSS-Protection=[0]}
06-29 13:00:52.615  3472  3472 I net.osmand: RoutingHelper Recalculate route, because correlation  : 1720768.9066770545
06-29 13:00:52.626  3472  3472 I net.osmand: RoutingHelper Recalculate route, because correlation  : 1720768.9066770545
06-29 13:00:52.626  3472  3472 I net.osmand: RoutingHelper Recalculate route, because wrong movement direction: 1720791.8
06-29 13:00:52.793 22666 22666 D AndroidRuntime: >>>>>> START com.android.internal.os.RuntimeInit uid 2000 <<<<<<
06-29 13:00:52.857 22666 22666 W app_process: Could not reserve sentinel fault page
06-29 13:00:53.004  3472  3472 I net.osmand: RoutingHelper Recalculate route, because correlation  : 1720768.9066770545
06-29 13:00:53.004  3472  3472 I net.osmand: RoutingHelper Recalculate route, because wrong movement direction: 1720791.8
06-29 13:00:53.028  3472  3472 I net.osmand: RoutingHelper Recalculate route, because correlation  : 1720768.9066770545
06-29 13:00:53.028  3472  3472 I net.osmand: RoutingHelper Recalculate route, because wrong movement direction: 1720791.8
06-29 13:00:53.031  3472  3472 I net.osmand: RoutingHelper Recalculate route, because correlation  : 1720768.9066770545
06-29 13:00:53.209  3472  3472 I chatty  : uid=10104(net.osmand) identical 2 lines
06-29 13:00:53.227  3472  3472 I net.osmand: RoutingHelper Recalculate route, because correlation  : 1720768.9066770545
06-29 13:00:53.227  3472  3472 I net.osmand: RoutingHelper Recalculate route, because wrong movement direction: 1720791.8
06-29 13:00:53.621  3472  3472 I net.osmand: RoutingHelper Recalculate route, because correlation  : 1720768.9066770545
06-29 13:00:53.631  3472  3472 I net.osmand: RoutingHelper Recalculate route, because correlation  : 1720768.9066770545
06-29 13:00:53.632  3472  3472 I net.osmand: RoutingHelper Recalculate route, because wrong movement direction: 1720791.8
06-29 13:00:53.713  1600 22596 D NetworkMonitor/NetworkAgentInfo [WIFI () - 101]: PROBE_HTTP http://connectivitycheck.gstatic.com/generate_204 Probe failed with exception java.net.SocketTimeoutException: timeout
06-29 13:00:53.794 22666 22666 W app_process: Unexpected CPU variant for X86 using defaults: x86
06-29 13:00:53.843 22666 22666 I app_process: The ClassLoaderContext is a special shared library.
06-29 13:00:54.165 22666 22666 D AndroidRuntime: Calling main entry com.android.commands.monkey.Monkey
06-29 13:00:54.176 22666 22666 W Monkey  : args: [-p, net.osmand, -c, android.intent.category.LAUNCHER, 1]
06-29 13:00:54.180 22666 22666 W Monkey  :  arg: "-p"
06-29 13:00:54.180 22666 22666 W Monkey  :  arg: "net.osmand"
06-29 13:00:54.181 22666 22666 W Monkey  :  arg: "-c"
06-29 13:00:54.181 22666 22666 W Monkey  :  arg: "android.intent.category.LAUNCHER"
06-29 13:00:54.181 22666 22666 W Monkey  :  arg: "1"
06-29 13:00:54.182 22666 22666 W Monkey  : data="net.osmand"
06-29 13:00:54.182 22666 22666 W Monkey  : data="android.intent.category.LAUNCHER"
06-29 13:00:54.635  3472  3472 I net.osmand: RoutingHelper Recalculate route, because correlation  : 1720768.9066770545
06-29 13:00:54.635  3472  3472 I net.osmand: RoutingHelper Recalculate route, because wrong movement direction: 1720791.8
06-29 13:00:54.647  3472  3472 I net.osmand: RoutingHelper Recalculate route, because correlation  : 1720768.9066770545
06-29 13:00:54.712  3472  3472 I net.osmand: RoutingHelper Recalculate route, because correlation  : 1720768.9066770545
06-29 13:00:54.712  3472  3472 I net.osmand: RoutingHelper Recalculate route, because wrong movement direction: 1720791.8
06-29 13:00:54.726  3472  3472 I net.osmand: RoutingHelper Recalculate route, because correlation  : 1720768.9066770545
06-29 13:00:54.798  1600  1614 W BroadcastQueue: Skipping deliver [background] BroadcastRecord{5e1dfee u-1 android.net.conn.CONNECTIVITY_CHANGE} to ReceiverList{37b0c8f 22666 (unknown name)/2000/u-1 remote:65eff0}: process gone or crashing
06-29 13:00:54.903  1600  7916 I ActivityManager: START u0 {act=android.intent.action.MAIN cat=[android.intent.category.LAUNCHER] flg=0x10200000 cmp=net.osmand/.plus.activities.MapActivity} from uid 2000
06-29 13:00:54.923  1600  7916 W Binder  : Outgoing transactions from this process must be FLAG_ONEWAY
06-29 13:00:54.923  1600  7916 W Binder  : java.lang.Throwable
06-29 13:00:54.923  1600  7916 W Binder  : 	at android.os.BinderProxy.transact(Binder.java:752)
06-29 13:00:54.923  1600  7916 W Binder  : 	at android.app.IActivityController$Stub$Proxy.activityStarting(IActivityController.java:172)
06-29 13:00:54.923  1600  7916 W Binder  : 	at com.android.server.am.ActivityStarter.startActivity(ActivityStarter.java:449)
06-29 13:00:54.923  1600  7916 W Binder  : 	at com.android.server.am.ActivityStarter.startActivityLocked(ActivityStarter.java:278)
06-29 13:00:54.923  1600  7916 W Binder  : 	at com.android.server.am.ActivityStarter.startActivityMayWait(ActivityStarter.java:817)
06-29 13:00:54.923  1600  7916 W Binder  : 	at com.android.server.am.ActivityManagerService.startActivityAsUser(ActivityManagerService.java:4532)
06-29 13:00:54.923  1600  7916 W Binder  : 	at com.android.server.am.ActivityManagerService.startActivity(ActivityManagerService.java:4519)
06-29 13:00:54.923  1600  7916 W Binder  : 	at android.app.IActivityManager$Stub.onTransact(IActivityManager.java:121)
06-29 13:00:54.923  1600  7916 W Binder  : 	at com.android.server.am.ActivityManagerService.onTransact(ActivityManagerService.java:2919)
06-29 13:00:54.923  1600  7916 W Binder  : 	at android.os.Binder.execTransact(Binder.java:697)
06-29 13:00:54.986  3472  3472 I net.osmand: RoutingHelper Recalculate route, because correlation  : 1720768.9066770545
06-29 13:00:54.987  3472  3472 I net.osmand: RoutingHelper Recalculate route, because wrong movement direction: 1720791.8
06-29 13:00:55.004  3472  3472 I net.osmand: RoutingHelper Recalculate route, because correlation  : 1720768.9066770545
06-29 13:00:55.015 22666 22666 I Monkey  : Events injected: 1
06-29 13:00:55.175  1704  1929 D EGL_emulation: eglMakeCurrent: 0x9e4046c0: ver 2 0 (tinfo 0x9e403690)
06-29 13:00:55.430  3472  3472 D InAppPurchaseHelper: Destroying helper.
06-29 13:00:55.452  2629  2884 D EGL_emulation: eglMakeCurrent: 0xa61b6ce0: ver 2 0 (tinfo 0xa619b690)
06-29 13:00:55.454 22666 22666 I Monkey  : ## Network stats: elapsed time=551ms (0ms mobile, 0ms wifi, 551ms not connected)
06-29 13:00:55.456  1600  1615 W Looper  : Dispatch took 169ms on android.ui, h=Handler (com.android.server.policy.PhoneWindowManager$PolicyHandler) {dca4410} cb=android.database.ContentObserver$NotificationRunnable@df6eca1 msg=0
06-29 13:00:55.472  2118  2184 D EGL_emulation: eglMakeCurrent: 0x8b867100: ver 2 0 (tinfo 0x8b8707f0)
06-29 13:00:55.510 22666 22666 I com.android.commands.monkey: System.exit called, status: 0
06-29 13:00:55.511 22666 22666 I AndroidRuntime: VM exiting with result code 0.
06-29 13:00:55.585  1704  1929 D EGL_emulation: eglMakeCurrent: 0x9e4046c0: ver 2 0 (tinfo 0x9e403690)
06-29 13:00:55.605  1600  1615 W Looper  : Dispatch took 148ms on android.ui, h=Handler (com.android.server.policy.PhoneWindowManager$PolicyHandler) {dca4410} cb=android.database.ContentObserver$NotificationRunnable@3c1fec6 msg=0
06-29 13:00:55.603  1704  1929 D EGL_emulation: eglMakeCurrent: 0x9e4046c0: ver 2 0 (tinfo 0x9e403690)
06-29 13:00:55.794  3472  3472 D net.osmand: DayNightHelper Sunrise/sunset setting to day: true
06-29 13:00:55.834  1600  2105 I GnssLocationProvider: WakeLock acquired by sendMessage(SET_REQUEST, 0, com.android.server.location.GnssLocationProvider$GpsRequest@cf4b1dd)
06-29 13:00:55.835  1600  1613 I GnssLocationProvider: WakeLock released by handleMessage(SET_REQUEST, 0, com.android.server.location.GnssLocationProvider$GpsRequest@cf4b1dd)
06-29 13:00:55.912  3472  3472 W System.err: OnCreate for MapActivity took 476 ms
06-29 13:00:55.922  3472  3472 I Choreographer: Skipped 53 frames!  The application may be doing too much work on its main thread.
06-29 13:00:55.944  1398  1435 D gralloc_ranchu: gralloc_alloc: Creating ashmem region of size 8298496
06-29 13:00:55.957  3472  3472 W ResourceType: For resource 0x7f0e013b, entry index(315) is beyond type entryCount(142)
06-29 13:00:56.010  3472  3472 I chatty  : uid=10104(net.osmand) identical 68 lines
06-29 13:00:56.010  3472  3472 W ResourceType: For resource 0x7f0e013b, entry index(315) is beyond type entryCount(142)
06-29 13:00:56.016  1704  1929 D EGL_emulation: eglMakeCurrent: 0x9e4046c0: ver 2 0 (tinfo 0x9e403690)
06-29 13:00:56.030  1704  1929 D EGL_emulation: eglMakeCurrent: 0x9e4046c0: ver 2 0 (tinfo 0x9e403690)
06-29 13:00:56.111  1408  1663 E SurfaceFlinger: Permission Denial: can't openGlobalTransaction pid=3472, uid<=10104
06-29 13:00:56.112  3472  3472 E BpSurfaceComposerClient: Failed to transact (-1)
06-29 13:00:56.120  1408  1422 E SurfaceFlinger: Permission Denial: can't openGlobalTransaction pid=3472, uid<=10104
06-29 13:00:56.120  3472  3472 E BpSurfaceComposerClient: Failed to transact (-1)
06-29 13:00:56.135  3472  3540 D EGL_emulation: eglMakeCurrent: 0x9e4043c0: ver 2 0 (tinfo 0x9e403290)
06-29 13:00:56.167  1398  1435 D gralloc_ranchu: gralloc_alloc: Creating ashmem region of size 8298496
06-29 13:00:56.240  1964  1964 I GeofencerStateMachine: sendNewLocationAvailability: availability=LocationAvailability[isLocationAvailable: true]
06-29 13:00:56.295  1600  7916 I WifiService: acquireWifiLock uid=10014 lockMode=2
06-29 13:00:56.406  1398  1435 D gralloc_ranchu: gralloc_alloc: Creating ashmem region of size 3878912
06-29 13:00:56.543  1704  1929 D EGL_emulation: eglMakeCurrent: 0x9e4046c0: ver 2 0 (tinfo 0x9e403690)
06-29 13:00:56.794  1704  1929 D EGL_emulation: eglMakeCurrent: 0x9e4046c0: ver 2 0 (tinfo 0x9e403690)
06-29 13:00:57.158  3472  3472 I net.osmand: TTSCommandPlayerImpl Send message to pebble sinal g p s recuperado 
06-29 13:00:57.158  3472  3472 D net.osmand: AbstractPrologCommandPlayer requestAudioFocus
06-29 13:00:57.160  3472  3472 W AudioManager: Use of stream types is deprecated for operations other than volume control
06-29 13:00:57.160  3472  3472 W AudioManager: See the documentation of requestAudioFocus() for what to use instead with android.media.AudioAttributes to qualify your playback use case
06-29 13:00:57.180  1600  1792 I MediaFocusControl: requestAudioFocus() from uid/pid 10104/3472 clientId=android.media.AudioManager@d05fab5net.osmand.plus.api.AudioFocusHelperImpl@e11927e callingPack=net.osmand req=3 flags=0x0 sdk=26
06-29 13:00:57.189  1398  1435 D gralloc_ranchu: gralloc_alloc: Creating ashmem region of size 8298496
06-29 13:00:57.212  3472  3472 D net.osmand: TTSCommandPlayerImpl ttsRequests=1
06-29 13:00:57.240  3472  3472 I net.osmand: RoutingHelper Recalculate route, because correlation  : 1720768.9066770545
06-29 13:00:57.240  3472  3472 D net.osmand: Enable sensor
06-29 13:00:57.384  1398  1435 D gralloc_ranchu: gralloc_alloc: Creating ashmem region of size 3878912
06-29 13:00:57.419  5191  5280 I TTS.GoogleTTSServiceImp: Synthesis request for locale por-BRA and name pt-BR-language
06-29 13:00:57.474  5191  5280 I TTS.GoogleTTSServiceImp: TTS dispatch: pt-br-x-afs-lstm-embedded
06-29 13:00:57.537  1600 22595 D NetworkMonitor/NetworkAgentInfo [WIFI () - 101]: PROBE_HTTPS https://www.google.com/generate_204 Probe failed with exception java.net.SocketTimeoutException: timeout
06-29 13:00:57.540  1600  1678 D ConnectivityService: NetworkAgentInfo [WIFI () - 101] validation failed
06-29 13:00:57.553  1600  1674 D WifiStateMachine: NETWORK_STATUS_UNWANTED_VALIDATION_FAILED
06-29 13:00:57.590  1704  1704 I Choreographer: Skipped 66 frames!  The application may be doing too much work on its main thread.
06-29 13:00:57.593  3472  3472 I net.osmand: RoutingHelper Recalculate route, because correlation  : 1720768.9066770545
06-29 13:00:57.594  3472  3472 I net.osmand: RoutingHelper Recalculate route, because wrong movement direction: 1720791.8
06-29 13:00:57.702  3472  3472 I net.osmand: RoutingHelper Recalculate route, because correlation  : 1720768.9066770545
06-29 13:00:57.702  3472  3472 I net.osmand: RoutingHelper Recalculate route, because wrong movement direction: 1720791.8
06-29 13:00:57.712  3472  3472 I net.osmand: RoutingHelper Recalculate route, because correlation  : 1720768.9066770545
06-29 13:00:57.737  3472  3472 I chatty  : uid=10104(net.osmand) identical 1 line
06-29 13:00:57.742  3472  3472 I net.osmand: RoutingHelper Recalculate route, because correlation  : 1720768.9066770545
06-29 13:00:57.742  3472  3472 I net.osmand: RoutingHelper Recalculate route, because wrong movement direction: 1720791.8
06-29 13:00:57.947  3472  3472 I net.osmand: RoutingHelper Recalculate route, because correlation  : 1720768.9066770545
06-29 13:00:57.955  3472  3472 I net.osmand: RoutingHelper Recalculate route, because wrong movement direction: 1720791.8
06-29 13:00:58.136  5191  5294 D AudioTrack: Client defaulted notificationFrames to 1365 for frameCount 4096
06-29 13:00:58.179  1600  6125 V MediaRouterService: restoreBluetoothA2dp(false)
06-29 13:00:58.187  1390  2659 W audio_hw_generic: Not supplying enough data to HAL, expected position 118775606 , only wrote 118775520
