06-29 13:00:08.391  1473  1561 D AudioFlinger: mixer(0xa6c83380) throttle end: throttle time(11)
06-29 13:00:08.425  1473  1561 D AudioFlinger: mixer(0xa6c83380) throttle end: throttle time(8)
06-29 13:00:08.490  1390  2659 W audio_hw_generic: Not supplying enough data to HAL, expected position 117741607 , only wrote 117741600
06-29 13:00:08.654  1473  1561 D AudioFlinger: mixer(0xa6c83380) throttle end: throttle time(10)
06-29 13:00:08.743  1390  2659 W audio_hw_generic: Not supplying enough data to HAL, expected position 117753762 , only wrote 117752400
06-29 13:00:08.744  1390  2659 W audio_hw_generic: Not supplying enough data to HAL, expected position 117752425 , only wrote 117752400
06-29 13:00:08.775  1390  2659 W audio_hw_generic: Not supplying enough data to HAL, expected position 117753899 , only wrote 117753120
06-29 13:00:08.775  1473  1561 D AudioFlinger: mixer(0xa6c83380) throttle end: throttle time(12)
06-29 13:00:09.040  1390  2659 W audio_hw_generic: Not supplying enough data to HAL, expected position 117765828 , only wrote 117765360
06-29 13:00:09.220  1390  2659 W audio_hw_generic: Not supplying enough data to HAL, expected position 117774030 , only wrote 117774000
06-29 13:00:09.328  1390  2659 W audio_hw_generic: Not supplying enough data to HAL, expected position 117779179 , only wrote 117778320
06-29 13:00:09.329  1390  2659 W audio_hw_generic: Not supplying enough data to HAL, expected position 117778365 , only wrote 117778320
06-29 13:00:09.348  1390  2659 W audio_hw_generic: Not supplying enough data to HAL, expected position 117779217 , only wrote 117779040
06-29 13:00:09.351  1473  1561 D AudioFlinger: mixer(0xa6c83380) throttle end: throttle time(12)
06-29 13:00:09.442  1390  2659 W audio_hw_generic: Not supplying enough data to HAL, expected position 117783580 , only wrote 117781920
06-29 13:00:09.444  1481 22395 W AudioTrack: getTimestamp() location moved from kernel to server
06-29 13:00:09.445  1390  2659 W audio_hw_generic: Not supplying enough data to HAL, expected position 117782023 , only wrote 117781920
06-29 13:00:09.460  1390  2659 W audio_hw_generic: Not supplying enough data to HAL, expected position 117782666 , only wrote 117782640
06-29 13:00:09.490  1481 22396 I NuPlayerDecoder: [audio] saw output EOS
06-29 13:00:09.491  1481 22395 D AudioTrack: stop() called with 132300 frames delivered
06-29 13:00:09.703  1473  1561 D AudioFlinger: mixer(0xa6c83380) throttle end: throttle time(3)
06-29 13:00:09.759  1390  2659 W audio_hw_generic: Not supplying enough data to HAL, expected position 117796993 , only wrote 117794880
06-29 13:00:09.775  1390  2659 W audio_hw_generic: Not supplying enough data to HAL, expected position 117795621 , only wrote 117795600
06-29 13:00:09.775  1390  2659 W audio_hw_generic: Not supplying enough data to HAL, expected position 117795633 , only wrote 117795600
06-29 13:00:09.807  1390  2659 W audio_hw_generic: Not supplying enough data to HAL, expected position 117797110 , only wrote 117796320
06-29 13:00:09.862  1473  1561 D AudioFlinger: mixer(0xa6c83380) throttle end: throttle time(1)
06-29 13:00:09.961  1481 22392 D NuPlayerDriver: notifyListener_l(0xa8ca5380), (2, 0, 0, -1), loop setting(1, 0)
06-29 13:00:09.982  1481 22396 I NuPlayerDecoder: [OMX.google.vorbis.decoder] resubmitting CSD
06-29 13:00:09.982  1481 22396 I NuPlayerDecoder: [OMX.google.vorbis.decoder] resubmitting CSD
06-29 13:00:09.990  1481 22392 D NuPlayerDriver: notifyListener_l(0xa8ca5380), (6, 0, 0, -1), loop setting(1, 0)
06-29 13:00:10.026  1481 22395 W AudioTrack: getTimestamp() location moved from kernel to server
06-29 13:00:10.026  1481 22395 W NuPlayerRenderer: getPendingAudioPlayoutDurationUs: pendingUs -7547 < 0, clamping to zero, potential resume after pause writtenAudioDurationUs: 11609, audioSinkPlayedUs: 19156
06-29 13:00:10.054  1481 22395 W AudioTrack: retrograde timestamp position corrected, -384 = 128 - 512
06-29 13:00:10.054  1481 22395 W NuPlayerRenderer: getPendingAudioPlayoutDurationUs: pendingUs -15911 < 0, clamping to zero, potential resume after pause writtenAudioDurationUs: 17414, audioSinkPlayedUs: 33325
06-29 13:00:11.171  1473  1561 D AudioFlinger: mixer(0xa6c83380) throttle end: throttle time(4)
06-29 13:00:11.838  1473  1561 D AudioFlinger: mixer(0xa6c83380) throttle end: throttle time(5)
06-29 13:00:11.987  1390  2659 W audio_hw_generic: Not supplying enough data to HAL, expected position 117900950 , only wrote 117900720
06-29 13:00:11.987  1390  2659 W audio_hw_generic: Not supplying enough data to HAL, expected position 117900767 , only wrote 117900720
06-29 13:00:12.004  1390  2659 W audio_hw_generic: Not supplying enough data to HAL, expected position 117901493 , only wrote 117901440
06-29 13:00:12.534  1481 22396 I NuPlayerDecoder: [audio] saw output EOS
06-29 13:00:12.786  1481 22395 D AudioTrack: stop() called with 132300 frames delivered
06-29 13:00:13.127  1481 22392 D NuPlayerDriver: notifyListener_l(0xa8ca5380), (2, 0, 0, -1), loop setting(1, 0)
06-29 13:00:13.158  1481 22396 I NuPlayerDecoder: [OMX.google.vorbis.decoder] resubmitting CSD
06-29 13:00:13.189  1390  2659 W audio_hw_generic: Not supplying enough data to HAL, expected position 117958337 , only wrote 117957600
06-29 13:00:13.195  1481 22396 I NuPlayerDecoder: [OMX.google.vorbis.decoder] resubmitting CSD
06-29 13:00:13.204  1390  2659 W audio_hw_generic: Not supplying enough data to HAL, expected position 117958340 , only wrote 117958320
06-29 13:00:13.217  1481 22392 D NuPlayerDriver: notifyListener_l(0xa8ca5380), (6, 0, 0, -1), loop setting(1, 0)
06-29 13:00:13.238  1481 22395 W AudioTrack: getTimestamp() location moved from kernel to server
06-29 13:00:13.239  1481 22395 W NuPlayerRenderer: getPendingAudioPlayoutDurationUs: pendingUs -13326 < 0, clamping to zero, potential resume after pause writtenAudioDurationUs: 11609, audioSinkPlayedUs: 24935
06-29 13:00:13.261  1481 22395 W AudioTrack: retrograde timestamp position corrected, -512 = 0 - 512
06-29 13:00:13.282  1481 22395 W NuPlayerRenderer: getPendingAudioPlayoutDurationUs: pendingUs -798 < 0, clamping to zero, potential resume after pause writtenAudioDurationUs: 39183, audioSinkPlayedUs: 39981
06-29 13:00:13.434  1473  1561 D AudioFlinger: mixer(0xa6c83380) throttle end: throttle time(4)
06-29 13:00:13.809  1390  2659 W audio_hw_generic: Not supplying enough data to HAL, expected position 117987260 , only wrote 117987120
06-29 13:00:13.826  1390  2659 W audio_hw_generic: Not supplying enough data to HAL, expected position 117988008 , only wrote 117987120
06-29 13:00:13.829  1481 22395 W AudioTrack: getTimestamp() location moved from kernel to server
06-29 13:00:14.785  1390  2659 W audio_hw_generic: Not supplying enough data to HAL, expected position 118033159 , only wrote 118031040
06-29 13:00:14.816  1473  1561 D AudioFlinger: mixer(0xa6c83380) throttle end: throttle time(12)
06-29 13:00:15.077  1390  2659 W audio_hw_generic: Not supplying enough data to HAL, expected position 118045045 , only wrote 118044000
06-29 13:00:15.078  1390  2659 W audio_hw_generic: Not supplying enough data to HAL, expected position 118044051 , only wrote 118044000
06-29 13:00:15.093  1390  2659 W audio_hw_generic: Not supplying enough data to HAL, expected position 118044721 , only wrote 118044720
06-29 13:00:15.879  1481 22396 I NuPlayerDecoder: [audio] saw output EOS
06-29 13:00:15.880  1481 22395 D AudioTrack: stop() called with 132300 frames delivered
06-29 13:00:16.204  1390  2659 W audio_hw_generic: Not supplying enough data to HAL, expected position 118098037 , only wrote 118098000
06-29 13:00:16.204  1390  2659 W audio_hw_generic: Not supplying enough data to HAL, expected position 118098009 , only wrote 118098000
06-29 13:00:16.219  1390  2659 W audio_hw_generic: Not supplying enough data to HAL, expected position 118098729 , only wrote 118098720
06-29 13:00:16.403  1481 22392 D NuPlayerDriver: notifyListener_l(0xa8ca5380), (2, 0, 0, -1), loop setting(1, 0)
06-29 13:00:16.419  1481 22396 I NuPlayerDecoder: [OMX.google.vorbis.decoder] resubmitting CSD
06-29 13:00:16.420  1481 22396 I NuPlayerDecoder: [OMX.google.vorbis.decoder] resubmitting CSD
06-29 13:00:16.444  1481 22392 D NuPlayerDriver: notifyListener_l(0xa8ca5380), (6, 0, 0, -1), loop setting(1, 0)
06-29 13:00:16.479  1481 22395 W AudioTrack: getTimestamp() location moved from kernel to server
06-29 13:00:16.479  1481 22395 W NuPlayerRenderer: getPendingAudioPlayoutDurationUs: pendingUs -8578 < 0, clamping to zero, potential resume after pause writtenAudioDurationUs: 20317, audioSinkPlayedUs: 28895
06-29 13:00:16.513  1481 22395 W AudioTrack: retrograde timestamp position corrected, -896 = 0 - 896
06-29 13:00:17.622  1390  2659 W audio_hw_generic: Not supplying enough data to HAL, expected position 118166080 , only wrote 118165680
06-29 13:00:17.624  1390  2659 W audio_hw_generic: Not supplying enough data to HAL, expected position 118165757 , only wrote 118165680
06-29 13:00:17.640  1390  2659 W audio_hw_generic: Not supplying enough data to HAL, expected position 118166432 , only wrote 118166400
06-29 13:00:17.998  1473  1561 D AudioFlinger: mixer(0xa6c83380) throttle end: throttle time(1)
06-29 13:00:18.696  1600  1792 I WifiService: acquireWifiLock uid=10014 lockMode=2
06-29 13:00:18.732  1600  1613 E memtrack: Couldn't load memtrack module
06-29 13:00:18.732  1600  1613 W android.os.Debug: failed to get memory consumption info: -1
06-29 13:00:18.943  1473  1561 D AudioFlinger: mixer(0xa6c83380) throttle end: throttle time(3)
06-29 13:00:19.042  1390  2659 W audio_hw_generic: Not supplying enough data to HAL, expected position 118233706 , only wrote 118233360
06-29 13:00:19.044  1390  2659 W audio_hw_generic: Not supplying enough data to HAL, expected position 118233469 , only wrote 118233360
06-29 13:00:19.088  1473  1561 D AudioFlinger: mixer(0xa6c83380) throttle end: throttle time(17)
06-29 13:00:19.141  1481 22396 I NuPlayerDecoder: [audio] saw output EOS
06-29 13:00:19.143  1481 22395 D AudioTrack: stop() called with 132300 frames delivered
06-29 13:00:19.262  1473  1561 D AudioFlinger: mixer(0xa6c83380) throttle end: throttle time(5)
06-29 13:00:19.423  1390  2659 W audio_hw_generic: Not supplying enough data to HAL, expected position 118251540 , only wrote 118251360
06-29 13:00:19.425  1390  2659 W audio_hw_generic: Not supplying enough data to HAL, expected position 118251439 , only wrote 118251360
06-29 13:00:19.443  1390  2659 W audio_hw_generic: Not supplying enough data to HAL, expected position 118252257 , only wrote 118252080
06-29 13:00:19.452  1473  1561 D AudioFlinger: mixer(0xa6c83380) throttle end: throttle time(5)
06-29 13:00:19.561  1481 22392 D NuPlayerDriver: notifyListener_l(0xa8ca5380), (2, 0, 0, -1), loop setting(1, 0)
06-29 13:00:19.576  1481 22396 I NuPlayerDecoder: [OMX.google.vorbis.decoder] resubmitting CSD
06-29 13:00:19.576  1481 22396 I NuPlayerDecoder: [OMX.google.vorbis.decoder] resubmitting CSD
06-29 13:00:19.601  1481 22392 D NuPlayerDriver: notifyListener_l(0xa8ca5380), (6, 0, 0, -1), loop setting(1, 0)
06-29 13:00:19.641  1481 22395 W AudioTrack: getTimestamp() location moved from kernel to server
06-29 13:00:19.641  1481 22395 W NuPlayerRenderer: getPendingAudioPlayoutDurationUs: pendingUs -2075 < 0, clamping to zero, potential resume after pause writtenAudioDurationUs: 17414, audioSinkPlayedUs: 19489
06-29 13:00:19.686  1481 22395 W AudioTrack: retrograde timestamp position corrected, -384 = 384 - 768
06-29 13:00:19.686  1481 22395 W NuPlayerRenderer: getPendingAudioPlayoutDurationUs: pendingUs -14287 < 0, clamping to zero, potential resume after pause writtenAudioDurationUs: 26122, audioSinkPlayedUs: 40409
06-29 13:00:20.393  1473  1561 D AudioFlinger: mixer(0xa6c83380) throttle end: throttle time(4)
06-29 13:00:20.437  1481 22395 W AudioTrack: getTimestamp() location moved from kernel to server
06-29 13:00:20.753  1390  2659 W audio_hw_generic: Not supplying enough data to HAL, expected position 118314949 , only wrote 118310400
06-29 13:00:20.753  1390  2659 W audio_hw_generic: Not supplying enough data to HAL, expected position 118310413 , only wrote 118310400
06-29 13:00:20.774  1390  2659 W audio_hw_generic: Not supplying enough data to HAL, expected position 118311369 , only wrote 118311120
06-29 13:00:20.786  1473  1561 D AudioFlinger: mixer(0xa6c83380) throttle end: throttle time(12)
06-29 13:00:21.748  1600  1611 D WificondControl: Scan result ready event
06-29 13:00:21.959  1964  1964 I GeofencerStateMachine: sendNewTransitions called.
06-29 13:00:21.964  1600  4486 I WifiService: releaseWifiLock uid=10014
06-29 13:00:22.254  1390  2659 W audio_hw_generic: Not supplying enough data to HAL, expected position 118382175 , only wrote 118380240
06-29 13:00:22.278  1390  2659 W audio_hw_generic: Not supplying enough data to HAL, expected position 118381400 , only wrote 118380960
06-29 13:00:22.281  1473  1561 D AudioFlinger: mixer(0xa6c83380) throttle end: throttle time(12)
06-29 13:00:22.319  1481 22396 I NuPlayerDecoder: [audio] saw output EOS
06-29 13:00:22.319  1481 22395 D AudioTrack: stop() called with 132300 frames delivered
06-29 13:00:22.378  1473  1561 D AudioFlinger: mixer(0xa6c83380) throttle end: throttle time(10)
06-29 13:00:22.538  1390  2659 W audio_hw_generic: Not supplying enough data to HAL, expected position 118393450 , only wrote 118393200
06-29 13:00:22.539  1390  2659 W audio_hw_generic: Not supplying enough data to HAL, expected position 118393243 , only wrote 118393200
06-29 13:00:22.555  1390  2659 W audio_hw_generic: Not supplying enough data to HAL, expected position 118393950 , only wrote 118393920
06-29 13:00:22.586  1473  1561 D AudioFlinger: mixer(0xa6c83380) throttle end: throttle time(18)
06-29 13:00:22.871  1481 22392 D NuPlayerDriver: notifyListener_l(0xa8ca5380), (2, 0, 0, -1), loop setting(1, 0)
06-29 13:00:22.904  1481 22396 I NuPlayerDecoder: [OMX.google.vorbis.decoder] resubmitting CSD
06-29 13:00:22.905  1481 22396 I NuPlayerDecoder: [OMX.google.vorbis.decoder] resubmitting CSD
06-29 13:00:22.932  1481 22392 D NuPlayerDriver: notifyListener_l(0xa8ca5380), (6, 0, 0, -1), loop setting(1, 0)
06-29 13:00:22.942  1481 22395 W AudioTrack: getTimestamp() location moved from kernel to server
06-29 13:00:22.944  1481 22395 W NuPlayerRenderer: getPendingAudioPlayoutDurationUs: pendingUs -3004 < 0, clamping to zero, potential resume after pause writtenAudioDurationUs: 8707, audioSinkPlayedUs: 11711
06-29 13:00:22.965  1481 22395 W AudioTrack: retrograde timestamp position corrected, -256 = 128 - 384
06-29 13:00:22.965  1481 22395 W NuPlayerRenderer: getPendingAudioPlayoutDurationUs: pendingUs -3604 < 0, clamping to zero, potential resume after pause writtenAudioDurationUs: 14512, audioSinkPlayedUs: 18116
06-29 13:00:23.211  1406  1406 I boot-pipe: done populating /dev/random
06-29 13:00:23.706  1390  2659 W audio_hw_generic: Not supplying enough data to HAL, expected position 118449182 , only wrote 118448640
06-29 13:00:23.706  1390  2659 W audio_hw_generic: Not supplying enough data to HAL, expected position 118448655 , only wrote 118448640
06-29 13:00:23.723  1390  2659 W audio_hw_generic: Not supplying enough data to HAL, expected position 118449431 , only wrote 118449360
06-29 13:00:23.750  1473  1561 D AudioFlinger: mixer(0xa6c83380) throttle end: throttle time(3)
06-29 13:00:23.784  1481 22395 W AudioTrack: getTimestamp() location moved from kernel to server
06-29 13:00:24.055  1390  2659 W audio_hw_generic: Not supplying enough data to HAL, expected position 118465318 , only wrote 118465200
06-29 13:00:24.057  1390  2659 W audio_hw_generic: Not supplying enough data to HAL, expected position 118465256 , only wrote 118465200
06-29 13:00:24.073  1390  2659 W audio_hw_generic: Not supplying enough data to HAL, expected position 118465980 , only wrote 118465920
06-29 13:00:25.149  1473  1561 D AudioFlinger: mixer(0xa6c83380) throttle end: throttle time(19)
06-29 13:00:25.264  1390  2659 W audio_hw_generic: Not supplying enough data to HAL, expected position 118523075 , only wrote 118522080
06-29 13:00:25.264  1481 22395 W AudioTrack: getTimestamp() location moved from kernel to server
06-29 13:00:25.265  1390  2659 W audio_hw_generic: Not supplying enough data to HAL, expected position 118522159 , only wrote 118522080
06-29 13:00:25.299  1390  2659 W audio_hw_generic: Not supplying enough data to HAL, expected position 118523716 , only wrote 118522800
06-29 13:00:25.335  1473  1561 D AudioFlinger: mixer(0xa6c83380) throttle end: throttle time(11)
06-29 13:00:25.421  1600 22548 D NetworkMonitor/NetworkAgentInfo [WIFI () - 101]: PROBE_DNS www.google.com 20829ms OK 172.217.28.228,2800:3f0:4001:801::2004
06-29 13:00:25.436  1600 22549 D NetworkMonitor/NetworkAgentInfo [WIFI () - 101]: PROBE_DNS connectivitycheck.gstatic.com 20871ms OK 172.217.172.131,2800:3f0:4001:81a::2003
06-29 13:00:25.646  1481 22396 I NuPlayerDecoder: [audio] saw output EOS
06-29 13:00:25.648  1481 22395 D AudioTrack: stop() called with 132300 frames delivered
06-29 13:00:25.662  1473  1561 D AudioFlinger: mixer(0xa6c83380) throttle end: throttle time(8)
06-29 13:00:26.090  1481 22392 D NuPlayerDriver: notifyListener_l(0xa8ca5380), (2, 0, 0, -1), loop setting(1, 0)
06-29 13:00:26.103  1481 22396 I NuPlayerDecoder: [OMX.google.vorbis.decoder] resubmitting CSD
06-29 13:00:26.104  1481 22396 I NuPlayerDecoder: [OMX.google.vorbis.decoder] resubmitting CSD
06-29 13:00:26.119  1481 22392 D NuPlayerDriver: notifyListener_l(0xa8ca5380), (6, 0, 0, -1), loop setting(1, 0)
06-29 13:00:26.144  1481 22395 W AudioTrack: getTimestamp() location moved from kernel to server
06-29 13:00:26.144  1481 22395 W NuPlayerRenderer: getPendingAudioPlayoutDurationUs: pendingUs -991 < 0, clamping to zero, potential resume after pause writtenAudioDurationUs: 17414, audioSinkPlayedUs: 18405
06-29 13:00:26.166  1481 22395 W AudioTrack: retrograde timestamp position corrected, -768 = 0 - 768
06-29 13:00:26.716  1390  2659 W audio_hw_generic: Not supplying enough data to HAL, expected position 118590782 , only wrote 118590480
06-29 13:00:26.716  1390  2659 W audio_hw_generic: Not supplying enough data to HAL, expected position 118590498 , only wrote 118590480
06-29 13:00:26.732  1390  2659 W audio_hw_generic: Not supplying enough data to HAL, expected position 118591227 , only wrote 118591200
06-29 13:00:26.755  1473  1561 D AudioFlinger: mixer(0xa6c83380) throttle end: throttle time(1)
06-29 13:00:26.898  1390  2659 W audio_hw_generic: Not supplying enough data to HAL, expected position 118599208 , only wrote 118599120
06-29 13:00:26.899  1390  2659 W audio_hw_generic: Not supplying enough data to HAL, expected position 118599149 , only wrote 118599120
06-29 13:00:26.915  1390  2659 W audio_hw_generic: Not supplying enough data to HAL, expected position 118599861 , only wrote 118599840
06-29 13:00:27.282  1473  1561 D AudioFlinger: mixer(0xa6c83380) throttle end: throttle time(11)
06-29 13:00:27.363 19489 19489 I Dialer  : NotificationBroadcastReceiver.onReceive - Broadcast from Notification: com.android.incallui.ACTION_DECLINE_INCOMING_CALL
06-29 13:00:27.490 19489 19489 I Dialer  : DialerCall.reject
06-29 13:00:27.529  1600  5171 I Telecom : Event: RecordEntry TC@8: STOP_RINGER, null: ICA.rC(InCall package: com.google.android.dialer)@BeE
06-29 13:00:27.539  1600 22387 I Telecom : AsyncRingtonePlayer: Stop ringtone.
06-29 13:00:27.540  1481  1481 D NuPlayerDriver: reset(0xa8ca5380) at state 5
06-29 13:00:27.554  1481  1481 D NuPlayerDriver: notifyListener_l(0xa8ca5380), (8, 0, 0, -1), loop setting(1, 0)
06-29 13:00:27.556  1600  5171 I Telecom : Event: RecordEntry TC@8: REQUEST_REJECT, null: ICA.rC(InCall package: com.google.android.dialer)@BeE
06-29 13:00:27.651  1481 22392 D NuPlayerDriver: notifyResetComplete(0xa8ca5380)
06-29 13:00:27.652  1481  1481 D NuPlayerDriver: reset(0xa8ca5380) at state 0
06-29 13:00:27.658  1600 22387 V MediaPlayer: resetDrmState:  mDrmInfo=null mDrmProvisioningThread=null mPrepareDrmInProgress=false mActiveDrmScheme=false
06-29 13:00:27.658  1600 22387 V MediaPlayer: cleanDrmObj: mDrmObj=null mDrmSessionId=null
06-29 13:00:27.658  1600 22387 V MediaPlayer: resetDrmState:  mDrmInfo=null mDrmProvisioningThread=null mPrepareDrmInProgress=false mActiveDrmScheme=false
06-29 13:00:27.658  1600 22387 V MediaPlayer: cleanDrmObj: mDrmObj=null mDrmSessionId=null
06-29 13:00:27.665  1481  1481 D AudioTrack: stop() called with 0 frames delivered
06-29 13:00:27.719  1600  1792 I Telecom : InCallController: Sending updateCall [TC@8, RINGING, com.android.phone/com.android.services.telephony.TelephonyConnectionService, tel:****, A, childs(0), has_parent(false), [Capabilities: CAPABILITY_SUPPORT_HOLD CAPABILITY_MUTE CAPABILITY_CANNOT_DOWNGRADE_VIDEO_TO_AUDIO CAPABILITY_SPEED_UP_MT_AUDIO], [Properties:]]: CSW.sSH@BeI
06-29 13:00:27.747  1600  1792 I Telecom : InCallController: Components updated: [ComponentInfo{com.google.android.dialer/com.android.incallui.InCallServiceImpl}]: CSW.sSH@BeI
06-29 13:00:27.805  1600  1678 D ConnectivityService: NetworkAgentInfo [MOBILE (GPRS) - 100] EVENT_NETWORK_INFO_CHANGED, going from SUSPENDED to CONNECTED
06-29 13:00:27.820  1600  2369 I Telecom : InCallController: Sending updateCall [TC@8, RINGING, com.android.phone/com.android.services.telephony.TelephonyConnectionService, tel:****, A, childs(0), has_parent(false), [Capabilities: CAPABILITY_SUPPORT_HOLD CAPABILITY_MUTE CAPABILITY_CANNOT_DOWNGRADE_VIDEO_TO_AUDIO CAPABILITY_SPEED_UP_MT_AUDIO], [Properties:]]: CSW.sSH@BeM
06-29 13:00:27.855  1600  2369 I Telecom : InCallController: Components updated: [ComponentInfo{com.google.android.dialer/com.android.incallui.InCallServiceImpl}]: CSW.sSH@BeM
06-29 13:00:27.856  1600  1792 I Telecom : InCallController: Sending updateCall [TC@8, RINGING, com.android.phone/com.android.services.telephony.TelephonyConnectionService, tel:****, A, childs(0), has_parent(false), [Capabilities: CAPABILITY_SUPPORT_HOLD CAPABILITY_MUTE CAPABILITY_CANNOT_DOWNGRADE_VIDEO_TO_AUDIO CAPABILITY_SPEED_UP_MT_AUDIO], [Properties:]]: CSW.sCC@BeQ
06-29 13:00:27.908  1600  1792 I Telecom : InCallController: Components updated: [ComponentInfo{com.google.android.dialer/com.android.incallui.InCallServiceImpl}]: CSW.sCC@BeQ
06-29 13:00:27.914  1600  1792 I Telecom : InCallController: Sending updateCall [TC@8, RINGING, com.android.phone/com.android.services.telephony.TelephonyConnectionService, tel:****, A, childs(0), has_parent(false), [Capabilities: CAPABILITY_SUPPORT_HOLD CAPABILITY_MUTE CAPABILITY_CANNOT_DOWNGRADE_VIDEO_TO_AUDIO CAPABILITY_SPEED_UP_MT_AUDIO], [Properties:]]: CSW.sCC@BeU
06-29 13:00:27.968  1600  1792 I Telecom : InCallController: Components updated: [ComponentInfo{com.google.android.dialer/com.android.incallui.InCallServiceImpl}]: CSW.sCC@BeU
06-29 13:00:28.004  1600  1792 I Telecom : CallsManager: setCallState RINGING -> DISCONNECTED, call: [TC@8, RINGING, com.android.phone/com.android.services.telephony.TelephonyConnectionService, tel:****, A, childs(0), has_parent(false), [Capabilities: CAPABILITY_SUPPORT_HOLD CAPABILITY_MUTE CAPABILITY_CANNOT_DOWNGRADE_VIDEO_TO_AUDIO CAPABILITY_SPEED_UP_MT_AUDIO], [Properties:]]: CSW.sDc@BeY
06-29 13:00:28.005  1600  1792 I Telecom : Event: RecordEntry TC@8: SET_DISCONNECTED, disconnected set explicitly> DisconnectCause [ Code: (REJECTED) Label: () Description: () Reason: (INCOMING_REJECTED) Tone: (-1) ]: CSW.sDc@BeY
06-29 13:00:28.009  1600  1885 I Telecom : CallAudioRouteStateMachine: Message received: UPDATE_SYSTEM_AUDIO_ROUTE=1201, arg1=0: CSW.sDc->CARSM.pM_UPDATE_SYSTEM_AUDIO_ROUTE@BeY
06-29 13:00:28.029  1600  1886 I Telecom : CallAudioModeStateMachine: Message received: NO_MORE_RINGING_CALLS.: CSW.sDc->CAMSM.pM_1002@BeY
06-29 13:00:28.030  1600  1886 I Telecom : CallAudioModeStateMachine: Abandoning audio focus: now UNFOCUSED: CSW.sDc->CAMSM.pM_1002@BeY
06-29 13:00:28.030  1600  1886 I MediaFocusControl: abandonAudioFocus() from uid/pid 1000/1600 clientId=AudioFocus_For_Phone_Ring_And_Calls
06-29 13:00:28.197  1833 22562 D CallNotifier: SignalInfoTonePlayer.run(toneId = 98)...
06-29 13:00:28.197  1833 22562 D CallNotifier: mSignalInfoToneGenerator created already, hence skipping
06-29 13:00:28.203  1600  1792 W ContextImpl: Calling a method in the system process without a qualified user: android.app.ContextImpl.sendBroadcast:981 android.content.ContextWrapper.sendBroadcast:442 com.android.server.telecom.CallLogManager.sendAddCallBroadcast:444 com.android.server.telecom.CallLogManager.logCall:287 com.android.server.telecom.CallLogManager.logCall:233 
06-29 13:00:28.212  1600  1792 I Telecom : InCallController: Sending updateCall [TC@8, DISCONNECTED, com.android.phone/com.android.services.telephony.TelephonyConnectionService, tel:****, A, childs(0), has_parent(false), [Capabilities: CAPABILITY_SUPPORT_HOLD CAPABILITY_MUTE CAPABILITY_CANNOT_DOWNGRADE_VIDEO_TO_AUDIO CAPABILITY_SPEED_UP_MT_AUDIO], [Properties:]]: CSW.sDc@BeY
06-29 13:00:28.278  1600  1792 I Telecom : InCallController: Components updated: [ComponentInfo{com.google.android.dialer/com.android.incallui.InCallServiceImpl}]: CSW.sDc@BeY
06-29 13:00:28.295  1600  1792 I Telecom : TelecomWakeLock: Releasing WakeLock with id: 26: CSW.sDc@BeY
06-29 13:00:28.295  1600  1792 I Telecom : InCallWakeLockController: Releasing full wake lock: CSW.sDc@BeY
06-29 13:00:28.295  1600  1600 D GpsNetInitiatedHandler: onCallStateChanged(): state is 0
06-29 13:00:28.311  1600  1614 W BroadcastQueue: Permission Denial: receiving Intent { act=android.intent.action.PHONE_STATE flg=0x1000010 (has extras) } to ProcessRecord{52b8301 20517:com.mapfactor.navigator:Notifications/u0a88} (pid=20517, uid=10088) requires android.permission.READ_PRIVILEGED_PHONE_STATE due to sender android (uid 1000)
06-29 13:00:28.335  1600  1614 W BroadcastQueue: Permission Denial: receiving Intent { act=android.intent.action.PHONE_STATE flg=0x1000010 (has extras) } to ProcessRecord{8d7ec42 1704:com.android.systemui/u0a29} (pid=1704, uid=10029) requires android.permission.READ_PHONE_STATE due to sender android (uid 1000)
06-29 13:00:28.337  1600  1792 I Telecom : PhoneStateBroadcaster: Broadcasted state change: 0: CSW.sDc@BeY
06-29 13:00:28.339  1600  1792 I Telecom : IncomingCallNotifier: updateIncomingCall: foundIncomingcall = null: CSW.sDc@BeY
06-29 13:00:28.387  1390  2659 W audio_hw_generic: Not supplying enough data to HAL, expected position 118670503 , only wrote 118670400
06-29 13:00:28.390 19489 19489 I Dialer  : DialerCallListenerImpl.onDialerCallDisconnect - [DialerCall_1, DISCONNECTED, [Capabilities: CAPABILITY_SUPPORT_HOLD CAPABILITY_MUTE CAPABILITY_CANNOT_DOWNGRADE_VIDEO_TO_AUDIO], [Properties:], children:[], parent:null, conferenceable:[], videoState:Audio Only, mSessionModificationState:0, CameraDir:-1]
06-29 13:00:28.404  1600  3204 D NetworkMonitor/NetworkAgentInfo [WIFI () - 101]: PROBE_FALLBACK http://play.googleapis.com/generate_204 Probe failed with exception java.net.ConnectException: Failed to connect to play.googleapis.com/172.217.28.10:80
06-29 13:00:28.408  1600  1885 I Telecom : CallAudioRouteStateMachine: setSystemAudioState: changing from [AudioState isMuted: false, route: EARPIECE, supportedRouteMask: EARPIECE, SPEAKER] to [AudioState isMuted: false, route: EARPIECE, supportedRouteMask: EARPIECE, SPEAKER]: CSW.sDc->CARSM.pM_UPDATE_SYSTEM_AUDIO_ROUTE@BeY
06-29 13:00:28.409  1600  1885 I Telecom : InCallController: Calling onAudioStateChanged, audioState: [AudioState isMuted: false, route: EARPIECE, supportedRouteMask: EARPIECE, SPEAKER] -> [AudioState isMuted: false, route: EARPIECE, supportedRouteMask: EARPIECE, SPEAKER]: CSW.sDc->CARSM.pM_UPDATE_SYSTEM_AUDIO_ROUTE@BeY
06-29 13:00:28.415  1600  2369 I Telecom : ConnectionServiceWrapper: Service unbound ComponentInfo{com.android.phone/com.android.services.telephony.TelephonyConnectionService}, from unbind.: CSW.rC@Bec
06-29 13:00:28.418  1600  2369 I Telecom : CallsManager: handleConnectionServiceDeath: service com.android.server.telecom.ConnectionServiceWrapper@78c017d died: CSW.rC@Bec
06-29 13:00:28.419  1600  2369 I Telecom : Event: RecordEntry TC@8: DESTROYED, null: CSW.rC@Bec
06-29 13:00:28.419  1600  2369 I Telecom : InCallController: onCallRemoved: [TC@8, DISCONNECTED, null, tel:****, A, childs(0), has_parent(false), [Capabilities: CAPABILITY_SUPPORT_HOLD CAPABILITY_MUTE CAPABILITY_CANNOT_DOWNGRADE_VIDEO_TO_AUDIO CAPABILITY_SPEED_UP_MT_AUDIO], [Properties:]]: CSW.rC@Bec
06-29 13:00:28.420  1600  2369 I Telecom : TelecomWakeLock: WakeLock already released with id: 26: CSW.rC@Bec
06-29 13:00:28.426  1600  2369 I Telecom : InCallWakeLockController: Releasing full wake lock: CSW.rC@Bec
06-29 13:00:28.427  1600  2369 I Telecom : ProximitySensorManager: All calls removed, resetting proximity sensor to default state: CSW.rC@Bec
06-29 13:00:28.427  1600  2369 I Telecom : TelecomWakeLock: WakeLock already released with id: 32: CSW.rC@Bec
06-29 13:00:28.427  1600  2369 I Telecom : IncomingCallNotifier: updateIncomingCall: foundIncomingcall = null: CSW.rC@Bec
06-29 13:00:28.427  1600  1600 D MediaSessionService: Global priority session is updated, active=false
06-29 13:00:28.435 19489 19489 I Dialer  : EnrichedCallManagerImpl.onDisconnect - enter
06-29 13:00:28.435 19489 19489 I Dialer  : EnrichedCallManagerImpl.onDisconnect - disconnected call with no enriched call session
06-29 13:00:28.439 19489 19489 I Dialer  : InCallPresenter.onCallListChange - Phone switching state: INCOMING -> INCALL
06-29 13:00:28.440 19489 19489 I Dialer  : StatusBarNotifier.cancelNotification - cancel
06-29 13:00:28.457  1600  1885 I Telecom : CallAudioRouteStateMachine: Message received: SWITCH_FOCUS=4001, arg1=1: CSW.sDc->CAMSM.pM_1002->CARSM.pM_SWITCH_FOCUS@BeY
06-29 13:00:28.458  1600  1885 I Telecom : CallAudioRouteStateMachine: turning speaker phone false: CSW.sDc->CAMSM.pM_1002->CARSM.pM_SWITCH_FOCUS@BeY
06-29 13:00:28.459  1600  1885 I Telecom : Logging.Events: Non-call EVENT: UNMUTE, null: CSW.sDc->CAMSM.pM_1002->CARSM.pM_SWITCH_FOCUS@BeY
06-29 13:00:28.504  1390  1390 W DeviceHAL: Device 0xac9b2d00 get_mic_mute: Function not implemented
06-29 13:00:28.507  1600  1885 I Telecom : Logging.Events: Non-call EVENT: AUDIO_ROUTE, Leaving state ActiveEarpieceRoute: CSW.sDc->CAMSM.pM_1002->CARSM.pM_SWITCH_FOCUS@BeY
06-29 13:00:28.509  1600  1885 I Telecom : Logging.Events: Non-call EVENT: AUDIO_ROUTE, Entering state QuiescentEarpieceRoute: CSW.sDc->CAMSM.pM_1002->CARSM.pM_SWITCH_FOCUS@BeY
06-29 13:00:28.534  2175  4109 I TelephonySpam: TelephonySpamInit - scheduleCallLogTask
06-29 13:00:28.540  1600 22563 W ActivityManager: Slow operation: 71ms so far, now at getContentProviderImpl: after updateOomAdj
06-29 13:00:28.541  1600 22563 W ActivityManager: Slow operation: 71ms so far, now at getContentProviderImpl: done!
06-29 13:00:28.646 19489 19489 I Dialer  : VideoPauseController.onStateChange - hasPrimaryCallChanged: true, videoCanPause: false, isInBackground: false
06-29 13:00:28.655 19489 19489 I Dialer  : VideoPauseController.onPrimaryCallChanged - new call: null, old call: [DialerCall_1, DISCONNECTED, [Capabilities: CAPABILITY_SUPPORT_HOLD CAPABILITY_MUTE CAPABILITY_CANNOT_DOWNGRADE_VIDEO_TO_AUDIO], [Properties:], children:[], parent:null, conferenceable:[], videoState:Audio Only, mSessionModificationState:0, CameraDir:-1], mIsInBackground: false
06-29 13:00:28.673 19489 19489 I Dialer  : EnrichedCallManagerImpl.unregisterCapabilitiesListener - listener: [DialerCall_1, DISCONNECTED, [Capabilities: CAPABILITY_SUPPORT_HOLD CAPABILITY_MUTE CAPABILITY_CANNOT_DOWNGRADE_VIDEO_TO_AUDIO], [Properties:], children:[], parent:null, conferenceable:[], videoState:Audio Only, mSessionModificationState:0, CameraDir:-1]
06-29 13:00:28.674 19489 19489 I Dialer  : EnrichedCallManagerImpl.unregisterStateChangedListener - listener: [DialerCall_1, DISCONNECTED, [Capabilities: CAPABILITY_SUPPORT_HOLD CAPABILITY_MUTE CAPABILITY_CANNOT_DOWNGRADE_VIDEO_TO_AUDIO], [Properties:], children:[], parent:null, conferenceable:[], videoState:Audio Only, mSessionModificationState:0, CameraDir:-1]
06-29 13:00:28.701 19489 19489 I Dialer  : DialerCall.setState - ignoring state transition from DISCONNECTED to DISCONNECTED. Duration would have changed from 0 to 0
06-29 13:00:28.703 19489 19489 I Dialer  : CallList.onUpdateCall - [DialerCall_1, DISCONNECTED, [Capabilities: CAPABILITY_SUPPORT_HOLD CAPABILITY_MUTE CAPABILITY_CANNOT_DOWNGRADE_VIDEO_TO_AUDIO], [Properties:], children:[], parent:null, conferenceable:[], videoState:Audio Only, mSessionModificationState:0, CameraDir:-1]
06-29 13:00:28.704 19489 19489 I Dialer  : InCallPresenter.onCallListChange - Phone switching state: INCALL -> INCALL
06-29 13:00:28.704 19489 19489 I Dialer  : VideoPauseController.onStateChange - hasPrimaryCallChanged: false, videoCanPause: false, isInBackground: false
06-29 13:00:28.706 19489 19489 I Dialer  : EnrichedCallManagerImpl.unregisterCapabilitiesListener - listener: [DialerCall_1, DISCONNECTED, [Capabilities: CAPABILITY_SUPPORT_HOLD CAPABILITY_MUTE CAPABILITY_CANNOT_DOWNGRADE_VIDEO_TO_AUDIO], [Properties:], children:[], parent:null, conferenceable:[], videoState:Audio Only, mSessionModificationState:0, CameraDir:-1]
06-29 13:00:28.707 19489 19489 I Dialer  : EnrichedCallManagerImpl.unregisterStateChangedListener - listener: [DialerCall_1, DISCONNECTED, [Capabilities: CAPABILITY_SUPPORT_HOLD CAPABILITY_MUTE CAPABILITY_CANNOT_DOWNGRADE_VIDEO_TO_AUDIO], [Properties:], children:[], parent:null, conferenceable:[], videoState:Audio Only, mSessionModificationState:0, CameraDir:-1]
06-29 13:00:28.900  1390  2659 W audio_hw_generic: Not supplying enough data to HAL, expected position 118695045 , only wrote 118694160
06-29 13:00:28.901  1390  2659 W audio_hw_generic: Not supplying enough data to HAL, expected position 118694217 , only wrote 118694160
06-29 13:00:28.918  1390  2659 W audio_hw_generic: Not supplying enough data to HAL, expected position 118694949 , only wrote 118694880
06-29 13:00:28.952  1390  2659 W audio_hw_generic: Hardware backing HAL too slow, could only write 0 of 720 frames
06-29 13:00:28.968  1390  2659 W audio_hw_generic: Hardware backing HAL too slow, could only write 0 of 720 frames
06-29 13:00:29.029  1390  2659 W audio_hw_generic: Not supplying enough data to HAL, expected position 118700207 , only wrote 118699920
06-29 13:00:29.184  1704  1704 D StatusBar: disable<e i a s b h r c s q >
06-29 13:00:29.228 19489 19489 W Dialer  : CallList.onCallRemoved - Removing call not previously disconnected DialerCall_1
06-29 13:00:29.228 19489 19489 I Dialer  : VideoShareManager.unregisterListener - enter
06-29 13:00:29.228 19489 19489 I Dialer  : EnrichedCallManagerImpl.unregisterCapabilitiesListener - listener: bca@9d62a94
06-29 13:00:29.232 19489 19489 I Dialer  : InCallPresenter.attemptFinishActivity - Hide in call UI: false
06-29 13:00:29.233 19489 19489 I Dialer  : InCallPresenter.onCallListChange - Phone switching state: INCALL -> NO_CALLS
06-29 13:00:29.233 19489 19489 I Dialer  : VideoPauseController.onStateChange - hasPrimaryCallChanged: false, videoCanPause: false, isInBackground: false
06-29 13:00:29.233 19489 19489 I Dialer  : InCallPresenter.onCallListChange - Phone switching state: NO_CALLS -> NO_CALLS
06-29 13:00:29.234 19489 19489 I Dialer  : VideoPauseController.onStateChange - hasPrimaryCallChanged: false, videoCanPause: false, isInBackground: false
06-29 13:00:29.234 19489 19489 I Dialer  : InCallPresenter.onCallListChange - Phone switching state: NO_CALLS -> NO_CALLS
06-29 13:00:29.234 19489 19489 I Dialer  : VideoPauseController.onStateChange - hasPrimaryCallChanged: false, videoCanPause: false, isInBackground: false
06-29 13:00:29.279  1704  1929 D EGL_emulation: eglMakeCurrent: 0x9e4046c0: ver 2 0 (tinfo 0x9e403690)
06-29 13:00:29.286  1398  1398 D gralloc_ranchu: gralloc_alloc: Creating ashmem region of size 274432
06-29 13:00:29.347  1704  1929 D EGL_emulation: eglMakeCurrent: 0x9e4046c0: ver 2 0 (tinfo 0x9e403690)
06-29 13:00:29.384  1398  1398 D gralloc_ranchu: gralloc_alloc: Creating ashmem region of size 274432
06-29 13:00:29.408  1398  1398 D gralloc_ranchu: gralloc_alloc: Creating ashmem region of size 274432
06-29 13:00:29.683  1833  1843 I zygote  : Background concurrent copying GC freed 43863(2MB) AllocSpace objects, 0(0B) LOS objects, 49% free, 2MB/4MB, paused 1.299ms total 136.456ms
06-29 13:00:29.888  1600  1614 I ActivityManager: Start proc 22565:com.android.calllogbackup/u0a2 for broadcast com.android.calllogbackup/.CallLogChangeReceiver
06-29 13:00:29.916 22565 22565 W zygote  : Unexpected CPU variant for X86 using defaults: x86
06-29 13:00:30.057 22565 22565 I zygote  : The ClassLoaderContext is a special shared library.
06-29 13:00:30.430  1600  1600 I Telecom : EmergencyInCallServiceConnection: Disconnect forced!: CSW.rC->ICC.oCR@Bec
06-29 13:00:30.448 19489 19489 I Dialer  : InCallPresenter.setBoundAndWaitingForOutgoingCall - setBoundAndWaitingForOutgoingCall: false
06-29 13:00:30.448 19489 19489 I Dialer  : InCallPresenter.onCallListChange - Phone switching state: NO_CALLS -> NO_CALLS
06-29 13:00:30.448 19489 19489 I Dialer  : VideoPauseController.onStateChange - hasPrimaryCallChanged: false, videoCanPause: false, isInBackground: false
06-29 13:00:30.454 19489 19489 I Dialer  : InCallPresenter.attemptCleanup - Cleaning up
06-29 13:00:30.454 19489 19489 I Dialer  : ProximitySensor.turnOffProximitySensor - wake lock already released
06-29 13:00:30.455 19489 19489 I Dialer  : EnrichedCallManagerImpl.unregisterStateChangedListener - listener: bmz@6a1ed0b
06-29 13:00:30.455 19489 19489 I Dialer  : VideoPauseController.tearDown - enter
06-29 13:00:30.514  1390  2659 W audio_hw_generic: Not supplying enough data to HAL, expected position 118771219 , only wrote 118771200
06-29 13:00:30.606  1390  1390 W audio_hw_generic: Not supplying enough data to HAL, expected position 118775626 , only wrote 118775520
