07-02 18:51:17.888 20345  2090 D HeterodyneSyncer: updateFlag: com.google.android.finsky.regular, 81531400, 2, , Everglades__enable_everglades
07-02 18:51:17.920 20345  2090 D HeterodyneSyncer: updateFlag: com.google.android.finsky.regular, 81531400, 2, , ExperimentFramework__enable_heterodyne_periodic_sync
07-02 18:51:17.921 20345  2090 D HeterodyneSyncer: updateFlag: com.google.android.finsky.regular, 81531400, 2, , ExperimentFramework__enable_heterodyne_periodic_sync_logging
07-02 18:51:17.922 20345  2090 D HeterodyneSyncer: updateFlag: com.google.android.finsky.regular, 81531400, 2, , ExperimentFramework__heterodyne_periodic_sync_cycle_ms
07-02 18:51:17.923 20345  2090 D HeterodyneSyncer: updateFlag: com.google.android.finsky.regular, 81531400, 2, , ExperimentFramework__heterodyne_periodic_sync_deadline_ms
07-02 18:51:17.924 20345  2090 D HeterodyneSyncer: updateFlag: com.google.android.finsky.regular, 81531400, 2, , ExperimentFramework__reset_stale_experiments_status_on_clear_cache_callback
07-02 18:51:18.008 20345  2090 D HeterodyneSyncer: updateFlag: com.google.android.finsky.regular, 81531400, 2, , FEMigration__enable_fe_base_url
07-02 18:51:18.009 20345  2090 D HeterodyneSyncer: updateFlag: com.google.android.finsky.regular, 81531400, 2, , FakeSelfUpdate__failure_count_threshold
07-02 18:51:18.010 20345  2090 D HeterodyneSyncer: updateFlag: com.google.android.finsky.regular, 81531400, 2, , FastAppReinstall__enable_hiding_card_when_user_restored_apps
07-02 18:51:18.011 20345  2090 D HeterodyneSyncer: updateFlag: com.google.android.finsky.regular, 81531400, 2, , FifeImage__ttl_in_days
07-02 18:51:18.055 20345  2090 D HeterodyneSyncer: updateFlag: com.google.android.finsky.regular, 81531400, 2, , FixLoggingContextForking__authenticated_activity_default_lc_fork
07-02 18:51:18.062 20345  2090 D HeterodyneSyncer: updateFlag: com.google.android.finsky.regular, 81531400, 2, , FixWhereHomePageLoadMetricsLogged__fix_where_home_page_load_metrics_logged
07-02 18:51:18.064 20345  2090 D HeterodyneSyncer: updateFlag: com.google.android.finsky.regular, 81531400, 2, , GameSdkDeviceInfo__enable_collection
07-02 18:51:18.070  1485  2034 I NuPlayerDecoder: [audio] saw output EOS
07-02 18:51:18.073  2104  2137 I zygote  : Waiting for a blocking GC ProfileSaver
07-02 18:51:18.096 20345  2090 D HeterodyneSyncer: updateFlag: com.google.android.finsky.regular, 81531400, 2, , GooglePlayProtect__enable_default_on_play_protect_consent_model
07-02 18:51:18.102 20345  2090 D HeterodyneSyncer: updateFlag: com.google.android.finsky.regular, 81531400, 2, , GooglePlayProtect__enable_gpp_disable_banned
07-02 18:51:18.102 20345  2090 D HeterodyneSyncer: updateFlag: com.google.android.finsky.regular, 81531400, 2, , GooglePlayProtect__enable_per_source_installation_consent
07-02 18:51:18.103 20345  2090 D HeterodyneSyncer: updateFlag: com.google.android.finsky.regular, 81531400, 2, , GooglePlayProtect__enable_play_protect_snackbar
07-02 18:51:18.104 20345  2090 D HeterodyneSyncer: updateFlag: com.google.android.finsky.regular, 81531400, 2, , GooglePlayProtect__enable_psic_uninstallation_dialog
07-02 18:51:18.105 20345  2090 D HeterodyneSyncer: updateFlag: com.google.android.finsky.regular, 81531400, 2, , GooglePlayProtect__enable_ternary_gpp_upload_consent_model
07-02 18:51:18.106 20345  2090 D HeterodyneSyncer: updateFlag: com.google.android.finsky.regular, 81531400, 2, , GooglePlayProtect__migrate_to_verifier_clearcut_log
07-02 18:51:18.106 20345  2090 D HeterodyneSyncer: updateFlag: com.google.android.finsky.regular, 81531400, 2, , Hygiene__defer_hygiene_when_self_update_running
07-02 18:51:18.143 20345  2090 D HeterodyneSyncer: updateFlag: com.google.android.finsky.regular, 81531400, 2, , Hygiene__hygiene_after_self_update_not_lite
07-02 18:51:18.153 20345  2090 D HeterodyneSyncer: updateFlag: com.google.android.finsky.regular, 81531400, 2, , Hygiene__hygiene_task_execution_whitelist
07-02 18:51:18.154 20345  2090 D HeterodyneSyncer: updateFlag: com.google.android.finsky.regular, 81531400, 2, , Hygiene__hygiene_task_filter_whitelist
07-02 18:51:18.155 20345  2090 D HeterodyneSyncer: updateFlag: com.google.android.finsky.regular, 81531400, 2, , Hygiene__isolate_hygiene_from_gcm_notifications
07-02 18:51:18.156 20345  2090 D HeterodyneSyncer: updateFlag: com.google.android.finsky.regular, 81531400, 2, , Hygiene__on_defer_hygiene_delay_ms
07-02 18:51:18.157  2104  2137 I zygote  : WaitForGcToComplete blocked ProfileSaver on HeapTrim for 83.221ms
07-02 18:51:18.158 20345  2090 D HeterodyneSyncer: updateFlag: com.google.android.finsky.regular, 81531400, 2, , Hygiene__on_defer_hygiene_delay_to_next_window
07-02 18:51:18.159 20345  2090 D HeterodyneSyncer: updateFlag: com.google.android.finsky.regular, 81531400, 2, , Hygiene__run_jitter_memory_threshold_milliseconds
07-02 18:51:18.160 20345  2090 D HeterodyneSyncer: updateFlag: com.google.android.finsky.regular, 81531400, 2, , Hygiene__run_jitter_milliseconds
07-02 18:51:18.161 20345  2090 D HeterodyneSyncer: updateFlag: com.google.android.finsky.regular, 81531400, 2, , Hygiene__run_reasons_to_jitter
07-02 18:51:18.199 20345  2090 D HeterodyneSyncer: updateFlag: com.google.android.finsky.regular, 81531400, 2, , Hygiene__schedule_jitter_milliseconds
07-02 18:51:18.200 20345  2090 D HeterodyneSyncer: updateFlag: com.google.android.finsky.regular, 81531400, 2, , Hygiene__schedule_reasons_to_jitter
07-02 18:51:18.222 20345  2090 D HeterodyneSyncer: updateFlag: com.google.android.finsky.regular, 81531400, 2, , Hygiene__skip_accounts_changed_hygiene_throttling
07-02 18:51:18.223 20345  2090 D HeterodyneSyncer: updateFlag: com.google.android.finsky.regular, 81531400, 2, , Hygiene__traffic_percent_at_wall_time_to_jitter
07-02 18:51:18.224  1970  2922 W Conscrypt: 	at com.google.android.gms.org.conscrypt.Platform.setSocketWriteTimeout(:com.google.android.gms@17785022@17.7.85 (040700-253824076):2)
07-02 18:51:18.224 20345  2090 D HeterodyneSyncer: updateFlag: com.google.android.finsky.regular, 81531400, 2, , Hygiene__use_not_roaming_for_content_sync
07-02 18:51:18.225 20345  2090 D HeterodyneSyncer: updateFlag: com.google.android.finsky.regular, 81531400, 2, , IconUniformity__enable_api_21_treatment
07-02 18:51:18.226 20345  2090 D HeterodyneSyncer: updateFlag: com.google.android.finsky.regular, 81531400, 2, , IconUniformity__enable_icon_uniformity
07-02 18:51:18.227 20345  2090 D HeterodyneSyncer: updateFlag: com.google.android.finsky.regular, 81531400, 2, , IconUniformity__enable_legacy_treatment
07-02 18:51:18.248  1970  2922 W Conscrypt: 	at com.google.android.gms.org.conscrypt.ConscryptFileDescriptorSocket.setSoWriteTimeout(:com.google.android.gms@17785022@17.7.85 (040700-253824076):2)
07-02 18:51:18.253 20345  2090 D HeterodyneSyncer: updateFlag: com.google.android.finsky.regular, 81531400, 2, , IconUniformity__enable_vx_treatment
07-02 18:51:18.254 20345  2090 D HeterodyneSyncer: updateFlag: com.google.android.finsky.regular, 81531400, 2, , ImageLogging__enable_image_latency_logging
07-02 18:51:18.255 20345  2090 D HeterodyneSyncer: updateFlag: com.google.android.finsky.regular, 81531400, 2, , ImageOptimizations__disable_image_cache_clearing
07-02 18:51:18.256 20345  2090 D HeterodyneSyncer: updateFlag: com.google.android.finsky.regular, 81531400, 2, , ImageOptimizations__dont_preload_images_within_visible_range
07-02 18:51:18.257 20345  2090 D HeterodyneSyncer: updateFlag: com.google.android.finsky.regular, 81531400, 2, , ImpressionNode__enable_child_array_clear
07-02 18:51:18.257 20345  2090 D HeterodyneSyncer: updateFlag: com.google.android.finsky.regular, 81531400, 2, , InAppBilling__add_library_version_to_extra_param
07-02 18:51:18.321 26911 26911 I net.osmand: RoutingHelper Recalculate route, because correlation  : 214.74408039865548
07-02 18:51:18.322 26911 26911 I net.osmand: RoutingHelper Recalculate route, because wrong movement direction: 246.21614
07-02 18:51:18.324  1485  2033 D AudioTrack: stop() called with 132300 frames delivered
07-02 18:51:18.328 20345  2090 D HeterodyneSyncer: updateFlag: com.google.android.finsky.regular, 81531400, 2, , InAppBilling__add_library_version_to_get_sku_details
07-02 18:51:18.336 20345  2090 D HeterodyneSyncer: updateFlag: com.google.android.finsky.regular, 81531400, 2, , InAppBilling__enable_ack_purchase
07-02 18:51:18.338 20345  2090 D HeterodyneSyncer: updateFlag: com.google.android.finsky.regular, 81531400, 2, , InAppBilling__enable_ack_purchase_logging
07-02 18:51:18.339 20345  2090 D HeterodyneSyncer: updateFlag: com.google.android.finsky.regular, 81531400, 2, , InAppBilling__enable_debug_messages
07-02 18:51:18.340 20345  2090 D HeterodyneSyncer: updateFlag: com.google.android.finsky.regular, 81531400, 2, , InAppBilling__enable_pending_purchases
07-02 18:51:18.341 20345  2090 D HeterodyneSyncer: updateFlag: com.google.android.finsky.regular, 81531400, 2, , InAppBilling__read_response_code_from_iab_error
07-02 18:51:18.410 20345  2090 D HeterodyneSyncer: updateFlag: com.google.android.finsky.regular, 81531400, 2, , InAppBilling__read_response_code_from_iab_error_in_app_purchase_history
07-02 18:51:18.432 20345  2090 D HeterodyneSyncer: updateFlag: com.google.android.finsky.regular, 81531400, 2, , InAppBilling__read_response_code_from_iab_error_sku_details
07-02 18:51:18.437 20345  2090 D HeterodyneSyncer: updateFlag: com.google.android.finsky.regular, 81531400, 2, , InAppReview__enable_in_app_review_service
07-02 18:51:18.438 20345  2090 D HeterodyneSyncer: updateFlag: com.google.android.finsky.regular, 81531400, 2, , InlineVideo__enable_inline_video_on_details_page
07-02 18:51:18.439 20345  2090 D HeterodyneSyncer: updateFlag: com.google.android.finsky.regular, 81531400, 2, , InstallAttribution__enable_pai_inform_install_atrribution
07-02 18:51:18.440 20345  2090 D HeterodyneSyncer: updateFlag: com.google.android.finsky.regular, 81531400, 2, , InstallReferrer__disable_broadcast_referrer_param
07-02 18:51:18.440 20345  2090 D HeterodyneSyncer: updateFlag: com.google.android.finsky.regular, 81531400, 2, , InstallSource__enable_install_source_listener
07-02 18:51:18.441 20345  2090 D HeterodyneSyncer: updateFlag: com.google.android.finsky.regular, 81531400, 2, , InstallSource__enable_install_source_on_content_sync
07-02 18:51:18.442 20345  2090 D HeterodyneSyncer: updateFlag: com.google.android.finsky.regular, 81531400, 2, , InstallerCodegen__enable_file_by_file_recursive
07-02 18:51:18.443 20345  2090 D HeterodyneSyncer: updateFlag: com.google.android.finsky.regular, 81531400, 2, , InstallerCodegen__enable_install_time_split_check
07-02 18:51:18.443 20345  2090 D HeterodyneSyncer: updateFlag: com.google.android.finsky.regular, 81531400, 2, , InstallerCodegen__enable_update_missing_splits
07-02 18:51:18.444 20345  2090 D HeterodyneSyncer: updateFlag: com.google.android.finsky.regular, 81531400, 2, , InstallerCodegen__enable_version_update_checker_refactor
07-02 18:51:18.445 20345  2090 D HeterodyneSyncer: updateFlag: com.google.android.finsky.regular, 81531400, 2, , Installer__enable_install_tracer
07-02 18:51:18.523 20345  2090 D HeterodyneSyncer: updateFlag: com.google.android.finsky.regular, 81531400, 2, , Installer__enable_instant_app_install_attribution
07-02 18:51:18.524 20345  2090 D HeterodyneSyncer: updateFlag: com.google.android.finsky.regular, 81531400, 2, , Installer__install_queue_cancel_inactive
07-02 18:51:18.525 20345  2090 D HeterodyneSyncer: updateFlag: com.google.android.finsky.regular, 81531400, 2, , InstantAppsAccountManagement__enable_sync_instant_apps_account_with_phonesky_account
07-02 18:51:18.531 20345  2090 D HeterodyneSyncer: updateFlag: com.google.android.finsky.regular, 81531400, 2, , InstantAppsAccountManagement__sync_server_opt_in_state_to_gms_core
07-02 18:51:18.552 20345  2090 D HeterodyneSyncer: updateFlag: com.google.android.finsky.regular, 81531400, 2, , InstantAppsAds__instant_apps_ads_counterfactual_show_more
07-02 18:51:18.558 20345  2090 D HeterodyneSyncer: updateFlag: com.google.android.finsky.regular, 81531400, 2, , InstantAppsFlavors__read_flavor_id_from_launch_api_request
07-02 18:51:18.559 20345  2090 D HeterodyneSyncer: updateFlag: com.google.android.finsky.regular, 81531400, 2, , InstantAppsInit__enable_startup_init
07-02 18:51:18.559 20345  2090 D HeterodyneSyncer: updateFlag: com.google.android.finsky.regular, 81531400, 2, , InstantAppsIntentCreation__use_secure_supervisor_activity_alias_if_available
07-02 18:51:18.560 20345  2090 D HeterodyneSyncer: updateFlag: com.google.android.finsky.regular, 81531400, 2, , InstantAppsLaunchKeys__construct_launch_intent_from_launch_key
07-02 18:51:18.561 20345  2090 D HeterodyneSyncer: updateFlag: com.google.android.finsky.regular, 81531400, 2, , InstantAppsLaunchKeys__disable_default_url_fallback
07-02 18:51:18.561 20345  2090 D HeterodyneSyncer: updateFlag: com.google.android.finsky.regular, 81531400, 2, , InstantAppsLaunchKeys__enable_launch_key_decoding
07-02 18:51:18.562 20345  2090 D HeterodyneSyncer: updateFlag: com.google.android.finsky.regular, 81531400, 2, , InstantAppsLaunchKeys__enable_launch_key_opt_in_state_checking
07-02 18:51:18.562 20345  2090 D HeterodyneSyncer: updateFlag: com.google.android.finsky.regular, 81531400, 2, , InstantAppsLaunchKeys__enable_launch_keys_for_details_page_and_launch_api
07-02 18:51:18.593 20345  2090 D HeterodyneSyncer: updateFlag: com.google.android.finsky.regular, 81531400, 2, , InstantAppsLaunchKeys__prefer_launch_key_default_url
07-02 18:51:18.599 20345  2090 D HeterodyneSyncer: updateFlag: com.google.android.finsky.regular, 81531400, 2, , InstantAppsOneClickInstall__always_use_quick_install_experience
07-02 18:51:18.600 20345  2090 D HeterodyneSyncer: updateFlag: com.google.android.finsky.regular, 81531400, 2, , InstantAppsOneClickInstall__enable_instant_apps_one_click_install
07-02 18:51:18.601 20345  2090 D HeterodyneSyncer: updateFlag: com.google.android.finsky.regular, 81531400, 2, , InstantAppsOneClickInstall__instant_apps_one_click_install_whitelisted_packages
07-02 18:51:18.602 20345  2090 D HeterodyneSyncer: updateFlag: com.google.android.finsky.regular, 81531400, 2, , InstantAppsQuickInstall__quick_install_sweeper_integration
07-02 18:51:18.617  2118  2118 W PrimesInit: Primes instant initialization
07-02 18:51:18.633 20345  2090 D HeterodyneSyncer: updateFlag: com.google.android.finsky.regular, 81531400, 2, , InstantAppsTryNowVisibility__disable_instant_apps_launch_intents
07-02 18:51:18.640 20345  2090 D HeterodyneSyncer: updateFlag: com.google.android.finsky.regular, 81531400, 2, , InstantAppsTryNowVisibility__enable_instant_apps_launch_button_for_users_on_holdback
07-02 18:51:18.640 20345  2090 D HeterodyneSyncer: updateFlag: com.google.android.finsky.regular, 81531400, 2, , InstantAppsTryNowVisibility__enable_instant_apps_launch_button_for_users_who_prefer_web
07-02 18:51:18.648 20345  2090 D HeterodyneSyncer: updateFlag: com.google.android.finsky.regular, 81531400, 2, , InstantAppsUninstallWedgedSupervisor__enable_hygiene_task
07-02 18:51:18.649 20345  2090 D HeterodyneSyncer: updateFlag: com.google.android.finsky.regular, 81531400, 2, , InstantAppsUninstallWedgedSupervisor__uninstall_equal_or_below_supervisor_version
07-02 18:51:18.662  2118  2216 W Primes  : background initialization
07-02 18:51:18.664  1485  2030 D NuPlayerDriver: notifyListener_l(0xae5141c0), (2, 0, 0, -1), loop setting(1, 0)
07-02 18:51:18.674 20345  2090 D HeterodyneSyncer: updateFlag: com.google.android.finsky.regular, 81531400, 2, , InstantApps__trynow_force_framework_resolution_oplus
07-02 18:51:18.674  1485  2034 I NuPlayerDecoder: [OMX.google.vorbis.decoder] resubmitting CSD
07-02 18:51:18.674 20345  2090 D HeterodyneSyncer: updateFlag: com.google.android.finsky.regular, 81531400, 2, , InternalSharing__check_sideloading_policy_instead_of_admin_policy
07-02 18:51:18.676  1485  2034 I NuPlayerDecoder: [OMX.google.vorbis.decoder] resubmitting CSD
07-02 18:51:18.676 20345  2090 D HeterodyneSyncer: updateFlag: com.google.android.finsky.regular, 81531400, 2, , InternalSharing__enable_internal_sharing
07-02 18:51:18.677 20345  2090 D HeterodyneSyncer: updateFlag: com.google.android.finsky.regular, 81531400, 2, , InternalSharing__lowest_supported_sdk_version
07-02 18:51:18.679 20345  2090 D HeterodyneSyncer: updateFlag: com.google.android.finsky.regular, 81531400, 2, , LargeDownloadWarning__improved_large_download_dialog
07-02 18:51:18.679 20345  2090 D HeterodyneSyncer: updateFlag: com.google.android.finsky.regular, 81531400, 2, , LargeDownloadWarning__large_download_size_threshold_bytes
07-02 18:51:18.680 20345  2090 D HeterodyneSyncer: updateFlag: com.google.android.finsky.regular, 81531400, 2, , LargeDownloadWarning__no_large_download_warning_on_wifi
07-02 18:51:18.681 20345  2090 D HeterodyneSyncer: updateFlag: com.google.android.finsky.regular, 81531400, 2, , LastRpcLogging__fix_home_last_rpc_logging
07-02 18:51:18.683 20345  2090 D HeterodyneSyncer: updateFlag: com.google.android.finsky.regular, 81531400, 2, , LibraryModule__db_disk_image_malformed_treatment
07-02 18:51:18.683  1485  2030 D NuPlayerDriver: notifyListener_l(0xae5141c0), (6, 0, 0, -1), loop setting(1, 0)
07-02 18:51:18.684 20345  2090 D HeterodyneSyncer: updateFlag: com.google.android.finsky.regular, 81531400, 2, , LiveOps__enable_notify_button_for_upcoming_events
07-02 18:51:18.684 20345  2090 D HeterodyneSyncer: updateFlag: com.google.android.finsky.regular, 81531400, 2, , Loyalty__enable_lottie_on_loyalty_home
07-02 18:51:18.686  2118  2143 I zygote  : Waiting for a blocking GC ProfileSaver
07-02 18:51:18.786 26911 26911 I net.osmand: RoutingHelper Recalculate route, because correlation  : 214.74408039865548
07-02 18:51:18.786 26911 26911 I net.osmand: RoutingHelper Recalculate route, because wrong movement direction: 246.21614
07-02 18:51:18.812 20345  2090 D HeterodyneSyncer: updateFlag: com.google.android.finsky.regular, 81531400, 2, , Loyalty__enable_lottie_on_purchase_dialog
07-02 18:51:18.857 20345  2090 D HeterodyneSyncer: updateFlag: com.google.android.finsky.regular, 81531400, 2, , MultiAccountIab__enable_multi_account_iab_get_purchases
07-02 18:51:18.858 20345  2090 D HeterodyneSyncer: updateFlag: com.google.android.finsky.regular, 81531400, 2, , MultiAccountIab__enable_multi_account_iab_switch_account
07-02 18:51:18.861 20345  2090 D HeterodyneSyncer: updateFlag: com.google.android.finsky.regular, 81531400, 2, , MultiAccountIab__enable_multi_account_package_allow_list
07-02 18:51:18.893 20345  2090 D HeterodyneSyncer: updateFlag: com.google.android.finsky.regular, 81531400, 2, , MultiAccountIab__enable_multi_account_package_block_list
07-02 18:51:18.927 20345  2090 D HeterodyneSyncer: updateFlag: com.google.android.finsky.regular, 81531400, 2, , MultiProcess__main_process_metrics
07-02 18:51:18.928 20345  2090 D HeterodyneSyncer: updateFlag: com.google.android.finsky.regular, 81531400, 2, , MyAppsManagement__enable_my_apps_management_permission_row
07-02 18:51:18.929 20345  2090 D HeterodyneSyncer: updateFlag: com.google.android.finsky.regular, 81531400, 2, , NetworkRequestMigration__migrate_add_delete_review_to_cronet
07-02 18:51:18.930 20345  2090 D HeterodyneSyncer: updateFlag: com.google.android.finsky.regular, 81531400, 2, , NetworkRequestMigration__migrate_getbrowselayout_to_cronet
07-02 18:51:18.931  2118  2143 I zygote  : WaitForGcToComplete blocked ProfileSaver on HeapTrim for 245.204ms
07-02 18:51:18.966 20345  2090 D HeterodyneSyncer: updateFlag: com.google.android.finsky.regular, 81531400, 2, , NetworkRequestMigration__migrate_getdetails_resolvelink_to_cronet
07-02 18:51:18.985 20345  2090 D HeterodyneSyncer: updateFlag: com.google.android.finsky.regular, 81531400, 2, , NetworkRequestMigration__migrate_getlist_to_cronet
07-02 18:51:18.988 20345  2090 D HeterodyneSyncer: updateFlag: com.google.android.finsky.regular, 81531400, 2, , NetworkRequestMigration__migrate_getreviews_to_cronet
07-02 18:51:18.989 20345  2090 D HeterodyneSyncer: updateFlag: com.google.android.finsky.regular, 81531400, 2, , NetworkRequestMigration__migrate_gettoc_inuserflow_to_cronet
07-02 18:51:18.990 20345  2090 D HeterodyneSyncer: updateFlag: com.google.android.finsky.regular, 81531400, 2, , NetworkRequestMigration__migrate_search_to_cronet
07-02 18:51:18.990 20345  2090 D HeterodyneSyncer: updateFlag: com.google.android.finsky.regular, 81531400, 2, , NetworkRequestMigration__migrate_searchsuggest_to_cronet
07-02 18:51:18.991 20345  2090 D HeterodyneSyncer: updateFlag: com.google.android.finsky.regular, 81531400, 2, , NotificationAssist__delay_step_ms
07-02 18:51:19.020 20345  2090 D HeterodyneSyncer: updateFlag: com.google.android.finsky.regular, 81531400, 2, , NotificationAssist__delay_strategy
07-02 18:51:19.021 20345  2090 D HeterodyneSyncer: updateFlag: com.google.android.finsky.regular, 81531400, 2, , NotificationAssist__enable_delay
07-02 18:51:19.022 20345  2090 D HeterodyneSyncer: updateFlag: com.google.android.finsky.regular, 81531400, 2, , NotificationAssist__enable_logging
07-02 18:51:19.023 20345  2090 D HeterodyneSyncer: updateFlag: com.google.android.finsky.regular, 81531400, 2, , NotificationAssist__historical_interactions_ttl_ms
07-02 18:51:19.024 20345  2090 D HeterodyneSyncer: updateFlag: com.google.android.finsky.regular, 81531400, 2, , NotificationAssist__max_delay_ms
07-02 18:51:19.024 20345  2090 D HeterodyneSyncer: updateFlag: com.google.android.finsky.regular, 81531400, 2, , NotificationAssist__notification_types
07-02 18:51:19.025 20345  2090 D HeterodyneSyncer: updateFlag: com.google.android.finsky.regular, 81531400, 2, , NotificationAssist__static_delay_ms
07-02 18:51:19.067 20345  2090 D HeterodyneSyncer: updateFlag: com.google.android.finsky.regular, 81531400, 2, , Notifications__ablation_notification_ui_element_types
07-02 18:51:19.069 20345  2090 D HeterodyneSyncer: updateFlag: com.google.android.finsky.regular, 81531400, 2, , Notifications__enable_adding_delete_intent_for_all_notifications
07-02 18:51:19.070 20345  2090 D HeterodyneSyncer: updateFlag: com.google.android.finsky.regular, 81531400, 2, , Notifications__enable_deletion_logging_for_all_notifications
07-02 18:51:19.072 20345  2090 D HeterodyneSyncer: updateFlag: com.google.android.finsky.regular, 81531400, 2, , Notifications__enable_impression_logging_for_all_notifications
07-02 18:51:19.086  2118  2118 W GAV2    : Thread[main,5,main]: Need to call initialize() and be in fallback mode to start dispatch.
07-02 18:51:19.092 20345  2090 D HeterodyneSyncer: updateFlag: com.google.android.finsky.regular, 81531400, 2, , Notifications__enable_notification_info_logging_for_clicks
07-02 18:51:19.093 20345  2090 D HeterodyneSyncer: updateFlag: com.google.android.finsky.regular, 81531400, 2, , Oauth2__use_oauth2_for_dfe_requests
07-02 18:51:19.093 20345  2090 D HeterodyneSyncer: updateFlag: com.google.android.finsky.regular, 81531400, 2, , Oauth2__use_oauth2_for_odyssey_requests
07-02 18:51:19.094 20345  2090 D HeterodyneSyncer: updateFlag: com.google.android.finsky.regular, 81531400, 2, , OfflineGames__enable_offline_games
07-02 18:51:19.095 20345  2090 D HeterodyneSyncer: updateFlag: com.google.android.finsky.regular, 81531400, 2, , OfflineInstall__enable_offline_install
07-02 18:51:19.096 20345  2090 D HeterodyneSyncer: updateFlag: com.google.android.finsky.regular, 81531400, 2, , OfflineMyApps__enable_offline_myapps
07-02 18:51:19.136 20345  2090 D HeterodyneSyncer: updateFlag: com.google.android.finsky.regular, 81531400, 2, , OfflineMyApps__enable_v2_data_controllers
07-02 18:51:19.144 20345 20355 W zygote  : Suspending all threads took: 34.274ms
07-02 18:51:19.145 20345  2090 D HeterodyneSyncer: updateFlag: com.google.android.finsky.regular, 81531400, 2, , P2pAppUpdates__enable_app_updates_api_for_files_go
07-02 18:51:19.146 20345  2090 D HeterodyneSyncer: updateFlag: com.google.android.finsky.regular, 81531400, 2, , P2pAppUpdates__enable_app_updates_api_for_shareit
07-02 18:51:19.146 20345  2090 D HeterodyneSyncer: updateFlag: com.google.android.finsky.regular, 81531400, 2, , P2pAppUpdates__enable_app_updates_api_for_xender
07-02 18:51:19.147 20345  2090 D HeterodyneSyncer: updateFlag: com.google.android.finsky.regular, 81531400, 2, , P2pAppUpdates__enable_peer_to_peer_app_updates_api
07-02 18:51:19.148 20345  2090 D HeterodyneSyncer: updateFlag: com.google.android.finsky.regular, 81531400, 2, , P2pAppUpdates__enable_update_scan_sleep_for_integration_testing
07-02 18:51:19.171  1970  2922 W Conscrypt: Could not set socket write timeout: java.net.SocketException: Socket closed
07-02 18:51:19.182 20345  2090 D HeterodyneSyncer: updateFlag: com.google.android.finsky.regular, 81531400, 2, , P2pAppUpdates__update_scan_integration_test_sleep_time_ms
07-02 18:51:19.182 20345  2090 D HeterodyneSyncer: updateFlag: com.google.android.finsky.regular, 81531400, 2, , PartialAuth__enable_partial_auth_auto_update
07-02 18:51:19.183 20345  2090 D HeterodyneSyncer: updateFlag: com.google.android.finsky.regular, 81531400, 2, , PartialAuth__enable_partial_auth_my_apps
07-02 18:51:19.184 20345  2090 D HeterodyneSyncer: updateFlag: com.google.android.finsky.regular, 81531400, 2, , PerformanceExperiments__enable_precache_usersettings_in_bg
07-02 18:51:19.206  2118  2216 I PrimesTesting: GserviceFlagsSupplier.get()
07-02 18:51:19.230 20345  2090 D HeterodyneSyncer: updateFlag: com.google.android.finsky.regular, 81531400, 2, , Phenotype__enable_cache_clearing_ps_exp
07-02 18:51:19.232 20345  2090 D HeterodyneSyncer: updateFlag: com.google.android.finsky.regular, 81531400, 2, , Phenotype__enable_phenotype_heterodyne_logging
07-02 18:51:19.236 20345  2090 D HeterodyneSyncer: updateFlag: com.google.android.finsky.regular, 81531400, 2, , Phoenix__delay_phoenix_installation_request
07-02 18:51:19.237 20345  2090 D HeterodyneSyncer: updateFlag: com.google.android.finsky.regular, 81531400, 2, , Phoenix__disable_phoenix_closing_animation_for_free
07-02 18:51:19.238 20345  2090 D HeterodyneSyncer: updateFlag: com.google.android.finsky.regular, 81531400, 2, , Phoenix__enable_phoenix_use_google_news_color
07-02 18:51:19.240 20345  2090 D HeterodyneSyncer: updateFlag: com.google.android.finsky.regular, 81531400, 2, , Phoenix__kill_switch_disable_phoenix_alley_oop
07-02 18:51:19.260 20345  2090 D HeterodyneSyncer: updateFlag: com.google.android.finsky.regular, 81531400, 2, , Phoenix__kill_switch_disable_using_response_bundle_in_acquire_result
07-02 18:51:19.262 20345  2090 D HeterodyneSyncer: updateFlag: com.google.android.finsky.regular, 81531400, 2, , Phoenix__kill_switch_to_phoenix_dedupe_free_apps_request
07-02 18:51:19.263 20345  2090 D HeterodyneSyncer: updateFlag: com.google.android.finsky.regular, 81531400, 2, , Phoenix__trigger_install_after_activity_close
07-02 18:51:19.264 20345  2090 D HeterodyneSyncer: updateFlag: com.google.android.finsky.regular, 81531400, 2, , PhoneskyScheduler__firebase_jobdispatcher_max_sdk
07-02 18:51:19.265 20345  2090 D HeterodyneSyncer: updateFlag: com.google.android.finsky.regular, 81531400, 2, , PhoneskyScheduler__jobscheduler_min_sdk
07-02 18:51:19.266 20345  2090 D HeterodyneSyncer: updateFlag: com.google.android.finsky.regular, 81531400, 2, , PhoneskyScheduler__killswitch_data_subscription_roaming
07-02 18:51:19.267 20345  2090 D HeterodyneSyncer: updateFlag: com.google.android.finsky.regular, 81531400, 2, , PhoneskyScheduler__killswitch_scheduler_logging_v0
07-02 18:51:19.268 20345  2090 D HeterodyneSyncer: updateFlag: com.google.android.finsky.regular, 81531400, 2, , PhoneskyScheduler__killswitch_scheduler_logging_v1
07-02 18:51:19.309  1970  2922 W Conscrypt: 	at com.google.android.gms.org.conscrypt.Platform.setSocketWriteTimeout(:com.google.android.gms@17785022@17.7.85 (040700-253824076):2)
07-02 18:51:19.309  1970  2922 W Conscrypt: 	at com.google.android.gms.org.conscrypt.ConscryptFileDescriptorSocket.setSoWriteTimeout(:com.google.android.gms@17785022@17.7.85 (040700-253824076):2)
07-02 18:51:19.321 20345  2090 D HeterodyneSyncer: updateFlag: com.google.android.finsky.regular, 81531400, 2, , PhoneskyScheduler__no_real_network_backoff_ms
07-02 18:51:19.463 20345  2090 D HeterodyneSyncer: updateFlag: com.google.android.finsky.regular, 81531400, 2, , PhoneskyScheduler__scheduler_job_logging_v2
07-02 18:51:19.464 20345  2090 D HeterodyneSyncer: updateFlag: com.google.android.finsky.regular, 81531400, 2, , PhoneskyScheduler__scheduler_logging_v2
07-02 18:51:19.502 20345  2090 D HeterodyneSyncer: updateFlag: com.google.android.finsky.regular, 81531400, 2, , PlayCardCache__document_label_cache_size
07-02 18:51:19.503 20345  2090 D HeterodyneSyncer: updateFlag: com.google.android.finsky.regular, 81531400, 2, , PlayPass__enable_account_override_for_iab
07-02 18:51:19.506 20345  2090 D HeterodyneSyncer: updateFlag: com.google.android.finsky.regular, 81531400, 2, , PlayPass__enable_account_override_for_licensing_service
07-02 18:51:19.507 20345  2090 D HeterodyneSyncer: updateFlag: com.google.android.finsky.regular, 81531400, 2, , PlayPass__enable_deactivation
07-02 18:51:19.507 20345  2090 D HeterodyneSyncer: updateFlag: com.google.android.finsky.regular, 81531400, 2, , PlayStoreAppDetailsPromotions__subscription_promotions_on_details_page
07-02 18:51:19.540  1394  3176 W audio_hw_generic: Not supplying enough data to HAL, expected position 380633771 , only wrote 380633760
07-02 18:51:19.557  1394  3176 W audio_hw_generic: Not supplying enough data to HAL, expected position 380634580 , only wrote 380634480
07-02 18:51:19.561 20345  2090 D HeterodyneSyncer: updateFlag: com.google.android.finsky.regular, 81531400, 2, , PreregAds__enable_all_prereg_traffic_to_pgs
07-02 18:51:19.563 20345  2090 D HeterodyneSyncer: updateFlag: com.google.android.finsky.regular, 81531400, 2, , PreregistrationStatusApi__disabled_preregistration_status_packages
07-02 18:51:19.564 20345  2090 D HeterodyneSyncer: updateFlag: com.google.android.finsky.regular, 81531400, 2, , PreregistrationStatusApi__enable_preregistration_status_provider
07-02 18:51:19.565 20345  2090 D HeterodyneSyncer: updateFlag: com.google.android.finsky.regular, 81531400, 2, , PreregistrationStatusApi__preregistration_status_package_controller
07-02 18:51:19.566 20345  2090 D HeterodyneSyncer: updateFlag: com.google.android.finsky.regular, 81531400, 2, , PromotionCampaignDetailsPage__CdpClientControlledTerms
07-02 18:51:19.578 26911 26911 I net.osmand: RoutingHelper Recalculate route, because correlation  : 214.74408039865548
07-02 18:51:19.578 26911 26911 I net.osmand: RoutingHelper Recalculate route, because wrong movement direction: 246.21614
07-02 18:51:19.603 20345  2090 D HeterodyneSyncer: updateFlag: com.google.android.finsky.regular, 81531400, 2, , ProviderPickerTooltip__enable_provider_picker_tooltip
07-02 18:51:19.604 20345  2090 D HeterodyneSyncer: updateFlag: com.google.android.finsky.regular, 81531400, 2, , QaQualify__uds_env_indicator
07-02 18:51:19.604 20345  2090 D HeterodyneSyncer: updateFlag: com.google.android.finsky.regular, 81531400, 2, , RecyclerView__force_recycling_in_transient_state_horizontal_cluster
07-02 18:51:19.605 20345  2090 D HeterodyneSyncer: updateFlag: com.google.android.finsky.regular, 81531400, 2, , RecyclerView__force_recycling_in_transient_state_top_charts
07-02 18:51:19.616 20345  2090 D HeterodyneSyncer: updateFlag: com.google.android.finsky.regular, 81531400, 2, , ReferrerCleanup__no_timestamp_update_after_install_starts
07-02 18:51:19.618 20345  2090 D HeterodyneSyncer: updateFlag: com.google.android.finsky.regular, 81531400, 2, , ReferrerCleanup__use_full_url_for_ping
07-02 18:51:19.619 20345  2090 D HeterodyneSyncer: updateFlag: com.google.android.finsky.regular, 81531400, 2, , ReinstallDialog__enable_reinstall_hygiene_job
07-02 18:51:19.620 20345  2090 D HeterodyneSyncer: updateFlag: com.google.android.finsky.regular, 81531400, 2, , RollbackManager__logs_flush_timeout_seconds
07-02 18:51:19.621 20345  2090 D HeterodyneSyncer: updateFlag: com.google.android.finsky.regular, 81531400, 2, , RollbackManager__session_ready_timeout_seconds
07-02 18:51:19.659 20345  2090 D HeterodyneSyncer: updateFlag: com.google.android.finsky.regular, 81531400, 2, , RoutineHygiene__hygiene_tasks_window_fix
07-02 18:51:19.660 20345  2090 D HeterodyneSyncer: updateFlag: com.google.android.finsky.regular, 81531400, 2, , RoutineHygiene__regenerate_hygiene_seed
07-02 18:51:19.661 20345  2090 D HeterodyneSyncer: updateFlag: com.google.android.finsky.regular, 81531400, 2, , RpcStack__enable_flag_b_122324481
07-02 18:51:19.661 20345  2090 D HeterodyneSyncer: updateFlag: com.google.android.finsky.regular, 81531400, 2, , SaturnV__delay_decompress_ms
07-02 18:51:19.663 20345  2090 D HeterodyneSyncer: updateFlag: com.google.android.finsky.regular, 81531400, 2, , SaturnV__delay_installation_ms
07-02 18:51:19.664 20345  2090 D HeterodyneSyncer: updateFlag: com.google.android.finsky.regular, 81531400, 2, , ScionReporting__enable_scion_subscription_reporting
07-02 18:51:19.668 20345  2090 D HeterodyneSyncer: updateFlag: com.google.android.finsky.regular, 81531400, 2, , SearchSuggestMigration__ignore_backendid_in_searchsuggest
07-02 18:51:19.727 20345  2090 D HeterodyneSyncer: updateFlag: com.google.android.finsky.regular, 81531400, 2, , SelfUpdate__enable_brotli_filebyfile_patch_for_self_update_v2
07-02 18:51:19.729 20345  2090 D HeterodyneSyncer: updateFlag: com.google.android.finsky.regular, 81531400, 2, , SelfUpdate__enable_brotli_filebyfile_patch_when_not_idle
07-02 18:51:19.730 20345  2090 D HeterodyneSyncer: updateFlag: com.google.android.finsky.regular, 81531400, 2, , SelfUpdate__enable_flexible_self_update
07-02 18:51:19.759 20345  2090 D HeterodyneSyncer: updateFlag: com.google.android.finsky.regular, 81531400, 2, , SelfUpdate__enable_gzipped_bsdiff_patch_for_self_update_v2
07-02 18:51:19.777  1477  1572 D AudioFlinger: mixer(0xac983140) throttle end: throttle time(4)
07-02 18:51:19.780 20345  2090 D HeterodyneSyncer: updateFlag: com.google.android.finsky.regular, 81531400, 2, , SelfUpdate__flexible_self_update_lifecycle_step_ms
07-02 18:51:19.808 20345  2090 D HeterodyneSyncer: updateFlag: com.google.android.finsky.regular, 81531400, 2, , SelfUpdate__flexible_self_update_maximum_delay_ms
07-02 18:51:19.810 20345  2090 D HeterodyneSyncer: updateFlag: com.google.android.finsky.regular, 81531400, 2, , SelfUpdate__flexible_self_update_maximum_require_charging_ms
07-02 18:51:19.811 20345  2090 D HeterodyneSyncer: updateFlag: com.google.android.finsky.regular, 81531400, 2, , SelfUpdate__flexible_self_update_maximum_require_idle_ms
07-02 18:51:19.812 20345  2090 D HeterodyneSyncer: updateFlag: com.google.android.finsky.regular, 81531400, 2, , SelfUpdate__flexible_self_update_maximum_require_wifi_ms
07-02 18:51:19.813 20345  2090 D HeterodyneSyncer: updateFlag: com.google.android.finsky.regular, 81531400, 2, , SelfUpdate__kill_switch_flexible_self_update
07-02 18:51:19.815 20345  2090 D HeterodyneSyncer: updateFlag: com.google.android.finsky.regular, 81531400, 2, , SelfUpdate__kill_switch_immediate_self_update_from_system_version
07-02 18:51:19.853 20345  2090 D HeterodyneSyncer: updateFlag: com.google.android.finsky.regular, 81531400, 2, , SelfUpdate__kill_switch_self_update_finished_log_app_data_prefs
07-02 18:51:19.854 20345  2090 D HeterodyneSyncer: updateFlag: com.google.android.finsky.regular, 81531400, 2, , SelfUpdate__self_update_canary
07-02 18:51:19.854 20345  2090 D HeterodyneSyncer: updateFlag: com.google.android.finsky.regular, 81531400, 2, , SelfUpdate__use_package_installer_for_self_update_v2
07-02 18:51:19.879 20345  2090 D HeterodyneSyncer: updateFlag: com.google.android.finsky.regular, 81531400, 2, , SmartCart__password_visibility_toggle
07-02 18:51:19.880 20345  2090 D HeterodyneSyncer: updateFlag: com.google.android.finsky.regular, 81531400, 2, , SystemUpdate__enable_manual_update_flow
07-02 18:51:19.881 20345  2090 D HeterodyneSyncer: updateFlag: com.google.android.finsky.regular, 81531400, 2, , TabbedBrowseFragmentBrowseData__normalize_browse_data_handling
07-02 18:51:19.882 20345  2090 D HeterodyneSyncer: updateFlag: com.google.android.finsky.regular, 81531400, 2, , TestColorTheme__color_label
07-02 18:51:19.883 20345  2090 D HeterodyneSyncer: updateFlag: com.google.android.finsky.regular, 81531400, 2, , TestColorTheme__title_bar_color
07-02 18:51:19.884 20345  2090 D HeterodyneSyncer: updateFlag: com.google.android.finsky.regular, 81531400, 2, , TestColorTheme__transition_delay
07-02 18:51:19.885 20345  2090 D HeterodyneSyncer: updateFlag: com.google.android.finsky.regular, 81531400, 2, , TestColorTheme__transparent_background
07-02 18:51:19.920 20345  2090 D HeterodyneSyncer: updateFlag: com.google.android.finsky.regular, 81531400, 2, , TestConfig__backend_urls
07-02 18:51:19.920 20345  2090 D HeterodyneSyncer: updateFlag: com.google.android.finsky.regular, 81531400, 2, , TesterApi__enable_testing_program_writes_to_installerdatastore
07-02 18:51:19.921 20345  2090 D HeterodyneSyncer: updateFlag: com.google.android.finsky.regular, 81531400, 2, , TesterApi__tester_api_package_controller
07-02 18:51:19.931 20345  2090 D HeterodyneSyncer: updateFlag: com.google.android.finsky.regular, 81531400, 2, , TubeskyAccountContentProvider__enable_account_content_provider
07-02 18:51:19.932 20345  2090 D HeterodyneSyncer: updateFlag: com.google.android.finsky.regular, 81531400, 2, , TubeskyPurchase__enable_ui_refresh
07-02 18:51:19.932 20345  2090 D HeterodyneSyncer: updateFlag: com.google.android.finsky.regular, 81531400, 2, , TubeskyRapidInstallWhitelisting__allow_rapid_install_whitelist
07-02 18:51:19.933 20345  2090 D HeterodyneSyncer: updateFlag: com.google.android.finsky.regular, 81531400, 2, , UnauthUpdates__enable_unauth_manual_update
07-02 18:51:19.934 20345  2090 D HeterodyneSyncer: updateFlag: com.google.android.finsky.regular, 81531400, 2, , UnauthUpdates__enable_unauth_navigation_manager
07-02 18:51:19.934 20345  2090 D HeterodyneSyncer: updateFlag: com.google.android.finsky.regular, 81531400, 2, , Unicorn__enable_unicorn_account_identification
07-02 18:51:19.981  2118  2118 W Gmail   : AccountUtils:For b/73513912, load account content://com.android.gmail.ui/account.-2137146394 from MailAppProvider. Is account valid result: 1.
07-02 18:51:19.990 20345  2090 D HeterodyneSyncer: updateFlag: com.google.android.finsky.regular, 81531400, 2, , Unicorn__enable_unicorn_arc_provider
07-02 18:51:19.990  2118  2118 W Gmail   : AccountUtils:For b/73513912, load account content://com.google.android.gm.email.provider/account.-437561172?suppress_combined%3Dtrue from MailAppProvider. Is account valid result: 1.
07-02 18:51:19.995 26911 26911 I net.osmand: RoutingHelper Recalculate route, because correlation  : 214.74408039865548
07-02 18:51:19.995 26911 26911 I net.osmand: RoutingHelper Recalculate route, because wrong movement direction: 246.21614
07-02 18:51:20.001 26911 26911 I net.osmand: RoutingHelper Recalculate route, because correlation  : 214.74408039865548
07-02 18:51:20.007 26911 26911 I net.osmand: RoutingHelper Recalculate route, because correlation  : 214.74408039865548
07-02 18:51:20.007 26911 26911 I net.osmand: RoutingHelper Recalculate route, because wrong movement direction: 246.21614
07-02 18:51:20.016 20345  2090 D HeterodyneSyncer: updateFlag: com.google.android.finsky.regular, 81531400, 2, , UninstallManager__get_uninstall_recommendations
07-02 18:51:20.019 20345  2090 D HeterodyneSyncer: updateFlag: com.google.android.finsky.regular, 81531400, 2, , UninstallManager__get_uninstall_recommendations_in_popup
07-02 18:51:20.021 20345  2090 D HeterodyneSyncer: updateFlag: com.google.android.finsky.regular, 81531400, 2, , UninstallManager__uninstall_manager_preselect
07-02 18:51:20.081 20345  2090 D HeterodyneSyncer: updateFlag: com.google.android.finsky.regular, 81531400, 2, , UserLanguages__user_language_additional_per_app
07-02 18:51:20.090 20345  2090 D HeterodyneSyncer: updateFlag: com.google.android.finsky.regular, 81531400, 2, , UserLanguages__user_language_api_allow_iso
07-02 18:51:20.091 20345  2090 D HeterodyneSyncer: updateFlag: com.google.android.finsky.regular, 81531400, 2, , UserLanguages__user_language_change_early_install
07-02 18:51:20.093 20345  2090 D HeterodyneSyncer: updateFlag: com.google.android.finsky.regular, 81531400, 2, , WaitForWifiV2__enable_wait_for_wifi_v2
07-02 18:51:20.101 26911 26911 I net.osmand: RoutingHelper Recalculate route, because correlation  : 214.74408039865548
07-02 18:51:20.101 26911 26911 I net.osmand: RoutingHelper Recalculate route, because wrong movement direction: 246.21614
07-02 18:51:20.147 20345  2090 D HeterodyneSyncer: updateFlag: com.google.android.finsky.regular, 81531400, 2, , WaitForWifiV2__enable_wait_for_wifi_v2_logging
07-02 18:51:20.150 20345  2090 D HeterodyneSyncer: updateFlag: com.google.android.finsky.regular, 81531400, 2, , WearAutoUpdate__enable_unauth_auto_update_sys
07-02 18:51:20.152 20345  2090 D HeterodyneSyncer: updateFlag: com.google.android.finsky.regular, 81531400, 2, , WearHygieneOptimization__enable_wear_dependency_optimization
07-02 18:51:20.169 20345  2090 D HeterodyneSyncer: updateFlag: com.google.android.finsky.regular, 81531400, 2, , WearPaymentMultiAccount__enable_wear_payment_ah_amb
07-02 18:51:20.170 20345  2090 D HeterodyneSyncer: updateFlag: com.google.android.finsky.regular, 81531400, 2, , WearSupport__kill_switch_foreground_wear_update
07-02 18:51:20.171 20345  2090 D HeterodyneSyncer: updateFlag: com.google.android.finsky.regular, 81531400, 2, , WearSupport__kill_switch_wear_service
07-02 18:51:20.171 20345  2090 D HeterodyneSyncer: updateFlag: com.google.android.finsky.regular, 81531400, 2, , ZeroPrefixRecentSearchSuggestion__zero_prefix_recent_search_suggestion_count
07-02 18:51:20.184 20345  2090 D HeterodyneSyncer: updateFlag: com.google.android.finsky.regular, 81531400, 2, , ZeroRating__enable_zero_rating
07-02 18:51:20.191 20345  2090 D HeterodyneSyncer: update experiment token: com.google.android.finsky.stable, 81531400, 
07-02 18:51:20.223  1970  2138 I Auth    : [AccountStateSyncher] Skipping rename because the lookup contains the same email.
07-02 18:51:20.242 20345  2090 D HeterodyneSyncer: update application tag, changed: com.google.android.finsky.stable, 81531400, , 2
07-02 18:51:20.298 20345  2090 D HeterodyneSyncer: Clearing partition: 2
07-02 18:51:20.344 26911 26911 I net.osmand: RoutingHelper Recalculate route, because correlation  : 214.74408039865548
07-02 18:51:20.362 20345  2090 D HeterodyneSyncer: updateFlag: com.google.android.finsky.stable, 81531400, 2, , AutoUpdate__battery_relax_battery_percent_budget
07-02 18:51:20.363 20345  2090 D HeterodyneSyncer: updateFlag: com.google.android.finsky.stable, 81531400, 2, , AutoUpdate__battery_relax_num_apps_budget
07-02 18:51:20.365 20345  2090 D HeterodyneSyncer: updateFlag: com.google.android.finsky.stable, 81531400, 2, , AutoUpdate__enable_atomic_install_auto_update_stable
07-02 18:51:20.366 20345  2090 D HeterodyneSyncer: updateFlag: com.google.android.finsky.stable, 81531400, 2, , AutoUpdate__enable_atomic_install_content_sync_stable
07-02 18:51:20.380 20345  2090 D HeterodyneSyncer: updateFlag: com.google.android.finsky.stable, 81531400, 2, , AutoUpdate__enable_atomic_install_high_priority_update_stable
07-02 18:51:20.433 20345  2090 D HeterodyneSyncer: updateFlag: com.google.android.finsky.stable, 81531400, 2, , AutoUpdate__enable_atomic_install_organic_reboot_stable
07-02 18:51:20.434 20345  2090 D HeterodyneSyncer: updateFlag: com.google.android.finsky.stable, 81531400, 2, , AutoUpdate__enable_battery_relaxation
07-02 18:51:20.435 20345  2090 D HeterodyneSyncer: updateFlag: com.google.android.finsky.stable, 81531400, 2, , BackgroundLogProcessing__defer_logs_processing_on_bg_thread
07-02 18:51:20.436 20345  2090 D HeterodyneSyncer: updateFlag: com.google.android.finsky.stable, 81531400, 2, , CacheAndSync__enable_cache_and_sync_images
07-02 18:51:20.437 20345  2090 D HeterodyneSyncer: updateFlag: com.google.android.finsky.stable, 81531400, 2, , D30Vx__enable_actionbar_gifting
07-02 18:51:20.437 20345  2090 D HeterodyneSyncer: updateFlag: com.google.android.finsky.stable, 81531400, 2, , D30Vx__enable_d30_for_vx
07-02 18:51:20.448 20345  2090 D HeterodyneSyncer: updateFlag: com.google.android.finsky.stable, 81531400, 2, , DarkTheme__allow_dark_theme
07-02 18:51:20.450 20345  2090 D HeterodyneSyncer: updateFlag: com.google.android.finsky.stable, 81531400, 2, , DiskBasedCacheV2__enable_disk_based_cache_v2
07-02 18:51:20.451 20345  2090 D HeterodyneSyncer: updateFlag: com.google.android.finsky.stable, 81531400, 2, , DocKeyedCache__cache_performance_summary_save_delay_ms
07-02 18:51:20.451 20345  2090 D HeterodyneSyncer: updateFlag: com.google.android.finsky.stable, 81531400, 2, , DocKeyedCache__doc_keyed_cache_byte_array_only
07-02 18:51:20.452 20345  2090 D HeterodyneSyncer: updateFlag: com.google.android.finsky.stable, 81531400, 2, , DocKeyedCache__enable_cache_performance_summary_logging
07-02 18:51:20.453 20345  2090 D HeterodyneSyncer: updateFlag: com.google.android.finsky.stable, 81531400, 2, , DocKeyedCache__enable_item_cache_clearing
07-02 18:51:20.454 20345  2090 D HeterodyneSyncer: updateFlag: com.google.android.finsky.stable, 81531400, 2, , DocKeyedCache__enable_item_store_check_for_cache_and_sync
07-02 18:51:20.454 20345  2090 D HeterodyneSyncer: updateFlag: com.google.android.finsky.stable, 81531400, 2, , DocKeyedCache__enable_soft_reference_in_item_cache
07-02 18:51:20.455 20345  2090 D HeterodyneSyncer: updateFlag: com.google.android.finsky.stable, 81531400, 2, , DocKeyedCache__enable_title_module_get_items_validation
07-02 18:51:20.455 20345  2090 D HeterodyneSyncer: updateFlag: com.google.android.finsky.stable, 81531400, 2, , DocKeyedCache__item_cache_size_in_mb
07-02 18:51:20.456 20345  2090 D HeterodyneSyncer: updateFlag: com.google.android.finsky.stable, 81531400, 2, , DocKeyedCache__soft_ttl_in_millis
07-02 18:51:20.473 20345  2090 D HeterodyneSyncer: updateFlag: com.google.android.finsky.stable, 81531400, 2, , DownloadService__cronet_enable_herrevad_reporting
07-02 18:51:20.480 20345  2090 D HeterodyneSyncer: updateFlag: com.google.android.finsky.stable, 81531400, 2, , DownloadService__enable_download_service_in_installer
07-02 18:51:20.481 20345  2090 D HeterodyneSyncer: updateFlag: com.google.android.finsky.stable, 81531400, 2, , DownloadService__log_download_events_to_playlogs
07-02 18:51:20.483 20345  2090 D HeterodyneSyncer: updateFlag: com.google.android.finsky.stable, 81531400, 2, , DownloadService__network_stack
07-02 18:51:20.484 20345  2090 D HeterodyneSyncer: updateFlag: com.google.android.finsky.stable, 81531400, 2, , DownloadService__send_new_requests_to_download_service
07-02 18:51:20.485 20345  2090 D HeterodyneSyncer: updateFlag: com.google.android.finsky.stable, 81531400, 2, , DownloadService__send_new_split_install_requests_to_download_service
07-02 18:51:20.486 20345  2090 D HeterodyneSyncer: updateFlag: com.google.android.finsky.stable, 81531400, 2, , DownloadService__set_nocache_qos_when_idle
07-02 18:51:20.486 20345  2090 D HeterodyneSyncer: updateFlag: com.google.android.finsky.stable, 81531400, 2, , FlatCardLite__enable_flat_card_view_listing_small_lite
07-02 18:51:20.489 20345  2090 D HeterodyneSyncer: updateFlag: com.google.android.finsky.stable, 81531400, 2, , GooglePlayProtect__enable_gpp_home_in_phonesky
07-02 18:51:20.519 20345  2090 D HeterodyneSyncer: updateFlag: com.google.android.finsky.stable, 81531400, 2, , GooglePlayProtect__enable_gpp_suspended_play_app_android_notifications
07-02 18:51:20.520 20345  2090 D HeterodyneSyncer: updateFlag: com.google.android.finsky.stable, 81531400, 2, , GooglePlayProtect__enable_gpp_suspended_play_app_warnings
07-02 18:51:20.521 20345  2090 D HeterodyneSyncer: updateFlag: com.google.android.finsky.stable, 81531400, 2, , GooglePlayProtect__enable_new_gpp_security_summary_in_my_apps
07-02 18:51:20.525 20345  2090 D HeterodyneSyncer: updateFlag: com.google.android.finsky.stable, 81531400, 2, , ImageOptimizations__enable_parallel_decoding
07-02 18:51:20.527 20345  2090 D HeterodyneSyncer: updateFlag: com.google.android.finsky.stable, 81531400, 2, , ImageOptimizations__use_cached_larger_image
07-02 18:51:20.553 20345  2090 D HeterodyneSyncer: updateFlag: com.google.android.finsky.stable, 81531400, 2, , ImageOptimizations__use_custom_image_decoding
07-02 18:51:20.558 20345  2090 D HeterodyneSyncer: updateFlag: com.google.android.finsky.stable, 81531400, 2, , InstallApi__enable_arc_direct_push_install
07-02 18:51:20.581 20345  2090 D HeterodyneSyncer: updateFlag: com.google.android.finsky.stable, 81531400, 2, , Installer__enable_installer_installable_check
07-02 18:51:20.582 20345  2090 D HeterodyneSyncer: updateFlag: com.google.android.finsky.stable, 81531400, 2, , Installer__install_flow_logging_redesign
07-02 18:51:20.590 20345  2090 D HeterodyneSyncer: updateFlag: com.google.android.finsky.stable, 81531400, 2, , Installer__installer_start_delay_ms
07-02 18:51:20.591 20345  2090 D HeterodyneSyncer: updateFlag: com.google.android.finsky.stable, 81531400, 2, , Installer__override_constraints_for_same_reason
07-02 18:51:20.592 20345  2090 D HeterodyneSyncer: updateFlag: com.google.android.finsky.stable, 81531400, 2, , Installer__support_atomic_installs
07-02 18:51:20.605 20345  2090 D HeterodyneSyncer: updateFlag: com.google.android.finsky.stable, 81531400, 2, , Installer__support_install_existing_package_async
07-02 18:51:20.607 20345  2090 D HeterodyneSyncer: updateFlag: com.google.android.finsky.stable, 81531400, 2, , JankLogging__enable_jank_logging
07-02 18:51:20.609 20345  2090 D HeterodyneSyncer: updateFlag: com.google.android.finsky.stable, 81531400, 2, , JpkrHomepageRedesign__enable_jpkr_homepage_redesign_v1
