07-17 14:16:18.077 21823 21849 I net.osmand: MapRenderRepositories RENDER MAP: new request RotatedTileBox [lat=-5.072201666666667, lon=-42.77219166666667, rotate=0.0, density=2.625, zoom=17, mapDensity=3.9375, zoomAnimation=0.0, zoomFloatPart=0.0, cx=900, cy=1972, pixWidth=1800, pixHeight=2690]
07-17 14:16:18.126 21823 24998 I net.osmand:native: Routing calculated time distance 1313.539062
07-17 14:16:18.136 21823 21823 I net.osmand: RoutingHelper Recalculate route, because correlation  : 2310.557384142678
07-17 14:16:18.136 21823 21823 I net.osmand: RoutingHelper Recalculate route, because wrong movement direction: 2310.5574
07-17 14:16:18.193 21823 21849 I net.osmand:native: Route objects 83
07-17 14:16:18.193 21823 21849 I net.osmand:native: Ocean: no completed & incompleted coastlines 0
07-17 14:16:18.193 21823 21849 I net.osmand:native: Detailed coastlines = 0, basemap coastlines 0, ocean tile 0.000000. Detailed added 0, basemap processed 1, basemap added 0.
07-17 14:16:18.194 21823 21849 I net.osmand:native: Search : tree - read( 528), accept( 39), objs - visit( 2539), accept(142), in result(83) 
07-17 14:16:18.194 21823 21849 I net.osmand: MapRenderRepositories BLat=-5.074509263038635, TLat=-5.066491961479187, LLong=-42.7746467590332, RLong=-42.769744873046875, zoom=17
07-17 14:16:18.195 21823 21849 I net.osmand: MapRenderRepositories Native search: 117 ms 
07-17 14:16:18.217 21823 21849 I net.osmand:native: Creating SkBitmap in native w:1800 h:2690 s:7200 f:1!
07-17 14:16:18.217 21823 21849 I net.osmand:native: Row bytes for RGBA_8888 is 7200
07-17 14:16:18.218 21823 21849 I net.osmand:native: Locked 19368000 bytes at 0x85d00000
07-17 14:16:18.218 21823 21849 I net.osmand:native: Initializing rendering
07-17 14:16:18.219 21823 21849 I net.osmand:native: Rendering image
07-17 14:16:18.225 21823 21823 I net.osmand: RoutingHelper Recalculate route, because correlation  : 2310.557384142678
07-17 14:16:18.237 11993 11993 V mireo   : j: GPS.setNative: 1563387378000 | Location[fused -5.075983,-42.773438 hAcc=12 et=+1d9h11m3s568ms vel=0.0 bear=0.0 vAcc=??? sAcc=??? bAcc=???]
07-17 14:16:18.528 10586 13470 I WifiService: acquireWifiLock uid=10014 lockMode=2
07-17 14:16:18.587 21823 24998 I net.osmand: RoutePlannerFrontEnd Native routing took 51.419 seconds
07-17 14:16:18.612 21823 24998 I System.out: ROUTE : 
07-17 14:16:18.677 21823 24998 I net.osmand: RouteResultPreparation <test regions="" description="" best_percent="" vehicle="car" 
07-17 14:16:18.677 21823 24998 I net.osmand:   start_lat="-5.12851" start_lon="-42.79169" target_lat="-5.04329" target_lon="-42.76302"  routing_time="1313.54" loadedTiles="312" visitedSegments="83090" complete_distance="13719.05" complete_time="1002.87" >
07-17 14:16:18.677 21823 24998 I System.out: <test regions="" description="" best_percent="" vehicle="car" 
07-17 14:16:18.677 21823 24998 I System.out:   start_lat="-5.12851" start_lon="-42.79169" target_lat="-5.04329" target_lon="-42.76302"  routing_time="1313.54" loadedTiles="312" visitedSegments="83090" complete_distance="13719.05" complete_time="1002.87" >
07-17 14:16:18.677 21823 24998 I System.out: </test>
07-17 14:16:18.677 21823 24998 I System.out: <test regions="" description="" best_percent="" vehicle="car" 
07-17 14:16:18.677 21823 24998 I System.out:   start_lat="-5.12851" start_lon="-42.79169" target_lat="-5.04329" target_lon="-42.76302"  routing_time="1313.54" loadedTiles="312" visitedSegments="83090" complete_distance="13719.05" complete_time="1002.87" >
07-17 14:16:18.694 21823 21849 I net.osmand:native: Native ok (rendering 0, text 256 ms) 
07-17 14:16:18.694 21823 21849 I net.osmand:native:  (1776 points, 225 points inside, 144 of 170 objects visible)
07-17 14:16:18.694 21823 21849 I net.osmand:native: End Rendering image
07-17 14:16:18.694 21823 21849 I net.osmand:native: Native ok (init 0, rendering 0) 
07-17 14:16:18.694 10923 10923 I GeofencerStateMachine: sendNewTransitions called.
07-17 14:16:18.694 21823 21849 I net.osmand: MapRenderRepositories true
07-17 14:16:18.708 21823 24998 I net.osmand: RouteProvider Finding route contained 223 points for 51693 ms
07-17 14:16:18.716 21823 24998 I net.osmand: TTSCommandPlayerImpl Send message to pebble Rota recalculada 13 milhas tempo estimado de   28 minutos.  
07-17 14:16:18.716 21823 24998 D net.osmand: AbstractPrologCommandPlayer requestAudioFocus
07-17 14:16:18.717 21823 21823 D net.osmand: RoutingHelper Processed by distance : (new) 5942.51472215207 (old) 6946.212890625
07-17 14:16:18.716 21823 24998 W AudioManager: Use of stream types is deprecated for operations other than volume control
07-17 14:16:18.721 21823 24998 W AudioManager: See the documentation of requestAudioFocus() for what to use instead with android.media.AudioAttributes to qualify your playback use case
07-17 14:16:18.729 10586 11027 I zygote  : IncrementDisableThreadFlip blocked for 8.154ms
07-17 14:16:18.750 10586 13863 I MediaFocusControl: requestAudioFocus() from uid/pid 10104/21823 clientId=android.media.AudioManager@430dcd0net.osmand.plus.api.AudioFocusHelperImpl@1672a9c callingPack=net.osmand req=3 flags=0x0 sdk=26
07-17 14:16:18.754 21823 24998 D net.osmand: TTSCommandPlayerImpl ttsRequests=1
07-17 14:16:18.757 12314 12410 I TTS.GoogleTTSServiceImp: Synthesis request for locale por-BRA and name pt-BR-language
07-17 14:16:18.759 12314 12410 I TTS.GoogleTTSServiceImp: TTS dispatch: pt-br-x-afs-lstm-embedded
07-17 14:16:18.880 10586 11846 I WifiService: releaseWifiLock uid=10014
07-17 14:16:18.918 12314 12411 D AudioTrack: Client defaulted notificationFrames to 1365 for frameCount 4096
07-17 14:16:18.937 10586 13863 V MediaRouterService: restoreBluetoothA2dp(false)
07-17 14:16:18.942 10541 11931 W audio_hw_generic: Not supplying enough data to HAL, expected position 252933156 , only wrote 252933120
07-17 14:16:19.015 21823 21823 D net.osmand: RoutingHelper Processed by distance : (new) 5269.707695743987 (old) 5942.51472215207
07-17 14:16:19.079 21823 21823 D net.osmand: RoutingHelper Processed by distance : (new) 4724.447521695484 (old) 5269.707695743987
07-17 14:16:19.160 10923 10923 I GeofencerStateMachine: sendNewTransitions called.
07-17 14:16:19.163 10923 10923 I GeofencerStateMachine: sendNewLocationAvailability: availability=LocationAvailability[isLocationAvailable: true]
07-17 14:16:19.305 21823 21823 D net.osmand: RoutingHelper Processed by distance : (new) 4447.706915165584 (old) 4724.447521695484
07-17 14:16:19.362 11993 11993 V mireo   : j: GPS.setNative: 1563387378558 | Location[fused -5.075054,-42.773132 hAcc=13 et=+1d9h11m4s608ms vAcc=??? sAcc=??? bAcc=???]
07-17 14:16:19.445 21823 21823 D net.osmand: RoutingHelper Processed by distance : (new) 4020.1802117796487 (old) 4447.706915165584
07-17 14:16:19.471 10541 11931 W audio_hw_generic: Hardware backing HAL too slow, could only write 0 of 720 frames
07-17 14:16:19.486 10541 11931 W audio_hw_generic: Hardware backing HAL too slow, could only write 0 of 720 frames
07-17 14:16:19.556 21823 21823 D net.osmand: RoutingHelper Processed by distance : (new) 3172.927311665836 (old) 4020.1802117796487
07-17 14:16:19.724 21823 21823 D net.osmand: RoutingHelper Processed by distance : (new) 2610.5014585464346 (old) 3172.927311665836
07-17 14:16:19.887 21823 21823 D net.osmand: RoutingHelper Processed by distance : (new) 2451.9925422456604 (old) 2610.5014585464346
07-17 14:16:19.976 21823 21823 I net.osmand: RoutingHelper Recalculate route, because correlation  : 2451.9925422456604
07-17 14:16:19.976 21823 21823 I net.osmand: RoutingHelper Recalculate route, because wrong movement direction: 2451.9924
07-17 14:16:19.976 21823 21823 W MaterialProgressBar: Current drawable is not a MaterialProgressDrawable, you may want to set app:mpb_setBothDrawables
07-17 14:16:19.984 10586 10586 W NotificationService: Removed summary didn't match old notification: old=0|net.osmand|100|null|10104, removed=0|net.osmand|100|null|10104
07-17 14:16:19.988 10586 10595 I zygote  : Background concurrent copying GC freed 133710(4MB) AllocSpace objects, 24(1248KB) LOS objects, 18% free, 27MB/33MB, paused 1.076ms total 1.270s
07-17 14:16:19.990 21823 21850 I net.osmand: MapRenderRepositories RENDER MAP: update due to tile box
07-17 14:16:19.990 21823 21850 I net.osmand: MapRenderRepositories RENDER MAP: Interrupt rendering map
07-17 14:16:20.013 21823 25044 I net.osmand: RouteProvider Start finding route from Location[mProvider=gps,mTime=1563387379000,mLatitude=-5.069546666666667,mLongitude=-42.77137333333334,mHasAltitude=false,mAltitude=0.0,mHasSpeed=true,mSpeed=0.0,mHasBearing=true,mBearing=0.0,mHasAccuracy=true,mAccuracy=20.0,mHasVerticalAccuracy=false,mVerticalAccuracy=0.0 to Lat -5.0432887 Lon -42.76302 using OsmAnd (offline)
07-17 14:16:20.015 21823 25044 W net.osmand: RouteProvider Use 332 MB Free 1.3321304 of 35.699547 max 384.0
07-17 14:16:20.007 10586 10586 I chatty  : uid=1000 system_server identical 3 lines
07-17 14:16:20.008 10586 10586 W NotificationService: Removed summary didn't match old notification: old=0|net.osmand|100|null|10104, removed=0|net.osmand|100|null|10104
07-17 14:16:20.147 10586 13863 E NotificationService: Package enqueue rate is 5.697654. Shedding 0|net.osmand|100|null|10104. package=net.osmand
07-17 14:16:20.187 21823 21823 I net.osmand: RoutingHelper Recalculate route, because correlation  : 2451.9925422456604
07-17 14:16:20.191 21823 21850 I net.osmand: MapRenderRepositories RENDER MAP: update due to tile box
07-17 14:16:20.191 21823 21850 I net.osmand: MapRenderRepositories RENDER MAP: Interrupt rendering map
07-17 14:16:20.202 21823 21849 I net.osmand: MapRenderRepositories RENDER MAP: new request RotatedTileBox [lat=-5.069546666666667, lon=-42.77137333333334, rotate=0.0, density=2.625, zoom=17, mapDensity=3.9375, zoomAnimation=0.0, zoomFloatPart=0.0, cx=900, cy=1972, pixWidth=1800, pixHeight=2690]
07-17 14:16:20.367 11993 11993 V mireo   : j: GPS.setNative: 1563387380000 | Location[fused -5.071648,-42.772052 hAcc=12 et=+1d9h11m5s847ms vel=0.0 bear=0.0 vAcc=??? sAcc=??? bAcc=???]
07-17 14:16:20.379 21823 21849 I net.osmand:native: Route objects 99
07-17 14:16:20.379 21823 21849 I net.osmand:native: Ocean: no completed & incompleted coastlines 0
07-17 14:16:20.379 21823 21849 I net.osmand:native: Detailed coastlines = 0, basemap coastlines 0, ocean tile 0.000000. Detailed added 0, basemap processed 1, basemap added 0.
07-17 14:16:20.380 21823 21849 I net.osmand:native: Search : tree - read( 488), accept( 40), objs - visit( 2619), accept(158), in result(99) 
07-17 14:16:20.380 21823 21849 I net.osmand: MapRenderRepositories BLat=-5.071860074996948, TLat=-5.063819169998169, LLong=-42.77383041381836, RLong=-42.768917083740234, zoom=17
07-17 14:16:20.380 21823 21849 I net.osmand: MapRenderRepositories Native search: 174 ms 
07-17 14:16:20.410 21823 21849 I net.osmand:native: Creating SkBitmap in native w:1800 h:2690 s:7200 f:1!
07-17 14:16:20.410 21823 21849 I net.osmand:native: Row bytes for RGBA_8888 is 7200
07-17 14:16:20.411 21823 21849 I net.osmand:native: Locked 19368000 bytes at 0x84900000
07-17 14:16:20.411 21823 21849 I net.osmand:native: Initializing rendering
07-17 14:16:20.418 21823 21849 I net.osmand:native: Rendering image
07-17 14:16:20.435 21823 21823 I net.osmand: RoutingHelper Recalculate route, because correlation  : 2451.9925422456604
07-17 14:16:20.435 21823 21823 I net.osmand: RoutingHelper Recalculate route, because wrong movement direction: 2451.9924
07-17 14:16:20.440 21823 21823 I net.osmand: RoutingHelper Recalculate route, because correlation  : 2451.9925422456604
07-17 14:16:20.447 21823 21823 D net.osmand: RoutingHelper Processed by distance : (new) 2606.1052749878927 (old) 2608.567513734724
07-17 14:16:20.587 21823 21823 I net.osmand: RoutingHelper Recalculate route, because correlation  : 2606.1052749878927
07-17 14:16:20.587 21823 21823 I net.osmand: RoutingHelper Recalculate route, because wrong movement direction: 2606.1052
07-17 14:16:20.591 21823 21823 I net.osmand: RoutingHelper Recalculate route, because correlation  : 2606.1052749878927
07-17 14:16:20.593 21823 21823 I Choreographer: Skipped 36 frames!  The application may be doing too much work on its main thread.
07-17 14:16:20.600 21823 21823 I net.osmand: RoutingHelper Recalculate route, because correlation  : 2606.1052749878927
07-17 14:16:20.600 21823 21823 I net.osmand: RoutingHelper Recalculate route, because wrong movement direction: 2606.1052
07-17 14:16:20.603 21823 21850 I net.osmand: MapRenderRepositories RENDER MAP: update due to tile box
07-17 14:16:20.606 21823 21850 I net.osmand: MapRenderRepositories RENDER MAP: Interrupt rendering map
07-17 14:16:20.638 21823 21849 I net.osmand:native: Native ok (rendering 218, text 0 ms) 
07-17 14:16:20.638 21823 21849 I net.osmand:native:  (1388 points, 131 points inside, 71 of 85 objects visible)
07-17 14:16:20.638 21823 21849 I net.osmand:native: End Rendering image
07-17 14:16:20.638 21823 21849 I net.osmand:native: Native ok (init 8, rendering 218) 
07-17 14:16:20.652 21823 21823 I net.osmand: RoutingHelper Recalculate route, because correlation  : 2606.1052749878927
07-17 14:16:20.686 21823 21849 I net.osmand: MapRenderRepositories true
07-17 14:16:20.688 21823 21849 I net.osmand: MapRenderRepositories RENDER MAP: new request RotatedTileBox [lat=-5.066893333333334, lon=-42.770553333333325, rotate=0.0, density=2.625, zoom=17, mapDensity=3.9375, zoomAnimation=0.0, zoomFloatPart=0.0, cx=900, cy=1972, pixWidth=1800, pixHeight=2690]
07-17 14:16:20.955 10541 11931 W audio_hw_generic: Not supplying enough data to HAL, expected position 253029731 , only wrote 253029600
07-17 14:16:20.955 10541 11931 W audio_hw_generic: Not supplying enough data to HAL, expected position 253029611 , only wrote 253029600
07-17 14:16:20.972 10541 11931 W audio_hw_generic: Not supplying enough data to HAL, expected position 253030374 , only wrote 253030320
07-17 14:16:20.984 10536 10570 D AudioFlinger: mixer(0xb2483f00) throttle end: throttle time(12)
07-17 14:16:21.104 21823 25044 I net.osmand:native: Start point was found 329229390 [Native]
07-17 14:16:21.128 21823 21849 I net.osmand:native: Route objects 74
07-17 14:16:21.128 21823 21849 I net.osmand:native: Ocean: no completed & incompleted coastlines 0
07-17 14:16:21.128 21823 21849 I net.osmand:native: Detailed coastlines = 0, basemap coastlines 0, ocean tile 0.000000. Detailed added 0, basemap processed 1, basemap added 0.
07-17 14:16:21.129 21823 21849 I net.osmand:native: Search : tree - read( 488), accept( 38), objs - visit( 2539), accept(133), in result(74) 
07-17 14:16:21.129 21823 21849 I net.osmand: MapRenderRepositories BLat=-5.069209814071655, TLat=-5.061168909072876, LLong=-42.773006439208984, RLong=-42.76810073852539, zoom=17
07-17 14:16:21.129 21823 21849 I net.osmand: MapRenderRepositories Native search: 441 ms 
07-17 14:16:21.165 21823 21849 I net.osmand:native: Creating SkBitmap in native w:1800 h:2690 s:7200 f:1!
07-17 14:16:21.165 21823 21849 I net.osmand:native: Row bytes for RGBA_8888 is 7200
07-17 14:16:21.165 21823 21849 I net.osmand:native: Locked 19368000 bytes at 0x85d00000
07-17 14:16:21.165 21823 21849 I net.osmand:native: Initializing rendering
07-17 14:16:21.167 21823 21849 I net.osmand:native: Rendering image
07-17 14:16:21.200 21823 25044 I net.osmand:native: End point was found 412839615 [Native]
07-17 14:16:21.383 11993 11993 V mireo   : j: GPS.setNative: 1563387381000 | Location[fused -5.069584,-42.771407 hAcc=12 et=+1d9h11m7s170ms vel=0.0 vAcc=??? sAcc=??? bAcc=???]
07-17 14:16:21.525 21823 21823 D net.osmand: RoutingHelper Processed by distance : (new) 2784.260774967392 (old) 2785.963463375216
07-17 14:16:21.613 21823 21823 I net.osmand: RoutingHelper Recalculate route, because correlation  : 2784.260774967392
07-17 14:16:21.613 21823 21823 I net.osmand: RoutingHelper Recalculate route, because wrong movement direction: 2784.2607
07-17 14:16:21.615 21823 21850 I net.osmand: MapRenderRepositories RENDER MAP: update due to tile box
07-17 14:16:21.615 21823 21850 I net.osmand: MapRenderRepositories RENDER MAP: Interrupt rendering map
07-17 14:16:21.623 21823 21849 I net.osmand:native: Native ok (rendering 0, text 229 ms) 
07-17 14:16:21.623 21823 21849 I net.osmand:native:  (2088 points, 199 points inside, 134 of 154 objects visible)
07-17 14:16:21.624 21823 21849 I net.osmand:native: End Rendering image
07-17 14:16:21.624 21823 21849 I net.osmand:native: Native ok (init 1, rendering 0) 
07-17 14:16:21.624 21823 21849 I net.osmand: MapRenderRepositories true
07-17 14:16:21.624 21823 21849 I net.osmand: MapRenderRepositories RENDER MAP: new request RotatedTileBox [lat=-5.064238333333334, lon=-42.769735000000004, rotate=0.0, density=2.625, zoom=17, mapDensity=3.9375, zoomAnimation=0.0, zoomFloatPart=0.0, cx=900, cy=1972, pixWidth=1800, pixHeight=2690]
07-17 14:16:21.758 21823 21849 I net.osmand:native: Route objects 64
07-17 14:16:21.758 21823 21849 I net.osmand:native: Ocean: no completed & incompleted coastlines 0
07-17 14:16:21.758 21823 21849 I net.osmand:native: Detailed coastlines = 0, basemap coastlines 0, ocean tile 0.000000. Detailed added 0, basemap processed 1, basemap added 0.
07-17 14:16:21.758 21823 21849 I net.osmand:native: Search : tree - read( 528), accept( 40), objs - visit( 2579), accept(123), in result(64) 
07-17 14:16:21.759 21823 21849 I net.osmand: MapRenderRepositories BLat=-5.066559076309204, TLat=-5.058518171310425, LLong=-42.77219009399414, RLong=-42.76728820800781, zoom=17
07-17 14:16:21.759 21823 21849 I net.osmand: MapRenderRepositories Native search: 134 ms 
07-17 14:16:21.767 21823 21849 I net.osmand:native: Creating SkBitmap in native w:1800 h:2690 s:7200 f:1!
07-17 14:16:21.768 21823 21849 I net.osmand:native: Row bytes for RGBA_8888 is 7200
07-17 14:16:21.779 21823 21849 I net.osmand:native: Locked 19368000 bytes at 0x84900000
07-17 14:16:21.779 21823 21849 I net.osmand:native: Initializing rendering
07-17 14:16:21.780 21823 21849 I net.osmand:native: Rendering image
07-17 14:16:21.784 21823 21823 I net.osmand: RoutingHelper Recalculate route, because correlation  : 2784.260774967392
07-17 14:16:22.013 10541 11931 W audio_hw_generic: Hardware backing HAL too slow, could only write 0 of 720 frames
07-17 14:16:22.031 21823 21823 I net.osmand: RoutingHelper Recalculate route, because correlation  : 2784.260774967392
07-17 14:16:22.032 21823 21823 I net.osmand: RoutingHelper Recalculate route, because wrong movement direction: 2784.2607
07-17 14:16:22.186 21823 21823 I net.osmand: RoutingHelper Recalculate route, because correlation  : 2784.260774967392
07-17 14:16:22.186 21823 21823 I net.osmand: RoutingHelper Recalculate route, because wrong movement direction: 2784.2607
07-17 14:16:22.469 10923 10923 I GeofencerStateMachine: sendNewLocationAvailability: availability=LocationAvailability[isLocationAvailable: true]
07-17 14:16:22.498 21823 21823 D net.osmand: RoutingHelper Processed by distance : (new) 2976.2354775826107 (old) 2977.8586571418296
07-17 14:16:22.546 10686 10686 I Choreographer: Skipped 31 frames!  The application may be doing too much work on its main thread.
07-17 14:16:22.573 21823 21823 I net.osmand: RoutingHelper Recalculate route, because correlation  : 2976.2354775826107
07-17 14:16:22.573 21823 21823 I net.osmand: RoutingHelper Recalculate route, because wrong movement direction: 2976.2356
07-17 14:16:22.575 21823 21850 I net.osmand: MapRenderRepositories RENDER MAP: update due to tile box
07-17 14:16:22.577 21823 21850 I net.osmand: MapRenderRepositories RENDER MAP: Interrupt rendering map
07-17 14:16:22.581 11993 11993 V mireo   : j: GPS.setNative: 1563387382000 | Location[fused -5.068100,-42.770943 hAcc=12 et=+1d9h11m8s5ms vel=0.0 bear=0.0 vAcc=??? sAcc=??? bAcc=???]
07-17 14:16:22.584 21823 21849 I net.osmand:native: Native ok (rendering 0, text 299 ms) 
07-17 14:16:22.584 21823 21849 I net.osmand:native:  (2025 points, 200 points inside, 115 of 132 objects visible)
07-17 14:16:22.584 21823 21849 I net.osmand:native: End Rendering image
07-17 14:16:22.584 21823 21849 I net.osmand:native: Native ok (init 1, rendering 0) 
07-17 14:16:22.585 21823 21849 I net.osmand: MapRenderRepositories true
07-17 14:16:22.587 21823 21849 I net.osmand: MapRenderRepositories RENDER MAP: new request RotatedTileBox [lat=-5.061585, lon=-42.768915, rotate=0.0, density=2.625, zoom=17, mapDensity=3.9375, zoomAnimation=0.0, zoomFloatPart=0.0, cx=900, cy=1972, pixWidth=1800, pixHeight=2690]
07-17 14:16:22.675 21823 21823 I net.osmand: RoutingHelper Recalculate route, because correlation  : 2976.2354775826107
07-17 14:16:22.820 21823 21849 I net.osmand:native: Route objects 49
07-17 14:16:22.821 21823 21849 I net.osmand:native: Ocean: no completed & incompleted coastlines 0
07-17 14:16:22.821 21823 21849 I net.osmand:native: Detailed coastlines = 0, basemap coastlines 0, ocean tile 0.000000. Detailed added 0, basemap processed 1, basemap added 0.
07-17 14:16:22.842 21823 21849 I net.osmand:native: Search : tree - read( 528), accept( 41), objs - visit( 2619), accept(108), in result(49) 
07-17 14:16:22.843 21823 21849 I net.osmand: MapRenderRepositories BLat=-5.063908815383911, TLat=-5.055867910385132, LLong=-42.7713623046875, RLong=-42.76646041870117, zoom=17
07-17 14:16:22.843 21823 21849 I net.osmand: MapRenderRepositories Native search: 255 ms 
07-17 14:16:22.848 21823 21849 I net.osmand:native: Creating SkBitmap in native w:1800 h:2690 s:7200 f:1!
07-17 14:16:22.848 21823 21849 I net.osmand:native: Row bytes for RGBA_8888 is 7200
07-17 14:16:22.848 21823 21849 I net.osmand:native: Locked 19368000 bytes at 0x85d00000
07-17 14:16:22.848 21823 21849 I net.osmand:native: Initializing rendering
07-17 14:16:22.849 21823 21849 I net.osmand:native: Rendering image
07-17 14:16:22.895 10541 11931 W audio_hw_generic: Hardware backing HAL too slow, could only write 0 of 720 frames
07-17 14:16:22.995 10586 10586 W NotificationService: Removed summary didn't match old notification: old=0|net.osmand|100|null|10104, removed=0|net.osmand|100|null|10104
07-17 14:16:22.910 10541 11931 W audio_hw_generic: Hardware backing HAL too slow, could only write 0 of 720 frames
07-17 14:16:23.183 21823 21823 I net.osmand: RoutingHelper Recalculate route, because correlation  : 2976.2354775826107
07-17 14:16:23.184 21823 21823 I net.osmand: RoutingHelper Recalculate route, because wrong movement direction: 2976.2356
07-17 14:16:23.240 10536 10570 D AudioFlinger: mixer(0xb2483f00) throttle end: throttle time(12)
07-17 14:16:23.350 21823 21823 I net.osmand: RoutingHelper Recalculate route, because correlation  : 2976.2354775826107
07-17 14:16:23.351 21823 21823 I net.osmand: RoutingHelper Recalculate route, because correlation  : 2784.260774967392
07-17 14:16:23.351 21823 21823 I net.osmand: RoutingHelper Recalculate route, because wrong movement direction: 2785.4329
07-17 14:16:23.361 21823 21823 I net.osmand: RoutingHelper Recalculate route, because correlation  : 2784.260774967392
07-17 14:16:23.473 21823 21850 I net.osmand: MapRenderRepositories RENDER MAP: update due to tile box
07-17 14:16:23.473 21823 21850 I net.osmand: MapRenderRepositories RENDER MAP: Interrupt rendering map
07-17 14:16:23.482 21823 21849 I net.osmand:native: Native ok (rendering 632, text 0 ms) 
07-17 14:16:23.482 21823 21849 I net.osmand:native:  (1942 points, 162 points inside, 91 of 100 objects visible)
07-17 14:16:23.482 21823 21849 I net.osmand:native: End Rendering image
07-17 14:16:23.482 21823 21849 I net.osmand:native: Native ok (init 1, rendering 632) 
07-17 14:16:23.483 21823 21849 I net.osmand: MapRenderRepositories true
07-17 14:16:23.483 21823 21849 I net.osmand: MapRenderRepositories RENDER MAP: new request RotatedTileBox [lat=-5.064238333333334, lon=-42.769735000000004, rotate=0.0, density=2.625, zoom=17, mapDensity=3.9375, zoomAnimation=0.0, zoomFloatPart=0.0, cx=900, cy=1972, pixWidth=1800, pixHeight=2690]
07-17 14:16:23.594 11993 11993 V mireo   : j: GPS.setNative: 1563387384000 | Location[fused -5.065729,-42.770203 hAcc=12 et=+1d9h11m9s268ms vel=0.0 vAcc=??? sAcc=??? bAcc=???]
07-17 14:16:23.657 10686 10686 I Choreographer: Skipped 54 frames!  The application may be doing too much work on its main thread.
07-17 14:16:23.725 10586 11846 I WifiService: acquireWifiLock uid=10014 lockMode=2
07-17 14:16:23.827 21823 21849 I net.osmand:native: Route objects 64
07-17 14:16:23.827 21823 21849 I net.osmand:native: Ocean: no completed & incompleted coastlines 0
07-17 14:16:23.827 21823 21849 I net.osmand:native: Detailed coastlines = 0, basemap coastlines 0, ocean tile 0.000000. Detailed added 0, basemap processed 1, basemap added 0.
07-17 14:16:23.828 21823 21849 I net.osmand:native: Search : tree - read( 528), accept( 40), objs - visit( 2579), accept(123), in result(64) 
07-17 14:16:23.828 21823 21849 I net.osmand: MapRenderRepositories BLat=-5.066559076309204, TLat=-5.058518171310425, LLong=-42.77219009399414, RLong=-42.76728820800781, zoom=17
07-17 14:16:23.828 21823 21849 I net.osmand: MapRenderRepositories Native search: 345 ms 
07-17 14:16:23.829 10586 10599 E memtrack: Couldn't load memtrack module
07-17 14:16:23.829 10586 10599 W android.os.Debug: failed to get memory consumption info: -1
07-17 14:16:23.898 21823 21849 I net.osmand:native: Creating SkBitmap in native w:1800 h:2690 s:7200 f:1!
07-17 14:16:23.899 21823 21849 I net.osmand:native: Row bytes for RGBA_8888 is 7200
07-17 14:16:23.899 21823 21849 I net.osmand:native: Locked 19368000 bytes at 0x84900000
07-17 14:16:23.899 21823 21849 I net.osmand:native: Initializing rendering
07-17 14:16:23.916 21823 21849 I net.osmand:native: Rendering image
07-17 14:16:24.033 21823 21833 I zygote  : Background concurrent copying GC freed 303138(8MB) AllocSpace objects, 4(64KB) LOS objects, 15% free, 32MB/38MB, paused 8.006ms total 3.865s
07-17 14:16:24.262 10686 10707 I zygote  : Background concurrent copying GC freed 140800(5MB) AllocSpace objects, 0(0B) LOS objects, 30% free, 13MB/19MB, paused 90.356ms total 2.227s
07-17 14:16:24.333 12314 12411 D AudioTrack: stop() called with 116820 frames delivered
07-17 14:16:23.048 10586 10586 W NotificationService: Removed summary didn't match old notification: old=0|net.osmand|100|null|10104, removed=0|net.osmand|100|null|10104
07-17 14:16:24.336 10586 13470 V MediaRouterService: restoreBluetoothA2dp(false)
07-17 14:16:24.341 21823 21834 D net.osmand: AbstractPrologCommandPlayer abandonAudioFocus
07-17 14:16:24.342 10586 13470 I MediaFocusControl: abandonAudioFocus() from uid/pid 10104/21823 clientId=android.media.AudioManager@430dcd0net.osmand.plus.api.AudioFocusHelperImpl@1672a9c
07-17 14:16:24.343 21823 21834 D net.osmand: TTSCommandPlayerImpl ttsRequests=0
07-17 14:16:24.408 11993 12003 I zygote  : Background concurrent copying GC freed 55319(2MB) AllocSpace objects, 9(180KB) LOS objects, 50% free, 2MB/4MB, paused 27.263ms total 464.038ms
07-17 14:16:24.527 21823 21849 I net.osmand:native: Native ok (rendering 0, text 341 ms) 
07-17 14:16:24.527 21823 21849 I net.osmand:native:  (2025 points, 200 points inside, 115 of 132 objects visible)
07-17 14:16:24.528 21823 21849 I net.osmand:native: End Rendering image
07-17 14:16:24.528 21823 21849 I net.osmand:native: Native ok (init 18, rendering 0) 
07-17 14:16:24.532 10923 25025 W cdcv    : [{0}] Failed to resolve name. status={1}
07-17 14:16:24.546 21823 21849 I net.osmand: MapRenderRepositories true
07-17 14:16:24.629 10541 11931 W audio_hw_generic: Hardware backing HAL too slow, could only write 0 of 720 frames
07-17 14:16:24.644 10541 11931 I chatty  : uid=1041(audioserver) writer identical 1 line
07-17 14:16:24.659 10541 11931 W audio_hw_generic: Hardware backing HAL too slow, could only write 0 of 720 frames
07-17 14:16:25.116 10923 10923 I GeofencerStateMachine: sendNewTransitions called.
07-17 14:16:25.174 21823 21823 I net.osmand: RoutingHelper Recalculate route, because correlation  : 3018.1675183700663
07-17 14:16:25.174 21823 21823 I net.osmand: RoutingHelper Recalculate route, because wrong movement direction: 3018.1675
07-17 14:16:25.177 21823 21850 I net.osmand: MapRenderRepositories RENDER MAP: update due to tile box
07-17 14:16:25.177 21823 21850 I net.osmand: MapRenderRepositories RENDER MAP: Interrupt rendering map
07-17 14:16:25.234 10923 10923 I GeofencerStateMachine: sendNewTransitions called.
07-17 14:16:25.302 21823 21849 I net.osmand: MapRenderRepositories RENDER MAP: new request RotatedTileBox [lat=-5.061036666666666, lon=-42.76874666666666, rotate=0.0, density=2.625, zoom=17, mapDensity=3.9375, zoomAnimation=0.0, zoomFloatPart=0.0, cx=900, cy=1972, pixWidth=1800, pixHeight=2690]
07-17 14:16:25.320 21823 21850 I net.osmand: MapRenderRepositories RENDER MAP: update due to tile box
07-17 14:16:25.321 21823 21850 I net.osmand: MapRenderRepositories RENDER MAP: Interrupt rendering map
07-17 14:16:25.355 10923 25025 W cdcv    : [{0}] Failed to resolve name. status={1}
07-17 14:16:25.469 21823 21849 I net.osmand:native: Route objects 48
07-17 14:16:25.469 21823 21849 I net.osmand:native: Ocean: no completed & incompleted coastlines 0
07-17 14:16:25.469 21823 21849 I net.osmand:native: Detailed coastlines = 0, basemap coastlines 0, ocean tile 0.000000. Detailed added 0, basemap processed 1, basemap added 0.
07-17 14:16:25.470 21823 21849 I net.osmand:native: Search : tree - read( 528), accept( 41), objs - visit( 2619), accept(107), in result(48) 
07-17 14:16:25.485 21823 21849 I net.osmand: MapRenderRepositories RENDER MAP: new request RotatedTileBox [lat=-5.061036666666666, lon=-42.76874666666666, rotate=0.0, density=2.625, zoom=17, mapDensity=3.9375, zoomAnimation=0.0, zoomFloatPart=0.0, cx=900, cy=1972, pixWidth=1800, pixHeight=2690]
07-17 14:16:25.489 21823 21823 I net.osmand: RoutingHelper Recalculate route, because correlation  : 3018.1675183700663
07-17 14:16:25.548 10541 11931 W audio_hw_generic: Not supplying enough data to HAL, expected position 253249996 , only wrote 253249920
07-17 14:16:25.549 10541 11931 W audio_hw_generic: Not supplying enough data to HAL, expected position 253249949 , only wrote 253249920
07-17 14:16:25.565 10541 11931 W audio_hw_generic: Not supplying enough data to HAL, expected position 253250719 , only wrote 253250640
07-17 14:16:25.582 10923 10923 I GeofencerStateMachine: sendNewLocationAvailability: availability=LocationAvailability[isLocationAvailable: true]
07-17 14:16:25.652 11993 11993 V mireo   : j: GPS.setNative: 1563387385000 | Location[fused -5.064436,-42.769802 hAcc=12 et=+1d9h11m11s6ms vel=0.0 vAcc=??? sAcc=??? bAcc=???]
07-17 14:16:25.676 21823 21849 I net.osmand:native: Route objects 48
07-17 14:16:25.677 21823 21849 I net.osmand:native: Ocean: no completed & incompleted coastlines 0
07-17 14:16:25.677 21823 21849 I net.osmand:native: Detailed coastlines = 0, basemap coastlines 0, ocean tile 0.000000. Detailed added 0, basemap processed 1, basemap added 0.
07-17 14:16:25.677 21823 21849 I net.osmand:native: Search : tree - read( 528), accept( 41), objs - visit( 2619), accept(107), in result(48) 
07-17 14:16:25.678 21823 21849 I net.osmand: MapRenderRepositories BLat=-5.0633533000946045, TLat=-5.055312395095825, LLong=-42.771202087402344, RLong=-42.766300201416016, zoom=17
07-17 14:16:25.678 21823 21849 I net.osmand: MapRenderRepositories Native search: 193 ms 
07-17 14:16:25.710 21823 21849 I net.osmand:native: Creating SkBitmap in native w:1800 h:2690 s:7200 f:1!
07-17 14:16:25.710 21823 21849 I net.osmand:native: Row bytes for RGBA_8888 is 7200
07-17 14:16:25.710 21823 21849 I net.osmand:native: Locked 19368000 bytes at 0x85d00000
07-17 14:16:25.710 21823 21849 I net.osmand:native: Initializing rendering
07-17 14:16:25.712 21823 21849 I net.osmand:native: Rendering image
07-17 14:16:25.757 21823 21823 I net.osmand: RoutingHelper Recalculate route, because correlation  : 3018.1675183700663
07-17 14:16:25.757 21823 21823 I net.osmand: RoutingHelper Recalculate route, because wrong movement direction: 3018.1675
07-17 14:16:25.843 10923 10934 I zygote  : Background concurrent copying GC freed 153905(5MB) AllocSpace objects, 0(0B) LOS objects, 40% free, 8MB/14MB, paused 13.159ms total 744.474ms
07-17 14:16:25.884 11993 11993 V mireo   : j: GPS.setNative: 1563387386000 | Location[fused -5.063500,-42.769511 hAcc=12 et=+1d9h11m11s601ms vel=0.0 bear=0.0 vAcc=??? sAcc=??? bAcc=???]
07-17 14:16:25.898 21823 21823 I net.osmand: RoutingHelper Recalculate route, because correlation  : 3018.1675183700663
07-17 14:16:26.102 21823 21849 I net.osmand:native: Native ok (rendering 13, text 251 ms) 
07-17 14:16:26.102 21823 21849 I net.osmand:native:  (2085 points, 174 points inside, 92 of 102 objects visible)
07-17 14:16:26.102 21823 21849 I net.osmand:native: End Rendering image
07-17 14:16:26.103 21823 21849 I net.osmand:native: Native ok (init 1, rendering 13) 
07-17 14:16:26.113 21823 21849 I net.osmand: MapRenderRepositories true
07-17 14:16:26.117 21823 21823 I net.osmand: RoutingHelper Recalculate route, because correlation  : 3018.1675183700663
07-17 14:16:26.117 21823 21823 I net.osmand: RoutingHelper Recalculate route, because wrong movement direction: 3018.1675
07-17 14:16:26.228 21823 21823 I net.osmand: RoutingHelper Recalculate route, because correlation  : 3018.1675183700663
07-17 14:16:26.285 21823 25044 W net.osmand:native: [Native] Result visited (visited roads 3899, visited segments 3034 / 1907 , queue sizes 1613 / 714 ) 
07-17 14:16:26.285 21823 25044 W net.osmand:native: [Native] Result timing (time to load 0, time to calc 5082, loaded tiles 57) 
07-17 14:16:26.285 21823 25044 W net.osmand:native: [Native] Memory occupied (Routing context 1455 Kb, search 95 Kb)
07-17 14:16:26.310 21823 25044 I net.osmand:native: Routing calculated time distance 376.879456
07-17 14:16:26.398 21823 25044 I net.osmand: RoutePlannerFrontEnd Native routing took 5.667 seconds
07-17 14:16:26.413 21823 25044 I System.out: ROUTE : 
07-17 14:16:26.413 21823 25044 I net.osmand: RouteResultPreparation <test regions="" description="" best_percent="" vehicle="car" 
07-17 14:16:26.413 21823 25044 I net.osmand:   start_lat="-5.06955" start_lon="-42.77137" target_lat="-5.04329" target_lon="-42.76302"  routing_time="376.88" loadedTiles="57" visitedSegments="3899" complete_distance="3696.42" complete_time="335.21" >
07-17 14:16:26.415 21823 25044 I System.out: <test regions="" description="" best_percent="" vehicle="car" 
07-17 14:16:26.415 21823 25044 I System.out:   start_lat="-5.06955" start_lon="-42.77137" target_lat="-5.04329" target_lon="-42.76302"  routing_time="376.88" loadedTiles="57" visitedSegments="3899" complete_distance="3696.42" complete_time="335.21" >
07-17 14:16:26.415 21823 25044 I System.out: </test>
07-17 14:16:26.415 21823 25044 I System.out: <test regions="" description="" best_percent="" vehicle="car" 
07-17 14:16:26.415 21823 25044 I System.out:   start_lat="-5.06955" start_lon="-42.77137" target_lat="-5.04329" target_lon="-42.76302"  routing_time="376.88" loadedTiles="57" visitedSegments="3899" complete_distance="3696.42" complete_time="335.21" >
07-17 14:16:26.417 21823 25044 I net.osmand: RouteProvider Finding route contained 55 points for 6404 ms
07-17 14:16:26.424 21823 25044 I net.osmand: TTSCommandPlayerImpl Send message to pebble Rota recalculada cerca de  3 milhas tempo estimado de   8 minutos.  
07-17 14:16:26.424 21823 25044 D net.osmand: AbstractPrologCommandPlayer requestAudioFocus
07-17 14:16:26.424 21823 25044 W AudioManager: Use of stream types is deprecated for operations other than volume control
07-17 14:16:26.424 21823 25044 W AudioManager: See the documentation of requestAudioFocus() for what to use instead with android.media.AudioAttributes to qualify your playback use case
07-17 14:16:26.430 10586 13863 I MediaFocusControl: requestAudioFocus() from uid/pid 10104/21823 clientId=android.media.AudioManager@430dcd0net.osmand.plus.api.AudioFocusHelperImpl@ecdcc07 callingPack=net.osmand req=3 flags=0x0 sdk=26
07-17 14:16:26.432 21823 25044 D net.osmand: TTSCommandPlayerImpl ttsRequests=1
07-17 14:16:26.436 12314 12410 I TTS.GoogleTTSServiceImp: Synthesis request for locale por-BRA and name pt-BR-language
07-17 14:16:26.438 12314 12410 I TTS.GoogleTTSServiceImp: TTS dispatch: pt-br-x-afs-lstm-embedded
07-17 14:16:26.622 12314 12411 D AudioTrack: Client defaulted notificationFrames to 1365 for frameCount 4096
07-17 14:16:26.637 10586 13863 V MediaRouterService: restoreBluetoothA2dp(false)
07-17 14:16:26.641 10586 10603 E BatteryExternalStatsWorker: modem info is invalid: ModemActivityInfo{ mTimestamp=0 mSleepTimeMs=0 mIdleTimeMs=0 mTxTimeMs[]=[0, 0, 0, 0, 0] mRxTimeMs=0 mEnergyUsed=0}
07-17 14:16:26.742 21823 21823 D net.osmand: RoutingHelper Processed by distance : (new) 249.7565821193679 (old) 1291.5609130859375
07-17 14:16:26.820 10586 10794 D WificondControl: Scan result ready event
07-17 14:16:26.862 10586 10664 I zygote  : IncrementDisableThreadFlip blocked for 5.312ms
07-17 14:16:26.886 11993 11993 V mireo   : j: GPS.setNative: 1563387387000 | Location[fused -5.062059,-42.769263 hAcc=12 et=+1d9h11m12s742ms vel=0.0 bear=0.0 vAcc=??? sAcc=??? bAcc=???]
07-17 14:16:26.921 21823 21823 D net.osmand: RoutingHelper Processed by distance : 6.74872974299892 249.7565821193679
07-17 14:16:27.046 10586 10586 W NotificationService: Removed summary didn't match old notification: old=0|net.osmand|100|null|10104, removed=0|net.osmand|100|null|10104
07-17 14:16:27.068 21823 21850 I net.osmand: MapRenderRepositories RENDER MAP: update due to tile box
07-17 14:16:27.069 21823 21850 I net.osmand: MapRenderRepositories RENDER MAP: Interrupt rendering map
07-17 14:16:27.146 21823 21823 I net.osmand: TTSCommandPlayerImpl Send message to pebble Siga o caminho por  cerca de uma milha  
07-17 14:16:27.146 21823 21823 D net.osmand: TTSCommandPlayerImpl ttsRequests=2
07-17 14:16:27.193 21823 21850 I net.osmand: MapRenderRepositories RENDER MAP: update due to tile box
07-17 14:16:27.193 21823 21850 I net.osmand: MapRenderRepositories RENDER MAP: Interrupt rendering map
07-17 14:16:27.254 10586 13863 I WifiService: releaseWifiLock uid=10014
07-17 14:16:27.338 21823 21850 I net.osmand: MapRenderRepositories RENDER MAP: update due to tile box
07-17 14:16:27.338 21823 21850 I net.osmand: MapRenderRepositories RENDER MAP: Interrupt rendering map
07-17 14:16:27.595 21823 21850 I net.osmand: MapRenderRepositories RENDER MAP: update due to tile box
07-17 14:16:27.595 21823 21850 I net.osmand: MapRenderRepositories RENDER MAP: Interrupt rendering map
07-17 14:16:27.618 21823 21849 I net.osmand: MapRenderRepositories RENDER MAP: new request RotatedTileBox [lat=-5.0582648616234325, lon=-42.76854910646166, rotate=0.0, density=2.625, zoom=17, mapDensity=3.9375, zoomAnimation=0.0, zoomFloatPart=0.0, cx=900, cy=1972, pixWidth=1800, pixHeight=2690]
07-17 14:16:27.830 10541 11931 W audio_hw_generic: Not supplying enough data to HAL, expected position 253359361 , only wrote 253358640
07-17 14:16:27.832 10541 11931 W audio_hw_generic: Not supplying enough data to HAL, expected position 253358690 , only wrote 253358640
07-17 14:16:27.849 10541 11931 W audio_hw_generic: Not supplying enough data to HAL, expected position 253359484 , only wrote 253359360
07-17 14:16:27.868 10536 10570 D AudioFlinger: mixer(0xb2483f00) throttle end: throttle time(4)
07-17 14:16:27.878 21823 21849 I net.osmand:native: Route objects 49
07-17 14:16:27.878 21823 21849 I net.osmand:native: Ocean: no completed & incompleted coastlines 0
07-17 14:16:27.878 21823 21849 I net.osmand:native: Detailed coastlines = 0, basemap coastlines 0, ocean tile 0.000000. Detailed added 0, basemap processed 1, basemap added 0.
07-17 14:16:27.879 21823 21849 I net.osmand:native: Search : tree - read( 488), accept( 38), objs - visit( 2539), accept(108), in result(49) 
07-17 14:16:27.879 21823 21849 I net.osmand: MapRenderRepositories BLat=-5.060573220252991, TLat=-5.0525559186935425, LLong=-42.770999908447266, RLong=-42.76609420776367, zoom=17
07-17 14:16:27.880 21823 21849 I net.osmand: MapRenderRepositories Native search: 262 ms 
07-17 14:16:27.887 21823 21849 I net.osmand:native: Creating SkBitmap in native w:1800 h:2690 s:7200 f:1!
07-17 14:16:27.887 21823 21849 I net.osmand:native: Row bytes for RGBA_8888 is 7200
07-17 14:16:27.887 21823 21849 I net.osmand:native: Locked 19368000 bytes at 0x84900000
07-17 14:16:27.888 21823 21849 I net.osmand:native: Initializing rendering
07-17 14:16:27.889 21823 21849 I net.osmand:native: Rendering image
07-17 14:16:28.095 21823 21823 D net.osmand: RoutingHelper Processed by distance : (new) 4.844139640275747 (old) 275.5522626347377
07-17 14:16:28.172 21823 21850 I net.osmand: MapRenderRepositories RENDER MAP: update due to tile box
07-17 14:16:28.172 21823 21850 I net.osmand: MapRenderRepositories RENDER MAP: Interrupt rendering map
07-17 14:16:28.198 21823 21849 I net.osmand:native: Native ok (rendering 0, text 40 ms) 
07-17 14:16:28.198 21823 21849 I net.osmand:native:  (2467 points, 194 points inside, 94 of 104 objects visible)
07-17 14:16:28.199 21823 21849 I net.osmand:native: End Rendering image
07-17 14:16:28.199 21823 21849 I net.osmand:native: Native ok (init 1, rendering 0) 
07-17 14:16:28.199 21823 21849 I net.osmand: MapRenderRepositories true
07-17 14:16:28.199 21823 21849 I net.osmand: MapRenderRepositories RENDER MAP: new request RotatedTileBox [lat=-5.055490064580254, lon=-42.76842797904764, rotate=0.0, density=2.625, zoom=17, mapDensity=3.9375, zoomAnimation=0.0, zoomFloatPart=0.0, cx=900, cy=1972, pixWidth=1800, pixHeight=2690]
07-17 14:16:28.247 21823 21823 I net.osmand: TTSCommandPlayerImpl Send message to pebble depois de  9 dcimos de milha virar  direita  
07-17 14:16:28.247 21823 21823 D net.osmand: TTSCommandPlayerImpl ttsRequests=3
07-17 14:16:28.287 10586 10595 I zygote  : Background concurrent copying GC freed 232197(8MB) AllocSpace objects, 14(728KB) LOS objects, 19% free, 25MB/31MB, paused 4.180ms total 1.403s
07-17 14:16:28.369 21823 21849 I net.osmand:native: Route objects 47
07-17 14:16:28.370 21823 21849 I net.osmand:native: Ocean: no completed & incompleted coastlines 0
07-17 14:16:28.370 21823 21849 I net.osmand:native: Detailed coastlines = 0, basemap coastlines 0, ocean tile 0.000000. Detailed added 0, basemap processed 1, basemap added 0.
07-17 14:16:28.370 21823 21849 I net.osmand:native: Search : tree - read( 448), accept( 36), objs - visit( 2499), accept(106), in result(47) 
07-17 14:16:28.371 21823 21849 I net.osmand: MapRenderRepositories BLat=-5.057794690132141, TLat=-5.049777388572693, LLong=-42.77088165283203, RLong=-42.76597595214844, zoom=17
07-17 14:16:28.371 21823 21849 I net.osmand: MapRenderRepositories Native search: 162 ms 
07-17 14:16:28.392 21823 21849 I net.osmand:native: Creating SkBitmap in native w:1800 h:2690 s:7200 f:1!
07-17 14:16:28.392 21823 21849 I net.osmand:native: Row bytes for RGBA_8888 is 7200
07-17 14:16:28.392 21823 21849 I net.osmand:native: Locked 19368000 bytes at 0x85d00000
07-17 14:16:28.392 21823 21849 I net.osmand:native: Initializing rendering
07-17 14:16:28.393 21823 21849 I net.osmand:native: Rendering image
07-17 14:16:28.733 11993 11993 V mireo   : j: GPS.setNative: 1563387388000 | Location[fused -5.059497,-42.768916 hAcc=12 et=+1d9h11m14s7ms vel=0.0 vAcc=??? sAcc=??? bAcc=???]
07-17 14:16:28.819 21823 21849 I net.osmand:native: Native ok (rendering 0, text 163 ms) 
07-17 14:16:28.819 21823 21849 I net.osmand:native:  (2426 points, 212 points inside, 92 of 100 objects visible)
07-17 14:16:28.819 21823 21849 I net.osmand:native: End Rendering image
07-17 14:16:28.819 21823 21849 I net.osmand:native: Native ok (init 2, rendering 0) 
07-17 14:16:28.822 21823 21849 I net.osmand: MapRenderRepositories true
07-17 14:16:28.990 10541 11931 W audio_hw_generic: Not supplying enough data to HAL, expected position 253414130 , only wrote 253414080
07-17 14:16:29.004 10536 10570 D AudioFlinger: mixer(0xb2483f00) throttle end: throttle time(9)
07-17 14:16:29.005 21823 21823 D net.osmand: RoutingHelper Processed by distance : (new) 6.433878586303389 (old) 296.5971061057634
07-17 14:16:29.060 21823 21823 D net.osmand: DayNightHelper Sunrise/sunset setting to day: true
07-17 14:16:29.063 21823 21850 I net.osmand: MapRenderRepositories RENDER MAP: update due to tile box
07-17 14:16:29.064 21823 21850 I net.osmand: MapRenderRepositories RENDER MAP: Interrupt rendering map
07-17 14:16:29.171 21823 21850 I net.osmand: MapRenderRepositories RENDER MAP: update due to tile box
07-17 14:16:29.171 21823 21850 I net.osmand: MapRenderRepositories RENDER MAP: Interrupt rendering map
07-17 14:16:29.184 11993 11993 V mireo   : j: GPS.setNative: 1563387389000 | Location[fused -5.057633,-42.768756 hAcc=12 et=+1d9h11m15s26ms vel=0.0 vAcc=??? sAcc=??? bAcc=???]
07-17 14:16:29.206 21823 21850 I net.osmand: MapRenderRepositories RENDER MAP: update due to tile box
07-17 14:16:29.206 21823 21850 I net.osmand: MapRenderRepositories RENDER MAP: Interrupt rendering map
07-17 14:16:29.575 21823 21849 I net.osmand: MapRenderRepositories RENDER MAP: new request RotatedTileBox [lat=-5.052714273485287, lon=-42.76827693709616, rotate=0.0, density=2.625, zoom=17, mapDensity=3.9375, zoomAnimation=0.0, zoomFloatPart=0.0, cx=900, cy=1972, pixWidth=1800, pixHeight=2690]
07-17 14:16:29.621 21823 21849 I net.osmand:native: Route objects 45
07-17 14:16:29.621 21823 21849 I net.osmand:native: Ocean: no completed & incompleted coastlines 0
07-17 14:16:29.621 21823 21849 I net.osmand:native: Detailed coastlines = 0, basemap coastlines 0, ocean tile 0.000000. Detailed added 0, basemap processed 1, basemap added 0.
07-17 14:16:29.621 21823 21849 I net.osmand:native: Search : tree - read( 448), accept( 36), objs - visit( 2499), accept(104), in result(45) 
07-17 14:16:29.622 21823 21849 I net.osmand: MapRenderRepositories BLat=-5.055038690567017, TLat=-5.046997785568237, LLong=-42.770729064941406, RLong=-42.76582717895508, zoom=17
07-17 14:16:29.622 21823 21849 I net.osmand: MapRenderRepositories Native search: 47 ms 
07-17 14:16:29.628 21823 21849 I net.osmand:native: Creating SkBitmap in native w:1800 h:2690 s:7200 f:1!
07-17 14:16:29.628 21823 21849 I net.osmand:native: Row bytes for RGBA_8888 is 7200
07-17 14:16:29.628 21823 21849 I net.osmand:native: Locked 19368000 bytes at 0x84900000
07-17 14:16:29.628 21823 21849 I net.osmand:native: Initializing rendering
07-17 14:16:29.630 21823 21849 I net.osmand:native: Rendering image
07-17 14:16:29.809 21823 21849 I net.osmand:native: Native ok (rendering 1, text 99 ms) 
07-17 14:16:29.809 21823 21849 I net.osmand:native:  (2400 points, 210 points inside, 88 of 96 objects visible)
07-17 14:16:29.809 21823 21849 I net.osmand:native: End Rendering image
07-17 14:16:29.809 21823 21849 I net.osmand:native: Native ok (init 4, rendering 1) 
07-17 14:16:29.821 21823 21849 I net.osmand: MapRenderRepositories true
07-17 14:16:29.907 12314 12324 I zygote  : Background concurrent copying GC freed 18370(4MB) AllocSpace objects, 0(0B) LOS objects, 49% free, 5MB/10MB, paused 9.159ms total 64.588ms
07-17 14:16:30.005 10923 10923 I GeofencerStateMachine: sendNewTransitions called.
07-17 14:16:30.078 10923 10923 I GeofencerStateMachine: sendNewTransitions called.
07-17 14:16:30.094 10923 10923 I GeofencerStateMachine: sendNewLocationAvailability: availability=LocationAvailability[isLocationAvailable: true]
07-17 14:16:30.152 10541 11931 W audio_hw_generic: Not supplying enough data to HAL, expected position 253469851 , only wrote 253469520
07-17 14:16:30.153 10541 11931 W audio_hw_generic: Not supplying enough data to HAL, expected position 253469539 , only wrote 253469520
07-17 14:16:30.170 10541 11931 W audio_hw_generic: Not supplying enough data to HAL, expected position 253470350 , only wrote 253470240
07-17 14:16:30.180 10536 10570 D AudioFlinger: mixer(0xb2483f00) throttle end: throttle time(12)
07-17 14:16:30.185 11993 11993 V mireo   : j: GPS.setNative: 1563387390000 | Location[fused -5.056282,-42.768640 hAcc=12 et=+1d9h11m16s9ms vel=0.0 vAcc=??? sAcc=??? bAcc=???]
07-17 14:16:30.204 21823 21823 D net.osmand: RoutingHelper Processed by distance : (new) 5.650613242946374 (old) 284.0778801649964
07-17 14:16:30.282 21823 21823 D net.osmand: RoutingHelper Processed point bearing deltas : 58.251956939697266 1.5175122022628784
07-17 14:16:30.344 21823 21850 I net.osmand: MapRenderRepositories RENDER MAP: update due to tile box
07-17 14:16:30.344 21823 21850 I net.osmand: MapRenderRepositories RENDER MAP: Interrupt rendering map
07-17 14:16:30.410 21823 21850 I net.osmand: MapRenderRepositories RENDER MAP: update due to tile box
07-17 14:16:30.410 21823 21850 I net.osmand: MapRenderRepositories RENDER MAP: Interrupt rendering map
07-17 14:16:30.466 21823 21850 I net.osmand: MapRenderRepositories RENDER MAP: update due to tile box
07-17 14:16:30.468 21823 21850 I net.osmand: MapRenderRepositories RENDER MAP: Interrupt rendering map
07-17 14:16:30.574 21823 21849 I net.osmand: MapRenderRepositories RENDER MAP: new request RotatedTileBox [lat=-5.049906663601522, lon=-42.768144607543945, rotate=0.0, density=2.625, zoom=17, mapDensity=3.9375, zoomAnimation=0.0, zoomFloatPart=0.0, cx=900, cy=1972, pixWidth=1800, pixHeight=2690]
07-17 14:16:30.732 21823 21849 I net.osmand:native: Route objects 49
07-17 14:16:30.732 21823 21849 I net.osmand:native: Ocean: no completed & incompleted coastlines 0
07-17 14:16:30.732 21823 21849 I net.osmand:native: Detailed coastlines = 0, basemap coastlines 0, ocean tile 0.000000. Detailed added 0, basemap processed 1, basemap added 0.
07-17 14:16:30.733 21823 21849 I net.osmand:native: Search : tree - read( 448), accept( 36), objs - visit( 2499), accept(108), in result(49) 
07-17 14:16:30.733 21823 21849 I net.osmand: MapRenderRepositories BLat=-5.052216196060181, TLat=-5.044198369979858, LLong=-42.77060317993164, RLong=-42.76568603515625, zoom=17
