06-28 19:14:55.284  8082  8082 I zygote  :   at void android.app.ActivityThread.-wrap11(android.app.ActivityThread, android.app.ActivityThread$ActivityClientRecord, android.content.Intent, java.lang.String) (ActivityThread.java:-1)
06-28 19:14:55.284  8082  8082 I zygote  :   at void android.app.ActivityThread$H.handleMessage(android.os.Message) (ActivityThread.java:1589)
06-28 19:14:55.284  8082  8082 I zygote  :   at void android.os.Handler.dispatchMessage(android.os.Message) (Handler.java:106)
06-28 19:14:55.285  8082  8082 I zygote  :   at void android.os.Looper.loop() (Looper.java:164)
06-28 19:14:55.285  8082  8082 I zygote  :   at void android.app.ActivityThread.main(java.lang.String[]) (ActivityThread.java:6494)
06-28 19:14:55.285  8082  8082 I zygote  :   at java.lang.Object java.lang.reflect.Method.invoke(java.lang.Object, java.lang.Object[]) (Method.java:-2)
06-28 19:14:55.285  8082  8082 I zygote  :   at void com.android.internal.os.RuntimeInit$MethodAndArgsCaller.run() (RuntimeInit.java:438)
06-28 19:14:55.285  8082  8082 I zygote  :   at void com.android.internal.os.ZygoteInit.main(java.lang.String[]) (ZygoteInit.java:807)
06-28 19:14:55.285  8082  8082 I zygote  : Caused by: java.lang.ClassNotFoundException: android.support.v4.app.BaseFragmentActivityApi16
06-28 19:14:55.285  8082  8082 I zygote  :   at java.lang.Class java.lang.VMClassLoader.findLoadedClass(java.lang.ClassLoader, java.lang.String) (VMClassLoader.java:-2)
06-28 19:14:55.285  8082  8082 I zygote  :   at java.lang.Class java.lang.ClassLoader.findLoadedClass(java.lang.String) (ClassLoader.java:738)
06-28 19:14:55.285  8082  8082 I zygote  :   at java.lang.Class java.lang.ClassLoader.loadClass(java.lang.String, boolean) (ClassLoader.java:363)
06-28 19:14:55.285  8082  8082 I zygote  :   at java.lang.Class java.lang.ClassLoader.loadClass(java.lang.String) (ClassLoader.java:312)
06-28 19:14:55.285  8082  8082 I zygote  :   at com.google.android.gms.common.api.GoogleApiClient$Builder com.prime31.GameHelper.createApiClientBuilder() (GameHelper.java:272)
06-28 19:14:55.285  8082  8082 I zygote  :   at void com.prime31.GameHelper.setup(com.prime31.GameHelper$GameHelperListener) (GameHelper.java:320)
06-28 19:14:55.285  8082  8082 I zygote  :   at void com.prime31.PlayGameServicesPlugin.initImpl() (PlayGameServicesPlugin.java:842)
06-28 19:14:55.285  8082  8082 I zygote  :   at void com.prime31.PlayGameServicesPlugin.onCreate(android.os.Bundle) (PlayGameServicesPlugin.java:576)
06-28 19:14:55.285  8082  8082 I zygote  :   at java.lang.Object java.lang.reflect.Method.invoke(java.lang.Object, java.lang.Object[]) (Method.java:-2)
06-28 19:14:55.285  8082  8082 I zygote  :   at void com.prime31.ActivityProxyObjectHelper.onCreate(android.os.Bundle) (ActivityProxyObjectHelper.java:81)
06-28 19:14:55.285  8082  8082 I zygote  :   at void com.prime31.UnityPlayerNativeActivity.onCreate(android.os.Bundle) (UnityPlayerNativeActivity.java:24)
06-28 19:14:55.285  8082  8082 I zygote  :   at void android.app.Activity.performCreate(android.os.Bundle, android.os.PersistableBundle) (Activity.java:7009)
06-28 19:14:55.286  8082  8082 I zygote  :   at void android.app.Activity.performCreate(android.os.Bundle) (Activity.java:7000)
06-28 19:14:55.286  8082  8082 I zygote  :   at void android.app.Instrumentation.callActivityOnCreate(android.app.Activity, android.os.Bundle) (Instrumentation.java:1214)
06-28 19:14:55.286  8082  8082 I zygote  :   at android.app.Activity android.app.ActivityThread.performLaunchActivity(android.app.ActivityThread$ActivityClientRecord, android.content.Intent) (ActivityThread.java:2731)
06-28 19:14:55.286  8082  8082 I zygote  :   at void android.app.ActivityThread.handleLaunchActivity(android.app.ActivityThread$ActivityClientRecord, android.content.Intent, java.lang.String) (ActivityThread.java:2856)
06-28 19:14:55.286  8082  8082 I zygote  :   at void android.app.ActivityThread.-wrap11(android.app.ActivityThread, android.app.ActivityThread$ActivityClientRecord, android.content.Intent, java.lang.String) (ActivityThread.java:-1)
06-28 19:14:55.286  8082  8082 I zygote  :   at void android.app.ActivityThread$H.handleMessage(android.os.Message) (ActivityThread.java:1589)
06-28 19:14:55.286  8082  8082 I zygote  :   at void android.os.Handler.dispatchMessage(android.os.Message) (Handler.java:106)
06-28 19:14:55.286  8082  8082 I zygote  :   at void android.os.Looper.loop() (Looper.java:164)
06-28 19:14:55.286  8082  8082 I zygote  :   at void android.app.ActivityThread.main(java.lang.String[]) (ActivityThread.java:6494)
06-28 19:14:55.286  8082  8082 I zygote  :   at java.lang.Object java.lang.reflect.Method.invoke(java.lang.Object, java.lang.Object[]) (Method.java:-2)
06-28 19:14:55.286  8082  8082 I zygote  :   at void com.android.internal.os.RuntimeInit$MethodAndArgsCaller.run() (RuntimeInit.java:438)
06-28 19:14:55.286  8082  8082 I zygote  :   at void com.android.internal.os.ZygoteInit.main(java.lang.String[]) (ZygoteInit.java:807)
06-28 19:14:55.286  8082  8082 I zygote  : 
06-28 19:14:55.287  8082  8082 I zygote  : Rejecting re-init on previously-failed class java.lang.Class<android.support.v4.app.FragmentActivity>: java.lang.NoClassDefFoundError: Failed resolution of: Landroid/support/v4/app/BaseFragmentActivityApi16;
06-28 19:14:55.287  8082  8082 I zygote  :   at com.google.android.gms.common.api.GoogleApiClient$Builder com.prime31.GameHelper.createApiClientBuilder() (GameHelper.java:272)
06-28 19:14:55.287  8082  8082 I zygote  :   at void com.prime31.GameHelper.setup(com.prime31.GameHelper$GameHelperListener) (GameHelper.java:320)
06-28 19:14:55.287  8082  8082 I zygote  :   at void com.prime31.PlayGameServicesPlugin.initImpl() (PlayGameServicesPlugin.java:842)
06-28 19:14:55.287  8082  8082 I zygote  :   at void com.prime31.PlayGameServicesPlugin.onCreate(android.os.Bundle) (PlayGameServicesPlugin.java:576)
06-28 19:14:55.287  8082  8082 I zygote  :   at java.lang.Object java.lang.reflect.Method.invoke(java.lang.Object, java.lang.Object[]) (Method.java:-2)
06-28 19:14:55.287  8082  8082 I zygote  :   at void com.prime31.ActivityProxyObjectHelper.onCreate(android.os.Bundle) (ActivityProxyObjectHelper.java:81)
06-28 19:14:55.288  8082  8082 I zygote  :   at void com.prime31.UnityPlayerNativeActivity.onCreate(android.os.Bundle) (UnityPlayerNativeActivity.java:24)
06-28 19:14:55.288  8082  8082 I zygote  :   at void android.app.Activity.performCreate(android.os.Bundle, android.os.PersistableBundle) (Activity.java:7009)
06-28 19:14:55.288  8082  8082 I zygote  :   at void android.app.Activity.performCreate(android.os.Bundle) (Activity.java:7000)
06-28 19:14:55.288  8082  8082 I zygote  :   at void android.app.Instrumentation.callActivityOnCreate(android.app.Activity, android.os.Bundle) (Instrumentation.java:1214)
06-28 19:14:55.288  8082  8082 I zygote  :   at android.app.Activity android.app.ActivityThread.performLaunchActivity(android.app.ActivityThread$ActivityClientRecord, android.content.Intent) (ActivityThread.java:2731)
06-28 19:14:55.288  8082  8082 I zygote  :   at void android.app.ActivityThread.handleLaunchActivity(android.app.ActivityThread$ActivityClientRecord, android.content.Intent, java.lang.String) (ActivityThread.java:2856)
06-28 19:14:55.288  8082  8082 I zygote  :   at void android.app.ActivityThread.-wrap11(android.app.ActivityThread, android.app.ActivityThread$ActivityClientRecord, android.content.Intent, java.lang.String) (ActivityThread.java:-1)
06-28 19:14:55.288  8082  8082 I zygote  :   at void android.app.ActivityThread$H.handleMessage(android.os.Message) (ActivityThread.java:1589)
06-28 19:14:55.288  8082  8082 I zygote  :   at void android.os.Handler.dispatchMessage(android.os.Message) (Handler.java:106)
06-28 19:14:55.288  8082  8082 I zygote  :   at void android.os.Looper.loop() (Looper.java:164)
06-28 19:14:55.288  8082  8082 I zygote  :   at void android.app.ActivityThread.main(java.lang.String[]) (ActivityThread.java:6494)
06-28 19:14:55.288  8082  8082 I zygote  :   at java.lang.Object java.lang.reflect.Method.invoke(java.lang.Object, java.lang.Object[]) (Method.java:-2)
06-28 19:14:55.288  8082  8082 I zygote  :   at void com.android.internal.os.RuntimeInit$MethodAndArgsCaller.run() (RuntimeInit.java:438)
06-28 19:14:55.288  8082  8082 I zygote  :   at void com.android.internal.os.ZygoteInit.main(java.lang.String[]) (ZygoteInit.java:807)
06-28 19:14:55.288  8082  8082 I zygote  : Caused by: java.lang.ClassNotFoundException: android.support.v4.app.BaseFragmentActivityApi16
06-28 19:14:55.288  8082  8082 I zygote  :   at java.lang.Class java.lang.VMClassLoader.findLoadedClass(java.lang.ClassLoader, java.lang.String) (VMClassLoader.java:-2)
06-28 19:14:55.288  8082  8082 I zygote  :   at java.lang.Class java.lang.ClassLoader.findLoadedClass(java.lang.String) (ClassLoader.java:738)
06-28 19:14:55.288  8082  8082 I zygote  :   at java.lang.Class java.lang.ClassLoader.loadClass(java.lang.String, boolean) (ClassLoader.java:363)
06-28 19:14:55.288  8082  8082 I zygote  :   at java.lang.Class java.lang.ClassLoader.loadClass(java.lang.String) (ClassLoader.java:312)
06-28 19:14:55.288  8082  8082 I zygote  :   at com.google.android.gms.common.api.GoogleApiClient$Builder com.prime31.GameHelper.createApiClientBuilder() (GameHelper.java:272)
06-28 19:14:55.289  8082  8082 I zygote  :   at void com.prime31.GameHelper.setup(com.prime31.GameHelper$GameHelperListener) (GameHelper.java:320)
06-28 19:14:55.289  8082  8082 I zygote  :   at void com.prime31.PlayGameServicesPlugin.initImpl() (PlayGameServicesPlugin.java:842)
06-28 19:14:55.289  8082  8082 I zygote  :   at void com.prime31.PlayGameServicesPlugin.onCreate(android.os.Bundle) (PlayGameServicesPlugin.java:576)
06-28 19:14:55.289  8082  8082 I zygote  :   at java.lang.Object java.lang.reflect.Method.invoke(java.lang.Object, java.lang.Object[]) (Method.java:-2)
06-28 19:14:55.289  8082  8082 I zygote  :   at void com.prime31.ActivityProxyObjectHelper.onCreate(android.os.Bundle) (ActivityProxyObjectHelper.java:81)
06-28 19:14:55.289  8082  8082 I zygote  :   at void com.prime31.UnityPlayerNativeActivity.onCreate(android.os.Bundle) (UnityPlayerNativeActivity.java:24)
06-28 19:14:55.289  8082  8082 I zygote  :   at void android.app.Activity.performCreate(android.os.Bundle, android.os.PersistableBundle) (Activity.java:7009)
06-28 19:14:55.289  8082  8082 I zygote  :   at void android.app.Activity.performCreate(android.os.Bundle) (Activity.java:7000)
06-28 19:14:55.289  8082  8082 I zygote  :   at void android.app.Instrumentation.callActivityOnCreate(android.app.Activity, android.os.Bundle) (Instrumentation.java:1214)
06-28 19:14:55.289  8082  8082 I zygote  :   at android.app.Activity android.app.ActivityThread.performLaunchActivity(android.app.ActivityThread$ActivityClientRecord, android.content.Intent) (ActivityThread.java:2731)
06-28 19:14:55.289  8082  8082 I zygote  :   at void android.app.ActivityThread.handleLaunchActivity(android.app.ActivityThread$ActivityClientRecord, android.content.Intent, java.lang.String) (ActivityThread.java:2856)
06-28 19:14:55.289  8082  8082 I zygote  :   at void android.app.ActivityThread.-wrap11(android.app.ActivityThread, android.app.ActivityThread$ActivityClientRecord, android.content.Intent, java.lang.String) (ActivityThread.java:-1)
06-28 19:14:55.289  8082  8082 I zygote  :   at void android.app.ActivityThread$H.handleMessage(android.os.Message) (ActivityThread.java:1589)
06-28 19:14:55.289  8082  8082 I zygote  :   at void android.os.Handler.dispatchMessage(android.os.Message) (Handler.java:106)
06-28 19:14:55.290  8082  8082 I zygote  :   at void android.os.Looper.loop() (Looper.java:164)
06-28 19:14:55.290  8082  8082 I zygote  :   at void android.app.ActivityThread.main(java.lang.String[]) (ActivityThread.java:6494)
06-28 19:14:55.290  8082  8082 I zygote  :   at java.lang.Object java.lang.reflect.Method.invoke(java.lang.Object, java.lang.Object[]) (Method.java:-2)
06-28 19:14:55.290  8082  8082 I zygote  :   at void com.android.internal.os.RuntimeInit$MethodAndArgsCaller.run() (RuntimeInit.java:438)
06-28 19:14:55.290  8082  8082 I zygote  :   at void com.android.internal.os.ZygoteInit.main(java.lang.String[]) (ZygoteInit.java:807)
06-28 19:14:55.290  8082  8082 I zygote  : 
06-28 19:14:55.291  8082  8082 I zygote  : Rejecting re-init on previously-failed class java.lang.Class<android.support.v4.app.FragmentActivity>: java.lang.NoClassDefFoundError: Failed resolution of: Landroid/support/v4/app/BaseFragmentActivityApi16;
06-28 19:14:55.291  8082  8082 I zygote  :   at com.google.android.gms.common.api.GoogleApiClient$Builder com.prime31.GameHelper.createApiClientBuilder() (GameHelper.java:272)
06-28 19:14:55.291  8082  8082 I zygote  :   at void com.prime31.GameHelper.setup(com.prime31.GameHelper$GameHelperListener) (GameHelper.java:320)
06-28 19:14:55.291  8082  8082 I zygote  :   at void com.prime31.PlayGameServicesPlugin.initImpl() (PlayGameServicesPlugin.java:842)
06-28 19:14:55.291  8082  8082 I zygote  :   at void com.prime31.PlayGameServicesPlugin.onCreate(android.os.Bundle) (PlayGameServicesPlugin.java:576)
06-28 19:14:55.291  8082  8082 I zygote  :   at java.lang.Object java.lang.reflect.Method.invoke(java.lang.Object, java.lang.Object[]) (Method.java:-2)
06-28 19:14:55.292  8082  8082 I zygote  :   at void com.prime31.ActivityProxyObjectHelper.onCreate(android.os.Bundle) (ActivityProxyObjectHelper.java:81)
06-28 19:14:55.292  8082  8082 I zygote  :   at void com.prime31.UnityPlayerNativeActivity.onCreate(android.os.Bundle) (UnityPlayerNativeActivity.java:24)
06-28 19:14:55.292  8082  8082 I zygote  :   at void android.app.Activity.performCreate(android.os.Bundle, android.os.PersistableBundle) (Activity.java:7009)
06-28 19:14:55.292  8082  8082 I zygote  :   at void android.app.Activity.performCreate(android.os.Bundle) (Activity.java:7000)
06-28 19:14:55.292  8082  8082 I zygote  :   at void android.app.Instrumentation.callActivityOnCreate(android.app.Activity, android.os.Bundle) (Instrumentation.java:1214)
06-28 19:14:55.292  8082  8082 I zygote  :   at android.app.Activity android.app.ActivityThread.performLaunchActivity(android.app.ActivityThread$ActivityClientRecord, android.content.Intent) (ActivityThread.java:2731)
06-28 19:14:55.292  8082  8082 I zygote  :   at void android.app.ActivityThread.handleLaunchActivity(android.app.ActivityThread$ActivityClientRecord, android.content.Intent, java.lang.String) (ActivityThread.java:2856)
06-28 19:14:55.292  8082  8082 I zygote  :   at void android.app.ActivityThread.-wrap11(android.app.ActivityThread, android.app.ActivityThread$ActivityClientRecord, android.content.Intent, java.lang.String) (ActivityThread.java:-1)
06-28 19:14:55.292  8082  8082 I zygote  :   at void android.app.ActivityThread$H.handleMessage(android.os.Message) (ActivityThread.java:1589)
06-28 19:14:55.292  8082  8082 I zygote  :   at void android.os.Handler.dispatchMessage(android.os.Message) (Handler.java:106)
06-28 19:14:55.292  8082  8082 I zygote  :   at void android.os.Looper.loop() (Looper.java:164)
06-28 19:14:55.293  8082  8082 I zygote  :   at void android.app.ActivityThread.main(java.lang.String[]) (ActivityThread.java:6494)
06-28 19:14:55.293  8082  8082 I zygote  :   at java.lang.Object java.lang.reflect.Method.invoke(java.lang.Object, java.lang.Object[]) (Method.java:-2)
06-28 19:14:55.293  8082  8082 I zygote  :   at void com.android.internal.os.RuntimeInit$MethodAndArgsCaller.run() (RuntimeInit.java:438)
06-28 19:14:55.293  8082  8082 I zygote  :   at void com.android.internal.os.ZygoteInit.main(java.lang.String[]) (ZygoteInit.java:807)
06-28 19:14:55.293  8082  8082 I zygote  : Caused by: java.lang.ClassNotFoundException: android.support.v4.app.BaseFragmentActivityApi16
06-28 19:14:55.293  8082  8082 I zygote  :   at java.lang.Class java.lang.VMClassLoader.findLoadedClass(java.lang.ClassLoader, java.lang.String) (VMClassLoader.java:-2)
06-28 19:14:55.293  8082  8082 I zygote  :   at java.lang.Class java.lang.ClassLoader.findLoadedClass(java.lang.String) (ClassLoader.java:738)
06-28 19:14:55.293  8082  8082 I zygote  :   at java.lang.Class java.lang.ClassLoader.loadClass(java.lang.String, boolean) (ClassLoader.java:363)
06-28 19:14:55.293  8082  8082 I zygote  :   at java.lang.Class java.lang.ClassLoader.loadClass(java.lang.String) (ClassLoader.java:312)
06-28 19:14:55.293  8082  8082 I zygote  :   at com.google.android.gms.common.api.GoogleApiClient$Builder com.prime31.GameHelper.createApiClientBuilder() (GameHelper.java:272)
06-28 19:14:55.293  8082  8082 I zygote  :   at void com.prime31.GameHelper.setup(com.prime31.GameHelper$GameHelperListener) (GameHelper.java:320)
06-28 19:14:55.293  8082  8082 I zygote  :   at void com.prime31.PlayGameServicesPlugin.initImpl() (PlayGameServicesPlugin.java:842)
06-28 19:14:55.293  8082  8082 I zygote  :   at void com.prime31.PlayGameServicesPlugin.onCreate(android.os.Bundle) (PlayGameServicesPlugin.java:576)
06-28 19:14:55.293  8082  8082 I zygote  :   at java.lang.Object java.lang.reflect.Method.invoke(java.lang.Object, java.lang.Object[]) (Method.java:-2)
06-28 19:14:55.293  8082  8082 I zygote  :   at void com.prime31.ActivityProxyObjectHelper.onCreate(android.os.Bundle) (ActivityProxyObjectHelper.java:81)
06-28 19:14:55.293  8082  8082 I zygote  :   at void com.prime31.UnityPlayerNativeActivity.onCreate(android.os.Bundle) (UnityPlayerNativeActivity.java:24)
06-28 19:14:55.293  8082  8082 I zygote  :   at void android.app.Activity.performCreate(android.os.Bundle, android.os.PersistableBundle) (Activity.java:7009)
06-28 19:14:55.293  8082  8082 I zygote  :   at void android.app.Activity.performCreate(android.os.Bundle) (Activity.java:7000)
06-28 19:14:55.293  8082  8082 I zygote  :   at void android.app.Instrumentation.callActivityOnCreate(android.app.Activity, android.os.Bundle) (Instrumentation.java:1214)
06-28 19:14:55.293  8082  8082 I zygote  :   at android.app.Activity android.app.ActivityThread.performLaunchActivity(android.app.ActivityThread$ActivityClientRecord, android.content.Intent) (ActivityThread.java:2731)
06-28 19:14:55.293  8082  8082 I zygote  :   at void android.app.ActivityThread.handleLaunchActivity(android.app.ActivityThread$ActivityClientRecord, android.content.Intent, java.lang.String) (ActivityThread.java:2856)
06-28 19:14:55.293  8082  8082 I zygote  :   at void android.app.ActivityThread.-wrap11(android.app.ActivityThread, android.app.ActivityThread$ActivityClientRecord, android.content.Intent, java.lang.String) (ActivityThread.java:-1)
06-28 19:14:55.293  8082  8082 I zygote  :   at void android.app.ActivityThread$H.handleMessage(android.os.Message) (ActivityThread.java:1589)
06-28 19:14:55.293  8082  8082 I zygote  :   at void android.os.Handler.dispatchMessage(android.os.Message) (Handler.java:106)
06-28 19:14:55.293  8082  8082 I zygote  :   at void android.os.Looper.loop() (Looper.java:164)
06-28 19:14:55.293  8082  8082 I zygote  :   at void android.app.ActivityThread.main(java.lang.String[]) (ActivityThread.java:6494)
06-28 19:14:55.293  8082  8082 I zygote  :   at java.lang.Object java.lang.reflect.Method.invoke(java.lang.Object, java.lang.Object[]) (Method.java:-2)
06-28 19:14:55.294  8082  8082 I zygote  :   at void com.android.internal.os.RuntimeInit$MethodAndArgsCaller.run() (RuntimeInit.java:438)
06-28 19:14:55.294  8082  8082 I zygote  :   at void com.android.internal.os.ZygoteInit.main(java.lang.String[]) (ZygoteInit.java:807)
06-28 19:14:55.294  8082  8082 I zygote  : 
06-28 19:14:55.294  8082  8082 I zygote  : Rejecting re-init on previously-failed class java.lang.Class<android.support.v4.app.FragmentActivity>: java.lang.NoClassDefFoundError: Failed resolution of: Landroid/support/v4/app/BaseFragmentActivityApi16;
06-28 19:14:55.294  8082  8082 I zygote  :   at com.google.android.gms.common.api.GoogleApiClient$Builder com.prime31.GameHelper.createApiClientBuilder() (GameHelper.java:272)
06-28 19:14:55.294  8082  8082 I zygote  :   at void com.prime31.GameHelper.setup(com.prime31.GameHelper$GameHelperListener) (GameHelper.java:320)
06-28 19:14:55.294  8082  8082 I zygote  :   at void com.prime31.PlayGameServicesPlugin.initImpl() (PlayGameServicesPlugin.java:842)
06-28 19:14:55.294  8082  8082 I zygote  :   at void com.prime31.PlayGameServicesPlugin.onCreate(android.os.Bundle) (PlayGameServicesPlugin.java:576)
06-28 19:14:55.294  8082  8082 I zygote  :   at java.lang.Object java.lang.reflect.Method.invoke(java.lang.Object, java.lang.Object[]) (Method.java:-2)
06-28 19:14:55.294  8082  8082 I zygote  :   at void com.prime31.ActivityProxyObjectHelper.onCreate(android.os.Bundle) (ActivityProxyObjectHelper.java:81)
06-28 19:14:55.295  8082  8082 I zygote  :   at void com.prime31.UnityPlayerNativeActivity.onCreate(android.os.Bundle) (UnityPlayerNativeActivity.java:24)
06-28 19:14:55.295  8082  8082 I zygote  :   at void android.app.Activity.performCreate(android.os.Bundle, android.os.PersistableBundle) (Activity.java:7009)
06-28 19:14:55.295  8082  8082 I zygote  :   at void android.app.Activity.performCreate(android.os.Bundle) (Activity.java:7000)
06-28 19:14:55.295  8082  8082 I zygote  :   at void android.app.Instrumentation.callActivityOnCreate(android.app.Activity, android.os.Bundle) (Instrumentation.java:1214)
06-28 19:14:55.295  8082  8082 I zygote  :   at android.app.Activity android.app.ActivityThread.performLaunchActivity(android.app.ActivityThread$ActivityClientRecord, android.content.Intent) (ActivityThread.java:2731)
06-28 19:14:55.295  8082  8082 I zygote  :   at void android.app.ActivityThread.handleLaunchActivity(android.app.ActivityThread$ActivityClientRecord, android.content.Intent, java.lang.String) (ActivityThread.java:2856)
06-28 19:14:55.295  8082  8082 I zygote  :   at void android.app.ActivityThread.-wrap11(android.app.ActivityThread, android.app.ActivityThread$ActivityClientRecord, android.content.Intent, java.lang.String) (ActivityThread.java:-1)
06-28 19:14:55.295  8082  8082 I zygote  :   at void android.app.ActivityThread$H.handleMessage(android.os.Message) (ActivityThread.java:1589)
06-28 19:14:55.295  8082  8082 I zygote  :   at void android.os.Handler.dispatchMessage(android.os.Message) (Handler.java:106)
06-28 19:14:55.295  8082  8082 I zygote  :   at void android.os.Looper.loop() (Looper.java:164)
06-28 19:14:55.295  8082  8082 I zygote  :   at void android.app.ActivityThread.main(java.lang.String[]) (ActivityThread.java:6494)
06-28 19:14:55.295  8082  8082 I zygote  :   at java.lang.Object java.lang.reflect.Method.invoke(java.lang.Object, java.lang.Object[]) (Method.java:-2)
06-28 19:14:55.295  8082  8082 I zygote  :   at void com.android.internal.os.RuntimeInit$MethodAndArgsCaller.run() (RuntimeInit.java:438)
06-28 19:14:55.295  8082  8082 I zygote  :   at void com.android.internal.os.ZygoteInit.main(java.lang.String[]) (ZygoteInit.java:807)
06-28 19:14:55.295  8082  8082 I zygote  : Caused by: java.lang.ClassNotFoundException: android.support.v4.app.BaseFragmentActivityApi16
06-28 19:14:55.295  8082  8082 I zygote  :   at java.lang.Class java.lang.VMClassLoader.findLoadedClass(java.lang.ClassLoader, java.lang.String) (VMClassLoader.java:-2)
06-28 19:14:55.295  8082  8082 I zygote  :   at java.lang.Class java.lang.ClassLoader.findLoadedClass(java.lang.String) (ClassLoader.java:738)
06-28 19:14:55.295  8082  8082 I zygote  :   at java.lang.Class java.lang.ClassLoader.loadClass(java.lang.String, boolean) (ClassLoader.java:363)
06-28 19:14:55.296  8082  8082 I zygote  :   at java.lang.Class java.lang.ClassLoader.loadClass(java.lang.String) (ClassLoader.java:312)
06-28 19:14:55.296  8082  8082 I zygote  :   at com.google.android.gms.common.api.GoogleApiClient$Builder com.prime31.GameHelper.createApiClientBuilder() (GameHelper.java:272)
06-28 19:14:55.296  8082  8082 I zygote  :   at void com.prime31.GameHelper.setup(com.prime31.GameHelper$GameHelperListener) (GameHelper.java:320)
06-28 19:14:55.296  8082  8082 I zygote  :   at void com.prime31.PlayGameServicesPlugin.initImpl() (PlayGameServicesPlugin.java:842)
06-28 19:14:55.296  8082  8082 I zygote  :   at void com.prime31.PlayGameServicesPlugin.onCreate(android.os.Bundle) (PlayGameServicesPlugin.java:576)
06-28 19:14:55.296  8082  8082 I zygote  :   at java.lang.Object java.lang.reflect.Method.invoke(java.lang.Object, java.lang.Object[]) (Method.java:-2)
06-28 19:14:55.298  1401  6331 D gralloc_ranchu: gralloc_alloc: Creating ashmem region of size 9547776
06-28 19:14:55.296  8082  8082 I zygote  :   at void android.app.Instrumentation.callActivityOnCreate(android.app.Activity, android.os.Bundle) (Instrumentation.java:1214)
06-28 19:14:55.298  8082  8082 I zygote  :   at android.app.Activity android.app.ActivityThread.performLaunchActivity(android.app.ActivityThread$ActivityClientRecord, android.content.Intent) (ActivityThread.java:2731)
06-28 19:14:55.298  8082  8082 I zygote  :   at void android.app.ActivityThread.handleLaunchActivity(android.app.ActivityThread$ActivityClientRecord, android.content.Intent, java.lang.String) (ActivityThread.java:2856)
06-28 19:14:55.298  8082  8082 I zygote  :   at void android.app.ActivityThread.-wrap11(android.app.ActivityThread, android.app.ActivityThread$ActivityClientRecord, android.content.Intent, java.lang.String) (ActivityThread.java:-1)
06-28 19:14:55.298  8082  8082 I zygote  :   at void android.app.ActivityThread$H.handleMessage(android.os.Message) (ActivityThread.java:1589)
06-28 19:14:55.298  8082  8082 I zygote  :   at void android.os.Handler.dispatchMessage(android.os.Message) (Handler.java:106)
06-28 19:14:55.298  8082  8082 I zygote  :   at void android.os.Looper.loop() (Looper.java:164)
06-28 19:14:55.298  8082  8082 I zygote  :   at void android.app.ActivityThread.main(java.lang.String[]) (ActivityThread.java:6494)
06-28 19:14:55.298  8082  8082 I zygote  :   at java.lang.Object java.lang.reflect.Method.invoke(java.lang.Object, java.lang.Object[]) (Method.java:-2)
06-28 19:14:55.298  8082  8082 I zygote  :   at void com.android.internal.os.RuntimeInit$MethodAndArgsCaller.run() (RuntimeInit.java:438)
06-28 19:14:55.298  8082  8082 I zygote  :   at void com.android.internal.os.ZygoteInit.main(java.lang.String[]) (ZygoteInit.java:807)
06-28 19:14:55.299  8082  8082 I zygote  : 
06-28 19:14:55.363  8082  8082 W PopupManager: You have not specified a View to use as content view for popups. Falling back to the Activity content view. Note that this may not work as expected in multi-screen environments
06-28 19:14:55.376  8082  8082 I zygote  : Rejecting re-init on previously-failed class java.lang.Class<android.support.v4.app.FragmentActivity>: java.lang.NoClassDefFoundError: Failed resolution of: Landroid/support/v4/app/BaseFragmentActivityApi16;
06-28 19:14:55.376  8082  8082 I zygote  :   at com.google.android.gms.common.api.GoogleApiClient$Builder com.prime31.GameHelper.createApiClientBuilder() (GameHelper.java:272)
06-28 19:14:55.376  8082  8082 I zygote  :   at void com.prime31.GameHelper.setup(com.prime31.GameHelper$GameHelperListener) (GameHelper.java:320)
06-28 19:14:55.376  8082  8082 I zygote  :   at void com.prime31.PlayGameServicesPlugin.initImpl() (PlayGameServicesPlugin.java:842)
06-28 19:14:55.376  8082  8082 I zygote  :   at void com.prime31.PlayGameServicesPlugin.onCreate(android.os.Bundle) (PlayGameServicesPlugin.java:576)
06-28 19:14:55.377  8082  8082 I zygote  :   at java.lang.Object java.lang.reflect.Method.invoke(java.lang.Object, java.lang.Object[]) (Method.java:-2)
06-28 19:14:55.377  8082  8082 I zygote  :   at void com.prime31.ActivityProxyObjectHelper.onCreate(android.os.Bundle) (ActivityProxyObjectHelper.java:81)
06-28 19:14:55.377  8082  8082 I zygote  :   at void com.prime31.UnityPlayerNativeActivity.onCreate(android.os.Bundle) (UnityPlayerNativeActivity.java:24)
06-28 19:14:55.377  8082  8082 I zygote  :   at void android.app.Activity.performCreate(android.os.Bundle, android.os.PersistableBundle) (Activity.java:7009)
06-28 19:14:55.377  8082  8082 I zygote  :   at void android.app.Activity.performCreate(android.os.Bundle) (Activity.java:7000)
06-28 19:14:55.377  8082  8082 I zygote  :   at void android.app.Instrumentation.callActivityOnCreate(android.app.Activity, android.os.Bundle) (Instrumentation.java:1214)
06-28 19:14:55.377  8082  8082 I zygote  :   at android.app.Activity android.app.ActivityThread.performLaunchActivity(android.app.ActivityThread$ActivityClientRecord, android.content.Intent) (ActivityThread.java:2731)
06-28 19:14:55.377  8082  8082 I zygote  :   at void android.app.ActivityThread.handleLaunchActivity(android.app.ActivityThread$ActivityClientRecord, android.content.Intent, java.lang.String) (ActivityThread.java:2856)
06-28 19:14:55.377  8082  8082 I zygote  :   at void android.app.ActivityThread.-wrap11(android.app.ActivityThread, android.app.ActivityThread$ActivityClientRecord, android.content.Intent, java.lang.String) (ActivityThread.java:-1)
06-28 19:14:55.377  8082  8082 I zygote  :   at void android.app.ActivityThread$H.handleMessage(android.os.Message) (ActivityThread.java:1589)
06-28 19:14:55.377  8082  8082 I zygote  :   at void android.os.Handler.dispatchMessage(android.os.Message) (Handler.java:106)
06-28 19:14:55.377  8082  8082 I zygote  :   at void android.os.Looper.loop() (Looper.java:164)
06-28 19:14:55.377  8082  8082 I zygote  :   at void android.app.ActivityThread.main(java.lang.String[]) (ActivityThread.java:6494)
06-28 19:14:55.377  8082  8082 I zygote  :   at java.lang.Object java.lang.reflect.Method.invoke(java.lang.Object, java.lang.Object[]) (Method.java:-2)
06-28 19:14:55.377  8082  8082 I zygote  :   at void com.android.internal.os.RuntimeInit$MethodAndArgsCaller.run() (RuntimeInit.java:438)
06-28 19:14:55.377  8082  8082 I zygote  :   at void com.android.internal.os.ZygoteInit.main(java.lang.String[]) (ZygoteInit.java:807)
06-28 19:14:55.377  8082  8082 I zygote  : Caused by: java.lang.ClassNotFoundException: android.support.v4.app.BaseFragmentActivityApi16
06-28 19:14:55.377  8082  8082 I zygote  :   at java.lang.Class java.lang.VMClassLoader.findLoadedClass(java.lang.ClassLoader, java.lang.String) (VMClassLoader.java:-2)
06-28 19:14:55.377  8082  8082 I zygote  :   at java.lang.Class java.lang.ClassLoader.findLoadedClass(java.lang.String) (ClassLoader.java:738)
06-28 19:14:55.377  8082  8082 I zygote  :   at java.lang.Class java.lang.ClassLoader.loadClass(java.lang.String, boolean) (ClassLoader.java:363)
06-28 19:14:55.378  8082  8082 I zygote  :   at java.lang.Class java.lang.ClassLoader.loadClass(java.lang.String) (ClassLoader.java:312)
06-28 19:14:55.378  8082  8082 I zygote  :   at com.google.android.gms.common.api.GoogleApiClient$Builder com.prime31.GameHelper.createApiClientBuilder() (GameHelper.java:272)
06-28 19:14:55.378  8082  8082 I zygote  :   at void com.prime31.GameHelper.setup(com.prime31.GameHelper$GameHelperListener) (GameHelper.java:320)
06-28 19:14:55.378  8082  8082 I zygote  :   at void com.prime31.PlayGameServicesPlugin.initImpl() (PlayGameServicesPlugin.java:842)
06-28 19:14:55.378  8082  8082 I zygote  :   at void com.prime31.PlayGameServicesPlugin.onCreate(android.os.Bundle) (PlayGameServicesPlugin.java:576)
06-28 19:14:55.378  8082  8082 I zygote  :   at java.lang.Object java.lang.reflect.Method.invoke(java.lang.Object, java.lang.Object[]) (Method.java:-2)
06-28 19:14:55.378  8082  8082 I zygote  :   at void com.prime31.ActivityProxyObjectHelper.onCreate(android.os.Bundle) (ActivityProxyObjectHelper.java:81)
06-28 19:14:55.378  8082  8082 I zygote  :   at void com.prime31.UnityPlayerNativeActivity.onCreate(android.os.Bundle) (UnityPlayerNativeActivity.java:24)
06-28 19:14:55.378  8082  8082 I zygote  :   at void android.app.Activity.performCreate(android.os.Bundle, android.os.PersistableBundle) (Activity.java:7009)
06-28 19:14:55.378  8082  8082 I zygote  :   at void android.app.Activity.performCreate(android.os.Bundle) (Activity.java:7000)
06-28 19:14:55.378  8082  8082 I zygote  :   at void android.app.Instrumentation.callActivityOnCreate(android.app.Activity, android.os.Bundle) (Instrumentation.java:1214)
06-28 19:14:55.378  8082  8082 I zygote  :   at android.app.Activity android.app.ActivityThread.performLaunchActivity(android.app.ActivityThread$ActivityClientRecord, android.content.Intent) (ActivityThread.java:2731)
06-28 19:14:55.378  8082  8082 I zygote  :   at void android.app.ActivityThread.handleLaunchActivity(android.app.ActivityThread$ActivityClientRecord, android.content.Intent, java.lang.String) (ActivityThread.java:2856)
06-28 19:14:55.378  8082  8082 I zygote  :   at void android.app.ActivityThread.-wrap11(android.app.ActivityThread, android.app.ActivityThread$ActivityClientRecord, android.content.Intent, java.lang.String) (ActivityThread.java:-1)
06-28 19:14:55.378  8082  8082 I zygote  :   at void android.app.ActivityThread$H.handleMessage(android.os.Message) (ActivityThread.java:1589)
06-28 19:14:55.378  8082  8082 I zygote  :   at void android.os.Handler.dispatchMessage(android.os.Message) (Handler.java:106)
06-28 19:14:55.378  8082  8082 I zygote  :   at void android.os.Looper.loop() (Looper.java:164)
06-28 19:14:55.378  8082  8082 I zygote  :   at void android.app.ActivityThread.main(java.lang.String[]) (ActivityThread.java:6494)
06-28 19:14:55.378  8082  8082 I zygote  :   at java.lang.Object java.lang.reflect.Method.invoke(java.lang.Object, java.lang.Object[]) (Method.java:-2)
06-28 19:14:55.378  8082  8082 I zygote  :   at void com.android.internal.os.RuntimeInit$MethodAndArgsCaller.run() (RuntimeInit.java:438)
06-28 19:14:55.378  8082  8082 I zygote  :   at void com.android.internal.os.ZygoteInit.main(java.lang.String[]) (ZygoteInit.java:807)
06-28 19:14:55.378  8082  8082 I zygote  : 
06-28 19:14:55.380  8082  8082 I zygote  : Rejecting re-init on previously-failed class java.lang.Class<android.support.v4.app.FragmentActivity>: java.lang.NoClassDefFoundError: Failed resolution of: Landroid/support/v4/app/BaseFragmentActivityApi16;
06-28 19:14:55.380  8082  8082 I zygote  :   at com.google.android.gms.common.api.GoogleApiClient$Builder com.prime31.GameHelper.createApiClientBuilder() (GameHelper.java:272)
06-28 19:14:55.380  8082  8082 I zygote  :   at void com.prime31.GameHelper.setup(com.prime31.GameHelper$GameHelperListener) (GameHelper.java:320)
06-28 19:14:55.380  8082  8082 I zygote  :   at void com.prime31.PlayGameServicesPlugin.initImpl() (PlayGameServicesPlugin.java:842)
06-28 19:14:55.380  8082  8082 I zygote  :   at void com.prime31.PlayGameServicesPlugin.onCreate(android.os.Bundle) (PlayGameServicesPlugin.java:576)
06-28 19:14:55.380  8082  8082 I zygote  :   at java.lang.Object java.lang.reflect.Method.invoke(java.lang.Object, java.lang.Object[]) (Method.java:-2)
06-28 19:14:55.380  8082  8082 I zygote  :   at void com.prime31.ActivityProxyObjectHelper.onCreate(android.os.Bundle) (ActivityProxyObjectHelper.java:81)
06-28 19:14:55.380  8082  8082 I zygote  :   at void com.prime31.UnityPlayerNativeActivity.onCreate(android.os.Bundle) (UnityPlayerNativeActivity.java:24)
06-28 19:14:55.380  8082  8082 I zygote  :   at void android.app.Activity.performCreate(android.os.Bundle, android.os.PersistableBundle) (Activity.java:7009)
06-28 19:14:55.380  8082  8082 I zygote  :   at void android.app.Activity.performCreate(android.os.Bundle) (Activity.java:7000)
06-28 19:14:55.380  8082  8082 I zygote  :   at void android.app.Instrumentation.callActivityOnCreate(android.app.Activity, android.os.Bundle) (Instrumentation.java:1214)
06-28 19:14:55.380  8082  8082 I zygote  :   at android.app.Activity android.app.ActivityThread.performLaunchActivity(android.app.ActivityThread$ActivityClientRecord, android.content.Intent) (ActivityThread.java:2731)
06-28 19:14:55.380  8082  8082 I zygote  :   at void android.app.ActivityThread.handleLaunchActivity(android.app.ActivityThread$ActivityClientRecord, android.content.Intent, java.lang.String) (ActivityThread.java:2856)
06-28 19:14:55.380  8082  8082 I zygote  :   at void android.app.ActivityThread.-wrap11(android.app.ActivityThread, android.app.ActivityThread$ActivityClientRecord, android.content.Intent, java.lang.String) (ActivityThread.java:-1)
06-28 19:14:55.380  8082  8082 I zygote  :   at void android.app.ActivityThread$H.handleMessage(android.os.Message) (ActivityThread.java:1589)
06-28 19:14:55.380  8082  8082 I zygote  :   at void android.os.Handler.dispatchMessage(android.os.Message) (Handler.java:106)
06-28 19:14:55.380  8082  8082 I zygote  :   at void android.os.Looper.loop() (Looper.java:164)
06-28 19:14:55.380  8082  8082 I zygote  :   at void android.app.ActivityThread.main(java.lang.String[]) (ActivityThread.java:6494)
06-28 19:14:55.380  8082  8082 I zygote  :   at java.lang.Object java.lang.reflect.Method.invoke(java.lang.Object, java.lang.Object[]) (Method.java:-2)
06-28 19:14:55.381  8082  8082 I zygote  :   at void com.android.internal.os.RuntimeInit$MethodAndArgsCaller.run() (RuntimeInit.java:438)
06-28 19:14:55.381  8082  8082 I zygote  :   at void com.android.internal.os.ZygoteInit.main(java.lang.String[]) (ZygoteInit.java:807)
06-28 19:14:55.381  8082  8082 I zygote  : Caused by: java.lang.ClassNotFoundException: android.support.v4.app.BaseFragmentActivityApi16
06-28 19:14:55.381  8082  8082 I zygote  :   at java.lang.Class java.lang.VMClassLoader.findLoadedClass(java.lang.ClassLoader, java.lang.String) (VMClassLoader.java:-2)
06-28 19:14:55.381  8082  8082 I zygote  :   at java.lang.Class java.lang.ClassLoader.findLoadedClass(java.lang.String) (ClassLoader.java:738)
06-28 19:14:55.381  8082  8082 I zygote  :   at java.lang.Class java.lang.ClassLoader.loadClass(java.lang.String, boolean) (ClassLoader.java:363)
06-28 19:14:55.381  8082  8082 I zygote  :   at java.lang.Class java.lang.ClassLoader.loadClass(java.lang.String) (ClassLoader.java:312)
06-28 19:14:55.381  8082  8082 I zygote  :   at com.google.android.gms.common.api.GoogleApiClient$Builder com.prime31.GameHelper.createApiClientBuilder() (GameHelper.java:272)
06-28 19:14:55.381  8082  8082 I zygote  :   at void com.prime31.GameHelper.setup(com.prime31.GameHelper$GameHelperListener) (GameHelper.java:320)
06-28 19:14:55.381  8082  8082 I zygote  :   at void com.prime31.PlayGameServicesPlugin.initImpl() (PlayGameServicesPlugin.java:842)
06-28 19:14:55.381  8082  8082 I zygote  :   at void com.prime31.PlayGameServicesPlugin.onCreate(android.os.Bundle) (PlayGameServicesPlugin.java:576)
06-28 19:14:55.381  8082  8082 I zygote  :   at java.lang.Object java.lang.reflect.Method.invoke(java.lang.Object, java.lang.Object[]) (Method.java:-2)
06-28 19:14:55.381  8082  8082 I zygote  :   at void com.prime31.ActivityProxyObjectHelper.onCreate(android.os.Bundle) (ActivityProxyObjectHelper.java:81)
06-28 19:14:55.381  8082  8082 I zygote  :   at void com.prime31.UnityPlayerNativeActivity.onCreate(android.os.Bundle) (UnityPlayerNativeActivity.java:24)
06-28 19:14:55.381  8082  8082 I zygote  :   at void android.app.Activity.performCreate(android.os.Bundle, android.os.PersistableBundle) (Activity.java:7009)
06-28 19:14:55.381  8082  8082 I zygote  :   at void android.app.Activity.performCreate(android.os.Bundle) (Activity.java:7000)
06-28 19:14:55.381  8082  8082 I zygote  :   at void android.app.Instrumentation.callActivityOnCreate(android.app.Activity, android.os.Bundle) (Instrumentation.java:1214)
06-28 19:14:55.381  8082  8082 I zygote  :   at android.app.Activity android.app.ActivityThread.performLaunchActivity(android.app.ActivityThread$ActivityClientRecord, android.content.Intent) (ActivityThread.java:2731)
06-28 19:14:55.381  8082  8082 I zygote  :   at void android.app.ActivityThread.handleLaunchActivity(android.app.ActivityThread$ActivityClientRecord, android.content.Intent, java.lang.String) (ActivityThread.java:2856)
06-28 19:14:55.381  8082  8082 I zygote  :   at void android.app.ActivityThread.-wrap11(android.app.ActivityThread, android.app.ActivityThread$ActivityClientRecord, android.content.Intent, java.lang.String) (ActivityThread.java:-1)
06-28 19:14:55.381  8082  8082 I zygote  :   at void android.app.ActivityThread$H.handleMessage(android.os.Message) (ActivityThread.java:1589)
06-28 19:14:55.381  8082  8082 I zygote  :   at void android.os.Handler.dispatchMessage(android.os.Message) (Handler.java:106)
06-28 19:14:55.382  8082  8082 I zygote  :   at void android.os.Looper.loop() (Looper.java:164)
06-28 19:14:55.382  8082  8082 I zygote  :   at void android.app.ActivityThread.main(java.lang.String[]) (ActivityThread.java:6494)
06-28 19:14:55.382  8082  8082 I zygote  :   at java.lang.Object java.lang.reflect.Method.invoke(java.lang.Object, java.lang.Object[]) (Method.java:-2)
06-28 19:14:55.382  8082  8082 I zygote  :   at void com.android.internal.os.RuntimeInit$MethodAndArgsCaller.run() (RuntimeInit.java:438)
06-28 19:14:55.382  8082  8082 I zygote  :   at void com.android.internal.os.ZygoteInit.main(java.lang.String[]) (ZygoteInit.java:807)
06-28 19:14:55.382  8082  8082 I zygote  : 
06-28 19:14:55.397  1603 12888 W AppOps  : Bad call: specified package com.google.android.gms under uid 10081 but it is really 10014
06-28 19:14:55.397  1603 12888 W AppOps  : java.lang.RuntimeException: here
06-28 19:14:55.397  1603 12888 W AppOps  : 	at com.android.server.AppOpsService.getOpsRawLocked(AppOpsService.java:1322)
06-28 19:14:55.397  1603 12888 W AppOps  : 	at com.android.server.AppOpsService.checkPackage(AppOpsService.java:1041)
06-28 19:14:55.397  1603 12888 W AppOps  : 	at com.android.internal.app.IAppOpsService$Stub.onTransact(IAppOpsService.java:169)
06-28 19:14:55.397  1603 12888 W AppOps  : 	at android.os.Binder.execTransact(Binder.java:697)
06-28 19:14:55.409  8082  8082 I Prime31 : onStart. calling through to GameHelper.onStart with connectOnStart set to false
06-28 19:14:55.426  8082  8082 I Prime31-TBMP: wiring up OnTurnBasedMatchUpdateReceivedListener
06-28 19:14:55.563  1401  6331 D gralloc_ranchu: gralloc_alloc: Creating ashmem region of size 8298496
06-28 19:14:55.564  8082  8092 I zygote  : Background concurrent copying GC freed 5951(2MB) AllocSpace objects, 0(0B) LOS objects, 58% free, 1087KB/2MB, paused 6.591ms total 149.172ms
06-28 19:14:55.589  1708  1708 I Choreographer: Skipped 53 frames!  The application may be doing too much work on its main thread.
06-28 19:14:55.628  8082  8082 D         : HostConnection::get() New Host Connection established 0xa3c26a80, tid 8082
06-28 19:14:55.651  1401  6331 D gralloc_ranchu: gralloc_alloc: Creating ashmem region of size 544768
06-28 19:14:55.734  1603  1651 E WindowManager: Performed 6 layouts in a row. Skipping
06-28 19:14:55.755  1708  1708 W StaticLayout: maxLineHeight should not be -1.  maxLines:7 lineCount:7
06-28 19:14:55.778  1603  1624 W WindowManager: Window freeze timeout expired.
06-28 19:14:55.779  1603  1624 W WindowManager: Force clearing orientation change: Window{3d4d499 u0 StatusBar}
06-28 19:14:55.779  1603  1624 W WindowManager: Force clearing orientation change: Window{24e13c1 u0 Splash Screen com.skgames.trafficrider}
06-28 19:14:55.775  1708  1708 I chatty  : uid=10029(com.android.systemui) identical 2 lines
06-28 19:14:55.777  1708  1708 W StaticLayout: maxLineHeight should not be -1.  maxLines:7 lineCount:7
06-28 19:14:55.786  1708  1708 W StaticLayout: maxLineHeight should not be -1.  maxLines:1 lineCount:1
06-28 19:14:55.787  1708  1708 I chatty  : uid=10029(com.android.systemui) identical 1 line
06-28 19:14:55.787  1708  1708 W StaticLayout: maxLineHeight should not be -1.  maxLines:1 lineCount:1
06-28 19:14:55.795  1708  1708 W StaticLayout: maxLineHeight should not be -1.  maxLines:7 lineCount:7
06-28 19:14:55.810  1708  1708 I chatty  : uid=10029(com.android.systemui) identical 2 lines
06-28 19:14:55.811  1708  1708 W StaticLayout: maxLineHeight should not be -1.  maxLines:7 lineCount:7
06-28 19:14:55.825  1603  1624 I ActivityManager: Displayed com.skgames.trafficrider/com.prime31.UnityPlayerNativeActivity: +2s87ms
06-28 19:14:55.830  1603  1651 I WindowManager: Screen frozen for +2s108ms due to Window{3d4d499 u0 StatusBar}
06-28 19:14:55.833  1708  1708 W StaticLayout: maxLineHeight should not be -1.  maxLines:7 lineCount:7
06-28 19:14:55.866  1708  1708 I chatty  : uid=10029(com.android.systemui) identical 2 lines
06-28 19:14:55.867  1708  1708 W StaticLayout: maxLineHeight should not be -1.  maxLines:7 lineCount:7
06-28 19:14:55.873  1412  1412 D SurfaceFlinger: duplicate layer name: changing BlackSurface to BlackSurface#1
06-28 19:14:55.888  1708  1708 W StaticLayout: maxLineHeight should not be -1.  maxLines:1 lineCount:1
06-28 19:14:55.889  1708  1708 I chatty  : uid=10029(com.android.systemui) identical 1 line
06-28 19:14:55.891  1708  1708 W StaticLayout: maxLineHeight should not be -1.  maxLines:1 lineCount:1
06-28 19:14:55.894  1708  1708 W StaticLayout: maxLineHeight should not be -1.  maxLines:7 lineCount:7
06-28 19:14:55.897  1708  1708 W StaticLayout: maxLineHeight should not be -1.  maxLines:7 lineCount:7
06-28 19:14:55.901  1412  1412 D SurfaceFlinger: duplicate layer name: changing BlackSurface to BlackSurface#2
06-28 19:14:55.918  1708  1708 W StaticLayout: maxLineHeight should not be -1.  maxLines:7 lineCount:7
06-28 19:14:55.920  1708  1708 W StaticLayout: maxLineHeight should not be -1.  maxLines:7 lineCount:7
06-28 19:14:55.955  1412  1412 D SurfaceFlinger: duplicate layer name: changing BlackSurface to BlackSurface#3
06-28 19:14:56.056  1401  6331 D gralloc_ranchu: gralloc_alloc: Creating ashmem region of size 487424
06-28 19:14:56.156  1412  1412 W SurfaceFlinger: couldn't log to binary event log: overflow.
06-28 19:14:56.166  1708  1708 W StaticLayout: maxLineHeight should not be -1.  maxLines:7 lineCount:7
06-28 19:14:56.178  1708  1708 I chatty  : uid=10029(com.android.systemui) identical 2 lines
06-28 19:14:56.180  1708  1708 W StaticLayout: maxLineHeight should not be -1.  maxLines:7 lineCount:7
06-28 19:14:56.197  1708  1708 W StaticLayout: maxLineHeight should not be -1.  maxLines:1 lineCount:1
06-28 19:14:56.197  1708  1708 I chatty  : uid=10029(com.android.systemui) identical 1 line
06-28 19:14:56.198  1708  1708 W StaticLayout: maxLineHeight should not be -1.  maxLines:1 lineCount:1
06-28 19:14:56.204  1524  7771 I PBSessionCacheImpl: Deleted sessionId[7025004119939] from persistence.
06-28 19:14:56.225  1708  1708 W StaticLayout: maxLineHeight should not be -1.  maxLines:7 lineCount:7
06-28 19:14:56.288  1708  1708 I chatty  : uid=10029(com.android.systemui) identical 4 lines
06-28 19:14:56.291  1708  1708 W StaticLayout: maxLineHeight should not be -1.  maxLines:7 lineCount:7
06-28 19:14:56.297  1603  4580 I WifiService: getWifiEnabledState uid=10032
06-28 19:14:56.357  1708  1708 W StaticLayout: maxLineHeight should not be -1.  maxLines:7 lineCount:7
06-28 19:14:56.357  1708  1708 W StaticLayout: maxLineHeight should not be -1.  maxLines:7 lineCount:7
06-28 19:14:56.376  1524  1631 W SearchServiceCore: Abort, client detached.
06-28 19:14:56.381  1708  1708 W StaticLayout: maxLineHeight should not be -1.  maxLines:1 lineCount:1
06-28 19:14:56.381  1708  1708 I chatty  : uid=10029(com.android.systemui) identical 1 line
06-28 19:14:56.384  1708  1708 W StaticLayout: maxLineHeight should not be -1.  maxLines:1 lineCount:1
06-28 19:14:56.385  1708  1708 W StaticLayout: maxLineHeight should not be -1.  maxLines:7 lineCount:7
06-28 19:14:56.412  1708  1708 I chatty  : uid=10029(com.android.systemui) identical 2 lines
06-28 19:14:56.415  1708  1708 W StaticLayout: maxLineHeight should not be -1.  maxLines:7 lineCount:7
06-28 19:14:56.416  8082  8082 I Prime31 : we only launched 1 seconds ago so this is the Google 'failed auth bug'. Disregarding only this failure and moving on.
06-28 19:14:56.466  1708  1708 D StatusBar: disable<e i a s b h r c s q >
06-28 19:14:56.492  1708  1926 D EGL_emulation: eglMakeCurrent: 0x9268e860: ver 2 0 (tinfo 0x92690770)
06-28 19:14:56.512  1401  6331 D gralloc_ranchu: gralloc_alloc: Creating ashmem region of size 487424
06-28 19:14:56.568  1708  1708 W StatusBar/NavBarView: *** Invalid layout in navigation bar (sizeChanged this=126x1080 cur=126x1038)
06-28 19:14:56.654  1708  1708 D EGL_emulation: eglCreateContext: 0x90073880: maj 2 min 0 rcv 2
06-28 19:14:56.662  1708  1708 D EGL_emulation: eglMakeCurrent: 0x90073880: ver 2 0 (tinfo 0x92183a80)
06-28 19:14:56.676  1401  6331 D gralloc_ranchu: gralloc_alloc: Creating ashmem region of size 8298496
06-28 19:14:56.695  1708  1708 D EGL_emulation: eglMakeCurrent: 0x90073880: ver 2 0 (tinfo 0x92183a80)
06-28 19:14:56.752  1401  6331 D gralloc_ranchu: gralloc_alloc: Creating ashmem region of size 8298496
06-28 19:14:56.789  1401  6331 D gralloc_ranchu: gralloc_alloc: Creating ashmem region of size 487424
06-28 19:14:56.804  1708  1926 D EGL_emulation: eglMakeCurrent: 0x9268e860: ver 2 0 (tinfo 0x92690770)
06-28 19:14:57.018  8082  8098 I Unity   : SystemInfo CPU = Intel x86 SSE3, Cores = 2, Memory = 1512mb
06-28 19:14:57.022  8082  8098 I Unity   : ApplicationInfo com.skgames.trafficrider version 1.61 build e2cf18d2-8ba2-4a59-8cbd-1d7f8d3313c2
06-28 19:14:57.022  8082  8098 I Unity   : Built from '2017.4/staging' branch, Version '2017.4.25f1 (9cba1c3a94f1)', Build type 'Release', Scripting Backend 'mono'
06-28 19:14:57.082  1401  6331 D gralloc_ranchu: gralloc_alloc: Creating ashmem region of size 8298496
06-28 19:14:57.244  1401  6331 D gralloc_ranchu: gralloc_alloc: Creating ashmem region of size 8298496
06-28 19:14:57.283  8082  8082 W UnityMain: type=1400 audit(0.0:22): avc: denied { read } for name="stat" dev="proc" ino=4026531999 scontext=u:r:untrusted_app:s0:c512,c768 tcontext=u:object_r:proc_stat:s0 tclass=file permissive=0
06-28 19:14:58.060 19569 24697 I TelephonySpam: TelephonySpamChimeraService - Running Telephony Spam Chimera Service
