06-29 15:30:52.004  3472  3472 I net.osmand: RoutingHelper Recalculate route, because correlation  : 1720791.804763571
06-29 15:30:52.004  3472  3472 I net.osmand: RoutingHelper Recalculate route, because wrong movement direction: 1720838.0
06-29 15:30:52.972  3472  3472 I net.osmand: RoutingHelper Recalculate route, because correlation  : 1720791.804763571
06-29 15:30:53.035  3472  3472 I net.osmand: RoutingHelper Recalculate route, because correlation  : 1720791.804763571
06-29 15:30:53.035  3472  3472 I net.osmand: RoutingHelper Recalculate route, because wrong movement direction: 1720838.0
06-29 15:30:53.183  3472  3472 I net.osmand: RoutingHelper Recalculate route, because correlation  : 1720791.804763571
06-29 15:30:53.183  3472  3472 I net.osmand: RoutingHelper Recalculate route, because wrong movement direction: 1720838.0
06-29 15:30:53.252  3472  3472 I net.osmand: RoutingHelper Recalculate route, because correlation  : 1720791.804763571
06-29 15:30:53.958  3472  3472 I net.osmand: RoutingHelper Recalculate route, because correlation  : 1720791.804763571
06-29 15:30:53.959  3472  3472 I net.osmand: RoutingHelper Recalculate route, because wrong movement direction: 1720838.0
06-29 15:30:54.028  3472  3472 I net.osmand: RoutingHelper Recalculate route, because correlation  : 1720791.804763571
06-29 15:30:54.489  3472  3472 I net.osmand: RoutingHelper Recalculate route, because correlation  : 1720791.804763571
06-29 15:30:54.489  3472  3472 I net.osmand: RoutingHelper Recalculate route, because wrong movement direction: 1720838.0
06-29 15:30:54.545  3472  3472 I net.osmand: RoutingHelper Recalculate route, because correlation  : 1720791.804763571
06-29 15:30:54.952  3472  3472 I net.osmand: RoutingHelper Recalculate route, because correlation  : 1720791.804763571
06-29 15:30:54.952  3472  3472 I net.osmand: RoutingHelper Recalculate route, because wrong movement direction: 1720838.0
06-29 15:30:54.984  3472  3472 I net.osmand: RoutingHelper Recalculate route, because correlation  : 1720791.804763571
06-29 15:30:55.778  3472  3472 I net.osmand: RoutingHelper Recalculate route, because correlation  : 1720791.804763571
06-29 15:30:55.778  3472  3472 I net.osmand: RoutingHelper Recalculate route, because wrong movement direction: 1720838.0
06-29 15:30:55.887  3472  3472 I net.osmand: RoutingHelper Recalculate route, because correlation  : 1720791.804763571
06-29 15:30:56.004  3472  3472 I net.osmand: RoutingHelper Recalculate route, because correlation  : 1720791.804763571
06-29 15:30:56.004  3472  3472 I net.osmand: RoutingHelper Recalculate route, because wrong movement direction: 1720838.0
06-29 15:30:56.018  3472  3472 I net.osmand: RoutingHelper Recalculate route, because correlation  : 1720791.804763571
06-29 15:30:56.249  1600  1609 I zygote  : Background concurrent copying GC freed 78314(3MB) AllocSpace objects, 4(216KB) LOS objects, 25% free, 17MB/23MB, paused 25.814ms total 457.755ms
06-29 15:30:56.388  3472  3482 I zygote  : Background concurrent copying GC freed 221785(6MB) AllocSpace objects, 0(0B) LOS objects, 30% free, 13MB/19MB, paused 19.881ms total 368.853ms
06-29 15:30:56.918  1600 17607 D NetworkMonitor/NetworkAgentInfo [MOBILE (GPRS) - 100]: PROBE_DNS connectivitycheck.gstatic.com 10009ms OK 2800:3f0:4001:81a::2003
06-29 15:30:56.976  3472  3472 I net.osmand: RoutingHelper Recalculate route, because correlation  : 1720791.804763571
06-29 15:30:56.976  3472  3472 I net.osmand: RoutingHelper Recalculate route, because wrong movement direction: 1720838.0
06-29 15:30:56.988  1964  1964 I GeofencerStateMachine: sendNewTransitions called.
06-29 15:30:57.043  3472  3472 I net.osmand: RoutingHelper Recalculate route, because correlation  : 1720791.804763571
06-29 15:30:57.156  3472  3472 I chatty  : uid=10104(net.osmand) identical 1 line
06-29 15:30:57.174  3472  3472 I net.osmand: RoutingHelper Recalculate route, because correlation  : 1720791.804763571
06-29 15:30:57.174  3472  3472 I net.osmand: RoutingHelper Recalculate route, because wrong movement direction: 1720838.0
06-29 15:30:57.967  3472  3472 I net.osmand: RoutingHelper Recalculate route, because correlation  : 1720791.804763571
06-29 15:30:57.970  3472  3472 I net.osmand: RoutingHelper Recalculate route, because correlation  : 1720791.804763571
06-29 15:30:57.970  3472  3472 I net.osmand: RoutingHelper Recalculate route, because wrong movement direction: 1720838.0
06-29 15:30:58.573  3472  3472 I net.osmand: RoutingHelper Recalculate route, because correlation  : 1720791.804763571
06-29 15:30:58.573  3472  3472 I net.osmand: RoutingHelper Recalculate route, because wrong movement direction: 1720838.0
06-29 15:30:58.598  3472  3472 I net.osmand: RoutingHelper Recalculate route, because correlation  : 1720791.804763571
06-29 15:30:58.717  1600 17606 D NetworkMonitor/NetworkAgentInfo [MOBILE (GPRS) - 100]: PROBE_HTTPS https://www.google.com/generate_204 Probe failed with exception java.net.ConnectException: Failed to connect to www.google.com/2800:3f0:4001:801::2004:443
06-29 15:30:58.719  1600 17607 D NetworkMonitor/NetworkAgentInfo [MOBILE (GPRS) - 100]: PROBE_HTTP http://connectivitycheck.gstatic.com/generate_204 Probe failed with exception java.net.ConnectException: Failed to connect to connectivitycheck.gstatic.com/2800:3f0:4001:81a::2003:80
06-29 15:30:58.959  3472  3472 I net.osmand: RoutingHelper Recalculate route, because correlation  : 1720791.804763571
06-29 15:30:58.973  3472  3472 I net.osmand: RoutingHelper Recalculate route, because correlation  : 1720791.804763571
06-29 15:30:58.974  3472  3472 I net.osmand: RoutingHelper Recalculate route, because wrong movement direction: 1720838.0
06-29 15:30:59.044  1600  2385 D NetworkMonitor/NetworkAgentInfo [MOBILE (GPRS) - 100]: PROBE_FALLBACK http://play.googleapis.com/generate_204 time=9133ms ret=204 request={User-Agent=[Mozilla/5.0 (X11; Linux x86_64) AppleWebKit/537.36 (KHTML, like Gecko) Chrome/60.0.3112.32 Safari/537.36]} headers={null=[HTTP/1.1 204 No Content], Content-Length=[0], Date=[Sat, 29 Jun 2019 15:30:53 GMT], X-Android-Received-Millis=[1561822259043], X-Android-Response-Source=[NETWORK 204], X-Android-Selected-Protocol=[http/1.1], X-Android-Sent-Millis=[1561822249912]}
06-29 15:30:59.047  1600  1678 D ConnectivityService: NetworkAgentInfo [MOBILE (GPRS) - 100] validation failed
06-29 15:30:59.851  3472  3472 I net.osmand: RoutingHelper Recalculate route, because correlation  : 1720791.804763571
06-29 15:30:59.858  3472  3472 I net.osmand: RoutingHelper Recalculate route, because correlation  : 1720791.804763571
06-29 15:30:59.858  3472  3472 I net.osmand: RoutingHelper Recalculate route, because wrong movement direction: 1720838.0
06-29 15:30:59.994  3472  3472 I net.osmand: RoutingHelper Recalculate route, because correlation  : 1720791.804763571
06-29 15:30:59.994  3472  3472 I net.osmand: RoutingHelper Recalculate route, because wrong movement direction: 1720838.0
06-29 15:31:00.058  3472  3472 I net.osmand: RoutingHelper Recalculate route, because correlation  : 1720791.804763571
06-29 15:31:00.061  1600  1613 E memtrack: Couldn't load memtrack module
06-29 15:31:00.061  1600  1613 W android.os.Debug: failed to get memory consumption info: -1
06-29 15:31:00.274  1600  1613 E memtrack: Couldn't load memtrack module
06-29 15:31:00.274  1600  1613 W android.os.Debug: failed to get memory consumption info: -1
06-29 15:31:00.950  3472  3472 I net.osmand: RoutingHelper Recalculate route, because correlation  : 1720791.804763571
06-29 15:31:00.978  3472  3472 I net.osmand: RoutingHelper Recalculate route, because correlation  : 1720791.804763571
06-29 15:31:00.978  3472  3472 I net.osmand: RoutingHelper Recalculate route, because wrong movement direction: 1720838.0
06-29 15:31:01.246  3472  3472 I net.osmand: RoutingHelper Recalculate route, because correlation  : 1720791.804763571
06-29 15:31:01.267  3472  3472 I net.osmand: RoutingHelper Recalculate route, because correlation  : 1720791.804763571
06-29 15:31:01.267  3472  3472 I net.osmand: RoutingHelper Recalculate route, because wrong movement direction: 1720838.0
06-29 15:31:01.951  3472  3472 I net.osmand: RoutingHelper Recalculate route, because correlation  : 1720791.804763571
06-29 15:31:01.979  3472  3472 I net.osmand: RoutingHelper Recalculate route, because correlation  : 1720791.804763571
06-29 15:31:01.980  3472  3472 I net.osmand: RoutingHelper Recalculate route, because wrong movement direction: 1720838.0
06-29 15:31:02.550  3472  3472 I net.osmand: RoutingHelper Recalculate route, because correlation  : 1720791.804763571
06-29 15:31:02.561  3472  3472 I net.osmand: RoutingHelper Recalculate route, because correlation  : 1720791.804763571
06-29 15:31:02.561  3472  3472 I net.osmand: RoutingHelper Recalculate route, because wrong movement direction: 1720838.0
06-29 15:31:02.962  3472  3472 I net.osmand: RoutingHelper Recalculate route, because correlation  : 1720791.804763571
06-29 15:31:02.966  3472  3472 I net.osmand: RoutingHelper Recalculate route, because correlation  : 1720791.804763571
06-29 15:31:02.966  3472  3472 I net.osmand: RoutingHelper Recalculate route, because wrong movement direction: 1720838.0
06-29 15:31:03.876  3472  3472 I net.osmand: RoutingHelper Recalculate route, because correlation  : 1720791.804763571
06-29 15:31:03.883  3472  3472 I net.osmand: RoutingHelper Recalculate route, because correlation  : 1720791.804763571
06-29 15:31:03.883  3472  3472 I net.osmand: RoutingHelper Recalculate route, because wrong movement direction: 1720838.0
06-29 15:31:03.987  3472  3472 I net.osmand: RoutingHelper Recalculate route, because correlation  : 1720791.804763571
06-29 15:31:03.989  3472  3472 I net.osmand: RoutingHelper Recalculate route, because correlation  : 1720791.804763571
06-29 15:31:03.989  3472  3472 I net.osmand: RoutingHelper Recalculate route, because wrong movement direction: 1720838.0
06-29 15:31:04.461  1600  1613 E memtrack: Couldn't load memtrack module
06-29 15:31:04.461  1600  1613 W android.os.Debug: failed to get memory consumption info: -1
06-29 15:31:04.604  1600  1613 E memtrack: Couldn't load memtrack module
06-29 15:31:04.604  1600  1613 W android.os.Debug: failed to get memory consumption info: -1
06-29 15:31:04.670  1600  1613 E memtrack: Couldn't load memtrack module
06-29 15:31:04.670  1600  1613 W android.os.Debug: failed to get memory consumption info: -1
06-29 15:31:04.980  3472  3472 I net.osmand: RoutingHelper Recalculate route, because correlation  : 1720791.804763571
06-29 15:31:04.980  3472  3472 I net.osmand: RoutingHelper Recalculate route, because wrong movement direction: 1720838.0
06-29 15:31:04.987  3472  3472 I net.osmand: RoutingHelper Recalculate route, because correlation  : 1720791.804763571
06-29 15:31:05.183  3472  3472 I net.osmand: RoutingHelper Recalculate route, because correlation  : 1720791.804763571
06-29 15:31:05.183  3472  3472 I net.osmand: RoutingHelper Recalculate route, because wrong movement direction: 1720838.0
06-29 15:31:05.246  3472  3472 I net.osmand: RoutingHelper Recalculate route, because correlation  : 1720791.804763571
06-29 15:31:05.970  3472  3472 I net.osmand: RoutingHelper Recalculate route, because correlation  : 1720791.804763571
06-29 15:31:05.970  3472  3472 I net.osmand: RoutingHelper Recalculate route, because wrong movement direction: 1720838.0
06-29 15:31:06.017  3472  3472 I net.osmand: RoutingHelper Recalculate route, because correlation  : 1720791.804763571
06-29 15:31:06.489  3472  3472 I net.osmand: RoutingHelper Recalculate route, because correlation  : 1720791.804763571
06-29 15:31:06.489  3472  3472 I net.osmand: RoutingHelper Recalculate route, because wrong movement direction: 1720838.0
06-29 15:31:06.563  3472  3472 I net.osmand: RoutingHelper Recalculate route, because correlation  : 1720791.804763571
06-29 15:31:06.952  3472  3472 D net.osmand: DayNightHelper Sunrise/sunset setting to day: true
06-29 15:31:06.973  3472  3472 I net.osmand: RoutingHelper Recalculate route, because correlation  : 1720791.804763571
06-29 15:31:06.973  3472  3472 I net.osmand: RoutingHelper Recalculate route, because wrong movement direction: 1720838.0
06-29 15:31:07.028  3472  3472 I net.osmand: RoutingHelper Recalculate route, because correlation  : 1720791.804763571
06-29 15:31:07.810  3472  3472 I chatty  : uid=10104(net.osmand) identical 1 line
06-29 15:31:07.818  3472  3472 I net.osmand: RoutingHelper Recalculate route, because correlation  : 1720791.804763571
06-29 15:31:07.819  3472  3472 I net.osmand: RoutingHelper Recalculate route, because wrong movement direction: 1720838.0
06-29 15:31:07.871  1600 17617 D NetworkMonitor/NetworkAgentInfo [WIFI () - 101]: PROBE_DNS connectivitycheck.gstatic.com 45ms OK 172.217.172.131,2800:3f0:4001:81a::2003
06-29 15:31:07.999  3472  3472 I net.osmand: RoutingHelper Recalculate route, because correlation  : 1720791.804763571
06-29 15:31:08.017  3472  3472 I net.osmand: RoutingHelper Recalculate route, because correlation  : 1720791.804763571
06-29 15:31:08.018  3472  3472 I net.osmand: RoutingHelper Recalculate route, because wrong movement direction: 1720838.0
06-29 15:31:08.969  3472  3472 I net.osmand: RoutingHelper Recalculate route, because correlation  : 1720791.804763571
06-29 15:31:08.981  3472  3472 I net.osmand: RoutingHelper Recalculate route, because correlation  : 1720791.804763571
06-29 15:31:08.981  3472  3472 I net.osmand: RoutingHelper Recalculate route, because wrong movement direction: 1720838.0
06-29 15:31:09.168  3472  3472 I net.osmand: RoutingHelper Recalculate route, because correlation  : 1720791.804763571
06-29 15:31:09.169  3472  3472 I net.osmand: RoutingHelper Recalculate route, because wrong movement direction: 1720838.0
06-29 15:31:09.230  3472  3472 I net.osmand: RoutingHelper Recalculate route, because correlation  : 1720791.804763571
06-29 15:31:09.974  3472  3472 I chatty  : uid=10104(net.osmand) identical 1 line
06-29 15:31:09.976  3472  3472 I net.osmand: RoutingHelper Recalculate route, because correlation  : 1720791.804763571
06-29 15:31:09.976  3472  3472 I net.osmand: RoutingHelper Recalculate route, because wrong movement direction: 1720838.0
06-29 15:31:10.460  3472  3472 I net.osmand: RoutingHelper Recalculate route, because correlation  : 1720791.804763571
06-29 15:31:10.464  3472  3472 I net.osmand: RoutingHelper Recalculate route, because correlation  : 1720791.804763571
06-29 15:31:10.464  3472  3472 I net.osmand: RoutingHelper Recalculate route, because wrong movement direction: 1720838.0
06-29 15:31:10.963  3472  3472 I net.osmand: RoutingHelper Recalculate route, because correlation  : 1720791.804763571
06-29 15:31:10.991  3472  3472 I net.osmand: RoutingHelper Recalculate route, because correlation  : 1720791.804763571
06-29 15:31:10.991  3472  3472 I net.osmand: RoutingHelper Recalculate route, because wrong movement direction: 1720838.0
06-29 15:31:11.038  1600  1792 I WifiService: acquireWifiLock uid=10014 lockMode=2
06-29 15:31:11.813  3472  3472 I net.osmand: RoutingHelper Recalculate route, because correlation  : 1720791.804763571
06-29 15:31:11.820  3472  3472 I net.osmand: RoutingHelper Recalculate route, because correlation  : 1720791.804763571
06-29 15:31:11.820  3472  3472 I net.osmand: RoutingHelper Recalculate route, because wrong movement direction: 1720838.0
06-29 15:31:11.981  3472  3472 I net.osmand: RoutingHelper Recalculate route, because correlation  : 1720791.804763571
06-29 15:31:11.982  3472  3472 I net.osmand: RoutingHelper Recalculate route, because wrong movement direction: 1720838.0
06-29 15:31:12.058  3472  3472 I net.osmand: RoutingHelper Recalculate route, because correlation  : 1720791.804763571
06-29 15:31:12.958  3472  3472 I chatty  : uid=10104(net.osmand) identical 1 line
06-29 15:31:12.970  3472  3472 I net.osmand: RoutingHelper Recalculate route, because correlation  : 1720791.804763571
06-29 15:31:12.970  3472  3472 I net.osmand: RoutingHelper Recalculate route, because wrong movement direction: 1720838.0
06-29 15:31:13.200  3472  3472 I net.osmand: RoutingHelper Recalculate route, because correlation  : 1720791.804763571
06-29 15:31:13.265  3472  3472 I net.osmand: RoutingHelper Recalculate route, because correlation  : 1720791.804763571
06-29 15:31:13.265  3472  3472 I net.osmand: RoutingHelper Recalculate route, because wrong movement direction: 1720838.0
06-29 15:31:13.965  3472  3472 I net.osmand: RoutingHelper Recalculate route, because correlation  : 1720791.804763571
06-29 15:31:13.967  3472  3472 I net.osmand: RoutingHelper Recalculate route, because correlation  : 1720791.804763571
06-29 15:31:13.967  3472  3472 I net.osmand: RoutingHelper Recalculate route, because wrong movement direction: 1720838.0
06-29 15:31:14.057  1600  7245 D WificondControl: Scan result ready event
06-29 15:31:14.178  1600  4840 I WifiService: releaseWifiLock uid=10014
06-29 15:31:14.474  3472  3472 I net.osmand: RoutingHelper Recalculate route, because correlation  : 1720791.804763571
06-29 15:31:14.501  3472  3472 I net.osmand: RoutingHelper Recalculate route, because correlation  : 1720791.804763571
06-29 15:31:14.501  3472  3472 I net.osmand: RoutingHelper Recalculate route, because wrong movement direction: 1720838.0
06-29 15:31:14.960  3472  3472 I net.osmand: RoutingHelper Recalculate route, because correlation  : 1720791.804763571
06-29 15:31:14.975  3472  3472 I net.osmand: RoutingHelper Recalculate route, because correlation  : 1720791.804763571
06-29 15:31:14.975  3472  3472 I net.osmand: RoutingHelper Recalculate route, because wrong movement direction: 1720838.0
06-29 15:31:15.885  3472  3472 I net.osmand: RoutingHelper Recalculate route, because correlation  : 1720791.804763571
06-29 15:31:15.886  3472  3472 I net.osmand: RoutingHelper Recalculate route, because wrong movement direction: 1720838.0
06-29 15:31:15.955  3472  3472 I net.osmand: RoutingHelper Recalculate route, because correlation  : 1720791.804763571
06-29 15:31:16.025  3472  3472 I net.osmand: RoutingHelper Recalculate route, because correlation  : 1720791.804763571
06-29 15:31:16.026  3472  3472 I net.osmand: RoutingHelper Recalculate route, because wrong movement direction: 1720838.0
06-29 15:31:16.088  3472  3472 I net.osmand: RoutingHelper Recalculate route, because correlation  : 1720791.804763571
06-29 15:31:16.964  3472  3472 I chatty  : uid=10104(net.osmand) identical 1 line
06-29 15:31:16.982  3472  3472 I net.osmand: RoutingHelper Recalculate route, because correlation  : 1720791.804763571
06-29 15:31:16.982  3472  3472 I net.osmand: RoutingHelper Recalculate route, because wrong movement direction: 1720838.0
06-29 15:31:17.078  1600 17613 D NetworkMonitor/NetworkAgentInfo [MOBILE (GPRS) - 100]: PROBE_DNS connectivitycheck.gstatic.com 10017ms OK 2800:3f0:4001:81a::2003
06-29 15:31:17.079  1600 17612 D NetworkMonitor/NetworkAgentInfo [MOBILE (GPRS) - 100]: PROBE_DNS www.google.com 10018ms OK 172.217.28.228
06-29 15:31:17.259  3472  3472 I net.osmand: RoutingHelper Recalculate route, because correlation  : 1720791.804763571
06-29 15:31:17.305  3472  3472 I net.osmand: RoutingHelper Recalculate route, because correlation  : 1720791.804763571
06-29 15:31:17.305  3472  3472 I net.osmand: RoutingHelper Recalculate route, because wrong movement direction: 1720838.0
06-29 15:31:17.891  1600 17616 D NetworkMonitor/NetworkAgentInfo [WIFI () - 101]: PROBE_DNS www.google.com 10061ms OK 172.217.28.228
06-29 15:31:17.966  3472  3472 I net.osmand: RoutingHelper Recalculate route, because correlation  : 1720791.804763571
06-29 15:31:17.974  3472  3472 I net.osmand: RoutingHelper Recalculate route, because correlation  : 1720791.804763571
06-29 15:31:17.974  3472  3472 I net.osmand: RoutingHelper Recalculate route, because wrong movement direction: 1720838.0
06-29 15:31:18.642  3472  3472 I net.osmand: RoutingHelper Recalculate route, because correlation  : 1720791.804763571
06-29 15:31:18.759  3472  3472 I net.osmand: RoutingHelper Recalculate route, because correlation  : 1720791.804763571
06-29 15:31:18.759  3472  3472 I net.osmand: RoutingHelper Recalculate route, because wrong movement direction: 1720838.0
06-29 15:31:19.015  3472  3472 I net.osmand: RoutingHelper Recalculate route, because correlation  : 1720791.804763571
06-29 15:31:19.035  3472  3472 I net.osmand: RoutingHelper Recalculate route, because correlation  : 1720791.804763571
06-29 15:31:19.035  3472  3472 I net.osmand: RoutingHelper Recalculate route, because wrong movement direction: 1720838.0
06-29 15:31:19.218  5485  5485 I Dialer  : SpamAsyncTaskUtil.getAndUpdateServerSpamList - request:a: "us"
06-29 15:31:19.218  5485  5485 I Dialer  : b: 230502
06-29 15:31:19.218  5485  5485 I Dialer  : c: 230502
06-29 15:31:19.218  5485  5485 I Dialer  : d: 1561810645000
06-29 15:31:19.218  5485  5485 I Dialer  : e: "us"
06-29 15:31:19.218  5485  5485 I Dialer  : f: ""
06-29 15:31:19.218  5485  5485 I Dialer  : p: -1
06-29 15:31:19.984  3472  3472 I net.osmand: RoutingHelper Recalculate route, because correlation  : 1720791.804763571
06-29 15:31:19.984  3472  3472 I net.osmand: RoutingHelper Recalculate route, because wrong movement direction: 1720838.0
06-29 15:31:20.000  3472  3472 I net.osmand: RoutingHelper Recalculate route, because correlation  : 1720791.804763571
06-29 15:31:20.186  3472  3472 I chatty  : uid=10104(net.osmand) identical 1 line
06-29 15:31:20.202  3472  3472 I net.osmand: RoutingHelper Recalculate route, because correlation  : 1720791.804763571
06-29 15:31:20.203  3472  3472 I net.osmand: RoutingHelper Recalculate route, because wrong movement direction: 1720838.0
06-29 15:31:20.960  3472  3472 I net.osmand: RoutingHelper Recalculate route, because correlation  : 1720791.804763571
06-29 15:31:20.982  3472  3472 I net.osmand: RoutingHelper Recalculate route, because correlation  : 1720791.804763571
06-29 15:31:20.983  3472  3472 I net.osmand: RoutingHelper Recalculate route, because wrong movement direction: 1720838.0
06-29 15:31:21.431  3472  3472 I net.osmand: RoutingHelper Recalculate route, because correlation  : 1720791.804763571
06-29 15:31:21.431  3472  3472 I net.osmand: RoutingHelper Recalculate route, because wrong movement direction: 1720838.0
06-29 15:31:21.450  3472  3472 I net.osmand: RoutingHelper Recalculate route, because correlation  : 1720791.804763571
06-29 15:31:21.963  3472  3472 I net.osmand: RoutingHelper Recalculate route, because correlation  : 1720791.804763571
06-29 15:31:21.963  3472  3472 I net.osmand: RoutingHelper Recalculate route, because wrong movement direction: 1720838.0
06-29 15:31:21.975  3472  3472 I net.osmand: RoutingHelper Recalculate route, because correlation  : 1720791.804763571
06-29 15:31:22.823  3472  3472 I chatty  : uid=10104(net.osmand) identical 1 line
06-29 15:31:22.833  3472  3472 I net.osmand: RoutingHelper Recalculate route, because correlation  : 1720791.804763571
06-29 15:31:22.833  3472  3472 I net.osmand: RoutingHelper Recalculate route, because wrong movement direction: 1720838.0
06-29 15:31:22.906  1406  1406 I boot-pipe: done populating /dev/random
06-29 15:31:22.994  3472  3472 I net.osmand: RoutingHelper Recalculate route, because correlation  : 1720791.804763571
06-29 15:31:23.001  3472  3472 I net.osmand: RoutingHelper Recalculate route, because correlation  : 1720791.804763571
06-29 15:31:23.001  3472  3472 I net.osmand: RoutingHelper Recalculate route, because wrong movement direction: 1720838.0
06-29 15:31:23.975  3472  3472 I net.osmand: RoutingHelper Recalculate route, because correlation  : 1720791.804763571
06-29 15:31:23.986  3472  3472 I net.osmand: RoutingHelper Recalculate route, because correlation  : 1720791.804763571
06-29 15:31:23.986  3472  3472 I net.osmand: RoutingHelper Recalculate route, because wrong movement direction: 1720838.0
06-29 15:31:24.168  3472  3472 I net.osmand: RoutingHelper Recalculate route, because correlation  : 1720791.804763571
06-29 15:31:24.194  3472  3472 I net.osmand: RoutingHelper Recalculate route, because correlation  : 1720791.804763571
06-29 15:31:24.194  3472  3472 I net.osmand: RoutingHelper Recalculate route, because wrong movement direction: 1720838.0
06-29 15:31:24.972  3472  3472 I net.osmand: RoutingHelper Recalculate route, because correlation  : 1720791.804763571
06-29 15:31:24.972  3472  3472 I net.osmand: RoutingHelper Recalculate route, because wrong movement direction: 1720838.0
06-29 15:31:25.045  3472  3472 I net.osmand: RoutingHelper Recalculate route, because correlation  : 1720791.804763571
06-29 15:31:25.476  3472  3472 I chatty  : uid=10104(net.osmand) identical 1 line
06-29 15:31:25.487  3472  3472 I net.osmand: RoutingHelper Recalculate route, because correlation  : 1720791.804763571
06-29 15:31:25.487  3472  3472 I net.osmand: RoutingHelper Recalculate route, because wrong movement direction: 1720838.0
06-29 15:31:25.967  3472  3472 I net.osmand: RoutingHelper Recalculate route, because correlation  : 1720791.804763571
06-29 15:31:25.969  3472  3472 I net.osmand: RoutingHelper Recalculate route, because correlation  : 1720791.804763571
06-29 15:31:25.969  3472  3472 I net.osmand: RoutingHelper Recalculate route, because wrong movement direction: 1720838.0
06-29 15:31:26.801  3472  3472 I net.osmand: RoutingHelper Recalculate route, because correlation  : 1720791.804763571
06-29 15:31:26.843  3472  3472 I net.osmand: RoutingHelper Recalculate route, because correlation  : 1720791.804763571
06-29 15:31:26.843  3472  3472 I net.osmand: RoutingHelper Recalculate route, because wrong movement direction: 1720838.0
06-29 15:31:27.009  3472  3472 I net.osmand: RoutingHelper Recalculate route, because correlation  : 1720791.804763571
06-29 15:31:27.010  3472  3472 I net.osmand: RoutingHelper Recalculate route, because correlation  : 1720791.804763571
06-29 15:31:27.010  3472  3472 I net.osmand: RoutingHelper Recalculate route, because wrong movement direction: 1720838.0
06-29 15:31:27.094  1600 17613 D NetworkMonitor/NetworkAgentInfo [MOBILE (GPRS) - 100]: PROBE_HTTP http://connectivitycheck.gstatic.com/generate_204 Probe failed with exception java.net.SocketTimeoutException: failed to connect to connectivitycheck.gstatic.com/2800:3f0:4001:81a::2003 (port 80) from /fec0::b85f:5d26:2faf:a41d (port 59972) after 9997ms
06-29 15:31:27.896  1600 17617 D NetworkMonitor/NetworkAgentInfo [WIFI () - 101]: PROBE_HTTP http://connectivitycheck.gstatic.com/generate_204 Probe failed with exception java.net.SocketTimeoutException: failed to connect to connectivitycheck.gstatic.com/2800:3f0:4001:81a::2003 (port 80) from /fec0::7874:a8bd:4205:7510 (port 40009) after 10000ms
06-29 15:31:27.905  1600 17616 D NetworkMonitor/NetworkAgentInfo [WIFI () - 101]: PROBE_HTTPS https://www.google.com/generate_204 Probe failed with exception java.net.SocketTimeoutException: failed to connect to www.google.com/172.217.28.228 (port 443) from /192.168.232.2 (port 53667) after 10000ms
06-29 15:31:27.988  3472  3472 I net.osmand: RoutingHelper Recalculate route, because correlation  : 1720791.804763571
06-29 15:31:27.988  3472  3472 I net.osmand: RoutingHelper Recalculate route, because wrong movement direction: 1720838.0
06-29 15:31:27.994  1964  1964 I GeofencerStateMachine: sendNewTransitions called.
06-29 15:31:28.005  3472  3472 I net.osmand: RoutingHelper Recalculate route, because correlation  : 1720791.804763571
06-29 15:31:28.195  3472  3472 I chatty  : uid=10104(net.osmand) identical 1 line
06-29 15:31:28.207  3472  3472 I net.osmand: RoutingHelper Recalculate route, because correlation  : 1720791.804763571
06-29 15:31:28.207  3472  3472 I net.osmand: RoutingHelper Recalculate route, because wrong movement direction: 1720838.0
06-29 15:31:28.968  3472  3472 I net.osmand: RoutingHelper Recalculate route, because correlation  : 1720791.804763571
06-29 15:31:28.972  3472  3472 I net.osmand: RoutingHelper Recalculate route, because correlation  : 1720791.804763571
06-29 15:31:28.972  3472  3472 I net.osmand: RoutingHelper Recalculate route, because wrong movement direction: 1720838.0
06-29 15:31:29.566  3472  3472 I net.osmand: RoutingHelper Recalculate route, because correlation  : 1720791.804763571
06-29 15:31:29.566  3472  3472 I net.osmand: RoutingHelper Recalculate route, because wrong movement direction: 1720838.0
06-29 15:31:29.666  3472  3472 I net.osmand: RoutingHelper Recalculate route, because correlation  : 1720791.804763571
06-29 15:31:29.974  3472  3472 I net.osmand: RoutingHelper Recalculate route, because correlation  : 1720791.804763571
06-29 15:31:29.975  3472  3472 I net.osmand: RoutingHelper Recalculate route, because wrong movement direction: 1720838.0
06-29 15:31:29.998  3472  3472 I net.osmand: RoutingHelper Recalculate route, because correlation  : 1720791.804763571
06-29 15:31:30.014  1964 17583 E WakeLock: GCM_HB_ALARM release without a matched acquire!
06-29 15:31:30.015  1964 17583 W WakeLock: GCM_HB_ALARM counter does not exist
06-29 15:31:30.826  3472  3472 I net.osmand: RoutingHelper Recalculate route, because correlation  : 1720791.804763571
06-29 15:31:30.846  3472  3472 I net.osmand: RoutingHelper Recalculate route, because correlation  : 1720791.804763571
06-29 15:31:30.846  3472  3472 I net.osmand: RoutingHelper Recalculate route, because wrong movement direction: 1720838.0
06-29 15:31:31.010  3472  3472 I net.osmand: RoutingHelper Recalculate route, because correlation  : 1720791.804763571
06-29 15:31:31.014  3472  3472 I net.osmand: RoutingHelper Recalculate route, because correlation  : 1720791.804763571
06-29 15:31:31.015  3472  3472 I net.osmand: RoutingHelper Recalculate route, because wrong movement direction: 1720838.0
06-29 15:31:31.095  1600  5065 I WifiService: acquireWifiLock uid=10014 lockMode=2
06-29 15:31:31.215  1600  4840 I WifiService: releaseWifiLock uid=10014
06-29 15:31:31.854  1600 17612 D NetworkMonitor/NetworkAgentInfo [MOBILE (GPRS) - 100]: PROBE_HTTPS https://www.google.com/generate_204 Probe failed with exception java.net.SocketTimeoutException: SSL handshake timed out
06-29 15:31:31.968  3472  3472 I net.osmand: RoutingHelper Recalculate route, because correlation  : 1720791.804763571
06-29 15:31:31.982  3472  3472 I net.osmand: RoutingHelper Recalculate route, because correlation  : 1720791.804763571
06-29 15:31:31.982  3472  3472 I net.osmand: RoutingHelper Recalculate route, because wrong movement direction: 1720838.0
06-29 15:31:32.220  3472  3472 I net.osmand: RoutingHelper Recalculate route, because correlation  : 1720791.804763571
06-29 15:31:32.227  3472  3472 I net.osmand: RoutingHelper Recalculate route, because correlation  : 1720791.804763571
06-29 15:31:32.227  3472  3472 I net.osmand: RoutingHelper Recalculate route, because wrong movement direction: 1720838.0
06-29 15:31:32.993  3472  3472 I net.osmand: RoutingHelper Recalculate route, because correlation  : 1720791.804763571
06-29 15:31:32.994  3472  3472 I net.osmand: RoutingHelper Recalculate route, because wrong movement direction: 1720838.0
06-29 15:31:33.045  3472  3472 I net.osmand: RoutingHelper Recalculate route, because correlation  : 1720791.804763571
06-29 15:31:33.555  3472  3472 I chatty  : uid=10104(net.osmand) identical 1 line
06-29 15:31:33.566  3472  3472 I net.osmand: RoutingHelper Recalculate route, because correlation  : 1720791.804763571
06-29 15:31:33.566  3472  3472 I net.osmand: RoutingHelper Recalculate route, because wrong movement direction: 1720838.0
06-29 15:31:33.969  3472  3472 I net.osmand: RoutingHelper Recalculate route, because correlation  : 1720791.804763571
06-29 15:31:33.988  3472  3472 I net.osmand: RoutingHelper Recalculate route, because correlation  : 1720791.804763571
06-29 15:31:33.988  3472  3472 I net.osmand: RoutingHelper Recalculate route, because wrong movement direction: 1720838.0
06-29 15:31:34.849  3472  3472 I net.osmand: RoutingHelper Recalculate route, because correlation  : 1720791.804763571
06-29 15:31:34.855  3472  3472 I net.osmand: RoutingHelper Recalculate route, because correlation  : 1720791.804763571
06-29 15:31:34.855  3472  3472 I net.osmand: RoutingHelper Recalculate route, because wrong movement direction: 1720838.0
06-29 15:31:35.042  3472  3472 I net.osmand: RoutingHelper Recalculate route, because correlation  : 1720791.804763571
06-29 15:31:35.050  3472  3472 I net.osmand: RoutingHelper Recalculate route, because correlation  : 1720791.804763571
06-29 15:31:35.050  3472  3472 I net.osmand: RoutingHelper Recalculate route, because wrong movement direction: 1720838.0
06-29 15:31:36.024  3472  3472 I net.osmand: RoutingHelper Recalculate route, because correlation  : 1720791.804763571
06-29 15:31:36.025  3472  3472 I net.osmand: RoutingHelper Recalculate route, because wrong movement direction: 1720838.0
06-29 15:31:36.038  3472  3472 I net.osmand: RoutingHelper Recalculate route, because correlation  : 1720791.804763571
06-29 15:31:36.374  3472  3472 I net.osmand: RoutingHelper Recalculate route, because correlation  : 1720791.804763571
06-29 15:31:36.374  3472  3472 I net.osmand: RoutingHelper Recalculate route, because wrong movement direction: 1720838.0
06-29 15:31:36.391  3472  3472 I net.osmand: RoutingHelper Recalculate route, because correlation  : 1720791.804763571
06-29 15:31:36.973  1600  3204 D NetworkMonitor/NetworkAgentInfo [WIFI () - 101]: PROBE_FALLBACK http://play.googleapis.com/generate_204 Probe failed with exception java.net.SocketTimeoutException: timeout
06-29 15:31:36.974  1600  1678 D ConnectivityService: NetworkAgentInfo [WIFI () - 101] validation failed
06-29 15:31:36.975  1600  1674 D WifiStateMachine: NETWORK_STATUS_UNWANTED_VALIDATION_FAILED
06-29 15:31:36.977  3472  3472 I net.osmand: RoutingHelper Recalculate route, because correlation  : 1720791.804763571
06-29 15:31:36.977  3472  3472 I net.osmand: RoutingHelper Recalculate route, because wrong movement direction: 1720838.0
06-29 15:31:37.025  3472  3472 I net.osmand: RoutingHelper Recalculate route, because correlation  : 1720791.804763571
06-29 15:31:37.681  3472  3472 I chatty  : uid=10104(net.osmand) identical 1 line
06-29 15:31:37.691  3472  3472 I net.osmand: RoutingHelper Recalculate route, because correlation  : 1720791.804763571
06-29 15:31:37.691  3472  3472 I net.osmand: RoutingHelper Recalculate route, because wrong movement direction: 1720838.0
06-29 15:31:37.978  3472  3472 I net.osmand: RoutingHelper Recalculate route, because correlation  : 1720791.804763571
06-29 15:31:37.984  3472  3472 I net.osmand: RoutingHelper Recalculate route, because correlation  : 1720791.804763571
06-29 15:31:37.984  3472  3472 I net.osmand: RoutingHelper Recalculate route, because wrong movement direction: 1720838.0
06-29 15:31:37.997  1600  2385 D NetworkMonitor/NetworkAgentInfo [MOBILE (GPRS) - 100]: PROBE_FALLBACK http://www.google.com/gen_204 Probe failed with exception java.net.SocketTimeoutException: timeout
06-29 15:31:37.998  1600  1678 D ConnectivityService: NetworkAgentInfo [MOBILE (GPRS) - 100] validation failed
06-29 15:31:38.983  3472  3472 I net.osmand: RoutingHelper Recalculate route, because correlation  : 1720791.804763571
06-29 15:31:38.983  3472  3472 I net.osmand: RoutingHelper Recalculate route, because wrong movement direction: 1720838.0
06-29 15:31:38.996  3472  3472 I net.osmand: RoutingHelper Recalculate route, because correlation  : 1720791.804763571
06-29 15:31:38.996  3472  3472 I net.osmand: RoutingHelper Recalculate route, because wrong movement direction: 1720838.0
06-29 15:31:39.067  3472  3472 I net.osmand: RoutingHelper Recalculate route, because correlation  : 1720791.804763571
06-29 15:31:39.970  3472  3472 I chatty  : uid=10104(net.osmand) identical 2 lines
06-29 15:31:39.977  3472  3472 I net.osmand: RoutingHelper Recalculate route, because correlation  : 1720791.804763571
06-29 15:31:39.977  3472  3472 I net.osmand: RoutingHelper Recalculate route, because wrong movement direction: 1720838.0
06-29 15:31:40.055  1964 17626 E WakeLock: GCM_HB_ALARM release without a matched acquire!
06-29 15:31:40.056  1964 17626 W WakeLock: GCM_HB_ALARM counter does not exist
06-29 15:31:40.076  1964 17626 W WakeLock: GCM_CONN_ALARM counter does not exist
06-29 15:31:40.454  3472  3472 I net.osmand: RoutingHelper Recalculate route, because correlation  : 1720791.804763571
06-29 15:31:40.457  3472  3472 I net.osmand: RoutingHelper Recalculate route, because correlation  : 1720791.804763571
06-29 15:31:40.457  3472  3472 I net.osmand: RoutingHelper Recalculate route, because wrong movement direction: 1720838.0
06-29 15:31:40.973  3472  3472 I net.osmand: RoutingHelper Recalculate route, because correlation  : 1720791.804763571
06-29 15:31:40.974  3472  3472 I net.osmand: RoutingHelper Recalculate route, because wrong movement direction: 1720838.0
06-29 15:31:41.004  3472  3472 I net.osmand: RoutingHelper Recalculate route, because correlation  : 1720791.804763571
06-29 15:31:41.796  3472  3472 I chatty  : uid=10104(net.osmand) identical 1 line
06-29 15:31:41.815  3472  3472 I net.osmand: RoutingHelper Recalculate route, because correlation  : 1720791.804763571
06-29 15:31:41.816  3472  3472 I net.osmand: RoutingHelper Recalculate route, because wrong movement direction: 1720838.0
06-29 15:31:41.860  1600  1613 E memtrack: Couldn't load memtrack module
06-29 15:31:41.860  1600  1613 W android.os.Debug: failed to get memory consumption info: -1
06-29 15:31:42.059  1600  1613 E memtrack: Couldn't load memtrack module
06-29 15:31:42.059  1600  1613 W android.os.Debug: failed to get memory consumption info: -1
06-29 15:31:42.117  1600  1613 E memtrack: Couldn't load memtrack module
06-29 15:31:42.117  1600  1613 W android.os.Debug: failed to get memory consumption info: -1
06-29 15:31:42.170  3472  3472 I net.osmand: RoutingHelper Recalculate route, because correlation  : 1720791.804763571
06-29 15:31:42.170  3472  3472 I net.osmand: RoutingHelper Recalculate route, because wrong movement direction: 1720838.0
06-29 15:31:42.185  3472  3472 I net.osmand: RoutingHelper Recalculate route, because correlation  : 1720791.804763571
06-29 15:31:43.020  3472  3472 I chatty  : uid=10104(net.osmand) identical 1 line
06-29 15:31:43.093  3472  3472 I net.osmand: RoutingHelper Recalculate route, because correlation  : 1720791.804763571
06-29 15:31:43.093  3472  3472 I net.osmand: RoutingHelper Recalculate route, because wrong movement direction: 1720838.0
06-29 15:31:43.250  3472  3472 I net.osmand: RoutingHelper Recalculate route, because correlation  : 1720791.804763571
06-29 15:31:43.250  3472  3472 I net.osmand: RoutingHelper Recalculate route, because wrong movement direction: 1720838.0
06-29 15:31:43.266  3472  3472 I net.osmand: RoutingHelper Recalculate route, because correlation  : 1720791.804763571
06-29 15:31:43.983  3472  3472 I net.osmand: RoutingHelper Recalculate route, because correlation  : 1720791.804763571
06-29 15:31:43.984  3472  3472 I net.osmand: RoutingHelper Recalculate route, because wrong movement direction: 1720838.0
06-29 15:31:44.008  3472  3472 I net.osmand: RoutingHelper Recalculate route, because correlation  : 1720791.804763571
06-29 15:31:44.449  3472  3472 I chatty  : uid=10104(net.osmand) identical 1 line
06-29 15:31:44.470  3472  3472 I net.osmand: RoutingHelper Recalculate route, because correlation  : 1720791.804763571
06-29 15:31:44.470  3472  3472 I net.osmand: RoutingHelper Recalculate route, because wrong movement direction: 1720838.0
06-29 15:31:44.974  3472  3472 I net.osmand: RoutingHelper Recalculate route, because correlation  : 1720791.804763571
06-29 15:31:44.995  3472  3472 I net.osmand: RoutingHelper Recalculate route, because correlation  : 1720791.804763571
06-29 15:31:44.995  3472  3472 I net.osmand: RoutingHelper Recalculate route, because wrong movement direction: 1720838.0
06-29 15:31:45.761  3472  3472 I net.osmand: RoutingHelper Recalculate route, because correlation  : 1720791.804763571
06-29 15:31:45.761  3472  3472 I net.osmand: RoutingHelper Recalculate route, because wrong movement direction: 1720838.0
06-29 15:31:45.834  3472  3472 I net.osmand: RoutingHelper Recalculate route, because correlation  : 1720791.804763571
06-29 15:31:46.019  3472  3472 I net.osmand: RoutingHelper Recalculate route, because correlation  : 1720791.804763571
06-29 15:31:46.019  3472  3472 I net.osmand: RoutingHelper Recalculate route, because wrong movement direction: 1720838.0
06-29 15:31:46.064  3472  3472 I net.osmand: RoutingHelper Recalculate route, because correlation  : 1720791.804763571
06-29 15:31:46.273  1600  5065 I WifiService: getConnectionInfo uid=10014
06-29 15:31:46.486  1964  2256 I GeofencerStateMachine: addGeofences called by com.google.android.apps.maps
06-29 15:31:46.577  1600  5065 I GnssLocationProvider: WakeLock acquired by sendMessage(SET_REQUEST, 0, com.android.server.location.GnssLocationProvider$GpsRequest@28ee44c)
06-29 15:31:46.578  1600  1613 I GnssLocationProvider: WakeLock released by handleMessage(SET_REQUEST, 0, com.android.server.location.GnssLocationProvider$GpsRequest@28ee44c)
06-29 15:31:46.655  1600  2131 I WifiService: getWifiEnabledState uid=10062
06-29 15:31:46.660  1600  5065 I GnssLocationProvider: WakeLock acquired by sendMessage(SET_REQUEST, 0, com.android.server.location.GnssLocationProvider$GpsRequest@5e571aa)
06-29 15:31:46.661  1600  1613 I GnssLocationProvider: WakeLock released by handleMessage(SET_REQUEST, 0, com.android.server.location.GnssLocationProvider$GpsRequest@5e571aa)
06-29 15:31:46.839  5679  7607 I zygote  : IncrementDisableThreadFlip blocked for 5.677ms
06-29 15:31:46.849  1964  1978 I zygote  : Background concurrent copying GC freed 124463(5MB) AllocSpace objects, 0(0B) LOS objects, 39% free, 9MB/15MB, paused 926us total 328.257ms
06-29 15:31:46.876  1964  1964 I GeofencerStateMachine: sendNewLocationAvailability: availability=LocationAvailability[isLocationAvailable: true]
06-29 15:31:46.907  1964  1964 W ChimeraUtils: Non Chimera context
06-29 15:31:46.907  1964  1964 W ChimeraUtils: Non Chimera context
06-29 15:31:46.919  1964  1964 I GeofencerStateMachine: sendNewLocationAvailability: availability=LocationAvailability[isLocationAvailable: true]
06-29 15:31:46.987  3472  3472 I net.osmand: RoutingHelper Recalculate route, because correlation  : 1720791.804763571
06-29 15:31:47.008  3472  3472 I net.osmand: RoutingHelper Recalculate route, because correlation  : 1720791.804763571
06-29 15:31:47.008  3472  3472 I net.osmand: RoutingHelper Recalculate route, because wrong movement direction: 1720838.0
06-29 15:31:47.312  3472  3472 I net.osmand: RoutingHelper Recalculate route, because correlation  : 1720791.804763571
06-29 15:31:47.366  3472  3472 I net.osmand: RoutingHelper Recalculate route, because correlation  : 1720791.804763571
06-29 15:31:47.366  3472  3472 I net.osmand: RoutingHelper Recalculate route, because wrong movement direction: 1720838.0
06-29 15:31:47.741  1964  3820 W ResourceType: ResTable_typeSpec entry count inconsistent: given 15, previously 22
06-29 15:31:47.744  1600  1609 I zygote  : Background concurrent copying GC freed 75084(3MB) AllocSpace objects, 0(0B) LOS objects, 25% free, 17MB/23MB, paused 1.274ms total 989.993ms
06-29 15:31:47.980  3472  3472 I net.osmand: RoutingHelper Recalculate route, because correlation  : 1720791.804763571
06-29 15:31:47.988  3472  3472 I net.osmand: RoutingHelper Recalculate route, because correlation  : 1720791.804763571
06-29 15:31:47.988  3472  3472 I net.osmand: RoutingHelper Recalculate route, because wrong movement direction: 1720838.0
06-29 15:31:48.590  3472  3472 I net.osmand: RoutingHelper Recalculate route, because correlation  : 1720791.804763571
06-29 15:31:48.652  3472  3472 I net.osmand: RoutingHelper Recalculate route, because correlation  : 1720791.804763571
06-29 15:31:48.652  3472  3472 I net.osmand: RoutingHelper Recalculate route, because wrong movement direction: 1720838.0
06-29 15:31:48.985  3472  3472 I net.osmand: RoutingHelper Recalculate route, because correlation  : 1720791.804763571
06-29 15:31:49.000  3472  3472 I net.osmand: RoutingHelper Recalculate route, because correlation  : 1720791.804763571
06-29 15:31:49.000  3472  3472 I net.osmand: RoutingHelper Recalculate route, because wrong movement direction: 1720838.0
06-29 15:31:49.901  3472  3472 I net.osmand: RoutingHelper Recalculate route, because correlation  : 1720791.804763571
06-29 15:31:49.926  3472  3472 I net.osmand: RoutingHelper Recalculate route, because correlation  : 1720791.804763571
06-29 15:31:49.927  3472  3472 I net.osmand: RoutingHelper Recalculate route, because wrong movement direction: 1720838.0
06-29 15:31:50.036  3472  3472 I net.osmand: RoutingHelper Recalculate route, because correlation  : 1720791.804763571
06-29 15:31:50.042  3472  3472 I net.osmand: RoutingHelper Recalculate route, because correlation  : 1720791.804763571
06-29 15:31:50.042  3472  3472 I net.osmand: RoutingHelper Recalculate route, because wrong movement direction: 1720838.0
06-29 15:31:51.027  3472  3472 I net.osmand: RoutingHelper Recalculate route, because correlation  : 1720791.804763571
06-29 15:31:51.027  3472  3472 I net.osmand: RoutingHelper Recalculate route, because wrong movement direction: 1720838.0
06-29 15:31:51.084  3472  3472 I net.osmand: RoutingHelper Recalculate route, because correlation  : 1720791.804763571
06-29 15:31:51.297  3472  3472 I chatty  : uid=10104(net.osmand) identical 1 line
06-29 15:31:51.323  3472  3472 I net.osmand: RoutingHelper Recalculate route, because correlation  : 1720791.804763571
06-29 15:31:51.323  3472  3472 I net.osmand: RoutingHelper Recalculate route, because wrong movement direction: 1720838.0
06-29 15:31:51.985  3472  3472 I net.osmand: RoutingHelper Recalculate route, because correlation  : 1720791.804763571
06-29 15:31:51.997  3472  3472 I net.osmand: RoutingHelper Recalculate route, because correlation  : 1720791.804763571
06-29 15:31:51.998  3472  3472 I net.osmand: RoutingHelper Recalculate route, because wrong movement direction: 1720838.0
06-29 15:31:52.146  1600  4840 I WifiService: acquireWifiLock uid=10014 lockMode=2
06-29 15:31:52.632  3472  3472 I net.osmand: RoutingHelper Recalculate route, because correlation  : 1720791.804763571
06-29 15:31:52.637  3472  3472 I net.osmand: RoutingHelper Recalculate route, because correlation  : 1720791.804763571
06-29 15:31:52.637  3472  3472 I net.osmand: RoutingHelper Recalculate route, because wrong movement direction: 1720838.0
06-29 15:31:52.981  3472  3472 I net.osmand: RoutingHelper Recalculate route, because correlation  : 1720791.804763571
06-29 15:31:52.981  3472  3472 I net.osmand: RoutingHelper Recalculate route, because wrong movement direction: 1720838.0
06-29 15:31:53.039  3472  3472 I net.osmand: RoutingHelper Recalculate route, because correlation  : 1720791.804763571
06-29 15:31:53.226  3472  3482 I zygote  : Background concurrent copying GC freed 217339(6MB) AllocSpace objects, 0(0B) LOS objects, 30% free, 13MB/19MB, paused 10.944ms total 574.198ms
06-29 15:31:53.937  3472  3472 I net.osmand: RoutingHelper Recalculate route, because correlation  : 1720791.804763571
06-29 15:31:53.937  3472  3472 I net.osmand: RoutingHelper Recalculate route, because wrong movement direction: 1720838.0
06-29 15:31:53.948  3472  3472 I net.osmand: RoutingHelper Recalculate route, because correlation  : 1720791.804763571
06-29 15:31:54.064  3472  3472 I net.osmand: RoutingHelper Recalculate route, because correlation  : 1720791.804763571
06-29 15:31:54.066  3472  3472 I net.osmand: RoutingHelper Recalculate route, because wrong movement direction: 1720838.0
06-29 15:31:54.082  3472  3472 I net.osmand: RoutingHelper Recalculate route, because correlation  : 1720791.804763571
06-29 15:31:54.995  3472  3472 I chatty  : uid=10104(net.osmand) identical 1 line
06-29 15:31:55.010  3472  3472 I net.osmand: RoutingHelper Recalculate route, because correlation  : 1720791.804763571
06-29 15:31:55.010  3472  3472 I net.osmand: RoutingHelper Recalculate route, because wrong movement direction: 1720838.0
06-29 15:31:55.135  1600  5065 D WificondControl: Scan result ready event
06-29 15:31:55.247  1600  5065 I WifiService: releaseWifiLock uid=10014
06-29 15:31:55.387  3472  3472 I net.osmand: RoutingHelper Recalculate route, because correlation  : 1720791.804763571
06-29 15:31:55.404  3472  3472 I net.osmand: RoutingHelper Recalculate route, because correlation  : 1720791.804763571
06-29 15:31:55.404  3472  3472 I net.osmand: RoutingHelper Recalculate route, because wrong movement direction: 1720838.0
06-29 15:31:55.989  3472  3472 I net.osmand: RoutingHelper Recalculate route, because correlation  : 1720791.804763571
06-29 15:31:55.989  3472  3472 I net.osmand: RoutingHelper Recalculate route, because wrong movement direction: 1720838.0
06-29 15:31:56.079  3472  3472 I net.osmand: RoutingHelper Recalculate route, because correlation  : 1720791.804763571
06-29 15:31:56.742  3472  3472 I chatty  : uid=10104(net.osmand) identical 1 line
06-29 15:31:56.760  3472  3472 I net.osmand: RoutingHelper Recalculate route, because correlation  : 1720791.804763571
06-29 15:31:56.760  3472  3472 I net.osmand: RoutingHelper Recalculate route, because wrong movement direction: 1720838.0
06-29 15:31:57.007  3472  3472 I net.osmand: RoutingHelper Recalculate route, because correlation  : 1720791.804763571
06-29 15:31:57.063  3472  3472 I net.osmand: RoutingHelper Recalculate route, because correlation  : 1720791.804763571
06-29 15:31:57.063  3472  3472 I net.osmand: RoutingHelper Recalculate route, because wrong movement direction: 1720838.0
06-29 15:31:57.984  3472  3472 I net.osmand: RoutingHelper Recalculate route, because correlation  : 1720791.804763571
06-29 15:31:57.984  3472  3472 I net.osmand: RoutingHelper Recalculate route, because wrong movement direction: 1720838.0
06-29 15:31:58.015  1964  1964 I GeofencerStateMachine: sendNewTransitions called.
