06-28 10:18:29.857 12507 12519 I zygote  : Background concurrent copying GC freed 314863(6MB) AllocSpace objects, 0(0B) LOS objects, 21% free, 22MB/28MB, paused 1.051ms total 162.537ms
06-28 10:18:32.325 12507 12519 I zygote  : Background concurrent copying GC freed 269060(5MB) AllocSpace objects, 0(0B) LOS objects, 20% free, 23MB/29MB, paused 890us total 176.649ms
06-28 10:18:35.335 12507 12519 I zygote  : Background concurrent copying GC freed 295479(6MB) AllocSpace objects, 0(0B) LOS objects, 20% free, 23MB/29MB, paused 784us total 218.121ms
06-28 10:18:37.332 12507 12519 I zygote  : Background concurrent copying GC freed 323093(7MB) AllocSpace objects, 0(0B) LOS objects, 20% free, 23MB/29MB, paused 787us total 181.515ms
06-28 10:18:40.114 19546 19546 I GeofencerStateMachine: sendNewTransitions called.
06-28 10:18:40.373 12507 12519 I zygote  : Background concurrent copying GC freed 300719(6MB) AllocSpace objects, 0(0B) LOS objects, 20% free, 23MB/29MB, paused 984us total 242.105ms
06-28 10:18:41.668  1603  1859 I WifiService: acquireWifiLock uid=10014 lockMode=2
06-28 10:18:41.685  1603  2504 I WifiService: releaseWifiLock uid=10014
06-28 10:18:41.722 19546 19546 I GeofencerStateMachine: sendNewLocationAvailability: availability=LocationAvailability[isLocationAvailable: true]
06-28 10:18:42.341 12507 12519 I zygote  : Background concurrent copying GC freed 320195(7MB) AllocSpace objects, 0(0B) LOS objects, 20% free, 23MB/29MB, paused 1.396ms total 194.807ms
06-28 10:18:44.693 19546 19546 I GeofencerStateMachine: sendNewLocationAvailability: availability=LocationAvailability[isLocationAvailable: true]
06-28 10:18:45.439 12507 12519 I zygote  : Background concurrent copying GC freed 296533(6MB) AllocSpace objects, 0(0B) LOS objects, 20% free, 23MB/29MB, paused 1.316ms total 283.731ms
06-28 10:18:47.999 12507 12519 I zygote  : Background concurrent copying GC freed 313163(6MB) AllocSpace objects, 0(0B) LOS objects, 20% free, 23MB/29MB, paused 1.981ms total 214.139ms
06-28 10:18:49.027  1402  1417 D hwcomposer: hw_composer sent 312 syncs in 60s
06-28 10:18:50.478 12507 12519 I zygote  : Background concurrent copying GC freed 319668(7MB) AllocSpace objects, 0(0B) LOS objects, 20% free, 23MB/29MB, paused 1.067ms total 230.119ms
06-28 10:18:52.832 12507 12519 I zygote  : Background concurrent copying GC freed 308299(6MB) AllocSpace objects, 0(0B) LOS objects, 21% free, 22MB/28MB, paused 750us total 150.406ms
06-28 10:18:53.722  1409  1409 I boot-pipe: done populating /dev/random
06-28 10:18:54.752  1603  1620 I WifiService: requestActivityInfo uid=1000
06-28 10:18:54.752  1603  1620 I WifiService: reportActivityInfo uid=1000
06-28 10:18:54.752  1603  1620 I WifiService: getSupportedFeatures uid=1000
06-28 10:18:55.337 12507 12519 I zygote  : Background concurrent copying GC freed 280263(6MB) AllocSpace objects, 0(0B) LOS objects, 20% free, 23MB/29MB, paused 1.531ms total 212.957ms
06-28 10:18:57.703 12507 12519 I zygote  : Background concurrent copying GC freed 313137(6MB) AllocSpace objects, 0(0B) LOS objects, 20% free, 23MB/29MB, paused 2.970ms total 216.837ms
06-28 10:18:58.400  1603 23347 D NetworkMonitor/NetworkAgentInfo [WIFI () - 101]: PROBE_DNS www.google.com 2ms OK 172.217.28.228,2800:3f0:4001:801::2004
06-28 10:18:58.401  1603  1620 I WifiService: requestActivityInfo uid=1000
06-28 10:18:58.401  1603  1620 I WifiService: reportActivityInfo uid=1000
06-28 10:18:58.401  1603  1620 I WifiService: getSupportedFeatures uid=1000
06-28 10:19:00.004  1603  1616 E memtrack: Couldn't load memtrack module
06-28 10:19:00.004  1603  1616 W android.os.Debug: failed to get memory consumption info: -1
06-28 10:19:00.124  1603  1616 E memtrack: Couldn't load memtrack module
06-28 10:19:00.124  1603  1616 W android.os.Debug: failed to get memory consumption info: -1
06-28 10:19:00.408 12507 12519 I zygote  : Background concurrent copying GC freed 295174(6MB) AllocSpace objects, 0(0B) LOS objects, 20% free, 23MB/29MB, paused 2.048ms total 223.210ms
06-28 10:19:01.680  1603  2504 I WifiService: acquireWifiLock uid=10014 lockMode=2
06-28 10:19:02.624 12507 12519 I zygote  : Background concurrent copying GC freed 321915(7MB) AllocSpace objects, 0(0B) LOS objects, 21% free, 22MB/28MB, paused 1.021ms total 163.657ms
06-28 10:19:04.400  1603 23347 D NetworkMonitor/NetworkAgentInfo [WIFI () - 101]: PROBE_HTTPS https://www.google.com/generate_204 Probe failed with exception java.net.ConnectException: Failed to connect to www.google.com/2800:3f0:4001:801::2004:443
06-28 10:19:04.661  1603  5056 D WificondControl: Scan result ready event
06-28 10:19:05.369 12507 12519 I zygote  : Background concurrent copying GC freed 276938(6MB) AllocSpace objects, 0(0B) LOS objects, 20% free, 23MB/29MB, paused 2.446ms total 239.487ms
06-28 10:19:06.688  1603  2504 I WifiService: releaseWifiLock uid=10014
06-28 10:19:07.398  1603  2399 D NetworkMonitor/NetworkAgentInfo [WIFI () - 101]: PROBE_FALLBACK http://www.google.com/gen_204 Probe failed with exception java.net.ConnectException: Failed to connect to www.google.com/2800:3f0:4001:801::2004:80
06-28 10:19:07.474 12507 12519 I zygote  : Background concurrent copying GC freed 312717(6MB) AllocSpace objects, 0(0B) LOS objects, 21% free, 22MB/28MB, paused 1.284ms total 169.770ms
06-28 10:19:08.413  1603 23348 D NetworkMonitor/NetworkAgentInfo [WIFI () - 101]: PROBE_DNS connectivitycheck.gstatic.com 10016ms OK 172.217.172.131
06-28 10:19:10.357 12507 12519 I zygote  : Background concurrent copying GC freed 267412(5MB) AllocSpace objects, 0(0B) LOS objects, 20% free, 23MB/29MB, paused 1.403ms total 224.218ms
06-28 10:19:10.398  1603 23348 D NetworkMonitor/NetworkAgentInfo [WIFI () - 101]: PROBE_HTTP http://connectivitycheck.gstatic.com/generate_204 Probe failed with exception java.net.ConnectException: Failed to connect to connectivitycheck.gstatic.com/172.217.172.131:80
06-28 10:19:10.399 19546 21085 W System.err: java.net.ConnectException: Failed to connect to www.google.com/2800:3f0:4001:801::2004:443
06-28 10:19:10.399 19546 21085 W System.err: 	at com.android.okhttp.internal.io.RealConnection.connectSocket(RealConnection.java:143)
06-28 10:19:10.399 19546 21085 W System.err: 	at com.android.okhttp.internal.io.RealConnection.connect(RealConnection.java:112)
06-28 10:19:10.399 19546 21085 W System.err: 	at com.android.okhttp.internal.http.StreamAllocation.findConnection(StreamAllocation.java:184)
06-28 10:19:10.399 19546 21085 W System.err: 	at com.android.okhttp.internal.http.StreamAllocation.findHealthyConnection(StreamAllocation.java:126)
06-28 10:19:10.399 19546 21085 W System.err: 	at com.android.okhttp.internal.http.StreamAllocation.newStream(StreamAllocation.java:95)
06-28 10:19:10.399 19546 21085 W System.err: 	at com.android.okhttp.internal.http.HttpEngine.connect(HttpEngine.java:281)
06-28 10:19:10.399 19546 21085 W System.err: 	at com.android.okhttp.internal.http.HttpEngine.sendRequest(HttpEngine.java:224)
06-28 10:19:10.399 19546 21085 W System.err: 	at com.android.okhttp.internal.huc.HttpURLConnectionImpl.execute(HttpURLConnectionImpl.java:461)
06-28 10:19:10.399 19546 21085 W System.err: 	at com.android.okhttp.internal.huc.HttpURLConnectionImpl.connect(HttpURLConnectionImpl.java:127)
06-28 10:19:10.399 19546 21085 W System.err: 	at com.android.okhttp.internal.huc.HttpURLConnectionImpl.getOutputStream(HttpURLConnectionImpl.java:258)
06-28 10:19:10.399 19546 21085 W System.err: 	at com.android.okhttp.internal.huc.DelegatingHttpsURLConnection.getOutputStream(DelegatingHttpsURLConnection.java:218)
06-28 10:19:10.400 19546 21085 W System.err: 	at com.android.okhttp.internal.huc.HttpsURLConnectionImpl.getOutputStream(Unknown Source:0)
06-28 10:19:10.400 19546 21085 W System.err: 	at bumh.run(:com.google.android.gms@17785022@17.7.85 (040700-253824076):24)
06-28 10:19:10.400 19546 21085 W System.err: 	at java.util.concurrent.ThreadPoolExecutor.runWorker(ThreadPoolExecutor.java:1162)
06-28 10:19:10.400 19546 21085 W System.err: 	at java.util.concurrent.ThreadPoolExecutor$Worker.run(ThreadPoolExecutor.java:636)
06-28 10:19:10.400  1603  1681 D ConnectivityService: NetworkAgentInfo [WIFI () - 101] validation failed
06-28 10:19:10.400 19546 21085 W System.err: 	at java.lang.Thread.run(Thread.java:764)
06-28 10:19:10.400  1603  1677 D WifiStateMachine: NETWORK_STATUS_UNWANTED_VALIDATION_FAILED
06-28 10:19:10.788 19546 19546 I GeofencerStateMachine: sendNewTransitions called.
06-28 10:19:10.967  1603  1612 I zygote  : Background concurrent copying GC freed 59950(2MB) AllocSpace objects, 0(0B) LOS objects, 25% free, 17MB/23MB, paused 1.171ms total 190.196ms
06-28 10:19:12.369 12507 12519 I zygote  : Background concurrent copying GC freed 323873(7MB) AllocSpace objects, 0(0B) LOS objects, 21% free, 22MB/28MB, paused 987us total 162.502ms
06-28 10:19:15.371 12507 12519 I zygote  : Background concurrent copying GC freed 267612(5MB) AllocSpace objects, 0(0B) LOS objects, 20% free, 23MB/29MB, paused 1.666ms total 192.729ms
06-28 10:19:16.473 19546 23353 W Conscrypt: Could not set socket write timeout: java.net.SocketException: Socket closed
06-28 10:19:16.474 19546 23353 W Conscrypt: 	at com.google.android.gms.org.conscrypt.Platform.setSocketWriteTimeout(:com.google.android.gms@17785022@17.7.85 (040700-253824076):2)
06-28 10:19:16.474 19546 23353 W Conscrypt: 	at com.google.android.gms.org.conscrypt.ConscryptFileDescriptorSocket.setSoWriteTimeout(:com.google.android.gms@17785022@17.7.85 (040700-253824076):2)
06-28 10:19:17.377 12507 12519 I zygote  : Background concurrent copying GC freed 292679(6MB) AllocSpace objects, 0(0B) LOS objects, 20% free, 23MB/29MB, paused 1.156ms total 192.943ms
06-28 10:19:18.363 19569 23358 W Conscrypt: Could not set socket write timeout: java.net.SocketException: Socket closed
06-28 10:19:18.363 19569 23358 W Conscrypt: 	at com.google.android.gms.org.conscrypt.Platform.setSocketWriteTimeout(:com.google.android.gms@17785022@17.7.85 (040700-253824076):2)
06-28 10:19:18.363 19569 23358 W Conscrypt: 	at com.google.android.gms.org.conscrypt.ConscryptFileDescriptorSocket.setSoWriteTimeout(:com.google.android.gms@17785022@17.7.85 (040700-253824076):2)
06-28 10:19:20.356 12507 12519 I zygote  : Background concurrent copying GC freed 293187(6MB) AllocSpace objects, 0(0B) LOS objects, 20% free, 23MB/29MB, paused 754us total 214.101ms
06-28 10:19:22.359 12507 12519 I zygote  : Background concurrent copying GC freed 323529(7MB) AllocSpace objects, 0(0B) LOS objects, 21% free, 22MB/28MB, paused 774us total 156.092ms
06-28 10:19:22.707  1603  2974 I WifiService: acquireWifiLock uid=10014 lockMode=2
06-28 10:19:25.424 12507 12519 I zygote  : Background concurrent copying GC freed 265260(5MB) AllocSpace objects, 0(0B) LOS objects, 19% free, 25MB/31MB, paused 1.707ms total 280.250ms
06-28 10:19:25.671  1603  1620 E BatteryExternalStatsWorker: modem info is invalid: ModemActivityInfo{ mTimestamp=0 mSleepTimeMs=0 mIdleTimeMs=0 mTxTimeMs[]=[0, 0, 0, 0, 0] mRxTimeMs=0 mEnergyUsed=0}
06-28 10:19:25.688  1603  2974 D WificondControl: Scan result ready event
06-28 10:19:27.750  1603  2080 I WifiService: releaseWifiLock uid=10014
06-28 10:19:27.957 12507 12519 I zygote  : Background concurrent copying GC freed 379470(8MB) AllocSpace objects, 0(0B) LOS objects, 20% free, 22MB/28MB, paused 6.173ms total 176.940ms
06-28 10:19:30.387 12507 12519 I zygote  : Background concurrent copying GC freed 271337(6MB) AllocSpace objects, 0(0B) LOS objects, 20% free, 23MB/29MB, paused 3.195ms total 229.665ms
06-28 10:19:32.735 12507 12519 I zygote  : Background concurrent copying GC freed 322329(7MB) AllocSpace objects, 0(0B) LOS objects, 21% free, 22MB/28MB, paused 1.334ms total 155.450ms
06-28 10:19:35.364 12507 12519 I zygote  : Background concurrent copying GC freed 272430(6MB) AllocSpace objects, 0(0B) LOS objects, 20% free, 23MB/29MB, paused 1.423ms total 222.233ms
06-28 10:19:38.441 12507 12519 I zygote  : Background concurrent copying GC freed 319548(7MB) AllocSpace objects, 0(0B) LOS objects, 21% free, 22MB/28MB, paused 1.582ms total 202.755ms
06-28 10:19:38.729 19546 21085 W System.err: java.net.ConnectException: Failed to connect to www.google.com/2800:3f0:4001:801::2004:443
06-28 10:19:38.729 19546 21085 W System.err: 	at com.android.okhttp.internal.io.RealConnection.connectSocket(RealConnection.java:143)
06-28 10:19:38.730 19546 21085 W System.err: 	at com.android.okhttp.internal.io.RealConnection.connect(RealConnection.java:112)
06-28 10:19:38.730 19546 21085 W System.err: 	at com.android.okhttp.internal.http.StreamAllocation.findConnection(StreamAllocation.java:184)
06-28 10:19:38.730 19546 21085 W System.err: 	at com.android.okhttp.internal.http.StreamAllocation.findHealthyConnection(StreamAllocation.java:126)
06-28 10:19:38.730 19546 21085 W System.err: 	at com.android.okhttp.internal.http.StreamAllocation.newStream(StreamAllocation.java:95)
06-28 10:19:38.730 19546 21085 W System.err: 	at com.android.okhttp.internal.http.HttpEngine.connect(HttpEngine.java:281)
06-28 10:19:38.730 19546 21085 W System.err: 	at com.android.okhttp.internal.http.HttpEngine.sendRequest(HttpEngine.java:224)
06-28 10:19:38.730 19546 21085 W System.err: 	at com.android.okhttp.internal.huc.HttpURLConnectionImpl.execute(HttpURLConnectionImpl.java:461)
06-28 10:19:38.730 19546 21085 W System.err: 	at com.android.okhttp.internal.huc.HttpURLConnectionImpl.connect(HttpURLConnectionImpl.java:127)
06-28 10:19:38.730 19546 21085 W System.err: 	at com.android.okhttp.internal.huc.HttpURLConnectionImpl.getOutputStream(HttpURLConnectionImpl.java:258)
06-28 10:19:38.730 19546 21085 W System.err: 	at com.android.okhttp.internal.huc.DelegatingHttpsURLConnection.getOutputStream(DelegatingHttpsURLConnection.java:218)
06-28 10:19:38.730 19546 21085 W System.err: 	at com.android.okhttp.internal.huc.HttpsURLConnectionImpl.getOutputStream(Unknown Source:0)
06-28 10:19:38.731 19546 21085 W System.err: 	at bumh.run(:com.google.android.gms@17785022@17.7.85 (040700-253824076):24)
06-28 10:19:38.731 19546 21085 W System.err: 	at java.util.concurrent.ThreadPoolExecutor.runWorker(ThreadPoolExecutor.java:1162)
06-28 10:19:38.731 19546 21085 W System.err: 	at java.util.concurrent.ThreadPoolExecutor$Worker.run(ThreadPoolExecutor.java:636)
06-28 10:19:38.731 19546 21085 W System.err: 	at java.lang.Thread.run(Thread.java:764)
06-28 10:19:40.979 19546 19546 I GeofencerStateMachine: sendNewTransitions called.
06-28 10:19:41.337 12507 12519 I zygote  : Background concurrent copying GC freed 284930(6MB) AllocSpace objects, 0(0B) LOS objects, 19% free, 24MB/30MB, paused 3.063ms total 372.732ms
06-28 10:19:42.713  1603  1616 E memtrack: Couldn't load memtrack module
06-28 10:19:42.713  1603  1616 W android.os.Debug: failed to get memory consumption info: -1
06-28 10:19:42.732  1603  2080 I WifiService: acquireWifiLock uid=10014 lockMode=2
06-28 10:19:42.862 19546 19781 I GeofencerStateMachine: addGeofences called by com.google.android.apps.maps
06-28 10:19:42.892  1603  2504 I GnssLocationProvider: WakeLock acquired by sendMessage(SET_REQUEST, 0, com.android.server.location.GnssLocationProvider$GpsRequest@58b99de)
06-28 10:19:42.893  1603  1616 I GnssLocationProvider: WakeLock released by handleMessage(SET_REQUEST, 0, com.android.server.location.GnssLocationProvider$GpsRequest@58b99de)
06-28 10:19:42.935  1603  2080 I WifiService: getWifiEnabledState uid=10062
06-28 10:19:42.978  1603  2504 I GnssLocationProvider: WakeLock acquired by sendMessage(SET_REQUEST, 0, com.android.server.location.GnssLocationProvider$GpsRequest@f29be8c)
06-28 10:19:42.979  1603  1616 I GnssLocationProvider: WakeLock released by handleMessage(SET_REQUEST, 0, com.android.server.location.GnssLocationProvider$GpsRequest@f29be8c)
06-28 10:19:43.143 19546 19605 W ResourceType: ResTable_typeSpec entry count inconsistent: given 15, previously 22
06-28 10:19:44.416 12507 12519 I zygote  : Background concurrent copying GC freed 365287(8MB) AllocSpace objects, 0(0B) LOS objects, 20% free, 23MB/29MB, paused 1.311ms total 247.628ms
06-28 10:19:45.688  1603  2974 D WificondControl: Scan result ready event
