06-29 10:04:06.290  3472  3472 W ResourceType: For resource 0x7f0e0131, entry index(305) is beyond type entryCount(142)
06-29 10:04:06.290  3472  3472 W ResourceType: For resource 0x7f0e010f, entry index(271) is beyond type entryCount(142)
06-29 10:04:06.290  3472  3472 W ResourceType: For resource 0x7f0e0175, entry index(373) is beyond type entryCount(142)
06-29 10:04:06.300  3472  3472 W ResourceType: For resource 0x7f0e0173, entry index(371) is beyond type entryCount(142)
06-29 10:04:06.352  3472  3472 W ResourceType: For resource 0x7f0e011d, entry index(285) is beyond type entryCount(142)
06-29 10:04:06.358  3472  3472 I chatty  : uid=10104(net.osmand) identical 4 lines
06-29 10:04:06.358  3472  3472 W ResourceType: For resource 0x7f0e011d, entry index(285) is beyond type entryCount(142)
06-29 10:04:06.359  3472  3472 W ResourceType: For resource 0x7f0e01ac, entry index(428) is beyond type entryCount(142)
06-29 10:04:06.359  3472  3472 W ResourceType: For resource 0x7f0e00ae, entry index(174) is beyond type entryCount(142)
06-29 10:04:06.359  3472  3472 W ResourceType: For resource 0x7f0e013d, entry index(317) is beyond type entryCount(142)
06-29 10:04:06.360  3472  3472 W ResourceType: For resource 0x7f0e013e, entry index(318) is beyond type entryCount(142)
06-29 10:04:06.438  3472  3472 W ResourceType: For resource 0x7f0e013b, entry index(315) is beyond type entryCount(142)
06-29 10:04:06.921  1600  3913 W LocalDisplayAdapter: Unable to find color mode 0, ignoring request.
06-29 10:04:06.931  3472  3472 I chatty  : uid=10104(net.osmand) identical 7 lines
06-29 10:04:06.931  3472  3472 W ResourceType: For resource 0x7f0e013b, entry index(315) is beyond type entryCount(142)
06-29 10:04:06.932  3472 10712 D net.osmand: DownloadOsmandIndexesHelper Start loading list of index files
06-29 10:04:06.933  3472  3472 W ResourceType: For resource 0x7f0e013b, entry index(315) is beyond type entryCount(142)
06-29 10:04:06.936  1600  1617 E BatteryExternalStatsWorker: modem info is invalid: ModemActivityInfo{ mTimestamp=0 mSleepTimeMs=0 mIdleTimeMs=0 mTxTimeMs[]=[0, 0, 0, 0, 0] mRxTimeMs=0 mEnergyUsed=0}
06-29 10:04:06.980  1600  1621 W WindowManager: Window freeze timeout expired.
06-29 10:04:06.980  1600  1621 W WindowManager: Force clearing orientation change: Window{a7ee748 u0 StatusBar}
06-29 10:04:06.980  1600  1621 W WindowManager: Force clearing orientation change: Window{603878f u0 com.android.systemui.ImageWallpaper}
06-29 10:04:06.934  3472  3472 W ResourceType: For resource 0x7f0e013b, entry index(315) is beyond type entryCount(142)
06-29 10:04:06.981  1600  1662 I InputReader: Reconfiguring input devices.  changes=0x00000004
06-29 10:04:06.979  3472 10712 I net.osmand: DownloadOsmandIndexesHelper https://download.osmand.net/get_indexes?gzip&osmandver=OsmAnd+3.3.8&nd=43&ns=21&aid=a094dcc565ec90a2
06-29 10:04:07.000  1600  1647 I WindowManager: Screen frozen for +2s44ms due to Window{a7ee748 u0 StatusBar}
06-29 10:04:07.002  1704  1704 D EGL_emulation: eglCreateContext: 0x8abca360: maj 2 min 0 rcv 2
06-29 10:04:07.028  1704  1704 D EGL_emulation: eglMakeCurrent: 0x8abca360: ver 2 0 (tinfo 0x8999d150)
06-29 10:04:07.102  1398  1398 D gralloc_ranchu: gralloc_alloc: Creating ashmem region of size 9547776
06-29 10:04:07.158  1704  1704 D EGL_emulation: eglMakeCurrent: 0x8abca360: ver 2 0 (tinfo 0x8999d150)
06-29 10:04:07.162  1408  1408 D SurfaceFlinger: duplicate layer name: changing BlackSurface to BlackSurface#1
06-29 10:04:07.167  1408  1408 I chatty  : uid=1000(system) /system/bin/surfaceflinger identical 1 line
06-29 10:04:07.170  1408  1408 D SurfaceFlinger: duplicate layer name: changing BlackSurface to BlackSurface#1
06-29 10:04:07.423  1398  1398 D gralloc_ranchu: gralloc_alloc: Creating ashmem region of size 9547776
06-29 10:04:07.732  1704  1704 I Choreographer: Skipped 120 frames!  The application may be doing too much work on its main thread.
06-29 10:04:07.739  1398  1398 D gralloc_ranchu: gralloc_alloc: Creating ashmem region of size 544768
06-29 10:04:07.815  3472  3472 W System.err: OnCreate for MapActivity took 1950 ms
06-29 10:04:08.023  3472  3472 D InAppPurchaseHelper: Destroying helper.
06-29 10:04:08.077  1398  1398 D gralloc_ranchu: gralloc_alloc: Creating ashmem region of size 487424
06-29 10:04:08.196  1600  7254 I GnssLocationProvider: WakeLock acquired by sendMessage(SET_REQUEST, 0, com.android.server.location.GnssLocationProvider$GpsRequest@7a4fbf0)
06-29 10:04:08.226  3472  3472 W System.err: OnCreate for MapActivity took 202 ms
06-29 10:04:08.235  1398  1398 D gralloc_ranchu: gralloc_alloc: Creating ashmem region of size 8298496
06-29 10:04:08.272  1408  1408 E EGL_emulation: tid 1408: eglCreateSyncKHR(1962): error 0x3004 (EGL_BAD_ATTRIBUTE)
06-29 10:04:08.278  1600  2660 W LocalDisplayAdapter: Unable to find color mode 0, ignoring request.
06-29 10:04:08.292  1600  2660 I ActivityManager: Config changes=480 {1.0 310mcc260mnc [en_US] ldltr sw411dp w411dp h659dp 420dpi nrml port finger qwerty/v/v -nav/h appBounds=Rect(0, 0 - 1080, 1794) s.26}
06-29 10:04:08.304  1600  2660 I ActivityManager: Override config changes=480 {1.0 310mcc260mnc [en_US] ldltr sw411dp w411dp h659dp 420dpi nrml port finger qwerty/v/v -nav/h appBounds=Rect(0, 0 - 1080, 1794) s.26} for displayId=0
06-29 10:04:08.405  1600  1662 I InputReader: Reconfiguring input devices.  changes=0x00000004
06-29 10:04:08.406  1600  1662 I InputReader: Device reconfigured: id=0, name='qwerty2', size 1080x1920, orientation 0, mode 1, display id 0
06-29 10:04:08.529  1696  1696 I KeyboardViewUtil: systemKeyboardHeightRatio:1.000000; userKeyboardHeightRatio:1.000000.
06-29 10:04:08.651  1704  1704 D StatusBar: disable<e i a s b h r c s q >
06-29 10:04:08.676  1704  1929 D EGL_emulation: eglMakeCurrent: 0x9e4046c0: ver 2 0 (tinfo 0x9e403690)
06-29 10:04:08.725  1696  1696 I DeviceStatusMonitor: onReceive() : Action = android.intent.action.CONFIGURATION_CHANGED
06-29 10:04:08.726  1696  1696 I ConfigNotification: Get device mode by ui mode:1 and smallestScreenWidthDp:411
06-29 10:04:08.728  1696  1696 I chatty  : uid=10060(com.google.android.inputmethod.latin) identical 2 lines
06-29 10:04:08.729  1696  1696 I ConfigNotification: Get device mode by ui mode:1 and smallestScreenWidthDp:411
06-29 10:04:08.734  1398  1398 D gralloc_ranchu: gralloc_alloc: Creating ashmem region of size 487424
06-29 10:04:08.772  2118  2126 I zygote  : NativeAlloc concurrent copying GC freed 42292(1854KB) AllocSpace objects, 13(712KB) LOS objects, 49% free, 4MB/9MB, paused 2.055ms total 619.724ms
06-29 10:04:08.895  1600  7245 D WificondControl: Scan result ready event
06-29 10:04:08.918  1704  1704 W StatusBar/NavBarView: *** Invalid layout in navigation bar (sizeChanged this=126x1080 cur=1038x126)
06-29 10:04:09.109  1964  1964 I GeofencerStateMachine: sendNewLocationAvailability: availability=LocationAvailability[isLocationAvailable: true]
06-29 10:04:09.126  1600  2660 I GnssLocationProvider: WakeLock acquired by sendMessage(SET_REQUEST, 0, com.android.server.location.GnssLocationProvider$GpsRequest@b451eab)
06-29 10:04:09.181  1600  1613 I GnssLocationProvider: WakeLock released by handleMessage(SET_REQUEST, 0, com.android.server.location.GnssLocationProvider$GpsRequest@7a4fbf0)
06-29 10:04:09.184  3472  3472 I net.osmand: MapRenderRepositories RENDER MAP: Interrupt rendering map
06-29 10:04:09.247  1600  1613 I GnssLocationProvider: WakeLock released by handleMessage(SET_REQUEST, 0, com.android.server.location.GnssLocationProvider$GpsRequest@b451eab)
06-29 10:04:09.259  1704  1704 D EGL_emulation: eglCreateContext: 0x8abcac60: maj 2 min 0 rcv 2
06-29 10:04:09.273  3472  3472 D InAppPurchaseHelper: Destroying helper.
06-29 10:04:09.277  1704  1704 D EGL_emulation: eglMakeCurrent: 0x8abcac60: ver 2 0 (tinfo 0x8999d150)
06-29 10:04:09.298  1398  1398 D gralloc_ranchu: gralloc_alloc: Creating ashmem region of size 8298496
06-29 10:04:09.330  1704  1704 D EGL_emulation: eglMakeCurrent: 0x8abcac60: ver 2 0 (tinfo 0x8999d150)
06-29 10:04:09.360  3472  3472 W ResourceType: For resource 0x7f0e00c0, entry index(192) is beyond type entryCount(142)
06-29 10:04:09.361  3472  3472 W ResourceType: For resource 0x7f0e00d1, entry index(209) is beyond type entryCount(142)
06-29 10:04:09.361  3472  3472 W ResourceType: For resource 0x7f0e00cb, entry index(203) is beyond type entryCount(142)
06-29 10:04:09.361  3472  3472 W ResourceType: For resource 0x7f0e014d, entry index(333) is beyond type entryCount(142)
06-29 10:04:09.361  3472  3472 W ResourceType: For resource 0x7f0e00dd, entry index(221) is beyond type entryCount(142)
06-29 10:04:09.361  3472  3472 W ResourceType: For resource 0x7f0e00e4, entry index(228) is beyond type entryCount(142)
06-29 10:04:09.542  3472  3472 W ResourceType: For resource 0x7f0e01c4, entry index(452) is beyond type entryCount(142)
06-29 10:04:09.542  3472  3472 W ResourceType: For resource 0x7f0e01c4, entry index(452) is beyond type entryCount(142)
06-29 10:04:09.542  3472  3472 W ResourceType: For resource 0x7f0e0183, entry index(387) is beyond type entryCount(142)
06-29 10:04:09.542  3472  3472 W ResourceType: For resource 0x7f0e0187, entry index(391) is beyond type entryCount(142)
06-29 10:04:09.542  3472  3472 W ResourceType: For resource 0x7f0e0185, entry index(389) is beyond type entryCount(142)
06-29 10:04:09.542  3472  3472 W ResourceType: For resource 0x7f0e015d, entry index(349) is beyond type entryCount(142)
06-29 10:04:09.542  3472  3472 W ResourceType: For resource 0x7f0e0195, entry index(405) is beyond type entryCount(142)
06-29 10:04:09.542  3472  3472 W ResourceType: For resource 0x7f0e016c, entry index(364) is beyond type entryCount(142)
06-29 10:04:09.543  3472  3472 W ResourceType: For resource 0x7f0e0163, entry index(355) is beyond type entryCount(142)
06-29 10:04:09.543  3472  3472 W ResourceType: For resource 0x7f0e00db, entry index(219) is beyond type entryCount(142)
06-29 10:04:09.543  3472  3472 W ResourceType: For resource 0x7f0e0193, entry index(403) is beyond type entryCount(142)
06-29 10:04:09.543  3472  3472 W ResourceType: For resource 0x7f0e016f, entry index(367) is beyond type entryCount(142)
06-29 10:04:09.543  3472  3472 W ResourceType: For resource 0x7f0e0161, entry index(353) is beyond type entryCount(142)
06-29 10:04:09.543  3472  3472 W ResourceType: For resource 0x7f0e0170, entry index(368) is beyond type entryCount(142)
06-29 10:04:09.543  3472  3472 W ResourceType: For resource 0x7f0e0174, entry index(372) is beyond type entryCount(142)
06-29 10:04:09.543  3472  3472 I chatty  : uid=10104(net.osmand) identical 2 lines
06-29 10:04:09.543  3472  3472 W ResourceType: For resource 0x7f0e0174, entry index(372) is beyond type entryCount(142)
06-29 10:04:09.543  3472  3472 W ResourceType: For resource 0x7f0e0177, entry index(375) is beyond type entryCount(142)
06-29 10:04:09.543  3472  3472 W ResourceType: For resource 0x7f0e0160, entry index(352) is beyond type entryCount(142)
06-29 10:04:09.543  3472  3472 W ResourceType: For resource 0x7f0e0199, entry index(409) is beyond type entryCount(142)
06-29 10:04:09.543  3472  3472 W ResourceType: For resource 0x7f0e017e, entry index(382) is beyond type entryCount(142)
06-29 10:04:09.543  3472  3472 W ResourceType: For resource 0x7f0e017f, entry index(383) is beyond type entryCount(142)
06-29 10:04:09.544  3472  3472 W ResourceType: For resource 0x7f0e0196, entry index(406) is beyond type entryCount(142)
06-29 10:04:09.544  3472  3472 W ResourceType: For resource 0x7f0e0197, entry index(407) is beyond type entryCount(142)
06-29 10:04:09.544  3472  3472 W ResourceType: For resource 0x7f0e0140, entry index(320) is beyond type entryCount(142)
06-29 10:04:09.544  3472  3472 W ResourceType: For resource 0x7f0e00e7, entry index(231) is beyond type entryCount(142)
06-29 10:04:09.544  3472  3472 W ResourceType: For resource 0x7f0e0194, entry index(404) is beyond type entryCount(142)
06-29 10:04:09.544  3472  3472 W ResourceType: For resource 0x7f0e01a5, entry index(421) is beyond type entryCount(142)
06-29 10:04:09.544  3472  3472 W ResourceType: For resource 0x7f0e017d, entry index(381) is beyond type entryCount(142)
06-29 10:04:09.544  3472  3472 W ResourceType: For resource 0x7f0e017b, entry index(379) is beyond type entryCount(142)
06-29 10:04:09.544  3472  3472 W ResourceType: For resource 0x7f0e010f, entry index(271) is beyond type entryCount(142)
06-29 10:04:09.544  3472  3472 W ResourceType: For resource 0x7f0e00f8, entry index(248) is beyond type entryCount(142)
06-29 10:04:09.544  3472  3472 W ResourceType: For resource 0x7f0e010f, entry index(271) is beyond type entryCount(142)
06-29 10:04:09.545  3472  3472 W ResourceType: For resource 0x7f0e0122, entry index(290) is beyond type entryCount(142)
06-29 10:04:09.545  3472  3472 W ResourceType: For resource 0x7f0e010b, entry index(267) is beyond type entryCount(142)
06-29 10:04:09.545  3472  3472 W ResourceType: For resource 0x7f0e010c, entry index(268) is beyond type entryCount(142)
06-29 10:04:09.545  3472  3472 W ResourceType: For resource 0x7f0e01ad, entry index(429) is beyond type entryCount(142)
06-29 10:04:09.545  3472  3472 W ResourceType: For resource 0x7f0e01ac, entry index(428) is beyond type entryCount(142)
06-29 10:04:09.574  3472  3472 W ResourceType: For resource 0x7f0e01c4, entry index(452) is beyond type entryCount(142)
06-29 10:04:09.574  3472  3472 W ResourceType: For resource 0x7f0e01c4, entry index(452) is beyond type entryCount(142)
06-29 10:04:09.574  3472  3472 W ResourceType: For resource 0x7f0e0183, entry index(387) is beyond type entryCount(142)
06-29 10:04:09.574  3472  3472 W ResourceType: For resource 0x7f0e0187, entry index(391) is beyond type entryCount(142)
06-29 10:04:09.574  3472  3472 W ResourceType: For resource 0x7f0e0185, entry index(389) is beyond type entryCount(142)
06-29 10:04:09.574  3472  3472 W ResourceType: For resource 0x7f0e015d, entry index(349) is beyond type entryCount(142)
06-29 10:04:09.575  3472  3472 W ResourceType: For resource 0x7f0e0195, entry index(405) is beyond type entryCount(142)
06-29 10:04:09.575  3472  3472 W ResourceType: For resource 0x7f0e016c, entry index(364) is beyond type entryCount(142)
06-29 10:04:09.575  3472  3472 W ResourceType: For resource 0x7f0e0163, entry index(355) is beyond type entryCount(142)
06-29 10:04:09.575  3472  3472 W ResourceType: For resource 0x7f0e00db, entry index(219) is beyond type entryCount(142)
06-29 10:04:09.575  3472  3472 W ResourceType: For resource 0x7f0e0193, entry index(403) is beyond type entryCount(142)
06-29 10:04:09.575  3472  3472 W ResourceType: For resource 0x7f0e016f, entry index(367) is beyond type entryCount(142)
06-29 10:04:09.575  3472  3472 W ResourceType: For resource 0x7f0e0161, entry index(353) is beyond type entryCount(142)
06-29 10:04:09.575  3472  3472 W ResourceType: For resource 0x7f0e0170, entry index(368) is beyond type entryCount(142)
06-29 10:04:09.575  3472  3472 W ResourceType: For resource 0x7f0e0174, entry index(372) is beyond type entryCount(142)
06-29 10:04:09.575  3472  3472 I chatty  : uid=10104(net.osmand) identical 2 lines
06-29 10:04:09.575  3472  3472 W ResourceType: For resource 0x7f0e0174, entry index(372) is beyond type entryCount(142)
06-29 10:04:09.575  3472  3472 W ResourceType: For resource 0x7f0e0177, entry index(375) is beyond type entryCount(142)
06-29 10:04:09.575  3472  3472 W ResourceType: For resource 0x7f0e0160, entry index(352) is beyond type entryCount(142)
06-29 10:04:09.576  3472  3472 W ResourceType: For resource 0x7f0e0199, entry index(409) is beyond type entryCount(142)
06-29 10:04:09.576  3472  3472 W ResourceType: For resource 0x7f0e017e, entry index(382) is beyond type entryCount(142)
06-29 10:04:09.576  3472  3472 W ResourceType: For resource 0x7f0e017f, entry index(383) is beyond type entryCount(142)
06-29 10:04:09.576  3472  3472 W ResourceType: For resource 0x7f0e0196, entry index(406) is beyond type entryCount(142)
06-29 10:04:09.576  3472  3472 W ResourceType: For resource 0x7f0e0197, entry index(407) is beyond type entryCount(142)
06-29 10:04:09.576  3472  3472 W ResourceType: For resource 0x7f0e0140, entry index(320) is beyond type entryCount(142)
06-29 10:04:09.576  3472  3472 W ResourceType: For resource 0x7f0e00e7, entry index(231) is beyond type entryCount(142)
06-29 10:04:09.576  3472  3472 W ResourceType: For resource 0x7f0e0194, entry index(404) is beyond type entryCount(142)
06-29 10:04:09.576  3472  3472 W ResourceType: For resource 0x7f0e01a5, entry index(421) is beyond type entryCount(142)
06-29 10:04:09.576  3472  3472 W ResourceType: For resource 0x7f0e017d, entry index(381) is beyond type entryCount(142)
06-29 10:04:09.576  3472  3472 W ResourceType: For resource 0x7f0e017b, entry index(379) is beyond type entryCount(142)
06-29 10:04:09.576  3472  3472 W ResourceType: For resource 0x7f0e010f, entry index(271) is beyond type entryCount(142)
06-29 10:04:09.576  3472  3472 W ResourceType: For resource 0x7f0e00f8, entry index(248) is beyond type entryCount(142)
06-29 10:04:09.576  3472  3472 W ResourceType: For resource 0x7f0e010f, entry index(271) is beyond type entryCount(142)
06-29 10:04:09.576  3472  3472 W ResourceType: For resource 0x7f0e0122, entry index(290) is beyond type entryCount(142)
06-29 10:04:09.576  3472  3472 W ResourceType: For resource 0x7f0e010b, entry index(267) is beyond type entryCount(142)
06-29 10:04:09.577  3472  3472 W ResourceType: For resource 0x7f0e010c, entry index(268) is beyond type entryCount(142)
06-29 10:04:09.577  3472  3472 W ResourceType: For resource 0x7f0e01ad, entry index(429) is beyond type entryCount(142)
06-29 10:04:09.577  3472  3472 W ResourceType: For resource 0x7f0e01ac, entry index(428) is beyond type entryCount(142)
06-29 10:04:09.588  3472  3472 W ResourceType: For resource 0x7f0e01c4, entry index(452) is beyond type entryCount(142)
06-29 10:04:09.588  3472  3472 W ResourceType: For resource 0x7f0e01c4, entry index(452) is beyond type entryCount(142)
06-29 10:04:09.589  3472  3472 W ResourceType: For resource 0x7f0e0183, entry index(387) is beyond type entryCount(142)
06-29 10:04:09.589  3472  3472 W ResourceType: For resource 0x7f0e0187, entry index(391) is beyond type entryCount(142)
06-29 10:04:09.589  3472  3472 W ResourceType: For resource 0x7f0e0185, entry index(389) is beyond type entryCount(142)
06-29 10:04:09.589  3472  3472 W ResourceType: For resource 0x7f0e015d, entry index(349) is beyond type entryCount(142)
06-29 10:04:09.589  3472  3472 W ResourceType: For resource 0x7f0e0195, entry index(405) is beyond type entryCount(142)
06-29 10:04:09.589  3472  3472 W ResourceType: For resource 0x7f0e016c, entry index(364) is beyond type entryCount(142)
06-29 10:04:09.589  3472  3472 W ResourceType: For resource 0x7f0e0163, entry index(355) is beyond type entryCount(142)
06-29 10:04:09.589  3472  3472 W ResourceType: For resource 0x7f0e00db, entry index(219) is beyond type entryCount(142)
06-29 10:04:09.589  3472  3472 W ResourceType: For resource 0x7f0e0193, entry index(403) is beyond type entryCount(142)
06-29 10:04:09.589  3472  3472 W ResourceType: For resource 0x7f0e016f, entry index(367) is beyond type entryCount(142)
06-29 10:04:09.589  3472  3472 W ResourceType: For resource 0x7f0e0161, entry index(353) is beyond type entryCount(142)
06-29 10:04:09.589  3472  3472 W ResourceType: For resource 0x7f0e0170, entry index(368) is beyond type entryCount(142)
06-29 10:04:09.589  3472  3472 W ResourceType: For resource 0x7f0e0174, entry index(372) is beyond type entryCount(142)
06-29 10:04:09.590  3472  3472 I chatty  : uid=10104(net.osmand) identical 2 lines
06-29 10:04:09.590  3472  3472 W ResourceType: For resource 0x7f0e0174, entry index(372) is beyond type entryCount(142)
06-29 10:04:09.590  3472  3472 W ResourceType: For resource 0x7f0e0177, entry index(375) is beyond type entryCount(142)
06-29 10:04:09.590  3472  3472 W ResourceType: For resource 0x7f0e0160, entry index(352) is beyond type entryCount(142)
06-29 10:04:09.590  3472  3472 W ResourceType: For resource 0x7f0e0199, entry index(409) is beyond type entryCount(142)
06-29 10:04:09.590  3472  3472 W ResourceType: For resource 0x7f0e017e, entry index(382) is beyond type entryCount(142)
06-29 10:04:09.590  3472  3472 W ResourceType: For resource 0x7f0e017f, entry index(383) is beyond type entryCount(142)
06-29 10:04:09.590  3472  3472 W ResourceType: For resource 0x7f0e0196, entry index(406) is beyond type entryCount(142)
06-29 10:04:09.590  3472  3472 W ResourceType: For resource 0x7f0e0197, entry index(407) is beyond type entryCount(142)
06-29 10:04:09.590  3472  3472 W ResourceType: For resource 0x7f0e0140, entry index(320) is beyond type entryCount(142)
06-29 10:04:09.590  3472  3472 W ResourceType: For resource 0x7f0e00e7, entry index(231) is beyond type entryCount(142)
06-29 10:04:09.590  3472  3472 W ResourceType: For resource 0x7f0e0194, entry index(404) is beyond type entryCount(142)
06-29 10:04:09.590  3472  3472 W ResourceType: For resource 0x7f0e01a5, entry index(421) is beyond type entryCount(142)
06-29 10:04:09.591  3472  3472 W ResourceType: For resource 0x7f0e017d, entry index(381) is beyond type entryCount(142)
06-29 10:04:09.591  3472  3472 W ResourceType: For resource 0x7f0e017b, entry index(379) is beyond type entryCount(142)
06-29 10:04:09.591  3472  3472 W ResourceType: For resource 0x7f0e010f, entry index(271) is beyond type entryCount(142)
06-29 10:04:09.591  3472  3472 W ResourceType: For resource 0x7f0e00f8, entry index(248) is beyond type entryCount(142)
06-29 10:04:09.591  3472  3472 W ResourceType: For resource 0x7f0e010f, entry index(271) is beyond type entryCount(142)
06-29 10:04:09.591  3472  3472 W ResourceType: For resource 0x7f0e0122, entry index(290) is beyond type entryCount(142)
06-29 10:04:09.591  3472  3472 W ResourceType: For resource 0x7f0e010b, entry index(267) is beyond type entryCount(142)
06-29 10:04:09.591  3472  3472 W ResourceType: For resource 0x7f0e010c, entry index(268) is beyond type entryCount(142)
06-29 10:04:09.591  3472  3472 W ResourceType: For resource 0x7f0e01ad, entry index(429) is beyond type entryCount(142)
06-29 10:04:09.591  3472  3472 W ResourceType: For resource 0x7f0e01ac, entry index(428) is beyond type entryCount(142)
06-29 10:04:09.616  3472  3472 W ResourceType: For resource 0x7f0e017f, entry index(383) is beyond type entryCount(142)
06-29 10:04:09.617  3472  3472 W ResourceType: For resource 0x7f0e0091, entry index(145) is beyond type entryCount(142)
06-29 10:04:09.619  3472  3472 W ResourceType: For resource 0x7f0e016b, entry index(363) is beyond type entryCount(142)
06-29 10:04:09.663  3472  3472 W ResourceType: For resource 0x7f0e017b, entry index(379) is beyond type entryCount(142)
06-29 10:04:09.666  3472  3472 W ResourceType: For resource 0x7f0e0125, entry index(293) is beyond type entryCount(142)
06-29 10:04:09.681  3472  3472 W ResourceType: For resource 0x7f0e0125, entry index(293) is beyond type entryCount(142)
06-29 10:04:09.685  1704  1723 I zygote  : NativeAlloc concurrent copying GC freed 16401(1034KB) AllocSpace objects, 0(0B) LOS objects, 48% free, 6MB/12MB, paused 1.454ms total 1.474s
06-29 10:04:09.766  1398  1398 D gralloc_ranchu: gralloc_alloc: Creating ashmem region of size 8298496
06-29 10:04:09.932  3472  3472 W ResourceType: For resource 0x7f0e01a5, entry index(421) is beyond type entryCount(142)
06-29 10:04:09.932  3472  3472 W ResourceType: For resource 0x7f0e00a9, entry index(169) is beyond type entryCount(142)
06-29 10:04:09.951  3472  3472 W ResourceType: For resource 0x7f0e01bc, entry index(444) is beyond type entryCount(142)
06-29 10:04:09.973  3472  3472 W ResourceType: For resource 0x7f0e0132, entry index(306) is beyond type entryCount(142)
06-29 10:04:09.973  3472  3472 W ResourceType: For resource 0x7f0e00f7, entry index(247) is beyond type entryCount(142)
06-29 10:04:09.974  3472  3472 W ResourceType: For resource 0x7f0e0131, entry index(305) is beyond type entryCount(142)
06-29 10:04:09.974  3472  3472 W ResourceType: For resource 0x7f0e010f, entry index(271) is beyond type entryCount(142)
06-29 10:04:09.976  3472  3472 W ResourceType: For resource 0x7f0e00bc, entry index(188) is beyond type entryCount(142)
06-29 10:04:09.977  3472  3472 W ResourceType: For resource 0x7f0e011d, entry index(285) is beyond type entryCount(142)
06-29 10:04:09.978  3472  3472 I chatty  : uid=10104(net.osmand) identical 4 lines
06-29 10:04:09.978  3472  3472 W ResourceType: For resource 0x7f0e011d, entry index(285) is beyond type entryCount(142)
06-29 10:04:09.978  3472  3472 W ResourceType: For resource 0x7f0e00bd, entry index(189) is beyond type entryCount(142)
06-29 10:04:09.979  3472  3472 W ResourceType: For resource 0x7f0e011d, entry index(285) is beyond type entryCount(142)
06-29 10:04:09.980  3472  3472 I chatty  : uid=10104(net.osmand) identical 3 lines
06-29 10:04:09.980  3472  3472 W ResourceType: For resource 0x7f0e011d, entry index(285) is beyond type entryCount(142)
06-29 10:04:09.981  1600  2131 I WifiService: releaseWifiLock uid=10014
06-29 10:04:09.987  3472  3472 W ResourceType: For resource 0x7f0e011d, entry index(285) is beyond type entryCount(142)
06-29 10:04:10.001  1600  7948 I Telecom : : Adding new incoming call with phoneAccountHandle ComponentInfo{com.android.phone/com.android.services.telephony.TelephonyConnectionService}, [****], UserHandle{0}: TSI.aNIC@AZY
06-29 10:04:10.020  1600  7948 I Telecom : PhoneAccountRegistrar: SimCallManager queried, returning: null: TSI.aNIC@AZY
06-29 10:04:10.042  3472  3472 I chatty  : uid=10104(net.osmand) identical 13 lines
06-29 10:04:10.042  3472  3472 W ResourceType: For resource 0x7f0e011d, entry index(285) is beyond type entryCount(142)
06-29 10:04:10.050  3472  3472 W ResourceType: For resource 0x7f0e01ac, entry index(428) is beyond type entryCount(142)
06-29 10:04:10.050  3472  3472 W ResourceType: For resource 0x7f0e00ae, entry index(174) is beyond type entryCount(142)
06-29 10:04:10.050  3472  3472 W ResourceType: For resource 0x7f0e013d, entry index(317) is beyond type entryCount(142)
06-29 10:04:10.050  3472  3472 W ResourceType: For resource 0x7f0e013e, entry index(318) is beyond type entryCount(142)
06-29 10:04:10.059  3472  3472 W ResourceType: For resource 0x7f0e013b, entry index(315) is beyond type entryCount(142)
06-29 10:04:10.094  1600  7948 I Telecom : LogUtils: EventRecord added as Call: [TC@3, NEW, null, tel:****, A, childs(0), has_parent(false), [Capabilities:], [Properties:]]: TSI.aNIC@AZY
06-29 10:04:10.097  1600  7948 I Telecom : Event: RecordEntry TC@3: CREATED, null: TSI.aNIC@AZY
06-29 10:04:10.164  1600  7948 I Telecom : PhoneAccountRegistrar: SimCallManager queried, returning: null: TSI.aNIC@AZY
06-29 10:04:10.102  3472  3472 I chatty  : uid=10104(net.osmand) identical 9 lines
06-29 10:04:10.102  3472  3472 W ResourceType: For resource 0x7f0e013b, entry index(315) is beyond type entryCount(142)
06-29 10:04:10.169  1964  1964 I GeofencerStateMachine: sendNewLocationAvailability: availability=LocationAvailability[isLocationAvailable: true]
06-29 10:04:10.181  1600  7948 I Telecom : CreateConnectionProcessor: Trying attempt CallAttemptRecord(ComponentInfo{com.android.phone/com.android.services.telephony.TelephonyConnectionService}, [****], UserHandle{0},ComponentInfo{com.android.phone/com.android.services.telephony.TelephonyConnectionService}, [****], UserHandle{0}): TSI.aNIC@AZY
06-29 10:04:10.223  1600  7948 I Telecom : Event: RecordEntry TC@3: BIND_CS, ComponentInfo{com.android.phone/com.android.services.telephony.TelephonyConnectionService}: TSI.aNIC@AZY
06-29 10:04:10.229  1600  1600 I Telecom : TelecomSystem: CallerInfoAsyncQuery.startQuery number=[****] cookie=TSI.aNIC->CILH.sL->CILH.sL@AZY: TSI.aNIC->CILH.sL@AZY
06-29 10:04:10.232  1600  1621 W WindowManager: Window freeze timeout expired.
06-29 10:04:10.232  1600  1621 W WindowManager: Force clearing orientation change: Window{e8f0a32 u0 NavigationBar}
06-29 10:04:10.250  1600  1600 I Telecom : ServiceBinderConnection: Service bound ComponentInfo{com.android.phone/com.android.services.telephony.TelephonyConnectionService}: SBC.oSC@AZc
06-29 10:04:10.250  1600  1600 I Telecom : Event: RecordEntry TC@3: CS_BOUND, ComponentInfo{com.android.phone/com.android.services.telephony.TelephonyConnectionService}: SBC.oSC@AZc
06-29 10:04:10.290  1600  1600 I Telecom : Event: RecordEntry TC@3: START_CONNECTION, tel:****: SBC.oSC@AZc
06-29 10:04:10.294  1600  1621 W WindowManager: App freeze timeout expired.
06-29 10:04:10.295  1600  1621 W WindowManager: Force clearing freeze: AppWindowToken{3f3b0db token=Token{60c56c7 ActivityRecord{acd9006 u0 net.osmand/.plus.activities.MapActivity t5}}}
06-29 10:04:10.323 10718 10718 W zygote  : Unexpected CPU variant for X86 using defaults: x86
06-29 10:04:10.323  1600  7948 I Telecom : PhoneAccountRegistrar: SimCallManager queried, returning: null: (...->CS.aCSA->H.CS.aCSA)->CSW.qRCS@E-E-AZc
06-29 10:04:10.326  1600  3145 W ActivityManager: Slow operation: 78ms so far, now at startProcess: returned from zygote!
06-29 10:04:10.326  1600  3145 W ActivityManager: Slow operation: 78ms so far, now at startProcess: done updating battery stats
06-29 10:04:10.326  1600  3145 W ActivityManager: Slow operation: 78ms so far, now at startProcess: building log message
06-29 10:04:10.326  1600  3145 I ActivityManager: Start proc 10718:android.process.acore/u0a2 for content provider com.android.providers.contacts/.ContactsProvider2
06-29 10:04:10.326  1600  3145 W ActivityManager: Slow operation: 78ms so far, now at startProcess: starting to update pids map
06-29 10:04:10.327  1600  3145 W ActivityManager: Slow operation: 78ms so far, now at startProcess: done updating pids map
06-29 10:04:10.327  1600  3145 W ActivityManager: Slow operation: 78ms so far, now at startProcess: done starting proc!
06-29 10:04:10.327  1600  3145 W ActivityManager: Slow operation: 78ms so far, now at getContentProviderImpl: after start process
06-29 10:04:10.327  1600  3145 W ActivityManager: Slow operation: 78ms so far, now at getContentProviderImpl: updating data structures
06-29 10:04:10.327  1600  3145 W ActivityManager: Slow operation: 79ms so far, now at getContentProviderImpl: done!
06-29 10:04:10.351  1833  1833 I Telephony: TelephonyConnectionService: onCreateIncomingConnection, request: ConnectionRequest xxxxxxxx Bundle[mParcelledData.dataSize=472]: (SBC.oSC)->CS.crCo->H.CS.crCo->H.CS.crCo.pICR@E-AZc
06-29 10:04:10.381  1600  2660 I Telecom : Event: RecordEntry TC@3: CAPABILITY_CHANGE, Current: [[ sup_hld mut !v2a spd_aud]], Removed [[]], Added [[ sup_hld mut !v2a spd_aud]]: (...->CS.crCo->H.CS.crCo->H.CS.crCo.pICR)->CSW.hCCC@E-E-AZc
06-29 10:04:10.381  1600  2660 I Telecom : Event: RecordEntry TC@3: FILTERING_INITIATED, null: (...->CS.crCo->H.CS.crCo->H.CS.crCo.pICR)->CSW.hCCC@E-E-AZc
06-29 10:04:10.381  1600  2660 I Telecom : Event: RecordEntry TC@3: DIRECT_TO_VM_INITIATED, null: (...->CS.crCo->H.CS.crCo->H.CS.crCo.pICR)->CSW.hCCC@E-E-AZc
06-29 10:04:10.382  1600  2660 I Telecom : CallerInfoLookupHelper: There is a previously incomplete query for handle tel:****. Adding to listeners for this query.: (...->CS.crCo->H.CS.crCo->H.CS.crCo.pICR)->CSW.hCCC@E-E-AZc
06-29 10:04:10.382  1600  2660 I Telecom : Event: RecordEntry TC@3: SCREENING_SENT, null: (...->CS.crCo->H.CS.crCo->H.CS.crCo.pICR)->CSW.hCCC@E-E-AZc
06-29 10:04:10.383  1600  2660 I Telecom : CallScreeningServiceFilter: There are no call screening services installed on this device.: (...->CS.crCo->H.CS.crCo->H.CS.crCo.pICR)->CSW.hCCC@E-E-AZc
06-29 10:04:10.383  1600  2660 I Telecom : CallScreeningServiceFilter: Could not bind to call screening service: (...->CS.crCo->H.CS.crCo->H.CS.crCo.pICR)->CSW.hCCC@E-E-AZc
06-29 10:04:10.384  1600  2660 I Telecom : Event: RecordEntry TC@3: SCREENING_COMPLETED, [Allow, logged, notified]: (...->CS.crCo->H.CS.crCo->H.CS.crCo.pICR)->CSW.hCCC@E-E-AZc
06-29 10:04:10.389  1833  1833 I Telephony: TelephonyConnectionService: notifyCreateConnectionComplete TC@3_1: (...->CSW.hCCC)->CS.crCoC->H.CS.crCoC@E-E-E-AZc
06-29 10:04:10.542  3472  3472 W System.err: OnCreate for MapActivity took 1032 ms
06-29 10:04:10.551  1704  1704 I Choreographer: Skipped 112 frames!  The application may be doing too much work on its main thread.
06-29 10:04:10.554  1600 10724 I Telecom : Event: RecordEntry TC@3: BLOCK_CHECK_INITIATED, null: (...->CS.crCo->H.CS.crCo->H.CS.crCo.pICR)->CSW.hCCC->ABCF.dIB@E-E-AZc
06-29 10:04:10.559  1600  7245 W ActivityManager: Slow operation: 117ms so far, now at attachApplicationLocked: after updateOomAdjLocked
06-29 10:04:10.594 10718 10718 I zygote  : The ClassLoaderContext is a special shared library.
06-29 10:04:10.709  3472  3482 I zygote  : Background concurrent copying GC freed 141445(5MB) AllocSpace objects, 21(756KB) LOS objects, 19% free, 24MB/30MB, paused 27.396ms total 3.476s
06-29 10:04:10.736  1704  1929 D EGL_emulation: eglMakeCurrent: 0x9e4046c0: ver 2 0 (tinfo 0x9e403690)
06-29 10:04:10.741  1398  1398 D gralloc_ranchu: gralloc_alloc: Creating ashmem region of size 274432
06-29 10:04:10.823 10718 10718 I ContactsPerf: VoicemailContentProvider.onCreate start
06-29 10:04:10.878 10718 10718 I ContactsPerf: VoicemailContentProvider.onCreate finish
06-29 10:04:10.921 10718 10718 I zygote  : The ClassLoaderContext is a special shared library.
06-29 10:04:11.012  1704  1704 D StatusBar: disable<e i a s b h r c s q >
06-29 10:04:11.019  3472  3486 I zygote  : Waiting for a blocking GC ProfileSaver
06-29 10:04:11.075  1704  1929 D EGL_emulation: eglMakeCurrent: 0x9e4046c0: ver 2 0 (tinfo 0x9e403690)
06-29 10:04:11.111 10718 10718 I zygote  : The ClassLoaderContext is a special shared library.
06-29 10:04:11.140  1398  1398 D gralloc_ranchu: gralloc_alloc: Creating ashmem region of size 274432
06-29 10:04:11.210 10718 10734 D ContactsDatabaseHelper: WAL enabled for contacts2.db: true
06-29 10:04:11.271  1398  1398 D gralloc_ranchu: gralloc_alloc: Creating ashmem region of size 544768
06-29 10:04:11.283  3472  3472 D InAppPurchaseHelper: Destroying helper.
06-29 10:04:11.348  1704  1929 D EGL_emulation: eglMakeCurrent: 0x9e4046c0: ver 2 0 (tinfo 0x9e403690)
06-29 10:04:11.402  1398  1398 D gralloc_ranchu: gralloc_alloc: Creating ashmem region of size 544768
06-29 10:04:11.556  1704  1704 D EGL_emulation: eglCreateContext: 0x8a6cc3c0: maj 2 min 0 rcv 2
06-29 10:04:11.565  1704  1704 D EGL_emulation: eglMakeCurrent: 0x8a6cc3c0: ver 2 0 (tinfo 0x8999d150)
06-29 10:04:11.579  1398  1398 D gralloc_ranchu: gralloc_alloc: Creating ashmem region of size 9547776
06-29 10:04:11.601  1704  1704 D EGL_emulation: eglMakeCurrent: 0x8a6cc3c0: ver 2 0 (tinfo 0x8999d150)
06-29 10:04:11.648  1964 10583 V NativeCrypto: SSL shutdown failed: ssl=0x9e421808: I/O error during system call, Connection reset by peer
06-29 10:04:11.676  1398  1398 D gralloc_ranchu: gralloc_alloc: Creating ashmem region of size 9547776
06-29 10:04:11.745  1600  1609 I zygote  : Background concurrent copying GC freed 59827(3MB) AllocSpace objects, 34(1256KB) LOS objects, 30% free, 13MB/19MB, paused 1.421ms total 1.572s
06-29 10:04:11.831  1600  7245 I GnssLocationProvider: WakeLock acquired by sendMessage(SET_REQUEST, 0, com.android.server.location.GnssLocationProvider$GpsRequest@50c6ca4)
06-29 10:04:11.868  3472  3472 W System.err: OnCreate for MapActivity took 585 ms
06-29 10:04:11.888  3472  3472 I Choreographer: Skipped 210 frames!  The application may be doing too much work on its main thread.
06-29 10:04:11.946  1398  1398 D gralloc_ranchu: gralloc_alloc: Creating ashmem region of size 8298496
06-29 10:04:11.953  3472  3472 W ResourceType: For resource 0x7f0e013b, entry index(315) is beyond type entryCount(142)
06-29 10:04:11.999  3472  3472 I chatty  : uid=10104(net.osmand) identical 68 lines
06-29 10:04:11.999  3472  3472 W ResourceType: For resource 0x7f0e013b, entry index(315) is beyond type entryCount(142)
06-29 10:04:11.999  3472  3472 W View    : requestLayout() improperly called by android.widget.ListView{a20cdfe VFED.VC.. ......ID 0,0-735,1794 #7f0803ba app:id/menuItems} during layout: running second layout pass
06-29 10:04:12.020  3472  3472 I net.osmand: TTSCommandPlayerImpl Send message to pebble sinal g p s recuperado 
06-29 10:04:12.020  3472  3472 D net.osmand: AbstractPrologCommandPlayer requestAudioFocus
06-29 10:04:12.020  3472  3472 W AudioManager: Use of stream types is deprecated for operations other than volume control
06-29 10:04:12.021  3472  3472 W AudioManager: See the documentation of requestAudioFocus() for what to use instead with android.media.AudioAttributes to qualify your playback use case
06-29 10:04:12.021  1600  7245 I MediaFocusControl: requestAudioFocus() from uid/pid 10104/3472 clientId=android.media.AudioManager@d05fab5net.osmand.plus.api.AudioFocusHelperImpl@f2f495f callingPack=net.osmand req=3 flags=0x0 sdk=26
06-29 10:04:12.022  3472  3472 D net.osmand: TTSCommandPlayerImpl ttsRequests=1
06-29 10:04:12.030  5191  5280 I TTS.GoogleTTSServiceImp: Synthesis request for locale por-BRA and name pt-BR-language
06-29 10:04:12.030  1600  1613 I GnssLocationProvider: WakeLock released by handleMessage(SET_REQUEST, 0, com.android.server.location.GnssLocationProvider$GpsRequest@50c6ca4)
06-29 10:04:12.031  5191  5280 I TTS.GoogleTTSServiceImp: TTS dispatch: pt-br-x-afs-lstm-embedded
06-29 10:04:12.040  3472  3472 I net.osmand: RoutingHelper Recalculate route, because correlation  : 186128.55975861658
06-29 10:04:12.040  3472  3472 I net.osmand: RoutingHelper Recalculate route, because wrong movement direction: 186128.56
06-29 10:04:12.042  1964  1964 I GeofencerStateMachine: sendNewLocationAvailability: availability=LocationAvailability[isLocationAvailable: true]
06-29 10:04:12.043  3472  3472 I net.osmand: RoutingHelper Recalculate route, because correlation  : 186128.55975861658
06-29 10:04:12.043  3472  3472 D net.osmand: Enable sensor
06-29 10:04:12.056  5191  5294 D AudioTrack: Client defaulted notificationFrames to 1365 for frameCount 4096
06-29 10:04:12.071  1390  2659 W audio_hw_generic: Not supplying enough data to HAL, expected position 31047938 , only wrote 31047840
06-29 10:04:12.074  1600  7245 V MediaRouterService: restoreBluetoothA2dp(false)
06-29 10:04:12.076  1704  1704 I Choreographer: Skipped 61 frames!  The application may be doing too much work on its main thread.
06-29 10:04:12.078  1704  1929 D EGL_emulation: eglMakeCurrent: 0x9e4046c0: ver 2 0 (tinfo 0x9e403690)
06-29 10:04:12.094 10718 10734 I ContactLocale: AddressBook Labels [[en_US]]: […, A, B, C, D, E, F, G, H, I, J, K, L, M, N, O, P, Q, R, S, T, U, V, W, X, Y, Z, Α, Β, Γ, Δ, Ε, Ζ, Η, Θ, Ι, Κ, Λ, Μ, ?, Ξ, Ο, Π, Ρ, Σ, Τ, Υ, Φ, Χ, Ψ, Ω, …, ?, Б, В, Г, Д, Ђ, Е, Є, Ж, З, И, І, Й, Ј, К, Л, Љ, М, ?, Њ, О, П, Р, С, Т, Ћ, У, Ф, Х, Ц, Ч, ?, Ш, Щ, Ю, Я, …, ?, ב, ג, ד, ה, ו, ז, ח, ט, י, כ, ל, מ, נ, ס, ע, פ, צ, ק, ר, ש, ת, …, ا, ب, ت, ث, ج, ح, خ, د, ذ, ر, ز, س, ش, ص, ض, ط, ظ, ع, غ, ?, ق, ك, ل, م, ن, ه, و, ي, …, ?, ข, ฃ, ค, ฅ, ฆ, ง, จ, ฉ, ช, ซ, ฌ, ?, ฎ, ?, ?, ฑ, ฒ, ณ, ด, ต, ถ, ท, ธ, น, บ, ป, ผ, ?, พ, ฟ, ภ, ม, ย, ร, ฤ, ล, ฦ, ว, ศ, ษ, ส, ห, ฬ, อ, ฮ, …, ㄱ, ㄴ, ㄷ, ㄹ, ?, ㅂ, ㅅ, ㅇ, ㅈ, ㅊ, ㅋ, ㅌ, ?, ㅎ, …, ?, ?, ?, ?, ?, ?, ?, や, ら, ?, #, …]
06-29 10:04:12.097  3472  3540 D EGL_emulation: eglMakeCurrent: 0x9e4043c0: ver 2 0 (tinfo 0x9e403290)
06-29 10:04:12.101  1398  1398 D gralloc_ranchu: gralloc_alloc: Creating ashmem region of size 274432
06-29 10:04:12.141  1398  1398 D gralloc_ranchu: gralloc_alloc: Creating ashmem region of size 8298496
06-29 10:04:12.158  3472  3496 I net.osmand: MapRenderRepositories RENDER MAP: update due to tile box
06-29 10:04:12.158  3472  3496 I net.osmand: MapRenderRepositories RENDER MAP: Interrupt rendering map
06-29 10:04:12.174  1704  1929 D EGL_emulation: eglMakeCurrent: 0x9e4046c0: ver 2 0 (tinfo 0x9e403690)
06-29 10:04:12.199  1704  1704 W StatusBar/NavBarView: *** Invalid layout in navigation bar (sizeChanged this=1080x126 cur=1038x126)
06-29 10:04:12.206  1398  1398 D gralloc_ranchu: gralloc_alloc: Creating ashmem region of size 544768
06-29 10:04:12.233  1600  1647 I WindowManager: Screen frozen for +4s3ms due to Window{9f5af10 u0 net.osmand/net.osmand.plus.activities.MapActivity}
06-29 10:04:12.294  1408  1408 D SurfaceFlinger: duplicate layer name: changing BlackSurface to BlackSurface#1
06-29 10:04:12.316  1408  1408 D SurfaceFlinger: duplicate layer name: changing BlackSurface to BlackSurface#2
06-29 10:04:12.371  1408  1408 D SurfaceFlinger: duplicate layer name: changing BlackSurface to BlackSurface#3
06-29 10:04:12.461  1390  2659 W audio_hw_generic: Not supplying enough data to HAL, expected position 31066548 , only wrote 31065120
06-29 10:04:12.498 10718 10734 D ContactsDatabaseHelper: WAL enabled for profile.db: false
06-29 10:04:12.512  1473  1561 D AudioFlinger: mixer(0xa6c83380) throttle end: throttle time(6)
06-29 10:04:12.527  3472  3496 I net.osmand: MapRenderRepositories RENDER MAP: update due to tile box
06-29 10:04:12.527  3472  3496 I net.osmand: MapRenderRepositories RENDER MAP: Interrupt rendering map
06-29 10:04:12.634  1473  1561 D AudioFlinger: mixer(0xa6c83380) throttle end: throttle time(10)
06-29 10:04:12.696  3472  3495 I net.osmand: MapRenderRepositories RENDER MAP: new request RotatedTileBox [lat=-7.223513333333333, lon=-35.89266333333333, rotate=0.0, density=2.625, zoom=17, mapDensity=3.9375, zoomAnimation=0.0, zoomFloatPart=0.0, cx=900, cy=1297, pixWidth=1800, pixHeight=2595]
06-29 10:04:12.746  1390  2659 W audio_hw_generic: Not supplying enough data to HAL, expected position 31078816 , only wrote 31078800
06-29 10:04:12.823  1390  2659 W audio_hw_generic: Not supplying enough data to HAL, expected position 31082495 , only wrote 31082400
06-29 10:04:12.826  1390  2659 W audio_hw_generic: Not supplying enough data to HAL, expected position 31082548 , only wrote 31082400
06-29 10:04:13.039  3472  3495 I net.osmand:native: Route objects 108
06-29 10:04:13.039  3472  3495 I net.osmand:native: Ocean: no completed & incompleted coastlines 0
06-29 10:04:13.039  3472  3495 I net.osmand:native: Detailed coastlines = 0, basemap coastlines 0, ocean tile 0.000000. Detailed added 0, basemap processed 1, basemap added 0.
06-29 10:04:13.040  3472  3495 I net.osmand:native: Search : tree - read( 540), accept( 56), objs - visit( 3237), accept(139), in result(108) 
06-29 10:04:13.052  3472  3495 I net.osmand: MapRenderRepositories BLat=-7.227365660667419, TLat=-7.219662022590637, LLong=-35.895111083984375, RLong=-35.89020919799805, zoom=17
06-29 10:04:13.077  3472  3495 I net.osmand: MapRenderRepositories Native search: 356 ms 
06-29 10:04:13.078  3472  3495 W net.osmand: MapRenderRepositories Create new image ? 1800 != 1800 (w) 2595 != 2690 (h) 
06-29 10:04:13.080  3472  3495 I net.osmand:native: Creating SkBitmap in native w:1800 h:2595 s:7200 f:1!
06-29 10:04:13.080  3472  3495 I net.osmand:native: Row bytes for RGBA_8888 is 7200
06-29 10:04:13.080  3472  3495 I net.osmand:native: Locked 18684000 bytes at 0x6c880000
06-29 10:04:13.080  3472  3495 I net.osmand:native: Initializing rendering
06-29 10:04:13.104  3472  3495 I net.osmand:native: Rendering image
06-29 10:04:13.108  1473  1561 D AudioFlinger: mixer(0xa6c83380) throttle end: throttle time(15)
06-29 10:04:13.148  1398  1398 D gralloc_ranchu: gralloc_alloc: Creating ashmem region of size 3878912
06-29 10:04:13.165  3472  3496 I net.osmand: MapRenderRepositories RENDER MAP: update due to tile box
06-29 10:04:13.165  3472  3496 I net.osmand: MapRenderRepositories RENDER MAP: Interrupt rendering map
06-29 10:04:13.195  1704  1929 D EGL_emulation: eglMakeCurrent: 0x9e4046c0: ver 2 0 (tinfo 0x9e403690)
06-29 10:04:13.402  3472  3495 I net.osmand:native: Native ok (rendering 297, text 0 ms) 
06-29 10:04:13.402  3472  3495 I net.osmand:native:  (36 points, 10 points inside, 2 of 4 objects visible)
06-29 10:04:13.402  3472  3495 I net.osmand:native: End Rendering image
06-29 10:04:13.402  3472  3495 I net.osmand:native: Native ok (init 24, rendering 297) 
06-29 10:04:13.405  3472  3495 I net.osmand: MapRenderRepositories true
06-29 10:04:13.405  3472  3495 I net.osmand: MapRenderRepositories RENDER MAP: new request RotatedTileBox [lat=-7.223513333333333, lon=-35.89266333333333, rotate=0.0, density=2.625, zoom=17, mapDensity=3.9375, zoomAnimation=0.0, zoomFloatPart=0.0, cx=900, cy=1972, pixWidth=1800, pixHeight=2690]
06-29 10:04:13.474  3472  3472 I Choreographer: Skipped 83 frames!  The application may be doing too much work on its main thread.
06-29 10:04:13.609  1398  1398 D gralloc_ranchu: gralloc_alloc: Creating ashmem region of size 8298496
06-29 10:04:13.674  3472  3472 I net.osmand: RoutingHelper Recalculate route, because correlation  : 186104.66077415133
06-29 10:04:13.681  3472  3472 I net.osmand: RoutingHelper Recalculate route, because correlation  : 186104.66077415133
06-29 10:04:13.681  3472  3472 I net.osmand: RoutingHelper Recalculate route, because wrong movement direction: 186104.66
06-29 10:04:13.683  3472  3472 I net.osmand: RoutingHelper Recalculate route, because correlation  : 186080.62355710307
06-29 10:04:13.683  3472  3472 I net.osmand: RoutingHelper Recalculate route, because wrong movement direction: 186080.62
06-29 10:04:13.690  1398  1398 D gralloc_ranchu: gralloc_alloc: Creating ashmem region of size 3878912
06-29 10:04:13.780  3472  3472 I net.osmand: RoutingHelper Recalculate route, because correlation  : 186080.62355710307
06-29 10:04:13.780  3472  3472 I net.osmand: RoutingHelper Recalculate route, because wrong movement direction: 186080.62
06-29 10:04:13.786  3472  3472 I net.osmand: RoutingHelper Recalculate route, because correlation  : 186080.62355710307
06-29 10:04:13.811  1398  1398 D gralloc_ranchu: gralloc_alloc: Creating ashmem region of size 3878912
06-29 10:04:13.959  1390  2659 W audio_hw_generic: Not supplying enough data to HAL, expected position 31136755 , only wrote 31136400
06-29 10:04:13.960  1390  2659 W audio_hw_generic: Not supplying enough data to HAL, expected position 31136460 , only wrote 31136400
06-29 10:04:13.976  3472  3495 I net.osmand:native: Route objects 101
06-29 10:04:13.977  3472  3495 I net.osmand:native: Ocean: no completed & incompleted coastlines 0
06-29 10:04:13.977  3472  3495 I net.osmand:native: Detailed coastlines = 0, basemap coastlines 0, ocean tile 0.000000. Detailed added 0, basemap processed 1, basemap added 0.
06-29 10:04:13.977  3472  3495 I net.osmand:native: Search : tree - read( 540), accept( 56), objs - visit( 3237), accept(132), in result(101) 
06-29 10:04:13.979  3472  3495 I net.osmand: MapRenderRepositories BLat=-7.225825500488281, TLat=-7.217817115783691, LLong=-35.895111083984375, RLong=-35.89020919799805, zoom=17
06-29 10:04:13.979  3472  3495 I net.osmand: MapRenderRepositories Native search: 573 ms 
06-29 10:04:13.985  1390  2659 W audio_hw_generic: Not supplying enough data to HAL, expected position 31137598 , only wrote 31137120
06-29 10:04:14.083  3472  3495 I net.osmand:native: Creating SkBitmap in native w:1800 h:2690 s:7200 f:1!
06-29 10:04:14.083  3472  3495 I net.osmand:native: Row bytes for RGBA_8888 is 7200
06-29 10:04:14.083  3472  3495 I net.osmand:native: Locked 19368000 bytes at 0x78300000
06-29 10:04:14.083  3472  3495 I net.osmand:native: Initializing rendering
06-29 10:04:14.100  3472  3495 I net.osmand:native: Rendering image
06-29 10:04:14.122  1964  7770 W ctxmgr  : [WorkManager] Long workInfo: pkg=com.google.android.gms, lbl=UserVelocityProducer_receive, start=2019-06-29 14:04:12.412+0000, stop=2019-06-29 14:04:14.053+0000, durtn=1641ms [CONTEXT service_id=47 ]
06-29 10:04:14.302  2629  9196 I PBSessionCacheImpl: Deleted sessionId[7574760611329] from persistence.
06-29 10:04:14.310  1408  1408 W SurfaceFlinger: couldn't log to binary event log: overflow.
06-29 10:04:14.384  1600  2660 I WifiService: getWifiEnabledState uid=10032
06-29 10:04:14.430  3472  3472 I net.osmand: RoutingHelper Recalculate route, because correlation  : 186056.76586614773
06-29 10:04:14.430  3472  3472 I net.osmand: RoutingHelper Recalculate route, because wrong movement direction: 186056.77
06-29 10:04:14.461  2629  2890 W SearchServiceCore: Abort, client detached.
06-29 10:04:14.582  1600  1621 I zygote  : ThreadFlipBegin blocked for 57.231ms
06-29 10:04:14.831  5191  5294 D AudioTrack: stop() called with 57530 frames delivered
06-29 10:04:14.838  1600  2131 V MediaRouterService: restoreBluetoothA2dp(false)
06-29 10:04:14.851  3472  3483 D net.osmand: AbstractPrologCommandPlayer abandonAudioFocus
06-29 10:04:14.853  1600  4486 I MediaFocusControl: abandonAudioFocus() from uid/pid 10104/3472 clientId=android.media.AudioManager@d05fab5net.osmand.plus.api.AudioFocusHelperImpl@f2f495f
06-29 10:04:14.854  3472  3483 D net.osmand: TTSCommandPlayerImpl ttsRequests=0
06-29 10:04:14.889  1600  1600 I Telecom : CallerInfoLookupHelper: CI query for handle tel:**** has completed; notifying all listeners.: TSI.aNIC->CILH.sL->CILH.oQC@AZY
06-29 10:04:14.890  1600  1600 I Telecom : Call: CallerInfo received for tel:****: com.android.internal.telephony.CallerInfo@36bebc3 { name null, phoneNumber non-null }: TSI.aNIC->CILH.sL->CILH.oQC@AZY
06-29 10:04:14.890  1600  1600 I Telecom : Event: RecordEntry TC@3: DIRECT_TO_VM_FINISHED, [Allow, logged, notified]: TSI.aNIC->CILH.sL->CILH.oQC@AZY
06-29 10:04:14.890  1600  1600 I Telecom : CallerInfoLookupHelper: There is no photo for this contact, skipping photo query: TSI.aNIC->CILH.sL->CILH.oQC@AZY
06-29 10:04:14.897 10718 10729 I zygote  : Background concurrent copying GC freed 17896(2MB) AllocSpace objects, 2(40KB) LOS objects, 50% free, 1524KB/2MB, paused 8.498ms total 502.571ms
06-29 10:04:14.933  3472  3472 I net.osmand: RoutingHelper Recalculate route, because correlation  : 186056.76586614773
