07-17 14:15:31.830 12314 12410 I TTS.GoogleTTSServiceImp: Synthesis request for locale por-BRA and name pt-BR-language
07-17 14:15:31.832 12314 12410 I TTS.GoogleTTSServiceImp: TTS dispatch: pt-br-x-afs-lstm-embedded
07-17 14:15:31.933 12314 12411 D AudioTrack: Client defaulted notificationFrames to 1365 for frameCount 4096
07-17 14:15:31.947 10586 11027 V MediaRouterService: restoreBluetoothA2dp(false)
07-17 14:15:31.957 10541 11931 W audio_hw_generic: Not supplying enough data to HAL, expected position 252620746 , only wrote 252620640
07-17 14:15:32.090 11993 11993 V mireo   : j: GPS.setNative: 1563387332000 | Location[fused -5.123650,-42.793275 hAcc=12 et=+1d9h10m17s640ms vel=0.0 bear=0.0 vAcc=??? sAcc=??? bAcc=???]
07-17 14:15:32.647 10686 10707 I zygote  : Background concurrent copying GC freed 154418(6MB) AllocSpace objects, 0(0B) LOS objects, 31% free, 12MB/18MB, paused 168.396ms total 2.033s
07-17 14:15:32.740 10536 10570 D AudioFlinger: mixer(0xb2483f00) throttle end: throttle time(11)
07-17 14:15:32.934 10586 13863 I WifiService: acquireWifiLock uid=10014 lockMode=2
07-17 14:15:33.090 11993 11993 V mireo   : j: GPS.setNative: 1563387333000 | Location[fused -5.121367,-42.794076 hAcc=12 et=+1d9h10m18s983ms vel=0.0 vAcc=??? sAcc=??? bAcc=???]
07-17 14:15:33.158 10541 11931 W audio_hw_generic: Hardware backing HAL too slow, could only write 0 of 720 frames
07-17 14:15:33.190 10541 11931 I chatty  : uid=1041(audioserver) writer identical 2 lines
07-17 14:15:33.204 10541 11931 W audio_hw_generic: Hardware backing HAL too slow, could only write 0 of 720 frames
07-17 14:15:33.220 10541 11931 W audio_hw_generic: Hardware backing HAL too slow, could only write 0 of 720 frames
07-17 14:15:33.917 10536 10570 D AudioFlinger: mixer(0xb2483f00) throttle end: throttle time(11)
07-17 14:15:34.092 11993 11993 V mireo   : j: GPS.setNative: 1563387334000 | Location[fused -5.119688,-42.794664 hAcc=12 et=+1d9h10m19s990ms vel=0.0 vAcc=??? sAcc=??? bAcc=???]
07-17 14:15:35.018 10541 11931 W audio_hw_generic: Not supplying enough data to HAL, expected position 252767589 , only wrote 252767520
07-17 14:15:35.095 11993 11993 V mireo   : j: GPS.setNative: 1563387335000 | Location[fused -5.118472,-42.795090 hAcc=12 et=+1d9h10m20s985ms vel=0.0 vAcc=??? sAcc=??? bAcc=???]
07-17 14:15:35.452 12314 12411 D AudioTrack: stop() called with 75570 frames delivered
07-17 14:15:35.454 10586 10712 V MediaRouterService: restoreBluetoothA2dp(false)
07-17 14:15:35.460 21823 21901 I chatty  : uid=10104(net.osmand) Binder:21823_3 expire 2 lines
07-17 14:15:35.461 10586 13668 I MediaFocusControl: abandonAudioFocus() from uid/pid 10104/21823 clientId=android.media.AudioManager@430dcd0net.osmand.plus.api.AudioFocusHelperImpl@b4881d3
07-17 14:15:35.923 10586 10712 D WificondControl: Scan result ready event
07-17 14:15:35.951 10923 10923 I GeofencerStateMachine: sendNewTransitions called.
07-17 14:15:36.055 10586 10967 I WifiService: releaseWifiLock uid=10014
07-17 14:15:36.105 11993 11993 V mireo   : j: GPS.setNative: 1563387336000 | Location[fused -5.117592,-42.795399 hAcc=12 et=+1d9h10m21s983ms alt=0.0 vAcc=40 sAcc=??? bAcc=??? {Bundle[mParcelledData.dataSize=52]}]
07-17 14:15:36.108 10923 10923 I GeofencerStateMachine: sendNewTransitions called.
07-17 14:15:36.158 10923 10923 I GeofencerStateMachine: sendNewLocationAvailability: availability=LocationAvailability[isLocationAvailable: true]
07-17 14:15:36.759  1407  1407 I boot-pipe: done populating /dev/random
07-17 14:15:37.984 10586 13668 I WifiService: acquireWifiLock uid=10014 lockMode=2
07-17 14:15:38.108 11993 11993 V mireo   : j: GPS.setNative: 1563387338000 | Location[fused -5.115126,-42.794096 hAcc=12 et=+1d9h10m23s363ms vel=0.0 bear=0.0 vAcc=??? sAcc=??? bAcc=???]
07-17 14:15:38.334 10586 10820 I WifiService: releaseWifiLock uid=10014
07-17 14:15:38.384 11993 11993 V mireo   : j: GPS.setNative: 1563387338038 | Location[fused -5.114463,-42.793408 hAcc=12 et=+1d9h10m24s87ms vAcc=??? sAcc=??? bAcc=???]
07-17 14:15:38.388 21823 21823 I chatty  : uid=10104(net.osmand) expire 12 lines
07-17 14:15:38.469 10541 10574 W audio_hw_generic: Not supplying enough data to HAL, expected position 253098765 , only wrote 252933120
07-17 14:15:38.612 21823 21850 I chatty  : uid=10104(net.osmand) RenderingBaseIm expire 13 lines
07-17 14:15:40.009 21823 21850 I net.osmand: MapRenderRepositories RENDER MAP: Interrupt rendering map
07-17 14:15:40.113 11993 11993 V mireo   : j: GPS.setNative: 1563387340000 | Location[fused -5.112480,-42.790605 hAcc=12 et=+1d9h10m25s639ms vel=0.0 bear=0.0 vAcc=??? sAcc=??? bAcc=???]
07-17 14:15:40.184 21823 21823 I net.osmand: RoutingHelper Recalculate route, because correlation  : 903.8708672830434
07-17 14:15:40.185 21823 21823 I net.osmand: RoutingHelper Recalculate route, because wrong movement direction: 904.17645
07-17 14:15:40.187 21823 21850 I net.osmand: MapRenderRepositories RENDER MAP: update due to tile box
07-17 14:15:40.187 21823 21850 I net.osmand: MapRenderRepositories RENDER MAP: Interrupt rendering map
07-17 14:15:40.234 21823 21849 I net.osmand: MapRenderRepositories RENDER MAP: new request RotatedTileBox [lat=-5.10976, lon=-42.786565, rotate=0.0, density=2.625, zoom=17, mapDensity=3.9375, zoomAnimation=0.0, zoomFloatPart=0.0, cx=900, cy=1972, pixWidth=1800, pixHeight=2690]
07-17 14:15:40.291 21823 21850 I net.osmand: MapRenderRepositories RENDER MAP: update due to tile box
07-17 14:15:40.292 21823 21850 I net.osmand: MapRenderRepositories RENDER MAP: Interrupt rendering map
07-17 14:15:40.330 21823 21823 I net.osmand: RoutingHelper Recalculate route, because correlation  : 903.8708672830434
07-17 14:15:40.423 21823 21849 I net.osmand:native: Route objects 94
07-17 14:15:40.423 21823 21849 I net.osmand:native: Ocean: no completed & incompleted coastlines 0
07-17 14:15:40.423 21823 21849 I net.osmand:native: Detailed coastlines = 0, basemap coastlines 0, ocean tile 0.000000. Detailed added 0, basemap processed 1, basemap added 0.
07-17 14:15:40.423 21823 21849 I net.osmand:native: Search : tree - read( 448), accept( 36), objs - visit( 2499), accept(147), in result(94) 
07-17 14:15:40.424 21823 21849 I net.osmand: MapRenderRepositories RENDER MAP: new request RotatedTileBox [lat=-5.10976, lon=-42.786565, rotate=0.0, density=2.625, zoom=17, mapDensity=3.9375, zoomAnimation=0.0, zoomFloatPart=0.0, cx=900, cy=1972, pixWidth=1800, pixHeight=2690]
07-17 14:15:40.579 21823 21849 I net.osmand:native: Route objects 94
07-17 14:15:40.579 21823 21849 I net.osmand:native: Ocean: no completed & incompleted coastlines 0
07-17 14:15:40.579 21823 21849 I net.osmand:native: Detailed coastlines = 0, basemap coastlines 0, ocean tile 0.000000. Detailed added 0, basemap processed 1, basemap added 0.
07-17 14:15:40.579 21823 21849 I net.osmand:native: Search : tree - read( 448), accept( 36), objs - visit( 2499), accept(147), in result(94) 
07-17 14:15:40.580 21823 21849 I net.osmand: MapRenderRepositories BLat=-5.112084126472473, TLat=-5.104043745994568, LLong=-42.78901290893555, RLong=-42.78411102294922, zoom=17
07-17 14:15:40.580 21823 21849 I net.osmand: MapRenderRepositories Native search: 156 ms 
07-17 14:15:40.587 21823 21849 I net.osmand:native: Creating SkBitmap in native w:1800 h:2690 s:7200 f:1!
07-17 14:15:40.587 21823 21849 I net.osmand:native: Row bytes for RGBA_8888 is 7200
07-17 14:15:40.587 21823 21849 I net.osmand:native: Locked 19368000 bytes at 0x84900000
07-17 14:15:40.587 21823 21849 I net.osmand:native: Initializing rendering
07-17 14:15:40.588 21823 21849 I net.osmand:native: Rendering image
07-17 14:15:40.753 21823 21823 D net.osmand: RoutingHelper Processed by distance : (new) 925.4354312528599 (old) 964.0486346248894
07-17 14:15:40.895 21823 21823 I net.osmand: RoutingHelper Recalculate route, because correlation  : 925.4354312528599
07-17 14:15:40.895 21823 21823 I net.osmand: RoutingHelper Recalculate route, because wrong movement direction: 926.8276
07-17 14:15:40.897 21823 21850 I net.osmand: MapRenderRepositories RENDER MAP: update due to tile box
07-17 14:15:40.897 21823 21850 I net.osmand: MapRenderRepositories RENDER MAP: Interrupt rendering map
07-17 14:15:40.922 21823 21849 I net.osmand:native: Native ok (rendering 11, text 91 ms) 
07-17 14:15:40.922 21823 21849 I net.osmand:native:  (2183 points, 476 points inside, 154 of 163 objects visible)
07-17 14:15:40.922 21823 21849 I net.osmand:native: End Rendering image
07-17 14:15:40.922 21823 21849 I net.osmand:native: Native ok (init 1, rendering 11) 
07-17 14:15:40.923 21823 21849 I net.osmand: MapRenderRepositories true
07-17 14:15:40.923 21823 21849 I net.osmand: MapRenderRepositories RENDER MAP: new request RotatedTileBox [lat=-5.108383333333333, lon=-42.78415333333334, rotate=0.0, density=2.625, zoom=17, mapDensity=3.9375, zoomAnimation=0.0, zoomFloatPart=0.0, cx=900, cy=1972, pixWidth=1800, pixHeight=2690]
07-17 14:15:41.105 21823 21849 I net.osmand:native: Route objects 76
07-17 14:15:41.105 21823 21849 I net.osmand:native: Ocean: no completed & incompleted coastlines 0
07-17 14:15:41.105 21823 21849 I net.osmand:native: Detailed coastlines = 0, basemap coastlines 0, ocean tile 0.000000. Detailed added 0, basemap processed 1, basemap added 0.
07-17 14:15:41.105 21823 21849 I net.osmand:native: Search : tree - read( 448), accept( 38), objs - visit( 2579), accept(129), in result(76) 
07-17 14:15:41.106 21823 21849 I net.osmand: MapRenderRepositories BLat=-5.110693550109863, TLat=-5.102676773071289, LLong=-42.7866096496582, RLong=-42.781707763671875, zoom=17
07-17 14:15:41.107 21823 21849 I net.osmand: MapRenderRepositories Native search: 184 ms 
07-17 14:15:41.113 21823 21849 I net.osmand:native: Creating SkBitmap in native w:1800 h:2690 s:7200 f:1!
07-17 14:15:41.113 21823 21849 I net.osmand:native: Row bytes for RGBA_8888 is 7200
07-17 14:15:41.114 21823 21849 I net.osmand:native: Locked 19368000 bytes at 0x85d00000
07-17 14:15:41.114 21823 21849 I net.osmand:native: Initializing rendering
07-17 14:15:41.118 21823 21849 I net.osmand:native: Rendering image
07-17 14:15:41.304 21823 21823 I net.osmand: RoutingHelper Recalculate route, because correlation  : 925.4354312528599
07-17 14:15:41.315 21823 21823 I net.osmand: RoutingHelper Recalculate route, because correlation  : 925.4354312528599
07-17 14:15:41.315 21823 21823 I net.osmand: RoutingHelper Recalculate route, because wrong movement direction: 926.8276
07-17 14:15:41.414 11993 11993 V mireo   : j: GPS.setNative: 1563387341000 | Location[fused -5.111343,-42.788815 hAcc=12 et=+1d9h10m26s781ms vel=0.0 bear=0.0 vAcc=??? sAcc=??? bAcc=???]
07-17 14:15:41.479 21823 21823 I net.osmand: RoutingHelper Recalculate route, because correlation  : 925.4354312528599
07-17 14:15:41.574 21823 21849 I net.osmand:native: Native ok (rendering 0, text 192 ms) 
07-17 14:15:41.574 21823 21849 I net.osmand:native:  (1893 points, 231 points inside, 128 of 135 objects visible)
07-17 14:15:41.575 21823 21849 I net.osmand:native: End Rendering image
07-17 14:15:41.575 21823 21849 I net.osmand:native: Native ok (init 4, rendering 0) 
07-17 14:15:41.576 21823 21849 I net.osmand: MapRenderRepositories true
07-17 14:15:41.725 21823 21833 I zygote  : Background concurrent copying GC freed 324543(8MB) AllocSpace objects, 3(48KB) LOS objects, 15% free, 32MB/38MB, paused 11.244ms total 1.877s
07-17 14:15:41.897 10923 10923 I GeofencerStateMachine: sendNewTransitions called.
07-17 14:15:41.936 21823 21823 D net.osmand: RoutingHelper Processed by distance : (new) 945.1201169576647 (old) 970.5151905593789
07-17 14:15:42.023 21823 21823 I net.osmand: RoutingHelper Recalculate route, because correlation  : 945.1201169576647
07-17 14:15:42.023 21823 21823 I net.osmand: RoutingHelper Recalculate route, because wrong movement direction: 952.65955
07-17 14:15:42.026 21823 21850 I net.osmand: MapRenderRepositories RENDER MAP: update due to tile box
07-17 14:15:42.026 21823 21850 I net.osmand: MapRenderRepositories RENDER MAP: Interrupt rendering map
07-17 14:15:42.175 10923 10923 I GeofencerStateMachine: sendNewTransitions called.
07-17 14:15:42.220 10923 10923 I GeofencerStateMachine: sendNewLocationAvailability: availability=LocationAvailability[isLocationAvailable: true]
07-17 14:15:42.327 21823 21849 I net.osmand: MapRenderRepositories RENDER MAP: new request RotatedTileBox [lat=-5.107005, lon=-42.781740000000006, rotate=0.0, density=2.625, zoom=17, mapDensity=3.9375, zoomAnimation=0.0, zoomFloatPart=0.0, cx=900, cy=1972, pixWidth=1800, pixHeight=2690]
07-17 14:15:42.343 21823 21823 I net.osmand: RoutingHelper Recalculate route, because correlation  : 945.1201169576647
07-17 14:15:42.343 21823 21823 I net.osmand: RoutingHelper Recalculate route, because wrong movement direction: 952.65955
07-17 14:15:42.424 21823 21823 I net.osmand: RoutingHelper Recalculate route, because correlation  : 945.1201169576647
07-17 14:15:42.438 11993 11993 V mireo   : j: GPS.setNative: 1563387342000 | Location[fused -5.110143,-42.786858 hAcc=12 et=+1d9h10m27s910ms vel=0.0 vAcc=??? sAcc=??? bAcc=???]
07-17 14:15:42.444 21823 21849 I net.osmand:native: Route objects 40
07-17 14:15:42.444 21823 21849 I net.osmand:native: Ocean: no completed & incompleted coastlines 0
07-17 14:15:42.444 21823 21849 I net.osmand:native: Detailed coastlines = 0, basemap coastlines 0, ocean tile 0.000000. Detailed added 0, basemap processed 1, basemap added 0.
07-17 14:15:42.444 21823 21849 I net.osmand:native: Search : tree - read( 448), accept( 37), objs - visit( 2539), accept(93), in result(40) 
07-17 14:15:42.445 21823 21849 I net.osmand: MapRenderRepositories BLat=-5.109327054023742, TLat=-5.101286673545838, LLong=-42.78419494628906, RLong=-42.779293060302734, zoom=17
07-17 14:15:42.445 21823 21849 I net.osmand: MapRenderRepositories Native search: 118 ms 
07-17 14:15:42.469 21823 21849 I net.osmand:native: Creating SkBitmap in native w:1800 h:2690 s:7200 f:1!
07-17 14:15:42.469 21823 21849 I net.osmand:native: Row bytes for RGBA_8888 is 7200
07-17 14:15:42.469 21823 21849 I net.osmand:native: Locked 19368000 bytes at 0x84900000
07-17 14:15:42.469 21823 21849 I net.osmand:native: Initializing rendering
07-17 14:15:42.474 21823 21849 I net.osmand:native: Rendering image
07-17 14:15:42.603 21823 21823 I net.osmand: RoutingHelper Recalculate route, because correlation  : 945.1201169576647
07-17 14:15:42.622 10586 10595 I zygote  : Background concurrent copying GC freed 152735(5MB) AllocSpace objects, 32(1664KB) LOS objects, 19% free, 25MB/31MB, paused 944us total 1.789s
07-17 14:15:42.630 21823 21849 I net.osmand:native: Native ok (rendering 0, text 49 ms) 
07-17 14:15:42.630 21823 21849 I net.osmand:native:  (1653 points, 159 points inside, 70 of 81 objects visible)
07-17 14:15:42.630 21823 21849 I net.osmand:native: End Rendering image
07-17 14:15:42.630 21823 21849 I net.osmand:native: Native ok (init 4, rendering 0) 
07-17 14:15:42.633 21823 21849 I net.osmand: MapRenderRepositories true
07-17 14:15:43.116 21823 21823 I net.osmand: RoutingHelper Recalculate route, because correlation  : 945.1201169576647
07-17 14:15:43.116 21823 21823 I net.osmand: RoutingHelper Recalculate route, because wrong movement direction: 952.65955
07-17 14:15:43.207 10586 13863 I WifiService: acquireWifiLock uid=10014 lockMode=2
07-17 14:15:43.250 21823 21823 I net.osmand: RoutingHelper Recalculate route, because correlation  : 944.7734262854337
07-17 14:15:43.250 21823 21823 I net.osmand: RoutingHelper Recalculate route, because wrong movement direction: 953.0483
07-17 14:15:43.273 21823 21823 I net.osmand: RoutingHelper Recalculate route, because correlation  : 944.7734262854337
07-17 14:15:43.284 21823 21823 I net.osmand: RoutingHelper Recalculate route, because correlation  : 945.1201169576647
07-17 14:15:43.443 11993 11993 V mireo   : j: GPS.setNative: 1563387343000 | Location[fused -5.109277,-42.785445 hAcc=12 et=+1d9h10m28s992ms vel=0.0 vAcc=??? sAcc=??? bAcc=???]
07-17 14:15:43.639 10923 10923 W ChimeraUtils: Non Chimera context
07-17 14:15:43.639 10923 10923 W ChimeraUtils: Non Chimera context
07-17 14:15:43.779 16657 20673 E cddv    : *~*~*~ Channel {0} was not shutdown properly!!! ~*~*~*
07-17 14:15:43.779 16657 20673 E cddv    :     Make sure to call shutdown()/shutdownNow() and wait until awaitTermination() returns true.
07-17 14:15:43.779 16657 20673 E cddv    : java.lang.RuntimeException: ManagedChannel allocation site
07-17 14:15:43.779 16657 20673 E cddv    : 	at cddy.<init>(:com.google.android.gms@17785022@17.7.85 (040700-253824076):1)
07-17 14:15:43.779 16657 20673 E cddv    : 	at cddv.<init>(:com.google.android.gms@17785022@17.7.85 (040700-253824076):2)
07-17 14:15:43.779 16657 20673 E cddv    : 	at ccwm.b(:com.google.android.gms@17785022@17.7.85 (040700-253824076):14)
07-17 14:15:43.779 16657 20673 E cddv    : 	at sje.a(:com.google.android.gms@17785022@17.7.85 (040700-253824076):44)
07-17 14:15:43.779 16657 20673 E cddv    : 	at sje.a(:com.google.android.gms@17785022@17.7.85 (040700-253824076):66)
07-17 14:15:43.779 16657 20673 E cddv    : 	at awkt.a(:com.google.android.gms@17785022@17.7.85 (040700-253824076):43)
07-17 14:15:43.779 16657 20673 E cddv    : 	at com.google.android.gms.udc.service.UdcContextInitChimeraService.a(:com.google.android.gms@17785022@17.7.85 (040700-253824076):127)
07-17 14:15:43.779 16657 20673 E cddv    : 	at aezd.run(:com.google.android.gms@17785022@17.7.85 (040700-253824076):5)
07-17 14:15:43.779 16657 20673 E cddv    : 	at squ.b(:com.google.android.gms@17785022@17.7.85 (040700-253824076):37)
07-17 14:15:43.779 16657 20673 E cddv    : 	at squ.run(:com.google.android.gms@17785022@17.7.85 (040700-253824076):21)
07-17 14:15:43.779 16657 20673 E cddv    : 	at java.util.concurrent.ThreadPoolExecutor.runWorker(ThreadPoolExecutor.java:1162)
07-17 14:15:43.779 16657 20673 E cddv    : 	at java.util.concurrent.ThreadPoolExecutor$Worker.run(ThreadPoolExecutor.java:636)
07-17 14:15:43.779 16657 20673 E cddv    : 	at swz.run(Unknown Source:7)
07-17 14:15:43.779 16657 20673 E cddv    : 	at java.lang.Thread.run(Thread.java:764)
07-17 14:15:44.048 21823 21823 I net.osmand: RoutingHelper Recalculate route, because correlation  : 944.7734262854337
07-17 14:15:44.049 21823 21823 I net.osmand: RoutingHelper Recalculate route, because wrong movement direction: 953.0483
07-17 14:15:44.082 21823 21823 I net.osmand: RoutingHelper Recalculate route, because correlation  : 944.7734262854337
07-17 14:15:44.262 21823 21823 I net.osmand: RoutingHelper Recalculate route, because correlation  : 944.7734262854337
07-17 14:15:44.262 21823 21823 I net.osmand: RoutingHelper Recalculate route, because wrong movement direction: 953.0483
07-17 14:15:44.364 21823 21823 I net.osmand: RoutingHelper Recalculate route, because correlation  : 944.7734262854337
07-17 14:15:44.445 11993 11993 V mireo   : j: GPS.setNative: 1563387344000 | Location[fused -5.108657,-42.784436 hAcc=12 et=+1d9h10m29s995ms vel=0.0 vAcc=??? sAcc=??? bAcc=???]
07-17 14:15:44.549 21823 21833 I zygote  : Background concurrent copying GC freed 401775(10MB) AllocSpace objects, 5(80KB) LOS objects, 17% free, 29MB/35MB, paused 3.094ms total 597.861ms
07-17 14:15:45.002 21823 21823 I net.osmand: RoutingHelper Recalculate route, because correlation  : 944.7734262854337
07-17 14:15:45.002 21823 21823 I net.osmand: RoutingHelper Recalculate route, because wrong movement direction: 953.0483
07-17 14:15:45.051 21823 21823 I net.osmand: RoutingHelper Recalculate route, because correlation  : 944.7734262854337
07-17 14:15:45.300 21823 21823 D net.osmand: RoutingHelper Processed by distance : (new) 827.3366405637466 (old) 839.9877623007474
07-17 14:15:45.392 21823 21823 I net.osmand: RoutingHelper Recalculate route, because correlation  : 827.3366405637466
07-17 14:15:45.395 21823 21850 I net.osmand: MapRenderRepositories RENDER MAP: update due to tile box
07-17 14:15:45.395 21823 21850 I net.osmand: MapRenderRepositories RENDER MAP: Interrupt rendering map
07-17 14:15:45.447 11993 11993 V mireo   : j: GPS.setNative: 1563387346000 | Location[fused -5.107848,-42.782414 hAcc=12 et=+1d9h10m31s339ms alt=0.0 vAcc=40 sAcc=??? bAcc=??? {Bundle[mParcelledData.dataSize=52]}]
07-17 14:15:45.496 21823 21823 I net.osmand: RoutingHelper Recalculate route, because correlation  : 827.3366405637466
07-17 14:15:45.496 21823 21823 I net.osmand: RoutingHelper Recalculate route, because wrong movement direction: 827.7081
07-17 14:15:45.499 21823 21850 I net.osmand: MapRenderRepositories RENDER MAP: update due to tile box
07-17 14:15:45.499 21823 21850 I net.osmand: MapRenderRepositories RENDER MAP: Interrupt rendering map
07-17 14:15:45.583 21823 21850 I net.osmand: MapRenderRepositories RENDER MAP: update due to tile box
07-17 14:15:45.583 21823 21850 I net.osmand: MapRenderRepositories RENDER MAP: Interrupt rendering map
07-17 14:15:45.637 21823 21849 I net.osmand: MapRenderRepositories RENDER MAP: new request RotatedTileBox [lat=-5.106896666666667, lon=-42.77901, rotate=0.0, density=2.625, zoom=17, mapDensity=3.9375, zoomAnimation=0.0, zoomFloatPart=0.0, cx=900, cy=1972, pixWidth=1800, pixHeight=2690]
07-17 14:15:45.893 21823 21849 I net.osmand:native: Route objects 31
07-17 14:15:45.893 21823 21849 I net.osmand:native: Ocean: no completed & incompleted coastlines 0
07-17 14:15:45.893 21823 21849 I net.osmand:native: Detailed coastlines = 0, basemap coastlines 0, ocean tile 0.000000. Detailed added 0, basemap processed 1, basemap added 0.
07-17 14:15:45.893 21823 21849 I net.osmand:native: Search : tree - read( 448), accept( 33), objs - visit( 2379), accept(84), in result(31) 
07-17 14:15:45.893 21823 21849 I net.osmand: MapRenderRepositories BLat=-5.109219741821289, TLat=-5.101179885864258, LLong=-42.78145980834961, RLong=-42.77655792236328, zoom=17
07-17 14:15:45.893 21823 21849 I net.osmand: MapRenderRepositories Native search: 256 ms 
07-17 14:15:45.898 21823 21849 I net.osmand:native: Creating SkBitmap in native w:1800 h:2690 s:7200 f:1!
07-17 14:15:45.898 21823 21849 I net.osmand:native: Row bytes for RGBA_8888 is 7200
07-17 14:15:45.898 21823 21849 I net.osmand:native: Locked 19368000 bytes at 0x85d00000
07-17 14:15:45.898 21823 21849 I net.osmand:native: Initializing rendering
07-17 14:15:45.899 21823 21849 I net.osmand:native: Rendering image
07-17 14:15:46.011 21823 21823 I net.osmand: RoutingHelper Recalculate route, because correlation  : 827.3366405637466
07-17 14:15:46.011 21823 21823 I net.osmand: RoutingHelper Recalculate route, because wrong movement direction: 827.7081
07-17 14:15:46.098 21823 21849 I net.osmand:native: Native ok (rendering 0, text 49 ms) 
07-17 14:15:46.098 21823 21849 I net.osmand:native:  (1785 points, 215 points inside, 50 of 61 objects visible)
07-17 14:15:46.098 21823 21849 I net.osmand:native: End Rendering image
07-17 14:15:46.098 21823 21849 I net.osmand:native: Native ok (init 1, rendering 0) 
07-17 14:15:46.107 21823 21849 I net.osmand: MapRenderRepositories true
07-17 14:15:46.160 21823 21823 I net.osmand: RoutingHelper Recalculate route, because correlation  : 827.3366405637466
07-17 14:15:46.223 10586 13863 D WificondControl: Scan result ready event
07-17 14:15:46.308 10586 10820 I WifiService: releaseWifiLock uid=10014
07-17 14:15:46.518 21823 21823 D net.osmand: RoutingHelper Processed by distance : (new) 754.3010508729112 (old) 770.555309701975
07-17 14:15:46.589 21823 21823 I net.osmand: RoutingHelper Recalculate route, because correlation  : 754.3010508729112
07-17 14:15:46.589 21823 21823 I net.osmand: RoutingHelper Recalculate route, because wrong movement direction: 758.95575
07-17 14:15:46.594 21823 21850 I net.osmand: MapRenderRepositories RENDER MAP: update due to tile box
07-17 14:15:46.594 21823 21850 I net.osmand: MapRenderRepositories RENDER MAP: Interrupt rendering map
07-17 14:15:46.633 21823 21823 I net.osmand: RoutingHelper Recalculate route, because correlation  : 754.3010508729112
07-17 14:15:46.681 11993 11993 V mireo   : j: GPS.setNative: 1563387347000 | Location[fused -5.107374,-42.780322 hAcc=12 et=+1d9h10m32s473ms vel=0.0 bear=0.0 vAcc=??? sAcc=??? bAcc=???]
07-17 14:15:46.705 21823 21850 I net.osmand: MapRenderRepositories RENDER MAP: update due to tile box
07-17 14:15:46.705 21823 21850 I net.osmand: MapRenderRepositories RENDER MAP: Interrupt rendering map
07-17 14:15:46.863 21823 21849 I net.osmand: MapRenderRepositories RENDER MAP: new request RotatedTileBox [lat=-5.106813333333333, lon=-42.77727166666667, rotate=0.0, density=2.625, zoom=17, mapDensity=3.9375, zoomAnimation=0.0, zoomFloatPart=0.0, cx=900, cy=1972, pixWidth=1800, pixHeight=2690]
07-17 14:15:47.050 21823 21823 I net.osmand: RoutingHelper Recalculate route, because correlation  : 754.3010508729112
07-17 14:15:47.051 21823 21823 I net.osmand: RoutingHelper Recalculate route, because wrong movement direction: 758.95575
07-17 14:15:47.058 21823 21823 I net.osmand: RoutingHelper Recalculate route, because correlation  : 754.3010508729112
07-17 14:15:47.103 21823 21849 I net.osmand:native: Route objects 42
07-17 14:15:47.109 21823 21849 I net.osmand:native: Ocean: no completed & incompleted coastlines 0
07-17 14:15:47.109 21823 21849 I net.osmand:native: Detailed coastlines = 0, basemap coastlines 0, ocean tile 0.000000. Detailed added 0, basemap processed 1, basemap added 0.
07-17 14:15:47.110 21823 21849 I net.osmand:native: Search : tree - read( 448), accept( 32), objs - visit( 2339), accept(95), in result(42) 
07-17 14:15:47.110 21823 21849 I net.osmand: MapRenderRepositories BLat=-5.109134411811828, TLat=-5.101094031333924, LLong=-42.779720306396484, RLong=-42.774818420410156, zoom=17
07-17 14:15:47.111 21823 21849 I net.osmand: MapRenderRepositories Native search: 247 ms 
07-17 14:15:47.130 21823 21849 I net.osmand:native: Creating SkBitmap in native w:1800 h:2690 s:7200 f:1!
07-17 14:15:47.131 21823 21849 I net.osmand:native: Row bytes for RGBA_8888 is 7200
07-17 14:15:47.132 21823 21849 I net.osmand:native: Locked 19368000 bytes at 0x84900000
07-17 14:15:47.132 21823 21849 I net.osmand:native: Initializing rendering
07-17 14:15:47.134 21823 21849 I net.osmand:native: Rendering image
07-17 14:15:47.348 21823 21849 I net.osmand:native: Native ok (rendering 0, text 35 ms) 
07-17 14:15:47.348 21823 21849 I net.osmand:native:  (1814 points, 279 points inside, 66 of 77 objects visible)
07-17 14:15:47.349 21823 21849 I net.osmand:native: End Rendering image
07-17 14:15:47.349 21823 21849 I net.osmand:native: Native ok (init 12, rendering 0) 
07-17 14:15:47.350 21823 21849 I net.osmand: MapRenderRepositories true
07-17 14:15:47.659 21823 21823 I net.osmand: RoutingHelper Recalculate route, because correlation  : 754.3010508729112
07-17 14:15:47.659 21823 21823 I net.osmand: RoutingHelper Recalculate route, because wrong movement direction: 758.95575
07-17 14:15:47.714 10923 10923 I GeofencerStateMachine: sendNewTransitions called.
07-17 14:15:47.780 10686 10707 I zygote  : Background concurrent copying GC freed 155885(6MB) AllocSpace objects, 0(0B) LOS objects, 32% free, 12MB/18MB, paused 40.715ms total 825.289ms
07-17 14:15:47.850 21823 21823 I net.osmand: RoutingHelper Recalculate route, because correlation  : 754.3010508729112
07-17 14:15:47.948 21823 21833 I zygote  : Background concurrent copying GC freed 305248(7MB) AllocSpace objects, 2(32KB) LOS objects, 16% free, 30MB/36MB, paused 2.302ms total 1.513s
07-17 14:15:48.118 21823 21823 I net.osmand: RoutingHelper Recalculate route, because correlation  : 754.3010508729112
07-17 14:15:48.118 21823 21823 I net.osmand: RoutingHelper Recalculate route, because wrong movement direction: 758.95575
07-17 14:15:48.235 10586 10586 I ActivityManager: Start proc 25005:com.android.chrome/u0a49 for service com.android.chrome/org.chromium.components.background_task_scheduler.BackgroundTaskJobService
07-17 14:15:48.256 25005 25005 W zygote  : Unexpected CPU variant for X86 using defaults: x86
07-17 14:15:48.273 10586 10967 I WifiService: acquireWifiLock uid=10014 lockMode=2
07-17 14:15:48.336 21823 21823 I net.osmand: RoutingHelper Recalculate route, because correlation  : 754.3010508729112
07-17 14:15:48.365 10586 10712 W ActivityManager: Slow operation: 64ms so far, now at attachApplicationLocked: immediately after bindApplication
07-17 14:15:48.366 10586 10712 W ActivityManager: Slow operation: 64ms so far, now at attachApplicationLocked: after updateLruProcessLocked
07-17 14:15:48.370 10586 10712 W ActivityManager: Slow operation: 69ms so far, now at attachApplicationLocked: after mServices.attachApplicationLocked
07-17 14:15:48.455 11993 11993 V mireo   : j: GPS.setNative: 1563387348000 | Location[fused -5.107220,-42.779484 hAcc=12 et=+1d9h10m33s633ms vel=0.0 bear=0.0 vAcc=??? sAcc=??? bAcc=???]
07-17 14:15:48.608 10586 10712 I WifiService: releaseWifiLock uid=10014
07-17 14:15:48.768 21823 21823 D net.osmand: RoutingHelper Processed by distance : (new) 989.5961986313994 (old) 998.3394090269626
07-17 14:15:48.811 11993 12003 I zygote  : Background concurrent copying GC freed 55909(2MB) AllocSpace objects, 6(120KB) LOS objects, 50% free, 2MB/4MB, paused 897us total 213.930ms
07-17 14:15:48.910 21823 21823 I net.osmand: RoutingHelper Recalculate route, because correlation  : 989.5961986313994
07-17 14:15:48.910 21823 21823 I net.osmand: RoutingHelper Recalculate route, because wrong movement direction: 989.5962
07-17 14:15:48.917 21823 21850 I net.osmand: MapRenderRepositories RENDER MAP: update due to tile box
07-17 14:15:48.919 21823 21850 I net.osmand: MapRenderRepositories RENDER MAP: Interrupt rendering map
07-17 14:15:49.151 11993 11993 V mireo   : j: GPS.setNative: 1563387348278 | Location[fused -5.107116,-42.778920 hAcc=12 et=+1d9h10m34s327ms vAcc=??? sAcc=??? bAcc=???]
07-17 14:15:49.212 21823 21850 I net.osmand: MapRenderRepositories RENDER MAP: update due to tile box
07-17 14:15:49.212 21823 21850 I net.osmand: MapRenderRepositories RENDER MAP: Interrupt rendering map
07-17 14:15:49.220 21823 21823 I net.osmand: RoutingHelper Recalculate route, because correlation  : 989.5961986313994
07-17 14:15:49.220 21823 21823 I net.osmand: RoutingHelper Recalculate route, because wrong movement direction: 989.5962
07-17 14:15:49.276 21823 21850 I net.osmand: MapRenderRepositories RENDER MAP: update due to tile box
07-17 14:15:49.276 21823 21850 I net.osmand: MapRenderRepositories RENDER MAP: Interrupt rendering map
07-17 14:15:49.440 21823 21823 I net.osmand: RoutingHelper Recalculate route, because correlation  : 989.5961986313994
07-17 14:15:49.443 21823 21850 I net.osmand: MapRenderRepositories RENDER MAP: update due to tile box
07-17 14:15:49.444 21823 21850 I net.osmand: MapRenderRepositories RENDER MAP: Interrupt rendering map
07-17 14:15:49.510 21823 21850 I net.osmand: MapRenderRepositories RENDER MAP: update due to tile box
07-17 14:15:49.511 21823 21850 I net.osmand: MapRenderRepositories RENDER MAP: Interrupt rendering map
07-17 14:15:49.610 21823 21849 I net.osmand: MapRenderRepositories RENDER MAP: new request RotatedTileBox [lat=-5.104126666666667, lon=-42.776565, rotate=0.0, density=2.625, zoom=17, mapDensity=3.9375, zoomAnimation=0.0, zoomFloatPart=0.0, cx=900, cy=1972, pixWidth=1800, pixHeight=2690]
07-17 14:15:49.653 21823 21849 I net.osmand:native: Route objects 19
07-17 14:15:49.653 21823 21849 I net.osmand:native: Ocean: no completed & incompleted coastlines 0
07-17 14:15:49.653 21823 21849 I net.osmand:native: Detailed coastlines = 0, basemap coastlines 0, ocean tile 0.000000. Detailed added 0, basemap processed 1, basemap added 0.
07-17 14:15:49.654 21823 21849 I net.osmand:native: Search : tree - read( 528), accept( 32), objs - visit( 2259), accept(72), in result(19) 
07-17 14:15:49.654 21823 21849 I net.osmand: MapRenderRepositories BLat=-5.106441712379455, TLat=-5.098401331901551, LLong=-42.779014587402344, RLong=-42.77410888671875, zoom=17
07-17 14:15:49.654 21823 21849 I net.osmand: MapRenderRepositories Native search: 44 ms 
07-17 14:15:49.660 21823 21849 I net.osmand:native: Creating SkBitmap in native w:1800 h:2690 s:7200 f:1!
07-17 14:15:49.660 21823 21849 I net.osmand:native: Row bytes for RGBA_8888 is 7200
07-17 14:15:49.660 21823 21849 I net.osmand:native: Locked 19368000 bytes at 0x85d00000
07-17 14:15:49.660 21823 21849 I net.osmand:native: Initializing rendering
07-17 14:15:49.662 21823 21849 I net.osmand:native: Rendering image
07-17 14:15:49.709 21823 21849 I net.osmand:native: Native ok (rendering 0, text 15 ms) 
07-17 14:15:49.709 21823 21849 I net.osmand:native:  (1671 points, 141 points inside, 32 of 38 objects visible)
07-17 14:15:49.709 21823 21849 I net.osmand:native: End Rendering image
07-17 14:15:49.709 21823 21849 I net.osmand:native: Native ok (init 1, rendering 0) 
07-17 14:15:49.710 21823 21849 I net.osmand: MapRenderRepositories true
07-17 14:15:49.928 21823 21823 D net.osmand: RoutingHelper Processed by distance : (new) 1157.1691384427158 (old) 1172.9233242059263
07-17 14:15:49.997 21823 21823 D net.osmand: RoutingHelper Processed by distance : (new) 995.8217289166126 (old) 1157.1691384427158
07-17 14:15:50.043 21823 21823 I zygote  : IncrementDisableThreadFlip blocked for 5.380ms
07-17 14:15:50.063 21823 21823 I net.osmand: RoutingHelper Recalculate route, because correlation  : 995.8217289166126
07-17 14:15:50.064 21823 21823 I net.osmand: RoutingHelper Recalculate route, because wrong movement direction: 995.8217
07-17 14:15:50.066 21823 21850 I net.osmand: MapRenderRepositories RENDER MAP: update due to tile box
07-17 14:15:50.066 21823 21850 I net.osmand: MapRenderRepositories RENDER MAP: Interrupt rendering map
07-17 14:15:50.154 11993 11993 V mireo   : j: GPS.setNative: 1563387350000 | Location[fused -5.105123,-42.777642 hAcc=12 et=+1d9h10m35s968ms vel=0.0 vAcc=??? sAcc=??? bAcc=???]
07-17 14:15:50.254 21823 21823 I net.osmand: RoutingHelper Recalculate route, because correlation  : 995.8217289166126
07-17 14:15:50.255 21823 21823 I net.osmand: RoutingHelper Recalculate route, because wrong movement direction: 995.8217
07-17 14:15:50.257 21823 21850 I net.osmand: MapRenderRepositories RENDER MAP: update due to tile box
07-17 14:15:50.258 21823 21850 I net.osmand: MapRenderRepositories RENDER MAP: Interrupt rendering map
07-17 14:15:50.266 21823 21823 I net.osmand: RoutingHelper Recalculate route, because correlation  : 995.8217289166126
07-17 14:15:50.277 21823 21823 I net.osmand: RoutingHelper Recalculate route, because correlation  : 995.8217289166126
07-17 14:15:50.351 21823 21850 I net.osmand: MapRenderRepositories RENDER MAP: update due to tile box
07-17 14:15:50.358 21823 21850 I net.osmand: MapRenderRepositories RENDER MAP: Interrupt rendering map
07-17 14:15:50.472 21823 21849 I net.osmand: MapRenderRepositories RENDER MAP: new request RotatedTileBox [lat=-5.102126666666666, lon=-42.776038333333325, rotate=0.0, density=2.625, zoom=17, mapDensity=3.9375, zoomAnimation=0.0, zoomFloatPart=0.0, cx=900, cy=1972, pixWidth=1800, pixHeight=2690]
07-17 14:15:50.693 21823 21849 I net.osmand:native: Route objects 15
07-17 14:15:50.699 21823 21849 I net.osmand:native: Ocean: no completed & incompleted coastlines 0
07-17 14:15:50.699 21823 21849 I net.osmand:native: Detailed coastlines = 0, basemap coastlines 0, ocean tile 0.000000. Detailed added 0, basemap processed 1, basemap added 0.
07-17 14:15:50.700 21823 21849 I net.osmand:native: Search : tree - read( 488), accept( 31), objs - visit( 2259), accept(68), in result(15) 
07-17 14:15:50.700 21823 21849 I net.osmand: MapRenderRepositories BLat=-5.104431247711181, TLat=-5.096414470672608, LLong=-42.77848815917969, RLong=-42.773582458496094, zoom=17
07-17 14:15:50.700 21823 21849 I net.osmand: MapRenderRepositories Native search: 228 ms 
07-17 14:15:50.727 21823 21849 I net.osmand:native: Creating SkBitmap in native w:1800 h:2690 s:7200 f:1!
07-17 14:15:50.727 21823 21849 I net.osmand:native: Row bytes for RGBA_8888 is 7200
07-17 14:15:50.727 21823 21849 I net.osmand:native: Locked 19368000 bytes at 0x84900000
07-17 14:15:50.727 21823 21849 I net.osmand:native: Initializing rendering
07-17 14:15:50.728 21823 21849 I net.osmand:native: Rendering image
07-17 14:15:50.874 21823 21849 I net.osmand:native: Native ok (rendering 0, text 29 ms) 
07-17 14:15:50.874 21823 21849 I net.osmand:native:  (1597 points, 146 points inside, 25 of 30 objects visible)
07-17 14:15:50.874 21823 21849 I net.osmand:native: End Rendering image
07-17 14:15:50.875 21823 21849 I net.osmand:native: Native ok (init 1, rendering 0) 
07-17 14:15:50.908 21823 21849 I net.osmand: MapRenderRepositories true
07-17 14:15:51.109 21823 21823 I net.osmand: RoutingHelper Recalculate route, because correlation  : 995.8217289166126
07-17 14:15:51.109 21823 21823 I net.osmand: RoutingHelper Recalculate route, because wrong movement direction: 995.8217
07-17 14:15:51.190 11993 11993 V mireo   : j: GPS.setNative: 1563387351000 | Location[fused -5.104292,-42.777197 hAcc=12 et=+1d9h10m36s997ms vel=0.0 vAcc=??? sAcc=??? bAcc=???]
07-17 14:15:51.232 21823 21823 I net.osmand: RoutingHelper Recalculate route, because correlation  : 995.8217289166126
07-17 14:15:51.232 21823 21823 I net.osmand: RoutingHelper Recalculate route, because wrong movement direction: 995.8217
07-17 14:15:51.329 21823 21823 I net.osmand: RoutingHelper Recalculate route, because correlation  : 995.8217289166126
07-17 14:15:51.391 21823 21823 I net.osmand: RoutingHelper Recalculate route, because correlation  : 995.8217289166126
07-17 14:15:51.739 21823 21833 I zygote  : Background concurrent copying GC freed 368388(8MB) AllocSpace objects, 0(0B) LOS objects, 15% free, 31MB/37MB, paused 1.340ms total 1.709s
07-17 14:15:51.745 10586 10595 I zygote  : Background concurrent copying GC freed 141171(5MB) AllocSpace objects, 34(1944KB) LOS objects, 20% free, 23MB/29MB, paused 1.318ms total 1.575s
07-17 14:15:51.976 21823 21823 I net.osmand: RoutingHelper Recalculate route, because correlation  : 995.8217289166126
07-17 14:15:52.021 21823 21823 I net.osmand: RoutingHelper Recalculate route, because correlation  : 995.8217289166126
07-17 14:15:52.021 21823 21823 I net.osmand: RoutingHelper Recalculate route, because wrong movement direction: 995.8217
07-17 14:15:52.196 11993 11993 V mireo   : j: GPS.setNative: 1563387352000 | Location[fused -5.102948,-42.776478 hAcc=12 et=+1d9h10m37s993ms alt=0.0 vAcc=40 sAcc=??? bAcc=??? {Bundle[mParcelledData.dataSize=52]}]
07-17 14:15:52.262 21823 21823 D net.osmand: RoutingHelper Processed by distance : (new) 1153.900678389218 (old) 1204.3204067208633
07-17 14:15:52.349 21823 21823 I net.osmand: RoutingHelper Recalculate route, because correlation  : 1153.900678389218
07-17 14:15:52.349 21823 21823 I net.osmand: RoutingHelper Recalculate route, because wrong movement direction: 1153.9006
07-17 14:15:52.359 21823 21823 I net.osmand: RoutingHelper Recalculate route, because correlation  : 1153.900678389218
07-17 14:15:52.363 21823 21850 I net.osmand: MapRenderRepositories RENDER MAP: update due to tile box
07-17 14:15:52.363 21823 21850 I net.osmand: MapRenderRepositories RENDER MAP: Interrupt rendering map
07-17 14:15:52.414 21823 21849 I net.osmand: MapRenderRepositories RENDER MAP: new request RotatedTileBox [lat=-5.0993683333333335, lon=-42.776366666666675, rotate=0.0, density=2.625, zoom=17, mapDensity=3.9375, zoomAnimation=0.0, zoomFloatPart=0.0, cx=900, cy=1972, pixWidth=1800, pixHeight=2690]
07-17 14:15:52.608 21823 21849 I net.osmand:native: Route objects 51
07-17 14:15:52.608 21823 21849 I net.osmand:native: Ocean: no completed & incompleted coastlines 0
07-17 14:15:52.608 21823 21849 I net.osmand:native: Detailed coastlines = 0, basemap coastlines 0, ocean tile 0.000000. Detailed added 0, basemap processed 1, basemap added 0.
07-17 14:15:52.608 21823 21849 I net.osmand:native: Search : tree - read( 528), accept( 32), objs - visit( 2259), accept(104), in result(51) 
07-17 14:15:52.608 21823 21849 I net.osmand: MapRenderRepositories BLat=-5.101674175262451, TLat=-5.093657398223877, LLong=-42.7788200378418, RLong=-42.77391815185547, zoom=17
07-17 14:15:52.608 21823 21849 I net.osmand: MapRenderRepositories Native search: 191 ms 
07-17 14:15:52.616 21823 21849 I net.osmand:native: Creating SkBitmap in native w:1800 h:2690 s:7200 f:1!
07-17 14:15:52.616 21823 21849 I net.osmand:native: Row bytes for RGBA_8888 is 7200
07-17 14:15:52.616 21823 21849 I net.osmand:native: Locked 19368000 bytes at 0x85d00000
07-17 14:15:52.616 21823 21849 I net.osmand:native: Initializing rendering
07-17 14:15:52.618 21823 21849 I net.osmand:native: Rendering image
07-17 14:15:52.843 21823 21849 I net.osmand:native: Native ok (rendering 4, text 93 ms) 
07-17 14:15:52.843 21823 21849 I net.osmand:native:  (1979 points, 288 points inside, 87 of 112 objects visible)
07-17 14:15:52.843 21823 21849 I net.osmand:native: End Rendering image
07-17 14:15:52.843 21823 21849 I net.osmand:native: Native ok (init 2, rendering 4) 
07-17 14:15:52.851 21823 21849 I net.osmand: MapRenderRepositories true
07-17 14:15:52.988 21823 21823 I net.osmand: RoutingHelper Recalculate route, because correlation  : 1153.900678389218
07-17 14:15:52.988 21823 21823 I net.osmand: RoutingHelper Recalculate route, because wrong movement direction: 1153.9006
07-17 14:15:53.074 21823 21823 I net.osmand: RoutingHelper Recalculate route, because correlation  : 1153.900678389218
07-17 14:15:53.294 10586 10820 I WifiService: acquireWifiLock uid=10014 lockMode=2
07-17 14:15:53.396 10923 10923 I GeofencerStateMachine: sendNewTransitions called.
07-17 14:15:53.425 21823 21823 D net.osmand: RoutingHelper Processed by distance : (new) 1314.0626426483695 (old) 1344.37910271383
07-17 14:15:53.492 11993 11993 V mireo   : j: GPS.setNative: 1563387354000 | Location[fused -5.100490,-42.776515 hAcc=12 et=+1d9h10m39s392ms vel=0.0 bear=0.0 vAcc=??? sAcc=??? bAcc=???]
07-17 14:15:53.515 21823 21823 I net.osmand: RoutingHelper Recalculate route, because correlation  : 1314.0626426483695
07-17 14:15:53.515 21823 21823 I net.osmand: RoutingHelper Recalculate route, because wrong movement direction: 1314.3652
07-17 14:15:53.517 21823 21850 I net.osmand: MapRenderRepositories RENDER MAP: update due to tile box
07-17 14:15:53.517 21823 21850 I net.osmand: MapRenderRepositories RENDER MAP: Interrupt rendering map
07-17 14:15:53.605 21823 21849 I net.osmand: MapRenderRepositories RENDER MAP: new request RotatedTileBox [lat=-5.09661, lon=-42.776695000000004, rotate=0.0, density=2.625, zoom=17, mapDensity=3.9375, zoomAnimation=0.0, zoomFloatPart=0.0, cx=900, cy=1972, pixWidth=1800, pixHeight=2690]
07-17 14:15:53.668 10923 10923 I GeofencerStateMachine: sendNewTransitions called.
07-17 14:15:53.702 10923 10923 I GeofencerStateMachine: sendNewLocationAvailability: availability=LocationAvailability[isLocationAvailable: true]
07-17 14:15:53.805 21823 21823 I net.osmand: RoutingHelper Recalculate route, because correlation  : 1314.0626426483695
07-17 14:15:53.818 21823 21849 I net.osmand:native: Route objects 65
07-17 14:15:53.818 21823 21849 I net.osmand:native: Ocean: no completed & incompleted coastlines 0
07-17 14:15:53.818 21823 21849 I net.osmand:native: Detailed coastlines = 0, basemap coastlines 0, ocean tile 0.000000. Detailed added 0, basemap processed 1, basemap added 0.
07-17 14:15:53.828 21823 21849 I net.osmand:native: Search : tree - read( 488), accept( 32), objs - visit( 2299), accept(161), in result(65) 
07-17 14:15:53.830 21823 21849 I net.osmand: MapRenderRepositories BLat=-5.09891710281372, TLat=-5.090900325775147, LLong=-42.779151916503906, RLong=-42.77423858642578, zoom=17
07-17 14:15:53.831 21823 21849 I net.osmand: MapRenderRepositories Native search: 225 ms 
07-17 14:15:53.849 21823 21849 I net.osmand:native: Creating SkBitmap in native w:1800 h:2690 s:7200 f:1!
07-17 14:15:53.849 21823 21849 I net.osmand:native: Row bytes for RGBA_8888 is 7200
07-17 14:15:53.849 21823 21849 I net.osmand:native: Locked 19368000 bytes at 0x84900000
07-17 14:15:53.849 21823 21849 I net.osmand:native: Initializing rendering
07-17 14:15:53.856 21823 21849 I net.osmand:native: Rendering image
07-17 14:15:54.032 21823 21823 I net.osmand: RoutingHelper Recalculate route, because correlation  : 1314.0626426483695
07-17 14:15:54.071 21823 21823 I net.osmand: RoutingHelper Recalculate route, because correlation  : 1314.0626426483695
07-17 14:15:54.071 21823 21823 I net.osmand: RoutingHelper Recalculate route, because wrong movement direction: 1314.3652
07-17 14:15:54.288 21823 21849 I net.osmand:native: Native ok (rendering 0, text 173 ms) 
07-17 14:15:54.288 21823 21849 I net.osmand:native:  (2051 points, 441 points inside, 111 of 140 objects visible)
07-17 14:15:54.288 21823 21849 I net.osmand:native: End Rendering image
07-17 14:15:54.288 21823 21849 I net.osmand:native: Native ok (init 6, rendering 0) 
07-17 14:15:54.299 21823 21849 I net.osmand: MapRenderRepositories true
07-17 14:15:54.525 21823 21823 I net.osmand: RoutingHelper Recalculate route, because correlation  : 1298.8897227922128
07-17 14:15:54.525 21823 21823 I net.osmand: RoutingHelper Recalculate route, because wrong movement direction: 1299.9075
07-17 14:15:54.653 21823 21823 I net.osmand: RoutingHelper Recalculate route, because correlation  : 1298.8897227922128
07-17 14:15:54.905 21823 21833 I zygote  : Background concurrent copying GC freed 415482(9MB) AllocSpace objects, 0(0B) LOS objects, 16% free, 29MB/35MB, paused 1.999ms total 772.797ms
07-17 14:15:54.949 21823 21823 I net.osmand: RoutingHelper Recalculate route, because correlation  : 1298.8897227922128
07-17 14:15:54.949 21823 21823 I net.osmand: RoutingHelper Recalculate route, because wrong movement direction: 1299.9075
07-17 14:15:55.051 21823 21823 I net.osmand: RoutingHelper Recalculate route, because correlation  : 1298.8897227922128
07-17 14:15:55.211 11993 11993 V mireo   : j: GPS.setNative: 1563387355000 | Location[fused -5.099495,-42.776557 hAcc=12 et=+1d9h10m40s559ms vel=0.0 bear=0.0 vAcc=??? sAcc=??? bAcc=???]
07-17 14:15:55.627 21823 21823 I net.osmand: RoutingHelper Recalculate route, because correlation  : 1298.8897227922128
07-17 14:15:55.628 21823 21823 I net.osmand: RoutingHelper Recalculate route, because wrong movement direction: 1299.9075
07-17 14:15:55.800 21823 21823 I net.osmand: RoutingHelper Recalculate route, because correlation  : 1298.8897227922128
07-17 14:15:56.045 21823 21823 I net.osmand: RoutingHelper Recalculate route, because correlation  : 1298.8897227922128
07-17 14:15:56.045 21823 21823 I net.osmand: RoutingHelper Recalculate route, because wrong movement direction: 1299.9075
07-17 14:15:56.055 21823 21823 I net.osmand: RoutingHelper Recalculate route, because correlation  : 1298.8897227922128
07-17 14:15:56.212 11993 11993 V mireo   : j: GPS.setNative: 1563387356000 | Location[fused -5.098773,-42.776586 hAcc=12 et=+1d9h10m41s673ms vel=0.0 bear=0.0 vAcc=??? sAcc=??? bAcc=???]
07-17 14:15:56.303 10586 10967 D WificondControl: Scan result ready event
07-17 14:15:56.358 10586 13668 I WifiService: releaseWifiLock uid=10014
07-17 14:15:56.770 21823 21823 D net.osmand: RoutingHelper Processed by distance : (new) 1466.1327812101044 (old) 1481.1943091943538
07-17 14:15:56.852 21823 21823 I net.osmand: RoutingHelper Recalculate route, because correlation  : 1466.1327812101044
07-17 14:15:56.853 21823 21823 I net.osmand: RoutingHelper Recalculate route, because wrong movement direction: 1467.7737
07-17 14:15:56.856 21823 21850 I net.osmand: MapRenderRepositories RENDER MAP: update due to tile box
07-17 14:15:56.856 21823 21850 I net.osmand: MapRenderRepositories RENDER MAP: Interrupt rendering map
07-17 14:15:57.055 21823 21823 I net.osmand: RoutingHelper Recalculate route, because correlation  : 1466.1327812101044
07-17 14:15:57.058 21823 21850 I net.osmand: MapRenderRepositories RENDER MAP: update due to tile box
07-17 14:15:57.058 21823 21850 I net.osmand: MapRenderRepositories RENDER MAP: Interrupt rendering map
07-17 14:15:57.109 21823 21850 I net.osmand: MapRenderRepositories RENDER MAP: update due to tile box
07-17 14:15:57.109 21823 21850 I net.osmand: MapRenderRepositories RENDER MAP: Interrupt rendering map
07-17 14:15:57.213 11993 11993 V mireo   : j: GPS.setNative: 1563387357000 | Location[fused -5.097116,-42.776729 hAcc=12 et=+1d9h10m42s814ms vel=0.0 bear=0.0 vAcc=??? sAcc=??? bAcc=???]
07-17 14:15:57.263 21823 21823 I net.osmand: RoutingHelper Recalculate route, because correlation  : 1466.1327812101044
07-17 14:15:57.263 21823 21823 I net.osmand: RoutingHelper Recalculate route, because wrong movement direction: 1467.7737
07-17 14:15:57.266 21823 21850 I net.osmand: MapRenderRepositories RENDER MAP: update due to tile box
07-17 14:15:57.266 21823 21850 I net.osmand: MapRenderRepositories RENDER MAP: Interrupt rendering map
07-17 14:15:57.308 21823 21849 I net.osmand: MapRenderRepositories RENDER MAP: new request RotatedTileBox [lat=-5.09412, lon=-42.777049999999996, rotate=0.0, density=2.625, zoom=17, mapDensity=3.9375, zoomAnimation=0.0, zoomFloatPart=0.0, cx=900, cy=1972, pixWidth=1800, pixHeight=2690]
07-17 14:15:57.308 11049 11059 I zygote  : NativeAlloc concurrent copying GC freed 70122(3MB) AllocSpace objects, 0(0B) LOS objects, 49% free, 4MB/9MB, paused 8.038ms total 159.995ms
07-17 14:15:57.495 21823 21849 I net.osmand:native: Route objects 88
07-17 14:15:57.495 21823 21849 I net.osmand:native: Ocean: no completed & incompleted coastlines 0
07-17 14:15:57.495 21823 21849 I net.osmand:native: Detailed coastlines = 0, basemap coastlines 0, ocean tile 0.000000. Detailed added 0, basemap processed 1, basemap added 0.
07-17 14:15:57.495 21823 21849 I net.osmand:native: Search : tree - read( 528), accept( 33), objs - visit( 2299), accept(184), in result(88) 
07-17 14:15:57.496 21823 21849 I net.osmand: MapRenderRepositories BLat=-5.096439099311828, TLat=-5.088398718833924, LLong=-42.77950668334961, RLong=-42.774593353271484, zoom=17
