06-29 12:14:10.276  3472 19455 I net.osmand: RouteProvider Start finding route from Location[mProvider=gps,mTime=1561824851000,mLatitude=-7.589195000000001,mLongitude=-37.541068333333335,mHasAltitude=false,mAltitude=0.0,mHasSpeed=true,mSpeed=0.0,mHasBearing=true,mBearing=0.0,mHasAccuracy=true,mAccuracy=20.0 to Lat -7.355E-4 Lon -51.095608 using OsmAnd (offline)
06-29 12:14:10.276  3472 19455 W net.osmand: RouteProvider Use 344 MB Free 2.7578125 of 24.289062 max 384.0
06-29 12:14:10.562  3472 19455 I net.osmand:native: Start point was found 25957428647 [Native]
06-29 12:14:10.585  3472 19455 I net.osmand:native: End point was found 10426981099 [Native]
06-29 12:14:10.744  3472  3482 I zygote  : Background concurrent copying GC freed 123049(6MB) AllocSpace objects, 30(624KB) LOS objects, 25% free, 17MB/23MB, paused 1.140ms total 293.436ms
06-29 12:14:10.958  3472  3472 I net.osmand: RoutingHelper Recalculate route, because wrong movement direction: 1720621.0
06-29 12:14:10.971  3472 19455 W net.osmand:native: [Native] Result visited (visited roads 1532, visited segments 480 / 1623 , queue sizes 25 / 4 ) 
06-29 12:14:10.971  3472 19455 W net.osmand:native: [Native] Result timing (time to load 0, time to calc 386, loaded tiles 23) 
06-29 12:14:10.971  3472 19455 W net.osmand:native: [Native] Memory occupied (Routing context 637 Kb, search 33 Kb)
06-29 12:14:10.977  3472 19455 I net.osmand:native: No route found
06-29 12:14:10.989  3472 19455 I net.osmand: RoutePlannerFrontEnd Native routing took 0.47 seconds
06-29 12:14:10.990  3472 19455 I System.out: ROUTE : 
06-29 12:14:10.991  3472 19455 I net.osmand: RouteResultPreparation <test regions="" description="" best_percent="" vehicle="car" 
06-29 12:14:10.991  3472 19455 I net.osmand:   start_lat="-7.58920" start_lon="-37.54107" target_lat="-0.00074" target_lon="-51.09561"  routing_time="0.00" loadedTiles="23" visitedSegments="1532" complete_distance="0.00" complete_time="0.00" >
06-29 12:14:10.991  3472 19455 I System.out: <test regions="" description="" best_percent="" vehicle="car" 
06-29 12:14:10.991  3472 19455 I System.out:   start_lat="-7.58920" start_lon="-37.54107" target_lat="-0.00074" target_lon="-51.09561"  routing_time="0.00" loadedTiles="23" visitedSegments="1532" complete_distance="0.00" complete_time="0.00" >
06-29 12:14:10.991  3472 19455 I System.out: </test>
06-29 12:14:10.991  3472 19455 I System.out: <test regions="" description="" best_percent="" vehicle="car" 
06-29 12:14:10.991  3472 19455 I System.out:   start_lat="-7.58920" start_lon="-37.54107" target_lat="-0.00074" target_lon="-51.09561"  routing_time="0.00" loadedTiles="23" visitedSegments="1532" complete_distance="0.00" complete_time="0.00" >
06-29 12:14:11.019  3472 19455 I net.osmand:native: Start point was found 25957571909 [Native]
06-29 12:14:11.049  3472  3472 D net.osmand: RoutingHelper Processed point bearing deltas : 171.5689239501953 89.03547668457031
06-29 12:14:11.072  3472 19455 I net.osmand:native: End point was found 10433843853 [Native]
06-29 12:14:11.076  3472 19455 W net.osmand:native: [Native] Result visited (visited roads 2, visited segments 11 / 0 , queue sizes 17 / 2 ) 
06-29 12:14:11.076  3472 19455 W net.osmand:native: [Native] Result timing (time to load 0, time to calc 2, loaded tiles 19) 
06-29 12:14:11.076  3472 19455 W net.osmand:native: [Native] Memory occupied (Routing context 536 Kb, search 0 Kb)
06-29 12:14:11.077  3472 19455 I net.osmand:native: No route found
06-29 12:14:11.107  3472 19455 I net.osmand: RoutePlannerFrontEnd Native routing took 0.116 seconds
06-29 12:14:11.110  3472 19455 I System.out: ROUTE : 
06-29 12:14:11.114  3472 19455 I net.osmand: RouteResultPreparation <test regions="" description="" best_percent="" vehicle="car" 
06-29 12:14:11.114  3472 19455 I net.osmand:   start_lat="-7.58920" start_lon="-37.54107" target_lat="-0.00074" target_lon="-51.09561"  routing_time="0.00" loadedTiles="19" visitedSegments="2" complete_distance="0.00" complete_time="0.00" >
06-29 12:14:11.123  3472 19455 I System.out: <test regions="" description="" best_percent="" vehicle="car" 
06-29 12:14:11.124  3472 19455 I System.out:   start_lat="-7.58920" start_lon="-37.54107" target_lat="-0.00074" target_lon="-51.09561"  routing_time="0.00" loadedTiles="19" visitedSegments="2" complete_distance="0.00" complete_time="0.00" >
06-29 12:14:11.124  3472 19455 I System.out: </test>
06-29 12:14:11.124  3472 19455 I System.out: <test regions="" description="" best_percent="" vehicle="car" 
06-29 12:14:11.124  3472 19455 I System.out:   start_lat="-7.58920" start_lon="-37.54107" target_lat="-0.00074" target_lon="-51.09561"  routing_time="0.00" loadedTiles="19" visitedSegments="2" complete_distance="0.00" complete_time="0.00" >
06-29 12:14:11.124  3472 19455 I net.osmand: RouteProvider Finding route contained 0 points for 849 ms
06-29 12:14:12.405 19457 19457 D AndroidRuntime: >>>>>> START com.android.internal.os.RuntimeInit uid 2000 <<<<<<
06-29 12:14:12.413 19457 19457 W app_process: Could not reserve sentinel fault page
06-29 12:14:12.563 19457 19457 W app_process: Unexpected CPU variant for X86 using defaults: x86
06-29 12:14:12.567 19457 19457 I app_process: The ClassLoaderContext is a special shared library.
06-29 12:14:12.639 19457 19457 D AndroidRuntime: Calling main entry com.android.commands.monkey.Monkey
06-29 12:14:12.643 19457 19457 W Monkey  : args: [-p, net.osmand, -c, android.intent.category.LAUNCHER, 1]
06-29 12:14:12.645 19457 19457 W Monkey  :  arg: "-p"
06-29 12:14:12.647 19457 19457 W Monkey  :  arg: "net.osmand"
06-29 12:14:12.647 19457 19457 W Monkey  :  arg: "-c"
06-29 12:14:12.653 19457 19457 W Monkey  :  arg: "android.intent.category.LAUNCHER"
06-29 12:14:12.654 19457 19457 W Monkey  :  arg: "1"
06-29 12:14:12.654 19457 19457 W Monkey  : data="net.osmand"
06-29 12:14:12.654 19457 19457 W Monkey  : data="android.intent.category.LAUNCHER"
06-29 12:14:12.702  1600  1614 W BroadcastQueue: Skipping deliver [background] BroadcastRecord{ba5406b u-1 android.net.conn.CONNECTIVITY_CHANGE} to ReceiverList{cbf37c8 19457 (unknown name)/2000/u-1 remote:ae77ae5}: process gone or crashing
06-29 12:14:12.758  1600  5378 I ActivityManager: START u0 {act=android.intent.action.MAIN cat=[android.intent.category.LAUNCHER] flg=0x10200000 cmp=net.osmand/.plus.activities.MapActivity} from uid 2000
06-29 12:14:12.759  1600  5378 W Binder  : Outgoing transactions from this process must be FLAG_ONEWAY
06-29 12:14:12.759  1600  5378 W Binder  : java.lang.Throwable
06-29 12:14:12.759  1600  5378 W Binder  : 	at android.os.BinderProxy.transact(Binder.java:752)
06-29 12:14:12.759  1600  5378 W Binder  : 	at android.app.IActivityController$Stub$Proxy.activityStarting(IActivityController.java:172)
06-29 12:14:12.759  1600  5378 W Binder  : 	at com.android.server.am.ActivityStarter.startActivity(ActivityStarter.java:449)
06-29 12:14:12.759  1600  5378 W Binder  : 	at com.android.server.am.ActivityStarter.startActivityLocked(ActivityStarter.java:278)
06-29 12:14:12.759  1600  5378 W Binder  : 	at com.android.server.am.ActivityStarter.startActivityMayWait(ActivityStarter.java:817)
06-29 12:14:12.759  1600  5378 W Binder  : 	at com.android.server.am.ActivityManagerService.startActivityAsUser(ActivityManagerService.java:4532)
06-29 12:14:12.759  1600  5378 W Binder  : 	at com.android.server.am.ActivityManagerService.startActivity(ActivityManagerService.java:4519)
06-29 12:14:12.759  1600  5378 W Binder  : 	at android.app.IActivityManager$Stub.onTransact(IActivityManager.java:121)
06-29 12:14:12.759  1600  5378 W Binder  : 	at com.android.server.am.ActivityManagerService.onTransact(ActivityManagerService.java:2919)
06-29 12:14:12.759  1600  5378 W Binder  : 	at android.os.Binder.execTransact(Binder.java:697)
06-29 12:14:12.778 19457 19457 I Monkey  : Events injected: 1
06-29 12:14:12.800  1398  1435 D gralloc_ranchu: gralloc_alloc: Creating ashmem region of size 8298496
06-29 12:14:12.833  1408  1408 E EGL_emulation: tid 1408: eglCreateSyncKHR(1962): error 0x3004 (EGL_BAD_ATTRIBUTE)
06-29 12:14:12.844  1600  1611 W LocalDisplayAdapter: Unable to find color mode 0, ignoring request.
06-29 12:14:12.857  1600  1611 I ActivityManager: Config changes=480 {1.0 310mcc260mnc [en_US] ldltr sw411dp w683dp h387dp 420dpi nrml land finger qwerty/v/v -nav/h appBounds=Rect(126, 0 - 1920, 1080) s.59}
06-29 12:14:12.882  1600  1611 I ActivityManager: Override config changes=480 {1.0 310mcc260mnc [en_US] ldltr sw411dp w683dp h387dp 420dpi nrml land finger qwerty/v/v -nav/h appBounds=Rect(126, 0 - 1920, 1080) s.59} for displayId=0
06-29 12:14:12.965  1600  1611 W LocalDisplayAdapter: Unable to find color mode 0, ignoring request.
06-29 12:14:12.977  1600  1615 W Looper  : Dispatch took 192ms on android.ui, h=Handler (com.android.server.am.ActivityManagerService$UiHandler) {bce2944} cb=null msg=31
06-29 12:14:12.986  3472  3472 D InAppPurchaseHelper: Destroying helper.
06-29 12:14:13.036  1398  1435 D gralloc_ranchu: gralloc_alloc: Creating ashmem region of size 8298496
06-29 12:14:13.086 19457 19457 I Monkey  : ## Network stats: elapsed time=233ms (0ms mobile, 0ms wifi, 233ms not connected)
06-29 12:14:13.115 19457 19457 I com.android.commands.monkey: System.exit called, status: 0
06-29 12:14:13.115 19457 19457 I AndroidRuntime: VM exiting with result code 0.
06-29 12:14:13.174  2118  2184 D EGL_emulation: eglMakeCurrent: 0x8b867100: ver 2 0 (tinfo 0x8b8707f0)
06-29 12:14:13.174  1408  1664 E SurfaceFlinger: Permission Denial: can't openGlobalTransaction pid=3472, uid<=10104
06-29 12:14:13.175  3472  3472 E BpSurfaceComposerClient: Failed to transact (-1)
06-29 12:14:13.185  1408  1664 E SurfaceFlinger: Permission Denial: can't openGlobalTransaction pid=3472, uid<=10104
06-29 12:14:13.185  3472  3472 E BpSurfaceComposerClient: Failed to transact (-1)
06-29 12:14:13.191  2629  2884 D EGL_emulation: eglMakeCurrent: 0xa61b6ce0: ver 2 0 (tinfo 0xa619b690)
06-29 12:14:13.229  1600  1615 W Looper  : Dispatch took 146ms on android.ui, h=Handler (com.android.server.policy.PhoneWindowManager$PolicyHandler) {dca4410} cb=android.database.ContentObserver$NotificationRunnable@bb3219d msg=0
06-29 12:14:13.234  1600  1662 I InputReader: Reconfiguring input devices.  changes=0x00000004
06-29 12:14:13.235  1600  1662 I InputReader: Device reconfigured: id=0, name='qwerty2', size 1080x1920, orientation 3, mode 1, display id 0
06-29 12:14:13.241  1600  1647 W LocalDisplayAdapter: Unable to find color mode 0, ignoring request.
06-29 12:14:13.271  1696  1696 I KeyboardViewUtil: systemKeyboardHeightRatio:1.000000; userKeyboardHeightRatio:1.000000.
06-29 12:14:13.300  3472  3472 W ResourceType: ResTable_typeSpec entry count inconsistent: given 5115, previously 5124
06-29 12:14:13.300  1600  1613 E memtrack: Couldn't load memtrack module
06-29 12:14:13.300  3472  3472 W ResourceType: ResTable_typeSpec entry count inconsistent: given 142, previously 459
06-29 12:14:13.300  1600  1613 W android.os.Debug: failed to get memory consumption info: -1
06-29 12:14:13.307  3472  3472 W ResourceType: For resource 0x7f0e00c0, entry index(192) is beyond type entryCount(142)
06-29 12:14:13.307  3472  3472 W ResourceType: For resource 0x7f0e00d1, entry index(209) is beyond type entryCount(142)
06-29 12:14:13.307  3472  3472 W ResourceType: For resource 0x7f0e00cb, entry index(203) is beyond type entryCount(142)
06-29 12:14:13.307  3472  3472 W ResourceType: For resource 0x7f0e014d, entry index(333) is beyond type entryCount(142)
06-29 12:14:13.307  3472  3472 W ResourceType: For resource 0x7f0e00dd, entry index(221) is beyond type entryCount(142)
06-29 12:14:13.308  3472  3472 W ResourceType: For resource 0x7f0e00e4, entry index(228) is beyond type entryCount(142)
06-29 12:14:13.312  1600  1662 I InputReader: Reconfiguring input devices.  changes=0x00000004
06-29 12:14:13.352  1398  1435 D gralloc_ranchu: gralloc_alloc: Creating ashmem region of size 544768
06-29 12:14:13.385  1704  1929 D EGL_emulation: eglMakeCurrent: 0x9e4046c0: ver 2 0 (tinfo 0x9e403690)
06-29 12:14:13.396  3472  3472 W ResourceType: For resource 0x7f0e01c4, entry index(452) is beyond type entryCount(142)
06-29 12:14:13.396  3472  3472 W ResourceType: For resource 0x7f0e01c4, entry index(452) is beyond type entryCount(142)
06-29 12:14:13.397  3472  3472 W ResourceType: For resource 0x7f0e0183, entry index(387) is beyond type entryCount(142)
06-29 12:14:13.397  3472  3472 W ResourceType: For resource 0x7f0e0187, entry index(391) is beyond type entryCount(142)
06-29 12:14:13.397  3472  3472 W ResourceType: For resource 0x7f0e0185, entry index(389) is beyond type entryCount(142)
06-29 12:14:13.397  3472  3472 W ResourceType: For resource 0x7f0e015d, entry index(349) is beyond type entryCount(142)
06-29 12:14:13.397  3472  3472 W ResourceType: For resource 0x7f0e0195, entry index(405) is beyond type entryCount(142)
06-29 12:14:13.397  3472  3472 W ResourceType: For resource 0x7f0e016c, entry index(364) is beyond type entryCount(142)
06-29 12:14:13.397  3472  3472 W ResourceType: For resource 0x7f0e0163, entry index(355) is beyond type entryCount(142)
06-29 12:14:13.397  3472  3472 W ResourceType: For resource 0x7f0e00db, entry index(219) is beyond type entryCount(142)
06-29 12:14:13.397  3472  3472 W ResourceType: For resource 0x7f0e0193, entry index(403) is beyond type entryCount(142)
06-29 12:14:13.397  3472  3472 W ResourceType: For resource 0x7f0e016f, entry index(367) is beyond type entryCount(142)
06-29 12:14:13.397  3472  3472 W ResourceType: For resource 0x7f0e0161, entry index(353) is beyond type entryCount(142)
06-29 12:14:13.398  3472  3472 W ResourceType: For resource 0x7f0e0170, entry index(368) is beyond type entryCount(142)
06-29 12:14:13.398  3472  3472 W ResourceType: For resource 0x7f0e0174, entry index(372) is beyond type entryCount(142)
06-29 12:14:13.398  3472  3472 I chatty  : uid=10104(net.osmand) identical 2 lines
06-29 12:14:13.398  3472  3472 W ResourceType: For resource 0x7f0e0174, entry index(372) is beyond type entryCount(142)
06-29 12:14:13.398  3472  3472 W ResourceType: For resource 0x7f0e0177, entry index(375) is beyond type entryCount(142)
06-29 12:14:13.398  3472  3472 W ResourceType: For resource 0x7f0e0160, entry index(352) is beyond type entryCount(142)
06-29 12:14:13.398  3472  3472 W ResourceType: For resource 0x7f0e0199, entry index(409) is beyond type entryCount(142)
06-29 12:14:13.398  3472  3472 W ResourceType: For resource 0x7f0e017e, entry index(382) is beyond type entryCount(142)
06-29 12:14:13.398  3472  3472 W ResourceType: For resource 0x7f0e017f, entry index(383) is beyond type entryCount(142)
06-29 12:14:13.398  3472  3472 W ResourceType: For resource 0x7f0e0196, entry index(406) is beyond type entryCount(142)
06-29 12:14:13.398  3472  3472 W ResourceType: For resource 0x7f0e0197, entry index(407) is beyond type entryCount(142)
06-29 12:14:13.398  3472  3472 W ResourceType: For resource 0x7f0e0140, entry index(320) is beyond type entryCount(142)
06-29 12:14:13.398  3472  3472 W ResourceType: For resource 0x7f0e00e7, entry index(231) is beyond type entryCount(142)
06-29 12:14:13.399  3472  3472 W ResourceType: For resource 0x7f0e0194, entry index(404) is beyond type entryCount(142)
06-29 12:14:13.399  3472  3472 W ResourceType: For resource 0x7f0e01a5, entry index(421) is beyond type entryCount(142)
06-29 12:14:13.399  3472  3472 W ResourceType: For resource 0x7f0e017d, entry index(381) is beyond type entryCount(142)
06-29 12:14:13.399  3472  3472 W ResourceType: For resource 0x7f0e017b, entry index(379) is beyond type entryCount(142)
06-29 12:14:13.399  3472  3472 W ResourceType: For resource 0x7f0e010f, entry index(271) is beyond type entryCount(142)
06-29 12:14:13.399  3472  3472 W ResourceType: For resource 0x7f0e00f8, entry index(248) is beyond type entryCount(142)
06-29 12:14:13.399  3472  3472 W ResourceType: For resource 0x7f0e010f, entry index(271) is beyond type entryCount(142)
06-29 12:14:13.399  3472  3472 W ResourceType: For resource 0x7f0e0122, entry index(290) is beyond type entryCount(142)
06-29 12:14:13.399  3472  3472 W ResourceType: For resource 0x7f0e010b, entry index(267) is beyond type entryCount(142)
06-29 12:14:13.399  3472  3472 W ResourceType: For resource 0x7f0e010c, entry index(268) is beyond type entryCount(142)
06-29 12:14:13.399  3472  3472 W ResourceType: For resource 0x7f0e01ad, entry index(429) is beyond type entryCount(142)
06-29 12:14:13.399  3472  3472 W ResourceType: For resource 0x7f0e01ac, entry index(428) is beyond type entryCount(142)
06-29 12:14:13.407  3472  3472 W ResourceType: For resource 0x7f0e01c4, entry index(452) is beyond type entryCount(142)
06-29 12:14:13.407  3472  3472 W ResourceType: For resource 0x7f0e01c4, entry index(452) is beyond type entryCount(142)
06-29 12:14:13.407  3472  3472 W ResourceType: For resource 0x7f0e0183, entry index(387) is beyond type entryCount(142)
06-29 12:14:13.407  3472  3472 W ResourceType: For resource 0x7f0e0187, entry index(391) is beyond type entryCount(142)
06-29 12:14:13.407  3472  3472 W ResourceType: For resource 0x7f0e0185, entry index(389) is beyond type entryCount(142)
06-29 12:14:13.407  3472  3472 W ResourceType: For resource 0x7f0e015d, entry index(349) is beyond type entryCount(142)
06-29 12:14:13.407  3472  3472 W ResourceType: For resource 0x7f0e0195, entry index(405) is beyond type entryCount(142)
06-29 12:14:13.407  3472  3472 W ResourceType: For resource 0x7f0e016c, entry index(364) is beyond type entryCount(142)
06-29 12:14:13.407  3472  3472 W ResourceType: For resource 0x7f0e0163, entry index(355) is beyond type entryCount(142)
06-29 12:14:13.407  3472  3472 W ResourceType: For resource 0x7f0e00db, entry index(219) is beyond type entryCount(142)
06-29 12:14:13.407  3472  3472 W ResourceType: For resource 0x7f0e0193, entry index(403) is beyond type entryCount(142)
06-29 12:14:13.408  3472  3472 W ResourceType: For resource 0x7f0e016f, entry index(367) is beyond type entryCount(142)
06-29 12:14:13.408  3472  3472 W ResourceType: For resource 0x7f0e0161, entry index(353) is beyond type entryCount(142)
06-29 12:14:13.408  3472  3472 W ResourceType: For resource 0x7f0e0170, entry index(368) is beyond type entryCount(142)
06-29 12:14:13.408  3472  3472 W ResourceType: For resource 0x7f0e0174, entry index(372) is beyond type entryCount(142)
06-29 12:14:13.408  3472  3472 I chatty  : uid=10104(net.osmand) identical 2 lines
06-29 12:14:13.408  3472  3472 W ResourceType: For resource 0x7f0e0174, entry index(372) is beyond type entryCount(142)
06-29 12:14:13.408  3472  3472 W ResourceType: For resource 0x7f0e0177, entry index(375) is beyond type entryCount(142)
06-29 12:14:13.408  3472  3472 W ResourceType: For resource 0x7f0e0160, entry index(352) is beyond type entryCount(142)
06-29 12:14:13.408  3472  3472 W ResourceType: For resource 0x7f0e0199, entry index(409) is beyond type entryCount(142)
06-29 12:14:13.408  3472  3472 W ResourceType: For resource 0x7f0e017e, entry index(382) is beyond type entryCount(142)
06-29 12:14:13.409  3472  3472 W ResourceType: For resource 0x7f0e017f, entry index(383) is beyond type entryCount(142)
06-29 12:14:13.409  3472  3472 W ResourceType: For resource 0x7f0e0196, entry index(406) is beyond type entryCount(142)
06-29 12:14:13.409  3472  3472 W ResourceType: For resource 0x7f0e0197, entry index(407) is beyond type entryCount(142)
06-29 12:14:13.409  3472  3472 W ResourceType: For resource 0x7f0e0140, entry index(320) is beyond type entryCount(142)
06-29 12:14:13.409  3472  3472 W ResourceType: For resource 0x7f0e00e7, entry index(231) is beyond type entryCount(142)
06-29 12:14:13.409  3472  3472 W ResourceType: For resource 0x7f0e0194, entry index(404) is beyond type entryCount(142)
06-29 12:14:13.409  3472  3472 W ResourceType: For resource 0x7f0e01a5, entry index(421) is beyond type entryCount(142)
06-29 12:14:13.409  3472  3472 W ResourceType: For resource 0x7f0e017d, entry index(381) is beyond type entryCount(142)
06-29 12:14:13.409  3472  3472 W ResourceType: For resource 0x7f0e017b, entry index(379) is beyond type entryCount(142)
06-29 12:14:13.409  3472  3472 W ResourceType: For resource 0x7f0e010f, entry index(271) is beyond type entryCount(142)
06-29 12:14:13.410  3472  3472 W ResourceType: For resource 0x7f0e00f8, entry index(248) is beyond type entryCount(142)
06-29 12:14:13.410  3472  3472 W ResourceType: For resource 0x7f0e010f, entry index(271) is beyond type entryCount(142)
06-29 12:14:13.410  3472  3472 W ResourceType: For resource 0x7f0e0122, entry index(290) is beyond type entryCount(142)
06-29 12:14:13.410  3472  3472 W ResourceType: For resource 0x7f0e010b, entry index(267) is beyond type entryCount(142)
06-29 12:14:13.410  3472  3472 W ResourceType: For resource 0x7f0e010c, entry index(268) is beyond type entryCount(142)
06-29 12:14:13.410  3472  3472 W ResourceType: For resource 0x7f0e01ad, entry index(429) is beyond type entryCount(142)
06-29 12:14:13.410  3472  3472 W ResourceType: For resource 0x7f0e01ac, entry index(428) is beyond type entryCount(142)
06-29 12:14:13.416  3472  3472 W ResourceType: For resource 0x7f0e01c4, entry index(452) is beyond type entryCount(142)
06-29 12:14:13.416  3472  3472 W ResourceType: For resource 0x7f0e01c4, entry index(452) is beyond type entryCount(142)
06-29 12:14:13.416  3472  3472 W ResourceType: For resource 0x7f0e0183, entry index(387) is beyond type entryCount(142)
06-29 12:14:13.416  3472  3472 W ResourceType: For resource 0x7f0e0187, entry index(391) is beyond type entryCount(142)
06-29 12:14:13.416  3472  3472 W ResourceType: For resource 0x7f0e0185, entry index(389) is beyond type entryCount(142)
06-29 12:14:13.416  3472  3472 W ResourceType: For resource 0x7f0e015d, entry index(349) is beyond type entryCount(142)
06-29 12:14:13.416  3472  3472 W ResourceType: For resource 0x7f0e0195, entry index(405) is beyond type entryCount(142)
06-29 12:14:13.416  3472  3472 W ResourceType: For resource 0x7f0e016c, entry index(364) is beyond type entryCount(142)
06-29 12:14:13.416  3472  3472 W ResourceType: For resource 0x7f0e0163, entry index(355) is beyond type entryCount(142)
06-29 12:14:13.416  3472  3472 W ResourceType: For resource 0x7f0e00db, entry index(219) is beyond type entryCount(142)
06-29 12:14:13.416  3472  3472 W ResourceType: For resource 0x7f0e0193, entry index(403) is beyond type entryCount(142)
06-29 12:14:13.416  3472  3472 W ResourceType: For resource 0x7f0e016f, entry index(367) is beyond type entryCount(142)
06-29 12:14:13.416  3472  3472 W ResourceType: For resource 0x7f0e0161, entry index(353) is beyond type entryCount(142)
06-29 12:14:13.417  3472  3472 W ResourceType: For resource 0x7f0e0170, entry index(368) is beyond type entryCount(142)
06-29 12:14:13.417  3472  3472 W ResourceType: For resource 0x7f0e0174, entry index(372) is beyond type entryCount(142)
06-29 12:14:13.417  3472  3472 I chatty  : uid=10104(net.osmand) identical 2 lines
06-29 12:14:13.417  3472  3472 W ResourceType: For resource 0x7f0e0174, entry index(372) is beyond type entryCount(142)
06-29 12:14:13.417  3472  3472 W ResourceType: For resource 0x7f0e0177, entry index(375) is beyond type entryCount(142)
06-29 12:14:13.417  3472  3472 W ResourceType: For resource 0x7f0e0160, entry index(352) is beyond type entryCount(142)
06-29 12:14:13.417  3472  3472 W ResourceType: For resource 0x7f0e0199, entry index(409) is beyond type entryCount(142)
06-29 12:14:13.417  3472  3472 W ResourceType: For resource 0x7f0e017e, entry index(382) is beyond type entryCount(142)
06-29 12:14:13.417  3472  3472 W ResourceType: For resource 0x7f0e017f, entry index(383) is beyond type entryCount(142)
06-29 12:14:13.417  3472  3472 W ResourceType: For resource 0x7f0e0196, entry index(406) is beyond type entryCount(142)
06-29 12:14:13.417  3472  3472 W ResourceType: For resource 0x7f0e0197, entry index(407) is beyond type entryCount(142)
06-29 12:14:13.417  3472  3472 W ResourceType: For resource 0x7f0e0140, entry index(320) is beyond type entryCount(142)
06-29 12:14:13.417  3472  3472 W ResourceType: For resource 0x7f0e00e7, entry index(231) is beyond type entryCount(142)
06-29 12:14:13.417  3472  3472 W ResourceType: For resource 0x7f0e0194, entry index(404) is beyond type entryCount(142)
06-29 12:14:13.417  3472  3472 W ResourceType: For resource 0x7f0e01a5, entry index(421) is beyond type entryCount(142)
06-29 12:14:13.418  3472  3472 W ResourceType: For resource 0x7f0e017d, entry index(381) is beyond type entryCount(142)
06-29 12:14:13.418  3472  3472 W ResourceType: For resource 0x7f0e017b, entry index(379) is beyond type entryCount(142)
06-29 12:14:13.418  3472  3472 W ResourceType: For resource 0x7f0e010f, entry index(271) is beyond type entryCount(142)
06-29 12:14:13.418  3472  3472 W ResourceType: For resource 0x7f0e00f8, entry index(248) is beyond type entryCount(142)
06-29 12:14:13.418  3472  3472 W ResourceType: For resource 0x7f0e010f, entry index(271) is beyond type entryCount(142)
06-29 12:14:13.418  3472  3472 W ResourceType: For resource 0x7f0e0122, entry index(290) is beyond type entryCount(142)
06-29 12:14:13.418  3472  3472 W ResourceType: For resource 0x7f0e010b, entry index(267) is beyond type entryCount(142)
06-29 12:14:13.418  3472  3472 W ResourceType: For resource 0x7f0e010c, entry index(268) is beyond type entryCount(142)
06-29 12:14:13.418  3472  3472 W ResourceType: For resource 0x7f0e01ad, entry index(429) is beyond type entryCount(142)
06-29 12:14:13.418  3472  3472 W ResourceType: For resource 0x7f0e01ac, entry index(428) is beyond type entryCount(142)
06-29 12:14:13.425  3472  3472 W ResourceType: For resource 0x7f0e017f, entry index(383) is beyond type entryCount(142)
06-29 12:14:13.425  3472  3472 W ResourceType: For resource 0x7f0e0091, entry index(145) is beyond type entryCount(142)
06-29 12:14:13.429  1600  1662 I InputReader: Reconfiguring input devices.  changes=0x00000004
06-29 12:14:13.461  3472  3472 W ResourceType: For resource 0x7f0e016b, entry index(363) is beyond type entryCount(142)
06-29 12:14:13.468  3472  3472 W ResourceType: For resource 0x7f0e017b, entry index(379) is beyond type entryCount(142)
06-29 12:14:13.469  3472  3472 W ResourceType: For resource 0x7f0e0125, entry index(293) is beyond type entryCount(142)
06-29 12:14:13.475  3472  3472 W ResourceType: For resource 0x7f0e0125, entry index(293) is beyond type entryCount(142)
06-29 12:14:13.506  1696  1696 I DeviceStatusMonitor: onReceive() : Action = android.intent.action.CONFIGURATION_CHANGED
06-29 12:14:13.507  1696  1696 I ConfigNotification: Get device mode by ui mode:1 and smallestScreenWidthDp:411
06-29 12:14:13.510  1398  1435 D gralloc_ranchu: gralloc_alloc: Creating ashmem region of size 544768
06-29 12:14:13.530  1696  1696 I ConfigNotification: Get device mode by ui mode:1 and smallestScreenWidthDp:411
06-29 12:14:13.531  1696  1696 I chatty  : uid=10060(com.google.android.inputmethod.latin) identical 1 line
06-29 12:14:13.532  1696  1696 I ConfigNotification: Get device mode by ui mode:1 and smallestScreenWidthDp:411
06-29 12:14:13.602  3472  3472 W ResourceType: For resource 0x7f0e01a5, entry index(421) is beyond type entryCount(142)
06-29 12:14:13.603  3472  3472 W ResourceType: For resource 0x7f0e00a9, entry index(169) is beyond type entryCount(142)
06-29 12:14:13.608  3472  3472 W ResourceType: For resource 0x7f0e01bc, entry index(444) is beyond type entryCount(142)
06-29 12:14:13.625  3472  3472 W ResourceType: For resource 0x7f0e0132, entry index(306) is beyond type entryCount(142)
06-29 12:14:13.625  3472  3472 W ResourceType: For resource 0x7f0e00f7, entry index(247) is beyond type entryCount(142)
06-29 12:14:13.627  3472  3472 W ResourceType: For resource 0x7f0e0131, entry index(305) is beyond type entryCount(142)
06-29 12:14:13.627  3472  3472 W ResourceType: For resource 0x7f0e010f, entry index(271) is beyond type entryCount(142)
06-29 12:14:13.629  3472  3472 W ResourceType: For resource 0x7f0e0175, entry index(373) is beyond type entryCount(142)
06-29 12:14:13.633  3472  3472 W ResourceType: For resource 0x7f0e0173, entry index(371) is beyond type entryCount(142)
06-29 12:14:13.692  3472  3472 W ResourceType: For resource 0x7f0e011d, entry index(285) is beyond type entryCount(142)
06-29 12:14:13.697  3472  3472 I chatty  : uid=10104(net.osmand) identical 4 lines
06-29 12:14:13.697  3472  3472 W ResourceType: For resource 0x7f0e011d, entry index(285) is beyond type entryCount(142)
06-29 12:14:13.698  3472  3472 W ResourceType: For resource 0x7f0e01ac, entry index(428) is beyond type entryCount(142)
06-29 12:14:13.699  3472  3472 W ResourceType: For resource 0x7f0e00ae, entry index(174) is beyond type entryCount(142)
06-29 12:14:13.699  3472  3472 W ResourceType: For resource 0x7f0e013d, entry index(317) is beyond type entryCount(142)
06-29 12:14:13.699  3472  3472 W ResourceType: For resource 0x7f0e013e, entry index(318) is beyond type entryCount(142)
06-29 12:14:13.722  3472  3472 W ResourceType: For resource 0x7f0e013b, entry index(315) is beyond type entryCount(142)
06-29 12:14:13.757  3472  3472 I chatty  : uid=10104(net.osmand) identical 6 lines
06-29 12:14:13.758  3472  3472 W ResourceType: For resource 0x7f0e013b, entry index(315) is beyond type entryCount(142)
06-29 12:14:13.758  3472 19471 D net.osmand: DownloadOsmandIndexesHelper Start loading list of index files
06-29 12:14:13.758  3472  3472 W ResourceType: For resource 0x7f0e013b, entry index(315) is beyond type entryCount(142)
06-29 12:14:13.759  3472  3472 I chatty  : uid=10104(net.osmand) identical 1 line
06-29 12:14:13.759  3472  3472 W ResourceType: For resource 0x7f0e013b, entry index(315) is beyond type entryCount(142)
06-29 12:14:13.760  3472 19471 I net.osmand: DownloadOsmandIndexesHelper https://download.osmand.net/get_indexes?gzip&osmandver=OsmAnd+3.3.8&nd=43&ns=21&aid=a094dcc565ec90a2
06-29 12:14:13.765  1600  1617 I WifiService: requestActivityInfo uid=1000
06-29 12:14:13.765  1600  1617 I WifiService: reportActivityInfo uid=1000
06-29 12:14:13.765  1600  1617 I WifiService: getSupportedFeatures uid=1000
06-29 12:14:13.769  1704  1704 D EGL_emulation: eglCreateContext: 0x89990140: maj 2 min 0 rcv 2
06-29 12:14:13.777  1704  1704 D EGL_emulation: eglMakeCurrent: 0x89990140: ver 2 0 (tinfo 0x8999d150)
06-29 12:14:13.797  1398  1435 D gralloc_ranchu: gralloc_alloc: Creating ashmem region of size 9547776
06-29 12:14:13.827  1704  1704 D EGL_emulation: eglMakeCurrent: 0x89990140: ver 2 0 (tinfo 0x8999d150)
06-29 12:14:13.873  1398  1435 D gralloc_ranchu: gralloc_alloc: Creating ashmem region of size 9547776
06-29 12:14:13.962  1704  1704 I Choreographer: Skipped 36 frames!  The application may be doing too much work on its main thread.
06-29 12:14:14.000  1398  1435 D gralloc_ranchu: gralloc_alloc: Creating ashmem region of size 544768
06-29 12:14:14.078  1704  1704 W StaticLayout: maxLineHeight should not be -1.  maxLines:7 lineCount:7
06-29 12:14:14.093  1704  1704 I chatty  : uid=10029(com.android.systemui) identical 2 lines
06-29 12:14:14.094  1704  1704 W StaticLayout: maxLineHeight should not be -1.  maxLines:7 lineCount:7
06-29 12:14:14.157  3472  3472 W System.err: OnCreate for MapActivity took 794 ms
06-29 12:14:14.165  1398  1435 D gralloc_ranchu: gralloc_alloc: Creating ashmem region of size 487424
06-29 12:14:14.188  1704  1704 W StaticLayout: maxLineHeight should not be -1.  maxLines:7 lineCount:7
06-29 12:14:14.200  1704  1704 I chatty  : uid=10029(com.android.systemui) identical 2 lines
06-29 12:14:14.204  1704  1704 W StaticLayout: maxLineHeight should not be -1.  maxLines:7 lineCount:7
06-29 12:14:14.252  1704  1704 D StatusBar: disable<e i a s b h r c s q >
06-29 12:14:14.263  1704  1929 D EGL_emulation: eglMakeCurrent: 0x9e4046c0: ver 2 0 (tinfo 0x9e403690)
06-29 12:14:14.290  1398  1435 D gralloc_ranchu: gralloc_alloc: Creating ashmem region of size 487424
06-29 12:14:14.309  3472  3472 D InAppPurchaseHelper: Destroying helper.
06-29 12:14:14.355  1704  1704 W StatusBar/NavBarView: *** Invalid layout in navigation bar (sizeChanged this=126x1080 cur=126x1038)
06-29 12:14:14.361  1600  1647 I WindowManager: Screen frozen for +1s570ms due to Window{a7ee748 u0 StatusBar}
06-29 12:14:14.421  1408  1408 D SurfaceFlinger: duplicate layer name: changing BlackSurface to BlackSurface#1
06-29 12:14:14.429  1408  1408 D SurfaceFlinger: duplicate layer name: changing BlackSurface to BlackSurface#1
06-29 12:14:14.533  3472  3472 D net.osmand: Enable sensor
06-29 12:14:14.583  1704  1704 D EGL_emulation: eglCreateContext: 0x89990140: maj 2 min 0 rcv 2
06-29 12:14:14.592  1704  1704 D EGL_emulation: eglMakeCurrent: 0x89990140: ver 2 0 (tinfo 0x8999d150)
06-29 12:14:14.609  1600  1611 I GnssLocationProvider: WakeLock acquired by sendMessage(SET_REQUEST, 0, com.android.server.location.GnssLocationProvider$GpsRequest@13c3cf7)
06-29 12:14:14.616  1600  1613 I GnssLocationProvider: WakeLock released by handleMessage(SET_REQUEST, 0, com.android.server.location.GnssLocationProvider$GpsRequest@13c3cf7)
06-29 12:14:14.635  1398  1435 D gralloc_ranchu: gralloc_alloc: Creating ashmem region of size 8298496
06-29 12:14:14.662  3472  3472 W System.err: OnCreate for MapActivity took 352 ms
06-29 12:14:14.685  1704  1704 D EGL_emulation: eglMakeCurrent: 0x89990140: ver 2 0 (tinfo 0x8999d150)
06-29 12:14:14.790  1398  1435 D gralloc_ranchu: gralloc_alloc: Creating ashmem region of size 8298496
06-29 12:14:14.895  1398  1435 D gralloc_ranchu: gralloc_alloc: Creating ashmem region of size 8298496
06-29 12:14:14.900  3472  3472 W ResourceType: For resource 0x7f0e013b, entry index(315) is beyond type entryCount(142)
06-29 12:14:14.972  3472  3472 I chatty  : uid=10104(net.osmand) identical 38 lines
06-29 12:14:14.972  3472  3472 W ResourceType: For resource 0x7f0e013b, entry index(315) is beyond type entryCount(142)
06-29 12:14:14.973  3472  3472 W View    : requestLayout() improperly called by android.widget.ListView{e0a8b28 VFED.VC.. ......ID 0,0-735,1080 #7f0803ba app:id/menuItems} during layout: running second layout pass
06-29 12:14:14.978  1704  1704 I Choreographer: Skipped 42 frames!  The application may be doing too much work on its main thread.
06-29 12:14:14.989  1398  1435 D gralloc_ranchu: gralloc_alloc: Creating ashmem region of size 8298496
06-29 12:14:14.992  1398  1434 D gralloc_ranchu: gralloc_alloc: Creating ashmem region of size 487424
06-29 12:14:14.995  1398  1398 D gralloc_ranchu: gralloc_alloc: Creating ashmem region of size 3878912
06-29 12:14:15.001  1600  1611 I WifiService: acquireWifiLock uid=10014 lockMode=2
06-29 12:14:15.046  1408  1408 E EGL_emulation: tid 1408: eglCreateSyncKHR(1962): error 0x3004 (EGL_BAD_ATTRIBUTE)
06-29 12:14:15.053  1600  1647 W LocalDisplayAdapter: Unable to find color mode 0, ignoring request.
06-29 12:14:15.111  1600  1662 I InputReader: Reconfiguring input devices.  changes=0x00000004
06-29 12:14:15.111  1600  1662 I InputReader: Device reconfigured: id=0, name='qwerty2', size 1080x1920, orientation 0, mode 1, display id 0
06-29 12:14:15.114  1600  1621 I ActivityManager: Config changes=480 {1.0 310mcc260mnc [en_US] ldltr sw411dp w411dp h659dp 420dpi nrml port finger qwerty/v/v -nav/h appBounds=Rect(0, 0 - 1080, 1794) s.60}
06-29 12:14:15.121  1704  1929 D EGL_emulation: eglMakeCurrent: 0x9e4046c0: ver 2 0 (tinfo 0x9e403690)
06-29 12:14:15.138  1600  1621 I ActivityManager: Override config changes=480 {1.0 310mcc260mnc [en_US] ldltr sw411dp w411dp h659dp 420dpi nrml port finger qwerty/v/v -nav/h appBounds=Rect(0, 0 - 1080, 1794) s.60} for displayId=0
06-29 12:14:15.290  1964  1964 I GeofencerStateMachine: sendNewLocationAvailability: availability=LocationAvailability[isLocationAvailable: true]
06-29 12:14:15.330  1696  1696 I KeyboardViewUtil: systemKeyboardHeightRatio:1.000000; userKeyboardHeightRatio:1.000000.
06-29 12:14:15.346  3472  3472 W ResourceType: For resource 0x7f0e00c0, entry index(192) is beyond type entryCount(142)
06-29 12:14:15.346  3472  3472 W ResourceType: For resource 0x7f0e00d1, entry index(209) is beyond type entryCount(142)
06-29 12:14:15.346  3472  3472 W ResourceType: For resource 0x7f0e00cb, entry index(203) is beyond type entryCount(142)
06-29 12:14:15.346  3472  3472 W ResourceType: For resource 0x7f0e014d, entry index(333) is beyond type entryCount(142)
06-29 12:14:15.346  3472  3472 W ResourceType: For resource 0x7f0e00dd, entry index(221) is beyond type entryCount(142)
06-29 12:14:15.346  3472  3472 W ResourceType: For resource 0x7f0e00e4, entry index(228) is beyond type entryCount(142)
06-29 12:14:15.357  1398  1398 D gralloc_ranchu: gralloc_alloc: Creating ashmem region of size 8298496
06-29 12:14:15.384  3472  3472 W ResourceType: For resource 0x7f0e013b, entry index(315) is beyond type entryCount(142)
06-29 12:14:15.384  3472  3472 W ResourceType: For resource 0x7f0e013b, entry index(315) is beyond type entryCount(142)
06-29 12:14:15.384  3472  3472 W ResourceType: For resource 0x7f0e010f, entry index(271) is beyond type entryCount(142)
06-29 12:14:15.385  3472  3472 W ResourceType: For resource 0x7f0e013b, entry index(315) is beyond type entryCount(142)
06-29 12:14:15.401  3472  3472 I chatty  : uid=10104(net.osmand) identical 27 lines
06-29 12:14:15.401  3472  3472 W ResourceType: For resource 0x7f0e013b, entry index(315) is beyond type entryCount(142)
06-29 12:14:15.408  3472  3540 D EGL_emulation: eglMakeCurrent: 0x9e4043c0: ver 2 0 (tinfo 0x9e403290)
06-29 12:14:15.437  1696  1696 I DeviceStatusMonitor: onReceive() : Action = android.intent.action.CONFIGURATION_CHANGED
06-29 12:14:15.438  1696  1696 I ConfigNotification: Get device mode by ui mode:1 and smallestScreenWidthDp:411
06-29 12:14:15.438  1696  1696 I chatty  : uid=10060(com.google.android.inputmethod.latin) identical 2 lines
06-29 12:14:15.439  1696  1696 I ConfigNotification: Get device mode by ui mode:1 and smallestScreenWidthDp:411
06-29 12:14:15.465  1398  1398 D gralloc_ranchu: gralloc_alloc: Creating ashmem region of size 8298496
06-29 12:14:15.535  3472  3472 W ResourceType: For resource 0x7f0e00c0, entry index(192) is beyond type entryCount(142)
06-29 12:14:15.535  3472  3472 W ResourceType: For resource 0x7f0e00d1, entry index(209) is beyond type entryCount(142)
06-29 12:14:15.535  3472  3472 W ResourceType: For resource 0x7f0e00cb, entry index(203) is beyond type entryCount(142)
06-29 12:14:15.535  3472  3472 W ResourceType: For resource 0x7f0e014d, entry index(333) is beyond type entryCount(142)
06-29 12:14:15.536  3472  3472 W ResourceType: For resource 0x7f0e00dd, entry index(221) is beyond type entryCount(142)
06-29 12:14:15.536  3472  3472 W ResourceType: For resource 0x7f0e00e4, entry index(228) is beyond type entryCount(142)
06-29 12:14:15.554  1704  1929 D EGL_emulation: eglMakeCurrent: 0x9e4046c0: ver 2 0 (tinfo 0x9e403690)
06-29 12:14:15.562  1398  1398 D gralloc_ranchu: gralloc_alloc: Creating ashmem region of size 544768
06-29 12:14:15.595  1704  1929 D EGL_emulation: eglMakeCurrent: 0x9e4046c0: ver 2 0 (tinfo 0x9e403690)
06-29 12:14:15.599  3472  3472 I net.osmand: TTSCommandPlayerImpl Send message to pebble Siga o caminho por  cerca de  2 quilmetros para   Rua Jos Luiz Barata 
06-29 12:14:15.599  3472  3472 D net.osmand: AbstractPrologCommandPlayer requestAudioFocus
06-29 12:14:15.599  3472  3472 W AudioManager: Use of stream types is deprecated for operations other than volume control
06-29 12:14:15.599  3472  3472 W AudioManager: See the documentation of requestAudioFocus() for what to use instead with android.media.AudioAttributes to qualify your playback use case
06-29 12:14:15.601  1600  2100 I MediaFocusControl: requestAudioFocus() from uid/pid 10104/3472 clientId=android.media.AudioManager@d05fab5net.osmand.plus.api.AudioFocusHelperImpl@d35e896 callingPack=net.osmand req=3 flags=0x0 sdk=26
06-29 12:14:15.604  3472  3472 D net.osmand: TTSCommandPlayerImpl ttsRequests=1
06-29 12:14:15.611  5191  5280 I TTS.GoogleTTSServiceImp: Synthesis request for locale por-BRA and name pt-BR-language
06-29 12:14:15.612  5191  5280 I TTS.GoogleTTSServiceImp: TTS dispatch: pt-br-x-afs-lstm-embedded
06-29 12:14:15.657  3472  3496 I net.osmand: MapRenderRepositories RENDER MAP: update due to tile box
06-29 12:14:15.657  3472  3496 I net.osmand: MapRenderRepositories RENDER MAP: Interrupt rendering map
06-29 12:14:15.672  3472  3496 I net.osmand: MapRenderRepositories RENDER MAP: update due to tile box
06-29 12:14:15.672  3472  3496 I net.osmand: MapRenderRepositories RENDER MAP: Interrupt rendering map
06-29 12:14:15.686  3472  3495 I net.osmand: MapRenderRepositories RENDER MAP: new request RotatedTileBox [lat=4.614243159498015E-4, lon=-51.06061717924888, rotate=0.0, density=2.625, zoom=17, mapDensity=3.9375, zoomAnimation=0.0, zoomFloatPart=0.0, cx=1495, cy=1188, pixWidth=2990, pixHeight=1620]
06-29 12:14:15.689  1398  1398 D gralloc_ranchu: gralloc_alloc: Creating ashmem region of size 544768
06-29 12:14:15.740  5191  5294 D AudioTrack: Client defaulted notificationFrames to 1365 for frameCount 4096
06-29 12:14:15.790  3472  3496 I net.osmand: MapRenderRepositories RENDER MAP: update due to tile box
06-29 12:14:15.790  3472  3496 I net.osmand: MapRenderRepositories RENDER MAP: Interrupt rendering map
06-29 12:14:15.790  1398  1398 D gralloc_ranchu: gralloc_alloc: Creating ashmem region of size 3878912
06-29 12:14:15.831  1390  2659 W audio_hw_generic: Not supplying enough data to HAL, expected position 95895427 , only wrote 95895360
06-29 12:14:15.832  1600  2100 V MediaRouterService: restoreBluetoothA2dp(false)
06-29 12:14:15.891  1704  1704 W StaticLayout: maxLineHeight should not be -1.  maxLines:7 lineCount:7
06-29 12:14:15.946  1600  6200 I GnssLocationProvider: WakeLock acquired by sendMessage(SET_REQUEST, 0, com.android.server.location.GnssLocationProvider$GpsRequest@5017194)
06-29 12:14:15.947  1600  1613 I GnssLocationProvider: WakeLock released by handleMessage(SET_REQUEST, 0, com.android.server.location.GnssLocationProvider$GpsRequest@5017194)
06-29 12:14:15.949  3472  3472 D net.osmand: Disable sensor
06-29 12:14:15.951  1704  1704 W StaticLayout: maxLineHeight should not be -1.  maxLines:7 lineCount:7
06-29 12:14:16.015  3472  3472 I net.osmand: MapRenderRepositories RENDER MAP: Interrupt rendering map
06-29 12:14:16.017  3472  3540 D EGL_emulation: eglMakeCurrent: 0x9e4043c0: ver 2 0 (tinfo 0x9e403290)
06-29 12:14:16.035  3472  3472 D InAppPurchaseHelper: Destroying helper.
06-29 12:14:16.082  1408  1422 E BufferQueueProducer: [SurfaceView - net.osmand/net.osmand.plus.activities.MapActivity#0] disconnect: not connected (req=2)
06-29 12:14:16.200  1704  1704 D StatusBar: disable<e i a s b h r c s q >
06-29 12:14:16.206  1704  1929 D EGL_emulation: eglMakeCurrent: 0x9e4046c0: ver 2 0 (tinfo 0x9e403690)
06-29 12:14:16.226  1964  1964 I GeofencerStateMachine: sendNewLocationAvailability: availability=LocationAvailability[isLocationAvailable: true]
06-29 12:14:16.247  3472  3472 W ResourceType: For resource 0x7f0e01c4, entry index(452) is beyond type entryCount(142)
06-29 12:14:16.247  3472  3472 W ResourceType: For resource 0x7f0e01c4, entry index(452) is beyond type entryCount(142)
06-29 12:14:16.247  3472  3472 W ResourceType: For resource 0x7f0e0183, entry index(387) is beyond type entryCount(142)
06-29 12:14:16.247  3472  3472 W ResourceType: For resource 0x7f0e0187, entry index(391) is beyond type entryCount(142)
06-29 12:14:16.247  3472  3472 W ResourceType: For resource 0x7f0e0185, entry index(389) is beyond type entryCount(142)
06-29 12:14:16.247  3472  3472 W ResourceType: For resource 0x7f0e015d, entry index(349) is beyond type entryCount(142)
06-29 12:14:16.248  3472  3472 W ResourceType: For resource 0x7f0e0195, entry index(405) is beyond type entryCount(142)
06-29 12:14:16.248  3472  3472 W ResourceType: For resource 0x7f0e016c, entry index(364) is beyond type entryCount(142)
06-29 12:14:16.248  3472  3472 W ResourceType: For resource 0x7f0e0163, entry index(355) is beyond type entryCount(142)
06-29 12:14:16.248  3472  3472 W ResourceType: For resource 0x7f0e00db, entry index(219) is beyond type entryCount(142)
06-29 12:14:16.248  3472  3472 W ResourceType: For resource 0x7f0e0193, entry index(403) is beyond type entryCount(142)
06-29 12:14:16.248  3472  3472 W ResourceType: For resource 0x7f0e016f, entry index(367) is beyond type entryCount(142)
06-29 12:14:16.248  3472  3472 W ResourceType: For resource 0x7f0e0161, entry index(353) is beyond type entryCount(142)
06-29 12:14:16.248  3472  3472 W ResourceType: For resource 0x7f0e0170, entry index(368) is beyond type entryCount(142)
06-29 12:14:16.248  3472  3472 W ResourceType: For resource 0x7f0e0174, entry index(372) is beyond type entryCount(142)
06-29 12:14:16.248  3472  3472 I chatty  : uid=10104(net.osmand) identical 2 lines
06-29 12:14:16.248  3472  3472 W ResourceType: For resource 0x7f0e0174, entry index(372) is beyond type entryCount(142)
06-29 12:14:16.249  3472  3472 W ResourceType: For resource 0x7f0e0177, entry index(375) is beyond type entryCount(142)
06-29 12:14:16.249  3472  3472 W ResourceType: For resource 0x7f0e0160, entry index(352) is beyond type entryCount(142)
06-29 12:14:16.250  3472  3472 W ResourceType: For resource 0x7f0e0199, entry index(409) is beyond type entryCount(142)
06-29 12:14:16.250  3472  3472 W ResourceType: For resource 0x7f0e017e, entry index(382) is beyond type entryCount(142)
06-29 12:14:16.250  3472  3472 W ResourceType: For resource 0x7f0e017f, entry index(383) is beyond type entryCount(142)
06-29 12:14:16.250  3472  3472 W ResourceType: For resource 0x7f0e0196, entry index(406) is beyond type entryCount(142)
06-29 12:14:16.250  3472  3472 W ResourceType: For resource 0x7f0e0197, entry index(407) is beyond type entryCount(142)
06-29 12:14:16.250  3472  3472 W ResourceType: For resource 0x7f0e0140, entry index(320) is beyond type entryCount(142)
06-29 12:14:16.250  3472  3472 W ResourceType: For resource 0x7f0e00e7, entry index(231) is beyond type entryCount(142)
06-29 12:14:16.250  3472  3472 W ResourceType: For resource 0x7f0e0194, entry index(404) is beyond type entryCount(142)
06-29 12:14:16.250  3472  3472 W ResourceType: For resource 0x7f0e01a5, entry index(421) is beyond type entryCount(142)
06-29 12:14:16.250  3472  3472 W ResourceType: For resource 0x7f0e017d, entry index(381) is beyond type entryCount(142)
06-29 12:14:16.250  3472  3472 W ResourceType: For resource 0x7f0e017b, entry index(379) is beyond type entryCount(142)
06-29 12:14:16.250  3472  3472 W ResourceType: For resource 0x7f0e010f, entry index(271) is beyond type entryCount(142)
06-29 12:14:16.250  3472  3472 W ResourceType: For resource 0x7f0e00f8, entry index(248) is beyond type entryCount(142)
06-29 12:14:16.250  3472  3472 W ResourceType: For resource 0x7f0e010f, entry index(271) is beyond type entryCount(142)
06-29 12:14:16.251  3472  3472 W ResourceType: For resource 0x7f0e0122, entry index(290) is beyond type entryCount(142)
06-29 12:14:16.251  3472  3472 W ResourceType: For resource 0x7f0e010b, entry index(267) is beyond type entryCount(142)
06-29 12:14:16.251  3472  3472 W ResourceType: For resource 0x7f0e010c, entry index(268) is beyond type entryCount(142)
06-29 12:14:16.251  3472  3472 W ResourceType: For resource 0x7f0e01ad, entry index(429) is beyond type entryCount(142)
06-29 12:14:16.251  3472  3472 W ResourceType: For resource 0x7f0e01ac, entry index(428) is beyond type entryCount(142)
06-29 12:14:16.257  3472  3472 W ResourceType: For resource 0x7f0e01c4, entry index(452) is beyond type entryCount(142)
06-29 12:14:16.257  3472  3472 W ResourceType: For resource 0x7f0e01c4, entry index(452) is beyond type entryCount(142)
06-29 12:14:16.257  3472  3472 W ResourceType: For resource 0x7f0e0183, entry index(387) is beyond type entryCount(142)
06-29 12:14:16.257  3472  3472 W ResourceType: For resource 0x7f0e0187, entry index(391) is beyond type entryCount(142)
06-29 12:14:16.257  3472  3472 W ResourceType: For resource 0x7f0e0185, entry index(389) is beyond type entryCount(142)
06-29 12:14:16.257  3472  3472 W ResourceType: For resource 0x7f0e015d, entry index(349) is beyond type entryCount(142)
06-29 12:14:16.258  3472  3472 W ResourceType: For resource 0x7f0e0195, entry index(405) is beyond type entryCount(142)
06-29 12:14:16.258  3472  3472 W ResourceType: For resource 0x7f0e016c, entry index(364) is beyond type entryCount(142)
06-29 12:14:16.258  3472  3472 W ResourceType: For resource 0x7f0e0163, entry index(355) is beyond type entryCount(142)
06-29 12:14:16.258  3472  3472 W ResourceType: For resource 0x7f0e00db, entry index(219) is beyond type entryCount(142)
06-29 12:14:16.258  3472  3472 W ResourceType: For resource 0x7f0e0193, entry index(403) is beyond type entryCount(142)
06-29 12:14:16.258  3472  3472 W ResourceType: For resource 0x7f0e016f, entry index(367) is beyond type entryCount(142)
06-29 12:14:16.258  3472  3472 W ResourceType: For resource 0x7f0e0161, entry index(353) is beyond type entryCount(142)
06-29 12:14:16.258  3472  3472 W ResourceType: For resource 0x7f0e0170, entry index(368) is beyond type entryCount(142)
06-29 12:14:16.258  3472  3472 W ResourceType: For resource 0x7f0e0174, entry index(372) is beyond type entryCount(142)
06-29 12:14:16.258  3472  3472 I chatty  : uid=10104(net.osmand) identical 2 lines
06-29 12:14:16.258  3472  3472 W ResourceType: For resource 0x7f0e0174, entry index(372) is beyond type entryCount(142)
06-29 12:14:16.258  3472  3472 W ResourceType: For resource 0x7f0e0177, entry index(375) is beyond type entryCount(142)
06-29 12:14:16.258  3472  3472 W ResourceType: For resource 0x7f0e0160, entry index(352) is beyond type entryCount(142)
06-29 12:14:16.259  3472  3472 W ResourceType: For resource 0x7f0e0199, entry index(409) is beyond type entryCount(142)
