06-30 20:50:08.966  3171  3171 I net.osmand: RoutingHelper Recalculate route, because correlation  : 186070.33175635283
06-30 20:50:08.966  3171  3171 I net.osmand: RoutingHelper Recalculate route, because wrong movement direction: 186070.33
06-30 20:50:09.083  3171  3171 I net.osmand: RoutingHelper Recalculate route, because correlation  : 186070.33175635283
06-30 20:50:09.416  3171  3171 I net.osmand: RoutingHelper Recalculate route, because correlation  : 186070.33175635283
06-30 20:50:09.416  3171  3171 I net.osmand: RoutingHelper Recalculate route, because wrong movement direction: 186070.33
06-30 20:50:09.430  3171  3171 I net.osmand: RoutingHelper Recalculate route, because correlation  : 186070.33175635283
06-30 20:50:09.957  3171  3184 I zygote  : Background concurrent copying GC freed 492605(10MB) AllocSpace objects, 0(0B) LOS objects, 18% free, 26MB/32MB, paused 1.234ms total 496.275ms
06-30 20:50:10.214  1604  1621 I WifiService: requestActivityInfo uid=1000
06-30 20:50:10.214  1604  1621 I WifiService: reportActivityInfo uid=1000
06-30 20:50:10.214  1604  1621 I WifiService: getSupportedFeatures uid=1000
06-30 20:50:10.292  3171  3171 I net.osmand: RoutingHelper Recalculate route, because correlation  : 186070.33175635283
06-30 20:50:10.292  3171  3171 I net.osmand: RoutingHelper Recalculate route, because wrong movement direction: 186070.33
06-30 20:50:10.335  3171  3171 I net.osmand: RoutingHelper Recalculate route, because correlation  : 186070.33175635283
06-30 20:50:10.336  3171  3171 I net.osmand: RoutingHelper Recalculate route, because wrong movement direction: 186070.33
06-30 20:50:10.476  3171  3171 I net.osmand: RoutingHelper Recalculate route, because correlation  : 186070.33175635283
06-30 20:50:10.506  3171  3171 I net.osmand: RoutingHelper Recalculate route, because correlation  : 186070.33175635283
06-30 20:50:11.020  3171  3184 I zygote  : Background concurrent copying GC freed 372101(8MB) AllocSpace objects, 0(0B) LOS objects, 19% free, 25MB/31MB, paused 1.807ms total 366.242ms
06-30 20:50:11.305  3171  3171 I net.osmand: RoutingHelper Recalculate route, because correlation  : 186070.33175635283
06-30 20:50:11.305  3171  3171 I net.osmand: RoutingHelper Recalculate route, because wrong movement direction: 186070.33
06-30 20:50:11.466  3171  3171 I net.osmand: RoutingHelper Recalculate route, because correlation  : 186070.33175635283
06-30 20:50:12.051  3171  3171 I net.osmand: RoutingHelper Recalculate route, because correlation  : 186070.33175635283
06-30 20:50:12.051  3171  3171 I net.osmand: RoutingHelper Recalculate route, because wrong movement direction: 186070.33
06-30 20:50:12.135  3171  3171 I net.osmand: RoutingHelper Recalculate route, because correlation  : 186070.33175635283
06-30 20:50:12.250  3171  3171 I net.osmand: RoutingHelper Recalculate route, because correlation  : 186070.33175635283
06-30 20:50:12.250  3171  3171 I net.osmand: RoutingHelper Recalculate route, because wrong movement direction: 186070.33
06-30 20:50:12.422  3171  3171 I net.osmand: RoutingHelper Recalculate route, because correlation  : 186070.33175635283
06-30 20:50:12.777  3171  3184 I zygote  : Background concurrent copying GC freed 297611(6MB) AllocSpace objects, 0(0B) LOS objects, 16% free, 29MB/35MB, paused 1.196ms total 761.195ms
06-30 20:50:13.221  3171  3171 I net.osmand: RoutingHelper Recalculate route, because correlation  : 186070.33175635283
06-30 20:50:13.224  3171  3171 I net.osmand: RoutingHelper Recalculate route, because correlation  : 186070.33175635283
06-30 20:50:13.224  3171  3171 I net.osmand: RoutingHelper Recalculate route, because wrong movement direction: 186070.33
06-30 20:50:13.400  3171  3171 I net.osmand: RoutingHelper Recalculate route, because correlation  : 186070.33175635283
06-30 20:50:13.400  3171  3171 I net.osmand: RoutingHelper Recalculate route, because wrong movement direction: 186070.33
06-30 20:50:13.516  3171  3171 I net.osmand: RoutingHelper Recalculate route, because correlation  : 186070.33175635283
06-30 20:50:13.958  3171  3184 I zygote  : Background concurrent copying GC freed 503433(11MB) AllocSpace objects, 0(0B) LOS objects, 19% free, 25MB/31MB, paused 3.394ms total 351.332ms
06-30 20:50:14.268  3171  3171 I net.osmand: RoutingHelper Recalculate route, because correlation  : 186070.33175635283
06-30 20:50:14.268  3171  3171 I net.osmand: RoutingHelper Recalculate route, because wrong movement direction: 186070.33
06-30 20:50:14.331  3171  3171 I net.osmand: RoutingHelper Recalculate route, because correlation  : 186070.33175635283
06-30 20:50:14.708  3171  3171 I net.osmand: RoutingHelper Recalculate route, because correlation  : 186070.33175635283
06-30 20:50:14.708  3171  3171 I net.osmand: RoutingHelper Recalculate route, because wrong movement direction: 186070.33
06-30 20:50:14.718  3171  3171 I net.osmand: RoutingHelper Recalculate route, because correlation  : 186070.33175635283
06-30 20:50:15.293  3171  3171 I net.osmand: RoutingHelper Recalculate route, because correlation  : 186070.33175635283
06-30 20:50:15.293  3171  3171 I net.osmand: RoutingHelper Recalculate route, because wrong movement direction: 186070.33
06-30 20:50:15.301  3171  3184 I zygote  : Background concurrent copying GC freed 315188(6MB) AllocSpace objects, 0(0B) LOS objects, 17% free, 27MB/33MB, paused 1.686ms total 542.525ms
06-30 20:50:15.328  3171  3171 I net.osmand: RoutingHelper Recalculate route, because correlation  : 186070.33175635283
06-30 20:50:16.156  3171  3171 I net.osmand: RoutingHelper Recalculate route, because correlation  : 186070.33175635283
06-30 20:50:16.157  3171  3171 I net.osmand: RoutingHelper Recalculate route, because wrong movement direction: 186070.33
06-30 20:50:16.263  4279  4856 I Dialer  : OmtpVvmCarrierCfgHlpr - OmtpEvent:CONFIG_STATUS_SMS_TIME_OUT
06-30 20:50:16.284  4279  4279 I Dialer  : RetryPolicy - Retry limit for com.android.voicemail.impl.ActivationTask@fb8c10e reached
06-30 20:50:16.292  4279  4279 I Dialer  : RetryPolicy - committing deferred status: configuration_state=4
06-30 20:50:16.442  3171  3171 I net.osmand: RoutingHelper Recalculate route, because correlation  : 186070.33175635283
06-30 20:50:16.442  3171  3171 I net.osmand: RoutingHelper Recalculate route, because wrong movement direction: 186070.33
06-30 20:50:16.474  4279  4279 I Dialer  : VvmTaskExecutor - no more tasks, stopping service if no task are added in 5000 millis
06-30 20:50:16.571  3171  3171 I net.osmand: RoutingHelper Recalculate route, because correlation  : 186070.33175635283
06-30 20:50:17.081  3171  3184 I zygote  : Background concurrent copying GC freed 412735(9MB) AllocSpace objects, 0(0B) LOS objects, 17% free, 28MB/34MB, paused 1.279ms total 761.504ms
06-30 20:50:17.223  3171  3171 I net.osmand: RoutingHelper Recalculate route, because correlation  : 186070.33175635283
06-30 20:50:17.223  3171  3171 I net.osmand: RoutingHelper Recalculate route, because wrong movement direction: 186070.33
06-30 20:50:17.355  3171  3171 I net.osmand: RoutingHelper Recalculate route, because correlation  : 186070.33175635283
06-30 20:50:17.603  3171  3171 I chatty  : uid=10104(net.osmand) identical 1 line
06-30 20:50:17.615  3171  3171 I net.osmand: RoutingHelper Recalculate route, because correlation  : 186070.33175635283
06-30 20:50:17.615  3171  3171 I net.osmand: RoutingHelper Recalculate route, because wrong movement direction: 186070.33
06-30 20:50:18.119  3171  3184 I zygote  : Background concurrent copying GC freed 441355(9MB) AllocSpace objects, 0(0B) LOS objects, 19% free, 24MB/30MB, paused 1.581ms total 348.732ms
06-30 20:50:18.247  3171  3171 I net.osmand: RoutingHelper Recalculate route, because correlation  : 186070.33175635283
06-30 20:50:18.247  3171  3171 I net.osmand: RoutingHelper Recalculate route, because wrong movement direction: 186070.33
06-30 20:50:18.360  3171  3171 I net.osmand: RoutingHelper Recalculate route, because correlation  : 186070.33175635283
06-30 20:50:19.002  3171  3171 I net.osmand: RoutingHelper Recalculate route, because correlation  : 186070.33175635283
06-30 20:50:19.002  3171  3171 I net.osmand: RoutingHelper Recalculate route, because wrong movement direction: 186070.33
06-30 20:50:19.103  3171  3171 I net.osmand: RoutingHelper Recalculate route, because correlation  : 186070.33175635283
06-30 20:50:19.284  3171  3171 I net.osmand: RoutingHelper Recalculate route, because correlation  : 186070.33175635283
06-30 20:50:19.284  3171  3171 I net.osmand: RoutingHelper Recalculate route, because wrong movement direction: 186070.33
06-30 20:50:19.390  3171  3171 I net.osmand: RoutingHelper Recalculate route, because correlation  : 186070.33175635283
06-30 20:50:19.813  3171  3184 I zygote  : Background concurrent copying GC freed 293407(6MB) AllocSpace objects, 0(0B) LOS objects, 16% free, 31MB/37MB, paused 5.280ms total 892.307ms
06-30 20:50:20.203  3171  3171 I net.osmand: RoutingHelper Recalculate route, because correlation  : 186070.33175635283
06-30 20:50:20.203  3171  3171 I net.osmand: RoutingHelper Recalculate route, because wrong movement direction: 186070.33
06-30 20:50:20.318  3171  3171 I net.osmand: RoutingHelper Recalculate route, because correlation  : 186070.33175635283
06-30 20:50:20.606  3171  3171 I net.osmand: RoutingHelper Recalculate route, because correlation  : 186070.33175635283
06-30 20:50:20.606  3171  3171 I net.osmand: RoutingHelper Recalculate route, because wrong movement direction: 186070.33
06-30 20:50:20.733  3171  3171 I net.osmand: RoutingHelper Recalculate route, because correlation  : 186070.33175635283
06-30 20:50:21.291  3171  3171 I net.osmand: RoutingHelper Recalculate route, because correlation  : 186070.33175635283
06-30 20:50:21.291  3171  3171 I net.osmand: RoutingHelper Recalculate route, because wrong movement direction: 186070.33
06-30 20:50:21.394  3171  3171 I net.osmand: RoutingHelper Recalculate route, because correlation  : 186070.33175635283
06-30 20:50:21.509  4279  4279 I Dialer  : VvmTaskExecutor - Stopping service
06-30 20:50:21.511  4279  4279 I Dialer  : VvmTaskExecutor - finishing Job
06-30 20:50:21.518  4279  4279 I Dialer  : TaskSchedulerJobService - finishing job
06-30 20:50:21.576  4279  4279 I Dialer  : JobFinishedPoller.run - Job finished
06-30 20:50:21.577  4279  4279 I Dialer  : VvmTaskExecutor - terminated
06-30 20:50:21.973  3171  3184 I zygote  : Background concurrent copying GC freed 574148(12MB) AllocSpace objects, 0(0B) LOS objects, 16% free, 29MB/35MB, paused 2.645ms total 1.278s
06-30 20:50:21.974  3171  3171 I net.osmand: RoutingHelper Recalculate route, because correlation  : 186070.33175635283
06-30 20:50:21.974  3171  3171 I net.osmand: RoutingHelper Recalculate route, because wrong movement direction: 186070.33
06-30 20:50:22.093  3171  3171 I net.osmand: RoutingHelper Recalculate route, because correlation  : 186070.33175635283
06-30 20:50:22.283  3171  3171 I net.osmand: RoutingHelper Recalculate route, because correlation  : 186070.33175635283
06-30 20:50:22.283  3171  3171 I net.osmand: RoutingHelper Recalculate route, because wrong movement direction: 186070.33
06-30 20:50:22.471  3171  3171 I net.osmand: RoutingHelper Recalculate route, because correlation  : 186070.33175635283
06-30 20:50:22.871  3171  3184 I zygote  : Background concurrent copying GC freed 508405(11MB) AllocSpace objects, 0(0B) LOS objects, 19% free, 25MB/31MB, paused 923us total 336.212ms
06-30 20:50:23.263  3171  3171 I net.osmand: RoutingHelper Recalculate route, because correlation  : 186070.33175635283
06-30 20:50:23.263  3171  3171 I net.osmand: RoutingHelper Recalculate route, because wrong movement direction: 186070.33
06-30 20:50:23.398  3171  3171 I net.osmand: RoutingHelper Recalculate route, because correlation  : 186070.33175635283
06-30 20:50:23.409  3171  3171 I net.osmand: RoutingHelper Recalculate route, because correlation  : 186070.33175635283
06-30 20:50:23.409  3171  3171 I net.osmand: RoutingHelper Recalculate route, because wrong movement direction: 186070.33
06-30 20:50:23.479  3171  3171 I net.osmand: RoutingHelper Recalculate route, because correlation  : 186070.33175635283
06-30 20:50:23.947  3171  3184 I zygote  : Background concurrent copying GC freed 302801(6MB) AllocSpace objects, 0(0B) LOS objects, 19% free, 24MB/30MB, paused 2.129ms total 344.066ms
06-30 20:50:24.197  3171  3171 I net.osmand: RoutingHelper Recalculate route, because correlation  : 186070.33175635283
06-30 20:50:24.197  3171  3171 I net.osmand: RoutingHelper Recalculate route, because wrong movement direction: 186070.33
06-30 20:50:24.268  3171  3171 I net.osmand: RoutingHelper Recalculate route, because correlation  : 186070.33175635283
06-30 20:50:24.754  3171  3171 I net.osmand: RoutingHelper Recalculate route, because correlation  : 186070.33175635283
06-30 20:50:24.754  3171  3171 I net.osmand: RoutingHelper Recalculate route, because wrong movement direction: 186070.33
06-30 20:50:24.842  3171  3171 I net.osmand: RoutingHelper Recalculate route, because correlation  : 186070.33175635283
06-30 20:50:25.148  1604  4621 I WifiService: acquireWifiLock uid=10014 lockMode=2
06-30 20:50:25.346  3171  3171 I net.osmand: RoutingHelper Recalculate route, because correlation  : 186070.33175635283
06-30 20:50:25.346  3171  3171 I net.osmand: RoutingHelper Recalculate route, because wrong movement direction: 186070.33
06-30 20:50:25.357  3171  3171 I net.osmand: RoutingHelper Recalculate route, because correlation  : 186070.33175635283
06-30 20:50:25.369  5020  5049 D NetworkSecurityConfig: No Network Security Config specified, using platform default
06-30 20:50:25.581  1604  1621 I WifiService: requestActivityInfo uid=1000
06-30 20:50:25.581  1604  1621 I WifiService: reportActivityInfo uid=1000
06-30 20:50:25.581  1604  1621 I WifiService: getSupportedFeatures uid=1000
06-30 20:50:25.864  3171  3184 I zygote  : Background concurrent copying GC freed 294058(6MB) AllocSpace objects, 0(0B) LOS objects, 16% free, 29MB/35MB, paused 5.016ms total 864.925ms
06-30 20:50:26.163  3171  3171 I net.osmand: RoutingHelper Recalculate route, because correlation  : 186070.33175635283
06-30 20:50:26.163  3171  3171 I net.osmand: RoutingHelper Recalculate route, because wrong movement direction: 186070.33
06-30 20:50:26.222  3171  3171 I net.osmand: RoutingHelper Recalculate route, because correlation  : 186070.33175635283
06-30 20:50:26.235  3171  3171 I net.osmand: RoutingHelper Recalculate route, because correlation  : 186070.33175635283
06-30 20:50:26.235  3171  3171 I net.osmand: RoutingHelper Recalculate route, because wrong movement direction: 186070.33
06-30 20:50:26.283  3171  3171 I net.osmand: RoutingHelper Recalculate route, because correlation  : 186070.33175635283
06-30 20:50:26.494  1604  1617 E memtrack: Couldn't load memtrack module
06-30 20:50:26.495  1604  1617 W android.os.Debug: failed to get memory consumption info: -1
06-30 20:50:26.520  1970  1970 W SystemServiceRegistry: No service published for: persistent_data_block
06-30 20:50:26.558  1970  1970 W ChimeraUtils: Non Chimera context
06-30 20:50:26.559  1970  1970 W ChimeraUtils: Non Chimera context
06-30 20:50:27.337  3171  3171 I net.osmand: RoutingHelper Recalculate route, because correlation  : 186070.33175635283
06-30 20:50:27.357  1970  1975 I zygote  : Compiler allocated 6MB to compile com.google.android.gms.auth.firstparty.dataservice.TokenResponse jgo.a(com.google.android.gms.auth.firstparty.dataservice.TokenRequest)
06-30 20:50:27.428  3171  3171 I net.osmand: RoutingHelper Recalculate route, because correlation  : 186070.33175635283
06-30 20:50:27.428  3171  3171 I net.osmand: RoutingHelper Recalculate route, because wrong movement direction: 186070.33
06-30 20:50:27.827  3171  3171 I net.osmand: RoutingHelper Recalculate route, because correlation  : 186070.33175635283
06-30 20:50:27.827  3171  3171 I net.osmand: RoutingHelper Recalculate route, because wrong movement direction: 186070.33
06-30 20:50:28.019  3171  3171 I net.osmand: RoutingHelper Recalculate route, because correlation  : 186070.33175635283
06-30 20:50:28.162  1604  3158 D WificondControl: Scan result ready event
06-30 20:50:28.334  3171  3171 I net.osmand: RoutingHelper Recalculate route, because correlation  : 186070.33175635283
06-30 20:50:28.336  3171  3171 I net.osmand: RoutingHelper Recalculate route, because wrong movement direction: 186070.33
06-30 20:50:28.484  3171  3171 I net.osmand: RoutingHelper Recalculate route, because correlation  : 186070.33175635283
06-30 20:50:28.624  1604  4621 I WifiService: releaseWifiLock uid=10014
06-30 20:50:28.859  3171  3184 I zygote  : Background concurrent copying GC freed 509080(11MB) AllocSpace objects, 0(0B) LOS objects, 15% free, 32MB/38MB, paused 2.198ms total 1.296s
06-30 20:50:29.104  3171  3171 I net.osmand: RoutingHelper Recalculate route, because correlation  : 186070.33175635283
06-30 20:50:29.104  3171  3171 I net.osmand: RoutingHelper Recalculate route, because wrong movement direction: 186070.33
06-30 20:50:29.306  3171  3171 I net.osmand: RoutingHelper Recalculate route, because correlation  : 186070.33175635283
06-30 20:50:29.306  3171  3171 I net.osmand: RoutingHelper Recalculate route, because wrong movement direction: 186070.33
06-30 20:50:29.310  3171  3171 I net.osmand: RoutingHelper Recalculate route, because correlation  : 186070.33175635283
06-30 20:50:29.770  3171  3184 I zygote  : Background concurrent copying GC freed 652926(14MB) AllocSpace objects, 0(0B) LOS objects, 19% free, 24MB/30MB, paused 6.047ms total 328.512ms
06-30 20:50:30.211  3171  3171 I net.osmand: RoutingHelper Recalculate route, because correlation  : 186070.33175635283
06-30 20:50:30.412  3171  3171 I net.osmand: RoutingHelper Recalculate route, because correlation  : 186070.33175635283
06-30 20:50:30.412  3171  3171 I net.osmand: RoutingHelper Recalculate route, because wrong movement direction: 186070.33
06-30 20:50:30.623  3171  3171 I net.osmand: RoutingHelper Recalculate route, because correlation  : 186070.33175635283
06-30 20:50:30.623  3171  3171 I net.osmand: RoutingHelper Recalculate route, because wrong movement direction: 186070.33
06-30 20:50:30.818  3171  3171 I net.osmand: RoutingHelper Recalculate route, because correlation  : 186070.33175635283
06-30 20:50:31.148  3171  3184 I zygote  : Background concurrent copying GC freed 290631(6MB) AllocSpace objects, 0(0B) LOS objects, 17% free, 28MB/34MB, paused 1.452ms total 551.104ms
06-30 20:50:31.200  3171  3171 I net.osmand: RoutingHelper Recalculate route, because correlation  : 186070.33175635283
06-30 20:50:31.201  3171  3171 I net.osmand: RoutingHelper Recalculate route, because wrong movement direction: 186070.33
06-30 20:50:31.298  3171  3171 I net.osmand: RoutingHelper Recalculate route, because correlation  : 186070.33175635283
06-30 20:50:31.832  3171  3171 I net.osmand: RoutingHelper Recalculate route, because correlation  : 186070.33175635283
06-30 20:50:31.832  3171  3171 I net.osmand: RoutingHelper Recalculate route, because wrong movement direction: 186070.33
06-30 20:50:31.931  3171  3171 I net.osmand: RoutingHelper Recalculate route, because correlation  : 186070.33175635283
06-30 20:50:32.242  3171  3171 I net.osmand: RoutingHelper Recalculate route, because correlation  : 186070.33175635283
06-30 20:50:32.242  3171  3171 I net.osmand: RoutingHelper Recalculate route, because wrong movement direction: 186070.33
06-30 20:50:32.284  3171  3171 I net.osmand: RoutingHelper Recalculate route, because correlation  : 186070.33175635283
06-30 20:50:32.619  3171  3184 I zygote  : Background concurrent copying GC freed 425712(9MB) AllocSpace objects, 0(0B) LOS objects, 15% free, 31MB/37MB, paused 1.118ms total 798.832ms
06-30 20:50:33.179  3171  3171 I net.osmand: RoutingHelper Recalculate route, because correlation  : 186070.33175635283
06-30 20:50:33.249  3171  3171 I net.osmand: RoutingHelper Recalculate route, because correlation  : 186070.33175635283
06-30 20:50:33.250  3171  3171 I net.osmand: RoutingHelper Recalculate route, because wrong movement direction: 186070.33
06-30 20:50:33.363  3171  3171 I net.osmand: RoutingHelper Recalculate route, because correlation  : 186070.33175635283
06-30 20:50:33.363  3171  3171 I net.osmand: RoutingHelper Recalculate route, because wrong movement direction: 186070.33
06-30 20:50:33.367  3171  3171 I net.osmand: RoutingHelper Recalculate route, because correlation  : 186070.33175635283
06-30 20:50:33.928  3171  3184 I zygote  : Background concurrent copying GC freed 589424(12MB) AllocSpace objects, 0(0B) LOS objects, 19% free, 24MB/30MB, paused 5.042ms total 359.750ms
06-30 20:50:34.066  3171  5257 I net.osmand:native: Run GC (before 57.653229 Mb after 44.797480 Mb) unload 305 of 982 tiles
06-30 20:50:34.208  3171  3171 I net.osmand: RoutingHelper Recalculate route, because correlation  : 186070.33175635283
06-30 20:50:34.208  3171  3171 I net.osmand: RoutingHelper Recalculate route, because wrong movement direction: 186070.33
06-30 20:50:34.315  3171  3171 I net.osmand: RoutingHelper Recalculate route, because correlation  : 186070.33175635283
06-30 20:50:34.494  3171  3171 I net.osmand: RoutingHelper Recalculate route, because correlation  : 186070.33175635283
06-30 20:50:34.495  3171  3171 I net.osmand: RoutingHelper Recalculate route, because wrong movement direction: 186070.33
06-30 20:50:34.504  3171  3171 I net.osmand: RoutingHelper Recalculate route, because correlation  : 186070.33175635283
06-30 20:50:35.203  3171  3171 I net.osmand: RoutingHelper Recalculate route, because correlation  : 186070.33175635283
06-30 20:50:35.204  3171  3171 I net.osmand: RoutingHelper Recalculate route, because wrong movement direction: 186070.33
06-30 20:50:35.220  3171  3171 I net.osmand: RoutingHelper Recalculate route, because correlation  : 186070.33175635283
06-30 20:50:35.893  3171  3184 I zygote  : Background concurrent copying GC freed 294310(6MB) AllocSpace objects, 0(0B) LOS objects, 18% free, 26MB/32MB, paused 15.856ms total 647.558ms
06-30 20:50:36.031  3171  3171 I net.osmand: RoutingHelper Recalculate route, because correlation  : 186070.33175635283
06-30 20:50:36.031  3171  3171 I net.osmand: RoutingHelper Recalculate route, because wrong movement direction: 186070.33
06-30 20:50:36.165  3171  3171 I net.osmand: RoutingHelper Recalculate route, because correlation  : 186070.33175635283
06-30 20:50:36.330  3171  3171 I chatty  : uid=10104(net.osmand) identical 1 line
06-30 20:50:36.381  3171  3171 I net.osmand: RoutingHelper Recalculate route, because correlation  : 186070.33175635283
06-30 20:50:36.381  3171  3171 I net.osmand: RoutingHelper Recalculate route, because wrong movement direction: 186070.33
06-30 20:50:36.982  3171  3184 I zygote  : Background concurrent copying GC freed 361162(7MB) AllocSpace objects, 0(0B) LOS objects, 18% free, 26MB/32MB, paused 1.342ms total 489.489ms
06-30 20:50:37.205  3171  3171 I net.osmand: RoutingHelper Recalculate route, because correlation  : 186070.33175635283
06-30 20:50:37.244  3171  3171 I net.osmand: RoutingHelper Recalculate route, because correlation  : 186070.33175635283
06-30 20:50:37.244  3171  3171 I net.osmand: RoutingHelper Recalculate route, because wrong movement direction: 186070.33
06-30 20:50:37.543  3171  3171 I net.osmand: RoutingHelper Recalculate route, because correlation  : 186070.33175635283
06-30 20:50:37.550  3171  3171 I net.osmand: RoutingHelper Recalculate route, because correlation  : 186070.33175635283
06-30 20:50:37.550  3171  3171 I net.osmand: RoutingHelper Recalculate route, because wrong movement direction: 186070.33
06-30 20:50:38.067  3171  3184 I zygote  : Background concurrent copying GC freed 356535(7MB) AllocSpace objects, 0(0B) LOS objects, 18% free, 26MB/32MB, paused 6.721ms total 488.807ms
06-30 20:50:38.306  3171  3171 I net.osmand: RoutingHelper Recalculate route, because correlation  : 186070.33175635283
06-30 20:50:38.306  3171  3171 I net.osmand: RoutingHelper Recalculate route, because wrong movement direction: 186070.33
06-30 20:50:38.320  3171  3171 I net.osmand: RoutingHelper Recalculate route, because correlation  : 186070.33175635283
06-30 20:50:38.807  3171  3171 I net.osmand: RoutingHelper Recalculate route, because correlation  : 186070.33175635283
06-30 20:50:38.807  3171  3171 I net.osmand: RoutingHelper Recalculate route, because wrong movement direction: 186070.33
06-30 20:50:38.818  3171  3171 I net.osmand: RoutingHelper Recalculate route, because correlation  : 186070.33175635283
06-30 20:50:39.355  3171  3171 I net.osmand: RoutingHelper Recalculate route, because correlation  : 186070.33175635283
06-30 20:50:39.355  3171  3171 I net.osmand: RoutingHelper Recalculate route, because wrong movement direction: 186070.33
06-30 20:50:39.407  3171  3171 I net.osmand: RoutingHelper Recalculate route, because correlation  : 186070.33175635283
06-30 20:50:39.751  3171  3184 I zygote  : Background concurrent copying GC freed 374433(8MB) AllocSpace objects, 0(0B) LOS objects, 16% free, 31MB/37MB, paused 7.868ms total 900.195ms
06-30 20:50:40.083  3171  3171 I net.osmand: RoutingHelper Recalculate route, because correlation  : 186070.33175635283
06-30 20:50:40.165  3171  3171 I net.osmand: RoutingHelper Recalculate route, because correlation  : 186070.33175635283
06-30 20:50:40.165  3171  3171 I net.osmand: RoutingHelper Recalculate route, because wrong movement direction: 186070.33
06-30 20:50:40.326  3171  3171 I net.osmand: RoutingHelper Recalculate route, because correlation  : 186070.33175635283
06-30 20:50:40.326  3171  3171 I net.osmand: RoutingHelper Recalculate route, because wrong movement direction: 186070.33
06-30 20:50:40.345  3171  3171 I net.osmand: RoutingHelper Recalculate route, because correlation  : 186070.33175635283
06-30 20:50:40.960  3171  3184 I zygote  : Background concurrent copying GC freed 594779(13MB) AllocSpace objects, 0(0B) LOS objects, 19% free, 24MB/30MB, paused 3.795ms total 395.178ms
06-30 20:50:41.380  1604  1618 I ActivityManager: Killing 4607:com.google.android.apps.maps/u0a62 (adj 906): empty #17
06-30 20:50:41.381  1604  1620 W zygote  : kill(-4607, 9) failed: No such process
06-30 20:50:41.390  3171  3171 I net.osmand: RoutingHelper Recalculate route, because correlation  : 186070.33175635283
06-30 20:50:41.390  3171  3171 I net.osmand: RoutingHelper Recalculate route, because wrong movement direction: 186070.33
06-30 20:50:41.400  1604  3883 I WifiService: getConnectionInfo uid=10014
06-30 20:50:41.421  1604  1620 W zygote  : kill(-4607, 9) failed: No such process
06-30 20:50:41.470  1604  1620 W zygote  : kill(-4607, 9) failed: No such process
06-30 20:50:41.491  3171  3171 I net.osmand: RoutingHelper Recalculate route, because correlation  : 186070.33175635283
06-30 20:50:41.513  1604  1620 W zygote  : kill(-4607, 9) failed: No such process
06-30 20:50:41.533  1604  4621 D ConnectivityService: ConnectivityService NetworkRequestInfo binderDied(NetworkRequest [ LISTEN id=19, [ Capabilities: INTERNET&NOT_RESTRICTED&TRUSTED&FOREGROUND] ], android.os.BinderProxy@d23dfc9)
06-30 20:50:41.573  1604  1620 I chatty  : uid=1000(system) ActivityManager identical 1 line
06-30 20:50:41.620  1604  1620 W zygote  : kill(-4607, 9) failed: No such process
06-30 20:50:41.621  1604  1620 I zygote  : Successfully killed process cgroup uid 10062 pid 4607 in 239ms
06-30 20:50:41.724  1604  3545 I WifiService: getConnectionInfo uid=10014
06-30 20:50:41.756  3171  3171 I net.osmand: RoutingHelper Recalculate route, because correlation  : 186070.33175635283
06-30 20:50:41.756  3171  3171 I net.osmand: RoutingHelper Recalculate route, because wrong movement direction: 186070.33
06-30 20:50:41.808  1970  1975 I zygote  : Do full code cache collection, code=1518KB, data=950KB
06-30 20:50:41.827  1970  1975 I zygote  : After code cache collection, code=1329KB, data=772KB
06-30 20:50:41.887  3171  3171 I net.osmand: RoutingHelper Recalculate route, because correlation  : 186070.33175635283
06-30 20:50:42.249  3171  3171 I net.osmand: RoutingHelper Recalculate route, because correlation  : 186070.33175635283
06-30 20:50:42.249  3171  3171 I net.osmand: RoutingHelper Recalculate route, because wrong movement direction: 186070.33
06-30 20:50:42.312  3171  3171 I net.osmand: RoutingHelper Recalculate route, because correlation  : 186070.33175635283
06-30 20:50:42.739  3171  3184 I zygote  : Background concurrent copying GC freed 271143(6MB) AllocSpace objects, 0(0B) LOS objects, 16% free, 29MB/35MB, paused 2.508ms total 863.555ms
06-30 20:50:42.948  3171  3171 I net.osmand: RoutingHelper Recalculate route, because correlation  : 186070.33175635283
06-30 20:50:42.948  3171  3171 I net.osmand: RoutingHelper Recalculate route, because wrong movement direction: 186070.33
06-30 20:50:43.063  3171  3171 I net.osmand: RoutingHelper Recalculate route, because correlation  : 186070.33175635283
06-30 20:50:43.299  3171  3171 I net.osmand: RoutingHelper Recalculate route, because correlation  : 186070.33175635283
06-30 20:50:43.299  3171  3171 I net.osmand: RoutingHelper Recalculate route, because wrong movement direction: 186070.33
06-30 20:50:43.415  3171  3171 I net.osmand: RoutingHelper Recalculate route, because correlation  : 186070.33175635283
06-30 20:50:43.868  3171  3184 I zygote  : Background concurrent copying GC freed 509697(11MB) AllocSpace objects, 0(0B) LOS objects, 19% free, 25MB/31MB, paused 1.387ms total 381.174ms
06-30 20:50:44.221  3171  3171 I net.osmand: RoutingHelper Recalculate route, because correlation  : 186070.33175635283
06-30 20:50:44.221  3171  3171 I net.osmand: RoutingHelper Recalculate route, because wrong movement direction: 186070.33
06-30 20:50:44.354  3171  3171 I net.osmand: RoutingHelper Recalculate route, because correlation  : 186070.33175635283
06-30 20:50:44.502  3171  3171 I net.osmand: RoutingHelper Recalculate route, because correlation  : 186070.33175635283
06-30 20:50:44.502  3171  3171 I net.osmand: RoutingHelper Recalculate route, because wrong movement direction: 186070.33
06-30 20:50:44.621  3171  3171 I net.osmand: RoutingHelper Recalculate route, because correlation  : 186070.33175635283
06-30 20:50:45.195  1604  5450 I WifiService: acquireWifiLock uid=10014 lockMode=2
06-30 20:50:45.343  3171  3171 I net.osmand: RoutingHelper Recalculate route, because correlation  : 186070.33175635283
06-30 20:50:45.355  3171  3171 I net.osmand: RoutingHelper Recalculate route, because correlation  : 186070.33175635283
06-30 20:50:45.355  3171  3171 I net.osmand: RoutingHelper Recalculate route, because wrong movement direction: 186070.33
06-30 20:50:45.525  3171  3184 I zygote  : Background concurrent copying GC freed 294295(6MB) AllocSpace objects, 0(0B) LOS objects, 17% free, 28MB/34MB, paused 9.493ms total 789.744ms
06-30 20:50:45.640  1604  4624 I WifiService: releaseWifiLock uid=10014
06-30 20:50:45.982  3171  3171 I net.osmand: RoutingHelper Recalculate route, because correlation  : 186070.33175635283
06-30 20:50:45.982  3171  3171 I net.osmand: RoutingHelper Recalculate route, because wrong movement direction: 186070.33
06-30 20:50:46.145  3171  3171 I net.osmand: RoutingHelper Recalculate route, because correlation  : 186070.33175635283
06-30 20:50:46.208  3171  3171 I net.osmand: TTSCommandPlayerImpl Send message to pebble desviou-se da rota por  186 quilómetros 
06-30 20:50:46.214  3171  3171 D net.osmand: AbstractPrologCommandPlayer requestAudioFocus
06-30 20:50:46.218  3171  3171 W AudioManager: Use of stream types is deprecated for operations other than volume control
06-30 20:50:46.218  3171  3171 W AudioManager: See the documentation of requestAudioFocus() for what to use instead with android.media.AudioAttributes to qualify your playback use case
06-30 20:50:46.220  1604  3158 I MediaFocusControl: requestAudioFocus() from uid/pid 10104/3171 clientId=android.media.AudioManager@6cb55bbnet.osmand.plus.api.AudioFocusHelperImpl@326790c callingPack=net.osmand req=3 flags=0x0 sdk=26
06-30 20:50:46.221  3171  3171 D net.osmand: TTSCommandPlayerImpl ttsRequests=1
06-30 20:50:46.245  4639  4668 I TTS.GoogleTTSServiceImp: Synthesis request for locale por-BRA and name pt-BR-language
06-30 20:50:46.265  4639  4668 I TTS.GoogleTTSServiceImp: TTS dispatch: pt-br-x-afs-lstm-embedded
06-30 20:50:46.321  4639  4669 D AudioTrack: Client defaulted notificationFrames to 1365 for frameCount 4096
06-30 20:50:46.334  1604  5450 V MediaRouterService: restoreBluetoothA2dp(false)
06-30 20:50:46.355  1394  3176 W audio_hw_generic: Not supplying enough data to HAL, expected position 3003251 , only wrote 3003120
06-30 20:50:46.375  3171  3171 I net.osmand: RoutingHelper Recalculate route, because correlation  : 186070.33175635283
06-30 20:50:46.375  3171  3171 I net.osmand: RoutingHelper Recalculate route, because wrong movement direction: 186070.33
06-30 20:50:46.379  3171  3171 I net.osmand: RoutingHelper Recalculate route, because correlation  : 186070.33175635283
06-30 20:50:47.004  3171  3184 I zygote  : Background concurrent copying GC freed 426502(9MB) AllocSpace objects, 0(0B) LOS objects, 19% free, 25MB/31MB, paused 3.603ms total 441.062ms
06-30 20:50:47.211  3171  3171 I net.osmand: RoutingHelper Recalculate route, because correlation  : 186070.33175635283
06-30 20:50:47.284  3171  3171 I net.osmand: RoutingHelper Recalculate route, because correlation  : 186070.33175635283
06-30 20:50:47.284  3171  3171 I net.osmand: RoutingHelper Recalculate route, because wrong movement direction: 186070.33
06-30 20:50:47.510  1477  1572 D AudioFlinger: mixer(0xac983140) throttle end: throttle time(2)
06-30 20:50:47.612  3171  3171 I net.osmand: RoutingHelper Recalculate route, because correlation  : 186070.33175635283
06-30 20:50:47.613  3171  3171 I net.osmand: RoutingHelper Recalculate route, because wrong movement direction: 186070.33
06-30 20:50:47.665  3171  3171 I net.osmand: RoutingHelper Recalculate route, because correlation  : 186070.33175635283
06-30 20:50:47.863  3171  5257 W net.osmand:native: [Native] Result visited (visited roads 155708, visited segments 159139 / 424344 , queue sizes 2077 / 3331 ) 
06-30 20:50:47.864  3171  5257 W net.osmand:native: [Native] Result timing (time to load 0, time to calc 210849, loaded tiles 1226) 
06-30 20:50:47.864  3171  5257 W net.osmand:native: [Native] Memory occupied (Routing context 56773 Kb, search 9159 Kb)
06-30 20:50:48.034  4639  4644 I zygote  : Do partial code cache collection, code=123KB, data=80KB
06-30 20:50:48.035  4639  4644 I zygote  : After code cache collection, code=121KB, data=79KB
06-30 20:50:48.035  4639  4644 I zygote  : Increasing code cache capacity to 512KB
06-30 20:50:48.224  3171  3171 I net.osmand: RoutingHelper Recalculate route, because correlation  : 186070.33175635283
06-30 20:50:48.225  3171  3171 I net.osmand: RoutingHelper Recalculate route, because wrong movement direction: 186070.33
06-30 20:50:48.350  3171  3171 I net.osmand: RoutingHelper Recalculate route, because correlation  : 186070.33175635283
06-30 20:50:48.654  3171  3184 I zygote  : Background concurrent copying GC freed 298746(6MB) AllocSpace objects, 0(0B) LOS objects, 17% free, 28MB/34MB, paused 4.534ms total 822.631ms
06-30 20:50:48.684  1394  3176 W audio_hw_generic: Not supplying enough data to HAL, expected position 3114956 , only wrote 3114720
06-30 20:50:48.685  1394  3176 W audio_hw_generic: Not supplying enough data to HAL, expected position 3114742 , only wrote 3114720
06-30 20:50:48.701  1394  3176 W audio_hw_generic: Not supplying enough data to HAL, expected position 3115499 , only wrote 3115440
06-30 20:50:48.839  1394  3176 W audio_hw_generic: Not supplying enough data to HAL, expected position 3122038 , only wrote 3121920
06-30 20:50:48.843  1394  3176 W audio_hw_generic: Not supplying enough data to HAL, expected position 3122110 , only wrote 3121920
06-30 20:50:48.859  1394  3176 W audio_hw_generic: Not supplying enough data to HAL, expected position 3122709 , only wrote 3122640
06-30 20:50:48.950  1394  3176 W audio_hw_generic: Not supplying enough data to HAL, expected position 3126997 , only wrote 3126960
06-30 20:50:48.956  3171  3171 I net.osmand: RoutingHelper Recalculate route, because correlation  : 186070.33175635283
06-30 20:50:48.968  3171  3171 I net.osmand: RoutingHelper Recalculate route, because correlation  : 186070.33175635283
06-30 20:50:48.970  3171  3171 I net.osmand: RoutingHelper Recalculate route, because wrong movement direction: 186070.33
06-30 20:50:49.235  1394  3176 W audio_hw_generic: Not supplying enough data to HAL, expected position 3140655 , only wrote 3136320
06-30 20:50:49.235  1394  3176 W audio_hw_generic: Not supplying enough data to HAL, expected position 3136331 , only wrote 3136320
06-30 20:50:49.274  1394  3176 W audio_hw_generic: Not supplying enough data to HAL, expected position 3138186 , only wrote 3137040
06-30 20:50:49.288  1477  1572 D AudioFlinger: mixer(0xac983140) throttle end: throttle time(12)
06-30 20:50:49.400  3171  3171 I net.osmand: RoutingHelper Recalculate route, because correlation  : 186070.33175635283
06-30 20:50:49.409  3171  3171 I net.osmand: RoutingHelper Recalculate route, because correlation  : 186070.33175635283
06-30 20:50:49.409  3171  3171 I net.osmand: RoutingHelper Recalculate route, because wrong movement direction: 186070.33
06-30 20:50:49.695  1394  3176 W audio_hw_generic: Not supplying enough data to HAL, expected position 3157217 , only wrote 3157200
06-30 20:50:49.767  1394  3176 W audio_hw_generic: Not supplying enough data to HAL, expected position 3160684 , only wrote 3160080
06-30 20:50:49.791  1394  3176 W audio_hw_generic: Not supplying enough data to HAL, expected position 3161200 , only wrote 3160800
06-30 20:50:49.894  1477  1572 D AudioFlinger: mixer(0xac983140) throttle end: throttle time(6)
06-30 20:50:49.927  1394  3176 W audio_hw_generic: Not supplying enough data to HAL, expected position 3167365 , only wrote 3166560
06-30 20:50:50.012  1394  3176 W audio_hw_generic: Not supplying enough data to HAL, expected position 3170602 , only wrote 3168720
06-30 20:50:50.016  1394  3176 W audio_hw_generic: Not supplying enough data to HAL, expected position 3168915 , only wrote 3168720
06-30 20:50:50.056  1477  1572 D AudioFlinger: mixer(0xac983140) throttle end: throttle time(12)
06-30 20:50:50.056  1394  3176 W audio_hw_generic: Not supplying enough data to HAL, expected position 3170673 , only wrote 3170160
06-30 20:50:50.256  1394  3176 W audio_hw_generic: Not supplying enough data to HAL, expected position 3179741 , only wrote 3173760
06-30 20:50:50.256  1394  3176 W audio_hw_generic: Not supplying enough data to HAL, expected position 3173772 , only wrote 3173760
06-30 20:50:50.275  1394  3176 W audio_hw_generic: Not supplying enough data to HAL, expected position 3174643 , only wrote 3174480
06-30 20:50:50.282  3171  3171 I net.osmand: RoutingHelper Recalculate route, because correlation  : 186070.33175635283
06-30 20:50:50.293  1477  1572 D AudioFlinger: mixer(0xac983140) throttle end: throttle time(12)
06-30 20:50:50.357  3171  3171 I net.osmand: RoutingHelper Recalculate route, because correlation  : 186070.33175635283
06-30 20:50:50.357  3171  3171 I net.osmand: RoutingHelper Recalculate route, because wrong movement direction: 186070.33
06-30 20:50:50.424  1394  3176 W audio_hw_generic: Not supplying enough data to HAL, expected position 3181631 , only wrote 3180960
06-30 20:50:50.424  1394  3176 W audio_hw_generic: Not supplying enough data to HAL, expected position 3180972 , only wrote 3180960
06-30 20:50:50.440  1394  3176 W audio_hw_generic: Not supplying enough data to HAL, expected position 3181722 , only wrote 3181680
06-30 20:50:50.556  1394  3176 W audio_hw_generic: Not supplying enough data to HAL, expected position 3187243 , only wrote 3186000
06-30 20:50:50.560  1394  3176 W audio_hw_generic: Not supplying enough data to HAL, expected position 3186197 , only wrote 3186000
06-30 20:50:50.577  1394  3176 W audio_hw_generic: Not supplying enough data to HAL, expected position 3186824 , only wrote 3186720
06-30 20:50:50.588  1477  1572 D AudioFlinger: mixer(0xac983140) throttle end: throttle time(12)
06-30 20:50:50.751  1394  3176 W audio_hw_generic: Not supplying enough data to HAL, expected position 3195065 , only wrote 3192480
06-30 20:50:50.797  1394  3176 W audio_hw_generic: Not supplying enough data to HAL, expected position 3194706 , only wrote 3192480
06-30 20:50:50.799  1477  1572 D AudioFlinger: mixer(0xac983140) throttle end: throttle time(12)
06-30 20:50:51.113  3171  5257 I net.osmand:native: Routing calculated time distance 10729.443359
06-30 20:50:51.138  4639  4669 D AudioTrack: stop() called with 92730 frames delivered
06-30 20:50:51.143  1604  3139 V MediaRouterService: restoreBluetoothA2dp(false)
06-30 20:50:51.148  3171  3185 D net.osmand: AbstractPrologCommandPlayer abandonAudioFocus
06-30 20:50:51.149  1604  3158 I MediaFocusControl: abandonAudioFocus() from uid/pid 10104/3171 clientId=android.media.AudioManager@6cb55bbnet.osmand.plus.api.AudioFocusHelperImpl@326790c
06-30 20:50:51.149  3171  3185 D net.osmand: TTSCommandPlayerImpl ttsRequests=0
06-30 20:50:51.315  3171  3171 I net.osmand: RoutingHelper Recalculate route, because correlation  : 186070.33175635283
06-30 20:50:51.343  3171  3171 I net.osmand: RoutingHelper Recalculate route, because correlation  : 186070.33175635283
06-30 20:50:51.344  3171  3171 I net.osmand: RoutingHelper Recalculate route, because wrong movement direction: 186070.33
06-30 20:50:51.420  3171  3171 I net.osmand: RoutingHelper Recalculate route, because correlation  : 186070.33175635283
06-30 20:50:51.420  3171  3171 I net.osmand: RoutingHelper Recalculate route, because wrong movement direction: 186070.33
06-30 20:50:51.589  3171  3171 I net.osmand: RoutingHelper Recalculate route, because correlation  : 186070.33175635283
06-30 20:50:51.688  3171  3184 I zygote  : Background concurrent copying GC freed 436976(9MB) AllocSpace objects, 0(0B) LOS objects, 16% free, 29MB/35MB, paused 54.054ms total 1.238s
06-30 20:50:51.700  1604  1617 E memtrack: Couldn't load memtrack module
06-30 20:50:51.703  1604  1617 W android.os.Debug: failed to get memory consumption info: -1
06-30 20:50:51.915  1394  3176 W audio_hw_generic: Not supplying enough data to HAL, expected position 3246130 , only wrote 3245760
06-30 20:50:51.916  1394  3176 W audio_hw_generic: Not supplying enough data to HAL, expected position 3245805 , only wrote 3245760
06-30 20:50:51.931  1394  3176 W audio_hw_generic: Not supplying enough data to HAL, expected position 3246510 , only wrote 3246480
06-30 20:50:52.086  1604  1617 E memtrack: Couldn't load memtrack module
06-30 20:50:52.086  1604  1617 W android.os.Debug: failed to get memory consumption info: -1
06-30 20:50:52.211  3171  3171 I net.osmand: RoutingHelper Recalculate route, because correlation  : 186070.33175635283
06-30 20:50:52.253  1394  3176 W audio_hw_generic: Not supplying enough data to HAL, expected position 3261919 , only wrote 3261600
06-30 20:50:52.254  1394  3176 W audio_hw_generic: Not supplying enough data to HAL, expected position 3261624 , only wrote 3261600
06-30 20:50:52.270  1394  3176 W audio_hw_generic: Not supplying enough data to HAL, expected position 3262406 , only wrote 3262320
06-30 20:50:52.335  3171  3171 I net.osmand: RoutingHelper Recalculate route, because correlation  : 186070.33175635283
06-30 20:50:52.335  3171  3171 I net.osmand: RoutingHelper Recalculate route, because wrong movement direction: 186070.33
06-30 20:50:52.396  1394  3176 W audio_hw_generic: Not supplying enough data to HAL, expected position 3268329 , only wrote 3266640
06-30 20:50:52.501  1394  3176 W audio_hw_generic: Not supplying enough data to HAL, expected position 3271676 , only wrote 3267360
06-30 20:50:53.022  3171  3171 I net.osmand: RoutingHelper Recalculate route, because correlation  : 186070.33175635283
06-30 20:50:53.022  3171  3171 I net.osmand: RoutingHelper Recalculate route, because wrong movement direction: 186070.33
06-30 20:50:53.184  3171  3171 I net.osmand: RoutingHelper Recalculate route, because correlation  : 186070.33175635283
06-30 20:50:53.396  3171  3171 I net.osmand: RoutingHelper Recalculate route, because correlation  : 186070.33175635283
06-30 20:50:53.397  3171  3171 I net.osmand: RoutingHelper Recalculate route, because wrong movement direction: 186070.33
06-30 20:50:53.400  3171  3171 I net.osmand: RoutingHelper Recalculate route, because correlation  : 186070.33175635283
06-30 20:50:53.448  1394  3176 W audio_hw_generic: Not supplying enough data to HAL, expected position 3312823 , only wrote 3312720
06-30 20:50:53.449  1394  3176 W audio_hw_generic: Not supplying enough data to HAL, expected position 3312782 , only wrote 3312720
06-30 20:50:53.464  1394  3176 W audio_hw_generic: Not supplying enough data to HAL, expected position 3313453 , only wrote 3313440
06-30 20:50:53.812  3171  3184 I zygote  : Background concurrent copying GC freed 416304(9MB) AllocSpace objects, 0(0B) LOS objects, 15% free, 32MB/38MB, paused 2.022ms total 1.185s
06-30 20:50:53.997  1394  3176 W audio_hw_generic: Not supplying enough data to HAL, expected position 3339009 , only wrote 3338640
06-30 20:50:54.003  1394  3176 W audio_hw_generic: Not supplying enough data to HAL, expected position 3338951 , only wrote 3338640
06-30 20:50:54.171  1394  1567 W audio_hw_generic: Not supplying enough data to HAL, expected position 3353915 , only wrote 3346560
06-30 20:50:54.219  3171  3171 I net.osmand: RoutingHelper Recalculate route, because correlation  : 186070.33175635283
06-30 20:50:54.219  3171  3171 I net.osmand: RoutingHelper Recalculate route, because wrong movement direction: 186070.33
06-30 20:50:54.316  3171  3171 I net.osmand: RoutingHelper Recalculate route, because correlation  : 186070.33175635283
06-30 20:50:54.316  3171  3171 I net.osmand: RoutingHelper Recalculate route, because wrong movement direction: 186070.33
06-30 20:50:54.326  3171  3171 I net.osmand: RoutingHelper Recalculate route, because correlation  : 186070.33175635283
06-30 20:50:54.341  3171  3171 I net.osmand: RoutingHelper Recalculate route, because correlation  : 186070.33175635283
06-30 20:50:55.064  3171  5257 I net.osmand: RoutePlannerFrontEnd Native routing took 218.177 seconds
06-30 20:50:55.064  3171  5257 I net.osmand: RoutePlannerFrontEnd Native routing use precalculated route
06-30 20:50:55.133  3171  5257 I zygote  : Deoptimizing void net.osmand.router.RouteResultPreparation.attachRoadSegments(net.osmand.router.RoutingContext, java.util.List, int, int, boolean) due to JIT inline cache
06-30 20:50:55.229  3171  3171 I net.osmand: RoutingHelper Recalculate route, because correlation  : 186070.33175635283
06-30 20:50:55.427  3171  3171 I net.osmand: RoutingHelper Recalculate route, because correlation  : 186070.33175635283
06-30 20:50:55.427  3171  3171 I net.osmand: RoutingHelper Recalculate route, because wrong movement direction: 186070.33
06-30 20:50:55.626  3171  3171 I net.osmand: RoutingHelper Recalculate route, because correlation  : 186070.33175635283
06-30 20:50:55.626  3171  3171 I net.osmand: RoutingHelper Recalculate route, because wrong movement direction: 186070.33
06-30 20:50:55.719  3171  3171 I net.osmand: RoutingHelper Recalculate route, because correlation  : 186070.33175635283
06-30 20:50:55.963  1604  1613 I zygote  : Background concurrent copying GC freed 60794(2MB) AllocSpace objects, 0(0B) LOS objects, 31% free, 13MB/19MB, paused 1.175ms total 671.064ms
06-30 20:50:56.259  3171  3171 I net.osmand: RoutingHelper Recalculate route, because correlation  : 186070.33175635283
06-30 20:50:56.262  3171  3171 I net.osmand: RoutingHelper Recalculate route, because correlation  : 186070.33175635283
06-30 20:50:56.262  3171  3171 I net.osmand: RoutingHelper Recalculate route, because wrong movement direction: 186070.33
06-30 20:50:56.398  3171  3184 I zygote  : Background concurrent copying GC freed 595616(13MB) AllocSpace objects, 0(0B) LOS objects, 15% free, 31MB/37MB, paused 7.248ms total 1.187s
06-30 20:50:57.299  3171  3171 I net.osmand: RoutingHelper Recalculate route, because correlation  : 186070.33175635283
06-30 20:50:57.299  3171  3171 I net.osmand: RoutingHelper Recalculate route, because wrong movement direction: 186070.33
06-30 20:50:57.307  3171  3171 I net.osmand: RoutingHelper Recalculate route, because correlation  : 186070.33175635283
06-30 20:50:57.310  3171  3171 I net.osmand: RoutingHelper Recalculate route, because correlation  : 186070.33175635283
06-30 20:50:57.310  3171  3171 I net.osmand: RoutingHelper Recalculate route, because wrong movement direction: 186070.33
06-30 20:50:57.356  3171  3171 I net.osmand: RoutingHelper Recalculate route, because correlation  : 186070.33175635283
06-30 20:50:57.932  3171  3184 I zygote  : Background concurrent copying GC freed 445111(10MB) AllocSpace objects, 0(0B) LOS objects, 16% free, 30MB/36MB, paused 3.280ms total 702.660ms
06-30 20:50:58.419  3171  3171 I net.osmand: RoutingHelper Recalculate route, because correlation  : 186070.33175635283
06-30 20:50:58.420  3171  3171 I net.osmand: RoutingHelper Recalculate route, because wrong movement direction: 186070.33
06-30 20:50:58.434  3171  3171 I net.osmand: RoutingHelper Recalculate route, because correlation  : 186070.33175635283
06-30 20:50:58.712  3171  3171 I chatty  : uid=10104(net.osmand) identical 1 line
06-30 20:50:58.763  3171  3171 I net.osmand: RoutingHelper Recalculate route, because correlation  : 186070.33175635283
06-30 20:50:58.763  3171  3171 I net.osmand: RoutingHelper Recalculate route, because wrong movement direction: 186070.33
