06-28 17:26:09.690  1389  4034 W audio_hw_generic: Not supplying enough data to HAL, expected position 23432072 , only wrote 23431680
06-28 17:26:09.691  1389  4034 W audio_hw_generic: Not supplying enough data to HAL, expected position 23431760 , only wrote 23431680
06-28 17:26:09.710  1389  4034 W audio_hw_generic: Not supplying enough data to HAL, expected position 23432556 , only wrote 23432400
06-28 17:26:09.756  1389  4034 W audio_hw_generic: Not supplying enough data to HAL, expected position 23434506 , only wrote 23433840
06-28 17:26:09.868  1481  7585 I NuPlayerDecoder: [audio] saw output EOS
06-28 17:26:09.870  1481  7584 D AudioTrack: stop() called with 132300 frames delivered
06-28 17:26:09.964  1389  4034 W audio_hw_generic: Not supplying enough data to HAL, expected position 23443948 , only wrote 23443920
06-28 17:26:09.965  1389  4034 W audio_hw_generic: Not supplying enough data to HAL, expected position 23443952 , only wrote 23443920
06-28 17:26:09.983  1389  4034 W audio_hw_generic: Not supplying enough data to HAL, expected position 23444802 , only wrote 23444640
06-28 17:26:10.257  1481  7580 D NuPlayerDriver: notifyListener_l(0xac0944d0), (2, 0, 0, -1), loop setting(1, 0)
06-28 17:26:10.269  1481  7585 I NuPlayerDecoder: [OMX.google.vorbis.decoder] resubmitting CSD
06-28 17:26:10.270  1481  7585 I NuPlayerDecoder: [OMX.google.vorbis.decoder] resubmitting CSD
06-28 17:26:10.298  1481  7580 D NuPlayerDriver: notifyListener_l(0xac0944d0), (6, 0, 0, -1), loop setting(1, 0)
06-28 17:26:10.326  1481  7584 W AudioTrack: getTimestamp() location moved from kernel to server
06-28 17:26:10.383  1481  7584 W AudioTrack: retrograde timestamp position corrected, -660 = 398 - 1058
06-28 17:26:10.471  1481  7584 W AudioTrack: getTimestamp() location moved from kernel to server
06-28 17:26:10.520  1389  4034 W audio_hw_generic: Not supplying enough data to HAL, expected position 23470412 , only wrote 23469840
06-28 17:26:10.521  1389  4034 W audio_hw_generic: Not supplying enough data to HAL, expected position 23469872 , only wrote 23469840
06-28 17:26:10.538  1389  4034 W audio_hw_generic: Not supplying enough data to HAL, expected position 23470624 , only wrote 23470560
06-28 17:26:10.580  1389  4034 W audio_hw_generic: Not supplying enough data to HAL, expected position 23472588 , only wrote 23472000
06-28 17:26:10.732  1389  4034 W audio_hw_generic: Not supplying enough data to HAL, expected position 23479322 , only wrote 23479200
06-28 17:26:10.748  1389  4034 W audio_hw_generic: Not supplying enough data to HAL, expected position 23479960 , only wrote 23479920
06-28 17:26:10.847  1389  4034 W audio_hw_generic: Not supplying enough data to HAL, expected position 23484691 , only wrote 23483520
06-28 17:26:10.929  1389  4034 W audio_hw_generic: Not supplying enough data to HAL, expected position 23487425 , only wrote 23484960
06-28 17:26:10.963  1389  4034 W audio_hw_generic: Not supplying enough data to HAL, expected position 23486601 , only wrote 23485680
06-28 17:26:10.964  1389  4034 W audio_hw_generic: Not supplying enough data to HAL, expected position 23485717 , only wrote 23485680
06-28 17:26:10.971  1473  1580 D AudioFlinger: mixer(0xad583c80) throttle end: throttle time(12)
06-28 17:26:10.996  1481  7584 W AudioTrack: getTimestamp() location moved from kernel to server
06-28 17:26:11.092  1389  4034 W audio_hw_generic: Not supplying enough data to HAL, expected position 23491856 , only wrote 23491440
06-28 17:26:11.126  1473  1580 D AudioFlinger: mixer(0xad583c80) throttle end: throttle time(12)
06-28 17:26:11.164  1389  4034 W audio_hw_generic: Not supplying enough data to HAL, expected position 23494863 , only wrote 23494320
06-28 17:26:11.207  1473  1580 D AudioFlinger: mixer(0xad583c80) throttle end: throttle time(3)
06-28 17:26:11.271  1389  4034 W audio_hw_generic: Not supplying enough data to HAL, expected position 23499447 , only wrote 23499360
06-28 17:26:11.271  1389  4034 W audio_hw_generic: Not supplying enough data to HAL, expected position 23499403 , only wrote 23499360
06-28 17:26:11.290  1389  4034 W audio_hw_generic: Not supplying enough data to HAL, expected position 23500229 , only wrote 23500080
06-28 17:26:11.331  1389  4034 W audio_hw_generic: Not supplying enough data to HAL, expected position 23502065 , only wrote 23501520
06-28 17:26:11.369  1473  1580 D AudioFlinger: mixer(0xad583c80) throttle end: throttle time(1)
06-28 17:26:11.573  1389  4034 W audio_hw_generic: Not supplying enough data to HAL, expected position 23513152 , only wrote 23513040
06-28 17:26:11.574  1389  4034 W audio_hw_generic: Not supplying enough data to HAL, expected position 23513051 , only wrote 23513040
06-28 17:26:11.596  1389  4034 W audio_hw_generic: Not supplying enough data to HAL, expected position 23514103 , only wrote 23513760
06-28 17:26:12.141  1389  4034 W audio_hw_generic: Not supplying enough data to HAL, expected position 23539936 , only wrote 23539680
06-28 17:26:12.221  1389  4034 W audio_hw_generic: Not supplying enough data to HAL, expected position 23543531 , only wrote 23543280
06-28 17:26:12.222  1389  4034 W audio_hw_generic: Not supplying enough data to HAL, expected position 23543315 , only wrote 23543280
06-28 17:26:12.252  1389  4034 W audio_hw_generic: Not supplying enough data to HAL, expected position 23544727 , only wrote 23544000
06-28 17:26:12.283  1389  4034 W audio_hw_generic: Not supplying enough data to HAL, expected position 23545488 , only wrote 23545440
06-28 17:26:12.360  1389  4034 W audio_hw_generic: Not supplying enough data to HAL, expected position 23549133 , only wrote 23546880
06-28 17:26:12.394  1473  1580 D AudioFlinger: mixer(0xad583c80) throttle end: throttle time(10)
06-28 17:26:12.502  1389  4034 W audio_hw_generic: Not supplying enough data to HAL, expected position 23553681 , only wrote 23552640
06-28 17:26:12.502  1389  4034 W audio_hw_generic: Not supplying enough data to HAL, expected position 23552666 , only wrote 23552640
06-28 17:26:12.525  1473  1580 D AudioFlinger: mixer(0xad583c80) throttle end: throttle time(12)
06-28 17:26:12.525  1389  4034 W audio_hw_generic: Not supplying enough data to HAL, expected position 23553743 , only wrote 23553360
06-28 17:26:12.534  1481  7584 W AudioTrack: getTimestamp() location moved from kernel to server
06-28 17:26:12.648  1389  4034 W audio_hw_generic: Not supplying enough data to HAL, expected position 23559232 , only wrote 23558400
06-28 17:26:12.722  1389  4034 W audio_hw_generic: Not supplying enough data to HAL, expected position 23561961 , only wrote 23561280
06-28 17:26:12.790  1389  4034 W audio_hw_generic: Not supplying enough data to HAL, expected position 23564538 , only wrote 23564160
06-28 17:26:12.790  1389  4034 W audio_hw_generic: Not supplying enough data to HAL, expected position 23564190 , only wrote 23564160
06-28 17:26:12.856  1389  4034 W audio_hw_generic: Not supplying enough data to HAL, expected position 23567304 , only wrote 23564880
06-28 17:26:12.914  1389  4034 W audio_hw_generic: Not supplying enough data to HAL, expected position 23567679 , only wrote 23566320
06-28 17:26:12.918  1473  1580 D AudioFlinger: mixer(0xad583c80) throttle end: throttle time(11)
06-28 17:26:12.926  1481  7584 W AudioTrack: getTimestamp() location moved from kernel to server
06-28 17:26:12.948  1389  4034 W audio_hw_generic: Not supplying enough data to HAL, expected position 23567935 , only wrote 23567760
06-28 17:26:13.023  1389  4034 W audio_hw_generic: Not supplying enough data to HAL, expected position 23571353 , only wrote 23569200
06-28 17:26:13.091  1389  4034 W audio_hw_generic: Not supplying enough data to HAL, expected position 23572501 , only wrote 23572080
06-28 17:26:13.092  1389  4034 W audio_hw_generic: Not supplying enough data to HAL, expected position 23572089 , only wrote 23572080
06-28 17:26:13.107  1389  4034 W audio_hw_generic: Not supplying enough data to HAL, expected position 23572820 , only wrote 23572800
06-28 17:26:13.139  1389  4034 W audio_hw_generic: Not supplying enough data to HAL, expected position 23574324 , only wrote 23574240
06-28 17:26:13.177  1389  4034 W audio_hw_generic: Not supplying enough data to HAL, expected position 23576076 , only wrote 23575680
06-28 17:26:13.206  1481  7585 I NuPlayerDecoder: [audio] saw output EOS
06-28 17:26:13.347  1389  4034 W audio_hw_generic: Not supplying enough data to HAL, expected position 23583818 , only wrote 23579280
06-28 17:26:13.347  1389  4034 W audio_hw_generic: Not supplying enough data to HAL, expected position 23579292 , only wrote 23579280
06-28 17:26:13.374  1389  4034 W audio_hw_generic: Not supplying enough data to HAL, expected position 23580577 , only wrote 23580000
06-28 17:26:13.427  1389  4034 W audio_hw_generic: Not supplying enough data to HAL, expected position 23582528 , only wrote 23581440
06-28 17:26:13.441  1481  7584 D AudioTrack: stop() called with 132300 frames delivered
06-28 17:26:13.458  1389  4034 W audio_hw_generic: Not supplying enough data to HAL, expected position 23582934 , only wrote 23582880
06-28 17:26:13.555  1389  4034 W audio_hw_generic: Not supplying enough data to HAL, expected position 23587524 , only wrote 23587200
06-28 17:26:13.591  1389  4034 W audio_hw_generic: Not supplying enough data to HAL, expected position 23588921 , only wrote 23588640
06-28 17:26:13.726  1389  4034 W audio_hw_generic: Not supplying enough data to HAL, expected position 23595163 , only wrote 23595120
06-28 17:26:13.728  1389  4034 W audio_hw_generic: Not supplying enough data to HAL, expected position 23595158 , only wrote 23595120
06-28 17:26:13.753  1389  4034 W audio_hw_generic: Not supplying enough data to HAL, expected position 23596383 , only wrote 23595840
06-28 17:26:13.754  1473  1580 D AudioFlinger: mixer(0xad583c80) throttle end: throttle time(12)
06-28 17:26:13.784  1389  4034 W audio_hw_generic: Not supplying enough data to HAL, expected position 23597310 , only wrote 23597280
06-28 17:26:13.931  1481  7580 D NuPlayerDriver: notifyListener_l(0xac0944d0), (2, 0, 0, -1), loop setting(1, 0)
06-28 17:26:13.944  1481  7585 I NuPlayerDecoder: [OMX.google.vorbis.decoder] resubmitting CSD
06-28 17:26:13.945  1481  7585 I NuPlayerDecoder: [OMX.google.vorbis.decoder] resubmitting CSD
06-28 17:26:13.963  1481  7580 D NuPlayerDriver: notifyListener_l(0xac0944d0), (6, 0, 0, -1), loop setting(1, 0)
06-28 17:26:14.021  1481  7584 W AudioTrack: getTimestamp() location moved from kernel to server
06-28 17:26:14.021  1481  7584 W NuPlayerRenderer: getPendingAudioPlayoutDurationUs: pendingUs -18899 < 0, clamping to zero, potential resume after pause writtenAudioDurationUs: 26122, audioSinkPlayedUs: 45021
06-28 17:26:14.045  1481  7584 W AudioTrack: retrograde timestamp position corrected, -1058 = 0 - 1058
06-28 17:26:14.054  1389  4034 W audio_hw_generic: Not supplying enough data to HAL, expected position 23610211 , only wrote 23609520
06-28 17:26:14.162  1389  4034 W audio_hw_generic: Not supplying enough data to HAL, expected position 23614743 , only wrote 23614560
06-28 17:26:14.164  1389  4034 W audio_hw_generic: Not supplying enough data to HAL, expected position 23614630 , only wrote 23614560
06-28 17:26:14.173  1481  7584 W AudioTrack: getTimestamp() location moved from kernel to server
06-28 17:26:14.196  1389  4034 W audio_hw_generic: Not supplying enough data to HAL, expected position 23616088 , only wrote 23615280
06-28 17:26:14.394  1389  4034 W audio_hw_generic: Not supplying enough data to HAL, expected position 23624821 , only wrote 23623920
06-28 17:26:14.425  1389  4034 W audio_hw_generic: Not supplying enough data to HAL, expected position 23625388 , only wrote 23625360
06-28 17:26:14.457  1389  4034 W audio_hw_generic: Not supplying enough data to HAL, expected position 23626893 , only wrote 23626800
06-28 17:26:14.537  1389  4034 W audio_hw_generic: Not supplying enough data to HAL, expected position 23630631 , only wrote 23629680
06-28 17:26:14.562  1389  4034 W audio_hw_generic: Not supplying enough data to HAL, expected position 23630866 , only wrote 23629680
06-28 17:26:14.594  1389  4034 W audio_hw_generic: Not supplying enough data to HAL, expected position 23631229 , only wrote 23631120
06-28 17:26:14.717  1389  4034 W audio_hw_generic: Not supplying enough data to HAL, expected position 23637030 , only wrote 23636880
06-28 17:26:14.718  1389  4034 W audio_hw_generic: Not supplying enough data to HAL, expected position 23636931 , only wrote 23636880
06-28 17:26:14.734  1389  4034 W audio_hw_generic: Not supplying enough data to HAL, expected position 23637626 , only wrote 23637600
06-28 17:26:14.754  1473  1580 D AudioFlinger: mixer(0xad583c80) throttle end: throttle time(3)
06-28 17:26:14.767  1389  4034 W audio_hw_generic: Not supplying enough data to HAL, expected position 23639199 , only wrote 23638320
06-28 17:26:14.834  1389  4034 W audio_hw_generic: Not supplying enough data to HAL, expected position 23641551 , only wrote 23640480
06-28 17:26:14.860  1389  4034 W audio_hw_generic: Not supplying enough data to HAL, expected position 23641735 , only wrote 23641200
06-28 17:26:14.861  1389  4034 W audio_hw_generic: Not supplying enough data to HAL, expected position 23641230 , only wrote 23641200
06-28 17:26:14.880  1389  4034 W audio_hw_generic: Not supplying enough data to HAL, expected position 23642117 , only wrote 23641920
06-28 17:26:14.898  1473  1580 D AudioFlinger: mixer(0xad583c80) throttle end: throttle time(11)
06-28 17:26:14.955  1389  4034 W audio_hw_generic: Not supplying enough data to HAL, expected position 23645499 , only wrote 23644800
06-28 17:26:14.955  1389  4034 W audio_hw_generic: Not supplying enough data to HAL, expected position 23644835 , only wrote 23644800
06-28 17:26:14.982  1389  4034 W audio_hw_generic: Not supplying enough data to HAL, expected position 23646065 , only wrote 23645520
06-28 17:26:14.985  1473  1580 D AudioFlinger: mixer(0xad583c80) throttle end: throttle time(12)
06-28 17:26:14.986  1481  7584 W AudioTrack: getTimestamp() location moved from kernel to server
06-28 17:26:15.103  1389  4034 W audio_hw_generic: Not supplying enough data to HAL, expected position 23651322 , only wrote 23649840
06-28 17:26:15.137  1389  4034 W audio_hw_generic: Not supplying enough data to HAL, expected position 23651466 , only wrote 23651280
06-28 17:26:15.280  1389  4034 W audio_hw_generic: Not supplying enough data to HAL, expected position 23658173 , only wrote 23657760
06-28 17:26:15.308  1389  4034 W audio_hw_generic: Not supplying enough data to HAL, expected position 23659073 , only wrote 23658480
06-28 17:26:15.315  1389  4034 W audio_hw_generic: Not supplying enough data to HAL, expected position 23658844 , only wrote 23658480
06-28 17:26:15.589  1389  4034 W audio_hw_generic: Not supplying enough data to HAL, expected position 23671616 , only wrote 23670720
06-28 17:26:15.621  1473  1580 D AudioFlinger: mixer(0xad583c80) throttle end: throttle time(12)
06-28 17:26:15.741  1389  4034 W audio_hw_generic: Not supplying enough data to HAL, expected position 23678021 , only wrote 23677920
06-28 17:26:15.757  1473  1580 D AudioFlinger: mixer(0xad583c80) throttle end: throttle time(8)
06-28 17:26:15.876  1389  4034 W audio_hw_generic: Not supplying enough data to HAL, expected position 23684404 , only wrote 23684400
06-28 17:26:15.877  1389  4034 W audio_hw_generic: Not supplying enough data to HAL, expected position 23684469 , only wrote 23684400
06-28 17:26:15.916  1389  4034 W audio_hw_generic: Not supplying enough data to HAL, expected position 23686233 , only wrote 23685120
06-28 17:26:15.932  1389  4034 W audio_hw_generic: Not supplying enough data to HAL, expected position 23685904 , only wrote 23685840
06-28 17:26:16.207  1389  4034 W audio_hw_generic: Not supplying enough data to HAL, expected position 23699057 , only wrote 23698800
06-28 17:26:16.208  1389  4034 W audio_hw_generic: Not supplying enough data to HAL, expected position 23698836 , only wrote 23698800
06-28 17:26:16.226  1389  4034 W audio_hw_generic: Not supplying enough data to HAL, expected position 23699667 , only wrote 23699520
06-28 17:26:16.232  1473  1580 D AudioFlinger: mixer(0xad583c80) throttle end: throttle time(12)
06-28 17:26:16.423  1389  4034 W audio_hw_generic: Not supplying enough data to HAL, expected position 23708958 , only wrote 23708880
06-28 17:26:16.427  1389  4034 W audio_hw_generic: Not supplying enough data to HAL, expected position 23709081 , only wrote 23708880
06-28 17:26:16.531  1389  4034 W audio_hw_generic: Not supplying enough data to HAL, expected position 23713864 , only wrote 23712480
06-28 17:26:16.556  1389  4034 W audio_hw_generic: Not supplying enough data to HAL, expected position 23713673 , only wrote 23712480
06-28 17:26:16.587  1473  1580 D AudioFlinger: mixer(0xad583c80) throttle end: throttle time(9)
06-28 17:26:16.774  1389  4034 W audio_hw_generic: Not supplying enough data to HAL, expected position 23722952 , only wrote 23721120
06-28 17:26:16.775  1389  4034 W audio_hw_generic: Not supplying enough data to HAL, expected position 23721188 , only wrote 23721120
06-28 17:26:16.791  1389  4034 W audio_hw_generic: Not supplying enough data to HAL, expected position 23721861 , only wrote 23721840
06-28 17:26:16.796  1473  1580 D AudioFlinger: mixer(0xad583c80) throttle end: throttle time(12)
06-28 17:26:17.005  1481  7585 I NuPlayerDecoder: [audio] saw output EOS
06-28 17:26:17.006  1481  7584 D AudioTrack: stop() called with 132300 frames delivered
06-28 17:26:17.083  1389  4034 W audio_hw_generic: Not supplying enough data to HAL, expected position 23735841 , only wrote 23734800
06-28 17:26:17.142  1389  4034 W audio_hw_generic: Not supplying enough data to HAL, expected position 23737674 , only wrote 23734800
06-28 17:26:17.175  1389  4034 W audio_hw_generic: Not supplying enough data to HAL, expected position 23736376 , only wrote 23736240
06-28 17:26:17.475  1481  7580 D NuPlayerDriver: notifyListener_l(0xac0944d0), (2, 0, 0, -1), loop setting(1, 0)
06-28 17:26:17.513  1481  7585 I NuPlayerDecoder: [OMX.google.vorbis.decoder] resubmitting CSD
06-28 17:26:17.520  1481  7585 I NuPlayerDecoder: [OMX.google.vorbis.decoder] resubmitting CSD
06-28 17:26:17.528  1481  7580 D NuPlayerDriver: notifyListener_l(0xac0944d0), (6, 0, 0, -1), loop setting(1, 0)
06-28 17:26:17.541  1481  7584 W AudioTrack: getTimestamp() location moved from kernel to server
06-28 17:26:17.542  1481  7584 W NuPlayerRenderer: getPendingAudioPlayoutDurationUs: pendingUs -3678 < 0, clamping to zero, potential resume after pause writtenAudioDurationUs: 11609, audioSinkPlayedUs: 15287
06-28 17:26:17.570  1481  7584 W AudioTrack: retrograde timestamp position corrected, -512 = 0 - 512
06-28 17:26:17.812  1389  4034 W audio_hw_generic: Not supplying enough data to HAL, expected position 23766828 , only wrote 23766480
06-28 17:26:17.832  1389  4034 W audio_hw_generic: Not supplying enough data to HAL, expected position 23767395 , only wrote 23767200
06-28 17:26:17.832  1389  4034 W audio_hw_generic: Not supplying enough data to HAL, expected position 23767232 , only wrote 23767200
06-28 17:26:17.836  1481  7584 W AudioTrack: getTimestamp() location moved from kernel to server
06-28 17:26:17.853  1389  4034 W audio_hw_generic: Not supplying enough data to HAL, expected position 23768201 , only wrote 23767920
06-28 17:26:17.988  1389  4034 W audio_hw_generic: Not supplying enough data to HAL, expected position 23774407 , only wrote 23770800
06-28 17:26:17.989  1389  4034 W audio_hw_generic: Not supplying enough data to HAL, expected position 23770832 , only wrote 23770800
06-28 17:26:18.005  1389  4034 W audio_hw_generic: Not supplying enough data to HAL, expected position 23771565 , only wrote 23771520
06-28 17:26:18.036  1473  1580 D AudioFlinger: mixer(0xad583c80) throttle end: throttle time(7)
06-28 17:26:18.143  1389  4034 W audio_hw_generic: Not supplying enough data to HAL, expected position 23778115 , only wrote 23776560
06-28 17:26:18.151  1389  4034 W audio_hw_generic: Not supplying enough data to HAL, expected position 23776966 , only wrote 23776560
06-28 17:26:18.196  1389  4034 W audio_hw_generic: Not supplying enough data to HAL, expected position 23778743 , only wrote 23777280
06-28 17:26:18.198  1473  1580 D AudioFlinger: mixer(0xad583c80) throttle end: throttle time(12)
06-28 17:26:18.258  1389  4034 W audio_hw_generic: Not supplying enough data to HAL, expected position 23780223 , only wrote 23780160
06-28 17:26:18.259  1389  4034 W audio_hw_generic: Not supplying enough data to HAL, expected position 23780214 , only wrote 23780160
06-28 17:26:18.277  1389  4034 W audio_hw_generic: Not supplying enough data to HAL, expected position 23781039 , only wrote 23780880
06-28 17:26:18.338  1389  4034 W audio_hw_generic: Not supplying enough data to HAL, expected position 23783812 , only wrote 23783760
06-28 17:26:18.430  1389  4034 W audio_hw_generic: Not supplying enough data to HAL, expected position 23788174 , only wrote 23788080
06-28 17:26:18.783  1389  4034 W audio_hw_generic: Not supplying enough data to HAL, expected position 23805032 , only wrote 23792400
06-28 17:26:18.820  1389  4034 W audio_hw_generic: Not supplying enough data to HAL, expected position 23794158 , only wrote 23793840
06-28 17:26:18.819  1473  1580 D AudioFlinger: mixer(0xad583c80) throttle end: throttle time(12)
06-28 17:26:18.929  1389  4034 W audio_hw_generic: Not supplying enough data to HAL, expected position 23799091 , only wrote 23798160
06-28 17:26:19.045  1389  4034 W audio_hw_generic: Not supplying enough data to HAL, expected position 23803698 , only wrote 23802480
06-28 17:26:19.046  1389  4034 W audio_hw_generic: Not supplying enough data to HAL, expected position 23802538 , only wrote 23802480
06-28 17:26:19.094  1389  4034 W audio_hw_generic: Not supplying enough data to HAL, expected position 23804773 , only wrote 23803200
06-28 17:26:19.121  1389  4034 W audio_hw_generic: Not supplying enough data to HAL, expected position 23804527 , only wrote 23803920
06-28 17:26:19.121  1389  4034 W audio_hw_generic: Not supplying enough data to HAL, expected position 23803929 , only wrote 23803920
06-28 17:26:19.126  1481  7584 W AudioTrack: getTimestamp() location moved from kernel to server
06-28 17:26:19.138  1389  4034 W audio_hw_generic: Not supplying enough data to HAL, expected position 23804711 , only wrote 23804640
06-28 17:26:19.191  1389  4034 W audio_hw_generic: Not supplying enough data to HAL, expected position 23807175 , only wrote 23806800
06-28 17:26:19.192  1389  4034 W audio_hw_generic: Not supplying enough data to HAL, expected position 23806876 , only wrote 23806800
06-28 17:26:19.230  1389  4034 W audio_hw_generic: Not supplying enough data to HAL, expected position 23808538 , only wrote 23807520
06-28 17:26:19.261  1389  4034 W audio_hw_generic: Not supplying enough data to HAL, expected position 23809031 , only wrote 23808240
06-28 17:26:19.262  1389  4034 W audio_hw_generic: Not supplying enough data to HAL, expected position 23808351 , only wrote 23808240
06-28 17:26:19.281  1389  4034 W audio_hw_generic: Not supplying enough data to HAL, expected position 23809118 , only wrote 23808960
06-28 17:26:19.304  1473  1580 D AudioFlinger: mixer(0xad583c80) throttle end: throttle time(1)
06-28 17:26:19.479  1389  4034 W audio_hw_generic: Not supplying enough data to HAL, expected position 23818461 , only wrote 23818320
06-28 17:26:19.510  1389  4034 W audio_hw_generic: Not supplying enough data to HAL, expected position 23819807 , only wrote 23819760
06-28 17:26:19.589  1389  4034 W audio_hw_generic: Not supplying enough data to HAL, expected position 23823586 , only wrote 23822640
06-28 17:26:19.590  1389  4034 W audio_hw_generic: Not supplying enough data to HAL, expected position 23822660 , only wrote 23822640
06-28 17:26:19.618  1389  4034 W audio_hw_generic: Not supplying enough data to HAL, expected position 23823998 , only wrote 23823360
06-28 17:26:19.651  1389  4034 W audio_hw_generic: Not supplying enough data to HAL, expected position 23824950 , only wrote 23824800
06-28 17:26:19.724  1481  7584 W AudioTrack: getTimestamp() location moved from kernel to server
06-28 17:26:19.743  1389  4034 W audio_hw_generic: Not supplying enough data to HAL, expected position 23829193 , only wrote 23829120
06-28 17:26:19.835  1389  4034 W audio_hw_generic: Not supplying enough data to HAL, expected position 23833520 , only wrote 23832000
06-28 17:26:19.836  1389  4034 W audio_hw_generic: Not supplying enough data to HAL, expected position 23832054 , only wrote 23832000
06-28 17:26:19.838  1481  7584 W AudioTrack: getTimestamp() location moved from kernel to server
06-28 17:26:19.841  1473  1580 D AudioFlinger: mixer(0xad583c80) throttle end: throttle time(12)
06-28 17:26:19.903  1389  4034 W audio_hw_generic: Not supplying enough data to HAL, expected position 23835213 , only wrote 23832720
06-28 17:26:19.950  1389  4034 W audio_hw_generic: Not supplying enough data to HAL, expected position 23834977 , only wrote 23834160
06-28 17:26:19.980  1389  4034 W audio_hw_generic: Not supplying enough data to HAL, expected position 23835612 , only wrote 23835600
06-28 17:26:20.036  1389  4034 W audio_hw_generic: Not supplying enough data to HAL, expected position 23838295 , only wrote 23837760
06-28 17:26:20.053  1389  4034 W audio_hw_generic: Not supplying enough data to HAL, expected position 23838566 , only wrote 23838480
06-28 17:26:20.125  1389  4034 W audio_hw_generic: Not supplying enough data to HAL, expected position 23841940 , only wrote 23839920
06-28 17:26:20.221  1389  4034 W audio_hw_generic: Not supplying enough data to HAL, expected position 23844547 , only wrote 23843520
06-28 17:26:20.222  1389  4034 W audio_hw_generic: Not supplying enough data to HAL, expected position 23843542 , only wrote 23843520
06-28 17:26:20.241  1389  4034 W audio_hw_generic: Not supplying enough data to HAL, expected position 23844437 , only wrote 23844240
06-28 17:26:20.557  1389  4034 W audio_hw_generic: Not supplying enough data to HAL, expected position 23859415 , only wrote 23848560
06-28 17:26:20.600  1389  4034 W audio_hw_generic: Not supplying enough data to HAL, expected position 23850600 , only wrote 23849280
06-28 17:26:20.603  1473  1580 D AudioFlinger: mixer(0xad583c80) throttle end: throttle time(12)
06-28 17:26:20.612  1481  7584 W AudioTrack: getTimestamp() location moved from kernel to server
06-28 17:26:20.705  1389  4034 W audio_hw_generic: Not supplying enough data to HAL, expected position 23854348 , only wrote 23852880
06-28 17:26:20.736  1389  4034 W audio_hw_generic: Not supplying enough data to HAL, expected position 23854383 , only wrote 23854320
06-28 17:26:20.776  1389  4034 W audio_hw_generic: Not supplying enough data to HAL, expected position 23856194 , only wrote 23855760
06-28 17:26:20.816  1473  1580 D AudioFlinger: mixer(0xad583c80) throttle end: throttle time(11)
06-28 17:26:20.861  1389  4034 W audio_hw_generic: Not supplying enough data to HAL, expected position 23859838 , only wrote 23859360
06-28 17:26:20.884  1389  4034 W audio_hw_generic: Not supplying enough data to HAL, expected position 23860477 , only wrote 23860080
06-28 17:26:21.051  1389  4034 W audio_hw_generic: Not supplying enough data to HAL, expected position 23868129 , only wrote 23868000
06-28 17:26:21.069  1389  4034 W audio_hw_generic: Not supplying enough data to HAL, expected position 23868847 , only wrote 23868720
06-28 17:26:21.198  1389  4034 W audio_hw_generic: Not supplying enough data to HAL, expected position 23874906 , only wrote 23870160
06-28 17:26:21.212  1481  7584 W AudioTrack: getTimestamp() location moved from kernel to server
06-28 17:26:21.245  1481  7584 W AudioTrack: retrograde timestamp position corrected, -858 = 104522 - 105380
06-28 17:26:21.301  1481  7585 I NuPlayerDecoder: [audio] saw output EOS
06-28 17:26:21.303  1481  7584 D AudioTrack: stop() called with 132300 frames delivered
06-28 17:26:21.366  1389  4034 W audio_hw_generic: Not supplying enough data to HAL, expected position 23878220 , only wrote 23878080
06-28 17:26:21.398  1389  4034 W audio_hw_generic: Not supplying enough data to HAL, expected position 23879627 , only wrote 23878800
06-28 17:26:21.489  1389  4034 W audio_hw_generic: Not supplying enough data to HAL, expected position 23883141 , only wrote 23883120
06-28 17:26:21.819  1389  4034 W audio_hw_generic: Not supplying enough data to HAL, expected position 23898968 , only wrote 23898960
06-28 17:26:21.840  1389  4034 W audio_hw_generic: Not supplying enough data to HAL, expected position 23899975 , only wrote 23899680
06-28 17:26:21.840  1481  7580 D NuPlayerDriver: notifyListener_l(0xac0944d0), (2, 0, 0, -1), loop setting(1, 0)
06-28 17:26:21.915  1481  7585 I NuPlayerDecoder: [OMX.google.vorbis.decoder] resubmitting CSD
06-28 17:26:21.921  1481  7585 I NuPlayerDecoder: [OMX.google.vorbis.decoder] resubmitting CSD
06-28 17:26:21.986  1389  4034 W audio_hw_generic: Not supplying enough data to HAL, expected position 23906703 , only wrote 23905440
06-28 17:26:21.987  1389  4034 W audio_hw_generic: Not supplying enough data to HAL, expected position 23905459 , only wrote 23905440
06-28 17:26:22.040  1389  4034 W audio_hw_generic: Not supplying enough data to HAL, expected position 23907987 , only wrote 23906160
06-28 17:26:22.075  1389  4034 W audio_hw_generic: Not supplying enough data to HAL, expected position 23907852 , only wrote 23907600
06-28 17:26:22.128  1481  7580 D NuPlayerDriver: notifyListener_l(0xac0944d0), (6, 0, 0, -1), loop setting(1, 0)
06-28 17:26:22.178  1481  7584 W AudioTrack: getTimestamp() location moved from kernel to server
06-28 17:26:22.201  1481  7584 W AudioTrack: retrograde timestamp position corrected, -896 = 0 - 896
06-28 17:26:22.351  1389  4034 W audio_hw_generic: Not supplying enough data to HAL, expected position 23920831 , only wrote 23919840
06-28 17:26:22.352  1389  4034 W audio_hw_generic: Not supplying enough data to HAL, expected position 23919891 , only wrote 23919840
06-28 17:26:22.367  1389  4034 W audio_hw_generic: Not supplying enough data to HAL, expected position 23920562 , only wrote 23920560
06-28 17:26:22.387  1473  1580 D AudioFlinger: mixer(0xad583c80) throttle end: throttle time(8)
06-28 17:26:22.480  1389  4034 W audio_hw_generic: Not supplying enough data to HAL, expected position 23925966 , only wrote 23925600
06-28 17:26:22.480  1389  4034 W audio_hw_generic: Not supplying enough data to HAL, expected position 23925638 , only wrote 23925600
06-28 17:26:22.489  1481  7584 W AudioTrack: getTimestamp() location moved from kernel to server
06-28 17:26:22.497  1389  4034 W audio_hw_generic: Not supplying enough data to HAL, expected position 23926392 , only wrote 23926320
06-28 17:26:22.607  1481  7584 W AudioTrack: getTimestamp() location moved from kernel to server
06-28 17:26:22.616  1473  1580 D AudioFlinger: mixer(0xad583c80) throttle end: throttle time(2)
06-28 17:26:22.844  1389  4034 W audio_hw_generic: Not supplying enough data to HAL, expected position 23942995 , only wrote 23941440
06-28 17:26:22.861  1389  4034 W audio_hw_generic: Not supplying enough data to HAL, expected position 23942234 , only wrote 23942160
06-28 17:26:22.886  1473  1580 D AudioFlinger: mixer(0xad583c80) throttle end: throttle time(7)
06-28 17:26:23.136  1389  4034 W audio_hw_generic: Not supplying enough data to HAL, expected position 23955368 , only wrote 23955120
06-28 17:26:23.169  1389  4034 W audio_hw_generic: Not supplying enough data to HAL, expected position 23956691 , only wrote 23956560
06-28 17:26:23.247  1389  4034 W audio_hw_generic: Not supplying enough data to HAL, expected position 23960306 , only wrote 23960160
06-28 17:26:23.264  1389  4034 W audio_hw_generic: Not supplying enough data to HAL, expected position 23960981 , only wrote 23960880
06-28 17:26:23.264  1389  4034 W audio_hw_generic: Not supplying enough data to HAL, expected position 23960911 , only wrote 23960880
06-28 17:26:23.310  1473  1580 D AudioFlinger: mixer(0xad583c80) throttle end: throttle time(2)
06-28 17:26:23.318  1389  4034 W audio_hw_generic: Not supplying enough data to HAL, expected position 23963452 , only wrote 23961600
06-28 17:26:23.331  1481  7584 W AudioTrack: getTimestamp() location moved from kernel to server
06-28 17:26:23.421  1389  4034 W audio_hw_generic: Not supplying enough data to HAL, expected position 23966525 , only wrote 23965920
06-28 17:26:23.473  1389  4034 W audio_hw_generic: Not supplying enough data to HAL, expected position 23968410 , only wrote 23967360
06-28 17:26:23.505  1389  4034 W audio_hw_generic: Not supplying enough data to HAL, expected position 23968923 , only wrote 23968080
06-28 17:26:23.506  1389  4034 W audio_hw_generic: Not supplying enough data to HAL, expected position 23968099 , only wrote 23968080
06-28 17:26:23.522  1389  4034 W audio_hw_generic: Not supplying enough data to HAL, expected position 23968857 , only wrote 23968800
06-28 17:26:23.563  1389  4034 W audio_hw_generic: Not supplying enough data to HAL, expected position 23970796 , only wrote 23970240
06-28 17:26:23.596  1389  4034 W audio_hw_generic: Not supplying enough data to HAL, expected position 23971811 , only wrote 23971680
06-28 17:26:23.600  1473  1580 D AudioFlinger: mixer(0xad583c80) throttle end: throttle time(10)
06-28 17:26:23.712  1389  4034 W audio_hw_generic: Not supplying enough data to HAL, expected position 23977238 , only wrote 23976720
06-28 17:26:23.730  1389  4034 W audio_hw_generic: Not supplying enough data to HAL, expected position 23977579 , only wrote 23977440
06-28 17:26:23.792  1389  4034 W audio_hw_generic: Not supplying enough data to HAL, expected position 23980425 , only wrote 23980320
06-28 17:26:23.794  1389  4034 W audio_hw_generic: Not supplying enough data to HAL, expected position 23980400 , only wrote 23980320
06-28 17:26:23.811  1389  4034 W audio_hw_generic: Not supplying enough data to HAL, expected position 23981144 , only wrote 23981040
06-28 17:26:23.826  1473  1580 D AudioFlinger: mixer(0xad583c80) throttle end: throttle time(8)
06-28 17:26:23.848  1389  4034 W audio_hw_generic: Not supplying enough data to HAL, expected position 23982823 , only wrote 23982480
06-28 17:26:23.886  1389  4034 W audio_hw_generic: Not supplying enough data to HAL, expected position 23984291 , only wrote 23983920
06-28 17:26:23.925  1389  4034 W audio_hw_generic: Not supplying enough data to HAL, expected position 23985793 , only wrote 23985360
06-28 17:26:23.957  1389  4034 W audio_hw_generic: Not supplying enough data to HAL, expected position 23986929 , only wrote 23986800
06-28 17:26:23.995  1389  4034 W audio_hw_generic: Not supplying enough data to HAL, expected position 23988606 , only wrote 23987520
06-28 17:26:23.996  1389  4034 W audio_hw_generic: Not supplying enough data to HAL, expected position 23987558 , only wrote 23987520
06-28 17:26:23.998  1481  7584 W AudioTrack: getTimestamp() location moved from kernel to server
06-28 17:26:24.012  1389  4034 W audio_hw_generic: Not supplying enough data to HAL, expected position 23988276 , only wrote 23988240
06-28 17:26:24.118  1389  4034 W audio_hw_generic: Not supplying enough data to HAL, expected position 23993322 , only wrote 23993280
06-28 17:26:24.119  1389  4034 W audio_hw_generic: Not supplying enough data to HAL, expected position 23993322 , only wrote 23993280
06-28 17:26:24.137  1389  4034 W audio_hw_generic: Not supplying enough data to HAL, expected position 23994156 , only wrote 23994000
06-28 17:26:24.143  1473  1580 D AudioFlinger: mixer(0xad583c80) throttle end: throttle time(1)
06-28 17:26:24.170  1389  4034 W audio_hw_generic: Not supplying enough data to HAL, expected position 23995604 , only wrote 23995440
06-28 17:26:24.252  1389  4034 W audio_hw_generic: Not supplying enough data to HAL, expected position 23999349 , only wrote 23999040
06-28 17:26:24.276  1389  4034 W audio_hw_generic: Not supplying enough data to HAL, expected position 24000231 , only wrote 23999760
06-28 17:26:24.316  1481  7584 W AudioTrack: getTimestamp() location moved from kernel to server
06-28 17:26:24.352  1389  4034 W audio_hw_generic: Not supplying enough data to HAL, expected position 24003395 , only wrote 24003360
06-28 17:26:24.555  1389  4034 W audio_hw_generic: Not supplying enough data to HAL, expected position 24013076 , only wrote 24012720
06-28 17:26:24.562  1389  4034 W audio_hw_generic: Not supplying enough data to HAL, expected position 24013086 , only wrote 24012720
06-28 17:26:24.589  1473  1580 D AudioFlinger: mixer(0xad583c80) throttle end: throttle time(5)
06-28 17:26:24.641  1389  4034 W audio_hw_generic: Not supplying enough data to HAL, expected position 24016502 , only wrote 24015600
06-28 17:26:24.644  1389  4034 W audio_hw_generic: Not supplying enough data to HAL, expected position 24015752 , only wrote 24015600
06-28 17:26:24.645  1481  7584 W AudioTrack: getTimestamp() location moved from kernel to server
06-28 17:26:24.665  1389  4034 W audio_hw_generic: Not supplying enough data to HAL, expected position 24016578 , only wrote 24016320
06-28 17:26:24.670  1473  1580 D AudioFlinger: mixer(0xad583c80) throttle end: throttle time(12)
06-28 17:26:24.746  1389  4034 W audio_hw_generic: Not supplying enough data to HAL, expected position 24020254 , only wrote 24019200
06-28 17:26:24.749  1389  4034 W audio_hw_generic: Not supplying enough data to HAL, expected position 24019299 , only wrote 24019200
06-28 17:26:24.751  1481  7584 W AudioTrack: getTimestamp() location moved from kernel to server
06-28 17:26:24.765  1389  4034 W audio_hw_generic: Not supplying enough data to HAL, expected position 24019998 , only wrote 24019920
06-28 17:26:24.773  1473  1580 D AudioFlinger: mixer(0xad583c80) throttle end: throttle time(12)
06-28 17:26:24.876  1389  4034 W audio_hw_generic: Not supplying enough data to HAL, expected position 24025246 , only wrote 24023520
06-28 17:26:24.926  1389  4034 W audio_hw_generic: Not supplying enough data to HAL, expected position 24025920 , only wrote 24024960
06-28 17:26:24.927  1473  1580 D AudioFlinger: mixer(0xad583c80) throttle end: throttle time(2)
06-28 17:26:24.950  1481  7584 W AudioTrack: getTimestamp() location moved from kernel to server
06-28 17:26:24.981  1481  7585 I NuPlayerDecoder: [audio] saw output EOS
06-28 17:26:25.003  1389  4034 W audio_hw_generic: Not supplying enough data to HAL, expected position 24028630 , only wrote 24028560
06-28 17:26:25.018  1389  4034 W audio_hw_generic: Not supplying enough data to HAL, expected position 24029317 , only wrote 24029280
06-28 17:26:25.053  1389  4034 W audio_hw_generic: Not supplying enough data to HAL, expected position 24030935 , only wrote 24030720
06-28 17:26:25.080  1389  4034 W audio_hw_generic: Not supplying enough data to HAL, expected position 24032018 , only wrote 24031440
06-28 17:26:25.081  1389  4034 W audio_hw_generic: Not supplying enough data to HAL, expected position 24031474 , only wrote 24031440
06-28 17:26:25.180  1389  4034 W audio_hw_generic: Not supplying enough data to HAL, expected position 24036217 , only wrote 24035760
06-28 17:26:25.181  1389  4034 W audio_hw_generic: Not supplying enough data to HAL, expected position 24035804 , only wrote 24035760
06-28 17:26:25.197  1389  4034 W audio_hw_generic: Not supplying enough data to HAL, expected position 24036505 , only wrote 24036480
06-28 17:26:25.212  1473  1580 D AudioFlinger: mixer(0xad583c80) throttle end: throttle time(10)
06-28 17:26:25.230  1389  4034 W audio_hw_generic: Not supplying enough data to HAL, expected position 24038075 , only wrote 24037920
06-28 17:26:25.230  1481  7584 D AudioTrack: stop() called with 132300 frames delivered
06-28 17:26:25.381  1389  4034 W audio_hw_generic: Not supplying enough data to HAL, expected position 24045180 , only wrote 24045120
06-28 17:26:25.382  1473  1580 D AudioFlinger: mixer(0xad583c80) throttle end: throttle time(1)
06-28 17:26:25.417  1389  4034 W audio_hw_generic: Not supplying enough data to HAL, expected position 24046834 , only wrote 24046560
06-28 17:26:25.455  1473  1580 D AudioFlinger: mixer(0xad583c80) throttle end: throttle time(2)
06-28 17:26:25.650  1481  7580 D NuPlayerDriver: notifyListener_l(0xac0944d0), (2, 0, 0, -1), loop setting(1, 0)
06-28 17:26:25.702  1481  7585 I NuPlayerDecoder: [OMX.google.vorbis.decoder] resubmitting CSD
06-28 17:26:25.704  1481  7585 I NuPlayerDecoder: [OMX.google.vorbis.decoder] resubmitting CSD
06-28 17:26:25.732  1481  7584 W AudioTrack: getTimestamp() location moved from kernel to server
06-28 17:26:25.732  1481  7584 W NuPlayerRenderer: getPendingAudioPlayoutDurationUs: pendingUs -4345 < 0, clamping to zero, potential resume after pause writtenAudioDurationUs: 23219, audioSinkPlayedUs: 27564
06-28 17:26:25.766  1389  4034 W audio_hw_generic: Not supplying enough data to HAL, expected position 24063325 , only wrote 24060240
06-28 17:26:25.767  1481  7580 D NuPlayerDriver: notifyListener_l(0xac0944d0), (6, 0, 0, -1), loop setting(1, 0)
06-28 17:26:25.831  1481  7584 W AudioTrack: retrograde timestamp position corrected, -1024 = 0 - 1024
06-28 17:26:25.839  1473  1580 D AudioFlinger: mixer(0xad583c80) throttle end: throttle time(2)
06-28 17:26:25.857  1389  4034 W audio_hw_generic: Not supplying enough data to HAL, expected position 24064577 , only wrote 24064560
06-28 17:26:25.926  1389  4034 W audio_hw_generic: Not supplying enough data to HAL, expected position 24067873 , only wrote 24067440
06-28 17:26:25.928  1389  4034 W audio_hw_generic: Not supplying enough data to HAL, expected position 24067535 , only wrote 24067440
06-28 17:26:25.945  1389  4034 W audio_hw_generic: Not supplying enough data to HAL, expected position 24068280 , only wrote 24068160
06-28 17:26:25.962  1473  1580 D AudioFlinger: mixer(0xad583c80) throttle end: throttle time(1)
06-28 17:26:26.108  1389  4034 W audio_hw_generic: Not supplying enough data to HAL, expected position 24075981 , only wrote 24075360
06-28 17:26:26.116  1389  4034 W audio_hw_generic: Not supplying enough data to HAL, expected position 24075734 , only wrote 24075360
06-28 17:26:26.132  1389  4034 W audio_hw_generic: Not supplying enough data to HAL, expected position 24076130 , only wrote 24076080
06-28 17:26:26.183  1389  4034 W audio_hw_generic: Not supplying enough data to HAL, expected position 24078529 , only wrote 24076800
06-28 17:26:26.183  1389  4034 W audio_hw_generic: Not supplying enough data to HAL, expected position 24076823 , only wrote 24076800
06-28 17:26:26.239  1389  4034 W audio_hw_generic: Not supplying enough data to HAL, expected position 24079485 , only wrote 24077520
06-28 17:26:26.241  1473  1580 D AudioFlinger: mixer(0xad583c80) throttle end: throttle time(12)
06-28 17:26:26.300  1389  4034 W audio_hw_generic: Not supplying enough data to HAL, expected position 24080406 , only wrote 24080400
06-28 17:26:26.308  1389  4034 W audio_hw_generic: Not supplying enough data to HAL, expected position 24080784 , only wrote 24080400
06-28 17:26:26.328  1389  4034 W audio_hw_generic: Not supplying enough data to HAL, expected position 24081390 , only wrote 24081120
06-28 17:26:26.530  1389  4034 W audio_hw_generic: Not supplying enough data to HAL, expected position 24090830 , only wrote 24089760
06-28 17:26:26.531  1389  4034 W audio_hw_generic: Not supplying enough data to HAL, expected position 24089790 , only wrote 24089760
06-28 17:26:26.548  1389  4034 W audio_hw_generic: Not supplying enough data to HAL, expected position 24090570 , only wrote 24090480
06-28 17:26:26.583  1389  4034 W audio_hw_generic: Not supplying enough data to HAL, expected position 24092138 , only wrote 24091920
06-28 17:26:26.657  1389  4034 W audio_hw_generic: Not supplying enough data to HAL, expected position 24095462 , only wrote 24094800
06-28 17:26:26.657  1389  4034 W audio_hw_generic: Not supplying enough data to HAL, expected position 24094855 , only wrote 24094800
06-28 17:26:26.673  1389  4034 W audio_hw_generic: Not supplying enough data to HAL, expected position 24095562 , only wrote 24095520
06-28 17:26:26.709  1473  1580 D AudioFlinger: mixer(0xad583c80) throttle end: throttle time(6)
06-28 17:26:26.813  1389  4034 W audio_hw_generic: Not supplying enough data to HAL, expected position 24102215 , only wrote 24102000
06-28 17:26:26.814  1389  4034 W audio_hw_generic: Not supplying enough data to HAL, expected position 24102033 , only wrote 24102000
06-28 17:26:26.843  1389  4034 W audio_hw_generic: Not supplying enough data to HAL, expected position 24103397 , only wrote 24102720
06-28 17:26:26.854  1389  4034 W audio_hw_generic: Not supplying enough data to HAL, expected position 24103280 , only wrote 24102720
06-28 17:26:26.871  1389  4034 W audio_hw_generic: Not supplying enough data to HAL, expected position 24103521 , only wrote 24103440
06-28 17:26:26.911  1389  4034 W audio_hw_generic: Not supplying enough data to HAL, expected position 24105343 , only wrote 24104880
06-28 17:26:26.940  1389  4034 W audio_hw_generic: Not supplying enough data to HAL, expected position 24106290 , only wrote 24105600
06-28 17:26:26.946  1389  4034 W audio_hw_generic: Not supplying enough data to HAL, expected position 24105879 , only wrote 24105600
06-28 17:26:26.954  1481  7584 W AudioTrack: getTimestamp() location moved from kernel to server
06-28 17:26:26.962  1389  4034 W audio_hw_generic: Not supplying enough data to HAL, expected position 24106388 , only wrote 24106320
06-28 17:26:27.017  1389  4034 W audio_hw_generic: Hardware backing HAL too slow, could only write 0 of 720 frames
06-28 17:26:27.047  1389  4034 I chatty  : uid=1041(audioserver) writer identical 2 lines
06-28 17:26:27.068  1389  4034 W audio_hw_generic: Hardware backing HAL too slow, could only write 0 of 720 frames
06-28 17:26:27.184  1389  4034 W audio_hw_generic: Not supplying enough data to HAL, expected position 24116961 , only wrote 24115680
06-28 17:26:27.185  1389  4034 W audio_hw_generic: Not supplying enough data to HAL, expected position 24115738 , only wrote 24115680
06-28 17:26:27.202  1389  4034 W audio_hw_generic: Not supplying enough data to HAL, expected position 24116466 , only wrote 24116400
06-28 17:26:27.295  1473  1580 D AudioFlinger: mixer(0xad583c80) throttle end: throttle time(9)
06-28 17:26:27.325  1389  4034 W audio_hw_generic: Not supplying enough data to HAL, expected position 24122316 , only wrote 24122160
06-28 17:26:27.357  1389  4034 W audio_hw_generic: Not supplying enough data to HAL, expected position 24123674 , only wrote 24123600
06-28 17:26:27.360  1481  7584 W AudioTrack: getTimestamp() location moved from kernel to server
06-28 17:26:27.637  1389  4034 W audio_hw_generic: Not supplying enough data to HAL, expected position 24137076 , only wrote 24135840
06-28 17:26:27.670  1389  4034 W audio_hw_generic: Not supplying enough data to HAL, expected position 24137394 , only wrote 24137280
06-28 17:26:27.690  1389  4034 W audio_hw_generic: Not supplying enough data to HAL, expected position 24138246 , only wrote 24138000
06-28 17:26:27.710  1389  4034 W audio_hw_generic: Not supplying enough data to HAL, expected position 24138949 , only wrote 24138720
06-28 17:26:27.795  1389  4034 W audio_hw_generic: Not supplying enough data to HAL, expected position 24142840 , only wrote 24142320
06-28 17:26:27.811  1389  4034 W audio_hw_generic: Not supplying enough data to HAL, expected position 24143065 , only wrote 24142320
06-28 17:26:27.832  1389  4034 W audio_hw_generic: Not supplying enough data to HAL, expected position 24143351 , only wrote 24143040
06-28 17:26:27.848  1389  4034 W audio_hw_generic: Not supplying enough data to HAL, expected position 24143764 , only wrote 24143760
06-28 17:26:27.867  1389  4034 W audio_hw_generic: Not supplying enough data to HAL, expected position 24144693 , only wrote 24144480
06-28 17:26:27.915  1389  4034 W audio_hw_generic: Not supplying enough data to HAL, expected position 24146788 , only wrote 24146640
06-28 17:26:27.932  1389  4034 W audio_hw_generic: Not supplying enough data to HAL, expected position 24147474 , only wrote 24147360
06-28 17:26:27.971  1389  4034 W audio_hw_generic: Not supplying enough data to HAL, expected position 24149201 , only wrote 24148800
06-28 17:26:28.004  1389  4034 W audio_hw_generic: Not supplying enough data to HAL, expected position 24150381 , only wrote 24150240
06-28 17:26:28.020  1596  2227 I WifiService: acquireWifiLock uid=10014 lockMode=2
06-28 17:26:28.065  1389  4034 W audio_hw_generic: Not supplying enough data to HAL, expected position 24153161 , only wrote 24153120
06-28 17:26:28.080  1473  1580 D AudioFlinger: mixer(0xad583c80) throttle end: throttle time(12)
06-28 17:26:28.081  1389  4034 W audio_hw_generic: Not supplying enough data to HAL, expected position 24153912 , only wrote 24153840
06-28 17:26:28.082  1389  4034 W audio_hw_generic: Hardware backing HAL too slow, could only write 0 of 720 frames
06-28 17:26:28.101  1481  7584 W AudioTrack: getTimestamp() location moved from kernel to server
06-28 17:26:28.165  1473  1580 D AudioFlinger: mixer(0xad583c80) throttle end: throttle time(11)
06-28 17:26:28.171  1481  7584 W AudioTrack: retrograde timestamp position corrected, -720 = 85273 - 85993
06-28 17:26:28.237  1389  4034 W audio_hw_generic: Not supplying enough data to HAL, expected position 24161298 , only wrote 24160320
06-28 17:26:28.238  1473  1580 D AudioFlinger: mixer(0xad583c80) throttle end: throttle time(12)
06-28 17:26:28.270  1826  1836 I zygote  : Background concurrent copying GC freed 45308(2MB) AllocSpace objects, 0(0B) LOS objects, 49% free, 2MB/4MB, paused 2.188ms total 107.637ms
