07-17 18:49:42.149 21823 21823 I net.osmand: RoutingHelper Recalculate route, because correlation  : 163546.15098834265
07-17 18:49:42.149 21823 21823 I net.osmand: RoutingHelper Recalculate route, because wrong movement direction: 163546.16
07-17 18:49:42.165 21823 21823 I net.osmand: RoutingHelper Recalculate route, because correlation  : 163546.15098834265
07-17 18:49:42.258 21823 21849 I net.osmand:native: Route objects 14
07-17 18:49:42.258 21823 21849 I net.osmand:native: Ocean: no completed & incompleted coastlines 0
07-17 18:49:42.258 21823 21849 I net.osmand:native: Detailed coastlines = 0, basemap coastlines 0, ocean tile 0.000000. Detailed added 0, basemap processed 1, basemap added 0.
07-17 18:49:42.258 21823 21849 I net.osmand:native: Search : tree - read( 490), accept( 38), objs - visit( 2549), accept(21), in result(10) 
07-17 18:49:42.258 21823 21849 I net.osmand: MapRenderRepositories BLat=-7.275335812568665, TLat=-7.2673520803451535, LLong=-36.09366989135742, RLong=-36.0887565612793, zoom=17
07-17 18:49:42.258 21823 21849 I net.osmand: MapRenderRepositories Native search: 110 ms 
07-17 18:49:42.268 21823 21849 I net.osmand:native: Creating SkBitmap in native w:1800 h:2690 s:7200 f:1!
07-17 18:49:42.269 21823 21849 I net.osmand:native: Row bytes for RGBA_8888 is 7200
07-17 18:49:42.269 21823 21849 I net.osmand:native: Locked 19368000 bytes at 0x84900000
07-17 18:49:42.269 21823 21849 I net.osmand:native: Initializing rendering
07-17 18:49:42.270 21823 21849 I net.osmand:native: Rendering image
07-17 18:49:42.316 21823 21849 I net.osmand:native: Native ok (rendering 46, text 0 ms) 
07-17 18:49:42.316 21823 21849 I net.osmand:native:  (1604 points, 22 points inside, 14 of 23 objects visible)
07-17 18:49:42.316 21823 21849 I net.osmand:native: End Rendering image
07-17 18:49:42.316 21823 21849 I net.osmand:native: Native ok (init 1, rendering 46) 
07-17 18:49:42.317 21823 21849 I net.osmand: MapRenderRepositories true
07-17 18:49:42.538 10586 11509 I WifiService: acquireWifiLock uid=10014 lockMode=2
07-17 18:49:42.598 10586 11509 I WifiService: releaseWifiLock uid=10014
07-17 18:49:43.253 21823 21823 I net.osmand: RoutingHelper Recalculate route, because correlation  : 163258.774739018
07-17 18:49:43.254 21823 21823 I net.osmand: RoutingHelper Recalculate route, because wrong movement direction: 163258.78
07-17 18:49:43.266 21823 21850 I net.osmand: MapRenderRepositories RENDER MAP: update due to tile box
07-17 18:49:43.266 21823 21850 I net.osmand: MapRenderRepositories RENDER MAP: Interrupt rendering map
07-17 18:49:43.412 21823 21850 I net.osmand: MapRenderRepositories RENDER MAP: update due to tile box
07-17 18:49:43.412 21823 21850 I net.osmand: MapRenderRepositories RENDER MAP: Interrupt rendering map
07-17 18:49:43.460 21823 21823 I net.osmand: RoutingHelper Recalculate route, because correlation  : 163258.774739018
07-17 18:49:43.461 21823 21823 I net.osmand: RoutingHelper Recalculate route, because correlation  : 163258.774739018
07-17 18:49:43.462 21823 21823 I net.osmand: RoutingHelper Recalculate route, because wrong movement direction: 163258.78
07-17 18:49:43.512 21823 21823 I net.osmand: RoutingHelper Recalculate route, because correlation  : 163258.774739018
07-17 18:49:43.629 21823 21850 I net.osmand: MapRenderRepositories RENDER MAP: update due to tile box
07-17 18:49:43.629 21823 21850 I net.osmand: MapRenderRepositories RENDER MAP: Interrupt rendering map
07-17 18:49:43.821 21823 21849 I net.osmand: MapRenderRepositories RENDER MAP: new request RotatedTileBox [lat=-7.272663333333332, lon=-36.093968333333336, rotate=0.0, density=2.625, zoom=17, mapDensity=3.9375, zoomAnimation=0.0, zoomFloatPart=0.0, cx=900, cy=1972, pixWidth=1800, pixHeight=2690]
07-17 18:49:43.869 11993 11993 V mireo   : j: GPS.setNative: 1563403784000 | Location[gps -7.272663,-36.093968 hAcc=20 et=+1d13h44m29s198ms vel=0.0 bear=0.0 vAcc=??? sAcc=??? bAcc=??? {Bundle[mParcelledData.dataSize=96]}]
07-17 18:49:43.912 21823 21849 I net.osmand:native: Route objects 16
07-17 18:49:43.912 21823 21849 I net.osmand:native: Ocean: no completed & incompleted coastlines 0
07-17 18:49:43.912 21823 21849 I net.osmand:native: Detailed coastlines = 0, basemap coastlines 0, ocean tile 0.000000. Detailed added 0, basemap processed 1, basemap added 0.
07-17 18:49:43.915 21823 21849 I net.osmand:native: Search : tree - read( 490), accept( 39), objs - visit( 2589), accept(23), in result(12) 
07-17 18:49:43.915 21823 21849 I net.osmand: MapRenderRepositories BLat=-7.274974966049195, TLat=-7.266967630386352, LLong=-36.09641647338867, RLong=-36.091514587402344, zoom=17
07-17 18:49:43.921 21823 21849 I net.osmand: MapRenderRepositories Native search: 93 ms 
07-17 18:49:43.926 21823 21849 I net.osmand:native: Creating SkBitmap in native w:1800 h:2690 s:7200 f:1!
07-17 18:49:43.926 21823 21849 I net.osmand:native: Row bytes for RGBA_8888 is 7200
07-17 18:49:43.926 21823 21849 I net.osmand:native: Locked 19368000 bytes at 0x6e800000
07-17 18:49:43.926 21823 21849 I net.osmand:native: Initializing rendering
07-17 18:49:43.933 21823 21849 I net.osmand:native: Rendering image
07-17 18:49:43.953 21823 21849 I net.osmand:native: Native ok (rendering 19, text 0 ms) 
07-17 18:49:43.953 21823 21849 I net.osmand:native:  (1618 points, 26 points inside, 18 of 29 objects visible)
07-17 18:49:43.954 21823 21849 I net.osmand:native: End Rendering image
07-17 18:49:43.954 21823 21849 I net.osmand:native: Native ok (init 7, rendering 19) 
07-17 18:49:43.957 21823 21849 I net.osmand: MapRenderRepositories true
07-17 18:49:44.253 21823 21823 I net.osmand: RoutingHelper Recalculate route, because correlation  : 163258.774739018
07-17 18:49:44.362 21823 21823 I net.osmand: RoutingHelper Recalculate route, because correlation  : 163258.774739018
07-17 18:49:44.362 21823 21823 I net.osmand: RoutingHelper Recalculate route, because wrong movement direction: 163258.78
07-17 18:49:44.366 11993 11993 V mireo   : j: GPS.setNative: 1563403785000 | Location[gps -7.272663,-36.093968 hAcc=20 et=+1d13h44m30s160ms alt=0.0 vAcc=??? sAcc=??? bAcc=??? {Bundle[mParcelledData.dataSize=96]}]
07-17 18:49:44.467 21823 21823 I net.osmand: RoutingHelper Recalculate route, because correlation  : 162971.60675344907
07-17 18:49:44.467 21823 21823 I net.osmand: RoutingHelper Recalculate route, because wrong movement direction: 162971.61
07-17 18:49:44.557 21823 21850 I net.osmand: MapRenderRepositories RENDER MAP: update due to tile box
07-17 18:49:44.558 21823 21850 I net.osmand: MapRenderRepositories RENDER MAP: Interrupt rendering map
07-17 18:49:44.606 21823 21823 I net.osmand: RoutingHelper Recalculate route, because correlation  : 162971.60675344907
07-17 18:49:44.715 21823 21849 I net.osmand: MapRenderRepositories RENDER MAP: new request RotatedTileBox [lat=-7.272288333333334, lon=-36.09672, rotate=0.0, density=2.625, zoom=17, mapDensity=3.9375, zoomAnimation=0.0, zoomFloatPart=0.0, cx=900, cy=1972, pixWidth=1800, pixHeight=2690]
07-17 18:49:44.954 21823 21849 I net.osmand:native: Route objects 28
07-17 18:49:44.955 21823 21849 I net.osmand:native: Ocean: no completed & incompleted coastlines 0
07-17 18:49:44.960 21823 21849 I net.osmand:native: Detailed coastlines = 0, basemap coastlines 0, ocean tile 0.000000. Detailed added 0, basemap processed 1, basemap added 0.
07-17 18:49:44.964 21823 21849 I net.osmand:native: Search : tree - read( 490), accept( 38), objs - visit( 2549), accept(35), in result(24) 
07-17 18:49:44.964 21823 21849 I net.osmand: MapRenderRepositories BLat=-7.274592065811158, TLat=-7.266584730148315, LLong=-36.09917449951172, RLong=-36.09427261352539, zoom=17
07-17 18:49:44.965 21823 21849 I net.osmand: MapRenderRepositories Native search: 250 ms 
07-17 18:49:44.983 10586 10595 I zygote  : Background concurrent copying GC freed 55036(2MB) AllocSpace objects, 0(0B) LOS objects, 12% free, 41MB/47MB, paused 1.270ms total 1.863s
07-17 18:49:44.986 21823 21849 I net.osmand:native: Creating SkBitmap in native w:1800 h:2690 s:7200 f:1!
07-17 18:49:44.986 21823 21849 I net.osmand:native: Row bytes for RGBA_8888 is 7200
07-17 18:49:44.986 21823 21849 I net.osmand:native: Locked 19368000 bytes at 0x84900000
07-17 18:49:44.986 21823 21849 I net.osmand:native: Initializing rendering
07-17 18:49:44.988 21823 21849 I net.osmand:native: Rendering image
07-17 18:49:45.087 21823 21849 I net.osmand:native: Native ok (rendering 0, text 16 ms) 
07-17 18:49:45.087 21823 21849 I net.osmand:native:  (1942 points, 71 points inside, 40 of 63 objects visible)
07-17 18:49:45.087 21823 21849 I net.osmand:native: End Rendering image
07-17 18:49:45.087 21823 21849 I net.osmand:native: Native ok (init 1, rendering 0) 
07-17 18:49:45.091 21823 21849 I net.osmand: MapRenderRepositories true
07-17 18:49:45.175 11993 12003 I zygote  : Background concurrent copying GC freed 57255(2MB) AllocSpace objects, 3(60KB) LOS objects, 49% free, 2MB/5MB, paused 963us total 292.435ms
07-17 18:49:45.295 21823 21823 I net.osmand: RoutingHelper Recalculate route, because correlation  : 162971.60675344907
07-17 18:49:45.295 21823 21823 I net.osmand: RoutingHelper Recalculate route, because wrong movement direction: 162971.61
07-17 18:49:45.377 11993 11993 V mireo   : j: GPS.setNative: 1563403786000 | Location[gps -7.272288,-36.096720 hAcc=20 et=+1d13h44m31s218ms vel=0.0 bear=0.0 vAcc=??? sAcc=??? bAcc=??? {Bundle[mParcelledData.dataSize=96]}]
07-17 18:49:45.430 21823 21823 I net.osmand: RoutingHelper Recalculate route, because correlation  : 162971.60675344907
07-17 18:49:45.589 21823 21823 I net.osmand: RoutingHelper Recalculate route, because correlation  : 162684.54884660008
07-17 18:49:45.589 21823 21823 I net.osmand: RoutingHelper Recalculate route, because wrong movement direction: 162684.55
07-17 18:49:45.594 21823 21833 I zygote  : Background concurrent copying GC freed 466948(10MB) AllocSpace objects, 0(0B) LOS objects, 10% free, 51MB/57MB, paused 10.832ms total 2.274s
07-17 18:49:45.637 21823 21850 I net.osmand: MapRenderRepositories RENDER MAP: update due to tile box
07-17 18:49:45.637 21823 21850 I net.osmand: MapRenderRepositories RENDER MAP: Interrupt rendering map
07-17 18:49:45.714 21823 21823 I net.osmand: RoutingHelper Recalculate route, because correlation  : 162684.54884660008
07-17 18:49:45.728 21823 21850 I net.osmand: MapRenderRepositories RENDER MAP: update due to tile box
07-17 18:49:45.728 21823 21850 I net.osmand: MapRenderRepositories RENDER MAP: Interrupt rendering map
07-17 18:49:45.843 21823 21849 I net.osmand: MapRenderRepositories RENDER MAP: new request RotatedTileBox [lat=-7.271911666666667, lon=-36.099471666666666, rotate=0.0, density=2.625, zoom=17, mapDensity=3.9375, zoomAnimation=0.0, zoomFloatPart=0.0, cx=900, cy=1972, pixWidth=1800, pixHeight=2690]
07-17 18:49:45.937 21823 21823 I net.osmand: TTSCommandPlayerImpl Send message to pebble atenÃ§Ã£o!  obstÃ¡culo 
07-17 18:49:45.938 21823 21823 D net.osmand: AbstractPrologCommandPlayer requestAudioFocus
07-17 18:49:45.939 21823 21823 W AudioManager: Use of stream types is deprecated for operations other than volume control
07-17 18:49:45.940 21823 21823 W AudioManager: See the documentation of requestAudioFocus() for what to use instead with android.media.AudioAttributes to qualify your playback use case
07-17 18:49:45.942 10586 10596 I MediaFocusControl: requestAudioFocus() from uid/pid 10104/21823 clientId=android.media.AudioManager@430dcd0net.osmand.plus.api.AudioFocusHelperImpl@2daaa7e callingPack=net.osmand req=3 flags=0x0 sdk=26
07-17 18:49:45.944 21823 21823 D net.osmand: TTSCommandPlayerImpl ttsRequests=1
07-17 18:49:45.961 12314 12410 I TTS.GoogleTTSServiceImp: Synthesis request for locale por-BRA and name pt-BR-language
07-17 18:49:45.966 12314 12410 I TTS.GoogleTTSServiceImp: TTS dispatch: pt-br-x-afs-lstm-embedded
07-17 18:49:45.994 12314 12411 D AudioTrack: Client defaulted notificationFrames to 1365 for frameCount 4096
07-17 18:49:46.012 10586 13470 V MediaRouterService: restoreBluetoothA2dp(false)
07-17 18:49:46.017 10541 11931 W audio_hw_generic: Not supplying enough data to HAL, expected position 670308582 , only wrote 670308480
07-17 18:49:46.086 21823 21849 I net.osmand:native: Route objects 32
07-17 18:49:46.086 21823 21849 I net.osmand:native: Ocean: no completed & incompleted coastlines 0
07-17 18:49:46.086 21823 21849 I net.osmand:native: Detailed coastlines = 0, basemap coastlines 0, ocean tile 0.000000. Detailed added 0, basemap processed 1, basemap added 0.
07-17 18:49:46.086 21823 21849 I net.osmand:native: Search : tree - read( 490), accept( 37), objs - visit( 2509), accept(39), in result(28) 
07-17 18:49:46.086 21823 21849 I net.osmand: MapRenderRepositories BLat=-7.274208116531372, TLat=-7.2662238597869875, LLong=-36.10192108154297, RLong=-36.09701919555664, zoom=17
07-17 18:49:46.087 21823 21849 I net.osmand: MapRenderRepositories Native search: 243 ms 
07-17 18:49:46.128 21823 21849 I net.osmand:native: Creating SkBitmap in native w:1800 h:2690 s:7200 f:1!
07-17 18:49:46.129 21823 21849 I net.osmand:native: Row bytes for RGBA_8888 is 7200
07-17 18:49:46.129 21823 21849 I net.osmand:native: Locked 19368000 bytes at 0x6e800000
07-17 18:49:46.129 21823 21849 I net.osmand:native: Initializing rendering
07-17 18:49:46.134 21823 21849 I net.osmand:native: Rendering image
07-17 18:49:46.172 10923 10923 I GeofencerStateMachine: sendNewTransitions called.
07-17 18:49:46.205 21823 21823 I net.osmand: RoutingHelper Recalculate route, because correlation  : 162684.54884660008
07-17 18:49:46.272 21823 21849 I net.osmand:native: Native ok (rendering 0, text 13 ms) 
07-17 18:49:46.272 21823 21849 I net.osmand:native:  (1980 points, 77 points inside, 48 of 69 objects visible)
07-17 18:49:46.272 21823 21849 I net.osmand:native: End Rendering image
07-17 18:49:46.278 21823 21849 I net.osmand:native: Native ok (init 1, rendering 0) 
07-17 18:49:46.278 21823 21849 I net.osmand: MapRenderRepositories true
07-17 18:49:46.299 21823 21823 I net.osmand: RoutingHelper Recalculate route, because correlation  : 162684.54884660008
07-17 18:49:46.299 21823 21823 I net.osmand: RoutingHelper Recalculate route, because wrong movement direction: 162684.55
07-17 18:49:46.381 11993 11993 V mireo   : j: GPS.setNative: 1563403787000 | Location[gps -7.271912,-36.099472 hAcc=20 et=+1d13h44m32s158ms alt=0.0 vAcc=??? sAcc=??? bAcc=??? {Bundle[mParcelledData.dataSize=96]}]
07-17 18:49:46.439 10923  1023 W cdcv    : [{0}] Failed to resolve name. status={1}
07-17 18:49:46.623 10541 11931 W audio_hw_generic: Not supplying enough data to HAL, expected position 670337583 , only wrote 670337280
07-17 18:49:46.625 10541 11931 W audio_hw_generic: Not supplying enough data to HAL, expected position 670337338 , only wrote 670337280
07-17 18:49:46.642 10541 11931 W audio_hw_generic: Not supplying enough data to HAL, expected position 670338102 , only wrote 670338000
07-17 18:49:46.671 10536 10570 D AudioFlinger: mixer(0xb2483f00) throttle end: throttle time(17)
07-17 18:49:46.676 10541 11931 W audio_hw_generic: Hardware backing HAL too slow, could only write 0 of 720 frames
07-17 18:49:46.736 10541 11931 I chatty  : uid=1041(audioserver) writer identical 4 lines
07-17 18:49:46.751 10541 11931 W audio_hw_generic: Hardware backing HAL too slow, could only write 0 of 720 frames
07-17 18:49:46.754 21823 21823 I net.osmand: RoutingHelper Recalculate route, because correlation  : 162397.3408309611
07-17 18:49:46.755 21823 21823 I net.osmand: RoutingHelper Recalculate route, because wrong movement direction: 162397.34
07-17 18:49:46.766 10541 11931 W audio_hw_generic: Hardware backing HAL too slow, could only write 0 of 720 frames
07-17 18:49:46.855 10541 11931 I chatty  : uid=1041(audioserver) writer identical 6 lines
07-17 18:49:46.869 10541 11931 W audio_hw_generic: Hardware backing HAL too slow, could only write 0 of 720 frames
07-17 18:49:46.909 21823 21850 I net.osmand: MapRenderRepositories RENDER MAP: update due to tile box
07-17 18:49:46.909 21823 21850 I net.osmand: MapRenderRepositories RENDER MAP: Interrupt rendering map
07-17 18:49:46.948 21823 21823 I net.osmand: RoutingHelper Recalculate route, because correlation  : 162397.3408309611
07-17 18:49:47.044 21823 21849 I net.osmand: MapRenderRepositories RENDER MAP: new request RotatedTileBox [lat=-7.271536666666666, lon=-36.102225, rotate=0.0, density=2.625, zoom=17, mapDensity=3.9375, zoomAnimation=0.0, zoomFloatPart=0.0, cx=900, cy=1972, pixWidth=1800, pixHeight=2690]
07-17 18:49:47.143 21823 21823 I net.osmand: RoutingHelper Recalculate route, because correlation  : 162397.3408309611
07-17 18:49:47.144 21823 21823 I net.osmand: RoutingHelper Recalculate route, because wrong movement direction: 162397.34
07-17 18:49:47.232 21823 21849 I net.osmand:native: Route objects 25
07-17 18:49:47.232 21823 21849 I net.osmand:native: Ocean: no completed & incompleted coastlines 0
07-17 18:49:47.232 21823 21849 I net.osmand:native: Detailed coastlines = 0, basemap coastlines 0, ocean tile 0.000000. Detailed added 0, basemap processed 1, basemap added 0.
07-17 18:49:47.238 21823 21849 I net.osmand:native: Search : tree - read( 490), accept( 37), objs - visit( 2509), accept(32), in result(21) 
07-17 18:49:47.257 21823 21849 I net.osmand: MapRenderRepositories BLat=-7.273847270011902, TLat=-7.265839409828186, LLong=-36.104679107666016, RLong=-36.09977722167969, zoom=17
07-17 18:49:47.257 21823 21849 I net.osmand: MapRenderRepositories Native search: 213 ms 
07-17 18:49:47.265 21823 21849 I net.osmand:native: Creating SkBitmap in native w:1800 h:2690 s:7200 f:1!
07-17 18:49:47.265 21823 21849 I net.osmand:native: Row bytes for RGBA_8888 is 7200
07-17 18:49:47.265 21823 21849 I net.osmand:native: Locked 19368000 bytes at 0x84900000
07-17 18:49:47.265 21823 21849 I net.osmand:native: Initializing rendering
07-17 18:49:47.266 21823 21849 I net.osmand:native: Rendering image
07-17 18:49:47.288 21823 21823 I net.osmand: RoutingHelper Recalculate route, because correlation  : 162397.3408309611
07-17 18:49:47.347 10923  1023 W cdcv    : [{0}] Failed to resolve name. status={1}
07-17 18:49:47.377 21823 21849 I net.osmand:native: Native ok (rendering 0, text 11 ms) 
07-17 18:49:47.377 21823 21849 I net.osmand:native:  (1984 points, 55 points inside, 34 of 43 objects visible)
07-17 18:49:47.377 21823 21849 I net.osmand:native: End Rendering image
07-17 18:49:47.382 21823 21849 I net.osmand:native: Native ok (init 1, rendering 0) 
07-17 18:49:47.384 21823 21849 I net.osmand: MapRenderRepositories true
07-17 18:49:47.386 11993 11993 V mireo   : j: GPS.setNative: 1563403788000 | Location[gps -7.271537,-36.102225 hAcc=20 et=+1d13h44m33s155ms vel=0.0 bear=0.0 vAcc=??? sAcc=??? bAcc=??? {Bundle[mParcelledData.dataSize=96]}]
07-17 18:49:47.737 21823 21833 I zygote  : Background concurrent copying GC freed 954935(22MB) AllocSpace objects, 0(0B) LOS objects, 12% free, 43MB/49MB, paused 12.897ms total 1.463s
07-17 18:49:47.784 21823 21823 I net.osmand: RoutingHelper Recalculate route, because correlation  : 162110.42328561883
07-17 18:49:47.792 21823 21850 I net.osmand: MapRenderRepositories RENDER MAP: update due to tile box
07-17 18:49:47.792 21823 21850 I net.osmand: MapRenderRepositories RENDER MAP: Interrupt rendering map
07-17 18:49:47.797 21823 21823 I net.osmand: RoutingHelper Recalculate route, because correlation  : 162110.42328561883
07-17 18:49:47.797 21823 21823 I net.osmand: RoutingHelper Recalculate route, because wrong movement direction: 162110.42
07-17 18:49:47.800 10536 10570 D AudioFlinger: mixer(0xb2483f00) throttle end: throttle time(2)
07-17 18:49:48.038 21823 21850 I net.osmand: MapRenderRepositories RENDER MAP: update due to tile box
07-17 18:49:48.039 21823 21850 I net.osmand: MapRenderRepositories RENDER MAP: Interrupt rendering map
07-17 18:49:48.118 21823 21850 I net.osmand: MapRenderRepositories RENDER MAP: update due to tile box
07-17 18:49:48.118 21823 21850 I net.osmand: MapRenderRepositories RENDER MAP: Interrupt rendering map
07-17 18:49:48.135 21823 21849 I net.osmand: MapRenderRepositories RENDER MAP: new request RotatedTileBox [lat=-7.271159999999999, lon=-36.104976666666666, rotate=0.0, density=2.625, zoom=17, mapDensity=3.9375, zoomAnimation=0.0, zoomFloatPart=0.0, cx=900, cy=1972, pixWidth=1800, pixHeight=2690]
07-17 18:49:48.172 12314 12411 D AudioTrack: stop() called with 45980 frames delivered
07-17 18:49:48.174 10586 15751 V MediaRouterService: restoreBluetoothA2dp(false)
07-17 18:49:48.177 21823 22682 D net.osmand: AbstractPrologCommandPlayer abandonAudioFocus
07-17 18:49:48.180 10586 16654 I MediaFocusControl: abandonAudioFocus() from uid/pid 10104/21823 clientId=android.media.AudioManager@430dcd0net.osmand.plus.api.AudioFocusHelperImpl@2daaa7e
07-17 18:49:48.181 21823 22682 D net.osmand: TTSCommandPlayerImpl ttsRequests=0
07-17 18:49:48.213 21823 21823 I net.osmand: RoutingHelper Recalculate route, because correlation  : 162110.42328561883
07-17 18:49:48.213 21823 21823 I net.osmand: RoutingHelper Recalculate route, because wrong movement direction: 162110.42
07-17 18:49:48.336 21823 21849 I net.osmand:native: Route objects 18
07-17 18:49:48.336 21823 21849 I net.osmand:native: Ocean: no completed & incompleted coastlines 0
07-17 18:49:48.336 21823 21849 I net.osmand:native: Detailed coastlines = 0, basemap coastlines 0, ocean tile 0.000000. Detailed added 0, basemap processed 1, basemap added 0.
07-17 18:49:48.336 21823 21849 I net.osmand:native: Search : tree - read( 490), accept( 37), objs - visit( 2509), accept(25), in result(14) 
07-17 18:49:48.337 21823 21849 I net.osmand: MapRenderRepositories BLat=-7.273463869094849, TLat=-7.2654565334320065, LLong=-36.107425689697266, RLong=-36.10252380371094, zoom=17
07-17 18:49:48.337 21823 21849 I net.osmand: MapRenderRepositories Native search: 201 ms 
07-17 18:49:48.360 21823 21849 I net.osmand:native: Creating SkBitmap in native w:1800 h:2690 s:7200 f:1!
07-17 18:49:48.360 21823 21849 I net.osmand:native: Row bytes for RGBA_8888 is 7200
07-17 18:49:48.360 21823 21849 I net.osmand:native: Locked 19368000 bytes at 0x6e800000
07-17 18:49:48.360 21823 21849 I net.osmand:native: Initializing rendering
07-17 18:49:48.361 21823 21849 I net.osmand:native: Rendering image
07-17 18:49:48.423 21823 21823 I net.osmand: RoutingHelper Recalculate route, because correlation  : 162110.42328561883
07-17 18:49:48.446 21823 21849 I net.osmand:native: Native ok (rendering 0, text 25 ms) 
07-17 18:49:48.446 21823 21849 I net.osmand:native:  (1894 points, 39 points inside, 20 of 29 objects visible)
07-17 18:49:48.447 21823 21849 I net.osmand:native: End Rendering image
07-17 18:49:48.447 21823 21849 I net.osmand:native: Native ok (init 0, rendering 0) 
07-17 18:49:48.447 21823 21849 I net.osmand: MapRenderRepositories true
07-17 18:49:49.004 21823 21823 I net.osmand: RoutingHelper Recalculate route, because correlation  : 161823.53552809323
07-17 18:49:49.004 21823 21823 I net.osmand: RoutingHelper Recalculate route, because wrong movement direction: 161823.53
07-17 18:49:49.048 21823 21850 I net.osmand: MapRenderRepositories RENDER MAP: update due to tile box
07-17 18:49:49.048 21823 21850 I net.osmand: MapRenderRepositories RENDER MAP: Interrupt rendering map
07-17 18:49:49.199 21823 21849 I net.osmand: MapRenderRepositories RENDER MAP: new request RotatedTileBox [lat=-7.270785000000001, lon=-36.10772833333333, rotate=0.0, density=2.625, zoom=17, mapDensity=3.9375, zoomAnimation=0.0, zoomFloatPart=0.0, cx=900, cy=1972, pixWidth=1800, pixHeight=2690]
07-17 18:49:49.257 21823 21823 I net.osmand: RoutingHelper Recalculate route, because correlation  : 161823.53552809323
07-17 18:49:49.274 21823 21823 I net.osmand: RoutingHelper Recalculate route, because correlation  : 161823.53552809323
07-17 18:49:49.274 21823 21823 I net.osmand: RoutingHelper Recalculate route, because wrong movement direction: 161823.53
07-17 18:49:49.343 21823 21849 I net.osmand:native: Route objects 16
07-17 18:49:49.344 21823 21849 I net.osmand:native: Ocean: no completed & incompleted coastlines 0
07-17 18:49:49.344 21823 21849 I net.osmand:native: Detailed coastlines = 0, basemap coastlines 0, ocean tile 0.000000. Detailed added 0, basemap processed 1, basemap added 0.
07-17 18:49:49.345 21823 21849 I net.osmand:native: Search : tree - read( 490), accept( 37), objs - visit( 2509), accept(23), in result(12) 
07-17 18:49:49.352 21823 21849 I net.osmand: MapRenderRepositories BLat=-7.273079919815063, TLat=-7.265095663070679, LLong=-36.11018371582031, RLong=-36.10527801513672, zoom=17
07-17 18:49:49.352 21823 21849 I net.osmand: MapRenderRepositories Native search: 153 ms 
07-17 18:49:49.357 21823 21849 I net.osmand:native: Creating SkBitmap in native w:1800 h:2690 s:7200 f:1!
07-17 18:49:49.357 21823 21849 I net.osmand:native: Row bytes for RGBA_8888 is 7200
07-17 18:49:49.357 21823 21849 I net.osmand:native: Locked 19368000 bytes at 0x84900000
07-17 18:49:49.357 21823 21849 I net.osmand:native: Initializing rendering
07-17 18:49:49.372 21823 21849 I net.osmand:native: Rendering image
07-17 18:49:49.396 11993 11993 V mireo   : j: GPS.setNative: 1563403789000 | Location[gps -7.270785,-36.107728 hAcc=20 et=+1d13h44m34s969ms vel=0.0 bear=0.0 vAcc=??? sAcc=??? bAcc=??? {Bundle[mParcelledData.dataSize=96]}]
07-17 18:49:49.416 21823 21849 I net.osmand:native: Native ok (rendering 0, text 3 ms) 
07-17 18:49:49.416 21823 21849 I net.osmand:native:  (1827 points, 14 points inside, 17 of 26 objects visible)
07-17 18:49:49.416 21823 21849 I net.osmand:native: End Rendering image
07-17 18:49:49.416 21823 21849 I net.osmand:native: Native ok (init 25, rendering 0) 
07-17 18:49:49.416 21823 21849 I net.osmand: MapRenderRepositories true
07-17 18:49:49.440 21823 21823 I net.osmand: RoutingHelper Recalculate route, because correlation  : 161823.53552809323
07-17 18:49:49.724 21823 21833 I zygote  : Background concurrent copying GC freed 585408(13MB) AllocSpace objects, 0(0B) LOS objects, 12% free, 41MB/47MB, paused 5.015ms total 1.225s
07-17 18:49:49.816 31897 31975 I BugleDataModel: ParticipantRefresh: Number of participants refreshed: 0
07-17 18:49:50.046 21823 21823 I net.osmand: RoutingHelper Recalculate route, because correlation  : 162110.42328561883
07-17 18:49:50.046 21823 21823 I net.osmand: RoutingHelper Recalculate route, because wrong movement direction: 162110.42
07-17 18:49:50.049 21823 21850 I net.osmand: MapRenderRepositories RENDER MAP: update due to tile box
07-17 18:49:50.050 21823 21850 I net.osmand: MapRenderRepositories RENDER MAP: Interrupt rendering map
07-17 18:49:50.075 21823 21823 I net.osmand: RoutingHelper Recalculate route, because correlation  : 162110.42328561883
07-17 18:49:50.168 21823 21849 I net.osmand: MapRenderRepositories RENDER MAP: new request RotatedTileBox [lat=-7.271159999999999, lon=-36.104976666666666, rotate=0.0, density=2.625, zoom=17, mapDensity=3.9375, zoomAnimation=0.0, zoomFloatPart=0.0, cx=900, cy=1972, pixWidth=1800, pixHeight=2690]
07-17 18:49:50.214 21823 21823 I net.osmand: RoutingHelper Recalculate route, because correlation  : 162110.42328561883
07-17 18:49:50.214 21823 21823 I net.osmand: RoutingHelper Recalculate route, because wrong movement direction: 162110.42
07-17 18:49:50.285 21823 21823 I net.osmand: RoutingHelper Recalculate route, because correlation  : 162110.42328561883
07-17 18:49:50.311 21823 21849 I net.osmand:native: Route objects 18
07-17 18:49:50.311 21823 21849 I net.osmand:native: Ocean: no completed & incompleted coastlines 0
07-17 18:49:50.311 21823 21849 I net.osmand:native: Detailed coastlines = 0, basemap coastlines 0, ocean tile 0.000000. Detailed added 0, basemap processed 1, basemap added 0.
07-17 18:49:50.311 21823 21849 I net.osmand:native: Search : tree - read( 490), accept( 37), objs - visit( 2509), accept(25), in result(14) 
07-17 18:49:50.311 21823 21849 I net.osmand: MapRenderRepositories BLat=-7.273463869094849, TLat=-7.2654565334320065, LLong=-36.107425689697266, RLong=-36.10252380371094, zoom=17
07-17 18:49:50.312 21823 21849 I net.osmand: MapRenderRepositories Native search: 144 ms 
07-17 18:49:50.317 21823 21849 I net.osmand:native: Creating SkBitmap in native w:1800 h:2690 s:7200 f:1!
07-17 18:49:50.317 21823 21849 I net.osmand:native: Row bytes for RGBA_8888 is 7200
07-17 18:49:50.317 21823 21849 I net.osmand:native: Locked 19368000 bytes at 0x6e800000
07-17 18:49:50.317 21823 21849 I net.osmand:native: Initializing rendering
07-17 18:49:50.318 21823 21849 I net.osmand:native: Rendering image
07-17 18:49:50.398 11993 11993 V mireo   : j: GPS.setNative: 1563403791000 | Location[gps -7.271160,-36.104977 hAcc=20 et=+1d13h44m36s73ms vel=0.0 bear=0.0 vAcc=??? sAcc=??? bAcc=??? {Bundle[mParcelledData.dataSize=96]}]
07-17 18:49:50.410 21823 21849 I net.osmand:native: Native ok (rendering 2, text 12 ms) 
07-17 18:49:50.410 21823 21849 I net.osmand:native:  (1894 points, 39 points inside, 20 of 29 objects visible)
07-17 18:49:50.410 21823 21849 I net.osmand:native: End Rendering image
07-17 18:49:50.410 21823 21849 I net.osmand:native: Native ok (init 1, rendering 2) 
07-17 18:49:50.413 21823 21849 I net.osmand: MapRenderRepositories true
07-17 18:49:51.131 10541 11931 W audio_hw_generic: Hardware backing HAL too slow, could only write 0 of 720 frames
07-17 18:49:51.203 10541 10560 W audio_hw_generic: Not supplying enough data to HAL, expected position 670774701 , only wrote 670556880
07-17 18:49:51.266 10923 10923 I GeofencerStateMachine: sendNewTransitions called.
07-17 18:49:51.378 21823 21833 I zygote  : Background concurrent copying GC freed 561157(12MB) AllocSpace objects, 0(0B) LOS objects, 14% free, 36MB/42MB, paused 3.877ms total 828.029ms
07-17 18:49:51.383 21823 21823 I net.osmand: RoutingHelper Recalculate route, because correlation  : 161781.31158532854
07-17 18:49:51.384 21823 21823 I net.osmand: RoutingHelper Recalculate route, because wrong movement direction: 161781.31
07-17 18:49:51.386 21823 21850 I net.osmand: MapRenderRepositories RENDER MAP: update due to tile box
07-17 18:49:51.386 21823 21850 I net.osmand: MapRenderRepositories RENDER MAP: Interrupt rendering map
07-17 18:49:51.394 21823 21823 I net.osmand: RoutingHelper Recalculate route, because correlation  : 161781.31158532854
07-17 18:49:51.407 11993 11993 V mireo   : j: GPS.setNative: 1563403792000 | Location[gps -7.270730,-36.108133 hAcc=20 et=+1d13h44m37s255ms vel=0.0 bear=0.0 vAcc=??? sAcc=??? bAcc=??? {Bundle[mParcelledData.dataSize=96]}]
07-17 18:49:51.498 21823 21850 I net.osmand: MapRenderRepositories RENDER MAP: update due to tile box
07-17 18:49:51.498 21823 21850 I net.osmand: MapRenderRepositories RENDER MAP: Interrupt rendering map
07-17 18:49:51.550 21823 21823 I net.osmand: RoutingHelper Recalculate route, because correlation  : 162110.42328561883
07-17 18:49:51.550 21823 21823 I net.osmand: RoutingHelper Recalculate route, because wrong movement direction: 162110.42
07-17 18:49:51.602 21823 21823 I net.osmand: RoutingHelper Recalculate route, because correlation  : 162110.42328561883
07-17 18:49:51.921 21823 21849 I net.osmand: MapRenderRepositories RENDER MAP: new request RotatedTileBox [lat=-7.2707299999999995, lon=-36.10813333333333, rotate=0.0, density=2.625, zoom=17, mapDensity=3.9375, zoomAnimation=0.0, zoomFloatPart=0.0, cx=900, cy=1972, pixWidth=1800, pixHeight=2690]
07-17 18:49:51.994 21823 21849 I net.osmand:native: Route objects 16
07-17 18:49:51.994 21823 21849 I net.osmand:native: Ocean: no completed & incompleted coastlines 0
07-17 18:49:51.994 21823 21849 I net.osmand:native: Detailed coastlines = 0, basemap coastlines 0, ocean tile 0.000000. Detailed added 0, basemap processed 1, basemap added 0.
07-17 18:49:51.995 21823 21849 I net.osmand:native: Search : tree - read( 490), accept( 37), objs - visit( 2509), accept(23), in result(12) 
07-17 18:49:51.995 21823 21849 I net.osmand: MapRenderRepositories BLat=-7.273038053512574, TLat=-7.265030717849731, LLong=-36.110591888427734, RLong=-36.10567855834961, zoom=17
07-17 18:49:51.998 21823 21849 I net.osmand: MapRenderRepositories Native search: 76 ms 
07-17 18:49:52.006 21823 21849 I net.osmand:native: Creating SkBitmap in native w:1800 h:2690 s:7200 f:1!
07-17 18:49:52.006 21823 21849 I net.osmand:native: Row bytes for RGBA_8888 is 7200
07-17 18:49:52.006 21823 21849 I net.osmand:native: Locked 19368000 bytes at 0x84900000
07-17 18:49:52.006 21823 21849 I net.osmand:native: Initializing rendering
07-17 18:49:52.007 21823 21849 I net.osmand:native: Rendering image
07-17 18:49:52.029 21823 21849 I net.osmand:native: Native ok (rendering 0, text 3 ms) 
07-17 18:49:52.029 21823 21849 I net.osmand:native:  (1827 points, 14 points inside, 17 of 26 objects visible)
07-17 18:49:52.029 21823 21849 I net.osmand:native: End Rendering image
07-17 18:49:52.029 21823 21849 I net.osmand:native: Native ok (init 1, rendering 0) 
07-17 18:49:52.030 21823 21849 I net.osmand: MapRenderRepositories true
07-17 18:49:52.040 21823 21850 I net.osmand: MapRenderRepositories RENDER MAP: update due to tile box
07-17 18:49:52.040 21823 21850 I net.osmand: MapRenderRepositories RENDER MAP: Interrupt rendering map
07-17 18:49:52.145 21823 21850 I net.osmand: MapRenderRepositories RENDER MAP: update due to tile box
07-17 18:49:52.145 21823 21850 I net.osmand: MapRenderRepositories RENDER MAP: Interrupt rendering map
07-17 18:49:52.185 21823 21823 I net.osmand: RoutingHelper Recalculate route, because correlation  : 161781.31158532854
07-17 18:49:52.185 21823 21823 I net.osmand: RoutingHelper Recalculate route, because wrong movement direction: 161781.31
07-17 18:49:52.317 21823 21823 I net.osmand: RoutingHelper Recalculate route, because correlation  : 161781.31158532854
07-17 18:49:52.462 11993 11993 V mireo   : j: GPS.setNative: 1563403793000 | Location[gps -7.270730,-36.108133 hAcc=20 et=+1d13h44m38s160ms vel=0.0 bear=0.0 vAcc=??? sAcc=??? bAcc=??? {Bundle[mParcelledData.dataSize=96]}]
07-17 18:49:52.528 21823 21823 I net.osmand: RoutingHelper Recalculate route, because correlation  : 161781.31158532854
07-17 18:49:52.529 21823 21823 I net.osmand: RoutingHelper Recalculate route, because wrong movement direction: 161781.31
07-17 18:49:52.615 21823 21823 I net.osmand: RoutingHelper Recalculate route, because correlation  : 161781.31158532854
07-17 18:49:52.781 21823 21849 I net.osmand: MapRenderRepositories RENDER MAP: new request RotatedTileBox [lat=-7.271159999999999, lon=-36.104976666666666, rotate=0.0, density=2.625, zoom=17, mapDensity=3.9375, zoomAnimation=0.0, zoomFloatPart=0.0, cx=900, cy=1972, pixWidth=1800, pixHeight=2690]
07-17 18:49:52.883 21823 21849 I net.osmand:native: Route objects 18
07-17 18:49:52.884 21823 21849 I net.osmand:native: Ocean: no completed & incompleted coastlines 0
07-17 18:49:52.884 21823 21849 I net.osmand:native: Detailed coastlines = 0, basemap coastlines 0, ocean tile 0.000000. Detailed added 0, basemap processed 1, basemap added 0.
07-17 18:49:52.884 21823 21849 I net.osmand:native: Search : tree - read( 490), accept( 37), objs - visit( 2509), accept(25), in result(14) 
07-17 18:49:52.887 21823 21849 I net.osmand: MapRenderRepositories BLat=-7.273463869094849, TLat=-7.2654565334320065, LLong=-36.107425689697266, RLong=-36.10252380371094, zoom=17
07-17 18:49:52.887 21823 21849 I net.osmand: MapRenderRepositories Native search: 104 ms 
07-17 18:49:52.898 21823 21849 I net.osmand:native: Creating SkBitmap in native w:1800 h:2690 s:7200 f:1!
07-17 18:49:52.899 21823 21849 I net.osmand:native: Row bytes for RGBA_8888 is 7200
07-17 18:49:52.899 21823 21849 I net.osmand:native: Locked 19368000 bytes at 0x6e800000
07-17 18:49:52.899 21823 21849 I net.osmand:native: Initializing rendering
07-17 18:49:52.900 21823 21849 I net.osmand:native: Rendering image
07-17 18:49:52.946 21823 21849 I net.osmand:native: Native ok (rendering 0, text 3 ms) 
07-17 18:49:52.946 21823 21849 I net.osmand:native:  (1894 points, 39 points inside, 20 of 29 objects visible)
07-17 18:49:52.946 21823 21849 I net.osmand:native: End Rendering image
07-17 18:49:52.947 21823 21849 I net.osmand:native: Native ok (init 1, rendering 0) 
07-17 18:49:52.947 21823 21849 I net.osmand: MapRenderRepositories true
07-17 18:49:52.952 21823 21850 I net.osmand: MapRenderRepositories RENDER MAP: update due to tile box
07-17 18:49:52.960 21823 21850 I net.osmand: MapRenderRepositories RENDER MAP: Interrupt rendering map
07-17 18:49:53.064 21823 21850 I net.osmand: MapRenderRepositories RENDER MAP: update due to tile box
07-17 18:49:53.064 21823 21850 I net.osmand: MapRenderRepositories RENDER MAP: Interrupt rendering map
07-17 18:49:53.150 21823 21850 I net.osmand: MapRenderRepositories RENDER MAP: update due to tile box
07-17 18:49:53.150 21823 21850 I net.osmand: MapRenderRepositories RENDER MAP: Interrupt rendering map
07-17 18:49:53.228 21823 21823 I net.osmand: RoutingHelper Recalculate route, because correlation  : 161781.31158532854
07-17 18:49:53.228 21823 21823 I net.osmand: RoutingHelper Recalculate route, because wrong movement direction: 161781.31
07-17 18:49:53.305 21823 21850 I net.osmand: MapRenderRepositories RENDER MAP: update due to tile box
07-17 18:49:53.305 21823 21850 I net.osmand: MapRenderRepositories RENDER MAP: Interrupt rendering map
07-17 18:49:53.435 21823 21823 I net.osmand: RoutingHelper Recalculate route, because correlation  : 161781.31158532854
07-17 18:49:53.446 21823 21850 I net.osmand: MapRenderRepositories RENDER MAP: update due to tile box
07-17 18:49:53.446 21823 21850 I net.osmand: MapRenderRepositories RENDER MAP: Interrupt rendering map
07-17 18:49:53.463 11993 11993 V mireo   : j: GPS.setNative: 1563403794000 | Location[gps -7.270730,-36.108133 hAcc=20 et=+1d13h44m39s163ms vel=0.0 bear=0.0 vAcc=??? sAcc=??? bAcc=??? {Bundle[mParcelledData.dataSize=96]}]
07-17 18:49:53.621 21823 21823 I net.osmand: RoutingHelper Recalculate route, because correlation  : 161485.44151280267
07-17 18:49:53.621 21823 21823 I net.osmand: RoutingHelper Recalculate route, because wrong movement direction: 161485.44
07-17 18:49:53.625 21823 21850 I net.osmand: MapRenderRepositories RENDER MAP: update due to tile box
07-17 18:49:53.625 21823 21850 I net.osmand: MapRenderRepositories RENDER MAP: Interrupt rendering map
07-17 18:49:53.700 21823 21849 I net.osmand: MapRenderRepositories RENDER MAP: new request RotatedTileBox [lat=-7.270613333333333, lon=-36.11091, rotate=0.0, density=2.625, zoom=17, mapDensity=3.9375, zoomAnimation=0.0, zoomFloatPart=0.0, cx=900, cy=1972, pixWidth=1800, pixHeight=2690]
07-17 18:49:53.744 21823 21823 I net.osmand: RoutingHelper Recalculate route, because correlation  : 161485.44151280267
07-17 18:49:53.844 21823 21849 I net.osmand:native: Route objects 16
07-17 18:49:53.844 21823 21849 I net.osmand:native: Ocean: no completed & incompleted coastlines 0
07-17 18:49:53.844 21823 21849 I net.osmand:native: Detailed coastlines = 0, basemap coastlines 0, ocean tile 0.000000. Detailed added 0, basemap processed 1, basemap added 0.
07-17 18:49:53.845 21823 21849 I net.osmand:native: Search : tree - read( 490), accept( 37), objs - visit( 2509), accept(23), in result(12) 
07-17 18:49:53.845 21823 21849 I net.osmand: MapRenderRepositories BLat=-7.272909688949585, TLat=-7.2649254322052, LLong=-36.11335754394531, RLong=-36.108455657958984, zoom=17
07-17 18:49:53.845 21823 21849 I net.osmand: MapRenderRepositories Native search: 145 ms 
07-17 18:49:53.874 21823 21849 I net.osmand:native: Creating SkBitmap in native w:1800 h:2690 s:7200 f:1!
07-17 18:49:53.874 21823 21849 I net.osmand:native: Row bytes for RGBA_8888 is 7200
07-17 18:49:53.874 21823 21849 I net.osmand:native: Locked 19368000 bytes at 0x84900000
07-17 18:49:53.874 21823 21849 I net.osmand:native: Initializing rendering
07-17 18:49:53.875 21823 21849 I net.osmand:native: Rendering image
07-17 18:49:53.929 21823 21849 I net.osmand:native: Native ok (rendering 1, text 3 ms) 
07-17 18:49:53.929 21823 21849 I net.osmand:native:  (1845 points, 14 points inside, 17 of 26 objects visible)
07-17 18:49:53.929 21823 21849 I net.osmand:native: End Rendering image
07-17 18:49:53.929 21823 21849 I net.osmand:native: Native ok (init 1, rendering 1) 
07-17 18:49:53.933 21823 21849 I net.osmand: MapRenderRepositories true
07-17 18:49:54.046 21823 21833 I zygote  : Background concurrent copying GC freed 315158(7MB) AllocSpace objects, 0(0B) LOS objects, 10% free, 51MB/57MB, paused 1.374ms total 1.971s
07-17 18:49:54.148 21823 21823 I net.osmand: RoutingHelper Recalculate route, because correlation  : 161485.44151280267
07-17 18:49:54.150 21823 21823 I net.osmand: RoutingHelper Recalculate route, because wrong movement direction: 161485.44
07-17 18:49:54.236 21823 21823 I net.osmand: RoutingHelper Recalculate route, because correlation  : 161485.44151280267
07-17 18:49:54.465 11993 11993 V mireo   : j: GPS.setNative: 1563403795000 | Location[gps -7.270613,-36.110910 hAcc=20 et=+1d13h44m40s163ms vel=0.0 bear=0.0 vAcc=??? sAcc=??? bAcc=??? {Bundle[mParcelledData.dataSize=96]}]
07-17 18:49:54.769 21823 21823 I net.osmand: RoutingHelper Recalculate route, because correlation  : 161189.79036573696
07-17 18:49:54.769 21823 21823 I net.osmand: RoutingHelper Recalculate route, because wrong movement direction: 161189.8
07-17 18:49:54.790 21823 21850 I net.osmand: MapRenderRepositories RENDER MAP: update due to tile box
07-17 18:49:54.790 21823 21850 I net.osmand: MapRenderRepositories RENDER MAP: Interrupt rendering map
07-17 18:49:54.967 21823 21850 I net.osmand: MapRenderRepositories RENDER MAP: update due to tile box
07-17 18:49:54.968 21823 21850 I net.osmand: MapRenderRepositories RENDER MAP: Interrupt rendering map
07-17 18:49:54.988 21823 21823 I net.osmand: RoutingHelper Recalculate route, because correlation  : 161189.79036573696
07-17 18:49:55.142 21823 21850 I net.osmand: MapRenderRepositories RENDER MAP: update due to tile box
07-17 18:49:55.142 21823 21850 I net.osmand: MapRenderRepositories RENDER MAP: Interrupt rendering map
07-17 18:49:55.204 21823 21823 I net.osmand: RoutingHelper Recalculate route, because correlation  : 161189.79036573696
07-17 18:49:55.204 21823 21823 I net.osmand: RoutingHelper Recalculate route, because wrong movement direction: 161189.8
07-17 18:49:55.256 21823 21850 I net.osmand: MapRenderRepositories RENDER MAP: update due to tile box
07-17 18:49:55.256 21823 21850 I net.osmand: MapRenderRepositories RENDER MAP: Interrupt rendering map
07-17 18:49:55.266 21823 21823 I net.osmand: RoutingHelper Recalculate route, because correlation  : 161189.79036573696
07-17 18:49:55.361 21823 21850 I net.osmand: MapRenderRepositories RENDER MAP: update due to tile box
07-17 18:49:55.361 21823 21850 I net.osmand: MapRenderRepositories RENDER MAP: Interrupt rendering map
07-17 18:49:55.437 21823 21849 I net.osmand: MapRenderRepositories RENDER MAP: new request RotatedTileBox [lat=-7.2704966666666655, lon=-36.113685000000004, rotate=0.0, density=2.625, zoom=17, mapDensity=3.9375, zoomAnimation=0.0, zoomFloatPart=0.0, cx=900, cy=1972, pixWidth=1800, pixHeight=2690]
07-17 18:49:55.467 11993 11993 V mireo   : j: GPS.setNative: 1563403796000 | Location[gps -7.270497,-36.113685 hAcc=20 et=+1d13h44m41s160ms vel=0.0 bear=0.0 vAcc=??? sAcc=??? bAcc=??? {Bundle[mParcelledData.dataSize=96]}]
07-17 18:49:55.531 21823 21849 I net.osmand:native: Route objects 19
07-17 18:49:55.531 21823 21849 I net.osmand:native: Ocean: no completed & incompleted coastlines 0
07-17 18:49:55.532 21823 21849 I net.osmand:native: Detailed coastlines = 0, basemap coastlines 0, ocean tile 0.000000. Detailed added 0, basemap processed 1, basemap added 0.
07-17 18:49:55.532 21823 21849 I net.osmand:native: Search : tree - read( 490), accept( 37), objs - visit( 2509), accept(26), in result(15) 
07-17 18:49:55.532 21823 21849 I net.osmand: MapRenderRepositories BLat=-7.272803926467896, TLat=-7.264796590805053, LLong=-36.11613845825195, RLong=-36.11123275756836, zoom=17
07-17 18:49:55.532 21823 21849 I net.osmand: MapRenderRepositories Native search: 95 ms 
07-17 18:49:55.542 21823 21849 I net.osmand:native: Creating SkBitmap in native w:1800 h:2690 s:7200 f:1!
07-17 18:49:55.542 21823 21849 I net.osmand:native: Row bytes for RGBA_8888 is 7200
07-17 18:49:55.548 21823 21849 I net.osmand:native: Locked 19368000 bytes at 0x6e800000
07-17 18:49:55.548 21823 21849 I net.osmand:native: Initializing rendering
07-17 18:49:55.552 21823 21849 I net.osmand:native: Rendering image
07-17 18:49:55.614 21823 21849 I net.osmand:native: Native ok (rendering 0, text 16 ms) 
07-17 18:49:55.614 21823 21849 I net.osmand:native:  (1910 points, 54 points inside, 22 of 32 objects visible)
07-17 18:49:55.614 21823 21849 I net.osmand:native: End Rendering image
07-17 18:49:55.614 21823 21849 I net.osmand:native: Native ok (init 3, rendering 0) 
07-17 18:49:55.623 21823 21849 I net.osmand: MapRenderRepositories true
07-17 18:49:56.078 21823 21823 I net.osmand: RoutingHelper Recalculate route, because correlation  : 160894.17903447163
07-17 18:49:56.087 21823 21850 I net.osmand: MapRenderRepositories RENDER MAP: update due to tile box
07-17 18:49:56.087 21823 21850 I net.osmand: MapRenderRepositories RENDER MAP: Interrupt rendering map
07-17 18:49:56.089 21823 21823 I net.osmand: RoutingHelper Recalculate route, because correlation  : 160894.17903447163
07-17 18:49:56.089 21823 21823 I net.osmand: RoutingHelper Recalculate route, because wrong movement direction: 160894.17
07-17 18:49:56.234 21823 21823 I net.osmand: RoutingHelper Recalculate route, because correlation  : 160894.17903447163
07-17 18:49:56.234 21823 21823 I net.osmand: RoutingHelper Recalculate route, because wrong movement direction: 160894.17
07-17 18:49:56.239 21823 21823 I net.osmand: RoutingHelper Recalculate route, because correlation  : 160894.17903447163
07-17 18:49:56.298 21823 21850 I net.osmand: MapRenderRepositories RENDER MAP: update due to tile box
07-17 18:49:56.298 21823 21850 I net.osmand: MapRenderRepositories RENDER MAP: Interrupt rendering map
07-17 18:49:56.375 21823 21849 I net.osmand: MapRenderRepositories RENDER MAP: new request RotatedTileBox [lat=-7.27038, lon=-36.11646, rotate=0.0, density=2.625, zoom=17, mapDensity=3.9375, zoomAnimation=0.0, zoomFloatPart=0.0, cx=900, cy=1972, pixWidth=1800, pixHeight=2690]
07-17 18:49:56.443 10923  1035 W cdcv    : [{0}] Failed to resolve name. status={1}
07-17 18:49:56.519 21823 21849 I net.osmand:native: Route objects 18
07-17 18:49:56.519 21823 21849 I net.osmand:native: Ocean: no completed & incompleted coastlines 0
07-17 18:49:56.519 21823 21849 I net.osmand:native: Detailed coastlines = 0, basemap coastlines 0, ocean tile 0.000000. Detailed added 0, basemap processed 1, basemap added 0.
07-17 18:49:56.519 21823 21849 I net.osmand:native: Search : tree - read( 490), accept( 37), objs - visit( 2509), accept(25), in result(14) 
07-17 18:49:56.520 21823 21849 I net.osmand: MapRenderRepositories BLat=-7.272675561904907, TLat=-7.264691305160523, LLong=-36.11891555786133, RLong=-36.1140022277832, zoom=17
07-17 18:49:56.520 21823 21849 I net.osmand: MapRenderRepositories Native search: 145 ms 
07-17 18:49:56.528 21823 21849 I net.osmand:native: Creating SkBitmap in native w:1800 h:2690 s:7200 f:1!
07-17 18:49:56.529 21823 21849 I net.osmand:native: Row bytes for RGBA_8888 is 7200
07-17 18:49:56.529 21823 21849 I net.osmand:native: Locked 19368000 bytes at 0x84900000
07-17 18:49:56.529 21823 21849 I net.osmand:native: Initializing rendering
07-17 18:49:56.531 21823 21849 I net.osmand:native: Rendering image
07-17 18:49:56.602 21823 21833 I zygote  : Background concurrent copying GC freed 1010543(22MB) AllocSpace objects, 0(0B) LOS objects, 11% free, 47MB/53MB, paused 1.418ms total 1.737s
07-17 18:49:56.624 21823 21849 I net.osmand:native: Native ok (rendering 0, text 25 ms) 
07-17 18:49:56.624 21823 21849 I net.osmand:native:  (1850 points, 36 points inside, 20 of 30 objects visible)
07-17 18:49:56.624 21823 21849 I net.osmand:native: End Rendering image
07-17 18:49:56.626 21823 21849 I net.osmand:native: Native ok (init 2, rendering 0) 
07-17 18:49:56.627 21823 21849 I net.osmand: MapRenderRepositories true
07-17 18:49:57.156 10923 10923 I GeofencerStateMachine: sendNewTransitions called.
07-17 18:49:57.168 21823 21823 I net.osmand: RoutingHelper Recalculate route, because correlation  : 160894.17903447163
07-17 18:49:57.194 21823 21823 I net.osmand: RoutingHelper Recalculate route, because correlation  : 160598.5663628458
07-17 18:49:57.194 21823 21823 I net.osmand: RoutingHelper Recalculate route, because wrong movement direction: 160598.56
07-17 18:49:57.220 21823 21823 I net.osmand: RoutingHelper Recalculate route, because correlation  : 160598.5663628458
07-17 18:49:57.226 21823 21823 I net.osmand: RoutingHelper Recalculate route, because correlation  : 160894.17903447163
07-17 18:49:57.226 21823 21823 I net.osmand: RoutingHelper Recalculate route, because wrong movement direction: 160894.17
07-17 18:49:57.450 10923  1035 W cdcv    : [{0}] Failed to resolve name. status={1}
07-17 18:49:57.472 11993 11993 V mireo   : j: GPS.setNative: 1563403798000 | Location[gps -7.270380,-36.116460 hAcc=20 et=+1d13h44m43s184ms alt=0.0 vAcc=??? sAcc=??? bAcc=??? {Bundle[mParcelledData.dataSize=96]}]
07-17 18:49:57.893 10586 10599 E memtrack: Couldn't load memtrack module
07-17 18:49:57.893 10586 10599 W android.os.Debug: failed to get memory consumption info: -1
07-17 18:49:57.992 10586 10599 E memtrack: Couldn't load memtrack module
07-17 18:49:57.992 10586 10599 W android.os.Debug: failed to get memory consumption info: -1
07-17 18:49:58.130 21823 21823 I net.osmand: RoutingHelper Recalculate route, because correlation  : 160598.5663628458
07-17 18:49:58.132 21823 21823 I net.osmand: RoutingHelper Recalculate route, because wrong movement direction: 160598.56
