07-18 13:04:52.318  1592  1608 I chatty  : uid=1000(system) ActivityManager identical 1 line
07-18 13:04:52.362  1592  1608 W zygote  : kill(-8260, 9) failed: No such process
07-18 13:04:52.387  1592  1608 I zygote  : Successfully killed process cgroup uid 10014 pid 8260 in 120ms
07-18 13:04:52.549  5874  5884 I zygote  : Background concurrent copying GC freed 568820(12MB) AllocSpace objects, 0(0B) LOS objects, 14% free, 36MB/42MB, paused 5.870ms total 736.832ms
07-18 13:04:52.832  1387  5615 W audio_hw_generic: Not supplying enough data to HAL, expected position 403957999 , only wrote 403957440
07-18 13:04:52.832  1387  5615 W audio_hw_generic: Not supplying enough data to HAL, expected position 403957479 , only wrote 403957440
07-18 13:04:52.848  1387  5615 W audio_hw_generic: Not supplying enough data to HAL, expected position 403958193 , only wrote 403958160
07-18 13:04:52.859  1468  1563 D AudioFlinger: mixer(0xa5a038c0) throttle end: throttle time(12)
07-18 13:04:53.483  1956  1956 I GeofencerStateMachine: sendNewTransitions called.
07-18 13:04:53.511  5874  5884 I zygote  : Background concurrent copying GC freed 647971(14MB) AllocSpace objects, 0(0B) LOS objects, 15% free, 32MB/38MB, paused 905us total 455.573ms
07-18 13:04:53.826  1476  8199 I NuPlayerDecoder: [audio] saw output EOS
07-18 13:04:53.828  1476  8198 D AudioTrack: stop() called with 132300 frames delivered
07-18 13:04:54.098  1387  5615 W audio_hw_generic: Not supplying enough data to HAL, expected position 404018167 , only wrote 404017920
07-18 13:04:54.099  1387  5615 W audio_hw_generic: Not supplying enough data to HAL, expected position 404017944 , only wrote 404017920
07-18 13:04:54.114  1387  5615 W audio_hw_generic: Not supplying enough data to HAL, expected position 404018652 , only wrote 404018640
07-18 13:04:54.142  1468  1563 D AudioFlinger: mixer(0xa5a038c0) throttle end: throttle time(2)
07-18 13:04:54.272  5874  5884 I zygote  : Background concurrent copying GC freed 415665(9MB) AllocSpace objects, 0(0B) LOS objects, 14% free, 34MB/40MB, paused 2.556ms total 523.030ms
07-18 13:04:54.307  1476  8194 D NuPlayerDriver: notifyListener_l(0xae0145b0), (2, 0, 0, -1), loop setting(1, 0)
07-18 13:04:54.326  1476  8199 I NuPlayerDecoder: [OMX.google.vorbis.decoder] resubmitting CSD
07-18 13:04:54.328  1476  8199 I NuPlayerDecoder: [OMX.google.vorbis.decoder] resubmitting CSD
07-18 13:04:54.347  1476  8194 D NuPlayerDriver: notifyListener_l(0xae0145b0), (6, 0, 0, -1), loop setting(1, 0)
07-18 13:04:54.374  1476  8198 W AudioTrack: getTimestamp() location moved from kernel to server
07-18 13:04:54.374  1476  8198 W NuPlayerRenderer: getPendingAudioPlayoutDurationUs: pendingUs -2535 < 0, clamping to zero, potential resume after pause writtenAudioDurationUs: 23219, audioSinkPlayedUs: 25754
07-18 13:04:54.400  1476  8198 W AudioTrack: retrograde timestamp position corrected, -1024 = 0 - 1024
07-18 13:04:54.433  1387  5615 W audio_hw_generic: Hardware backing HAL too slow, could only write 0 of 720 frames
07-18 13:04:55.265  1387  5615 W audio_hw_generic: Not supplying enough data to HAL, expected position 404073876 , only wrote 404073360
07-18 13:04:55.266  1387  5615 W audio_hw_generic: Not supplying enough data to HAL, expected position 404073397 , only wrote 404073360
07-18 13:04:55.300  1468  1563 D AudioFlinger: mixer(0xa5a038c0) throttle end: throttle time(5)
07-18 13:04:55.420  5874  5884 I zygote  : Background concurrent copying GC freed 512385(11MB) AllocSpace objects, 0(0B) LOS objects, 13% free, 37MB/43MB, paused 1.364ms total 764.375ms
07-18 13:04:55.587  1592  1601 I zygote  : Background concurrent copying GC freed 133897(3MB) AllocSpace objects, 3(76KB) LOS objects, 17% free, 28MB/34MB, paused 1.168ms total 580.999ms
07-18 13:04:56.269  5874  5884 I zygote  : Background concurrent copying GC freed 681538(15MB) AllocSpace objects, 0(0B) LOS objects, 14% free, 36MB/42MB, paused 1.752ms total 515.954ms
07-18 13:04:56.846  1387  5615 W audio_hw_generic: Not supplying enough data to HAL, expected position 404149225 , only wrote 404148960
07-18 13:04:56.847  1387  5615 W audio_hw_generic: Not supplying enough data to HAL, expected position 404149024 , only wrote 404148960
07-18 13:04:57.023  1476  8199 I NuPlayerDecoder: [audio] saw output EOS
07-18 13:04:57.025  1476  8198 D AudioTrack: stop() called with 132300 frames delivered
07-18 13:04:57.130  5874  5884 I zygote  : Background concurrent copying GC freed 617460(13MB) AllocSpace objects, 0(0B) LOS objects, 14% free, 34MB/40MB, paused 1.957ms total 499.321ms
07-18 13:04:57.425  1476  8194 D NuPlayerDriver: notifyListener_l(0xae0145b0), (2, 0, 0, -1), loop setting(1, 0)
07-18 13:04:57.433  1476  8199 I NuPlayerDecoder: [OMX.google.vorbis.decoder] resubmitting CSD
07-18 13:04:57.434  1476  8199 I NuPlayerDecoder: [OMX.google.vorbis.decoder] resubmitting CSD
07-18 13:04:57.456  1476  8194 D NuPlayerDriver: notifyListener_l(0xae0145b0), (6, 0, 0, -1), loop setting(1, 0)
07-18 13:04:57.502  1476  8198 W AudioTrack: getTimestamp() location moved from kernel to server
07-18 13:04:57.502  1476  8198 W NuPlayerRenderer: getPendingAudioPlayoutDurationUs: pendingUs -5119 < 0, clamping to zero, potential resume after pause writtenAudioDurationUs: 17414, audioSinkPlayedUs: 22533
07-18 13:04:57.528  1476  8198 W AudioTrack: retrograde timestamp position corrected, -768 = 0 - 768
07-18 13:04:57.989  1387  5615 W audio_hw_generic: Not supplying enough data to HAL, expected position 404203778 , only wrote 404203680
07-18 13:04:57.990  1387  5615 W audio_hw_generic: Not supplying enough data to HAL, expected position 404203707 , only wrote 404203680
07-18 13:04:58.007  1387  5615 W audio_hw_generic: Not supplying enough data to HAL, expected position 404204496 , only wrote 404204400
07-18 13:04:58.024  1468  1563 D AudioFlinger: mixer(0xa5a038c0) throttle end: throttle time(5)
07-18 13:04:58.042  1387  5615 W audio_hw_generic: Hardware backing HAL too slow, could only write 0 of 720 frames
07-18 13:04:58.277  5874  5884 I zygote  : Background concurrent copying GC freed 539904(11MB) AllocSpace objects, 0(0B) LOS objects, 13% free, 38MB/44MB, paused 6.333ms total 646.757ms
07-18 13:04:58.419  1592 11271 I WifiService: acquireWifiLock uid=10014 lockMode=2
07-18 13:04:58.428  1592  1605 E memtrack: Couldn't load memtrack module
07-18 13:04:58.428  1592  1605 W android.os.Debug: failed to get memory consumption info: -1
07-18 13:04:58.528  1592  1721 I WifiService: releaseWifiLock uid=10014
07-18 13:04:58.562  1592  1605 E memtrack: Couldn't load memtrack module
07-18 13:04:58.562  1592  1605 W android.os.Debug: failed to get memory consumption info: -1
07-18 13:04:58.667  1468  1563 D AudioFlinger: mixer(0xa5a038c0) throttle end: throttle time(5)
07-18 13:04:58.707  1956  1956 I GeofencerStateMachine: sendNewTransitions called.
07-18 13:04:59.178  1387  5615 W audio_hw_generic: Not supplying enough data to HAL, expected position 404260600 , only wrote 404260560
07-18 13:04:59.202  1468  1563 D AudioFlinger: mixer(0xa5a038c0) throttle end: throttle time(3)
07-18 13:04:59.378  5874  5884 I zygote  : Background concurrent copying GC freed 727651(16MB) AllocSpace objects, 0(0B) LOS objects, 14% free, 34MB/40MB, paused 3.071ms total 587.106ms
07-18 13:04:59.752  1387  5615 W audio_hw_generic: Not supplying enough data to HAL, expected position 404288114 , only wrote 404287920
07-18 13:04:59.752  1387  5615 W audio_hw_generic: Not supplying enough data to HAL, expected position 404287935 , only wrote 404287920
07-18 13:04:59.768  1387  5615 W audio_hw_generic: Not supplying enough data to HAL, expected position 404288675 , only wrote 404288640
07-18 13:04:59.779  1468  1563 D AudioFlinger: mixer(0xa5a038c0) throttle end: throttle time(12)
07-18 13:05:00.159  1476  8199 I NuPlayerDecoder: [audio] saw output EOS
07-18 13:05:00.160  1476  8198 D AudioTrack: stop() called with 132300 frames delivered
07-18 13:05:00.330  1468  1563 D AudioFlinger: mixer(0xa5a038c0) throttle end: throttle time(5)
07-18 13:05:00.359  1387  5615 W audio_hw_generic: Hardware backing HAL too slow, could only write 0 of 720 frames
07-18 13:05:00.496  5874  5884 I zygote  : Background concurrent copying GC freed 530484(11MB) AllocSpace objects, 0(0B) LOS objects, 13% free, 38MB/44MB, paused 2.256ms total 669.244ms
07-18 13:05:00.553  1476  8194 D NuPlayerDriver: notifyListener_l(0xae0145b0), (2, 0, 0, -1), loop setting(1, 0)
07-18 13:05:00.566  1476  8199 I NuPlayerDecoder: [OMX.google.vorbis.decoder] resubmitting CSD
07-18 13:05:00.566  1476  8199 I NuPlayerDecoder: [OMX.google.vorbis.decoder] resubmitting CSD
07-18 13:05:00.574  1476  8194 D NuPlayerDriver: notifyListener_l(0xae0145b0), (6, 0, 0, -1), loop setting(1, 0)
07-18 13:05:00.608  1476  8198 W AudioTrack: getTimestamp() location moved from kernel to server
07-18 13:05:00.653  1476  8198 W AudioTrack: retrograde timestamp position corrected, -1058 = 0 - 1058
07-18 13:05:00.880  1387  5615 W audio_hw_generic: Not supplying enough data to HAL, expected position 404342022 , only wrote 404341920
07-18 13:05:01.524  5874  5884 I zygote  : Background concurrent copying GC freed 700136(15MB) AllocSpace objects, 0(0B) LOS objects, 14% free, 36MB/42MB, paused 2.908ms total 584.955ms
07-18 13:05:02.263  5874  5884 I zygote  : Background concurrent copying GC freed 603205(13MB) AllocSpace objects, 0(0B) LOS objects, 14% free, 34MB/40MB, paused 918us total 511.600ms
07-18 13:05:02.550  1387  5615 W audio_hw_generic: Not supplying enough data to HAL, expected position 404422085 , only wrote 404421840
07-18 13:05:02.552  1387  5615 W audio_hw_generic: Not supplying enough data to HAL, expected position 404421907 , only wrote 404421840
07-18 13:05:02.567  1387  5615 W audio_hw_generic: Not supplying enough data to HAL, expected position 404422572 , only wrote 404422560
07-18 13:05:02.579  1468  1563 D AudioFlinger: mixer(0xa5a038c0) throttle end: throttle time(10)
07-18 13:05:02.960  5874  5874 D net.osmand: DayNightHelper Sunrise/sunset setting to day: true
07-18 13:05:03.108  1476  8199 I NuPlayerDecoder: [audio] saw output EOS
07-18 13:05:03.109  1476  8198 D AudioTrack: stop() called with 132300 frames delivered
07-18 13:05:03.195  1468  1563 D AudioFlinger: mixer(0xa5a038c0) throttle end: throttle time(6)
07-18 13:05:03.216  5874  5884 I zygote  : Background concurrent copying GC freed 502827(11MB) AllocSpace objects, 0(0B) LOS objects, 13% free, 38MB/44MB, paused 2.259ms total 600.285ms
07-18 13:05:03.648  1387  5615 W audio_hw_generic: Not supplying enough data to HAL, expected position 404474475 , only wrote 404474400
07-18 13:05:03.649  1387  5615 W audio_hw_generic: Not supplying enough data to HAL, expected position 404474425 , only wrote 404474400
07-18 13:05:03.662  1476  8194 D NuPlayerDriver: notifyListener_l(0xae0145b0), (2, 0, 0, -1), loop setting(1, 0)
07-18 13:05:03.677  1476  8199 I NuPlayerDecoder: [OMX.google.vorbis.decoder] resubmitting CSD
07-18 13:05:03.679  1476  8199 I NuPlayerDecoder: [OMX.google.vorbis.decoder] resubmitting CSD
07-18 13:05:03.698  1476  8194 D NuPlayerDriver: notifyListener_l(0xae0145b0), (6, 0, 0, -1), loop setting(1, 0)
07-18 13:05:03.712  1387  5615 W audio_hw_generic: Hardware backing HAL too slow, could only write 0 of 720 frames
07-18 13:05:03.727  1387  5615 W audio_hw_generic: Hardware backing HAL too slow, could only write 0 of 720 frames
07-18 13:05:03.736  1476  8198 W AudioTrack: getTimestamp() location moved from kernel to server
07-18 13:05:03.741  1387  5615 W audio_hw_generic: Hardware backing HAL too slow, could only write 0 of 720 frames
07-18 13:05:03.761  1476  8198 W AudioTrack: retrograde timestamp position corrected, -1058 = 0 - 1058
07-18 13:05:04.325  1956  1956 I GeofencerStateMachine: sendNewTransitions called.
07-18 13:05:04.338  1468  1563 D AudioFlinger: mixer(0xa5a038c0) throttle end: throttle time(5)
07-18 13:05:04.524  5874  5884 I zygote  : Background concurrent copying GC freed 704849(15MB) AllocSpace objects, 0(0B) LOS objects, 12% free, 40MB/46MB, paused 1.280ms total 765.384ms
07-18 13:05:04.816  1387  5615 W audio_hw_generic: Hardware backing HAL too slow, could only write 0 of 720 frames
07-18 13:05:04.830  1387  5615 W audio_hw_generic: Hardware backing HAL too slow, could only write 0 of 720 frames
07-18 13:05:05.260  5874  5884 I zygote  : Background concurrent copying GC freed 775878(17MB) AllocSpace objects, 0(0B) LOS objects, 15% free, 33MB/39MB, paused 1.303ms total 368.983ms
07-18 13:05:05.435  1387  5615 W audio_hw_generic: Not supplying enough data to HAL, expected position 404560111 , only wrote 404558640
07-18 13:05:05.435  1387  5615 W audio_hw_generic: Not supplying enough data to HAL, expected position 404558651 , only wrote 404558640
07-18 13:05:05.435  1476  8198 W AudioTrack: getTimestamp() location moved from kernel to server
07-18 13:05:05.451  1387  5615 W audio_hw_generic: Not supplying enough data to HAL, expected position 404559426 , only wrote 404559360
07-18 13:05:05.468  1468  1563 D AudioFlinger: mixer(0xa5a038c0) throttle end: throttle time(12)
07-18 13:05:06.133  5874  5884 I zygote  : Background concurrent copying GC freed 494628(10MB) AllocSpace objects, 0(0B) LOS objects, 15% free, 33MB/39MB, paused 2.113ms total 441.907ms
07-18 13:05:06.335  1476  8199 I NuPlayerDecoder: [audio] saw output EOS
07-18 13:05:06.336  1476  8198 D AudioTrack: stop() called with 132300 frames delivered
07-18 13:05:06.340  1592  8567 I WifiService: getConnectionInfo uid=10014
07-18 13:05:06.803  1476  8194 D NuPlayerDriver: notifyListener_l(0xae0145b0), (2, 0, 0, -1), loop setting(1, 0)
07-18 13:05:06.816  1476  8199 I NuPlayerDecoder: [OMX.google.vorbis.decoder] resubmitting CSD
07-18 13:05:06.817  1476  8199 I NuPlayerDecoder: [OMX.google.vorbis.decoder] resubmitting CSD
07-18 13:05:06.833  1476  8194 D NuPlayerDriver: notifyListener_l(0xae0145b0), (6, 0, 0, -1), loop setting(1, 0)
07-18 13:05:06.868  1476  8198 W AudioTrack: getTimestamp() location moved from kernel to server
07-18 13:05:06.890  1476  8198 W AudioTrack: retrograde timestamp position corrected, -1058 = 0 - 1058
07-18 13:05:07.000  1387  5615 W audio_hw_generic: Not supplying enough data to HAL, expected position 404633682 , only wrote 404633520
07-18 13:05:07.001  1387  5615 W audio_hw_generic: Not supplying enough data to HAL, expected position 404633590 , only wrote 404633520
07-18 13:05:07.017  1387  5615 W audio_hw_generic: Not supplying enough data to HAL, expected position 404634259 , only wrote 404634240
07-18 13:05:07.457  5874  5884 I zygote  : Background concurrent copying GC freed 533678(11MB) AllocSpace objects, 0(0B) LOS objects, 14% free, 35MB/41MB, paused 3.118ms total 671.936ms
07-18 13:05:07.729  1387  5615 W audio_hw_generic: Hardware backing HAL too slow, could only write 0 of 720 frames
07-18 13:05:08.129  1387  5615 W audio_hw_generic: Not supplying enough data to HAL, expected position 404687652 , only wrote 404687520
07-18 13:05:08.130  1387  5615 W audio_hw_generic: Not supplying enough data to HAL, expected position 404687544 , only wrote 404687520
07-18 13:05:08.147  1387  5615 W audio_hw_generic: Not supplying enough data to HAL, expected position 404688315 , only wrote 404688240
07-18 13:05:08.175  1468  1563 D AudioFlinger: mixer(0xa5a038c0) throttle end: throttle time(1)
07-18 13:05:08.454  5874  5884 I zygote  : Background concurrent copying GC freed 583983(12MB) AllocSpace objects, 0(0B) LOS objects, 13% free, 38MB/44MB, paused 1.106ms total 638.902ms
07-18 13:05:08.799  1468  1563 D AudioFlinger: mixer(0xa5a038c0) throttle end: throttle time(9)
07-18 13:05:09.300  1387  5615 W audio_hw_generic: Not supplying enough data to HAL, expected position 404743622 , only wrote 404742240
07-18 13:05:09.303  1387  5615 W audio_hw_generic: Not supplying enough data to HAL, expected position 404742355 , only wrote 404742240
07-18 13:05:09.322  1476  8199 I NuPlayerDecoder: [audio] saw output EOS
07-18 13:05:09.328  1468  1563 D AudioFlinger: mixer(0xa5a038c0) throttle end: throttle time(12)
07-18 13:05:09.332  1956  1956 I GeofencerStateMachine: sendNewTransitions called.
07-18 13:05:09.569  1476  8198 D AudioTrack: stop() called with 132300 frames delivered
07-18 13:05:09.652  5874  5884 I zygote  : Background concurrent copying GC freed 719099(15MB) AllocSpace objects, 0(0B) LOS objects, 14% free, 34MB/40MB, paused 12.989ms total 585.463ms
07-18 13:05:09.943  1476  8194 D NuPlayerDriver: notifyListener_l(0xae0145b0), (2, 0, 0, -1), loop setting(1, 0)
07-18 13:05:09.963  1476  8199 I NuPlayerDecoder: [OMX.google.vorbis.decoder] resubmitting CSD
07-18 13:05:09.966  1476  8199 I NuPlayerDecoder: [OMX.google.vorbis.decoder] resubmitting CSD
07-18 13:05:09.984  1476  8194 D NuPlayerDriver: notifyListener_l(0xae0145b0), (6, 0, 0, -1), loop setting(1, 0)
07-18 13:05:09.993  1468  1563 D AudioFlinger: mixer(0xa5a038c0) throttle end: throttle time(3)
07-18 13:05:10.025  1476  8198 W AudioTrack: getTimestamp() location moved from kernel to server
07-18 13:05:10.026  1476  8198 W NuPlayerRenderer: getPendingAudioPlayoutDurationUs: pendingUs -5207 < 0, clamping to zero, potential resume after pause writtenAudioDurationUs: 26122, audioSinkPlayedUs: 31329
07-18 13:05:10.048  1476  8198 W AudioTrack: retrograde timestamp position corrected, -1058 = 0 - 1058
07-18 13:05:10.462  1387  5615 W audio_hw_generic: Not supplying enough data to HAL, expected position 404797898 , only wrote 404796960
07-18 13:05:10.463  1387  5615 W audio_hw_generic: Not supplying enough data to HAL, expected position 404796983 , only wrote 404796960
07-18 13:05:10.478  1387  5615 W audio_hw_generic: Not supplying enough data to HAL, expected position 404797688 , only wrote 404797680
07-18 13:05:10.493  1468  1563 D AudioFlinger: mixer(0xa5a038c0) throttle end: throttle time(12)
07-18 13:05:11.028  1468  1563 D AudioFlinger: mixer(0xa5a038c0) throttle end: throttle time(8)
07-18 13:05:11.103  5874  5884 I zygote  : Background concurrent copying GC freed 514179(11MB) AllocSpace objects, 0(0B) LOS objects, 14% free, 36MB/42MB, paused 901us total 809.557ms
07-18 13:05:11.870  5874  5884 I zygote  : Background concurrent copying GC freed 608974(13MB) AllocSpace objects, 0(0B) LOS objects, 15% free, 33MB/39MB, paused 900us total 517.007ms
07-18 13:05:12.129  1387  5615 W audio_hw_generic: Not supplying enough data to HAL, expected position 404876915 , only wrote 404876880
07-18 13:05:12.129  1387  5615 W audio_hw_generic: Not supplying enough data to HAL, expected position 404876892 , only wrote 404876880
07-18 13:05:12.145  1387  5615 W audio_hw_generic: Not supplying enough data to HAL, expected position 404877648 , only wrote 404877600
07-18 13:05:12.608  5874  5884 I zygote  : Background concurrent copying GC freed 478872(10MB) AllocSpace objects, 0(0B) LOS objects, 14% free, 34MB/40MB, paused 1.252ms total 388.622ms
07-18 13:05:12.730  1476  8199 I NuPlayerDecoder: [audio] saw output EOS
07-18 13:05:12.731  1476  8198 D AudioTrack: stop() called with 132300 frames delivered
07-18 13:05:13.082  1476  8194 D NuPlayerDriver: notifyListener_l(0xae0145b0), (2, 0, 0, -1), loop setting(1, 0)
07-18 13:05:13.102  1476  8199 I NuPlayerDecoder: [OMX.google.vorbis.decoder] resubmitting CSD
07-18 13:05:13.105  1476  8199 I NuPlayerDecoder: [OMX.google.vorbis.decoder] resubmitting CSD
07-18 13:05:13.128  1476  8194 D NuPlayerDriver: notifyListener_l(0xae0145b0), (6, 0, 0, -1), loop setting(1, 0)
07-18 13:05:13.148  1476  8198 W AudioTrack: getTimestamp() location moved from kernel to server
07-18 13:05:13.148  1476  8198 W NuPlayerRenderer: getPendingAudioPlayoutDurationUs: pendingUs -2010 < 0, clamping to zero, potential resume after pause writtenAudioDurationUs: 17414, audioSinkPlayedUs: 19424
07-18 13:05:13.170  1476  8198 W AudioTrack: retrograde timestamp position corrected, -768 = 0 - 768
07-18 13:05:13.246  1387  5615 W audio_hw_generic: Not supplying enough data to HAL, expected position 404930480 , only wrote 404930160
07-18 13:05:13.247  1387  5615 W audio_hw_generic: Not supplying enough data to HAL, expected position 404930196 , only wrote 404930160
07-18 13:05:13.264  1387  5615 W audio_hw_generic: Not supplying enough data to HAL, expected position 404930941 , only wrote 404930880
07-18 13:05:13.275  1476  8198 W AudioTrack: getTimestamp() location moved from kernel to server
07-18 13:05:13.328  1387  5615 W audio_hw_generic: Hardware backing HAL too slow, could only write 0 of 720 frames
07-18 13:05:13.341  1387  5615 I chatty  : uid=1041(audioserver) writer identical 1 line
07-18 13:05:13.356  1387  5615 W audio_hw_generic: Hardware backing HAL too slow, could only write 0 of 720 frames
07-18 13:05:13.552  5874  5884 I zygote  : Background concurrent copying GC freed 527730(11MB) AllocSpace objects, 0(0B) LOS objects, 14% free, 35MB/41MB, paused 1.995ms total 606.969ms
07-18 13:05:13.610  1592  1609 E BatteryExternalStatsWorker: modem info is invalid: ModemActivityInfo{ mTimestamp=0 mSleepTimeMs=0 mIdleTimeMs=0 mTxTimeMs[]=[0, 0, 0, 0, 0] mRxTimeMs=0 mEnergyUsed=0}
07-18 13:05:14.407  1956  1956 I GeofencerStateMachine: sendNewTransitions called.
07-18 13:05:14.441  5874  5884 I zygote  : Background concurrent copying GC freed 547818(12MB) AllocSpace objects, 0(0B) LOS objects, 14% free, 34MB/40MB, paused 1.457ms total 549.367ms
07-18 13:05:14.444  1387  5615 W audio_hw_generic: Hardware backing HAL too slow, could only write 0 of 720 frames
07-18 13:05:14.458  1387  5615 W audio_hw_generic: Hardware backing HAL too slow, could only write 0 of 720 frames
07-18 13:05:14.941  1476  8198 W AudioTrack: getTimestamp() location moved from kernel to server
07-18 13:05:15.171  5874  5884 I zygote  : Background concurrent copying GC freed 556740(12MB) AllocSpace objects, 0(0B) LOS objects, 14% free, 34MB/40MB, paused 2.896ms total 507.681ms
07-18 13:05:15.834  1476  8199 I NuPlayerDecoder: [audio] saw output EOS
07-18 13:05:15.835  1476  8198 D AudioTrack: stop() called with 132300 frames delivered
07-18 13:05:15.954  5874  5884 I zygote  : Background concurrent copying GC freed 515349(11MB) AllocSpace objects, 0(0B) LOS objects, 14% free, 35MB/41MB, paused 12.444ms total 419.832ms
07-18 13:05:16.092  1387  5615 W audio_hw_generic: Not supplying enough data to HAL, expected position 405066630 , only wrote 405065520
07-18 13:05:16.093  1387  5615 W audio_hw_generic: Not supplying enough data to HAL, expected position 405065564 , only wrote 405065520
07-18 13:05:16.109  1387  5615 W audio_hw_generic: Not supplying enough data to HAL, expected position 405066287 , only wrote 405066240
07-18 13:05:16.124  1468  1563 D AudioFlinger: mixer(0xa5a038c0) throttle end: throttle time(12)
07-18 13:05:16.211  1476  8194 D NuPlayerDriver: notifyListener_l(0xae0145b0), (2, 0, 0, -1), loop setting(1, 0)
07-18 13:05:16.225  1476  8199 I NuPlayerDecoder: [OMX.google.vorbis.decoder] resubmitting CSD
07-18 13:05:16.226  1476  8199 I NuPlayerDecoder: [OMX.google.vorbis.decoder] resubmitting CSD
07-18 13:05:16.235  1476  8194 D NuPlayerDriver: notifyListener_l(0xae0145b0), (6, 0, 0, -1), loop setting(1, 0)
07-18 13:05:16.278  1476  8198 W AudioTrack: getTimestamp() location moved from kernel to server
07-18 13:05:16.303  1476  8198 W AudioTrack: retrograde timestamp position corrected, -1060 = 0 - 1060
07-18 13:05:16.841  5874  5884 I zygote  : Background concurrent copying GC freed 543788(12MB) AllocSpace objects, 0(0B) LOS objects, 14% free, 34MB/40MB, paused 2.047ms total 522.567ms
07-18 13:05:17.252  1387  5615 W audio_hw_generic: Not supplying enough data to HAL, expected position 405121104 , only wrote 405119520
07-18 13:05:17.252  1387  5615 W audio_hw_generic: Not supplying enough data to HAL, expected position 405119543 , only wrote 405119520
07-18 13:05:17.261  1476  8198 W AudioTrack: getTimestamp() location moved from kernel to server
07-18 13:05:17.268  1387  5615 W audio_hw_generic: Not supplying enough data to HAL, expected position 405120290 , only wrote 405120240
07-18 13:05:17.294  1468  1563 D AudioFlinger: mixer(0xa5a038c0) throttle end: throttle time(1)
07-18 13:05:17.333  1387  5615 W audio_hw_generic: Hardware backing HAL too slow, could only write 0 of 720 frames
07-18 13:05:17.394  1387  5615 I chatty  : uid=1041(audioserver) writer identical 4 lines
07-18 13:05:17.409  1387  5615 W audio_hw_generic: Hardware backing HAL too slow, could only write 0 of 720 frames
07-18 13:05:17.858  5874  5884 I zygote  : Background concurrent copying GC freed 536147(11MB) AllocSpace objects, 0(0B) LOS objects, 13% free, 39MB/45MB, paused 1.188ms total 765.486ms
07-18 13:05:18.399  1468  1563 D AudioFlinger: mixer(0xa5a038c0) throttle end: throttle time(5)
07-18 13:05:18.447  1592  8567 I WifiService: acquireWifiLock uid=10014 lockMode=2
07-18 13:05:18.449  1387  5615 W audio_hw_generic: Hardware backing HAL too slow, could only write 0 of 720 frames
07-18 13:05:18.469  1592  1605 E memtrack: Couldn't load memtrack module
07-18 13:05:18.469  1592  1605 W android.os.Debug: failed to get memory consumption info: -1
07-18 13:05:18.605  5874  5884 I zygote  : Background concurrent copying GC freed 726360(16MB) AllocSpace objects, 0(0B) LOS objects, 15% free, 33MB/39MB, paused 2.445ms total 480.768ms
07-18 13:05:18.628  1592  1605 E memtrack: Couldn't load memtrack module
07-18 13:05:18.628  1592  1605 W android.os.Debug: failed to get memory consumption info: -1
07-18 13:05:18.688  1592  1605 E memtrack: Couldn't load memtrack module
07-18 13:05:18.688  1592  1605 W android.os.Debug: failed to get memory consumption info: -1
07-18 13:05:18.749  1592  1605 E memtrack: Couldn't load memtrack module
07-18 13:05:18.751  1592  1605 W android.os.Debug: failed to get memory consumption info: -1
07-18 13:05:18.856  1476  8199 I NuPlayerDecoder: [audio] saw output EOS
07-18 13:05:18.857  1476  8198 D AudioTrack: stop() called with 132300 frames delivered
07-18 13:05:18.929  1468  1563 D AudioFlinger: mixer(0xa5a038c0) throttle end: throttle time(1)
07-18 13:05:19.345  1476  8194 D NuPlayerDriver: notifyListener_l(0xae0145b0), (2, 0, 0, -1), loop setting(1, 0)
07-18 13:05:19.362  1476  8199 I NuPlayerDecoder: [OMX.google.vorbis.decoder] resubmitting CSD
07-18 13:05:19.362  1476  8199 I NuPlayerDecoder: [OMX.google.vorbis.decoder] resubmitting CSD
07-18 13:05:19.377  1476  8194 D NuPlayerDriver: notifyListener_l(0xae0145b0), (6, 0, 0, -1), loop setting(1, 0)
07-18 13:05:19.403  1476  8198 W AudioTrack: getTimestamp() location moved from kernel to server
07-18 13:05:19.403  1476  8198 W NuPlayerRenderer: getPendingAudioPlayoutDurationUs: pendingUs -1648 < 0, clamping to zero, potential resume after pause writtenAudioDurationUs: 23219, audioSinkPlayedUs: 24867
07-18 13:05:19.427  1476  8198 W AudioTrack: retrograde timestamp position corrected, -1024 = 0 - 1024
07-18 13:05:19.463  5874  5884 I zygote  : Background concurrent copying GC freed 490276(10MB) AllocSpace objects, 0(0B) LOS objects, 15% free, 32MB/38MB, paused 1.288ms total 440.500ms
07-18 13:05:19.515  1476  8198 W AudioTrack: getTimestamp() location moved from kernel to server
07-18 13:05:19.559  1956  1956 I GeofencerStateMachine: sendNewTransitions called.
07-18 13:05:19.580  1387  5615 W audio_hw_generic: Hardware backing HAL too slow, could only write 0 of 720 frames
07-18 13:05:20.040  1387  5615 I chatty  : uid=1041(audioserver) writer identical 5 lines
07-18 13:05:20.045  1387  5615 W audio_hw_generic: Hardware backing HAL too slow, could only write 0 of 720 frames
07-18 13:05:20.228  5874  5884 I zygote  : Background concurrent copying GC freed 417002(9MB) AllocSpace objects, 0(0B) LOS objects, 15% free, 32MB/38MB, paused 1.025ms total 440.813ms
07-18 13:05:20.646  1387  5615 W audio_hw_generic: Not supplying enough data to HAL, expected position 405282356 , only wrote 405281520
07-18 13:05:21.225  1468  1563 D AudioFlinger: mixer(0xa5a038c0) throttle end: throttle time(8)
07-18 13:05:21.297  5874  5884 I zygote  : Background concurrent copying GC freed 483423(10MB) AllocSpace objects, 0(0B) LOS objects, 13% free, 37MB/43MB, paused 907us total 766.743ms
07-18 13:05:21.435  1592  1601 I zygote  : Background concurrent copying GC freed 35235(1600KB) AllocSpace objects, 0(0B) LOS objects, 17% free, 28MB/34MB, paused 934us total 715.676ms
07-18 13:05:21.442  1592  1721 D WificondControl: Scan result ready event
07-18 13:05:21.516  1592  2450 I WifiService: releaseWifiLock uid=10014
07-18 13:05:21.803  1468  1563 D AudioFlinger: mixer(0xa5a038c0) throttle end: throttle time(5)
07-18 13:05:21.913  1476  8199 I NuPlayerDecoder: [audio] saw output EOS
07-18 13:05:21.913  1476  8198 D AudioTrack: stop() called with 132300 frames delivered
07-18 13:05:22.005  5874  5884 I zygote  : Background concurrent copying GC freed 676342(15MB) AllocSpace objects, 0(0B) LOS objects, 15% free, 32MB/38MB, paused 916us total 457.068ms
07-18 13:05:22.456  1476  8194 D NuPlayerDriver: notifyListener_l(0xae0145b0), (2, 0, 0, -1), loop setting(1, 0)
07-18 13:05:22.473  1476  8199 I NuPlayerDecoder: [OMX.google.vorbis.decoder] resubmitting CSD
07-18 13:05:22.475  1476  8199 I NuPlayerDecoder: [OMX.google.vorbis.decoder] resubmitting CSD
07-18 13:05:22.492  1476  8194 D NuPlayerDriver: notifyListener_l(0xae0145b0), (6, 0, 0, -1), loop setting(1, 0)
07-18 13:05:22.529  1476  8198 W AudioTrack: getTimestamp() location moved from kernel to server
07-18 13:05:22.552  1476  8198 W AudioTrack: retrograde timestamp position corrected, -2 = 1058 - 1060
07-18 13:05:22.901  1387  5615 W audio_hw_generic: Not supplying enough data to HAL, expected position 405389785 , only wrote 405389520
07-18 13:05:22.917  1387  5615 W audio_hw_generic: Not supplying enough data to HAL, expected position 405390271 , only wrote 405390240
07-18 13:05:22.935  1468  1563 D AudioFlinger: mixer(0xa5a038c0) throttle end: throttle time(6)
07-18 13:05:22.981  1387  5615 W audio_hw_generic: Hardware backing HAL too slow, could only write 0 of 720 frames
07-18 13:05:22.989  5874  5884 I zygote  : Background concurrent copying GC freed 449581(9MB) AllocSpace objects, 0(0B) LOS objects, 14% free, 35MB/41MB, paused 2.609ms total 596.978ms
07-18 13:05:22.996  1387  5615 W audio_hw_generic: Hardware backing HAL too slow, could only write 0 of 720 frames
07-18 13:05:23.012  1387  5615 W audio_hw_generic: Hardware backing HAL too slow, could only write 0 of 720 frames
07-18 13:05:23.788  5874  5884 I zygote  : Background concurrent copying GC freed 569032(12MB) AllocSpace objects, 0(0B) LOS objects, 14% free, 35MB/41MB, paused 1.964ms total 564.309ms
07-18 13:05:24.518  5874  5884 I zygote  : Background concurrent copying GC freed 556435(12MB) AllocSpace objects, 0(0B) LOS objects, 14% free, 34MB/40MB, paused 902us total 410.692ms
07-18 13:05:24.613  1387  5615 W audio_hw_generic: Not supplying enough data to HAL, expected position 405471643 , only wrote 405471600
07-18 13:05:24.631  1956  1956 I GeofencerStateMachine: sendNewTransitions called.
07-18 13:05:25.030  1476  8199 I NuPlayerDecoder: [audio] saw output EOS
07-18 13:05:25.032  1476  8198 D AudioTrack: stop() called with 132300 frames delivered
07-18 13:05:25.426  5874  5884 I zygote  : Background concurrent copying GC freed 505537(11MB) AllocSpace objects, 0(0B) LOS objects, 14% free, 35MB/41MB, paused 1.336ms total 536.244ms
07-18 13:05:25.559  1476  8194 D NuPlayerDriver: notifyListener_l(0xae0145b0), (2, 0, 0, -1), loop setting(1, 0)
07-18 13:05:25.567  1476  8199 I NuPlayerDecoder: [OMX.google.vorbis.decoder] resubmitting CSD
07-18 13:05:25.567  1476  8199 I NuPlayerDecoder: [OMX.google.vorbis.decoder] resubmitting CSD
07-18 13:05:25.574  1476  8194 D NuPlayerDriver: notifyListener_l(0xae0145b0), (6, 0, 0, -1), loop setting(1, 0)
07-18 13:05:25.760  1468  1563 D AudioFlinger: mixer(0xa5a038c0) throttle end: throttle time(1)
07-18 13:05:26.319  1468  1563 D AudioFlinger: mixer(0xa5a038c0) throttle end: throttle time(8)
07-18 13:05:26.530  5874  5884 I zygote  : Background concurrent copying GC freed 588566(13MB) AllocSpace objects, 0(0B) LOS objects, 14% free, 36MB/42MB, paused 1.434ms total 631.174ms
07-18 13:05:26.849  1387  5615 W audio_hw_generic: Not supplying enough data to HAL, expected position 405578936 , only wrote 405578880
07-18 13:05:26.849  1387  5615 W audio_hw_generic: Not supplying enough data to HAL, expected position 405578904 , only wrote 405578880
07-18 13:05:27.315  5874  5884 I zygote  : Background concurrent copying GC freed 633287(13MB) AllocSpace objects, 0(0B) LOS objects, 14% free, 35MB/41MB, paused 1.101ms total 428.507ms
07-18 13:05:27.999  1468  1563 D AudioFlinger: mixer(0xa5a038c0) throttle end: throttle time(4)
07-18 13:05:28.074  5874  5884 I zygote  : Background concurrent copying GC freed 561861(12MB) AllocSpace objects, 0(0B) LOS objects, 15% free, 32MB/38MB, paused 4.498ms total 411.049ms
07-18 13:05:28.296  1476  8199 I NuPlayerDecoder: [audio] saw output EOS
07-18 13:05:28.297  1476  8198 D AudioTrack: stop() called with 132300 frames delivered
07-18 13:05:28.668  1476  8194 D NuPlayerDriver: notifyListener_l(0xae0145b0), (2, 0, 0, -1), loop setting(1, 0)
07-18 13:05:28.703  1476  8199 I NuPlayerDecoder: [OMX.google.vorbis.decoder] resubmitting CSD
07-18 13:05:28.705  1476  8199 I NuPlayerDecoder: [OMX.google.vorbis.decoder] resubmitting CSD
07-18 13:05:28.732  1476  8194 D NuPlayerDriver: notifyListener_l(0xae0145b0), (6, 0, 0, -1), loop setting(1, 0)
07-18 13:05:28.748  1476  8198 W AudioTrack: getTimestamp() location moved from kernel to server
07-18 13:05:28.748  1476  8198 W NuPlayerRenderer: getPendingAudioPlayoutDurationUs: pendingUs -3110 < 0, clamping to zero, potential resume after pause writtenAudioDurationUs: 11609, audioSinkPlayedUs: 14719
07-18 13:05:28.773  1476  8198 W AudioTrack: retrograde timestamp position corrected, -512 = 0 - 512
07-18 13:05:28.931  5874  5884 I zygote  : Background concurrent copying GC freed 445772(9MB) AllocSpace objects, 0(0B) LOS objects, 14% free, 34MB/40MB, paused 3.679ms total 631.352ms
07-18 13:05:29.101  1387  5615 W audio_hw_generic: Not supplying enough data to HAL, expected position 405686958 , only wrote 405686880
07-18 13:05:29.133  1468  1563 D AudioFlinger: mixer(0xa5a038c0) throttle end: throttle time(4)
07-18 13:05:29.148  1387  5615 W audio_hw_generic: Hardware backing HAL too slow, could only write 0 of 720 frames
07-18 13:05:29.162  1387  5615 I chatty  : uid=1041(audioserver) writer identical 1 line
07-18 13:05:29.193  1387  5615 W audio_hw_generic: Hardware backing HAL too slow, could only write 0 of 720 frames
07-18 13:05:29.691  1468  1563 D AudioFlinger: mixer(0xa5a038c0) throttle end: throttle time(6)
07-18 13:05:30.264  1476  8198 W AudioTrack: getTimestamp() location moved from kernel to server
07-18 13:05:30.265  1387  5615 W audio_hw_generic: Not supplying enough data to HAL, expected position 405742754 , only wrote 405742320
07-18 13:05:30.265  1387  5615 W audio_hw_generic: Not supplying enough data to HAL, expected position 405742330 , only wrote 405742320
07-18 13:05:30.280  1387  5615 W audio_hw_generic: Not supplying enough data to HAL, expected position 405743042 , only wrote 405743040
07-18 13:05:30.288  1956  1956 I GeofencerStateMachine: sendNewTransitions called.
07-18 13:05:30.327  1387  5615 W audio_hw_generic: Hardware backing HAL too slow, could only write 0 of 720 frames
07-18 13:05:30.343  1387  5615 W audio_hw_generic: Hardware backing HAL too slow, could only write 0 of 720 frames
07-18 13:05:30.782  5874  5884 I zygote  : Background concurrent copying GC freed 539925(11MB) AllocSpace objects, 0(0B) LOS objects, 12% free, 40MB/46MB, paused 14.072ms total 1.434s
07-18 13:05:30.835  1468  1563 D AudioFlinger: mixer(0xa5a038c0) throttle end: throttle time(1)
07-18 13:05:30.926  1956  1966 I zygote  : Background concurrent copying GC freed 112162(5MB) AllocSpace objects, 9(192KB) LOS objects, 40% free, 8MB/14MB, paused 925us total 611.738ms
