07-04 12:54:28.276 28496 28496 I net.osmand: RoutingHelper Recalculate route, because wrong movement direction: 186070.33
07-04 12:54:28.412 28496 28496 I net.osmand: RoutingHelper Recalculate route, because correlation  : 186070.33175635283
07-04 12:54:28.412 28496 28496 I net.osmand: RoutingHelper Recalculate route, because wrong movement direction: 186070.33
07-04 12:54:28.448 28496 28496 I net.osmand: RoutingHelper Recalculate route, because correlation  : 186070.33175635283
07-04 12:54:28.449 28496 28496 I net.osmand: RoutingHelper Recalculate route, because wrong movement direction: 186070.33
07-04 12:54:28.486 28496 28496 I net.osmand: RoutingHelper Recalculate route, because correlation  : 186070.33175635283
07-04 12:54:28.943 28496 28506 I zygote  : Background concurrent copying GC freed 582716(12MB) AllocSpace objects, 0(0B) LOS objects, 16% free, 29MB/35MB, paused 1.002ms total 660.956ms
07-04 12:54:29.147  1410  1410 I boot-pipe: done populating /dev/random
07-04 12:54:29.437 28496 28496 I net.osmand: RoutingHelper Recalculate route, because correlation  : 186070.33175635283
07-04 12:54:29.437 28496 28496 I net.osmand: RoutingHelper Recalculate route, because wrong movement direction: 186070.33
07-04 12:54:29.641 28496 28496 I net.osmand: RoutingHelper Recalculate route, because correlation  : 186070.33175635283
07-04 12:54:29.644 28496 28496 I net.osmand: RoutingHelper Recalculate route, because correlation  : 186070.33175635283
07-04 12:54:29.645 28496 28496 I net.osmand: RoutingHelper Recalculate route, because wrong movement direction: 186070.33
07-04 12:54:29.656 28496 28496 I net.osmand: RoutingHelper Recalculate route, because correlation  : 186070.33175635283
07-04 12:54:29.809 28496 28496 I net.osmand: RoutingHelper Recalculate route, because correlation  : 186070.33175635283
07-04 12:54:29.810 28496 28496 I net.osmand: RoutingHelper Recalculate route, because wrong movement direction: 186070.33
07-04 12:54:29.816 28496 28496 I net.osmand: RoutingHelper Recalculate route, because correlation  : 186070.33175635283
07-04 12:54:30.185  1604  4176 I WifiService: acquireWifiLock uid=10014 lockMode=2
07-04 12:54:30.340  1604  4176 I WifiService: releaseWifiLock uid=10014
07-04 12:54:30.374 28496 28496 I net.osmand: RoutingHelper Recalculate route, because correlation  : 186070.33175635283
07-04 12:54:30.374 28496 28496 I net.osmand: RoutingHelper Recalculate route, because wrong movement direction: 186070.33
07-04 12:54:30.441 28496 28496 I net.osmand: RoutingHelper Recalculate route, because correlation  : 186070.33175635283
07-04 12:54:30.483 28496 28506 I zygote  : Background concurrent copying GC freed 508891(11MB) AllocSpace objects, 0(0B) LOS objects, 17% free, 27MB/33MB, paused 1.601ms total 526.817ms
07-04 12:54:30.772 28496 28496 I net.osmand: RoutingHelper Recalculate route, because correlation  : 186070.33175635283
07-04 12:54:30.772 28496 28496 I net.osmand: RoutingHelper Recalculate route, because wrong movement direction: 186070.33
07-04 12:54:30.842 28496 28496 I net.osmand: RoutingHelper Recalculate route, because correlation  : 186070.33175635283
07-04 12:54:30.982  1604  1617 E memtrack: Couldn't load memtrack module
07-04 12:54:30.983  1604  1617 W android.os.Debug: failed to get memory consumption info: -1
07-04 12:54:31.223 28496 28496 I net.osmand: RoutingHelper Recalculate route, because correlation  : 186070.33175635283
07-04 12:54:31.298 28496 28496 I net.osmand: RoutingHelper Recalculate route, because correlation  : 186070.33175635283
07-04 12:54:31.298 28496 28496 I net.osmand: RoutingHelper Recalculate route, because wrong movement direction: 186070.33
07-04 12:54:31.509 28496 28496 I net.osmand: RoutingHelper Recalculate route, because correlation  : 186070.33175635283
07-04 12:54:31.509 28496 28496 I net.osmand: RoutingHelper Recalculate route, because wrong movement direction: 186070.33
07-04 12:54:31.569 28496 28496 I net.osmand: RoutingHelper Recalculate route, because correlation  : 186070.33175635283
07-04 12:54:31.959 28496 28506 I zygote  : Background concurrent copying GC freed 425356(9MB) AllocSpace objects, 0(0B) LOS objects, 16% free, 29MB/35MB, paused 1.151ms total 707.290ms
07-04 12:54:32.085 28496 28496 I net.osmand: RoutingHelper Recalculate route, because correlation  : 186070.33175635283
07-04 12:54:32.085 28496 28496 I net.osmand: RoutingHelper Recalculate route, because wrong movement direction: 186070.33
07-04 12:54:32.090 28496 28496 I net.osmand: RoutingHelper Recalculate route, because correlation  : 186070.33175635283
07-04 12:54:32.379 28496 28496 I net.osmand: RoutingHelper Recalculate route, because correlation  : 186070.33175635283
07-04 12:54:32.380 28496 28496 I net.osmand: RoutingHelper Recalculate route, because wrong movement direction: 186070.33
07-04 12:54:32.565 28496 28496 I net.osmand: RoutingHelper Recalculate route, because correlation  : 186070.33175635283
07-04 12:54:32.707 28496 28496 I chatty  : uid=10104(net.osmand) identical 1 line
07-04 12:54:32.780 28496 28496 I net.osmand: RoutingHelper Recalculate route, because correlation  : 186070.33175635283
07-04 12:54:32.780 28496 28496 I net.osmand: RoutingHelper Recalculate route, because wrong movement direction: 186070.33
07-04 12:54:33.256 28496 28506 I zygote  : Background concurrent copying GC freed 521192(11MB) AllocSpace objects, 0(0B) LOS objects, 17% free, 28MB/34MB, paused 1.249ms total 623.128ms
07-04 12:54:33.465 28496 28496 I net.osmand: RoutingHelper Recalculate route, because correlation  : 186070.33175635283
07-04 12:54:33.465 28496 28496 I net.osmand: RoutingHelper Recalculate route, because wrong movement direction: 186070.33
07-04 12:54:33.489 28496 28496 I net.osmand: RoutingHelper Recalculate route, because correlation  : 186070.33175635283
07-04 12:54:33.534 28496 28496 I net.osmand: RoutingHelper Recalculate route, because correlation  : 186070.33175635283
07-04 12:54:33.535 28496 28496 I net.osmand: RoutingHelper Recalculate route, because wrong movement direction: 186070.33
07-04 12:54:33.537 28496 28496 I net.osmand: RoutingHelper Recalculate route, because correlation  : 186070.33175635283
07-04 12:54:34.042 28496 28496 I net.osmand: RoutingHelper Recalculate route, because correlation  : 186070.33175635283
07-04 12:54:34.043 28496 28496 I net.osmand: RoutingHelper Recalculate route, because wrong movement direction: 186070.33
07-04 12:54:34.098 28496 28496 I net.osmand: RoutingHelper Recalculate route, because correlation  : 186070.33175635283
07-04 12:54:34.460 28496 28496 I net.osmand: RoutingHelper Recalculate route, because correlation  : 186070.33175635283
07-04 12:54:34.460 28496 28496 I net.osmand: RoutingHelper Recalculate route, because wrong movement direction: 186070.33
07-04 12:54:34.565 28496 28496 I net.osmand: RoutingHelper Recalculate route, because correlation  : 186070.33175635283
07-04 12:54:34.810 28496 28496 I net.osmand: RoutingHelper Recalculate route, because correlation  : 186070.33175635283
07-04 12:54:34.810 28496 28496 I net.osmand: RoutingHelper Recalculate route, because wrong movement direction: 186070.33
07-04 12:54:34.929 28496 28496 I net.osmand: RoutingHelper Recalculate route, because correlation  : 186070.33175635283
07-04 12:54:35.124 28496 28506 I zygote  : Background concurrent copying GC freed 434851(9MB) AllocSpace objects, 0(0B) LOS objects, 14% free, 34MB/40MB, paused 1.291ms total 1.111s
07-04 12:54:35.320 28496 28496 I net.osmand: RoutingHelper Recalculate route, because correlation  : 186070.33175635283
07-04 12:54:35.383 28496 28496 I net.osmand: RoutingHelper Recalculate route, because correlation  : 186070.33175635283
07-04 12:54:35.383 28496 28496 I net.osmand: RoutingHelper Recalculate route, because wrong movement direction: 186070.33
07-04 12:54:35.467 28496 28496 I net.osmand: RoutingHelper Recalculate route, because correlation  : 186070.33175635283
07-04 12:54:35.467 28496 28496 I net.osmand: RoutingHelper Recalculate route, because wrong movement direction: 186070.33
07-04 12:54:35.476 28496 28496 I net.osmand: RoutingHelper Recalculate route, because correlation  : 186070.33175635283
07-04 12:54:36.011 28496 28496 I chatty  : uid=10104(net.osmand) identical 1 line
07-04 12:54:36.019 28496 28496 I net.osmand: RoutingHelper Recalculate route, because correlation  : 186070.33175635283
07-04 12:54:36.019 28496 28496 I net.osmand: RoutingHelper Recalculate route, because wrong movement direction: 186070.33
07-04 12:54:36.407 28496 28496 I net.osmand: RoutingHelper Recalculate route, because correlation  : 186070.33175635283
07-04 12:54:36.408 28496 28496 I net.osmand: RoutingHelper Recalculate route, because wrong movement direction: 186070.33
07-04 12:54:36.414 28496 28496 I net.osmand: RoutingHelper Recalculate route, because correlation  : 186070.33175635283
07-04 12:54:36.698 28496 28496 I net.osmand: RoutingHelper Recalculate route, because correlation  : 186070.33175635283
07-04 12:54:36.698 28496 28496 I net.osmand: RoutingHelper Recalculate route, because wrong movement direction: 186070.33
07-04 12:54:36.705 28496 28496 I net.osmand: RoutingHelper Recalculate route, because correlation  : 186070.33175635283
07-04 12:54:36.956 28496 28506 I zygote  : Background concurrent copying GC freed 733679(16MB) AllocSpace objects, 0(0B) LOS objects, 16% free, 31MB/37MB, paused 1.739ms total 887.453ms
07-04 12:54:37.321 28496 28496 I net.osmand: RoutingHelper Recalculate route, because correlation  : 186070.33175635283
07-04 12:54:37.321 28496 28496 I net.osmand: RoutingHelper Recalculate route, because wrong movement direction: 186070.33
07-04 12:54:37.338 28496 28496 I net.osmand: RoutingHelper Recalculate route, because correlation  : 186070.33175635283
07-04 12:54:37.451 28496 28496 I chatty  : uid=10104(net.osmand) identical 1 line
07-04 12:54:37.489 28496 28496 I net.osmand: RoutingHelper Recalculate route, because correlation  : 186070.33175635283
07-04 12:54:37.489 28496 28496 I net.osmand: RoutingHelper Recalculate route, because wrong movement direction: 186070.33
07-04 12:54:38.020 28496 28496 I net.osmand: RoutingHelper Recalculate route, because correlation  : 186070.33175635283
07-04 12:54:38.020 28496 28496 I net.osmand: RoutingHelper Recalculate route, because wrong movement direction: 186070.33
07-04 12:54:38.121 28496 28496 I net.osmand: RoutingHelper Recalculate route, because correlation  : 186070.33175635283
07-04 12:54:38.389 28496 28496 I net.osmand: RoutingHelper Recalculate route, because correlation  : 186070.33175635283
07-04 12:54:38.390 28496 28496 I net.osmand: RoutingHelper Recalculate route, because wrong movement direction: 186070.33
07-04 12:54:38.432 28496 28506 I zygote  : Background concurrent copying GC freed 588424(12MB) AllocSpace objects, 0(0B) LOS objects, 17% free, 29MB/35MB, paused 1.438ms total 705.898ms
07-04 12:54:38.539 28496 28496 I net.osmand: RoutingHelper Recalculate route, because correlation  : 186070.33175635283
07-04 12:54:38.789 28496 28496 I net.osmand: RoutingHelper Recalculate route, because correlation  : 186070.33175635283
07-04 12:54:38.789 28496 28496 I net.osmand: RoutingHelper Recalculate route, because wrong movement direction: 186070.33
07-04 12:54:38.923 28496 28496 I net.osmand: RoutingHelper Recalculate route, because correlation  : 186070.33175635283
07-04 12:54:39.416 28496 28506 I zygote  : Background concurrent copying GC freed 521860(11MB) AllocSpace objects, 0(0B) LOS objects, 18% free, 26MB/32MB, paused 8.087ms total 577.203ms
07-04 12:54:39.473 28496 28496 I net.osmand: RoutingHelper Recalculate route, because correlation  : 186070.33175635283
07-04 12:54:39.473 28496 28496 I net.osmand: RoutingHelper Recalculate route, because wrong movement direction: 186070.33
07-04 12:54:39.542 28496 28496 I net.osmand: RoutingHelper Recalculate route, because correlation  : 186070.33175635283
07-04 12:54:39.637 28496 28496 I net.osmand: RoutingHelper Recalculate route, because correlation  : 186070.33175635283
07-04 12:54:39.638 28496 28496 I net.osmand: RoutingHelper Recalculate route, because wrong movement direction: 186070.33
07-04 12:54:39.732 28496 28496 I net.osmand: RoutingHelper Recalculate route, because correlation  : 186070.33175635283
07-04 12:54:40.301 28496 28496 I net.osmand: RoutingHelper Recalculate route, because correlation  : 186070.33175635283
07-04 12:54:40.301 28496 28496 I net.osmand: RoutingHelper Recalculate route, because wrong movement direction: 186070.33
07-04 12:54:40.394 28496 28496 I net.osmand: RoutingHelper Recalculate route, because correlation  : 186070.33175635283
07-04 12:54:40.451 28496 28496 I net.osmand: RoutingHelper Recalculate route, because correlation  : 186070.33175635283
07-04 12:54:40.452 28496 28496 I net.osmand: RoutingHelper Recalculate route, because wrong movement direction: 186070.33
07-04 12:54:40.545 28496 28506 I zygote  : Background concurrent copying GC freed 376833(8MB) AllocSpace objects, 0(0B) LOS objects, 16% free, 30MB/36MB, paused 2.555ms total 779.916ms
07-04 12:54:40.556 28496 28496 I net.osmand: RoutingHelper Recalculate route, because correlation  : 186070.33175635283
07-04 12:54:40.796 28496 28496 I net.osmand: RoutingHelper Recalculate route, because correlation  : 186070.33175635283
07-04 12:54:40.796 28496 28496 I net.osmand: RoutingHelper Recalculate route, because wrong movement direction: 186070.33
07-04 12:54:40.886 28496 28496 I net.osmand: RoutingHelper Recalculate route, because correlation  : 186070.33175635283
07-04 12:54:41.365 28496 28496 I net.osmand: RoutingHelper Recalculate route, because correlation  : 186070.33175635283
07-04 12:54:41.366 28496 28496 I net.osmand: RoutingHelper Recalculate route, because wrong movement direction: 186070.33
07-04 12:54:41.452 28496 28496 I net.osmand: RoutingHelper Recalculate route, because correlation  : 186070.33175635283
07-04 12:54:41.453 28496 28496 I net.osmand: RoutingHelper Recalculate route, because wrong movement direction: 186070.33
07-04 12:54:41.589 28496 28496 I net.osmand: RoutingHelper Recalculate route, because correlation  : 186070.33175635283
07-04 12:54:42.226 28496 28496 I chatty  : uid=10104(net.osmand) identical 2 lines
07-04 12:54:42.229 28496 28496 I net.osmand: RoutingHelper Recalculate route, because correlation  : 186070.33175635283
07-04 12:54:42.230 28496 28496 I net.osmand: RoutingHelper Recalculate route, because wrong movement direction: 186070.33
07-04 12:54:42.299 28496 28506 I zygote  : Background concurrent copying GC freed 526140(11MB) AllocSpace objects, 0(0B) LOS objects, 16% free, 30MB/36MB, paused 3.995ms total 903.186ms
07-04 12:54:42.398 28496 28496 I net.osmand: RoutingHelper Recalculate route, because correlation  : 186070.33175635283
07-04 12:54:42.398 28496 28496 I net.osmand: RoutingHelper Recalculate route, because wrong movement direction: 186070.33
07-04 12:54:42.529 28496 28496 I net.osmand: RoutingHelper Recalculate route, because correlation  : 186070.33175635283
07-04 12:54:42.951 28496 28496 I net.osmand: RoutingHelper Recalculate route, because correlation  : 186070.33175635283
07-04 12:54:42.952 28496 28496 I net.osmand: RoutingHelper Recalculate route, because wrong movement direction: 186070.33
07-04 12:54:42.954 28496 28496 I net.osmand: RoutingHelper Recalculate route, because correlation  : 186070.33175635283
07-04 12:54:43.293 28496 28496 D net.osmand: DayNightHelper Sunrise/sunset setting to day: true
07-04 12:54:43.362 28496 28506 I zygote  : Background concurrent copying GC freed 551340(12MB) AllocSpace objects, 0(0B) LOS objects, 17% free, 27MB/33MB, paused 1.233ms total 719.054ms
07-04 12:54:43.382 28496 28496 I net.osmand: RoutingHelper Recalculate route, because correlation  : 186070.33175635283
07-04 12:54:43.382 28496 28496 I net.osmand: RoutingHelper Recalculate route, because wrong movement direction: 186070.33
07-04 12:54:43.518 28496 28496 I net.osmand: RoutingHelper Recalculate route, because correlation  : 186070.33175635283
07-04 12:54:43.585 28496 28496 I net.osmand: RoutingHelper Recalculate route, because correlation  : 186070.33175635283
07-04 12:54:43.585 28496 28496 I net.osmand: RoutingHelper Recalculate route, because wrong movement direction: 186070.33
07-04 12:54:43.627 28496 28496 I net.osmand: RoutingHelper Recalculate route, because correlation  : 186070.33175635283
07-04 12:54:44.198 28496 28506 I zygote  : Background concurrent copying GC freed 416129(9MB) AllocSpace objects, 0(0B) LOS objects, 19% free, 24MB/30MB, paused 2.453ms total 369.287ms
07-04 12:54:44.211 28496 28496 I net.osmand: RoutingHelper Recalculate route, because correlation  : 186070.33175635283
07-04 12:54:44.219 28496 28496 I net.osmand: RoutingHelper Recalculate route, because correlation  : 186070.33175635283
07-04 12:54:44.220 28496 28496 I net.osmand: RoutingHelper Recalculate route, because wrong movement direction: 186070.33
07-04 12:54:44.415 28496 28496 I net.osmand: RoutingHelper Recalculate route, because correlation  : 186070.33175635283
07-04 12:54:44.415 28496 28496 I net.osmand: RoutingHelper Recalculate route, because wrong movement direction: 186070.33
07-04 12:54:44.586 28496 28496 I net.osmand: RoutingHelper Recalculate route, because correlation  : 186070.33175635283
07-04 12:54:45.090 28496 28496 I chatty  : uid=10104(net.osmand) identical 1 line
07-04 12:54:45.093 28496 28496 I net.osmand: RoutingHelper Recalculate route, because correlation  : 186070.33175635283
07-04 12:54:45.093 28496 28496 I net.osmand: RoutingHelper Recalculate route, because wrong movement direction: 186070.33
07-04 12:54:45.450 28496 28496 I net.osmand: RoutingHelper Recalculate route, because correlation  : 186070.33175635283
07-04 12:54:45.450 28496 28496 I net.osmand: RoutingHelper Recalculate route, because wrong movement direction: 186070.33
07-04 12:54:45.543 28496 28496 I net.osmand: RoutingHelper Recalculate route, because correlation  : 186070.33175635283
07-04 12:54:45.649 28496 28496 I net.osmand: RoutingHelper Recalculate route, because correlation  : 186070.33175635283
07-04 12:54:45.649 28496 28496 I net.osmand: RoutingHelper Recalculate route, because wrong movement direction: 186070.33
07-04 12:54:45.804 28496 28496 I net.osmand: RoutingHelper Recalculate route, because correlation  : 186070.33175635283
07-04 12:54:45.868 28496 28506 I zygote  : Background concurrent copying GC freed 292203(6MB) AllocSpace objects, 0(0B) LOS objects, 15% free, 33MB/39MB, paused 1.789ms total 1.114s
07-04 12:54:46.322 28496 28496 I net.osmand: RoutingHelper Recalculate route, because correlation  : 186070.33175635283
07-04 12:54:46.323 28496 28496 I net.osmand: RoutingHelper Recalculate route, because wrong movement direction: 186070.33
07-04 12:54:46.477 28496 28496 I net.osmand: RoutingHelper Recalculate route, because correlation  : 186070.33175635283
07-04 12:54:46.477 28496 28496 I net.osmand: RoutingHelper Recalculate route, because wrong movement direction: 186070.33
07-04 12:54:46.551 28496 28496 I net.osmand: RoutingHelper Recalculate route, because correlation  : 186070.33175635283
07-04 12:54:47.025 28496 28496 I chatty  : uid=10104(net.osmand) identical 2 lines
07-04 12:54:47.087 28496 28496 I net.osmand: RoutingHelper Recalculate route, because correlation  : 186070.33175635283
07-04 12:54:47.087 28496 28496 I net.osmand: RoutingHelper Recalculate route, because wrong movement direction: 186070.33
07-04 12:54:47.423 28496 28496 I net.osmand: RoutingHelper Recalculate route, because correlation  : 186070.33175635283
07-04 12:54:47.423 28496 28496 I net.osmand: RoutingHelper Recalculate route, because wrong movement direction: 186070.33
07-04 12:54:47.535 28496 28496 I net.osmand: RoutingHelper Recalculate route, because correlation  : 186070.33175635283
07-04 12:54:47.706 28496 28506 I zygote  : Background concurrent copying GC freed 673790(14MB) AllocSpace objects, 0(0B) LOS objects, 15% free, 32MB/38MB, paused 3.199ms total 1.140s
07-04 12:54:47.962 28496 28496 I net.osmand: RoutingHelper Recalculate route, because correlation  : 186070.33175635283
07-04 12:54:48.058 28496 28496 I net.osmand: RoutingHelper Recalculate route, because correlation  : 186070.33175635283
07-04 12:54:48.058 28496 28496 I net.osmand: RoutingHelper Recalculate route, because wrong movement direction: 186070.33
07-04 12:54:48.399 28496 28496 I net.osmand: RoutingHelper Recalculate route, because correlation  : 186070.33175635283
07-04 12:54:48.399 28496 28496 I net.osmand: RoutingHelper Recalculate route, because wrong movement direction: 186070.33
07-04 12:54:48.492 28496 28496 I net.osmand: RoutingHelper Recalculate route, because correlation  : 186070.33175635283
07-04 12:54:48.641 28496 28496 I net.osmand: RoutingHelper Recalculate route, because correlation  : 186070.33175635283
07-04 12:54:48.641 28496 28496 I net.osmand: RoutingHelper Recalculate route, because wrong movement direction: 186070.33
07-04 12:54:48.810 28496 28496 I net.osmand: RoutingHelper Recalculate route, because correlation  : 186070.33175635283
07-04 12:54:49.245 28496 28506 I zygote  : Background concurrent copying GC freed 645002(14MB) AllocSpace objects, 0(0B) LOS objects, 16% free, 29MB/35MB, paused 5.637ms total 926.884ms
07-04 12:54:49.399 28496 28496 I net.osmand: RoutingHelper Recalculate route, because correlation  : 186070.33175635283
07-04 12:54:49.403 28496 28496 I net.osmand: RoutingHelper Recalculate route, because correlation  : 186070.33175635283
07-04 12:54:49.403 28496 28496 I net.osmand: RoutingHelper Recalculate route, because wrong movement direction: 186070.33
07-04 12:54:49.456 28496 28496 I net.osmand: RoutingHelper Recalculate route, because correlation  : 186070.33175635283
07-04 12:54:49.460 28496 28496 I net.osmand: RoutingHelper Recalculate route, because correlation  : 186070.33175635283
07-04 12:54:49.460 28496 28496 I net.osmand: RoutingHelper Recalculate route, because wrong movement direction: 186070.33
07-04 12:54:50.032 28496 28496 I net.osmand: RoutingHelper Recalculate route, because correlation  : 186070.33175635283
07-04 12:54:50.047 28496 28496 I net.osmand: RoutingHelper Recalculate route, because correlation  : 186070.33175635283
07-04 12:54:50.047 28496 28496 I net.osmand: RoutingHelper Recalculate route, because wrong movement direction: 186070.33
07-04 12:54:50.229  1604  2691 I WifiService: acquireWifiLock uid=10014 lockMode=2
07-04 12:54:50.268  1604  1617 E memtrack: Couldn't load memtrack module
07-04 12:54:50.268  1604  1617 W android.os.Debug: failed to get memory consumption info: -1
07-04 12:54:50.706 28496 28506 I zygote  : Background concurrent copying GC freed 510621(11MB) AllocSpace objects, 0(0B) LOS objects, 19% free, 24MB/30MB, paused 23.728ms total 460.849ms
07-04 12:54:50.746  1604  1617 E memtrack: Couldn't load memtrack module
07-04 12:54:50.746  1604  1617 W android.os.Debug: failed to get memory consumption info: -1
07-04 12:54:50.875  1604  1617 E memtrack: Couldn't load memtrack module
07-04 12:54:50.875  1604  1617 W android.os.Debug: failed to get memory consumption info: -1
07-04 12:54:50.959  1604  1617 E memtrack: Couldn't load memtrack module
07-04 12:54:50.959  1604  1617 W android.os.Debug: failed to get memory consumption info: -1
07-04 12:54:51.042 28496 28496 I net.osmand: RoutingHelper Recalculate route, because correlation  : 186070.33175635283
07-04 12:54:51.042 28496 28496 I net.osmand: RoutingHelper Recalculate route, because wrong movement direction: 186070.33
07-04 12:54:51.059 28496 28496 I net.osmand: RoutingHelper Recalculate route, because correlation  : 186070.33175635283
07-04 12:54:51.423 28496 28496 I chatty  : uid=10104(net.osmand) identical 1 line
07-04 12:54:51.542 28496 28496 I net.osmand: RoutingHelper Recalculate route, because correlation  : 186070.33175635283
07-04 12:54:51.543 28496 28496 I net.osmand: RoutingHelper Recalculate route, because wrong movement direction: 186070.33
07-04 12:54:51.668 28496 28496 I net.osmand: RoutingHelper Recalculate route, because correlation  : 186070.33175635283
07-04 12:54:51.686 28496 28496 I net.osmand: RoutingHelper Recalculate route, because correlation  : 186070.33175635283
07-04 12:54:51.687 28496 28496 I net.osmand: RoutingHelper Recalculate route, because wrong movement direction: 186070.33
07-04 12:54:52.258 28496 28506 I zygote  : Background concurrent copying GC freed 295375(6MB) AllocSpace objects, 0(0B) LOS objects, 18% free, 26MB/32MB, paused 13.607ms total 621.914ms
07-04 12:54:52.391 28496 28496 I net.osmand: RoutingHelper Recalculate route, because correlation  : 186070.33175635283
07-04 12:54:52.470 28496 28496 I net.osmand: RoutingHelper Recalculate route, because correlation  : 186070.33175635283
07-04 12:54:52.471 28496 28496 I net.osmand: RoutingHelper Recalculate route, because wrong movement direction: 186070.33
07-04 12:54:52.552 28496 28496 I net.osmand: RoutingHelper Recalculate route, because correlation  : 186070.33175635283
07-04 12:54:52.640 28496 28496 I net.osmand: RoutingHelper Recalculate route, because correlation  : 186070.33175635283
07-04 12:54:52.640 28496 28496 I net.osmand: RoutingHelper Recalculate route, because wrong movement direction: 186070.33
07-04 12:54:53.040 28496 28496 I net.osmand: RoutingHelper Recalculate route, because correlation  : 186070.33175635283
07-04 12:54:53.047 28496 28496 I net.osmand: RoutingHelper Recalculate route, because correlation  : 186070.33175635283
07-04 12:54:53.047 28496 28496 I net.osmand: RoutingHelper Recalculate route, because wrong movement direction: 186070.33
07-04 12:54:53.260  1604  2691 D WificondControl: Scan result ready event
07-04 12:54:53.409 28496 28496 I net.osmand: RoutingHelper Recalculate route, because correlation  : 186070.33175635283
07-04 12:54:53.420  1604  7927 I WifiService: releaseWifiLock uid=10014
07-04 12:54:53.480 28496 28506 I zygote  : Background concurrent copying GC freed 345019(7MB) AllocSpace objects, 0(0B) LOS objects, 17% free, 29MB/35MB, paused 5.518ms total 724.457ms
07-04 12:54:53.524 28496 28496 I net.osmand: RoutingHelper Recalculate route, because correlation  : 186070.33175635283
07-04 12:54:53.525 28496 28496 I net.osmand: RoutingHelper Recalculate route, because wrong movement direction: 186070.33
07-04 12:54:53.797 28496 28496 I net.osmand: RoutingHelper Recalculate route, because correlation  : 186070.33175635283
07-04 12:54:53.860 28496 28496 I net.osmand: RoutingHelper Recalculate route, because correlation  : 186070.33175635283
07-04 12:54:53.860 28496 28496 I net.osmand: RoutingHelper Recalculate route, because wrong movement direction: 186070.33
07-04 12:54:54.467 28496 28496 I net.osmand: RoutingHelper Recalculate route, because correlation  : 186070.33175635283
07-04 12:54:54.467 28496 28496 I net.osmand: RoutingHelper Recalculate route, because wrong movement direction: 186070.33
07-04 12:54:54.477 28496 28496 I net.osmand: RoutingHelper Recalculate route, because correlation  : 186070.33175635283
07-04 12:54:54.487 28496 28496 I chatty  : uid=10104(net.osmand) identical 1 line
07-04 12:54:54.490 28496 28496 I net.osmand: RoutingHelper Recalculate route, because correlation  : 186070.33175635283
07-04 12:54:54.490 28496 28496 I net.osmand: RoutingHelper Recalculate route, because wrong movement direction: 186070.33
07-04 12:54:54.748 28496 28506 I zygote  : Background concurrent copying GC freed 484480(10MB) AllocSpace objects, 0(0B) LOS objects, 17% free, 28MB/34MB, paused 1.480ms total 740.261ms
07-04 12:54:55.050 28496 28496 I net.osmand: RoutingHelper Recalculate route, because correlation  : 186070.33175635283
07-04 12:54:55.058 28496 28496 I net.osmand: RoutingHelper Recalculate route, because correlation  : 186070.33175635283
07-04 12:54:55.059 28496 28496 I net.osmand: RoutingHelper Recalculate route, because wrong movement direction: 186070.33
07-04 12:54:55.379 28496 28496 I net.osmand: RoutingHelper Recalculate route, because correlation  : 186070.33175635283
07-04 12:54:55.380 28496 28496 I net.osmand: RoutingHelper Recalculate route, because wrong movement direction: 186070.33
07-04 12:54:55.480 28496 28496 I net.osmand: RoutingHelper Recalculate route, because correlation  : 186070.33175635283
07-04 12:54:55.851 28496 28496 I net.osmand: RoutingHelper Recalculate route, because correlation  : 186070.33175635283
07-04 12:54:55.851 28496 28496 I net.osmand: RoutingHelper Recalculate route, because wrong movement direction: 186070.33
07-04 12:54:55.941 28496 28496 I net.osmand: RoutingHelper Recalculate route, because correlation  : 186070.33175635283
07-04 12:54:56.208 28496 28506 I zygote  : Background concurrent copying GC freed 448690(9MB) AllocSpace objects, 0(0B) LOS objects, 17% free, 28MB/34MB, paused 1.199ms total 674.371ms
07-04 12:54:56.402 28496 28496 I net.osmand: RoutingHelper Recalculate route, because correlation  : 186070.33175635283
07-04 12:54:56.471 28496 28496 I net.osmand: RoutingHelper Recalculate route, because correlation  : 186070.33175635283
07-04 12:54:56.471 28496 28496 I net.osmand: RoutingHelper Recalculate route, because wrong movement direction: 186070.33
07-04 12:54:56.483 28496 28496 I net.osmand: RoutingHelper Recalculate route, because correlation  : 186070.33175635283
07-04 12:54:56.485 28496 28496 I net.osmand: RoutingHelper Recalculate route, because correlation  : 186070.33175635283
07-04 12:54:56.485 28496 28496 I net.osmand: RoutingHelper Recalculate route, because wrong movement direction: 186070.33
07-04 12:54:57.038 28496 28496 I net.osmand: RoutingHelper Recalculate route, because correlation  : 186070.33175635283
07-04 12:54:57.113 28496 28496 I net.osmand: RoutingHelper Recalculate route, because correlation  : 186070.33175635283
07-04 12:54:57.113 28496 28496 I net.osmand: RoutingHelper Recalculate route, because wrong movement direction: 186070.33
07-04 12:54:57.460 28496 28496 I net.osmand: RoutingHelper Recalculate route, because correlation  : 186070.33175635283
07-04 12:54:57.509 28496 28496 I net.osmand: RoutingHelper Recalculate route, because correlation  : 186070.33175635283
07-04 12:54:57.510 28496 28496 I net.osmand: RoutingHelper Recalculate route, because wrong movement direction: 186070.33
07-04 12:54:57.779 28496 28496 I net.osmand: RoutingHelper Recalculate route, because correlation  : 186070.33175635283
07-04 12:54:57.779 28496 28496 I net.osmand: RoutingHelper Recalculate route, because wrong movement direction: 186070.33
07-04 12:54:57.853 28496 28506 I zygote  : Background concurrent copying GC freed 437966(9MB) AllocSpace objects, 0(0B) LOS objects, 16% free, 30MB/36MB, paused 1.176ms total 790.234ms
07-04 12:54:57.914 28496 28496 I net.osmand: RoutingHelper Recalculate route, because correlation  : 186070.33175635283
07-04 12:54:58.256 28496 28496 I chatty  : uid=10104(net.osmand) identical 1 line
07-04 12:54:58.258 28496 28496 I net.osmand: RoutingHelper Recalculate route, because correlation  : 186070.33175635283
07-04 12:54:58.259 28496 28496 I net.osmand: RoutingHelper Recalculate route, because wrong movement direction: 186070.33
07-04 12:54:58.417 28496 28496 I net.osmand: RoutingHelper Recalculate route, because correlation  : 186070.33175635283
07-04 12:54:58.417 28496 28496 I net.osmand: RoutingHelper Recalculate route, because wrong movement direction: 186070.33
07-04 12:54:58.439 28496 28496 I net.osmand: RoutingHelper Recalculate route, because correlation  : 186070.33175635283
07-04 12:54:58.986 28496 28506 I zygote  : Background concurrent copying GC freed 538295(11MB) AllocSpace objects, 0(0B) LOS objects, 18% free, 26MB/32MB, paused 3.899ms total 512.120ms
07-04 12:54:59.023 28496 28496 I net.osmand: RoutingHelper Recalculate route, because correlation  : 186070.33175635283
07-04 12:54:59.023 28496 28496 I net.osmand: RoutingHelper Recalculate route, because wrong movement direction: 186070.33
07-04 12:54:59.164 28496 28496 I net.osmand: RoutingHelper Recalculate route, because correlation  : 186070.33175635283
07-04 12:54:59.497 28496 28496 I net.osmand: RoutingHelper Recalculate route, because correlation  : 186070.33175635283
07-04 12:54:59.497 28496 28496 I net.osmand: RoutingHelper Recalculate route, because wrong movement direction: 186070.33
07-04 12:54:59.508 28496 28496 I net.osmand: RoutingHelper Recalculate route, because correlation  : 186070.33175635283
07-04 12:54:59.842 28496 28496 I net.osmand: RoutingHelper Recalculate route, because correlation  : 186070.33175635283
07-04 12:54:59.842 28496 28496 I net.osmand: RoutingHelper Recalculate route, because wrong movement direction: 186070.33
07-04 12:54:59.896 28496 28496 I net.osmand: RoutingHelper Recalculate route, because correlation  : 186070.33175635283
07-04 12:55:00.323 28496 28506 I zygote  : Background concurrent copying GC freed 362842(8MB) AllocSpace objects, 0(0B) LOS objects, 17% free, 27MB/33MB, paused 3.067ms total 703.693ms
07-04 12:55:00.390 28496 28496 I net.osmand: RoutingHelper Recalculate route, because correlation  : 186070.33175635283
07-04 12:55:00.396 28496 28496 I net.osmand: RoutingHelper Recalculate route, because correlation  : 186070.33175635283
07-04 12:55:00.396 28496 28496 I net.osmand: RoutingHelper Recalculate route, because wrong movement direction: 186070.33
07-04 12:55:00.481 28496 28496 I net.osmand: RoutingHelper Recalculate route, because correlation  : 186070.33175635283
07-04 12:55:00.481 28496 28496 I net.osmand: RoutingHelper Recalculate route, because wrong movement direction: 186070.33
07-04 12:55:00.661 28496 28496 I net.osmand: RoutingHelper Recalculate route, because correlation  : 186070.33175635283
07-04 12:55:01.070 28496 28496 I chatty  : uid=10104(net.osmand) identical 1 line
07-04 12:55:01.078 28496 28496 I net.osmand: RoutingHelper Recalculate route, because correlation  : 186070.33175635283
07-04 12:55:01.078 28496 28496 I net.osmand: RoutingHelper Recalculate route, because wrong movement direction: 186070.33
07-04 12:55:01.392 28496 28496 I net.osmand: RoutingHelper Recalculate route, because correlation  : 186070.33175635283
07-04 12:55:01.463 28496 28496 I net.osmand: RoutingHelper Recalculate route, because correlation  : 186070.33175635283
07-04 12:55:01.464 28496 28496 I net.osmand: RoutingHelper Recalculate route, because wrong movement direction: 186070.33
07-04 12:55:01.863 28496 28506 I zygote  : Background concurrent copying GC freed 418983(9MB) AllocSpace objects, 0(0B) LOS objects, 15% free, 32MB/38MB, paused 3.501ms total 949.539ms
07-04 12:55:01.877 28496 28496 I net.osmand: RoutingHelper Recalculate route, because correlation  : 186070.33175635283
07-04 12:55:01.877 28496 28496 I net.osmand: RoutingHelper Recalculate route, because wrong movement direction: 186070.33
07-04 12:55:01.890 28496 28496 I net.osmand: RoutingHelper Recalculate route, because correlation  : 186070.33175635283
07-04 12:55:02.344 28496 28496 I chatty  : uid=10104(net.osmand) identical 1 line
07-04 12:55:02.410 28496 28496 I net.osmand: RoutingHelper Recalculate route, because correlation  : 186070.33175635283
07-04 12:55:02.410 28496 28496 I net.osmand: RoutingHelper Recalculate route, because wrong movement direction: 186070.33
07-04 12:55:02.580 28496 28496 I net.osmand: RoutingHelper Recalculate route, because correlation  : 186070.33175635283
07-04 12:55:02.580 28496 28496 I net.osmand: RoutingHelper Recalculate route, because wrong movement direction: 186070.33
07-04 12:55:02.646 28496 28496 I net.osmand: RoutingHelper Recalculate route, because correlation  : 186070.33175635283
07-04 12:55:03.076 28496 28506 I zygote  : Background concurrent copying GC freed 656208(14MB) AllocSpace objects, 0(0B) LOS objects, 17% free, 28MB/34MB, paused 7.654ms total 609.117ms
07-04 12:55:03.194 28496 28496 I net.osmand: RoutingHelper Recalculate route, because correlation  : 186070.33175635283
07-04 12:55:03.194 28496 28496 I net.osmand: RoutingHelper Recalculate route, because wrong movement direction: 186070.33
07-04 12:55:03.226 28496 28496 I net.osmand: RoutingHelper Recalculate route, because correlation  : 186070.33175635283
07-04 12:55:03.393 28496 28496 I net.osmand: RoutingHelper Recalculate route, because correlation  : 186070.33175635283
07-04 12:55:03.393 28496 28496 I net.osmand: RoutingHelper Recalculate route, because wrong movement direction: 186070.33
07-04 12:55:03.547 28496 28496 I net.osmand: RoutingHelper Recalculate route, because correlation  : 186070.33175635283
07-04 12:55:03.776 28496 28496 I net.osmand: RoutingHelper Recalculate route, because correlation  : 186070.33175635283
07-04 12:55:03.777 28496 28496 I net.osmand: RoutingHelper Recalculate route, because wrong movement direction: 186070.33
07-04 12:55:03.936 28496 28496 I net.osmand: RoutingHelper Recalculate route, because correlation  : 186070.33175635283
07-04 12:55:04.314 28496 28506 I zygote  : Background concurrent copying GC freed 435277(9MB) AllocSpace objects, 0(0B) LOS objects, 16% free, 29MB/35MB, paused 1.259ms total 734.639ms
07-04 12:55:04.389 28496 28496 I net.osmand: RoutingHelper Recalculate route, because correlation  : 186070.33175635283
07-04 12:55:04.399 28496 28496 I net.osmand: RoutingHelper Recalculate route, because correlation  : 186070.33175635283
07-04 12:55:04.399 28496 28496 I net.osmand: RoutingHelper Recalculate route, because wrong movement direction: 186070.33
07-04 12:55:04.612 28496 28496 I net.osmand: RoutingHelper Recalculate route, because correlation  : 186070.33175635283
07-04 12:55:04.613 28496 28496 I net.osmand: RoutingHelper Recalculate route, because wrong movement direction: 186070.33
07-04 12:55:04.636 28496 28496 I net.osmand: RoutingHelper Recalculate route, because correlation  : 186070.33175635283
07-04 12:55:05.221 28496 28496 I net.osmand: RoutingHelper Recalculate route, because correlation  : 186070.33175635283
07-04 12:55:05.222 28496 28496 I net.osmand: RoutingHelper Recalculate route, because wrong movement direction: 186070.33
07-04 12:55:05.225 28496 28496 I net.osmand: RoutingHelper Recalculate route, because correlation  : 186070.33175635283
07-04 12:55:05.291 28496 28506 I zygote  : Background concurrent copying GC freed 508653(11MB) AllocSpace objects, 0(0B) LOS objects, 18% free, 26MB/32MB, paused 2.257ms total 484.164ms
07-04 12:55:05.411 28496 28496 I net.osmand: RoutingHelper Recalculate route, because correlation  : 186070.33175635283
07-04 12:55:05.418 28496 28496 I net.osmand: RoutingHelper Recalculate route, because correlation  : 186070.33175635283
07-04 12:55:05.418 28496 28496 I net.osmand: RoutingHelper Recalculate route, because wrong movement direction: 186070.33
07-04 12:55:06.010 28496 28496 I net.osmand: RoutingHelper Recalculate route, because correlation  : 186070.33175635283
07-04 12:55:06.011 28496 28496 I net.osmand: RoutingHelper Recalculate route, because wrong movement direction: 186070.33
07-04 12:55:06.038 28496 28496 I net.osmand: TTSCommandPlayerImpl Send message to pebble desviou-se da rota por  186 quilÃ³metros 
07-04 12:55:06.038 28496 28496 D net.osmand: AbstractPrologCommandPlayer requestAudioFocus
07-04 12:55:06.038 28496 28496 W AudioManager: Use of stream types is deprecated for operations other than volume control
07-04 12:55:06.038 28496 28496 W AudioManager: See the documentation of requestAudioFocus() for what to use instead with android.media.AudioAttributes to qualify your playback use case
07-04 12:55:06.040  1604  4176 I MediaFocusControl: requestAudioFocus() from uid/pid 10104/28496 clientId=android.media.AudioManager@9796e46net.osmand.plus.api.AudioFocusHelperImpl@58e23c0 callingPack=net.osmand req=3 flags=0x0 sdk=26
07-04 12:55:06.040 28496 28496 D net.osmand: TTSCommandPlayerImpl ttsRequests=1
07-04 12:55:06.044  4639 28593 I TTS.GoogleTTSServiceImp: Synthesis request for locale por-BRA and name pt-BR-language
07-04 12:55:06.045  4639 28593 I TTS.GoogleTTSServiceImp: TTS dispatch: pt-br-x-afs-lstm-embedded
07-04 12:55:06.060  4639 28594 D AudioTrack: Client defaulted notificationFrames to 1365 for frameCount 4096
07-04 12:55:06.083  1604  4176 V MediaRouterService: restoreBluetoothA2dp(false)
07-04 12:55:06.093  1394  3176 W audio_hw_generic: Not supplying enough data to HAL, expected position 745990041 , only wrote 745989840
07-04 12:55:06.098 28496 28496 I net.osmand: RoutingHelper Recalculate route, because correlation  : 186070.33175635283
07-04 12:55:06.428 28496 28496 I chatty  : uid=10104(net.osmand) identical 1 line
07-04 12:55:06.491 28496 28496 I net.osmand: RoutingHelper Recalculate route, because correlation  : 186070.33175635283
07-04 12:55:06.492 28496 28496 I net.osmand: RoutingHelper Recalculate route, because wrong movement direction: 186070.33
07-04 12:55:06.639 28496 28496 I net.osmand: RoutingHelper Recalculate route, because correlation  : 186070.33175635283
07-04 12:55:06.639 28496 28496 I net.osmand: RoutingHelper Recalculate route, because wrong movement direction: 186070.33
07-04 12:55:06.646 28496 28496 I net.osmand: RoutingHelper Recalculate route, because correlation  : 186070.33175635283
07-04 12:55:07.056 28496 28506 I zygote  : Background concurrent copying GC freed 348195(7MB) AllocSpace objects, 0(0B) LOS objects, 15% free, 33MB/39MB, paused 6.354ms total 1.206s
07-04 12:55:07.186 28496 28496 I net.osmand: RoutingHelper Recalculate route, because correlation  : 186070.33175635283
07-04 12:55:07.186 28496 28496 I net.osmand: RoutingHelper Recalculate route, because wrong movement direction: 186070.33
07-04 12:55:07.324 28496 28496 I net.osmand: RoutingHelper Recalculate route, because correlation  : 186070.33175635283
07-04 12:55:07.420 28496 28496 I net.osmand: RoutingHelper Recalculate route, because correlation  : 186070.33175635283
07-04 12:55:07.421 28496 28496 I net.osmand: RoutingHelper Recalculate route, because wrong movement direction: 186070.33
07-04 12:55:07.496 28496 28496 I net.osmand: RoutingHelper Recalculate route, because correlation  : 186070.33175635283
07-04 12:55:07.657 28496 28496 I zygote  : IncrementDisableThreadFlip blocked for 11.282ms
07-04 12:55:08.012 28496 28496 I net.osmand: RoutingHelper Recalculate route, because correlation  : 186070.33175635283
07-04 12:55:08.012 28496 28496 I net.osmand: RoutingHelper Recalculate route, because wrong movement direction: 186070.33
07-04 12:55:08.191 28496 28496 I net.osmand: RoutingHelper Recalculate route, because correlation  : 186070.33175635283
07-04 12:55:08.490 28496 28496 I net.osmand: RoutingHelper Recalculate route, because correlation  : 186070.33175635283
07-04 12:55:08.490 28496 28496 I net.osmand: RoutingHelper Recalculate route, because wrong movement direction: 186070.33
07-04 12:55:08.649 28496 28496 I net.osmand: RoutingHelper Recalculate route, because correlation  : 186070.33175635283
07-04 12:55:08.649 28496 28496 I net.osmand: RoutingHelper Recalculate route, because wrong movement direction: 186070.33
07-04 12:55:08.664 28496 28496 I net.osmand: RoutingHelper Recalculate route, because correlation  : 186070.33175635283
07-04 12:55:09.053 28496 28506 I zygote  : Background concurrent copying GC freed 668912(14MB) AllocSpace objects, 0(0B) LOS objects, 14% free, 34MB/40MB, paused 4.891ms total 1.413s
07-04 12:55:09.198 28496 28496 I net.osmand: RoutingHelper Recalculate route, because correlation  : 186070.33175635283
07-04 12:55:09.276 28496 28496 I net.osmand: RoutingHelper Recalculate route, because correlation  : 186070.33175635283
07-04 12:55:09.276 28496 28496 I net.osmand: RoutingHelper Recalculate route, because wrong movement direction: 186070.33
07-04 12:55:09.532 28496 28496 I net.osmand: RoutingHelper Recalculate route, because correlation  : 186070.33175635283
07-04 12:55:09.532 28496 28496 I net.osmand: RoutingHelper Recalculate route, because wrong movement direction: 186070.33
07-04 12:55:09.591 28496 28496 I net.osmand: RoutingHelper Recalculate route, because correlation  : 186070.33175635283
07-04 12:55:10.169 28496 28496 I net.osmand: RoutingHelper Recalculate route, because correlation  : 186070.33175635283
07-04 12:55:10.170 28496 28496 I net.osmand: RoutingHelper Recalculate route, because wrong movement direction: 186070.33
07-04 12:55:10.199 28496 28496 I net.osmand: RoutingHelper Recalculate route, because correlation  : 186070.33175635283
07-04 12:55:10.387  4639 28594 D AudioTrack: stop() called with 92730 frames delivered
07-04 12:55:10.388  1604  3883 V MediaRouterService: restoreBluetoothA2dp(false)
07-04 12:55:10.394 28496 28617 D net.osmand: AbstractPrologCommandPlayer abandonAudioFocus
07-04 12:55:10.394  1604  7927 I MediaFocusControl: abandonAudioFocus() from uid/pid 10104/28496 clientId=android.media.AudioManager@9796e46net.osmand.plus.api.AudioFocusHelperImpl@58e23c0
07-04 12:55:10.395 28496 28617 D net.osmand: TTSCommandPlayerImpl ttsRequests=0
07-04 12:55:10.423 28496 28496 I net.osmand: RoutingHelper Recalculate route, because correlation  : 186070.33175635283
07-04 12:55:10.590 28496 28496 I net.osmand: RoutingHelper Recalculate route, because correlation  : 186070.33175635283
07-04 12:55:10.590 28496 28496 I net.osmand: RoutingHelper Recalculate route, because wrong movement direction: 186070.33
07-04 12:55:10.640 28496 28506 I zygote  : Background concurrent copying GC freed 730573(16MB) AllocSpace objects, 0(0B) LOS objects, 16% free, 29MB/35MB, paused 18.048ms total 840.695ms
07-04 12:55:10.666 28496 28496 I net.osmand: RoutingHelper Recalculate route, because correlation  : 186070.33175635283
07-04 12:55:10.667 28496 28496 I net.osmand: RoutingHelper Recalculate route, because wrong movement direction: 186070.33
07-04 12:55:10.679 28496 28496 I net.osmand: RoutingHelper Recalculate route, because correlation  : 186070.33175635283
07-04 12:55:11.304  1604  4176 I WifiService: acquireWifiLock uid=10014 lockMode=2
07-04 12:55:11.313 28496 28496 I net.osmand: RoutingHelper Recalculate route, because correlation  : 186070.33175635283
07-04 12:55:11.352 28496 28496 I net.osmand: RoutingHelper Recalculate route, because correlation  : 186070.33175635283
07-04 12:55:11.353 28496 28496 I net.osmand: RoutingHelper Recalculate route, because wrong movement direction: 186070.33
07-04 12:55:11.431 28496 28496 I net.osmand: RoutingHelper Recalculate route, because correlation  : 186070.33175635283
07-04 12:55:11.431 28496 28496 I net.osmand: RoutingHelper Recalculate route, because wrong movement direction: 186070.33
07-04 12:55:11.459  1604  7927 I WifiService: releaseWifiLock uid=10014
07-04 12:55:11.557 28496 28496 I net.osmand: RoutingHelper Recalculate route, because correlation  : 186070.33175635283
07-04 12:55:11.998 28496 28496 I chatty  : uid=10104(net.osmand) identical 1 line
07-04 12:55:12.012 28496 28496 I net.osmand: RoutingHelper Recalculate route, because correlation  : 186070.33175635283
07-04 12:55:12.012 28496 28496 I net.osmand: RoutingHelper Recalculate route, because wrong movement direction: 186070.33
07-04 12:55:12.439 28496 28496 I net.osmand: RoutingHelper Recalculate route, because correlation  : 186070.33175635283
07-04 12:55:12.505 28496 28496 I net.osmand: RoutingHelper Recalculate route, because correlation  : 186070.33175635283
07-04 12:55:12.505 28496 28496 I net.osmand: RoutingHelper Recalculate route, because wrong movement direction: 186070.33
07-04 12:55:12.587  1394  3176 W audio_hw_generic: Not supplying enough data to HAL, expected position 746301625 , only wrote 746301600
07-04 12:55:12.621 10677 10711 I WorkerManager: dispose()
07-04 12:55:12.624 10677 10711 W ThreadPoolDumper: Queue length for executor EventBus is now 11. Perhaps some tasks are too long, or the pool is too small.
07-04 12:55:12.683 28496 28506 I zygote  : Background concurrent copying GC freed 525121(11MB) AllocSpace objects, 0(0B) LOS objects, 16% free, 30MB/36MB, paused 12.532ms total 1.157s
07-04 12:55:12.789 28496 28496 I net.osmand: RoutingHelper Recalculate route, because correlation  : 186070.33175635283
07-04 12:55:12.789 28496 28496 I net.osmand: RoutingHelper Recalculate route, because wrong movement direction: 186070.33
07-04 12:55:12.830 28496 28496 I net.osmand: RoutingHelper Recalculate route, because correlation  : 186070.33175635283
07-04 12:55:13.248 28496 28496 I net.osmand: RoutingHelper Recalculate route, because correlation  : 186070.33175635283
07-04 12:55:13.248 28496 28496 I net.osmand: RoutingHelper Recalculate route, because wrong movement direction: 186070.33
07-04 12:55:13.269 28496 28496 I net.osmand: RoutingHelper Recalculate route, because correlation  : 186070.33175635283
07-04 12:55:13.398  1394  1575 W audio_hw_generic: Not supplying enough data to HAL, expected position 746378559 , only wrote 746340480
07-04 12:55:13.428 28496 28496 I net.osmand: RoutingHelper Recalculate route, because correlation  : 186070.33175635283
07-04 12:55:13.428 28496 28496 I net.osmand: RoutingHelper Recalculate route, because wrong movement direction: 186070.33
07-04 12:55:13.432 28496 28496 I net.osmand: RoutingHelper Recalculate route, because correlation  : 186070.33175635283
07-04 12:55:13.945 28496 28506 I zygote  : Background concurrent copying GC freed 570113(12MB) AllocSpace objects, 0(0B) LOS objects, 17% free, 27MB/33MB, paused 7.476ms total 615.194ms
07-04 12:55:13.950 28496 28496 I net.osmand: RoutingHelper Recalculate route, because correlation  : 186070.33175635283
07-04 12:55:13.950 28496 28496 I net.osmand: RoutingHelper Recalculate route, because wrong movement direction: 186070.33
07-04 12:55:14.026 28496 28496 I net.osmand: RoutingHelper Recalculate route, because correlation  : 186070.33175635283
07-04 12:55:14.210  1604  4176 D WificondControl: Scan result ready event
07-04 12:55:14.476 28496 28496 I net.osmand: RoutingHelper Recalculate route, because correlation  : 186070.33175635283
07-04 12:55:14.476 28496 28496 I net.osmand: RoutingHelper Recalculate route, because wrong movement direction: 186070.33
