--------- beginning of main
06-29 13:43:56.910 23488 23488 I net.osmand: RoutingHelper Recalculate route, because correlation  : 1723743.7223726055
06-29 13:43:56.927  1964  1964 W ChimeraUtils: Non Chimera context
06-29 13:43:56.927  1964  1964 W ChimeraUtils: Non Chimera context
06-29 13:43:57.000  1600  1613 E memtrack: Couldn't load memtrack module
06-29 13:43:57.000  1600  1613 W android.os.Debug: failed to get memory consumption info: -1
06-29 13:43:57.565 23488 23488 I net.osmand: RoutingHelper Recalculate route, because correlation  : 1723743.7223726055
06-29 13:43:57.640 23488 23488 I net.osmand: RoutingHelper Recalculate route, because correlation  : 1723743.7223726055
06-29 13:43:57.640 23488 23488 I net.osmand: RoutingHelper Recalculate route, because wrong movement direction: 1723776.1
06-29 13:43:57.808 23488 23488 I net.osmand: RoutingHelper Recalculate route, because correlation  : 1723743.7223726055
06-29 13:43:57.810 23488 23488 I net.osmand: RoutingHelper Recalculate route, because wrong movement direction: 1723776.1
06-29 13:43:57.815 23488 23488 I net.osmand: RoutingHelper Recalculate route, because correlation  : 1723743.7223726055
06-29 13:43:58.727 23488 23488 I chatty  : uid=10104(net.osmand) identical 1 line
06-29 13:43:58.772 23488 23488 I net.osmand: RoutingHelper Recalculate route, because correlation  : 1723743.7223726055
06-29 13:43:58.772 23488 23488 I net.osmand: RoutingHelper Recalculate route, because wrong movement direction: 1723776.1
06-29 13:43:59.069 23488 23488 I net.osmand: RoutingHelper Recalculate route, because correlation  : 1723743.7223726055
06-29 13:43:59.074 23488 23488 I net.osmand: RoutingHelper Recalculate route, because correlation  : 1723743.7223726055
06-29 13:43:59.074 23488 23488 I net.osmand: RoutingHelper Recalculate route, because wrong movement direction: 1723776.1
06-29 13:43:59.727 23488 23488 I net.osmand: RoutingHelper Recalculate route, because correlation  : 1723743.7223726055
06-29 13:43:59.757 23488 23488 I net.osmand: RoutingHelper Recalculate route, because correlation  : 1723743.7223726055
06-29 13:43:59.757 23488 23488 I net.osmand: RoutingHelper Recalculate route, because wrong movement direction: 1723776.1
06-29 13:43:59.794  1600 25520 D NetworkMonitor/NetworkAgentInfo [WIFI () - 101]: PROBE_DNS connectivitycheck.gstatic.com 49ms OK 172.217.172.131,2800:3f0:4001:81a::2003
06-29 13:43:59.858  1600 25519 D NetworkMonitor/NetworkAgentInfo [WIFI () - 101]: PROBE_DNS www.google.com 94ms OK 172.217.28.228,2800:3f0:4001:801::2004
06-29 13:44:00.721 23488 23488 I net.osmand: RoutingHelper Recalculate route, because correlation  : 1723743.7223726055
06-29 13:44:00.755 23488 23488 I net.osmand: RoutingHelper Recalculate route, because correlation  : 1723743.7223726055
06-29 13:44:00.755 23488 23488 I net.osmand: RoutingHelper Recalculate route, because wrong movement direction: 1723776.1
06-29 13:44:00.917 23488 23488 I net.osmand: RoutingHelper Recalculate route, because correlation  : 1723743.7223726055
06-29 13:44:00.940 23488 23488 I net.osmand: RoutingHelper Recalculate route, because correlation  : 1723743.7223726055
06-29 13:44:00.940 23488 23488 I net.osmand: RoutingHelper Recalculate route, because wrong movement direction: 1723776.1
--------- beginning of system
06-29 13:43:33.017  1600  1617 I chatty  : uid=1000(system) batterystats-wo expire 1 line
06-29 13:43:49.736  1600  1617 E BatteryExternalStatsWorker: modem info is invalid: ModemActivityInfo{ mTimestamp=0 mSleepTimeMs=0 mIdleTimeMs=0 mTxTimeMs[]=[0, 0, 0, 0, 0] mRxTimeMs=0 mEnergyUsed=0}
06-29 13:44:01.180  1600  7948 I ActivityManager: START u0 {act=android.intent.action.MAIN cat=[android.intent.category.HOME] flg=0x10000000 cmp=com.google.android.apps.nexuslauncher/.NexusLauncherActivity} from uid 2000
06-29 13:44:01.333  1398  1398 D gralloc_ranchu: gralloc_alloc: Creating ashmem region of size 8298496
06-29 13:44:01.366  1600  1615 W Looper  : Dispatch took 108ms on android.ui, h=Handler (com.android.server.am.ActivityManagerService$UiHandler) {bce2944} cb=null msg=31
06-29 13:44:01.401  1398  1398 I chatty  : uid=1000(system) allocator@2.0-s identical 1 line
06-29 13:44:01.448  1398  1398 D gralloc_ranchu: gralloc_alloc: Creating ashmem region of size 8298496
06-29 13:44:01.576  1408  1408 D SurfaceFlinger: duplicate layer name: changing com.google.android.apps.nexuslauncher/com.google.android.apps.nexuslauncher.NexusLauncherActivity to com.google.android.apps.nexuslauncher/com.google.android.apps.nexuslauncher.NexusLauncherActivity#1
06-29 13:44:01.632  1398  1398 D gralloc_ranchu: gralloc_alloc: Creating ashmem region of size 8298496
06-29 13:44:01.678  1398  1398 D gralloc_ranchu: gralloc_alloc: Creating ashmem region of size 8298496
06-29 13:44:01.683  1600  4840 I GnssLocationProvider: WakeLock acquired by sendMessage(SET_REQUEST, 0, com.android.server.location.GnssLocationProvider$GpsRequest@b6b1bbc)
06-29 13:44:01.717  1600  1613 I GnssLocationProvider: WakeLock released by handleMessage(SET_REQUEST, 0, com.android.server.location.GnssLocationProvider$GpsRequest@b6b1bbc)
06-29 13:44:01.729  1398  1435 D gralloc_ranchu: gralloc_alloc: Creating ashmem region of size 8298496
06-29 13:44:01.740  1600  1614 W ActivityManager: Activity pause timeout for ActivityRecord{acd9006 u0 net.osmand/.plus.activities.MapActivity t5}
06-29 13:44:01.812 23488 23488 D net.osmand: Disable sensor
06-29 13:44:01.890  1398  1435 D gralloc_ranchu: gralloc_alloc: Creating ashmem region of size 8298496
06-29 13:44:01.994  2118  2184 D EGL_emulation: eglMakeCurrent: 0x8b867100: ver 2 0 (tinfo 0x8b8707f0)
06-29 13:44:02.080  1398  1435 D gralloc_ranchu: gralloc_alloc: Creating ashmem region of size 8298496
06-29 13:44:02.297  2629  2629 I Choreographer: Skipped 44 frames!  The application may be doing too much work on its main thread.
06-29 13:44:02.351  1398  1435 D gralloc_ranchu: gralloc_alloc: Creating ashmem region of size 8298496
06-29 13:44:02.514  2118  2184 W OpenGLRenderer: Incorrectly called buildLayer on View: ShortcutAndWidgetContainer, destroying layer...
06-29 13:44:02.516  2118  2184 W OpenGLRenderer: Incorrectly called buildLayer on View: ShortcutAndWidgetContainer, destroying layer...
06-29 13:44:02.536 23488 23488 I net.osmand: MapRenderRepositories RENDER MAP: Interrupt rendering map
06-29 13:44:02.538  1398  1435 D gralloc_ranchu: gralloc_alloc: Creating ashmem region of size 8298496
06-29 13:44:02.581  2629  2884 D EGL_emulation: eglMakeCurrent: 0xa61b6ce0: ver 2 0 (tinfo 0xa619b690)
06-29 13:44:02.598  1964  1964 I GeofencerStateMachine: sendNewLocationAvailability: availability=LocationAvailability[isLocationAvailable: true]
06-29 13:44:02.608  1398  1435 D gralloc_ranchu: gralloc_alloc: Creating ashmem region of size 8298496
06-29 13:44:02.636 23488 23488 I net.osmand: RoutingHelper Recalculate route, because correlation  : 1723743.7223726055
06-29 13:44:02.691  1704  1929 D EGL_emulation: eglMakeCurrent: 0x9e4046c0: ver 2 0 (tinfo 0x9e403690)
06-29 13:44:02.772  1704  1929 I chatty  : uid=10029(com.android.systemui) RenderThread identical 1 line
06-29 13:44:02.842  1704  1929 D EGL_emulation: eglMakeCurrent: 0x9e4046c0: ver 2 0 (tinfo 0x9e403690)
06-29 13:44:02.900  1398  1435 D gralloc_ranchu: gralloc_alloc: Creating ashmem region of size 8298496
06-29 13:44:02.965  1408  1408 E EGL_emulation: tid 1408: eglCreateSyncKHR(1962): error 0x3004 (EGL_BAD_ATTRIBUTE)
06-29 13:44:03.026  2629 25294 W ThreadPoolDumper: Queue length for executor EventBus is now 11. Perhaps some tasks are too long, or the pool is too small.
06-29 13:44:03.056  1704  1723 I zygote  : WaitForGcToComplete blocked NativeAlloc on None for 8.232ms
06-29 13:44:03.066 23488 23530 D EGL_emulation: eglMakeCurrent: 0x894fd4a0: ver 2 0 (tinfo 0x895de8b0)
06-29 13:44:03.097  2118  2126 I zygote  : NativeAlloc concurrent copying GC freed 10636(543KB) AllocSpace objects, 2(104KB) LOS objects, 49% free, 4MB/9MB, paused 18.924ms total 854.667ms
06-29 13:44:03.224  2629  2890 W SessionLifecycleManager: Handover failed. Creating new session controller.
06-29 13:44:03.365 23488 23488 I net.osmand: RoutingHelper Recalculate route, because correlation  : 1723743.7223726055
06-29 13:44:03.365 23488 23488 I net.osmand: RoutingHelper Recalculate route, because wrong movement direction: 1723776.1
06-29 13:44:03.367 23488 23488 I Choreographer: Skipped 43 frames!  The application may be doing too much work on its main thread.
06-29 13:44:03.411 23488 23488 I net.osmand: RoutingHelper Recalculate route, because correlation  : 1723743.7223726055
06-29 13:44:03.425 23488 23488 I net.osmand: RoutingHelper Recalculate route, because correlation  : 1723743.7223726055
06-29 13:44:03.425 23488 23488 I net.osmand: RoutingHelper Recalculate route, because wrong movement direction: 1723776.1
06-29 13:44:03.434 23488 23488 I net.osmand: RoutingHelper Recalculate route, because correlation  : 1723743.7223726055
06-29 13:44:03.437 23488 23488 I net.osmand: RoutingHelper Recalculate route, because wrong movement direction: 1723776.1
06-29 13:44:03.815 23488 23488 I net.osmand: RoutingHelper Recalculate route, because correlation  : 1723743.7223726055
06-29 13:44:03.823 23488 23488 I net.osmand: RoutingHelper Recalculate route, because correlation  : 1723743.7223726055
06-29 13:44:03.823 23488 23488 I net.osmand: RoutingHelper Recalculate route, because wrong movement direction: 1723776.1
06-29 13:44:03.997 23488 25533 E FA      : Task exception on worker thread: java.lang.IllegalAccessError: Method 'void android.support.v4.content.ContextCompat.<init>()' is inaccessible to class 'com.google.firebase.iid.zzg' (declaration of 'com.google.firebase.iid.zzg' appears in /data/app/net.osmand-3e2027wrPNiMXbTSfYMHIA==/base.apk): com.google.android.gms.measurement.internal.zzt.zzEd(Unknown Source:3)
06-29 13:44:04.186  1704  1704 I Choreographer: Skipped 38 frames!  The application may be doing too much work on its main thread.
06-29 13:44:04.214  1704  1929 D EGL_emulation: eglMakeCurrent: 0x9e4046c0: ver 2 0 (tinfo 0x9e403690)
06-29 13:44:04.398 23488 23488 I net.osmand: RoutingHelper Recalculate route, because correlation  : 1723743.7223726055
06-29 13:44:04.406 23488 23488 I net.osmand: RoutingHelper Recalculate route, because correlation  : 1723743.7223726055
06-29 13:44:04.406 23488 23488 I net.osmand: RoutingHelper Recalculate route, because wrong movement direction: 1723776.1
06-29 13:44:04.576  1600  2131 I WifiService: getWifiEnabledState uid=10032
06-29 13:44:04.657  1600  2131 I WifiService: getWifiEnabledState uid=10032
06-29 13:44:04.763 23488 23488 I net.osmand: RoutingHelper Recalculate route, because correlation  : 1723743.7223726055
06-29 13:44:04.764 23488 23488 I net.osmand: RoutingHelper Recalculate route, because correlation  : 1723743.7223726055
06-29 13:44:04.764 23488 23488 I net.osmand: RoutingHelper Recalculate route, because wrong movement direction: 1723776.1
06-29 13:44:04.785  1704  1723 I zygote  : NativeAlloc concurrent copying GC freed 61510(2MB) AllocSpace objects, 0(0B) LOS objects, 43% free, 7MB/13MB, paused 62.550ms total 1.728s
06-29 13:44:04.941  2629 25544 W LocationOracle: No location history returned by ContextManager
06-29 13:44:04.966  1600  2131 I WifiService: getWifiEnabledState uid=10032
06-29 13:44:05.179  2629  2890 W ThreadPoolDumper: Task g[Perform work for worker [optin]] was queued for 1021ms before starting on executor EventBus
06-29 13:44:05.396  1600  7948 I ActivityManager: Force stopping com.skgames.trafficrider appid=10081 user=0: from pid 25548
06-29 13:44:05.399  1600  7948 I ActivityManager: Killing 23669:com.android.chrome/u0a49 (adj 906): empty for 1800s
06-29 13:44:05.400  1600  1616 W zygote  : kill(-23669, 9) failed: No such process
06-29 13:44:05.498  1600  1616 I chatty  : uid=1000(system) ActivityManager identical 2 lines
06-29 13:44:05.544  1600  1616 W zygote  : kill(-23669, 9) failed: No such process
06-29 13:44:05.550  1833  1833 D CarrierSvcBindHelper: No carrier app for: 0
06-29 13:44:05.554  1399  1414 D hwcomposer: hw_composer sent 24 syncs in 365s
06-29 13:44:05.604  1600  1616 W zygote  : kill(-23669, 9) failed: No such process
06-29 13:44:05.644  1600  1616 W zygote  : kill(-23669, 9) failed: No such process
06-29 13:44:05.644  1600  1616 I zygote  : Successfully killed process cgroup uid 10049 pid 23669 in 244ms
06-29 13:44:05.742 23488 23488 I net.osmand: RoutingHelper Recalculate route, because correlation  : 1723743.7223726055
06-29 13:44:05.747 23488 23488 I net.osmand: RoutingHelper Recalculate route, because correlation  : 1723743.7223726055
06-29 13:44:05.747 23488 23488 I net.osmand: RoutingHelper Recalculate route, because wrong movement direction: 1723776.1
06-29 13:44:05.964  1964  1964 I GeofencerStateMachine: removeGeofences: removeRequest=RemoveGeofencingRequest[REMOVE_BY_PENDING_INTENT pendingIntent=PendingIntent[creatorPackage=com.google.android.gms], packageName=com.google.android.gms]
06-29 13:44:05.968  1964  1964 I chatty  : uid=10014 com.google.android.gms.persistent identical 1 line
06-29 13:44:06.002  1964  1964 I GeofencerStateMachine: removeGeofences: removeRequest=RemoveGeofencingRequest[REMOVE_BY_PENDING_INTENT pendingIntent=PendingIntent[creatorPackage=com.google.android.gms], packageName=com.google.android.gms]
06-29 13:44:06.064 23488 23488 I net.osmand: RoutingHelper Recalculate route, because correlation  : 1723743.7223726055
06-29 13:44:06.065 23488 23488 I net.osmand: RoutingHelper Recalculate route, because wrong movement direction: 1723776.1
06-29 13:44:06.088  1600  1609 I zygote  : NativeAlloc concurrent copying GC freed 19630(1128KB) AllocSpace objects, 2(40KB) LOS objects, 20% free, 22MB/28MB, paused 3.873ms total 2.459s
06-29 13:44:06.095 23488 23488 I net.osmand: RoutingHelper Recalculate route, because correlation  : 1723743.7223726055
06-29 13:44:06.209  1964 24969 W ctxmgr  : [AclManager] No 3 for (accnt=account#1066226748#, com.google.android.gms(10014):UserVelocityProducer, vrsn=17785022, 0, 3pPkg = null ,  3pMdlId = null ,  pid = 1964). Was: 2 for 1, account#1066226748# [CONTEXT service_id=47 ]
06-29 13:44:06.436  1600  2131 I ActivityManager: Force stopping com.EvilChaotic.ModernWarplanes appid=10082 user=0: from pid 25556
06-29 13:44:06.502  1833  1833 D CarrierSvcBindHelper: No carrier app for: 0
06-29 13:44:06.645  1964  1964 I GeofencerStateMachine: removeGeofences: removeRequest=RemoveGeofencingRequest[REMOVE_BY_PENDING_INTENT pendingIntent=PendingIntent[creatorPackage=com.google.android.gms], packageName=com.google.android.gms]
06-29 13:44:06.675  1964  1964 I GeofencerStateMachine: removeGeofences: removeRequest=RemoveGeofencingRequest[REMOVE_BY_PENDING_INTENT pendingIntent=PendingIntent[creatorPackage=com.google.android.gms], packageName=com.google.android.gms]
06-29 13:44:06.736 23488 23488 I net.osmand: RoutingHelper Recalculate route, because correlation  : 1723743.7223726055
06-29 13:44:06.743 23488 23488 I net.osmand: RoutingHelper Recalculate route, because correlation  : 1723743.7223726055
06-29 13:44:06.743 23488 23488 I net.osmand: RoutingHelper Recalculate route, because wrong movement direction: 1723776.1
06-29 13:44:06.798  1964 25558 I PlaceInferenceEngine: [anon] Changed inference mode: 0
06-29 13:44:06.844  1964 25558 I PlaceInferenceEngine: [account#1066226748] Changed inference mode: 0
06-29 13:44:06.863  1964 25558 I Places  : Converted 1 out of 1 WiFi scans
06-29 13:44:06.863  1600  4840 I WifiService: getConnectionInfo uid=10014
06-29 13:44:06.950  2629 25544 E PlaceStateUpdater: Received no places
06-29 13:44:07.400  1600  4840 I ActivityManager: Force stopping com.ea.games.r3_row appid=10083 user=0: from pid 25565
06-29 13:44:07.413  1833  1833 D CarrierSvcBindHelper: No carrier app for: 0
06-29 13:44:07.594 23488 23488 I net.osmand: RoutingHelper Recalculate route, because correlation  : 1723743.7223726055
06-29 13:44:07.607 23488 23488 I net.osmand: RoutingHelper Recalculate route, because correlation  : 1723743.7223726055
06-29 13:44:07.607 23488 23488 I net.osmand: RoutingHelper Recalculate route, because wrong movement direction: 1723776.1
06-29 13:44:07.727 23488 23488 I net.osmand: RoutingHelper Recalculate route, because correlation  : 1723743.7223726055
06-29 13:44:07.730 23488 23488 I net.osmand: RoutingHelper Recalculate route, because correlation  : 1723743.7223726055
06-29 13:44:07.730 23488 23488 I net.osmand: RoutingHelper Recalculate route, because wrong movement direction: 1723776.1
06-29 13:44:07.816  1964 24969 I ctxmgr  : [ProducerStatusImpl] updateStateForNewContextData: inactive, contextName=7 [CONTEXT service_id=47 ]
06-29 13:44:07.974  1964  1978 I zygote  : Background concurrent copying GC freed 99981(4MB) AllocSpace objects, 0(0B) LOS objects, 38% free, 9MB/15MB, paused 8.293ms total 883.867ms
06-29 13:44:08.239  1600  7948 W ActivityManager: Invalid packageName: android.media.action.IMAGE_CAPTURE
06-29 13:44:08.346 23488 25346 I net.osmand:native: Run GC (before 57.678436 Mb after 44.749186 Mb) unload 185 of 817 tiles
06-29 13:44:08.507  1600  1609 I zygote  : NativeAlloc concurrent copying GC freed 3758(370KB) AllocSpace objects, 3(124KB) LOS objects, 20% free, 22MB/28MB, paused 1.212ms total 2.148s
06-29 13:44:08.734 23488 23488 I net.osmand: RoutingHelper Recalculate route, because correlation  : 1723743.7223726055
06-29 13:44:08.743 23488 23488 I net.osmand: RoutingHelper Recalculate route, because correlation  : 1723743.7223726055
06-29 13:44:08.743 23488 23488 I net.osmand: RoutingHelper Recalculate route, because wrong movement direction: 1723776.1
06-29 13:44:09.312 23488 23488 I net.osmand: RoutingHelper Recalculate route, because correlation  : 1723743.7223726055
06-29 13:44:09.331  1964 25558 I Places  : ?: PlacesBleScanner start() with priority 2
06-29 13:44:09.332  1964 25558 I PlaceInferenceEngine: [anon] Changed inference mode: 1
06-29 13:44:09.332  1964 25558 I PlaceInferenceEngine: [account#1066226748] Changed inference mode: 1
06-29 13:44:09.394 23488 23488 I net.osmand: RoutingHelper Recalculate route, because correlation  : 1723743.7223726055
06-29 13:44:09.394 23488 23488 I net.osmand: RoutingHelper Recalculate route, because wrong movement direction: 1723776.1
06-29 13:44:09.421  1964 25558 I Places  : Converted 1 out of 1 WiFi scans
06-29 13:44:09.422  1600  2131 I WifiService: getConnectionInfo uid=10014
06-29 13:44:09.455  1964 25558 I PlaceInferenceEngine: [account#1066226748] Changed inference mode: 1
06-29 13:44:09.455  1964 25558 I PlaceInferenceEngine: [anon] Changed inference mode: 1
06-29 13:44:09.478  1964  1964 E BeaconBle: Missing BluetoothAdapter
06-29 13:44:09.478  1964  1964 I BeaconBle: BLE 'KK+' software access layer enabled
06-29 13:44:09.546  1964  1964 I BeaconBle: Client requested scan, settings=BleSettings [scanMode=ZERO_POWER, callbackType=ALL_MATCHES, reportDelayMillis=0, 1 filters, 0 clients, callingClientName=Places]
06-29 13:44:09.560  1964  1964 I BeaconBle: Scan : No clients left, canceling alarm.
06-29 13:44:09.561  1964  1964 E BeaconBle: Scan couldn't start for Places
06-29 13:44:09.562  1964  1964 W Places  : BLE failure while scanning - code 5
06-29 13:44:09.767 23488 23488 I net.osmand: RoutingHelper Recalculate route, because correlation  : 1723743.7223726055
06-29 13:44:09.767 23488 23488 I net.osmand: RoutingHelper Recalculate route, because wrong movement direction: 1723776.1
06-29 13:44:09.780 23488 23488 I net.osmand: RoutingHelper Recalculate route, because correlation  : 1723743.7223726055
06-29 13:44:10.305  1964  1964 I GeofencerStateMachine: sendQueryLocationOptIn
06-29 13:44:10.310  1600  1613 I GnssLocationProvider: WakeLock acquired by sendMessage(ENABLE, 0, null)
06-29 13:44:10.313  1600  1614 W BroadcastQueue: Background execution not allowed: receiving Intent { act=android.location.PROVIDERS_CHANGED flg=0x10 } to com.google.android.apps.maps/com.google.android.apps.gmm.locationsharing.usr.LocationAvailabilityChecker$LocationProvidersChangedBroadcastReceiver
06-29 13:44:10.313  1600  1614 W BroadcastQueue: Background execution not allowed: receiving Intent { act=android.location.PROVIDERS_CHANGED flg=0x10 } to com.google.android.gms/com.google.android.location.internal.NlpNetworkProviderSettingsUpdateReceiver
06-29 13:44:10.314  1600  1614 W BroadcastQueue: Background execution not allowed: receiving Intent { act=android.location.PROVIDERS_CHANGED flg=0x10 } to com.google.android.gms/.chimera.GmsIntentOperationService$PersistentTrustedReceiver
06-29 13:44:10.315  1600  1614 W BroadcastQueue: Background execution not allowed: receiving Intent { act=android.location.PROVIDERS_CHANGED flg=0x10 } to com.google.android.googlequicksearchbox/com.google.android.apps.gsa.broadcastreceiver.external.ExternalCommonBroadcastReceiver
06-29 13:44:10.323  1600  1614 W BroadcastQueue: Background execution not allowed: receiving Intent { act=android.location.MODE_CHANGED flg=0x10 } to com.google.android.apps.maps/com.google.android.apps.gmm.locationsharing.usr.LocationAvailabilityChecker$LocationProvidersChangedBroadcastReceiver
06-29 13:44:10.323  1600  1614 W BroadcastQueue: Background execution not allowed: receiving Intent { act=android.location.MODE_CHANGED flg=0x10 } to com.google.android.gms/.chimera.GmsIntentOperationService$PersistentTrustedReceiver
06-29 13:44:10.331  1600  1613 I GnssLocationProvider: WakeLock released by handleMessage(ENABLE, 0, null)
06-29 13:44:10.335  1964  2456 I GeofencerStateMachine: GPS disabled.
06-29 13:44:10.406  1600  1600 D GpsNetInitiatedHandler: location enabled :false
06-29 13:44:10.495  1398  1435 D gralloc_ranchu: gralloc_alloc: Creating ashmem region of size 724992
06-29 13:44:10.504  1398  1435 D gralloc_ranchu: gralloc_alloc: Creating ashmem region of size 724992
06-29 13:44:10.506  1398  1398 D gralloc_ranchu: gralloc_alloc: Creating ashmem region of size 724992
06-29 13:44:10.556 23488 23530 D EGL_emulation: eglMakeCurrent: 0x894fd4a0: ver 2 0 (tinfo 0x895de8b0)
06-29 13:44:10.649  1600  2131 W ActivityManager: Unable to start service Intent { act=com.google.android.gms.nearby.discovery:ACTION_PERMISSION_CHANGE cmp=com.google.android.gms/.nearby.discovery.service.DiscoveryService } U=0: not found
06-29 13:44:10.651  1964 25583 I GCoreUlr: Starting service, intent=Intent { act=com.google.android.location.reporting.ACTION_UPDATE_WORLD cmp=com.google.android.gms/com.google.android.location.reporting.service.DispatchingService (has extras) }, extras=Bundle[{receiverAction=android.location.PROVIDERS_CHANGED}]
06-29 13:44:11.015  1964  1964 E BluetoothAdapter: Bluetooth binder is null
06-29 13:44:11.309  1964 24609 I GCoreUlr: WorldUpdater received intent Intent { act=com.google.android.location.reporting.ACTION_UPDATE_WORLD cmp=com.google.android.gms/com.google.android.location.reporting.service.DispatchingService (has extras) } with receiverAction android.location.PROVIDERS_CHANGED
06-29 13:44:11.364  1964 24609 I GCoreUlr: WorldUpdater:android.location.PROVIDERS_CHANGED: Ensuring that reporting is stopped because of reasons: {account#8#=[InactiveReason{mIdentifier=6, mName='ReportingNotEnabled'}, InactiveReason{mIdentifier=14, mName='HistoryNotEnabled'}]}
06-29 13:44:11.375  1964 24609 I GCoreUlr: Unbound from all signal providers.
06-29 13:44:11.377  1964 24969 I GCoreUlr: Successfully accounts update
06-29 13:44:11.379  1600  1613 E memtrack: Couldn't load memtrack module
06-29 13:44:11.379  1600  1613 W android.os.Debug: failed to get memory consumption info: -1
06-29 13:44:11.475  1964  1964 I GCoreUlr: Unbound from all signal providers.
06-29 13:44:11.477  1964  1964 I GCoreUlr: Stopping handler for UlrDispSvcFast
06-29 13:44:11.478  1964 24969 I GCoreUlr: Successfully accounts update
06-29 13:44:11.556  1964 24609 I GCoreUlr: DispatchingService ignoring Intent { act=android.net.wifi.WIFI_STATE_CHANGED flg=0x4000010 (has extras) } because ULR inactive
06-29 13:44:11.847  1964  1978 I zygote  : Background concurrent copying GC freed 49958(2MB) AllocSpace objects, 30(1852KB) LOS objects, 33% free, 11MB/17MB, paused 6.756ms total 454.714ms
06-29 13:44:11.877  1964 25552 I PlaceInferenceEngine: No beacon scan available - ignoring candidates.
06-29 13:44:11.922  1964 25552 I PlaceInferenceEngine: No beacon scan available - ignoring candidates.
06-29 13:44:13.904 23488 23530 D EGL_emulation: eglMakeCurrent: 0x894fd4a0: ver 2 0 (tinfo 0x895de8b0)
06-29 13:44:13.928  1600  1600 W WindowManager: removeWindowToken: Attempted to remove non-existing token: android.os.Binder@4cae36b
06-29 13:44:15.217 25591 25591 D AndroidRuntime: >>>>>> START com.android.internal.os.RuntimeInit uid 2000 <<<<<<
06-29 13:44:15.288 25591 25591 W app_process: Could not reserve sentinel fault page
06-29 13:44:16.021  1600 25520 D NetworkMonitor/NetworkAgentInfo [WIFI () - 101]: PROBE_HTTP http://connectivitycheck.gstatic.com/generate_204 Probe failed with exception java.net.SocketTimeoutException: timeout
06-29 13:44:16.027 25591 25591 W app_process: Unexpected CPU variant for X86 using defaults: x86
06-29 13:44:16.078 25591 25591 I app_process: The ClassLoaderContext is a special shared library.
06-29 13:44:16.391 25591 25591 D AndroidRuntime: Calling main entry com.android.commands.monkey.Monkey
06-29 13:44:16.406 25591 25591 W Monkey  : args: [-p, net.osmand, -c, android.intent.category.LAUNCHER, 1]
06-29 13:44:16.407 25591 25591 W Monkey  :  arg: "-p"
06-29 13:44:16.407 25591 25591 W Monkey  :  arg: "net.osmand"
06-29 13:44:16.408 25591 25591 W Monkey  :  arg: "-c"
06-29 13:44:16.408 25591 25591 W Monkey  :  arg: "android.intent.category.LAUNCHER"
06-29 13:44:16.409 25591 25591 W Monkey  :  arg: "1"
06-29 13:44:16.409 25591 25591 W Monkey  : data="net.osmand"
06-29 13:44:16.410 25591 25591 W Monkey  : data="android.intent.category.LAUNCHER"
06-29 13:44:16.933  1600  1614 W BroadcastQueue: Skipping deliver [background] BroadcastRecord{58f7d5b u-1 android.net.conn.CONNECTIVITY_CHANGE} to ReceiverList{5ac49f8 25591 (unknown name)/2000/u-1 remote:d2cd255}: process gone or crashing
06-29 13:44:17.066  1600  2131 I ActivityManager: START u0 {act=android.intent.action.MAIN cat=[android.intent.category.LAUNCHER] flg=0x10200000 cmp=net.osmand/.plus.activities.MapActivity} from uid 2000
06-29 13:44:17.076  1600  2131 W Binder  : Outgoing transactions from this process must be FLAG_ONEWAY
06-29 13:44:17.076  1600  2131 W Binder  : java.lang.Throwable
06-29 13:44:17.076  1600  2131 W Binder  : 	at android.os.BinderProxy.transact(Binder.java:752)
06-29 13:44:17.076  1600  2131 W Binder  : 	at android.app.IActivityController$Stub$Proxy.activityStarting(IActivityController.java:172)
06-29 13:44:17.076  1600  2131 W Binder  : 	at com.android.server.am.ActivityStarter.startActivity(ActivityStarter.java:449)
06-29 13:44:17.076  1600  2131 W Binder  : 	at com.android.server.am.ActivityStarter.startActivityLocked(ActivityStarter.java:278)
06-29 13:44:17.076  1600  2131 W Binder  : 	at com.android.server.am.ActivityStarter.startActivityMayWait(ActivityStarter.java:817)
06-29 13:44:17.076  1600  2131 W Binder  : 	at com.android.server.am.ActivityManagerService.startActivityAsUser(ActivityManagerService.java:4532)
06-29 13:44:17.076  1600  2131 W Binder  : 	at com.android.server.am.ActivityManagerService.startActivity(ActivityManagerService.java:4519)
06-29 13:44:17.076  1600  2131 W Binder  : 	at android.app.IActivityManager$Stub.onTransact(IActivityManager.java:121)
06-29 13:44:17.076  1600  2131 W Binder  : 	at com.android.server.am.ActivityManagerService.onTransact(ActivityManagerService.java:2919)
06-29 13:44:17.076  1600  2131 W Binder  : 	at android.os.Binder.execTransact(Binder.java:697)
06-29 13:44:17.279  1600  2131 W ResourceType: ResTable_typeSpec entry count inconsistent: given 5115, previously 5124
06-29 13:44:17.283  1600  2131 W ResourceType: ResTable_typeSpec entry count inconsistent: given 142, previously 459
06-29 13:44:17.367  1600  2131 W ResourceType: For resource 0x7f0e00c0, entry index(192) is beyond type entryCount(142)
06-29 13:44:17.368  1600  2131 W ResourceType: For resource 0x7f0e00d1, entry index(209) is beyond type entryCount(142)
06-29 13:44:17.368  1600  2131 W ResourceType: For resource 0x7f0e00cb, entry index(203) is beyond type entryCount(142)
06-29 13:44:17.368  1600  2131 W ResourceType: For resource 0x7f0e014d, entry index(333) is beyond type entryCount(142)
06-29 13:44:17.368  1600  2131 W ResourceType: For resource 0x7f0e00dd, entry index(221) is beyond type entryCount(142)
06-29 13:44:17.368  1600  2131 W ResourceType: For resource 0x7f0e00e4, entry index(228) is beyond type entryCount(142)
06-29 13:44:17.401 25591 25591 I Monkey  : Events injected: 1
06-29 13:44:17.489  1398  1398 D gralloc_ranchu: gralloc_alloc: Creating ashmem region of size 8298496
06-29 13:44:17.535  1408  1408 E EGL_emulation: tid 1408: eglCreateSyncKHR(1962): error 0x3004 (EGL_BAD_ATTRIBUTE)
06-29 13:44:17.547  1600  1647 W LocalDisplayAdapter: Unable to find color mode 0, ignoring request.
06-29 13:44:17.580  1600  2662 I ActivityManager: Config changes=480 {1.0 310mcc260mnc [en_US] ldltr sw411dp w683dp h387dp 420dpi nrml land finger qwerty/v/v -nav/h appBounds=Rect(126, 0 - 1920, 1080) s.77}
06-29 13:44:17.659  1600  2662 I ActivityManager: Override config changes=480 {1.0 310mcc260mnc [en_US] ldltr sw411dp w683dp h387dp 420dpi nrml land finger qwerty/v/v -nav/h appBounds=Rect(126, 0 - 1920, 1080) s.77} for displayId=0
06-29 13:44:17.770  1600  2662 W LocalDisplayAdapter: Unable to find color mode 0, ignoring request.
06-29 13:44:17.810  1600  1615 W Looper  : Dispatch took 234ms on android.ui, h=Handler (com.android.server.am.ActivityManagerService$UiHandler) {bce2944} cb=null msg=31
06-29 13:44:17.815  1408  1422 E BufferQueueProducer: [SnapshotStartingWindow for taskId=5#0] connect: BufferQueue has been abandoned
06-29 13:44:17.829  1600  1647 W WindowManager: Exception when adding starting window
06-29 13:44:17.829  1600  1647 W WindowManager: java.lang.RuntimeException: Failed to attach and queue buffer to Surface (bad object?)
06-29 13:44:17.829  1600  1647 W WindowManager: 	at android.view.Surface.attachAndQueueBuffer(Surface.java:616)
06-29 13:44:17.829  1600  1647 W WindowManager: 	at com.android.server.wm.TaskSnapshotSurface.drawSizeMatchSnapshot(TaskSnapshotSurface.java:299)
06-29 13:44:17.829  1600  1647 W WindowManager: 	at com.android.server.wm.TaskSnapshotSurface.drawSnapshot(TaskSnapshotSurface.java:286)
06-29 13:44:17.829  1600  1647 W WindowManager: 	at com.android.server.wm.TaskSnapshotSurface.create(TaskSnapshotSurface.java:222)
06-29 13:44:17.829  1600  1647 W WindowManager: 	at com.android.server.wm.TaskSnapshotController.createStartingSurface(TaskSnapshotController.java:203)
06-29 13:44:17.829  1600  1647 W WindowManager: 	at com.android.server.wm.SnapshotStartingData.createStartingSurface(SnapshotStartingData.java:39)
06-29 13:44:17.829  1600  1647 W WindowManager: 	at com.android.server.wm.AppWindowContainerController.lambda$-com_android_server_wm_AppWindowContainerController_4735(AppWindowContainerController.java:145)
06-29 13:44:17.829  1600  1647 W WindowManager: 	at com.android.server.wm.-$Lambda$aEpJ2RCAIjecjyIIYTv6ricEwh4.$m$4(Unknown Source:4)
06-29 13:44:17.829  1600  1647 W WindowManager: 	at com.android.server.wm.-$Lambda$aEpJ2RCAIjecjyIIYTv6ricEwh4.run(Unknown Source:27)
06-29 13:44:17.829  1600  1647 W WindowManager: 	at android.os.Handler.handleCallback(Handler.java:790)
06-29 13:44:17.829  1600  1647 W WindowManager: 	at android.os.Handler.dispatchMessage(Handler.java:99)
06-29 13:44:17.829  1600  1647 W WindowManager: 	at android.os.Looper.loop(Looper.java:164)
06-29 13:44:17.829  1600  1647 W WindowManager: 	at android.os.HandlerThread.run(HandlerThread.java:65)
06-29 13:44:17.829  1600  1647 W WindowManager: 	at com.android.server.ServiceThread.run(ServiceThread.java:46)
06-29 13:44:17.849  1600  1662 I InputReader: Reconfiguring input devices.  changes=0x00000004
06-29 13:44:17.850  1600  1662 I InputReader: Device reconfigured: id=0, name='qwerty2', size 1080x1920, orientation 3, mode 1, display id 0
06-29 13:44:17.862  1600  1662 I InputReader: Reconfiguring input devices.  changes=0x00000004
06-29 13:44:17.943 23488 23488 D InAppPurchaseHelper: Destroying helper.
06-29 13:44:18.069  1704  1704 I Choreographer: Skipped 30 frames!  The application may be doing too much work on its main thread.
06-29 13:44:18.159 25591 25591 I Monkey  : ## Network stats: elapsed time=1005ms (0ms mobile, 0ms wifi, 1005ms not connected)
06-29 13:44:18.179  2118  2184 D EGL_emulation: eglMakeCurrent: 0x8b867100: ver 2 0 (tinfo 0x8b8707f0)
06-29 13:44:18.319  1600  1662 I InputReader: Reconfiguring input devices.  changes=0x00000004
06-29 13:44:18.335  1600  1615 W Looper  : Dispatch took 427ms on android.ui, h=Handler (com.android.server.policy.PhoneWindowManager$PolicyHandler) {dca4410} cb=android.database.ContentObserver$NotificationRunnable@cf656c2 msg=0
06-29 13:44:18.398  1408  1422 E SurfaceFlinger: Permission Denial: can't openGlobalTransaction pid=23488, uid<=10104
06-29 13:44:18.399 23488 23488 E BpSurfaceComposerClient: Failed to transact (-1)
06-29 13:44:18.410  1408  1422 E SurfaceFlinger: Permission Denial: can't openGlobalTransaction pid=23488, uid<=10104
06-29 13:44:18.413 23488 23488 E BpSurfaceComposerClient: Failed to transact (-1)
06-29 13:44:18.422 25591 25591 I com.android.commands.monkey: System.exit called, status: 0
06-29 13:44:18.422 25591 25591 I AndroidRuntime: VM exiting with result code 0.
06-29 13:44:18.468  1600  1615 W Looper  : Dispatch took 133ms on android.ui, h=Handler (com.android.server.policy.PhoneWindowManager$PolicyHandler) {dca4410} cb=android.database.ContentObserver$NotificationRunnable@f5e3cd3 msg=0
06-29 13:44:18.574 23488 23488 W ResourceType: ResTable_typeSpec entry count inconsistent: given 5115, previously 5124
06-29 13:44:18.575 23488 23488 W ResourceType: ResTable_typeSpec entry count inconsistent: given 142, previously 459
06-29 13:44:18.623 23488 23488 W ResourceType: For resource 0x7f0e00c0, entry index(192) is beyond type entryCount(142)
06-29 13:44:18.624 23488 23488 W ResourceType: For resource 0x7f0e00d1, entry index(209) is beyond type entryCount(142)
06-29 13:44:18.624 23488 23488 W ResourceType: For resource 0x7f0e00cb, entry index(203) is beyond type entryCount(142)
06-29 13:44:18.624 23488 23488 W ResourceType: For resource 0x7f0e014d, entry index(333) is beyond type entryCount(142)
06-29 13:44:18.624 23488 23488 W ResourceType: For resource 0x7f0e00dd, entry index(221) is beyond type entryCount(142)
06-29 13:44:18.624 23488 23488 W ResourceType: For resource 0x7f0e00e4, entry index(228) is beyond type entryCount(142)
06-29 13:44:18.992  2629  2884 D EGL_emulation: eglMakeCurrent: 0xa61b6ce0: ver 2 0 (tinfo 0xa619b690)
06-29 13:44:19.031 23488 23488 W ResourceType: For resource 0x7f0e01c4, entry index(452) is beyond type entryCount(142)
06-29 13:44:19.040 23488 23488 W ResourceType: For resource 0x7f0e01c4, entry index(452) is beyond type entryCount(142)
06-29 13:44:19.040 23488 23488 W ResourceType: For resource 0x7f0e0183, entry index(387) is beyond type entryCount(142)
06-29 13:44:19.040 23488 23488 W ResourceType: For resource 0x7f0e0187, entry index(391) is beyond type entryCount(142)
06-29 13:44:19.040 23488 23488 W ResourceType: For resource 0x7f0e0185, entry index(389) is beyond type entryCount(142)
06-29 13:44:19.040 23488 23488 W ResourceType: For resource 0x7f0e015d, entry index(349) is beyond type entryCount(142)
06-29 13:44:19.041 23488 23488 W ResourceType: For resource 0x7f0e0195, entry index(405) is beyond type entryCount(142)
06-29 13:44:19.041 23488 23488 W ResourceType: For resource 0x7f0e016c, entry index(364) is beyond type entryCount(142)
06-29 13:44:19.041 23488 23488 W ResourceType: For resource 0x7f0e0163, entry index(355) is beyond type entryCount(142)
06-29 13:44:19.041 23488 23488 W ResourceType: For resource 0x7f0e00db, entry index(219) is beyond type entryCount(142)
06-29 13:44:19.041 23488 23488 W ResourceType: For resource 0x7f0e0193, entry index(403) is beyond type entryCount(142)
06-29 13:44:19.041 23488 23488 W ResourceType: For resource 0x7f0e016f, entry index(367) is beyond type entryCount(142)
06-29 13:44:19.042 23488 23488 W ResourceType: For resource 0x7f0e0161, entry index(353) is beyond type entryCount(142)
06-29 13:44:19.044 23488 23488 W ResourceType: For resource 0x7f0e0170, entry index(368) is beyond type entryCount(142)
06-29 13:44:19.045 23488 23488 W ResourceType: For resource 0x7f0e0174, entry index(372) is beyond type entryCount(142)
06-29 13:44:19.045 23488 23488 I chatty  : uid=10104(net.osmand) identical 2 lines
06-29 13:44:19.045 23488 23488 W ResourceType: For resource 0x7f0e0174, entry index(372) is beyond type entryCount(142)
06-29 13:44:19.045 23488 23488 W ResourceType: For resource 0x7f0e0177, entry index(375) is beyond type entryCount(142)
06-29 13:44:19.045 23488 23488 W ResourceType: For resource 0x7f0e0160, entry index(352) is beyond type entryCount(142)
06-29 13:44:19.045 23488 23488 W ResourceType: For resource 0x7f0e0199, entry index(409) is beyond type entryCount(142)
06-29 13:44:19.045 23488 23488 W ResourceType: For resource 0x7f0e017e, entry index(382) is beyond type entryCount(142)
06-29 13:44:19.045 23488 23488 W ResourceType: For resource 0x7f0e017f, entry index(383) is beyond type entryCount(142)
06-29 13:44:19.045 23488 23488 W ResourceType: For resource 0x7f0e0196, entry index(406) is beyond type entryCount(142)
06-29 13:44:19.045 23488 23488 W ResourceType: For resource 0x7f0e0197, entry index(407) is beyond type entryCount(142)
06-29 13:44:19.045 23488 23488 W ResourceType: For resource 0x7f0e0140, entry index(320) is beyond type entryCount(142)
06-29 13:44:19.046 23488 23488 W ResourceType: For resource 0x7f0e00e7, entry index(231) is beyond type entryCount(142)
06-29 13:44:19.046 23488 23488 W ResourceType: For resource 0x7f0e0194, entry index(404) is beyond type entryCount(142)
06-29 13:44:19.046 23488 23488 W ResourceType: For resource 0x7f0e01a5, entry index(421) is beyond type entryCount(142)
06-29 13:44:19.046 23488 23488 W ResourceType: For resource 0x7f0e017d, entry index(381) is beyond type entryCount(142)
06-29 13:44:19.047 23488 23488 W ResourceType: For resource 0x7f0e017b, entry index(379) is beyond type entryCount(142)
06-29 13:44:19.047 23488 23488 W ResourceType: For resource 0x7f0e010f, entry index(271) is beyond type entryCount(142)
06-29 13:44:19.047 23488 23488 W ResourceType: For resource 0x7f0e00f8, entry index(248) is beyond type entryCount(142)
06-29 13:44:19.048 23488 23488 W ResourceType: For resource 0x7f0e010f, entry index(271) is beyond type entryCount(142)
06-29 13:44:19.048 23488 23488 W ResourceType: For resource 0x7f0e0122, entry index(290) is beyond type entryCount(142)
06-29 13:44:19.048 23488 23488 W ResourceType: For resource 0x7f0e010b, entry index(267) is beyond type entryCount(142)
06-29 13:44:19.048 23488 23488 W ResourceType: For resource 0x7f0e010c, entry index(268) is beyond type entryCount(142)
06-29 13:44:19.048 23488 23488 W ResourceType: For resource 0x7f0e01ad, entry index(429) is beyond type entryCount(142)
06-29 13:44:19.048 23488 23488 W ResourceType: For resource 0x7f0e01ac, entry index(428) is beyond type entryCount(142)
06-29 13:44:19.057 23488 23488 W ResourceType: For resource 0x7f0e01c4, entry index(452) is beyond type entryCount(142)
06-29 13:44:19.057 23488 23488 W ResourceType: For resource 0x7f0e01c4, entry index(452) is beyond type entryCount(142)
06-29 13:44:19.057 23488 23488 W ResourceType: For resource 0x7f0e0183, entry index(387) is beyond type entryCount(142)
06-29 13:44:19.057 23488 23488 W ResourceType: For resource 0x7f0e0187, entry index(391) is beyond type entryCount(142)
06-29 13:44:19.057 23488 23488 W ResourceType: For resource 0x7f0e0185, entry index(389) is beyond type entryCount(142)
06-29 13:44:19.057 23488 23488 W ResourceType: For resource 0x7f0e015d, entry index(349) is beyond type entryCount(142)
06-29 13:44:19.057 23488 23488 W ResourceType: For resource 0x7f0e0195, entry index(405) is beyond type entryCount(142)
06-29 13:44:19.057 23488 23488 W ResourceType: For resource 0x7f0e016c, entry index(364) is beyond type entryCount(142)
06-29 13:44:19.058 23488 23488 W ResourceType: For resource 0x7f0e0163, entry index(355) is beyond type entryCount(142)
06-29 13:44:19.060 23488 23488 W ResourceType: For resource 0x7f0e00db, entry index(219) is beyond type entryCount(142)
06-29 13:44:19.060 23488 23488 W ResourceType: For resource 0x7f0e0193, entry index(403) is beyond type entryCount(142)
06-29 13:44:19.060 23488 23488 W ResourceType: For resource 0x7f0e016f, entry index(367) is beyond type entryCount(142)
06-29 13:44:19.060 23488 23488 W ResourceType: For resource 0x7f0e0161, entry index(353) is beyond type entryCount(142)
06-29 13:44:19.060 23488 23488 W ResourceType: For resource 0x7f0e0170, entry index(368) is beyond type entryCount(142)
06-29 13:44:19.060 23488 23488 W ResourceType: For resource 0x7f0e0174, entry index(372) is beyond type entryCount(142)
06-29 13:44:19.060 23488 23488 I chatty  : uid=10104(net.osmand) identical 2 lines
06-29 13:44:19.060 23488 23488 W ResourceType: For resource 0x7f0e0174, entry index(372) is beyond type entryCount(142)
06-29 13:44:19.060 23488 23488 W ResourceType: For resource 0x7f0e0177, entry index(375) is beyond type entryCount(142)
06-29 13:44:19.061 23488 23488 W ResourceType: For resource 0x7f0e0160, entry index(352) is beyond type entryCount(142)
06-29 13:44:19.061 23488 23488 W ResourceType: For resource 0x7f0e0199, entry index(409) is beyond type entryCount(142)
06-29 13:44:19.061 23488 23488 W ResourceType: For resource 0x7f0e017e, entry index(382) is beyond type entryCount(142)
06-29 13:44:19.061 23488 23488 W ResourceType: For resource 0x7f0e017f, entry index(383) is beyond type entryCount(142)
06-29 13:44:19.065 23488 23488 W ResourceType: For resource 0x7f0e0196, entry index(406) is beyond type entryCount(142)
06-29 13:44:19.065 23488 23488 W ResourceType: For resource 0x7f0e0197, entry index(407) is beyond type entryCount(142)
06-29 13:44:19.065 23488 23488 W ResourceType: For resource 0x7f0e0140, entry index(320) is beyond type entryCount(142)
06-29 13:44:19.065 23488 23488 W ResourceType: For resource 0x7f0e00e7, entry index(231) is beyond type entryCount(142)
06-29 13:44:19.066 23488 23488 W ResourceType: For resource 0x7f0e0194, entry index(404) is beyond type entryCount(142)
06-29 13:44:19.066 23488 23488 W ResourceType: For resource 0x7f0e01a5, entry index(421) is beyond type entryCount(142)
06-29 13:44:19.066 23488 23488 W ResourceType: For resource 0x7f0e017d, entry index(381) is beyond type entryCount(142)
06-29 13:44:19.066 23488 23488 W ResourceType: For resource 0x7f0e017b, entry index(379) is beyond type entryCount(142)
06-29 13:44:19.066 23488 23488 W ResourceType: For resource 0x7f0e010f, entry index(271) is beyond type entryCount(142)
06-29 13:44:19.068 23488 23488 W ResourceType: For resource 0x7f0e00f8, entry index(248) is beyond type entryCount(142)
06-29 13:44:19.068 23488 23488 W ResourceType: For resource 0x7f0e010f, entry index(271) is beyond type entryCount(142)
06-29 13:44:19.068 23488 23488 W ResourceType: For resource 0x7f0e0122, entry index(290) is beyond type entryCount(142)
06-29 13:44:19.068 23488 23488 W ResourceType: For resource 0x7f0e010b, entry index(267) is beyond type entryCount(142)
06-29 13:44:19.068 23488 23488 W ResourceType: For resource 0x7f0e010c, entry index(268) is beyond type entryCount(142)
06-29 13:44:19.068 23488 23488 W ResourceType: For resource 0x7f0e01ad, entry index(429) is beyond type entryCount(142)
06-29 13:44:19.068 23488 23488 W ResourceType: For resource 0x7f0e01ac, entry index(428) is beyond type entryCount(142)
06-29 13:44:19.108 23488 23488 W ResourceType: For resource 0x7f0e01c4, entry index(452) is beyond type entryCount(142)
06-29 13:44:19.108 23488 23488 W ResourceType: For resource 0x7f0e01c4, entry index(452) is beyond type entryCount(142)
06-29 13:44:19.108 23488 23488 W ResourceType: For resource 0x7f0e0183, entry index(387) is beyond type entryCount(142)
06-29 13:44:19.108 23488 23488 W ResourceType: For resource 0x7f0e0187, entry index(391) is beyond type entryCount(142)
06-29 13:44:19.108 23488 23488 W ResourceType: For resource 0x7f0e0185, entry index(389) is beyond type entryCount(142)
06-29 13:44:19.108 23488 23488 W ResourceType: For resource 0x7f0e015d, entry index(349) is beyond type entryCount(142)
06-29 13:44:19.108 23488 23488 W ResourceType: For resource 0x7f0e0195, entry index(405) is beyond type entryCount(142)
06-29 13:44:19.108 23488 23488 W ResourceType: For resource 0x7f0e016c, entry index(364) is beyond type entryCount(142)
06-29 13:44:19.108 23488 23488 W ResourceType: For resource 0x7f0e0163, entry index(355) is beyond type entryCount(142)
06-29 13:44:19.108 23488 23488 W ResourceType: For resource 0x7f0e00db, entry index(219) is beyond type entryCount(142)
06-29 13:44:19.109 23488 23488 W ResourceType: For resource 0x7f0e0193, entry index(403) is beyond type entryCount(142)
06-29 13:44:19.109 23488 23488 W ResourceType: For resource 0x7f0e016f, entry index(367) is beyond type entryCount(142)
06-29 13:44:19.109 23488 23488 W ResourceType: For resource 0x7f0e0161, entry index(353) is beyond type entryCount(142)
06-29 13:44:19.109 23488 23488 W ResourceType: For resource 0x7f0e0170, entry index(368) is beyond type entryCount(142)
06-29 13:44:19.109 23488 23488 W ResourceType: For resource 0x7f0e0174, entry index(372) is beyond type entryCount(142)
06-29 13:44:19.109 23488 23488 I chatty  : uid=10104(net.osmand) identical 2 lines
06-29 13:44:19.109 23488 23488 W ResourceType: For resource 0x7f0e0174, entry index(372) is beyond type entryCount(142)
06-29 13:44:19.109 23488 23488 W ResourceType: For resource 0x7f0e0177, entry index(375) is beyond type entryCount(142)
06-29 13:44:19.109 23488 23488 W ResourceType: For resource 0x7f0e0160, entry index(352) is beyond type entryCount(142)
06-29 13:44:19.109 23488 23488 W ResourceType: For resource 0x7f0e0199, entry index(409) is beyond type entryCount(142)
06-29 13:44:19.110 23488 23488 W ResourceType: For resource 0x7f0e017e, entry index(382) is beyond type entryCount(142)
06-29 13:44:19.110 23488 23488 W ResourceType: For resource 0x7f0e017f, entry index(383) is beyond type entryCount(142)
06-29 13:44:19.110 23488 23488 W ResourceType: For resource 0x7f0e0196, entry index(406) is beyond type entryCount(142)
06-29 13:44:19.110 23488 23488 W ResourceType: For resource 0x7f0e0197, entry index(407) is beyond type entryCount(142)
06-29 13:44:19.110 23488 23488 W ResourceType: For resource 0x7f0e0140, entry index(320) is beyond type entryCount(142)
06-29 13:44:19.110 23488 23488 W ResourceType: For resource 0x7f0e00e7, entry index(231) is beyond type entryCount(142)
06-29 13:44:19.110 23488 23488 W ResourceType: For resource 0x7f0e0194, entry index(404) is beyond type entryCount(142)
06-29 13:44:19.111 23488 23488 W ResourceType: For resource 0x7f0e01a5, entry index(421) is beyond type entryCount(142)
06-29 13:44:19.111 23488 23488 W ResourceType: For resource 0x7f0e017d, entry index(381) is beyond type entryCount(142)
06-29 13:44:19.111 23488 23488 W ResourceType: For resource 0x7f0e017b, entry index(379) is beyond type entryCount(142)
06-29 13:44:19.111 23488 23488 W ResourceType: For resource 0x7f0e010f, entry index(271) is beyond type entryCount(142)
06-29 13:44:19.111 23488 23488 W ResourceType: For resource 0x7f0e00f8, entry index(248) is beyond type entryCount(142)
06-29 13:44:19.111 23488 23488 W ResourceType: For resource 0x7f0e010f, entry index(271) is beyond type entryCount(142)
06-29 13:44:19.111 23488 23488 W ResourceType: For resource 0x7f0e0122, entry index(290) is beyond type entryCount(142)
06-29 13:44:19.111 23488 23488 W ResourceType: For resource 0x7f0e010b, entry index(267) is beyond type entryCount(142)
06-29 13:44:19.111 23488 23488 W ResourceType: For resource 0x7f0e010c, entry index(268) is beyond type entryCount(142)
06-29 13:44:19.111 23488 23488 W ResourceType: For resource 0x7f0e01ad, entry index(429) is beyond type entryCount(142)
06-29 13:44:19.111 23488 23488 W ResourceType: For resource 0x7f0e01ac, entry index(428) is beyond type entryCount(142)
06-29 13:44:19.149 23488 23488 W ResourceType: For resource 0x7f0e017f, entry index(383) is beyond type entryCount(142)
06-29 13:44:19.149 23488 23488 W ResourceType: For resource 0x7f0e0091, entry index(145) is beyond type entryCount(142)
06-29 13:44:19.257  1398  1398 D gralloc_ranchu: gralloc_alloc: Creating ashmem region of size 544768
06-29 13:44:19.259 23488 23488 W ResourceType: For resource 0x7f0e016b, entry index(363) is beyond type entryCount(142)
06-29 13:44:19.285 23488 23488 W ResourceType: For resource 0x7f0e017b, entry index(379) is beyond type entryCount(142)
06-29 13:44:19.323  1704  1929 D EGL_emulation: eglMakeCurrent: 0x9e4046c0: ver 2 0 (tinfo 0x9e403690)
06-29 13:44:19.329 23488 23488 W ResourceType: For resource 0x7f0e0125, entry index(293) is beyond type entryCount(142)
06-29 13:44:19.428  1600  1621 W WindowManager: Window freeze timeout expired.
06-29 13:44:19.428  1600  1621 W WindowManager: Force clearing orientation change: Window{e8f0a32 u0 NavigationBar}
06-29 13:44:19.428  1600  1621 W WindowManager: Force clearing orientation change: Window{a7ee748 u0 StatusBar}
06-29 13:44:19.429  1600  1621 W WindowManager: Force clearing orientation change: Window{603878f u0 com.android.systemui.ImageWallpaper}
06-29 13:44:19.359 23488 23488 W ResourceType: For resource 0x7f0e0125, entry index(293) is beyond type entryCount(142)
06-29 13:44:19.455  1696  1696 I KeyboardViewUtil: systemKeyboardHeightRatio:1.000000; userKeyboardHeightRatio:1.000000.
