06-29 13:39:09.578  1964 25307 I Places  : Converted 1 out of 1 WiFi scans
06-29 13:39:09.585 23488 23488 I net.osmand: RoutingHelper Recalculate route, because correlation  : 1723743.7223726055
06-29 13:39:09.585 23488 23488 I net.osmand: RoutingHelper Recalculate route, because wrong movement direction: 1723776.1
06-29 13:39:09.588  1600  7948 I WifiService: getConnectionInfo uid=10014
06-29 13:39:09.596  1964  1964 I GeofencerStateMachine: sendNewTransitions called.
06-29 13:39:09.757  1964 25307 I PlaceInferenceEngine: Too few candidate results: percentageOfMissingArea 100
06-29 13:39:09.789 23488 23488 I net.osmand: RoutingHelper Recalculate route, because correlation  : 1723743.7223726055
06-29 13:39:09.805  1600  1613 E memtrack: Couldn't load memtrack module
06-29 13:39:09.805  1600  1613 W android.os.Debug: failed to get memory consumption info: -1
06-29 13:39:10.137  1600  1613 E memtrack: Couldn't load memtrack module
06-29 13:39:10.137  1600  1613 W android.os.Debug: failed to get memory consumption info: -1
06-29 13:39:10.175  1964 24969 E cddv    : *~*~*~ Channel {0} was not shutdown properly!!! ~*~*~*
06-29 13:39:10.175  1964 24969 E cddv    :     Make sure to call shutdown()/shutdownNow() and wait until awaitTermination() returns true.
06-29 13:39:10.175  1964 24969 E cddv    : java.lang.RuntimeException: ManagedChannel allocation site
06-29 13:39:10.175  1964 24969 E cddv    : 	at cddy.<init>(:com.google.android.gms@17785022@17.7.85 (040700-253824076):1)
06-29 13:39:10.175  1964 24969 E cddv    : 	at cddv.<init>(:com.google.android.gms@17785022@17.7.85 (040700-253824076):2)
06-29 13:39:10.175  1964 24969 E cddv    : 	at ccwm.b(:com.google.android.gms@17785022@17.7.85 (040700-253824076):14)
06-29 13:39:10.175  1964 24969 E cddv    : 	at sje.a(:com.google.android.gms@17785022@17.7.85 (040700-253824076):44)
06-29 13:39:10.175  1964 24969 E cddv    : 	at sje.a(:com.google.android.gms@17785022@17.7.85 (040700-253824076):59)
06-29 13:39:10.175  1964 24969 E cddv    : 	at bhkv.call(:com.google.android.gms@17785022@17.7.85 (040700-253824076):24)
06-29 13:39:10.175  1964 24969 E cddv    : 	at bhjd.run(:com.google.android.gms@17785022@17.7.85 (040700-253824076):1)
06-29 13:39:10.175  1964 24969 E cddv    : 	at squ.b(:com.google.android.gms@17785022@17.7.85 (040700-253824076):37)
06-29 13:39:10.175  1964 24969 E cddv    : 	at squ.run(:com.google.android.gms@17785022@17.7.85 (040700-253824076):21)
06-29 13:39:10.175  1964 24969 E cddv    : 	at java.util.concurrent.ThreadPoolExecutor.runWorker(ThreadPoolExecutor.java:1162)
06-29 13:39:10.175  1964 24969 E cddv    : 	at java.util.concurrent.ThreadPoolExecutor$Worker.run(ThreadPoolExecutor.java:636)
06-29 13:39:10.175  1964 24969 E cddv    : 	at swz.run(Unknown Source:7)
06-29 13:39:10.175  1964 24969 E cddv    : 	at java.lang.Thread.run(Thread.java:764)
06-29 13:39:10.182  2629 24119 E PlaceStateUpdater: Received no places
06-29 13:39:10.289 23488 23488 I net.osmand: RoutingHelper Recalculate route, because correlation  : 1723743.7223726055
06-29 13:39:10.289 23488 23488 I net.osmand: RoutingHelper Recalculate route, because wrong movement direction: 1723776.1
06-29 13:39:10.303 23488 23488 I net.osmand: RoutingHelper Recalculate route, because correlation  : 1723743.7223726055
06-29 13:39:10.566 23488 23488 I chatty  : uid=10104(net.osmand) identical 1 line
06-29 13:39:10.583 23488 23488 I net.osmand: RoutingHelper Recalculate route, because correlation  : 1723743.7223726055
06-29 13:39:10.583 23488 23488 I net.osmand: RoutingHelper Recalculate route, because wrong movement direction: 1723776.1
06-29 13:39:10.585  1600 25364 D NetworkMonitor/NetworkAgentInfo [MOBILE (GPRS) - 103]: PROBE_HTTPS https://www.google.com/generate_204 Probe failed with exception java.net.SocketTimeoutException: failed to connect to www.google.com/2800:3f0:4001:801::2004 (port 443) from /fec0::b85f:5d26:2faf:a41d (port 60325) after 10000ms
06-29 13:39:10.758  1964  1978 I zygote  : Background concurrent copying GC freed 106758(5MB) AllocSpace objects, 23(1528KB) LOS objects, 35% free, 10MB/16MB, paused 15.142ms total 572.172ms
06-29 13:39:11.099  1964 25307 I Places  : ?: PlacesBleScanner stop()
06-29 13:39:11.102  1964  1964 I BeaconBle: Scan : No clients left, canceling alarm.
06-29 13:39:11.103  1964  1964 I BeaconBle: Scan canceled successfully.
06-29 13:39:11.127  1964 25307 I PlaceInferenceEngine: [anon] Changed inference mode: 0
06-29 13:39:11.127  1964 25307 I PlaceInferenceEngine: [account#1066226748] Changed inference mode: 0
06-29 13:39:11.168  1964  3820 W ResourceType: ResTable_typeSpec entry count inconsistent: given 15, previously 22
06-29 13:39:11.265  1964  1964 I GeofencerStateMachine: removeGeofences: removeRequest=RemoveGeofencingRequest[REMOVE_BY_PENDING_INTENT pendingIntent=PendingIntent[creatorPackage=com.google.android.gms], packageName=com.google.android.gms]
06-29 13:39:11.395  1964  3635 W MessageQueue: Handler (aeyl) {ce6a984} sending message to a Handler on a dead thread
06-29 13:39:11.395  1964  3635 W MessageQueue: java.lang.IllegalStateException: Handler (aeyl) {ce6a984} sending message to a Handler on a dead thread
06-29 13:39:11.395  1964  3635 W MessageQueue: 	at android.os.MessageQueue.enqueueMessage(MessageQueue.java:545)
06-29 13:39:11.395  1964  3635 W MessageQueue: 	at android.os.Handler.enqueueMessage(Handler.java:662)
06-29 13:39:11.395  1964  3635 W MessageQueue: 	at android.os.Handler.sendMessageAtTime(Handler.java:631)
06-29 13:39:11.395  1964  3635 W MessageQueue: 	at aeyl.sendMessageAtTime(Unknown Source:3)
06-29 13:39:11.395  1964  3635 W MessageQueue: 	at android.os.Handler.sendMessageDelayed(Handler.java:601)
06-29 13:39:11.395  1964  3635 W MessageQueue: 	at android.os.Handler.post(Handler.java:357)
06-29 13:39:11.395  1964  3635 W MessageQueue: 	at bcln.execute(Unknown Source:2)
06-29 13:39:11.395  1964  3635 W MessageQueue: 	at aanh.execute(Unknown Source:9)
06-29 13:39:11.395  1964  3635 W MessageQueue: 	at avft.a(:com.google.android.gms@17785022@17.7.85 (040700-253824076):3)
06-29 13:39:11.395  1964  3635 W MessageQueue: 	at avgk.a(:com.google.android.gms@17785022@17.7.85 (040700-253824076):8)
06-29 13:39:11.395  1964  3635 W MessageQueue: 	at avgn.a(:com.google.android.gms@17785022@17.7.85 (040700-253824076):43)
06-29 13:39:11.395  1964  3635 W MessageQueue: 	at avgj.a(:com.google.android.gms@17785022@17.7.85 (040700-253824076):2)
06-29 13:39:11.395  1964  3635 W MessageQueue: 	at rpj.a(:com.google.android.gms@17785022@17.7.85 (040700-253824076):3)
06-29 13:39:11.395  1964  3635 W MessageQueue: 	at rpj.a(:com.google.android.gms@17785022@17.7.85 (040700-253824076):2)
06-29 13:39:11.395  1964  3635 W MessageQueue: 	at agos.a(Unknown Source:2)
06-29 13:39:11.395  1964  3635 W MessageQueue: 	at rnt.a(Unknown Source:11)
06-29 13:39:11.395  1964  3635 W MessageQueue: 	at aamg.a(:com.google.android.gms@17785022@17.7.85 (040700-253824076):1)
06-29 13:39:11.395  1964  3635 W MessageQueue: 	at cwm.onTransact(:com.google.android.gms@17785022@17.7.85 (040700-253824076):4)
06-29 13:39:11.395  1964  3635 W MessageQueue: 	at android.os.Binder.execTransact(Binder.java:697)
06-29 13:39:11.513 23488 23488 I net.osmand: RoutingHelper Recalculate route, because correlation  : 1723743.7223726055
06-29 13:39:11.527 23488 23488 I net.osmand: RoutingHelper Recalculate route, because correlation  : 1723743.7223726055
06-29 13:39:11.527 23488 23488 I net.osmand: RoutingHelper Recalculate route, because wrong movement direction: 1723776.1
06-29 13:39:11.597 23488 23488 I net.osmand: RoutingHelper Recalculate route, because correlation  : 1723743.7223726055
06-29 13:39:11.600 23488 23488 I net.osmand: RoutingHelper Recalculate route, because correlation  : 1723743.7223726055
06-29 13:39:11.601 23488 23488 I net.osmand: RoutingHelper Recalculate route, because wrong movement direction: 1723776.1
06-29 13:39:12.564 23488 23488 I net.osmand: RoutingHelper Recalculate route, because correlation  : 1723743.7223726055
06-29 13:39:12.644 23488 23488 I net.osmand: RoutingHelper Recalculate route, because correlation  : 1723743.7223726055
06-29 13:39:12.645 23488 23488 I net.osmand: RoutingHelper Recalculate route, because wrong movement direction: 1723776.1
06-29 13:39:12.872 23488 23488 I net.osmand: RoutingHelper Recalculate route, because correlation  : 1723743.7223726055
06-29 13:39:12.874 23488 23488 I net.osmand: RoutingHelper Recalculate route, because correlation  : 1723743.7223726055
06-29 13:39:12.874 23488 23488 I net.osmand: RoutingHelper Recalculate route, because wrong movement direction: 1723776.1
06-29 13:39:13.566 23488 23488 I net.osmand: RoutingHelper Recalculate route, because correlation  : 1723743.7223726055
06-29 13:39:13.588 23488 23488 I net.osmand: RoutingHelper Recalculate route, because correlation  : 1723743.7223726055
06-29 13:39:13.588 23488 23488 I net.osmand: RoutingHelper Recalculate route, because wrong movement direction: 1723776.1
06-29 13:39:13.616  1600 25245 D NetworkMonitor/NetworkAgentInfo [MOBILE (GPRS) - 103]: PROBE_FALLBACK http://play.googleapis.com/generate_204 Probe failed with exception java.net.SocketTimeoutException: failed to connect to play.googleapis.com/2800:3f0:4001:816::200a (port 80) from /fec0::b85f:5d26:2faf:a41d (port 56677) after 10000ms
06-29 13:39:13.618  1600  1678 D ConnectivityService: NetworkAgentInfo [MOBILE (GPRS) - 103] validation failed
06-29 13:39:14.271 23488 23488 I net.osmand: RoutingHelper Recalculate route, because correlation  : 1723743.7223726055
06-29 13:39:14.285 23488 23488 I net.osmand: RoutingHelper Recalculate route, because correlation  : 1723743.7223726055
06-29 13:39:14.285 23488 23488 I net.osmand: RoutingHelper Recalculate route, because wrong movement direction: 1723776.1
06-29 13:39:14.565 23488 23488 I net.osmand: RoutingHelper Recalculate route, because correlation  : 1723743.7223726055
06-29 13:39:14.584 23488 23488 I net.osmand: RoutingHelper Recalculate route, because correlation  : 1723743.7223726055
06-29 13:39:14.584 23488 23488 I net.osmand: RoutingHelper Recalculate route, because wrong movement direction: 1723776.1
06-29 13:39:15.425  2629  2890 I WorkerManager: dispose()
06-29 13:39:15.428  2629  2890 W ThreadPoolDumper: Queue length for executor EventBus is now 11. Perhaps some tasks are too long, or the pool is too small.
06-29 13:39:15.597 23488 23488 I net.osmand: RoutingHelper Recalculate route, because correlation  : 1723743.7223726055
06-29 13:39:15.631 23488 23488 I net.osmand: RoutingHelper Recalculate route, because correlation  : 1723743.7223726055
06-29 13:39:15.632 23488 23488 I net.osmand: RoutingHelper Recalculate route, because wrong movement direction: 1723776.1
06-29 13:39:15.687 23488 23488 I net.osmand: RoutingHelper Recalculate route, because correlation  : 1723743.7223726055
06-29 13:39:15.687 23488 23488 I net.osmand: RoutingHelper Recalculate route, because wrong movement direction: 1723776.1
06-29 13:39:15.693 23488 23488 I net.osmand: RoutingHelper Recalculate route, because correlation  : 1723743.7223726055
06-29 13:39:16.132  1964  1964 I BeaconBle: Scan : No clients left, canceling alarm.
06-29 13:39:16.567 23488 23488 I net.osmand: RoutingHelper Recalculate route, because correlation  : 1723743.7223726055
06-29 13:39:16.573 23488 23488 I net.osmand: RoutingHelper Recalculate route, because correlation  : 1723743.7223726055
06-29 13:39:16.573 23488 23488 I net.osmand: RoutingHelper Recalculate route, because wrong movement direction: 1723776.1
06-29 13:39:17.004 23488 23488 I net.osmand: RoutingHelper Recalculate route, because correlation  : 1723743.7223726055
06-29 13:39:17.020 23488 23488 I net.osmand: RoutingHelper Recalculate route, because correlation  : 1723743.7223726055
06-29 13:39:17.020 23488 23488 I net.osmand: RoutingHelper Recalculate route, because wrong movement direction: 1723776.1
06-29 13:39:17.583 23488 23488 I net.osmand: RoutingHelper Recalculate route, because correlation  : 1723743.7223726055
06-29 13:39:17.583 23488 23488 I net.osmand: RoutingHelper Recalculate route, because wrong movement direction: 1723776.1
06-29 13:39:17.641 23488 23488 I net.osmand: RoutingHelper Recalculate route, because correlation  : 1723743.7223726055
06-29 13:39:18.298 23488 23488 I chatty  : uid=10104(net.osmand) identical 1 line
06-29 13:39:18.300 23488 23488 I net.osmand: RoutingHelper Recalculate route, because correlation  : 1723743.7223726055
06-29 13:39:18.300 23488 23488 I net.osmand: RoutingHelper Recalculate route, because wrong movement direction: 1723776.1
06-29 13:39:18.569 23488 23488 I net.osmand: RoutingHelper Recalculate route, because correlation  : 1723743.7223726055
06-29 13:39:18.594 23488 23488 I net.osmand: RoutingHelper Recalculate route, because correlation  : 1723743.7223726055
06-29 13:39:18.594 23488 23488 I net.osmand: RoutingHelper Recalculate route, because wrong movement direction: 1723776.1
06-29 13:39:19.574 23488 23488 I net.osmand: RoutingHelper Recalculate route, because correlation  : 1723743.7223726055
06-29 13:39:19.678 23488 23488 I net.osmand: RoutingHelper Recalculate route, because correlation  : 1723743.7223726055
06-29 13:39:19.679 23488 23488 I net.osmand: RoutingHelper Recalculate route, because wrong movement direction: 1723776.1
06-29 13:39:19.685 23488 23488 I net.osmand: RoutingHelper Recalculate route, because correlation  : 1723743.7223726055
06-29 13:39:19.685 23488 23488 I net.osmand: RoutingHelper Recalculate route, because wrong movement direction: 1723776.1
06-29 13:39:19.695 23488 23488 I net.osmand: RoutingHelper Recalculate route, because correlation  : 1723743.7223726055
06-29 13:39:20.075  1600  4840 I WifiService: acquireWifiLock uid=10014 lockMode=2
06-29 13:39:20.141  1600  4840 I WifiService: releaseWifiLock uid=10014
06-29 13:39:20.188  1964 24969 W MessageQueue: Handler (aeyl) {ce6a984} sending message to a Handler on a dead thread
06-29 13:39:20.188  1964 24969 W MessageQueue: java.lang.IllegalStateException: Handler (aeyl) {ce6a984} sending message to a Handler on a dead thread
06-29 13:39:20.188  1964 24969 W MessageQueue: 	at android.os.MessageQueue.enqueueMessage(MessageQueue.java:545)
06-29 13:39:20.188  1964 24969 W MessageQueue: 	at android.os.Handler.enqueueMessage(Handler.java:662)
06-29 13:39:20.188  1964 24969 W MessageQueue: 	at android.os.Handler.sendMessageAtTime(Handler.java:631)
06-29 13:39:20.188  1964 24969 W MessageQueue: 	at aeyl.sendMessageAtTime(Unknown Source:3)
06-29 13:39:20.188  1964 24969 W MessageQueue: 	at android.os.Handler.sendMessageDelayed(Handler.java:601)
06-29 13:39:20.188  1964 24969 W MessageQueue: 	at android.os.Handler.post(Handler.java:357)
06-29 13:39:20.188  1964 24969 W MessageQueue: 	at bhjd.a(:com.google.android.gms@17785022@17.7.85 (040700-253824076):3)
06-29 13:39:20.188  1964 24969 W MessageQueue: 	at bhjd.run(:com.google.android.gms@17785022@17.7.85 (040700-253824076):6)
06-29 13:39:20.188  1964 24969 W MessageQueue: 	at squ.b(:com.google.android.gms@17785022@17.7.85 (040700-253824076):37)
06-29 13:39:20.188  1964 24969 W MessageQueue: 	at squ.run(:com.google.android.gms@17785022@17.7.85 (040700-253824076):21)
06-29 13:39:20.188  1964 24969 W MessageQueue: 	at java.util.concurrent.ThreadPoolExecutor.runWorker(ThreadPoolExecutor.java:1162)
06-29 13:39:20.188  1964 24969 W MessageQueue: 	at java.util.concurrent.ThreadPoolExecutor$Worker.run(ThreadPoolExecutor.java:636)
06-29 13:39:20.188  1964 24969 W MessageQueue: 	at swz.run(Unknown Source:7)
06-29 13:39:20.188  1964 24969 W MessageQueue: 	at java.lang.Thread.run(Thread.java:764)
06-29 13:39:20.568 23488 23488 I net.osmand: RoutingHelper Recalculate route, because correlation  : 1723743.7223726055
06-29 13:39:20.579 23488 23488 I net.osmand: RoutingHelper Recalculate route, because correlation  : 1723743.7223726055
06-29 13:39:20.579 23488 23488 I net.osmand: RoutingHelper Recalculate route, because wrong movement direction: 1723776.1
06-29 13:39:20.957 23488 23488 I net.osmand: RoutingHelper Recalculate route, because correlation  : 1723743.7223726055
06-29 13:39:20.957 23488 23488 I net.osmand: RoutingHelper Recalculate route, because wrong movement direction: 1723776.1
06-29 13:39:20.972 23488 23488 I net.osmand: RoutingHelper Recalculate route, because correlation  : 1723743.7223726055
06-29 13:39:21.569 23488 23488 I chatty  : uid=10104(net.osmand) identical 1 line
06-29 13:39:21.580 23488 23488 I net.osmand: RoutingHelper Recalculate route, because correlation  : 1723743.7223726055
06-29 13:39:21.580 23488 23488 I net.osmand: RoutingHelper Recalculate route, because wrong movement direction: 1723776.1
06-29 13:39:21.786  1964 24609 E Uploader: Clearcut transport failed to make network request. Use 81502 milliseconds.
06-29 13:39:21.786  1964 24609 E Uploader: java.net.ConnectException: Failed to connect to play.googleapis.com/2800:3f0:4001:816::200a:443
06-29 13:39:21.786  1964 24609 E Uploader: 	at com.android.okhttp.internal.io.RealConnection.connectSocket(RealConnection.java:143)
06-29 13:39:21.786  1964 24609 E Uploader: 	at com.android.okhttp.internal.io.RealConnection.connect(RealConnection.java:112)
06-29 13:39:21.786  1964 24609 E Uploader: 	at com.android.okhttp.internal.http.StreamAllocation.findConnection(StreamAllocation.java:184)
06-29 13:39:21.786  1964 24609 E Uploader: 	at com.android.okhttp.internal.http.StreamAllocation.findHealthyConnection(StreamAllocation.java:126)
06-29 13:39:21.786  1964 24609 E Uploader: 	at com.android.okhttp.internal.http.StreamAllocation.newStream(StreamAllocation.java:95)
06-29 13:39:21.786  1964 24609 E Uploader: 	at com.android.okhttp.internal.http.HttpEngine.connect(HttpEngine.java:281)
06-29 13:39:21.786  1964 24609 E Uploader: 	at com.android.okhttp.internal.http.HttpEngine.sendRequest(HttpEngine.java:224)
06-29 13:39:21.786  1964 24609 E Uploader: 	at com.android.okhttp.internal.huc.HttpURLConnectionImpl.execute(HttpURLConnectionImpl.java:461)
06-29 13:39:21.786  1964 24609 E Uploader: 	at com.android.okhttp.internal.huc.HttpURLConnectionImpl.connect(HttpURLConnectionImpl.java:127)
06-29 13:39:21.786  1964 24609 E Uploader: 	at com.android.okhttp.internal.huc.HttpURLConnectionImpl.getOutputStream(HttpURLConnectionImpl.java:258)
06-29 13:39:21.786  1964 24609 E Uploader: 	at com.android.okhttp.internal.huc.DelegatingHttpsURLConnection.getOutputStream(DelegatingHttpsURLConnection.java:218)
06-29 13:39:21.786  1964 24609 E Uploader: 	at com.android.okhttp.internal.huc.HttpsURLConnectionImpl.getOutputStream(Unknown Source:0)
06-29 13:39:21.786  1964 24609 E Uploader: 	at acdd.a(:com.google.android.gms@17785022@17.7.85 (040700-253824076):26)
06-29 13:39:21.786  1964 24609 E Uploader: 	at acdd.execute(:com.google.android.gms@17785022@17.7.85 (040700-253824076):8)
06-29 13:39:21.786  1964 24609 E Uploader: 	at acdd.execute(:com.google.android.gms@17785022@17.7.85 (040700-253824076):7)
06-29 13:39:21.786  1964 24609 E Uploader: 	at rdf.a(:com.google.android.gms@17785022@17.7.85 (040700-253824076):10)
06-29 13:39:21.786  1964 24609 E Uploader: 	at rdf.a(:com.google.android.gms@17785022@17.7.85 (040700-253824076):56)
06-29 13:39:21.786  1964 24609 E Uploader: 	at rdz.a(:com.google.android.gms@17785022@17.7.85 (040700-253824076):159)
06-29 13:39:21.786  1964 24609 E Uploader: 	at rdz.a(:com.google.android.gms@17785022@17.7.85 (040700-253824076):312)
06-29 13:39:21.786  1964 24609 E Uploader: 	at com.google.android.gms.clearcut.uploader.QosUploaderChimeraService.a(:com.google.android.gms@17785022@17.7.85 (040700-253824076):83)
06-29 13:39:21.786  1964 24609 E Uploader: 	at com.google.android.gms.clearcut.uploader.QosUploaderChimeraService.a(:com.google.android.gms@17785022@17.7.85 (040700-253824076):9)
06-29 13:39:21.786  1964 24609 E Uploader: 	at aezd.run(:com.google.android.gms@17785022@17.7.85 (040700-253824076):5)
06-29 13:39:21.786  1964 24609 E Uploader: 	at squ.b(:com.google.android.gms@17785022@17.7.85 (040700-253824076):37)
06-29 13:39:21.786  1964 24609 E Uploader: 	at squ.run(:com.google.android.gms@17785022@17.7.85 (040700-253824076):21)
06-29 13:39:21.786  1964 24609 E Uploader: 	at java.util.concurrent.ThreadPoolExecutor.runWorker(ThreadPoolExecutor.java:1162)
06-29 13:39:21.786  1964 24609 E Uploader: 	at java.util.concurrent.ThreadPoolExecutor$Worker.run(ThreadPoolExecutor.java:636)
06-29 13:39:21.786  1964 24609 E Uploader: 	at swz.run(Unknown Source:7)
06-29 13:39:21.786  1964 24609 E Uploader: 	at java.lang.Thread.run(Thread.java:764)
06-29 13:39:21.923  1600  1613 E memtrack: Couldn't load memtrack module
06-29 13:39:21.923  1600  1613 W android.os.Debug: failed to get memory consumption info: -1
06-29 13:39:22.060  1600  1613 E memtrack: Couldn't load memtrack module
06-29 13:39:22.060  1600  1613 W android.os.Debug: failed to get memory consumption info: -1
06-29 13:39:22.432 23488 23488 I net.osmand: RoutingHelper Recalculate route, because correlation  : 1723743.7223726055
06-29 13:39:22.432 23488 23488 I net.osmand: RoutingHelper Recalculate route, because wrong movement direction: 1723776.1
06-29 13:39:22.444 23488 23488 I net.osmand: RoutingHelper Recalculate route, because correlation  : 1723743.7223726055
06-29 13:39:22.584 23488 23488 I net.osmand: RoutingHelper Recalculate route, because correlation  : 1723743.7223726055
06-29 13:39:22.584 23488 23488 I net.osmand: RoutingHelper Recalculate route, because wrong movement direction: 1723776.1
06-29 13:39:22.587 23488 23488 I net.osmand: RoutingHelper Recalculate route, because correlation  : 1723743.7223726055
06-29 13:39:22.818  1600  7948 I ActivityManager: Start proc 25395:com.google.android.videos/u0a74 for service com.google.android.videos/com.google.android.apps.play.movies.common.service.drm.RefreshLicenseTaskService
06-29 13:39:22.826 25395 25395 W zygote  : Unexpected CPU variant for X86 using defaults: x86
06-29 13:39:23.307  1406  1406 I boot-pipe: done populating /dev/random
06-29 13:39:23.495  1964  4147 I GeofencerStateMachine: addGeofences called by com.google.android.apps.maps
06-29 13:39:23.569  1600  4840 I GnssLocationProvider: WakeLock acquired by sendMessage(SET_REQUEST, 0, com.android.server.location.GnssLocationProvider$GpsRequest@93d767d)
06-29 13:39:23.573  1600  1613 I GnssLocationProvider: WakeLock released by handleMessage(SET_REQUEST, 0, com.android.server.location.GnssLocationProvider$GpsRequest@93d767d)
06-29 13:39:23.580 23488 23488 I net.osmand: RoutingHelper Recalculate route, because correlation  : 1723743.7223726055
06-29 13:39:23.580 23488 23488 I net.osmand: RoutingHelper Recalculate route, because wrong movement direction: 1723776.1
06-29 13:39:23.615 23488 23488 I net.osmand: RoutingHelper Recalculate route, because correlation  : 1723743.7223726055
06-29 13:39:23.701  1964  1964 I GeofencerStateMachine: sendNewTransitions called.
06-29 13:39:23.805  1964  1964 I GeofencerStateMachine: sendNewLocationAvailability: availability=LocationAvailability[isLocationAvailable: true]
06-29 13:39:23.975  1600  5707 I WifiService: getWifiEnabledState uid=10062
06-29 13:39:24.256 23488 23488 I net.osmand: RoutingHelper Recalculate route, because correlation  : 1723743.7223726055
06-29 13:39:24.256 23488 23488 I net.osmand: RoutingHelper Recalculate route, because wrong movement direction: 1723776.1
06-29 13:39:24.346 23488 23488 I net.osmand: RoutingHelper Recalculate route, because correlation  : 1723743.7223726055
06-29 13:39:24.403  1600  7948 I GnssLocationProvider: WakeLock acquired by sendMessage(SET_REQUEST, 0, com.android.server.location.GnssLocationProvider$GpsRequest@12c3a6c)
06-29 13:39:24.406  1600  1613 I GnssLocationProvider: WakeLock released by handleMessage(SET_REQUEST, 0, com.android.server.location.GnssLocationProvider$GpsRequest@12c3a6c)
06-29 13:39:24.651  1964  1964 I GeofencerStateMachine: sendNewLocationAvailability: availability=LocationAvailability[isLocationAvailable: true]
06-29 13:39:24.656 23488 23488 I net.osmand: RoutingHelper Recalculate route, because correlation  : 1723743.7223726055
06-29 13:39:24.656 23488 23488 I net.osmand: RoutingHelper Recalculate route, because wrong movement direction: 1723776.1
06-29 13:39:24.695  1964  1964 I GeofencerStateMachine: sendNewLocationAvailability: availability=LocationAvailability[isLocationAvailable: true]
06-29 13:39:24.735 23488 23488 I net.osmand: RoutingHelper Recalculate route, because correlation  : 1723743.7223726055
06-29 13:39:25.149 25395 25395 V MediaRouter: Adding route: RouteInfo{ name=Phone, description=null, status=null, category=RouteCategory{ name=System types=ROUTE_TYPE_LIVE_AUDIO ROUTE_TYPE_LIVE_VIDEO  groupable=false }, supportedTypes=ROUTE_TYPE_LIVE_AUDIO ROUTE_TYPE_LIVE_VIDEO , presentationDisplay=null }
06-29 13:39:25.161 25395 25395 V MediaRouter: Selecting route: RouteInfo{ name=Phone, description=null, status=null, category=RouteCategory{ name=System types=ROUTE_TYPE_LIVE_AUDIO ROUTE_TYPE_LIVE_VIDEO  groupable=false }, supportedTypes=ROUTE_TYPE_LIVE_AUDIO ROUTE_TYPE_LIVE_VIDEO , presentationDisplay=null }
06-29 13:39:25.186 25395 25395 W MediaSessionCompat: Couldn't find a unique registered media button receiver in the given context.
06-29 13:39:25.218 23488 25346 I net.osmand:native: Reiterate point with new start/destination 
06-29 13:39:25.218 23488 25346 D net.osmand:native: Reiterate point  Road id=10433843291 dir=-1 ind=2 ds=0.000000 es=47518.320312 pend=0 parent=0
06-29 13:39:25.219 23488 25346 I net.osmand:native: Reiterate point with new start/destination 
06-29 13:39:25.219 23488 25346 D net.osmand:native: Reiterate point  Road id=8275460541 dir=-1 ind=10 ds=0.000000 es=47518.320312 pend=0 parent=0
06-29 13:39:25.220 23488 25346 I net.osmand:native: Reiterate point with new start/destination 
06-29 13:39:25.220 23488 25346 D net.osmand:native: Reiterate point  Road id=20088111493 dir=1 ind=1 ds=0.000000 es=47518.320312 pend=0 parent=0
06-29 13:39:25.220 23488 25346 I net.osmand:native: Reiterate point with new start/destination 
06-29 13:39:25.221 23488 25346 D net.osmand:native: Reiterate point  Road id=10433843829 dir=-1 ind=2 ds=0.000000 es=47518.320312 pend=0 parent=0
06-29 13:39:25.221 23488 25346 I net.osmand:native: Reiterate point with new start/destination 
06-29 13:39:25.222 23488 25346 D net.osmand:native: Reiterate point  Road id=8275460545 dir=1 ind=1 ds=0.000000 es=47518.320312 pend=0 parent=0
06-29 13:39:25.231 23488 25346 I net.osmand:native: Reiterate point with new start/destination 
06-29 13:39:25.231 23488 25346 D net.osmand:native: Reiterate point  Road id=10478595675 dir=-1 ind=1 ds=0.000000 es=47518.320312 pend=0 parent=0
06-29 13:39:25.231 23488 25346 I net.osmand:native: Reiterate point with new start/destination 
06-29 13:39:25.231 23488 25346 D net.osmand:native: Reiterate point  Road id=10478437299 dir=-1 ind=1 ds=0.000000 es=47518.320312 pend=0 parent=0
06-29 13:39:25.232 23488 25346 I net.osmand:native: Reiterate point with new start/destination 
06-29 13:39:25.232 23488 25346 D net.osmand:native: Reiterate point  Road id=10427071875 dir=-1 ind=6 ds=0.000000 es=47518.320312 pend=0 parent=0
06-29 13:39:25.235 23488 25346 I net.osmand:native: Reiterate point with new start/destination 
06-29 13:39:25.235 23488 25346 D net.osmand:native: Reiterate point  Road id=10432438249 dir=-1 ind=2 ds=0.000000 es=47518.320312 pend=0 parent=0
06-29 13:39:25.236 23488 25346 I net.osmand:native: Reiterate point with new start/destination 
06-29 13:39:25.236 23488 25346 D net.osmand:native: Reiterate point  Road id=20010181845 dir=-1 ind=2 ds=0.000000 es=47518.320312 pend=0 parent=0
06-29 13:39:25.236 23488 25346 I net.osmand:native: Reiterate point with new start/destination 
06-29 13:39:25.236 23488 25346 D net.osmand:native: Reiterate point  Road id=10479167483 dir=-1 ind=1 ds=0.000000 es=47518.320312 pend=0 parent=0
06-29 13:39:25.237 23488 25346 I net.osmand:native: Reiterate point with new start/destination 
06-29 13:39:25.237 23488 25346 D net.osmand:native: Reiterate point  Road id=23106480265 dir=-1 ind=1 ds=0.000000 es=47518.320312 pend=0 parent=0
06-29 13:39:25.237 23488 25346 I net.osmand:native: Reiterate point with new start/destination 
06-29 13:39:25.237 23488 25346 D net.osmand:native: Reiterate point  Road id=24028262429 dir=1 ind=88 ds=0.000000 es=47518.320312 pend=0 parent=0
06-29 13:39:25.297 23488 25346 I net.osmand:native: Reiterate point with new start/destination 
06-29 13:39:25.298 23488 25346 D net.osmand:native: Reiterate point  Road id=13098512903 dir=-1 ind=1 ds=0.000000 es=47518.320312 pend=0 parent=0
06-29 13:39:25.298 23488 25346 I net.osmand:native: Reiterate point with new start/destination 
06-29 13:39:25.298 23488 25346 D net.osmand:native: Reiterate point  Road id=10203512829 dir=-1 ind=13 ds=0.000000 es=47518.320312 pend=0 parent=0
06-29 13:39:25.300 23488 25346 I net.osmand:native: Reiterate point with new start/destination 
06-29 13:39:25.300 23488 25346 D net.osmand:native: Reiterate point  Road id=10432567071 dir=-1 ind=1 ds=0.000000 es=47518.320312 pend=0 parent=0
06-29 13:39:25.301 23488 25346 I net.osmand:native: Reiterate point with new start/destination 
06-29 13:39:25.301 23488 25346 D net.osmand:native: Reiterate point  Road id=22941121545 dir=-1 ind=1 ds=0.000000 es=47518.320312 pend=0 parent=0
06-29 13:39:25.315 23488 25346 I net.osmand:native: Reiterate point with new start/destination 
06-29 13:39:25.315 23488 25346 D net.osmand:native: Reiterate point  Road id=37788106349 dir=-1 ind=1 ds=0.000000 es=47518.320312 pend=0 parent=0
06-29 13:39:25.318 23488 25346 I net.osmand:native: Reiterate point with new start/destination 
06-29 13:39:25.318 23488 25346 D net.osmand:native: Reiterate point  Road id=37788107019 dir=-1 ind=1 ds=0.000000 es=47518.320312 pend=0 parent=0
06-29 13:39:25.320 23488 25346 I net.osmand:native: Reiterate point with new start/destination 
06-29 13:39:25.321 23488 25346 D net.osmand:native: Reiterate point  Road id=37788103723 dir=-1 ind=2 ds=0.000000 es=47518.320312 pend=0 parent=0
06-29 13:39:25.322 23488 25346 I net.osmand:native: Reiterate point with new start/destination 
06-29 13:39:25.322 23488 25346 D net.osmand:native: Reiterate point  Road id=31985647045 dir=-1 ind=4 ds=0.000000 es=47518.320312 pend=0 parent=0
06-29 13:39:25.327 23488 25346 I net.osmand:native: Reiterate point with new start/destination 
06-29 13:39:25.327 23488 25346 D net.osmand:native: Reiterate point  Road id=17918261157 dir=-1 ind=1 ds=0.000000 es=47518.320312 pend=0 parent=0
06-29 13:39:25.333 23488 25346 I net.osmand:native: Reiterate point with new start/destination 
06-29 13:39:25.333 23488 25346 D net.osmand:native: Reiterate point  Road id=17918261201 dir=-1 ind=1 ds=0.000000 es=47518.320312 pend=0 parent=0
06-29 13:39:25.333 23488 25346 I net.osmand:native: Reiterate point with new start/destination 
06-29 13:39:25.333 23488 25346 D net.osmand:native: Reiterate point  Road id=27724909191 dir=-1 ind=3 ds=0.000000 es=47518.320312 pend=0 parent=0
06-29 13:39:25.337 23488 25346 W net.osmand:native: Route is not found to selected target point.
06-29 13:39:25.386  1600  1609 I zygote  : Background concurrent copying GC freed 28213(1605KB) AllocSpace objects, 0(0B) LOS objects, 21% free, 22MB/28MB, paused 39.397ms total 910.415ms
06-29 13:39:25.409 25395 25395 W PrimesInit: Primes instant initialization
06-29 13:39:25.412 25395 25430 W Primes  : background initialization
06-29 13:39:25.487 25395 25430 I PrimesTesting: GserviceFlagsSupplier.get()
06-29 13:39:25.504 25395 25395 W PlayMovies: VideosInitializer.initializeApp:31 Installer Package: com.android.vending
06-29 13:39:25.504 25395 25395 W PlayMovies: 
06-29 13:39:25.560 25395 25395 V MediaRouter: Selecting route: RouteInfo{ name=Phone, description=null, status=null, category=RouteCategory{ name=System types=ROUTE_TYPE_LIVE_AUDIO ROUTE_TYPE_LIVE_VIDEO  groupable=false }, supportedTypes=ROUTE_TYPE_LIVE_AUDIO ROUTE_TYPE_LIVE_VIDEO , presentationDisplay=null }
06-29 13:39:25.655 23540 23554 I Finsky  : [780] qwz.a(24): Will not allow first-party apps signed by test keys
06-29 13:39:25.664 23540 23554 I Finsky  : [780] bgc.a(1): Received content filters request from com.google.android.videos
06-29 13:39:25.682 23488 23488 I net.osmand: RoutingHelper Recalculate route, because correlation  : 1723743.7223726055
06-29 13:39:25.682 23488 23488 I net.osmand: RoutingHelper Recalculate route, because wrong movement direction: 1723776.1
06-29 13:39:25.710  1600  7948 I WifiService: acquireWifiLock uid=10074 lockMode=3
06-29 13:39:25.727  1600  1613 E memtrack: Couldn't load memtrack module
06-29 13:39:25.727  1600  1613 W android.os.Debug: failed to get memory consumption info: -1
06-29 13:39:25.734 23488 23488 I net.osmand: RoutingHelper Recalculate route, because correlation  : 1723743.7223726055
06-29 13:39:25.740 23488 23488 I net.osmand: RoutingHelper Recalculate route, because correlation  : 1723743.7223726055
06-29 13:39:25.740 23488 23488 I net.osmand: RoutingHelper Recalculate route, because wrong movement direction: 1723776.1
06-29 13:39:25.759 23488 23488 I net.osmand: RoutingHelper Recalculate route, because correlation  : 1723743.7223726055
06-29 13:39:25.918  1964  1964 W ChimeraUtils: Non Chimera context
06-29 13:39:25.918  1964  1964 W ChimeraUtils: Non Chimera context
06-29 13:39:25.999  1600  2100 I WifiService: releaseWifiLock uid=10074
06-29 13:39:26.021  1964  1964 W SystemServiceRegistry: No service published for: persistent_data_block
06-29 13:39:26.198 23488 25346 I net.osmand:native: No route found
06-29 13:39:26.442 25395 25438 I VideoCapabilities: Unsupported profile 4 for video/mp4v-es
06-29 13:39:26.588 23488 23488 I net.osmand: RoutingHelper Recalculate route, because correlation  : 1723743.7223726055
06-29 13:39:26.600 23488 23488 I net.osmand: RoutingHelper Recalculate route, because correlation  : 1723743.7223726055
06-29 13:39:26.600 23488 23488 I net.osmand: RoutingHelper Recalculate route, because wrong movement direction: 1723776.1
06-29 13:39:26.776 23488 25346 I net.osmand: RoutePlannerFrontEnd Native routing took 31.68 seconds
06-29 13:39:26.777 23488 25346 I System.out: ROUTE : 
06-29 13:39:26.778 23488 25346 I net.osmand: RouteResultPreparation <test regions="" description="" best_percent="" vehicle="car" 
06-29 13:39:26.778 23488 25346 I net.osmand:   start_lat="-7.58920" start_lon="-37.54107" target_lat="-0.00069" target_lon="-51.09564"  routing_time="0.00" loadedTiles="753" visitedSegments="75825" complete_distance="0.00" complete_time="0.00" >
06-29 13:39:26.778 23488 25346 I System.out: <test regions="" description="" best_percent="" vehicle="car" 
06-29 13:39:26.778 23488 25346 I System.out:   start_lat="-7.58920" start_lon="-37.54107" target_lat="-0.00069" target_lon="-51.09564"  routing_time="0.00" loadedTiles="753" visitedSegments="75825" complete_distance="0.00" complete_time="0.00" >
06-29 13:39:26.778 23488 25346 I System.out: </test>
06-29 13:39:26.778 23488 25346 I System.out: <test regions="" description="" best_percent="" vehicle="car" 
06-29 13:39:26.779 23488 25346 I System.out:   start_lat="-7.58920" start_lon="-37.54107" target_lat="-0.00069" target_lon="-51.09564"  routing_time="0.00" loadedTiles="753" visitedSegments="75825" complete_distance="0.00" complete_time="0.00" >
06-29 13:39:26.823 23488 25346 I net.osmand:native: Start point was found 25957571909 [Native]
06-29 13:39:26.858 23488 25346 I net.osmand:native: End point was found 10433843853 [Native]
06-29 13:39:26.982 23488 23488 I net.osmand: RoutingHelper Recalculate route, because correlation  : 1723743.7223726055
06-29 13:39:27.031 23488 23488 I net.osmand: RoutingHelper Recalculate route, because correlation  : 1723743.7223726055
06-29 13:39:27.031 23488 23488 I net.osmand: RoutingHelper Recalculate route, because wrong movement direction: 1723776.1
06-29 13:39:27.572 23488 23488 I net.osmand: RoutingHelper Recalculate route, because correlation  : 1723743.7223726055
06-29 13:39:27.588 23488 23488 I net.osmand: RoutingHelper Recalculate route, because correlation  : 1723743.7223726055
06-29 13:39:27.588 23488 23488 I net.osmand: RoutingHelper Recalculate route, because wrong movement direction: 1723776.1
06-29 13:39:28.290 23488 23488 I net.osmand: RoutingHelper Recalculate route, because correlation  : 1723743.7223726055
06-29 13:39:28.316 23488 23488 I net.osmand: RoutingHelper Recalculate route, because correlation  : 1723743.7223726055
06-29 13:39:28.316 23488 23488 I net.osmand: RoutingHelper Recalculate route, because wrong movement direction: 1723776.1
06-29 13:39:28.578 23488 23488 I net.osmand: RoutingHelper Recalculate route, because correlation  : 1723743.7223726055
06-29 13:39:28.598 23488 23488 I net.osmand: RoutingHelper Recalculate route, because correlation  : 1723743.7223726055
06-29 13:39:28.599 23488 23488 I net.osmand: RoutingHelper Recalculate route, because wrong movement direction: 1723776.1
06-29 13:39:29.580 23488 23488 I net.osmand: RoutingHelper Recalculate route, because correlation  : 1723743.7223726055
06-29 13:39:29.593 23488 23488 I net.osmand: RoutingHelper Recalculate route, because correlation  : 1723743.7223726055
06-29 13:39:29.593 23488 23488 I net.osmand: RoutingHelper Recalculate route, because wrong movement direction: 1723776.1
06-29 13:39:29.659  1600 25445 D NetworkMonitor/NetworkAgentInfo [MOBILE (GPRS) - 103]: PROBE_DNS connectivitycheck.gstatic.com 5ms OK 172.217.172.131,2800:3f0:4001:81a::2003
06-29 13:39:29.695  1600 25444 D NetworkMonitor/NetworkAgentInfo [MOBILE (GPRS) - 103]: PROBE_DNS www.google.com 36ms OK 172.217.28.228,2800:3f0:4001:801::2004
06-29 13:39:29.717 23488 23488 I net.osmand: RoutingHelper Recalculate route, because correlation  : 1723743.7223726055
06-29 13:39:29.717 23488 23488 I net.osmand: RoutingHelper Recalculate route, because wrong movement direction: 1723776.1
06-29 13:39:29.753 23488 23488 I net.osmand: RoutingHelper Recalculate route, because correlation  : 1723743.7223726055
06-29 13:39:30.323  1600 25449 D NetworkMonitor/NetworkAgentInfo [WIFI () - 101]: PROBE_DNS connectivitycheck.gstatic.com 4ms OK 172.217.172.131,2800:3f0:4001:81a::2003
06-29 13:39:30.336  1600 25448 D NetworkMonitor/NetworkAgentInfo [WIFI () - 101]: PROBE_DNS www.google.com 8ms OK 172.217.28.228,2800:3f0:4001:801::2004
06-29 13:39:30.577 23488 23488 I net.osmand: RoutingHelper Recalculate route, because correlation  : 1723743.7223726055
06-29 13:39:30.583 23488 23488 I net.osmand: RoutingHelper Recalculate route, because correlation  : 1723743.7223726055
06-29 13:39:30.583 23488 23488 I net.osmand: RoutingHelper Recalculate route, because wrong movement direction: 1723776.1
06-29 13:39:30.899 23488 23488 I net.osmand: RoutingHelper Recalculate route, because correlation  : 1723743.7223726055
06-29 13:39:30.906 23488 23488 I net.osmand: RoutingHelper Recalculate route, because correlation  : 1723743.7223726055
06-29 13:39:30.907 23488 23488 I net.osmand: RoutingHelper Recalculate route, because wrong movement direction: 1723776.1
06-29 13:39:31.569 23488 23488 I net.osmand: RoutingHelper Recalculate route, because correlation  : 1723743.7223726055
06-29 13:39:31.595 23488 23488 I net.osmand: RoutingHelper Recalculate route, because correlation  : 1723743.7223726055
06-29 13:39:31.595 23488 23488 I net.osmand: RoutingHelper Recalculate route, because wrong movement direction: 1723776.1
06-29 13:39:32.240 23488 23488 I net.osmand: RoutingHelper Recalculate route, because correlation  : 1723743.7223726055
06-29 13:39:32.271 23488 23488 I net.osmand: RoutingHelper Recalculate route, because correlation  : 1723743.7223726055
06-29 13:39:32.271 23488 23488 I net.osmand: RoutingHelper Recalculate route, because wrong movement direction: 1723776.1
06-29 13:39:32.574 23488 23488 I net.osmand: RoutingHelper Recalculate route, because correlation  : 1723743.7223726055
06-29 13:39:32.584 23488 23488 I net.osmand: RoutingHelper Recalculate route, because correlation  : 1723743.7223726055
06-29 13:39:32.585 23488 23488 I net.osmand: RoutingHelper Recalculate route, because wrong movement direction: 1723776.1
06-29 13:39:33.578 23488 23488 I net.osmand: RoutingHelper Recalculate route, because correlation  : 1723743.7223726055
06-29 13:39:33.596 23488 23488 I chatty  : uid=10104(net.osmand) identical 1 line
06-29 13:39:33.599 23488 23488 I net.osmand: RoutingHelper Recalculate route, because correlation  : 1723743.7223726055
06-29 13:39:33.599 23488 23488 I net.osmand: RoutingHelper Recalculate route, because wrong movement direction: 1723776.1
06-29 13:39:33.702 23488 23488 I net.osmand: RoutingHelper Recalculate route, because correlation  : 1723743.7223726055
06-29 13:39:33.702 23488 23488 I net.osmand: RoutingHelper Recalculate route, because wrong movement direction: 1723776.1
06-29 13:39:34.589 23488 23488 I net.osmand: RoutingHelper Recalculate route, because correlation  : 1723743.7223726055
06-29 13:39:34.589 23488 23488 I net.osmand: RoutingHelper Recalculate route, because wrong movement direction: 1723776.1
06-29 13:39:34.648 23488 23488 I net.osmand: RoutingHelper Recalculate route, because correlation  : 1723743.7223726055
06-29 13:39:34.886 23488 23488 I net.osmand: RoutingHelper Recalculate route, because correlation  : 1723743.7223726055
06-29 13:39:34.887 23488 23488 I net.osmand: RoutingHelper Recalculate route, because wrong movement direction: 1723776.1
06-29 13:39:34.906 23488 23488 I net.osmand: RoutingHelper Recalculate route, because correlation  : 1723743.7223726055
06-29 13:39:35.586 23488 23488 I net.osmand: RoutingHelper Recalculate route, because correlation  : 1723743.7223726055
06-29 13:39:35.587 23488 23488 I net.osmand: RoutingHelper Recalculate route, because wrong movement direction: 1723776.1
06-29 13:39:35.728 23488 23488 I net.osmand: RoutingHelper Recalculate route, because correlation  : 1723743.7223726055
06-29 13:39:36.197 23488 23488 I net.osmand: RoutingHelper Recalculate route, because correlation  : 1723743.7223726055
06-29 13:39:36.197 23488 23488 I net.osmand: RoutingHelper Recalculate route, because wrong movement direction: 1723776.1
06-29 13:39:36.203 23488 23488 I net.osmand: RoutingHelper Recalculate route, because correlation  : 1723743.7223726055
06-29 13:39:36.584 23488 23488 I net.osmand: RoutingHelper Recalculate route, because correlation  : 1723743.7223726055
06-29 13:39:36.584 23488 23488 I net.osmand: RoutingHelper Recalculate route, because wrong movement direction: 1723776.1
06-29 13:39:36.638 23488 23488 I net.osmand: RoutingHelper Recalculate route, because correlation  : 1723743.7223726055
06-29 13:39:37.495 23488 23488 I net.osmand: RoutingHelper Recalculate route, because correlation  : 1723743.7223726055
06-29 13:39:37.495 23488 23488 I net.osmand: RoutingHelper Recalculate route, because wrong movement direction: 1723776.1
06-29 13:39:37.499 23488 23488 I net.osmand: RoutingHelper Recalculate route, because correlation  : 1723743.7223726055
06-29 13:39:37.599 23488 23488 I net.osmand: RoutingHelper Recalculate route, because correlation  : 1723743.7223726055
06-29 13:39:37.599 23488 23488 I net.osmand: RoutingHelper Recalculate route, because wrong movement direction: 1723776.1
06-29 13:39:37.622 23488 23488 I net.osmand: RoutingHelper Recalculate route, because correlation  : 1723743.7223726055
06-29 13:39:38.418  1600  1613 E memtrack: Couldn't load memtrack module
06-29 13:39:38.418  1600  1613 W android.os.Debug: failed to get memory consumption info: -1
06-29 13:39:38.517  1600  1613 E memtrack: Couldn't load memtrack module
06-29 13:39:38.517  1600  1613 W android.os.Debug: failed to get memory consumption info: -1
06-29 13:39:38.600  1600  1613 E memtrack: Couldn't load memtrack module
06-29 13:39:38.600  1600  1613 W android.os.Debug: failed to get memory consumption info: -1
06-29 13:39:38.658 23488 23488 I net.osmand: RoutingHelper Recalculate route, because correlation  : 1723743.7223726055
06-29 13:39:38.658 23488 23488 I net.osmand: RoutingHelper Recalculate route, because wrong movement direction: 1723776.1
06-29 13:39:38.757 23488 23488 I net.osmand: RoutingHelper Recalculate route, because correlation  : 1723743.7223726055
06-29 13:39:39.013 23488 23488 I chatty  : uid=10104(net.osmand) identical 1 line
06-29 13:39:39.020 23488 23488 I net.osmand: RoutingHelper Recalculate route, because correlation  : 1723743.7223726055
06-29 13:39:39.020 23488 23488 I net.osmand: RoutingHelper Recalculate route, because wrong movement direction: 1723776.1
06-29 13:39:39.576 23488 23488 I net.osmand: RoutingHelper Recalculate route, because correlation  : 1723743.7223726055
06-29 13:39:39.599 23488 23488 I net.osmand: RoutingHelper Recalculate route, because correlation  : 1723743.7223726055
06-29 13:39:39.600 23488 23488 I net.osmand: RoutingHelper Recalculate route, because wrong movement direction: 1723776.1
06-29 13:39:40.087  1600  5707 I WifiService: acquireWifiLock uid=10014 lockMode=2
06-29 13:39:40.348  1600 25449 D NetworkMonitor/NetworkAgentInfo [WIFI () - 101]: PROBE_HTTP http://connectivitycheck.gstatic.com/generate_204 Probe failed with exception java.net.SocketTimeoutException: timeout
06-29 13:39:40.356 23488 23488 I net.osmand: RoutingHelper Recalculate route, because correlation  : 1723743.7223726055
06-29 13:39:40.368 23488 23488 I net.osmand: RoutingHelper Recalculate route, because correlation  : 1723743.7223726055
06-29 13:39:40.370 23488 23488 I net.osmand: RoutingHelper Recalculate route, because wrong movement direction: 1723776.1
06-29 13:39:40.586 23488 23488 I net.osmand: RoutingHelper Recalculate route, because correlation  : 1723743.7223726055
06-29 13:39:40.593 23488 23488 I net.osmand: RoutingHelper Recalculate route, because correlation  : 1723743.7223726055
06-29 13:39:40.593 23488 23488 I net.osmand: RoutingHelper Recalculate route, because wrong movement direction: 1723776.1
06-29 13:39:40.644  1600 25445 D NetworkMonitor/NetworkAgentInfo [MOBILE (GPRS) - 103]: PROBE_HTTP http://connectivitycheck.gstatic.com/generate_204 Probe failed with exception java.net.SocketTimeoutException: failed to connect to connectivitycheck.gstatic.com/2800:3f0:4001:81a::2003 (port 80) from /fec0::b85f:5d26:2faf:a41d (port 60636) after 10000ms
06-29 13:39:40.645  1600 25448 D NetworkMonitor/NetworkAgentInfo [WIFI () - 101]: PROBE_HTTPS https://www.google.com/generate_204 Probe failed with exception java.net.SocketTimeoutException: failed to connect to www.google.com/2800:3f0:4001:801::2004 (port 443) from /fec0::7874:a8bd:4205:7510 (port 42441) after 10000ms
06-29 13:39:40.657  1600 25444 D NetworkMonitor/NetworkAgentInfo [MOBILE (GPRS) - 103]: PROBE_HTTPS https://www.google.com/generate_204 Probe failed with exception java.net.SocketTimeoutException: failed to connect to www.google.com/2800:3f0:4001:801::2004 (port 443) from /fec0::b85f:5d26:2faf:a41d (port 60362) after 10000ms
06-29 13:39:41.577 23488 23488 I net.osmand: RoutingHelper Recalculate route, because correlation  : 1723743.7223726055
06-29 13:39:41.615 23488 23488 I net.osmand: RoutingHelper Recalculate route, because correlation  : 1723743.7223726055
06-29 13:39:41.615 23488 23488 I net.osmand: RoutingHelper Recalculate route, because wrong movement direction: 1723776.1
06-29 13:39:41.668 23488 23488 I net.osmand: RoutingHelper Recalculate route, because correlation  : 1723743.7223726055
06-29 13:39:41.668 23488 23488 I net.osmand: RoutingHelper Recalculate route, because wrong movement direction: 1723776.1
06-29 13:39:41.734 23488 23488 I net.osmand: RoutingHelper Recalculate route, because correlation  : 1723743.7223726055
06-29 13:39:42.590 23488 23488 I chatty  : uid=10104(net.osmand) identical 1 line
06-29 13:39:42.592 23488 23488 I net.osmand: RoutingHelper Recalculate route, because correlation  : 1723743.7223726055
06-29 13:39:42.593 23488 23488 I net.osmand: RoutingHelper Recalculate route, because wrong movement direction: 1723776.1
06-29 13:39:42.942 23488 23488 I net.osmand: RoutingHelper Recalculate route, because correlation  : 1723743.7223726055
06-29 13:39:42.961 23488 23488 I net.osmand: RoutingHelper Recalculate route, because correlation  : 1723743.7223726055
06-29 13:39:42.961 23488 23488 I net.osmand: RoutingHelper Recalculate route, because wrong movement direction: 1723776.1
06-29 13:39:43.097  1600  2100 D WificondControl: Scan result ready event
06-29 13:39:43.186  1600  2131 I WifiService: releaseWifiLock uid=10014
06-29 13:39:43.580 23488 23488 I net.osmand: RoutingHelper Recalculate route, because correlation  : 1723743.7223726055
06-29 13:39:43.594 23488 23488 I net.osmand: RoutingHelper Recalculate route, because correlation  : 1723743.7223726055
06-29 13:39:43.594 23488 23488 I net.osmand: RoutingHelper Recalculate route, because wrong movement direction: 1723776.1
06-29 13:39:43.633  1600 25245 D NetworkMonitor/NetworkAgentInfo [MOBILE (GPRS) - 103]: PROBE_FALLBACK http://www.google.com/gen_204 Probe failed with exception java.net.SocketTimeoutException: failed to connect to www.google.com/2800:3f0:4001:801::2004 (port 80) from /fec0::b85f:5d26:2faf:a41d (port 54363) after 10000ms
06-29 13:39:43.634  1600  1678 D ConnectivityService: NetworkAgentInfo [MOBILE (GPRS) - 103] validation failed
06-29 13:39:43.635  1600  3204 D NetworkMonitor/NetworkAgentInfo [WIFI () - 101]: PROBE_FALLBACK http://play.googleapis.com/generate_204 Probe failed with exception java.net.SocketTimeoutException: failed to connect to play.googleapis.com/2800:3f0:4001:816::200a (port 80) from /fec0::7874:a8bd:4205:7510 (port 41805) after 10000ms
06-29 13:39:43.636  1600  1678 D ConnectivityService: NetworkAgentInfo [WIFI () - 101] validation failed
06-29 13:39:43.637  1600  1674 D WifiStateMachine: NETWORK_STATUS_UNWANTED_VALIDATION_FAILED
06-29 13:39:44.310 23488 23488 I net.osmand: RoutingHelper Recalculate route, because correlation  : 1723743.7223726055
