06-28 17:35:30.600  5258  5258 I net.osmand: RoutingHelper Recalculate route, because correlation  : 185240.89184597204
06-28 17:35:30.614  5258  5258 I net.osmand: RoutingHelper Recalculate route, because correlation  : 185240.89184597204
06-28 17:35:30.614  5258  5258 I net.osmand: RoutingHelper Recalculate route, because wrong movement direction: 185240.89
06-28 17:35:30.873  5258  5258 I net.osmand: RoutingHelper Recalculate route, because correlation  : 185240.89184597204
06-28 17:35:30.880  5258  5258 I net.osmand: RoutingHelper Recalculate route, because correlation  : 185240.89184597204
06-28 17:35:30.880  5258  5258 I net.osmand: RoutingHelper Recalculate route, because wrong movement direction: 185240.89
06-28 17:35:31.920  5258  5258 I net.osmand: RoutingHelper Recalculate route, because correlation  : 185264.8826166385
06-28 17:35:31.920  5258  5258 I net.osmand: RoutingHelper Recalculate route, because wrong movement direction: 185264.88
06-28 17:35:31.940  5258  5258 I net.osmand: RoutingHelper Recalculate route, because correlation  : 185264.8826166385
06-28 17:35:31.940  5258  5258 I net.osmand: RoutingHelper Recalculate route, because wrong movement direction: 185264.88
06-28 17:35:31.952  5258  5258 I net.osmand: RoutingHelper Recalculate route, because correlation  : 185264.8826166385
06-28 17:35:31.957  5258  5258 I net.osmand: RoutingHelper Recalculate route, because correlation  : 185264.8826166385
06-28 17:35:32.402  5403  5435 D AudioTrack: stop() called with 67100 frames delivered
06-28 17:35:32.411  1596  2226 V MediaRouterService: restoreBluetoothA2dp(false)
06-28 17:35:32.417  5258  5698 D net.osmand: AbstractPrologCommandPlayer abandonAudioFocus
06-28 17:35:32.417  1596  2226 I MediaFocusControl: abandonAudioFocus() from uid/pid 10104/5258 clientId=android.media.AudioManager@d1fc0eenet.osmand.plus.api.AudioFocusHelperImpl@b802cd8
06-28 17:35:32.418  5258  5698 D net.osmand: TTSCommandPlayerImpl ttsRequests=0
06-28 17:35:33.024  5258  5258 I net.osmand: RoutingHelper Recalculate route, because correlation  : 185264.8826166385
06-28 17:35:33.024  5258  5258 I net.osmand: RoutingHelper Recalculate route, because wrong movement direction: 185264.88
06-28 17:35:33.047  5258  5258 I net.osmand: RoutingHelper Recalculate route, because correlation  : 185264.8826166385
06-28 17:35:33.323  5258  5258 I net.osmand: RoutingHelper Recalculate route, because correlation  : 185263.1456869242
06-28 17:35:33.486  5258  5258 I net.osmand: RoutingHelper Recalculate route, because correlation  : 185263.1456869242
06-28 17:35:33.486  5258  5258 I net.osmand: RoutingHelper Recalculate route, because wrong movement direction: 185263.14
06-28 17:35:33.780  5258  5268 I zygote  : Background concurrent copying GC freed 283126(6MB) AllocSpace objects, 0(0B) LOS objects, 21% free, 22MB/28MB, paused 3.291ms total 659.846ms
06-28 17:35:33.972  5258  5258 I net.osmand: RoutingHelper Recalculate route, because correlation  : 185263.1456869242
06-28 17:35:33.972  5258  5258 I net.osmand: RoutingHelper Recalculate route, because wrong movement direction: 185263.14
06-28 17:35:33.990  5258  5258 I net.osmand: RoutingHelper Recalculate route, because correlation  : 185263.1456869242
06-28 17:35:34.489  1389  4034 W audio_hw_generic: Not supplying enough data to HAL, expected position 31166921 , only wrote 31166640
06-28 17:35:34.552  5258  5258 I net.osmand: RoutingHelper Recalculate route, because correlation  : 185263.1456869242
06-28 17:35:34.562  5258  5258 I net.osmand: RoutingHelper Recalculate route, because correlation  : 185263.1456869242
06-28 17:35:34.562  5258  5258 I net.osmand: RoutingHelper Recalculate route, because wrong movement direction: 185263.14
06-28 17:35:34.886  5258  5258 I net.osmand: RoutingHelper Recalculate route, because correlation  : 185263.1456869242
06-28 17:35:34.890  5258  5258 I net.osmand: RoutingHelper Recalculate route, because correlation  : 185263.1456869242
06-28 17:35:34.890  5258  5258 I net.osmand: RoutingHelper Recalculate route, because wrong movement direction: 185263.14
06-28 17:35:35.420  1389  1389 W audio_hw_generic: Not supplying enough data to HAL, expected position 31254966 , only wrote 31211280
06-28 17:35:35.847  5258  5258 I net.osmand: RoutingHelper Recalculate route, because correlation  : 185239.05705722264
06-28 17:35:35.847  5258  5258 I net.osmand: RoutingHelper Recalculate route, because wrong movement direction: 185239.06
06-28 17:35:35.994  5258  5258 I net.osmand: RoutingHelper Recalculate route, because correlation  : 185239.05705722264
06-28 17:35:36.033  5258  5258 I net.osmand: RoutingHelper Recalculate route, because correlation  : 185239.05705722264
06-28 17:35:36.033  5258  5258 I net.osmand: RoutingHelper Recalculate route, because wrong movement direction: 185239.06
06-28 17:35:36.037  5258  5258 I net.osmand: RoutingHelper Recalculate route, because correlation  : 185239.05705722264
06-28 17:35:36.442  1596  3403 I WifiService: acquireWifiLock uid=10014 lockMode=2
06-28 17:35:36.489  1596  3857 I WifiService: releaseWifiLock uid=10014
06-28 17:35:36.887  5258  5258 I net.osmand: RoutingHelper Recalculate route, because correlation  : 185239.05705722264
06-28 17:35:37.046  5258  5258 I net.osmand: RoutingHelper Recalculate route, because correlation  : 185239.05705722264
06-28 17:35:37.046  5258  5258 I net.osmand: RoutingHelper Recalculate route, because wrong movement direction: 185239.06
06-28 17:35:37.386  5258  5258 I net.osmand: RoutingHelper Recalculate route, because correlation  : 185215.0093242405
06-28 17:35:37.386  5258  5258 I net.osmand: RoutingHelper Recalculate route, because wrong movement direction: 185215.02
06-28 17:35:37.432  5258  5258 I net.osmand: RoutingHelper Recalculate route, because correlation  : 185215.0093242405
06-28 17:35:37.619  5258  5268 I zygote  : Background concurrent copying GC freed 302696(6MB) AllocSpace objects, 0(0B) LOS objects, 20% free, 23MB/29MB, paused 1.538ms total 716.533ms
06-28 17:35:37.875  5258  5258 D net.osmand: DayNightHelper Sunrise/sunset setting to day: false
06-28 17:35:37.894  5258  5258 I net.osmand: RoutingHelper Recalculate route, because correlation  : 185215.0093242405
06-28 17:35:37.900  5258  5258 I net.osmand: RoutingHelper Recalculate route, because correlation  : 185215.0093242405
06-28 17:35:37.900  5258  5258 I net.osmand: RoutingHelper Recalculate route, because wrong movement direction: 185215.02
06-28 17:35:38.572  5258  5258 I net.osmand: RoutingHelper Recalculate route, because correlation  : 185190.92095473618
06-28 17:35:38.669  5258  5258 I net.osmand: RoutingHelper Recalculate route, because correlation  : 185190.92095473618
06-28 17:35:38.669  5258  5258 I net.osmand: RoutingHelper Recalculate route, because wrong movement direction: 185190.92
06-28 17:35:38.884  5258  5258 I net.osmand: RoutingHelper Recalculate route, because correlation  : 185190.92095473618
06-28 17:35:38.896  5258  5258 I net.osmand: RoutingHelper Recalculate route, because correlation  : 185190.92095473618
06-28 17:35:38.896  5258  5258 I net.osmand: RoutingHelper Recalculate route, because wrong movement direction: 185190.92
06-28 17:35:39.734  1409  1409 I boot-pipe: done populating /dev/random
06-28 17:35:39.802  5258  5258 I net.osmand: RoutingHelper Recalculate route, because correlation  : 185166.6940676345
06-28 17:35:39.812  5258  5258 I net.osmand: RoutingHelper Recalculate route, because correlation  : 185166.6940676345
06-28 17:35:39.812  5258  5258 I net.osmand: RoutingHelper Recalculate route, because wrong movement direction: 185166.69
06-28 17:35:39.928  5258  5258 I net.osmand: RoutingHelper Recalculate route, because correlation  : 185166.6940676345
06-28 17:35:40.065  5258  5258 I net.osmand: RoutingHelper Recalculate route, because correlation  : 185166.6940676345
06-28 17:35:40.065  5258  5258 I net.osmand: RoutingHelper Recalculate route, because wrong movement direction: 185166.69
06-28 17:35:40.446  5258  5268 I zygote  : Background concurrent copying GC freed 375213(8MB) AllocSpace objects, 0(0B) LOS objects, 21% free, 21MB/27MB, paused 3.322ms total 334.970ms
06-28 17:35:40.897  5258  5258 I net.osmand: RoutingHelper Recalculate route, because correlation  : 185166.6940676345
06-28 17:35:40.897  5258  5258 I net.osmand: RoutingHelper Recalculate route, because wrong movement direction: 185166.69
06-28 17:35:40.908  5258  5258 I net.osmand: RoutingHelper Recalculate route, because correlation  : 185166.6940676345
06-28 17:35:41.512  5258  5258 I net.osmand: RoutingHelper Recalculate route, because correlation  : 185142.6467077289
06-28 17:35:41.514  5258  5258 I net.osmand: RoutingHelper Recalculate route, because correlation  : 185142.6467077289
06-28 17:35:41.515  5258  5258 I net.osmand: RoutingHelper Recalculate route, because wrong movement direction: 185142.64
06-28 17:35:41.534  5258  5288 I net.osmand: MapRenderRepositories RENDER MAP: update due to tile box
06-28 17:35:41.535  5258  5288 I net.osmand: MapRenderRepositories RENDER MAP: Interrupt rendering map
06-28 17:35:41.656  5258  5288 I net.osmand: MapRenderRepositories RENDER MAP: update due to tile box
06-28 17:35:41.656  5258  5288 I net.osmand: MapRenderRepositories RENDER MAP: Interrupt rendering map
06-28 17:35:41.884  5258  5258 I net.osmand: RoutingHelper Recalculate route, because correlation  : 185142.6467077289
06-28 17:35:41.884  5258  5258 I net.osmand: RoutingHelper Recalculate route, because wrong movement direction: 185142.64
06-28 17:35:41.887  5258  5288 I net.osmand: MapRenderRepositories RENDER MAP: update due to tile box
06-28 17:35:41.888  5258  5288 I net.osmand: MapRenderRepositories RENDER MAP: Interrupt rendering map
06-28 17:35:41.969  5258  5258 I net.osmand: RoutingHelper Recalculate route, because correlation  : 185142.6467077289
06-28 17:35:41.985  5258  5288 I net.osmand: MapRenderRepositories RENDER MAP: update due to tile box
06-28 17:35:41.986  5258  5288 I net.osmand: MapRenderRepositories RENDER MAP: Interrupt rendering map
06-28 17:35:42.107  5258  5288 I net.osmand: MapRenderRepositories RENDER MAP: update due to tile box
06-28 17:35:42.108  5258  5288 I net.osmand: MapRenderRepositories RENDER MAP: Interrupt rendering map
06-28 17:35:42.200  5258  5287 I net.osmand: MapRenderRepositories RENDER MAP: new request RotatedTileBox [lat=-7.227363333333333, lon=-35.90094666666666, rotate=0.0, density=2.625, zoom=17, mapDensity=3.9375, zoomAnimation=0.0, zoomFloatPart=0.0, cx=900, cy=1972, pixWidth=1800, pixHeight=2690]
06-28 17:35:42.346  5258  5287 I net.osmand:native: Route objects 84
06-28 17:35:42.346  5258  5287 I net.osmand:native: Ocean: no completed & incompleted coastlines 0
06-28 17:35:42.346  5258  5287 I net.osmand:native: Detailed coastlines = 0, basemap coastlines 0, ocean tile 0.000000. Detailed added 0, basemap processed 1, basemap added 0.
06-28 17:35:42.346  5258  5287 I net.osmand:native: Search : tree - read( 500), accept( 45), objs - visit( 2837), accept(115), in result(84) 
06-28 17:35:42.347  5258  5287 I net.osmand: MapRenderRepositories BLat=-7.229678320884704, TLat=-7.221670460700989, LLong=-35.90339660644531, RLong=-35.89849090576172, zoom=17
06-28 17:35:42.347  5258  5287 I net.osmand: MapRenderRepositories Native search: 146 ms 
06-28 17:35:42.354  5258  5287 I net.osmand:native: Creating SkBitmap in native w:1800 h:2690 s:7200 f:1!
06-28 17:35:42.355  5258  5287 I net.osmand:native: Row bytes for RGBA_8888 is 7200
06-28 17:35:42.355  5258  5287 I net.osmand:native: Locked 19368000 bytes at 0x7d700000
06-28 17:35:42.355  5258  5287 I net.osmand:native: Initializing rendering
06-28 17:35:42.360  5258  5287 I net.osmand:native: Rendering image
06-28 17:35:42.596  5258  5287 I net.osmand:native: Native ok (rendering 0, text 108 ms) 
06-28 17:35:42.596  5258  5287 I net.osmand:native:  (2483 points, 291 points inside, 146 of 177 objects visible)
06-28 17:35:42.597  5258  5287 I net.osmand:native: End Rendering image
06-28 17:35:42.597  5258  5287 I net.osmand:native: Native ok (init 5, rendering 0) 
06-28 17:35:42.600  5258  5287 I net.osmand: MapRenderRepositories true
06-28 17:35:42.882  5258  5258 I net.osmand: RoutingHelper Recalculate route, because correlation  : 185142.6467077289
06-28 17:35:43.032  5258  5258 I net.osmand: RoutingHelper Recalculate route, because correlation  : 185118.5587254467
06-28 17:35:43.032  5258  5258 I net.osmand: RoutingHelper Recalculate route, because wrong movement direction: 185118.56
06-28 17:35:43.083  5258  5258 I net.osmand: RoutingHelper Recalculate route, because correlation  : 185118.5587254467
06-28 17:35:43.092  5258  5258 I net.osmand: RoutingHelper Recalculate route, because correlation  : 185142.6467077289
06-28 17:35:43.092  5258  5258 I net.osmand: RoutingHelper Recalculate route, because wrong movement direction: 185142.64
06-28 17:35:43.617  5258  5268 I zygote  : Background concurrent copying GC freed 269847(6MB) AllocSpace objects, 0(0B) LOS objects, 20% free, 22MB/28MB, paused 1.289ms total 663.473ms
06-28 17:35:43.880  5258  5258 I net.osmand: RoutingHelper Recalculate route, because correlation  : 185118.5587254467
06-28 17:35:43.901  5258  5258 I net.osmand: RoutingHelper Recalculate route, because correlation  : 185118.5587254467
06-28 17:35:43.901  5258  5258 I net.osmand: RoutingHelper Recalculate route, because wrong movement direction: 185118.56
06-28 17:35:44.360  5258  5258 I net.osmand: RoutingHelper Recalculate route, because correlation  : 185094.51161670085
06-28 17:35:44.360  5258  5258 I net.osmand: RoutingHelper Recalculate route, because wrong movement direction: 185094.52
06-28 17:35:44.410  5258  5258 I net.osmand: RoutingHelper Recalculate route, because correlation  : 185094.51161670085
06-28 17:35:44.889  5258  5258 I net.osmand: RoutingHelper Recalculate route, because correlation  : 185094.51161670085
06-28 17:35:44.889  5258  5258 I net.osmand: RoutingHelper Recalculate route, because wrong movement direction: 185094.52
06-28 17:35:44.944  5258  5258 I net.osmand: RoutingHelper Recalculate route, because correlation  : 185094.51161670085
06-28 17:35:45.688  5258  5258 I net.osmand: RoutingHelper Recalculate route, because correlation  : 185070.46463129268
06-28 17:35:45.737  5258  5258 I net.osmand: RoutingHelper Recalculate route, because correlation  : 185070.46463129268
06-28 17:35:45.738  5258  5258 I net.osmand: RoutingHelper Recalculate route, because wrong movement direction: 185070.47
06-28 17:35:45.956  5258  5258 I net.osmand: RoutingHelper Recalculate route, because correlation  : 185070.46463129268
06-28 17:35:45.966  5258  5258 I net.osmand: RoutingHelper Recalculate route, because correlation  : 185070.46463129268
06-28 17:35:45.967  5258  5258 I net.osmand: RoutingHelper Recalculate route, because wrong movement direction: 185070.47
06-28 17:35:46.909  5258  5258 I net.osmand: RoutingHelper Recalculate route, because correlation  : 185070.46463129268
06-28 17:35:46.957  5258  5258 I net.osmand: RoutingHelper Recalculate route, because correlation  : 185070.46463129268
06-28 17:35:46.957  5258  5258 I net.osmand: RoutingHelper Recalculate route, because wrong movement direction: 185070.47
06-28 17:35:47.155  5258  5258 I net.osmand: RoutingHelper Recalculate route, because correlation  : 185046.19762765124
06-28 17:35:47.176  5258  5258 I net.osmand: RoutingHelper Recalculate route, because correlation  : 185046.19762765124
06-28 17:35:47.176  5258  5258 I net.osmand: RoutingHelper Recalculate route, because wrong movement direction: 185046.2
06-28 17:35:47.555  5258  5268 I zygote  : Background concurrent copying GC freed 321326(7MB) AllocSpace objects, 0(0B) LOS objects, 20% free, 23MB/29MB, paused 14.333ms total 667.316ms
06-28 17:35:47.895  5258  5258 I net.osmand: RoutingHelper Recalculate route, because correlation  : 185046.19762765124
06-28 17:35:47.895  5258  5258 I net.osmand: RoutingHelper Recalculate route, because wrong movement direction: 185046.2
06-28 17:35:47.907  5258  5258 I net.osmand: RoutingHelper Recalculate route, because correlation  : 185046.19762765124
06-28 17:35:48.308  5258  5258 I net.osmand: RoutingHelper Recalculate route, because correlation  : 185022.15089268985
06-28 17:35:48.314  5258  5258 I net.osmand: RoutingHelper Recalculate route, because correlation  : 185022.15089268985
06-28 17:35:48.314  5258  5258 I net.osmand: RoutingHelper Recalculate route, because wrong movement direction: 185022.16
06-28 17:35:48.314  5258  5288 I net.osmand: MapRenderRepositories RENDER MAP: update due to tile box
06-28 17:35:48.314  5258  5288 I net.osmand: MapRenderRepositories RENDER MAP: Interrupt rendering map
06-28 17:35:48.364  5258  5288 I net.osmand: MapRenderRepositories RENDER MAP: update due to tile box
06-28 17:35:48.364  5258  5288 I net.osmand: MapRenderRepositories RENDER MAP: Interrupt rendering map
06-28 17:35:48.613  5258  5287 I net.osmand: MapRenderRepositories RENDER MAP: new request RotatedTileBox [lat=-7.227808333333333, lon=-35.901965000000004, rotate=0.0, density=2.625, zoom=17, mapDensity=3.9375, zoomAnimation=0.0, zoomFloatPart=0.0, cx=900, cy=1972, pixWidth=1800, pixHeight=2690]
06-28 17:35:48.671  5258  5287 I net.osmand:native: Route objects 114
06-28 17:35:48.671  5258  5287 I net.osmand:native: Ocean: no completed & incompleted coastlines 0
06-28 17:35:48.671  5258  5287 I net.osmand:native: Detailed coastlines = 0, basemap coastlines 0, ocean tile 0.000000. Detailed added 0, basemap processed 1, basemap added 0.
06-28 17:35:48.671  5258  5287 I net.osmand:native: Search : tree - read( 500), accept( 46), objs - visit( 2877), accept(145), in result(114) 
06-28 17:35:48.672  5258  5287 I net.osmand: MapRenderRepositories BLat=-7.230103087425232, TLat=-7.222118306159973, LLong=-35.904415130615234, RLong=-35.899513244628906, zoom=17
06-28 17:35:48.672  5258  5287 I net.osmand: MapRenderRepositories Native search: 55 ms 
06-28 17:35:48.676  5258  5287 I net.osmand:native: Creating SkBitmap in native w:1800 h:2690 s:7200 f:1!
06-28 17:35:48.676  5258  5287 I net.osmand:native: Row bytes for RGBA_8888 is 7200
06-28 17:35:48.676  5258  5287 I net.osmand:native: Locked 19368000 bytes at 0x78c80000
06-28 17:35:48.676  5258  5287 I net.osmand:native: Initializing rendering
06-28 17:35:48.677  5258  5287 I net.osmand:native: Rendering image
06-28 17:35:48.845  5258  5287 I net.osmand:native: Native ok (rendering 0, text 68 ms) 
06-28 17:35:48.845  5258  5287 I net.osmand:native:  (2554 points, 394 points inside, 186 of 216 objects visible)
06-28 17:35:48.845  5258  5287 I net.osmand:native: End Rendering image
06-28 17:35:48.845  5258  5287 I net.osmand:native: Native ok (init 0, rendering 0) 
06-28 17:35:48.846  5258  5287 I net.osmand: MapRenderRepositories true
06-28 17:35:48.985  5258  5258 I net.osmand: RoutingHelper Recalculate route, because correlation  : 185022.15089268985
06-28 17:35:48.991  5258  5258 I net.osmand: RoutingHelper Recalculate route, because correlation  : 185022.15089268985
06-28 17:35:48.991  5258  5258 I net.osmand: RoutingHelper Recalculate route, because wrong movement direction: 185022.16
06-28 17:35:49.643  5258  5258 I net.osmand: RoutingHelper Recalculate route, because correlation  : 184998.06355904628
06-28 17:35:49.643  5258  5258 I net.osmand: RoutingHelper Recalculate route, because wrong movement direction: 184998.06
06-28 17:35:49.657  5258  5258 I net.osmand: RoutingHelper Recalculate route, because correlation  : 184998.06355904628
06-28 17:35:49.893  5258  5258 I chatty  : uid=10104(net.osmand) identical 1 line
06-28 17:35:49.901  5258  5258 I net.osmand: RoutingHelper Recalculate route, because correlation  : 184998.06355904628
06-28 17:35:49.902  5258  5258 I net.osmand: RoutingHelper Recalculate route, because wrong movement direction: 184998.06
06-28 17:35:50.236  5258  5268 I zygote  : Background concurrent copying GC freed 344807(7MB) AllocSpace objects, 0(0B) LOS objects, 21% free, 21MB/27MB, paused 1.838ms total 269.586ms
06-28 17:35:51.133  5258  5258 I net.osmand: RoutingHelper Recalculate route, because correlation  : 184998.06355904628
06-28 17:35:51.232  5258  5258 I net.osmand: RoutingHelper Recalculate route, because correlation  : 184998.06355904628
06-28 17:35:51.232  5258  5258 I net.osmand: RoutingHelper Recalculate route, because wrong movement direction: 184998.06
06-28 17:35:51.389  5258  5258 I net.osmand: RoutingHelper Recalculate route, because correlation  : 184974.01707572196
06-28 17:35:51.389  5258  5258 I net.osmand: RoutingHelper Recalculate route, because wrong movement direction: 184974.02
06-28 17:35:51.464  5258  5258 I net.osmand: RoutingHelper Recalculate route, because correlation  : 184974.01707572196
06-28 17:35:51.932  5258  5258 I chatty  : uid=10104(net.osmand) identical 1 line
06-28 17:35:51.934  5258  5258 I net.osmand: RoutingHelper Recalculate route, because correlation  : 184974.01707572196
06-28 17:35:51.934  5258  5258 I net.osmand: RoutingHelper Recalculate route, because wrong movement direction: 184974.02
