07-03 21:39:51.493 14699 14724 I net.osmand: MapRenderRepositories RENDER MAP: new request RotatedTileBox [lat=-7.255231666666666, lon=-35.973465000000004, rotate=0.0, density=2.625, zoom=17, mapDensity=3.9375, zoomAnimation=0.0, zoomFloatPart=0.0, cx=900, cy=1972, pixWidth=1800, pixHeight=2690]
07-03 21:39:51.522 14699 14699 I net.osmand: RoutingHelper Recalculate route, because correlation  : 9273.98373456035
07-03 21:39:51.522 14699 14699 I net.osmand: RoutingHelper Recalculate route, because wrong movement direction: 9273.983
07-03 21:39:51.647 14699 14724 I net.osmand:native: Route objects 29
07-03 21:39:51.647 14699 14724 I net.osmand:native: Ocean: no completed & incompleted coastlines 0
07-03 21:39:51.647 14699 14724 I net.osmand:native: Detailed coastlines = 0, basemap coastlines 0, ocean tile 0.000000. Detailed added 0, basemap processed 1, basemap added 0.
07-03 21:39:51.647 14699 14724 I net.osmand:native: Search : tree - read( 570), accept( 49), objs - visit( 2957), accept(60), in result(28) 
07-03 21:39:51.648 14699 14724 I net.osmand: MapRenderRepositories BLat=-7.257542276382447, TLat=-7.249534940719604, LLong=-35.975921630859375, RLong=-35.97100830078125, zoom=17
07-03 21:39:51.648 14699 14724 I net.osmand: MapRenderRepositories Native search: 155 ms 
07-03 21:39:51.678 14699 14724 I net.osmand:native: Creating SkBitmap in native w:1800 h:2690 s:7200 f:1!
07-03 21:39:51.679 14699 14724 I net.osmand:native: Row bytes for RGBA_8888 is 7200
07-03 21:39:51.679 14699 14724 I net.osmand:native: Locked 19368000 bytes at 0x60180000
07-03 21:39:51.679 14699 14724 I net.osmand:native: Initializing rendering
07-03 21:39:51.680 14699 14724 I net.osmand:native: Rendering image
07-03 21:39:51.781 14699 14724 I net.osmand:native: Native ok (rendering 101, text 0 ms) 
07-03 21:39:51.781 14699 14724 I net.osmand:native:  (1650 points, 160 points inside, 47 of 58 objects visible)
07-03 21:39:51.782 14699 14724 I net.osmand:native: End Rendering image
07-03 21:39:51.782 14699 14724 I net.osmand:native: Native ok (init 1, rendering 101) 
07-03 21:39:51.782 14699 14724 I net.osmand: MapRenderRepositories true
07-03 21:39:51.940 14699 14709 I zygote  : Background concurrent copying GC freed 1197718(28MB) AllocSpace objects, 0(0B) LOS objects, 9% free, 59MB/65MB, paused 1.130ms total 1.945s
07-03 21:39:52.217 14699 14699 I net.osmand: RoutingHelper Recalculate route, because correlation  : 9571.961551211502
07-03 21:39:52.217 14699 14699 I net.osmand: RoutingHelper Recalculate route, because wrong movement direction: 9571.962
07-03 21:39:52.246 14699 14725 I net.osmand: MapRenderRepositories RENDER MAP: update due to tile box
07-03 21:39:52.247 14699 14725 I net.osmand: MapRenderRepositories RENDER MAP: Interrupt rendering map
07-03 21:39:52.533 14699 14699 I net.osmand: RoutingHelper Recalculate route, because correlation  : 9571.961551211502
07-03 21:39:52.535 14699 14724 I net.osmand: MapRenderRepositories RENDER MAP: new request RotatedTileBox [lat=-7.255440000000001, lon=-35.976234999999996, rotate=0.0, density=2.625, zoom=17, mapDensity=3.9375, zoomAnimation=0.0, zoomFloatPart=0.0, cx=900, cy=1972, pixWidth=1800, pixHeight=2690]
07-03 21:39:52.535 14699 14699 I net.osmand: RoutingHelper Recalculate route, because correlation  : 9571.961551211502
07-03 21:39:52.535 14699 14699 I net.osmand: RoutingHelper Recalculate route, because wrong movement direction: 9571.962
07-03 21:39:52.537 14699 14699 I net.osmand: RoutingHelper Recalculate route, because correlation  : 9571.961551211502
07-03 21:39:52.687 14699 14724 I net.osmand:native: Route objects 27
07-03 21:39:52.687 14699 14724 I net.osmand:native: Ocean: no completed & incompleted coastlines 0
07-03 21:39:52.687 14699 14724 I net.osmand:native: Detailed coastlines = 0, basemap coastlines 0, ocean tile 0.000000. Detailed added 0, basemap processed 1, basemap added 0.
07-03 21:39:52.688 14699 14724 I net.osmand:native: Search : tree - read( 570), accept( 48), objs - visit( 2917), accept(58), in result(26) 
07-03 21:39:52.688 14699 14724 I net.osmand: MapRenderRepositories BLat=-7.257755446434021, TLat=-7.249747586250305, LLong=-35.97869110107422, RLong=-35.973785400390625, zoom=17
07-03 21:39:52.688 14699 14724 I net.osmand: MapRenderRepositories Native search: 153 ms 
07-03 21:39:52.706 14699 14724 I net.osmand:native: Creating SkBitmap in native w:1800 h:2690 s:7200 f:1!
07-03 21:39:52.706 14699 14724 I net.osmand:native: Row bytes for RGBA_8888 is 7200
07-03 21:39:52.706 14699 14724 I net.osmand:native: Locked 19368000 bytes at 0x62d80000
07-03 21:39:52.706 14699 14724 I net.osmand:native: Initializing rendering
07-03 21:39:52.707 14699 14724 I net.osmand:native: Rendering image
07-03 21:39:52.820 14699 14724 I net.osmand:native: Native ok (rendering 111, text 0 ms) 
07-03 21:39:52.820 14699 14724 I net.osmand:native:  (1727 points, 104 points inside, 42 of 53 objects visible)
07-03 21:39:52.821 14699 14724 I net.osmand:native: End Rendering image
07-03 21:39:52.821 14699 14724 I net.osmand:native: Native ok (init 2, rendering 111) 
07-03 21:39:52.821 14699 14724 I net.osmand: MapRenderRepositories true
07-03 21:39:53.336 14699 14699 I net.osmand: RoutingHelper Recalculate route, because correlation  : 9571.961551211502
07-03 21:39:53.347 14699 14699 I net.osmand: RoutingHelper Recalculate route, because correlation  : 9571.961551211502
07-03 21:39:53.348 14699 14699 I net.osmand: RoutingHelper Recalculate route, because wrong movement direction: 9571.962
07-03 21:39:53.786 14699 14699 I net.osmand: RoutingHelper Recalculate route, because correlation  : 9870.462023727596
07-03 21:39:53.786 14699 14699 I net.osmand: RoutingHelper Recalculate route, because wrong movement direction: 9870.462
07-03 21:39:53.790 14699 14699 I net.osmand: RoutingHelper Recalculate route, because correlation  : 9870.462023727596
07-03 21:39:53.957 14699 14709 I zygote  : Background concurrent copying GC freed 1222000(28MB) AllocSpace objects, 0(0B) LOS objects, 9% free, 55MB/61MB, paused 2.701ms total 1.658s
07-03 21:39:53.992 14699 14725 I net.osmand: MapRenderRepositories RENDER MAP: update due to tile box
07-03 21:39:53.992 14699 14725 I net.osmand: MapRenderRepositories RENDER MAP: Interrupt rendering map
07-03 21:39:54.304  1604  1613 I zygote  : NativeAlloc concurrent copying GC freed 26871(1303KB) AllocSpace objects, 11(540KB) LOS objects, 6% free, 81MB/87MB, paused 1.245ms total 3.354s
07-03 21:39:54.326 14699 14724 I net.osmand: MapRenderRepositories RENDER MAP: new request RotatedTileBox [lat=-7.255648333333332, lon=-35.979005, rotate=0.0, density=2.625, zoom=17, mapDensity=3.9375, zoomAnimation=0.0, zoomFloatPart=0.0, cx=900, cy=1972, pixWidth=1800, pixHeight=2690]
07-03 21:39:54.335 14699 14699 I net.osmand: RoutingHelper Recalculate route, because correlation  : 9870.462023727596
07-03 21:39:54.339 14699 14699 I net.osmand: RoutingHelper Recalculate route, because correlation  : 9870.462023727596
07-03 21:39:54.339 14699 14699 I net.osmand: RoutingHelper Recalculate route, because wrong movement direction: 9870.462
07-03 21:39:54.405 14699 14724 I net.osmand:native: Route objects 35
07-03 21:39:54.405 14699 14724 I net.osmand:native: Ocean: no completed & incompleted coastlines 0
07-03 21:39:54.405 14699 14724 I net.osmand:native: Detailed coastlines = 0, basemap coastlines 0, ocean tile 0.000000. Detailed added 0, basemap processed 1, basemap added 0.
07-03 21:39:54.405 14699 14724 I net.osmand:native: Search : tree - read( 570), accept( 47), objs - visit( 2877), accept(66), in result(33) 
07-03 21:39:54.417 14699 14724 I net.osmand: MapRenderRepositories BLat=-7.257946085929871, TLat=-7.249961304664612, LLong=-35.9814567565918, RLong=-35.97655487060547, zoom=17
07-03 21:39:54.417 14699 14724 I net.osmand: MapRenderRepositories Native search: 86 ms 
07-03 21:39:54.441 14699 14724 I net.osmand:native: Creating SkBitmap in native w:1800 h:2690 s:7200 f:1!
07-03 21:39:54.442 14699 14724 I net.osmand:native: Row bytes for RGBA_8888 is 7200
07-03 21:39:54.442 14699 14724 I net.osmand:native: Locked 19368000 bytes at 0x60180000
07-03 21:39:54.442 14699 14724 I net.osmand:native: Initializing rendering
07-03 21:39:54.447 14699 14724 I net.osmand:native: Rendering image
07-03 21:39:54.597 14699 14724 I net.osmand: RenderingIcons Icon data length is 604
07-03 21:39:54.609 14699 14724 I net.osmand:native: Native ok (rendering 2, text 0 ms) 
07-03 21:39:54.609 14699 14724 I net.osmand:native:  (1639 points, 157 points inside, 50 of 62 objects visible)
07-03 21:39:54.609 14699 14724 I net.osmand:native: End Rendering image
07-03 21:39:54.609 14699 14724 I net.osmand:native: Native ok (init 9, rendering 2) 
07-03 21:39:54.610 14699 14724 I net.osmand: MapRenderRepositories true
07-03 21:39:54.979 14699 14699 I net.osmand: RoutingHelper Recalculate route, because correlation  : 10169.49291458497
07-03 21:39:54.981 14699 14699 I net.osmand: RoutingHelper Recalculate route, because correlation  : 10169.49291458497
07-03 21:39:54.981 14699 14699 I net.osmand: RoutingHelper Recalculate route, because wrong movement direction: 10169.493
07-03 21:39:55.023 14699 14725 I net.osmand: MapRenderRepositories RENDER MAP: update due to tile box
07-03 21:39:55.023 14699 14725 I net.osmand: MapRenderRepositories RENDER MAP: Interrupt rendering map
07-03 21:39:55.309 14699 14725 I net.osmand: MapRenderRepositories RENDER MAP: update due to tile box
07-03 21:39:55.313 14699 14725 I net.osmand: MapRenderRepositories RENDER MAP: Interrupt rendering map
07-03 21:39:55.362 14699 14724 I net.osmand: MapRenderRepositories RENDER MAP: new request RotatedTileBox [lat=-7.255858333333333, lon=-35.981775, rotate=0.0, density=2.625, zoom=17, mapDensity=3.9375, zoomAnimation=0.0, zoomFloatPart=0.0, cx=900, cy=1972, pixWidth=1800, pixHeight=2690]
07-03 21:39:55.376 14699 14699 I net.osmand: RoutingHelper Recalculate route, because correlation  : 10169.49291458497
07-03 21:39:55.385 14699 14699 I net.osmand: RoutingHelper Recalculate route, because correlation  : 10169.49291458497
07-03 21:39:55.385 14699 14699 I net.osmand: RoutingHelper Recalculate route, because wrong movement direction: 10169.493
07-03 21:39:55.514 14699 14724 I net.osmand:native: Route objects 34
07-03 21:39:55.514 14699 14724 I net.osmand:native: Ocean: no completed & incompleted coastlines 0
07-03 21:39:55.514 14699 14724 I net.osmand:native: Detailed coastlines = 0, basemap coastlines 0, ocean tile 0.000000. Detailed added 0, basemap processed 1, basemap added 0.
07-03 21:39:55.514 14699 14724 I net.osmand:native: Search : tree - read( 570), accept( 40), objs - visit( 2597), accept(65), in result(31) 
07-03 21:39:55.515 14699 14724 I net.osmand: MapRenderRepositories BLat=-7.258158731460571, TLat=-7.250174474716187, LLong=-35.98422622680664, RLong=-35.97932434082031, zoom=17
07-03 21:39:55.515 14699 14724 I net.osmand: MapRenderRepositories Native search: 152 ms 
07-03 21:39:55.521 14699 14724 I net.osmand:native: Creating SkBitmap in native w:1800 h:2690 s:7200 f:1!
07-03 21:39:55.546 14699 14709 I zygote  : Background concurrent copying GC freed 1000199(23MB) AllocSpace objects, 1(16KB) LOS objects, 10% free, 50MB/56MB, paused 4.085ms total 1.193s
07-03 21:39:55.546 14699 14724 I net.osmand:native: Row bytes for RGBA_8888 is 7200
07-03 21:39:55.546 14699 14724 I net.osmand:native: Locked 19368000 bytes at 0x62d80000
07-03 21:39:55.546 14699 14724 I net.osmand:native: Initializing rendering
07-03 21:39:55.548 14699 14724 I net.osmand:native: Rendering image
07-03 21:39:55.647 14699 14724 I net.osmand:native: Native ok (rendering 99, text 12 ms) 
07-03 21:39:55.647 14699 14724 I net.osmand:native:  (1665 points, 151 points inside, 46 of 59 objects visible)
07-03 21:39:55.648 14699 14724 I net.osmand:native: End Rendering image
07-03 21:39:55.648 14699 14724 I net.osmand:native: Native ok (init 1, rendering 99) 
07-03 21:39:55.648 14699 14724 I net.osmand: MapRenderRepositories true
07-03 21:39:56.257 14699 14699 I net.osmand: RoutingHelper Recalculate route, because correlation  : 10468.90464871898
07-03 21:39:56.257 14699 14699 I net.osmand: RoutingHelper Recalculate route, because wrong movement direction: 10468.904
07-03 21:39:56.260 14699 14725 I net.osmand: MapRenderRepositories RENDER MAP: update due to tile box
07-03 21:39:56.260 14699 14725 I net.osmand: MapRenderRepositories RENDER MAP: Interrupt rendering map
07-03 21:39:56.406 14699 14724 I net.osmand: MapRenderRepositories RENDER MAP: new request RotatedTileBox [lat=-7.256066666666667, lon=-35.984545000000004, rotate=0.0, density=2.625, zoom=17, mapDensity=3.9375, zoomAnimation=0.0, zoomFloatPart=0.0, cx=900, cy=1972, pixWidth=1800, pixHeight=2690]
07-03 21:39:56.423 14699 14709 I zygote  : Background concurrent copying GC freed 782219(18MB) AllocSpace objects, 0(0B) LOS objects, 12% free, 42MB/48MB, paused 2.048ms total 605.102ms
07-03 21:39:56.482 14699 14724 I net.osmand:native: Route objects 29
07-03 21:39:56.482 14699 14724 I net.osmand:native: Ocean: no completed & incompleted coastlines 0
07-03 21:39:56.482 14699 14724 I net.osmand:native: Detailed coastlines = 0, basemap coastlines 0, ocean tile 0.000000. Detailed added 0, basemap processed 1, basemap added 0.
07-03 21:39:56.483 14699 14724 I net.osmand:native: Search : tree - read( 570), accept( 35), objs - visit( 2397), accept(60), in result(25) 
07-03 21:39:56.483 14699 14724 I net.osmand: MapRenderRepositories BLat=-7.258372449874878, TLat=-7.250365114212036, LLong=-35.986995697021484, RLong=-35.98208999633789, zoom=17
07-03 21:39:56.483 14699 14724 I net.osmand: MapRenderRepositories Native search: 77 ms 
07-03 21:39:56.490 14699 14724 I net.osmand:native: Creating SkBitmap in native w:1800 h:2690 s:7200 f:1!
07-03 21:39:56.490 14699 14724 I net.osmand:native: Row bytes for RGBA_8888 is 7200
07-03 21:39:56.490 14699 14724 I net.osmand:native: Locked 19368000 bytes at 0x60180000
07-03 21:39:56.490 14699 14724 I net.osmand:native: Initializing rendering
07-03 21:39:56.493 14699 14724 I net.osmand:native: Rendering image
07-03 21:39:56.520 14699 14699 I net.osmand: RoutingHelper Recalculate route, because correlation  : 10468.90464871898
07-03 21:39:56.521 14699 14699 I net.osmand: RoutingHelper Recalculate route, because wrong movement direction: 10468.904
07-03 21:39:56.524 14699 14699 I net.osmand: RoutingHelper Recalculate route, because correlation  : 10468.90464871898
07-03 21:39:56.598 14699 14724 I net.osmand:native: Native ok (rendering 104, text 1 ms) 
07-03 21:39:56.598 14699 14724 I net.osmand:native:  (891 points, 136 points inside, 38 of 45 objects visible)
07-03 21:39:56.598 14699 14724 I net.osmand:native: End Rendering image
07-03 21:39:56.598 14699 14724 I net.osmand:native: Native ok (init 1, rendering 104) 
07-03 21:39:56.599 14699 14724 I net.osmand: MapRenderRepositories true
07-03 21:39:57.316 14699 14709 I zygote  : Background concurrent copying GC freed 430637(10MB) AllocSpace objects, 0(0B) LOS objects, 12% free, 42MB/48MB, paused 1.537ms total 554.378ms
07-03 21:39:57.322 14699 14699 I net.osmand: RoutingHelper Recalculate route, because correlation  : 10468.90464871898
07-03 21:39:57.322 14699 14699 I net.osmand: RoutingHelper Recalculate route, because wrong movement direction: 10468.904
07-03 21:39:57.461 14699 14699 I net.osmand: RoutingHelper Recalculate route, because correlation  : 10468.90464871898
07-03 21:39:57.551 14699 14699 I net.osmand: RoutingHelper Recalculate route, because correlation  : 10768.715854910022
07-03 21:39:57.552 14699 14699 I net.osmand: RoutingHelper Recalculate route, because wrong movement direction: 10768.716
07-03 21:39:57.566 14699 14699 I net.osmand: RoutingHelper Recalculate route, because correlation  : 10768.715854910022
07-03 21:39:57.683 14699 14725 I net.osmand: MapRenderRepositories RENDER MAP: update due to tile box
07-03 21:39:57.686 14699 14725 I net.osmand: MapRenderRepositories RENDER MAP: Interrupt rendering map
07-03 21:39:58.103 14699 14724 I net.osmand: MapRenderRepositories RENDER MAP: new request RotatedTileBox [lat=-7.256275, lon=-35.987314999999995, rotate=0.0, density=2.625, zoom=17, mapDensity=3.9375, zoomAnimation=0.0, zoomFloatPart=0.0, cx=900, cy=1972, pixWidth=1800, pixHeight=2690]
07-03 21:39:47.375  1604  3139 V MediaRouterService: restoreBluetoothA2dp(false)
07-03 21:39:58.137  1604  2170 I Telecom : : Adding new incoming call with phoneAccountHandle ComponentInfo{com.android.phone/com.android.services.telephony.TelephonyConnectionService}, [****], UserHandle{0}: TSI.aNIC@PwQ
07-03 21:39:58.156  1604  2170 I Telecom : PhoneAccountRegistrar: SimCallManager queried, returning: null: TSI.aNIC@PwQ
07-03 21:39:58.190  1604  2170 I Telecom : LogUtils: EventRecord added as Call: [TC@13, NEW, null, tel:****, A, childs(0), has_parent(false), [Capabilities:], [Properties:]]: TSI.aNIC@PwQ
07-03 21:39:58.191  1604  2170 I Telecom : Event: RecordEntry TC@13: CREATED, null: TSI.aNIC@PwQ
07-03 21:39:58.199 14699 14724 I net.osmand:native: Route objects 14
07-03 21:39:58.199 14699 14724 I net.osmand:native: Ocean: no completed & incompleted coastlines 0
07-03 21:39:58.199 14699 14724 I net.osmand:native: Detailed coastlines = 0, basemap coastlines 0, ocean tile 0.000000. Detailed added 0, basemap processed 1, basemap added 0.
07-03 21:39:58.199 14699 14724 I net.osmand:native: Search : tree - read( 570), accept( 34), objs - visit( 2357), accept(45), in result(11) 
07-03 21:39:58.199 14699 14724 I net.osmand: MapRenderRepositories BLat=-7.2585856199264525, TLat=-7.250577759742737, LLong=-35.98976135253906, RLong=-35.984859466552734, zoom=17
07-03 21:39:58.199 14699 14724 I net.osmand: MapRenderRepositories Native search: 96 ms 
07-03 21:39:58.201  1604  2170 I Telecom : PhoneAccountRegistrar: SimCallManager queried, returning: null: TSI.aNIC@PwQ
07-03 21:39:58.201  1604  2170 I Telecom : CreateConnectionProcessor: Trying attempt CallAttemptRecord(ComponentInfo{com.android.phone/com.android.services.telephony.TelephonyConnectionService}, [****], UserHandle{0},ComponentInfo{com.android.phone/com.android.services.telephony.TelephonyConnectionService}, [****], UserHandle{0}): TSI.aNIC@PwQ
07-03 21:39:58.203  1604  2170 I Telecom : Event: RecordEntry TC@13: START_CONNECTION, tel:****: TSI.aNIC@PwQ
07-03 21:39:58.207  1604  1604 I Telecom : TelecomSystem: CallerInfoAsyncQuery.startQuery number=[****] cookie=TSI.aNIC->CILH.sL->CILH.sL@PwQ: TSI.aNIC->CILH.sL@PwQ
07-03 21:39:58.221 14699 14724 I net.osmand:native: Creating SkBitmap in native w:1800 h:2690 s:7200 f:1!
07-03 21:39:58.221 14699 14724 I net.osmand:native: Row bytes for RGBA_8888 is 7200
07-03 21:39:58.221 14699 14724 I net.osmand:native: Locked 19368000 bytes at 0x62d80000
07-03 21:39:58.221 14699 14724 I net.osmand:native: Initializing rendering
07-03 21:39:58.221  1836  1836 I Telephony: TelephonyConnectionService: onCreateIncomingConnection, request: ConnectionRequest xxxxxxxx Bundle[mParcelledData.dataSize=472]: (TSI.aNIC)->CS.crCo->H.CS.crCo@E-PwQ
07-03 21:39:58.228 14699 14724 I net.osmand:native: Rendering image
07-03 21:39:58.251  1604  2170 I Telecom : InCallController: Sending updateCall [TC@12, ACTIVE, com.android.phone/com.android.services.telephony.TelephonyConnectionService, tel:****, A, childs(0), has_parent(false), [Capabilities: CAPABILITY_HOLD CAPABILITY_SUPPORT_HOLD CAPABILITY_MUTE CAPABILITY_CANNOT_DOWNGRADE_VIDEO_TO_AUDIO CAPABILITY_SPEED_UP_MT_AUDIO], [Properties:]]: CSW.sSH@PwU
07-03 21:39:58.257  1604  2170 I Telecom : InCallController: Components updated: [ComponentInfo{com.google.android.dialer/com.android.incallui.InCallServiceImpl}]: CSW.sSH@PwU
07-03 21:39:58.259  1604  1614 I Telecom : InCallController: Sending updateCall [TC@12, ACTIVE, com.android.phone/com.android.services.telephony.TelephonyConnectionService, tel:****, A, childs(0), has_parent(false), [Capabilities: CAPABILITY_HOLD CAPABILITY_SUPPORT_HOLD CAPABILITY_MUTE CAPABILITY_CANNOT_DOWNGRADE_VIDEO_TO_AUDIO CAPABILITY_SPEED_UP_MT_AUDIO], [Properties:]]: (...->CS.crCo->H.CS.crCo)->CSW.sCC@E-E-PwQ
07-03 21:39:58.267  1604  1614 I Telecom : InCallController: Components updated: [ComponentInfo{com.google.android.dialer/com.android.incallui.InCallServiceImpl}]: (...->CS.crCo->H.CS.crCo)->CSW.sCC@E-E-PwQ
07-03 21:39:58.269  1604  1614 I Telecom : Event: RecordEntry TC@13: CAPABILITY_CHANGE, Current: [[ sup_hld mut !v2a spd_aud]], Removed [[]], Added [[ sup_hld mut !v2a spd_aud]]: (...->CS.crCo->H.CS.crCo)->CSW.hCCC@E-E-PwQ
07-03 21:39:58.269  1604  1614 I Telecom : Event: RecordEntry TC@13: FILTERING_INITIATED, null: (...->CS.crCo->H.CS.crCo)->CSW.hCCC@E-E-PwQ
07-03 21:39:58.269  1604  1614 I Telecom : Event: RecordEntry TC@13: DIRECT_TO_VM_INITIATED, null: (...->CS.crCo->H.CS.crCo)->CSW.hCCC@E-E-PwQ
07-03 21:39:58.269  1604  1614 I Telecom : CallerInfoLookupHelper: There is a previously incomplete query for handle tel:****. Adding to listeners for this query.: (...->CS.crCo->H.CS.crCo)->CSW.hCCC@E-E-PwQ
07-03 21:39:58.270  1604  1614 I Telecom : Event: RecordEntry TC@13: SCREENING_SENT, null: (...->CS.crCo->H.CS.crCo)->CSW.hCCC@E-E-PwQ
07-03 21:39:58.270  1604  1614 I Telecom : CallScreeningServiceFilter: There are no call screening services installed on this device.: (...->CS.crCo->H.CS.crCo)->CSW.hCCC@E-E-PwQ
07-03 21:39:58.270  1604  1614 I Telecom : CallScreeningServiceFilter: Could not bind to call screening service: (...->CS.crCo->H.CS.crCo)->CSW.hCCC@E-E-PwQ
07-03 21:39:58.271  1604  1614 I Telecom : Event: RecordEntry TC@13: SCREENING_COMPLETED, [Allow, logged, notified]: (...->CS.crCo->H.CS.crCo)->CSW.hCCC@E-E-PwQ
07-03 21:39:58.277  1836  1836 I Telephony: TelephonyConnectionService: notifyCreateConnectionComplete TC@13_1: (...->CSW.hCCC)->CS.crCoC->H.CS.crCoC@E-E-E-PwQ
07-03 21:39:58.280  1604 23533 I Telecom : Event: RecordEntry TC@13: BLOCK_CHECK_INITIATED, null: (...->CS.crCo->H.CS.crCo)->CSW.hCCC->ABCF.dIB@E-E-PwQ
07-03 21:39:58.307  1604  1617 E memtrack: Couldn't load memtrack module
07-03 21:39:58.308  1604  1617 W android.os.Debug: failed to get memory consumption info: -1
07-03 21:39:58.345 14699 14724 I net.osmand:native: Native ok (rendering 116, text 0 ms) 
07-03 21:39:58.345 14699 14724 I net.osmand:native:  (774 points, 40 points inside, 17 of 23 objects visible)
07-03 21:39:58.345 14699 14724 I net.osmand:native: End Rendering image
07-03 21:39:58.345 14699 14724 I net.osmand:native: Native ok (init 7, rendering 116) 
07-03 21:39:58.361 14699 14724 I net.osmand: MapRenderRepositories true
07-03 21:39:58.484  1604  1604 I Telecom : CallerInfoLookupHelper: CI query for handle tel:**** has completed; notifying all listeners.: TSI.aNIC->CILH.sL->CILH.oQC@PwQ
07-03 21:39:58.485  1604  1604 I Telecom : Call: CallerInfo received for tel:****: com.android.internal.telephony.CallerInfo@67834a5 { name null, phoneNumber non-null }: TSI.aNIC->CILH.sL->CILH.oQC@PwQ
07-03 21:39:58.485  1604  1604 I Telecom : Event: RecordEntry TC@13: DIRECT_TO_VM_FINISHED, [Allow, logged, notified]: TSI.aNIC->CILH.sL->CILH.oQC@PwQ
07-03 21:39:58.487  1604  1604 I Telecom : CallerInfoLookupHelper: There is no photo for this contact, skipping photo query: TSI.aNIC->CILH.sL->CILH.oQC@PwQ
07-03 21:39:58.512  1604  1604 I Telecom : Event: RecordEntry TC@13: BLOCK_CHECK_FINISHED, [Allow, logged, notified]: (...->CS.crCo->H.CS.crCo)->CSW.hCCC->ABCF.oPE@E-E-PwQ
07-03 21:39:58.513  1604  1604 I Telecom : Event: RecordEntry TC@13: FILTERING_COMPLETED, [Allow, logged, notified]: (...->CS.crCo->H.CS.crCo)->CSW.hCCC->ABCF.oPE->ICF.oCFC@E-E-PwQ
07-03 21:39:58.513  1604  1604 I Telecom : CallsManager: setCallState NEW -> RINGING, call: [TC@13, NEW, com.android.phone/com.android.services.telephony.TelephonyConnectionService, tel:****, A, childs(0), has_parent(false), [Capabilities: CAPABILITY_SUPPORT_HOLD CAPABILITY_MUTE CAPABILITY_CANNOT_DOWNGRADE_VIDEO_TO_AUDIO CAPABILITY_SPEED_UP_MT_AUDIO], [Properties:]]: (...->CS.crCo->H.CS.crCo)->CSW.hCCC->ABCF.oPE->ICF.oCFC@E-E-PwQ
07-03 21:39:58.520  1604  1604 I Telecom : Event: RecordEntry TC@13: SET_RINGING, successful incoming call: (...->CS.crCo->H.CS.crCo)->CSW.hCCC->ABCF.oPE->ICF.oCFC@E-E-PwQ
07-03 21:39:58.522  1604  1604 I Telecom : InCallController: onCanAddCallChanged : false: (...->CS.crCo->H.CS.crCo)->CSW.hCCC->ABCF.oPE->ICF.oCFC@E-E-PwQ
07-03 21:39:58.533  1604  1604 I Telecom : EmergencyCallHelper: ShouldGrantTemporaryLocationPermission, not emergency: (...->CS.crCo->H.CS.crCo)->CSW.hCCC->ABCF.oPE->ICF.oCFC@E-E-PwQ
07-03 21:39:58.534  1604  1604 I Telecom : InCallController: onCallAdded: [TC@13, RINGING, com.android.phone/com.android.services.telephony.TelephonyConnectionService, tel:****, A, childs(0), has_parent(false), [Capabilities: CAPABILITY_SUPPORT_HOLD CAPABILITY_MUTE CAPABILITY_CANNOT_DOWNGRADE_VIDEO_TO_AUDIO CAPABILITY_SPEED_UP_MT_AUDIO], [Properties:]]: (...->CS.crCo->H.CS.crCo)->CSW.hCCC->ABCF.oPE->ICF.oCFC@E-E-PwQ
07-03 21:39:58.534  1604  1604 I Telecom : InCallController: mInCallServiceConnection isConnected=true: (...->CS.crCo->H.CS.crCo)->CSW.hCCC->ABCF.oPE->ICF.oCFC@E-E-PwQ
07-03 21:39:58.560  1604  1604 I Telecom : InCallController: Call added to components: [ComponentInfo{com.google.android.dialer/com.android.incallui.InCallServiceImpl}]: (...->CS.crCo->H.CS.crCo)->CSW.hCCC->ABCF.oPE->ICF.oCFC@E-E-PwQ
07-03 21:39:58.561  1604  1604 I Telecom : IncomingCallNotifier: updateIncomingCall: foundIncomingcall = null: (...->CS.crCo->H.CS.crCo)->CSW.hCCC->ABCF.oPE->ICF.oCFC@E-E-PwQ
07-03 21:39:58.562  1604  1604 I Telecom : TelecomWakeLock: Acquiring WakeLock with id: 26: (...->CS.crCo->H.CS.crCo)->CSW.hCCC->ABCF.oPE->ICF.oCFC@E-E-PwQ
07-03 21:39:58.563  1604  1604 I Telecom : InCallWakeLockController: Acquiring full wake lock: (...->CS.crCo->H.CS.crCo)->CSW.hCCC->ABCF.oPE->ICF.oCFC@E-E-PwQ
07-03 21:39:58.569  1604  1618 W BroadcastQueue: Permission Denial: receiving Intent { act=android.intent.action.PHONE_STATE flg=0x1000010 (has extras) } to ProcessRecord{8a2b732 21843:com.mapfactor.navigator:Notifications/u0a88} (pid=21843, uid=10088) requires android.permission.READ_PRIVILEGED_PHONE_STATE due to sender android (uid 1000)
07-03 21:39:58.570  1604  1604 I Telecom : PhoneStateBroadcaster: Broadcasted state change: 1: (...->CS.crCo->H.CS.crCo)->CSW.hCCC->ABCF.oPE->ICF.oCFC@E-E-PwQ
07-03 21:39:58.570  1604  1604 D GpsNetInitiatedHandler: onCallStateChanged(): state is 1
07-03 21:39:58.572  1604  1901 I Telecom : CallAudioModeStateMachine: Message received: NEW_RINGING_CALL.: (...->CS.crCo->H.CS.crCo)->CSW.hCCC->ABCF.oPE->ICF.oCFC->CAMSM.pM_2002@E-E-PwQ
07-03 21:39:58.573  1604  1618 W BroadcastQueue: Permission Denial: receiving Intent { act=android.intent.action.PHONE_STATE flg=0x1000010 (has extras) } to ProcessRecord{b1e94bf 1707:com.android.systemui/u0a29} (pid=1707, uid=10029) requires android.permission.READ_PHONE_STATE due to sender android (uid 1000)
07-03 21:39:58.579  1604  1901 I Telecom : Event: RecordEntry TC@13: START_CALL_WAITING_TONE, null: (...->CS.crCo->H.CS.crCo)->CSW.hCCC->ABCF.oPE->ICF.oCFC->CAMSM.pM_2002@E-E-PwQ
07-03 21:39:58.579  1604  1901 I Telecom : CallAudioModeStateMachine: Message received: TONE_STARTED_PLAYING.: (...->CS.crCo->H.CS.crCo)->CSW.hCCC->ABCF.oPE->ICF.oCFC->CAMSM.pM_2002->CAMSM.pM_3001@E-E-PwQ
07-03 21:39:58.594 19891 19891 I Dialer  : InCallPresenter.shouldAttemptBlocking - not attempting to block incoming call because framework blocking is in use
07-03 21:39:58.595  1604  1892 I Telecom : BluetoothRouteManager: Running runnable for testing
07-03 21:39:58.595  1604  1892 W Telecom : Logging: Log.endSession was called with no session active.
07-03 21:39:58.599  1604 23535 I AudioTrack: AUDIO_OUTPUT_FLAG_FAST successful; frameCount 1440 -> 1440
07-03 21:39:58.599  1604 23535 D AudioTrack: Client defaulted notificationFrames to 720 for frameCount 1440
07-03 21:39:58.613  1394  3176 W audio_hw_generic: Not supplying enough data to HAL, expected position 705027317 , only wrote 705026880
07-03 21:39:58.639 19891 19891 I Dialer  : EnrichedCallModule.isEnabledFromBuildType - true
07-03 21:39:58.649 19891 19891 I Dialer  : EnrichedCallManagerImpl.registerCapabilitiesListener - listener: bca@36f35c2
07-03 21:39:58.650 19891 19891 I Dialer  : VideoShareManager.registerListener - enter
07-03 21:39:58.663  1604 23534 W ContextImpl: Failed to ensure /data/user_de/0/com.android.phone/shared_prefs: mkdir failed: EACCES (Permission denied)
07-03 21:39:58.699  1604 23534 I Telecom : InCallController: Sending updateCall [TC@13, RINGING, com.android.phone/com.android.services.telephony.TelephonyConnectionService, tel:****, A, childs(0), has_parent(false), [Capabilities: CAPABILITY_SUPPORT_HOLD CAPABILITY_MUTE CAPABILITY_CANNOT_DOWNGRADE_VIDEO_TO_AUDIO CAPABILITY_SPEED_UP_MT_AUDIO], [Properties:]]
07-03 21:39:58.710  1604 23534 I Telecom : InCallController: Components updated: [ComponentInfo{com.google.android.dialer/com.android.incallui.InCallServiceImpl}]
07-03 21:39:58.778 19891 19891 I Dialer  : EnrichedCallManagerImpl.registerCapabilitiesListener - listener: [DialerCall_2, INCOMING, [Capabilities: CAPABILITY_SUPPORT_HOLD CAPABILITY_RESPOND_VIA_TEXT CAPABILITY_MUTE CAPABILITY_CANNOT_DOWNGRADE_VIDEO_TO_AUDIO], [Properties:], children:[], parent:null, conferenceable:[], videoState:Audio Only, mSessionModificationState:0, CameraDir:-1]
07-03 21:39:58.780 19891 19891 I Dialer  : EnrichedCallManagerImpl.registerStateChangedListener - listener: [DialerCall_2, INCOMING, [Capabilities: CAPABILITY_SUPPORT_HOLD CAPABILITY_RESPOND_VIA_TEXT CAPABILITY_MUTE CAPABILITY_CANNOT_DOWNGRADE_VIDEO_TO_AUDIO], [Properties:], children:[], parent:null, conferenceable:[], videoState:Audio Only, mSessionModificationState:0, CameraDir:-1]
07-03 21:39:58.868 19891 19891 I Dialer  : CallList.onUpdateCall - [DialerCall_2, INCOMING, [Capabilities: CAPABILITY_SUPPORT_HOLD CAPABILITY_RESPOND_VIA_TEXT CAPABILITY_MUTE CAPABILITY_CANNOT_DOWNGRADE_VIDEO_TO_AUDIO], [Properties:], children:[], parent:null, conferenceable:[], videoState:Audio Only, mSessionModificationState:0, CameraDir:-1]
07-03 21:39:58.868 19891 19891 I Dialer  : InCallPresenter.startOrFinishUi - Start Full Screen in call UI
07-03 21:39:58.958 19891 19891 I Dialer  : PhoneNumberHelper.getCurrentCountryIso - No CountryDetector; falling back to countryIso based on locale: US
07-03 21:39:59.004 19891 19891 I Dialer  : StatusBarNotifier.buildAndSendNotification - notificationType=2
07-03 21:39:59.019 19891 19891 I Dialer  : StatusBarNotifier.buildAndSendNotification - Canceling old notification so this one can be noisy
07-03 21:39:59.061 19891 19907 I Dialer  : PhoneNumberHelper.getCurrentCountryIso - No CountryDetector; falling back to countryIso based on locale: US
07-03 21:39:59.071 19891 19891 I Dialer  : StatusBarNotifier.buildAndSendNotification - displaying notification for 2
07-03 21:39:59.087 19891 19907 I Dialer  : PhoneNumberHelper.getCurrentCountryIso - No CountryDetector; falling back to countryIso based on locale: US
07-03 21:39:59.093 19891 19891 I Dialer  : InCallPresenter.onCallListChange - Phone switching state: INCALL -> INCOMING
07-03 21:39:59.097 19891 19891 I Dialer  : VideoPauseController.onStateChange - hasPrimaryCallChanged: true, videoCanPause: false, isInBackground: false
07-03 21:39:59.097 19891 19891 I Dialer  : VideoPauseController.onPrimaryCallChanged - new call: [DialerCall_2, INCOMING, [Capabilities: CAPABILITY_SUPPORT_HOLD CAPABILITY_RESPOND_VIA_TEXT CAPABILITY_MUTE CAPABILITY_CANNOT_DOWNGRADE_VIDEO_TO_AUDIO], [Properties:], children:[], parent:null, conferenceable:[], videoState:Audio Only, mSessionModificationState:0, CameraDir:-1], old call: [DialerCall_1, ACTIVE, [Capabilities: CAPABILITY_HOLD CAPABILITY_SUPPORT_HOLD CAPABILITY_MUTE CAPABILITY_CANNOT_DOWNGRADE_VIDEO_TO_AUDIO], [Properties:], children:[], parent:null, conferenceable:[], videoState:Audio Only, mSessionModificationState:0, CameraDir:-1], mIsInBackground: false
07-03 21:39:59.117 19891 19891 I Dialer  : ProximitySensor.updateProximitySensorMode - screenOnImmediately: false, dialPadVisible: false, offHook: false, horizontal: false, uiShowing: false, audioRoute: EARPIECE
07-03 21:39:59.117 19891 19891 I Dialer  : ProximitySensor.turnOffProximitySensor - releasing wake lock
07-03 21:39:59.232 19891 19891 I Dialer  : CallList.onIncoming - [DialerCall_2, INCOMING, [Capabilities: CAPABILITY_SUPPORT_HOLD CAPABILITY_RESPOND_VIA_TEXT CAPABILITY_MUTE CAPABILITY_CANNOT_DOWNGRADE_VIDEO_TO_AUDIO], [Properties:], children:[], parent:null, conferenceable:[], videoState:Audio Only, mSessionModificationState:0, CameraDir:-1]
07-03 21:39:59.232 19891 19891 I Dialer  : InCallPresenter.onIncomingCall - Phone switching state: INCOMING -> INCOMING
07-03 21:39:59.233 19891 19891 I Dialer  : VideoPauseController.onIncomingCall - oldState: INCOMING, newState: INCOMING, call: [DialerCall_2, INCOMING, [Capabilities: CAPABILITY_SUPPORT_HOLD CAPABILITY_RESPOND_VIA_TEXT CAPABILITY_MUTE CAPABILITY_CANNOT_DOWNGRADE_VIDEO_TO_AUDIO], [Properties:], children:[], parent:null, conferenceable:[], videoState:Audio Only, mSessionModificationState:0, CameraDir:-1]
07-03 21:39:59.251 19891 19891 I Dialer  : InCallPresenter.setBoundAndWaitingForOutgoingCall - setBoundAndWaitingForOutgoingCall: false
07-03 21:39:59.497  1604  1617 E memtrack: Couldn't load memtrack module
07-03 21:39:59.497  1604  1617 W android.os.Debug: failed to get memory consumption info: -1
07-03 21:39:59.618 14699 14699 I net.osmand: RoutingHelper Recalculate route, because correlation  : 10422.190768297298
07-03 21:39:59.618 14699 14699 I net.osmand: RoutingHelper Recalculate route, because wrong movement direction: 10422.19
07-03 21:39:59.621 14699 14725 I net.osmand: MapRenderRepositories RENDER MAP: update due to tile box
07-03 21:39:59.622 14699 14725 I net.osmand: MapRenderRepositories RENDER MAP: Interrupt rendering map
07-03 21:39:59.829 14699 14699 I net.osmand: RoutingHelper Recalculate route, because correlation  : 10422.190768297298
07-03 21:39:59.863 14699 14724 I net.osmand: MapRenderRepositories RENDER MAP: new request RotatedTileBox [lat=-7.256033333333333, lon=-35.98411333333333, rotate=0.0, density=2.625, zoom=17, mapDensity=3.9375, zoomAnimation=0.0, zoomFloatPart=0.0, cx=900, cy=1972, pixWidth=1800, pixHeight=2690]
07-03 21:40:00.150 14699 14724 I net.osmand:native: Route objects 30
07-03 21:40:00.150 14699 14724 I net.osmand:native: Ocean: no completed & incompleted coastlines 0
07-03 21:40:00.150 14699 14724 I net.osmand:native: Detailed coastlines = 0, basemap coastlines 0, ocean tile 0.000000. Detailed added 0, basemap processed 1, basemap added 0.
07-03 21:40:00.151 14699 14724 I net.osmand:native: Search : tree - read( 570), accept( 35), objs - visit( 2397), accept(61), in result(26) 
07-03 21:40:00.151 14699 14724 I net.osmand: MapRenderRepositories BLat=-7.25832896232605, TLat=-7.250344705581665, LLong=-35.98656463623047, RLong=-35.98166275024414, zoom=17
07-03 21:40:00.152 14699 14724 I net.osmand: MapRenderRepositories Native search: 288 ms 
07-03 21:40:00.199 14699 14724 I net.osmand:native: Creating SkBitmap in native w:1800 h:2690 s:7200 f:1!
07-03 21:40:00.199 14699 14724 I net.osmand:native: Row bytes for RGBA_8888 is 7200
07-03 21:40:00.199 14699 14724 I net.osmand:native: Locked 19368000 bytes at 0x60180000
07-03 21:40:00.200 14699 14724 I net.osmand:native: Initializing rendering
07-03 21:40:00.203 14699 14724 I net.osmand:native: Rendering image
07-03 21:40:00.326 14699 14724 I net.osmand:native: Native ok (rendering 123, text 0 ms) 
07-03 21:40:00.326 14699 14724 I net.osmand:native:  (930 points, 153 points inside, 41 of 49 objects visible)
07-03 21:40:00.327 14699 14724 I net.osmand:native: End Rendering image
07-03 21:40:00.327 14699 14724 I net.osmand:native: Native ok (init 3, rendering 123) 
07-03 21:40:00.327 14699 14724 I net.osmand: MapRenderRepositories true
07-03 21:40:00.350 14699 14699 I net.osmand: RoutingHelper Recalculate route, because correlation  : 10422.190768297298
07-03 21:40:00.350 14699 14699 I net.osmand: RoutingHelper Recalculate route, because wrong movement direction: 10422.19
07-03 21:40:00.418 14699 14709 I zygote  : Background concurrent copying GC freed 387130(10MB) AllocSpace objects, 0(0B) LOS objects, 9% free, 55MB/61MB, paused 3.186ms total 2.660s
07-03 21:40:00.469  1707  1707 D StatusBar: disable<e i a s b h r c s q >
07-03 21:40:00.480 14699 14699 I net.osmand: RoutingHelper Recalculate route, because correlation  : 10422.190768297298
07-03 21:40:00.480 14699 14699 I net.osmand: RoutingHelper Recalculate route, because wrong movement direction: 10422.19
07-03 21:40:00.551 14699 14699 I net.osmand: RoutingHelper Recalculate route, because correlation  : 10422.190768297298
07-03 21:40:00.632  1707  1933 D EGL_emulation: eglMakeCurrent: 0x91a91b00: ver 2 0 (tinfo 0x91b96990)
07-03 21:40:00.636  1707  1707 W StaticLayout: maxLineHeight should not be -1.  maxLines:1 lineCount:1
07-03 21:40:00.637  1707  1707 W StaticLayout: maxLineHeight should not be -1.  maxLines:1 lineCount:1
07-03 21:40:00.639  1402  1440 D gralloc_ranchu: gralloc_alloc: Creating ashmem region of size 8298496
07-03 21:40:00.687  1707  1933 D EGL_emulation: eglMakeCurrent: 0x91a91b00: ver 2 0 (tinfo 0x91b96990)
07-03 21:40:00.730  1402  1440 D gralloc_ranchu: gralloc_alloc: Creating ashmem region of size 8298496
07-03 21:40:00.788 14699 14699 I net.osmand: RoutingHelper Recalculate route, because correlation  : 10422.190768297298
07-03 21:40:00.799  1402  1440 D gralloc_ranchu: gralloc_alloc: Creating ashmem region of size 8298496
07-03 21:40:01.463 14699 14699 I net.osmand: RoutingHelper Recalculate route, because correlation  : 10422.190768297298
07-03 21:40:01.463 14699 14699 I net.osmand: RoutingHelper Recalculate route, because wrong movement direction: 10422.19
07-03 21:40:01.518 14699 23403 I System.out: ROUTE : 
07-03 21:40:01.523 14699 23403 I net.osmand: RouteResultPreparation <test regions="" description="" best_percent="" vehicle="car" 
07-03 21:40:01.523 14699 23403 I net.osmand:   start_lat="-7.58920" start_lon="-37.54107" target_lat="-5.04338" target_lon="-42.76301"  routing_time="0.00" loadedTiles="1576" visitedSegments="6734" complete_distance="1871475.63" complete_time="94826.94" >
07-03 21:40:01.524 14699 23403 I System.out: <test regions="" description="" best_percent="" vehicle="car" 
07-03 21:40:01.524 14699 23403 I System.out:   start_lat="-7.58920" start_lon="-37.54107" target_lat="-5.04338" target_lon="-42.76301"  routing_time="0.00" loadedTiles="1576" visitedSegments="6734" complete_distance="1871475.63" complete_time="94826.94" >
07-03 21:40:01.524 14699 23403 I System.out: </test>
07-03 21:40:01.524 14699 23403 I System.out: <test regions="" description="" best_percent="" vehicle="car" 
07-03 21:40:01.524 14699 23403 I System.out:   start_lat="-7.58920" start_lon="-37.54107" target_lat="-5.04338" target_lon="-42.76301"  routing_time="0.00" loadedTiles="1576" visitedSegments="6734" complete_distance="1871475.63" complete_time="94826.94" >
07-03 21:40:01.560 14699 14699 I net.osmand: RoutingHelper Recalculate route, because correlation  : 10422.190768297298
07-03 21:40:01.703 14699 14699 I net.osmand: RoutingHelper Recalculate route, because correlation  : 10725.876703293809
07-03 21:40:01.704 14699 14699 I net.osmand: RoutingHelper Recalculate route, because wrong movement direction: 10725.877
07-03 21:40:01.843 14699 14699 I net.osmand: RoutingHelper Recalculate route, because correlation  : 10725.876703293809
07-03 21:40:01.846 14699 23403 I net.osmand: RouteProvider Finding route contained 8386 points for 81896 ms
07-03 21:40:01.972  1477  1572 D AudioFlinger: mixer(0xac983140) throttle end: throttle time(7)
07-03 21:40:01.999 14699 14725 I net.osmand: MapRenderRepositories RENDER MAP: update due to tile box
07-03 21:40:01.999 14699 14725 I net.osmand: MapRenderRepositories RENDER MAP: Interrupt rendering map
07-03 21:40:02.189 14699 14709 I zygote  : Background concurrent copying GC freed 992067(23MB) AllocSpace objects, 0(0B) LOS objects, 10% free, 53MB/59MB, paused 1.338ms total 1.220s
07-03 21:40:02.320 14699 14699 I net.osmand: RoutingHelper Recalculate route, because correlation  : 10725.876703293809
07-03 21:40:02.319 14699 14725 I net.osmand: MapRenderRepositories RENDER MAP: update due to tile box
07-03 21:40:02.320 14699 14725 I net.osmand: MapRenderRepositories RENDER MAP: Interrupt rendering map
07-03 21:40:02.326 14699 14699 W MaterialProgressBar: Current drawable is not a MaterialProgressDrawable, you may want to set app:mpb_setBothDrawables
07-03 21:40:02.328 14699 23538 I net.osmand: RouteProvider Start finding route from Location[mProvider=gps,mTime=1562204403000,mLatitude=-7.257208333333334,mLongitude=-35.98663166666667,mHasAltitude=true,mAltitude=0.0,mHasSpeed=false,mSpeed=0.0,mHasBearing=false,mBearing=0.0,mHasAccuracy=true,mAccuracy=20.0 to Lat -5.0433784 Lon -42.763012 using OsmAnd (offline)
07-03 21:40:02.332 14699 23538 W net.osmand: RouteProvider Use 313 MB Free 5.262474 of 59.74447 max 384.0
07-03 21:40:02.413 14699 14699 I net.osmand: RoutingHelper Recalculate route, because correlation  : 10725.876703293809
07-03 21:40:02.413 14699 14699 I net.osmand: RoutingHelper Recalculate route, because wrong movement direction: 10725.877
07-03 21:40:02.540 14699 23538 I net.osmand:native: Start point was found 42883469265 [Native]
07-03 21:40:02.563 14699 23538 I net.osmand:native: End point was found 42703897139 [Native]
07-03 21:40:02.584 14699 14724 I net.osmand: MapRenderRepositories RENDER MAP: new request RotatedTileBox [lat=-7.257208333333334, lon=-35.98663166666667, rotate=0.0, density=2.625, zoom=17, mapDensity=3.9375, zoomAnimation=0.0, zoomFloatPart=0.0, cx=900, cy=1972, pixWidth=1800, pixHeight=2690]
07-03 21:40:02.711 14699 14724 I net.osmand:native: Route objects 17
07-03 21:40:02.711 14699 14724 I net.osmand:native: Ocean: no completed & incompleted coastlines 0
07-03 21:40:02.711 14699 14724 I net.osmand:native: Detailed coastlines = 0, basemap coastlines 0, ocean tile 0.000000. Detailed added 0, basemap processed 1, basemap added 0.
07-03 21:40:02.711 14699 14724 I net.osmand:native: Search : tree - read( 570), accept( 34), objs - visit( 2357), accept(48), in result(14) 
07-03 21:40:02.711 14699 14724 I net.osmand: MapRenderRepositories BLat=-7.259522128105163, TLat=-7.251514267921448, LLong=-35.98908615112305, RLong=-35.98418426513672, zoom=17
07-03 21:40:02.711 14699 14724 I net.osmand: MapRenderRepositories Native search: 126 ms 
07-03 21:40:02.726 14699 14724 I net.osmand:native: Creating SkBitmap in native w:1800 h:2690 s:7200 f:1!
07-03 21:40:02.726 14699 14724 I net.osmand:native: Row bytes for RGBA_8888 is 7200
07-03 21:40:02.726 14699 14724 I net.osmand:native: Locked 19368000 bytes at 0x62d80000
07-03 21:40:02.726 14699 14724 I net.osmand:native: Initializing rendering
07-03 21:40:02.728 14699 14724 I net.osmand:native: Rendering image
07-03 21:40:02.790 14699 14724 I net.osmand:native: Native ok (rendering 59, text 0 ms) 
07-03 21:40:02.790 14699 14724 I net.osmand:native:  (800 points, 43 points inside, 21 of 27 objects visible)
07-03 21:40:02.790 14699 14724 I net.osmand:native: End Rendering image
07-03 21:40:02.790 14699 14724 I net.osmand:native: Native ok (init 3, rendering 59) 
07-03 21:40:02.793 14699 14724 I net.osmand: MapRenderRepositories true
07-03 21:40:03.108 14699 14699 I net.osmand: RoutingHelper Recalculate route, because correlation  : 11029.518510119375
07-03 21:40:03.108 14699 14699 I net.osmand: RoutingHelper Recalculate route, because wrong movement direction: 11029.519
07-03 21:40:03.164 14699 14699 I net.osmand: RoutingHelper Recalculate route, because correlation  : 11029.518510119375
07-03 21:40:03.349 14699 14699 I net.osmand: RoutingHelper Recalculate route, because correlation  : 11029.518510119375
07-03 21:40:03.349 14699 14699 I net.osmand: RoutingHelper Recalculate route, because wrong movement direction: 11029.519
07-03 21:40:03.487 14699 14699 I net.osmand: RoutingHelper Recalculate route, because correlation  : 11029.518510119375
07-03 21:40:03.497 14699 14725 I net.osmand: MapRenderRepositories RENDER MAP: update due to tile box
07-03 21:40:03.498 14699 14725 I net.osmand: MapRenderRepositories RENDER MAP: Interrupt rendering map
07-03 21:40:03.545 14699 14724 I net.osmand: MapRenderRepositories RENDER MAP: new request RotatedTileBox [lat=-7.258381666666666, lon=-35.98914833333333, rotate=0.0, density=2.625, zoom=17, mapDensity=3.9375, zoomAnimation=0.0, zoomFloatPart=0.0, cx=900, cy=1972, pixWidth=1800, pixHeight=2690]
07-03 21:40:03.699 14699 14724 I net.osmand:native: Route objects 10
07-03 21:40:03.699 14699 14724 I net.osmand:native: Ocean: no completed & incompleted coastlines 0
07-03 21:40:03.700 14699 14724 I net.osmand:native: Detailed coastlines = 0, basemap coastlines 0, ocean tile 0.000000. Detailed added 0, basemap processed 1, basemap added 0.
07-03 21:40:03.700 14699 14724 I net.osmand:native: Search : tree - read( 570), accept( 34), objs - visit( 2357), accept(41), in result(9) 
07-03 21:40:03.700 14699 14724 I net.osmand: MapRenderRepositories BLat=-7.260692763328552, TLat=-7.252684903144837, LLong=-35.99159622192383, RLong=-35.9866943359375, zoom=17
07-03 21:40:03.700 14699 14724 I net.osmand: MapRenderRepositories Native search: 155 ms 
07-03 21:40:03.728 14699 14724 I net.osmand:native: Creating SkBitmap in native w:1800 h:2690 s:7200 f:1!
07-03 21:40:03.728 14699 14724 I net.osmand:native: Row bytes for RGBA_8888 is 7200
07-03 21:40:03.728 14699 14724 I net.osmand:native: Locked 19368000 bytes at 0x60180000
07-03 21:40:03.728 14699 14724 I net.osmand:native: Initializing rendering
07-03 21:40:03.729 14699 14724 I net.osmand:native: Rendering image
07-03 21:40:03.768 14699 14724 I net.osmand:native: Native ok (rendering 38, text 0 ms) 
07-03 21:40:03.768 14699 14724 I net.osmand:native:  (707 points, 30 points inside, 16 of 22 objects visible)
07-03 21:40:03.768 14699 14724 I net.osmand:native: End Rendering image
07-03 21:40:03.768 14699 14724 I net.osmand:native: Native ok (init 1, rendering 38) 
07-03 21:40:03.771 14699 14724 I net.osmand: MapRenderRepositories true
07-03 21:40:04.188 14699 14709 I zygote  : Background concurrent copying GC freed 799556(21MB) AllocSpace objects, 5(112KB) LOS objects, 10% free, 52MB/58MB, paused 937us total 1.609s
07-03 21:40:04.378  1970  1970 I GeofencerStateMachine: sendNewTransitions called.
07-03 21:40:04.448 14699 14699 I net.osmand: RoutingHelper Recalculate route, because correlation  : 11029.518510119375
07-03 21:40:04.448 14699 14699 I net.osmand: RoutingHelper Recalculate route, because wrong movement direction: 11029.519
07-03 21:40:04.540 14699 14699 I net.osmand: RoutingHelper Recalculate route, because correlation  : 11333.505985595822
07-03 21:40:04.540 14699 14699 I net.osmand: RoutingHelper Recalculate route, because wrong movement direction: 11333.506
07-03 21:40:04.651 14699 14699 I net.osmand: RoutingHelper Recalculate route, because correlation  : 11333.505985595822
07-03 21:40:04.850 14699 14725 I net.osmand: MapRenderRepositories RENDER MAP: update due to tile box
07-03 21:40:04.850 14699 14725 I net.osmand: MapRenderRepositories RENDER MAP: Interrupt rendering map
07-03 21:40:05.278 14699 14724 I net.osmand: MapRenderRepositories RENDER MAP: new request RotatedTileBox [lat=-7.259555000000001, lon=-35.99166666666667, rotate=0.0, density=2.625, zoom=17, mapDensity=3.9375, zoomAnimation=0.0, zoomFloatPart=0.0, cx=900, cy=1972, pixWidth=1800, pixHeight=2690]
07-03 21:40:05.400 14699 14724 I net.osmand:native: Route objects 11
07-03 21:40:05.400 14699 14724 I net.osmand:native: Ocean: no completed & incompleted coastlines 0
07-03 21:40:05.400 14699 14724 I net.osmand:native: Detailed coastlines = 0, basemap coastlines 0, ocean tile 0.000000. Detailed added 0, basemap processed 1, basemap added 0.
07-03 21:40:05.401 14699 14724 I net.osmand:native: Search : tree - read( 570), accept( 35), objs - visit( 2397), accept(42), in result(10) 
07-03 21:40:05.401 14699 14724 I net.osmand: MapRenderRepositories BLat=-7.261863374710083, TLat=-7.253856039047241, LLong=-35.994117736816406, RLong=-35.98921585083008, zoom=17
07-03 21:40:05.417 14699 14724 I net.osmand: MapRenderRepositories Native search: 138 ms 
07-03 21:40:05.432 14699 14724 I net.osmand:native: Creating SkBitmap in native w:1800 h:2690 s:7200 f:1!
07-03 21:40:05.432 14699 14724 I net.osmand:native: Row bytes for RGBA_8888 is 7200
07-03 21:40:05.433 14699 14724 I net.osmand:native: Locked 19368000 bytes at 0x62d80000
07-03 21:40:05.433 14699 14724 I net.osmand:native: Initializing rendering
07-03 21:40:05.441 14699 14724 I net.osmand:native: Rendering image
07-03 21:40:05.451 14699 14699 I net.osmand: RoutingHelper Recalculate route, because correlation  : 11333.505985595822
07-03 21:40:05.470 14699 14699 I net.osmand: RoutingHelper Recalculate route, because correlation  : 11333.505985595822
07-03 21:40:05.470 14699 14699 I net.osmand: RoutingHelper Recalculate route, because wrong movement direction: 11333.506
07-03 21:40:05.609  1477  1572 D AudioFlinger: mixer(0xac983140) throttle end: throttle time(4)
07-03 21:40:05.652  1604  1614 I WifiService: acquireWifiLock uid=10014 lockMode=2
07-03 21:40:05.662 14699 14724 I net.osmand:native: Native ok (rendering 221, text 1 ms) 
07-03 21:40:05.662 14699 14724 I net.osmand:native:  (759 points, 30 points inside, 18 of 24 objects visible)
07-03 21:40:05.663 14699 14724 I net.osmand:native: End Rendering image
07-03 21:40:05.663 14699 14724 I net.osmand:native: Native ok (init 8, rendering 221) 
07-03 21:40:05.663 14699 14724 I net.osmand: MapRenderRepositories true
07-03 21:40:05.914 14699 14699 I net.osmand: RoutingHelper Recalculate route, because correlation  : 11637.47433535767
07-03 21:40:05.962  1604  3139 I WifiService: releaseWifiLock uid=10014
