06-29 13:26:52.397  3472  3482 I zygote  : Background concurrent copying GC freed 128804(6MB) AllocSpace objects, 30(660KB) LOS objects, 25% free, 17MB/23MB, paused 2.707ms total 453.662ms
06-29 13:26:52.477  3472  3472 I net.osmand: RoutingHelper Recalculate route, because wrong movement direction: 433.56265
06-29 13:26:52.478  3472  3472 W MaterialProgressBar: Current drawable is not a MaterialProgressDrawable, you may want to set app:mpb_setBothDrawables
06-29 13:26:52.481  3472  6327 I net.osmand: RouteProvider Start finding route from Location[mProvider=gps,mTime=1561814813000,mLatitude=-7.229728333333332,mLongitude=-35.90632166666667,mHasAltitude=false,mAltitude=0.0,mHasSpeed=true,mSpeed=0.0,mHasBearing=true,mBearing=0.0,mHasAccuracy=true,mAccuracy=20.0 to Lat -7.23261 Lon -35.913074 using OsmAnd (offline)
06-29 13:26:52.482  3472  6327 W net.osmand: RouteProvider Use 347 MB Free 5.96875 of 23.698822 max 384.0
06-29 13:26:52.736  1600  1635 I WifiService: acquireWifiLock uid=10014 lockMode=2
06-29 13:26:52.935  3472  6327 I net.osmand:native: Start point was found 1886269049 [Native]
06-29 13:26:52.942  3472  6327 I net.osmand:native: End point was found 1886269277 [Native]
06-29 13:26:52.943  3472  6327 W net.osmand:native: [Native] Result visited (visited roads 2, visited segments 2 / 0 , queue sizes 3 / 2 ) 
06-29 13:26:52.943  3472  6327 W net.osmand:native: [Native] Result timing (time to load 0, time to calc 0, loaded tiles 21) 
06-29 13:26:52.943  3472  6327 W net.osmand:native: [Native] Memory occupied (Routing context 473 Kb, search 0 Kb)
06-29 13:26:52.945  3472  6327 I net.osmand:native: No route found
06-29 13:26:52.957  3472  6327 I net.osmand: RoutePlannerFrontEnd Native routing took 0.075 seconds
06-29 13:26:52.957  3472  6327 I System.out: ROUTE : 
06-29 13:26:52.957  3472  6327 I net.osmand: RouteResultPreparation <test regions="" description="" best_percent="" vehicle="car" 
06-29 13:26:52.957  3472  6327 I net.osmand:   start_lat="-7.22973" start_lon="-35.90632" target_lat="-7.23261" target_lon="-35.91307"  routing_time="0.00" loadedTiles="21" visitedSegments="2" complete_distance="0.00" complete_time="0.00" >
06-29 13:26:52.958  3472  6327 I System.out: <test regions="" description="" best_percent="" vehicle="car" 
06-29 13:26:52.958  3472  6327 I System.out:   start_lat="-7.22973" start_lon="-35.90632" target_lat="-7.23261" target_lon="-35.91307"  routing_time="0.00" loadedTiles="21" visitedSegments="2" complete_distance="0.00" complete_time="0.00" >
06-29 13:26:52.958  3472  6327 I System.out: </test>
06-29 13:26:52.958  3472  6327 I System.out: <test regions="" description="" best_percent="" vehicle="car" 
06-29 13:26:52.958  3472  6327 I System.out:   start_lat="-7.22973" start_lon="-35.90632" target_lat="-7.23261" target_lon="-35.91307"  routing_time="0.00" loadedTiles="21" visitedSegments="2" complete_distance="0.00" complete_time="0.00" >
06-29 13:26:52.958  3472  6327 I net.osmand: RouteProvider Finding route contained 0 points for 477 ms
06-29 13:26:53.321  3472  3472 I net.osmand: RoutingHelper Recalculate route, because wrong movement direction: 408.99652
06-29 13:26:53.323  3472  3472 W MaterialProgressBar: Current drawable is not a MaterialProgressDrawable, you may want to set app:mpb_setBothDrawables
06-29 13:26:53.335  3472  6328 I net.osmand: RouteProvider Start finding route from Location[mProvider=gps,mTime=1561814813000,mLatitude=-7.229818333333332,mLongitude=-35.906525,mHasAltitude=false,mAltitude=0.0,mHasSpeed=true,mSpeed=0.0,mHasBearing=true,mBearing=0.0,mHasAccuracy=true,mAccuracy=20.0 to Lat -7.23261 Lon -35.913074 using OsmAnd (offline)
06-29 13:26:53.336  3472  6328 W net.osmand: RouteProvider Use 345 MB Free 3.0507812 of 23.698822 max 384.0
06-29 13:26:53.571  3472  3472 I net.osmand: RoutingHelper Recalculate route, because wrong movement direction: 408.99652
06-29 13:26:53.823  3472  6328 I net.osmand:native: Start point was found 1886269049 [Native]
06-29 13:26:53.829  3472  6328 I net.osmand:native: End point was found 1886269277 [Native]
06-29 13:26:53.832  3472  6328 W net.osmand:native: [Native] Result visited (visited roads 2, visited segments 2 / 0 , queue sizes 3 / 2 ) 
06-29 13:26:53.832  3472  6328 W net.osmand:native: [Native] Result timing (time to load 0, time to calc 2, loaded tiles 21) 
06-29 13:26:53.832  3472  6328 W net.osmand:native: [Native] Memory occupied (Routing context 473 Kb, search 0 Kb)
06-29 13:26:53.834  3472  6328 I net.osmand:native: No route found
06-29 13:26:53.848  3472  6328 I net.osmand: RoutePlannerFrontEnd Native routing took 0.091 seconds
06-29 13:26:53.848  3472  6328 I System.out: ROUTE : 
06-29 13:26:53.849  3472  6328 I net.osmand: RouteResultPreparation <test regions="" description="" best_percent="" vehicle="car" 
06-29 13:26:53.849  3472  6328 I net.osmand:   start_lat="-7.22982" start_lon="-35.90653" target_lat="-7.23261" target_lon="-35.91307"  routing_time="0.00" loadedTiles="21" visitedSegments="2" complete_distance="0.00" complete_time="0.00" >
06-29 13:26:53.849  3472  6328 I System.out: <test regions="" description="" best_percent="" vehicle="car" 
06-29 13:26:53.849  3472  6328 I System.out:   start_lat="-7.22982" start_lon="-35.90653" target_lat="-7.23261" target_lon="-35.91307"  routing_time="0.00" loadedTiles="21" visitedSegments="2" complete_distance="0.00" complete_time="0.00" >
06-29 13:26:53.849  3472  6328 I System.out: </test>
06-29 13:26:53.849  3472  6328 I System.out: <test regions="" description="" best_percent="" vehicle="car" 
06-29 13:26:53.849  3472  6328 I System.out:   start_lat="-7.22982" start_lon="-35.90653" target_lat="-7.23261" target_lon="-35.91307"  routing_time="0.00" loadedTiles="21" visitedSegments="2" complete_distance="0.00" complete_time="0.00" >
06-29 13:26:53.849  3472  6328 I net.osmand: RouteProvider Finding route contained 0 points for 514 ms
06-29 13:26:54.001  3472  3482 I zygote  : Background concurrent copying GC freed 137981(6MB) AllocSpace objects, 22(472KB) LOS objects, 26% free, 16MB/22MB, paused 910us total 254.207ms
06-29 13:26:54.406  1390  1390 W audio_hw_generic: Not supplying enough data to HAL, expected position 3534007 , only wrote 3408480
06-29 13:26:54.509  3472  3472 I net.osmand: RoutingHelper Recalculate route, because wrong movement direction: 408.99652
06-29 13:26:54.510  3472  3472 W MaterialProgressBar: Current drawable is not a MaterialProgressDrawable, you may want to set app:mpb_setBothDrawables
06-29 13:26:54.527  3472  6329 I net.osmand: RouteProvider Start finding route from Location[mProvider=gps,mTime=1561814815000,mLatitude=-7.229818333333332,mLongitude=-35.906525,mHasAltitude=false,mAltitude=0.0,mHasSpeed=true,mSpeed=0.0,mHasBearing=true,mBearing=0.0,mHasAccuracy=true,mAccuracy=20.0 to Lat -7.23261 Lon -35.913074 using OsmAnd (offline)
06-29 13:26:54.528  3472  6329 W net.osmand: RouteProvider Use 348 MB Free 5.921875 of 22.951813 max 384.0
06-29 13:26:54.562  1399  1414 D hwcomposer: hw_composer sent 278 syncs in 65s
06-29 13:26:54.704  3472  3472 I net.osmand: RoutingHelper Recalculate route, because wrong movement direction: 384.4306
06-29 13:26:55.001  3472  6329 I net.osmand:native: Start point was found 1886269049 [Native]
06-29 13:26:55.009  3472  6329 I net.osmand:native: End point was found 1886269277 [Native]
06-29 13:26:55.010  3472  6329 W net.osmand:native: [Native] Result visited (visited roads 2, visited segments 2 / 0 , queue sizes 3 / 2 ) 
06-29 13:26:55.010  3472  6329 W net.osmand:native: [Native] Result timing (time to load 0, time to calc 0, loaded tiles 21) 
06-29 13:26:55.010  3472  6329 W net.osmand:native: [Native] Memory occupied (Routing context 473 Kb, search 0 Kb)
06-29 13:26:55.012  3472  6329 I net.osmand:native: No route found
06-29 13:26:55.024  3472  6329 I net.osmand: RoutePlannerFrontEnd Native routing took 0.083 seconds
06-29 13:26:55.024  3472  6329 I System.out: ROUTE : 
06-29 13:26:55.024  3472  6329 I net.osmand: RouteResultPreparation <test regions="" description="" best_percent="" vehicle="car" 
06-29 13:26:55.024  3472  6329 I net.osmand:   start_lat="-7.22982" start_lon="-35.90653" target_lat="-7.23261" target_lon="-35.91307"  routing_time="0.00" loadedTiles="21" visitedSegments="2" complete_distance="0.00" complete_time="0.00" >
06-29 13:26:55.025  3472  6329 I System.out: <test regions="" description="" best_percent="" vehicle="car" 
06-29 13:26:55.025  3472  6329 I System.out:   start_lat="-7.22982" start_lon="-35.90653" target_lat="-7.23261" target_lon="-35.91307"  routing_time="0.00" loadedTiles="21" visitedSegments="2" complete_distance="0.00" complete_time="0.00" >
06-29 13:26:55.025  3472  6329 I System.out: </test>
06-29 13:26:55.025  3472  6329 I System.out: <test regions="" description="" best_percent="" vehicle="car" 
06-29 13:26:55.025  3472  6329 I System.out:   start_lat="-7.22982" start_lon="-35.90653" target_lat="-7.23261" target_lon="-35.91307"  routing_time="0.00" loadedTiles="21" visitedSegments="2" complete_distance="0.00" complete_time="0.00" >
06-29 13:26:55.026  3472  6329 I net.osmand: RouteProvider Finding route contained 0 points for 499 ms
06-29 13:26:55.485  3472  3472 I net.osmand: RoutingHelper Recalculate route, because wrong movement direction: 384.4306
06-29 13:26:55.486  3472  3472 W MaterialProgressBar: Current drawable is not a MaterialProgressDrawable, you may want to set app:mpb_setBothDrawables
06-29 13:26:55.487  3472  6330 I net.osmand: RouteProvider Start finding route from Location[mProvider=gps,mTime=1561814816000,mLatitude=-7.2299083333333325,mLongitude=-35.906728333333334,mHasAltitude=false,mAltitude=0.0,mHasSpeed=true,mSpeed=0.0,mHasBearing=true,mBearing=0.0,mHasAccuracy=true,mAccuracy=20.0 to Lat -7.23261 Lon -35.913074 using OsmAnd (offline)
06-29 13:26:55.488  3472  6330 W net.osmand: RouteProvider Use 345 MB Free 2.9726562 of 22.951813 max 384.0
06-29 13:26:55.702  1600  1674 W AlarmManager: Unrecognized alarm listener com.android.server.wifi.WifiConfigStore$1@fa13445
06-29 13:26:55.716  1600  1792 D WificondControl: Scan result ready event
06-29 13:26:55.826  1600  1674 D WifiConfigStore: Writing to stores completed in 124 ms.
06-29 13:26:55.882  1600  1792 I WifiService: releaseWifiLock uid=10014
06-29 13:26:55.987  3472  6330 I net.osmand:native: Start point was found 1886269049 [Native]
06-29 13:26:55.994  3472  6330 I net.osmand:native: End point was found 1886269277 [Native]
06-29 13:26:55.996  3472  6330 W net.osmand:native: [Native] Result visited (visited roads 2, visited segments 2 / 0 , queue sizes 3 / 2 ) 
06-29 13:26:55.996  3472  6330 W net.osmand:native: [Native] Result timing (time to load 0, time to calc 0, loaded tiles 21) 
06-29 13:26:55.996  3472  6330 W net.osmand:native: [Native] Memory occupied (Routing context 473 Kb, search 0 Kb)
06-29 13:26:55.997  3472  6330 I net.osmand:native: No route found
06-29 13:26:56.009  3472  6330 I net.osmand: RoutePlannerFrontEnd Native routing took 0.094 seconds
06-29 13:26:56.009  3472  6330 I System.out: ROUTE : 
06-29 13:26:56.010  3472  6330 I net.osmand: RouteResultPreparation <test regions="" description="" best_percent="" vehicle="car" 
06-29 13:26:56.010  3472  6330 I net.osmand:   start_lat="-7.22991" start_lon="-35.90673" target_lat="-7.23261" target_lon="-35.91307"  routing_time="0.00" loadedTiles="21" visitedSegments="2" complete_distance="0.00" complete_time="0.00" >
06-29 13:26:56.010  3472  6330 I System.out: <test regions="" description="" best_percent="" vehicle="car" 
06-29 13:26:56.010  3472  6330 I System.out:   start_lat="-7.22991" start_lon="-35.90673" target_lat="-7.23261" target_lon="-35.91307"  routing_time="0.00" loadedTiles="21" visitedSegments="2" complete_distance="0.00" complete_time="0.00" >
06-29 13:26:56.010  3472  6330 I System.out: </test>
06-29 13:26:56.010  3472  6330 I System.out: <test regions="" description="" best_percent="" vehicle="car" 
06-29 13:26:56.010  3472  6330 I System.out:   start_lat="-7.22991" start_lon="-35.90673" target_lat="-7.23261" target_lon="-35.91307"  routing_time="0.00" loadedTiles="21" visitedSegments="2" complete_distance="0.00" complete_time="0.00" >
06-29 13:26:56.011  3472  6330 I net.osmand: RouteProvider Finding route contained 0 points for 524 ms
06-29 13:26:56.083  3472  3472 I net.osmand: RoutingHelper Recalculate route, because wrong movement direction: 359.86502
06-29 13:26:56.087  3472  3472 D net.osmand: AbstractPrologCommandPlayer abandonAudioFocus
06-29 13:26:56.088  3472  3472 W MaterialProgressBar: Current drawable is not a MaterialProgressDrawable, you may want to set app:mpb_setBothDrawables
06-29 13:26:56.092  3472  6331 I net.osmand: RouteProvider Start finding route from Location[mProvider=gps,mTime=1561814816000,mLatitude=-7.229998333333333,mLongitude=-35.906931666666665,mHasAltitude=false,mAltitude=0.0,mHasSpeed=true,mSpeed=0.0,mHasBearing=true,mBearing=0.0,mHasAccuracy=true,mAccuracy=20.0 to Lat -7.23261 Lon -35.913074 using OsmAnd (offline)
06-29 13:26:56.094  3472  3496 I net.osmand: MapRenderRepositories RENDER MAP: update due to tile box
06-29 13:26:56.094  3472  3496 I net.osmand: MapRenderRepositories RENDER MAP: Interrupt rendering map
06-29 13:26:56.094  3472  6331 W net.osmand: RouteProvider Use 343 MB Free 0.0390625 of 22.951813 max 384.0
06-29 13:26:56.108  3472  3496 I net.osmand: MapRenderRepositories RENDER MAP: update due to tile box
06-29 13:26:56.108  3472  3496 I net.osmand: MapRenderRepositories RENDER MAP: Interrupt rendering map
06-29 13:26:56.267  3472  3495 I net.osmand: MapRenderRepositories RENDER MAP: new request RotatedTileBox [lat=-7.229981771803076, lon=-35.90693881747558, rotate=0.0, density=2.625, zoom=17, mapDensity=3.9375, zoomAnimation=0.0, zoomFloatPart=0.0, cx=900, cy=1972, pixWidth=1800, pixHeight=2690]
06-29 13:26:56.339  3472  3495 I net.osmand:native: Route objects 119
06-29 13:26:56.339  3472  3495 I net.osmand:native: Ocean: no completed & incompleted coastlines 0
06-29 13:26:56.339  3472  3495 I net.osmand:native: Detailed coastlines = 0, basemap coastlines 0, ocean tile 0.000000. Detailed added 0, basemap processed 1, basemap added 0.
06-29 13:26:56.339  3472  3495 I net.osmand:native: Search : tree - read( 580), accept( 60), objs - visit( 3357), accept(150), in result(119) 
06-29 13:26:56.341  3472  3495 I net.osmand: MapRenderRepositories BLat=-7.232296633720398, TLat=-7.224288773536682, LLong=-35.909393310546875, RLong=-35.90449142456055, zoom=17
06-29 13:26:56.341  3472  3495 I net.osmand: MapRenderRepositories Native search: 73 ms 
06-29 13:26:56.348  3472  3495 I net.osmand:native: Creating SkBitmap in native w:1800 h:2690 s:7200 f:1!
06-29 13:26:56.348  3472  3495 I net.osmand:native: Row bytes for RGBA_8888 is 7200
06-29 13:26:56.348  3472  3495 I net.osmand:native: Locked 19368000 bytes at 0x7e400000
06-29 13:26:56.348  3472  3495 I net.osmand:native: Initializing rendering
06-29 13:26:56.352  3472  3495 I net.osmand:native: Rendering image
06-29 13:26:56.409  3472  3482 I zygote  : Background concurrent copying GC freed 123847(5MB) AllocSpace objects, 22(472KB) LOS objects, 24% free, 18MB/24MB, paused 1.869ms total 492.378ms
06-29 13:26:56.493  3472  3472 I net.osmand: RoutingHelper Recalculate route, because wrong movement direction: 359.86502
06-29 13:26:56.587  3472  3495 I net.osmand:native: Native ok (rendering 19, text 111 ms) 
06-29 13:26:56.587  3472  3495 I net.osmand:native:  (2497 points, 408 points inside, 191 of 214 objects visible)
06-29 13:26:56.587  3472  3495 I net.osmand:native: End Rendering image
06-29 13:26:56.587  3472  3495 I net.osmand:native: Native ok (init 3, rendering 19) 
06-29 13:26:56.589  3472  3495 I net.osmand: MapRenderRepositories true
06-29 13:26:56.686  3472  6331 I net.osmand:native: Start point was found 1886269049 [Native]
06-29 13:26:56.700  3472  6331 I net.osmand:native: End point was found 1886269277 [Native]
06-29 13:26:56.705  3472  6331 W net.osmand:native: [Native] Result visited (visited roads 2, visited segments 2 / 0 , queue sizes 3 / 2 ) 
06-29 13:26:56.705  3472  6331 W net.osmand:native: [Native] Result timing (time to load 0, time to calc 3, loaded tiles 21) 
06-29 13:26:56.705  3472  6331 W net.osmand:native: [Native] Memory occupied (Routing context 473 Kb, search 0 Kb)
06-29 13:26:56.709  3472  6331 I net.osmand:native: No route found
06-29 13:26:56.732  3472  6331 I net.osmand: RoutePlannerFrontEnd Native routing took 0.218 seconds
06-29 13:26:56.732  3472  6331 I System.out: ROUTE : 
06-29 13:26:56.733  3472  6331 I net.osmand: RouteResultPreparation <test regions="" description="" best_percent="" vehicle="car" 
06-29 13:26:56.733  3472  6331 I net.osmand:   start_lat="-7.23000" start_lon="-35.90693" target_lat="-7.23261" target_lon="-35.91307"  routing_time="0.00" loadedTiles="21" visitedSegments="2" complete_distance="0.00" complete_time="0.00" >
06-29 13:26:56.733  3472  6331 I System.out: <test regions="" description="" best_percent="" vehicle="car" 
06-29 13:26:56.733  3472  6331 I System.out:   start_lat="-7.23000" start_lon="-35.90693" target_lat="-7.23261" target_lon="-35.91307"  routing_time="0.00" loadedTiles="21" visitedSegments="2" complete_distance="0.00" complete_time="0.00" >
06-29 13:26:56.733  3472  6331 I System.out: </test>
06-29 13:26:56.733  3472  6331 I System.out: <test regions="" description="" best_percent="" vehicle="car" 
06-29 13:26:56.733  3472  6331 I System.out:   start_lat="-7.23000" start_lon="-35.90693" target_lat="-7.23261" target_lon="-35.91307"  routing_time="0.00" loadedTiles="21" visitedSegments="2" complete_distance="0.00" complete_time="0.00" >
06-29 13:26:56.741  3472  6331 I net.osmand: RouteProvider Finding route contained 0 points for 648 ms
06-29 13:26:57.334  3472  3472 I net.osmand: RoutingHelper Recalculate route, because wrong movement direction: 335.2998
06-29 13:26:57.335  3472  3472 W MaterialProgressBar: Current drawable is not a MaterialProgressDrawable, you may want to set app:mpb_setBothDrawables
06-29 13:26:57.338  3472  6332 I net.osmand: RouteProvider Start finding route from Location[mProvider=gps,mTime=1561814817000,mLatitude=-7.230088333333333,mLongitude=-35.907135000000004,mHasAltitude=false,mAltitude=0.0,mHasSpeed=true,mSpeed=0.0,mHasBearing=true,mBearing=0.0,mHasAccuracy=true,mAccuracy=20.0 to Lat -7.23261 Lon -35.913074 using OsmAnd (offline)
06-29 13:26:57.339  3472  6332 W net.osmand: RouteProvider Use 345 MB Free 4.9609375 of 24.956299 max 384.0
06-29 13:26:57.513  3472  3472 I net.osmand: RoutingHelper Recalculate route, because wrong movement direction: 335.2998
06-29 13:26:57.822  3472  6332 I net.osmand:native: Start point was found 1886269049 [Native]
06-29 13:26:57.831  3472  6332 I net.osmand:native: End point was found 1886269277 [Native]
06-29 13:26:57.832  3472  6332 W net.osmand:native: [Native] Result visited (visited roads 2, visited segments 1 / 0 , queue sizes 3 / 1 ) 
06-29 13:26:57.832  3472  6332 W net.osmand:native: [Native] Result timing (time to load 0, time to calc 0, loaded tiles 21) 
06-29 13:26:57.832  3472  6332 W net.osmand:native: [Native] Memory occupied (Routing context 473 Kb, search 0 Kb)
06-29 13:26:57.835  3472  6332 I net.osmand:native: No route found
06-29 13:26:57.848  3472  6332 I net.osmand: RoutePlannerFrontEnd Native routing took 0.11 seconds
06-29 13:26:57.848  3472  6332 I System.out: ROUTE : 
06-29 13:26:57.848  3472  6332 I net.osmand: RouteResultPreparation <test regions="" description="" best_percent="" vehicle="car" 
06-29 13:26:57.848  3472  6332 I net.osmand:   start_lat="-7.23009" start_lon="-35.90714" target_lat="-7.23261" target_lon="-35.91307"  routing_time="0.00" loadedTiles="21" visitedSegments="2" complete_distance="0.00" complete_time="0.00" >
06-29 13:26:57.849  3472  6332 I System.out: <test regions="" description="" best_percent="" vehicle="car" 
06-29 13:26:57.849  3472  6332 I System.out:   start_lat="-7.23009" start_lon="-35.90714" target_lat="-7.23261" target_lon="-35.91307"  routing_time="0.00" loadedTiles="21" visitedSegments="2" complete_distance="0.00" complete_time="0.00" >
06-29 13:26:57.849  3472  6332 I System.out: </test>
06-29 13:26:57.849  3472  6332 I System.out: <test regions="" description="" best_percent="" vehicle="car" 
06-29 13:26:57.849  3472  6332 I System.out:   start_lat="-7.23009" start_lon="-35.90714" target_lat="-7.23261" target_lon="-35.91307"  routing_time="0.00" loadedTiles="21" visitedSegments="2" complete_distance="0.00" complete_time="0.00" >
06-29 13:26:57.850  3472  6332 I net.osmand: RouteProvider Finding route contained 0 points for 512 ms
06-29 13:26:58.492  3472  3472 I net.osmand: RoutingHelper Recalculate route, because wrong movement direction: 335.2998
06-29 13:26:58.493  3472  3472 W MaterialProgressBar: Current drawable is not a MaterialProgressDrawable, you may want to set app:mpb_setBothDrawables
06-29 13:26:58.510  1964  1964 I GeofencerStateMachine: sendNewTransitions called.
06-29 13:26:58.512  3472  6333 I net.osmand: RouteProvider Start finding route from Location[mProvider=gps,mTime=1561814819000,mLatitude=-7.230088333333333,mLongitude=-35.907135000000004,mHasAltitude=false,mAltitude=0.0,mHasSpeed=true,mSpeed=0.0,mHasBearing=true,mBearing=0.0,mHasAccuracy=true,mAccuracy=20.0 to Lat -7.23261 Lon -35.913074 using OsmAnd (offline)
06-29 13:26:58.515  3472  6333 W net.osmand: RouteProvider Use 342 MB Free 1.9492188 of 24.956299 max 384.0
06-29 13:26:58.772  3472  3472 I net.osmand: RoutingHelper Recalculate route, because wrong movement direction: 310.90424
06-29 13:26:58.979  3472  6333 I net.osmand:native: Start point was found 1886269049 [Native]
06-29 13:26:58.986  3472  6333 I net.osmand:native: End point was found 1886269277 [Native]
06-29 13:26:58.987  3472  6333 W net.osmand:native: [Native] Result visited (visited roads 2, visited segments 1 / 0 , queue sizes 3 / 1 ) 
06-29 13:26:58.987  3472  6333 W net.osmand:native: [Native] Result timing (time to load 0, time to calc 0, loaded tiles 21) 
06-29 13:26:58.988  3472  6333 W net.osmand:native: [Native] Memory occupied (Routing context 473 Kb, search 0 Kb)
06-29 13:26:58.989  3472  6333 I net.osmand:native: No route found
06-29 13:26:59.000  3472  6333 I net.osmand: RoutePlannerFrontEnd Native routing took 0.104 seconds
06-29 13:26:59.001  3472  6333 I System.out: ROUTE : 
06-29 13:26:59.001  3472  6333 I net.osmand: RouteResultPreparation <test regions="" description="" best_percent="" vehicle="car" 
06-29 13:26:59.001  3472  6333 I net.osmand:   start_lat="-7.23009" start_lon="-35.90714" target_lat="-7.23261" target_lon="-35.91307"  routing_time="0.00" loadedTiles="21" visitedSegments="2" complete_distance="0.00" complete_time="0.00" >
06-29 13:26:59.001  3472  6333 I System.out: <test regions="" description="" best_percent="" vehicle="car" 
06-29 13:26:59.001  3472  6333 I System.out:   start_lat="-7.23009" start_lon="-35.90714" target_lat="-7.23261" target_lon="-35.91307"  routing_time="0.00" loadedTiles="21" visitedSegments="2" complete_distance="0.00" complete_time="0.00" >
06-29 13:26:59.001  3472  6333 I System.out: </test>
06-29 13:26:59.001  3472  6333 I System.out: <test regions="" description="" best_percent="" vehicle="car" 
06-29 13:26:59.002  3472  6333 I System.out:   start_lat="-7.23009" start_lon="-35.90714" target_lat="-7.23261" target_lon="-35.91307"  routing_time="0.00" loadedTiles="21" visitedSegments="2" complete_distance="0.00" complete_time="0.00" >
06-29 13:26:59.002  3472  6333 I net.osmand: RouteProvider Finding route contained 0 points for 491 ms
06-29 13:26:59.101  3472  3482 I zygote  : Background concurrent copying GC freed 146438(6MB) AllocSpace objects, 24(504KB) LOS objects, 24% free, 18MB/24MB, paused 1.378ms total 367.684ms
06-29 13:26:59.485  3472  3472 I net.osmand: RoutingHelper Recalculate route, because wrong movement direction: 310.90424
06-29 13:26:59.485  3472  3472 W MaterialProgressBar: Current drawable is not a MaterialProgressDrawable, you may want to set app:mpb_setBothDrawables
06-29 13:26:59.487  3472  6334 I net.osmand: RouteProvider Start finding route from Location[mProvider=gps,mTime=1561814820000,mLatitude=-7.230178333333333,mLongitude=-35.907336666666666,mHasAltitude=false,mAltitude=0.0,mHasSpeed=true,mSpeed=0.0,mHasBearing=true,mBearing=0.0,mHasAccuracy=true,mAccuracy=20.0 to Lat -7.23261 Lon -35.913074 using OsmAnd (offline)
06-29 13:26:59.488  3472  6334 W net.osmand: RouteProvider Use 346 MB Free 5.921875 of 24.994347 max 384.0
06-29 13:26:59.791  3472  6334 I net.osmand:native: Start point was found 1886269049 [Native]
06-29 13:26:59.798  3472  6334 I net.osmand:native: End point was found 1886269277 [Native]
06-29 13:26:59.798  3472  6334 W net.osmand:native: [Native] Result visited (visited roads 2, visited segments 1 / 0 , queue sizes 3 / 1 ) 
06-29 13:26:59.798  3472  6334 W net.osmand:native: [Native] Result timing (time to load 0, time to calc 0, loaded tiles 21) 
06-29 13:26:59.798  3472  6334 W net.osmand:native: [Native] Memory occupied (Routing context 473 Kb, search 0 Kb)
06-29 13:26:59.799  3472  6334 I net.osmand:native: No route found
06-29 13:26:59.808  3472  6334 I net.osmand: RoutePlannerFrontEnd Native routing took 0.064 seconds
06-29 13:26:59.809  3472  6334 I System.out: ROUTE : 
06-29 13:26:59.809  3472  6334 I net.osmand: RouteResultPreparation <test regions="" description="" best_percent="" vehicle="car" 
06-29 13:26:59.809  3472  6334 I net.osmand:   start_lat="-7.23018" start_lon="-35.90734" target_lat="-7.23261" target_lon="-35.91307"  routing_time="0.00" loadedTiles="21" visitedSegments="2" complete_distance="0.00" complete_time="0.00" >
06-29 13:26:59.809  3472  6334 I System.out: <test regions="" description="" best_percent="" vehicle="car" 
06-29 13:26:59.809  3472  6334 I System.out:   start_lat="-7.23018" start_lon="-35.90734" target_lat="-7.23261" target_lon="-35.91307"  routing_time="0.00" loadedTiles="21" visitedSegments="2" complete_distance="0.00" complete_time="0.00" >
06-29 13:26:59.809  3472  6334 I System.out: </test>
06-29 13:26:59.809  3472  6334 I System.out: <test regions="" description="" best_percent="" vehicle="car" 
06-29 13:26:59.809  3472  6334 I System.out:   start_lat="-7.23018" start_lon="-35.90734" target_lat="-7.23261" target_lon="-35.91307"  routing_time="0.00" loadedTiles="21" visitedSegments="2" complete_distance="0.00" complete_time="0.00" >
06-29 13:26:59.809  3472  6334 I net.osmand: RouteProvider Finding route contained 0 points for 322 ms
06-29 13:26:59.887  3472  3472 I net.osmand: RoutingHelper Recalculate route, because wrong movement direction: 286.34015
06-29 13:26:59.888  3472  3472 W MaterialProgressBar: Current drawable is not a MaterialProgressDrawable, you may want to set app:mpb_setBothDrawables
06-29 13:26:59.890  3472  6335 I net.osmand: RouteProvider Start finding route from Location[mProvider=gps,mTime=1561814820000,mLatitude=-7.230268333333333,mLongitude=-35.907540000000004,mHasAltitude=false,mAltitude=0.0,mHasSpeed=true,mSpeed=0.0,mHasBearing=true,mBearing=0.0,mHasAccuracy=true,mAccuracy=20.0 to Lat -7.23261 Lon -35.913074 using OsmAnd (offline)
06-29 13:26:59.891  3472  6335 W net.osmand: RouteProvider Use 343 MB Free 3.0039062 of 24.994347 max 384.0
06-29 13:27:00.015  1600  1613 E memtrack: Couldn't load memtrack module
06-29 13:27:00.015  1600  1613 W android.os.Debug: failed to get memory consumption info: -1
06-29 13:27:00.205  5485  5517 I Dialer  : OmtpVvmCarrierCfgHlpr - OmtpEvent:CONFIG_STATUS_SMS_TIME_OUT
06-29 13:27:00.206  5485  5485 I Dialer  : RetryPolicy - discarding deferred status: configuration_state=4
06-29 13:27:00.211  5485  5485 I Dialer  : VvmTaskExecutor - no more tasks, stopping service if no task are added in 5000 millis
06-29 13:27:00.252  5485  5485 I Dialer  : VvmTaskReceiver - task received
06-29 13:27:00.253  5485  5485 I Dialer  : VvmTaskReceiver - TaskExecutor already running
06-29 13:27:00.256  5485  5485 I Dialer  : Task.createTask - create task:com.android.voicemail.impl.ActivationTask
06-29 13:27:00.257  5485  5485 I Dialer  : RetryPolicy - retry #4 for com.android.voicemail.impl.ActivationTask@102637c queued, executing in 5000
06-29 13:27:00.257  5485  5485 I Dialer  : VvmTaskExecutor - com.android.voicemail.impl.ActivationTask@102637c added
06-29 13:27:00.257  5485  5485 I Dialer  : VvmTaskExecutor - minimal wait time:4999
06-29 13:27:00.258  5485  5485 I Dialer  : VvmTaskExecutor - sleep for 4999 millis
06-29 13:27:00.290  3472  6335 I net.osmand:native: Start point was found 1886269049 [Native]
06-29 13:27:00.301  3472  6335 I net.osmand:native: End point was found 1886269277 [Native]
06-29 13:27:00.301  3472  6335 W net.osmand:native: [Native] Result visited (visited roads 2, visited segments 1 / 0 , queue sizes 3 / 1 ) 
06-29 13:27:00.301  3472  6335 W net.osmand:native: [Native] Result timing (time to load 0, time to calc 0, loaded tiles 21) 
06-29 13:27:00.301  3472  6335 W net.osmand:native: [Native] Memory occupied (Routing context 473 Kb, search 0 Kb)
06-29 13:27:00.303  3472  6335 I net.osmand:native: No route found
06-29 13:27:00.317  3472  6335 I net.osmand: RoutePlannerFrontEnd Native routing took 0.122 seconds
06-29 13:27:00.317  3472  6335 I System.out: ROUTE : 
06-29 13:27:00.318  3472  6335 I net.osmand: RouteResultPreparation <test regions="" description="" best_percent="" vehicle="car" 
06-29 13:27:00.318  3472  6335 I net.osmand:   start_lat="-7.23027" start_lon="-35.90754" target_lat="-7.23261" target_lon="-35.91307"  routing_time="0.00" loadedTiles="21" visitedSegments="2" complete_distance="0.00" complete_time="0.00" >
06-29 13:27:00.318  3472  6335 I System.out: <test regions="" description="" best_percent="" vehicle="car" 
06-29 13:27:00.318  3472  6335 I System.out:   start_lat="-7.23027" start_lon="-35.90754" target_lat="-7.23261" target_lon="-35.91307"  routing_time="0.00" loadedTiles="21" visitedSegments="2" complete_distance="0.00" complete_time="0.00" >
06-29 13:27:00.318  3472  6335 I System.out: </test>
06-29 13:27:00.318  3472  6335 I System.out: <test regions="" description="" best_percent="" vehicle="car" 
06-29 13:27:00.318  3472  6335 I System.out:   start_lat="-7.23027" start_lon="-35.90754" target_lat="-7.23261" target_lon="-35.91307"  routing_time="0.00" loadedTiles="21" visitedSegments="2" complete_distance="0.00" complete_time="0.00" >
06-29 13:27:00.318  3472  6335 I net.osmand: RouteProvider Finding route contained 0 points for 428 ms
06-29 13:27:00.377  3472  3482 I zygote  : Background concurrent copying GC freed 126361(5MB) AllocSpace objects, 31(676KB) LOS objects, 24% free, 18MB/24MB, paused 1.540ms total 220.367ms
06-29 13:27:00.488  3472  3472 I net.osmand: RoutingHelper Recalculate route, because wrong movement direction: 286.34015
06-29 13:27:00.488  3472  3472 D net.osmand: AbstractPrologCommandPlayer abandonAudioFocus
06-29 13:27:00.490  3472  3472 W MaterialProgressBar: Current drawable is not a MaterialProgressDrawable, you may want to set app:mpb_setBothDrawables
06-29 13:27:00.494  3472  6336 I net.osmand: RouteProvider Start finding route from Location[mProvider=gps,mTime=1561814821000,mLatitude=-7.230268333333333,mLongitude=-35.907540000000004,mHasAltitude=false,mAltitude=0.0,mHasSpeed=true,mSpeed=0.0,mHasBearing=true,mBearing=0.0,mHasAccuracy=true,mAccuracy=20.0 to Lat -7.23261 Lon -35.913074 using OsmAnd (offline)
06-29 13:27:00.494  3472  6336 W net.osmand: RouteProvider Use 347 MB Free 5.953125 of 24.274948 max 384.0
06-29 13:27:00.772  3472  6336 I net.osmand:native: Start point was found 1886269049 [Native]
06-29 13:27:00.779  3472  6336 I net.osmand:native: End point was found 1886269277 [Native]
06-29 13:27:00.799  3472  6336 W net.osmand:native: [Native] Result visited (visited roads 20, visited segments 53 / 17 , queue sizes 40 / 19 ) 
06-29 13:27:00.799  3472  6336 W net.osmand:native: [Native] Result timing (time to load 0, time to calc 19, loaded tiles 27) 
06-29 13:27:00.799  3472  6336 W net.osmand:native: [Native] Memory occupied (Routing context 608 Kb, search 1 Kb)
06-29 13:27:00.799  3472  6336 I net.osmand:native: Routing calculated time distance 52.803055
06-29 13:27:00.820  3472  6336 I net.osmand: RoutePlannerFrontEnd Native routing took 0.097 seconds
06-29 13:27:00.825  3472  6336 I System.out: ROUTE : 
06-29 13:27:00.825  3472  6336 I net.osmand: RouteResultPreparation <test regions="" description="" best_percent="" vehicle="car" 
06-29 13:27:00.825  3472  6336 I net.osmand:   start_lat="-7.23027" start_lon="-35.90754" target_lat="-7.23261" target_lon="-35.91307"  routing_time="52.80" loadedTiles="27" visitedSegments="20" complete_distance="865.64" complete_time="49.05" >
06-29 13:27:00.825  3472  6336 I System.out: <test regions="" description="" best_percent="" vehicle="car" 
06-29 13:27:00.826  3472  6336 I System.out:   start_lat="-7.23027" start_lon="-35.90754" target_lat="-7.23261" target_lon="-35.91307"  routing_time="52.80" loadedTiles="27" visitedSegments="20" complete_distance="865.64" complete_time="49.05" >
06-29 13:27:00.826  3472  6336 I System.out: </test>
06-29 13:27:00.826  3472  6336 I System.out: <test regions="" description="" best_percent="" vehicle="car" 
06-29 13:27:00.826  3472  6336 I System.out:   start_lat="-7.23027" start_lon="-35.90754" target_lat="-7.23261" target_lon="-35.91307"  routing_time="52.80" loadedTiles="27" visitedSegments="20" complete_distance="865.64" complete_time="49.05" >
06-29 13:27:00.830  3472  6336 I net.osmand: RouteProvider Finding route contained 15 points for 337 ms
06-29 13:27:01.050  1964  6226 W Conscrypt: Could not set socket write timeout: java.net.SocketException: Socket closed
06-29 13:27:01.051  1964  6226 W Conscrypt: 	at com.google.android.gms.org.conscrypt.Platform.setSocketWriteTimeout(:com.google.android.gms@17785022@17.7.85 (040700-253824076):2)
06-29 13:27:01.051  1964  6226 W Conscrypt: 	at com.google.android.gms.org.conscrypt.ConscryptFileDescriptorSocket.setSoWriteTimeout(:com.google.android.gms@17785022@17.7.85 (040700-253824076):2)
06-29 13:27:01.078  1964  5422 V NativeCrypto: Read error: ssl=0x9cce6b98: Failure in SSL library, usually a protocol error
06-29 13:27:01.078  1964  5422 V NativeCrypto: error:100000d7:SSL routines:OPENSSL_internal:SSL_HANDSHAKE_FAILURE (third_party/openssl/boringssl/src/ssl/ssl_lib.cc:1024 0x88dda9ff:0x00000000)
06-29 13:27:01.298  3472  3472 I net.osmand: TTSCommandPlayerImpl Send message to pebble aps  300 metros entre na rotunda  e  saia na  terceira  sada na   Avenida Marechal Floriano Peixoto 
06-29 13:27:01.298  3472  3472 D net.osmand: AbstractPrologCommandPlayer requestAudioFocus
06-29 13:27:01.298  3472  3472 W AudioManager: Use of stream types is deprecated for operations other than volume control
06-29 13:27:01.298  3472  3472 W AudioManager: See the documentation of requestAudioFocus() for what to use instead with android.media.AudioAttributes to qualify your playback use case
06-29 13:27:01.299  1600  3913 I MediaFocusControl: requestAudioFocus() from uid/pid 10104/3472 clientId=android.media.AudioManager@d05fab5net.osmand.plus.api.AudioFocusHelperImpl@d125b8e callingPack=net.osmand req=3 flags=0x0 sdk=26
06-29 13:27:01.303  3472  3472 D net.osmand: TTSCommandPlayerImpl ttsRequests=1
06-29 13:27:01.313  5191  5280 I TTS.GoogleTTSServiceImp: Synthesis request for locale por-BRA and name pt-BR-language
06-29 13:27:01.317  5191  5280 I TTS.GoogleTTSServiceImp: TTS dispatch: pt-br-x-afs-lstm-embedded
06-29 13:27:01.545  5191  5294 D AudioTrack: Client defaulted notificationFrames to 1365 for frameCount 4096
06-29 13:27:01.572  1600  4486 V MediaRouterService: restoreBluetoothA2dp(false)
06-29 13:27:01.580  1390  2659 W audio_hw_generic: Not supplying enough data to HAL, expected position 3408722 , only wrote 3408480
06-29 13:27:03.890  1473  1561 D AudioFlinger: mixer(0xa6c83380) throttle end: throttle time(3)
06-29 13:27:03.953  3472  3472 D net.osmand: RoutingHelper Processed point bearing deltas : 35.759605407714844 0.5180282592773438
06-29 13:27:04.066  3472  3472 I net.osmand: RoutingHelper Recalculate route, because wrong movement direction: 282.5443
06-29 13:27:04.066  5191  5240 D AudioTrack: stop() called with 57344 frames delivered
06-29 13:27:04.070  3472  3472 D net.osmand: AbstractPrologCommandPlayer abandonAudioFocus
06-29 13:27:04.077  1600  1611 I MediaFocusControl: abandonAudioFocus() from uid/pid 10104/3472 clientId=android.media.AudioManager@d05fab5net.osmand.plus.api.AudioFocusHelperImpl@d125b8e
06-29 13:27:04.088  3472  3472 W MaterialProgressBar: Current drawable is not a MaterialProgressDrawable, you may want to set app:mpb_setBothDrawables
06-29 13:27:04.095  3472  6339 I net.osmand: RouteProvider Start finding route from Location[mProvider=gps,mTime=1561814824000,mLatitude=-7.230281666666667,mLongitude=-35.90757166666666,mHasAltitude=false,mAltitude=0.0,mHasSpeed=true,mSpeed=0.0,mHasBearing=true,mBearing=0.0,mHasAccuracy=true,mAccuracy=20.0 to Lat -7.23261 Lon -35.913074 using OsmAnd (offline)
06-29 13:27:04.104  3472  5324 D net.osmand: AbstractPrologCommandPlayer abandonAudioFocus
06-29 13:27:04.105  3472  5324 D net.osmand: TTSCommandPlayerImpl ttsRequests=-1
06-29 13:27:04.106  3472  6339 W net.osmand: RouteProvider Use 344 MB Free 2.563507 of 24.274948 max 384.0
06-29 13:27:04.572  3472  3472 I net.osmand: RoutingHelper Recalculate route, because wrong movement direction: 282.5443
06-29 13:27:04.647  3472  6339 I net.osmand:native: Start point was found 1886269049 [Native]
06-29 13:27:04.679  3472  6339 I net.osmand:native: End point was found 1886269277 [Native]
06-29 13:27:04.680  3472  6339 W net.osmand:native: [Native] Result visited (visited roads 2, visited segments 1 / 0 , queue sizes 3 / 1 ) 
06-29 13:27:04.680  3472  6339 W net.osmand:native: [Native] Result timing (time to load 0, time to calc 0, loaded tiles 21) 
06-29 13:27:04.680  3472  6339 W net.osmand:native: [Native] Memory occupied (Routing context 473 Kb, search 0 Kb)
06-29 13:27:04.682  3472  6339 I net.osmand:native: No route found
06-29 13:27:04.706  3472  6339 I net.osmand: RoutePlannerFrontEnd Native routing took 0.157 seconds
06-29 13:27:04.706  3472  6339 I System.out: ROUTE : 
06-29 13:27:04.707  3472  6339 I net.osmand: RouteResultPreparation <test regions="" description="" best_percent="" vehicle="car" 
06-29 13:27:04.707  3472  6339 I net.osmand:   start_lat="-7.23028" start_lon="-35.90757" target_lat="-7.23261" target_lon="-35.91307"  routing_time="0.00" loadedTiles="21" visitedSegments="2" complete_distance="0.00" complete_time="0.00" >
06-29 13:27:04.707  3472  6339 I System.out: <test regions="" description="" best_percent="" vehicle="car" 
06-29 13:27:04.707  3472  6339 I System.out:   start_lat="-7.23028" start_lon="-35.90757" target_lat="-7.23261" target_lon="-35.91307"  routing_time="0.00" loadedTiles="21" visitedSegments="2" complete_distance="0.00" complete_time="0.00" >
06-29 13:27:04.707  3472  6339 I System.out: </test>
06-29 13:27:04.708  3472  6339 I System.out: <test regions="" description="" best_percent="" vehicle="car" 
06-29 13:27:04.708  3472  6339 I System.out:   start_lat="-7.23028" start_lon="-35.90757" target_lat="-7.23261" target_lon="-35.91307"  routing_time="0.00" loadedTiles="21" visitedSegments="2" complete_distance="0.00" complete_time="0.00" >
06-29 13:27:04.722  3472  6339 I net.osmand: RouteProvider Finding route contained 0 points for 632 ms
06-29 13:27:04.802  3472  3482 I zygote  : Background concurrent copying GC freed 139117(6MB) AllocSpace objects, 16(316KB) LOS objects, 24% free, 18MB/24MB, paused 1.576ms total 345.107ms
06-29 13:27:05.169  3472  3472 I net.osmand: RoutingHelper Recalculate route, because wrong movement direction: 282.5443
06-29 13:27:05.170  3472  3472 W MaterialProgressBar: Current drawable is not a MaterialProgressDrawable, you may want to set app:mpb_setBothDrawables
06-29 13:27:05.185  3472  6340 I net.osmand: RouteProvider Start finding route from Location[mProvider=gps,mTime=1561814825000,mLatitude=-7.230281666666667,mLongitude=-35.90757166666666,mHasAltitude=false,mAltitude=0.0,mHasSpeed=true,mSpeed=0.0,mHasBearing=true,mBearing=0.0,mHasAccuracy=true,mAccuracy=20.0 to Lat -7.23261 Lon -35.913074 using OsmAnd (offline)
06-29 13:27:05.185  3472  6340 W net.osmand: RouteProvider Use 347 MB Free 5.96875 of 24.306992 max 384.0
06-29 13:27:05.261  5485  5517 I Dialer  : VvmTaskExecutor - executing task com.android.voicemail.impl.ActivationTask@102637c
06-29 13:27:05.273  5485  5517 I Dialer  : PreOMigrationHandler - ComponentInfo{com.android.phone/com.android.services.telephony.TelephonyConnectionService}, [****], UserHandle{0} already migrated
06-29 13:27:05.319  1964  6226 W Conscrypt: Could not set socket write timeout: java.net.SocketException: Socket closed
06-29 13:27:05.319  1964  6226 W Conscrypt: 	at com.google.android.gms.org.conscrypt.Platform.setSocketWriteTimeout(:com.google.android.gms@17785022@17.7.85 (040700-253824076):2)
06-29 13:27:05.319  1964  6226 W Conscrypt: 	at com.google.android.gms.org.conscrypt.ConscryptFileDescriptorSocket.setSoWriteTimeout(:com.google.android.gms@17785022@17.7.85 (040700-253824076):2)
06-29 13:27:05.331  1600  1613 E memtrack: Couldn't load memtrack module
06-29 13:27:05.331  1600  1613 W android.os.Debug: failed to get memory consumption info: -1
06-29 13:27:05.381  5485  5517 I Dialer  : VvmActivationTask - VVM content provider configured - vvm_type_cvvm
06-29 13:27:05.386  5485  5517 I Dialer  : OmtpVvmCarrierCfgHlpr - OmtpEvent:CONFIG_ACTIVATING
06-29 13:27:05.452  5485  5517 I Dialer  : TelephonyMangerCompat.setVisualVoicemailSmsFilterSettings - using TelephonyManager
06-29 13:27:05.469  5485  5517 I Dialer  : TelephonyMangerCompat.sendVisualVoicemailSms - using TelephonyManager
06-29 13:27:05.484  3472  3472 I net.osmand: RoutingHelper Recalculate route, because wrong movement direction: 282.5443
06-29 13:27:05.745  3472  6340 I net.osmand:native: Start point was found 1886269049 [Native]
06-29 13:27:05.757  3472  6340 I net.osmand:native: End point was found 1886269277 [Native]
06-29 13:27:05.759  3472  6340 W net.osmand:native: [Native] Result visited (visited roads 2, visited segments 1 / 0 , queue sizes 3 / 1 ) 
06-29 13:27:05.759  3472  6340 W net.osmand:native: [Native] Result timing (time to load 0, time to calc 2, loaded tiles 21) 
06-29 13:27:05.759  3472  6340 W net.osmand:native: [Native] Memory occupied (Routing context 473 Kb, search 0 Kb)
06-29 13:27:05.761  3472  6340 I net.osmand:native: No route found
06-29 13:27:05.777  3472  6340 I net.osmand: RoutePlannerFrontEnd Native routing took 0.15 seconds
06-29 13:27:05.777  3472  6340 I System.out: ROUTE : 
06-29 13:27:05.778  3472  6340 I net.osmand: RouteResultPreparation <test regions="" description="" best_percent="" vehicle="car" 
06-29 13:27:05.778  3472  6340 I net.osmand:   start_lat="-7.23028" start_lon="-35.90757" target_lat="-7.23261" target_lon="-35.91307"  routing_time="0.00" loadedTiles="21" visitedSegments="2" complete_distance="0.00" complete_time="0.00" >
06-29 13:27:05.778  3472  6340 I System.out: <test regions="" description="" best_percent="" vehicle="car" 
06-29 13:27:05.778  3472  6340 I System.out:   start_lat="-7.23028" start_lon="-35.90757" target_lat="-7.23261" target_lon="-35.91307"  routing_time="0.00" loadedTiles="21" visitedSegments="2" complete_distance="0.00" complete_time="0.00" >
06-29 13:27:05.778  3472  6340 I System.out: </test>
06-29 13:27:05.778  3472  6340 I System.out: <test regions="" description="" best_percent="" vehicle="car" 
06-29 13:27:05.778  3472  6340 I System.out:   start_lat="-7.23028" start_lon="-35.90757" target_lat="-7.23261" target_lon="-35.91307"  routing_time="0.00" loadedTiles="21" visitedSegments="2" complete_distance="0.00" complete_time="0.00" >
06-29 13:27:05.778  3472  6340 I net.osmand: RouteProvider Finding route contained 0 points for 594 ms
06-29 13:27:06.455  3472  3472 I net.osmand: RoutingHelper Recalculate route, because wrong movement direction: 257.88367
06-29 13:27:06.456  3472  3472 W MaterialProgressBar: Current drawable is not a MaterialProgressDrawable, you may want to set app:mpb_setBothDrawables
06-29 13:27:06.461  3472  6343 I net.osmand: RouteProvider Start finding route from Location[mProvider=gps,mTime=1561814826000,mLatitude=-7.230369999999999,mLongitude=-35.90777666666667,mHasAltitude=false,mAltitude=0.0,mHasSpeed=true,mSpeed=0.0,mHasBearing=true,mBearing=0.0,mHasAccuracy=true,mAccuracy=20.0 to Lat -7.23261 Lon -35.913074 using OsmAnd (offline)
06-29 13:27:06.467  3472  6343 W net.osmand: RouteProvider Use 344 MB Free 3.0039062 of 24.306992 max 384.0
06-29 13:27:06.528  1964  5422 W GLSUser : [DeviceKeyStore] Cannot load key: Device key file not found.
06-29 13:27:06.642  1600  1611 I WifiService: getConnectionInfo uid=10014
06-29 13:27:06.644  3472  3472 I net.osmand: RoutingHelper Recalculate route, because wrong movement direction: 257.88367
06-29 13:27:06.695  1964  6345 E WakeLock: GCM_HB_ALARM release without a matched acquire!
06-29 13:27:06.695  1964  6345 W WakeLock: GCM_HB_ALARM counter does not exist
06-29 13:27:07.081  3472  6343 I net.osmand:native: Start point was found 1886269049 [Native]
06-29 13:27:07.088  3472  6343 I net.osmand:native: End point was found 1886269277 [Native]
06-29 13:27:07.088  3472  6343 W net.osmand:native: [Native] Result visited (visited roads 2, visited segments 1 / 0 , queue sizes 3 / 1 ) 
06-29 13:27:07.088  3472  6343 W net.osmand:native: [Native] Result timing (time to load 0, time to calc 0, loaded tiles 21) 
06-29 13:27:07.088  3472  6343 W net.osmand:native: [Native] Memory occupied (Routing context 473 Kb, search 0 Kb)
06-29 13:27:07.090  3472  6343 I net.osmand:native: No route found
06-29 13:27:07.106  3472  6343 I net.osmand: RoutePlannerFrontEnd Native routing took 0.106 seconds
06-29 13:27:07.106  3472  6343 I System.out: ROUTE : 
06-29 13:27:07.106  3472  6343 I net.osmand: RouteResultPreparation <test regions="" description="" best_percent="" vehicle="car" 
06-29 13:27:07.106  3472  6343 I net.osmand:   start_lat="-7.23037" start_lon="-35.90778" target_lat="-7.23261" target_lon="-35.91307"  routing_time="0.00" loadedTiles="21" visitedSegments="2" complete_distance="0.00" complete_time="0.00" >
06-29 13:27:07.106  3472  6343 I System.out: <test regions="" description="" best_percent="" vehicle="car" 
06-29 13:27:07.106  3472  6343 I System.out:   start_lat="-7.23037" start_lon="-35.90778" target_lat="-7.23261" target_lon="-35.91307"  routing_time="0.00" loadedTiles="21" visitedSegments="2" complete_distance="0.00" complete_time="0.00" >
06-29 13:27:07.106  3472  6343 I System.out: </test>
06-29 13:27:07.106  3472  6343 I System.out: <test regions="" description="" best_percent="" vehicle="car" 
06-29 13:27:07.106  3472  6343 I System.out:   start_lat="-7.23037" start_lon="-35.90778" target_lat="-7.23261" target_lon="-35.91307"  routing_time="0.00" loadedTiles="21" visitedSegments="2" complete_distance="0.00" complete_time="0.00" >
06-29 13:27:07.108  3472  6343 I net.osmand: RouteProvider Finding route contained 0 points for 648 ms
06-29 13:27:07.116  1390  1390 W audio_hw_generic: Not supplying enough data to HAL, expected position 3939069 , only wrote 3674160
06-29 13:27:07.217  3472  3482 I zygote  : Background concurrent copying GC freed 117546(5MB) AllocSpace objects, 28(628KB) LOS objects, 24% free, 18MB/24MB, paused 1.220ms total 227.539ms
06-29 13:27:07.503  3472  3472 I net.osmand: RoutingHelper Recalculate route, because wrong movement direction: 257.88367
06-29 13:27:07.504  3472  3472 D net.osmand: AbstractPrologCommandPlayer abandonAudioFocus
06-29 13:27:07.514  3472  3472 W MaterialProgressBar: Current drawable is not a MaterialProgressDrawable, you may want to set app:mpb_setBothDrawables
06-29 13:27:07.528  3472  6349 I net.osmand: RouteProvider Start finding route from Location[mProvider=gps,mTime=1561814828000,mLatitude=-7.230369999999999,mLongitude=-35.90777666666667,mHasAltitude=false,mAltitude=0.0,mHasSpeed=true,mSpeed=0.0,mHasBearing=true,mBearing=0.0,mHasAccuracy=true,mAccuracy=20.0 to Lat -7.23261 Lon -35.913074 using OsmAnd (offline)
06-29 13:27:07.528  3472  6349 W net.osmand: RouteProvider Use 347 MB Free 5.921875 of 24.194183 max 384.0
06-29 13:27:07.844  3472  3472 I net.osmand: RoutingHelper Recalculate route, because wrong movement direction: 233.29536
06-29 13:27:07.850  3472  3496 I net.osmand: MapRenderRepositories RENDER MAP: update due to tile box
06-29 13:27:07.850  3472  3496 I net.osmand: MapRenderRepositories RENDER MAP: Interrupt rendering map
06-29 13:27:07.870  3472  3495 I net.osmand: MapRenderRepositories RENDER MAP: new request RotatedTileBox [lat=-7.230435992017299, lon=-35.907990592414436, rotate=0.0, density=2.625, zoom=17, mapDensity=3.9375, zoomAnimation=0.0, zoomFloatPart=0.0, cx=900, cy=1972, pixWidth=1800, pixHeight=2690]
06-29 13:27:07.986  3472  3495 I net.osmand:native: Route objects 107
06-29 13:27:07.986  3472  3495 I net.osmand:native: Ocean: no completed & incompleted coastlines 0
06-29 13:27:07.986  3472  3495 I net.osmand:native: Detailed coastlines = 0, basemap coastlines 0, ocean tile 0.000000. Detailed added 0, basemap processed 1, basemap added 0.
06-29 13:27:07.988  3472  3495 I net.osmand:native: Search : tree - read( 620), accept( 63), objs - visit( 3437), accept(138), in result(107) 
06-29 13:27:07.989  3472  3495 I net.osmand: MapRenderRepositories BLat=-7.232743930816651, TLat=-7.22473554611206, LLong=-35.91044616699219, RLong=-35.905540466308594, zoom=17
06-29 13:27:07.992  3472  3495 I net.osmand: MapRenderRepositories Native search: 120 ms 
06-29 13:27:08.010  3472  3495 I net.osmand:native: Creating SkBitmap in native w:1800 h:2690 s:7200 f:1!
06-29 13:27:08.010  3472  3495 I net.osmand:native: Row bytes for RGBA_8888 is 7200
