07-18 16:34:47.907  1956 15568 E Uploader: 	at com.android.okhttp.internal.http.StreamAllocation.findConnection(StreamAllocation.java:184)
07-18 16:34:47.907  1956 15568 E Uploader: 	at com.android.okhttp.internal.http.StreamAllocation.findHealthyConnection(StreamAllocation.java:126)
07-18 16:34:47.907  1956 15568 E Uploader: 	at com.android.okhttp.internal.http.StreamAllocation.newStream(StreamAllocation.java:95)
07-18 16:34:47.907  1956 15568 E Uploader: 	at com.android.okhttp.internal.http.HttpEngine.connect(HttpEngine.java:281)
07-18 16:34:47.907  1956 15568 E Uploader: 	at com.android.okhttp.internal.http.HttpEngine.sendRequest(HttpEngine.java:224)
07-18 16:34:47.907  1956 15568 E Uploader: 	at com.android.okhttp.internal.huc.HttpURLConnectionImpl.execute(HttpURLConnectionImpl.java:461)
07-18 16:34:47.907  1956 15568 E Uploader: 	at com.android.okhttp.internal.huc.HttpURLConnectionImpl.connect(HttpURLConnectionImpl.java:127)
07-18 16:34:47.907  1956 15568 E Uploader: 	at com.android.okhttp.internal.huc.HttpURLConnectionImpl.getOutputStream(HttpURLConnectionImpl.java:258)
07-18 16:34:47.907  1956 15568 E Uploader: 	at com.android.okhttp.internal.huc.DelegatingHttpsURLConnection.getOutputStream(DelegatingHttpsURLConnection.java:218)
07-18 16:34:47.907  1956 15568 E Uploader: 	at com.android.okhttp.internal.huc.HttpsURLConnectionImpl.getOutputStream(Unknown Source:0)
07-18 16:34:47.907  1956 15568 E Uploader: 	at acdd.a(:com.google.android.gms@17785022@17.7.85 (040700-253824076):26)
07-18 16:34:47.907  1956 15568 E Uploader: 	at acdd.execute(:com.google.android.gms@17785022@17.7.85 (040700-253824076):8)
07-18 16:34:47.907  1956 15568 E Uploader: 	at acdd.execute(:com.google.android.gms@17785022@17.7.85 (040700-253824076):7)
07-18 16:34:47.907  1956 15568 E Uploader: 	at rdf.a(:com.google.android.gms@17785022@17.7.85 (040700-253824076):10)
07-18 16:34:47.907  1956 15568 E Uploader: 	at rdf.a(:com.google.android.gms@17785022@17.7.85 (040700-253824076):56)
07-18 16:34:47.907  1956 15568 E Uploader: 	at rdz.a(:com.google.android.gms@17785022@17.7.85 (040700-253824076):159)
07-18 16:34:47.907  1956 15568 E Uploader: 	at rdz.a(:com.google.android.gms@17785022@17.7.85 (040700-253824076):312)
07-18 16:34:47.907  1956 15568 E Uploader: 	at com.google.android.gms.clearcut.uploader.QosUploaderChimeraService.a(:com.google.android.gms@17785022@17.7.85 (040700-253824076):83)
07-18 16:34:47.907  1956 15568 E Uploader: 	at com.google.android.gms.clearcut.uploader.QosUploaderChimeraService.a(:com.google.android.gms@17785022@17.7.85 (040700-253824076):9)
07-18 16:34:47.907  1956 15568 E Uploader: 	at aezd.run(:com.google.android.gms@17785022@17.7.85 (040700-253824076):5)
07-18 16:34:47.907  1956 15568 E Uploader: 	at squ.b(:com.google.android.gms@17785022@17.7.85 (040700-253824076):37)
07-18 16:34:47.907  1956 15568 E Uploader: 	at squ.run(:com.google.android.gms@17785022@17.7.85 (040700-253824076):21)
07-18 16:34:47.907  1956 15568 E Uploader: 	at java.util.concurrent.ThreadPoolExecutor.runWorker(ThreadPoolExecutor.java:1162)
07-18 16:34:47.907  1956 15568 E Uploader: 	at java.util.concurrent.ThreadPoolExecutor$Worker.run(ThreadPoolExecutor.java:636)
07-18 16:34:47.907  1956 15568 E Uploader: 	at swz.run(Unknown Source:7)
07-18 16:34:47.907  1956 15568 E Uploader: 	at java.lang.Thread.run(Thread.java:764)
07-18 16:34:47.977  1956 15244 E PhenotypeFlagCommitter: Retrieving snapshot for com.google.android.gms.playlog.uploader failed
07-18 16:34:47.977  1956 15244 E PhenotypeFlagCommitter: java.lang.InterruptedException
07-18 16:34:47.977  1956 15244 E PhenotypeFlagCommitter: 	at java.util.concurrent.locks.AbstractQueuedSynchronizer.doAcquireSharedNanos(AbstractQueuedSynchronizer.java:1063)
07-18 16:34:47.977  1956 15244 E PhenotypeFlagCommitter: 	at java.util.concurrent.locks.AbstractQueuedSynchronizer.tryAcquireSharedNanos(AbstractQueuedSynchronizer.java:1352)
07-18 16:34:47.977  1956 15244 E PhenotypeFlagCommitter: 	at java.util.concurrent.CountDownLatch.await(CountDownLatch.java:278)
07-18 16:34:47.977  1956 15244 E PhenotypeFlagCommitter: 	at avgu.a(:com.google.android.gms@17785022@17.7.85 (040700-253824076):18)
07-18 16:34:47.977  1956 15244 E PhenotypeFlagCommitter: 	at aodk.a(:com.google.android.gms@17785022@17.7.85 (040700-253824076):2)
07-18 16:34:47.977  1956 15244 E PhenotypeFlagCommitter: 	at aodk.a(:com.google.android.gms@17785022@17.7.85 (040700-253824076):19)
07-18 16:34:47.977  1956 15244 E PhenotypeFlagCommitter: 	at aodk.a(:com.google.android.gms@17785022@17.7.85 (040700-253824076):31)
07-18 16:34:47.977  1956 15244 E PhenotypeFlagCommitter: 	at com.google.android.gms.clearcut.uploader.QosUploaderChimeraService.a(:com.google.android.gms@17785022@17.7.85 (040700-253824076):28)
07-18 16:34:47.977  1956 15244 E PhenotypeFlagCommitter: 	at com.google.android.gms.clearcut.uploader.QosUploaderChimeraService.a(:com.google.android.gms@17785022@17.7.85 (040700-253824076):9)
07-18 16:34:47.977  1956 15244 E PhenotypeFlagCommitter: 	at aezd.run(:com.google.android.gms@17785022@17.7.85 (040700-253824076):5)
07-18 16:34:47.977  1956 15244 E PhenotypeFlagCommitter: 	at squ.b(:com.google.android.gms@17785022@17.7.85 (040700-253824076):37)
07-18 16:34:47.977  1956 15244 E PhenotypeFlagCommitter: 	at squ.run(:com.google.android.gms@17785022@17.7.85 (040700-253824076):21)
07-18 16:34:47.977  1956 15244 E PhenotypeFlagCommitter: 	at java.util.concurrent.ThreadPoolExecutor.runWorker(ThreadPoolExecutor.java:1162)
07-18 16:34:47.977  1956 15244 E PhenotypeFlagCommitter: 	at java.util.concurrent.ThreadPoolExecutor$Worker.run(ThreadPoolExecutor.java:636)
07-18 16:34:47.977  1956 15244 E PhenotypeFlagCommitter: 	at swz.run(Unknown Source:7)
07-18 16:34:47.977  1956 15244 E PhenotypeFlagCommitter: 	at java.lang.Thread.run(Thread.java:764)
07-18 16:34:47.988  1592  1605 E memtrack: Couldn't load memtrack module
07-18 16:34:47.988  1592  1605 W android.os.Debug: failed to get memory consumption info: -1
07-18 16:34:48.075  1476 15241 I chatty  : uid=1013(media) NuPlayerRendere expire 10 lines
07-18 16:34:48.078  1468  1563 I chatty  : uid=1041(audioserver) AudioOut_D expire 6 lines
07-18 16:34:48.184  1689  1689 I FirebaseJobDispatcher: onStartJob(): PeriodicStats.
07-18 16:34:48.223  1689  1786 I PeriodicStatsRunner: call()
07-18 16:34:48.225  1689  1689 I FirebaseJobDispatcher: onStartJob(): daily_ping_task.
07-18 16:34:48.226  1689  1689 I DailyPingTask: onRunTask() : Tag = daily_ping_task
07-18 16:34:48.240  1956  1956 I GeofencerStateMachine: sendNewTransitions called.
07-18 16:34:48.670  1387  5615 I chatty  : uid=1041(audioserver) writer expire 33 lines
07-18 16:34:48.824  1956  1966 I zygote  : Background concurrent copying GC freed 122544(5MB) AllocSpace objects, 2(104KB) LOS objects, 39% free, 9MB/15MB, paused 24.998ms total 348.988ms
07-18 16:34:49.202  1689  1786 I zygote  : Explicit concurrent copying GC freed 34744(1423KB) AllocSpace objects, 2(368KB) LOS objects, 25% free, 5MB/7MB, paused 15.512ms total 936.049ms
07-18 16:34:49.252  1689  1786 W zygote  : Suspending all threads took: 6.112ms
07-18 16:34:49.586  1476 15242 I chatty  : uid=1013(media) NPDecoder expire 6 lines
07-18 16:34:49.747  1689  1786 I PeriodicStatsRunner: call() : Finished in 1524 ms
07-18 16:34:49.748  1689  1689 I FirebaseJobDispatcher: Task: PeriodicStats successes.
07-18 16:34:49.989  1689  2176 I zygote  : Deoptimizing void ntd.a(nsv, ntc, int) due to JIT inline cache
07-18 16:34:50.001  1689  2176 E C2QReflectionHelper: Failed to get Conv2QueryPeriodicMetadata.
07-18 16:34:50.001  1689  2176 E C2QReflectionHelper: java.lang.NoSuchMethodException: getInstance []
07-18 16:34:50.001  1689  2176 E C2QReflectionHelper: 	at java.lang.Class.getMethod(Class.java:2068)
07-18 16:34:50.001  1689  2176 E C2QReflectionHelper: 	at java.lang.Class.getDeclaredMethod(Class.java:2047)
07-18 16:34:50.001  1689  2176 E C2QReflectionHelper: 	at cak.a(PG:435)
07-18 16:34:50.001  1689  2176 E C2QReflectionHelper: 	at caj.a(PG:418)
07-18 16:34:50.001  1689  2176 E C2QReflectionHelper: 	at ewe.a(PG:5)
07-18 16:34:50.001  1689  2176 E C2QReflectionHelper: 	at cak.a(PG:28)
07-18 16:34:50.001  1689  2176 E C2QReflectionHelper: 	at kiq.a(PG:142)
07-18 16:34:50.001  1689  2176 E C2QReflectionHelper: 	at kiq.handleMessage(PG:105)
07-18 16:34:50.001  1689  2176 E C2QReflectionHelper: 	at android.os.Handler.dispatchMessage(Handler.java:102)
07-18 16:34:50.001  1689  2176 E C2QReflectionHelper: 	at android.os.Looper.loop(Looper.java:164)
07-18 16:34:50.001  1689  2176 E C2QReflectionHelper: 	at android.os.HandlerThread.run(HandlerThread.java:65)
07-18 16:34:50.638  1592  7171 I WifiService: acquireWifiLock uid=10014 lockMode=2
07-18 16:34:50.882  1592  1879 I WifiService: releaseWifiLock uid=10014
07-18 16:34:51.092  1689 16429 I zygote  : Deoptimizing void okc.a(okc) due to JIT inline cache
07-18 16:34:51.919  1592  1609 E BatteryExternalStatsWorker: modem info is invalid: ModemActivityInfo{ mTimestamp=0 mSleepTimeMs=0 mIdleTimeMs=0 mTxTimeMs[]=[0, 0, 0, 0, 0] mRxTimeMs=0 mEnergyUsed=0}
07-18 16:34:53.097  1956  1956 I GeofencerStateMachine: sendNewTransitions called.
07-18 16:34:55.061  5874  5874 I chatty  : uid=10104(net.osmand) expire 1 line
07-18 16:34:55.388  5874  5884 I chatty  : uid=10104(net.osmand) HeapTaskDaemon expire 14 lines
07-18 16:34:55.801  1468  1563 I chatty  : uid=1041(audioserver) AudioOut_D expire 10 lines
07-18 16:34:56.219  1387  5615 I chatty  : uid=1041(audioserver) writer expire 35 lines
07-18 16:34:56.252  1476 15242 I chatty  : uid=1013(media) NPDecoder expire 13 lines
07-18 16:34:56.644  1476 15238 I chatty  : uid=1013(media) NuPlayerDriver expire 11 lines
07-18 16:34:56.702  1476 15241 I chatty  : uid=1013(media) NuPlayerRendere expire 13 lines
07-18 16:34:58.104  1956  1956 I GeofencerStateMachine: sendNewTransitions called.
07-18 16:34:59.896 15586 15638 E PlayCommon: [662] aeho.d(310): Failed to connect to server for server timestamp: java.net.ConnectException: Failed to connect to play.googleapis.com/216.58.202.202:443
07-18 16:34:59.903 15586 15638 I PlayCommon: [662] aeho.d(125): Connecting to server: https://play.googleapis.com/play/log?format=raw&proto_v2=true
07-18 16:35:00.003  1592  1605 E memtrack: Couldn't load memtrack module
07-18 16:35:00.003  1592  1605 W android.os.Debug: failed to get memory consumption info: -1
07-18 16:35:04.077  1956  1956 I GeofencerStateMachine: sendNewTransitions called.
07-18 16:35:09.086  1956  1956 I GeofencerStateMachine: sendNewTransitions called.
07-18 16:35:09.151  1476 15242 I chatty  : uid=1013(media) NPDecoder expire 2 lines
07-18 16:35:09.311  1387  5615 I chatty  : uid=1041(audioserver) writer expire 4 lines
07-18 16:35:09.681  1468  1563 I chatty  : uid=1041(audioserver) AudioOut_D expire 2 lines
07-18 16:35:09.992  5874  5884 I chatty  : uid=10104(net.osmand) HeapTaskDaemon expire 14 lines
07-18 16:35:10.655  1592  6494 I WifiService: acquireWifiLock uid=10014 lockMode=2
07-18 16:35:10.689  1592  1605 E memtrack: Couldn't load memtrack module
07-18 16:35:10.689  1592  1605 W android.os.Debug: failed to get memory consumption info: -1
07-18 16:35:10.845  1592  1605 E memtrack: Couldn't load memtrack module
07-18 16:35:10.845  1592  1605 W android.os.Debug: failed to get memory consumption info: -1
07-18 16:35:11.878  1476 15242 I chatty  : uid=1013(media) NPDecoder expire 12 lines
07-18 16:35:11.878  1476 15241 I chatty  : uid=1013(media) NuPlayerRendere expire 13 lines
07-18 16:35:12.294  1476 15238 I chatty  : uid=1013(media) NuPlayerDriver expire 9 lines
07-18 16:35:13.052  1387  5615 I chatty  : uid=1041(audioserver) writer expire 37 lines
07-18 16:35:13.664  1592  6494 D WificondControl: Scan result ready event
07-18 16:35:13.766  1468  1563 I chatty  : uid=1041(audioserver) AudioOut_D expire 14 lines
07-18 16:35:13.807  1592  6494 I WifiService: releaseWifiLock uid=10014
07-18 16:35:14.081  1956  1956 I GeofencerStateMachine: sendNewTransitions called.
07-18 16:35:14.121  1592  1601 I zygote  : Background concurrent copying GC freed 37589(1718KB) AllocSpace objects, 0(0B) LOS objects, 12% free, 43MB/49MB, paused 4.908ms total 996.521ms
07-18 16:35:19.092  1956  1956 I GeofencerStateMachine: sendNewTransitions called.
07-18 16:35:24.100  1956  1956 I GeofencerStateMachine: sendNewTransitions called.
07-18 16:35:24.221  1476 15242 I chatty  : uid=1013(media) NPDecoder expire 4 lines
07-18 16:35:24.552  5874  5884 I chatty  : uid=10104(net.osmand) HeapTaskDaemon expire 11 lines
07-18 16:35:24.884  1476 15241 I chatty  : uid=1013(media) NuPlayerRendere expire 13 lines
07-18 16:35:27.926  1476 15238 I chatty  : uid=1013(media) NuPlayerDriver expire 6 lines
07-18 16:35:27.943  1476 15242 I chatty  : uid=1013(media) NPDecoder expire 8 lines
07-18 16:35:28.970  1468  1563 I chatty  : uid=1041(audioserver) AudioOut_D expire 7 lines
07-18 16:35:29.132  1956  1956 I GeofencerStateMachine: sendNewTransitions called.
07-18 16:35:30.063  1387  5615 I chatty  : uid=1041(audioserver) writer expire 21 lines
07-18 16:35:30.686  1592  1879 I WifiService: acquireWifiLock uid=10014 lockMode=2
07-18 16:35:30.841  1592  1720 I WifiService: releaseWifiLock uid=10014
07-18 16:35:35.094  1956  1956 I GeofencerStateMachine: sendNewTransitions called.
07-18 16:35:35.751  5874  5884 I chatty  : uid=10104(net.osmand) HeapTaskDaemon expire 15 lines
07-18 16:35:36.687  1476 15242 I chatty  : uid=1013(media) NPDecoder expire 15 lines
07-18 16:35:37.254  1476 15238 I chatty  : uid=1013(media) NuPlayerDriver expire 10 lines
07-18 16:35:37.333  1476 15241 I chatty  : uid=1013(media) NuPlayerRendere expire 17 lines
07-18 16:35:38.362  1387  5615 I chatty  : uid=1041(audioserver) writer expire 29 lines
07-18 16:35:40.106  1956  1956 I GeofencerStateMachine: sendNewTransitions called.
07-18 16:35:40.474 15586 15610 I Finsky  : [643] jen.run(3): Stats for Executor: BlockingExecutor jfw@82cd998[Running, pool size = 0, active threads = 0, queued tasks = 0, completed tasks = 17]
07-18 16:35:40.485 15586 15610 I Finsky  : [643] jen.run(3): Stats for Executor: LightweightExecutor jfw@8f525f1[Running, pool size = 2, active threads = 0, queued tasks = 0, completed tasks = 61]
07-18 16:35:40.648  1468  1563 I chatty  : uid=1041(audioserver) AudioOut_D expire 10 lines
07-18 16:35:41.906 15586 15610 I Finsky  : [643] jen.run(3): Stats for Executor: bgExecutor jfw@b56c5d6[Running, pool size = 4, active threads = 0, queued tasks = 0, completed tasks = 45]
07-18 16:35:43.671  1403  1403 I boot-pipe: done populating /dev/random
07-18 16:35:45.113  1956  1956 I GeofencerStateMachine: sendNewTransitions called.
07-18 16:35:50.103  1956  1956 I GeofencerStateMachine: sendNewTransitions called.
07-18 16:35:50.620  5874  5884 I chatty  : uid=10104(net.osmand) HeapTaskDaemon expire 5 lines
07-18 16:35:51.765  1592  1879 I WifiService: acquireWifiLock uid=10014 lockMode=2
07-18 16:35:52.436  1476 15242 I chatty  : uid=1013(media) NPDecoder expire 3 lines
07-18 16:35:52.437  1476 15241 I chatty  : uid=1013(media) NuPlayerRendere expire 4 lines
07-18 16:35:52.495  1592  1601 I zygote  : Background concurrent copying GC freed 51121(2MB) AllocSpace objects, 0(0B) LOS objects, 12% free, 43MB/49MB, paused 1.182ms total 744.984ms
07-18 16:35:52.551  1387  5615 I chatty  : uid=1041(audioserver) writer expire 3 lines
07-18 16:35:52.820  1476 15238 I chatty  : uid=1013(media) NuPlayerDriver expire 2 lines
07-18 16:35:54.797  1592  4629 D WificondControl: Scan result ready event
07-18 16:35:54.826  1468  1563 I chatty  : uid=1041(audioserver) AudioOut_D expire 2 lines
07-18 16:35:54.897  1592  1720 I WifiService: releaseWifiLock uid=10014
07-18 16:35:55.067  5874  5874 I chatty  : uid=10104(net.osmand) expire 1 line
07-18 16:35:55.107  1956  1956 I GeofencerStateMachine: sendNewTransitions called.
07-18 16:35:55.532  1476 15242 I chatty  : uid=1013(media) NPDecoder expire 3 lines
07-18 16:35:55.674  5874  5884 I chatty  : uid=10104(net.osmand) HeapTaskDaemon expire 11 lines
07-18 16:35:55.916  1476 15238 I chatty  : uid=1013(media) NuPlayerDriver expire 8 lines
07-18 16:35:55.990  1476 15241 I chatty  : uid=1013(media) NuPlayerRendere expire 13 lines
07-18 16:35:56.433  1387  5615 I chatty  : uid=1041(audioserver) writer expire 44 lines
07-18 16:35:57.035  1468  1563 I chatty  : uid=1041(audioserver) AudioOut_D expire 12 lines
07-18 16:35:58.534  1476 15242 I chatty  : uid=1013(media) NPDecoder expire 9 lines
07-18 16:36:00.129  1956  1956 I GeofencerStateMachine: sendNewTransitions called.
07-18 16:36:06.147  1956  1956 I GeofencerStateMachine: sendNewTransitions called.
07-18 16:36:06.774  5874  5884 I chatty  : uid=10104(net.osmand) HeapTaskDaemon expire 11 lines
07-18 16:36:07.953  1476 15242 I chatty  : uid=1013(media) NPDecoder expire 12 lines
07-18 16:36:08.362  1476 15238 I chatty  : uid=1013(media) NuPlayerDriver expire 8 lines
07-18 16:36:08.426  1476 15241 I chatty  : uid=1013(media) NuPlayerRendere expire 15 lines
07-18 16:36:11.125  1956  1956 I GeofencerStateMachine: sendNewTransitions called.
07-18 16:36:11.654  1387  5615 I chatty  : uid=1041(audioserver) writer expire 9 lines
07-18 16:36:11.809  1592  3044 I WifiService: acquireWifiLock uid=10014 lockMode=2
07-18 16:36:11.875  1592  7171 I WifiService: releaseWifiLock uid=10014
07-18 16:36:11.914 15586 15638 E PlayCommon: [662] aeho.d(289): Failed to connect to server: java.net.ConnectException: Failed to connect to play.googleapis.com/216.58.202.202:443
07-18 16:36:13.277  1468  1563 I chatty  : uid=1041(audioserver) AudioOut_D expire 5 lines
07-18 16:36:14.239  1956 16436 E WakeLock: GCM_HB_ALARM release without a matched acquire!
07-18 16:36:14.239  1956 16436 W WakeLock: GCM_HB_ALARM counter does not exist
07-18 16:36:17.163  1956  1956 I GeofencerStateMachine: sendNewTransitions called.
07-18 16:36:18.059  5874  5884 I chatty  : uid=10104(net.osmand) HeapTaskDaemon expire 11 lines
07-18 16:36:20.318  1476 15242 I chatty  : uid=1013(media) NPDecoder expire 10 lines
07-18 16:36:20.320  1476 15241 I chatty  : uid=1013(media) NuPlayerRendere expire 11 lines
07-18 16:36:20.661  1387  5615 I chatty  : uid=1041(audioserver) writer expire 30 lines
07-18 16:36:20.820  1476 15238 I chatty  : uid=1013(media) NuPlayerDriver expire 6 lines
07-18 16:36:21.733  1468  1563 I chatty  : uid=1041(audioserver) AudioOut_D expire 7 lines
07-18 16:36:22.109  1956  1956 I GeofencerStateMachine: sendNewTransitions called.
07-18 16:36:24.295  1956 16442 E WakeLock: GCM_HB_ALARM release without a matched acquire!
07-18 16:36:24.295  1956 16442 W WakeLock: GCM_HB_ALARM counter does not exist
07-18 16:36:24.299  1956 16442 W WakeLock: GCM_CONN_ALARM counter does not exist
07-18 16:36:27.193  1956  1956 I GeofencerStateMachine: sendNewTransitions called.
07-18 16:36:28.213  1592  1601 I zygote  : Background concurrent copying GC freed 46338(2034KB) AllocSpace objects, 0(0B) LOS objects, 12% free, 43MB/49MB, paused 2.019ms total 969.515ms
07-18 16:36:28.654  5874  5884 I chatty  : uid=10104(net.osmand) HeapTaskDaemon expire 14 lines
07-18 16:36:29.682  1387  5615 I chatty  : uid=1041(audioserver) writer expire 27 lines
07-18 16:36:30.190  1476 15238 I chatty  : uid=1013(media) NuPlayerDriver expire 8 lines
07-18 16:36:30.202  1476 15242 I chatty  : uid=1013(media) NPDecoder expire 12 lines
07-18 16:36:31.823  1592  6494 I WifiService: acquireWifiLock uid=10014 lockMode=2
07-18 16:36:32.126  1956  1956 I GeofencerStateMachine: sendNewTransitions called.
07-18 16:36:33.020  1468  1563 I chatty  : uid=1041(audioserver) AudioOut_D expire 4 lines
07-18 16:36:33.096  1476 15241 I chatty  : uid=1013(media) NuPlayerRendere expire 8 lines
07-18 16:36:34.823  1592  7171 D WificondControl: Scan result ready event
07-18 16:36:34.896  1592  7171 I WifiService: releaseWifiLock uid=10014
07-18 16:36:37.161  1956  1956 I GeofencerStateMachine: sendNewTransitions called.
07-18 16:36:42.153  1956  1956 I GeofencerStateMachine: sendNewTransitions called.
07-18 16:36:42.762  5874  5884 I chatty  : uid=10104(net.osmand) HeapTaskDaemon expire 10 lines
07-18 16:36:42.861  1476 15238 I chatty  : uid=1013(media) NuPlayerDriver expire 8 lines
07-18 16:36:42.872  1476 15242 I chatty  : uid=1013(media) NPDecoder expire 11 lines
07-18 16:36:42.919  1476 15241 I chatty  : uid=1013(media) NuPlayerRendere expire 16 lines
07-18 16:36:43.400  1956  1966 I zygote  : Background concurrent copying GC freed 127750(5MB) AllocSpace objects, 0(0B) LOS objects, 39% free, 9MB/15MB, paused 1.170ms total 254.697ms
07-18 16:36:43.675  1403  1403 I boot-pipe: done populating /dev/random
07-18 16:36:44.721  1387  5615 I chatty  : uid=1041(audioserver) writer expire 17 lines
07-18 16:36:44.757  1468  1563 I chatty  : uid=1041(audioserver) AudioOut_D expire 8 lines
07-18 16:36:48.144  1956  1956 I GeofencerStateMachine: sendNewTransitions called.
07-18 16:36:52.876  1592  6494 I WifiService: acquireWifiLock uid=10014 lockMode=2
07-18 16:36:52.946  5874  5884 I chatty  : uid=10104(net.osmand) HeapTaskDaemon expire 5 lines
07-18 16:36:52.954  1592  7171 I WifiService: releaseWifiLock uid=10014
07-18 16:36:53.083  1387  5615 I chatty  : uid=1041(audioserver) writer expire 10 lines
07-18 16:36:54.132  1956  1956 I GeofencerStateMachine: sendNewTransitions called.
07-18 16:36:54.223  1468  1563 I chatty  : uid=1041(audioserver) AudioOut_D expire 2 lines
07-18 16:36:54.876  1476 15242 I chatty  : uid=1013(media) NPDecoder expire 4 lines
07-18 16:36:55.073  5874  5874 I chatty  : uid=10104(net.osmand) expire 1 line
07-18 16:36:55.362  1476 15238 I chatty  : uid=1013(media) NuPlayerDriver expire 4 lines
07-18 16:36:55.831  1476 15241 I chatty  : uid=1013(media) NuPlayerRendere expire 2 lines
07-18 16:36:56.969  1468  1563 I chatty  : uid=1041(audioserver) AudioOut_D expire 2 lines
07-18 16:36:57.215  1387  5615 I chatty  : uid=1041(audioserver) writer expire 9 lines
07-18 16:36:57.875  5874  5884 I chatty  : uid=10104(net.osmand) HeapTaskDaemon expire 11 lines
07-18 16:36:58.485  1476 15242 I chatty  : uid=1013(media) NPDecoder expire 11 lines
07-18 16:36:59.159  1956  1956 I GeofencerStateMachine: sendNewTransitions called.
07-18 16:36:59.874  1468  1563 I chatty  : uid=1041(audioserver) AudioOut_D expire 6 lines
07-18 16:36:59.925  1592  1601 I zygote  : Background concurrent copying GC freed 38501(1649KB) AllocSpace objects, 0(0B) LOS objects, 12% free, 43MB/49MB, paused 3.819ms total 711.336ms
07-18 16:37:00.314  1387  5615 I chatty  : uid=1041(audioserver) writer expire 18 lines
07-18 16:37:01.283  1476 15241 I chatty  : uid=1013(media) NuPlayerRendere expire 9 lines
07-18 16:37:01.766  1476 15238 I chatty  : uid=1013(media) NuPlayerDriver expire 6 lines
07-18 16:37:04.142  1956  1956 I GeofencerStateMachine: sendNewTransitions called.
07-18 16:37:08.601  1785  1798 I zygote  : Background concurrent copying GC freed 44864(2MB) AllocSpace objects, 0(0B) LOS objects, 49% free, 2MB/4MB, paused 1.583ms total 101.150ms
07-18 16:37:08.780  5874  5884 I chatty  : uid=10104(net.osmand) HeapTaskDaemon expire 12 lines
07-18 16:37:09.153  1956  1956 I GeofencerStateMachine: sendNewTransitions called.
07-18 16:37:09.925  1468  1563 I chatty  : uid=1041(audioserver) AudioOut_D expire 15 lines
07-18 16:37:10.588  1476 15242 I chatty  : uid=1013(media) NPDecoder expire 12 lines
07-18 16:37:10.593  1476 15241 I chatty  : uid=1013(media) NuPlayerRendere expire 17 lines
07-18 16:37:11.126  1476 15238 I chatty  : uid=1013(media) NuPlayerDriver expire 8 lines
07-18 16:37:12.138  1387  5615 I chatty  : uid=1041(audioserver) writer expire 22 lines
07-18 16:37:12.896  1592  4629 I WifiService: acquireWifiLock uid=10014 lockMode=2
07-18 16:37:12.909  1592  1605 E memtrack: Couldn't load memtrack module
07-18 16:37:12.909  1592  1605 W android.os.Debug: failed to get memory consumption info: -1
07-18 16:37:13.011  1592  1605 E memtrack: Couldn't load memtrack module
07-18 16:37:13.011  1592  1605 W android.os.Debug: failed to get memory consumption info: -1
07-18 16:37:13.078  1592  1605 E memtrack: Couldn't load memtrack module
07-18 16:37:13.078  1592  1605 W android.os.Debug: failed to get memory consumption info: -1
07-18 16:37:15.145  1956  1956 I GeofencerStateMachine: sendNewTransitions called.
07-18 16:37:15.863  1592  3044 D WificondControl: Scan result ready event
07-18 16:37:15.866  1728  1728 I wpa_supplicant: nl80211: send_and_recv->nl_recvmsgs failed: -33
07-18 16:37:15.977  1592  1879 I WifiService: releaseWifiLock uid=10014
07-18 16:37:20.152  1956  1956 I GeofencerStateMachine: sendNewTransitions called.
07-18 16:37:20.763  5874  5884 I chatty  : uid=10104(net.osmand) HeapTaskDaemon expire 11 lines
07-18 16:37:23.268  1476 15242 I chatty  : uid=1013(media) NPDecoder expire 10 lines
07-18 16:37:23.676  1476 15238 I chatty  : uid=1013(media) NuPlayerDriver expire 6 lines
07-18 16:37:25.154  1956  1956 I GeofencerStateMachine: sendNewTransitions called.
07-18 16:37:26.182  1468  1563 I chatty  : uid=1041(audioserver) AudioOut_D expire 3 lines
07-18 16:37:26.191  1387  5615 I chatty  : uid=1041(audioserver) writer expire 24 lines
07-18 16:37:26.358  1476 15241 I chatty  : uid=1013(media) NuPlayerRendere expire 6 lines
07-18 16:37:31.171  1956  1956 I GeofencerStateMachine: sendNewTransitions called.
07-18 16:37:31.910  5874  5884 I chatty  : uid=10104(net.osmand) HeapTaskDaemon expire 12 lines
07-18 16:37:32.934  1592  6494 I WifiService: acquireWifiLock uid=10014 lockMode=2
07-18 16:37:32.999  1592  6494 I WifiService: releaseWifiLock uid=10014
07-18 16:37:33.063  1476 15238 I chatty  : uid=1013(media) NuPlayerDriver expire 8 lines
07-18 16:37:33.082  1476 15242 I chatty  : uid=1013(media) NPDecoder expire 11 lines
07-18 16:37:33.124  1476 15241 I chatty  : uid=1013(media) NuPlayerRendere expire 13 lines
07-18 16:37:33.992  1387  5615 I chatty  : uid=1041(audioserver) writer expire 29 lines
07-18 16:37:34.399  1592  1601 I zygote  : Background concurrent copying GC freed 38903(1670KB) AllocSpace objects, 0(0B) LOS objects, 12% free, 43MB/49MB, paused 2.080ms total 802.908ms
07-18 16:37:34.695  1468  1563 I chatty  : uid=1041(audioserver) AudioOut_D expire 5 lines
07-18 16:37:36.174  1956  1956 I GeofencerStateMachine: sendNewTransitions called.
07-18 16:37:41.163  1956  1956 I GeofencerStateMachine: sendNewTransitions called.
07-18 16:37:43.661  1468  1563 I chatty  : uid=1041(audioserver) AudioOut_D expire 1 line
07-18 16:37:43.678  1403  1403 I boot-pipe: done populating /dev/random
07-18 16:37:43.714  1387  5615 I chatty  : uid=1041(audioserver) writer expire 4 lines
07-18 16:37:43.789  5874  5884 I zygote  : Background concurrent copying GC freed 514386(11MB) AllocSpace objects, 0(0B) LOS objects, 14% free, 34MB/40MB, paused 1.017ms total 510.192ms
07-18 16:37:44.578  5874  5884 I zygote  : Background concurrent copying GC freed 356472(7MB) AllocSpace objects, 0(0B) LOS objects, 13% free, 37MB/43MB, paused 1.311ms total 400.460ms
07-18 16:37:45.117  1476 15242 I chatty  : uid=1013(media) NPDecoder expire 3 lines
07-18 16:37:45.119  1476 15241 I chatty  : uid=1013(media) NuPlayerRendere expire 1 line
07-18 16:37:45.566  5874  5884 I zygote  : Background concurrent copying GC freed 467669(10MB) AllocSpace objects, 0(0B) LOS objects, 13% free, 39MB/45MB, paused 906us total 555.742ms
07-18 16:37:45.640  1476 15238 I chatty  : uid=1013(media) NuPlayerDriver expire 2 lines
07-18 16:37:45.701  1476 15241 I chatty  : uid=1013(media) NuPlayerRendere expire 2 lines
07-18 16:37:45.894  1468  1563 I chatty  : uid=1041(audioserver) AudioOut_D expire 2 lines
07-18 16:37:45.911  1387  5615 I chatty  : uid=1041(audioserver) writer expire 5 lines
07-18 16:37:46.160  1956  1956 I GeofencerStateMachine: sendNewTransitions called.
07-18 16:37:46.877  5874  5884 I zygote  : Background concurrent copying GC freed 534664(11MB) AllocSpace objects, 0(0B) LOS objects, 12% free, 42MB/48MB, paused 1.716ms total 705.182ms
07-18 16:37:47.904  5874  5884 I zygote  : Background concurrent copying GC freed 657732(14MB) AllocSpace objects, 0(0B) LOS objects, 13% free, 39MB/45MB, paused 2.649ms total 579.575ms
07-18 16:37:48.134  1476 15242 I chatty  : uid=1013(media) NPDecoder expire 2 lines
07-18 16:37:48.147  1387  5615 I chatty  : uid=1041(audioserver) writer expire 8 lines
07-18 16:37:48.372  1476 15241 I chatty  : uid=1013(media) NuPlayerRendere expire 1 line
07-18 16:37:48.738  1476 15238 I chatty  : uid=1013(media) NuPlayerDriver expire 2 lines
07-18 16:37:48.758  1476 15242 I chatty  : uid=1013(media) NPDecoder expire 1 line
07-18 16:37:48.799  1476 15241 I chatty  : uid=1013(media) NuPlayerRendere expire 3 lines
07-18 16:37:48.949  5874  5884 I zygote  : Background concurrent copying GC freed 547750(12MB) AllocSpace objects, 0(0B) LOS objects, 14% free, 35MB/41MB, paused 946us total 516.872ms
07-18 16:37:49.759  5874  5884 I zygote  : Background concurrent copying GC freed 378015(8MB) AllocSpace objects, 0(0B) LOS objects, 14% free, 36MB/42MB, paused 1ms total 448.128ms
07-18 16:37:50.402  1468  1563 I chatty  : uid=1041(audioserver) AudioOut_D expire 2 lines
07-18 16:37:50.720  5874  5884 I zygote  : Background concurrent copying GC freed 425128(9MB) AllocSpace objects, 0(0B) LOS objects, 13% free, 39MB/45MB, paused 1.294ms total 554.052ms
07-18 16:37:50.991  1387  5615 I chatty  : uid=1041(audioserver) writer expire 2 lines
07-18 16:37:51.190  1956  1956 I GeofencerStateMachine: sendNewTransitions called.
07-18 16:37:51.436  1476 15242 I chatty  : uid=1013(media) NPDecoder expire 1 line
07-18 16:37:51.771  5874  5884 I zygote  : Background concurrent copying GC freed 529723(11MB) AllocSpace objects, 0(0B) LOS objects, 13% free, 39MB/45MB, paused 1.593ms total 512.163ms
07-18 16:37:52.003  1476 15238 I chatty  : uid=1013(media) NuPlayerDriver expire 1 line
07-18 16:37:52.016  1476 15242 I chatty  : uid=1013(media) NPDecoder expire 3 lines
07-18 16:37:52.031  1476 15238 I chatty  : uid=1013(media) NuPlayerDriver expire 2 lines
07-18 16:37:52.671  1468  1563 I chatty  : uid=1041(audioserver) AudioOut_D expire 10 lines
07-18 16:37:53.072  5874  5884 I zygote  : Background concurrent copying GC freed 530930(11MB) AllocSpace objects, 0(0B) LOS objects, 13% free, 39MB/45MB, paused 1.210ms total 609.798ms
07-18 16:37:53.769  1387  5615 I chatty  : uid=1041(audioserver) writer expire 31 lines
07-18 16:37:53.991  5874  5884 I zygote  : Background concurrent copying GC freed 535628(11MB) AllocSpace objects, 0(0B) LOS objects, 14% free, 36MB/42MB, paused 1.486ms total 512.226ms
07-18 16:37:54.005  1592  4452 I WifiService: acquireWifiLock uid=10014 lockMode=2
07-18 16:37:54.693  1476 15241 I chatty  : uid=1013(media) NuPlayerRendere expire 1 line
07-18 16:37:54.833  5874  5884 I zygote  : Background concurrent copying GC freed 400583(8MB) AllocSpace objects, 0(0B) LOS objects, 14% free, 36MB/42MB, paused 4.015ms total 564.680ms
07-18 16:37:55.107  5874  5874 D net.osmand: DayNightHelper Sunrise/sunset setting to day: false
07-18 16:37:55.175  1476 15242 I chatty  : uid=1013(media) NPDecoder expire 2 lines
07-18 16:37:55.192  1476 15238 I chatty  : uid=1013(media) NuPlayerDriver expire 1 line
07-18 16:37:55.240  1476 15241 I chatty  : uid=1013(media) NuPlayerRendere expire 3 lines
07-18 16:37:55.892  5874  5884 I zygote  : Background concurrent copying GC freed 413107(9MB) AllocSpace objects, 0(0B) LOS objects, 13% free, 39MB/45MB, paused 6.058ms total 615.893ms
07-18 16:37:56.956  5874  5884 I zygote  : Background concurrent copying GC freed 535472(11MB) AllocSpace objects, 0(0B) LOS objects, 13% free, 38MB/44MB, paused 2.163ms total 550.813ms
07-18 16:37:57.051  1592  7171 D WificondControl: Scan result ready event
07-18 16:37:57.139  1956  1956 I GeofencerStateMachine: sendNewTransitions called.
07-18 16:37:57.271  1592  4629 I WifiService: releaseWifiLock uid=10014
07-18 16:37:57.689  1476 15242 I chatty  : uid=1013(media) NPDecoder expire 2 lines
07-18 16:37:58.017  5874  5884 I zygote  : Background concurrent copying GC freed 523877(11MB) AllocSpace objects, 0(0B) LOS objects, 13% free, 38MB/44MB, paused 907us total 518.187ms
07-18 16:37:58.275  1476 15238 I chatty  : uid=1013(media) NuPlayerDriver expire 2 lines
07-18 16:37:58.296  1476 15242 I chatty  : uid=1013(media) NPDecoder expire 1 line
07-18 16:37:58.338  1476 15241 I chatty  : uid=1013(media) NuPlayerRendere expire 4 lines
07-18 16:37:59.014  5874  5884 I zygote  : Background concurrent copying GC freed 528436(11MB) AllocSpace objects, 0(0B) LOS objects, 14% free, 36MB/42MB, paused 6.975ms total 529.241ms
07-18 16:37:59.848  5874  5884 I zygote  : Background concurrent copying GC freed 411042(9MB) AllocSpace objects, 0(0B) LOS objects, 14% free, 36MB/42MB, paused 1.380ms total 436.180ms
07-18 16:38:00.380  1695  1718 I zygote  : Background concurrent copying GC freed 215548(6MB) AllocSpace objects, 0(0B) LOS objects, 37% free, 9MB/15MB, paused 1.032ms total 317.949ms
07-18 16:38:00.875  1476 15242 I chatty  : uid=1013(media) NPDecoder expire 2 lines
07-18 16:38:00.900  5874  5884 I zygote  : Background concurrent copying GC freed 410888(9MB) AllocSpace objects, 0(0B) LOS objects, 13% free, 39MB/45MB, paused 1.316ms total 662.247ms
07-18 16:38:01.426  1476 15238 I chatty  : uid=1013(media) NuPlayerDriver expire 2 lines
07-18 16:38:01.438  1476 15242 I chatty  : uid=1013(media) NPDecoder expire 1 line
07-18 16:38:01.469  1476 15241 I chatty  : uid=1013(media) NuPlayerRendere expire 3 lines
07-18 16:38:01.824  5874  5884 I zygote  : Background concurrent copying GC freed 540436(11MB) AllocSpace objects, 0(0B) LOS objects, 14% free, 36MB/42MB, paused 4.123ms total 469.830ms
07-18 16:38:02.237  1956  1956 I GeofencerStateMachine: sendNewTransitions called.
07-18 16:38:03.001  5874  5884 I zygote  : Background concurrent copying GC freed 387966(8MB) AllocSpace objects, 0(0B) LOS objects, 12% free, 40MB/46MB, paused 906us total 577.582ms
07-18 16:38:03.315  1387  5615 I chatty  : uid=1041(audioserver) writer expire 4 lines
07-18 16:38:03.838  5874  5884 I zygote  : Background concurrent copying GC freed 602188(13MB) AllocSpace objects, 0(0B) LOS objects, 14% free, 35MB/41MB, paused 1.283ms total 370.740ms
07-18 16:38:03.917  1468  1563 I chatty  : uid=1041(audioserver) AudioOut_D expire 1 line
07-18 16:38:04.099  1476 15242 I chatty  : uid=1013(media) NPDecoder expire 1 line
07-18 16:38:04.524  1476 15238 I chatty  : uid=1013(media) NuPlayerDriver expire 2 lines
07-18 16:38:04.535  1476 15242 I chatty  : uid=1013(media) NPDecoder expire 2 lines
07-18 16:38:04.582  1476 15241 I chatty  : uid=1013(media) NuPlayerRendere expire 4 lines
07-18 16:38:04.811  5874  5884 I zygote  : Background concurrent copying GC freed 343652(7MB) AllocSpace objects, 0(0B) LOS objects, 12% free, 41MB/47MB, paused 4.777ms total 643.355ms
07-18 16:38:05.860  5874  5884 I zygote  : Background concurrent copying GC freed 663235(14MB) AllocSpace objects, 0(0B) LOS objects, 12% free, 41MB/47MB, paused 6.520ms total 636.254ms
07-18 16:38:06.126  1387  5615 I chatty  : uid=1041(audioserver) writer expire 7 lines
07-18 16:38:06.154  1468  1563 I chatty  : uid=1041(audioserver) AudioOut_D expire 2 lines
07-18 16:38:06.877  5874  5884 I zygote  : Background concurrent copying GC freed 655613(14MB) AllocSpace objects, 0(0B) LOS objects, 14% free, 36MB/42MB, paused 3.360ms total 480.197ms
07-18 16:38:07.162  1476 15242 I chatty  : uid=1013(media) NPDecoder expire 2 lines
07-18 16:38:07.642  1476 15238 I chatty  : uid=1013(media) NuPlayerDriver expire 2 lines
07-18 16:38:07.666  1476 15242 I chatty  : uid=1013(media) NPDecoder expire 1 line
07-18 16:38:07.707  1476 15241 I chatty  : uid=1013(media) NuPlayerRendere expire 3 lines
07-18 16:38:07.739  1387  5615 I chatty  : uid=1041(audioserver) writer expire 13 lines
07-18 16:38:07.840  5874  5884 I zygote  : Background concurrent copying GC freed 421052(9MB) AllocSpace objects, 0(0B) LOS objects, 14% free, 36MB/42MB, paused 969us total 425.440ms
07-18 16:38:07.901  1468  1563 I chatty  : uid=1041(audioserver) AudioOut_D expire 4 lines
07-18 16:38:08.172  1956  1956 I GeofencerStateMachine: sendNewTransitions called.
07-18 16:38:08.948  5874  5884 I zygote  : Background concurrent copying GC freed 386707(8MB) AllocSpace objects, 0(0B) LOS objects, 13% free, 39MB/45MB, paused 1.132ms total 814.198ms
07-18 16:38:09.052  1592  1601 I zygote  : Background concurrent copying GC freed 38432(1609KB) AllocSpace objects, 0(0B) LOS objects, 12% free, 43MB/49MB, paused 1.019ms total 867.839ms
07-18 16:38:09.905  5874  5884 I zygote  : Background concurrent copying GC freed 544565(11MB) AllocSpace objects, 0(0B) LOS objects, 13% free, 38MB/44MB, paused 3.155ms total 555.252ms
07-18 16:38:10.177  1476 15242 I chatty  : uid=1013(media) NPDecoder expire 1 line
07-18 16:38:10.772  1476 15238 I chatty  : uid=1013(media) NuPlayerDriver expire 1 line
07-18 16:38:10.808  1476 15242 I chatty  : uid=1013(media) NPDecoder expire 4 lines
07-18 16:38:10.833  1476 15238 I chatty  : uid=1013(media) NuPlayerDriver expire 2 lines
07-18 16:38:10.894  5874  5884 I zygote  : Background concurrent copying GC freed 525445(11MB) AllocSpace objects, 0(0B) LOS objects, 14% free, 36MB/42MB, paused 3.384ms total 498.408ms
07-18 16:38:11.737  5874  5884 I zygote  : Background concurrent copying GC freed 408933(8MB) AllocSpace objects, 0(0B) LOS objects, 14% free, 36MB/42MB, paused 1.158ms total 401.387ms
07-18 16:38:12.655  5874  5884 I zygote  : Background concurrent copying GC freed 409935(9MB) AllocSpace objects, 0(0B) LOS objects, 13% free, 39MB/45MB, paused 1.854ms total 570.390ms
07-18 16:38:12.900  1387  5615 I chatty  : uid=1041(audioserver) writer expire 5 lines
07-18 16:38:13.181  1956  1956 I GeofencerStateMachine: sendNewTransitions called.
07-18 16:38:13.384  1476 15241 I chatty  : uid=1013(media) NuPlayerRendere expire 2 lines
07-18 16:38:13.562  1468  1563 I chatty  : uid=1041(audioserver) AudioOut_D expire 1 line
07-18 16:38:13.801  5874  5884 I zygote  : Background concurrent copying GC freed 569719(12MB) AllocSpace objects, 0(0B) LOS objects, 12% free, 42MB/48MB, paused 3.189ms total 697.150ms
07-18 16:38:13.936  1476 15242 I chatty  : uid=1013(media) NPDecoder expire 1 line
07-18 16:38:13.949  1476 15238 I chatty  : uid=1013(media) NuPlayerDriver expire 2 lines
07-18 16:38:14.015  1476 15241 I chatty  : uid=1013(media) NuPlayerRendere expire 2 lines
07-18 16:38:14.048  1592  4629 I WifiService: acquireWifiLock uid=10014 lockMode=2
07-18 16:38:14.213  1387  5615 I chatty  : uid=1041(audioserver) writer expire 5 lines
07-18 16:38:14.323  1592  4452 I WifiService: releaseWifiLock uid=10014
07-18 16:38:14.671  1468  1563 I chatty  : uid=1041(audioserver) AudioOut_D expire 1 line
07-18 16:38:15.008  5874  5884 I zygote  : Background concurrent copying GC freed 714526(15MB) AllocSpace objects, 0(0B) LOS objects, 13% free, 38MB/44MB, paused 1.438ms total 569.091ms
07-18 16:38:15.865  5874  5884 I zygote  : Background concurrent copying GC freed 508447(11MB) AllocSpace objects, 0(0B) LOS objects, 13% free, 36MB/42MB, paused 3.881ms total 462.766ms
07-18 16:38:16.422  1476 15242 I chatty  : uid=1013(media) NPDecoder expire 3 lines
07-18 16:38:16.724  5874  5884 I zygote  : Background concurrent copying GC freed 440426(9MB) AllocSpace objects, 0(0B) LOS objects, 13% free, 37MB/43MB, paused 3.483ms total 501.465ms
07-18 16:38:17.070  1476 15238 I chatty  : uid=1013(media) NuPlayerDriver expire 1 line
07-18 16:38:17.101  1476 15241 I chatty  : uid=1013(media) NuPlayerRendere expire 3 lines
07-18 16:38:17.133  1387  5615 I chatty  : uid=1041(audioserver) writer expire 23 lines
07-18 16:38:17.441  1468  1563 I chatty  : uid=1041(audioserver) AudioOut_D expire 1 line
07-18 16:38:17.777  5874  5884 I zygote  : Background concurrent copying GC freed 444203(9MB) AllocSpace objects, 0(0B) LOS objects, 13% free, 39MB/45MB, paused 4.406ms total 552.671ms
07-18 16:38:18.801  5874  5884 I zygote  : Background concurrent copying GC freed 522547(11MB) AllocSpace objects, 0(0B) LOS objects, 13% free, 38MB/44MB, paused 904us total 457.583ms
07-18 16:38:19.138  1956  1956 I GeofencerStateMachine: sendNewTransitions called.
07-18 16:38:19.597  1476 15242 I chatty  : uid=1013(media) NPDecoder expire 1 line
07-18 16:38:19.832  5874  5884 I zygote  : Background concurrent copying GC freed 494103(10MB) AllocSpace objects, 0(0B) LOS objects, 13% free, 38MB/44MB, paused 4.992ms total 460.663ms
07-18 16:38:20.145  1476 15238 I chatty  : uid=1013(media) NuPlayerDriver expire 2 lines
07-18 16:38:20.157  1476 15242 I chatty  : uid=1013(media) NPDecoder expire 2 lines
07-18 16:38:20.200  1476 15241 I chatty  : uid=1013(media) NuPlayerRendere expire 4 lines
07-18 16:38:20.811  1468  1563 I chatty  : uid=1041(audioserver) AudioOut_D expire 3 lines
07-18 16:38:21.063  5874  5884 I zygote  : Background concurrent copying GC freed 491234(10MB) AllocSpace objects, 0(0B) LOS objects, 13% free, 39MB/45MB, paused 1.257ms total 603.328ms
07-18 16:38:21.395  1387  5615 I chatty  : uid=1041(audioserver) writer expire 20 lines
07-18 16:38:22.069  5874  5884 I zygote  : Background concurrent copying GC freed 575549(12MB) AllocSpace objects, 0(0B) LOS objects, 13% free, 37MB/43MB, paused 1.823ms total 566.104ms
07-18 16:38:22.822  1476 15242 I chatty  : uid=1013(media) NPDecoder expire 2 lines
07-18 16:38:22.884  5874  5884 I zygote  : Background concurrent copying GC freed 458412(10MB) AllocSpace objects, 0(0B) LOS objects, 13% free, 39MB/45MB, paused 2.069ms total 544.792ms
07-18 16:38:23.275  1476 15238 I chatty  : uid=1013(media) NuPlayerDriver expire 2 lines
07-18 16:38:23.303  1476 15242 I chatty  : uid=1013(media) NPDecoder expire 1 line
07-18 16:38:23.334  1476 15241 I chatty  : uid=1013(media) NuPlayerRendere expire 5 lines
07-18 16:38:23.816  5874  5884 I zygote  : Background concurrent copying GC freed 537275(11MB) AllocSpace objects, 0(0B) LOS objects, 13% free, 39MB/45MB, paused 5.576ms total 541.843ms
07-18 16:38:24.872  5874  5884 I zygote  : Background concurrent copying GC freed 534854(11MB) AllocSpace objects, 0(0B) LOS objects, 13% free, 38MB/44MB, paused 2.242ms total 498.761ms
07-18 16:38:25.195  1956  1956 I GeofencerStateMachine: sendNewTransitions called.
07-18 16:38:25.756  5874  5884 I zygote  : Background concurrent copying GC freed 523527(11MB) AllocSpace objects, 0(0B) LOS objects, 14% free, 36MB/42MB, paused 4.223ms total 458.803ms
07-18 16:38:25.914  1476 15242 I chatty  : uid=1013(media) NPDecoder expire 1 line
07-18 16:38:26.420  1476 15238 I chatty  : uid=1013(media) NuPlayerDriver expire 2 lines
07-18 16:38:26.430  1476 15242 I chatty  : uid=1013(media) NPDecoder expire 2 lines
07-18 16:38:26.483  1476 15241 I chatty  : uid=1013(media) NuPlayerRendere expire 2 lines
07-18 16:38:26.721  5874  5884 I zygote  : Background concurrent copying GC freed 411477(9MB) AllocSpace objects, 0(0B) LOS objects, 13% free, 39MB/45MB, paused 1.506ms total 609.270ms
07-18 16:38:26.968  1468  1563 I chatty  : uid=1041(audioserver) AudioOut_D expire 3 lines
07-18 16:38:27.849  5874  5884 I zygote  : Background concurrent copying GC freed 527410(11MB) AllocSpace objects, 0(0B) LOS objects, 13% free, 39MB/45MB, paused 1.503ms total 560.945ms
07-18 16:38:28.916  5874  5884 I zygote  : Background concurrent copying GC freed 533803(11MB) AllocSpace objects, 0(0B) LOS objects, 13% free, 37MB/43MB, paused 2.138ms total 492.523ms
07-18 16:38:29.123  1476 15242 I chatty  : uid=1013(media) NPDecoder expire 2 lines
07-18 16:38:29.124  1476 15241 I chatty  : uid=1013(media) NuPlayerRendere expire 1 line
07-18 16:38:29.557  1476 15238 I chatty  : uid=1013(media) NuPlayerDriver expire 2 lines
07-18 16:38:29.574  1476 15242 I chatty  : uid=1013(media) NPDecoder expire 2 lines
07-18 16:38:29.681  1387  5615 I chatty  : uid=1041(audioserver) writer expire 6 lines
07-18 16:38:29.796  5874  5884 I zygote  : Background concurrent copying GC freed 473092(10MB) AllocSpace objects, 0(0B) LOS objects, 14% free, 35MB/41MB, paused 1.096ms total 432.268ms
07-18 16:38:30.392  1468  1563 I chatty  : uid=1041(audioserver) AudioOut_D expire 3 lines
07-18 16:38:30.568  5874  5884 I zygote  : Background concurrent copying GC freed 368782(8MB) AllocSpace objects, 0(0B) LOS objects, 13% free, 38MB/44MB, paused 1.011ms total 516.284ms
07-18 16:38:31.204  1956  1956 I GeofencerStateMachine: sendNewTransitions called.
07-18 16:38:31.751  5874  5884 I zygote  : Background concurrent copying GC freed 509270(11MB) AllocSpace objects, 0(0B) LOS objects, 12% free, 40MB/46MB, paused 2.987ms total 590.766ms
07-18 16:38:32.364  1476 15241 I chatty  : uid=1013(media) NuPlayerRendere expire 1 line
07-18 16:38:32.637  5874  5884 I zygote  : Background concurrent copying GC freed 603446(13MB) AllocSpace objects, 0(0B) LOS objects, 13% free, 37MB/43MB, paused 2.596ms total 404.182ms
07-18 16:38:32.775  1476 15238 I chatty  : uid=1013(media) NuPlayerDriver expire 2 lines
07-18 16:38:32.787  1476 15242 I chatty  : uid=1013(media) NPDecoder expire 4 lines
07-18 16:38:33.160  1387  5615 I chatty  : uid=1041(audioserver) writer expire 3 lines
07-18 16:38:33.187  1468  1563 I chatty  : uid=1041(audioserver) AudioOut_D expire 4 lines
07-18 16:38:33.394  5874  5884 I zygote  : Background concurrent copying GC freed 467005(10MB) AllocSpace objects, 0(0B) LOS objects, 14% free, 35MB/41MB, paused 2.625ms total 438.918ms
07-18 16:38:34.063  1592  1879 I WifiService: acquireWifiLock uid=10014 lockMode=2
07-18 16:38:34.497  5874  5884 I zygote  : Background concurrent copying GC freed 381466(8MB) AllocSpace objects, 0(0B) LOS objects, 12% free, 40MB/46MB, paused 1.800ms total 674.831ms
07-18 16:38:35.436  5874  5884 I zygote  : Background concurrent copying GC freed 618587(13MB) AllocSpace objects, 0(0B) LOS objects, 12% free, 41MB/47MB, paused 1.129ms total 525.874ms
07-18 16:38:35.541  1476 15241 I chatty  : uid=1013(media) NuPlayerRendere expire 1 line
07-18 16:38:35.877  1476 15238 I chatty  : uid=1013(media) NuPlayerDriver expire 2 lines
07-18 16:38:35.895  1476 15242 I chatty  : uid=1013(media) NPDecoder expire 2 lines
07-18 16:38:35.941  1476 15241 I chatty  : uid=1013(media) NuPlayerRendere expire 3 lines
07-18 16:38:36.196  1956  1956 I GeofencerStateMachine: sendNewTransitions called.
07-18 16:38:36.293  5874  5884 I zygote  : Background concurrent copying GC freed 641483(14MB) AllocSpace objects, 0(0B) LOS objects, 14% free, 35MB/41MB, paused 903us total 551.829ms
07-18 16:38:36.694  1387  5615 I chatty  : uid=1041(audioserver) writer expire 6 lines
07-18 16:38:37.052  1592  1879 D WificondControl: Scan result ready event
07-18 16:38:37.361  1592  2101 I WifiService: releaseWifiLock uid=10014
07-18 16:38:37.373  5874  5884 I zygote  : Background concurrent copying GC freed 366307(8MB) AllocSpace objects, 0(0B) LOS objects, 13% free, 38MB/44MB, paused 905us total 606.358ms
07-18 16:35:30.922  1592  1609 I chatty  : uid=1000(system) batterystats-wo identical 1 line
07-18 16:35:57.917  1592  1609 E BatteryExternalStatsWorker: modem info is invalid: ModemActivityInfo{ mTimestamp=0 mSleepTimeMs=0 mIdleTimeMs=0 mTxTimeMs[]=[0, 0, 0, 0, 0] mRxTimeMs=0 mEnergyUsed=0}
07-18 16:38:37.538  1592  1609 E BatteryExternalStatsWorker: modem info is invalid: ModemActivityInfo{ mTimestamp=0 mSleepTimeMs=0 mIdleTimeMs=0 mTxTimeMs[]=[0, 0, 0, 0, 0] mRxTimeMs=0 mEnergyUsed=0}
07-18 16:38:37.744  1468  1563 I chatty  : uid=1041(audioserver) AudioOut_D expire 3 lines
07-18 16:38:38.368  5874  5884 I zygote  : Background concurrent copying GC freed 513292(11MB) AllocSpace objects, 0(0B) LOS objects, 13% free, 38MB/44MB, paused 8.489ms total 548.662ms
07-18 16:38:38.971  1476 15238 I chatty  : uid=1013(media) NuPlayerDriver expire 1 line
07-18 16:38:38.986  1476 15242 I chatty  : uid=1013(media) NPDecoder expire 2 lines
07-18 16:38:38.994  1476 15238 I chatty  : uid=1013(media) NuPlayerDriver expire 1 line
07-18 16:38:39.577  5874  5884 I zygote  : Background concurrent copying GC freed 530253(11MB) AllocSpace objects, 0(0B) LOS objects, 13% free, 39MB/45MB, paused 1.419ms total 695.120ms
07-18 16:38:39.970  1468  1563 I chatty  : uid=1041(audioserver) AudioOut_D expire 1 line
07-18 16:38:39.977  1476 15241 I chatty  : uid=1013(media) NuPlayerRendere expire 2 lines
07-18 16:38:40.487 15586 15610 I Finsky  : [643] jen.run(3): Stats for Executor: BlockingExecutor jfw@82cd998[Running, pool size = 0, active threads = 0, queued tasks = 0, completed tasks = 17]
07-18 16:38:40.487 15586 15610 I Finsky  : [643] jen.run(3): Stats for Executor: LightweightExecutor jfw@8f525f1[Running, pool size = 2, active threads = 0, queued tasks = 0, completed tasks = 61]
07-18 16:38:40.655  5874  5884 I zygote  : Background concurrent copying GC freed 562742(12MB) AllocSpace objects, 0(0B) LOS objects, 12% free, 40MB/46MB, paused 913us total 577.872ms
07-18 16:38:41.199  1956  1956 I GeofencerStateMachine: sendNewTransitions called.
07-18 16:38:41.378  1956  1966 I zygote  : Background concurrent copying GC freed 121836(5MB) AllocSpace objects, 0(0B) LOS objects, 40% free, 8MB/14MB, paused 1.226ms total 114.552ms
07-18 16:38:41.527  1476 15242 I chatty  : uid=1013(media) NPDecoder expire 2 lines
07-18 16:38:41.614  1387  5615 I chatty  : uid=1041(audioserver) writer expire 5 lines
07-18 16:38:41.910 15586 15610 I Finsky  : [643] jen.run(3): Stats for Executor: bgExecutor jfw@b56c5d6[Running, pool size = 4, active threads = 0, queued tasks = 0, completed tasks = 46]
07-18 16:38:41.946  5874  5884 I zygote  : Background concurrent copying GC freed 591211(13MB) AllocSpace objects, 0(0B) LOS objects, 12% free, 42MB/48MB, paused 2.743ms total 698.623ms
07-18 16:38:42.069  1476 15238 I chatty  : uid=1013(media) NuPlayerDriver expire 2 lines
07-18 16:38:42.088  1476 15242 I chatty  : uid=1013(media) NPDecoder expire 1 line
07-18 16:38:42.155  1476 15241 I chatty  : uid=1013(media) NuPlayerRendere expire 5 lines
