06-28 10:19:57.832 12507 12638 D EGL_emulation: eglMakeCurrent: 0xa6785900: ver 2 0 (tinfo 0xa6783410)
06-28 10:19:57.847 12507 12507 D InAppPurchaseHelper: Destroying helper.
06-28 10:19:57.897  1412  1426 E BufferQueueProducer: [SurfaceView - net.osmand/net.osmand.plus.activities.MapActivity#0] disconnect: not connected (req=2)
06-28 10:19:57.957  1401  6331 D gralloc_ranchu: gralloc_alloc: Creating ashmem region of size 544768
06-28 10:19:57.981 12507 12507 W ResourceType: For resource 0x7f0e00c0, entry index(192) is beyond type entryCount(142)
06-28 10:19:57.981 12507 12507 W ResourceType: For resource 0x7f0e00d1, entry index(209) is beyond type entryCount(142)
06-28 10:19:57.981 12507 12507 W ResourceType: For resource 0x7f0e00cb, entry index(203) is beyond type entryCount(142)
06-28 10:19:57.981 12507 12507 W ResourceType: For resource 0x7f0e014d, entry index(333) is beyond type entryCount(142)
06-28 10:19:57.982 12507 12507 W ResourceType: For resource 0x7f0e00dd, entry index(221) is beyond type entryCount(142)
06-28 10:19:57.982 12507 12507 W ResourceType: For resource 0x7f0e00e4, entry index(228) is beyond type entryCount(142)
06-28 10:19:58.023  1708  1926 D EGL_emulation: eglMakeCurrent: 0x9268e860: ver 2 0 (tinfo 0x92690770)
06-28 10:19:58.056 19782 19782 I DeviceStatusMonitor: onReceive() : Action = android.intent.action.CONFIGURATION_CHANGED
06-28 10:19:58.067 19782 19782 I ConfigNotification: Get device mode by ui mode:1 and smallestScreenWidthDp:411
06-28 10:19:58.074 19782 19782 I chatty  : uid=10060(com.google.android.inputmethod.latin) identical 2 lines
06-28 10:19:58.074 19782 19782 I ConfigNotification: Get device mode by ui mode:1 and smallestScreenWidthDp:411
06-28 10:19:58.091 12507 12507 W ResourceType: For resource 0x7f0e01c4, entry index(452) is beyond type entryCount(142)
06-28 10:19:58.091 12507 12507 W ResourceType: For resource 0x7f0e01c4, entry index(452) is beyond type entryCount(142)
06-28 10:19:58.091 12507 12507 W ResourceType: For resource 0x7f0e0183, entry index(387) is beyond type entryCount(142)
06-28 10:19:58.091 12507 12507 W ResourceType: For resource 0x7f0e0187, entry index(391) is beyond type entryCount(142)
06-28 10:19:58.091 12507 12507 W ResourceType: For resource 0x7f0e0185, entry index(389) is beyond type entryCount(142)
06-28 10:19:58.091 12507 12507 W ResourceType: For resource 0x7f0e015d, entry index(349) is beyond type entryCount(142)
06-28 10:19:58.091 12507 12507 W ResourceType: For resource 0x7f0e0195, entry index(405) is beyond type entryCount(142)
06-28 10:19:58.091 12507 12507 W ResourceType: For resource 0x7f0e016c, entry index(364) is beyond type entryCount(142)
06-28 10:19:58.092 12507 12507 W ResourceType: For resource 0x7f0e0163, entry index(355) is beyond type entryCount(142)
06-28 10:19:58.092 12507 12507 W ResourceType: For resource 0x7f0e00db, entry index(219) is beyond type entryCount(142)
06-28 10:19:58.092 12507 12507 W ResourceType: For resource 0x7f0e0193, entry index(403) is beyond type entryCount(142)
06-28 10:19:58.092 12507 12507 W ResourceType: For resource 0x7f0e016f, entry index(367) is beyond type entryCount(142)
06-28 10:19:58.092 12507 12507 W ResourceType: For resource 0x7f0e0161, entry index(353) is beyond type entryCount(142)
06-28 10:19:58.092 12507 12507 W ResourceType: For resource 0x7f0e0170, entry index(368) is beyond type entryCount(142)
06-28 10:19:58.092 12507 12507 W ResourceType: For resource 0x7f0e0174, entry index(372) is beyond type entryCount(142)
06-28 10:19:58.092 12507 12507 I chatty  : uid=10104(net.osmand) identical 2 lines
06-28 10:19:58.092 12507 12507 W ResourceType: For resource 0x7f0e0174, entry index(372) is beyond type entryCount(142)
06-28 10:19:58.092 12507 12507 W ResourceType: For resource 0x7f0e0177, entry index(375) is beyond type entryCount(142)
06-28 10:19:58.092 12507 12507 W ResourceType: For resource 0x7f0e0160, entry index(352) is beyond type entryCount(142)
06-28 10:19:58.092 12507 12507 W ResourceType: For resource 0x7f0e0199, entry index(409) is beyond type entryCount(142)
06-28 10:19:58.093 12507 12507 W ResourceType: For resource 0x7f0e017e, entry index(382) is beyond type entryCount(142)
06-28 10:19:58.093 12507 12507 W ResourceType: For resource 0x7f0e017f, entry index(383) is beyond type entryCount(142)
06-28 10:19:58.093 12507 12507 W ResourceType: For resource 0x7f0e0196, entry index(406) is beyond type entryCount(142)
06-28 10:19:58.093 12507 12507 W ResourceType: For resource 0x7f0e0197, entry index(407) is beyond type entryCount(142)
06-28 10:19:58.093 12507 12507 W ResourceType: For resource 0x7f0e0140, entry index(320) is beyond type entryCount(142)
06-28 10:19:58.093 12507 12507 W ResourceType: For resource 0x7f0e00e7, entry index(231) is beyond type entryCount(142)
06-28 10:19:58.093 12507 12507 W ResourceType: For resource 0x7f0e0194, entry index(404) is beyond type entryCount(142)
06-28 10:19:58.093 12507 12507 W ResourceType: For resource 0x7f0e01a5, entry index(421) is beyond type entryCount(142)
06-28 10:19:58.093 12507 12507 W ResourceType: For resource 0x7f0e017d, entry index(381) is beyond type entryCount(142)
06-28 10:19:58.093 12507 12507 W ResourceType: For resource 0x7f0e017b, entry index(379) is beyond type entryCount(142)
06-28 10:19:58.093 12507 12507 W ResourceType: For resource 0x7f0e010f, entry index(271) is beyond type entryCount(142)
06-28 10:19:58.093 12507 12507 W ResourceType: For resource 0x7f0e00f8, entry index(248) is beyond type entryCount(142)
06-28 10:19:58.093 12507 12507 W ResourceType: For resource 0x7f0e010f, entry index(271) is beyond type entryCount(142)
06-28 10:19:58.093 12507 12507 W ResourceType: For resource 0x7f0e0122, entry index(290) is beyond type entryCount(142)
06-28 10:19:58.093 12507 12507 W ResourceType: For resource 0x7f0e010b, entry index(267) is beyond type entryCount(142)
06-28 10:19:58.093 12507 12507 W ResourceType: For resource 0x7f0e010c, entry index(268) is beyond type entryCount(142)
06-28 10:19:58.093 12507 12507 W ResourceType: For resource 0x7f0e01ad, entry index(429) is beyond type entryCount(142)
06-28 10:19:58.094 12507 12507 W ResourceType: For resource 0x7f0e01ac, entry index(428) is beyond type entryCount(142)
06-28 10:19:58.095  1401  6331 D gralloc_ranchu: gralloc_alloc: Creating ashmem region of size 544768
06-28 10:19:58.109 12507 12551 I net.osmand: MapRenderRepositories RENDER MAP: new request RotatedTileBox [lat=-7.5891947746276855, lon=-37.54106903076172, rotate=112.145966, density=2.625, zoom=17, mapDensity=2.625, zoomAnimation=0.0, zoomFloatPart=0.0, cx=1495, cy=810, pixWidth=2990, pixHeight=1620]
06-28 10:19:58.125 12507 12507 W ResourceType: For resource 0x7f0e01c4, entry index(452) is beyond type entryCount(142)
06-28 10:19:58.126 12507 12507 W ResourceType: For resource 0x7f0e01c4, entry index(452) is beyond type entryCount(142)
06-28 10:19:58.126 12507 12507 W ResourceType: For resource 0x7f0e0183, entry index(387) is beyond type entryCount(142)
06-28 10:19:58.126 12507 12507 W ResourceType: For resource 0x7f0e0187, entry index(391) is beyond type entryCount(142)
06-28 10:19:58.126 12507 12507 W ResourceType: For resource 0x7f0e0185, entry index(389) is beyond type entryCount(142)
06-28 10:19:58.126 12507 12507 W ResourceType: For resource 0x7f0e015d, entry index(349) is beyond type entryCount(142)
06-28 10:19:58.126 12507 12507 W ResourceType: For resource 0x7f0e0195, entry index(405) is beyond type entryCount(142)
06-28 10:19:58.126 12507 12507 W ResourceType: For resource 0x7f0e016c, entry index(364) is beyond type entryCount(142)
06-28 10:19:58.127 12507 12507 W ResourceType: For resource 0x7f0e0163, entry index(355) is beyond type entryCount(142)
06-28 10:19:58.127 12507 12507 W ResourceType: For resource 0x7f0e00db, entry index(219) is beyond type entryCount(142)
06-28 10:19:58.127 12507 12507 W ResourceType: For resource 0x7f0e0193, entry index(403) is beyond type entryCount(142)
06-28 10:19:58.127 12507 12507 W ResourceType: For resource 0x7f0e016f, entry index(367) is beyond type entryCount(142)
06-28 10:19:58.127 12507 12507 W ResourceType: For resource 0x7f0e0161, entry index(353) is beyond type entryCount(142)
06-28 10:19:58.127 12507 12507 W ResourceType: For resource 0x7f0e0170, entry index(368) is beyond type entryCount(142)
06-28 10:19:58.127 12507 12507 W ResourceType: For resource 0x7f0e0174, entry index(372) is beyond type entryCount(142)
06-28 10:19:58.127 12507 12507 I chatty  : uid=10104(net.osmand) identical 2 lines
06-28 10:19:58.127 12507 12507 W ResourceType: For resource 0x7f0e0174, entry index(372) is beyond type entryCount(142)
06-28 10:19:58.127 12507 12507 W ResourceType: For resource 0x7f0e0177, entry index(375) is beyond type entryCount(142)
06-28 10:19:58.127 12507 12507 W ResourceType: For resource 0x7f0e0160, entry index(352) is beyond type entryCount(142)
06-28 10:19:58.128 12507 12507 W ResourceType: For resource 0x7f0e0199, entry index(409) is beyond type entryCount(142)
06-28 10:19:58.128 12507 12507 W ResourceType: For resource 0x7f0e017e, entry index(382) is beyond type entryCount(142)
06-28 10:19:58.128 12507 12507 W ResourceType: For resource 0x7f0e017f, entry index(383) is beyond type entryCount(142)
06-28 10:19:58.128 12507 12507 W ResourceType: For resource 0x7f0e0196, entry index(406) is beyond type entryCount(142)
06-28 10:19:58.128 12507 12507 W ResourceType: For resource 0x7f0e0197, entry index(407) is beyond type entryCount(142)
06-28 10:19:58.128 12507 12507 W ResourceType: For resource 0x7f0e0140, entry index(320) is beyond type entryCount(142)
06-28 10:19:58.128 12507 12507 W ResourceType: For resource 0x7f0e00e7, entry index(231) is beyond type entryCount(142)
06-28 10:19:58.128 12507 12507 W ResourceType: For resource 0x7f0e0194, entry index(404) is beyond type entryCount(142)
06-28 10:19:58.128 12507 12507 W ResourceType: For resource 0x7f0e01a5, entry index(421) is beyond type entryCount(142)
06-28 10:19:58.128 12507 12507 W ResourceType: For resource 0x7f0e017d, entry index(381) is beyond type entryCount(142)
06-28 10:19:58.128 12507 12507 W ResourceType: For resource 0x7f0e017b, entry index(379) is beyond type entryCount(142)
06-28 10:19:58.128 12507 12507 W ResourceType: For resource 0x7f0e010f, entry index(271) is beyond type entryCount(142)
06-28 10:19:58.128 12507 12507 W ResourceType: For resource 0x7f0e00f8, entry index(248) is beyond type entryCount(142)
06-28 10:19:58.128 12507 12507 W ResourceType: For resource 0x7f0e010f, entry index(271) is beyond type entryCount(142)
06-28 10:19:58.128 12507 12507 W ResourceType: For resource 0x7f0e0122, entry index(290) is beyond type entryCount(142)
06-28 10:19:58.129 12507 12507 W ResourceType: For resource 0x7f0e010b, entry index(267) is beyond type entryCount(142)
06-28 10:19:58.129 12507 12507 W ResourceType: For resource 0x7f0e010c, entry index(268) is beyond type entryCount(142)
06-28 10:19:58.129 12507 12507 W ResourceType: For resource 0x7f0e01ad, entry index(429) is beyond type entryCount(142)
06-28 10:19:58.129 12507 12507 W ResourceType: For resource 0x7f0e01ac, entry index(428) is beyond type entryCount(142)
06-28 10:19:58.158 12507 12507 W ResourceType: For resource 0x7f0e01c4, entry index(452) is beyond type entryCount(142)
06-28 10:19:58.158 12507 12507 W ResourceType: For resource 0x7f0e01c4, entry index(452) is beyond type entryCount(142)
06-28 10:19:58.158 12507 12507 W ResourceType: For resource 0x7f0e0183, entry index(387) is beyond type entryCount(142)
06-28 10:19:58.159 12507 12507 W ResourceType: For resource 0x7f0e0187, entry index(391) is beyond type entryCount(142)
06-28 10:19:58.159 12507 12507 W ResourceType: For resource 0x7f0e0185, entry index(389) is beyond type entryCount(142)
06-28 10:19:58.159 12507 12507 W ResourceType: For resource 0x7f0e015d, entry index(349) is beyond type entryCount(142)
06-28 10:19:58.159 12507 12507 W ResourceType: For resource 0x7f0e0195, entry index(405) is beyond type entryCount(142)
06-28 10:19:58.160 12507 12507 W ResourceType: For resource 0x7f0e016c, entry index(364) is beyond type entryCount(142)
06-28 10:19:58.160 12507 12507 W ResourceType: For resource 0x7f0e0163, entry index(355) is beyond type entryCount(142)
06-28 10:19:58.160 12507 12507 W ResourceType: For resource 0x7f0e00db, entry index(219) is beyond type entryCount(142)
06-28 10:19:58.160 12507 12507 W ResourceType: For resource 0x7f0e0193, entry index(403) is beyond type entryCount(142)
06-28 10:19:58.160 12507 12507 W ResourceType: For resource 0x7f0e016f, entry index(367) is beyond type entryCount(142)
06-28 10:19:58.160 12507 12507 W ResourceType: For resource 0x7f0e0161, entry index(353) is beyond type entryCount(142)
06-28 10:19:58.160 12507 12507 W ResourceType: For resource 0x7f0e0170, entry index(368) is beyond type entryCount(142)
06-28 10:19:58.161 12507 12507 W ResourceType: For resource 0x7f0e0174, entry index(372) is beyond type entryCount(142)
06-28 10:19:58.161 12507 12507 I chatty  : uid=10104(net.osmand) identical 2 lines
06-28 10:19:58.161 12507 12507 W ResourceType: For resource 0x7f0e0174, entry index(372) is beyond type entryCount(142)
06-28 10:19:58.161 12507 12507 W ResourceType: For resource 0x7f0e0177, entry index(375) is beyond type entryCount(142)
06-28 10:19:58.161 12507 12507 W ResourceType: For resource 0x7f0e0160, entry index(352) is beyond type entryCount(142)
06-28 10:19:58.161 12507 12507 W ResourceType: For resource 0x7f0e0199, entry index(409) is beyond type entryCount(142)
06-28 10:19:58.161 12507 12507 W ResourceType: For resource 0x7f0e017e, entry index(382) is beyond type entryCount(142)
06-28 10:19:58.162 12507 12507 W ResourceType: For resource 0x7f0e017f, entry index(383) is beyond type entryCount(142)
06-28 10:19:58.162 12507 12507 W ResourceType: For resource 0x7f0e0196, entry index(406) is beyond type entryCount(142)
06-28 10:19:58.162 12507 12507 W ResourceType: For resource 0x7f0e0197, entry index(407) is beyond type entryCount(142)
06-28 10:19:58.162 12507 12507 W ResourceType: For resource 0x7f0e0140, entry index(320) is beyond type entryCount(142)
06-28 10:19:58.162 12507 12507 W ResourceType: For resource 0x7f0e00e7, entry index(231) is beyond type entryCount(142)
06-28 10:19:58.162 12507 12507 W ResourceType: For resource 0x7f0e0194, entry index(404) is beyond type entryCount(142)
06-28 10:19:58.162 12507 12507 W ResourceType: For resource 0x7f0e01a5, entry index(421) is beyond type entryCount(142)
06-28 10:19:58.162 12507 12507 W ResourceType: For resource 0x7f0e017d, entry index(381) is beyond type entryCount(142)
06-28 10:19:58.162 12507 12507 W ResourceType: For resource 0x7f0e017b, entry index(379) is beyond type entryCount(142)
06-28 10:19:58.162 12507 12507 W ResourceType: For resource 0x7f0e010f, entry index(271) is beyond type entryCount(142)
06-28 10:19:58.162 12507 12507 W ResourceType: For resource 0x7f0e00f8, entry index(248) is beyond type entryCount(142)
06-28 10:19:58.162 12507 12507 W ResourceType: For resource 0x7f0e010f, entry index(271) is beyond type entryCount(142)
06-28 10:19:58.162 12507 12507 W ResourceType: For resource 0x7f0e0122, entry index(290) is beyond type entryCount(142)
06-28 10:19:58.162 12507 12507 W ResourceType: For resource 0x7f0e010b, entry index(267) is beyond type entryCount(142)
06-28 10:19:58.162 12507 12507 W ResourceType: For resource 0x7f0e010c, entry index(268) is beyond type entryCount(142)
06-28 10:19:58.162 12507 12507 W ResourceType: For resource 0x7f0e01ad, entry index(429) is beyond type entryCount(142)
06-28 10:19:58.163 12507 12507 W ResourceType: For resource 0x7f0e01ac, entry index(428) is beyond type entryCount(142)
06-28 10:19:58.186 12507 12507 W ResourceType: For resource 0x7f0e017f, entry index(383) is beyond type entryCount(142)
06-28 10:19:58.186 12507 12507 W ResourceType: For resource 0x7f0e0091, entry index(145) is beyond type entryCount(142)
06-28 10:19:58.188 12507 12507 W ResourceType: For resource 0x7f0e016b, entry index(363) is beyond type entryCount(142)
06-28 10:19:58.191 19546 19546 I GeofencerStateMachine: sendNewLocationAvailability: availability=LocationAvailability[isLocationAvailable: false]
06-28 10:19:58.241 12507 12507 W ResourceType: For resource 0x7f0e017b, entry index(379) is beyond type entryCount(142)
06-28 10:19:58.250 12507 12507 W ResourceType: For resource 0x7f0e0125, entry index(293) is beyond type entryCount(142)
06-28 10:19:58.257  1708  1708 D EGL_emulation: eglCreateContext: 0x93037e40: maj 2 min 0 rcv 2
06-28 10:19:58.262  1708  1708 D EGL_emulation: eglMakeCurrent: 0x93037e40: ver 2 0 (tinfo 0x92183a80)
06-28 10:19:58.273 12507 12507 W ResourceType: For resource 0x7f0e0125, entry index(293) is beyond type entryCount(142)
06-28 10:19:58.276  1401  6331 D gralloc_ranchu: gralloc_alloc: Creating ashmem region of size 9547776
06-28 10:19:58.353  1708  1708 D EGL_emulation: eglMakeCurrent: 0x93037e40: ver 2 0 (tinfo 0x92183a80)
06-28 10:19:58.367 12507 12551 I net.osmand:native: Route objects 152
06-28 10:19:58.367 12507 12551 I net.osmand:native: Ocean: no completed & incompleted coastlines 0
06-28 10:19:58.367 12507 12551 I net.osmand:native: Detailed coastlines = 0, basemap coastlines 0, ocean tile 0.000000. Detailed added 0, basemap processed 1, basemap added 0.
06-28 10:19:58.367 12507 12551 I net.osmand:native: Search : tree - read( 413), accept( 34), objs - visit( 2366), accept(164), in result(152) 
06-28 10:19:58.367 12507 12551 I net.osmand: MapRenderRepositories BLat=-7.5967308521270756, TLat=-7.581663465499878, LLong=-37.54644012451172, RLong=-37.535701751708984, zoom=17
06-28 10:19:58.372 12507 12551 I net.osmand: MapRenderRepositories Native search: 257 ms 
06-28 10:19:58.372 12507 12551 W net.osmand: MapRenderRepositories Create new image ? 2990 != 1800 (w) 1620 != 2690 (h) 
06-28 10:19:58.384 12507 12551 I net.osmand:native: Creating SkBitmap in native w:2990 h:1620 s:11960 f:1!
06-28 10:19:58.384 12507 12551 I net.osmand:native: Row bytes for RGBA_8888 is 11960
06-28 10:19:58.384 12507 12551 I net.osmand:native: Locked 19375200 bytes at 0x7b180000
06-28 10:19:58.384 12507 12551 I net.osmand:native: Initializing rendering
06-28 10:19:58.386 12507 12551 I net.osmand:native: Rendering image
06-28 10:19:58.414  1401  6331 D gralloc_ranchu: gralloc_alloc: Creating ashmem region of size 9547776
06-28 10:19:58.445 12507 12507 W ResourceType: For resource 0x7f0e01a5, entry index(421) is beyond type entryCount(142)
06-28 10:19:58.445 12507 12507 W ResourceType: For resource 0x7f0e00a9, entry index(169) is beyond type entryCount(142)
06-28 10:19:58.517 12507 12507 W ResourceType: For resource 0x7f0e01bc, entry index(444) is beyond type entryCount(142)
06-28 10:19:58.558 12507 12507 W ResourceType: For resource 0x7f0e0132, entry index(306) is beyond type entryCount(142)
06-28 10:19:58.558 12507 12507 W ResourceType: For resource 0x7f0e00f7, entry index(247) is beyond type entryCount(142)
06-28 10:19:58.560 12507 12507 W ResourceType: For resource 0x7f0e0131, entry index(305) is beyond type entryCount(142)
06-28 10:19:58.560 12507 12507 W ResourceType: For resource 0x7f0e010f, entry index(271) is beyond type entryCount(142)
06-28 10:19:58.561 12507 12507 W ResourceType: For resource 0x7f0e00bc, entry index(188) is beyond type entryCount(142)
06-28 10:19:58.563 12507 12507 W ResourceType: For resource 0x7f0e011d, entry index(285) is beyond type entryCount(142)
06-28 10:19:58.564 12507 12507 I chatty  : uid=10104(net.osmand) identical 4 lines
06-28 10:19:58.564 12507 12507 W ResourceType: For resource 0x7f0e011d, entry index(285) is beyond type entryCount(142)
06-28 10:19:58.564 12507 12507 W ResourceType: For resource 0x7f0e00bd, entry index(189) is beyond type entryCount(142)
06-28 10:19:58.565 12507 12507 W ResourceType: For resource 0x7f0e011d, entry index(285) is beyond type entryCount(142)
06-28 10:19:58.599 12507 12507 I chatty  : uid=10104(net.osmand) identical 18 lines
06-28 10:19:58.599 12507 12507 W ResourceType: For resource 0x7f0e011d, entry index(285) is beyond type entryCount(142)
06-28 10:19:58.608 12507 12507 W ResourceType: For resource 0x7f0e01ac, entry index(428) is beyond type entryCount(142)
06-28 10:19:58.608 12507 12507 W ResourceType: For resource 0x7f0e00ae, entry index(174) is beyond type entryCount(142)
06-28 10:19:58.608 12507 12507 W ResourceType: For resource 0x7f0e013d, entry index(317) is beyond type entryCount(142)
06-28 10:19:58.608 12507 12507 W ResourceType: For resource 0x7f0e013e, entry index(318) is beyond type entryCount(142)
06-28 10:19:58.645  1708  1708 I Choreographer: Skipped 41 frames!  The application may be doing too much work on its main thread.
06-28 10:19:58.647 12507 12507 W ResourceType: For resource 0x7f0e013b, entry index(315) is beyond type entryCount(142)
06-28 10:19:58.652 12507 12507 I chatty  : uid=10104(net.osmand) identical 9 lines
06-28 10:19:58.652 12507 12507 W ResourceType: For resource 0x7f0e013b, entry index(315) is beyond type entryCount(142)
06-28 10:19:58.676  1401  6331 D gralloc_ranchu: gralloc_alloc: Creating ashmem region of size 544768
06-28 10:19:58.770 12507 12525 I zygote  : Waiting for a blocking GC ProfileSaver
06-28 10:19:58.909  1401  6331 D gralloc_ranchu: gralloc_alloc: Creating ashmem region of size 274432
06-28 10:19:58.930 19546 21085 W System.err: java.net.ConnectException: Failed to connect to www.google.com/2800:3f0:4001:801::2004:443
06-28 10:19:58.930 19546 21085 W System.err: 	at com.android.okhttp.internal.io.RealConnection.connectSocket(RealConnection.java:143)
06-28 10:19:58.930 19546 21085 W System.err: 	at com.android.okhttp.internal.io.RealConnection.connect(RealConnection.java:112)
06-28 10:19:58.930 19546 21085 W System.err: 	at com.android.okhttp.internal.http.StreamAllocation.findConnection(StreamAllocation.java:184)
06-28 10:19:58.930 19546 21085 W System.err: 	at com.android.okhttp.internal.http.StreamAllocation.findHealthyConnection(StreamAllocation.java:126)
06-28 10:19:58.930 19546 21085 W System.err: 	at com.android.okhttp.internal.http.StreamAllocation.newStream(StreamAllocation.java:95)
06-28 10:19:58.930 19546 21085 W System.err: 	at com.android.okhttp.internal.http.HttpEngine.connect(HttpEngine.java:281)
06-28 10:19:58.930 19546 21085 W System.err: 	at com.android.okhttp.internal.http.HttpEngine.sendRequest(HttpEngine.java:224)
06-28 10:19:58.930 19546 21085 W System.err: 	at com.android.okhttp.internal.huc.HttpURLConnectionImpl.execute(HttpURLConnectionImpl.java:461)
06-28 10:19:58.930 19546 21085 W System.err: 	at com.android.okhttp.internal.huc.HttpURLConnectionImpl.connect(HttpURLConnectionImpl.java:127)
06-28 10:19:58.930 19546 21085 W System.err: 	at com.android.okhttp.internal.huc.HttpURLConnectionImpl.getOutputStream(HttpURLConnectionImpl.java:258)
06-28 10:19:58.930 19546 21085 W System.err: 	at com.android.okhttp.internal.huc.DelegatingHttpsURLConnection.getOutputStream(DelegatingHttpsURLConnection.java:218)
06-28 10:19:58.931 19546 21085 W System.err: 	at com.android.okhttp.internal.huc.HttpsURLConnectionImpl.getOutputStream(Unknown Source:0)
06-28 10:19:58.931 19546 21085 W System.err: 	at bumh.run(:com.google.android.gms@17785022@17.7.85 (040700-253824076):24)
06-28 10:19:58.931 19546 21085 W System.err: 	at java.util.concurrent.ThreadPoolExecutor.runWorker(ThreadPoolExecutor.java:1162)
06-28 10:19:58.931 19546 21085 W System.err: 	at java.util.concurrent.ThreadPoolExecutor$Worker.run(ThreadPoolExecutor.java:636)
06-28 10:19:58.931 19546 21085 W System.err: 	at java.lang.Thread.run(Thread.java:764)
06-28 10:19:59.050 19546 19546 I GeofencerStateMachine: sendNewLocationAvailability: availability=LocationAvailability[isLocationAvailable: false]
06-28 10:19:59.072  1708  1708 D StatusBar: disable<e i a s b h r c s q >
06-28 10:19:59.111  1708  1926 D EGL_emulation: eglMakeCurrent: 0x9268e860: ver 2 0 (tinfo 0x92690770)
06-28 10:19:59.131  1603  1612 I zygote  : Background concurrent copying GC freed 30708(2MB) AllocSpace objects, 30(1112KB) LOS objects, 25% free, 17MB/23MB, paused 1.513ms total 1.191s
06-28 10:19:59.160  1401  6331 D gralloc_ranchu: gralloc_alloc: Creating ashmem region of size 274432
06-28 10:19:59.164 12507 12551 I net.osmand:native: Native ok (rendering 0, text 337 ms) 
06-28 10:19:59.164 12507 12551 I net.osmand:native:  (1316 points, 626 points inside, 296 of 309 objects visible)
06-28 10:19:59.164 12507 12551 I net.osmand:native: End Rendering image
06-28 10:19:59.164 12507 12551 I net.osmand:native: Native ok (init 1, rendering 0) 
06-28 10:19:59.188 12507 12551 I net.osmand: MapRenderRepositories true
06-28 10:19:59.190 12507 12507 W System.err: OnCreate for MapActivity took 1172 ms
06-28 10:19:59.297  1708  1708 W StatusBar/NavBarView: *** Invalid layout in navigation bar (sizeChanged this=1080x126 cur=1038x126)
06-28 10:19:59.415 12507 12507 D InAppPurchaseHelper: Destroying helper.
06-28 10:19:59.478  1708  1708 W StatusBar: removeNotification for unknown key: 0|net.osmand|1005|null|10104
06-28 10:19:59.491 12507 12507 D net.osmand: Enable sensor
06-28 10:19:59.503  1401  6331 D gralloc_ranchu: gralloc_alloc: Creating ashmem region of size 274432
06-28 10:19:59.523  1603  1624 W WindowManager: App freeze timeout expired.
06-28 10:19:59.523  1603  1624 W WindowManager: Force clearing freeze: AppWindowToken{7f9f85e token=Token{78330ba ActivityRecord{35e9de5 u0 net.osmand/.plus.activities.MapActivity t60}}}
06-28 10:19:59.523  1603  1624 I WindowManager: Screen frozen for +2s377ms due to AppWindowToken{7f9f85e token=Token{78330ba ActivityRecord{35e9de5 u0 net.osmand/.plus.activities.MapActivity t60}}}
06-28 10:19:59.549  1412  1412 D SurfaceFlinger: duplicate layer name: changing BlackSurface to BlackSurface#1
06-28 10:19:59.572  1412  1412 D SurfaceFlinger: duplicate layer name: changing BlackSurface to BlackSurface#1
06-28 10:19:59.637 12507 12507 W System.err: OnCreate for MapActivity took 221 ms
06-28 10:19:59.675  1708  1926 D EGL_emulation: eglMakeCurrent: 0x9268e860: ver 2 0 (tinfo 0x92690770)
06-28 10:19:59.763 12507 12507 I Choreographer: Skipped 126 frames!  The application may be doing too much work on its main thread.
06-28 10:19:59.854  1401  6331 D gralloc_ranchu: gralloc_alloc: Creating ashmem region of size 8298496
06-28 10:19:59.861 12507 12507 W ResourceType: For resource 0x7f0e013b, entry index(315) is beyond type entryCount(142)
06-28 10:19:59.865 12507 12507 I chatty  : uid=10104(net.osmand) identical 7 lines
06-28 10:19:59.865 12507 12507 W ResourceType: For resource 0x7f0e013b, entry index(315) is beyond type entryCount(142)
06-28 10:19:59.866 12507 12552 I net.osmand: MapRenderRepositories RENDER MAP: update due to rotation
06-28 10:19:59.866 12507 12552 I net.osmand: MapRenderRepositories RENDER MAP: Interrupt rendering map
06-28 10:19:59.871 12507 12507 W ResourceType: For resource 0x7f0e013b, entry index(315) is beyond type entryCount(142)
06-28 10:19:59.914 12507 12507 I chatty  : uid=10104(net.osmand) identical 6 lines
06-28 10:19:59.973 12507 12507 W ResourceType: For resource 0x7f0e013b, entry index(315) is beyond type entryCount(142)
06-28 10:19:59.973 12507 12551 I net.osmand: MapRenderRepositories RENDER MAP: new request RotatedTileBox [lat=-7.5891947746276855, lon=-37.54106903076172, rotate=4.4291916, density=2.625, zoom=17, mapDensity=2.625, zoomAnimation=0.0, zoomFloatPart=0.0, cx=900, cy=1297, pixWidth=1800, pixHeight=2595]
06-28 10:19:59.973 12507 12507 W ResourceType: For resource 0x7f0e013b, entry index(315) is beyond type entryCount(142)
06-28 10:20:00.075 12507 12507 I chatty  : uid=10104(net.osmand) identical 48 lines
06-28 10:20:00.075 12507 12507 W ResourceType: For resource 0x7f0e013b, entry index(315) is beyond type entryCount(142)
06-28 10:20:00.079  1603  1603 I GnssLocationProvider: WakeLock acquired by sendMessage(SUBSCRIPTION_OR_SIM_CHANGED, 0, null)
06-28 10:20:00.085 19546 19546 I GeofencerStateMachine: sendNewLocationAvailability: availability=LocationAvailability[isLocationAvailable: false]
06-28 10:20:00.087 12507 12507 W ResourceType: For resource 0x7f0e013b, entry index(315) is beyond type entryCount(142)
06-28 10:20:00.088 12507 12507 I chatty  : uid=10104(net.osmand) identical 1 line
06-28 10:20:00.091 12507 12507 W ResourceType: For resource 0x7f0e013b, entry index(315) is beyond type entryCount(142)
06-28 10:20:00.092 12507 12507 W View    : requestLayout() improperly called by android.widget.ListView{ddbf524 VFED.VC.. ......ID 0,0-735,1794 #7f0803ba app:id/menuItems} during layout: running second layout pass
06-28 10:20:00.095  1603  4760 W ActivityManager: Background start not allowed: service Intent { cmp=com.google.android.apps.messaging/.shared.datamodel.action.execution.ActionExecutorImpl$EmptyService } to com.google.android.apps.messaging/.shared.datamodel.action.execution.ActionExecutorImpl$EmptyService from pid=19840 uid=10068 pkg=com.google.android.apps.messaging
06-28 10:20:00.118 19840 19840 W BugleDataModel: ActionExecutorImpl: Action started execution, but we can't guarantee it will complete, the app may be killed. Action: class com.google.android.apps.messaging.shared.datamodel.action.CountryCodeDetectorAction-CountryCodeDetectorAction:10451912030
06-28 10:20:00.118 19840 19840 W BugleDataModel: java.lang.IllegalStateException: Not allowed to start service Intent { cmp=com.google.android.apps.messaging/.shared.datamodel.action.execution.ActionExecutorImpl$EmptyService }: app is in background uid UidRecord{bd3fb4b u0a68 CEM  idle change:cached procs:1 seq(0,0,0)}
06-28 10:20:00.118 19840 19840 W BugleDataModel: 	at android.app.ContextImpl.startServiceCommon(ContextImpl.java:1521)
06-28 10:20:00.118 19840 19840 W BugleDataModel: 	at android.app.ContextImpl.startService(ContextImpl.java:1477)
06-28 10:20:00.118 19840 19840 W BugleDataModel: 	at android.content.ContextWrapper.startService(ContextWrapper.java:650)
06-28 10:20:00.118 19840 19840 W BugleDataModel: 	at com.google.android.apps.messaging.shared.datamodel.action.execution.ActionExecutorImpl.a(SourceFile:21)
06-28 10:20:00.118 19840 19840 W BugleDataModel: 	at com.google.android.apps.messaging.shared.datamodel.action.execution.ActionExecutorImpl.b(SourceFile:18)
06-28 10:20:00.118 19840 19840 W BugleDataModel: 	at efs.a(SourceFile:137)
06-28 10:20:00.118 19840 19840 W BugleDataModel: 	at efs.a(SourceFile:85)
06-28 10:20:00.118 19840 19840 W BugleDataModel: 	at eex.b(SourceFile:31)
06-28 10:20:00.118 19840 19840 W BugleDataModel: 	at eex.a(SourceFile:93)
06-28 10:20:00.118 19840 19840 W BugleDataModel: 	at com.google.android.apps.messaging.shared.datamodel.action.common.ThrottledAction.h(SourceFile:32)
06-28 10:20:00.118 19840 19840 W BugleDataModel: 	at dny.onSubscriptionsChanged(SourceFile:4)
06-28 10:20:00.118 19840 19840 W BugleDataModel: 	at android.telephony.SubscriptionManager$OnSubscriptionsChangedListener$1.handleMessage(SubscriptionManager.java:419)
06-28 10:20:00.118 19840 19840 W BugleDataModel: 	at android.os.Handler.dispatchMessage(Handler.java:106)
06-28 10:20:00.118 19840 19840 W BugleDataModel: 	at android.os.Looper.loop(Looper.java:164)
06-28 10:20:00.118 19840 19840 W BugleDataModel: 	at android.app.ActivityThread.main(ActivityThread.java:6494)
06-28 10:20:00.118 19840 19840 W BugleDataModel: 	at java.lang.reflect.Method.invoke(Native Method)
06-28 10:20:00.118 19840 19840 W BugleDataModel: 	at com.android.internal.os.RuntimeInit$MethodAndArgsCaller.run(RuntimeInit.java:438)
06-28 10:20:00.118 19840 19840 W BugleDataModel: 	at com.android.internal.os.ZygoteInit.main(ZygoteInit.java:807)
06-28 10:20:00.118 19840 19840 I BugleAction: ActionSchedulerImpl: class com.google.android.apps.messaging.shared.datamodel.action.CountryCodeDetectorAction-CountryCodeDetectorAction:10451912030 deferred since it was started from unsafe context
06-28 10:20:00.131  1844  1844 D MccTable: updateMccMncConfiguration mccmnc='null' fromServiceState=true
06-28 10:20:00.131  1844  1844 D MccTable: WIFI_COUNTRY_CODE set to 
06-28 10:20:00.132  1603  4760 I WifiService: WifiService trying to set country code to  with persist set to false
06-28 10:20:00.132  1603  4760 I WifiService: setCountryCode uid=1001
06-28 10:20:00.153  1708  1926 D EGL_emulation: eglMakeCurrent: 0x9268e860: ver 2 0 (tinfo 0x92690770)
06-28 10:20:00.162  1603  1614 I WifiService: acquireWifiLock uid=10014 lockMode=2
06-28 10:20:00.168 12507 12519 I zygote  : NativeAlloc concurrent copying GC freed 46767(1541KB) AllocSpace objects, 13(580KB) LOS objects, 18% free, 27MB/33MB, paused 19.842ms total 3.183s
06-28 10:20:00.172 12507 12525 I zygote  : WaitForGcToComplete blocked ProfileSaver on HeapTrim for 1.410s
06-28 10:20:00.192  1603  1616 E GnssLocationProvider: no AGPS interface in set_agps_server
06-28 10:20:00.194  1603  1616 I GnssLocationProvider: WakeLock released by handleMessage(SUBSCRIPTION_OR_SIM_CHANGED, 0, null)
06-28 10:20:00.224  1603  2974 W ActivityManager: Background start not allowed: service Intent { cmp=com.google.android.apps.messaging/.shared.datamodel.action.execution.ActionExecutorImpl$EmptyService } to com.google.android.apps.messaging/.shared.datamodel.action.execution.ActionExecutorImpl$EmptyService from pid=19840 uid=10068 pkg=com.google.android.apps.messaging
06-28 10:20:00.229  1844  1844 D ServiceStateProvider: subId=1
06-28 10:20:00.268 12507 12638 D EGL_emulation: eglMakeCurrent: 0xa6785900: ver 2 0 (tinfo 0xa6783410)
06-28 10:20:00.312  1401  6331 D gralloc_ranchu: gralloc_alloc: Creating ashmem region of size 8298496
06-28 10:20:00.324 19840 23464 W Bugle   : BuglePhoneNumberUtils: canonicalizeMccMnc: invalid mccmnc. mcc: null, mnc: null
06-28 10:20:00.339  1844  1844 I Telephony: PstnIncomingCallNotifier: Unregistering: Handler (com.android.internal.telephony.GsmCdmaPhone) {438750e}
06-28 10:20:00.344  1401  6331 D gralloc_ranchu: gralloc_alloc: Creating ashmem region of size 3878912
06-28 10:20:00.351 19840 23464 I Bugle   : Carrier configs loaded: Bundle[{carrier_volte_provisioned_bool=false, httpSocketTimeout=60000, carrier_wfc_supports_wifi_only_bool=false, carrier_default_actions_on_default_network_available_string_array=[Ljava.lang.String;@a36ba9c, operator_selection_expand_bool=true, disable_cdma_activation_code_bool=false, simplified_network_settings_bool=false, enable_apps_string_array=null, carrier_default_wfc_ims_roaming_enabled_bool=false, cdma_nonroaming_networks_string_array=null, aliasMinChars=2, wfc_data_spn_format_idx_int=0, hide_sim_lock_settings_bool=false, drop_video_call_when_answering_audio_call_bool=false, ci_action_on_sys_update_bool=false, convert_cdma_caller_id_mmi_codes_while_roaming_on_3gpp_bool=false, vvm_port_number_int=1808, carrier_default_wfc_ims_enabled_bool=false, dial_string_replace_string_array=null, gsm_nonroaming_networks_string_array=null, hide_ims_apn_bool=false, vvm_destination_number_string=122, dtmf_type_enabled_bool=false, allow_video_calling_fallback_bool=true, config_ims_package_override_string=null, smsToMmsTextThreshold=-1, disable_severe_when_extreme_disabled_bool=true, force_home_network_bool=false, enableSMSDeliveryReports=true, auto_retry_enabled_bool=false, carrier_force_disable_etws_cmas_test_bool=false, allow_emergency_video_calls_bool=false, csp_enabled_bool=false, default_sim_call_manager_string=, call_forwarding_blocks_while_roaming_string_array=null, emergency_notification_delay_int=-1, support_video_conference_call_bool=false, ims_dtmf_tone_delay_int=0, carrier_instant_lettering_escaped_chars_string=, carrier_default_wfc_ims_roaming_mode_int=2, editable_wfc_mode_bool=true, support_direct_fdn_dialing_bool=false, carrier_wifi_string_array=null, treat_downgraded_video_calls_as_video_calls_bool=false, wifi_calls_can_be_hd_audio=true, support_downgrade_vt_to_audio_bool=true, notify_handover_video_from_lte_to_wifi_bool=false, use_otasp_for_provisioning_bool=false, maxMessageTextSize=-1, duration_blocking_disabled_after_emergency_int=7200, carrier_metered_roaming_apn_types_strings=[Ljava.lang.String;@6d12ca5, show_apn_setting_cdma_bool=false, carrier_instant_lettering_length_limit_int=64, carrier_instant_lettering_invalid_chars_string=, carrier_setup_app_string=, editable_wfc_roaming_mode_bool=false, supportMmsContentDisposition=true, allow_non_emergency_calls_in_ecm_bool=true, use_rcs_presence_bool=false, cdma_dtmf_tone_delay_int=100, editable_voicemail_number_bool=false, carrier_data_call_apn_retry_after_disconnect_long=10000, filtered_cnap_names_string_array=null, enabledTransID=false, aliasEnabled=false, vvm_disabled_capabilities_string_array=null, ims_conference_size_limit_int=5, supportHttpCharsetHeader=false, vvm_prefetch_bool=true, hide_enhanced_4g_lte_bool=false, display_hd_audio_property_bool=true, has_in_call_noise_suppression_bool=false, voicemail_notification_persistent_bool=false, carrier_default_actions_on_reset_string_array=[Ljava.lang.String;@f48787a, world_phone_bool=false, ims_reasoninfo_mapping_string_array=null, default_vm_number_string=, data_limit_threshold_bytes_long=-1, allowAttachAudio=true, ci_action_on_sys_update_extra_string=, ignore_sim_network_locked_events_bool=false, spamForwardingNumber=7726, notify_international_call_on_wfc_bool=false, call_forwarding_map_non_number_to_voicemail_bool=false, carrier_instant_lettering_available_bool=false, stk_disable_launch_browser_bool=false, carrier_use_ims_first_for_emergency_bool=true, carrier_vt_available_bool=true, smsToMmsTextLengthThreshold=-1, config_wifi_disable_in_ecbm=false, ci_action_on_sys_update_intent_string=, additional_call_setting_bool=true, carrier_app_no_wake_signal_config=null, sms_requires_destination_number_conversion_bool=false, carrier_default_actions_on_redirection_string_array=[Ljava.lang.String;@eeca82b, support_swap_after_merge_bool=true, recipientLimit=2147483647, notify_vt_handover_to_wifi_failure_bool=false, gsm_dtmf_tone_delay_int=0, show_onscreen_dial_button_bool=true, uaProfTagName=x-wap-profile, sim_network_unlock_allow_dismiss_bool=true, cdma_3waycal
06-28 10:20:00.407  1603  1603 I Telecom : CallLogManager: Country ISO changed. Retrieving new ISO...: CLM.oCD@CDg
06-28 10:20:00.449 19546 23395 W Conscrypt: Could not set socket write timeout: java.net.SocketException: Socket closed
06-28 10:20:00.459  1603  2974 I Telecom : PhoneAccountRegistrar: Modify account: [ComponentInfo{com.android.phone/com.android.services.telephony.TelephonyConnectionService}, [****], UserHandle{0}(lbl:  -> Android)(desc:  -> Android)]: TSI.rPA@CDk
06-28 10:20:00.470  1844  1844 I Telephony: AccountEntry: Registered phoneAccount: [[ ] PhoneAccount: ComponentInfo{com.android.phone/com.android.services.telephony.TelephonyConnectionService}, [****], UserHandle{0} Capabilities: CallProvider MultiUser PlaceEmerg SimSub  Audio Routes: BESW Schemes: tel voicemail  Extras: Bundle[{android.telecom.extra.SUPPORTS_VIDEO_CALLING_FALLBACK=true}] GroupId: [****]] with handle: ComponentInfo{com.android.phone/com.android.services.telephony.TelephonyConnectionService}, [****], UserHandle{0}
06-28 10:20:00.470  1844  1844 I Telephony: PstnIncomingCallNotifier: Registering: Handler (com.android.internal.telephony.GsmCdmaPhone) {438750e}
06-28 10:20:00.494  1401  6331 D gralloc_ranchu: gralloc_alloc: Creating ashmem region of size 8298496
06-28 10:20:00.495 19546 23395 W Conscrypt: 	at com.google.android.gms.org.conscrypt.Platform.setSocketWriteTimeout(:com.google.android.gms@17785022@17.7.85 (040700-253824076):2)
06-28 10:20:00.496 19546 23395 W Conscrypt: 	at com.google.android.gms.org.conscrypt.ConscryptFileDescriptorSocket.setSoWriteTimeout(:com.google.android.gms@17785022@17.7.85 (040700-253824076):2)
06-28 10:20:00.498  1844  1844 D TelephonyProvider: subIdString = 1 subId = 1
06-28 10:20:00.579  1844  1844 D TelephonyProvider: subIdString = 1 subId = 1
06-28 10:20:00.589  1412  1412 W SurfaceFlinger: couldn't log to binary event log: overflow.
06-28 10:20:00.646  1844  1844 D TelephonyProvider: subIdString = 1 subId = 1
06-28 10:20:00.668  1844  1844 I chatty  : uid=1001(radio) com.android.phone identical 1 line
06-28 10:20:00.676  1844  1844 D TelephonyProvider: subIdString = 1 subId = 1
06-28 10:20:00.709  1603  1674 D RecurrenceRule: Resolving using anchor 2019-06-28T14:20:00.709Z[GMT]
06-28 10:20:00.711  1603  1674 D RecurrenceRule: Resolving using anchor 2019-06-28T14:20:00.711Z[GMT]
06-28 10:20:00.714  1603  1674 D RecurrenceRule: Cycle 17 from 2019-06-09T00:00Z[GMT] to 2019-07-09T00:00Z[GMT]
06-28 10:20:00.715  1603  1681 I WifiService: getConnectionInfo uid=1000
06-28 10:20:00.721 12507 12551 I net.osmand:native: Route objects 111
06-28 10:20:00.721 12507 12551 I net.osmand:native: Ocean: no completed & incompleted coastlines 0
06-28 10:20:00.721 12507 12551 I net.osmand:native: Detailed coastlines = 0, basemap coastlines 0, ocean tile 0.000000. Detailed added 0, basemap processed 1, basemap added 0.
06-28 10:20:00.721 12507 12551 I net.osmand:native: Search : tree - read( 413), accept( 33), objs - visit( 2326), accept(123), in result(111) 
06-28 10:20:00.722 12507 12551 I net.osmand: MapRenderRepositories BLat=-7.5952805280685425, TLat=-7.583114266395569, LLong=-37.545143127441406, RLong=-37.536991119384766, zoom=17
06-28 10:20:00.722 12507 12551 I net.osmand: MapRenderRepositories Native search: 749 ms 
06-28 10:20:00.722 12507 12551 W net.osmand: MapRenderRepositories Create new image ? 1800 != 1800 (w) 2595 != 2690 (h) 
06-28 10:20:00.725 12507 12551 I net.osmand:native: Creating SkBitmap in native w:1800 h:2595 s:7200 f:1!
06-28 10:20:00.725 12507 12551 I net.osmand:native: Row bytes for RGBA_8888 is 7200
06-28 10:20:00.725 12507 12551 I net.osmand:native: Locked 18684000 bytes at 0x7c580000
06-28 10:20:00.725 12507 12551 I net.osmand:native: Initializing rendering
06-28 10:20:00.739 22551 22609 I PBSessionCacheImpl: Deleted sessionId[6887564989473] from persistence.
06-28 10:20:00.750 12507 12551 I net.osmand:native: Rendering image
06-28 10:20:00.748  1844  1844 D TelephonyProvider: subIdString = 1 subId = 1
06-28 10:20:00.775  1603  1674 D NetworkStats: Resolving plan for NetworkTemplate: matchRule=MOBILE_ALL, subscriberId=310260..., matchSubscriberIds=[310260...]
06-28 10:20:00.778  1603  1674 D NetworkStats: Found active matching subId 1
06-28 10:20:00.797  1603  1674 D NetworkStats: Resolved to plan null
06-28 10:20:00.795  1844  1844 D TelephonyProvider: subIdString = 1 subId = 1
06-28 10:20:00.809 22551 22596 W SearchServiceCore: Abort, client detached.
06-28 10:20:00.817  1603  2155 I WifiService: getWifiEnabledState uid=10032
06-28 10:20:00.839  1844  1844 D TelephonyProvider: subIdString = 1 subId = 1
06-28 10:20:00.866  1844  1844 I Telephony: PstnPhoneCapabilitiesNotifier: handleVideoCapabilitesChanged. Video capability - false
06-28 10:20:00.901  1603  2974 I Telecom : PhoneAccountRegistrar: Modify account: [ComponentInfo{com.android.phone/com.android.services.telephony.TelephonyConnectionService}, [****], UserHandle{0}]: TSI.rPA@CDw
06-28 10:20:00.862  1844  1844 D TelephonyProvider: subIdString = 1 subId = 1
06-28 10:20:00.910  1401  6331 D gralloc_ranchu: gralloc_alloc: Creating ashmem region of size 3878912
06-28 10:20:01.315  1844  1855 I zygote  : Background concurrent copying GC freed 35990(2MB) AllocSpace objects, 0(0B) LOS objects, 49% free, 2MB/4MB, paused 1.273ms total 460.490ms
06-28 10:20:01.358  1603 23423 D NetworkMonitor/NetworkAgentInfo [MOBILE (LTE) - 100]: PROBE_DNS www.google.com 10044ms OK 172.217.28.228
06-28 10:20:01.422  1603 23424 D NetworkMonitor/NetworkAgentInfo [MOBILE (LTE) - 100]: PROBE_DNS connectivitycheck.gstatic.com 10112ms OK 172.217.172.131
06-28 10:20:01.554 12507 12551 I net.osmand:native: Native ok (rendering 1, text 266 ms) 
06-28 10:20:01.554 12507 12551 I net.osmand:native:  (917 points, 620 points inside, 215 of 223 objects visible)
06-28 10:20:01.554 12507 12551 I net.osmand:native: End Rendering image
06-28 10:20:01.554 12507 12551 I net.osmand:native: Native ok (init 24, rendering 1) 
06-28 10:20:01.555 12507 12551 I net.osmand: MapRenderRepositories true
06-28 10:20:01.649  1603 23424 D NetworkMonitor/NetworkAgentInfo [MOBILE (LTE) - 100]: PROBE_HTTP http://connectivitycheck.gstatic.com/generate_204 time=226ms ret=204 request={User-Agent=[Mozilla/5.0 (X11; Linux x86_64) AppleWebKit/537.36 (KHTML, like Gecko) Chrome/60.0.3112.32 Safari/537.36]} headers={null=[HTTP/1.1 204 No Content], Content-Length=[0], Date=[Fri, 28 Jun 2019 14:20:01 GMT], X-Android-Received-Millis=[1561731601648], X-Android-Response-Source=[NETWORK 204], X-Android-Selected-Protocol=[http/1.1], X-Android-Sent-Millis=[1561731601501]}
06-28 10:20:01.661  1603  2020 D NetworkMonitor/NetworkAgentInfo [MOBILE (LTE) - 100]: PROBE_FALLBACK http://www.google.com/gen_204 time=7351ms ret=204 request={User-Agent=[Mozilla/5.0 (X11; Linux x86_64) AppleWebKit/537.36 (KHTML, like Gecko) Chrome/60.0.3112.32 Safari/537.36]} headers={null=[HTTP/1.1 204 No Content], Content-Length=[0], Content-Type=[text/html; charset=UTF-8], Date=[Fri, 28 Jun 2019 14:20:01 GMT], P3P=[CP="This is not a P3P policy! See g.co/p3phelp for more info."], Server=[gws], Set-Cookie=[1P_JAR=2019-06-28-14; expires=Sun, 28-Jul-2019 14:20:01 GMT; path=/; domain=.google.com, NID=186=G_vywENmEI2ZuHcn6KeAAih5jnc2xiVXrUGVEZXR_DOYnZvK9ZCeFF1OySGSiK7zwzj2bkhqoEJPdEklzKs8t_inN_4nHxazDSk6I1DrPVVfPx7gxwOzIqAqyOtTCfEBXLPv2NjTd6rLyPaiEa57g1z3tuYPJ4h-5VY-m6ARshA; expires=Sat, 28-Dec-2019 14:20:01 GMT; path=/; domain=.google.com; HttpOnly], X-Android-Received-Millis=[1561731601661], X-Android-Response-Source=[NETWORK 204], X-Android-Selected-Protocol=[http/1.1], X-Android-Sent-Millis=[1561731601493], X-Frame-Options=[SAMEORIGIN], X-XSS-Protection=[0]}
06-28 10:20:01.669  1603 23423 D NetworkMonitor/NetworkAgentInfo [MOBILE (LTE) - 100]: PROBE_HTTPS https://www.google.com/generate_204 time=301ms ret=204 request={User-Agent=[Mozilla/5.0 (X11; Linux x86_64) AppleWebKit/537.36 (KHTML, like Gecko) Chrome/60.0.3112.32 Safari/537.36]} headers={null=[HTTP/1.1 204 No Content], Alt-Svc=[quic=":443"; ma=2592000; v="46,44,43,39"], Content-Length=[0], Date=[Fri, 28 Jun 2019 14:20:01 GMT], X-Android-Received-Millis=[1561731601669], X-Android-Response-Source=[NETWORK 204], X-Android-Selected-Protocol=[http/1.1], X-Android-Sent-Millis=[1561731601549]}
06-28 10:20:01.711  1603  1681 D ConnectivityService: NetworkAgentInfo [MOBILE (LTE) - 100] validation passed
06-28 10:20:01.716  1603  1681 D ConnectivityService: Switching to new default network: NetworkAgentInfo{ ni{[type: MOBILE[LTE], state: SUSPENDED/SUSPENDED, reason: (unspecified), extra: epc.tmobile.com, failover: false, available: true, roaming: false]}  network{100}  nethandle{429513165534}  lp{{InterfaceName: radio0 LinkAddresses: [192.168.200.2/24,]  Routes: [0.0.0.0/0 -> 192.168.200.1 radio0,192.168.200.0/24 -> 0.0.0.0 radio0,] DnsAddresses: [10.0.2.3,] Domains: null MTU: 1500 TcpBufferSizes: 524288,1048576,2097152,262144,524288,1048576}}  nc{[ Transports: CELLULAR Capabilities: MMS&SUPL&DUN&FOTA&IMS&CBS&IA&INTERNET&NOT_RESTRICTED&TRUSTED&NOT_VPN&VALIDATED LinkUpBandwidth>=51200Kbps LinkDnBandwidth>=102400Kbps Specifier: <1>]}  Score{50}  everValidated{true}  lastValidated{true}  created{true} lingering{false} explicitlySelected{false} acceptUnvalidated{false} everCaptivePortalDetected{false} lastCaptivePortalDetected{false} clat{null} }
06-28 10:20:01.792  1603  1839 D NetworkTimeUpdateService: New default network 100; checking time.
06-28 10:20:01.823 19782 19800 I DeviceStatusMonitor: NetworkCallback#onAvailable(): 100
06-28 10:20:01.832 19782 19782 I DeviceStatusMonitor: getCurrentNetworkState(): activeNetwork = 100,  newState = METERED
06-28 10:20:01.833 19782 19782 I HWRSuperpacksManager: onNetworkAvailable
06-28 10:20:01.834 19782 19782 I NetworkInfo: onNetworkAvailable: networkState = METERED
06-28 10:20:01.841  1603  1681 D ConnectivityService: Sending DISCONNECTED broadcast for type 1 NetworkAgentInfo [WIFI () - 101] isDefaultNetwork=true
06-28 10:20:01.843  1603  1681 D ConnectivityService: Sending CONNECTED broadcast for type 0 NetworkAgentInfo [MOBILE (LTE) - 100] isDefaultNetwork=true
06-28 10:20:01.836 19782 19782 I NetworkInfo: onNetworkAvailable: networkState = METERED
06-28 10:20:01.845 19782 23469 I NetworkInfo: onNetworkAvailable: networkState = METERED
06-28 10:20:01.929  1603  1674 I WifiService: getConnectionInfo uid=1000
06-28 10:20:01.931 19546 23395 W Conscrypt: Could not set socket write timeout: java.net.SocketException: Socket closed
06-28 10:20:01.963  1603  1674 D RecurrenceRule: Resolving using anchor 2019-06-28T14:20:01.962Z[GMT]
06-28 10:20:01.966  1603  1674 D RecurrenceRule: Resolving using anchor 2019-06-28T14:20:01.966Z[GMT]
06-28 10:20:01.967 19546 23395 W Conscrypt: 	at com.google.android.gms.org.conscrypt.Platform.setSocketWriteTimeout(:com.google.android.gms@17785022@17.7.85 (040700-253824076):2)
06-28 10:20:01.968 19546 23395 W Conscrypt: 	at com.google.android.gms.org.conscrypt.ConscryptFileDescriptorSocket.setSoWriteTimeout(:com.google.android.gms@17785022@17.7.85 (040700-253824076):2)
06-28 10:20:01.975  1603  1674 D RecurrenceRule: Cycle 17 from 2019-06-09T00:00Z[GMT] to 2019-07-09T00:00Z[GMT]
06-28 10:20:01.975  1603  1674 D NetworkStats: Resolving plan for NetworkTemplate: matchRule=MOBILE_ALL, subscriberId=310260..., matchSubscriberIds=[310260...]
06-28 10:20:02.002  1603  1674 D NetworkStats: Found active matching subId 1
06-28 10:20:02.046  1603  1674 D NetworkStats: Resolved to plan null
06-28 10:20:02.149 19546 19546 W GCM     : ACTIVE NETWORK NOT CONNECTED
06-28 10:20:02.246  1603  1674 I WifiService: getConnectionInfo uid=1000
06-28 10:20:02.269  1603  1674 D RecurrenceRule: Resolving using anchor 2019-06-28T14:20:02.268Z[GMT]
06-28 10:20:02.271  1603  1674 D RecurrenceRule: Resolving using anchor 2019-06-28T14:20:02.271Z[GMT]
06-28 10:20:02.274  1603  1674 D RecurrenceRule: Cycle 17 from 2019-06-09T00:00Z[GMT] to 2019-07-09T00:00Z[GMT]
