06-28 14:06:48.395  2396  2417 W Unity   : This message has been deprecated and will be removed in a later version of Unity.
06-28 14:06:48.395  2396  2417 W Unity   : Add a delegate to SceneManager.sceneLoaded instead to get notifications after scene loading has completed
06-28 14:06:48.395  2396  2417 W Unity   :  
06-28 14:06:48.395  2396  2417 W Unity   : (Filename:  Line: 356)
06-28 14:06:48.395  2396  2417 W Unity   : 
06-28 14:06:48.402  1475  1571 D AudioFlinger: mixer(0xaa803cc0) throttle end: throttle time(3)
06-28 14:06:48.701  2396  2417 W Unity   : OnLevelWasLoaded was found on LegionStateMachine
06-28 14:06:48.701  2396  2417 W Unity   : This message has been deprecated and will be removed in a later version of Unity.
06-28 14:06:48.701  2396  2417 W Unity   : Add a delegate to SceneManager.sceneLoaded instead to get notifications after scene loading has completed
06-28 14:06:48.701  2396  2417 W Unity   :  
06-28 14:06:48.701  2396  2417 W Unity   : (Filename:  Line: 356)
06-28 14:06:48.701  2396  2417 W Unity   : 
06-28 14:06:48.709  2396  2417 W Unity   : OnLevelWasLoaded was found on ObscuredCheatingDetector
06-28 14:06:48.709  2396  2417 W Unity   : This message has been deprecated and will be removed in a later version of Unity.
06-28 14:06:48.709  2396  2417 W Unity   : Add a delegate to SceneManager.sceneLoaded instead to get notifications after scene loading has completed
06-28 14:06:48.709  2396  2417 W Unity   :  
06-28 14:06:48.709  2396  2417 W Unity   : (Filename:  Line: 356)
06-28 14:06:48.709  2396  2417 W Unity   : 
06-28 14:06:48.905  2396  2417 W Unity   : OnLevelWasLoaded was found on BB_LodoutData
06-28 14:06:48.905  2396  2417 W Unity   : This message has been deprecated and will be removed in a later version of Unity.
06-28 14:06:48.905  2396  2417 W Unity   : Add a delegate to SceneManager.sceneLoaded instead to get notifications after scene loading has completed
06-28 14:06:48.905  2396  2417 W Unity   :  
06-28 14:06:48.905  2396  2417 W Unity   : (Filename:  Line: 356)
06-28 14:06:48.905  2396  2417 W Unity   : 
06-28 14:06:48.944  2396  2417 W Unity   : OnLevelWasLoaded was found on SpeedHackDetector
06-28 14:06:48.944  2396  2417 W Unity   : This message has been deprecated and will be removed in a later version of Unity.
06-28 14:06:48.944  2396  2417 W Unity   : Add a delegate to SceneManager.sceneLoaded instead to get notifications after scene loading has completed
06-28 14:06:48.944  2396  2417 W Unity   :  
06-28 14:06:48.944  2396  2417 W Unity   : (Filename:  Line: 356)
06-28 14:06:48.944  2396  2417 W Unity   : 
06-28 14:06:48.948  2396  2417 W Unity   : OnLevelWasLoaded was found on WallHackDetector
06-28 14:06:48.948  2396  2417 W Unity   : This message has been deprecated and will be removed in a later version of Unity.
06-28 14:06:48.948  2396  2417 W Unity   : Add a delegate to SceneManager.sceneLoaded instead to get notifications after scene loading has completed
06-28 14:06:48.948  2396  2417 W Unity   :  
06-28 14:06:48.948  2396  2417 W Unity   : (Filename:  Line: 356)
06-28 14:06:48.948  2396  2417 W Unity   : 
06-28 14:06:49.068  2396  2417 W Unity   : OnLevelWasLoaded was found on SkillSystem
06-28 14:06:49.068  2396  2417 W Unity   : This message has been deprecated and will be removed in a later version of Unity.
06-28 14:06:49.068  2396  2417 W Unity   : Add a delegate to SceneManager.sceneLoaded instead to get notifications after scene loading has completed
06-28 14:06:49.068  2396  2417 W Unity   :  
06-28 14:06:49.068  2396  2417 W Unity   : (Filename:  Line: 356)
06-28 14:06:49.068  2396  2417 W Unity   : 
06-28 14:06:49.909  2396  2417 D EGL_emulation: eglMakeCurrent: 0x8d14b4e0: ver 2 0 (tinfo 0x8e5e0d90)
06-28 14:06:49.912  2396  2417 D EGL_emulation: eglMakeCurrent: 0x8d14b4e0: ver 2 0 (tinfo 0x8e5e0d90)
06-28 14:06:49.915  2396  2442 D EGL_emulation: eglMakeCurrent: 0x8d14b4e0: ver 2 0 (tinfo 0x8e5e0e90)
06-28 14:06:49.930  2396  2417 V MediaRouter: Adding route: RouteInfo{ name=Phone, description=null, status=null, category=RouteCategory{ name=System types=ROUTE_TYPE_LIVE_AUDIO ROUTE_TYPE_LIVE_VIDEO  groupable=false }, supportedTypes=ROUTE_TYPE_LIVE_AUDIO ROUTE_TYPE_LIVE_VIDEO , presentationDisplay=null }
06-28 14:06:49.944  2396  2417 V MediaRouter: Selecting route: RouteInfo{ name=Phone, description=null, status=null, category=RouteCategory{ name=System types=ROUTE_TYPE_LIVE_AUDIO ROUTE_TYPE_LIVE_VIDEO  groupable=false }, supportedTypes=ROUTE_TYPE_LIVE_AUDIO ROUTE_TYPE_LIVE_VIDEO , presentationDisplay=null }
06-28 14:06:50.236  1402  1417 D hwcomposer: hw_composer sent 114 syncs in 82s
06-28 14:06:50.235  1401  6331 D gralloc_ranchu: gralloc_alloc: Creating ashmem region of size 8298496
06-28 14:06:50.309  1401  6331 D gralloc_ranchu: gralloc_alloc: Creating ashmem region of size 8298496
06-28 14:06:51.265  1409  1409 I boot-pipe: done populating /dev/random
06-28 14:06:52.288 19546 19546 I GeofencerStateMachine: sendNewTransitions called.
06-28 14:06:52.411  1393  3231 W audio_hw_generic: Not supplying enough data to HAL, expected position 155366424 , only wrote 155365200
06-28 14:06:52.413  1393  3231 W audio_hw_generic: Not supplying enough data to HAL, expected position 155365308 , only wrote 155365200
06-28 14:06:52.431  1393  3231 W audio_hw_generic: Not supplying enough data to HAL, expected position 155366022 , only wrote 155365920
06-28 14:06:52.832  1708  1714 I zygote  : Do full code cache collection, code=1511KB, data=911KB
06-28 14:06:52.840  1708  1714 I zygote  : After code cache collection, code=1445KB, data=837KB
06-28 14:06:53.148  2396  2417 D UnityAds: com.unity3d.ads.cache.CacheDirectory.getCacheDirectory() (line:42) :: Unity Ads is using external cache directory: /storage/emulated/0/Android/data/com.EvilChaotic.ModernWarplanes/cache/UnityAdsCache
06-28 14:06:53.162  2396  2417 D UnityAds: com.unity3d.ads.misc.Utilities.writeFile() (line:105) :: Wrote file: /storage/emulated/0/Android/data/com.EvilChaotic.ModernWarplanes/cache/UnityAdsCache/UnityAdsStorage-public-data.json
06-28 14:06:53.163  2396  2417 D UnityAds: com.unity3d.ads.device.Storage.sendEvent() (line:82) :: Couldn't send storage event to WebApp
06-28 14:06:53.181  2396  2417 D UnityAds: com.unity3d.ads.misc.Utilities.writeFile() (line:105) :: Wrote file: /storage/emulated/0/Android/data/com.EvilChaotic.ModernWarplanes/cache/UnityAdsCache/UnityAdsStorage-public-data.json
06-28 14:06:53.182  2396  2417 D UnityAds: com.unity3d.ads.device.Storage.sendEvent() (line:82) :: Couldn't send storage event to WebApp
06-28 14:06:53.217  2396  2417 D UnityAds: com.unity3d.ads.UnityAds.initialize() (line:109) :: ENTERED METHOD
06-28 14:06:53.218  2396  2417 I UnityAds: com.unity3d.ads.UnityAds.initialize() (line:148) :: Initializing Unity Ads 2.1.1 (2101) with game id 1452279 in production mode
06-28 14:06:53.226  2396  2417 I UnityAds: com.unity3d.ads.UnityAds.initialize() (line:160) :: Unity Ads environment check OK
06-28 14:06:53.283  1603  1616 E memtrack: Couldn't load memtrack module
06-28 14:06:53.283  1603  1616 W android.os.Debug: failed to get memory consumption info: -1
06-28 14:06:53.358  2396  2456 I UnityAds: com.unity3d.ads.configuration.InitializeThread$InitializeStateConfig.execute() (line:214) :: Unity Ads init: load configuration from https://config.unityads.unity3d.com/webview/2.1.1/release/config.json
06-28 14:06:53.384  2396  2456 D NetworkSecurityConfig: No Network Security Config specified, using platform default
06-28 14:06:53.408  1603  1616 E memtrack: Couldn't load memtrack module
06-28 14:06:53.408  1603  1616 W android.os.Debug: failed to get memory consumption info: -1
06-28 14:06:53.861  1393  3231 W audio_hw_generic: Not supplying enough data to HAL, expected position 155434605 , only wrote 155433600
06-28 14:06:53.865  1393  3231 W audio_hw_generic: Not supplying enough data to HAL, expected position 155433788 , only wrote 155433600
06-28 14:06:53.900  1475  1571 D AudioFlinger: mixer(0xaa803cc0) throttle end: throttle time(12)
06-28 14:06:55.833  2396  2417 I Unity   : Initializing UnityPurchasing via Codeless IAP
06-28 14:06:55.833  2396  2417 I Unity   :  
06-28 14:06:55.833  2396  2417 I Unity   : (Filename: ./Runtime/Export/Debug.bindings.h Line: 45)
06-28 14:06:55.833  2396  2417 I Unity   : 
06-28 14:06:55.979  2396  2417 I Unity   : UnityIAP Version: 1.21
06-28 14:06:55.979  2396  2417 I Unity   :  
06-28 14:06:55.979  2396  2417 I Unity   : (Filename: ./Runtime/Export/Debug.bindings.h Line: 45)
06-28 14:06:55.979  2396  2417 I Unity   : 
06-28 14:06:56.260  1393  3231 W audio_hw_generic: Not supplying enough data to HAL, expected position 155548521 , only wrote 155548080
06-28 14:06:56.260  1393  3231 W audio_hw_generic: Not supplying enough data to HAL, expected position 155548093 , only wrote 155548080
06-28 14:06:56.275  1393  3231 W audio_hw_generic: Not supplying enough data to HAL, expected position 155548825 , only wrote 155548800
06-28 14:06:56.291  1475  1571 D AudioFlinger: mixer(0xaa803cc0) throttle end: throttle time(11)
06-28 14:06:56.332  2396  2417 I UnityIAP: IAB helper created.
06-28 14:06:56.365  1393  3231 W audio_hw_generic: Not supplying enough data to HAL, expected position 155553091 , only wrote 155551680
06-28 14:06:56.365  1393  3231 W audio_hw_generic: Not supplying enough data to HAL, expected position 155551701 , only wrote 155551680
06-28 14:06:56.418  1393  3231 W audio_hw_generic: Not supplying enough data to HAL, expected position 155554183 , only wrote 155552400
06-28 14:06:56.419  1475  1571 D AudioFlinger: mixer(0xaa803cc0) throttle end: throttle time(12)
06-28 14:06:56.498  1393  3231 W audio_hw_generic: Not supplying enough data to HAL, expected position 155556258 , only wrote 155553840
06-28 14:06:56.501  1475  1571 D AudioFlinger: mixer(0xaa803cc0) throttle end: throttle time(12)
06-28 14:06:56.530  1393  3231 W audio_hw_generic: Not supplying enough data to HAL, expected position 155555382 , only wrote 155555280
06-28 14:06:56.596  1393  3231 W audio_hw_generic: Not supplying enough data to HAL, expected position 155558449 , only wrote 155558160
06-28 14:06:56.685  1475  1571 D AudioFlinger: mixer(0xaa803cc0) throttle end: throttle time(8)
06-28 14:06:56.818  1393  3231 W audio_hw_generic: Not supplying enough data to HAL, expected position 155568823 , only wrote 155568240
06-28 14:06:56.819  1393  3231 W audio_hw_generic: Not supplying enough data to HAL, expected position 155568257 , only wrote 155568240
06-28 14:06:56.835  1393  3231 W audio_hw_generic: Not supplying enough data to HAL, expected position 155569021 , only wrote 155568960
06-28 14:06:56.850  1475  1571 D AudioFlinger: mixer(0xaa803cc0) throttle end: throttle time(9)
06-28 14:06:57.655  1603  2155 W SensorService: sensor 00000000 already enabled in connection 0x8b5a4760 (ignoring)
06-28 14:06:57.891  1475  1571 D AudioFlinger: mixer(0xaa803cc0) throttle end: throttle time(3)
06-28 14:06:57.981  2396  2411 I zygote  : Background concurrent copying GC freed 12445(1797KB) AllocSpace objects, 8(224KB) LOS objects, 51% free, 1468KB/2MB, paused 29.460ms total 221.539ms
06-28 14:06:58.023  1475  1571 D AudioFlinger: mixer(0xaa803cc0) throttle end: throttle time(2)
06-28 14:06:58.062  1475  1571 D AudioFlinger: mixer(0xaa803cc0) throttle end: throttle time(1)
06-28 14:06:58.573  2460  2460 D AndroidRuntime: >>>>>> START com.android.internal.os.RuntimeInit uid 2000 <<<<<<
06-28 14:06:58.643  2460  2460 W app_process: Could not reserve sentinel fault page
06-28 14:06:59.373  2460  2460 W app_process: Unexpected CPU variant for X86 using defaults: x86
06-28 14:06:59.397  2460  2460 I app_process: The ClassLoaderContext is a special shared library.
06-28 14:06:59.638  2460  2460 D AndroidRuntime: Calling main entry com.android.commands.monkey.Monkey
06-28 14:06:59.646  2460  2460 W Monkey  : args: [-p, com.ea.games.r3_row, -c, android.intent.category.LAUNCHER, 1]
06-28 14:06:59.647  2460  2460 W Monkey  :  arg: "-p"
06-28 14:06:59.647  2460  2460 W Monkey  :  arg: "com.ea.games.r3_row"
06-28 14:06:59.647  2460  2460 W Monkey  :  arg: "-c"
06-28 14:06:59.647  2460  2460 W Monkey  :  arg: "android.intent.category.LAUNCHER"
06-28 14:06:59.648  2460  2460 W Monkey  :  arg: "1"
06-28 14:06:59.648  2460  2460 W Monkey  : data="com.ea.games.r3_row"
06-28 14:06:59.648  2460  2460 W Monkey  : data="android.intent.category.LAUNCHER"
06-28 14:06:59.890  1603  1616 E memtrack: Couldn't load memtrack module
06-28 14:06:59.891  1603  1616 W android.os.Debug: failed to get memory consumption info: -1
06-28 14:06:59.940  1603  1617 W BroadcastQueue: Skipping deliver [background] BroadcastRecord{b6efc58 u-1 android.net.conn.CONNECTIVITY_CHANGE} to ReceiverList{33471b1 2460 (unknown name)/2000/u-1 remote:b44b7ca}: process gone or crashing
06-28 14:06:59.966  1475  1571 D AudioFlinger: mixer(0xaa803cc0) throttle end: throttle time(3)
06-28 14:07:00.050  1708  1926 D EGL_emulation: eglMakeCurrent: 0x9268e860: ver 2 0 (tinfo 0x92690770)
06-28 14:07:00.154  1603  2155 I ActivityManager: START u0 {act=android.intent.action.MAIN cat=[android.intent.category.LAUNCHER] flg=0x10200000 cmp=com.ea.games.r3_row/com.firemint.realracing.UnpackAssetsActivity} from uid 2000
06-28 14:07:00.155  1603  2155 W Binder  : Outgoing transactions from this process must be FLAG_ONEWAY
06-28 14:07:00.155  1603  2155 W Binder  : java.lang.Throwable
06-28 14:07:00.155  1603  2155 W Binder  : 	at android.os.BinderProxy.transact(Binder.java:752)
06-28 14:07:00.155  1603  2155 W Binder  : 	at android.app.IActivityController$Stub$Proxy.activityStarting(IActivityController.java:172)
06-28 14:07:00.155  1603  2155 W Binder  : 	at com.android.server.am.ActivityStarter.startActivity(ActivityStarter.java:449)
06-28 14:07:00.155  1603  2155 W Binder  : 	at com.android.server.am.ActivityStarter.startActivityLocked(ActivityStarter.java:278)
06-28 14:07:00.155  1603  2155 W Binder  : 	at com.android.server.am.ActivityStarter.startActivityMayWait(ActivityStarter.java:817)
06-28 14:07:00.155  1603  2155 W Binder  : 	at com.android.server.am.ActivityManagerService.startActivityAsUser(ActivityManagerService.java:4532)
06-28 14:07:00.155  1603  2155 W Binder  : 	at com.android.server.am.ActivityManagerService.startActivity(ActivityManagerService.java:4519)
06-28 14:07:00.155  1603  2155 W Binder  : 	at android.app.IActivityManager$Stub.onTransact(IActivityManager.java:121)
06-28 14:07:00.155  1603  2155 W Binder  : 	at com.android.server.am.ActivityManagerService.onTransact(ActivityManagerService.java:2919)
06-28 14:07:00.155  1603  2155 W Binder  : 	at android.os.Binder.execTransact(Binder.java:697)
06-28 14:07:00.251  2460  2460 I Monkey  : Events injected: 1
06-28 14:07:00.347  1401  6331 D gralloc_ranchu: gralloc_alloc: Creating ashmem region of size 8298496
06-28 14:07:00.391  1393  3231 W audio_hw_generic: Not supplying enough data to HAL, expected position 155739670 , only wrote 155739600
06-28 14:07:00.392  1393  3231 W audio_hw_generic: Not supplying enough data to HAL, expected position 155739628 , only wrote 155739600
06-28 14:07:00.403  1603  1618 W Looper  : Dispatch took 150ms on android.ui, h=Handler (com.android.server.policy.PhoneWindowManager$PolicyHandler) {f76a93d} cb=android.database.ContentObserver$NotificationRunnable@a542921 msg=0
06-28 14:07:00.404  2460  2460 I Monkey  : ## Network stats: elapsed time=143ms (0ms mobile, 0ms wifi, 143ms not connected)
06-28 14:07:00.408  1393  3231 W audio_hw_generic: Not supplying enough data to HAL, expected position 155740393 , only wrote 155740320
06-28 14:07:00.424  2460  2460 I com.android.commands.monkey: System.exit called, status: 0
06-28 14:07:00.424  2460  2460 I AndroidRuntime: VM exiting with result code 0.
06-28 14:07:00.444  1475  1571 D AudioFlinger: mixer(0xaa803cc0) throttle end: throttle time(18)
06-28 14:07:00.732  1603  1617 W ActivityManager: Activity pause timeout for ActivityRecord{2ccfa5f u0 com.EvilChaotic.ModernWarplanes/com.unity3d.player.UnityPlayerActivity t90}
06-28 14:07:00.764  1603  1617 I ActivityManager: Start proc 2477:com.ea.games.r3_row/u0a83 for activity com.ea.games.r3_row/com.firemint.realracing.UnpackAssetsActivity
06-28 14:07:00.972  2477  2477 W zygote  : Unexpected CPU variant for X86 using defaults: x86
06-28 14:07:01.273  1401  6331 D gralloc_ranchu: gralloc_alloc: Creating ashmem region of size 8298496
06-28 14:07:01.343  1412  1412 E EGL_emulation: tid 1412: eglCreateSyncKHR(1962): error 0x3004 (EGL_BAD_ATTRIBUTE)
06-28 14:07:01.364  1603  2155 W ActivityManager: Slow operation: 270ms so far, now at attachApplicationLocked: after mServices.attachApplicationLocked
06-28 14:07:01.375  1603  1618 W Looper  : Dispatch took 223ms on android.ui, h=Handler (com.android.server.am.ActivityManagerService$UiHandler) {5717402} cb=null msg=31
06-28 14:07:01.513  1401  6331 D gralloc_ranchu: gralloc_alloc: Creating ashmem region of size 8298496
06-28 14:07:01.582  1393  3231 W audio_hw_generic: Hardware backing HAL too slow, could only write 0 of 720 frames
06-28 14:07:01.626  1393  3231 I chatty  : uid=1041(audioserver) writer identical 3 lines
06-28 14:07:01.643  1393  3231 W audio_hw_generic: Hardware backing HAL too slow, could only write 0 of 720 frames
06-28 14:07:01.650  1401  6331 D gralloc_ranchu: gralloc_alloc: Creating ashmem region of size 8298496
06-28 14:07:01.657  1393  3231 W audio_hw_generic: Hardware backing HAL too slow, could only write 0 of 720 frames
06-28 14:07:01.867  1393  3231 I chatty  : uid=1041(audioserver) writer identical 14 lines
06-28 14:07:01.884  1393  3231 W audio_hw_generic: Hardware backing HAL too slow, could only write 0 of 720 frames
06-28 14:07:01.885  2477  2477 I MultiDex: VM with version 2.1.0 has multidex support
06-28 14:07:01.886  2477  2477 I MultiDex: install
06-28 14:07:01.886  2477  2477 I MultiDex: VM has multidex support, MultiDex support library is disabled.
06-28 14:07:01.897  1393  3231 W audio_hw_generic: Hardware backing HAL too slow, could only write 0 of 720 frames
06-28 14:07:02.413  2213  2273 I UnityAds: com.unity3d.services.core.configuration.InitializeThread$InitializeStateConfig.execute() (line:191) :: Unity Ads init: load configuration from https://config.unityads.unity3d.com/webview/3.0.3/release/config.json
06-28 14:07:02.689  1708  1728 I zygote  : NativeAlloc concurrent copying GC freed 9801(511KB) AllocSpace objects, 0(0B) LOS objects, 41% free, 8MB/14MB, paused 2.781ms total 1.116s
06-28 14:07:03.080  1603  3242 I zygote  : android::hardware::configstore::V1_0::ISurfaceFlingerConfigs::hasWideColorDisplay retrieved: 0
06-28 14:07:03.080  1603  3242 I OpenGLRenderer: Initialized EGL, version 1.4
06-28 14:07:03.081  1603  3242 D OpenGLRenderer: Swap behavior 1
06-28 14:07:03.100  1603  3242 W OpenGLRenderer: Failed to choose config with EGL_SWAP_BEHAVIOR_PRESERVED, retrying without...
06-28 14:07:03.100  1603  3242 D OpenGLRenderer: Swap behavior 0
06-28 14:07:03.128  1393  3231 W audio_hw_generic: Hardware backing HAL too slow, could only write 0 of 720 frames
06-28 14:07:03.182  1603  3242 D EGL_emulation: eglCreateContext: 0x8dfc7620: maj 2 min 0 rcv 2
06-28 14:07:03.254  1603  3242 D EGL_emulation: eglMakeCurrent: 0x8dfc7620: ver 2 0 (tinfo 0x8dfe60d0)
06-28 14:07:03.420  1475  1571 D AudioFlinger: mixer(0xaa803cc0) throttle end: throttle time(2)
06-28 14:07:04.163  1475  1571 D AudioFlinger: mixer(0xaa803cc0) throttle end: throttle time(7)
06-28 14:07:04.251  2396  2396 W Unity   : Timeout while trying to pause the Unity Engine.
06-28 14:07:04.322  2477  2477 D OpenGLRenderer: HWUI GL Pipeline
06-28 14:07:04.467  1393  3231 W audio_hw_generic: Not supplying enough data to HAL, expected position 155935136 , only wrote 155934720
06-28 14:07:04.535  2477  2487 I zygote  : NativeAlloc concurrent copying GC freed 2411(973KB) AllocSpace objects, 0(0B) LOS objects, 59% free, 1046KB/2MB, paused 1.190ms total 249.731ms
06-28 14:07:04.552  1412  1699 E SurfaceFlinger: ro.sf.lcd_density must be defined as a build property
06-28 14:07:04.559  1603  1612 I zygote  : NativeAlloc concurrent copying GC freed 64001(4MB) AllocSpace objects, 5(164KB) LOS objects, 19% free, 25MB/31MB, paused 1.920ms total 1.831s
06-28 14:07:04.619  1475  1571 D AudioFlinger: mixer(0xaa803cc0) throttle end: throttle time(1)
06-28 14:07:04.625  1603  1612 I zygote  : WaitForGcToComplete blocked NativeAlloc on None for 8.140ms
06-28 14:07:04.758  1401  6331 D gralloc_ranchu: gralloc_alloc: Creating ashmem region of size 8298496
06-28 14:07:04.762  2477  2494 D         : HostConnection::get() New Host Connection established 0xa3c26d00, tid 2494
06-28 14:07:04.798  1401  1401 D gralloc_ranchu: gralloc_alloc: Creating ashmem region of size 8298496
06-28 14:07:04.825  2477  2494 I zygote  : android::hardware::configstore::V1_0::ISurfaceFlingerConfigs::hasWideColorDisplay retrieved: 0
06-28 14:07:04.829  2477  2494 I OpenGLRenderer: Initialized EGL, version 1.4
06-28 14:07:04.832  2477  2494 D OpenGLRenderer: Swap behavior 1
06-28 14:07:04.834  2477  2494 W OpenGLRenderer: Failed to choose config with EGL_SWAP_BEHAVIOR_PRESERVED, retrying without...
06-28 14:07:04.834  2477  2494 D OpenGLRenderer: Swap behavior 0
06-28 14:07:04.877  2477  2493 I RealRacing3: extractAssets: Zip checksum OK, only extracting missing files.
06-28 14:07:04.894  1401  1401 D gralloc_ranchu: gralloc_alloc: Creating ashmem region of size 8298496
06-28 14:07:04.895  2477  2494 D EGL_emulation: eglCreateContext: 0xa6785120: maj 2 min 0 rcv 2
06-28 14:07:04.955  2477  2494 D EGL_emulation: eglMakeCurrent: 0xa6785120: ver 2 0 (tinfo 0xa6783240)
06-28 14:07:04.966  1412  1467 E SurfaceFlinger: ro.sf.lcd_density must be defined as a build property
06-28 14:07:05.228  2477  2494 D EGL_emulation: eglMakeCurrent: 0xa6785120: ver 2 0 (tinfo 0xa6783240)
06-28 14:07:05.422  1603  1624 I ActivityManager: Displayed com.ea.games.r3_row/com.firemint.realracing.UnpackAssetsActivity: +4s665ms
06-28 14:07:06.126  1603  1612 I zygote  : NativeAlloc concurrent copying GC freed 1921(211KB) AllocSpace objects, 5(228KB) LOS objects, 19% free, 25MB/31MB, paused 4.794ms total 1.500s
06-28 14:07:06.272  1393  3231 W audio_hw_generic: Not supplying enough data to HAL, expected position 156021342 , only wrote 156021120
06-28 14:07:06.272  1393  3231 W audio_hw_generic: Not supplying enough data to HAL, expected position 156021151 , only wrote 156021120
06-28 14:07:06.289  1393  3231 W audio_hw_generic: Not supplying enough data to HAL, expected position 156021898 , only wrote 156021840
06-28 14:07:06.890  2477  2493 I RealRacing3: extractAssets: Done
06-28 14:07:06.896  1603  2079 I ActivityManager: START u0 {act=android.intent.action.MAIN cat=[android.intent.category.LAUNCHER] flg=0x10210000 cmp=com.ea.games.r3_row/com.firemint.realracing.MainActivity} from uid 10083
06-28 14:07:07.048  1603  1618 W Looper  : Dispatch took 111ms on android.ui, h=Handler (com.android.server.am.ActivityManagerService$UiHandler) {5717402} cb=null msg=30
06-28 14:07:07.089  2477  2477 I RealRacing3: onCreate(): start
06-28 14:07:07.525  1475  1571 D AudioFlinger: mixer(0xaa803cc0) throttle end: throttle time(16)
06-28 14:07:07.677  2477  2498 D NetworkSecurityConfig: No Network Security Config specified, using platform default
06-28 14:07:07.687  2477  2477 I RealRacing3: setGameState(1)
06-28 14:07:07.730  1393  3231 W audio_hw_generic: Not supplying enough data to HAL, expected position 156091006 , only wrote 156090960
06-28 14:07:07.731  1393  3231 W audio_hw_generic: Not supplying enough data to HAL, expected position 156091019 , only wrote 156090960
06-28 14:07:07.739  2477  2477 I RealRacing3: setRequestedOrientation(ActivityInfo.SCREEN_ORIENTATION_SENSOR_LANDSCAPE)
06-28 14:07:07.748  1393  3231 W audio_hw_generic: Not supplying enough data to HAL, expected position 156091803 , only wrote 156091680
06-28 14:07:07.802  1393  3231 W audio_hw_generic: Hardware backing HAL too slow, could only write 0 of 720 frames
06-28 14:07:08.116  1393  3231 I chatty  : uid=1041(audioserver) writer identical 17 lines
06-28 14:07:08.161  1393  3231 W audio_hw_generic: Hardware backing HAL too slow, could only write 0 of 720 frames
06-28 14:07:08.282  2396  2396 W Unity   : Timeout while trying detaching primary window.
06-28 14:07:08.466  1393  3231 W audio_hw_generic: Not supplying enough data to HAL, expected position 156126105 , only wrote 156125520
06-28 14:07:08.606  2213  2340 E chromium: [ERROR:ssl_client_socket_impl.cc(946)] handshake failed; returned -1, SSL error code 1, net_error -100
06-28 14:07:08.714  2477  2477 I RealRacing3: MoviePlayer.startup
06-28 14:07:08.845  1412  1412 W SurfaceFlinger: couldn't log to binary event log: overflow.
06-28 14:07:08.934  2477  2477 W zygote  : Verification of void com.ea.nimble.ApplicationEnvironmentImpl.setApplicationLanguageCode(java.lang.String, boolean) took 179.852ms
06-28 14:07:08.939  1393  3231 W audio_hw_generic: Hardware backing HAL too slow, could only write 0 of 720 frames
06-28 14:07:08.951  1393  3231 W audio_hw_generic: Hardware backing HAL too slow, could only write 0 of 720 frames
06-28 14:07:08.984  1475  1571 D AudioFlinger: mixer(0xaa803cc0) throttle end: throttle time(2)
06-28 14:07:09.013  2477  2477 I zygote  : Rejecting re-init on previously-failed class java.lang.Class<com.ea.nimble.ApplicationEnvironmentImpl$6>: java.lang.NoClassDefFoundError: Failed resolution of: Lcom/google/android/gms/tasks/OnSuccessListener;
06-28 14:07:09.014  2477  2477 I zygote  :   at void com.ea.nimble.ApplicationEnvironmentImpl.setCurrentActivity(android.app.Activity) (ApplicationEnvironmentImpl.java:864)
06-28 14:07:09.015  2477  2477 I zygote  :   at void com.ea.nimble.ApplicationEnvironment.setCurrentActivity(android.app.Activity) (ApplicationEnvironment.java:40)
06-28 14:07:09.015  2477  2477 I zygote  :   at void com.ea.nimble.ApplicationLifecycle.onActivityCreate(android.os.Bundle, android.app.Activity) (ApplicationLifecycle.java:18)
06-28 14:07:09.015  2477  2477 I zygote  :   at void com.firemint.realracing.NimbleManager.onCreate(android.os.Bundle) (NimbleManager.java:34)
06-28 14:07:09.015  2477  2477 I zygote  :   at void com.firemint.realracing.MainActivity.onCreate(android.os.Bundle) (MainActivity.java:413)
06-28 14:07:09.016  2477  2477 I zygote  :   at void android.app.Activity.performCreate(android.os.Bundle, android.os.PersistableBundle) (Activity.java:7009)
06-28 14:07:09.016  2477  2477 I zygote  :   at void android.app.Activity.performCreate(android.os.Bundle) (Activity.java:7000)
06-28 14:07:09.016  2477  2477 I zygote  :   at void android.app.Instrumentation.callActivityOnCreate(android.app.Activity, android.os.Bundle) (Instrumentation.java:1214)
06-28 14:07:09.016  2477  2477 I zygote  :   at android.app.Activity android.app.ActivityThread.performLaunchActivity(android.app.ActivityThread$ActivityClientRecord, android.content.Intent) (ActivityThread.java:2731)
06-28 14:07:09.020  2477  2477 I zygote  :   at void android.app.ActivityThread.handleLaunchActivity(android.app.ActivityThread$ActivityClientRecord, android.content.Intent, java.lang.String) (ActivityThread.java:2856)
06-28 14:07:09.020  2477  2477 I zygote  :   at void android.app.ActivityThread.-wrap11(android.app.ActivityThread, android.app.ActivityThread$ActivityClientRecord, android.content.Intent, java.lang.String) (ActivityThread.java:-1)
06-28 14:07:09.020  2477  2477 I zygote  :   at void android.app.ActivityThread$H.handleMessage(android.os.Message) (ActivityThread.java:1589)
06-28 14:07:09.020  2477  2477 I zygote  :   at void android.os.Handler.dispatchMessage(android.os.Message) (Handler.java:106)
06-28 14:07:09.021  2477  2477 I zygote  :   at void android.os.Looper.loop() (Looper.java:164)
06-28 14:07:09.021  2477  2477 I zygote  :   at void android.app.ActivityThread.main(java.lang.String[]) (ActivityThread.java:6494)
06-28 14:07:09.021  2477  2477 I zygote  :   at java.lang.Object java.lang.reflect.Method.invoke(java.lang.Object, java.lang.Object[]) (Method.java:-2)
06-28 14:07:09.021  2477  2477 I zygote  :   at void com.android.internal.os.RuntimeInit$MethodAndArgsCaller.run() (RuntimeInit.java:438)
06-28 14:07:09.021  2477  2477 I zygote  :   at void com.android.internal.os.ZygoteInit.main(java.lang.String[]) (ZygoteInit.java:807)
06-28 14:07:09.021  2477  2477 I zygote  : Caused by: java.lang.ClassNotFoundException: Didn't find class "com.google.android.gms.tasks.OnSuccessListener" on path: DexPathList[[zip file "/data/app/com.ea.games.r3_row-icx2XlMnd3SVeOS0bVk8Ww==/base.apk"],nativeLibraryDirectories=[/data/app/com.ea.games.r3_row-icx2XlMnd3SVeOS0bVk8Ww==/lib/x86, /data/app/com.ea.games.r3_row-icx2XlMnd3SVeOS0bVk8Ww==/base.apk!/lib/x86, /system/lib, /vendor/lib]]
06-28 14:07:09.021  2477  2477 I zygote  :   at java.lang.Class dalvik.system.BaseDexClassLoader.findClass(java.lang.String) (BaseDexClassLoader.java:125)
06-28 14:07:09.021  2477  2477 I zygote  :   at java.lang.Class java.lang.ClassLoader.loadClass(java.lang.String, boolean) (ClassLoader.java:379)
06-28 14:07:09.024  2477  2477 I zygote  :   at java.lang.Class java.lang.ClassLoader.loadClass(java.lang.String) (ClassLoader.java:312)
06-28 14:07:09.024  2477  2477 I zygote  :   at void com.ea.nimble.ApplicationEnvironmentImpl.setCurrentActivity(android.app.Activity) (ApplicationEnvironmentImpl.java:864)
06-28 14:07:09.024  2477  2477 I zygote  :   at void com.ea.nimble.ApplicationEnvironment.setCurrentActivity(android.app.Activity) (ApplicationEnvironment.java:40)
06-28 14:07:09.024  2477  2477 I zygote  :   at void com.ea.nimble.ApplicationLifecycle.onActivityCreate(android.os.Bundle, android.app.Activity) (ApplicationLifecycle.java:18)
06-28 14:07:09.024  2477  2477 I zygote  :   at void com.firemint.realracing.NimbleManager.onCreate(android.os.Bundle) (NimbleManager.java:34)
06-28 14:07:09.024  2477  2477 I zygote  :   at void com.firemint.realracing.MainActivity.onCreate(android.os.Bundle) (MainActivity.java:413)
06-28 14:07:09.024  2477  2477 I zygote  :   at void android.app.Activity.performCreate(android.os.Bundle, android.os.PersistableBundle) (Activity.java:7009)
06-28 14:07:09.025  1393  3231 W audio_hw_generic: Hardware backing HAL too slow, could only write 0 of 720 frames
06-28 14:07:09.024  2477  2477 I zygote  :   at void android.app.Activity.performCreate(android.os.Bundle) (Activity.java:7000)
06-28 14:07:09.025  2477  2477 I zygote  :   at void android.app.Instrumentation.callActivityOnCreate(android.app.Activity, android.os.Bundle) (Instrumentation.java:1214)
06-28 14:07:09.026  2477  2477 I zygote  :   at android.app.Activity android.app.ActivityThread.performLaunchActivity(android.app.ActivityThread$ActivityClientRecord, android.content.Intent) (ActivityThread.java:2731)
06-28 14:07:09.028  2477  2477 I zygote  :   at void android.app.ActivityThread.handleLaunchActivity(android.app.ActivityThread$ActivityClientRecord, android.content.Intent, java.lang.String) (ActivityThread.java:2856)
06-28 14:07:09.028  2477  2477 I zygote  :   at void android.app.ActivityThread.-wrap11(android.app.ActivityThread, android.app.ActivityThread$ActivityClientRecord, android.content.Intent, java.lang.String) (ActivityThread.java:-1)
06-28 14:07:09.028  2477  2477 I zygote  :   at void android.app.ActivityThread$H.handleMessage(android.os.Message) (ActivityThread.java:1589)
06-28 14:07:09.028  2477  2477 I zygote  :   at void android.os.Handler.dispatchMessage(android.os.Message) (Handler.java:106)
06-28 14:07:09.028  2477  2477 I zygote  :   at void android.os.Looper.loop() (Looper.java:164)
06-28 14:07:09.029  2477  2477 I zygote  :   at void android.app.ActivityThread.main(java.lang.String[]) (ActivityThread.java:6494)
06-28 14:07:09.029  2477  2477 I zygote  :   at java.lang.Object java.lang.reflect.Method.invoke(java.lang.Object, java.lang.Object[]) (Method.java:-2)
06-28 14:07:09.029  2477  2477 I zygote  :   at void com.android.internal.os.RuntimeInit$MethodAndArgsCaller.run() (RuntimeInit.java:438)
06-28 14:07:09.029  2477  2477 I zygote  :   at void com.android.internal.os.ZygoteInit.main(java.lang.String[]) (ZygoteInit.java:807)
06-28 14:07:09.029  2477  2477 I zygote  : 
06-28 14:07:09.030  2477  2477 I zygote  : Rejecting re-init on previously-failed class java.lang.Class<com.ea.nimble.ApplicationEnvironmentImpl$6>: java.lang.NoClassDefFoundError: Failed resolution of: Lcom/google/android/gms/tasks/OnSuccessListener;
06-28 14:07:09.030  2477  2477 I zygote  :   at void com.ea.nimble.ApplicationEnvironmentImpl.setCurrentActivity(android.app.Activity) (ApplicationEnvironmentImpl.java:864)
06-28 14:07:09.030  2477  2477 I zygote  :   at void com.ea.nimble.ApplicationEnvironment.setCurrentActivity(android.app.Activity) (ApplicationEnvironment.java:40)
06-28 14:07:09.030  2477  2477 I zygote  :   at void com.ea.nimble.ApplicationLifecycle.onActivityCreate(android.os.Bundle, android.app.Activity) (ApplicationLifecycle.java:18)
06-28 14:07:09.030  2477  2477 I zygote  :   at void com.firemint.realracing.NimbleManager.onCreate(android.os.Bundle) (NimbleManager.java:34)
06-28 14:07:09.031  2477  2477 I zygote  :   at void com.firemint.realracing.MainActivity.onCreate(android.os.Bundle) (MainActivity.java:413)
06-28 14:07:09.031  2477  2477 I zygote  :   at void android.app.Activity.performCreate(android.os.Bundle, android.os.PersistableBundle) (Activity.java:7009)
06-28 14:07:09.031  2477  2477 I zygote  :   at void android.app.Activity.performCreate(android.os.Bundle) (Activity.java:7000)
06-28 14:07:09.031  2477  2477 I zygote  :   at void android.app.Instrumentation.callActivityOnCreate(android.app.Activity, android.os.Bundle) (Instrumentation.java:1214)
06-28 14:07:09.031  2477  2477 I zygote  :   at android.app.Activity android.app.ActivityThread.performLaunchActivity(android.app.ActivityThread$ActivityClientRecord, android.content.Intent) (ActivityThread.java:2731)
06-28 14:07:09.031  2477  2477 I zygote  :   at void android.app.ActivityThread.handleLaunchActivity(android.app.ActivityThread$ActivityClientRecord, android.content.Intent, java.lang.String) (ActivityThread.java:2856)
06-28 14:07:09.031  2477  2477 I zygote  :   at void android.app.ActivityThread.-wrap11(android.app.ActivityThread, android.app.ActivityThread$ActivityClientRecord, android.content.Intent, java.lang.String) (ActivityThread.java:-1)
06-28 14:07:09.031  2477  2477 I zygote  :   at void android.app.ActivityThread$H.handleMessage(android.os.Message) (ActivityThread.java:1589)
06-28 14:07:09.031  2477  2477 I zygote  :   at void android.os.Handler.dispatchMessage(android.os.Message) (Handler.java:106)
06-28 14:07:09.031  2477  2477 I zygote  :   at void android.os.Looper.loop() (Looper.java:164)
06-28 14:07:09.031  2477  2477 I zygote  :   at void android.app.ActivityThread.main(java.lang.String[]) (ActivityThread.java:6494)
06-28 14:07:09.034  2477  2477 I zygote  :   at java.lang.Object java.lang.reflect.Method.invoke(java.lang.Object, java.lang.Object[]) (Method.java:-2)
06-28 14:07:09.034  2477  2477 I zygote  :   at void com.android.internal.os.RuntimeInit$MethodAndArgsCaller.run() (RuntimeInit.java:438)
06-28 14:07:09.034  2477  2477 I zygote  :   at void com.android.internal.os.ZygoteInit.main(java.lang.String[]) (ZygoteInit.java:807)
06-28 14:07:09.034  2477  2477 I zygote  : Caused by: java.lang.ClassNotFoundException: Didn't find class "com.google.android.gms.tasks.OnSuccessListener" on path: DexPathList[[zip file "/data/app/com.ea.games.r3_row-icx2XlMnd3SVeOS0bVk8Ww==/base.apk"],nativeLibraryDirectories=[/data/app/com.ea.games.r3_row-icx2XlMnd3SVeOS0bVk8Ww==/lib/x86, /data/app/com.ea.games.r3_row-icx2XlMnd3SVeOS0bVk8Ww==/base.apk!/lib/x86, /system/lib, /vendor/lib]]
06-28 14:07:09.034  2477  2477 I zygote  :   at java.lang.Class dalvik.system.BaseDexClassLoader.findClass(java.lang.String) (BaseDexClassLoader.java:125)
06-28 14:07:09.035  2477  2477 I zygote  :   at java.lang.Class java.lang.ClassLoader.loadClass(java.lang.String, boolean) (ClassLoader.java:379)
06-28 14:07:09.037  2477  2477 I zygote  :   at java.lang.Class java.lang.ClassLoader.loadClass(java.lang.String) (ClassLoader.java:312)
06-28 14:07:09.041  1393  3231 W audio_hw_generic: Hardware backing HAL too slow, could only write 0 of 720 frames
06-28 14:07:09.042  2477  2477 I zygote  :   at void com.ea.nimble.ApplicationEnvironmentImpl.setCurrentActivity(android.app.Activity) (ApplicationEnvironmentImpl.java:864)
06-28 14:07:09.042  2477  2477 I zygote  :   at void com.ea.nimble.ApplicationEnvironment.setCurrentActivity(android.app.Activity) (ApplicationEnvironment.java:40)
06-28 14:07:09.043  2477  2477 I zygote  :   at void com.ea.nimble.ApplicationLifecycle.onActivityCreate(android.os.Bundle, android.app.Activity) (ApplicationLifecycle.java:18)
06-28 14:07:09.043  2477  2477 I zygote  :   at void com.firemint.realracing.NimbleManager.onCreate(android.os.Bundle) (NimbleManager.java:34)
06-28 14:07:09.043  2477  2477 I zygote  :   at void com.firemint.realracing.MainActivity.onCreate(android.os.Bundle) (MainActivity.java:413)
06-28 14:07:09.043  2477  2477 I zygote  :   at void android.app.Activity.performCreate(android.os.Bundle, android.os.PersistableBundle) (Activity.java:7009)
06-28 14:07:09.043  2477  2477 I zygote  :   at void android.app.Activity.performCreate(android.os.Bundle) (Activity.java:7000)
06-28 14:07:09.043  2477  2477 I zygote  :   at void android.app.Instrumentation.callActivityOnCreate(android.app.Activity, android.os.Bundle) (Instrumentation.java:1214)
06-28 14:07:09.043  2477  2477 I zygote  :   at android.app.Activity android.app.ActivityThread.performLaunchActivity(android.app.ActivityThread$ActivityClientRecord, android.content.Intent) (ActivityThread.java:2731)
06-28 14:07:09.043  2477  2477 I zygote  :   at void android.app.ActivityThread.handleLaunchActivity(android.app.ActivityThread$ActivityClientRecord, android.content.Intent, java.lang.String) (ActivityThread.java:2856)
06-28 14:07:09.044  2477  2477 I zygote  :   at void android.app.ActivityThread.-wrap11(android.app.ActivityThread, android.app.ActivityThread$ActivityClientRecord, android.content.Intent, java.lang.String) (ActivityThread.java:-1)
06-28 14:07:09.044  2477  2477 I zygote  :   at void android.app.ActivityThread$H.handleMessage(android.os.Message) (ActivityThread.java:1589)
06-28 14:07:09.044  2477  2477 I zygote  :   at void android.os.Handler.dispatchMessage(android.os.Message) (Handler.java:106)
06-28 14:07:09.044  2477  2477 I zygote  :   at void android.os.Looper.loop() (Looper.java:164)
06-28 14:07:09.044  2477  2477 I zygote  :   at void android.app.ActivityThread.main(java.lang.String[]) (ActivityThread.java:6494)
06-28 14:07:09.044  2477  2477 I zygote  :   at java.lang.Object java.lang.reflect.Method.invoke(java.lang.Object, java.lang.Object[]) (Method.java:-2)
06-28 14:07:09.044  2477  2477 I zygote  :   at void com.android.internal.os.RuntimeInit$MethodAndArgsCaller.run() (RuntimeInit.java:438)
06-28 14:07:09.044  2477  2477 I zygote  :   at void com.android.internal.os.ZygoteInit.main(java.lang.String[]) (ZygoteInit.java:807)
06-28 14:07:09.044  2477  2477 I zygote  : 
06-28 14:07:09.045  2477  2477 I zygote  : Rejecting re-init on previously-failed class java.lang.Class<com.ea.nimble.ApplicationEnvironmentImpl$6>: java.lang.NoClassDefFoundError: Failed resolution of: Lcom/google/android/gms/tasks/OnSuccessListener;
06-28 14:07:09.045  2477  2477 I zygote  :   at void com.ea.nimble.ApplicationEnvironmentImpl.setCurrentActivity(android.app.Activity) (ApplicationEnvironmentImpl.java:864)
06-28 14:07:09.045  2477  2477 I zygote  :   at void com.ea.nimble.ApplicationEnvironment.setCurrentActivity(android.app.Activity) (ApplicationEnvironment.java:40)
06-28 14:07:09.045  2477  2477 I zygote  :   at void com.ea.nimble.ApplicationLifecycle.onActivityCreate(android.os.Bundle, android.app.Activity) (ApplicationLifecycle.java:18)
06-28 14:07:09.045  2477  2477 I zygote  :   at void com.firemint.realracing.NimbleManager.onCreate(android.os.Bundle) (NimbleManager.java:34)
06-28 14:07:09.045  2477  2477 I zygote  :   at void com.firemint.realracing.MainActivity.onCreate(android.os.Bundle) (MainActivity.java:413)
06-28 14:07:09.045  2477  2477 I zygote  :   at void android.app.Activity.performCreate(android.os.Bundle, android.os.PersistableBundle) (Activity.java:7009)
06-28 14:07:09.045  2477  2477 I zygote  :   at void android.app.Activity.performCreate(android.os.Bundle) (Activity.java:7000)
06-28 14:07:09.046  2477  2477 I zygote  :   at void android.app.Instrumentation.callActivityOnCreate(android.app.Activity, android.os.Bundle) (Instrumentation.java:1214)
06-28 14:07:09.046  2477  2477 I zygote  :   at android.app.Activity android.app.ActivityThread.performLaunchActivity(android.app.ActivityThread$ActivityClientRecord, android.content.Intent) (ActivityThread.java:2731)
06-28 14:07:09.046  2477  2477 I zygote  :   at void android.app.ActivityThread.handleLaunchActivity(android.app.ActivityThread$ActivityClientRecord, android.content.Intent, java.lang.String) (ActivityThread.java:2856)
06-28 14:07:09.046  2477  2477 I zygote  :   at void android.app.ActivityThread.-wrap11(android.app.ActivityThread, android.app.ActivityThread$ActivityClientRecord, android.content.Intent, java.lang.String) (ActivityThread.java:-1)
06-28 14:07:09.046  2477  2477 I zygote  :   at void android.app.ActivityThread$H.handleMessage(android.os.Message) (ActivityThread.java:1589)
06-28 14:07:09.046  2477  2477 I zygote  :   at void android.os.Handler.dispatchMessage(android.os.Message) (Handler.java:106)
06-28 14:07:09.046  2477  2477 I zygote  :   at void android.os.Looper.loop() (Looper.java:164)
06-28 14:07:09.046  2477  2477 I zygote  :   at void android.app.ActivityThread.main(java.lang.String[]) (ActivityThread.java:6494)
06-28 14:07:09.046  2477  2477 I zygote  :   at java.lang.Object java.lang.reflect.Method.invoke(java.lang.Object, java.lang.Object[]) (Method.java:-2)
06-28 14:07:09.046  2477  2477 I zygote  :   at void com.android.internal.os.RuntimeInit$MethodAndArgsCaller.run() (RuntimeInit.java:438)
06-28 14:07:09.047  2477  2477 I zygote  :   at void com.android.internal.os.ZygoteInit.main(java.lang.String[]) (ZygoteInit.java:807)
06-28 14:07:09.047  2477  2477 I zygote  : Caused by: java.lang.ClassNotFoundException: Didn't find class "com.google.android.gms.tasks.OnSuccessListener" on path: DexPathList[[zip file "/data/app/com.ea.games.r3_row-icx2XlMnd3SVeOS0bVk8Ww==/base.apk"],nativeLibraryDirectories=[/data/app/com.ea.games.r3_row-icx2XlMnd3SVeOS0bVk8Ww==/lib/x86, /data/app/com.ea.games.r3_row-icx2XlMnd3SVeOS0bVk8Ww==/base.apk!/lib/x86, /system/lib, /vendor/lib]]
06-28 14:07:09.047  2477  2477 I zygote  :   at java.lang.Class dalvik.system.BaseDexClassLoader.findClass(java.lang.String) (BaseDexClassLoader.java:125)
06-28 14:07:09.047  2477  2477 I zygote  :   at java.lang.Class java.lang.ClassLoader.loadClass(java.lang.String, boolean) (ClassLoader.java:379)
06-28 14:07:09.047  2477  2477 I zygote  :   at java.lang.Class java.lang.ClassLoader.loadClass(java.lang.String) (ClassLoader.java:312)
06-28 14:07:09.047  2477  2477 I zygote  :   at void com.ea.nimble.ApplicationEnvironmentImpl.setCurrentActivity(android.app.Activity) (ApplicationEnvironmentImpl.java:864)
06-28 14:07:09.047  2477  2477 I zygote  :   at void com.ea.nimble.ApplicationEnvironment.setCurrentActivity(android.app.Activity) (ApplicationEnvironment.java:40)
06-28 14:07:09.047  2477  2477 I zygote  :   at void com.ea.nimble.ApplicationLifecycle.onActivityCreate(android.os.Bundle, android.app.Activity) (ApplicationLifecycle.java:18)
06-28 14:07:09.047  2477  2477 I zygote  :   at void com.firemint.realracing.NimbleManager.onCreate(android.os.Bundle) (NimbleManager.java:34)
06-28 14:07:09.047  2477  2477 I zygote  :   at void com.firemint.realracing.MainActivity.onCreate(android.os.Bundle) (MainActivity.java:413)
06-28 14:07:09.047  2477  2477 I zygote  :   at void android.app.Activity.performCreate(android.os.Bundle, android.os.PersistableBundle) (Activity.java:7009)
06-28 14:07:09.047  2477  2477 I zygote  :   at void android.app.Activity.performCreate(android.os.Bundle) (Activity.java:7000)
06-28 14:07:09.047  2477  2477 I zygote  :   at void android.app.Instrumentation.callActivityOnCreate(android.app.Activity, android.os.Bundle) (Instrumentation.java:1214)
06-28 14:07:09.048  2477  2477 I zygote  :   at android.app.Activity android.app.ActivityThread.performLaunchActivity(android.app.ActivityThread$ActivityClientRecord, android.content.Intent) (ActivityThread.java:2731)
06-28 14:07:09.048  2477  2477 I zygote  :   at void android.app.ActivityThread.handleLaunchActivity(android.app.ActivityThread$ActivityClientRecord, android.content.Intent, java.lang.String) (ActivityThread.java:2856)
06-28 14:07:09.048  2477  2477 I zygote  :   at void android.app.ActivityThread.-wrap11(android.app.ActivityThread, android.app.ActivityThread$ActivityClientRecord, android.content.Intent, java.lang.String) (ActivityThread.java:-1)
06-28 14:07:09.048  2477  2477 I zygote  :   at void android.app.ActivityThread$H.handleMessage(android.os.Message) (ActivityThread.java:1589)
06-28 14:07:09.048  2477  2477 I zygote  :   at void android.os.Handler.dispatchMessage(android.os.Message) (Handler.java:106)
06-28 14:07:09.048  2477  2477 I zygote  :   at void android.os.Looper.loop() (Looper.java:164)
06-28 14:07:09.048  2477  2477 I zygote  :   at void android.app.ActivityThread.main(java.lang.String[]) (ActivityThread.java:6494)
06-28 14:07:09.048  2477  2477 I zygote  :   at java.lang.Object java.lang.reflect.Method.invoke(java.lang.Object, java.lang.Object[]) (Method.java:-2)
06-28 14:07:09.048  2477  2477 I zygote  :   at void com.android.internal.os.RuntimeInit$MethodAndArgsCaller.run() (RuntimeInit.java:438)
06-28 14:07:09.048  2477  2477 I zygote  :   at void com.android.internal.os.ZygoteInit.main(java.lang.String[]) (ZygoteInit.java:807)
06-28 14:07:09.048  2477  2477 I zygote  : 
06-28 14:07:09.054  1393  3231 W audio_hw_generic: Hardware backing HAL too slow, could only write 0 of 720 frames
06-28 14:07:09.062  2477  2477 D Nimble  : NIMBLE VERSION 1.37.24.1215 (Build 1.37.24.1215)
06-28 14:07:09.069  1393  3231 W audio_hw_generic: Hardware backing HAL too slow, could only write 0 of 720 frames
06-28 14:07:09.103  2477  2477 E ActivityThread: Failed to find provider info for com.facebook.katana.provider.AttributionIdProvider
06-28 14:07:09.084  1393  3231 I chatty  : uid=1041(audioserver) writer identical 1 line
06-28 14:07:09.099  1393  3231 W audio_hw_generic: Hardware backing HAL too slow, could only write 0 of 720 frames
06-28 14:07:09.144  2477  2477 I Nimble  : LOG: Log level(600)
06-28 14:07:09.144  2477  2477 D Nimble  : LOG: File path: /data/user/0/com.ea.games.r3_row/cache/Nimble/live/Nimble.log
06-28 14:07:09.152  2477  2477 D Nimble  : NIM_DEBUG>NetworkClientManager> CURL Version : libcurl/7.48.0 OpenSSL/1.0.1s zlib/1.2.8
06-28 14:07:09.163  2477  2477 V Nimble  : NIM_ALL>BaseCore> loadConfiguration [Line 471] called...
06-28 14:07:09.164  2477  2477 V Nimble  : NIM_VERBOSE>AppConfig> getConfigValueAsString [Line 31] called...
06-28 14:07:09.164  2477  2477 V Nimble  : NIM_VERBOSE>AppConfig> getConfigValueAsString [Line 36] called...
06-28 14:07:09.164  2477  2477 V Nimble  : NIM_VERBOSE>AppConfig> fromName [Line 12] called...
06-28 14:07:09.167  2477  2477 V Nimble  : NIM_ALL>AppEnv> generateParameterDictionary [Line 132] called...
06-28 14:07:09.171  2477  2477 V Nimble  : NIM_VERBOSE>AppEnv> getDocumentPath [Line 449] called...
06-28 14:07:09.171  2477  2477 V Nimble  : NIM_VERBOSE>AppEnv> getTempPath [Line 505] called...
06-28 14:07:09.174  2477  2477 V Nimble  : NIM_VERBOSE>AppEnv> getCachePath [Line 477] called...
06-28 14:07:09.175  2477  2477 V Nimble  : NIM_VERBOSE>com.ea.nimble.BaseCore> getSettings [Line 155] called...
06-28 14:07:09.408  2477  2477 I Nimble  : This application is signed with a valid certificate.
06-28 14:07:09.412  2477  2477 D Nimble  : LOG: File path: /data/user/0/com.ea.games.r3_row/cache/Nimble/live/Nimble.log
06-28 14:07:09.643  2477  2487 I zygote  : Background concurrent copying GC freed 12867(1406KB) AllocSpace objects, 2(40KB) LOS objects, 50% free, 2MB/4MB, paused 73.123ms total 1.507s
06-28 14:07:09.979  2477  2487 I zygote  : ThreadFlipBegin blocked for 18.857ms
06-28 14:07:10.036  2477  2477 I zygote  : IncrementDisableThreadFlip blocked for 71.737ms
06-28 14:07:10.037  2477  2503 I zygote  : IncrementDisableThreadFlip blocked for 71.839ms
06-28 14:07:10.037  2477  2511 I zygote  : IncrementDisableThreadFlip blocked for 72.538ms
06-28 14:07:10.066  2477  2499 I zygote  : IncrementDisableThreadFlip blocked for 100.171ms
06-28 14:07:10.069  2477  2512 I zygote  : IncrementDisableThreadFlip blocked for 39.877ms
06-28 14:07:10.130  2477  2477 W GCM     : GCM SDK is deprecated, com.ea.games.r3_row should update to use FCM
06-28 14:07:10.759  2477  2487 I zygote  : NativeAlloc concurrent copying GC freed 8714(861KB) AllocSpace objects, 8(160KB) LOS objects, 50% free, 2020KB/3MB, paused 36.805ms total 834.944ms
06-28 14:07:10.929 19546  2267 W ctxmgr  : [WorkManager] Long workInfo: pkg=com.google.android.gms, lbl=SingletonLocationProducer_onLocationChanged, start=2019-06-28 14:07:07.526-0400, stop=2019-06-28 14:07:08.549-0400, durtn=1023ms [CONTEXT service_id=47 ]
06-28 14:07:12.047  2477  2477 D libcrashlytics: Initializing libcrashlytics version 1.1.5
06-28 14:07:12.047  2477  2477 D libcrashlytics: Attempting to load unwinder...
06-28 14:07:12.258 19546  2267 W ctxmgr  : [WorkManager] Long workInfo: pkg=com.google.android.gms, lbl=SingletonLocationProducer_onLocationChanged, start=2019-06-28 14:07:10.958-0400, stop=2019-06-28 14:07:12.177-0400, durtn=1219ms [CONTEXT service_id=47 ]
