07-01 14:16:17.947  1604  2957 W ActivityManager: Slow operation: 70ms so far, now at startProcess: starting to update pids map
07-01 14:16:17.947  1604  2957 W ActivityManager: Slow operation: 70ms so far, now at startProcess: done updating pids map
07-01 14:16:17.947  1604  2957 W ActivityManager: Slow operation: 72ms so far, now at startProcess: done starting proc!
07-01 14:16:17.947  1604  2957 W ActivityManager: Slow operation: 81ms so far, now at getContentProviderImpl: after start process
07-01 14:16:17.947  1604  2957 W ActivityManager: Slow operation: 81ms so far, now at getContentProviderImpl: updating data structures
07-01 14:16:17.947  1604  2957 W ActivityManager: Slow operation: 81ms so far, now at getContentProviderImpl: done!
07-01 14:16:17.950  1604  1604 I Telecom : ServiceBinderConnection: Service bound ComponentInfo{com.android.phone/com.android.services.telephony.TelephonyConnectionService}: SBC.oSC@AQ8
07-01 14:16:17.950  1604  1604 I Telecom : Event: RecordEntry TC@2: CS_BOUND, ComponentInfo{com.android.phone/com.android.services.telephony.TelephonyConnectionService}: SBC.oSC@AQ8
07-01 14:16:17.959  1604  1604 I Telecom : Event: RecordEntry TC@2: START_CONNECTION, tel:****: SBC.oSC@AQ8
07-01 14:16:17.968 11438 11438 W zygote  : Unexpected CPU variant for X86 using defaults: x86
07-01 14:16:18.015  1604  3883 I Telecom : PhoneAccountRegistrar: SimCallManager queried, returning: null: (...->CS.aCSA->H.CS.aCSA)->CSW.qRCS@E-E-AQ8
07-01 14:16:18.053  1836  1836 I Telephony: TelephonyConnectionService: onCreateIncomingConnection, request: ConnectionRequest xxxxxxxx Bundle[mParcelledData.dataSize=472]: (SBC.oSC)->CS.crCo->H.CS.crCo->H.CS.crCo.pICR@E-AQ8
07-01 14:16:18.122  1412  1412 W SurfaceFlinger: couldn't log to binary event log: overflow.
07-01 14:16:18.144  1604  3883 I Telecom : Event: RecordEntry TC@2: CAPABILITY_CHANGE, Current: [[ sup_hld mut !v2a spd_aud]], Removed [[]], Added [[ sup_hld mut !v2a spd_aud]]: (...->CS.crCo->H.CS.crCo->H.CS.crCo.pICR)->CSW.hCCC@E-E-AQ8
07-01 14:16:18.144  1604  3883 I Telecom : Event: RecordEntry TC@2: FILTERING_INITIATED, null: (...->CS.crCo->H.CS.crCo->H.CS.crCo.pICR)->CSW.hCCC@E-E-AQ8
07-01 14:16:18.144  1604  3883 I Telecom : Event: RecordEntry TC@2: DIRECT_TO_VM_INITIATED, null: (...->CS.crCo->H.CS.crCo->H.CS.crCo.pICR)->CSW.hCCC@E-E-AQ8
07-01 14:16:18.145  1604  3883 I Telecom : CallerInfoLookupHelper: There is a previously incomplete query for handle tel:****. Adding to listeners for this query.: (...->CS.crCo->H.CS.crCo->H.CS.crCo.pICR)->CSW.hCCC@E-E-AQ8
07-01 14:16:18.145  1604  3883 I Telecom : Event: RecordEntry TC@2: SCREENING_SENT, null: (...->CS.crCo->H.CS.crCo->H.CS.crCo.pICR)->CSW.hCCC@E-E-AQ8
07-01 14:16:18.146  1604  3883 I Telecom : CallScreeningServiceFilter: There are no call screening services installed on this device.: (...->CS.crCo->H.CS.crCo->H.CS.crCo.pICR)->CSW.hCCC@E-E-AQ8
07-01 14:16:18.146  1604  3883 I Telecom : CallScreeningServiceFilter: Could not bind to call screening service: (...->CS.crCo->H.CS.crCo->H.CS.crCo.pICR)->CSW.hCCC@E-E-AQ8
07-01 14:16:18.146  1604  3883 I Telecom : Event: RecordEntry TC@2: SCREENING_COMPLETED, [Allow, logged, notified]: (...->CS.crCo->H.CS.crCo->H.CS.crCo.pICR)->CSW.hCCC@E-E-AQ8
07-01 14:16:18.123  1412  1412 W SurfaceFlinger: couldn't log to binary event log: overflow.
07-01 14:16:18.154  8767  8767 I net.osmand: RoutingHelper Recalculate route, because correlation  : 186070.33175635283
07-01 14:16:18.154  8767  8767 I net.osmand: RoutingHelper Recalculate route, because wrong movement direction: 186070.33
07-01 14:16:18.174  1836  1836 I Telephony: TelephonyConnectionService: notifyCreateConnectionComplete TC@2_1: (...->CSW.hCCC)->CS.crCoC->H.CS.crCoC@E-E-E-AQ8
07-01 14:16:18.185  9593 11072 I PBSessionCacheImpl: Deleted sessionId[8330676067342] from persistence.
07-01 14:16:18.226  1604 11451 I Telecom : Event: RecordEntry TC@2: BLOCK_CHECK_INITIATED, null: (...->CS.crCo->H.CS.crCo->H.CS.crCo.pICR)->CSW.hCCC->ABCF.dIB@E-E-AQ8
07-01 14:16:18.256  1604  1853 W ActivityManager: Slow operation: 59ms so far, now at attachApplicationLocked: after updateOomAdjLocked
07-01 14:16:18.278  8767  8794 I net.osmand:native: Route objects 138
07-01 14:16:18.278  8767  8794 I net.osmand:native: Ocean: no completed & incompleted coastlines 0
07-01 14:16:18.278  8767  8794 I net.osmand:native: Detailed coastlines = 0, basemap coastlines 0, ocean tile 0.000000. Detailed added 0, basemap processed 1, basemap added 0.
07-01 14:16:18.278  8767  8794 I net.osmand:native: Search : tree - read( 540), accept( 51), objs - visit( 3037), accept(169), in result(138) 
07-01 14:16:18.279  8767  8794 I net.osmand: MapRenderRepositories BLat=-7.229592394828797, TLat=-7.221607613563537, LLong=-35.887657165527344, RLong=-35.88275146484375, zoom=17
07-01 14:16:18.280  8767  8794 I net.osmand: MapRenderRepositories Native search: 387 ms 
07-01 14:16:18.290 11438 11449 I zygote  : Background concurrent copying GC freed 5612(2MB) AllocSpace objects, 0(0B) LOS objects, 62% free, 931KB/2MB, paused 2.660ms total 176.906ms
07-01 14:16:18.315 11438 11438 I zygote  : The ClassLoaderContext is a special shared library.
07-01 14:16:18.316  1604  7252 I WifiService: getWifiEnabledState uid=10032
07-01 14:16:18.319  8767  8794 I net.osmand:native: Creating SkBitmap in native w:1800 h:2690 s:7200 f:1!
07-01 14:16:18.319  8767  8794 I net.osmand:native: Row bytes for RGBA_8888 is 7200
07-01 14:16:18.319  8767  8794 I net.osmand:native: Locked 19368000 bytes at 0x7cd00000
07-01 14:16:18.319  8767  8794 I net.osmand:native: Initializing rendering
07-01 14:16:18.360  8767  8794 I net.osmand:native: Rendering image
07-01 14:16:18.446  9593  9649 W SearchServiceCore: Abort, client detached.
07-01 14:16:18.472  8767  8767 I net.osmand: RoutingHelper Recalculate route, because correlation  : 186070.33175635283
07-01 14:16:18.515  1604  3545 I WifiService: releaseWifiLock uid=10014
07-01 14:16:18.568  8767  8795 I net.osmand: MapRenderRepositories RENDER MAP: update due to tile box
07-01 14:16:18.568  8767  8795 I net.osmand: MapRenderRepositories RENDER MAP: Interrupt rendering map
07-01 14:16:18.590 11438 11438 I ContactsPerf: VoicemailContentProvider.onCreate start
07-01 14:16:18.622  8767  8794 I net.osmand:native: Native ok (rendering 262, text 0 ms) 
07-01 14:16:18.622  8767  8794 I net.osmand:native:  (909 points, 339 points inside, 78 of 145 objects visible)
07-01 14:16:18.622  8767  8794 I net.osmand:native: End Rendering image
07-01 14:16:18.622  8767  8794 I net.osmand:native: Native ok (init 40, rendering 262) 
07-01 14:16:18.623  8767  8794 I net.osmand: MapRenderRepositories true
07-01 14:16:18.626 11438 11438 I ContactsPerf: VoicemailContentProvider.onCreate finish
07-01 14:16:18.644 11438 11438 I zygote  : The ClassLoaderContext is a special shared library.
07-01 14:16:18.684  8767  8794 I net.osmand: MapRenderRepositories RENDER MAP: new request RotatedTileBox [lat=-7.589195000000001, lon=-37.541068333333335, rotate=0.0, density=2.625, zoom=17, mapDensity=3.9375, zoomAnimation=0.0, zoomFloatPart=0.0, cx=900, cy=1972, pixWidth=1800, pixHeight=2690]
07-01 14:16:18.799 11438 11438 I zygote  : The ClassLoaderContext is a special shared library.
07-01 14:16:18.811  8767  8767 I net.osmand: RoutingHelper Recalculate route, because correlation  : 186070.33175635283
07-01 14:16:18.811  8767  8767 I net.osmand: RoutingHelper Recalculate route, because wrong movement direction: 186070.33
07-01 14:16:18.816 11438 11455 D ContactsDatabaseHelper: WAL enabled for contacts2.db: true
07-01 14:16:18.822  1970 11376 I Places  : Converted 1 out of 1 WiFi scans
07-01 14:16:18.823  1604  3883 I WifiService: getConnectionInfo uid=10014
07-01 14:16:18.863  1970 11376 I PlaceInferenceEngine: Too few candidate results: percentageOfMissingArea 97
07-01 14:16:18.912  8767  8794 I net.osmand:native: Route objects 61
07-01 14:16:18.912  8767  8794 I net.osmand:native: Ocean: no completed & incompleted coastlines 0
07-01 14:16:18.912  8767  8794 I net.osmand:native: Detailed coastlines = 0, basemap coastlines 0, ocean tile 0.000000. Detailed added 0, basemap processed 1, basemap added 0.
07-01 14:16:18.913  8767  8794 I net.osmand:native: Search : tree - read( 413), accept( 30), objs - visit( 2206), accept(73), in result(61) 
07-01 14:16:18.915  8767  8794 I net.osmand: MapRenderRepositories BLat=-7.591496849060059, TLat=-7.583494758605957, LLong=-37.543521881103516, RLong=-37.53861999511719, zoom=17
07-01 14:16:18.916  8767  8794 I net.osmand: MapRenderRepositories Native search: 230 ms 
07-01 14:16:18.918  8767  8794 W net.osmand: MapRenderRepositories Create new image ? 1800 != 1800 (w) 2690 != 2595 (h) 
07-01 14:16:18.984  8767  8794 I net.osmand:native: Creating SkBitmap in native w:1800 h:2690 s:7200 f:1!
07-01 14:16:18.984  8767  8794 I net.osmand:native: Row bytes for RGBA_8888 is 7200
07-01 14:16:18.984  8767  8794 I net.osmand:native: Locked 19368000 bytes at 0x7b500000
07-01 14:16:18.984  8767  8794 I net.osmand:native: Initializing rendering
07-01 14:16:18.985  8767  8794 I net.osmand:native: Rendering image
07-01 14:16:19.223  1604  1613 I zygote  : Background concurrent copying GC freed 51299(2MB) AllocSpace objects, 52(2MB) LOS objects, 20% free, 22MB/28MB, paused 1.202ms total 2.766s
07-01 14:16:19.252  8767  8767 I net.osmand: RoutingHelper Recalculate route, because correlation  : 186070.33175635283
07-01 14:16:19.557  8767  8767 I net.osmand: RoutingHelper Recalculate route, because correlation  : 186070.33175635283
07-01 14:16:19.557  8767  8767 I net.osmand: RoutingHelper Recalculate route, because wrong movement direction: 186070.33
07-01 14:16:19.768  9593 11164 E PlaceStateUpdater: Received no places
07-01 14:16:19.794  1970 11467 E cddv    : *~*~*~ Channel {0} was not shutdown properly!!! ~*~*~*
07-01 14:16:19.794  1970 11467 E cddv    :     Make sure to call shutdown()/shutdownNow() and wait until awaitTermination() returns true.
07-01 14:16:19.794  1970 11467 E cddv    : java.lang.RuntimeException: ManagedChannel allocation site
07-01 14:16:19.794  1970 11467 E cddv    : 	at cddy.<init>(:com.google.android.gms@17785022@17.7.85 (040700-253824076):1)
07-01 14:16:19.794  1970 11467 E cddv    : 	at cddv.<init>(:com.google.android.gms@17785022@17.7.85 (040700-253824076):2)
07-01 14:16:19.794  1970 11467 E cddv    : 	at ccwm.b(:com.google.android.gms@17785022@17.7.85 (040700-253824076):14)
07-01 14:16:19.794  1970 11467 E cddv    : 	at sje.a(:com.google.android.gms@17785022@17.7.85 (040700-253824076):44)
07-01 14:16:19.794  1970 11467 E cddv    : 	at sje.a(:com.google.android.gms@17785022@17.7.85 (040700-253824076):59)
07-01 14:16:19.794  1970 11467 E cddv    : 	at bhkv.call(:com.google.android.gms@17785022@17.7.85 (040700-253824076):24)
07-01 14:16:19.794  1970 11467 E cddv    : 	at bhjd.run(:com.google.android.gms@17785022@17.7.85 (040700-253824076):1)
07-01 14:16:19.794  1970 11467 E cddv    : 	at squ.b(:com.google.android.gms@17785022@17.7.85 (040700-253824076):37)
07-01 14:16:19.794  1970 11467 E cddv    : 	at squ.run(:com.google.android.gms@17785022@17.7.85 (040700-253824076):21)
07-01 14:16:19.794  1970 11467 E cddv    : 	at java.util.concurrent.ThreadPoolExecutor.runWorker(ThreadPoolExecutor.java:1162)
07-01 14:16:19.794  1970 11467 E cddv    : 	at java.util.concurrent.ThreadPoolExecutor$Worker.run(ThreadPoolExecutor.java:636)
07-01 14:16:19.794  1970 11467 E cddv    : 	at swz.run(Unknown Source:7)
07-01 14:16:19.794  1970 11467 E cddv    : 	at java.lang.Thread.run(Thread.java:764)
07-01 14:16:19.837 11438 11455 I ContactLocale: AddressBook Labels [[en_US]]: […, A, B, C, D, E, F, G, H, I, J, K, L, M, N, O, P, Q, R, S, T, U, V, W, X, Y, Z, Α, Β, Γ, Δ, Ε, Ζ, Η, Θ, Ι, Κ, Λ, Μ, ?, Ξ, Ο, Π, Ρ, Σ, Τ, Υ, Φ, Χ, Ψ, Ω, …, ?, Б, В, Г, Д, Ђ, Е, Є, Ж, З, И, І, Й, Ј, К, Л, Љ, М, ?, Њ, О, П, Р, С, Т, Ћ, У, Ф, Х, Ц, Ч, ?, Ш, Щ, Ю, Я, …, ?, ב, ג, ד, ה, ו, ז, ח, ט, י, כ, ל, מ, נ, ס, ע, פ, צ, ק, ר, ש, ת, …, ا, ب, ت, ث, ج, ح, خ, د, ذ, ر, ز, س, ش, ص, ض, ط, ظ, ع, غ, ?, ق, ك, ل, م, ن, ه, و, ي, …, ?, ข, ฃ, ค, ฅ, ฆ, ง, จ, ฉ, ช, ซ, ฌ, ?, ฎ, ?, ?, ฑ, ฒ, ณ, ด, ต, ถ, ท, ธ, น, บ, ป, ผ, ?, พ, ฟ, ภ, ม, ย, ร, ฤ, ล, ฦ, ว, ศ, ษ, ส, ห, ฬ, อ, ฮ, …, ㄱ, ㄴ, ㄷ, ㄹ, ?, ㅂ, ㅅ, ㅇ, ㅈ, ㅊ, ㅋ, ㅌ, ?, ㅎ, …, ?, ?, ?, ?, ?, ?, ?, や, ら, ?, #, …]
07-01 14:16:19.890 11438 11455 D ContactsDatabaseHelper: WAL enabled for profile.db: false
07-01 14:16:20.136  1604  1625 I zygote  : Explicit concurrent copying GC freed 29328(1553KB) AllocSpace objects, 0(0B) LOS objects, 21% free, 21MB/27MB, paused 1.208ms total 823.284ms
07-01 14:16:20.184  1970 11464 W Conscrypt: Could not set socket write timeout: java.net.SocketException: Socket closed
07-01 14:16:20.184  1970 11464 W Conscrypt: 	at com.google.android.gms.org.conscrypt.Platform.setSocketWriteTimeout(:com.google.android.gms@17785022@17.7.85 (040700-253824076):2)
07-01 14:16:20.184  1970 11464 W Conscrypt: 	at com.google.android.gms.org.conscrypt.ConscryptFileDescriptorSocket.setSoWriteTimeout(:com.google.android.gms@17785022@17.7.85 (040700-253824076):2)
07-01 14:16:20.247  8767  8767 I net.osmand: RoutingHelper Recalculate route, because correlation  : 186070.33175635283
07-01 14:16:20.252  8767  8767 I net.osmand: RoutingHelper Recalculate route, because wrong movement direction: 186070.33
07-01 14:16:20.255  8767  8767 I net.osmand: RoutingHelper Recalculate route, because correlation  : 186070.33175635283
07-01 14:16:20.259  8767  8767 I net.osmand: RoutingHelper Recalculate route, because correlation  : 186070.33175635283
07-01 14:16:20.329  1402  1402 D gralloc_ranchu: gralloc_alloc: Creating ashmem region of size 3878912
07-01 14:16:20.424  8767  8794 I net.osmand:native: Native ok (rendering 8, text 550 ms) 
07-01 14:16:20.424  8767  8794 I net.osmand:native:  (574 points, 320 points inside, 122 of 128 objects visible)
07-01 14:16:20.426  8767  8794 I net.osmand:native: End Rendering image
07-01 14:16:20.426  8767  8794 I net.osmand:native: Native ok (init 1, rendering 8) 
07-01 14:16:20.428  8767  8794 I net.osmand: MapRenderRepositories true
07-01 14:16:20.643 11438 11449 I zygote  : ThreadFlipBegin blocked for 9.277ms
07-01 14:16:20.651 11438 11450 I zygote  : IncrementDisableThreadFlip blocked for 8.299ms
07-01 14:16:20.651 11438 11452 I zygote  : IncrementDisableThreadFlip blocked for 16.468ms
07-01 14:16:20.668  8767  8767 I net.osmand: RoutingHelper Recalculate route, because correlation  : 186070.33175635283
07-01 14:16:20.791 11438 11449 I zygote  : Background concurrent copying GC freed 14905(1008KB) AllocSpace objects, 2(40KB) LOS objects, 50% free, 1646KB/3MB, paused 1.734ms total 158.297ms
07-01 14:16:20.814  1604  1604 I Telecom : CallerInfoLookupHelper: CI query for handle tel:**** has completed; notifying all listeners.: TSI.aNIC->CILH.sL->CILH.oQC@AQ4
07-01 14:16:20.814  1604  1604 I Telecom : Call: CallerInfo received for tel:****: com.android.internal.telephony.CallerInfo@21648e2 { name null, phoneNumber non-null }: TSI.aNIC->CILH.sL->CILH.oQC@AQ4
07-01 14:16:20.820  1604  1604 I Telecom : Event: RecordEntry TC@2: DIRECT_TO_VM_FINISHED, [Allow, logged, notified]: TSI.aNIC->CILH.sL->CILH.oQC@AQ4
07-01 14:16:20.823  1604  1604 I Telecom : CallerInfoLookupHelper: There is no photo for this contact, skipping photo query: TSI.aNIC->CILH.sL->CILH.oQC@AQ4
07-01 14:16:20.856  8767  8767 I net.osmand: RoutingHelper Recalculate route, because correlation  : 186070.33175635283
07-01 14:16:20.856  8767  8767 I net.osmand: RoutingHelper Recalculate route, because wrong movement direction: 186070.33
07-01 14:16:20.955  1970 11464 W Conscrypt: Could not set socket write timeout: java.net.SocketException: Socket closed
07-01 14:16:20.968  1604  1604 I Telecom : Event: RecordEntry TC@2: BLOCK_CHECK_FINISHED, [Allow, logged, notified]: (...->CS.crCo->H.CS.crCo->H.CS.crCo.pICR)->CSW.hCCC->ABCF.oPE@E-E-AQ8
07-01 14:16:20.969  1604  1604 I Telecom : Event: RecordEntry TC@2: FILTERING_COMPLETED, [Allow, logged, notified]: (...->CS.crCo->H.CS.crCo->H.CS.crCo.pICR)->CSW.hCCC->ABCF.oPE->ICF.oCFC@E-E-AQ8
07-01 14:16:20.969  1604  1604 I Telecom : CallsManager: setCallState NEW -> RINGING, call: [TC@2, NEW, com.android.phone/com.android.services.telephony.TelephonyConnectionService, tel:****, A, childs(0), has_parent(false), [Capabilities: CAPABILITY_SUPPORT_HOLD CAPABILITY_MUTE CAPABILITY_CANNOT_DOWNGRADE_VIDEO_TO_AUDIO CAPABILITY_SPEED_UP_MT_AUDIO], [Properties:]]: (...->CS.crCo->H.CS.crCo->H.CS.crCo.pICR)->CSW.hCCC->ABCF.oPE->ICF.oCFC@E-E-AQ8
07-01 14:16:20.970  1604  1604 I Telecom : Event: RecordEntry TC@2: SET_RINGING, successful incoming call: (...->CS.crCo->H.CS.crCo->H.CS.crCo.pICR)->CSW.hCCC->ABCF.oPE->ICF.oCFC@E-E-AQ8
07-01 14:16:20.973  1604  1604 I Telecom : InCallController: onCallAdded: [TC@2, RINGING, com.android.phone/com.android.services.telephony.TelephonyConnectionService, tel:****, A, childs(0), has_parent(false), [Capabilities: CAPABILITY_SUPPORT_HOLD CAPABILITY_MUTE CAPABILITY_CANNOT_DOWNGRADE_VIDEO_TO_AUDIO CAPABILITY_SPEED_UP_MT_AUDIO], [Properties:]]; not bound or connected.: (...->CS.crCo->H.CS.crCo->H.CS.crCo.pICR)->CSW.hCCC->ABCF.oPE->ICF.oCFC@E-E-AQ8
07-01 14:16:20.974  1604  1604 I Telecom : InCallController: defaultDialer: null: (...->CS.crCo->H.CS.crCo->H.CS.crCo.pICR)->CSW.hCCC->ABCF.oPE->ICF.oCFC@E-E-AQ8
07-01 14:16:20.974  1604  1604 I Telecom : InCallController: defaultDialer: null: (...->CS.crCo->H.CS.crCo->H.CS.crCo.pICR)->CSW.hCCC->ABCF.oPE->ICF.oCFC@E-E-AQ8
07-01 14:16:20.974  1604  1604 I Telecom : CarSwappingInCallServiceConnection: carmodechange: false => false: (...->CS.crCo->H.CS.crCo->H.CS.crCo.pICR)->CSW.hCCC->ABCF.oPE->ICF.oCFC@E-E-AQ8
07-01 14:16:20.975  1604  1604 I Telecom : EmergencyCallHelper: ShouldGrantTemporaryLocationPermission, not emergency: (...->CS.crCo->H.CS.crCo->H.CS.crCo.pICR)->CSW.hCCC->ABCF.oPE->ICF.oCFC@E-E-AQ8
07-01 14:16:20.975  1604  1604 I Telecom : EmergencyInCallServiceConnection: Attempting to bind to InCall [ComponentInfo{com.google.android.dialer/com.android.incallui.InCallServiceImpl} supportsExternal? true supportsSelfMg?false], with Intent { act=android.telecom.InCallService cmp=com.google.android.dialer/com.android.incallui.InCallServiceImpl }: (...->CS.crCo->H.CS.crCo->H.CS.crCo.pICR)->CSW.hCCC->ABCF.oPE->ICF.oCFC@E-E-AQ8
07-01 14:16:20.991  1604  1604 I Telecom : IncomingCallNotifier: updateIncomingCall: foundIncomingcall = null: (...->CS.crCo->H.CS.crCo->H.CS.crCo.pICR)->CSW.hCCC->ABCF.oPE->ICF.oCFC@E-E-AQ8
07-01 14:16:20.993  1604  1604 I Telecom : TelecomWakeLock: Acquiring WakeLock with id: 26: (...->CS.crCo->H.CS.crCo->H.CS.crCo.pICR)->CSW.hCCC->ABCF.oPE->ICF.oCFC@E-E-AQ8
07-01 14:16:20.997  1604  1604 I Telecom : InCallWakeLockController: Acquiring full wake lock: (...->CS.crCo->H.CS.crCo->H.CS.crCo.pICR)->CSW.hCCC->ABCF.oPE->ICF.oCFC@E-E-AQ8
07-01 14:16:21.005  1604  1618 W BroadcastQueue: Permission Denial: receiving Intent { act=android.intent.action.PHONE_STATE flg=0x1000010 (has extras) } to ProcessRecord{cfb3dbb 4574:com.mapfactor.navigator:Notifications/u0a88} (pid=4574, uid=10088) requires android.permission.READ_PRIVILEGED_PHONE_STATE due to sender android (uid 1000)
07-01 14:16:21.011  1604  1618 W BroadcastQueue: Permission Denial: receiving Intent { act=android.intent.action.PHONE_STATE flg=0x1000010 (has extras) } to ProcessRecord{b1e94bf 1707:com.android.systemui/u0a29} (pid=1707, uid=10029) requires android.permission.READ_PHONE_STATE due to sender android (uid 1000)
07-01 14:16:21.015  1604  1604 I Telecom : PhoneStateBroadcaster: Broadcasted state change: 1: (...->CS.crCo->H.CS.crCo->H.CS.crCo.pICR)->CSW.hCCC->ABCF.oPE->ICF.oCFC@E-E-AQ8
07-01 14:16:21.024  1604  1901 I Telecom : CallAudioModeStateMachine: Message received: NEW_RINGING_CALL.: (...->CS.crCo->H.CS.crCo->H.CS.crCo.pICR)->CSW.hCCC->ABCF.oPE->ICF.oCFC->CAMSM.pM_2002@E-E-AQ8
07-01 14:16:21.024  1604  1901 I Telecom : CallAudioModeStateMachine: Audio focus entering RINGING state: (...->CS.crCo->H.CS.crCo->H.CS.crCo.pICR)->CSW.hCCC->ABCF.oPE->ICF.oCFC->CAMSM.pM_2002@E-E-AQ8
07-01 14:16:21.026  1604  1604 D MediaSessionService: Global priority session is updated, active=true
07-01 14:16:21.026  1604  1604 D GpsNetInitiatedHandler: onCallStateChanged(): state is 1
07-01 14:16:21.028  1604  1894 I Telecom : CallAudioRouteStateMachine: Message received: UPDATE_SYSTEM_AUDIO_ROUTE=1201, arg1=0: (...->CS.crCo->H.CS.crCo->H.CS.crCo.pICR)->CSW.hCCC->ABCF.oPE->ICF.oCFC->CARSM.pM_UPDATE_SYSTEM_AUDIO_ROUTE@E-E-AQ8
07-01 14:16:21.028  1604  1894 I Telecom : CallAudioRouteStateMachine: setSystemAudioState: changing from [AudioState isMuted: false, route: EARPIECE, supportedRouteMask: EARPIECE, SPEAKER] to [AudioState isMuted: false, route: EARPIECE, supportedRouteMask: EARPIECE, SPEAKER]: (...->CS.crCo->H.CS.crCo->H.CS.crCo.pICR)->CSW.hCCC->ABCF.oPE->ICF.oCFC->CARSM.pM_UPDATE_SYSTEM_AUDIO_ROUTE@E-E-AQ8
07-01 14:16:21.064  1604  5299 I AudioTrack: AUDIO_OUTPUT_FLAG_FAST successful; frameCount 1440 -> 1440
07-01 14:16:21.064  1604  5299 D AudioTrack: Client defaulted notificationFrames to 720 for frameCount 1440
07-01 14:16:21.095  1604  1901 I ActivityManager: Start proc 11473:android.process.media/u0a9 for content provider com.android.providers.media/.MediaProvider
07-01 14:16:21.101  1604 11471 W ContextImpl: Failed to ensure /data/user_de/0/com.android.phone/shared_prefs: mkdir failed: EACCES (Permission denied)
07-01 14:16:21.108  1604  1901 W ActivityManager: Slow operation: 51ms so far, now at getContentProviderImpl: after start process
07-01 14:16:21.113  1604  1901 W ActivityManager: Slow operation: 51ms so far, now at getContentProviderImpl: updating data structures
07-01 14:16:21.113  1604  1901 W ActivityManager: Slow operation: 56ms so far, now at getContentProviderImpl: done!
07-01 14:16:21.146 11473 11473 W zygote  : Unexpected CPU variant for X86 using defaults: x86
07-01 14:16:21.154 10477 10477 I Dialer  : AudioModeProvider.getApproximatedAudioRoute - Routing to earpiece
07-01 14:16:21.169  1970 11464 W Conscrypt: 	at com.google.android.gms.org.conscrypt.Platform.setSocketWriteTimeout(:com.google.android.gms@17785022@17.7.85 (040700-253824076):2)
07-01 14:16:21.171  1970 11464 W Conscrypt: 	at com.google.android.gms.org.conscrypt.ConscryptFileDescriptorSocket.setSoWriteTimeout(:com.google.android.gms@17785022@17.7.85 (040700-253824076):2)
07-01 14:16:21.248 10477 10477 I Dialer  : ProximitySensor.updateProximitySensorMode - screenOnImmediately: false, dialPadVisible: false, offHook: false, horizontal: false, uiShowing: false, audioRoute: EARPIECE
07-01 14:16:21.251 10477 10477 I Dialer  : ProximitySensor.turnOffProximitySensor - wake lock already released
07-01 14:16:21.282 10477 10477 I Dialer  : EnrichedCallModule.isEnabledFromBuildType - true
07-01 14:16:21.282 10477 10477 I Dialer  : EnrichedCallModule.provideEnrichedCallManager - returning impl
07-01 14:16:21.295 11473 11473 I zygote  : The ClassLoaderContext is a special shared library.
07-01 14:16:21.308 10477 10477 I Dialer  : EnrichedCallManagerImpl.registerStateChangedListener - listener: bmz@d226134
07-01 14:16:21.309 10477 10477 I Dialer  : InCallPresenter.onCallListChange - Phone switching state: NO_CALLS -> NO_CALLS
07-01 14:16:21.310 10477 10477 I Dialer  : VideoPauseController.setUp - enter
07-01 14:16:21.328  1476 11477 I zygote  : Background concurrent copying GC freed 5654(2MB) AllocSpace objects, 0(0B) LOS objects, 75% free, 890KB/3MB, paused 11.010ms total 200.638ms
07-01 14:16:21.331  1604  1604 I Telecom : InCallController: onConnected to ComponentInfo{com.google.android.dialer/com.android.incallui.InCallServiceImpl}: ICSBC.oSC@ARE
07-01 14:16:21.331  1604  1604 I Telecom : InCallController: Adding 1 calls to InCallService after onConnected: ComponentInfo{com.google.android.dialer/com.android.incallui.InCallServiceImpl}, including external calls: ICSBC.oSC@ARE
07-01 14:16:21.338  1604  1604 I Telecom : InCallController: 1 calls sent to InCallService.: ICSBC.oSC@ARE
07-01 14:16:21.351 11473 11473 I zygote  : The ClassLoaderContext is a special shared library.
07-01 14:16:21.368 10477 10477 W Dialer  : CountryDetector.registerForLocationUpdates - no location permissions, not registering for location updates
07-01 14:16:21.367 11473 11484 I zygote  : Background concurrent copying GC freed 5730(2MB) AllocSpace objects, 0(0B) LOS objects, 61% free, 978KB/2MB, paused 1.345ms total 114.778ms
07-01 14:16:21.396  8767  8767 I net.osmand: RoutingHelper Recalculate route, because correlation  : 186070.33175635283
07-01 14:16:21.396  8767  8767 I net.osmand: RoutingHelper Recalculate route, because wrong movement direction: 186070.33
07-01 14:16:21.650 10477 10477 I Dialer  : InCallPresenter.shouldAttemptBlocking - not attempting to block incoming call because framework blocking is in use
07-01 14:16:21.653  1604  1901 W Binder  : Outgoing transactions from this process must be FLAG_ONEWAY
07-01 14:16:21.653  1604  1901 W Binder  : java.lang.Throwable
07-01 14:16:21.653  1604  1901 W Binder  : 	at android.os.BinderProxy.transact(Binder.java:752)
07-01 14:16:21.653  1604  1901 W Binder  : 	at android.content.ContentProviderProxy.openTypedAssetFile(ContentProviderNative.java:696)
07-01 14:16:21.653  1604  1901 W Binder  : 	at android.content.ContentResolver.openTypedAssetFileDescriptor(ContentResolver.java:1410)
07-01 14:16:21.653  1604  1901 W Binder  : 	at android.content.ContentResolver.openAssetFileDescriptor(ContentResolver.java:1247)
07-01 14:16:21.653  1604  1901 W Binder  : 	at android.content.ContentResolver.openAssetFileDescriptor(ContentResolver.java:1170)
07-01 14:16:21.653  1604  1901 W Binder  : 	at android.media.MediaPlayer.attemptDataSource(MediaPlayer.java:1103)
07-01 14:16:21.653  1604  1901 W Binder  : 	at android.media.MediaPlayer.setDataSource(MediaPlayer.java:1075)
07-01 14:16:21.653  1604  1901 W Binder  : 	at android.media.MediaPlayer.setDataSource(MediaPlayer.java:1003)
07-01 14:16:21.653  1604  1901 W Binder  : 	at android.media.Ringtone.setUri(Ringtone.java:297)
07-01 14:16:21.653  1604  1901 W Binder  : 	at android.media.RingtoneManager.getRingtone(RingtoneManager.java:740)
07-01 14:16:21.653  1604  1901 W Binder  : 	at android.media.RingtoneManager.getRingtone(RingtoneManager.java:719)
07-01 14:16:21.653  1604  1901 W Binder  : 	at com.android.server.telecom.RingtoneFactory.getRingtone(RingtoneFactory.java:81)
07-01 14:16:21.653  1604  1901 W Binder  : 	at com.android.server.telecom.Ringer.startRinging(Ringer.java:124)
07-01 14:16:21.653  1604  1901 W Binder  : 	at com.android.server.telecom.CallAudioManager.startRinging(CallAudioManager.java:430)
07-01 14:16:21.653  1604  1901 W Binder  : 	at com.android.server.telecom.CallAudioModeStateMachine$RingingFocusState.enter(CallAudioModeStateMachine.java:208)
07-01 14:16:21.653  1604  1901 W Binder  : 	at com.android.internal.util.StateMachine$SmHandler.invokeEnterMethods(StateMachine.java:1037)
07-01 14:16:21.653  1604  1901 W Binder  : 	at com.android.internal.util.StateMachine$SmHandler.performTransitions(StateMachine.java:879)
07-01 14:16:21.653  1604  1901 W Binder  : 	at com.android.internal.util.StateMachine$SmHandler.handleMessage(StateMachine.java:819)
07-01 14:16:21.653  1604  1901 W Binder  : 	at android.os.Handler.dispatchMessage(Handler.java:106)
07-01 14:16:21.653  1604  1901 W Binder  : 	at android.os.Looper.loop(Looper.java:164)
07-01 14:16:21.653  1604  1901 W Binder  : 	at android.os.HandlerThread.run(HandlerThread.java:65)
07-01 14:16:21.657 10477 10477 I Dialer  : EnrichedCallModule.isEnabledFromBuildType - true
07-01 14:16:21.665 10477 10477 I Dialer  : EnrichedCallManagerImpl.registerCapabilitiesListener - listener: bca@c3da506
07-01 14:16:21.666 10477 10477 I Dialer  : VideoShareManager.registerListener - enter
07-01 14:16:21.716  8767  8777 I zygote  : NativeAlloc concurrent copying GC freed 276669(7MB) AllocSpace objects, 9(372KB) LOS objects, 12% free, 40MB/46MB, paused 2.900ms total 3.720s
07-01 14:16:21.726  8767  8767 I net.osmand: RoutingHelper Recalculate route, because correlation  : 186070.33175635283
07-01 14:16:21.742 10477 10487 I zygote  : Background concurrent copying GC freed 1871(253KB) AllocSpace objects, 2(40KB) LOS objects, 50% free, 1900KB/3MB, paused 2.300ms total 165.112ms
07-01 14:16:21.768 10477 10477 I Dialer  : LightbringerModule.provideLightbringer - enabled, returning impl
07-01 14:16:21.787  1485  7923 D NuPlayerDriver: NuPlayerDriver(0xafe253f0) created, clientPid(1604)
07-01 14:16:21.803 10477 10477 I Dialer  : EnrichedCallManagerImpl.registerCapabilitiesListener - listener: [DialerCall_0, INCOMING, [Capabilities: CAPABILITY_SUPPORT_HOLD CAPABILITY_RESPOND_VIA_TEXT CAPABILITY_MUTE CAPABILITY_CANNOT_DOWNGRADE_VIDEO_TO_AUDIO], [Properties:], children:[], parent:null, conferenceable:[], videoState:Audio Only, mSessionModificationState:0, CameraDir:-1]
07-01 14:16:21.804 10477 10477 I Dialer  : EnrichedCallManagerImpl.registerStateChangedListener - listener: [DialerCall_0, INCOMING, [Capabilities: CAPABILITY_SUPPORT_HOLD CAPABILITY_RESPOND_VIA_TEXT CAPABILITY_MUTE CAPABILITY_CANNOT_DOWNGRADE_VIDEO_TO_AUDIO], [Properties:], children:[], parent:null, conferenceable:[], videoState:Audio Only, mSessionModificationState:0, CameraDir:-1]
07-01 14:16:21.826  1485 11498 D GenericSource: FileSource remote
07-01 14:16:21.873  1485 11497 D NuPlayerDriver: notifyListener_l(0xafe253f0), (1, 0, 0, -1), loop setting(0, 0)
07-01 14:16:21.891  8767  8767 I net.osmand: RoutingHelper Recalculate route, because correlation  : 186070.33175635283
07-01 14:16:21.891  8767  8767 I net.osmand: RoutingHelper Recalculate route, because wrong movement direction: 186070.33
07-01 14:16:21.901  1604  1901 D Ringtone: Successfully created local player
07-01 14:16:21.902  1604  1901 W Ringtone: Use of stream types is deprecated for operations other than volume control
07-01 14:16:21.902  1604  1901 W Ringtone: See the documentation of setStreamType() for what to use instead with android.media.AudioAttributes to qualify your playback use case
07-01 14:16:21.904  1485  7923 D NuPlayerDriver: reset(0xafe253f0) at state 4
07-01 14:16:21.905  1485  7923 D NuPlayerDriver: notifyListener_l(0xafe253f0), (8, 0, 0, -1), loop setting(1, 0)
07-01 14:16:21.909  1485 11497 D NuPlayerDriver: notifyResetComplete(0xafe253f0)
07-01 14:16:21.910  1485  7923 D NuPlayerDriver: reset(0xafe253f0) at state 0
07-01 14:16:21.913 10477 10477 I Dialer  : CallList.onIncoming - [DialerCall_0, INCOMING, [Capabilities: CAPABILITY_SUPPORT_HOLD CAPABILITY_RESPOND_VIA_TEXT CAPABILITY_MUTE CAPABILITY_CANNOT_DOWNGRADE_VIDEO_TO_AUDIO], [Properties:], children:[], parent:null, conferenceable:[], videoState:Audio Only, mSessionModificationState:0, CameraDir:-1]
07-01 14:16:21.913 10477 10477 I Dialer  : InCallPresenter.startOrFinishUi - Start Full Screen in call UI
07-01 14:16:21.914  1604  1901 V MediaPlayer: resetDrmState:  mDrmInfo=null mDrmProvisioningThread=null mPrepareDrmInProgress=false mActiveDrmScheme=false
07-01 14:16:21.914  1604  1901 V MediaPlayer: cleanDrmObj: mDrmObj=null mDrmSessionId=null
07-01 14:16:21.914  1604  1901 V MediaPlayer: resetDrmState:  mDrmInfo=null mDrmProvisioningThread=null mPrepareDrmInProgress=false mActiveDrmScheme=false
07-01 14:16:21.915  1604  1901 V MediaPlayer: cleanDrmObj: mDrmObj=null mDrmSessionId=null
07-01 14:16:21.919  1484  5343 D MediaAnalyticsService: MediaAnalyticsService::newSummarizerSet
07-01 14:16:21.953  1485  7923 D NuPlayerDriver: NuPlayerDriver(0xafe25460) created, clientPid(1604)
07-01 14:16:21.994  1485 11503 D GenericSource: FileSource remote
07-01 14:16:22.012  1485 11502 D NuPlayerDriver: notifyListener_l(0xafe25460), (1, 0, 0, -1), loop setting(0, 0)
07-01 14:16:22.013  1604  1617 E memtrack: Couldn't load memtrack module
07-01 14:16:22.013  1604  1617 W android.os.Debug: failed to get memory consumption info: -1
07-01 14:16:22.067  8767  8767 I net.osmand: RoutingHelper Recalculate route, because correlation  : 186070.33175635283
07-01 14:16:22.159  1604  1901 D Ringtone: Successfully created local player
07-01 14:16:22.166  1604  1901 I Telecom : Event: RecordEntry TC@2: START_RINGER, null: (...->CS.crCo->H.CS.crCo->H.CS.crCo.pICR)->CSW.hCCC->ABCF.oPE->ICF.oCFC->CAMSM.pM_2002@E-E-AQ8
07-01 14:16:22.239  1604  1901 I Telecom : Event: RecordEntry TC@2: SKIP_VIBRATION, hasVibrator=false, userRequestsVibrate=false, ringerMode=2, isVibrating=false: (...->CS.crCo->H.CS.crCo->H.CS.crCo.pICR)->CSW.hCCC->ABCF.oPE->ICF.oCFC->CAMSM.pM_2002@E-E-AQ8
07-01 14:16:22.239  1604  1901 I MediaFocusControl: requestAudioFocus() from uid/pid 1000/1604 clientId=AudioFocus_For_Phone_Ring_And_Calls callingPack=com.android.server.telecom req=2 flags=0x4 sdk=0
07-01 14:16:22.240  1604 11505 I Telecom : AsyncRingtonePlayer: Play ringtone.
07-01 14:16:22.333  1604  1894 I Telecom : CallAudioRouteStateMachine: Message received: SWITCH_FOCUS=4001, arg1=3: (...->CS.crCo->H.CS.crCo->H.CS.crCo.pICR)->CSW.hCCC->ABCF.oPE->ICF.oCFC->CAMSM.pM_2002->CARSM.pM_SWITCH_FOCUS@E-E-AQ8
07-01 14:16:22.333  1604  1894 I Telecom : Event: RecordEntry TC@2: AUDIO_ROUTE, Leaving state QuiescentEarpieceRoute: (...->CS.crCo->H.CS.crCo->H.CS.crCo.pICR)->CSW.hCCC->ABCF.oPE->ICF.oCFC->CAMSM.pM_2002->CARSM.pM_SWITCH_FOCUS@E-E-AQ8
07-01 14:16:22.336  1604  1894 I Telecom : Event: RecordEntry TC@2: AUDIO_ROUTE, Entering state ActiveEarpieceRoute: (...->CS.crCo->H.CS.crCo->H.CS.crCo.pICR)->CSW.hCCC->ABCF.oPE->ICF.oCFC->CAMSM.pM_2002->CARSM.pM_SWITCH_FOCUS@E-E-AQ8
07-01 14:16:22.336  1604  1894 I Telecom : Event: RecordEntry TC@2: AUDIO_ROUTE_EARPIECE, null: (...->CS.crCo->H.CS.crCo->H.CS.crCo.pICR)->CSW.hCCC->ABCF.oPE->ICF.oCFC->CAMSM.pM_2002->CARSM.pM_SWITCH_FOCUS@E-E-AQ8
07-01 14:16:22.337  1604  1894 I Telecom : CallAudioRouteStateMachine: turning speaker phone false: (...->CS.crCo->H.CS.crCo->H.CS.crCo.pICR)->CSW.hCCC->ABCF.oPE->ICF.oCFC->CAMSM.pM_2002->CARSM.pM_SWITCH_FOCUS@E-E-AQ8
07-01 14:16:22.337  1604  1894 I Telecom : CallAudioRouteStateMachine: setSystemAudioState: changing from [AudioState isMuted: false, route: EARPIECE, supportedRouteMask: EARPIECE, SPEAKER] to [AudioState isMuted: false, route: EARPIECE, supportedRouteMask: EARPIECE, SPEAKER]: (...->CS.crCo->H.CS.crCo->H.CS.crCo.pICR)->CSW.hCCC->ABCF.oPE->ICF.oCFC->CAMSM.pM_2002->CARSM.pM_SWITCH_FOCUS@E-E-AQ8
07-01 14:16:22.337  1604  1894 I Telecom : InCallController: Calling onAudioStateChanged, audioState: [AudioState isMuted: false, route: EARPIECE, supportedRouteMask: EARPIECE, SPEAKER] -> [AudioState isMuted: false, route: EARPIECE, supportedRouteMask: EARPIECE, SPEAKER]: (...->CS.crCo->H.CS.crCo->H.CS.crCo.pICR)->CSW.hCCC->ABCF.oPE->ICF.oCFC->CAMSM.pM_2002->CARSM.pM_SWITCH_FOCUS@E-E-AQ8
07-01 14:16:22.349  1485  7923 D NuPlayerDriver: NuPlayerDriver(0xafe254d0) created, clientPid(1604)
07-01 14:16:22.381 10477 10477 D OpenGLRenderer: HWUI GL Pipeline
07-01 14:16:22.398  1485 11508 D GenericSource: FileSource remote
07-01 14:16:22.433  1485 11507 D NuPlayerDriver: notifyListener_l(0xafe254d0), (1, 0, 0, -1), loop setting(0, 0)
07-01 14:16:22.439  1604 11505 D Ringtone: Successfully created local player
07-01 14:16:22.439  1604 11505 W Ringtone: Use of stream types is deprecated for operations other than volume control
07-01 14:16:22.439  1604 11505 W Ringtone: See the documentation of setStreamType() for what to use instead with android.media.AudioAttributes to qualify your playback use case
07-01 14:16:22.439  1485  7923 D NuPlayerDriver: reset(0xafe254d0) at state 4
07-01 14:16:22.440  1485  7923 D NuPlayerDriver: notifyListener_l(0xafe254d0), (8, 0, 0, -1), loop setting(1, 0)
07-01 14:16:22.441  1485 11507 D NuPlayerDriver: notifyResetComplete(0xafe254d0)
07-01 14:16:22.443  1485  7923 D NuPlayerDriver: reset(0xafe254d0) at state 0
07-01 14:16:22.444  1604 11505 V MediaPlayer: resetDrmState:  mDrmInfo=null mDrmProvisioningThread=null mPrepareDrmInProgress=false mActiveDrmScheme=false
07-01 14:16:22.444  1604 11505 V MediaPlayer: cleanDrmObj: mDrmObj=null mDrmSessionId=null
07-01 14:16:22.444  1604 11505 V MediaPlayer: resetDrmState:  mDrmInfo=null mDrmProvisioningThread=null mPrepareDrmInProgress=false mActiveDrmScheme=false
07-01 14:16:22.444  1604 11505 V MediaPlayer: cleanDrmObj: mDrmObj=null mDrmSessionId=null
07-01 14:16:22.484  1485  7923 D NuPlayerDriver: NuPlayerDriver(0xafe257e0) created, clientPid(1604)
07-01 14:16:22.513 10477 10477 I Dialer  : StatusBarNotifier.buildAndSendNotification - notificationType=2
07-01 14:16:22.514 10477 10477 I Dialer  : StatusBarNotifier.buildAndSendNotification - Canceling old notification so this one can be noisy
07-01 14:16:22.535  1485 11512 D GenericSource: FileSource remote
07-01 14:16:22.563 10477 10477 I Dialer  : StatusBarNotifier.buildAndSendNotification - displaying notification for 2
07-01 14:16:22.568  1485 11511 D NuPlayerDriver: notifyListener_l(0xafe257e0), (1, 0, 0, -1), loop setting(0, 0)
07-01 14:16:22.604  1604 11505 D Ringtone: Successfully created local player
07-01 14:16:22.604 10477 10477 I Dialer  : InCallPresenter.onIncomingCall - Phone switching state: NO_CALLS -> INCOMING
07-01 14:16:22.605 10477 10477 I Dialer  : VideoPauseController.onIncomingCall - oldState: NO_CALLS, newState: INCOMING, call: [DialerCall_0, INCOMING, [Capabilities: CAPABILITY_SUPPORT_HOLD CAPABILITY_RESPOND_VIA_TEXT CAPABILITY_MUTE CAPABILITY_CANNOT_DOWNGRADE_VIDEO_TO_AUDIO], [Properties:], children:[], parent:null, conferenceable:[], videoState:Audio Only, mSessionModificationState:0, CameraDir:-1]
07-01 14:16:22.605 10477 10477 I Dialer  : VideoPauseController.onPrimaryCallChanged - new call: [DialerCall_0, INCOMING, [Capabilities: CAPABILITY_SUPPORT_HOLD CAPABILITY_RESPOND_VIA_TEXT CAPABILITY_MUTE CAPABILITY_CANNOT_DOWNGRADE_VIDEO_TO_AUDIO], [Properties:], children:[], parent:null, conferenceable:[], videoState:Audio Only, mSessionModificationState:0, CameraDir:-1], old call: null, mIsInBackground: false
07-01 14:16:22.609  1604  1604 V MediaRouter: onRestoreRoute() : route=RouteInfo{ name=Phone, description=null, status=null, category=RouteCategory{ name=System types=ROUTE_TYPE_LIVE_AUDIO ROUTE_TYPE_LIVE_VIDEO  groupable=false }, supportedTypes=ROUTE_TYPE_LIVE_AUDIO ROUTE_TYPE_LIVE_VIDEO , presentationDisplay=null }
07-01 14:16:22.609  1604  1604 V MediaRouter: Selecting route: RouteInfo{ name=Phone, description=null, status=null, category=RouteCategory{ name=System types=ROUTE_TYPE_LIVE_AUDIO ROUTE_TYPE_LIVE_VIDEO  groupable=false }, supportedTypes=ROUTE_TYPE_LIVE_AUDIO ROUTE_TYPE_LIVE_VIDEO , presentationDisplay=null }
07-01 14:16:22.615  1485  7923 D NuPlayerDriver: start(0xafe257e0), state is 4, eos is 0
07-01 14:16:22.616  1485 11511 I GenericSource: start
07-01 14:16:22.616  1604 11505 I Telecom : AsyncRingtonePlayer: Repeat ringtone.
07-01 14:16:22.642 10477 10477 I Dialer  : DialerExecutors.newThread - creating low priority thread
07-01 14:16:22.680  1485 11516 I OMXClient: Treble IOmx obtained
07-01 14:16:22.719  1489  1758 I OMXMaster: makeComponentInstance(OMX.google.vorbis.decoder) in omx@1.0-service process
07-01 14:16:22.732  1489  1504 E OMXNodeInstance: setConfig(0xaf214060:google.vorbis.decoder, ConfigPriority(0x6f800002)) ERROR: Undefined(0x80001001)
07-01 14:16:22.733  1485 11516 I ACodec  : codec does not support config priority (err -2147483648)
07-01 14:16:22.746 10477 10477 I Dialer  : InCallPresenter.setBoundAndWaitingForOutgoingCall - setBoundAndWaitingForOutgoingCall: false
07-01 14:16:22.746 10477 10477 I Dialer  : ProximitySensor.updateProximitySensorMode - screenOnImmediately: false, dialPadVisible: false, offHook: false, horizontal: false, uiShowing: false, audioRoute: EARPIECE
07-01 14:16:22.746 10477 10477 I Dialer  : ProximitySensor.turnOffProximitySensor - wake lock already released
07-01 14:16:22.750  1489  1504 E OMXNodeInstance: getConfig(0xaf214060:google.vorbis.decoder, ConfigAndroidVendorExtension(0x6f100004)) ERROR: Undefined(0x80001001)
07-01 14:16:22.754  1485 11516 I MediaCodec: MediaCodec will operate in async mode
07-01 14:16:22.759  1393  1393 W /system/bin/hw/android.hidl.allocator@1.0-service: ashmem_create_region(32768) returning hidl_memory(0xb151b830, 32768)
07-01 14:16:22.832  1393  1393 I chatty  : uid=1000(system) allocator@1.0-s identical 10 lines
07-01 14:16:22.834  1393  1393 W /system/bin/hw/android.hidl.allocator@1.0-service: ashmem_create_region(32768) returning hidl_memory(0xb151b830, 32768)
07-01 14:16:22.848 10477 10477 I Dialer  : CallList.onUpdateCall - [DialerCall_0, INCOMING, [Capabilities: CAPABILITY_SUPPORT_HOLD CAPABILITY_RESPOND_VIA_TEXT CAPABILITY_MUTE CAPABILITY_CANNOT_DOWNGRADE_VIDEO_TO_AUDIO], [Properties:], children:[], parent:null, conferenceable:[], videoState:Audio Only, mSessionModificationState:0, CameraDir:-1]
07-01 14:16:22.850 10477 10477 I Dialer  : InCallPresenter.onCallListChange - Phone switching state: INCOMING -> INCOMING
07-01 14:16:22.853 10477 10477 I Dialer  : VideoPauseController.onStateChange - hasPrimaryCallChanged: false, videoCanPause: false, isInBackground: false
07-01 14:16:22.863  1485 11514 D AudioTrack: Client defaulted notificationFrames to 7406 for frameCount 22218
07-01 14:16:22.871  1485 11511 D NuPlayerDriver: notifyListener_l(0xafe257e0), (6, 0, 0, -1), loop setting(1, 0)
07-01 14:16:22.874  1394  3176 W audio_hw_generic: Not supplying enough data to HAL, expected position 14038792 , only wrote 14038560
07-01 14:16:22.897 10477 10482 I zygote  : Do partial code cache collection, code=3KB, data=30KB
07-01 14:16:22.901 10477 10482 I zygote  : After code cache collection, code=3KB, data=30KB
07-01 14:16:22.901 10477 10482 I zygote  : Increasing code cache capacity to 128KB
07-01 14:16:23.037 10477 10487 I zygote  : Background concurrent copying GC freed 15029(1260KB) AllocSpace objects, 5(496KB) LOS objects, 50% free, 3MB/7MB, paused 5.757ms total 262.292ms
07-01 14:16:23.248  1707  1707 I zygote  : Deoptimizing void com.android.systemui.statusbar.NotificationContentView.onNotificationUpdated(com.android.systemui.statusbar.NotificationData$Entry) due to JIT inline cache
07-01 14:16:23.249  1707  1707 I zygote  : Deoptimizing void com.android.systemui.statusbar.NotificationContentView.updateLegacy() due to JIT inline cache
07-01 14:16:23.289  1707  1707 D StatusBar: disable<e i a s b h r c s q >
07-01 14:16:23.475 10477 10487 I zygote  : Background concurrent copying GC freed 24014(2MB) AllocSpace objects, 6(860KB) LOS objects, 46% free, 6MB/12MB, paused 1.505ms total 312.410ms
07-01 14:16:23.566  1707  1933 D EGL_emulation: eglMakeCurrent: 0x91a91b00: ver 2 0 (tinfo 0x91b96990)
07-01 14:16:23.578  1402  1402 D gralloc_ranchu: gralloc_alloc: Creating ashmem region of size 8298496
07-01 14:16:23.603  1707  1933 D EGL_emulation: eglMakeCurrent: 0x91a91b00: ver 2 0 (tinfo 0x91b96990)
07-01 14:16:23.638  1402  1402 D gralloc_ranchu: gralloc_alloc: Creating ashmem region of size 8298496
07-01 14:16:23.711  1402  1402 D gralloc_ranchu: gralloc_alloc: Creating ashmem region of size 8298496
07-01 14:16:23.766  1477  1572 D AudioFlinger: mixer(0xac983140) throttle end: throttle time(1)
07-01 14:16:24.748  8767  8777 I zygote  : NativeAlloc concurrent copying GC freed 643375(14MB) AllocSpace objects, 0(0B) LOS objects, 16% free, 29MB/35MB, paused 3.916ms total 3.014s
07-01 14:16:24.753  1970 11376 I Places  : ?: PlacesBleScanner stop()
07-01 14:16:24.756  1970  1970 I BeaconBle: Scan : No clients left, canceling alarm.
07-01 14:16:24.759  1970  1970 I BeaconBle: Scan canceled successfully.
07-01 14:16:24.772  1970 11376 I PlaceInferenceEngine: [anon] Changed inference mode: 0
07-01 14:16:24.772  1970 11376 I PlaceInferenceEngine: [account#1066226748] Changed inference mode: 0
07-01 14:16:24.782  1604  1617 E memtrack: Couldn't load memtrack module
07-01 14:16:24.782  1604  1617 W android.os.Debug: failed to get memory consumption info: -1
07-01 14:16:24.927  1970  1970 I GeofencerStateMachine: removeGeofences: removeRequest=RemoveGeofencingRequest[REMOVE_BY_PENDING_INTENT pendingIntent=PendingIntent[creatorPackage=com.google.android.gms], packageName=com.google.android.gms]
07-01 14:16:25.108  1970  5481 W MessageQueue: Handler (aeyl) {f77a53a} sending message to a Handler on a dead thread
07-01 14:16:25.108  1970  5481 W MessageQueue: java.lang.IllegalStateException: Handler (aeyl) {f77a53a} sending message to a Handler on a dead thread
07-01 14:16:25.108  1970  5481 W MessageQueue: 	at android.os.MessageQueue.enqueueMessage(MessageQueue.java:545)
07-01 14:16:25.108  1970  5481 W MessageQueue: 	at android.os.Handler.enqueueMessage(Handler.java:662)
07-01 14:16:25.108  1970  5481 W MessageQueue: 	at android.os.Handler.sendMessageAtTime(Handler.java:631)
07-01 14:16:25.108  1970  5481 W MessageQueue: 	at aeyl.sendMessageAtTime(Unknown Source:3)
07-01 14:16:25.108  1970  5481 W MessageQueue: 	at android.os.Handler.sendMessageDelayed(Handler.java:601)
07-01 14:16:25.108  1970  5481 W MessageQueue: 	at android.os.Handler.post(Handler.java:357)
07-01 14:16:25.108  1970  5481 W MessageQueue: 	at bcln.execute(Unknown Source:2)
07-01 14:16:25.108  1970  5481 W MessageQueue: 	at aanh.execute(Unknown Source:9)
07-01 14:16:25.108  1970  5481 W MessageQueue: 	at avft.a(:com.google.android.gms@17785022@17.7.85 (040700-253824076):3)
07-01 14:16:25.108  1970  5481 W MessageQueue: 	at avgk.a(:com.google.android.gms@17785022@17.7.85 (040700-253824076):8)
07-01 14:16:25.108  1970  5481 W MessageQueue: 	at avgn.a(:com.google.android.gms@17785022@17.7.85 (040700-253824076):43)
07-01 14:16:25.108  1970  5481 W MessageQueue: 	at avgj.a(:com.google.android.gms@17785022@17.7.85 (040700-253824076):2)
07-01 14:16:25.108  1970  5481 W MessageQueue: 	at rpj.a(:com.google.android.gms@17785022@17.7.85 (040700-253824076):3)
07-01 14:16:25.108  1970  5481 W MessageQueue: 	at rpj.a(:com.google.android.gms@17785022@17.7.85 (040700-253824076):2)
07-01 14:16:25.108  1970  5481 W MessageQueue: 	at agos.a(Unknown Source:2)
07-01 14:16:25.108  1970  5481 W MessageQueue: 	at rnt.a(Unknown Source:11)
07-01 14:16:25.108  1970  5481 W MessageQueue: 	at aamg.a(:com.google.android.gms@17785022@17.7.85 (040700-253824076):1)
07-01 14:16:25.108  1970  5481 W MessageQueue: 	at cwm.onTransact(:com.google.android.gms@17785022@17.7.85 (040700-253824076):4)
07-01 14:16:25.108  1970  5481 W MessageQueue: 	at android.os.Binder.execTransact(Binder.java:697)
07-01 14:16:25.331  8767  8767 I net.osmand: RoutingHelper Recalculate route, because correlation  : 186070.33175635283
07-01 14:16:25.331  8767  8767 I net.osmand: RoutingHelper Recalculate route, because wrong movement direction: 186070.33
07-01 14:16:25.332  8767  8767 D net.osmand: DayNightHelper Sunrise/sunset setting to day: true
07-01 14:16:25.417  8767  8767 I net.osmand: RoutingHelper Recalculate route, because correlation  : 186070.33175635283
07-01 14:16:25.468  8767  8767 I net.osmand: RoutingHelper Recalculate route, because correlation  : 186070.33175635283
07-01 14:16:25.470  8767  8767 I net.osmand: RoutingHelper Recalculate route, because wrong movement direction: 186070.33
07-01 14:16:25.517  8767  8767 I net.osmand: RoutingHelper Recalculate route, because correlation  : 186070.33175635283
07-01 14:16:25.643  1485 11515 I NuPlayerDecoder: [audio] saw output EOS
07-01 14:16:25.644  1485 11514 D AudioTrack: stop() called with 132300 frames delivered
07-01 14:16:25.754  8767  8767 I net.osmand: RoutingHelper Recalculate route, because correlation  : 186070.33175635283
07-01 14:16:25.754  8767  8767 I net.osmand: RoutingHelper Recalculate route, because wrong movement direction: 186070.33
07-01 14:16:25.810  8767  8767 I net.osmand: RoutingHelper Recalculate route, because correlation  : 186070.33175635283
07-01 14:16:26.170  1485 11511 D NuPlayerDriver: notifyListener_l(0xafe257e0), (2, 0, 0, -1), loop setting(1, 0)
07-01 14:16:26.193  1485 11515 I NuPlayerDecoder: [OMX.google.vorbis.decoder] resubmitting CSD
07-01 14:16:26.193  1485 11515 I NuPlayerDecoder: [OMX.google.vorbis.decoder] resubmitting CSD
07-01 14:16:26.197  8767  8767 I net.osmand: RoutingHelper Recalculate route, because correlation  : 186070.33175635283
07-01 14:16:26.197  8767  8767 I net.osmand: RoutingHelper Recalculate route, because wrong movement direction: 186070.33
07-01 14:16:26.206  1485 11511 D NuPlayerDriver: notifyListener_l(0xafe257e0), (6, 0, 0, -1), loop setting(1, 0)
07-01 14:16:26.232  1477  1572 D AudioFlinger: mixer(0xac983140) throttle end: throttle time(3)
07-01 14:16:26.436  8767  8767 I net.osmand: RoutingHelper Recalculate route, because correlation  : 186070.33175635283
07-01 14:16:26.620  8767  8767 I net.osmand: RoutingHelper Recalculate route, because correlation  : 186070.33175635283
07-01 14:16:26.621  8767  8767 I net.osmand: RoutingHelper Recalculate route, because wrong movement direction: 186070.33
07-01 14:16:26.808  8767  8767 I net.osmand: RoutingHelper Recalculate route, because correlation  : 186070.33175635283
07-01 14:16:27.374  8767  8777 I zygote  : Background concurrent copying GC freed 375733(8MB) AllocSpace objects, 0(0B) LOS objects, 14% free, 34MB/40MB, paused 24.546ms total 1.461s
07-01 14:16:27.557  8767  8767 I net.osmand: RoutingHelper Recalculate route, because correlation  : 186070.33175635283
07-01 14:16:27.693  8767  8767 I net.osmand: RoutingHelper Recalculate route, because correlation  : 186070.33175635283
07-01 14:16:27.693  8767  8767 I net.osmand: RoutingHelper Recalculate route, because wrong movement direction: 186070.33
07-01 14:16:27.779  8767  8767 I net.osmand: RoutingHelper Recalculate route, because correlation  : 186070.33175635283
07-01 14:16:27.933  1836  1850 I zygote  : Background concurrent copying GC freed 42109(2MB) AllocSpace objects, 0(0B) LOS objects, 49% free, 2MB/4MB, paused 7.283ms total 195.816ms
