06-29 09:57:11.798  9609  9609 I zygote  :   at void com.prime31.GameHelper.setup(com.prime31.GameHelper$GameHelperListener) (GameHelper.java:320)
06-29 09:57:11.798  9609  9609 I zygote  :   at void com.prime31.PlayGameServicesPlugin.initImpl() (PlayGameServicesPlugin.java:842)
06-29 09:57:11.798  9609  9609 I zygote  :   at void com.prime31.PlayGameServicesPlugin.onCreate(android.os.Bundle) (PlayGameServicesPlugin.java:576)
06-29 09:57:11.798  9609  9609 I zygote  :   at java.lang.Object java.lang.reflect.Method.invoke(java.lang.Object, java.lang.Object[]) (Method.java:-2)
06-29 09:57:11.798  9609  9609 I zygote  :   at void com.prime31.ActivityProxyObjectHelper.onCreate(android.os.Bundle) (ActivityProxyObjectHelper.java:81)
06-29 09:57:11.798  9609  9609 I zygote  :   at void com.prime31.UnityPlayerNativeActivity.onCreate(android.os.Bundle) (UnityPlayerNativeActivity.java:24)
06-29 09:57:11.798  9609  9609 I zygote  :   at void android.app.Activity.performCreate(android.os.Bundle, android.os.PersistableBundle) (Activity.java:7009)
06-29 09:57:11.798  9609  9609 I zygote  :   at void android.app.Activity.performCreate(android.os.Bundle) (Activity.java:7000)
06-29 09:57:11.798  9609  9609 I zygote  :   at void android.app.Instrumentation.callActivityOnCreate(android.app.Activity, android.os.Bundle) (Instrumentation.java:1214)
06-29 09:57:11.798  9609  9609 I zygote  :   at android.app.Activity android.app.ActivityThread.performLaunchActivity(android.app.ActivityThread$ActivityClientRecord, android.content.Intent) (ActivityThread.java:2731)
06-29 09:57:11.798  9609  9609 I zygote  :   at void android.app.ActivityThread.handleLaunchActivity(android.app.ActivityThread$ActivityClientRecord, android.content.Intent, java.lang.String) (ActivityThread.java:2856)
06-29 09:57:11.798  9609  9609 I zygote  :   at void android.app.ActivityThread.-wrap11(android.app.ActivityThread, android.app.ActivityThread$ActivityClientRecord, android.content.Intent, java.lang.String) (ActivityThread.java:-1)
06-29 09:57:11.798  9609  9609 I zygote  :   at void android.app.ActivityThread$H.handleMessage(android.os.Message) (ActivityThread.java:1589)
06-29 09:57:11.798  9609  9609 I zygote  :   at void android.os.Handler.dispatchMessage(android.os.Message) (Handler.java:106)
06-29 09:57:11.798  9609  9609 I zygote  :   at void android.os.Looper.loop() (Looper.java:164)
06-29 09:57:11.798  9609  9609 I zygote  :   at void android.app.ActivityThread.main(java.lang.String[]) (ActivityThread.java:6494)
06-29 09:57:11.798  9609  9609 I zygote  :   at java.lang.Object java.lang.reflect.Method.invoke(java.lang.Object, java.lang.Object[]) (Method.java:-2)
06-29 09:57:11.798  9609  9609 I zygote  :   at void com.android.internal.os.RuntimeInit$MethodAndArgsCaller.run() (RuntimeInit.java:438)
06-29 09:57:11.798  9609  9609 I zygote  :   at void com.android.internal.os.ZygoteInit.main(java.lang.String[]) (ZygoteInit.java:807)
06-29 09:57:11.798  9609  9609 I zygote  : Caused by: java.lang.ClassNotFoundException: android.support.v4.app.BaseFragmentActivityApi16
06-29 09:57:11.798  9609  9609 I zygote  :   at java.lang.Class java.lang.VMClassLoader.findLoadedClass(java.lang.ClassLoader, java.lang.String) (VMClassLoader.java:-2)
06-29 09:57:11.798  9609  9609 I zygote  :   at java.lang.Class java.lang.ClassLoader.findLoadedClass(java.lang.String) (ClassLoader.java:738)
06-29 09:57:11.798  9609  9609 I zygote  :   at java.lang.Class java.lang.ClassLoader.loadClass(java.lang.String, boolean) (ClassLoader.java:363)
06-29 09:57:11.799  9609  9609 I zygote  :   at java.lang.Class java.lang.ClassLoader.loadClass(java.lang.String) (ClassLoader.java:312)
06-29 09:57:11.799  9609  9609 I zygote  :   at com.google.android.gms.common.api.GoogleApiClient$Builder com.prime31.GameHelper.createApiClientBuilder() (GameHelper.java:272)
06-29 09:57:11.799  9609  9609 I zygote  :   at void com.prime31.GameHelper.setup(com.prime31.GameHelper$GameHelperListener) (GameHelper.java:320)
06-29 09:57:11.799  9609  9609 I zygote  :   at void com.prime31.PlayGameServicesPlugin.initImpl() (PlayGameServicesPlugin.java:842)
06-29 09:57:11.799  9609  9609 I zygote  :   at void com.prime31.PlayGameServicesPlugin.onCreate(android.os.Bundle) (PlayGameServicesPlugin.java:576)
06-29 09:57:11.799  9609  9609 I zygote  :   at java.lang.Object java.lang.reflect.Method.invoke(java.lang.Object, java.lang.Object[]) (Method.java:-2)
06-29 09:57:11.799  9609  9609 I zygote  :   at void com.prime31.ActivityProxyObjectHelper.onCreate(android.os.Bundle) (ActivityProxyObjectHelper.java:81)
06-29 09:57:11.799  9609  9609 I zygote  :   at void com.prime31.UnityPlayerNativeActivity.onCreate(android.os.Bundle) (UnityPlayerNativeActivity.java:24)
06-29 09:57:11.799  9609  9609 I zygote  :   at void android.app.Activity.performCreate(android.os.Bundle, android.os.PersistableBundle) (Activity.java:7009)
06-29 09:57:11.799  9609  9609 I zygote  :   at void android.app.Activity.performCreate(android.os.Bundle) (Activity.java:7000)
06-29 09:57:11.799  9609  9609 I zygote  :   at void android.app.Instrumentation.callActivityOnCreate(android.app.Activity, android.os.Bundle) (Instrumentation.java:1214)
06-29 09:57:11.799  9609  9609 I zygote  :   at android.app.Activity android.app.ActivityThread.performLaunchActivity(android.app.ActivityThread$ActivityClientRecord, android.content.Intent) (ActivityThread.java:2731)
06-29 09:57:11.799  9609  9609 I zygote  :   at void android.app.ActivityThread.handleLaunchActivity(android.app.ActivityThread$ActivityClientRecord, android.content.Intent, java.lang.String) (ActivityThread.java:2856)
06-29 09:57:11.799  9609  9609 I zygote  :   at void android.app.ActivityThread.-wrap11(android.app.ActivityThread, android.app.ActivityThread$ActivityClientRecord, android.content.Intent, java.lang.String) (ActivityThread.java:-1)
06-29 09:57:11.799  9609  9609 I zygote  :   at void android.app.ActivityThread$H.handleMessage(android.os.Message) (ActivityThread.java:1589)
06-29 09:57:11.799  9609  9609 I zygote  :   at void android.os.Handler.dispatchMessage(android.os.Message) (Handler.java:106)
06-29 09:57:11.799  9609  9609 I zygote  :   at void android.os.Looper.loop() (Looper.java:164)
06-29 09:57:11.799  9609  9609 I zygote  :   at void android.app.ActivityThread.main(java.lang.String[]) (ActivityThread.java:6494)
06-29 09:57:11.799  9609  9609 I zygote  :   at java.lang.Object java.lang.reflect.Method.invoke(java.lang.Object, java.lang.Object[]) (Method.java:-2)
06-29 09:57:11.799  9609  9609 I zygote  :   at void com.android.internal.os.RuntimeInit$MethodAndArgsCaller.run() (RuntimeInit.java:438)
06-29 09:57:11.799  9609  9609 I zygote  :   at void com.android.internal.os.ZygoteInit.main(java.lang.String[]) (ZygoteInit.java:807)
06-29 09:57:11.799  9609  9609 I zygote  : 
06-29 09:57:11.800  9609  9609 I zygote  : Rejecting re-init on previously-failed class java.lang.Class<android.support.v4.app.FragmentActivity>: java.lang.NoClassDefFoundError: Failed resolution of: Landroid/support/v4/app/BaseFragmentActivityApi16;
06-29 09:57:11.800  9609  9609 I zygote  :   at com.google.android.gms.common.api.GoogleApiClient$Builder com.prime31.GameHelper.createApiClientBuilder() (GameHelper.java:272)
06-29 09:57:11.800  9609  9609 I zygote  :   at void com.prime31.GameHelper.setup(com.prime31.GameHelper$GameHelperListener) (GameHelper.java:320)
06-29 09:57:11.800  9609  9609 I zygote  :   at void com.prime31.PlayGameServicesPlugin.initImpl() (PlayGameServicesPlugin.java:842)
06-29 09:57:11.800  9609  9609 I zygote  :   at void com.prime31.PlayGameServicesPlugin.onCreate(android.os.Bundle) (PlayGameServicesPlugin.java:576)
06-29 09:57:11.800  9609  9609 I zygote  :   at java.lang.Object java.lang.reflect.Method.invoke(java.lang.Object, java.lang.Object[]) (Method.java:-2)
06-29 09:57:11.800  9609  9609 I zygote  :   at void com.prime31.ActivityProxyObjectHelper.onCreate(android.os.Bundle) (ActivityProxyObjectHelper.java:81)
06-29 09:57:11.800  9609  9609 I zygote  :   at void com.prime31.UnityPlayerNativeActivity.onCreate(android.os.Bundle) (UnityPlayerNativeActivity.java:24)
06-29 09:57:11.800  9609  9609 I zygote  :   at void android.app.Activity.performCreate(android.os.Bundle, android.os.PersistableBundle) (Activity.java:7009)
06-29 09:57:11.801  9609  9609 I zygote  :   at void android.app.Activity.performCreate(android.os.Bundle) (Activity.java:7000)
06-29 09:57:11.801  9609  9609 I zygote  :   at void android.app.Instrumentation.callActivityOnCreate(android.app.Activity, android.os.Bundle) (Instrumentation.java:1214)
06-29 09:57:11.801  9609  9609 I zygote  :   at android.app.Activity android.app.ActivityThread.performLaunchActivity(android.app.ActivityThread$ActivityClientRecord, android.content.Intent) (ActivityThread.java:2731)
06-29 09:57:11.801  9609  9609 I zygote  :   at void android.app.ActivityThread.handleLaunchActivity(android.app.ActivityThread$ActivityClientRecord, android.content.Intent, java.lang.String) (ActivityThread.java:2856)
06-29 09:57:11.801  9609  9609 I zygote  :   at void android.app.ActivityThread.-wrap11(android.app.ActivityThread, android.app.ActivityThread$ActivityClientRecord, android.content.Intent, java.lang.String) (ActivityThread.java:-1)
06-29 09:57:11.801  9609  9609 I zygote  :   at void android.app.ActivityThread$H.handleMessage(android.os.Message) (ActivityThread.java:1589)
06-29 09:57:11.801  9609  9609 I zygote  :   at void android.os.Handler.dispatchMessage(android.os.Message) (Handler.java:106)
06-29 09:57:11.801  9609  9609 I zygote  :   at void android.os.Looper.loop() (Looper.java:164)
06-29 09:57:11.801  9609  9609 I zygote  :   at void android.app.ActivityThread.main(java.lang.String[]) (ActivityThread.java:6494)
06-29 09:57:11.801  9609  9609 I zygote  :   at java.lang.Object java.lang.reflect.Method.invoke(java.lang.Object, java.lang.Object[]) (Method.java:-2)
06-29 09:57:11.801  9609  9609 I zygote  :   at void com.android.internal.os.RuntimeInit$MethodAndArgsCaller.run() (RuntimeInit.java:438)
06-29 09:57:11.801  9609  9609 I zygote  :   at void com.android.internal.os.ZygoteInit.main(java.lang.String[]) (ZygoteInit.java:807)
06-29 09:57:11.801  9609  9609 I zygote  : Caused by: java.lang.ClassNotFoundException: android.support.v4.app.BaseFragmentActivityApi16
06-29 09:57:11.801  9609  9609 I zygote  :   at java.lang.Class java.lang.VMClassLoader.findLoadedClass(java.lang.ClassLoader, java.lang.String) (VMClassLoader.java:-2)
06-29 09:57:11.801  9609  9609 I zygote  :   at java.lang.Class java.lang.ClassLoader.findLoadedClass(java.lang.String) (ClassLoader.java:738)
06-29 09:57:11.801  9609  9609 I zygote  :   at java.lang.Class java.lang.ClassLoader.loadClass(java.lang.String, boolean) (ClassLoader.java:363)
06-29 09:57:11.801  9609  9609 I zygote  :   at java.lang.Class java.lang.ClassLoader.loadClass(java.lang.String) (ClassLoader.java:312)
06-29 09:57:11.801  9609  9609 I zygote  :   at com.google.android.gms.common.api.GoogleApiClient$Builder com.prime31.GameHelper.createApiClientBuilder() (GameHelper.java:272)
06-29 09:57:11.801  9609  9609 I zygote  :   at void com.prime31.GameHelper.setup(com.prime31.GameHelper$GameHelperListener) (GameHelper.java:320)
06-29 09:57:11.801  9609  9609 I zygote  :   at void com.prime31.PlayGameServicesPlugin.initImpl() (PlayGameServicesPlugin.java:842)
06-29 09:57:11.801  9609  9609 I zygote  :   at void com.prime31.PlayGameServicesPlugin.onCreate(android.os.Bundle) (PlayGameServicesPlugin.java:576)
06-29 09:57:11.801  9609  9609 I zygote  :   at java.lang.Object java.lang.reflect.Method.invoke(java.lang.Object, java.lang.Object[]) (Method.java:-2)
06-29 09:57:11.801  9609  9609 I zygote  :   at void com.prime31.ActivityProxyObjectHelper.onCreate(android.os.Bundle) (ActivityProxyObjectHelper.java:81)
06-29 09:57:11.801  9609  9609 I zygote  :   at void com.prime31.UnityPlayerNativeActivity.onCreate(android.os.Bundle) (UnityPlayerNativeActivity.java:24)
06-29 09:57:11.801  9609  9609 I zygote  :   at void android.app.Activity.performCreate(android.os.Bundle, android.os.PersistableBundle) (Activity.java:7009)
06-29 09:57:11.802  9609  9609 I zygote  :   at void android.app.Activity.performCreate(android.os.Bundle) (Activity.java:7000)
06-29 09:57:11.802  9609  9609 I zygote  :   at void android.app.Instrumentation.callActivityOnCreate(android.app.Activity, android.os.Bundle) (Instrumentation.java:1214)
06-29 09:57:11.802  9609  9609 I zygote  :   at android.app.Activity android.app.ActivityThread.performLaunchActivity(android.app.ActivityThread$ActivityClientRecord, android.content.Intent) (ActivityThread.java:2731)
06-29 09:57:11.802  9609  9609 I zygote  :   at void android.app.ActivityThread.handleLaunchActivity(android.app.ActivityThread$ActivityClientRecord, android.content.Intent, java.lang.String) (ActivityThread.java:2856)
06-29 09:57:11.802  9609  9609 I zygote  :   at void android.app.ActivityThread.-wrap11(android.app.ActivityThread, android.app.ActivityThread$ActivityClientRecord, android.content.Intent, java.lang.String) (ActivityThread.java:-1)
06-29 09:57:11.802  9609  9609 I zygote  :   at void android.app.ActivityThread$H.handleMessage(android.os.Message) (ActivityThread.java:1589)
06-29 09:57:11.802  9609  9609 I zygote  :   at void android.os.Handler.dispatchMessage(android.os.Message) (Handler.java:106)
06-29 09:57:11.802  9609  9609 I zygote  :   at void android.os.Looper.loop() (Looper.java:164)
06-29 09:57:11.802  9609  9609 I zygote  :   at void android.app.ActivityThread.main(java.lang.String[]) (ActivityThread.java:6494)
06-29 09:57:11.802  9609  9609 I zygote  :   at java.lang.Object java.lang.reflect.Method.invoke(java.lang.Object, java.lang.Object[]) (Method.java:-2)
06-29 09:57:11.802  9609  9609 I zygote  :   at void com.android.internal.os.RuntimeInit$MethodAndArgsCaller.run() (RuntimeInit.java:438)
06-29 09:57:11.802  9609  9609 I zygote  :   at void com.android.internal.os.ZygoteInit.main(java.lang.String[]) (ZygoteInit.java:807)
06-29 09:57:11.802  9609  9609 I zygote  : 
06-29 09:57:11.803  9609  9609 I zygote  : Rejecting re-init on previously-failed class java.lang.Class<android.support.v4.app.FragmentActivity>: java.lang.NoClassDefFoundError: Failed resolution of: Landroid/support/v4/app/BaseFragmentActivityApi16;
06-29 09:57:11.803  9609  9609 I zygote  :   at com.google.android.gms.common.api.GoogleApiClient$Builder com.prime31.GameHelper.createApiClientBuilder() (GameHelper.java:272)
06-29 09:57:11.803  9609  9609 I zygote  :   at void com.prime31.GameHelper.setup(com.prime31.GameHelper$GameHelperListener) (GameHelper.java:320)
06-29 09:57:11.803  9609  9609 I zygote  :   at void com.prime31.PlayGameServicesPlugin.initImpl() (PlayGameServicesPlugin.java:842)
06-29 09:57:11.803  9609  9609 I zygote  :   at void com.prime31.PlayGameServicesPlugin.onCreate(android.os.Bundle) (PlayGameServicesPlugin.java:576)
06-29 09:57:11.803  9609  9609 I zygote  :   at java.lang.Object java.lang.reflect.Method.invoke(java.lang.Object, java.lang.Object[]) (Method.java:-2)
06-29 09:57:11.803  9609  9609 I zygote  :   at void com.prime31.ActivityProxyObjectHelper.onCreate(android.os.Bundle) (ActivityProxyObjectHelper.java:81)
06-29 09:57:11.803  9609  9609 I zygote  :   at void com.prime31.UnityPlayerNativeActivity.onCreate(android.os.Bundle) (UnityPlayerNativeActivity.java:24)
06-29 09:57:11.803  9609  9609 I zygote  :   at void android.app.Activity.performCreate(android.os.Bundle, android.os.PersistableBundle) (Activity.java:7009)
06-29 09:57:11.846  9609  9609 W PopupManager: You have not specified a View to use as content view for popups. Falling back to the Activity content view. Note that this may not work as expected in multi-screen environments
06-29 09:57:11.854  9609  9609 I zygote  : Rejecting re-init on previously-failed class java.lang.Class<android.support.v4.app.FragmentActivity>: java.lang.NoClassDefFoundError: Failed resolution of: Landroid/support/v4/app/BaseFragmentActivityApi16;
06-29 09:57:11.854  9609  9609 I zygote  :   at com.google.android.gms.common.api.GoogleApiClient$Builder com.prime31.GameHelper.createApiClientBuilder() (GameHelper.java:272)
06-29 09:57:11.854  9609  9609 I zygote  :   at void com.prime31.GameHelper.setup(com.prime31.GameHelper$GameHelperListener) (GameHelper.java:320)
06-29 09:57:11.854  9609  9609 I zygote  :   at void com.prime31.PlayGameServicesPlugin.initImpl() (PlayGameServicesPlugin.java:842)
06-29 09:57:11.854  9609  9609 I zygote  :   at void com.prime31.PlayGameServicesPlugin.onCreate(android.os.Bundle) (PlayGameServicesPlugin.java:576)
06-29 09:57:11.854  9609  9609 I zygote  :   at java.lang.Object java.lang.reflect.Method.invoke(java.lang.Object, java.lang.Object[]) (Method.java:-2)
06-29 09:57:11.854  9609  9609 I zygote  :   at void com.prime31.ActivityProxyObjectHelper.onCreate(android.os.Bundle) (ActivityProxyObjectHelper.java:81)
06-29 09:57:11.854  9609  9609 I zygote  :   at void com.prime31.UnityPlayerNativeActivity.onCreate(android.os.Bundle) (UnityPlayerNativeActivity.java:24)
06-29 09:57:11.854  9609  9609 I zygote  :   at void android.app.Activity.performCreate(android.os.Bundle, android.os.PersistableBundle) (Activity.java:7009)
06-29 09:57:11.854  9609  9609 I zygote  :   at void android.app.Activity.performCreate(android.os.Bundle) (Activity.java:7000)
06-29 09:57:11.854  9609  9609 I zygote  :   at void android.app.Instrumentation.callActivityOnCreate(android.app.Activity, android.os.Bundle) (Instrumentation.java:1214)
06-29 09:57:11.854  9609  9609 I zygote  :   at android.app.Activity android.app.ActivityThread.performLaunchActivity(android.app.ActivityThread$ActivityClientRecord, android.content.Intent) (ActivityThread.java:2731)
06-29 09:57:11.854  9609  9609 I zygote  :   at void android.app.ActivityThread.handleLaunchActivity(android.app.ActivityThread$ActivityClientRecord, android.content.Intent, java.lang.String) (ActivityThread.java:2856)
06-29 09:57:11.854  9609  9609 I zygote  :   at void android.app.ActivityThread.-wrap11(android.app.ActivityThread, android.app.ActivityThread$ActivityClientRecord, android.content.Intent, java.lang.String) (ActivityThread.java:-1)
06-29 09:57:11.854  9609  9609 I zygote  :   at void android.app.ActivityThread$H.handleMessage(android.os.Message) (ActivityThread.java:1589)
06-29 09:57:11.855  9609  9609 I zygote  :   at void android.os.Handler.dispatchMessage(android.os.Message) (Handler.java:106)
06-29 09:57:11.855  9609  9609 I zygote  :   at void android.os.Looper.loop() (Looper.java:164)
06-29 09:57:11.855  9609  9609 I zygote  :   at void android.app.ActivityThread.main(java.lang.String[]) (ActivityThread.java:6494)
06-29 09:57:11.855  9609  9609 I zygote  :   at java.lang.Object java.lang.reflect.Method.invoke(java.lang.Object, java.lang.Object[]) (Method.java:-2)
06-29 09:57:11.855  9609  9609 I zygote  :   at void com.android.internal.os.RuntimeInit$MethodAndArgsCaller.run() (RuntimeInit.java:438)
06-29 09:57:11.855  9609  9609 I zygote  :   at void com.android.internal.os.ZygoteInit.main(java.lang.String[]) (ZygoteInit.java:807)
06-29 09:57:11.855  9609  9609 I zygote  : Caused by: java.lang.ClassNotFoundException: android.support.v4.app.BaseFragmentActivityApi16
06-29 09:57:11.855  9609  9609 I zygote  :   at java.lang.Class java.lang.VMClassLoader.findLoadedClass(java.lang.ClassLoader, java.lang.String) (VMClassLoader.java:-2)
06-29 09:57:11.855  9609  9609 I zygote  :   at java.lang.Class java.lang.ClassLoader.findLoadedClass(java.lang.String) (ClassLoader.java:738)
06-29 09:57:11.855  9609  9609 I zygote  :   at java.lang.Class java.lang.ClassLoader.loadClass(java.lang.String, boolean) (ClassLoader.java:363)
06-29 09:57:11.855  9609  9609 I zygote  :   at java.lang.Class java.lang.ClassLoader.loadClass(java.lang.String) (ClassLoader.java:312)
06-29 09:57:11.855  9609  9609 I zygote  :   at com.google.android.gms.common.api.GoogleApiClient$Builder com.prime31.GameHelper.createApiClientBuilder() (GameHelper.java:272)
06-29 09:57:11.855  9609  9609 I zygote  :   at void com.prime31.GameHelper.setup(com.prime31.GameHelper$GameHelperListener) (GameHelper.java:320)
06-29 09:57:11.855  9609  9609 I zygote  :   at void com.prime31.PlayGameServicesPlugin.initImpl() (PlayGameServicesPlugin.java:842)
06-29 09:57:11.855  9609  9609 I zygote  :   at void com.prime31.PlayGameServicesPlugin.onCreate(android.os.Bundle) (PlayGameServicesPlugin.java:576)
06-29 09:57:11.855  9609  9609 I zygote  :   at java.lang.Object java.lang.reflect.Method.invoke(java.lang.Object, java.lang.Object[]) (Method.java:-2)
06-29 09:57:11.855  9609  9609 I zygote  :   at void com.prime31.ActivityProxyObjectHelper.onCreate(android.os.Bundle) (ActivityProxyObjectHelper.java:81)
06-29 09:57:11.855  9609  9609 I zygote  :   at void com.prime31.UnityPlayerNativeActivity.onCreate(android.os.Bundle) (UnityPlayerNativeActivity.java:24)
06-29 09:57:11.855  9609  9609 I zygote  :   at void android.app.Activity.performCreate(android.os.Bundle, android.os.PersistableBundle) (Activity.java:7009)
06-29 09:57:11.855  9609  9609 I zygote  :   at void android.app.Activity.performCreate(android.os.Bundle) (Activity.java:7000)
06-29 09:57:11.855  9609  9609 I zygote  :   at void android.app.Instrumentation.callActivityOnCreate(android.app.Activity, android.os.Bundle) (Instrumentation.java:1214)
06-29 09:57:11.855  9609  9609 I zygote  :   at android.app.Activity android.app.ActivityThread.performLaunchActivity(android.app.ActivityThread$ActivityClientRecord, android.content.Intent) (ActivityThread.java:2731)
06-29 09:57:11.855  9609  9609 I zygote  :   at void android.app.ActivityThread.handleLaunchActivity(android.app.ActivityThread$ActivityClientRecord, android.content.Intent, java.lang.String) (ActivityThread.java:2856)
06-29 09:57:11.855  9609  9609 I zygote  :   at void android.app.ActivityThread.-wrap11(android.app.ActivityThread, android.app.ActivityThread$ActivityClientRecord, android.content.Intent, java.lang.String) (ActivityThread.java:-1)
06-29 09:57:11.855  9609  9609 I zygote  :   at void android.app.ActivityThread$H.handleMessage(android.os.Message) (ActivityThread.java:1589)
06-29 09:57:11.855  9609  9609 I zygote  :   at void android.os.Handler.dispatchMessage(android.os.Message) (Handler.java:106)
06-29 09:57:11.855  9609  9609 I zygote  :   at void android.os.Looper.loop() (Looper.java:164)
06-29 09:57:11.855  9609  9609 I zygote  :   at void android.app.ActivityThread.main(java.lang.String[]) (ActivityThread.java:6494)
06-29 09:57:11.855  9609  9609 I zygote  :   at java.lang.Object java.lang.reflect.Method.invoke(java.lang.Object, java.lang.Object[]) (Method.java:-2)
06-29 09:57:11.855  9609  9609 I zygote  :   at void com.android.internal.os.RuntimeInit$MethodAndArgsCaller.run() (RuntimeInit.java:438)
06-29 09:57:11.855  9609  9609 I zygote  :   at void com.android.internal.os.ZygoteInit.main(java.lang.String[]) (ZygoteInit.java:807)
06-29 09:57:11.855  9609  9609 I zygote  : 
06-29 09:57:11.856  9609  9609 I zygote  : Rejecting re-init on previously-failed class java.lang.Class<android.support.v4.app.FragmentActivity>: java.lang.NoClassDefFoundError: Failed resolution of: Landroid/support/v4/app/BaseFragmentActivityApi16;
06-29 09:57:11.856  9609  9609 I zygote  :   at com.google.android.gms.common.api.GoogleApiClient$Builder com.prime31.GameHelper.createApiClientBuilder() (GameHelper.java:272)
06-29 09:57:11.856  9609  9609 I zygote  :   at void com.prime31.GameHelper.setup(com.prime31.GameHelper$GameHelperListener) (GameHelper.java:320)
06-29 09:57:11.856  9609  9609 I zygote  :   at void com.prime31.PlayGameServicesPlugin.initImpl() (PlayGameServicesPlugin.java:842)
06-29 09:57:11.856  9609  9609 I zygote  :   at void com.prime31.PlayGameServicesPlugin.onCreate(android.os.Bundle) (PlayGameServicesPlugin.java:576)
06-29 09:57:11.856  9609  9609 I zygote  :   at java.lang.Object java.lang.reflect.Method.invoke(java.lang.Object, java.lang.Object[]) (Method.java:-2)
06-29 09:57:11.856  9609  9609 I zygote  :   at void com.prime31.ActivityProxyObjectHelper.onCreate(android.os.Bundle) (ActivityProxyObjectHelper.java:81)
06-29 09:57:11.856  9609  9609 I zygote  :   at void com.prime31.UnityPlayerNativeActivity.onCreate(android.os.Bundle) (UnityPlayerNativeActivity.java:24)
06-29 09:57:11.856  9609  9609 I zygote  :   at void android.app.Activity.performCreate(android.os.Bundle, android.os.PersistableBundle) (Activity.java:7009)
06-29 09:57:11.856  1600  3412 W LocalDisplayAdapter: Unable to find color mode 0, ignoring request.
06-29 09:57:11.856  9609  9609 I zygote  :   at void android.app.Activity.performCreate(android.os.Bundle) (Activity.java:7000)
06-29 09:57:11.856  9609  9609 I zygote  :   at void android.app.Instrumentation.callActivityOnCreate(android.app.Activity, android.os.Bundle) (Instrumentation.java:1214)
06-29 09:57:11.856  9609  9609 I zygote  :   at android.app.Activity android.app.ActivityThread.performLaunchActivity(android.app.ActivityThread$ActivityClientRecord, android.content.Intent) (ActivityThread.java:2731)
06-29 09:57:11.856  9609  9609 I zygote  :   at void android.app.ActivityThread.handleLaunchActivity(android.app.ActivityThread$ActivityClientRecord, android.content.Intent, java.lang.String) (ActivityThread.java:2856)
06-29 09:57:11.856  9609  9609 I zygote  :   at void android.app.ActivityThread.-wrap11(android.app.ActivityThread, android.app.ActivityThread$ActivityClientRecord, android.content.Intent, java.lang.String) (ActivityThread.java:-1)
06-29 09:57:11.856  9609  9609 I zygote  :   at void android.app.ActivityThread$H.handleMessage(android.os.Message) (ActivityThread.java:1589)
06-29 09:57:11.856  9609  9609 I zygote  :   at void android.os.Handler.dispatchMessage(android.os.Message) (Handler.java:106)
06-29 09:57:11.857  9609  9609 I zygote  :   at void android.os.Looper.loop() (Looper.java:164)
06-29 09:57:11.857  9609  9609 I zygote  :   at void android.app.ActivityThread.main(java.lang.String[]) (ActivityThread.java:6494)
06-29 09:57:11.857  9609  9609 I zygote  :   at java.lang.Object java.lang.reflect.Method.invoke(java.lang.Object, java.lang.Object[]) (Method.java:-2)
06-29 09:57:11.857  9609  9609 I zygote  :   at void com.android.internal.os.RuntimeInit$MethodAndArgsCaller.run() (RuntimeInit.java:438)
06-29 09:57:11.857  9609  9609 I zygote  :   at void com.android.internal.os.ZygoteInit.main(java.lang.String[]) (ZygoteInit.java:807)
06-29 09:57:11.857  9609  9609 I zygote  : Caused by: java.lang.ClassNotFoundException: android.support.v4.app.BaseFragmentActivityApi16
06-29 09:57:11.857  9609  9609 I zygote  :   at java.lang.Class java.lang.VMClassLoader.findLoadedClass(java.lang.ClassLoader, java.lang.String) (VMClassLoader.java:-2)
06-29 09:57:11.857  9609  9609 I zygote  :   at java.lang.Class java.lang.ClassLoader.findLoadedClass(java.lang.String) (ClassLoader.java:738)
06-29 09:57:11.857  9609  9609 I zygote  :   at java.lang.Class java.lang.ClassLoader.loadClass(java.lang.String, boolean) (ClassLoader.java:363)
06-29 09:57:11.857  9609  9609 I zygote  :   at java.lang.Class java.lang.ClassLoader.loadClass(java.lang.String) (ClassLoader.java:312)
06-29 09:57:11.857  9609  9609 I zygote  :   at com.google.android.gms.common.api.GoogleApiClient$Builder com.prime31.GameHelper.createApiClientBuilder() (GameHelper.java:272)
06-29 09:57:11.857  9609  9609 I zygote  :   at void com.prime31.GameHelper.setup(com.prime31.GameHelper$GameHelperListener) (GameHelper.java:320)
06-29 09:57:11.857  9609  9609 I zygote  :   at void com.prime31.PlayGameServicesPlugin.initImpl() (PlayGameServicesPlugin.java:842)
06-29 09:57:11.857  9609  9609 I zygote  :   at void com.prime31.PlayGameServicesPlugin.onCreate(android.os.Bundle) (PlayGameServicesPlugin.java:576)
06-29 09:57:11.857  9609  9609 I zygote  :   at java.lang.Object java.lang.reflect.Method.invoke(java.lang.Object, java.lang.Object[]) (Method.java:-2)
06-29 09:57:11.858  9609  9609 I zygote  :   at void com.prime31.ActivityProxyObjectHelper.onCreate(android.os.Bundle) (ActivityProxyObjectHelper.java:81)
06-29 09:57:11.858  9609  9609 I zygote  :   at void com.prime31.UnityPlayerNativeActivity.onCreate(android.os.Bundle) (UnityPlayerNativeActivity.java:24)
06-29 09:57:11.858  9609  9609 I zygote  :   at void android.app.Activity.performCreate(android.os.Bundle, android.os.PersistableBundle) (Activity.java:7009)
06-29 09:57:11.858  9609  9609 I zygote  :   at void android.app.Activity.performCreate(android.os.Bundle) (Activity.java:7000)
06-29 09:57:11.858  9609  9609 I zygote  :   at void android.app.Instrumentation.callActivityOnCreate(android.app.Activity, android.os.Bundle) (Instrumentation.java:1214)
06-29 09:57:11.858  9609  9609 I zygote  :   at android.app.Activity android.app.ActivityThread.performLaunchActivity(android.app.ActivityThread$ActivityClientRecord, android.content.Intent) (ActivityThread.java:2731)
06-29 09:57:11.858  9609  9609 I zygote  :   at void android.app.ActivityThread.handleLaunchActivity(android.app.ActivityThread$ActivityClientRecord, android.content.Intent, java.lang.String) (ActivityThread.java:2856)
06-29 09:57:11.858  9609  9609 I zygote  :   at void android.app.ActivityThread.-wrap11(android.app.ActivityThread, android.app.ActivityThread$ActivityClientRecord, android.content.Intent, java.lang.String) (ActivityThread.java:-1)
06-29 09:57:11.858  9609  9609 I zygote  :   at void android.app.ActivityThread$H.handleMessage(android.os.Message) (ActivityThread.java:1589)
06-29 09:57:11.858  9609  9609 I zygote  :   at void android.os.Handler.dispatchMessage(android.os.Message) (Handler.java:106)
06-29 09:57:11.858  9609  9609 I zygote  :   at void android.os.Looper.loop() (Looper.java:164)
06-29 09:57:11.858  9609  9609 I zygote  :   at void android.app.ActivityThread.main(java.lang.String[]) (ActivityThread.java:6494)
06-29 09:57:11.858  9609  9609 I zygote  :   at java.lang.Object java.lang.reflect.Method.invoke(java.lang.Object, java.lang.Object[]) (Method.java:-2)
06-29 09:57:11.858  9609  9609 I zygote  :   at void com.android.internal.os.RuntimeInit$MethodAndArgsCaller.run() (RuntimeInit.java:438)
06-29 09:57:11.858  9609  9609 I zygote  :   at void com.android.internal.os.ZygoteInit.main(java.lang.String[]) (ZygoteInit.java:807)
06-29 09:57:11.858  9609  9609 I zygote  : 
06-29 09:57:11.891  1600  7254 W AppOps  : Bad call: specified package com.google.android.gms under uid 10081 but it is really 10014
06-29 09:57:11.891  1600  7254 W AppOps  : java.lang.RuntimeException: here
06-29 09:57:11.891  1600  7254 W AppOps  : 	at com.android.server.AppOpsService.getOpsRawLocked(AppOpsService.java:1322)
06-29 09:57:11.891  1600  7254 W AppOps  : 	at com.android.server.AppOpsService.checkPackage(AppOpsService.java:1041)
06-29 09:57:11.891  1600  7254 W AppOps  : 	at com.android.internal.app.IAppOpsService$Stub.onTransact(IAppOpsService.java:169)
06-29 09:57:11.891  1600  7254 W AppOps  : 	at android.os.Binder.execTransact(Binder.java:697)
06-29 09:57:11.895  1600  1662 I InputReader: Reconfiguring input devices.  changes=0x00000004
06-29 09:57:11.895  9609  9609 I Prime31 : onStart. calling through to GameHelper.onStart with connectOnStart set to false
06-29 09:57:11.901  9609  9609 I Prime31-TBMP: wiring up OnTurnBasedMatchUpdateReceivedListener
06-29 09:57:11.922  1704  1704 D EGL_emulation: eglCreateContext: 0x8ab997c0: maj 2 min 0 rcv 2
06-29 09:57:11.939  1704  1704 D EGL_emulation: eglMakeCurrent: 0x8ab997c0: ver 2 0 (tinfo 0x8999d150)
06-29 09:57:11.950  1398  7054 D gralloc_ranchu: gralloc_alloc: Creating ashmem region of size 9547776
06-29 09:57:11.991  1704  1704 D EGL_emulation: eglMakeCurrent: 0x8ab997c0: ver 2 0 (tinfo 0x8999d150)
06-29 09:57:12.057  1398  7054 D gralloc_ranchu: gralloc_alloc: Creating ashmem region of size 8298496
06-29 09:57:12.122  9609  9609 D         : HostConnection::get() New Host Connection established 0x9ba26880, tid 9609
06-29 09:57:12.140  1398  7054 D gralloc_ranchu: gralloc_alloc: Creating ashmem region of size 9547776
06-29 09:57:12.302  1600  1647 E WindowManager: Performed 6 layouts in a row. Skipping
06-29 09:57:12.314  1704  1704 I Choreographer: Skipped 39 frames!  The application may be doing too much work on its main thread.
06-29 09:57:12.320  1398  7054 D gralloc_ranchu: gralloc_alloc: Creating ashmem region of size 544768
06-29 09:57:12.406  1600  1621 I ActivityManager: Displayed com.skgames.trafficrider/com.prime31.UnityPlayerNativeActivity: +1s236ms
06-29 09:57:12.472  1408  1408 W SurfaceFlinger: couldn't log to binary event log: overflow.
06-29 09:57:12.484  1600  2538 I WifiService: getWifiEnabledState uid=10032
06-29 09:57:12.493  2629  9195 I PBSessionCacheImpl: Deleted sessionId[7574760607207] from persistence.
06-29 09:57:12.502  2629  2890 W SearchServiceCore: Abort, client detached.
06-29 09:57:12.593  1398  7054 D gralloc_ranchu: gralloc_alloc: Creating ashmem region of size 487424
06-29 09:57:12.638  1704  1704 D StatusBar: disable<e i a s b h r c s q >
06-29 09:57:12.647  1704  1929 D EGL_emulation: eglMakeCurrent: 0x9e4046c0: ver 2 0 (tinfo 0x9e403690)
06-29 09:57:12.660  1398  7054 D gralloc_ranchu: gralloc_alloc: Creating ashmem region of size 487424
06-29 09:57:12.683  1704  1704 W StatusBar/NavBarView: *** Invalid layout in navigation bar (sizeChanged this=126x1080 cur=126x1038)
06-29 09:57:12.698  1600  1647 I WindowManager: Screen frozen for +1s672ms due to Window{a7ee748 u0 StatusBar}
06-29 09:57:12.828  1704  1704 D EGL_emulation: eglCreateContext: 0x8ab997c0: maj 2 min 0 rcv 2
06-29 09:57:12.839  1704  1704 D EGL_emulation: eglMakeCurrent: 0x8ab997c0: ver 2 0 (tinfo 0x8999d150)
06-29 09:57:12.857  1398  7054 D gralloc_ranchu: gralloc_alloc: Creating ashmem region of size 8298496
06-29 09:57:12.882  1704  1704 D EGL_emulation: eglMakeCurrent: 0x8ab997c0: ver 2 0 (tinfo 0x8999d150)
06-29 09:57:12.899  9609  9609 I Prime31 : we only launched 1 seconds ago so this is the Google 'failed auth bug'. Disregarding only this failure and moving on.
06-29 09:57:12.976  1398  7054 D gralloc_ranchu: gralloc_alloc: Creating ashmem region of size 8298496
06-29 09:57:13.021  1398  7054 D gralloc_ranchu: gralloc_alloc: Creating ashmem region of size 487424
06-29 09:57:13.052  1704  1929 D EGL_emulation: eglMakeCurrent: 0x9e4046c0: ver 2 0 (tinfo 0x9e403690)
06-29 09:57:13.229  9609  9627 I Unity   : SystemInfo CPU = Intel x86 SSE3, Cores = 2, Memory = 1512mb
06-29 09:57:13.230  9609  9627 I Unity   : ApplicationInfo com.skgames.trafficrider version 1.61 build e2cf18d2-8ba2-4a59-8cbd-1d7f8d3313c2
06-29 09:57:13.231  9609  9627 I Unity   : Built from '2017.4/staging' branch, Version '2017.4.25f1 (9cba1c3a94f1)', Build type 'Release', Scripting Backend 'mono'
06-29 09:57:13.269  9609  9609 W UnityMain: type=1400 audit(0.0:12): avc: denied { read } for name="stat" dev="proc" ino=4026531999 scontext=u:r:untrusted_app:s0:c512,c768 tcontext=u:object_r:proc_stat:s0 tclass=file permissive=0
06-29 09:57:13.304  1398  7054 D gralloc_ranchu: gralloc_alloc: Creating ashmem region of size 8298496
06-29 09:57:13.420  1398  7054 D gralloc_ranchu: gralloc_alloc: Creating ashmem region of size 8298496
06-29 09:57:13.815  9609  9627 D         : HostConnection::get() New Host Connection established 0x85e7e5c0, tid 9627
06-29 09:57:13.822  9609  9627 I zygote  : android::hardware::configstore::V1_0::ISurfaceFlingerConfigs::hasWideColorDisplay retrieved: 0
06-29 09:57:13.845  9609  9627 D EGL_emulation: eglCreateContext: 0x85eec480: maj 2 min 0 rcv 2
06-29 09:57:13.846  1398  7054 D gralloc_ranchu: gralloc_alloc: Creating ashmem region of size 8298496
06-29 09:57:13.865  9609  9627 D EGL_emulation: eglCreateContext: 0x85eec4e0: maj 2 min 0 rcv 2
06-29 09:57:13.867  9609  9627 D EGL_emulation: eglMakeCurrent: 0x85eec4e0: ver 2 0 (tinfo 0x885c6290)
06-29 09:57:13.878  9609  9627 D Unity   : GL_EXT_debug_marker GL_OES_EGL_image GL_OES_EGL_image_external GL_OES_depth24 GL_OES_depth32 GL_OES_element_index_uint GL_OES_texture_float GL_OES_texture_float_linear GL_OES_compressed_ETC1_RGB8_texture GL_OES_depth_texture GL_OES_texture_half_float GL_OES_texture_half_float_linear GL_OES_packed_depth_stencil GL_OES_texture_npot GL_OES_rgb8_rgba8 GL_EXT_color_buffer_half_float GL_EXT_texture_format_BGRA8888 ANDROID_EMU_CHECKSUM_HELPER_v1 ANDROID_EMU_dma_v1 GL_OES_vertex_array_object GL_KHR_texture_compression_astc_ldr ANDROID_EMU_gles_max_version_2 
06-29 09:57:13.887  9609  9636 D         : HostConnection::get() New Host Connection established 0x9ba269c0, tid 9636
06-29 09:57:13.889  9609  9636 D EGL_emulation: eglMakeCurrent: 0x85eec4e0: ver 2 0 (tinfo 0x9e3898a0)
06-29 09:57:13.892  9609  9627 D EGL_emulation: eglMakeCurrent: 0x85eec4e0: ver 2 0 (tinfo 0x885c6290)
06-29 09:57:13.895  9609  9636 D EGL_emulation: eglMakeCurrent: 0x85eec4e0: ver 2 0 (tinfo 0x9e3898a0)
06-29 09:57:13.901  9609  9627 D EGL_emulation: eglMakeCurrent: 0x85eec4e0: ver 2 0 (tinfo 0x885c6290)
06-29 09:57:13.907  9609  9636 D EGL_emulation: eglMakeCurrent: 0x85eec4e0: ver 2 0 (tinfo 0x9e3898a0)
06-29 09:57:13.959  9609  9656 D AudioTrack: Client defaulted notificationFrames to 682 for frameCount 2048
06-29 09:57:13.970  9609  9656 W AudioTrack: Use of stream types is deprecated for operations other than volume control
06-29 09:57:13.970  9609  9656 W AudioTrack: See the documentation of AudioTrack() for what to use instead with android.media.AudioAttributes to qualify your playback use case
06-29 09:57:13.971  1600  7948 V MediaRouterService: restoreBluetoothA2dp(false)
06-29 09:57:13.976  1390  2659 W audio_hw_generic: Not supplying enough data to HAL, expected position 24006258 , only wrote 24006240
06-29 09:57:14.417  1600  1613 E memtrack: Couldn't load memtrack module
06-29 09:57:14.417  1600  1613 W android.os.Debug: failed to get memory consumption info: -1
06-29 09:57:14.920  1600  1621 I zygote  : Explicit concurrent copying GC freed 43321(3MB) AllocSpace objects, 6(248KB) LOS objects, 32% free, 12MB/18MB, paused 1.120ms total 189.126ms
06-29 09:57:15.787  1600  1613 E memtrack: Couldn't load memtrack module
06-29 09:57:15.787  1600  1613 W android.os.Debug: failed to get memory consumption info: -1
06-29 09:57:15.932  9609  9627 D EGL_emulation: eglMakeCurrent: 0x85eec4e0: ver 2 0 (tinfo 0x885c6290)
06-29 09:57:15.936  9609  9627 D EGL_emulation: eglMakeCurrent: 0x85eec4e0: ver 2 0 (tinfo 0x885c6290)
06-29 09:57:15.945  9609  9636 D EGL_emulation: eglMakeCurrent: 0x85eec4e0: ver 2 0 (tinfo 0x9e3898a0)
06-29 09:57:15.956  9609  9627 V MediaRouter: Adding route: RouteInfo{ name=Phone, description=null, status=null, category=RouteCategory{ name=System types=ROUTE_TYPE_LIVE_AUDIO ROUTE_TYPE_LIVE_VIDEO  groupable=false }, supportedTypes=ROUTE_TYPE_LIVE_AUDIO ROUTE_TYPE_LIVE_VIDEO , presentationDisplay=null }
06-29 09:57:15.972  9609  9627 V MediaRouter: Selecting route: RouteInfo{ name=Phone, description=null, status=null, category=RouteCategory{ name=System types=ROUTE_TYPE_LIVE_AUDIO ROUTE_TYPE_LIVE_VIDEO  groupable=false }, supportedTypes=ROUTE_TYPE_LIVE_AUDIO ROUTE_TYPE_LIVE_VIDEO , presentationDisplay=null }
06-29 09:57:16.062  1398  7054 D gralloc_ranchu: gralloc_alloc: Creating ashmem region of size 8298496
06-29 09:57:16.154  1390  2659 W audio_hw_generic: Not supplying enough data to HAL, expected position 24110784 , only wrote 24110640
06-29 09:57:16.765  9609  9627 I Prime31-IABH: setting Intent package to com.android.vending
06-29 09:57:16.826  2923  2935 I Finsky  : [135] eth.b(2): com.skgames.trafficrider: Account determined from installer data - [suezqm0lmYitICIolRzk9yrzX_k]
06-29 09:57:16.826  2923  2935 I Finsky  : [135] eth.b(9): com.skgames.trafficrider: Account from preferred account - [suezqm0lmYitICIolRzk9yrzX_k]
06-29 09:57:16.833  2923  2935 I Finsky  : [135] eth.b(2): com.skgames.trafficrider: Account determined from installer data - [suezqm0lmYitICIolRzk9yrzX_k]
06-29 09:57:16.833  2923  2935 I Finsky  : [135] eth.b(9): com.skgames.trafficrider: Account from preferred account - [suezqm0lmYitICIolRzk9yrzX_k]
06-29 09:57:16.870  9609  9627 D UnityAds: com.unity3d.services.core.misc.Utilities.writeFile() (line:127) :: Wrote file: /data/user/0/com.skgames.trafficrider/files/UnityAdsStorage-public-data.json
06-29 09:57:16.871  9609  9627 D UnityAds: com.unity3d.services.core.device.Storage.sendEvent() (line:81) :: Couldn't send storage event to WebApp
06-29 09:57:16.875  9609  9627 D UnityAds: com.unity3d.services.core.misc.Utilities.writeFile() (line:127) :: Wrote file: /data/user/0/com.skgames.trafficrider/files/UnityAdsStorage-public-data.json
06-29 09:57:16.875  9609  9627 D UnityAds: com.unity3d.services.core.device.Storage.sendEvent() (line:81) :: Couldn't send storage event to WebApp
06-29 09:57:16.885  9609  9627 D UnityAds: com.unity3d.services.monetization.UnityMonetization.initialize() (line:63) :: ENTERED METHOD
06-29 09:57:16.886  9609  9627 D UnityAds: com.unity3d.services.UnityServices.initialize() (line:41) :: ENTERED METHOD
06-29 09:57:16.886  9609  9627 I UnityAds: com.unity3d.services.UnityServices.initialize() (line:79) :: Initializing Unity Services 3.0.3 (3003) with game id 64136 in production mode
06-29 09:57:16.899  9609  9627 I UnityAds: com.unity3d.services.UnityServices.initialize() (line:90) :: Unity Services environment check OK
06-29 09:57:16.971  9609  9609 W zygote  : Unsupported class loader
06-29 09:57:16.983  9609  9609 W zygote  : Skipping duplicate class check due to unsupported classloader
06-29 09:57:17.016  1398  7054 D gralloc_ranchu: gralloc_alloc: Creating ashmem region of size 8298496
06-29 09:57:17.020  1600  3412 W SensorService: sensor 00000000 already enabled in connection 0x9e424f90 (ignoring)
06-29 09:57:17.099  9609  9609 I zygote  : The ClassLoaderContext is a special shared library.
06-29 09:57:17.114  9609  9609 I zygote  : The ClassLoaderContext is a special shared library.
06-29 09:57:17.188  9609  9619 I zygote  : Background concurrent copying GC freed 12289(1916KB) AllocSpace objects, 4(144KB) LOS objects, 50% free, 1491KB/2MB, paused 805us total 116.486ms
06-29 09:57:17.248  9609  9609 I DynamiteModule: Considering local module com.google.android.gms.ads.dynamite:0 and remote module com.google.android.gms.ads.dynamite:20300
06-29 09:57:17.249  9609  9609 I DynamiteModule: Selected remote version of com.google.android.gms.ads.dynamite, version >= 20300
06-29 09:57:17.280  9609  9609 W zygote  : Unsupported class loader
06-29 09:57:17.303  9609  9609 W zygote  : Skipping duplicate class check due to unsupported classloader
06-29 09:57:17.333  9609  9627 I Unity   : ** IAP billing supported
06-29 09:57:17.333  9609  9627 I Unity   :  
06-29 09:57:17.333  9609  9627 I Unity   : (Filename: /Users/builduser/buildslave/unity/build/artifacts/generated/common/runtime/DebugBindings.gen.cpp Line: 51)
06-29 09:57:17.333  9609  9627 I Unity   : 
06-29 09:57:17.342  9609  9609 D DynamitePackage: Instantiated singleton DynamitePackage.
06-29 09:57:17.342  9609  9609 D DynamitePackage: Instantiating com.google.android.gms.ads.reward.ChimeraRewardedVideoAdCreatorImpl
06-29 09:57:17.710  9609  9667 D NetworkSecurityConfig: No Network Security Config specified, using platform default
06-29 09:57:17.715  9609  9609 I Ads     : This request is sent from a test device.
06-29 09:57:17.822  9609  9670 I zygote  : The ClassLoaderContext is a special shared library.
06-29 09:57:17.857  1600  1613 E memtrack: Couldn't load memtrack module
06-29 09:57:17.858  1600  1613 W android.os.Debug: failed to get memory consumption info: -1
06-29 09:57:17.980  9609  9689 W Ads     : Invoke Firebase method getInstance error.
06-29 09:57:17.981  9609  9689 W Ads     : The Google Mobile Ads SDK will not integrate with Firebase. Admob/Firebase integration requires the latest Firebase SDK jar, but Firebase SDK is either missing or out of date
06-29 09:57:18.046  9609  9679 I DynamiteModule: Considering local module com.google.android.gms.ads.dynamite:0 and remote module com.google.android.gms.ads.dynamite:20300
06-29 09:57:18.047  9609  9679 I DynamiteModule: Selected remote version of com.google.android.gms.ads.dynamite, version >= 20300
06-29 09:57:18.280  9609  9686 I WebViewFactory: Loading com.android.chrome version 74.0.3729.157 (code 372915712)
06-29 09:57:18.420  1964  9592 I Places  : ?: PlacesBleScanner stop()
06-29 09:57:18.422  1964  1964 I BeaconBle: Scan : No clients left, canceling alarm.
06-29 09:57:18.435  1964  1964 I BeaconBle: Scan canceled successfully.
06-29 09:57:18.522  9609  9663 I UnityAds: com.unity3d.services.core.configuration.InitializeThread$InitializeStateConfig.execute() (line:191) :: Unity Ads init: load configuration from https://config.unityads.unity3d.com/webview/3.0.3/release/config.json
06-29 09:57:18.537  1964  9592 I PlaceInferenceEngine: [anon] Changed inference mode: 0
06-29 09:57:18.537  1964  9592 I PlaceInferenceEngine: [account#1066226748] Changed inference mode: 0
06-29 09:57:18.686  1964  1964 I GeofencerStateMachine: removeGeofences: removeRequest=RemoveGeofencingRequest[REMOVE_BY_PENDING_INTENT pendingIntent=PendingIntent[creatorPackage=com.google.android.gms], packageName=com.google.android.gms]
06-29 09:57:18.895  1964  1979 W MessageQueue: Handler (aeyl) {bda49b2} sending message to a Handler on a dead thread
06-29 09:57:18.895  1964  1979 W MessageQueue: java.lang.IllegalStateException: Handler (aeyl) {bda49b2} sending message to a Handler on a dead thread
06-29 09:57:18.895  1964  1979 W MessageQueue: 	at android.os.MessageQueue.enqueueMessage(MessageQueue.java:545)
06-29 09:57:18.895  1964  1979 W MessageQueue: 	at android.os.Handler.enqueueMessage(Handler.java:662)
06-29 09:57:18.895  1964  1979 W MessageQueue: 	at android.os.Handler.sendMessageAtTime(Handler.java:631)
06-29 09:57:18.895  1964  1979 W MessageQueue: 	at aeyl.sendMessageAtTime(Unknown Source:3)
06-29 09:57:18.895  1964  1979 W MessageQueue: 	at android.os.Handler.sendMessageDelayed(Handler.java:601)
06-29 09:57:18.895  1964  1979 W MessageQueue: 	at android.os.Handler.post(Handler.java:357)
06-29 09:57:18.895  1964  1979 W MessageQueue: 	at bcln.execute(Unknown Source:2)
06-29 09:57:18.895  1964  1979 W MessageQueue: 	at aanh.execute(Unknown Source:9)
06-29 09:57:18.895  1964  1979 W MessageQueue: 	at avft.a(:com.google.android.gms@17785022@17.7.85 (040700-253824076):3)
06-29 09:57:18.895  1964  1979 W MessageQueue: 	at avgk.a(:com.google.android.gms@17785022@17.7.85 (040700-253824076):8)
06-29 09:57:18.895  1964  1979 W MessageQueue: 	at avgn.a(:com.google.android.gms@17785022@17.7.85 (040700-253824076):43)
06-29 09:57:18.895  1964  1979 W MessageQueue: 	at avgj.a(:com.google.android.gms@17785022@17.7.85 (040700-253824076):2)
06-29 09:57:18.895  1964  1979 W MessageQueue: 	at rpj.a(:com.google.android.gms@17785022@17.7.85 (040700-253824076):3)
06-29 09:57:18.895  1964  1979 W MessageQueue: 	at rpj.a(:com.google.android.gms@17785022@17.7.85 (040700-253824076):2)
06-29 09:57:18.895  1964  1979 W MessageQueue: 	at agos.a(Unknown Source:2)
06-29 09:57:18.895  1964  1979 W MessageQueue: 	at rnt.a(Unknown Source:11)
06-29 09:57:18.895  1964  1979 W MessageQueue: 	at aamg.a(:com.google.android.gms@17785022@17.7.85 (040700-253824076):1)
06-29 09:57:18.895  1964  1979 W MessageQueue: 	at cwm.onTransact(:com.google.android.gms@17785022@17.7.85 (040700-253824076):4)
06-29 09:57:18.895  1964  1979 W MessageQueue: 	at android.os.Binder.execTransact(Binder.java:697)
06-29 09:57:19.039  1600  1613 E memtrack: Couldn't load memtrack module
06-29 09:57:19.039  1600  1613 W android.os.Debug: failed to get memory consumption info: -1
06-29 09:57:19.110  1390  2659 W audio_hw_generic: Not supplying enough data to HAL, expected position 24252520 , only wrote 24252480
06-29 09:57:19.114  1473  1561 D AudioFlinger: mixer(0xa6c83380) throttle end: throttle time(12)
06-29 09:57:19.221  9609  9619 I zygote  : Background concurrent copying GC freed 9179(1065KB) AllocSpace objects, 9(176KB) LOS objects, 49% free, 2MB/5MB, paused 4.996ms total 1.265s
06-29 09:57:19.832  1600  1613 E memtrack: Couldn't load memtrack module
06-29 09:57:19.832  1600  1613 W android.os.Debug: failed to get memory consumption info: -1
06-29 09:57:19.921  9609  9686 I cr_LibraryLoader: Time to load native libraries: 72 ms (timestamps 4331-4403)
06-29 09:57:19.987  9609  9686 I chromium: [INFO:library_loader_hooks.cc(50)] Chromium logging enabled: level = 0, default verbosity = 0
06-29 09:57:19.988  9609  9686 I cr_LibraryLoader: Expected native library version number "74.0.3729.157", actual native library version number "74.0.3729.157"
06-29 09:57:20.515  9609  9717 W cr_ChildProcLH: Create a new ChildConnectionAllocator with package name = com.android.chrome, sandboxed = true
06-29 09:57:20.539  9609  9609 I cr_BrowserStartup: Initializing chromium process, singleProcess=false
06-29 09:57:20.540  9609  9619 I zygote  : Background concurrent copying GC freed 19222(1519KB) AllocSpace objects, 3(60KB) LOS objects, 49% free, 4MB/8MB, paused 4.011ms total 554.952ms
06-29 09:57:20.564  1600  7254 I ActivityManager: Start proc 9719:com.android.chrome:sandboxed_process0/u0i9 for webview_service com.skgames.trafficrider/org.chromium.content.app.SandboxedProcessService0
06-29 09:57:20.567  9609  9609 W ResourceType: Failure getting entry for 0x7f130526 (t=18 e=1318) (error -2147483647)
06-29 09:57:20.570  9719  9719 E /system/bin/webview_zygote32: Failed to make and chown /acct/uid_99009: Permission denied
06-29 09:57:20.570  9719  9719 E Zygote  : createProcessGroup(99009, 0) failed: Permission denied
06-29 09:57:20.573  9719  9719 W /system/bin/webview_zygote32: Unexpected CPU variant for X86 using defaults: x86
06-29 09:57:20.712  1600  1613 E memtrack: Couldn't load memtrack module
