07-05 13:26:33.787 28496  7717 I chatty  : uid=10104(net.osmand) expire 31 lines
07-05 13:26:34.408 28496  7718 I chatty  : uid=10104(net.osmand) expire 31 lines
07-05 13:26:35.145  1410  1410 I boot-pipe: done populating /dev/random
07-05 13:26:35.519 28496  7719 I chatty  : uid=10104(net.osmand) expire 31 lines
07-05 13:26:35.627  1604  2952 D NetworkMonitor/NetworkAgentInfo [WIFI () - 101]: PROBE_FALLBACK http://play.googleapis.com/generate_204 Probe failed with exception java.net.SocketTimeoutException: failed to connect to play.googleapis.com/2800:3f0:4001:817::200a (port 80) from /fec0::1587:c5fa:9b19:7831 (port 36540) after 9999ms
07-05 13:26:35.633  1604  1678 D WifiStateMachine: NETWORK_STATUS_UNWANTED_VALIDATION_FAILED
07-05 13:26:35.797 28496 28496 I chatty  : uid=10104(net.osmand) expire 12 lines
07-05 13:26:35.805 28496 28521 I chatty  : uid=10104(net.osmand) RenderingBaseIm expire 14 lines
07-05 13:26:35.813 28496  7720 I chatty  : uid=10104(net.osmand) expire 31 lines
07-05 13:26:36.188 28496 28520 I chatty  : uid=10104(net.osmand) Loader map obje expire 48 lines
07-05 13:26:36.476 28496 28506 I chatty  : uid=10104(net.osmand) HeapTaskDaemon expire 3 lines
07-05 13:26:36.683 28496  7721 I chatty  : uid=10104(net.osmand) expire 31 lines
07-05 13:26:37.816 28496  7722 I chatty  : uid=10104(net.osmand) expire 31 lines
07-05 13:26:38.854 28496  7723 I chatty  : uid=10104(net.osmand) expire 31 lines
07-05 13:26:39.326 28496 28496 I chatty  : uid=10104(net.osmand) expire 17 lines
07-05 13:26:39.386 28496 28521 I chatty  : uid=10104(net.osmand) RenderingBaseIm expire 16 lines
07-05 13:26:39.404 28496  7724 I chatty  : uid=10104(net.osmand) expire 31 lines
07-05 13:26:39.627 28496 28520 I chatty  : uid=10104(net.osmand) Loader map obje expire 48 lines
07-05 13:26:40.344 28496 28506 I chatty  : uid=10104(net.osmand) HeapTaskDaemon expire 3 lines
07-05 13:26:40.542 28496  7725 I chatty  : uid=10104(net.osmand) expire 31 lines
07-05 13:26:41.790 28496  7726 I chatty  : uid=10104(net.osmand) expire 31 lines
07-05 13:26:42.812 28496  7727 I chatty  : uid=10104(net.osmand) expire 31 lines
07-05 13:26:43.267 28496 28520 I chatty  : uid=10104(net.osmand) Loader map obje expire 73 lines
07-05 13:26:43.646  1604  7729 D NetworkMonitor/NetworkAgentInfo [WIFI () - 101]: PROBE_DNS connectivitycheck.gstatic.com 8ms OK 172.217.172.131,2800:3f0:4001:81a::2003
07-05 13:26:43.647  1604  7728 D NetworkMonitor/NetworkAgentInfo [WIFI () - 101]: PROBE_DNS www.google.com 8ms OK 172.217.28.228,2800:3f0:4001:801::2004
07-05 13:26:43.748 28496 28506 I chatty  : uid=10104(net.osmand) HeapTaskDaemon expire 4 lines
07-05 13:26:43.812 28496 28496 I chatty  : uid=10104(net.osmand) expire 15 lines
07-05 13:26:43.814 28496  7732 I chatty  : uid=10104(net.osmand) expire 31 lines
07-05 13:26:44.348 28496 28521 I chatty  : uid=10104(net.osmand) RenderingBaseIm expire 20 lines
07-05 13:26:44.841 28496  7733 I chatty  : uid=10104(net.osmand) expire 31 lines
07-05 13:26:45.800 28496  7734 I chatty  : uid=10104(net.osmand) expire 31 lines
07-05 13:26:48.129 28496  7736 I chatty  : uid=10104(net.osmand) expire 31 lines
07-05 13:26:48.839 28496 28520 I chatty  : uid=10104(net.osmand) Loader map obje expire 39 lines
07-05 13:26:48.917 28496 28496 I chatty  : uid=10104(net.osmand) expire 16 lines
07-05 13:26:49.070 28496 28506 I chatty  : uid=10104(net.osmand) HeapTaskDaemon expire 4 lines
07-05 13:26:49.384 28496 28521 I chatty  : uid=10104(net.osmand) RenderingBaseIm expire 10 lines
07-05 13:26:49.392 28496  7737 I chatty  : uid=10104(net.osmand) expire 31 lines
07-05 13:26:50.522 28496  7738 I chatty  : uid=10104(net.osmand) expire 31 lines
07-05 13:26:50.609  1604  5757 I WifiService: acquireWifiLock uid=10014 lockMode=2
07-05 13:26:50.786  1604  5757 I WifiService: releaseWifiLock uid=10014
07-05 13:26:51.722 28496  7739 I chatty  : uid=10104(net.osmand) expire 31 lines
07-05 13:26:52.801 28496  7740 I chatty  : uid=10104(net.osmand) expire 31 lines
07-05 13:26:53.134 28496  7741 I chatty  : uid=10104(net.osmand) expire 31 lines
07-05 13:26:53.135 28496 28521 I chatty  : uid=10104(net.osmand) RenderingBaseIm expire 12 lines
07-05 13:26:53.615  1970  7552 V NativeCrypto: Read error: ssl=0x8ad92a98: I/O error during system call, Connection reset by peer
07-05 13:26:53.617  1970  7552 V NativeCrypto: SSL shutdown failed: ssl=0x8ad92a98: I/O error during system call, Broken pipe
07-05 13:26:53.617  1970  7552 E WakeLock: GCM_HB_ALARM release without a matched acquire!
07-05 13:26:53.617  1970  7552 W WakeLock: GCM_HB_ALARM counter does not exist
07-05 13:26:53.619  1970  7552 E GCM     : Connection closed with errorCode 20
07-05 13:26:53.621  1970  7552 W WakeLock: GCM_CONN_ALARM counter does not exist
07-05 13:26:53.656 28496 28506 I chatty  : uid=10104(net.osmand) HeapTaskDaemon expire 3 lines
07-05 13:26:53.766 28496 28520 I chatty  : uid=10104(net.osmand) Loader map obje expire 48 lines
07-05 13:26:53.849 28496 28496 I chatty  : uid=10104(net.osmand) expire 12 lines
07-05 13:26:53.853 28496  7742 I chatty  : uid=10104(net.osmand) expire 31 lines
07-05 13:26:54.814 28496  7743 I chatty  : uid=10104(net.osmand) expire 31 lines
07-05 13:26:55.651 28496  7744 I chatty  : uid=10104(net.osmand) expire 31 lines
07-05 13:26:55.756  1970  6522 W Conscrypt: Could not set socket write timeout: java.net.SocketException: Socket closed
07-05 13:26:55.756  1970  6522 W Conscrypt: 	at com.google.android.gms.org.conscrypt.Platform.setSocketWriteTimeout(:com.google.android.gms@17785022@17.7.85 (040700-253824076):2)
07-05 13:26:55.756  1970  6522 W Conscrypt: 	at com.google.android.gms.org.conscrypt.ConscryptFileDescriptorSocket.setSoWriteTimeout(:com.google.android.gms@17785022@17.7.85 (040700-253824076):2)
07-05 13:26:56.235  1604  7728 D NetworkMonitor/NetworkAgentInfo [WIFI () - 101]: PROBE_HTTPS https://www.google.com/generate_204 Probe failed with exception java.net.SocketTimeoutException: failed to connect to www.google.com/2800:3f0:4001:801::2004 (port 443) from /fec0::1587:c5fa:9b19:7831 (port 47165) after 9999ms
07-05 13:26:56.236  1604  7729 D NetworkMonitor/NetworkAgentInfo [WIFI () - 101]: PROBE_HTTP http://connectivitycheck.gstatic.com/generate_204 Probe failed with exception java.net.SocketTimeoutException: failed to connect to connectivitycheck.gstatic.com/2800:3f0:4001:81a::2003 (port 80) from /fec0::1587:c5fa:9b19:7831 (port 48929) after 10000ms
07-05 13:26:56.806 28496  7745 I chatty  : uid=10104(net.osmand) expire 31 lines
07-05 13:26:56.866  1403  1418 D hwcomposer: hw_composer sent 36 syncs in 61s
07-05 13:26:57.187 28496 28521 I chatty  : uid=10104(net.osmand) RenderingBaseIm expire 22 lines
07-05 13:26:57.318 28496 28520 I chatty  : uid=10104(net.osmand) Loader map obje expire 68 lines
07-05 13:26:57.665 28496 28506 I chatty  : uid=10104(net.osmand) HeapTaskDaemon expire 5 lines
07-05 13:26:57.792 28496 28496 I chatty  : uid=10104(net.osmand) expire 13 lines
07-05 13:26:57.796 28496  7746 I chatty  : uid=10104(net.osmand) expire 31 lines
07-05 13:26:58.634  1604  1617 E memtrack: Couldn't load memtrack module
07-05 13:26:58.634  1604  1617 W android.os.Debug: failed to get memory consumption info: -1
07-05 13:26:59.238  1604  2952 D NetworkMonitor/NetworkAgentInfo [WIFI () - 101]: PROBE_FALLBACK http://play.googleapis.com/generate_204 Probe failed with exception java.net.SocketTimeoutException: failed to connect to play.googleapis.com/2800:3f0:4001:817::200a (port 80) from /fec0::1587:c5fa:9b19:7831 (port 36546) after 10000ms
07-05 13:26:59.241  1604  1678 D WifiStateMachine: NETWORK_STATUS_UNWANTED_VALIDATION_FAILED
07-05 13:27:00.851  2061  2074 I zygote  : NativeAlloc concurrent copying GC freed 33432(1517KB) AllocSpace objects, 0(0B) LOS objects, 50% free, 4MB/9MB, paused 1.690ms total 113.664ms
07-05 13:26:35.631  1604  1682 I chatty  : uid=1000(system) ConnectivitySer identical 2 lines
07-05 13:26:59.240  1604  1682 D ConnectivityService: NetworkAgentInfo [WIFI () - 101] validation failed
07-05 13:27:02.913  1604  1621 E BatteryExternalStatsWorker: modem info is invalid: ModemActivityInfo{ mTimestamp=0 mSleepTimeMs=0 mIdleTimeMs=0 mTxTimeMs[]=[0, 0, 0, 0, 0] mRxTimeMs=0 mEnergyUsed=0}
07-05 13:27:03.211 28496  7750 I chatty  : uid=10104(net.osmand) expire 31 lines
07-05 13:27:03.855 28496  7751 I chatty  : uid=10104(net.osmand) expire 31 lines
07-05 13:27:04.352 28496  7752 I chatty  : uid=10104(net.osmand) expire 31 lines
07-05 13:27:04.651 28496 28520 I chatty  : uid=10104(net.osmand) Loader map obje expire 83 lines
07-05 13:27:04.838 28496 28496 I chatty  : uid=10104(net.osmand) expire 16 lines
07-05 13:27:05.160 28496 28506 I chatty  : uid=10104(net.osmand) HeapTaskDaemon expire 7 lines
07-05 13:27:05.558 28496 28521 I chatty  : uid=10104(net.osmand) RenderingBaseIm expire 20 lines
07-05 13:27:05.579 28496  7753 I chatty  : uid=10104(net.osmand) expire 31 lines
07-05 13:27:06.256 32514 32535 I Finsky  : [2051] jen.run(3): Stats for Executor: BlockingExecutor jfw@7ffb620[Running, pool size = 0, active threads = 0, queued tasks = 0, completed tasks = 25]
07-05 13:27:06.281 32514 32535 I Finsky  : [2051] jen.run(3): Stats for Executor: LightweightExecutor jfw@e1e7bd9[Running, pool size = 2, active threads = 0, queued tasks = 0, completed tasks = 62]
07-05 13:27:08.361 32514 32535 I Finsky  : [2051] jen.run(3): Stats for Executor: bgExecutor jfw@f8d099e[Running, pool size = 4, active threads = 0, queued tasks = 0, completed tasks = 1008]
07-05 13:27:08.553  1604  1613 I zygote  : Background concurrent copying GC freed 104601(4MB) AllocSpace objects, 40(2MB) LOS objects, 5% free, 103MB/109MB, paused 5.467ms total 1.739s
07-05 13:27:10.627  1604  5753 I WifiService: acquireWifiLock uid=10014 lockMode=2
07-05 13:27:13.104 28496  7754 I chatty  : uid=10104(net.osmand) expire 31 lines
07-05 13:27:13.596  1604  5753 D WificondControl: Scan result ready event
07-05 13:27:13.725  1604  5753 I WifiService: releaseWifiLock uid=10014
07-05 13:27:14.199 28496  7755 I chatty  : uid=10104(net.osmand) expire 4 lines
07-05 13:27:14.432 28496 28520 I chatty  : uid=10104(net.osmand) Loader map obje expire 114 lines
07-05 13:27:14.815 28496 28496 I chatty  : uid=10104(net.osmand) expire 49 lines
07-05 13:27:15.036 28496 28506 I chatty  : uid=10104(net.osmand) HeapTaskDaemon expire 8 lines
07-05 13:27:15.274  1604  7756 D NetworkMonitor/NetworkAgentInfo [WIFI () - 101]: PROBE_DNS www.google.com 7ms OK 172.217.28.228,2800:3f0:4001:801::2004
07-05 13:27:15.275  1604  7757 D NetworkMonitor/NetworkAgentInfo [WIFI () - 101]: PROBE_DNS connectivitycheck.gstatic.com 10ms OK 172.217.172.131,2800:3f0:4001:81a::2003
07-05 13:27:15.418 28496 28521 I chatty  : uid=10104(net.osmand) RenderingBaseIm expire 56 lines
07-05 13:27:23.806 28496 28520 I chatty  : uid=10104(net.osmand) Loader map obje expire 87 lines
07-05 13:27:23.817 28496 28496 I chatty  : uid=10104(net.osmand) expire 37 lines
07-05 13:27:24.124 28496  7755 I chatty  : uid=10104(net.osmand) expire 27 lines
07-05 13:27:25.226 28496 28506 I chatty  : uid=10104(net.osmand) HeapTaskDaemon expire 5 lines
07-05 13:27:25.831 28496  7762 I chatty  : uid=10104(net.osmand) expire 31 lines
07-05 13:27:26.126  1604  7757 D NetworkMonitor/NetworkAgentInfo [WIFI () - 101]: PROBE_HTTP http://connectivitycheck.gstatic.com/generate_204 Probe failed with exception java.net.SocketTimeoutException: timeout
07-05 13:27:27.214 28496 28521 I chatty  : uid=10104(net.osmand) RenderingBaseIm expire 14 lines
07-05 13:27:28.370 28496  7763 I chatty  : uid=10104(net.osmand) expire 31 lines
07-05 13:27:28.715  1604  7756 D NetworkMonitor/NetworkAgentInfo [WIFI () - 101]: PROBE_HTTPS https://www.google.com/generate_204 Probe failed with exception java.net.ConnectException: Failed to connect to www.google.com/2800:3f0:4001:801::2004:443
07-05 13:27:28.719  1604  2952 D NetworkMonitor/NetworkAgentInfo [WIFI () - 101]: PROBE_FALLBACK http://www.google.com/gen_204 Probe failed with exception java.net.ConnectException: Failed to connect to www.google.com/2800:3f0:4001:801::2004:80
07-05 13:27:28.722  1604  1682 D ConnectivityService: NetworkAgentInfo [WIFI () - 101] validation failed
07-05 13:27:28.722  1604  1678 D WifiStateMachine: NETWORK_STATUS_UNWANTED_VALIDATION_FAILED
07-05 13:27:31.658  1604  3712 I WifiService: acquireWifiLock uid=10014 lockMode=2
07-05 13:27:31.670  1604  1617 E memtrack: Couldn't load memtrack module
07-05 13:27:31.670  1604  1617 W android.os.Debug: failed to get memory consumption info: -1
07-05 13:27:31.727  1604  3712 I WifiService: releaseWifiLock uid=10014
07-05 13:27:31.829  1604  1617 E memtrack: Couldn't load memtrack module
07-05 13:27:31.829  1604  1617 W android.os.Debug: failed to get memory consumption info: -1
07-05 13:27:31.897  1604  1617 E memtrack: Couldn't load memtrack module
07-05 13:27:31.897  1604  1617 W android.os.Debug: failed to get memory consumption info: -1
07-05 13:27:31.991 28496 28496 I chatty  : uid=10104(net.osmand) expire 48 lines
07-05 13:27:32.750 28496 28506 I chatty  : uid=10104(net.osmand) HeapTaskDaemon expire 5 lines
07-05 13:27:32.806 28496 28521 I chatty  : uid=10104(net.osmand) RenderingBaseIm expire 26 lines
07-05 13:27:33.034 28496 28520 I chatty  : uid=10104(net.osmand) Loader map obje expire 96 lines
07-05 13:27:33.981  1707  1729 I zygote  : Background concurrent copying GC freed 171861(6MB) AllocSpace objects, 0(0B) LOS objects, 42% free, 8MB/14MB, paused 3.186ms total 733.496ms
07-05 13:27:35.146  1410  1410 I boot-pipe: done populating /dev/random
07-05 13:27:41.553 28496  7766 I chatty  : uid=10104(net.osmand) expire 31 lines
07-05 13:27:41.896 28496 28496 I chatty  : uid=10104(net.osmand) expire 17 lines
07-05 13:27:41.907 28496 28520 I chatty  : uid=10104(net.osmand) Loader map obje expire 64 lines
07-05 13:27:42.531 28496 28506 I chatty  : uid=10104(net.osmand) HeapTaskDaemon expire 4 lines
07-05 13:27:42.893 28496 28521 I chatty  : uid=10104(net.osmand) RenderingBaseIm expire 12 lines
07-05 13:27:42.971 28496  7767 I chatty  : uid=10104(net.osmand) expire 31 lines
07-05 13:27:43.841 28496  7768 I chatty  : uid=10104(net.osmand) expire 31 lines
07-05 13:27:44.569 28496  7769 I chatty  : uid=10104(net.osmand) expire 31 lines
07-05 13:27:47.224 28496  7770 I chatty  : uid=10104(net.osmand) expire 31 lines
07-05 13:27:47.737  1604  1613 I zygote  : Background concurrent copying GC freed 105359(3MB) AllocSpace objects, 46(2MB) LOS objects, 5% free, 103MB/109MB, paused 7.759ms total 1.961s
07-05 13:27:47.839 28496 28496 I chatty  : uid=10104(net.osmand) expire 14 lines
07-05 13:27:47.845 28496  7771 I chatty  : uid=10104(net.osmand) expire 31 lines
07-05 13:27:48.612 28496 28506 I chatty  : uid=10104(net.osmand) HeapTaskDaemon expire 4 lines
07-05 13:27:48.631 28496  7772 I chatty  : uid=10104(net.osmand) expire 31 lines
07-05 13:27:49.841 28496  7773 I chatty  : uid=10104(net.osmand) expire 31 lines
07-05 13:27:49.848 28496 28521 I chatty  : uid=10104(net.osmand) RenderingBaseIm expire 10 lines
07-05 13:27:50.237 28496 28520 I chatty  : uid=10104(net.osmand) Loader map obje expire 32 lines
07-05 13:27:50.846 28496  7774 I chatty  : uid=10104(net.osmand) expire 31 lines
07-05 13:27:51.675  1604  5753 I WifiService: acquireWifiLock uid=10014 lockMode=2
07-05 13:27:51.682  1604  1617 E memtrack: Couldn't load memtrack module
07-05 13:27:51.683  1604  1617 W android.os.Debug: failed to get memory consumption info: -1
07-05 13:27:51.848 28496  7775 I chatty  : uid=10104(net.osmand) expire 31 lines
07-05 13:27:52.323 28496 28496 I chatty  : uid=10104(net.osmand) expire 12 lines
07-05 13:27:52.324 28496  7776 I chatty  : uid=10104(net.osmand) expire 31 lines
07-05 13:27:52.327 28496 28521 I chatty  : uid=10104(net.osmand) RenderingBaseIm expire 18 lines
07-05 13:27:52.841 28496  7777 I chatty  : uid=10104(net.osmand) expire 31 lines
07-05 13:27:52.987 28496 28520 I chatty  : uid=10104(net.osmand) Loader map obje expire 43 lines
07-05 13:27:53.022 28496 28506 I chatty  : uid=10104(net.osmand) HeapTaskDaemon expire 3 lines
07-05 13:27:53.559 28496  7778 I chatty  : uid=10104(net.osmand) expire 31 lines
07-05 13:27:54.655  1604  3712 D WificondControl: Scan result ready event
07-05 13:27:54.705  1604  3712 I WifiService: releaseWifiLock uid=10014
07-05 13:27:54.800 28496  7779 I chatty  : uid=10104(net.osmand) expire 31 lines
07-05 13:27:55.715 28496 28520 I chatty  : uid=10104(net.osmand) Loader map obje expire 74 lines
07-05 13:27:55.839 28496 28496 I chatty  : uid=10104(net.osmand) expire 27 lines
07-05 13:27:55.844 28496  7780 I chatty  : uid=10104(net.osmand) expire 31 lines
07-05 13:27:56.421 28496 28521 I chatty  : uid=10104(net.osmand) RenderingBaseIm expire 18 lines
07-05 13:27:56.732 28496 28506 I chatty  : uid=10104(net.osmand) HeapTaskDaemon expire 4 lines
07-05 13:27:57.452  1403  1418 D hwcomposer: hw_composer sent 54 syncs in 60s
07-05 13:27:58.603 28496  7781 I chatty  : uid=10104(net.osmand) expire 31 lines
07-05 13:27:58.792 28496 28589 I chatty  : uid=10104(net.osmand) pool-2-thread-1 expire 2 lines
07-05 13:28:00.741  1604  7783 D NetworkMonitor/NetworkAgentInfo [WIFI () - 101]: PROBE_DNS connectivitycheck.gstatic.com 3ms OK 172.217.172.131,2800:3f0:4001:81a::2003
07-05 13:28:00.748  1604  7782 D NetworkMonitor/NetworkAgentInfo [WIFI () - 101]: PROBE_DNS www.google.com 10ms OK 172.217.28.228,2800:3f0:4001:801::2004
07-05 13:28:02.596 28496  7786 I chatty  : uid=10104(net.osmand) expire 31 lines
07-05 13:28:03.345 28496 28520 I chatty  : uid=10104(net.osmand) Loader map obje expire 107 lines
07-05 13:28:03.669 28496 28506 I chatty  : uid=10104(net.osmand) HeapTaskDaemon expire 7 lines
07-05 13:28:03.763 28496 28496 I chatty  : uid=10104(net.osmand) expire 15 lines
07-05 13:28:03.819 28496 28521 I chatty  : uid=10104(net.osmand) RenderingBaseIm expire 22 lines
07-05 13:28:10.005 28496  7789 I chatty  : uid=10104(net.osmand) expire 31 lines
07-05 13:28:10.868 28496  7790 I chatty  : uid=10104(net.osmand) expire 31 lines
07-05 13:28:11.367  1604  7782 D NetworkMonitor/NetworkAgentInfo [WIFI () - 101]: PROBE_HTTPS https://www.google.com/generate_204 Probe failed with exception java.net.SocketTimeoutException: failed to connect to www.google.com/2800:3f0:4001:801::2004 (port 443) from /fec0::1587:c5fa:9b19:7831 (port 47179) after 10000ms
07-05 13:28:11.374  1604  7783 D NetworkMonitor/NetworkAgentInfo [WIFI () - 101]: PROBE_HTTP http://connectivitycheck.gstatic.com/generate_204 Probe failed with exception java.net.SocketTimeoutException: failed to connect to connectivitycheck.gstatic.com/2800:3f0:4001:81a::2003 (port 80) from /fec0::1587:c5fa:9b19:7831 (port 48945) after 10000ms
07-05 13:28:11.693  1604  5757 I WifiService: acquireWifiLock uid=10014 lockMode=2
07-05 13:28:11.884  1604  3925 I WifiService: releaseWifiLock uid=10014
07-05 13:28:11.897 28496  7791 I chatty  : uid=10104(net.osmand) expire 31 lines
07-05 13:28:12.389 28496 28506 I chatty  : uid=10104(net.osmand) HeapTaskDaemon expire 8 lines
07-05 13:28:12.549 28496 28496 I chatty  : uid=10104(net.osmand) expire 12 lines
07-05 13:28:12.600 28496 28521 I chatty  : uid=10104(net.osmand) RenderingBaseIm expire 30 lines
07-05 13:28:12.604 28496 28520 I chatty  : uid=10104(net.osmand) Loader map obje expire 111 lines
07-05 13:28:14.366  1604  2952 D NetworkMonitor/NetworkAgentInfo [WIFI () - 101]: PROBE_FALLBACK http://play.googleapis.com/generate_204 Probe failed with exception java.net.SocketTimeoutException: failed to connect to play.googleapis.com/2800:3f0:4001:817::200a (port 80) from /fec0::1587:c5fa:9b19:7831 (port 36562) after 10000ms
07-05 13:28:14.368  1604  1678 D WifiStateMachine: NETWORK_STATUS_UNWANTED_VALIDATION_FAILED
07-05 13:28:14.367  1604  1682 D ConnectivityService: NetworkAgentInfo [WIFI () - 101] validation failed
07-05 13:28:15.051  1604  1621 E BatteryExternalStatsWorker: modem info is invalid: ModemActivityInfo{ mTimestamp=0 mSleepTimeMs=0 mIdleTimeMs=0 mTxTimeMs[]=[0, 0, 0, 0, 0] mRxTimeMs=0 mEnergyUsed=0}
07-05 13:28:15.624  1604  1613 I zygote  : Background concurrent copying GC freed 93165(3MB) AllocSpace objects, 48(2MB) LOS objects, 5% free, 104MB/110MB, paused 3.234ms total 1.875s
07-05 13:28:16.610  1707  1729 I zygote  : Background concurrent copying GC freed 166215(5MB) AllocSpace objects, 0(0B) LOS objects, 42% free, 8MB/14MB, paused 5.180ms total 255.542ms
07-05 13:28:17.535 28496  7793 I chatty  : uid=10104(net.osmand) expire 31 lines
07-05 13:28:21.794 28496 28520 I chatty  : uid=10104(net.osmand) Loader map obje expire 81 lines
07-05 13:28:21.976 28496 28506 I chatty  : uid=10104(net.osmand) HeapTaskDaemon expire 10 lines
07-05 13:28:22.443 28496 28521 I chatty  : uid=10104(net.osmand) RenderingBaseIm expire 18 lines
07-05 13:28:24.837 28496 28496 I chatty  : uid=10104(net.osmand) expire 16 lines
07-05 13:28:26.188 28496  7795 I chatty  : uid=10104(net.osmand) expire 31 lines
07-05 13:28:26.868 28496  7796 I chatty  : uid=10104(net.osmand) expire 31 lines
07-05 13:28:27.915 28496  7797 I chatty  : uid=10104(net.osmand) expire 31 lines
07-05 13:28:28.388  1970  6522 W aohm    : Sync failed for '' [CONTEXT service_id=51 ]
07-05 13:28:28.388  1970  6522 W aohm    : aoeg: 29504: Network error
07-05 13:28:28.388  1970  6522 W aohm    : 	at aohm.a(:com.google.android.gms@17785022@17.7.85 (040700-253824076):470)
07-05 13:28:28.388  1970  6522 W aohm    : 	at aohm.a(:com.google.android.gms@17785022@17.7.85 (040700-253824076):516)
07-05 13:28:28.388  1970  6522 W aohm    : 	at aohm.a(:com.google.android.gms@17785022@17.7.85 (040700-253824076):515)
07-05 13:28:28.388  1970  6522 W aohm    : 	at com.google.android.gms.phenotype.sync.HeterodyneSyncTaskChimeraService.a(:com.google.android.gms@17785022@17.7.85 (040700-253824076):1)
07-05 13:28:28.388  1970  6522 W aohm    : 	at com.google.android.gms.phenotype.sync.HeterodyneSyncTaskChimeraService.a(:com.google.android.gms@17785022@17.7.85 (040700-253824076):10)
07-05 13:28:28.388  1970  6522 W aohm    : 	at aezd.run(:com.google.android.gms@17785022@17.7.85 (040700-253824076):5)
07-05 13:28:28.388  1970  6522 W aohm    : 	at squ.b(:com.google.android.gms@17785022@17.7.85 (040700-253824076):37)
07-05 13:28:28.388  1970  6522 W aohm    : 	at squ.run(:com.google.android.gms@17785022@17.7.85 (040700-253824076):21)
07-05 13:28:28.388  1970  6522 W aohm    : 	at java.util.concurrent.ThreadPoolExecutor.runWorker(ThreadPoolExecutor.java:1162)
07-05 13:28:28.388  1970  6522 W aohm    : 	at java.util.concurrent.ThreadPoolExecutor$Worker.run(ThreadPoolExecutor.java:636)
07-05 13:28:28.388  1970  6522 W aohm    : 	at swz.run(Unknown Source:7)
07-05 13:28:28.388  1970  6522 W aohm    : 	at java.lang.Thread.run(Thread.java:764)
07-05 13:28:28.388  1970  6522 W aohm    : Caused by: java.net.ConnectException: Failed to connect to www.googleapis.com/172.217.29.10:443
07-05 13:28:28.388  1970  6522 W aohm    : 	at com.android.okhttp.internal.io.RealConnection.connectSocket(RealConnection.java:143)
07-05 13:28:28.388  1970  6522 W aohm    : 	at com.android.okhttp.internal.io.RealConnection.connect(RealConnection.java:112)
07-05 13:28:28.388  1970  6522 W aohm    : 	at com.android.okhttp.internal.http.StreamAllocation.findConnection(StreamAllocation.java:184)
07-05 13:28:28.388  1970  6522 W aohm    : 	at com.android.okhttp.internal.http.StreamAllocation.findHealthyConnection(StreamAllocation.java:126)
07-05 13:28:28.388  1970  6522 W aohm    : 	at com.android.okhttp.internal.http.StreamAllocation.newStream(StreamAllocation.java:95)
07-05 13:28:28.388  1970  6522 W aohm    : 	at com.android.okhttp.internal.http.HttpEngine.connect(HttpEngine.java:281)
07-05 13:28:28.388  1970  6522 W aohm    : 	at com.android.okhttp.internal.http.HttpEngine.sendRequest(HttpEngine.java:224)
07-05 13:28:28.388  1970  6522 W aohm    : 	at com.android.okhttp.internal.huc.HttpURLConnectionImpl.execute(HttpURLConnectionImpl.java:461)
07-05 13:28:28.388  1970  6522 W aohm    : 	at com.android.okhttp.internal.huc.HttpURLConnectionImpl.connect(HttpURLConnectionImpl.java:127)
07-05 13:28:28.388  1970  6522 W aohm    : 	at com.android.okhttp.internal.huc.HttpURLConnectionImpl.getOutputStream(HttpURLConnectionImpl.java:258)
07-05 13:28:28.388  1970  6522 W aohm    : 	at com.android.okhttp.internal.huc.DelegatingHttpsURLConnection.getOutputStream(DelegatingHttpsURLConnection.java:218)
07-05 13:28:28.388  1970  6522 W aohm    : 	at com.android.okhttp.internal.huc.HttpsURLConnectionImpl.getOutputStream(Unknown Source:0)
07-05 13:28:28.388  1970  6522 W aohm    : 	at acdd.a(:com.google.android.gms@17785022@17.7.85 (040700-253824076):26)
07-05 13:28:28.388  1970  6522 W aohm    : 	at acdd.execute(:com.google.android.gms@17785022@17.7.85 (040700-253824076):8)
07-05 13:28:28.388  1970  6522 W aohm    : 	at acdd.execute(:com.google.android.gms@17785022@17.7.85 (040700-253824076):7)
07-05 13:28:28.388  1970  6522 W aohm    : 	at aoht.a(:com.google.android.gms@17785022@17.7.85 (040700-253824076):17)
07-05 13:28:28.388  1970  6522 W aohm    : 	... 12 more
07-05 13:28:32.348  1970  6522 E HeterodyneSyncTaskChime: Sync task failure [CONTEXT service_id=51 ]
07-05 13:28:32.348  1970  6522 E HeterodyneSyncTaskChime: aoeg: 29504: Network error
07-05 13:28:32.348  1970  6522 E HeterodyneSyncTaskChime: 	at aohm.a(:com.google.android.gms@17785022@17.7.85 (040700-253824076):470)
07-05 13:28:32.348  1970  6522 E HeterodyneSyncTaskChime: 	at aohm.a(:com.google.android.gms@17785022@17.7.85 (040700-253824076):516)
07-05 13:28:32.348  1970  6522 E HeterodyneSyncTaskChime: 	at aohm.a(:com.google.android.gms@17785022@17.7.85 (040700-253824076):515)
07-05 13:28:32.348  1970  6522 E HeterodyneSyncTaskChime: 	at com.google.android.gms.phenotype.sync.HeterodyneSyncTaskChimeraService.a(:com.google.android.gms@17785022@17.7.85 (040700-253824076):1)
07-05 13:28:32.348  1970  6522 E HeterodyneSyncTaskChime: 	at com.google.android.gms.phenotype.sync.HeterodyneSyncTaskChimeraService.a(:com.google.android.gms@17785022@17.7.85 (040700-253824076):10)
07-05 13:28:32.348  1970  6522 E HeterodyneSyncTaskChime: 	at aezd.run(:com.google.android.gms@17785022@17.7.85 (040700-253824076):5)
07-05 13:28:32.348  1970  6522 E HeterodyneSyncTaskChime: 	at squ.b(:com.google.android.gms@17785022@17.7.85 (040700-253824076):37)
07-05 13:28:32.348  1970  6522 E HeterodyneSyncTaskChime: 	at squ.run(:com.google.android.gms@17785022@17.7.85 (040700-253824076):21)
07-05 13:28:32.348  1970  6522 E HeterodyneSyncTaskChime: 	at java.util.concurrent.ThreadPoolExecutor.runWorker(ThreadPoolExecutor.java:1162)
07-05 13:28:32.348  1970  6522 E HeterodyneSyncTaskChime: 	at java.util.concurrent.ThreadPoolExecutor$Worker.run(ThreadPoolExecutor.java:636)
07-05 13:28:32.348  1970  6522 E HeterodyneSyncTaskChime: 	at swz.run(Unknown Source:7)
07-05 13:28:32.348  1970  6522 E HeterodyneSyncTaskChime: 	at java.lang.Thread.run(Thread.java:764)
07-05 13:28:32.348  1970  6522 E HeterodyneSyncTaskChime: Caused by: java.net.ConnectException: Failed to connect to www.googleapis.com/172.217.29.10:443
07-05 13:28:32.348  1970  6522 E HeterodyneSyncTaskChime: 	at com.android.okhttp.internal.io.RealConnection.connectSocket(RealConnection.java:143)
07-05 13:28:32.348  1970  6522 E HeterodyneSyncTaskChime: 	at com.android.okhttp.internal.io.RealConnection.connect(RealConnection.java:112)
07-05 13:28:32.348  1970  6522 E HeterodyneSyncTaskChime: 	at com.android.okhttp.internal.http.StreamAllocation.findConnection(StreamAllocation.java:184)
07-05 13:28:32.348  1970  6522 E HeterodyneSyncTaskChime: 	at com.android.okhttp.internal.http.StreamAllocation.findHealthyConnection(StreamAllocation.java:126)
07-05 13:28:32.348  1970  6522 E HeterodyneSyncTaskChime: 	at com.android.okhttp.internal.http.StreamAllocation.newStream(StreamAllocation.java:95)
07-05 13:28:32.348  1970  6522 E HeterodyneSyncTaskChime: 	at com.android.okhttp.internal.http.HttpEngine.connect(HttpEngine.java:281)
07-05 13:28:32.348  1970  6522 E HeterodyneSyncTaskChime: 	at com.android.okhttp.internal.http.HttpEngine.sendRequest(HttpEngine.java:224)
07-05 13:28:32.348  1970  6522 E HeterodyneSyncTaskChime: 	at com.android.okhttp.internal.huc.HttpURLConnectionImpl.execute(HttpURLConnectionImpl.java:461)
07-05 13:28:32.348  1970  6522 E HeterodyneSyncTaskChime: 	at com.android.okhttp.internal.huc.HttpURLConnectionImpl.connect(HttpURLConnectionImpl.java:127)
07-05 13:28:32.348  1970  6522 E HeterodyneSyncTaskChime: 	at com.android.okhttp.internal.huc.HttpURLConnectionImpl.getOutputStream(HttpURLConnectionImpl.java:258)
07-05 13:28:32.348  1970  6522 E HeterodyneSyncTaskChime: 	at com.android.okhttp.internal.huc.DelegatingHttpsURLConnection.getOutputStream(DelegatingHttpsURLConnection.java:218)
07-05 13:28:32.348  1970  6522 E HeterodyneSyncTaskChime: 	at com.android.okhttp.internal.huc.HttpsURLConnectionImpl.getOutputStream(Unknown Source:0)
07-05 13:28:32.348  1970  6522 E HeterodyneSyncTaskChime: 	at acdd.a(:com.google.android.gms@17785022@17.7.85 (040700-253824076):26)
07-05 13:28:32.348  1970  6522 E HeterodyneSyncTaskChime: 	at acdd.execute(:com.google.android.gms@17785022@17.7.85 (040700-253824076):8)
07-05 13:28:32.348  1970  6522 E HeterodyneSyncTaskChime: 	at acdd.execute(:com.google.android.gms@17785022@17.7.85 (040700-253824076):7)
07-05 13:28:32.348  1970  6522 E HeterodyneSyncTaskChime: 	at aoht.a(:com.google.android.gms@17785022@17.7.85 (040700-253824076):17)
07-05 13:28:32.348  1970  6522 E HeterodyneSyncTaskChime: 	... 12 more
07-05 13:28:32.593  1970  1980 I zygote  : Background concurrent copying GC freed 136969(6MB) AllocSpace objects, 1(92KB) LOS objects, 36% free, 10MB/16MB, paused 1.293ms total 239.029ms
07-05 13:28:32.754  1604  3925 I WifiService: acquireWifiLock uid=10014 lockMode=2
07-05 13:28:32.768  1604  1617 E memtrack: Couldn't load memtrack module
07-05 13:28:32.768  1604  1617 W android.os.Debug: failed to get memory consumption info: -1
07-05 13:28:32.798  1970  2946 E NetworkScheduler.ATC: Trying to release unacquired lock: com.google.android.gms/.phenotype.service.sync.PhenotypeConfigurator
07-05 13:28:32.932  1604  1617 E memtrack: Couldn't load memtrack module
07-05 13:28:32.932  1604  1617 W android.os.Debug: failed to get memory consumption info: -1
07-05 13:28:33.076 28496 28506 I chatty  : uid=10104(net.osmand) HeapTaskDaemon expire 5 lines
07-05 13:28:33.632 28496 28496 I chatty  : uid=10104(net.osmand) expire 22 lines
07-05 13:28:33.702 28496  7799 I chatty  : uid=10104(net.osmand) expire 31 lines
07-05 13:28:33.808 28496 28521 I chatty  : uid=10104(net.osmand) RenderingBaseIm expire 12 lines
07-05 13:28:34.069 28496 28520 I chatty  : uid=10104(net.osmand) Loader map obje expire 53 lines
07-05 13:28:34.889  1604  3574 I MediaFocusControl: requestAudioFocus() from uid/pid 10104/28496 clientId=android.media.AudioManager@9796e46net.osmand.plus.api.AudioFocusHelperImpl@496efee callingPack=net.osmand req=3 flags=0x0 sdk=26
07-05 13:28:34.893  4639 28593 I TTS.GoogleTTSServiceImp: Synthesis request for locale por-BRA and name pt-BR-language
07-05 13:28:34.895  4639 28593 I TTS.GoogleTTSServiceImp: TTS dispatch: pt-br-x-afs-lstm-embedded
07-05 13:28:34.991  4639 28594 D AudioTrack: Client defaulted notificationFrames to 1365 for frameCount 4096
07-05 13:28:34.993  1604  3574 V MediaRouterService: restoreBluetoothA2dp(false)
07-05 13:28:34.999  1394  3176 W audio_hw_generic: Not supplying enough data to HAL, expected position 787873104 , only wrote 787872960
07-05 13:28:35.149  1410  1410 I boot-pipe: done populating /dev/random
07-05 13:28:35.754  1604  3574 D WificondControl: Scan result ready event
07-05 13:28:35.795  1604  3574 I WifiService: releaseWifiLock uid=10014
07-05 13:28:36.057  1970  7747 E WakeLock: GCM_HB_ALARM release without a matched acquire!
07-05 13:28:36.057  1970  7747 W WakeLock: GCM_HB_ALARM counter does not exist
07-05 13:28:36.150  1477  1572 D AudioFlinger: mixer(0xac983140) throttle end: throttle time(7)
07-05 13:28:36.256  4639 20314 D AudioTrack: stop() called with 30026 frames delivered
07-05 13:28:36.259  4639 28593 I TTS.EventProcessor: synthesizeMarkup call to callback.audioAvailable failed: -1
07-05 13:28:36.261  1604  2501 I MediaFocusControl: abandonAudioFocus() from uid/pid 10104/28496 clientId=android.media.AudioManager@9796e46net.osmand.plus.api.AudioFocusHelperImpl@496efee
07-05 13:28:36.265  1604  5757 V MediaRouterService: restoreBluetoothA2dp(false)
07-05 13:28:36.285 28496 28706 I chatty  : uid=10104(net.osmand) Binder:28496_6 expire 2 lines
07-05 13:28:36.285 28496  7804 I chatty  : uid=10104(net.osmand) expire 31 lines
07-05 13:28:36.566  2061  2074 I zygote  : NativeAlloc concurrent copying GC freed 33435(1524KB) AllocSpace objects, 0(0B) LOS objects, 50% free, 4MB/9MB, paused 7.997ms total 263.993ms
07-05 13:28:37.490 28496  7805 I chatty  : uid=10104(net.osmand) expire 31 lines
07-05 13:28:37.858 28496  7806 I chatty  : uid=10104(net.osmand) expire 31 lines
07-05 13:28:38.735 28496 28521 I chatty  : uid=10104(net.osmand) RenderingBaseIm expire 16 lines
07-05 13:28:38.764 28496 28496 I chatty  : uid=10104(net.osmand) expire 20 lines
07-05 13:28:38.774 28496  7807 I chatty  : uid=10104(net.osmand) expire 31 lines
07-05 13:28:39.292 28496 28520 I chatty  : uid=10104(net.osmand) Loader map obje expire 48 lines
07-05 13:28:39.320  1394  1567 W audio_hw_generic: Not supplying enough data to HAL, expected position 788286275 , only wrote 788080320
07-05 13:28:39.787 28496 28506 I chatty  : uid=10104(net.osmand) HeapTaskDaemon expire 4 lines
07-05 13:28:39.907 28496  7808 I chatty  : uid=10104(net.osmand) expire 31 lines
07-05 13:28:41.213 28496  7809 I chatty  : uid=10104(net.osmand) expire 31 lines
07-05 13:28:42.526 28496  7810 I chatty  : uid=10104(net.osmand) expire 31 lines
07-05 13:28:43.414  1604  1613 I zygote  : Background concurrent copying GC freed 99191(3MB) AllocSpace objects, 54(2MB) LOS objects, 5% free, 103MB/109MB, paused 2.172ms total 2.210s
07-05 13:28:43.731 28496  7811 I chatty  : uid=10104(net.osmand) expire 31 lines
07-05 13:28:44.129 28496 28521 I chatty  : uid=10104(net.osmand) RenderingBaseIm expire 14 lines
07-05 13:28:44.168 28496 28520 I chatty  : uid=10104(net.osmand) Loader map obje expire 48 lines
07-05 13:28:44.591 28496 28506 I chatty  : uid=10104(net.osmand) HeapTaskDaemon expire 3 lines
07-05 13:28:44.876 28496 28496 I chatty  : uid=10104(net.osmand) expire 15 lines
07-05 13:28:44.883 28496  7812 I chatty  : uid=10104(net.osmand) expire 31 lines
07-05 13:28:45.896 28496  7813 I chatty  : uid=10104(net.osmand) expire 31 lines
07-05 13:28:46.320 28496  7814 I chatty  : uid=10104(net.osmand) expire 31 lines
07-05 13:28:47.517 28496  7815 I chatty  : uid=10104(net.osmand) expire 31 lines
07-05 13:28:48.227 28496 28520 I chatty  : uid=10104(net.osmand) Loader map obje expire 64 lines
07-05 13:28:48.614 28496 28506 I chatty  : uid=10104(net.osmand) HeapTaskDaemon expire 4 lines
07-05 13:28:48.685 28496 28496 I chatty  : uid=10104(net.osmand) expire 16 lines
07-05 13:28:48.687 28496  7816 I chatty  : uid=10104(net.osmand) expire 31 lines
07-05 13:28:48.757 28496 28521 I chatty  : uid=10104(net.osmand) RenderingBaseIm expire 16 lines
07-05 13:28:49.864 28496  7817 I chatty  : uid=10104(net.osmand) expire 31 lines
07-05 13:28:50.911 28496  7818 I chatty  : uid=10104(net.osmand) expire 31 lines
07-05 13:28:51.953 28496  7819 I chatty  : uid=10104(net.osmand) expire 31 lines
07-05 13:28:52.683 28496 28521 I chatty  : uid=10104(net.osmand) RenderingBaseIm expire 14 lines
07-05 13:28:52.812  1604  7252 I WifiService: acquireWifiLock uid=10014 lockMode=2
07-05 13:28:52.912 28496 28496 I chatty  : uid=10104(net.osmand) expire 16 lines
07-05 13:28:52.941 28496  7820 I chatty  : uid=10104(net.osmand) expire 31 lines
07-05 13:28:52.995  1604  7252 I WifiService: releaseWifiLock uid=10014
07-05 13:28:53.245 28496 28520 I chatty  : uid=10104(net.osmand) Loader map obje expire 48 lines
07-05 13:28:53.737 28496  7821 I chatty  : uid=10104(net.osmand) expire 31 lines
07-05 13:28:54.295 28496 28506 I chatty  : uid=10104(net.osmand) HeapTaskDaemon expire 3 lines
07-05 13:28:55.014 28496  7822 I chatty  : uid=10104(net.osmand) expire 31 lines
07-05 13:28:55.893 28496  7823 I chatty  : uid=10104(net.osmand) expire 31 lines
07-05 13:28:56.881 28496 28496 I chatty  : uid=10104(net.osmand) expire 46 lines
07-05 13:28:56.883 28496  7824 I chatty  : uid=10104(net.osmand) expire 31 lines
07-05 13:28:57.881 28496  7825 I chatty  : uid=10104(net.osmand) expire 31 lines
07-05 13:28:58.281 28496 28506 I chatty  : uid=10104(net.osmand) HeapTaskDaemon expire 5 lines
07-05 13:28:58.614 28496  7826 I chatty  : uid=10104(net.osmand) expire 4 lines
07-05 13:28:58.658 28496 28521 I chatty  : uid=10104(net.osmand) RenderingBaseIm expire 22 lines
07-05 13:28:58.691  1403  1418 D hwcomposer: hw_composer sent 78 syncs in 62s
07-05 13:28:59.045 28496 28520 I chatty  : uid=10104(net.osmand) Loader map obje expire 192 lines
07-05 13:29:04.750  1707  1729 I zygote  : Background concurrent copying GC freed 173160(6MB) AllocSpace objects, 0(0B) LOS objects, 41% free, 8MB/14MB, paused 11.388ms total 598.578ms
07-05 13:29:05.912 28496 28496 I chatty  : uid=10104(net.osmand) expire 27 lines
07-05 13:29:05.917 28496 28521 I chatty  : uid=10104(net.osmand) RenderingBaseIm expire 24 lines
07-05 13:29:07.112 28496 28506 I chatty  : uid=10104(net.osmand) HeapTaskDaemon expire 3 lines
07-05 13:29:09.437 28496  7826 I chatty  : uid=10104(net.osmand) expire 27 lines
07-05 13:29:10.776 28496  7827 I chatty  : uid=10104(net.osmand) expire 31 lines
07-05 13:29:11.768 28496 28506 I chatty  : uid=10104(net.osmand) HeapTaskDaemon expire 4 lines
07-05 13:29:11.889 28496 28496 I chatty  : uid=10104(net.osmand) expire 29 lines
07-05 13:29:11.899 28496  7828 I chatty  : uid=10104(net.osmand) expire 31 lines
07-05 13:29:12.117 28496 28521 I chatty  : uid=10104(net.osmand) RenderingBaseIm expire 18 lines
07-05 13:29:12.690 28496 28520 I chatty  : uid=10104(net.osmand) Loader map obje expire 48 lines
07-05 13:29:12.893  1604  4624 I WifiService: acquireWifiLock uid=10014 lockMode=2
07-05 13:29:14.880 28496  7829 I chatty  : uid=10104(net.osmand) expire 31 lines
07-05 13:29:15.869 28496  7830 I chatty  : uid=10104(net.osmand) expire 31 lines
07-05 13:29:15.871  1604  4624 D WificondControl: Scan result ready event
07-05 13:29:16.106  1970  7802 E WakeLock: GCM_HB_ALARM release without a matched acquire!
07-05 13:29:16.107  1970  7802 W WakeLock: GCM_HB_ALARM counter does not exist
07-05 13:29:16.112  1970  7802 W WakeLock: GCM_CONN_ALARM counter does not exist
07-05 13:29:16.260  1604  3574 I WifiService: releaseWifiLock uid=10014
07-05 13:29:16.876 28496  7831 I chatty  : uid=10104(net.osmand) expire 31 lines
07-05 13:29:17.807 28496 28520 I chatty  : uid=10104(net.osmand) Loader map obje expire 64 lines
07-05 13:29:17.956 28496 28496 I chatty  : uid=10104(net.osmand) expire 18 lines
07-05 13:29:17.974 28496  7834 I chatty  : uid=10104(net.osmand) expire 31 lines
07-05 13:29:18.399 28496 28506 I chatty  : uid=10104(net.osmand) HeapTaskDaemon expire 4 lines
07-05 13:29:18.450  1604  7835 D NetworkMonitor/NetworkAgentInfo [WIFI () - 101]: PROBE_DNS www.google.com 9ms OK 172.217.28.228,2800:3f0:4001:801::2004
07-05 13:29:18.687 28496 28521 I chatty  : uid=10104(net.osmand) RenderingBaseIm expire 12 lines
07-05 13:29:19.481  1604  1613 I zygote  : Background concurrent copying GC freed 92647(3MB) AllocSpace objects, 46(2MB) LOS objects, 5% free, 104MB/110MB, paused 1.089ms total 3.708s
07-05 13:29:19.825 28496  7839 I chatty  : uid=10104(net.osmand) expire 31 lines
07-05 13:29:20.904 28496  7840 I chatty  : uid=10104(net.osmand) expire 31 lines
07-05 13:29:21.953 28496  7842 I chatty  : uid=10104(net.osmand) expire 31 lines
07-05 13:29:22.668 28496 28521 I chatty  : uid=10104(net.osmand) RenderingBaseIm expire 18 lines
07-05 13:29:23.074 28496 28520 I chatty  : uid=10104(net.osmand) Loader map obje expire 64 lines
07-05 13:29:23.404 28496 28506 I chatty  : uid=10104(net.osmand) HeapTaskDaemon expire 4 lines
07-05 13:29:23.534 28496 28496 I chatty  : uid=10104(net.osmand) expire 17 lines
07-05 13:29:23.693 28496  7843 I chatty  : uid=10104(net.osmand) expire 31 lines
07-05 13:29:24.475  1604  2952 D NetworkMonitor/NetworkAgentInfo [WIFI () - 101]: PROBE_FALLBACK http://www.google.com/gen_204 Probe failed with exception java.net.ConnectException: Failed to connect to www.google.com/2800:3f0:4001:801::2004:80
07-05 13:29:24.476  1604  7835 D NetworkMonitor/NetworkAgentInfo [WIFI () - 101]: PROBE_HTTPS https://www.google.com/generate_204 Probe failed with exception java.net.ConnectException: Failed to connect to www.google.com/2800:3f0:4001:801::2004:443
07-05 13:29:24.770 28496  7844 I chatty  : uid=10104(net.osmand) expire 31 lines
07-05 13:29:25.905 28496  7846 I chatty  : uid=10104(net.osmand) expire 31 lines
07-05 13:29:26.900 28496  7849 I chatty  : uid=10104(net.osmand) expire 31 lines
07-05 13:29:27.590 28496 28521 I chatty  : uid=10104(net.osmand) RenderingBaseIm expire 18 lines
07-05 13:29:27.613 28496 28496 I chatty  : uid=10104(net.osmand) expire 15 lines
07-05 13:29:27.928 28496  7850 I chatty  : uid=10104(net.osmand) expire 31 lines
07-05 13:29:28.056 28496 28520 I chatty  : uid=10104(net.osmand) Loader map obje expire 64 lines
07-05 13:29:28.517 28496 28506 I chatty  : uid=10104(net.osmand) HeapTaskDaemon expire 3 lines
07-05 13:29:29.951 28496  7851 I chatty  : uid=10104(net.osmand) expire 31 lines
07-05 13:29:30.901 28496  7852 I chatty  : uid=10104(net.osmand) expire 31 lines
07-05 13:29:31.946 28496  7853 I chatty  : uid=10104(net.osmand) expire 31 lines
07-05 13:29:32.609 28496 28496 I chatty  : uid=10104(net.osmand) expire 27 lines
07-05 13:29:32.623 28496  7854 I chatty  : uid=10104(net.osmand) expire 31 lines
07-05 13:29:32.657 28496 28506 I chatty  : uid=10104(net.osmand) HeapTaskDaemon expire 4 lines
07-05 13:29:32.759 28496 28521 I chatty  : uid=10104(net.osmand) RenderingBaseIm expire 26 lines
07-05 13:29:33.259 28496 28520 I chatty  : uid=10104(net.osmand) Loader map obje expire 60 lines
07-05 13:29:34.036  1604  7252 I WifiService: acquireWifiLock uid=10014 lockMode=2
07-05 13:29:34.347  1604  4624 I WifiService: releaseWifiLock uid=10014
07-05 13:29:34.425  1604  1617 E memtrack: Couldn't load memtrack module
07-05 13:29:34.425  1604  1617 W android.os.Debug: failed to get memory consumption info: -1
07-05 13:29:34.856  1604  1617 E memtrack: Couldn't load memtrack module
07-05 13:29:34.856  1604  1617 W android.os.Debug: failed to get memory consumption info: -1
07-05 13:29:35.151  1410  1410 I boot-pipe: done populating /dev/random
07-05 13:29:36.003 28496  7856 I chatty  : uid=10104(net.osmand) expire 31 lines
07-05 13:29:36.950  1604  3712 D WificondControl: Scan result ready event
07-05 13:29:37.006  1604  1621 E BatteryExternalStatsWorker: modem info is invalid: ModemActivityInfo{ mTimestamp=0 mSleepTimeMs=0 mIdleTimeMs=0 mTxTimeMs[]=[0, 0, 0, 0, 0] mRxTimeMs=0 mEnergyUsed=0}
07-05 13:29:37.946 28496  7858 I chatty  : uid=10104(net.osmand) expire 31 lines
07-05 13:29:38.589 28496 28520 I chatty  : uid=10104(net.osmand) Loader map obje expire 52 lines
07-05 13:29:38.922 28496 28496 I chatty  : uid=10104(net.osmand) expire 16 lines
07-05 13:29:38.940 28496  7859 I chatty  : uid=10104(net.osmand) expire 31 lines
07-05 13:29:39.145  1970  7847 E WakeLock: GCM_HB_ALARM release without a matched acquire!
07-05 13:29:39.146  1970  7847 W WakeLock: GCM_HB_ALARM counter does not exist
07-05 13:29:39.267 28496 28506 I chatty  : uid=10104(net.osmand) HeapTaskDaemon expire 4 lines
07-05 13:29:39.275 28496 28521 I chatty  : uid=10104(net.osmand) RenderingBaseIm expire 14 lines
07-05 13:29:39.907 28496  7862 I chatty  : uid=10104(net.osmand) expire 31 lines
07-05 13:29:40.530 28496  7863 I chatty  : uid=10104(net.osmand) expire 31 lines
07-05 13:29:41.675 28496  7864 I chatty  : uid=10104(net.osmand) expire 31 lines
07-05 13:29:42.898 28496  7865 I chatty  : uid=10104(net.osmand) expire 31 lines
07-05 13:29:43.260 28496 28521 I chatty  : uid=10104(net.osmand) RenderingBaseIm expire 16 lines
07-05 13:29:43.367 28496 28496 I chatty  : uid=10104(net.osmand) expire 18 lines
07-05 13:29:43.498 28496 28520 I chatty  : uid=10104(net.osmand) Loader map obje expire 37 lines
07-05 13:29:44.321 28496 28506 I chatty  : uid=10104(net.osmand) HeapTaskDaemon expire 4 lines
07-05 13:29:44.448 28496  7866 I chatty  : uid=10104(net.osmand) expire 31 lines
07-05 13:29:45.572 28496  7867 I chatty  : uid=10104(net.osmand) expire 31 lines
07-05 13:29:46.774 28496  7868 I chatty  : uid=10104(net.osmand) expire 31 lines
07-05 13:29:47.917 28496  7869 I chatty  : uid=10104(net.osmand) expire 31 lines
07-05 13:29:48.660 28496 28520 I chatty  : uid=10104(net.osmand) Loader map obje expire 62 lines
07-05 13:29:48.926 28496 28496 I chatty  : uid=10104(net.osmand) expire 12 lines
07-05 13:29:48.929 28496  7870 I chatty  : uid=10104(net.osmand) expire 31 lines
07-05 13:29:49.185  1970  7860 E WakeLock: GCM_HB_ALARM release without a matched acquire!
07-05 13:29:49.185  1970  7860 W WakeLock: GCM_HB_ALARM counter does not exist
07-05 13:29:49.187  1970  7860 W WakeLock: GCM_CONN_ALARM counter does not exist
07-05 13:29:49.280 28496 28506 I chatty  : uid=10104(net.osmand) HeapTaskDaemon expire 3 lines
07-05 13:29:49.445 28496  7871 I chatty  : uid=10104(net.osmand) expire 31 lines
07-05 13:29:49.557 28496 28521 I chatty  : uid=10104(net.osmand) RenderingBaseIm expire 14 lines
07-05 13:29:50.647 28496  7872 I chatty  : uid=10104(net.osmand) expire 31 lines
07-05 13:29:51.817 28496  7873 I chatty  : uid=10104(net.osmand) expire 31 lines
07-05 13:29:52.280 28496 28520 I chatty  : uid=10104(net.osmand) Loader map obje expire 63 lines
07-05 13:29:52.677 28496 28506 I chatty  : uid=10104(net.osmand) HeapTaskDaemon expire 4 lines
07-05 13:29:52.903 28496 28496 I chatty  : uid=10104(net.osmand) expire 15 lines
07-05 13:29:52.915 28496  7874 I chatty  : uid=10104(net.osmand) expire 31 lines
07-05 13:29:53.217 28496 28521 I chatty  : uid=10104(net.osmand) RenderingBaseIm expire 16 lines
07-05 13:29:53.927 28496  7875 I chatty  : uid=10104(net.osmand) expire 31 lines
07-05 13:29:54.082  1604  7252 I WifiService: acquireWifiLock uid=10014 lockMode=2
07-05 13:29:54.255  1604  4624 I WifiService: releaseWifiLock uid=10014
07-05 13:29:55.795 28496  7876 I chatty  : uid=10104(net.osmand) expire 31 lines
07-05 13:29:56.935 28496  7877 I chatty  : uid=10104(net.osmand) expire 31 lines
07-05 13:29:57.477 28496 28520 I chatty  : uid=10104(net.osmand) Loader map obje expire 67 lines
07-05 13:29:57.935 28496 28506 I chatty  : uid=10104(net.osmand) HeapTaskDaemon expire 6 lines
07-05 13:29:57.942 28496 28496 I chatty  : uid=10104(net.osmand) expire 27 lines
07-05 13:29:57.952  1604  1613 I zygote  : Background concurrent copying GC freed 113156(4MB) AllocSpace objects, 52(2MB) LOS objects, 5% free, 103MB/109MB, paused 3.074ms total 2.330s
07-05 13:29:57.958 28496  7878 I chatty  : uid=10104(net.osmand) expire 31 lines
07-05 13:29:58.396 28496 28521 I chatty  : uid=10104(net.osmand) RenderingBaseIm expire 22 lines
07-05 13:29:58.489  1604  7836 D NetworkMonitor/NetworkAgentInfo [WIFI () - 101]: PROBE_DNS connectivitycheck.gstatic.com 40053ms FAIL
07-05 13:29:58.492  1604  7836 D NetworkMonitor/NetworkAgentInfo [WIFI () - 101]: PROBE_HTTP http://connectivitycheck.gstatic.com/generate_204 Probe failed with exception java.net.UnknownHostException: Unable to resolve host "connectivitycheck.gstatic.com": No address associated with hostname
07-05 13:29:58.496  1604  1682 D ConnectivityService: NetworkAgentInfo [WIFI () - 101] validation failed
07-05 13:29:58.497  1604  1678 D WifiStateMachine: NETWORK_STATUS_UNWANTED_VALIDATION_FAILED
07-05 13:29:59.114  1707  1729 I zygote  : Background concurrent copying GC freed 170809(6MB) AllocSpace objects, 0(0B) LOS objects, 42% free, 8MB/14MB, paused 22.027ms total 405.848ms
07-05 13:30:00.752 28496  7879 I chatty  : uid=10104(net.osmand) expire 31 lines
07-05 13:30:01.929 28496  7880 I chatty  : uid=10104(net.osmand) expire 31 lines
07-05 13:30:02.930 28496  7881 I chatty  : uid=10104(net.osmand) expire 31 lines
07-05 13:30:04.917 28496 28496 I chatty  : uid=10104(net.osmand) expire 15 lines
07-05 13:30:04.919 28496 28521 I chatty  : uid=10104(net.osmand) RenderingBaseIm expire 20 lines
07-05 13:30:04.930 28496 28520 I chatty  : uid=10104(net.osmand) Loader map obje expire 67 lines
07-05 13:30:05.498 28496 28506 I chatty  : uid=10104(net.osmand) HeapTaskDaemon expire 5 lines
07-05 13:30:05.867 28496  7882 I chatty  : uid=10104(net.osmand) expire 31 lines
07-05 13:30:05.933  1403  1418 D hwcomposer: hw_composer sent 24 syncs in 67s
07-05 13:30:06.258 32514 32535 I Finsky  : [2051] jen.run(3): Stats for Executor: BlockingExecutor jfw@7ffb620[Running, pool size = 0, active threads = 0, queued tasks = 0, completed tasks = 25]
07-05 13:30:06.283 32514 32535 I Finsky  : [2051] jen.run(3): Stats for Executor: LightweightExecutor jfw@e1e7bd9[Running, pool size = 2, active threads = 0, queued tasks = 0, completed tasks = 62]
07-05 13:30:06.913 28496  7883 I chatty  : uid=10104(net.osmand) expire 31 lines
07-05 13:30:07.920 28496  7884 I chatty  : uid=10104(net.osmand) expire 31 lines
07-05 13:30:08.363 32514 32535 I Finsky  : [2051] jen.run(3): Stats for Executor: bgExecutor jfw@f8d099e[Running, pool size = 4, active threads = 0, queued tasks = 0, completed tasks = 1009]
07-05 13:30:10.103 28496 28520 I chatty  : uid=10104(net.osmand) Loader map obje expire 77 lines
07-05 13:30:10.510 28496 28506 I chatty  : uid=10104(net.osmand) HeapTaskDaemon expire 4 lines
07-05 13:30:10.895 28496 28496 I chatty  : uid=10104(net.osmand) expire 17 lines
07-05 13:30:10.937 28496 28521 I chatty  : uid=10104(net.osmand) RenderingBaseIm expire 24 lines
