07-03 19:21:19.503  1604  1682 D ConnectivityService: NetworkAgentInfo [WIFI () - 101] validation failed
07-03 19:21:20.207  1604  1682 D ConnectivityService: reportNetworkConnectivity(101, true) by 10014
07-03 19:21:20.215  1604  6773 I WifiService: getConnectionInfo uid=10014
07-03 19:21:20.421 14699 14699 I net.osmand: RoutingHelper Recalculate route, because correlation  : 214.74408039865548
07-03 19:21:20.421 14699 14699 I net.osmand: RoutingHelper Recalculate route, because wrong movement direction: 246.21614
07-03 19:21:20.468 14699 14699 I net.osmand: RoutingHelper Recalculate route, because correlation  : 214.74408039865548
07-03 19:21:20.583 14699 14699 I chatty  : uid=10104(net.osmand) identical 1 line
07-03 19:21:20.588 14699 14699 I net.osmand: RoutingHelper Recalculate route, because correlation  : 214.74408039865548
07-03 19:21:20.588 14699 14699 I net.osmand: RoutingHelper Recalculate route, because wrong movement direction: 246.21614
07-03 19:21:21.118 14699 14699 I net.osmand: RoutingHelper Recalculate route, because correlation  : 214.74408039865548
07-03 19:21:21.118 14699 14699 I net.osmand: RoutingHelper Recalculate route, because wrong movement direction: 246.21614
07-03 19:21:21.331 14699 14699 I net.osmand: RoutingHelper Recalculate route, because correlation  : 214.74408039865548
07-03 19:21:21.595 14699 14709 I zygote  : Background concurrent copying GC freed 937609(20MB) AllocSpace objects, 0(0B) LOS objects, 11% free, 44MB/50MB, paused 5.762ms total 1.391s
07-03 19:21:21.700  2180 21812 W GAv4-SVC: Network compressed POST connection error: java.net.SocketTimeoutException: failed to connect to ssl.google-analytics.com/2800:3f0:4001:80b::2008 (port 443) from /fec0::1587:c5fa:9b19:7831 (port 51026) after 60000ms
07-03 19:21:21.874 14699 14699 I net.osmand: RoutingHelper Recalculate route, because correlation  : 214.74408039865548
07-03 19:21:21.910 14699 14699 I net.osmand: RoutingHelper Recalculate route, because correlation  : 214.74408039865548
07-03 19:21:21.910 14699 14699 I net.osmand: RoutingHelper Recalculate route, because wrong movement direction: 246.21614
07-03 19:21:21.912 14699 14699 I net.osmand: RoutingHelper Recalculate route, because correlation  : 214.74408039865548
07-03 19:21:22.097 14699 14709 I zygote  : WaitForGcToComplete blocked Background on None for 5.317ms
07-03 19:21:22.538 14699 14699 I net.osmand: RoutingHelper Recalculate route, because correlation  : 214.74408039865548
07-03 19:21:22.556 14699 14699 I net.osmand: RoutingHelper Recalculate route, because correlation  : 214.74408039865548
07-03 19:21:22.556 14699 14699 I net.osmand: RoutingHelper Recalculate route, because wrong movement direction: 246.21614
07-03 19:21:22.740 14699 14699 I net.osmand: RoutingHelper Recalculate route, because correlation  : 214.74408039865548
07-03 19:21:22.740 14699 14699 I net.osmand: RoutingHelper Recalculate route, because wrong movement direction: 246.21614
07-03 19:21:22.764 14699 14699 I net.osmand: RoutingHelper Recalculate route, because correlation  : 214.74408039865548
07-03 19:21:23.158 14699 14699 I net.osmand: RoutingHelper Recalculate route, because correlation  : 214.74408039865548
07-03 19:21:23.158 14699 14699 I net.osmand: RoutingHelper Recalculate route, because wrong movement direction: 246.21614
07-03 19:21:23.251 14699 14709 I zygote  : Background concurrent copying GC freed 862043(19MB) AllocSpace objects, 0(0B) LOS objects, 12% free, 40MB/46MB, paused 1.314ms total 1.153s
07-03 19:21:23.359 14699 14699 I net.osmand: RoutingHelper Recalculate route, because correlation  : 214.74408039865548
07-03 19:21:23.538  1604 21837 D NetworkMonitor/NetworkAgentInfo [WIFI () - 101]: PROBE_DNS connectivitycheck.gstatic.com 31ms OK 172.217.172.131,2800:3f0:4001:81a::2003
07-03 19:21:23.552  1604 21836 D NetworkMonitor/NetworkAgentInfo [WIFI () - 101]: PROBE_DNS www.google.com 43ms OK 172.217.28.228,2800:3f0:4001:801::2004
07-03 19:21:23.665 14699 14699 I net.osmand: RoutingHelper Recalculate route, because correlation  : 214.74408039865548
07-03 19:21:23.665 14699 14699 I net.osmand: RoutingHelper Recalculate route, because wrong movement direction: 246.21614
07-03 19:21:23.706 14699 14699 I net.osmand: RoutingHelper Recalculate route, because correlation  : 214.74408039865548
07-03 19:21:23.874 14699 14699 I net.osmand: RoutingHelper Recalculate route, because correlation  : 214.74408039865548
07-03 19:21:23.874 14699 14699 I net.osmand: RoutingHelper Recalculate route, because wrong movement direction: 246.21614
07-03 19:21:23.929 14699 14699 I net.osmand: RoutingHelper Recalculate route, because correlation  : 214.74408039865548
07-03 19:21:24.613 14699 14699 I net.osmand: RoutingHelper Recalculate route, because correlation  : 214.74408039865548
07-03 19:21:24.613 14699 14699 I net.osmand: RoutingHelper Recalculate route, because wrong movement direction: 246.21614
07-03 19:21:24.624 14699 14699 I net.osmand: RoutingHelper Recalculate route, because correlation  : 214.74408039865548
07-03 19:21:24.707 14699 14709 I zygote  : Background concurrent copying GC freed 680309(14MB) AllocSpace objects, 0(0B) LOS objects, 14% free, 36MB/42MB, paused 997us total 893.238ms
07-03 19:21:24.757 14699 14699 I net.osmand: RoutingHelper Recalculate route, because correlation  : 214.74408039865548
07-03 19:21:24.757 14699 14699 I net.osmand: RoutingHelper Recalculate route, because wrong movement direction: 246.21614
07-03 19:21:24.898 14699 14699 I net.osmand: RoutingHelper Recalculate route, because correlation  : 214.74408039865548
07-03 19:21:25.240 14699 14699 I net.osmand: RoutingHelper Recalculate route, because correlation  : 214.74408039865548
07-03 19:21:25.240 14699 14699 I net.osmand: RoutingHelper Recalculate route, because wrong movement direction: 246.21614
07-03 19:21:25.268 14699 14699 I net.osmand: RoutingHelper Recalculate route, because correlation  : 214.74408039865548
07-03 19:21:25.721 14699 14699 D net.osmand: DayNightHelper Sunrise/sunset setting to day: false
07-03 19:21:25.729 14699 14699 I net.osmand: RoutingHelper Recalculate route, because correlation  : 214.74408039865548
07-03 19:21:25.729 14699 14699 I net.osmand: RoutingHelper Recalculate route, because wrong movement direction: 246.21614
07-03 19:21:25.732 14699 14699 I net.osmand: RoutingHelper Recalculate route, because correlation  : 214.74408039865548
07-03 19:21:25.739  1410  1410 I boot-pipe: done populating /dev/random
07-03 19:21:26.088 14699 14699 I net.osmand: RoutingHelper Recalculate route, because correlation  : 214.74408039865548
07-03 19:21:26.088 14699 14699 I net.osmand: RoutingHelper Recalculate route, because wrong movement direction: 246.21614
07-03 19:21:26.095 14699 14699 I net.osmand: RoutingHelper Recalculate route, because correlation  : 214.74408039865548
07-03 19:21:26.540  1604  6773 I WifiService: acquireWifiLock uid=10014 lockMode=2
07-03 19:21:26.539 14699 14709 I zygote  : Background concurrent copying GC freed 510568(11MB) AllocSpace objects, 0(0B) LOS objects, 12% free, 42MB/48MB, paused 971us total 1.407s
07-03 19:21:20.212  1604  1682 D ConnectivityService: reportNetworkConnectivity(101, true) by 10014
07-03 19:21:26.572  1604  6773 I ActivityManager: Killing 21046:com.offline.routemaps.gps.directionfinder.free/u0a87 (adj 906): empty for 1806s
07-03 19:21:26.574  1604  1620 W zygote  : kill(-21046, 9) failed: No such process
07-03 19:21:26.615  1604  1620 W zygote  : kill(-21046, 9) failed: No such process
07-03 19:21:26.624 14699 14699 I net.osmand: RoutingHelper Recalculate route, because correlation  : 214.74408039865548
07-03 19:21:26.657  1604  1620 W zygote  : kill(-21046, 9) failed: No such process
07-03 19:21:26.702  1604  1620 W zygote  : kill(-21046, 9) failed: No such process
07-03 19:21:26.702  1604  1620 I zygote  : Successfully killed process cgroup uid 10087 pid 21046 in 128ms
07-03 19:21:26.717 14699 14699 I net.osmand: RoutingHelper Recalculate route, because correlation  : 214.74408039865548
07-03 19:21:26.718 14699 14699 I net.osmand: RoutingHelper Recalculate route, because wrong movement direction: 246.21614
07-03 19:21:26.722 14699 14699 I net.osmand: RoutingHelper Recalculate route, because correlation  : 214.74408039865548
07-03 19:21:26.723 14699 14699 I net.osmand: RoutingHelper Recalculate route, because wrong movement direction: 246.21614
07-03 19:21:26.727 14699 14699 I net.osmand: RoutingHelper Recalculate route, because correlation  : 214.74408039865548
07-03 19:21:27.232 14699 14699 I chatty  : uid=10104(net.osmand) identical 1 line
07-03 19:21:27.243 14699 14699 I net.osmand: RoutingHelper Recalculate route, because correlation  : 214.74408039865548
07-03 19:21:27.243 14699 14699 I net.osmand: RoutingHelper Recalculate route, because wrong movement direction: 246.21614
07-03 19:21:27.687 14699 14699 I net.osmand: RoutingHelper Recalculate route, because correlation  : 214.74408039865548
07-03 19:21:27.687 14699 14699 I net.osmand: RoutingHelper Recalculate route, because wrong movement direction: 246.21614
07-03 19:21:27.698 14699 14699 I net.osmand: RoutingHelper Recalculate route, because correlation  : 214.74408039865548
07-03 19:21:27.946 14699 14699 I net.osmand: RoutingHelper Recalculate route, because correlation  : 214.74408039865548
07-03 19:21:27.947 14699 14699 I net.osmand: RoutingHelper Recalculate route, because wrong movement direction: 246.21614
07-03 19:21:28.100 14699 14699 I net.osmand: RoutingHelper Recalculate route, because correlation  : 214.74408039865548
07-03 19:21:28.650 14699 14709 I zygote  : Background concurrent copying GC freed 753416(16MB) AllocSpace objects, 0(0B) LOS objects, 11% free, 44MB/50MB, paused 3.192ms total 1.331s
07-03 19:21:28.664 14699 14699 I net.osmand: RoutingHelper Recalculate route, because correlation  : 214.74408039865548
07-03 19:21:28.664 14699 14699 I net.osmand: RoutingHelper Recalculate route, because wrong movement direction: 246.21614
07-03 19:21:28.855 14699 14699 I net.osmand: RoutingHelper Recalculate route, because correlation  : 214.74408039865548
07-03 19:21:28.856 14699 14699 I net.osmand: RoutingHelper Recalculate route, because wrong movement direction: 246.21614
07-03 19:21:28.859 14699 14699 I net.osmand: RoutingHelper Recalculate route, because correlation  : 214.74408039865548
07-03 19:21:28.863 14699 14699 I chatty  : uid=10104(net.osmand) identical 1 line
07-03 19:21:29.489 14699 14699 I net.osmand: RoutingHelper Recalculate route, because correlation  : 214.74408039865548
07-03 19:21:29.489 14699 14699 I net.osmand: RoutingHelper Recalculate route, because wrong movement direction: 246.21614
07-03 19:21:29.500 14699 14699 I net.osmand: RoutingHelper Recalculate route, because correlation  : 214.74408039865548
07-03 19:21:29.529  1604  5450 D WificondControl: Scan result ready event
07-03 19:21:29.620 14699 14699 I net.osmand: RoutingHelper Recalculate route, because correlation  : 214.74408039865548
07-03 19:21:29.808  1604  5757 I WifiService: releaseWifiLock uid=10014
07-03 19:21:29.824 14699 14699 I net.osmand: RoutingHelper Recalculate route, because correlation  : 214.74408039865548
07-03 19:21:29.824 14699 14699 I net.osmand: RoutingHelper Recalculate route, because wrong movement direction: 246.21614
07-03 19:21:30.132 14699 14699 I net.osmand: RoutingHelper Recalculate route, because correlation  : 214.74408039865548
07-03 19:21:30.132 14699 14699 I net.osmand: RoutingHelper Recalculate route, because wrong movement direction: 246.21614
07-03 19:21:30.174 14699 14699 I net.osmand: RoutingHelper Recalculate route, because correlation  : 214.74408039865548
07-03 19:21:30.597 14699 14709 I zygote  : Background concurrent copying GC freed 883085(19MB) AllocSpace objects, 0(0B) LOS objects, 11% free, 44MB/50MB, paused 1.322ms total 1.533s
07-03 19:21:30.636 14699 14699 I net.osmand: RoutingHelper Recalculate route, because correlation  : 214.74408039865548
07-03 19:21:30.645 14699 14699 I net.osmand: RoutingHelper Recalculate route, because correlation  : 214.74408039865548
07-03 19:21:30.645 14699 14699 I net.osmand: RoutingHelper Recalculate route, because wrong movement direction: 246.21614
07-03 19:21:30.783 14699 14699 I net.osmand: RoutingHelper Recalculate route, because correlation  : 214.74408039865548
07-03 19:21:30.783 14699 14699 I net.osmand: RoutingHelper Recalculate route, because wrong movement direction: 246.21614
07-03 19:21:30.799 14699 14699 I net.osmand: RoutingHelper Recalculate route, because correlation  : 214.74408039865548
07-03 19:21:31.335 14699 14699 I net.osmand: RoutingHelper Recalculate route, because correlation  : 214.74408039865548
07-03 19:21:31.335 14699 14699 I net.osmand: RoutingHelper Recalculate route, because wrong movement direction: 246.21614
07-03 19:21:31.538 14699 14699 I net.osmand: RoutingHelper Recalculate route, because correlation  : 214.74408039865548
07-03 19:21:31.694 14699 14699 I net.osmand: RoutingHelper Recalculate route, because correlation  : 214.74408039865548
07-03 19:21:31.694 14699 14699 I net.osmand: RoutingHelper Recalculate route, because wrong movement direction: 246.21614
07-03 19:21:31.760 14699 14699 I net.osmand: RoutingHelper Recalculate route, because correlation  : 214.74408039865548
07-03 19:21:32.226 14699 14699 I net.osmand: RoutingHelper Recalculate route, because correlation  : 214.74408039865548
07-03 19:21:32.227 14699 14699 I net.osmand: RoutingHelper Recalculate route, because wrong movement direction: 246.21614
07-03 19:21:32.320 14699 14699 I net.osmand: RoutingHelper Recalculate route, because correlation  : 214.74408039865548
07-03 19:21:32.610 14699 14699 I chatty  : uid=10104(net.osmand) identical 1 line
07-03 19:21:32.615 14699 14699 I net.osmand: RoutingHelper Recalculate route, because correlation  : 214.74408039865548
07-03 19:21:32.615 14699 14699 I net.osmand: RoutingHelper Recalculate route, because wrong movement direction: 246.21614
07-03 19:21:32.766 14699 14709 I zygote  : Background concurrent copying GC freed 855124(18MB) AllocSpace objects, 0(0B) LOS objects, 12% free, 41MB/47MB, paused 15.831ms total 1.340s
07-03 19:21:32.867  1604  1621 E BatteryExternalStatsWorker: modem info is invalid: ModemActivityInfo{ mTimestamp=0 mSleepTimeMs=0 mIdleTimeMs=0 mTxTimeMs[]=[0, 0, 0, 0, 0] mRxTimeMs=0 mEnergyUsed=0}
07-03 19:21:32.879 14699 14699 I net.osmand: RoutingHelper Recalculate route, because correlation  : 214.74408039865548
07-03 19:21:32.879 14699 14699 I net.osmand: RoutingHelper Recalculate route, because wrong movement direction: 246.21614
07-03 19:21:32.897 14699 14699 I net.osmand: RoutingHelper Recalculate route, because correlation  : 214.74408039865548
07-03 19:21:33.628 14699 14709 I zygote  : Background concurrent copying GC freed 731864(16MB) AllocSpace objects, 0(0B) LOS objects, 15% free, 32MB/38MB, paused 1.442ms total 504.475ms
07-03 19:21:33.716 14699 14699 I net.osmand: RoutingHelper Recalculate route, because correlation  : 214.74408039865548
07-03 19:21:33.716 14699 14699 I net.osmand: RoutingHelper Recalculate route, because wrong movement direction: 246.21614
07-03 19:21:33.718 14699 14699 I net.osmand: RoutingHelper Recalculate route, because correlation  : 214.74408039865548
07-03 19:21:33.719 14699 14699 I net.osmand: RoutingHelper Recalculate route, because wrong movement direction: 246.21614
07-03 19:21:33.768 14699 14699 I net.osmand: RoutingHelper Recalculate route, because correlation  : 214.74408039865548
07-03 19:21:33.771 14699 14699 I chatty  : uid=10104(net.osmand) identical 1 line
07-03 19:21:34.346 14699 14699 I net.osmand: RoutingHelper Recalculate route, because correlation  : 214.74408039865548
07-03 19:21:34.347 14699 14699 I net.osmand: RoutingHelper Recalculate route, because wrong movement direction: 246.21614
07-03 19:21:34.375 14699 14699 I net.osmand: RoutingHelper Recalculate route, because correlation  : 214.74408039865548
07-03 19:21:34.775 14699 14699 I chatty  : uid=10104(net.osmand) identical 1 line
07-03 19:21:34.813 14699 14699 I net.osmand: RoutingHelper Recalculate route, because correlation  : 214.74408039865548
07-03 19:21:34.813 14699 14699 I net.osmand: RoutingHelper Recalculate route, because wrong movement direction: 246.21614
07-03 19:21:35.223 14699 14709 I zygote  : Background concurrent copying GC freed 300238(6MB) AllocSpace objects, 0(0B) LOS objects, 12% free, 41MB/47MB, paused 1.324ms total 1.214s
07-03 19:21:35.258 14699 14699 I net.osmand: RoutingHelper Recalculate route, because correlation  : 214.74408039865548
07-03 19:21:35.258 14699 14699 I net.osmand: RoutingHelper Recalculate route, because wrong movement direction: 246.21614
07-03 19:21:35.337 14699 14699 I net.osmand: RoutingHelper Recalculate route, because correlation  : 214.74408039865548
07-03 19:21:35.713 14699 14699 I net.osmand: RoutingHelper Recalculate route, because correlation  : 214.74408039865548
07-03 19:21:35.713 14699 14699 I net.osmand: RoutingHelper Recalculate route, because wrong movement direction: 246.21614
07-03 19:21:35.857 14699 14699 I net.osmand: RoutingHelper Recalculate route, because correlation  : 214.74408039865548
07-03 19:21:35.932 14699 14699 I net.osmand: RoutingHelper Recalculate route, because correlation  : 214.74408039865548
07-03 19:21:35.933 14699 14699 I net.osmand: RoutingHelper Recalculate route, because wrong movement direction: 246.21614
07-03 19:21:35.993 14699 14699 I net.osmand: RoutingHelper Recalculate route, because correlation  : 214.74408039865548
07-03 19:21:36.592 14699 14699 I net.osmand: RoutingHelper Recalculate route, because correlation  : 214.74408039865548
07-03 19:21:36.594 14699 14699 I net.osmand: RoutingHelper Recalculate route, because wrong movement direction: 246.21614
07-03 19:21:36.657  1970  1970 I GeofencerStateMachine: sendNewTransitions called.
07-03 19:21:36.773 14699 14699 I net.osmand: RoutingHelper Recalculate route, because correlation  : 214.74408039865548
07-03 19:21:36.773 14699 14699 I net.osmand: RoutingHelper Recalculate route, because wrong movement direction: 246.21614
07-03 19:21:36.887 14699 14699 I net.osmand: RoutingHelper Recalculate route, because correlation  : 214.74408039865548
07-03 19:21:37.080 14699 14699 I chatty  : uid=10104(net.osmand) identical 1 line
07-03 19:21:37.088 14699 14699 I net.osmand: RoutingHelper Recalculate route, because correlation  : 214.74408039865548
07-03 19:21:37.088 14699 14699 I net.osmand: RoutingHelper Recalculate route, because wrong movement direction: 246.21614
07-03 19:21:37.149 14699 14699 I net.osmand: RoutingHelper Recalculate route, because correlation  : 214.74408039865548
07-03 19:21:37.357 14699 14709 I zygote  : Background concurrent copying GC freed 738227(16MB) AllocSpace objects, 0(0B) LOS objects, 12% free, 41MB/47MB, paused 9.215ms total 1.373s
07-03 19:21:37.631 14699 14699 I net.osmand: RoutingHelper Recalculate route, because correlation  : 214.74408039865548
07-03 19:21:37.631 14699 14699 I net.osmand: RoutingHelper Recalculate route, because wrong movement direction: 246.21614
07-03 19:21:37.785 14699 14699 I net.osmand: RoutingHelper Recalculate route, because correlation  : 214.74408039865548
07-03 19:21:37.807 14699 14699 I net.osmand: RoutingHelper Recalculate route, because correlation  : 214.74408039865548
07-03 19:21:37.807 14699 14699 I net.osmand: RoutingHelper Recalculate route, because wrong movement direction: 246.21614
07-03 19:21:37.994 14699 14699 I net.osmand: RoutingHelper Recalculate route, because correlation  : 214.74408039865548
07-03 19:21:38.422 14699 14699 I net.osmand: RoutingHelper Recalculate route, because correlation  : 214.74408039865548
07-03 19:21:38.423 14699 14699 I net.osmand: RoutingHelper Recalculate route, because wrong movement direction: 246.21614
07-03 19:21:38.553 14699 14699 I net.osmand: RoutingHelper Recalculate route, because correlation  : 214.74408039865548
07-03 19:21:38.673 14699 14699 I chatty  : uid=10104(net.osmand) identical 1 line
07-03 19:21:38.677 14699 14699 I net.osmand: RoutingHelper Recalculate route, because correlation  : 214.74408039865548
07-03 19:21:38.677 14699 14699 I net.osmand: RoutingHelper Recalculate route, because wrong movement direction: 246.21614
07-03 19:21:39.056 14699 14709 I zygote  : Background concurrent copying GC freed 734867(16MB) AllocSpace objects, 0(0B) LOS objects, 12% free, 41MB/47MB, paused 1.897ms total 1.194s
07-03 19:21:39.238 14699 14699 I net.osmand: RoutingHelper Recalculate route, because correlation  : 214.74408039865548
07-03 19:21:39.238 14699 14699 I net.osmand: RoutingHelper Recalculate route, because wrong movement direction: 246.21614
07-03 19:21:39.376 14699 14699 I net.osmand: RoutingHelper Recalculate route, because correlation  : 214.74408039865548
07-03 19:21:39.559  1604 21837 D NetworkMonitor/NetworkAgentInfo [WIFI () - 101]: PROBE_HTTP http://connectivitycheck.gstatic.com/generate_204 Probe failed with exception java.net.SocketTimeoutException: failed to connect to connectivitycheck.gstatic.com/2800:3f0:4001:81a::2003 (port 80) from /fec0::1587:c5fa:9b19:7831 (port 44939) after 10000ms
07-03 19:21:39.562  1604 21836 D NetworkMonitor/NetworkAgentInfo [WIFI () - 101]: PROBE_HTTPS https://www.google.com/generate_204 Probe failed with exception java.net.SocketTimeoutException: failed to connect to www.google.com/2800:3f0:4001:801::2004 (port 443) from /fec0::1587:c5fa:9b19:7831 (port 43173) after 10000ms
07-03 19:21:39.569  1604  2952 D NetworkMonitor/NetworkAgentInfo [WIFI () - 101]: PROBE_FALLBACK http://play.googleapis.com/generate_204 Probe failed with exception java.net.SocketTimeoutException: failed to connect to play.googleapis.com/2800:3f0:4001:80f::200a (port 80) from /fec0::1587:c5fa:9b19:7831 (port 55923) after 10000ms
07-03 19:21:39.570  1604  1682 D ConnectivityService: NetworkAgentInfo [WIFI () - 101] validation failed
07-03 19:21:39.576  1604  1678 D WifiStateMachine: NETWORK_STATUS_UNWANTED_VALIDATION_FAILED
07-03 19:21:39.678 14699 14699 I net.osmand: RoutingHelper Recalculate route, because correlation  : 214.74408039865548
07-03 19:21:39.679 14699 14699 I net.osmand: RoutingHelper Recalculate route, because wrong movement direction: 246.21614
07-03 19:21:39.737 14699 14699 I net.osmand: RoutingHelper Recalculate route, because correlation  : 214.74408039865548
07-03 19:21:39.892 14699 14699 I net.osmand: RoutingHelper Recalculate route, because correlation  : 214.74408039865548
07-03 19:21:39.892 14699 14699 I net.osmand: RoutingHelper Recalculate route, because wrong movement direction: 246.21614
07-03 19:21:40.043 14699 14699 I net.osmand: RoutingHelper Recalculate route, because correlation  : 214.74408039865548
07-03 19:21:40.619 14699 14699 I net.osmand: RoutingHelper Recalculate route, because correlation  : 214.74408039865548
07-03 19:21:40.619 14699 14699 I net.osmand: RoutingHelper Recalculate route, because wrong movement direction: 246.21614
07-03 19:21:40.691 14699 14699 I net.osmand: RoutingHelper Recalculate route, because correlation  : 214.74408039865548
07-03 19:21:40.692 14699 14699 I net.osmand: RoutingHelper Recalculate route, because wrong movement direction: 246.21614
07-03 19:21:40.845 14699 14699 I net.osmand: RoutingHelper Recalculate route, because correlation  : 214.74408039865548
07-03 19:21:40.866 14699 14699 I net.osmand: RoutingHelper Recalculate route, because correlation  : 214.74408039865548
07-03 19:21:41.042 14699 14709 I zygote  : Background concurrent copying GC freed 703645(15MB) AllocSpace objects, 0(0B) LOS objects, 12% free, 43MB/49MB, paused 8.444ms total 1.375s
07-03 19:21:41.258 14699 14699 I net.osmand: RoutingHelper Recalculate route, because correlation  : 214.74408039865548
07-03 19:21:41.258 14699 14699 I net.osmand: RoutingHelper Recalculate route, because wrong movement direction: 246.21614
07-03 19:21:41.383 14699 14699 I net.osmand: RoutingHelper Recalculate route, because correlation  : 214.74408039865548
07-03 19:21:41.699  1604  5450 I zygote  : IncrementDisableThreadFlip blocked for 22.261ms
07-03 19:21:41.862 14699 14699 I net.osmand: RoutingHelper Recalculate route, because correlation  : 214.74408039865548
07-03 19:21:41.862 14699 14699 I net.osmand: RoutingHelper Recalculate route, because wrong movement direction: 246.21614
07-03 19:21:41.882 14699 14699 I net.osmand: RoutingHelper Recalculate route, because correlation  : 214.74408039865548
07-03 19:21:42.070 14699 14699 I net.osmand: RoutingHelper Recalculate route, because correlation  : 214.74408039865548
07-03 19:21:42.070 14699 14699 I net.osmand: RoutingHelper Recalculate route, because wrong movement direction: 246.21614
07-03 19:21:42.224 14699 14699 I net.osmand: RoutingHelper Recalculate route, because correlation  : 214.74408039865548
07-03 19:21:42.688 14699 14699 I net.osmand: RoutingHelper Recalculate route, because correlation  : 214.74408039865548
07-03 19:21:42.688 14699 14699 I net.osmand: RoutingHelper Recalculate route, because wrong movement direction: 246.21614
07-03 19:21:42.834 14699 14699 I net.osmand: RoutingHelper Recalculate route, because correlation  : 214.74408039865548
07-03 19:21:42.834 14699 14699 I net.osmand: RoutingHelper Recalculate route, because wrong movement direction: 246.21614
07-03 19:21:42.836 14699 14699 I net.osmand: RoutingHelper Recalculate route, because correlation  : 214.74408039865548
07-03 19:21:42.842 14699 14699 I net.osmand: RoutingHelper Recalculate route, because correlation  : 214.74408039865548
07-03 19:21:43.248 14699 14709 I zygote  : Background concurrent copying GC freed 819217(17MB) AllocSpace objects, 0(0B) LOS objects, 12% free, 43MB/49MB, paused 5.383ms total 1.770s
07-03 19:21:43.250  1604  5750 I ActivityManager: Process com.mapfactor.navigator:Notifications (pid 20508) has died: cch+6SVC 
07-03 19:21:43.258  1604  5750 W ActivityManager: Scheduling restart of crashed service com.mapfactor.navigator/.notifications.NotificationsService in 1000ms
07-03 19:21:43.279  1604  1620 W zygote  : kill(-20508, 9) failed: No such process
07-03 19:21:43.279  1604  1620 I zygote  : Successfully killed process cgroup uid 10088 pid 20508 in 28ms
07-03 19:21:43.358  1604  1615 I ActivityManager: Process com.android.calllogbackup (pid 21387) has died: cch+6CEM 
07-03 19:21:43.359  1604  1620 W zygote  : kill(-21387, 9) failed: No such process
07-03 19:21:43.359  1604  1620 I zygote  : Successfully killed process cgroup uid 10002 pid 21387 in 0ms
07-03 19:21:43.377  1604  5757 I ActivityManager: Process com.android.providers.calendar (pid 21415) has died: cch+6CEM 
07-03 19:21:43.379  1604  1620 W zygote  : kill(-21415, 9) failed: No such process
07-03 19:21:43.380  1604  1620 I zygote  : Successfully killed process cgroup uid 10004 pid 21415 in 0ms
07-03 19:21:43.397  1604  1615 I ActivityManager: Process com.google.android.apps.photos (pid 21410) has died: cch+6CEM 
07-03 19:21:43.410  1604  1620 W zygote  : kill(-21410, 9) failed: No such process
07-03 19:21:43.411  1604  1620 I zygote  : Successfully killed process cgroup uid 10067 pid 21410 in 0ms
07-03 19:21:43.471 14699 14699 I net.osmand: RoutingHelper Recalculate route, because correlation  : 214.74408039865548
07-03 19:21:43.548  1604  4621 I ActivityManager: Process com.google.android.play.games (pid 21559) has died: cch+6CEM 
07-03 19:21:43.549  1604  1620 W zygote  : kill(-21559, 9) failed: No such process
07-03 19:21:43.549  1604  1620 I zygote  : Successfully killed process cgroup uid 10084 pid 21559 in 0ms
07-03 19:21:43.628  1604  3574 I ActivityManager: Process com.ustwo.lwp (pid 21541) has died: cch+6CEM 
07-03 19:21:43.629  1604  1620 W zygote  : kill(-21541, 9) failed: No such process
07-03 19:21:43.629  1604  1620 I zygote  : Successfully killed process cgroup uid 10076 pid 21541 in 0ms
07-03 19:21:43.723 14699 14699 I net.osmand: RoutingHelper Recalculate route, because correlation  : 214.74408039865548
07-03 19:21:43.723 14699 14699 I net.osmand: RoutingHelper Recalculate route, because wrong movement direction: 246.21614
07-03 19:21:43.859 14699 14699 I net.osmand: RoutingHelper Recalculate route, because correlation  : 214.74408039865548
07-03 19:21:43.859 14699 14699 I net.osmand: RoutingHelper Recalculate route, because wrong movement direction: 246.21614
07-03 19:21:43.918 14699 14699 I net.osmand: RoutingHelper Recalculate route, because correlation  : 214.74408039865548
07-03 19:21:43.948  1604  5757 I ActivityManager: Process com.google.android.deskclock (pid 21497) has died: cch+6CEM 
07-03 19:21:43.952  1604  1620 W zygote  : kill(-21497, 9) failed: No such process
07-03 19:21:43.952  1604  1620 I zygote  : Successfully killed process cgroup uid 10069 pid 21497 in 0ms
07-03 19:21:44.147  1604  1619 W Looper  : Dispatch took 186ms on android.ui, h=Handler (com.android.server.am.ActivityManagerService$UiHandler) {63b7718} cb=null msg=53
07-03 19:21:44.345 21588 21588 I Finsky  : [2] nrv.onTrimMemory(1): Memory trim requested to level 60
07-03 19:21:44.379  1604  1618 W ActivityManager: Slow operation: 111ms so far, now at startProcess: returned from zygote!
07-03 19:21:44.382  1604  1618 W ActivityManager: Slow operation: 114ms so far, now at startProcess: done updating battery stats
07-03 19:21:44.382  1604  1618 W ActivityManager: Slow operation: 114ms so far, now at startProcess: building log message
07-03 19:21:44.382  1604  1618 I ActivityManager: Start proc 21843:com.mapfactor.navigator:Notifications/u0a88 for service com.mapfactor.navigator/.notifications.NotificationsService
07-03 19:21:44.382  1604  1618 W ActivityManager: Slow operation: 114ms so far, now at startProcess: starting to update pids map
07-03 19:21:44.383  1604  1618 W ActivityManager: Slow operation: 114ms so far, now at startProcess: done updating pids map
07-03 19:21:44.383  1604  1618 W ActivityManager: Slow operation: 115ms so far, now at startProcess: done starting proc!
07-03 19:21:44.439 10677 10677 I MemoryTrimmer: Trimming objects from memory, since app is in the background.
07-03 19:21:44.442 21843 21843 W zygote  : Unexpected CPU variant for X86 using defaults: x86
07-03 19:21:44.470  1604  1855 I ActivityManager: Process com.mapswithme.maps.pro (pid 21600) has died: cch+6CEM 
07-03 19:21:44.471  1604  1620 W zygote  : kill(-21600, 9) failed: No such process
07-03 19:21:44.471  1604  1620 I zygote  : Successfully killed process cgroup uid 10085 pid 21600 in 0ms
07-03 19:21:44.526  1604  1617 E memtrack: Couldn't load memtrack module
07-03 19:21:44.526  1604  1617 W android.os.Debug: failed to get memory consumption info: -1
07-03 19:21:44.537  1604  1617 E memtrack: Couldn't load memtrack module
07-03 19:21:44.540  1604  1617 W android.os.Debug: failed to get memory consumption info: -1
07-03 19:21:44.541  1604  1617 E memtrack: Couldn't load memtrack module
07-03 19:21:44.541  1604  1617 W android.os.Debug: failed to get memory consumption info: -1
07-03 19:21:44.550  1604  1617 E memtrack: Couldn't load memtrack module
07-03 19:21:44.550  1604  1617 W android.os.Debug: failed to get memory consumption info: -1
07-03 19:21:44.597  1604  1617 E memtrack: Couldn't load memtrack module
07-03 19:21:44.597  1604  1617 W android.os.Debug: failed to get memory consumption info: -1
07-03 19:21:44.656  1604  1617 E memtrack: Couldn't load memtrack module
07-03 19:21:44.656  1604  1617 W android.os.Debug: failed to get memory consumption info: -1
07-03 19:21:44.661  1604  1617 E memtrack: Couldn't load memtrack module
07-03 19:21:44.662  1604  1617 W android.os.Debug: failed to get memory consumption info: -1
07-03 19:21:44.678  1604  1617 E memtrack: Couldn't load memtrack module
07-03 19:21:44.680  1604  1617 W android.os.Debug: failed to get memory consumption info: -1
07-03 19:21:44.697  1604  1617 E memtrack: Couldn't load memtrack module
07-03 19:21:44.697  1604  1617 W android.os.Debug: failed to get memory consumption info: -1
07-03 19:21:44.703  1604  1617 E memtrack: Couldn't load memtrack module
07-03 19:21:44.704  1604  1617 W android.os.Debug: failed to get memory consumption info: -1
07-03 19:21:44.832  1604  1855 I ActivityManager: Process com.google.android.calendar (pid 21451) has died: cch+6CEM 
07-03 19:21:44.833  1604  1620 W zygote  : kill(-21451, 9) failed: No such process
07-03 19:21:44.833  1604  1620 I zygote  : Successfully killed process cgroup uid 10045 pid 21451 in 0ms
07-03 19:21:44.866  1604  1617 E memtrack: Couldn't load memtrack module
07-03 19:21:44.883  1604  1617 W android.os.Debug: failed to get memory consumption info: -1
07-03 19:21:45.254 21588 21618 I Finsky  : [1703] jen.run(3): Stats for Executor: BlockingExecutor jfw@e5a2938[Running, pool size = 0, active threads = 0, queued tasks = 0, completed tasks = 14]
07-03 19:21:45.274  1604  1855 I ActivityManager: Process com.google.process.gapps (pid 21662) has died: cch+6CEM 
07-03 19:21:45.275  1604  1620 W zygote  : kill(-21662, 9) failed: No such process
07-03 19:21:45.275  1604  1620 I zygote  : Successfully killed process cgroup uid 10014 pid 21662 in 0ms
07-03 19:21:45.305 21588 21618 I Finsky  : [1703] jen.run(3): Stats for Executor: LightweightExecutor jfw@e42cd11[Running, pool size = 2, active threads = 0, queued tasks = 0, completed tasks = 61]
07-03 19:21:45.372  1604  1617 E memtrack: Couldn't load memtrack module
07-03 19:21:45.383  1604  1617 W android.os.Debug: failed to get memory consumption info: -1
07-03 19:21:45.533  1604  1617 E memtrack: Couldn't load memtrack module
07-03 19:21:45.533  1604  1617 W android.os.Debug: failed to get memory consumption info: -1
07-03 19:21:45.629  1604  1617 E memtrack: Couldn't load memtrack module
07-03 19:21:45.630  1604  1617 W android.os.Debug: failed to get memory consumption info: -1
07-03 19:21:45.635  1604  1617 E memtrack: Couldn't load memtrack module
07-03 19:21:45.635  1604  1617 W android.os.Debug: failed to get memory consumption info: -1
07-03 19:21:45.824  1604  1617 E memtrack: Couldn't load memtrack module
07-03 19:21:45.824  1604  1617 W android.os.Debug: failed to get memory consumption info: -1
07-03 19:21:45.879  1604  1617 E memtrack: Couldn't load memtrack module
07-03 19:21:45.879  1604  1617 W android.os.Debug: failed to get memory consumption info: -1
07-03 19:21:45.884  1604  1617 E memtrack: Couldn't load memtrack module
07-03 19:21:45.884  1604  1617 W android.os.Debug: failed to get memory consumption info: -1
07-03 19:21:46.094  1604  1617 E memtrack: Couldn't load memtrack module
07-03 19:21:46.094  1604  1617 W android.os.Debug: failed to get memory consumption info: -1
07-03 19:21:46.099 14699 14709 I zygote  : Background concurrent copying GC freed 823135(18MB) AllocSpace objects, 0(0B) LOS objects, 15% free, 33MB/39MB, paused 12.369ms total 1.465s
07-03 19:21:46.170  1604  1617 E memtrack: Couldn't load memtrack module
07-03 19:21:46.170  1604  1617 W android.os.Debug: failed to get memory consumption info: -1
07-03 19:21:46.199  1604  1617 E memtrack: Couldn't load memtrack module
07-03 19:21:46.199  1604  1617 W android.os.Debug: failed to get memory consumption info: -1
07-03 19:21:46.204  1604  1617 E memtrack: Couldn't load memtrack module
07-03 19:21:46.204  1604  1617 W android.os.Debug: failed to get memory consumption info: -1
07-03 19:21:46.303  1604  1617 E memtrack: Couldn't load memtrack module
07-03 19:21:46.303  1604  1617 W android.os.Debug: failed to get memory consumption info: -1
07-03 19:21:46.344  1604  1613 I zygote  : Background concurrent copying GC freed 80635(3MB) AllocSpace objects, 0(0B) LOS objects, 7% free, 78MB/84MB, paused 21.015ms total 422.045ms
07-03 19:21:46.392  1604  1617 E memtrack: Couldn't load memtrack module
07-03 19:21:46.392  1604  1617 W android.os.Debug: failed to get memory consumption info: -1
07-03 19:21:46.427  1604  1617 E memtrack: Couldn't load memtrack module
07-03 19:21:46.427  1604  1617 W android.os.Debug: failed to get memory consumption info: -1
07-03 19:21:46.430  1604  1617 E memtrack: Couldn't load memtrack module
07-03 19:21:46.430  1604  1617 W android.os.Debug: failed to get memory consumption info: -1
07-03 19:21:46.488  1604  1617 E memtrack: Couldn't load memtrack module
07-03 19:21:46.488  1604  1617 W android.os.Debug: failed to get memory consumption info: -1
07-03 19:21:46.580  1604  1617 E memtrack: Couldn't load memtrack module
07-03 19:21:46.580  1604  1617 W android.os.Debug: failed to get memory consumption info: -1
07-03 19:21:46.584  1604  1617 E memtrack: Couldn't load memtrack module
07-03 19:21:46.585  1604  1617 W android.os.Debug: failed to get memory consumption info: -1
07-03 19:21:46.789  1604  1617 E memtrack: Couldn't load memtrack module
07-03 19:21:46.789  1604  1617 W android.os.Debug: failed to get memory consumption info: -1
07-03 19:21:46.822  1604  1617 E memtrack: Couldn't load memtrack module
07-03 19:21:46.823  1604  1617 W android.os.Debug: failed to get memory consumption info: -1
07-03 19:21:46.843  1604  1617 E memtrack: Couldn't load memtrack module
07-03 19:21:46.843  1604  1617 W android.os.Debug: failed to get memory consumption info: -1
07-03 19:21:46.863  1604  1617 E memtrack: Couldn't load memtrack module
07-03 19:21:46.863  1604  1617 W android.os.Debug: failed to get memory consumption info: -1
07-03 19:21:46.879  1604  1617 E memtrack: Couldn't load memtrack module
07-03 19:21:46.879  1604  1617 W android.os.Debug: failed to get memory consumption info: -1
07-03 19:21:46.892  1604  1617 E memtrack: Couldn't load memtrack module
07-03 19:21:46.892  1604  1617 W android.os.Debug: failed to get memory consumption info: -1
07-03 19:21:46.903  1604  1617 E memtrack: Couldn't load memtrack module
07-03 19:21:46.904  1604  1617 W android.os.Debug: failed to get memory consumption info: -1
07-03 19:21:46.957  1604  1617 E memtrack: Couldn't load memtrack module
07-03 19:21:46.957  1604  1617 W android.os.Debug: failed to get memory consumption info: -1
07-03 19:21:47.015  1604  1617 E memtrack: Couldn't load memtrack module
07-03 19:21:47.015  1604  1617 W android.os.Debug: failed to get memory consumption info: -1
07-03 19:21:47.048  1604  1617 E memtrack: Couldn't load memtrack module
07-03 19:21:47.048  1604  1617 W android.os.Debug: failed to get memory consumption info: -1
07-03 19:21:47.059  1604  1617 E memtrack: Couldn't load memtrack module
07-03 19:21:47.059  1604  1617 W android.os.Debug: failed to get memory consumption info: -1
07-03 19:21:47.075  1604  1617 E memtrack: Couldn't load memtrack module
07-03 19:21:47.075  1604  1617 W android.os.Debug: failed to get memory consumption info: -1
07-03 19:21:47.096  1604  1617 E memtrack: Couldn't load memtrack module
07-03 19:21:47.096  1604  1617 W android.os.Debug: failed to get memory consumption info: -1
07-03 19:21:47.114  1604  1617 E memtrack: Couldn't load memtrack module
07-03 19:21:47.115  1604  1617 W android.os.Debug: failed to get memory consumption info: -1
07-03 19:21:47.129  1604  1617 E memtrack: Couldn't load memtrack module
07-03 19:21:47.129  1604  1617 W android.os.Debug: failed to get memory consumption info: -1
07-03 19:21:47.144  1604  1617 E memtrack: Couldn't load memtrack module
07-03 19:21:47.145  1604  1617 W android.os.Debug: failed to get memory consumption info: -1
07-03 19:21:47.149  1604  1617 E memtrack: Couldn't load memtrack module
07-03 19:21:47.149  1604  1617 W android.os.Debug: failed to get memory consumption info: -1
07-03 19:21:47.156  1604  1617 E memtrack: Couldn't load memtrack module
07-03 19:21:47.156  1604  1617 W android.os.Debug: failed to get memory consumption info: -1
07-03 19:21:47.159  1604  1617 E memtrack: Couldn't load memtrack module
07-03 19:21:47.159  1604  1617 W android.os.Debug: failed to get memory consumption info: -1
07-03 19:21:47.161  1604  1617 E memtrack: Couldn't load memtrack module
07-03 19:21:47.161  1604  1617 W android.os.Debug: failed to get memory consumption info: -1
07-03 19:21:47.163  1604  1617 E memtrack: Couldn't load memtrack module
07-03 19:21:47.163  1604  1617 W android.os.Debug: failed to get memory consumption info: -1
07-03 19:21:47.168  1604  1617 E memtrack: Couldn't load memtrack module
07-03 19:21:47.168  1604  1617 W android.os.Debug: failed to get memory consumption info: -1
07-03 19:21:47.173  1604  1617 E memtrack: Couldn't load memtrack module
07-03 19:21:47.173  1604  1617 W android.os.Debug: failed to get memory consumption info: -1
07-03 19:21:47.176  1604  1617 E memtrack: Couldn't load memtrack module
07-03 19:21:47.176  1604  1617 W android.os.Debug: failed to get memory consumption info: -1
07-03 19:21:47.181  1604  1617 E memtrack: Couldn't load memtrack module
07-03 19:21:47.181  1604  1617 W android.os.Debug: failed to get memory consumption info: -1
07-03 19:21:47.183  1604  1617 E memtrack: Couldn't load memtrack module
07-03 19:21:47.183  1604  1617 W android.os.Debug: failed to get memory consumption info: -1
07-03 19:21:47.225  1604  1617 E memtrack: Couldn't load memtrack module
07-03 19:21:47.225  1604  1617 W android.os.Debug: failed to get memory consumption info: -1
07-03 19:21:47.232  1604  1617 E memtrack: Couldn't load memtrack module
07-03 19:21:47.233  1604  1617 W android.os.Debug: failed to get memory consumption info: -1
07-03 19:21:47.239  1604  1617 E memtrack: Couldn't load memtrack module
07-03 19:21:47.240  1604  1617 W android.os.Debug: failed to get memory consumption info: -1
07-03 19:21:47.244  1604  1617 E memtrack: Couldn't load memtrack module
07-03 19:21:47.244  1604  1617 W android.os.Debug: failed to get memory consumption info: -1
07-03 19:21:47.249  1604  1617 E memtrack: Couldn't load memtrack module
07-03 19:21:47.249  1604  1617 W android.os.Debug: failed to get memory consumption info: -1
07-03 19:21:47.256  1604  1617 E memtrack: Couldn't load memtrack module
07-03 19:21:47.256  1604  1617 W android.os.Debug: failed to get memory consumption info: -1
07-03 19:21:47.260  1604  1617 E memtrack: Couldn't load memtrack module
07-03 19:21:47.260  1604  1617 W android.os.Debug: failed to get memory consumption info: -1
07-03 19:21:47.260  1604  1617 E memtrack: Couldn't load memtrack module
07-03 19:21:47.260  1604  1617 W android.os.Debug: failed to get memory consumption info: -1
07-03 19:21:47.260  1604  1617 E memtrack: Couldn't load memtrack module
07-03 19:21:47.260  1604  1617 W android.os.Debug: failed to get memory consumption info: -1
07-03 19:21:47.270  1604  1617 E memtrack: Couldn't load memtrack module
07-03 19:21:47.270  1604  1617 W android.os.Debug: failed to get memory consumption info: -1
07-03 19:21:47.379  1604  1617 E memtrack: Couldn't load memtrack module
07-03 19:21:47.379  1604  1617 W android.os.Debug: failed to get memory consumption info: -1
07-03 19:21:47.459  1604  1617 E memtrack: Couldn't load memtrack module
07-03 19:21:47.459  1604  1617 W android.os.Debug: failed to get memory consumption info: -1
07-03 19:21:47.526  1604  1617 E memtrack: Couldn't load memtrack module
07-03 19:21:47.526  1604  1617 W android.os.Debug: failed to get memory consumption info: -1
07-03 19:21:47.609  1604 21867 D NetworkMonitor/NetworkAgentInfo [WIFI () - 101]: PROBE_DNS www.google.com 19ms OK 172.217.28.228,2800:3f0:4001:801::2004
07-03 19:21:47.614  1604 21868 D NetworkMonitor/NetworkAgentInfo [WIFI () - 101]: PROBE_DNS connectivitycheck.gstatic.com 26ms OK 172.217.172.131,2800:3f0:4001:81a::2003
07-03 19:21:47.645  1604  1617 E memtrack: Couldn't load memtrack module
07-03 19:21:47.645  1604  1617 W android.os.Debug: failed to get memory consumption info: -1
07-03 19:21:47.684  1604  3139 I WifiService: acquireWifiLock uid=10014 lockMode=2
07-03 19:21:47.763  1604  1617 E memtrack: Couldn't load memtrack module
07-03 19:21:47.763  1604  1617 W android.os.Debug: failed to get memory consumption info: -1
07-03 19:21:47.816  1604  1855 I WifiService: releaseWifiLock uid=10014
07-03 19:21:47.837  1604  1617 E memtrack: Couldn't load memtrack module
07-03 19:21:47.837  1604  1617 W android.os.Debug: failed to get memory consumption info: -1
07-03 19:21:47.917  1604  1617 E memtrack: Couldn't load memtrack module
07-03 19:21:47.917  1604  1617 W android.os.Debug: failed to get memory consumption info: -1
07-03 19:21:47.970 21588 21618 I Finsky  : [1703] jen.run(3): Stats for Executor: bgExecutor jfw@912ae76[Running, pool size = 4, active threads = 0, queued tasks = 0, completed tasks = 40]
07-03 19:21:47.996  1604  1617 E memtrack: Couldn't load memtrack module
07-03 19:21:47.997  1604  1617 W android.os.Debug: failed to get memory consumption info: -1
07-03 19:21:48.230 14699 14699 I net.osmand: RoutingHelper Recalculate route, because correlation  : 214.74408039865548
07-03 19:21:48.230 14699 14699 I net.osmand: RoutingHelper Recalculate route, because wrong movement direction: 246.21614
07-03 19:21:48.329 14699 14699 I net.osmand: RoutingHelper Recalculate route, because correlation  : 214.74408039865548
07-03 19:21:48.331 14699 14699 I net.osmand: RoutingHelper Recalculate route, because correlation  : 214.74408039865548
07-03 19:21:48.331 14699 14699 I net.osmand: RoutingHelper Recalculate route, because wrong movement direction: 246.21614
07-03 19:21:48.333 14699 14699 I net.osmand: RoutingHelper Recalculate route, because correlation  : 214.74408039865548
07-03 19:21:48.542 14699 14699 I chatty  : uid=10104(net.osmand) identical 1 line
07-03 19:21:48.700 14699 14699 I net.osmand: RoutingHelper Recalculate route, because correlation  : 214.74408039865548
07-03 19:21:48.700 14699 14699 I net.osmand: RoutingHelper Recalculate route, because wrong movement direction: 246.21614
07-03 19:21:48.906 14699 14699 I net.osmand: RoutingHelper Recalculate route, because correlation  : 214.74408039865548
07-03 19:21:48.906 14699 14699 I net.osmand: RoutingHelper Recalculate route, because wrong movement direction: 246.21614
07-03 19:21:49.069 14699 14699 I net.osmand: RoutingHelper Recalculate route, because correlation  : 214.74408039865548
07-03 19:21:49.075 14699 14699 I net.osmand: RoutingHelper Recalculate route, because correlation  : 214.74408039865548
07-03 19:21:49.075 14699 14699 I net.osmand: RoutingHelper Recalculate route, because wrong movement direction: 246.21614
07-03 19:21:49.079 14699 14699 I net.osmand: RoutingHelper Recalculate route, because correlation  : 214.74408039865548
07-03 19:21:49.809 14699 14699 I net.osmand: RoutingHelper Recalculate route, because correlation  : 214.74408039865548
07-03 19:21:49.809 14699 14699 I net.osmand: RoutingHelper Recalculate route, because wrong movement direction: 246.21614
07-03 19:21:49.874 14699 14699 I net.osmand: RoutingHelper Recalculate route, because correlation  : 214.74408039865548
07-03 19:21:49.998 14699 14699 I chatty  : uid=10104(net.osmand) identical 1 line
07-03 19:21:50.001 14699 14699 I net.osmand: RoutingHelper Recalculate route, because correlation  : 214.74408039865548
07-03 19:21:50.001 14699 14699 I net.osmand: RoutingHelper Recalculate route, because wrong movement direction: 246.21614
07-03 19:21:50.348 14699 14709 I zygote  : Background concurrent copying GC freed 362816(8MB) AllocSpace objects, 0(0B) LOS objects, 12% free, 41MB/47MB, paused 1.338ms total 1.591s
07-03 19:21:50.349 14699 14699 I net.osmand: RoutingHelper Recalculate route, because correlation  : 214.74408039865548
07-03 19:21:50.352 14699 14699 I net.osmand: RoutingHelper Recalculate route, because correlation  : 214.74408039865548
07-03 19:21:50.352 14699 14699 I net.osmand: RoutingHelper Recalculate route, because wrong movement direction: 246.21614
07-03 19:21:50.645 14699 14699 I net.osmand: RoutingHelper Recalculate route, because correlation  : 214.74408039865548
07-03 19:21:50.645 14699 14699 I net.osmand: RoutingHelper Recalculate route, because wrong movement direction: 246.21614
07-03 19:21:50.783 14699 14699 I net.osmand: RoutingHelper Recalculate route, because correlation  : 214.74408039865548
07-03 19:21:51.390 14699 14699 I net.osmand: RoutingHelper Recalculate route, because correlation  : 214.74408039865548
07-03 19:21:51.390 14699 14699 I net.osmand: RoutingHelper Recalculate route, because wrong movement direction: 246.21614
07-03 19:21:51.569 14699 14699 I net.osmand: RoutingHelper Recalculate route, because correlation  : 214.74408039865548
07-03 19:21:51.678 14699 14699 I net.osmand: RoutingHelper Recalculate route, because correlation  : 214.74408039865548
07-03 19:21:51.678 14699 14699 I net.osmand: RoutingHelper Recalculate route, because wrong movement direction: 246.21614
07-03 19:21:51.739 14699 14699 I net.osmand: RoutingHelper Recalculate route, because correlation  : 214.74408039865548
07-03 19:21:51.739 14699 14699 I net.osmand: RoutingHelper Recalculate route, because wrong movement direction: 246.21614
07-03 19:21:51.853 14699 14699 I net.osmand: RoutingHelper Recalculate route, because correlation  : 214.74408039865548
07-03 19:21:51.935 14699 14699 I net.osmand: RoutingHelper Recalculate route, because correlation  : 214.74408039865548
07-03 19:21:52.148 14699 14709 I zygote  : Background concurrent copying GC freed 727631(16MB) AllocSpace objects, 0(0B) LOS objects, 12% free, 41MB/47MB, paused 5.059ms total 1.279s
07-03 19:21:52.562 14699 14699 I net.osmand: RoutingHelper Recalculate route, because correlation  : 214.74408039865548
07-03 19:21:52.562 14699 14699 I net.osmand: RoutingHelper Recalculate route, because wrong movement direction: 246.21614
07-03 19:21:52.615 14699 14699 I net.osmand: RoutingHelper Recalculate route, because correlation  : 214.74408039865548
07-03 19:21:52.616 14699 14699 I net.osmand: RoutingHelper Recalculate route, because wrong movement direction: 246.21614
07-03 19:21:52.621 14699 14699 I net.osmand: RoutingHelper Recalculate route, because correlation  : 214.74408039865548
07-03 19:21:52.629 14699 14699 I chatty  : uid=10104(net.osmand) identical 1 line
