07-18 14:01:50.986  1592  1605 I chatty  : uid=1000(system) android.bg expire 10 lines
07-18 14:01:53.952  1592  1603 I chatty  : uid=1000(system) Binder:1592_2 expire 4 lines
07-18 14:02:10.984  1592  1720 I chatty  : uid=1000(system) Binder:1592_3 expire 4 lines
07-18 14:02:17.762  1396  1414 D hwcomposer: hw_composer sent 270 syncs in 60s
07-18 14:02:23.209  1956  1956 I chatty  : uid=10014 com.google.android.gms.persistent expire 2 lines
07-18 14:02:23.472  5874  5884 I chatty  : uid=10104(net.osmand) HeapTaskDaemon expire 10 lines
07-18 14:02:32.398  2237  6740 I chatty  : uid=10014(com.google.android.gms) expire 3 lines
07-18 14:02:34.271  1956  1956 I chatty  : uid=10014 com.google.android.gms.persistent expire 1 line
07-18 14:02:35.299  1956  3821 I chatty  : uid=10014(com.google.android.gms) lowpool[12] expire 3 lines
07-18 14:02:35.696  5874  5884 I chatty  : uid=10104(net.osmand) HeapTaskDaemon expire 12 lines
07-18 14:02:35.728  2237  6837 I chatty  : uid=10014(com.google.android.gms) expire 3 lines
07-18 14:02:39.667  1956  1956 I chatty  : uid=10014 com.google.android.gms.persistent expire 4 lines
07-18 14:02:42.398  1403  1403 I boot-pipe: done populating /dev/random
07-18 14:02:51.216  5874  5884 I chatty  : uid=10104(net.osmand) HeapTaskDaemon expire 12 lines
07-18 14:02:52.189  1956  1966 I chatty  : uid=10014(com.google.android.gms) HeapTaskDaemon expire 1 line
07-18 14:03:01.668  1956  1956 I chatty  : uid=10014 com.google.android.gms.persistent expire 3 lines
07-18 14:03:05.566  5874  5884 I chatty  : uid=10104(net.osmand) HeapTaskDaemon expire 10 lines
07-18 14:03:15.715  2237  6740 I chatty  : uid=10014(com.google.android.gms) expire 3 lines
07-18 14:03:17.574  1396  1414 D hwcomposer: hw_composer sent 274 syncs in 60s
07-18 14:03:17.777  5874  5884 I chatty  : uid=10104(net.osmand) HeapTaskDaemon expire 10 lines
07-18 14:03:18.532  1956  1956 I chatty  : uid=10014 com.google.android.gms.persistent expire 5 lines
07-18 14:03:31.011  5874  5884 I chatty  : uid=10104(net.osmand) HeapTaskDaemon expire 10 lines
07-18 14:03:41.760  1956  6379 I chatty  : uid=10014(com.google.android.gms) lowpool[55] expire 3 lines
07-18 14:03:42.401  1403  1403 I boot-pipe: done populating /dev/random
07-18 14:03:43.236  5874  5884 I chatty  : uid=10104(net.osmand) HeapTaskDaemon expire 11 lines
07-18 14:03:45.254  1956  1956 I chatty  : uid=10014 com.google.android.gms.persistent expire 1 line
07-18 14:03:46.365  2237  6849 I chatty  : uid=10014(com.google.android.gms) expire 3 lines
07-18 14:03:50.707  1956  1956 I chatty  : uid=10014 com.google.android.gms.persistent expire 6 lines
07-18 14:03:56.607  5874  5884 I chatty  : uid=10104(net.osmand) HeapTaskDaemon expire 27 lines
07-18 14:04:18.560  1396  1414 D hwcomposer: hw_composer sent 278 syncs in 61s
07-18 14:04:23.709  2237  6837 I chatty  : uid=10014(com.google.android.gms) expire 3 lines
07-18 14:04:23.711  1956  1956 I chatty  : uid=10014 com.google.android.gms.persistent expire 6 lines
07-18 14:04:29.783  5874  5884 I chatty  : uid=10104(net.osmand) HeapTaskDaemon expire 10 lines
07-18 14:04:42.403  1403  1403 I boot-pipe: done populating /dev/random
07-18 14:04:43.184  5874  5884 I chatty  : uid=10104(net.osmand) HeapTaskDaemon expire 11 lines
07-18 14:04:54.163  1592  1605 I chatty  : uid=1000(system) android.bg expire 8 lines
07-18 14:04:56.331  1956  1966 I chatty  : uid=10014(com.google.android.gms) HeapTaskDaemon expire 1 line
07-18 14:04:56.473  5874  5884 I chatty  : uid=10104(net.osmand) HeapTaskDaemon expire 23 lines
07-18 14:04:57.356  1956  1956 I chatty  : uid=10014 com.google.android.gms.persistent expire 6 lines
07-18 14:05:17.211  1592  2106 I chatty  : uid=1000(system) Binder:1592_B expire 11 lines
07-18 14:05:19.425  1396  1414 D hwcomposer: hw_composer sent 282 syncs in 60s
07-18 14:05:26.974  5874  5884 I chatty  : uid=10104(net.osmand) HeapTaskDaemon expire 13 lines
07-18 14:05:30.476  2237  6740 I chatty  : uid=10014(com.google.android.gms) expire 3 lines
07-18 14:05:32.527  1956  1956 I chatty  : uid=10014 com.google.android.gms.persistent expire 13 lines
07-18 14:05:42.406  1403  1403 I boot-pipe: done populating /dev/random
07-18 14:05:42.981  5874  5884 I chatty  : uid=10104(net.osmand) HeapTaskDaemon expire 33 lines
07-18 14:05:58.247  1592  2450 I chatty  : uid=1000(system) Binder:1592_C expire 8 lines
07-18 14:05:58.302  1592  2100 I chatty  : uid=1000(system) Binder:1592_9 expire 11 lines
07-18 14:05:58.457  1592  1601 I chatty  : uid=1000(system) HeapTaskDaemon expire 10 lines
07-18 14:06:15.197  1592  1720 I chatty  : uid=1000(system) Binder:1592_3 expire 10 lines
07-18 14:06:21.508  1396  1414 D hwcomposer: hw_composer sent 282 syncs in 62s
07-18 14:06:24.043  5874  5884 I chatty  : uid=10104(net.osmand) HeapTaskDaemon expire 20 lines
07-18 14:06:40.019  2237  6849 I chatty  : uid=10014(com.google.android.gms) expire 3 lines
07-18 14:06:42.408  1403  1403 I boot-pipe: done populating /dev/random
07-18 14:06:44.545  1956  1956 I chatty  : uid=10014 com.google.android.gms.persistent expire 1 line
07-18 14:06:47.631  1956  6527 I chatty  : uid=10014 com.google.android.gms.persistent expire 5 lines
07-18 14:06:49.235  5874  5884 I chatty  : uid=10104(net.osmand) HeapTaskDaemon expire 10 lines
07-18 14:06:49.773  1956  1956 I chatty  : uid=10014 com.google.android.gms.persistent expire 1 line
07-18 14:06:54.333  2237  6837 I chatty  : uid=10014(com.google.android.gms) expire 3 lines
07-18 14:06:55.662  1956  1956 I chatty  : uid=10014 com.google.android.gms.persistent expire 7 lines
07-18 14:07:01.472  5874  5884 I chatty  : uid=10104(net.osmand) HeapTaskDaemon expire 22 lines
07-18 14:07:16.257  1592  1605 I chatty  : uid=1000(system) android.bg expire 10 lines
07-18 14:07:21.483  1396  1414 D hwcomposer: hw_composer sent 252 syncs in 60s
07-18 14:07:27.738  1956  6876 I chatty  : uid=10014 com.google.android.gms.persistent expire 2 lines
07-18 14:07:29.474  5874  5884 I chatty  : uid=10104(net.osmand) HeapTaskDaemon expire 11 lines
07-18 14:07:34.722  1956  1956 I GeofencerStateMachine: sendNewTransitions called.
07-18 14:07:36.308  1592  1603 I chatty  : uid=1000(system) Binder:1592_2 expire 10 lines
07-18 14:07:40.214  1956  1956 I GeofencerStateMachine: sendNewTransitions called.
07-18 14:07:41.829  3625  3648 I chatty  : uid=10026(com.android.vending) expire 8 lines
07-18 14:07:42.410  1403  1403 I boot-pipe: done populating /dev/random
07-18 14:07:42.691  5874  5884 I chatty  : uid=10104(net.osmand) HeapTaskDaemon expire 11 lines
07-18 14:07:45.758  1956  1956 I GeofencerStateMachine: sendNewTransitions called.
07-18 14:07:51.341  1956  1956 I GeofencerStateMachine: sendNewTransitions called.
07-18 14:07:56.813  1956  1956 I GeofencerStateMachine: sendNewTransitions called.
07-18 14:07:57.125  5874  5884 I chatty  : uid=10104(net.osmand) HeapTaskDaemon expire 14 lines
07-18 14:08:00.243  1592  3044 I chatty  : uid=1000(system) Binder:1592_D expire 3 lines
07-18 14:08:01.733  2237  6895 W Conscrypt: Could not set socket write timeout: java.net.SocketException: Socket closed
07-18 14:08:01.733  2237  6895 W Conscrypt: 	at com.google.android.gms.org.conscrypt.Platform.setSocketWriteTimeout(:com.google.android.gms@17785022@17.7.85 (040700-253824076):2)
07-18 14:08:01.734  2237  6895 W Conscrypt: 	at com.google.android.gms.org.conscrypt.ConscryptFileDescriptorSocket.setSoWriteTimeout(:com.google.android.gms@17785022@17.7.85 (040700-253824076):2)
07-18 14:08:02.198  2237  6849 W Conscrypt: Could not set socket write timeout: java.net.SocketException: Socket closed
07-18 14:08:02.199  2237  6849 W Conscrypt: 	at com.google.android.gms.org.conscrypt.Platform.setSocketWriteTimeout(:com.google.android.gms@17785022@17.7.85 (040700-253824076):2)
07-18 14:08:02.199  2237  6849 W Conscrypt: 	at com.google.android.gms.org.conscrypt.ConscryptFileDescriptorSocket.setSoWriteTimeout(:com.google.android.gms@17785022@17.7.85 (040700-253824076):2)
07-18 14:08:02.436  1956  1956 I GeofencerStateMachine: sendNewTransitions called.
07-18 14:08:07.804  1956  6887 E WakeLock: GCM_HB_ALARM release without a matched acquire!
07-18 14:08:07.805  1956  6887 W WakeLock: GCM_HB_ALARM counter does not exist
07-18 14:08:07.812  1956  6887 W WakeLock: GCM_CONN_ALARM counter does not exist
07-18 14:08:07.828  1956  1956 I GeofencerStateMachine: sendNewTransitions called.
07-18 14:08:13.530  1956  1956 I GeofencerStateMachine: sendNewTransitions called.
07-18 14:08:13.783  5874  5884 I chatty  : uid=10104(net.osmand) HeapTaskDaemon expire 12 lines
07-18 14:08:18.815  1956  1956 I GeofencerStateMachine: sendNewTransitions called.
07-18 14:08:20.867  1396  1414 D hwcomposer: hw_composer sent 270 syncs in 60s
07-18 14:08:24.595  1956  1956 I GeofencerStateMachine: sendNewTransitions called.
07-18 14:08:29.322  5874  5884 I chatty  : uid=10104(net.osmand) HeapTaskDaemon expire 10 lines
07-18 14:08:29.838  1956  1956 I GeofencerStateMachine: sendNewTransitions called.
07-18 14:08:35.645  1956  1956 I GeofencerStateMachine: sendNewTransitions called.
07-18 14:08:41.143  1956  1956 I GeofencerStateMachine: sendNewTransitions called.
07-18 14:08:41.403  5874  5884 I chatty  : uid=10104(net.osmand) HeapTaskDaemon expire 14 lines
07-18 14:08:42.411  1403  1403 I boot-pipe: done populating /dev/random
07-18 14:08:46.674  1956  1956 I GeofencerStateMachine: sendNewTransitions called.
07-18 14:08:52.268  1956  1956 I GeofencerStateMachine: sendNewTransitions called.
07-18 14:08:57.762  1956  1956 I GeofencerStateMachine: sendNewTransitions called.
07-18 14:08:58.377  1592  2106 I chatty  : uid=1000(system) Binder:1592_B expire 6 lines
07-18 14:08:59.136  5874  5884 I chatty  : uid=10104(net.osmand) HeapTaskDaemon expire 13 lines
07-18 14:09:03.276  1956  1956 I GeofencerStateMachine: sendNewTransitions called.
07-18 14:09:08.821  1956  1956 I GeofencerStateMachine: sendNewTransitions called.
07-18 14:09:14.334  1956  1956 I GeofencerStateMachine: sendNewTransitions called.
07-18 14:09:14.634  5874  5884 I chatty  : uid=10104(net.osmand) HeapTaskDaemon expire 11 lines
07-18 14:09:19.863  1956  1956 I GeofencerStateMachine: sendNewTransitions called.
07-18 14:09:20.941  1396  1414 D hwcomposer: hw_composer sent 276 syncs in 60s
07-18 14:09:25.396  1956  1956 I GeofencerStateMachine: sendNewTransitions called.
07-18 14:09:27.927  5874  5884 I chatty  : uid=10104(net.osmand) HeapTaskDaemon expire 11 lines
07-18 14:09:30.855  1956  1956 I GeofencerStateMachine: sendNewTransitions called.
07-18 14:09:36.526  1956  1956 I GeofencerStateMachine: sendNewTransitions called.
07-18 14:09:38.541  1956  2417 I GeofencerStateMachine: addGeofences called by com.google.android.apps.maps
07-18 14:09:38.565  1592  1605 I chatty  : uid=1000(system) android.bg expire 10 lines
07-18 14:09:38.647  1956  1956 W ChimeraUtils: Non Chimera context
07-18 14:09:38.647  1956  1956 W ChimeraUtils: Non Chimera context
07-18 14:09:38.657  1956  1956 I GeofencerStateMachine: sendNewTransitions called.
07-18 14:09:38.663  1956  1956 I GeofencerStateMachine: sendNewLocationAvailability: availability=LocationAvailability[isLocationAvailable: true]
07-18 14:09:38.927  1956  2282 W ResourceType: ResTable_typeSpec entry count inconsistent: given 17, previously 24
07-18 14:09:42.365  5874  5884 I chatty  : uid=10104(net.osmand) HeapTaskDaemon expire 10 lines
07-18 14:09:42.374  2237  6905 W cdcv    : [{0}] Failed to resolve name. status={1}
07-18 14:09:42.413  1403  1403 I boot-pipe: done populating /dev/random
07-18 14:09:42.415  2237  6849 W Conscrypt: Could not set socket write timeout: java.net.SocketException: Socket closed
07-18 14:09:42.415  2237  6849 W Conscrypt: 	at com.google.android.gms.org.conscrypt.Platform.setSocketWriteTimeout(:com.google.android.gms@17785022@17.7.85 (040700-253824076):2)
07-18 14:09:42.415  2237  6849 W Conscrypt: 	at com.google.android.gms.org.conscrypt.ConscryptFileDescriptorSocket.setSoWriteTimeout(:com.google.android.gms@17785022@17.7.85 (040700-253824076):2)
07-18 14:09:43.299  2237  6905 W cdcv    : [{0}] Failed to resolve name. status={1}
07-18 14:09:44.282  1956  1956 I GeofencerStateMachine: sendNewTransitions called.
07-18 14:09:49.828  1956  1956 I GeofencerStateMachine: sendNewTransitions called.
07-18 14:09:52.392  2237  6908 W cdcv    : [{0}] Failed to resolve name. status={1}
07-18 14:09:53.327  2237  6908 W cdcv    : [{0}] Failed to resolve name. status={1}
07-18 14:09:54.554  5874  5884 I chatty  : uid=10104(net.osmand) HeapTaskDaemon expire 14 lines
07-18 14:09:55.377  1956  1956 I GeofencerStateMachine: sendNewTransitions called.
07-18 14:10:00.859  1956  1956 I GeofencerStateMachine: sendNewTransitions called.
07-18 14:10:00.923  1592  6910 I chatty  : uid=1000 system_server expire 2 lines
07-18 14:10:00.925  1592  6911 I chatty  : uid=1000 system_server expire 2 lines
07-18 14:10:06.433  1956  1956 I GeofencerStateMachine: sendNewTransitions called.
07-18 14:10:08.918  1956  1956 W ChimeraUtils: Non Chimera context
07-18 14:10:08.918  1956  1956 W ChimeraUtils: Non Chimera context
07-18 14:10:10.937  1592  2007 I chatty  : uid=1000(system) NetworkMonitorN expire 1 line
07-18 14:10:10.939  1592  1671 D ConnectivityService: NetworkAgentInfo [MOBILE (GPRS) - 100] validation failed
07-18 14:10:11.871  1956  1956 I GeofencerStateMachine: sendNewTransitions called.
07-18 14:10:12.188  5874  5884 I chatty  : uid=10104(net.osmand) HeapTaskDaemon expire 10 lines
07-18 14:10:16.921  1592  1609 E BatteryExternalStatsWorker: modem info is invalid: ModemActivityInfo{ mTimestamp=0 mSleepTimeMs=0 mIdleTimeMs=0 mTxTimeMs[]=[0, 0, 0, 0, 0] mRxTimeMs=0 mEnergyUsed=0}
07-18 14:10:17.430  1956  1956 I GeofencerStateMachine: sendNewTransitions called.
07-18 14:10:19.054  4551  4564 I zygote  : Waiting for a blocking GC ProfileSaver
07-18 14:10:19.074  4551  4564 I zygote  : WaitForGcToComplete blocked ProfileSaver on ProfileSaver for 19.950ms
07-18 14:10:19.176  2237  6894 I EventLogChimeraService: Aggregate from 1563457165725 (log), 1563457165725 (data)
07-18 14:10:19.241  1689  1689 I FirebaseJobDispatcher: onStartJob(): PeriodicContextualMetrics.
07-18 14:10:19.248  1689  1689 W AndroidIME: No constructor for 'com.google.android.apps.inputmethod.libs.latin5.PeriodicContextualMetricsRunner' with arguments (Context)
07-18 14:10:19.430  1592  1606 W BroadcastQueue: Background execution not allowed: receiving Intent { act=android.intent.action.DROPBOX_ENTRY_ADDED flg=0x10 (has extras) } to com.google.android.gms/.stats.service.DropBoxEntryAddedReceiver
07-18 14:10:19.430  1592  1606 W BroadcastQueue: Background execution not allowed: receiving Intent { act=android.intent.action.DROPBOX_ENTRY_ADDED flg=0x10 (has extras) } to com.google.android.gms/.chimera.GmsIntentOperationService$PersistentTrustedReceiver
07-18 14:10:20.844  1396  1414 D hwcomposer: hw_composer sent 270 syncs in 60s
07-18 14:10:22.877  1956  1956 I GeofencerStateMachine: sendNewTransitions called.
07-18 14:10:23.064  1956  1966 I zygote  : Background concurrent copying GC freed 95509(4MB) AllocSpace objects, 0(0B) LOS objects, 43% free, 7MB/13MB, paused 773us total 169.364ms
07-18 14:10:24.335  5874  5884 I chatty  : uid=10104(net.osmand) HeapTaskDaemon expire 10 lines
07-18 14:10:25.048  2237  6905 W cdcv    : [{0}] Failed to resolve name. status={1}
07-18 14:10:28.587  1956  1956 I GeofencerStateMachine: sendNewTransitions called.
07-18 14:10:33.886  1956  1956 I GeofencerStateMachine: sendNewTransitions called.
07-18 14:10:35.059  2237  6908 W cdcv    : [{0}] Failed to resolve name. status={1}
07-18 14:10:36.609  1592  6932 I chatty  : uid=1000 system_server expire 2 lines
07-18 14:10:36.612  1592  6931 I chatty  : uid=1000 system_server expire 2 lines
07-18 14:10:36.632  5874  5884 I chatty  : uid=10104(net.osmand) HeapTaskDaemon expire 12 lines
07-18 14:10:39.680  1956  1956 I GeofencerStateMachine: sendNewTransitions called.
07-18 14:10:42.414  1403  1403 I boot-pipe: done populating /dev/random
07-18 14:10:45.316  1956  1956 I GeofencerStateMachine: sendNewTransitions called.
07-18 14:10:46.630  1592  2371 I chatty  : uid=1000(system) NetworkMonitorN expire 1 line
07-18 14:10:46.631  1592  1671 D ConnectivityService: NetworkAgentInfo [WIFI () - 101] validation failed
07-18 14:10:46.632  1592  1667 I chatty  : uid=1000(system) WifiStateMachin expire 1 line
07-18 14:10:50.872  1956  1956 I GeofencerStateMachine: sendNewTransitions called.
07-18 14:10:52.216  5874  5884 I chatty  : uid=10104(net.osmand) HeapTaskDaemon expire 13 lines
07-18 14:10:56.519  1956  1956 I GeofencerStateMachine: sendNewTransitions called.
07-18 14:10:57.871  5874  5874 I chatty  : uid=10104(net.osmand) expire 4 lines
07-18 14:11:01.911  1956  1956 I GeofencerStateMachine: sendNewTransitions called.
07-18 14:11:07.497  2237  6905 W cdcv    : [{0}] Failed to resolve name. status={1}
07-18 14:11:07.578  1956  1956 I GeofencerStateMachine: sendNewTransitions called.
07-18 14:11:07.824  5874  5884 I chatty  : uid=10104(net.osmand) HeapTaskDaemon expire 11 lines
07-18 14:11:09.961  1592  1592 I JobServiceContext: Client timed out while executing (no jobFinished received), sending onStop: 5f22b68 #u0a20/50 com.google.android.dialer/com.google.android.apps.dialer.spam.impl.SpamJobService
07-18 14:11:12.902  1956  1956 I GeofencerStateMachine: sendNewTransitions called.
07-18 14:11:17.504  2237  6908 W cdcv    : [{0}] Failed to resolve name. status={1}
07-18 14:11:18.657  1956  1956 I GeofencerStateMachine: sendNewTransitions called.
07-18 14:11:20.542  1592  4549 I chatty  : uid=1000(system) Binder:1592_14 expire 10 lines
07-18 14:11:20.550  1592  1605 I chatty  : uid=1000(system) android.bg expire 12 lines
07-18 14:11:20.920  1396  1414 D hwcomposer: hw_composer sent 288 syncs in 60s
07-18 14:11:22.193  5874  5884 I chatty  : uid=10104(net.osmand) HeapTaskDaemon expire 11 lines
07-18 14:11:24.213  1956  1956 I GeofencerStateMachine: sendNewTransitions called.
07-18 14:11:29.787  1956  1956 I GeofencerStateMachine: sendNewTransitions called.
07-18 14:11:35.309  1956  1956 I GeofencerStateMachine: sendNewTransitions called.
07-18 14:11:35.565  5874  5884 I chatty  : uid=10104(net.osmand) HeapTaskDaemon expire 14 lines
07-18 14:11:40.616  1956  1956 I GeofencerStateMachine: sendNewTransitions called.
07-18 14:11:42.416  1403  1403 I boot-pipe: done populating /dev/random
07-18 14:11:46.326  1956  1956 I GeofencerStateMachine: sendNewTransitions called.
07-18 14:11:51.865  1956  1956 I GeofencerStateMachine: sendNewTransitions called.
07-18 14:11:52.430  2237  6905 W cdcv    : [{0}] Failed to resolve name. status={1}
07-18 14:11:53.221  5874  5884 I chatty  : uid=10104(net.osmand) HeapTaskDaemon expire 22 lines
07-18 14:11:57.347  1956  1956 I GeofencerStateMachine: sendNewTransitions called.
07-18 14:12:02.440  2237  6908 W cdcv    : [{0}] Failed to resolve name. status={1}
07-18 14:12:02.894  1956  1956 I GeofencerStateMachine: sendNewTransitions called.
07-18 14:12:08.458  1956  1956 I GeofencerStateMachine: sendNewTransitions called.
07-18 14:12:13.921  1956  1956 I GeofencerStateMachine: sendNewTransitions called.
07-18 14:12:19.555  1956  1956 I GeofencerStateMachine: sendNewTransitions called.
07-18 14:12:19.822  5874  5884 I chatty  : uid=10104(net.osmand) HeapTaskDaemon expire 12 lines
07-18 14:12:20.746  1396  1414 D hwcomposer: hw_composer sent 264 syncs in 60s
07-18 14:12:24.191  1956  6960 E WakeLock: GCM_HB_ALARM release without a matched acquire!
07-18 14:12:24.191  1956  6960 W WakeLock: GCM_HB_ALARM counter does not exist
07-18 14:12:24.937  1956  1956 I GeofencerStateMachine: sendNewTransitions called.
07-18 14:12:30.660  1956  1956 I GeofencerStateMachine: sendNewTransitions called.
07-18 14:12:30.775  1956  1966 I zygote  : Background concurrent copying GC freed 113337(4MB) AllocSpace objects, 0(0B) LOS objects, 43% free, 7MB/13MB, paused 830us total 112.230ms
07-18 14:12:35.305  5874  5884 I chatty  : uid=10104(net.osmand) HeapTaskDaemon expire 10 lines
07-18 14:12:35.954  1956  1956 I GeofencerStateMachine: sendNewTransitions called.
07-18 14:12:40.140  2237  6905 W cdcv    : [{0}] Failed to resolve name. status={1}
07-18 14:12:41.725  1956  1956 I GeofencerStateMachine: sendNewTransitions called.
07-18 14:12:42.417  1403  1403 I boot-pipe: done populating /dev/random
07-18 14:12:44.621  1592  2100 I chatty  : uid=1000(system) Binder:1592_9 expire 7 lines
07-18 14:12:47.236  1956  1956 I GeofencerStateMachine: sendNewTransitions called.
07-18 14:12:47.510  5874  5884 I chatty  : uid=10104(net.osmand) HeapTaskDaemon expire 11 lines
07-18 14:12:50.151  2237  6908 W cdcv    : [{0}] Failed to resolve name. status={1}
07-18 14:12:50.934  2237  6908 W cdcv    : [{0}] Failed to resolve name. status={1}
07-18 14:12:52.756  1956  1956 I GeofencerStateMachine: sendNewTransitions called.
07-18 14:12:58.353  1956  1956 I GeofencerStateMachine: sendNewTransitions called.
07-18 14:13:00.841  5874  5884 I chatty  : uid=10104(net.osmand) HeapTaskDaemon expire 10 lines
07-18 14:13:03.865  1956  1956 I GeofencerStateMachine: sendNewTransitions called.
07-18 14:13:04.248  1956  6973 E WakeLock: GCM_HB_ALARM release without a matched acquire!
07-18 14:13:04.248  1956  6973 W WakeLock: GCM_HB_ALARM counter does not exist
07-18 14:13:04.252  1956  6973 W WakeLock: GCM_CONN_ALARM counter does not exist
07-18 14:13:06.453  2237  6894 W Conscrypt: Could not set socket write timeout: java.net.SocketException: Socket closed
07-18 14:13:06.454  2237  6894 W Conscrypt: 	at com.google.android.gms.org.conscrypt.Platform.setSocketWriteTimeout(:com.google.android.gms@17785022@17.7.85 (040700-253824076):2)
07-18 14:13:06.454  2237  6894 W Conscrypt: 	at com.google.android.gms.org.conscrypt.ConscryptFileDescriptorSocket.setSoWriteTimeout(:com.google.android.gms@17785022@17.7.85 (040700-253824076):2)
07-18 14:13:09.483  1956  1956 I GeofencerStateMachine: sendNewTransitions called.
07-18 14:13:11.075  2237  6894 W Conscrypt: Could not set socket write timeout: java.net.SocketException: Socket closed
07-18 14:13:11.075  2237  6894 W Conscrypt: 	at com.google.android.gms.org.conscrypt.Platform.setSocketWriteTimeout(:com.google.android.gms@17785022@17.7.85 (040700-253824076):2)
07-18 14:13:11.075  2237  6894 W Conscrypt: 	at com.google.android.gms.org.conscrypt.ConscryptFileDescriptorSocket.setSoWriteTimeout(:com.google.android.gms@17785022@17.7.85 (040700-253824076):2)
07-18 14:13:13.122  2237  6849 W Conscrypt: Could not set socket write timeout: java.net.SocketException: Socket closed
07-18 14:13:13.122  2237  6849 W Conscrypt: 	at com.google.android.gms.org.conscrypt.Platform.setSocketWriteTimeout(:com.google.android.gms@17785022@17.7.85 (040700-253824076):2)
07-18 14:13:13.122  2237  6849 W Conscrypt: 	at com.google.android.gms.org.conscrypt.ConscryptFileDescriptorSocket.setSoWriteTimeout(:com.google.android.gms@17785022@17.7.85 (040700-253824076):2)
07-18 14:13:13.138  5874  5884 I chatty  : uid=10104(net.osmand) HeapTaskDaemon expire 10 lines
07-18 14:13:14.950  1956  1956 I GeofencerStateMachine: sendNewTransitions called.
07-18 14:13:14.960  2237  6849 W Conscrypt: Could not set socket write timeout: java.net.SocketException: Socket closed
07-18 14:13:14.960  2237  6849 W Conscrypt: 	at com.google.android.gms.org.conscrypt.Platform.setSocketWriteTimeout(:com.google.android.gms@17785022@17.7.85 (040700-253824076):2)
07-18 14:13:14.960  2237  6849 W Conscrypt: 	at com.google.android.gms.org.conscrypt.ConscryptFileDescriptorSocket.setSoWriteTimeout(:com.google.android.gms@17785022@17.7.85 (040700-253824076):2)
07-18 14:13:19.089  2237  6849 W Conscrypt: Could not set socket write timeout: java.net.SocketException: Socket closed
07-18 14:13:19.089  2237  6849 W Conscrypt: 	at com.google.android.gms.org.conscrypt.Platform.setSocketWriteTimeout(:com.google.android.gms@17785022@17.7.85 (040700-253824076):2)
07-18 14:13:19.089  2237  6849 W Conscrypt: 	at com.google.android.gms.org.conscrypt.ConscryptFileDescriptorSocket.setSoWriteTimeout(:com.google.android.gms@17785022@17.7.85 (040700-253824076):2)
07-18 14:13:20.521  1956  1956 I GeofencerStateMachine: sendNewTransitions called.
07-18 14:13:21.691  1396  1414 D hwcomposer: hw_composer sent 294 syncs in 61s
07-18 14:13:22.663  1592  1605 I chatty  : uid=1000(system) android.bg expire 12 lines
07-18 14:13:25.674  1592  1603 I chatty  : uid=1000(system) Binder:1592_2 expire 4 lines
07-18 14:13:25.955  1956  1956 I GeofencerStateMachine: sendNewTransitions called.
07-18 14:13:26.337  5874  5884 I chatty  : uid=10104(net.osmand) HeapTaskDaemon expire 14 lines
07-18 14:13:31.615  1956  1956 I GeofencerStateMachine: sendNewTransitions called.
07-18 14:13:36.976  1956  1956 I GeofencerStateMachine: sendNewTransitions called.
07-18 14:13:42.420  1403  1403 I boot-pipe: done populating /dev/random
07-18 14:13:42.753  1956  1956 I GeofencerStateMachine: sendNewTransitions called.
07-18 14:13:43.091  5874  5884 I chatty  : uid=10104(net.osmand) HeapTaskDaemon expire 12 lines
07-18 14:13:48.257  1956  1956 I GeofencerStateMachine: sendNewTransitions called.
07-18 14:13:53.765  1956  1956 I GeofencerStateMachine: sendNewTransitions called.
07-18 14:13:57.578  1592  1609 I chatty  : uid=1000(system) batterystats-wo expire 4 lines
07-18 14:13:57.593  1592  1609 E KernelUidCpuFreqTimeReader: Failed to read /proc/uid_time_in_state: java.io.FileNotFoundException: /proc/uid_time_in_state (No such file or directory)
07-18 14:13:57.593  1592  1609 E KernelCpuSpeedReader: Failed to read cpu-freq: /sys/devices/system/cpu/cpu0/cpufreq/stats/time_in_state (No such file or directory)
07-18 14:13:57.598  1592  1609 E BatteryExternalStatsWorker: modem info is invalid: ModemActivityInfo{ mTimestamp=0 mSleepTimeMs=0 mIdleTimeMs=0 mTxTimeMs[]=[0, 0, 0, 0, 0] mRxTimeMs=0 mEnergyUsed=0}
07-18 14:13:58.426  5874  5884 I chatty  : uid=10104(net.osmand) HeapTaskDaemon expire 10 lines
07-18 14:13:59.283  1956  1956 I GeofencerStateMachine: sendNewTransitions called.
07-18 14:14:04.849  1956  1956 I GeofencerStateMachine: sendNewTransitions called.
07-18 14:14:10.398  1956  1956 I GeofencerStateMachine: sendNewTransitions called.
07-18 14:14:10.683  5874  5884 I chatty  : uid=10104(net.osmand) HeapTaskDaemon expire 11 lines
07-18 14:14:13.942  1592  1601 I chatty  : uid=1000(system) HeapTaskDaemon expire 3 lines
07-18 14:14:15.962  1956  1956 I GeofencerStateMachine: sendNewTransitions called.
07-18 14:14:21.483  1956  1956 I GeofencerStateMachine: sendNewTransitions called.
07-18 14:14:23.716  1396  1414 D hwcomposer: hw_composer sent 288 syncs in 62s
07-18 14:14:23.962  5874  5884 I chatty  : uid=10104(net.osmand) HeapTaskDaemon expire 12 lines
07-18 14:14:26.983  1956  1956 I GeofencerStateMachine: sendNewTransitions called.
07-18 14:14:32.477  1956  1956 I GeofencerStateMachine: sendNewTransitions called.
07-18 14:14:38.009  1956  1956 I GeofencerStateMachine: sendNewTransitions called.
07-18 14:14:39.352  5874  5884 I chatty  : uid=10104(net.osmand) HeapTaskDaemon expire 13 lines
07-18 14:14:42.421  1403  1403 I boot-pipe: done populating /dev/random
07-18 14:14:43.592  1956  1956 I GeofencerStateMachine: sendNewTransitions called.
07-18 14:14:43.815  1592  1664 I chatty  : uid=1000(system) NetworkPolicy expire 3 lines
07-18 14:14:43.826  1592  1664 D NetworkStats: Resolving plan for NetworkTemplate: matchRule=MOBILE_ALL, subscriberId=310260..., matchSubscriberIds=[310260...]
07-18 14:14:43.829  1592  1664 D NetworkStats: Found active matching subId 1
07-18 14:14:43.837  1592  1664 D NetworkStats: Resolved to plan null
07-18 14:14:49.011  1956  1956 I GeofencerStateMachine: sendNewTransitions called.
07-18 14:14:54.670  1956  1956 I GeofencerStateMachine: sendNewTransitions called.
07-18 14:14:54.954  5874  5884 I chatty  : uid=10104(net.osmand) HeapTaskDaemon expire 13 lines
07-18 14:14:58.018  5874  5874 I chatty  : uid=10104(net.osmand) expire 2 lines
07-18 14:15:00.281  1956  1956 I GeofencerStateMachine: sendNewTransitions called.
07-18 14:15:05.815  1956  1956 I GeofencerStateMachine: sendNewTransitions called.
07-18 14:15:11.454  1956  1956 I GeofencerStateMachine: sendNewTransitions called.
07-18 14:15:11.747  5874  5884 I chatty  : uid=10104(net.osmand) HeapTaskDaemon expire 11 lines
07-18 14:15:16.447  1592  1609 E BatteryExternalStatsWorker: modem info is invalid: ModemActivityInfo{ mTimestamp=0 mSleepTimeMs=0 mIdleTimeMs=0 mTxTimeMs[]=[0, 0, 0, 0, 0] mRxTimeMs=0 mEnergyUsed=0}
07-18 14:15:16.936  1956  1956 I GeofencerStateMachine: sendNewTransitions called.
07-18 14:15:21.979  1592  1605 I UsageStatsService: User[0] Flushing usage stats to disk
07-18 14:15:22.496  1956  1956 I GeofencerStateMachine: sendNewTransitions called.
07-18 14:15:24.777  1396  1414 D hwcomposer: hw_composer sent 276 syncs in 61s
07-18 14:15:25.032  5874  5884 I chatty  : uid=10104(net.osmand) HeapTaskDaemon expire 11 lines
07-18 14:15:28.039  1956  1956 I GeofencerStateMachine: sendNewTransitions called.
07-18 14:15:33.574  1956  1956 I GeofencerStateMachine: sendNewTransitions called.
07-18 14:15:36.080  1592  1609 E BatteryExternalStatsWorker: modem info is invalid: ModemActivityInfo{ mTimestamp=0 mSleepTimeMs=0 mIdleTimeMs=0 mTxTimeMs[]=[0, 0, 0, 0, 0] mRxTimeMs=0 mEnergyUsed=0}
07-18 14:15:39.025  1956  1956 I GeofencerStateMachine: sendNewTransitions called.
07-18 14:15:39.380  5874  5884 I chatty  : uid=10104(net.osmand) HeapTaskDaemon expire 14 lines
07-18 14:15:42.423  1403  1403 I boot-pipe: done populating /dev/random
07-18 14:15:44.660  1956  1956 I GeofencerStateMachine: sendNewTransitions called.
07-18 14:15:44.909  1592  1592 I ActivityManager: Start proc 7004:com.google.android.partnersetup/u0a17 for service com.google.android.partnersetup/.InstalledAppJobService
07-18 14:15:44.914  1592  1605 I chatty  : uid=1000(system) android.bg expire 8 lines
07-18 14:15:44.916  7004  7004 W zygote  : Unexpected CPU variant for X86 using defaults: x86
07-18 14:15:44.949  7004  7004 I zygote  : The ClassLoaderContext is a special shared library.
07-18 14:15:49.960  7004  7018 I zygote  : Waiting for a blocking GC ProfileSaver
07-18 14:15:49.966  7004  7018 I zygote  : WaitForGcToComplete blocked ProfileSaver on HeapTrim for 5.376ms
07-18 14:15:50.264  1956  1956 I GeofencerStateMachine: sendNewTransitions called.
07-18 14:15:55.785  1956  1956 I GeofencerStateMachine: sendNewTransitions called.
07-18 14:15:56.189  5874  5884 I chatty  : uid=10104(net.osmand) HeapTaskDaemon expire 13 lines
07-18 14:16:01.334  1956  1956 I GeofencerStateMachine: sendNewTransitions called.
07-18 14:16:03.655  2237  6849 W Conscrypt: Could not set socket write timeout: java.net.SocketException: Socket closed
07-18 14:16:03.655  2237  6849 W Conscrypt: 	at com.google.android.gms.org.conscrypt.Platform.setSocketWriteTimeout(:com.google.android.gms@17785022@17.7.85 (040700-253824076):2)
07-18 14:16:03.656  2237  6849 W Conscrypt: 	at com.google.android.gms.org.conscrypt.ConscryptFileDescriptorSocket.setSoWriteTimeout(:com.google.android.gms@17785022@17.7.85 (040700-253824076):2)
07-18 14:16:05.250  2237  6849 W Conscrypt: Could not set socket write timeout: java.net.SocketException: Socket closed
07-18 14:16:05.250  2237  6849 W Conscrypt: 	at com.google.android.gms.org.conscrypt.Platform.setSocketWriteTimeout(:com.google.android.gms@17785022@17.7.85 (040700-253824076):2)
07-18 14:16:05.250  2237  6849 W Conscrypt: 	at com.google.android.gms.org.conscrypt.ConscryptFileDescriptorSocket.setSoWriteTimeout(:com.google.android.gms@17785022@17.7.85 (040700-253824076):2)
07-18 14:16:06.148  1592  4549 I chatty  : uid=1000(system) Binder:1592_14 expire 1 line
07-18 14:16:06.156  1592  4549 I ActivityManager: Killing 3625:com.android.vending/u0a26 (adj 906): empty for 2713s
07-18 14:16:06.156  1592  1608 I chatty  : uid=1000(system) ActivityManager expire 3 lines
07-18 14:16:06.824  1956  1956 I GeofencerStateMachine: sendNewTransitions called.
07-18 14:16:08.882  1592  1609 E BatteryExternalStatsWorker: modem info is invalid: ModemActivityInfo{ mTimestamp=0 mSleepTimeMs=0 mIdleTimeMs=0 mTxTimeMs[]=[0, 0, 0, 0, 0] mRxTimeMs=0 mEnergyUsed=0}
07-18 14:16:09.111  1592  2099 I chatty  : uid=1000(system) Binder:1592_8 expire 2 lines
07-18 14:16:12.316  1956  1956 I GeofencerStateMachine: sendNewTransitions called.
07-18 14:16:12.632  5874  5884 I chatty  : uid=10104(net.osmand) HeapTaskDaemon expire 10 lines
07-18 14:16:17.877  1956  1956 I GeofencerStateMachine: sendNewTransitions called.
07-18 14:16:23.401  1956  1956 I GeofencerStateMachine: sendNewTransitions called.
07-18 14:16:24.803  5874  5884 I chatty  : uid=10104(net.osmand) HeapTaskDaemon expire 12 lines
07-18 14:16:25.717  1396  1414 D hwcomposer: hw_composer sent 282 syncs in 61s
07-18 14:16:26.155  1592  2052 I chatty  : uid=1000(system) Binder:1592_7 expire 3 lines
07-18 14:16:29.065  1956  1956 I GeofencerStateMachine: sendNewTransitions called.
07-18 14:16:33.043  1592  1613 E SensorNotificationService: Invalid local geomagnetic field, ignore.
07-18 14:16:34.557  1956  1956 I GeofencerStateMachine: sendNewTransitions called.
07-18 14:16:40.048  1956  1956 I GeofencerStateMachine: sendNewTransitions called.
07-18 14:16:40.368  5874  5884 I chatty  : uid=10104(net.osmand) HeapTaskDaemon expire 15 lines
07-18 14:16:42.425  1403  1403 I boot-pipe: done populating /dev/random
07-18 14:16:45.057  1956  1956 I GeofencerStateMachine: sendNewTransitions called.
07-18 14:16:46.168  1592  4452 I chatty  : uid=1000(system) Binder:1592_13 expire 1 line
07-18 14:16:48.214  1592  1601 I chatty  : uid=1000(system) HeapTaskDaemon expire 3 lines
07-18 14:16:51.059  1956  1956 I GeofencerStateMachine: sendNewTransitions called.
07-18 14:16:57.051  1956  1956 I GeofencerStateMachine: sendNewTransitions called.
07-18 14:16:58.044  5874  5874 I chatty  : uid=10104(net.osmand) expire 2 lines
07-18 14:16:58.229  5874  5884 I chatty  : uid=10104(net.osmand) HeapTaskDaemon expire 10 lines
07-18 14:17:00.007  1592  1605 I chatty  : uid=1000(system) android.bg expire 10 lines
07-18 14:17:02.058  1956  1956 I GeofencerStateMachine: sendNewTransitions called.
07-18 14:17:07.072  1956  1956 I GeofencerStateMachine: sendNewTransitions called.
07-18 14:17:07.230  1592  5474 I chatty  : uid=1000(system) Binder:1592_17 expire 3 lines
07-18 14:17:07.437  2969  7045 D PhFileGroupPop: Added file groups webref-model-local-index
07-18 14:17:07.441  2969  7045 D PhFileGroupPop: Added file groups smart_actions_grammars
07-18 14:17:07.445  2969  7045 D PhFileGroupPop: Added file groups smart_actions_ml_models
07-18 14:17:07.458  2969  7045 D WebrefLocalSlicingFGP: Added file group webref-model-local
07-18 14:17:07.552  1592  2052 I ActivityManager: Start proc 7046:com.google.android.videos/u0a74 for service com.google.android.videos/com.google.android.apps.play.movies.common.service.drm.RefreshLicenseTaskService
07-18 14:17:07.554  7046  7046 W zygote  : Unexpected CPU variant for X86 using defaults: x86
07-18 14:17:07.954  2237  6894 I zygote  : IncrementDisableThreadFlip blocked for 9.045ms
07-18 14:17:08.413  7077  7077 I chatty  : uid=10026(com.android.vending) expire 29 lines
07-18 14:17:08.414  1592  2099 I ActivityManager: Start proc 7077:com.android.vending/u0a26 for service com.android.vending/com.google.android.finsky.contentfilterui.ContentFiltersService
07-18 14:17:08.489  7046  7046 V MediaRouter: Adding route: RouteInfo{ name=Phone, description=null, status=null, category=RouteCategory{ name=System types=ROUTE_TYPE_LIVE_AUDIO ROUTE_TYPE_LIVE_VIDEO  groupable=false }, supportedTypes=ROUTE_TYPE_LIVE_AUDIO ROUTE_TYPE_LIVE_VIDEO , presentationDisplay=null }
07-18 14:17:08.496  7046  7046 V MediaRouter: Selecting route: RouteInfo{ name=Phone, description=null, status=null, category=RouteCategory{ name=System types=ROUTE_TYPE_LIVE_AUDIO ROUTE_TYPE_LIVE_VIDEO  groupable=false }, supportedTypes=ROUTE_TYPE_LIVE_AUDIO ROUTE_TYPE_LIVE_VIDEO , presentationDisplay=null }
07-18 14:17:08.505  7046  7046 W MediaSessionCompat: Couldn't find a unique registered media button receiver in the given context.
07-18 14:17:08.647  7046  7046 W PrimesInit: Primes instant initialization
07-18 14:17:08.668  7046  7094 W Primes  : background initialization
07-18 14:17:08.676  7046  7046 W PlayMovies: VideosInitializer.initializeApp:31 Installer Package: com.android.vending
07-18 14:17:08.676  7046  7046 W PlayMovies: 
07-18 14:17:08.706  7046  7046 V MediaRouter: Selecting route: RouteInfo{ name=Phone, description=null, status=null, category=RouteCategory{ name=System types=ROUTE_TYPE_LIVE_AUDIO ROUTE_TYPE_LIVE_VIDEO  groupable=false }, supportedTypes=ROUTE_TYPE_LIVE_AUDIO ROUTE_TYPE_LIVE_VIDEO , presentationDisplay=null }
07-18 14:17:08.735  7046  7094 I PrimesTesting: GserviceFlagsSupplier.get()
07-18 14:17:08.753  7046  7094 I zygote  : IncrementDisableThreadFlip blocked for 7.686ms
07-18 14:17:08.768  1592  2099 I chatty  : uid=1000(system) Binder:1592_8 expire 5 lines
07-18 14:17:08.991  1956  1956 W ChimeraUtils: Non Chimera context
07-18 14:17:08.991  1956  1956 W ChimeraUtils: Non Chimera context
07-18 14:17:09.174  7046  7104 I VideoCapabilities: Unsupported profile 4 for video/mp4v-es
07-18 14:17:09.434  7077  7110 I chatty  : uid=10026(com.android.vending) expire 5 lines
07-18 14:17:09.570  7077  7107 I chatty  : uid=10026(com.android.vending) LightweightExec expire 4 lines
07-18 14:17:09.752  7077  7101 I chatty  : uid=10026(com.android.vending) LightweightExec expire 7 lines
07-18 14:17:09.802  7077  7140 I chatty  : uid=10026(com.android.vending) GoogleApiHandle expire 1 line
07-18 14:17:09.951  7077  7149 I chatty  : uid=10026(com.android.vending) Binder:7077_3 expire 2 lines
07-18 14:17:10.040  1956  1956 W SystemServiceRegistry: No service published for: persistent_data_block
07-18 14:17:10.397  7077  7082 I chatty  : uid=10026(com.android.vending) Jit thread pool expire 6 lines
07-18 14:17:10.456  1592  1720 I ActivityManager: Start proc 7158:android.process.media/u0a9 for content provider com.android.providers.downloads/.DownloadProvider
07-18 14:17:10.462  7158  7158 W zygote  : Unexpected CPU variant for X86 using defaults: x86
07-18 14:17:10.479  1592  2099 I ActivityManager: Killing 4753:com.google.android.gm/u0a70 (adj 906): empty for 1814s
07-18 14:17:10.480  1592  1608 I chatty  : uid=1000(system) ActivityManager expire 4 lines
07-18 14:17:10.544  7158  7158 I zygote  : The ClassLoaderContext is a special shared library.
07-18 14:17:10.684  7158  7158 I zygote  : The ClassLoaderContext is a special shared library.
07-18 14:17:10.888  7077  7125 I chatty  : uid=10026(com.android.vending) expire 2 lines
07-18 14:17:11.267  7077  7175 I chatty  : uid=10026(com.android.vending) InstallQueueUsi expire 2 lines
07-18 14:17:11.446  2237  6894 W GmscoreIpa: Processed 0 SMS and 0 MMS deletions
07-18 14:17:11.793  1956  3821 I zygote  : Deoptimizing bvlf bvlf.a(bvlf) due to JIT inline cache
07-18 14:17:11.793  1956  3821 I zygote  : Deoptimizing void bvpo.<init>(bvlf, bvlf) due to JIT inline cache
07-18 14:17:11.818  7077  7114 I chatty  : uid=10026(com.android.vending) bgExecutor #0 expire 3 lines
07-18 14:17:12.068  1956  1956 I GeofencerStateMachine: sendNewTransitions called.
07-18 14:17:12.507  5874  5884 I chatty  : uid=10104(net.osmand) HeapTaskDaemon expire 12 lines
07-18 14:17:18.055  1956  1956 I GeofencerStateMachine: sendNewTransitions called.
07-18 14:17:19.565  7077  7121 I chatty  : uid=10026(com.android.vending) bgExecutor #1 expire 1 line
07-18 14:17:19.584  7077  7152 I chatty  : uid=10026(com.android.vending) expire 3 lines
07-18 14:17:19.637  7077  7109 I chatty  : uid=10026(com.android.vending) expire 12 lines
07-18 14:17:19.908  7077  7109 D GetConfigurationSnapsho: date__enable_manual_update_flow, false, 2, 0), Flag(TabbedBrowseFragmentBrowseData__normalize_browse_data_handling, true, 2, 0), Flag(TestColorTheme__color_label, 'blue', 4, 0), Flag(TestColorTheme__title_bar_color, -16776961, 1, 0), Flag(TestColorTheme__transition_delay, 10.0, 3, 0), Flag(TestColorTheme__transparent_background, false, 2, 0), Flag(TestConfig__backend_urls, '', 5, 0), Flag(TesterApi__enable_testing_program_writes_to_installerdatastore, false, 2, 0), Flag(TesterApi__tester_api_package_controller, '+com.test.bestdemo,com.test.secretfeature', 4, 0), Flag(TubeskyAccountContentProvider__enable_account_content_provider, true, 2, 0), Flag(TubeskyRapidInstallWhitelisting__allow_rapid_install_whitelist, 'com.mitv.tvhome.atv,com.test.overlay', 4, 0), Flag(UnauthUpdates__enable_unauth_manual_update, true, 2, 0), Flag(UnauthUpdates__enable_unauth_navigation_manager, true, 2, 0), Flag(Unicorn__enable_unicorn_account_identification, true, 2, 0), Flag(Unicorn__enable_unicorn_arc_provider, true, 2, 0), Flag(UninstallManager__get_uninstall_recommendations, false, 2, 0), Flag(UninstallManager__get_uninstall_recommendations_in_popup, false, 2, 0), Flag(UninstallManager__uninstall_manager_preselect, true, 2, 0), Flag(UserLanguages__user_language_additional_per_app, true, 2, 0), Flag(UserLanguages__user_language_api_allow_iso, false, 2, 0), Flag(UserLanguages__user_language_change_early_install, true, 2, 0), Flag(VisdreDelayPostInstallAds__delay_post_install_ads_display_ms, 1000, 1, 0), Flag(VisdreDelayPostInstallAds__enable_delay_post_install_ads_display, false, 2, 0), Flag(WaitForWifiV2__enable_wait_for_wifi_v2, true, 2, 0), Flag(WaitForWifiV2__enable_wait_for_wifi_v2_logging, false, 2, 0), Flag(WearAutoUpdate__enable_unauth_auto_update_sys, false, 2, 0), Flag(WearHygieneOptimization__enable_wear_dependency_optimization, true, 2, 0), Flag(WearPaymentMultiAccount__enable_wear_payment_ah_amb, true, 2, 0), Flag(WearSupport__kill_switch_foreground_wear_update, false, 2, 0), Flag(WearSupport__kill_switch_wear_service, false, 2, 0), Flag(ZeroPrefixRecentSearchSuggestion__zero_prefix_recent_search_suggestion_count, 4, 1, 0), Flag(ZeroRating__enable_zero_rating, false, 2, 0)
07-18 14:17:19.908  7077  7109 D GetConfigurationSnapsho: byFlagStorageType, deleteSet = 
07-18 14:17:19.924  7077  7122 I Finsky  : [364] vwn.f(3): Restoring notifications
07-18 14:17:19.927  7077  7121 I Finsky  : [363] wrp.a(11): Do not start WearSupportService due to Wear service optimization
07-18 14:17:19.931  7077  7082 I zygote  : Compiler allocated 6MB to compile java.lang.Object aedr.call()
07-18 14:17:19.938  7077  7124 I Finsky  : [366] dyp.run(7): Component class com.google.android.finsky.wear.WearSupportService disabled via PackageManager.
07-18 14:17:19.956  7077  7124 I Finsky  : [366] dyp.run(7): Component class com.google.android.finsky.wear.WearChangeListenerService disabled via PackageManager.
07-18 14:17:19.959  7077  7152 I Finsky  : [390] osl.b(6): Already at the latest configurations for experiment package com.google.android.finsky.regular.
07-18 14:17:19.961  7077  7125 I Finsky  : [367] osl.b(1): Triggered update for experiment package com.google.android.finsky.regular.
07-18 14:17:19.993  7077  7109 D GetConfigurationSnapsho: getFullConfigurations
07-18 14:17:20.001  7077  7122 I Finsky  : [364] vwn.f(8): Done restoring notifications
07-18 14:17:20.007  7077  7082 I zygote  : Do full code cache collection, code=123KB, data=92KB
07-18 14:17:20.015  7077  7082 I zygote  : After code cache collection, code=100KB, data=68KB
07-18 14:17:20.041  7077  7109 D GetConfigurationSnapsho: byFlagStorageType, addSet = Flag(AccountInstallState__enable_account_install_state, false, 2, 0), Flag(AccountsCache__cache_all_accounts, true, 2, 0), Flag(AccountsChanged__accounts_changed_hygiene_throttling_enabled, false, 2, 0), Flag(AccountsChanged__enable_google_account_change_broadcast, true, 2, 0), Flag(AccountsChanged__min_accounts_changed_hygiene_window_millis, 43200000, 1, 0), Flag(AlleyOopD30__enable_alleyoop_d30, false, 2, 0), Flag(AlleyOopDeprecateV1__approve_whitelist, 'com.google.android.youtube', 4, 0), Flag(AlleyOopDeprecateV1__enable, true, 2, 0), Flag(AlleyOopDeprecateV1__redirect_whitelist, 'com.android.chrome', 4, 0), Flag(AlleyOopRedirectPaidAppToDetails__allow_paid_apps_calling_package_whitelist, 'com.google.android.play.games', 4, 0), Flag(AlleyOopRedirectPaidAppToDetails__enable_redirecting_paid_app_to_details, true, 2, 0), Flag(AlleyOopV3Holdback__redirect_to_details, false, 2, 0), Flag(AppDetailsInAppProducts__enable_in_app_products_cards_collapsed, false, 2, 0), Flag(AppDetailsInAppProducts__enable_in_app_products_cards_expanded, false, 2, 0), Flag(AppHeroCard__respect_instant_app_launch_key, false, 2, 0), Flag(AppRestrictions__app_restrictions_update_message_whitelisted_packages, '+com.samsung.android.knox.kpu,com.samsung.android.knox.kpu.demo,com.samsung.android.knox.kpu.poc,com.zebra.oemconfig.common,com.google.android.feedbacktestapp,com.spectralink.slnkdevicesettings,com.spectralink.slnkdevicesettingstest,com.datalogic.oemconfig,com.ecom.ecommanager,com.ecom.enterprise.oemconfig,com.honeywell.oemconfig,com.honeywell.oemconfig.dev,com.honeywell.oemconfig.qa,com.huawei.mdm.dpc,com.lge.oemconfig,jp.kyocera.enterprisedeviceconfig', 4, 0), Flag(AppRestrictions__disable_setting_app_restrictions_via_dpm, true, 2, 0), Flag(AppsModularMdp__enable_primary_style_cta_button, true, 2, 0), Flag(AssetModules__asset_module_download_importance_threshold, 100, 1, 0), Flag(AssetModules__asset_module_fast_follow_enabled, false, 2, 0), Flag(AssetModules__asset_module_garbage_collection_timeout_ms, 604800000, 1, 0), Flag(AssetModules__asset_module_package_controller, '+', 4, 0), Flag(AssetModules__asset_module_rate_limit_ms, 1000, 1, 0), Flag(AssetModules__asset_module_service_enabled, false, 2, 0), Flag(AssistCardsDismissal__persist_assist_cards_dismiss, true, 2, 0), Flag(AutoUpdateCodegen__gmscore_canary_idle_relaxation_threshold_ms, 0, 1, 0), Flag(AutoUpdateCodegen__gmscore_canary_wifi_charger_relaxation_threshold_ms, 0, 1, 0), Flag(AutoUpdate__auto_update_v2_enable_kiosk, true, 2, 0), Flag(AutoUpdate__auto_update_v2_enable_rapid, true, 2, 0), Flag(AutoUpdate__battery_relaxation_threshold_ms, 172800000, 1, 0), Flag(AutoUpdate__enable_atomic_install_organic_reboot, false, 2, 0), Flag(AutoUpdate__enable_auto_update_settings_dialog_v2, true, 2, 0), Flag(AutoUpdate__enable_gmscore_idle_relaxation_v2, false, 2, 0), Flag(AutoUpdate__enable_gmscore_wifi_charger_relaxation, false, 2, 0), Flag(AutoUpdate__enable_synchronized_gms_update, false, 2, 0), Flag(AutoUpdate__enable_used_stale_apps_reporting, true, 2, 0), Flag(AutoUpdate__skip_gmscore_canary_check, false, 2, 0), Flag(AutoUpdate__update_aia_supervisor_on_wifi, false, 2, 0), Flag(AvoidBulkCancelNetworkRequests__avoid_bulk_cancel_deep_links_and_details_requests, false, 2, 0), Flag(AvoidBulkCancelNetworkRequests__avoid_bulk_cancel_dfe_requests, false, 2, 0), Flag(AvoidBulkCancelNetworkRequests__avoid_bulk_cancel_image_requests, false, 2, 0), Flag(BooksBundles__enable_books_cross_sell_bundles_module, true, 2, 0), Flag(BooksBundles__enable_series_bundles, false, 2, 0), Flag(BuyWithOfferIdCleanup__enable_navigation_manager_buy_with_offer_id, true, 2, 0), Flag(CacheEntryInvalidation__delete_fully_invalidated_cache_entries, true, 2, 0), Flag(CacheOptimizations__enable_cache_pruning, true, 2, 0), Flag(CacheOptimizations__min_minor_version_delta_for_cache_clearing, 11, 1, 0), Flag(CacheOptimizations__reinitialize_cache_on_external_clear, true, 2, 0), Flag(CacheOptimizations__stop_clear
