06-28 10:03:47.916 21455 21473 I BugleRcsEngine: [901] pyv.a: Cannot get service version because CS.apk was not found, not pre-loaded or disabled.
06-28 10:03:47.917 21455 21473 W BugleRcsEngine: [901] pyv.a: Service with meta data key: JibeServiceApiVersions is not compatible. Service Version 1 is not supported. Supported versions: []
06-28 10:03:47.918 21455 21473 I BugleRcsEngine: [901] pyv.b: Not using CS JibeService because it is not compatible with AM.
06-28 10:03:48.249 19546 21425 I InstantApps: DomainFilterImpl: Domain filter response size: 76923
06-28 10:03:48.305 19546 21192 E PhenotypeFlagCommitter: Retrieving snapshot for com.google.android.gms.phenotype failed
06-28 10:03:48.305 19546 21192 E PhenotypeFlagCommitter: java.util.concurrent.TimeoutException: Timed out waiting for Task
06-28 10:03:48.305 19546 21192 E PhenotypeFlagCommitter: 	at avgu.a(:com.google.android.gms@17785022@17.7.85 (040700-253824076):19)
06-28 10:03:48.305 19546 21192 E PhenotypeFlagCommitter: 	at aodk.a(:com.google.android.gms@17785022@17.7.85 (040700-253824076):2)
06-28 10:03:48.305 19546 21192 E PhenotypeFlagCommitter: 	at aodk.a(:com.google.android.gms@17785022@17.7.85 (040700-253824076):19)
06-28 10:03:48.305 19546 21192 E PhenotypeFlagCommitter: 	at aodk.a(:com.google.android.gms@17785022@17.7.85 (040700-253824076):27)
06-28 10:03:48.305 19546 21192 E PhenotypeFlagCommitter: 	at aodk.a(:com.google.android.gms@17785022@17.7.85 (040700-253824076):31)
06-28 10:03:48.305 19546 21192 E PhenotypeFlagCommitter: 	at aoel.a(:com.google.android.gms@17785022@17.7.85 (040700-253824076):6)
06-28 10:03:48.305 19546 21192 E PhenotypeFlagCommitter: 	at com.google.android.gms.phenotype.sync.HeterodyneSyncTaskChimeraService.a(:com.google.android.gms@17785022@17.7.85 (040700-253824076):1)
06-28 10:03:48.305 19546 21192 E PhenotypeFlagCommitter: 	at com.google.android.gms.phenotype.sync.HeterodyneSyncTaskChimeraService.a(:com.google.android.gms@17785022@17.7.85 (040700-253824076):10)
06-28 10:03:48.305 19546 21192 E PhenotypeFlagCommitter: 	at aezd.run(:com.google.android.gms@17785022@17.7.85 (040700-253824076):5)
06-28 10:03:48.305 19546 21192 E PhenotypeFlagCommitter: 	at squ.b(:com.google.android.gms@17785022@17.7.85 (040700-253824076):37)
06-28 10:03:48.305 19546 21192 E PhenotypeFlagCommitter: 	at squ.run(:com.google.android.gms@17785022@17.7.85 (040700-253824076):21)
06-28 10:03:48.305 19546 21192 E PhenotypeFlagCommitter: 	at java.util.concurrent.ThreadPoolExecutor.runWorker(ThreadPoolExecutor.java:1162)
06-28 10:03:48.305 19546 21192 E PhenotypeFlagCommitter: 	at java.util.concurrent.ThreadPoolExecutor$Worker.run(ThreadPoolExecutor.java:636)
06-28 10:03:48.305 19546 21192 E PhenotypeFlagCommitter: 	at swz.run(Unknown Source:7)
06-28 10:03:48.305 19546 21192 E PhenotypeFlagCommitter: 	at java.lang.Thread.run(Thread.java:764)
06-28 10:03:48.692 21455 21502 I FA      : App measurement is starting up, version: 16250
06-28 10:03:48.692 21455 21502 I FA      : To enable debug logging run: adb shell setprop log.tag.FA VERBOSE
06-28 10:03:48.692 21455 21502 I FA      : To enable faster debug mode event logging run:
06-28 10:03:48.692 21455 21502 I FA      :   adb shell setprop debug.firebase.analytics.app com.google.android.apps.messaging
06-28 10:03:48.779 21455 21473 W native  : cpu_feature_guard.cc:35 The TensorFlow library was compiled to use SSE instructions, but these aren't available on your machine.
06-28 10:03:48.779 21455 21473 W native  : cpu_feature_guard.cc:35 The TensorFlow library was compiled to use SSE2 instructions, but these aren't available on your machine.
06-28 10:03:48.779 21455 21473 W native  : cpu_feature_guard.cc:35 The TensorFlow library was compiled to use SSE3 instructions, but these aren't available on your machine.
06-28 10:03:49.109 21455 21502 I zygote  : Deoptimizing java.lang.Object nld.a(java.lang.Object) due to JIT inline cache
06-28 10:03:49.140  1393  3231 W audio_hw_generic: Not supplying enough data to HAL, expected position 103278266 , only wrote 103278240
06-28 10:03:49.173 19500 19500 I BgTaskExecutorImpl: Starting EXCLUSIVE background task FETCH_OPT_IN_STATUSES.
06-28 10:03:49.420 19500 20014 I zygote  : Deoptimizing void com.google.android.apps.gsa.staticplugins.ac.h.a(com.google.android.libraries.gcoreclient.aa.a) due to JIT inline cache
06-28 10:03:49.451 19546 21444 E PhenotypeFlagCommitter: Retrieving snapshot for com.google.android.gms.growth failed
06-28 10:03:49.451 19546 21444 E PhenotypeFlagCommitter: java.util.concurrent.TimeoutException: Timed out waiting for Task
06-28 10:03:49.451 19546 21444 E PhenotypeFlagCommitter: 	at avgu.a(:com.google.android.gms@17785022@17.7.85 (040700-253824076):19)
06-28 10:03:49.451 19546 21444 E PhenotypeFlagCommitter: 	at aodk.a(:com.google.android.gms@17785022@17.7.85 (040700-253824076):2)
06-28 10:03:49.451 19546 21444 E PhenotypeFlagCommitter: 	at aodk.a(:com.google.android.gms@17785022@17.7.85 (040700-253824076):19)
06-28 10:03:49.451 19546 21444 E PhenotypeFlagCommitter: 	at aodk.a(:com.google.android.gms@17785022@17.7.85 (040700-253824076):27)
06-28 10:03:49.451 19546 21444 E PhenotypeFlagCommitter: 	at aodk.a(:com.google.android.gms@17785022@17.7.85 (040700-253824076):31)
06-28 10:03:49.451 19546 21444 E PhenotypeFlagCommitter: 	at rts.a(:com.google.android.gms@17785022@17.7.85 (040700-253824076):7)
06-28 10:03:49.451 19546 21444 E PhenotypeFlagCommitter: 	at com.google.android.gms.common.config.PhenotypeUpdateOperation.onHandleIntent(:com.google.android.gms@17785022@17.7.85 (040700-253824076):12)
06-28 10:03:49.451 19546 21444 E PhenotypeFlagCommitter: 	at com.google.android.chimera.IntentOperation.onHandleIntent(:com.google.android.gms@17785022@17.7.85 (040700-253824076):2)
06-28 10:03:49.451 19546 21444 E PhenotypeFlagCommitter: 	at qmh.onHandleIntent(:com.google.android.gms@17785022@17.7.85 (040700-253824076):4)
06-28 10:03:49.451 19546 21444 E PhenotypeFlagCommitter: 	at efy.run(:com.google.android.gms@17785022@17.7.85 (040700-253824076):10)
06-28 10:03:49.451 19546 21444 E PhenotypeFlagCommitter: 	at efx.run(:com.google.android.gms@17785022@17.7.85 (040700-253824076):9)
06-28 10:03:49.451 19546 21444 E PhenotypeFlagCommitter: 	at java.util.concurrent.ThreadPoolExecutor.runWorker(ThreadPoolExecutor.java:1162)
06-28 10:03:49.451 19546 21444 E PhenotypeFlagCommitter: 	at java.util.concurrent.ThreadPoolExecutor$Worker.run(ThreadPoolExecutor.java:636)
06-28 10:03:49.451 19546 21444 E PhenotypeFlagCommitter: 	at java.lang.Thread.run(Thread.java:764)
06-28 10:03:49.532  1409  1409 I boot-pipe: done populating /dev/random
06-28 10:03:49.606 21455 21468 I zygote  : Waiting for a blocking GC ProfileSaver
06-28 10:03:49.837  1603  1612 I zygote  : Background concurrent copying GC freed 43251(2MB) AllocSpace objects, 8(416KB) LOS objects, 26% free, 16MB/22MB, paused 1.388ms total 1.334s
06-28 10:03:49.946 21455 21502 W FA      : Failed to retrieve Firebase Instance Id
06-28 10:03:49.978 21455 21468 I zygote  : WaitForGcToComplete blocked ProfileSaver on HeapTrim for 371.584ms
06-28 10:03:50.050 19500 19500 I BgTaskExecutorImpl: Starting EXCLUSIVE background task ON_EXPERIMENTS_UPDATED.
06-28 10:03:50.058 19500 19988 I ModelDownloadListener: Schdedule model download
06-28 10:03:50.138 19500 19500 I BgTaskExecutorImpl: Starting EXCLUSIVE background task UPDATE_HOTWORD_MODELS.
06-28 10:03:50.147 21455 21502 W FA      : Failed to retrieve Firebase Instance Id
06-28 10:03:50.173 19546 19556 I zygote  : Background concurrent copying GC freed 83278(4MB) AllocSpace objects, 22(916KB) LOS objects, 34% free, 11MB/17MB, paused 9.643ms total 1.797s
06-28 10:03:50.266 19500 21230 I ModelDownloadController: requestHotwordModelUpdate modelType-2 modelLocale-en-US
06-28 10:03:50.304 19500 21230 I ModelDownloadController: We already downloaded model from given location.
06-28 10:03:50.315 19500 21230 I ModelDownloadController: Model download failed
06-28 10:03:50.325 19500 19980 W SearchServiceCore: Abort, client detached.
06-28 10:03:50.326 19500 19980 I chatty  : uid=10032(com.google.android.googlequicksearchbox) EventBus0 identical 2 lines
06-28 10:03:50.326 19500 19980 W SearchServiceCore: Abort, client detached.
06-28 10:03:50.376 19500 19988 I OpaEligibilityChecker: send OpaEligibilityChange broadcast to CommonBroadcastReceiver
06-28 10:03:50.538 19500 19980 W SearchServiceCore: Abort, client detached.
06-28 10:03:50.544 19500 19980 I chatty  : uid=10032(com.google.android.googlequicksearchbox) EventBus0 identical 2 lines
06-28 10:03:50.544 19500 19980 W SearchServiceCore: Abort, client detached.
06-28 10:03:50.606 19569 21351 I TelephonySpam: TelephonySpamChimeraService - Running Telephony Spam Chimera Service
06-28 10:03:50.674 19500 19511 W zygote  : Suspending all threads took: 35.087ms
06-28 10:03:50.972  1475  1571 D AudioFlinger: mixer(0xaa803cc0) throttle end: throttle time(3)
06-28 10:03:51.032 21455 21465 W zygote  : Suspending all threads took: 82.315ms
06-28 10:03:51.250 19500 19500 I BgTaskExecutorImpl: Starting EXCLUSIVE background task NOW_UPDATE_GCM_REGISTRATION.
06-28 10:03:51.277 19569 19574 I zygote  : Compiler allocated 7MB to compile void qws.b(qwu)
06-28 10:03:51.296 19500 19980 W SearchServiceCore: Abort, client detached.
06-28 10:03:51.296 19500 19980 I chatty  : uid=10032(com.google.android.googlequicksearchbox) EventBus0 identical 2 lines
06-28 10:03:51.296 19500 19980 W SearchServiceCore: Abort, client detached.
06-28 10:03:51.334 19500 20176 W OptInChecker: Missing cached UDC setting for NOW_CARDS
06-28 10:03:51.335 19500 20176 I OptInChecker: Falling back to non-UDC sources
06-28 10:03:51.393 19500 20176 I OptInChecker: Setting = NOW_CARDS, optedInt = false
06-28 10:03:51.496 19500 19980 W SearchServiceCore: Abort, client detached.
06-28 10:03:51.497 19500 19980 I chatty  : uid=10032(com.google.android.googlequicksearchbox) EventBus0 identical 1 line
06-28 10:03:51.497 19500 19980 W SearchServiceCore: Abort, client detached.
06-28 10:03:51.497 19569 20248 I Icing   : IndexChimeraService.getServiceInterface callingPackage=com.google.android.googlequicksearchbox componentName=agsa_icing_connection serviceId=33
06-28 10:03:51.519 19500 19980 W SearchServiceCore: Abort, client detached.
06-28 10:03:51.519 19500 19980 W SearchServiceCore: Abort, client detached.
06-28 10:03:51.526 19569 20257 I Icing   : IndexChimeraService.getServiceInterface callingPackage=com.google.android.googlequicksearchbox componentName=agsa_icing_connection serviceId=32
06-28 10:03:51.650 12744 12797 D AudioTrack: stop() called with 105050 frames delivered
06-28 10:03:51.658 12507 13666 D net.osmand: AbstractPrologCommandPlayer abandonAudioFocus
06-28 10:03:51.659  1603  2119 I MediaFocusControl: abandonAudioFocus() from uid/pid 10104/12507 clientId=android.media.AudioManager@9a87ae1net.osmand.plus.api.AudioFocusHelperImpl@e1ce34
06-28 10:03:51.661 12507 13666 D net.osmand: TTSCommandPlayerImpl ttsRequests=0
06-28 10:03:51.664  1603 11127 V MediaRouterService: restoreBluetoothA2dp(false)
06-28 10:03:51.685 19546 21444 E PhenotypeFlagCommitter: Retrieving snapshot for com.google.android.gms.signin failed
06-28 10:03:51.685 19546 21444 E PhenotypeFlagCommitter: java.util.concurrent.TimeoutException: Timed out waiting for Task
06-28 10:03:51.685 19546 21444 E PhenotypeFlagCommitter: 	at avgu.a(:com.google.android.gms@17785022@17.7.85 (040700-253824076):19)
06-28 10:03:51.685 19546 21444 E PhenotypeFlagCommitter: 	at aodk.a(:com.google.android.gms@17785022@17.7.85 (040700-253824076):2)
06-28 10:03:51.685 19546 21444 E PhenotypeFlagCommitter: 	at aodk.a(:com.google.android.gms@17785022@17.7.85 (040700-253824076):19)
06-28 10:03:51.685 19546 21444 E PhenotypeFlagCommitter: 	at aodk.a(:com.google.android.gms@17785022@17.7.85 (040700-253824076):31)
06-28 10:03:51.685 19546 21444 E PhenotypeFlagCommitter: 	at rts.a(:com.google.android.gms@17785022@17.7.85 (040700-253824076):7)
06-28 10:03:51.685 19546 21444 E PhenotypeFlagCommitter: 	at com.google.android.gms.common.config.PhenotypeUpdateOperation.onHandleIntent(:com.google.android.gms@17785022@17.7.85 (040700-253824076):12)
06-28 10:03:51.685 19546 21444 E PhenotypeFlagCommitter: 	at com.google.android.chimera.IntentOperation.onHandleIntent(:com.google.android.gms@17785022@17.7.85 (040700-253824076):2)
06-28 10:03:51.685 19546 21444 E PhenotypeFlagCommitter: 	at qmh.onHandleIntent(:com.google.android.gms@17785022@17.7.85 (040700-253824076):4)
06-28 10:03:51.685 19546 21444 E PhenotypeFlagCommitter: 	at efy.run(:com.google.android.gms@17785022@17.7.85 (040700-253824076):10)
06-28 10:03:51.685 19546 21444 E PhenotypeFlagCommitter: 	at efx.run(:com.google.android.gms@17785022@17.7.85 (040700-253824076):9)
06-28 10:03:51.685 19546 21444 E PhenotypeFlagCommitter: 	at java.util.concurrent.ThreadPoolExecutor.runWorker(ThreadPoolExecutor.java:1162)
06-28 10:03:51.685 19546 21444 E PhenotypeFlagCommitter: 	at java.util.concurrent.ThreadPoolExecutor$Worker.run(ThreadPoolExecutor.java:636)
06-28 10:03:51.685 19546 21444 E PhenotypeFlagCommitter: 	at java.lang.Thread.run(Thread.java:764)
06-28 10:03:51.849  1603  2974 I WifiService: getConnectionInfo uid=10079
06-28 10:03:51.850  1603  2974 D WifiPermissionsUtil: Denied: no location permission
06-28 10:03:51.850  1603  2974 D WifiPermissionsUtil: Denied: caller is not the current USE_OPEN_WIFI_PACKAGE
06-28 10:03:52.098  1603  1620 E BatteryExternalStatsWorker: modem info is invalid: ModemActivityInfo{ mTimestamp=0 mSleepTimeMs=0 mIdleTimeMs=0 mTxTimeMs[]=[0, 0, 0, 0, 0] mRxTimeMs=0 mEnergyUsed=0}
06-28 10:03:52.313 19840 21511 W BugleRcsEngine: [925] pyv.a: Carrier Services Apk was not found.
06-28 10:03:52.314 19840 21511 I BugleRcsEngine: [925] pyv.a: Cannot get service version because CS.apk was not found, not pre-loaded or disabled.
06-28 10:03:52.315 19840 21511 W BugleRcsEngine: [925] pyv.a: Service with meta data key: JibeServiceApiVersions is not compatible. Service Version 1 is not supported. Supported versions: []
06-28 10:03:52.315 19840 21511 I BugleRcsEngine: [925] pyv.b: Not using CS JibeService because it is not compatible with AM.
06-28 10:03:52.320 19840 21511 W BugleRcsEngine: [925] pyv.a: Carrier Services Apk was not found.
06-28 10:03:52.321 19840 21511 I BugleRcsEngine: [925] pyv.a: Cannot get service version because CS.apk was not found, not pre-loaded or disabled.
06-28 10:03:52.321 19840 21511 W BugleRcsEngine: [925] pyv.a: Service with meta data key: JibeServiceApiVersions is not compatible. Service Version 1 is not supported. Supported versions: []
06-28 10:03:52.322 19840 21511 I BugleRcsEngine: [925] pyv.b: Not using CS JibeService because it is not compatible with AM.
06-28 10:03:52.329 21455 21455 I BugleRcsEngine: [2] ProvisioningEventReceiver.onReceive: Received Provisioning Event: [Bugle information (100)]
06-28 10:03:52.329 21455 21455 I BugleRcsEngine: [2] ProvisioningEventReceiver.onReceive: JibeService is not running
06-28 10:03:52.330 21455 21455 W BugleRcsEngine: [2] ProvisioningEventReceiver.onReceive: Event is not a valid user action. Discarding it.
06-28 10:03:52.342 19840 21511 W BugleRcsEngine: [925] pyv.a: Carrier Services Apk was not found.
06-28 10:03:52.342 19840 21511 I BugleRcsEngine: [925] pyv.a: Cannot get service version because CS.apk was not found, not pre-loaded or disabled.
06-28 10:03:52.343 19840 21511 W BugleRcsEngine: [925] pyv.a: Service with meta data key: JibeServiceApiVersions is not compatible. Service Version 1 is not supported. Supported versions: []
06-28 10:03:52.343 19840 21511 I BugleRcsEngine: [925] pyv.b: Not using CS JibeService because it is not compatible with AM.
06-28 10:03:52.535 19569 20355 W ResourceType: ResTable_typeSpec entry count inconsistent: given 5115, previously 5124
06-28 10:03:52.535 19569 20355 W ResourceType: ResTable_typeSpec entry count inconsistent: given 142, previously 459
06-28 10:03:52.735 19569 20355 I Icing   : Usage reports ok 1, Failed Usage reports 0, indexed 0, rejected 0
06-28 10:03:52.894 19500 21230 W ThreadPoolDumper: Task [seq: ao] z[maybeDisconnect] was queued for 1463ms before starting on executor Blocking
06-28 10:03:52.921 19569 20355 I Icing   : Usage reports ok 0, Failed Usage reports 0, indexed 0, rejected 0
06-28 10:03:53.372 19500 19980 W SearchServiceCore: Abort, client detached.
06-28 10:03:53.415  1603  6820 I ActivityManager: Killing 20908:com.google.android.apps.docs/u0a54 (adj 906): empty #17
06-28 10:03:53.416  1603  1619 W zygote  : kill(-20908, 9) failed: No such process
06-28 10:03:53.463  1603  1619 I chatty  : uid=1000(system) ActivityManager identical 1 line
06-28 10:03:53.516  1603  1619 W zygote  : kill(-20908, 9) failed: No such process
06-28 10:03:53.516  1603  1619 I zygote  : Successfully killed process cgroup uid 10054 pid 20908 in 100ms
06-28 10:03:53.596 19546 21497 I PTCommittedOperation: Receive new configuration for com.google.android.gms.icing.mdh
06-28 10:03:53.607 19569 21523 W ModuleInitIntentOp: Dropping unexpected action com.google.android.gms.phenotype.COMMITTED
06-28 10:03:53.657 19569 21523 I MobileDataHub: Scheduling periodic tasks
06-28 10:03:53.787  1603  7712 I WifiService: acquireWifiLock uid=10014 lockMode=2
06-28 10:03:54.000  1603  3880 I WifiService: releaseWifiLock uid=10014
06-28 10:03:54.179 19546 19546 W ChimeraUtils: Non Chimera context
06-28 10:03:54.179 19546 19546 W ChimeraUtils: Non Chimera context
06-28 10:03:54.210 19546 19546 I GeofencerStateMachine: sendNewLocationAvailability: availability=LocationAvailability[isLocationAvailable: true]
06-28 10:03:54.305 19569 19574 I zygote  : Do full code cache collection, code=1012KB, data=666KB
06-28 10:03:54.306 19569 19574 I zygote  : After code cache collection, code=910KB, data=557KB
06-28 10:03:54.466 19569 21531 W ModuleInitIntentOp: Dropping unexpected action com.google.android.gms.phenotype.COMMITTED
06-28 10:03:54.508 19546 21436 I PTCommittedOperation: Receive new configuration for com.google.android.gms.herrevad
06-28 10:03:54.677  1393  1565 W audio_hw_generic: Not supplying enough data to HAL, expected position 103809229 , only wrote 103543920
06-28 10:03:54.900 19569 21523 W ModuleInitIntentOp: Dropping unexpected action com.google.android.gms.phenotype.COMMITTED
06-28 10:03:55.125 19546 21442 W WakeLock: wake:CollectionChimeraSvc counter does not exist
06-28 10:03:55.161 19546 21493 I PTCommittedOperation: Receive new configuration for com.google.android.gms.thunderbird
06-28 10:03:55.181 19546 19895 I GeofencerStateMachine: addGeofences called by com.google.android.apps.maps
06-28 10:03:55.372 19546 19546 I GeofencerStateMachine: sendNewLocationAvailability: availability=LocationAvailability[isLocationAvailable: true]
06-28 10:03:55.401  1603  7712 I GnssLocationProvider: WakeLock acquired by sendMessage(SET_REQUEST, 0, com.android.server.location.GnssLocationProvider$GpsRequest@f807138)
06-28 10:03:55.402  1603  1616 I GnssLocationProvider: WakeLock released by handleMessage(SET_REQUEST, 0, com.android.server.location.GnssLocationProvider$GpsRequest@f807138)
06-28 10:03:55.504  1603  5056 I WifiService: getWifiEnabledState uid=10062
06-28 10:03:55.626  1603  7712 I GnssLocationProvider: WakeLock acquired by sendMessage(SET_REQUEST, 0, com.android.server.location.GnssLocationProvider$GpsRequest@b55514d)
06-28 10:03:55.629  1603  1616 I GnssLocationProvider: WakeLock released by handleMessage(SET_REQUEST, 0, com.android.server.location.GnssLocationProvider$GpsRequest@b55514d)
06-28 10:03:55.997 19678 19692 I zygote  : Waiting for a blocking GC ProfileSaver
06-28 10:03:56.023 19678 19692 I zygote  : WaitForGcToComplete blocked ProfileSaver on HeapTrim for 25.982ms
06-28 10:03:56.093 19546 19546 I GeofencerStateMachine: sendNewLocationAvailability: availability=LocationAvailability[isLocationAvailable: true]
06-28 10:03:56.145 19546 19546 I GeofencerStateMachine: sendNewLocationAvailability: availability=LocationAvailability[isLocationAvailable: true]
06-28 10:03:56.168 19546 21442 I NetRec  : [1109] alff.a: Refreshing scores for 1 networks.
06-28 10:03:56.357 19546 19556 I zygote  : Background concurrent copying GC freed 129229(6MB) AllocSpace objects, 20(844KB) LOS objects, 35% free, 10MB/16MB, paused 1.551ms total 1.004s
06-28 10:03:56.620  1603  1612 I zygote  : Background concurrent copying GC freed 25043(1663KB) AllocSpace objects, 0(0B) LOS objects, 26% free, 16MB/22MB, paused 1.220ms total 510.532ms
06-28 10:03:56.686 19546 21001 I Places  : Converted 1 out of 1 WiFi scans
06-28 10:03:56.691  1603  5056 I WifiService: getConnectionInfo uid=10014
06-28 10:03:56.725 19546 19546 I GeofencerStateMachine: sendNewTransitions called.
06-28 10:03:56.803 19546 19603 W ResourceType: ResTable_typeSpec entry count inconsistent: given 15, previously 22
06-28 10:03:56.924 19546 21444 E PhenotypeFlagCommitter: Retrieving snapshot for com.google.android.gms.autofill failed
06-28 10:03:56.924 19546 21444 E PhenotypeFlagCommitter: java.util.concurrent.TimeoutException: Timed out waiting for Task
06-28 10:03:56.924 19546 21444 E PhenotypeFlagCommitter: 	at avgu.a(:com.google.android.gms@17785022@17.7.85 (040700-253824076):19)
06-28 10:03:56.924 19546 21444 E PhenotypeFlagCommitter: 	at aodk.a(:com.google.android.gms@17785022@17.7.85 (040700-253824076):2)
06-28 10:03:56.924 19546 21444 E PhenotypeFlagCommitter: 	at aodk.a(:com.google.android.gms@17785022@17.7.85 (040700-253824076):19)
06-28 10:03:56.924 19546 21444 E PhenotypeFlagCommitter: 	at aodk.a(:com.google.android.gms@17785022@17.7.85 (040700-253824076):31)
06-28 10:03:56.924 19546 21444 E PhenotypeFlagCommitter: 	at rts.a(:com.google.android.gms@17785022@17.7.85 (040700-253824076):7)
06-28 10:03:56.924 19546 21444 E PhenotypeFlagCommitter: 	at com.google.android.gms.common.config.PhenotypeUpdateOperation.onHandleIntent(:com.google.android.gms@17785022@17.7.85 (040700-253824076):12)
06-28 10:03:56.924 19546 21444 E PhenotypeFlagCommitter: 	at com.google.android.chimera.IntentOperation.onHandleIntent(:com.google.android.gms@17785022@17.7.85 (040700-253824076):2)
06-28 10:03:56.924 19546 21444 E PhenotypeFlagCommitter: 	at qmh.onHandleIntent(:com.google.android.gms@17785022@17.7.85 (040700-253824076):4)
06-28 10:03:56.924 19546 21444 E PhenotypeFlagCommitter: 	at efy.run(:com.google.android.gms@17785022@17.7.85 (040700-253824076):10)
06-28 10:03:56.924 19546 21444 E PhenotypeFlagCommitter: 	at efx.run(:com.google.android.gms@17785022@17.7.85 (040700-253824076):9)
06-28 10:03:56.924 19546 21444 E PhenotypeFlagCommitter: 	at java.util.concurrent.ThreadPoolExecutor.runWorker(ThreadPoolExecutor.java:1162)
06-28 10:03:56.924 19546 21444 E PhenotypeFlagCommitter: 	at java.util.concurrent.ThreadPoolExecutor$Worker.run(ThreadPoolExecutor.java:636)
06-28 10:03:56.924 19546 21444 E PhenotypeFlagCommitter: 	at java.lang.Thread.run(Thread.java:764)
06-28 10:03:57.113 19546 19763 E NetRec  : [888] alcj.a: Could not retrieve server token for package com.google.android.apps.gcs
06-28 10:03:57.113 19546 19763 E NetRec  : java.util.concurrent.TimeoutException: Timed out waiting for Task
06-28 10:03:57.113 19546 19763 E NetRec  : 	at avgu.a(:com.google.android.gms@17785022@17.7.85 (040700-253824076):19)
06-28 10:03:57.113 19546 19763 E NetRec  : 	at alcj.a(:com.google.android.gms@17785022@17.7.85 (040700-253824076):1)
06-28 10:03:57.113 19546 19763 E NetRec  : 	at alcj.a(:com.google.android.gms@17785022@17.7.85 (040700-253824076):4)
06-28 10:03:57.113 19546 19763 E NetRec  : 	at alce.getHeaders(:com.google.android.gms@17785022@17.7.85 (040700-253824076):2)
06-28 10:03:57.113 19546 19763 E NetRec  : 	at com.android.volley.toolbox.HttpClientStack.performRequest(:com.google.android.gms@17785022@17.7.85 (040700-253824076):9)
06-28 10:03:57.113 19546 19763 E NetRec  : 	at sjg.performRequest(:com.google.android.gms@17785022@17.7.85 (040700-253824076):1)
06-28 10:03:57.113 19546 19763 E NetRec  : 	at byj.executeRequest(:com.google.android.gms@17785022@17.7.85 (040700-253824076):1)
06-28 10:03:57.113 19546 19763 E NetRec  : 	at com.android.volley.toolbox.BasicNetwork.performRequest(:com.google.android.gms@17785022@17.7.85 (040700-253824076):5)
06-28 10:03:57.113 19546 19763 E NetRec  : 	at sjj.performRequest(:com.google.android.gms@17785022@17.7.85 (040700-253824076):13)
06-28 10:03:57.113 19546 19763 E NetRec  : 	at com.android.volley.NetworkDispatcher.a(:com.google.android.gms@17785022@17.7.85 (040700-253824076):7)
06-28 10:03:57.113 19546 19763 E NetRec  : 	at com.android.volley.NetworkDispatcher.run(:com.google.android.gms@17785022@17.7.85 (040700-253824076):2)
06-28 10:03:57.113 19546 19763 W NetRec  : [888] alcj.a: No server tokens extracted.
06-28 10:03:57.307 19546 19763 W Conscrypt: Could not set socket write timeout: java.net.SocketException: Socket closed
06-28 10:03:57.307 19546 19763 W Conscrypt: 	at com.google.android.gms.org.conscrypt.Platform.setSocketWriteTimeout(:com.google.android.gms@17785022@17.7.85 (040700-253824076):2)
06-28 10:03:57.307 19546 19763 W Conscrypt: 	at com.google.android.gms.org.conscrypt.ConscryptFileDescriptorSocket.setSoWriteTimeout(:com.google.android.gms@17785022@17.7.85 (040700-253824076):2)
06-28 10:03:57.369 19546 19603 E aofp    : Phenotype API error. Event # bybz@127bcf80, EventCode: 12 [CONTEXT service_id=51 ]
06-28 10:03:57.369 19546 19603 E aofp    : aoeg: 29503
06-28 10:03:57.369 19546 19603 E aofp    : 	at aofv.b(:com.google.android.gms@17785022@17.7.85 (040700-253824076):23)
06-28 10:03:57.369 19546 19603 E aofp    : 	at aofp.a(:com.google.android.gms@17785022@17.7.85 (040700-253824076):92)
06-28 10:03:57.369 19546 19603 E aofp    : 	at aofp.a(:com.google.android.gms@17785022@17.7.85 (040700-253824076):79)
06-28 10:03:57.369 19546 19603 E aofp    : 	at aale.run(:com.google.android.gms@17785022@17.7.85 (040700-253824076):19)
06-28 10:03:57.369 19546 19603 E aofp    : 	at bkdz.run(:com.google.android.gms@17785022@17.7.85 (040700-253824076):2)
06-28 10:03:57.369 19546 19603 E aofp    : 	at squ.b(:com.google.android.gms@17785022@17.7.85 (040700-253824076):37)
06-28 10:03:57.369 19546 19603 E aofp    : 	at squ.run(:com.google.android.gms@17785022@17.7.85 (040700-253824076):18)
06-28 10:03:57.369 19546 19603 E aofp    : 	at java.util.concurrent.ThreadPoolExecutor.runWorker(ThreadPoolExecutor.java:1162)
06-28 10:03:57.369 19546 19603 E aofp    : 	at java.util.concurrent.ThreadPoolExecutor$Worker.run(ThreadPoolExecutor.java:636)
06-28 10:03:57.369 19546 19603 E aofp    : 	at swz.run(Unknown Source:7)
06-28 10:03:57.369 19546 19603 E aofp    : 	at java.lang.Thread.run(Thread.java:764)
06-28 10:03:57.389 19546 19603 E AsyncOperation: serviceID=51, operation=GetCommittedConfigurationOperationCall
06-28 10:03:57.389 19546 19603 E AsyncOperation: OperationException[Status{statusCode=unknown status code: 29503, resolution=null}]
06-28 10:03:57.389 19546 19603 E AsyncOperation: 	at aofp.a(:com.google.android.gms@17785022@17.7.85 (040700-253824076):100)
06-28 10:03:57.389 19546 19603 E AsyncOperation: 	at aofp.a(:com.google.android.gms@17785022@17.7.85 (040700-253824076):79)
06-28 10:03:57.389 19546 19603 E AsyncOperation: 	at aale.run(:com.google.android.gms@17785022@17.7.85 (040700-253824076):19)
06-28 10:03:57.389 19546 19603 E AsyncOperation: 	at bkdz.run(:com.google.android.gms@17785022@17.7.85 (040700-253824076):2)
06-28 10:03:57.389 19546 19603 E AsyncOperation: 	at squ.b(:com.google.android.gms@17785022@17.7.85 (040700-253824076):37)
06-28 10:03:57.389 19546 19603 E AsyncOperation: 	at squ.run(:com.google.android.gms@17785022@17.7.85 (040700-253824076):18)
06-28 10:03:57.389 19546 19603 E AsyncOperation: 	at java.util.concurrent.ThreadPoolExecutor.runWorker(ThreadPoolExecutor.java:1162)
06-28 10:03:57.389 19546 19603 E AsyncOperation: 	at java.util.concurrent.ThreadPoolExecutor$Worker.run(ThreadPoolExecutor.java:636)
06-28 10:03:57.389 19546 19603 E AsyncOperation: 	at swz.run(Unknown Source:7)
06-28 10:03:57.389 19546 19603 E AsyncOperation: 	at java.lang.Thread.run(Thread.java:764)
06-28 10:03:57.402 19546 19763 W Conscrypt: Could not set socket write timeout: java.net.SocketException: Socket closed
06-28 10:03:57.402 19546 19763 W Conscrypt: 	at com.google.android.gms.org.conscrypt.Platform.setSocketWriteTimeout(:com.google.android.gms@17785022@17.7.85 (040700-253824076):2)
06-28 10:03:57.403 19546 19763 W Conscrypt: 	at com.google.android.gms.org.conscrypt.ConscryptFileDescriptorSocket.setSoWriteTimeout(:com.google.android.gms@17785022@17.7.85 (040700-253824076):2)
06-28 10:03:57.501 19546 19551 I zygote  : Compiler allocated 4MB to compile void raz.a(android.content.Context)
06-28 10:03:57.624 19546 19605 W GLSUser : [AppCertManager] IOException while requesting key: 
06-28 10:03:57.624 19546 19605 W GLSUser : java.io.IOException: Invalid device key response.
06-28 10:03:57.624 19546 19605 W GLSUser : 	at imb.a(:com.google.android.gms@17785022@17.7.85 (040700-253824076):48)
06-28 10:03:57.624 19546 19605 W GLSUser : 	at ima.a(:com.google.android.gms@17785022@17.7.85 (040700-253824076):13)
06-28 10:03:57.624 19546 19605 W GLSUser : 	at ilw.a(Unknown Source:0)
06-28 10:03:57.624 19546 19605 W GLSUser : 	at ilt.a(:com.google.android.gms@17785022@17.7.85 (040700-253824076):8)
06-28 10:03:57.624 19546 19605 W GLSUser : 	at hjl.call(:com.google.android.gms@17785022@17.7.85 (040700-253824076):7)
06-28 10:03:57.624 19546 19605 W GLSUser : 	at java.util.concurrent.FutureTask.run(FutureTask.java:266)
06-28 10:03:57.624 19546 19605 W GLSUser : 	at squ.b(:com.google.android.gms@17785022@17.7.85 (040700-253824076):37)
06-28 10:03:57.624 19546 19605 W GLSUser : 	at squ.run(:com.google.android.gms@17785022@17.7.85 (040700-253824076):21)
06-28 10:03:57.624 19546 19605 W GLSUser : 	at java.util.concurrent.ThreadPoolExecutor.runWorker(ThreadPoolExecutor.java:1162)
06-28 10:03:57.624 19546 19605 W GLSUser : 	at java.util.concurrent.ThreadPoolExecutor$Worker.run(ThreadPoolExecutor.java:636)
06-28 10:03:57.624 19546 19605 W GLSUser : 	at swz.run(Unknown Source:7)
06-28 10:03:57.624 19546 19605 W GLSUser : 	at java.lang.Thread.run(Thread.java:764)
06-28 10:03:57.901 19546 19763 I zygote  : Deoptimizing int bvoz.a(java.lang.Object, byte[], int, int, int, int, int, int, long, int, long, bvlc) due to JIT inline cache
06-28 10:03:57.924 19569 21523 W ModuleInitIntentOp: Dropping unexpected action com.google.android.gms.phenotype.COMMITTED
06-28 10:03:57.937 19546 21537 I PTCommittedOperation: Receive new configuration for com.google.android.gms.kids
06-28 10:03:58.163 19546 21442 I NetRec  : [1109] NetRecChimeraGcmTaskService.a: Completed rapid_refresh_scores_task score refresh task in 2336 ms, returning 0
06-28 10:03:58.319 19569 21523 W ModuleInitIntentOp: Dropping unexpected action com.google.android.gms.phenotype.COMMITTED
06-28 10:03:58.383 19546 21436 I PTCommittedOperation: Receive new configuration for com.google.android.gms.icing
06-28 10:03:58.458 19569 21522 I MobileDataHub: Scheduling periodic tasks
06-28 10:03:59.138 19569 20355 E cddv    : *~*~*~ Channel {0} was not shutdown properly!!! ~*~*~*
06-28 10:03:59.138 19569 20355 E cddv    :     Make sure to call shutdown()/shutdownNow() and wait until awaitTermination() returns true.
06-28 10:03:59.138 19569 20355 E cddv    : java.lang.RuntimeException: ManagedChannel allocation site
06-28 10:03:59.138 19569 20355 E cddv    : 	at cddy.<init>(:com.google.android.gms@17785022@17.7.85 (040700-253824076):1)
06-28 10:03:59.138 19569 20355 E cddv    : 	at cddv.<init>(:com.google.android.gms@17785022@17.7.85 (040700-253824076):2)
06-28 10:03:59.138 19569 20355 E cddv    : 	at ccwm.b(:com.google.android.gms@17785022@17.7.85 (040700-253824076):14)
06-28 10:03:59.138 19569 20355 E cddv    : 	at sje.a(:com.google.android.gms@17785022@17.7.85 (040700-253824076):44)
06-28 10:03:59.138 19569 20355 E cddv    : 	at sje.a(:com.google.android.gms@17785022@17.7.85 (040700-253824076):66)
06-28 10:03:59.138 19569 20355 E cddv    : 	at awkt.a(:com.google.android.gms@17785022@17.7.85 (040700-253824076):43)
06-28 10:03:59.138 19569 20355 E cddv    : 	at com.google.android.gms.udc.service.UdcContextInitChimeraService.a(:com.google.android.gms@17785022@17.7.85 (040700-253824076):127)
06-28 10:03:59.138 19569 20355 E cddv    : 	at aezd.run(:com.google.android.gms@17785022@17.7.85 (040700-253824076):5)
06-28 10:03:59.138 19569 20355 E cddv    : 	at squ.b(:com.google.android.gms@17785022@17.7.85 (040700-253824076):37)
06-28 10:03:59.138 19569 20355 E cddv    : 	at squ.run(:com.google.android.gms@17785022@17.7.85 (040700-253824076):21)
06-28 10:03:59.138 19569 20355 E cddv    : 	at java.util.concurrent.ThreadPoolExecutor.runWorker(ThreadPoolExecutor.java:1162)
06-28 10:03:59.138 19569 20355 E cddv    : 	at java.util.concurrent.ThreadPoolExecutor$Worker.run(ThreadPoolExecutor.java:636)
06-28 10:03:59.138 19569 20355 E cddv    : 	at swz.run(Unknown Source:7)
06-28 10:03:59.138 19569 20355 E cddv    : 	at java.lang.Thread.run(Thread.java:764)
06-28 10:03:59.208 19569 21522 W ModuleInitIntentOp: Dropping unexpected action com.google.android.gms.phenotype.COMMITTED
06-28 10:03:59.218 19546 21436 I PTCommittedOperation: Receive new configuration for com.google.android.location
06-28 10:03:59.336 19546 19868 W GLSUser : [DeviceKeyStore] Cannot load key: Device key file not found.
06-28 10:03:59.338 19546 19868 W GLSUser : [DeviceKeyStore] Cannot load key: Device key file not found.
06-28 10:03:59.475 19569 21541 W Conscrypt: Could not set socket write timeout: java.net.SocketException: Socket closed
06-28 10:03:59.475 19569 21541 W Conscrypt: 	at com.google.android.gms.org.conscrypt.Platform.setSocketWriteTimeout(:com.google.android.gms@17785022@17.7.85 (040700-253824076):2)
06-28 10:03:59.475 19569 21541 W Conscrypt: 	at com.google.android.gms.org.conscrypt.ConscryptFileDescriptorSocket.setSoWriteTimeout(:com.google.android.gms@17785022@17.7.85 (040700-253824076):2)
06-28 10:03:59.566 19569 21541 W Conscrypt: Could not set socket write timeout: java.net.SocketException: Socket closed
06-28 10:03:59.566 19569 21541 W Conscrypt: 	at com.google.android.gms.org.conscrypt.Platform.setSocketWriteTimeout(:com.google.android.gms@17785022@17.7.85 (040700-253824076):2)
06-28 10:03:59.566 19569 21541 W Conscrypt: 	at com.google.android.gms.org.conscrypt.ConscryptFileDescriptorSocket.setSoWriteTimeout(:com.google.android.gms@17785022@17.7.85 (040700-253824076):2)
06-28 10:04:00.006 12507 12507 D net.osmand: RoutingHelper Processed point bearing deltas : 115.93190002441406 24.369813919067383
06-28 10:04:00.442 19546 19556 I zygote  : Background concurrent copying GC freed 113662(5MB) AllocSpace objects, 13(512KB) LOS objects, 36% free, 10MB/16MB, paused 1.409ms total 549.918ms
06-28 10:04:00.478 19546 19559 I GeofencerStateMachine: addGeofences called by com.google.android.apps.maps
06-28 10:04:00.527 19546 21422 I zygote  : Deoptimizing void raz.a(android.content.Context) due to JIT inline cache
06-28 10:04:01.140 19546 19595 W ResourceType: ResTable_typeSpec entry count inconsistent: given 15, previously 22
06-28 10:04:01.228 19569 21526 W ModuleInitIntentOp: Dropping unexpected action com.google.android.gms.phenotype.COMMITTED
06-28 10:04:01.249 19546 21493 I PTCommittedOperation: Receive new configuration for com.google.android.gms.nearby
06-28 10:04:01.615 19546 19546 E BluetoothAdapter: Bluetooth binder is null
06-28 10:04:01.660 19546 19546 I chatty  : uid=10014 com.google.android.gms.persistent identical 10 lines
06-28 10:04:01.660 19546 19546 E BluetoothAdapter: Bluetooth binder is null
06-28 10:04:01.969 19569 21523 W ModuleInitIntentOp: Dropping unexpected action com.google.android.gms.phenotype.COMMITTED
06-28 10:04:01.985 19546 21501 I PTCommittedOperation: Receive new configuration for com.google.android.gms.gcm
06-28 10:04:02.113 19546 19551 I zygote  : Compiler allocated 4MB to compile void raz.a(android.content.Context)
06-28 10:04:02.194 19569 21529 W ModuleInitIntentOp: Dropping unexpected action com.google.android.gms.phenotype.COMMITTED
06-28 10:04:02.200 19546 21436 I PTCommittedOperation: Receive new configuration for com.google.android.gms.udc
06-28 10:04:02.346 19569 21549 I UdcContextInitChimeraSe: Scheduling UDC periodic settings cache sync.
06-28 10:04:02.379 19546 21493 I PTCommittedOperation: Receive new configuration for com.google.android.gms.feedback
06-28 10:04:02.464 19569 21523 W ModuleInitIntentOp: Dropping unexpected action com.google.android.gms.phenotype.COMMITTED
06-28 10:04:02.661 19569 21526 W ModuleInitIntentOp: Dropping unexpected action com.google.android.gms.phenotype.COMMITTED
06-28 10:04:02.691 19546 21444 I PTCommittedOperation: Receive new configuration for com.google.android.gms.matchstick
06-28 10:04:03.064 19546 19556 I zygote  : Background concurrent copying GC freed 104449(5MB) AllocSpace objects, 20(772KB) LOS objects, 34% free, 11MB/17MB, paused 1.169ms total 547.902ms
06-28 10:04:03.166 19569 21526 W ModuleInitIntentOp: Dropping unexpected action com.google.android.gms.phenotype.COMMITTED
06-28 10:04:03.178 19546 21436 I PTCommittedOperation: Receive new configuration for com.google.android.gms.instantapps
06-28 10:04:03.366  1603  1616 E memtrack: Couldn't load memtrack module
06-28 10:04:03.366  1603  1616 W android.os.Debug: failed to get memory consumption info: -1
06-28 10:04:03.377 19569 21526 W ModuleInitIntentOp: Dropping unexpected action com.google.android.gms.phenotype.COMMITTED
06-28 10:04:03.400 19546 21553 I PTCommittedOperation: Receive new configuration for com.google.android.gms.fitness
06-28 10:04:03.409 19500 19980 I WorkerManager: dispose()
06-28 10:04:03.411 19500 19980 W ThreadPoolDumper: Queue length for executor EventBus is now 11. Perhaps some tasks are too long, or the pool is too small.
06-28 10:04:03.632 19569 21555 W ModuleInitIntentOp: Dropping unexpected action com.google.android.gms.phenotype.COMMITTED
06-28 10:04:03.644 19546 21436 I PTCommittedOperation: Receive new configuration for com.google.android.gms.octarine
06-28 10:04:03.981 19569 19579 I zygote  : Background concurrent copying GC freed 111691(5MB) AllocSpace objects, 5(292KB) LOS objects, 40% free, 8MB/14MB, paused 2.477ms total 346.428ms
06-28 10:04:04.009 19569 21554 W ModuleInitIntentOp: Dropping unexpected action com.google.android.gms.phenotype.COMMITTED
06-28 10:04:04.030 19546 21535 I PTCommittedOperation: Receive new configuration for com.google.android.gms.googlehelp
06-28 10:04:04.462 19569 21554 W ModuleInitIntentOp: Dropping unexpected action com.google.android.gms.phenotype.COMMITTED
06-28 10:04:04.483 19546 21436 I PTCommittedOperation: Receive new configuration for com.google.android.gms.mobile_data_plan
06-28 10:04:04.735 19546 21535 I PTCommittedOperation: Receive new configuration for com.google.android.gms.auth_account
06-28 10:04:04.749 19569 21548 W ModuleInitIntentOp: Dropping unexpected action com.google.android.gms.phenotype.COMMITTED
06-28 10:04:04.954 19546 21553 I PTCommittedOperation: Receive new configuration for com.google.android.gms.update
06-28 10:04:05.005 19569 21549 W ModuleInitIntentOp: Dropping unexpected action com.google.android.gms.phenotype.COMMITTED
06-28 10:04:05.013 19569 21529 I SystemUpdate: [Installation,ReceiverIntentOperation] Received intent: Intent { act=com.google.android.gms.phenotype.COMMITTED flg=0x10 pkg=com.google.android.gms cmp=com.google.android.gms/.chimera.GmsIntentOperationService (has extras) }.
06-28 10:04:05.151 19569 21556 I SystemUpdate: [Execution,InstallationEventIntentOperation] Handling event of type 2.
06-28 10:04:05.157 19569 21549 I SystemUpdate: [Execution,InstallationIntentOperation] Received intent: Intent { act=com.google.android.gms.update.INSTALL_UPDATE cat=[targeted_intent_op_prefix:.update.execution.InstallationIntentOperation] cmp=com.google.android.gms/.chimera.GmsIntentOperationService }.
06-28 10:04:05.180 19569 21549 I SystemUpdate: [Execution,ExecutionManager] Action finished-execution executed for 0.00 seconds.
06-28 10:04:05.216 19569 21547 W ModuleInitIntentOp: Dropping unexpected action com.google.android.gms.phenotype.COMMITTED
06-28 10:04:05.221 19546 21553 I PTCommittedOperation: Receive new configuration for com.google.android.gms.wallet
06-28 10:04:05.423 19546 21550 I PTCommittedOperation: Receive new configuration for com.google.android.gms.icing.mdd
06-28 10:04:05.433 19569 21547 W ModuleInitIntentOp: Dropping unexpected action com.google.android.gms.phenotype.COMMITTED
06-28 10:04:05.791 19546 21436 I PTCommittedOperation: Receive new configuration for com.google.android.gms.car
06-28 10:04:05.967 19546 19556 I zygote  : Background concurrent copying GC freed 110845(6MB) AllocSpace objects, 23(492KB) LOS objects, 35% free, 10MB/16MB, paused 2.109ms total 388.194ms
06-28 10:04:06.024 19569 21547 W ModuleInitIntentOp: Dropping unexpected action com.google.android.gms.phenotype.COMMITTED
06-28 10:04:06.025 19569 21549 D CAR.SETUP: Received Car Phenotype committed intent.
06-28 10:04:06.084 19546 21550 I PTCommittedOperation: Receive new configuration for com.google.android.gms.ocr
06-28 10:04:06.091 19569 21549 I CAR.SETUP: update Car DrivingMode components to false
06-28 10:04:06.151 19569 21555 W ModuleInitIntentOp: Dropping unexpected action com.google.android.gms.phenotype.COMMITTED
06-28 10:04:06.211 19569 21555 I OcrModelUpStIntentOp: Updating ocr activity enabled=true (phenotypeFlag=true, lowRamDevice=false, prereqCheck=true)
06-28 10:04:06.296 19546 21436 I PTCommittedOperation: Receive new configuration for com.google.android.gms.setupservices
06-28 10:04:06.367 19569 21555 I OcrModelUpStIntentOp: Downloading text recognizer
06-28 10:04:06.386 19569 21554 W ModuleInitIntentOp: Dropping unexpected action com.google.android.gms.phenotype.COMMITTED
06-28 10:04:06.491 19569 21547 I Vision  : Details: ocr_x86.zip, ff3dcfd5e3828224849fbeffe1ed2e71a7ad3400
06-28 10:04:06.492 19569 21547 I Vision  : Engine already satisfied by existing download for ocr
06-28 10:04:06.507 19546 21444 I PTCommittedOperation: Receive new configuration for com.google.android.gms.auth_cryptauth
06-28 10:04:06.556 19569 21522 W ModuleInitIntentOp: Dropping unexpected action com.google.android.gms.phenotype.COMMITTED
06-28 10:04:06.873 19500 21230 E GmsContextObserver: Received context data while not listening
06-28 10:04:06.896 19500 21230 E GmsContextObserver: Received context data while not listening
06-28 10:04:06.902  1603  1616 E memtrack: Couldn't load memtrack module
06-28 10:04:06.902  1603  1616 W android.os.Debug: failed to get memory consumption info: -1
06-28 10:04:06.920 19546 21553 I PTCommittedOperation: Receive new configuration for com.google.android.metrics
06-28 10:04:06.946 19569 21529 W ModuleInitIntentOp: Dropping unexpected action com.google.android.gms.phenotype.COMMITTED
06-28 10:04:07.208 19569 19574 I zygote  : Do partial code cache collection, code=943KB, data=594KB
06-28 10:04:07.241 19569 19574 I zygote  : After code cache collection, code=943KB, data=594KB
06-28 10:04:07.241 19569 19574 I zygote  : Increasing code cache capacity to 3MB
06-28 10:04:07.308 19569 21547 W ModuleInitIntentOp: Dropping unexpected action com.google.android.gms.phenotype.COMMITTED
06-28 10:04:07.320 19546 21493 I PTCommittedOperation: Receive new configuration for com.google.android.gms.auth_managed
06-28 10:04:07.445  1603  1612 I zygote  : Background concurrent copying GC freed 45402(2MB) AllocSpace objects, 4(208KB) LOS objects, 26% free, 16MB/22MB, paused 2.042ms total 745.262ms
06-28 10:04:07.638 19569 21529 W ModuleInitIntentOp: Dropping unexpected action com.google.android.gms.phenotype.COMMITTED
06-28 10:04:07.679 19546 21493 I PTCommittedOperation: Receive new configuration for com.google.android.gms.measurement
06-28 10:04:07.960 19546 21564 I FA-SVC  : App measurement is starting up, version: 17785
06-28 10:04:08.017 19569 21549 W ModuleInitIntentOp: Dropping unexpected action com.google.android.gms.phenotype.COMMITTED
06-28 10:04:08.051 19546 21553 I PTCommittedOperation: Receive new configuration for com.google.android.gms
06-28 10:04:08.052 19546 21553 I PTCommittedOperation: Running Fixer Framework for com.google.android.gms
06-28 10:04:08.191 19546 21553 I DeviceDrDatabaseHelper: Upgrade database: oldVersion=17455 newVersion=17785
06-28 10:04:08.266 19569 21522 W ModuleInitIntentOp: Dropping unexpected action com.google.android.gms.phenotype.COMMITTED
06-28 10:04:08.396 19546 21550 I PTCommittedOperation: Receive new configuration for com.google.android.gms.fido
06-28 10:04:08.447 19546 19546 I Fido    : [CableAuthenticatorChimeraService] Unregistering receiver.
06-28 10:04:08.451 19546 19546 I Fido    : [CableAuthenticatorChimeraService] Registering broadcast receiver.
06-28 10:04:08.615 19569 21556 W ModuleInitIntentOp: Dropping unexpected action com.google.android.gms.phenotype.COMMITTED
06-28 10:04:08.636 19546 21444 I PTCommittedOperation: Receive new configuration for com.google.android.gms.contactinteractions
06-28 10:04:08.906 19569 21549 W ModuleInitIntentOp: Dropping unexpected action com.google.android.gms.phenotype.COMMITTED
06-28 10:04:08.922 19546 21551 I PTCommittedOperation: Receive new configuration for com.google.android.gms.reachability
06-28 10:04:09.033 19569 21547 W ModuleInitIntentOp: Dropping unexpected action com.google.android.gms.phenotype.COMMITTED
06-28 10:04:09.060 19546 21553 I PTCommittedOperation: Receive new configuration for com.google.android.gms.admob
06-28 10:04:09.137 19569 21548 W ModuleInitIntentOp: Dropping unexpected action com.google.android.gms.phenotype.COMMITTED
06-28 10:04:09.147 19546 21493 I PTCommittedOperation: Receive new configuration for com.google.android.gms.droidguard
06-28 10:04:09.250 19569 21549 W ModuleInitIntentOp: Dropping unexpected action com.google.android.gms.phenotype.COMMITTED
06-28 10:04:09.268 19546 21553 I PTCommittedOperation: Receive new configuration for com.google.android.gms.smartdevice
06-28 10:04:09.427 19546 19556 I zygote  : Background concurrent copying GC freed 120493(5MB) AllocSpace objects, 21(584KB) LOS objects, 37% free, 9MB/15MB, paused 936us total 101.417ms
06-28 10:04:09.800 12507 12507 I net.osmand: TTSCommandPlayerImpl Send message to pebble vire  direita para   Rua Cardoso Vieira 
06-28 10:04:09.800 12507 12507 D net.osmand: AbstractPrologCommandPlayer requestAudioFocus
06-28 10:04:09.800 12507 12507 W AudioManager: Use of stream types is deprecated for operations other than volume control
06-28 10:04:09.800 12507 12507 W AudioManager: See the documentation of requestAudioFocus() for what to use instead with android.media.AudioAttributes to qualify your playback use case
06-28 10:04:09.802  1603  4070 I MediaFocusControl: requestAudioFocus() from uid/pid 10104/12507 clientId=android.media.AudioManager@9a87ae1net.osmand.plus.api.AudioFocusHelperImpl@7e799a0 callingPack=net.osmand req=3 flags=0x0 sdk=26
06-28 10:04:09.807 12507 12507 D net.osmand: TTSCommandPlayerImpl ttsRequests=1
06-28 10:04:09.810 12744 12795 I TTS.GoogleTTSServiceImp: Synthesis request for locale por-BRA and name pt-BR-language
06-28 10:04:09.812 12744 12795 I TTS.GoogleTTSServiceImp: TTS dispatch: pt-br-x-afs-lstm-embedded
06-28 10:04:09.856 12744 12797 D AudioTrack: Client defaulted notificationFrames to 1365 for frameCount 4096
06-28 10:04:09.885  1603  4070 V MediaRouterService: restoreBluetoothA2dp(false)
06-28 10:04:09.913  1393  3231 W audio_hw_generic: Not supplying enough data to HAL, expected position 103543970 , only wrote 103543920
06-28 10:04:11.074  1475  1571 D AudioFlinger: mixer(0xaa803cc0) throttle end: throttle time(7)
06-28 10:04:11.716 19546 21001 I Places  : Converted 1 out of 1 WiFi scans
06-28 10:04:11.717  1603  1840 I WifiService: getConnectionInfo uid=10014
06-28 10:04:11.805  1603  1666 I InputReader: Reconfiguring input devices.  changes=0x00000010
06-28 10:04:11.808 19569 21531 I AppsUpload: Received intent with action android.intent.action.PACKAGE_CHANGED
06-28 10:04:12.281 19569 21569 I Icing   : updateResources: need to parse acsi{com.google.android.gms}
06-28 10:04:12.320 19569 20248 I Icing   : IndexChimeraService.getServiceInterface callingPackage=com.google.android.gms componentName=AppsCorpus serviceId=36
06-28 10:04:12.343  1844  1844 D CarrierSvcBindHelper: No carrier app for: 0
06-28 10:04:12.343  1844  1844 D ImsResolver: maybeAddedImsService, packageName: com.google.android.gms
06-28 10:04:12.394 19569 20257 I Icing   : IndexChimeraService.getServiceInterface callingPackage=com.google.android.gms componentName=AppsCorpus serviceId=32
06-28 10:04:12.530 20022 20034 W zygote  : Suspending all threads took: 5.371ms
06-28 10:04:12.586  1603  1616 W ResourceType: ResTable_typeSpec entry count inconsistent: given 30, previously 36
06-28 10:04:12.605  1603  1603 I Telecom : DefaultDialerCache: Refreshing default dialer for user 0: now com.google.android.dialer: DDC.oR@Bx0
06-28 10:04:13.048  1603  1616 E memtrack: Couldn't load memtrack module
06-28 10:04:13.048  1603  1616 W android.os.Debug: failed to get memory consumption info: -1
06-28 10:04:13.171 19569 19579 I zygote  : Background concurrent copying GC freed 128312(5MB) AllocSpace objects, 17(596KB) LOS objects, 40% free, 8MB/14MB, paused 3.631ms total 640.983ms
06-28 10:04:13.200  1603  1616 W Binder  : Outgoing transactions from this process must be FLAG_ONEWAY
06-28 10:04:13.200  1603  1616 W Binder  : java.lang.Throwable
06-28 10:04:13.200  1603  1616 W Binder  : 	at android.os.BinderProxy.transact(Binder.java:752)
06-28 10:04:13.200  1603  1616 W Binder  : 	at com.android.internal.location.ILocationProvider$Stub$Proxy.getProperties(ILocationProvider.java:232)
06-28 10:04:13.200  1603  1616 W Binder  : 	at com.android.server.location.LocationProviderProxy$1.run(LocationProviderProxy.java:119)
06-28 10:04:13.200  1603  1616 W Binder  : 	at android.os.Handler.handleCallback(Handler.java:790)
