06-28 13:28:57.876 29061 30173 D net.osmand: TTSCommandPlayerImpl ttsRequests=0
06-28 13:28:58.204  1393  3231 W audio_hw_generic: Not supplying enough data to HAL, expected position 138637458 , only wrote 138637440
06-28 13:28:58.206  1393  3231 W audio_hw_generic: Not supplying enough data to HAL, expected position 138637545 , only wrote 138637440
06-28 13:28:58.222  1393  3231 W audio_hw_generic: Not supplying enough data to HAL, expected position 138638227 , only wrote 138638160
06-28 13:28:59.561 29061 29071 I zygote  : Background concurrent copying GC freed 316083(7MB) AllocSpace objects, 0(0B) LOS objects, 19% free, 24MB/30MB, paused 1.452ms total 296.764ms
06-28 13:28:59.973  1603 30575 D NetworkMonitor/NetworkAgentInfo [WIFI () - 101]: PROBE_HTTP http://connectivitycheck.gstatic.com/generate_204 time=11411ms ret=204 request={User-Agent=[Mozilla/5.0 (X11; Linux x86_64) AppleWebKit/537.36 (KHTML, like Gecko) Chrome/60.0.3112.32 Safari/537.36]} headers={null=[HTTP/1.1 204 No Content], Content-Length=[0], Date=[Fri, 28 Jun 2019 17:28:54 GMT], X-Android-Received-Millis=[1561742939972], X-Android-Response-Source=[NETWORK 204], X-Android-Selected-Protocol=[http/1.1], X-Android-Sent-Millis=[1561742933125]}
06-28 13:28:59.975  1603 30574 D NetworkMonitor/NetworkAgentInfo [WIFI () - 101]: PROBE_HTTPS https://www.google.com/generate_204 time=11420ms ret=204 request={User-Agent=[Mozilla/5.0 (X11; Linux x86_64) AppleWebKit/537.36 (KHTML, like Gecko) Chrome/60.0.3112.32 Safari/537.36]} headers={null=[HTTP/1.1 204 No Content], Alt-Svc=[quic=":443"; ma=2592000; v="46,44,43,39"], Content-Length=[0], Date=[Fri, 28 Jun 2019 17:28:59 GMT], X-Android-Received-Millis=[1561742939975], X-Android-Response-Source=[NETWORK 204], X-Android-Selected-Protocol=[http/1.1], X-Android-Sent-Millis=[1561742939431]}
06-28 13:28:59.978  1603  1681 D ConnectivityService: NetworkAgentInfo [WIFI () - 101] validation passed
06-28 13:29:00.301  1603  1612 I zygote  : Background concurrent copying GC freed 89301(6MB) AllocSpace objects, 14(536KB) LOS objects, 20% free, 23MB/29MB, paused 3.952ms total 316.463ms
06-28 13:29:00.446  1393  3231 W audio_hw_generic: Not supplying enough data to HAL, expected position 138744876 , only wrote 138744720
06-28 13:29:00.446  1393  3231 W audio_hw_generic: Not supplying enough data to HAL, expected position 138744733 , only wrote 138744720
06-28 13:29:00.462  1393  3231 W audio_hw_generic: Not supplying enough data to HAL, expected position 138745513 , only wrote 138745440
06-28 13:29:00.885  1393  1565 W audio_hw_generic: Not supplying enough data to HAL, expected position 138785040 , only wrote 138765600
06-28 13:29:01.903  1402  1417 D hwcomposer: hw_composer sent 185 syncs in 60s
06-28 13:29:02.111 29061 29071 I zygote  : Background concurrent copying GC freed 305046(6MB) AllocSpace objects, 0(0B) LOS objects, 19% free, 24MB/30MB, paused 1.209ms total 282.851ms
06-28 13:29:02.897  1603  2149 I WifiService: getConnectionInfo uid=10014
06-28 13:29:02.914 19546 30590 E WakeLock: GCM_HB_ALARM release without a matched acquire!
06-28 13:29:02.914 19546 30590 W WakeLock: GCM_HB_ALARM counter does not exist
06-28 13:29:03.053  1603  1616 E memtrack: Couldn't load memtrack module
06-28 13:29:03.053  1603  1616 W android.os.Debug: failed to get memory consumption info: -1
06-28 13:29:03.168 19546 19559 I GeofencerStateMachine: addGeofences called by com.google.android.apps.maps
06-28 13:29:03.259  1603  1877 I GnssLocationProvider: WakeLock acquired by sendMessage(SET_REQUEST, 0, com.android.server.location.GnssLocationProvider$GpsRequest@f9588a1)
06-28 13:29:03.260  1603  1616 I GnssLocationProvider: WakeLock released by handleMessage(SET_REQUEST, 0, com.android.server.location.GnssLocationProvider$GpsRequest@f9588a1)
06-28 13:29:03.401  1603  2119 I WifiService: getWifiEnabledState uid=10062
06-28 13:29:03.423  1603  2119 I GnssLocationProvider: WakeLock acquired by sendMessage(SET_REQUEST, 0, com.android.server.location.GnssLocationProvider$GpsRequest@443fa87)
06-28 13:29:03.423  1603  1616 I GnssLocationProvider: WakeLock released by handleMessage(SET_REQUEST, 0, com.android.server.location.GnssLocationProvider$GpsRequest@443fa87)
06-28 13:29:04.729 29061 29071 I zygote  : Background concurrent copying GC freed 302333(6MB) AllocSpace objects, 0(0B) LOS objects, 19% free, 24MB/30MB, paused 26.372ms total 350.049ms
06-28 13:29:05.004  1603  1877 I WifiService: acquireWifiLock uid=10014 lockMode=2
06-28 13:29:07.140 29061 29071 I zygote  : Background concurrent copying GC freed 308371(6MB) AllocSpace objects, 0(0B) LOS objects, 20% free, 23MB/29MB, paused 2.002ms total 242.172ms
06-28 13:29:08.006  1603  3880 D WificondControl: Scan result ready event
06-28 13:29:08.069  1603  2149 I WifiService: releaseWifiLock uid=10014
06-28 13:29:08.429  1603  1616 E memtrack: Couldn't load memtrack module
06-28 13:29:08.429  1603  1616 W android.os.Debug: failed to get memory consumption info: -1
06-28 13:29:10.027 29061 29071 I zygote  : Background concurrent copying GC freed 279519(6MB) AllocSpace objects, 0(0B) LOS objects, 19% free, 25MB/31MB, paused 1.518ms total 325.982ms
06-28 13:29:12.494 29061 29071 I zygote  : Background concurrent copying GC freed 310134(6MB) AllocSpace objects, 0(0B) LOS objects, 20% free, 23MB/29MB, paused 1.267ms total 252.472ms
06-28 13:29:13.418  1603  1677 W AlarmManager: Unrecognized alarm listener com.android.server.wifi.WifiConfigStore$1@2affd16
06-28 13:29:13.463  1603  1603 I ActivityManager: Start proc 30604:com.google.android.dialer/u0a20 for service com.google.android.dialer/com.google.android.apps.dialer.spam.impl.SpamJobService
06-28 13:29:13.481 30604 30604 W zygote  : Unexpected CPU variant for X86 using defaults: x86
06-28 13:29:13.504  1603  1677 D WifiConfigStore: Writing to stores completed in 86 ms.
06-28 13:29:13.619 30604 30604 W System  : ClassLoader referenced unknown path: /system/framework/com.google.android.dialer.support.jar
06-28 13:29:13.648 30604 30604 I zygote  : The ClassLoaderContext is a special shared library.
06-28 13:29:13.796 30604 30604 I Dialer  : GoogleDialerApplication.onCreate - enter
06-28 13:29:13.817 30604 30604 I Dialer  : DialerExecutors.newThread - creating low priority thread
06-28 13:29:13.818 30604 30604 I Dialer  : CallLogFramework.registerContentObservers - enter
06-28 13:29:13.853 30604 30604 I Dialer  : CallLogFramework.registerContentObservers - new call log not enabled
06-28 13:29:13.924 30604 30604 I Dialer  : NonUiTaskBuilder.newThread - creating serial thread
06-28 13:29:13.927 30604 30604 I Dialer  : DialerExecutors.newThread - creating low priority thread
06-28 13:29:13.928 30604 30604 I Dialer  : ShortcutsJobScheduler.scheduleAllJobs - enter
06-28 13:29:13.948 30604 30604 I Dialer  : ShortcutsJobScheduler.scheduleAllJobs - enabling shortcuts
06-28 13:29:13.949 30604 30604 I Dialer  : PeriodicJobService.schedulePeriodicJob - enter
06-28 13:29:13.952 30604 30604 I Dialer  : PeriodicJobService.schedulePeriodicJob - job already scheduled.
06-28 13:29:13.953 30604 30604 I Dialer  : GoogleDialerPrimes - Initializing
06-28 13:29:13.955 30604 30604 I Dialer  : GoogleDialerPrimes - Primes Metrics Monitoring started
06-28 13:29:13.956 30604 30604 I Dialer  : GoogleDialerApplication.onCreate - register new client
06-28 13:29:14.022 30604 30604 I Dialer  : GoogleDialerApplication.onCreate - registered new client
06-28 13:29:14.125 30604 30604 I Dialer  : Flags.register - phenotype register status: true
06-28 13:29:14.212 30604 30604 I Dialer  : Flags.register - commit succeeded: true
06-28 13:29:15.096 29061 29071 I zygote  : Background concurrent copying GC freed 275855(6MB) AllocSpace objects, 0(0B) LOS objects, 19% free, 24MB/30MB, paused 3.979ms total 264.122ms
06-28 13:29:18.132 29061 29071 I zygote  : Background concurrent copying GC freed 310075(6MB) AllocSpace objects, 0(0B) LOS objects, 19% free, 24MB/30MB, paused 6.298ms total 300.181ms
06-28 13:29:19.769 19546 19546 I GeofencerStateMachine: sendNewTransitions called.
06-28 13:29:19.834 19546 19546 I GeofencerStateMachine: sendNewTransitions called.
06-28 13:29:19.839 19546 19546 I GeofencerStateMachine: sendNewLocationAvailability: availability=LocationAvailability[isLocationAvailable: true]
06-28 13:29:19.938 19546 19546 I GeofencerStateMachine: sendNewLocationAvailability: availability=LocationAvailability[isLocationAvailable: true]
06-28 13:29:21.145 29061 29071 I zygote  : Background concurrent copying GC freed 282680(6MB) AllocSpace objects, 0(0B) LOS objects, 18% free, 26MB/32MB, paused 2.879ms total 381.970ms
06-28 13:29:23.713 29061 29071 I zygote  : Background concurrent copying GC freed 369277(8MB) AllocSpace objects, 0(0B) LOS objects, 19% free, 24MB/30MB, paused 1.376ms total 245.627ms
06-28 13:29:25.019  1603  2119 I WifiService: acquireWifiLock uid=10014 lockMode=2
06-28 13:29:25.072  1603  1877 I WifiService: releaseWifiLock uid=10014
06-28 13:29:26.155 29061 29071 I zygote  : Background concurrent copying GC freed 278788(6MB) AllocSpace objects, 0(0B) LOS objects, 19% free, 24MB/30MB, paused 1.022ms total 240.812ms
06-28 13:29:28.405  1603  1612 I zygote  : Background concurrent copying GC freed 85614(5MB) AllocSpace objects, 12(544KB) LOS objects, 19% free, 25MB/31MB, paused 1.184ms total 387.668ms
06-28 13:29:29.048 29061 29071 I zygote  : Background concurrent copying GC freed 295406(6MB) AllocSpace objects, 0(0B) LOS objects, 19% free, 25MB/31MB, paused 2.406ms total 275.583ms
06-28 13:29:32.064 29061 29071 I zygote  : Background concurrent copying GC freed 317647(7MB) AllocSpace objects, 0(0B) LOS objects, 20% free, 23MB/29MB, paused 2.203ms total 224.924ms
06-28 13:29:34.229  1603  1616 E memtrack: Couldn't load memtrack module
06-28 13:29:34.229  1603  1616 W android.os.Debug: failed to get memory consumption info: -1
06-28 13:29:34.291  1603  1616 E memtrack: Couldn't load memtrack module
06-28 13:29:34.291  1603  1616 W android.os.Debug: failed to get memory consumption info: -1
06-28 13:29:34.987 29061 29071 I zygote  : Background concurrent copying GC freed 275236(6MB) AllocSpace objects, 0(0B) LOS objects, 18% free, 25MB/31MB, paused 2.166ms total 301.832ms
06-28 13:29:38.141 29061 29071 I zygote  : Background concurrent copying GC freed 341691(7MB) AllocSpace objects, 0(0B) LOS objects, 19% free, 24MB/30MB, paused 3.703ms total 341.502ms
06-28 13:29:40.135 29061 29071 I zygote  : Background concurrent copying GC freed 300470(6MB) AllocSpace objects, 0(0B) LOS objects, 20% free, 23MB/29MB, paused 984us total 221.717ms
06-28 13:29:40.147  1603  1620 E BatteryExternalStatsWorker: modem info is invalid: ModemActivityInfo{ mTimestamp=0 mSleepTimeMs=0 mIdleTimeMs=0 mTxTimeMs[]=[0, 0, 0, 0, 0] mRxTimeMs=0 mEnergyUsed=0}
06-28 13:29:42.440 19546 30591 E WakeLock: GCM_HB_ALARM release without a matched acquire!
06-28 13:29:42.441 19546 30591 W WakeLock: GCM_HB_ALARM counter does not exist
06-28 13:29:42.444  1603  1681 D ConnectivityService: reportNetworkConnectivity(101, false) by 10014
06-28 13:29:42.444  1603  2399 D NetworkMonitor/NetworkAgentInfo [WIFI () - 101]: Forcing reevaluation for UID 10014
06-28 13:29:42.452 19546 30591 W WakeLock: GCM_CONN_ALARM counter does not exist
06-28 13:29:42.460  1603 30648 D NetworkMonitor/NetworkAgentInfo [WIFI () - 101]: PROBE_DNS connectivitycheck.gstatic.com 5ms OK 172.217.172.131,2800:3f0:4001:81a::2003
06-28 13:29:42.472  1603 30647 D NetworkMonitor/NetworkAgentInfo [WIFI () - 101]: PROBE_DNS www.google.com 19ms OK 172.217.28.228,2800:3f0:4001:801::2004
06-28 13:29:42.897  1603 30648 D NetworkMonitor/NetworkAgentInfo [WIFI () - 101]: PROBE_HTTP http://connectivitycheck.gstatic.com/generate_204 time=434ms ret=204 request={User-Agent=[Mozilla/5.0 (X11; Linux x86_64) AppleWebKit/537.36 (KHTML, like Gecko) Chrome/60.0.3112.32 Safari/537.36]} headers={null=[HTTP/1.1 204 No Content], Content-Length=[0], Date=[Fri, 28 Jun 2019 17:29:42 GMT], X-Android-Received-Millis=[1561742982896], X-Android-Response-Source=[NETWORK 204], X-Android-Selected-Protocol=[http/1.1], X-Android-Sent-Millis=[1561742982463]}
06-28 13:29:43.100 29061 29071 I zygote  : Background concurrent copying GC freed 267757(5MB) AllocSpace objects, 0(0B) LOS objects, 19% free, 25MB/31MB, paused 1.835ms total 274.913ms
06-28 13:29:44.971 19546 19556 I zygote  : Background concurrent copying GC freed 181423(7MB) AllocSpace objects, 10(832KB) LOS objects, 37% free, 9MB/15MB, paused 1.500ms total 197.085ms
06-28 13:29:45.093 29061 29071 I zygote  : Background concurrent copying GC freed 316724(6MB) AllocSpace objects, 0(0B) LOS objects, 19% free, 24MB/30MB, paused 2.343ms total 301.865ms
06-28 13:29:45.185  1603 30647 D NetworkMonitor/NetworkAgentInfo [WIFI () - 101]: PROBE_HTTPS https://www.google.com/generate_204 time=2710ms ret=204 request={User-Agent=[Mozilla/5.0 (X11; Linux x86_64) AppleWebKit/537.36 (KHTML, like Gecko) Chrome/60.0.3112.32 Safari/537.36]} headers={null=[HTTP/1.1 204 No Content], Alt-Svc=[quic=":443"; ma=2592000; v="46,44,43,39"], Content-Length=[0], Date=[Fri, 28 Jun 2019 17:29:44 GMT], X-Android-Received-Millis=[1561742985185], X-Android-Response-Source=[NETWORK 204], X-Android-Selected-Protocol=[http/1.1], X-Android-Sent-Millis=[1561742982475]}
06-28 13:29:45.187  1603  1681 D ConnectivityService: NetworkAgentInfo [WIFI () - 101] validation passed
06-28 13:29:46.043  1603  5056 I WifiService: acquireWifiLock uid=10014 lockMode=2
06-28 13:29:46.055  1603  1616 E memtrack: Couldn't load memtrack module
06-28 13:29:46.055  1603  1616 W android.os.Debug: failed to get memory consumption info: -1
06-28 13:29:46.131  1603  1616 E memtrack: Couldn't load memtrack module
06-28 13:29:46.131  1603  1616 W android.os.Debug: failed to get memory consumption info: -1
06-28 13:29:48.239 29061 29071 I zygote  : Background concurrent copying GC freed 305036(6MB) AllocSpace objects, 0(0B) LOS objects, 19% free, 24MB/30MB, paused 1.271ms total 410.903ms
06-28 13:29:49.043  1603  2149 D WificondControl: Scan result ready event
06-28 13:29:49.089  1603  2149 I WifiService: releaseWifiLock uid=10014
06-28 13:29:49.778 19546 19546 I GeofencerStateMachine: sendNewTransitions called.
06-28 13:29:50.161 29061 29071 I zygote  : Background concurrent copying GC freed 293090(6MB) AllocSpace objects, 0(0B) LOS objects, 20% free, 23MB/29MB, paused 2.045ms total 230.593ms
06-28 13:29:51.115  1409  1409 I boot-pipe: done populating /dev/random
06-28 13:29:53.108 29061 29071 I zygote  : Background concurrent copying GC freed 266983(5MB) AllocSpace objects, 0(0B) LOS objects, 19% free, 25MB/31MB, paused 1.650ms total 338.899ms
06-28 13:29:53.939  1603  2149 I WifiService: getConnectionInfo uid=10014
06-28 13:29:54.083 19546 19557 I GeofencerStateMachine: addGeofences called by com.google.android.apps.maps
06-28 13:29:54.278 19546 19603 W ResourceType: ResTable_typeSpec entry count inconsistent: given 15, previously 22
06-28 13:29:55.139 29061 29071 I zygote  : Background concurrent copying GC freed 308960(6MB) AllocSpace objects, 0(0B) LOS objects, 20% free, 23MB/29MB, paused 1.144ms total 239.422ms
06-28 13:29:55.192  1603  1677 W AlarmManager: Unrecognized alarm listener com.android.server.wifi.WifiConfigStore$1@2affd16
06-28 13:29:55.218  1603  1677 D WifiConfigStore: Writing to stores completed in 26 ms.
06-28 13:29:56.876  1603  1877 I WifiService: getConnectionInfo uid=10014
06-28 13:29:56.943  1603  5056 I WifiService: getConnectionInfo uid=10014
06-28 13:29:58.218 29061 29071 I zygote  : Background concurrent copying GC freed 276606(6MB) AllocSpace objects, 0(0B) LOS objects, 19% free, 24MB/30MB, paused 3.697ms total 354.189ms
06-28 13:29:58.534  1603  1612 I zygote  : Background concurrent copying GC freed 104151(6MB) AllocSpace objects, 7(268KB) LOS objects, 19% free, 25MB/31MB, paused 4.404ms total 491.446ms
06-28 13:30:00.011  1603  1616 E memtrack: Couldn't load memtrack module
06-28 13:30:00.011  1603  1616 W android.os.Debug: failed to get memory consumption info: -1
06-28 13:30:01.147 29061 29071 I zygote  : Background concurrent copying GC freed 303746(6MB) AllocSpace objects, 0(0B) LOS objects, 19% free, 24MB/30MB, paused 2.474ms total 289.439ms
06-28 13:30:01.910  1402  1417 D hwcomposer: hw_composer sent 318 syncs in 60s
06-28 13:30:03.935 29061 29071 I zygote  : Background concurrent copying GC freed 288468(6MB) AllocSpace objects, 0(0B) LOS objects, 18% free, 26MB/32MB, paused 1.294ms total 364.786ms
06-28 13:30:06.054  1603  5056 I WifiService: acquireWifiLock uid=10014 lockMode=2
06-28 13:30:06.183  1603  5056 I WifiService: releaseWifiLock uid=10014
06-28 13:30:07.085 29061 29071 I zygote  : Background concurrent copying GC freed 382476(8MB) AllocSpace objects, 0(0B) LOS objects, 19% free, 24MB/30MB, paused 6.148ms total 279.899ms
06-28 13:30:09.074 29061 29071 I zygote  : Background concurrent copying GC freed 294423(6MB) AllocSpace objects, 0(0B) LOS objects, 19% free, 24MB/30MB, paused 1.471ms total 246.106ms
06-28 13:30:09.136 30207 30241 D NetworkSecurityConfig: No Network Security Config specified, using platform default
06-28 13:30:12.170 29061 29071 I zygote  : Background concurrent copying GC freed 316652(7MB) AllocSpace objects, 0(0B) LOS objects, 20% free, 23MB/29MB, paused 1.291ms total 259.741ms
06-28 13:30:15.081 29061 29071 I zygote  : Background concurrent copying GC freed 275294(6MB) AllocSpace objects, 0(0B) LOS objects, 18% free, 25MB/31MB, paused 1.994ms total 397.895ms
06-28 13:30:17.511 29061 29071 I zygote  : Background concurrent copying GC freed 349566(7MB) AllocSpace objects, 0(0B) LOS objects, 20% free, 23MB/29MB, paused 5.574ms total 245.816ms
06-28 13:30:19.815 19546 19546 I GeofencerStateMachine: sendNewTransitions called.
06-28 13:30:20.087 29061 29071 I zygote  : Background concurrent copying GC freed 284776(6MB) AllocSpace objects, 0(0B) LOS objects, 19% free, 25MB/31MB, paused 3.991ms total 404.191ms
06-28 13:30:23.104 29061 29071 I zygote  : Background concurrent copying GC freed 328117(7MB) AllocSpace objects, 0(0B) LOS objects, 19% free, 24MB/30MB, paused 3.345ms total 244.551ms
06-28 13:30:26.081  1603  3880 I WifiService: acquireWifiLock uid=10014 lockMode=2
06-28 13:30:26.098  1603  1616 E memtrack: Couldn't load memtrack module
06-28 13:30:26.098  1603  1616 W android.os.Debug: failed to get memory consumption info: -1
06-28 13:30:26.175 29061 29071 I zygote  : Background concurrent copying GC freed 297257(6MB) AllocSpace objects, 0(0B) LOS objects, 19% free, 24MB/30MB, paused 5.044ms total 340.708ms
06-28 13:30:28.374  1603  1612 I zygote  : Background concurrent copying GC freed 102965(7MB) AllocSpace objects, 3(60KB) LOS objects, 19% free, 24MB/30MB, paused 2.686ms total 320.351ms
06-28 13:30:28.870 29061 29071 I zygote  : Background concurrent copying GC freed 296926(6MB) AllocSpace objects, 0(0B) LOS objects, 19% free, 25MB/31MB, paused 1.187ms total 365.944ms
06-28 13:30:29.084  1603  3880 D WificondControl: Scan result ready event
06-28 13:30:29.145  1603  3880 I WifiService: releaseWifiLock uid=10014
06-28 13:30:31.134  1603  1877 I WifiService: getConnectionInfo uid=10014
06-28 13:30:31.367 29061 29071 I zygote  : Background concurrent copying GC freed 323747(7MB) AllocSpace objects, 0(0B) LOS objects, 20% free, 23MB/29MB, paused 8.698ms total 229.471ms
06-28 13:30:33.001 29111 29127 I Finsky  : [1119] imb.run(3): Stats for Executor: BlockingExecutor ink@477781[Running, pool size = 0, active threads = 0, queued tasks = 0, completed tasks = 13]
06-28 13:30:33.038 29111 29127 I Finsky  : [1119] imb.run(3): Stats for Executor: LightweightExecutor ink@39d6026[Running, pool size = 2, active threads = 0, queued tasks = 0, completed tasks = 64]
06-28 13:30:34.021 29111 29127 I Finsky  : [1119] imb.run(3): Stats for Executor: bgExecutor ink@b1b467[Running, pool size = 4, active threads = 0, queued tasks = 0, completed tasks = 32]
06-28 13:30:34.102 29061 29071 I zygote  : Background concurrent copying GC freed 297129(6MB) AllocSpace objects, 0(0B) LOS objects, 20% free, 23MB/29MB, paused 3.687ms total 232.936ms
06-28 13:30:37.082 29061 29071 I zygote  : Background concurrent copying GC freed 277942(6MB) AllocSpace objects, 0(0B) LOS objects, 19% free, 24MB/30MB, paused 2.128ms total 230.558ms
06-28 13:30:40.027 29061 29071 I zygote  : Background concurrent copying GC freed 297791(6MB) AllocSpace objects, 0(0B) LOS objects, 19% free, 24MB/30MB, paused 4.016ms total 302.938ms
06-28 13:30:42.628 29061 29071 I zygote  : Background concurrent copying GC freed 307270(6MB) AllocSpace objects, 0(0B) LOS objects, 19% free, 24MB/30MB, paused 1.590ms total 270.058ms
06-28 13:30:45.180 29061 29071 I zygote  : Background concurrent copying GC freed 301664(6MB) AllocSpace objects, 0(0B) LOS objects, 19% free, 25MB/31MB, paused 1.147ms total 325.003ms
06-28 13:30:47.116  1603  3880 I WifiService: acquireWifiLock uid=10014 lockMode=2
06-28 13:30:47.125  1603  1616 E memtrack: Couldn't load memtrack module
06-28 13:30:47.125  1603  1616 W android.os.Debug: failed to get memory consumption info: -1
06-28 13:30:47.179  1603  1877 I WifiService: releaseWifiLock uid=10014
06-28 13:30:47.248  1603  1616 E memtrack: Couldn't load memtrack module
06-28 13:30:47.248  1603  1616 W android.os.Debug: failed to get memory consumption info: -1
06-28 13:30:47.713 29061 29071 I zygote  : Background concurrent copying GC freed 315969(7MB) AllocSpace objects, 0(0B) LOS objects, 20% free, 23MB/29MB, paused 903us total 259.259ms
06-28 13:30:49.823 19546 19546 I GeofencerStateMachine: sendNewTransitions called.
06-28 13:30:50.224 29061 29071 I zygote  : Background concurrent copying GC freed 278026(6MB) AllocSpace objects, 0(0B) LOS objects, 19% free, 24MB/30MB, paused 2.623ms total 245.956ms
06-28 13:30:51.119  1409  1409 I boot-pipe: done populating /dev/random
06-28 13:30:53.124 29061 29071 I zygote  : Background concurrent copying GC freed 298233(6MB) AllocSpace objects, 0(0B) LOS objects, 19% free, 25MB/31MB, paused 6.455ms total 311.977ms
06-28 13:30:55.318 30207 30241 E PlayCommon: [1148] ServerTimestampFetcher.queryServerTimestamp: Failed to connect to server for server timestamp: java.net.SocketTimeoutException: timeout
06-28 13:30:55.343 19546 19546 W SystemServiceRegistry: No service published for: persistent_data_block
06-28 13:30:55.353 19546 19546 W ChimeraUtils: Non Chimera context
06-28 13:30:55.353 19546 19546 W ChimeraUtils: Non Chimera context
06-28 13:30:56.302 29061 29071 I zygote  : Background concurrent copying GC freed 310255(6MB) AllocSpace objects, 0(0B) LOS objects, 19% free, 25MB/31MB, paused 3.412ms total 368.189ms
06-28 13:30:58.389  1603  1612 I zygote  : Background concurrent copying GC freed 98883(6MB) AllocSpace objects, 3(60KB) LOS objects, 19% free, 24MB/30MB, paused 3.540ms total 318.790ms
06-28 13:30:58.997 29061 29071 I zygote  : Background concurrent copying GC freed 323728(7MB) AllocSpace objects, 0(0B) LOS objects, 18% free, 26MB/32MB, paused 1.545ms total 378.802ms
06-28 13:31:01.449 29061 29071 I zygote  : Background concurrent copying GC freed 363839(8MB) AllocSpace objects, 0(0B) LOS objects, 20% free, 23MB/29MB, paused 2.181ms total 251.520ms
06-28 13:31:01.916  1402  1417 D hwcomposer: hw_composer sent 287 syncs in 60s
06-28 13:31:04.111 29061 29071 I zygote  : Background concurrent copying GC freed 271773(6MB) AllocSpace objects, 0(0B) LOS objects, 19% free, 25MB/31MB, paused 1.276ms total 303.687ms
06-28 13:31:07.144  1603  2119 I WifiService: acquireWifiLock uid=10014 lockMode=2
06-28 13:31:07.147 29061 29071 I zygote  : Background concurrent copying GC freed 319744(7MB) AllocSpace objects, 0(0B) LOS objects, 19% free, 24MB/30MB, paused 8.098ms total 305.025ms
06-28 13:31:09.714 29061 29071 I zygote  : Background concurrent copying GC freed 298538(6MB) AllocSpace objects, 0(0B) LOS objects, 20% free, 23MB/29MB, paused 1.317ms total 349.467ms
06-28 13:31:10.224  1603  1877 D WificondControl: Scan result ready event
06-28 13:31:10.328  1603  1877 I WifiService: releaseWifiLock uid=10014
06-28 13:31:13.235 29061 29071 I zygote  : Background concurrent copying GC freed 296704(6MB) AllocSpace objects, 0(0B) LOS objects, 19% free, 24MB/30MB, paused 1.566ms total 388.756ms
06-28 13:31:15.140 30207 30241 E PlayCommon: [1148] PlayEventLogger.uploadLog: Failed to upload logs: java.net.SocketTimeoutException: timeout
06-28 13:31:16.221 29061 29071 I zygote  : Background concurrent copying GC freed 291771(6MB) AllocSpace objects, 0(0B) LOS objects, 19% free, 25MB/31MB, paused 3.672ms total 418.225ms
06-28 13:31:19.941 19546 19546 I GeofencerStateMachine: sendNewTransitions called.
06-28 13:31:20.520 29061 29071 I zygote  : Background concurrent copying GC freed 322486(7MB) AllocSpace objects, 0(0B) LOS objects, 19% free, 24MB/30MB, paused 21.670ms total 537.268ms
06-28 13:31:22.050 19546 19556 I zygote  : Background concurrent copying GC freed 134273(5MB) AllocSpace objects, 0(0B) LOS objects, 40% free, 8MB/14MB, paused 3.749ms total 217.792ms
06-28 13:31:23.145 29061 29071 I zygote  : Background concurrent copying GC freed 293900(6MB) AllocSpace objects, 0(0B) LOS objects, 19% free, 25MB/31MB, paused 1.915ms total 358.910ms
06-28 13:31:25.965 29061 29071 I zygote  : Background concurrent copying GC freed 318094(7MB) AllocSpace objects, 0(0B) LOS objects, 18% free, 26MB/32MB, paused 3.730ms total 434.453ms
06-28 13:31:27.164  1603  4580 I WifiService: acquireWifiLock uid=10014 lockMode=2
06-28 13:31:27.218  1603  5056 I WifiService: releaseWifiLock uid=10014
06-28 13:31:29.021  1603  1612 I zygote  : Background concurrent copying GC freed 95117(6MB) AllocSpace objects, 3(60KB) LOS objects, 19% free, 24MB/30MB, paused 1.161ms total 623.669ms
06-28 13:31:29.235 29061 29071 I zygote  : Background concurrent copying GC freed 363090(8MB) AllocSpace objects, 0(0B) LOS objects, 19% free, 25MB/31MB, paused 1.890ms total 446.734ms
06-28 13:31:32.187 29061 29071 I zygote  : Background concurrent copying GC freed 331842(7MB) AllocSpace objects, 0(0B) LOS objects, 20% free, 23MB/29MB, paused 6.062ms total 248.449ms
06-28 13:31:35.281 29061 29071 I zygote  : Background concurrent copying GC freed 287616(6MB) AllocSpace objects, 0(0B) LOS objects, 19% free, 24MB/30MB, paused 2.644ms total 304.727ms
06-28 13:31:38.075 29061 29071 I zygote  : Background concurrent copying GC freed 306211(6MB) AllocSpace objects, 0(0B) LOS objects, 18% free, 25MB/31MB, paused 3.950ms total 482.051ms
06-28 13:31:41.126 29061 29071 I zygote  : Background concurrent copying GC freed 346193(7MB) AllocSpace objects, 0(0B) LOS objects, 19% free, 24MB/30MB, paused 1.106ms total 276.488ms
06-28 13:31:43.153 29061 29071 I zygote  : Background concurrent copying GC freed 307230(6MB) AllocSpace objects, 0(0B) LOS objects, 20% free, 23MB/29MB, paused 1.188ms total 216.083ms
06-28 13:31:46.112 29061 29071 I zygote  : Background concurrent copying GC freed 264424(5MB) AllocSpace objects, 0(0B) LOS objects, 19% free, 25MB/31MB, paused 2.426ms total 265.697ms
06-28 13:31:48.482  1603  2119 I WifiService: acquireWifiLock uid=10014 lockMode=2
06-28 13:31:48.521 29061 29071 I zygote  : Background concurrent copying GC freed 314785(6MB) AllocSpace objects, 0(0B) LOS objects, 20% free, 23MB/29MB, paused 1.182ms total 306.810ms
06-28 13:31:50.731 19546 19546 I GeofencerStateMachine: sendNewTransitions called.
06-28 13:31:51.123  1409  1409 I boot-pipe: done populating /dev/random
06-28 13:31:51.209 29061 29071 I zygote  : Background concurrent copying GC freed 274278(6MB) AllocSpace objects, 0(0B) LOS objects, 19% free, 25MB/31MB, paused 2.729ms total 301.460ms
06-28 13:31:51.492  1603  2119 D WificondControl: Scan result ready event
06-28 13:31:51.533  1603  4580 I WifiService: releaseWifiLock uid=10014
06-28 13:31:53.678 29061 29071 I zygote  : Background concurrent copying GC freed 314332(6MB) AllocSpace objects, 0(0B) LOS objects, 20% free, 23MB/29MB, paused 1.460ms total 242.982ms
06-28 13:31:53.896  1603  1620 I WifiService: requestActivityInfo uid=1000
06-28 13:31:53.896  1603  1620 I WifiService: reportActivityInfo uid=1000
06-28 13:31:53.896  1603  1620 I WifiService: getSupportedFeatures uid=1000
06-28 13:31:56.200 29061 29071 I zygote  : Background concurrent copying GC freed 289626(6MB) AllocSpace objects, 0(0B) LOS objects, 19% free, 24MB/30MB, paused 9.383ms total 245.075ms
06-28 13:31:58.374  1603  1612 I zygote  : Background concurrent copying GC freed 93557(6MB) AllocSpace objects, 3(60KB) LOS objects, 19% free, 24MB/30MB, paused 2.899ms total 307.333ms
06-28 13:31:58.996 29061 29071 I zygote  : Background concurrent copying GC freed 297671(6MB) AllocSpace objects, 0(0B) LOS objects, 19% free, 25MB/31MB, paused 1.562ms total 346.531ms
06-28 13:32:01.909  1402  1417 D hwcomposer: hw_composer sent 286 syncs in 60s
06-28 13:32:02.137 29061 29071 I zygote  : Background concurrent copying GC freed 328154(7MB) AllocSpace objects, 0(0B) LOS objects, 20% free, 23MB/29MB, paused 3.636ms total 213.191ms
06-28 13:32:05.265 29061 29071 I zygote  : Background concurrent copying GC freed 271158(6MB) AllocSpace objects, 0(0B) LOS objects, 18% free, 26MB/32MB, paused 2.122ms total 414.464ms
06-28 13:32:08.299 29061 29071 I zygote  : Background concurrent copying GC freed 378198(8MB) AllocSpace objects, 0(0B) LOS objects, 19% free, 25MB/31MB, paused 2.430ms total 478.237ms
06-28 13:32:08.495  1603  1877 I WifiService: acquireWifiLock uid=10014 lockMode=2
06-28 13:32:08.560  1603  5056 I WifiService: releaseWifiLock uid=10014
06-28 13:32:10.638 29061 29071 I zygote  : Background concurrent copying GC freed 327584(7MB) AllocSpace objects, 0(0B) LOS objects, 19% free, 24MB/30MB, paused 1.189ms total 300.546ms
