06-29 13:46:06.155 23488 23488 I net.osmand: RoutingHelper Recalculate route, because correlation  : 1723743.7223726055
06-29 13:46:06.156 23488 23488 I net.osmand: RoutingHelper Recalculate route, because wrong movement direction: 1723776.1
06-29 13:46:06.214 23488 23488 I net.osmand: RoutingHelper Recalculate route, because correlation  : 1723743.7223726055
06-29 13:46:06.643 23488 23488 I chatty  : uid=10104(net.osmand) identical 1 line
06-29 13:46:06.667 23488 23488 I net.osmand: RoutingHelper Recalculate route, because correlation  : 1723743.7223726055
06-29 13:46:06.668 23488 23488 I net.osmand: RoutingHelper Recalculate route, because wrong movement direction: 1723776.1
06-29 13:46:06.868 23488 23488 I net.osmand: RoutingHelper Recalculate route, because correlation  : 1723743.7223726055
06-29 13:46:06.870 23488 23488 I net.osmand: RoutingHelper Recalculate route, because correlation  : 1723743.7223726055
06-29 13:46:06.870 23488 23488 I net.osmand: RoutingHelper Recalculate route, because wrong movement direction: 1723776.1
06-29 13:46:07.461 23488 23488 I net.osmand: RoutingHelper Recalculate route, because correlation  : 1723743.7223726055
06-29 13:46:07.467 23488 23488 I net.osmand: RoutingHelper Recalculate route, because correlation  : 1723743.7223726055
06-29 13:46:07.468 23488 23488 I net.osmand: RoutingHelper Recalculate route, because wrong movement direction: 1723776.1
06-29 13:46:07.808 23488 23488 I net.osmand: RoutingHelper Recalculate route, because correlation  : 1723743.7223726055
06-29 13:46:07.821 23488 23488 I net.osmand: RoutingHelper Recalculate route, because correlation  : 1723743.7223726055
06-29 13:46:07.821 23488 23488 I net.osmand: RoutingHelper Recalculate route, because wrong movement direction: 1723776.1
06-29 13:46:08.055 23488 23488 I net.osmand: RoutingHelper Recalculate route, because correlation  : 1723743.7223726055
06-29 13:46:08.056 23488 23488 I net.osmand: RoutingHelper Recalculate route, because wrong movement direction: 1723776.1
06-29 13:46:08.074 23488 23488 I net.osmand: RoutingHelper Recalculate route, because correlation  : 1723743.7223726055
06-29 13:46:08.329  1600  2660 I WifiService: acquireWifiLock uid=10014 lockMode=2
06-29 13:46:08.397  1600  2662 I WifiService: releaseWifiLock uid=10014
06-29 13:46:08.783 23488 23488 I net.osmand: RoutingHelper Recalculate route, because correlation  : 1723743.7223726055
06-29 13:46:08.783 23488 23488 I net.osmand: RoutingHelper Recalculate route, because wrong movement direction: 1723776.1
06-29 13:46:08.855 23488 23488 I net.osmand: RoutingHelper Recalculate route, because correlation  : 1723743.7223726055
06-29 13:46:08.860 23488 23488 I net.osmand: RoutingHelper Recalculate route, because correlation  : 1723743.7223726055
06-29 13:46:08.860 23488 23488 I net.osmand: RoutingHelper Recalculate route, because wrong movement direction: 1723776.1
06-29 13:46:08.930 23488 23488 I net.osmand: RoutingHelper Recalculate route, because correlation  : 1723743.7223726055
06-29 13:46:09.372 23488 23488 I chatty  : uid=10104(net.osmand) identical 1 line
06-29 13:46:09.374 23488 23488 I net.osmand: RoutingHelper Recalculate route, because correlation  : 1723743.7223726055
06-29 13:46:09.375 23488 23488 I net.osmand: RoutingHelper Recalculate route, because wrong movement direction: 1723776.1
06-29 13:46:09.854 23488 23488 I net.osmand: RoutingHelper Recalculate route, because correlation  : 1723743.7223726055
06-29 13:46:09.857 23488 23488 I net.osmand: RoutingHelper Recalculate route, because correlation  : 1723743.7223726055
06-29 13:46:09.858 23488 23488 I net.osmand: RoutingHelper Recalculate route, because wrong movement direction: 1723776.1
06-29 13:46:10.163 23488 23488 I net.osmand: RoutingHelper Recalculate route, because correlation  : 1723743.7223726055
06-29 13:46:10.232 23488 23488 I net.osmand: RoutingHelper Recalculate route, because correlation  : 1723743.7223726055
06-29 13:46:10.232 23488 23488 I net.osmand: RoutingHelper Recalculate route, because wrong movement direction: 1723776.1
06-29 13:46:10.672 23488 23488 I net.osmand: RoutingHelper Recalculate route, because correlation  : 1723743.7223726055
06-29 13:46:10.682 23488 23488 I net.osmand: RoutingHelper Recalculate route, because correlation  : 1723743.7223726055
06-29 13:46:10.683 23488 23488 I net.osmand: RoutingHelper Recalculate route, because wrong movement direction: 1723776.1
06-29 13:46:10.837 23488 23488 I net.osmand: RoutingHelper Recalculate route, because correlation  : 1723743.7223726055
06-29 13:46:10.837 23488 23488 I net.osmand: RoutingHelper Recalculate route, because wrong movement direction: 1723776.1
06-29 13:46:10.895 23488 23488 I net.osmand: RoutingHelper Recalculate route, because correlation  : 1723743.7223726055
06-29 13:46:11.526 23488 23488 I chatty  : uid=10104(net.osmand) identical 1 line
06-29 13:46:11.529 23488 23488 I net.osmand: RoutingHelper Recalculate route, because correlation  : 1723743.7223726055
06-29 13:46:11.529 23488 23488 I net.osmand: RoutingHelper Recalculate route, because wrong movement direction: 1723776.1
06-29 13:46:11.877 23488 23488 I net.osmand: RoutingHelper Recalculate route, because correlation  : 1723743.7223726055
06-29 13:46:11.879 23488 23488 I net.osmand: RoutingHelper Recalculate route, because correlation  : 1723743.7223726055
06-29 13:46:11.879 23488 23488 I net.osmand: RoutingHelper Recalculate route, because wrong movement direction: 1723776.1
06-29 13:46:12.142 23488 23488 I net.osmand: RoutingHelper Recalculate route, because correlation  : 1723743.7223726055
06-29 13:46:12.153 23488 23488 I net.osmand: RoutingHelper Recalculate route, because correlation  : 1723743.7223726055
06-29 13:46:12.154 23488 23488 I net.osmand: RoutingHelper Recalculate route, because wrong movement direction: 1723776.1
06-29 13:46:12.815 23488 23488 I net.osmand: RoutingHelper Recalculate route, because correlation  : 1723743.7223726055
06-29 13:46:12.843 23488 23488 I net.osmand: RoutingHelper Recalculate route, because correlation  : 1723743.7223726055
06-29 13:46:12.844 23488 23488 I net.osmand: RoutingHelper Recalculate route, because wrong movement direction: 1723776.1
06-29 13:46:12.903 23488 23488 I net.osmand: RoutingHelper Recalculate route, because correlation  : 1723743.7223726055
06-29 13:46:12.904 23488 23488 I net.osmand: RoutingHelper Recalculate route, because wrong movement direction: 1723776.1
06-29 13:46:12.909 23488 23488 I net.osmand: RoutingHelper Recalculate route, because correlation  : 1723743.7223726055
06-29 13:46:13.432 23488 23488 I net.osmand: RoutingHelper Recalculate route, because correlation  : 1723743.7223726055
06-29 13:46:13.433 23488 23488 I net.osmand: RoutingHelper Recalculate route, because wrong movement direction: 1723776.1
06-29 13:46:13.480 23488 23488 I net.osmand: RoutingHelper Recalculate route, because correlation  : 1723743.7223726055
06-29 13:46:13.808 23488 23488 I net.osmand: RoutingHelper Recalculate route, because correlation  : 1723743.7223726055
06-29 13:46:13.808 23488 23488 I net.osmand: RoutingHelper Recalculate route, because wrong movement direction: 1723776.1
06-29 13:46:13.917 23488 23488 I net.osmand: RoutingHelper Recalculate route, because correlation  : 1723743.7223726055
06-29 13:46:14.316 23488 23488 I chatty  : uid=10104(net.osmand) identical 1 line
06-29 13:46:14.321 23488 23488 I net.osmand: RoutingHelper Recalculate route, because correlation  : 1723743.7223726055
06-29 13:46:14.321 23488 23488 I net.osmand: RoutingHelper Recalculate route, because wrong movement direction: 1723776.1
06-29 13:46:14.767 23488 23488 I net.osmand: RoutingHelper Recalculate route, because correlation  : 1723743.7223726055
06-29 13:46:14.767 23488 23488 I net.osmand: RoutingHelper Recalculate route, because wrong movement direction: 1723776.1
06-29 13:46:14.825 23488 23488 I net.osmand: RoutingHelper Recalculate route, because correlation  : 1723743.7223726055
06-29 13:46:14.828 23488 23488 I net.osmand: RoutingHelper Recalculate route, because correlation  : 1723743.7223726055
06-29 13:46:14.828 23488 23488 I net.osmand: RoutingHelper Recalculate route, because wrong movement direction: 1723776.1
06-29 13:46:14.834 23488 23488 I net.osmand: RoutingHelper Recalculate route, because correlation  : 1723743.7223726055
06-29 13:46:15.664 23488 23488 I chatty  : uid=10104(net.osmand) identical 1 line
06-29 13:46:15.672 23488 23488 I net.osmand: RoutingHelper Recalculate route, because correlation  : 1723743.7223726055
06-29 13:46:15.672 23488 23488 I net.osmand: RoutingHelper Recalculate route, because wrong movement direction: 1723776.1
06-29 13:46:15.821 23488 23488 I net.osmand: RoutingHelper Recalculate route, because correlation  : 1723743.7223726055
06-29 13:46:15.821 23488 23488 I net.osmand: RoutingHelper Recalculate route, because wrong movement direction: 1723776.1
06-29 13:46:15.889 23488 23488 I net.osmand: RoutingHelper Recalculate route, because correlation  : 1723743.7223726055
06-29 13:46:16.228 23488 23488 I chatty  : uid=10104(net.osmand) identical 1 line
06-29 13:46:16.236 23488 23488 I net.osmand: RoutingHelper Recalculate route, because correlation  : 1723743.7223726055
06-29 13:46:16.236 23488 23488 I net.osmand: RoutingHelper Recalculate route, because wrong movement direction: 1723776.1
06-29 13:46:16.845 23488 23488 I net.osmand: RoutingHelper Recalculate route, because correlation  : 1723743.7223726055
06-29 13:46:16.955 23488 23488 I net.osmand: RoutingHelper Recalculate route, because correlation  : 1723743.7223726055
06-29 13:46:16.955 23488 23488 I net.osmand: RoutingHelper Recalculate route, because wrong movement direction: 1723776.1
06-29 13:46:17.107 23488 23488 I net.osmand: RoutingHelper Recalculate route, because correlation  : 1723743.7223726055
06-29 13:46:17.111 23488 23488 I net.osmand: RoutingHelper Recalculate route, because correlation  : 1723743.7223726055
06-29 13:46:17.111 23488 23488 I net.osmand: RoutingHelper Recalculate route, because wrong movement direction: 1723776.1
06-29 13:46:17.591 23488 23488 I net.osmand: RoutingHelper Recalculate route, because correlation  : 1723743.7223726055
06-29 13:46:17.601 23488 23488 I net.osmand: RoutingHelper Recalculate route, because correlation  : 1723743.7223726055
06-29 13:46:17.602 23488 23488 I net.osmand: RoutingHelper Recalculate route, because wrong movement direction: 1723776.1
06-29 13:46:17.821 23488 23488 I net.osmand: RoutingHelper Recalculate route, because correlation  : 1723743.7223726055
06-29 13:46:17.828 23488 23488 I net.osmand: RoutingHelper Recalculate route, because correlation  : 1723743.7223726055
06-29 13:46:17.828 23488 23488 I net.osmand: RoutingHelper Recalculate route, because wrong movement direction: 1723776.1
06-29 13:46:18.516 23488 23488 I net.osmand: RoutingHelper Recalculate route, because correlation  : 1723743.7223726055
06-29 13:46:18.522 23488 23488 I net.osmand: RoutingHelper Recalculate route, because correlation  : 1723743.7223726055
06-29 13:46:18.522 23488 23488 I net.osmand: RoutingHelper Recalculate route, because wrong movement direction: 1723776.1
06-29 13:46:18.908 23488 23488 I net.osmand: RoutingHelper Recalculate route, because correlation  : 1723743.7223726055
06-29 13:46:18.914 23488 23488 I net.osmand: RoutingHelper Recalculate route, because correlation  : 1723743.7223726055
06-29 13:46:18.914 23488 23488 I net.osmand: RoutingHelper Recalculate route, because wrong movement direction: 1723776.1
06-29 13:46:19.078 23488 23488 I net.osmand: RoutingHelper Recalculate route, because correlation  : 1723743.7223726055
06-29 13:46:19.085 23488 23488 I net.osmand: RoutingHelper Recalculate route, because correlation  : 1723743.7223726055
06-29 13:46:19.086 23488 23488 I net.osmand: RoutingHelper Recalculate route, because wrong movement direction: 1723776.1
06-29 13:46:19.847 23488 23488 I net.osmand: RoutingHelper Recalculate route, because correlation  : 1723743.7223726055
06-29 13:46:19.872 23488 23488 I net.osmand: RoutingHelper Recalculate route, because correlation  : 1723743.7223726055
06-29 13:46:19.872 23488 23488 I net.osmand: RoutingHelper Recalculate route, because wrong movement direction: 1723776.1
06-29 13:46:20.064 23488 23488 I net.osmand: RoutingHelper Recalculate route, because correlation  : 1723743.7223726055
06-29 13:46:20.073 23488 23488 I net.osmand: RoutingHelper Recalculate route, because correlation  : 1723743.7223726055
06-29 13:46:20.073 23488 23488 I net.osmand: RoutingHelper Recalculate route, because wrong movement direction: 1723776.1
06-29 13:46:20.525 23488 23488 I net.osmand: RoutingHelper Recalculate route, because correlation  : 1723743.7223726055
06-29 13:46:20.526 23488 23488 I net.osmand: RoutingHelper Recalculate route, because wrong movement direction: 1723776.1
06-29 13:46:20.602 23488 23488 I net.osmand: RoutingHelper Recalculate route, because correlation  : 1723743.7223726055
06-29 13:46:20.844 23488 23488 I net.osmand: RoutingHelper Recalculate route, because correlation  : 1723743.7223726055
06-29 13:46:20.847 23488 23488 I net.osmand: RoutingHelper Recalculate route, because wrong movement direction: 1723776.1
06-29 13:46:20.926 23488 23488 I net.osmand: RoutingHelper Recalculate route, because correlation  : 1723743.7223726055
06-29 13:46:21.372 23488 23488 I net.osmand: RoutingHelper Recalculate route, because correlation  : 1723743.7223726055
06-29 13:46:21.372 23488 23488 I net.osmand: RoutingHelper Recalculate route, because wrong movement direction: 1723776.1
06-29 13:46:21.462 23488 23488 I net.osmand: RoutingHelper Recalculate route, because correlation  : 1723743.7223726055
06-29 13:46:21.893 23488 23488 I net.osmand: RoutingHelper Recalculate route, because correlation  : 1723743.7223726055
06-29 13:46:21.894 23488 23488 I net.osmand: RoutingHelper Recalculate route, because wrong movement direction: 1723776.1
06-29 13:46:21.989 23488 23488 I net.osmand: RoutingHelper Recalculate route, because correlation  : 1723743.7223726055
06-29 13:46:22.126 23488 23488 I chatty  : uid=10104(net.osmand) identical 1 line
06-29 13:46:22.128 23488 23488 I net.osmand: RoutingHelper Recalculate route, because correlation  : 1723743.7223726055
06-29 13:46:22.128 23488 23488 I net.osmand: RoutingHelper Recalculate route, because wrong movement direction: 1723776.1
06-29 13:46:22.795 23488 23488 I net.osmand: RoutingHelper Recalculate route, because correlation  : 1723743.7223726055
06-29 13:46:22.868 23488 23488 I chatty  : uid=10104(net.osmand) identical 1 line
06-29 13:46:22.886 23488 23488 I net.osmand: RoutingHelper Recalculate route, because correlation  : 1723743.7223726055
06-29 13:46:22.886 23488 23488 I net.osmand: RoutingHelper Recalculate route, because wrong movement direction: 1723776.1
06-29 13:46:23.004 23488 23488 I net.osmand: RoutingHelper Recalculate route, because correlation  : 1723743.7223726055
06-29 13:46:23.004 23488 23488 I net.osmand: RoutingHelper Recalculate route, because wrong movement direction: 1723776.1
06-29 13:46:23.329  1406  1406 I boot-pipe: done populating /dev/random
06-29 13:46:23.559 23488 23488 I net.osmand: RoutingHelper Recalculate route, because correlation  : 1723743.7223726055
06-29 13:46:23.594 23488 23488 I net.osmand: RoutingHelper Recalculate route, because correlation  : 1723743.7223726055
06-29 13:46:23.594 23488 23488 I net.osmand: RoutingHelper Recalculate route, because wrong movement direction: 1723776.1
06-29 13:46:23.828 23488 23488 I net.osmand: RoutingHelper Recalculate route, because correlation  : 1723743.7223726055
06-29 13:46:23.848 23488 23488 I net.osmand: RoutingHelper Recalculate route, because correlation  : 1723743.7223726055
06-29 13:46:23.848 23488 23488 I net.osmand: RoutingHelper Recalculate route, because wrong movement direction: 1723776.1
06-29 13:46:24.168 23488 23488 I net.osmand: RoutingHelper Recalculate route, because correlation  : 1723743.7223726055
06-29 13:46:24.209 23488 23488 I net.osmand: RoutingHelper Recalculate route, because correlation  : 1723743.7223726055
06-29 13:46:24.210 23488 23488 I net.osmand: RoutingHelper Recalculate route, because wrong movement direction: 1723776.1
06-29 13:46:24.645 25395 25426 E PlayCommon: [856] PlayEventLogger.uploadLog: Failed to connect to server: java.net.UnknownHostException: Unable to resolve host "play.googleapis.com": No address associated with hostname
06-29 13:46:24.825 23488 23488 I net.osmand: RoutingHelper Recalculate route, because correlation  : 1723743.7223726055
06-29 13:46:24.850 23488 23488 I net.osmand: RoutingHelper Recalculate route, because correlation  : 1723743.7223726055
06-29 13:46:24.850 23488 23488 I net.osmand: RoutingHelper Recalculate route, because wrong movement direction: 1723776.1
06-29 13:46:25.004 23488 23488 I net.osmand: RoutingHelper Recalculate route, because correlation  : 1723743.7223726055
06-29 13:46:25.045 23488 23488 I net.osmand: RoutingHelper Recalculate route, because correlation  : 1723743.7223726055
06-29 13:46:25.045 23488 23488 I net.osmand: RoutingHelper Recalculate route, because wrong movement direction: 1723776.1
06-29 13:46:25.446 23488 23488 I net.osmand: RoutingHelper Recalculate route, because correlation  : 1723743.7223726055
06-29 13:46:25.453 23488 23488 I net.osmand: RoutingHelper Recalculate route, because correlation  : 1723743.7223726055
06-29 13:46:25.454 23488 23488 I net.osmand: RoutingHelper Recalculate route, because wrong movement direction: 1723776.1
06-29 13:46:25.817 23488 23488 I net.osmand: RoutingHelper Recalculate route, because correlation  : 1723743.7223726055
06-29 13:46:25.818 23488 23488 I net.osmand: RoutingHelper Recalculate route, because wrong movement direction: 1723776.1
06-29 13:46:25.878 23488 23488 I net.osmand: RoutingHelper Recalculate route, because correlation  : 1723743.7223726055
06-29 13:46:26.374 23488 23488 I net.osmand: RoutingHelper Recalculate route, because correlation  : 1723743.7223726055
06-29 13:46:26.374 23488 23488 I net.osmand: RoutingHelper Recalculate route, because wrong movement direction: 1723776.1
06-29 13:46:26.474 23488 23488 I net.osmand: RoutingHelper Recalculate route, because correlation  : 1723743.7223726055
06-29 13:46:26.830 23488 23488 I net.osmand: RoutingHelper Recalculate route, because correlation  : 1723743.7223726055
06-29 13:46:26.830 23488 23488 I net.osmand: RoutingHelper Recalculate route, because wrong movement direction: 1723776.1
06-29 13:46:26.848  1600  2131 I ActivityManager: Process com.mapfactor.navigator:Notifications (pid 23411) has died: cch+6SVC 
06-29 13:46:26.871  1600  1616 W zygote  : kill(-23411, 9) failed: No such process
06-29 13:46:26.871  1600  1616 I zygote  : Successfully killed process cgroup uid 10088 pid 23411 in 0ms
06-29 13:46:26.894  1600  2131 W ActivityManager: Scheduling restart of crashed service com.mapfactor.navigator/.notifications.NotificationsService in 1000ms
06-29 13:46:26.950 23488 23488 I net.osmand: RoutingHelper Recalculate route, because correlation  : 1723743.7223726055
06-29 13:46:26.950 23488 23488 I net.osmand: RoutingHelper Recalculate route, because wrong movement direction: 1723776.1
06-29 13:46:26.953  1600  5707 I ActivityManager: Process com.android.calllogbackup (pid 23819) has died: cch+6CEM 
06-29 13:46:26.955  1600  1616 W zygote  : kill(-23819, 9) failed: No such process
06-29 13:46:26.955  1600  1616 I zygote  : Successfully killed process cgroup uid 10002 pid 23819 in 0ms
06-29 13:46:27.023  1600  1613 E memtrack: Couldn't load memtrack module
06-29 13:46:27.023  1600  1613 W android.os.Debug: failed to get memory consumption info: -1
06-29 13:46:27.028 23488 23488 I net.osmand: RoutingHelper Recalculate route, because correlation  : 1723743.7223726055
06-29 13:46:27.044 23488 23488 I net.osmand: RoutingHelper Recalculate route, because correlation  : 1723743.7223726055
06-29 13:46:27.224  1600  1613 E memtrack: Couldn't load memtrack module
06-29 13:46:27.224  1600  1613 W android.os.Debug: failed to get memory consumption info: -1
06-29 13:46:27.396  1600  1613 E memtrack: Couldn't load memtrack module
06-29 13:46:27.396  1600  1613 W android.os.Debug: failed to get memory consumption info: -1
06-29 13:46:27.850 23488 23488 I net.osmand: RoutingHelper Recalculate route, because correlation  : 1723743.7223726055
06-29 13:46:27.850 23488 23488 I net.osmand: RoutingHelper Recalculate route, because wrong movement direction: 1723776.1
06-29 13:46:27.857  1964  1964 I GeofencerStateMachine: sendNewTransitions called.
06-29 13:46:27.872 23488 23488 I net.osmand: RoutingHelper Recalculate route, because correlation  : 1723743.7223726055
06-29 13:46:27.872 23488 23488 I net.osmand: RoutingHelper Recalculate route, because wrong movement direction: 1723776.1
06-29 13:46:27.936 23488 23488 I net.osmand: RoutingHelper Recalculate route, because correlation  : 1723743.7223726055
06-29 13:46:28.010  1600  1614 W ActivityManager: Slow operation: 99ms so far, now at startProcess: returned from zygote!
06-29 13:46:28.010  1600  1614 W ActivityManager: Slow operation: 99ms so far, now at startProcess: done updating battery stats
06-29 13:46:28.014  1600  1614 W ActivityManager: Slow operation: 103ms so far, now at startProcess: building log message
06-29 13:46:28.014  1600  1614 I ActivityManager: Start proc 25659:com.mapfactor.navigator:Notifications/u0a88 for service com.mapfactor.navigator/.notifications.NotificationsService
06-29 13:46:28.014  1600  1614 W ActivityManager: Slow operation: 103ms so far, now at startProcess: starting to update pids map
06-29 13:46:28.015  1600  1614 W ActivityManager: Slow operation: 103ms so far, now at startProcess: done updating pids map
06-29 13:46:28.015  1600  1614 W ActivityManager: Slow operation: 114ms so far, now at startProcess: done starting proc!
06-29 13:46:27.997 23488 23488 I net.osmand: RoutingHelper Recalculate route, because correlation  : 1723743.7223726055
06-29 13:46:28.085 25659 25659 W zygote  : Unexpected CPU variant for X86 using defaults: x86
06-29 13:46:28.624 23488 23488 I net.osmand: RoutingHelper Recalculate route, because correlation  : 1723743.7223726055
06-29 13:46:28.756 23488 23488 I net.osmand: RoutingHelper Recalculate route, because correlation  : 1723743.7223726055
06-29 13:46:28.756 23488 23488 I net.osmand: RoutingHelper Recalculate route, because wrong movement direction: 1723776.1
06-29 13:46:28.948 23488 23488 I net.osmand: RoutingHelper Recalculate route, because correlation  : 1723743.7223726055
06-29 13:46:28.974 23488 23488 I net.osmand: RoutingHelper Recalculate route, because correlation  : 1723743.7223726055
06-29 13:46:28.974 23488 23488 I net.osmand: RoutingHelper Recalculate route, because wrong movement direction: 1723776.1
06-29 13:46:29.463  1600  2131 I WifiService: acquireWifiLock uid=10014 lockMode=2
06-29 13:46:29.487  1600  1613 E memtrack: Couldn't load memtrack module
06-29 13:46:29.488  1600  1613 W android.os.Debug: failed to get memory consumption info: -1
06-29 13:46:29.767  1600  1613 E memtrack: Couldn't load memtrack module
06-29 13:46:29.767  1600  1613 W android.os.Debug: failed to get memory consumption info: -1
06-29 13:46:29.879 23488 23488 I net.osmand: RoutingHelper Recalculate route, because correlation  : 1723743.7223726055
06-29 13:46:29.879 23488 23488 I net.osmand: RoutingHelper Recalculate route, because wrong movement direction: 1723776.1
06-29 13:46:29.906 23488 23488 I net.osmand: RoutingHelper Recalculate route, because correlation  : 1723743.7223726055
06-29 13:46:30.332 23488 23488 I chatty  : uid=10104(net.osmand) identical 1 line
06-29 13:46:30.342 23488 23488 I net.osmand: RoutingHelper Recalculate route, because correlation  : 1723743.7223726055
06-29 13:46:30.343 23488 23488 I net.osmand: RoutingHelper Recalculate route, because wrong movement direction: 1723776.1
06-29 13:46:30.830 23488 23488 I net.osmand: RoutingHelper Recalculate route, because correlation  : 1723743.7223726055
06-29 13:46:30.893 23488 23488 I net.osmand: RoutingHelper Recalculate route, because correlation  : 1723743.7223726055
06-29 13:46:30.893 23488 23488 I net.osmand: RoutingHelper Recalculate route, because wrong movement direction: 1723776.1
06-29 13:46:31.364 23488 23488 I net.osmand: RoutingHelper Recalculate route, because correlation  : 1723743.7223726055
06-29 13:46:31.364 23488 23488 I net.osmand: RoutingHelper Recalculate route, because wrong movement direction: 1723776.1
06-29 13:46:31.445 23488 23488 I net.osmand: RoutingHelper Recalculate route, because correlation  : 1723743.7223726055
06-29 13:46:31.709 23488 25346 I net.osmand:native: Run GC (before 57.650108 Mb after 44.722788 Mb) unload 312 of 993 tiles
06-29 13:46:31.830 23488 23488 I net.osmand: RoutingHelper Recalculate route, because correlation  : 1723743.7223726055
06-29 13:46:32.056 23488 23488 I net.osmand: RoutingHelper Recalculate route, because correlation  : 1723743.7223726055
06-29 13:46:32.057 23488 23488 I net.osmand: RoutingHelper Recalculate route, because wrong movement direction: 1723776.1
06-29 13:46:32.091 23488 23488 I net.osmand: RoutingHelper Recalculate route, because correlation  : 1723743.7223726055
06-29 13:46:32.091 23488 23488 I net.osmand: RoutingHelper Recalculate route, because wrong movement direction: 1723776.1
06-29 13:46:32.094 23488 23488 I net.osmand: RoutingHelper Recalculate route, because correlation  : 1723743.7223726055
06-29 13:46:32.506  1600  4840 D WificondControl: Scan result ready event
06-29 13:46:32.661  1600  4840 I WifiService: releaseWifiLock uid=10014
06-29 13:46:32.926 23488 23488 I net.osmand: RoutingHelper Recalculate route, because correlation  : 1723743.7223726055
06-29 13:46:32.926 23488 23488 I net.osmand: RoutingHelper Recalculate route, because wrong movement direction: 1723776.1
06-29 13:46:32.940 23488 23488 I net.osmand: RoutingHelper Recalculate route, because correlation  : 1723743.7223726055
06-29 13:46:32.940 23488 23488 I net.osmand: RoutingHelper Recalculate route, because wrong movement direction: 1723776.1
06-29 13:46:32.944 23488 23488 I net.osmand: RoutingHelper Recalculate route, because correlation  : 1723743.7223726055
06-29 13:46:32.969 23488 23488 I chatty  : uid=10104(net.osmand) identical 1 line
06-29 13:46:33.456 23488 23488 I net.osmand: RoutingHelper Recalculate route, because correlation  : 1723743.7223726055
06-29 13:46:33.457 23488 23488 I net.osmand: RoutingHelper Recalculate route, because wrong movement direction: 1723776.1
06-29 13:46:33.511 23488 23488 I net.osmand: RoutingHelper Recalculate route, because correlation  : 1723743.7223726055
06-29 13:46:33.821 23488 23488 I net.osmand: RoutingHelper Recalculate route, because correlation  : 1723743.7223726055
06-29 13:46:33.821 23488 23488 I net.osmand: RoutingHelper Recalculate route, because wrong movement direction: 1723776.1
06-29 13:46:33.837 23488 23488 I net.osmand: RoutingHelper Recalculate route, because correlation  : 1723743.7223726055
06-29 13:46:34.261 23488 23488 I net.osmand: RoutingHelper Recalculate route, because correlation  : 1723743.7223726055
06-29 13:46:34.261 23488 23488 I net.osmand: RoutingHelper Recalculate route, because wrong movement direction: 1723776.1
06-29 13:46:34.357 23488 23488 I net.osmand: RoutingHelper Recalculate route, because correlation  : 1723743.7223726055
06-29 13:46:34.703 23488 23488 I net.osmand: RoutingHelper Recalculate route, because correlation  : 1723743.7223726055
06-29 13:46:34.704 23488 23488 I net.osmand: RoutingHelper Recalculate route, because wrong movement direction: 1723776.1
06-29 13:46:34.756 23488 23488 I net.osmand: RoutingHelper Recalculate route, because correlation  : 1723743.7223726055
06-29 13:46:34.905 23488 23488 I net.osmand: RoutingHelper Recalculate route, because correlation  : 1723743.7223726055
06-29 13:46:34.905 23488 23488 I net.osmand: RoutingHelper Recalculate route, because wrong movement direction: 1723776.1
06-29 13:46:34.918 23488 23488 I net.osmand: RoutingHelper Recalculate route, because correlation  : 1723743.7223726055
06-29 13:46:35.555 23488 23488 I chatty  : uid=10104(net.osmand) identical 1 line
06-29 13:46:35.560 23488 23488 I net.osmand: RoutingHelper Recalculate route, because correlation  : 1723743.7223726055
06-29 13:46:35.560 23488 23488 I net.osmand: RoutingHelper Recalculate route, because wrong movement direction: 1723776.1
06-29 13:46:35.823 23488 23488 I net.osmand: RoutingHelper Recalculate route, because correlation  : 1723743.7223726055
06-29 13:46:35.823 23488 23488 I net.osmand: RoutingHelper Recalculate route, because wrong movement direction: 1723776.1
06-29 13:46:35.888 23488 23488 I net.osmand: RoutingHelper Recalculate route, because correlation  : 1723743.7223726055
06-29 13:46:36.114 23488 23488 I net.osmand: RoutingHelper Recalculate route, because correlation  : 1723743.7223726055
06-29 13:46:36.114 23488 23488 I net.osmand: RoutingHelper Recalculate route, because wrong movement direction: 1723776.1
06-29 13:46:36.175 23488 23488 I net.osmand: RoutingHelper Recalculate route, because correlation  : 1723743.7223726055
06-29 13:46:36.842 23488 23488 I net.osmand: RoutingHelper Recalculate route, because correlation  : 1723743.7223726055
06-29 13:46:36.842 23488 23488 I net.osmand: RoutingHelper Recalculate route, because wrong movement direction: 1723776.1
06-29 13:46:36.856 23488 23488 I net.osmand: RoutingHelper Recalculate route, because correlation  : 1723743.7223726055
06-29 13:46:36.856 23488 23488 I net.osmand: RoutingHelper Recalculate route, because wrong movement direction: 1723776.1
06-29 13:46:37.009 23488 23488 I net.osmand: RoutingHelper Recalculate route, because correlation  : 1723743.7223726055
06-29 13:46:37.470 23488 23488 I chatty  : uid=10104(net.osmand) identical 2 lines
06-29 13:46:37.490 23488 23488 I net.osmand: RoutingHelper Recalculate route, because correlation  : 1723743.7223726055
06-29 13:46:37.490 23488 23488 I net.osmand: RoutingHelper Recalculate route, because wrong movement direction: 1723776.1
06-29 13:46:37.826 23488 23488 I net.osmand: RoutingHelper Recalculate route, because correlation  : 1723743.7223726055
06-29 13:46:37.833 23488 23488 I net.osmand: RoutingHelper Recalculate route, because correlation  : 1723743.7223726055
06-29 13:46:37.833 23488 23488 I net.osmand: RoutingHelper Recalculate route, because wrong movement direction: 1723776.1
06-29 13:46:38.173 23488 23488 I net.osmand: RoutingHelper Recalculate route, because correlation  : 1723743.7223726055
06-29 13:46:38.173 23488 23488 I net.osmand: RoutingHelper Recalculate route, because wrong movement direction: 1723776.1
06-29 13:46:38.225 23488 23488 I net.osmand: RoutingHelper Recalculate route, because correlation  : 1723743.7223726055
06-29 13:46:38.797 23488 23488 I net.osmand: RoutingHelper Recalculate route, because correlation  : 1723743.7223726055
06-29 13:46:38.798 23488 23488 I net.osmand: RoutingHelper Recalculate route, because wrong movement direction: 1723776.1
06-29 13:46:38.927 23488 23488 I net.osmand: RoutingHelper Recalculate route, because correlation  : 1723743.7223726055
06-29 13:46:38.927 23488 23488 I net.osmand: RoutingHelper Recalculate route, because wrong movement direction: 1723776.1
06-29 13:46:38.934 23488 23488 I net.osmand: RoutingHelper Recalculate route, because correlation  : 1723743.7223726055
06-29 13:46:39.488 23488 23488 I chatty  : uid=10104(net.osmand) identical 2 lines
06-29 13:46:39.492 23488 23488 I net.osmand: RoutingHelper Recalculate route, because correlation  : 1723743.7223726055
06-29 13:46:39.493 23488 23488 I net.osmand: RoutingHelper Recalculate route, because wrong movement direction: 1723776.1
06-29 13:46:39.832 23488 23488 I net.osmand: RoutingHelper Recalculate route, because correlation  : 1723743.7223726055
06-29 13:46:39.853 23488 23488 I net.osmand: RoutingHelper Recalculate route, because correlation  : 1723743.7223726055
06-29 13:46:39.853 23488 23488 I net.osmand: RoutingHelper Recalculate route, because wrong movement direction: 1723776.1
06-29 13:46:40.285 23488 23488 I net.osmand: RoutingHelper Recalculate route, because correlation  : 1723743.7223726055
06-29 13:46:40.289 23488 23488 I net.osmand: RoutingHelper Recalculate route, because correlation  : 1723743.7223726055
06-29 13:46:40.289 23488 23488 I net.osmand: RoutingHelper Recalculate route, because wrong movement direction: 1723776.1
06-29 13:46:41.191  1399  1414 D hwcomposer: hw_composer sent 44 syncs in 156s
06-29 13:46:41.195 23488 23488 I net.osmand: RoutingHelper Recalculate route, because correlation  : 1723743.7223726055
06-29 13:46:41.226 23488 23488 I net.osmand: RoutingHelper Recalculate route, because correlation  : 1723743.7223726055
06-29 13:46:41.226 23488 23488 I net.osmand: RoutingHelper Recalculate route, because wrong movement direction: 1723776.1
06-29 13:46:41.280 23488 23488 I net.osmand: RoutingHelper Recalculate route, because correlation  : 1723743.7223726055
06-29 13:46:41.374 23488 23488 I net.osmand: RoutingHelper Recalculate route, because correlation  : 1723743.7223726055
06-29 13:46:41.374 23488 23488 I net.osmand: RoutingHelper Recalculate route, because wrong movement direction: 1723776.1
06-29 13:46:41.689 23488 23488 I net.osmand: RoutingHelper Recalculate route, because correlation  : 1723743.7223726055
06-29 13:46:41.689 23488 23488 I net.osmand: RoutingHelper Recalculate route, because wrong movement direction: 1723776.1
06-29 13:46:41.796 23488 23488 I net.osmand: RoutingHelper Recalculate route, because correlation  : 1723743.7223726055
06-29 13:46:41.871 23488 23488 I chatty  : uid=10104(net.osmand) identical 1 line
06-29 13:46:41.875 23488 23488 I net.osmand: RoutingHelper Recalculate route, because correlation  : 1723743.7223726055
06-29 13:46:41.875 23488 23488 I net.osmand: RoutingHelper Recalculate route, because wrong movement direction: 1723776.1
06-29 13:46:42.486 23488 23488 I net.osmand: RoutingHelper Recalculate route, because correlation  : 1723743.7223726055
06-29 13:46:42.510 23488 23488 I net.osmand: RoutingHelper Recalculate route, because correlation  : 1723743.7223726055
06-29 13:46:42.510 23488 23488 I net.osmand: RoutingHelper Recalculate route, because wrong movement direction: 1723776.1
06-29 13:46:42.835 23488 23488 I net.osmand: RoutingHelper Recalculate route, because correlation  : 1723743.7223726055
06-29 13:46:42.844 23488 23488 I net.osmand: RoutingHelper Recalculate route, because correlation  : 1723743.7223726055
06-29 13:46:42.844 23488 23488 I net.osmand: RoutingHelper Recalculate route, because wrong movement direction: 1723776.1
06-29 13:46:43.083 23488 23488 I net.osmand: RoutingHelper Recalculate route, because correlation  : 1723743.7223726055
06-29 13:46:43.084 23488 23488 I net.osmand: RoutingHelper Recalculate route, because wrong movement direction: 1723776.1
06-29 13:46:43.090 23488 23488 I net.osmand: RoutingHelper Recalculate route, because correlation  : 1723743.7223726055
06-29 13:46:43.826 23488 23488 I net.osmand: RoutingHelper Recalculate route, because correlation  : 1723743.7223726055
06-29 13:46:43.826 23488 23488 I net.osmand: RoutingHelper Recalculate route, because wrong movement direction: 1723776.1
06-29 13:46:43.851 23488 23488 I net.osmand: RoutingHelper Recalculate route, because correlation  : 1723743.7223726055
06-29 13:46:43.851 23488 23488 I net.osmand: RoutingHelper Recalculate route, because wrong movement direction: 1723776.1
06-29 13:46:43.897 23488 23488 I net.osmand: RoutingHelper Recalculate route, because correlation  : 1723743.7223726055
06-29 13:46:44.346 23488 23488 I chatty  : uid=10104(net.osmand) identical 2 lines
06-29 13:46:44.369 23488 23488 I net.osmand: RoutingHelper Recalculate route, because correlation  : 1723743.7223726055
06-29 13:46:44.370 23488 23488 I net.osmand: RoutingHelper Recalculate route, because wrong movement direction: 1723776.1
06-29 13:46:44.830 23488 23488 I net.osmand: RoutingHelper Recalculate route, because correlation  : 1723743.7223726055
06-29 13:46:44.845 23488 23488 I net.osmand: RoutingHelper Recalculate route, because correlation  : 1723743.7223726055
06-29 13:46:44.845 23488 23488 I net.osmand: RoutingHelper Recalculate route, because wrong movement direction: 1723776.1
06-29 13:46:45.120 23488 23488 I net.osmand: RoutingHelper Recalculate route, because correlation  : 1723743.7223726055
06-29 13:46:45.120 23488 23488 I net.osmand: RoutingHelper Recalculate route, because wrong movement direction: 1723776.1
06-29 13:46:45.125 23488 23488 I net.osmand: RoutingHelper Recalculate route, because correlation  : 1723743.7223726055
06-29 13:46:45.680 23488 23488 I net.osmand: RoutingHelper Recalculate route, because correlation  : 1723743.7223726055
06-29 13:46:45.680 23488 23488 I net.osmand: RoutingHelper Recalculate route, because wrong movement direction: 1723776.1
06-29 13:46:45.715 23488 23488 I net.osmand: RoutingHelper Recalculate route, because correlation  : 1723743.7223726055
06-29 13:46:45.910 23488 23488 I chatty  : uid=10104(net.osmand) identical 1 line
06-29 13:46:45.915 23488 23488 I net.osmand: RoutingHelper Recalculate route, because correlation  : 1723743.7223726055
06-29 13:46:45.915 23488 23488 I net.osmand: RoutingHelper Recalculate route, because wrong movement direction: 1723776.1
06-29 13:46:46.572 23488 23488 I net.osmand: RoutingHelper Recalculate route, because correlation  : 1723743.7223726055
06-29 13:46:46.593 23488 23488 I net.osmand: RoutingHelper Recalculate route, because correlation  : 1723743.7223726055
06-29 13:46:46.594 23488 23488 I net.osmand: RoutingHelper Recalculate route, because wrong movement direction: 1723776.1
06-29 13:46:46.850 23488 23488 I net.osmand: RoutingHelper Recalculate route, because correlation  : 1723743.7223726055
06-29 13:46:46.858 23488 23488 I net.osmand: RoutingHelper Recalculate route, because correlation  : 1723743.7223726055
06-29 13:46:46.859 23488 23488 I net.osmand: RoutingHelper Recalculate route, because wrong movement direction: 1723776.1
06-29 13:46:47.168 23488 23488 I net.osmand: RoutingHelper Recalculate route, because correlation  : 1723743.7223726055
06-29 13:46:47.179 23488 23488 I net.osmand: RoutingHelper Recalculate route, because correlation  : 1723743.7223726055
06-29 13:46:47.179 23488 23488 I net.osmand: RoutingHelper Recalculate route, because wrong movement direction: 1723776.1
06-29 13:46:47.833 23488 23488 I net.osmand: RoutingHelper Recalculate route, because correlation  : 1723743.7223726055
06-29 13:46:47.871 23488 23488 I net.osmand: RoutingHelper Recalculate route, because correlation  : 1723743.7223726055
06-29 13:46:47.871 23488 23488 I net.osmand: RoutingHelper Recalculate route, because wrong movement direction: 1723776.1
06-29 13:46:48.060 23488 23488 I net.osmand: RoutingHelper Recalculate route, because correlation  : 1723743.7223726055
06-29 13:46:48.145 23488 23488 I net.osmand: RoutingHelper Recalculate route, because correlation  : 1723743.7223726055
06-29 13:46:48.145 23488 23488 I net.osmand: RoutingHelper Recalculate route, because wrong movement direction: 1723776.1
06-29 13:46:48.555 23488 23488 I net.osmand: RoutingHelper Recalculate route, because correlation  : 1723743.7223726055
06-29 13:46:48.555 23488 23488 I net.osmand: RoutingHelper Recalculate route, because wrong movement direction: 1723776.1
06-29 13:46:48.626 23488 23488 I net.osmand: RoutingHelper Recalculate route, because correlation  : 1723743.7223726055
06-29 13:46:48.828 23488 23488 I net.osmand: RoutingHelper Recalculate route, because correlation  : 1723743.7223726055
06-29 13:46:48.829 23488 23488 I net.osmand: RoutingHelper Recalculate route, because wrong movement direction: 1723776.1
06-29 13:46:48.893 23488 23488 I net.osmand: RoutingHelper Recalculate route, because correlation  : 1723743.7223726055
06-29 13:46:49.392 23488 23488 I chatty  : uid=10104(net.osmand) identical 1 line
06-29 13:46:49.462 23488 23488 I net.osmand: RoutingHelper Recalculate route, because correlation  : 1723743.7223726055
06-29 13:46:49.462 23488 23488 I net.osmand: RoutingHelper Recalculate route, because wrong movement direction: 1723776.1
06-29 13:46:49.531  1600  2662 I WifiService: acquireWifiLock uid=10014 lockMode=2
06-29 13:46:49.558  1600  1600 I ActivityManager: Start proc 25688:com.android.chrome/u0a49 for service com.android.chrome/org.chromium.components.background_task_scheduler.BackgroundTaskJobService
06-29 13:46:49.565  1600  1613 E memtrack: Couldn't load memtrack module
06-29 13:46:49.566  1600  1613 W android.os.Debug: failed to get memory consumption info: -1
06-29 13:46:49.614 25688 25688 W zygote  : Unexpected CPU variant for X86 using defaults: x86
06-29 13:46:49.804  1600  2662 I WifiService: releaseWifiLock uid=10014
06-29 13:46:49.865 23488 23488 I net.osmand: RoutingHelper Recalculate route, because correlation  : 1723743.7223726055
06-29 13:46:49.865 23488 23488 I net.osmand: RoutingHelper Recalculate route, because wrong movement direction: 1723776.1
06-29 13:46:49.877 23488 23488 I net.osmand: RoutingHelper Recalculate route, because correlation  : 1723743.7223726055
06-29 13:46:50.071 23488 23488 I net.osmand: RoutingHelper Recalculate route, because correlation  : 1723743.7223726055
06-29 13:46:50.071 23488 23488 I net.osmand: RoutingHelper Recalculate route, because wrong movement direction: 1723776.1
06-29 13:46:50.162 23488 23488 I net.osmand: RoutingHelper Recalculate route, because correlation  : 1723743.7223726055
06-29 13:46:50.785  1600  2660 I ActivityManager: Process android.process.acore (pid 23688) has died: cch+6CEM 
06-29 13:46:50.788  1600  1616 W zygote  : kill(-23688, 9) failed: No such process
06-29 13:46:50.788  1600  1616 I zygote  : Successfully killed process cgroup uid 10002 pid 23688 in 0ms
06-29 13:46:50.878 23488 23488 I net.osmand: RoutingHelper Recalculate route, because correlation  : 1723743.7223726055
06-29 13:46:50.941 23488 23488 I net.osmand: RoutingHelper Recalculate route, because correlation  : 1723743.7223726055
06-29 13:46:50.941 23488 23488 I net.osmand: RoutingHelper Recalculate route, because wrong movement direction: 1723776.1
06-29 13:46:50.989 23488 23488 I net.osmand: RoutingHelper Recalculate route, because correlation  : 1723743.7223726055
06-29 13:46:50.989 23488 23488 I net.osmand: RoutingHelper Recalculate route, because wrong movement direction: 1723776.1
06-29 13:46:50.998 23488 23488 I net.osmand: RoutingHelper Recalculate route, because correlation  : 1723743.7223726055
06-29 13:46:51.475  1600  1609 I zygote  : Background concurrent copying GC freed 60843(2MB) AllocSpace objects, 0(0B) LOS objects, 20% free, 23MB/29MB, paused 14.332ms total 993.423ms
06-29 13:46:51.554 23488 23488 I net.osmand: RoutingHelper Recalculate route, because correlation  : 1723743.7223726055
06-29 13:46:51.557 23488 23488 I net.osmand: RoutingHelper Recalculate route, because correlation  : 1723743.7223726055
06-29 13:46:51.557 23488 23488 I net.osmand: RoutingHelper Recalculate route, because wrong movement direction: 1723776.1
06-29 13:46:51.854 23488 23488 I net.osmand: RoutingHelper Recalculate route, because correlation  : 1723743.7223726055
06-29 13:46:51.865 23488 23488 I net.osmand: RoutingHelper Recalculate route, because correlation  : 1723743.7223726055
06-29 13:46:51.866 23488 23488 I net.osmand: RoutingHelper Recalculate route, because wrong movement direction: 1723776.1
06-29 13:46:52.312 23488 23488 I net.osmand: RoutingHelper Recalculate route, because correlation  : 1723743.7223726055
06-29 13:46:52.347 23488 23488 I net.osmand: RoutingHelper Recalculate route, because correlation  : 1723743.7223726055
06-29 13:46:52.347 23488 23488 I net.osmand: RoutingHelper Recalculate route, because wrong movement direction: 1723776.1
06-29 13:46:52.845 23488 23488 I net.osmand: RoutingHelper Recalculate route, because correlation  : 1723743.7223726055
06-29 13:46:52.867 23488 23488 I net.osmand: RoutingHelper Recalculate route, because correlation  : 1723743.7223726055
06-29 13:46:52.867 23488 23488 I net.osmand: RoutingHelper Recalculate route, because wrong movement direction: 1723776.1
06-29 13:46:53.013 23488 23488 I net.osmand: RoutingHelper Recalculate route, because correlation  : 1723743.7223726055
06-29 13:46:53.023 23488 23488 I net.osmand: RoutingHelper Recalculate route, because correlation  : 1723743.7223726055
06-29 13:46:53.024 23488 23488 I net.osmand: RoutingHelper Recalculate route, because wrong movement direction: 1723776.1
06-29 13:46:53.759 23488 23488 I net.osmand: RoutingHelper Recalculate route, because correlation  : 1723743.7223726055
06-29 13:46:53.759 23488 23488 I net.osmand: RoutingHelper Recalculate route, because wrong movement direction: 1723776.1
06-29 13:46:53.880 23488 23488 I net.osmand: RoutingHelper Recalculate route, because correlation  : 1723743.7223726055
06-29 13:46:53.882 23488 23488 I net.osmand: RoutingHelper Recalculate route, because correlation  : 1723743.7223726055
06-29 13:46:53.882 23488 23488 I net.osmand: RoutingHelper Recalculate route, because wrong movement direction: 1723776.1
06-29 13:46:53.887 23488 23488 I net.osmand: RoutingHelper Recalculate route, because correlation  : 1723743.7223726055
06-29 13:46:54.458 23488 23488 I net.osmand: RoutingHelper Recalculate route, because correlation  : 1723743.7223726055
06-29 13:46:54.458 23488 23488 I net.osmand: RoutingHelper Recalculate route, because wrong movement direction: 1723776.1
06-29 13:46:54.551 23488 23488 I net.osmand: RoutingHelper Recalculate route, because correlation  : 1723743.7223726055
06-29 13:46:54.836 23488 23488 D net.osmand: DayNightHelper Sunrise/sunset setting to day: true
06-29 13:46:54.860 23488 23488 I net.osmand: RoutingHelper Recalculate route, because correlation  : 1723743.7223726055
06-29 13:46:54.866 23488 23488 I net.osmand: RoutingHelper Recalculate route, because correlation  : 1723743.7223726055
06-29 13:46:54.866 23488 23488 I net.osmand: RoutingHelper Recalculate route, because wrong movement direction: 1723776.1
06-29 13:46:55.101 23488 23488 I net.osmand: RoutingHelper Recalculate route, because correlation  : 1723743.7223726055
06-29 13:46:55.107 23488 23488 I net.osmand: RoutingHelper Recalculate route, because correlation  : 1723743.7223726055
06-29 13:46:55.107 23488 23488 I net.osmand: RoutingHelper Recalculate route, because wrong movement direction: 1723776.1
06-29 13:46:55.786 23488 23488 I net.osmand: RoutingHelper Recalculate route, because correlation  : 1723743.7223726055
06-29 13:46:55.787 23488 23488 I net.osmand: RoutingHelper Recalculate route, because wrong movement direction: 1723776.1
06-29 13:46:55.792 23488 23488 I net.osmand: RoutingHelper Recalculate route, because correlation  : 1723743.7223726055
06-29 13:46:55.931 23488 23488 I net.osmand: RoutingHelper Recalculate route, because correlation  : 1723743.7223726055
06-29 13:46:55.931 23488 23488 I net.osmand: RoutingHelper Recalculate route, because wrong movement direction: 1723776.1
06-29 13:46:55.937 23488 23488 I net.osmand: RoutingHelper Recalculate route, because correlation  : 1723743.7223726055
06-29 13:46:56.469 23488 23488 I chatty  : uid=10104(net.osmand) identical 1 line
06-29 13:46:56.474 23488 23488 I net.osmand: RoutingHelper Recalculate route, because correlation  : 1723743.7223726055
06-29 13:46:56.474 23488 23488 I net.osmand: RoutingHelper Recalculate route, because wrong movement direction: 1723776.1
06-29 13:46:56.848 23488 23488 I net.osmand: RoutingHelper Recalculate route, because correlation  : 1723743.7223726055
06-29 13:46:56.850 23488 23488 I net.osmand: RoutingHelper Recalculate route, because correlation  : 1723743.7223726055
06-29 13:46:56.850 23488 23488 I net.osmand: RoutingHelper Recalculate route, because wrong movement direction: 1723776.1
06-29 13:46:57.115 23488 23488 I net.osmand: RoutingHelper Recalculate route, because correlation  : 1723743.7223726055
06-29 13:46:57.130 23488 23488 I net.osmand: RoutingHelper Recalculate route, because correlation  : 1723743.7223726055
06-29 13:46:57.130 23488 23488 I net.osmand: RoutingHelper Recalculate route, because wrong movement direction: 1723776.1
06-29 13:46:57.847 23488 23488 I net.osmand: RoutingHelper Recalculate route, because correlation  : 1723743.7223726055
06-29 13:46:57.885  1964  1964 I GeofencerStateMachine: sendNewTransitions called.
06-29 13:46:57.915 23488 23488 I net.osmand: RoutingHelper Recalculate route, because correlation  : 1723743.7223726055
06-29 13:46:57.916 23488 23488 I net.osmand: RoutingHelper Recalculate route, because wrong movement direction: 1723776.1
06-29 13:46:57.988 23488 23488 I net.osmand: RoutingHelper Recalculate route, because correlation  : 1723743.7223726055
06-29 13:46:57.988 23488 23488 I net.osmand: RoutingHelper Recalculate route, because wrong movement direction: 1723776.1
06-29 13:46:57.995 23488 23488 I net.osmand: RoutingHelper Recalculate route, because correlation  : 1723743.7223726055
06-29 13:46:58.494 23488 23488 I chatty  : uid=10104(net.osmand) identical 1 line
06-29 13:46:58.531 23488 23488 I net.osmand: RoutingHelper Recalculate route, because correlation  : 1723743.7223726055
06-29 13:46:58.532 23488 23488 I net.osmand: RoutingHelper Recalculate route, because wrong movement direction: 1723776.1
06-29 13:46:58.845 23488 23488 I net.osmand: RoutingHelper Recalculate route, because correlation  : 1723743.7223726055
06-29 13:46:58.864 23488 23488 I net.osmand: RoutingHelper Recalculate route, because correlation  : 1723743.7223726055
06-29 13:46:58.865 23488 23488 I net.osmand: RoutingHelper Recalculate route, because wrong movement direction: 1723776.1
06-29 13:46:59.214 23488 23488 I net.osmand: RoutingHelper Recalculate route, because correlation  : 1723743.7223726055
