07-18 14:19:28.184  5874  5874 I net.osmand: RoutingHelper Recalculate route, because wrong movement direction: 148455.88
07-18 14:19:28.216  5874  5874 I net.osmand: RoutingHelper Recalculate route, because correlation  : 148455.87871210015
07-18 14:19:28.393  5874  5874 I net.osmand: RoutingHelper Recalculate route, because correlation  : 148157.12652031568
07-18 14:19:28.394  5874  5874 I net.osmand: RoutingHelper Recalculate route, because wrong movement direction: 148157.12
07-18 14:19:28.399  5874  5874 I net.osmand: RoutingHelper Recalculate route, because correlation  : 148157.12652031568
07-18 14:19:28.529  5874  5884 I zygote  : Background concurrent copying GC freed 366223(8MB) AllocSpace objects, 0(0B) LOS objects, 12% free, 43MB/49MB, paused 1.384ms total 1.023s
07-18 14:19:28.684  5874  5901 I net.osmand: MapRenderRepositories RENDER MAP: update due to tile box
07-18 14:19:28.684  5874  5901 I net.osmand: MapRenderRepositories RENDER MAP: Interrupt rendering map
07-18 14:19:28.753  5874  5900 I net.osmand: MapRenderRepositories RENDER MAP: new request RotatedTileBox [lat=-7.260488333333332, lon=-36.23766333333333, rotate=0.0, density=2.625, zoom=17, mapDensity=3.9375, zoomAnimation=0.0, zoomFloatPart=0.0, cx=900, cy=1972, pixWidth=1800, pixHeight=2690]
07-18 14:19:28.828  5874  5900 I net.osmand:native: Route objects 31
07-18 14:19:28.828  5874  5900 I net.osmand:native: Ocean: no completed & incompleted coastlines 0
07-18 14:19:28.828  5874  5900 I net.osmand:native: Detailed coastlines = 0, basemap coastlines 0, ocean tile 0.000000. Detailed added 0, basemap processed 1, basemap added 0.
07-18 14:19:28.828  5874  5900 I net.osmand:native: Search : tree - read( 530), accept( 33), objs - visit( 2309), accept(40), in result(30) 
07-18 14:19:28.829  5874  5900 I net.osmand: MapRenderRepositories BLat=-7.262799882888794, TLat=-7.254792547225952, LLong=-36.24011993408203, RLong=-36.235206604003906, zoom=17
07-18 14:19:28.829  5874  5900 I net.osmand: MapRenderRepositories Native search: 73 ms 
07-18 14:19:28.845  5874  5900 I net.osmand:native: Creating SkBitmap in native w:1800 h:2690 s:7200 f:1!
07-18 14:19:28.845  5874  5900 I net.osmand:native: Row bytes for RGBA_8888 is 7200
07-18 14:19:28.845  5874  5900 I net.osmand:native: Locked 19368000 bytes at 0x81100000
07-18 14:19:28.845  5874  5900 I net.osmand:native: Initializing rendering
07-18 14:19:28.846  5874  5900 I net.osmand:native: Rendering image
07-18 14:19:28.902  5874  5900 I net.osmand: RenderingIcons Icon data length is 808
07-18 14:19:29.007  5874  5900 I net.osmand:native: Native ok (rendering 2, text 56 ms) 
07-18 14:19:29.007  5874  5900 I net.osmand:native:  (829 points, 224 points inside, 58 of 83 objects visible)
07-18 14:19:29.007  5874  5900 I net.osmand:native: End Rendering image
07-18 14:19:29.007  5874  5900 I net.osmand:native: Native ok (init 1, rendering 2) 
07-18 14:19:29.023  5874  5900 I net.osmand: MapRenderRepositories true
07-18 14:19:29.187  5874  5874 I net.osmand: RoutingHelper Recalculate route, because correlation  : 148157.12652031568
07-18 14:19:29.187  5874  5874 I net.osmand: RoutingHelper Recalculate route, because wrong movement direction: 148157.12
07-18 14:19:29.237  5874  5874 I net.osmand: RoutingHelper Recalculate route, because correlation  : 148157.12652031568
07-18 14:19:29.498  5874  5874 I net.osmand: RoutingHelper Recalculate route, because correlation  : 148455.87871210015
07-18 14:19:29.498  5874  5874 I net.osmand: RoutingHelper Recalculate route, because wrong movement direction: 148455.88
07-18 14:19:29.543  5874  5874 I net.osmand: RoutingHelper Recalculate route, because correlation  : 148455.87871210015
07-18 14:19:29.763  5874  5901 I net.osmand: MapRenderRepositories RENDER MAP: update due to tile box
07-18 14:19:29.763  5874  5901 I net.osmand: MapRenderRepositories RENDER MAP: Interrupt rendering map
07-18 14:19:29.782  5874  5900 I net.osmand: MapRenderRepositories RENDER MAP: new request RotatedTileBox [lat=-7.260421666666668, lon=-36.234885, rotate=0.0, density=2.625, zoom=17, mapDensity=3.9375, zoomAnimation=0.0, zoomFloatPart=0.0, cx=900, cy=1972, pixWidth=1800, pixHeight=2690]
07-18 14:19:29.884  5874  5900 I net.osmand:native: Route objects 19
07-18 14:19:29.884  5874  5900 I net.osmand:native: Ocean: no completed & incompleted coastlines 0
07-18 14:19:29.885  5874  5900 I net.osmand:native: Detailed coastlines = 0, basemap coastlines 0, ocean tile 0.000000. Detailed added 0, basemap processed 1, basemap added 0.
07-18 14:19:29.885  5874  5900 I net.osmand:native: Search : tree - read( 530), accept( 31), objs - visit( 2229), accept(28), in result(18) 
07-18 14:19:29.885  5874  5900 I net.osmand: MapRenderRepositories BLat=-7.262735986709595, TLat=-7.254728651046753, LLong=-36.237342834472656, RLong=-36.232425689697266, zoom=17
07-18 14:19:29.885  5874  5900 I net.osmand: MapRenderRepositories Native search: 102 ms 
07-18 14:19:29.893  5874  5900 I net.osmand:native: Creating SkBitmap in native w:1800 h:2690 s:7200 f:1!
07-18 14:19:29.893  5874  5900 I net.osmand:native: Row bytes for RGBA_8888 is 7200
07-18 14:19:29.893  5874  5900 I net.osmand:native: Locked 19368000 bytes at 0x5e200000
07-18 14:19:29.893  5874  5900 I net.osmand:native: Initializing rendering
07-18 14:19:29.894  5874  5900 I net.osmand:native: Rendering image
07-18 14:19:29.936  5874  5900 I net.osmand:native: Native ok (rendering 0, text 14 ms) 
07-18 14:19:29.936  5874  5900 I net.osmand:native:  (677 points, 98 points inside, 34 of 37 objects visible)
07-18 14:19:29.936  5874  5900 I net.osmand:native: End Rendering image
07-18 14:19:29.936  5874  5900 I net.osmand:native: Native ok (init 1, rendering 0) 
07-18 14:19:29.939  5874  5900 I net.osmand: MapRenderRepositories true
07-18 14:19:30.103  5874  5884 I zygote  : Background concurrent copying GC freed 670289(14MB) AllocSpace objects, 0(0B) LOS objects, 11% free, 45MB/51MB, paused 1.406ms total 1.121s
07-18 14:19:30.187  5874  5874 I net.osmand: RoutingHelper Recalculate route, because correlation  : 148455.87871210015
07-18 14:19:30.203  5874  5874 I net.osmand: RoutingHelper Recalculate route, because correlation  : 148455.87871210015
07-18 14:19:30.203  5874  5874 I net.osmand: RoutingHelper Recalculate route, because wrong movement direction: 148455.88
07-18 14:19:30.628  5874  5874 I net.osmand: RoutingHelper Recalculate route, because correlation  : 148441.7151626758
07-18 14:19:30.628  5874  5874 I net.osmand: RoutingHelper Recalculate route, because wrong movement direction: 148441.72
07-18 14:19:30.634  5874  5874 I net.osmand: RoutingHelper Recalculate route, because correlation  : 148441.7151626758
07-18 14:19:31.072  5874  5884 I zygote  : Background concurrent copying GC freed 780257(17MB) AllocSpace objects, 0(0B) LOS objects, 12% free, 40MB/46MB, paused 907us total 675.504ms
07-18 14:19:31.206  1956  1956 I GeofencerStateMachine: sendNewTransitions called.
07-18 14:19:31.208  5874  5874 I net.osmand: RoutingHelper Recalculate route, because correlation  : 148441.7151626758
07-18 14:19:31.209  5874  5874 I net.osmand: RoutingHelper Recalculate route, because correlation  : 148441.7151626758
07-18 14:19:31.209  5874  5874 I net.osmand: RoutingHelper Recalculate route, because wrong movement direction: 148441.72
07-18 14:19:31.783  5874  5874 I net.osmand: RoutingHelper Recalculate route, because correlation  : 148441.7151626758
07-18 14:19:31.786  5874  5874 I net.osmand: RoutingHelper Recalculate route, because correlation  : 148441.7151626758
07-18 14:19:31.786  5874  5874 I net.osmand: RoutingHelper Recalculate route, because wrong movement direction: 148441.72
07-18 14:19:32.098  5874 13086 I net.osmand:native: Run GC (before 57.605743 Mb after 44.781094 Mb) unload 307 of 1028 tiles
07-18 14:19:32.191  5874  5874 I net.osmand: RoutingHelper Recalculate route, because correlation  : 148441.7151626758
07-18 14:19:32.202  5874  5874 I net.osmand: RoutingHelper Recalculate route, because correlation  : 148441.7151626758
07-18 14:19:32.202  5874  5874 I net.osmand: RoutingHelper Recalculate route, because wrong movement direction: 148441.72
07-18 14:19:32.334  5874  5884 I zygote  : Background concurrent copying GC freed 556143(12MB) AllocSpace objects, 0(0B) LOS objects, 12% free, 43MB/49MB, paused 1.093ms total 885.317ms
07-18 14:19:32.892  5874  5874 I net.osmand: RoutingHelper Recalculate route, because correlation  : 148197.69440905654
07-18 14:19:32.897  5874  5901 I net.osmand: MapRenderRepositories RENDER MAP: update due to tile box
07-18 14:19:32.897  5874  5901 I net.osmand: MapRenderRepositories RENDER MAP: Interrupt rendering map
07-18 14:19:32.945  5874  5874 I net.osmand: RoutingHelper Recalculate route, because correlation  : 148197.69440905654
07-18 14:19:32.945  5874  5874 I net.osmand: RoutingHelper Recalculate route, because wrong movement direction: 148197.69
07-18 14:19:32.946  5874  5900 I net.osmand: MapRenderRepositories RENDER MAP: new request RotatedTileBox [lat=-7.262606666666667, lon=-36.236736666666665, rotate=0.0, density=2.625, zoom=17, mapDensity=3.9375, zoomAnimation=0.0, zoomFloatPart=0.0, cx=900, cy=1972, pixWidth=1800, pixHeight=2690]
07-18 14:19:33.042  5874  5900 I net.osmand:native: Route objects 27
07-18 14:19:33.043  5874  5900 I net.osmand:native: Ocean: no completed & incompleted coastlines 0
07-18 14:19:33.043  5874  5900 I net.osmand:native: Detailed coastlines = 0, basemap coastlines 0, ocean tile 0.000000. Detailed added 0, basemap processed 1, basemap added 0.
07-18 14:19:33.043  5874  5900 I net.osmand:native: Search : tree - read( 530), accept( 33), objs - visit( 2309), accept(36), in result(26) 
07-18 14:19:33.043  5874  5900 I net.osmand: MapRenderRepositories BLat=-7.2649064540863035, TLat=-7.256922197341919, LLong=-36.23918533325195, RLong=-36.234283447265625, zoom=17
07-18 14:19:33.043  5874  5900 I net.osmand: MapRenderRepositories Native search: 97 ms 
07-18 14:19:33.049  5874  5900 I net.osmand:native: Creating SkBitmap in native w:1800 h:2690 s:7200 f:1!
07-18 14:19:33.049  5874  5900 I net.osmand:native: Row bytes for RGBA_8888 is 7200
07-18 14:19:33.049  5874  5900 I net.osmand:native: Locked 19368000 bytes at 0x81100000
07-18 14:19:33.049  5874  5900 I net.osmand:native: Initializing rendering
07-18 14:19:33.075  5874  5900 I net.osmand:native: Rendering image
07-18 14:19:33.196  5874  5874 I net.osmand: RoutingHelper Recalculate route, because correlation  : 148197.69440905654
07-18 14:19:33.199  5874  5874 I net.osmand: RoutingHelper Recalculate route, because correlation  : 148197.69440905654
07-18 14:19:33.200  5874  5874 I net.osmand: RoutingHelper Recalculate route, because wrong movement direction: 148197.69
07-18 14:19:33.251  5874  5900 I net.osmand:native: Native ok (rendering 0, text 92 ms) 
07-18 14:19:33.251  5874  5900 I net.osmand:native:  (821 points, 226 points inside, 50 of 63 objects visible)
07-18 14:19:33.251  5874  5900 I net.osmand:native: End Rendering image
07-18 14:19:33.251  5874  5900 I net.osmand:native: Native ok (init 26, rendering 0) 
07-18 14:19:33.252  5874  5900 I net.osmand: MapRenderRepositories true
07-18 14:19:33.913  5874  5884 I zygote  : Background concurrent copying GC freed 732252(16MB) AllocSpace objects, 0(0B) LOS objects, 12% free, 40MB/46MB, paused 3.898ms total 929.338ms
07-18 14:19:34.049  5874  5874 I net.osmand: RoutingHelper Recalculate route, because correlation  : 147953.91415752273
07-18 14:19:34.077  5874  5874 I net.osmand: RoutingHelper Recalculate route, because correlation  : 147953.91415752273
07-18 14:19:34.078  5874  5874 I net.osmand: RoutingHelper Recalculate route, because wrong movement direction: 147953.92
07-18 14:19:34.197  5874  5874 I net.osmand: RoutingHelper Recalculate route, because correlation  : 147953.91415752273
07-18 14:19:34.197  5874  5874 I net.osmand: RoutingHelper Recalculate route, because wrong movement direction: 147953.92
07-18 14:19:34.225  5874  5874 I net.osmand: RoutingHelper Recalculate route, because correlation  : 147953.91415752273
07-18 14:19:34.345  5874  5901 I net.osmand: MapRenderRepositories RENDER MAP: update due to tile box
07-18 14:19:34.345  5874  5901 I net.osmand: MapRenderRepositories RENDER MAP: Interrupt rendering map
07-18 14:19:34.795  5874  5900 I net.osmand: MapRenderRepositories RENDER MAP: new request RotatedTileBox [lat=-7.264788333333333, lon=-36.23845666666667, rotate=0.0, density=2.625, zoom=17, mapDensity=3.9375, zoomAnimation=0.0, zoomFloatPart=0.0, cx=900, cy=1972, pixWidth=1800, pixHeight=2690]
07-18 14:19:34.864  5874  5900 I net.osmand:native: Route objects 55
07-18 14:19:34.864  5874  5900 I net.osmand:native: Ocean: no completed & incompleted coastlines 0
07-18 14:19:34.864  5874  5900 I net.osmand:native: Detailed coastlines = 0, basemap coastlines 0, ocean tile 0.000000. Detailed added 0, basemap processed 1, basemap added 0.
07-18 14:19:34.864  5874  5900 I net.osmand:native: Search : tree - read( 530), accept( 37), objs - visit( 2469), accept(64), in result(53) 
07-18 14:19:34.864  5874  5900 I net.osmand: MapRenderRepositories BLat=-7.267099523544312, TLat=-7.259092187881469, LLong=-36.24091339111328, RLong=-36.236000061035156, zoom=17
07-18 14:19:34.864  5874  5900 I net.osmand: MapRenderRepositories Native search: 69 ms 
07-18 14:19:34.869  5874  5900 I net.osmand:native: Creating SkBitmap in native w:1800 h:2690 s:7200 f:1!
07-18 14:19:34.870  5874  5900 I net.osmand:native: Row bytes for RGBA_8888 is 7200
07-18 14:19:34.870  5874  5900 I net.osmand:native: Locked 19368000 bytes at 0x5e200000
07-18 14:19:34.870  5874  5900 I net.osmand:native: Initializing rendering
07-18 14:19:34.876  5874  5900 I net.osmand:native: Rendering image
07-18 14:19:34.982  5874  5900 I net.osmand:native: Native ok (rendering 0, text 41 ms) 
07-18 14:19:34.982  5874  5900 I net.osmand:native:  (1367 points, 346 points inside, 101 of 158 objects visible)
07-18 14:19:34.982  5874  5900 I net.osmand:native: End Rendering image
07-18 14:19:34.982  5874  5900 I net.osmand:native: Native ok (init 5, rendering 0) 
07-18 14:19:34.984  5874  5900 I net.osmand: MapRenderRepositories true
07-18 14:19:35.123  5874  5884 I zygote  : Background concurrent copying GC freed 561072(12MB) AllocSpace objects, 0(0B) LOS objects, 13% free, 37MB/43MB, paused 1.175ms total 724.371ms
07-18 14:19:35.185  5874  5874 I net.osmand: RoutingHelper Recalculate route, because correlation  : 147710.37559578102
07-18 14:19:35.214  5874  5874 I net.osmand: RoutingHelper Recalculate route, because correlation  : 147710.37559578102
07-18 14:19:35.214  5874  5874 I net.osmand: RoutingHelper Recalculate route, because wrong movement direction: 147710.38
07-18 14:19:35.258  5874  5874 I net.osmand: RoutingHelper Recalculate route, because correlation  : 147710.37559578102
07-18 14:19:35.264  5874  5874 I net.osmand: RoutingHelper Recalculate route, because correlation  : 147710.37559578102
07-18 14:19:35.264  5874  5874 I net.osmand: RoutingHelper Recalculate route, because wrong movement direction: 147710.38
07-18 14:19:35.409  5874  5901 I net.osmand: MapRenderRepositories RENDER MAP: update due to tile box
07-18 14:19:35.409  5874  5901 I net.osmand: MapRenderRepositories RENDER MAP: Interrupt rendering map
07-18 14:19:35.736  5874  5900 I net.osmand: MapRenderRepositories RENDER MAP: new request RotatedTileBox [lat=-7.26697, lon=-36.24017666666667, rotate=0.0, density=2.625, zoom=17, mapDensity=3.9375, zoomAnimation=0.0, zoomFloatPart=0.0, cx=900, cy=1972, pixWidth=1800, pixHeight=2690]
07-18 14:19:35.802  5874  5900 I net.osmand:native: Route objects 61
07-18 14:19:35.802  5874  5900 I net.osmand:native: Ocean: no completed & incompleted coastlines 0
07-18 14:19:35.802  5874  5900 I net.osmand:native: Detailed coastlines = 0, basemap coastlines 0, ocean tile 0.000000. Detailed added 0, basemap processed 1, basemap added 0.
07-18 14:19:35.802  5874  5900 I net.osmand:native: Search : tree - read( 450), accept( 35), objs - visit( 2469), accept(70), in result(59) 
07-18 14:19:35.803  5874  5900 I net.osmand: MapRenderRepositories BLat=-7.269269490242005, TLat=-7.261285758018493, LLong=-36.24263000488281, RLong=-36.237728118896484, zoom=17
07-18 14:19:35.803  5874  5900 I net.osmand: MapRenderRepositories Native search: 67 ms 
07-18 14:19:35.808  5874  5900 I net.osmand:native: Creating SkBitmap in native w:1800 h:2690 s:7200 f:1!
07-18 14:19:35.808  5874  5900 I net.osmand:native: Row bytes for RGBA_8888 is 7200
07-18 14:19:35.808  5874  5900 I net.osmand:native: Locked 19368000 bytes at 0x81100000
07-18 14:19:35.808  5874  5900 I net.osmand:native: Initializing rendering
07-18 14:19:35.809  5874  5900 I net.osmand:native: Rendering image
07-18 14:19:35.922  1592 13321 D NetworkMonitor/NetworkAgentInfo [WIFI () - 101]: PROBE_HTTP http://connectivitycheck.gstatic.com/generate_204 Probe failed with exception java.net.SocketTimeoutException: failed to connect to connectivitycheck.gstatic.com/172.217.172.131 (port 80) from /192.168.232.2 (port 43833) after 10000ms
07-18 14:19:35.923  1592 13320 D NetworkMonitor/NetworkAgentInfo [WIFI () - 101]: PROBE_HTTPS https://www.google.com/generate_204 Probe failed with exception java.net.SocketTimeoutException: failed to connect to www.google.com/172.217.28.228 (port 443) from /192.168.232.2 (port 55295) after 10000ms
07-18 14:19:35.926  1592  2371 D NetworkMonitor/NetworkAgentInfo [WIFI () - 101]: PROBE_FALLBACK http://www.google.com/gen_204 Probe failed with exception java.net.SocketTimeoutException: failed to connect to www.google.com/172.217.28.228 (port 80) from /192.168.232.2 (port 54138) after 10000ms
07-18 14:19:13.545  1592  4549 V MediaRouterService: restoreBluetoothA2dp(false)
07-18 14:19:35.927  1592  1671 D ConnectivityService: NetworkAgentInfo [WIFI () - 101] validation failed
07-18 14:19:35.928  1592  1667 D WifiStateMachine: NETWORK_STATUS_UNWANTED_VALIDATION_FAILED
07-18 14:19:35.936  5874  5900 I net.osmand:native: Native ok (rendering 0, text 62 ms) 
07-18 14:19:35.936  5874  5900 I net.osmand:native:  (1336 points, 276 points inside, 110 of 179 objects visible)
07-18 14:19:35.936  5874  5900 I net.osmand:native: End Rendering image
07-18 14:19:35.936  5874  5900 I net.osmand:native: Native ok (init 1, rendering 0) 
07-18 14:19:35.951  5874  5900 I net.osmand: MapRenderRepositories true
07-18 14:19:36.225  1956  1956 I GeofencerStateMachine: sendNewTransitions called.
07-18 14:19:36.228  5874  5874 I net.osmand: RoutingHelper Recalculate route, because correlation  : 147710.37559578102
07-18 14:19:36.230  5874  5874 I net.osmand: RoutingHelper Recalculate route, because correlation  : 147710.37559578102
07-18 14:19:36.230  5874  5874 I net.osmand: RoutingHelper Recalculate route, because wrong movement direction: 147710.38
07-18 14:19:36.381  5874  5874 I net.osmand: RoutingHelper Recalculate route, because correlation  : 147467.12508302034
07-18 14:19:36.381  5874  5874 I net.osmand: RoutingHelper Recalculate route, because wrong movement direction: 147467.12
07-18 14:19:36.391  5874  5874 I net.osmand: RoutingHelper Recalculate route, because correlation  : 147467.12508302034
07-18 14:19:36.673  5874  5884 I zygote  : Background concurrent copying GC freed 432127(9MB) AllocSpace objects, 0(0B) LOS objects, 12% free, 43MB/49MB, paused 1.107ms total 1.165s
07-18 14:19:36.724  5874  5901 I net.osmand: MapRenderRepositories RENDER MAP: update due to tile box
07-18 14:19:36.725  5874  5901 I net.osmand: MapRenderRepositories RENDER MAP: Interrupt rendering map
07-18 14:19:37.188  5874  5901 I net.osmand: MapRenderRepositories RENDER MAP: update due to tile box
07-18 14:19:37.189  5874  5901 I net.osmand: MapRenderRepositories RENDER MAP: Interrupt rendering map
07-18 14:19:37.201  5874  5874 I net.osmand: RoutingHelper Recalculate route, because correlation  : 147467.12508302034
07-18 14:19:37.201  5874  5874 I net.osmand: RoutingHelper Recalculate route, because wrong movement direction: 147467.12
07-18 14:19:37.202  5874  5874 I net.osmand: RoutingHelper Recalculate route, because correlation  : 147467.12508302034
07-18 14:19:37.465  5874  5900 I net.osmand: MapRenderRepositories RENDER MAP: new request RotatedTileBox [lat=-7.26915, lon=-36.24189666666667, rotate=0.0, density=2.625, zoom=17, mapDensity=3.9375, zoomAnimation=0.0, zoomFloatPart=0.0, cx=900, cy=1972, pixWidth=1800, pixHeight=2690]
07-18 14:19:37.471  5874  5874 I net.osmand: RoutingHelper Recalculate route, because correlation  : 147224.07325902855
07-18 14:19:37.502  5874  5874 I net.osmand: RoutingHelper Recalculate route, because correlation  : 147224.07325902855
07-18 14:19:37.503  5874  5874 I net.osmand: RoutingHelper Recalculate route, because wrong movement direction: 147224.08
07-18 14:19:37.578  5874  5900 I net.osmand:native: Route objects 46
07-18 14:19:37.592  5874  5900 I net.osmand:native: Ocean: no completed & incompleted coastlines 0
07-18 14:19:37.592  5874  5900 I net.osmand:native: Detailed coastlines = 0, basemap coastlines 0, ocean tile 0.000000. Detailed added 0, basemap processed 1, basemap added 0.
07-18 14:19:37.594  5874  5900 I net.osmand:native: Search : tree - read( 490), accept( 37), objs - visit( 2509), accept(55), in result(44) 
07-18 14:19:37.598  5874  5900 I net.osmand: MapRenderRepositories BLat=-7.271463060379029, TLat=-7.263455724716186, LLong=-36.244346618652344, RLong=-36.239444732666016, zoom=17
07-18 14:19:37.599  5874  5900 I net.osmand: MapRenderRepositories Native search: 132 ms 
07-18 14:19:37.609  5874  5900 I net.osmand:native: Creating SkBitmap in native w:1800 h:2690 s:7200 f:1!
07-18 14:19:37.609  5874  5900 I net.osmand:native: Row bytes for RGBA_8888 is 7200
07-18 14:19:37.609  5874  5900 I net.osmand:native: Locked 19368000 bytes at 0x5e200000
07-18 14:19:37.609  5874  5900 I net.osmand:native: Initializing rendering
07-18 14:19:37.612  5874  5901 I net.osmand: MapRenderRepositories RENDER MAP: update due to tile box
07-18 14:19:37.612  5874  5901 I net.osmand: MapRenderRepositories RENDER MAP: Interrupt rendering map
07-18 14:19:37.611  5874  5900 I net.osmand:native: Rendering image
07-18 14:19:37.627  5874  5900 I net.osmand:native: Native ok (rendering 5, text 0 ms) 
07-18 14:19:37.627  5874  5900 I net.osmand:native:  (90 points, 1 points inside, 2 of 4 objects visible)
07-18 14:19:37.627  5874  5900 I net.osmand:native: End Rendering image
07-18 14:19:37.627  5874  5900 I net.osmand:native: Native ok (init 11, rendering 5) 
07-18 14:19:37.628  5874  5900 I net.osmand: MapRenderRepositories true
07-18 14:19:37.628  5874  5900 I net.osmand: MapRenderRepositories RENDER MAP: new request RotatedTileBox [lat=-7.271331666666667, lon=-36.24361666666667, rotate=0.0, density=2.625, zoom=17, mapDensity=3.9375, zoomAnimation=0.0, zoomFloatPart=0.0, cx=900, cy=1972, pixWidth=1800, pixHeight=2690]
07-18 14:19:37.749  5874  5900 I net.osmand:native: Route objects 40
07-18 14:19:37.750  5874  5900 I net.osmand:native: Ocean: no completed & incompleted coastlines 0
07-18 14:19:37.750  5874  5900 I net.osmand:native: Detailed coastlines = 0, basemap coastlines 0, ocean tile 0.000000. Detailed added 0, basemap processed 1, basemap added 0.
07-18 14:19:37.750  5874  5900 I net.osmand:native: Search : tree - read( 490), accept( 37), objs - visit( 2509), accept(49), in result(38) 
07-18 14:19:37.750  5874  5900 I net.osmand: MapRenderRepositories BLat=-7.2736330270767215, TLat=-7.26564929485321, LLong=-36.246063232421875, RLong=-36.24116134643555, zoom=17
07-18 14:19:37.750  5874  5900 I net.osmand: MapRenderRepositories Native search: 122 ms 
07-18 14:19:37.755  5874  5900 I net.osmand:native: Creating SkBitmap in native w:1800 h:2690 s:7200 f:1!
07-18 14:19:37.755  5874  5900 I net.osmand:native: Row bytes for RGBA_8888 is 7200
07-18 14:19:37.755  5874  5900 I net.osmand:native: Locked 19368000 bytes at 0x81100000
07-18 14:19:37.755  5874  5900 I net.osmand:native: Initializing rendering
07-18 14:19:37.756  5874  5900 I net.osmand:native: Rendering image
07-18 14:19:37.861  5874  5900 I net.osmand: RenderingIcons Icon data length is 318
07-18 14:19:37.891  5874  5900 I net.osmand:native: Native ok (rendering 0, text 29 ms) 
07-18 14:19:37.891  5874  5900 I net.osmand:native:  (1099 points, 134 points inside, 65 of 85 objects visible)
07-18 14:19:37.891  5874  5900 I net.osmand:native: End Rendering image
07-18 14:19:37.891  5874  5900 I net.osmand:native: Native ok (init 1, rendering 0) 
07-18 14:19:37.901  5874  5900 I net.osmand: MapRenderRepositories true
07-18 14:19:38.188  5874  5874 I net.osmand: RoutingHelper Recalculate route, because correlation  : 147224.07325902855
07-18 14:19:38.201  5874  5874 I net.osmand: RoutingHelper Recalculate route, because correlation  : 147224.07325902855
07-18 14:19:38.201  5874  5874 I net.osmand: RoutingHelper Recalculate route, because wrong movement direction: 147224.08
07-18 14:19:38.406  5874  5884 I zygote  : Background concurrent copying GC freed 669472(15MB) AllocSpace objects, 0(0B) LOS objects, 11% free, 45MB/51MB, paused 1.312ms total 1.153s
07-18 14:19:38.617  5874  5874 I net.osmand: RoutingHelper Recalculate route, because correlation  : 146981.26672720563
07-18 14:19:38.635  5874  5874 I net.osmand: RoutingHelper Recalculate route, because correlation  : 146981.26672720563
07-18 14:19:38.635  5874  5874 I net.osmand: RoutingHelper Recalculate route, because wrong movement direction: 146981.27
07-18 14:19:38.703  5874  5901 I net.osmand: MapRenderRepositories RENDER MAP: update due to tile box
07-18 14:19:38.704  5874  5901 I net.osmand: MapRenderRepositories RENDER MAP: Interrupt rendering map
07-18 14:19:39.190  5874  5901 I net.osmand: MapRenderRepositories RENDER MAP: update due to tile box
07-18 14:19:39.190  5874  5901 I net.osmand: MapRenderRepositories RENDER MAP: Interrupt rendering map
07-18 14:19:39.224  5874  5874 I net.osmand: RoutingHelper Recalculate route, because correlation  : 146981.26672720563
07-18 14:19:39.228  5874  5874 I net.osmand: RoutingHelper Recalculate route, because correlation  : 146981.26672720563
07-18 14:19:39.228  5874  5874 I net.osmand: RoutingHelper Recalculate route, because wrong movement direction: 146981.27
07-18 14:19:39.407  5874  5900 I net.osmand: MapRenderRepositories RENDER MAP: new request RotatedTileBox [lat=-7.273513333333333, lon=-36.24533666666667, rotate=0.0, density=2.625, zoom=17, mapDensity=3.9375, zoomAnimation=0.0, zoomFloatPart=0.0, cx=900, cy=1972, pixWidth=1800, pixHeight=2690]
07-18 14:19:39.473  5874  5884 I zygote  : Background concurrent copying GC freed 776925(17MB) AllocSpace objects, 0(0B) LOS objects, 13% free, 40MB/46MB, paused 1.042ms total 725.756ms
07-18 14:19:39.501  5874  5900 I net.osmand:native: Route objects 27
07-18 14:19:39.501  5874  5900 I net.osmand:native: Ocean: no completed & incompleted coastlines 0
07-18 14:19:39.502  5874  5900 I net.osmand:native: Detailed coastlines = 0, basemap coastlines 0, ocean tile 0.000000. Detailed added 0, basemap processed 1, basemap added 0.
07-18 14:19:39.502  5874  5900 I net.osmand:native: Search : tree - read( 490), accept( 35), objs - visit( 2429), accept(36), in result(25) 
07-18 14:19:39.502  5874  5900 I net.osmand: MapRenderRepositories BLat=-7.2758265972137455, TLat=-7.267819261550903, LLong=-36.2477912902832, RLong=-36.242889404296875, zoom=17
07-18 14:19:39.502  5874  5900 I net.osmand: MapRenderRepositories Native search: 95 ms 
07-18 14:19:39.506  5874  5900 I net.osmand:native: Creating SkBitmap in native w:1800 h:2690 s:7200 f:1!
07-18 14:19:39.506  5874  5900 I net.osmand:native: Row bytes for RGBA_8888 is 7200
07-18 14:19:39.506  5874  5900 I net.osmand:native: Locked 19368000 bytes at 0x5e200000
07-18 14:19:39.507  5874  5900 I net.osmand:native: Initializing rendering
07-18 14:19:39.508  5874  5900 I net.osmand:native: Rendering image
07-18 14:19:39.591  5874  5900 I net.osmand:native: Native ok (rendering 0, text 28 ms) 
07-18 14:19:39.591  5874  5900 I net.osmand:native:  (929 points, 144 points inside, 41 of 54 objects visible)
07-18 14:19:39.591  5874  5900 I net.osmand:native: End Rendering image
07-18 14:19:39.591  5874  5900 I net.osmand:native: Native ok (init 0, rendering 0) 
07-18 14:19:39.592  5874  5900 I net.osmand: MapRenderRepositories true
07-18 14:19:39.769  5874  5874 I net.osmand: RoutingHelper Recalculate route, because correlation  : 146738.88521796136
07-18 14:19:39.796  5874  5874 I net.osmand: RoutingHelper Recalculate route, because correlation  : 146738.88521796136
07-18 14:19:39.796  5874  5874 I net.osmand: RoutingHelper Recalculate route, because wrong movement direction: 146738.89
07-18 14:19:39.823  5874  5901 I net.osmand: MapRenderRepositories RENDER MAP: update due to tile box
07-18 14:19:39.823  5874  5901 I net.osmand: MapRenderRepositories RENDER MAP: Interrupt rendering map
07-18 14:19:40.109  5874  5901 I net.osmand: MapRenderRepositories RENDER MAP: update due to tile box
07-18 14:19:40.109  5874  5901 I net.osmand: MapRenderRepositories RENDER MAP: Interrupt rendering map
07-18 14:19:40.189  5874  5874 I net.osmand: RoutingHelper Recalculate route, because correlation  : 146738.88521796136
07-18 14:19:40.212  5874  5874 I net.osmand: RoutingHelper Recalculate route, because correlation  : 146738.88521796136
07-18 14:19:40.212  5874  5874 I net.osmand: RoutingHelper Recalculate route, because wrong movement direction: 146738.89
07-18 14:19:40.345  5874  5900 I net.osmand: MapRenderRepositories RENDER MAP: new request RotatedTileBox [lat=-7.275695, lon=-36.247055, rotate=0.0, density=2.625, zoom=17, mapDensity=3.9375, zoomAnimation=0.0, zoomFloatPart=0.0, cx=900, cy=1972, pixWidth=1800, pixHeight=2690]
07-18 14:19:40.436  5874  5900 I net.osmand:native: Route objects 12
07-18 14:19:40.436  5874  5900 I net.osmand:native: Ocean: no completed & incompleted coastlines 0
07-18 14:19:40.436  5874  5900 I net.osmand:native: Detailed coastlines = 0, basemap coastlines 0, ocean tile 0.000000. Detailed added 0, basemap processed 1, basemap added 0.
07-18 14:19:40.436  5874  5900 I net.osmand:native: Search : tree - read( 490), accept( 35), objs - visit( 2429), accept(21), in result(10) 
07-18 14:19:40.437  5874  5900 I net.osmand: MapRenderRepositories BLat=-7.277996563911438, TLat=-7.270012831687927, LLong=-36.249507904052734, RLong=-36.244606018066406, zoom=17
07-18 14:19:40.437  5874  5900 I net.osmand: MapRenderRepositories Native search: 92 ms 
07-18 14:19:40.446  5874  5900 I net.osmand:native: Creating SkBitmap in native w:1800 h:2690 s:7200 f:1!
07-18 14:19:40.447  5874  5900 I net.osmand:native: Row bytes for RGBA_8888 is 7200
07-18 14:19:40.447  5874  5900 I net.osmand:native: Locked 19368000 bytes at 0x81100000
07-18 14:19:40.447  5874  5900 I net.osmand:native: Initializing rendering
07-18 14:19:40.448  5874  5900 I net.osmand:native: Rendering image
07-18 14:19:40.464  5874  5900 I net.osmand:native: Native ok (rendering 16, text 1 ms) 
07-18 14:19:40.464  5874  5900 I net.osmand:native:  (809 points, 60 points inside, 15 of 24 objects visible)
07-18 14:19:40.464  5874  5900 I net.osmand:native: End Rendering image
07-18 14:19:40.464  5874  5900 I net.osmand:native: Native ok (init 1, rendering 16) 
07-18 14:19:40.465  5874  5900 I net.osmand: MapRenderRepositories true
07-18 14:19:40.910  5874  5874 I net.osmand: RoutingHelper Recalculate route, because correlation  : 146899.15143824925
07-18 14:19:40.915  5874  5874 I net.osmand: RoutingHelper Recalculate route, because correlation  : 146899.15143824925
07-18 14:19:40.915  5874  5874 I net.osmand: RoutingHelper Recalculate route, because wrong movement direction: 146899.16
07-18 14:19:40.918  5874  5901 I net.osmand: MapRenderRepositories RENDER MAP: update due to tile box
07-18 14:19:40.918  5874  5901 I net.osmand: MapRenderRepositories RENDER MAP: Interrupt rendering map
07-18 14:19:40.985  5874  5884 I zygote  : Background concurrent copying GC freed 551233(12MB) AllocSpace objects, 0(0B) LOS objects, 11% free, 45MB/51MB, paused 1.504ms total 1.104s
07-18 14:19:41.174  5874  5901 I net.osmand: MapRenderRepositories RENDER MAP: update due to tile box
07-18 14:19:41.174  5874  5901 I net.osmand: MapRenderRepositories RENDER MAP: Interrupt rendering map
07-18 14:19:41.206  1956  1956 I GeofencerStateMachine: sendNewTransitions called.
07-18 14:19:41.220  5874  5900 I net.osmand: MapRenderRepositories RENDER MAP: new request RotatedTileBox [lat=-7.274253333333333, lon=-36.24591833333333, rotate=0.0, density=2.625, zoom=17, mapDensity=3.9375, zoomAnimation=0.0, zoomFloatPart=0.0, cx=900, cy=1972, pixWidth=1800, pixHeight=2690]
07-18 14:19:41.235  5874  5874 I net.osmand: RoutingHelper Recalculate route, because correlation  : 146899.15143824925
07-18 14:19:41.235  5874  5874 I net.osmand: RoutingHelper Recalculate route, because wrong movement direction: 146899.16
07-18 14:19:41.260  5874  5874 I net.osmand: RoutingHelper Recalculate route, because correlation  : 146899.15143824925
07-18 14:19:41.402  5874  5900 I net.osmand:native: Route objects 25
07-18 14:19:41.402  5874  5900 I net.osmand:native: Ocean: no completed & incompleted coastlines 0
07-18 14:19:41.402  5874  5900 I net.osmand:native: Detailed coastlines = 0, basemap coastlines 0, ocean tile 0.000000. Detailed added 0, basemap processed 1, basemap added 0.
07-18 14:19:41.402  5874  5900 I net.osmand:native: Search : tree - read( 490), accept( 35), objs - visit( 2429), accept(34), in result(23) 
07-18 14:19:41.402  5874  5900 I net.osmand: MapRenderRepositories BLat=-7.276549386978149, TLat=-7.268565130233765, LLong=-36.24837112426758, RLong=-36.24346923828125, zoom=17
07-18 14:19:41.404  5874  5900 I net.osmand: MapRenderRepositories Native search: 183 ms 
07-18 14:19:41.423  5874  5900 I net.osmand:native: Creating SkBitmap in native w:1800 h:2690 s:7200 f:1!
07-18 14:19:41.423  5874  5900 I net.osmand:native: Row bytes for RGBA_8888 is 7200
07-18 14:19:41.424  5874  5900 I net.osmand:native: Locked 19368000 bytes at 0x5e200000
07-18 14:19:41.424  5874  5900 I net.osmand:native: Initializing rendering
07-18 14:19:41.425  5874  5900 I net.osmand:native: Rendering image
07-18 14:19:41.514  5874  5900 I net.osmand:native: Native ok (rendering 0, text 39 ms) 
07-18 14:19:41.514  5874  5900 I net.osmand:native:  (917 points, 148 points inside, 37 of 50 objects visible)
07-18 14:19:41.514  5874  5900 I net.osmand:native: End Rendering image
07-18 14:19:41.514  5874  5900 I net.osmand:native: Native ok (init 1, rendering 0) 
07-18 14:19:41.519  5874  5900 I net.osmand: MapRenderRepositories true
07-18 14:19:42.101  5874  5874 I net.osmand: RoutingHelper Recalculate route, because correlation  : 146899.15143824925
07-18 14:19:42.101  5874  5874 I net.osmand: RoutingHelper Recalculate route, because wrong movement direction: 146899.16
07-18 14:19:42.121  5874  5884 I zygote  : Background concurrent copying GC freed 764888(17MB) AllocSpace objects, 0(0B) LOS objects, 13% free, 40MB/46MB, paused 965us total 683.203ms
07-18 14:19:42.165  5874  5874 I net.osmand: RoutingHelper Recalculate route, because correlation  : 146899.15143824925
07-18 14:19:42.237  5874  5874 I chatty  : uid=10104(net.osmand) identical 1 line
07-18 14:19:42.240  5874  5874 I net.osmand: RoutingHelper Recalculate route, because correlation  : 146899.15143824925
07-18 14:19:42.240  5874  5874 I net.osmand: RoutingHelper Recalculate route, because wrong movement direction: 146899.16
07-18 14:19:43.111  5874  5884 I zygote  : Background concurrent copying GC freed 547216(12MB) AllocSpace objects, 0(0B) LOS objects, 14% free, 36MB/42MB, paused 10.822ms total 681.500ms
07-18 14:19:43.192  5874  5874 I net.osmand: RoutingHelper Recalculate route, because correlation  : 146899.15143824925
07-18 14:19:43.200  5874  5874 I net.osmand: RoutingHelper Recalculate route, because correlation  : 146899.15143824925
07-18 14:19:43.200  5874  5874 I net.osmand: RoutingHelper Recalculate route, because wrong movement direction: 146899.16
07-18 14:19:43.254  1403  1403 I boot-pipe: done populating /dev/random
07-18 14:19:43.273  5874  5874 I net.osmand: RoutingHelper Recalculate route, because correlation  : 146592.83784593304
07-18 14:19:43.273  5874  5874 I net.osmand: RoutingHelper Recalculate route, because wrong movement direction: 146592.84
07-18 14:19:43.277  5874  5874 I net.osmand: RoutingHelper Recalculate route, because correlation  : 146592.83784593304
07-18 14:19:43.506  5874  5901 I net.osmand: MapRenderRepositories RENDER MAP: update due to tile box
07-18 14:19:43.506  5874  5901 I net.osmand: MapRenderRepositories RENDER MAP: Interrupt rendering map
07-18 14:19:43.779  1592  4549 I WifiService: acquireWifiLock uid=10014 lockMode=2
07-18 14:19:43.783  5874  5900 I net.osmand: MapRenderRepositories RENDER MAP: new request RotatedTileBox [lat=-7.275061666666667, lon=-36.248576666666665, rotate=0.0, density=2.625, zoom=17, mapDensity=3.9375, zoomAnimation=0.0, zoomFloatPart=0.0, cx=900, cy=1972, pixWidth=1800, pixHeight=2690]
07-18 14:19:43.798  1592  1605 E memtrack: Couldn't load memtrack module
07-18 14:19:43.798  1592  1605 W android.os.Debug: failed to get memory consumption info: -1
07-18 14:19:43.880  5874  5900 I net.osmand:native: Route objects 9
07-18 14:19:43.880  5874  5900 I net.osmand:native: Ocean: no completed & incompleted coastlines 0
07-18 14:19:43.880  5874  5900 I net.osmand:native: Detailed coastlines = 0, basemap coastlines 0, ocean tile 0.000000. Detailed added 0, basemap processed 1, basemap added 0.
07-18 14:19:43.880  5874  5900 I net.osmand:native: Search : tree - read( 490), accept( 32), objs - visit( 2309), accept(18), in result(7) 
07-18 14:19:43.881  5874  5900 I net.osmand: MapRenderRepositories BLat=-7.277358102798462, TLat=-7.269373846054077, LLong=-36.25102996826172, RLong=-36.24612808227539, zoom=17
07-18 14:19:43.881  5874  5900 I net.osmand: MapRenderRepositories Native search: 98 ms 
07-18 14:19:43.886  5874  5900 I net.osmand:native: Creating SkBitmap in native w:1800 h:2690 s:7200 f:1!
07-18 14:19:43.886  5874  5900 I net.osmand:native: Row bytes for RGBA_8888 is 7200
07-18 14:19:43.886  5874  5900 I net.osmand:native: Locked 19368000 bytes at 0x81100000
07-18 14:19:43.886  5874  5900 I net.osmand:native: Initializing rendering
07-18 14:19:43.887  5874  5900 I net.osmand:native: Rendering image
07-18 14:19:43.910  5874  5900 I net.osmand:native: Native ok (rendering 22, text 0 ms) 
07-18 14:19:43.910  5874  5900 I net.osmand:native:  (671 points, 24 points inside, 9 of 16 objects visible)
07-18 14:19:43.910  5874  5900 I net.osmand:native: End Rendering image
07-18 14:19:43.910  5874  5900 I net.osmand:native: Native ok (init 1, rendering 22) 
07-18 14:19:43.930  5874  5900 I net.osmand: MapRenderRepositories true
07-18 14:19:44.227  5874  5874 I net.osmand: RoutingHelper Recalculate route, because correlation  : 146592.83784593304
07-18 14:19:44.230  5874  5874 I net.osmand: RoutingHelper Recalculate route, because correlation  : 146592.83784593304
07-18 14:19:44.230  5874  5874 I net.osmand: RoutingHelper Recalculate route, because wrong movement direction: 146592.84
07-18 14:19:45.045  5874  5884 I zygote  : Background concurrent copying GC freed 339278(7MB) AllocSpace objects, 0(0B) LOS objects, 10% free, 48MB/54MB, paused 1.103ms total 1.498s
07-18 14:19:45.196  5874  5874 I net.osmand: RoutingHelper Recalculate route, because correlation  : 146592.83784593304
07-18 14:19:45.214  5874  5874 I net.osmand: RoutingHelper Recalculate route, because correlation  : 146592.83784593304
07-18 14:19:45.214  5874  5874 I net.osmand: RoutingHelper Recalculate route, because wrong movement direction: 146592.84
