06-30 14:45:24.733  1389  3359 W audio_hw_generic: Not supplying enough data to HAL, expected position 216270901 , only wrote 216269280
06-30 14:45:24.733  1389  3359 W audio_hw_generic: Not supplying enough data to HAL, expected position 216269292 , only wrote 216269280
06-30 14:45:24.754  1389  3359 W audio_hw_generic: Not supplying enough data to HAL, expected position 216270271 , only wrote 216270000
06-30 14:45:24.818  1389  3359 W audio_hw_generic: Not supplying enough data to HAL, expected position 216273063 , only wrote 216271440
06-30 14:45:24.867  1389  3359 W audio_hw_generic: Not supplying enough data to HAL, expected position 216273809 , only wrote 216272880
06-30 14:45:24.915  1389  3359 W audio_hw_generic: Not supplying enough data to HAL, expected position 216275162 , only wrote 216274320
06-30 14:45:24.936  1480 14364 D NuPlayerDriver: notifyListener_l(0xa4b14310), (2, 0, 0, -1), loop setting(1, 0)
06-30 14:45:24.962  1480 14368 I NuPlayerDecoder: [OMX.google.vorbis.decoder] resubmitting CSD
06-30 14:45:24.964  1480 14368 I NuPlayerDecoder: [OMX.google.vorbis.decoder] resubmitting CSD
06-30 14:45:25.048  1480 14364 D NuPlayerDriver: notifyListener_l(0xa4b14310), (6, 0, 0, -1), loop setting(1, 0)
06-30 14:45:25.110  1389  3359 W audio_hw_generic: Not supplying enough data to HAL, expected position 216283684 , only wrote 216283680
06-30 14:45:25.116  1480 14367 W AudioTrack: getTimestamp() location moved from kernel to server
06-30 14:45:25.139  1480 14367 W AudioTrack: retrograde timestamp position corrected, -950 = 109 - 1059
06-30 14:45:25.423  1389  3359 W audio_hw_generic: Not supplying enough data to HAL, expected position 216298714 , only wrote 216298080
06-30 14:45:25.460  1472  1583 D AudioFlinger: mixer(0xb4003400) throttle end: throttle time(5)
06-30 14:45:25.744  1389  3359 W audio_hw_generic: Not supplying enough data to HAL, expected position 216313459 , only wrote 216313200
06-30 14:45:25.745  1389  3359 W audio_hw_generic: Not supplying enough data to HAL, expected position 216313272 , only wrote 216313200
06-30 14:45:25.761  1389  3359 W audio_hw_generic: Not supplying enough data to HAL, expected position 216313967 , only wrote 216313920
06-30 14:45:25.786  1472  1583 D AudioFlinger: mixer(0xb4003400) throttle end: throttle time(3)
06-30 14:45:25.970  1480 14367 W AudioTrack: getTimestamp() location moved from kernel to server
06-30 14:45:26.102  1600  1609 I zygote  : Background concurrent copying GC freed 96253(5MB) AllocSpace objects, 22(1080KB) LOS objects, 20% free, 22MB/28MB, paused 1.171ms total 835.904ms
06-30 14:45:26.131  1472  1583 D AudioFlinger: mixer(0xb4003400) throttle end: throttle time(8)
06-30 14:45:26.184  1389  3359 W audio_hw_generic: Not supplying enough data to HAL, expected position 216334259 , only wrote 216333360
06-30 14:45:26.188  1389  3359 W audio_hw_generic: Not supplying enough data to HAL, expected position 216333554 , only wrote 216333360
06-30 14:45:26.205  1389  3359 W audio_hw_generic: Not supplying enough data to HAL, expected position 216334130 , only wrote 216334080
06-30 14:45:26.217  1472  1583 D AudioFlinger: mixer(0xb4003400) throttle end: throttle time(12)
06-30 14:45:26.280  1389  3359 W audio_hw_generic: Not supplying enough data to HAL, expected position 216337683 , only wrote 216337680
06-30 14:45:26.372  1389  3359 W audio_hw_generic: Not supplying enough data to HAL, expected position 216342135 , only wrote 216341280
06-30 14:45:26.373  1389  3359 W audio_hw_generic: Not supplying enough data to HAL, expected position 216341292 , only wrote 216341280
06-30 14:45:26.395  1389  3359 W audio_hw_generic: Not supplying enough data to HAL, expected position 216342339 , only wrote 216342000
06-30 14:45:26.645  1600  2361 I WifiService: acquireWifiLock uid=10014 lockMode=2
06-30 14:45:26.941 13221 13221 I chatty  : uid=10104(net.osmand) expire 10 lines
06-30 14:45:27.781  1480 14368 I NuPlayerDecoder: [audio] saw output EOS
06-30 14:45:27.782  1480 14367 D AudioTrack: stop() called with 132300 frames delivered
06-30 14:45:28.030  1389  3359 W audio_hw_generic: Not supplying enough data to HAL, expected position 216420502 , only wrote 216420480
06-30 14:45:28.202  1480 14364 D NuPlayerDriver: notifyListener_l(0xa4b14310), (2, 0, 0, -1), loop setting(1, 0)
06-30 14:45:28.265  1480 14368 I NuPlayerDecoder: [OMX.google.vorbis.decoder] resubmitting CSD
06-30 14:45:28.271  3360  3372 I zygote  : Background concurrent copying GC freed 166365(5MB) AllocSpace objects, 0(0B) LOS objects, 43% free, 7MB/13MB, paused 13.664ms total 498.337ms
06-30 14:45:28.303  1480 14368 I NuPlayerDecoder: [OMX.google.vorbis.decoder] resubmitting CSD
06-30 14:45:28.340  1480 14364 D NuPlayerDriver: notifyListener_l(0xa4b14310), (6, 0, 0, -1), loop setting(1, 0)
06-30 14:45:28.347  1480 14367 W AudioTrack: getTimestamp() location moved from kernel to server
06-30 14:45:28.392  1389  3359 W audio_hw_generic: Not supplying enough data to HAL, expected position 216437864 , only wrote 216437760
06-30 14:45:28.393  1389  3359 W audio_hw_generic: Not supplying enough data to HAL, expected position 216437796 , only wrote 216437760
06-30 14:45:28.398  1480 14367 W AudioTrack: getTimestamp() location moved from kernel to server
06-30 14:45:28.409  1389  3359 W audio_hw_generic: Not supplying enough data to HAL, expected position 216438518 , only wrote 216438480
06-30 14:45:28.442  1480 14367 W AudioTrack: retrograde timestamp position corrected, -436 = 623 - 1059
06-30 14:45:28.457  1472  1583 D AudioFlinger: mixer(0xb4003400) throttle end: throttle time(5)
06-30 14:45:28.564  1389  3359 W audio_hw_generic: Not supplying enough data to HAL, expected position 216445908 , only wrote 216444960
06-30 14:45:28.564  1389  3359 W audio_hw_generic: Not supplying enough data to HAL, expected position 216444972 , only wrote 216444960
06-30 14:45:28.580  1389  3359 W audio_hw_generic: Not supplying enough data to HAL, expected position 216445715 , only wrote 216445680
06-30 14:45:28.595  1472  1583 D AudioFlinger: mixer(0xb4003400) throttle end: throttle time(12)
06-30 14:45:29.709  1389  3359 W audio_hw_generic: Not supplying enough data to HAL, expected position 216499862 , only wrote 216499680
06-30 14:45:29.711  1472  1583 D AudioFlinger: mixer(0xb4003400) throttle end: throttle time(5)
06-30 14:45:29.713  1600  2361 D WificondControl: Scan result ready event
06-30 14:45:29.728  1389  3359 W audio_hw_generic: Not supplying enough data to HAL, expected position 216500624 , only wrote 216500400
06-30 14:45:29.838  1389  3359 W audio_hw_generic: Not supplying enough data to HAL, expected position 216505684 , only wrote 216501840
06-30 14:45:29.876  1472  1583 D AudioFlinger: mixer(0xb4003400) throttle end: throttle time(10)
06-30 14:45:29.880  1600  2361 I WifiService: releaseWifiLock uid=10014
06-30 14:45:29.918  1389  3359 W audio_hw_generic: Not supplying enough data to HAL, expected position 216505673 , only wrote 216504720
06-30 14:45:29.925  1389  3359 W audio_hw_generic: Not supplying enough data to HAL, expected position 216505035 , only wrote 216504720
06-30 14:45:29.945  1389  3359 W audio_hw_generic: Not supplying enough data to HAL, expected position 216505700 , only wrote 216505440
06-30 14:45:29.979  1472  1583 D AudioFlinger: mixer(0xb4003400) throttle end: throttle time(1)
06-30 14:45:30.113  1389  3359 W audio_hw_generic: Not supplying enough data to HAL, expected position 216513477 , only wrote 216511920
06-30 14:45:30.148  1472  1583 D AudioFlinger: mixer(0xb4003400) throttle end: throttle time(12)
06-30 14:45:30.211 13221 13253 I chatty  : uid=10104(net.osmand) Loader map obje expire 224 lines
06-30 14:45:30.458  1389  3359 W audio_hw_generic: Not supplying enough data to HAL, expected position 216528491 , only wrote 216528480
06-30 14:45:30.473  1389  3359 W audio_hw_generic: Not supplying enough data to HAL, expected position 216529212 , only wrote 216529200
06-30 14:45:31.154  1480 14368 I NuPlayerDecoder: [audio] saw output EOS
06-30 14:45:31.156  1480 14367 D AudioTrack: stop() called with 132300 frames delivered
06-30 14:45:31.377  1389  3359 W audio_hw_generic: Not supplying enough data to HAL, expected position 216572572 , only wrote 216570240
06-30 14:45:31.398  1389  3359 W audio_hw_generic: Not supplying enough data to HAL, expected position 216571271 , only wrote 216570960
06-30 14:45:31.398  1389  3359 W audio_hw_generic: Not supplying enough data to HAL, expected position 216570972 , only wrote 216570960
06-30 14:45:31.401  1472  1583 D AudioFlinger: mixer(0xb4003400) throttle end: throttle time(12)
06-30 14:45:31.425  1389  3359 W audio_hw_generic: Not supplying enough data to HAL, expected position 216572236 , only wrote 216571680
06-30 14:45:31.590  1480 14364 D NuPlayerDriver: notifyListener_l(0xa4b14310), (2, 0, 0, -1), loop setting(1, 0)
06-30 14:45:31.605  1480 14368 I NuPlayerDecoder: [OMX.google.vorbis.decoder] resubmitting CSD
06-30 14:45:31.606  1480 14368 I NuPlayerDecoder: [OMX.google.vorbis.decoder] resubmitting CSD
06-30 14:45:31.637  1480 14364 D NuPlayerDriver: notifyListener_l(0xa4b14310), (6, 0, 0, -1), loop setting(1, 0)
06-30 14:45:31.659  1480 14367 W AudioTrack: getTimestamp() location moved from kernel to server
06-30 14:45:31.659  1480 14367 W NuPlayerRenderer: getPendingAudioPlayoutDurationUs: pendingUs -3458 < 0, clamping to zero, potential resume after pause writtenAudioDurationUs: 14512, audioSinkPlayedUs: 17970
06-30 14:45:31.681  1480 14367 W AudioTrack: retrograde timestamp position corrected, -640 = 0 - 640
06-30 14:45:31.839 13221 17143 I chatty  : uid=10104(net.osmand) expire 18 lines
06-30 14:45:34.188  1472  1583 D AudioFlinger: mixer(0xb4003400) throttle end: throttle time(1)
06-30 14:45:34.234  1480 14368 I NuPlayerDecoder: [audio] saw output EOS
06-30 14:45:34.235  1480 14367 D AudioTrack: stop() called with 132300 frames delivered
06-30 14:45:34.721  1480 14364 D NuPlayerDriver: notifyListener_l(0xa4b14310), (2, 0, 0, -1), loop setting(1, 0)
06-30 14:45:34.746  1480 14368 I NuPlayerDecoder: [OMX.google.vorbis.decoder] resubmitting CSD
06-30 14:45:34.746  1480 14368 I NuPlayerDecoder: [OMX.google.vorbis.decoder] resubmitting CSD
06-30 14:45:34.765  1480 14364 D NuPlayerDriver: notifyListener_l(0xa4b14310), (6, 0, 0, -1), loop setting(1, 0)
06-30 14:45:34.819  1480 14367 W AudioTrack: getTimestamp() location moved from kernel to server
06-30 14:45:35.171 13221 13254 I chatty  : uid=10104(net.osmand) RenderingBaseIm expire 34 lines
06-30 14:45:36.057  1389  3359 W audio_hw_generic: Not supplying enough data to HAL, expected position 216794012 , only wrote 216792720
06-30 14:45:36.058  1389  3359 W audio_hw_generic: Not supplying enough data to HAL, expected position 216792790 , only wrote 216792720
06-30 14:45:36.074  1389  3359 W audio_hw_generic: Not supplying enough data to HAL, expected position 216793463 , only wrote 216793440
06-30 14:45:37.440  1480 14368 I NuPlayerDecoder: [audio] saw output EOS
06-30 14:45:37.441  1480 14367 D AudioTrack: stop() called with 132300 frames delivered
06-30 14:45:37.892  1480 14364 D NuPlayerDriver: notifyListener_l(0xa4b14310), (2, 0, 0, -1), loop setting(1, 0)
06-30 14:45:37.915  1480 14368 I NuPlayerDecoder: [OMX.google.vorbis.decoder] resubmitting CSD
06-30 14:45:37.918  1480 14368 I NuPlayerDecoder: [OMX.google.vorbis.decoder] resubmitting CSD
06-30 14:45:37.926  1480 14364 D NuPlayerDriver: notifyListener_l(0xa4b14310), (6, 0, 0, -1), loop setting(1, 0)
06-30 14:45:37.952  1480 14367 W AudioTrack: getTimestamp() location moved from kernel to server
06-30 14:45:37.995  1480 14367 W AudioTrack: retrograde timestamp position corrected, -1060 = 0 - 1060
06-30 14:45:38.878 13221 13221 I chatty  : uid=10104(net.osmand) expire 10 lines
06-30 14:45:40.566  1480 14368 I NuPlayerDecoder: [audio] saw output EOS
06-30 14:45:40.568  1480 14367 D AudioTrack: stop() called with 132300 frames delivered
06-30 14:45:40.990  1480 14364 D NuPlayerDriver: notifyListener_l(0xa4b14310), (2, 0, 0, -1), loop setting(1, 0)
06-30 14:45:41.005  1480 14368 I NuPlayerDecoder: [OMX.google.vorbis.decoder] resubmitting CSD
06-30 14:45:41.005  1480 14368 I NuPlayerDecoder: [OMX.google.vorbis.decoder] resubmitting CSD
06-30 14:45:41.014  1480 14364 D NuPlayerDriver: notifyListener_l(0xa4b14310), (6, 0, 0, -1), loop setting(1, 0)
06-30 14:45:42.608  1389  3359 W audio_hw_generic: Not supplying enough data to HAL, expected position 217107086 , only wrote 217106640
06-30 14:45:42.609  1389  3359 W audio_hw_generic: Not supplying enough data to HAL, expected position 217106682 , only wrote 217106640
06-30 14:45:42.627  1389  3359 W audio_hw_generic: Not supplying enough data to HAL, expected position 217107480 , only wrote 217107360
06-30 14:45:42.701  1969  1979 I zygote  : Background concurrent copying GC freed 106746(4MB) AllocSpace objects, 0(0B) LOS objects, 41% free, 8MB/14MB, paused 1.161ms total 250.839ms
06-30 14:45:43.688  1480 14368 I NuPlayerDecoder: [audio] saw output EOS
06-30 14:45:43.692  1480 14367 D AudioTrack: stop() called with 132300 frames delivered
06-30 14:45:43.801  1389  3359 W audio_hw_generic: Not supplying enough data to HAL, expected position 217163706 , only wrote 217163520
06-30 14:45:43.801  1389  3359 W audio_hw_generic: Not supplying enough data to HAL, expected position 217163549 , only wrote 217163520
06-30 14:45:43.818  1389  3359 W audio_hw_generic: Not supplying enough data to HAL, expected position 217164316 , only wrote 217164240
06-30 14:45:43.829  1472  1583 D AudioFlinger: mixer(0xb4003400) throttle end: throttle time(11)
06-30 14:45:43.892  1389  3359 W audio_hw_generic: Not supplying enough data to HAL, expected position 217167807 , only wrote 217167120
06-30 14:45:43.928  1472  1583 D AudioFlinger: mixer(0xb4003400) throttle end: throttle time(3)
06-30 14:45:44.098  1480 14364 D NuPlayerDriver: notifyListener_l(0xa4b14310), (2, 0, 0, -1), loop setting(1, 0)
06-30 14:45:44.117  1480 14368 I NuPlayerDecoder: [OMX.google.vorbis.decoder] resubmitting CSD
06-30 14:45:44.118  1480 14368 I NuPlayerDecoder: [OMX.google.vorbis.decoder] resubmitting CSD
06-30 14:45:44.130  1480 14364 D NuPlayerDriver: notifyListener_l(0xa4b14310), (6, 0, 0, -1), loop setting(1, 0)
06-30 14:45:44.160  1480 14367 W AudioTrack: getTimestamp() location moved from kernel to server
06-30 14:45:44.205  1480 14367 W AudioTrack: retrograde timestamp position corrected, -671 = 387 - 1058
06-30 14:45:45.201  1600  1609 I zygote  : Background concurrent copying GC freed 96010(5MB) AllocSpace objects, 18(872KB) LOS objects, 21% free, 22MB/28MB, paused 3.812ms total 379.934ms
06-30 14:45:45.366 13221 13254 I chatty  : uid=10104(net.osmand) RenderingBaseIm expire 60 lines
06-30 14:45:46.598  1480 14368 I NuPlayerDecoder: [audio] saw output EOS
06-30 14:45:46.661  1389  3359 W audio_hw_generic: Not supplying enough data to HAL, expected position 217300050 , only wrote 217299600
06-30 14:45:46.685  1389  3359 W audio_hw_generic: Not supplying enough data to HAL, expected position 217300711 , only wrote 217300320
06-30 14:45:46.686  1389  3359 W audio_hw_generic: Not supplying enough data to HAL, expected position 217300385 , only wrote 217300320
06-30 14:45:46.725  1600  1611 I WifiService: acquireWifiLock uid=10014 lockMode=2
06-30 14:45:46.827  1600  1613 E memtrack: Couldn't load memtrack module
06-30 14:45:46.827  1600  1613 W android.os.Debug: failed to get memory consumption info: -1
06-30 14:45:46.852  1480 14367 D AudioTrack: stop() called with 132300 frames delivered
06-30 14:45:47.200  1600  1613 E memtrack: Couldn't load memtrack module
06-30 14:45:47.200  1600  1613 W android.os.Debug: failed to get memory consumption info: -1
06-30 14:45:47.214  1480 14364 D NuPlayerDriver: notifyListener_l(0xa4b14310), (2, 0, 0, -1), loop setting(1, 0)
06-30 14:45:47.230  1480 14368 I NuPlayerDecoder: [OMX.google.vorbis.decoder] resubmitting CSD
06-30 14:45:47.231  1480 14368 I NuPlayerDecoder: [OMX.google.vorbis.decoder] resubmitting CSD
06-30 14:45:47.238  1480 14364 D NuPlayerDriver: notifyListener_l(0xa4b14310), (6, 0, 0, -1), loop setting(1, 0)
06-30 14:45:47.272  1480 14367 W AudioTrack: getTimestamp() location moved from kernel to server
06-30 14:45:47.296  1480 14367 W AudioTrack: retrograde timestamp position corrected, -1058 = 0 - 1058
06-30 14:45:47.354  1600  1613 E memtrack: Couldn't load memtrack module
06-30 14:45:47.354  1600  1613 W android.os.Debug: failed to get memory consumption info: -1
06-30 14:45:48.066  1472  1583 D AudioFlinger: mixer(0xb4003400) throttle end: throttle time(8)
06-30 14:45:48.067 13221 17153 I chatty  : uid=10104(net.osmand) expire 18 lines
06-30 14:45:49.164  1389  3359 W audio_hw_generic: Not supplying enough data to HAL, expected position 217419252 , only wrote 217419120
06-30 14:45:49.165  1389  3359 W audio_hw_generic: Not supplying enough data to HAL, expected position 217419155 , only wrote 217419120
06-30 14:45:49.180  1389  3359 W audio_hw_generic: Not supplying enough data to HAL, expected position 217419874 , only wrote 217419840
06-30 14:45:49.715  1480 14368 I NuPlayerDecoder: [audio] saw output EOS
06-30 14:45:49.968  1480 14367 D AudioTrack: stop() called with 132300 frames delivered
06-30 14:45:50.165 13221 13253 I chatty  : uid=10104(net.osmand) Loader map obje expire 143 lines
06-30 14:45:50.314  1480 14364 D NuPlayerDriver: notifyListener_l(0xa4b14310), (2, 0, 0, -1), loop setting(1, 0)
06-30 14:45:50.339  1480 14368 I NuPlayerDecoder: [OMX.google.vorbis.decoder] resubmitting CSD
06-30 14:45:50.342  1480 14368 I NuPlayerDecoder: [OMX.google.vorbis.decoder] resubmitting CSD
06-30 14:45:50.358  1480 14364 D NuPlayerDriver: notifyListener_l(0xa4b14310), (6, 0, 0, -1), loop setting(1, 0)
06-30 14:45:50.375  1480 14367 W AudioTrack: getTimestamp() location moved from kernel to server
06-30 14:45:50.375  1480 14367 W NuPlayerRenderer: getPendingAudioPlayoutDurationUs: pendingUs -3304 < 0, clamping to zero, potential resume after pause writtenAudioDurationUs: 5804, audioSinkPlayedUs: 9108
06-30 14:45:50.403  1480 14367 W NuPlayerRenderer: getPendingAudioPlayoutDurationUs: pendingUs -10870 < 0, clamping to zero, potential resume after pause writtenAudioDurationUs: 14512, audioSinkPlayedUs: 25382
06-30 14:45:50.423  1480 14367 W AudioTrack: retrograde timestamp position corrected, -320 = 64 - 384
06-30 14:45:50.994 13221 13221 I chatty  : uid=10104(net.osmand) expire 27 lines
06-30 14:45:51.030 13221 17154 I chatty  : uid=10104(net.osmand) expire 19 lines
06-30 14:45:51.776  1600  2361 I WifiService: releaseWifiLock uid=10014
06-30 14:45:51.909 13221 13231 I chatty  : uid=10104(net.osmand) HeapTaskDaemon expire 14 lines
06-30 14:45:52.953  1480 14368 I NuPlayerDecoder: [audio] saw output EOS
06-30 14:45:52.954  1480 14367 D AudioTrack: stop() called with 132300 frames delivered
06-30 14:45:53.233  1389  3359 W audio_hw_generic: Not supplying enough data to HAL, expected position 217614324 , only wrote 217614240
06-30 14:45:53.450  1472  1583 D AudioFlinger: mixer(0xb4003400) throttle end: throttle time(2)
06-30 14:45:53.484  1480 14364 D NuPlayerDriver: notifyListener_l(0xa4b14310), (2, 0, 0, -1), loop setting(1, 0)
06-30 14:45:53.507  1480 14368 I NuPlayerDecoder: [OMX.google.vorbis.decoder] resubmitting CSD
06-30 14:45:53.508  1480 14368 I NuPlayerDecoder: [OMX.google.vorbis.decoder] resubmitting CSD
06-30 14:45:53.522  1480 14364 D NuPlayerDriver: notifyListener_l(0xa4b14310), (6, 0, 0, -1), loop setting(1, 0)
06-30 14:45:53.543 13221 17155 I chatty  : uid=10104(net.osmand) expire 18 lines
06-30 14:45:53.554  1480 14367 W AudioTrack: getTimestamp() location moved from kernel to server
06-30 14:45:53.575  1480 14367 W AudioTrack: retrograde timestamp position corrected, -2 = 1058 - 1060
06-30 14:45:54.943  1389  3359 W audio_hw_generic: Not supplying enough data to HAL, expected position 217696357 , only wrote 217696320
06-30 14:45:54.943  1389  3359 W audio_hw_generic: Not supplying enough data to HAL, expected position 217696355 , only wrote 217696320
06-30 14:45:54.959  1389  3359 W audio_hw_generic: Not supplying enough data to HAL, expected position 217697089 , only wrote 217697040
06-30 14:45:55.142  1969  1969 I GeofencerStateMachine: sendNewTransitions called.
06-30 14:45:55.313  1969  1969 I GeofencerStateMachine: sendNewTransitions called.
06-30 14:45:55.325  1969  1969 I GeofencerStateMachine: sendNewLocationAvailability: availability=LocationAvailability[isLocationAvailable: true]
06-30 14:45:55.961  1969  1969 I GeofencerStateMachine: sendNewLocationAvailability: availability=LocationAvailability[isLocationAvailable: true]
06-30 14:45:55.969  1969  1969 I GeofencerStateMachine: sendNewLocationAvailability: availability=LocationAvailability[isLocationAvailable: true]
06-30 14:45:56.121  1480 14368 I NuPlayerDecoder: [audio] saw output EOS
06-30 14:45:56.124  1480 14367 D AudioTrack: stop() called with 132300 frames delivered
06-30 14:45:56.484 13221 17159 I chatty  : uid=10104(net.osmand) expire 18 lines
06-30 14:45:56.584  1480 14364 D NuPlayerDriver: notifyListener_l(0xa4b14310), (2, 0, 0, -1), loop setting(1, 0)
06-30 14:45:56.602  1480 14368 I NuPlayerDecoder: [OMX.google.vorbis.decoder] resubmitting CSD
06-30 14:45:56.603  1480 14368 I NuPlayerDecoder: [OMX.google.vorbis.decoder] resubmitting CSD
06-30 14:45:56.617  1480 14364 D NuPlayerDriver: notifyListener_l(0xa4b14310), (6, 0, 0, -1), loop setting(1, 0)
06-30 14:45:56.657  1480 14367 W AudioTrack: getTimestamp() location moved from kernel to server
06-30 14:45:56.686  1480 14367 W AudioTrack: retrograde timestamp position corrected, -1058 = 0 - 1058
06-30 14:45:57.525  1389  3359 W audio_hw_generic: Not supplying enough data to HAL, expected position 217820174 , only wrote 217820160
06-30 14:45:57.541  1389  3359 W audio_hw_generic: Not supplying enough data to HAL, expected position 217820920 , only wrote 217820880
06-30 14:45:57.634  1472  1583 D AudioFlinger: mixer(0xb4003400) throttle end: throttle time(1)
06-30 14:45:58.465 13221 17160 I chatty  : uid=10104(net.osmand) expire 18 lines
06-30 14:45:59.178  1480 14368 I NuPlayerDecoder: [audio] saw output EOS
06-30 14:45:59.180  1480 14367 D AudioTrack: stop() called with 132300 frames delivered
06-30 14:45:59.683  1480 14364 D NuPlayerDriver: notifyListener_l(0xa4b14310), (2, 0, 0, -1), loop setting(1, 0)
06-30 14:45:59.700  1480 14368 I NuPlayerDecoder: [OMX.google.vorbis.decoder] resubmitting CSD
06-30 14:45:59.700  1480 14368 I NuPlayerDecoder: [OMX.google.vorbis.decoder] resubmitting CSD
06-30 14:45:59.712  1480 14364 D NuPlayerDriver: notifyListener_l(0xa4b14310), (6, 0, 0, -1), loop setting(1, 0)
06-30 14:46:00.036  1600  1613 E memtrack: Couldn't load memtrack module
06-30 14:46:00.046  1600  1613 W android.os.Debug: failed to get memory consumption info: -1
06-30 14:46:00.095  1389  3359 W audio_hw_generic: Not supplying enough data to HAL, expected position 217943482 , only wrote 217943280
06-30 14:46:00.096  1389  3359 W audio_hw_generic: Not supplying enough data to HAL, expected position 217943319 , only wrote 217943280
06-30 14:46:00.111  1389  3359 W audio_hw_generic: Not supplying enough data to HAL, expected position 217944022 , only wrote 217944000
06-30 14:46:00.130  1472  1583 D AudioFlinger: mixer(0xb4003400) throttle end: throttle time(4)
06-30 14:46:00.328  1600  1613 E memtrack: Couldn't load memtrack module
06-30 14:46:00.328  1600  1613 W android.os.Debug: failed to get memory consumption info: -1
06-30 14:46:00.390  1389  3359 W audio_hw_generic: Not supplying enough data to HAL, expected position 217957367 , only wrote 217956960
06-30 14:46:00.397  1389  3359 W audio_hw_generic: Not supplying enough data to HAL, expected position 217957301 , only wrote 217956960
06-30 14:46:00.413  1389  3359 W audio_hw_generic: Not supplying enough data to HAL, expected position 217957711 , only wrote 217957680
06-30 14:46:00.436  1472  1583 D AudioFlinger: mixer(0xb4003400) throttle end: throttle time(1)
06-30 14:46:00.636 13221 17161 I chatty  : uid=10104(net.osmand) expire 18 lines
06-30 14:46:01.528  1405  1405 I boot-pipe: done populating /dev/random
06-30 14:46:02.279  1480 14368 I NuPlayerDecoder: [audio] saw output EOS
06-30 14:46:02.281  1480 14367 D AudioTrack: stop() called with 132300 frames delivered
06-30 14:46:02.466 13221 13221 I chatty  : uid=10104(net.osmand) expire 46 lines
06-30 14:46:02.491 13221 17162 I chatty  : uid=10104(net.osmand) expire 18 lines
06-30 14:46:02.825  1480 14364 D NuPlayerDriver: notifyListener_l(0xa4b14310), (2, 0, 0, -1), loop setting(1, 0)
06-30 14:46:02.841  1480 14368 I NuPlayerDecoder: [OMX.google.vorbis.decoder] resubmitting CSD
06-30 14:46:02.842 13221 13253 I chatty  : uid=10104(net.osmand) Loader map obje expire 230 lines
06-30 14:46:02.844  1480 14368 I NuPlayerDecoder: [OMX.google.vorbis.decoder] resubmitting CSD
06-30 14:46:02.859  1480 14364 D NuPlayerDriver: notifyListener_l(0xa4b14310), (6, 0, 0, -1), loop setting(1, 0)
06-30 14:46:02.886  1480 14367 W AudioTrack: getTimestamp() location moved from kernel to server
06-30 14:46:02.886  1480 14367 W NuPlayerRenderer: getPendingAudioPlayoutDurationUs: pendingUs -5167 < 0, clamping to zero, potential resume after pause writtenAudioDurationUs: 8707, audioSinkPlayedUs: 13874
06-30 14:46:02.914  1480 14367 W AudioTrack: retrograde timestamp position corrected, -384 = 0 - 384
06-30 14:46:03.427 13221 13254 I chatty  : uid=10104(net.osmand) RenderingBaseIm expire 74 lines
06-30 14:46:04.384  1389  3359 W audio_hw_generic: Not supplying enough data to HAL, expected position 218148299 , only wrote 218147760
06-30 14:46:04.385  1472  1583 D AudioFlinger: mixer(0xb4003400) throttle end: throttle time(12)
06-30 14:46:05.206 13221 17166 I chatty  : uid=10104(net.osmand) expire 18 lines
06-30 14:46:05.454  1480 14368 I NuPlayerDecoder: [audio] saw output EOS
06-30 14:46:05.456  1480 14367 D AudioTrack: stop() called with 132300 frames delivered
06-30 14:46:05.914  1600  1609 I zygote  : Background concurrent copying GC freed 92957(5MB) AllocSpace objects, 22(1080KB) LOS objects, 21% free, 22MB/28MB, paused 1.928ms total 896.598ms
06-30 14:46:05.963  1480 14364 D NuPlayerDriver: notifyListener_l(0xa4b14310), (2, 0, 0, -1), loop setting(1, 0)
06-30 14:46:05.975  1480 14368 I NuPlayerDecoder: [OMX.google.vorbis.decoder] resubmitting CSD
06-30 14:46:05.977  1480 14368 I NuPlayerDecoder: [OMX.google.vorbis.decoder] resubmitting CSD
06-30 14:46:05.994  1480 14364 D NuPlayerDriver: notifyListener_l(0xa4b14310), (6, 0, 0, -1), loop setting(1, 0)
06-30 14:46:06.022  1480 14367 W AudioTrack: getTimestamp() location moved from kernel to server
06-30 14:46:06.022  1480 14367 W NuPlayerRenderer: getPendingAudioPlayoutDurationUs: pendingUs -879 < 0, clamping to zero, potential resume after pause writtenAudioDurationUs: 20317, audioSinkPlayedUs: 21196
06-30 14:46:06.069  1480 14367 W AudioTrack: retrograde timestamp position corrected, -487 = 573 - 1060
06-30 14:46:06.124  1389  3359 W audio_hw_generic: Not supplying enough data to HAL, expected position 218231305 , only wrote 218231280
06-30 14:46:06.374  1472  1583 D AudioFlinger: mixer(0xb4003400) throttle end: throttle time(5)
06-30 14:46:07.056  1600  1919 I WifiService: acquireWifiLock uid=10014 lockMode=2
06-30 14:46:07.130  1969  1969 I GeofencerStateMachine: sendNewLocationAvailability: availability=LocationAvailability[isLocationAvailable: true]
06-30 14:46:07.486 13221 17167 I chatty  : uid=10104(net.osmand) expire 19 lines
06-30 14:46:07.747  1480 14367 W AudioTrack: getTimestamp() location moved from kernel to server
06-30 14:46:08.607  1480 14368 I NuPlayerDecoder: [audio] saw output EOS
06-30 14:46:08.608  1480 14367 D AudioTrack: stop() called with 132300 frames delivered
06-30 14:46:09.055  1480 14364 D NuPlayerDriver: notifyListener_l(0xa4b14310), (2, 0, 0, -1), loop setting(1, 0)
06-30 14:46:09.082  1480 14368 I NuPlayerDecoder: [OMX.google.vorbis.decoder] resubmitting CSD
06-30 14:46:09.083  1480 14368 I NuPlayerDecoder: [OMX.google.vorbis.decoder] resubmitting CSD
06-30 14:46:09.092  1480 14364 D NuPlayerDriver: notifyListener_l(0xa4b14310), (6, 0, 0, -1), loop setting(1, 0)
06-30 14:46:09.152  1480 14367 W AudioTrack: getTimestamp() location moved from kernel to server
06-30 14:46:09.161 13221 17168 I chatty  : uid=10104(net.osmand) expire 19 lines
06-30 14:46:09.181  1480 14367 W NuPlayerRenderer: getPendingAudioPlayoutDurationUs: pendingUs -3347 < 0, clamping to zero, potential resume after pause writtenAudioDurationUs: 20317, audioSinkPlayedUs: 23664
06-30 14:46:10.033  1600  3103 D WificondControl: Scan result ready event
06-30 14:46:10.055  1600  3617 I WifiService: releaseWifiLock uid=10014
06-30 14:46:11.787  1480 14368 I NuPlayerDecoder: [audio] saw output EOS
06-30 14:46:11.792  1480 14367 D AudioTrack: stop() called with 132300 frames delivered
06-30 14:46:12.029 13221 17169 I chatty  : uid=10104(net.osmand) expire 18 lines
06-30 14:46:12.236  1480 14364 D NuPlayerDriver: notifyListener_l(0xa4b14310), (2, 0, 0, -1), loop setting(1, 0)
06-30 14:46:12.261  1480 14368 I NuPlayerDecoder: [OMX.google.vorbis.decoder] resubmitting CSD
06-30 14:46:12.262  1480 14368 I NuPlayerDecoder: [OMX.google.vorbis.decoder] resubmitting CSD
06-30 14:46:12.270  1480 14364 D NuPlayerDriver: notifyListener_l(0xa4b14310), (6, 0, 0, -1), loop setting(1, 0)
06-30 14:46:12.275  1480 14367 W AudioTrack: getTimestamp() location moved from kernel to server
06-30 14:46:12.323  1480 14367 W AudioTrack: getTimestamp() location moved from kernel to server
06-30 14:46:14.386  1389  3359 W audio_hw_generic: Not supplying enough data to HAL, expected position 218627822 , only wrote 218627280
06-30 14:46:14.386  1389  3359 W audio_hw_generic: Not supplying enough data to HAL, expected position 218627299 , only wrote 218627280
06-30 14:46:14.403  1389  3359 W audio_hw_generic: Not supplying enough data to HAL, expected position 218628083 , only wrote 218628000
06-30 14:46:14.417  1472  1583 D AudioFlinger: mixer(0xb4003400) throttle end: throttle time(12)
06-30 14:46:14.784  1389  3359 W audio_hw_generic: Not supplying enough data to HAL, expected position 218646277 , only wrote 218646000
06-30 14:46:14.784  1389  3359 W audio_hw_generic: Not supplying enough data to HAL, expected position 218646021 , only wrote 218646000
06-30 14:46:14.799  1389  3359 W audio_hw_generic: Not supplying enough data to HAL, expected position 218646741 , only wrote 218646720
06-30 14:46:14.946  1472  1583 D AudioFlinger: mixer(0xb4003400) throttle end: throttle time(11)
06-30 14:46:14.952  1480 14368 I NuPlayerDecoder: [audio] saw output EOS
06-30 14:46:15.198  1480 14367 D AudioTrack: stop() called with 132300 frames delivered
06-30 14:46:15.536  1480 14364 D NuPlayerDriver: notifyListener_l(0xa4b14310), (2, 0, 0, -1), loop setting(1, 0)
06-30 14:46:15.552  1480 14368 I NuPlayerDecoder: [OMX.google.vorbis.decoder] resubmitting CSD
06-30 14:46:15.553  1480 14368 I NuPlayerDecoder: [OMX.google.vorbis.decoder] resubmitting CSD
06-30 14:46:15.564  1480 14364 D NuPlayerDriver: notifyListener_l(0xa4b14310), (6, 0, 0, -1), loop setting(1, 0)
06-30 14:46:16.301  1480 14367 W AudioTrack: getTimestamp() location moved from kernel to server
06-30 14:46:17.463  1480 14367 W AudioTrack: getTimestamp() location moved from kernel to server
06-30 14:46:17.551  2090  2105 I zygote  : NativeAlloc concurrent copying GC freed 34945(1646KB) AllocSpace objects, 0(0B) LOS objects, 49% free, 4MB/8MB, paused 897us total 689.148ms
06-30 14:46:18.025  1389  3359 W audio_hw_generic: Not supplying enough data to HAL, expected position 218801556 , only wrote 218801520
06-30 14:46:18.026  1389  3359 W audio_hw_generic: Not supplying enough data to HAL, expected position 218801551 , only wrote 218801520
06-30 14:46:18.042  1389  3359 W audio_hw_generic: Not supplying enough data to HAL, expected position 218802277 , only wrote 218802240
06-30 14:46:18.066  1480 14368 I NuPlayerDecoder: [audio] saw output EOS
06-30 14:46:18.320  1480 14367 D AudioTrack: stop() called with 132300 frames delivered
06-30 14:46:18.656  1480 14364 D NuPlayerDriver: notifyListener_l(0xa4b14310), (2, 0, 0, -1), loop setting(1, 0)
06-30 14:46:18.678  1480 14368 I NuPlayerDecoder: [OMX.google.vorbis.decoder] resubmitting CSD
06-30 14:46:18.679  1480 14368 I NuPlayerDecoder: [OMX.google.vorbis.decoder] resubmitting CSD
06-30 14:46:18.693  1480 14364 D NuPlayerDriver: notifyListener_l(0xa4b14310), (6, 0, 0, -1), loop setting(1, 0)
06-30 14:46:18.746  1480 14367 W AudioTrack: getTimestamp() location moved from kernel to server
06-30 14:46:18.767  1480 14367 W AudioTrack: retrograde timestamp position corrected, -1058 = 0 - 1058
06-30 14:46:20.398  1389  3359 W audio_hw_generic: Not supplying enough data to HAL, expected position 218915333 , only wrote 218915280
06-30 14:46:20.398  1389  3359 W audio_hw_generic: Not supplying enough data to HAL, expected position 218915289 , only wrote 218915280
06-30 14:46:20.427  1389  3359 W audio_hw_generic: Not supplying enough data to HAL, expected position 218916659 , only wrote 218916000
06-30 14:46:20.428  1472  1583 D AudioFlinger: mixer(0xb4003400) throttle end: throttle time(12)
06-30 14:46:20.774  1389  3359 W audio_hw_generic: Not supplying enough data to HAL, expected position 218932665 , only wrote 218932560
06-30 14:46:21.005  1389  3359 W audio_hw_generic: Not supplying enough data to HAL, expected position 218943647 , only wrote 218943360
06-30 14:46:21.006  1389  3359 W audio_hw_generic: Not supplying enough data to HAL, expected position 218943411 , only wrote 218943360
06-30 14:46:21.048  1389  3359 W audio_hw_generic: Not supplying enough data to HAL, expected position 218945366 , only wrote 218944080
06-30 14:46:21.385  1480 14368 I NuPlayerDecoder: [audio] saw output EOS
06-30 14:46:21.387  1480 14367 D AudioTrack: stop() called with 132300 frames delivered
06-30 14:46:21.838  1480 14364 D NuPlayerDriver: notifyListener_l(0xa4b14310), (2, 0, 0, -1), loop setting(1, 0)
06-30 14:46:21.857  1480 14368 I NuPlayerDecoder: [OMX.google.vorbis.decoder] resubmitting CSD
06-30 14:46:21.859  1480 14368 I NuPlayerDecoder: [OMX.google.vorbis.decoder] resubmitting CSD
06-30 14:46:21.872  1480 14364 D NuPlayerDriver: notifyListener_l(0xa4b14310), (6, 0, 0, -1), loop setting(1, 0)
06-30 14:46:21.911  1480 14367 W AudioTrack: getTimestamp() location moved from kernel to server
06-30 14:46:21.953  1480 14367 W AudioTrack: retrograde timestamp position corrected, -1058 = 0 - 1058
06-30 14:46:22.286  1389  3359 W audio_hw_generic: Not supplying enough data to HAL, expected position 219003522 , only wrote 219003120
06-30 14:46:22.332  1389  3359 W audio_hw_generic: Not supplying enough data to HAL, expected position 219005340 , only wrote 219004560
06-30 14:46:22.373  1480 14367 W AudioTrack: getTimestamp() location moved from kernel to server
06-30 14:46:22.377  1472  1583 D AudioFlinger: mixer(0xb4003400) throttle end: throttle time(1)
06-30 14:46:24.500  1480 14368 I NuPlayerDecoder: [audio] saw output EOS
06-30 14:46:24.502  1480 14367 D AudioTrack: stop() called with 132300 frames delivered
06-30 14:46:24.564  1969  1969 I GeofencerStateMachine: sendNewTransitions called.
06-30 14:46:24.959  1480 14364 D NuPlayerDriver: notifyListener_l(0xa4b14310), (2, 0, 0, -1), loop setting(1, 0)
06-30 14:46:25.024  1480 14368 I NuPlayerDecoder: [OMX.google.vorbis.decoder] resubmitting CSD
06-30 14:46:25.025  1480 14368 I NuPlayerDecoder: [OMX.google.vorbis.decoder] resubmitting CSD
06-30 14:46:25.035  1480 14364 D NuPlayerDriver: notifyListener_l(0xa4b14310), (6, 0, 0, -1), loop setting(1, 0)
06-30 14:46:25.069  1480 14367 W AudioTrack: getTimestamp() location moved from kernel to server
06-30 14:46:25.100  1480 14367 W AudioTrack: getTimestamp() location moved from kernel to server
06-30 14:46:25.203  1600  1609 I zygote  : Background concurrent copying GC freed 94340(4MB) AllocSpace objects, 30(1496KB) LOS objects, 20% free, 23MB/29MB, paused 1.471ms total 573.250ms
06-30 14:46:25.261 13221 13221 I chatty  : uid=10104(net.osmand) expire 29 lines
06-30 14:46:25.276 13221 13254 I chatty  : uid=10104(net.osmand) RenderingBaseIm expire 40 lines
06-30 14:46:25.286 13221 17180 I chatty  : uid=10104(net.osmand) expire 18 lines
06-30 14:46:25.708 13221 13253 I chatty  : uid=10104(net.osmand) Loader map obje expire 128 lines
06-30 14:46:26.457  1389  3359 W audio_hw_generic: Not supplying enough data to HAL, expected position 219202548 , only wrote 219201840
06-30 14:46:27.166  1600  2361 I WifiService: acquireWifiLock uid=10014 lockMode=2
06-30 14:46:27.499  1969 16982 W System.err: java.net.UnknownHostException: Unable to resolve host "www.google.com": No address associated with hostname
06-30 14:46:27.503  1969 16982 W System.err: 	at java.net.Inet6AddressImpl.lookupHostByName(Inet6AddressImpl.java:111)
06-30 14:46:27.503  1969 16982 W System.err: 	at java.net.Inet6AddressImpl.lookupAllHostAddr(Inet6AddressImpl.java:90)
06-30 14:46:27.503  1969 16982 W System.err: 	at java.net.InetAddress.getAllByName(InetAddress.java:787)
06-30 14:46:27.503  1969 16982 W System.err: 	at com.android.okhttp.Dns$1.lookup(Dns.java:39)
06-30 14:46:27.504  1969 16982 W System.err: 	at com.android.okhttp.internal.http.RouteSelector.resetNextInetSocketAddress(RouteSelector.java:175)
06-30 14:46:27.504  1969 16982 W System.err: 	at com.android.okhttp.internal.http.RouteSelector.nextProxy(RouteSelector.java:141)
06-30 14:46:27.504  1969 16982 W System.err: 	at com.android.okhttp.internal.http.RouteSelector.next(RouteSelector.java:83)
06-30 14:46:27.504  1969 16982 W System.err: 	at com.android.okhttp.internal.http.StreamAllocation.findConnection(StreamAllocation.java:174)
06-30 14:46:27.504  1969 16982 W System.err: 	at com.android.okhttp.internal.http.StreamAllocation.findHealthyConnection(StreamAllocation.java:126)
06-30 14:46:27.504  1969 16982 W System.err: 	at com.android.okhttp.internal.http.StreamAllocation.newStream(StreamAllocation.java:95)
06-30 14:46:27.504  1969 16982 W System.err: 	at com.android.okhttp.internal.http.HttpEngine.connect(HttpEngine.java:281)
06-30 14:46:27.504  1969 16982 W System.err: 	at com.android.okhttp.internal.http.HttpEngine.sendRequest(HttpEngine.java:224)
06-30 14:46:27.504  1969 16982 W System.err: 	at com.android.okhttp.internal.huc.HttpURLConnectionImpl.execute(HttpURLConnectionImpl.java:461)
06-30 14:46:27.504  1969 16982 W System.err: 	at com.android.okhttp.internal.huc.HttpURLConnectionImpl.connect(HttpURLConnectionImpl.java:127)
06-30 14:46:27.505  1969 16982 W System.err: 	at com.android.okhttp.internal.huc.HttpURLConnectionImpl.getOutputStream(HttpURLConnectionImpl.java:258)
06-30 14:46:27.505  1969 16982 W System.err: 	at com.android.okhttp.internal.huc.DelegatingHttpsURLConnection.getOutputStream(DelegatingHttpsURLConnection.java:218)
06-30 14:46:27.567  1969 16982 W System.err: 	at com.android.okhttp.internal.huc.HttpsURLConnectionImpl.getOutputStream(Unknown Source:0)
06-30 14:46:27.568  1969 16982 W System.err: 	at bumh.run(:com.google.android.gms@17785022@17.7.85 (040700-253824076):24)
06-30 14:46:27.568  1969 16982 W System.err: 	at java.util.concurrent.ThreadPoolExecutor.runWorker(ThreadPoolExecutor.java:1162)
06-30 14:46:27.568  1969 16982 W System.err: 	at java.util.concurrent.ThreadPoolExecutor$Worker.run(ThreadPoolExecutor.java:636)
06-30 14:46:27.568  1969 16982 W System.err: 	at java.lang.Thread.run(Thread.java:764)
06-30 14:46:27.647  1480 14368 I NuPlayerDecoder: [audio] saw output EOS
06-30 14:46:27.673  1600  3617 I WifiService: releaseWifiLock uid=10014
06-30 14:46:27.829  1969  1969 I GeofencerStateMachine: sendNewLocationAvailability: availability=LocationAvailability[isLocationAvailable: true]
06-30 14:46:27.894  1480 14367 D AudioTrack: stop() called with 132300 frames delivered
06-30 14:46:28.241  1480 14364 D NuPlayerDriver: notifyListener_l(0xa4b14310), (2, 0, 0, -1), loop setting(1, 0)
06-30 14:46:28.263  1480 14368 I NuPlayerDecoder: [OMX.google.vorbis.decoder] resubmitting CSD
06-30 14:46:28.265  1480 14368 I NuPlayerDecoder: [OMX.google.vorbis.decoder] resubmitting CSD
06-30 14:46:28.281  1480 14364 D NuPlayerDriver: notifyListener_l(0xa4b14310), (6, 0, 0, -1), loop setting(1, 0)
06-30 14:46:28.310  1480 14367 W AudioTrack: getTimestamp() location moved from kernel to server
06-30 14:46:28.310  1480 14367 W NuPlayerRenderer: getPendingAudioPlayoutDurationUs: pendingUs -4495 < 0, clamping to zero, potential resume after pause writtenAudioDurationUs: 8707, audioSinkPlayedUs: 13202
06-30 14:46:28.336  1480 14367 W AudioTrack: retrograde timestamp position corrected, -384 = 0 - 384
06-30 14:46:29.381  1389  3359 W audio_hw_generic: Not supplying enough data to HAL, expected position 219342165 , only wrote 219341520
06-30 14:46:30.207  3360  3372 I zygote  : Background concurrent copying GC freed 165097(5MB) AllocSpace objects, 0(0B) LOS objects, 42% free, 8MB/14MB, paused 19.036ms total 276.312ms
06-30 14:46:30.316 13221 13231 I chatty  : uid=10104(net.osmand) HeapTaskDaemon expire 10 lines
06-30 14:46:30.717  1389  3359 W audio_hw_generic: Not supplying enough data to HAL, expected position 219405681 , only wrote 219405600
06-30 14:46:30.733  1389  3359 W audio_hw_generic: Not supplying enough data to HAL, expected position 219406341 , only wrote 219406320
06-30 14:46:30.794  1480 14368 I NuPlayerDecoder: [audio] saw output EOS
06-30 14:46:30.863  1472  1583 D AudioFlinger: mixer(0xb4003400) throttle end: throttle time(4)
06-30 14:46:30.919 13221 17181 I chatty  : uid=10104(net.osmand) expire 18 lines
06-30 14:46:31.032  1480 14367 D AudioTrack: stop() called with 132300 frames delivered
06-30 14:46:31.408  1480 14364 D NuPlayerDriver: notifyListener_l(0xa4b14310), (2, 0, 0, -1), loop setting(1, 0)
06-30 14:46:31.436  1480 14368 I NuPlayerDecoder: [OMX.google.vorbis.decoder] resubmitting CSD
06-30 14:46:31.440  1480 14368 I NuPlayerDecoder: [OMX.google.vorbis.decoder] resubmitting CSD
06-30 14:46:31.463  1480 14364 D NuPlayerDriver: notifyListener_l(0xa4b14310), (6, 0, 0, -1), loop setting(1, 0)
06-30 14:46:31.475  1480 14367 W AudioTrack: getTimestamp() location moved from kernel to server
06-30 14:46:31.476  1480 14367 W NuPlayerRenderer: getPendingAudioPlayoutDurationUs: pendingUs -5221 < 0, clamping to zero, potential resume after pause writtenAudioDurationUs: 5804, audioSinkPlayedUs: 11025
06-30 14:46:31.499  1480 14367 W AudioTrack: retrograde timestamp position corrected, -128 = 128 - 256
06-30 14:46:31.499  1480 14367 W NuPlayerRenderer: getPendingAudioPlayoutDurationUs: pendingUs -6772 < 0, clamping to zero, potential resume after pause writtenAudioDurationUs: 14512, audioSinkPlayedUs: 21284
06-30 14:46:32.254 13221 17182 I chatty  : uid=10104(net.osmand) expire 18 lines
06-30 14:46:33.323  1389  3359 W audio_hw_generic: Not supplying enough data to HAL, expected position 219530660 , only wrote 219530160
06-30 14:46:33.325  1389  3359 W audio_hw_generic: Not supplying enough data to HAL, expected position 219530271 , only wrote 219530160
06-30 14:46:33.342  1389  3359 W audio_hw_generic: Not supplying enough data to HAL, expected position 219530935 , only wrote 219530880
06-30 14:46:33.353  1472  1583 D AudioFlinger: mixer(0xb4003400) throttle end: throttle time(9)
06-30 14:46:34.017  1480 14368 I NuPlayerDecoder: [audio] saw output EOS
06-30 14:46:34.018  1480 14367 D AudioTrack: stop() called with 132300 frames delivered
06-30 14:46:34.572  1480 14364 D NuPlayerDriver: notifyListener_l(0xa4b14310), (2, 0, 0, -1), loop setting(1, 0)
06-30 14:46:34.591  1480 14368 I NuPlayerDecoder: [OMX.google.vorbis.decoder] resubmitting CSD
06-30 14:46:34.592  1480 14368 I NuPlayerDecoder: [OMX.google.vorbis.decoder] resubmitting CSD
06-30 14:46:34.600  1480 14364 D NuPlayerDriver: notifyListener_l(0xa4b14310), (6, 0, 0, -1), loop setting(1, 0)
06-30 14:46:34.658  1480 14367 W AudioTrack: getTimestamp() location moved from kernel to server
06-30 14:46:34.683  1480 14367 W AudioTrack: retrograde timestamp position corrected, -1058 = 0 - 1058
06-30 14:46:34.990 13221 17186 I chatty  : uid=10104(net.osmand) expire 31 lines
06-30 14:46:36.318 13221 17187 I chatty  : uid=10104(net.osmand) expire 31 lines
06-30 14:46:37.064  1480 14368 I NuPlayerDecoder: [audio] saw output EOS
06-30 14:46:37.310  1480 14367 D AudioTrack: stop() called with 132300 frames delivered
06-30 14:46:37.490 13221 13221 I chatty  : uid=10104(net.osmand) expire 38 lines
06-30 14:46:37.496 13221 17188 I chatty  : uid=10104(net.osmand) expire 31 lines
06-30 14:46:37.648  1389  3359 W audio_hw_generic: Not supplying enough data to HAL, expected position 219737595 , only wrote 219737520
06-30 14:46:37.649  1389  3359 W audio_hw_generic: Not supplying enough data to HAL, expected position 219737550 , only wrote 219737520
06-30 14:46:37.664  1389  3359 W audio_hw_generic: Not supplying enough data to HAL, expected position 219738264 , only wrote 219738240
06-30 14:46:37.683  1480 14364 D NuPlayerDriver: notifyListener_l(0xa4b14310), (2, 0, 0, -1), loop setting(1, 0)
06-30 14:46:37.715  1480 14368 I NuPlayerDecoder: [OMX.google.vorbis.decoder] resubmitting CSD
06-30 14:46:37.718  1480 14368 I NuPlayerDecoder: [OMX.google.vorbis.decoder] resubmitting CSD
06-30 14:46:37.761  1480 14364 D NuPlayerDriver: notifyListener_l(0xa4b14310), (6, 0, 0, -1), loop setting(1, 0)
06-30 14:46:37.812  1480 14367 W AudioTrack: getTimestamp() location moved from kernel to server
06-30 14:46:37.841  1480 14367 W AudioTrack: retrograde timestamp position corrected, -640 = 0 - 640
06-30 14:46:37.933 13221 13254 I chatty  : uid=10104(net.osmand) RenderingBaseIm expire 50 lines
06-30 14:46:38.296 13221 13253 I chatty  : uid=10104(net.osmand) Loader map obje expire 144 lines
06-30 14:46:38.542 13221 17189 I chatty  : uid=10104(net.osmand) expire 31 lines
06-30 14:46:40.323  1480 14368 I NuPlayerDecoder: [audio] saw output EOS
06-30 14:46:40.324  1480 14367 D AudioTrack: stop() called with 132300 frames delivered
06-30 14:46:40.853  1480 14364 D NuPlayerDriver: notifyListener_l(0xa4b14310), (2, 0, 0, -1), loop setting(1, 0)
06-30 14:46:40.864  1480 14368 I NuPlayerDecoder: [OMX.google.vorbis.decoder] resubmitting CSD
06-30 14:46:40.864  1480 14368 I NuPlayerDecoder: [OMX.google.vorbis.decoder] resubmitting CSD
06-30 14:46:40.875  1480 14364 D NuPlayerDriver: notifyListener_l(0xa4b14310), (6, 0, 0, -1), loop setting(1, 0)
06-30 14:46:40.922  1480 14367 W AudioTrack: getTimestamp() location moved from kernel to server
06-30 14:46:40.966  1480 14367 W AudioTrack: retrograde timestamp position corrected, -1060 = 0 - 1060
06-30 14:46:41.622  1480 14367 W AudioTrack: getTimestamp() location moved from kernel to server
06-30 14:46:41.876 13221 17191 I chatty  : uid=10104(net.osmand) expire 31 lines
06-30 14:46:43.098  1480 14367 W AudioTrack: getTimestamp() location moved from kernel to server
06-30 14:46:43.173  1480 14367 W AudioTrack: getTimestamp() location moved from kernel to server
06-30 14:46:43.458  1480 14368 I NuPlayerDecoder: [audio] saw output EOS
06-30 14:46:43.461  1480 14367 D AudioTrack: stop() called with 132300 frames delivered
06-30 14:46:43.492 13221 17195 I chatty  : uid=10104(net.osmand) expire 31 lines
06-30 14:46:43.951  1480 14364 D NuPlayerDriver: notifyListener_l(0xa4b14310), (2, 0, 0, -1), loop setting(1, 0)
06-30 14:46:43.973  1480 14368 I NuPlayerDecoder: [OMX.google.vorbis.decoder] resubmitting CSD
06-30 14:46:43.975  1480 14368 I NuPlayerDecoder: [OMX.google.vorbis.decoder] resubmitting CSD
06-30 14:46:43.998  1480 14364 D NuPlayerDriver: notifyListener_l(0xa4b14310), (6, 0, 0, -1), loop setting(1, 0)
06-30 14:46:44.019  1480 14367 W AudioTrack: getTimestamp() location moved from kernel to server
06-30 14:46:44.019  1480 14367 W NuPlayerRenderer: getPendingAudioPlayoutDurationUs: pendingUs -2465 < 0, clamping to zero, potential resume after pause writtenAudioDurationUs: 20317, audioSinkPlayedUs: 22782
06-30 14:46:44.043  1480 14367 W AudioTrack: retrograde timestamp position corrected, -896 = 0 - 896
06-30 14:46:44.706  1389  3359 W audio_hw_generic: Not supplying enough data to HAL, expected position 220076241 , only wrote 220075920
06-30 14:46:44.761  1472  1583 D AudioFlinger: mixer(0xb4003400) throttle end: throttle time(12)
06-30 14:46:45.996  1389  3359 W audio_hw_generic: Not supplying enough data to HAL, expected position 220137844 , only wrote 220137840
06-30 14:46:46.194  1600  1609 I zygote  : Background concurrent copying GC freed 103837(6MB) AllocSpace objects, 22(1080KB) LOS objects, 20% free, 22MB/28MB, paused 933us total 1.073s
06-30 14:46:46.242 13221 17199 I chatty  : uid=10104(net.osmand) expire 31 lines
06-30 14:46:46.554  1480 14368 I NuPlayerDecoder: [audio] saw output EOS
06-30 14:46:46.557  1480 14367 D AudioTrack: stop() called with 132300 frames delivered
06-30 14:46:47.065  1480 14364 D NuPlayerDriver: notifyListener_l(0xa4b14310), (2, 0, 0, -1), loop setting(1, 0)
06-30 14:46:47.104  1480 14368 I NuPlayerDecoder: [OMX.google.vorbis.decoder] resubmitting CSD
06-30 14:46:47.107  1480 14368 I NuPlayerDecoder: [OMX.google.vorbis.decoder] resubmitting CSD
06-30 14:46:47.170  1389  3359 W audio_hw_generic: Not supplying enough data to HAL, expected position 220194126 , only wrote 220194000
06-30 14:46:47.175  1480 14364 D NuPlayerDriver: notifyListener_l(0xa4b14310), (6, 0, 0, -1), loop setting(1, 0)
06-30 14:46:47.216  1480 14367 W AudioTrack: getTimestamp() location moved from kernel to server
06-30 14:46:47.226  1600  1919 I WifiService: acquireWifiLock uid=10014 lockMode=2
06-30 14:46:47.240  1480 14367 W AudioTrack: retrograde timestamp position corrected, -578 = 62 - 640
06-30 14:46:47.293  1389  3359 W audio_hw_generic: Not supplying enough data to HAL, expected position 220199976 , only wrote 220199760
