06-29 13:48:44.932  1600  1613 W android.os.Debug: failed to get memory consumption info: -1
06-29 13:48:44.940  1600  1613 E memtrack: Couldn't load memtrack module
06-29 13:48:44.941  1600  1613 W android.os.Debug: failed to get memory consumption info: -1
06-29 13:48:44.996  1600  1613 E memtrack: Couldn't load memtrack module
06-29 13:48:44.996  1600  1613 W android.os.Debug: failed to get memory consumption info: -1
06-29 13:48:45.037  1600  1613 E memtrack: Couldn't load memtrack module
06-29 13:48:45.037  1600  1613 W android.os.Debug: failed to get memory consumption info: -1
06-29 13:48:45.058  2629  2629 I MemoryTrimmer: Trimming objects from memory, since app is in the background.
06-29 13:48:45.122  1600  1613 E memtrack: Couldn't load memtrack module
06-29 13:48:45.122  1600  1613 W android.os.Debug: failed to get memory consumption info: -1
06-29 13:48:45.148  1600  1613 E memtrack: Couldn't load memtrack module
06-29 13:48:45.152  1600  1613 W android.os.Debug: failed to get memory consumption info: -1
06-29 13:48:45.180  1600  1613 E memtrack: Couldn't load memtrack module
06-29 13:48:45.180  1600  1613 W android.os.Debug: failed to get memory consumption info: -1
06-29 13:48:45.198  1600  1613 E memtrack: Couldn't load memtrack module
06-29 13:48:45.199  1600  1613 W android.os.Debug: failed to get memory consumption info: -1
06-29 13:48:45.210  1600  1613 E memtrack: Couldn't load memtrack module
06-29 13:48:45.210  1600  1613 W android.os.Debug: failed to get memory consumption info: -1
06-29 13:48:45.225  1600  1613 E memtrack: Couldn't load memtrack module
06-29 13:48:45.225  1600  1613 W android.os.Debug: failed to get memory consumption info: -1
06-29 13:48:45.252  1600  1613 E memtrack: Couldn't load memtrack module
06-29 13:48:45.252  1600  1613 W android.os.Debug: failed to get memory consumption info: -1
06-29 13:48:45.273  1600  1613 E memtrack: Couldn't load memtrack module
06-29 13:48:45.273  1600  1613 W android.os.Debug: failed to get memory consumption info: -1
06-29 13:48:45.277  1600  1613 E memtrack: Couldn't load memtrack module
06-29 13:48:45.277  1600  1613 W android.os.Debug: failed to get memory consumption info: -1
06-29 13:48:45.280  1600  1613 E memtrack: Couldn't load memtrack module
06-29 13:48:45.280  1600  1613 W android.os.Debug: failed to get memory consumption info: -1
06-29 13:48:45.306  1600  1613 E memtrack: Couldn't load memtrack module
06-29 13:48:45.308  1600  1613 W android.os.Debug: failed to get memory consumption info: -1
06-29 13:48:45.314  1600  1613 E memtrack: Couldn't load memtrack module
06-29 13:48:45.315  1600  1613 W android.os.Debug: failed to get memory consumption info: -1
06-29 13:48:45.383  1600  1613 E memtrack: Couldn't load memtrack module
06-29 13:48:45.384  1600  1613 W android.os.Debug: failed to get memory consumption info: -1
06-29 13:48:45.409  1600  1613 E memtrack: Couldn't load memtrack module
06-29 13:48:45.409  1600  1613 W android.os.Debug: failed to get memory consumption info: -1
06-29 13:48:45.428  1600  1613 E memtrack: Couldn't load memtrack module
06-29 13:48:45.428  1600  1613 W android.os.Debug: failed to get memory consumption info: -1
06-29 13:48:45.445  1600  1613 E memtrack: Couldn't load memtrack module
06-29 13:48:45.445  1600  1613 W android.os.Debug: failed to get memory consumption info: -1
06-29 13:48:45.451  1600  2369 I ActivityManager: Process com.android.vending (pid 23540) has died: cch+6CEM 
06-29 13:48:45.452  1600  1616 W zygote  : kill(-23540, 9) failed: No such process
06-29 13:48:45.464  1600  1613 E memtrack: Couldn't load memtrack module
06-29 13:48:45.465  1600  1613 W android.os.Debug: failed to get memory consumption info: -1
06-29 13:48:45.476  1600  1613 E memtrack: Couldn't load memtrack module
06-29 13:48:45.476  1600  1613 W android.os.Debug: failed to get memory consumption info: -1
06-29 13:48:45.483  1600  1613 E memtrack: Couldn't load memtrack module
06-29 13:48:45.483  1600  1613 W android.os.Debug: failed to get memory consumption info: -1
06-29 13:48:45.493  1600  1616 W zygote  : kill(-23540, 9) failed: No such process
06-29 13:48:45.493  1600  1616 I zygote  : Successfully killed process cgroup uid 10026 pid 23540 in 41ms
06-29 13:48:45.511  1600  1613 E memtrack: Couldn't load memtrack module
06-29 13:48:45.511  1600  1613 W android.os.Debug: failed to get memory consumption info: -1
06-29 13:48:45.524  1600  1613 E memtrack: Couldn't load memtrack module
06-29 13:48:45.525  1600  1613 W android.os.Debug: failed to get memory consumption info: -1
06-29 13:48:45.541  1600  1613 E memtrack: Couldn't load memtrack module
06-29 13:48:45.541  1600  1613 W android.os.Debug: failed to get memory consumption info: -1
06-29 13:48:45.553  1600  1613 E memtrack: Couldn't load memtrack module
06-29 13:48:45.553  1600  1613 W android.os.Debug: failed to get memory consumption info: -1
06-29 13:48:45.558  1600  1613 E memtrack: Couldn't load memtrack module
06-29 13:48:45.558  1600  1613 W android.os.Debug: failed to get memory consumption info: -1
06-29 13:48:45.563  1600  1613 E memtrack: Couldn't load memtrack module
06-29 13:48:45.563  1600  1613 W android.os.Debug: failed to get memory consumption info: -1
06-29 13:48:45.580  1600  1613 E memtrack: Couldn't load memtrack module
06-29 13:48:45.581  1600  1613 W android.os.Debug: failed to get memory consumption info: -1
06-29 13:48:45.587  1600  1613 E memtrack: Couldn't load memtrack module
06-29 13:48:45.587  1600  1613 W android.os.Debug: failed to get memory consumption info: -1
06-29 13:48:45.592  1600  1613 E memtrack: Couldn't load memtrack module
06-29 13:48:45.592  1600  1613 W android.os.Debug: failed to get memory consumption info: -1
06-29 13:48:45.596  1600  1613 E memtrack: Couldn't load memtrack module
06-29 13:48:45.600  1600  1613 W android.os.Debug: failed to get memory consumption info: -1
06-29 13:48:45.608  1600  1613 E memtrack: Couldn't load memtrack module
06-29 13:48:45.608  1600  1613 W android.os.Debug: failed to get memory consumption info: -1
06-29 13:48:45.613  1600  1613 E memtrack: Couldn't load memtrack module
06-29 13:48:45.614  1600  1613 W android.os.Debug: failed to get memory consumption info: -1
06-29 13:48:45.621  1600  1613 E memtrack: Couldn't load memtrack module
06-29 13:48:45.621  1600  1613 W android.os.Debug: failed to get memory consumption info: -1
06-29 13:48:45.625  1600  1613 E memtrack: Couldn't load memtrack module
06-29 13:48:45.625  1600  1613 W android.os.Debug: failed to get memory consumption info: -1
06-29 13:48:45.628  1600  1613 E memtrack: Couldn't load memtrack module
06-29 13:48:45.629  1600  1613 W android.os.Debug: failed to get memory consumption info: -1
06-29 13:48:45.634  1600  1613 E memtrack: Couldn't load memtrack module
06-29 13:48:45.635  1600  1613 W android.os.Debug: failed to get memory consumption info: -1
06-29 13:48:45.643  1600  1613 E memtrack: Couldn't load memtrack module
06-29 13:48:45.643  1600  1613 W android.os.Debug: failed to get memory consumption info: -1
06-29 13:48:45.646  1600  1613 E memtrack: Couldn't load memtrack module
06-29 13:48:45.646  1600  1613 W android.os.Debug: failed to get memory consumption info: -1
06-29 13:48:45.649  1600  1613 E memtrack: Couldn't load memtrack module
06-29 13:48:45.649  1600  1613 W android.os.Debug: failed to get memory consumption info: -1
06-29 13:48:45.654  1600  1613 E memtrack: Couldn't load memtrack module
06-29 13:48:45.656  1600  1613 W android.os.Debug: failed to get memory consumption info: -1
06-29 13:48:45.719  1600  1613 E memtrack: Couldn't load memtrack module
06-29 13:48:45.719  1600  1613 W android.os.Debug: failed to get memory consumption info: -1
06-29 13:48:45.726  1600  1613 E memtrack: Couldn't load memtrack module
06-29 13:48:45.727  1600  1613 W android.os.Debug: failed to get memory consumption info: -1
06-29 13:48:45.729  1600  1613 E memtrack: Couldn't load memtrack module
06-29 13:48:45.729  1600  1613 W android.os.Debug: failed to get memory consumption info: -1
06-29 13:48:45.729  1600  1613 E memtrack: Couldn't load memtrack module
06-29 13:48:45.729  1600  1613 W android.os.Debug: failed to get memory consumption info: -1
06-29 13:48:45.730  1600  1613 E memtrack: Couldn't load memtrack module
06-29 13:48:45.731  1600  1613 W android.os.Debug: failed to get memory consumption info: -1
06-29 13:48:45.735  1600  1613 E memtrack: Couldn't load memtrack module
06-29 13:48:45.735  1600  1613 W android.os.Debug: failed to get memory consumption info: -1
06-29 13:48:45.736  1600  1613 E memtrack: Couldn't load memtrack module
06-29 13:48:45.736  1600  1613 W android.os.Debug: failed to get memory consumption info: -1
06-29 13:48:45.770  1600  1613 E memtrack: Couldn't load memtrack module
06-29 13:48:45.770  1600  1613 W android.os.Debug: failed to get memory consumption info: -1
06-29 13:48:45.857  1600  1613 E memtrack: Couldn't load memtrack module
06-29 13:48:45.857  1600  1613 W android.os.Debug: failed to get memory consumption info: -1
06-29 13:48:45.927  1600  1613 E memtrack: Couldn't load memtrack module
06-29 13:48:45.927  1600  1613 W android.os.Debug: failed to get memory consumption info: -1
06-29 13:48:45.991  1600  1613 E memtrack: Couldn't load memtrack module
06-29 13:48:45.992  1600  1613 W android.os.Debug: failed to get memory consumption info: -1
06-29 13:48:46.058  1600  1613 E memtrack: Couldn't load memtrack module
06-29 13:48:46.058  1600  1613 W android.os.Debug: failed to get memory consumption info: -1
06-29 13:48:46.136  1600  1613 E memtrack: Couldn't load memtrack module
06-29 13:48:46.136  1600  1613 W android.os.Debug: failed to get memory consumption info: -1
06-29 13:48:46.270 23488 23488 I net.osmand: RoutingHelper Recalculate route, because correlation  : 1723743.7223726055
06-29 13:48:46.270 23488 23488 I net.osmand: RoutingHelper Recalculate route, because wrong movement direction: 1723776.1
06-29 13:48:46.347 23488 23488 I net.osmand: RoutingHelper Recalculate route, because correlation  : 1723743.7223726055
06-29 13:48:46.665 23488 23488 I chatty  : uid=10104(net.osmand) identical 1 line
06-29 13:48:46.667 23488 23488 I net.osmand: RoutingHelper Recalculate route, because correlation  : 1723743.7223726055
06-29 13:48:46.667 23488 23488 I net.osmand: RoutingHelper Recalculate route, because wrong movement direction: 1723776.1
06-29 13:48:46.911 23488 23488 I net.osmand: RoutingHelper Recalculate route, because correlation  : 1723743.7223726055
06-29 13:48:46.935 23488 23488 I net.osmand: RoutingHelper Recalculate route, because correlation  : 1723743.7223726055
06-29 13:48:46.935 23488 23488 I net.osmand: RoutingHelper Recalculate route, because wrong movement direction: 1723776.1
06-29 13:48:47.160 23488 23488 I net.osmand: RoutingHelper Recalculate route, because correlation  : 1723743.7223726055
06-29 13:48:47.184 23488 23488 I net.osmand: RoutingHelper Recalculate route, because correlation  : 1723743.7223726055
06-29 13:48:47.185 23488 23488 I net.osmand: RoutingHelper Recalculate route, because wrong movement direction: 1723776.1
06-29 13:48:47.916 23488 23488 I net.osmand: RoutingHelper Recalculate route, because correlation  : 1723743.7223726055
06-29 13:48:47.916 23488 23488 I net.osmand: RoutingHelper Recalculate route, because wrong movement direction: 1723776.1
06-29 13:48:48.046 23488 23488 I net.osmand: RoutingHelper Recalculate route, because correlation  : 1723743.7223726055
06-29 13:48:48.068 23488 23488 I net.osmand: RoutingHelper Recalculate route, because correlation  : 1723743.7223726055
06-29 13:48:48.069 23488 23488 I net.osmand: RoutingHelper Recalculate route, because wrong movement direction: 1723776.1
06-29 13:48:48.126 23488 23488 I net.osmand: RoutingHelper Recalculate route, because correlation  : 1723743.7223726055
06-29 13:48:48.585 23488 23488 I chatty  : uid=10104(net.osmand) identical 1 line
06-29 13:48:48.588 23488 23488 I net.osmand: RoutingHelper Recalculate route, because correlation  : 1723743.7223726055
06-29 13:48:48.588 23488 23488 I net.osmand: RoutingHelper Recalculate route, because wrong movement direction: 1723776.1
06-29 13:48:48.907 23488 23488 I net.osmand: RoutingHelper Recalculate route, because correlation  : 1723743.7223726055
06-29 13:48:48.908 23488 23488 I net.osmand: RoutingHelper Recalculate route, because wrong movement direction: 1723776.1
06-29 13:48:49.006 23488 23488 I net.osmand: RoutingHelper Recalculate route, because correlation  : 1723743.7223726055
06-29 13:48:49.441 23488 23488 I net.osmand: RoutingHelper Recalculate route, because correlation  : 1723743.7223726055
06-29 13:48:49.441 23488 23488 I net.osmand: RoutingHelper Recalculate route, because wrong movement direction: 1723776.1
06-29 13:48:49.552 23488 23488 I net.osmand: RoutingHelper Recalculate route, because correlation  : 1723743.7223726055
06-29 13:48:49.928 23488 23488 I net.osmand: RoutingHelper Recalculate route, because correlation  : 1723743.7223726055
06-29 13:48:49.929 23488 23488 I net.osmand: RoutingHelper Recalculate route, because wrong movement direction: 1723776.1
06-29 13:48:49.946 23488 23488 I net.osmand: RoutingHelper Recalculate route, because correlation  : 1723743.7223726055
06-29 13:48:49.992 23488 23488 I net.osmand: RoutingHelper Recalculate route, because correlation  : 1723743.7223726055
06-29 13:48:49.992 23488 23488 I net.osmand: RoutingHelper Recalculate route, because wrong movement direction: 1723776.1
06-29 13:48:49.998 23488 23488 I net.osmand: RoutingHelper Recalculate route, because correlation  : 1723743.7223726055
06-29 13:48:50.687 23488 23488 I net.osmand: RoutingHelper Recalculate route, because correlation  : 1723743.7223726055
06-29 13:48:50.740  1600  3913 I zygote  : IncrementDisableThreadFlip blocked for 25.690ms
06-29 13:48:50.835 23488 23488 I net.osmand: RoutingHelper Recalculate route, because correlation  : 1723743.7223726055
06-29 13:48:50.835 23488 23488 I net.osmand: RoutingHelper Recalculate route, because wrong movement direction: 1723776.1
06-29 13:48:50.932 23488 23488 I net.osmand: RoutingHelper Recalculate route, because correlation  : 1723743.7223726055
06-29 13:48:50.954 23488 23488 I net.osmand: RoutingHelper Recalculate route, because correlation  : 1723743.7223726055
06-29 13:48:50.954 23488 23488 I net.osmand: RoutingHelper Recalculate route, because wrong movement direction: 1723776.1
06-29 13:48:51.273  1600  1609 I zygote  : Background concurrent copying GC freed 65737(2MB) AllocSpace objects, 0(0B) LOS objects, 21% free, 22MB/28MB, paused 2.548ms total 573.022ms
06-29 13:48:51.394 23488 23488 I net.osmand: RoutingHelper Recalculate route, because correlation  : 1723743.7223726055
06-29 13:48:51.395 23488 23488 I net.osmand: RoutingHelper Recalculate route, because wrong movement direction: 1723776.1
06-29 13:48:51.441 23488 23488 I net.osmand: RoutingHelper Recalculate route, because correlation  : 1723743.7223726055
06-29 13:48:51.851  1600  2369 I WifiService: acquireWifiLock uid=10014 lockMode=2
06-29 13:48:51.912 23488 23488 I net.osmand: RoutingHelper Recalculate route, because correlation  : 1723743.7223726055
06-29 13:48:51.912 23488 23488 I net.osmand: RoutingHelper Recalculate route, because wrong movement direction: 1723776.1
06-29 13:48:51.962  1600  2369 I WifiService: releaseWifiLock uid=10014
06-29 13:48:51.992 23488 23488 I net.osmand: RoutingHelper Recalculate route, because correlation  : 1723743.7223726055
06-29 13:48:52.182 23488 23488 I chatty  : uid=10104(net.osmand) identical 1 line
06-29 13:48:52.187 23488 23488 I net.osmand: RoutingHelper Recalculate route, because correlation  : 1723743.7223726055
06-29 13:48:52.187 23488 23488 I net.osmand: RoutingHelper Recalculate route, because wrong movement direction: 1723776.1
06-29 13:48:52.654 23488 23488 I net.osmand: RoutingHelper Recalculate route, because correlation  : 1723743.7223726055
06-29 13:48:52.655 23488 23488 I net.osmand: RoutingHelper Recalculate route, because wrong movement direction: 1723776.1
06-29 13:48:52.665 23488 23488 I net.osmand: RoutingHelper Recalculate route, because correlation  : 1723743.7223726055
06-29 13:48:52.924 23488 23488 I chatty  : uid=10104(net.osmand) identical 1 line
06-29 13:48:52.930 23488 23488 I net.osmand: RoutingHelper Recalculate route, because correlation  : 1723743.7223726055
06-29 13:48:52.931 23488 23488 I net.osmand: RoutingHelper Recalculate route, because wrong movement direction: 1723776.1
06-29 13:48:53.451 23488 23488 I net.osmand: RoutingHelper Recalculate route, because correlation  : 1723743.7223726055
06-29 13:48:53.500 23488 23488 I net.osmand: RoutingHelper Recalculate route, because correlation  : 1723743.7223726055
06-29 13:48:53.500 23488 23488 I net.osmand: RoutingHelper Recalculate route, because wrong movement direction: 1723776.1
06-29 13:48:53.938 23488 23488 I net.osmand: RoutingHelper Recalculate route, because correlation  : 1723743.7223726055
06-29 13:48:53.960 23488 23488 I net.osmand: RoutingHelper Recalculate route, because correlation  : 1723743.7223726055
06-29 13:48:53.960 23488 23488 I net.osmand: RoutingHelper Recalculate route, because wrong movement direction: 1723776.1
06-29 13:48:54.021 23488 23488 I net.osmand: RoutingHelper Recalculate route, because correlation  : 1723743.7223726055
06-29 13:48:54.113 23488 23488 I net.osmand: RoutingHelper Recalculate route, because correlation  : 1723743.7223726055
06-29 13:48:54.115 23488 23488 I net.osmand: RoutingHelper Recalculate route, because wrong movement direction: 1723776.1
06-29 13:48:54.731 23488 23488 I net.osmand: RoutingHelper Recalculate route, because correlation  : 1723743.7223726055
06-29 13:48:54.805 23488 23488 I net.osmand: RoutingHelper Recalculate route, because correlation  : 1723743.7223726055
06-29 13:48:54.805 23488 23488 I net.osmand: RoutingHelper Recalculate route, because wrong movement direction: 1723776.1
06-29 13:48:54.913 23488 23488 D net.osmand: DayNightHelper Sunrise/sunset setting to day: true
06-29 13:48:54.916 23488 23488 I net.osmand: RoutingHelper Recalculate route, because correlation  : 1723743.7223726055
06-29 13:48:54.916 23488 23488 I net.osmand: RoutingHelper Recalculate route, because wrong movement direction: 1723776.1
06-29 13:48:54.978 23488 23488 I net.osmand: RoutingHelper Recalculate route, because correlation  : 1723743.7223726055
06-29 13:48:55.296 23488 23488 I chatty  : uid=10104(net.osmand) identical 1 line
06-29 13:48:55.299 23488 23488 I net.osmand: RoutingHelper Recalculate route, because correlation  : 1723743.7223726055
06-29 13:48:55.300 23488 23488 I net.osmand: RoutingHelper Recalculate route, because wrong movement direction: 1723776.1
06-29 13:48:55.926 23488 23488 I net.osmand: RoutingHelper Recalculate route, because correlation  : 1723743.7223726055
06-29 13:48:55.937 23488 23488 I net.osmand: RoutingHelper Recalculate route, because correlation  : 1723743.7223726055
06-29 13:48:55.937 23488 23488 I net.osmand: RoutingHelper Recalculate route, because wrong movement direction: 1723776.1
06-29 13:48:56.155 23488 23488 I net.osmand: RoutingHelper Recalculate route, because correlation  : 1723743.7223726055
06-29 13:48:56.174 23488 23488 I net.osmand: RoutingHelper Recalculate route, because correlation  : 1723743.7223726055
06-29 13:48:56.174 23488 23488 I net.osmand: RoutingHelper Recalculate route, because wrong movement direction: 1723776.1
06-29 13:48:56.687 23488 23488 I net.osmand: RoutingHelper Recalculate route, because correlation  : 1723743.7223726055
06-29 13:48:56.692 23488 23488 I net.osmand: RoutingHelper Recalculate route, because correlation  : 1723743.7223726055
06-29 13:48:56.692 23488 23488 I net.osmand: RoutingHelper Recalculate route, because wrong movement direction: 1723776.1
06-29 13:48:56.923 23488 23488 I net.osmand: RoutingHelper Recalculate route, because correlation  : 1723743.7223726055
06-29 13:48:56.924 23488 23488 I net.osmand: RoutingHelper Recalculate route, because wrong movement direction: 1723776.1
06-29 13:48:56.941 23488 23488 I net.osmand: RoutingHelper Recalculate route, because correlation  : 1723743.7223726055
06-29 13:48:57.519 23488 23488 I net.osmand: RoutingHelper Recalculate route, because correlation  : 1723743.7223726055
06-29 13:48:57.519 23488 23488 I net.osmand: RoutingHelper Recalculate route, because wrong movement direction: 1723776.1
06-29 13:48:57.610 23488 23488 I net.osmand: RoutingHelper Recalculate route, because correlation  : 1723743.7223726055
06-29 13:48:57.918 23488 23488 I net.osmand: RoutingHelper Recalculate route, because correlation  : 1723743.7223726055
06-29 13:48:57.918 23488 23488 I net.osmand: RoutingHelper Recalculate route, because wrong movement direction: 1723776.1
06-29 13:48:57.975 23488 23488 I net.osmand: RoutingHelper Recalculate route, because correlation  : 1723743.7223726055
06-29 13:48:58.333 23488 23488 I net.osmand: RoutingHelper Recalculate route, because correlation  : 1723743.7223726055
06-29 13:48:58.333 23488 23488 I net.osmand: RoutingHelper Recalculate route, because wrong movement direction: 1723776.1
06-29 13:48:58.388 25114 25202 E GoogleConversionReporter: Error sending ping
06-29 13:48:58.388 25114 25202 E GoogleConversionReporter: bdgp: Exception in CronetUrlRequest: net::ERR_ADDRESS_UNREACHABLE, ErrorCode=9, InternalErrorCode=-109, Retryable=false
06-29 13:48:58.388 25114 25202 E GoogleConversionReporter: 	at org.chromium.net.impl.CronetUrlRequest.onError(SourceFile:175)
06-29 13:48:58.396 23488 23488 I net.osmand: RoutingHelper Recalculate route, because correlation  : 1723743.7223726055
06-29 13:48:58.777 23488 23488 I net.osmand: RoutingHelper Recalculate route, because correlation  : 1723743.7223726055
06-29 13:48:58.777 23488 23488 I net.osmand: RoutingHelper Recalculate route, because wrong movement direction: 1723776.1
06-29 13:48:58.865 23488 23488 I net.osmand: RoutingHelper Recalculate route, because correlation  : 1723743.7223726055
06-29 13:48:58.989 23488 23488 I chatty  : uid=10104(net.osmand) identical 1 line
06-29 13:48:58.996 23488 23488 I net.osmand: RoutingHelper Recalculate route, because correlation  : 1723743.7223726055
06-29 13:48:58.996 23488 23488 I net.osmand: RoutingHelper Recalculate route, because wrong movement direction: 1723776.1
06-29 13:48:59.719 23488 23488 I net.osmand: RoutingHelper Recalculate route, because correlation  : 1723743.7223726055
06-29 13:48:59.719 23488 23488 I net.osmand: RoutingHelper Recalculate route, because wrong movement direction: 1723776.1
06-29 13:48:59.733  1964  1964 I GeofencerStateMachine: sendNewTransitions called.
06-29 13:48:59.790 23488 23488 I net.osmand: RoutingHelper Recalculate route, because correlation  : 1723743.7223726055
06-29 13:48:59.946 23488 23488 I chatty  : uid=10104(net.osmand) identical 1 line
06-29 13:48:59.955 23488 23488 I net.osmand: RoutingHelper Recalculate route, because correlation  : 1723743.7223726055
06-29 13:48:59.955 23488 23488 I net.osmand: RoutingHelper Recalculate route, because wrong movement direction: 1723776.1
06-29 13:49:00.318 23488 23488 I net.osmand: RoutingHelper Recalculate route, because correlation  : 1723743.7223726055
06-29 13:49:00.378 23488 23488 I net.osmand: RoutingHelper Recalculate route, because correlation  : 1723743.7223726055
06-29 13:49:00.378 23488 23488 I net.osmand: RoutingHelper Recalculate route, because wrong movement direction: 1723776.1
06-29 13:49:00.738 23488 25346 I net.osmand:native: Run GC (before 57.625492 Mb after 44.696520 Mb) unload 253 of 1065 tiles
06-29 13:49:00.924 23488 23488 I net.osmand: RoutingHelper Recalculate route, because correlation  : 1723743.7223726055
06-29 13:49:00.925 23488 23488 I net.osmand: RoutingHelper Recalculate route, because wrong movement direction: 1723776.1
06-29 13:49:00.978 23488 23488 I net.osmand: RoutingHelper Recalculate route, because correlation  : 1723743.7223726055
06-29 13:49:01.215 23488 23488 I chatty  : uid=10104(net.osmand) identical 1 line
06-29 13:49:01.218 23488 23488 I net.osmand: RoutingHelper Recalculate route, because correlation  : 1723743.7223726055
06-29 13:49:01.219 23488 23488 I net.osmand: RoutingHelper Recalculate route, because wrong movement direction: 1723776.1
06-29 13:49:01.742 23488 23488 I net.osmand: RoutingHelper Recalculate route, because correlation  : 1723743.7223726055
06-29 13:49:01.794 23488 23488 I net.osmand: RoutingHelper Recalculate route, because correlation  : 1723743.7223726055
06-29 13:49:01.794 23488 23488 I net.osmand: RoutingHelper Recalculate route, because wrong movement direction: 1723776.1
06-29 13:49:01.955 23488 23488 I net.osmand: RoutingHelper Recalculate route, because correlation  : 1723743.7223726055
06-29 13:49:02.018 23488 23488 I net.osmand: RoutingHelper Recalculate route, because correlation  : 1723743.7223726055
06-29 13:49:02.019 23488 23488 I net.osmand: RoutingHelper Recalculate route, because wrong movement direction: 1723776.1
06-29 13:49:02.446 23488 23488 I net.osmand: RoutingHelper Recalculate route, because correlation  : 1723743.7223726055
06-29 13:49:02.456 23488 23488 I net.osmand: RoutingHelper Recalculate route, because correlation  : 1723743.7223726055
06-29 13:49:02.456 23488 23488 I net.osmand: RoutingHelper Recalculate route, because wrong movement direction: 1723776.1
06-29 13:49:02.968 23488 23488 I net.osmand: RoutingHelper Recalculate route, because correlation  : 1723743.7223726055
06-29 13:49:03.023 23488 23488 I net.osmand: RoutingHelper Recalculate route, because correlation  : 1723743.7223726055
06-29 13:49:03.024 23488 23488 I net.osmand: RoutingHelper Recalculate route, because wrong movement direction: 1723776.1
06-29 13:49:03.176 23488 23488 I net.osmand: RoutingHelper Recalculate route, because correlation  : 1723743.7223726055
06-29 13:49:03.182 23488 23488 I net.osmand: RoutingHelper Recalculate route, because correlation  : 1723743.7223726055
06-29 13:49:03.182 23488 23488 I net.osmand: RoutingHelper Recalculate route, because wrong movement direction: 1723776.1
06-29 13:49:03.857 23488 23488 I net.osmand: RoutingHelper Recalculate route, because correlation  : 1723743.7223726055
06-29 13:49:03.862 23488 23488 I net.osmand: RoutingHelper Recalculate route, because correlation  : 1723743.7223726055
06-29 13:49:03.862 23488 23488 I net.osmand: RoutingHelper Recalculate route, because wrong movement direction: 1723776.1
06-29 13:49:04.007 23488 23488 I net.osmand: RoutingHelper Recalculate route, because correlation  : 1723743.7223726055
06-29 13:49:04.008 23488 23488 I net.osmand: RoutingHelper Recalculate route, because wrong movement direction: 1723776.1
06-29 13:49:04.015 23488 23488 I net.osmand: RoutingHelper Recalculate route, because correlation  : 1723743.7223726055
06-29 13:49:04.492 23488 23488 I chatty  : uid=10104(net.osmand) identical 1 line
06-29 13:49:04.504 23488 23488 I net.osmand: RoutingHelper Recalculate route, because correlation  : 1723743.7223726055
06-29 13:49:04.504 23488 23488 I net.osmand: RoutingHelper Recalculate route, because wrong movement direction: 1723776.1
06-29 13:49:04.916 23488 23488 I net.osmand: RoutingHelper Recalculate route, because correlation  : 1723743.7223726055
06-29 13:49:04.935 23488 23488 I net.osmand: RoutingHelper Recalculate route, because correlation  : 1723743.7223726055
06-29 13:49:04.936 23488 23488 I net.osmand: RoutingHelper Recalculate route, because wrong movement direction: 1723776.1
06-29 13:49:05.215 23488 23488 I net.osmand: RoutingHelper Recalculate route, because correlation  : 1723743.7223726055
06-29 13:49:05.227 23488 23488 I net.osmand: RoutingHelper Recalculate route, because correlation  : 1723743.7223726055
06-29 13:49:05.227 23488 23488 I net.osmand: RoutingHelper Recalculate route, because wrong movement direction: 1723776.1
06-29 13:49:05.757 23488 23488 I net.osmand: RoutingHelper Recalculate route, because correlation  : 1723743.7223726055
06-29 13:49:05.764 23488 23488 I net.osmand: RoutingHelper Recalculate route, because correlation  : 1723743.7223726055
06-29 13:49:05.764 23488 23488 I net.osmand: RoutingHelper Recalculate route, because wrong movement direction: 1723776.1
06-29 13:49:05.927 23488 23488 I net.osmand: RoutingHelper Recalculate route, because correlation  : 1723743.7223726055
06-29 13:49:05.935 23488 23488 I net.osmand: RoutingHelper Recalculate route, because correlation  : 1723743.7223726055
06-29 13:49:05.935 23488 23488 I net.osmand: RoutingHelper Recalculate route, because wrong movement direction: 1723776.1
06-29 13:49:06.489 23488 23488 I net.osmand: RoutingHelper Recalculate route, because correlation  : 1723743.7223726055
06-29 13:49:06.492 23488 23488 I net.osmand: RoutingHelper Recalculate route, because correlation  : 1723743.7223726055
06-29 13:49:06.492 23488 23488 I net.osmand: RoutingHelper Recalculate route, because wrong movement direction: 1723776.1
06-29 13:49:06.931 23488 23488 I net.osmand: RoutingHelper Recalculate route, because correlation  : 1723743.7223726055
06-29 13:49:06.931 23488 23488 I net.osmand: RoutingHelper Recalculate route, because wrong movement direction: 1723776.1
06-29 13:49:06.983 23488 23488 I net.osmand: RoutingHelper Recalculate route, because correlation  : 1723743.7223726055
06-29 13:49:07.222 23488 23488 I net.osmand: RoutingHelper Recalculate route, because correlation  : 1723743.7223726055
06-29 13:49:07.223 23488 23488 I net.osmand: RoutingHelper Recalculate route, because wrong movement direction: 1723776.1
06-29 13:49:07.284 23488 23488 I net.osmand: RoutingHelper Recalculate route, because correlation  : 1723743.7223726055
06-29 13:49:07.798 23488 23488 I chatty  : uid=10104(net.osmand) identical 1 line
06-29 13:49:07.803 23488 23488 I net.osmand: RoutingHelper Recalculate route, because correlation  : 1723743.7223726055
06-29 13:49:07.803 23488 23488 I net.osmand: RoutingHelper Recalculate route, because wrong movement direction: 1723776.1
06-29 13:49:07.945 23488 23488 I net.osmand: RoutingHelper Recalculate route, because correlation  : 1723743.7223726055
06-29 13:49:07.951 23488 23488 I net.osmand: RoutingHelper Recalculate route, because correlation  : 1723743.7223726055
06-29 13:49:07.951 23488 23488 I net.osmand: RoutingHelper Recalculate route, because wrong movement direction: 1723776.1
06-29 13:49:08.585 23488 23488 I net.osmand: RoutingHelper Recalculate route, because correlation  : 1723743.7223726055
06-29 13:49:08.586 23488 23488 I net.osmand: RoutingHelper Recalculate route, because correlation  : 1723743.7223726055
06-29 13:49:08.586 23488 23488 I net.osmand: RoutingHelper Recalculate route, because wrong movement direction: 1723776.1
06-29 13:49:08.922 23488 23488 I net.osmand: RoutingHelper Recalculate route, because correlation  : 1723743.7223726055
06-29 13:49:08.923 23488 23488 I net.osmand: RoutingHelper Recalculate route, because wrong movement direction: 1723776.1
06-29 13:49:08.937 23488 23488 I net.osmand: RoutingHelper Recalculate route, because correlation  : 1723743.7223726055
06-29 13:49:09.210 23488 23488 I chatty  : uid=10104(net.osmand) identical 1 line
06-29 13:49:09.215 23488 23488 I net.osmand: RoutingHelper Recalculate route, because correlation  : 1723743.7223726055
06-29 13:49:09.215 23488 23488 I net.osmand: RoutingHelper Recalculate route, because wrong movement direction: 1723776.1
06-29 13:49:09.916 23488 23488 I net.osmand: RoutingHelper Recalculate route, because correlation  : 1723743.7223726055
06-29 13:49:09.916 23488 23488 I net.osmand: RoutingHelper Recalculate route, because wrong movement direction: 1723776.1
06-29 13:49:09.977 23488 23488 I net.osmand: RoutingHelper Recalculate route, because correlation  : 1723743.7223726055
06-29 13:49:10.001 23488 23488 I net.osmand: RoutingHelper Recalculate route, because correlation  : 1723743.7223726055
06-29 13:49:10.001 23488 23488 I net.osmand: RoutingHelper Recalculate route, because wrong movement direction: 1723776.1
06-29 13:49:10.099 23488 23488 I net.osmand: RoutingHelper Recalculate route, because correlation  : 1723743.7223726055
06-29 13:49:10.569 23488 23488 I net.osmand: RoutingHelper Recalculate route, because correlation  : 1723743.7223726055
06-29 13:49:10.569 23488 23488 I net.osmand: RoutingHelper Recalculate route, because wrong movement direction: 1723776.1
06-29 13:49:10.614 23488 23488 I net.osmand: RoutingHelper Recalculate route, because correlation  : 1723743.7223726055
06-29 13:49:10.927 23488 23488 I net.osmand: RoutingHelper Recalculate route, because correlation  : 1723743.7223726055
06-29 13:49:10.927 23488 23488 I net.osmand: RoutingHelper Recalculate route, because wrong movement direction: 1723776.1
06-29 13:49:10.941 23488 23488 I net.osmand: RoutingHelper Recalculate route, because correlation  : 1723743.7223726055
06-29 13:49:11.252 23488 23488 I chatty  : uid=10104(net.osmand) identical 1 line
06-29 13:49:11.259 23488 23488 I net.osmand: RoutingHelper Recalculate route, because correlation  : 1723743.7223726055
06-29 13:49:11.259 23488 23488 I net.osmand: RoutingHelper Recalculate route, because wrong movement direction: 1723776.1
06-29 13:49:11.856  1600  1613 E memtrack: Couldn't load memtrack module
06-29 13:49:11.856  1600  1613 W android.os.Debug: failed to get memory consumption info: -1
06-29 13:49:11.863  1600  2100 I WifiService: acquireWifiLock uid=10014 lockMode=2
06-29 13:49:11.968  1600  1613 E memtrack: Couldn't load memtrack module
06-29 13:49:11.968  1600  1613 W android.os.Debug: failed to get memory consumption info: -1
06-29 13:49:12.037  1600  1613 E memtrack: Couldn't load memtrack module
06-29 13:49:12.038  1600  1613 W android.os.Debug: failed to get memory consumption info: -1
06-29 13:49:12.111 23488 23488 I net.osmand: RoutingHelper Recalculate route, because correlation  : 1723743.7223726055
06-29 13:49:12.111 23488 23488 I net.osmand: RoutingHelper Recalculate route, because wrong movement direction: 1723776.1
06-29 13:49:12.134 23488 23488 I net.osmand: RoutingHelper Recalculate route, because correlation  : 1723743.7223726055
06-29 13:49:12.141 23488 23488 I net.osmand: RoutingHelper Recalculate route, because correlation  : 1723743.7223726055
06-29 13:49:12.141 23488 23488 I net.osmand: RoutingHelper Recalculate route, because wrong movement direction: 1723776.1
06-29 13:49:12.179 23488 23488 I net.osmand: RoutingHelper Recalculate route, because correlation  : 1723743.7223726055
06-29 13:49:12.647 23488 23488 I net.osmand: RoutingHelper Recalculate route, because correlation  : 1723743.7223726055
06-29 13:49:12.647 23488 23488 I net.osmand: RoutingHelper Recalculate route, because wrong movement direction: 1723776.1
06-29 13:49:12.711 23488 23488 I net.osmand: RoutingHelper Recalculate route, because correlation  : 1723743.7223726055
06-29 13:49:12.923 23488 23488 I chatty  : uid=10104(net.osmand) identical 1 line
06-29 13:49:12.925 23488 23488 I net.osmand: RoutingHelper Recalculate route, because correlation  : 1723743.7223726055
06-29 13:49:12.925 23488 23488 I net.osmand: RoutingHelper Recalculate route, because wrong movement direction: 1723776.1
06-29 13:49:13.196 23488 23488 I net.osmand: RoutingHelper Recalculate route, because correlation  : 1723743.7223726055
06-29 13:49:13.197 23488 23488 I net.osmand: RoutingHelper Recalculate route, because wrong movement direction: 1723776.1
06-29 13:49:13.281 23488 23488 I net.osmand: RoutingHelper Recalculate route, because correlation  : 1723743.7223726055
06-29 13:49:13.933 23488 23488 I net.osmand: RoutingHelper Recalculate route, because correlation  : 1723743.7223726055
06-29 13:49:13.933 23488 23488 I net.osmand: RoutingHelper Recalculate route, because wrong movement direction: 1723776.1
06-29 13:49:13.989 23488 23488 I net.osmand: RoutingHelper Recalculate route, because correlation  : 1723743.7223726055
06-29 13:49:13.990 23488 23488 I net.osmand: RoutingHelper Recalculate route, because wrong movement direction: 1723776.1
06-29 13:49:13.991 23488 23488 I net.osmand: RoutingHelper Recalculate route, because correlation  : 1723743.7223726055
06-29 13:49:13.999 23488 23488 I chatty  : uid=10104(net.osmand) identical 1 line
06-29 13:49:14.549 23488 23488 I net.osmand: RoutingHelper Recalculate route, because correlation  : 1723743.7223726055
06-29 13:49:14.549 23488 23488 I net.osmand: RoutingHelper Recalculate route, because wrong movement direction: 1723776.1
06-29 13:49:14.643 23488 23488 I net.osmand: RoutingHelper Recalculate route, because correlation  : 1723743.7223726055
06-29 13:49:14.857  1600  2099 D WificondControl: Scan result ready event
06-29 13:49:14.938 23488 23488 I net.osmand: RoutingHelper Recalculate route, because correlation  : 1723743.7223726055
06-29 13:49:14.938 23488 23488 I net.osmand: RoutingHelper Recalculate route, because wrong movement direction: 1723776.1
06-29 13:49:14.983 23488 23488 I net.osmand: RoutingHelper Recalculate route, because correlation  : 1723743.7223726055
06-29 13:49:15.049  1600  3913 I WifiService: releaseWifiLock uid=10014
06-29 13:49:15.286 23488 23488 I net.osmand: RoutingHelper Recalculate route, because correlation  : 1723743.7223726055
06-29 13:49:15.293 23488 23488 I net.osmand: RoutingHelper Recalculate route, because correlation  : 1723743.7223726055
06-29 13:49:15.293 23488 23488 I net.osmand: RoutingHelper Recalculate route, because wrong movement direction: 1723776.1
06-29 13:49:15.879 23488 23488 I net.osmand: RoutingHelper Recalculate route, because correlation  : 1723743.7223726055
06-29 13:49:15.895 23488 23488 I net.osmand: RoutingHelper Recalculate route, because correlation  : 1723743.7223726055
06-29 13:49:15.896 23488 23488 I net.osmand: RoutingHelper Recalculate route, because wrong movement direction: 1723776.1
06-29 13:49:15.962 23488 23488 I net.osmand: RoutingHelper Recalculate route, because correlation  : 1723743.7223726055
06-29 13:49:15.962 23488 23488 I net.osmand: RoutingHelper Recalculate route, because wrong movement direction: 1723776.1
06-29 13:49:16.030 23488 23488 I net.osmand: RoutingHelper Recalculate route, because correlation  : 1723743.7223726055
06-29 13:49:16.562 23488 23488 I net.osmand: RoutingHelper Recalculate route, because correlation  : 1723743.7223726055
06-29 13:49:16.562 23488 23488 I net.osmand: RoutingHelper Recalculate route, because wrong movement direction: 1723776.1
06-29 13:49:16.640 23488 23488 I net.osmand: RoutingHelper Recalculate route, because correlation  : 1723743.7223726055
06-29 13:49:16.938 23488 23488 I net.osmand: RoutingHelper Recalculate route, because correlation  : 1723743.7223726055
06-29 13:49:16.938 23488 23488 I net.osmand: RoutingHelper Recalculate route, because wrong movement direction: 1723776.1
06-29 13:49:17.104 23488 23488 I net.osmand: RoutingHelper Recalculate route, because correlation  : 1723743.7223726055
06-29 13:49:17.520 23488 23488 I net.osmand: RoutingHelper Recalculate route, because correlation  : 1723743.7223726055
06-29 13:49:17.520 23488 23488 I net.osmand: RoutingHelper Recalculate route, because wrong movement direction: 1723776.1
06-29 13:49:17.597 23488 23488 I net.osmand: RoutingHelper Recalculate route, because correlation  : 1723743.7223726055
06-29 13:49:17.943 23488 23488 I chatty  : uid=10104(net.osmand) identical 1 line
06-29 13:49:17.946 23488 23488 I net.osmand: RoutingHelper Recalculate route, because correlation  : 1723743.7223726055
06-29 13:49:17.947 23488 23488 I net.osmand: RoutingHelper Recalculate route, because wrong movement direction: 1723776.1
06-29 13:49:18.164 23488 23488 I net.osmand: RoutingHelper Recalculate route, because correlation  : 1723743.7223726055
06-29 13:49:18.187 23488 23488 I net.osmand: RoutingHelper Recalculate route, because correlation  : 1723743.7223726055
06-29 13:49:18.187 23488 23488 I net.osmand: RoutingHelper Recalculate route, because wrong movement direction: 1723776.1
06-29 13:49:18.926 23488 23488 I net.osmand: RoutingHelper Recalculate route, because correlation  : 1723743.7223726055
06-29 13:49:19.086 23488 23488 I net.osmand: RoutingHelper Recalculate route, because correlation  : 1723743.7223726055
06-29 13:49:19.086 23488 23488 I net.osmand: RoutingHelper Recalculate route, because wrong movement direction: 1723776.1
06-29 13:49:19.117 23488 23488 I net.osmand: RoutingHelper Recalculate route, because correlation  : 1723743.7223726055
06-29 13:49:19.117 23488 23488 I net.osmand: RoutingHelper Recalculate route, because wrong movement direction: 1723776.1
06-29 13:49:19.124 23488 23488 I net.osmand: RoutingHelper Recalculate route, because correlation  : 1723743.7223726055
