--------- beginning of main
06-29 10:01:49.266  1600  1617 I WifiService: requestActivityInfo uid=1000
06-29 10:01:49.266  1600  1617 I WifiService: reportActivityInfo uid=1000
06-29 10:01:49.266  1600  1617 I WifiService: getSupportedFeatures uid=1000
--------- beginning of system
06-29 10:01:51.971  1600  2003 I ActivityManager: START u0 {act=android.intent.action.MAIN cat=[android.intent.category.HOME] flg=0x10000000 cmp=com.google.android.apps.nexuslauncher/.NexusLauncherActivity} from uid 2000
06-29 10:01:52.023  1600  1613 E memtrack: Couldn't load memtrack module
06-29 10:01:52.023  1600  1613 W android.os.Debug: failed to get memory consumption info: -1
06-29 10:01:52.026  1600  5378 I GnssLocationProvider: WakeLock acquired by sendMessage(SET_REQUEST, 0, com.android.server.location.GnssLocationProvider$GpsRequest@e52c0a8)
06-29 10:01:52.028  1398  1434 D gralloc_ranchu: gralloc_alloc: Creating ashmem region of size 8298496
06-29 10:01:52.035  3472  3472 D net.osmand: Disable sensor
06-29 10:01:52.092  1398  1434 D gralloc_ranchu: gralloc_alloc: Creating ashmem region of size 8298496
06-29 10:01:52.132  1398  1398 D gralloc_ranchu: gralloc_alloc: Creating ashmem region of size 8298496
06-29 10:01:52.167  3472  3472 I net.osmand: MapRenderRepositories RENDER MAP: Interrupt rendering map
06-29 10:01:52.204  1408  1408 D SurfaceFlinger: duplicate layer name: changing com.google.android.apps.nexuslauncher/com.google.android.apps.nexuslauncher.NexusLauncherActivity to com.google.android.apps.nexuslauncher/com.google.android.apps.nexuslauncher.NexusLauncherActivity#1
06-29 10:01:52.223  1398  1398 D gralloc_ranchu: gralloc_alloc: Creating ashmem region of size 8298496
06-29 10:01:52.268  1398  1434 D gralloc_ranchu: gralloc_alloc: Creating ashmem region of size 8298496
06-29 10:01:52.331  1398  1398 D gralloc_ranchu: gralloc_alloc: Creating ashmem region of size 8298496
06-29 10:01:52.389  2629  2884 D EGL_emulation: eglMakeCurrent: 0xa61b6ce0: ver 2 0 (tinfo 0xa619b690)
06-29 10:01:52.386  3472  3540 D EGL_emulation: eglMakeCurrent: 0x9e4043c0: ver 2 0 (tinfo 0x9e403290)
06-29 10:01:52.437  1600  1615 W Looper  : Dispatch took 111ms on android.ui, h=Handler (com.android.server.am.ActivityManagerService$UiHandler) {bce2944} cb=null msg=53
06-29 10:01:52.461  1964  1964 I GeofencerStateMachine: sendNewLocationAvailability: availability=LocationAvailability[isLocationAvailable: true]
06-29 10:01:52.609  1600  1613 I GnssLocationProvider: WakeLock released by handleMessage(SET_REQUEST, 0, com.android.server.location.GnssLocationProvider$GpsRequest@e52c0a8)
06-29 10:01:52.894  2118  2184 D EGL_emulation: eglMakeCurrent: 0x8b867100: ver 2 0 (tinfo 0x8b8707f0)
06-29 10:01:52.929  2629  2629 W ThreadPoolDumper: Queue length for executor EventBus is now 11. Perhaps some tasks are too long, or the pool is too small.
06-29 10:01:52.952  2118  2118 I Choreographer: Skipped 31 frames!  The application may be doing too much work on its main thread.
06-29 10:01:52.991  1600  1617 I WifiService: requestActivityInfo uid=1000
06-29 10:01:52.991  1600  1617 I WifiService: reportActivityInfo uid=1000
06-29 10:01:52.991  1600  1617 I WifiService: getSupportedFeatures uid=1000
06-29 10:01:53.001  1398  1398 D gralloc_ranchu: gralloc_alloc: Creating ashmem region of size 8298496
06-29 10:01:53.045  2118  2184 W OpenGLRenderer: Incorrectly called buildLayer on View: ShortcutAndWidgetContainer, destroying layer...
06-29 10:01:53.045  2118  2184 W OpenGLRenderer: Incorrectly called buildLayer on View: ShortcutAndWidgetContainer, destroying layer...
06-29 10:01:53.053  1408  1408 E EGL_emulation: tid 1408: eglCreateSyncKHR(1962): error 0x3004 (EGL_BAD_ATTRIBUTE)
06-29 10:01:53.141  2629  2890 W SessionLifecycleManager: Handover failed. Creating new session controller.
06-29 10:01:53.180  1704  1929 D EGL_emulation: eglMakeCurrent: 0x9e4046c0: ver 2 0 (tinfo 0x9e403690)
06-29 10:01:53.246  3472 10480 E FA      : Task exception on worker thread: java.lang.IllegalAccessError: Method 'void android.support.v4.content.ContextCompat.<init>()' is inaccessible to class 'com.google.firebase.iid.zzg' (declaration of 'com.google.firebase.iid.zzg' appears in /data/app/net.osmand-3e2027wrPNiMXbTSfYMHIA==/base.apk): com.google.android.gms.measurement.internal.zzt.zzEd(Unknown Source:3)
06-29 10:01:53.629  1600  3412 I WifiService: getWifiEnabledState uid=10032
06-29 10:01:53.662  2629  9194 W LocationOracle: No location history returned by ContextManager
06-29 10:01:53.674  1600  3412 I WifiService: getWifiEnabledState uid=10032
06-29 10:01:53.803  3472  5009 I net.osmand: GeocodingUtilities Search street by name Avenida Marechal Floriano Peixoto [floriano, marechal, peixoto]
06-29 10:01:53.831  1704  1723 I zygote  : NativeAlloc concurrent copying GC freed 20800(1611KB) AllocSpace objects, 0(0B) LOS objects, 49% free, 5MB/11MB, paused 2.660ms total 952.995ms
06-29 10:01:53.840  3472  5009 I net.osmand: Postcode Not matches Brazil's postcode regex: FLORIANO
06-29 10:01:53.966  3472  5009 I net.osmand: BinaryMapAddressReaderAdapter Searched address structure in 126ms. Found 1 subtress
06-29 10:01:54.003  3472  5009 I net.osmand: BinaryMapAddressReaderAdapter Whole address search by name is done in 163ms. Found 10
06-29 10:01:54.021  3472  5009 I net.osmand: GeocodingUtilities Preload buildings Marechal Floriano Peixoto Centro 25743
06-29 10:01:54.022  3472  5009 I net.osmand: GeocodingUtilities Preload buildings Marechal Floriano Peixoto Campina Grande 25742
06-29 10:01:54.023  3472  5009 I net.osmand: GeocodingUtilities Preload buildings Avenida Marechal Floriano Peixoto CentenÃ¡rio 226
06-29 10:01:54.031  3472  5009 I net.osmand: GeocodingUtilities Preload buildings Avenida Marechal Floriano Peixoto (Centro) Campina Grande 116
06-29 10:01:54.043  3472  5009 I net.osmand: GeocodingUtilities Preload buildings Avenida Marechal Floriano Peixoto Centro 117
06-29 10:01:54.044  3472  5009 I net.osmand: GeocodingUtilities Search street by name Rua Melo LeitÃ£o [leitÃ£o, melo]
06-29 10:01:54.067  3472  5009 I net.osmand: Postcode Not matches Brazil's postcode regex: LEITÃƒO
06-29 10:01:54.234  1964  1964 I GeofencerStateMachine: removeGeofences: removeRequest=RemoveGeofencingRequest[REMOVE_BY_PENDING_INTENT pendingIntent=PendingIntent[creatorPackage=com.google.android.gms], packageName=com.google.android.gms]
06-29 10:01:54.242  1964  1964 I chatty  : uid=10014 com.google.android.gms.persistent identical 1 line
06-29 10:01:54.254  1964  1964 I GeofencerStateMachine: removeGeofences: removeRequest=RemoveGeofencingRequest[REMOVE_BY_PENDING_INTENT pendingIntent=PendingIntent[creatorPackage=com.google.android.gms], packageName=com.google.android.gms]
06-29 10:01:54.269  3472  5009 I net.osmand: BinaryMapAddressReaderAdapter Searched address structure in 202ms. Found 1 subtress
06-29 10:01:54.317  1600  1609 I zygote  : NativeAlloc concurrent copying GC freed 66536(4MB) AllocSpace objects, 5(100KB) LOS objects, 31% free, 13MB/19MB, paused 1.192ms total 732.661ms
06-29 10:01:54.340  3472  5009 I net.osmand: BinaryMapAddressReaderAdapter Whole address search by name is done in 273ms. Found 3
06-29 10:01:54.341  3472  5009 I net.osmand: GeocodingUtilities Preload buildings Rua Melo LeitÃ£o Prata 17521
06-29 10:01:54.341  3472  5009 I net.osmand: GeocodingUtilities Preload buildings Rua Melo LeitÃ£o (Prata) Campina Grande 17520
06-29 10:01:54.342  3472  5009 I net.osmand: GeocodingUtilities Preload buildings Rua Melo LeitÃ£o SÃ£o JosÃ© 28978
06-29 10:01:54.342  3472  5009 I net.osmand: GeocodingUtilities Search street by name Rua Siqueira Campos [campos, siqueira]
06-29 10:01:54.343  3472  5009 I net.osmand: Postcode Not matches Brazil's postcode regex: SIQUEIRA
06-29 10:01:54.419  1964 10084 W ctxmgr  : [AclManager] No 3 for (accnt=account#1066226748#, com.google.android.gms(10014):UserVelocityProducer, vrsn=17785022, 0, 3pPkg = null ,  3pMdlId = null ,  pid = 1964). Was: 2 for 1, account#1066226748# [CONTEXT service_id=47 ]
06-29 10:01:54.464  3472  5009 I net.osmand: BinaryMapAddressReaderAdapter Searched address structure in 119ms. Found 1 subtress
06-29 10:01:54.469  3472  3482 I zygote  : Background concurrent copying GC freed 222009(8MB) AllocSpace objects, 28(1180KB) LOS objects, 22% free, 20MB/26MB, paused 1.324ms total 900.212ms
06-29 10:01:54.482  3472  5009 I net.osmand: BinaryMapAddressReaderAdapter Whole address search by name is done in 138ms. Found 2
06-29 10:01:54.483  3472  5009 I net.osmand: GeocodingUtilities Preload buildings Rua Siqueira Campos (Prata) Campina Grande 295
06-29 10:01:54.483  3472  5009 I net.osmand: GeocodingUtilities Preload buildings Rua Siqueira Campos Prata 296
06-29 10:01:54.484  3472  5009 I net.osmand: GeocodingUtilities Search street by name Avenida Santa Clara [clara, santa]
06-29 10:01:54.494  3472  5009 I net.osmand: Postcode Not matches Brazil's postcode regex: CLARA
06-29 10:01:54.560  3472  5009 I net.osmand: BinaryMapAddressReaderAdapter Searched address structure in 66ms. Found 1 subtress
06-29 10:01:54.568  3472  5009 I net.osmand: BinaryMapAddressReaderAdapter Whole address search by name is done in 72ms. Found 3
06-29 10:01:54.569  3472  5009 I net.osmand: GeocodingUtilities Preload buildings Avenida Santa Clara SÃ£o JosÃ© 22777
06-29 10:01:54.570  3472  5009 I net.osmand: GeocodingUtilities Preload buildings Avenida Santa Clara (Prata) Campina Grande 16099
06-29 10:01:54.571  3472  5009 I net.osmand: GeocodingUtilities Preload buildings Avenida Santa Clara Prata 16100
06-29 10:01:54.571  3472  5009 I net.osmand: GeocodingUtilities Search street by name Rua Marechal Deodoro da Fonseca [deodoro, fonseca, marechal]
06-29 10:01:54.575  3472  5009 I net.osmand: Postcode Not matches Brazil's postcode regex: MARECHAL
06-29 10:01:54.665  3472  5009 I net.osmand: BinaryMapAddressReaderAdapter Searched address structure in 90ms. Found 1 subtress
06-29 10:01:54.688  3472  5009 I net.osmand: BinaryMapAddressReaderAdapter Whole address search by name is done in 113ms. Found 3
06-29 10:01:54.688  3472  5009 I net.osmand: GeocodingUtilities Preload buildings Rua Marechal Deodoro da Fonseca Prata 11592
06-29 10:01:54.689  3472  5009 I net.osmand: GeocodingUtilities Preload buildings Rua Marechal Deodoro da Fonseca (Prata) Campina Grande 11591
06-29 10:01:54.689  3472  5009 I net.osmand: GeocodingUtilities Preload buildings Rua Marechal Deodoro da Fonseca Bela Vista 29267
06-29 10:01:54.689  3472  5009 I net.osmand: GeocodingUtilities Search street by name Rua JosÃ© de Alencar [alencar, josÃ©]
06-29 10:01:54.690  3472  5009 I net.osmand: Postcode Not matches Brazil's postcode regex: ALENCAR
06-29 10:01:54.755  1964  1964 I GeofencerStateMachine: removeGeofences: removeRequest=RemoveGeofencingRequest[REMOVE_BY_PENDING_INTENT pendingIntent=PendingIntent[creatorPackage=com.google.android.gms], packageName=com.google.android.gms]
06-29 10:01:54.769  1964  1964 I GeofencerStateMachine: removeGeofences: removeRequest=RemoveGeofencingRequest[REMOVE_BY_PENDING_INTENT pendingIntent=PendingIntent[creatorPackage=com.google.android.gms], packageName=com.google.android.gms]
06-29 10:01:54.823  1964 10493 I PlaceInferenceEngine: [anon] Changed inference mode: 0
06-29 10:01:54.838  1964 10493 I PlaceInferenceEngine: [account#1066226748] Changed inference mode: 0
06-29 10:01:54.876  3472  5009 I net.osmand: BinaryMapAddressReaderAdapter Searched address structure in 185ms. Found 1 subtress
06-29 10:01:54.886  1600  1609 I zygote  : NativeAlloc concurrent copying GC freed 3804(280KB) AllocSpace objects, 0(0B) LOS objects, 31% free, 13MB/19MB, paused 1.235ms total 394.524ms
06-29 10:01:54.888  3472  5009 I net.osmand: BinaryMapAddressReaderAdapter Whole address search by name is done in 197ms. Found 3
06-29 10:01:54.897  3472  5009 I net.osmand: GeocodingUtilities Preload buildings Rua JosÃ© de Alencar Prata 29265
06-29 10:01:54.898  3472  5009 I net.osmand: GeocodingUtilities Preload buildings Rua JosÃ© de Alencar (Bela Vista) Campina Grande 11641
06-29 10:01:54.902  3472  5009 I net.osmand: GeocodingUtilities Preload buildings Rua JosÃ© de Alencar Bela Vista 11642
06-29 10:01:54.902  3472  5009 I net.osmand: GeocodingUtilities Search street by name Rua da IndependÃªncia [independÃªncia]
06-29 10:01:54.904  3472  5009 I net.osmand: Postcode Not matches Brazil's postcode regex: INDEPENDÃŠNCIA
06-29 10:01:54.932  1964 10084 I ctxmgr  : [ProducerStatusImpl] updateStateForNewContextData: inactive, contextName=7 [CONTEXT service_id=47 ]
06-29 10:01:55.010  3472  5009 I net.osmand: BinaryMapAddressReaderAdapter Searched address structure in 105ms. Found 1 subtress
06-29 10:01:55.019  3472  5009 I net.osmand: BinaryMapAddressReaderAdapter Whole address search by name is done in 114ms. Found 2
06-29 10:01:55.020  3472  5009 I net.osmand: GeocodingUtilities Preload buildings Rua da IndependÃªncia (SÃ£o JosÃ©) Campina Grande 16101
06-29 10:01:55.020  3472  5009 I net.osmand: GeocodingUtilities Preload buildings Rua da IndependÃªncia SÃ£o JosÃ© 16102
06-29 10:01:55.020  3472  5009 I net.osmand: GeocodingUtilities Search street by name Rua JoÃ£o Machado [joÃ£o, machado]
06-29 10:01:55.022  3472  5009 I net.osmand: Postcode Not matches Brazil's postcode regex: MACHADO
06-29 10:01:55.114  3472  5009 I net.osmand: BinaryMapAddressReaderAdapter Searched address structure in 92ms. Found 1 subtress
06-29 10:01:55.120  3472  5009 I net.osmand: BinaryMapAddressReaderAdapter Whole address search by name is done in 98ms. Found 2
06-29 10:01:55.120  3472  5009 I net.osmand: GeocodingUtilities Preload buildings Rua JoÃ£o Machado Prata 11556
06-29 10:01:55.120  3472  5009 I net.osmand: GeocodingUtilities Preload buildings Rua JoÃ£o Machado Campina Grande 11555
06-29 10:01:55.120  3472  5009 I net.osmand: GeocodingUtilities Search street by name Rua LuÃ­s de Melo [luÃ­s, melo]
06-29 10:01:55.121  3472  5009 I net.osmand: Postcode Not matches Brazil's postcode regex: LUÃ?S
06-29 10:01:55.147  1964 10493 I Places  : Converted 1 out of 1 WiFi scans
06-29 10:01:55.148  1600  3412 I WifiService: getConnectionInfo uid=10014
06-29 10:01:55.206  3472  5009 I net.osmand: BinaryMapAddressReaderAdapter Searched address structure in 81ms. Found 2 subtress
06-29 10:01:55.256  1964 10493 I Places  : ?: PlacesBleScanner start() with priority 2
06-29 10:01:55.257  1964 10493 I PlaceInferenceEngine: [anon] Changed inference mode: 1
06-29 10:01:55.258  1964 10493 I PlaceInferenceEngine: [account#1066226748] Changed inference mode: 1
06-29 10:01:55.262  3472  5009 I net.osmand: BinaryMapAddressReaderAdapter Whole address search by name is done in 131ms. Found 2
06-29 10:01:55.265  3472  5009 I net.osmand: GeocodingUtilities Preload buildings Rua LuÃ­s de Melo Campina Grande 17516
06-29 10:01:55.266  3472  5009 I net.osmand: GeocodingUtilities Preload buildings Rua LuÃ­s de Melo Prata 17517
06-29 10:01:55.266  3472  5009 I net.osmand: GeocodingUtilities Search street by name Avenida Almirante Barroso [almirante, barroso]
06-29 10:01:55.268  3472  5009 I net.osmand: Postcode Not matches Brazil's postcode regex: ALMIRANTE
06-29 10:01:55.314  1964 10493 I Places  : Converted 1 out of 1 WiFi scans
06-29 10:01:55.315  1600  3412 I WifiService: getConnectionInfo uid=10014
06-29 10:01:55.349  1964 10493 I PlaceInferenceEngine: [account#1066226748] Changed inference mode: 1
06-29 10:01:55.350  1964 10493 I PlaceInferenceEngine: [anon] Changed inference mode: 1
06-29 10:01:55.353  1964  1964 E BeaconBle: Missing BluetoothAdapter
06-29 10:01:55.353  1964  1964 I BeaconBle: BLE 'KK+' software access layer enabled
06-29 10:01:55.375  3472  5009 I net.osmand: BinaryMapAddressReaderAdapter Searched address structure in 107ms. Found 1 subtress
06-29 10:01:55.409  3472  5009 I net.osmand: BinaryMapAddressReaderAdapter Whole address search by name is done in 141ms. Found 4
06-29 10:01:55.410  3472  5009 I net.osmand: GeocodingUtilities Preload buildings Avenida Almirante Barroso SÃ£o JosÃ© 17523
06-29 10:01:55.412  3472  5009 I net.osmand: GeocodingUtilities Search street by name Rua Doutor JoÃ£o Moura [doutor, joÃ£o, moura]
06-29 10:01:55.420  3472  5009 I net.osmand: Postcode Not matches Brazil's postcode regex: DOUTOR
06-29 10:01:55.430  1964  1964 I BeaconBle: Client requested scan, settings=BleSettings [scanMode=ZERO_POWER, callbackType=ALL_MATCHES, reportDelayMillis=0, 1 filters, 0 clients, callingClientName=Places]
06-29 10:01:55.431  1964  1964 I BeaconBle: Scan : No clients left, canceling alarm.
06-29 10:01:55.436  1964  1964 E BeaconBle: Scan couldn't start for Places
06-29 10:01:55.436  1964  1964 W Places  : BLE failure while scanning - code 5
06-29 10:01:55.511  3472  5009 I net.osmand: BinaryMapAddressReaderAdapter Searched address structure in 90ms. Found 1 subtress
06-29 10:01:55.591  3472  5009 I net.osmand: BinaryMapAddressReaderAdapter Whole address search by name is done in 170ms. Found 2
06-29 10:01:55.592  3472  5009 I net.osmand: GeocodingUtilities Preload buildings Rua Doutor JoÃ£o Moura Campina Grande 9900
06-29 10:01:55.592  3472  5009 I net.osmand: GeocodingUtilities Preload buildings Rua Doutor JoÃ£o Moura SÃ£o JosÃ© 9901
06-29 10:01:55.592  3472  5009 I net.osmand: GeocodingUtilities Search street by name Rua Lino Gomes da Silva [gomes, lino, silva]
06-29 10:01:55.598  3472  5009 I net.osmand: Postcode Not matches Brazil's postcode regex: GOMES
06-29 10:01:55.667  1600  2131 I ActivityManager: Force stopping com.skgames.trafficrider appid=10081 user=0: from pid 10499
06-29 10:01:55.688  1833  1833 D CarrierSvcBindHelper: No carrier app for: 0
06-29 10:01:55.734  3472  5009 I net.osmand: BinaryMapAddressReaderAdapter Searched address structure in 136ms. Found 1 subtress
06-29 10:01:55.849  3472  5009 I net.osmand: BinaryMapAddressReaderAdapter Whole address search by name is done in 251ms. Found 4
06-29 10:01:55.849  3472  5009 I net.osmand: GeocodingUtilities Preload buildings Rua Lino Gomes da Silva Campina Grande 22774
06-29 10:01:55.850  3472  5009 I net.osmand: GeocodingUtilities Preload buildings Rua Lino Gomes da Silva SÃ£o JosÃ© 22775
06-29 10:01:55.850  3472  5009 I net.osmand: GeocodingUtilities Preload buildings Lino Gomes da Silva Campina Grande 25736
06-29 10:01:55.850  3472  5009 I net.osmand: GeocodingUtilities Preload buildings Lino Gomes da Silva Centro 25737
06-29 10:01:55.850  3472  5009 I net.osmand: GeocodingUtilities Search street by name Rua da Independecia [independecia]
06-29 10:01:55.852  3472  5009 I net.osmand: Postcode Not matches Brazil's postcode regex: INDEPENDECIA
06-29 10:01:55.940  3472  5009 I net.osmand: BinaryMapAddressReaderAdapter Searched address structure in 88ms. Found 1 subtress
06-29 10:01:55.946  3472  5009 I net.osmand: BinaryMapAddressReaderAdapter Whole address search by name is done in 94ms. Found 2
06-29 10:01:55.948  3472  5009 I net.osmand: GeocodingUtilities Preload buildings Rua da Independecia Campina Grande 15292
06-29 10:01:55.948  3472  5009 I net.osmand: GeocodingUtilities Preload buildings Rua da Independecia CentenÃ¡rio 15293
06-29 10:01:55.949  3472  5009 I net.osmand: GeocodingUtilities Search street by name Rua Aristides Lobo [aristides, lobo]
06-29 10:01:55.950  3472  5009 I net.osmand: Postcode Not matches Brazil's postcode regex: ARISTIDES
06-29 10:01:55.990  1964  1978 I zygote  : Background concurrent copying GC freed 71586(3MB) AllocSpace objects, 30(1932KB) LOS objects, 36% free, 10MB/16MB, paused 21.358ms total 401.823ms
06-29 10:01:56.022  3472  5009 I net.osmand: BinaryMapAddressReaderAdapter Searched address structure in 72ms. Found 1 subtress
06-29 10:01:56.032  3472  5009 I net.osmand: BinaryMapAddressReaderAdapter Whole address search by name is done in 82ms. Found 2
06-29 10:01:56.033  3472  5009 I net.osmand: GeocodingUtilities Preload buildings Rua Aristides Lobo (SÃ£o JosÃ©) Campina Grande 11521
06-29 10:01:56.033  3472  5009 I net.osmand: GeocodingUtilities Preload buildings Rua Aristides Lobo SÃ£o JosÃ© 11522
06-29 10:01:56.034  3472  5009 I net.osmand: GeocodingUtilities Search street by name Rua Rodrigues Alves [alves, rodrigues]
06-29 10:01:56.047  3472  5009 I net.osmand: Postcode Not matches Brazil's postcode regex: RODRIGUES
06-29 10:01:56.145  3472  5009 I net.osmand: BinaryMapAddressReaderAdapter Searched address structure in 98ms. Found 1 subtress
06-29 10:01:56.190  3472  5009 I net.osmand: BinaryMapAddressReaderAdapter Whole address search by name is done in 143ms. Found 5
06-29 10:01:56.190  3472  5009 I net.osmand: GeocodingUtilities Preload buildings Rua Rodrigues Alves Centro 17519
06-29 10:01:56.191  3472  5009 I net.osmand: GeocodingUtilities Preload buildings Rua Rodrigues Alves Prata 28832
06-29 10:01:56.193  3472  5009 I net.osmand: GeocodingUtilities Preload buildings Rua Rodrigues Alves Bela Vista 11444
06-29 10:01:56.193  3472  5009 I net.osmand: GeocodingUtilities Search street by name Rua Antenor Navarro [antenor, navarro]
06-29 10:01:56.196  3472  5009 I net.osmand: Postcode Not matches Brazil's postcode regex: ANTENOR
06-29 10:01:56.303  3472  5009 I net.osmand: BinaryMapAddressReaderAdapter Searched address structure in 105ms. Found 1 subtress
06-29 10:01:56.304  3472  5009 I net.osmand: BinaryMapAddressReaderAdapter Whole address search by name is done in 107ms. Found 2
06-29 10:01:56.304  3472  5009 I net.osmand: GeocodingUtilities Preload buildings Rua Antenor Navarro Prata 9851
06-29 10:01:56.310  3472  5009 I net.osmand: GeocodingUtilities Preload buildings Rua Antenor Navarro (Prata) Campina Grande 9850
06-29 10:01:56.367  1600  3412 I ActivityManager: Force stopping com.EvilChaotic.ModernWarplanes appid=10082 user=0: from pid 10506
06-29 10:01:56.405  1833  1833 D CarrierSvcBindHelper: No carrier app for: 0
06-29 10:01:56.520  1964 10084 I PlaceInferenceEngine: No beacon scan available - ignoring candidates.
06-29 10:01:56.766  1600  3412 I ActivityManager: Force stopping com.ea.games.r3_row appid=10083 user=0: from pid 10510
06-29 10:01:56.626  1964 10084 I PlaceInferenceEngine: No beacon scan available - ignoring candidates.
06-29 10:01:56.799  1833  1833 D CarrierSvcBindHelper: No carrier app for: 0
06-29 10:01:57.103  1600  7245 W ActivityManager: Invalid packageName: android.media.action.IMAGE_CAPTURE
06-29 10:01:59.571 10530 10530 D AndroidRuntime: >>>>>> START com.android.internal.os.RuntimeInit uid 2000 <<<<<<
06-29 10:01:59.580 10530 10530 W app_process: Could not reserve sentinel fault page
06-29 10:01:59.728 10530 10530 W app_process: Unexpected CPU variant for X86 using defaults: x86
06-29 10:01:59.736 10530 10530 I app_process: The ClassLoaderContext is a special shared library.
06-29 10:01:59.809 10530 10530 D AndroidRuntime: Calling main entry com.android.commands.monkey.Monkey
06-29 10:01:59.811 10530 10530 W Monkey  : args: [-p, net.osmand, -c, android.intent.category.LAUNCHER, 1]
06-29 10:01:59.812 10530 10530 W Monkey  :  arg: "-p"
06-29 10:01:59.812 10530 10530 W Monkey  :  arg: "net.osmand"
06-29 10:01:59.812 10530 10530 W Monkey  :  arg: "-c"
06-29 10:01:59.813 10530 10530 W Monkey  :  arg: "android.intent.category.LAUNCHER"
06-29 10:01:59.813 10530 10530 W Monkey  :  arg: "1"
06-29 10:01:59.813 10530 10530 W Monkey  : data="net.osmand"
06-29 10:01:59.814 10530 10530 W Monkey  : data="android.intent.category.LAUNCHER"
06-29 10:01:59.871  1600  1614 W BroadcastQueue: Skipping deliver [background] BroadcastRecord{6e6b15e u-1 android.net.conn.CONNECTIVITY_CHANGE} to ReceiverList{6f8593f 10530 (unknown name)/2000/u-1 remote:6a1a7e0}: process gone or crashing
06-29 10:01:59.926  1600  3412 I ActivityManager: START u0 {act=android.intent.action.MAIN cat=[android.intent.category.LAUNCHER] flg=0x10200000 cmp=net.osmand/.plus.activities.MapActivity} from uid 2000
06-29 10:01:59.926  1600  3412 W Binder  : Outgoing transactions from this process must be FLAG_ONEWAY
06-29 10:01:59.926  1600  3412 W Binder  : java.lang.Throwable
06-29 10:01:59.926  1600  3412 W Binder  : 	at android.os.BinderProxy.transact(Binder.java:752)
06-29 10:01:59.926  1600  3412 W Binder  : 	at android.app.IActivityController$Stub$Proxy.activityStarting(IActivityController.java:172)
06-29 10:01:59.926  1600  3412 W Binder  : 	at com.android.server.am.ActivityStarter.startActivity(ActivityStarter.java:449)
06-29 10:01:59.926  1600  3412 W Binder  : 	at com.android.server.am.ActivityStarter.startActivityLocked(ActivityStarter.java:278)
06-29 10:01:59.926  1600  3412 W Binder  : 	at com.android.server.am.ActivityStarter.startActivityMayWait(ActivityStarter.java:817)
06-29 10:01:59.926  1600  3412 W Binder  : 	at com.android.server.am.ActivityManagerService.startActivityAsUser(ActivityManagerService.java:4532)
06-29 10:01:59.926  1600  3412 W Binder  : 	at com.android.server.am.ActivityManagerService.startActivity(ActivityManagerService.java:4519)
06-29 10:01:59.926  1600  3412 W Binder  : 	at android.app.IActivityManager$Stub.onTransact(IActivityManager.java:121)
06-29 10:01:59.926  1600  3412 W Binder  : 	at com.android.server.am.ActivityManagerService.onTransact(ActivityManagerService.java:2919)
06-29 10:01:59.926  1600  3412 W Binder  : 	at android.os.Binder.execTransact(Binder.java:697)
06-29 10:01:59.944 10530 10530 I Monkey  : Events injected: 1
06-29 10:01:59.967  1398  1398 D gralloc_ranchu: gralloc_alloc: Creating ashmem region of size 8298496
06-29 10:02:00.016  1408  1408 E EGL_emulation: tid 1408: eglCreateSyncKHR(1962): error 0x3004 (EGL_BAD_ATTRIBUTE)
06-29 10:02:00.022  1600  5378 W LocalDisplayAdapter: Unable to find color mode 0, ignoring request.
06-29 10:02:00.032  1600  5378 I ActivityManager: Config changes=480 {1.0 310mcc260mnc [en_US] ldltr sw411dp w683dp h387dp 420dpi nrml land finger qwerty/v/v -nav/h appBounds=Rect(126, 0 - 1920, 1080) s.23}
06-29 10:02:00.056  1600  5378 I ActivityManager: Override config changes=480 {1.0 310mcc260mnc [en_US] ldltr sw411dp w683dp h387dp 420dpi nrml land finger qwerty/v/v -nav/h appBounds=Rect(126, 0 - 1920, 1080) s.23} for displayId=0
06-29 10:02:00.187  1398  1398 D gralloc_ranchu: gralloc_alloc: Creating ashmem region of size 8298496
06-29 10:02:00.204  3472  3472 D InAppPurchaseHelper: Destroying helper.
06-29 10:02:00.218  1600  1615 W Looper  : Dispatch took 263ms on android.ui, h=Handler (com.android.server.am.ActivityManagerService$UiHandler) {bce2944} cb=null msg=31
06-29 10:02:00.245  1600  1662 I InputReader: Reconfiguring input devices.  changes=0x00000004
06-29 10:02:00.245  1600  1662 I InputReader: Device reconfigured: id=0, name='qwerty2', size 1080x1920, orientation 3, mode 1, display id 0
06-29 10:02:00.259  1600  1662 I InputReader: Reconfiguring input devices.  changes=0x00000004
06-29 10:02:00.260  1600  1662 I InputReader: Reconfiguring input devices.  changes=0x00000004
06-29 10:02:00.278  1408  1664 E BufferQueueProducer: [SnapshotStartingWindow for taskId=5#0] queueBuffer: BufferQueue has been abandoned
06-29 10:02:00.285  1600  1647 E Surface : queueBuffer: error queuing buffer to SurfaceTexture, -19
06-29 10:02:00.285  1600  1647 E Surface : queueBuffer (handle=0x8bb8d0c0) failed (No such device)
06-29 10:02:00.293  1600  1647 W WindowManager: Exception when adding starting window
06-29 10:02:00.293  1600  1647 W WindowManager: java.lang.IllegalArgumentException
06-29 10:02:00.293  1600  1647 W WindowManager: 	at android.view.Surface.nativeUnlockCanvasAndPost(Native Method)
06-29 10:02:00.293  1600  1647 W WindowManager: 	at android.view.Surface.unlockSwCanvasAndPost(Surface.java:355)
06-29 10:02:00.293  1600  1647 W WindowManager: 	at android.view.Surface.unlockCanvasAndPost(Surface.java:336)
06-29 10:02:00.293  1600  1647 W WindowManager: 	at com.android.server.wm.TaskSnapshotSurface.drawSizeMismatchSnapshot(TaskSnapshotSurface.java:335)
06-29 10:02:00.293  1600  1647 W WindowManager: 	at com.android.server.wm.TaskSnapshotSurface.drawSnapshot(TaskSnapshotSurface.java:284)
06-29 10:02:00.293  1600  1647 W WindowManager: 	at com.android.server.wm.TaskSnapshotSurface.create(TaskSnapshotSurface.java:222)
06-29 10:02:00.293  1600  1647 W WindowManager: 	at com.android.server.wm.TaskSnapshotController.createStartingSurface(TaskSnapshotController.java:203)
06-29 10:02:00.293  1600  1647 W WindowManager: 	at com.android.server.wm.SnapshotStartingData.createStartingSurface(SnapshotStartingData.java:39)
06-29 10:02:00.293  1600  1647 W WindowManager: 	at com.android.server.wm.AppWindowContainerController.lambda$-com_android_server_wm_AppWindowContainerController_4735(AppWindowContainerController.java:145)
06-29 10:02:00.293  1600  1647 W WindowManager: 	at com.android.server.wm.-$Lambda$aEpJ2RCAIjecjyIIYTv6ricEwh4.$m$4(Unknown Source:4)
06-29 10:02:00.293  1600  1647 W WindowManager: 	at com.android.server.wm.-$Lambda$aEpJ2RCAIjecjyIIYTv6ricEwh4.run(Unknown Source:27)
06-29 10:02:00.293  1600  1647 W WindowManager: 	at android.os.Handler.handleCallback(Handler.java:790)
06-29 10:02:00.293  1600  1647 W WindowManager: 	at android.os.Handler.dispatchMessage(Handler.java:99)
06-29 10:02:00.293  1600  1647 W WindowManager: 	at android.os.Looper.loop(Looper.java:164)
06-29 10:02:00.293  1600  1647 W WindowManager: 	at android.os.HandlerThread.run(HandlerThread.java:65)
06-29 10:02:00.293  1600  1647 W WindowManager: 	at com.android.server.ServiceThread.run(ServiceThread.java:46)
06-29 10:02:00.314 10530 10530 I Monkey  : ## Network stats: elapsed time=286ms (0ms mobile, 0ms wifi, 286ms not connected)
06-29 10:02:00.375  1408  1422 E SurfaceFlinger: Permission Denial: can't openGlobalTransaction pid=3472, uid<=10104
06-29 10:02:00.376  3472  3472 E BpSurfaceComposerClient: Failed to transact (-1)
06-29 10:02:00.386  1408  1664 E SurfaceFlinger: Permission Denial: can't openGlobalTransaction pid=3472, uid<=10104
06-29 10:02:00.387  3472  3472 E BpSurfaceComposerClient: Failed to transact (-1)
06-29 10:02:00.401  2118  2184 D EGL_emulation: eglMakeCurrent: 0x8b867100: ver 2 0 (tinfo 0x8b8707f0)
06-29 10:02:00.411 10530 10530 I com.android.commands.monkey: System.exit called, status: 0
06-29 10:02:00.411 10530 10530 I AndroidRuntime: VM exiting with result code 0.
06-29 10:02:00.412  3472  3472 W ResourceType: ResTable_typeSpec entry count inconsistent: given 5115, previously 5124
06-29 10:02:00.412  3472  3472 W ResourceType: ResTable_typeSpec entry count inconsistent: given 142, previously 459
06-29 10:02:00.413  3472  3472 W ResourceType: For resource 0x7f0e00c0, entry index(192) is beyond type entryCount(142)
06-29 10:02:00.413  3472  3472 W ResourceType: For resource 0x7f0e00d1, entry index(209) is beyond type entryCount(142)
06-29 10:02:00.413  3472  3472 W ResourceType: For resource 0x7f0e00cb, entry index(203) is beyond type entryCount(142)
06-29 10:02:00.413  3472  3472 W ResourceType: For resource 0x7f0e014d, entry index(333) is beyond type entryCount(142)
06-29 10:02:00.414  3472  3472 W ResourceType: For resource 0x7f0e00dd, entry index(221) is beyond type entryCount(142)
06-29 10:02:00.414  3472  3472 W ResourceType: For resource 0x7f0e00e4, entry index(228) is beyond type entryCount(142)
06-29 10:02:00.421  1696  1696 I KeyboardViewUtil: systemKeyboardHeightRatio:1.000000; userKeyboardHeightRatio:1.000000.
06-29 10:02:00.431  2629  2884 D EGL_emulation: eglMakeCurrent: 0xa61b6ce0: ver 2 0 (tinfo 0xa619b690)
06-29 10:02:00.472  1704  1929 D EGL_emulation: eglMakeCurrent: 0x9e4046c0: ver 2 0 (tinfo 0x9e403690)
06-29 10:02:00.488  1398  1398 D gralloc_ranchu: gralloc_alloc: Creating ashmem region of size 544768
06-29 10:02:00.496  3472  3472 W ResourceType: For resource 0x7f0e01c4, entry index(452) is beyond type entryCount(142)
06-29 10:02:00.496  3472  3472 W ResourceType: For resource 0x7f0e01c4, entry index(452) is beyond type entryCount(142)
06-29 10:02:00.496  3472  3472 W ResourceType: For resource 0x7f0e0183, entry index(387) is beyond type entryCount(142)
06-29 10:02:00.496  3472  3472 W ResourceType: For resource 0x7f0e0187, entry index(391) is beyond type entryCount(142)
06-29 10:02:00.496  3472  3472 W ResourceType: For resource 0x7f0e0185, entry index(389) is beyond type entryCount(142)
06-29 10:02:00.496  3472  3472 W ResourceType: For resource 0x7f0e015d, entry index(349) is beyond type entryCount(142)
06-29 10:02:00.496  3472  3472 W ResourceType: For resource 0x7f0e0195, entry index(405) is beyond type entryCount(142)
06-29 10:02:00.496  3472  3472 W ResourceType: For resource 0x7f0e016c, entry index(364) is beyond type entryCount(142)
06-29 10:02:00.496  3472  3472 W ResourceType: For resource 0x7f0e0163, entry index(355) is beyond type entryCount(142)
06-29 10:02:00.496  3472  3472 W ResourceType: For resource 0x7f0e00db, entry index(219) is beyond type entryCount(142)
06-29 10:02:00.496  3472  3472 W ResourceType: For resource 0x7f0e0193, entry index(403) is beyond type entryCount(142)
06-29 10:02:00.496  3472  3472 W ResourceType: For resource 0x7f0e016f, entry index(367) is beyond type entryCount(142)
06-29 10:02:00.497  3472  3472 W ResourceType: For resource 0x7f0e0161, entry index(353) is beyond type entryCount(142)
06-29 10:02:00.497  3472  3472 W ResourceType: For resource 0x7f0e0170, entry index(368) is beyond type entryCount(142)
06-29 10:02:00.497  3472  3472 W ResourceType: For resource 0x7f0e0174, entry index(372) is beyond type entryCount(142)
06-29 10:02:00.497  3472  3472 I chatty  : uid=10104(net.osmand) identical 2 lines
06-29 10:02:00.497  3472  3472 W ResourceType: For resource 0x7f0e0174, entry index(372) is beyond type entryCount(142)
06-29 10:02:00.497  3472  3472 W ResourceType: For resource 0x7f0e0177, entry index(375) is beyond type entryCount(142)
06-29 10:02:00.497  3472  3472 W ResourceType: For resource 0x7f0e0160, entry index(352) is beyond type entryCount(142)
06-29 10:02:00.497  3472  3472 W ResourceType: For resource 0x7f0e0199, entry index(409) is beyond type entryCount(142)
06-29 10:02:00.497  3472  3472 W ResourceType: For resource 0x7f0e017e, entry index(382) is beyond type entryCount(142)
06-29 10:02:00.498  3472  3472 W ResourceType: For resource 0x7f0e017f, entry index(383) is beyond type entryCount(142)
06-29 10:02:00.498  3472  3472 W ResourceType: For resource 0x7f0e0196, entry index(406) is beyond type entryCount(142)
06-29 10:02:00.498  3472  3472 W ResourceType: For resource 0x7f0e0197, entry index(407) is beyond type entryCount(142)
06-29 10:02:00.498  3472  3472 W ResourceType: For resource 0x7f0e0140, entry index(320) is beyond type entryCount(142)
06-29 10:02:00.498  3472  3472 W ResourceType: For resource 0x7f0e00e7, entry index(231) is beyond type entryCount(142)
06-29 10:02:00.498  3472  3472 W ResourceType: For resource 0x7f0e0194, entry index(404) is beyond type entryCount(142)
06-29 10:02:00.498  3472  3472 W ResourceType: For resource 0x7f0e01a5, entry index(421) is beyond type entryCount(142)
06-29 10:02:00.498  3472  3472 W ResourceType: For resource 0x7f0e017d, entry index(381) is beyond type entryCount(142)
06-29 10:02:00.498  3472  3472 W ResourceType: For resource 0x7f0e017b, entry index(379) is beyond type entryCount(142)
06-29 10:02:00.498  3472  3472 W ResourceType: For resource 0x7f0e010f, entry index(271) is beyond type entryCount(142)
06-29 10:02:00.498  3472  3472 W ResourceType: For resource 0x7f0e00f8, entry index(248) is beyond type entryCount(142)
06-29 10:02:00.498  3472  3472 W ResourceType: For resource 0x7f0e010f, entry index(271) is beyond type entryCount(142)
06-29 10:02:00.498  3472  3472 W ResourceType: For resource 0x7f0e0122, entry index(290) is beyond type entryCount(142)
06-29 10:02:00.498  3472  3472 W ResourceType: For resource 0x7f0e010b, entry index(267) is beyond type entryCount(142)
06-29 10:02:00.498  3472  3472 W ResourceType: For resource 0x7f0e010c, entry index(268) is beyond type entryCount(142)
06-29 10:02:00.499  3472  3472 W ResourceType: For resource 0x7f0e01ad, entry index(429) is beyond type entryCount(142)
06-29 10:02:00.499  3472  3472 W ResourceType: For resource 0x7f0e01ac, entry index(428) is beyond type entryCount(142)
06-29 10:02:00.502  3472  3472 W ResourceType: For resource 0x7f0e01c4, entry index(452) is beyond type entryCount(142)
06-29 10:02:00.502  3472  3472 W ResourceType: For resource 0x7f0e01c4, entry index(452) is beyond type entryCount(142)
06-29 10:02:00.502  3472  3472 W ResourceType: For resource 0x7f0e0183, entry index(387) is beyond type entryCount(142)
06-29 10:02:00.502  3472  3472 W ResourceType: For resource 0x7f0e0187, entry index(391) is beyond type entryCount(142)
06-29 10:02:00.502  3472  3472 W ResourceType: For resource 0x7f0e0185, entry index(389) is beyond type entryCount(142)
06-29 10:02:00.503  3472  3472 W ResourceType: For resource 0x7f0e015d, entry index(349) is beyond type entryCount(142)
06-29 10:02:00.503  3472  3472 W ResourceType: For resource 0x7f0e0195, entry index(405) is beyond type entryCount(142)
06-29 10:02:00.504  3472  3472 W ResourceType: For resource 0x7f0e016c, entry index(364) is beyond type entryCount(142)
06-29 10:02:00.504  3472  3472 W ResourceType: For resource 0x7f0e0163, entry index(355) is beyond type entryCount(142)
06-29 10:02:00.504  3472  3472 W ResourceType: For resource 0x7f0e00db, entry index(219) is beyond type entryCount(142)
06-29 10:02:00.504  3472  3472 W ResourceType: For resource 0x7f0e0193, entry index(403) is beyond type entryCount(142)
06-29 10:02:00.504  3472  3472 W ResourceType: For resource 0x7f0e016f, entry index(367) is beyond type entryCount(142)
06-29 10:02:00.504  3472  3472 W ResourceType: For resource 0x7f0e0161, entry index(353) is beyond type entryCount(142)
06-29 10:02:00.504  3472  3472 W ResourceType: For resource 0x7f0e0170, entry index(368) is beyond type entryCount(142)
06-29 10:02:00.504  3472  3472 W ResourceType: For resource 0x7f0e0174, entry index(372) is beyond type entryCount(142)
06-29 10:02:00.504  3472  3472 I chatty  : uid=10104(net.osmand) identical 2 lines
06-29 10:02:00.504  3472  3472 W ResourceType: For resource 0x7f0e0174, entry index(372) is beyond type entryCount(142)
06-29 10:02:00.504  3472  3472 W ResourceType: For resource 0x7f0e0177, entry index(375) is beyond type entryCount(142)
06-29 10:02:00.504  3472  3472 W ResourceType: For resource 0x7f0e0160, entry index(352) is beyond type entryCount(142)
06-29 10:02:00.504  3472  3472 W ResourceType: For resource 0x7f0e0199, entry index(409) is beyond type entryCount(142)
06-29 10:02:00.504  3472  3472 W ResourceType: For resource 0x7f0e017e, entry index(382) is beyond type entryCount(142)
06-29 10:02:00.505  3472  3472 W ResourceType: For resource 0x7f0e017f, entry index(383) is beyond type entryCount(142)
06-29 10:02:00.505  3472  3472 W ResourceType: For resource 0x7f0e0196, entry index(406) is beyond type entryCount(142)
06-29 10:02:00.505  3472  3472 W ResourceType: For resource 0x7f0e0197, entry index(407) is beyond type entryCount(142)
06-29 10:02:00.505  3472  3472 W ResourceType: For resource 0x7f0e0140, entry index(320) is beyond type entryCount(142)
06-29 10:02:00.505  3472  3472 W ResourceType: For resource 0x7f0e00e7, entry index(231) is beyond type entryCount(142)
06-29 10:02:00.505  3472  3472 W ResourceType: For resource 0x7f0e0194, entry index(404) is beyond type entryCount(142)
06-29 10:02:00.505  3472  3472 W ResourceType: For resource 0x7f0e01a5, entry index(421) is beyond type entryCount(142)
06-29 10:02:00.505  3472  3472 W ResourceType: For resource 0x7f0e017d, entry index(381) is beyond type entryCount(142)
06-29 10:02:00.505  3472  3472 W ResourceType: For resource 0x7f0e017b, entry index(379) is beyond type entryCount(142)
06-29 10:02:00.505  3472  3472 W ResourceType: For resource 0x7f0e010f, entry index(271) is beyond type entryCount(142)
06-29 10:02:00.505  3472  3472 W ResourceType: For resource 0x7f0e00f8, entry index(248) is beyond type entryCount(142)
06-29 10:02:00.505  3472  3472 W ResourceType: For resource 0x7f0e010f, entry index(271) is beyond type entryCount(142)
06-29 10:02:00.505  3472  3472 W ResourceType: For resource 0x7f0e0122, entry index(290) is beyond type entryCount(142)
06-29 10:02:00.505  3472  3472 W ResourceType: For resource 0x7f0e010b, entry index(267) is beyond type entryCount(142)
06-29 10:02:00.505  3472  3472 W ResourceType: For resource 0x7f0e010c, entry index(268) is beyond type entryCount(142)
06-29 10:02:00.506  3472  3472 W ResourceType: For resource 0x7f0e01ad, entry index(429) is beyond type entryCount(142)
06-29 10:02:00.506  3472  3472 W ResourceType: For resource 0x7f0e01ac, entry index(428) is beyond type entryCount(142)
06-29 10:02:00.509  3472  3472 W ResourceType: For resource 0x7f0e01c4, entry index(452) is beyond type entryCount(142)
06-29 10:02:00.509  3472  3472 W ResourceType: For resource 0x7f0e01c4, entry index(452) is beyond type entryCount(142)
06-29 10:02:00.509  3472  3472 W ResourceType: For resource 0x7f0e0183, entry index(387) is beyond type entryCount(142)
06-29 10:02:00.509  3472  3472 W ResourceType: For resource 0x7f0e0187, entry index(391) is beyond type entryCount(142)
06-29 10:02:00.509  3472  3472 W ResourceType: For resource 0x7f0e0185, entry index(389) is beyond type entryCount(142)
06-29 10:02:00.510  3472  3472 W ResourceType: For resource 0x7f0e015d, entry index(349) is beyond type entryCount(142)
06-29 10:02:00.510  3472  3472 W ResourceType: For resource 0x7f0e0195, entry index(405) is beyond type entryCount(142)
06-29 10:02:00.510  3472  3472 W ResourceType: For resource 0x7f0e016c, entry index(364) is beyond type entryCount(142)
06-29 10:02:00.510  3472  3472 W ResourceType: For resource 0x7f0e0163, entry index(355) is beyond type entryCount(142)
06-29 10:02:00.510  3472  3472 W ResourceType: For resource 0x7f0e00db, entry index(219) is beyond type entryCount(142)
06-29 10:02:00.510  3472  3472 W ResourceType: For resource 0x7f0e0193, entry index(403) is beyond type entryCount(142)
06-29 10:02:00.510  3472  3472 W ResourceType: For resource 0x7f0e016f, entry index(367) is beyond type entryCount(142)
06-29 10:02:00.510  3472  3472 W ResourceType: For resource 0x7f0e0161, entry index(353) is beyond type entryCount(142)
06-29 10:02:00.510  3472  3472 W ResourceType: For resource 0x7f0e0170, entry index(368) is beyond type entryCount(142)
06-29 10:02:00.510  3472  3472 W ResourceType: For resource 0x7f0e0174, entry index(372) is beyond type entryCount(142)
06-29 10:02:00.510  3472  3472 I chatty  : uid=10104(net.osmand) identical 2 lines
06-29 10:02:00.510  3472  3472 W ResourceType: For resource 0x7f0e0174, entry index(372) is beyond type entryCount(142)
06-29 10:02:00.510  3472  3472 W ResourceType: For resource 0x7f0e0177, entry index(375) is beyond type entryCount(142)
06-29 10:02:00.510  3472  3472 W ResourceType: For resource 0x7f0e0160, entry index(352) is beyond type entryCount(142)
06-29 10:02:00.511  3472  3472 W ResourceType: For resource 0x7f0e0199, entry index(409) is beyond type entryCount(142)
06-29 10:02:00.511  3472  3472 W ResourceType: For resource 0x7f0e017e, entry index(382) is beyond type entryCount(142)
06-29 10:02:00.511  3472  3472 W ResourceType: For resource 0x7f0e017f, entry index(383) is beyond type entryCount(142)
06-29 10:02:00.511  3472  3472 W ResourceType: For resource 0x7f0e0196, entry index(406) is beyond type entryCount(142)
06-29 10:02:00.511  3472  3472 W ResourceType: For resource 0x7f0e0197, entry index(407) is beyond type entryCount(142)
06-29 10:02:00.511  3472  3472 W ResourceType: For resource 0x7f0e0140, entry index(320) is beyond type entryCount(142)
06-29 10:02:00.511  3472  3472 W ResourceType: For resource 0x7f0e00e7, entry index(231) is beyond type entryCount(142)
06-29 10:02:00.511  3472  3472 W ResourceType: For resource 0x7f0e0194, entry index(404) is beyond type entryCount(142)
06-29 10:02:00.511  3472  3472 W ResourceType: For resource 0x7f0e01a5, entry index(421) is beyond type entryCount(142)
06-29 10:02:00.511  3472  3472 W ResourceType: For resource 0x7f0e017d, entry index(381) is beyond type entryCount(142)
06-29 10:02:00.511  3472  3472 W ResourceType: For resource 0x7f0e017b, entry index(379) is beyond type entryCount(142)
06-29 10:02:00.511  3472  3472 W ResourceType: For resource 0x7f0e010f, entry index(271) is beyond type entryCount(142)
06-29 10:02:00.511  3472  3472 W ResourceType: For resource 0x7f0e00f8, entry index(248) is beyond type entryCount(142)
06-29 10:02:00.511  3472  3472 W ResourceType: For resource 0x7f0e010f, entry index(271) is beyond type entryCount(142)
06-29 10:02:00.511  3472  3472 W ResourceType: For resource 0x7f0e0122, entry index(290) is beyond type entryCount(142)
06-29 10:02:00.512  3472  3472 W ResourceType: For resource 0x7f0e010b, entry index(267) is beyond type entryCount(142)
06-29 10:02:00.512  3472  3472 W ResourceType: For resource 0x7f0e010c, entry index(268) is beyond type entryCount(142)
06-29 10:02:00.512  3472  3472 W ResourceType: For resource 0x7f0e01ad, entry index(429) is beyond type entryCount(142)
06-29 10:02:00.512  3472  3472 W ResourceType: For resource 0x7f0e01ac, entry index(428) is beyond type entryCount(142)
06-29 10:02:00.527  3472  3472 W ResourceType: For resource 0x7f0e017f, entry index(383) is beyond type entryCount(142)
06-29 10:02:00.527  3472  3472 W ResourceType: For resource 0x7f0e0091, entry index(145) is beyond type entryCount(142)
06-29 10:02:00.540  1696  1696 I DeviceStatusMonitor: onReceive() : Action = android.intent.action.CONFIGURATION_CHANGED
06-29 10:02:00.541  1696  1696 I ConfigNotification: Get device mode by ui mode:1 and smallestScreenWidthDp:411
06-29 10:02:00.541  1696  1696 I chatty  : uid=10060(com.google.android.inputmethod.latin) identical 2 lines
06-29 10:02:00.542  1696  1696 I ConfigNotification: Get device mode by ui mode:1 and smallestScreenWidthDp:411
06-29 10:02:00.577  1704  1929 D EGL_emulation: eglMakeCurrent: 0x9e4046c0: ver 2 0 (tinfo 0x9e403690)
06-29 10:02:00.589  3472  3472 W ResourceType: For resource 0x7f0e016b, entry index(363) is beyond type entryCount(142)
06-29 10:02:00.597  3472  3472 W ResourceType: For resource 0x7f0e017b, entry index(379) is beyond type entryCount(142)
06-29 10:02:00.599  3472  3472 W ResourceType: For resource 0x7f0e0125, entry index(293) is beyond type entryCount(142)
06-29 10:02:00.607  3472  3472 W ResourceType: For resource 0x7f0e0125, entry index(293) is beyond type entryCount(142)
06-29 10:02:00.613  1398  1398 D gralloc_ranchu: gralloc_alloc: Creating ashmem region of size 544768
06-29 10:02:00.709  3472  3472 W ResourceType: For resource 0x7f0e01a5, entry index(421) is beyond type entryCount(142)
06-29 10:02:00.709  3472  3472 W ResourceType: For resource 0x7f0e00a9, entry index(169) is beyond type entryCount(142)
06-29 10:02:00.714  3472  3472 W ResourceType: For resource 0x7f0e01bc, entry index(444) is beyond type entryCount(142)
06-29 10:02:00.723  3472  3472 W ResourceType: For resource 0x7f0e0132, entry index(306) is beyond type entryCount(142)
06-29 10:02:00.723  3472  3472 W ResourceType: For resource 0x7f0e00f7, entry index(247) is beyond type entryCount(142)
06-29 10:02:00.725  3472  3472 W ResourceType: For resource 0x7f0e0131, entry index(305) is beyond type entryCount(142)
06-29 10:02:00.725  3472  3472 W ResourceType: For resource 0x7f0e010f, entry index(271) is beyond type entryCount(142)
06-29 10:02:00.726  3472  3472 W ResourceType: For resource 0x7f0e0175, entry index(373) is beyond type entryCount(142)
06-29 10:02:00.728  3472  3472 W ResourceType: For resource 0x7f0e0173, entry index(371) is beyond type entryCount(142)
06-29 10:02:00.747  3472  3472 W ResourceType: For resource 0x7f0e011d, entry index(285) is beyond type entryCount(142)
06-29 10:02:00.748  3472  3472 I chatty  : uid=10104(net.osmand) identical 4 lines
06-29 10:02:00.748  3472  3472 W ResourceType: For resource 0x7f0e011d, entry index(285) is beyond type entryCount(142)
06-29 10:02:00.748  3472  3472 W ResourceType: For resource 0x7f0e01ac, entry index(428) is beyond type entryCount(142)
06-29 10:02:00.748  3472  3472 W ResourceType: For resource 0x7f0e00ae, entry index(174) is beyond type entryCount(142)
06-29 10:02:00.749  3472  3472 W ResourceType: For resource 0x7f0e013d, entry index(317) is beyond type entryCount(142)
06-29 10:02:00.749  3472  3472 W ResourceType: For resource 0x7f0e013e, entry index(318) is beyond type entryCount(142)
06-29 10:02:00.761  3472  3472 W ResourceType: For resource 0x7f0e013b, entry index(315) is beyond type entryCount(142)
06-29 10:02:00.770  3472  3472 I chatty  : uid=10104(net.osmand) identical 9 lines
06-29 10:02:00.770  3472  3472 W ResourceType: For resource 0x7f0e013b, entry index(315) is beyond type entryCount(142)
06-29 10:02:00.906  1398  1398 D gralloc_ranchu: gralloc_alloc: Creating ashmem region of size 544768
06-29 10:02:00.967  1704  1723 I zygote  : NativeAlloc concurrent copying GC freed 1200(196KB) AllocSpace objects, 0(0B) LOS objects, 49% free, 5MB/11MB, paused 86.567ms total 543.036ms
06-29 10:02:01.016  1398  1398 D gralloc_ranchu: gralloc_alloc: Creating ashmem region of size 487424
06-29 10:02:01.072  1704  1704 D StatusBar: disable<e i a s b h r c s q >
06-29 10:02:01.081  1704  1929 D EGL_emulation: eglMakeCurrent: 0x9e4046c0: ver 2 0 (tinfo 0x9e403690)
06-29 10:02:01.104  3472  3472 W System.err: OnCreate for MapActivity took 662 ms
06-29 10:02:01.136  1398  1398 D gralloc_ranchu: gralloc_alloc: Creating ashmem region of size 487424
06-29 10:02:01.215  1704  1704 W StatusBar/NavBarView: *** Invalid layout in navigation bar (sizeChanged this=126x1080 cur=126x1038)
06-29 10:02:01.268  3472  3472 D InAppPurchaseHelper: Destroying helper.
06-29 10:02:01.319  1398  1398 D gralloc_ranchu: gralloc_alloc: Creating ashmem region of size 487424
06-29 10:02:01.346  1704  1929 D EGL_emulation: eglMakeCurrent: 0x9e4046c0: ver 2 0 (tinfo 0x9e403690)
06-29 10:02:01.402  3472  3472 D net.osmand: Enable sensor
