07-01 18:38:05.944  1604 24850 D NetworkMonitor/NetworkAgentInfo [WIFI () - 101]: PROBE_HTTP http://connectivitycheck.gstatic.com/generate_204 time=149ms ret=204 request={User-Agent=[Mozilla/5.0 (X11; Linux x86_64) AppleWebKit/537.36 (KHTML, like Gecko) Chrome/60.0.3112.32 Safari/537.36]} headers={null=[HTTP/1.1 204 No Content], Content-Length=[0], Date=[Mon, 01 Jul 2019 22:38:06 GMT], X-Android-Received-Millis=[1562020685944], X-Android-Response-Source=[NETWORK 204], X-Android-Selected-Protocol=[http/1.1], X-Android-Sent-Millis=[1562020685868]}
07-01 18:38:06.017  1604 24849 D NetworkMonitor/NetworkAgentInfo [WIFI () - 101]: PROBE_HTTPS https://www.google.com/generate_204 time=232ms ret=204 request={User-Agent=[Mozilla/5.0 (X11; Linux x86_64) AppleWebKit/537.36 (KHTML, like Gecko) Chrome/60.0.3112.32 Safari/537.36]} headers={null=[HTTP/1.1 204 No Content], Alt-Svc=[quic=":443"; ma=2592000; v="46,44,43,39"], Content-Length=[0], Date=[Mon, 01 Jul 2019 22:38:06 GMT], X-Android-Received-Millis=[1562020686017], X-Android-Response-Source=[NETWORK 204], X-Android-Selected-Protocol=[http/1.1], X-Android-Sent-Millis=[1562020685945]}
07-01 18:38:06.019  1604  1682 D ConnectivityService: NetworkAgentInfo [WIFI () - 101] validation passed
07-01 18:38:06.032  1604  5750 I WifiService: getConnectionInfo uid=10014
07-01 18:38:06.289  1604  5750 I chatty  : uid=1000(system) Binder:1604_19 identical 1 line
07-01 18:38:06.317  1604  5750 I WifiService: getConnectionInfo uid=10014
07-01 18:38:16.440  1604  1678 W AlarmManager: Unrecognized alarm listener com.android.server.wifi.WifiConfigStore$1@223dfff
07-01 18:38:16.459  1604  1678 D WifiConfigStore: Writing to stores completed in 19 ms.
07-01 18:38:16.471  1604  7927 I WifiService: acquireWifiLock uid=10014 lockMode=2
07-01 18:38:16.516  1970  1970 I GeofencerStateMachine: sendNewTransitions called.
07-01 18:38:16.532  1604  5750 I WifiService: releaseWifiLock uid=10014
07-01 18:38:19.403  1604  2058 D WificondControl: Scan result ready event
07-01 18:38:21.334  1604  1621 I WifiService: requestActivityInfo uid=1000
07-01 18:38:21.334  1604  1621 I WifiService: reportActivityInfo uid=1000
07-01 18:38:21.334  1604  1621 I WifiService: getSupportedFeatures uid=1000
07-01 18:38:36.358  1604  1621 I WifiService: requestActivityInfo uid=1000
07-01 18:38:36.358  1604  1621 I WifiService: reportActivityInfo uid=1000
07-01 18:38:36.358  1604  1621 I WifiService: getSupportedFeatures uid=1000
07-01 18:38:36.375  1604  2058 I WifiService: getConnectionInfo uid=10014
07-01 18:38:36.477  1604  5750 I WifiService: acquireWifiLock uid=10014 lockMode=2
07-01 18:38:36.517  1604  2058 I WifiService: releaseWifiLock uid=10014
07-01 18:38:48.839  1410  1410 I boot-pipe: done populating /dev/random
07-01 18:38:51.414  1604  1621 I WifiService: requestActivityInfo uid=1000
07-01 18:38:51.414  1604  1621 I WifiService: reportActivityInfo uid=1000
07-01 18:38:51.414  1604  1621 I WifiService: getSupportedFeatures uid=1000
07-01 18:38:51.784  1604  1621 I WifiService: requestActivityInfo uid=1000
07-01 18:38:51.784  1604  1621 I WifiService: reportActivityInfo uid=1000
07-01 18:38:51.784  1604  1621 I WifiService: getSupportedFeatures uid=1000
07-01 18:38:56.488  1604  2058 I WifiService: acquireWifiLock uid=10014 lockMode=2
07-01 18:38:57.036 24629 24679 I zygote  : Deoptimizing void afky.run() due to JIT inline cache
07-01 18:38:57.130 24629 24698 V NativeCrypto: Read error: ssl=0xa5814098: I/O error during system call, Connection reset by peer
07-01 18:38:57.130 24629 24698 V NativeCrypto: Write error: ssl=0xa5814098: I/O error during system call, Broken pipe
07-01 18:38:57.131 24629 24698 I chatty  : uid=10070(com.google.android.gm) identical 1 line
07-01 18:38:57.131 24629 24698 V NativeCrypto: Write error: ssl=0xa5814098: I/O error during system call, Broken pipe
07-01 18:38:57.132 24629 24698 V NativeCrypto: SSL shutdown failed: ssl=0xa5814098: I/O error during system call, Success
07-01 18:38:59.462  1604  2058 D WificondControl: Scan result ready event
07-01 18:38:59.503  1970  1970 I GeofencerStateMachine: sendNewTransitions called.
07-01 18:38:59.519  1604  1878 I WifiService: releaseWifiLock uid=10014
07-01 18:39:00.020  1403  1418 D hwcomposer: hw_composer sent 6 syncs in 60s
07-01 18:39:00.598  1604  1617 E memtrack: Couldn't load memtrack module
07-01 18:39:00.598  1604  1617 W android.os.Debug: failed to get memory consumption info: -1
07-01 18:39:13.774  1604  1621 I WifiService: requestActivityInfo uid=1000
07-01 18:39:13.774  1604  1621 I WifiService: reportActivityInfo uid=1000
07-01 18:39:13.774  1604  1621 I WifiService: getSupportedFeatures uid=1000
07-01 18:39:17.504  1604  5750 I WifiService: acquireWifiLock uid=10014 lockMode=2
07-01 18:39:17.549  1604  2058 I WifiService: releaseWifiLock uid=10014
07-01 18:39:18.402  1604  1613 I zygote  : Background concurrent copying GC freed 41150(1726KB) AllocSpace objects, 4(208KB) LOS objects, 14% free, 36MB/42MB, paused 1.211ms total 357.187ms
07-01 18:39:37.514  1604  7927 I WifiService: acquireWifiLock uid=10014 lockMode=2
07-01 18:39:37.519  1604  1617 E memtrack: Couldn't load memtrack module
07-01 18:39:37.519  1604  1617 W android.os.Debug: failed to get memory consumption info: -1
07-01 18:39:37.586  1604  1617 E memtrack: Couldn't load memtrack module
07-01 18:39:37.586  1604  1617 W android.os.Debug: failed to get memory consumption info: -1
07-01 18:39:40.494  1604  7927 D WificondControl: Scan result ready event
07-01 18:39:40.527  1970  1970 I GeofencerStateMachine: sendNewTransitions called.
07-01 18:39:40.544  1604  7927 I WifiService: releaseWifiLock uid=10014
07-01 18:39:41.053 20345 20362 I Finsky  : [779] imb.run(3): Stats for Executor: BlockingExecutor ink@ee2e429[Running, pool size = 0, active threads = 0, queued tasks = 0, completed tasks = 13]
07-01 18:39:41.054 20345 20362 I Finsky  : [779] imb.run(3): Stats for Executor: LightweightExecutor ink@8d5d3ae[Running, pool size = 2, active threads = 0, queued tasks = 0, completed tasks = 63]
07-01 18:39:42.515 20345 20362 I Finsky  : [779] imb.run(3): Stats for Executor: bgExecutor ink@1e554f[Running, pool size = 4, active threads = 0, queued tasks = 0, completed tasks = 73]
07-01 18:39:48.840  1410  1410 I boot-pipe: done populating /dev/random
07-01 18:39:57.524  1604  2058 I WifiService: acquireWifiLock uid=10014 lockMode=2
07-01 18:39:57.566  1604  7927 I WifiService: releaseWifiLock uid=10014
07-01 18:40:00.012  1403  1418 D hwcomposer: hw_composer sent 6 syncs in 60s
07-01 18:40:12.055  1604  1621 I WifiService: requestActivityInfo uid=1000
07-01 18:40:12.055  1604  1621 I WifiService: reportActivityInfo uid=1000
07-01 18:40:12.055  1604  1621 I WifiService: getSupportedFeatures uid=1000
07-01 18:40:12.064  1604  1621 E BluetoothAdapter: Bluetooth binder is null
07-01 18:40:12.072  1604  1621 E KernelCpuSpeedReader: Failed to read cpu-freq: /sys/devices/system/cpu/cpu0/cpufreq/stats/time_in_state (No such file or directory)
07-01 18:40:12.081  1604  1621 E BatteryExternalStatsWorker: modem info is invalid: ModemActivityInfo{ mTimestamp=0 mSleepTimeMs=0 mIdleTimeMs=0 mTxTimeMs[]=[0, 0, 0, 0, 0] mRxTimeMs=0 mEnergyUsed=0}
07-01 18:40:16.539  1604  1621 I WifiService: requestActivityInfo uid=1000
07-01 18:40:16.539  1604  1621 I WifiService: reportActivityInfo uid=1000
07-01 18:40:16.539  1604  1621 I WifiService: getSupportedFeatures uid=1000
07-01 18:40:18.548  1604  2058 I WifiService: acquireWifiLock uid=10014 lockMode=2
07-01 18:40:21.534  1604  7927 D WificondControl: Scan result ready event
07-01 18:40:21.575  1970  1970 I GeofencerStateMachine: sendNewTransitions called.
07-01 18:40:21.585  1604  2058 I WifiService: releaseWifiLock uid=10014
07-01 18:40:26.395  1604  7927 I WifiService: getConnectionInfo uid=10014
07-01 18:40:26.402  1970 24853 E WakeLock: GCM_HB_ALARM release without a matched acquire!
07-01 18:40:26.514  1970 24855 V NativeCrypto: Read error: ssl=0xad6aace8: I/O error during system call, Connection reset by peer
07-01 18:40:26.517  1970 24855 V NativeCrypto: SSL shutdown failed: ssl=0xad6aace8: I/O error during system call, Broken pipe
07-01 18:40:26.518  1970 24855 E WakeLock: GCM_HB_ALARM release without a matched acquire!
07-01 18:40:26.518  1970 24855 W WakeLock: GCM_HB_ALARM counter does not exist
07-01 18:40:26.522  1970 24855 W GCM     : Resetting heartbeat counters (at min), good=2 bad=2
07-01 18:40:26.524  1604  1682 D ConnectivityService: reportNetworkConnectivity(101, false) by 10014
07-01 18:40:26.525  1604  2952 D NetworkMonitor/NetworkAgentInfo [WIFI () - 101]: Forcing reevaluation for UID 10014
07-01 18:40:26.533  1604 24896 D NetworkMonitor/NetworkAgentInfo [WIFI () - 101]: PROBE_DNS connectivitycheck.gstatic.com 6ms OK 172.217.172.131,2800:3f0:4001:81a::2003
07-01 18:40:26.543  1604 24894 D NetworkMonitor/NetworkAgentInfo [WIFI () - 101]: PROBE_DNS www.google.com 10ms OK 172.217.28.228,2800:3f0:4001:801::2004
07-01 18:40:26.608  1604 24896 D NetworkMonitor/NetworkAgentInfo [WIFI () - 101]: PROBE_HTTP http://connectivitycheck.gstatic.com/generate_204 time=74ms ret=204 request={User-Agent=[Mozilla/5.0 (X11; Linux x86_64) AppleWebKit/537.36 (KHTML, like Gecko) Chrome/60.0.3112.32 Safari/537.36]} headers={null=[HTTP/1.1 204 No Content], Content-Length=[0], Date=[Mon, 01 Jul 2019 22:40:27 GMT], X-Android-Received-Millis=[1562020826608], X-Android-Response-Source=[NETWORK 204], X-Android-Selected-Protocol=[http/1.1], X-Android-Sent-Millis=[1562020826535]}
07-01 18:40:26.613  1604 24894 D NetworkMonitor/NetworkAgentInfo [WIFI () - 101]: PROBE_HTTPS https://www.google.com/generate_204 time=68ms ret=204 request={User-Agent=[Mozilla/5.0 (X11; Linux x86_64) AppleWebKit/537.36 (KHTML, like Gecko) Chrome/60.0.3112.32 Safari/537.36]} headers={null=[HTTP/1.1 204 No Content], Alt-Svc=[quic=":443"; ma=2592000; v="46,44,43,39"], Content-Length=[0], Date=[Mon, 01 Jul 2019 22:40:27 GMT], X-Android-Received-Millis=[1562020826612], X-Android-Response-Source=[NETWORK 204], X-Android-Selected-Protocol=[http/1.1], X-Android-Sent-Millis=[1562020826545]}
07-01 18:40:26.614  1604  1682 D ConnectivityService: NetworkAgentInfo [WIFI () - 101] validation passed
07-01 18:40:26.788  1604  7927 I WifiService: getConnectionInfo uid=10014
07-01 18:40:30.529  1604  1604 I EntropyMixer: Added HW RNG output to entropy pool
07-01 18:40:30.529  1604  1604 I EntropyMixer: Writing entropy...
07-01 18:40:27.058  1604  7927 I chatty  : uid=1000(system) Binder:1604_1F identical 1 line
07-01 18:40:27.094  1604  7927 I WifiService: getConnectionInfo uid=10014
07-01 18:40:36.618  1604  1678 W AlarmManager: Unrecognized alarm listener com.android.server.wifi.WifiConfigStore$1@223dfff
07-01 18:40:36.632  1604  1678 D WifiConfigStore: Writing to stores completed in 13 ms.
07-01 18:40:36.653  1604  1675 D RecurrenceRule: Resolving using anchor 2019-07-01T22:40:36.653Z[GMT]
07-01 18:40:36.656  1604  1675 D RecurrenceRule: Resolving using anchor 2019-07-01T22:40:36.655Z[GMT]
07-01 18:40:36.658  1604  1675 D RecurrenceRule: Cycle 17 from 2019-06-09T00:00Z[GMT] to 2019-07-09T00:00Z[GMT]
07-01 18:40:36.659  1604  1675 D NetworkStats: Resolving plan for NetworkTemplate: matchRule=MOBILE_ALL, subscriberId=310260..., matchSubscriberIds=[310260...]
07-01 18:40:36.664  1604  1675 D NetworkStats: Found active matching subId 1
07-01 18:40:36.672  1604  1675 D NetworkStats: Resolved to plan null
07-01 18:40:38.556  1604  2058 I WifiService: acquireWifiLock uid=10014 lockMode=2
07-01 18:40:38.594  1604  2058 I WifiService: releaseWifiLock uid=10014
07-01 18:40:42.099  1604  1621 I WifiService: requestActivityInfo uid=1000
07-01 18:40:42.099  1604  1621 I WifiService: reportActivityInfo uid=1000
07-01 18:40:42.099  1604  1621 I WifiService: getSupportedFeatures uid=1000
07-01 18:40:43.157  1836  1845 I zygote  : Do partial code cache collection, code=125KB, data=97KB
07-01 18:40:43.157  1836  1845 I zygote  : After code cache collection, code=125KB, data=97KB
07-01 18:40:43.157  1836  1845 I zygote  : Increasing code cache capacity to 512KB
07-01 18:40:48.843  1410  1410 I boot-pipe: done populating /dev/random
07-01 18:40:57.200  1604  1621 I WifiService: requestActivityInfo uid=1000
07-01 18:40:57.200  1604  1621 I WifiService: reportActivityInfo uid=1000
07-01 18:40:57.200  1604  1621 I WifiService: getSupportedFeatures uid=1000
07-01 18:40:57.215  1604  7927 I WifiService: getConnectionInfo uid=10014
07-01 18:40:58.567  1604  7927 I WifiService: acquireWifiLock uid=10014 lockMode=2
07-01 18:41:00.020  1403  1418 D hwcomposer: hw_composer sent 6 syncs in 60s
07-01 18:41:01.553  1604  1878 D WificondControl: Scan result ready event
07-01 18:41:01.602  1970  1970 I GeofencerStateMachine: sendNewTransitions called.
07-01 18:41:01.612  1604  5750 I WifiService: releaseWifiLock uid=10014
07-01 18:41:12.213  1604  1621 I WifiService: requestActivityInfo uid=1000
07-01 18:41:12.213  1604  1621 I WifiService: reportActivityInfo uid=1000
07-01 18:41:12.213  1604  1621 I WifiService: getSupportedFeatures uid=1000
07-01 18:41:19.586  1604  1878 I WifiService: acquireWifiLock uid=10014 lockMode=2
07-01 18:41:19.624  1604  5750 I WifiService: releaseWifiLock uid=10014
07-01 18:41:19.839  1970 24253 W ctxmgr  : [TimeFilter.Builder]startTimeMillis must be >= 0.  Clamping to 0.
07-01 18:41:39.599  1604  5750 I WifiService: acquireWifiLock uid=10014 lockMode=2
07-01 18:41:39.611  1604  1617 E memtrack: Couldn't load memtrack module
07-01 18:41:39.611  1604  1617 W android.os.Debug: failed to get memory consumption info: -1
07-01 18:41:39.678  1604  1617 E memtrack: Couldn't load memtrack module
07-01 18:41:39.678  1604  1617 W android.os.Debug: failed to get memory consumption info: -1
07-01 18:41:42.583  1604  1878 D WificondControl: Scan result ready event
07-01 18:41:42.619  1970  1970 I GeofencerStateMachine: sendNewTransitions called.
07-01 18:41:42.637  1604  1878 I WifiService: releaseWifiLock uid=10014
07-01 18:41:42.932  1604  1613 I zygote  : Background concurrent copying GC freed 50810(2MB) AllocSpace objects, 9(580KB) LOS objects, 14% free, 36MB/42MB, paused 1.427ms total 283.689ms
07-01 18:41:48.845  1410  1410 I boot-pipe: done populating /dev/random
07-01 18:41:59.612  1604  7927 I WifiService: acquireWifiLock uid=10014 lockMode=2
07-01 18:41:59.649  1604  7927 I WifiService: releaseWifiLock uid=10014
07-01 18:42:00.018  1403  1418 D hwcomposer: hw_composer sent 6 syncs in 60s
07-01 18:42:20.634  9593  9593 I BgTaskExecutorImpl: Starting PERIODIC background task LOG_ATTEMPTED_SEARCHES_TO_KANSAS.
07-01 18:42:20.645  9593  9593 I BgTaskExecutorImpl: Starting EXCLUSIVE background task SMARTSPACE_CALENDAR_UPDATE.
07-01 18:42:20.661  1604  5750 I WifiService: acquireWifiLock uid=10014 lockMode=2
07-01 18:42:20.745  1604  2058 I ActivityManager: Start proc 24927:android.process.media/u0a9 for content provider com.android.providers.downloads/.DownloadProvider
07-01 18:42:20.754  9593  9649 W SearchServiceCore: Abort, client detached.
07-01 18:42:20.753 24927 24927 W zygote  : Unexpected CPU variant for X86 using defaults: x86
07-01 18:42:20.797  1604  1878 I ActivityManager: Start proc 24944:com.android.providers.calendar/u0a4 for content provider com.android.providers.calendar/.CalendarProvider2
07-01 18:42:20.802 24944 24944 W zygote  : Unexpected CPU variant for X86 using defaults: x86
07-01 18:42:20.813 24927 24927 I zygote  : The ClassLoaderContext is a special shared library.
07-01 18:42:20.836 24944 24944 I zygote  : The ClassLoaderContext is a special shared library.
07-01 18:42:20.849 24944 24944 I zygote  : The ClassLoaderContext is a special shared library.
07-01 18:42:20.859 24927 24927 I zygote  : The ClassLoaderContext is a special shared library.
07-01 18:42:20.859 24944 24944 I zygote  : The ClassLoaderContext is a special shared library.
07-01 18:42:20.908 24944 24944 I CalendarProvider2: Created com.android.providers.calendar.CalendarAlarmManager@de83fc2(com.android.providers.calendar.CalendarProvider2@15c71d3)
07-01 18:42:21.014 24927 24939 I zygote  : Background concurrent copying GC freed 5663(2MB) AllocSpace objects, 0(0B) LOS objects, 61% free, 963KB/2MB, paused 11.470ms total 29.863ms
07-01 18:42:21.092  1604  3712 W Binder  : Outgoing transactions from this process must be FLAG_ONEWAY
07-01 18:42:21.092  1604  3712 W Binder  : java.lang.Throwable
07-01 18:42:21.092  1604  3712 W Binder  : 	at android.os.BinderProxy.transact(Binder.java:752)
07-01 18:42:21.092  1604  3712 W Binder  : 	at android.content.ContentProviderProxy.getType(ContentProviderNative.java:451)
07-01 18:42:21.092  1604  3712 W Binder  : 	at com.android.server.am.ActivityManagerService.getProviderMimeType(ActivityManagerService.java:12256)
07-01 18:42:21.092  1604  3712 W Binder  : 	at android.app.IActivityManager$Stub.onTransact(IActivityManager.java:1799)
07-01 18:42:21.092  1604  3712 W Binder  : 	at com.android.server.am.ActivityManagerService.onTransact(ActivityManagerService.java:2919)
07-01 18:42:21.092  1604  3712 W Binder  : 	at android.os.Binder.execTransact(Binder.java:697)
07-01 18:42:21.132  2061  2116 D ProtoStore: deleting smartspace_current
07-01 18:42:21.140  2061  2116 D ProtoStore: no cached data
07-01 18:42:21.140  2061  2116 D ProtoStore: no cached data
07-01 18:42:23.634  1604  1878 D WificondControl: Scan result ready event
07-01 18:42:23.677  1970  1970 I GeofencerStateMachine: sendNewTransitions called.
07-01 18:42:23.679  1604  1878 I WifiService: releaseWifiLock uid=10014
07-01 18:42:40.668  1604  1878 I WifiService: acquireWifiLock uid=10014 lockMode=2
07-01 18:42:40.704  1604  1878 I WifiService: releaseWifiLock uid=10014
07-01 18:42:41.055 20345 20362 I Finsky  : [779] imb.run(3): Stats for Executor: BlockingExecutor ink@ee2e429[Running, pool size = 0, active threads = 0, queued tasks = 0, completed tasks = 13]
07-01 18:42:41.055 20345 20362 I Finsky  : [779] imb.run(3): Stats for Executor: LightweightExecutor ink@8d5d3ae[Running, pool size = 2, active threads = 0, queued tasks = 0, completed tasks = 63]
07-01 18:42:42.516 20345 20362 I Finsky  : [779] imb.run(3): Stats for Executor: bgExecutor ink@1e554f[Running, pool size = 4, active threads = 0, queued tasks = 0, completed tasks = 73]
07-01 18:42:47.225  1604  1878 I WifiService: getConnectionInfo uid=10014
07-01 18:42:47.227  1604  1617 E memtrack: Couldn't load memtrack module
07-01 18:42:47.227  1604  1617 W android.os.Debug: failed to get memory consumption info: -1
07-01 18:42:47.230  1970 24895 E WakeLock: GCM_HB_ALARM release without a matched acquire!
07-01 18:42:47.234  1604  1621 I WifiService: requestActivityInfo uid=1000
07-01 18:42:47.234  1604  1621 I WifiService: reportActivityInfo uid=1000
07-01 18:42:47.234  1604  1621 I WifiService: getSupportedFeatures uid=1000
07-01 18:42:47.342  1970 24900 V NativeCrypto: Read error: ssl=0xad6aae38: I/O error during system call, Connection reset by peer
07-01 18:42:47.343  1970 24900 V NativeCrypto: SSL shutdown failed: ssl=0xad6aae38: I/O error during system call, Broken pipe
07-01 18:42:47.344  1970 24900 E WakeLock: GCM_HB_ALARM release without a matched acquire!
07-01 18:42:47.344  1970 24900 W WakeLock: GCM_HB_ALARM counter does not exist
07-01 18:42:47.352  1604  1682 D ConnectivityService: reportNetworkConnectivity(101, false) by 10014
07-01 18:42:47.353  1604  2952 D NetworkMonitor/NetworkAgentInfo [WIFI () - 101]: Forcing reevaluation for UID 10014
07-01 18:42:47.378  1604 24970 D NetworkMonitor/NetworkAgentInfo [WIFI () - 101]: PROBE_DNS connectivitycheck.gstatic.com 22ms OK 172.217.172.131,2800:3f0:4001:81a::2003
07-01 18:42:47.384  1604 24969 D NetworkMonitor/NetworkAgentInfo [WIFI () - 101]: PROBE_DNS www.google.com 23ms OK 172.217.28.228,2800:3f0:4001:801::2004
07-01 18:42:47.450  1604 24970 D NetworkMonitor/NetworkAgentInfo [WIFI () - 101]: PROBE_HTTP http://connectivitycheck.gstatic.com/generate_204 time=69ms ret=204 request={User-Agent=[Mozilla/5.0 (X11; Linux x86_64) AppleWebKit/537.36 (KHTML, like Gecko) Chrome/60.0.3112.32 Safari/537.36]} headers={null=[HTTP/1.1 204 No Content], Content-Length=[0], Date=[Mon, 01 Jul 2019 22:42:48 GMT], X-Android-Received-Millis=[1562020967450], X-Android-Response-Source=[NETWORK 204], X-Android-Selected-Protocol=[http/1.1], X-Android-Sent-Millis=[1562020967381]}
07-01 18:42:47.455  1604 24969 D NetworkMonitor/NetworkAgentInfo [WIFI () - 101]: PROBE_HTTPS https://www.google.com/generate_204 time=68ms ret=204 request={User-Agent=[Mozilla/5.0 (X11; Linux x86_64) AppleWebKit/537.36 (KHTML, like Gecko) Chrome/60.0.3112.32 Safari/537.36]} headers={null=[HTTP/1.1 204 No Content], Alt-Svc=[quic=":443"; ma=2592000; v="46,44,43,39"], Content-Length=[0], Date=[Mon, 01 Jul 2019 22:42:48 GMT], X-Android-Received-Millis=[1562020967454], X-Android-Response-Source=[NETWORK 204], X-Android-Selected-Protocol=[http/1.1], X-Android-Sent-Millis=[1562020967386]}
07-01 18:42:47.456  1604  1682 D ConnectivityService: NetworkAgentInfo [WIFI () - 101] validation passed
07-01 18:42:47.606  1604  3712 I WifiService: getConnectionInfo uid=10014
07-01 18:42:47.876  1604  3712 I chatty  : uid=1000(system) Binder:1604_11 identical 1 line
07-01 18:42:47.930  1604  3712 I WifiService: getConnectionInfo uid=10014
07-01 18:42:48.847  1410  1410 I boot-pipe: done populating /dev/random
07-01 18:42:57.289  1604  1617 E memtrack: Couldn't load memtrack module
07-01 18:42:57.289  1604  1617 W android.os.Debug: failed to get memory consumption info: -1
07-01 18:42:57.327  1604  1617 E memtrack: Couldn't load memtrack module
07-01 18:42:57.327  1604  1617 W android.os.Debug: failed to get memory consumption info: -1
07-01 18:42:57.362  1604  1617 E memtrack: Couldn't load memtrack module
07-01 18:42:57.362  1604  1617 W android.os.Debug: failed to get memory consumption info: -1
07-01 18:43:00.035  1604  1617 I ProcessStatsService: Pruning old procstats: /data/system/procstats/state-2019-06-29-14-08-51.bin
07-01 18:43:00.045  1403  1418 D hwcomposer: hw_composer sent 6 syncs in 60s
07-01 18:43:00.671  1604  1678 W AlarmManager: Unrecognized alarm listener com.android.server.wifi.WifiConfigStore$1@223dfff
07-01 18:43:00.686  1604  7927 I WifiService: acquireWifiLock uid=10014 lockMode=2
07-01 18:43:00.689  1604  1678 D WifiConfigStore: Writing to stores completed in 18 ms.
07-01 18:43:03.663  1604  3712 D WificondControl: Scan result ready event
07-01 18:43:03.697  1970  1970 I GeofencerStateMachine: sendNewTransitions called.
07-01 18:43:03.713  1604  7927 I WifiService: releaseWifiLock uid=10014
07-01 18:43:12.694  1604  1621 I WifiService: requestActivityInfo uid=1000
07-01 18:43:12.694  1604  1621 I WifiService: reportActivityInfo uid=1000
07-01 18:43:12.694  1604  1621 I WifiService: getSupportedFeatures uid=1000
07-01 18:43:18.167  1604  1621 I WifiService: requestActivityInfo uid=1000
07-01 18:43:18.167  1604  1621 I WifiService: reportActivityInfo uid=1000
07-01 18:43:18.167  1604  1621 I WifiService: getSupportedFeatures uid=1000
07-01 18:43:18.187  1604  7927 I WifiService: getConnectionInfo uid=10014
07-01 18:43:21.709  1604  7927 I WifiService: acquireWifiLock uid=10014 lockMode=2
07-01 18:43:21.774  1604  1878 I WifiService: releaseWifiLock uid=10014
07-01 18:43:33.214  1604  1621 I WifiService: requestActivityInfo uid=1000
07-01 18:43:33.215  1604  1621 I WifiService: reportActivityInfo uid=1000
07-01 18:43:33.215  1604  1621 I WifiService: getSupportedFeatures uid=1000
07-01 18:43:41.725  1604  3712 I WifiService: acquireWifiLock uid=10014 lockMode=2
07-01 18:43:41.736 24986 24986 W zygote  : Unexpected CPU variant for X86 using defaults: x86
07-01 18:43:41.737  1604  1604 I ActivityManager: Start proc 24986:com.google.android.partnersetup/u0a17 for service com.google.android.partnersetup/.InstalledAppJobService
07-01 18:43:41.749  1604  1617 E memtrack: Couldn't load memtrack module
07-01 18:43:41.749  1604  1617 W android.os.Debug: failed to get memory consumption info: -1
07-01 18:43:41.789 24986 24986 I zygote  : The ClassLoaderContext is a special shared library.
07-01 18:43:41.897  1604  1617 E memtrack: Couldn't load memtrack module
07-01 18:43:41.897  1604  1617 W android.os.Debug: failed to get memory consumption info: -1
07-01 18:43:42.043  1604  1613 I zygote  : Background concurrent copying GC freed 38539(1735KB) AllocSpace objects, 13(700KB) LOS objects, 14% free, 36MB/42MB, paused 1.554ms total 324.137ms
07-01 18:43:44.703  1760  1760 I wpa_supplicant: nl80211: send_and_recv->nl_recvmsgs failed: -33
07-01 18:43:44.704  1604  3712 D WificondControl: Scan result ready event
07-01 18:43:44.755  1970  1970 I GeofencerStateMachine: sendNewTransitions called.
07-01 18:43:44.776  1604  3712 I WifiService: releaseWifiLock uid=10014
07-01 18:43:44.830  1970  1980 I zygote  : Background concurrent copying GC freed 91984(4MB) AllocSpace objects, 0(0B) LOS objects, 40% free, 8MB/14MB, paused 1.888ms total 100.760ms
07-01 18:43:48.849  1410  1410 I boot-pipe: done populating /dev/random
07-01 18:44:00.012  1403  1418 D hwcomposer: hw_composer sent 6 syncs in 60s
07-01 18:44:01.739  1604  3712 I WifiService: acquireWifiLock uid=10014 lockMode=2
07-01 18:44:01.784  1604  1878 I WifiService: releaseWifiLock uid=10014
07-01 18:44:22.772  1604  7927 I WifiService: acquireWifiLock uid=10014 lockMode=2
07-01 18:44:22.785  1604  1617 E memtrack: Couldn't load memtrack module
07-01 18:44:22.785  1604  1617 W android.os.Debug: failed to get memory consumption info: -1
07-01 18:44:25.762  1604  7927 D WificondControl: Scan result ready event
07-01 18:44:25.806  1604  7927 I WifiService: releaseWifiLock uid=10014
07-01 18:44:25.813  1970  1970 I GeofencerStateMachine: sendNewTransitions called.
07-01 18:44:42.788  1604  1878 I WifiService: acquireWifiLock uid=10014 lockMode=2
07-01 18:44:42.795  1604  1617 E memtrack: Couldn't load memtrack module
07-01 18:44:42.796  1604  1617 W android.os.Debug: failed to get memory consumption info: -1
07-01 18:44:42.834  1604  5750 I WifiService: releaseWifiLock uid=10014
07-01 18:44:48.852  1410  1410 I boot-pipe: done populating /dev/random
07-01 18:45:00.022  1403  1418 D hwcomposer: hw_composer sent 6 syncs in 60s
07-01 18:45:02.797  1604  3712 I WifiService: acquireWifiLock uid=10014 lockMode=2
07-01 18:45:05.762  1604  3712 D WificondControl: Scan result ready event
07-01 18:45:05.797  1604  2058 I WifiService: releaseWifiLock uid=10014
07-01 18:45:05.805  1970  1970 I GeofencerStateMachine: sendNewTransitions called.
07-01 18:45:08.196  1604  1617 E memtrack: Couldn't load memtrack module
07-01 18:45:08.196  1604  1617 W android.os.Debug: failed to get memory consumption info: -1
07-01 18:45:08.200  1604  2058 I WifiService: getConnectionInfo uid=10014
07-01 18:45:08.204  1970 24971 E WakeLock: GCM_HB_ALARM release without a matched acquire!
07-01 18:45:08.207  1604  1621 I WifiService: requestActivityInfo uid=1000
07-01 18:45:08.207  1604  1621 I WifiService: reportActivityInfo uid=1000
07-01 18:45:08.207  1604  1621 I WifiService: getSupportedFeatures uid=1000
07-01 18:45:08.276  1604  1617 E memtrack: Couldn't load memtrack module
07-01 18:45:08.276  1604  1617 W android.os.Debug: failed to get memory consumption info: -1
07-01 18:45:08.321  1970 24975 V NativeCrypto: Read error: ssl=0xad6add78: I/O error during system call, Connection reset by peer
07-01 18:45:08.325  1970 24975 V NativeCrypto: SSL shutdown failed: ssl=0xad6add78: I/O error during system call, Broken pipe
07-01 18:45:08.325  1970 24975 E WakeLock: GCM_HB_ALARM release without a matched acquire!
07-01 18:45:08.326  1970 24975 W WakeLock: GCM_HB_ALARM counter does not exist
07-01 18:45:08.330  1970 24975 W GCM     : Resetting heartbeat counters (at min), good=0 bad=2
07-01 18:45:08.334  1604  1682 D ConnectivityService: reportNetworkConnectivity(101, false) by 10014
07-01 18:45:08.334  1604  2952 D NetworkMonitor/NetworkAgentInfo [WIFI () - 101]: Forcing reevaluation for UID 10014
07-01 18:45:08.348  1604 25016 D NetworkMonitor/NetworkAgentInfo [WIFI () - 101]: PROBE_DNS connectivitycheck.gstatic.com 4ms OK 172.217.172.131,2800:3f0:4001:81a::2003
07-01 18:45:08.358  1604 25015 D NetworkMonitor/NetworkAgentInfo [WIFI () - 101]: PROBE_DNS www.google.com 12ms OK 172.217.28.228,2800:3f0:4001:801::2004
07-01 18:45:08.429  1604 25016 D NetworkMonitor/NetworkAgentInfo [WIFI () - 101]: PROBE_HTTP http://connectivitycheck.gstatic.com/generate_204 time=78ms ret=204 request={User-Agent=[Mozilla/5.0 (X11; Linux x86_64) AppleWebKit/537.36 (KHTML, like Gecko) Chrome/60.0.3112.32 Safari/537.36]} headers={null=[HTTP/1.1 204 No Content], Content-Length=[0], Date=[Mon, 01 Jul 2019 22:45:09 GMT], X-Android-Received-Millis=[1562021108429], X-Android-Response-Source=[NETWORK 204], X-Android-Selected-Protocol=[http/1.1], X-Android-Sent-Millis=[1562021108350]}
07-01 18:45:08.435  1604 25015 D NetworkMonitor/NetworkAgentInfo [WIFI () - 101]: PROBE_HTTPS https://www.google.com/generate_204 time=75ms ret=204 request={User-Agent=[Mozilla/5.0 (X11; Linux x86_64) AppleWebKit/537.36 (KHTML, like Gecko) Chrome/60.0.3112.32 Safari/537.36]} headers={null=[HTTP/1.1 204 No Content], Alt-Svc=[quic=":443"; ma=2592000; v="46,44,43,39"], Content-Length=[0], Date=[Mon, 01 Jul 2019 22:45:09 GMT], X-Android-Received-Millis=[1562021108435], X-Android-Response-Source=[NETWORK 204], X-Android-Selected-Protocol=[http/1.1], X-Android-Sent-Millis=[1562021108360]}
07-01 18:45:08.436  1604  1682 D ConnectivityService: NetworkAgentInfo [WIFI () - 101] validation passed
07-01 18:45:08.599  1604  3712 I WifiService: getConnectionInfo uid=10014
07-01 18:45:08.871  1604  3712 I chatty  : uid=1000(system) Binder:1604_11 identical 1 line
07-01 18:45:08.894  1604  3712 I WifiService: getConnectionInfo uid=10014
07-01 18:45:23.801  1604  1678 W AlarmManager: Unrecognized alarm listener com.android.server.wifi.WifiConfigStore$1@223dfff
07-01 18:45:23.821  1604  1678 D WifiConfigStore: Writing to stores completed in 20 ms.
07-01 18:45:23.826  1604  2058 I WifiService: acquireWifiLock uid=10014 lockMode=2
07-01 18:45:23.872  1604  1878 I WifiService: releaseWifiLock uid=10014
07-01 18:45:23.893  1604  1621 I WifiService: requestActivityInfo uid=1000
07-01 18:45:23.893  1604  1621 I WifiService: reportActivityInfo uid=1000
07-01 18:45:23.893  1604  1621 I WifiService: getSupportedFeatures uid=1000
07-01 18:45:28.401  1604  1621 I WifiService: requestActivityInfo uid=1000
07-01 18:45:28.401  1604  1621 I WifiService: reportActivityInfo uid=1000
07-01 18:45:28.402  1604  1621 I WifiService: getSupportedFeatures uid=1000
07-01 18:45:35.227  1604  7927 D ConnectivityService: Returning BLOCKED NetworkInfo to uid=10079
07-01 18:45:38.419  1604  1621 E BatteryExternalStatsWorker: modem info is invalid: ModemActivityInfo{ mTimestamp=0 mSleepTimeMs=0 mIdleTimeMs=0 mTxTimeMs[]=[0, 0, 0, 0, 0] mRxTimeMs=0 mEnergyUsed=0}
07-01 18:45:39.137  1604  7927 I WifiService: getConnectionInfo uid=10014
07-01 18:45:41.058 20345 20362 I Finsky  : [779] imb.run(3): Stats for Executor: BlockingExecutor ink@ee2e429[Running, pool size = 0, active threads = 0, queued tasks = 0, completed tasks = 13]
07-01 18:45:41.059 20345 20362 I Finsky  : [779] imb.run(3): Stats for Executor: LightweightExecutor ink@8d5d3ae[Running, pool size = 2, active threads = 0, queued tasks = 0, completed tasks = 63]
07-01 18:45:42.519 20345 20362 I Finsky  : [779] imb.run(3): Stats for Executor: bgExecutor ink@1e554f[Running, pool size = 4, active threads = 0, queued tasks = 0, completed tasks = 74]
07-01 18:45:43.835  1604  2058 I WifiService: acquireWifiLock uid=10014 lockMode=2
07-01 18:45:43.846  1604  2058 I ActivityManager: Killing 24420:com.google.android.videos/u0a74 (adj 906): empty for 1804s
07-01 18:45:43.848  1604  2058 I ActivityManager: Killing 24280:com.google.android.youtube/u0a79 (adj 906): empty for 1807s
07-01 18:45:43.849  1604  1620 W zygote  : kill(-24420, 9) failed: No such process
07-01 18:45:43.854  1604  1617 E memtrack: Couldn't load memtrack module
07-01 18:45:43.854  1604  1617 W android.os.Debug: failed to get memory consumption info: -1
07-01 18:45:43.893  1604  1620 W zygote  : kill(-24420, 9) failed: No such process
07-01 18:45:43.919  1604  4176 D ConnectivityService: ConnectivityService NetworkRequestInfo binderDied(NetworkRequest [ LISTEN id=60, [ Capabilities: INTERNET&NOT_RESTRICTED&TRUSTED&FOREGROUND] ], android.os.BinderProxy@a07327c)
07-01 18:45:43.933  1604  1620 W zygote  : kill(-24420, 9) failed: No such process
07-01 18:45:43.933  1604  1620 I zygote  : Successfully killed process cgroup uid 10074 pid 24420 in 84ms
07-01 18:45:43.933  1604  1620 W zygote  : kill(-24280, 9) failed: No such process
07-01 18:45:43.934  1604  1620 I zygote  : Successfully killed process cgroup uid 10079 pid 24280 in 0ms
07-01 18:45:43.957  1604  1617 E memtrack: Couldn't load memtrack module
07-01 18:45:43.957  1604  1617 W android.os.Debug: failed to get memory consumption info: -1
07-01 18:45:44.025  1604  1617 E memtrack: Couldn't load memtrack module
07-01 18:45:44.026  1604  1617 W android.os.Debug: failed to get memory consumption info: -1
07-01 18:45:44.065  1604  1617 E memtrack: Couldn't load memtrack module
07-01 18:45:44.065  1604  1617 W android.os.Debug: failed to get memory consumption info: -1
07-01 18:45:46.813  1604  1878 D WificondControl: Scan result ready event
07-01 18:45:46.849  1970  1970 I GeofencerStateMachine: sendNewTransitions called.
07-01 18:45:46.861  1604  1615 I WifiService: releaseWifiLock uid=10014
07-01 18:45:48.853  1410  1410 I boot-pipe: done populating /dev/random
07-01 18:45:58.935  1604  1621 I WifiService: requestActivityInfo uid=1000
07-01 18:45:58.935  1604  1621 I WifiService: reportActivityInfo uid=1000
07-01 18:45:58.935  1604  1621 I WifiService: getSupportedFeatures uid=1000
07-01 18:46:00.004  1604  1604 I ActivityManager: Killing 23460:com.mapswithme.maps.pro/u0a85 (adj 904): empty for 1806s
07-01 18:46:00.004  1604  1604 I ActivityManager: Killing 24468:com.google.android.gms.unstable/u0a14 (adj 904): empty for 1812s
07-01 18:46:00.005  1604  1604 I ActivityManager: Killing 23542:com.android.chrome:sandboxed_process0/u0a85i15 (adj 904): empty for 1806s
07-01 18:46:00.006  1604  1617 E memtrack: Couldn't load memtrack module
07-01 18:46:00.006  1604  1617 W android.os.Debug: failed to get memory consumption info: -1
07-01 18:46:00.021  1604  1620 W zygote  : kill(-23460, 9) failed: No such process
07-01 18:46:00.037  1403  1418 D hwcomposer: hw_composer sent 12 syncs in 60s
07-01 18:46:00.061  1604  3574 W ActivityManager: Scheduling restart of crashed service com.mapswithme.maps.pro/org.chromium.content.app.SandboxedProcessService0 in 1000ms
07-01 18:46:00.062  1604  1620 W zygote  : kill(-23460, 9) failed: No such process
07-01 18:46:00.078  1604  1621 E KernelCpuSpeedReader: Failed to read cpu-freq: /sys/devices/system/cpu/cpu0/cpufreq/stats/time_in_state (No such file or directory)
07-01 18:46:00.081  1604  1621 D KernelUidCpuTimeReader: Removing uids 99015-99015
07-01 18:46:00.145  1604  1854 D ConnectivityService: ConnectivityService NetworkRequestInfo binderDied(NetworkRequest [ LISTEN id=58, [ Capabilities: INTERNET&NOT_RESTRICTED&TRUSTED&FOREGROUND] ], android.os.BinderProxy@fa6635a)
07-01 18:46:00.113  1604  1620 W zygote  : kill(-23460, 9) failed: No such process
07-01 18:46:00.147  1604  1617 E memtrack: Couldn't load memtrack module
07-01 18:46:00.147  1604  1617 W android.os.Debug: failed to get memory consumption info: -1
07-01 18:46:00.161  1604  1620 W zygote  : kill(-23460, 9) failed: No such process
07-01 18:46:00.161  1604  1620 I zygote  : Successfully killed process cgroup uid 10085 pid 23460 in 140ms
07-01 18:46:00.175  1604  1620 W zygote  : kill(-24468, 9) failed: No such process
07-01 18:46:00.175  1604  1620 I zygote  : Successfully killed process cgroup uid 10014 pid 24468 in 0ms
07-01 18:46:00.175  1604  1620 W zygote  : Failed to open process cgroup uid 99015 pid 23542: No such file or directory
07-01 18:46:00.179  1604  1620 E zygote  : Error encountered killing process cgroup uid 99015 pid 23542: No such file or directory
07-01 18:46:00.218  1604  1617 E memtrack: Couldn't load memtrack module
07-01 18:46:00.218  1604  1617 W android.os.Debug: failed to get memory consumption info: -1
07-01 18:46:03.840  1604  3139 I WifiService: acquireWifiLock uid=10014 lockMode=2
07-01 18:46:03.908  1604  7927 I WifiService: releaseWifiLock uid=10014
07-01 18:46:04.126  1604  1613 I zygote  : Background concurrent copying GC freed 42641(2026KB) AllocSpace objects, 7(304KB) LOS objects, 14% free, 36MB/42MB, paused 762us total 248.242ms
07-01 18:46:24.862  1604  2230 I WifiService: acquireWifiLock uid=10014 lockMode=2
07-01 18:46:27.832  1604  1854 D WificondControl: Scan result ready event
07-01 18:46:27.870  1970  1970 I GeofencerStateMachine: sendNewTransitions called.
07-01 18:46:27.879  1604  1854 I WifiService: releaseWifiLock uid=10014
07-01 18:46:44.870  1604  3712 I WifiService: acquireWifiLock uid=10014 lockMode=2
07-01 18:46:44.909  1604  3139 I WifiService: releaseWifiLock uid=10014
07-01 18:46:48.696  1604  1621 I WifiService: requestActivityInfo uid=1000
07-01 18:46:48.697  1604  1621 I WifiService: reportActivityInfo uid=1000
07-01 18:46:48.697  1604  1621 I WifiService: getSupportedFeatures uid=1000
07-01 18:46:48.712  1604  3712 I WifiService: getConnectionInfo uid=10014
07-01 18:46:48.734  2180  2180 I GCM     : Message from 745476177629
07-01 18:46:48.854  1410  1410 I boot-pipe: done populating /dev/random
07-01 18:46:49.590 24629 25055 I zygote  : Deoptimizing aflh acoy.a(acpp, aclz, acmh, java.util.Collection) due to JIT same target
07-01 18:46:50.313 24629 24629 I zygote  : Deoptimizing java.lang.Object afiw.b(aflh) due to JIT inline cache
07-01 18:46:50.341 24629 24629 W ymr     : Already started: ymr@dd324b9
07-01 18:46:50.378 24629 24629 I zygote  : Deoptimizing void zxc.a(aaer, aaew) due to JIT inline cache
07-01 18:46:50.921 24629 25068 W zbe     : Attempted to read unclipped body before it was fetched for messageId: msg-f:1637876758305572974
07-01 18:46:51.052 24629 25068 W zbe     : Attempted to read unclipped body before it was fetched for messageId: msg-f:1637886550139484102
07-01 18:46:51.179 24629 25068 W zbe     : Attempted to read unclipped body before it was fetched for messageId: msg-f:1637894689224522310
07-01 18:46:51.329 24629 25068 W zbe     : Attempted to read unclipped body before it was fetched for messageId: msg-f:1637896574639417889
07-01 18:46:51.500 24629 25068 W zbe     : Attempted to read unclipped body before it was fetched for messageId: msg-f:1637897949461157963
07-01 18:46:51.623 24629 25051 I zygote  : Deoptimizing void agdq.a(java.lang.Iterable, java.util.List) due to JIT inline cache
07-01 18:46:51.914  2061  2074 I zygote  : NativeAlloc concurrent copying GC freed 3341(200KB) AllocSpace objects, 0(0B) LOS objects, 49% free, 4MB/8MB, paused 2.301ms total 121.861ms
07-01 18:46:52.045  1707  1707 W StaticLayout: maxLineHeight should not be -1.  maxLines:1 lineCount:1
07-01 18:46:52.046  1707  1707 W StaticLayout: maxLineHeight should not be -1.  maxLines:1 lineCount:1
07-01 18:46:52.079  1707  1729 I zygote  : NativeAlloc concurrent copying GC freed 63693(2MB) AllocSpace objects, 0(0B) LOS objects, 43% free, 7MB/13MB, paused 787us total 386.116ms
07-01 18:46:52.142  1707  1707 W StaticLayout: maxLineHeight should not be -1.  maxLines:1 lineCount:1
07-01 18:46:52.143  1707  1707 I chatty  : uid=10029(com.android.systemui) identical 1 line
07-01 18:46:52.144  1707  1707 W StaticLayout: maxLineHeight should not be -1.  maxLines:1 lineCount:1
07-01 18:46:52.178  1707 25072 I zygote  : IncrementDisableThreadFlip blocked for 69.326ms
07-01 18:46:52.198  1707  1707 W StaticLayout: maxLineHeight should not be -1.  maxLines:7 lineCount:7
07-01 18:46:52.374  1707  1707 I chatty  : uid=10029(com.android.systemui) identical 6 lines
07-01 18:46:52.376  1707  1707 W StaticLayout: maxLineHeight should not be -1.  maxLines:7 lineCount:7
07-01 18:46:52.388  1707  1729 I zygote  : NativeAlloc concurrent copying GC freed 10711(512KB) AllocSpace objects, 0(0B) LOS objects, 42% free, 8MB/14MB, paused 1.309ms total 288.854ms
07-01 18:46:52.471  1604  1613 I zygote  : NativeAlloc concurrent copying GC freed 27803(1449KB) AllocSpace objects, 6(408KB) LOS objects, 13% free, 37MB/43MB, paused 1.791ms total 788.003ms
07-01 18:46:52.522  1707  1707 W StaticLayout: maxLineHeight should not be -1.  maxLines:1 lineCount:1
07-01 18:46:52.526  1707  1707 W StaticLayout: maxLineHeight should not be -1.  maxLines:7 lineCount:7
07-01 18:46:52.527  1707  1707 W StaticLayout: maxLineHeight should not be -1.  maxLines:7 lineCount:7
07-01 18:46:52.528  1707  1707 W StaticLayout: maxLineHeight should not be -1.  maxLines:1 lineCount:1
07-01 18:47:00.017  1403  1418 D hwcomposer: hw_composer sent 12 syncs in 60s
07-01 18:47:04.879  1604  2230 I WifiService: acquireWifiLock uid=10014 lockMode=2
07-01 18:47:05.214  1604  1621 I WifiService: requestActivityInfo uid=1000
07-01 18:47:05.214  1604  1621 I WifiService: reportActivityInfo uid=1000
07-01 18:47:05.214  1604  1621 I WifiService: getSupportedFeatures uid=1000
07-01 18:47:07.853  1604  3712 D WificondControl: Scan result ready event
07-01 18:47:07.890  1970  1970 I GeofencerStateMachine: sendNewTransitions called.
07-01 18:47:07.891  1604  3712 I WifiService: releaseWifiLock uid=10014
07-01 18:47:25.897  1604  3712 I WifiService: acquireWifiLock uid=10014 lockMode=2
07-01 18:47:25.904  1604  1617 E memtrack: Couldn't load memtrack module
07-01 18:47:25.905  1604  1617 W android.os.Debug: failed to get memory consumption info: -1
07-01 18:47:25.955  1604  3712 I WifiService: releaseWifiLock uid=10014
07-01 18:47:25.979  1604  1617 E memtrack: Couldn't load memtrack module
07-01 18:47:25.979  1604  1617 W android.os.Debug: failed to get memory consumption info: -1
07-01 18:47:45.942  1604  1854 I WifiService: acquireWifiLock uid=10014 lockMode=2
07-01 18:47:45.952  1604  1617 E memtrack: Couldn't load memtrack module
07-01 18:47:45.952  1604  1617 W android.os.Debug: failed to get memory consumption info: -1
07-01 18:47:46.011  1604  1617 E memtrack: Couldn't load memtrack module
07-01 18:47:46.011  1604  1617 W android.os.Debug: failed to get memory consumption info: -1
07-01 18:47:46.074  1604  1617 E memtrack: Couldn't load memtrack module
07-01 18:47:46.074  1604  1617 W android.os.Debug: failed to get memory consumption info: -1
07-01 18:47:46.114  1604  1617 E memtrack: Couldn't load memtrack module
07-01 18:47:46.114  1604  1617 W android.os.Debug: failed to get memory consumption info: -1
07-01 18:47:48.856  1410  1410 I boot-pipe: done populating /dev/random
07-01 18:47:48.923  1604  2230 D WificondControl: Scan result ready event
07-01 18:47:48.957  1604  3139 I WifiService: releaseWifiLock uid=10014
07-01 18:47:48.967  1970  1970 I GeofencerStateMachine: sendNewTransitions called.
07-01 18:48:00.019  1403  1418 D hwcomposer: hw_composer sent 12 syncs in 60s
07-01 18:48:05.949  1604  3712 I WifiService: acquireWifiLock uid=10014 lockMode=2
07-01 18:48:05.996  1604  3139 I WifiService: releaseWifiLock uid=10014
07-01 18:48:26.970  1604  3139 I WifiService: acquireWifiLock uid=10014 lockMode=2
07-01 18:48:29.943  1604  2230 D WificondControl: Scan result ready event
07-01 18:48:29.986  1970  1970 I GeofencerStateMachine: sendNewTransitions called.
07-01 18:48:29.993  1604  3712 I WifiService: releaseWifiLock uid=10014
07-01 18:48:38.724  1604  2230 I WifiService: getConnectionInfo uid=10014
07-01 18:48:38.727  1970 25017 E WakeLock: GCM_HB_ALARM release without a matched acquire!
07-01 18:48:38.733  1604  1621 I WifiService: requestActivityInfo uid=1000
07-01 18:48:38.733  1604  1621 I WifiService: reportActivityInfo uid=1000
07-01 18:48:38.733  1604  1621 I WifiService: getSupportedFeatures uid=1000
07-01 18:48:38.838  1970 25021 V NativeCrypto: Read error: ssl=0xad6aae38: I/O error during system call, Connection reset by peer
07-01 18:48:38.840  1970 25021 V NativeCrypto: SSL shutdown failed: ssl=0xad6aae38: I/O error during system call, Broken pipe
07-01 18:48:38.841  1970 25021 E WakeLock: GCM_HB_ALARM release without a matched acquire!
07-01 18:48:38.841  1970 25021 W WakeLock: GCM_HB_ALARM counter does not exist
07-01 18:48:38.844  1604  1682 D ConnectivityService: reportNetworkConnectivity(101, false) by 10014
07-01 18:48:38.844  1604  2952 D NetworkMonitor/NetworkAgentInfo [WIFI () - 101]: Forcing reevaluation for UID 10014
07-01 18:48:38.889  1604 25088 D NetworkMonitor/NetworkAgentInfo [WIFI () - 101]: PROBE_DNS connectivitycheck.gstatic.com 39ms OK 172.217.172.131,2800:3f0:4001:81a::2003
07-01 18:48:38.890  1604 25087 D NetworkMonitor/NetworkAgentInfo [WIFI () - 101]: PROBE_DNS www.google.com 41ms OK 172.217.28.228,2800:3f0:4001:801::2004
07-01 18:48:38.959  1604 25087 D NetworkMonitor/NetworkAgentInfo [WIFI () - 101]: PROBE_HTTPS https://www.google.com/generate_204 time=67ms ret=204 request={User-Agent=[Mozilla/5.0 (X11; Linux x86_64) AppleWebKit/537.36 (KHTML, like Gecko) Chrome/60.0.3112.32 Safari/537.36]} headers={null=[HTTP/1.1 204 No Content], Alt-Svc=[quic=":443"; ma=2592000; v="46,44,43,39"], Content-Length=[0], Date=[Mon, 01 Jul 2019 22:48:39 GMT], X-Android-Received-Millis=[1562021318958], X-Android-Response-Source=[NETWORK 204], X-Android-Selected-Protocol=[http/1.1], X-Android-Sent-Millis=[1562021318891]}
07-01 18:48:38.960  1604  1682 D ConnectivityService: NetworkAgentInfo [WIFI () - 101] validation passed
07-01 18:48:38.966  1604 25088 D NetworkMonitor/NetworkAgentInfo [WIFI () - 101]: PROBE_HTTP http://connectivitycheck.gstatic.com/generate_204 time=72ms ret=204 request={User-Agent=[Mozilla/5.0 (X11; Linux x86_64) AppleWebKit/537.36 (KHTML, like Gecko) Chrome/60.0.3112.32 Safari/537.36]} headers={null=[HTTP/1.1 204 No Content], Content-Length=[0], Date=[Mon, 01 Jul 2019 22:48:39 GMT], X-Android-Received-Millis=[1562021318965], X-Android-Response-Source=[NETWORK 204], X-Android-Selected-Protocol=[http/1.1], X-Android-Sent-Millis=[1562021318894]}
07-01 18:48:39.125  1604  1854 I WifiService: getConnectionInfo uid=10014
07-01 18:48:39.409  1604  1854 I chatty  : uid=1000(system) Binder:1604_5 identical 1 line
07-01 18:48:39.424  1604  1854 I WifiService: getConnectionInfo uid=10014
07-01 18:48:41.062 20345 20362 I Finsky  : [779] imb.run(3): Stats for Executor: BlockingExecutor ink@ee2e429[Running, pool size = 0, active threads = 0, queued tasks = 0, completed tasks = 13]
07-01 18:48:41.062 20345 20362 I Finsky  : [779] imb.run(3): Stats for Executor: LightweightExecutor ink@8d5d3ae[Running, pool size = 2, active threads = 0, queued tasks = 0, completed tasks = 63]
07-01 18:48:42.522 20345 20362 I Finsky  : [779] imb.run(3): Stats for Executor: bgExecutor ink@1e554f[Running, pool size = 4, active threads = 0, queued tasks = 0, completed tasks = 74]
07-01 18:48:48.858  1410  1410 I boot-pipe: done populating /dev/random
07-01 18:48:48.965  1604  1678 W AlarmManager: Unrecognized alarm listener com.android.server.wifi.WifiConfigStore$1@223dfff
07-01 18:48:48.976  1604  1854 I WifiService: acquireWifiLock uid=10014 lockMode=2
07-01 18:48:48.983  1604  1678 D WifiConfigStore: Writing to stores completed in 19 ms.
07-01 18:48:49.017  1604  3139 I WifiService: releaseWifiLock uid=10014
07-01 18:48:54.454  1604  1621 I WifiService: requestActivityInfo uid=1000
07-01 18:48:54.454  1604  1621 I WifiService: reportActivityInfo uid=1000
07-01 18:48:54.454  1604  1621 I WifiService: getSupportedFeatures uid=1000
07-01 18:48:57.059  1604  1621 I WifiService: requestActivityInfo uid=1000
07-01 18:48:57.059  1604  1621 I WifiService: reportActivityInfo uid=1000
07-01 18:48:57.060  1604  1621 I WifiService: getSupportedFeatures uid=1000
07-01 18:49:00.017  1403  1418 D hwcomposer: hw_composer sent 6 syncs in 60s
07-01 18:49:08.989  1604  3712 I WifiService: acquireWifiLock uid=10014 lockMode=2
07-01 18:49:09.874  1604  1854 I WifiService: getConnectionInfo uid=10014
07-01 18:49:11.964  1604  1854 D WificondControl: Scan result ready event
07-01 18:49:12.022  1970  1970 I GeofencerStateMachine: sendNewTransitions called.
07-01 18:49:12.029  1604  3139 I WifiService: releaseWifiLock uid=10014
07-01 18:49:24.894  1604  1621 I WifiService: requestActivityInfo uid=1000
07-01 18:49:24.894  1604  1621 I WifiService: reportActivityInfo uid=1000
07-01 18:49:24.894  1604  1621 I WifiService: getSupportedFeatures uid=1000
07-01 18:49:30.015  1604  7927 I WifiService: acquireWifiLock uid=10014 lockMode=2
07-01 18:49:30.087  1604  7927 I WifiService: releaseWifiLock uid=10014
07-01 18:49:30.333  1604  1613 I zygote  : Background concurrent copying GC freed 64186(2MB) AllocSpace objects, 10(616KB) LOS objects, 14% free, 36MB/42MB, paused 2.923ms total 314.533ms
07-01 18:49:32.975  1604  2230 D WificondControl: Scan result ready event
07-01 18:49:48.861  1410  1410 I boot-pipe: done populating /dev/random
07-01 18:49:50.034  1604  2230 I WifiService: acquireWifiLock uid=10014 lockMode=2
07-01 18:49:50.038  1604  1617 E memtrack: Couldn't load memtrack module
07-01 18:49:50.038  1604  1617 W android.os.Debug: failed to get memory consumption info: -1
07-01 18:49:50.073  1970  1970 I GeofencerStateMachine: sendNewTransitions called.
07-01 18:49:50.087  1604  1854 I WifiService: releaseWifiLock uid=10014
07-01 18:49:50.124  1604  1617 E memtrack: Couldn't load memtrack module
07-01 18:49:50.124  1604  1617 W android.os.Debug: failed to get memory consumption info: -1
07-01 18:49:51.658  1604  1621 I WifiService: requestActivityInfo uid=1000
07-01 18:49:51.659  1604  1621 I WifiService: reportActivityInfo uid=1000
07-01 18:49:51.659  1604  1621 I WifiService: getSupportedFeatures uid=1000
07-01 18:50:00.022  1403  1418 D hwcomposer: hw_composer sent 6 syncs in 60s
