07-05 18:40:13.979  1604  4176 I ActivityManager: START u0 {act=android.intent.action.MAIN cat=[android.intent.category.LAUNCHER] flg=0x10200000 cmp=com.skgames.trafficrider/com.prime31.UnityPlayerNativeActivity} from uid 2000
07-05 18:40:13.989  1604  4176 W Binder  : Outgoing transactions from this process must be FLAG_ONEWAY
07-05 18:40:13.989  1604  4176 W Binder  : java.lang.Throwable
07-05 18:40:13.989  1604  4176 W Binder  : 	at android.os.BinderProxy.transact(Binder.java:752)
07-05 18:40:13.989  1604  4176 W Binder  : 	at android.app.IActivityController$Stub$Proxy.activityStarting(IActivityController.java:172)
07-05 18:40:13.989  1604  4176 W Binder  : 	at com.android.server.am.ActivityStarter.startActivity(ActivityStarter.java:449)
07-05 18:40:13.989  1604  4176 W Binder  : 	at com.android.server.am.ActivityStarter.startActivityLocked(ActivityStarter.java:278)
07-05 18:40:13.989  1604  4176 W Binder  : 	at com.android.server.am.ActivityStarter.startActivityMayWait(ActivityStarter.java:817)
07-05 18:40:13.989  1604  4176 W Binder  : 	at com.android.server.am.ActivityManagerService.startActivityAsUser(ActivityManagerService.java:4532)
07-05 18:40:13.989  1604  4176 W Binder  : 	at com.android.server.am.ActivityManagerService.startActivity(ActivityManagerService.java:4519)
07-05 18:40:13.989  1604  4176 W Binder  : 	at android.app.IActivityManager$Stub.onTransact(IActivityManager.java:121)
07-05 18:40:13.989  1604  4176 W Binder  : 	at com.android.server.am.ActivityManagerService.onTransact(ActivityManagerService.java:2919)
07-05 18:40:13.989  1604  4176 W Binder  : 	at android.os.Binder.execTransact(Binder.java:697)
07-05 18:40:14.013 10358 10427 I MicroDetectionWorker: #startMicroDetector [speakerMode: 0]
07-05 18:40:14.035 10358 10427 W ErrorReporter: reportError [type: 211, code: 393244, bug: 0]: errorCode: 393244, engine: 0
07-05 18:40:14.037 10358 10427 I MicroDetector: Keeping mic open: false
07-05 18:40:14.037 10358 10427 I MicroDetectionWorker: #onError(false)
07-05 18:40:14.076 12676 12676 I Monkey  : Events injected: 1
07-05 18:40:14.106  1403  1418 D hwcomposer: hw_composer sent 66 syncs in 81s
07-05 18:40:14.137  1604  2170 I ActivityManager: Start proc 12686:com.skgames.trafficrider/u0a81 for activity com.skgames.trafficrider/com.prime31.UnityPlayerNativeActivity
07-05 18:40:14.160 12686 12686 W zygote  : Unexpected CPU variant for X86 using defaults: x86
07-05 18:40:14.214  1402  1440 D gralloc_ranchu: gralloc_alloc: Creating ashmem region of size 8298496
07-05 18:40:14.276  1412  1412 E EGL_emulation: tid 1412: eglCreateSyncKHR(1962): error 0x3004 (EGL_BAD_ATTRIBUTE)
07-05 18:40:14.286  1604  1651 W LocalDisplayAdapter: Unable to find color mode 0, ignoring request.
07-05 18:40:14.353  1604  3139 I ActivityManager: Config changes=480 {1.0 310mcc260mnc [en_US] ldltr sw411dp w683dp h387dp 420dpi nrml land finger qwerty/v/v -nav/h appBounds=Rect(0, 0 - 1794, 1080) s.61}
07-05 18:40:14.365 28496 28496 I net.osmand: RoutingHelper Recalculate route, because correlation  : 214.74408039865548
07-05 18:40:14.366 28496 28496 I net.osmand: RoutingHelper Recalculate route, because wrong movement direction: 246.21614
07-05 18:40:14.404 28496 28496 I net.osmand: RoutingHelper Recalculate route, because correlation  : 214.74408039865548
07-05 18:40:14.405 28496 28496 I net.osmand: RoutingHelper Recalculate route, because wrong movement direction: 246.21614
07-05 18:40:14.508 28496 28496 I net.osmand: RoutingHelper Recalculate route, because correlation  : 214.74408039865548
07-05 18:40:14.617  1604  3139 I ActivityManager: Override config changes=480 {1.0 310mcc260mnc [en_US] ldltr sw411dp w683dp h387dp 420dpi nrml land finger qwerty/v/v -nav/h appBounds=Rect(0, 0 - 1794, 1080) s.61} for displayId=0
07-05 18:40:14.930  1604  3139 W ActivityManager: Slow operation: 585ms so far, now at attachApplicationLocked: after mServices.attachApplicationLocked
07-05 18:40:14.931  1604  1651 W LocalDisplayAdapter: Unable to find color mode 0, ignoring request.
07-05 18:40:14.596 28496 28496 I net.osmand: RoutingHelper Recalculate route, because correlation  : 214.74408039865548
07-05 18:40:14.943  1604  1651 I Choreographer: Skipped 49 frames!  The application may be doing too much work on its main thread.
07-05 18:40:14.971  2061  2124 D EGL_emulation: eglMakeCurrent: 0xa5806680: ver 2 0 (tinfo 0xa5803c60)
07-05 18:40:14.990  1604  1666 I InputReader: Reconfiguring input devices.  changes=0x00000004
07-05 18:40:14.991  1604  1666 I InputReader: Device reconfigured: id=0, name='qwerty2', size 1080x1920, orientation 1, mode 1, display id 0
07-05 18:40:14.997  1604  1666 I InputReader: Reconfiguring input devices.  changes=0x00000004
07-05 18:40:15.000  1604  1619 W Looper  : Dispatch took 917ms on android.ui, h=Handler (com.android.server.policy.PhoneWindowManager$PolicyHandler) {35d3375} cb=android.database.ContentObserver$NotificationRunnable@e46cbc5 msg=0
07-05 18:40:14.997  1604  1666 I InputReader: Reconfiguring input devices.  changes=0x00000004
07-05 18:40:15.000 12676 12676 I Monkey  : ## Network stats: elapsed time=142ms (0ms mobile, 0ms wifi, 142ms not connected)
07-05 18:40:15.005  1604  1666 I InputReader: Reconfiguring input devices.  changes=0x00000004
07-05 18:40:15.006  1402  1440 D gralloc_ranchu: gralloc_alloc: Creating ashmem region of size 8298496
07-05 18:40:15.010  1707  1707 I Choreographer: Skipped 39 frames!  The application may be doing too much work on its main thread.
07-05 18:40:15.136 12676 12676 I com.android.commands.monkey: System.exit called, status: 0
07-05 18:40:15.137 12676 12676 I AndroidRuntime: VM exiting with result code 0.
07-05 18:40:15.256  1604  1619 W Looper  : Dispatch took 219ms on android.ui, h=Handler (com.android.server.policy.PhoneWindowManager$PolicyHandler) {35d3375} cb=android.database.ContentObserver$NotificationRunnable@2242c4b msg=0
07-05 18:40:15.359  1604  1619 W Looper  : Dispatch took 103ms on android.ui, h=Handler (com.android.server.policy.PhoneWindowManager$PolicyHandler) {35d3375} cb=com.android.server.policy.PhoneWindowManager$MyOrientationListener$1@9b638df msg=0
07-05 18:40:15.468 28496 28496 I net.osmand: RoutingHelper Recalculate route, because correlation  : 214.74408039865548
07-05 18:40:15.468 28496 28496 I net.osmand: RoutingHelper Recalculate route, because wrong movement direction: 246.21614
07-05 18:40:15.547 28496 28496 I net.osmand: RoutingHelper Recalculate route, because correlation  : 214.74408039865548
07-05 18:40:15.858 28496 28496 I net.osmand: RoutingHelper Recalculate route, because correlation  : 214.74408039865548
07-05 18:40:15.858 28496 28496 I net.osmand: RoutingHelper Recalculate route, because wrong movement direction: 246.21614
07-05 18:40:15.939  1402  1440 D gralloc_ranchu: gralloc_alloc: Creating ashmem region of size 544768
07-05 18:40:15.972  1707  1933 D EGL_emulation: eglMakeCurrent: 0x91a91b00: ver 2 0 (tinfo 0x91b96990)
07-05 18:40:16.002 28496 28496 I net.osmand: RoutingHelper Recalculate route, because correlation  : 214.74408039865548
07-05 18:40:16.064  1402  1440 D gralloc_ranchu: gralloc_alloc: Creating ashmem region of size 544768
07-05 18:40:16.108 10358 10358 I Choreographer: Skipped 69 frames!  The application may be doing too much work on its main thread.
07-05 18:40:16.137 10358 12407 D EGL_emulation: eglMakeCurrent: 0xa5788e80: ver 2 0 (tinfo 0x8d123a20)
07-05 18:40:16.185  1604  1625 W WindowManager: Window freeze timeout expired.
07-05 18:40:16.185  1604  1625 W WindowManager: Force clearing orientation change: Window{8a752c8 u0 StatusBar}
07-05 18:40:16.185  1604  1625 W WindowManager: Force clearing orientation change: Window{43e4a0e u0 Splash Screen com.skgames.trafficrider}
07-05 18:40:16.185  1604  1625 W WindowManager: Force clearing orientation change: Window{c572d8a u0 com.google.android.apps.nexuslauncher/com.google.android.apps.nexuslauncher.NexusLauncherActivity}
07-05 18:40:16.186  1604  1625 W WindowManager: Force clearing orientation change: Window{8b0e3ed u0 com.android.systemui.ImageWallpaper}
07-05 18:40:16.186  1604  1625 W LocalDisplayAdapter: Unable to find color mode 0, ignoring request.
07-05 18:40:16.196  1604  1666 I InputReader: Reconfiguring input devices.  changes=0x00000004
07-05 18:40:16.358  1604  1625 W WindowManager: App freeze timeout expired.
07-05 18:40:16.358  1604  1625 W WindowManager: Force clearing freeze: AppWindowToken{de9fc2f token=Token{e5dfd1 ActivityRecord{7a6cef8 u0 com.skgames.trafficrider/com.prime31.UnityPlayerNativeActivity t44}}}
07-05 18:40:16.360  1604  1625 I WindowManager: Screen frozen for +2s190ms due to Window{8a752c8 u0 StatusBar}
07-05 18:40:16.384  1701  1701 I KeyboardViewUtil: systemKeyboardHeightRatio:1.000000; userKeyboardHeightRatio:1.000000.
07-05 18:40:16.415  1412  1412 D SurfaceFlinger: duplicate layer name: changing BlackSurface to BlackSurface#1
07-05 18:40:16.449 12686 12686 I Prime31 : found Activity proxy class: class com.prime31.PlayGameServicesPlugin
07-05 18:40:16.456 12686 12686 I Prime31 : found Activity proxy class: class com.prime31.EtceteraPlugin
07-05 18:40:16.458 12686 12686 I Prime31 : force checked for decor view: DecorView@a0c87c5[]
07-05 18:40:16.458 12686 12686 I Prime31 : onCreate. calling through to init
07-05 18:40:16.478  1402  1440 D gralloc_ranchu: gralloc_alloc: Creating ashmem region of size 8298496
07-05 18:40:16.488 12686 12686 I Prime31 : leaving CLIENT_SNAPSHOT support in requested clients
07-05 18:40:16.496 28496 28496 I net.osmand: RoutingHelper Recalculate route, because correlation  : 214.74408039865548
07-05 18:40:16.496 28496 28496 I net.osmand: RoutingHelper Recalculate route, because wrong movement direction: 246.21614
07-05 18:40:16.518 12686 12686 D Prime31-GH: GameHelper: Debug log enabled.
07-05 18:40:16.518 12686 12686 D Prime31-GH: GameHelper: Forcing mConnectOnStart=false
07-05 18:40:16.518 12686 12686 I Prime31 : setting connectOnStart to false due to Play SDK bug where silent authentication is not always silent and displays some UI.
07-05 18:40:16.522 12686 12686 I Prime31 : init. calling through to GameHelper.setup
07-05 18:40:16.551 12686 12686 I zygote  : Rejecting re-init on previously-failed class java.lang.Class<android.support.v4.app.SupportActivity>: java.lang.NoClassDefFoundError: Failed resolution of: Landroid/arch/lifecycle/LifecycleOwner;
07-05 18:40:16.552 12686 12686 I zygote  :   at com.google.android.gms.common.api.GoogleApiClient$Builder com.prime31.GameHelper.createApiClientBuilder() (GameHelper.java:272)
07-05 18:40:16.552 12686 12686 I zygote  :   at void com.prime31.GameHelper.setup(com.prime31.GameHelper$GameHelperListener) (GameHelper.java:320)
07-05 18:40:16.552 12686 12686 I zygote  :   at void com.prime31.PlayGameServicesPlugin.initImpl() (PlayGameServicesPlugin.java:842)
07-05 18:40:16.552 12686 12686 I zygote  :   at void com.prime31.PlayGameServicesPlugin.onCreate(android.os.Bundle) (PlayGameServicesPlugin.java:576)
07-05 18:40:16.552 12686 12686 I zygote  :   at java.lang.Object java.lang.reflect.Method.invoke(java.lang.Object, java.lang.Object[]) (Method.java:-2)
07-05 18:40:16.552 12686 12686 I zygote  :   at void com.prime31.ActivityProxyObjectHelper.onCreate(android.os.Bundle) (ActivityProxyObjectHelper.java:81)
07-05 18:40:16.552 12686 12686 I zygote  :   at void com.prime31.UnityPlayerNativeActivity.onCreate(android.os.Bundle) (UnityPlayerNativeActivity.java:24)
07-05 18:40:16.552 12686 12686 I zygote  :   at void android.app.Activity.performCreate(android.os.Bundle, android.os.PersistableBundle) (Activity.java:7009)
07-05 18:40:16.552 12686 12686 I zygote  :   at void android.app.Activity.performCreate(android.os.Bundle) (Activity.java:7000)
07-05 18:40:16.552 12686 12686 I zygote  :   at void android.app.Instrumentation.callActivityOnCreate(android.app.Activity, android.os.Bundle) (Instrumentation.java:1214)
07-05 18:40:16.552 12686 12686 I zygote  :   at android.app.Activity android.app.ActivityThread.performLaunchActivity(android.app.ActivityThread$ActivityClientRecord, android.content.Intent) (ActivityThread.java:2731)
07-05 18:40:16.552 12686 12686 I zygote  :   at void android.app.ActivityThread.handleLaunchActivity(android.app.ActivityThread$ActivityClientRecord, android.content.Intent, java.lang.String) (ActivityThread.java:2856)
07-05 18:40:16.552 12686 12686 I zygote  :   at void android.app.ActivityThread.-wrap11(android.app.ActivityThread, android.app.ActivityThread$ActivityClientRecord, android.content.Intent, java.lang.String) (ActivityThread.java:-1)
07-05 18:40:16.552 12686 12686 I zygote  :   at void android.app.ActivityThread$H.handleMessage(android.os.Message) (ActivityThread.java:1589)
07-05 18:40:16.552 12686 12686 I zygote  :   at void android.os.Handler.dispatchMessage(android.os.Message) (Handler.java:106)
07-05 18:40:16.552 12686 12686 I zygote  :   at void android.os.Looper.loop() (Looper.java:164)
07-05 18:40:16.552 12686 12686 I zygote  :   at void android.app.ActivityThread.main(java.lang.String[]) (ActivityThread.java:6494)
07-05 18:40:16.552 12686 12686 I zygote  :   at java.lang.Object java.lang.reflect.Method.invoke(java.lang.Object, java.lang.Object[]) (Method.java:-2)
07-05 18:40:16.552 12686 12686 I zygote  :   at void com.android.internal.os.RuntimeInit$MethodAndArgsCaller.run() (RuntimeInit.java:438)
07-05 18:40:16.552 12686 12686 I zygote  :   at void com.android.internal.os.ZygoteInit.main(java.lang.String[]) (ZygoteInit.java:807)
07-05 18:40:16.552 12686 12686 I zygote  : Caused by: java.lang.ClassNotFoundException: Didn't find class "android.arch.lifecycle.LifecycleOwner" on path: DexPathList[[zip file "/data/app/com.skgames.trafficrider-8MkMJgIy5hnw5CqDvUue2A==/base.apk"],nativeLibraryDirectories=[/data/app/com.skgames.trafficrider-8MkMJgIy5hnw5CqDvUue2A==/lib/x86, /data/app/com.skgames.trafficrider-8MkMJgIy5hnw5CqDvUue2A==/base.apk!/lib/x86, /system/lib, /vendor/lib]]
07-05 18:40:16.552 12686 12686 I zygote  :   at java.lang.Class dalvik.system.BaseDexClassLoader.findClass(java.lang.String) (BaseDexClassLoader.java:125)
07-05 18:40:16.552 12686 12686 I zygote  :   at java.lang.Class java.lang.ClassLoader.loadClass(java.lang.String, boolean) (ClassLoader.java:379)
07-05 18:40:16.552 12686 12686 I zygote  :   at java.lang.Class java.lang.ClassLoader.loadClass(java.lang.String) (ClassLoader.java:312)
07-05 18:40:16.552 12686 12686 I zygote  :   at com.google.android.gms.common.api.GoogleApiClient$Builder com.prime31.GameHelper.createApiClientBuilder() (GameHelper.java:272)
07-05 18:40:16.553 12686 12686 I zygote  :   at void com.prime31.GameHelper.setup(com.prime31.GameHelper$GameHelperListener) (GameHelper.java:320)
07-05 18:40:16.553 12686 12686 I zygote  :   at void com.prime31.PlayGameServicesPlugin.initImpl() (PlayGameServicesPlugin.java:842)
07-05 18:40:16.553 12686 12686 I zygote  :   at void com.prime31.PlayGameServicesPlugin.onCreate(android.os.Bundle) (PlayGameServicesPlugin.java:576)
07-05 18:40:16.553 12686 12686 I zygote  :   at java.lang.Object java.lang.reflect.Method.invoke(java.lang.Object, java.lang.Object[]) (Method.java:-2)
07-05 18:40:16.553 12686 12686 I zygote  :   at void com.prime31.ActivityProxyObjectHelper.onCreate(android.os.Bundle) (ActivityProxyObjectHelper.java:81)
07-05 18:40:16.553 12686 12686 I zygote  :   at void com.prime31.UnityPlayerNativeActivity.onCreate(android.os.Bundle) (UnityPlayerNativeActivity.java:24)
07-05 18:40:16.553 12686 12686 I zygote  :   at void android.app.Activity.performCreate(android.os.Bundle, android.os.PersistableBundle) (Activity.java:7009)
07-05 18:40:16.553 12686 12686 I zygote  :   at void android.app.Activity.performCreate(android.os.Bundle) (Activity.java:7000)
07-05 18:40:16.553 12686 12686 I zygote  :   at void android.app.Instrumentation.callActivityOnCreate(android.app.Activity, android.os.Bundle) (Instrumentation.java:1214)
07-05 18:40:16.553 12686 12686 I zygote  :   at android.app.Activity android.app.ActivityThread.performLaunchActivity(android.app.ActivityThread$ActivityClientRecord, android.content.Intent) (ActivityThread.java:2731)
07-05 18:40:16.553 12686 12686 I zygote  :   at void android.app.ActivityThread.handleLaunchActivity(android.app.ActivityThread$ActivityClientRecord, android.content.Intent, java.lang.String) (ActivityThread.java:2856)
07-05 18:40:16.553 12686 12686 I zygote  :   at void android.app.ActivityThread.-wrap11(android.app.ActivityThread, android.app.ActivityThread$ActivityClientRecord, android.content.Intent, java.lang.String) (ActivityThread.java:-1)
07-05 18:40:16.553 12686 12686 I zygote  :   at void android.app.ActivityThread$H.handleMessage(android.os.Message) (ActivityThread.java:1589)
07-05 18:40:16.553 12686 12686 I zygote  :   at void android.os.Handler.dispatchMessage(android.os.Message) (Handler.java:106)
07-05 18:40:16.553 12686 12686 I zygote  :   at void android.os.Looper.loop() (Looper.java:164)
07-05 18:40:16.553 12686 12686 I zygote  :   at void android.app.ActivityThread.main(java.lang.String[]) (ActivityThread.java:6494)
07-05 18:40:16.553 12686 12686 I zygote  :   at java.lang.Object java.lang.reflect.Method.invoke(java.lang.Object, java.lang.Object[]) (Method.java:-2)
07-05 18:40:16.553 12686 12686 I zygote  :   at void com.android.internal.os.RuntimeInit$MethodAndArgsCaller.run() (RuntimeInit.java:438)
07-05 18:40:16.553 12686 12686 I zygote  :   at void com.android.internal.os.ZygoteInit.main(java.lang.String[]) (ZygoteInit.java:807)
07-05 18:40:16.553 12686 12686 I zygote  : 
07-05 18:40:16.555 12686 12686 I zygote  : Rejecting re-init on previously-failed class java.lang.Class<android.support.v4.app.BaseFragmentActivityApi14>: java.lang.NoClassDefFoundError: Failed resolution of: Landroid/support/v4/app/SupportActivity;
07-05 18:40:16.555 12686 12686 I zygote  :   at com.google.android.gms.common.api.GoogleApiClient$Builder com.prime31.GameHelper.createApiClientBuilder() (GameHelper.java:272)
07-05 18:40:16.555 12686 12686 I zygote  :   at void com.prime31.GameHelper.setup(com.prime31.GameHelper$GameHelperListener) (GameHelper.java:320)
07-05 18:40:16.555 12686 12686 I zygote  :   at void com.prime31.PlayGameServicesPlugin.initImpl() (PlayGameServicesPlugin.java:842)
07-05 18:40:16.555 12686 12686 I zygote  :   at void com.prime31.PlayGameServicesPlugin.onCreate(android.os.Bundle) (PlayGameServicesPlugin.java:576)
07-05 18:40:16.555 12686 12686 I zygote  :   at java.lang.Object java.lang.reflect.Method.invoke(java.lang.Object, java.lang.Object[]) (Method.java:-2)
07-05 18:40:16.555 12686 12686 I zygote  :   at void com.prime31.ActivityProxyObjectHelper.onCreate(android.os.Bundle) (ActivityProxyObjectHelper.java:81)
07-05 18:40:16.555 12686 12686 I zygote  :   at void com.prime31.UnityPlayerNativeActivity.onCreate(android.os.Bundle) (UnityPlayerNativeActivity.java:24)
07-05 18:40:16.555 12686 12686 I zygote  :   at void android.app.Activity.performCreate(android.os.Bundle, android.os.PersistableBundle) (Activity.java:7009)
07-05 18:40:16.555 12686 12686 I zygote  :   at void android.app.Activity.performCreate(android.os.Bundle) (Activity.java:7000)
07-05 18:40:16.555 12686 12686 I zygote  :   at void android.app.Instrumentation.callActivityOnCreate(android.app.Activity, android.os.Bundle) (Instrumentation.java:1214)
07-05 18:40:16.555 12686 12686 I zygote  :   at android.app.Activity android.app.ActivityThread.performLaunchActivity(android.app.ActivityThread$ActivityClientRecord, android.content.Intent) (ActivityThread.java:2731)
07-05 18:40:16.555 12686 12686 I zygote  :   at void android.app.ActivityThread.handleLaunchActivity(android.app.ActivityThread$ActivityClientRecord, android.content.Intent, java.lang.String) (ActivityThread.java:2856)
07-05 18:40:16.555 12686 12686 I zygote  :   at void android.app.ActivityThread.-wrap11(android.app.ActivityThread, android.app.ActivityThread$ActivityClientRecord, android.content.Intent, java.lang.String) (ActivityThread.java:-1)
07-05 18:40:16.555 12686 12686 I zygote  :   at void android.app.ActivityThread$H.handleMessage(android.os.Message) (ActivityThread.java:1589)
07-05 18:40:16.555 12686 12686 I zygote  :   at void android.os.Handler.dispatchMessage(android.os.Message) (Handler.java:106)
07-05 18:40:16.555 12686 12686 I zygote  :   at void android.os.Looper.loop() (Looper.java:164)
07-05 18:40:16.555 12686 12686 I zygote  :   at void android.app.ActivityThread.main(java.lang.String[]) (ActivityThread.java:6494)
07-05 18:40:16.555 12686 12686 I zygote  :   at java.lang.Object java.lang.reflect.Method.invoke(java.lang.Object, java.lang.Object[]) (Method.java:-2)
07-05 18:40:16.556 12686 12686 I zygote  :   at void com.android.internal.os.RuntimeInit$MethodAndArgsCaller.run() (RuntimeInit.java:438)
07-05 18:40:16.556 12686 12686 I zygote  :   at void com.android.internal.os.ZygoteInit.main(java.lang.String[]) (ZygoteInit.java:807)
07-05 18:40:16.556 12686 12686 I zygote  : Caused by: java.lang.ClassNotFoundException: android.support.v4.app.SupportActivity
07-05 18:40:16.556 12686 12686 I zygote  :   at java.lang.Class java.lang.VMClassLoader.findLoadedClass(java.lang.ClassLoader, java.lang.String) (VMClassLoader.java:-2)
07-05 18:40:16.556 12686 12686 I zygote  :   at java.lang.Class java.lang.ClassLoader.findLoadedClass(java.lang.String) (ClassLoader.java:738)
07-05 18:40:16.556 12686 12686 I zygote  :   at java.lang.Class java.lang.ClassLoader.loadClass(java.lang.String, boolean) (ClassLoader.java:363)
07-05 18:40:16.557 12686 12686 I zygote  :   at java.lang.Class java.lang.ClassLoader.loadClass(java.lang.String) (ClassLoader.java:312)
07-05 18:40:16.557 12686 12686 I zygote  :   at com.google.android.gms.common.api.GoogleApiClient$Builder com.prime31.GameHelper.createApiClientBuilder() (GameHelper.java:272)
07-05 18:40:16.557 12686 12686 I zygote  :   at void com.prime31.GameHelper.setup(com.prime31.GameHelper$GameHelperListener) (GameHelper.java:320)
07-05 18:40:16.557 12686 12686 I zygote  :   at void com.prime31.PlayGameServicesPlugin.initImpl() (PlayGameServicesPlugin.java:842)
07-05 18:40:16.557 12686 12686 I zygote  :   at void com.prime31.PlayGameServicesPlugin.onCreate(android.os.Bundle) (PlayGameServicesPlugin.java:576)
07-05 18:40:16.557 12686 12686 I zygote  :   at java.lang.Object java.lang.reflect.Method.invoke(java.lang.Object, java.lang.Object[]) (Method.java:-2)
07-05 18:40:16.557 12686 12686 I zygote  :   at void com.prime31.ActivityProxyObjectHelper.onCreate(android.os.Bundle) (ActivityProxyObjectHelper.java:81)
07-05 18:40:16.557 12686 12686 I zygote  :   at void com.prime31.UnityPlayerNativeActivity.onCreate(android.os.Bundle) (UnityPlayerNativeActivity.java:24)
07-05 18:40:16.557 12686 12686 I zygote  :   at void android.app.Activity.performCreate(android.os.Bundle, android.os.PersistableBundle) (Activity.java:7009)
07-05 18:40:16.558 12686 12686 I zygote  :   at void android.app.Activity.performCreate(android.os.Bundle) (Activity.java:7000)
07-05 18:40:16.558 12686 12686 I zygote  :   at void android.app.Instrumentation.callActivityOnCreate(android.app.Activity, android.os.Bundle) (Instrumentation.java:1214)
07-05 18:40:16.558 12686 12686 I zygote  :   at android.app.Activity android.app.ActivityThread.performLaunchActivity(android.app.ActivityThread$ActivityClientRecord, android.content.Intent) (ActivityThread.java:2731)
07-05 18:40:16.558 12686 12686 I zygote  :   at void android.app.ActivityThread.handleLaunchActivity(android.app.ActivityThread$ActivityClientRecord, android.content.Intent, java.lang.String) (ActivityThread.java:2856)
07-05 18:40:16.558 12686 12686 I zygote  :   at void android.app.ActivityThread.-wrap11(android.app.ActivityThread, android.app.ActivityThread$ActivityClientRecord, android.content.Intent, java.lang.String) (ActivityThread.java:-1)
07-05 18:40:16.558 12686 12686 I zygote  :   at void android.app.ActivityThread$H.handleMessage(android.os.Message) (ActivityThread.java:1589)
07-05 18:40:16.558 12686 12686 I zygote  :   at void android.os.Handler.dispatchMessage(android.os.Message) (Handler.java:106)
07-05 18:40:16.558 12686 12686 I zygote  :   at void android.os.Looper.loop() (Looper.java:164)
07-05 18:40:16.558 12686 12686 I zygote  :   at void android.app.ActivityThread.main(java.lang.String[]) (ActivityThread.java:6494)
07-05 18:40:16.558 12686 12686 I zygote  :   at java.lang.Object java.lang.reflect.Method.invoke(java.lang.Object, java.lang.Object[]) (Method.java:-2)
07-05 18:40:16.558 12686 12686 I zygote  :   at void com.android.internal.os.RuntimeInit$MethodAndArgsCaller.run() (RuntimeInit.java:438)
07-05 18:40:16.558 12686 12686 I zygote  :   at void com.android.internal.os.ZygoteInit.main(java.lang.String[]) (ZygoteInit.java:807)
07-05 18:40:16.558 12686 12686 I zygote  : 
07-05 18:40:16.559 12686 12686 I zygote  : Rejecting re-init on previously-failed class java.lang.Class<android.support.v4.app.BaseFragmentActivityApi16>: java.lang.NoClassDefFoundError: Failed resolution of: Landroid/support/v4/app/BaseFragmentActivityApi14;
07-05 18:40:16.559 12686 12686 I zygote  :   at com.google.android.gms.common.api.GoogleApiClient$Builder com.prime31.GameHelper.createApiClientBuilder() (GameHelper.java:272)
07-05 18:40:16.559 12686 12686 I zygote  :   at void com.prime31.GameHelper.setup(com.prime31.GameHelper$GameHelperListener) (GameHelper.java:320)
07-05 18:40:16.559 12686 12686 I zygote  :   at void com.prime31.PlayGameServicesPlugin.initImpl() (PlayGameServicesPlugin.java:842)
07-05 18:40:16.559 12686 12686 I zygote  :   at void com.prime31.PlayGameServicesPlugin.onCreate(android.os.Bundle) (PlayGameServicesPlugin.java:576)
07-05 18:40:16.559 12686 12686 I zygote  :   at java.lang.Object java.lang.reflect.Method.invoke(java.lang.Object, java.lang.Object[]) (Method.java:-2)
07-05 18:40:16.559 12686 12686 I zygote  :   at void com.prime31.ActivityProxyObjectHelper.onCreate(android.os.Bundle) (ActivityProxyObjectHelper.java:81)
07-05 18:40:16.559 12686 12686 I zygote  :   at void com.prime31.UnityPlayerNativeActivity.onCreate(android.os.Bundle) (UnityPlayerNativeActivity.java:24)
07-05 18:40:16.559 12686 12686 I zygote  :   at void android.app.Activity.performCreate(android.os.Bundle, android.os.PersistableBundle) (Activity.java:7009)
07-05 18:40:16.560 12686 12686 I zygote  :   at void android.app.Activity.performCreate(android.os.Bundle) (Activity.java:7000)
07-05 18:40:16.560 12686 12686 I zygote  :   at void android.app.Instrumentation.callActivityOnCreate(android.app.Activity, android.os.Bundle) (Instrumentation.java:1214)
07-05 18:40:16.560 12686 12686 I zygote  :   at android.app.Activity android.app.ActivityThread.performLaunchActivity(android.app.ActivityThread$ActivityClientRecord, android.content.Intent) (ActivityThread.java:2731)
07-05 18:40:16.560 12686 12686 I zygote  :   at void android.app.ActivityThread.handleLaunchActivity(android.app.ActivityThread$ActivityClientRecord, android.content.Intent, java.lang.String) (ActivityThread.java:2856)
07-05 18:40:16.560 12686 12686 I zygote  :   at void android.app.ActivityThread.-wrap11(android.app.ActivityThread, android.app.ActivityThread$ActivityClientRecord, android.content.Intent, java.lang.String) (ActivityThread.java:-1)
07-05 18:40:16.560 12686 12686 I zygote  :   at void android.app.ActivityThread$H.handleMessage(android.os.Message) (ActivityThread.java:1589)
07-05 18:40:16.560 12686 12686 I zygote  :   at void android.os.Handler.dispatchMessage(android.os.Message) (Handler.java:106)
07-05 18:40:16.560 12686 12686 I zygote  :   at void android.os.Looper.loop() (Looper.java:164)
07-05 18:40:16.560 12686 12686 I zygote  :   at void android.app.ActivityThread.main(java.lang.String[]) (ActivityThread.java:6494)
07-05 18:40:16.560 12686 12686 I zygote  :   at java.lang.Object java.lang.reflect.Method.invoke(java.lang.Object, java.lang.Object[]) (Method.java:-2)
07-05 18:40:16.560 12686 12686 I zygote  :   at void com.android.internal.os.RuntimeInit$MethodAndArgsCaller.run() (RuntimeInit.java:438)
07-05 18:40:16.560 12686 12686 I zygote  :   at void com.android.internal.os.ZygoteInit.main(java.lang.String[]) (ZygoteInit.java:807)
07-05 18:40:16.560 12686 12686 I zygote  : Caused by: java.lang.ClassNotFoundException: android.support.v4.app.BaseFragmentActivityApi14
07-05 18:40:16.560 12686 12686 I zygote  :   at java.lang.Class java.lang.VMClassLoader.findLoadedClass(java.lang.ClassLoader, java.lang.String) (VMClassLoader.java:-2)
07-05 18:40:16.560 12686 12686 I zygote  :   at java.lang.Class java.lang.ClassLoader.findLoadedClass(java.lang.String) (ClassLoader.java:738)
07-05 18:40:16.560 12686 12686 I zygote  :   at java.lang.Class java.lang.ClassLoader.loadClass(java.lang.String, boolean) (ClassLoader.java:363)
07-05 18:40:16.560 12686 12686 I zygote  :   at java.lang.Class java.lang.ClassLoader.loadClass(java.lang.String) (ClassLoader.java:312)
07-05 18:40:16.560 12686 12686 I zygote  :   at com.google.android.gms.common.api.GoogleApiClient$Builder com.prime31.GameHelper.createApiClientBuilder() (GameHelper.java:272)
07-05 18:40:16.560 12686 12686 I zygote  :   at void com.prime31.GameHelper.setup(com.prime31.GameHelper$GameHelperListener) (GameHelper.java:320)
07-05 18:40:16.560 12686 12686 I zygote  :   at void com.prime31.PlayGameServicesPlugin.initImpl() (PlayGameServicesPlugin.java:842)
07-05 18:40:16.560 12686 12686 I zygote  :   at void com.prime31.PlayGameServicesPlugin.onCreate(android.os.Bundle) (PlayGameServicesPlugin.java:576)
07-05 18:40:16.560 12686 12686 I zygote  :   at java.lang.Object java.lang.reflect.Method.invoke(java.lang.Object, java.lang.Object[]) (Method.java:-2)
07-05 18:40:16.560 12686 12686 I zygote  :   at void com.prime31.ActivityProxyObjectHelper.onCreate(android.os.Bundle) (ActivityProxyObjectHelper.java:81)
07-05 18:40:16.560 12686 12686 I zygote  :   at void com.prime31.UnityPlayerNativeActivity.onCreate(android.os.Bundle) (UnityPlayerNativeActivity.java:24)
07-05 18:40:16.560 12686 12686 I zygote  :   at void android.app.Activity.performCreate(android.os.Bundle, android.os.PersistableBundle) (Activity.java:7009)
07-05 18:40:16.560 12686 12686 I zygote  :   at void android.app.Activity.performCreate(android.os.Bundle) (Activity.java:7000)
07-05 18:40:16.560 12686 12686 I zygote  :   at void android.app.Instrumentation.callActivityOnCreate(android.app.Activity, android.os.Bundle) (Instrumentation.java:1214)
07-05 18:40:16.561 12686 12686 I zygote  :   at android.app.Activity android.app.ActivityThread.performLaunchActivity(android.app.ActivityThread$ActivityClientRecord, android.content.Intent) (ActivityThread.java:2731)
07-05 18:40:16.561 12686 12686 I zygote  :   at void android.app.ActivityThread.handleLaunchActivity(android.app.ActivityThread$ActivityClientRecord, android.content.Intent, java.lang.String) (ActivityThread.java:2856)
07-05 18:40:16.561 12686 12686 I zygote  :   at void android.app.ActivityThread.-wrap11(android.app.ActivityThread, android.app.ActivityThread$ActivityClientRecord, android.content.Intent, java.lang.String) (ActivityThread.java:-1)
07-05 18:40:16.561 12686 12686 I zygote  :   at void android.app.ActivityThread$H.handleMessage(android.os.Message) (ActivityThread.java:1589)
07-05 18:40:16.561 12686 12686 I zygote  :   at void android.os.Handler.dispatchMessage(android.os.Message) (Handler.java:106)
07-05 18:40:16.561 12686 12686 I zygote  :   at void android.os.Looper.loop() (Looper.java:164)
07-05 18:40:16.561 12686 12686 I zygote  :   at void android.app.ActivityThread.main(java.lang.String[]) (ActivityThread.java:6494)
07-05 18:40:16.561 12686 12686 I zygote  :   at java.lang.Object java.lang.reflect.Method.invoke(java.lang.Object, java.lang.Object[]) (Method.java:-2)
07-05 18:40:16.561 12686 12686 I zygote  :   at void com.android.internal.os.RuntimeInit$MethodAndArgsCaller.run() (RuntimeInit.java:438)
07-05 18:40:16.561 12686 12686 I zygote  :   at void com.android.internal.os.ZygoteInit.main(java.lang.String[]) (ZygoteInit.java:807)
07-05 18:40:16.561 12686 12686 I zygote  : 
07-05 18:40:16.562 12686 12686 I zygote  : Rejecting re-init on previously-failed class java.lang.Class<android.support.v4.app.FragmentActivity>: java.lang.NoClassDefFoundError: Failed resolution of: Landroid/support/v4/app/BaseFragmentActivityApi16;
07-05 18:40:16.562 12686 12686 I zygote  :   at com.google.android.gms.common.api.GoogleApiClient$Builder com.prime31.GameHelper.createApiClientBuilder() (GameHelper.java:272)
07-05 18:40:16.562 12686 12686 I zygote  :   at void com.prime31.GameHelper.setup(com.prime31.GameHelper$GameHelperListener) (GameHelper.java:320)
07-05 18:40:16.562 12686 12686 I zygote  :   at void com.prime31.PlayGameServicesPlugin.initImpl() (PlayGameServicesPlugin.java:842)
07-05 18:40:16.562 12686 12686 I zygote  :   at void com.prime31.PlayGameServicesPlugin.onCreate(android.os.Bundle) (PlayGameServicesPlugin.java:576)
07-05 18:40:16.562 12686 12686 I zygote  :   at java.lang.Object java.lang.reflect.Method.invoke(java.lang.Object, java.lang.Object[]) (Method.java:-2)
07-05 18:40:16.562 12686 12686 I zygote  :   at void com.prime31.ActivityProxyObjectHelper.onCreate(android.os.Bundle) (ActivityProxyObjectHelper.java:81)
07-05 18:40:16.562 12686 12686 I zygote  :   at void com.prime31.UnityPlayerNativeActivity.onCreate(android.os.Bundle) (UnityPlayerNativeActivity.java:24)
07-05 18:40:16.562 12686 12686 I zygote  :   at void android.app.Activity.performCreate(android.os.Bundle, android.os.PersistableBundle) (Activity.java:7009)
07-05 18:40:16.562 12686 12686 I zygote  :   at void android.app.Activity.performCreate(android.os.Bundle) (Activity.java:7000)
07-05 18:40:16.562 12686 12686 I zygote  :   at void android.app.Instrumentation.callActivityOnCreate(android.app.Activity, android.os.Bundle) (Instrumentation.java:1214)
07-05 18:40:16.562 12686 12686 I zygote  :   at android.app.Activity android.app.ActivityThread.performLaunchActivity(android.app.ActivityThread$ActivityClientRecord, android.content.Intent) (ActivityThread.java:2731)
07-05 18:40:16.562 12686 12686 I zygote  :   at void android.app.ActivityThread.handleLaunchActivity(android.app.ActivityThread$ActivityClientRecord, android.content.Intent, java.lang.String) (ActivityThread.java:2856)
07-05 18:40:16.562 12686 12686 I zygote  :   at void android.app.ActivityThread.-wrap11(android.app.ActivityThread, android.app.ActivityThread$ActivityClientRecord, android.content.Intent, java.lang.String) (ActivityThread.java:-1)
07-05 18:40:16.562 12686 12686 I zygote  :   at void android.app.ActivityThread$H.handleMessage(android.os.Message) (ActivityThread.java:1589)
07-05 18:40:16.562 12686 12686 I zygote  :   at void android.os.Handler.dispatchMessage(android.os.Message) (Handler.java:106)
07-05 18:40:16.563 12686 12686 I zygote  :   at void android.os.Looper.loop() (Looper.java:164)
07-05 18:40:16.563 12686 12686 I zygote  :   at void android.app.ActivityThread.main(java.lang.String[]) (ActivityThread.java:6494)
07-05 18:40:16.563 12686 12686 I zygote  :   at java.lang.Object java.lang.reflect.Method.invoke(java.lang.Object, java.lang.Object[]) (Method.java:-2)
07-05 18:40:16.563 12686 12686 I zygote  :   at void com.android.internal.os.RuntimeInit$MethodAndArgsCaller.run() (RuntimeInit.java:438)
07-05 18:40:16.563 12686 12686 I zygote  :   at void com.android.internal.os.ZygoteInit.main(java.lang.String[]) (ZygoteInit.java:807)
07-05 18:40:16.563 12686 12686 I zygote  : Caused by: java.lang.ClassNotFoundException: android.support.v4.app.BaseFragmentActivityApi16
07-05 18:40:16.563 12686 12686 I zygote  :   at java.lang.Class java.lang.VMClassLoader.findLoadedClass(java.lang.ClassLoader, java.lang.String) (VMClassLoader.java:-2)
07-05 18:40:16.563 12686 12686 I zygote  :   at java.lang.Class java.lang.ClassLoader.findLoadedClass(java.lang.String) (ClassLoader.java:738)
07-05 18:40:16.563 12686 12686 I zygote  :   at java.lang.Class java.lang.ClassLoader.loadClass(java.lang.String, boolean) (ClassLoader.java:363)
07-05 18:40:16.563 12686 12686 I zygote  :   at java.lang.Class java.lang.ClassLoader.loadClass(java.lang.String) (ClassLoader.java:312)
07-05 18:40:16.563 12686 12686 I zygote  :   at com.google.android.gms.common.api.GoogleApiClient$Builder com.prime31.GameHelper.createApiClientBuilder() (GameHelper.java:272)
07-05 18:40:16.563 12686 12686 I zygote  :   at void com.prime31.GameHelper.setup(com.prime31.GameHelper$GameHelperListener) (GameHelper.java:320)
07-05 18:40:16.563 12686 12686 I zygote  :   at void com.prime31.PlayGameServicesPlugin.initImpl() (PlayGameServicesPlugin.java:842)
07-05 18:40:16.563 12686 12686 I zygote  :   at void com.prime31.PlayGameServicesPlugin.onCreate(android.os.Bundle) (PlayGameServicesPlugin.java:576)
07-05 18:40:16.564 12686 12686 I zygote  :   at java.lang.Object java.lang.reflect.Method.invoke(java.lang.Object, java.lang.Object[]) (Method.java:-2)
07-05 18:40:16.564 12686 12686 I zygote  :   at void com.prime31.ActivityProxyObjectHelper.onCreate(android.os.Bundle) (ActivityProxyObjectHelper.java:81)
07-05 18:40:16.564 12686 12686 I zygote  :   at void com.prime31.UnityPlayerNativeActivity.onCreate(android.os.Bundle) (UnityPlayerNativeActivity.java:24)
07-05 18:40:16.564 12686 12686 I zygote  :   at void android.app.Activity.performCreate(android.os.Bundle, android.os.PersistableBundle) (Activity.java:7009)
07-05 18:40:16.564 12686 12686 I zygote  :   at void android.app.Activity.performCreate(android.os.Bundle) (Activity.java:7000)
07-05 18:40:16.564 12686 12686 I zygote  :   at void android.app.Instrumentation.callActivityOnCreate(android.app.Activity, android.os.Bundle) (Instrumentation.java:1214)
07-05 18:40:16.564 12686 12686 I zygote  :   at android.app.Activity android.app.ActivityThread.performLaunchActivity(android.app.ActivityThread$ActivityClientRecord, android.content.Intent) (ActivityThread.java:2731)
07-05 18:40:16.564 12686 12686 I zygote  :   at void android.app.ActivityThread.handleLaunchActivity(android.app.ActivityThread$ActivityClientRecord, android.content.Intent, java.lang.String) (ActivityThread.java:2856)
07-05 18:40:16.564 12686 12686 I zygote  :   at void android.app.ActivityThread.-wrap11(android.app.ActivityThread, android.app.ActivityThread$ActivityClientRecord, android.content.Intent, java.lang.String) (ActivityThread.java:-1)
07-05 18:40:16.564 12686 12686 I zygote  :   at void android.app.ActivityThread$H.handleMessage(android.os.Message) (ActivityThread.java:1589)
07-05 18:40:16.564 12686 12686 I zygote  :   at void android.os.Handler.dispatchMessage(android.os.Message) (Handler.java:106)
07-05 18:40:16.564 12686 12686 I zygote  :   at void android.os.Looper.loop() (Looper.java:164)
07-05 18:40:16.564 12686 12686 I zygote  :   at void android.app.ActivityThread.main(java.lang.String[]) (ActivityThread.java:6494)
07-05 18:40:16.564 12686 12686 I zygote  :   at java.lang.Object java.lang.reflect.Method.invoke(java.lang.Object, java.lang.Object[]) (Method.java:-2)
07-05 18:40:16.564 12686 12686 I zygote  :   at void com.android.internal.os.RuntimeInit$MethodAndArgsCaller.run() (RuntimeInit.java:438)
07-05 18:40:16.565 12686 12686 I zygote  :   at void com.android.internal.os.ZygoteInit.main(java.lang.String[]) (ZygoteInit.java:807)
07-05 18:40:16.565 12686 12686 I zygote  : 
07-05 18:40:16.566 12686 12686 I zygote  : Rejecting re-init on previously-failed class java.lang.Class<android.support.v4.app.FragmentActivity>: java.lang.NoClassDefFoundError: Failed resolution of: Landroid/support/v4/app/BaseFragmentActivityApi16;
07-05 18:40:16.566 12686 12686 I zygote  :   at com.google.android.gms.common.api.GoogleApiClient$Builder com.prime31.GameHelper.createApiClientBuilder() (GameHelper.java:272)
07-05 18:40:16.566 12686 12686 I zygote  :   at void com.prime31.GameHelper.setup(com.prime31.GameHelper$GameHelperListener) (GameHelper.java:320)
07-05 18:40:16.566 12686 12686 I zygote  :   at void com.prime31.PlayGameServicesPlugin.initImpl() (PlayGameServicesPlugin.java:842)
07-05 18:40:16.566 12686 12686 I zygote  :   at void com.prime31.PlayGameServicesPlugin.onCreate(android.os.Bundle) (PlayGameServicesPlugin.java:576)
07-05 18:40:16.566 12686 12686 I zygote  :   at java.lang.Object java.lang.reflect.Method.invoke(java.lang.Object, java.lang.Object[]) (Method.java:-2)
07-05 18:40:16.566 12686 12686 I zygote  :   at void com.prime31.ActivityProxyObjectHelper.onCreate(android.os.Bundle) (ActivityProxyObjectHelper.java:81)
07-05 18:40:16.566 12686 12686 I zygote  :   at void com.prime31.UnityPlayerNativeActivity.onCreate(android.os.Bundle) (UnityPlayerNativeActivity.java:24)
07-05 18:40:16.566 12686 12686 I zygote  :   at void android.app.Activity.performCreate(android.os.Bundle, android.os.PersistableBundle) (Activity.java:7009)
07-05 18:40:16.566 12686 12686 I zygote  :   at void android.app.Activity.performCreate(android.os.Bundle) (Activity.java:7000)
07-05 18:40:16.566 12686 12686 I zygote  :   at void android.app.Instrumentation.callActivityOnCreate(android.app.Activity, android.os.Bundle) (Instrumentation.java:1214)
07-05 18:40:16.566 12686 12686 I zygote  :   at android.app.Activity android.app.ActivityThread.performLaunchActivity(android.app.ActivityThread$ActivityClientRecord, android.content.Intent) (ActivityThread.java:2731)
07-05 18:40:16.566 12686 12686 I zygote  :   at void android.app.ActivityThread.handleLaunchActivity(android.app.ActivityThread$ActivityClientRecord, android.content.Intent, java.lang.String) (ActivityThread.java:2856)
07-05 18:40:16.566 12686 12686 I zygote  :   at void android.app.ActivityThread.-wrap11(android.app.ActivityThread, android.app.ActivityThread$ActivityClientRecord, android.content.Intent, java.lang.String) (ActivityThread.java:-1)
07-05 18:40:16.566 12686 12686 I zygote  :   at void android.app.ActivityThread$H.handleMessage(android.os.Message) (ActivityThread.java:1589)
07-05 18:40:16.566 12686 12686 I zygote  :   at void android.os.Handler.dispatchMessage(android.os.Message) (Handler.java:106)
07-05 18:40:16.566 12686 12686 I zygote  :   at void android.os.Looper.loop() (Looper.java:164)
07-05 18:40:16.566 12686 12686 I zygote  :   at void android.app.ActivityThread.main(java.lang.String[]) (ActivityThread.java:6494)
07-05 18:40:16.566 12686 12686 I zygote  :   at java.lang.Object java.lang.reflect.Method.invoke(java.lang.Object, java.lang.Object[]) (Method.java:-2)
07-05 18:40:16.567 12686 12686 I zygote  :   at void com.android.internal.os.RuntimeInit$MethodAndArgsCaller.run() (RuntimeInit.java:438)
07-05 18:40:16.567 12686 12686 I zygote  :   at void com.android.internal.os.ZygoteInit.main(java.lang.String[]) (ZygoteInit.java:807)
07-05 18:40:16.567 12686 12686 I zygote  : Caused by: java.lang.ClassNotFoundException: android.support.v4.app.BaseFragmentActivityApi16
07-05 18:40:16.567 12686 12686 I zygote  :   at java.lang.Class java.lang.VMClassLoader.findLoadedClass(java.lang.ClassLoader, java.lang.String) (VMClassLoader.java:-2)
07-05 18:40:16.567 12686 12686 I zygote  :   at java.lang.Class java.lang.ClassLoader.findLoadedClass(java.lang.String) (ClassLoader.java:738)
07-05 18:40:16.567 12686 12686 I zygote  :   at java.lang.Class java.lang.ClassLoader.loadClass(java.lang.String, boolean) (ClassLoader.java:363)
07-05 18:40:16.567 12686 12686 I zygote  :   at java.lang.Class java.lang.ClassLoader.loadClass(java.lang.String) (ClassLoader.java:312)
07-05 18:40:16.567 12686 12686 I zygote  :   at com.google.android.gms.common.api.GoogleApiClient$Builder com.prime31.GameHelper.createApiClientBuilder() (GameHelper.java:272)
07-05 18:40:16.567 12686 12686 I zygote  :   at void com.prime31.GameHelper.setup(com.prime31.GameHelper$GameHelperListener) (GameHelper.java:320)
07-05 18:40:16.567 12686 12686 I zygote  :   at void com.prime31.PlayGameServicesPlugin.initImpl() (PlayGameServicesPlugin.java:842)
07-05 18:40:16.567 12686 12686 I zygote  :   at void com.prime31.PlayGameServicesPlugin.onCreate(android.os.Bundle) (PlayGameServicesPlugin.java:576)
07-05 18:40:16.567 12686 12686 I zygote  :   at java.lang.Object java.lang.reflect.Method.invoke(java.lang.Object, java.lang.Object[]) (Method.java:-2)
07-05 18:40:16.567 12686 12686 I zygote  :   at void com.prime31.ActivityProxyObjectHelper.onCreate(android.os.Bundle) (ActivityProxyObjectHelper.java:81)
07-05 18:40:16.567 12686 12686 I zygote  :   at void com.prime31.UnityPlayerNativeActivity.onCreate(android.os.Bundle) (UnityPlayerNativeActivity.java:24)
07-05 18:40:16.567 12686 12686 I zygote  :   at void android.app.Activity.performCreate(android.os.Bundle, android.os.PersistableBundle) (Activity.java:7009)
07-05 18:40:16.567 12686 12686 I zygote  :   at void android.app.Activity.performCreate(android.os.Bundle) (Activity.java:7000)
07-05 18:40:16.567 12686 12686 I zygote  :   at void android.app.Instrumentation.callActivityOnCreate(android.app.Activity, android.os.Bundle) (Instrumentation.java:1214)
07-05 18:40:16.567 12686 12686 I zygote  :   at android.app.Activity android.app.ActivityThread.performLaunchActivity(android.app.ActivityThread$ActivityClientRecord, android.content.Intent) (ActivityThread.java:2731)
07-05 18:40:16.567 12686 12686 I zygote  :   at void android.app.ActivityThread.handleLaunchActivity(android.app.ActivityThread$ActivityClientRecord, android.content.Intent, java.lang.String) (ActivityThread.java:2856)
07-05 18:40:16.567 12686 12686 I zygote  :   at void android.app.ActivityThread.-wrap11(android.app.ActivityThread, android.app.ActivityThread$ActivityClientRecord, android.content.Intent, java.lang.String) (ActivityThread.java:-1)
07-05 18:40:16.567 12686 12686 I zygote  :   at void android.app.ActivityThread$H.handleMessage(android.os.Message) (ActivityThread.java:1589)
07-05 18:40:16.568 12686 12686 I zygote  :   at void android.os.Handler.dispatchMessage(android.os.Message) (Handler.java:106)
07-05 18:40:16.568 12686 12686 I zygote  :   at void android.os.Looper.loop() (Looper.java:164)
07-05 18:40:16.568 12686 12686 I zygote  :   at void android.app.ActivityThread.main(java.lang.String[]) (ActivityThread.java:6494)
07-05 18:40:16.568 12686 12686 I zygote  :   at java.lang.Object java.lang.reflect.Method.invoke(java.lang.Object, java.lang.Object[]) (Method.java:-2)
07-05 18:40:16.568 12686 12686 I zygote  :   at void com.android.internal.os.RuntimeInit$MethodAndArgsCaller.run() (RuntimeInit.java:438)
07-05 18:40:16.568 12686 12686 I zygote  :   at void com.android.internal.os.ZygoteInit.main(java.lang.String[]) (ZygoteInit.java:807)
07-05 18:40:16.568 12686 12686 I zygote  : 
07-05 18:40:16.569 12686 12686 I zygote  : Rejecting re-init on previously-failed class java.lang.Class<android.support.v4.app.FragmentActivity>: java.lang.NoClassDefFoundError: Failed resolution of: Landroid/support/v4/app/BaseFragmentActivityApi16;
07-05 18:40:16.569 12686 12686 I zygote  :   at com.google.android.gms.common.api.GoogleApiClient$Builder com.prime31.GameHelper.createApiClientBuilder() (GameHelper.java:272)
07-05 18:40:16.569 12686 12686 I zygote  :   at void com.prime31.GameHelper.setup(com.prime31.GameHelper$GameHelperListener) (GameHelper.java:320)
07-05 18:40:16.569 12686 12686 I zygote  :   at void com.prime31.PlayGameServicesPlugin.initImpl() (PlayGameServicesPlugin.java:842)
07-05 18:40:16.569 12686 12686 I zygote  :   at void com.prime31.PlayGameServicesPlugin.onCreate(android.os.Bundle) (PlayGameServicesPlugin.java:576)
07-05 18:40:16.569 12686 12686 I zygote  :   at java.lang.Object java.lang.reflect.Method.invoke(java.lang.Object, java.lang.Object[]) (Method.java:-2)
07-05 18:40:16.569 12686 12686 I zygote  :   at void com.prime31.ActivityProxyObjectHelper.onCreate(android.os.Bundle) (ActivityProxyObjectHelper.java:81)
07-05 18:40:16.569 12686 12686 I zygote  :   at void com.prime31.UnityPlayerNativeActivity.onCreate(android.os.Bundle) (UnityPlayerNativeActivity.java:24)
07-05 18:40:16.569 12686 12686 I zygote  :   at void android.app.Activity.performCreate(android.os.Bundle, android.os.PersistableBundle) (Activity.java:7009)
07-05 18:40:16.569 12686 12686 I zygote  :   at void android.app.Activity.performCreate(android.os.Bundle) (Activity.java:7000)
07-05 18:40:16.569 12686 12686 I zygote  :   at void android.app.Instrumentation.callActivityOnCreate(android.app.Activity, android.os.Bundle) (Instrumentation.java:1214)
07-05 18:40:16.569 12686 12686 I zygote  :   at android.app.Activity android.app.ActivityThread.performLaunchActivity(android.app.ActivityThread$ActivityClientRecord, android.content.Intent) (ActivityThread.java:2731)
07-05 18:40:16.569 12686 12686 I zygote  :   at void android.app.ActivityThread.handleLaunchActivity(android.app.ActivityThread$ActivityClientRecord, android.content.Intent, java.lang.String) (ActivityThread.java:2856)
07-05 18:40:16.569 12686 12686 I zygote  :   at void android.app.ActivityThread.-wrap11(android.app.ActivityThread, android.app.ActivityThread$ActivityClientRecord, android.content.Intent, java.lang.String) (ActivityThread.java:-1)
07-05 18:40:16.569 12686 12686 I zygote  :   at void android.app.ActivityThread$H.handleMessage(android.os.Message) (ActivityThread.java:1589)
07-05 18:40:16.569 12686 12686 I zygote  :   at void android.os.Handler.dispatchMessage(android.os.Message) (Handler.java:106)
07-05 18:40:16.569 12686 12686 I zygote  :   at void android.os.Looper.loop() (Looper.java:164)
07-05 18:40:16.569 12686 12686 I zygote  :   at void android.app.ActivityThread.main(java.lang.String[]) (ActivityThread.java:6494)
07-05 18:40:16.570 12686 12686 I zygote  :   at java.lang.Object java.lang.reflect.Method.invoke(java.lang.Object, java.lang.Object[]) (Method.java:-2)
07-05 18:40:16.570 12686 12686 I zygote  :   at void com.android.internal.os.RuntimeInit$MethodAndArgsCaller.run() (RuntimeInit.java:438)
07-05 18:40:16.570 12686 12686 I zygote  :   at void com.android.internal.os.ZygoteInit.main(java.lang.String[]) (ZygoteInit.java:807)
