--------- beginning of main
06-28 17:37:58.937  1389  1389 W audio_hw_generic: Not supplying enough data to HAL, expected position 32613655 , only wrote 32528880
06-28 17:38:01.185  1398  1407 D hwcomposer: hw_composer sent 282 syncs in 60s
--------- beginning of system
06-28 17:38:02.569  1596  3033 I ActivityManager: START u0 {act=android.intent.action.MAIN cat=[android.intent.category.HOME] flg=0x10000000 cmp=com.google.android.apps.nexuslauncher/.NexusLauncherActivity} from uid 2000
06-28 17:38:02.642  1397  1446 D gralloc_ranchu: gralloc_alloc: Creating ashmem region of size 8298496
06-28 17:38:02.702  1397  1446 D gralloc_ranchu: gralloc_alloc: Creating ashmem region of size 8298496
06-28 17:38:02.707  1596  5252 I GnssLocationProvider: WakeLock acquired by sendMessage(SET_REQUEST, 0, com.android.server.location.GnssLocationProvider$GpsRequest@39e9340)
06-28 17:38:02.730  1596  1613 I GnssLocationProvider: WakeLock released by handleMessage(SET_REQUEST, 0, com.android.server.location.GnssLocationProvider$GpsRequest@39e9340)
06-28 17:38:02.743  5258  5258 D net.osmand: Disable sensor
06-28 17:38:02.774  1397  1446 D gralloc_ranchu: gralloc_alloc: Creating ashmem region of size 8298496
06-28 17:38:02.819  5258  5258 I net.osmand: MapRenderRepositories RENDER MAP: Interrupt rendering map
06-28 17:38:02.827  1411  1411 D SurfaceFlinger: duplicate layer name: changing com.google.android.apps.nexuslauncher/com.google.android.apps.nexuslauncher.NexusLauncherActivity to com.google.android.apps.nexuslauncher/com.google.android.apps.nexuslauncher.NexusLauncherActivity#1
06-28 17:38:02.856  1397  1446 D gralloc_ranchu: gralloc_alloc: Creating ashmem region of size 8298496
06-28 17:38:02.897  1397  1448 D gralloc_ranchu: gralloc_alloc: Creating ashmem region of size 8298496
06-28 17:38:02.920  5258  5301 D EGL_emulation: eglMakeCurrent: 0xa1c85a20: ver 2 0 (tinfo 0xa1c83380)
06-28 17:38:02.923  2534  2580 D EGL_emulation: eglMakeCurrent: 0xa1c21f20: ver 2 0 (tinfo 0xa1c71190)
06-28 17:38:03.002  2534  2534 W ThreadPoolDumper: Queue length for executor EventBus is now 11. Perhaps some tasks are too long, or the pool is too small.
06-28 17:38:03.105  1397  1448 D gralloc_ranchu: gralloc_alloc: Creating ashmem region of size 8298496
06-28 17:38:03.238  2534  2604 W SessionLifecycleManager: Handover failed. Creating new session controller.
06-28 17:38:03.258  2054  2123 D EGL_emulation: eglMakeCurrent: 0x8f46a980: ver 2 0 (tinfo 0x8f47d540)
06-28 17:38:03.305  1713  1924 D EGL_emulation: eglMakeCurrent: 0xa1c853c0: ver 2 0 (tinfo 0xa1c834e0)
06-28 17:38:03.370  1397  1448 D gralloc_ranchu: gralloc_alloc: Creating ashmem region of size 8298496
06-28 17:38:03.422  1411  1411 E EGL_emulation: tid 1411: eglCreateSyncKHR(1962): error 0x3004 (EGL_BAD_ATTRIBUTE)
06-28 17:38:03.429  1713  1924 D EGL_emulation: eglMakeCurrent: 0xa1c853c0: ver 2 0 (tinfo 0xa1c834e0)
06-28 17:38:03.604  1713  1924 I chatty  : uid=10029(com.android.systemui) RenderThread identical 2 lines
06-28 17:38:03.618  1713  1924 D EGL_emulation: eglMakeCurrent: 0xa1c853c0: ver 2 0 (tinfo 0xa1c834e0)
06-28 17:38:03.667  1596  5252 I WifiService: getWifiEnabledState uid=10032
06-28 17:38:03.732  5258  8381 E FA      : Task exception on worker thread: java.lang.IllegalAccessError: Method 'void android.support.v4.content.ContextCompat.<init>()' is inaccessible to class 'com.google.firebase.iid.zzg' (declaration of 'com.google.firebase.iid.zzg' appears in /data/app/net.osmand-3e2027wrPNiMXbTSfYMHIA==/base.apk): com.google.android.gms.measurement.internal.zzt.zzEd(Unknown Source:3)
06-28 17:38:03.755  1596  4126 I WifiService: getWifiEnabledState uid=10032
06-28 17:38:03.776  2054  2123 W OpenGLRenderer: Incorrectly called buildLayer on View: ShortcutAndWidgetContainer, destroying layer...
06-28 17:38:03.776  2054  2123 W OpenGLRenderer: Incorrectly called buildLayer on View: ShortcutAndWidgetContainer, destroying layer...
06-28 17:38:03.781  2534  7072 W LocationOracle: No location history returned by ContextManager
06-28 17:38:03.851  2534  2604 I MicroDetectionWorker: #startMicroDetector [speakerMode: 0]
06-28 17:38:03.856  2534  2604 W ErrorReporter: reportError [type: 211, code: 393244, bug: 0]: errorCode: 393244, engine: 0
06-28 17:38:03.858  2534  2604 I MicroDetector: Keeping mic open: false
06-28 17:38:03.858  2534  2604 I MicroDetectionWorker: #onError(false)
06-28 17:38:03.866  1596  2224 I WifiService: getWifiEnabledState uid=10032
06-28 17:38:03.969  1713  1728 I zygote  : NativeAlloc concurrent copying GC freed 49893(2MB) AllocSpace objects, 0(0B) LOS objects, 48% free, 6MB/12MB, paused 1.507ms total 712.664ms
06-28 17:38:04.254  1976  1976 I GeofencerStateMachine: removeGeofences: removeRequest=RemoveGeofencingRequest[REMOVE_BY_PENDING_INTENT pendingIntent=PendingIntent[creatorPackage=com.google.android.gms], packageName=com.google.android.gms]
06-28 17:38:04.261  1976  1976 I chatty  : uid=10014 com.google.android.gms.persistent identical 1 line
06-28 17:38:04.274  1976  1976 I GeofencerStateMachine: removeGeofences: removeRequest=RemoveGeofencingRequest[REMOVE_BY_PENDING_INTENT pendingIntent=PendingIntent[creatorPackage=com.google.android.gms], packageName=com.google.android.gms]
06-28 17:38:04.318  1596  1607 I zygote  : NativeAlloc concurrent copying GC freed 19353(1074KB) AllocSpace objects, 8(352KB) LOS objects, 29% free, 14MB/20MB, paused 2.297ms total 359.208ms
06-28 17:38:04.366  1976  8435 W ctxmgr  : [AclManager] No 3 for (accnt=account#1066226748#, com.google.android.gms(10014):UserVelocityProducer, vrsn=17785022, 0, 3pPkg = null ,  3pMdlId = null ,  pid = 1976). Was: 2 for 1, account#1066226748# [CONTEXT service_id=47 ]
06-28 17:38:04.481  2534  2543 I zygote  : Compiler allocated 4MB to compile java.lang.Object com.google.android.apps.gsa.binaries.velvet.app.zi.e()
06-28 17:38:04.548  1976  8435 I ctxmgr  : [ProducerStatusImpl] updateStateForNewContextData: inactive, contextName=7 [CONTEXT service_id=47 ]
06-28 17:38:04.611  1976  1976 I GeofencerStateMachine: removeGeofences: removeRequest=RemoveGeofencingRequest[REMOVE_BY_PENDING_INTENT pendingIntent=PendingIntent[creatorPackage=com.google.android.gms], packageName=com.google.android.gms]
06-28 17:38:04.625  1976  1976 I GeofencerStateMachine: removeGeofences: removeRequest=RemoveGeofencingRequest[REMOVE_BY_PENDING_INTENT pendingIntent=PendingIntent[creatorPackage=com.google.android.gms], packageName=com.google.android.gms]
06-28 17:38:04.633  1976  8439 I PlaceInferenceEngine: [anon] Changed inference mode: 0
06-28 17:38:04.641  1976  8439 I PlaceInferenceEngine: [account#1066226748] Changed inference mode: 0
06-28 17:38:04.971  1976  8439 I Places  : ?: PlacesBleScanner start() with priority 2
06-28 17:38:04.972  1976  8439 I PlaceInferenceEngine: [anon] Changed inference mode: 1
06-28 17:38:04.972  1976  8439 I PlaceInferenceEngine: [account#1066226748] Changed inference mode: 1
06-28 17:38:05.017  1976  1976 E BeaconBle: Missing BluetoothAdapter
06-28 17:38:05.017  1976  1976 I BeaconBle: BLE 'KK+' software access layer enabled
06-28 17:38:05.022  1976  8439 I Places  : Converted 1 out of 1 WiFi scans
06-28 17:38:05.022  1596  3403 I WifiService: getConnectionInfo uid=10014
06-28 17:38:05.038  1976  8439 I PlaceInferenceEngine: [account#1066226748] Changed inference mode: 1
06-28 17:38:05.038  1976  8439 I PlaceInferenceEngine: [anon] Changed inference mode: 1
06-28 17:38:05.077  1976  1986 I zygote  : Background concurrent copying GC freed 130057(5MB) AllocSpace objects, 9(744KB) LOS objects, 33% free, 11MB/17MB, paused 913us total 212.666ms
06-28 17:38:05.172  1976  1976 I BeaconBle: Client requested scan, settings=BleSettings [scanMode=ZERO_POWER, callbackType=ALL_MATCHES, reportDelayMillis=0, 1 filters, 0 clients, callingClientName=Places]
06-28 17:38:05.173  1976  1976 I BeaconBle: Scan : No clients left, canceling alarm.
06-28 17:38:05.179  1976  1976 E BeaconBle: Scan couldn't start for Places
06-28 17:38:05.179  1976  1976 W Places  : BLE failure while scanning - code 5
06-28 17:38:05.411  1976  8441 I PlaceInferenceEngine: No beacon scan available - ignoring candidates.
06-28 17:38:05.497  1976  8441 I PlaceInferenceEngine: No beacon scan available - ignoring candidates.
06-28 17:38:05.626  1596  1607 I zygote  : NativeAlloc concurrent copying GC freed 5323(385KB) AllocSpace objects, 0(0B) LOS objects, 29% free, 14MB/20MB, paused 1.141ms total 174.529ms
06-28 17:38:05.975  1596  3403 I ActivityManager: Force stopping com.skgames.trafficrider appid=10081 user=0: from pid 8448
06-28 17:38:05.997  1826  1826 D CarrierSvcBindHelper: No carrier app for: 0
06-28 17:38:06.208  1596  4388 I ActivityManager: Force stopping com.EvilChaotic.ModernWarplanes appid=10082 user=0: from pid 8452
06-28 17:38:06.488  1596  4388 I ActivityManager: Force stopping com.ea.games.r3_row appid=10083 user=0: from pid 8456
06-28 17:38:06.779  1596  5252 W ActivityManager: Invalid packageName: android.media.action.IMAGE_CAPTURE
06-28 17:38:06.228  1826  1826 I chatty  : uid=1001(radio) com.android.phone identical 1 line
06-28 17:38:06.515  1826  1826 D CarrierSvcBindHelper: No carrier app for: 0
06-28 17:38:07.908  5258  5258 D net.osmand: RoutingHelper Processed by distance : (new) 185165.66638120156 (old) 186309.765625
06-28 17:38:08.087  1713  1924 D EGL_emulation: eglMakeCurrent: 0xa1c853c0: ver 2 0 (tinfo 0xa1c834e0)
06-28 17:38:08.100  5258  5258 D net.osmand: RoutingHelper Processed by distance : (new) 184218.95313472688 (old) 185165.66638120156
06-28 17:38:08.197  1826  1826 D MccTable: updateMccMncConfiguration mccmnc='null' fromServiceState=true
06-28 17:38:08.197  1826  1826 D MccTable: WIFI_COUNTRY_CODE set to 
06-28 17:38:08.204  1596  1877 I WifiService: WifiService trying to set country code to  with persist set to false
06-28 17:38:08.205  1596  1877 I WifiService: setCountryCode uid=1001
06-28 17:38:08.264  1596  1596 I GnssLocationProvider: WakeLock acquired by sendMessage(SUBSCRIPTION_OR_SIM_CHANGED, 0, null)
06-28 17:38:08.350  1826  1826 D ServiceStateProvider: subId=1
06-28 17:38:08.428  1596  1679 I WifiService: getConnectionInfo uid=1000
06-28 17:38:08.437  5258  5258 D net.osmand: RoutingHelper Processed by distance : (new) 183055.64870268267 (old) 184218.95313472688
06-28 17:38:08.557  1596  1672 D RecurrenceRule: Resolving using anchor 2019-06-28T21:38:08.557Z[GMT]
06-28 17:38:08.578  1826  1826 I Telephony: PstnIncomingCallNotifier: Unregistering: Handler (com.android.internal.telephony.GsmCdmaPhone) {f9e6daa}
06-28 17:38:08.580  1596  1672 D RecurrenceRule: Resolving using anchor 2019-06-28T21:38:08.576Z[GMT]
06-28 17:38:08.585  1596  1672 D RecurrenceRule: Cycle 17 from 2019-06-09T00:00Z[GMT] to 2019-07-09T00:00Z[GMT]
06-28 17:38:08.585  1596  1672 D NetworkStats: Resolving plan for NetworkTemplate: matchRule=MOBILE_ALL, subscriberId=310260..., matchSubscriberIds=[310260...]
06-28 17:38:08.616  1596  1672 D NetworkStats: Found active matching subId 1
06-28 17:38:08.652  1596  1672 D NetworkStats: Resolved to plan null
06-28 17:38:08.656  1596  3403 I Telecom : PhoneAccountRegistrar: Modify account: [ComponentInfo{com.android.phone/com.android.services.telephony.TelephonyConnectionService}, [****], UserHandle{0}(lbl:  -> Android)(desc:  -> Android)]: TSI.rPA@AtQ
06-28 17:38:08.727  1826  1826 I Telephony: AccountEntry: Registered phoneAccount: [[ ] PhoneAccount: ComponentInfo{com.android.phone/com.android.services.telephony.TelephonyConnectionService}, [****], UserHandle{0} Capabilities: CallProvider MultiUser PlaceEmerg SimSub  Audio Routes: BESW Schemes: tel voicemail  Extras: Bundle[{android.telecom.extra.SUPPORTS_VIDEO_CALLING_FALLBACK=true}] GroupId: [****]] with handle: ComponentInfo{com.android.phone/com.android.services.telephony.TelephonyConnectionService}, [****], UserHandle{0}
06-28 17:38:08.728  1826  1826 I Telephony: PstnIncomingCallNotifier: Registering: Handler (com.android.internal.telephony.GsmCdmaPhone) {f9e6daa}
06-28 17:38:08.765  1826  1826 D TelephonyProvider: subIdString = 1 subId = 1
06-28 17:38:08.811  5258  5258 D net.osmand: RoutingHelper Processed by distance : (new) 183003.01452502157 (old) 183055.64870268267
06-28 17:38:08.837  1826  1826 D TelephonyProvider: subIdString = 1 subId = 1
06-28 17:38:08.843  1826  1826 I chatty  : uid=1001(radio) com.android.phone identical 1 line
06-28 17:38:08.860  1826  1826 D TelephonyProvider: subIdString = 1 subId = 1
06-28 17:38:08.870  2534  2604 I MicroDetectionWorker: #startMicroDetector [speakerMode: 0]
06-28 17:38:08.903  2534  2604 W ErrorReporter: reportError [type: 211, code: 393244, bug: 0]: errorCode: 393244, engine: 0
06-28 17:38:08.916  2534  2604 I MicroDetector: Keeping mic open: false
06-28 17:38:08.917  2534  2604 I MicroDetectionWorker: #onError(false)
06-28 17:38:08.945  1596  1613 E GnssLocationProvider: no AGPS interface in set_agps_server
06-28 17:38:08.946  1596  1613 I GnssLocationProvider: WakeLock released by handleMessage(SUBSCRIPTION_OR_SIM_CHANGED, 0, null)
06-28 17:38:08.976  1826  1826 D TelephonyProvider: subIdString = 1 subId = 1
06-28 17:38:08.987  1826  1826 I chatty  : uid=1001(radio) com.android.phone identical 1 line
06-28 17:38:09.001  1826  1826 D TelephonyProvider: subIdString = 1 subId = 1
06-28 17:38:09.030  5258  5258 I net.osmand: RoutingHelper Recalculate route, because correlation  : 183003.01452502157
06-28 17:38:09.031  5258  5258 I net.osmand: RoutingHelper Recalculate route, because wrong movement direction: 183003.02
06-28 17:38:09.032  5258  5258 D net.osmand: AbstractPrologCommandPlayer abandonAudioFocus
06-28 17:38:09.033  5258  5258 W MaterialProgressBar: Current drawable is not a MaterialProgressDrawable, you may want to set app:mpb_setBothDrawables
06-28 17:38:09.034  1826  1826 D TelephonyProvider: subIdString = 1 subId = 1
06-28 17:38:09.036  5258  5258 I net.osmand: RoutingHelper Recalculate route, because correlation  : 183003.01452502157
06-28 17:38:09.042  5258  5258 I chatty  : uid=10104(net.osmand) identical 1 line
06-28 17:38:09.045  5258  5258 I net.osmand: RoutingHelper Recalculate route, because correlation  : 183003.01452502157
06-28 17:38:09.045  5258  5258 I net.osmand: RoutingHelper Recalculate route, because wrong movement direction: 183003.02
06-28 17:38:09.045  1826  1826 D TelephonyProvider: subIdString = 1 subId = 1
06-28 17:38:09.047  5258  5258 D net.osmand: RoutingHelper Processed by distance : (new) 2838.311752672309 (old) 3372.465569912735
06-28 17:38:09.048  5258  8478 I net.osmand: RouteProvider Start finding route from Location[mProvider=gps,mTime=1561757888000,mLatitude=-7.589195000000001,mLongitude=-37.541068333333335,mHasAltitude=false,mAltitude=0.0,mHasSpeed=true,mSpeed=0.0,mHasBearing=true,mBearing=0.0,mHasAccuracy=true,mAccuracy=20.0 to Lat -7.234109 Lon -35.916054 using OsmAnd (offline)
06-28 17:38:09.048  5258  8478 W net.osmand: RouteProvider Use 337 MB Free 1.3393478 of 30.025513 max 384.0
06-28 17:38:09.062  1826  1826 I Telephony: PstnPhoneCapabilitiesNotifier: handleVideoCapabilitesChanged. Video capability - false
06-28 17:38:09.197  5258  5258 I net.osmand: RoutingHelper Recalculate route, because correlation  : 2838.311752672309
06-28 17:38:09.199  5258  5258 I net.osmand: RoutingHelper Recalculate route, because wrong movement direction: 2838.3118
06-28 17:38:09.203  5258  5258 I net.osmand: RoutingHelper Recalculate route, because correlation  : 2838.311752672309
06-28 17:38:09.225  1596  1877 I Telecom : PhoneAccountRegistrar: Modify account: [ComponentInfo{com.android.phone/com.android.services.telephony.TelephonyConnectionService}, [****], UserHandle{0}]: TSI.rPA@At0
06-28 17:38:09.438  5258  5258 I net.osmand: RoutingHelper Recalculate route, because correlation  : 183222.18820280614
06-28 17:38:09.438  5258  5258 I net.osmand: RoutingHelper Recalculate route, because wrong movement direction: 183532.53
06-28 17:38:09.445  1826  1836 I zygote  : Background concurrent copying GC freed 26110(2MB) AllocSpace objects, 0(0B) LOS objects, 49% free, 2MB/4MB, paused 1.146ms total 391.030ms
06-28 17:38:09.480  5258  5268 I zygote  : NativeAlloc concurrent copying GC freed 203239(7MB) AllocSpace objects, 27(1008KB) LOS objects, 22% free, 20MB/26MB, paused 1.115ms total 1.501s
06-28 17:38:09.558  5258  5258 I net.osmand: RoutingHelper Recalculate route, because correlation  : 183222.18820280614
06-28 17:38:09.602  1596  1596 I Telecom : CallLogManager: Country ISO changed. Retrieving new ISO...: CLM.oCD@At4
06-28 17:38:09.855  5258  8478 I net.osmand:native: Start point was found 25957428647 [Native]
06-28 17:38:09.861  5258  8478 I net.osmand:native: End point was found 1886269389 [Native]
06-28 17:38:10.117  5258  5258 I net.osmand: RoutingHelper Recalculate route, because correlation  : 183222.18820280614
06-28 17:38:10.117  5258  5258 I net.osmand: RoutingHelper Recalculate route, because wrong movement direction: 183532.53
06-28 17:38:10.118  5258  5258 I net.osmand: RoutingHelper Recalculate route, because correlation  : 183222.18820280614
06-28 17:38:10.320  8475  8475 D AndroidRuntime: >>>>>> START com.android.internal.os.RuntimeInit uid 2000 <<<<<<
06-28 17:38:10.332  8475  8475 W app_process: Could not reserve sentinel fault page
06-28 17:38:10.519  8475  8475 W app_process: Unexpected CPU variant for X86 using defaults: x86
06-28 17:38:10.540  8475  8475 I app_process: The ClassLoaderContext is a special shared library.
06-28 17:38:10.654  8475  8475 D AndroidRuntime: Calling main entry com.android.commands.monkey.Monkey
06-28 17:38:10.655  8475  8475 W Monkey  : args: [-p, net.osmand, -c, android.intent.category.LAUNCHER, 1]
06-28 17:38:10.661  8475  8475 W Monkey  :  arg: "-p"
06-28 17:38:10.661  8475  8475 W Monkey  :  arg: "net.osmand"
06-28 17:38:10.661  8475  8475 W Monkey  :  arg: "-c"
06-28 17:38:10.661  8475  8475 W Monkey  :  arg: "android.intent.category.LAUNCHER"
06-28 17:38:10.662  8475  8475 W Monkey  :  arg: "1"
06-28 17:38:10.662  8475  8475 W Monkey  : data="net.osmand"
06-28 17:38:10.662  8475  8475 W Monkey  : data="android.intent.category.LAUNCHER"
06-28 17:38:10.731  5258  5258 I net.osmand: RoutingHelper Recalculate route, because correlation  : 183222.18820280614
06-28 17:38:10.755  5258  5258 I net.osmand: RoutingHelper Recalculate route, because correlation  : 183222.18820280614
06-28 17:38:10.756  5258  5258 I net.osmand: RoutingHelper Recalculate route, because wrong movement direction: 183532.53
06-28 17:38:10.821  1596  1614 W BroadcastQueue: Skipping deliver [background] BroadcastRecord{28dd8b6 u-1 android.net.conn.CONNECTIVITY_CHANGE} to ReceiverList{130e9b7 8475 (unknown name)/2000/u-1 remote:a583978}: process gone or crashing
06-28 17:38:10.888  1596  3036 I ActivityManager: START u0 {act=android.intent.action.MAIN cat=[android.intent.category.LAUNCHER] flg=0x10200000 cmp=net.osmand/.plus.activities.MapActivity} from uid 2000
06-28 17:38:10.889  1596  3036 W Binder  : Outgoing transactions from this process must be FLAG_ONEWAY
06-28 17:38:10.889  1596  3036 W Binder  : java.lang.Throwable
06-28 17:38:10.889  1596  3036 W Binder  : 	at android.os.BinderProxy.transact(Binder.java:752)
06-28 17:38:10.889  1596  3036 W Binder  : 	at android.app.IActivityController$Stub$Proxy.activityStarting(IActivityController.java:172)
06-28 17:38:10.889  1596  3036 W Binder  : 	at com.android.server.am.ActivityStarter.startActivity(ActivityStarter.java:449)
06-28 17:38:10.889  1596  3036 W Binder  : 	at com.android.server.am.ActivityStarter.startActivityLocked(ActivityStarter.java:278)
06-28 17:38:10.889  1596  3036 W Binder  : 	at com.android.server.am.ActivityStarter.startActivityMayWait(ActivityStarter.java:817)
06-28 17:38:10.889  1596  3036 W Binder  : 	at com.android.server.am.ActivityManagerService.startActivityAsUser(ActivityManagerService.java:4532)
06-28 17:38:10.889  1596  3036 W Binder  : 	at com.android.server.am.ActivityManagerService.startActivity(ActivityManagerService.java:4519)
06-28 17:38:10.889  1596  3036 W Binder  : 	at android.app.IActivityManager$Stub.onTransact(IActivityManager.java:121)
06-28 17:38:10.889  1596  3036 W Binder  : 	at com.android.server.am.ActivityManagerService.onTransact(ActivityManagerService.java:2919)
06-28 17:38:10.889  1596  3036 W Binder  : 	at android.os.Binder.execTransact(Binder.java:697)
06-28 17:38:10.933  1397  1448 D gralloc_ranchu: gralloc_alloc: Creating ashmem region of size 8298496
06-28 17:38:10.962  1411  1411 E EGL_emulation: tid 1411: eglCreateSyncKHR(1962): error 0x3004 (EGL_BAD_ATTRIBUTE)
06-28 17:38:10.969  1596  1647 W LocalDisplayAdapter: Unable to find color mode 0, ignoring request.
06-28 17:38:11.015  1596  4126 I ActivityManager: Config changes=480 {1.0 310mcc260mnc [en_US] ldltr sw411dp w683dp h387dp 420dpi nrml land finger qwerty/v/v -nav/h appBounds=Rect(126, 0 - 1920, 1080) s.21}
06-28 17:38:11.020  8475  8475 I Monkey  : Events injected: 1
06-28 17:38:11.035  1596  4126 I ActivityManager: Override config changes=480 {1.0 310mcc260mnc [en_US] ldltr sw411dp w683dp h387dp 420dpi nrml land finger qwerty/v/v -nav/h appBounds=Rect(126, 0 - 1920, 1080) s.21} for displayId=0
06-28 17:38:11.068  1596  4126 W LocalDisplayAdapter: Unable to find color mode 0, ignoring request.
06-28 17:38:11.107  1411  1423 E BufferQueueProducer: [SnapshotStartingWindow for taskId=3#0] connect: BufferQueue has been abandoned
06-28 17:38:11.110  1596  1647 W WindowManager: Exception when adding starting window
06-28 17:38:11.110  1596  1647 W WindowManager: java.lang.RuntimeException: Failed to attach and queue buffer to Surface (bad object?)
06-28 17:38:11.110  1596  1647 W WindowManager: 	at android.view.Surface.attachAndQueueBuffer(Surface.java:616)
06-28 17:38:11.110  1596  1647 W WindowManager: 	at com.android.server.wm.TaskSnapshotSurface.drawSizeMatchSnapshot(TaskSnapshotSurface.java:299)
06-28 17:38:11.110  1596  1647 W WindowManager: 	at com.android.server.wm.TaskSnapshotSurface.drawSnapshot(TaskSnapshotSurface.java:286)
06-28 17:38:11.110  1596  1647 W WindowManager: 	at com.android.server.wm.TaskSnapshotSurface.create(TaskSnapshotSurface.java:222)
06-28 17:38:11.110  1596  1647 W WindowManager: 	at com.android.server.wm.TaskSnapshotController.createStartingSurface(TaskSnapshotController.java:203)
06-28 17:38:11.110  1596  1647 W WindowManager: 	at com.android.server.wm.SnapshotStartingData.createStartingSurface(SnapshotStartingData.java:39)
06-28 17:38:11.110  1596  1647 W WindowManager: 	at com.android.server.wm.AppWindowContainerController.lambda$-com_android_server_wm_AppWindowContainerController_4735(AppWindowContainerController.java:145)
06-28 17:38:11.110  1596  1647 W WindowManager: 	at com.android.server.wm.-$Lambda$aEpJ2RCAIjecjyIIYTv6ricEwh4.$m$4(Unknown Source:4)
06-28 17:38:11.110  1596  1647 W WindowManager: 	at com.android.server.wm.-$Lambda$aEpJ2RCAIjecjyIIYTv6ricEwh4.run(Unknown Source:27)
06-28 17:38:11.110  1596  1647 W WindowManager: 	at android.os.Handler.handleCallback(Handler.java:790)
06-28 17:38:11.110  1596  1647 W WindowManager: 	at android.os.Handler.dispatchMessage(Handler.java:99)
06-28 17:38:11.110  1596  1647 W WindowManager: 	at android.os.Looper.loop(Looper.java:164)
06-28 17:38:11.110  1596  1647 W WindowManager: 	at android.os.HandlerThread.run(HandlerThread.java:65)
06-28 17:38:11.110  1596  1647 W WindowManager: 	at com.android.server.ServiceThread.run(ServiceThread.java:46)
06-28 17:38:11.112  1596  1663 I InputReader: Reconfiguring input devices.  changes=0x00000004
06-28 17:38:11.112  1596  1663 I InputReader: Device reconfigured: id=0, name='qwerty2', size 1080x1920, orientation 3, mode 1, display id 0
06-28 17:38:11.118  1596  1663 I InputReader: Reconfiguring input devices.  changes=0x00000004
06-28 17:38:11.127  8475  8475 I Monkey  : ## Network stats: elapsed time=209ms (0ms mobile, 0ms wifi, 209ms not connected)
06-28 17:38:11.152  8475  8475 I com.android.commands.monkey: System.exit called, status: 0
06-28 17:38:11.152  8475  8475 I AndroidRuntime: VM exiting with result code 0.
06-28 17:38:11.232  5258  5258 D InAppPurchaseHelper: Destroying helper.
06-28 17:38:11.253  2534  2580 D EGL_emulation: eglMakeCurrent: 0xa1c21f20: ver 2 0 (tinfo 0xa1c71190)
06-28 17:38:11.298  1596  1615 W Looper  : Dispatch took 116ms on android.ui, h=Handler (com.android.server.policy.PhoneWindowManager$PolicyHandler) {a0328c5} cb=android.database.ContentObserver$NotificationRunnable@4b488e msg=0
06-28 17:38:11.302  1397  1448 D gralloc_ranchu: gralloc_alloc: Creating ashmem region of size 544768
06-28 17:38:11.354  1411  1658 E SurfaceFlinger: Permission Denial: can't openGlobalTransaction pid=5258, uid<=10104
06-28 17:38:11.361  5258  5258 E BpSurfaceComposerClient: Failed to transact (-1)
06-28 17:38:11.364  2054  2123 D EGL_emulation: eglMakeCurrent: 0x8f46a980: ver 2 0 (tinfo 0x8f47d540)
06-28 17:38:11.382  1411  1658 E SurfaceFlinger: Permission Denial: can't openGlobalTransaction pid=5258, uid<=10104
06-28 17:38:11.382  5258  5258 E BpSurfaceComposerClient: Failed to transact (-1)
06-28 17:38:11.409  1713  1924 D EGL_emulation: eglMakeCurrent: 0xa1c853c0: ver 2 0 (tinfo 0xa1c834e0)
06-28 17:38:11.424  1397  1448 D gralloc_ranchu: gralloc_alloc: Creating ashmem region of size 544768
06-28 17:38:11.435  5258  5258 W ResourceType: ResTable_typeSpec entry count inconsistent: given 5115, previously 5124
06-28 17:38:11.436  5258  5258 W ResourceType: ResTable_typeSpec entry count inconsistent: given 142, previously 459
06-28 17:38:11.459  1697  1697 I KeyboardViewUtil: systemKeyboardHeightRatio:1.000000; userKeyboardHeightRatio:1.000000.
06-28 17:38:11.485  5258  5258 W ResourceType: For resource 0x7f0e00c0, entry index(192) is beyond type entryCount(142)
06-28 17:38:11.485  5258  5258 W ResourceType: For resource 0x7f0e00d1, entry index(209) is beyond type entryCount(142)
06-28 17:38:11.486  5258  5258 W ResourceType: For resource 0x7f0e00cb, entry index(203) is beyond type entryCount(142)
06-28 17:38:11.486  5258  5258 W ResourceType: For resource 0x7f0e014d, entry index(333) is beyond type entryCount(142)
06-28 17:38:11.486  5258  5258 W ResourceType: For resource 0x7f0e00dd, entry index(221) is beyond type entryCount(142)
06-28 17:38:11.486  5258  5258 W ResourceType: For resource 0x7f0e00e4, entry index(228) is beyond type entryCount(142)
06-28 17:38:11.487  5258  5258 W ResourceType: For resource 0x7f0e00c4, entry index(196) is beyond type entryCount(142)
06-28 17:38:11.487  5258  5258 W ResourceType: For resource 0x7f0e013f, entry index(319) is beyond type entryCount(142)
06-28 17:38:11.487  5258  5258 W ResourceType: For resource 0x7f0e00dc, entry index(220) is beyond type entryCount(142)
06-28 17:38:11.487  5258  5258 W ResourceType: For resource 0x7f0e00e3, entry index(227) is beyond type entryCount(142)
06-28 17:38:11.508  1596  1877 W LocalDisplayAdapter: Unable to find color mode 0, ignoring request.
06-28 17:38:11.514  1697  1697 I DeviceStatusMonitor: onReceive() : Action = android.intent.action.CONFIGURATION_CHANGED
06-28 17:38:11.515  1697  1697 I ConfigNotification: Get device mode by ui mode:1 and smallestScreenWidthDp:411
06-28 17:38:11.515  1697  1697 I chatty  : uid=10060(com.google.android.inputmethod.latin) identical 2 lines
06-28 17:38:11.516  1697  1697 I ConfigNotification: Get device mode by ui mode:1 and smallestScreenWidthDp:411
06-28 17:38:11.558  1596  1663 I InputReader: Reconfiguring input devices.  changes=0x00000004
06-28 17:38:11.563  5258  5258 W ResourceType: For resource 0x7f0e01c4, entry index(452) is beyond type entryCount(142)
06-28 17:38:11.563  5258  5258 W ResourceType: For resource 0x7f0e01c4, entry index(452) is beyond type entryCount(142)
06-28 17:38:11.563  5258  5258 W ResourceType: For resource 0x7f0e0183, entry index(387) is beyond type entryCount(142)
06-28 17:38:11.563  5258  5258 W ResourceType: For resource 0x7f0e0187, entry index(391) is beyond type entryCount(142)
06-28 17:38:11.563  5258  5258 W ResourceType: For resource 0x7f0e0185, entry index(389) is beyond type entryCount(142)
06-28 17:38:11.563  5258  5258 W ResourceType: For resource 0x7f0e015d, entry index(349) is beyond type entryCount(142)
06-28 17:38:11.563  5258  5258 W ResourceType: For resource 0x7f0e0195, entry index(405) is beyond type entryCount(142)
06-28 17:38:11.563  5258  5258 W ResourceType: For resource 0x7f0e016c, entry index(364) is beyond type entryCount(142)
06-28 17:38:11.563  5258  5258 W ResourceType: For resource 0x7f0e0163, entry index(355) is beyond type entryCount(142)
06-28 17:38:11.563  5258  5258 W ResourceType: For resource 0x7f0e00db, entry index(219) is beyond type entryCount(142)
06-28 17:38:11.564  5258  5258 W ResourceType: For resource 0x7f0e0193, entry index(403) is beyond type entryCount(142)
06-28 17:38:11.564  5258  5258 W ResourceType: For resource 0x7f0e016f, entry index(367) is beyond type entryCount(142)
06-28 17:38:11.564  5258  5258 W ResourceType: For resource 0x7f0e0161, entry index(353) is beyond type entryCount(142)
06-28 17:38:11.564  5258  5258 W ResourceType: For resource 0x7f0e0170, entry index(368) is beyond type entryCount(142)
06-28 17:38:11.564  5258  5258 W ResourceType: For resource 0x7f0e0174, entry index(372) is beyond type entryCount(142)
06-28 17:38:11.564  5258  5258 I chatty  : uid=10104(net.osmand) identical 2 lines
06-28 17:38:11.564  5258  5258 W ResourceType: For resource 0x7f0e0174, entry index(372) is beyond type entryCount(142)
06-28 17:38:11.564  5258  5258 W ResourceType: For resource 0x7f0e0177, entry index(375) is beyond type entryCount(142)
06-28 17:38:11.564  5258  5258 W ResourceType: For resource 0x7f0e0160, entry index(352) is beyond type entryCount(142)
06-28 17:38:11.564  5258  5258 W ResourceType: For resource 0x7f0e0199, entry index(409) is beyond type entryCount(142)
06-28 17:38:11.564  5258  5258 W ResourceType: For resource 0x7f0e017e, entry index(382) is beyond type entryCount(142)
06-28 17:38:11.564  5258  5258 W ResourceType: For resource 0x7f0e017f, entry index(383) is beyond type entryCount(142)
06-28 17:38:11.564  5258  5258 W ResourceType: For resource 0x7f0e0196, entry index(406) is beyond type entryCount(142)
06-28 17:38:11.565  5258  5258 W ResourceType: For resource 0x7f0e0197, entry index(407) is beyond type entryCount(142)
06-28 17:38:11.565  5258  5258 W ResourceType: For resource 0x7f0e0140, entry index(320) is beyond type entryCount(142)
06-28 17:38:11.565  5258  5258 W ResourceType: For resource 0x7f0e00e7, entry index(231) is beyond type entryCount(142)
06-28 17:38:11.565  5258  5258 W ResourceType: For resource 0x7f0e0194, entry index(404) is beyond type entryCount(142)
06-28 17:38:11.565  5258  5258 W ResourceType: For resource 0x7f0e01a5, entry index(421) is beyond type entryCount(142)
06-28 17:38:11.565  5258  5258 W ResourceType: For resource 0x7f0e017d, entry index(381) is beyond type entryCount(142)
06-28 17:38:11.565  5258  5258 W ResourceType: For resource 0x7f0e017b, entry index(379) is beyond type entryCount(142)
06-28 17:38:11.565  5258  5258 W ResourceType: For resource 0x7f0e010f, entry index(271) is beyond type entryCount(142)
06-28 17:38:11.565  5258  5258 W ResourceType: For resource 0x7f0e00f8, entry index(248) is beyond type entryCount(142)
06-28 17:38:11.565  5258  5258 W ResourceType: For resource 0x7f0e010f, entry index(271) is beyond type entryCount(142)
06-28 17:38:11.565  5258  5258 W ResourceType: For resource 0x7f0e0122, entry index(290) is beyond type entryCount(142)
06-28 17:38:11.565  5258  5258 W ResourceType: For resource 0x7f0e010b, entry index(267) is beyond type entryCount(142)
06-28 17:38:11.565  5258  5258 W ResourceType: For resource 0x7f0e010c, entry index(268) is beyond type entryCount(142)
06-28 17:38:11.565  5258  5258 W ResourceType: For resource 0x7f0e01ad, entry index(429) is beyond type entryCount(142)
06-28 17:38:11.565  5258  5258 W ResourceType: For resource 0x7f0e01ac, entry index(428) is beyond type entryCount(142)
06-28 17:38:11.572  5258  5258 W ResourceType: For resource 0x7f0e01c4, entry index(452) is beyond type entryCount(142)
06-28 17:38:11.572  5258  5258 W ResourceType: For resource 0x7f0e01c4, entry index(452) is beyond type entryCount(142)
06-28 17:38:11.572  5258  5258 W ResourceType: For resource 0x7f0e0183, entry index(387) is beyond type entryCount(142)
06-28 17:38:11.572  5258  5258 W ResourceType: For resource 0x7f0e0187, entry index(391) is beyond type entryCount(142)
06-28 17:38:11.572  5258  5258 W ResourceType: For resource 0x7f0e0185, entry index(389) is beyond type entryCount(142)
06-28 17:38:11.572  5258  5258 W ResourceType: For resource 0x7f0e015d, entry index(349) is beyond type entryCount(142)
06-28 17:38:11.572  5258  5258 W ResourceType: For resource 0x7f0e0195, entry index(405) is beyond type entryCount(142)
06-28 17:38:11.572  5258  5258 W ResourceType: For resource 0x7f0e016c, entry index(364) is beyond type entryCount(142)
06-28 17:38:11.572  5258  5258 W ResourceType: For resource 0x7f0e0163, entry index(355) is beyond type entryCount(142)
06-28 17:38:11.572  5258  5258 W ResourceType: For resource 0x7f0e00db, entry index(219) is beyond type entryCount(142)
06-28 17:38:11.572  5258  5258 W ResourceType: For resource 0x7f0e0193, entry index(403) is beyond type entryCount(142)
06-28 17:38:11.573  5258  5258 W ResourceType: For resource 0x7f0e016f, entry index(367) is beyond type entryCount(142)
06-28 17:38:11.573  5258  5258 W ResourceType: For resource 0x7f0e0161, entry index(353) is beyond type entryCount(142)
06-28 17:38:11.573  5258  5258 W ResourceType: For resource 0x7f0e0170, entry index(368) is beyond type entryCount(142)
06-28 17:38:11.573  5258  5258 W ResourceType: For resource 0x7f0e0174, entry index(372) is beyond type entryCount(142)
06-28 17:38:11.573  5258  5258 I chatty  : uid=10104(net.osmand) identical 2 lines
06-28 17:38:11.573  5258  5258 W ResourceType: For resource 0x7f0e0174, entry index(372) is beyond type entryCount(142)
06-28 17:38:11.573  5258  5258 W ResourceType: For resource 0x7f0e0177, entry index(375) is beyond type entryCount(142)
06-28 17:38:11.573  5258  5258 W ResourceType: For resource 0x7f0e0160, entry index(352) is beyond type entryCount(142)
06-28 17:38:11.573  5258  5258 W ResourceType: For resource 0x7f0e0199, entry index(409) is beyond type entryCount(142)
06-28 17:38:11.573  5258  5258 W ResourceType: For resource 0x7f0e017e, entry index(382) is beyond type entryCount(142)
06-28 17:38:11.573  5258  5258 W ResourceType: For resource 0x7f0e017f, entry index(383) is beyond type entryCount(142)
06-28 17:38:11.573  5258  5258 W ResourceType: For resource 0x7f0e0196, entry index(406) is beyond type entryCount(142)
06-28 17:38:11.573  5258  5258 W ResourceType: For resource 0x7f0e0197, entry index(407) is beyond type entryCount(142)
06-28 17:38:11.573  5258  5258 W ResourceType: For resource 0x7f0e0140, entry index(320) is beyond type entryCount(142)
06-28 17:38:11.573  5258  5258 W ResourceType: For resource 0x7f0e00e7, entry index(231) is beyond type entryCount(142)
06-28 17:38:11.574  5258  5258 W ResourceType: For resource 0x7f0e0194, entry index(404) is beyond type entryCount(142)
06-28 17:38:11.574  5258  5258 W ResourceType: For resource 0x7f0e01a5, entry index(421) is beyond type entryCount(142)
06-28 17:38:11.574  5258  5258 W ResourceType: For resource 0x7f0e017d, entry index(381) is beyond type entryCount(142)
06-28 17:38:11.574  5258  5258 W ResourceType: For resource 0x7f0e017b, entry index(379) is beyond type entryCount(142)
06-28 17:38:11.574  5258  5258 W ResourceType: For resource 0x7f0e010f, entry index(271) is beyond type entryCount(142)
06-28 17:38:11.574  5258  5258 W ResourceType: For resource 0x7f0e00f8, entry index(248) is beyond type entryCount(142)
06-28 17:38:11.574  5258  5258 W ResourceType: For resource 0x7f0e010f, entry index(271) is beyond type entryCount(142)
06-28 17:38:11.574  5258  5258 W ResourceType: For resource 0x7f0e0122, entry index(290) is beyond type entryCount(142)
06-28 17:38:11.574  5258  5258 W ResourceType: For resource 0x7f0e010b, entry index(267) is beyond type entryCount(142)
06-28 17:38:11.574  5258  5258 W ResourceType: For resource 0x7f0e010c, entry index(268) is beyond type entryCount(142)
06-28 17:38:11.574  5258  5258 W ResourceType: For resource 0x7f0e01ad, entry index(429) is beyond type entryCount(142)
06-28 17:38:11.574  5258  5258 W ResourceType: For resource 0x7f0e01ac, entry index(428) is beyond type entryCount(142)
06-28 17:38:11.578  5258  5258 W ResourceType: For resource 0x7f0e01c4, entry index(452) is beyond type entryCount(142)
06-28 17:38:11.578  5258  5258 W ResourceType: For resource 0x7f0e01c4, entry index(452) is beyond type entryCount(142)
06-28 17:38:11.578  5258  5258 W ResourceType: For resource 0x7f0e0183, entry index(387) is beyond type entryCount(142)
06-28 17:38:11.578  5258  5258 W ResourceType: For resource 0x7f0e0187, entry index(391) is beyond type entryCount(142)
06-28 17:38:11.578  5258  5258 W ResourceType: For resource 0x7f0e0185, entry index(389) is beyond type entryCount(142)
06-28 17:38:11.578  5258  5258 W ResourceType: For resource 0x7f0e015d, entry index(349) is beyond type entryCount(142)
06-28 17:38:11.578  5258  5258 W ResourceType: For resource 0x7f0e0195, entry index(405) is beyond type entryCount(142)
06-28 17:38:11.578  5258  5258 W ResourceType: For resource 0x7f0e016c, entry index(364) is beyond type entryCount(142)
06-28 17:38:11.579  5258  5258 W ResourceType: For resource 0x7f0e0163, entry index(355) is beyond type entryCount(142)
06-28 17:38:11.579  5258  5258 W ResourceType: For resource 0x7f0e00db, entry index(219) is beyond type entryCount(142)
06-28 17:38:11.579  5258  5258 W ResourceType: For resource 0x7f0e0193, entry index(403) is beyond type entryCount(142)
06-28 17:38:11.579  5258  5258 W ResourceType: For resource 0x7f0e016f, entry index(367) is beyond type entryCount(142)
06-28 17:38:11.579  5258  5258 W ResourceType: For resource 0x7f0e0161, entry index(353) is beyond type entryCount(142)
06-28 17:38:11.579  5258  5258 W ResourceType: For resource 0x7f0e0170, entry index(368) is beyond type entryCount(142)
06-28 17:38:11.579  5258  5258 W ResourceType: For resource 0x7f0e0174, entry index(372) is beyond type entryCount(142)
06-28 17:38:11.579  5258  5258 I chatty  : uid=10104(net.osmand) identical 2 lines
06-28 17:38:11.579  5258  5258 W ResourceType: For resource 0x7f0e0174, entry index(372) is beyond type entryCount(142)
06-28 17:38:11.579  5258  5258 W ResourceType: For resource 0x7f0e0177, entry index(375) is beyond type entryCount(142)
06-28 17:38:11.579  5258  5258 W ResourceType: For resource 0x7f0e0160, entry index(352) is beyond type entryCount(142)
06-28 17:38:11.579  5258  5258 W ResourceType: For resource 0x7f0e0199, entry index(409) is beyond type entryCount(142)
06-28 17:38:11.579  5258  5258 W ResourceType: For resource 0x7f0e017e, entry index(382) is beyond type entryCount(142)
06-28 17:38:11.579  5258  5258 W ResourceType: For resource 0x7f0e017f, entry index(383) is beyond type entryCount(142)
06-28 17:38:11.580  5258  5258 W ResourceType: For resource 0x7f0e0196, entry index(406) is beyond type entryCount(142)
06-28 17:38:11.580  5258  5258 W ResourceType: For resource 0x7f0e0197, entry index(407) is beyond type entryCount(142)
06-28 17:38:11.580  5258  5258 W ResourceType: For resource 0x7f0e0140, entry index(320) is beyond type entryCount(142)
06-28 17:38:11.580  5258  5258 W ResourceType: For resource 0x7f0e00e7, entry index(231) is beyond type entryCount(142)
06-28 17:38:11.580  5258  5258 W ResourceType: For resource 0x7f0e0194, entry index(404) is beyond type entryCount(142)
06-28 17:38:11.581  5258  5258 W ResourceType: For resource 0x7f0e01a5, entry index(421) is beyond type entryCount(142)
06-28 17:38:11.581  5258  5258 W ResourceType: For resource 0x7f0e017d, entry index(381) is beyond type entryCount(142)
06-28 17:38:11.581  5258  5258 W ResourceType: For resource 0x7f0e017b, entry index(379) is beyond type entryCount(142)
06-28 17:38:11.581  5258  5258 W ResourceType: For resource 0x7f0e010f, entry index(271) is beyond type entryCount(142)
06-28 17:38:11.581  5258  5258 W ResourceType: For resource 0x7f0e00f8, entry index(248) is beyond type entryCount(142)
06-28 17:38:11.581  5258  5258 W ResourceType: For resource 0x7f0e010f, entry index(271) is beyond type entryCount(142)
06-28 17:38:11.581  5258  5258 W ResourceType: For resource 0x7f0e0122, entry index(290) is beyond type entryCount(142)
06-28 17:38:11.581  5258  5258 W ResourceType: For resource 0x7f0e010b, entry index(267) is beyond type entryCount(142)
06-28 17:38:11.581  5258  5258 W ResourceType: For resource 0x7f0e010c, entry index(268) is beyond type entryCount(142)
06-28 17:38:11.582  5258  5258 W ResourceType: For resource 0x7f0e01ad, entry index(429) is beyond type entryCount(142)
06-28 17:38:11.582  5258  5258 W ResourceType: For resource 0x7f0e01ac, entry index(428) is beyond type entryCount(142)
06-28 17:38:11.589  5258  5258 W ResourceType: For resource 0x7f0e017f, entry index(383) is beyond type entryCount(142)
06-28 17:38:11.589  5258  5258 W ResourceType: For resource 0x7f0e0091, entry index(145) is beyond type entryCount(142)
06-28 17:38:11.644  5258  5258 W ResourceType: For resource 0x7f0e016b, entry index(363) is beyond type entryCount(142)
06-28 17:38:11.651  5258  5258 W ResourceType: For resource 0x7f0e017b, entry index(379) is beyond type entryCount(142)
06-28 17:38:11.654  5258  5258 W ResourceType: For resource 0x7f0e0125, entry index(293) is beyond type entryCount(142)
06-28 17:38:11.664  5258  5258 W ResourceType: For resource 0x7f0e0125, entry index(293) is beyond type entryCount(142)
06-28 17:38:11.672  1713  1713 D EGL_emulation: eglCreateContext: 0x8d0fc900: maj 2 min 0 rcv 2
06-28 17:38:11.678  1713  1713 D EGL_emulation: eglMakeCurrent: 0x8d0fc900: ver 2 0 (tinfo 0x8d53f050)
06-28 17:38:11.686  1397  1448 D gralloc_ranchu: gralloc_alloc: Creating ashmem region of size 9547776
06-28 17:38:11.696  1697  1702 I zygote  : Do partial code cache collection, code=229KB, data=126KB
06-28 17:38:11.696  1697  1702 I zygote  : After code cache collection, code=227KB, data=125KB
06-28 17:38:11.696  1697  1702 I zygote  : Increasing code cache capacity to 1024KB
06-28 17:38:11.717  1713  1713 D EGL_emulation: eglMakeCurrent: 0x8d0fc900: ver 2 0 (tinfo 0x8d53f050)
06-28 17:38:11.740  5258  5258 W ResourceType: For resource 0x7f0e01a5, entry index(421) is beyond type entryCount(142)
06-28 17:38:11.740  5258  5258 W ResourceType: For resource 0x7f0e00a9, entry index(169) is beyond type entryCount(142)
06-28 17:38:11.745  5258  5258 W ResourceType: For resource 0x7f0e01bc, entry index(444) is beyond type entryCount(142)
06-28 17:38:11.789  5258  5258 W ResourceType: For resource 0x7f0e0132, entry index(306) is beyond type entryCount(142)
06-28 17:38:11.789  5258  5258 W ResourceType: For resource 0x7f0e00f7, entry index(247) is beyond type entryCount(142)
06-28 17:38:11.790  5258  5258 W ResourceType: For resource 0x7f0e0131, entry index(305) is beyond type entryCount(142)
06-28 17:38:11.790  5258  5258 W ResourceType: For resource 0x7f0e010f, entry index(271) is beyond type entryCount(142)
06-28 17:38:11.791  5258  5258 W ResourceType: For resource 0x7f0e0175, entry index(373) is beyond type entryCount(142)
06-28 17:38:11.794  5258  5258 W ResourceType: For resource 0x7f0e0173, entry index(371) is beyond type entryCount(142)
06-28 17:38:11.827  1397  1448 D gralloc_ranchu: gralloc_alloc: Creating ashmem region of size 9547776
06-28 17:38:11.892  5258  5258 W ResourceType: For resource 0x7f0e011d, entry index(285) is beyond type entryCount(142)
06-28 17:38:11.927  5258  5258 I chatty  : uid=10104(net.osmand) identical 4 lines
06-28 17:38:11.927  5258  5258 W ResourceType: For resource 0x7f0e011d, entry index(285) is beyond type entryCount(142)
06-28 17:38:11.928  5258  5258 W ResourceType: For resource 0x7f0e01ac, entry index(428) is beyond type entryCount(142)
06-28 17:38:11.928  5258  5258 W ResourceType: For resource 0x7f0e00ae, entry index(174) is beyond type entryCount(142)
06-28 17:38:11.928  5258  5258 W ResourceType: For resource 0x7f0e013d, entry index(317) is beyond type entryCount(142)
06-28 17:38:11.928  5258  5258 W ResourceType: For resource 0x7f0e013e, entry index(318) is beyond type entryCount(142)
06-28 17:38:11.986  5258  5258 W ResourceType: For resource 0x7f0e013b, entry index(315) is beyond type entryCount(142)
06-28 17:38:11.993  5258  5258 I chatty  : uid=10104(net.osmand) identical 9 lines
06-28 17:38:11.993  5258  5258 W ResourceType: For resource 0x7f0e013b, entry index(315) is beyond type entryCount(142)
06-28 17:38:12.064  1713  1713 I Choreographer: Skipped 46 frames!  The application may be doing too much work on its main thread.
06-28 17:38:12.089  1397  1448 D gralloc_ranchu: gralloc_alloc: Creating ashmem region of size 544768
06-28 17:38:12.312  1397  1448 D gralloc_ranchu: gralloc_alloc: Creating ashmem region of size 487424
06-28 17:38:12.339  1713  1713 D StatusBar: disable<e i a s b h r c s q >
06-28 17:38:12.353  5258  5258 W System.err: OnCreate for MapActivity took 821 ms
06-28 17:38:12.362  1713  1924 D EGL_emulation: eglMakeCurrent: 0xa1c853c0: ver 2 0 (tinfo 0xa1c834e0)
06-28 17:38:12.373  1397  1448 D gralloc_ranchu: gralloc_alloc: Creating ashmem region of size 487424
06-28 17:38:12.409  1713  1713 W StatusBar/NavBarView: *** Invalid layout in navigation bar (sizeChanged this=126x1080 cur=126x1038)
06-28 17:38:12.432  1596  1647 I WindowManager: Screen frozen for +1s520ms due to Window{367a9df u0 StatusBar}
06-28 17:38:12.525  5258  5258 D InAppPurchaseHelper: Destroying helper.
06-28 17:38:12.531  1713  1713 D EGL_emulation: eglCreateContext: 0x8d0fcde0: maj 2 min 0 rcv 2
06-28 17:38:12.537  1713  1713 D EGL_emulation: eglMakeCurrent: 0x8d0fcde0: ver 2 0 (tinfo 0x8d53f050)
06-28 17:38:12.540  1397  1448 D gralloc_ranchu: gralloc_alloc: Creating ashmem region of size 8298496
06-28 17:38:12.567  1713  1713 D EGL_emulation: eglMakeCurrent: 0x8d0fcde0: ver 2 0 (tinfo 0x8d53f050)
06-28 17:38:12.642  1397  1448 D gralloc_ranchu: gralloc_alloc: Creating ashmem region of size 8298496
06-28 17:38:12.643  5258  5258 D net.osmand: Enable sensor
06-28 17:38:12.652  1596  1613 E memtrack: Couldn't load memtrack module
06-28 17:38:12.652  1596  1613 W android.os.Debug: failed to get memory consumption info: -1
06-28 17:38:12.681  1596  1877 I GnssLocationProvider: WakeLock acquired by sendMessage(SET_REQUEST, 0, com.android.server.location.GnssLocationProvider$GpsRequest@6b236b2)
06-28 17:38:12.717  1397  1448 D gralloc_ranchu: gralloc_alloc: Creating ashmem region of size 487424
06-28 17:38:12.725  5258  5258 W System.err: OnCreate for MapActivity took 200 ms
06-28 17:38:12.743  1713  1924 D EGL_emulation: eglMakeCurrent: 0xa1c853c0: ver 2 0 (tinfo 0xa1c834e0)
06-28 17:38:12.782  5258  5258 I Choreographer: Skipped 83 frames!  The application may be doing too much work on its main thread.
06-28 17:38:12.848  1397  1448 D gralloc_ranchu: gralloc_alloc: Creating ashmem region of size 8298496
06-28 17:38:12.867  5258  5258 W ResourceType: For resource 0x7f0e013b, entry index(315) is beyond type entryCount(142)
06-28 17:38:12.910  5258  5258 I chatty  : uid=10104(net.osmand) identical 31 lines
06-28 17:38:12.911  5258  5258 W ResourceType: For resource 0x7f0e013b, entry index(315) is beyond type entryCount(142)
06-28 17:38:12.914  1713  1924 D EGL_emulation: eglMakeCurrent: 0xa1c853c0: ver 2 0 (tinfo 0xa1c834e0)
06-28 17:38:12.922  5258  5258 W ResourceType: For resource 0x7f0e013b, entry index(315) is beyond type entryCount(142)
06-28 17:38:12.927  5258  5258 I chatty  : uid=10104(net.osmand) identical 5 lines
06-28 17:38:12.927  5258  5258 W ResourceType: For resource 0x7f0e013b, entry index(315) is beyond type entryCount(142)
06-28 17:38:12.929  5258  5258 W View    : requestLayout() improperly called by android.widget.ListView{eab2347 VFED.VC.. ......ID 0,0-735,1080 #7f0803ba app:id/menuItems} during layout: running second layout pass
06-28 17:38:12.971  1411  1411 D SurfaceFlinger: duplicate layer name: changing ScreenshotSurface to ScreenshotSurface#1
06-28 17:38:12.977  1397  1448 D gralloc_ranchu: gralloc_alloc: Creating ashmem region of size 8298496
06-28 17:38:13.033  1411  1411 E EGL_emulation: tid 1411: eglCreateSyncKHR(1962): error 0x3004 (EGL_BAD_ATTRIBUTE)
06-28 17:38:13.037  1596  3033 I WifiService: acquireWifiLock uid=10014 lockMode=2
06-28 17:38:13.056  1596  1647 W LocalDisplayAdapter: Unable to find color mode 0, ignoring request.
06-28 17:38:13.074  1596  1663 I InputReader: Reconfiguring input devices.  changes=0x00000004
06-28 17:38:13.074  1596  1663 I InputReader: Device reconfigured: id=0, name='qwerty2', size 1080x1920, orientation 0, mode 1, display id 0
06-28 17:38:13.082  1596  1621 I ActivityManager: Config changes=480 {1.0 310mcc260mnc [en_US] ldltr sw411dp w411dp h659dp 420dpi nrml port finger qwerty/v/v -nav/h appBounds=Rect(0, 0 - 1080, 1794) s.22}
06-28 17:38:13.114  1596  1621 I ActivityManager: Override config changes=480 {1.0 310mcc260mnc [en_US] ldltr sw411dp w411dp h659dp 420dpi nrml port finger qwerty/v/v -nav/h appBounds=Rect(0, 0 - 1080, 1794) s.22} for displayId=0
06-28 17:38:13.120  5258  5301 D EGL_emulation: eglMakeCurrent: 0xa1c85a20: ver 2 0 (tinfo 0xa1c83380)
06-28 17:38:13.170  1397  1448 D gralloc_ranchu: gralloc_alloc: Creating ashmem region of size 8298496
06-28 17:38:13.224  1397  1448 D gralloc_ranchu: gralloc_alloc: Creating ashmem region of size 3878912
06-28 17:38:13.359  1697  1697 I KeyboardViewUtil: systemKeyboardHeightRatio:1.000000; userKeyboardHeightRatio:1.000000.
06-28 17:38:13.380  5258  5258 I net.osmand: TTSCommandPlayerImpl Send message to pebble atenção!  Cruzamento de linha férrea 
