07-17 15:56:05.384 10586 13668 W ActivityManager: Background start not allowed: service Intent { cmp=com.google.android.apps.messaging/.shared.datamodel.action.execution.ActionExecutorImpl$EmptyService } to com.google.android.apps.messaging/.shared.datamodel.action.execution.ActionExecutorImpl$EmptyService from pid=27642 uid=10068 pkg=com.google.android.apps.messaging
07-17 15:56:05.438 10586 14388 D ConnectivityService: requestNetwork for uid/pid:10068/27723 NetworkRequest [ TRACK_DEFAULT id=59, [ Capabilities: INTERNET&NOT_RESTRICTED&TRUSTED&NOT_VPN] ]
07-17 15:56:06.038 10586 10660 D ConnectivityService: releasing NetworkRequest [ TRACK_DEFAULT id=59, [ Capabilities: INTERNET&NOT_RESTRICTED&TRUSTED&NOT_VPN] ] (release request)
07-17 15:56:46.254 10586 10603 E BatteryExternalStatsWorker: modem info is invalid: ModemActivityInfo{ mTimestamp=0 mSleepTimeMs=0 mIdleTimeMs=0 mTxTimeMs[]=[0, 0, 0, 0, 0] mRxTimeMs=0 mEnergyUsed=0}
07-17 15:57:22.556 10586 10603 E BatteryExternalStatsWorker: modem info is invalid: ModemActivityInfo{ mTimestamp=0 mSleepTimeMs=0 mIdleTimeMs=0 mTxTimeMs[]=[0, 0, 0, 0, 0] mRxTimeMs=0 mEnergyUsed=0}
07-17 15:57:41.971 10586 13863 W ActivityManager: Background start not allowed: service Intent { cmp=com.google.android.apps.messaging/.shared.datamodel.action.execution.ActionExecutorImpl$EmptyService } to com.google.android.apps.messaging/.shared.datamodel.action.execution.ActionExecutorImpl$EmptyService from pid=27642 uid=10068 pkg=com.google.android.apps.messaging
07-17 15:57:42.479 10586 11509 I ActivityManager: Start proc 27854:android.process.acore/u0a2 for content provider com.android.providers.contacts/.ContactsProvider2
07-17 15:57:49.812 10586 27876 W LocationBasedCountryDetector: Exception occurs when getting country from location
07-17 15:59:32.087 10586 10653 D NetworkStats: Resolving plan for NetworkTemplate: matchRule=MOBILE_ALL, subscriberId=310260..., matchSubscriberIds=[310260...]
07-17 15:59:32.094 10586 10653 D NetworkStats: Found active matching subId 1
07-17 15:59:32.108 10586 10653 D NetworkStats: Resolved to plan null
07-17 15:59:32.177 10586 10653 D NetworkStats: Resolving plan for NetworkTemplate: matchRule=MOBILE_ALL, subscriberId=310260..., matchSubscriberIds=[310260...]
07-17 15:59:32.182 10586 10653 D NetworkStats: Found active matching subId 1
07-17 15:59:32.196 10586 10653 D NetworkStats: Resolved to plan null
07-17 15:59:35.831 10586 15312 W ActivityManager: Slow operation: 51ms so far, now at startProcess: returned from zygote!
07-17 15:59:35.831 10586 15312 W ActivityManager: Slow operation: 51ms so far, now at startProcess: done updating battery stats
07-17 15:59:35.831 10586 15312 W ActivityManager: Slow operation: 52ms so far, now at startProcess: building log message
07-17 15:59:35.831 10586 15312 I ActivityManager: Start proc 27897:com.android.vending/u0a26 for service com.android.vending/com.google.android.finsky.datasync.CacheAndSyncTaskService
07-17 15:59:35.832 10586 15312 W ActivityManager: Slow operation: 52ms so far, now at startProcess: starting to update pids map
07-17 15:59:35.832 10586 15312 W ActivityManager: Slow operation: 52ms so far, now at startProcess: done updating pids map
07-17 15:59:35.832 10586 15312 W ActivityManager: Slow operation: 53ms so far, now at startProcess: done starting proc!
07-17 15:59:35.907 10586 12401 W ActivityManager: Slow operation: 71ms so far, now at attachApplicationLocked: immediately after bindApplication
07-17 15:59:35.907 10586 12401 W ActivityManager: Slow operation: 72ms so far, now at attachApplicationLocked: after updateLruProcessLocked
07-17 15:59:35.917 10586 12401 W ActivityManager: Slow operation: 82ms so far, now at attachApplicationLocked: after mServices.attachApplicationLocked
07-17 15:59:39.387 10586 14388 I ActivityManager: Start proc 27931:com.google.process.gapps/u0a14 for content provider com.google.android.gsf/.settings.GoogleSettingsProvider
07-17 15:59:41.966 10586 10603 E BatteryExternalStatsWorker: modem info is invalid: ModemActivityInfo{ mTimestamp=0 mSleepTimeMs=0 mIdleTimeMs=0 mTxTimeMs[]=[0, 0, 0, 0, 0] mRxTimeMs=0 mEnergyUsed=0}
07-17 15:59:42.183 10586 14388 I ActivityManager: Start proc 27980:android.process.media/u0a9 for content provider com.android.providers.downloads/.DownloadProvider
07-17 15:59:48.841 10586 10660 D ConnectivityService: NetworkAgentInfo [WIFI () - 101] validation failed
07-17 16:00:03.774 10586 10603 E BatteryExternalStatsWorker: modem info is invalid: ModemActivityInfo{ mTimestamp=0 mSleepTimeMs=0 mIdleTimeMs=0 mTxTimeMs[]=[0, 0, 0, 0, 0] mRxTimeMs=0 mEnergyUsed=0}
07-17 16:00:25.539 10586 10603 E BatteryExternalStatsWorker: modem info is invalid: ModemActivityInfo{ mTimestamp=0 mSleepTimeMs=0 mIdleTimeMs=0 mTxTimeMs[]=[0, 0, 0, 0, 0] mRxTimeMs=0 mEnergyUsed=0}
07-17 16:01:57.309 10586 10660 D ConnectivityService: NetworkAgentInfo [MOBILE (GPRS) - 104] validation failed
07-17 16:02:12.156 10586 10603 E BatteryExternalStatsWorker: modem info is invalid: ModemActivityInfo{ mTimestamp=0 mSleepTimeMs=0 mIdleTimeMs=0 mTxTimeMs[]=[0, 0, 0, 0, 0] mRxTimeMs=0 mEnergyUsed=0}
07-17 16:02:42.038 10586 10603 I chatty  : uid=1000(system) batterystats-wo identical 1 line
07-17 16:03:27.966 10586 10603 E BatteryExternalStatsWorker: modem info is invalid: ModemActivityInfo{ mTimestamp=0 mSleepTimeMs=0 mIdleTimeMs=0 mTxTimeMs[]=[0, 0, 0, 0, 0] mRxTimeMs=0 mEnergyUsed=0}
07-17 16:04:52.937 10586 10603 E BatteryExternalStatsWorker: modem info is invalid: ModemActivityInfo{ mTimestamp=0 mSleepTimeMs=0 mIdleTimeMs=0 mTxTimeMs[]=[0, 0, 0, 0, 0] mRxTimeMs=0 mEnergyUsed=0}
07-17 16:05:31.846 10586 10603 I chatty  : uid=1000(system) batterystats-wo identical 1 line
07-17 16:06:17.833 10586 10603 E BatteryExternalStatsWorker: modem info is invalid: ModemActivityInfo{ mTimestamp=0 mSleepTimeMs=0 mIdleTimeMs=0 mTxTimeMs[]=[0, 0, 0, 0, 0] mRxTimeMs=0 mEnergyUsed=0}
07-17 16:07:38.928 10586 10603 E BatteryExternalStatsWorker: modem info is invalid: ModemActivityInfo{ mTimestamp=0 mSleepTimeMs=0 mIdleTimeMs=0 mTxTimeMs[]=[0, 0, 0, 0, 0] mRxTimeMs=0 mEnergyUsed=0}
07-17 16:08:14.556 10586 10603 I chatty  : uid=1000(system) batterystats-wo identical 1 line
07-17 16:08:46.709 10586 10603 E BatteryExternalStatsWorker: modem info is invalid: ModemActivityInfo{ mTimestamp=0 mSleepTimeMs=0 mIdleTimeMs=0 mTxTimeMs[]=[0, 0, 0, 0, 0] mRxTimeMs=0 mEnergyUsed=0}
07-17 16:08:54.216 10586 12401 I ActivityManager: Start proc 28087:com.google.android.videos/u0a74 for service com.google.android.videos/com.google.android.apps.play.movies.common.service.drm.RefreshLicenseTaskService
07-17 16:08:56.318 10586 10597 D ConnectivityService: Returning BLOCKED NetworkInfo to uid=10074
07-17 16:10:08.463 10586 10660 D ConnectivityService: NetworkAgentInfo [WIFI () - 101] validation failed
07-17 16:12:17.449 10586 10660 D ConnectivityService: NetworkAgentInfo [MOBILE (GPRS) - 104] validation failed
07-17 16:12:24.435 10586 10603 E BatteryExternalStatsWorker: modem info is invalid: ModemActivityInfo{ mTimestamp=0 mSleepTimeMs=0 mIdleTimeMs=0 mTxTimeMs[]=[0, 0, 0, 0, 0] mRxTimeMs=0 mEnergyUsed=0}
--------- beginning of main
07-17 16:14:34.428 10586 12401 I WifiService: acquireWifiLock uid=10014 lockMode=2
07-17 16:14:34.555 10586 10599 E memtrack: Couldn't load memtrack module
07-17 16:14:34.555 10586 10599 W android.os.Debug: failed to get memory consumption info: -1
07-17 16:14:34.753 10586 10599 E memtrack: Couldn't load memtrack module
07-17 16:14:34.753 10586 10599 W android.os.Debug: failed to get memory consumption info: -1
07-17 16:14:34.973 10536 10570 I chatty  : uid=1041(audioserver) AudioOut_D expire 13 lines
07-17 16:14:35.986 28087 28117 E PlayCommon: [716] ServerTimestampFetcher.queryServerTimestamp: Failed to connect to server for server timestamp: java.net.UnknownHostException: Unable to resolve host "play.googleapis.com": No address associated with hostname
07-17 16:14:35.991 28087 28117 E PlayCommon: [716] PlayEventLogger.uploadLog: Failed to connect to server: java.net.UnknownHostException: Unable to resolve host "play.googleapis.com": No address associated with hostname
07-17 16:14:37.126  1407  1407 I boot-pipe: done populating /dev/random
07-17 16:14:37.193 10923 10923 I GeofencerStateMachine: sendNewTransitions called.
07-17 16:14:37.435 10586 10967 D WificondControl: Scan result ready event
07-17 16:14:37.607 10586 11509 I WifiService: releaseWifiLock uid=10014
07-17 16:14:38.234 21823 21833 I chatty  : uid=10104(net.osmand) HeapTaskDaemon expire 16 lines
07-17 16:14:41.094 10538 27011 I chatty  : uid=1013(media) NPDecoder expire 21 lines
07-17 16:14:41.618 10538 27010 I chatty  : uid=1013(media) NuPlayerRendere expire 21 lines
07-17 16:14:42.273 10923 10923 I GeofencerStateMachine: sendNewTransitions called.
07-17 16:14:47.404 10923 10923 I GeofencerStateMachine: sendNewTransitions called.
07-17 16:14:49.198 11993 11993 I chatty  : uid=10090(hr.mireo.arthur) expire 21 lines
07-17 16:14:49.686 10541 11931 I chatty  : uid=1041(audioserver) writer expire 64 lines
07-17 16:14:50.236 10536 10570 I chatty  : uid=1041(audioserver) AudioOut_D expire 22 lines
07-17 16:14:50.917 10538 27006 I chatty  : uid=1013(media) NuPlayerDriver expire 14 lines
07-17 16:12:52.524 10586 10603 I chatty  : uid=1000(system) batterystats-wo identical 1 line
07-17 16:13:15.030 10586 10603 E BatteryExternalStatsWorker: modem info is invalid: ModemActivityInfo{ mTimestamp=0 mSleepTimeMs=0 mIdleTimeMs=0 mTxTimeMs[]=[0, 0, 0, 0, 0] mRxTimeMs=0 mEnergyUsed=0}
07-17 16:14:52.280 10586 10603 E BatteryExternalStatsWorker: modem info is invalid: ModemActivityInfo{ mTimestamp=0 mSleepTimeMs=0 mIdleTimeMs=0 mTxTimeMs[]=[0, 0, 0, 0, 0] mRxTimeMs=0 mEnergyUsed=0}
07-17 16:14:52.554 10923 10923 I GeofencerStateMachine: sendNewTransitions called.
07-17 16:14:52.988 10586 10595 I zygote  : Background concurrent copying GC freed 35515(1589KB) AllocSpace objects, 0(0B) LOS objects, 16% free, 30MB/36MB, paused 1.434ms total 599.605ms
07-17 16:14:53.771 10833 10845 I zygote  : Background concurrent copying GC freed 43686(2MB) AllocSpace objects, 0(0B) LOS objects, 49% free, 2MB/4MB, paused 1.114ms total 165.830ms
07-17 16:14:54.459 10586 15312 I WifiService: acquireWifiLock uid=10014 lockMode=2
07-17 16:14:54.616 10586 11509 I WifiService: releaseWifiLock uid=10014
07-17 16:14:57.404 10923 10923 I GeofencerStateMachine: sendNewTransitions called.
07-17 16:14:58.326 21823 21833 I chatty  : uid=10104(net.osmand) HeapTaskDaemon expire 13 lines
07-17 16:15:00.519 10538 27010 I chatty  : uid=1013(media) NuPlayerRendere expire 42 lines
07-17 16:15:02.441 10923 10923 I GeofencerStateMachine: sendNewTransitions called.
07-17 16:15:02.977 10538 27011 I chatty  : uid=1013(media) NPDecoder expire 19 lines
07-17 16:15:08.274 10923 10923 I GeofencerStateMachine: sendNewTransitions called.
07-17 16:15:11.181 11993 11993 I chatty  : uid=10090(hr.mireo.arthur) expire 21 lines
07-17 16:15:13.114 10538 27006 I chatty  : uid=1013(media) NuPlayerDriver expire 14 lines
07-17 16:15:13.427 10923 10923 I GeofencerStateMachine: sendNewTransitions called.
07-17 16:15:13.517 21823 21833 I chatty  : uid=10104(net.osmand) HeapTaskDaemon expire 11 lines
07-17 16:15:13.878 10541 11931 I chatty  : uid=1041(audioserver) writer expire 39 lines
07-17 16:15:14.499 10536 10570 I chatty  : uid=1041(audioserver) AudioOut_D expire 20 lines
07-17 16:15:14.661 10586 10967 I WifiService: acquireWifiLock uid=10014 lockMode=2
07-17 16:15:16.126 10923 10934 I zygote  : Background concurrent copying GC freed 191485(6MB) AllocSpace objects, 0(0B) LOS objects, 41% free, 8MB/14MB, paused 1.261ms total 343.475ms
07-17 16:15:17.041 10586 10595 I zygote  : Background concurrent copying GC freed 31383(1381KB) AllocSpace objects, 0(0B) LOS objects, 16% free, 30MB/36MB, paused 1.299ms total 858.408ms
07-17 16:15:17.664 10586 10967 D WificondControl: Scan result ready event
07-17 16:15:17.751 10586 10597 I WifiService: releaseWifiLock uid=10014
07-17 16:15:18.459 10923 10923 I GeofencerStateMachine: sendNewTransitions called.
07-17 16:15:22.745 10538 27011 I chatty  : uid=1013(media) NPDecoder expire 11 lines
07-17 16:15:24.149 10923 10923 I GeofencerStateMachine: sendNewTransitions called.
07-17 16:15:27.447 21823 21833 I chatty  : uid=10104(net.osmand) HeapTaskDaemon expire 10 lines
07-17 16:15:29.224 10923 10923 I GeofencerStateMachine: sendNewTransitions called.
07-17 16:15:32.564 10541 11931 I chatty  : uid=1041(audioserver) writer expire 38 lines
07-17 16:15:33.640 11993 11993 I chatty  : uid=10090(hr.mireo.arthur) expire 11 lines
07-17 16:15:34.292 10923 10923 I GeofencerStateMachine: sendNewTransitions called.
07-17 16:15:34.334 10586 10599 E memtrack: Couldn't load memtrack module
07-17 16:15:34.334 10586 10599 W android.os.Debug: failed to get memory consumption info: -1
07-17 16:15:34.662 10538 27011 I chatty  : uid=1013(media) NPDecoder expire 27 lines
07-17 16:15:34.726 10586 13668 I WifiService: acquireWifiLock uid=10014 lockMode=2
07-17 16:15:34.740 10586 10599 E memtrack: Couldn't load memtrack module
07-17 16:15:34.740 10586 10599 W android.os.Debug: failed to get memory consumption info: -1
07-17 16:15:34.914 10586 11509 I WifiService: releaseWifiLock uid=10014
07-17 16:15:34.941 10586 10599 E memtrack: Couldn't load memtrack module
07-17 16:15:34.941 10586 10599 W android.os.Debug: failed to get memory consumption info: -1
07-17 16:15:34.994 10586 10599 E memtrack: Couldn't load memtrack module
07-17 16:15:34.994 10586 10599 W android.os.Debug: failed to get memory consumption info: -1
07-17 16:15:35.099 10586 10599 E memtrack: Couldn't load memtrack module
07-17 16:15:35.099 10586 10599 W android.os.Debug: failed to get memory consumption info: -1
07-17 16:15:35.192 10538 27006 I chatty  : uid=1013(media) NuPlayerDriver expire 15 lines
07-17 16:15:35.196 10586 10599 E memtrack: Couldn't load memtrack module
07-17 16:15:35.196 10586 10599 W android.os.Debug: failed to get memory consumption info: -1
07-17 16:15:35.296 10586 10599 E memtrack: Couldn't load memtrack module
07-17 16:15:35.296 10586 10599 W android.os.Debug: failed to get memory consumption info: -1
07-17 16:15:35.420 10586 10599 E memtrack: Couldn't load memtrack module
07-17 16:15:35.420 10586 10599 W android.os.Debug: failed to get memory consumption info: -1
07-17 16:15:35.987 10536 10570 I chatty  : uid=1041(audioserver) AudioOut_D expire 20 lines
07-17 16:15:36.933 27897 27914 I Finsky  : [691] jen.run(3): Stats for Executor: BlockingExecutor jfw@73588bb[Running, pool size = 0, active threads = 0, queued tasks = 0, completed tasks = 16]
07-17 16:15:37.035 27897 27914 I Finsky  : [691] jen.run(3): Stats for Executor: LightweightExecutor jfw@d1661d8[Running, pool size = 2, active threads = 0, queued tasks = 0, completed tasks = 61]
07-17 16:15:37.127  1407  1407 I boot-pipe: done populating /dev/random
07-17 16:15:37.812 10538 27010 I chatty  : uid=1013(media) NuPlayerRendere expire 28 lines
07-17 16:15:38.744 27897 27914 I Finsky  : [691] jen.run(3): Stats for Executor: bgExecutor jfw@967a931[Running, pool size = 4, active threads = 0, queued tasks = 0, completed tasks = 35]
07-17 16:15:39.264 21823 21833 I chatty  : uid=10104(net.osmand) HeapTaskDaemon expire 11 lines
07-17 16:15:39.325 10923 10923 I GeofencerStateMachine: sendNewTransitions called.
07-17 16:15:40.100 10586 10595 I zygote  : Background concurrent copying GC freed 31235(1378KB) AllocSpace objects, 0(0B) LOS objects, 16% free, 30MB/36MB, paused 1.143ms total 780.372ms
07-17 16:15:44.442 10923 10923 I GeofencerStateMachine: sendNewTransitions called.
07-17 16:15:44.735 11993 11993 I chatty  : uid=10090(hr.mireo.arthur) expire 11 lines
07-17 16:15:46.182 10541 11931 I chatty  : uid=1041(audioserver) writer expire 26 lines
07-17 16:15:49.431 10923 10923 I GeofencerStateMachine: sendNewTransitions called.
07-17 16:15:52.784 21823 21833 I chatty  : uid=10104(net.osmand) HeapTaskDaemon expire 10 lines
07-17 16:15:55.269 10923 10923 I GeofencerStateMachine: sendNewTransitions called.
07-17 16:15:55.546 10586 10967 I WifiService: acquireWifiLock uid=10014 lockMode=2
07-17 16:15:27.532 10586 10603 E BatteryExternalStatsWorker: modem info is invalid: ModemActivityInfo{ mTimestamp=0 mSleepTimeMs=0 mIdleTimeMs=0 mTxTimeMs[]=[0, 0, 0, 0, 0] mRxTimeMs=0 mEnergyUsed=0}
07-17 16:15:55.547 10586 10586 I ActivityManager: Start proc 28190:com.android.chrome/u0a49 for service com.android.chrome/org.chromium.components.background_task_scheduler.BackgroundTaskJobService
07-17 16:15:55.547 10586 10586 W ActivityManager: Slow operation: 51ms so far, now at startProcess: done starting proc!
07-17 16:15:55.558 28190 28190 W zygote  : Unexpected CPU variant for X86 using defaults: x86
07-17 16:15:55.581 10923 28053 W Conscrypt: Could not set socket write timeout: java.net.SocketException: Socket closed
07-17 16:15:55.592 10923 28053 W Conscrypt: 	at com.google.android.gms.org.conscrypt.Platform.setSocketWriteTimeout(:com.google.android.gms@17785022@17.7.85 (040700-253824076):2)
07-17 16:15:55.610 10923 28053 W Conscrypt: 	at com.google.android.gms.org.conscrypt.ConscryptFileDescriptorSocket.setSoWriteTimeout(:com.google.android.gms@17785022@17.7.85 (040700-253824076):2)
07-17 16:15:55.660 10586 10967 W ActivityManager: Slow operation: 67ms so far, now at attachApplicationLocked: after mServices.attachApplicationLocked
07-17 16:15:55.796 11993 11993 I chatty  : uid=10090(hr.mireo.arthur) expire 18 lines
07-17 16:15:57.163 10538 27006 I chatty  : uid=1013(media) NuPlayerDriver expire 11 lines
07-17 16:15:58.544 10586 10597 D WificondControl: Scan result ready event
07-17 16:15:58.671 10586 15312 I WifiService: releaseWifiLock uid=10014
07-17 16:15:59.636 10586 10603 E BatteryExternalStatsWorker: modem info is invalid: ModemActivityInfo{ mTimestamp=0 mSleepTimeMs=0 mIdleTimeMs=0 mTxTimeMs[]=[0, 0, 0, 0, 0] mRxTimeMs=0 mEnergyUsed=0}
07-17 16:15:59.753 10538 27010 I chatty  : uid=1013(media) NuPlayerRendere expire 15 lines
07-17 16:15:59.758 10536 10570 I chatty  : uid=1041(audioserver) AudioOut_D expire 12 lines
07-17 16:16:00.451 10923 10923 I GeofencerStateMachine: sendNewTransitions called.
07-17 16:16:00.507 10586 10595 I zygote  : Background concurrent copying GC freed 38378(1785KB) AllocSpace objects, 12(816KB) LOS objects, 16% free, 30MB/36MB, paused 1.888ms total 733.018ms
07-17 16:16:01.218 10541 11931 I chatty  : uid=1041(audioserver) writer expire 41 lines
07-17 16:16:01.272 11993 12003 I chatty  : uid=10090(hr.mireo.arthur) HeapTaskDaemon expire 9 lines
07-17 16:16:02.987 10538 27011 I chatty  : uid=1013(media) NPDecoder expire 12 lines
07-17 16:16:05.476 10923 10923 I GeofencerStateMachine: sendNewTransitions called.
07-17 16:16:06.966 21823 21833 I chatty  : uid=10104(net.osmand) HeapTaskDaemon expire 13 lines
07-17 16:16:07.612 10586 10599 I UsageStatsService: User[0] Flushing usage stats to disk
07-17 16:16:11.117 10923 10923 I GeofencerStateMachine: sendNewTransitions called.
07-17 16:16:13.963 11993 11993 I chatty  : uid=10090(hr.mireo.arthur) expire 18 lines
07-17 16:16:14.945 10923 10934 I zygote  : Background concurrent copying GC freed 189506(5MB) AllocSpace objects, 0(0B) LOS objects, 42% free, 8MB/14MB, paused 1.031ms total 149.201ms
07-17 16:16:15.338 10538 27011 I chatty  : uid=1013(media) NPDecoder expire 21 lines
07-17 16:16:15.566 10541 11931 I chatty  : uid=1041(audioserver) writer expire 68 lines
07-17 16:16:15.589 10538 27010 I chatty  : uid=1013(media) NuPlayerRendere expire 30 lines
07-17 16:16:15.642 10586 10967 I WifiService: acquireWifiLock uid=10014 lockMode=2
07-17 16:16:15.887 10586 10967 I WifiService: releaseWifiLock uid=10014
07-17 16:16:15.930 10538 27006 I chatty  : uid=1013(media) NuPlayerDriver expire 14 lines
07-17 16:16:16.207 10536 10570 I chatty  : uid=1041(audioserver) AudioOut_D expire 20 lines
07-17 16:16:16.220 10923 10923 I GeofencerStateMachine: sendNewTransitions called.
07-17 16:16:21.202 10923 10923 I GeofencerStateMachine: sendNewTransitions called.
07-17 16:16:21.965 21823 21833 I chatty  : uid=10104(net.osmand) HeapTaskDaemon expire 10 lines
07-17 16:16:25.072 10586 10595 I zygote  : Background concurrent copying GC freed 33134(1482KB) AllocSpace objects, 10(520KB) LOS objects, 16% free, 30MB/36MB, paused 2.491ms total 640.702ms
07-17 16:16:26.424 10923 10923 I GeofencerStateMachine: sendNewTransitions called.
07-17 16:16:31.494 10923 10923 I GeofencerStateMachine: sendNewTransitions called.
07-17 16:16:32.860 10586 10599 E memtrack: Couldn't load memtrack module
07-17 16:16:32.860 10586 10599 W android.os.Debug: failed to get memory consumption info: -1
07-17 16:16:33.012 10586 10599 E memtrack: Couldn't load memtrack module
07-17 16:16:33.012 10586 10599 W android.os.Debug: failed to get memory consumption info: -1
07-17 16:16:33.300 10923 10923 I GeofencerStateMachine: sendNewLocationAvailability: availability=LocationAvailability[isLocationAvailable: true]
07-17 16:16:34.100 21823 21833 I chatty  : uid=10104(net.osmand) HeapTaskDaemon expire 20 lines
07-17 16:16:34.184 11993 11993 I chatty  : uid=10090(hr.mireo.arthur) expire 15 lines
07-17 16:16:35.570 10536 10570 I chatty  : uid=1041(audioserver) AudioOut_D expire 18 lines
07-17 16:16:35.728 10586 10597 I WifiService: acquireWifiLock uid=10014 lockMode=2
07-17 16:16:35.793 10586 10599 E memtrack: Couldn't load memtrack module
07-17 16:16:35.793 10586 10599 W android.os.Debug: failed to get memory consumption info: -1
07-17 16:16:36.228 10586 10599 E memtrack: Couldn't load memtrack module
07-17 16:16:36.228 10586 10599 W android.os.Debug: failed to get memory consumption info: -1
07-17 16:16:37.129  1407  1407 I boot-pipe: done populating /dev/random
07-17 16:16:37.295 10923 10923 I GeofencerStateMachine: sendNewTransitions called.
07-17 16:16:37.454 10538 27011 I chatty  : uid=1013(media) NPDecoder expire 15 lines
07-17 16:16:37.865 10538 27006 I chatty  : uid=1013(media) NuPlayerDriver expire 10 lines
07-17 16:16:37.933 10538 27010 I chatty  : uid=1013(media) NuPlayerRendere expire 14 lines
07-17 16:16:38.734 10586 10597 D WificondControl: Scan result ready event
07-17 16:16:38.847 10586 10597 I WifiService: releaseWifiLock uid=10014
07-17 16:16:38.956 10541 11931 I chatty  : uid=1041(audioserver) writer expire 30 lines
07-17 16:16:40.766 10586 10967 I WifiService: acquireWifiLock uid=10014 lockMode=2
07-17 16:16:40.959 10586 10967 I WifiService: releaseWifiLock uid=10014
07-17 16:16:42.451 10923 10923 I GeofencerStateMachine: sendNewTransitions called.
07-17 16:16:43.154 10586 10595 I zygote  : Background concurrent copying GC freed 27689(1240KB) AllocSpace objects, 0(0B) LOS objects, 16% free, 30MB/36MB, paused 2.318ms total 667.291ms
07-17 16:16:45.097 10833 10845 I zygote  : Background concurrent copying GC freed 44360(2MB) AllocSpace objects, 0(0B) LOS objects, 50% free, 2MB/4MB, paused 1.587ms total 112.303ms
07-17 16:16:45.818 10586 10597 I WifiService: acquireWifiLock uid=10014 lockMode=2
07-17 16:16:47.516 10923 10923 I GeofencerStateMachine: sendNewTransitions called.
07-17 16:16:48.815 10586 12401 D WificondControl: Scan result ready event
07-17 16:16:48.952 10586 12401 I WifiService: releaseWifiLock uid=10014
07-17 16:16:50.898 10586 12401 I WifiService: acquireWifiLock uid=10014 lockMode=2
07-17 16:16:51.097 10586 10597 I WifiService: releaseWifiLock uid=10014
07-17 16:16:51.526 10536 10570 I chatty  : uid=1041(audioserver) AudioOut_D expire 11 lines
07-17 16:16:52.353 11993 11993 I chatty  : uid=10090(hr.mireo.arthur) expire 11 lines
07-17 16:16:52.939 10538 27011 I chatty  : uid=1013(media) NPDecoder expire 12 lines
07-17 16:16:53.123 10923 10923 I GeofencerStateMachine: sendNewTransitions called.
07-17 16:16:53.430 10538 27006 I chatty  : uid=1013(media) NuPlayerDriver expire 12 lines
07-17 16:16:53.500 10538 27010 I chatty  : uid=1013(media) NuPlayerRendere expire 32 lines
07-17 16:16:54.878 10541 11931 I chatty  : uid=1041(audioserver) writer expire 63 lines
07-17 16:16:55.919 10586 10597 I WifiService: acquireWifiLock uid=10014 lockMode=2
07-17 16:16:56.878 21823 21833 I chatty  : uid=10104(net.osmand) HeapTaskDaemon expire 10 lines
07-17 16:16:58.317 10923 10923 I GeofencerStateMachine: sendNewTransitions called.
07-17 16:16:58.924 10586 12401 D WificondControl: Scan result ready event
07-17 16:16:59.109 10586 13668 I WifiService: releaseWifiLock uid=10014
07-17 16:17:00.938 10586 11509 I WifiService: acquireWifiLock uid=10014 lockMode=2
07-17 16:17:01.205 10586 10597 I WifiService: releaseWifiLock uid=10014
07-17 16:17:02.167 10586 10595 I zygote  : Background concurrent copying GC freed 28936(1330KB) AllocSpace objects, 0(0B) LOS objects, 16% free, 30MB/36MB, paused 1.817ms total 1.036s
07-17 16:17:03.436 10923 10923 I GeofencerStateMachine: sendNewTransitions called.
07-17 16:17:04.018 10536 10570 I chatty  : uid=1041(audioserver) AudioOut_D expire 14 lines
07-17 16:17:04.585 11993 11993 I chatty  : uid=10090(hr.mireo.arthur) expire 22 lines
07-17 16:17:05.522 10538 27011 I chatty  : uid=1013(media) NPDecoder expire 12 lines
07-17 16:17:05.967 10586 15312 I WifiService: acquireWifiLock uid=10014 lockMode=2
07-17 16:17:08.505 10923 10923 I GeofencerStateMachine: sendNewTransitions called.
07-17 16:17:09.043 10586 13668 D WificondControl: Scan result ready event
07-17 16:17:09.292 10586 10967 I WifiService: releaseWifiLock uid=10014
07-17 16:17:09.728 10923 10934 I zygote  : Background concurrent copying GC freed 184902(5MB) AllocSpace objects, 0(0B) LOS objects, 41% free, 8MB/14MB, paused 1.145ms total 224.659ms
07-17 16:17:10.743 21823 21833 I chatty  : uid=10104(net.osmand) HeapTaskDaemon expire 10 lines
07-17 16:17:11.034 10586 10967 I WifiService: acquireWifiLock uid=10014 lockMode=2
07-17 16:17:11.058 10586 10599 E memtrack: Couldn't load memtrack module
07-17 16:17:11.059 10586 10599 W android.os.Debug: failed to get memory consumption info: -1
07-17 16:17:11.131 10586 12401 I WifiService: releaseWifiLock uid=10014
07-17 16:17:11.167 10586 10599 E memtrack: Couldn't load memtrack module
07-17 16:17:11.167 10586 10599 W android.os.Debug: failed to get memory consumption info: -1
07-17 16:17:11.282 10586 10599 E memtrack: Couldn't load memtrack module
07-17 16:17:11.283 10586 10599 W android.os.Debug: failed to get memory consumption info: -1
07-17 16:17:12.188 10538 27006 I chatty  : uid=1013(media) NuPlayerDriver expire 10 lines
07-17 16:17:14.205 10923 10923 I GeofencerStateMachine: sendNewTransitions called.
07-17 16:17:16.107 10586 15312 I WifiService: acquireWifiLock uid=10014 lockMode=2
07-17 16:17:17.819 10538 27011 I chatty  : uid=1013(media) NPDecoder expire 18 lines
07-17 16:17:19.093 10586 15312 D WificondControl: Scan result ready event
07-17 16:17:19.178 10536 10570 I chatty  : uid=1041(audioserver) AudioOut_D expire 11 lines
07-17 16:17:19.294 10586 13668 I WifiService: releaseWifiLock uid=10014
07-17 16:17:19.349 10923 10923 I GeofencerStateMachine: sendNewTransitions called.
07-17 16:17:19.386 10541 11931 I chatty  : uid=1041(audioserver) writer expire 37 lines
07-17 16:17:21.119 10586 15312 I WifiService: acquireWifiLock uid=10014 lockMode=2
07-17 16:17:21.236 10586 13668 I WifiService: releaseWifiLock uid=10014
07-17 16:17:21.907 10586 10595 I zygote  : Background concurrent copying GC freed 27587(1214KB) AllocSpace objects, 0(0B) LOS objects, 16% free, 30MB/36MB, paused 4.607ms total 724.463ms
07-17 16:17:22.754 21823 21833 I chatty  : uid=10104(net.osmand) HeapTaskDaemon expire 10 lines
07-17 16:17:24.376 10923 10923 I GeofencerStateMachine: sendNewTransitions called.
07-17 16:17:26.174 10586 11509 I WifiService: acquireWifiLock uid=10014 lockMode=2
07-17 16:17:26.217 11993 11993 I chatty  : uid=10090(hr.mireo.arthur) expire 11 lines
07-17 16:17:27.338 10538 27010 I chatty  : uid=1013(media) NuPlayerRendere expire 16 lines
07-17 16:17:27.790 10538 27006 I chatty  : uid=1013(media) NuPlayerDriver expire 10 lines
07-17 16:17:29.204 10586 10597 D WificondControl: Scan result ready event
07-17 16:17:29.313 10586 10597 I WifiService: releaseWifiLock uid=10014
07-17 16:17:29.462 10923 10923 I GeofencerStateMachine: sendNewTransitions called.
07-17 16:17:31.205 10541 11931 I chatty  : uid=1041(audioserver) writer expire 37 lines
07-17 16:17:31.235 10586 12401 I WifiService: acquireWifiLock uid=10014 lockMode=2
07-17 16:17:31.238 10536 10570 I chatty  : uid=1041(audioserver) AudioOut_D expire 25 lines
07-17 16:17:31.390 10586 12401 I WifiService: releaseWifiLock uid=10014
07-17 16:17:33.613 10923 10923 I GeofencerStateMachine: sendNewLocationAvailability: availability=LocationAvailability[isLocationAvailable: true]
07-17 16:17:34.526 10923 10923 I GeofencerStateMachine: sendNewTransitions called.
07-17 16:17:35.336 21823 21833 I chatty  : uid=10104(net.osmand) HeapTaskDaemon expire 10 lines
07-17 16:17:36.359 10586 13668 I WifiService: acquireWifiLock uid=10014 lockMode=2
07-17 16:17:36.584 10538 27011 I chatty  : uid=1013(media) NPDecoder expire 27 lines
07-17 16:17:37.132  1407  1407 I boot-pipe: done populating /dev/random
07-17 16:17:38.161 11993 11993 I chatty  : uid=10090(hr.mireo.arthur) expire 25 lines
07-17 16:17:39.387 10586 13668 D WificondControl: Scan result ready event
07-17 16:17:39.455 10586 11509 I WifiService: releaseWifiLock uid=10014
07-17 16:17:39.847 10538 27010 I chatty  : uid=1013(media) NuPlayerRendere expire 16 lines
07-17 16:17:40.229 10923 10923 I GeofencerStateMachine: sendNewTransitions called.
07-17 16:17:40.364 10586 13668 I zygote  : IncrementDisableThreadFlip blocked for 11.782ms
07-17 16:17:40.365 10586 11509 I zygote  : IncrementDisableThreadFlip blocked for 10.774ms
07-17 16:17:40.365 10586 10597 I zygote  : IncrementDisableThreadFlip blocked for 10.652ms
07-17 16:17:41.230 10586 10595 I zygote  : Background concurrent copying GC freed 31286(1367KB) AllocSpace objects, 0(0B) LOS objects, 16% free, 30MB/36MB, paused 12.348ms total 919.699ms
07-17 16:17:43.017 10541 11931 I chatty  : uid=1041(audioserver) writer expire 70 lines
07-17 16:17:43.402 10538 27006 I chatty  : uid=1013(media) NuPlayerDriver expire 14 lines
07-17 16:17:45.348 10923 10923 I GeofencerStateMachine: sendNewTransitions called.
07-17 16:17:48.920 21823 21833 I chatty  : uid=10104(net.osmand) HeapTaskDaemon expire 10 lines
07-17 16:17:50.392 10923 10923 I GeofencerStateMachine: sendNewTransitions called.
07-17 16:17:52.844 10538 27010 I chatty  : uid=1013(media) NuPlayerRendere expire 12 lines
07-17 16:17:54.396 10536 10570 I chatty  : uid=1041(audioserver) AudioOut_D expire 13 lines
07-17 16:17:55.507 10923 10923 I GeofencerStateMachine: sendNewTransitions called.
07-17 16:17:56.404 10586 10967 I WifiService: acquireWifiLock uid=10014 lockMode=2
07-17 16:17:56.540 10586 10967 I WifiService: releaseWifiLock uid=10014
07-17 16:18:00.526 10923 10923 I GeofencerStateMachine: sendNewTransitions called.
07-17 16:18:01.873 21823 21833 I chatty  : uid=10104(net.osmand) HeapTaskDaemon expire 13 lines
07-17 16:18:03.691 11993 11993 I chatty  : uid=10090(hr.mireo.arthur) expire 21 lines
07-17 16:18:04.281 10923 10934 I zygote  : Background concurrent copying GC freed 183008(5MB) AllocSpace objects, 0(0B) LOS objects, 41% free, 8MB/14MB, paused 2.793ms total 174.244ms
07-17 16:18:04.627 10538 27011 I chatty  : uid=1013(media) NPDecoder expire 21 lines
07-17 16:18:05.119 10586 10595 I zygote  : ThreadFlipBegin blocked for 6.583ms
07-17 16:18:05.123 10586 10599 I zygote  : IncrementDisableThreadFlip blocked for 10.886ms
07-17 16:18:05.242 10538 27006 I chatty  : uid=1013(media) NuPlayerDriver expire 14 lines
07-17 16:18:05.768 10541 11931 I chatty  : uid=1041(audioserver) writer expire 40 lines
07-17 16:18:05.979 10586 10595 I zygote  : Background concurrent copying GC freed 33552(1467KB) AllocSpace objects, 0(0B) LOS objects, 16% free, 31MB/37MB, paused 2.470ms total 863.928ms
07-17 16:18:06.275 10923 10923 I GeofencerStateMachine: sendNewTransitions called.
07-17 16:18:06.855 10536 10570 I chatty  : uid=1041(audioserver) AudioOut_D expire 16 lines
07-17 16:18:07.905 10538 27010 I chatty  : uid=1013(media) NuPlayerRendere expire 22 lines
07-17 16:18:11.326 10923 10923 I GeofencerStateMachine: sendNewTransitions called.
07-17 16:18:16.452 10923 10923 I GeofencerStateMachine: sendNewTransitions called.
07-17 16:18:16.514 10586 10967 I WifiService: acquireWifiLock uid=10014 lockMode=2
07-17 16:18:17.754 21823 21833 I chatty  : uid=10104(net.osmand) HeapTaskDaemon expire 11 lines
07-17 16:18:19.572 10586 11509 D WificondControl: Scan result ready event
07-17 16:18:19.734 10586 12401 I WifiService: releaseWifiLock uid=10014
07-17 16:18:21.574 10923 10923 I GeofencerStateMachine: sendNewTransitions called.
07-17 16:18:24.628 11993 11993 I chatty  : uid=10090(hr.mireo.arthur) expire 14 lines
07-17 16:18:24.921 10536 10570 I chatty  : uid=1041(audioserver) AudioOut_D expire 15 lines
07-17 16:18:26.019 10541 11931 I chatty  : uid=1041(audioserver) writer expire 49 lines
07-17 16:18:26.568 10538 27011 I chatty  : uid=1013(media) NPDecoder expire 12 lines
07-17 16:18:27.110 10538 27006 I chatty  : uid=1013(media) NuPlayerDriver expire 16 lines
07-17 16:18:27.190 10538 27010 I chatty  : uid=1013(media) NuPlayerRendere expire 12 lines
07-17 16:18:27.287 10923 10923 I GeofencerStateMachine: sendNewTransitions called.
07-17 16:18:29.519 10586 10967 I zygote  : IncrementDisableThreadFlip blocked for 5.241ms
07-17 16:18:29.965 21823 21833 I chatty  : uid=10104(net.osmand) HeapTaskDaemon expire 11 lines
07-17 16:18:30.433 10586 10595 I zygote  : Background concurrent copying GC freed 37093(1631KB) AllocSpace objects, 0(0B) LOS objects, 16% free, 31MB/37MB, paused 4.407ms total 964.486ms
07-17 16:18:32.444 10923 10923 I GeofencerStateMachine: sendNewTransitions called.
07-17 16:18:36.535 10586 12401 I WifiService: acquireWifiLock uid=10014 lockMode=2
07-17 16:18:36.644 10586 10599 E memtrack: Couldn't load memtrack module
07-17 16:18:36.644 10586 10599 W android.os.Debug: failed to get memory consumption info: -1
07-17 16:18:36.707 10586 11509 I WifiService: releaseWifiLock uid=10014
07-17 16:18:36.935 27897 27914 I Finsky  : [691] jen.run(3): Stats for Executor: BlockingExecutor jfw@73588bb[Running, pool size = 0, active threads = 0, queued tasks = 0, completed tasks = 16]
07-17 16:18:37.037 27897 27914 I Finsky  : [691] jen.run(3): Stats for Executor: LightweightExecutor jfw@d1661d8[Running, pool size = 2, active threads = 0, queued tasks = 0, completed tasks = 61]
07-17 16:18:37.133  1407  1407 I boot-pipe: done populating /dev/random
07-17 16:18:37.138 10586 10599 E memtrack: Couldn't load memtrack module
07-17 16:18:37.138 10586 10599 W android.os.Debug: failed to get memory consumption info: -1
07-17 16:18:37.509 10923 10923 I GeofencerStateMachine: sendNewTransitions called.
07-17 16:18:38.746 27897 27914 I Finsky  : [691] jen.run(3): Stats for Executor: bgExecutor jfw@967a931[Running, pool size = 4, active threads = 0, queued tasks = 0, completed tasks = 35]
07-17 16:18:38.814 11993 11993 I chatty  : uid=10090(hr.mireo.arthur) expire 11 lines
07-17 16:18:39.457 10538 27011 I chatty  : uid=1013(media) NPDecoder expire 12 lines
07-17 16:18:39.461 10538 27010 I chatty  : uid=1013(media) NuPlayerRendere expire 16 lines
07-17 16:18:39.724 27897 27955 I PlayCommon: [717] aeho.d(23): Preparing logs for uploading
07-17 16:18:39.733 27897 27955 I PlayCommon: [717] aeho.d(216): Connecting to server for timestamp: https://play.googleapis.com/play/log/timestamp
07-17 16:18:40.818 10541 11931 I chatty  : uid=1041(audioserver) writer expire 22 lines
07-17 16:18:41.975 10536 10570 I chatty  : uid=1041(audioserver) AudioOut_D expire 13 lines
07-17 16:18:42.584 10923 10923 I GeofencerStateMachine: sendNewTransitions called.
07-17 16:18:42.668 21823 21823 I chatty  : uid=10104(net.osmand) expire 1 line
07-17 16:18:43.729 21823 21833 I chatty  : uid=10104(net.osmand) HeapTaskDaemon expire 10 lines
07-17 16:18:46.469 10923 28086 W Conscrypt: Could not set socket write timeout: java.net.SocketException: Socket closed
07-17 16:18:46.469 10923 28086 W Conscrypt: 	at com.google.android.gms.org.conscrypt.Platform.setSocketWriteTimeout(:com.google.android.gms@17785022@17.7.85 (040700-253824076):2)
07-17 16:18:46.469 10923 28086 W Conscrypt: 	at com.google.android.gms.org.conscrypt.ConscryptFileDescriptorSocket.setSoWriteTimeout(:com.google.android.gms@17785022@17.7.85 (040700-253824076):2)
07-17 16:18:48.244 10923 10923 I GeofencerStateMachine: sendNewTransitions called.
07-17 16:18:49.881 11993 11993 I chatty  : uid=10090(hr.mireo.arthur) expire 12 lines
07-17 16:18:52.065 10538 27011 I chatty  : uid=1013(media) NPDecoder expire 12 lines
07-17 16:18:52.502 10538 27006 I chatty  : uid=1013(media) NuPlayerDriver expire 18 lines
07-17 16:18:52.698 10538 27010 I chatty  : uid=1013(media) NuPlayerRendere expire 16 lines
07-17 16:18:53.236 10541 11931 I chatty  : uid=1041(audioserver) writer expire 34 lines
07-17 16:18:53.289 10923 10923 I GeofencerStateMachine: sendNewTransitions called.
07-17 16:18:54.004 10586 10595 I zygote  : Background concurrent copying GC freed 30389(1333KB) AllocSpace objects, 0(0B) LOS objects, 16% free, 31MB/37MB, paused 2.263ms total 708.258ms
07-17 16:18:56.109 10536 10570 I chatty  : uid=1041(audioserver) AudioOut_D expire 19 lines
07-17 16:18:56.576 10586 12401 I WifiService: acquireWifiLock uid=10014 lockMode=2
07-17 16:18:56.868 21823 21833 I chatty  : uid=10104(net.osmand) HeapTaskDaemon expire 11 lines
07-17 16:18:58.455 10923 10923 I GeofencerStateMachine: sendNewTransitions called.
07-17 16:18:59.624 10586 13668 D WificondControl: Scan result ready event
07-17 16:18:59.774 10586 10597 I WifiService: releaseWifiLock uid=10014
07-17 16:19:02.096 11993 11993 I chatty  : uid=10090(hr.mireo.arthur) expire 13 lines
07-17 16:19:03.291 10923 10934 I zygote  : Background concurrent copying GC freed 189302(5MB) AllocSpace objects, 0(0B) LOS objects, 41% free, 8MB/14MB, paused 5.544ms total 259.506ms
07-17 16:19:03.551 10923 10923 I GeofencerStateMachine: sendNewTransitions called.
07-17 16:19:04.641 10538 27011 I chatty  : uid=1013(media) NPDecoder expire 12 lines
07-17 16:19:05.185 10538 27010 I chatty  : uid=1013(media) NuPlayerRendere expire 12 lines
07-17 16:19:07.017 10541 11931 I chatty  : uid=1041(audioserver) writer expire 44 lines
07-17 16:19:09.354 10923 10923 I GeofencerStateMachine: sendNewTransitions called.
07-17 16:19:10.366 21823 21833 I chatty  : uid=10104(net.osmand) HeapTaskDaemon expire 10 lines
07-17 16:19:14.346 10923 10923 I GeofencerStateMachine: sendNewTransitions called.
07-17 16:19:16.629 10586 10597 I WifiService: acquireWifiLock uid=10014 lockMode=2
07-17 16:19:16.756 10586 15312 I WifiService: releaseWifiLock uid=10014
07-17 16:19:17.135 10538 27011 I chatty  : uid=1013(media) NPDecoder expire 15 lines
07-17 16:19:17.136 10538 27010 I chatty  : uid=1013(media) NuPlayerRendere expire 19 lines
07-17 16:19:17.140 10586 10595 I zygote  : Background concurrent copying GC freed 36224(1488KB) AllocSpace objects, 0(0B) LOS objects, 16% free, 31MB/37MB, paused 1.038ms total 504.422ms
07-17 16:19:17.185 11993 11993 I chatty  : uid=10090(hr.mireo.arthur) expire 11 lines
07-17 16:19:17.314 10586 10603 E BatteryExternalStatsWorker: modem info is invalid: ModemActivityInfo{ mTimestamp=0 mSleepTimeMs=0 mIdleTimeMs=0 mTxTimeMs[]=[0, 0, 0, 0, 0] mRxTimeMs=0 mEnergyUsed=0}
07-17 16:19:19.413 10923 10923 I GeofencerStateMachine: sendNewTransitions called.
07-17 16:19:20.732 10538 27006 I chatty  : uid=1013(media) NuPlayerDriver expire 10 lines
07-17 16:19:22.142 10586 10595 I zygote  : WaitForGcToComplete blocked HeapTrim on None for 6.184ms
07-17 16:19:22.388 21823 21833 I chatty  : uid=10104(net.osmand) HeapTaskDaemon expire 11 lines
07-17 16:19:22.795 10536 10570 I chatty  : uid=1041(audioserver) AudioOut_D expire 13 lines
07-17 16:19:24.498 10541 11931 I chatty  : uid=1041(audioserver) writer expire 63 lines
07-17 16:19:24.596 10923 10923 I GeofencerStateMachine: sendNewTransitions called.
07-17 16:19:30.306 10538 27010 I chatty  : uid=1013(media) NuPlayerRendere expire 10 lines
07-17 16:19:30.434 10923 10923 I GeofencerStateMachine: sendNewTransitions called.
07-17 16:19:31.494 11993 11993 I chatty  : uid=10090(hr.mireo.arthur) expire 10 lines
07-17 16:19:32.889 10538 27011 I chatty  : uid=1013(media) NPDecoder expire 12 lines
07-17 16:19:34.103 10923 10923 I GeofencerStateMachine: sendNewLocationAvailability: availability=LocationAvailability[isLocationAvailable: true]
07-17 16:19:34.118 10536 10570 I chatty  : uid=1041(audioserver) AudioOut_D expire 13 lines
07-17 16:19:34.782 21823 21833 I chatty  : uid=10104(net.osmand) HeapTaskDaemon expire 7 lines
07-17 16:19:36.402 10923 10923 I GeofencerStateMachine: sendNewTransitions called.
07-17 16:19:36.493 10538 27006 I chatty  : uid=1013(media) NuPlayerDriver expire 7 lines
07-17 16:19:36.764 10586 14388 I WifiService: acquireWifiLock uid=10014 lockMode=2
07-17 16:19:37.134  1407  1407 I boot-pipe: done populating /dev/random
07-17 16:19:39.604 10586 13668 D WificondControl: Scan result ready event
07-17 16:19:40.028 10586 12401 I WifiService: releaseWifiLock uid=10014
07-17 16:19:40.503 10586 10595 I zygote  : Background concurrent copying GC freed 29207(1349KB) AllocSpace objects, 0(0B) LOS objects, 16% free, 31MB/37MB, paused 1.398ms total 1.215s
07-17 16:19:41.564 10923 10923 I GeofencerStateMachine: sendNewTransitions called.
07-17 16:19:41.580 11993 11993 I chatty  : uid=10090(hr.mireo.arthur) expire 11 lines
07-17 16:19:41.825 10586 10967 I WifiService: acquireWifiLock uid=10014 lockMode=2
07-17 16:19:41.935 10586 13668 I WifiService: releaseWifiLock uid=10014
07-17 16:19:42.295 10538 27010 I chatty  : uid=1013(media) NuPlayerRendere expire 13 lines
07-17 16:19:42.724 21823 21823 I chatty  : uid=10104(net.osmand) expire 1 line
07-17 16:19:44.749 21823 21833 I chatty  : uid=10104(net.osmand) HeapTaskDaemon expire 10 lines
07-17 16:19:45.466 10538 27011 I chatty  : uid=1013(media) NPDecoder expire 16 lines
07-17 16:19:45.918 10538 27006 I chatty  : uid=1013(media) NuPlayerDriver expire 9 lines
07-17 16:19:46.152 10536 10570 I chatty  : uid=1041(audioserver) AudioOut_D expire 13 lines
07-17 16:19:46.885 10586 10967 I WifiService: acquireWifiLock uid=10014 lockMode=2
07-17 16:19:47.263 10541 11931 I chatty  : uid=1041(audioserver) writer expire 28 lines
07-17 16:19:47.307 10923 10923 I GeofencerStateMachine: sendNewTransitions called.
07-17 16:19:49.932 10586 13668 D WificondControl: Scan result ready event
07-17 16:19:50.162 10586 10967 I WifiService: releaseWifiLock uid=10014
07-17 16:19:51.912 10586 14388 I WifiService: acquireWifiLock uid=10014 lockMode=2
07-17 16:19:52.133 10586 15312 I WifiService: releaseWifiLock uid=10014
07-17 16:19:52.375 10923 10923 I GeofencerStateMachine: sendNewTransitions called.
07-17 16:19:52.675 11993 11993 I chatty  : uid=10090(hr.mireo.arthur) expire 7 lines
07-17 16:19:55.365 10538 10788 I chatty  : uid=1013(media) Binder:10538_2 expire 1 line
07-17 16:19:55.367 10538 27010 I chatty  : uid=1013(media) NuPlayerRendere expire 6 lines
07-17 16:19:56.936 10586 14388 I WifiService: acquireWifiLock uid=10014 lockMode=2
07-17 16:19:57.354 21823 21833 I chatty  : uid=10104(net.osmand) HeapTaskDaemon expire 10 lines
07-17 16:19:58.201 10923 10923 I GeofencerStateMachine: sendNewTransitions called.
07-17 16:19:58.309 11993 12003 I chatty  : uid=10090(hr.mireo.arthur) HeapTaskDaemon expire 1 line
07-17 16:19:59.718 11993 11993 I chatty  : uid=10090(hr.mireo.arthur) expire 11 lines
07-17 16:19:59.986 10586 12401 D WificondControl: Scan result ready event
07-17 16:20:00.185 10586 14388 I WifiService: releaseWifiLock uid=10014
07-17 16:20:00.590 10923 10934 I zygote  : Background concurrent copying GC freed 189713(6MB) AllocSpace objects, 0(0B) LOS objects, 41% free, 8MB/14MB, paused 3.307ms total 455.573ms
07-17 16:20:00.909 10586 10595 I zygote  : Background concurrent copying GC freed 33615(1461KB) AllocSpace objects, 0(0B) LOS objects, 16% free, 31MB/37MB, paused 6.055ms total 1.150s
07-17 16:20:01.585 10541 11931 I chatty  : uid=1041(audioserver) writer expire 33 lines
07-17 16:20:01.587 10538 27006 I chatty  : uid=1013(media) NuPlayerDriver expire 6 lines
07-17 16:20:01.601 10538 27011 I chatty  : uid=1013(media) NPDecoder expire 9 lines
07-17 16:20:01.625 10536 10570 I chatty  : uid=1041(audioserver) AudioOut_D expire 13 lines
07-17 16:20:01.633 10538 27010 I chatty  : uid=1013(media) NuPlayerRendere expire 10 lines
07-17 16:20:01.970 10586 12401 I WifiService: acquireWifiLock uid=10014 lockMode=2
07-17 16:20:02.113 10586 10597 I WifiService: releaseWifiLock uid=10014
07-17 16:20:03.393 10923 10923 I GeofencerStateMachine: sendNewTransitions called.
07-17 16:20:07.004 10586 10597 I WifiService: acquireWifiLock uid=10014 lockMode=2
07-17 16:20:08.597 10586 28234 D NetworkMonitor/NetworkAgentInfo [WIFI () - 101]: PROBE_DNS www.google.com 32ms OK 2800:3f0:4001:801::2004,172.217.28.228
07-17 16:20:08.607 10586 28235 D NetworkMonitor/NetworkAgentInfo [WIFI () - 101]: PROBE_DNS connectivitycheck.gstatic.com 42ms OK 2800:3f0:4001:81a::2003,172.217.172.131
07-17 16:20:08.612 10923 10923 I GeofencerStateMachine: sendNewTransitions called.
07-17 16:20:09.473 21823 21833 I chatty  : uid=10104(net.osmand) HeapTaskDaemon expire 10 lines
07-17 16:20:10.014 10586 12401 D WificondControl: Scan result ready event
07-17 16:20:10.156 10586 12401 I WifiService: releaseWifiLock uid=10014
07-17 16:20:10.859 11993 11993 I chatty  : uid=10090(hr.mireo.arthur) expire 11 lines
07-17 16:20:11.032 10538 27006 I chatty  : uid=1013(media) NuPlayerDriver expire 8 lines
07-17 16:20:11.040 10538 27011 I chatty  : uid=1013(media) NPDecoder expire 11 lines
07-17 16:20:11.090 10538 27010 I chatty  : uid=1013(media) NuPlayerRendere expire 10 lines
07-17 16:20:12.112 10586 10597 I WifiService: acquireWifiLock uid=10014 lockMode=2
07-17 16:20:12.331 10586 10597 I WifiService: releaseWifiLock uid=10014
07-17 16:20:13.042 10536 10570 I chatty  : uid=1041(audioserver) AudioOut_D expire 7 lines
07-17 16:20:14.143 10541 11931 I chatty  : uid=1041(audioserver) writer expire 24 lines
07-17 16:20:14.249 10923 10923 I GeofencerStateMachine: sendNewTransitions called.
07-17 16:20:17.147 10586 11509 I WifiService: acquireWifiLock uid=10014 lockMode=2
07-17 16:20:18.625 10586 11820 D NetworkMonitor/NetworkAgentInfo [WIFI () - 101]: PROBE_FALLBACK http://www.google.com/gen_204 Probe failed with exception java.net.ConnectException: Failed to connect to www.google.com/172.217.28.228:80
07-17 16:20:20.183 10586 13668 D WificondControl: Scan result ready event
07-17 16:20:20.343 10586 10597 I WifiService: releaseWifiLock uid=10014
07-17 16:20:20.569 10923 10923 I GeofencerStateMachine: sendNewTransitions called.
07-17 16:20:21.502 10586 10595 I zygote  : Background concurrent copying GC freed 38584(1660KB) AllocSpace objects, 0(0B) LOS objects, 16% free, 31MB/37MB, paused 11.014ms total 1.266s
07-17 16:20:21.839 10833 10845 I zygote  : Background concurrent copying GC freed 43477(2MB) AllocSpace objects, 0(0B) LOS objects, 49% free, 2MB/4MB, paused 7.265ms total 123.746ms
07-17 16:20:21.936 11993 11993 I chatty  : uid=10090(hr.mireo.arthur) expire 11 lines
07-17 16:20:22.007 21823 21833 I chatty  : uid=10104(net.osmand) HeapTaskDaemon expire 10 lines
07-17 16:20:22.196 10586 11509 I WifiService: acquireWifiLock uid=10014 lockMode=2
07-17 16:20:22.328 10586 11509 I WifiService: releaseWifiLock uid=10014
07-17 16:20:22.563 10536 10570 I chatty  : uid=1041(audioserver) AudioOut_D expire 10 lines
07-17 16:20:23.155 10538 27011 I chatty  : uid=1013(media) NPDecoder expire 21 lines
07-17 16:20:23.540 10538 27006 I chatty  : uid=1013(media) NuPlayerDriver expire 14 lines
07-17 16:20:24.846 10541 11931 I chatty  : uid=1041(audioserver) writer expire 26 lines
07-17 16:20:25.155 10586 10603 E BatteryExternalStatsWorker: modem info is invalid: ModemActivityInfo{ mTimestamp=0 mSleepTimeMs=0 mIdleTimeMs=0 mTxTimeMs[]=[0, 0, 0, 0, 0] mRxTimeMs=0 mEnergyUsed=0}
07-17 16:20:25.463 10923 10923 I GeofencerStateMachine: sendNewTransitions called.
07-17 16:20:25.673 10586 28234 D NetworkMonitor/NetworkAgentInfo [WIFI () - 101]: PROBE_HTTPS https://www.google.com/generate_204 Probe failed with exception java.net.SocketTimeoutException: timeout
07-17 16:20:25.683 10586 28235 D NetworkMonitor/NetworkAgentInfo [WIFI () - 101]: PROBE_HTTP http://connectivitycheck.gstatic.com/generate_204 Probe failed with exception java.net.SocketTimeoutException: Read timed out
07-17 16:20:25.689 10586 10660 D ConnectivityService: NetworkAgentInfo [WIFI () - 101] validation failed
07-17 16:20:25.689 10586 10656 D WifiStateMachine: NETWORK_STATUS_UNWANTED_VALIDATION_FAILED
07-17 16:20:26.170 10538 27010 I chatty  : uid=1013(media) NuPlayerRendere expire 19 lines
07-17 16:20:27.221 10586 12401 I WifiService: acquireWifiLock uid=10014 lockMode=2
07-17 16:20:30.223 10586 15312 D WificondControl: Scan result ready event
07-17 16:20:30.281 10586 11509 I WifiService: releaseWifiLock uid=10014
07-17 16:20:31.222 10923 10923 I GeofencerStateMachine: sendNewTransitions called.
07-17 16:20:32.235 10586 13668 I WifiService: acquireWifiLock uid=10014 lockMode=2
07-17 16:20:32.355 10586 12401 I WifiService: releaseWifiLock uid=10014
07-17 16:20:32.359 11993 11993 I chatty  : uid=10090(hr.mireo.arthur) expire 10 lines
07-17 16:20:33.273 21823 21833 I chatty  : uid=10104(net.osmand) HeapTaskDaemon expire 11 lines
07-17 16:20:34.634 10923 10923 I GeofencerStateMachine: sendNewLocationAvailability: availability=LocationAvailability[isLocationAvailable: true]
07-17 16:20:35.658 10541 11931 I chatty  : uid=1041(audioserver) writer expire 33 lines
07-17 16:20:37.136  1407  1407 I boot-pipe: done populating /dev/random
07-17 16:20:37.206 10536 10570 I chatty  : uid=1041(audioserver) AudioOut_D expire 17 lines
