07-04 12:27:19.749 28496 28546 I chatty  : uid=10104(net.osmand) RenderThread expire 5 lines
07-04 12:27:19.765  1707  1933 D EGL_emulation: eglMakeCurrent: 0x91a91b00: ver 2 0 (tinfo 0x91b96990)
07-04 12:27:19.793  1402  1440 D gralloc_ranchu: gralloc_alloc: Creating ashmem region of size 8298496
07-04 12:27:19.853  1402  1440 D gralloc_ranchu: gralloc_alloc: Creating ashmem region of size 3878912
07-04 12:27:19.992  1402  1440 D gralloc_ranchu: gralloc_alloc: Creating ashmem region of size 8298496
07-04 12:27:20.053  1402  1440 D gralloc_ranchu: gralloc_alloc: Creating ashmem region of size 8298496
07-04 12:27:20.108  1402  1440 D gralloc_ranchu: gralloc_alloc: Creating ashmem region of size 8298496
07-04 12:27:20.128  1707  1933 D EGL_emulation: eglMakeCurrent: 0x91a91b00: ver 2 0 (tinfo 0x91b96990)
07-04 12:27:20.153  1707  1933 D EGL_emulation: eglMakeCurrent: 0x91a91b00: ver 2 0 (tinfo 0x91b96990)
07-04 12:27:20.220  1412  1412 W SurfaceFlinger: couldn't log to binary event log: overflow.
07-04 12:27:20.220  1412  1412 W SurfaceFlinger: couldn't log to binary event log: overflow.
07-04 12:27:20.294  1970  1970 I GeofencerStateMachine: removeGeofences: removeRequest=RemoveGeofencingRequest[REMOVE_BY_PENDING_INTENT pendingIntent=PendingIntent[creatorPackage=com.google.android.gms], packageName=com.google.android.gms]
07-04 12:27:20.308  1970   590 I PlaceInferenceEngine: [anon] Changed inference mode: 0
07-04 12:27:20.319  1970  1970 I GeofencerStateMachine: removeGeofences: removeRequest=RemoveGeofencingRequest[REMOVE_BY_PENDING_INTENT pendingIntent=PendingIntent[creatorPackage=com.google.android.gms], packageName=com.google.android.gms]
07-04 12:27:20.478  1970 32510 I ctxmgr  : [ProducerStatusImpl] updateStateForNewContextData: inactive, contextName=7 [CONTEXT service_id=47 ]
07-04 12:27:20.533  1970   590 I PlaceInferenceEngine: [account#1066226748] Changed inference mode: 0
07-04 12:27:20.564 32514 32514 I Finsky  : [2] com.google.android.finsky.scheduler.JobSchedulerEngine$PhoneskyJobSchedulerJobService.onStartJob(3): onJobSchedulerWakeup with jobId 9004
07-04 12:27:20.576 32514 32514 I Finsky  : [2] qrl.a(22): Scheduling fallback job with id: 9034, and delay: 43200000 ms
07-04 12:27:20.584 32514 32514 I Finsky  : [2] qrl.a(5): Scheduling fallback in 64799996 (absolute: 193591643)
07-04 12:27:20.809  1604  1617 E memtrack: Couldn't load memtrack module
07-04 12:27:20.809  1604  1617 W android.os.Debug: failed to get memory consumption info: -1
07-04 12:27:20.816  1604  1617 E memtrack: Couldn't load memtrack module
07-04 12:27:20.856  1707  1933 D EGL_emulation: eglMakeCurrent: 0x91a91b00: ver 2 0 (tinfo 0x91b96990)
07-04 12:27:20.882  1402  1440 D gralloc_ranchu: gralloc_alloc: Creating ashmem region of size 3878912
07-04 12:27:20.900  1604  7252 I WifiService: acquireWifiLock uid=10014 lockMode=2
07-04 12:27:21.006   496   519 I PBSessionCacheImpl: Deleted sessionId[8468118214856] from persistence.
07-04 12:27:21.158  1604  1617 W android.os.Debug: failed to get memory consumption info: -1
07-04 12:27:21.260  1604  7252 I WifiService: getWifiEnabledState uid=10032
07-04 12:27:21.285   496   524 W ThreadPoolDumper: Queue length for executor EventBus is now 11. Perhaps some tasks are too long, or the pool is too small.
07-04 12:27:21.292   496   524 W SearchServiceCore: Abort, client detached.
07-04 12:27:21.305  1604  1617 E memtrack: Couldn't load memtrack module
07-04 12:27:21.305  1604  1617 W android.os.Debug: failed to get memory consumption info: -1
07-04 12:27:21.463   496   560 E BluetoothAdapter: Bluetooth binder is null
07-04 12:27:21.483  1604  1617 E memtrack: Couldn't load memtrack module
07-04 12:27:21.483  1604  1617 W android.os.Debug: failed to get memory consumption info: -1
07-04 12:27:21.536  1604  1617 E memtrack: Couldn't load memtrack module
07-04 12:27:21.536  1604  1617 W android.os.Debug: failed to get memory consumption info: -1
07-04 12:27:21.732  1604  1617 E memtrack: Couldn't load memtrack module
07-04 12:27:21.733  1604  1617 W android.os.Debug: failed to get memory consumption info: -1
07-04 12:27:21.735  1604  1617 E memtrack: Couldn't load memtrack module
07-04 12:27:21.735  1604  1617 W android.os.Debug: failed to get memory consumption info: -1
07-04 12:27:21.845  1604  1617 E memtrack: Couldn't load memtrack module
07-04 12:27:21.845  1604  1617 W android.os.Debug: failed to get memory consumption info: -1
07-04 12:27:21.939  1604  1617 E memtrack: Couldn't load memtrack module
07-04 12:27:21.939  1604  1617 W android.os.Debug: failed to get memory consumption info: -1
07-04 12:27:22.010  1604  1617 E memtrack: Couldn't load memtrack module
07-04 12:27:22.013  1604  1617 W android.os.Debug: failed to get memory consumption info: -1
07-04 12:27:22.016  1604  1617 E memtrack: Couldn't load memtrack module
07-04 12:27:22.016  1604  1617 W android.os.Debug: failed to get memory consumption info: -1
07-04 12:27:22.053  1970   590 I Places  : ?: PlacesBleScanner start() with priority 2
07-04 12:27:22.053  1970   590 I PlaceInferenceEngine: [anon] Changed inference mode: 1
07-04 12:27:22.053  1970   590 I PlaceInferenceEngine: [account#1066226748] Changed inference mode: 1
07-04 12:27:22.087  1970   590 I Places  : Converted 0 out of 1 WiFi scans
07-04 12:27:22.089  1604  7252 I WifiService: getConnectionInfo uid=10014
07-04 12:27:22.100  1970  1970 E BeaconBle: Missing BluetoothAdapter
07-04 12:27:22.100  1970  1970 I BeaconBle: BLE 'KK+' software access layer enabled
07-04 12:27:22.109  1970   590 I PlaceInferenceEngine: [account#1066226748] Changed inference mode: 1
07-04 12:27:22.109  1970   590 I PlaceInferenceEngine: [anon] Changed inference mode: 1
07-04 12:27:22.182  1604  1617 E memtrack: Couldn't load memtrack module
07-04 12:27:22.184  1604  1617 W android.os.Debug: failed to get memory consumption info: -1
07-04 12:27:22.209  1604  1617 E memtrack: Couldn't load memtrack module
07-04 12:27:22.210  1604  1617 W android.os.Debug: failed to get memory consumption info: -1
07-04 12:27:22.213  1604  1617 E memtrack: Couldn't load memtrack module
07-04 12:27:22.213  1604  1617 W android.os.Debug: failed to get memory consumption info: -1
07-04 12:27:22.269  1970  1970 I BeaconBle: Client requested scan, settings=BleSettings [scanMode=ZERO_POWER, callbackType=ALL_MATCHES, reportDelayMillis=0, 1 filters, 0 clients, callingClientName=Places]
07-04 12:27:22.269  1970  1970 I BeaconBle: Scan : No clients left, canceling alarm.
07-04 12:27:22.271  1970  1970 E BeaconBle: Scan couldn't start for Places
07-04 12:27:22.272  1970  1970 W Places  : BLE failure while scanning - code 5
07-04 12:27:22.399  1604  1617 E memtrack: Couldn't load memtrack module
07-04 12:27:22.399  1604  1617 W android.os.Debug: failed to get memory consumption info: -1
07-04 12:27:22.441  1604  1617 E memtrack: Couldn't load memtrack module
07-04 12:27:22.441  1604  1617 W android.os.Debug: failed to get memory consumption info: -1
07-04 12:27:22.468   496   501 I zygote  : Do full code cache collection, code=107KB, data=125KB
07-04 12:27:22.578   496   501 I zygote  : After code cache collection, code=78KB, data=49KB
07-04 12:27:23.164 28496 28506 I chatty  : uid=10104(net.osmand) HeapTaskDaemon expire 3 lines
07-04 12:27:23.179  1604  1617 E memtrack: Couldn't load memtrack module
07-04 12:27:23.179  1604  1617 W android.os.Debug: failed to get memory consumption info: -1
07-04 12:27:23.230  1604  1617 E memtrack: Couldn't load memtrack module
07-04 12:27:23.231  1604  1617 W android.os.Debug: failed to get memory consumption info: -1
07-04 12:27:23.295  1604  1617 E memtrack: Couldn't load memtrack module
07-04 12:27:23.295  1604  1617 W android.os.Debug: failed to get memory consumption info: -1
07-04 12:27:23.311  1604  1617 E memtrack: Couldn't load memtrack module
07-04 12:27:23.311  1604  1617 W android.os.Debug: failed to get memory consumption info: -1
07-04 12:27:23.346  1604  1617 E memtrack: Couldn't load memtrack module
07-04 12:27:23.346  1604  1617 W android.os.Debug: failed to get memory consumption info: -1
07-04 12:27:23.359  1970   590 I PlaceInferenceEngine: Too few candidate results: percentageOfMissingArea 100
07-04 12:27:23.403  1604  1617 E memtrack: Couldn't load memtrack module
07-04 12:27:23.403  1604  1617 W android.os.Debug: failed to get memory consumption info: -1
07-04 12:27:23.406  1604  1617 E memtrack: Couldn't load memtrack module
07-04 12:27:23.406  1604  1617 W android.os.Debug: failed to get memory consumption info: -1
07-04 12:27:23.491  1604  1617 E memtrack: Couldn't load memtrack module
07-04 12:27:23.491  1604  1617 W android.os.Debug: failed to get memory consumption info: -1
07-04 12:27:23.589  1604  1617 E memtrack: Couldn't load memtrack module
07-04 12:27:23.590  1604  1617 W android.os.Debug: failed to get memory consumption info: -1
07-04 12:27:23.613   602   602 D AndroidRuntime: >>>>>> START com.android.internal.os.RuntimeInit uid 2000 <<<<<<
07-04 12:27:23.632   602   602 W app_process: Could not reserve sentinel fault page
07-04 12:27:23.648   496   557 E PlaceStateUpdater: Received no places
07-04 12:27:23.702   496   501 I zygote  : Do partial code cache collection, code=78KB, data=56KB
07-04 12:27:23.724   496   501 I zygote  : After code cache collection, code=78KB, data=56KB
07-04 12:27:23.724   496   501 I zygote  : Increasing code cache capacity to 512KB
07-04 12:27:23.884   388   431 E Fabric  : Unknown error while loading Crashlytics settings. Crashes will be cached until settings can be retrieved.
07-04 12:27:23.884   388   431 E Fabric  : io.fabric.sdk.android.services.network.HttpRequest$HttpRequestException: java.net.ConnectException: Failed to connect to settings.crashlytics.com/54.221.219.200:443
07-04 12:27:23.884   388   431 E Fabric  : 	at io.fabric.sdk.android.services.network.HttpRequest.code(HttpRequest.java:1355)
07-04 12:27:23.884   388   431 E Fabric  : 	at io.fabric.sdk.android.services.settings.DefaultSettingsSpiCall.handleResponse(DefaultSettingsSpiCall.java:103)
07-04 12:27:23.884   388   431 E Fabric  : 	at io.fabric.sdk.android.services.settings.DefaultSettingsSpiCall.invoke(DefaultSettingsSpiCall.java:90)
07-04 12:27:23.884   388   431 E Fabric  : 	at io.fabric.sdk.android.services.settings.DefaultSettingsController.loadSettingsData(DefaultSettingsController.java:80)
07-04 12:27:23.884   388   431 E Fabric  : 	at io.fabric.sdk.android.services.settings.DefaultSettingsController.loadSettingsData(DefaultSettingsController.java:64)
07-04 12:27:23.884   388   431 E Fabric  : 	at io.fabric.sdk.android.services.settings.Settings.loadSettingsData(Settings.java:155)
07-04 12:27:23.884   388   431 E Fabric  : 	at io.fabric.sdk.android.Onboarding.retrieveSettingsData(Onboarding.java:123)
07-04 12:27:23.884   388   431 E Fabric  : 	at io.fabric.sdk.android.Onboarding.doInBackground(Onboarding.java:99)
07-04 12:27:23.884   388   431 E Fabric  : 	at io.fabric.sdk.android.Onboarding.doInBackground(Onboarding.java:45)
07-04 12:27:23.884   388   431 E Fabric  : 	at io.fabric.sdk.android.InitializationTask.doInBackground(InitializationTask.java:63)
07-04 12:27:23.884   388   431 E Fabric  : 	at io.fabric.sdk.android.InitializationTask.doInBackground(InitializationTask.java:28)
07-04 12:27:23.884   388   431 E Fabric  : 	at io.fabric.sdk.android.services.concurrency.AsyncTask$2.call(AsyncTask.java:311)
07-04 12:27:23.884   388   431 E Fabric  : 	at java.util.concurrent.FutureTask.run(FutureTask.java:266)
07-04 12:27:23.884   388   431 E Fabric  : 	at java.util.concurrent.Executors$RunnableAdapter.call(Executors.java:457)
07-04 12:27:23.884   388   431 E Fabric  : 	at java.util.concurrent.FutureTask.run(FutureTask.java:266)
07-04 12:27:23.884   388   431 E Fabric  : 	at java.util.concurrent.ThreadPoolExecutor.runWorker(ThreadPoolExecutor.java:1162)
07-04 12:27:23.884   388   431 E Fabric  : 	at java.util.concurrent.ThreadPoolExecutor$Worker.run(ThreadPoolExecutor.java:636)
07-04 12:27:23.884   388   431 E Fabric  : 	at java.lang.Thread.run(Thread.java:764)
07-04 12:27:23.884   388   431 E Fabric  : Caused by: java.net.ConnectException: Failed to connect to settings.crashlytics.com/54.221.219.200:443
07-04 12:27:23.884   388   431 E Fabric  : 	at com.android.okhttp.internal.io.RealConnection.connectSocket(RealConnection.java:143)
07-04 12:27:23.884   388   431 E Fabric  : 	at com.android.okhttp.internal.io.RealConnection.connect(RealConnection.java:112)
07-04 12:27:23.884   388   431 E Fabric  : 	at com.android.okhttp.internal.http.StreamAllocation.findConnection(StreamAllocation.java:184)
07-04 12:27:23.884   388   431 E Fabric  : 	at com.android.okhttp.internal.http.StreamAllocation.findHealthyConnection(StreamAllocation.java:126)
07-04 12:27:23.884   388   431 E Fabric  : 	at com.android.okhttp.internal.http.StreamAllocation.newStream(StreamAllocation.java:95)
07-04 12:27:23.884   388   431 E Fabric  : 	at com.android.okhttp.internal.http.HttpEngine.connect(HttpEngine.java:281)
07-04 12:27:23.884   388   431 E Fabric  : 	at com.android.okhttp.internal.http.HttpEngine.sendRequest(HttpEngine.java:224)
07-04 12:27:23.884   388   431 E Fabric  : 	at com.android.okhttp.internal.huc.HttpURLConnectionImpl.execute(HttpURLConnectionImpl.java:461)
07-04 12:27:23.884   388   431 E Fabric  : 	at com.android.okhttp.internal.huc.HttpURLConnectionImpl.getResponse(HttpURLConnectionImpl.java:407)
07-04 12:27:23.884   388   431 E Fabric  : 	at com.android.okhttp.internal.huc.HttpURLConnectionImpl.getResponseCode(HttpURLConnectionImpl.java:538)
07-04 12:27:23.884   388   431 E Fabric  : 	at com.android.okhttp.internal.huc.DelegatingHttpsURLConnection.getResponseCode(DelegatingHttpsURLConnection.java:105)
07-04 12:27:23.884   388   431 E Fabric  : 	at com.android.okhttp.internal.huc.HttpsURLConnectionImpl.getResponseCode(Unknown Source:0)
07-04 12:27:23.884   388   431 E Fabric  : 	at io.fabric.sdk.android.services.network.HttpRequest.code(HttpRequest.java:1353)
07-04 12:27:23.884   388   431 E Fabric  : 	... 17 more
07-04 12:27:23.940   388   430 E Answers : Failed to retrieve settings
07-04 12:27:23.990   388   431 W CrashlyticsCore: Received null settings, skipping initialization!
07-04 12:27:24.038   602   602 W app_process: Unexpected CPU variant for X86 using defaults: x86
07-04 12:27:24.061   602   602 I app_process: The ClassLoaderContext is a special shared library.
07-04 12:27:24.079  1604  2501 D WificondControl: Scan result ready event
07-04 12:27:24.158 28496 28496 I chatty  : uid=10104(net.osmand) expire 41 lines
07-04 12:27:24.167  1604  1878 I MediaFocusControl: requestAudioFocus() from uid/pid 10104/28496 clientId=android.media.AudioManager@9796e46net.osmand.plus.api.AudioFocusHelperImpl@9157823 callingPack=net.osmand req=3 flags=0x0 sdk=26
07-04 12:27:24.197 28496 28521 I chatty  : uid=10104(net.osmand) RenderingBaseIm expire 8 lines
07-04 12:27:24.201  4639 28593 I TTS.GoogleTTSServiceImp: Synthesis request for locale por-BRA and name pt-BR-language
07-04 12:27:24.219  4639 28593 I TTS.GoogleTTSServiceImp: TTS dispatch: pt-br-x-afs-lstm-embedded
07-04 12:27:24.240  4639 28594 D AudioTrack: Client defaulted notificationFrames to 1365 for frameCount 4096
07-04 12:27:24.258  1604  1615 V MediaRouterService: restoreBluetoothA2dp(false)
07-04 12:27:24.261  1394  3176 W audio_hw_generic: Not supplying enough data to HAL, expected position 753774634 , only wrote 753774480
07-04 12:27:24.465   602   602 D AndroidRuntime: Calling main entry com.android.commands.input.Input
07-04 12:27:24.465   602   602 I Input   : injectKeyEvent: KeyEvent { action=ACTION_DOWN, keyCode=KEYCODE_HOME, scanCode=0, metaState=0, flags=0x0, repeatCount=0, eventTime=128795529, downTime=128795529, deviceId=-1, source=0x101 }
07-04 12:27:24.488   602   602 I Input   : injectKeyEvent: KeyEvent { action=ACTION_UP, keyCode=KEYCODE_HOME, scanCode=0, metaState=0, flags=0x0, repeatCount=0, eventTime=128795529, downTime=128795529, deviceId=-1, source=0x101 }
07-04 12:27:24.496  1604  1665 I ActivityManager: START u0 {act=android.intent.action.MAIN cat=[android.intent.category.HOME] flg=0x10200000 cmp=com.google.android.apps.nexuslauncher/.NexusLauncherActivity (has extras)} from uid 1000
07-04 12:27:24.591  1402  1440 D gralloc_ranchu: gralloc_alloc: Creating ashmem region of size 8298496
07-04 12:27:24.631  1402  1440 D gralloc_ranchu: gralloc_alloc: Creating ashmem region of size 8298496
07-04 12:27:24.649   602   602 D AndroidRuntime: Shutting down VM
07-04 12:27:24.677  1402  1440 D gralloc_ranchu: gralloc_alloc: Creating ashmem region of size 8298496
07-04 12:27:24.719  1604  1619 W Looper  : Dispatch took 178ms on android.ui, h=Handler (com.android.server.am.ActivityManagerService$UiHandler) {63b7718} cb=null msg=31
07-04 12:27:24.771   496   522 D EGL_emulation: eglMakeCurrent: 0xa5805a20: ver 2 0 (tinfo 0xa58033b0)
07-04 12:27:24.810  1412  1412 D SurfaceFlinger: duplicate layer name: changing com.google.android.apps.nexuslauncher/com.google.android.apps.nexuslauncher.NexusLauncherActivity to com.google.android.apps.nexuslauncher/com.google.android.apps.nexuslauncher.NexusLauncherActivity#1
07-04 12:27:24.845  1402  1440 D gralloc_ranchu: gralloc_alloc: Creating ashmem region of size 8298496
07-04 12:27:24.892  1402  1439 D gralloc_ranchu: gralloc_alloc: Creating ashmem region of size 8298496
07-04 12:27:24.894  1394  3176 W audio_hw_generic: Hardware backing HAL too slow, could only write 0 of 720 frames
07-04 12:27:24.911  1394  3176 W audio_hw_generic: Hardware backing HAL too slow, could only write 0 of 720 frames
07-04 12:27:24.938  1402  1440 D gralloc_ranchu: gralloc_alloc: Creating ashmem region of size 8298496
07-04 12:27:24.940 28496 28520 I chatty  : uid=10104(net.osmand) Loader map obje expire 16 lines
07-04 12:27:25.033  2061  2124 D EGL_emulation: eglMakeCurrent: 0xa5806680: ver 2 0 (tinfo 0xa5803c60)
07-04 12:27:25.050  1604  1618 W ActivityManager: Activity pause timeout for ActivityRecord{89ad9b7 u0 net.osmand/.plus.activities.MapActivity t37}
07-04 12:27:25.234  1402  1440 D gralloc_ranchu: gralloc_alloc: Creating ashmem region of size 8298496
07-04 12:27:25.291  1412  1412 E EGL_emulation: tid 1412: eglCreateSyncKHR(1962): error 0x3004 (EGL_BAD_ATTRIBUTE)
07-04 12:27:25.336  1970  2339 E SynchronizedLE: asynchronous call timed out or was interrupted
07-04 12:27:25.467  1707 28211 D         : HostConnection::get() New Host Connection established 0xa5862080, tid 28211
07-04 12:27:25.483  1707  1933 D EGL_emulation: eglMakeCurrent: 0x91a91b00: ver 2 0 (tinfo 0x91b96990)
07-04 12:27:25.535   496   524 W SessionLifecycleManager: Handover failed. Creating new session controller.
07-04 12:27:25.567  2061  2124 W OpenGLRenderer: Incorrectly called buildLayer on View: ShortcutAndWidgetContainer, destroying layer...
07-04 12:27:25.571  2061  2124 W OpenGLRenderer: Incorrectly called buildLayer on View: ShortcutAndWidgetContainer, destroying layer...
07-04 12:27:25.694  1394  3176 W audio_hw_generic: Hardware backing HAL too slow, could only write 0 of 720 frames
07-04 12:27:25.707  1394  3176 I chatty  : uid=1041(audioserver) writer identical 8 lines
07-04 12:27:25.737  1394  3176 W audio_hw_generic: Hardware backing HAL too slow, could only write 0 of 720 frames
07-04 12:27:25.744  1604  6308 I WifiService: releaseWifiLock uid=10014
07-04 12:27:25.895  1604  1878 I GnssLocationProvider: WakeLock acquired by sendMessage(SET_REQUEST, 0, com.android.server.location.GnssLocationProvider$GpsRequest@2105940)
07-04 12:27:25.924  1604  3192 I zygote  : android::hardware::configstore::V1_0::ISurfaceFlingerConfigs::hasWideColorDisplay retrieved: 0
07-04 12:27:25.924  1604  3192 I OpenGLRenderer: Initialized EGL, version 1.4
07-04 12:27:25.925  1604  3192 D OpenGLRenderer: Swap behavior 1
07-04 12:27:25.927  1604  3192 W OpenGLRenderer: Failed to choose config with EGL_SWAP_BEHAVIOR_PRESERVED, retrying without...
07-04 12:27:25.928  1604  3192 D OpenGLRenderer: Swap behavior 0
07-04 12:27:25.958  1604  3192 D EGL_emulation: eglCreateContext: 0xa57fe0a0: maj 2 min 0 rcv 2
07-04 12:27:25.980  1604  3192 D EGL_emulation: eglMakeCurrent: 0xa57fe0a0: ver 2 0 (tinfo 0x91a907b0)
07-04 12:27:25.997 32514 32514 I Finsky  : [2] qrv.handleMessage(10): DeviceState: DeviceState{currentTime=1562257645873, isCharging=false, isIdle=false, netAny=false, netNotRoaming=false, netUnmetered=false}
07-04 12:27:26.242  1604  1878 I WifiService: getWifiEnabledState uid=10032
07-04 12:27:26.440   496   524 W ThreadPoolDumper: Queue length for executor EventBus is now 11. Perhaps some tasks are too long, or the pool is too small.
07-04 12:27:26.462   496   555 W LocationOracle: No location history returned by ContextManager
07-04 12:27:26.567  2061  2074 I zygote  : NativeAlloc concurrent copying GC freed 6320(380KB) AllocSpace objects, 2(104KB) LOS objects, 49% free, 4MB/8MB, paused 75.057ms total 904.934ms
07-04 12:27:26.740  1604  2058 I WifiService: getWifiEnabledState uid=10032
07-04 12:27:26.896  1707  1933 D EGL_emulation: eglMakeCurrent: 0x91a91b00: ver 2 0 (tinfo 0x91b96990)
07-04 12:27:26.937  4639 28594 D AudioTrack: stop() called with 57530 frames delivered
07-04 12:27:26.938  1604  1878 V MediaRouterService: restoreBluetoothA2dp(false)
07-04 12:27:26.965 28496 28543 I chatty  : uid=10104(net.osmand) Binder:28496_3 expire 2 lines
07-04 12:27:26.970  1604  4624 I MediaFocusControl: abandonAudioFocus() from uid/pid 10104/28496 clientId=android.media.AudioManager@9796e46net.osmand.plus.api.AudioFocusHelperImpl@9157823
07-04 12:27:27.233   496   524 W ThreadPoolDumper: Task r[ServiceTransaction[SessionController#handleGenericClientEvent]] was queued for 1250ms before starting on executor EventBus
07-04 12:27:27.476  1970  1980 I zygote  : Background concurrent copying GC freed 65178(3MB) AllocSpace objects, 30(1856KB) LOS objects, 33% free, 11MB/17MB, paused 1.316ms total 3.437s
07-04 12:27:27.563 28496   588 I chatty  : uid=10104(net.osmand) expire 1 line
07-04 12:27:27.738  1707  1729 I zygote  : NativeAlloc concurrent copying GC freed 22548(1089KB) AllocSpace objects, 0(0B) LOS objects, 45% free, 7MB/13MB, paused 70.785ms total 2.182s
07-04 12:27:28.104 32514   624 I Finsky  : [2110] qtj.b(7): Jobs in database: 1-1337 3-169 3-170 3-171 10-1 10-3 10-4 10-6 10-7 10-8 10-10 10-11 10-12 10-14 10-15 10-16 10-18 10-20 10-22 10-24 10-25 10-26 10-27 10-28 10-29 10-30 10-31 10-33 10-35 10-38 10-39 10-40 10-41 10-42 10-44 10-46 10-47 10-48 10-50 10-54 10-55 10-57 10-61 26-1414141414 29-29 
07-04 12:27:28.298   496   627 I FA      : App measurement is starting up, version: 16250
07-04 12:27:28.310   496   627 I FA      : To enable debug logging run: adb shell setprop log.tag.FA VERBOSE
07-04 12:27:28.310   496   627 I FA      : To enable faster debug mode event logging run:
07-04 12:27:28.310   496   627 I FA      :   adb shell setprop debug.firebase.analytics.app com.google.android.googlequicksearchbox
07-04 12:27:28.517  1970   590 I Places  : ?: PlacesBleScanner stop()
07-04 12:27:28.518  1970  1970 I BeaconBle: Scan : No clients left, canceling alarm.
07-04 12:27:28.525  1970  1970 I BeaconBle: Scan canceled successfully.
07-04 12:27:28.552  1970   590 I PlaceInferenceEngine: [anon] Changed inference mode: 0
07-04 12:27:28.552  1970   590 I PlaceInferenceEngine: [account#1066226748] Changed inference mode: 0
07-04 12:27:28.683  1970  1970 I GeofencerStateMachine: removeGeofences: removeRequest=RemoveGeofencingRequest[REMOVE_BY_PENDING_INTENT pendingIntent=PendingIntent[creatorPackage=com.google.android.gms], packageName=com.google.android.gms]
07-04 12:27:28.802  1970 31155 W ctxmgr  : [AclManager] No 3 for (accnt=account#1066226748#, com.google.android.gms(10014):UserVelocityProducer, vrsn=17785022, 0, 3pPkg = null ,  3pMdlId = null ,  pid = 1970). Was: 2 for 1, account#1066226748# [CONTEXT service_id=47 ]
07-04 12:27:28.900  1970  2307 W MessageQueue: Handler (aeyl) {b776ec} sending message to a Handler on a dead thread
07-04 12:27:28.900  1970  2307 W MessageQueue: java.lang.IllegalStateException: Handler (aeyl) {b776ec} sending message to a Handler on a dead thread
07-04 12:27:28.900  1970  2307 W MessageQueue: 	at android.os.MessageQueue.enqueueMessage(MessageQueue.java:545)
07-04 12:27:28.900  1970  2307 W MessageQueue: 	at android.os.Handler.enqueueMessage(Handler.java:662)
07-04 12:27:28.900  1970  2307 W MessageQueue: 	at android.os.Handler.sendMessageAtTime(Handler.java:631)
07-04 12:27:28.900  1970  2307 W MessageQueue: 	at aeyl.sendMessageAtTime(Unknown Source:3)
07-04 12:27:28.900  1970  2307 W MessageQueue: 	at android.os.Handler.sendMessageDelayed(Handler.java:601)
07-04 12:27:28.900  1970  2307 W MessageQueue: 	at android.os.Handler.post(Handler.java:357)
07-04 12:27:28.900  1970  2307 W MessageQueue: 	at bcln.execute(Unknown Source:2)
07-04 12:27:28.900  1970  2307 W MessageQueue: 	at aanh.execute(Unknown Source:9)
07-04 12:27:28.900  1970  2307 W MessageQueue: 	at avft.a(:com.google.android.gms@17785022@17.7.85 (040700-253824076):3)
07-04 12:27:28.900  1970  2307 W MessageQueue: 	at avgk.a(:com.google.android.gms@17785022@17.7.85 (040700-253824076):8)
07-04 12:27:28.900  1970  2307 W MessageQueue: 	at avgn.a(:com.google.android.gms@17785022@17.7.85 (040700-253824076):43)
07-04 12:27:28.900  1970  2307 W MessageQueue: 	at avgj.a(:com.google.android.gms@17785022@17.7.85 (040700-253824076):2)
07-04 12:27:28.900  1970  2307 W MessageQueue: 	at rpj.a(:com.google.android.gms@17785022@17.7.85 (040700-253824076):3)
07-04 12:27:28.900  1970  2307 W MessageQueue: 	at rpj.a(:com.google.android.gms@17785022@17.7.85 (040700-253824076):2)
07-04 12:27:28.900  1970  2307 W MessageQueue: 	at agos.a(Unknown Source:2)
07-04 12:27:28.900  1970  2307 W MessageQueue: 	at rnt.a(Unknown Source:11)
07-04 12:27:28.900  1970  2307 W MessageQueue: 	at aamg.a(:com.google.android.gms@17785022@17.7.85 (040700-253824076):1)
07-04 12:27:28.900  1970  2307 W MessageQueue: 	at cwm.onTransact(:com.google.android.gms@17785022@17.7.85 (040700-253824076):4)
07-04 12:27:28.900  1970  2307 W MessageQueue: 	at android.os.Binder.execTransact(Binder.java:697)
07-04 12:27:29.255  1970  1970 I GeofencerStateMachine: removeGeofences: removeRequest=RemoveGeofencingRequest[REMOVE_BY_PENDING_INTENT pendingIntent=PendingIntent[creatorPackage=com.google.android.gms], packageName=com.google.android.gms]
07-04 12:27:29.273  1970  1970 I GeofencerStateMachine: removeGeofences: removeRequest=RemoveGeofencingRequest[REMOVE_BY_PENDING_INTENT pendingIntent=PendingIntent[creatorPackage=com.google.android.gms], packageName=com.google.android.gms]
07-04 12:27:29.316  1970   632 I PlaceInferenceEngine: [anon] Changed inference mode: 0
07-04 12:27:29.330  1970   632 I PlaceInferenceEngine: [account#1066226748] Changed inference mode: 0
07-04 12:27:29.354  1970   632 I Places  : Converted 1 out of 1 WiFi scans
07-04 12:27:29.355  1604  6308 I WifiService: getConnectionInfo uid=10014
07-04 12:27:29.393   496   515 E PlaceStateUpdater: Received no places
07-04 12:27:29.470 32514 32514 I Finsky  : [2] qro.a(22): Running job: 29-29
07-04 12:27:29.523 32514 32514 I Finsky  : [2] qrv.handleMessage(84): RunningQueue size: 1, PendingQueue size: 0
07-04 12:27:29.526 32514 32514 I Finsky  : [2] qrv.handleMessage(93): Running queue: 29-29 
07-04 12:27:29.603 32514   636 I zygote  : Deoptimizing java.lang.String xcv.a(java.lang.String, java.lang.Object[]) due to JIT inline cache
07-04 12:27:29.603 32514   636 I Finsky  : [2111] vmp.a(1): ProcessRecoveryLogsUtil: No files in recovery directory
07-04 12:27:29.608 32514   636 I Finsky  : [2111] qtc.a(9): jobFinished: 29-29. TimeElapsed: 133ms
07-04 12:27:29.612 32514 32514 I Finsky  : [2] qro.c(3): Job 29-29 finished
07-04 12:27:29.626 32514 32514 I Finsky  : [2] qrv.handleMessage(84): RunningQueue size: 0, PendingQueue size: 0
07-04 12:27:29.627 32514 32514 I Finsky  : [2] qrv.handleMessage(27): Executor finished
07-04 12:27:29.668  1410  1410 I boot-pipe: done populating /dev/random
07-04 12:27:29.726  1970   592 E PlaceInferenceEngine: Failed to initiate LevelDb
07-04 12:27:29.726  1970   592 E PlaceInferenceEngine: com.google.android.gms.leveldb.LevelDbIoErrorException: IO error: lock /data/user/0/com.google.android.gms/app_place_inference_data_index/l1/LOCK: already held by process
07-04 12:27:29.726  1970   592 E PlaceInferenceEngine: 	at com.google.android.gms.leveldb.LevelDb.nativeOpen(Native Method)
07-04 12:27:29.726  1970   592 E PlaceInferenceEngine: 	at com.google.android.gms.leveldb.LevelDb.open(:com.google.android.gms@17785022@17.7.85 (040700-253824076):5)
07-04 12:27:29.726  1970   592 E PlaceInferenceEngine: 	at bhbd.e(:com.google.android.gms@17785022@17.7.85 (040700-253824076):7)
07-04 12:27:29.726  1970   592 E PlaceInferenceEngine: 	at bhbd.a(:com.google.android.gms@17785022@17.7.85 (040700-253824076):12)
07-04 12:27:29.726  1970   592 E PlaceInferenceEngine: 	at bhbm.run(:com.google.android.gms@17785022@17.7.85 (040700-253824076):5)
07-04 12:27:29.726  1970   592 E PlaceInferenceEngine: 	at squ.b(:com.google.android.gms@17785022@17.7.85 (040700-253824076):37)
07-04 12:27:29.726  1970   592 E PlaceInferenceEngine: 	at squ.run(:com.google.android.gms@17785022@17.7.85 (040700-253824076):21)
07-04 12:27:29.726  1970   592 E PlaceInferenceEngine: 	at java.util.concurrent.ThreadPoolExecutor.runWorker(ThreadPoolExecutor.java:1162)
07-04 12:27:29.726  1970   592 E PlaceInferenceEngine: 	at java.util.concurrent.ThreadPoolExecutor$Worker.run(ThreadPoolExecutor.java:636)
07-04 12:27:29.726  1970   592 E PlaceInferenceEngine: 	at swz.run(Unknown Source:7)
07-04 12:27:29.726  1970   592 E PlaceInferenceEngine: 	at java.lang.Thread.run(Thread.java:764)
07-04 12:27:29.755  1970   592 E PlaceInferenceEngine: Failed to initiate LevelDb
07-04 12:27:29.755  1970   592 E PlaceInferenceEngine: com.google.android.gms.leveldb.LevelDbIoErrorException: IO error: lock /data/user/0/com.google.android.gms/app_place_inference_data_index/l2/LOCK: already held by process
07-04 12:27:29.755  1970   592 E PlaceInferenceEngine: 	at com.google.android.gms.leveldb.LevelDb.nativeOpen(Native Method)
07-04 12:27:29.755  1970   592 E PlaceInferenceEngine: 	at com.google.android.gms.leveldb.LevelDb.open(:com.google.android.gms@17785022@17.7.85 (040700-253824076):5)
07-04 12:27:29.755  1970   592 E PlaceInferenceEngine: 	at bhbd.e(:com.google.android.gms@17785022@17.7.85 (040700-253824076):7)
07-04 12:27:29.755  1970   592 E PlaceInferenceEngine: 	at bhbd.a(:com.google.android.gms@17785022@17.7.85 (040700-253824076):12)
07-04 12:27:29.755  1970   592 E PlaceInferenceEngine: 	at bhbm.run(:com.google.android.gms@17785022@17.7.85 (040700-253824076):8)
07-04 12:27:29.755  1970   592 E PlaceInferenceEngine: 	at squ.b(:com.google.android.gms@17785022@17.7.85 (040700-253824076):37)
07-04 12:27:29.755  1970   592 E PlaceInferenceEngine: 	at squ.run(:com.google.android.gms@17785022@17.7.85 (040700-253824076):21)
07-04 12:27:29.755  1970   592 E PlaceInferenceEngine: 	at java.util.concurrent.ThreadPoolExecutor.runWorker(ThreadPoolExecutor.java:1162)
07-04 12:27:29.755  1970   592 E PlaceInferenceEngine: 	at java.util.concurrent.ThreadPoolExecutor$Worker.run(ThreadPoolExecutor.java:636)
07-04 12:27:29.755  1970   592 E PlaceInferenceEngine: 	at swz.run(Unknown Source:7)
07-04 12:27:29.755  1970   592 E PlaceInferenceEngine: 	at java.lang.Thread.run(Thread.java:764)
07-04 12:27:29.797   496   506 I zygote  : Background concurrent copying GC freed 29392(1581KB) AllocSpace objects, 16(452KB) LOS objects, 47% free, 6MB/12MB, paused 36.436ms total 939.271ms
07-04 12:27:29.903  1970 31155 I ctxmgr  : [ProducerStatusImpl] updateStateForNewContextData: inactive, contextName=7 [CONTEXT service_id=47 ]
07-04 12:27:29.918 28496 32448 I chatty  : uid=10104(net.osmand) expire 13 lines
07-04 12:27:29.963  1394  1567 W audio_hw_generic: Not supplying enough data to HAL, expected position 754320455 , only wrote 754048080
07-04 12:27:30.026  1604  1613 I zygote  : Background concurrent copying GC freed 27095(1463KB) AllocSpace objects, 7(332KB) LOS objects, 6% free, 91MB/97MB, paused 7.191ms total 3.036s
07-04 12:27:30.171   496   558 E PlaceStateUpdater: Received no places
07-04 12:27:30.232  1604  7927 I MediaFocusControl: requestAudioFocus() from uid/pid 10104/28496 clientId=android.media.AudioManager@9796e46net.osmand.plus.api.AudioFocusHelperImpl@6a9d438 callingPack=net.osmand req=3 flags=0x0 sdk=26
07-04 12:27:30.250  4639 28593 I TTS.GoogleTTSServiceImp: Synthesis request for locale por-BRA and name pt-BR-language
07-04 12:27:30.251  4639 28593 I TTS.GoogleTTSServiceImp: TTS dispatch: pt-br-x-afs-lstm-embedded
07-04 12:27:30.330  1970   595 W MessageQueue: Handler (aeyl) {b776ec} sending message to a Handler on a dead thread
07-04 12:27:30.330  1970   595 W MessageQueue: java.lang.IllegalStateException: Handler (aeyl) {b776ec} sending message to a Handler on a dead thread
07-04 12:27:30.330  1970   595 W MessageQueue: 	at android.os.MessageQueue.enqueueMessage(MessageQueue.java:545)
07-04 12:27:30.330  1970   595 W MessageQueue: 	at android.os.Handler.enqueueMessage(Handler.java:662)
07-04 12:27:30.330  1970   595 W MessageQueue: 	at android.os.Handler.sendMessageAtTime(Handler.java:631)
07-04 12:27:30.330  1970   595 W MessageQueue: 	at aeyl.sendMessageAtTime(Unknown Source:3)
07-04 12:27:30.330  1970   595 W MessageQueue: 	at android.os.Handler.sendMessageDelayed(Handler.java:601)
07-04 12:27:30.330  1970   595 W MessageQueue: 	at android.os.Handler.post(Handler.java:357)
07-04 12:27:30.330  1970   595 W MessageQueue: 	at bhmo.execute(:com.google.android.gms@17785022@17.7.85 (040700-253824076):3)
07-04 12:27:30.330  1970   595 W MessageQueue: 	at bhbp.run(:com.google.android.gms@17785022@17.7.85 (040700-253824076):8)
07-04 12:27:30.330  1970   595 W MessageQueue: 	at squ.b(:com.google.android.gms@17785022@17.7.85 (040700-253824076):37)
07-04 12:27:30.330  1970   595 W MessageQueue: 	at squ.run(:com.google.android.gms@17785022@17.7.85 (040700-253824076):18)
07-04 12:27:30.330  1970   595 W MessageQueue: 	at java.util.concurrent.ThreadPoolExecutor.runWorker(ThreadPoolExecutor.java:1162)
07-04 12:27:30.330  1970   595 W MessageQueue: 	at java.util.concurrent.ThreadPoolExecutor$Worker.run(ThreadPoolExecutor.java:636)
07-04 12:27:30.330  1970   595 W MessageQueue: 	at swz.run(Unknown Source:7)
07-04 12:27:30.330  1970   595 W MessageQueue: 	at java.lang.Thread.run(Thread.java:764)
07-04 12:27:30.430  1970   592 W PlaceInferenceEngine: get() called when leveldb is not active. Operating in memory only mode
07-04 12:27:30.539 32514 32514 I Finsky  : [2] qtj.b(7): Jobs in database: 1-1337 3-169 3-170 3-171 10-1 10-3 10-4 10-6 10-7 10-8 10-10 10-11 10-12 10-14 10-15 10-16 10-18 10-20 10-22 10-24 10-25 10-26 10-27 10-28 10-29 10-30 10-31 10-33 10-35 10-38 10-39 10-40 10-41 10-42 10-44 10-46 10-47 10-48 10-50 10-54 10-55 10-57 10-61 26-1414141414 
07-04 12:27:30.596 32514 32514 I Finsky  : [2] qqq.a(113): ConstraintMapping: 1-1337, 10-1, 10-3, 10-4, 10-6, 10-7, 10-8, 10-10, 10-11, 10-12, 10-14, 10-15, 10-16, 10-18, 10-20, 10-22, 10-24, 10-25, 10-26, 10-27, 10-28, 10-29, 10-30, 10-31, 10-33, 10-35, 10-38, 10-39, 10-40, 10-41, 10-42, 10-44, 10-46, 10-47, 10-48, 10-50, 10-54, 10-55, 10-57, 10-61,  -> L: 2998822ms, D: 46198822ms, C: false, I: false, N: 1
07-04 12:27:30.597 32514 32514 I Finsky  : [2] qqq.a(113): ConstraintMapping: 3-170, 3-171,  -> L: 0ms, D: 86344620ms, C: true, I: false, N: 2
07-04 12:27:30.597 32514 32514 I Finsky  : [2] qqq.a(113): ConstraintMapping: 3-169,  -> L: 0ms, D: 86344209ms, C: true, I: true, N: 2
07-04 12:27:30.598 32514 32514 I Finsky  : [2] qqq.a(113): ConstraintMapping: 26-1414141414,  -> L: 36216148ms, D: 37116148ms, C: false, I: false, N: 0
07-04 12:27:30.612 32514 32514 I Finsky  : [2] com.google.android.finsky.scheduler.JobSchedulerEngine.a(42): Cancelling existing job with id: 9003
07-04 12:27:30.619 32514 32514 I Finsky  : [2] com.google.android.finsky.scheduler.JobSchedulerEngine.a(42): Cancelling existing job with id: 9000
07-04 12:27:30.628 32514 32514 I Finsky  : [2] com.google.android.finsky.scheduler.JobSchedulerEngine.a(42): Cancelling existing job with id: 9002
07-04 12:27:30.634 32514 32514 I Finsky  : [2] com.google.android.finsky.scheduler.JobSchedulerEngine.a(4): Scheduling job Id: 9001, L: 2998822, D: 46198822, C: false, I: false, N: 1
07-04 12:27:30.636 32514 32514 I Finsky  : [2] com.google.android.finsky.scheduler.JobSchedulerEngine.a(14): Throttling wakeup for job 9005 (expected to run in 0 ms) due to recent wakeup
07-04 12:27:30.637 32514 32514 I Finsky  : [2] com.google.android.finsky.scheduler.JobSchedulerEngine.a(4): Scheduling job Id: 9005, L: 30000, D: 86344620, C: true, I: false, N: 2
07-04 12:27:30.643 32514 32514 I Finsky  : [2] com.google.android.finsky.scheduler.JobSchedulerEngine.a(14): Throttling wakeup for job 9006 (expected to run in 0 ms) due to recent wakeup
07-04 12:27:30.644 32514 32514 I Finsky  : [2] com.google.android.finsky.scheduler.JobSchedulerEngine.a(4): Scheduling job Id: 9006, L: 30000, D: 86344209, C: true, I: true, N: 2
07-04 12:27:30.650 32514 32514 I Finsky  : [2] com.google.android.finsky.scheduler.JobSchedulerEngine.a(4): Scheduling job Id: 9007, L: 36216148, D: 37116148, C: false, I: false, N: 0
07-04 12:27:30.716  4639 28594 D AudioTrack: Client defaulted notificationFrames to 1365 for frameCount 4096
07-04 12:27:30.732  1604  4624 V MediaRouterService: restoreBluetoothA2dp(false)
07-04 12:27:30.773  1394  3176 W audio_hw_generic: Not supplying enough data to HAL, expected position 754048129 , only wrote 754048080
07-04 12:27:30.893 28496   640 I chatty  : uid=10104(net.osmand) expire 4 lines
07-04 12:27:31.126  1604  1617 E memtrack: Couldn't load memtrack module
07-04 12:27:31.126  1604  1617 W android.os.Debug: failed to get memory consumption info: -1
07-04 12:27:31.251  4639  4649 I zygote  : Background concurrent copying GC freed 15025(3MB) AllocSpace objects, 0(0B) LOS objects, 50% free, 4MB/8MB, paused 1.231ms total 533.154ms
07-04 12:27:31.275  1477  1572 D AudioFlinger: mixer(0xac983140) throttle end: throttle time(12)
07-04 12:27:31.520  1970   632 I Places  : ?: PlacesBleScanner start() with priority 2
07-04 12:27:31.521  1970   632 I PlaceInferenceEngine: [anon] Changed inference mode: 1
07-04 12:27:31.521  1970   632 I PlaceInferenceEngine: [account#1066226748] Changed inference mode: 1
07-04 12:27:31.538  1604  6308 I ActivityManager: START u0 {act=android.media.action.IMAGE_CAPTURE flg=0x10000000 cmp=com.android.camera2/com.android.camera.CaptureActivity} from uid 2000
07-04 12:27:31.540  1604  6308 I ActivityManager: Cannot find package info for null
07-04 12:27:31.545  1970   632 I Places  : Converted 1 out of 1 WiFi scans
07-04 12:27:31.546  1604  7927 I WifiService: getConnectionInfo uid=10014
07-04 12:27:31.653  1604  5450 I ActivityManager: Start proc 646:com.android.camera2/u0a39 for activity com.android.camera2/com.android.camera.CaptureActivity
07-04 12:27:31.706   646   646 W zygote  : Unexpected CPU variant for X86 using defaults: x86
07-04 12:27:31.754  1970  1970 I BeaconBle: Client requested scan, settings=BleSettings [scanMode=ZERO_POWER, callbackType=ALL_MATCHES, reportDelayMillis=0, 1 filters, 0 clients, callingClientName=Places]
07-04 12:27:31.772  1970   632 I PlaceInferenceEngine: [account#1066226748] Changed inference mode: 1
07-04 12:27:31.773  1970   632 I PlaceInferenceEngine: [anon] Changed inference mode: 1
07-04 12:27:31.773  1402  1440 D gralloc_ranchu: gralloc_alloc: Creating ashmem region of size 7753728
07-04 12:27:31.782  1970  1970 I BeaconBle: Scan : No clients left, canceling alarm.
07-04 12:27:31.797  1970  1970 E BeaconBle: Scan couldn't start for Places
07-04 12:27:31.797  1970  1970 W Places  : BLE failure while scanning - code 5
07-04 12:27:31.923   496   522 D EGL_emulation: eglMakeCurrent: 0xa5805a20: ver 2 0 (tinfo 0xa58033b0)
07-04 12:27:31.953  1604  5450 W ActivityManager: Slow operation: 137ms so far, now at attachApplicationLocked: after mServices.attachApplicationLocked
07-04 12:27:31.991  1604  1619 W Looper  : Dispatch took 123ms on android.ui, h=Handler (com.android.server.am.ActivityManagerService$UiHandler) {63b7718} cb=null msg=31
07-04 12:27:32.030  2061  2124 D EGL_emulation: eglMakeCurrent: 0xa5806680: ver 2 0 (tinfo 0xa5803c60)
07-04 12:27:32.045   646   646 I zygote  : The ClassLoaderContext is a special shared library.
07-04 12:27:32.198  1707  1933 D EGL_emulation: eglMakeCurrent: 0x91a91b00: ver 2 0 (tinfo 0x91b96990)
07-04 12:27:32.271   646   646 I CAM_Profiler: [ 98.894ms][ui] GUARD: FirstRunDetector getTimeOfFirstRun - [97.407ms] preferences.getLong
07-04 12:27:32.272   646   646 I CAM_Profiler: [ 99.991ms][ui] GUARD: FirstRunDetector getTimeOfFirstRun - STOP
07-04 12:27:32.272   646   646 I CAM_Profiler: [108.296ms][ui] GUARD: CameraApp onCreate() - [108.296ms] initializeTimeOfFirstRun
07-04 12:27:32.285   646   646 I CAM_Profiler: [119.143ms][ui] GUARD: CameraApp onCreate() - STOP
07-04 12:27:32.493  1707  1933 D EGL_emulation: eglMakeCurrent: 0x91a91b00: ver 2 0 (tinfo 0x91b96990)
07-04 12:27:32.696   646   646 W SoundPool: Use of stream types is deprecated for operations other than volume control
07-04 12:27:32.696   646   646 W SoundPool: See the documentation of SoundPool() for what to use instead with android.media.AudioAttributes to qualify your playback use case
07-04 12:27:32.716   646   646 I CAM_OneCamFtrCnfgCrtr: CaptureModule? true
07-04 12:27:32.764   646   646 I CAM_Profiler: [353.120ms][ui] GUARD: CameraActivity.onCreateTasks - [39.383ms] Glide.setup
07-04 12:27:32.784  1707  1933 D EGL_emulation: eglMakeCurrent: 0x91a91b00: ver 2 0 (tinfo 0x91b96990)
07-04 12:27:32.827   646   646 I CameraManagerGlobal: Connecting to camera service
07-04 12:27:32.868   646   672 V NuMediaExtractor: setDataSource fd=35 (/system/media/audio/ui/camera_click.ogg), offset=0, length=4851
07-04 12:27:32.872  1970   592 I zygote  : Deoptimizing int bhbd.a(java.util.Map, boolean, boolean) due to JIT same target
07-04 12:27:32.934   646   646 I CAM_Profiler: [523.948ms][ui] GUARD: CameraActivity.onCreateTasks - [30.390ms] computePictureSizes
07-04 12:27:32.947  1707  1933 D EGL_emulation: eglMakeCurrent: 0x91a91b00: ver 2 0 (tinfo 0x91b96990)
07-04 12:27:32.956  1707  1933 D EGL_emulation: eglMakeCurrent: 0x91a91b00: ver 2 0 (tinfo 0x91b96990)
07-04 12:27:32.990   646   672 V NuMediaExtractor: track of type 'audio/vorbis' does not publish bitrate
07-04 12:27:33.052  1707  1933 D EGL_emulation: eglMakeCurrent: 0x91a91b00: ver 2 0 (tinfo 0x91b96990)
07-04 12:27:33.065   646   646 W CAM_Log : Tag RoundedThumbnailView is 1 chars longer than limit.
07-04 12:27:33.077  1707  1933 D EGL_emulation: eglMakeCurrent: 0x91a91b00: ver 2 0 (tinfo 0x91b96990)
07-04 12:27:33.108   646   674 I OMXClient: Treble IOmx obtained
07-04 12:27:33.123  1489  1503 I OMXMaster: makeComponentInstance(OMX.google.vorbis.decoder) in omx@1.0-service process
07-04 12:27:33.258  1489 20412 E OMXNodeInstance: getConfig(0xaf214a20:google.vorbis.decoder, ConfigAndroidVendorExtension(0x6f100004)) ERROR: Undefined(0x80001001)
07-04 12:27:33.292  1393  1393 W /system/bin/hw/android.hidl.allocator@1.0-service: ashmem_create_region(32768) returning hidl_memory(0xb151b830, 32768)
07-04 12:27:33.487  1393  1393 I chatty  : uid=1000(system) allocator@1.0-s identical 21 lines
07-04 12:27:33.491  1393  1393 W /system/bin/hw/android.hidl.allocator@1.0-service: ashmem_create_region(32768) returning hidl_memory(0xb151b830, 32768)
07-04 12:27:33.498  1970  1980 I zygote  : Background concurrent copying GC freed 69290(3MB) AllocSpace objects, 30(1536KB) LOS objects, 30% free, 13MB/19MB, paused 4.004ms total 3.137s
07-04 12:27:33.523  1393  1393 W /system/bin/hw/android.hidl.allocator@1.0-service: ashmem_create_region(32768) returning hidl_memory(0xb151b830, 32768)
07-04 12:27:33.684   646   657 I zygote  : Background concurrent copying GC freed 7806(2MB) AllocSpace objects, 2(40KB) LOS objects, 51% free, 1475KB/2MB, paused 2.075ms total 442.917ms
07-04 12:27:33.902   646   646 I CAM_Profiler: [1491.993ms][ui] GUARD: CameraActivity.onCreateTasks - [965.988ms] setContentView()
07-04 12:27:33.959   646   646 I CAM_Profiler: [1546.681ms][ui] GUARD: CameraActivity.onCreateTasks - [54.689ms] Configure Camera UI
07-04 12:27:34.000   646   667 W CAM2PORT_AndCamAgntImp: Releasing camera without any camera opened.
07-04 12:27:34.027   646   646 W SoundPool: Use of stream types is deprecated for operations other than volume control
07-04 12:27:34.028   646   646 W SoundPool: See the documentation of SoundPool() for what to use instead with android.media.AudioAttributes to qualify your playback use case
07-04 12:27:34.059   646   646 I CAM_Profiler: [1648.493ms][ui] GUARD: CameraActivity.onCreateTasks - [29.009ms] Init Current Module UI
07-04 12:27:34.071   646   646 V NFC     : this device does not have NFC support
07-04 12:27:34.102   646   646 I CAM_Profiler: [1691.761ms][ui] GUARD: CameraActivity.onCreateTasks - STOP
07-04 12:27:34.243  1604  2501 I GnssLocationProvider: WakeLock acquired by sendMessage(SET_REQUEST, 0, com.android.server.location.GnssLocationProvider$GpsRequest@227c460)
07-04 12:27:34.249   646   646 I CAM_Profiler: [ 50.783ms][ui] GUARD: CameraActivity.resume - STOP
07-04 12:27:34.267  1412  1427 E SurfaceFlinger: ro.sf.lcd_density must be defined as a build property
07-04 12:27:34.276   646   684 D OpenGLRenderer: HWUI GL Pipeline
07-04 12:27:34.439  1402  1440 D gralloc_ranchu: gralloc_alloc: Creating ashmem region of size 8298496
07-04 12:27:34.438   646   684 D         : HostConnection::get() New Host Connection established 0x9254d580, tid 684
07-04 12:27:34.459  1402  1440 D gralloc_ranchu: gralloc_alloc: Creating ashmem region of size 8298496
07-04 12:27:34.476   646   684 I zygote  : android::hardware::configstore::V1_0::ISurfaceFlingerConfigs::hasWideColorDisplay retrieved: 0
07-04 12:27:34.476  1402  1440 D gralloc_ranchu: gralloc_alloc: Creating ashmem region of size 8298496
07-04 12:27:34.477   646   684 I OpenGLRenderer: Initialized EGL, version 1.4
07-04 12:27:34.477   646   684 D OpenGLRenderer: Swap behavior 1
07-04 12:27:34.478   646   684 W OpenGLRenderer: Failed to choose config with EGL_SWAP_BEHAVIOR_PRESERVED, retrying without...
07-04 12:27:34.478   646   684 D OpenGLRenderer: Swap behavior 0
07-04 12:27:34.521  1707  1933 D EGL_emulation: eglMakeCurrent: 0x91a91b00: ver 2 0 (tinfo 0x91b96990)
07-04 12:27:34.526   646   684 D EGL_emulation: eglCreateContext: 0xa5805000: maj 2 min 0 rcv 2
07-04 12:27:34.537   646   684 D EGL_emulation: eglMakeCurrent: 0xa5805000: ver 2 0 (tinfo 0xa58039c0)
07-04 12:27:34.543  1412  1468 E SurfaceFlinger: ro.sf.lcd_density must be defined as a build property
07-04 12:27:34.557  1707  1933 D EGL_emulation: eglMakeCurrent: 0x91a91b00: ver 2 0 (tinfo 0x91b96990)
07-04 12:27:34.578  1970   592 W PlaceInferenceEngine: put() called when leveldb is not active. Operating in memory only mode
07-04 12:27:34.579  1970   592 W PlaceInferenceEngine: get() called when leveldb is not active. Operating in memory only mode
07-04 12:27:34.583  1970   632 I PlaceInferenceEngine: Too few candidate results: percentageOfMissingArea 100
07-04 12:27:34.614  1707  1933 D EGL_emulation: eglMakeCurrent: 0x91a91b00: ver 2 0 (tinfo 0x91b96990)
07-04 12:27:34.654   646   646 I CAM_OneCamera1Opnr: Opening Camera: CameraId{Api2='0',Api1:0}
07-04 12:27:34.660  1478 16992 I CameraService: CameraService::connect call (PID -1 "com.android.camera2", camera ID 0) for HAL version default and Camera API version 2
07-04 12:27:34.672  1478 16992 I Camera2ClientBase: Camera 0: Opened. Client: com.android.camera2 (PID 646, UID 10039)
07-04 12:27:34.673  1478 16992 I CameraDeviceClient: CameraDeviceClient 0: Opened
07-04 12:27:34.698  1970   592 W PlaceInferenceEngine: get() called when leveldb is not active. Operating in memory only mode
07-04 12:27:34.707   646   646 I CAM_FocusRingView: Computing center via view bounds.
07-04 12:27:34.711   646   684 D EGL_emulation: eglMakeCurrent: 0xa5805000: ver 2 0 (tinfo 0xa58039c0)
07-04 12:27:34.719   646   681 I CAM_OneCamCreator: Camera support level: LIMITED_YUV
07-04 12:27:34.741   646   681 I CAM_OneCamCreator: Picture Size Configuration: PictureSizeCalculator.Configuration{native size=1280x960, crop=Rect(0, 0 - 1280, 960)}
07-04 12:27:34.771  1604  2501 I WifiService: acquireWifiLock uid=10014 lockMode=2
07-04 12:27:34.793  1707  1933 D EGL_emulation: eglMakeCurrent: 0x91a91b00: ver 2 0 (tinfo 0x91b96990)
07-04 12:27:34.804  1707  1933 D EGL_emulation: eglMakeCurrent: 0x91a91b00: ver 2 0 (tinfo 0x91b96990)
07-04 12:27:34.851  1604  1625 I ActivityManager: Displayed com.android.camera2/com.android.camera.CaptureActivity: +3s215ms
07-04 12:27:35.064   646   646 W CAM_ResSurfaceTexture: Do nothing since mPreviewLayoutSize is 0
07-04 12:27:35.125  1478  1478 W CameraDeviceClient: createSurfaceFromGbp: Camera 0 with consumer usage flag: 256: Forcing asynchronous mode for stream
07-04 12:27:35.178  1478  1478 W CameraDeviceClient: createSurfaceFromGbp: Camera 0: Overriding format 0x1 to IMPLEMENTATION_DEFINED
07-04 12:27:35.188  1478  1478 E Camera3-Device: configureStreams: Stream 0: DataSpace override not allowed for format 0x23
07-04 12:27:35.190  1707  1933 D EGL_emulation: eglMakeCurrent: 0x91a91b00: ver 2 0 (tinfo 0x91b96990)
07-04 12:27:35.204  1707  1933 D EGL_emulation: eglMakeCurrent: 0x91a91b00: ver 2 0 (tinfo 0x91b96990)
07-04 12:27:35.199  1478  1478 D Camera3-Device: Set real time priority for request queue thread (tid 691)
07-04 12:27:35.225  1707  1933 D EGL_emulation: eglMakeCurrent: 0x91a91b00: ver 2 0 (tinfo 0x91b96990)
07-04 12:27:35.236  1412  1412 W SurfaceFlinger: couldn't log to binary event log: overflow.
