--------- beginning of main
08-08 17:47:52.848  9091  9091 I net.osmand: RoutingHelper Recalculate route, because correlation  : 187190.50327487322
08-08 17:47:52.853  9091  9091 I net.osmand: RoutingHelper Recalculate route, because correlation  : 187190.50327487322
08-08 17:47:52.853  9091  9091 I net.osmand: RoutingHelper Recalculate route, because wrong movement direction: 187190.5
08-08 17:47:53.458  3049  3049 V mireo   : j: GPS.setNative: 1565286473000 | Location[fused -7.589195,-37.541068 hAcc=12 et=+23h51m55s972ms alt=0.0 vAcc=40 sAcc=??? bAcc=??? {Bundle[mParcelledData.dataSize=52]}]
08-08 17:47:53.852  9091  9091 I net.osmand: RoutingHelper Recalculate route, because correlation  : 187190.50327487322
08-08 17:47:53.852  9091  9091 I net.osmand: RoutingHelper Recalculate route, because wrong movement direction: 187190.5
08-08 17:47:53.878  9091  9091 I net.osmand: RoutingHelper Recalculate route, because correlation  : 187190.50327487322
08-08 17:47:54.367  1597  4796 I WifiService: acquireWifiLock uid=10014 lockMode=2
08-08 17:47:54.378  1597  1610 E memtrack: Couldn't load memtrack module
08-08 17:47:54.378  1597  1610 W android.os.Debug: failed to get memory consumption info: -1
08-08 17:47:54.460  3049  3049 V mireo   : j: GPS.setNative: 1565286474000 | Location[fused -7.589195,-37.541068 hAcc=12 et=+23h51m56s976ms vel=0.0 vAcc=??? sAcc=??? bAcc=???]
08-08 17:47:54.641  9484  9522 I MicroDetectionWorker: #startMicroDetector [speakerMode: 0]
08-08 17:47:54.651  9484  9522 W ErrorReporter: reportError [type: 211, code: 393244, bug: 0]: errorCode: 393244, engine: 0
08-08 17:47:54.653  9484  9522 I MicroDetector: Keeping mic open: false
08-08 17:47:54.653  9484  9522 I MicroDetectionWorker: #onError(false)
08-08 17:47:54.848  9091  9091 I net.osmand: RoutingHelper Recalculate route, because correlation  : 187190.50327487322
08-08 17:47:54.854  9091  9091 I net.osmand: RoutingHelper Recalculate route, because correlation  : 187190.50327487322
08-08 17:47:54.854  9091  9091 I net.osmand: RoutingHelper Recalculate route, because wrong movement direction: 187190.5
08-08 17:47:55.460  3049  3049 V mireo   : j: GPS.setNative: 1565286475000 | Location[fused -7.589195,-37.541068 hAcc=12 et=+23h51m57s973ms alt=0.0 vAcc=40 sAcc=??? bAcc=??? {Bundle[mParcelledData.dataSize=52]}]
08-08 17:47:55.855  9091  9091 I net.osmand: RoutingHelper Recalculate route, because correlation  : 187190.50327487322
08-08 17:47:55.874  9091  9091 I net.osmand: RoutingHelper Recalculate route, because correlation  : 187190.50327487322
08-08 17:47:55.874  9091  9091 I net.osmand: RoutingHelper Recalculate route, because wrong movement direction: 187190.5
--------- beginning of system
08-08 17:47:56.176  1597  1719 I ActivityManager: START u0 {act=android.intent.action.MAIN cat=[android.intent.category.HOME] flg=0x10000000 cmp=com.google.android.apps.nexuslauncher/.NexusLauncherActivity} from uid 2000
08-08 17:47:56.461  3049  3049 V mireo   : j: GPS.setNative: 1565286476000 | Location[fused -7.589195,-37.541068 hAcc=12 et=+23h51m58s973ms alt=0.0 vAcc=40 sAcc=??? bAcc=??? {Bundle[mParcelledData.dataSize=52]}]
08-08 17:47:56.857  9091  9091 I net.osmand: RoutingHelper Recalculate route, because correlation  : 187190.50327487322
08-08 17:47:56.876  9091  9091 I net.osmand: RoutingHelper Recalculate route, because correlation  : 187190.50327487322
08-08 17:47:56.876  9091  9091 I net.osmand: RoutingHelper Recalculate route, because wrong movement direction: 187190.5
08-08 17:47:57.336  1597  1719 D WificondControl: Scan result ready event
08-08 17:47:57.461 30878 30888 I zygote  : Background concurrent copying GC freed 161003(6MB) AllocSpace objects, 14(1092KB) LOS objects, 36% free, 10MB/16MB, paused 1.825ms total 867.558ms
08-08 17:47:57.465  3049  3049 V mireo   : j: GPS.setNative: 1565286477000 | Location[fused -7.589195,-37.541068 hAcc=12 et=+23h51m59s973ms alt=0.0 vAcc=40 sAcc=??? bAcc=??? {Bundle[mParcelledData.dataSize=52]}]
08-08 17:47:57.699  1597  2331 I WifiService: releaseWifiLock uid=10014
08-08 17:47:57.852  9091  9091 I net.osmand: RoutingHelper Recalculate route, because correlation  : 187190.50327487322
08-08 17:47:57.869  9091  9091 I net.osmand: RoutingHelper Recalculate route, because correlation  : 187190.50327487322
08-08 17:47:57.869  9091  9091 I net.osmand: RoutingHelper Recalculate route, because wrong movement direction: 187190.5
08-08 17:47:58.467  3049  3049 V mireo   : j: GPS.setNative: 1565286478000 | Location[fused -7.589195,-37.541068 hAcc=12 et=+23h52m0s974ms alt=0.0 vAcc=40 sAcc=??? bAcc=??? {Bundle[mParcelledData.dataSize=52]}]
08-08 17:47:58.849  9091  9091 I net.osmand: RoutingHelper Recalculate route, because correlation  : 187190.50327487322
08-08 17:47:58.874  9091  9091 I net.osmand: RoutingHelper Recalculate route, because correlation  : 187190.50327487322
08-08 17:47:58.874  9091  9091 I net.osmand: RoutingHelper Recalculate route, because wrong movement direction: 187190.5
08-08 17:47:59.390  1597  4717 I WifiService: acquireWifiLock uid=10014 lockMode=2
08-08 17:47:59.470  3049  3049 V mireo   : j: GPS.setNative: 1565286479000 | Location[fused -7.589195,-37.541068 hAcc=12 et=+23h52m1s973ms alt=0.0 vAcc=40 sAcc=??? bAcc=??? {Bundle[mParcelledData.dataSize=52]}]
08-08 17:47:59.530  3049  3049 V mireo   : j: GPS.setNative: 1565286479402 | Location[fused -7.589195,-37.541068 hAcc=12 et=+23h52m2s528ms alt=0.0 vAcc=40 sAcc=??? bAcc=??? {Bundle[mParcelledData.dataSize=52]}]
08-08 17:47:59.556  1597  4717 I WifiService: releaseWifiLock uid=10014
08-08 17:47:59.599  1597  1840 I ActivityManager: Process com.google.android.apps.messaging (pid 6884) has died: cch+6CEM 
08-08 17:47:59.618  1597  1613 W zygote  : kill(-6884, 9) failed: No such process
08-08 17:47:59.618  1597  1613 I zygote  : Successfully killed process cgroup uid 10068 pid 6884 in 12ms
08-08 17:47:59.672  9484  9522 I MicroDetectionWorker: #startMicroDetector [speakerMode: 0]
08-08 17:47:59.676  9484  9522 W ErrorReporter: reportError [type: 211, code: 393244, bug: 0]: errorCode: 393244, engine: 0
08-08 17:47:59.684  9484  9522 I MicroDetector: Keeping mic open: false
08-08 17:47:59.685  9484  9522 I MicroDetectionWorker: #onError(false)
08-08 17:47:59.718  1597  2735 I ActivityManager: Force stopping com.skgames.trafficrider appid=10081 user=0: from pid 9615
08-08 17:47:59.769  1787  1787 D CarrierSvcBindHelper: No carrier app for: 0
08-08 17:47:59.854  9091  9091 I net.osmand: RoutingHelper Recalculate route, because correlation  : 187190.50327487322
08-08 17:47:59.854  9091  9091 I net.osmand: RoutingHelper Recalculate route, because wrong movement direction: 187190.5
08-08 17:47:59.870  9091  9091 I net.osmand: RoutingHelper Recalculate route, because correlation  : 187190.50327487322
08-08 17:48:00.046  1597  4782 I ActivityManager: Force stopping com.EvilChaotic.ModernWarplanes appid=10082 user=0: from pid 9620
08-08 17:48:00.098  1787  1787 D CarrierSvcBindHelper: No carrier app for: 0
08-08 17:48:00.336  1597  1840 I ActivityManager: Force stopping com.ea.games.r3_row appid=10083 user=0: from pid 9624
08-08 17:48:00.525  1597  2735 W ActivityManager: Invalid packageName: android.media.action.IMAGE_CAPTURE
08-08 17:48:00.359  1787  1787 D CarrierSvcBindHelper: No carrier app for: 0
08-08 17:48:00.854  9091  9091 I net.osmand: RoutingHelper Recalculate route, because correlation  : 187190.50327487322
08-08 17:48:00.873  9091  9091 I net.osmand: RoutingHelper Recalculate route, because correlation  : 187190.50327487322
08-08 17:48:00.873  9091  9091 I net.osmand: RoutingHelper Recalculate route, because wrong movement direction: 187190.5
08-08 17:48:00.983 30878 30878 I GeofencerStateMachine: sendQueryLocationOptIn
08-08 17:48:00.994  1597  1610 I GnssLocationProvider: WakeLock acquired by sendMessage(ENABLE, 0, null)
08-08 17:48:01.013  1597  1611 W BroadcastQueue: Background execution not allowed: receiving Intent { act=android.location.PROVIDERS_CHANGED flg=0x10 } to com.google.android.apps.maps/com.google.android.apps.gmm.locationsharing.usr.LocationAvailabilityChecker$LocationProvidersChangedBroadcastReceiver
08-08 17:48:01.013  1597  1611 W BroadcastQueue: Background execution not allowed: receiving Intent { act=android.location.PROVIDERS_CHANGED flg=0x10 } to com.google.android.gms/com.google.android.location.internal.NlpNetworkProviderSettingsUpdateReceiver
08-08 17:48:01.014  1597  1611 W BroadcastQueue: Background execution not allowed: receiving Intent { act=android.location.PROVIDERS_CHANGED flg=0x10 } to com.google.android.gms/.chimera.GmsIntentOperationService$PersistentTrustedReceiver
08-08 17:48:01.014  1597  1611 W BroadcastQueue: Background execution not allowed: receiving Intent { act=android.location.PROVIDERS_CHANGED flg=0x10 } to com.google.android.googlequicksearchbox/com.google.android.apps.gsa.broadcastreceiver.external.ExternalCommonBroadcastReceiver
08-08 17:48:01.041 30878 30878 I zygote  : Deoptimizing boolean vm.addAll(java.util.Collection) due to JIT inline cache
08-08 17:48:01.049  1597  1611 W BroadcastQueue: Background execution not allowed: receiving Intent { act=android.location.MODE_CHANGED flg=0x10 } to com.google.android.apps.maps/com.google.android.apps.gmm.locationsharing.usr.LocationAvailabilityChecker$LocationProvidersChangedBroadcastReceiver
08-08 17:48:01.049  1597  1611 W BroadcastQueue: Background execution not allowed: receiving Intent { act=android.location.MODE_CHANGED flg=0x10 } to com.google.android.gms/.chimera.GmsIntentOperationService$PersistentTrustedReceiver
08-08 17:48:01.091  1597  1610 I GnssLocationProvider: WakeLock released by handleMessage(ENABLE, 0, null)
08-08 17:48:01.103  1597  1597 D GpsNetInitiatedHandler: location enabled :false
08-08 17:48:01.190 30878 31002 I zygote  : Deoptimizing boolean afvs.a(android.content.Context) due to JIT inline cache
08-08 17:48:01.342  1597  2113 W ActivityManager: Unable to start service Intent { act=com.google.android.gms.nearby.discovery:ACTION_PERMISSION_CHANGE cmp=com.google.android.gms/.nearby.discovery.service.DiscoveryService } U=0: not found
08-08 17:48:01.345 30878  9642 I GCoreUlr: Starting service, intent=Intent { act=com.google.android.location.reporting.ACTION_UPDATE_WORLD cmp=com.google.android.gms/com.google.android.location.reporting.service.DispatchingService (has extras) }, extras=Bundle[{receiverAction=android.location.PROVIDERS_CHANGED}]
08-08 17:48:01.466  1399  1399 D gralloc_ranchu: gralloc_alloc: Creating ashmem region of size 724992
08-08 17:48:01.475  3049  3049 V mireo   : j: GPS.setNative: 1565286481000 | Location[fused -7.589195,-37.541068 hAcc=12 et=+23h52m3s977ms alt=0.0 vAcc=40 sAcc=??? bAcc=??? {Bundle[mParcelledData.dataSize=52]}]
08-08 17:48:01.490  1399  1399 D gralloc_ranchu: gralloc_alloc: Creating ashmem region of size 724992
08-08 17:48:01.502  1399  1399 D gralloc_ranchu: gralloc_alloc: Creating ashmem region of size 724992
08-08 17:48:01.561  9091  9126 D EGL_emulation: eglMakeCurrent: 0x9f1083a0: ver 2 0 (tinfo 0x8a642460)
08-08 17:48:01.599 30878 30878 E BluetoothAdapter: Bluetooth binder is null
08-08 17:48:01.605  1597  4782 I WifiService: getWifiEnabledState uid=10014
08-08 17:48:01.735 30878  9575 I GCoreUlr: WorldUpdater received intent Intent { act=com.google.android.location.reporting.ACTION_UPDATE_WORLD cmp=com.google.android.gms/com.google.android.location.reporting.service.DispatchingService (has extras) } with receiverAction android.location.PROVIDERS_CHANGED
08-08 17:48:01.799 30878  9575 I GCoreUlr: WorldUpdater:android.location.PROVIDERS_CHANGED: Ensuring that reporting is stopped because of reasons: {account#8#=[InactiveReason{mIdentifier=6, mName='ReportingNotEnabled'}, InactiveReason{mIdentifier=14, mName='HistoryNotEnabled'}]}
08-08 17:48:01.976  1597  4782 I zygote  : IncrementDisableThreadFlip blocked for 6.589ms
08-08 17:48:01.997  1787  1787 D ServiceStateProvider: subId=1
08-08 17:48:02.004  3049  3049 W mireo   : h: RESOLUTION_REQUIRED but UI is not available!
08-08 17:48:02.006  3049  3049 D mireo   : Set location status FALSE
08-08 17:48:02.010 30878  9646 I GCoreUlr: Successfully accounts update
08-08 17:48:02.023 30878  9575 I GCoreUlr: Unbound from all signal providers.
08-08 17:48:02.092  1787  1787 D TelephonyProvider: subIdString = 1 subId = 1
08-08 17:48:02.229  1787  1787 I chatty  : uid=1001(radio) com.android.phone identical 3 lines
08-08 17:48:02.262  1787  1787 D TelephonyProvider: subIdString = 1 subId = 1
08-08 17:48:02.313 30878 30878 I GCoreUlr: Unbound from all signal providers.
08-08 17:48:02.313 30878 30878 I GCoreUlr: Stopping handler for UlrDispSvcFast
08-08 17:48:02.332 30878  9646 I GCoreUlr: Successfully accounts update
08-08 17:48:02.343  1787  1787 D TelephonyProvider: subIdString = 1 subId = 1
08-08 17:48:02.450  1787  1787 I chatty  : uid=1001(radio) com.android.phone identical 1 line
08-08 17:48:02.520  1787  1787 D TelephonyProvider: subIdString = 1 subId = 1
08-08 17:48:02.532  1597  1673 I WifiService: getConnectionInfo uid=1000
08-08 17:48:02.561  1597  1666 D RecurrenceRule: Resolving using anchor 2019-08-08T13:48:02.559-04:00[America/New_York]
08-08 17:48:02.562  1787  1787 D TelephonyProvider: subIdString = 1 subId = 1
08-08 17:48:02.580  1597  1666 D RecurrenceRule: Resolving using anchor 2019-08-08T13:48:02.580-04:00[America/New_York]
08-08 17:48:02.603  1597  1666 D RecurrenceRule: Cycle 18 from 2019-07-09T00:00-04:00[America/New_York] to 2019-08-09T00:00-04:00[America/New_York]
08-08 17:48:02.616  1597  1666 D NetworkStats: Resolving plan for NetworkTemplate: matchRule=MOBILE_ALL, subscriberId=310260..., matchSubscriberIds=[310260...]
08-08 17:48:02.629  1597  1666 D NetworkStats: Found active matching subId 1
08-08 17:48:02.682  1597  1666 D NetworkStats: Resolved to plan null
08-08 17:48:03.476  3049  3049 V mireo   : GPS timeout : 2002 ms
08-08 17:48:03.476  3049  3049 V mireo   : j: GPS.setNative: 1565286483002 | Location[fused -7.589195,-37.541068 hAcc=12 et=+23h52m3s977ms alt=0.0 vAcc=40 sAcc=??? bAcc=??? {Bundle[mParcelledData.dataSize=52]}]
08-08 17:48:04.482  1597  2735 I WifiService: acquireWifiLock uid=10014 lockMode=2
08-08 17:48:04.651  9648  9648 D AndroidRuntime: >>>>>> START com.android.internal.os.RuntimeInit uid 2000 <<<<<<
08-08 17:48:04.708  9484  9522 I MicroDetectionWorker: #startMicroDetector [speakerMode: 0]
08-08 17:48:04.712  9484  9522 W ErrorReporter: reportError [type: 211, code: 393244, bug: 0]: errorCode: 393244, engine: 0
08-08 17:48:04.718  9484  9522 I MicroDetector: Keeping mic open: false
08-08 17:48:04.718  9484  9522 I MicroDetectionWorker: #onError(false)
08-08 17:48:04.736  9648  9648 W app_process: Could not reserve sentinel fault page
08-08 17:48:04.806  1597  1606 I zygote  : Background concurrent copying GC freed 39071(2016KB) AllocSpace objects, 21(612KB) LOS objects, 8% free, 65MB/71MB, paused 10.977ms total 2.865s
08-08 17:48:04.830  9091  9126 D EGL_emulation: eglMakeCurrent: 0x9f1083a0: ver 2 0 (tinfo 0x8a642460)
08-08 17:48:04.849  1597  1597 W WindowManager: removeWindowToken: Attempted to remove non-existing token: android.os.Binder@5cc8c05
08-08 17:48:05.479  3049  3049 V mireo   : GPS timeout : 4005 ms
08-08 17:48:05.479  3049  3049 V mireo   : j: GPS.setNative: 1565286485005 | Location[fused -7.589195,-37.541068 hAcc=12 et=+23h52m3s977ms alt=0.0 vAcc=40 sAcc=??? bAcc=??? {Bundle[mParcelledData.dataSize=52]}]
08-08 17:48:05.803  9648  9648 W app_process: Unexpected CPU variant for X86 using defaults: x86
08-08 17:48:05.870  9648  9648 I app_process: The ClassLoaderContext is a special shared library.
08-08 17:48:06.399  9648  9648 D AndroidRuntime: Calling main entry com.android.commands.monkey.Monkey
08-08 17:48:06.415  9648  9648 W Monkey  : args: [-p, net.osmand, -c, android.intent.category.LAUNCHER, 1]
08-08 17:48:06.416  9648  9648 W Monkey  :  arg: "-p"
08-08 17:48:06.416  9648  9648 W Monkey  :  arg: "net.osmand"
08-08 17:48:06.416  9648  9648 W Monkey  :  arg: "-c"
08-08 17:48:06.416  9648  9648 W Monkey  :  arg: "android.intent.category.LAUNCHER"
08-08 17:48:06.417  9648  9648 W Monkey  :  arg: "1"
08-08 17:48:06.417  9648  9648 W Monkey  : data="net.osmand"
08-08 17:48:06.417  9648  9648 W Monkey  : data="android.intent.category.LAUNCHER"
08-08 17:48:06.631  1597  1611 W BroadcastQueue: Skipping deliver [background] BroadcastRecord{128d157 u-1 android.net.conn.CONNECTIVITY_CHANGE} to ReceiverList{e73d444 9648 (unknown name)/2000/u-1 remote:e56aef1}: process gone or crashing
08-08 17:48:06.756  1597  4782 I ActivityManager: START u0 {act=android.intent.action.MAIN cat=[android.intent.category.LAUNCHER] flg=0x10200000 cmp=net.osmand/.plus.activities.MapActivity} from uid 2000
08-08 17:48:06.768  1597  4782 W Binder  : Outgoing transactions from this process must be FLAG_ONEWAY
08-08 17:48:06.768  1597  4782 W Binder  : java.lang.Throwable
08-08 17:48:06.768  1597  4782 W Binder  : 	at android.os.BinderProxy.transact(Binder.java:752)
08-08 17:48:06.768  1597  4782 W Binder  : 	at android.app.IActivityController$Stub$Proxy.activityStarting(IActivityController.java:172)
08-08 17:48:06.768  1597  4782 W Binder  : 	at com.android.server.am.ActivityStarter.startActivity(ActivityStarter.java:449)
08-08 17:48:06.768  1597  4782 W Binder  : 	at com.android.server.am.ActivityStarter.startActivityLocked(ActivityStarter.java:278)
08-08 17:48:06.768  1597  4782 W Binder  : 	at com.android.server.am.ActivityStarter.startActivityMayWait(ActivityStarter.java:817)
08-08 17:48:06.768  1597  4782 W Binder  : 	at com.android.server.am.ActivityManagerService.startActivityAsUser(ActivityManagerService.java:4532)
08-08 17:48:06.768  1597  4782 W Binder  : 	at com.android.server.am.ActivityManagerService.startActivity(ActivityManagerService.java:4519)
08-08 17:48:06.768  1597  4782 W Binder  : 	at android.app.IActivityManager$Stub.onTransact(IActivityManager.java:121)
08-08 17:48:06.768  1597  4782 W Binder  : 	at com.android.server.am.ActivityManagerService.onTransact(ActivityManagerService.java:2919)
08-08 17:48:06.768  1597  4782 W Binder  : 	at android.os.Binder.execTransact(Binder.java:697)
08-08 17:48:06.800  9648  9648 I Monkey  : Events injected: 1
08-08 17:48:06.871  9648  9648 I Monkey  : ## Network stats: elapsed time=107ms (0ms mobile, 0ms wifi, 107ms not connected)
08-08 17:48:06.907  9648  9648 I com.android.commands.monkey: System.exit called, status: 0
08-08 17:48:06.907  9648  9648 I AndroidRuntime: VM exiting with result code 0.
08-08 17:48:06.993  1597  1612 W Looper  : Dispatch took 147ms on android.ui, h=Handler (com.android.server.policy.PhoneWindowManager$PolicyHandler) {4f5934a} cb=android.database.ContentObserver$NotificationRunnable@dbb4b29 msg=0
08-08 17:48:07.041  9484  9517 D EGL_emulation: eglMakeCurrent: 0x9f107020: ver 2 0 (tinfo 0x9f109ed0)
08-08 17:48:07.048  1697  1918 D EGL_emulation: eglMakeCurrent: 0x9f184840: ver 2 0 (tinfo 0x9f1836c0)
08-08 17:48:07.087  2124  2225 D EGL_emulation: eglMakeCurrent: 0x8c2f1880: ver 2 0 (tinfo 0x8c25f990)
08-08 17:48:07.141  1697  1918 D EGL_emulation: eglMakeCurrent: 0x9f184840: ver 2 0 (tinfo 0x9f1836c0)
08-08 17:48:07.203  1697  1918 D EGL_emulation: eglMakeCurrent: 0x9f184840: ver 2 0 (tinfo 0x9f1836c0)
08-08 17:48:07.376  9091  9091 D InAppPurchaseHelper: Destroying helper.
08-08 17:48:07.487  3049  3049 E mireo   : GPS timeout too long :6013 ms. Giving up from producing fake UTC
08-08 17:48:07.503  1597  4782 D WificondControl: Scan result ready event
08-08 17:48:07.640  9091  9091 D net.osmand: Enable sensor
08-08 17:48:07.668  1597  1597 W NotificationService: Removed summary didn't match old notification: old=0|net.osmand|100|null|10104, removed=0|net.osmand|100|null|10104
08-08 17:48:07.749  1407  1407 I boot-pipe: done populating /dev/random
08-08 17:48:07.928  9091  9091 W System.err: OnCreate for MapActivity took 551 ms
08-08 17:48:07.972  9091  9091 I Choreographer: Skipped 65 frames!  The application may be doing too much work on its main thread.
08-08 17:48:08.001  1399  1399 D gralloc_ranchu: gralloc_alloc: Creating ashmem region of size 8298496
08-08 17:48:08.026  1697  1918 D EGL_emulation: eglMakeCurrent: 0x9f184840: ver 2 0 (tinfo 0x9f1836c0)
08-08 17:48:08.055  1697  1918 D EGL_emulation: eglMakeCurrent: 0x9f184840: ver 2 0 (tinfo 0x9f1836c0)
08-08 17:48:08.094  9091  9091 W ResourceType: For resource 0x7f0e013d, entry index(317) is beyond type entryCount(142)
08-08 17:48:08.149  9091  9091 I chatty  : uid=10104(net.osmand) identical 68 lines
08-08 17:48:08.149  9091  9091 W ResourceType: For resource 0x7f0e013d, entry index(317) is beyond type entryCount(142)
08-08 17:48:08.168  1409  1423 E SurfaceFlinger: Permission Denial: can't openGlobalTransaction pid=9091, uid<=10104
08-08 17:48:08.168  9091  9091 E BpSurfaceComposerClient: Failed to transact (-1)
08-08 17:48:08.172  1409  1821 E SurfaceFlinger: Permission Denial: can't openGlobalTransaction pid=9091, uid<=10104
08-08 17:48:08.175  9091  9091 E BpSurfaceComposerClient: Failed to transact (-1)
08-08 17:48:08.188  9091  9126 D EGL_emulation: eglMakeCurrent: 0x9f1083a0: ver 2 0 (tinfo 0x8a642460)
08-08 17:48:08.225  1399  1399 D gralloc_ranchu: gralloc_alloc: Creating ashmem region of size 8298496
08-08 17:48:08.322  1399  1399 D gralloc_ranchu: gralloc_alloc: Creating ashmem region of size 3878912
08-08 17:48:08.482  1597  1610 E memtrack: Couldn't load memtrack module
08-08 17:48:08.482  1597  1610 W android.os.Debug: failed to get memory consumption info: -1
08-08 17:48:08.502  1399  1399 D gralloc_ranchu: gralloc_alloc: Creating ashmem region of size 8298496
08-08 17:48:08.560  9484  9484 I MemoryTrimmer: Trimming objects from memory, since app is in the background.
08-08 17:48:08.643  1409  1409 W SurfaceFlinger: couldn't log to binary event log: overflow.
08-08 17:48:08.645  1409  1409 W SurfaceFlinger: couldn't log to binary event log: overflow.
08-08 17:48:08.880  1697  1697 I Choreographer: Skipped 35 frames!  The application may be doing too much work on its main thread.
08-08 17:48:08.893 30878 31006 I zygote  : Deoptimizing long brvz.b() due to JIT inline cache
08-08 17:48:08.911  1697  1918 D EGL_emulation: eglMakeCurrent: 0x9f184840: ver 2 0 (tinfo 0x9f1836c0)
08-08 17:48:08.926  1697  1918 D EGL_emulation: eglMakeCurrent: 0x9f184840: ver 2 0 (tinfo 0x9f1836c0)
08-08 17:48:08.968  3049  3049 D mireo   : Set location status TRUE. Requested: true External: false
08-08 17:48:09.073  9484  9484 I MemoryTrimmer: Trimming objects from memory, since app is in the background.
08-08 17:48:09.108  3049  3061 I zygote  : Background concurrent copying GC freed 63441(2MB) AllocSpace objects, 1(20KB) LOS objects, 49% free, 2MB/5MB, paused 25.414ms total 767.041ms
08-08 17:48:09.282  9484  9566 I PBSessionCacheImpl: Deleted sessionId[14790340362621] from persistence.
08-08 17:48:09.365  1597  4715 I WifiService: releaseWifiLock uid=10014
08-08 17:48:09.441  1697  1918 D EGL_emulation: eglMakeCurrent: 0x9f184840: ver 2 0 (tinfo 0x9f1836c0)
08-08 17:48:09.636  1597  2337 I WifiService: getWifiEnabledState uid=10032
08-08 17:48:09.646  3049  3049 V mireo   : j: GPS.setNative: 1565286484528 | Location[fused 37.422184,-122.084526 hAcc=725 et=+23h52m7s654ms vAcc=??? sAcc=??? bAcc=???]
08-08 17:48:09.759  9484  9535 I zygote  : Deoptimizing java.lang.Object com.google.common.collect.mj.a(java.lang.Object, java.lang.Object[], int, int, java.lang.Object) due to JIT inline cache
08-08 17:48:09.793  9484  9522 W SearchServiceCore: Abort, client detached.
08-08 17:48:09.865  9484  9522 I StreamController: cleanUpControllerScope(nowcards-15-51ecff3-f97b)
08-08 17:48:09.927  1597  4715 I WifiService: acquireWifiLock uid=10014 lockMode=2
08-08 17:48:10.337 30878  9583 I Places  : Converted 1 out of 1 WiFi scans
08-08 17:48:10.338  1597  5965 I WifiService: getConnectionInfo uid=10014
08-08 17:48:10.460  1399  1399 D gralloc_ranchu: gralloc_alloc: Creating ashmem region of size 3878912
08-08 17:48:10.532  1597  2337 I WifiService: releaseWifiLock uid=10014
08-08 17:48:10.533  1399  1399 D gralloc_ranchu: gralloc_alloc: Creating ashmem region of size 3878912
08-08 17:48:10.645  3049  3049 V mireo   : j: GPS.setNative: 1565286490161 | Location[fused 37.422184,-122.084526 hAcc=725 et=+23h52m13s287ms vAcc=??? sAcc=??? bAcc=???]
08-08 17:48:11.131 30878  9233 I PlaceInferenceEngine: No beacon scan available - ignoring candidates.
08-08 17:48:11.378 30878  9233 I PlaceInferenceEngine: No beacon scan available - ignoring candidates.
08-08 17:48:12.643  3049  3049 V mireo   : GPS timeout : 2001 ms
08-08 17:48:12.644  3049  3049 V mireo   : j: GPS.setNative: 1565286492162 | Location[fused 37.422184,-122.084526 hAcc=725 et=+23h52m13s287ms vAcc=??? sAcc=??? bAcc=???]
08-08 17:48:12.907  1597  2337 D WificondControl: Scan result ready event
08-08 17:48:12.936  9091  9269 I net.osmand:native: Run GC (before 57.642433 Mb after 44.793753 Mb) unload 288 of 951 tiles
08-08 17:48:14.649  3049  3049 V mireo   : GPS timeout : 4007 ms
08-08 17:48:14.649  3049  3049 V mireo   : j: GPS.setNative: 1565286494168 | Location[fused 37.422184,-122.084526 hAcc=725 et=+23h52m13s287ms vAcc=??? sAcc=??? bAcc=???]
08-08 17:48:14.836  9484  9508 I zygote  : Deoptimizing com.google.common.collect.po com.google.common.collect.ek.a(int) due to JIT inline cache
08-08 17:48:15.015  1597  2337 I WifiService: acquireWifiLock uid=10014 lockMode=2
08-08 17:48:15.236  1597  5965 I WifiService: releaseWifiLock uid=10014
08-08 17:48:15.600 30878  9583 I Places  : ?: PlacesBleScanner stop()
08-08 17:48:15.614 30878 30878 I BeaconBle: Scan : No clients left, canceling alarm.
08-08 17:48:15.616 30878 30878 I BeaconBle: Scan canceled successfully.
08-08 17:48:15.638 30878  9583 I PlaceInferenceEngine: [anon] Changed inference mode: 0
08-08 17:48:15.638 30878  9583 I PlaceInferenceEngine: [account#1066226748] Changed inference mode: 0
08-08 17:48:15.651  3049  3049 V mireo   : j: GPS.setNative: 1565286495050 | Location[fused 37.422184,-122.084526 hAcc=725 et=+23h52m18s176ms vAcc=??? sAcc=??? bAcc=???]
08-08 17:48:15.871 30878 30878 I GeofencerStateMachine: removeGeofences: removeRequest=RemoveGeofencingRequest[REMOVE_BY_PENDING_INTENT pendingIntent=PendingIntent[creatorPackage=com.google.android.gms], packageName=com.google.android.gms]
08-08 17:48:16.092 30878 31185 W MessageQueue: Handler (afeu) {a0f8aaf} sending message to a Handler on a dead thread
08-08 17:48:16.092 30878 31185 W MessageQueue: java.lang.IllegalStateException: Handler (afeu) {a0f8aaf} sending message to a Handler on a dead thread
08-08 17:48:16.092 30878 31185 W MessageQueue: 	at android.os.MessageQueue.enqueueMessage(MessageQueue.java:545)
08-08 17:48:16.092 30878 31185 W MessageQueue: 	at android.os.Handler.enqueueMessage(Handler.java:662)
08-08 17:48:16.092 30878 31185 W MessageQueue: 	at android.os.Handler.sendMessageAtTime(Handler.java:631)
08-08 17:48:16.092 30878 31185 W MessageQueue: 	at afeu.sendMessageAtTime(Unknown Source:3)
08-08 17:48:16.092 30878 31185 W MessageQueue: 	at android.os.Handler.sendMessageDelayed(Handler.java:601)
08-08 17:48:16.092 30878 31185 W MessageQueue: 	at android.os.Handler.post(Handler.java:357)
08-08 17:48:16.092 30878 31185 W MessageQueue: 	at bdem.execute(Unknown Source:2)
08-08 17:48:16.092 30878 31185 W MessageQueue: 	at aarn.execute(Unknown Source:9)
08-08 17:48:16.092 30878 31185 W MessageQueue: 	at avvy.a(:com.google.android.gms@18382022@18.3.82 (040700-260264002):3)
08-08 17:48:16.092 30878 31185 W MessageQueue: 	at avwl.a(:com.google.android.gms@18382022@18.3.82 (040700-260264002):6)
08-08 17:48:16.092 30878 31185 W MessageQueue: 	at avws.a(:com.google.android.gms@18382022@18.3.82 (040700-260264002):43)
08-08 17:48:16.092 30878 31185 W MessageQueue: 	at avwo.a(:com.google.android.gms@18382022@18.3.82 (040700-260264002):2)
08-08 17:48:16.092 30878 31185 W MessageQueue: 	at rte.a(:com.google.android.gms@18382022@18.3.82 (040700-260264002):3)
08-08 17:48:16.092 30878 31185 W MessageQueue: 	at rte.a(:com.google.android.gms@18382022@18.3.82 (040700-260264002):2)
08-08 17:48:16.092 30878 31185 W MessageQueue: 	at aguw.a(Unknown Source:2)
08-08 17:48:16.092 30878 31185 W MessageQueue: 	at rrs.a(Unknown Source:11)
08-08 17:48:16.092 30878 31185 W MessageQueue: 	at aaqo.a(:com.google.android.gms@18382022@18.3.82 (040700-260264002):1)
08-08 17:48:16.092 30878 31185 W MessageQueue: 	at czh.onTransact(:com.google.android.gms@18382022@18.3.82 (040700-260264002):4)
08-08 17:48:16.092 30878 31185 W MessageQueue: 	at android.os.Binder.execTransact(Binder.java:697)
08-08 17:48:17.654  3049  3049 V mireo   : GPS timeout : 2003 ms
08-08 17:48:17.654  3049  3049 V mireo   : j: GPS.setNative: 1565286497053 | Location[fused 37.422184,-122.084526 hAcc=725 et=+23h52m18s176ms vAcc=??? sAcc=??? bAcc=???]
08-08 17:48:19.014  9091  9091 I net.osmand: TTSCommandPlayerImpl Send message to pebble sem sinal g p s 
08-08 17:48:19.014  9091  9091 D net.osmand: AbstractPrologCommandPlayer requestAudioFocus
08-08 17:48:19.021  9091  9091 W AudioManager: Use of stream types is deprecated for operations other than volume control
08-08 17:48:19.021  9091  9091 W AudioManager: See the documentation of requestAudioFocus() for what to use instead with android.media.AudioAttributes to qualify your playback use case
08-08 17:48:19.026  1597  2337 I MediaFocusControl: requestAudioFocus() from uid/pid 10104/9091 clientId=android.media.AudioManager@97c24net.osmand.plus.api.AudioFocusHelperImpl@d3998f3 callingPack=net.osmand req=3 flags=0x0 sdk=26
08-08 17:48:19.032  9091  9091 D net.osmand: TTSCommandPlayerImpl ttsRequests=1
08-08 17:48:19.137  3216  3302 I TTS.GoogleTTSServiceImp: Synthesis request for locale por-BRA and name pt-BR-language
08-08 17:48:19.166  3216  3302 I TTS.GoogleTTSServiceImp: TTS dispatch: pt-br-x-afs-lstm-embedded
08-08 17:48:19.227  9484  9522 I WorkerManager: dispose()
08-08 17:48:19.230  9484  9522 W ThreadPoolDumper: Queue length for executor EventBus is now 11. Perhaps some tasks are too long, or the pool is too small.
08-08 17:48:19.574  3216  3303 D AudioTrack: Client defaulted notificationFrames to 1365 for frameCount 4096
08-08 17:48:19.588  1597  2337 V MediaRouterService: restoreBluetoothA2dp(false)
08-08 17:48:19.600  1391  2428 W audio_hw_generic: Not supplying enough data to HAL, expected position 1121101935 , only wrote 1121101920
08-08 17:48:19.656  3049  3049 V mireo   : GPS timeout : 4005 ms
08-08 17:48:19.656  3049  3049 V mireo   : j: GPS.setNative: 1565286499055 | Location[fused 37.422184,-122.084526 hAcc=725 et=+23h52m18s176ms vAcc=??? sAcc=??? bAcc=???]
08-08 17:48:19.934  1473  1560 D AudioFlinger: mixer(0xab483280) throttle end: throttle time(7)
08-08 17:48:20.069  1597  2337 I WifiService: acquireWifiLock uid=10014 lockMode=2
08-08 17:48:20.105  1597  1610 E memtrack: Couldn't load memtrack module
08-08 17:48:20.105  1597  1610 W android.os.Debug: failed to get memory consumption info: -1
08-08 17:48:20.250  1597  1610 E memtrack: Couldn't load memtrack module
08-08 17:48:20.250  1597  1610 W android.os.Debug: failed to get memory consumption info: -1
08-08 17:48:20.663 30878 30878 I BeaconBle: Scan : No clients left, canceling alarm.
08-08 17:48:21.660  3049  3049 E mireo   : GPS timeout too long :6009 ms. Giving up from producing fake UTC
08-08 17:48:21.683  3216  3303 D AudioTrack: stop() called with 44330 frames delivered
08-08 17:48:21.692  9091  9389 D net.osmand: AbstractPrologCommandPlayer abandonAudioFocus
08-08 17:48:21.701  1597  5965 I MediaFocusControl: abandonAudioFocus() from uid/pid 10104/9091 clientId=android.media.AudioManager@97c24net.osmand.plus.api.AudioFocusHelperImpl@d3998f3
08-08 17:48:21.701  9091  9389 D net.osmand: TTSCommandPlayerImpl ttsRequests=0
08-08 17:48:23.069  1597  5965 D WificondControl: Scan result ready event
08-08 17:48:23.295  1597  2337 I WifiService: releaseWifiLock uid=10014
08-08 17:48:23.662  3049  3049 V mireo   : j: GPS.setNative: 1565286500106 | Location[fused 37.422184,-122.084526 hAcc=725 et=+23h52m23s232ms vAcc=??? sAcc=??? bAcc=???]
08-08 17:48:23.725  9091  9269 I net.osmand:native: Run GC (before 57.629967 Mb after 44.772696 Mb) unload 300 of 887 tiles
08-08 17:48:24.694  1391  1549 W audio_hw_generic: Not supplying enough data to HAL, expected position 1121346434 , only wrote 1121346000
08-08 17:48:25.453  1787  1787 D ServiceStateProvider: subId=1
08-08 17:48:25.523  1787  1787 D TelephonyProvider: subIdString = 1 subId = 1
08-08 17:48:25.587  1787  1787 D TelephonyProvider: subIdString = 1 subId = 1
08-08 17:48:25.616  1597  1673 I WifiService: getConnectionInfo uid=1000
08-08 17:48:25.666  3049  3049 V mireo   : GPS timeout : 2004 ms
08-08 17:48:25.666  1787  1787 D TelephonyProvider: subIdString = 1 subId = 1
08-08 17:48:25.666  3049  3049 V mireo   : j: GPS.setNative: 1565286502110 | Location[fused 37.422184,-122.084526 hAcc=725 et=+23h52m23s232ms vAcc=??? sAcc=??? bAcc=???]
08-08 17:48:25.702  1787  1787 D TelephonyProvider: subIdString = 1 subId = 1
08-08 17:48:25.727  1597  1666 D RecurrenceRule: Resolving using anchor 2019-08-08T13:48:25.726-04:00[America/New_York]
08-08 17:48:25.734  1597  1666 D RecurrenceRule: Resolving using anchor 2019-08-08T13:48:25.733-04:00[America/New_York]
08-08 17:48:25.747  1787  1787 D TelephonyProvider: subIdString = 1 subId = 1
08-08 17:48:25.748  1597  1666 D RecurrenceRule: Cycle 18 from 2019-07-09T00:00-04:00[America/New_York] to 2019-08-09T00:00-04:00[America/New_York]
08-08 17:48:21.685  1597  2337 V MediaRouterService: restoreBluetoothA2dp(false)
08-08 17:48:25.753  1597  1666 D NetworkStats: Resolving plan for NetworkTemplate: matchRule=MOBILE_ALL, subscriberId=310260..., matchSubscriberIds=[310260...]
08-08 17:48:25.760  1597  1666 D NetworkStats: Found active matching subId 1
08-08 17:48:25.786  1787  1787 D TelephonyProvider: subIdString = 1 subId = 1
08-08 17:48:25.793  1597  1666 D NetworkStats: Resolved to plan null
08-08 17:48:25.857  1787  1787 I chatty  : uid=1001(radio) com.android.phone identical 2 lines
08-08 17:48:25.885  1787  1787 D TelephonyProvider: subIdString = 1 subId = 1
08-08 17:48:27.669  3049  3049 V mireo   : GPS timeout : 4007 ms
08-08 17:48:27.669  3049  3049 V mireo   : j: GPS.setNative: 1565286504113 | Location[fused 37.422184,-122.084526 hAcc=725 et=+23h52m23s232ms vAcc=??? sAcc=??? bAcc=???]
08-08 17:48:28.303  1597  4715 I WifiService: acquireWifiLock uid=10014 lockMode=2
08-08 17:48:28.398  1597  2113 I WifiService: releaseWifiLock uid=10014
08-08 17:48:28.670  3049  3049 V mireo   : j: GPS.setNative: 1565286508310 | Location[fused 37.422184,-122.084526 hAcc=725 et=+23h52m31s436ms vAcc=??? sAcc=??? bAcc=???]
08-08 17:48:30.672  3049  3049 V mireo   : GPS timeout : 2002 ms
08-08 17:48:30.673  3049  3049 V mireo   : j: GPS.setNative: 1565286510312 | Location[fused 37.422184,-122.084526 hAcc=725 et=+23h52m31s436ms vAcc=??? sAcc=??? bAcc=???]
08-08 17:48:32.675  3049  3049 V mireo   : GPS timeout : 4006 ms
08-08 17:48:32.676  3049  3049 V mireo   : j: GPS.setNative: 1565286512316 | Location[fused 37.422184,-122.084526 hAcc=725 et=+23h52m31s436ms vAcc=??? sAcc=??? bAcc=???]
08-08 17:48:33.181  1597  2113 I ActivityManager: Process com.google.android.partnersetup (pid 8857) has died: cch+4CEM 
08-08 17:48:33.186  1597  1613 W zygote  : kill(-8857, 9) failed: No such process
08-08 17:48:33.189  1597  1613 I zygote  : Successfully killed process cgroup uid 10017 pid 8857 in 0ms
08-08 17:48:33.205  1597  1610 E memtrack: Couldn't load memtrack module
08-08 17:48:33.205  1597  1610 W android.os.Debug: failed to get memory consumption info: -1
08-08 17:48:33.221  1597  1657 W InputDispatcher: channel '16fb5 com.android.camera2/com.android.camera.CaptureActivity (server)' ~ Consumer closed input channel or an error occurred.  events=0x9
08-08 17:48:33.222  1597  1657 E InputDispatcher: channel '16fb5 com.android.camera2/com.android.camera.CaptureActivity (server)' ~ Channel is unrecoverably broken and will be disposed!
08-08 17:48:33.225  1597  1613 W zygote  : kill(-9316, 9) failed: No such process
08-08 17:48:33.230  1597  1718 I WindowManager: WIN DEATH: Window{16fb5 u0 com.android.camera2/com.android.camera.CaptureActivity}
08-08 17:48:33.230  1597  1718 W InputDispatcher: Attempted to unregister already unregistered input channel '16fb5 com.android.camera2/com.android.camera.CaptureActivity (server)'
08-08 17:48:33.266  1597  1613 W zygote  : kill(-9316, 9) failed: No such process
08-08 17:48:33.266  1597  1613 I zygote  : Successfully killed process cgroup uid 10039 pid 9316 in 40ms
08-08 17:48:33.274  1597  2782 I ActivityManager: Process com.android.camera2 (pid 9316) has died: cch+1CAC 
08-08 17:48:33.337  1597  1613 W zygote  : kill(-9540, 9) failed: No such process
08-08 17:48:33.337  1597  1613 I zygote  : Successfully killed process cgroup uid 10014 pid 9540 in 0ms
08-08 17:48:33.340  1597  1607 I ActivityManager: Process com.google.process.gapps (pid 9540) has died: cch+2CEM 
08-08 17:48:33.369  1597  6130 I ActivityManager: Process com.google.process.gservices (pid 2056) has died: cch  CEM 
08-08 17:48:33.371  1597  1613 W zygote  : kill(-2056, 9) failed: No such process
08-08 17:48:33.371  1597  1613 I zygote  : Successfully killed process cgroup uid 10014 pid 2056 in 0ms
08-08 17:48:33.398  1597  1618 W ActivityManager: setHasOverlayUi called on unknown pid: 9316
08-08 17:48:33.399  1597  1612 W Looper  : Dispatch took 122ms on android.ui, h=Handler (com.android.server.am.ActivityManagerService$UiHandler) {d95f6aa} cb=null msg=53
08-08 17:48:33.452  1597  1657 W InputDispatcher: channel '62a5879 com.google.android.apps.nexuslauncher/com.google.android.apps.nexuslauncher.NexusLauncherActivity (server)' ~ Consumer closed input channel or an error occurred.  events=0x9
08-08 17:48:33.456  1597  1657 E InputDispatcher: channel '62a5879 com.google.android.apps.nexuslauncher/com.google.android.apps.nexuslauncher.NexusLauncherActivity (server)' ~ Channel is unrecoverably broken and will be disposed!
08-08 17:48:33.463  1597  1613 W zygote  : kill(-9484, 9) failed: No such process
08-08 17:48:33.476  1597  2726 D ConnectivityService: ConnectivityService NetworkRequestInfo binderDied(NetworkRequest [ LISTEN id=114, [ Capabilities: INTERNET&NOT_RESTRICTED&TRUSTED] ], android.os.BinderProxy@956c4a4)
08-08 17:48:33.495  1597  2331 I ActivityManager: Process com.google.android.googlequicksearchbox:search (pid 9484) has died: cch  CACC
08-08 17:48:33.497  1597  2331 W ActivityManager: Scheduling restart of crashed service com.google.android.googlequicksearchbox/com.google.android.apps.gsa.nowoverlayservice.DrawerOverlayService in 1000ms
08-08 17:48:33.498  1597  1719 I WindowManager: WIN DEATH: Window{62a5879 u0 com.google.android.apps.nexuslauncher/com.google.android.apps.nexuslauncher.NexusLauncherActivity}
08-08 17:48:33.498  1597  1719 W InputDispatcher: Attempted to unregister already unregistered input channel '62a5879 com.google.android.apps.nexuslauncher/com.google.android.apps.nexuslauncher.NexusLauncherActivity (server)'
08-08 17:48:33.508  1597  1613 W zygote  : kill(-9484, 9) failed: No such process
08-08 17:48:33.508  1597  1613 I zygote  : Successfully killed process cgroup uid 10032 pid 9484 in 45ms
08-08 17:48:33.510  1597  1618 W ActivityManager: setHasOverlayUi called on unknown pid: 9484
08-08 17:48:33.555  1597  4782 I WifiService: acquireWifiLock uid=10014 lockMode=2
08-08 17:48:34.678  3049  3049 E mireo   : GPS timeout too long :6008 ms. Giving up from producing fake UTC
08-08 17:48:36.546  1597  4782 D WificondControl: Scan result ready event
08-08 17:48:36.717  1597  1719 I WifiService: releaseWifiLock uid=10014
08-08 17:48:36.947  3049  3049 V mireo   : j: GPS.setNative: 1565286513575 | Location[fused 37.422184,-122.084526 hAcc=725 et=+23h52m36s701ms vAcc=??? sAcc=??? bAcc=???]
08-08 17:48:37.257  1597  1606 I zygote  : Background concurrent copying GC freed 103878(4MB) AllocSpace objects, 11(636KB) LOS objects, 8% free, 65MB/71MB, paused 785us total 682.619ms
08-08 17:48:38.566  1597  6852 I WifiService: acquireWifiLock uid=10014 lockMode=2
08-08 17:48:38.647  1597  1719 I WifiService: releaseWifiLock uid=10014
08-08 17:48:38.709  3049  3049 V mireo   : j: GPS.setNative: 1565286518574 | Location[fused 37.422184,-122.084526 hAcc=725 et=+23h52m41s700ms vAcc=??? sAcc=??? bAcc=???]
08-08 17:48:40.530  9091  9269 I net.osmand:native: Run GC (before 57.620407 Mb after 44.749020 Mb) unload 257 of 853 tiles
08-08 17:48:40.551  1787  1787 D ServiceStateProvider: subId=1
08-08 17:48:40.585  1787  1787 D TelephonyProvider: subIdString = 1 subId = 1
08-08 17:48:40.630  1597  1673 I WifiService: getConnectionInfo uid=1000
08-08 17:48:40.636  1787  1787 D TelephonyProvider: subIdString = 1 subId = 1
08-08 17:48:40.649  1597  1666 D RecurrenceRule: Resolving using anchor 2019-08-08T13:48:40.648-04:00[America/New_York]
08-08 17:48:40.656  1597  1666 D RecurrenceRule: Resolving using anchor 2019-08-08T13:48:40.656-04:00[America/New_York]
08-08 17:48:40.658  1787  1787 D TelephonyProvider: subIdString = 1 subId = 1
08-08 17:48:40.676  1597  1666 D RecurrenceRule: Cycle 18 from 2019-07-09T00:00-04:00[America/New_York] to 2019-08-09T00:00-04:00[America/New_York]
08-08 17:48:40.677  1597  1666 D NetworkStats: Resolving plan for NetworkTemplate: matchRule=MOBILE_ALL, subscriberId=310260..., matchSubscriberIds=[310260...]
08-08 17:48:40.688  1597  1666 D NetworkStats: Found active matching subId 1
08-08 17:48:40.693  1787  1787 D TelephonyProvider: subIdString = 1 subId = 1
08-08 17:48:40.700  1597  1666 D NetworkStats: Resolved to plan null
08-08 17:48:40.711  3049  3049 V mireo   : GPS timeout : 2002 ms
08-08 17:48:40.712  3049  3049 V mireo   : j: GPS.setNative: 1565286520576 | Location[fused 37.422184,-122.084526 hAcc=725 et=+23h52m41s700ms vAcc=??? sAcc=??? bAcc=???]
08-08 17:48:40.725  1787  1787 D TelephonyProvider: subIdString = 1 subId = 1
08-08 17:48:40.768  1787  1787 I chatty  : uid=1001(radio) com.android.phone identical 3 lines
08-08 17:48:40.779  1787  1787 D TelephonyProvider: subIdString = 1 subId = 1
08-08 17:48:42.715  3049  3049 V mireo   : GPS timeout : 4006 ms
08-08 17:48:42.715  3049  3049 V mireo   : j: GPS.setNative: 1565286522580 | Location[fused 37.422184,-122.084526 hAcc=725 et=+23h52m41s700ms vAcc=??? sAcc=??? bAcc=???]
08-08 17:48:43.584  1597  1719 I WifiService: acquireWifiLock uid=10014 lockMode=2
08-08 17:48:44.718  3049  3049 E mireo   : GPS timeout too long :6009 ms. Giving up from producing fake UTC
08-08 17:48:46.556  1597  4782 D WificondControl: Scan result ready event
08-08 17:48:46.636  1597  2331 I WifiService: releaseWifiLock uid=10014
08-08 17:48:46.720  3049  3049 V mireo   : j: GPS.setNative: 1565286523594 | Location[fused 37.422184,-122.084526 hAcc=725 et=+23h52m46s720ms vAcc=??? sAcc=??? bAcc=???]
08-08 17:48:46.768 30878 30888 I zygote  : Background concurrent copying GC freed 133156(6MB) AllocSpace objects, 19(1084KB) LOS objects, 38% free, 9MB/15MB, paused 765us total 169.850ms
08-08 17:48:48.595  1597  2331 I WifiService: acquireWifiLock uid=10014 lockMode=2
08-08 17:48:48.654  1597  6852 I WifiService: releaseWifiLock uid=10014
08-08 17:48:48.723  3049  3049 V mireo   : j: GPS.setNative: 1565286528603 | Location[fused 37.422184,-122.084526 hAcc=725 et=+23h52m51s729ms vAcc=??? sAcc=??? bAcc=???]
08-08 17:48:50.724  3049  3049 V mireo   : GPS timeout : 2002 ms
08-08 17:48:50.725  3049  3049 V mireo   : j: GPS.setNative: 1565286530605 | Location[fused 37.422184,-122.084526 hAcc=725 et=+23h52m51s729ms vAcc=??? sAcc=??? bAcc=???]
08-08 17:48:52.727  3049  3049 V mireo   : GPS timeout : 4005 ms
08-08 17:48:52.727  3049  3049 V mireo   : j: GPS.setNative: 1565286532608 | Location[fused 37.422184,-122.084526 hAcc=725 et=+23h52m51s729ms vAcc=??? sAcc=??? bAcc=???]
08-08 17:48:53.716  1597  6852 I WifiService: acquireWifiLock uid=10014 lockMode=2
08-08 17:48:54.113  1597  1606 I zygote  : Background concurrent copying GC freed 17026(980KB) AllocSpace objects, 0(0B) LOS objects, 8% free, 65MB/71MB, paused 795us total 494.278ms
08-08 17:48:54.732  3049  3049 E mireo   : GPS timeout too long :6010 ms. Giving up from producing fake UTC
08-08 17:48:56.706  1597  6852 D WificondControl: Scan result ready event
08-08 17:48:56.808  1597  6852 I WifiService: releaseWifiLock uid=10014
08-08 17:48:56.981  3049  3049 V mireo   : j: GPS.setNative: 1565286533726 | Location[fused 37.422184,-122.084526 hAcc=725 et=+23h52m56s852ms vAcc=??? sAcc=??? bAcc=???]
08-08 17:48:58.985  3049  3049 V mireo   : GPS timeout : 2004 ms
08-08 17:48:58.985  3049  3049 V mireo   : j: GPS.setNative: 1565286535730 | Location[fused 37.422184,-122.084526 hAcc=725 et=+23h52m56s852ms vAcc=??? sAcc=??? bAcc=???]
08-08 17:49:00.988  3049  3049 V mireo   : GPS timeout : 4007 ms
08-08 17:49:00.988  3049  3049 V mireo   : j: GPS.setNative: 1565286537733 | Location[fused 37.422184,-122.084526 hAcc=725 et=+23h52m56s852ms vAcc=??? sAcc=??? bAcc=???]
08-08 17:49:01.814  1597  2331 I WifiService: acquireWifiLock uid=10014 lockMode=2
08-08 17:49:01.894  1597  2331 I WifiService: releaseWifiLock uid=10014
08-08 17:49:01.990  3049  3049 V mireo   : j: GPS.setNative: 1565286541821 | Location[fused 37.422184,-122.084526 hAcc=725 et=+23h53m4s947ms vAcc=??? sAcc=??? bAcc=???]
08-08 17:49:03.991  3049  3049 V mireo   : GPS timeout : 2002 ms
08-08 17:49:03.991  3049  3049 V mireo   : j: GPS.setNative: 1565286543823 | Location[fused 37.422184,-122.084526 hAcc=725 et=+23h53m4s947ms vAcc=??? sAcc=??? bAcc=???]
08-08 17:49:04.856  9091  9269 I net.osmand:native: Run GC (before 57.674416 Mb after 44.669788 Mb) unload 230 of 851 tiles
08-08 17:49:05.994  3049  3049 V mireo   : GPS timeout : 4005 ms
08-08 17:49:05.994  3049  3049 V mireo   : j: GPS.setNative: 1565286545826 | Location[fused 37.422184,-122.084526 hAcc=725 et=+23h53m4s947ms vAcc=??? sAcc=??? bAcc=???]
08-08 17:49:06.905  1597  2331 I WifiService: acquireWifiLock uid=10014 lockMode=2
08-08 17:49:07.033  1697  1716 I zygote  : Background concurrent copying GC freed 120936(5MB) AllocSpace objects, 0(0B) LOS objects, 25% free, 17MB/23MB, paused 754us total 190.186ms
08-08 17:49:07.752  1407  1407 I boot-pipe: done populating /dev/random
08-08 17:49:07.996  3049  3049 E mireo   : GPS timeout too long :6007 ms. Giving up from producing fake UTC
08-08 17:49:09.897  1597  1719 D WificondControl: Scan result ready event
08-08 17:49:09.998  3049  3049 V mireo   : j: GPS.setNative: 1565286546925 | Location[fused 37.422184,-122.084526 hAcc=725 et=+23h53m10s51ms vAcc=??? sAcc=??? bAcc=???]
08-08 17:49:10.008  1597  1719 I WifiService: releaseWifiLock uid=10014
08-08 17:49:12.001  3049  3049 V mireo   : GPS timeout : 2003 ms
08-08 17:49:12.005  3049  3049 V mireo   : j: GPS.setNative: 1565286548928 | Location[fused 37.422184,-122.084526 hAcc=725 et=+23h53m10s51ms vAcc=??? sAcc=??? bAcc=???]
08-08 17:49:14.005  3049  3049 V mireo   : GPS timeout : 4007 ms
08-08 17:49:14.005  3049  3049 V mireo   : j: GPS.setNative: 1565286550932 | Location[fused 37.422184,-122.084526 hAcc=725 et=+23h53m10s51ms vAcc=??? sAcc=??? bAcc=???]
08-08 17:49:15.032  1597  1719 I WifiService: acquireWifiLock uid=10014 lockMode=2
08-08 17:49:15.123  1597  1719 I WifiService: releaseWifiLock uid=10014
08-08 17:49:15.786  3049  3049 V mireo   : j: GPS.setNative: 1565286555046 | Location[fused 37.422184,-122.084526 hAcc=725 et=+23h53m18s172ms vAcc=??? sAcc=??? bAcc=???]
08-08 17:49:17.787  3049  3049 V mireo   : GPS timeout : 2001 ms
08-08 17:49:17.788  3049  3049 V mireo   : j: GPS.setNative: 1565286557047 | Location[fused 37.422184,-122.084526 hAcc=725 et=+23h53m18s172ms vAcc=??? sAcc=??? bAcc=???]
08-08 17:49:19.788  3049  3049 V mireo   : GPS timeout : 4002 ms
08-08 17:49:19.789  3049  3049 V mireo   : j: GPS.setNative: 1565286559048 | Location[fused 37.422184,-122.084526 hAcc=725 et=+23h53m18s172ms vAcc=??? sAcc=??? bAcc=???]
08-08 17:49:20.142  2063  9687 I zygote  : Deoptimizing com.google.common.collect.fw com.google.common.collect.fw.a(int, java.lang.Object[]) due to JIT inline cache
08-08 17:49:20.146  1597  1719 I WifiService: acquireWifiLock uid=10014 lockMode=2
08-08 17:49:20.161  1597  1610 E memtrack: Couldn't load memtrack module
08-08 17:49:20.161  1597  1610 W android.os.Debug: failed to get memory consumption info: -1
08-08 17:49:20.228  1597  1610 E memtrack: Couldn't load memtrack module
08-08 17:49:20.228  1597  1610 W android.os.Debug: failed to get memory consumption info: -1
08-08 17:49:20.283  1597  1610 E memtrack: Couldn't load memtrack module
08-08 17:49:20.283  1597  1610 W android.os.Debug: failed to get memory consumption info: -1
08-08 17:49:21.792  3049  3049 E mireo   : GPS timeout too long :6006 ms. Giving up from producing fake UTC
08-08 17:49:23.151  1597  2331 D WificondControl: Scan result ready event
08-08 17:49:23.252  1597  1719 I WifiService: releaseWifiLock uid=10014
08-08 17:49:23.795  3049  3049 V mireo   : j: GPS.setNative: 1565286560169 | Location[fused 37.422184,-122.084526 hAcc=725 et=+23h53m23s295ms vAcc=??? sAcc=??? bAcc=???]
08-08 17:49:25.799  3049  3049 V mireo   : GPS timeout : 2005 ms
08-08 17:49:25.799  3049  3049 V mireo   : j: GPS.setNative: 1565286562174 | Location[fused 37.422184,-122.084526 hAcc=725 et=+23h53m23s295ms vAcc=??? sAcc=??? bAcc=???]
08-08 17:49:27.804  3049  3049 V mireo   : GPS timeout : 4010 ms
08-08 17:49:27.804  3049  3049 V mireo   : j: GPS.setNative: 1565286564179 | Location[fused 37.422184,-122.084526 hAcc=725 et=+23h53m23s295ms vAcc=??? sAcc=??? bAcc=???]
08-08 17:49:28.257  1597  5964 I WifiService: acquireWifiLock uid=10014 lockMode=2
08-08 17:49:28.346  1597  3468 I WifiService: releaseWifiLock uid=10014
08-08 17:49:28.805  3049  3049 V mireo   : j: GPS.setNative: 1565286568269 | Location[fused 37.422184,-122.084526 hAcc=725 et=+23h53m31s395ms vAcc=??? sAcc=??? bAcc=???]
