07-03 08:59:33.825  1604  1617 W android.os.Debug: failed to get memory consumption info: -1
07-03 08:59:34.114  1604  1617 E memtrack: Couldn't load memtrack module
07-03 08:59:34.114  1604  1617 W android.os.Debug: failed to get memory consumption info: -1
07-03 08:59:34.191  1604  1617 E memtrack: Couldn't load memtrack module
07-03 08:59:34.191  1604  1617 W android.os.Debug: failed to get memory consumption info: -1
07-03 08:59:34.463  5305  6340 I chatty  : uid=10104(net.osmand) expire 31 lines
07-03 08:59:35.033  5305  6341 I chatty  : uid=10104(net.osmand) expire 31 lines
07-03 08:59:36.756  1604  4624 D WificondControl: Scan result ready event
07-03 08:59:36.838  1604  4624 I WifiService: releaseWifiLock uid=10014
07-03 08:59:37.419  5305  6342 I chatty  : uid=10104(net.osmand) expire 31 lines
07-03 08:59:38.110  5305  5536 I chatty  : uid=10104(net.osmand) pool-2-thread-1 expire 4 lines
07-03 08:59:38.162  5305  5350 I chatty  : uid=10104(net.osmand) Loader map obje expire 83 lines
07-03 08:59:38.518  5305  5305 I chatty  : uid=10104(net.osmand) expire 12 lines
07-03 08:59:38.566  5305  6343 I chatty  : uid=10104(net.osmand) expire 31 lines
07-03 08:59:39.070  5305  5351 I chatty  : uid=10104(net.osmand) RenderingBaseIm expire 13 lines
07-03 08:59:39.271  5305  5315 I chatty  : uid=10104(net.osmand) HeapTaskDaemon expire 4 lines
07-03 08:59:40.968  1604  1613 I zygote  : Background concurrent copying GC freed 89044(3MB) AllocSpace objects, 48(2MB) LOS objects, 9% free, 57MB/63MB, paused 2.937ms total 1.059s
07-03 08:59:41.995  1410  1410 I boot-pipe: done populating /dev/random
07-03 08:59:42.298  5305  6344 I chatty  : uid=10104(net.osmand) expire 31 lines
07-03 08:59:43.501  5305  6345 I chatty  : uid=10104(net.osmand) expire 31 lines
07-03 08:59:43.900  5305  5351 I chatty  : uid=10104(net.osmand) RenderingBaseIm expire 19 lines
07-03 08:59:44.060  5305  5350 I chatty  : uid=10104(net.osmand) Loader map obje expire 79 lines
07-03 08:59:44.343  5305  5315 I chatty  : uid=10104(net.osmand) HeapTaskDaemon expire 4 lines
07-03 08:59:44.825  5305  5305 I chatty  : uid=10104(net.osmand) expire 11 lines
07-03 08:59:44.830  5305  6346 I chatty  : uid=10104(net.osmand) expire 31 lines
07-03 08:59:44.873  1970  1970 I GeofencerStateMachine: sendNewTransitions called.
07-03 08:59:47.261  5305  6347 I chatty  : uid=10104(net.osmand) expire 31 lines
07-03 08:59:48.479  5305  6348 I chatty  : uid=10104(net.osmand) expire 31 lines
07-03 08:59:49.096  5305  5350 I chatty  : uid=10104(net.osmand) Loader map obje expire 97 lines
07-03 08:59:49.413  5305  5315 I chatty  : uid=10104(net.osmand) HeapTaskDaemon expire 8 lines
07-03 08:59:49.809  5305  5351 I chatty  : uid=10104(net.osmand) RenderingBaseIm expire 18 lines
07-03 08:59:49.826  5305  5305 I chatty  : uid=10104(net.osmand) expire 26 lines
07-03 08:59:49.833  5305  6353 I chatty  : uid=10104(net.osmand) expire 31 lines
07-03 08:59:51.010  5305  6354 I chatty  : uid=10104(net.osmand) expire 31 lines
07-03 08:59:53.815  1604  5757 I WifiService: acquireWifiLock uid=10014 lockMode=2
07-03 08:59:53.839  1604  1617 E memtrack: Couldn't load memtrack module
07-03 08:59:53.839  1604  1617 W android.os.Debug: failed to get memory consumption info: -1
07-03 08:59:53.942  1604  2501 I WifiService: releaseWifiLock uid=10014
07-03 08:59:53.963  1604  1617 E memtrack: Couldn't load memtrack module
07-03 08:59:53.964  1604  1617 W android.os.Debug: failed to get memory consumption info: -1
07-03 08:59:57.491  1604  4624 I MediaFocusControl: requestAudioFocus() from uid/pid 10104/5305 clientId=android.media.AudioManager@aecc42bnet.osmand.plus.api.AudioFocusHelperImpl@99c6720 callingPack=net.osmand req=3 flags=0x0 sdk=26
07-03 08:59:57.496  4639  5541 I TTS.GoogleTTSServiceImp: Synthesis request for locale por-BRA and name pt-BR-language
07-03 08:59:57.498  4639  5541 I TTS.GoogleTTSServiceImp: TTS dispatch: pt-br-x-afs-lstm-embedded
07-03 08:59:57.617  4639  5542 D AudioTrack: Client defaulted notificationFrames to 1365 for frameCount 4096
07-03 08:59:57.657  1604  1854 V MediaRouterService: restoreBluetoothA2dp(false)
07-03 08:59:57.658  1394  3176 W audio_hw_generic: Not supplying enough data to HAL, expected position 391032755 , only wrote 391032720
07-03 09:00:00.979  4639  4671 D AudioTrack: stop() called with 75537 frames delivered
07-03 09:00:00.980  5305  5305 I chatty  : uid=10104(net.osmand) expire 3 lines
07-03 09:00:00.985  1604  5757 V MediaRouterService: restoreBluetoothA2dp(false)
07-03 09:00:00.987  1604  2501 I MediaFocusControl: abandonAudioFocus() from uid/pid 10104/5305 clientId=android.media.AudioManager@aecc42bnet.osmand.plus.api.AudioFocusHelperImpl@99c6720
07-03 09:00:00.988  5305  5775 I chatty  : uid=10104(net.osmand) Binder:5305_8 expire 2 lines
07-03 09:00:00.993  5305  6357 I chatty  : uid=10104(net.osmand) expire 2 lines
07-03 09:00:01.296  5305  5351 I chatty  : uid=10104(net.osmand) RenderingBaseIm expire 2 lines
07-03 09:00:01.485  5305  5350 I chatty  : uid=10104(net.osmand) Loader map obje expire 99 lines
07-03 09:00:01.515  5305  6357 I chatty  : uid=10104(net.osmand) expire 29 lines
07-03 09:00:02.261  5305  5305 I chatty  : uid=10104(net.osmand) expire 20 lines
07-03 09:00:02.343  5305  5351 I chatty  : uid=10104(net.osmand) RenderingBaseIm expire 14 lines
07-03 09:00:02.360  5305  6358 I chatty  : uid=10104(net.osmand) expire 31 lines
07-03 09:00:02.468  5305  5315 I chatty  : uid=10104(net.osmand) HeapTaskDaemon expire 5 lines
07-03 09:00:03.475  1394  3176 W audio_hw_generic: Not supplying enough data to HAL, expected position 391311962 , only wrote 391310640
07-03 09:00:03.476  1394  3176 W audio_hw_generic: Not supplying enough data to HAL, expected position 391310658 , only wrote 391310640
07-03 09:00:03.492  1394  3176 W audio_hw_generic: Not supplying enough data to HAL, expected position 391311434 , only wrote 391311360
07-03 09:00:04.018  1394  1567 W audio_hw_generic: Not supplying enough data to HAL, expected position 391360942 , only wrote 391336560
07-03 09:00:04.130  1707  1729 I zygote  : Background concurrent copying GC freed 172939(6MB) AllocSpace objects, 0(0B) LOS objects, 46% free, 7MB/13MB, paused 6.420ms total 440.055ms
07-03 09:00:04.816  1604  4624 I MediaFocusControl: requestAudioFocus() from uid/pid 10104/5305 clientId=android.media.AudioManager@aecc42bnet.osmand.plus.api.AudioFocusHelperImpl@91e8502 callingPack=net.osmand req=3 flags=0x0 sdk=26
07-03 09:00:04.826  4639  5541 I TTS.GoogleTTSServiceImp: Synthesis request for locale por-BRA and name pt-BR-language
07-03 09:00:04.827  4639  5541 I TTS.GoogleTTSServiceImp: TTS dispatch: pt-br-x-afs-lstm-embedded
07-03 09:00:04.958  4639  5542 D AudioTrack: Client defaulted notificationFrames to 1365 for frameCount 4096
07-03 09:00:05.007  1604  3139 V MediaRouterService: restoreBluetoothA2dp(false)
07-03 09:00:05.018  1394  3176 W audio_hw_generic: Not supplying enough data to HAL, expected position 391336858 , only wrote 391336560
07-03 09:00:08.582  4639  4671 D AudioTrack: stop() called with 81888 frames delivered
07-03 09:00:08.584  1604  2501 V MediaRouterService: restoreBluetoothA2dp(false)
07-03 09:00:08.585  4639  5541 I TTS.EventProcessor: synthesizeMarkup call to callback.audioAvailable failed: -1
07-03 09:00:08.588  1604  2501 I MediaFocusControl: abandonAudioFocus() from uid/pid 10104/5305 clientId=android.media.AudioManager@aecc42bnet.osmand.plus.api.AudioFocusHelperImpl@91e8502
07-03 09:00:08.590  5305  5543 I chatty  : uid=10104(net.osmand) Binder:5305_5 expire 4 lines
07-03 09:00:08.668  5305  6361 I chatty  : uid=10104(net.osmand) expire 31 lines
07-03 09:00:09.566  5305  5305 I chatty  : uid=10104(net.osmand) expire 20 lines
07-03 09:00:09.595  5305  6362 I chatty  : uid=10104(net.osmand) expire 31 lines
07-03 09:00:10.060  5305  5351 I chatty  : uid=10104(net.osmand) RenderingBaseIm expire 11 lines
07-03 09:00:10.482  5305  5315 I chatty  : uid=10104(net.osmand) HeapTaskDaemon expire 3 lines
07-03 09:00:10.506  5305  5350 I chatty  : uid=10104(net.osmand) Loader map obje expire 48 lines
07-03 09:00:10.516  5305  6363 I chatty  : uid=10104(net.osmand) expire 31 lines
07-03 09:00:10.880  1604  1613 I zygote  : Background concurrent copying GC freed 84129(3MB) AllocSpace objects, 52(2MB) LOS objects, 9% free, 57MB/63MB, paused 2.291ms total 2.350s
07-03 09:00:11.110  1604  4624 I MediaFocusControl: requestAudioFocus() from uid/pid 10104/5305 clientId=android.media.AudioManager@aecc42bnet.osmand.plus.api.AudioFocusHelperImpl@a3b25a callingPack=net.osmand req=3 flags=0x0 sdk=26
07-03 09:00:11.115  4639  5541 I TTS.GoogleTTSServiceImp: Synthesis request for locale por-BRA and name pt-BR-language
07-03 09:00:11.117  4639  5541 I TTS.GoogleTTSServiceImp: TTS dispatch: pt-br-x-afs-lstm-embedded
07-03 09:00:11.160  5305  5543 I chatty  : uid=10104(net.osmand) Binder:5305_5 expire 2 lines
07-03 09:00:11.180  1604  4624 I MediaFocusControl: abandonAudioFocus() from uid/pid 10104/5305 clientId=android.media.AudioManager@aecc42bnet.osmand.plus.api.AudioFocusHelperImpl@a3b25a
07-03 09:00:11.188  5305  6365 I chatty  : uid=10104(net.osmand) expire 31 lines
07-03 09:00:11.649  1394  1575 W audio_hw_generic: Not supplying enough data to HAL, expected position 391971421 , only wrote 391654800
07-03 09:00:12.322  5305  6366 I chatty  : uid=10104(net.osmand) expire 31 lines
07-03 09:00:13.491  5305  6367 I chatty  : uid=10104(net.osmand) expire 31 lines
07-03 09:00:13.569  1403  1418 D hwcomposer: hw_composer sent 66 syncs in 60s
07-03 09:00:13.697  5305  5351 I chatty  : uid=10104(net.osmand) RenderingBaseIm expire 15 lines
07-03 09:00:13.757  5305  5305 I chatty  : uid=10104(net.osmand) expire 19 lines
07-03 09:00:13.902  1604  4624 I WifiService: acquireWifiLock uid=10014 lockMode=2
07-03 09:00:14.064  1970  1980 I zygote  : Background concurrent copying GC freed 104221(4MB) AllocSpace objects, 0(0B) LOS objects, 39% free, 9MB/15MB, paused 7.618ms total 169.679ms
07-03 09:00:14.100  5305  5350 I chatty  : uid=10104(net.osmand) Loader map obje expire 64 lines
07-03 09:00:14.396  5305  5315 I chatty  : uid=10104(net.osmand) HeapTaskDaemon expire 4 lines
07-03 09:00:14.496  5305  6368 I chatty  : uid=10104(net.osmand) expire 31 lines
07-03 09:00:15.101  1970  1970 I GeofencerStateMachine: sendNewTransitions called.
07-03 09:00:15.249  1970  1970 I GeofencerStateMachine: sendNewTransitions called.
07-03 09:00:15.282  1970  1970 I GeofencerStateMachine: sendNewLocationAvailability: availability=LocationAvailability[isLocationAvailable: true]
07-03 09:00:15.352  2061  2074 I zygote  : NativeAlloc concurrent copying GC freed 29809(1337KB) AllocSpace objects, 0(0B) LOS objects, 49% free, 4MB/9MB, paused 945us total 358.240ms
07-03 09:00:15.392  1970  1970 I GeofencerStateMachine: sendNewLocationAvailability: availability=LocationAvailability[isLocationAvailable: true]
07-03 09:00:16.897  1604  1854 D WificondControl: Scan result ready event
07-03 09:00:16.942  1604  1854 I WifiService: releaseWifiLock uid=10014
07-03 09:00:18.746  1604  5757 I MediaFocusControl: requestAudioFocus() from uid/pid 10104/5305 clientId=android.media.AudioManager@aecc42bnet.osmand.plus.api.AudioFocusHelperImpl@ecab7b9 callingPack=net.osmand req=3 flags=0x0 sdk=26
07-03 09:00:18.748  4639  5541 I TTS.GoogleTTSServiceImp: Synthesis request for locale por-BRA and name pt-BR-language
07-03 09:00:18.749  4639  5541 I TTS.GoogleTTSServiceImp: TTS dispatch: pt-br-x-afs-lstm-embedded
07-03 09:00:18.839  4639  5542 D AudioTrack: Client defaulted notificationFrames to 1365 for frameCount 4096
07-03 09:00:18.852  1604  1878 V MediaRouterService: restoreBluetoothA2dp(false)
07-03 09:00:18.856  1394  3176 W audio_hw_generic: Not supplying enough data to HAL, expected position 391654972 , only wrote 391654800
07-03 09:00:19.883  4639  4671 D AudioTrack: stop() called with 25263 frames delivered
07-03 09:00:19.891  1604  4176 V MediaRouterService: restoreBluetoothA2dp(false)
07-03 09:00:19.892  4639  5541 I TTS.EventProcessor: synthesizeMarkup call to callback.audioAvailable failed: -1
07-03 09:00:19.895  1604  2501 I MediaFocusControl: abandonAudioFocus() from uid/pid 10104/5305 clientId=android.media.AudioManager@aecc42bnet.osmand.plus.api.AudioFocusHelperImpl@ecab7b9
07-03 09:00:19.907  5305  6371 I chatty  : uid=10104(net.osmand) expire 31 lines
07-03 09:00:19.913  5305  5775 I chatty  : uid=10104(net.osmand) Binder:5305_8 expire 2 lines
07-03 09:00:21.035  1394  3176 W audio_hw_generic: Not supplying enough data to HAL, expected position 391759403 , only wrote 391759200
07-03 09:00:21.052  5305  6372 I chatty  : uid=10104(net.osmand) expire 31 lines
07-03 09:00:21.572  5305  5315 I chatty  : uid=10104(net.osmand) HeapTaskDaemon expire 4 lines
07-03 09:00:22.219  5305  5305 I chatty  : uid=10104(net.osmand) expire 17 lines
07-03 09:00:22.278  5305  5351 I chatty  : uid=10104(net.osmand) RenderingBaseIm expire 18 lines
07-03 09:00:22.498  5305  5350 I chatty  : uid=10104(net.osmand) Loader map obje expire 48 lines
07-03 09:00:22.926  1394  1575 W audio_hw_generic: Not supplying enough data to HAL, expected position 391939691 , only wrote 391849920
07-03 09:00:23.460  5305  6373 I chatty  : uid=10104(net.osmand) expire 31 lines
07-03 09:00:24.503  5305  6375 I chatty  : uid=10104(net.osmand) expire 31 lines
07-03 09:00:25.520  5305  6376 I chatty  : uid=10104(net.osmand) expire 31 lines
07-03 09:00:26.052  5305  6377 I chatty  : uid=10104(net.osmand) expire 31 lines
07-03 09:00:26.536  5305  6378 I chatty  : uid=10104(net.osmand) expire 31 lines
07-03 09:00:26.926  5305  5350 I chatty  : uid=10104(net.osmand) Loader map obje expire 80 lines
07-03 09:00:27.011  5305  5315 I chatty  : uid=10104(net.osmand) HeapTaskDaemon expire 5 lines
07-03 09:00:27.308  5305  5305 I chatty  : uid=10104(net.osmand) expire 13 lines
07-03 09:00:27.311  5305  6379 I chatty  : uid=10104(net.osmand) expire 31 lines
07-03 09:00:27.329  5305  5351 I chatty  : uid=10104(net.osmand) RenderingBaseIm expire 24 lines
07-03 09:00:30.413  2934  2965 I Finsky  : [1175] imb.run(3): Stats for Executor: BlockingExecutor ink@1e554f[Running, pool size = 0, active threads = 0, queued tasks = 0, completed tasks = 23]
07-03 09:00:30.414  2934  2965 I Finsky  : [1175] imb.run(3): Stats for Executor: LightweightExecutor ink@50294dc[Running, pool size = 2, active threads = 0, queued tasks = 0, completed tasks = 63]
07-03 09:00:30.973  5305  6381 I chatty  : uid=10104(net.osmand) expire 31 lines
07-03 09:00:31.204  2934  2965 I Finsky  : [1175] imb.run(3): Stats for Executor: bgExecutor ink@99c99e5[Running, pool size = 4, active threads = 0, queued tasks = 0, completed tasks = 899]
07-03 09:00:32.267  5305  6382 I chatty  : uid=10104(net.osmand) expire 31 lines
07-03 09:00:33.039  5305  5315 I chatty  : uid=10104(net.osmand) HeapTaskDaemon expire 4 lines
07-03 09:00:33.412  5305  5305 I chatty  : uid=10104(net.osmand) expire 22 lines
07-03 09:00:33.418  5305  6383 I chatty  : uid=10104(net.osmand) expire 31 lines
07-03 09:00:34.518  5305  6384 I chatty  : uid=10104(net.osmand) expire 31 lines
07-03 09:00:34.823  5305  5351 I chatty  : uid=10104(net.osmand) RenderingBaseIm expire 12 lines
07-03 09:00:34.968  5305  5350 I chatty  : uid=10104(net.osmand) Loader map obje expire 64 lines
07-03 09:00:35.074  1604  1878 I WifiService: acquireWifiLock uid=10014 lockMode=2
07-03 09:00:35.084  1604  1617 E memtrack: Couldn't load memtrack module
07-03 09:00:35.084  1604  1617 W android.os.Debug: failed to get memory consumption info: -1
07-03 09:00:35.273  1604  1854 I WifiService: releaseWifiLock uid=10014
07-03 09:00:36.029  5305  6386 I chatty  : uid=10104(net.osmand) expire 31 lines
07-03 09:00:36.278  5305  5536 I chatty  : uid=10104(net.osmand) pool-2-thread-1 expire 2 lines
07-03 09:00:37.249  5305  6387 I chatty  : uid=10104(net.osmand) expire 31 lines
07-03 09:00:38.899  5305  5305 I chatty  : uid=10104(net.osmand) expire 48 lines
07-03 09:00:39.456  5305  5315 I chatty  : uid=10104(net.osmand) HeapTaskDaemon expire 5 lines
07-03 09:00:40.021  5305  5351 I chatty  : uid=10104(net.osmand) RenderingBaseIm expire 26 lines
07-03 09:00:40.200  5305  5350 I chatty  : uid=10104(net.osmand) Loader map obje expire 112 lines
07-03 09:00:41.475  1604  1854 I zygote  : IncrementDisableThreadFlip blocked for 6.688ms
07-03 09:00:41.999  1410  1410 I boot-pipe: done populating /dev/random
07-03 09:00:43.721  1604  1613 I zygote  : Background concurrent copying GC freed 82089(3MB) AllocSpace objects, 44(2MB) LOS objects, 9% free, 58MB/64MB, paused 3.089ms total 2.267s
07-03 09:00:45.506  1970  1970 I GeofencerStateMachine: sendNewTransitions called.
07-03 09:00:47.137  1604  1621 I WifiService: requestActivityInfo uid=1000
07-03 09:00:47.137  1604  1621 I WifiService: reportActivityInfo uid=1000
07-03 09:00:47.137  1604  1621 I WifiService: getSupportedFeatures uid=1000
07-03 09:00:48.230  5305  6389 I chatty  : uid=10104(net.osmand) expire 31 lines
07-03 09:00:49.283  5305  5315 I chatty  : uid=10104(net.osmand) HeapTaskDaemon expire 3 lines
07-03 09:00:49.457  5305  5305 I chatty  : uid=10104(net.osmand) expire 35 lines
07-03 09:00:49.459  5305  6390 I chatty  : uid=10104(net.osmand) expire 31 lines
07-03 09:00:49.462  5305  5351 I chatty  : uid=10104(net.osmand) RenderingBaseIm expire 14 lines
07-03 09:00:50.194  5305  5350 I chatty  : uid=10104(net.osmand) Loader map obje expire 57 lines
07-03 09:00:52.536  1604  3139 I MediaFocusControl: requestAudioFocus() from uid/pid 10104/5305 clientId=android.media.AudioManager@aecc42bnet.osmand.plus.api.AudioFocusHelperImpl@1960c2f callingPack=net.osmand req=3 flags=0x0 sdk=26
07-03 09:00:52.541  4639  5541 I TTS.GoogleTTSServiceImp: Synthesis request for locale por-BRA and name pt-BR-language
07-03 09:00:52.542  4639  5541 I TTS.GoogleTTSServiceImp: TTS dispatch: pt-br-x-afs-lstm-embedded
07-03 09:00:52.541  5305  5323 I chatty  : uid=10104(net.osmand) Profile Saver expire 2 lines
07-03 09:00:52.686  4639  5542 D AudioTrack: Client defaulted notificationFrames to 1365 for frameCount 4096
07-03 09:00:52.720  1604  1854 V MediaRouterService: restoreBluetoothA2dp(false)
07-03 09:00:52.724  1394  3176 W audio_hw_generic: Not supplying enough data to HAL, expected position 391849969 , only wrote 391849920
07-03 09:00:53.472  4639  4671 D AudioTrack: stop() called with 18384 frames delivered
07-03 09:00:53.475  1604  1878 V MediaRouterService: restoreBluetoothA2dp(false)
07-03 09:00:53.475  1604  1854 I MediaFocusControl: abandonAudioFocus() from uid/pid 10104/5305 clientId=android.media.AudioManager@aecc42bnet.osmand.plus.api.AudioFocusHelperImpl@1960c2f
07-03 09:00:53.481  5305  6175 I chatty  : uid=10104(net.osmand) Binder:5305_C expire 4 lines
07-03 09:00:53.488  5305  6397 I chatty  : uid=10104(net.osmand) expire 31 lines
07-03 09:00:54.502  1604  3139 I MediaFocusControl: requestAudioFocus() from uid/pid 10104/5305 clientId=android.media.AudioManager@aecc42bnet.osmand.plus.api.AudioFocusHelperImpl@98ef41 callingPack=net.osmand req=3 flags=0x0 sdk=26
07-03 09:00:54.515  4639  5541 I TTS.GoogleTTSServiceImp: Synthesis request for locale por-BRA and name pt-BR-language
07-03 09:00:54.516  4639  5541 I TTS.GoogleTTSServiceImp: TTS dispatch: pt-br-x-afs-lstm-embedded
07-03 09:00:54.617  1604  2501 I MediaFocusControl: abandonAudioFocus() from uid/pid 10104/5305 clientId=android.media.AudioManager@aecc42bnet.osmand.plus.api.AudioFocusHelperImpl@98ef41
07-03 09:00:54.621  5305  6399 I chatty  : uid=10104(net.osmand) expire 31 lines
07-03 09:00:55.102  1604  2501 I WifiService: acquireWifiLock uid=10014 lockMode=2
07-03 09:00:55.499  5305  5350 I chatty  : uid=10104(net.osmand) Loader map obje expire 100 lines
07-03 09:00:55.736  5305  5315 I chatty  : uid=10104(net.osmand) HeapTaskDaemon expire 7 lines
07-03 09:00:55.772  1707  1729 I zygote  : Background concurrent copying GC freed 172836(6MB) AllocSpace objects, 0(0B) LOS objects, 46% free, 6MB/12MB, paused 1.223ms total 462.509ms
07-03 09:00:56.021  5305  5305 I chatty  : uid=10104(net.osmand) expire 13 lines
07-03 09:00:56.091  5305  5351 I chatty  : uid=10104(net.osmand) RenderingBaseIm expire 24 lines
07-03 09:00:56.116  5305  6400 I chatty  : uid=10104(net.osmand) expire 31 lines
07-03 09:00:56.520  1394  1575 W audio_hw_generic: Not supplying enough data to HAL, expected position 392212544 , only wrote 392032080
07-03 09:00:57.274  5305  6401 I chatty  : uid=10104(net.osmand) expire 31 lines
07-03 09:00:58.057  1604  1854 D WificondControl: Scan result ready event
07-03 09:00:58.114  1604  1854 I WifiService: releaseWifiLock uid=10014
07-03 09:01:05.596  5305  5350 I chatty  : uid=10104(net.osmand) Loader map obje expire 51 lines
07-03 09:01:05.920  5305  5305 I chatty  : uid=10104(net.osmand) expire 19 lines
07-03 09:01:06.413  5305  5315 I chatty  : uid=10104(net.osmand) HeapTaskDaemon expire 8 lines
07-03 09:01:08.285  5305  5351 I chatty  : uid=10104(net.osmand) RenderingBaseIm expire 18 lines
07-03 09:01:11.916  5305  6402 I chatty  : uid=10104(net.osmand) expire 31 lines
07-03 09:01:13.217  1604  1613 I zygote  : Background concurrent copying GC freed 90163(3MB) AllocSpace objects, 56(2MB) LOS objects, 9% free, 57MB/63MB, paused 5.566ms total 1.301s
07-03 09:01:14.447  1403  1418 D hwcomposer: hw_composer sent 84 syncs in 61s
07-03 09:01:15.120  1604  4176 I WifiService: acquireWifiLock uid=10014 lockMode=2
07-03 09:01:15.129  1604  1617 E memtrack: Couldn't load memtrack module
07-03 09:01:15.129  1604  1617 W android.os.Debug: failed to get memory consumption info: -1
07-03 09:01:15.171  1604  3139 I WifiService: releaseWifiLock uid=10014
07-03 09:01:15.214  1604  1617 E memtrack: Couldn't load memtrack module
07-03 09:01:15.215  1604  1617 W android.os.Debug: failed to get memory consumption info: -1
07-03 09:01:15.248  1604  1617 E memtrack: Couldn't load memtrack module
07-03 09:01:15.248  1604  1617 W android.os.Debug: failed to get memory consumption info: -1
07-03 09:01:15.292  1604  1617 E memtrack: Couldn't load memtrack module
07-03 09:01:15.292  1604  1617 W android.os.Debug: failed to get memory consumption info: -1
07-03 09:01:15.341  1604  1617 E memtrack: Couldn't load memtrack module
07-03 09:01:15.341  1604  1617 W android.os.Debug: failed to get memory consumption info: -1
07-03 09:01:15.522  1970  1970 I GeofencerStateMachine: sendNewTransitions called.
07-03 09:01:15.576  1970  1970 I GeofencerStateMachine: sendNewTransitions called.
07-03 09:01:15.592  1970  1970 I GeofencerStateMachine: sendNewLocationAvailability: availability=LocationAvailability[isLocationAvailable: true]
07-03 09:01:15.778  1970  1970 I GeofencerStateMachine: sendNewLocationAvailability: availability=LocationAvailability[isLocationAvailable: true]
07-03 09:01:16.250  5305  5350 I chatty  : uid=10104(net.osmand) Loader map obje expire 48 lines
07-03 09:01:16.878  5305  6403 I chatty  : uid=10104(net.osmand) expire 31 lines
07-03 09:01:18.099  5305  6404 I chatty  : uid=10104(net.osmand) expire 31 lines
07-03 09:01:19.099  5305  5315 I chatty  : uid=10104(net.osmand) HeapTaskDaemon expire 4 lines
07-03 09:01:19.276  5305  5305 I chatty  : uid=10104(net.osmand) expire 15 lines
07-03 09:01:19.280  5305  6409 I chatty  : uid=10104(net.osmand) expire 31 lines
07-03 09:01:20.499  5305  6410 I chatty  : uid=10104(net.osmand) expire 31 lines
07-03 09:01:20.672  5305  5351 I chatty  : uid=10104(net.osmand) RenderingBaseIm expire 10 lines
07-03 09:01:21.377  5305  5350 I chatty  : uid=10104(net.osmand) Loader map obje expire 32 lines
07-03 09:01:21.468  1604  1621 I WifiService: requestActivityInfo uid=1000
07-03 09:01:21.468  1604  1621 I WifiService: reportActivityInfo uid=1000
07-03 09:01:21.468  1604  1621 I WifiService: getSupportedFeatures uid=1000
07-03 09:01:21.570  5305  6412 I chatty  : uid=10104(net.osmand) expire 31 lines
07-03 09:01:22.529  5305  6413 I chatty  : uid=10104(net.osmand) expire 31 lines
07-03 09:01:22.908  5305  6414 I chatty  : uid=10104(net.osmand) expire 31 lines
07-03 09:01:23.545  5305  5315 I chatty  : uid=10104(net.osmand) HeapTaskDaemon expire 4 lines
07-03 09:01:23.585  5305  5305 I chatty  : uid=10104(net.osmand) expire 21 lines
07-03 09:01:23.595  5305  6415 I chatty  : uid=10104(net.osmand) expire 31 lines
07-03 09:01:25.416  5305  6417 I chatty  : uid=10104(net.osmand) expire 31 lines
07-03 09:01:25.416  5305  5351 I chatty  : uid=10104(net.osmand) RenderingBaseIm expire 18 lines
07-03 09:01:26.068  5305  5350 I chatty  : uid=10104(net.osmand) Loader map obje expire 33 lines
07-03 09:01:26.534  5305  6418 I chatty  : uid=10104(net.osmand) expire 31 lines
07-03 09:01:27.540  5305  6419 I chatty  : uid=10104(net.osmand) expire 31 lines
07-03 09:01:28.236  5305  6420 I chatty  : uid=10104(net.osmand) expire 31 lines
07-03 09:01:28.805  5305  5350 I chatty  : uid=10104(net.osmand) Loader map obje expire 40 lines
07-03 09:01:29.476  5305  5315 I chatty  : uid=10104(net.osmand) HeapTaskDaemon expire 3 lines
07-03 09:01:29.585  5305  5305 I chatty  : uid=10104(net.osmand) expire 19 lines
07-03 09:01:29.591  5305  6422 I chatty  : uid=10104(net.osmand) expire 31 lines
07-03 09:01:30.540  5305  6423 I chatty  : uid=10104(net.osmand) expire 31 lines
07-03 09:01:31.533  5305  6424 I chatty  : uid=10104(net.osmand) expire 31 lines
07-03 09:01:32.102  5305  5351 I chatty  : uid=10104(net.osmand) RenderingBaseIm expire 12 lines
07-03 09:01:32.532  5305  6425 I chatty  : uid=10104(net.osmand) expire 31 lines
07-03 09:01:33.376  5305  6426 I chatty  : uid=10104(net.osmand) expire 31 lines
07-03 09:01:33.794  5305  5350 I chatty  : uid=10104(net.osmand) Loader map obje expire 23 lines
07-03 09:01:34.412  5305  5315 I chatty  : uid=10104(net.osmand) HeapTaskDaemon expire 3 lines
07-03 09:01:34.528  5305  5305 I chatty  : uid=10104(net.osmand) expire 16 lines
07-03 09:01:34.545  5305  6427 I chatty  : uid=10104(net.osmand) expire 31 lines
07-03 09:01:35.544  5305  6428 I chatty  : uid=10104(net.osmand) expire 31 lines
07-03 09:01:36.198  1604  3139 I WifiService: acquireWifiLock uid=10014 lockMode=2
07-03 09:01:36.535  5305  6430 I chatty  : uid=10104(net.osmand) expire 31 lines
07-03 09:01:37.328  5305  5323 I chatty  : uid=10104(net.osmand) Profile Saver expire 2 lines
07-03 09:01:37.395  5305  5351 I chatty  : uid=10104(net.osmand) RenderingBaseIm expire 10 lines
07-03 09:01:37.647  5305  6431 I chatty  : uid=10104(net.osmand) expire 31 lines
07-03 09:01:38.364  5305  6432 I chatty  : uid=10104(net.osmand) expire 31 lines
07-03 09:01:38.629  5305  5350 I chatty  : uid=10104(net.osmand) Loader map obje expire 64 lines
07-03 09:01:38.664  5305  5305 I chatty  : uid=10104(net.osmand) expire 18 lines
07-03 09:01:39.187  1604  1854 D WificondControl: Scan result ready event
07-03 09:01:39.212  5305  5315 I chatty  : uid=10104(net.osmand) HeapTaskDaemon expire 6 lines
07-03 09:01:39.235  1604  6308 I WifiService: releaseWifiLock uid=10014
07-03 09:01:39.499  1604  1621 I WifiService: requestActivityInfo uid=1000
07-03 09:01:39.499  1604  1621 I WifiService: reportActivityInfo uid=1000
07-03 09:01:39.500  1604  1621 I WifiService: getSupportedFeatures uid=1000
07-03 09:01:39.524  5305  6434 I chatty  : uid=10104(net.osmand) expire 31 lines
07-03 09:01:40.530  5305  6435 I chatty  : uid=10104(net.osmand) expire 31 lines
07-03 09:01:40.530  5305  5351 I chatty  : uid=10104(net.osmand) RenderingBaseIm expire 21 lines
07-03 09:01:41.537  5305  6436 I chatty  : uid=10104(net.osmand) expire 31 lines
07-03 09:01:42.003  1410  1410 I boot-pipe: done populating /dev/random
07-03 09:01:43.570  2061  2074 I zygote  : NativeAlloc concurrent copying GC freed 30102(1370KB) AllocSpace objects, 0(0B) LOS objects, 50% free, 4MB/9MB, paused 1.341ms total 102.686ms
07-03 09:01:44.035  1707  1729 I zygote  : Background concurrent copying GC freed 170798(5MB) AllocSpace objects, 0(0B) LOS objects, 46% free, 6MB/12MB, paused 18.459ms total 420.804ms
07-03 09:01:45.497  1604  1621 I WifiService: requestActivityInfo uid=1000
07-03 09:01:45.497  1604  1621 I WifiService: reportActivityInfo uid=1000
07-03 09:01:45.497  1604  1621 I WifiService: getSupportedFeatures uid=1000
07-03 09:01:45.873  1970  1970 I GeofencerStateMachine: sendNewTransitions called.
07-03 09:01:46.450  1604  1613 I zygote  : Background concurrent copying GC freed 88681(3MB) AllocSpace objects, 50(2MB) LOS objects, 9% free, 57MB/63MB, paused 1.232ms total 584.438ms
07-03 09:01:47.101  5305  6438 I chatty  : uid=10104(net.osmand) expire 31 lines
07-03 09:01:47.235  5305  5351 I chatty  : uid=10104(net.osmand) RenderingBaseIm expire 23 lines
07-03 09:01:47.528  5305  5305 I chatty  : uid=10104(net.osmand) expire 11 lines
07-03 09:01:47.751  5305  5350 I chatty  : uid=10104(net.osmand) Loader map obje expire 61 lines
07-03 09:01:48.172  5305  5315 I chatty  : uid=10104(net.osmand) HeapTaskDaemon expire 4 lines
07-03 09:01:48.265  5305  6439 I chatty  : uid=10104(net.osmand) expire 31 lines
07-03 09:01:48.596  5305  6444 I chatty  : uid=10104(net.osmand) expire 31 lines
07-03 09:01:52.027  5305  6445 I chatty  : uid=10104(net.osmand) expire 31 lines
07-03 09:01:53.749  5305  5350 I chatty  : uid=10104(net.osmand) Loader map obje expire 51 lines
07-03 09:01:54.105  5305  5315 I chatty  : uid=10104(net.osmand) HeapTaskDaemon expire 5 lines
07-03 09:01:54.400  5305  5305 I chatty  : uid=10104(net.osmand) expire 20 lines
07-03 09:01:54.456  5305  6446 I chatty  : uid=10104(net.osmand) expire 31 lines
07-03 09:01:54.684  5305  5351 I chatty  : uid=10104(net.osmand) RenderingBaseIm expire 10 lines
07-03 09:01:55.535  5305  6447 I chatty  : uid=10104(net.osmand) expire 31 lines
07-03 09:01:56.289  1604  5757 I WifiService: acquireWifiLock uid=10014 lockMode=2
07-03 09:01:56.305  1604  1617 E memtrack: Couldn't load memtrack module
07-03 09:01:56.305  1604  1617 W android.os.Debug: failed to get memory consumption info: -1
07-03 09:01:56.543  1604  6308 I WifiService: releaseWifiLock uid=10014
07-03 09:01:56.630  1604  1617 E memtrack: Couldn't load memtrack module
07-03 09:01:56.630  1604  1617 W android.os.Debug: failed to get memory consumption info: -1
07-03 09:01:57.179  5305  6448 I chatty  : uid=10104(net.osmand) expire 31 lines
07-03 09:01:58.379  5305  6449 I chatty  : uid=10104(net.osmand) expire 31 lines
07-03 09:01:59.576  5305  6450 I chatty  : uid=10104(net.osmand) expire 31 lines
07-03 09:02:00.527  5305  5305 I chatty  : uid=10104(net.osmand) expire 15 lines
07-03 09:02:00.541  5305  6451 I chatty  : uid=10104(net.osmand) expire 31 lines
07-03 09:02:01.023  5305  5351 I chatty  : uid=10104(net.osmand) RenderingBaseIm expire 18 lines
07-03 09:02:01.215  5305  5350 I chatty  : uid=10104(net.osmand) Loader map obje expire 32 lines
07-03 09:02:01.577  5305  6456 I chatty  : uid=10104(net.osmand) expire 31 lines
07-03 09:02:01.861  5305  5315 I chatty  : uid=10104(net.osmand) HeapTaskDaemon expire 2 lines
07-03 09:02:02.207  5305  6457 I chatty  : uid=10104(net.osmand) expire 31 lines
07-03 09:02:02.555  5305  6458 I chatty  : uid=10104(net.osmand) expire 31 lines
07-03 09:02:03.426  5305  6459 I chatty  : uid=10104(net.osmand) expire 31 lines
07-03 09:02:03.537  1604  1621 I WifiService: requestActivityInfo uid=1000
07-03 09:02:03.537  1604  1621 I WifiService: reportActivityInfo uid=1000
07-03 09:02:03.537  1604  1621 I WifiService: getSupportedFeatures uid=1000
07-03 09:02:03.743  5305  5350 I chatty  : uid=10104(net.osmand) Loader map obje expire 68 lines
07-03 09:02:04.385  5305  5315 I chatty  : uid=10104(net.osmand) HeapTaskDaemon expire 4 lines
07-03 09:02:04.534  5305  5305 I chatty  : uid=10104(net.osmand) expire 13 lines
07-03 09:02:04.550  5305  6461 I chatty  : uid=10104(net.osmand) expire 31 lines
07-03 09:02:04.823  5305  5351 I chatty  : uid=10104(net.osmand) RenderingBaseIm expire 22 lines
07-03 09:02:05.593  5305  6462 I chatty  : uid=10104(net.osmand) expire 31 lines
07-03 09:02:07.301  5305  6463 I chatty  : uid=10104(net.osmand) expire 31 lines
07-03 09:02:08.746  1970  1980 I zygote  : Background concurrent copying GC freed 97391(4MB) AllocSpace objects, 0(0B) LOS objects, 39% free, 9MB/15MB, paused 1.191ms total 222.115ms
07-03 09:02:08.883  5305  5350 I chatty  : uid=10104(net.osmand) Loader map obje expire 97 lines
07-03 09:02:09.308  5305  5315 I chatty  : uid=10104(net.osmand) HeapTaskDaemon expire 8 lines
07-03 09:02:09.529  1604  1621 I WifiService: requestActivityInfo uid=1000
07-03 09:02:09.529  1604  1621 I WifiService: reportActivityInfo uid=1000
07-03 09:02:09.529  1604  1621 I WifiService: getSupportedFeatures uid=1000
07-03 09:02:09.799  5305  5305 I chatty  : uid=10104(net.osmand) expire 27 lines
07-03 09:02:09.857  5305  5351 I chatty  : uid=10104(net.osmand) RenderingBaseIm expire 24 lines
07-03 09:02:10.971  5305  6465 I chatty  : uid=10104(net.osmand) expire 31 lines
07-03 09:02:16.187  1970  1970 I GeofencerStateMachine: sendNewTransitions called.
07-03 09:02:16.228  1970  1970 I GeofencerStateMachine: sendNewTransitions called.
07-03 09:02:16.236  1970  1970 I GeofencerStateMachine: sendNewLocationAvailability: availability=LocationAvailability[isLocationAvailable: true]
07-03 09:02:16.307  1604  1604 I zygote  : IncrementDisableThreadFlip blocked for 36.666ms
07-03 09:02:16.318  1604  1686 I zygote  : IncrementDisableThreadFlip blocked for 48.918ms
07-03 09:02:16.464  1970  1970 I GeofencerStateMachine: sendNewLocationAvailability: availability=LocationAvailability[isLocationAvailable: true]
07-03 09:02:16.541  1604  2501 I WifiService: acquireWifiLock uid=10014 lockMode=2
07-03 09:02:16.886  1970  3884 I GeofencerStateMachine: addGeofences called by com.google.android.apps.maps
07-03 09:02:16.967  1604  2501 I GnssLocationProvider: WakeLock acquired by sendMessage(SET_REQUEST, 0, com.android.server.location.GnssLocationProvider$GpsRequest@d93484f)
07-03 09:02:16.980  1604  1617 I GnssLocationProvider: WakeLock released by handleMessage(SET_REQUEST, 0, com.android.server.location.GnssLocationProvider$GpsRequest@d93484f)
07-03 09:02:17.034  1604  2501 I WifiService: getWifiEnabledState uid=10062
07-03 09:02:17.056  1604  3139 I GnssLocationProvider: WakeLock acquired by sendMessage(SET_REQUEST, 0, com.android.server.location.GnssLocationProvider$GpsRequest@ec244e5)
07-03 09:02:17.059  1604  1617 I GnssLocationProvider: WakeLock released by handleMessage(SET_REQUEST, 0, com.android.server.location.GnssLocationProvider$GpsRequest@ec244e5)
07-03 09:02:17.290  1970  1970 I GeofencerStateMachine: sendNewLocationAvailability: availability=LocationAvailability[isLocationAvailable: true]
07-03 09:02:17.310  1970  1970 I GeofencerStateMachine: sendNewLocationAvailability: availability=LocationAvailability[isLocationAvailable: true]
07-03 09:02:18.314  1604  1613 I zygote  : Background concurrent copying GC freed 87348(3MB) AllocSpace objects, 52(2MB) LOS objects, 9% free, 58MB/64MB, paused 1.351ms total 2.069s
07-03 09:02:18.808  5305  6471 I chatty  : uid=10104(net.osmand) expire 31 lines
07-03 09:02:18.830  1970  5535 W ResourceType: ResTable_typeSpec entry count inconsistent: given 30, previously 36
07-03 09:02:19.577  1604  4624 D WificondControl: Scan result ready event
07-03 09:02:19.645  5305  6472 I chatty  : uid=10104(net.osmand) expire 31 lines
07-03 09:02:19.847  1604  1854 I WifiService: releaseWifiLock uid=10014
07-03 09:02:20.260  5305  5305 I chatty  : uid=10104(net.osmand) expire 17 lines
07-03 09:02:20.270  5305  6473 I chatty  : uid=10104(net.osmand) expire 31 lines
07-03 09:02:20.996  1970  5535 W ResourceType: ResTable_typeSpec entry count inconsistent: given 15, previously 22
07-03 09:02:21.265  5305  5315 I chatty  : uid=10104(net.osmand) HeapTaskDaemon expire 10 lines
07-03 09:02:21.596  5305  5351 I chatty  : uid=10104(net.osmand) RenderingBaseIm expire 22 lines
07-03 09:02:21.872  1970  1970 W ChimeraUtils: Non Chimera context
07-03 09:02:21.872  1970  1970 W ChimeraUtils: Non Chimera context
07-03 09:02:21.907  5305  5350 I chatty  : uid=10104(net.osmand) Loader map obje expire 64 lines
07-03 09:02:21.943  1970  5535 I aohm    : Removed 0 invalid users [CONTEXT service_id=51 ]
07-03 09:02:24.568  1970  5535 W Conscrypt: Could not set socket write timeout: java.net.SocketException: Socket closed
07-03 09:02:24.582  1970  5535 W Conscrypt: 	at com.google.android.gms.org.conscrypt.Platform.setSocketWriteTimeout(:com.google.android.gms@17785022@17.7.85 (040700-253824076):2)
07-03 09:02:24.582  1970  5535 W Conscrypt: 	at com.google.android.gms.org.conscrypt.ConscryptFileDescriptorSocket.setSoWriteTimeout(:com.google.android.gms@17785022@17.7.85 (040700-253824076):2)
07-03 09:02:25.313  1403  1418 D hwcomposer: hw_composer sent 54 syncs in 71s
07-03 09:02:26.715  1604  4624 I MediaFocusControl: requestAudioFocus() from uid/pid 10104/5305 clientId=android.media.AudioManager@aecc42bnet.osmand.plus.api.AudioFocusHelperImpl@801983e callingPack=net.osmand req=3 flags=0x0 sdk=26
07-03 09:02:26.719  4639  5541 I TTS.GoogleTTSServiceImp: Synthesis request for locale por-BRA and name pt-BR-language
07-03 09:02:26.721  4639  5541 I TTS.GoogleTTSServiceImp: TTS dispatch: pt-br-x-afs-lstm-embedded
07-03 09:02:26.809  4639  5542 D AudioTrack: Client defaulted notificationFrames to 1365 for frameCount 4096
07-03 09:02:26.824  1394  3176 W audio_hw_generic: Not supplying enough data to HAL, expected position 392032194 , only wrote 392032080
07-03 09:02:26.831  1604  4624 V MediaRouterService: restoreBluetoothA2dp(false)
07-03 09:02:26.918  1394  3176 W audio_hw_generic: Hardware backing HAL too slow, could only write 0 of 720 frames
07-03 09:02:26.963  1394  3176 I chatty  : uid=1041(audioserver) writer identical 3 lines
07-03 09:02:26.978  1394  3176 W audio_hw_generic: Hardware backing HAL too slow, could only write 0 of 720 frames
07-03 09:02:30.128  1477  1572 D AudioFlinger: mixer(0xac983140) throttle end: throttle time(1)
07-03 09:02:31.160  4639  5542 D AudioTrack: stop() called with 93610 frames delivered
07-03 09:02:31.161  1604  5757 V MediaRouterService: restoreBluetoothA2dp(false)
07-03 09:02:31.165  5305  5543 I chatty  : uid=10104(net.osmand) Binder:5305_5 expire 2 lines
07-03 09:02:31.166  1604  2501 I MediaFocusControl: abandonAudioFocus() from uid/pid 10104/5305 clientId=android.media.AudioManager@aecc42bnet.osmand.plus.api.AudioFocusHelperImpl@801983e
07-03 09:02:31.466  5305  5305 I chatty  : uid=10104(net.osmand) expire 3 lines
07-03 09:02:31.946  1707  1729 I zygote  : Background concurrent copying GC freed 170411(5MB) AllocSpace objects, 0(0B) LOS objects, 45% free, 7MB/13MB, paused 4.330ms total 262.354ms
07-03 09:02:32.275  5305  5350 I chatty  : uid=10104(net.osmand) Loader map obje expire 37 lines
07-03 09:02:32.890  5305  5351 I chatty  : uid=10104(net.osmand) RenderingBaseIm expire 20 lines
07-03 09:02:34.174  1394  1575 W audio_hw_generic: Not supplying enough data to HAL, expected position 392736950 , only wrote 392384880
07-03 09:02:35.745  5305  5350 I chatty  : uid=10104(net.osmand) Loader map obje expire 75 lines
07-03 09:02:36.055  5305  5315 I chatty  : uid=10104(net.osmand) HeapTaskDaemon expire 13 lines
07-03 09:02:37.625  1604  5757 I WifiService: acquireWifiLock uid=10014 lockMode=2
07-03 09:02:37.737  1604  5757 I WifiService: releaseWifiLock uid=10014
07-03 09:02:38.950  5305  5305 I chatty  : uid=10104(net.osmand) expire 18 lines
07-03 09:02:40.460  1604  1621 I WifiService: requestActivityInfo uid=1000
07-03 09:02:40.460  1604  1621 I WifiService: reportActivityInfo uid=1000
07-03 09:02:40.460  1604  1621 I WifiService: getSupportedFeatures uid=1000
07-03 09:02:41.424  1604  4176 I MediaFocusControl: requestAudioFocus() from uid/pid 10104/5305 clientId=android.media.AudioManager@aecc42bnet.osmand.plus.api.AudioFocusHelperImpl@8e69425 callingPack=net.osmand req=3 flags=0x0 sdk=26
07-03 09:02:41.428  4639  5541 I TTS.GoogleTTSServiceImp: Synthesis request for locale por-BRA and name pt-BR-language
07-03 09:02:41.429  4639  5541 I TTS.GoogleTTSServiceImp: TTS dispatch: pt-br-x-afs-lstm-embedded
07-03 09:02:41.571  4639  5542 D AudioTrack: Client defaulted notificationFrames to 1365 for frameCount 4096
07-03 09:02:41.576  1604  4624 V MediaRouterService: restoreBluetoothA2dp(false)
07-03 09:02:41.584  1394  3176 W audio_hw_generic: Not supplying enough data to HAL, expected position 392385047 , only wrote 392384880
07-03 09:02:42.004  1410  1410 I boot-pipe: done populating /dev/random
07-03 09:02:42.695  1477  1572 D AudioFlinger: mixer(0xac983140) throttle end: throttle time(12)
07-03 09:02:43.933  1477  1572 D AudioFlinger: mixer(0xac983140) throttle end: throttle time(12)
07-03 09:02:44.006  5305  5351 I chatty  : uid=10104(net.osmand) RenderingBaseIm expire 20 lines
07-03 09:02:45.094  1394  3176 W audio_hw_generic: Not supplying enough data to HAL, expected position 392553363 , only wrote 392553360
07-03 09:02:45.095  1394  3176 W audio_hw_generic: Not supplying enough data to HAL, expected position 392553404 , only wrote 392553360
07-03 09:02:45.111  1394  3176 W audio_hw_generic: Not supplying enough data to HAL, expected position 392554160 , only wrote 392554080
07-03 09:02:45.188  4639  5542 D AudioTrack: stop() called with 77770 frames delivered
07-03 09:02:45.234  1604  1854 V MediaRouterService: restoreBluetoothA2dp(false)
07-03 09:02:45.248  5305  5983 I chatty  : uid=10104(net.osmand) Binder:5305_A expire 2 lines
07-03 09:02:45.249  1604  5757 I MediaFocusControl: abandonAudioFocus() from uid/pid 10104/5305 clientId=android.media.AudioManager@aecc42bnet.osmand.plus.api.AudioFocusHelperImpl@8e69425
07-03 09:02:46.277  1604  1613 I zygote  : Background concurrent copying GC freed 94449(3MB) AllocSpace objects, 52(2MB) LOS objects, 9% free, 58MB/64MB, paused 2.896ms total 1.114s
07-03 09:02:46.571  1970  1970 I GeofencerStateMachine: sendNewTransitions called.
07-03 09:02:48.203  1394  1575 W audio_hw_generic: Not supplying enough data to HAL, expected position 392849903 , only wrote 392702400
07-03 09:02:49.328  5305  5350 I chatty  : uid=10104(net.osmand) Loader map obje expire 48 lines
07-03 09:02:52.606  5305  6488 I chatty  : uid=10104(net.osmand) expire 31 lines
07-03 09:02:53.555  5305  6489 I chatty  : uid=10104(net.osmand) expire 31 lines
07-03 09:02:53.950  5305  5351 I chatty  : uid=10104(net.osmand) RenderingBaseIm expire 24 lines
07-03 09:02:53.972  5305  5305 I chatty  : uid=10104(net.osmand) expire 20 lines
07-03 09:02:54.096  5305  5350 I chatty  : uid=10104(net.osmand) Loader map obje expire 76 lines
07-03 09:02:54.568  5305  5315 I chatty  : uid=10104(net.osmand) HeapTaskDaemon expire 5 lines
07-03 09:02:54.597  5305  6490 I chatty  : uid=10104(net.osmand) expire 31 lines
07-03 09:02:55.111  5305  6491 I chatty  : uid=10104(net.osmand) expire 31 lines
07-03 09:02:56.767  1604  1878 I MediaFocusControl: requestAudioFocus() from uid/pid 10104/5305 clientId=android.media.AudioManager@aecc42bnet.osmand.plus.api.AudioFocusHelperImpl@a624b50 callingPack=net.osmand req=3 flags=0x0 sdk=26
07-03 09:02:56.775  4639  5541 I TTS.GoogleTTSServiceImp: Synthesis request for locale por-BRA and name pt-BR-language
07-03 09:02:56.781  4639  5541 I TTS.GoogleTTSServiceImp: TTS dispatch: pt-br-x-afs-lstm-embedded
07-03 09:02:56.867  4639  5542 D AudioTrack: Client defaulted notificationFrames to 1365 for frameCount 4096
07-03 09:02:56.873  1604  4624 V MediaRouterService: restoreBluetoothA2dp(false)
07-03 09:02:56.879  1394  3176 W audio_hw_generic: Not supplying enough data to HAL, expected position 392702433 , only wrote 392702400
07-03 09:02:57.682  1604  6308 I WifiService: acquireWifiLock uid=10014 lockMode=2
07-03 09:02:57.731  1604  1617 E memtrack: Couldn't load memtrack module
07-03 09:02:57.732  1604  1617 W android.os.Debug: failed to get memory consumption info: -1
07-03 09:02:57.851  1604  1617 E memtrack: Couldn't load memtrack module
07-03 09:02:57.851  1604  1617 W android.os.Debug: failed to get memory consumption info: -1
07-03 09:02:58.058  1604  1621 I WifiService: requestActivityInfo uid=1000
07-03 09:02:58.058  1604  1621 I WifiService: reportActivityInfo uid=1000
07-03 09:02:58.058  1604  1621 I WifiService: getSupportedFeatures uid=1000
07-03 09:03:00.603  4639  5542 D AudioTrack: stop() called with 79420 frames delivered
07-03 09:03:00.610  5305  5543 I chatty  : uid=10104(net.osmand) Binder:5305_5 expire 2 lines
07-03 09:03:00.611  1604  4624 I MediaFocusControl: abandonAudioFocus() from uid/pid 10104/5305 clientId=android.media.AudioManager@aecc42bnet.osmand.plus.api.AudioFocusHelperImpl@a624b50
07-03 09:03:00.706  1604  4624 D WificondControl: Scan result ready event
07-03 09:03:00.771  1604  4624 I WifiService: releaseWifiLock uid=10014
07-03 09:03:01.154  1394  3176 W audio_hw_generic: Not supplying enough data to HAL, expected position 392907606 , only wrote 392907600
07-03 09:03:01.355  5305  6495 I chatty  : uid=10104(net.osmand) expire 31 lines
07-03 09:03:02.002  5305  5350 I chatty  : uid=10104(net.osmand) Loader map obje expire 85 lines
07-03 09:03:02.523  5305  5305 I chatty  : uid=10104(net.osmand) expire 21 lines
07-03 09:03:02.588  5305  5351 I chatty  : uid=10104(net.osmand) RenderingBaseIm expire 14 lines
07-03 09:03:02.719  5305  5315 I chatty  : uid=10104(net.osmand) HeapTaskDaemon expire 7 lines
07-03 09:03:03.616  1394  1575 W audio_hw_generic: Not supplying enough data to HAL, expected position 393143204 , only wrote 393025680
07-03 09:03:06.692  1604  4624 I MediaFocusControl: requestAudioFocus() from uid/pid 10104/5305 clientId=android.media.AudioManager@aecc42bnet.osmand.plus.api.AudioFocusHelperImpl@2782103 callingPack=net.osmand req=3 flags=0x0 sdk=26
07-03 09:03:06.696  5305  5323 I chatty  : uid=10104(net.osmand) Profile Saver expire 2 lines
07-03 09:03:06.700  4639  5541 I TTS.GoogleTTSServiceImp: Synthesis request for locale por-BRA and name pt-BR-language
07-03 09:03:06.702  4639  5541 I TTS.GoogleTTSServiceImp: TTS dispatch: pt-br-x-afs-lstm-embedded
07-03 09:03:06.827  4639  5542 D AudioTrack: Client defaulted notificationFrames to 1365 for frameCount 4096
07-03 09:03:06.863  1394  3176 W audio_hw_generic: Not supplying enough data to HAL, expected position 393025751 , only wrote 393025680
07-03 09:03:00.605  1604  4624 V MediaRouterService: restoreBluetoothA2dp(false)
07-03 09:03:06.867  1604  6308 V MediaRouterService: restoreBluetoothA2dp(false)
07-03 09:03:08.889  4639 21989 D AudioTrack: stop() called with 47490 frames delivered
07-03 09:03:08.891  4639  5541 I TTS.EventProcessor: synthesizeMarkup call to callback.audioAvailable failed: -1
07-03 09:03:08.892  1604  6308 I MediaFocusControl: abandonAudioFocus() from uid/pid 10104/5305 clientId=android.media.AudioManager@aecc42bnet.osmand.plus.api.AudioFocusHelperImpl@2782103
07-03 09:03:08.895  5305  5983 I chatty  : uid=10104(net.osmand) Binder:5305_A expire 2 lines
07-03 09:03:08.898  1604  1878 V MediaRouterService: restoreBluetoothA2dp(false)
07-03 09:03:08.943  5305  6498 I chatty  : uid=10104(net.osmand) expire 31 lines
07-03 09:03:09.305  2061  2074 I zygote  : NativeAlloc concurrent copying GC freed 30075(1349KB) AllocSpace objects, 0(0B) LOS objects, 49% free, 4MB/9MB, paused 27.937ms total 388.073ms
07-03 09:03:10.152  5305  6499 I chatty  : uid=10104(net.osmand) expire 31 lines
07-03 09:03:11.934  1394  1575 W audio_hw_generic: Not supplying enough data to HAL, expected position 393510773 , only wrote 393269040
07-03 09:03:12.533  5305  5305 I chatty  : uid=10104(net.osmand) expire 16 lines
07-03 09:03:12.537  5305  5351 I chatty  : uid=10104(net.osmand) RenderingBaseIm expire 18 lines
07-03 09:03:12.545  5305  6500 I chatty  : uid=10104(net.osmand) expire 31 lines
07-03 09:03:13.097  1604  1621 I WifiService: requestActivityInfo uid=1000
07-03 09:03:13.097  1604  1621 I WifiService: reportActivityInfo uid=1000
07-03 09:03:13.097  1604  1621 I WifiService: getSupportedFeatures uid=1000
07-03 09:03:13.126  5305  5350 I chatty  : uid=10104(net.osmand) Loader map obje expire 80 lines
07-03 09:03:13.591  5305  6502 I chatty  : uid=10104(net.osmand) expire 31 lines
07-03 09:03:13.860  5305  5315 I chatty  : uid=10104(net.osmand) HeapTaskDaemon expire 5 lines
07-03 09:03:15.315  1604  1613 I zygote  : Background concurrent copying GC freed 89631(3MB) AllocSpace objects, 54(2MB) LOS objects, 9% free, 57MB/63MB, paused 944us total 744.201ms
07-03 09:03:15.358  5305  6503 I chatty  : uid=10104(net.osmand) expire 31 lines
07-03 09:03:16.164  1707  1729 I zygote  : Background concurrent copying GC freed 172961(6MB) AllocSpace objects, 0(0B) LOS objects, 46% free, 7MB/13MB, paused 1.731ms total 536.207ms
07-03 09:03:16.634  1970  1970 I GeofencerStateMachine: sendNewTransitions called.
07-03 09:03:16.726  1970  1970 I GeofencerStateMachine: sendNewTransitions called.
07-03 09:03:16.763  1970  1970 I GeofencerStateMachine: sendNewLocationAvailability: availability=LocationAvailability[isLocationAvailable: true]
07-03 09:03:16.878  1970  1970 I GeofencerStateMachine: sendNewLocationAvailability: availability=LocationAvailability[isLocationAvailable: true]
07-03 09:03:17.713  1604  1617 E memtrack: Couldn't load memtrack module
07-03 09:03:17.713  1604  1617 W android.os.Debug: failed to get memory consumption info: -1
07-03 09:03:17.734  1604  7927 I WifiService: acquireWifiLock uid=10014 lockMode=2
07-03 09:03:17.742  1604  1621 I WifiService: requestActivityInfo uid=1000
07-03 09:03:17.742  1604  1621 I WifiService: reportActivityInfo uid=1000
07-03 09:03:17.742  1604  1621 I WifiService: getSupportedFeatures uid=1000
07-03 09:03:17.841  1604  1878 I WifiService: releaseWifiLock uid=10014
07-03 09:03:17.907  1604  1617 E memtrack: Couldn't load memtrack module
07-03 09:03:17.907  1604  1617 W android.os.Debug: failed to get memory consumption info: -1
07-03 09:03:20.198  5305  6507 I chatty  : uid=10104(net.osmand) expire 31 lines
