07-03 22:07:31.429  1393  1393 W /system/bin/hw/android.hidl.allocator@1.0-service: ashmem_create_region(32768) returning hidl_memory(0xb151b830, 32768)
07-03 22:07:31.527  1393  1393 I chatty  : uid=1000(system) allocator@1.0-s identical 10 lines
07-03 22:07:31.528  1393  1393 W /system/bin/hw/android.hidl.allocator@1.0-service: ashmem_create_region(32768) returning hidl_memory(0xb151b830, 32768)
07-03 22:07:31.660 20277 20331 V NuMediaExtractor: setDataSource fd=69 (/system/app/Camera2/Camera2.apk), offset=6786880, length=7617
07-03 22:07:31.670 20277 20331 V NuMediaExtractor: track of type 'audio/vorbis' does not publish bitrate
07-03 22:07:31.702 20277 20343 I OMXClient: Treble IOmx obtained
07-03 22:07:31.705  1489  1774 I OMXMaster: makeComponentInstance(OMX.google.vorbis.decoder) in omx@1.0-service process
07-03 22:07:31.731  1489  1780 E OMXNodeInstance: getConfig(0xaf6a0900:google.vorbis.decoder, ConfigAndroidVendorExtension(0x6f100004)) ERROR: Undefined(0x80001001)
07-03 22:07:31.739  1393  1393 W /system/bin/hw/android.hidl.allocator@1.0-service: ashmem_create_region(32768) returning hidl_memory(0xb151b830, 32768)
07-03 22:07:31.758  1393  1393 I chatty  : uid=1000(system) allocator@1.0-s identical 6 lines
07-03 22:07:31.759  1393  1393 W /system/bin/hw/android.hidl.allocator@1.0-service: ashmem_create_region(32768) returning hidl_memory(0xb151b830, 32768)
07-03 22:07:31.776  1485 20242 D NuPlayerDriver: notifyListener_l(0xafe25310), (2, 0, 0, -1), loop setting(1, 0)
07-03 22:07:31.884  1394  3176 W audio_hw_generic: Not supplying enough data to HAL, expected position 500534776 , only wrote 500531040
07-03 22:07:31.886  1394  3176 W audio_hw_generic: Not supplying enough data to HAL, expected position 500531135 , only wrote 500531040
07-03 22:07:31.902  1394  3176 W audio_hw_generic: Not supplying enough data to HAL, expected position 500531795 , only wrote 500531760
07-03 22:07:31.903  1485 20246 I NuPlayerDecoder: [OMX.google.vorbis.decoder] resubmitting CSD
07-03 22:07:31.903  1485 20246 I NuPlayerDecoder: [OMX.google.vorbis.decoder] resubmitting CSD
07-03 22:07:31.911  1485 20242 D NuPlayerDriver: notifyListener_l(0xafe25310), (6, 0, 0, -1), loop setting(1, 0)
07-03 22:07:31.926  1477  1572 D AudioFlinger: mixer(0xac983140) throttle end: throttle time(10)
07-03 22:07:31.928  1485 20245 W AudioTrack: getTimestamp() location moved from kernel to server
07-03 22:07:31.930  1485 20245 W NuPlayerRenderer: getPendingAudioPlayoutDurationUs: pendingUs -3698 < 0, clamping to zero, potential resume after pause writtenAudioDurationUs: 5804, audioSinkPlayedUs: 9502
07-03 22:07:31.973  1394  3176 W audio_hw_generic: Not supplying enough data to HAL, expected position 500535196 , only wrote 500534640
07-03 22:07:31.974  1395 20320 D         : HostConnection::get() New Host Connection established 0xa7c4a440, tid 20320
07-03 22:07:31.975  1394  3176 W audio_hw_generic: Not supplying enough data to HAL, expected position 500534716 , only wrote 500534640
07-03 22:07:31.979  1485 20245 W AudioTrack: retrograde timestamp position corrected, -256 = 0 - 256
07-03 22:07:31.979  1485 20245 W NuPlayerRenderer: getPendingAudioPlayoutDurationUs: pendingUs -2034 < 0, clamping to zero, potential resume after pause writtenAudioDurationUs: 8707, audioSinkPlayedUs: 10741
07-03 22:07:31.983  1402  1439 D gralloc_ranchu: gralloc_alloc: Creating ashmem region of size 4919296
07-03 22:07:31.991  1394  3176 W audio_hw_generic: Not supplying enough data to HAL, expected position 500535409 , only wrote 500535360
07-03 22:07:32.006  1485 20245 W NuPlayerRenderer: getPendingAudioPlayoutDurationUs: pendingUs -4113 < 0, clamping to zero, potential resume after pause writtenAudioDurationUs: 14512, audioSinkPlayedUs: 18625
07-03 22:07:32.011 20277 20277 D CameraPerformanceTracker: First preview frame received
07-03 22:07:32.023  1393  1393 W /system/bin/hw/android.hidl.allocator@1.0-service: ashmem_create_region(32768) returning hidl_memory(0xb151b830, 32768)
07-03 22:07:32.028  1393  1393 I chatty  : uid=1000(system) allocator@1.0-s identical 2 lines
07-03 22:07:32.029  1393  1393 W /system/bin/hw/android.hidl.allocator@1.0-service: ashmem_create_region(32768) returning hidl_memory(0xb151b830, 32768)
07-03 22:07:32.084  1394  3176 W audio_hw_generic: Hardware backing HAL too slow, could only write 0 of 720 frames
07-03 22:07:32.197  1394  3176 W audio_hw_generic: Not supplying enough data to HAL, expected position 500545269 , only wrote 500544720
07-03 22:07:32.198  1394  3176 W audio_hw_generic: Not supplying enough data to HAL, expected position 500544744 , only wrote 500544720
07-03 22:07:32.215  1394  3176 W audio_hw_generic: Not supplying enough data to HAL, expected position 500545523 , only wrote 500545440
07-03 22:07:32.227  1477  1572 D AudioFlinger: mixer(0xac983140) throttle end: throttle time(12)
07-03 22:07:32.425  1394  3176 W audio_hw_generic: Not supplying enough data to HAL, expected position 500555549 , only wrote 500554800
07-03 22:07:32.426  1394  3176 W audio_hw_generic: Not supplying enough data to HAL, expected position 500554822 , only wrote 500554800
07-03 22:07:32.444  1394  3176 W audio_hw_generic: Not supplying enough data to HAL, expected position 500555548 , only wrote 500555520
07-03 22:07:32.454  1477  1572 D AudioFlinger: mixer(0xac983140) throttle end: throttle time(12)
07-03 22:07:32.664  1402  1439 D gralloc_ranchu: gralloc_alloc: Creating ashmem region of size 4919296
07-03 22:07:32.690 20277 20341 D         : HostConnection::get() New Host Connection established 0xa581bc80, tid 20341
07-03 22:07:32.824  1394  3176 W audio_hw_generic: Not supplying enough data to HAL, expected position 500573900 , only wrote 500571360
07-03 22:07:32.825  1394  3176 W audio_hw_generic: Not supplying enough data to HAL, expected position 500571389 , only wrote 500571360
07-03 22:07:32.827  1395 20321 D         : HostConnection::get() New Host Connection established 0xa7c4a580, tid 20321
07-03 22:07:32.840  1394  3176 W audio_hw_generic: Not supplying enough data to HAL, expected position 500572096 , only wrote 500572080
07-03 22:07:32.848  1477  1572 D AudioFlinger: mixer(0xac983140) throttle end: throttle time(12)
07-03 22:07:32.933  1394  3176 W audio_hw_generic: Not supplying enough data to HAL, expected position 500576527 , only wrote 500573520
07-03 22:07:32.962  1477  1572 D AudioFlinger: mixer(0xac983140) throttle end: throttle time(11)
07-03 22:07:32.995  1394  3176 W audio_hw_generic: Hardware backing HAL too slow, could only write 0 of 720 frames
07-03 22:07:33.267  1394  3176 W audio_hw_generic: Not supplying enough data to HAL, expected position 500589545 , only wrote 500587200
07-03 22:07:33.267  1394  3176 W audio_hw_generic: Not supplying enough data to HAL, expected position 500587224 , only wrote 500587200
07-03 22:07:33.284  1394  3176 W audio_hw_generic: Not supplying enough data to HAL, expected position 500587986 , only wrote 500587920
07-03 22:07:33.355  1394  3176 W audio_hw_generic: Not supplying enough data to HAL, expected position 500591365 , only wrote 500589360
07-03 22:07:33.356  1477  1572 D AudioFlinger: mixer(0xac983140) throttle end: throttle time(12)
07-03 22:07:33.447  1394  3176 W audio_hw_generic: Not supplying enough data to HAL, expected position 500593751 , only wrote 500592240
07-03 22:07:33.448  1394  3176 W audio_hw_generic: Not supplying enough data to HAL, expected position 500592270 , only wrote 500592240
07-03 22:07:33.448  1477  1572 D AudioFlinger: mixer(0xac983140) throttle end: throttle time(9)
07-03 22:07:33.463  1394  3176 W audio_hw_generic: Not supplying enough data to HAL, expected position 500592998 , only wrote 500592960
07-03 22:07:33.463  1394  3176 W audio_hw_generic: Hardware backing HAL too slow, could only write 0 of 720 frames
07-03 22:07:33.465  1394  3176 W audio_hw_generic: Hardware backing HAL too slow, could only write 0 of 720 frames
07-03 22:07:33.473  1477  1572 D AudioFlinger: mixer(0xac983140) throttle end: throttle time(12)
07-03 22:07:33.480  1394  3176 W audio_hw_generic: Hardware backing HAL too slow, could only write 0 of 720 frames
07-03 22:07:33.496  1394  3176 W audio_hw_generic: Hardware backing HAL too slow, could only write 0 of 720 frames
07-03 22:07:33.526 20277 20331 V NuMediaExtractor: setDataSource fd=70 (/system/app/Camera2/Camera2.apk), offset=6794560, length=7755
07-03 22:07:33.629  1394  3176 W audio_hw_generic: Not supplying enough data to HAL, expected position 500600919 , only wrote 500599440
07-03 22:07:33.630  1394  3176 W audio_hw_generic: Not supplying enough data to HAL, expected position 500599467 , only wrote 500599440
07-03 22:07:33.634 20277 20331 V NuMediaExtractor: track of type 'audio/vorbis' does not publish bitrate
07-03 22:07:33.644  1394  3176 W audio_hw_generic: Hardware backing HAL too slow, could only write 0 of 720 frames
07-03 22:07:33.645  1394  3176 W audio_hw_generic: Hardware backing HAL too slow, could only write 0 of 720 frames
07-03 22:07:33.721  1394  3176 W audio_hw_generic: Not supplying enough data to HAL, expected position 500603797 , only wrote 500601600
07-03 22:07:33.721  1394  3176 W audio_hw_generic: Hardware backing HAL too slow, could only write 0 of 720 frames
07-03 22:07:33.721  1477  1572 D AudioFlinger: mixer(0xac983140) throttle end: throttle time(12)
07-03 22:07:33.722  1394  3176 W audio_hw_generic: Hardware backing HAL too slow, could only write 0 of 720 frames
07-03 22:07:33.735 20277 20349 I OMXClient: Treble IOmx obtained
07-03 22:07:33.735  1489  1503 I OMXMaster: makeComponentInstance(OMX.google.vorbis.decoder) in omx@1.0-service process
07-03 22:07:33.737  1394  3176 W audio_hw_generic: Hardware backing HAL too slow, could only write 0 of 720 frames
07-03 22:07:33.838  1394  3176 W audio_hw_generic: Not supplying enough data to HAL, expected position 500607221 , only wrote 500603760
07-03 22:07:33.838  1394  3176 W audio_hw_generic: Not supplying enough data to HAL, expected position 500603794 , only wrote 500603760
07-03 22:07:33.838  1394  3176 W audio_hw_generic: Hardware backing HAL too slow, could only write 0 of 720 frames
07-03 22:07:33.839  1477  1572 D AudioFlinger: mixer(0xac983140) throttle end: throttle time(11)
07-03 22:07:33.856  1394  3176 W audio_hw_generic: Not supplying enough data to HAL, expected position 500604587 , only wrote 500604480
07-03 22:07:33.856  1394  3176 W audio_hw_generic: Hardware backing HAL too slow, could only write 0 of 720 frames
07-03 22:07:33.858  1394  3176 W audio_hw_generic: Hardware backing HAL too slow, could only write 0 of 720 frames
07-03 22:07:33.865  1485 20245 W AudioTrack: getTimestamp() location moved from kernel to server
07-03 22:07:33.865  1477  1572 D AudioFlinger: mixer(0xac983140) throttle end: throttle time(12)
07-03 22:07:33.885  1485 20245 W AudioTrack: retrograde timestamp position corrected, -340 = 60362 - 60702
07-03 22:07:33.898  1489  1503 E OMXNodeInstance: getConfig(0xaf6a0900:google.vorbis.decoder, ConfigAndroidVendorExtension(0x6f100004)) ERROR: Undefined(0x80001001)
07-03 22:07:33.911  1393  1393 W /system/bin/hw/android.hidl.allocator@1.0-service: ashmem_create_region(32768) returning hidl_memory(0xb151b830, 32768)
07-03 22:07:33.914  1393  1393 I chatty  : uid=1000(system) allocator@1.0-s identical 2 lines
07-03 22:07:33.919  1393  1393 W /system/bin/hw/android.hidl.allocator@1.0-service: ashmem_create_region(32768) returning hidl_memory(0xb151b830, 32768)
07-03 22:07:33.995  1394  3176 W audio_hw_generic: Hardware backing HAL too slow, could only write 0 of 720 frames
07-03 22:07:33.995  1394  3176 W audio_hw_generic: Not supplying enough data to HAL, expected position 500611195 , only wrote 500609520
07-03 22:07:33.996  1394  3176 W audio_hw_generic: Not supplying enough data to HAL, expected position 500609566 , only wrote 500609520
07-03 22:07:33.997  1394  3176 W audio_hw_generic: Hardware backing HAL too slow, could only write 0 of 720 frames
07-03 22:07:33.997  1393  1393 W /system/bin/hw/android.hidl.allocator@1.0-service: ashmem_create_region(32768) returning hidl_memory(0xb151b830, 32768)
07-03 22:07:34.000  1393  1393 I chatty  : uid=1000(system) allocator@1.0-s identical 2 lines
07-03 22:07:34.002  1393  1393 W /system/bin/hw/android.hidl.allocator@1.0-service: ashmem_create_region(32768) returning hidl_memory(0xb151b830, 32768)
07-03 22:07:34.012  1394  3176 W audio_hw_generic: Not supplying enough data to HAL, expected position 500610267 , only wrote 500610240
07-03 22:07:34.084  1394  3176 W audio_hw_generic: Not supplying enough data to HAL, expected position 500613685 , only wrote 500610960
07-03 22:07:34.084  1394  3176 W audio_hw_generic: Hardware backing HAL too slow, could only write 0 of 720 frames
07-03 22:07:34.085  1477  1572 D AudioFlinger: mixer(0xac983140) throttle end: throttle time(12)
07-03 22:07:34.099  1394  3176 W audio_hw_generic: Not supplying enough data to HAL, expected position 500611695 , only wrote 500611680
07-03 22:07:34.099  1394  3176 W audio_hw_generic: Hardware backing HAL too slow, could only write 0 of 720 frames
07-03 22:07:34.100  1393  1393 W /system/bin/hw/android.hidl.allocator@1.0-service: ashmem_create_region(32768) returning hidl_memory(0xb151b830, 32768)
07-03 22:07:34.101  1394  3176 W audio_hw_generic: Hardware backing HAL too slow, could only write 0 of 720 frames
07-03 22:07:34.104  1393  1393 W /system/bin/hw/android.hidl.allocator@1.0-service: ashmem_create_region(32768) returning hidl_memory(0xb151b830, 32768)
07-03 22:07:34.106  1393  1393 I chatty  : uid=1000(system) allocator@1.0-s identical 1 line
07-03 22:07:34.108  1393  1393 W /system/bin/hw/android.hidl.allocator@1.0-service: ashmem_create_region(32768) returning hidl_memory(0xb151b830, 32768)
07-03 22:07:34.115  1394  3176 W audio_hw_generic: Hardware backing HAL too slow, could only write 0 of 720 frames
07-03 22:07:34.120  1477  1572 D AudioFlinger: mixer(0xac983140) throttle end: throttle time(11)
07-03 22:07:34.132  1394  3176 W audio_hw_generic: Hardware backing HAL too slow, could only write 0 of 720 frames
07-03 22:07:34.237  1394  3176 W audio_hw_generic: Not supplying enough data to HAL, expected position 500618277 , only wrote 500616720
07-03 22:07:34.237  1394  3176 W audio_hw_generic: Not supplying enough data to HAL, expected position 500616741 , only wrote 500616720
07-03 22:07:34.252  1394  3176 W audio_hw_generic: Hardware backing HAL too slow, could only write 0 of 720 frames
07-03 22:07:34.254  1394  3176 W audio_hw_generic: Hardware backing HAL too slow, could only write 0 of 720 frames
07-03 22:07:34.265  1477  1572 D AudioFlinger: mixer(0xac983140) throttle end: throttle time(11)
07-03 22:07:34.287  1394  3176 W audio_hw_generic: Hardware backing HAL too slow, could only write 0 of 720 frames
07-03 22:07:34.363  1394  3176 W audio_hw_generic: Not supplying enough data to HAL, expected position 500622777 , only wrote 500621040
07-03 22:07:34.364  1394  3176 W audio_hw_generic: Not supplying enough data to HAL, expected position 500621073 , only wrote 500621040
07-03 22:07:34.364  1394  3176 W audio_hw_generic: Hardware backing HAL too slow, could only write 0 of 720 frames
07-03 22:07:34.365  1970  1981 I GeofencerStateMachine: addGeofences called by com.google.android.apps.maps
07-03 22:07:34.379  1394  3176 W audio_hw_generic: Hardware backing HAL too slow, could only write 0 of 720 frames
07-03 22:07:34.380  1394  3176 W audio_hw_generic: Hardware backing HAL too slow, could only write 0 of 720 frames
07-03 22:07:34.391  1477  1572 D AudioFlinger: mixer(0xac983140) throttle end: throttle time(12)
07-03 22:07:34.412  1394  3176 W audio_hw_generic: Hardware backing HAL too slow, could only write 0 of 720 frames
07-03 22:07:34.517  1394  3176 W audio_hw_generic: Not supplying enough data to HAL, expected position 500628364 , only wrote 500626800
07-03 22:07:34.517  1394  3176 W audio_hw_generic: Not supplying enough data to HAL, expected position 500626809 , only wrote 500626800
07-03 22:07:34.517  1394  3176 W audio_hw_generic: Hardware backing HAL too slow, could only write 0 of 720 frames
07-03 22:07:34.532  1394  3176 I chatty  : uid=1041(audioserver) writer identical 1 line
07-03 22:07:34.533  1394  3176 W audio_hw_generic: Hardware backing HAL too slow, could only write 0 of 720 frames
07-03 22:07:34.546  1485 20245 W AudioTrack: getTimestamp() location moved from kernel to server
07-03 22:07:34.547  1477  1572 D AudioFlinger: mixer(0xac983140) throttle end: throttle time(10)
07-03 22:07:34.565  1394  3176 W audio_hw_generic: Hardware backing HAL too slow, could only write 0 of 720 frames
07-03 22:07:34.656  1394  3176 W audio_hw_generic: Not supplying enough data to HAL, expected position 500633485 , only wrote 500631840
07-03 22:07:34.656  1394  3176 W audio_hw_generic: Not supplying enough data to HAL, expected position 500631862 , only wrote 500631840
07-03 22:07:34.657  1394  3176 W audio_hw_generic: Hardware backing HAL too slow, could only write 0 of 720 frames
07-03 22:07:34.672  1394  3176 W audio_hw_generic: Not supplying enough data to HAL, expected position 500632578 , only wrote 500632560
07-03 22:07:34.672  1394  3176 W audio_hw_generic: Hardware backing HAL too slow, could only write 0 of 720 frames
07-03 22:07:34.673  1394  3176 W audio_hw_generic: Hardware backing HAL too slow, could only write 0 of 720 frames
07-03 22:07:34.685  1477  1572 D AudioFlinger: mixer(0xac983140) throttle end: throttle time(11)
07-03 22:07:34.765  1394  3176 W audio_hw_generic: Hardware backing HAL too slow, could only write 0 of 720 frames
07-03 22:07:34.766  1394  3176 W audio_hw_generic: Not supplying enough data to HAL, expected position 500637052 , only wrote 500635440
07-03 22:07:34.766  1394  3176 W audio_hw_generic: Not supplying enough data to HAL, expected position 500635450 , only wrote 500635440
07-03 22:07:34.782  1394  3176 W audio_hw_generic: Not supplying enough data to HAL, expected position 500636214 , only wrote 500636160
07-03 22:07:34.782  1394  3176 W audio_hw_generic: Hardware backing HAL too slow, could only write 0 of 720 frames
07-03 22:07:34.783  1394  3176 W audio_hw_generic: Hardware backing HAL too slow, could only write 0 of 720 frames
07-03 22:07:34.794  1477  1572 D AudioFlinger: mixer(0xac983140) throttle end: throttle time(12)
07-03 22:07:34.875  1394  3176 W audio_hw_generic: Not supplying enough data to HAL, expected position 500640619 , only wrote 500637600
07-03 22:07:34.875  1394  3176 W audio_hw_generic: Hardware backing HAL too slow, could only write 0 of 720 frames
07-03 22:07:34.877  1394  3176 I chatty  : uid=1041(audioserver) writer identical 1 line
07-03 22:07:34.894  1394  3176 W audio_hw_generic: Hardware backing HAL too slow, could only write 0 of 720 frames
07-03 22:07:34.906  1477  1572 D AudioFlinger: mixer(0xac983140) throttle end: throttle time(12)
07-03 22:07:34.911  1394  3176 W audio_hw_generic: Hardware backing HAL too slow, could only write 0 of 720 frames
07-03 22:07:35.062  1394  3176 W audio_hw_generic: Not supplying enough data to HAL, expected position 500646579 , only wrote 500642640
07-03 22:07:35.062  1394  3176 W audio_hw_generic: Not supplying enough data to HAL, expected position 500642650 , only wrote 500642640
07-03 22:07:35.074  1477  1572 D AudioFlinger: mixer(0xac983140) throttle end: throttle time(12)
07-03 22:07:35.078  1394  3176 W audio_hw_generic: Not supplying enough data to HAL, expected position 500643427 , only wrote 500643360
07-03 22:07:35.080  1394  3176 W audio_hw_generic: Hardware backing HAL too slow, could only write 0 of 720 frames
07-03 22:07:35.096  1394  3176 I chatty  : uid=1041(audioserver) writer identical 1 line
07-03 22:07:35.187  1394  3176 W audio_hw_generic: Hardware backing HAL too slow, could only write 0 of 720 frames
07-03 22:07:35.188  1394  3176 W audio_hw_generic: Not supplying enough data to HAL, expected position 500648600 , only wrote 500646240
07-03 22:07:35.188  1394  3176 W audio_hw_generic: Not supplying enough data to HAL, expected position 500646262 , only wrote 500646240
07-03 22:07:35.188  1394  3176 W audio_hw_generic: Hardware backing HAL too slow, could only write 0 of 720 frames
07-03 22:07:35.203  1394  3176 I chatty  : uid=1041(audioserver) writer identical 1 line
07-03 22:07:35.204  1394  3176 W audio_hw_generic: Hardware backing HAL too slow, could only write 0 of 720 frames
07-03 22:07:35.217  1477  1572 D AudioFlinger: mixer(0xac983140) throttle end: throttle time(12)
07-03 22:07:35.221  1394  3176 W audio_hw_generic: Hardware backing HAL too slow, could only write 0 of 720 frames
07-03 22:07:35.238  1394  3176 I chatty  : uid=1041(audioserver) writer identical 1 line
07-03 22:07:35.308  1394  3176 W audio_hw_generic: Hardware backing HAL too slow, could only write 0 of 720 frames
07-03 22:07:35.308  1394  3176 W audio_hw_generic: Not supplying enough data to HAL, expected position 500652003 , only wrote 500650560
07-03 22:07:35.308  1394  3176 W audio_hw_generic: Not supplying enough data to HAL, expected position 500650568 , only wrote 500650560
07-03 22:07:35.308  1394  3176 W audio_hw_generic: Hardware backing HAL too slow, could only write 0 of 720 frames
07-03 22:07:35.326  1394  3176 W audio_hw_generic: Not supplying enough data to HAL, expected position 500651397 , only wrote 500651280
07-03 22:07:35.326  1394  3176 W audio_hw_generic: Hardware backing HAL too slow, could only write 0 of 720 frames
07-03 22:07:35.327  1394  3176 W audio_hw_generic: Hardware backing HAL too slow, could only write 0 of 720 frames
07-03 22:07:35.335  1477  1572 D AudioFlinger: mixer(0xac983140) throttle end: throttle time(10)
07-03 22:07:35.343  1394  3176 W audio_hw_generic: Hardware backing HAL too slow, could only write 0 of 720 frames
07-03 22:07:35.419  1394  3176 W audio_hw_generic: Hardware backing HAL too slow, could only write 0 of 720 frames
07-03 22:07:35.421  1394  3176 W audio_hw_generic: Not supplying enough data to HAL, expected position 500655827 , only wrote 500654160
07-03 22:07:35.421  1394  3176 W audio_hw_generic: Not supplying enough data to HAL, expected position 500654182 , only wrote 500654160
07-03 22:07:35.436  1394  3176 W audio_hw_generic: Not supplying enough data to HAL, expected position 500654901 , only wrote 500654880
07-03 22:07:35.507  1394  3176 W audio_hw_generic: Not supplying enough data to HAL, expected position 500658268 , only wrote 500656320
07-03 22:07:35.508  1394  3176 W audio_hw_generic: Not supplying enough data to HAL, expected position 500656350 , only wrote 500656320
07-03 22:07:35.508  1394  3176 W audio_hw_generic: Hardware backing HAL too slow, could only write 0 of 720 frames
07-03 22:07:35.509  1477  1572 D AudioFlinger: mixer(0xac983140) throttle end: throttle time(12)
07-03 22:07:35.523  1394  3176 W audio_hw_generic: Hardware backing HAL too slow, could only write 0 of 720 frames
07-03 22:07:35.524  1394  3176 I chatty  : uid=1041(audioserver) writer identical 1 line
07-03 22:07:35.539  1394  3176 W audio_hw_generic: Hardware backing HAL too slow, could only write 0 of 720 frames
07-03 22:07:35.552  1477  1572 D AudioFlinger: mixer(0xac983140) throttle end: throttle time(15)
07-03 22:07:35.552  1485 20246 I NuPlayerDecoder: [audio] saw output EOS
07-03 22:07:35.553  1485 20245 D AudioTrack: stop() called with 132300 frames delivered
07-03 22:07:35.555  1394  3176 W audio_hw_generic: Hardware backing HAL too slow, could only write 0 of 720 frames
07-03 22:07:35.638  1394  3176 W audio_hw_generic: Hardware backing HAL too slow, could only write 0 of 720 frames
07-03 22:07:35.639  1394  3176 W audio_hw_generic: Not supplying enough data to HAL, expected position 500662605 , only wrote 500660640
07-03 22:07:35.639  1394  3176 W audio_hw_generic: Not supplying enough data to HAL, expected position 500660664 , only wrote 500660640
07-03 22:07:35.639  1394  3176 W audio_hw_generic: Hardware backing HAL too slow, could only write 0 of 720 frames
07-03 22:07:35.656  1394  3176 W audio_hw_generic: Not supplying enough data to HAL, expected position 500661453 , only wrote 500661360
07-03 22:07:35.656  1394  3176 W audio_hw_generic: Hardware backing HAL too slow, could only write 0 of 720 frames
07-03 22:07:35.657  1394  3176 W audio_hw_generic: Hardware backing HAL too slow, could only write 0 of 720 frames
07-03 22:07:35.665  1477  1572 D AudioFlinger: mixer(0xac983140) throttle end: throttle time(11)
07-03 22:07:35.673  1394  3176 W audio_hw_generic: Hardware backing HAL too slow, could only write 0 of 720 frames
07-03 22:07:35.748  1394  3176 W audio_hw_generic: Hardware backing HAL too slow, could only write 0 of 720 frames
07-03 22:07:35.749  1394  3176 W audio_hw_generic: Not supplying enough data to HAL, expected position 500665830 , only wrote 500664240
07-03 22:07:35.750  1394  3176 W audio_hw_generic: Not supplying enough data to HAL, expected position 500664283 , only wrote 500664240
07-03 22:07:35.832  1394  3176 W audio_hw_generic: Not supplying enough data to HAL, expected position 500668183 , only wrote 500664960
07-03 22:07:35.834  1477  1572 D AudioFlinger: mixer(0xac983140) throttle end: throttle time(12)
07-03 22:07:35.936  1477  1572 D AudioFlinger: mixer(0xac983140) throttle end: throttle time(12)
07-03 22:07:35.937  1394  3176 W audio_hw_generic: Not supplying enough data to HAL, expected position 500669972 , only wrote 500668560
07-03 22:07:35.937  1394  3176 W audio_hw_generic: Not supplying enough data to HAL, expected position 500668596 , only wrote 500668560
07-03 22:07:35.967  1477  1572 D AudioFlinger: mixer(0xac983140) throttle end: throttle time(12)
07-03 22:07:36.038  1394  3176 W audio_hw_generic: Not supplying enough data to HAL, expected position 500673387 , only wrote 500671440
07-03 22:07:36.055  1394  3176 W audio_hw_generic: Not supplying enough data to HAL, expected position 500672247 , only wrote 500672160
07-03 22:07:36.067  1485 20242 D NuPlayerDriver: notifyListener_l(0xafe25310), (2, 0, 0, -1), loop setting(1, 0)
07-03 22:07:36.075  1477  1572 D AudioFlinger: mixer(0xac983140) throttle end: throttle time(10)
07-03 22:07:36.084  1485 20246 I NuPlayerDecoder: [OMX.google.vorbis.decoder] resubmitting CSD
07-03 22:07:36.086  1485 20246 I NuPlayerDecoder: [OMX.google.vorbis.decoder] resubmitting CSD
07-03 22:07:36.089  1394  3176 W audio_hw_generic: Hardware backing HAL too slow, could only write 0 of 720 frames
07-03 22:07:36.178  1394  3176 W audio_hw_generic: Not supplying enough data to HAL, expected position 500678053 , only wrote 500675760
07-03 22:07:36.178  1394  3176 W audio_hw_generic: Not supplying enough data to HAL, expected position 500675771 , only wrote 500675760
07-03 22:07:36.178  1394  3176 W audio_hw_generic: Hardware backing HAL too slow, could only write 0 of 720 frames
07-03 22:07:36.195  1394  3176 W audio_hw_generic: Not supplying enough data to HAL, expected position 500676578 , only wrote 500676480
07-03 22:07:36.197  1394  3176 W audio_hw_generic: Hardware backing HAL too slow, could only write 0 of 720 frames
07-03 22:07:36.202  1485 20242 D NuPlayerDriver: notifyListener_l(0xafe25310), (6, 0, 0, -1), loop setting(1, 0)
07-03 22:07:36.214  1485  1556 W AudioTrack: getTimestamp() location moved from kernel to server
07-03 22:07:36.223  1485 20245 W AudioTrack: retrograde timestamp position corrected, -128 = 128 - 256
07-03 22:07:36.223  1485 20245 W NuPlayerRenderer: getPendingAudioPlayoutDurationUs: pendingUs -1137 < 0, clamping to zero, potential resume after pause writtenAudioDurationUs: 8707, audioSinkPlayedUs: 9844
07-03 22:07:36.231  1394  3176 W audio_hw_generic: Hardware backing HAL too slow, could only write 0 of 720 frames
07-03 22:07:36.357  1394  3176 W audio_hw_generic: Not supplying enough data to HAL, expected position 500684268 , only wrote 500680800
07-03 22:07:36.358  1394  3176 W audio_hw_generic: Not supplying enough data to HAL, expected position 500680822 , only wrote 500680800
07-03 22:07:36.359  1485 20245 W AudioTrack: getTimestamp() location moved from kernel to server
07-03 22:07:36.359  1485 20245 W NuPlayerRenderer: getPendingAudioPlayoutDurationUs: pendingUs -48952 < 0, clamping to zero, potential resume after pause writtenAudioDurationUs: 85623, audioSinkPlayedUs: 134575
07-03 22:07:36.374  1394  3176 W audio_hw_generic: Not supplying enough data to HAL, expected position 500681598 , only wrote 500681520
07-03 22:07:36.376  1394  3176 W audio_hw_generic: Hardware backing HAL too slow, could only write 0 of 720 frames
07-03 22:07:36.384  1477  1572 D AudioFlinger: mixer(0xac983140) throttle end: throttle time(11)
07-03 22:07:36.386  1485 20245 W AudioTrack: retrograde timestamp position corrected, -608 = 614 - 1222
07-03 22:07:36.407  1394  3176 W audio_hw_generic: Hardware backing HAL too slow, could only write 0 of 720 frames
07-03 22:07:36.422  1394  3176 W audio_hw_generic: Hardware backing HAL too slow, could only write 0 of 720 frames
07-03 22:07:36.498  1394  3176 W audio_hw_generic: Not supplying enough data to HAL, expected position 500687477 , only wrote 500685840
07-03 22:07:36.499  1394  3176 W audio_hw_generic: Not supplying enough data to HAL, expected position 500685865 , only wrote 500685840
07-03 22:07:36.514  1394  3176 W audio_hw_generic: Hardware backing HAL too slow, could only write 0 of 720 frames
07-03 22:07:36.514  1394  3176 W audio_hw_generic: Hardware backing HAL too slow, could only write 0 of 720 frames
07-03 22:07:36.524  1477  1572 D AudioFlinger: mixer(0xac983140) throttle end: throttle time(11)
07-03 22:07:36.530  1394  3176 W audio_hw_generic: Hardware backing HAL too slow, could only write 0 of 720 frames
07-03 22:07:36.607  1394  3176 W audio_hw_generic: Not supplying enough data to HAL, expected position 500691048 , only wrote 500689440
07-03 22:07:36.608  1394  3176 W audio_hw_generic: Not supplying enough data to HAL, expected position 500689451 , only wrote 500689440
07-03 22:07:36.623  1394  3176 W audio_hw_generic: Not supplying enough data to HAL, expected position 500690180 , only wrote 500690160
07-03 22:07:36.623  1394  3176 W audio_hw_generic: Hardware backing HAL too slow, could only write 0 of 720 frames
07-03 22:07:36.625  1394  3176 W audio_hw_generic: Hardware backing HAL too slow, could only write 0 of 720 frames
07-03 22:07:36.639  1477  1572 D AudioFlinger: mixer(0xac983140) throttle end: throttle time(10)
07-03 22:07:36.639  1394  3176 W audio_hw_generic: Hardware backing HAL too slow, could only write 0 of 720 frames
07-03 22:07:36.709  1394  3176 W audio_hw_generic: Not supplying enough data to HAL, expected position 500694296 , only wrote 500693040
07-03 22:07:36.710  1394  3176 W audio_hw_generic: Not supplying enough data to HAL, expected position 500693068 , only wrote 500693040
07-03 22:07:36.710  1394  3176 W audio_hw_generic: Hardware backing HAL too slow, could only write 0 of 720 frames
07-03 22:07:36.726  1394  3176 I chatty  : uid=1041(audioserver) writer identical 2 lines
07-03 22:07:36.741  1394  3176 W audio_hw_generic: Hardware backing HAL too slow, could only write 0 of 720 frames
07-03 22:07:36.750  1477  1572 D AudioFlinger: mixer(0xac983140) throttle end: throttle time(12)
07-03 22:07:36.827  1394  3176 W audio_hw_generic: Hardware backing HAL too slow, could only write 0 of 720 frames
07-03 22:07:36.828  1394  3176 W audio_hw_generic: Not supplying enough data to HAL, expected position 500698700 , only wrote 500696640
07-03 22:07:36.828  1394  3176 W audio_hw_generic: Not supplying enough data to HAL, expected position 500696661 , only wrote 500696640
07-03 22:07:36.845  1394  3176 W audio_hw_generic: Not supplying enough data to HAL, expected position 500697423 , only wrote 500697360
07-03 22:07:36.845  1394  3176 W audio_hw_generic: Hardware backing HAL too slow, could only write 0 of 720 frames
07-03 22:07:36.847  1394  3176 W audio_hw_generic: Hardware backing HAL too slow, could only write 0 of 720 frames
07-03 22:07:36.855  1485 20245 W NuPlayerRenderer: getPendingAudioPlayoutDurationUs: pendingUs -7275 < 0, clamping to zero, potential resume after pause writtenAudioDurationUs: 307664, audioSinkPlayedUs: 314939
07-03 22:07:36.878  1485 20245 W NuPlayerRenderer: getPendingAudioPlayoutDurationUs: pendingUs -16110 < 0, clamping to zero, potential resume after pause writtenAudioDurationUs: 322176, audioSinkPlayedUs: 338286
07-03 22:07:36.880  1394  3176 W audio_hw_generic: Hardware backing HAL too slow, could only write 0 of 720 frames
07-03 22:07:36.898  1485 20245 W AudioTrack: getTimestamp() location moved from kernel to server
07-03 22:07:36.988  1394  3176 W audio_hw_generic: Not supplying enough data to HAL, expected position 500704240 , only wrote 500702400
07-03 22:07:36.988  1394  3176 W audio_hw_generic: Not supplying enough data to HAL, expected position 500702419 , only wrote 500702400
07-03 22:07:37.004  1394  3176 W audio_hw_generic: Not supplying enough data to HAL, expected position 500703162 , only wrote 500703120
07-03 22:07:37.004  1394  3176 W audio_hw_generic: Hardware backing HAL too slow, could only write 0 of 720 frames
07-03 22:07:37.005  1394  3176 W audio_hw_generic: Hardware backing HAL too slow, could only write 0 of 720 frames
07-03 22:07:37.025  1477  1572 D AudioFlinger: mixer(0xac983140) throttle end: throttle time(10)
07-03 22:07:37.036  1394  3176 W audio_hw_generic: Hardware backing HAL too slow, could only write 0 of 720 frames
07-03 22:07:37.053  1394  3176 W audio_hw_generic: Hardware backing HAL too slow, could only write 0 of 720 frames
07-03 22:07:37.139  1394  3176 W audio_hw_generic: Not supplying enough data to HAL, expected position 500709571 , only wrote 500708160
07-03 22:07:37.139  1394  3176 W audio_hw_generic: Not supplying enough data to HAL, expected position 500708180 , only wrote 500708160
07-03 22:07:37.139  1394  3176 W audio_hw_generic: Hardware backing HAL too slow, could only write 0 of 720 frames
07-03 22:07:37.156  1394  3176 W audio_hw_generic: Not supplying enough data to HAL, expected position 500708982 , only wrote 500708880
07-03 22:07:37.156  1394  3176 W audio_hw_generic: Hardware backing HAL too slow, could only write 0 of 720 frames
07-03 22:07:37.234  1394  3176 W audio_hw_generic: Not supplying enough data to HAL, expected position 500712635 , only wrote 500710320
07-03 22:07:37.234  1394  3176 W audio_hw_generic: Hardware backing HAL too slow, could only write 0 of 720 frames
07-03 22:07:37.235  1394  3176 W audio_hw_generic: Hardware backing HAL too slow, could only write 0 of 720 frames
07-03 22:07:37.234  1477  1572 D AudioFlinger: mixer(0xac983140) throttle end: throttle time(11)
07-03 22:07:37.250  1394  3176 W audio_hw_generic: Hardware backing HAL too slow, could only write 0 of 720 frames
07-03 22:07:37.331  1394  3176 W audio_hw_generic: Hardware backing HAL too slow, could only write 0 of 720 frames
07-03 22:07:37.332  1394  3176 W audio_hw_generic: Not supplying enough data to HAL, expected position 500714986 , only wrote 500713200
07-03 22:07:37.332  1394  3176 W audio_hw_generic: Not supplying enough data to HAL, expected position 500713224 , only wrote 500713200
07-03 22:07:37.332  1394  3176 W audio_hw_generic: Hardware backing HAL too slow, could only write 0 of 720 frames
07-03 22:07:37.331  1477  1572 D AudioFlinger: mixer(0xac983140) throttle end: throttle time(5)
07-03 22:07:37.347  1394  3176 W audio_hw_generic: Hardware backing HAL too slow, could only write 0 of 720 frames
07-03 22:07:37.348  1394  3176 W audio_hw_generic: Hardware backing HAL too slow, could only write 0 of 720 frames
07-03 22:07:37.355  1485 20245 W AudioTrack: getTimestamp() location moved from kernel to server
07-03 22:07:37.359  1477  1572 D AudioFlinger: mixer(0xac983140) throttle end: throttle time(11)
07-03 22:07:37.365  1394  3176 W audio_hw_generic: Hardware backing HAL too slow, could only write 0 of 720 frames
07-03 22:07:37.377  1485 20245 W AudioTrack: retrograde timestamp position corrected, -382 = 25351 - 25733
07-03 22:07:37.466  1394  3176 W audio_hw_generic: Not supplying enough data to HAL, expected position 500719618 , only wrote 500717520
07-03 22:07:37.466  1394  3176 W audio_hw_generic: Not supplying enough data to HAL, expected position 500717527 , only wrote 500717520
07-03 22:07:37.484  1394  3176 W audio_hw_generic: Not supplying enough data to HAL, expected position 500718388 , only wrote 500718240
07-03 22:07:37.484  1394  3176 W audio_hw_generic: Hardware backing HAL too slow, could only write 0 of 720 frames
07-03 22:07:37.486  1394  3176 W audio_hw_generic: Hardware backing HAL too slow, could only write 0 of 720 frames
07-03 22:07:37.491  1485 20245 W AudioTrack: getTimestamp() location moved from kernel to server
07-03 22:07:37.493  1477  1572 D AudioFlinger: mixer(0xac983140) throttle end: throttle time(12)
07-03 22:07:37.517  1485 20245 W AudioTrack: retrograde timestamp position corrected, -325 = 29376 - 29701
07-03 22:07:37.518  1394  3176 W audio_hw_generic: Hardware backing HAL too slow, could only write 0 of 720 frames
07-03 22:07:37.565  1604  3925 I GnssLocationProvider: WakeLock acquired by sendMessage(SET_REQUEST, 0, com.android.server.location.GnssLocationProvider$GpsRequest@e10703d)
07-03 22:07:37.693  1394  3176 W audio_hw_generic: Not supplying enough data to HAL, expected position 500728252 , only wrote 500725440
07-03 22:07:37.693  1394  3176 W audio_hw_generic: Not supplying enough data to HAL, expected position 500725449 , only wrote 500725440
07-03 22:07:37.693  1394  3176 W audio_hw_generic: Hardware backing HAL too slow, could only write 0 of 720 frames
07-03 22:07:37.709  1394  3176 W audio_hw_generic: Not supplying enough data to HAL, expected position 500726230 , only wrote 500726160
07-03 22:07:37.710  1394  3176 W audio_hw_generic: Hardware backing HAL too slow, could only write 0 of 720 frames
07-03 22:07:37.716  1477  1572 D AudioFlinger: mixer(0xac983140) throttle end: throttle time(12)
07-03 22:07:37.744  1394  3176 W audio_hw_generic: Hardware backing HAL too slow, could only write 0 of 720 frames
07-03 22:07:37.758  1970  1970 I GeofencerStateMachine: sendNewTransitions called.
07-03 22:07:37.851  1394  3176 W audio_hw_generic: Not supplying enough data to HAL, expected position 500732945 , only wrote 500731200
07-03 22:07:37.851  1394  3176 W audio_hw_generic: Not supplying enough data to HAL, expected position 500731237 , only wrote 500731200
07-03 22:07:37.868  1394  3176 W audio_hw_generic: Not supplying enough data to HAL, expected position 500731983 , only wrote 500731920
07-03 22:07:37.868  1394  3176 W audio_hw_generic: Hardware backing HAL too slow, could only write 0 of 720 frames
07-03 22:07:37.869  1394  3176 W audio_hw_generic: Hardware backing HAL too slow, could only write 0 of 720 frames
07-03 22:07:37.938  1477  1572 D AudioFlinger: mixer(0xac983140) throttle end: throttle time(11)
07-03 22:07:37.938  1394  3176 W audio_hw_generic: Not supplying enough data to HAL, expected position 500735301 , only wrote 500733360
07-03 22:07:37.938  1394  3176 W audio_hw_generic: Hardware backing HAL too slow, could only write 0 of 720 frames
07-03 22:07:37.960  1604  9404 W ActivityManager: Slow operation: 102ms so far, now at getContentProviderImpl: after updateOomAdj
07-03 22:07:37.960  1604  9404 W ActivityManager: Slow operation: 102ms so far, now at getContentProviderImpl: done!
07-03 22:07:37.939  1394  3176 I chatty  : uid=1041(audioserver) writer identical 1 line
07-03 22:07:37.955  1394  3176 W audio_hw_generic: Hardware backing HAL too slow, could only write 0 of 720 frames
07-03 22:07:37.966  1477  1572 D AudioFlinger: mixer(0xac983140) throttle end: throttle time(9)
07-03 22:07:37.971  1394  3176 W audio_hw_generic: Hardware backing HAL too slow, could only write 0 of 720 frames
07-03 22:07:38.059  1394  3176 W audio_hw_generic: Not supplying enough data to HAL, expected position 500739163 , only wrote 500736960
07-03 22:07:38.060  1394  3176 W audio_hw_generic: Not supplying enough data to HAL, expected position 500736981 , only wrote 500736960
07-03 22:07:38.060  1394  3176 W audio_hw_generic: Hardware backing HAL too slow, could only write 0 of 720 frames
07-03 22:07:38.076  1394  3176 W audio_hw_generic: Not supplying enough data to HAL, expected position 500737741 , only wrote 500737680
07-03 22:07:38.076  1394  3176 W audio_hw_generic: Hardware backing HAL too slow, could only write 0 of 720 frames
07-03 22:07:38.078  1394  3176 W audio_hw_generic: Hardware backing HAL too slow, could only write 0 of 720 frames
07-03 22:07:38.087  1477  1572 D AudioFlinger: mixer(0xac983140) throttle end: throttle time(10)
07-03 22:07:38.189  1394  3176 W audio_hw_generic: Hardware backing HAL too slow, could only write 0 of 720 frames
07-03 22:07:38.190  1394  3176 W audio_hw_generic: Not supplying enough data to HAL, expected position 500743143 , only wrote 500741280
07-03 22:07:38.190  1394  3176 W audio_hw_generic: Not supplying enough data to HAL, expected position 500741288 , only wrote 500741280
07-03 22:07:38.206  1394  3176 W audio_hw_generic: Not supplying enough data to HAL, expected position 500742047 , only wrote 500742000
07-03 22:07:38.206  1394  3176 W audio_hw_generic: Hardware backing HAL too slow, could only write 0 of 720 frames
07-03 22:07:38.208  1394  3176 W audio_hw_generic: Hardware backing HAL too slow, could only write 0 of 720 frames
07-03 22:07:38.220  1477  1572 D AudioFlinger: mixer(0xac983140) throttle end: throttle time(11)
07-03 22:07:38.298  1394  3176 W audio_hw_generic: Hardware backing HAL too slow, could only write 0 of 720 frames
07-03 22:07:38.298  1394  3176 W audio_hw_generic: Not supplying enough data to HAL, expected position 500746424 , only wrote 500744880
07-03 22:07:38.299  1394  3176 W audio_hw_generic: Not supplying enough data to HAL, expected position 500744909 , only wrote 500744880
07-03 22:07:38.299  1394  3176 W audio_hw_generic: Hardware backing HAL too slow, could only write 0 of 720 frames
07-03 22:07:38.313  1394  3176 I chatty  : uid=1041(audioserver) writer identical 1 line
07-03 22:07:38.316  1394  3176 W audio_hw_generic: Hardware backing HAL too slow, could only write 0 of 720 frames
07-03 22:07:38.324  1477  1572 D AudioFlinger: mixer(0xac983140) throttle end: throttle time(12)
07-03 22:07:38.395  1394  3176 W audio_hw_generic: Not supplying enough data to HAL, expected position 500749497 , only wrote 500747040
07-03 22:07:38.395  1394  3176 W audio_hw_generic: Hardware backing HAL too slow, could only write 0 of 720 frames
07-03 22:07:38.412  1394  3176 W audio_hw_generic: Hardware backing HAL too slow, could only write 0 of 720 frames
07-03 22:07:38.428  1477  1572 D AudioFlinger: mixer(0xac983140) throttle end: throttle time(9)
07-03 22:07:38.428  1394  3176 W audio_hw_generic: Hardware backing HAL too slow, could only write 0 of 720 frames
07-03 22:07:38.444  1394  3176 W audio_hw_generic: Hardware backing HAL too slow, could only write 0 of 720 frames
07-03 22:07:38.491  1394  3176 W audio_hw_generic: Not supplying enough data to HAL, expected position 500751653 , only wrote 500751360
07-03 22:07:38.491  1394  3176 W audio_hw_generic: Not supplying enough data to HAL, expected position 500751380 , only wrote 500751360
07-03 22:07:38.507  1394  3176 W audio_hw_generic: Not supplying enough data to HAL, expected position 500752102 , only wrote 500752080
07-03 22:07:38.518  1477  1572 D AudioFlinger: mixer(0xac983140) throttle end: throttle time(12)
07-03 22:07:38.588  1394  3176 W audio_hw_generic: Not supplying enough data to HAL, expected position 500755987 , only wrote 500753520
07-03 22:07:38.590  1394  3176 W audio_hw_generic: Hardware backing HAL too slow, could only write 0 of 720 frames
07-03 22:07:38.685  1394  3176 W audio_hw_generic: Hardware backing HAL too slow, could only write 0 of 720 frames
07-03 22:07:38.686  1394  3176 W audio_hw_generic: Not supplying enough data to HAL, expected position 500758190 , only wrote 500756400
07-03 22:07:38.686  1394  3176 W audio_hw_generic: Not supplying enough data to HAL, expected position 500756417 , only wrote 500756400
07-03 22:07:38.686  1394  3176 W audio_hw_generic: Hardware backing HAL too slow, could only write 0 of 720 frames
07-03 22:07:38.703  1394  3176 W audio_hw_generic: Not supplying enough data to HAL, expected position 500757198 , only wrote 500757120
07-03 22:07:38.685  1477  1572 D AudioFlinger: mixer(0xac983140) throttle end: throttle time(12)
07-03 22:07:38.705  1394  3176 W audio_hw_generic: Hardware backing HAL too slow, could only write 0 of 720 frames
07-03 22:07:38.712  1485 20245 W AudioTrack: getTimestamp() location moved from kernel to server
07-03 22:07:38.737  1394  3176 W audio_hw_generic: Hardware backing HAL too slow, could only write 0 of 720 frames
07-03 22:07:38.747  1485 20245 W AudioTrack: retrograde timestamp position corrected, -337 = 65771 - 66108
07-03 22:07:38.751  1394  3176 W audio_hw_generic: Hardware backing HAL too slow, could only write 0 of 720 frames
07-03 22:07:38.882  1394  3176 W audio_hw_generic: Not supplying enough data to HAL, expected position 500765705 , only wrote 500762160
07-03 22:07:38.882  1394  3176 W audio_hw_generic: Not supplying enough data to HAL, expected position 500762171 , only wrote 500762160
07-03 22:07:38.897  1394  3176 W audio_hw_generic: Not supplying enough data to HAL, expected position 500762908 , only wrote 500762880
07-03 22:07:38.899  1394  3176 W audio_hw_generic: Hardware backing HAL too slow, could only write 0 of 720 frames
07-03 22:07:38.911  1477  1572 D AudioFlinger: mixer(0xac983140) throttle end: throttle time(12)
07-03 22:07:38.990  1394  3176 W audio_hw_generic: Not supplying enough data to HAL, expected position 500767350 , only wrote 500764320
07-03 22:07:39.021  1477  1572 D AudioFlinger: mixer(0xac983140) throttle end: throttle time(9)
07-03 22:07:39.030  1970  1970 I GeofencerStateMachine: sendNewLocationAvailability: availability=LocationAvailability[isLocationAvailable: true]
07-03 22:07:39.044  1970 20265 W ctxmgr  : [WorkManager] Long workInfo: pkg=com.google.android.googlequicksearchbox, lbl=UnregisterContextListener, start=2019-07-03 22:07:37.524+0000, stop=2019-07-03 22:07:39.000+0000, durtn=1476ms [CONTEXT service_id=47 ]
07-03 22:07:39.160  1477  1572 D AudioFlinger: mixer(0xac983140) throttle end: throttle time(12)
07-03 22:07:39.331  1477  1572 D AudioFlinger: mixer(0xac983140) throttle end: throttle time(11)
07-03 22:07:39.468  1477  1572 D AudioFlinger: mixer(0xac983140) throttle end: throttle time(16)
07-03 22:07:39.596  1477  1572 D AudioFlinger: mixer(0xac983140) throttle end: throttle time(12)
07-03 22:07:39.675  1477  1572 D AudioFlinger: mixer(0xac983140) throttle end: throttle time(7)
07-03 22:07:39.711  1604  1617 E memtrack: Couldn't load memtrack module
07-03 22:07:39.711  1604  1617 W android.os.Debug: failed to get memory consumption info: -1
07-03 22:07:39.796  1477  1572 D AudioFlinger: mixer(0xac983140) throttle end: throttle time(12)
07-03 22:07:39.861  1604  3925 I GnssLocationProvider: WakeLock acquired by sendMessage(SET_REQUEST, 0, com.android.server.location.GnssLocationProvider$GpsRequest@1ad02df)
07-03 22:07:39.975  1477  1572 D AudioFlinger: mixer(0xac983140) throttle end: throttle time(10)
07-03 22:07:40.069  1477  1572 D AudioFlinger: mixer(0xac983140) throttle end: throttle time(12)
07-03 22:07:40.084  1604  3925 I WifiService: getWifiEnabledState uid=10062
07-03 22:07:40.108  1485 20246 I NuPlayerDecoder: [audio] saw output EOS
07-03 22:07:40.109  1485 20245 D AudioTrack: stop() called with 132300 frames delivered
07-03 22:07:40.210  1477  1572 D AudioFlinger: mixer(0xac983140) throttle end: throttle time(9)
07-03 22:07:40.313  1477  1572 D AudioFlinger: mixer(0xac983140) throttle end: throttle time(10)
07-03 22:07:40.336  1970  1970 I GeofencerStateMachine: sendNewLocationAvailability: availability=LocationAvailability[isLocationAvailable: true]
07-03 22:07:40.402  1970  1970 I GeofencerStateMachine: sendNewLocationAvailability: availability=LocationAvailability[isLocationAvailable: true]
07-03 22:07:40.456  1477  1572 D AudioFlinger: mixer(0xac983140) throttle end: throttle time(18)
07-03 22:07:40.490  1604  1878 I WifiService: acquireWifiLock uid=10014 lockMode=2
07-03 22:07:40.594  1485 20242 D NuPlayerDriver: notifyListener_l(0xafe25310), (2, 0, 0, -1), loop setting(1, 0)
07-03 22:07:40.614  1485 20246 I NuPlayerDecoder: [OMX.google.vorbis.decoder] resubmitting CSD
07-03 22:07:40.615  1485 20246 I NuPlayerDecoder: [OMX.google.vorbis.decoder] resubmitting CSD
07-03 22:07:40.621  1477  1572 D AudioFlinger: mixer(0xac983140) throttle end: throttle time(10)
07-03 22:07:40.634  1485 20242 D NuPlayerDriver: notifyListener_l(0xafe25310), (6, 0, 0, -1), loop setting(1, 0)
07-03 22:07:40.668  1485 20245 W AudioTrack: getTimestamp() location moved from kernel to server
07-03 22:07:40.669  1485 20245 W NuPlayerRenderer: getPendingAudioPlayoutDurationUs: pendingUs -2009 < 0, clamping to zero, potential resume after pause writtenAudioDurationUs: 2902, audioSinkPlayedUs: 4911
07-03 22:07:40.691  1485 20245 W AudioTrack: retrograde timestamp position corrected, -128 = 0 - 128
07-03 22:07:40.691  1485 20245 W NuPlayerRenderer: getPendingAudioPlayoutDurationUs: pendingUs -9580 < 0, clamping to zero, potential resume after pause writtenAudioDurationUs: 17414, audioSinkPlayedUs: 26994
07-03 22:07:40.750  1485 20245 W AudioTrack: getTimestamp() location moved from kernel to server
07-03 22:07:40.815  1477  1572 D AudioFlinger: mixer(0xac983140) throttle end: throttle time(2)
07-03 22:07:40.859  1485 20245 W AudioTrack: getTimestamp() location moved from kernel to server
07-03 22:07:40.901  1477  1572 D AudioFlinger: mixer(0xac983140) throttle end: throttle time(4)
