06-29 10:04:57.316  3472  3472 I net.osmand: RoutingHelper Recalculate route, because wrong movement direction: 185480.7
06-29 10:04:57.333  3472  3472 I net.osmand: RoutingHelper Recalculate route, because correlation  : 185480.70875065375
06-29 10:04:57.341  3472  3472 I chatty  : uid=10104(net.osmand) identical 1 line
06-29 10:04:57.347  3472  3472 I net.osmand: RoutingHelper Recalculate route, because correlation  : 185480.70875065375
06-29 10:04:57.347  3472  3472 I net.osmand: RoutingHelper Recalculate route, because wrong movement direction: 185480.7
06-29 10:04:57.763  3472  3495 I net.osmand:native: Native ok (rendering 1, text 678 ms) 
06-29 10:04:57.763  3472  3495 I net.osmand:native:  (2283 points, 349 points inside, 130 of 163 objects visible)
06-29 10:04:57.763  3472  3495 I net.osmand:native: End Rendering image
06-29 10:04:57.765  3472  3495 I net.osmand:native: Native ok (init 2, rendering 1) 
06-29 10:04:57.785  3472  3495 I net.osmand: MapRenderRepositories true
06-29 10:04:58.035  3472  3482 I zygote  : Background concurrent copying GC freed 354306(7MB) AllocSpace objects, 0(0B) LOS objects, 18% free, 26MB/32MB, paused 3.133ms total 1.787s
06-29 10:04:58.159  1600  1609 I zygote  : Background concurrent copying GC freed 89240(5MB) AllocSpace objects, 2(40KB) LOS objects, 30% free, 13MB/19MB, paused 1.865ms total 1.466s
06-29 10:04:58.389  3472  3472 I net.osmand: RoutingHelper Recalculate route, because correlation  : 185480.70875065375
06-29 10:04:58.400  3472  3472 I net.osmand: RoutingHelper Recalculate route, because correlation  : 185480.70875065375
06-29 10:04:58.401  3472  3472 I net.osmand: RoutingHelper Recalculate route, because wrong movement direction: 185480.7
06-29 10:04:58.683  1390  2659 W audio_hw_generic: Not supplying enough data to HAL, expected position 33269070 , only wrote 33269040
06-29 10:04:58.820  3472  3472 I net.osmand: RoutingHelper Recalculate route, because correlation  : 185456.71657976278
06-29 10:04:58.831  3472  3472 I net.osmand: RoutingHelper Recalculate route, because correlation  : 185456.71657976278
06-29 10:04:58.834  3472  3472 I net.osmand: RoutingHelper Recalculate route, because wrong movement direction: 185456.72
06-29 10:04:59.410  3472  3472 I net.osmand: RoutingHelper Recalculate route, because correlation  : 185456.71657976278
06-29 10:04:59.410  3472  3472 I net.osmand: RoutingHelper Recalculate route, because wrong movement direction: 185456.72
06-29 10:04:59.443  3472  3472 I net.osmand: RoutingHelper Recalculate route, because correlation  : 185456.71657976278
06-29 10:04:59.447  1600  1613 E memtrack: Couldn't load memtrack module
06-29 10:04:59.449  1481 10786 I NuPlayerDecoder: [audio] saw output EOS
06-29 10:04:59.465  1600  1613 W android.os.Debug: failed to get memory consumption info: -1
06-29 10:04:59.693  1481 10785 D AudioTrack: stop() called with 132300 frames delivered
06-29 10:04:59.799  1600  1613 E memtrack: Couldn't load memtrack module
06-29 10:04:59.800  1600  1613 W android.os.Debug: failed to get memory consumption info: -1
06-29 10:05:00.035  1481 10782 D NuPlayerDriver: notifyListener_l(0xa7394310), (2, 0, 0, -1), loop setting(1, 0)
06-29 10:05:00.060  1481 10786 I NuPlayerDecoder: [OMX.google.vorbis.decoder] resubmitting CSD
06-29 10:05:00.061  1481 10786 I NuPlayerDecoder: [OMX.google.vorbis.decoder] resubmitting CSD
06-29 10:05:00.092  1481 10782 D NuPlayerDriver: notifyListener_l(0xa7394310), (6, 0, 0, -1), loop setting(1, 0)
06-29 10:05:00.246  1481 10785 W AudioTrack: getTimestamp() location moved from kernel to server
06-29 10:05:00.290  1481 10785 W AudioTrack: getTimestamp() location moved from kernel to server
06-29 10:05:00.466  3472  3472 I net.osmand: RoutingHelper Recalculate route, because correlation  : 185432.72456294097
06-29 10:05:00.466  3472  3472 I net.osmand: RoutingHelper Recalculate route, because wrong movement direction: 185432.72
06-29 10:05:00.552  3472  3472 I net.osmand: RoutingHelper Recalculate route, because correlation  : 185432.72456294097
06-29 10:05:00.566  3472  3472 I net.osmand: RoutingHelper Recalculate route, because correlation  : 185432.72456294097
06-29 10:05:00.566  3472  3472 I net.osmand: RoutingHelper Recalculate route, because wrong movement direction: 185432.72
06-29 10:05:00.576  3472  3472 I net.osmand: RoutingHelper Recalculate route, because correlation  : 185432.72456294097
06-29 10:05:01.312  3472  3482 I zygote  : Background concurrent copying GC freed 368410(8MB) AllocSpace objects, 0(0B) LOS objects, 19% free, 24MB/30MB, paused 28.525ms total 676.044ms
06-29 10:05:01.582  3472  3472 I net.osmand: RoutingHelper Recalculate route, because correlation  : 185432.72456294097
06-29 10:05:01.582  3472  3472 I net.osmand: RoutingHelper Recalculate route, because wrong movement direction: 185432.72
06-29 10:05:01.588  3472  3472 I net.osmand: RoutingHelper Recalculate route, because correlation  : 185432.72456294097
06-29 10:05:01.987  3472  3472 I net.osmand: RoutingHelper Recalculate route, because correlation  : 185408.7327002473
06-29 10:05:01.987  3472  3472 I net.osmand: RoutingHelper Recalculate route, because wrong movement direction: 185408.73
06-29 10:05:02.063  3472  3472 I net.osmand: RoutingHelper Recalculate route, because correlation  : 185408.7327002473
06-29 10:05:02.333  3472  3472 I chatty  : uid=10104(net.osmand) identical 1 line
06-29 10:05:02.421  3472  3472 I net.osmand: RoutingHelper Recalculate route, because correlation  : 185408.7327002473
06-29 10:05:02.421  3472  3472 I net.osmand: RoutingHelper Recalculate route, because wrong movement direction: 185408.73
06-29 10:05:02.994  1390  2659 W audio_hw_generic: Not supplying enough data to HAL, expected position 33475952 , only wrote 33475680
06-29 10:05:02.995  1390  2659 W audio_hw_generic: Not supplying enough data to HAL, expected position 33475705 , only wrote 33475680
06-29 10:05:03.011  1390  2659 W audio_hw_generic: Not supplying enough data to HAL, expected position 33476487 , only wrote 33476400
06-29 10:05:03.045  1473  1561 D AudioFlinger: mixer(0xa6c83380) throttle end: throttle time(11)
06-29 10:05:03.045  1390  2659 W audio_hw_generic: Not supplying enough data to HAL, expected position 33478010 , only wrote 33477840
06-29 10:05:03.071  1473  1561 D AudioFlinger: mixer(0xa6c83380) throttle end: throttle time(12)
06-29 10:05:03.073  1481 10786 I NuPlayerDecoder: [audio] saw output EOS
06-29 10:05:03.073  1481 10785 D AudioTrack: stop() called with 132300 frames delivered
06-29 10:05:03.227  3472  3472 D net.osmand: DayNightHelper Sunrise/sunset setting to day: true
06-29 10:05:03.240  1390  2659 W audio_hw_generic: Not supplying enough data to HAL, expected position 33487204 , only wrote 33487200
06-29 10:05:03.307  3472  3472 I net.osmand: RoutingHelper Recalculate route, because correlation  : 185384.74099174017
06-29 10:05:03.308  3472  3472 I net.osmand: RoutingHelper Recalculate route, because wrong movement direction: 185384.73
06-29 10:05:03.330  3472  3472 I net.osmand: RoutingHelper Recalculate route, because correlation  : 185384.74099174017
06-29 10:05:03.331  3472  3472 I net.osmand: RoutingHelper Recalculate route, because wrong movement direction: 185384.73
06-29 10:05:03.344  3472  3496 I net.osmand: MapRenderRepositories RENDER MAP: update due to tile box
06-29 10:05:03.345  3472  3496 I net.osmand: MapRenderRepositories RENDER MAP: Interrupt rendering map
06-29 10:05:03.428  3472  3472 I net.osmand: RoutingHelper Recalculate route, because correlation  : 185384.74099174017
06-29 10:05:03.448  3472  3496 I net.osmand: MapRenderRepositories RENDER MAP: update due to tile box
06-29 10:05:03.448  3472  3496 I net.osmand: MapRenderRepositories RENDER MAP: Interrupt rendering map
06-29 10:05:03.465  1481 10782 D NuPlayerDriver: notifyListener_l(0xa7394310), (2, 0, 0, -1), loop setting(1, 0)
06-29 10:05:03.487  1481 10786 I NuPlayerDecoder: [OMX.google.vorbis.decoder] resubmitting CSD
06-29 10:05:03.490  1481 10786 I NuPlayerDecoder: [OMX.google.vorbis.decoder] resubmitting CSD
06-29 10:05:03.503  1481 10782 D NuPlayerDriver: notifyListener_l(0xa7394310), (6, 0, 0, -1), loop setting(1, 0)
06-29 10:05:03.523  1481 10785 W AudioTrack: getTimestamp() location moved from kernel to server
06-29 10:05:03.524  1481 10785 W NuPlayerRenderer: getPendingAudioPlayoutDurationUs: pendingUs -2545 < 0, clamping to zero, potential resume after pause writtenAudioDurationUs: 20317, audioSinkPlayedUs: 22862
06-29 10:05:03.547  1481 10785 W AudioTrack: retrograde timestamp position corrected, -896 = 0 - 896
06-29 10:05:03.628  3472  3472 I net.osmand: RoutingHelper Recalculate route, because correlation  : 185384.74099174017
06-29 10:05:03.659  3472  3496 I net.osmand: MapRenderRepositories RENDER MAP: update due to tile box
06-29 10:05:03.659  3472  3496 I net.osmand: MapRenderRepositories RENDER MAP: Interrupt rendering map
06-29 10:05:03.766  3472  3496 I net.osmand: MapRenderRepositories RENDER MAP: update due to tile box
06-29 10:05:03.767  3472  3496 I net.osmand: MapRenderRepositories RENDER MAP: Interrupt rendering map
06-29 10:05:03.810  3472  3495 I net.osmand: MapRenderRepositories RENDER MAP: new request RotatedTileBox [lat=-7.226443333333333, lon=-35.89890666666667, rotate=0.0, density=2.625, zoom=17, mapDensity=3.9375, zoomAnimation=0.0, zoomFloatPart=0.0, cx=900, cy=1972, pixWidth=1800, pixHeight=2690]
06-29 10:05:03.979  3472  3495 I net.osmand:native: Route objects 72
06-29 10:05:03.979  3472  3495 I net.osmand:native: Ocean: no completed & incompleted coastlines 0
06-29 10:05:03.980  3472  3495 I net.osmand:native: Detailed coastlines = 0, basemap coastlines 0, ocean tile 0.000000. Detailed added 0, basemap processed 1, basemap added 0.
06-29 10:05:03.980  3472  3495 I net.osmand:native: Search : tree - read( 500), accept( 42), objs - visit( 2717), accept(103), in result(72) 
06-29 10:05:03.981  3472  3495 I net.osmand: MapRenderRepositories BLat=-7.228740763664246, TLat=-7.220755982398987, LLong=-35.9013557434082, RLong=-35.896453857421875, zoom=17
06-29 10:05:03.996  3472  3495 I net.osmand: MapRenderRepositories Native search: 171 ms 
06-29 10:05:04.070  3472  3495 I net.osmand:native: Creating SkBitmap in native w:1800 h:2690 s:7200 f:1!
06-29 10:05:04.070  3472  3495 I net.osmand:native: Row bytes for RGBA_8888 is 7200
06-29 10:05:04.070  3472  3495 I net.osmand:native: Locked 19368000 bytes at 0x78300000
06-29 10:05:04.070  3472  3495 I net.osmand:native: Initializing rendering
06-29 10:05:04.094  3472  3495 I net.osmand:native: Rendering image
06-29 10:05:04.147  1600  1617 I WifiService: requestActivityInfo uid=1000
06-29 10:05:04.147  1600  1617 I WifiService: reportActivityInfo uid=1000
06-29 10:05:04.147  1600  1617 I WifiService: getSupportedFeatures uid=1000
06-29 10:05:04.366  3472  3472 I net.osmand: RoutingHelper Recalculate route, because correlation  : 185384.74099174017
06-29 10:05:04.582  3472  3472 I net.osmand: RoutingHelper Recalculate route, because correlation  : 185384.74099174017
06-29 10:05:04.582  3472  3472 I net.osmand: RoutingHelper Recalculate route, because wrong movement direction: 185384.73
06-29 10:05:04.631  3472  3495 I net.osmand:native: Native ok (rendering 0, text 346 ms) 
06-29 10:05:04.631  3472  3495 I net.osmand:native:  (2313 points, 328 points inside, 127 of 151 objects visible)
06-29 10:05:04.631  3472  3495 I net.osmand:native: End Rendering image
06-29 10:05:04.631  3472  3495 I net.osmand:native: Native ok (init 4, rendering 0) 
06-29 10:05:04.632  3472  3495 I net.osmand: MapRenderRepositories true
06-29 10:05:04.947  3472  3472 I net.osmand: RoutingHelper Recalculate route, because correlation  : 185360.70864251064
06-29 10:05:04.947  3472  3472 I net.osmand: RoutingHelper Recalculate route, because wrong movement direction: 185360.7
06-29 10:05:05.266  3472  3472 I net.osmand: RoutingHelper Recalculate route, because correlation  : 185360.70864251064
06-29 10:05:05.390  3472  3482 I zygote  : Background concurrent copying GC freed 281251(6MB) AllocSpace objects, 0(0B) LOS objects, 17% free, 28MB/34MB, paused 25.495ms total 1.758s
06-29 10:05:05.448  1390  2659 W audio_hw_generic: Not supplying enough data to HAL, expected position 33593188 , only wrote 33593040
06-29 10:05:05.457  1481 10785 W AudioTrack: getTimestamp() location moved from kernel to server
06-29 10:05:05.504  3472  3472 I net.osmand: RoutingHelper Recalculate route, because correlation  : 185360.70864251064
06-29 10:05:05.504  3472  3472 I net.osmand: RoutingHelper Recalculate route, because wrong movement direction: 185360.7
06-29 10:05:05.571  1473  1561 D AudioFlinger: mixer(0xa6c83380) throttle end: throttle time(10)
06-29 10:05:05.593  3472  3472 I net.osmand: RoutingHelper Recalculate route, because correlation  : 185360.70864251064
06-29 10:05:06.190  1481 10786 I NuPlayerDecoder: [audio] saw output EOS
06-29 10:05:06.193  1481 10785 D AudioTrack: stop() called with 132300 frames delivered
06-29 10:05:06.215  1473  1561 D AudioFlinger: mixer(0xa6c83380) throttle end: throttle time(12)
06-29 10:05:06.244  1390  2659 W audio_hw_generic: Not supplying enough data to HAL, expected position 33631261 , only wrote 33631200
06-29 10:05:06.266  1390  2659 W audio_hw_generic: Not supplying enough data to HAL, expected position 33632255 , only wrote 33631920
06-29 10:05:06.309  3472  3472 I net.osmand: RoutingHelper Recalculate route, because correlation  : 185360.70864251064
06-29 10:05:06.309  3472  3472 I net.osmand: RoutingHelper Recalculate route, because wrong movement direction: 185360.7
06-29 10:05:06.579  3472  3472 I net.osmand: RoutingHelper Recalculate route, because correlation  : 185360.70864251064
06-29 10:05:06.596  1481 10782 D NuPlayerDriver: notifyListener_l(0xa7394310), (2, 0, 0, -1), loop setting(1, 0)
06-29 10:05:06.655  1481 10786 I NuPlayerDecoder: [OMX.google.vorbis.decoder] resubmitting CSD
06-29 10:05:06.659  1481 10786 I NuPlayerDecoder: [OMX.google.vorbis.decoder] resubmitting CSD
06-29 10:05:06.687  1481 10782 D NuPlayerDriver: notifyListener_l(0xa7394310), (6, 0, 0, -1), loop setting(1, 0)
06-29 10:05:06.688  1481  1590 W AudioTrack: getTimestamp() location moved from kernel to server
06-29 10:05:06.708  3472  3472 I net.osmand: TTSCommandPlayerImpl Send message to pebble atenção!  Cruzamento de linha férrea 
06-29 10:05:06.709  3472  3472 D net.osmand: AbstractPrologCommandPlayer requestAudioFocus
06-29 10:05:06.709  3472  3472 W AudioManager: Use of stream types is deprecated for operations other than volume control
06-29 10:05:06.711  3472  3472 W AudioManager: See the documentation of requestAudioFocus() for what to use instead with android.media.AudioAttributes to qualify your playback use case
06-29 10:05:06.713  1600  4840 I MediaFocusControl: requestAudioFocus() from uid/pid 10104/3472 clientId=android.media.AudioManager@d05fab5net.osmand.plus.api.AudioFocusHelperImpl@c6f235e callingPack=net.osmand req=3 flags=0x0 sdk=26
06-29 10:05:06.733  3472  3472 D net.osmand: TTSCommandPlayerImpl ttsRequests=1
06-29 10:05:06.734  1481 10785 W AudioTrack: getTimestamp() location moved from kernel to server
06-29 10:05:06.737  5191  5280 I TTS.GoogleTTSServiceImp: Synthesis request for locale por-BRA and name pt-BR-language
06-29 10:05:06.738  5191  5280 I TTS.GoogleTTSServiceImp: TTS dispatch: pt-br-x-afs-lstm-embedded
06-29 10:05:06.757  1481 10785 W NuPlayerRenderer: getPendingAudioPlayoutDurationUs: pendingUs -15950 < 0, clamping to zero, potential resume after pause writtenAudioDurationUs: 26122, audioSinkPlayedUs: 42072
06-29 10:05:06.775  5191  5294 D AudioTrack: Client defaulted notificationFrames to 1365 for frameCount 4096
06-29 10:05:06.827  1600  4840 V MediaRouterService: restoreBluetoothA2dp(false)
06-29 10:05:07.151  3472  3472 I net.osmand: RoutingHelper Recalculate route, because correlation  : 185336.71724773265
06-29 10:05:07.151  3472  3472 I net.osmand: RoutingHelper Recalculate route, because wrong movement direction: 185336.72
06-29 10:05:07.300  5485  5485 I Dialer  : NotificationBroadcastReceiver.onReceive - Broadcast from Notification: com.android.incallui.ACTION_DECLINE_INCOMING_CALL
06-29 10:05:07.362  5485  5485 I Dialer  : DialerCall.reject
06-29 10:05:07.364  1600  4840 I Telecom : Event: RecordEntry TC@3: STOP_RINGER, null: ICA.rC(InCall package: com.google.android.dialer)@AaY
06-29 10:05:07.365  1600  4840 I Telecom : Event: RecordEntry TC@3: REQUEST_REJECT, null: ICA.rC(InCall package: com.google.android.dialer)@AaY
06-29 10:05:07.365  1600 10777 I Telecom : AsyncRingtonePlayer: Stop ringtone.
06-29 10:05:07.367  1481  1590 D NuPlayerDriver: reset(0xa7394310) at state 5
06-29 10:05:07.378  1481  1590 D NuPlayerDriver: notifyListener_l(0xa7394310), (8, 0, 0, -1), loop setting(1, 0)
06-29 10:05:07.435  1481 10782 D NuPlayerDriver: notifyResetComplete(0xa7394310)
06-29 10:05:07.435  1481  1590 D NuPlayerDriver: reset(0xa7394310) at state 0
06-29 10:05:07.437  1600 10777 V MediaPlayer: resetDrmState:  mDrmInfo=null mDrmProvisioningThread=null mPrepareDrmInProgress=false mActiveDrmScheme=false
06-29 10:05:07.437  1600 10777 V MediaPlayer: cleanDrmObj: mDrmObj=null mDrmSessionId=null
06-29 10:05:07.437  1600 10777 V MediaPlayer: resetDrmState:  mDrmInfo=null mDrmProvisioningThread=null mPrepareDrmInProgress=false mActiveDrmScheme=false
06-29 10:05:07.437  1600 10777 V MediaPlayer: cleanDrmObj: mDrmObj=null mDrmSessionId=null
06-29 10:05:07.438  1481  1590 D AudioTrack: stop() called with 0 frames delivered
06-29 10:05:07.455  1600  2660 I Telecom : InCallController: Sending updateCall [TC@3, RINGING, com.android.phone/com.android.services.telephony.TelephonyConnectionService, tel:****, A, childs(0), has_parent(false), [Capabilities: CAPABILITY_SUPPORT_HOLD CAPABILITY_MUTE CAPABILITY_CANNOT_DOWNGRADE_VIDEO_TO_AUDIO CAPABILITY_SPEED_UP_MT_AUDIO], [Properties:]]: CSW.sSH@Aac
06-29 10:05:07.476  1600  1678 D ConnectivityService: NetworkAgentInfo [MOBILE (LTE) - 100] EVENT_NETWORK_INFO_CHANGED, going from SUSPENDED to CONNECTED
06-29 10:05:07.520  1600  2660 I Telecom : InCallController: Components updated: [ComponentInfo{com.google.android.dialer/com.android.incallui.InCallServiceImpl}]: CSW.sSH@Aac
06-29 10:05:07.522  1600  2660 I Telecom : InCallController: Sending updateCall [TC@3, RINGING, com.android.phone/com.android.services.telephony.TelephonyConnectionService, tel:****, A, childs(0), has_parent(false), [Capabilities: CAPABILITY_SUPPORT_HOLD CAPABILITY_MUTE CAPABILITY_CANNOT_DOWNGRADE_VIDEO_TO_AUDIO CAPABILITY_SPEED_UP_MT_AUDIO], [Properties:]]: CSW.sSH@Aag
06-29 10:05:07.548  3472  3472 I net.osmand: RoutingHelper Recalculate route, because correlation  : 185336.71724773265
06-29 10:05:07.555  1600  2660 I Telecom : InCallController: Components updated: [ComponentInfo{com.google.android.dialer/com.android.incallui.InCallServiceImpl}]: CSW.sSH@Aag
06-29 10:05:07.561  1600  2105 I Telecom : InCallController: Sending updateCall [TC@3, RINGING, com.android.phone/com.android.services.telephony.TelephonyConnectionService, tel:****, A, childs(0), has_parent(false), [Capabilities: CAPABILITY_SUPPORT_HOLD CAPABILITY_MUTE CAPABILITY_CANNOT_DOWNGRADE_VIDEO_TO_AUDIO CAPABILITY_SPEED_UP_MT_AUDIO], [Properties:]]: CSW.sCC@Aak
06-29 10:05:07.582  1600  2105 I Telecom : InCallController: Components updated: [ComponentInfo{com.google.android.dialer/com.android.incallui.InCallServiceImpl}]: CSW.sCC@Aak
06-29 10:05:07.584  1600  2105 I Telecom : InCallController: Sending updateCall [TC@3, RINGING, com.android.phone/com.android.services.telephony.TelephonyConnectionService, tel:****, A, childs(0), has_parent(false), [Capabilities: CAPABILITY_SUPPORT_HOLD CAPABILITY_MUTE CAPABILITY_CANNOT_DOWNGRADE_VIDEO_TO_AUDIO CAPABILITY_SPEED_UP_MT_AUDIO], [Properties:]]: CSW.sCC@Aao
06-29 10:05:07.622  1600  2105 I Telecom : InCallController: Components updated: [ComponentInfo{com.google.android.dialer/com.android.incallui.InCallServiceImpl}]: CSW.sCC@Aao
06-29 10:05:07.636  1600  2105 I Telecom : CallsManager: setCallState RINGING -> DISCONNECTED, call: [TC@3, RINGING, com.android.phone/com.android.services.telephony.TelephonyConnectionService, tel:****, A, childs(0), has_parent(false), [Capabilities: CAPABILITY_SUPPORT_HOLD CAPABILITY_MUTE CAPABILITY_CANNOT_DOWNGRADE_VIDEO_TO_AUDIO CAPABILITY_SPEED_UP_MT_AUDIO], [Properties:]]: CSW.sDc@Aas
06-29 10:05:07.643  1600  2105 I Telecom : Event: RecordEntry TC@3: SET_DISCONNECTED, disconnected set explicitly> DisconnectCause [ Code: (REJECTED) Label: () Description: () Reason: (INCOMING_REJECTED) Tone: (-1) ]: CSW.sDc@Aas
06-29 10:05:07.646  1600  1885 I Telecom : CallAudioRouteStateMachine: Message received: UPDATE_SYSTEM_AUDIO_ROUTE=1201, arg1=0: CSW.sDc->CARSM.pM_UPDATE_SYSTEM_AUDIO_ROUTE@Aas
06-29 10:05:07.655  1600  1886 I Telecom : CallAudioModeStateMachine: Message received: NO_MORE_RINGING_CALLS.: CSW.sDc->CAMSM.pM_1002@Aas
06-29 10:05:07.655  1600  1886 I Telecom : CallAudioModeStateMachine: Abandoning audio focus: now UNFOCUSED: CSW.sDc->CAMSM.pM_1002@Aas
06-29 10:05:07.656  1600  1886 I MediaFocusControl: abandonAudioFocus() from uid/pid 1000/1600 clientId=AudioFocus_For_Phone_Ring_And_Calls
06-29 10:05:07.709  1600  2105 W ContextImpl: Calling a method in the system process without a qualified user: android.app.ContextImpl.sendBroadcast:981 android.content.ContextWrapper.sendBroadcast:442 com.android.server.telecom.CallLogManager.sendAddCallBroadcast:444 com.android.server.telecom.CallLogManager.logCall:287 com.android.server.telecom.CallLogManager.logCall:233 
06-29 10:05:07.719  1600  2105 I Telecom : InCallController: Sending updateCall [TC@3, DISCONNECTED, com.android.phone/com.android.services.telephony.TelephonyConnectionService, tel:****, A, childs(0), has_parent(false), [Capabilities: CAPABILITY_SUPPORT_HOLD CAPABILITY_MUTE CAPABILITY_CANNOT_DOWNGRADE_VIDEO_TO_AUDIO CAPABILITY_SPEED_UP_MT_AUDIO], [Properties:]]: CSW.sDc@Aas
06-29 10:05:07.748  5485  5485 I Dialer  : DialerCallListenerImpl.onDialerCallDisconnect - [DialerCall_1, DISCONNECTED, [Capabilities: CAPABILITY_SUPPORT_HOLD CAPABILITY_MUTE CAPABILITY_CANNOT_DOWNGRADE_VIDEO_TO_AUDIO], [Properties:], children:[], parent:null, conferenceable:[], videoState:Audio Only, mSessionModificationState:0, CameraDir:-1]
06-29 10:05:07.748  5485  5485 I Dialer  : EnrichedCallManagerImpl.onDisconnect - enter
06-29 10:05:07.749  5485  5485 I Dialer  : EnrichedCallManagerImpl.onDisconnect - disconnected call with no enriched call session
06-29 10:05:07.756  1600  2105 I Telecom : InCallController: Components updated: [ComponentInfo{com.google.android.dialer/com.android.incallui.InCallServiceImpl}]: CSW.sDc@Aas
06-29 10:05:07.761  5485  5485 I Dialer  : InCallPresenter.onCallListChange - Phone switching state: INCOMING -> INCALL
06-29 10:05:07.761  5485  5485 I Dialer  : VideoPauseController.onStateChange - hasPrimaryCallChanged: true, videoCanPause: false, isInBackground: false
06-29 10:05:07.773  1600  2105 I Telecom : TelecomWakeLock: Releasing WakeLock with id: 26: CSW.sDc@Aas
06-29 10:05:07.778  1600  2105 I Telecom : InCallWakeLockController: Releasing full wake lock: CSW.sDc@Aas
06-29 10:05:07.780  1600  1600 D GpsNetInitiatedHandler: onCallStateChanged(): state is 0
06-29 10:05:07.790  5485  5485 I Dialer  : VideoPauseController.onPrimaryCallChanged - new call: null, old call: [DialerCall_1, DISCONNECTED, [Capabilities: CAPABILITY_SUPPORT_HOLD CAPABILITY_MUTE CAPABILITY_CANNOT_DOWNGRADE_VIDEO_TO_AUDIO], [Properties:], children:[], parent:null, conferenceable:[], videoState:Audio Only, mSessionModificationState:0, CameraDir:-1], mIsInBackground: false
06-29 10:05:07.790  5485  5485 I Dialer  : StatusBarNotifier.cancelNotification - cancel
06-29 10:05:07.798  2175  4109 I TelephonySpam: TelephonySpamInit - scheduleCallLogTask
06-29 10:05:07.819  1600  2105 I Telecom : PhoneStateBroadcaster: Broadcasted state change: 0: CSW.sDc@Aas
06-29 10:05:07.819  1600  2105 I Telecom : IncomingCallNotifier: updateIncomingCall: foundIncomingcall = null: CSW.sDc@Aas
06-29 10:05:07.820  1600  1885 I Telecom : CallAudioRouteStateMachine: setSystemAudioState: changing from [AudioState isMuted: false, route: EARPIECE, supportedRouteMask: EARPIECE, SPEAKER] to [AudioState isMuted: false, route: EARPIECE, supportedRouteMask: EARPIECE, SPEAKER]: CSW.sDc->CARSM.pM_UPDATE_SYSTEM_AUDIO_ROUTE@Aas
06-29 10:05:07.820  1600  1885 I Telecom : InCallController: Calling onAudioStateChanged, audioState: [AudioState isMuted: false, route: EARPIECE, supportedRouteMask: EARPIECE, SPEAKER] -> [AudioState isMuted: false, route: EARPIECE, supportedRouteMask: EARPIECE, SPEAKER]: CSW.sDc->CARSM.pM_UPDATE_SYSTEM_AUDIO_ROUTE@Aas
06-29 10:05:07.823  1600  2105 I Telecom : ConnectionServiceWrapper: Service unbound ComponentInfo{com.android.phone/com.android.services.telephony.TelephonyConnectionService}, from unbind.: CSW.rC@Aaw
06-29 10:05:07.827  1600  1614 W BroadcastQueue: Permission Denial: receiving Intent { act=android.intent.action.PHONE_STATE flg=0x1000010 (has extras) } to ProcessRecord{89d0980 4877:com.mapfactor.navigator:Notifications/u0a88} (pid=4877, uid=10088) requires android.permission.READ_PRIVILEGED_PHONE_STATE due to sender android (uid 1000)
06-29 10:05:07.842  1600  1614 W BroadcastQueue: Permission Denial: receiving Intent { act=android.intent.action.PHONE_STATE flg=0x1000010 (has extras) } to ProcessRecord{8d7ec42 1704:com.android.systemui/u0a29} (pid=1704, uid=10029) requires android.permission.READ_PHONE_STATE due to sender android (uid 1000)
06-29 10:05:07.842  5485  5485 I Dialer  : EnrichedCallManagerImpl.unregisterCapabilitiesListener - listener: [DialerCall_1, DISCONNECTED, [Capabilities: CAPABILITY_SUPPORT_HOLD CAPABILITY_MUTE CAPABILITY_CANNOT_DOWNGRADE_VIDEO_TO_AUDIO], [Properties:], children:[], parent:null, conferenceable:[], videoState:Audio Only, mSessionModificationState:0, CameraDir:-1]
06-29 10:05:07.846  5485  5485 I Dialer  : EnrichedCallManagerImpl.unregisterStateChangedListener - listener: [DialerCall_1, DISCONNECTED, [Capabilities: CAPABILITY_SUPPORT_HOLD CAPABILITY_MUTE CAPABILITY_CANNOT_DOWNGRADE_VIDEO_TO_AUDIO], [Properties:], children:[], parent:null, conferenceable:[], videoState:Audio Only, mSessionModificationState:0, CameraDir:-1]
06-29 10:05:07.847  5485  5485 I Dialer  : DialerCall.setState - ignoring state transition from DISCONNECTED to DISCONNECTED. Duration would have changed from 0 to 0
06-29 10:05:07.849  5485  5485 I Dialer  : CallList.onUpdateCall - [DialerCall_1, DISCONNECTED, [Capabilities: CAPABILITY_SUPPORT_HOLD CAPABILITY_MUTE CAPABILITY_CANNOT_DOWNGRADE_VIDEO_TO_AUDIO], [Properties:], children:[], parent:null, conferenceable:[], videoState:Audio Only, mSessionModificationState:0, CameraDir:-1]
06-29 10:05:07.849  5485  5485 I Dialer  : InCallPresenter.onCallListChange - Phone switching state: INCALL -> INCALL
06-29 10:05:07.849  5485  5485 I Dialer  : VideoPauseController.onStateChange - hasPrimaryCallChanged: false, videoCanPause: false, isInBackground: false
06-29 10:05:07.862  5485  5485 I Dialer  : EnrichedCallManagerImpl.unregisterCapabilitiesListener - listener: [DialerCall_1, DISCONNECTED, [Capabilities: CAPABILITY_SUPPORT_HOLD CAPABILITY_MUTE CAPABILITY_CANNOT_DOWNGRADE_VIDEO_TO_AUDIO], [Properties:], children:[], parent:null, conferenceable:[], videoState:Audio Only, mSessionModificationState:0, CameraDir:-1]
06-29 10:05:07.864  5485  5485 I Dialer  : EnrichedCallManagerImpl.unregisterStateChangedListener - listener: [DialerCall_1, DISCONNECTED, [Capabilities: CAPABILITY_SUPPORT_HOLD CAPABILITY_MUTE CAPABILITY_CANNOT_DOWNGRADE_VIDEO_TO_AUDIO], [Properties:], children:[], parent:null, conferenceable:[], videoState:Audio Only, mSessionModificationState:0, CameraDir:-1]
06-29 10:05:07.895  1600  2105 I Telecom : CallsManager: handleConnectionServiceDeath: service com.android.server.telecom.ConnectionServiceWrapper@78c017d died: CSW.rC@Aaw
06-29 10:05:07.895  1600  2105 I Telecom : Event: RecordEntry TC@3: DESTROYED, null: CSW.rC@Aaw
06-29 10:05:07.896  1600  2105 I Telecom : InCallController: onCallRemoved: [TC@3, DISCONNECTED, null, tel:****, A, childs(0), has_parent(false), [Capabilities: CAPABILITY_SUPPORT_HOLD CAPABILITY_MUTE CAPABILITY_CANNOT_DOWNGRADE_VIDEO_TO_AUDIO CAPABILITY_SPEED_UP_MT_AUDIO], [Properties:]]: CSW.rC@Aaw
06-29 10:05:07.896  1600  2105 I Telecom : TelecomWakeLock: WakeLock already released with id: 26: CSW.rC@Aaw
06-29 10:05:07.923  1600  2105 I Telecom : InCallWakeLockController: Releasing full wake lock: CSW.rC@Aaw
06-29 10:05:07.924  1600  2105 I Telecom : ProximitySensorManager: All calls removed, resetting proximity sensor to default state: CSW.rC@Aaw
06-29 10:05:07.925  1600  2105 I Telecom : TelecomWakeLock: WakeLock already released with id: 32: CSW.rC@Aaw
06-29 10:05:08.013  1600  2105 I Telecom : IncomingCallNotifier: updateIncomingCall: foundIncomingcall = null: CSW.rC@Aaw
06-29 10:05:08.023  1600  1600 D MediaSessionService: Global priority session is updated, active=false
06-29 10:05:08.090  1833 10827 D CallNotifier: SignalInfoTonePlayer.run(toneId = 98)...
06-29 10:05:08.090  1833 10827 D CallNotifier: mSignalInfoToneGenerator created already, hence skipping
06-29 10:05:08.206  5485  5485 W Dialer  : CallList.onCallRemoved - Removing call not previously disconnected DialerCall_1
06-29 10:05:08.212  3472  3472 I Choreographer: Skipped 47 frames!  The application may be doing too much work on its main thread.
06-29 10:05:08.211  5485  5485 I Dialer  : VideoShareManager.unregisterListener - enter
06-29 10:05:08.212  5485  5485 I Dialer  : EnrichedCallManagerImpl.unregisterCapabilitiesListener - listener: bca@ac2c9b6
06-29 10:05:08.212  5485  5485 I Dialer  : InCallPresenter.attemptFinishActivity - Hide in call UI: false
06-29 10:05:08.212  5485  5485 I Dialer  : InCallPresenter.onCallListChange - Phone switching state: INCALL -> NO_CALLS
06-29 10:05:08.213  5485  5485 I Dialer  : VideoPauseController.onStateChange - hasPrimaryCallChanged: false, videoCanPause: false, isInBackground: false
06-29 10:05:08.213  5485  5485 I Dialer  : InCallPresenter.onCallListChange - Phone switching state: NO_CALLS -> NO_CALLS
06-29 10:05:08.214  5485  5485 I Dialer  : VideoPauseController.onStateChange - hasPrimaryCallChanged: false, videoCanPause: false, isInBackground: false
06-29 10:05:08.214  5485  5485 I Dialer  : InCallPresenter.onCallListChange - Phone switching state: NO_CALLS -> NO_CALLS
06-29 10:05:08.215  5485  5485 I Dialer  : VideoPauseController.onStateChange - hasPrimaryCallChanged: false, videoCanPause: false, isInBackground: false
06-29 10:05:08.272  3472  3472 I net.osmand: RoutingHelper Recalculate route, because correlation  : 185336.71724773265
06-29 10:05:08.277  3472  3472 I net.osmand: RoutingHelper Recalculate route, because wrong movement direction: 185336.72
06-29 10:05:08.285  1704  1704 I zygote  : Deoptimizing void com.android.systemui.statusbar.stack.ViewState$7.onAnimationEnd(android.animation.Animator) due to JIT inline cache
06-29 10:05:08.295  3472  3472 I net.osmand: TTSCommandPlayerImpl Send message to pebble desviou-se da rota por  185 quilómetros 
06-29 10:05:08.295  3472  3472 D net.osmand: TTSCommandPlayerImpl ttsRequests=2
06-29 10:05:08.313  3472  3472 I net.osmand: RoutingHelper Recalculate route, because correlation  : 185336.71724773265
06-29 10:05:08.404  1704  1704 D StatusBar: disable<e i a s b h r c s q >
06-29 10:05:08.423  1600  1885 I Telecom : CallAudioRouteStateMachine: Message received: SWITCH_FOCUS=4001, arg1=1: CSW.sDc->CAMSM.pM_1002->CARSM.pM_SWITCH_FOCUS@Aas
06-29 10:05:08.423  1600  1885 I Telecom : CallAudioRouteStateMachine: turning speaker phone false: CSW.sDc->CAMSM.pM_1002->CARSM.pM_SWITCH_FOCUS@Aas
06-29 10:05:08.428  1600  1885 I Telecom : Logging.Events: Non-call EVENT: UNMUTE, null: CSW.sDc->CAMSM.pM_1002->CARSM.pM_SWITCH_FOCUS@Aas
06-29 10:05:08.430  1390  1562 W DeviceHAL: Device 0xac9b2d00 get_mic_mute: Function not implemented
06-29 10:05:08.432  1600  1885 I Telecom : Logging.Events: Non-call EVENT: AUDIO_ROUTE, Leaving state ActiveEarpieceRoute: CSW.sDc->CAMSM.pM_1002->CARSM.pM_SWITCH_FOCUS@Aas
06-29 10:05:08.432  1600  1885 I Telecom : Logging.Events: Non-call EVENT: AUDIO_ROUTE, Entering state QuiescentEarpieceRoute: CSW.sDc->CAMSM.pM_1002->CARSM.pM_SWITCH_FOCUS@Aas
06-29 10:05:08.497  3472  3472 I net.osmand: RoutingHelper Recalculate route, because correlation  : 185336.71724773265
06-29 10:05:08.498  3472  3472 I net.osmand: RoutingHelper Recalculate route, because wrong movement direction: 185336.72
06-29 10:05:08.513  1704  1929 D EGL_emulation: eglMakeCurrent: 0x9e4046c0: ver 2 0 (tinfo 0x9e403690)
06-29 10:05:08.526  1398  1398 D gralloc_ranchu: gralloc_alloc: Creating ashmem region of size 274432
06-29 10:05:08.563  1704  1929 D EGL_emulation: eglMakeCurrent: 0x9e4046c0: ver 2 0 (tinfo 0x9e403690)
06-29 10:05:08.592  1398  1398 D gralloc_ranchu: gralloc_alloc: Creating ashmem region of size 274432
06-29 10:05:08.637  1398  1398 D gralloc_ranchu: gralloc_alloc: Creating ashmem region of size 274432
06-29 10:05:08.768  5485  5491 I zygote  : Do partial code cache collection, code=47KB, data=63KB
06-29 10:05:08.832  1390  2659 W audio_hw_generic: Not supplying enough data to HAL, expected position 33755064 , only wrote 33755040
06-29 10:05:08.853  5485  5491 I zygote  : After code cache collection, code=47KB, data=63KB
06-29 10:05:08.853  5485  5491 I zygote  : Increasing code cache capacity to 256KB
06-29 10:05:08.863  3472  3472 I net.osmand: RoutingHelper Recalculate route, because correlation  : 185336.71724773265
06-29 10:05:09.160  3472  3472 I net.osmand: RoutingHelper Recalculate route, because correlation  : 185312.72600731818
06-29 10:05:09.162  3472  3472 I net.osmand: RoutingHelper Recalculate route, because wrong movement direction: 185312.72
06-29 10:05:09.255  5191  5280 I TTS.GoogleTTSServiceImp: Synthesis request for locale por-BRA and name pt-BR-language
06-29 10:05:09.257  5191  5280 I TTS.GoogleTTSServiceImp: TTS dispatch: pt-br-x-afs-lstm-embedded
06-29 10:05:09.419  1600  4840 I WifiService: acquireWifiLock uid=10014 lockMode=2
06-29 10:05:09.455  1600  4840 I ActivityManager: Start proc 10829:com.android.calllogbackup/u0a2 for broadcast com.android.calllogbackup/.CallLogChangeReceiver
06-29 10:05:09.458 10829 10829 W zygote  : Unexpected CPU variant for X86 using defaults: x86
06-29 10:05:09.499  3472  3472 I net.osmand: RoutingHelper Recalculate route, because correlation  : 185312.72600731818
06-29 10:05:09.548 10829 10829 I zygote  : The ClassLoaderContext is a special shared library.
06-29 10:05:09.623  3472  3472 I net.osmand: RoutingHelper Recalculate route, because correlation  : 185312.72600731818
06-29 10:05:09.624  3472  3472 I net.osmand: RoutingHelper Recalculate route, because wrong movement direction: 185312.72
06-29 10:05:09.635  3472  3472 I net.osmand: RoutingHelper Recalculate route, because correlation  : 185312.72600731818
06-29 10:05:09.657  1600  4840 I WifiService: releaseWifiLock uid=10014
06-29 10:05:09.899  1600  1600 I Telecom : EmergencyInCallServiceConnection: Disconnect forced!: CSW.rC->ICC.oCR@Aaw
06-29 10:05:09.904  5485  5485 I Dialer  : InCallPresenter.setBoundAndWaitingForOutgoingCall - setBoundAndWaitingForOutgoingCall: false
06-29 10:05:09.904  5485  5485 I Dialer  : InCallPresenter.onCallListChange - Phone switching state: NO_CALLS -> NO_CALLS
06-29 10:05:09.905  5485  5485 I Dialer  : VideoPauseController.onStateChange - hasPrimaryCallChanged: false, videoCanPause: false, isInBackground: false
06-29 10:05:09.915  5485  5485 I Dialer  : InCallPresenter.attemptCleanup - Cleaning up
06-29 10:05:09.916  5485  5485 I Dialer  : ProximitySensor.turnOffProximitySensor - wake lock already released
06-29 10:05:09.916  5485  5485 I Dialer  : EnrichedCallManagerImpl.unregisterStateChangedListener - listener: bmz@c5cf8d5
06-29 10:05:09.916  5485  5485 I Dialer  : VideoPauseController.tearDown - enter
06-29 10:05:09.958  5191  5294 D AudioTrack: stop() called with 67100 frames delivered
06-29 10:05:09.963  1600  2660 V MediaRouterService: restoreBluetoothA2dp(false)
06-29 10:05:09.966  3472  7327 D net.osmand: TTSCommandPlayerImpl ttsRequests=1
06-29 10:05:09.968  5191  5294 D AudioTrack: Client defaulted notificationFrames to 1365 for frameCount 4096
06-29 10:05:10.028  1600  4486 V MediaRouterService: restoreBluetoothA2dp(false)
06-29 10:05:10.467  3472  3472 I net.osmand: RoutingHelper Recalculate route, because correlation  : 185312.72600731818
06-29 10:05:10.467  3472  3472 I net.osmand: RoutingHelper Recalculate route, because wrong movement direction: 185312.72
06-29 10:05:10.486  3472  3472 I net.osmand: RoutingHelper Recalculate route, because correlation  : 185312.72600731818
06-29 10:05:10.940  3472  3482 I zygote  : Background concurrent copying GC freed 429980(9MB) AllocSpace objects, 0(0B) LOS objects, 17% free, 28MB/34MB, paused 1.244ms total 1.875s
06-29 10:05:11.054  3472  3472 I net.osmand: RoutingHelper Recalculate route, because correlation  : 185288.91432104862
06-29 10:05:11.054  3472  3472 I net.osmand: RoutingHelper Recalculate route, because wrong movement direction: 185288.92
06-29 10:05:11.059  3472  3472 I net.osmand: RoutingHelper Recalculate route, because correlation  : 185288.91432104862
06-29 10:05:11.326  3472  3472 I net.osmand: RoutingHelper Recalculate route, because correlation  : 185288.91432104862
06-29 10:05:11.326  3472  3472 I net.osmand: RoutingHelper Recalculate route, because wrong movement direction: 185288.92
06-29 10:05:11.342  3472  3472 I net.osmand: RoutingHelper Recalculate route, because correlation  : 185288.91432104862
06-29 10:05:11.611  2923  2955 I Finsky  : [139] imb.run(3): Stats for Executor: BlockingExecutor ink@19dc107[Running, pool size = 0, active threads = 0, queued tasks = 0, completed tasks = 20]
06-29 10:05:11.612  2923  2955 I Finsky  : [139] imb.run(3): Stats for Executor: LightweightExecutor ink@3658234[Running, pool size = 2, active threads = 0, queued tasks = 0, completed tasks = 63]
06-29 10:05:12.058  1390  2659 W audio_hw_generic: Not supplying enough data to HAL, expected position 33909887 , only wrote 33909120
06-29 10:05:12.079  1390  2659 W audio_hw_generic: Not supplying enough data to HAL, expected position 33910148 , only wrote 33909120
06-29 10:05:12.398  3472  3472 I net.osmand: RoutingHelper Recalculate route, because correlation  : 185264.8826166385
06-29 10:05:12.398  3472  3472 I net.osmand: RoutingHelper Recalculate route, because wrong movement direction: 185264.88
06-29 10:05:12.449  3472  3496 I net.osmand: MapRenderRepositories RENDER MAP: update due to tile box
06-29 10:05:12.449  3472  3496 I net.osmand: MapRenderRepositories RENDER MAP: Interrupt rendering map
06-29 10:05:12.552  3472  3472 I net.osmand: RoutingHelper Recalculate route, because correlation  : 185264.8826166385
06-29 10:05:12.568  3472  3496 I net.osmand: MapRenderRepositories RENDER MAP: update due to tile box
06-29 10:05:12.569  3472  3496 I net.osmand: MapRenderRepositories RENDER MAP: Interrupt rendering map
06-29 10:05:12.621  3472  3472 I net.osmand: RoutingHelper Recalculate route, because correlation  : 185288.91432104862
06-29 10:05:12.621  3472  3472 I net.osmand: RoutingHelper Recalculate route, because wrong movement direction: 185288.92
06-29 10:05:12.649  3472  3472 I net.osmand: RoutingHelper Recalculate route, because correlation  : 185288.91432104862
06-29 10:05:12.941  3472  3495 I net.osmand: MapRenderRepositories RENDER MAP: new request RotatedTileBox [lat=-7.226913333333332, lon=-35.89991333333333, rotate=0.0, density=2.625, zoom=17, mapDensity=3.9375, zoomAnimation=0.0, zoomFloatPart=0.0, cx=900, cy=1972, pixWidth=1800, pixHeight=2690]
06-29 10:05:13.010  3472  3495 I net.osmand:native: Route objects 77
06-29 10:05:13.010  3472  3495 I net.osmand:native: Ocean: no completed & incompleted coastlines 0
06-29 10:05:13.010  3472  3495 I net.osmand:native: Detailed coastlines = 0, basemap coastlines 0, ocean tile 0.000000. Detailed added 0, basemap processed 1, basemap added 0.
06-29 10:05:13.010  3472  3495 I net.osmand:native: Search : tree - read( 500), accept( 41), objs - visit( 2677), accept(108), in result(77) 
06-29 10:05:13.010  3472  3495 I net.osmand: MapRenderRepositories BLat=-7.229209017753601, TLat=-7.221224236488342, LLong=-35.902366638183594, RLong=-35.8974609375, zoom=17
06-29 10:05:13.011  3472  3495 I net.osmand: MapRenderRepositories Native search: 69 ms 
06-29 10:05:13.016  3472  3495 I net.osmand:native: Creating SkBitmap in native w:1800 h:2690 s:7200 f:1!
06-29 10:05:13.016  3472  3495 I net.osmand:native: Row bytes for RGBA_8888 is 7200
06-29 10:05:13.016  3472  3495 I net.osmand:native: Locked 19368000 bytes at 0x69700000
06-29 10:05:13.016  3472  3495 I net.osmand:native: Initializing rendering
06-29 10:05:13.018  3472  3495 I net.osmand:native: Rendering image
06-29 10:05:13.048  2923  2955 I Finsky  : [139] imb.run(3): Stats for Executor: bgExecutor ink@81c785d[Running, pool size = 4, active threads = 0, queued tasks = 0, completed tasks = 53]
06-29 10:05:13.288  3472  3495 I net.osmand:native: Native ok (rendering 0, text 152 ms) 
06-29 10:05:13.288  3472  3495 I net.osmand:native:  (2374 points, 333 points inside, 141 of 167 objects visible)
06-29 10:05:13.289  3472  3495 I net.osmand:native: End Rendering image
06-29 10:05:13.289  3472  3495 I net.osmand:native: Native ok (init 1, rendering 0) 
06-29 10:05:13.290  3472  3495 I net.osmand: MapRenderRepositories true
06-29 10:05:13.418  3472  3472 I net.osmand: RoutingHelper Recalculate route, because correlation  : 185264.8826166385
06-29 10:05:13.418  3472  3472 I net.osmand: RoutingHelper Recalculate route, because wrong movement direction: 185264.88
06-29 10:05:13.467  3472  3472 I net.osmand: RoutingHelper Recalculate route, because correlation  : 185264.8826166385
06-29 10:05:13.546  1390  2659 W audio_hw_generic: Not supplying enough data to HAL, expected position 33979513 , only wrote 33978960
06-29 10:05:13.546  1390  2659 W audio_hw_generic: Not supplying enough data to HAL, expected position 33978978 , only wrote 33978960
06-29 10:05:13.563  1390  2659 W audio_hw_generic: Not supplying enough data to HAL, expected position 33979748 , only wrote 33979680
06-29 10:05:13.568  1473  1561 D AudioFlinger: mixer(0xa6c83380) throttle end: throttle time(5)
06-29 10:05:13.796  3472  3472 I net.osmand: RoutingHelper Recalculate route, because correlation  : 185240.89184597204
06-29 10:05:13.796  3472  3472 I net.osmand: RoutingHelper Recalculate route, because wrong movement direction: 185240.89
06-29 10:05:13.972  3472  3472 I net.osmand: RoutingHelper Recalculate route, because correlation  : 185240.89184597204
06-29 10:05:14.412  5191  5294 D AudioTrack: stop() called with 94050 frames delivered
06-29 10:05:14.418  1600  2131 V MediaRouterService: restoreBluetoothA2dp(false)
06-29 10:05:14.436  3472  3484 D net.osmand: AbstractPrologCommandPlayer abandonAudioFocus
06-29 10:05:14.436  1600  1792 I MediaFocusControl: abandonAudioFocus() from uid/pid 10104/3472 clientId=android.media.AudioManager@d05fab5net.osmand.plus.api.AudioFocusHelperImpl@c6f235e
06-29 10:05:14.436  3472  3484 D net.osmand: TTSCommandPlayerImpl ttsRequests=0
06-29 10:05:14.453  3472  3472 I net.osmand: RoutingHelper Recalculate route, because correlation  : 185240.89184597204
06-29 10:05:14.453  3472  3472 I net.osmand: RoutingHelper Recalculate route, because wrong movement direction: 185240.89
06-29 10:05:14.495  3472  3472 I net.osmand: RoutingHelper Recalculate route, because correlation  : 185240.89184597204
06-29 10:05:14.563  3472  3482 I zygote  : Background concurrent copying GC freed 417131(9MB) AllocSpace objects, 0(0B) LOS objects, 18% free, 26MB/32MB, paused 1.368ms total 739.368ms
06-29 10:05:14.843  1390  2659 W audio_hw_generic: Not supplying enough data to HAL, expected position 34041133 , only wrote 34040880
06-29 10:05:14.845  1390  2659 W audio_hw_generic: Not supplying enough data to HAL, expected position 34040958 , only wrote 34040880
06-29 10:05:14.861  1390  2659 W audio_hw_generic: Not supplying enough data to HAL, expected position 34041674 , only wrote 34041600
06-29 10:05:14.953  1390  2659 W audio_hw_generic: Not supplying enough data to HAL, expected position 34046019 , only wrote 34045200
06-29 10:05:14.955  1390  2659 W audio_hw_generic: Not supplying enough data to HAL, expected position 34045274 , only wrote 34045200
06-29 10:05:14.972  1390  2659 W audio_hw_generic: Not supplying enough data to HAL, expected position 34046010 , only wrote 34045920
06-29 10:05:15.173  1390  2659 W audio_hw_generic: Not supplying enough data to HAL, expected position 34055567 , only wrote 34055280
06-29 10:05:15.196  3472  3472 I net.osmand: RoutingHelper Recalculate route, because correlation  : 185264.8826166385
06-29 10:05:15.257  3472  3472 I net.osmand: RoutingHelper Recalculate route, because correlation  : 185264.8826166385
06-29 10:05:15.257  3472  3472 I net.osmand: RoutingHelper Recalculate route, because wrong movement direction: 185264.88
06-29 10:05:15.421  3472  3472 I net.osmand: RoutingHelper Recalculate route, because correlation  : 185264.8826166385
06-29 10:05:15.421  3472  3472 I net.osmand: RoutingHelper Recalculate route, because wrong movement direction: 185264.88
06-29 10:05:15.525  3472  3472 I net.osmand: RoutingHelper Recalculate route, because correlation  : 185264.8826166385
06-29 10:05:15.843  1390  2659 W audio_hw_generic: Not supplying enough data to HAL, expected position 34087456 , only wrote 34086960
06-29 10:05:15.877  1600  1617 I WifiService: requestActivityInfo uid=1000
06-29 10:05:15.877  1600  1617 I WifiService: reportActivityInfo uid=1000
06-29 10:05:15.877  1600  1617 I WifiService: getSupportedFeatures uid=1000
06-29 10:05:16.332  3472  3472 I net.osmand: RoutingHelper Recalculate route, because correlation  : 185264.8826166385
06-29 10:05:16.372  1390  2659 W audio_hw_generic: Not supplying enough data to HAL, expected position 34112352 , only wrote 34112160
06-29 10:05:16.373  1390  2659 W audio_hw_generic: Not supplying enough data to HAL, expected position 34112228 , only wrote 34112160
06-29 10:05:16.419  3472  3472 I net.osmand: RoutingHelper Recalculate route, because correlation  : 185264.8826166385
06-29 10:05:16.419  3472  3472 I net.osmand: RoutingHelper Recalculate route, because wrong movement direction: 185264.88
06-29 10:05:16.818  3472  3472 I net.osmand: RoutingHelper Recalculate route, because correlation  : 185263.1456869242
06-29 10:05:16.847  3472  3472 I net.osmand: RoutingHelper Recalculate route, because correlation  : 185263.1456869242
06-29 10:05:16.848  3472  3472 I net.osmand: RoutingHelper Recalculate route, because wrong movement direction: 185263.14
06-29 10:05:17.238  3472  3482 I zygote  : Background concurrent copying GC freed 356012(7MB) AllocSpace objects, 0(0B) LOS objects, 19% free, 24MB/30MB, paused 967us total 382.433ms
06-29 10:05:17.325  3472  3472 I net.osmand: RoutingHelper Recalculate route, because correlation  : 185263.1456869242
06-29 10:05:17.325  3472  3472 I net.osmand: RoutingHelper Recalculate route, because wrong movement direction: 185263.14
06-29 10:05:17.425  1390  1562 W audio_hw_generic: Not supplying enough data to HAL, expected position 34212257 , only wrote 34162560
06-29 10:05:17.458  3472  3472 I net.osmand: RoutingHelper Recalculate route, because correlation  : 185263.1456869242
06-29 10:05:18.047  3472  3472 I net.osmand: RoutingHelper Recalculate route, because correlation  : 185263.1456869242
06-29 10:05:18.047  3472  3472 I net.osmand: RoutingHelper Recalculate route, because wrong movement direction: 185263.14
06-29 10:05:18.129  3472  3472 I net.osmand: RoutingHelper Recalculate route, because correlation  : 185263.1456869242
06-29 10:05:18.324  3472  3472 I net.osmand: RoutingHelper Recalculate route, because correlation  : 185263.1456869242
06-29 10:05:18.324  3472  3472 I net.osmand: RoutingHelper Recalculate route, because wrong movement direction: 185263.14
06-29 10:05:18.387  3472  3472 I net.osmand: RoutingHelper Recalculate route, because correlation  : 185263.1456869242
06-29 10:05:19.381  3472  3472 I net.osmand: RoutingHelper Recalculate route, because correlation  : 185263.1456869242
06-29 10:05:19.381  3472  3472 I net.osmand: RoutingHelper Recalculate route, because wrong movement direction: 185263.14
06-29 10:05:19.453  3472  3472 I net.osmand: RoutingHelper Recalculate route, because correlation  : 185239.05705722264
06-29 10:05:19.453  3472  3472 I net.osmand: RoutingHelper Recalculate route, because wrong movement direction: 185239.06
06-29 10:05:19.537  3472  3472 I net.osmand: RoutingHelper Recalculate route, because correlation  : 185239.05705722264
06-29 10:05:19.573 10829 10839 I zygote  : WaitForGcToComplete blocked HeapTrim on None for 9.528ms
06-29 10:05:19.596  3472  3472 I net.osmand: RoutingHelper Recalculate route, because correlation  : 185263.1456869242
06-29 10:05:19.979  3472  3482 I zygote  : Background concurrent copying GC freed 272731(6MB) AllocSpace objects, 0(0B) LOS objects, 19% free, 24MB/30MB, paused 1.379ms total 417.464ms
06-29 10:05:20.319  3472  3472 I net.osmand: RoutingHelper Recalculate route, because correlation  : 185239.05705722264
06-29 10:05:20.319  3472  3472 I net.osmand: RoutingHelper Recalculate route, because wrong movement direction: 185239.06
06-29 10:05:20.321  3472  3472 I net.osmand: RoutingHelper Recalculate route, because correlation  : 185239.05705722264
06-29 10:05:20.746  3472  3472 I net.osmand: RoutingHelper Recalculate route, because correlation  : 185215.0093242405
06-29 10:05:20.808  3472  3472 I net.osmand: RoutingHelper Recalculate route, because correlation  : 185215.0093242405
