06-29 11:21:40.057  1473  1561 D AudioFlinger: mixer(0xa6c83380) throttle end: throttle time(8)
06-29 11:21:40.058  1481 16942 W AudioTrack: getTimestamp() location moved from kernel to server
06-29 11:21:40.092  1481 16942 W AudioTrack: retrograde timestamp position corrected, -96 = 23562 - 23658
06-29 11:21:40.107  1964 16970 W Conscrypt: Could not set socket write timeout: java.net.SocketException: Socket closed
06-29 11:21:40.107  1964 16970 W Conscrypt: 	at com.google.android.gms.org.conscrypt.Platform.setSocketWriteTimeout(:com.google.android.gms@17785022@17.7.85 (040700-253824076):2)
06-29 11:21:40.114  1964 16970 W Conscrypt: 	at com.google.android.gms.org.conscrypt.ConscryptFileDescriptorSocket.setSoWriteTimeout(:com.google.android.gms@17785022@17.7.85 (040700-253824076):2)
06-29 11:21:40.259  1390  2659 W audio_hw_generic: Not supplying enough data to HAL, expected position 82644133 , only wrote 82643760
06-29 11:21:40.261  1390  2659 W audio_hw_generic: Not supplying enough data to HAL, expected position 82643854 , only wrote 82643760
06-29 11:21:40.536  1473  1561 D AudioFlinger: mixer(0xa6c83380) throttle end: throttle time(10)
06-29 11:21:41.073  1964  1973 I zygote  : Compiler allocated 5MB to compile void aohm.a(java.util.Set, long, bpqj, bpqm, java.util.List, java.util.LinkedHashMap, bybi, aohp, boolean, boolean)
06-29 11:21:41.105  1390  2659 W audio_hw_generic: Not supplying enough data to HAL, expected position 82684278 , only wrote 82683360
06-29 11:21:41.191  1473  1561 D AudioFlinger: mixer(0xa6c83380) throttle end: throttle time(2)
06-29 11:21:41.265  1473  1561 D AudioFlinger: mixer(0xa6c83380) throttle end: throttle time(4)
06-29 11:21:41.390  1390  2659 W audio_hw_generic: Not supplying enough data to HAL, expected position 82697052 , only wrote 82697040
06-29 11:21:41.391  1390  2659 W audio_hw_generic: Not supplying enough data to HAL, expected position 82697086 , only wrote 82697040
06-29 11:21:41.409  1390  2659 W audio_hw_generic: Not supplying enough data to HAL, expected position 82697874 , only wrote 82697760
06-29 11:21:41.437  1473  1561 D AudioFlinger: mixer(0xa6c83380) throttle end: throttle time(15)
06-29 11:21:41.561  1390  2659 W audio_hw_generic: Not supplying enough data to HAL, expected position 82705057 , only wrote 82703520
06-29 11:21:41.561  1390  2659 W audio_hw_generic: Not supplying enough data to HAL, expected position 82703529 , only wrote 82703520
06-29 11:21:41.576  1390  2659 W audio_hw_generic: Not supplying enough data to HAL, expected position 82704264 , only wrote 82704240
06-29 11:21:41.589  1473  1561 D AudioFlinger: mixer(0xa6c83380) throttle end: throttle time(12)
06-29 11:21:41.881  1473  1561 D AudioFlinger: mixer(0xa6c83380) throttle end: throttle time(1)
06-29 11:21:42.005  1481 16943 I NuPlayerDecoder: [audio] saw output EOS
06-29 11:21:42.212  1390  2659 W audio_hw_generic: Not supplying enough data to HAL, expected position 82734766 , only wrote 82734480
06-29 11:21:42.213  1390  2659 W audio_hw_generic: Not supplying enough data to HAL, expected position 82734518 , only wrote 82734480
06-29 11:21:42.231  1390  2659 W audio_hw_generic: Not supplying enough data to HAL, expected position 82735309 , only wrote 82735200
06-29 11:21:42.252  1481 16942 D AudioTrack: stop() called with 132300 frames delivered
06-29 11:21:42.265  1390  2659 W audio_hw_generic: Hardware backing HAL too slow, could only write 0 of 720 frames
06-29 11:21:42.310  1390  2659 I chatty  : uid=1041(audioserver) writer identical 3 lines
06-29 11:21:42.325  1390  2659 W audio_hw_generic: Hardware backing HAL too slow, could only write 0 of 720 frames
06-29 11:21:42.619  1481 16939 D NuPlayerDriver: notifyListener_l(0xa8ca5c40), (2, 0, 0, -1), loop setting(1, 0)
06-29 11:21:42.635  1481 16943 I NuPlayerDecoder: [OMX.google.vorbis.decoder] resubmitting CSD
06-29 11:21:42.636  1481 16943 I NuPlayerDecoder: [OMX.google.vorbis.decoder] resubmitting CSD
06-29 11:21:42.652  1481 16939 D NuPlayerDriver: notifyListener_l(0xa8ca5c40), (6, 0, 0, -1), loop setting(1, 0)
06-29 11:21:42.706  1481 16942 W AudioTrack: getTimestamp() location moved from kernel to server
06-29 11:21:42.830  3472  3482 I zygote  : WaitForGcToComplete blocked Background on None for 45.841ms
06-29 11:21:42.842  1390  2659 W audio_hw_generic: Not supplying enough data to HAL, expected position 82764569 , only wrote 82764000
06-29 11:21:42.881  1473  1561 D AudioFlinger: mixer(0xa6c83380) throttle end: throttle time(2)
06-29 11:21:43.074  1390  2659 W audio_hw_generic: Not supplying enough data to HAL, expected position 82775131 , only wrote 82774800
06-29 11:21:43.094  1390  2659 W audio_hw_generic: Not supplying enough data to HAL, expected position 82775737 , only wrote 82775520
06-29 11:21:43.231  1481 16942 W AudioTrack: getTimestamp() location moved from kernel to server
06-29 11:21:43.275  1390  2659 W audio_hw_generic: Not supplying enough data to HAL, expected position 82784190 , only wrote 82783440
06-29 11:21:43.291  1390  2659 W audio_hw_generic: Not supplying enough data to HAL, expected position 82784208 , only wrote 82784160
06-29 11:21:43.559  3472  3482 I zygote  : Background concurrent copying GC freed 329369(7MB) AllocSpace objects, 0(0B) LOS objects, 24% free, 18MB/24MB, paused 1.294ms total 727.409ms
06-29 11:21:43.565  1390  2659 W audio_hw_generic: Not supplying enough data to HAL, expected position 82797266 , only wrote 82797120
06-29 11:21:43.566  1390  2659 W audio_hw_generic: Not supplying enough data to HAL, expected position 82797225 , only wrote 82797120
06-29 11:21:43.694  1481 16942 W AudioTrack: getTimestamp() location moved from kernel to server
06-29 11:21:43.762  1390  2659 W audio_hw_generic: Not supplying enough data to HAL, expected position 82806517 , only wrote 82806480
06-29 11:21:43.777  1390  2659 W audio_hw_generic: Not supplying enough data to HAL, expected position 82807206 , only wrote 82807200
06-29 11:21:44.579  1390  2659 W audio_hw_generic: Not supplying enough data to HAL, expected position 82845729 , only wrote 82845360
06-29 11:21:44.580  1390  2659 W audio_hw_generic: Not supplying enough data to HAL, expected position 82845388 , only wrote 82845360
06-29 11:21:44.598  1390  2659 W audio_hw_generic: Not supplying enough data to HAL, expected position 82846226 , only wrote 82846080
06-29 11:21:44.893  1390  2659 W audio_hw_generic: Not supplying enough data to HAL, expected position 82860232 , only wrote 82858320
06-29 11:21:44.893  1390  2659 W audio_hw_generic: Not supplying enough data to HAL, expected position 82858338 , only wrote 82858320
06-29 11:21:44.909  1390  2659 W audio_hw_generic: Not supplying enough data to HAL, expected position 82859080 , only wrote 82859040
06-29 11:21:44.942  1481 16942 W AudioTrack: getTimestamp() location moved from kernel to server
06-29 11:21:44.945  1473  1561 D AudioFlinger: mixer(0xa6c83380) throttle end: throttle time(5)
06-29 11:21:45.073  1390  2659 W audio_hw_generic: Not supplying enough data to HAL, expected position 82866887 , only wrote 82866240
06-29 11:21:45.073  1390  2659 W audio_hw_generic: Not supplying enough data to HAL, expected position 82866253 , only wrote 82866240
06-29 11:21:45.075  1473  1561 D AudioFlinger: mixer(0xa6c83380) throttle end: throttle time(8)
06-29 11:21:45.089  1390  2659 W audio_hw_generic: Not supplying enough data to HAL, expected position 82867012 , only wrote 82866960
06-29 11:21:45.332  1390  2659 W audio_hw_generic: Not supplying enough data to HAL, expected position 82878609 , only wrote 82878480
06-29 11:21:45.341  1481 16943 I NuPlayerDecoder: [audio] saw output EOS
06-29 11:21:45.343  1481 16942 D AudioTrack: stop() called with 132300 frames delivered
06-29 11:21:45.377  1473  1561 D AudioFlinger: mixer(0xa6c83380) throttle end: throttle time(6)
06-29 11:21:45.847  1481 16939 D NuPlayerDriver: notifyListener_l(0xa8ca5c40), (2, 0, 0, -1), loop setting(1, 0)
06-29 11:21:45.867  1481 16943 I NuPlayerDecoder: [OMX.google.vorbis.decoder] resubmitting CSD
06-29 11:21:45.868  1481 16943 I NuPlayerDecoder: [OMX.google.vorbis.decoder] resubmitting CSD
06-29 11:21:45.908  1481 16939 D NuPlayerDriver: notifyListener_l(0xa8ca5c40), (6, 0, 0, -1), loop setting(1, 0)
06-29 11:21:45.981  1481 16942 W AudioTrack: getTimestamp() location moved from kernel to server
06-29 11:21:45.984  1481 16942 W NuPlayerRenderer: getPendingAudioPlayoutDurationUs: pendingUs -13702 < 0, clamping to zero, potential resume after pause writtenAudioDurationUs: 23219, audioSinkPlayedUs: 36921
06-29 11:21:46.011  1481 16942 W AudioTrack: retrograde timestamp position corrected, -888 = 8 - 896
06-29 11:21:46.128  1390  2659 W audio_hw_generic: Not supplying enough data to HAL, expected position 82916713 , only wrote 82916640
06-29 11:21:46.129  1390  2659 W audio_hw_generic: Not supplying enough data to HAL, expected position 82916660 , only wrote 82916640
06-29 11:21:46.145  1390  2659 W audio_hw_generic: Not supplying enough data to HAL, expected position 82917449 , only wrote 82917360
06-29 11:21:46.207  1390  2659 W audio_hw_generic: Not supplying enough data to HAL, expected position 82920323 , only wrote 82920240
06-29 11:21:46.208  1390  2659 W audio_hw_generic: Not supplying enough data to HAL, expected position 82920259 , only wrote 82920240
06-29 11:21:46.210  1481 16942 W AudioTrack: getTimestamp() location moved from kernel to server
06-29 11:21:46.226  1390  2659 W audio_hw_generic: Not supplying enough data to HAL, expected position 82921098 , only wrote 82920960
06-29 11:21:46.385  3472  3482 I zygote  : Background concurrent copying GC freed 320238(7MB) AllocSpace objects, 0(0B) LOS objects, 24% free, 18MB/24MB, paused 4.002ms total 843.785ms
06-29 11:21:46.481  1390  2659 W audio_hw_generic: Not supplying enough data to HAL, expected position 82933218 , only wrote 82933200
06-29 11:21:46.510  1390  2659 W audio_hw_generic: Not supplying enough data to HAL, expected position 82934607 , only wrote 82933920
06-29 11:21:46.529  1390  2659 W audio_hw_generic: Not supplying enough data to HAL, expected position 82934838 , only wrote 82934640
06-29 11:21:46.530  1390  2659 W audio_hw_generic: Not supplying enough data to HAL, expected position 82934673 , only wrote 82934640
06-29 11:21:46.551  1390  2659 W audio_hw_generic: Not supplying enough data to HAL, expected position 82935627 , only wrote 82935360
06-29 11:21:46.697  1390  2659 W audio_hw_generic: Not supplying enough data to HAL, expected position 82942365 , only wrote 82941120
06-29 11:21:47.036  1390  2659 W audio_hw_generic: Not supplying enough data to HAL, expected position 82957412 , only wrote 82956960
06-29 11:21:47.240  1390  2659 W audio_hw_generic: Not supplying enough data to HAL, expected position 82966764 , only wrote 82963440
06-29 11:21:47.241  1390  2659 W audio_hw_generic: Not supplying enough data to HAL, expected position 82963491 , only wrote 82963440
06-29 11:21:47.249  1481 16942 W AudioTrack: getTimestamp() location moved from kernel to server
06-29 11:21:47.286  1473  1561 D AudioFlinger: mixer(0xa6c83380) throttle end: throttle time(12)
06-29 11:21:47.287  1390  2659 W audio_hw_generic: Not supplying enough data to HAL, expected position 82965629 , only wrote 82965600
06-29 11:21:47.937  1390  2659 W audio_hw_generic: Not supplying enough data to HAL, expected position 82996811 , only wrote 82995840
06-29 11:21:47.952  1390  2659 W audio_hw_generic: Not supplying enough data to HAL, expected position 82996567 , only wrote 82996560
06-29 11:21:48.455  1390  2659 W audio_hw_generic: Hardware backing HAL too slow, could only write 0 of 720 frames
06-29 11:21:48.470  1390  2659 W audio_hw_generic: Not supplying enough data to HAL, expected position 83021391 , only wrote 83021040
06-29 11:21:48.471  1390  2659 W audio_hw_generic: Not supplying enough data to HAL, expected position 83021103 , only wrote 83021040
06-29 11:21:48.471  1390  2659 W audio_hw_generic: Hardware backing HAL too slow, could only write 0 of 720 frames
06-29 11:21:48.487  1390  2659 W audio_hw_generic: Not supplying enough data to HAL, expected position 83021803 , only wrote 83021760
06-29 11:21:48.487  1600  2206 I WifiService: acquireWifiLock uid=10014 lockMode=2
06-29 11:21:48.610  1390  2659 W audio_hw_generic: Not supplying enough data to HAL, expected position 83027662 , only wrote 83027520
06-29 11:21:48.611  1390  2659 W audio_hw_generic: Not supplying enough data to HAL, expected position 83027580 , only wrote 83027520
06-29 11:21:48.626  1390  2659 W audio_hw_generic: Not supplying enough data to HAL, expected position 83028253 , only wrote 83028240
06-29 11:21:48.642  1473  1561 D AudioFlinger: mixer(0xa6c83380) throttle end: throttle time(9)
06-29 11:21:48.727  1481 16943 I NuPlayerDecoder: [audio] saw output EOS
06-29 11:21:48.728  1481 16942 W AudioTrack: getTimestamp() location moved from kernel to server
06-29 11:21:48.728  1481 16942 D AudioTrack: stop() called with 132300 frames delivered
06-29 11:21:48.807  1390  2659 W audio_hw_generic: Not supplying enough data to HAL, expected position 83036910 , only wrote 83036880
06-29 11:21:49.058  1390  2659 W audio_hw_generic: Not supplying enough data to HAL, expected position 83048935 , only wrote 83048400
06-29 11:21:49.059  1390  2659 W audio_hw_generic: Not supplying enough data to HAL, expected position 83048416 , only wrote 83048400
06-29 11:21:49.087  1390  2659 W audio_hw_generic: Not supplying enough data to HAL, expected position 83049751 , only wrote 83049120
06-29 11:21:49.091  1473  1561 D AudioFlinger: mixer(0xa6c83380) throttle end: throttle time(12)
06-29 11:21:49.196  1481 16939 D NuPlayerDriver: notifyListener_l(0xa8ca5c40), (2, 0, 0, -1), loop setting(1, 0)
06-29 11:21:49.241  1481 16943 I NuPlayerDecoder: [OMX.google.vorbis.decoder] resubmitting CSD
06-29 11:21:49.245  1481 16943 I NuPlayerDecoder: [OMX.google.vorbis.decoder] resubmitting CSD
06-29 11:21:49.273  1481 16939 D NuPlayerDriver: notifyListener_l(0xa8ca5c40), (6, 0, 0, -1), loop setting(1, 0)
06-29 11:21:49.330  1481 16942 W AudioTrack: getTimestamp() location moved from kernel to server
06-29 11:21:49.330  1481 16942 W NuPlayerRenderer: getPendingAudioPlayoutDurationUs: pendingUs -830 < 0, clamping to zero, potential resume after pause writtenAudioDurationUs: 20317, audioSinkPlayedUs: 21147
06-29 11:21:49.370  1481 16942 W AudioTrack: retrograde timestamp position corrected, -297 = 215 - 512
06-29 11:21:49.866  1473  1561 D AudioFlinger: mixer(0xa6c83380) throttle end: throttle time(4)
06-29 11:21:50.011  3472  3482 I zygote  : Background concurrent copying GC freed 314918(7MB) AllocSpace objects, 0(0B) LOS objects, 23% free, 19MB/25MB, paused 8.914ms total 1.320s
06-29 11:21:50.153  1390  2659 W audio_hw_generic: Not supplying enough data to HAL, expected position 83100321 , only wrote 83100240
06-29 11:21:50.154  1390  2659 W audio_hw_generic: Not supplying enough data to HAL, expected position 83100279 , only wrote 83100240
06-29 11:21:50.170  1390  2659 W audio_hw_generic: Not supplying enough data to HAL, expected position 83101001 , only wrote 83100960
06-29 11:21:50.187  1473  1561 D AudioFlinger: mixer(0xa6c83380) throttle end: throttle time(8)
06-29 11:21:50.530  1390  2659 W audio_hw_generic: Not supplying enough data to HAL, expected position 83118257 , only wrote 83118240
06-29 11:21:50.531  1390  2659 W audio_hw_generic: Not supplying enough data to HAL, expected position 83118285 , only wrote 83118240
06-29 11:21:50.548  1390  2659 W audio_hw_generic: Not supplying enough data to HAL, expected position 83119033 , only wrote 83118960
06-29 11:21:51.073  1390  2659 W audio_hw_generic: Not supplying enough data to HAL, expected position 83144153 , only wrote 83143440
06-29 11:21:51.357  1473  1561 D AudioFlinger: mixer(0xa6c83380) throttle end: throttle time(1)
06-29 11:21:51.394  1390  2659 W audio_hw_generic: Not supplying enough data to HAL, expected position 83158847 , only wrote 83158560
06-29 11:21:51.394  1390  2659 W audio_hw_generic: Not supplying enough data to HAL, expected position 83158590 , only wrote 83158560
06-29 11:21:51.411  1390  2659 W audio_hw_generic: Not supplying enough data to HAL, expected position 83159334 , only wrote 83159280
06-29 11:21:51.422  1481 16942 W AudioTrack: getTimestamp() location moved from kernel to server
06-29 11:21:51.428  1473  1561 D AudioFlinger: mixer(0xa6c83380) throttle end: throttle time(4)
06-29 11:21:51.443  1390  2659 W audio_hw_generic: Hardware backing HAL too slow, could only write 0 of 720 frames
06-29 11:21:51.458  1390  2659 I chatty  : uid=1041(audioserver) writer identical 1 line
06-29 11:21:51.473  1390  2659 W audio_hw_generic: Hardware backing HAL too slow, could only write 0 of 720 frames
06-29 11:21:51.522  1600  7948 D WificondControl: Scan result ready event
06-29 11:21:51.666  1600  7948 I WifiService: releaseWifiLock uid=10014
06-29 11:21:52.032  1473  1561 D AudioFlinger: mixer(0xa6c83380) throttle end: throttle time(1)
06-29 11:21:52.079  1390  2659 W audio_hw_generic: Not supplying enough data to HAL, expected position 83191362 , only wrote 83190240
06-29 11:21:52.080  1390  2659 W audio_hw_generic: Not supplying enough data to HAL, expected position 83190286 , only wrote 83190240
06-29 11:21:52.093  1481 16943 I NuPlayerDecoder: [audio] saw output EOS
06-29 11:21:52.095  1481 16942 D AudioTrack: stop() called with 132300 frames delivered
06-29 11:21:52.095  1390  2659 W audio_hw_generic: Not supplying enough data to HAL, expected position 83190963 , only wrote 83190960
06-29 11:21:52.102  1964  1978 I zygote  : Background concurrent copying GC freed 116496(5MB) AllocSpace objects, 6(156KB) LOS objects, 37% free, 9MB/15MB, paused 1.614ms total 541.152ms
06-29 11:21:52.322  1390  2659 W audio_hw_generic: Not supplying enough data to HAL, expected position 83201873 , only wrote 83198160
06-29 11:21:52.323  1390  2659 W audio_hw_generic: Not supplying enough data to HAL, expected position 83198205 , only wrote 83198160
06-29 11:21:52.356  1600  2206 I WifiService: getConnectionInfo uid=10014
06-29 11:21:52.379  1473  1561 D AudioFlinger: mixer(0xa6c83380) throttle end: throttle time(11)
06-29 11:21:52.480  1481 16939 D NuPlayerDriver: notifyListener_l(0xa8ca5c40), (2, 0, 0, -1), loop setting(1, 0)
06-29 11:21:52.506  1600  1613 I zygote  : IncrementDisableThreadFlip blocked for 24.440ms
06-29 11:21:52.510  1481 16943 I NuPlayerDecoder: [OMX.google.vorbis.decoder] resubmitting CSD
06-29 11:21:52.511  1481 16943 I NuPlayerDecoder: [OMX.google.vorbis.decoder] resubmitting CSD
06-29 11:21:52.527  1481 16939 D NuPlayerDriver: notifyListener_l(0xa8ca5c40), (6, 0, 0, -1), loop setting(1, 0)
06-29 11:21:52.565  1481 16942 W AudioTrack: getTimestamp() location moved from kernel to server
06-29 11:21:52.565  1481 16942 W NuPlayerRenderer: getPendingAudioPlayoutDurationUs: pendingUs -9812 < 0, clamping to zero, potential resume after pause writtenAudioDurationUs: 14512, audioSinkPlayedUs: 24324
06-29 11:21:52.588  1481 16942 W AudioTrack: retrograde timestamp position corrected, -384 = 256 - 640
06-29 11:21:52.588  1481 16942 W NuPlayerRenderer: getPendingAudioPlayoutDurationUs: pendingUs -7546 < 0, clamping to zero, potential resume after pause writtenAudioDurationUs: 26122, audioSinkPlayedUs: 33668
06-29 11:21:53.142  1964  1964 I GeofencerStateMachine: sendNewTransitions called.
06-29 11:21:53.889  1390  2659 W audio_hw_generic: Not supplying enough data to HAL, expected position 83273292 , only wrote 83273040
06-29 11:21:53.889  1390  2659 W audio_hw_generic: Not supplying enough data to HAL, expected position 83273069 , only wrote 83273040
06-29 11:21:53.906  1390  2659 W audio_hw_generic: Not supplying enough data to HAL, expected position 83273836 , only wrote 83273760
06-29 11:21:53.912  1473  1561 D AudioFlinger: mixer(0xa6c83380) throttle end: throttle time(4)
06-29 11:21:53.978  1600  1609 I zygote  : Background concurrent copying GC freed 60212(2MB) AllocSpace objects, 3(76KB) LOS objects, 25% free, 17MB/23MB, paused 22.043ms total 1.512s
06-29 11:21:54.018  1390  2659 W audio_hw_generic: Not supplying enough data to HAL, expected position 83279160 , only wrote 83278800
06-29 11:21:54.020  1390  2659 W audio_hw_generic: Not supplying enough data to HAL, expected position 83278862 , only wrote 83278800
06-29 11:21:54.035  1390  2659 W audio_hw_generic: Not supplying enough data to HAL, expected position 83279561 , only wrote 83279520
06-29 11:21:54.064  3472  3482 I zygote  : Background concurrent copying GC freed 373321(8MB) AllocSpace objects, 0(0B) LOS objects, 23% free, 19MB/25MB, paused 20.818ms total 1.257s
06-29 11:21:54.241  1390  2659 W audio_hw_generic: Not supplying enough data to HAL, expected position 83289376 , only wrote 83286720
06-29 11:21:54.242  1390  2659 W audio_hw_generic: Not supplying enough data to HAL, expected position 83286755 , only wrote 83286720
06-29 11:21:54.244  1473  1561 D AudioFlinger: mixer(0xa6c83380) throttle end: throttle time(8)
06-29 11:21:54.267  1390  2659 W audio_hw_generic: Not supplying enough data to HAL, expected position 83287944 , only wrote 83287440
06-29 11:21:54.404  1390  2659 W audio_hw_generic: Not supplying enough data to HAL, expected position 83294000 , only wrote 83293200
06-29 11:21:54.419  1390  2659 W audio_hw_generic: Not supplying enough data to HAL, expected position 83293942 , only wrote 83293920
06-29 11:21:54.686  1473  1561 D AudioFlinger: mixer(0xa6c83380) throttle end: throttle time(5)
06-29 11:21:55.246  1600  1613 E memtrack: Couldn't load memtrack module
06-29 11:21:55.246  1600  1613 W android.os.Debug: failed to get memory consumption info: -1
06-29 11:21:55.271  1964 16970 I aohg    : Scheduling adaptive one off task with window [14400, 604800] in seconds [CONTEXT service_id=51 ]
06-29 11:21:55.286  1600  5378 I ActivityManager: Start proc 16983:com.google.android.gms.ui/u0a14 for service com.google.android.gms/.chimera.UiIntentOperationService
06-29 11:21:55.323  1390  2659 W audio_hw_generic: Not supplying enough data to HAL, expected position 83337121 , only wrote 83337120
06-29 11:21:55.323  1390  2659 W audio_hw_generic: Not supplying enough data to HAL, expected position 83337320 , only wrote 83337120
06-29 11:21:55.323  1481 16942 W AudioTrack: getTimestamp() location moved from kernel to server
06-29 11:21:55.332 16983 16983 W zygote  : Unexpected CPU variant for X86 using defaults: x86
06-29 11:21:55.332  1481 16943 I NuPlayerDecoder: [audio] saw output EOS
06-29 11:21:55.333  1481 16942 D AudioTrack: stop() called with 132300 frames delivered
06-29 11:21:55.424 16983 16983 I zygote  : The ClassLoaderContext is a special shared library.
06-29 11:21:55.446  1473  1561 D AudioFlinger: mixer(0xa6c83380) throttle end: throttle time(17)
06-29 11:21:55.447 16983 16983 I zygote  : The ClassLoaderContext is a special shared library.
06-29 11:21:55.473  1600  1613 E memtrack: Couldn't load memtrack module
06-29 11:21:55.473  1600  1613 W android.os.Debug: failed to get memory consumption info: -1
06-29 11:21:55.735  1481 16939 D NuPlayerDriver: notifyListener_l(0xa8ca5c40), (2, 0, 0, -1), loop setting(1, 0)
06-29 11:21:55.749  1481 16943 I NuPlayerDecoder: [OMX.google.vorbis.decoder] resubmitting CSD
06-29 11:21:55.752  1481 16943 I NuPlayerDecoder: [OMX.google.vorbis.decoder] resubmitting CSD
06-29 11:21:55.795  1481 16939 D NuPlayerDriver: notifyListener_l(0xa8ca5c40), (6, 0, 0, -1), loop setting(1, 0)
06-29 11:21:55.848  1481 16942 W AudioTrack: getTimestamp() location moved from kernel to server
06-29 11:21:55.903  1481 16942 W AudioTrack: getTimestamp() location moved from kernel to server
06-29 11:21:55.923  1481 16942 W AudioTrack: retrograde timestamp position corrected, -474 = 550 - 1024
06-29 11:21:55.989  1390  2659 W audio_hw_generic: Not supplying enough data to HAL, expected position 83369072 , only wrote 83368800
06-29 11:21:56.109  1390  2659 W audio_hw_generic: Not supplying enough data to HAL, expected position 83374566 , only wrote 83374560
06-29 11:21:56.115 16983 16983 W DynamiteModule: Local module descriptor class for providerinstaller not found.
06-29 11:21:56.206  1473  1561 D AudioFlinger: mixer(0xa6c83380) throttle end: throttle time(3)
06-29 11:21:56.223  1481 16942 W AudioTrack: getTimestamp() location moved from kernel to server
06-29 11:21:56.244  1481 16942 W AudioTrack: retrograde timestamp position corrected, -303 = 12666 - 12969
06-29 11:21:56.259  1390  2659 W audio_hw_generic: Not supplying enough data to HAL, expected position 83381771 , only wrote 83381760
06-29 11:21:56.381  1390  2659 W audio_hw_generic: Not supplying enough data to HAL, expected position 83387570 , only wrote 83387520
06-29 11:21:56.396  2175 16982 W ModuleInitIntentOp: Dropping unexpected action com.google.android.gms.phenotype.COMMITTED
06-29 11:21:56.440  1964 17006 I PTCommittedOperation: Receive new configuration for com.google.android.metrics
06-29 11:21:56.468 16983 16983 W ProviderHelper: Unknown dynamite feature providerinstaller
06-29 11:21:56.517 16983 16983 I DynamiteModule: Considering local module providerinstaller:0 and remote module providerinstaller:0
06-29 11:21:56.517 16983 16983 W ProviderInstaller: Failed to load providerinstaller module: No acceptable module found. Local version is 0 and remote version is 0.
06-29 11:21:56.627 16983 16983 V NativeCrypto: Registering com/google/android/gms/org/conscrypt/NativeCrypto's 284 native methods...
06-29 11:21:56.916 16983 16983 D NetworkSecurityConfig: Using Network Security Config from resource network_security_config debugBuild: false
06-29 11:21:56.943 16983 16983 I ProviderInstaller: Installed default security provider GmsCore_OpenSSL
06-29 11:21:57.043  3472  3482 I zygote  : WaitForGcToComplete blocked Background on None for 5.154ms
06-29 11:21:57.109  1964 17003 I aofg    : updateFromConfigurations using legacy put method [CONTEXT service_id=204 ]
06-29 11:21:57.292 16983 16983 W Primes  : Primes not initialized, returning default (no-op) Primes instance which will ignore all calls. Please call Primes.initialize(...) before using any Primes API.
06-29 11:21:57.417  1481 16942 W AudioTrack: getTimestamp() location moved from kernel to server
06-29 11:21:57.821  1390  2659 W audio_hw_generic: Not supplying enough data to HAL, expected position 83456679 , only wrote 83456640
06-29 11:21:57.931  1964 16970 W PhenotypeFlagCommitter: Committing snapshot for com.google.android.gms.phenotype failed, retrying
06-29 11:21:57.931  1964 16970 W PhenotypeFlagCommitter: java.util.concurrent.TimeoutException: Timed out waiting for Task
06-29 11:21:57.931  1964 16970 W PhenotypeFlagCommitter: 	at avgu.a(:com.google.android.gms@17785022@17.7.85 (040700-253824076):19)
06-29 11:21:57.931  1964 16970 W PhenotypeFlagCommitter: 	at aodk.a(:com.google.android.gms@17785022@17.7.85 (040700-253824076):22)
06-29 11:21:57.931  1964 16970 W PhenotypeFlagCommitter: 	at aodk.a(:com.google.android.gms@17785022@17.7.85 (040700-253824076):31)
06-29 11:21:57.931  1964 16970 W PhenotypeFlagCommitter: 	at aoel.a(:com.google.android.gms@17785022@17.7.85 (040700-253824076):6)
06-29 11:21:57.931  1964 16970 W PhenotypeFlagCommitter: 	at com.google.android.gms.phenotype.sync.HeterodyneSyncTaskChimeraService.a(:com.google.android.gms@17785022@17.7.85 (040700-253824076):1)
06-29 11:21:57.931  1964 16970 W PhenotypeFlagCommitter: 	at com.google.android.gms.phenotype.sync.HeterodyneSyncTaskChimeraService.a(:com.google.android.gms@17785022@17.7.85 (040700-253824076):10)
06-29 11:21:57.931  1964 16970 W PhenotypeFlagCommitter: 	at aezd.run(:com.google.android.gms@17785022@17.7.85 (040700-253824076):5)
06-29 11:21:57.931  1964 16970 W PhenotypeFlagCommitter: 	at squ.b(:com.google.android.gms@17785022@17.7.85 (040700-253824076):37)
06-29 11:21:57.931  1964 16970 W PhenotypeFlagCommitter: 	at squ.run(:com.google.android.gms@17785022@17.7.85 (040700-253824076):21)
06-29 11:21:57.931  1964 16970 W PhenotypeFlagCommitter: 	at java.util.concurrent.ThreadPoolExecutor.runWorker(ThreadPoolExecutor.java:1162)
06-29 11:21:57.931  1964 16970 W PhenotypeFlagCommitter: 	at java.util.concurrent.ThreadPoolExecutor$Worker.run(ThreadPoolExecutor.java:636)
06-29 11:21:57.931  1964 16970 W PhenotypeFlagCommitter: 	at swz.run(Unknown Source:7)
06-29 11:21:57.931  1964 16970 W PhenotypeFlagCommitter: 	at java.lang.Thread.run(Thread.java:764)
06-29 11:21:58.005  1481 16942 W AudioTrack: getTimestamp() location moved from kernel to server
06-29 11:21:58.170  1964 17003 I aofg    : updateFromConfigurations using legacy put method [CONTEXT service_id=204 ]
06-29 11:21:58.240  1390  2659 W audio_hw_generic: Not supplying enough data to HAL, expected position 83476735 , only wrote 83476080
06-29 11:21:58.241  1390  2659 W audio_hw_generic: Not supplying enough data to HAL, expected position 83476110 , only wrote 83476080
06-29 11:21:58.273  1390  2659 W audio_hw_generic: Not supplying enough data to HAL, expected position 83477642 , only wrote 83476800
06-29 11:21:58.445  1481 16943 I NuPlayerDecoder: [audio] saw output EOS
06-29 11:21:58.451  1481 16942 D AudioTrack: stop() called with 132300 frames delivered
06-29 11:21:58.467  3472  3482 I zygote  : Background concurrent copying GC freed 390475(8MB) AllocSpace objects, 0(0B) LOS objects, 24% free, 18MB/24MB, paused 16.740ms total 1.420s
06-29 11:21:58.636  1390  2659 W audio_hw_generic: Not supplying enough data to HAL, expected position 83494201 , only wrote 83494080
06-29 11:21:58.651  1390  2659 W audio_hw_generic: Not supplying enough data to HAL, expected position 83494821 , only wrote 83494800
06-29 11:21:58.682  1390  2659 W audio_hw_generic: Not supplying enough data to HAL, expected position 83496270 , only wrote 83496240
06-29 11:21:58.711  1473  1561 D AudioFlinger: mixer(0xa6c83380) throttle end: throttle time(2)
06-29 11:21:58.964  1481 16939 D NuPlayerDriver: notifyListener_l(0xa8ca5c40), (2, 0, 0, -1), loop setting(1, 0)
06-29 11:21:58.988  1481 16943 I NuPlayerDecoder: [OMX.google.vorbis.decoder] resubmitting CSD
06-29 11:21:58.991  1481 16943 I NuPlayerDecoder: [OMX.google.vorbis.decoder] resubmitting CSD
06-29 11:21:59.028  1481 16939 D NuPlayerDriver: notifyListener_l(0xa8ca5c40), (6, 0, 0, -1), loop setting(1, 0)
06-29 11:21:59.049  1481 16942 W AudioTrack: getTimestamp() location moved from kernel to server
06-29 11:21:59.049  1481 16942 W NuPlayerRenderer: getPendingAudioPlayoutDurationUs: pendingUs -10417 < 0, clamping to zero, potential resume after pause writtenAudioDurationUs: 11609, audioSinkPlayedUs: 22026
06-29 11:21:59.073  1481 16942 W AudioTrack: retrograde timestamp position corrected, -384 = 0 - 384
06-29 11:22:00.133  1390  2659 W audio_hw_generic: Not supplying enough data to HAL, expected position 83565878 , only wrote 83565360
06-29 11:22:00.358  1473  1561 D AudioFlinger: mixer(0xa6c83380) throttle end: throttle time(3)
06-29 11:22:00.526  1473  1561 D AudioFlinger: mixer(0xa6c83380) throttle end: throttle time(2)
06-29 11:22:00.575 16983 16998 I zygote  : Waiting for a blocking GC ProfileSaver
06-29 11:22:00.587  1390  2659 W audio_hw_generic: Not supplying enough data to HAL, expected position 83587147 , only wrote 83586960
06-29 11:22:00.603  1473  1561 D AudioFlinger: mixer(0xa6c83380) throttle end: throttle time(6)
06-29 11:22:00.888  2923  2955 I Finsky  : [139] imb.run(3): Stats for Executor: BlockingExecutor ink@19dc107[Running, pool size = 0, active threads = 0, queued tasks = 0, completed tasks = 20]
06-29 11:22:00.888  2923  2955 I Finsky  : [139] imb.run(3): Stats for Executor: LightweightExecutor ink@3658234[Running, pool size = 2, active threads = 0, queued tasks = 0, completed tasks = 75]
06-29 11:22:00.937  1390  2659 W audio_hw_generic: Not supplying enough data to HAL, expected position 83603806 , only wrote 83603520
06-29 11:22:00.938  1390  2659 W audio_hw_generic: Not supplying enough data to HAL, expected position 83603545 , only wrote 83603520
06-29 11:22:01.011  2923  2955 I Finsky  : [139] imb.run(3): Stats for Executor: bgExecutor ink@81c785d[Running, pool size = 4, active threads = 0, queued tasks = 0, completed tasks = 66]
06-29 11:22:01.085  1473  1561 D AudioFlinger: mixer(0xa6c83380) throttle end: throttle time(2)
06-29 11:22:01.524  1390  2659 W audio_hw_generic: Not supplying enough data to HAL, expected position 83631658 , only wrote 83631600
06-29 11:22:01.572  1600  1617 E BatteryExternalStatsWorker: modem info is invalid: ModemActivityInfo{ mTimestamp=0 mSleepTimeMs=0 mIdleTimeMs=0 mTxTimeMs[]=[0, 0, 0, 0, 0] mRxTimeMs=0 mEnergyUsed=0}
06-29 11:22:01.724  1481 16942 W AudioTrack: getTimestamp() location moved from kernel to server
06-29 11:22:01.732  1473  1561 D AudioFlinger: mixer(0xa6c83380) throttle end: throttle time(1)
06-29 11:22:01.736  1481 16943 I NuPlayerDecoder: [audio] saw output EOS
06-29 11:22:01.737  1481 16942 W AudioTrack: retrograde timestamp position corrected, -34 = 113738 - 113772
06-29 11:22:01.737  1481 16942 D AudioTrack: stop() called with 132300 frames delivered
06-29 11:22:02.094  1390  2659 W audio_hw_generic: Not supplying enough data to HAL, expected position 83658925 , only wrote 83655360
06-29 11:22:02.094  1390  2659 W audio_hw_generic: Not supplying enough data to HAL, expected position 83655393 , only wrote 83655360
06-29 11:22:02.111  1390  2659 W audio_hw_generic: Not supplying enough data to HAL, expected position 83656176 , only wrote 83656080
06-29 11:22:02.122  3472  3482 I zygote  : Background concurrent copying GC freed 356313(7MB) AllocSpace objects, 0(0B) LOS objects, 25% free, 17MB/23MB, paused 11.679ms total 861.314ms
06-29 11:22:02.124  1473  1561 D AudioFlinger: mixer(0xa6c83380) throttle end: throttle time(10)
06-29 11:22:02.148  1481 16939 D NuPlayerDriver: notifyListener_l(0xa8ca5c40), (2, 0, 0, -1), loop setting(1, 0)
06-29 11:22:02.201  1481 16943 I NuPlayerDecoder: [OMX.google.vorbis.decoder] resubmitting CSD
06-29 11:22:02.202  1481 16943 I NuPlayerDecoder: [OMX.google.vorbis.decoder] resubmitting CSD
06-29 11:22:02.212  1481 16939 D NuPlayerDriver: notifyListener_l(0xa8ca5c40), (6, 0, 0, -1), loop setting(1, 0)
06-29 11:22:02.250  1473  1561 D AudioFlinger: mixer(0xa6c83380) throttle end: throttle time(7)
06-29 11:22:02.445  1473  1561 D AudioFlinger: mixer(0xa6c83380) throttle end: throttle time(2)
06-29 11:22:02.622  1390  2659 W audio_hw_generic: Not supplying enough data to HAL, expected position 83680576 , only wrote 83680560
06-29 11:22:02.622  1390  2659 W audio_hw_generic: Not supplying enough data to HAL, expected position 83680593 , only wrote 83680560
06-29 11:22:02.639  1390  2659 W audio_hw_generic: Not supplying enough data to HAL, expected position 83681376 , only wrote 83681280
06-29 11:22:03.199  1964 16969 W WakeLock: wake:CollectionChimeraSvc counter does not exist
06-29 11:22:03.500  1390  2659 W audio_hw_generic: Not supplying enough data to HAL, expected position 83722579 , only wrote 83722320
06-29 11:22:03.500  1390  2659 W audio_hw_generic: Not supplying enough data to HAL, expected position 83722351 , only wrote 83722320
06-29 11:22:03.520  1390  2659 W audio_hw_generic: Not supplying enough data to HAL, expected position 83723254 , only wrote 83723040
06-29 11:22:03.765  1390  2659 W audio_hw_generic: Not supplying enough data to HAL, expected position 83734816 , only wrote 83734560
06-29 11:22:03.766  1390  2659 W audio_hw_generic: Not supplying enough data to HAL, expected position 83734607 , only wrote 83734560
06-29 11:22:03.784  1390  2659 W audio_hw_generic: Not supplying enough data to HAL, expected position 83735414 , only wrote 83735280
06-29 11:22:03.861  1390  2659 W audio_hw_generic: Not supplying enough data to HAL, expected position 83738963 , only wrote 83738880
06-29 11:22:03.861  1390  2659 W audio_hw_generic: Not supplying enough data to HAL, expected position 83738908 , only wrote 83738880
06-29 11:22:03.881  1390  2659 W audio_hw_generic: Not supplying enough data to HAL, expected position 83739845 , only wrote 83739600
06-29 11:22:03.990  1390  2659 W audio_hw_generic: Not supplying enough data to HAL, expected position 83744814 , only wrote 83743920
06-29 11:22:04.329  1473  1561 D AudioFlinger: mixer(0xa6c83380) throttle end: throttle time(7)
06-29 11:22:04.952  1390  2659 W audio_hw_generic: Not supplying enough data to HAL, expected position 83790080 , only wrote 83790000
06-29 11:22:04.986  1390  2659 W audio_hw_generic: Not supplying enough data to HAL, expected position 83791623 , only wrote 83790720
06-29 11:22:04.996  1481 16943 I NuPlayerDecoder: [audio] saw output EOS
06-29 11:22:04.999  1481 16942 D AudioTrack: stop() called with 132300 frames delivered
06-29 11:22:05.011  3472  3482 I zygote  : Background concurrent copying GC freed 302929(6MB) AllocSpace objects, 0(0B) LOS objects, 24% free, 18MB/24MB, paused 11.180ms total 598.272ms
06-29 11:22:05.136  1390  2659 W audio_hw_generic: Not supplying enough data to HAL, expected position 83797948 , only wrote 83797920
06-29 11:22:05.137  1390  2659 W audio_hw_generic: Not supplying enough data to HAL, expected position 83797952 , only wrote 83797920
06-29 11:22:05.153  1390  2659 W audio_hw_generic: Not supplying enough data to HAL, expected position 83798697 , only wrote 83798640
06-29 11:22:05.163  1473  1561 D AudioFlinger: mixer(0xa6c83380) throttle end: throttle time(12)
06-29 11:22:05.381  1481 16939 D NuPlayerDriver: notifyListener_l(0xa8ca5c40), (2, 0, 0, -1), loop setting(1, 0)
06-29 11:22:05.385  1390  2659 W audio_hw_generic: Not supplying enough data to HAL, expected position 83809799 , only wrote 83809440
06-29 11:22:05.386  1390  2659 W audio_hw_generic: Not supplying enough data to HAL, expected position 83809469 , only wrote 83809440
06-29 11:22:05.403  1390  2659 W audio_hw_generic: Not supplying enough data to HAL, expected position 83810254 , only wrote 83810160
06-29 11:22:05.432  1481 16943 I NuPlayerDecoder: [OMX.google.vorbis.decoder] resubmitting CSD
06-29 11:22:05.433  1481 16943 I NuPlayerDecoder: [OMX.google.vorbis.decoder] resubmitting CSD
06-29 11:22:05.481  1481 16939 D NuPlayerDriver: notifyListener_l(0xa8ca5c40), (6, 0, 0, -1), loop setting(1, 0)
06-29 11:22:05.513  1390  2659 W audio_hw_generic: Not supplying enough data to HAL, expected position 83815440 , only wrote 83815200
06-29 11:22:05.624  1390  2659 W audio_hw_generic: Not supplying enough data to HAL, expected position 83820536 , only wrote 83818800
06-29 11:22:05.624  1390  2659 W audio_hw_generic: Not supplying enough data to HAL, expected position 83818810 , only wrote 83818800
06-29 11:22:05.641  1390  2659 W audio_hw_generic: Not supplying enough data to HAL, expected position 83819577 , only wrote 83819520
06-29 11:22:05.870  1473  1561 D AudioFlinger: mixer(0xa6c83380) throttle end: throttle time(12)
06-29 11:22:06.565  1473  1561 D AudioFlinger: mixer(0xa6c83380) throttle end: throttle time(7)
06-29 11:22:06.953  1390  2659 W audio_hw_generic: Not supplying enough data to HAL, expected position 83882516 , only wrote 83881440
06-29 11:22:06.966  1390  2659 W audio_hw_generic: Not supplying enough data to HAL, expected position 83882044 , only wrote 83881440
06-29 11:22:06.992  1473  1561 D AudioFlinger: mixer(0xa6c83380) throttle end: throttle time(12)
06-29 11:22:07.116  1390  2659 W audio_hw_generic: Not supplying enough data to HAL, expected position 83888645 , only wrote 83888640
06-29 11:22:07.151  1390  2659 W audio_hw_generic: Not supplying enough data to HAL, expected position 83890320 , only wrote 83890080
06-29 11:22:07.332  1390  2659 W audio_hw_generic: Not supplying enough data to HAL, expected position 83898793 , only wrote 83898720
06-29 11:22:07.363  1600  1617 I WifiService: requestActivityInfo uid=1000
06-29 11:22:07.364  1600  1617 I WifiService: reportActivityInfo uid=1000
06-29 11:22:07.364  1600  1617 I WifiService: getSupportedFeatures uid=1000
06-29 11:22:07.723  1390  2659 W audio_hw_generic: Not supplying enough data to HAL, expected position 83917486 , only wrote 83917440
06-29 11:22:07.951  1473  1561 D AudioFlinger: mixer(0xa6c83380) throttle end: throttle time(1)
06-29 11:22:07.991  1390  2659 W audio_hw_generic: Hardware backing HAL too slow, could only write 0 of 720 frames
06-29 11:22:08.009  1390  2659 W audio_hw_generic: Hardware backing HAL too slow, could only write 0 of 720 frames
06-29 11:22:08.074  1473  1561 D AudioFlinger: mixer(0xa6c83380) throttle end: throttle time(2)
06-29 11:22:08.320  1390  2659 W audio_hw_generic: Not supplying enough data to HAL, expected position 83946092 , only wrote 83945520
06-29 11:22:08.321  1390  2659 W audio_hw_generic: Not supplying enough data to HAL, expected position 83945537 , only wrote 83945520
06-29 11:22:08.334  1481 16943 I NuPlayerDecoder: [audio] saw output EOS
06-29 11:22:08.335  1481 16942 D AudioTrack: stop() called with 132300 frames delivered
06-29 11:22:08.336  1390  2659 W audio_hw_generic: Not supplying enough data to HAL, expected position 83946276 , only wrote 83946240
06-29 11:22:08.367  1473  1561 D AudioFlinger: mixer(0xa6c83380) throttle end: throttle time(12)
06-29 11:22:08.386  1390  2659 W audio_hw_generic: Not supplying enough data to HAL, expected position 83948637 , only wrote 83948400
06-29 11:22:08.387  1390  2659 W audio_hw_generic: Not supplying enough data to HAL, expected position 83948440 , only wrote 83948400
06-29 11:22:08.398  1473  1561 D AudioFlinger: mixer(0xa6c83380) throttle end: throttle time(7)
06-29 11:22:08.404  1390  2659 W audio_hw_generic: Not supplying enough data to HAL, expected position 83949195 , only wrote 83949120
06-29 11:22:08.444  3472  3482 I zygote  : Background concurrent copying GC freed 347149(7MB) AllocSpace objects, 0(0B) LOS objects, 23% free, 19MB/25MB, paused 10.034ms total 960.239ms
06-29 11:22:08.480  1390  2659 W audio_hw_generic: Not supplying enough data to HAL, expected position 83952773 , only wrote 83952720
06-29 11:22:08.506  1473  1561 D AudioFlinger: mixer(0xa6c83380) throttle end: throttle time(2)
06-29 11:22:08.531  1600  7948 I WifiService: acquireWifiLock uid=10014 lockMode=2
06-29 11:22:08.700  1481 16939 D NuPlayerDriver: notifyListener_l(0xa8ca5c40), (2, 0, 0, -1), loop setting(1, 0)
06-29 11:22:08.724  1481 16943 I NuPlayerDecoder: [OMX.google.vorbis.decoder] resubmitting CSD
06-29 11:22:08.725  1481 16943 I NuPlayerDecoder: [OMX.google.vorbis.decoder] resubmitting CSD
06-29 11:22:08.775  1481 16939 D NuPlayerDriver: notifyListener_l(0xa8ca5c40), (6, 0, 0, -1), loop setting(1, 0)
06-29 11:22:08.787  1481 16942 W AudioTrack: getTimestamp() location moved from kernel to server
06-29 11:22:08.787  1481 16942 W NuPlayerRenderer: getPendingAudioPlayoutDurationUs: pendingUs -484 < 0, clamping to zero, potential resume after pause writtenAudioDurationUs: 11609, audioSinkPlayedUs: 12093
06-29 11:22:08.833  1481 16942 W AudioTrack: retrograde timestamp position corrected, -176 = 336 - 512
06-29 11:22:08.945  1390  2659 W audio_hw_generic: Not supplying enough data to HAL, expected position 83975061 , only wrote 83975040
06-29 11:22:08.962  1390  2659 W audio_hw_generic: Not supplying enough data to HAL, expected position 83975843 , only wrote 83975760
06-29 11:22:09.053  1600  7948 I WifiService: releaseWifiLock uid=10014
06-29 11:22:09.301  1473  1561 D AudioFlinger: mixer(0xa6c83380) throttle end: throttle time(1)
06-29 11:22:09.391  1481 16942 W AudioTrack: getTimestamp() location moved from kernel to server
06-29 11:22:09.404  1473  1561 D AudioFlinger: mixer(0xa6c83380) throttle end: throttle time(12)
06-29 11:22:09.922  1390  2659 W audio_hw_generic: Not supplying enough data to HAL, expected position 84021841 , only wrote 84021840
06-29 11:22:09.942  1390  2659 W audio_hw_generic: Not supplying enough data to HAL, expected position 84022800 , only wrote 84022560
06-29 11:22:09.943  1390  2659 W audio_hw_generic: Not supplying enough data to HAL, expected position 84022613 , only wrote 84022560
06-29 11:22:09.959  1390  2659 W audio_hw_generic: Not supplying enough data to HAL, expected position 84023338 , only wrote 84023280
06-29 11:22:10.203  1390  2659 W audio_hw_generic: Not supplying enough data to HAL, expected position 84034960 , only wrote 84034800
06-29 11:22:10.205  1390  2659 W audio_hw_generic: Not supplying enough data to HAL, expected position 84034894 , only wrote 84034800
06-29 11:22:10.220  1390  2659 W audio_hw_generic: Not supplying enough data to HAL, expected position 84035556 , only wrote 84035520
06-29 11:22:10.233  1473  1561 D AudioFlinger: mixer(0xa6c83380) throttle end: throttle time(3)
06-29 11:22:10.268  1390  2659 W audio_hw_generic: Hardware backing HAL too slow, could only write 0 of 720 frames
06-29 11:22:10.284  1390  2659 I chatty  : uid=1041(audioserver) writer identical 1 line
06-29 11:22:10.299  1390  2659 W audio_hw_generic: Hardware backing HAL too slow, could only write 0 of 720 frames
06-29 11:22:10.461  1390  2659 W audio_hw_generic: Not supplying enough data to HAL, expected position 84047048 , only wrote 84047040
06-29 11:22:10.478  1390  2659 W audio_hw_generic: Not supplying enough data to HAL, expected position 84047881 , only wrote 84047760
06-29 11:22:10.569  1481 16942 W AudioTrack: getTimestamp() location moved from kernel to server
06-29 11:22:10.585  1390  2659 W audio_hw_generic: Not supplying enough data to HAL, expected position 84052909 , only wrote 84052800
06-29 11:22:10.598  1473  1561 D AudioFlinger: mixer(0xa6c83380) throttle end: throttle time(1)
06-29 11:22:10.846  1390  2659 W audio_hw_generic: Not supplying enough data to HAL, expected position 84065290 , only wrote 84065040
06-29 11:22:10.847  1390  2659 W audio_hw_generic: Not supplying enough data to HAL, expected position 84065088 , only wrote 84065040
06-29 11:22:10.862  1390  2659 W audio_hw_generic: Not supplying enough data to HAL, expected position 84065793 , only wrote 84065760
06-29 11:22:11.275  1481 16943 I NuPlayerDecoder: [audio] saw output EOS
06-29 11:22:11.306  3472  3482 I zygote  : Background concurrent copying GC freed 387156(8MB) AllocSpace objects, 0(0B) LOS objects, 25% free, 17MB/23MB, paused 4.665ms total 529.837ms
06-29 11:22:11.433  1390  2659 W audio_hw_generic: Not supplying enough data to HAL, expected position 84093173 , only wrote 84093120
06-29 11:22:11.532  1481 16942 D AudioTrack: stop() called with 132300 frames delivered
06-29 11:22:11.782  1390  2659 W audio_hw_generic: Not supplying enough data to HAL, expected position 84109829 , only wrote 84109680
06-29 11:22:11.783  1390  2659 W audio_hw_generic: Not supplying enough data to HAL, expected position 84109731 , only wrote 84109680
06-29 11:22:11.799  1390  2659 W audio_hw_generic: Not supplying enough data to HAL, expected position 84110456 , only wrote 84110400
06-29 11:22:11.812  1473  1561 D AudioFlinger: mixer(0xa6c83380) throttle end: throttle time(12)
06-29 11:22:11.890  1481 16939 D NuPlayerDriver: notifyListener_l(0xa8ca5c40), (2, 0, 0, -1), loop setting(1, 0)
06-29 11:22:11.912  1481 16943 I NuPlayerDecoder: [OMX.google.vorbis.decoder] resubmitting CSD
06-29 11:22:11.913  1481 16943 I NuPlayerDecoder: [OMX.google.vorbis.decoder] resubmitting CSD
06-29 11:22:11.943  1481 16939 D NuPlayerDriver: notifyListener_l(0xa8ca5c40), (6, 0, 0, -1), loop setting(1, 0)
06-29 11:22:11.965  1481 16942 W AudioTrack: getTimestamp() location moved from kernel to server
06-29 11:22:11.966  1481 16942 W NuPlayerRenderer: getPendingAudioPlayoutDurationUs: pendingUs -5653 < 0, clamping to zero, potential resume after pause writtenAudioDurationUs: 11609, audioSinkPlayedUs: 17262
06-29 11:22:11.986  1481 16942 W NuPlayerRenderer: getPendingAudioPlayoutDurationUs: pendingUs -17095 < 0, clamping to zero, potential resume after pause writtenAudioDurationUs: 20317, audioSinkPlayedUs: 37412
06-29 11:22:12.007  1481 16942 W AudioTrack: retrograde timestamp position corrected, -379 = 133 - 512
06-29 11:22:12.029  1473  1561 D AudioFlinger: mixer(0xa6c83380) throttle end: throttle time(1)
06-29 11:22:12.129  1390  2659 W audio_hw_generic: Not supplying enough data to HAL, expected position 84126255 , only wrote 84126240
06-29 11:22:12.131  1390  2659 W audio_hw_generic: Not supplying enough data to HAL, expected position 84126301 , only wrote 84126240
06-29 11:22:12.140  1481 16942 W AudioTrack: getTimestamp() location moved from kernel to server
06-29 11:22:12.250  1390  2659 W audio_hw_generic: Not supplying enough data to HAL, expected position 84131968 , only wrote 84131280
06-29 11:22:12.251  1390  2659 W audio_hw_generic: Not supplying enough data to HAL, expected position 84131343 , only wrote 84131280
06-29 11:22:12.254  1473  1561 D AudioFlinger: mixer(0xa6c83380) throttle end: throttle time(12)
06-29 11:22:12.266  1481 16942 W AudioTrack: getTimestamp() location moved from kernel to server
06-29 11:22:12.267  1390  2659 W audio_hw_generic: Not supplying enough data to HAL, expected position 84132066 , only wrote 84132000
06-29 11:22:12.970  1390  2659 W audio_hw_generic: Not supplying enough data to HAL, expected position 84165723 , only wrote 84164400
06-29 11:22:13.012  1390  2659 W audio_hw_generic: Not supplying enough data to HAL, expected position 84166427 , only wrote 84165840
06-29 11:22:13.193  1390  2659 W audio_hw_generic: Not supplying enough data to HAL, expected position 84174492 , only wrote 84174480
06-29 11:22:13.216  1390  2659 W audio_hw_generic: Not supplying enough data to HAL, expected position 84175592 , only wrote 84175200
06-29 11:22:13.494  1390  2659 W audio_hw_generic: Not supplying enough data to HAL, expected position 84188574 , only wrote 84188160
06-29 11:22:13.495  1390  2659 W audio_hw_generic: Not supplying enough data to HAL, expected position 84188170 , only wrote 84188160
