--------- beginning of main
06-29 12:55:16.435  3472  3472 I net.osmand: RoutingHelper Recalculate route, because correlation  : 1720768.9066770545
06-29 12:55:16.435  3472  3472 I net.osmand: RoutingHelper Recalculate route, because wrong movement direction: 1720791.8
06-29 12:55:16.514  3472  3472 I net.osmand: RoutingHelper Recalculate route, because correlation  : 1720768.9066770545
06-29 12:55:17.189  3472  3472 I net.osmand: RoutingHelper Recalculate route, because correlation  : 1720768.9066770545
06-29 12:55:17.189  3472  3472 I net.osmand: RoutingHelper Recalculate route, because wrong movement direction: 1720791.8
06-29 12:55:17.281  3472  3472 I net.osmand: RoutingHelper Recalculate route, because correlation  : 1720768.9066770545
06-29 12:55:17.446  3472  3472 I net.osmand: RoutingHelper Recalculate route, because correlation  : 1720768.9066770545
06-29 12:55:17.447  3472  3472 I net.osmand: RoutingHelper Recalculate route, because wrong movement direction: 1720791.8
06-29 12:55:17.558  3472  3472 I net.osmand: RoutingHelper Recalculate route, because correlation  : 1720768.9066770545
06-29 12:55:18.429  3472  3472 I chatty  : uid=10104(net.osmand) identical 1 line
06-29 12:55:18.582  3472  3472 I net.osmand: RoutingHelper Recalculate route, because correlation  : 1720768.9066770545
06-29 12:55:18.582  3472  3472 I net.osmand: RoutingHelper Recalculate route, because wrong movement direction: 1720791.8
06-29 12:55:18.999  3472  3472 I net.osmand: RoutingHelper Recalculate route, because correlation  : 1720768.9066770545
06-29 12:55:19.000  3472  3472 I net.osmand: RoutingHelper Recalculate route, because wrong movement direction: 1720791.8
06-29 12:55:19.131  3472  3472 I net.osmand: RoutingHelper Recalculate route, because correlation  : 1720768.9066770545
06-29 12:55:19.440  3472  3472 I net.osmand: RoutingHelper Recalculate route, because correlation  : 1720768.9066770545
06-29 12:55:19.440  3472  3472 I net.osmand: RoutingHelper Recalculate route, because wrong movement direction: 1720791.8
06-29 12:55:19.578  3472  3472 I net.osmand: RoutingHelper Recalculate route, because correlation  : 1720768.9066770545
--------- beginning of system
06-29 12:55:19.961  1600  2105 I ActivityManager: START u0 {act=android.intent.action.MAIN cat=[android.intent.category.HOME] flg=0x10000000 cmp=com.google.android.apps.nexuslauncher/.NexusLauncherActivity} from uid 2000
06-29 12:55:20.076  1398  1435 D gralloc_ranchu: gralloc_alloc: Creating ashmem region of size 8298496
06-29 12:55:20.177  1600  1615 W Looper  : Dispatch took 154ms on android.ui, h=Handler (com.android.server.am.ActivityManagerService$UiHandler) {bce2944} cb=null msg=31
06-29 12:55:20.132  1398  1435 I chatty  : uid=1000(system) HwBinder:1398_2 identical 1 line
06-29 12:55:20.184  1398  1435 D gralloc_ranchu: gralloc_alloc: Creating ashmem region of size 8298496
06-29 12:55:20.238  1600  2105 I GnssLocationProvider: WakeLock acquired by sendMessage(SET_REQUEST, 0, com.android.server.location.GnssLocationProvider$GpsRequest@e9eb67b)
06-29 12:55:20.246  1600  1613 I GnssLocationProvider: WakeLock released by handleMessage(SET_REQUEST, 0, com.android.server.location.GnssLocationProvider$GpsRequest@e9eb67b)
06-29 12:55:20.410  3472  3472 D net.osmand: Disable sensor
06-29 12:55:20.464  1408  1408 D SurfaceFlinger: duplicate layer name: changing com.google.android.apps.nexuslauncher/com.google.android.apps.nexuslauncher.NexusLauncherActivity to com.google.android.apps.nexuslauncher/com.google.android.apps.nexuslauncher.NexusLauncherActivity#1
06-29 12:55:20.490  1398  1435 D gralloc_ranchu: gralloc_alloc: Creating ashmem region of size 8298496
06-29 12:55:20.501  1600  1614 W ActivityManager: Activity pause timeout for ActivityRecord{acd9006 u0 net.osmand/.plus.activities.MapActivity t5}
06-29 12:55:20.544  1398  1398 D gralloc_ranchu: gralloc_alloc: Creating ashmem region of size 8298496
06-29 12:55:20.599  1398  1398 D gralloc_ranchu: gralloc_alloc: Creating ashmem region of size 8298496
06-29 12:55:20.744  3472  3472 I net.osmand: MapRenderRepositories RENDER MAP: Interrupt rendering map
06-29 12:55:20.757  1398  1398 D gralloc_ranchu: gralloc_alloc: Creating ashmem region of size 8298496
06-29 12:55:20.773  3472  3472 I net.osmand: RoutingHelper Recalculate route, because correlation  : 1720768.9066770545
06-29 12:55:20.774  3472  3472 I net.osmand: RoutingHelper Recalculate route, because wrong movement direction: 1720791.8
06-29 12:55:20.777  1600  1615 W Looper  : Dispatch took 167ms on android.ui, h=Handler (com.android.server.am.ActivityManagerService$UiHandler) {bce2944} cb=null msg=53
06-29 12:55:20.785  2629  2629 I Choreographer: Skipped 30 frames!  The application may be doing too much work on its main thread.
06-29 12:55:20.854  2118  2184 D EGL_emulation: eglMakeCurrent: 0x8b867100: ver 2 0 (tinfo 0x8b8707f0)
06-29 12:55:20.858  1398  1398 D gralloc_ranchu: gralloc_alloc: Creating ashmem region of size 8298496
06-29 12:55:20.914  3472  3540 D EGL_emulation: eglMakeCurrent: 0x9e4043c0: ver 2 0 (tinfo 0x9e403290)
06-29 12:55:20.936  1398  1398 D gralloc_ranchu: gralloc_alloc: Creating ashmem region of size 8298496
06-29 12:55:20.977  3472  3472 I net.osmand: RoutingHelper Recalculate route, because correlation  : 1720768.9066770545
06-29 12:55:21.028  2629  2884 D EGL_emulation: eglMakeCurrent: 0xa61b6ce0: ver 2 0 (tinfo 0xa619b690)
06-29 12:55:21.058  1398  1398 D gralloc_ranchu: gralloc_alloc: Creating ashmem region of size 8298496
06-29 12:55:21.241  1398  1398 D gralloc_ranchu: gralloc_alloc: Creating ashmem region of size 8298496
06-29 12:55:21.336  1964  1964 I GeofencerStateMachine: sendNewLocationAvailability: availability=LocationAvailability[isLocationAvailable: true]
06-29 12:55:21.340  2118  2184 W OpenGLRenderer: Incorrectly called buildLayer on View: ShortcutAndWidgetContainer, destroying layer...
06-29 12:55:21.340  2118  2184 W OpenGLRenderer: Incorrectly called buildLayer on View: ShortcutAndWidgetContainer, destroying layer...
06-29 12:55:21.363  1408  1408 E EGL_emulation: tid 1408: eglCreateSyncKHR(1962): error 0x3004 (EGL_BAD_ATTRIBUTE)
06-29 12:55:21.388  1398  1398 D gralloc_ranchu: gralloc_alloc: Creating ashmem region of size 8298496
06-29 12:55:21.419  3472  3472 I net.osmand: RoutingHelper Recalculate route, because correlation  : 1720768.9066770545
06-29 12:55:21.419  3472  3472 I net.osmand: RoutingHelper Recalculate route, because wrong movement direction: 1720791.8
06-29 12:55:21.492  2629 21553 W ThreadPoolDumper: Queue length for executor EventBus is now 11. Perhaps some tasks are too long, or the pool is too small.
06-29 12:55:21.567  1704  1929 D EGL_emulation: eglMakeCurrent: 0x9e4046c0: ver 2 0 (tinfo 0x9e403690)
06-29 12:55:21.607  3472  3472 I net.osmand: RoutingHelper Recalculate route, because correlation  : 1720768.9066770545
06-29 12:55:21.607  3472  3472 I net.osmand: RoutingHelper Recalculate route, because wrong movement direction: 1720791.8
06-29 12:55:21.731  3472  3472 I net.osmand: RoutingHelper Recalculate route, because correlation  : 1720768.9066770545
06-29 12:55:21.936  1704  1929 D EGL_emulation: eglMakeCurrent: 0x9e4046c0: ver 2 0 (tinfo 0x9e403690)
06-29 12:55:21.961  1704  1929 D EGL_emulation: eglMakeCurrent: 0x9e4046c0: ver 2 0 (tinfo 0x9e403690)
06-29 12:55:22.092  2629  2890 W SessionLifecycleManager: Handover failed. Creating new session controller.
06-29 12:55:22.123  3472 22268 E FA      : Task exception on worker thread: java.lang.IllegalAccessError: Method 'void android.support.v4.content.ContextCompat.<init>()' is inaccessible to class 'com.google.firebase.iid.zzg' (declaration of 'com.google.firebase.iid.zzg' appears in /data/app/net.osmand-3e2027wrPNiMXbTSfYMHIA==/base.apk): com.google.android.gms.measurement.internal.zzt.zzEd(Unknown Source:3)
06-29 12:55:22.304  2118  2126 I zygote  : NativeAlloc concurrent copying GC freed 11455(576KB) AllocSpace objects, 4(208KB) LOS objects, 49% free, 4MB/9MB, paused 1.263ms total 1.415s
06-29 12:55:22.444  3472  3472 I net.osmand: RoutingHelper Recalculate route, because correlation  : 1720768.9066770545
06-29 12:55:22.444  3472  3472 I net.osmand: RoutingHelper Recalculate route, because wrong movement direction: 1720791.8
06-29 12:55:22.489  3472  3472 I net.osmand: RoutingHelper Recalculate route, because correlation  : 1720768.9066770545
06-29 12:55:22.660  1600  2369 I WifiService: getWifiEnabledState uid=10032
06-29 12:55:22.751  1399  1414 D hwcomposer: hw_composer sent 6 syncs in 102s
06-29 12:55:22.768  1704  1929 D EGL_emulation: eglMakeCurrent: 0x9e4046c0: ver 2 0 (tinfo 0x9e403690)
06-29 12:55:22.785  1704  1723 I zygote  : NativeAlloc concurrent copying GC freed 37479(1915KB) AllocSpace objects, 0(0B) LOS objects, 43% free, 7MB/13MB, paused 145.061ms total 1.220s
06-29 12:55:22.826  3472  3472 I net.osmand: RoutingHelper Recalculate route, because correlation  : 1720768.9066770545
06-29 12:55:22.826  3472  3472 I net.osmand: RoutingHelper Recalculate route, because wrong movement direction: 1720791.8
06-29 12:55:22.838  3472  3472 I net.osmand: RoutingHelper Recalculate route, because correlation  : 1720768.9066770545
06-29 12:55:22.895  1600  2369 I WifiService: getWifiEnabledState uid=10032
06-29 12:55:22.921  2629 22279 W LocationOracle: No location history returned by ContextManager
06-29 12:55:23.187  1406  1406 I boot-pipe: done populating /dev/random
06-29 12:55:23.224  1964  1964 I GeofencerStateMachine: removeGeofences: removeRequest=RemoveGeofencingRequest[REMOVE_BY_PENDING_INTENT pendingIntent=PendingIntent[creatorPackage=com.google.android.gms], packageName=com.google.android.gms]
06-29 12:55:23.239  1964  1964 I chatty  : uid=10014 com.google.android.gms.persistent identical 1 line
06-29 12:55:23.246  1964  1964 I GeofencerStateMachine: removeGeofences: removeRequest=RemoveGeofencingRequest[REMOVE_BY_PENDING_INTENT pendingIntent=PendingIntent[creatorPackage=com.google.android.gms], packageName=com.google.android.gms]
06-29 12:55:23.343  3472  3482 I zygote  : Background concurrent copying GC freed 225327(6MB) AllocSpace objects, 4(208KB) LOS objects, 25% free, 17MB/23MB, paused 1.239ms total 2.792s
06-29 12:55:23.442  3472  3472 I net.osmand: RoutingHelper Recalculate route, because correlation  : 1720768.9066770545
06-29 12:55:23.445  3472  3472 I net.osmand: RoutingHelper Recalculate route, because correlation  : 1720768.9066770545
06-29 12:55:23.445  3472  3472 I net.osmand: RoutingHelper Recalculate route, because wrong movement direction: 1720791.8
06-29 12:55:23.479  1964 22189 W ctxmgr  : [AclManager] No 3 for (accnt=account#1066226748#, com.google.android.gms(10014):UserVelocityProducer, vrsn=17785022, 0, 3pPkg = null ,  3pMdlId = null ,  pid = 1964). Was: 2 for 1, account#1066226748# [CONTEXT service_id=47 ]
06-29 12:55:23.604  1600  1609 I zygote  : NativeAlloc concurrent copying GC freed 19292(1195KB) AllocSpace objects, 6(248KB) LOS objects, 21% free, 21MB/27MB, paused 3.756ms total 1.477s
06-29 12:55:23.889  1964  1964 I GeofencerStateMachine: removeGeofences: removeRequest=RemoveGeofencingRequest[REMOVE_BY_PENDING_INTENT pendingIntent=PendingIntent[creatorPackage=com.google.android.gms], packageName=com.google.android.gms]
06-29 12:55:23.905  1964  1964 I GeofencerStateMachine: removeGeofences: removeRequest=RemoveGeofencingRequest[REMOVE_BY_PENDING_INTENT pendingIntent=PendingIntent[creatorPackage=com.google.android.gms], packageName=com.google.android.gms]
06-29 12:55:23.945  1964 22287 I PlaceInferenceEngine: [anon] Changed inference mode: 0
06-29 12:55:23.991  1964 22287 I PlaceInferenceEngine: [account#1066226748] Changed inference mode: 0
06-29 12:55:24.097  1600  1611 I ActivityManager: Force stopping com.skgames.trafficrider appid=10081 user=0: from pid 22291
06-29 12:55:24.165  1833  1833 D CarrierSvcBindHelper: No carrier app for: 0
06-29 12:55:24.316  1964 22189 I ctxmgr  : [ProducerStatusImpl] updateStateForNewContextData: inactive, contextName=7 [CONTEXT service_id=47 ]
06-29 12:55:24.429  3472  3472 I net.osmand: RoutingHelper Recalculate route, because correlation  : 1720768.9066770545
06-29 12:55:24.486  1964 22287 I Places  : Converted 1 out of 1 WiFi scans
06-29 12:55:24.489  1600  2369 I WifiService: getConnectionInfo uid=10014
06-29 12:55:24.494  3472  3472 I net.osmand: RoutingHelper Recalculate route, because correlation  : 1720768.9066770545
06-29 12:55:24.494  3472  3472 I net.osmand: RoutingHelper Recalculate route, because wrong movement direction: 1720791.8
06-29 12:55:24.606  3472  3472 I net.osmand: RoutingHelper Recalculate route, because correlation  : 1720768.9066770545
06-29 12:55:24.606  3472  3472 I net.osmand: RoutingHelper Recalculate route, because wrong movement direction: 1720791.8
06-29 12:55:24.624  3472  3472 I net.osmand: RoutingHelper Recalculate route, because correlation  : 1720768.9066770545
06-29 12:55:25.030  1600  2660 I ActivityManager: Force stopping com.EvilChaotic.ModernWarplanes appid=10082 user=0: from pid 22296
06-29 12:55:25.071  1833  1833 D CarrierSvcBindHelper: No carrier app for: 0
06-29 12:55:25.245  1964 22287 I Places  : ?: PlacesBleScanner start() with priority 2
06-29 12:55:25.245  1964 22287 I PlaceInferenceEngine: [anon] Changed inference mode: 1
06-29 12:55:25.246  1964 22287 I PlaceInferenceEngine: [account#1066226748] Changed inference mode: 1
06-29 12:55:25.247  1600  1609 I zygote  : NativeAlloc concurrent copying GC freed 4968(423KB) AllocSpace objects, 1(20KB) LOS objects, 21% free, 21MB/27MB, paused 1.298ms total 1.149s
06-29 12:55:25.301  1964  1964 E BeaconBle: Missing BluetoothAdapter
06-29 12:55:25.302  1964  1964 I BeaconBle: BLE 'KK+' software access layer enabled
06-29 12:55:25.363  1964  1964 I BeaconBle: Client requested scan, settings=BleSettings [scanMode=ZERO_POWER, callbackType=ALL_MATCHES, reportDelayMillis=0, 1 filters, 0 clients, callingClientName=Places]
06-29 12:55:25.366  1964  1964 I BeaconBle: Scan : No clients left, canceling alarm.
06-29 12:55:25.369  1964  1964 E BeaconBle: Scan couldn't start for Places
06-29 12:55:25.369  1964  1964 W Places  : BLE failure while scanning - code 5
06-29 12:55:25.442  3472  3472 I net.osmand: RoutingHelper Recalculate route, because correlation  : 1720768.9066770545
06-29 12:55:25.447  3472  3472 I net.osmand: RoutingHelper Recalculate route, because correlation  : 1720768.9066770545
06-29 12:55:25.448  3472  3472 I net.osmand: RoutingHelper Recalculate route, because wrong movement direction: 1720791.8
06-29 12:55:25.498  1964 22287 I Places  : Converted 1 out of 1 WiFi scans
06-29 12:55:25.499  1600  5171 I WifiService: getConnectionInfo uid=10014
06-29 12:55:25.531  1964 22287 I PlaceInferenceEngine: [account#1066226748] Changed inference mode: 1
06-29 12:55:25.531  1964 22287 I PlaceInferenceEngine: [anon] Changed inference mode: 1
06-29 12:55:25.675  1600  1674 W AlarmManager: Unrecognized alarm listener com.android.server.wifi.WifiConfigStore$1@fa13445
06-29 12:55:25.730  1600  5171 I WifiService: acquireWifiLock uid=10014 lockMode=2
06-29 12:55:25.744  1600  1674 D WifiConfigStore: Writing to stores completed in 69 ms.
06-29 12:55:25.790  1600  5171 I ActivityManager: Force stopping com.ea.games.r3_row appid=10083 user=0: from pid 22301
06-29 12:55:25.833  1833  1833 D CarrierSvcBindHelper: No carrier app for: 0
06-29 12:55:25.905  1964  1978 I zygote  : Background concurrent copying GC freed 84093(3MB) AllocSpace objects, 12(580KB) LOS objects, 32% free, 12MB/18MB, paused 9.571ms total 550.128ms
06-29 12:55:26.263  1964 22189 I PlaceInferenceEngine: No beacon scan available - ignoring candidates.
06-29 12:55:26.328  1964 22189 I PlaceInferenceEngine: No beacon scan available - ignoring candidates.
06-29 12:55:26.434  3472  3472 I net.osmand: RoutingHelper Recalculate route, because correlation  : 1720768.9066770545
06-29 12:55:26.434  3472  3472 I net.osmand: RoutingHelper Recalculate route, because wrong movement direction: 1720791.8
06-29 12:55:26.457  3472  3472 I net.osmand: RoutingHelper Recalculate route, because correlation  : 1720768.9066770545
06-29 12:55:26.510  3472  3472 I net.osmand: RoutingHelper Recalculate route, because correlation  : 1720768.9066770545
06-29 12:55:26.510  3472  3472 I net.osmand: RoutingHelper Recalculate route, because wrong movement direction: 1720791.8
06-29 12:55:26.534  3472  3472 I net.osmand: RoutingHelper Recalculate route, because correlation  : 1720768.9066770545
06-29 12:55:26.639  1600  5171 W ActivityManager: Invalid packageName: android.media.action.IMAGE_CAPTURE
06-29 12:55:27.431  3472  3472 I net.osmand: RoutingHelper Recalculate route, because correlation  : 1720768.9066770545
06-29 12:55:27.431  3472  3472 I net.osmand: RoutingHelper Recalculate route, because wrong movement direction: 1720791.8
06-29 12:55:27.444  3472  3472 I net.osmand: RoutingHelper Recalculate route, because correlation  : 1720768.9066770545
06-29 12:55:28.315  3472  3472 I net.osmand: RoutingHelper Recalculate route, because correlation  : 1720768.9066770545
06-29 12:55:28.315  3472  3472 I net.osmand: RoutingHelper Recalculate route, because wrong movement direction: 1720791.8
06-29 12:55:28.327  3472  3472 I net.osmand: RoutingHelper Recalculate route, because correlation  : 1720768.9066770545
06-29 12:55:28.397  1833  1833 D ServiceStateProvider: subId=1
06-29 12:55:28.456  3472  3472 I net.osmand: RoutingHelper Recalculate route, because correlation  : 1720768.9066770545
06-29 12:55:28.456  3472  3472 I net.osmand: RoutingHelper Recalculate route, because wrong movement direction: 1720791.8
06-29 12:55:28.474  3472  3472 I net.osmand: RoutingHelper Recalculate route, because correlation  : 1720768.9066770545
06-29 12:55:28.560  1833  1833 D TelephonyProvider: subIdString = 1 subId = 1
06-29 12:55:28.572  1964  1964 I GeofencerStateMachine: sendNewTransitions called.
06-29 12:55:28.655  1833  1833 D TelephonyProvider: subIdString = 1 subId = 1
06-29 12:55:28.663  1600  1678 I WifiService: getConnectionInfo uid=1000
06-29 12:55:28.697  1600  1671 D RecurrenceRule: Resolving using anchor 2019-06-29T16:55:28.697Z[GMT]
06-29 12:55:28.708  1600  1671 D RecurrenceRule: Resolving using anchor 2019-06-29T16:55:28.706Z[GMT]
06-29 12:55:28.710  1600  1671 D RecurrenceRule: Cycle 17 from 2019-06-09T00:00Z[GMT] to 2019-07-09T00:00Z[GMT]
06-29 12:55:28.723  1600  1671 D NetworkStats: Resolving plan for NetworkTemplate: matchRule=MOBILE_ALL, subscriberId=310260..., matchSubscriberIds=[310260...]
06-29 12:55:28.732  1600  1671 D NetworkStats: Found active matching subId 1
06-29 12:55:28.732  1833  1833 D TelephonyProvider: subIdString = 1 subId = 1
06-29 12:55:28.822  1600  1671 D NetworkStats: Resolved to plan null
06-29 12:55:28.798  1833  1833 I chatty  : uid=1001(radio) com.android.phone identical 1 line
06-29 12:55:28.839  1833  1833 D TelephonyProvider: subIdString = 1 subId = 1
06-29 12:55:28.877  3472  3472 I net.osmand: RoutingHelper Recalculate route, because correlation  : 1720768.9066770545
06-29 12:55:28.877  3472  3472 I net.osmand: RoutingHelper Recalculate route, because wrong movement direction: 1720791.8
06-29 12:55:28.895  3472  3472 I net.osmand: RoutingHelper Recalculate route, because correlation  : 1720768.9066770545
06-29 12:55:28.906  1833  1833 D TelephonyProvider: subIdString = 1 subId = 1
06-29 12:55:28.954  1833  1833 I chatty  : uid=1001(radio) com.android.phone identical 2 lines
06-29 12:55:28.971  1833  1833 D TelephonyProvider: subIdString = 1 subId = 1
06-29 12:55:29.035  1600  1611 D WificondControl: Scan result ready event
06-29 12:55:29.084  3472  3472 I net.osmand: RoutingHelper Recalculate route, because correlation  : 193.93962541142935
06-29 12:55:29.084  3472  3472 I net.osmand: RoutingHelper Recalculate route, because wrong movement direction: 194.01614
06-29 12:55:29.099  3472  3472 I net.osmand: RoutingHelper Recalculate route, because correlation  : 193.93962541142935
06-29 12:55:29.162  1600  2369 I WifiService: releaseWifiLock uid=10014
06-29 12:55:29.434  3472  3472 I net.osmand: RoutingHelper Recalculate route, because correlation  : 193.93962541142935
06-29 12:55:29.434  3472  3472 I net.osmand: RoutingHelper Recalculate route, because wrong movement direction: 194.01614
06-29 12:55:29.446  3472  3472 I net.osmand: RoutingHelper Recalculate route, because correlation  : 193.93962541142935
06-29 12:55:29.970  3472  3472 I net.osmand: RoutingHelper Recalculate route, because correlation  : 1720768.9066770545
06-29 12:55:29.970  3472  3472 I net.osmand: RoutingHelper Recalculate route, because wrong movement direction: 1720791.8
06-29 12:55:29.999  3472  3472 I net.osmand: RoutingHelper Recalculate route, because correlation  : 1720768.9066770545
06-29 12:55:30.258  1600  1613 E memtrack: Couldn't load memtrack module
06-29 12:55:30.258  1600  1613 W android.os.Debug: failed to get memory consumption info: -1
06-29 12:55:30.457  3472  3472 I net.osmand: RoutingHelper Recalculate route, because correlation  : 1720768.9066770545
06-29 12:55:30.457  3472  3472 I net.osmand: RoutingHelper Recalculate route, because wrong movement direction: 1720791.8
06-29 12:55:30.464  3472  3472 I net.osmand: RoutingHelper Recalculate route, because correlation  : 1720768.9066770545
06-29 12:55:30.479  3472  3472 I net.osmand: RoutingHelper Recalculate route, because correlation  : 1720768.9066770545
06-29 12:55:30.479  3472  3472 I net.osmand: RoutingHelper Recalculate route, because wrong movement direction: 1720791.8
06-29 12:55:30.487  3472  3472 I net.osmand: RoutingHelper Recalculate route, because correlation  : 1720768.9066770545
06-29 12:55:31.003 22322 22322 D AndroidRuntime: >>>>>> START com.android.internal.os.RuntimeInit uid 2000 <<<<<<
06-29 12:55:31.043 22322 22322 W app_process: Could not reserve sentinel fault page
06-29 12:55:31.451  3472  3472 I net.osmand: RoutingHelper Recalculate route, because correlation  : 1720768.9066770545
06-29 12:55:31.472  3472  3472 I net.osmand: RoutingHelper Recalculate route, because correlation  : 1720768.9066770545
06-29 12:55:31.472  3472  3472 I net.osmand: RoutingHelper Recalculate route, because wrong movement direction: 1720791.8
06-29 12:55:31.487  3472  3472 I net.osmand: RoutingHelper Recalculate route, because correlation  : 1720768.9066770545
06-29 12:55:31.488  3472  3472 I net.osmand: RoutingHelper Recalculate route, because wrong movement direction: 1720791.8
06-29 12:55:31.517  3472  3472 I net.osmand: RoutingHelper Recalculate route, because correlation  : 1720768.9066770545
06-29 12:55:31.660 22322 22322 W app_process: Unexpected CPU variant for X86 using defaults: x86
06-29 12:55:31.685 22322 22322 I app_process: The ClassLoaderContext is a special shared library.
06-29 12:55:31.858  3472  3472 I net.osmand: RoutingHelper Recalculate route, because correlation  : 1720768.9066770545
06-29 12:55:31.868  3472  3472 I net.osmand: RoutingHelper Recalculate route, because correlation  : 1720768.9066770545
06-29 12:55:31.868  3472  3472 I net.osmand: RoutingHelper Recalculate route, because wrong movement direction: 1720791.8
06-29 12:55:32.032 22322 22322 D AndroidRuntime: Calling main entry com.android.commands.monkey.Monkey
06-29 12:55:32.042 22322 22322 W Monkey  : args: [-p, net.osmand, -c, android.intent.category.LAUNCHER, 1]
06-29 12:55:32.048 22322 22322 W Monkey  :  arg: "-p"
06-29 12:55:32.054 22322 22322 W Monkey  :  arg: "net.osmand"
06-29 12:55:32.055 22322 22322 W Monkey  :  arg: "-c"
06-29 12:55:32.055 22322 22322 W Monkey  :  arg: "android.intent.category.LAUNCHER"
06-29 12:55:32.056 22322 22322 W Monkey  :  arg: "1"
06-29 12:55:32.056 22322 22322 W Monkey  : data="net.osmand"
06-29 12:55:32.057 22322 22322 W Monkey  : data="android.intent.category.LAUNCHER"
06-29 12:55:32.224  1600  1614 W BroadcastQueue: Skipping deliver [background] BroadcastRecord{cb7acce u-1 android.net.conn.CONNECTIVITY_CHANGE} to ReceiverList{62f87ef 22322 (unknown name)/2000/u-1 remote:a5ef9d0}: process gone or crashing
06-29 12:55:32.317  1600  2369 I ActivityManager: START u0 {act=android.intent.action.MAIN cat=[android.intent.category.LAUNCHER] flg=0x10200000 cmp=net.osmand/.plus.activities.MapActivity} from uid 2000
06-29 12:55:32.338  1600  2369 W Binder  : Outgoing transactions from this process must be FLAG_ONEWAY
06-29 12:55:32.338  1600  2369 W Binder  : java.lang.Throwable
06-29 12:55:32.338  1600  2369 W Binder  : 	at android.os.BinderProxy.transact(Binder.java:752)
06-29 12:55:32.338  1600  2369 W Binder  : 	at android.app.IActivityController$Stub$Proxy.activityStarting(IActivityController.java:172)
06-29 12:55:32.338  1600  2369 W Binder  : 	at com.android.server.am.ActivityStarter.startActivity(ActivityStarter.java:449)
06-29 12:55:32.338  1600  2369 W Binder  : 	at com.android.server.am.ActivityStarter.startActivityLocked(ActivityStarter.java:278)
06-29 12:55:32.338  1600  2369 W Binder  : 	at com.android.server.am.ActivityStarter.startActivityMayWait(ActivityStarter.java:817)
06-29 12:55:32.338  1600  2369 W Binder  : 	at com.android.server.am.ActivityManagerService.startActivityAsUser(ActivityManagerService.java:4532)
06-29 12:55:32.338  1600  2369 W Binder  : 	at com.android.server.am.ActivityManagerService.startActivity(ActivityManagerService.java:4519)
06-29 12:55:32.338  1600  2369 W Binder  : 	at android.app.IActivityManager$Stub.onTransact(IActivityManager.java:121)
06-29 12:55:32.338  1600  2369 W Binder  : 	at com.android.server.am.ActivityManagerService.onTransact(ActivityManagerService.java:2919)
06-29 12:55:32.338  1600  2369 W Binder  : 	at android.os.Binder.execTransact(Binder.java:697)
06-29 12:55:32.451  3472  3472 I net.osmand: RoutingHelper Recalculate route, because correlation  : 1720768.9066770545
06-29 12:55:32.452  3472  3472 I net.osmand: RoutingHelper Recalculate route, because wrong movement direction: 1720791.8
06-29 12:55:32.507  3472  3472 I net.osmand: RoutingHelper Recalculate route, because correlation  : 1720768.9066770545
06-29 12:55:32.520  1600  2369 W ResourceType: ResTable_typeSpec entry count inconsistent: given 5115, previously 5124
06-29 12:55:32.528  1600  2369 W ResourceType: ResTable_typeSpec entry count inconsistent: given 142, previously 459
06-29 12:55:32.529  1600  2369 W ResourceType: For resource 0x7f0e00c0, entry index(192) is beyond type entryCount(142)
06-29 12:55:32.529  1600  2369 W ResourceType: For resource 0x7f0e00d1, entry index(209) is beyond type entryCount(142)
06-29 12:55:32.529  1600  2369 W ResourceType: For resource 0x7f0e00cb, entry index(203) is beyond type entryCount(142)
06-29 12:55:32.529  1600  2369 W ResourceType: For resource 0x7f0e014d, entry index(333) is beyond type entryCount(142)
06-29 12:55:32.529  1600  2369 W ResourceType: For resource 0x7f0e00dd, entry index(221) is beyond type entryCount(142)
06-29 12:55:32.529  1600  2369 W ResourceType: For resource 0x7f0e00e4, entry index(228) is beyond type entryCount(142)
06-29 12:55:32.575 22322 22322 I Monkey  : Events injected: 1
06-29 12:55:32.772  2118  2184 D EGL_emulation: eglMakeCurrent: 0x8b867100: ver 2 0 (tinfo 0x8b8707f0)
06-29 12:55:32.781  1600  1617 E BatteryExternalStatsWorker: modem info is invalid: ModemActivityInfo{ mTimestamp=0 mSleepTimeMs=0 mIdleTimeMs=0 mTxTimeMs[]=[0, 0, 0, 0, 0] mRxTimeMs=0 mEnergyUsed=0}
06-29 12:55:32.782  2629  2884 D EGL_emulation: eglMakeCurrent: 0xa61b6ce0: ver 2 0 (tinfo 0xa619b690)
06-29 12:55:32.879 22322 22322 I Monkey  : ## Network stats: elapsed time=511ms (0ms mobile, 0ms wifi, 511ms not connected)
06-29 12:55:32.887 22322 22322 I com.android.commands.monkey: System.exit called, status: 0
06-29 12:55:32.888 22322 22322 I AndroidRuntime: VM exiting with result code 0.
06-29 12:55:32.940  3472  3472 D InAppPurchaseHelper: Destroying helper.
06-29 12:55:32.980  1704  1929 D EGL_emulation: eglMakeCurrent: 0x9e4046c0: ver 2 0 (tinfo 0x9e403690)
06-29 12:55:33.101  3472  3472 D net.osmand: Enable sensor
06-29 12:55:33.150  1600  1600 W NotificationService: Removed summary didn't match old notification: old=0|net.osmand|100|null|10104, removed=0|net.osmand|100|null|10104
06-29 12:55:33.157  1704  1929 D EGL_emulation: eglMakeCurrent: 0x9e4046c0: ver 2 0 (tinfo 0x9e403690)
06-29 12:55:33.188  1704  1929 D EGL_emulation: eglMakeCurrent: 0x9e4046c0: ver 2 0 (tinfo 0x9e403690)
06-29 12:55:33.260  1600  1610 I GnssLocationProvider: WakeLock acquired by sendMessage(SET_REQUEST, 0, com.android.server.location.GnssLocationProvider$GpsRequest@afa85e7)
06-29 12:55:33.261  1600  1613 I GnssLocationProvider: WakeLock released by handleMessage(SET_REQUEST, 0, com.android.server.location.GnssLocationProvider$GpsRequest@afa85e7)
06-29 12:55:33.559  3472  3472 W System.err: OnCreate for MapActivity took 617 ms
06-29 12:55:33.596  3472  3472 I Choreographer: Skipped 56 frames!  The application may be doing too much work on its main thread.
06-29 12:55:33.686  1398  1398 D gralloc_ranchu: gralloc_alloc: Creating ashmem region of size 8298496
06-29 12:55:33.689  3472  3472 W ResourceType: For resource 0x7f0e013b, entry index(315) is beyond type entryCount(142)
06-29 12:55:33.770  3472  3472 I chatty  : uid=10104(net.osmand) identical 68 lines
06-29 12:55:33.770  3472  3472 W ResourceType: For resource 0x7f0e013b, entry index(315) is beyond type entryCount(142)
06-29 12:55:33.786  1408  1423 E SurfaceFlinger: Permission Denial: can't openGlobalTransaction pid=3472, uid<=10104
06-29 12:55:33.786  3472  3472 E BpSurfaceComposerClient: Failed to transact (-1)
06-29 12:55:33.791  1408  1663 E SurfaceFlinger: Permission Denial: can't openGlobalTransaction pid=3472, uid<=10104
06-29 12:55:33.794  3472  3472 E BpSurfaceComposerClient: Failed to transact (-1)
06-29 12:55:33.799  3472  3472 I net.osmand: RoutingHelper Recalculate route, because correlation  : 1720768.9066770545
06-29 12:55:33.801  3472  3472 I net.osmand: RoutingHelper Recalculate route, because correlation  : 1720768.9066770545
06-29 12:55:33.802  3472  3472 I net.osmand: RoutingHelper Recalculate route, because wrong movement direction: 1720791.8
06-29 12:55:33.819  3472  3472 I net.osmand: RoutingHelper Recalculate route, because correlation  : 1720768.9066770545
06-29 12:55:33.819  3472  3472 I net.osmand: RoutingHelper Recalculate route, because wrong movement direction: 1720791.8
06-29 12:55:33.830  3472  3472 I net.osmand: RoutingHelper Recalculate route, because correlation  : 1720768.9066770545
06-29 12:55:33.838  3472  3540 D EGL_emulation: eglMakeCurrent: 0x9e4043c0: ver 2 0 (tinfo 0x9e403290)
06-29 12:55:33.847  1964  1964 I GeofencerStateMachine: sendNewLocationAvailability: availability=LocationAvailability[isLocationAvailable: true]
06-29 12:55:33.860  1398  1398 D gralloc_ranchu: gralloc_alloc: Creating ashmem region of size 8298496
06-29 12:55:33.904  1704  1929 D EGL_emulation: eglMakeCurrent: 0x9e4046c0: ver 2 0 (tinfo 0x9e403690)
06-29 12:55:33.952  3472  3472 I net.osmand: RoutingHelper Recalculate route, because correlation  : 1720768.9066770545
06-29 12:55:33.952  3472  3472 I net.osmand: RoutingHelper Recalculate route, because wrong movement direction: 1720791.8
06-29 12:55:33.960  3472  3472 I net.osmand: RoutingHelper Recalculate route, because correlation  : 1720768.9066770545
06-29 12:55:33.963  1704  1929 D EGL_emulation: eglMakeCurrent: 0x9e4046c0: ver 2 0 (tinfo 0x9e403690)
06-29 12:55:33.976  1398  1398 D gralloc_ranchu: gralloc_alloc: Creating ashmem region of size 3878912
06-29 12:55:34.131  1398  1398 D gralloc_ranchu: gralloc_alloc: Creating ashmem region of size 8298496
06-29 12:55:34.187  1398  1435 D gralloc_ranchu: gralloc_alloc: Creating ashmem region of size 3878912
06-29 12:55:34.308  1398  1435 D gralloc_ranchu: gralloc_alloc: Creating ashmem region of size 3878912
06-29 12:55:34.389  1704  1929 D EGL_emulation: eglMakeCurrent: 0x9e4046c0: ver 2 0 (tinfo 0x9e403690)
06-29 12:55:34.428  1704  1929 D EGL_emulation: eglMakeCurrent: 0x9e4046c0: ver 2 0 (tinfo 0x9e403690)
06-29 12:55:34.485  1408  1408 W SurfaceFlinger: couldn't log to binary event log: overflow.
06-29 12:55:34.518  3472  3472 I net.osmand: RoutingHelper Recalculate route, because correlation  : 1720768.9066770545
06-29 12:55:34.518  3472  3472 I net.osmand: RoutingHelper Recalculate route, because wrong movement direction: 1720791.8
06-29 12:55:34.587  3472  3472 I net.osmand: RoutingHelper Recalculate route, because correlation  : 1720768.9066770545
06-29 12:55:34.678  2629 22277 I PBSessionCacheImpl: Deleted sessionId[7574760714175] from persistence.
06-29 12:55:34.782  2629  2890 W SearchServiceCore: Abort, client detached.
06-29 12:55:34.824  1600  4486 I WifiService: getWifiEnabledState uid=10032
06-29 12:55:34.950  1704  1723 I zygote  : NativeAlloc concurrent copying GC freed 12228(792KB) AllocSpace objects, 0(0B) LOS objects, 44% free, 7MB/13MB, paused 1.571ms total 1.796s
06-29 12:55:34.997  1704  1929 D EGL_emulation: eglMakeCurrent: 0x9e4046c0: ver 2 0 (tinfo 0x9e403690)
06-29 12:55:35.409  3472  3472 I net.osmand: RoutingHelper Recalculate route, because correlation  : 1720768.9066770545
06-29 12:55:35.409  3472  3472 I net.osmand: RoutingHelper Recalculate route, because wrong movement direction: 1720791.8
06-29 12:55:35.504  3472  3472 I net.osmand: RoutingHelper Recalculate route, because correlation  : 1720768.9066770545
06-29 12:55:35.504  3472  3472 I net.osmand: RoutingHelper Recalculate route, because wrong movement direction: 1720791.8
06-29 12:55:35.528  3472  3472 I net.osmand: RoutingHelper Recalculate route, because correlation  : 1720768.9066770545
06-29 12:55:35.553  3472  3472 I net.osmand: RoutingHelper Recalculate route, because correlation  : 1720768.9066770545
06-29 12:55:35.553  3472  3472 I net.osmand: RoutingHelper Recalculate route, because wrong movement direction: 1720791.8
06-29 12:55:35.605  3472  3472 I net.osmand: RoutingHelper Recalculate route, because correlation  : 1720768.9066770545
06-29 12:55:35.616  3472  3472 I chatty  : uid=10104(net.osmand) identical 1 line
06-29 12:55:36.447  3472  3472 I net.osmand: RoutingHelper Recalculate route, because correlation  : 1720768.9066770545
06-29 12:55:36.447  3472  3472 I net.osmand: RoutingHelper Recalculate route, because wrong movement direction: 1720791.8
06-29 12:55:36.514  3472  3472 I net.osmand: RoutingHelper Recalculate route, because correlation  : 1720768.9066770545
06-29 12:55:36.992  3472  3472 I chatty  : uid=10104(net.osmand) identical 1 line
06-29 12:55:36.998  3472  3472 I net.osmand: RoutingHelper Recalculate route, because correlation  : 1720768.9066770545
06-29 12:55:36.998  3472  3472 I net.osmand: RoutingHelper Recalculate route, because wrong movement direction: 1720791.8
06-29 12:55:37.220  3472  3472 I net.osmand: RoutingHelper Recalculate route, because correlation  : 1720768.9066770545
06-29 12:55:37.230  3472  3472 I net.osmand: RoutingHelper Recalculate route, because correlation  : 1720768.9066770545
06-29 12:55:37.230  3472  3472 I net.osmand: RoutingHelper Recalculate route, because wrong movement direction: 1720791.8
06-29 12:55:37.462  3472  3472 I net.osmand: RoutingHelper Recalculate route, because correlation  : 1720768.9066770545
06-29 12:55:37.464  3472  3472 I net.osmand: RoutingHelper Recalculate route, because correlation  : 1720768.9066770545
06-29 12:55:37.465  3472  3472 I net.osmand: RoutingHelper Recalculate route, because wrong movement direction: 1720791.8
06-29 12:55:38.486  3472  3472 I net.osmand: RoutingHelper Recalculate route, because correlation  : 1720768.9066770545
06-29 12:55:38.519  3472  3472 I net.osmand: RoutingHelper Recalculate route, because correlation  : 1720768.9066770545
06-29 12:55:38.519  3472  3472 I net.osmand: RoutingHelper Recalculate route, because wrong movement direction: 1720791.8
06-29 12:55:38.718  3472  3472 I net.osmand: RoutingHelper Recalculate route, because correlation  : 1720768.9066770545
06-29 12:55:38.719  3472  3472 I net.osmand: RoutingHelper Recalculate route, because wrong movement direction: 1720791.8
06-29 12:55:38.742  3472  3472 I net.osmand: RoutingHelper Recalculate route, because correlation  : 1720768.9066770545
06-29 12:55:38.742  3472  3472 I net.osmand: RoutingHelper Recalculate route, because wrong movement direction: 1720791.8
06-29 12:55:38.815  3472  3472 I net.osmand: RoutingHelper Recalculate route, because correlation  : 1720768.9066770545
06-29 12:55:39.442  3472  3472 I chatty  : uid=10104(net.osmand) identical 2 lines
06-29 12:55:39.469  3472  3472 I net.osmand: RoutingHelper Recalculate route, because correlation  : 1720768.9066770545
06-29 12:55:39.469  3472  3472 I net.osmand: RoutingHelper Recalculate route, because wrong movement direction: 1720791.8
06-29 12:55:40.077  1964 22287 I Places  : ?: PlacesBleScanner stop()
06-29 12:55:40.098  1964  1964 I BeaconBle: Scan : No clients left, canceling alarm.
06-29 12:55:40.107  1964  1964 I BeaconBle: Scan canceled successfully.
06-29 12:55:40.140  1964 22287 I PlaceInferenceEngine: [anon] Changed inference mode: 0
06-29 12:55:40.143  1964 22287 I PlaceInferenceEngine: [account#1066226748] Changed inference mode: 0
06-29 12:55:40.238  1964  1964 I GeofencerStateMachine: removeGeofences: removeRequest=RemoveGeofencingRequest[REMOVE_BY_PENDING_INTENT pendingIntent=PendingIntent[creatorPackage=com.google.android.gms], packageName=com.google.android.gms]
06-29 12:55:40.355  3472  3472 I net.osmand: RoutingHelper Recalculate route, because correlation  : 1720768.9066770545
06-29 12:55:40.355  3472  3472 I net.osmand: RoutingHelper Recalculate route, because wrong movement direction: 1720791.8
06-29 12:55:40.427  3472  3472 I net.osmand: RoutingHelper Recalculate route, because correlation  : 1720768.9066770545
06-29 12:55:40.496  3472  3472 I chatty  : uid=10104(net.osmand) identical 1 line
06-29 12:55:40.576  3472  3472 I net.osmand: RoutingHelper Recalculate route, because correlation  : 1720768.9066770545
06-29 12:55:40.576  3472  3472 I net.osmand: RoutingHelper Recalculate route, because wrong movement direction: 1720791.8
06-29 12:55:40.646  1964  2256 W MessageQueue: Handler (aeyl) {169af01} sending message to a Handler on a dead thread
06-29 12:55:40.646  1964  2256 W MessageQueue: java.lang.IllegalStateException: Handler (aeyl) {169af01} sending message to a Handler on a dead thread
06-29 12:55:40.646  1964  2256 W MessageQueue: 	at android.os.MessageQueue.enqueueMessage(MessageQueue.java:545)
06-29 12:55:40.646  1964  2256 W MessageQueue: 	at android.os.Handler.enqueueMessage(Handler.java:662)
06-29 12:55:40.646  1964  2256 W MessageQueue: 	at android.os.Handler.sendMessageAtTime(Handler.java:631)
06-29 12:55:40.646  1964  2256 W MessageQueue: 	at aeyl.sendMessageAtTime(Unknown Source:3)
06-29 12:55:40.646  1964  2256 W MessageQueue: 	at android.os.Handler.sendMessageDelayed(Handler.java:601)
06-29 12:55:40.646  1964  2256 W MessageQueue: 	at android.os.Handler.post(Handler.java:357)
06-29 12:55:40.646  1964  2256 W MessageQueue: 	at bcln.execute(Unknown Source:2)
06-29 12:55:40.646  1964  2256 W MessageQueue: 	at aanh.execute(Unknown Source:9)
06-29 12:55:40.646  1964  2256 W MessageQueue: 	at avft.a(:com.google.android.gms@17785022@17.7.85 (040700-253824076):3)
06-29 12:55:40.646  1964  2256 W MessageQueue: 	at avgk.a(:com.google.android.gms@17785022@17.7.85 (040700-253824076):8)
06-29 12:55:40.646  1964  2256 W MessageQueue: 	at avgn.a(:com.google.android.gms@17785022@17.7.85 (040700-253824076):43)
06-29 12:55:40.646  1964  2256 W MessageQueue: 	at avgj.a(:com.google.android.gms@17785022@17.7.85 (040700-253824076):2)
06-29 12:55:40.646  1964  2256 W MessageQueue: 	at rpj.a(:com.google.android.gms@17785022@17.7.85 (040700-253824076):3)
06-29 12:55:40.646  1964  2256 W MessageQueue: 	at rpj.a(:com.google.android.gms@17785022@17.7.85 (040700-253824076):2)
06-29 12:55:40.646  1964  2256 W MessageQueue: 	at agos.a(Unknown Source:2)
06-29 12:55:40.646  1964  2256 W MessageQueue: 	at rnt.a(Unknown Source:11)
06-29 12:55:40.646  1964  2256 W MessageQueue: 	at aamg.a(:com.google.android.gms@17785022@17.7.85 (040700-253824076):1)
06-29 12:55:40.646  1964  2256 W MessageQueue: 	at cwm.onTransact(:com.google.android.gms@17785022@17.7.85 (040700-253824076):4)
06-29 12:55:40.646  1964  2256 W MessageQueue: 	at android.os.Binder.execTransact(Binder.java:697)
06-29 12:55:40.890  3472  3472 I net.osmand: RoutingHelper Recalculate route, because correlation  : 1720768.9066770545
06-29 12:55:40.950  3472  3472 I net.osmand: RoutingHelper Recalculate route, because correlation  : 1720768.9066770545
06-29 12:55:40.950  3472  3472 I net.osmand: RoutingHelper Recalculate route, because wrong movement direction: 1720791.8
06-29 12:55:41.466  3472  3472 I net.osmand: RoutingHelper Recalculate route, because correlation  : 1720768.9066770545
06-29 12:55:41.467  3472  3472 I net.osmand: RoutingHelper Recalculate route, because wrong movement direction: 1720791.8
06-29 12:55:41.518  3472  3472 I net.osmand: RoutingHelper Recalculate route, because correlation  : 1720768.9066770545
06-29 12:55:41.875  3472  3472 I chatty  : uid=10104(net.osmand) identical 1 line
06-29 12:55:41.896  3472  3472 I net.osmand: RoutingHelper Recalculate route, because correlation  : 1720768.9066770545
06-29 12:55:41.896  3472  3472 I net.osmand: RoutingHelper Recalculate route, because wrong movement direction: 1720791.8
06-29 12:55:42.374  3472  3472 I net.osmand: RoutingHelper Recalculate route, because correlation  : 1720768.9066770545
06-29 12:55:42.385  3472  3472 I net.osmand: RoutingHelper Recalculate route, because correlation  : 1720768.9066770545
06-29 12:55:42.385  3472  3472 I net.osmand: RoutingHelper Recalculate route, because wrong movement direction: 1720791.8
06-29 12:55:42.466  3472  3472 I net.osmand: RoutingHelper Recalculate route, because correlation  : 1720768.9066770545
06-29 12:55:42.470  3472  3472 I net.osmand: RoutingHelper Recalculate route, because correlation  : 1720768.9066770545
06-29 12:55:42.470  3472  3472 I net.osmand: RoutingHelper Recalculate route, because wrong movement direction: 1720791.8
06-29 12:55:43.260  3472  3472 I net.osmand: RoutingHelper Recalculate route, because correlation  : 1720768.9066770545
06-29 12:55:43.321  3472  3472 I net.osmand: RoutingHelper Recalculate route, because correlation  : 1720768.9066770545
06-29 12:55:43.321  3472  3472 I net.osmand: RoutingHelper Recalculate route, because wrong movement direction: 1720791.8
06-29 12:55:43.492  3472  3472 I net.osmand: RoutingHelper Recalculate route, because correlation  : 1720768.9066770545
06-29 12:55:43.492  3472  3472 I net.osmand: RoutingHelper Recalculate route, because wrong movement direction: 1720791.8
06-29 12:55:43.506  3472  3472 I net.osmand: RoutingHelper Recalculate route, because correlation  : 1720768.9066770545
06-29 12:55:43.744  1600  1613 E memtrack: Couldn't load memtrack module
06-29 12:55:43.744  1600  1613 W android.os.Debug: failed to get memory consumption info: -1
06-29 12:55:43.924  1600  1613 E memtrack: Couldn't load memtrack module
06-29 12:55:43.924  1600  1613 W android.os.Debug: failed to get memory consumption info: -1
06-29 12:55:44.058  3472  3472 I net.osmand: RoutingHelper Recalculate route, because correlation  : 1720768.9066770545
06-29 12:55:44.058  3472  3472 I net.osmand: RoutingHelper Recalculate route, because wrong movement direction: 1720791.8
06-29 12:55:44.069  3472  3472 I net.osmand: RoutingHelper Recalculate route, because correlation  : 1720768.9066770545
06-29 12:55:44.233  1600  1609 I zygote  : Background concurrent copying GC freed 42564(2MB) AllocSpace objects, 24(864KB) LOS objects, 21% free, 21MB/27MB, paused 1.422ms total 960.227ms
06-29 12:55:44.459  3472  3472 I net.osmand: RoutingHelper Recalculate route, because correlation  : 1720768.9066770545
06-29 12:55:44.459  3472  3472 I net.osmand: RoutingHelper Recalculate route, because wrong movement direction: 1720791.8
06-29 12:55:44.628  3472  3472 I net.osmand: RoutingHelper Recalculate route, because correlation  : 1720768.9066770545
06-29 12:55:44.664  2629  2890 I WorkerManager: dispose()
06-29 12:55:44.749  2629  2646 W zygote  : Suspending all threads took: 54.546ms
06-29 12:55:44.780  2629  2890 W ThreadPoolDumper: Queue length for executor EventBus is now 11. Perhaps some tasks are too long, or the pool is too small.
06-29 12:55:44.945  3472  3472 I net.osmand: RoutingHelper Recalculate route, because correlation  : 1720768.9066770545
06-29 12:55:44.955  3472  3472 I net.osmand: RoutingHelper Recalculate route, because correlation  : 1720768.9066770545
06-29 12:55:44.955  3472  3472 I net.osmand: RoutingHelper Recalculate route, because wrong movement direction: 1720791.8
06-29 12:55:45.132  1600  1613 E memtrack: Couldn't load memtrack module
06-29 12:55:45.133  1600  1613 W android.os.Debug: failed to get memory consumption info: -1
06-29 12:55:45.140  1964  1964 I BeaconBle: Scan : No clients left, canceling alarm.
06-29 12:55:45.420  1600  1611 I WifiService: getConnectionInfo uid=10014
06-29 12:55:45.526  3472  3472 I net.osmand: RoutingHelper Recalculate route, because correlation  : 1720768.9066770545
06-29 12:55:45.526  3472  3472 I net.osmand: RoutingHelper Recalculate route, because wrong movement direction: 1720791.8
06-29 12:55:45.528  3472  3472 I net.osmand: RoutingHelper Recalculate route, because correlation  : 1720768.9066770545
06-29 12:55:45.660  3472  3472 I net.osmand: RoutingHelper Recalculate route, because correlation  : 1720768.9066770545
06-29 12:55:45.661  3472  3472 I net.osmand: RoutingHelper Recalculate route, because wrong movement direction: 1720791.8
06-29 12:55:45.744  3472  3472 I net.osmand: RoutingHelper Recalculate route, because correlation  : 1720768.9066770545
06-29 12:55:46.311  3472  3472 I net.osmand: RoutingHelper Recalculate route, because correlation  : 1720768.9066770545
06-29 12:55:46.311  3472  3472 I net.osmand: RoutingHelper Recalculate route, because wrong movement direction: 1720791.8
06-29 12:55:46.377  3472  3472 I net.osmand: RoutingHelper Recalculate route, because correlation  : 1720768.9066770545
06-29 12:55:46.532  3472  3472 I chatty  : uid=10104(net.osmand) identical 1 line
06-29 12:55:46.542  3472  3472 I net.osmand: RoutingHelper Recalculate route, because correlation  : 1720768.9066770545
06-29 12:55:46.542  3472  3472 I net.osmand: RoutingHelper Recalculate route, because wrong movement direction: 1720791.8
06-29 12:55:46.971  3472  3472 I net.osmand: RoutingHelper Recalculate route, because correlation  : 1720768.9066770545
06-29 12:55:46.997  3472  3472 I net.osmand: RoutingHelper Recalculate route, because correlation  : 1720768.9066770545
06-29 12:55:46.997  3472  3472 I net.osmand: RoutingHelper Recalculate route, because wrong movement direction: 1720791.8
06-29 12:55:47.463  3472  3472 I net.osmand: RoutingHelper Recalculate route, because correlation  : 1720768.9066770545
06-29 12:55:47.464  3472  3472 I net.osmand: RoutingHelper Recalculate route, because wrong movement direction: 1720791.8
06-29 12:55:47.503  3472  3472 I net.osmand: RoutingHelper Recalculate route, because correlation  : 1720768.9066770545
06-29 12:55:47.866  3472  3472 I chatty  : uid=10104(net.osmand) identical 1 line
06-29 12:55:47.868  3472  3472 I net.osmand: RoutingHelper Recalculate route, because correlation  : 1720768.9066770545
06-29 12:55:47.869  3472  3472 I net.osmand: RoutingHelper Recalculate route, because wrong movement direction: 1720791.8
06-29 12:55:48.450  3472  3472 I net.osmand: RoutingHelper Recalculate route, because correlation  : 1720768.9066770545
06-29 12:55:48.450  3472  3472 I net.osmand: RoutingHelper Recalculate route, because wrong movement direction: 1720791.8
06-29 12:55:48.581  3472  3472 I net.osmand: RoutingHelper Recalculate route, because correlation  : 1720768.9066770545
06-29 12:55:48.764  3472  3472 I chatty  : uid=10104(net.osmand) identical 1 line
06-29 12:55:48.772  3472  3472 I net.osmand: RoutingHelper Recalculate route, because correlation  : 1720768.9066770545
06-29 12:55:48.772  3472  3472 I net.osmand: RoutingHelper Recalculate route, because wrong movement direction: 1720791.8
06-29 12:55:49.448  3472  3472 I net.osmand: RoutingHelper Recalculate route, because correlation  : 1720768.9066770545
06-29 12:55:49.532  3472  3472 I chatty  : uid=10104(net.osmand) identical 1 line
06-29 12:55:49.551  3472  3472 I net.osmand: RoutingHelper Recalculate route, because correlation  : 1720768.9066770545
06-29 12:55:49.551  3472  3472 I net.osmand: RoutingHelper Recalculate route, because wrong movement direction: 1720791.8
06-29 12:55:49.582  3472  3472 I net.osmand: RoutingHelper Recalculate route, because correlation  : 1720768.9066770545
06-29 12:55:49.582  3472  3472 I net.osmand: RoutingHelper Recalculate route, because wrong movement direction: 1720791.8
06-29 12:55:50.153  3472  3472 I net.osmand: RoutingHelper Recalculate route, because correlation  : 1720768.9066770545
06-29 12:55:50.154  3472  3472 I net.osmand: RoutingHelper Recalculate route, because wrong movement direction: 1720791.8
06-29 12:55:50.217  3472  3472 I net.osmand: RoutingHelper Recalculate route, because correlation  : 1720768.9066770545
06-29 12:55:50.449  3472  3472 I net.osmand: RoutingHelper Recalculate route, because correlation  : 1720768.9066770545
06-29 12:55:50.449  3472  3472 I net.osmand: RoutingHelper Recalculate route, because wrong movement direction: 1720791.8
06-29 12:55:50.462  3472  3472 I net.osmand: RoutingHelper Recalculate route, because correlation  : 1720768.9066770545
06-29 12:55:50.947  3472  3472 I net.osmand: RoutingHelper Recalculate route, because correlation  : 1720768.9066770545
06-29 12:55:50.947  3472  3472 I net.osmand: RoutingHelper Recalculate route, because wrong movement direction: 1720791.8
