06-29 13:30:19.302 23488 23498 I zygote  : Background concurrent copying GC freed 146427(5MB) AllocSpace objects, 17(344KB) LOS objects, 26% free, 16MB/22MB, paused 1.387ms total 303.023ms
06-29 13:30:19.868 23488 24745 W net.osmand:native: [Native] Result visited (visited roads 1852, visited segments 966 / 975 , queue sizes 354 / 304 ) 
06-29 13:30:19.869 23488 24745 W net.osmand:native: [Native] Result timing (time to load 0, time to calc 717, loaded tiles 40) 
06-29 13:30:19.869 23488 24745 W net.osmand:native: [Native] Memory occupied (Routing context 1059 Kb, search 35 Kb)
06-29 13:30:19.875 23488 24745 I net.osmand:native: Routing calculated time distance 342.482056
06-29 13:30:19.911 23488 24745 I net.osmand: RoutePlannerFrontEnd Native routing took 0.87 seconds
06-29 13:30:19.928 23488 23488 I net.osmand: RoutingHelper Recalculate route, because correlation  : 85.32145589919706
06-29 13:30:19.958 23488 24745 I System.out: ROUTE : 
06-29 13:30:19.959 23488 24745 I net.osmand: RouteResultPreparation <test regions="" description="" best_percent="" vehicle="car" 
06-29 13:30:19.959 23488 24745 I net.osmand:   start_lat="0.00179" start_lon="-51.07850" target_lat="-0.00069" target_lon="-51.09564"  routing_time="342.48" loadedTiles="40" visitedSegments="1852" complete_distance="2723.24" complete_time="218.81" >
06-29 13:30:19.959 23488 24745 I System.out: <test regions="" description="" best_percent="" vehicle="car" 
06-29 13:30:19.959 23488 24745 I System.out:   start_lat="0.00179" start_lon="-51.07850" target_lat="-0.00069" target_lon="-51.09564"  routing_time="342.48" loadedTiles="40" visitedSegments="1852" complete_distance="2723.24" complete_time="218.81" >
06-29 13:30:19.959 23488 24745 I System.out: </test>
06-29 13:30:19.959 23488 24745 I System.out: <test regions="" description="" best_percent="" vehicle="car" 
06-29 13:30:19.959 23488 24745 I System.out:   start_lat="0.00179" start_lon="-51.07850" target_lat="-0.00069" target_lon="-51.09564"  routing_time="342.48" loadedTiles="40" visitedSegments="1852" complete_distance="2723.24" complete_time="218.81" >
06-29 13:30:19.977 23488 24745 I net.osmand: RouteProvider Finding route contained 32 points for 1282 ms
06-29 13:30:19.996 23488 24745 I net.osmand: TTSCommandPlayerImpl Send message to pebble Rota recalculada cerca de  2 milhas tempo estimado de   4 minutos.  
06-29 13:30:19.996 23488 24745 D net.osmand: AbstractPrologCommandPlayer requestAudioFocus
06-29 13:30:19.997 23488 24745 W AudioManager: Use of stream types is deprecated for operations other than volume control
06-29 13:30:19.997 23488 24745 W AudioManager: See the documentation of requestAudioFocus() for what to use instead with android.media.AudioAttributes to qualify your playback use case
06-29 13:30:19.997  1600  2660 I MediaFocusControl: requestAudioFocus() from uid/pid 10104/23488 clientId=android.media.AudioManager@68e89e5net.osmand.plus.api.AudioFocusHelperImpl@f551326 callingPack=net.osmand req=3 flags=0x0 sdk=26
06-29 13:30:19.998 23488 24745 D net.osmand: TTSCommandPlayerImpl ttsRequests=1
06-29 13:30:20.012 23796 23843 I TTS.GoogleTTSServiceImp: Synthesis request for locale por-BRA and name pt-BR-language
06-29 13:30:20.014 23796 23843 I TTS.GoogleTTSServiceImp: TTS dispatch: pt-br-x-afs-lstm-embedded
06-29 13:30:20.161 23488 23488 D net.osmand: RoutingHelper Processed point bearing deltas : 43.07132339477539 42.90125274658203
06-29 13:30:20.216 23488 23488 I net.osmand: TTSCommandPlayerImpl Send message to pebble aps  2 dcimos de milha vire  direita para   Rua VictorMota Dias ento  mantenha-se  esquerda 
06-29 13:30:20.216 23488 23488 D net.osmand: TTSCommandPlayerImpl ttsRequests=2
06-29 13:30:20.224 23796 23844 D AudioTrack: Client defaulted notificationFrames to 1365 for frameCount 4096
06-29 13:30:20.233  1600  7948 V MediaRouterService: restoreBluetoothA2dp(false)
06-29 13:30:20.238  1390  2659 W audio_hw_generic: Not supplying enough data to HAL, expected position 142976909 , only wrote 142976880
06-29 13:30:20.491 23488 23520 I net.osmand: MapRenderRepositories RENDER MAP: update due to tile box
06-29 13:30:20.491 23488 23520 I net.osmand: MapRenderRepositories RENDER MAP: Interrupt rendering map
06-29 13:30:20.598 23488 23520 I net.osmand: MapRenderRepositories RENDER MAP: update due to tile box
06-29 13:30:20.625 23488 23520 I net.osmand: MapRenderRepositories RENDER MAP: Interrupt rendering map
06-29 13:30:20.697 23488 23520 I net.osmand: MapRenderRepositories RENDER MAP: update due to tile box
06-29 13:30:20.697 23488 23520 I net.osmand: MapRenderRepositories RENDER MAP: Interrupt rendering map
06-29 13:30:20.921 23488 23520 I net.osmand: MapRenderRepositories RENDER MAP: update due to tile box
06-29 13:30:20.921 23488 23520 I net.osmand: MapRenderRepositories RENDER MAP: Interrupt rendering map
06-29 13:30:20.928  1390  2659 W audio_hw_generic: Not supplying enough data to HAL, expected position 143010002 , only wrote 143010000
06-29 13:30:20.967 23488 23519 I net.osmand: MapRenderRepositories RENDER MAP: new request RotatedTileBox [lat=0.0019741058345703532, lon=-51.078593730926514, rotate=0.0, density=2.625, zoom=17, mapDensity=3.9375, zoomAnimation=0.0, zoomFloatPart=0.0, cx=900, cy=1972, pixWidth=1800, pixHeight=2690]
06-29 13:30:21.224  1473  1561 D AudioFlinger: mixer(0xa6c83380) throttle end: throttle time(11)
06-29 13:30:21.255 23488 23519 I net.osmand:native: Route objects 67
06-29 13:30:21.259 23488 23519 I net.osmand:native: Ocean: no completed & incompleted coastlines 0
06-29 13:30:21.259 23488 23519 I net.osmand:native: Detailed coastlines = 0, basemap coastlines 0, ocean tile 0.000000. Detailed added 0, basemap processed 1, basemap added 0.
06-29 13:30:21.259 23488 23519 I net.osmand:native: Search : tree - read( 389), accept( 61), objs - visit( 4854), accept(106), in result(67) 
06-29 13:30:21.260 23488 23519 I net.osmand: MapRenderRepositories BLat=-3.4493207931518555E-4, TLat=0.00771564245223999, LLong=-51.081050872802734, RLong=-51.07613754272461, zoom=17
06-29 13:30:21.260 23488 23519 I net.osmand: MapRenderRepositories Native search: 293 ms 
06-29 13:30:21.266 23488 23519 I net.osmand:native: Creating SkBitmap in native w:1800 h:2690 s:7200 f:1!
06-29 13:30:21.266 23488 23519 I net.osmand:native: Row bytes for RGBA_8888 is 7200
06-29 13:30:21.266 23488 23519 I net.osmand:native: Locked 19368000 bytes at 0x7dd00000
06-29 13:30:21.266 23488 23519 I net.osmand:native: Initializing rendering
06-29 13:30:21.268 23488 23519 I net.osmand:native: Rendering image
06-29 13:30:21.352  1390  2659 W audio_hw_generic: Not supplying enough data to HAL, expected position 143030360 , only wrote 143030160
06-29 13:30:21.374  1473  1561 D AudioFlinger: mixer(0xa6c83380) throttle end: throttle time(1)
06-29 13:30:21.492  1390  2659 W audio_hw_generic: Not supplying enough data to HAL, expected position 143036875 , only wrote 143035920
06-29 13:30:21.494  1390  2659 W audio_hw_generic: Not supplying enough data to HAL, expected position 143036051 , only wrote 143035920
06-29 13:30:21.495 23488 23519 I net.osmand:native: Native ok (rendering 0, text 106 ms) 
06-29 13:30:21.495 23488 23519 I net.osmand:native:  (11431 points, 303 points inside, 107 of 122 objects visible)
06-29 13:30:21.496 23488 23519 I net.osmand:native: End Rendering image
06-29 13:30:21.496 23488 23519 I net.osmand:native: Native ok (init 1, rendering 0) 
06-29 13:30:21.498 23488 23519 I net.osmand: MapRenderRepositories true
06-29 13:30:21.544  1390  2659 W audio_hw_generic: Not supplying enough data to HAL, expected position 143038315 , only wrote 143036640
06-29 13:30:21.564  1390  2659 W audio_hw_generic: Not supplying enough data to HAL, expected position 143037605 , only wrote 143037360
06-29 13:30:21.575  1473  1561 D AudioFlinger: mixer(0xa6c83380) throttle end: throttle time(12)
06-29 13:30:21.585  1390  2659 W audio_hw_generic: Not supplying enough data to HAL, expected position 143038346 , only wrote 143038080
06-29 13:30:21.626  1390  2659 W audio_hw_generic: Not supplying enough data to HAL, expected position 143040029 , only wrote 143039520
06-29 13:30:21.861  1390  2659 W audio_hw_generic: Not supplying enough data to HAL, expected position 143050839 , only wrote 143044560
06-29 13:30:21.862  1390  2659 W audio_hw_generic: Not supplying enough data to HAL, expected position 143044584 , only wrote 143044560
06-29 13:30:21.886  1390  2659 W audio_hw_generic: Not supplying enough data to HAL, expected position 143045721 , only wrote 143045280
06-29 13:30:21.896  1473  1561 D AudioFlinger: mixer(0xa6c83380) throttle end: throttle time(11)
06-29 13:30:23.058  1390  2659 W audio_hw_generic: Not supplying enough data to HAL, expected position 143101547 , only wrote 143101440
06-29 13:30:23.062  1390  2659 W audio_hw_generic: Not supplying enough data to HAL, expected position 143101614 , only wrote 143101440
06-29 13:30:23.284  1406  1406 I boot-pipe: done populating /dev/random
06-29 13:30:24.369  1390  2659 W audio_hw_generic: Not supplying enough data to HAL, expected position 143164196 , only wrote 143164080
06-29 13:30:24.421  1390  2659 W audio_hw_generic: Not supplying enough data to HAL, expected position 143166569 , only wrote 143166240
06-29 13:30:24.437  1390  2659 W audio_hw_generic: Not supplying enough data to HAL, expected position 143166973 , only wrote 143166960
06-29 13:30:25.264 23796 23843 I TTS.GoogleTTSServiceImp: Synthesis request for locale por-BRA and name pt-BR-language
06-29 13:30:25.269 23796 23843 I TTS.GoogleTTSServiceImp: TTS dispatch: pt-br-x-afs-lstm-embedded
06-29 13:30:25.706 23488 23488 D net.osmand: RoutingHelper Processed by distance : 0.28483198801159404 61.13092911589013
06-29 13:30:25.774  1964  1964 I GeofencerStateMachine: sendNewTransitions called.
06-29 13:30:25.941 23796 23844 D AudioTrack: stop() called with 118800 frames delivered
06-29 13:30:25.949 23488 24685 D net.osmand: TTSCommandPlayerImpl ttsRequests=1
06-29 13:30:25.960  1600  1610 V MediaRouterService: restoreBluetoothA2dp(false)
06-29 13:30:25.973 23796 23844 D AudioTrack: Client defaulted notificationFrames to 1365 for frameCount 4096
06-29 13:30:25.991  1600  5065 V MediaRouterService: restoreBluetoothA2dp(false)
06-29 13:30:26.005 23488 23488 I net.osmand: TTSCommandPlayerImpl Send message to pebble vire  direita para   Rua VictorMota Dias ento  aps  150 ps vire  esquerda  
06-29 13:30:26.006 23488 23488 D net.osmand: TTSCommandPlayerImpl ttsRequests=2
06-29 13:30:26.069  1964  1964 I GeofencerStateMachine: sendNewTransitions called.
06-29 13:30:26.118  1964  1964 I GeofencerStateMachine: sendNewLocationAvailability: availability=LocationAvailability[isLocationAvailable: true]
06-29 13:30:26.263  1964  1964 I GeofencerStateMachine: sendNewLocationAvailability: availability=LocationAvailability[isLocationAvailable: true]
06-29 13:30:28.055  1390  2659 W audio_hw_generic: Not supplying enough data to HAL, expected position 143340651 , only wrote 143340480
06-29 13:30:28.056  1390  2659 W audio_hw_generic: Not supplying enough data to HAL, expected position 143340538 , only wrote 143340480
06-29 13:30:28.072  1390  2659 W audio_hw_generic: Not supplying enough data to HAL, expected position 143341245 , only wrote 143341200
06-29 13:30:28.289 23488 23520 I net.osmand: MapRenderRepositories RENDER MAP: update due to tile box
06-29 13:30:28.290 23488 23520 I net.osmand: MapRenderRepositories RENDER MAP: Interrupt rendering map
06-29 13:30:28.300 23488 23520 I net.osmand: MapRenderRepositories RENDER MAP: update due to tile box
06-29 13:30:28.301 23488 23520 I net.osmand: MapRenderRepositories RENDER MAP: Interrupt rendering map
06-29 13:30:28.403 23488 23520 I net.osmand: MapRenderRepositories RENDER MAP: update due to tile box
06-29 13:30:28.403 23488 23520 I net.osmand: MapRenderRepositories RENDER MAP: Interrupt rendering map
06-29 13:30:28.658  1600  1617 I WifiService: requestActivityInfo uid=1000
06-29 13:30:28.658  1600  1617 I WifiService: reportActivityInfo uid=1000
06-29 13:30:28.658  1600  1617 I WifiService: getSupportedFeatures uid=1000
06-29 13:30:28.682  1600  7948 I WifiService: getConnectionInfo uid=10014
06-29 13:30:28.906 23488 23520 I net.osmand: MapRenderRepositories RENDER MAP: update due to tile box
06-29 13:30:28.906 23488 23520 I net.osmand: MapRenderRepositories RENDER MAP: Interrupt rendering map
06-29 13:30:28.922 23488 23520 I net.osmand: MapRenderRepositories RENDER MAP: update due to tile box
06-29 13:30:28.922 23488 23520 I net.osmand: MapRenderRepositories RENDER MAP: Interrupt rendering map
06-29 13:30:29.017 23488 23519 I net.osmand: MapRenderRepositories RENDER MAP: new request RotatedTileBox [lat=0.0019741058345703532, lon=-51.07958833333334, rotate=0.0, density=2.625, zoom=17, mapDensity=3.9375, zoomAnimation=0.0, zoomFloatPart=0.0, cx=900, cy=1972, pixWidth=1800, pixHeight=2690]
06-29 13:30:29.130 23488 23519 I net.osmand:native: Route objects 71
06-29 13:30:29.130 23488 23519 I net.osmand:native: Ocean: no completed & incompleted coastlines 0
06-29 13:30:29.131 23488 23519 I net.osmand:native: Detailed coastlines = 0, basemap coastlines 0, ocean tile 0.000000. Detailed added 0, basemap processed 1, basemap added 0.
06-29 13:30:29.132 23488 23519 I net.osmand:native: Search : tree - read( 389), accept( 61), objs - visit( 4854), accept(110), in result(71) 
06-29 13:30:29.132 23488 23519 I net.osmand: MapRenderRepositories BLat=-3.4493207931518555E-4, TLat=0.00771564245223999, LLong=-51.08203887939453, RLong=-51.07713317871094, zoom=17
06-29 13:30:29.132 23488 23519 I net.osmand: MapRenderRepositories Native search: 115 ms 
06-29 13:30:29.139 23488 23519 I net.osmand:native: Creating SkBitmap in native w:1800 h:2690 s:7200 f:1!
06-29 13:30:29.140 23488 23519 I net.osmand:native: Row bytes for RGBA_8888 is 7200
06-29 13:30:29.140 23488 23519 I net.osmand:native: Locked 19368000 bytes at 0x7c900000
06-29 13:30:29.140 23488 23519 I net.osmand:native: Initializing rendering
06-29 13:30:29.142 23488 23519 I net.osmand:native: Rendering image
06-29 13:30:29.279 23488 23519 I net.osmand:native: Native ok (rendering 0, text 80 ms) 
06-29 13:30:29.279 23488 23519 I net.osmand:native:  (11506 points, 346 points inside, 119 of 135 objects visible)
06-29 13:30:29.279 23488 23519 I net.osmand:native: End Rendering image
06-29 13:30:29.279 23488 23519 I net.osmand:native: Native ok (init 2, rendering 0) 
06-29 13:30:29.292 23488 23519 I net.osmand: MapRenderRepositories true
06-29 13:30:29.588 23488 23488 D net.osmand: RoutingHelper Processed point bearing deltas : 141.93873596191406 0.0
06-29 13:30:29.591  1473  1561 D AudioFlinger: mixer(0xa6c83380) throttle end: throttle time(2)
06-29 13:30:29.655 23488 23488 I net.osmand: TTSCommandPlayerImpl Send message to pebble vire  esquerda para   Avenida Ivaldo Alves Veras 
06-29 13:30:29.655 23488 23488 D net.osmand: TTSCommandPlayerImpl ttsRequests=3
06-29 13:30:32.551 23796 23843 I TTS.GoogleTTSServiceImp: Synthesis request for locale por-BRA and name pt-BR-language
06-29 13:30:32.554 23796 23843 I TTS.GoogleTTSServiceImp: TTS dispatch: pt-br-x-afs-lstm-embedded
06-29 13:30:33.290 23796 23844 D AudioTrack: stop() called with 158290 frames delivered
06-29 13:30:33.295  1600  2099 V MediaRouterService: restoreBluetoothA2dp(false)
06-29 13:30:33.301 23488 24685 D net.osmand: TTSCommandPlayerImpl ttsRequests=2
06-29 13:30:33.302 23796 23844 D AudioTrack: Client defaulted notificationFrames to 1365 for frameCount 4096
06-29 13:30:33.368  1390  2659 W audio_hw_generic: Not supplying enough data to HAL, expected position 143595411 , only wrote 143595360
06-29 13:30:33.385  1390  2659 W audio_hw_generic: Not supplying enough data to HAL, expected position 143596176 , only wrote 143596080
06-29 13:30:33.457  1473  1561 D AudioFlinger: mixer(0xa6c83380) throttle end: throttle time(12)
06-29 13:30:34.721 23488 23488 D net.osmand: RoutingHelper Processed point bearing deltas : 112.12423372268677 85.03893613815308
06-29 13:30:34.738  1473  1561 D AudioFlinger: mixer(0xa6c83380) throttle end: throttle time(12)
06-29 13:30:34.800 23488 23488 I net.osmand: RoutingHelper Recalculate route, because wrong movement direction: 213.73901
06-29 13:30:34.801 23796 23847 D AudioTrack: stop() called with 35847 frames delivered
06-29 13:30:33.319  1600  2099 V MediaRouterService: restoreBluetoothA2dp(false)
06-29 13:30:34.805  1600  5065 V MediaRouterService: restoreBluetoothA2dp(false)
06-29 13:30:34.805 23796 23843 I TTS.EventProcessor: synthesizeMarkup call to callback.audioAvailable failed: -1
06-29 13:30:34.812 23488 24213 D net.osmand: AbstractPrologCommandPlayer abandonAudioFocus
06-29 13:30:34.812  1600  6125 I MediaFocusControl: abandonAudioFocus() from uid/pid 10104/23488 clientId=android.media.AudioManager@68e89e5net.osmand.plus.api.AudioFocusHelperImpl@f551326
06-29 13:30:34.812 23488 23488 D net.osmand: AbstractPrologCommandPlayer abandonAudioFocus
06-29 13:30:34.814 23488 23488 W MaterialProgressBar: Current drawable is not a MaterialProgressDrawable, you may want to set app:mpb_setBothDrawables
06-29 13:30:34.814 23488 24213 D net.osmand: TTSCommandPlayerImpl ttsRequests=-1
06-29 13:30:34.823 23488 24755 I net.osmand: RouteProvider Start finding route from Location[mProvider=gps,mTime=1561829435000,mLatitude=0.0024416666666666666,mLongitude=-51.07988,mHasAltitude=false,mAltitude=0.0,mHasSpeed=true,mSpeed=0.0,mHasBearing=true,mBearing=0.0,mHasAccuracy=true,mAccuracy=20.0 to Lat -6.9214514E-4 Lon -51.09564 using OsmAnd (offline)
06-29 13:30:34.823 23488 24755 W net.osmand: RouteProvider Use 346 MB Free 3.2282639 of 22.535683 max 384.0
06-29 13:30:34.856 23488 24213 D net.osmand: AbstractPrologCommandPlayer abandonAudioFocus
06-29 13:30:34.856 23488 24213 D net.osmand: TTSCommandPlayerImpl ttsRequests=-1
06-29 13:30:35.011 23488 23488 I net.osmand: RoutingHelper Recalculate route, because wrong movement direction: 213.73901
06-29 13:30:35.405 23488 24755 I net.osmand:native: Start point was found 10478827831 [Native]
06-29 13:30:35.417 23488 24755 I net.osmand:native: End point was found 10433843853 [Native]
06-29 13:30:35.418 23488 24755 W net.osmand:native: [Native] Result visited (visited roads 2, visited segments 1 / 2 , queue sizes 3 / 4 ) 
06-29 13:30:35.418 23488 24755 W net.osmand:native: [Native] Result timing (time to load 0, time to calc 0, loaded tiles 18) 
06-29 13:30:35.418 23488 24755 W net.osmand:native: [Native] Memory occupied (Routing context 447 Kb, search 0 Kb)
06-29 13:30:35.419 23488 24755 I net.osmand:native: No route found
06-29 13:30:35.428 23488 24755 I net.osmand: RoutePlannerFrontEnd Native routing took 0.067 seconds
06-29 13:30:35.428 23488 24755 I System.out: ROUTE : 
06-29 13:30:35.429 23488 24755 I net.osmand: RouteResultPreparation <test regions="" description="" best_percent="" vehicle="car" 
06-29 13:30:35.429 23488 24755 I net.osmand:   start_lat="0.00244" start_lon="-51.07988" target_lat="-0.00069" target_lon="-51.09564"  routing_time="0.00" loadedTiles="18" visitedSegments="2" complete_distance="0.00" complete_time="0.00" >
06-29 13:30:35.429 23488 24755 I System.out: <test regions="" description="" best_percent="" vehicle="car" 
06-29 13:30:35.429 23488 24755 I System.out:   start_lat="0.00244" start_lon="-51.07988" target_lat="-0.00069" target_lon="-51.09564"  routing_time="0.00" loadedTiles="18" visitedSegments="2" complete_distance="0.00" complete_time="0.00" >
06-29 13:30:35.429 23488 24755 I System.out: </test>
06-29 13:30:35.429 23488 24755 I System.out: <test regions="" description="" best_percent="" vehicle="car" 
06-29 13:30:35.429 23488 24755 I System.out:   start_lat="0.00244" start_lon="-51.07988" target_lat="-0.00069" target_lon="-51.09564"  routing_time="0.00" loadedTiles="18" visitedSegments="2" complete_distance="0.00" complete_time="0.00" >
06-29 13:30:35.430 23488 24755 I net.osmand: RouteProvider Finding route contained 0 points for 606 ms
06-29 13:30:35.857  1390  2659 W audio_hw_generic: Not supplying enough data to HAL, expected position 143714712 , only wrote 143714160
06-29 13:30:35.875  1390  2659 W audio_hw_generic: Not supplying enough data to HAL, expected position 143715047 , only wrote 143714880
06-29 13:30:35.891 23488 23488 D net.osmand: DayNightHelper Sunrise/sunset setting to day: true
06-29 13:30:35.905 23488 23488 I net.osmand: RoutingHelper Recalculate route, because wrong movement direction: 213.73901
06-29 13:30:35.906 23488 23488 D net.osmand: AbstractPrologCommandPlayer abandonAudioFocus
06-29 13:30:35.907 23488 23488 W MaterialProgressBar: Current drawable is not a MaterialProgressDrawable, you may want to set app:mpb_setBothDrawables
06-29 13:30:35.911 23488 24756 I net.osmand: RouteProvider Start finding route from Location[mProvider=gps,mTime=1561829436000,mLatitude=0.0024416666666666666,mLongitude=-51.07988,mHasAltitude=false,mAltitude=0.0,mHasSpeed=true,mSpeed=0.0,mHasBearing=true,mBearing=0.0,mHasAccuracy=true,mAccuracy=20.0 to Lat -6.9214514E-4 Lon -51.09564 using OsmAnd (offline)
06-29 13:30:35.914 23488 24756 W net.osmand: RouteProvider Use 343 MB Free 0.51732635 of 22.535683 max 384.0
06-29 13:30:36.068 23488 23488 I net.osmand: RoutingHelper Recalculate route, because wrong movement direction: 213.96521
06-29 13:30:36.374  1600  5065 I WifiService: acquireWifiLock uid=10014 lockMode=2
06-29 13:30:36.421 23488 24756 I net.osmand:native: Start point was found 10478827831 [Native]
06-29 13:30:36.435 23488 24756 I net.osmand:native: End point was found 10433843853 [Native]
06-29 13:30:36.436 23488 24756 W net.osmand:native: [Native] Result visited (visited roads 2, visited segments 1 / 2 , queue sizes 3 / 4 ) 
06-29 13:30:36.436 23488 24756 W net.osmand:native: [Native] Result timing (time to load 0, time to calc 0, loaded tiles 18) 
06-29 13:30:36.436 23488 24756 W net.osmand:native: [Native] Memory occupied (Routing context 447 Kb, search 0 Kb)
06-29 13:30:36.437 23488 24756 I net.osmand:native: No route found
06-29 13:30:36.451 23488 24756 I net.osmand: RoutePlannerFrontEnd Native routing took 0.081 seconds
06-29 13:30:36.451 23488 24756 I System.out: ROUTE : 
06-29 13:30:36.451 23488 24756 I net.osmand: RouteResultPreparation <test regions="" description="" best_percent="" vehicle="car" 
06-29 13:30:36.451 23488 24756 I net.osmand:   start_lat="0.00244" start_lon="-51.07988" target_lat="-0.00069" target_lon="-51.09564"  routing_time="0.00" loadedTiles="18" visitedSegments="2" complete_distance="0.00" complete_time="0.00" >
06-29 13:30:36.452 23488 24756 I System.out: <test regions="" description="" best_percent="" vehicle="car" 
06-29 13:30:36.452 23488 24756 I System.out:   start_lat="0.00244" start_lon="-51.07988" target_lat="-0.00069" target_lon="-51.09564"  routing_time="0.00" loadedTiles="18" visitedSegments="2" complete_distance="0.00" complete_time="0.00" >
06-29 13:30:36.452 23488 24756 I System.out: </test>
06-29 13:30:36.452 23488 24756 I System.out: <test regions="" description="" best_percent="" vehicle="car" 
06-29 13:30:36.452 23488 24756 I System.out:   start_lat="0.00244" start_lon="-51.07988" target_lat="-0.00069" target_lon="-51.09564"  routing_time="0.00" loadedTiles="18" visitedSegments="2" complete_distance="0.00" complete_time="0.00" >
06-29 13:30:36.453 23488 24756 I net.osmand: RouteProvider Finding route contained 0 points for 541 ms
06-29 13:30:36.457 23488 23498 I zygote  : Background concurrent copying GC freed 116673(5MB) AllocSpace objects, 16(328KB) LOS objects, 23% free, 19MB/25MB, paused 2.311ms total 500.716ms
06-29 13:30:36.915 23488 23488 I net.osmand: RoutingHelper Recalculate route, because wrong movement direction: 213.96521
06-29 13:30:36.915 23488 23488 D net.osmand: AbstractPrologCommandPlayer abandonAudioFocus
06-29 13:30:36.915 23488 23488 W MaterialProgressBar: Current drawable is not a MaterialProgressDrawable, you may want to set app:mpb_setBothDrawables
06-29 13:30:36.918 23488 24757 I net.osmand: RouteProvider Start finding route from Location[mProvider=gps,mTime=1561829437000,mLatitude=0.002408333333333333,mLongitude=-51.07987833333333,mHasAltitude=false,mAltitude=0.0,mHasSpeed=true,mSpeed=0.0,mHasBearing=true,mBearing=0.0,mHasAccuracy=true,mAccuracy=20.0 to Lat -6.9214514E-4 Lon -51.09564 using OsmAnd (offline)
06-29 13:30:36.919 23488 24757 W net.osmand: RouteProvider Use 346 MB Free 5.9375 of 25.09169 max 384.0
06-29 13:30:37.109  1390  2659 W audio_hw_generic: Not supplying enough data to HAL, expected position 143774079 , only wrote 143773920
06-29 13:30:37.111  1390  2659 W audio_hw_generic: Not supplying enough data to HAL, expected position 143774008 , only wrote 143773920
06-29 13:30:37.234 23488 24757 I net.osmand:native: Start point was found 10432438525 [Native]
06-29 13:30:37.257 23488 24757 I net.osmand:native: End point was found 10433843853 [Native]
06-29 13:30:37.398  1390  2659 W audio_hw_generic: Not supplying enough data to HAL, expected position 143787710 , only wrote 143787600
06-29 13:30:37.455 23488 23488 I net.osmand: RoutingHelper Recalculate route, because wrong movement direction: 213.96521
06-29 13:30:37.563 23488 24757 W net.osmand:native: [Native] Result visited (visited roads 206, visited segments 175 / 227 , queue sizes 127 / 477 ) 
06-29 13:30:37.563 23488 24757 W net.osmand:native: [Native] Result timing (time to load 5, time to calc 305, loaded tiles 26) 
06-29 13:30:37.563 23488 24757 W net.osmand:native: [Native] Memory occupied (Routing context 645 Kb, search 11 Kb)
06-29 13:30:37.569 23488 24757 I net.osmand:native: No route found
06-29 13:30:37.600 23488 24757 I net.osmand: RoutePlannerFrontEnd Native routing took 0.423 seconds
06-29 13:30:37.601 23488 24757 I System.out: ROUTE : 
06-29 13:30:37.601 23488 24757 I net.osmand: RouteResultPreparation <test regions="" description="" best_percent="" vehicle="car" 
06-29 13:30:37.601 23488 24757 I net.osmand:   start_lat="0.00241" start_lon="-51.07988" target_lat="-0.00069" target_lon="-51.09564"  routing_time="0.00" loadedTiles="26" visitedSegments="206" complete_distance="0.00" complete_time="0.00" >
06-29 13:30:37.601 23488 24757 I System.out: <test regions="" description="" best_percent="" vehicle="car" 
06-29 13:30:37.605 23488 24757 I System.out:   start_lat="0.00241" start_lon="-51.07988" target_lat="-0.00069" target_lon="-51.09564"  routing_time="0.00" loadedTiles="26" visitedSegments="206" complete_distance="0.00" complete_time="0.00" >
06-29 13:30:37.605 23488 24757 I System.out: </test>
06-29 13:30:37.605 23488 24757 I System.out: <test regions="" description="" best_percent="" vehicle="car" 
06-29 13:30:37.605 23488 24757 I System.out:   start_lat="0.00241" start_lon="-51.07988" target_lat="-0.00069" target_lon="-51.09564"  routing_time="0.00" loadedTiles="26" visitedSegments="206" complete_distance="0.00" complete_time="0.00" >
06-29 13:30:37.614 23488 24757 I net.osmand: RouteProvider Finding route contained 0 points for 694 ms
06-29 13:30:37.879  1390  1390 W audio_hw_generic: Not supplying enough data to HAL, expected position 143832817 , only wrote 143810640
06-29 13:30:37.902 23488 23488 I net.osmand: RoutingHelper Recalculate route, because wrong movement direction: 213.96521
06-29 13:30:37.903 23488 23488 D net.osmand: AbstractPrologCommandPlayer abandonAudioFocus
06-29 13:30:37.903 23488 23488 W MaterialProgressBar: Current drawable is not a MaterialProgressDrawable, you may want to set app:mpb_setBothDrawables
06-29 13:30:37.907 23488 24758 I net.osmand: RouteProvider Start finding route from Location[mProvider=gps,mTime=1561829438000,mLatitude=0.002408333333333333,mLongitude=-51.07987833333333,mHasAltitude=false,mAltitude=0.0,mHasSpeed=true,mSpeed=0.0,mHasBearing=true,mBearing=0.0,mHasAccuracy=true,mAccuracy=20.0 to Lat -6.9214514E-4 Lon -51.09564 using OsmAnd (offline)
06-29 13:30:37.907 23488 24758 W net.osmand: RouteProvider Use 344 MB Free 3.2265625 of 25.09169 max 384.0
06-29 13:30:38.119 23488 24758 I net.osmand:native: Start point was found 10432438525 [Native]
06-29 13:30:38.130 23488 24758 I net.osmand:native: End point was found 10433843853 [Native]
06-29 13:30:38.626 23488 24758 W net.osmand:native: [Native] Result visited (visited roads 1360, visited segments 1014 / 516 , queue sizes 548 / 377 ) 
06-29 13:30:38.627 23488 24758 W net.osmand:native: [Native] Result timing (time to load 0, time to calc 495, loaded tiles 40) 
06-29 13:30:38.627 23488 24758 W net.osmand:native: [Native] Memory occupied (Routing context 1026 Kb, search 31 Kb)
06-29 13:30:38.632 23488 24758 I net.osmand:native: Routing calculated time distance 246.211853
06-29 13:30:38.688 23488 23488 I net.osmand: RoutingHelper Recalculate route, because wrong movement direction: 238.6161
06-29 13:30:38.721 23488 24758 I net.osmand: RoutePlannerFrontEnd Native routing took 0.639 seconds
06-29 13:30:38.734 23488 24758 I System.out: ROUTE : 
06-29 13:30:38.735 23488 24758 I net.osmand: RouteResultPreparation <test regions="" description="" best_percent="" vehicle="car" 
06-29 13:30:38.735 23488 24758 I net.osmand:   start_lat="0.00241" start_lon="-51.07988" target_lat="-0.00069" target_lon="-51.09564"  routing_time="246.21" loadedTiles="40" visitedSegments="1360" complete_distance="2495.63" complete_time="193.73" >
06-29 13:30:38.735 23488 24758 I System.out: <test regions="" description="" best_percent="" vehicle="car" 
06-29 13:30:38.735 23488 24758 I System.out:   start_lat="0.00241" start_lon="-51.07988" target_lat="-0.00069" target_lon="-51.09564"  routing_time="246.21" loadedTiles="40" visitedSegments="1360" complete_distance="2495.63" complete_time="193.73" >
06-29 13:30:38.735 23488 24758 I System.out: </test>
06-29 13:30:38.736 23488 24758 I System.out: <test regions="" description="" best_percent="" vehicle="car" 
06-29 13:30:38.736 23488 24758 I System.out:   start_lat="0.00241" start_lon="-51.07988" target_lat="-0.00069" target_lon="-51.09564"  routing_time="246.21" loadedTiles="40" visitedSegments="1360" complete_distance="2495.63" complete_time="193.73" >
06-29 13:30:38.739 23488 24758 I net.osmand: RouteProvider Finding route contained 28 points for 832 ms
06-29 13:30:38.913 23488 23488 I net.osmand: RoutingHelper Recalculate route, because wrong movement direction: 238.6161
06-29 13:30:38.918 23488 23488 D net.osmand: AbstractPrologCommandPlayer abandonAudioFocus
06-29 13:30:38.919 23488 23488 W MaterialProgressBar: Current drawable is not a MaterialProgressDrawable, you may want to set app:mpb_setBothDrawables
06-29 13:30:38.931 23488 24759 I net.osmand: RouteProvider Start finding route from Location[mProvider=gps,mTime=1561829439000,mLatitude=0.002408333333333333,mLongitude=-51.07965666666667,mHasAltitude=false,mAltitude=0.0,mHasSpeed=true,mSpeed=0.0,mHasBearing=true,mBearing=0.0,mHasAccuracy=true,mAccuracy=20.0 to Lat -6.9214514E-4 Lon -51.09564 using OsmAnd (offline)
06-29 13:30:38.931 23488 24759 W net.osmand: RouteProvider Use 341 MB Free 0.359375 of 25.09169 max 384.0
06-29 13:30:39.164 23488 23498 I zygote  : Background concurrent copying GC freed 137708(6MB) AllocSpace objects, 44(920KB) LOS objects, 23% free, 19MB/25MB, paused 1.149ms total 423.440ms
06-29 13:30:39.209 23488 24759 I net.osmand:native: Start point was found 10432438525 [Native]
06-29 13:30:39.223 23488 24759 I net.osmand:native: End point was found 10433843853 [Native]
06-29 13:30:39.324  1600  6125 D WificondControl: Scan result ready event
06-29 13:30:39.378  1600  5065 I WifiService: releaseWifiLock uid=10014
06-29 13:30:39.799 23488 24759 W net.osmand:native: [Native] Result visited (visited roads 1553, visited segments 1133 / 560 , queue sizes 581 / 306 ) 
06-29 13:30:39.799 23488 24759 W net.osmand:native: [Native] Result timing (time to load 0, time to calc 575, loaded tiles 40) 
06-29 13:30:39.799 23488 24759 W net.osmand:native: [Native] Memory occupied (Routing context 1043 Kb, search 33 Kb)
06-29 13:30:39.805 23488 24759 I net.osmand:native: Routing calculated time distance 263.176208
06-29 13:30:39.844 23488 24759 I net.osmand: RoutePlannerFrontEnd Native routing took 0.681 seconds
06-29 13:30:39.859 23488 24759 I System.out: ROUTE : 
06-29 13:30:39.860 23488 24759 I net.osmand: RouteResultPreparation <test regions="" description="" best_percent="" vehicle="car" 
06-29 13:30:39.860 23488 24759 I net.osmand:   start_lat="0.00241" start_lon="-51.07966" target_lat="-0.00069" target_lon="-51.09564"  routing_time="263.18" loadedTiles="40" visitedSegments="1553" complete_distance="2708.05" complete_time="209.03" >
06-29 13:30:39.860 23488 24759 I System.out: <test regions="" description="" best_percent="" vehicle="car" 
06-29 13:30:39.860 23488 24759 I System.out:   start_lat="0.00241" start_lon="-51.07966" target_lat="-0.00069" target_lon="-51.09564"  routing_time="263.18" loadedTiles="40" visitedSegments="1553" complete_distance="2708.05" complete_time="209.03" >
06-29 13:30:39.860 23488 24759 I System.out: </test>
06-29 13:30:39.861 23488 24759 I System.out: <test regions="" description="" best_percent="" vehicle="car" 
06-29 13:30:39.861 23488 24759 I System.out:   start_lat="0.00241" start_lon="-51.07966" target_lat="-0.00069" target_lon="-51.09564"  routing_time="263.18" loadedTiles="40" visitedSegments="1553" complete_distance="2708.05" complete_time="209.03" >
06-29 13:30:39.864 23488 24759 I net.osmand: RouteProvider Finding route contained 30 points for 934 ms
06-29 13:30:40.607  1600  1609 I zygote  : Background concurrent copying GC freed 80159(3MB) AllocSpace objects, 32(1664KB) LOS objects, 21% free, 22MB/28MB, paused 1.474ms total 429.898ms
06-29 13:30:41.395 23488 23488 D net.osmand: RoutingHelper Processed point bearing deltas : 176.53067016601562 176.44754791259766
06-29 13:30:42.617  1399  1414 D hwcomposer: hw_composer sent 198 syncs in 61s
06-29 13:30:43.810 23488 23488 I net.osmand: RoutingHelper Recalculate route, because correlation  : 98.95054304133618
06-29 13:30:43.810 23488 23488 I net.osmand: RoutingHelper Recalculate route, because wrong movement direction: 118.01192
06-29 13:30:43.811 23488 23488 D net.osmand: AbstractPrologCommandPlayer abandonAudioFocus
06-29 13:30:43.812 23488 23488 W MaterialProgressBar: Current drawable is not a MaterialProgressDrawable, you may want to set app:mpb_setBothDrawables
06-29 13:30:43.818 23488 24760 I net.osmand: RouteProvider Start finding route from Location[mProvider=gps,mTime=1561829444000,mLatitude=0.002408333333333333,mLongitude=-51.07876666666666,mHasAltitude=false,mAltitude=0.0,mHasSpeed=true,mSpeed=0.0,mHasBearing=true,mBearing=0.0,mHasAccuracy=true,mAccuracy=20.0 to Lat -6.9214514E-4 Lon -51.09564 using OsmAnd (offline)
06-29 13:30:43.818 23488 24760 W net.osmand: RouteProvider Use 345 MB Free 5.341301 of 25.539116 max 384.0
06-29 13:30:43.928 23488 23488 I net.osmand: RoutingHelper Recalculate route, because correlation  : 98.95054304133618
06-29 13:30:43.957 23488 23488 I net.osmand: RoutingHelper Recalculate route, because correlation  : 98.95054304133618
06-29 13:30:43.957 23488 23488 I net.osmand: RoutingHelper Recalculate route, because wrong movement direction: 118.01192
06-29 13:30:43.965 23488 23488 I net.osmand: RoutingHelper Recalculate route, because correlation  : 98.95054304133618
06-29 13:30:44.150 23488 24760 I net.osmand:native: Start point was found 10432438525 [Native]
06-29 13:30:44.162 23488 24760 I net.osmand:native: End point was found 10433843853 [Native]
06-29 13:30:44.325  1600  1617 I WifiService: requestActivityInfo uid=1000
06-29 13:30:44.326  1600  1617 I WifiService: reportActivityInfo uid=1000
06-29 13:30:44.326  1600  1617 I WifiService: getSupportedFeatures uid=1000
06-29 13:30:44.666 23488 24760 W net.osmand:native: [Native] Result visited (visited roads 1537, visited segments 1133 / 558 , queue sizes 581 / 324 ) 
06-29 13:30:44.666 23488 24760 W net.osmand:native: [Native] Result timing (time to load 0, time to calc 503, loaded tiles 40) 
06-29 13:30:44.666 23488 24760 W net.osmand:native: [Native] Memory occupied (Routing context 1043 Kb, search 33 Kb)
06-29 13:30:44.670 23488 24760 I net.osmand:native: Routing calculated time distance 263.176208
06-29 13:30:44.705 23488 24760 I net.osmand: RoutePlannerFrontEnd Native routing took 0.614 seconds
06-29 13:30:44.708 23488 24760 I System.out: ROUTE : 
06-29 13:30:44.709 23488 24760 I net.osmand: RouteResultPreparation <test regions="" description="" best_percent="" vehicle="car" 
06-29 13:30:44.709 23488 24760 I net.osmand:   start_lat="0.00241" start_lon="-51.07877" target_lat="-0.00069" target_lon="-51.09564"  routing_time="263.18" loadedTiles="40" visitedSegments="1537" complete_distance="2708.05" complete_time="209.03" >
06-29 13:30:44.709 23488 24760 I System.out: <test regions="" description="" best_percent="" vehicle="car" 
06-29 13:30:44.709 23488 24760 I System.out:   start_lat="0.00241" start_lon="-51.07877" target_lat="-0.00069" target_lon="-51.09564"  routing_time="263.18" loadedTiles="40" visitedSegments="1537" complete_distance="2708.05" complete_time="209.03" >
06-29 13:30:44.709 23488 24760 I System.out: </test>
06-29 13:30:44.709 23488 24760 I System.out: <test regions="" description="" best_percent="" vehicle="car" 
06-29 13:30:44.709 23488 24760 I System.out:   start_lat="0.00241" start_lon="-51.07877" target_lat="-0.00069" target_lon="-51.09564"  routing_time="263.18" loadedTiles="40" visitedSegments="1537" complete_distance="2708.05" complete_time="209.03" >
06-29 13:30:44.710 23488 24760 I net.osmand: RouteProvider Finding route contained 30 points for 892 ms
06-29 13:30:44.713 23488 24760 I net.osmand: TTSCommandPlayerImpl Send message to pebble Rota recalculada cerca de  2 milhas tempo estimado de   3 minutos.  
06-29 13:30:44.713 23488 24760 D net.osmand: AbstractPrologCommandPlayer requestAudioFocus
06-29 13:30:44.713 23488 24760 W AudioManager: Use of stream types is deprecated for operations other than volume control
06-29 13:30:44.713 23488 24760 W AudioManager: See the documentation of requestAudioFocus() for what to use instead with android.media.AudioAttributes to qualify your playback use case
06-29 13:30:44.714  1600  6125 I MediaFocusControl: requestAudioFocus() from uid/pid 10104/23488 clientId=android.media.AudioManager@68e89e5net.osmand.plus.api.AudioFocusHelperImpl@fe7e05f callingPack=net.osmand req=3 flags=0x0 sdk=26
06-29 13:30:44.715 23488 24760 D net.osmand: TTSCommandPlayerImpl ttsRequests=1
06-29 13:30:44.718 23796 23843 I TTS.GoogleTTSServiceImp: Synthesis request for locale por-BRA and name pt-BR-language
06-29 13:30:44.722 23796 23843 I TTS.GoogleTTSServiceImp: TTS dispatch: pt-br-x-afs-lstm-embedded
06-29 13:30:44.878 23796 23844 D AudioTrack: Client defaulted notificationFrames to 1365 for frameCount 4096
06-29 13:30:44.885  1600  6125 V MediaRouterService: restoreBluetoothA2dp(false)
06-29 13:30:44.895  1390  2659 W audio_hw_generic: Not supplying enough data to HAL, expected position 143810720 , only wrote 143810640
06-29 13:30:44.964  1390  2659 W audio_hw_generic: Hardware backing HAL too slow, could only write 0 of 720 frames
06-29 13:30:45.288  1473  1561 D AudioFlinger: mixer(0xa6c83380) throttle end: throttle time(4)
06-29 13:30:45.422 23488 23520 I net.osmand: MapRenderRepositories RENDER MAP: update due to tile box
06-29 13:30:45.422 23488 23520 I net.osmand: MapRenderRepositories RENDER MAP: Interrupt rendering map
06-29 13:30:45.425 23796 23806 I zygote  : Background concurrent copying GC freed 21791(5MB) AllocSpace objects, 0(0B) LOS objects, 50% free, 4MB/9MB, paused 1.520ms total 195.132ms
06-29 13:30:45.845 23488 23519 I net.osmand: MapRenderRepositories RENDER MAP: new request RotatedTileBox [lat=0.002408333333333333, lon=-51.078545, rotate=0.0, density=2.625, zoom=17, mapDensity=3.9375, zoomAnimation=0.0, zoomFloatPart=0.0, cx=900, cy=1972, pixWidth=1800, pixHeight=2690]
06-29 13:30:46.021 23488 23519 I net.osmand:native: Route objects 67
06-29 13:30:46.021 23488 23519 I net.osmand:native: Ocean: no completed & incompleted coastlines 0
06-29 13:30:46.021 23488 23519 I net.osmand:native: Detailed coastlines = 0, basemap coastlines 0, ocean tile 0.000000. Detailed added 0, basemap processed 1, basemap added 0.
06-29 13:30:46.021 23488 23519 I net.osmand:native: Search : tree - read( 389), accept( 60), objs - visit( 4854), accept(96), in result(67) 
06-29 13:30:46.022 23488 23519 I net.osmand: MapRenderRepositories BLat=8.422136306762695E-5, TLat=0.008144795894622803, LLong=-51.080997467041016, RLong=-51.07609558105469, zoom=17
06-29 13:30:46.022 23488 23519 I net.osmand: MapRenderRepositories Native search: 176 ms 
06-29 13:30:46.029 23488 23519 I net.osmand:native: Creating SkBitmap in native w:1800 h:2690 s:7200 f:1!
06-29 13:30:46.030 23488 23519 I net.osmand:native: Row bytes for RGBA_8888 is 7200
06-29 13:30:46.030 23488 23519 I net.osmand:native: Locked 19368000 bytes at 0x7dd00000
06-29 13:30:46.030 23488 23519 I net.osmand:native: Initializing rendering
06-29 13:30:46.031 23488 23519 I net.osmand:native: Rendering image
06-29 13:30:46.210 23488 23519 I net.osmand:native: Native ok (rendering 0, text 90 ms) 
06-29 13:30:46.210 23488 23519 I net.osmand:native:  (11456 points, 251 points inside, 106 of 122 objects visible)
06-29 13:30:46.210 23488 23519 I net.osmand:native: End Rendering image
06-29 13:30:46.210 23488 23519 I net.osmand:native: Native ok (init 1, rendering 0) 
06-29 13:30:46.235 23488 23519 I net.osmand: MapRenderRepositories true
06-29 13:30:46.546 23488 23488 D net.osmand: RoutingHelper Processed by distance : 50.45213683416874 50.4521369934082
06-29 13:30:46.573  1473  1561 D AudioFlinger: mixer(0xa6c83380) throttle end: throttle time(1)
06-29 13:30:46.675 23488 23488 I net.osmand: RoutingHelper Recalculate route, because wrong movement direction: 167.31812
06-29 13:30:46.676 23796 23847 D AudioTrack: stop() called with 41472 frames delivered
06-29 13:30:46.681 23796 23843 I TTS.EventProcessor: synthesizeMarkup call to callback.audioAvailable failed: -1
06-29 13:30:46.683 23796 23843 E TTS.LocalSynthesizer: synthesizeWithoutLoadingVoice() failed
06-29 13:30:46.685 23488 23488 D net.osmand: AbstractPrologCommandPlayer abandonAudioFocus
06-29 13:30:46.686  1600  1610 I MediaFocusControl: abandonAudioFocus() from uid/pid 10104/23488 clientId=android.media.AudioManager@68e89e5net.osmand.plus.api.AudioFocusHelperImpl@fe7e05f
06-29 13:30:46.688  1600  5065 V MediaRouterService: restoreBluetoothA2dp(false)
06-29 13:30:46.698 23488 23501 D net.osmand: AbstractPrologCommandPlayer abandonAudioFocus
06-29 13:30:46.699 23488 23501 D net.osmand: TTSCommandPlayerImpl ttsRequests=-1
06-29 13:30:46.930 23488 23488 I net.osmand: RoutingHelper Recalculate route, because wrong movement direction: 167.31812
06-29 13:30:47.747  1390  2659 W audio_hw_generic: Not supplying enough data to HAL, expected position 143947529 , only wrote 143947440
06-29 13:30:47.747  1390  2659 W audio_hw_generic: Not supplying enough data to HAL, expected position 143947470 , only wrote 143947440
06-29 13:30:47.772  1390  2659 W audio_hw_generic: Not supplying enough data to HAL, expected position 143948620 , only wrote 143948160
06-29 13:30:47.775 23488 23488 I net.osmand: RoutingHelper Recalculate route, because wrong movement direction: 192.15738
06-29 13:30:47.776 23488 23488 D net.osmand: AbstractPrologCommandPlayer abandonAudioFocus
06-29 13:30:47.934 23488 23488 I net.osmand: RoutingHelper Recalculate route, because wrong movement direction: 192.15738
06-29 13:30:47.936 23488 23488 D net.osmand: AbstractPrologCommandPlayer abandonAudioFocus
06-29 13:30:48.913 23488 23488 I net.osmand: RoutingHelper Recalculate route, because wrong movement direction: 192.15738
06-29 13:30:49.110  1390  2659 W audio_hw_generic: Not supplying enough data to HAL, expected position 144012382 , only wrote 144012240
06-29 13:30:49.110  1390  2659 W audio_hw_generic: Not supplying enough data to HAL, expected position 144012252 , only wrote 144012240
06-29 13:30:49.126  1390  2659 W audio_hw_generic: Not supplying enough data to HAL, expected position 144012997 , only wrote 144012960
06-29 13:30:49.134 23488 23488 I net.osmand: RoutingHelper Recalculate route, because correlation  : 99.90317822183606
06-29 13:30:49.135 23488 23488 I net.osmand: RoutingHelper Recalculate route, because wrong movement direction: 216.81157
06-29 13:30:49.137 23488 23488 D net.osmand: AbstractPrologCommandPlayer abandonAudioFocus
06-29 13:30:49.203 23488 23488 I net.osmand: RoutingHelper Recalculate route, because correlation  : 99.90317822183606
06-29 13:30:49.712  1390  1390 W audio_hw_generic: Not supplying enough data to HAL, expected position 144068355 , only wrote 144041040
06-29 13:30:49.910 23488 23488 I net.osmand: RoutingHelper Recalculate route, because correlation  : 99.90317822183606
06-29 13:30:49.910 23488 23488 I net.osmand: RoutingHelper Recalculate route, because wrong movement direction: 216.81157
06-29 13:30:49.911 23488 23488 W MaterialProgressBar: Current drawable is not a MaterialProgressDrawable, you may want to set app:mpb_setBothDrawables
06-29 13:30:49.918 23488 23488 I net.osmand: RoutingHelper Recalculate route, because correlation  : 99.90317822183606
06-29 13:30:49.927 23488 24765 I net.osmand: RouteProvider Start finding route from Location[mProvider=gps,mTime=1561829450000,mLatitude=0.002408333333333333,mLongitude=-51.07787833333334,mHasAltitude=false,mAltitude=0.0,mHasSpeed=true,mSpeed=0.0,mHasBearing=true,mBearing=0.0,mHasAccuracy=true,mAccuracy=20.0 to Lat -6.9214514E-4 Lon -51.09564 using OsmAnd (offline)
06-29 13:30:49.929 23488 24765 W net.osmand: RouteProvider Use 342 MB Free 1.612297 of 25.539116 max 384.0
06-29 13:30:50.191 23488 24765 I net.osmand:native: Start point was found 10432438525 [Native]
06-29 13:30:50.210 23488 24765 I net.osmand:native: End point was found 10433843853 [Native]
06-29 13:30:50.316 23488 23498 I zygote  : Background concurrent copying GC freed 155122(7MB) AllocSpace objects, 34(688KB) LOS objects, 24% free, 18MB/24MB, paused 3.044ms total 317.619ms
06-29 13:30:50.527 23488 23488 D net.osmand: RoutingHelper Processed by distance : 4.457834858881011 227.36724864546753
06-29 13:30:50.606 23488 23488 I net.osmand: RoutingHelper Recalculate route, because wrong movement direction: 177.47061
06-29 13:30:50.609 23488 23520 I net.osmand: MapRenderRepositories RENDER MAP: update due to tile box
06-29 13:30:50.609 23488 23520 I net.osmand: MapRenderRepositories RENDER MAP: Interrupt rendering map
06-29 13:30:50.679 23488 23520 I net.osmand: MapRenderRepositories RENDER MAP: update due to tile box
06-29 13:30:50.679 23488 23520 I net.osmand: MapRenderRepositories RENDER MAP: Interrupt rendering map
06-29 13:30:50.717 23488 24765 W net.osmand:native: [Native] Result visited (visited roads 716, visited segments 426 / 414 , queue sizes 190 / 580 ) 
06-29 13:30:50.717 23488 24765 W net.osmand:native: [Native] Result timing (time to load 0, time to calc 506, loaded tiles 28) 
06-29 13:30:50.717 23488 24765 W net.osmand:native: [Native] Memory occupied (Routing context 724 Kb, search 19 Kb)
06-29 13:30:50.746 23488 23519 I net.osmand: MapRenderRepositories RENDER MAP: new request RotatedTileBox [lat=0.0024483914453909445, lon=-51.0818703744695, rotate=0.0, density=2.625, zoom=17, mapDensity=3.9375, zoomAnimation=0.0, zoomFloatPart=0.0, cx=900, cy=1972, pixWidth=1800, pixHeight=2690]
06-29 13:30:50.764 23488 24765 I net.osmand:native: No route found
06-29 13:30:50.810 23488 24765 I net.osmand: RoutePlannerFrontEnd Native routing took 0.664 seconds
06-29 13:30:50.811 23488 24765 I System.out: ROUTE : 
06-29 13:30:50.811 23488 24765 I net.osmand: RouteResultPreparation <test regions="" description="" best_percent="" vehicle="car" 
06-29 13:30:50.811 23488 24765 I net.osmand:   start_lat="0.00241" start_lon="-51.07788" target_lat="-0.00069" target_lon="-51.09564"  routing_time="0.00" loadedTiles="28" visitedSegments="716" complete_distance="0.00" complete_time="0.00" >
06-29 13:30:50.811 23488 24765 I System.out: <test regions="" description="" best_percent="" vehicle="car" 
06-29 13:30:50.811 23488 24765 I System.out:   start_lat="0.00241" start_lon="-51.07788" target_lat="-0.00069" target_lon="-51.09564"  routing_time="0.00" loadedTiles="28" visitedSegments="716" complete_distance="0.00" complete_time="0.00" >
06-29 13:30:50.811 23488 24765 I System.out: </test>
06-29 13:30:50.811 23488 24765 I System.out: <test regions="" description="" best_percent="" vehicle="car" 
06-29 13:30:50.811 23488 24765 I System.out:   start_lat="0.00241" start_lon="-51.07788" target_lat="-0.00069" target_lon="-51.09564"  routing_time="0.00" loadedTiles="28" visitedSegments="716" complete_distance="0.00" complete_time="0.00" >
06-29 13:30:50.812 23488 24765 I net.osmand: RouteProvider Finding route contained 0 points for 885 ms
06-29 13:30:50.917 23488 23488 I net.osmand: RoutingHelper Recalculate route, because wrong movement direction: 177.47061
06-29 13:30:50.920 23488 23488 D net.osmand: AbstractPrologCommandPlayer abandonAudioFocus
06-29 13:30:50.922 23488 23488 W MaterialProgressBar: Current drawable is not a MaterialProgressDrawable, you may want to set app:mpb_setBothDrawables
06-29 13:30:50.936 23488 24766 I net.osmand: RouteProvider Start finding route from Location[mProvider=gps,mTime=1561829451000,mLatitude=0.002408333333333333,mLongitude=-51.081871666666665,mHasAltitude=false,mAltitude=0.0,mHasSpeed=true,mSpeed=0.0,mHasBearing=true,mBearing=0.0,mHasAccuracy=true,mAccuracy=20.0 to Lat -6.9214514E-4 Lon -51.09564 using OsmAnd (offline)
06-29 13:30:50.936 23488 24766 W net.osmand: RouteProvider Use 346 MB Free 5.7331467 of 24.621284 max 384.0
06-29 13:30:51.173 23488 23519 I net.osmand:native: Route objects 61
06-29 13:30:51.173 23488 23519 I net.osmand:native: Ocean: no completed & incompleted coastlines 0
