07-03 18:22:51.754 14699 14724 I chatty  : uid=10104(net.osmand) Loader map obje expire 57 lines
07-03 18:22:52.047 14699 14699 I chatty  : uid=10104(net.osmand) expire 16 lines
07-03 18:22:52.061 14699 16235 I chatty  : uid=10104(net.osmand) expire 31 lines
07-03 18:22:52.113 14699 14709 I chatty  : uid=10104(net.osmand) HeapTaskDaemon expire 6 lines
07-03 18:22:52.564 14699 14725 I chatty  : uid=10104(net.osmand) RenderingBaseIm expire 16 lines
07-03 18:22:53.929 14699 16236 I chatty  : uid=10104(net.osmand) expire 31 lines
07-03 18:22:55.063 14699 16237 I chatty  : uid=10104(net.osmand) expire 31 lines
07-03 18:22:56.086 14699 16238 I chatty  : uid=10104(net.osmand) expire 31 lines
07-03 18:22:56.903 14699 16239 I chatty  : uid=10104(net.osmand) expire 31 lines
07-03 18:22:57.002 14699 14725 I chatty  : uid=10104(net.osmand) RenderingBaseIm expire 18 lines
07-03 18:22:57.149 14699 14699 I chatty  : uid=10104(net.osmand) expire 13 lines
07-03 18:22:57.442 14699 14724 I chatty  : uid=10104(net.osmand) Loader map obje expire 59 lines
07-03 18:22:57.787 14699 14709 I chatty  : uid=10104(net.osmand) HeapTaskDaemon expire 3 lines
07-03 18:22:58.057 14699 16240 I chatty  : uid=10104(net.osmand) expire 31 lines
07-03 18:22:59.055 14699 16242 I chatty  : uid=10104(net.osmand) expire 31 lines
07-03 18:22:59.297  1604  1604 I ActivityManager: Start proc 16243:com.offline.routemaps.gps.directionfinder.free/u0a87 for service com.offline.routemaps.gps.directionfinder.free/com.startapp.android.publish.common.metaData.PeriodicJobService
07-03 18:22:59.298  1604  4218 I WifiService: acquireWifiLock uid=10014 lockMode=2
07-03 18:22:59.318 16243 16243 W zygote  : Unexpected CPU variant for X86 using defaults: x86
07-03 18:22:59.347  1604  4218 I ActivityManager: Killing 14091:com.android.vending/u0a26 (adj 904): empty for 1807s
07-03 18:22:59.348  1604  1620 W zygote  : kill(-14091, 9) failed: No such process
07-03 18:22:59.363  1604  1617 E memtrack: Couldn't load memtrack module
07-03 18:22:59.363  1604  1617 W android.os.Debug: failed to get memory consumption info: -1
07-03 18:22:59.395  1604  1620 W zygote  : kill(-14091, 9) failed: No such process
07-03 18:22:59.512  1604  1620 I chatty  : uid=1000(system) ActivityManager identical 3 lines
07-03 18:22:59.568  1604  1620 W zygote  : kill(-14091, 9) failed: No such process
07-03 18:22:59.568  1604  1620 I zygote  : Successfully killed process cgroup uid 10026 pid 14091 in 219ms
07-03 18:22:59.773 16243 16243 I MultiDex: VM with version 2.1.0 has multidex support
07-03 18:22:59.773 16243 16243 I MultiDex: Installing application
07-03 18:22:59.773 16243 16243 I MultiDex: VM has multidex support, MultiDex support library is disabled.
07-03 18:23:00.012  1970  2307 I GeofencerStateMachine: addGeofences called by com.google.android.apps.maps
07-03 18:23:00.134  1604  2501 I GnssLocationProvider: WakeLock acquired by sendMessage(SET_REQUEST, 0, com.android.server.location.GnssLocationProvider$GpsRequest@2684d9)
07-03 18:23:00.195  1970  1970 I GeofencerStateMachine: sendNewTransitions called.
07-03 18:23:00.210  1970  1970 I GeofencerStateMachine: sendNewLocationAvailability: availability=LocationAvailability[isLocationAvailable: true]
07-03 18:23:00.224  1604  4218 I zygote  : IncrementDisableThreadFlip blocked for 5.073ms
07-03 18:23:00.243 16243 16243 D FirebaseApp: com.google.firebase.auth.FirebaseAuth is not linked. Skipping initialization.
07-03 18:23:00.243 16243 16243 D FirebaseApp: com.google.firebase.crash.FirebaseCrash is not linked. Skipping initialization.
07-03 18:23:00.244 16243 16243 I FirebaseInitProvider: FirebaseApp initialization successful
07-03 18:23:00.266  1604  4218 I GnssLocationProvider: WakeLock acquired by sendMessage(SET_REQUEST, 0, com.android.server.location.GnssLocationProvider$GpsRequest@2e51d7f)
07-03 18:23:00.397  1604  3712 I WifiService: getWifiEnabledState uid=10062
07-03 18:23:00.505  1970  1970 W ChimeraUtils: Non Chimera context
07-03 18:23:00.505  1970  1970 W ChimeraUtils: Non Chimera context
07-03 18:23:00.526 16243 16267 V FA      : Deferring to Google Analytics for Firebase for event data collection. https://goo.gl/J1sWQy
07-03 18:23:00.550 16243 16267 W zygote  : Unsupported class loader
07-03 18:23:00.569 16243 16267 W zygote  : Skipping duplicate class check due to unsupported classloader
07-03 18:23:00.577 16243 16267 I DynamiteModule: Considering local module com.google.android.gms.ads.dynamite:0 and remote module com.google.android.gms.ads.dynamite:20300
07-03 18:23:00.577 16243 16267 I DynamiteModule: Selected remote version of com.google.android.gms.ads.dynamite, version >= 20300
07-03 18:23:00.578 16243 16267 V DynamiteModule: Dynamite loader version >= 2, using loadModule2NoCrashUtils
07-03 18:23:00.615  1970  1970 I GeofencerStateMachine: sendNewLocationAvailability: availability=LocationAvailability[isLocationAvailable: true]
07-03 18:23:00.647  1970  1970 I GeofencerStateMachine: sendNewLocationAvailability: availability=LocationAvailability[isLocationAvailable: true]
07-03 18:23:00.666 16243 16267 W zygote  : Unsupported class loader
07-03 18:23:00.689  1604  1617 E memtrack: Couldn't load memtrack module
07-03 18:23:00.689  1604  1617 W android.os.Debug: failed to get memory consumption info: -1
07-03 18:23:00.849 14699 16278 I chatty  : uid=10104(net.osmand) expire 31 lines
07-03 18:23:01.018 16243 16267 W zygote  : Skipping duplicate class check due to unsupported classloader
07-03 18:23:01.885 14699 16281 I chatty  : uid=10104(net.osmand) expire 31 lines
07-03 18:23:01.906 16243 16266 I FA      : App measurement is starting up, version: 16250
07-03 18:23:01.906 16243 16266 I FA      : To enable debug logging run: adb shell setprop log.tag.FA VERBOSE
07-03 18:23:01.906 16243 16266 I FA      : To enable faster debug mode event logging run:
07-03 18:23:01.906 16243 16266 I FA      :   adb shell setprop debug.firebase.analytics.app com.offline.routemaps.gps.directionfinder.free
07-03 18:23:01.945  1604  1617 I GnssLocationProvider: WakeLock released by handleMessage(SET_REQUEST, 0, com.android.server.location.GnssLocationProvider$GpsRequest@2684d9)
07-03 18:23:01.998  1604  1617 I GnssLocationProvider: WakeLock released by handleMessage(SET_REQUEST, 0, com.android.server.location.GnssLocationProvider$GpsRequest@2e51d7f)
07-03 18:23:02.376  1604  3712 D WificondControl: Scan result ready event
07-03 18:23:02.609  1604  3883 I WifiService: releaseWifiLock uid=10014
07-03 18:23:02.680 14699 14724 I chatty  : uid=10104(net.osmand) Loader map obje expire 81 lines
07-03 18:23:02.720 16243 16266 I zygote  : Deoptimizing java.lang.Object com.google.android.gms.measurement.internal.zzdu.get(java.lang.Object) due to JIT inline cache
07-03 18:23:02.979 16243 16279 D NetworkSecurityConfig: No Network Security Config specified, using platform default
07-03 18:23:02.711 16288 16288 W mount   : type=1400 audit(0.0:156): avc: denied { search } for name="run" dev="dm-0" ino=696322 scontext=u:r:untrusted_app:s0:c512,c768 tcontext=u:object_r:varrun_file:s0 tclass=dir permissive=0
07-03 18:23:03.234 14699 14699 I chatty  : uid=10104(net.osmand) expire 17 lines
07-03 18:23:03.354 14699 14725 I chatty  : uid=10104(net.osmand) RenderingBaseIm expire 22 lines
07-03 18:23:02.711 16289 16289 W mount   : type=1400 audit(0.0:157): avc: denied { search } for name="run" dev="dm-0" ino=696322 scontext=u:r:untrusted_app:s0:c512,c768 tcontext=u:object_r:varrun_file:s0 tclass=dir permissive=0
07-03 18:23:02.741 16289 16289 I chatty  : uid=1036(auditd) identical 12 lines
07-03 18:23:02.741 16289 16289 W mount   : type=1400 audit(0.0:162): avc: denied { search } for name="run" dev="dm-0" ino=696322 scontext=u:r:untrusted_app:s0:c512,c768 tcontext=u:object_r:varrun_file:s0 tclass=dir permissive=0
07-03 18:23:03.538 14699 16299 I chatty  : uid=10104(net.osmand) expire 31 lines
07-03 18:23:02.741 16289 16289 W mount   : type=1400 audit(0.0:163): avc: denied { read } for name="/" dev="rootfs" ino=2 scontext=u:r:untrusted_app:s0:c512,c768 tcontext=u:object_r:rootfs:s0 tclass=dir permissive=0
07-03 18:23:02.741 16289 16289 W mount   : type=1400 audit(0.0:172): avc: denied { read } for name="/" dev="rootfs" ino=2 scontext=u:r:untrusted_app:s0:c512,c768 tcontext=u:object_r:rootfs:s0 tclass=dir permissive=0
07-03 18:23:02.741 16288 16288 W mount   : type=1400 audit(0.0:173): avc: denied { search } for name="run" dev="dm-0" ino=696322 scontext=u:r:untrusted_app:s0:c512,c768 tcontext=u:object_r:varrun_file:s0 tclass=dir permissive=0
07-03 18:23:02.741 16288 16288 I chatty  : uid=1036(auditd) identical 1 line
07-03 18:23:02.741 16288 16288 W mount   : type=1400 audit(0.0:175): avc: denied { search } for name="run" dev="dm-0" ino=696322 scontext=u:r:untrusted_app:s0:c512,c768 tcontext=u:object_r:varrun_file:s0 tclass=dir permissive=0
07-03 18:23:04.365 14699 14709 I chatty  : uid=10104(net.osmand) HeapTaskDaemon expire 4 lines
07-03 18:23:04.399  1604  1613 I zygote  : Background concurrent copying GC freed 76595(3MB) AllocSpace objects, 32(1664KB) LOS objects, 7% free, 71MB/77MB, paused 3.985ms total 4.195s
07-03 18:23:04.617 14699 16301 I chatty  : uid=10104(net.osmand) expire 31 lines
07-03 18:23:07.094  1604  1621 I WifiService: requestActivityInfo uid=1000
07-03 18:23:07.095  1604  1621 I WifiService: reportActivityInfo uid=1000
07-03 18:23:07.095  1604  1621 I WifiService: getSupportedFeatures uid=1000
07-03 18:23:08.583 14699 16303 I chatty  : uid=10104(net.osmand) expire 31 lines
07-03 18:23:09.034 14699 14724 I chatty  : uid=10104(net.osmand) Loader map obje expire 59 lines
07-03 18:23:09.155 14699 14699 I chatty  : uid=10104(net.osmand) expire 13 lines
07-03 18:23:09.515 14699 14709 I chatty  : uid=10104(net.osmand) HeapTaskDaemon expire 5 lines
07-03 18:23:09.804 14699 14725 I chatty  : uid=10104(net.osmand) RenderingBaseIm expire 22 lines
07-03 18:23:09.812 14699 16304 I chatty  : uid=10104(net.osmand) expire 31 lines
07-03 18:23:10.956 14699 16305 I chatty  : uid=10104(net.osmand) expire 31 lines
07-03 18:23:12.062 14699 16306 I chatty  : uid=10104(net.osmand) expire 31 lines
07-03 18:23:14.200 14699 14724 I chatty  : uid=10104(net.osmand) Loader map obje expire 62 lines
07-03 18:23:14.682 14699 14709 I chatty  : uid=10104(net.osmand) HeapTaskDaemon expire 4 lines
07-03 18:23:14.700  1604  1621 I WifiService: requestActivityInfo uid=1000
07-03 18:23:14.700  1604  1621 I WifiService: reportActivityInfo uid=1000
07-03 18:23:14.700  1604  1621 I WifiService: getSupportedFeatures uid=1000
07-03 18:23:15.069  1403  1418 D hwcomposer: hw_composer sent 42 syncs in 65s
07-03 18:23:16.283 14699 14699 I chatty  : uid=10104(net.osmand) expire 17 lines
07-03 18:23:16.350 14699 16314 I chatty  : uid=10104(net.osmand) expire 31 lines
07-03 18:23:16.362 14699 14725 I chatty  : uid=10104(net.osmand) RenderingBaseIm expire 12 lines
07-03 18:23:17.064 14699 16315 I chatty  : uid=10104(net.osmand) expire 31 lines
07-03 18:23:17.636 14699 16316 I chatty  : uid=10104(net.osmand) expire 31 lines
07-03 18:23:18.935 14699 16318 I chatty  : uid=10104(net.osmand) expire 31 lines
07-03 18:23:19.430  1604  1615 I WifiService: acquireWifiLock uid=10014 lockMode=2
07-03 18:23:19.673  1604  1615 I WifiService: releaseWifiLock uid=10014
07-03 18:23:20.071 14699 16319 I chatty  : uid=10104(net.osmand) expire 31 lines
07-03 18:23:20.436 14699 14725 I chatty  : uid=10104(net.osmand) RenderingBaseIm expire 30 lines
07-03 18:23:20.910 14699 14709 I chatty  : uid=10104(net.osmand) HeapTaskDaemon expire 11 lines
07-03 18:23:21.042 14699 14724 I chatty  : uid=10104(net.osmand) Loader map obje expire 96 lines
07-03 18:23:21.537 14699 14699 I chatty  : uid=10104(net.osmand) expire 10 lines
07-03 18:23:21.979  1707  1729 I zygote  : Background concurrent copying GC freed 170052(6MB) AllocSpace objects, 0(0B) LOS objects, 44% free, 7MB/13MB, paused 3.443ms total 320.335ms
07-03 18:23:28.259  2061  2074 I zygote  : NativeAlloc concurrent copying GC freed 31845(1445KB) AllocSpace objects, 0(0B) LOS objects, 49% free, 4MB/9MB, paused 17.426ms total 243.190ms
07-03 18:23:28.430  1970  1970 W ChimeraUtils: Non Chimera context
07-03 18:23:28.430  1970  1970 W ChimeraUtils: Non Chimera context
07-03 18:23:29.083  1970  1970 I GeofencerStateMachine: sendNewTransitions called.
07-03 18:23:29.733  1604 16308 D NetworkMonitor/NetworkAgentInfo [WIFI () - 101]: PROBE_DNS www.google.com 15039ms OK 172.217.28.228
07-03 18:23:29.735  1604 16309 D NetworkMonitor/NetworkAgentInfo [WIFI () - 101]: PROBE_DNS connectivitycheck.gstatic.com 15040ms OK 172.217.172.131
07-03 18:23:31.052  1604  2952 D NetworkMonitor/NetworkAgentInfo [WIFI () - 101]: PROBE_FALLBACK http://www.google.com/gen_204 time=13353ms ret=204 request={User-Agent=[Mozilla/5.0 (X11; Linux x86_64) AppleWebKit/537.36 (KHTML, like Gecko) Chrome/60.0.3112.32 Safari/537.36]} headers={null=[HTTP/1.1 204 No Content], Content-Length=[0], Content-Type=[text/html; charset=UTF-8], Date=[Wed, 03 Jul 2019 18:23:31 GMT], P3P=[CP="This is not a P3P policy! See g.co/p3phelp for more info."], Server=[gws], Set-Cookie=[1P_JAR=2019-07-03-18; expires=Fri, 02-Aug-2019 18:23:31 GMT; path=/; domain=.google.com, NID=187=W_cahZ-R7BdiEQRNy2kXEHp0rNVedn2eMHgMNeOpk73Wul3xh7TMFg3IZv8iXxjIgt3ztHDSBO8mBAc4ADM4jEubeAOHSiKoAhvezqLT11TwW_JuaDMe0AA3I7p7sCKI1Jt2h_sQ51Ua-R2hpIhWQ1zls-x73WtQfY4zHobHgTs; expires=Thu, 02-Jan-2020 18:23:31 GMT; path=/; domain=.google.com; HttpOnly], X-Android-Received-Millis=[1562178211051], X-Android-Response-Source=[NETWORK 204], X-Android-Selected-Protocol=[http/1.1], X-Android-Sent-Millis=[1562178208619], X-Frame-Options=[SAMEORIGIN], X-XSS-Protection=[0]}
07-03 18:23:31.099 14699 14725 I chatty  : uid=10104(net.osmand) RenderingBaseIm expire 6 lines
07-03 18:23:31.230 14699 14724 I chatty  : uid=10104(net.osmand) Loader map obje expire 80 lines
07-03 18:23:32.168  1604  1613 I zygote  : Background concurrent copying GC freed 106126(4MB) AllocSpace objects, 53(2MB) LOS objects, 7% free, 70MB/76MB, paused 1.853ms total 1.111s
07-03 18:23:33.104  1604 16309 D NetworkMonitor/NetworkAgentInfo [WIFI () - 101]: PROBE_HTTP http://connectivitycheck.gstatic.com/generate_204 time=3368ms ret=204 request={User-Agent=[Mozilla/5.0 (X11; Linux x86_64) AppleWebKit/537.36 (KHTML, like Gecko) Chrome/60.0.3112.32 Safari/537.36]} headers={null=[HTTP/1.1 204 No Content], Content-Length=[0], Date=[Wed, 03 Jul 2019 18:23:34 GMT], X-Android-Received-Millis=[1562178213104], X-Android-Response-Source=[NETWORK 204], X-Android-Selected-Protocol=[http/1.1], X-Android-Sent-Millis=[1562178212205]}
07-03 18:23:33.489  1604  1617 E memtrack: Couldn't load memtrack module
07-03 18:23:33.493  1604  1617 W android.os.Debug: failed to get memory consumption info: -1
07-03 18:23:36.557 14699 14709 I chatty  : uid=10104(net.osmand) HeapTaskDaemon expire 6 lines
07-03 18:23:36.876 14699 14699 I chatty  : uid=10104(net.osmand) expire 20 lines
07-03 18:23:36.931 14699 14725 I chatty  : uid=10104(net.osmand) RenderingBaseIm expire 22 lines
07-03 18:23:40.452  1604  3712 I WifiService: acquireWifiLock uid=10014 lockMode=2
07-03 18:23:41.004 14699 16325 I chatty  : uid=10104(net.osmand) expire 31 lines
07-03 18:23:41.891  1410  1410 I boot-pipe: done populating /dev/random
07-03 18:23:42.078  1604  3883 I MediaFocusControl: requestAudioFocus() from uid/pid 10104/14699 clientId=android.media.AudioManager@8717807net.osmand.plus.api.AudioFocusHelperImpl@a4d8aef callingPack=net.osmand req=3 flags=0x0 sdk=26
07-03 18:23:42.082  4639 14788 I TTS.GoogleTTSServiceImp: Synthesis request for locale por-BRA and name pt-BR-language
07-03 18:23:42.084  4639 14788 I TTS.GoogleTTSServiceImp: TTS dispatch: pt-br-x-afs-lstm-embedded
07-03 18:23:42.156 14699 15154 I chatty  : uid=10104(net.osmand) Binder:14699_9 expire 2 lines
07-03 18:23:42.162  1604  3712 I MediaFocusControl: abandonAudioFocus() from uid/pid 10104/14699 clientId=android.media.AudioManager@8717807net.osmand.plus.api.AudioFocusHelperImpl@a4d8aef
07-03 18:23:42.173 14699 16328 I chatty  : uid=10104(net.osmand) expire 31 lines
07-03 18:23:43.179 14699 14724 I chatty  : uid=10104(net.osmand) Loader map obje expire 32 lines
07-03 18:23:43.485  1604  1614 D WificondControl: Scan result ready event
07-03 18:23:43.542  1604  1614 I WifiService: releaseWifiLock uid=10014
07-03 18:23:43.807 14699 16329 I chatty  : uid=10104(net.osmand) expire 30 lines
07-03 18:23:43.927 14699 14782 I chatty  : uid=10104(net.osmand) pool-2-thread-1 expire 2 lines
07-03 18:23:44.577 14699 16329 I chatty  : uid=10104(net.osmand) expire 1 line
07-03 18:23:44.790 14699 14709 I chatty  : uid=10104(net.osmand) HeapTaskDaemon expire 4 lines
07-03 18:23:44.953 14699 14725 I chatty  : uid=10104(net.osmand) RenderingBaseIm expire 14 lines
07-03 18:23:44.978 14699 14699 I chatty  : uid=10104(net.osmand) expire 14 lines
07-03 18:23:44.985 14699 16330 I chatty  : uid=10104(net.osmand) expire 31 lines
07-03 18:23:45.053  1604 16308 D NetworkMonitor/NetworkAgentInfo [WIFI () - 101]: PROBE_HTTPS https://www.google.com/generate_204 Probe failed with exception java.io.IOException: unexpected end of stream on com.android.okhttp.Address@805c5443
07-03 18:23:45.058  1604  1682 D ConnectivityService: NetworkAgentInfo [WIFI () - 101] validation failed
07-03 18:23:45.060  1604  1678 D WifiStateMachine: NETWORK_STATUS_UNWANTED_VALIDATION_FAILED
07-03 18:23:45.088 14699 14724 I chatty  : uid=10104(net.osmand) Loader map obje expire 33 lines
07-03 18:23:46.085 14699 16331 I chatty  : uid=10104(net.osmand) expire 31 lines
07-03 18:23:47.078 14699 16332 I chatty  : uid=10104(net.osmand) expire 31 lines
07-03 18:23:47.697 14699 16333 I chatty  : uid=10104(net.osmand) expire 31 lines
07-03 18:23:48.069 14699 16334 I chatty  : uid=10104(net.osmand) expire 31 lines
07-03 18:23:48.511 14699 14724 I chatty  : uid=10104(net.osmand) Loader map obje expire 95 lines
07-03 18:23:48.905 14699 14709 I chatty  : uid=10104(net.osmand) HeapTaskDaemon expire 5 lines
07-03 18:23:48.990 14699 14725 I chatty  : uid=10104(net.osmand) RenderingBaseIm expire 18 lines
07-03 18:23:50.268 14699 14699 I chatty  : uid=10104(net.osmand) expire 13 lines
07-03 18:23:51.793 14699 16335 I chatty  : uid=10104(net.osmand) expire 31 lines
07-03 18:23:54.383 14699 16336 I chatty  : uid=10104(net.osmand) expire 31 lines
07-03 18:23:55.101 14699 16337 I chatty  : uid=10104(net.osmand) expire 31 lines
07-03 18:23:55.563 14699 14699 I chatty  : uid=10104(net.osmand) expire 16 lines
07-03 18:23:55.615 14699 14725 I chatty  : uid=10104(net.osmand) RenderingBaseIm expire 14 lines
07-03 18:23:55.799 14699 14724 I chatty  : uid=10104(net.osmand) Loader map obje expire 70 lines
07-03 18:23:56.474 14699 14709 I chatty  : uid=10104(net.osmand) HeapTaskDaemon expire 2 lines
07-03 18:23:56.834 14699 16338 I chatty  : uid=10104(net.osmand) expire 31 lines
07-03 18:23:57.377 14699 16339 I chatty  : uid=10104(net.osmand) expire 31 lines
07-03 18:23:58.160 14699 16340 I chatty  : uid=10104(net.osmand) expire 31 lines
07-03 18:23:58.248  1604  1613 I zygote  : WaitForGcToComplete blocked Background on None for 7.818ms
07-03 18:23:58.864  1707  1729 I zygote  : Background concurrent copying GC freed 174855(6MB) AllocSpace objects, 0(0B) LOS objects, 45% free, 7MB/13MB, paused 967us total 196.971ms
07-03 18:23:59.153 14699 16341 I chatty  : uid=10104(net.osmand) expire 31 lines
07-03 18:23:59.154  1970  1970 I GeofencerStateMachine: sendNewTransitions called.
07-03 18:23:59.238  1970  1970 I GeofencerStateMachine: sendNewTransitions called.
07-03 18:23:59.260  1970  1970 I GeofencerStateMachine: sendNewLocationAvailability: availability=LocationAvailability[isLocationAvailable: true]
07-03 18:23:59.418  1970  1970 I chatty  : uid=10014 com.google.android.gms.persistent identical 1 line
07-03 18:23:59.426  1970  1970 I GeofencerStateMachine: sendNewLocationAvailability: availability=LocationAvailability[isLocationAvailable: true]
07-03 18:24:00.009  1604  1617 E memtrack: Couldn't load memtrack module
07-03 18:24:00.009  1604  1617 W android.os.Debug: failed to get memory consumption info: -1
07-03 18:24:00.369 14699 14724 I chatty  : uid=10104(net.osmand) Loader map obje expire 95 lines
07-03 18:24:00.453  1604  1617 E memtrack: Couldn't load memtrack module
07-03 18:24:00.454  1604  1617 W android.os.Debug: failed to get memory consumption info: -1
07-03 18:24:00.513  1604  3712 I WifiService: acquireWifiLock uid=10014 lockMode=2
07-03 18:24:00.514 14699 14709 I chatty  : uid=10104(net.osmand) HeapTaskDaemon expire 7 lines
07-03 18:24:00.608  1604  1617 E memtrack: Couldn't load memtrack module
07-03 18:24:00.608  1604  1617 W android.os.Debug: failed to get memory consumption info: -1
07-03 18:24:00.634  1604  3712 I WifiService: releaseWifiLock uid=10014
07-03 18:24:00.694  1604  1613 I zygote  : Background concurrent copying GC freed 94750(3MB) AllocSpace objects, 52(2MB) LOS objects, 7% free, 70MB/76MB, paused 1.915ms total 2.438s
07-03 18:24:00.889 14699 14699 I chatty  : uid=10104(net.osmand) expire 19 lines
07-03 18:24:00.914 14699 16342 I chatty  : uid=10104(net.osmand) expire 31 lines
07-03 18:24:00.964 14699 14725 I chatty  : uid=10104(net.osmand) RenderingBaseIm expire 26 lines
07-03 18:24:04.411  1604  1621 E BatteryExternalStatsWorker: modem info is invalid: ModemActivityInfo{ mTimestamp=0 mSleepTimeMs=0 mIdleTimeMs=0 mTxTimeMs[]=[0, 0, 0, 0, 0] mRxTimeMs=0 mEnergyUsed=0}
07-03 18:24:07.669 14699 16344 I chatty  : uid=10104(net.osmand) expire 31 lines
07-03 18:24:08.805  1604  1621 I WifiService: requestActivityInfo uid=1000
07-03 18:24:08.805  1604  1621 I WifiService: reportActivityInfo uid=1000
07-03 18:24:08.805  1604  1621 I WifiService: getSupportedFeatures uid=1000
07-03 18:24:09.576 14699 14724 I chatty  : uid=10104(net.osmand) Loader map obje expire 71 lines
07-03 18:24:09.766 14699 14709 I chatty  : uid=10104(net.osmand) HeapTaskDaemon expire 9 lines
07-03 18:24:11.329  1604  1621 I WifiService: requestActivityInfo uid=1000
07-03 18:24:11.329  1604  1621 I WifiService: reportActivityInfo uid=1000
07-03 18:24:11.329  1604  1621 I WifiService: getSupportedFeatures uid=1000
07-03 18:24:12.720 14699 14699 I chatty  : uid=10104(net.osmand) expire 12 lines
07-03 18:24:12.781 14699 14725 I chatty  : uid=10104(net.osmand) RenderingBaseIm expire 26 lines
07-03 18:24:15.204  1403  1418 D hwcomposer: hw_composer sent 90 syncs in 60s
07-03 18:24:20.541  1604  1614 I WifiService: acquireWifiLock uid=10014 lockMode=2
07-03 18:24:20.601  1970  1970 W ChimeraUtils: Non Chimera context
07-03 18:24:20.601  1970  1970 W ChimeraUtils: Non Chimera context
07-03 18:24:20.665 14699 14724 I chatty  : uid=10104(net.osmand) Loader map obje expire 44 lines
07-03 18:24:20.714  1970  1980 I zygote  : Background concurrent copying GC freed 96257(4MB) AllocSpace objects, 1(16KB) LOS objects, 39% free, 9MB/15MB, paused 928us total 104.365ms
07-03 18:24:20.927  1970  1982 W Conscrypt: Could not set socket write timeout: java.net.SocketException: Socket closed
07-03 18:24:20.933  1970  1982 W Conscrypt: 	at com.google.android.gms.org.conscrypt.Platform.setSocketWriteTimeout(:com.google.android.gms@17785022@17.7.85 (040700-253824076):2)
07-03 18:24:20.933  1970  1982 W Conscrypt: 	at com.google.android.gms.org.conscrypt.ConscryptFileDescriptorSocket.setSoWriteTimeout(:com.google.android.gms@17785022@17.7.85 (040700-253824076):2)
07-03 18:24:22.746  1970  1982 W Conscrypt: Could not set socket write timeout: java.net.SocketException: Socket closed
07-03 18:24:22.746  1970  1982 W Conscrypt: 	at com.google.android.gms.org.conscrypt.Platform.setSocketWriteTimeout(:com.google.android.gms@17785022@17.7.85 (040700-253824076):2)
07-03 18:24:22.746  1970  1982 W Conscrypt: 	at com.google.android.gms.org.conscrypt.ConscryptFileDescriptorSocket.setSoWriteTimeout(:com.google.android.gms@17785022@17.7.85 (040700-253824076):2)
07-03 18:24:22.783 14699 16352 I chatty  : uid=10104(net.osmand) expire 31 lines
07-03 18:24:23.102 14699 16353 I chatty  : uid=10104(net.osmand) expire 31 lines
07-03 18:24:23.538 14699 14724 I chatty  : uid=10104(net.osmand) Loader map obje expire 83 lines
07-03 18:24:23.554  1604  3883 D WificondControl: Scan result ready event
07-03 18:24:23.649  1604  3883 I WifiService: releaseWifiLock uid=10014
07-03 18:24:23.925 14699 14709 I chatty  : uid=10104(net.osmand) HeapTaskDaemon expire 5 lines
07-03 18:24:24.026 14699 14699 I chatty  : uid=10104(net.osmand) expire 15 lines
07-03 18:24:24.070 14699 14725 I chatty  : uid=10104(net.osmand) RenderingBaseIm expire 28 lines
07-03 18:24:25.368  1604  1613 I zygote  : WaitForGcToComplete blocked Background on None for 6.494ms
07-03 18:24:25.395 14699 16358 I chatty  : uid=10104(net.osmand) expire 31 lines
07-03 18:24:25.437  1604  1613 I zygote  : ThreadFlipBegin blocked for 5.334ms
07-03 18:24:25.441  1604  6308 I zygote  : IncrementDisableThreadFlip blocked for 5.134ms
07-03 18:24:25.441  1604  2501 I zygote  : IncrementDisableThreadFlip blocked for 9.008ms
07-03 18:24:26.114 14699 16359 I chatty  : uid=10104(net.osmand) expire 31 lines
07-03 18:24:26.364  1604  1621 I WifiService: requestActivityInfo uid=1000
07-03 18:24:26.364  1604  1621 I WifiService: reportActivityInfo uid=1000
07-03 18:24:26.364  1604  1621 I WifiService: getSupportedFeatures uid=1000
07-03 18:24:27.475  1604  1613 I zygote  : Background concurrent copying GC freed 96054(3MB) AllocSpace objects, 56(2MB) LOS objects, 7% free, 70MB/76MB, paused 1.621ms total 2.086s
07-03 18:24:27.553  1970  5718 I GeofencerStateMachine: addGeofences called by com.google.android.apps.maps
07-03 18:24:27.590  1604  1615 I GnssLocationProvider: WakeLock acquired by sendMessage(SET_REQUEST, 0, com.android.server.location.GnssLocationProvider$GpsRequest@4e41228)
07-03 18:24:27.593  1604  1617 I GnssLocationProvider: WakeLock released by handleMessage(SET_REQUEST, 0, com.android.server.location.GnssLocationProvider$GpsRequest@4e41228)
07-03 18:24:27.634  1604  3883 I GnssLocationProvider: WakeLock acquired by sendMessage(SET_REQUEST, 0, com.android.server.location.GnssLocationProvider$GpsRequest@5a398e6)
07-03 18:24:27.636  1604  1617 I GnssLocationProvider: WakeLock released by handleMessage(SET_REQUEST, 0, com.android.server.location.GnssLocationProvider$GpsRequest@5a398e6)
07-03 18:24:27.665  1604  3883 I WifiService: getWifiEnabledState uid=10062
07-03 18:24:27.798  1970  1970 I GeofencerStateMachine: sendNewLocationAvailability: availability=LocationAvailability[isLocationAvailable: true]
07-03 18:24:27.810  1970  1970 I GeofencerStateMachine: sendNewLocationAvailability: availability=LocationAvailability[isLocationAvailable: true]
07-03 18:24:29.113  1970  1970 I GeofencerStateMachine: sendNewTransitions called.
07-03 18:24:29.500 14699 16364 I chatty  : uid=10104(net.osmand) expire 31 lines
07-03 18:24:30.356 14699 14724 I chatty  : uid=10104(net.osmand) Loader map obje expire 66 lines
07-03 18:24:30.598 14699 14709 I chatty  : uid=10104(net.osmand) HeapTaskDaemon expire 4 lines
07-03 18:24:30.706 14699 14699 I chatty  : uid=10104(net.osmand) expire 22 lines
07-03 18:24:30.767 14699 16365 I chatty  : uid=10104(net.osmand) expire 31 lines
07-03 18:24:30.995 14699 14725 I chatty  : uid=10104(net.osmand) RenderingBaseIm expire 20 lines
07-03 18:24:32.092  1604  1615 I MediaFocusControl: requestAudioFocus() from uid/pid 10104/14699 clientId=android.media.AudioManager@8717807net.osmand.plus.api.AudioFocusHelperImpl@324bf1c callingPack=net.osmand req=3 flags=0x0 sdk=26
07-03 18:24:32.096  4639 14788 I TTS.GoogleTTSServiceImp: Synthesis request for locale por-BRA and name pt-BR-language
07-03 18:24:32.097  4639 14788 I TTS.GoogleTTSServiceImp: TTS dispatch: pt-br-x-afs-lstm-embedded
07-03 18:24:32.235  4639 14789 D AudioTrack: Client defaulted notificationFrames to 1365 for frameCount 4096
07-03 18:24:32.246  1604  4218 V MediaRouterService: restoreBluetoothA2dp(false)
07-03 18:24:32.259  1394  3176 W audio_hw_generic: Not supplying enough data to HAL, expected position 478216969 , only wrote 478216800
07-03 18:24:32.302  1707 15124 I zygote  : IncrementDisableThreadFlip blocked for 14.305ms
07-03 18:24:32.535  1707  1729 I zygote  : Background concurrent copying GC freed 164961(5MB) AllocSpace objects, 0(0B) LOS objects, 44% free, 7MB/13MB, paused 42.959ms total 359.295ms
07-03 18:24:33.464  1477  1572 D AudioFlinger: mixer(0xac983140) throttle end: throttle time(5)
07-03 18:24:33.534  4639 20572 D AudioTrack: stop() called with 31085 frames delivered
07-03 18:24:33.541  4639 14788 I TTS.EventProcessor: synthesizeMarkup call to callback.audioAvailable failed: -1
07-03 18:24:33.541  1604  2501 I MediaFocusControl: abandonAudioFocus() from uid/pid 10104/14699 clientId=android.media.AudioManager@8717807net.osmand.plus.api.AudioFocusHelperImpl@324bf1c
07-03 18:24:33.552 14699 15154 I chatty  : uid=10104(net.osmand) Binder:14699_9 expire 2 lines
07-03 18:24:33.560 14699 16369 I chatty  : uid=10104(net.osmand) expire 31 lines
07-03 18:24:34.766 14699 16370 I chatty  : uid=10104(net.osmand) expire 31 lines
07-03 18:24:35.989 14699 16371 I chatty  : uid=10104(net.osmand) expire 31 lines
07-03 18:24:36.316 14699 14699 I chatty  : uid=10104(net.osmand) expire 13 lines
07-03 18:24:36.328 14699 14724 I chatty  : uid=10104(net.osmand) Loader map obje expire 48 lines
07-03 18:24:36.581  1394  1567 W audio_hw_generic: Not supplying enough data to HAL, expected position 478630675 , only wrote 478424160
07-03 18:24:36.917 14699 14709 I chatty  : uid=10104(net.osmand) HeapTaskDaemon expire 3 lines
07-03 18:24:37.103 14699 16372 I chatty  : uid=10104(net.osmand) expire 31 lines
07-03 18:24:37.477 14699 14725 I chatty  : uid=10104(net.osmand) RenderingBaseIm expire 12 lines
07-03 18:24:38.134 14699 16373 I chatty  : uid=10104(net.osmand) expire 31 lines
07-03 18:24:38.625 14699 16374 I chatty  : uid=10104(net.osmand) expire 31 lines
07-03 18:24:39.897 14699 16375 I chatty  : uid=10104(net.osmand) expire 31 lines
07-03 18:24:40.331 14699 14725 I chatty  : uid=10104(net.osmand) RenderingBaseIm expire 16 lines
07-03 18:24:40.395 14699 14724 I chatty  : uid=10104(net.osmand) Loader map obje expire 64 lines
07-03 18:24:40.759 14699 14709 I chatty  : uid=10104(net.osmand) HeapTaskDaemon expire 4 lines
07-03 18:24:41.092 14699 14699 I chatty  : uid=10104(net.osmand) expire 28 lines
07-03 18:24:41.370  2061  2074 I zygote  : NativeAlloc concurrent copying GC freed 31210(1424KB) AllocSpace objects, 0(0B) LOS objects, 49% free, 4MB/9MB, paused 57.338ms total 170.599ms
07-03 18:24:41.578  1604  4218 I WifiService: acquireWifiLock uid=10014 lockMode=2
07-03 18:24:41.650  1604  3883 I WifiService: releaseWifiLock uid=10014
07-03 18:24:41.893  1410  1410 I boot-pipe: done populating /dev/random
07-03 18:24:42.561 14699 16378 I chatty  : uid=10104(net.osmand) expire 31 lines
07-03 18:24:46.121 14699 16379 I chatty  : uid=10104(net.osmand) expire 31 lines
07-03 18:24:46.457  1604  1621 I WifiService: requestActivityInfo uid=1000
07-03 18:24:46.458  1604  1621 I WifiService: reportActivityInfo uid=1000
07-03 18:24:46.458  1604  1621 I WifiService: getSupportedFeatures uid=1000
07-03 18:24:33.545  1604  4218 V MediaRouterService: restoreBluetoothA2dp(false)
07-03 18:24:46.661  1604  1621 E BatteryExternalStatsWorker: modem info is invalid: ModemActivityInfo{ mTimestamp=0 mSleepTimeMs=0 mIdleTimeMs=0 mTxTimeMs[]=[0, 0, 0, 0, 0] mRxTimeMs=0 mEnergyUsed=0}
07-03 18:24:47.111 14699 16382 I chatty  : uid=10104(net.osmand) expire 31 lines
07-03 18:24:47.793 14699 16383 I chatty  : uid=10104(net.osmand) expire 31 lines
07-03 18:24:48.507 14699 14724 I chatty  : uid=10104(net.osmand) Loader map obje expire 64 lines
07-03 18:24:48.778 14699 14709 I chatty  : uid=10104(net.osmand) HeapTaskDaemon expire 4 lines
07-03 18:24:49.066 14699 14699 I chatty  : uid=10104(net.osmand) expire 15 lines
07-03 18:24:49.125 14699 14725 I chatty  : uid=10104(net.osmand) RenderingBaseIm expire 18 lines
07-03 18:24:49.136 14699 16384 I chatty  : uid=10104(net.osmand) expire 31 lines
07-03 18:24:50.114 14699 16385 I chatty  : uid=10104(net.osmand) expire 31 lines
07-03 18:24:51.832 14699 16386 I chatty  : uid=10104(net.osmand) expire 31 lines
07-03 18:24:53.143 14699 16387 I chatty  : uid=10104(net.osmand) expire 31 lines
07-03 18:24:53.453 14699 14724 I chatty  : uid=10104(net.osmand) Loader map obje expire 64 lines
07-03 18:24:54.075 14699 14709 I chatty  : uid=10104(net.osmand) HeapTaskDaemon expire 5 lines
07-03 18:24:54.099 14699 14699 I chatty  : uid=10104(net.osmand) expire 12 lines
07-03 18:24:54.110 14699 16388 I chatty  : uid=10104(net.osmand) expire 31 lines
07-03 18:24:54.618 14699 14725 I chatty  : uid=10104(net.osmand) RenderingBaseIm expire 26 lines
07-03 18:24:54.653 14699 16393 I chatty  : uid=10104(net.osmand) expire 31 lines
07-03 18:24:56.781  1604  1613 I zygote  : Background concurrent copying GC freed 82377(3MB) AllocSpace objects, 44(2MB) LOS objects, 7% free, 70MB/76MB, paused 1.917ms total 944.722ms
07-03 18:24:59.779  1970  1970 I GeofencerStateMachine: sendNewTransitions called.
07-03 18:24:59.843  1970  1970 I GeofencerStateMachine: sendNewTransitions called.
07-03 18:24:59.859  1970  1970 I GeofencerStateMachine: sendNewLocationAvailability: availability=LocationAvailability[isLocationAvailable: true]
07-03 18:25:00.030  1604  1617 E memtrack: Couldn't load memtrack module
07-03 18:25:00.030  1604  1617 W android.os.Debug: failed to get memory consumption info: -1
07-03 18:25:00.086  1970  1970 I GeofencerStateMachine: sendNewLocationAvailability: availability=LocationAvailability[isLocationAvailable: true]
07-03 18:25:00.102  1970  1970 I GeofencerStateMachine: sendNewLocationAvailability: availability=LocationAvailability[isLocationAvailable: true]
07-03 18:25:01.036 14699 16394 I chatty  : uid=10104(net.osmand) expire 31 lines
07-03 18:25:01.499  1604  1621 I WifiService: requestActivityInfo uid=1000
07-03 18:25:01.499  1604  1621 I WifiService: reportActivityInfo uid=1000
07-03 18:25:01.499  1604  1621 I WifiService: getSupportedFeatures uid=1000
07-03 18:25:01.615  1604  1615 I WifiService: acquireWifiLock uid=10014 lockMode=2
07-03 18:25:01.680 14699 14724 I chatty  : uid=10104(net.osmand) Loader map obje expire 64 lines
07-03 18:25:02.107 14699 14699 I chatty  : uid=10104(net.osmand) expire 13 lines
07-03 18:25:02.116 14699 16397 I chatty  : uid=10104(net.osmand) expire 31 lines
07-03 18:25:02.380 14699 14709 I chatty  : uid=10104(net.osmand) HeapTaskDaemon expire 3 lines
07-03 18:25:02.476 14699 14725 I chatty  : uid=10104(net.osmand) RenderingBaseIm expire 8 lines
07-03 18:25:03.124 14699 16398 I chatty  : uid=10104(net.osmand) expire 31 lines
07-03 18:25:03.774 14699 16399 I chatty  : uid=10104(net.osmand) expire 31 lines
07-03 18:25:04.624  1604  3883 D WificondControl: Scan result ready event
07-03 18:25:04.730  1604  1855 I WifiService: releaseWifiLock uid=10014
07-03 18:25:05.087 14699 16400 I chatty  : uid=10104(net.osmand) expire 31 lines
07-03 18:25:05.783 14699 14709 I chatty  : uid=10104(net.osmand) HeapTaskDaemon expire 6 lines
07-03 18:25:06.129 14699 14699 I chatty  : uid=10104(net.osmand) expire 17 lines
07-03 18:25:06.134 14699 16401 I chatty  : uid=10104(net.osmand) expire 31 lines
07-03 18:25:06.470 14699 14725 I chatty  : uid=10104(net.osmand) RenderingBaseIm expire 23 lines
07-03 18:25:06.824 14699 14724 I chatty  : uid=10104(net.osmand) Loader map obje expire 48 lines
07-03 18:25:10.254 14699 16402 I chatty  : uid=10104(net.osmand) expire 31 lines
07-03 18:25:11.113 14699 16403 I chatty  : uid=10104(net.osmand) expire 31 lines
07-03 18:25:11.779 14699 16404 I chatty  : uid=10104(net.osmand) expire 31 lines
07-03 18:25:13.104 14699 16405 I chatty  : uid=10104(net.osmand) expire 31 lines
07-03 18:25:13.235 14699 14725 I chatty  : uid=10104(net.osmand) RenderingBaseIm expire 13 lines
07-03 18:25:13.293 14699 14724 I chatty  : uid=10104(net.osmand) Loader map obje expire 41 lines
07-03 18:25:13.926 14699 14709 I chatty  : uid=10104(net.osmand) HeapTaskDaemon expire 2 lines
07-03 18:25:14.126 14699 14699 I chatty  : uid=10104(net.osmand) expire 11 lines
07-03 18:25:14.129 14699 16406 I chatty  : uid=10104(net.osmand) expire 31 lines
07-03 18:25:14.535 14699 16407 I chatty  : uid=10104(net.osmand) expire 31 lines
07-03 18:25:15.234 14699 16408 I chatty  : uid=10104(net.osmand) expire 31 lines
07-03 18:25:15.908 14699 16413 I chatty  : uid=10104(net.osmand) expire 31 lines
07-03 18:25:16.653 14699 14724 I chatty  : uid=10104(net.osmand) Loader map obje expire 56 lines
07-03 18:25:16.856 14699 14709 I chatty  : uid=10104(net.osmand) HeapTaskDaemon expire 4 lines
07-03 18:25:17.144 14699 14699 I chatty  : uid=10104(net.osmand) expire 14 lines
07-03 18:25:17.148 14699 14725 I chatty  : uid=10104(net.osmand) RenderingBaseIm expire 22 lines
07-03 18:25:17.157 14699 16414 I chatty  : uid=10104(net.osmand) expire 31 lines
07-03 18:25:18.138 14699 16415 I chatty  : uid=10104(net.osmand) expire 31 lines
07-03 18:25:19.197 14699 16416 I chatty  : uid=10104(net.osmand) expire 31 lines
07-03 18:25:19.868 14699 16417 I chatty  : uid=10104(net.osmand) expire 31 lines
07-03 18:25:21.504 14699 14724 I chatty  : uid=10104(net.osmand) Loader map obje expire 47 lines
07-03 18:25:21.668  1604  1855 I WifiService: acquireWifiLock uid=10014 lockMode=2
07-03 18:25:21.683  1604  2501 I ActivityManager: Killing 14833:android.process.media/u0a9 (adj 906): empty for 1813s
07-03 18:25:21.687  1604  1620 W zygote  : kill(-14833, 9) failed: No such process
07-03 18:25:21.773  1604  1620 I chatty  : uid=1000(system) ActivityManager identical 2 lines
07-03 18:25:21.819  1604  1620 W zygote  : kill(-14833, 9) failed: No such process
07-03 18:25:21.819  1604  1620 I zygote  : Successfully killed process cgroup uid 10009 pid 14833 in 131ms
07-03 18:25:21.821  1604  2501 I WifiService: releaseWifiLock uid=10014
07-03 18:25:21.976 14699 14709 I chatty  : uid=10104(net.osmand) HeapTaskDaemon expire 4 lines
07-03 18:25:22.418 14699 14725 I chatty  : uid=10104(net.osmand) RenderingBaseIm expire 10 lines
07-03 18:25:22.436 14699 14699 I chatty  : uid=10104(net.osmand) expire 17 lines
07-03 18:25:22.441 14699 16419 I chatty  : uid=10104(net.osmand) expire 31 lines
07-03 18:25:23.772 14699 16420 I chatty  : uid=10104(net.osmand) expire 31 lines
07-03 18:25:24.185 14699 16421 I chatty  : uid=10104(net.osmand) expire 31 lines
07-03 18:25:25.287 14699 16422 I chatty  : uid=10104(net.osmand) expire 31 lines
07-03 18:25:26.149 14699 16423 I chatty  : uid=10104(net.osmand) expire 31 lines
07-03 18:25:26.644 14699 14725 I chatty  : uid=10104(net.osmand) RenderingBaseIm expire 20 lines
07-03 18:25:26.956 14699 14709 I chatty  : uid=10104(net.osmand) HeapTaskDaemon expire 3 lines
07-03 18:25:27.084 14699 14724 I chatty  : uid=10104(net.osmand) Loader map obje expire 60 lines
07-03 18:25:27.178 14699 14699 I chatty  : uid=10104(net.osmand) expire 15 lines
07-03 18:25:27.185 14699 16424 I chatty  : uid=10104(net.osmand) expire 31 lines
07-03 18:25:29.112 14699 16425 I chatty  : uid=10104(net.osmand) expire 31 lines
07-03 18:25:29.151  1403  1418 D hwcomposer: hw_composer sent 90 syncs in 74s
07-03 18:25:30.162 14699 16426 I chatty  : uid=10104(net.osmand) expire 31 lines
07-03 18:25:30.163  1970  1970 I GeofencerStateMachine: sendNewTransitions called.
07-03 18:25:30.415  1604  1618 I ActivityManager: Killing 14962:com.google.android.dialer/u0a20 (adj 906): empty for 1806s
07-03 18:25:30.416  1604  1618 I ActivityManager: Killing 15046:com.android.calllogbackup/u0a2 (adj 906): empty for 1806s
07-03 18:25:30.417  1604  1620 W zygote  : kill(-14962, 9) failed: No such process
07-03 18:25:30.512  1604  1620 I chatty  : uid=1000(system) ActivityManager identical 3 lines
07-03 18:25:30.554  1604  1620 W zygote  : kill(-14962, 9) failed: No such process
07-03 18:25:30.592  1604  1620 W zygote  : kill(-14962, 9) failed: No such process
07-03 18:25:30.676  1604  1620 W zygote  : kill(-14962, 9) failed: No such process
07-03 18:25:30.723  1604  1620 W zygote  : kill(-14962, 9) failed: No such process
07-03 18:25:30.723  1604  1620 I zygote  : Successfully killed process cgroup uid 10020 pid 14962 in 305ms
07-03 18:25:30.723  1604  1620 W zygote  : kill(-15046, 9) failed: No such process
07-03 18:25:30.723  1604  1620 I zygote  : Successfully killed process cgroup uid 10002 pid 15046 in 0ms
07-03 18:25:31.202 14699 16427 I chatty  : uid=10104(net.osmand) expire 31 lines
07-03 18:25:31.602 14699 14724 I chatty  : uid=10104(net.osmand) Loader map obje expire 68 lines
07-03 18:25:31.959 14699 14699 I chatty  : uid=10104(net.osmand) expire 17 lines
07-03 18:25:32.007 14699 14725 I chatty  : uid=10104(net.osmand) RenderingBaseIm expire 20 lines
07-03 18:25:32.027 14699 16428 I chatty  : uid=10104(net.osmand) expire 31 lines
07-03 18:25:32.209  1604  1613 I zygote  : Background concurrent copying GC freed 74132(2MB) AllocSpace objects, 32(1664KB) LOS objects, 7% free, 70MB/76MB, paused 1.695ms total 2.022s
07-03 18:25:32.418 14699 14709 I chatty  : uid=10104(net.osmand) HeapTaskDaemon expire 4 lines
07-03 18:25:34.498 14699 16429 I chatty  : uid=10104(net.osmand) expire 31 lines
07-03 18:25:35.133 14699 16430 I chatty  : uid=10104(net.osmand) expire 31 lines
07-03 18:25:37.152 14699 16431 I chatty  : uid=10104(net.osmand) expire 31 lines
07-03 18:25:37.394  1707  1707 I zygote  : IncrementDisableThreadFlip blocked for 13.162ms
07-03 18:25:37.730  1707  1729 I zygote  : Background concurrent copying GC freed 171695(6MB) AllocSpace objects, 0(0B) LOS objects, 44% free, 7MB/13MB, paused 8.732ms total 372.844ms
07-03 18:25:37.805 14699 14724 I chatty  : uid=10104(net.osmand) Loader map obje expire 48 lines
07-03 18:25:38.174 14699 14699 I chatty  : uid=10104(net.osmand) expire 12 lines
07-03 18:25:38.183 14699 16432 I chatty  : uid=10104(net.osmand) expire 31 lines
07-03 18:25:38.735 14699 14709 I chatty  : uid=10104(net.osmand) HeapTaskDaemon expire 3 lines
07-03 18:25:38.821 14699 14725 I chatty  : uid=10104(net.osmand) RenderingBaseIm expire 10 lines
07-03 18:25:38.850 14699 16433 I chatty  : uid=10104(net.osmand) expire 31 lines
07-03 18:25:40.215 14699 16434 I chatty  : uid=10104(net.osmand) expire 31 lines
07-03 18:25:41.142 14699 16435 I chatty  : uid=10104(net.osmand) expire 31 lines
07-03 18:25:41.690 14699 14699 I chatty  : uid=10104(net.osmand) expire 17 lines
07-03 18:25:41.696 14699 16437 I chatty  : uid=10104(net.osmand) expire 31 lines
07-03 18:25:41.697 14699 14725 I chatty  : uid=10104(net.osmand) RenderingBaseIm expire 14 lines
07-03 18:25:41.894  1410  1410 I boot-pipe: done populating /dev/random
07-03 18:25:42.120 14699 14724 I chatty  : uid=10104(net.osmand) Loader map obje expire 48 lines
07-03 18:25:42.188 14699 16438 I chatty  : uid=10104(net.osmand) expire 31 lines
07-03 18:25:42.743  1604  9404 I WifiService: acquireWifiLock uid=10014 lockMode=2
07-03 18:25:42.800  1970 16440 E WorkSourceUtil: Could not find package: com.google.android.gms.stats.eastworld
07-03 18:25:42.939 14699 14709 I chatty  : uid=10104(net.osmand) HeapTaskDaemon expire 3 lines
07-03 18:25:43.156 14699 16442 I chatty  : uid=10104(net.osmand) expire 31 lines
07-03 18:25:44.186 14699 16443 I chatty  : uid=10104(net.osmand) expire 31 lines
07-03 18:25:45.323  1970  1980 I zygote  : Background concurrent copying GC freed 95856(4MB) AllocSpace objects, 0(0B) LOS objects, 39% free, 9MB/15MB, paused 1.340ms total 459.405ms
07-03 18:25:45.755  1604  1614 D WificondControl: Scan result ready event
07-03 18:25:45.832  1604  5750 I WifiService: releaseWifiLock uid=10014
07-03 18:25:46.142 14699 16444 I chatty  : uid=10104(net.osmand) expire 31 lines
07-03 18:25:46.907 14699 14709 I chatty  : uid=10104(net.osmand) HeapTaskDaemon expire 3 lines
07-03 18:25:47.149 14699 14699 I chatty  : uid=10104(net.osmand) expire 16 lines
07-03 18:25:47.157 14699 16445 I chatty  : uid=10104(net.osmand) expire 31 lines
07-03 18:25:47.797  1604  1617 E memtrack: Couldn't load memtrack module
07-03 18:25:47.797  1604  1617 W android.os.Debug: failed to get memory consumption info: -1
07-03 18:25:47.897 14699 14725 I chatty  : uid=10104(net.osmand) RenderingBaseIm expire 10 lines
07-03 18:25:47.962 14699 14724 I chatty  : uid=10104(net.osmand) Loader map obje expire 48 lines
07-03 18:25:48.243 14699 16446 I chatty  : uid=10104(net.osmand) expire 31 lines
07-03 18:25:49.221 14699 16447 I chatty  : uid=10104(net.osmand) expire 31 lines
07-03 18:25:51.073 14699 16448 I chatty  : uid=10104(net.osmand) expire 31 lines
07-03 18:25:52.133 14699 14699 I chatty  : uid=10104(net.osmand) expire 13 lines
07-03 18:25:52.139 14699 16449 I chatty  : uid=10104(net.osmand) expire 31 lines
07-03 18:25:52.624 14699 14725 I chatty  : uid=10104(net.osmand) RenderingBaseIm expire 12 lines
07-03 18:25:53.150 14699 16450 I chatty  : uid=10104(net.osmand) expire 31 lines
07-03 18:25:53.233 14699 14724 I chatty  : uid=10104(net.osmand) Loader map obje expire 48 lines
07-03 18:25:53.485 14699 14709 I chatty  : uid=10104(net.osmand) HeapTaskDaemon expire 2 lines
07-03 18:25:54.011 14699 16451 I chatty  : uid=10104(net.osmand) expire 31 lines
07-03 18:25:55.143 14699 16452 I chatty  : uid=10104(net.osmand) expire 31 lines
07-03 18:25:55.661 14699 16453 I chatty  : uid=10104(net.osmand) expire 31 lines
07-03 18:25:56.238 14699 14699 I chatty  : uid=10104(net.osmand) expire 15 lines
07-03 18:25:56.246 14699 16454 I chatty  : uid=10104(net.osmand) expire 31 lines
07-03 18:25:56.746 14699 14709 I chatty  : uid=10104(net.osmand) HeapTaskDaemon expire 4 lines
07-03 18:25:57.009 14699 14725 I chatty  : uid=10104(net.osmand) RenderingBaseIm expire 12 lines
07-03 18:25:57.009 14699 16455 I chatty  : uid=10104(net.osmand) expire 31 lines
07-03 18:25:57.583 14699 14724 I chatty  : uid=10104(net.osmand) Loader map obje expire 48 lines
07-03 18:25:58.167 14699 16456 I chatty  : uid=10104(net.osmand) expire 31 lines
07-03 18:25:59.138 14699 16457 I chatty  : uid=10104(net.osmand) expire 31 lines
07-03 18:25:59.829 14699 16458 I chatty  : uid=10104(net.osmand) expire 31 lines
07-03 18:26:00.011  1604  1617 E memtrack: Couldn't load memtrack module
07-03 18:26:00.011  1604  1617 W android.os.Debug: failed to get memory consumption info: -1
07-03 18:26:00.519  1604  1617 E memtrack: Couldn't load memtrack module
07-03 18:26:00.519  1604  1617 W android.os.Debug: failed to get memory consumption info: -1
07-03 18:26:00.594 14699 14699 I chatty  : uid=10104(net.osmand) expire 12 lines
07-03 18:26:01.158 14699 16459 I chatty  : uid=10104(net.osmand) expire 31 lines
07-03 18:26:01.252  1970  1970 I GeofencerStateMachine: sendNewTransitions called.
07-03 18:26:01.356 14699 14725 I chatty  : uid=10104(net.osmand) RenderingBaseIm expire 16 lines
07-03 18:26:01.762 14699 14709 I chatty  : uid=10104(net.osmand) HeapTaskDaemon expire 2 lines
07-03 18:26:01.827 14699 14724 I chatty  : uid=10104(net.osmand) Loader map obje expire 32 lines
07-03 18:26:02.142 14699 16460 I chatty  : uid=10104(net.osmand) expire 31 lines
07-03 18:26:02.695 14699 16461 I chatty  : uid=10104(net.osmand) expire 31 lines
07-03 18:26:02.840  1604  5750 I WifiService: acquireWifiLock uid=10014 lockMode=2
07-03 18:26:03.022  1604  1617 E memtrack: Couldn't load memtrack module
07-03 18:26:03.022  1604  1617 W android.os.Debug: failed to get memory consumption info: -1
07-03 18:26:03.237  1604  1614 I WifiService: releaseWifiLock uid=10014
07-03 18:26:03.343 14699 16462 I chatty  : uid=10104(net.osmand) expire 31 lines
07-03 18:26:03.903 14699 16463 I chatty  : uid=10104(net.osmand) expire 31 lines
07-03 18:26:04.201 14699 14699 I chatty  : uid=10104(net.osmand) expire 17 lines
07-03 18:26:04.246 14699 14725 I chatty  : uid=10104(net.osmand) RenderingBaseIm expire 18 lines
07-03 18:26:04.667 14699 14724 I chatty  : uid=10104(net.osmand) Loader map obje expire 63 lines
07-03 18:26:04.831 14699 14709 I chatty  : uid=10104(net.osmand) HeapTaskDaemon expire 3 lines
07-03 18:26:05.146 14699 16464 I chatty  : uid=10104(net.osmand) expire 31 lines
07-03 18:26:06.625 14699 16465 I chatty  : uid=10104(net.osmand) expire 31 lines
07-03 18:26:07.153 14699 16466 I chatty  : uid=10104(net.osmand) expire 31 lines
07-03 18:26:08.163 14699 16467 I chatty  : uid=10104(net.osmand) expire 31 lines
07-03 18:26:08.341 14699 14724 I chatty  : uid=10104(net.osmand) Loader map obje expire 33 lines
07-03 18:26:08.836 14699 14709 I chatty  : uid=10104(net.osmand) HeapTaskDaemon expire 4 lines
07-03 18:26:09.142 14699 14699 I chatty  : uid=10104(net.osmand) expire 14 lines
07-03 18:26:10.184 14699 16468 I chatty  : uid=10104(net.osmand) expire 31 lines
07-03 18:26:10.719 14699 14725 I chatty  : uid=10104(net.osmand) RenderingBaseIm expire 16 lines
07-03 18:26:10.729 14699 16469 I chatty  : uid=10104(net.osmand) expire 31 lines
07-03 18:26:11.986 14699 16470 I chatty  : uid=10104(net.osmand) expire 31 lines
07-03 18:26:13.155 14699 16471 I chatty  : uid=10104(net.osmand) expire 31 lines
07-03 18:26:13.859 14699 14709 I chatty  : uid=10104(net.osmand) HeapTaskDaemon expire 4 lines
07-03 18:26:13.974 14699 14724 I chatty  : uid=10104(net.osmand) Loader map obje expire 64 lines
07-03 18:26:14.163 14699 14699 I chatty  : uid=10104(net.osmand) expire 12 lines
07-03 18:26:14.168 14699 16472 I chatty  : uid=10104(net.osmand) expire 31 lines
07-03 18:26:14.811 14699 14725 I chatty  : uid=10104(net.osmand) RenderingBaseIm expire 16 lines
07-03 18:26:14.821 14699 16473 I chatty  : uid=10104(net.osmand) expire 31 lines
07-03 18:26:16.018 14699 16474 I chatty  : uid=10104(net.osmand) expire 31 lines
07-03 18:26:17.157 14699 16475 I chatty  : uid=10104(net.osmand) expire 31 lines
07-03 18:26:17.660  1604  1613 I zygote  : Background concurrent copying GC freed 82100(3MB) AllocSpace objects, 36(1872KB) LOS objects, 7% free, 70MB/76MB, paused 1.130ms total 1.635s
