--------- beginning of main
06-28 14:44:33.012 19546 19868 W GLSUser : [AppCertManager] IOException while requesting key: 
06-28 14:44:33.012 19546 19868 W GLSUser : java.net.SocketTimeoutException: timeout
06-28 14:44:33.012 19546 19868 W GLSUser : 	at com.android.okhttp.okio.Okio$3.newTimeoutException(Okio.java:212)
06-28 14:44:33.012 19546 19868 W GLSUser : 	at com.android.okhttp.okio.AsyncTimeout.exit(AsyncTimeout.java:261)
06-28 14:44:33.012 19546 19868 W GLSUser : 	at com.android.okhttp.okio.AsyncTimeout$2.read(AsyncTimeout.java:215)
06-28 14:44:33.012 19546 19868 W GLSUser : 	at com.android.okhttp.okio.RealBufferedSource.indexOf(RealBufferedSource.java:306)
06-28 14:44:33.012 19546 19868 W GLSUser : 	at com.android.okhttp.okio.RealBufferedSource.indexOf(RealBufferedSource.java:300)
06-28 14:44:33.012 19546 19868 W GLSUser : 	at com.android.okhttp.okio.RealBufferedSource.readUtf8LineStrict(RealBufferedSource.java:196)
06-28 14:44:33.012 19546 19868 W GLSUser : 	at com.android.okhttp.internal.http.Http1xStream.readResponse(Http1xStream.java:186)
06-28 14:44:33.012 19546 19868 W GLSUser : 	at com.android.okhttp.internal.http.Http1xStream.readResponseHeaders(Http1xStream.java:127)
06-28 14:44:33.012 19546 19868 W GLSUser : 	at com.android.okhttp.internal.http.HttpEngine.readNetworkResponse(HttpEngine.java:737)
06-28 14:44:33.012 19546 19868 W GLSUser : 	at com.android.okhttp.internal.http.HttpEngine.readResponse(HttpEngine.java:609)
06-28 14:44:33.012 19546 19868 W GLSUser : 	at com.android.okhttp.internal.huc.HttpURLConnectionImpl.execute(HttpURLConnectionImpl.java:471)
06-28 14:44:33.012 19546 19868 W GLSUser : 	at com.android.okhttp.internal.huc.HttpURLConnectionImpl.getResponse(HttpURLConnectionImpl.java:407)
06-28 14:44:33.012 19546 19868 W GLSUser : 	at com.android.okhttp.internal.huc.HttpURLConnectionImpl.getResponseCode(HttpURLConnectionImpl.java:538)
06-28 14:44:33.012 19546 19868 W GLSUser : 	at com.android.okhttp.internal.huc.DelegatingHttpsURLConnection.getResponseCode(DelegatingHttpsURLConnection.java:105)
06-28 14:44:33.012 19546 19868 W GLSUser : 	at com.android.okhttp.internal.huc.HttpsURLConnectionImpl.getResponseCode(Unknown Source:0)
06-28 14:44:33.012 19546 19868 W GLSUser : 	at acdd.a(:com.google.android.gms@17785022@17.7.85 (040700-253824076):27)
06-28 14:44:33.012 19546 19868 W GLSUser : 	at joi.a(:com.google.android.gms@17785022@17.7.85 (040700-253824076):1)
06-28 14:44:33.012 19546 19868 W GLSUser : 	at hks.a(:com.google.android.gms@17785022@17.7.85 (040700-253824076):8)
06-28 14:44:33.012 19546 19868 W GLSUser : 	at hks.a(:com.google.android.gms@17785022@17.7.85 (040700-253824076):4)
06-28 14:44:33.012 19546 19868 W GLSUser : 	at imb.a(:com.google.android.gms@17785022@17.7.85 (040700-253824076):47)
06-28 14:44:33.012 19546 19868 W GLSUser : 	at ima.a(:com.google.android.gms@17785022@17.7.85 (040700-253824076):1)
06-28 14:44:33.012 19546 19868 W GLSUser : 	at ima.a(:com.google.android.gms@17785022@17.7.85 (040700-253824076):14)
06-28 14:44:33.012 19546 19868 W GLSUser : 	at aamg.a(:com.google.android.gms@17785022@17.7.85 (040700-253824076):1)
06-28 14:44:33.012 19546 19868 W GLSUser : 	at cwm.onTransact(:com.google.android.gms@17785022@17.7.85 (040700-253824076):4)
06-28 14:44:33.012 19546 19868 W GLSUser : 	at android.os.Binder.transact(Binder.java:627)
06-28 14:44:33.012 19546 19868 W GLSUser : 	at eer.onTransact(:com.google.android.gms@17785022@17.7.85 (040700-253824076):3)
06-28 14:44:33.012 19546 19868 W GLSUser : 	at android.os.Binder.transact(Binder.java:627)
06-28 14:44:33.012 19546 19868 W GLSUser : 	at aand.onTransact(:com.google.android.gms@17785022@17.7.85 (040700-253824076):25)
06-28 14:44:33.012 19546 19868 W GLSUser : 	at android.os.Binder.execTransact(Binder.java:697)
06-28 14:44:33.012 19546 19868 W GLSUser : Caused by: java.net.SocketException: socket is closed
06-28 14:44:33.012 19546 19868 W GLSUser : 	at com.google.android.gms.org.conscrypt.ConscryptFileDescriptorSocket$SSLInputStream.read(:com.google.android.gms@17785022@17.7.85 (040700-253824076):8)
06-28 14:44:33.012 19546 19868 W GLSUser : 	at com.android.okhttp.okio.Okio$2.read(Okio.java:136)
06-28 14:44:33.012 19546 19868 W GLSUser : 	at com.android.okhttp.okio.AsyncTimeout$2.read(AsyncTimeout.java:211)
06-28 14:44:33.012 19546 19868 W GLSUser : 	... 26 more
06-28 14:44:33.013 19546 19868 W GLSUser : [DeviceKeyStore] Cannot load key: Device key file not found.
06-28 14:44:34.651 29061 29071 I zygote  : Background concurrent copying GC freed 283490(6MB) AllocSpace objects, 0(0B) LOS objects, 15% free, 33MB/39MB, paused 2.248ms total 359.338ms
06-28 14:44:35.393  1603  6820 I WifiService: getConnectionInfo uid=10014
--------- beginning of system
06-28 14:44:36.582  1603  2149 I ActivityManager: START u0 {act=android.intent.action.MAIN cat=[android.intent.category.HOME] flg=0x10000000 cmp=com.google.android.apps.nexuslauncher/.NexusLauncherActivity} from uid 2000
06-28 14:44:36.650  1603  2079 I GnssLocationProvider: WakeLock acquired by sendMessage(SET_REQUEST, 0, com.android.server.location.GnssLocationProvider$GpsRequest@b4af79)
06-28 14:44:36.658 29061 29061 D net.osmand: Disable sensor
06-28 14:44:36.660  1603  1616 E memtrack: Couldn't load memtrack module
06-28 14:44:36.660  1603  1616 W android.os.Debug: failed to get memory consumption info: -1
06-28 14:44:36.688  1401  6331 D gralloc_ranchu: gralloc_alloc: Creating ashmem region of size 8298496
06-28 14:44:36.789  1401  6331 D gralloc_ranchu: gralloc_alloc: Creating ashmem region of size 8298496
06-28 14:44:36.813 29061 29061 I net.osmand: MapRenderRepositories RENDER MAP: Interrupt rendering map
06-28 14:44:36.851  1412  1412 D SurfaceFlinger: duplicate layer name: changing com.google.android.apps.nexuslauncher/com.google.android.apps.nexuslauncher.NexusLauncherActivity to com.google.android.apps.nexuslauncher/com.google.android.apps.nexuslauncher.NexusLauncherActivity#1
06-28 14:44:36.855  1401  6331 D gralloc_ranchu: gralloc_alloc: Creating ashmem region of size 8298496
06-28 14:44:36.925  1401  6331 I chatty  : uid=1000(system) HwBinder:1401_3 identical 1 line
06-28 14:44:36.974  1401  6331 D gralloc_ranchu: gralloc_alloc: Creating ashmem region of size 8298496
06-28 14:44:37.029  1401  1401 D gralloc_ranchu: gralloc_alloc: Creating ashmem region of size 8298496
06-28 14:44:37.031 19546 19546 I GeofencerStateMachine: sendNewLocationAvailability: availability=LocationAvailability[isLocationAvailable: true]
06-28 14:44:37.032 29061 29102 D EGL_emulation: eglMakeCurrent: 0xa6785600: ver 2 0 (tinfo 0xa6783370)
06-28 14:44:37.154  1401  1401 D gralloc_ranchu: gralloc_alloc: Creating ashmem region of size 8298496
06-28 14:44:37.213  1401  1401 D gralloc_ranchu: gralloc_alloc: Creating ashmem region of size 8298496
06-28 14:44:37.260  1524  1605 D EGL_emulation: eglMakeCurrent: 0xa3c2f0c0: ver 2 0 (tinfo 0xa6589e20)
06-28 14:44:37.296  2548  2598 D EGL_emulation: eglMakeCurrent: 0xa6785780: ver 2 0 (tinfo 0xa6783370)
06-28 14:44:37.305  1401  1401 D gralloc_ranchu: gralloc_alloc: Creating ashmem region of size 8298496
06-28 14:44:37.316 19569 21586 W Conscrypt: Could not set socket write timeout: java.net.SocketException: Socket closed
06-28 14:44:37.380  1401  1401 D gralloc_ranchu: gralloc_alloc: Creating ashmem region of size 8298496
06-28 14:44:37.444  1524  1524 W ThreadPoolDumper: Queue length for executor EventBus is now 11. Perhaps some tasks are too long, or the pool is too small.
06-28 14:44:37.500  1401  1401 D gralloc_ranchu: gralloc_alloc: Creating ashmem region of size 8298496
06-28 14:44:37.570  1412  1412 E EGL_emulation: tid 1412: eglCreateSyncKHR(1962): error 0x3004 (EGL_BAD_ATTRIBUTE)
06-28 14:44:37.571  1708  1926 D EGL_emulation: eglMakeCurrent: 0x9268e860: ver 2 0 (tinfo 0x92690770)
06-28 14:44:37.684  1524  1631 W SessionLifecycleManager: Handover failed. Creating new session controller.
06-28 14:44:37.725 19569 21586 W Conscrypt: 	at com.google.android.gms.org.conscrypt.Platform.setSocketWriteTimeout(:com.google.android.gms@17785022@17.7.85 (040700-253824076):2)
06-28 14:44:37.726 19569 21586 W Conscrypt: 	at com.google.android.gms.org.conscrypt.ConscryptFileDescriptorSocket.setSoWriteTimeout(:com.google.android.gms@17785022@17.7.85 (040700-253824076):2)
06-28 14:44:37.755  2548  2598 W OpenGLRenderer: Incorrectly called buildLayer on View: ShortcutAndWidgetContainer, destroying layer...
06-28 14:44:37.755  2548  2598 W OpenGLRenderer: Incorrectly called buildLayer on View: ShortcutAndWidgetContainer, destroying layer...
06-28 14:44:37.776  1401  1401 D gralloc_ranchu: gralloc_alloc: Creating ashmem region of size 8298496
06-28 14:44:37.785  1603  1616 E memtrack: Couldn't load memtrack module
06-28 14:44:37.800 29061  6167 E FA      : Task exception on worker thread: java.lang.IllegalAccessError: Method 'void android.support.v4.content.ContextCompat.<init>()' is inaccessible to class 'com.google.firebase.iid.zzg' (declaration of 'com.google.firebase.iid.zzg' appears in /data/app/net.osmand-3e2027wrPNiMXbTSfYMHIA==/base.apk): com.google.android.gms.measurement.internal.zzt.zzEd(Unknown Source:3)
06-28 14:44:37.797  1603  1616 W android.os.Debug: failed to get memory consumption info: -1
06-28 14:44:38.007  2548  2558 I zygote  : NativeAlloc concurrent copying GC freed 9950(519KB) AllocSpace objects, 0(0B) LOS objects, 49% free, 4MB/9MB, paused 23.519ms total 918.208ms
06-28 14:44:38.097  1708  1926 D EGL_emulation: eglMakeCurrent: 0x9268e860: ver 2 0 (tinfo 0x92690770)
06-28 14:44:38.210  1603  1616 E memtrack: Couldn't load memtrack module
06-28 14:44:38.210  1603  1616 W android.os.Debug: failed to get memory consumption info: -1
06-28 14:44:38.338  1603  2079 I WifiService: getWifiEnabledState uid=10032
06-28 14:44:38.363  1603  1616 I GnssLocationProvider: WakeLock released by handleMessage(SET_REQUEST, 0, com.android.server.location.GnssLocationProvider$GpsRequest@b4af79)
06-28 14:44:38.408  1603  2149 I WifiService: getWifiEnabledState uid=10032
06-28 14:44:38.453  1603  2149 I WifiService: getWifiEnabledState uid=10032
06-28 14:44:38.467  1524  6172 W LocationOracle: No location history returned by ContextManager
06-28 14:44:38.534  1524  1631 I MicroDetectionWorker: #startMicroDetector [speakerMode: 0]
06-28 14:44:38.539  1524  1631 W ErrorReporter: reportError [type: 211, code: 393244, bug: 0]: errorCode: 393244, engine: 0
06-28 14:44:38.541  1524  1631 I MicroDetector: Keeping mic open: false
06-28 14:44:38.541  1524  1631 I MicroDetectionWorker: #onError(false)
06-28 14:44:38.906  1708  1728 I zygote  : NativeAlloc concurrent copying GC freed 73676(3MB) AllocSpace objects, 0(0B) LOS objects, 39% free, 9MB/15MB, paused 3.462ms total 1.233s
06-28 14:44:39.172 29061 29071 I zygote  : Background concurrent copying GC freed 369439(11MB) AllocSpace objects, 8(416KB) LOS objects, 18% free, 26MB/32MB, paused 51.771ms total 1.448s
06-28 14:44:39.253 19546 19546 I GeofencerStateMachine: removeGeofences: removeRequest=RemoveGeofencingRequest[REMOVE_BY_PENDING_INTENT pendingIntent=PendingIntent[creatorPackage=com.google.android.gms], packageName=com.google.android.gms]
06-28 14:44:39.256 19546 19546 I chatty  : uid=10014 com.google.android.gms.persistent identical 1 line
06-28 14:44:39.259 19546 19546 I GeofencerStateMachine: removeGeofences: removeRequest=RemoveGeofencingRequest[REMOVE_BY_PENDING_INTENT pendingIntent=PendingIntent[creatorPackage=com.google.android.gms], packageName=com.google.android.gms]
06-28 14:44:39.336  1708  1728 I zygote  : NativeAlloc concurrent copying GC freed 6978(461KB) AllocSpace objects, 0(0B) LOS objects, 40% free, 8MB/14MB, paused 11.492ms total 274.111ms
06-28 14:44:39.386  1603  1612 I zygote  : NativeAlloc concurrent copying GC freed 63013(4MB) AllocSpace objects, 4(80KB) LOS objects, 17% free, 28MB/34MB, paused 3.217ms total 1.205s
06-28 14:44:39.392 19546  6181 W ctxmgr  : [AclManager] No 3 for (accnt=account#1066226748#, com.google.android.gms(10014):UserVelocityProducer, vrsn=17785022, 0, 3pPkg = null ,  3pMdlId = null ,  pid = 19546). Was: 2 for 1, account#1066226748# [CONTEXT service_id=47 ]
06-28 14:44:39.479 19546 19546 I GeofencerStateMachine: removeGeofences: removeRequest=RemoveGeofencingRequest[REMOVE_BY_PENDING_INTENT pendingIntent=PendingIntent[creatorPackage=com.google.android.gms], packageName=com.google.android.gms]
06-28 14:44:39.502 19546 19546 I GeofencerStateMachine: removeGeofences: removeRequest=RemoveGeofencingRequest[REMOVE_BY_PENDING_INTENT pendingIntent=PendingIntent[creatorPackage=com.google.android.gms], packageName=com.google.android.gms]
06-28 14:44:39.512 19546  6182 I PlaceInferenceEngine: [anon] Changed inference mode: 0
06-28 14:44:39.523 19546  6182 I PlaceInferenceEngine: [account#1066226748] Changed inference mode: 0
06-28 14:44:39.732 19546  6181 I ctxmgr  : [ProducerStatusImpl] updateStateForNewContextData: inactive, contextName=7 [CONTEXT service_id=47 ]
06-28 14:44:40.146 19546  6182 I Places  : ?: PlacesBleScanner start() with priority 2
06-28 14:44:40.147 19546  6182 I PlaceInferenceEngine: [anon] Changed inference mode: 1
06-28 14:44:40.147 19546  6182 I PlaceInferenceEngine: [account#1066226748] Changed inference mode: 1
06-28 14:44:40.173 19546  6182 I Places  : Converted 1 out of 1 WiFi scans
06-28 14:44:40.175  1603  7712 I WifiService: getConnectionInfo uid=10014
06-28 14:44:40.176 19546 19546 E BeaconBle: Missing BluetoothAdapter
06-28 14:44:40.176 19546 19546 I BeaconBle: BLE 'KK+' software access layer enabled
06-28 14:44:40.221 19546  6182 I PlaceInferenceEngine: [account#1066226748] Changed inference mode: 1
06-28 14:44:40.221 19546  6182 I PlaceInferenceEngine: [anon] Changed inference mode: 1
06-28 14:44:40.258 19546 19556 I zygote  : Background concurrent copying GC freed 67374(3MB) AllocSpace objects, 24(964KB) LOS objects, 32% free, 12MB/18MB, paused 1.281ms total 323.656ms
06-28 14:44:40.306 19546 19546 I BeaconBle: Client requested scan, settings=BleSettings [scanMode=ZERO_POWER, callbackType=ALL_MATCHES, reportDelayMillis=0, 1 filters, 0 clients, callingClientName=Places]
06-28 14:44:40.307 19546 19546 I BeaconBle: Scan : No clients left, canceling alarm.
06-28 14:44:40.308 19546 19546 E BeaconBle: Scan couldn't start for Places
06-28 14:44:40.309 19546 19546 W Places  : BLE failure while scanning - code 5
06-28 14:44:40.484  1603  7712 I ActivityManager: Force stopping com.skgames.trafficrider appid=10081 user=0: from pid 6189
06-28 14:44:40.515  1844  1844 D CarrierSvcBindHelper: No carrier app for: 0
06-28 14:44:40.584 19546  6183 I PlaceInferenceEngine: No beacon scan available - ignoring candidates.
06-28 14:44:40.624 19546  6183 I PlaceInferenceEngine: No beacon scan available - ignoring candidates.
06-28 14:44:40.755  1603  7712 I WifiService: acquireWifiLock uid=10014 lockMode=2
06-28 14:44:40.852  1603  1612 I zygote  : NativeAlloc concurrent copying GC freed 30108(2MB) AllocSpace objects, 1(20KB) LOS objects, 18% free, 26MB/32MB, paused 1.226ms total 386.537ms
06-28 14:44:40.965  1603  7712 I ActivityManager: Force stopping com.EvilChaotic.ModernWarplanes appid=10082 user=0: from pid 6195
06-28 14:44:40.983  1844  1844 D CarrierSvcBindHelper: No carrier app for: 0
06-28 14:44:41.197  1603  7712 I ActivityManager: Force stopping com.ea.games.r3_row appid=10083 user=0: from pid 6199
06-28 14:44:41.557  1603  6334 W ActivityManager: Invalid packageName: android.media.action.IMAGE_CAPTURE
06-28 14:44:41.222  1844  1844 D CarrierSvcBindHelper: No carrier app for: 0
06-28 14:44:42.229 19546 19546 I GeofencerStateMachine: sendQueryLocationOptIn
06-28 14:44:42.237  1603  1616 I GnssLocationProvider: WakeLock acquired by sendMessage(ENABLE, 0, null)
06-28 14:44:42.241  1603  1617 W BroadcastQueue: Background execution not allowed: receiving Intent { act=android.location.PROVIDERS_CHANGED flg=0x10 } to com.google.android.apps.maps/com.google.android.apps.gmm.locationsharing.usr.LocationAvailabilityChecker$LocationProvidersChangedBroadcastReceiver
06-28 14:44:42.241  1603  1617 W BroadcastQueue: Background execution not allowed: receiving Intent { act=android.location.PROVIDERS_CHANGED flg=0x10 } to com.google.android.gms/com.google.android.location.internal.NlpNetworkProviderSettingsUpdateReceiver
06-28 14:44:42.244 19546 19594 I GeofencerStateMachine: GPS disabled.
06-28 14:44:42.256  1603  1617 W BroadcastQueue: Background execution not allowed: receiving Intent { act=android.location.PROVIDERS_CHANGED flg=0x10 } to com.google.android.gms/.chimera.GmsIntentOperationService$PersistentTrustedReceiver
06-28 14:44:42.262  1603  1603 D GpsNetInitiatedHandler: location enabled :false
06-28 14:44:42.266  1603  1616 I GnssLocationProvider: WakeLock released by handleMessage(ENABLE, 0, null)
06-28 14:44:42.278  1603  1617 W BroadcastQueue: Background execution not allowed: receiving Intent { act=android.location.PROVIDERS_CHANGED flg=0x10 } to com.google.android.googlequicksearchbox/com.google.android.apps.gsa.broadcastreceiver.external.ExternalCommonBroadcastReceiver
06-28 14:44:42.279  1603  1617 W BroadcastQueue: Background execution not allowed: receiving Intent { act=android.location.MODE_CHANGED flg=0x10 } to com.google.android.apps.maps/com.google.android.apps.gmm.locationsharing.usr.LocationAvailabilityChecker$LocationProvidersChangedBroadcastReceiver
06-28 14:44:42.280  1603  1617 W BroadcastQueue: Background execution not allowed: receiving Intent { act=android.location.MODE_CHANGED flg=0x10 } to com.google.android.gms/.chimera.GmsIntentOperationService$PersistentTrustedReceiver
06-28 14:44:42.318 19546 19546 I GeofencerStateMachine: sendNewLocationAvailability: availability=LocationAvailability[isLocationAvailable: false]
06-28 14:44:42.359  1401  1401 D gralloc_ranchu: gralloc_alloc: Creating ashmem region of size 724992
06-28 14:44:42.367  1401  1401 I chatty  : uid=1000(system) allocator@2.0-s identical 1 line
06-28 14:44:42.370  1401  1401 D gralloc_ranchu: gralloc_alloc: Creating ashmem region of size 724992
06-28 14:44:42.403 19546  6214 I GCoreUlr: Starting service, intent=Intent { act=com.google.android.location.reporting.ACTION_UPDATE_WORLD cmp=com.google.android.gms/com.google.android.location.reporting.service.DispatchingService (has extras) }, extras=Bundle[{receiverAction=android.location.PROVIDERS_CHANGED}]
06-28 14:44:42.425  1603  3971 W ActivityManager: Unable to start service Intent { act=com.google.android.gms.nearby.discovery:ACTION_PERMISSION_CHANGE cmp=com.google.android.gms/.nearby.discovery.service.DiscoveryService } U=0: not found
06-28 14:44:42.457 29061 29102 D EGL_emulation: eglMakeCurrent: 0xa6785600: ver 2 0 (tinfo 0xa6783370)
06-28 14:44:42.586 19546 19546 E BluetoothAdapter: Bluetooth binder is null
06-28 14:44:42.623 19546  6183 I GCoreUlr: WorldUpdater received intent Intent { act=com.google.android.location.reporting.ACTION_UPDATE_WORLD cmp=com.google.android.gms/com.google.android.location.reporting.service.DispatchingService (has extras) } with receiverAction android.location.PROVIDERS_CHANGED
06-28 14:44:42.641 19546  6183 I GCoreUlr: WorldUpdater:android.location.PROVIDERS_CHANGED: Ensuring that reporting is stopped because of reasons: {account#8#=[InactiveReason{mIdentifier=6, mName='ReportingNotEnabled'}, InactiveReason{mIdentifier=14, mName='HistoryNotEnabled'}]}
06-28 14:44:42.646 19546  6183 I GCoreUlr: Unbound from all signal providers.
06-28 14:44:42.661 19546  6140 I GCoreUlr: Successfully accounts update
06-28 14:44:42.702 19546  6183 I GCoreUlr: DispatchingService ignoring Intent { act=android.net.wifi.WIFI_STATE_CHANGED flg=0x4000010 (has extras) } because ULR inactive
06-28 14:44:42.742 19546 19546 I GCoreUlr: Unbound from all signal providers.
06-28 14:44:42.742 19546 19546 I GCoreUlr: Stopping handler for UlrDispSvcFast
06-28 14:44:42.755 19546  6183 I GCoreUlr: Successfully accounts update
06-28 14:44:43.470  1603  1603 I GnssLocationProvider: WakeLock acquired by sendMessage(SUBSCRIPTION_OR_SIM_CHANGED, 0, null)
06-28 14:44:43.511  1844  1844 D MccTable: updateMccMncConfiguration mccmnc='310260' fromServiceState=true
06-28 14:44:43.513  1603  1616 E GnssLocationProvider: no AGPS interface in set_agps_server
06-28 14:44:43.513  1603  1616 I GnssLocationProvider: WakeLock released by handleMessage(SUBSCRIPTION_OR_SIM_CHANGED, 0, null)
06-28 14:44:43.517  1844  1844 D MccTable: updateMccMncConfiguration defaultMccMnc=310260
06-28 14:44:43.517  1844  1844 D MccTable: updateMccMncConfiguration: mcc=310, mnc=260
06-28 14:44:43.517  1844  1844 D MccTable: WIFI_COUNTRY_CODE set to us
06-28 14:44:43.517  1603  3971 I WifiService: WifiService trying to set country code to us with persist set to false
06-28 14:44:43.517  1603  3971 I WifiService: setCountryCode uid=1001
06-28 14:44:43.565  1844  1844 D ServiceStateProvider: subId=1
06-28 14:44:43.581  1603  1603 I Telecom : CallLogManager: Country ISO changed. Retrieving new ISO...: CLM.oCD@EbE
06-28 14:44:43.585  1524  1631 I MicroDetectionWorker: #startMicroDetector [speakerMode: 0]
06-28 14:44:43.588  1524  1631 W ErrorReporter: reportError [type: 211, code: 393244, bug: 0]: errorCode: 393244, engine: 0
06-28 14:44:43.593  1524  1631 I MicroDetector: Keeping mic open: false
06-28 14:44:43.593  1524  1631 I MicroDetectionWorker: #onError(false)
06-28 14:44:43.595  1524  3990 I DeviceStateChecker: DeviceStateChecker cancelled
06-28 14:44:43.603  1844  1844 I Telephony: PstnIncomingCallNotifier: Unregistering: Handler (com.android.internal.telephony.GsmCdmaPhone) {438750e}
06-28 14:44:43.636  1603  3880 I Telecom : PhoneAccountRegistrar: Modify account: [ComponentInfo{com.android.phone/com.android.services.telephony.TelephonyConnectionService}, [****], UserHandle{0}(lbl: Android -> )(desc: Android -> )]: TSI.rPA@EbI
06-28 14:44:43.644  1844  1844 I Telephony: AccountEntry: Registered phoneAccount: [[ ] PhoneAccount: ComponentInfo{com.android.phone/com.android.services.telephony.TelephonyConnectionService}, [****], UserHandle{0} Capabilities: CallProvider MultiUser PlaceEmerg SimSub  Audio Routes: BESW Schemes: tel voicemail  Extras: Bundle[{android.telecom.extra.SUPPORTS_VIDEO_CALLING_FALLBACK=true}] GroupId: [****]] with handle: ComponentInfo{com.android.phone/com.android.services.telephony.TelephonyConnectionService}, [****], UserHandle{0}
06-28 14:44:43.644  1844  1844 I Telephony: PstnIncomingCallNotifier: Registering: Handler (com.android.internal.telephony.GsmCdmaPhone) {438750e}
06-28 14:44:43.657  1844  1844 I Telephony: PstnPhoneCapabilitiesNotifier: handleVideoCapabilitesChanged. Video capability - false
06-28 14:44:43.699  1603  3880 I Telecom : PhoneAccountRegistrar: Modify account: [ComponentInfo{com.android.phone/com.android.services.telephony.TelephonyConnectionService}, [****], UserHandle{0}]: TSI.rPA@EbU
06-28 14:44:43.763  1603  3880 D WificondControl: Scan result ready event
06-28 14:44:43.829  1603  3880 I WifiService: releaseWifiLock uid=10014
06-28 14:44:45.125  6222  6222 D AndroidRuntime: >>>>>> START com.android.internal.os.RuntimeInit uid 2000 <<<<<<
06-28 14:44:45.138  6222  6222 W app_process: Could not reserve sentinel fault page
06-28 14:44:45.316  6222  6222 W app_process: Unexpected CPU variant for X86 using defaults: x86
06-28 14:44:45.320  6222  6222 I app_process: The ClassLoaderContext is a special shared library.
06-28 14:44:45.410  6222  6222 D AndroidRuntime: Calling main entry com.android.commands.monkey.Monkey
06-28 14:44:45.419  6222  6222 W Monkey  : args: [-p, net.osmand, -c, android.intent.category.LAUNCHER, 1]
06-28 14:44:45.422  6222  6222 W Monkey  :  arg: "-p"
06-28 14:44:45.423  6222  6222 W Monkey  :  arg: "net.osmand"
06-28 14:44:45.423  6222  6222 W Monkey  :  arg: "-c"
06-28 14:44:45.423  6222  6222 W Monkey  :  arg: "android.intent.category.LAUNCHER"
06-28 14:44:45.423  6222  6222 W Monkey  :  arg: "1"
06-28 14:44:45.424  6222  6222 W Monkey  : data="net.osmand"
06-28 14:44:45.424  6222  6222 W Monkey  : data="android.intent.category.LAUNCHER"
06-28 14:44:45.476  1603  1617 W BroadcastQueue: Skipping deliver [background] BroadcastRecord{12a458d u-1 android.net.conn.CONNECTIVITY_CHANGE} to ReceiverList{83ec342 6222 (unknown name)/2000/u-1 remote:6fd9eb7}: process gone or crashing
06-28 14:44:45.544  1603  3880 I ActivityManager: START u0 {act=android.intent.action.MAIN cat=[android.intent.category.LAUNCHER] flg=0x10200000 cmp=net.osmand/.plus.activities.MapActivity} from uid 2000
06-28 14:44:45.545  1603  3880 W Binder  : Outgoing transactions from this process must be FLAG_ONEWAY
06-28 14:44:45.545  1603  3880 W Binder  : java.lang.Throwable
06-28 14:44:45.545  1603  3880 W Binder  : 	at android.os.BinderProxy.transact(Binder.java:752)
06-28 14:44:45.545  1603  3880 W Binder  : 	at android.app.IActivityController$Stub$Proxy.activityStarting(IActivityController.java:172)
06-28 14:44:45.545  1603  3880 W Binder  : 	at com.android.server.am.ActivityStarter.startActivity(ActivityStarter.java:449)
06-28 14:44:45.545  1603  3880 W Binder  : 	at com.android.server.am.ActivityStarter.startActivityLocked(ActivityStarter.java:278)
06-28 14:44:45.545  1603  3880 W Binder  : 	at com.android.server.am.ActivityStarter.startActivityMayWait(ActivityStarter.java:817)
06-28 14:44:45.545  1603  3880 W Binder  : 	at com.android.server.am.ActivityManagerService.startActivityAsUser(ActivityManagerService.java:4532)
06-28 14:44:45.545  1603  3880 W Binder  : 	at com.android.server.am.ActivityManagerService.startActivity(ActivityManagerService.java:4519)
06-28 14:44:45.545  1603  3880 W Binder  : 	at android.app.IActivityManager$Stub.onTransact(IActivityManager.java:121)
06-28 14:44:45.545  1603  3880 W Binder  : 	at com.android.server.am.ActivityManagerService.onTransact(ActivityManagerService.java:2919)
06-28 14:44:45.545  1603  3880 W Binder  : 	at android.os.Binder.execTransact(Binder.java:697)
06-28 14:44:45.563  1603  3880 W ResourceType: ResTable_typeSpec entry count inconsistent: given 5115, previously 5124
06-28 14:44:45.564  1603  3880 W ResourceType: ResTable_typeSpec entry count inconsistent: given 142, previously 459
06-28 14:44:45.565  1603  3880 W ResourceType: For resource 0x7f0e00c0, entry index(192) is beyond type entryCount(142)
06-28 14:44:45.565  1603  3880 W ResourceType: For resource 0x7f0e00d1, entry index(209) is beyond type entryCount(142)
06-28 14:44:45.565  1603  3880 W ResourceType: For resource 0x7f0e00cb, entry index(203) is beyond type entryCount(142)
06-28 14:44:45.565  1603  3880 W ResourceType: For resource 0x7f0e014d, entry index(333) is beyond type entryCount(142)
06-28 14:44:45.565  1603  3880 W ResourceType: For resource 0x7f0e00dd, entry index(221) is beyond type entryCount(142)
06-28 14:44:45.565  1603  3880 W ResourceType: For resource 0x7f0e00e4, entry index(228) is beyond type entryCount(142)
06-28 14:44:45.618  1401  1401 D gralloc_ranchu: gralloc_alloc: Creating ashmem region of size 8298496
06-28 14:44:45.687  1412  1412 E EGL_emulation: tid 1412: eglCreateSyncKHR(1962): error 0x3004 (EGL_BAD_ATTRIBUTE)
06-28 14:44:45.693  1603  1651 W LocalDisplayAdapter: Unable to find color mode 0, ignoring request.
06-28 14:44:45.735  6222  6222 I Monkey  : Events injected: 1
06-28 14:44:45.784  1603  3971 I ActivityManager: Config changes=480 {1.0 310mcc260mnc [en_US] ldltr sw411dp w683dp h387dp 420dpi nrml land finger qwerty/v/v -nav/h appBounds=Rect(126, 0 - 1920, 1080) s.119}
06-28 14:44:45.870  1603  3971 I ActivityManager: Override config changes=480 {1.0 310mcc260mnc [en_US] ldltr sw411dp w683dp h387dp 420dpi nrml land finger qwerty/v/v -nav/h appBounds=Rect(126, 0 - 1920, 1080) s.119} for displayId=0
06-28 14:44:45.939  1603  1603 W WindowManager: removeWindowToken: Attempted to remove non-existing token: android.os.Binder@59e763
06-28 14:44:45.969 29061 29102 D EGL_emulation: eglMakeCurrent: 0xa6785600: ver 2 0 (tinfo 0xa6783370)
06-28 14:44:45.972  1412  1426 E BufferQueueProducer: [Toast#0] cancelBuffer: BufferQueue has been abandoned
06-28 14:44:45.992  1603  1638 W WindowManager: Failed looking up window callers=com.android.server.wm.WindowManagerService.windowForClientLocked:5797 com.android.server.wm.WindowManagerService.removeWindow:1715 com.android.server.wm.Session.remove:222 
06-28 14:44:46.004  1603  3971 W LocalDisplayAdapter: Unable to find color mode 0, ignoring request.
06-28 14:44:46.009 29061 29061 D InAppPurchaseHelper: Destroying helper.
06-28 14:44:46.020  6222  6222 I Monkey  : ## Network stats: elapsed time=439ms (0ms mobile, 0ms wifi, 439ms not connected)
06-28 14:44:46.062  1603  1666 I InputReader: Reconfiguring input devices.  changes=0x00000004
06-28 14:44:46.063  1603  1666 I InputReader: Device reconfigured: id=0, name='qwerty2', size 1080x1920, orientation 3, mode 1, display id 0
06-28 14:44:46.079  1603  1651 W WindowManager: Failed looking up window callers=com.android.server.wm.WindowManagerService.windowForClientLocked:5797 com.android.server.wm.WindowManagerService.finishDrawingWindow:2340 com.android.server.wm.Session.finishDrawing:275 
06-28 14:44:46.088  1603  1618 W Looper  : Dispatch took 317ms on android.ui, h=Handler (com.android.server.am.ActivityManagerService$UiHandler) {5717402} cb=null msg=31
06-28 14:44:46.092  6222  6222 I com.android.commands.monkey: System.exit called, status: 0
06-28 14:44:46.093  6222  6222 I AndroidRuntime: VM exiting with result code 0.
06-28 14:44:46.094  1603  1651 W WindowManager: Failed looking up window callers=com.android.server.wm.WindowManagerService.windowForClientLocked:5797 com.android.server.wm.WindowManagerService.removeWindow:1715 com.android.server.wm.Session.remove:222 
06-28 14:44:46.098  1603  1651 I Choreographer: Skipped 30 frames!  The application may be doing too much work on its main thread.
06-28 14:44:46.102  1603  1603 W WindowManager: Failed looking up window callers=com.android.server.wm.WindowManagerService.windowForClientLocked:5797 com.android.server.wm.WindowManagerService.finishDrawingWindow:2340 com.android.server.wm.Session.finishDrawing:275 
06-28 14:44:46.142  1603  1666 I InputReader: Reconfiguring input devices.  changes=0x00000004
06-28 14:44:46.206  1412  1426 E SurfaceFlinger: Permission Denial: can't openGlobalTransaction pid=29061, uid<=10104
06-28 14:44:46.206 29061 29061 E BpSurfaceComposerClient: Failed to transact (-1)
06-28 14:44:46.215  2548  2598 D EGL_emulation: eglMakeCurrent: 0xa6785780: ver 2 0 (tinfo 0xa6783370)
06-28 14:44:46.216  1412  1467 E SurfaceFlinger: Permission Denial: can't openGlobalTransaction pid=29061, uid<=10104
06-28 14:44:46.216 29061 29061 E BpSurfaceComposerClient: Failed to transact (-1)
06-28 14:44:46.238  1524  1605 D EGL_emulation: eglMakeCurrent: 0xa3c2f0c0: ver 2 0 (tinfo 0xa6589e20)
06-28 14:44:46.265  1603  1618 W Looper  : Dispatch took 160ms on android.ui, h=Handler (com.android.server.policy.PhoneWindowManager$PolicyHandler) {f76a93d} cb=android.database.ContentObserver$NotificationRunnable@3df9945 msg=0
06-28 14:44:46.282 19782 19782 I KeyboardViewUtil: systemKeyboardHeightRatio:1.000000; userKeyboardHeightRatio:1.000000.
06-28 14:44:46.289 29061 29061 W ResourceType: ResTable_typeSpec entry count inconsistent: given 5115, previously 5124
06-28 14:44:46.289 29061 29061 W ResourceType: ResTable_typeSpec entry count inconsistent: given 142, previously 459
06-28 14:44:46.298 29061 29061 W ResourceType: For resource 0x7f0e00c0, entry index(192) is beyond type entryCount(142)
06-28 14:44:46.298 29061 29061 W ResourceType: For resource 0x7f0e00d1, entry index(209) is beyond type entryCount(142)
06-28 14:44:46.298 29061 29061 W ResourceType: For resource 0x7f0e00cb, entry index(203) is beyond type entryCount(142)
06-28 14:44:46.298 29061 29061 W ResourceType: For resource 0x7f0e014d, entry index(333) is beyond type entryCount(142)
06-28 14:44:46.298 29061 29061 W ResourceType: For resource 0x7f0e00dd, entry index(221) is beyond type entryCount(142)
06-28 14:44:46.299 29061 29061 W ResourceType: For resource 0x7f0e00e4, entry index(228) is beyond type entryCount(142)
06-28 14:44:46.433 29061 29061 W ResourceType: For resource 0x7f0e01c4, entry index(452) is beyond type entryCount(142)
06-28 14:44:46.433 29061 29061 W ResourceType: For resource 0x7f0e01c4, entry index(452) is beyond type entryCount(142)
06-28 14:44:46.434 29061 29061 W ResourceType: For resource 0x7f0e0183, entry index(387) is beyond type entryCount(142)
06-28 14:44:46.434 29061 29061 W ResourceType: For resource 0x7f0e0187, entry index(391) is beyond type entryCount(142)
06-28 14:44:46.434 29061 29061 W ResourceType: For resource 0x7f0e0185, entry index(389) is beyond type entryCount(142)
06-28 14:44:46.434 29061 29061 W ResourceType: For resource 0x7f0e015d, entry index(349) is beyond type entryCount(142)
06-28 14:44:46.434 29061 29061 W ResourceType: For resource 0x7f0e0195, entry index(405) is beyond type entryCount(142)
06-28 14:44:46.434 29061 29061 W ResourceType: For resource 0x7f0e016c, entry index(364) is beyond type entryCount(142)
06-28 14:44:46.434 29061 29061 W ResourceType: For resource 0x7f0e0163, entry index(355) is beyond type entryCount(142)
06-28 14:44:46.434 29061 29061 W ResourceType: For resource 0x7f0e00db, entry index(219) is beyond type entryCount(142)
06-28 14:44:46.434 29061 29061 W ResourceType: For resource 0x7f0e0193, entry index(403) is beyond type entryCount(142)
06-28 14:44:46.434 29061 29061 W ResourceType: For resource 0x7f0e016f, entry index(367) is beyond type entryCount(142)
06-28 14:44:46.434 29061 29061 W ResourceType: For resource 0x7f0e0161, entry index(353) is beyond type entryCount(142)
06-28 14:44:46.434 29061 29061 W ResourceType: For resource 0x7f0e0170, entry index(368) is beyond type entryCount(142)
06-28 14:44:46.434 29061 29061 W ResourceType: For resource 0x7f0e0174, entry index(372) is beyond type entryCount(142)
06-28 14:44:46.435 29061 29061 I chatty  : uid=10104(net.osmand) identical 2 lines
06-28 14:44:46.435 29061 29061 W ResourceType: For resource 0x7f0e0174, entry index(372) is beyond type entryCount(142)
06-28 14:44:46.435 29061 29061 W ResourceType: For resource 0x7f0e0177, entry index(375) is beyond type entryCount(142)
06-28 14:44:46.435 29061 29061 W ResourceType: For resource 0x7f0e0160, entry index(352) is beyond type entryCount(142)
06-28 14:44:46.435 29061 29061 W ResourceType: For resource 0x7f0e0199, entry index(409) is beyond type entryCount(142)
06-28 14:44:46.435 29061 29061 W ResourceType: For resource 0x7f0e017e, entry index(382) is beyond type entryCount(142)
06-28 14:44:46.435 29061 29061 W ResourceType: For resource 0x7f0e017f, entry index(383) is beyond type entryCount(142)
06-28 14:44:46.435 29061 29061 W ResourceType: For resource 0x7f0e0196, entry index(406) is beyond type entryCount(142)
06-28 14:44:46.435 29061 29061 W ResourceType: For resource 0x7f0e0197, entry index(407) is beyond type entryCount(142)
06-28 14:44:46.435 29061 29061 W ResourceType: For resource 0x7f0e0140, entry index(320) is beyond type entryCount(142)
06-28 14:44:46.436 29061 29061 W ResourceType: For resource 0x7f0e00e7, entry index(231) is beyond type entryCount(142)
06-28 14:44:46.436 29061 29061 W ResourceType: For resource 0x7f0e0194, entry index(404) is beyond type entryCount(142)
06-28 14:44:46.436 29061 29061 W ResourceType: For resource 0x7f0e01a5, entry index(421) is beyond type entryCount(142)
06-28 14:44:46.436 29061 29061 W ResourceType: For resource 0x7f0e017d, entry index(381) is beyond type entryCount(142)
06-28 14:44:46.436 29061 29061 W ResourceType: For resource 0x7f0e017b, entry index(379) is beyond type entryCount(142)
06-28 14:44:46.436 29061 29061 W ResourceType: For resource 0x7f0e010f, entry index(271) is beyond type entryCount(142)
06-28 14:44:46.436 29061 29061 W ResourceType: For resource 0x7f0e00f8, entry index(248) is beyond type entryCount(142)
06-28 14:44:46.436 29061 29061 W ResourceType: For resource 0x7f0e010f, entry index(271) is beyond type entryCount(142)
06-28 14:44:46.436 29061 29061 W ResourceType: For resource 0x7f0e0122, entry index(290) is beyond type entryCount(142)
06-28 14:44:46.436 29061 29061 W ResourceType: For resource 0x7f0e010b, entry index(267) is beyond type entryCount(142)
06-28 14:44:46.436 29061 29061 W ResourceType: For resource 0x7f0e010c, entry index(268) is beyond type entryCount(142)
06-28 14:44:46.436 29061 29061 W ResourceType: For resource 0x7f0e01ad, entry index(429) is beyond type entryCount(142)
06-28 14:44:46.436 29061 29061 W ResourceType: For resource 0x7f0e01ac, entry index(428) is beyond type entryCount(142)
06-28 14:44:46.439 29061 29061 W ResourceType: For resource 0x7f0e01c4, entry index(452) is beyond type entryCount(142)
06-28 14:44:46.439 29061 29061 W ResourceType: For resource 0x7f0e01c4, entry index(452) is beyond type entryCount(142)
06-28 14:44:46.439 29061 29061 W ResourceType: For resource 0x7f0e0183, entry index(387) is beyond type entryCount(142)
06-28 14:44:46.439 29061 29061 W ResourceType: For resource 0x7f0e0187, entry index(391) is beyond type entryCount(142)
06-28 14:44:46.439 29061 29061 W ResourceType: For resource 0x7f0e0185, entry index(389) is beyond type entryCount(142)
06-28 14:44:46.439 29061 29061 W ResourceType: For resource 0x7f0e015d, entry index(349) is beyond type entryCount(142)
06-28 14:44:46.439 29061 29061 W ResourceType: For resource 0x7f0e0195, entry index(405) is beyond type entryCount(142)
06-28 14:44:46.439 29061 29061 W ResourceType: For resource 0x7f0e016c, entry index(364) is beyond type entryCount(142)
06-28 14:44:46.439 29061 29061 W ResourceType: For resource 0x7f0e0163, entry index(355) is beyond type entryCount(142)
06-28 14:44:46.439 29061 29061 W ResourceType: For resource 0x7f0e00db, entry index(219) is beyond type entryCount(142)
06-28 14:44:46.439 29061 29061 W ResourceType: For resource 0x7f0e0193, entry index(403) is beyond type entryCount(142)
06-28 14:44:46.439 29061 29061 W ResourceType: For resource 0x7f0e016f, entry index(367) is beyond type entryCount(142)
06-28 14:44:46.439 29061 29061 W ResourceType: For resource 0x7f0e0161, entry index(353) is beyond type entryCount(142)
06-28 14:44:46.439 29061 29061 W ResourceType: For resource 0x7f0e0170, entry index(368) is beyond type entryCount(142)
06-28 14:44:46.439 29061 29061 W ResourceType: For resource 0x7f0e0174, entry index(372) is beyond type entryCount(142)
06-28 14:44:46.440 29061 29061 I chatty  : uid=10104(net.osmand) identical 2 lines
06-28 14:44:46.440 29061 29061 W ResourceType: For resource 0x7f0e0174, entry index(372) is beyond type entryCount(142)
06-28 14:44:46.440 29061 29061 W ResourceType: For resource 0x7f0e0177, entry index(375) is beyond type entryCount(142)
06-28 14:44:46.440 29061 29061 W ResourceType: For resource 0x7f0e0160, entry index(352) is beyond type entryCount(142)
06-28 14:44:46.440 29061 29061 W ResourceType: For resource 0x7f0e0199, entry index(409) is beyond type entryCount(142)
06-28 14:44:46.440 29061 29061 W ResourceType: For resource 0x7f0e017e, entry index(382) is beyond type entryCount(142)
06-28 14:44:46.440 29061 29061 W ResourceType: For resource 0x7f0e017f, entry index(383) is beyond type entryCount(142)
06-28 14:44:46.440 29061 29061 W ResourceType: For resource 0x7f0e0196, entry index(406) is beyond type entryCount(142)
06-28 14:44:46.440 29061 29061 W ResourceType: For resource 0x7f0e0197, entry index(407) is beyond type entryCount(142)
06-28 14:44:46.440 29061 29061 W ResourceType: For resource 0x7f0e0140, entry index(320) is beyond type entryCount(142)
06-28 14:44:46.440 29061 29061 W ResourceType: For resource 0x7f0e00e7, entry index(231) is beyond type entryCount(142)
06-28 14:44:46.440 29061 29061 W ResourceType: For resource 0x7f0e0194, entry index(404) is beyond type entryCount(142)
06-28 14:44:46.440 29061 29061 W ResourceType: For resource 0x7f0e01a5, entry index(421) is beyond type entryCount(142)
06-28 14:44:46.440 29061 29061 W ResourceType: For resource 0x7f0e017d, entry index(381) is beyond type entryCount(142)
06-28 14:44:46.441 29061 29061 W ResourceType: For resource 0x7f0e017b, entry index(379) is beyond type entryCount(142)
06-28 14:44:46.441 29061 29061 W ResourceType: For resource 0x7f0e010f, entry index(271) is beyond type entryCount(142)
06-28 14:44:46.441 29061 29061 W ResourceType: For resource 0x7f0e00f8, entry index(248) is beyond type entryCount(142)
06-28 14:44:46.441 29061 29061 W ResourceType: For resource 0x7f0e010f, entry index(271) is beyond type entryCount(142)
06-28 14:44:46.441 29061 29061 W ResourceType: For resource 0x7f0e0122, entry index(290) is beyond type entryCount(142)
06-28 14:44:46.441 29061 29061 W ResourceType: For resource 0x7f0e010b, entry index(267) is beyond type entryCount(142)
06-28 14:44:46.441 29061 29061 W ResourceType: For resource 0x7f0e010c, entry index(268) is beyond type entryCount(142)
06-28 14:44:46.441 29061 29061 W ResourceType: For resource 0x7f0e01ad, entry index(429) is beyond type entryCount(142)
06-28 14:44:46.441 29061 29061 W ResourceType: For resource 0x7f0e01ac, entry index(428) is beyond type entryCount(142)
06-28 14:44:46.449 29061 29061 W ResourceType: For resource 0x7f0e01c4, entry index(452) is beyond type entryCount(142)
06-28 14:44:46.449 29061 29061 W ResourceType: For resource 0x7f0e01c4, entry index(452) is beyond type entryCount(142)
06-28 14:44:46.449 29061 29061 W ResourceType: For resource 0x7f0e0183, entry index(387) is beyond type entryCount(142)
06-28 14:44:46.449 29061 29061 W ResourceType: For resource 0x7f0e0187, entry index(391) is beyond type entryCount(142)
06-28 14:44:46.449 29061 29061 W ResourceType: For resource 0x7f0e0185, entry index(389) is beyond type entryCount(142)
06-28 14:44:46.449 29061 29061 W ResourceType: For resource 0x7f0e015d, entry index(349) is beyond type entryCount(142)
06-28 14:44:46.449 29061 29061 W ResourceType: For resource 0x7f0e0195, entry index(405) is beyond type entryCount(142)
06-28 14:44:46.449 29061 29061 W ResourceType: For resource 0x7f0e016c, entry index(364) is beyond type entryCount(142)
06-28 14:44:46.450 29061 29061 W ResourceType: For resource 0x7f0e0163, entry index(355) is beyond type entryCount(142)
06-28 14:44:46.450 29061 29061 W ResourceType: For resource 0x7f0e00db, entry index(219) is beyond type entryCount(142)
06-28 14:44:46.450 29061 29061 W ResourceType: For resource 0x7f0e0193, entry index(403) is beyond type entryCount(142)
06-28 14:44:46.450 29061 29061 W ResourceType: For resource 0x7f0e016f, entry index(367) is beyond type entryCount(142)
06-28 14:44:46.450 29061 29061 W ResourceType: For resource 0x7f0e0161, entry index(353) is beyond type entryCount(142)
06-28 14:44:46.450 29061 29061 W ResourceType: For resource 0x7f0e0170, entry index(368) is beyond type entryCount(142)
06-28 14:44:46.450 29061 29061 W ResourceType: For resource 0x7f0e0174, entry index(372) is beyond type entryCount(142)
06-28 14:44:46.450 29061 29061 I chatty  : uid=10104(net.osmand) identical 2 lines
06-28 14:44:46.450 29061 29061 W ResourceType: For resource 0x7f0e0174, entry index(372) is beyond type entryCount(142)
06-28 14:44:46.450 29061 29061 W ResourceType: For resource 0x7f0e0177, entry index(375) is beyond type entryCount(142)
06-28 14:44:46.450 29061 29061 W ResourceType: For resource 0x7f0e0160, entry index(352) is beyond type entryCount(142)
06-28 14:44:46.450 29061 29061 W ResourceType: For resource 0x7f0e0199, entry index(409) is beyond type entryCount(142)
06-28 14:44:46.450 29061 29061 W ResourceType: For resource 0x7f0e017e, entry index(382) is beyond type entryCount(142)
06-28 14:44:46.450 29061 29061 W ResourceType: For resource 0x7f0e017f, entry index(383) is beyond type entryCount(142)
06-28 14:44:46.451 29061 29061 W ResourceType: For resource 0x7f0e0196, entry index(406) is beyond type entryCount(142)
06-28 14:44:46.451 29061 29061 W ResourceType: For resource 0x7f0e0197, entry index(407) is beyond type entryCount(142)
06-28 14:44:46.451 29061 29061 W ResourceType: For resource 0x7f0e0140, entry index(320) is beyond type entryCount(142)
06-28 14:44:46.451 29061 29061 W ResourceType: For resource 0x7f0e00e7, entry index(231) is beyond type entryCount(142)
06-28 14:44:46.451 29061 29061 W ResourceType: For resource 0x7f0e0194, entry index(404) is beyond type entryCount(142)
06-28 14:44:46.451 29061 29061 W ResourceType: For resource 0x7f0e01a5, entry index(421) is beyond type entryCount(142)
06-28 14:44:46.451 29061 29061 W ResourceType: For resource 0x7f0e017d, entry index(381) is beyond type entryCount(142)
06-28 14:44:46.451 29061 29061 W ResourceType: For resource 0x7f0e017b, entry index(379) is beyond type entryCount(142)
06-28 14:44:46.451 29061 29061 W ResourceType: For resource 0x7f0e010f, entry index(271) is beyond type entryCount(142)
06-28 14:44:46.452 29061 29061 W ResourceType: For resource 0x7f0e00f8, entry index(248) is beyond type entryCount(142)
06-28 14:44:46.452 29061 29061 W ResourceType: For resource 0x7f0e010f, entry index(271) is beyond type entryCount(142)
06-28 14:44:46.452 29061 29061 W ResourceType: For resource 0x7f0e0122, entry index(290) is beyond type entryCount(142)
06-28 14:44:46.452 29061 29061 W ResourceType: For resource 0x7f0e010b, entry index(267) is beyond type entryCount(142)
06-28 14:44:46.452 29061 29061 W ResourceType: For resource 0x7f0e010c, entry index(268) is beyond type entryCount(142)
06-28 14:44:46.452 29061 29061 W ResourceType: For resource 0x7f0e01ad, entry index(429) is beyond type entryCount(142)
06-28 14:44:46.452 29061 29061 W ResourceType: For resource 0x7f0e01ac, entry index(428) is beyond type entryCount(142)
06-28 14:44:46.458 19782 19782 I DeviceStatusMonitor: onReceive() : Action = android.intent.action.CONFIGURATION_CHANGED
06-28 14:44:46.458 19782 19782 I ConfigNotification: Get device mode by ui mode:1 and smallestScreenWidthDp:411
06-28 14:44:46.459 19782 19782 I chatty  : uid=10060(com.google.android.inputmethod.latin) identical 2 lines
06-28 14:44:46.460 19782 19782 I ConfigNotification: Get device mode by ui mode:1 and smallestScreenWidthDp:411
06-28 14:44:46.491 29061 29061 W ResourceType: For resource 0x7f0e017f, entry index(383) is beyond type entryCount(142)
06-28 14:44:46.493 29061 29061 W ResourceType: For resource 0x7f0e0091, entry index(145) is beyond type entryCount(142)
06-28 14:44:46.539  1401  1401 D gralloc_ranchu: gralloc_alloc: Creating ashmem region of size 544768
06-28 14:44:46.549  1708  1926 D EGL_emulation: eglMakeCurrent: 0x9268e860: ver 2 0 (tinfo 0x92690770)
06-28 14:44:46.566 29061 29061 W ResourceType: For resource 0x7f0e016b, entry index(363) is beyond type entryCount(142)
06-28 14:44:46.573 29061 29061 W ResourceType: For resource 0x7f0e017b, entry index(379) is beyond type entryCount(142)
06-28 14:44:46.575 29061 29061 W ResourceType: For resource 0x7f0e0125, entry index(293) is beyond type entryCount(142)
06-28 14:44:46.581 29061 29061 W ResourceType: For resource 0x7f0e0125, entry index(293) is beyond type entryCount(142)
06-28 14:44:46.604  1401  1401 D gralloc_ranchu: gralloc_alloc: Creating ashmem region of size 544768
06-28 14:44:46.649 29061 29061 W ResourceType: For resource 0x7f0e01a5, entry index(421) is beyond type entryCount(142)
06-28 14:44:46.649 29061 29061 W ResourceType: For resource 0x7f0e00a9, entry index(169) is beyond type entryCount(142)
06-28 14:44:46.655  1603  1616 E memtrack: Couldn't load memtrack module
06-28 14:44:46.655  1603  1616 W android.os.Debug: failed to get memory consumption info: -1
06-28 14:44:46.668 29061 29061 W ResourceType: For resource 0x7f0e01bc, entry index(444) is beyond type entryCount(142)
06-28 14:44:46.678 29061 29061 W ResourceType: For resource 0x7f0e0132, entry index(306) is beyond type entryCount(142)
06-28 14:44:46.678 29061 29061 W ResourceType: For resource 0x7f0e00f7, entry index(247) is beyond type entryCount(142)
06-28 14:44:46.679 29061 29061 W ResourceType: For resource 0x7f0e0131, entry index(305) is beyond type entryCount(142)
06-28 14:44:46.679 29061 29061 W ResourceType: For resource 0x7f0e010f, entry index(271) is beyond type entryCount(142)
06-28 14:44:46.680 29061 29061 W ResourceType: For resource 0x7f0e0175, entry index(373) is beyond type entryCount(142)
06-28 14:44:46.682 29061 29061 W ResourceType: For resource 0x7f0e0173, entry index(371) is beyond type entryCount(142)
06-28 14:44:46.697  1603  3880 W LocalDisplayAdapter: Unable to find color mode 0, ignoring request.
06-28 14:44:46.705  1603  1666 I InputReader: Reconfiguring input devices.  changes=0x00000004
06-28 14:44:46.709 29061 29061 W ResourceType: For resource 0x7f0e011d, entry index(285) is beyond type entryCount(142)
06-28 14:44:46.724 29061 29061 I chatty  : uid=10104(net.osmand) identical 4 lines
06-28 14:44:46.724 29061 29061 W ResourceType: For resource 0x7f0e011d, entry index(285) is beyond type entryCount(142)
06-28 14:44:46.727 29061 29061 W ResourceType: For resource 0x7f0e01ac, entry index(428) is beyond type entryCount(142)
06-28 14:44:46.727 29061 29061 W ResourceType: For resource 0x7f0e00ae, entry index(174) is beyond type entryCount(142)
06-28 14:44:46.728 29061 29061 W ResourceType: For resource 0x7f0e013d, entry index(317) is beyond type entryCount(142)
06-28 14:44:46.728 29061 29061 W ResourceType: For resource 0x7f0e013e, entry index(318) is beyond type entryCount(142)
06-28 14:44:46.737  1708  1708 D EGL_emulation: eglCreateContext: 0x92772b40: maj 2 min 0 rcv 2
06-28 14:44:46.754  1708  1708 D EGL_emulation: eglMakeCurrent: 0x92772b40: ver 2 0 (tinfo 0x92183a80)
06-28 14:44:46.758 29061 29061 W ResourceType: For resource 0x7f0e013b, entry index(315) is beyond type entryCount(142)
06-28 14:44:46.766 29061 29061 I chatty  : uid=10104(net.osmand) identical 9 lines
06-28 14:44:46.766 29061 29061 W ResourceType: For resource 0x7f0e013b, entry index(315) is beyond type entryCount(142)
