06-29 14:20:41.332  1587  4011 W Binder  : 	at com.android.server.am.ActivityManagerService.startActivity(ActivityManagerService.java:4519)
06-29 14:20:41.332  1587  4011 W Binder  : 	at android.app.IActivityManager$Stub.onTransact(IActivityManager.java:121)
06-29 14:20:41.332  1587  4011 W Binder  : 	at com.android.server.am.ActivityManagerService.onTransact(ActivityManagerService.java:2919)
06-29 14:20:41.332  1587  4011 W Binder  : 	at android.os.Binder.execTransact(Binder.java:697)
06-29 14:20:41.374  5474  5474 I Monkey  : Events injected: 1
06-29 14:20:41.443  1398  1398 D gralloc_ranchu: gralloc_alloc: Creating ashmem region of size 8298496
06-29 14:20:41.504  1409  1409 E EGL_emulation: tid 1409: eglCreateSyncKHR(1962): error 0x3004 (EGL_BAD_ATTRIBUTE)
06-29 14:20:41.511  1587  2436 W LocalDisplayAdapter: Unable to find color mode 0, ignoring request.
06-29 14:20:41.524  1587  2436 I ActivityManager: Config changes=480 {1.0 310mcc260mnc [en_US] ldltr sw411dp w683dp h387dp 420dpi nrml land finger qwerty/v/v -nav/h appBounds=Rect(126, 0 - 1920, 1080) s.7}
06-29 14:20:41.735  5576  5576 W PrimesInit: Primes instant initialization
06-29 14:20:41.760  5576  5593 W Primes  : background initialization
06-29 14:20:41.824  1587  2436 I ActivityManager: Override config changes=480 {1.0 310mcc260mnc [en_US] ldltr sw411dp w683dp h387dp 420dpi nrml land finger qwerty/v/v -nav/h appBounds=Rect(126, 0 - 1920, 1080) s.7} for displayId=0
06-29 14:20:42.004  1398  1398 D gralloc_ranchu: gralloc_alloc: Creating ashmem region of size 8298496
06-29 14:20:42.130  5468  5482 W zygote  : Suspending all threads took: 229.855ms
06-29 14:20:42.171  1587  1660 I InputReader: Reconfiguring input devices.  changes=0x00000004
06-29 14:20:42.171  1587  1660 I InputReader: Device reconfigured: id=0, name='qwerty2', size 1080x1920, orientation 3, mode 1, display id 0
06-29 14:20:42.178  1587  1660 I InputReader: Reconfiguring input devices.  changes=0x00000004
06-29 14:20:42.211  3919  3919 D InAppPurchaseHelper: Destroying helper.
06-29 14:20:42.218  1587  1660 I InputReader: Reconfiguring input devices.  changes=0x00000004
06-29 14:20:42.272  5474  5474 I Monkey  : ## Network stats: elapsed time=706ms (0ms mobile, 0ms wifi, 706ms not connected)
06-29 14:20:42.282  1587  1612 W Looper  : Dispatch took 895ms on android.ui, h=Handler (com.android.server.am.ActivityManagerService$UiHandler) {85d0688} cb=null msg=31
06-29 14:20:42.303  1698  1698 I Choreographer: Skipped 46 frames!  The application may be doing too much work on its main thread.
06-29 14:20:42.376  5474  5474 I com.android.commands.monkey: System.exit called, status: 0
06-29 14:20:42.377  5474  5474 I AndroidRuntime: VM exiting with result code 0.
06-29 14:20:42.547  2437  2503 D EGL_emulation: eglMakeCurrent: 0x95e7fdc0: ver 2 0 (tinfo 0x95cedb60)
06-29 14:20:42.613  1587  1612 W Looper  : Dispatch took 329ms on android.ui, h=Handler (com.android.server.policy.PhoneWindowManager$PolicyHandler) {d9c21cb} cb=android.database.ContentObserver$NotificationRunnable@821a0bf msg=0
06-29 14:20:42.785  1409  1655 E SurfaceFlinger: Permission Denial: can't openGlobalTransaction pid=3919, uid<=10104
06-29 14:20:42.785  3919  3919 E BpSurfaceComposerClient: Failed to transact (-1)
06-29 14:20:42.795  1409  1423 E SurfaceFlinger: Permission Denial: can't openGlobalTransaction pid=3919, uid<=10104
06-29 14:20:42.795  3919  3919 E BpSurfaceComposerClient: Failed to transact (-1)
06-29 14:20:42.889  3919  3919 W ResourceType: ResTable_typeSpec entry count inconsistent: given 5115, previously 5124
06-29 14:20:42.889  3919  3919 W ResourceType: ResTable_typeSpec entry count inconsistent: given 142, previously 459
06-29 14:20:43.133  3919  3919 W ResourceType: For resource 0x7f0e00c0, entry index(192) is beyond type entryCount(142)
06-29 14:20:43.135  3919  3919 W ResourceType: For resource 0x7f0e00d1, entry index(209) is beyond type entryCount(142)
06-29 14:20:43.135  3919  3919 W ResourceType: For resource 0x7f0e00cb, entry index(203) is beyond type entryCount(142)
06-29 14:20:43.135  3919  3919 W ResourceType: For resource 0x7f0e014d, entry index(333) is beyond type entryCount(142)
06-29 14:20:43.135  3919  3919 W ResourceType: For resource 0x7f0e00dd, entry index(221) is beyond type entryCount(142)
06-29 14:20:43.135  3919  3919 W ResourceType: For resource 0x7f0e00e4, entry index(228) is beyond type entryCount(142)
06-29 14:20:43.210  5576  5593 I PrimesTesting: GserviceFlagsSupplier.get()
06-29 14:20:43.257  1481  5357 W SocketClient: write error (Broken pipe)
06-29 14:20:43.334  3919  3919 W ResourceType: For resource 0x7f0e01c4, entry index(452) is beyond type entryCount(142)
06-29 14:20:43.334  3919  3919 W ResourceType: For resource 0x7f0e01c4, entry index(452) is beyond type entryCount(142)
06-29 14:20:43.334  3919  3919 W ResourceType: For resource 0x7f0e0183, entry index(387) is beyond type entryCount(142)
06-29 14:20:43.334  3919  3919 W ResourceType: For resource 0x7f0e0187, entry index(391) is beyond type entryCount(142)
06-29 14:20:43.334  3919  3919 W ResourceType: For resource 0x7f0e0185, entry index(389) is beyond type entryCount(142)
06-29 14:20:43.334  3919  3919 W ResourceType: For resource 0x7f0e015d, entry index(349) is beyond type entryCount(142)
06-29 14:20:43.334  3919  3919 W ResourceType: For resource 0x7f0e0195, entry index(405) is beyond type entryCount(142)
06-29 14:20:43.334  3919  3919 W ResourceType: For resource 0x7f0e016c, entry index(364) is beyond type entryCount(142)
06-29 14:20:43.344  3919  3919 W ResourceType: For resource 0x7f0e0163, entry index(355) is beyond type entryCount(142)
06-29 14:20:43.344  3919  3919 W ResourceType: For resource 0x7f0e00db, entry index(219) is beyond type entryCount(142)
06-29 14:20:43.349  3919  3919 W ResourceType: For resource 0x7f0e0193, entry index(403) is beyond type entryCount(142)
06-29 14:20:43.349  3919  3919 W ResourceType: For resource 0x7f0e016f, entry index(367) is beyond type entryCount(142)
06-29 14:20:43.349  3919  3919 W ResourceType: For resource 0x7f0e0161, entry index(353) is beyond type entryCount(142)
06-29 14:20:43.349  3919  3919 W ResourceType: For resource 0x7f0e0170, entry index(368) is beyond type entryCount(142)
06-29 14:20:43.350  3919  3919 W ResourceType: For resource 0x7f0e0174, entry index(372) is beyond type entryCount(142)
06-29 14:20:43.350  3919  3919 I chatty  : uid=10104(net.osmand) identical 2 lines
06-29 14:20:43.350  3919  3919 W ResourceType: For resource 0x7f0e0174, entry index(372) is beyond type entryCount(142)
06-29 14:20:43.350  3919  3919 W ResourceType: For resource 0x7f0e0177, entry index(375) is beyond type entryCount(142)
06-29 14:20:43.350  3919  3919 W ResourceType: For resource 0x7f0e0160, entry index(352) is beyond type entryCount(142)
06-29 14:20:43.350  3919  3919 W ResourceType: For resource 0x7f0e0199, entry index(409) is beyond type entryCount(142)
06-29 14:20:43.350  3919  3919 W ResourceType: For resource 0x7f0e017e, entry index(382) is beyond type entryCount(142)
06-29 14:20:43.351  3919  3919 W ResourceType: For resource 0x7f0e017f, entry index(383) is beyond type entryCount(142)
06-29 14:20:43.351  3919  3919 W ResourceType: For resource 0x7f0e0196, entry index(406) is beyond type entryCount(142)
06-29 14:20:43.351  3919  3919 W ResourceType: For resource 0x7f0e0197, entry index(407) is beyond type entryCount(142)
06-29 14:20:43.351  3919  3919 W ResourceType: For resource 0x7f0e0140, entry index(320) is beyond type entryCount(142)
06-29 14:20:43.351  3919  3919 W ResourceType: For resource 0x7f0e00e7, entry index(231) is beyond type entryCount(142)
06-29 14:20:43.351  3919  3919 W ResourceType: For resource 0x7f0e0194, entry index(404) is beyond type entryCount(142)
06-29 14:20:43.351  3919  3919 W ResourceType: For resource 0x7f0e01a5, entry index(421) is beyond type entryCount(142)
06-29 14:20:43.351  3919  3919 W ResourceType: For resource 0x7f0e017d, entry index(381) is beyond type entryCount(142)
06-29 14:20:43.351  3919  3919 W ResourceType: For resource 0x7f0e017b, entry index(379) is beyond type entryCount(142)
06-29 14:20:43.351  3919  3919 W ResourceType: For resource 0x7f0e010f, entry index(271) is beyond type entryCount(142)
06-29 14:20:43.351  3919  3919 W ResourceType: For resource 0x7f0e00f8, entry index(248) is beyond type entryCount(142)
06-29 14:20:43.351  3919  3919 W ResourceType: For resource 0x7f0e010f, entry index(271) is beyond type entryCount(142)
06-29 14:20:43.351  3919  3919 W ResourceType: For resource 0x7f0e0122, entry index(290) is beyond type entryCount(142)
06-29 14:20:43.351  3919  3919 W ResourceType: For resource 0x7f0e010b, entry index(267) is beyond type entryCount(142)
06-29 14:20:43.351  3919  3919 W ResourceType: For resource 0x7f0e010c, entry index(268) is beyond type entryCount(142)
06-29 14:20:43.351  3919  3919 W ResourceType: For resource 0x7f0e01ad, entry index(429) is beyond type entryCount(142)
06-29 14:20:43.352  3919  3919 W ResourceType: For resource 0x7f0e01ac, entry index(428) is beyond type entryCount(142)
06-29 14:20:43.366  3919  3919 W ResourceType: For resource 0x7f0e01c4, entry index(452) is beyond type entryCount(142)
06-29 14:20:43.366  3919  3919 W ResourceType: For resource 0x7f0e01c4, entry index(452) is beyond type entryCount(142)
06-29 14:20:43.367  3919  3919 W ResourceType: For resource 0x7f0e0183, entry index(387) is beyond type entryCount(142)
06-29 14:20:43.367  3919  3919 W ResourceType: For resource 0x7f0e0187, entry index(391) is beyond type entryCount(142)
06-29 14:20:43.367  3919  3919 W ResourceType: For resource 0x7f0e0185, entry index(389) is beyond type entryCount(142)
06-29 14:20:43.367  3919  3919 W ResourceType: For resource 0x7f0e015d, entry index(349) is beyond type entryCount(142)
06-29 14:20:43.367  3919  3919 W ResourceType: For resource 0x7f0e0195, entry index(405) is beyond type entryCount(142)
06-29 14:20:43.367  3919  3919 W ResourceType: For resource 0x7f0e016c, entry index(364) is beyond type entryCount(142)
06-29 14:20:43.367  3919  3919 W ResourceType: For resource 0x7f0e0163, entry index(355) is beyond type entryCount(142)
06-29 14:20:43.367  3919  3919 W ResourceType: For resource 0x7f0e00db, entry index(219) is beyond type entryCount(142)
06-29 14:20:43.367  3919  3919 W ResourceType: For resource 0x7f0e0193, entry index(403) is beyond type entryCount(142)
06-29 14:20:43.367  3919  3919 W ResourceType: For resource 0x7f0e016f, entry index(367) is beyond type entryCount(142)
06-29 14:20:43.367  3919  3919 W ResourceType: For resource 0x7f0e0161, entry index(353) is beyond type entryCount(142)
06-29 14:20:43.367  3919  3919 W ResourceType: For resource 0x7f0e0170, entry index(368) is beyond type entryCount(142)
06-29 14:20:43.367  3919  3919 W ResourceType: For resource 0x7f0e0174, entry index(372) is beyond type entryCount(142)
06-29 14:20:43.367  3919  3919 I chatty  : uid=10104(net.osmand) identical 2 lines
06-29 14:20:43.368  3919  3919 W ResourceType: For resource 0x7f0e0174, entry index(372) is beyond type entryCount(142)
06-29 14:20:43.368  3919  3919 W ResourceType: For resource 0x7f0e0177, entry index(375) is beyond type entryCount(142)
06-29 14:20:43.368  3919  3919 W ResourceType: For resource 0x7f0e0160, entry index(352) is beyond type entryCount(142)
06-29 14:20:43.368  3919  3919 W ResourceType: For resource 0x7f0e0199, entry index(409) is beyond type entryCount(142)
06-29 14:20:43.368  3919  3919 W ResourceType: For resource 0x7f0e017e, entry index(382) is beyond type entryCount(142)
06-29 14:20:43.368  3919  3919 W ResourceType: For resource 0x7f0e017f, entry index(383) is beyond type entryCount(142)
06-29 14:20:43.368  3919  3919 W ResourceType: For resource 0x7f0e0196, entry index(406) is beyond type entryCount(142)
06-29 14:20:43.368  3919  3919 W ResourceType: For resource 0x7f0e0197, entry index(407) is beyond type entryCount(142)
06-29 14:20:43.368  3919  3919 W ResourceType: For resource 0x7f0e0140, entry index(320) is beyond type entryCount(142)
06-29 14:20:43.368  3919  3919 W ResourceType: For resource 0x7f0e00e7, entry index(231) is beyond type entryCount(142)
06-29 14:20:43.369  3919  3919 W ResourceType: For resource 0x7f0e0194, entry index(404) is beyond type entryCount(142)
06-29 14:20:43.369  3919  3919 W ResourceType: For resource 0x7f0e01a5, entry index(421) is beyond type entryCount(142)
06-29 14:20:43.369  3919  3919 W ResourceType: For resource 0x7f0e017d, entry index(381) is beyond type entryCount(142)
06-29 14:20:43.369  3919  3919 W ResourceType: For resource 0x7f0e017b, entry index(379) is beyond type entryCount(142)
06-29 14:20:43.369  3919  3919 W ResourceType: For resource 0x7f0e010f, entry index(271) is beyond type entryCount(142)
06-29 14:20:43.370  3919  3919 W ResourceType: For resource 0x7f0e00f8, entry index(248) is beyond type entryCount(142)
06-29 14:20:43.370  3919  3919 W ResourceType: For resource 0x7f0e010f, entry index(271) is beyond type entryCount(142)
06-29 14:20:43.370  3919  3919 W ResourceType: For resource 0x7f0e0122, entry index(290) is beyond type entryCount(142)
06-29 14:20:43.370  3919  3919 W ResourceType: For resource 0x7f0e010b, entry index(267) is beyond type entryCount(142)
06-29 14:20:43.370  3919  3919 W ResourceType: For resource 0x7f0e010c, entry index(268) is beyond type entryCount(142)
06-29 14:20:43.370  3919  3919 W ResourceType: For resource 0x7f0e01ad, entry index(429) is beyond type entryCount(142)
06-29 14:20:43.370  3919  3919 W ResourceType: For resource 0x7f0e01ac, entry index(428) is beyond type entryCount(142)
06-29 14:20:43.405  3919  3919 W ResourceType: For resource 0x7f0e01c4, entry index(452) is beyond type entryCount(142)
06-29 14:20:43.405  3919  3919 W ResourceType: For resource 0x7f0e01c4, entry index(452) is beyond type entryCount(142)
06-29 14:20:43.405  3919  3919 W ResourceType: For resource 0x7f0e0183, entry index(387) is beyond type entryCount(142)
06-29 14:20:43.405  3919  3919 W ResourceType: For resource 0x7f0e0187, entry index(391) is beyond type entryCount(142)
06-29 14:20:43.405  3919  3919 W ResourceType: For resource 0x7f0e0185, entry index(389) is beyond type entryCount(142)
06-29 14:20:43.405  3919  3919 W ResourceType: For resource 0x7f0e015d, entry index(349) is beyond type entryCount(142)
06-29 14:20:43.405  3919  3919 W ResourceType: For resource 0x7f0e0195, entry index(405) is beyond type entryCount(142)
06-29 14:20:43.406  3919  3919 W ResourceType: For resource 0x7f0e016c, entry index(364) is beyond type entryCount(142)
06-29 14:20:43.406  3919  3919 W ResourceType: For resource 0x7f0e0163, entry index(355) is beyond type entryCount(142)
06-29 14:20:43.406  3919  3919 W ResourceType: For resource 0x7f0e00db, entry index(219) is beyond type entryCount(142)
06-29 14:20:43.406  3919  3919 W ResourceType: For resource 0x7f0e0193, entry index(403) is beyond type entryCount(142)
06-29 14:20:43.406  3919  3919 W ResourceType: For resource 0x7f0e016f, entry index(367) is beyond type entryCount(142)
06-29 14:20:43.406  3919  3919 W ResourceType: For resource 0x7f0e0161, entry index(353) is beyond type entryCount(142)
06-29 14:20:43.406  3919  3919 W ResourceType: For resource 0x7f0e0170, entry index(368) is beyond type entryCount(142)
06-29 14:20:43.406  3919  3919 W ResourceType: For resource 0x7f0e0174, entry index(372) is beyond type entryCount(142)
06-29 14:20:43.406  3919  3919 I chatty  : uid=10104(net.osmand) identical 2 lines
06-29 14:20:43.407  3919  3919 W ResourceType: For resource 0x7f0e0174, entry index(372) is beyond type entryCount(142)
06-29 14:20:43.407  3919  3919 W ResourceType: For resource 0x7f0e0177, entry index(375) is beyond type entryCount(142)
06-29 14:20:43.407  3919  3919 W ResourceType: For resource 0x7f0e0160, entry index(352) is beyond type entryCount(142)
06-29 14:20:43.407  3919  3919 W ResourceType: For resource 0x7f0e0199, entry index(409) is beyond type entryCount(142)
06-29 14:20:43.407  3919  3919 W ResourceType: For resource 0x7f0e017e, entry index(382) is beyond type entryCount(142)
06-29 14:20:43.407  3919  3919 W ResourceType: For resource 0x7f0e017f, entry index(383) is beyond type entryCount(142)
06-29 14:20:43.407  3919  3919 W ResourceType: For resource 0x7f0e0196, entry index(406) is beyond type entryCount(142)
06-29 14:20:43.408  3919  3919 W ResourceType: For resource 0x7f0e0197, entry index(407) is beyond type entryCount(142)
06-29 14:20:43.409  3919  3919 W ResourceType: For resource 0x7f0e0140, entry index(320) is beyond type entryCount(142)
06-29 14:20:43.409  3919  3919 W ResourceType: For resource 0x7f0e00e7, entry index(231) is beyond type entryCount(142)
06-29 14:20:43.409  3919  3919 W ResourceType: For resource 0x7f0e0194, entry index(404) is beyond type entryCount(142)
06-29 14:20:43.409  3919  3919 W ResourceType: For resource 0x7f0e01a5, entry index(421) is beyond type entryCount(142)
06-29 14:20:43.409  3919  3919 W ResourceType: For resource 0x7f0e017d, entry index(381) is beyond type entryCount(142)
06-29 14:20:43.410  3919  3919 W ResourceType: For resource 0x7f0e017b, entry index(379) is beyond type entryCount(142)
06-29 14:20:43.410  3919  3919 W ResourceType: For resource 0x7f0e010f, entry index(271) is beyond type entryCount(142)
06-29 14:20:43.410  3919  3919 W ResourceType: For resource 0x7f0e00f8, entry index(248) is beyond type entryCount(142)
06-29 14:20:43.410  3919  3919 W ResourceType: For resource 0x7f0e010f, entry index(271) is beyond type entryCount(142)
06-29 14:20:43.410  3919  3919 W ResourceType: For resource 0x7f0e0122, entry index(290) is beyond type entryCount(142)
06-29 14:20:43.410  3919  3919 W ResourceType: For resource 0x7f0e010b, entry index(267) is beyond type entryCount(142)
06-29 14:20:43.410  3919  3919 W ResourceType: For resource 0x7f0e010c, entry index(268) is beyond type entryCount(142)
06-29 14:20:43.410  3919  3919 W ResourceType: For resource 0x7f0e01ad, entry index(429) is beyond type entryCount(142)
06-29 14:20:43.410  3919  3919 W ResourceType: For resource 0x7f0e01ac, entry index(428) is beyond type entryCount(142)
06-29 14:20:43.473  3919  3919 W ResourceType: For resource 0x7f0e017f, entry index(383) is beyond type entryCount(142)
06-29 14:20:43.473  3919  3919 W ResourceType: For resource 0x7f0e0091, entry index(145) is beyond type entryCount(142)
06-29 14:20:43.478  1409  1422 E SurfaceFlinger: Failed to find layer (SnapshotStartingWindow for taskId=39#0) in layer parent (no-parent).
06-29 14:20:43.479  1587  1618 D         : HostConnection::get() New Host Connection established 0x8c5ce280, tid 1618
06-29 14:20:43.550  3919  3919 W ResourceType: For resource 0x7f0e016b, entry index(363) is beyond type entryCount(142)
06-29 14:20:43.571  3919  3919 W ResourceType: For resource 0x7f0e017b, entry index(379) is beyond type entryCount(142)
06-29 14:20:43.585  3919  3919 W ResourceType: For resource 0x7f0e0125, entry index(293) is beyond type entryCount(142)
06-29 14:20:43.588  1587  1645 W WindowManager: Failed looking up window callers=com.android.server.wm.WindowManagerService.windowForClientLocked:5797 com.android.server.wm.WindowManagerService.removeWindow:1715 com.android.server.wm.Session.remove:222 
06-29 14:20:43.593  5576  5576 I GAv4-SVC: Google Analytics 17.6.68 is starting up.
06-29 14:20:43.606  3919  3919 W ResourceType: For resource 0x7f0e0125, entry index(293) is beyond type entryCount(142)
06-29 14:20:43.638  2796  2865 D EGL_emulation: eglMakeCurrent: 0xa8705a80: ver 2 0 (tinfo 0xa8703490)
06-29 14:20:43.651  1587  1618 W WindowManager: Window freeze timeout expired.
06-29 14:20:43.652  1587  1618 W WindowManager: Force clearing orientation change: Window{376e0b5 u0 NavigationBar}
06-29 14:20:43.652  1587  1618 W WindowManager: Force clearing orientation change: Window{42005e4 u0 StatusBar}
06-29 14:20:43.652  1587  1618 W WindowManager: Force clearing orientation change: Window{56ccd15 u0 com.google.android.apps.nexuslauncher/com.google.android.apps.nexuslauncher.NexusLauncherActivity}
06-29 14:20:43.657  1398  1398 D gralloc_ranchu: gralloc_alloc: Creating ashmem region of size 544768
06-29 14:20:43.678  1587  5358 D NetworkMonitor/NetworkAgentInfo [WIFI () - 101]: PROBE_DNS www.google.com 40100ms FAIL
06-29 14:20:43.679  1587  5359 D NetworkMonitor/NetworkAgentInfo [WIFI () - 101]: PROBE_DNS connectivitycheck.gstatic.com 40101ms FAIL
06-29 14:20:43.683  1587  1645 I WindowManager: Screen frozen for +2s286ms due to Window{376e0b5 u0 NavigationBar}
06-29 14:20:43.683  1964  5362 E WakeLock: GCM_HB_ALARM release without a matched acquire!
06-29 14:20:43.683  1964  5362 W WakeLock: GCM_HB_ALARM counter does not exist
06-29 14:20:43.688  1587  5358 D NetworkMonitor/NetworkAgentInfo [WIFI () - 101]: PROBE_HTTPS https://www.google.com/generate_204 Probe failed with exception java.net.UnknownHostException: Unable to resolve host "www.google.com": No address associated with hostname
06-29 14:20:43.702  1587  5359 D NetworkMonitor/NetworkAgentInfo [WIFI () - 101]: PROBE_HTTP http://connectivitycheck.gstatic.com/generate_204 Probe failed with exception java.net.UnknownHostException: Unable to resolve host "connectivitycheck.gstatic.com": No address associated with hostname
06-29 14:20:43.766  3919  3919 W ResourceType: For resource 0x7f0e01a5, entry index(421) is beyond type entryCount(142)
06-29 14:20:43.766  3919  3919 W ResourceType: For resource 0x7f0e00a9, entry index(169) is beyond type entryCount(142)
06-29 14:20:43.782  3919  3919 W ResourceType: For resource 0x7f0e01bc, entry index(444) is beyond type entryCount(142)
06-29 14:20:43.792  1698  1926 D EGL_emulation: eglMakeCurrent: 0x9501c8c0: ver 2 0 (tinfo 0x9501f6f0)
06-29 14:20:43.804  1409  1409 D SurfaceFlinger: duplicate layer name: changing BlackSurface to BlackSurface#1
06-29 14:20:43.834  3919  3919 W ResourceType: For resource 0x7f0e0132, entry index(306) is beyond type entryCount(142)
06-29 14:20:43.834  3919  3919 W ResourceType: For resource 0x7f0e00f7, entry index(247) is beyond type entryCount(142)
06-29 14:20:43.835  3919  3919 W ResourceType: For resource 0x7f0e0131, entry index(305) is beyond type entryCount(142)
06-29 14:20:43.836  3919  3919 W ResourceType: For resource 0x7f0e010f, entry index(271) is beyond type entryCount(142)
06-29 14:20:43.836  3919  3919 W ResourceType: For resource 0x7f0e0175, entry index(373) is beyond type entryCount(142)
06-29 14:20:43.842  3919  3919 W ResourceType: For resource 0x7f0e0173, entry index(371) is beyond type entryCount(142)
06-29 14:20:43.884  1480  1480 D NuPlayerDriver: NuPlayerDriver(0xae8252a0) created, clientPid(1698)
06-29 14:20:43.890  1398  1398 D gralloc_ranchu: gralloc_alloc: Creating ashmem region of size 544768
06-29 14:20:44.000  1480  5607 D GenericSource: FileSource remote
06-29 14:20:44.033  3919  3919 W ResourceType: For resource 0x7f0e011d, entry index(285) is beyond type entryCount(142)
06-29 14:20:44.047  3919  3919 I chatty  : uid=10104(net.osmand) identical 4 lines
06-29 14:20:44.047  3919  3919 W ResourceType: For resource 0x7f0e011d, entry index(285) is beyond type entryCount(142)
06-29 14:20:44.048  3919  3919 W ResourceType: For resource 0x7f0e01ac, entry index(428) is beyond type entryCount(142)
06-29 14:20:44.048  3919  3919 W ResourceType: For resource 0x7f0e00ae, entry index(174) is beyond type entryCount(142)
06-29 14:20:44.048  3919  3919 W ResourceType: For resource 0x7f0e013d, entry index(317) is beyond type entryCount(142)
06-29 14:20:44.048  3919  3919 W ResourceType: For resource 0x7f0e013e, entry index(318) is beyond type entryCount(142)
06-29 14:20:44.118  1480  5603 D NuPlayerDriver: notifyListener_l(0xae8252a0), (1, 0, 0, -1), loop setting(0, 0)
06-29 14:20:44.156  3919  3919 W ResourceType: For resource 0x7f0e013b, entry index(315) is beyond type entryCount(142)
06-29 14:20:44.157  3919  3919 I chatty  : uid=10104(net.osmand) identical 4 lines
06-29 14:20:44.158  3919  3919 W ResourceType: For resource 0x7f0e013b, entry index(315) is beyond type entryCount(142)
06-29 14:20:44.168  1964  5217 W cdcv    : [{0}] Failed to resolve name. status={1}
06-29 14:20:44.181  3919  3919 W ResourceType: For resource 0x7f0e013b, entry index(315) is beyond type entryCount(142)
06-29 14:20:44.184  3919  3919 I chatty  : uid=10104(net.osmand) identical 3 lines
06-29 14:20:44.184  3919  3919 W ResourceType: For resource 0x7f0e013b, entry index(315) is beyond type entryCount(142)
06-29 14:20:44.235  1587  2237 I MediaFocusControl: requestAudioFocus() from uid/pid 10029/1698 clientId=android.media.AudioManager@1eb9e0a callingPack=com.android.systemui req=3 flags=0x0 sdk=27
06-29 14:20:44.369  1587  1723 D skia    : --- SkAndroidCodec::NewFromStream returned null
06-29 14:20:44.391  1587  1723 W WindowManager: Failed to load bitmap: /data/system_ce/0/snapshots/36_reduced.jpg
06-29 14:20:44.762  1480  1480 D NuPlayerDriver: start(0xae8252a0), state is 4, eos is 0
06-29 14:20:44.762  1480  5603 I GenericSource: start
06-29 14:20:44.764  1698  5600 W RingtonePlayer: Notification sound delayed by 1195msecs
06-29 14:20:44.806  1480  5615 I OMXClient: Treble IOmx obtained
06-29 14:20:44.816  1484  4529 I OMXMaster: makeComponentInstance(OMX.google.vorbis.decoder) in omx@1.0-service process
06-29 14:20:44.859  1692  1692 I KeyboardViewUtil: systemKeyboardHeightRatio:1.000000; userKeyboardHeightRatio:1.000000.
06-29 14:20:44.866  1698  1698 I Choreographer: Skipped 74 frames!  The application may be doing too much work on its main thread.
06-29 14:20:44.868  1692  1692 I zygote  : Deoptimizing boolean mzv.hasNext() due to JIT inline cache
06-29 14:20:44.873  1484  1510 E OMXNodeInstance: setConfig(0xa861b4e0:google.vorbis.decoder, ConfigPriority(0x6f800002)) ERROR: Undefined(0x80001001)
06-29 14:20:44.873  1480  5615 I ACodec  : codec does not support config priority (err -2147483648)
06-29 14:20:44.875  1484  1510 E OMXNodeInstance: getConfig(0xa861b4e0:google.vorbis.decoder, ConfigAndroidVendorExtension(0x6f100004)) ERROR: Undefined(0x80001001)
06-29 14:20:44.880  1480  5615 I MediaCodec: MediaCodec will operate in async mode
06-29 14:20:44.885  1398  1398 D gralloc_ranchu: gralloc_alloc: Creating ashmem region of size 544768
06-29 14:20:44.903  1389  1389 W /system/bin/hw/android.hidl.allocator@1.0-service: ashmem_create_region(32768) returning hidl_memory(0xb511b830, 32768)
06-29 14:20:44.929  1389  1389 I chatty  : uid=1000(system) allocator@1.0-s identical 6 lines
06-29 14:20:44.931  1389  1389 W /system/bin/hw/android.hidl.allocator@1.0-service: ashmem_create_region(32768) returning hidl_memory(0xb511b830, 32768)
06-29 14:20:44.963  1698  1698 W StaticLayout: maxLineHeight should not be -1.  maxLines:7 lineCount:7
06-29 14:20:44.982  1698  1698 I chatty  : uid=10029(com.android.systemui) identical 2 lines
06-29 14:20:44.982  1698  1698 W StaticLayout: maxLineHeight should not be -1.  maxLines:7 lineCount:7
06-29 14:20:44.991  1389  1389 W /system/bin/hw/android.hidl.allocator@1.0-service: ashmem_create_region(32768) returning hidl_memory(0xb511b830, 32768)
06-29 14:20:44.995  1389  1389 I chatty  : uid=1000(system) allocator@1.0-s identical 2 lines
06-29 14:20:44.996  1389  1389 W /system/bin/hw/android.hidl.allocator@1.0-service: ashmem_create_region(32768) returning hidl_memory(0xb511b830, 32768)
06-29 14:20:45.008  3919  3919 W System.err: OnCreate for MapActivity took 1749 ms
06-29 14:20:45.015  1480  5613 D AudioTrack: Client defaulted notificationFrames to 7406 for frameCount 22218
06-29 14:20:45.025  1480  5603 D NuPlayerDriver: notifyListener_l(0xae8252a0), (6, 0, 0, -1), loop setting(0, 0)
06-29 14:20:45.027  1390  3747 W audio_hw_generic: Not supplying enough data to HAL, expected position 2560457 , only wrote 2560320
06-29 14:20:45.238  3919  3919 D InAppPurchaseHelper: Destroying helper.
06-29 14:20:45.288  1398  1398 D gralloc_ranchu: gralloc_alloc: Creating ashmem region of size 487424
06-29 14:20:45.444  1698  1698 W StaticLayout: maxLineHeight should not be -1.  maxLines:7 lineCount:7
06-29 14:20:45.444  1698  1698 W StaticLayout: maxLineHeight should not be -1.  maxLines:7 lineCount:7
06-29 14:20:45.493  1587  1723 I GnssLocationProvider: WakeLock acquired by sendMessage(SET_REQUEST, 0, com.android.server.location.GnssLocationProvider$GpsRequest@e289ff1)
06-29 14:20:45.526  5556  5571 I zygote  : Waiting for a blocking GC ProfileSaver
06-29 14:20:45.532  1698  1698 W StaticLayout: maxLineHeight should not be -1.  maxLines:7 lineCount:7
06-29 14:20:45.532  1698  1698 W StaticLayout: maxLineHeight should not be -1.  maxLines:7 lineCount:7
06-29 14:20:45.648  3919  3919 W System.err: OnCreate for MapActivity took 406 ms
06-29 14:20:45.654  5556  5571 I zygote  : WaitForGcToComplete blocked ProfileSaver on HeapTrim for 127.642ms
06-29 14:20:45.678  5576  5576 W ComponentDiscovery: Application info not found.
06-29 14:20:45.678  5576  5576 W ComponentDiscovery: Could not retrieve metadata, returning empty list of registrars.
06-29 14:20:45.688  1398  1398 D gralloc_ranchu: gralloc_alloc: Creating ashmem region of size 8298496
06-29 14:20:45.784  1409  1409 E EGL_emulation: tid 1409: eglCreateSyncKHR(1962): error 0x3004 (EGL_BAD_ATTRIBUTE)
06-29 14:20:45.789  1587  1849 W LocalDisplayAdapter: Unable to find color mode 0, ignoring request.
06-29 14:20:45.794  1472  1581 D AudioFlinger: mixer(0xa5583800) throttle end: throttle time(12)
06-29 14:20:45.798  1587  1849 I ActivityManager: Config changes=480 {1.0 310mcc260mnc [en_US] ldltr sw411dp w411dp h659dp 420dpi nrml port finger qwerty/v/v -nav/h appBounds=Rect(0, 0 - 1080, 1794) s.8}
06-29 14:20:45.840  1587  1660 I InputReader: Reconfiguring input devices.  changes=0x00000004
06-29 14:20:45.840  1587  1660 I InputReader: Device reconfigured: id=0, name='qwerty2', size 1080x1920, orientation 0, mode 1, display id 0
06-29 14:20:45.848  1587  1849 I ActivityManager: Override config changes=480 {1.0 310mcc260mnc [en_US] ldltr sw411dp w411dp h659dp 420dpi nrml port finger qwerty/v/v -nav/h appBounds=Rect(0, 0 - 1080, 1794) s.8} for displayId=0
06-29 14:20:46.002  1390  3747 W audio_hw_generic: Not supplying enough data to HAL, expected position 2607157 , only wrote 2607120
06-29 14:20:46.061  1390  3747 W audio_hw_generic: Hardware backing HAL too slow, could only write 0 of 720 frames
06-29 14:20:46.069  1390  3747 W audio_hw_generic: Hardware backing HAL too slow, could only write 0 of 720 frames
06-29 14:20:46.074  1692  1692 I DeviceStatusMonitor: onReceive() : Action = android.intent.action.CONFIGURATION_CHANGED
06-29 14:20:46.075  1692  1692 I ConfigNotification: Get device mode by ui mode:1 and smallestScreenWidthDp:411
06-29 14:20:46.075  1692  1692 I chatty  : uid=10060(com.google.android.inputmethod.latin) identical 1 line
06-29 14:20:46.076  1692  1692 I ConfigNotification: Get device mode by ui mode:1 and smallestScreenWidthDp:411
06-29 14:20:46.084  1390  3747 W audio_hw_generic: Hardware backing HAL too slow, could only write 0 of 720 frames
06-29 14:20:46.090  1472  1581 D AudioFlinger: mixer(0xa5583800) throttle end: throttle time(8)
06-29 14:20:46.098  1390  3747 W audio_hw_generic: Hardware backing HAL too slow, could only write 0 of 720 frames
06-29 14:20:46.203  1587  1612 W Looper  : Dispatch took 293ms on android.ui, h=Handler (com.android.server.am.ActivityManagerService$UiHandler) {85d0688} cb=null msg=30
06-29 14:20:46.112  1390  3747 W audio_hw_generic: Hardware backing HAL too slow, could only write 0 of 720 frames
06-29 14:20:46.226  5576  5589 I zygote  : Waiting for a blocking GC ProfileSaver
06-29 14:20:46.259  1390  3747 W audio_hw_generic: Not supplying enough data to HAL, expected position 2619416 , only wrote 2619360
06-29 14:20:46.260  1390  3747 W audio_hw_generic: Not supplying enough data to HAL, expected position 2619420 , only wrote 2619360
06-29 14:20:46.276  1390  3747 W audio_hw_generic: Not supplying enough data to HAL, expected position 2620140 , only wrote 2620080
06-29 14:20:46.298  1692  1692 I ConfigNotification: Get device mode by ui mode:1 and smallestScreenWidthDp:411
06-29 14:20:46.324  5576  5576 I Notifications: [ChimeBroadcastReceiver] Intent received for action [android.intent.action.TIMEZONE_CHANGED] package [com.google.android.play.games].
06-29 14:20:46.480  1698  1698 D StatusBar: disable<e i a s b h r c s q >
06-29 14:20:46.527  1390  3747 W audio_hw_generic: Not supplying enough data to HAL, expected position 2632101 , only wrote 2631600
06-29 14:20:46.545  3919  3919 I Choreographer: Skipped 224 frames!  The application may be doing too much work on its main thread.
06-29 14:20:46.547  1587  5594 I WifiService: acquireWifiLock uid=10014 lockMode=2
06-29 14:20:46.598  1472  1581 D AudioFlinger: mixer(0xa5583800) throttle end: throttle time(8)
06-29 14:20:46.605  1698  1926 D EGL_emulation: eglMakeCurrent: 0x9501c8c0: ver 2 0 (tinfo 0x9501f6f0)
06-29 14:20:46.648  1390  3747 W audio_hw_generic: Not supplying enough data to HAL, expected position 2637451 , only wrote 2637360
06-29 14:20:46.651  1390  3747 W audio_hw_generic: Hardware backing HAL too slow, could only write 0 of 720 frames
06-29 14:20:46.655  1480  5613 W NuPlayerRenderer: getPendingAudioPlayoutDurationUs: pendingUs -20421 < 0, clamping to zero, potential resume after pause writtenAudioDurationUs: 1208888, audioSinkPlayedUs: 1229309
06-29 14:20:46.667  1390  3747 W audio_hw_generic: Hardware backing HAL too slow, could only write 0 of 720 frames
06-29 14:20:46.683  1390  3747 W audio_hw_generic: Hardware backing HAL too slow, could only write 0 of 720 frames
06-29 14:20:46.684  1480  5613 W AudioTrack: getTimestamp() location moved from kernel to server
06-29 14:20:46.733  1398  1398 D gralloc_ranchu: gralloc_alloc: Creating ashmem region of size 487424
06-29 14:20:46.782  1390  3747 W audio_hw_generic: Not supplying enough data to HAL, expected position 2643769 , only wrote 2642400
06-29 14:20:46.813  1480  5613 W AudioTrack: retrograde timestamp position corrected, -369 = 54637 - 55006
06-29 14:20:46.846  5576  5576 W zygote  : Verification of java.util.List nuf.a() took 137.110ms
06-29 14:20:46.862  5576  5576 I Notifications: [ChimeBroadcastReceiver] Validation OK for action [android.intent.action.TIMEZONE_CHANGED].
06-29 14:20:46.865  5576  5621 I Notifications: [ChimeBroadcastReceiver] Executing action in BroadcastReceiver [android.intent.action.TIMEZONE_CHANGED].
06-29 14:20:46.919  1480  5613 W NuPlayerRenderer: getPendingAudioPlayoutDurationUs: pendingUs -963 < 0, clamping to zero, potential resume after pause writtenAudioDurationUs: 1345306, audioSinkPlayedUs: 1346269
06-29 14:20:46.949  1390  3747 W audio_hw_generic: Not supplying enough data to HAL, expected position 2650432 , only wrote 2648160
06-29 14:20:46.961  1480  5613 W AudioTrack: getTimestamp() location moved from kernel to server
06-29 14:20:46.961  1480  5613 W NuPlayerRenderer: getPendingAudioPlayoutDurationUs: pendingUs -4973 < 0, clamping to zero, potential resume after pause writtenAudioDurationUs: 1368526, audioSinkPlayedUs: 1373499
06-29 14:20:46.962  1472  1581 D AudioFlinger: mixer(0xa5583800) throttle end: throttle time(4)
06-29 14:20:47.006  1480  5613 W AudioTrack: retrograde timestamp position corrected, -61 = 58752 - 58813
06-29 14:20:47.133  3919  3919 W ResourceType: For resource 0x7f0e00c0, entry index(192) is beyond type entryCount(142)
06-29 14:20:47.133  3919  3919 W ResourceType: For resource 0x7f0e00d1, entry index(209) is beyond type entryCount(142)
06-29 14:20:47.134  3919  3919 W ResourceType: For resource 0x7f0e00cb, entry index(203) is beyond type entryCount(142)
06-29 14:20:47.139  3919  3919 W ResourceType: For resource 0x7f0e014d, entry index(333) is beyond type entryCount(142)
06-29 14:20:47.145  3919  3919 W ResourceType: For resource 0x7f0e00dd, entry index(221) is beyond type entryCount(142)
06-29 14:20:47.145  3919  3919 W ResourceType: For resource 0x7f0e00e4, entry index(228) is beyond type entryCount(142)
06-29 14:20:47.149  1692  1692 I KeyboardViewUtil: systemKeyboardHeightRatio:1.000000; userKeyboardHeightRatio:1.000000.
06-29 14:20:47.182  1480  5614 I NuPlayerDecoder: [audio] saw output EOS
06-29 14:20:47.183  1480  5613 D AudioTrack: stop() called with 84672 frames delivered
06-29 14:20:47.193  1587  5279 W ActivityManager: Slow operation: 190ms so far, now at startProcess: returned from zygote!
06-29 14:20:47.193  1587  5279 W ActivityManager: Slow operation: 191ms so far, now at startProcess: done updating battery stats
06-29 14:20:47.193  1587  5279 W ActivityManager: Slow operation: 191ms so far, now at startProcess: building log message
06-29 14:20:47.193  1587  5279 I ActivityManager: Start proc 5622:com.mapswithme.maps.pro/u0a85 for broadcast com.mapswithme.maps.pro/ru.mail.notify.core.utils.TimeChangeReceiver
06-29 14:20:47.194  1587  5279 W ActivityManager: Slow operation: 191ms so far, now at startProcess: starting to update pids map
06-29 14:20:47.194  1587  5279 W ActivityManager: Slow operation: 191ms so far, now at startProcess: done updating pids map
06-29 14:20:47.194  1587  5279 W ActivityManager: Slow operation: 193ms so far, now at startProcess: done starting proc!
06-29 14:20:47.198  1398  1398 D gralloc_ranchu: gralloc_alloc: Creating ashmem region of size 8298496
06-29 14:20:47.200  1587  1849 I ActivityManager: Killing 4812:menion.android.locus/u0a89 (adj 906): empty #17
06-29 14:20:47.202  1587  1613 W zygote  : kill(-4812, 9) failed: No such process
06-29 14:20:47.219  3919  3919 W ResourceType: For resource 0x7f0e013b, entry index(315) is beyond type entryCount(142)
06-29 14:20:47.220  3919  3919 W ResourceType: For resource 0x7f0e013b, entry index(315) is beyond type entryCount(142)
06-29 14:20:47.220  3919  3919 W ResourceType: For resource 0x7f0e010f, entry index(271) is beyond type entryCount(142)
06-29 14:20:47.229  1698  1698 W StatusBar/NavBarView: *** Invalid layout in navigation bar (sizeChanged this=126x1080 cur=1038x126)
06-29 14:20:47.237  5622  5622 W zygote  : Unexpected CPU variant for X86 using defaults: x86
06-29 14:20:47.238  3919  3919 W ResourceType: For resource 0x7f0e013b, entry index(315) is beyond type entryCount(142)
06-29 14:20:47.278  3919  3919 I chatty  : uid=10104(net.osmand) identical 47 lines
06-29 14:20:47.278  3919  3919 W ResourceType: For resource 0x7f0e013b, entry index(315) is beyond type entryCount(142)
06-29 14:20:47.282  1587  1613 W zygote  : kill(-4812, 9) failed: No such process
06-29 14:20:47.286  3919  3919 W ResourceType: For resource 0x7f0e013b, entry index(315) is beyond type entryCount(142)
06-29 14:20:47.296  3919  3919 I chatty  : uid=10104(net.osmand) identical 18 lines
06-29 14:20:47.296  3919  3919 W ResourceType: For resource 0x7f0e013b, entry index(315) is beyond type entryCount(142)
06-29 14:20:47.328  1587  1613 W zygote  : kill(-4812, 9) failed: No such process
06-29 14:20:47.328  1587  1613 I zygote  : Successfully killed process cgroup uid 10089 pid 4812 in 126ms
06-29 14:20:47.360  3919  3919 W View    : requestLayout() improperly called by android.widget.ListView{a1520ba VFED.VC.. ......ID 0,0-735,1794 #7f0803ba app:id/menuItems} during layout: running second layout pass
06-29 14:20:47.372  5576  5589 I zygote  : WaitForGcToComplete blocked ProfileSaver on HeapTrim for 1.145s
06-29 14:20:47.420  1698  1698 V MediaRouter: onRestoreRoute() : route=RouteInfo{ name=Phone, description=null, status=null, category=RouteCategory{ name=System types=ROUTE_TYPE_LIVE_AUDIO ROUTE_TYPE_LIVE_VIDEO  groupable=false }, supportedTypes=ROUTE_TYPE_LIVE_AUDIO ROUTE_TYPE_LIVE_VIDEO , presentationDisplay=null }
06-29 14:20:47.425  1698  1698 V MediaRouter: Selecting route: RouteInfo{ name=Phone, description=null, status=null, category=RouteCategory{ name=System types=ROUTE_TYPE_LIVE_AUDIO ROUTE_TYPE_LIVE_VIDEO  groupable=false }, supportedTypes=ROUTE_TYPE_LIVE_AUDIO ROUTE_TYPE_LIVE_VIDEO , presentationDisplay=null }
06-29 14:20:47.504  1390  3747 W audio_hw_generic: Not supplying enough data to HAL, expected position 2674806 , only wrote 2674800
06-29 14:20:47.565  1587  4427 W ActivityManager: Slow operation: 71ms so far, now at attachApplicationLocked: after mServices.attachApplicationLocked
06-29 14:20:47.570  1587  4427 W ActivityManager: Slow operation: 77ms so far, now at attachApplicationLocked: after sendPendingBroadcastsLocked
06-29 14:20:47.612  1480  5603 D NuPlayerDriver: notifyListener_l(0xae8252a0), (2, 0, 0, -1), loop setting(0, 0)
06-29 14:20:47.613  1587  4011 I MediaFocusControl: abandonAudioFocus() from uid/pid 10029/1698 clientId=android.media.AudioManager@1eb9e0a
06-29 14:20:47.614  1587  4427 V MediaRouterService: restoreBluetoothA2dp(false)
06-29 14:20:47.633  2583  3141 I Finsky  : [177] bgc.a(1): Received content filters request from com.google.android.play.games
06-29 14:20:47.665  1587  1618 W WindowManager: Window freeze timeout expired.
06-29 14:20:47.666  1587  1618 W WindowManager: Force clearing orientation change: Window{376e0b5 u0 NavigationBar}
06-29 14:20:47.666  1587  1618 W WindowManager: Force clearing orientation change: Window{c1994f3 u0 net.osmand/net.osmand.plus.activities.MapActivity}
06-29 14:20:47.708  1964  1964 W ChimeraUtils: Non Chimera context
06-29 14:20:47.799  1587  1618 W WindowManager: App freeze timeout expired.
06-29 14:20:47.800  1587  1618 W WindowManager: Force clearing freeze: AppWindowToken{6ab5ebe token=Token{aaece3c ActivityRecord{c1c182f u0 net.osmand/.plus.activities.MapActivity t39}}}
06-29 14:20:47.709  1964  1964 W ChimeraUtils: Non Chimera context
06-29 14:20:47.834  1964  1964 W SystemServiceRegistry: No service published for: persistent_data_block
06-29 14:20:48.006  1692  1692 I DeviceStatusMonitor: onReceive() : Action = android.intent.action.CONFIGURATION_CHANGED
06-29 14:20:48.017  1692  1692 I ConfigNotification: Get device mode by ui mode:1 and smallestScreenWidthDp:411
06-29 14:20:48.017  1692  1692 I chatty  : uid=10060(com.google.android.inputmethod.latin) identical 2 lines
06-29 14:20:48.018  1692  1692 I ConfigNotification: Get device mode by ui mode:1 and smallestScreenWidthDp:411
06-29 14:20:48.231  3919  3972 I net.osmand: MapRenderRepositories RENDER MAP: update due to tile box
06-29 14:20:48.231  3919  3972 I net.osmand: MapRenderRepositories RENDER MAP: Interrupt rendering map
06-29 14:20:48.449  1587  2436 I GnssLocationProvider: WakeLock acquired by sendMessage(SET_REQUEST, 0, com.android.server.location.GnssLocationProvider$GpsRequest@5c5a199)
06-29 14:20:48.464  3919  3971 I net.osmand: MapRenderRepositories RENDER MAP: new request RotatedTileBox [lat=4.613399505565385E-4, lon=-51.06062293052673, rotate=0.0, density=2.625, zoom=17, mapDensity=3.9375, zoomAnimation=0.0, zoomFloatPart=0.0, cx=1495, cy=762, pixWidth=2990, pixHeight=1525]
06-29 14:20:48.546  1698  1698 I Choreographer: Skipped 119 frames!  The application may be doing too much work on its main thread.
06-29 14:20:48.548  1698  1698 I zygote  : Deoptimizing void com.android.systemui.qs.TileLayout.onMeasure(int, int) due to JIT inline cache
06-29 14:20:48.612  3919  3919 D net.osmand: Disable sensor
06-29 14:20:48.673  3919  3919 I net.osmand: MapRenderRepositories RENDER MAP: Interrupt rendering map
06-29 14:20:48.691  3919  3919 D InAppPurchaseHelper: Destroying helper.
06-29 14:20:48.751  1390  3747 W audio_hw_generic: Not supplying enough data to HAL, expected position 2734613 , only wrote 2734560
06-29 14:20:48.765  1409  1655 E SurfaceFlinger: Failed to find layer (SurfaceView - net.osmand/net.osmand.plus.activities.MapActivity#0) in layer parent (no-parent).
06-29 14:20:48.767  1409  1882 E SurfaceFlinger: Failed to find layer (Background for - SurfaceView - net.osmand/net.osmand.plus.activities.MapActivity#0) in layer parent (no-parent).
06-29 14:20:48.918  3919  3919 W ResourceType: For resource 0x7f0e01c4, entry index(452) is beyond type entryCount(142)
06-29 14:20:48.918  3919  3919 W ResourceType: For resource 0x7f0e01c4, entry index(452) is beyond type entryCount(142)
06-29 14:20:48.918  3919  3919 W ResourceType: For resource 0x7f0e0183, entry index(387) is beyond type entryCount(142)
06-29 14:20:48.918  3919  3919 W ResourceType: For resource 0x7f0e0187, entry index(391) is beyond type entryCount(142)
06-29 14:20:48.918  3919  3919 W ResourceType: For resource 0x7f0e0185, entry index(389) is beyond type entryCount(142)
06-29 14:20:48.919  3919  3919 W ResourceType: For resource 0x7f0e015d, entry index(349) is beyond type entryCount(142)
06-29 14:20:48.919  3919  3919 W ResourceType: For resource 0x7f0e0195, entry index(405) is beyond type entryCount(142)
06-29 14:20:48.919  3919  3919 W ResourceType: For resource 0x7f0e016c, entry index(364) is beyond type entryCount(142)
06-29 14:20:48.925  1698  1698 W StaticLayout: maxLineHeight should not be -1.  maxLines:7 lineCount:7
06-29 14:20:48.926  1698  1698 W StaticLayout: maxLineHeight should not be -1.  maxLines:7 lineCount:7
06-29 14:20:48.933  3919  3919 W ResourceType: For resource 0x7f0e0163, entry index(355) is beyond type entryCount(142)
06-29 14:20:48.933  3919  3919 W ResourceType: For resource 0x7f0e00db, entry index(219) is beyond type entryCount(142)
06-29 14:20:48.933  3919  3919 W ResourceType: For resource 0x7f0e0193, entry index(403) is beyond type entryCount(142)
06-29 14:20:48.934  3919  3919 W ResourceType: For resource 0x7f0e016f, entry index(367) is beyond type entryCount(142)
06-29 14:20:48.934  3919  3919 W ResourceType: For resource 0x7f0e0161, entry index(353) is beyond type entryCount(142)
06-29 14:20:48.934  3919  3919 W ResourceType: For resource 0x7f0e0170, entry index(368) is beyond type entryCount(142)
06-29 14:20:48.935  3919  3919 W ResourceType: For resource 0x7f0e0174, entry index(372) is beyond type entryCount(142)
06-29 14:20:48.935  3919  3919 I chatty  : uid=10104(net.osmand) identical 2 lines
06-29 14:20:48.935  3919  3919 W ResourceType: For resource 0x7f0e0174, entry index(372) is beyond type entryCount(142)
06-29 14:20:48.935  3919  3919 W ResourceType: For resource 0x7f0e0177, entry index(375) is beyond type entryCount(142)
06-29 14:20:48.935  3919  3919 W ResourceType: For resource 0x7f0e0160, entry index(352) is beyond type entryCount(142)
06-29 14:20:48.935  3919  3919 W ResourceType: For resource 0x7f0e0199, entry index(409) is beyond type entryCount(142)
06-29 14:20:48.935  3919  3919 W ResourceType: For resource 0x7f0e017e, entry index(382) is beyond type entryCount(142)
06-29 14:20:48.935  3919  3919 W ResourceType: For resource 0x7f0e017f, entry index(383) is beyond type entryCount(142)
06-29 14:20:48.935  3919  3919 W ResourceType: For resource 0x7f0e0196, entry index(406) is beyond type entryCount(142)
06-29 14:20:48.935  3919  3919 W ResourceType: For resource 0x7f0e0197, entry index(407) is beyond type entryCount(142)
06-29 14:20:48.935  3919  3919 W ResourceType: For resource 0x7f0e0140, entry index(320) is beyond type entryCount(142)
06-29 14:20:48.935  3919  3919 W ResourceType: For resource 0x7f0e00e7, entry index(231) is beyond type entryCount(142)
06-29 14:20:48.935  3919  3919 W ResourceType: For resource 0x7f0e0194, entry index(404) is beyond type entryCount(142)
06-29 14:20:48.936  3919  3919 W ResourceType: For resource 0x7f0e01a5, entry index(421) is beyond type entryCount(142)
06-29 14:20:48.936  3919  3919 W ResourceType: For resource 0x7f0e017d, entry index(381) is beyond type entryCount(142)
06-29 14:20:48.936  3919  3919 W ResourceType: For resource 0x7f0e017b, entry index(379) is beyond type entryCount(142)
06-29 14:20:48.936  3919  3919 W ResourceType: For resource 0x7f0e010f, entry index(271) is beyond type entryCount(142)
06-29 14:20:48.936  3919  3919 W ResourceType: For resource 0x7f0e00f8, entry index(248) is beyond type entryCount(142)
06-29 14:20:48.936  3919  3919 W ResourceType: For resource 0x7f0e010f, entry index(271) is beyond type entryCount(142)
06-29 14:20:48.936  3919  3919 W ResourceType: For resource 0x7f0e0122, entry index(290) is beyond type entryCount(142)
06-29 14:20:48.937  3919  3919 W ResourceType: For resource 0x7f0e010b, entry index(267) is beyond type entryCount(142)
06-29 14:20:48.937  3919  3919 W ResourceType: For resource 0x7f0e010c, entry index(268) is beyond type entryCount(142)
06-29 14:20:48.937  3919  3919 W ResourceType: For resource 0x7f0e01ad, entry index(429) is beyond type entryCount(142)
06-29 14:20:48.937  3919  3919 W ResourceType: For resource 0x7f0e01ac, entry index(428) is beyond type entryCount(142)
06-29 14:20:48.938  5576  5610 I zygote  : Deoptimizing java.lang.Object we.put(java.lang.Object, java.lang.Object) due to JIT inline cache
06-29 14:20:48.970  3919  3919 W ResourceType: For resource 0x7f0e01c4, entry index(452) is beyond type entryCount(142)
06-29 14:20:48.970  3919  3919 W ResourceType: For resource 0x7f0e01c4, entry index(452) is beyond type entryCount(142)
06-29 14:20:48.970  3919  3919 W ResourceType: For resource 0x7f0e0183, entry index(387) is beyond type entryCount(142)
06-29 14:20:48.970  3919  3919 W ResourceType: For resource 0x7f0e0187, entry index(391) is beyond type entryCount(142)
06-29 14:20:48.970  3919  3919 W ResourceType: For resource 0x7f0e0185, entry index(389) is beyond type entryCount(142)
06-29 14:20:48.971  3919  3919 W ResourceType: For resource 0x7f0e015d, entry index(349) is beyond type entryCount(142)
06-29 14:20:48.971  3919  3919 W ResourceType: For resource 0x7f0e0195, entry index(405) is beyond type entryCount(142)
06-29 14:20:48.971  3919  3919 W ResourceType: For resource 0x7f0e016c, entry index(364) is beyond type entryCount(142)
06-29 14:20:48.971  3919  3919 W ResourceType: For resource 0x7f0e0163, entry index(355) is beyond type entryCount(142)
06-29 14:20:48.971  3919  3919 W ResourceType: For resource 0x7f0e00db, entry index(219) is beyond type entryCount(142)
