06-29 10:36:22.871  3472  3472 I net.osmand: RoutingHelper Recalculate route, because correlation  : 185432.72456294097
06-29 10:36:23.623  3472  3472 I chatty  : uid=10104(net.osmand) identical 1 line
06-29 10:36:23.635  3472  3472 I net.osmand: RoutingHelper Recalculate route, because correlation  : 185432.72456294097
06-29 10:36:23.635  3472  3472 I net.osmand: RoutingHelper Recalculate route, because wrong movement direction: 185432.72
06-29 10:36:24.124  3472  3472 I net.osmand: RoutingHelper Recalculate route, because correlation  : 185408.7327002473
06-29 10:36:24.125  3472  3472 I net.osmand: RoutingHelper Recalculate route, because wrong movement direction: 185408.73
06-29 10:36:24.168  3472  3472 I net.osmand: RoutingHelper Recalculate route, because correlation  : 185408.7327002473
06-29 10:36:24.232  3472  3496 I net.osmand: MapRenderRepositories RENDER MAP: update due to tile box
06-29 10:36:24.232  3472  3496 I net.osmand: MapRenderRepositories RENDER MAP: Interrupt rendering map
06-29 10:36:24.412  3472  3495 I net.osmand: MapRenderRepositories RENDER MAP: new request RotatedTileBox [lat=-7.22635, lon=-35.898705, rotate=0.0, density=2.625, zoom=17, mapDensity=3.9375, zoomAnimation=0.0, zoomFloatPart=0.0, cx=900, cy=1972, pixWidth=1800, pixHeight=2690]
06-29 10:36:24.466  3472  3495 I net.osmand:native: Route objects 72
06-29 10:36:24.466  3472  3495 I net.osmand:native: Ocean: no completed & incompleted coastlines 0
06-29 10:36:24.466  3472  3495 I net.osmand:native: Detailed coastlines = 0, basemap coastlines 0, ocean tile 0.000000. Detailed added 0, basemap processed 1, basemap added 0.
06-29 10:36:24.466  3472  3495 I net.osmand:native: Search : tree - read( 500), accept( 42), objs - visit( 2717), accept(103), in result(72) 
06-29 10:36:24.467  3472  3495 I net.osmand: MapRenderRepositories BLat=-7.228656959533692, TLat=-7.220648574829101, LLong=-35.901153564453125, RLong=-35.8962516784668, zoom=17
06-29 10:36:24.467  3472  3495 I net.osmand: MapRenderRepositories Native search: 55 ms 
06-29 10:36:24.477  3472  3495 I net.osmand:native: Creating SkBitmap in native w:1800 h:2690 s:7200 f:1!
06-29 10:36:24.477  3472  3495 I net.osmand:native: Row bytes for RGBA_8888 is 7200
06-29 10:36:24.478  3472  3495 I net.osmand:native: Locked 19368000 bytes at 0x69700000
06-29 10:36:24.479  3472  3495 I net.osmand:native: Initializing rendering
06-29 10:36:24.482  3472  3495 I net.osmand:native: Rendering image
06-29 10:36:24.614  3472  3472 I net.osmand: RoutingHelper Recalculate route, because correlation  : 185408.7327002473
06-29 10:36:24.642  3472  3472 I net.osmand: RoutingHelper Recalculate route, because correlation  : 185408.7327002473
06-29 10:36:24.642  3472  3472 I net.osmand: RoutingHelper Recalculate route, because wrong movement direction: 185408.73
06-29 10:36:24.956  1600  2105 I WifiService: getConnectionInfo uid=10014
06-29 10:36:25.000  1600  1609 I zygote  : ThreadFlipBegin blocked for 20.661ms
06-29 10:36:25.005  1600  1863 I zygote  : IncrementDisableThreadFlip blocked for 6.375ms
06-29 10:36:25.006  1600  2105 I zygote  : IncrementDisableThreadFlip blocked for 7.736ms
06-29 10:36:25.031  1964 13007 E WakeLock: GCM_HB_ALARM release without a matched acquire!
06-29 10:36:25.316  3472  3495 I net.osmand:native: Native ok (rendering 2, text 725 ms) 
06-29 10:36:25.316  3472  3495 I net.osmand:native:  (2340 points, 325 points inside, 126 of 151 objects visible)
06-29 10:36:25.317  3472  3495 I net.osmand:native: End Rendering image
06-29 10:36:25.317  3472  3495 I net.osmand:native: Native ok (init 1, rendering 2) 
06-29 10:36:25.361  3472  3495 I net.osmand: MapRenderRepositories true
06-29 10:36:25.681  3472  3472 I net.osmand: RoutingHelper Recalculate route, because correlation  : 185408.7327002473
06-29 10:36:25.863  3472  3472 I net.osmand: RoutingHelper Recalculate route, because correlation  : 185408.7327002473
06-29 10:36:25.865  3472  3472 I net.osmand: RoutingHelper Recalculate route, because wrong movement direction: 185408.73
06-29 10:36:25.871  3472  3472 I net.osmand: RoutingHelper Recalculate route, because correlation  : 185384.74099174017
06-29 10:36:25.871  3472  3472 I net.osmand: RoutingHelper Recalculate route, because wrong movement direction: 185384.73
06-29 10:36:25.983  3472  3472 I net.osmand: RoutingHelper Recalculate route, because correlation  : 185384.74099174017
06-29 10:36:26.216  1600  1609 I zygote  : Background concurrent copying GC freed 53111(2MB) AllocSpace objects, 11(476KB) LOS objects, 29% free, 14MB/20MB, paused 1.326ms total 1.306s
06-29 10:36:26.758  3472  3472 I net.osmand: RoutingHelper Recalculate route, because correlation  : 185384.74099174017
06-29 10:36:26.768  3472  3472 I net.osmand: RoutingHelper Recalculate route, because correlation  : 185384.74099174017
06-29 10:36:26.768  3472  3472 I net.osmand: RoutingHelper Recalculate route, because wrong movement direction: 185384.73
06-29 10:36:27.484  3472  3482 I zygote  : Background concurrent copying GC freed 317838(7MB) AllocSpace objects, 0(0B) LOS objects, 20% free, 23MB/29MB, paused 26.226ms total 1.675s
06-29 10:36:27.635  3472  3472 I net.osmand: RoutingHelper Recalculate route, because correlation  : 185384.74099174017
06-29 10:36:27.757  3472  3472 I net.osmand: RoutingHelper Recalculate route, because correlation  : 185384.74099174017
06-29 10:36:27.757  3472  3472 I net.osmand: RoutingHelper Recalculate route, because wrong movement direction: 185384.73
06-29 10:36:27.764  1964  2247 I GeofencerStateMachine: addGeofences called by com.google.android.apps.maps
06-29 10:36:28.058  1600  1863 I GnssLocationProvider: WakeLock acquired by sendMessage(SET_REQUEST, 0, com.android.server.location.GnssLocationProvider$GpsRequest@a6b3203)
06-29 10:36:28.071  1600  1613 I GnssLocationProvider: WakeLock released by handleMessage(SET_REQUEST, 0, com.android.server.location.GnssLocationProvider$GpsRequest@a6b3203)
06-29 10:36:28.166  1964  1964 I GeofencerStateMachine: sendNewTransitions called.
06-29 10:36:28.212  1964  1964 I GeofencerStateMachine: sendNewLocationAvailability: availability=LocationAvailability[isLocationAvailable: true]
06-29 10:36:28.229  1964  1984 I zygote  : Waiting for a blocking GC ProfileSaver
06-29 10:36:28.493  1600  1863 I GnssLocationProvider: WakeLock acquired by sendMessage(SET_REQUEST, 0, com.android.server.location.GnssLocationProvider$GpsRequest@b64eb5f)
06-29 10:36:28.493  1600  1613 I GnssLocationProvider: WakeLock released by handleMessage(SET_REQUEST, 0, com.android.server.location.GnssLocationProvider$GpsRequest@b64eb5f)
06-29 10:36:28.608  1600  2662 I WifiService: getWifiEnabledState uid=10062
06-29 10:36:28.640  3472  3472 I net.osmand: RoutingHelper Recalculate route, because correlation  : 185384.74099174017
06-29 10:36:28.649  3472  3472 I net.osmand: RoutingHelper Recalculate route, because correlation  : 185384.74099174017
06-29 10:36:28.649  3472  3472 I net.osmand: RoutingHelper Recalculate route, because wrong movement direction: 185384.73
06-29 10:36:28.653  1964  1964 I GeofencerStateMachine: sendNewLocationAvailability: availability=LocationAvailability[isLocationAvailable: true]
06-29 10:36:28.669  1964  1964 I GeofencerStateMachine: sendNewLocationAvailability: availability=LocationAvailability[isLocationAvailable: true]
06-29 10:36:28.710  3472  3472 I net.osmand: TTSCommandPlayerImpl Send message to pebble ateno!  Cruzamento de linha frrea 
06-29 10:36:28.710  3472  3472 D net.osmand: AbstractPrologCommandPlayer requestAudioFocus
06-29 10:36:28.710  3472  3472 W AudioManager: Use of stream types is deprecated for operations other than volume control
06-29 10:36:28.710  3472  3472 W AudioManager: See the documentation of requestAudioFocus() for what to use instead with android.media.AudioAttributes to qualify your playback use case
06-29 10:36:28.711  1600  3913 I MediaFocusControl: requestAudioFocus() from uid/pid 10104/3472 clientId=android.media.AudioManager@d05fab5net.osmand.plus.api.AudioFocusHelperImpl@8500889 callingPack=net.osmand req=3 flags=0x0 sdk=26
06-29 10:36:28.711  3472  3472 D net.osmand: TTSCommandPlayerImpl ttsRequests=1
06-29 10:36:28.713  5191  5280 I TTS.GoogleTTSServiceImp: Synthesis request for locale por-BRA and name pt-BR-language
06-29 10:36:28.715  5191  5280 I TTS.GoogleTTSServiceImp: TTS dispatch: pt-br-x-afs-lstm-embedded
06-29 10:36:28.729  5191  5294 D AudioTrack: Client defaulted notificationFrames to 1365 for frameCount 4096
06-29 10:35:41.190  1600  1863 I chatty  : uid=1000(system) Binder:1600_6 identical 1 line
06-29 10:35:44.323  1600  1863 V MediaRouterService: restoreBluetoothA2dp(false)
06-29 10:36:28.742  1600  6125 V MediaRouterService: restoreBluetoothA2dp(false)
06-29 10:36:28.760  1390  2659 W audio_hw_generic: Not supplying enough data to HAL, expected position 54455169 , only wrote 54455040
06-29 10:36:28.867  1964  1978 I zygote  : Background concurrent copying GC freed 117087(5MB) AllocSpace objects, 11(848KB) LOS objects, 37% free, 9MB/15MB, paused 1.349ms total 1.190s
06-29 10:36:28.869  1964  1984 I zygote  : WaitForGcToComplete blocked ProfileSaver on ProfileSaver for 639.953ms
