07-05 12:57:32.363  1604  1617 E memtrack: Couldn't load memtrack module
07-05 12:57:32.363  1604  1617 W android.os.Debug: failed to get memory consumption info: -1
07-05 12:57:32.482  1604  1617 E memtrack: Couldn't load memtrack module
07-05 12:57:32.482  1604  1617 W android.os.Debug: failed to get memory consumption info: -1
07-05 12:57:33.158  1604  6773 I WifiService: acquireWifiLock uid=10014 lockMode=2
07-05 12:57:33.313  1604  5450 I WifiService: releaseWifiLock uid=10014
07-05 12:57:35.067  1410  1410 I boot-pipe: done populating /dev/random
07-05 12:57:38.928  1403  1418 D hwcomposer: hw_composer sent 60 syncs in 63s
07-05 12:57:38.968 28496 28496 I chatty  : uid=10104(net.osmand) expire 19 lines
07-05 12:57:40.401 28496  6545 I chatty  : uid=10104(net.osmand) expire 4 lines
07-05 12:57:40.401 28496 28521 I chatty  : uid=10104(net.osmand) RenderingBaseIm expire 12 lines
07-05 12:57:40.567 28496 28509 I chatty  : uid=10104(net.osmand) Profile Saver expire 2 lines
07-05 12:57:41.144 28496 28520 I chatty  : uid=10104(net.osmand) Loader map obje expire 96 lines
07-05 12:57:41.967  1604  2952 D NetworkMonitor/NetworkAgentInfo [WIFI () - 101]: PROBE_FALLBACK http://www.google.com/gen_204 Probe failed with exception java.net.SocketTimeoutException: failed to connect to www.google.com/2800:3f0:4001:801::2004 (port 80) from /fec0::1587:c5fa:9b19:7831 (port 60665) after 10000ms
07-05 12:57:41.968  1604  1682 D ConnectivityService: NetworkAgentInfo [WIFI () - 101] validation passed
07-05 12:57:42.940 28496 28496 I chatty  : uid=10104(net.osmand) expire 59 lines
07-05 12:57:43.998 28496 28506 I chatty  : uid=10104(net.osmand) HeapTaskDaemon expire 9 lines
07-05 12:57:44.097 28496 28521 I chatty  : uid=10104(net.osmand) RenderingBaseIm expire 28 lines
07-05 12:57:44.393 28496  6545 I chatty  : uid=10104(net.osmand) expire 8 lines
07-05 12:57:51.986  1970  6535 E WakeLock: GCM_HB_ALARM release without a matched acquire!
07-05 12:57:51.986  1970  6535 W WakeLock: GCM_HB_ALARM counter does not exist
07-05 12:57:53.016 28496 28520 I chatty  : uid=10104(net.osmand) Loader map obje expire 51 lines
07-05 12:57:54.162  1604  1678 W AlarmManager: Unrecognized alarm listener com.android.server.wifi.WifiConfigStore$1@223dfff
07-05 12:57:54.204  1604  1678 D WifiConfigStore: Writing to stores completed in 41 ms.
07-05 12:57:54.296  1604  2501 I WifiService: acquireWifiLock uid=10014 lockMode=2
07-05 12:57:54.888 28496 28496 I chatty  : uid=10104(net.osmand) expire 12 lines
07-05 12:57:55.312 28496 28521 I chatty  : uid=10104(net.osmand) RenderingBaseIm expire 38 lines
07-05 12:57:56.718  1604  1613 I zygote  : Background concurrent copying GC freed 68072(2MB) AllocSpace objects, 16(832KB) LOS objects, 5% free, 101MB/107MB, paused 2.965ms total 2.336s
07-05 12:57:56.798 28496 28520 I chatty  : uid=10104(net.osmand) Loader map obje expire 132 lines
07-05 12:57:56.805 28496 28506 I chatty  : uid=10104(net.osmand) HeapTaskDaemon expire 8 lines
07-05 12:57:56.909 28496 28496 I chatty  : uid=10104(net.osmand) expire 61 lines
07-05 12:57:57.315  1604  3883 D WificondControl: Scan result ready event
07-05 12:57:57.358  1604  9404 I WifiService: releaseWifiLock uid=10014
07-05 12:57:58.175 28496  6545 I chatty  : uid=10104(net.osmand) expire 13 lines
07-05 12:57:58.312  1604  2501 I MediaFocusControl: requestAudioFocus() from uid/pid 10104/28496 clientId=android.media.AudioManager@9796e46net.osmand.plus.api.AudioFocusHelperImpl@403a5d2 callingPack=net.osmand req=3 flags=0x0 sdk=26
07-05 12:57:58.315  4639 28593 I TTS.GoogleTTSServiceImp: Synthesis request for locale por-BRA and name pt-BR-language
07-05 12:57:58.320  4639 28593 I TTS.GoogleTTSServiceImp: TTS dispatch: pt-br-x-afs-lstm-embedded
07-05 12:57:58.553  4639 28594 D AudioTrack: Client defaulted notificationFrames to 1365 for frameCount 4096
07-05 12:57:58.574  1604  2501 V MediaRouterService: restoreBluetoothA2dp(false)
07-05 12:57:58.584  1394  3176 W audio_hw_generic: Not supplying enough data to HAL, expected position 783193046 , only wrote 783192960
07-05 12:57:59.348  1477  1572 D AudioFlinger: mixer(0xac983140) throttle end: throttle time(5)
07-05 12:57:59.440  1394  3176 W audio_hw_generic: Not supplying enough data to HAL, expected position 783234043 , only wrote 783234000
07-05 12:57:59.450  1477  1572 D AudioFlinger: mixer(0xac983140) throttle end: throttle time(10)
07-05 12:57:59.706  1604  1621 E BatteryExternalStatsWorker: modem info is invalid: ModemActivityInfo{ mTimestamp=0 mSleepTimeMs=0 mIdleTimeMs=0 mTxTimeMs[]=[0, 0, 0, 0, 0] mRxTimeMs=0 mEnergyUsed=0}
07-05 12:58:03.878 28496  6554 I chatty  : uid=10104(net.osmand) expire 4 lines
07-05 12:58:05.775  4639 28593 I TTS.GoogleTTSServiceImp: Synthesis request for locale por-BRA and name pt-BR-language
07-05 12:58:05.780  4639 28593 I TTS.GoogleTTSServiceImp: TTS dispatch: pt-br-x-afs-lstm-embedded
07-05 12:58:05.862 28496 28521 I chatty  : uid=10104(net.osmand) RenderingBaseIm expire 6 lines
07-05 12:58:05.931  4639  4649 I zygote  : Background concurrent copying GC freed 16943(3MB) AllocSpace objects, 0(0B) LOS objects, 49% free, 5MB/11MB, paused 2.586ms total 225.056ms
07-05 12:58:06.505  4639 28594 D AudioTrack: stop() called with 171490 frames delivered
07-05 12:58:06.506  1604  3712 V MediaRouterService: restoreBluetoothA2dp(false)
07-05 12:58:06.511 28496 28543 I chatty  : uid=10104(net.osmand) Binder:28496_3 expire 3 lines
07-05 12:58:06.512  4639 28594 D AudioTrack: Client defaulted notificationFrames to 1365 for frameCount 4096
07-05 12:58:06.527  1604  6773 V MediaRouterService: restoreBluetoothA2dp(false)
07-05 12:58:07.869 28496 28496 I chatty  : uid=10104(net.osmand) expire 60 lines
07-05 12:58:07.885 28496 28520 I chatty  : uid=10104(net.osmand) Loader map obje expire 147 lines
07-05 12:58:07.997 28496 28521 I chatty  : uid=10104(net.osmand) RenderingBaseIm expire 38 lines
07-05 12:58:08.305  1394  3176 W audio_hw_generic: Not supplying enough data to HAL, expected position 783659523 , only wrote 783659520
07-05 12:58:08.306  1394  3176 W audio_hw_generic: Not supplying enough data to HAL, expected position 783659551 , only wrote 783659520
07-05 12:58:08.322  1394  3176 W audio_hw_generic: Not supplying enough data to HAL, expected position 783660292 , only wrote 783660240
07-05 12:58:08.375  1477  1572 D AudioFlinger: mixer(0xac983140) throttle end: throttle time(2)
07-05 12:58:08.661  4639 28594 D AudioTrack: stop() called with 45980 frames delivered
07-05 12:58:08.665  1604  3712 V MediaRouterService: restoreBluetoothA2dp(false)
07-05 12:58:08.675  1604  6773 I MediaFocusControl: abandonAudioFocus() from uid/pid 10104/28496 clientId=android.media.AudioManager@9796e46net.osmand.plus.api.AudioFocusHelperImpl@403a5d2
07-05 12:58:09.368 28496 28506 I chatty  : uid=10104(net.osmand) HeapTaskDaemon expire 11 lines
07-05 12:58:09.478  1394  3176 W audio_hw_generic: Not supplying enough data to HAL, expected position 783715720 , only wrote 783715680
07-05 12:58:09.561  1394  3176 W audio_hw_generic: Not supplying enough data to HAL, expected position 783719653 , only wrote 783718560
07-05 12:58:09.561  1394  3176 W audio_hw_generic: Not supplying enough data to HAL, expected position 783718575 , only wrote 783718560
07-05 12:58:09.576  1394  3176 W audio_hw_generic: Not supplying enough data to HAL, expected position 783719301 , only wrote 783719280
07-05 12:58:11.679  1394  1575 W audio_hw_generic: Not supplying enough data to HAL, expected position 783919957 , only wrote 783820080
07-05 12:58:12.328  1970  1980 I zygote  : Background concurrent copying GC freed 167826(7MB) AllocSpace objects, 39(2MB) LOS objects, 36% free, 10MB/16MB, paused 1.218ms total 437.115ms
07-05 12:58:14.327  1604  9404 I WifiService: acquireWifiLock uid=10014 lockMode=2
07-05 12:58:14.468  1604  3883 I WifiService: releaseWifiLock uid=10014
07-05 12:58:18.850 28496 28520 I chatty  : uid=10104(net.osmand) Loader map obje expire 132 lines
07-05 12:58:18.925 28496 28496 I chatty  : uid=10104(net.osmand) expire 63 lines
07-05 12:58:19.620 28496 28521 I chatty  : uid=10104(net.osmand) RenderingBaseIm expire 46 lines
07-05 12:58:22.557  1604  1621 I WifiService: requestActivityInfo uid=1000
07-05 12:58:22.557  1604  1621 I WifiService: reportActivityInfo uid=1000
07-05 12:58:22.557  1604  1621 I WifiService: getSupportedFeatures uid=1000
07-05 12:58:22.811 28496 28506 I chatty  : uid=10104(net.osmand) HeapTaskDaemon expire 7 lines
07-05 12:58:29.775 28496  6554 I chatty  : uid=10104(net.osmand) expire 14 lines
07-05 12:58:30.836 28496 28520 I chatty  : uid=10104(net.osmand) Loader map obje expire 143 lines
07-05 12:58:30.978 28496 28496 I chatty  : uid=10104(net.osmand) expire 61 lines
07-05 12:58:31.366 28496 28521 I chatty  : uid=10104(net.osmand) RenderingBaseIm expire 35 lines
07-05 12:58:31.905  1604  1621 I WifiService: requestActivityInfo uid=1000
07-05 12:58:31.905  1604  1621 I WifiService: reportActivityInfo uid=1000
07-05 12:58:31.905  1604  1621 I WifiService: getSupportedFeatures uid=1000
07-05 12:58:32.397 28496 28506 I chatty  : uid=10104(net.osmand) HeapTaskDaemon expire 10 lines
07-05 12:58:34.342  1604  7927 I WifiService: acquireWifiLock uid=10014 lockMode=2
07-05 12:58:35.068  1410  1410 I boot-pipe: done populating /dev/random
07-05 12:58:37.375  1604  7927 D WificondControl: Scan result ready event
07-05 12:58:37.379  1760  1760 I wpa_supplicant: nl80211: send_and_recv->nl_recvmsgs failed: -33
07-05 12:58:37.417  1604  3883 I WifiService: releaseWifiLock uid=10014
07-05 12:58:41.885 28496 28521 I chatty  : uid=10104(net.osmand) RenderingBaseIm expire 33 lines
07-05 12:58:41.964 28496 28496 I chatty  : uid=10104(net.osmand) expire 62 lines
07-05 12:58:42.023 28496 28520 I chatty  : uid=10104(net.osmand) Loader map obje expire 137 lines
07-05 12:58:46.915  1604  1621 I WifiService: requestActivityInfo uid=1000
07-05 12:58:46.915  1604  1621 I WifiService: reportActivityInfo uid=1000
07-05 12:58:46.915  1604  1621 I WifiService: getSupportedFeatures uid=1000
07-05 12:58:47.970 28496 28506 I chatty  : uid=10104(net.osmand) HeapTaskDaemon expire 4 lines
07-05 12:58:48.998 28496  6554 I chatty  : uid=10104(net.osmand) expire 13 lines
07-05 12:58:52.088  1604  1604 W NotificationService: Removed summary didn't match old notification: old=0|net.osmand|100|null|10104, removed=0|net.osmand|100|null|10104
07-05 12:58:52.283 28496  6567 I chatty  : uid=10104(net.osmand) expire 10 lines
07-05 12:58:52.599 28496 28520 I chatty  : uid=10104(net.osmand) Loader map obje expire 151 lines
07-05 12:58:53.031 28496 28496 I chatty  : uid=10104(net.osmand) expire 40 lines
07-05 12:58:53.775 28496 28506 I chatty  : uid=10104(net.osmand) HeapTaskDaemon expire 7 lines
07-05 12:58:54.181  1604  6773 I MediaFocusControl: requestAudioFocus() from uid/pid 10104/28496 clientId=android.media.AudioManager@9796e46net.osmand.plus.api.AudioFocusHelperImpl@e8e8ee2 callingPack=net.osmand req=3 flags=0x0 sdk=26
07-05 12:58:54.184  4639 28593 I TTS.GoogleTTSServiceImp: Synthesis request for locale por-BRA and name pt-BR-language
07-05 12:58:54.185  4639 28593 I TTS.GoogleTTSServiceImp: TTS dispatch: pt-br-x-afs-lstm-embedded
07-05 12:58:54.216  4639 28594 D AudioTrack: Client defaulted notificationFrames to 1365 for frameCount 4096
07-05 12:58:52.313  1604  1604 W NotificationService: Removed summary didn't match old notification: old=0|net.osmand|100|null|10104, removed=0|net.osmand|100|null|10104
07-05 12:58:54.245  1604  3712 V MediaRouterService: restoreBluetoothA2dp(false)
07-05 12:58:54.248  1394  3176 W audio_hw_generic: Not supplying enough data to HAL, expected position 783820198 , only wrote 783820080
07-05 12:58:54.515 28496 28521 I chatty  : uid=10104(net.osmand) RenderingBaseIm expire 45 lines
07-05 12:58:54.789  1707  1729 I zygote  : Background concurrent copying GC freed 135835(5MB) AllocSpace objects, 0(0B) LOS objects, 43% free, 7MB/13MB, paused 1.669ms total 563.498ms
07-05 12:58:55.020  1604  1621 I WifiService: requestActivityInfo uid=1000
07-05 12:58:55.020  1604  1621 I WifiService: reportActivityInfo uid=1000
07-05 12:58:55.020  1604  1621 I WifiService: getSupportedFeatures uid=1000
07-05 12:58:55.574  1604  9404 I WifiService: acquireWifiLock uid=10014 lockMode=2
07-05 12:58:55.793  1604  6773 I WifiService: releaseWifiLock uid=10014
07-05 12:58:56.209  4639 28594 D AudioTrack: stop() called with 40810 frames delivered
07-05 12:58:56.210  1604  3883 V MediaRouterService: restoreBluetoothA2dp(false)
07-05 12:58:56.441 28496 28617 I chatty  : uid=10104(net.osmand) Binder:28496_5 expire 2 lines
07-05 12:58:56.442  1604  6773 I MediaFocusControl: abandonAudioFocus() from uid/pid 10104/28496 clientId=android.media.AudioManager@9796e46net.osmand.plus.api.AudioFocusHelperImpl@e8e8ee2
07-05 12:58:56.573  1970  6573 E WorkSourceUtil: Could not find package: com.google.android.gms.stats.eastworld
07-05 12:58:58.314  1604  9404 D WificondControl: Scan result ready event
07-05 12:58:59.244  1394  1575 W audio_hw_generic: Not supplying enough data to HAL, expected position 784298166 , only wrote 784059840
07-05 12:59:00.299  1604  1617 E memtrack: Couldn't load memtrack module
07-05 12:59:00.305  1604  1617 W android.os.Debug: failed to get memory consumption info: -1
07-05 12:59:01.034  1604  1613 I zygote  : Background concurrent copying GC freed 102569(3MB) AllocSpace objects, 26(1352KB) LOS objects, 5% free, 102MB/108MB, paused 27.983ms total 679.016ms
07-05 12:59:01.127  1604  1617 E memtrack: Couldn't load memtrack module
07-05 12:59:01.128  1604  1617 W android.os.Debug: failed to get memory consumption info: -1
07-05 12:59:08.110 28496 28521 I chatty  : uid=10104(net.osmand) RenderingBaseIm expire 37 lines
07-05 12:59:08.173 28496 28520 I chatty  : uid=10104(net.osmand) Loader map obje expire 144 lines
07-05 12:59:08.337 28496 28506 I chatty  : uid=10104(net.osmand) HeapTaskDaemon expire 8 lines
07-05 12:59:08.904 28496 28496 I chatty  : uid=10104(net.osmand) expire 31 lines
07-05 12:59:09.000 28496  6567 I chatty  : uid=10104(net.osmand) expire 8 lines
07-05 12:59:09.131  1604  2501 I MediaFocusControl: requestAudioFocus() from uid/pid 10104/28496 clientId=android.media.AudioManager@9796e46net.osmand.plus.api.AudioFocusHelperImpl@ce162f4 callingPack=net.osmand req=3 flags=0x0 sdk=26
07-05 12:59:09.134  4639 28593 I TTS.GoogleTTSServiceImp: Synthesis request for locale por-BRA and name pt-BR-language
07-05 12:59:09.136  4639 28593 I TTS.GoogleTTSServiceImp: TTS dispatch: pt-br-x-afs-lstm-embedded
07-05 12:59:09.246  4639 28594 D AudioTrack: Client defaulted notificationFrames to 1365 for frameCount 4096
07-05 12:59:09.272  1394  3176 W audio_hw_generic: Not supplying enough data to HAL, expected position 784059867 , only wrote 784059840
07-05 12:59:09.275  1604  2501 V MediaRouterService: restoreBluetoothA2dp(false)
07-05 12:59:10.322  4639  3475 D AudioTrack: stop() called with 26851 frames delivered
07-05 12:59:10.324  1604  7927 I MediaFocusControl: abandonAudioFocus() from uid/pid 10104/28496 clientId=android.media.AudioManager@9796e46net.osmand.plus.api.AudioFocusHelperImpl@ce162f4
07-05 12:59:10.328 28496 28543 I chatty  : uid=10104(net.osmand) Binder:28496_3 expire 2 lines
07-05 12:59:10.329  1604  3545 V MediaRouterService: restoreBluetoothA2dp(false)
07-05 12:59:10.333  4639 28593 I TTS.EventProcessor: synthesizeMarkup call to callback.audioAvailable failed: -1
07-05 12:59:10.355 28496  6578 I chatty  : uid=10104(net.osmand) expire 10 lines
07-05 12:59:13.352  1394  1575 W audio_hw_generic: Not supplying enough data to HAL, expected position 784449938 , only wrote 784255680
07-05 12:59:15.592  1604  5450 I WifiService: acquireWifiLock uid=10014 lockMode=2
07-05 12:59:15.851  1604  7927 I WifiService: releaseWifiLock uid=10014
07-05 12:59:17.284  1604  3545 I MediaFocusControl: requestAudioFocus() from uid/pid 10104/28496 clientId=android.media.AudioManager@9796e46net.osmand.plus.api.AudioFocusHelperImpl@fc72642 callingPack=net.osmand req=3 flags=0x0 sdk=26
07-05 12:59:17.289  4639 28593 I TTS.GoogleTTSServiceImp: Synthesis request for locale por-BRA and name pt-BR-language
07-05 12:59:17.290  4639 28593 I TTS.GoogleTTSServiceImp: TTS dispatch: pt-br-x-afs-lstm-embedded
07-05 12:59:17.300  4639 28594 D AudioTrack: Client defaulted notificationFrames to 1365 for frameCount 4096
07-05 12:59:17.315  1394  3176 W audio_hw_generic: Not supplying enough data to HAL, expected position 784255778 , only wrote 784255680
07-05 12:59:17.316  1604  7927 V MediaRouterService: restoreBluetoothA2dp(false)
07-05 12:59:19.477  4639 28594 D AudioTrack: stop() called with 45980 frames delivered
07-05 12:59:19.479  1604  2501 V MediaRouterService: restoreBluetoothA2dp(false)
07-05 12:59:19.484 28496  1159 I chatty  : uid=10104(net.osmand) Binder:28496_10 expire 2 lines
07-05 12:59:19.485  1604  5450 I MediaFocusControl: abandonAudioFocus() from uid/pid 10104/28496 clientId=android.media.AudioManager@9796e46net.osmand.plus.api.AudioFocusHelperImpl@fc72642
07-05 12:59:19.645 28496 28496 I chatty  : uid=10104(net.osmand) expire 1 line
07-05 12:59:19.692 28496 28521 I chatty  : uid=10104(net.osmand) RenderingBaseIm expire 2 lines
07-05 12:59:19.703 28496 28520 I chatty  : uid=10104(net.osmand) Loader map obje expire 112 lines
07-05 12:59:20.682 28496 28506 I chatty  : uid=10104(net.osmand) HeapTaskDaemon expire 6 lines
07-05 12:59:20.885 28496 28496 I chatty  : uid=10104(net.osmand) expire 34 lines
07-05 12:59:21.142 28496 28521 I chatty  : uid=10104(net.osmand) RenderingBaseIm expire 34 lines
07-05 12:59:22.507  1394  1575 W audio_hw_generic: Not supplying enough data to HAL, expected position 784752979 , only wrote 784504800
07-05 12:59:24.468 28496  6578 I chatty  : uid=10104(net.osmand) expire 8 lines
07-05 12:59:25.980  1403  1418 D hwcomposer: hw_composer sent 12 syncs in 107s
07-05 12:59:26.126 28496  6582 I chatty  : uid=10104(net.osmand) expire 31 lines
07-05 12:59:26.480  2061  2074 I zygote  : NativeAlloc concurrent copying GC freed 32904(1550KB) AllocSpace objects, 0(0B) LOS objects, 50% free, 4MB/9MB, paused 27.172ms total 296.648ms
07-05 12:59:26.922  1604  1621 E BatteryExternalStatsWorker: modem info is invalid: ModemActivityInfo{ mTimestamp=0 mSleepTimeMs=0 mIdleTimeMs=0 mTxTimeMs[]=[0, 0, 0, 0, 0] mRxTimeMs=0 mEnergyUsed=0}
07-05 12:59:27.463 28496  6584 I chatty  : uid=10104(net.osmand) expire 10 lines
07-05 12:59:27.554  1604  3545 I zygote  : IncrementDisableThreadFlip blocked for 9.103ms
07-05 12:59:31.027  1604  1613 I zygote  : Background concurrent copying GC freed 109823(4MB) AllocSpace objects, 60(3MB) LOS objects, 5% free, 102MB/108MB, paused 7.727ms total 3.588s
07-05 12:59:31.143 28496 28520 I chatty  : uid=10104(net.osmand) Loader map obje expire 144 lines
07-05 12:59:31.420 28496 28496 I chatty  : uid=10104(net.osmand) expire 64 lines
07-05 12:59:31.616 28496 28521 I chatty  : uid=10104(net.osmand) RenderingBaseIm expire 34 lines
07-05 12:59:31.990  1970  6547 V NativeCrypto: SSL handshake terminated: ssl=0x8ad8eea8: I/O error during system call, No such file or directory
07-05 12:59:31.998  1970  6547 E WakeLock: GCM_HB_ALARM release without a matched acquire!
07-05 12:59:31.998  1970  6547 W WakeLock: GCM_HB_ALARM counter does not exist
07-05 12:59:32.007  1604  1682 D ConnectivityService: reportNetworkConnectivity(101, false) by 10014
07-05 12:59:32.007  1604  2952 D NetworkMonitor/NetworkAgentInfo [WIFI () - 101]: Forcing reevaluation for UID 10014
07-05 12:59:32.010  1970  6547 W WakeLock: GCM_CONN_ALARM counter does not exist
07-05 12:59:32.048  1604  6585 D NetworkMonitor/NetworkAgentInfo [WIFI () - 101]: PROBE_DNS www.google.com 34ms OK 172.217.28.228,2800:3f0:4001:801::2004
07-05 12:59:32.056  1604  6586 D NetworkMonitor/NetworkAgentInfo [WIFI () - 101]: PROBE_DNS connectivitycheck.gstatic.com 42ms OK 172.217.172.131,2800:3f0:4001:81a::2003
07-05 12:59:32.173  1707  1729 I zygote  : Background concurrent copying GC freed 165960(5MB) AllocSpace objects, 0(0B) LOS objects, 42% free, 8MB/14MB, paused 958us total 663.860ms
07-05 12:59:32.540 28496 28506 I chatty  : uid=10104(net.osmand) HeapTaskDaemon expire 6 lines
07-05 12:59:35.075  1410  1410 I boot-pipe: done populating /dev/random
07-05 12:59:35.745  1604  3712 I WifiService: acquireWifiLock uid=10014 lockMode=2
07-05 12:59:35.833  1604  1617 E memtrack: Couldn't load memtrack module
07-05 12:59:35.833  1604  1617 W android.os.Debug: failed to get memory consumption info: -1
07-05 12:59:36.289  1604  1617 E memtrack: Couldn't load memtrack module
07-05 12:59:36.289  1604  1617 W android.os.Debug: failed to get memory consumption info: -1
07-05 12:59:37.181  1707  1729 I zygote  : WaitForGcToComplete blocked HeapTrim on None for 5.403ms
07-05 12:59:38.805  1604  9404 D WificondControl: Scan result ready event
07-05 12:59:38.860  1604  9404 I WifiService: releaseWifiLock uid=10014
07-05 12:59:39.473  1604  6586 D NetworkMonitor/NetworkAgentInfo [WIFI () - 101]: PROBE_HTTP http://connectivitycheck.gstatic.com/generate_204 time=7416ms ret=204 request={User-Agent=[Mozilla/5.0 (X11; Linux x86_64) AppleWebKit/537.36 (KHTML, like Gecko) Chrome/60.0.3112.32 Safari/537.36]} headers={null=[HTTP/1.1 204 No Content], Content-Length=[0], Date=[Fri, 05 Jul 2019 12:59:35 GMT], X-Android-Received-Millis=[1562331579472], X-Android-Response-Source=[NETWORK 204], X-Android-Selected-Protocol=[http/1.1], X-Android-Sent-Millis=[1562331572057]}
07-05 12:59:40.879  1970  5666 V NativeCrypto: SSL shutdown failed: ssl=0x8ad916e8: I/O error during system call, Software caused connection abort
07-05 12:59:42.065  1604  6585 D NetworkMonitor/NetworkAgentInfo [WIFI () - 101]: PROBE_HTTPS https://www.google.com/generate_204 Probe failed with exception java.net.SocketTimeoutException: timeout
07-05 12:59:42.136 28496 28496 I chatty  : uid=10104(net.osmand) expire 2 lines
07-05 12:59:42.182 28496  6584 I chatty  : uid=10104(net.osmand) expire 8 lines
07-05 12:59:42.569 28496 28496 I chatty  : uid=10104(net.osmand) expire 65 lines
07-05 12:59:42.606 28496  6593 I chatty  : uid=10104(net.osmand) expire 10 lines
07-05 12:59:42.716 28496 28521 I chatty  : uid=10104(net.osmand) RenderingBaseIm expire 32 lines
07-05 12:59:42.912 28496 28506 I chatty  : uid=10104(net.osmand) HeapTaskDaemon expire 6 lines
07-05 12:59:43.281 28496 28520 I chatty  : uid=10104(net.osmand) Loader map obje expire 144 lines
07-05 12:59:47.377  2180  5533 V NativeCrypto: SSL shutdown failed: ssl=0x86d77ae8: I/O error during system call, Software caused connection abort
07-05 12:59:51.107  1970  5666 V NativeCrypto: SSL shutdown failed: ssl=0x8bde9ae8: I/O error during system call, Software caused connection abort
07-05 12:59:51.428  1604  2952 D NetworkMonitor/NetworkAgentInfo [WIFI () - 101]: PROBE_FALLBACK http://play.googleapis.com/generate_204 time=16417ms ret=204 request={User-Agent=[Mozilla/5.0 (X11; Linux x86_64) AppleWebKit/537.36 (KHTML, like Gecko) Chrome/60.0.3112.32 Safari/537.36]} headers={null=[HTTP/1.1 204 No Content], Content-Length=[0], Date=[Fri, 05 Jul 2019 12:59:53 GMT], X-Android-Received-Millis=[1562331591428], X-Android-Response-Source=[NETWORK 204], X-Android-Selected-Protocol=[http/1.1], X-Android-Sent-Millis=[1562331581972]}
07-05 12:59:51.429  1604  1682 D ConnectivityService: NetworkAgentInfo [WIFI () - 101] validation failed
07-05 12:59:51.433  1604  1682 D ConnectivityService: Switching to new default network: NetworkAgentInfo{ ni{[type: MOBILE[GPRS], state: CONNECTED/CONNECTED, reason: (unspecified), extra: epc.tmobile.com, failover: false, available: true, roaming: false]}  network{100}  nethandle{429513165534}  lp{{InterfaceName: radio0 LinkAddresses: [192.168.200.2/24,]  Routes: [0.0.0.0/0 -> 192.168.200.1 radio0,192.168.200.0/24 -> 0.0.0.0 radio0,] DnsAddresses: [10.0.2.3,] Domains: null MTU: 1500 TcpBufferSizes: 4092,8760,48000,4096,8760,48000}}  nc{[ Transports: CELLULAR Capabilities: MMS&SUPL&DUN&FOTA&IMS&CBS&IA&INTERNET&NOT_RESTRICTED&TRUSTED&NOT_VPN&VALIDATED LinkUpBandwidth>=80Kbps LinkDnBandwidth>=80Kbps Specifier: <1>]}  Score{50}  everValidated{true}  lastValidated{true}  created{true} lingering{false} explicitlySelected{false} acceptUnvalidated{false} everCaptivePortalDetected{false} lastCaptivePortalDetected{false} clat{null} }
07-05 12:59:51.515  1604  1828 D NetworkTimeUpdateService: New default network 100; checking time.
07-05 12:59:51.525  1701  1896 I DeviceStatusMonitor: NetworkCallback#onAvailable(): 100
07-05 12:59:51.529  1701  1701 I DeviceStatusMonitor: getCurrentNetworkState(): activeNetwork = 100,  newState = METERED
07-05 12:59:51.535  1604  1682 D ConnectivityService: Sending DISCONNECTED broadcast for type 1 NetworkAgentInfo [WIFI () - 101] isDefaultNetwork=true
07-05 12:59:51.536  1604  1682 D ConnectivityService: Sending CONNECTED broadcast for type 0 NetworkAgentInfo [MOBILE (GPRS) - 100] isDefaultNetwork=true
07-05 12:59:51.611  1604  1682 D ConnectivityService: handleNetworkUnvalidated NetworkAgentInfo [WIFI () - 101] cap=[ Transports: WIFI Capabilities: NOT_METERED&INTERNET&NOT_RESTRICTED&TRUSTED&NOT_VPN&FOREGROUND LinkUpBandwidth>=1048576Kbps LinkDnBandwidth>=1048576Kbps SignalStrength: -50]
07-05 12:59:51.616  1604  1675 I WifiService: getConnectionInfo uid=1000
07-05 12:59:51.635  1604  1675 D RecurrenceRule: Resolving using anchor 2019-07-05T12:59:51.635Z[GMT]
07-05 12:59:51.645  1604  1675 D RecurrenceRule: Resolving using anchor 2019-07-05T12:59:51.644Z[GMT]
07-05 12:59:51.655  1604  1675 D RecurrenceRule: Cycle 17 from 2019-06-09T00:00Z[GMT] to 2019-07-09T00:00Z[GMT]
07-05 12:59:51.655  1604  1675 D NetworkStats: Resolving plan for NetworkTemplate: matchRule=MOBILE_ALL, subscriberId=310260..., matchSubscriberIds=[310260...]
07-05 12:59:51.666  1604  1675 D NetworkStats: Found active matching subId 1
07-05 12:59:51.692  1604  1675 D NetworkStats: Resolved to plan null
07-05 12:59:51.754  1604  1675 I WifiService: getConnectionInfo uid=1000
07-05 12:59:51.758  1604  1675 D RecurrenceRule: Resolving using anchor 2019-07-05T12:59:51.757Z[GMT]
07-05 12:59:51.763  1604  1675 D RecurrenceRule: Resolving using anchor 2019-07-05T12:59:51.762Z[GMT]
07-05 12:59:51.769  1604  1675 D RecurrenceRule: Cycle 17 from 2019-06-09T00:00Z[GMT] to 2019-07-09T00:00Z[GMT]
07-05 12:59:51.769  1604  1675 D NetworkStats: Resolving plan for NetworkTemplate: matchRule=MOBILE_ALL, subscriberId=310260..., matchSubscriberIds=[310260...]
07-05 12:59:51.775  1604  1675 D NetworkStats: Found active matching subId 1
07-05 12:59:51.788  1604  1675 D NetworkStats: Resolved to plan null
07-05 12:59:51.830  1604  1678 D WifiStateMachine: NETWORK_STATUS_UNWANTED_VALIDATION_FAILED
07-05 12:59:51.967  2180  6319 I PinnedContentDownloader: Finished downloading pinned content.
07-05 12:59:52.457  1604  6598 D NetworkMonitor/NetworkAgentInfo [WIFI () - 101]: PROBE_DNS www.google.com 17ms OK 172.217.28.228,2800:3f0:4001:801::2004
07-05 12:59:52.471  1604  6599 D NetworkMonitor/NetworkAgentInfo [WIFI () - 101]: PROBE_DNS connectivitycheck.gstatic.com 29ms OK 172.217.172.131,2800:3f0:4001:81a::2003
07-05 12:59:54.604 28496 28496 I chatty  : uid=10104(net.osmand) expire 20 lines
07-05 12:59:54.760 28496 28521 I chatty  : uid=10104(net.osmand) RenderingBaseIm expire 38 lines
07-05 12:59:54.847 28496 28506 I chatty  : uid=10104(net.osmand) HeapTaskDaemon expire 7 lines
07-05 12:59:55.723  1604  1613 I zygote  : Background concurrent copying GC freed 98475(3MB) AllocSpace objects, 52(2MB) LOS objects, 5% free, 103MB/109MB, paused 1.199ms total 4.105s
07-05 12:59:56.085 28496 28520 I chatty  : uid=10104(net.osmand) Loader map obje expire 112 lines
07-05 12:59:56.787  1604  5753 I WifiService: acquireWifiLock uid=10014 lockMode=2
07-05 12:59:56.853  1604  5750 I WifiService: releaseWifiLock uid=10014
07-05 12:59:57.849 28496  6593 I chatty  : uid=10104(net.osmand) expire 8 lines
07-05 13:00:01.434  1707  1729 I zygote  : Background concurrent copying GC freed 169271(6MB) AllocSpace objects, 0(0B) LOS objects, 42% free, 7MB/13MB, paused 4.795ms total 332.346ms
07-05 13:00:02.152 28496  6603 I chatty  : uid=10104(net.osmand) expire 31 lines
07-05 13:00:02.482  1604  6599 D NetworkMonitor/NetworkAgentInfo [WIFI () - 101]: PROBE_HTTP http://connectivitycheck.gstatic.com/generate_204 Probe failed with exception java.net.SocketTimeoutException: timeout
07-05 13:00:03.100  1970  6591 E WakeLock: GCM_HB_ALARM release without a matched acquire!
07-05 13:00:03.100  1970  6591 W WakeLock: GCM_HB_ALARM counter does not exist
07-05 13:00:03.575 28496  6604 I chatty  : uid=10104(net.osmand) expire 18 lines
07-05 13:00:04.552 28496 28506 I chatty  : uid=10104(net.osmand) HeapTaskDaemon expire 8 lines
07-05 13:00:04.690 28496 28496 I chatty  : uid=10104(net.osmand) expire 40 lines
07-05 13:00:05.434  1604  2952 D NetworkMonitor/NetworkAgentInfo [WIFI () - 101]: PROBE_FALLBACK http://play.googleapis.com/generate_204 Probe failed with exception java.net.SocketTimeoutException: timeout
07-05 13:00:06.209 32514 32535 I Finsky  : [2051] jen.run(3): Stats for Executor: BlockingExecutor jfw@7ffb620[Running, pool size = 0, active threads = 0, queued tasks = 0, completed tasks = 25]
07-05 13:00:06.216 32514 32535 I Finsky  : [2051] jen.run(3): Stats for Executor: LightweightExecutor jfw@e1e7bd9[Running, pool size = 2, active threads = 0, queued tasks = 0, completed tasks = 62]
07-05 13:00:06.320  2180  5533 V NativeCrypto: SSL shutdown failed: ssl=0xa57ed2f8: I/O error during system call, Software caused connection abort
07-05 13:00:07.409 28496 28521 I chatty  : uid=10104(net.osmand) RenderingBaseIm expire 36 lines
07-05 13:00:07.704 28496 28520 I chatty  : uid=10104(net.osmand) Loader map obje expire 129 lines
07-05 13:00:08.323 32514 32535 I Finsky  : [2051] jen.run(3): Stats for Executor: bgExecutor jfw@f8d099e[Running, pool size = 4, active threads = 0, queued tasks = 0, completed tasks = 1003]
07-05 13:00:08.805  1604  9404 I MediaFocusControl: requestAudioFocus() from uid/pid 10104/28496 clientId=android.media.AudioManager@9796e46net.osmand.plus.api.AudioFocusHelperImpl@4fdecbd callingPack=net.osmand req=3 flags=0x0 sdk=26
07-05 13:00:08.808  4639 28593 I TTS.GoogleTTSServiceImp: Synthesis request for locale por-BRA and name pt-BR-language
07-05 13:00:08.809  4639 28593 I TTS.GoogleTTSServiceImp: TTS dispatch: pt-br-x-afs-lstm-embedded
07-05 13:00:08.835  4639 28594 D AudioTrack: Client defaulted notificationFrames to 1365 for frameCount 4096
07-05 13:00:08.841  1604  9404 V MediaRouterService: restoreBluetoothA2dp(false)
07-05 13:00:08.848  1394  3176 W audio_hw_generic: Not supplying enough data to HAL, expected position 784504824 , only wrote 784504800
07-05 13:00:11.018  4639 28594 D AudioTrack: stop() called with 45980 frames delivered
07-05 13:00:11.021  1604  5450 V MediaRouterService: restoreBluetoothA2dp(false)
07-05 13:00:11.040 28496   620 I chatty  : uid=10104(net.osmand) Binder:28496_C expire 2 lines
07-05 13:00:11.041  1604  5750 I MediaFocusControl: abandonAudioFocus() from uid/pid 10104/28496 clientId=android.media.AudioManager@9796e46net.osmand.plus.api.AudioFocusHelperImpl@4fdecbd
07-05 13:00:11.568  2180  5533 V NativeCrypto: SSL shutdown failed: ssl=0x833b0888: I/O error during system call, Software caused connection abort
07-05 13:00:12.697 28496  6606 I chatty  : uid=10104(net.osmand) expire 4 lines
07-05 13:00:13.900  1394  3176 W audio_hw_generic: Not supplying enough data to HAL, expected position 784747263 , only wrote 784746000
07-05 13:00:13.901  1394  3176 W audio_hw_generic: Not supplying enough data to HAL, expected position 784746047 , only wrote 784746000
07-05 13:00:14.022  1394  1575 W audio_hw_generic: Not supplying enough data to HAL, expected position 784756532 , only wrote 784751760
07-05 13:00:14.146  1604  6598 D NetworkMonitor/NetworkAgentInfo [WIFI () - 101]: PROBE_HTTPS https://www.google.com/generate_204 Probe failed with exception java.net.SocketTimeoutException: failed to connect to www.google.com/2800:3f0:4001:801::2004 (port 443) from /fec0::1587:c5fa:9b19:7831 (port 46898) after 10000ms
07-05 13:00:14.150  1604  1682 D ConnectivityService: NetworkAgentInfo [WIFI () - 101] validation failed
07-05 13:00:14.151  1604  1678 D WifiStateMachine: NETWORK_STATUS_UNWANTED_VALIDATION_FAILED
07-05 13:00:16.186  1604  6608 D NetworkMonitor/NetworkAgentInfo [WIFI () - 101]: PROBE_DNS connectivitycheck.gstatic.com 21ms OK 172.217.172.131,2800:3f0:4001:81a::2003
07-05 13:00:16.190  1604  6607 D NetworkMonitor/NetworkAgentInfo [WIFI () - 101]: PROBE_DNS www.google.com 27ms OK 172.217.28.228,2800:3f0:4001:801::2004
07-05 13:00:16.764 28496 28496 I chatty  : uid=10104(net.osmand) expire 54 lines
07-05 13:00:16.859  1604  5753 I WifiService: acquireWifiLock uid=10014 lockMode=2
07-05 13:00:17.664 28496 28520 I chatty  : uid=10104(net.osmand) Loader map obje expire 132 lines
07-05 13:00:18.321 28496 28521 I chatty  : uid=10104(net.osmand) RenderingBaseIm expire 34 lines
07-05 13:00:19.246 28496 28506 I chatty  : uid=10104(net.osmand) HeapTaskDaemon expire 6 lines
07-05 13:00:19.327  1604  1613 I zygote  : Background concurrent copying GC freed 112047(4MB) AllocSpace objects, 60(3MB) LOS objects, 5% free, 102MB/108MB, paused 1.252ms total 3.111s
07-05 13:00:19.866  1604  3139 D WificondControl: Scan result ready event
07-05 13:00:20.037  1604  2501 I WifiService: releaseWifiLock uid=10014
07-05 13:00:21.431  1604  1682 D ConnectivityService: handleLingerComplete for NetworkAgentInfo [WIFI () - 101]
07-05 13:00:25.472  2061  2074 I zygote  : NativeAlloc concurrent copying GC freed 32835(1492KB) AllocSpace objects, 0(0B) LOS objects, 49% free, 4MB/9MB, paused 6.618ms total 328.413ms
07-05 13:00:29.225  1604  6607 D NetworkMonitor/NetworkAgentInfo [WIFI () - 101]: PROBE_HTTPS https://www.google.com/generate_204 Probe failed with exception java.net.SocketTimeoutException: failed to connect to www.google.com/2800:3f0:4001:801::2004 (port 443) from /fec0::1587:c5fa:9b19:7831 (port 46904) after 10000ms
07-05 13:00:29.226  1604  2952 D NetworkMonitor/NetworkAgentInfo [WIFI () - 101]: PROBE_FALLBACK http://www.google.com/gen_204 Probe failed with exception java.net.SocketTimeoutException: failed to connect to www.google.com/2800:3f0:4001:801::2004 (port 80) from /fec0::1587:c5fa:9b19:7831 (port 60680) after 10000ms
07-05 13:00:29.253  1604  6608 D NetworkMonitor/NetworkAgentInfo [WIFI () - 101]: PROBE_HTTP http://connectivitycheck.gstatic.com/generate_204 Probe failed with exception java.net.SocketTimeoutException: failed to connect to connectivitycheck.gstatic.com/2800:3f0:4001:81a::2003 (port 80) from /fec0::1587:c5fa:9b19:7831 (port 48667) after 10000ms
07-05 13:00:29.256  1604  1682 D ConnectivityService: NetworkAgentInfo [WIFI () - 101] validation failed
07-05 13:00:29.256  1604  1678 D WifiStateMachine: NETWORK_STATUS_UNWANTED_VALIDATION_FAILED
07-05 13:00:29.316 28496 28521 I chatty  : uid=10104(net.osmand) RenderingBaseIm expire 2 lines
07-05 13:00:29.666 28496 28520 I chatty  : uid=10104(net.osmand) Loader map obje expire 128 lines
07-05 13:00:30.028 28496 28506 I chatty  : uid=10104(net.osmand) HeapTaskDaemon expire 9 lines
07-05 13:00:30.066 28496 28496 I chatty  : uid=10104(net.osmand) expire 42 lines
07-05 13:00:30.464 28496 28521 I chatty  : uid=10104(net.osmand) RenderingBaseIm expire 36 lines
07-05 13:00:32.038  1970  6594 E WakeLock: GCM_HB_ALARM release without a matched acquire!
07-05 13:00:32.038  1970  6594 W WakeLock: GCM_HB_ALARM counter does not exist
07-05 13:00:32.040  1604  1682 D ConnectivityService: reportNetworkConnectivity(100, false) by 10014
07-05 13:00:32.043  1604  2293 D NetworkMonitor/NetworkAgentInfo [MOBILE (GPRS) - 100]: Forcing reevaluation for UID 10014
07-05 13:00:32.044  1970  6594 W WakeLock: GCM_CONN_ALARM counter does not exist
07-05 13:00:33.287  1604  6619 D NetworkMonitor/NetworkAgentInfo [WIFI () - 101]: PROBE_DNS connectivitycheck.gstatic.com 17ms OK 172.217.172.131,2800:3f0:4001:81a::2003
07-05 13:00:33.292  1604  6618 D NetworkMonitor/NetworkAgentInfo [WIFI () - 101]: PROBE_DNS www.google.com 23ms OK 172.217.28.228,2800:3f0:4001:801::2004
07-05 13:00:34.109  1604  6614 D NetworkMonitor/NetworkAgentInfo [MOBILE (GPRS) - 100]: PROBE_DNS www.google.com 2054ms OK 172.217.28.228,2800:3f0:4001:801::2004
07-05 13:00:34.128  1604  6615 D NetworkMonitor/NetworkAgentInfo [MOBILE (GPRS) - 100]: PROBE_DNS connectivitycheck.gstatic.com 2074ms OK 172.217.172.131,2800:3f0:4001:81a::2003
07-05 13:00:34.433 28496  6606 I chatty  : uid=10104(net.osmand) expire 7 lines
07-05 13:00:35.082  1410  1410 I boot-pipe: done populating /dev/random
07-05 13:00:35.180  1707  1729 I zygote  : Background concurrent copying GC freed 168360(5MB) AllocSpace objects, 0(0B) LOS objects, 42% free, 8MB/14MB, paused 951us total 373.777ms
07-05 13:00:36.940  1604  5450 I WifiService: acquireWifiLock uid=10014 lockMode=2
07-05 13:00:37.194  1604  5450 I WifiService: releaseWifiLock uid=10014
07-05 13:00:42.512  1970  1980 I zygote  : Background concurrent copying GC freed 145405(6MB) AllocSpace objects, 0(0B) LOS objects, 36% free, 10MB/16MB, paused 7.275ms total 407.745ms
07-05 13:00:42.777 28496 28520 I chatty  : uid=10104(net.osmand) Loader map obje expire 19 lines
07-05 13:00:43.394 28496 28496 I chatty  : uid=10104(net.osmand) expire 1 line
07-05 13:00:43.460 28496 28521 I chatty  : uid=10104(net.osmand) RenderingBaseIm expire 31 lines
07-05 13:00:43.976 28496 28520 I chatty  : uid=10104(net.osmand) Loader map obje expire 109 lines
07-05 13:00:44.133 28496  6606 I chatty  : uid=10104(net.osmand) expire 8 lines
07-05 13:00:44.730 28496 28506 I chatty  : uid=10104(net.osmand) HeapTaskDaemon expire 6 lines
07-05 13:00:45.111 28496 28496 I chatty  : uid=10104(net.osmand) expire 37 lines
07-05 13:00:45.184 28496  6630 I chatty  : uid=10104(net.osmand) expire 31 lines
07-05 13:00:45.932  1604  1613 I zygote  : Background concurrent copying GC freed 105445(4MB) AllocSpace objects, 52(2MB) LOS objects, 5% free, 102MB/108MB, paused 3.388ms total 2.504s
07-05 13:00:46.022 28496  6632 I chatty  : uid=10104(net.osmand) expire 18 lines
07-05 13:00:46.529  1604  1617 E memtrack: Couldn't load memtrack module
07-05 13:00:46.529  1604  1617 W android.os.Debug: failed to get memory consumption info: -1
07-05 13:00:47.147  1604  2952 D NetworkMonitor/NetworkAgentInfo [WIFI () - 101]: PROBE_FALLBACK http://www.google.com/gen_204 Probe failed with exception java.net.SocketTimeoutException: failed to connect to www.google.com/2800:3f0:4001:801::2004 (port 80) from /fec0::1587:c5fa:9b19:7831 (port 60688) after 10000ms
07-05 13:00:47.148  1604  6619 D NetworkMonitor/NetworkAgentInfo [WIFI () - 101]: PROBE_HTTP http://connectivitycheck.gstatic.com/generate_204 Probe failed with exception java.net.SocketTimeoutException: failed to connect to connectivitycheck.gstatic.com/2800:3f0:4001:81a::2003 (port 80) from /fec0::1587:c5fa:9b19:7831 (port 48677) after 10000ms
07-05 13:00:47.156  1604  6618 D NetworkMonitor/NetworkAgentInfo [WIFI () - 101]: PROBE_HTTPS https://www.google.com/generate_204 Probe failed with exception java.net.SocketTimeoutException: failed to connect to www.google.com/2800:3f0:4001:801::2004 (port 443) from /fec0::1587:c5fa:9b19:7831 (port 46914) after 10000ms
07-05 13:00:47.156  1604  2293 D NetworkMonitor/NetworkAgentInfo [MOBILE (GPRS) - 100]: PROBE_FALLBACK http://play.googleapis.com/generate_204 Probe failed with exception java.net.SocketTimeoutException: failed to connect to play.googleapis.com/2800:3f0:4001:80b::200a (port 80) from /fec0::8dd5:611a:7e44:7499 (port 34988) after 10000ms
07-05 13:00:47.159  1604  1682 D ConnectivityService: NetworkAgentInfo [WIFI () - 101] validation failed
07-05 13:00:47.159  1604  6615 D NetworkMonitor/NetworkAgentInfo [MOBILE (GPRS) - 100]: PROBE_HTTP http://connectivitycheck.gstatic.com/generate_204 Probe failed with exception java.net.SocketTimeoutException: failed to connect to connectivitycheck.gstatic.com/2800:3f0:4001:81a::2003 (port 80) from /fec0::8dd5:611a:7e44:7499 (port 35877) after 10000ms
07-05 13:00:47.160  1604  1678 D WifiStateMachine: NETWORK_STATUS_UNWANTED_VALIDATION_FAILED
07-05 13:00:47.167  1604  6614 D NetworkMonitor/NetworkAgentInfo [MOBILE (GPRS) - 100]: PROBE_HTTPS https://www.google.com/generate_204 Probe failed with exception java.net.SocketTimeoutException: failed to connect to www.google.com/2800:3f0:4001:801::2004 (port 443) from /fec0::8dd5:611a:7e44:7499 (port 32934) after 10000ms
07-05 13:00:47.170  1604  1682 D ConnectivityService: NetworkAgentInfo [MOBILE (GPRS) - 100] validation failed
07-05 13:00:47.183  1604  1682 D ConnectivityService: Switching to new default network: NetworkAgentInfo{ ni{[type: WIFI[], state: CONNECTED/CONNECTED, reason: (unspecified), extra: "AndroidWifi", failover: false, available: true, roaming: false]}  network{101}  nethandle{433808132830}  lp{{InterfaceName: wlan0 LinkAddresses: [fe80::ff:fe44:5566/64,192.168.232.2/21,fec0::ff:fe44:5566/64,fec0::3578:9eaa:f2d6:1f0d/64,fec0::1587:c5fa:9b19:7831/64,]  Routes: [fe80::/64 -> :: wlan0,fec0::/64 -> :: wlan0,::/0 -> fe80::ff:fe00:100 wlan0,192.168.232.0/21 -> 0.0.0.0 wlan0,0.0.0.0/0 -> 192.168.232.1 wlan0,] DnsAddresses: [10.0.2.3,] Domains: null MTU: 0 TcpBufferSizes: 524288,1048576,2097152,262144,524288,1048576}}  nc{[ Transports: WIFI Capabilities: NOT_METERED&INTERNET&NOT_RESTRICTED&TRUSTED&NOT_VPN&FOREGROUND LinkUpBandwidth>=1048576Kbps LinkDnBandwidth>=1048576Kbps SignalStrength: -50]}  Score{20}  everValidated{true}  lastValidated{false}  created{true} lingering{false} explicitlySelected{false} acceptUnvalidated{false} everCaptivePortalDetected{false} lastCaptivePortalDetected{false} clat{null} }
07-05 13:00:47.219  1701  1896 I DeviceStatusMonitor: NetworkCallback#onAvailable(): 101
07-05 13:00:47.222  1604  1828 D NetworkTimeUpdateService: New default network 101; checking time.
07-05 13:00:47.226  1701  1701 I DeviceStatusMonitor: getCurrentNetworkState(): activeNetwork = 100,  newState = METERED
07-05 13:00:47.227  1604  1682 D ConnectivityService: Sending DISCONNECTED broadcast for type 0 NetworkAgentInfo [MOBILE (GPRS) - 100] isDefaultNetwork=true
07-05 13:00:47.275  1604  1682 D ConnectivityService: Sending CONNECTED broadcast for type 1 NetworkAgentInfo [WIFI () - 101] isDefaultNetwork=true
07-05 13:00:47.339  1604  1675 I WifiService: getConnectionInfo uid=1000
07-05 13:00:47.341  1604  1682 D ConnectivityService: handleNetworkUnvalidated NetworkAgentInfo [MOBILE (GPRS) - 100] cap=[ Transports: CELLULAR Capabilities: MMS&SUPL&DUN&FOTA&IMS&CBS&IA&INTERNET&NOT_RESTRICTED&TRUSTED&NOT_VPN&FOREGROUND LinkUpBandwidth>=80Kbps LinkDnBandwidth>=80Kbps Specifier: <1>]
07-05 13:00:47.366  1604  1675 D RecurrenceRule: Resolving using anchor 2019-07-05T13:00:47.366Z[GMT]
07-05 13:00:47.372  1604  1675 D RecurrenceRule: Resolving using anchor 2019-07-05T13:00:47.372Z[GMT]
07-05 13:00:47.377  1604  1675 D RecurrenceRule: Cycle 17 from 2019-06-09T00:00Z[GMT] to 2019-07-09T00:00Z[GMT]
07-05 13:00:47.377  1604  1675 D NetworkStats: Resolving plan for NetworkTemplate: matchRule=MOBILE_ALL, subscriberId=310260..., matchSubscriberIds=[310260...]
07-05 13:00:47.393  1604  1675 D NetworkStats: Found active matching subId 1
07-05 13:00:47.420  1604  1675 D NetworkStats: Resolved to plan null
07-05 13:00:47.457  1604  1675 I WifiService: getConnectionInfo uid=1000
07-05 13:00:47.500  1604  1675 D RecurrenceRule: Resolving using anchor 2019-07-05T13:00:47.498Z[GMT]
07-05 13:00:47.505  1604  1675 D RecurrenceRule: Resolving using anchor 2019-07-05T13:00:47.505Z[GMT]
07-05 13:00:47.507  1604  1675 D RecurrenceRule: Cycle 17 from 2019-06-09T00:00Z[GMT] to 2019-07-09T00:00Z[GMT]
07-05 13:00:47.508  1604  1675 D NetworkStats: Resolving plan for NetworkTemplate: matchRule=MOBILE_ALL, subscriberId=310260..., matchSubscriberIds=[310260...]
07-05 13:00:47.539  1604  1675 D NetworkStats: Found active matching subId 1
07-05 13:00:47.597  1604  1675 D NetworkStats: Resolved to plan null
07-05 13:00:47.634  1604  3712 I WifiService: getConnectionInfo uid=10014
07-05 13:00:47.645  1604  3925 I WifiService: getConnectionInfo uid=10014
07-05 13:00:47.675  1604  5450 I WifiService: getConnectionInfo uid=10032
07-05 13:00:47.709  1604  3712 I WifiService: getConnectionInfo uid=10014
07-05 13:00:47.769 32514 32514 I Finsky  : [2] lac.a(265): Installer: found apps to install. apps=[]
07-05 13:00:47.796 32514 32514 I Finsky  : [2] lac.a(265): Installer: found apps to install. apps=[]
07-05 13:00:47.807  1604  3925 I WifiService: getConnectionInfo uid=10014
07-05 13:00:47.958  2180  6319 I PinnedContentDownloader: Finished downloading pinned content.
07-05 13:00:48.111  1604  1617 E memtrack: Couldn't load memtrack module
07-05 13:00:48.111  1604  1617 W android.os.Debug: failed to get memory consumption info: -1
07-05 13:00:48.189  1604  6640 D NetworkMonitor/NetworkAgentInfo [MOBILE (GPRS) - 100]: PROBE_DNS connectivitycheck.gstatic.com 5ms OK 172.217.172.131,2800:3f0:4001:81a::2003
07-05 13:00:48.196  1604  6639 D NetworkMonitor/NetworkAgentInfo [MOBILE (GPRS) - 100]: PROBE_DNS www.google.com 19ms OK 172.217.28.228,2800:3f0:4001:801::2004
07-05 13:00:55.073 28496 28521 I chatty  : uid=10104(net.osmand) RenderingBaseIm expire 43 lines
07-05 13:00:55.193  1604  6646 D NetworkMonitor/NetworkAgentInfo [WIFI () - 101]: PROBE_DNS connectivitycheck.gstatic.com 14ms OK 172.217.172.131,2800:3f0:4001:81a::2003
07-05 13:00:55.205  1604  6645 D NetworkMonitor/NetworkAgentInfo [WIFI () - 101]: PROBE_DNS www.google.com 25ms OK 172.217.28.228,2800:3f0:4001:801::2004
07-05 13:00:55.226 28496 28496 I chatty  : uid=10104(net.osmand) expire 38 lines
07-05 13:00:55.433 28496 28520 I chatty  : uid=10104(net.osmand) Loader map obje expire 125 lines
07-05 13:00:56.097 28496  6649 I chatty  : uid=10104(net.osmand) expire 10 lines
07-05 13:00:56.576 28496 28506 I chatty  : uid=10104(net.osmand) HeapTaskDaemon expire 11 lines
07-05 13:00:56.797  1604  6639 D NetworkMonitor/NetworkAgentInfo [MOBILE (GPRS) - 100]: PROBE_HTTPS https://www.google.com/generate_204 Probe failed with exception java.net.ConnectException: Failed to connect to www.google.com/2800:3f0:4001:801::2004:443
07-05 13:00:56.798  1604  2293 D NetworkMonitor/NetworkAgentInfo [MOBILE (GPRS) - 100]: PROBE_FALLBACK http://play.googleapis.com/generate_204 Probe failed with exception java.net.ConnectException: Failed to connect to play.googleapis.com/2800:3f0:4001:80b::200a:80
07-05 13:00:56.800  1604  6640 D NetworkMonitor/NetworkAgentInfo [MOBILE (GPRS) - 100]: PROBE_HTTP http://connectivitycheck.gstatic.com/generate_204 Probe failed with exception java.net.ConnectException: Failed to connect to connectivitycheck.gstatic.com/2800:3f0:4001:81a::2003:80
07-05 13:00:56.802  1604  1682 D ConnectivityService: NetworkAgentInfo [MOBILE (GPRS) - 100] validation failed
07-05 13:00:58.158  1604  6773 I WifiService: acquireWifiLock uid=10014 lockMode=2
07-05 13:00:58.825  1604  6652 D NetworkMonitor/NetworkAgentInfo [MOBILE (GPRS) - 100]: PROBE_DNS www.google.com 3ms OK 172.217.28.228,2800:3f0:4001:801::2004
07-05 13:00:58.827  1604  6653 D NetworkMonitor/NetworkAgentInfo [MOBILE (GPRS) - 100]: PROBE_DNS connectivitycheck.gstatic.com 9ms OK 172.217.172.131,2800:3f0:4001:81a::2003
07-05 13:00:59.796  1604  6646 D NetworkMonitor/NetworkAgentInfo [WIFI () - 101]: PROBE_HTTP http://connectivitycheck.gstatic.com/generate_204 Probe failed with exception java.net.ConnectException: Failed to connect to connectivitycheck.gstatic.com/2800:3f0:4001:81a::2003:80
07-05 13:00:59.798  1604  6645 D NetworkMonitor/NetworkAgentInfo [WIFI () - 101]: PROBE_HTTPS https://www.google.com/generate_204 Probe failed with exception java.net.ConnectException: Failed to connect to www.google.com/2800:3f0:4001:801::2004:443
07-05 13:01:00.361  1604  1617 E memtrack: Couldn't load memtrack module
07-05 13:01:00.361  1604  1617 W android.os.Debug: failed to get memory consumption info: -1
07-05 13:01:00.773  1604  1617 E memtrack: Couldn't load memtrack module
07-05 13:01:00.773  1604  1617 W android.os.Debug: failed to get memory consumption info: -1
07-05 13:01:01.166  1604  9404 D WificondControl: Scan result ready event
07-05 13:01:01.350  1604  3712 I WifiService: releaseWifiLock uid=10014
07-05 13:01:02.816  1604  6652 D NetworkMonitor/NetworkAgentInfo [MOBILE (GPRS) - 100]: PROBE_HTTPS https://www.google.com/generate_204 Probe failed with exception java.net.ConnectException: Failed to connect to www.google.com/2800:3f0:4001:801::2004:443
07-05 13:01:02.818  1604  6653 D NetworkMonitor/NetworkAgentInfo [MOBILE (GPRS) - 100]: PROBE_HTTP http://connectivitycheck.gstatic.com/generate_204 Probe failed with exception java.net.ConnectException: Failed to connect to connectivitycheck.gstatic.com/2800:3f0:4001:81a::2003:80
07-05 13:01:02.819  1604  2952 D NetworkMonitor/NetworkAgentInfo [WIFI () - 101]: PROBE_FALLBACK http://www.google.com/gen_204 Probe failed with exception java.net.ConnectException: Failed to connect to www.google.com/2800:3f0:4001:801::2004:80
07-05 13:01:02.820  1604  1682 D ConnectivityService: NetworkAgentInfo [WIFI () - 101] validation failed
07-05 13:01:02.821  1604  1678 D WifiStateMachine: NETWORK_STATUS_UNWANTED_VALIDATION_FAILED
07-05 13:01:04.867 28496 28520 I chatty  : uid=10104(net.osmand) Loader map obje expire 119 lines
07-05 13:01:04.957 28496 28496 I chatty  : uid=10104(net.osmand) expire 29 lines
07-05 13:01:05.592 28496 28521 I chatty  : uid=10104(net.osmand) RenderingBaseIm expire 34 lines
07-05 13:01:05.628  1970  6631 E WakeLock: GCM_HB_ALARM release without a matched acquire!
07-05 13:01:05.629  1970  6631 W WakeLock: GCM_HB_ALARM counter does not exist
