06-29 13:33:52.075 23488 23488 I chatty  : uid=10104(net.osmand) identical 60 lines
06-29 13:33:52.076 23488 23488 W ResourceType: For resource 0x7f0e013b, entry index(315) is beyond type entryCount(142)
06-29 13:33:52.076  1704  1929 D EGL_emulation: eglMakeCurrent: 0x9e4046c0: ver 2 0 (tinfo 0x9e403690)
06-29 13:33:52.077 23488 23488 W View    : requestLayout() improperly called by android.widget.ListView{868ce89 VFED.VC.. ......ID 0,0-735,1794 #7f0803ba app:id/menuItems} during layout: running second layout pass
06-29 13:33:52.139  1398  1398 D gralloc_ranchu: gralloc_alloc: Creating ashmem region of size 3878912
06-29 13:33:52.158 23488 23520 I net.osmand: MapRenderRepositories RENDER MAP: update due to tile box
06-29 13:33:52.159 23488 23520 I net.osmand: MapRenderRepositories RENDER MAP: Interrupt rendering map
06-29 13:33:52.225  1704  1929 D EGL_emulation: eglMakeCurrent: 0x9e4046c0: ver 2 0 (tinfo 0x9e403690)
06-29 13:33:52.240 23488 23520 I net.osmand: MapRenderRepositories RENDER MAP: update due to tile box
06-29 13:33:52.240 23488 23520 I net.osmand: MapRenderRepositories RENDER MAP: Interrupt rendering map
06-29 13:33:52.340 23488 23530 D EGL_emulation: eglMakeCurrent: 0x894fd4a0: ver 2 0 (tinfo 0x895de8b0)
06-29 13:33:52.356  1600  2206 D WificondControl: Scan result ready event
06-29 13:33:52.376  1600  1621 W WindowManager: App freeze timeout expired.
06-29 13:33:52.377  1600  1621 W WindowManager: Force clearing freeze: AppWindowToken{3f3b0db token=Token{60c56c7 ActivityRecord{acd9006 u0 net.osmand/.plus.activities.MapActivity t5}}}
06-29 13:33:52.424  1398  1398 D gralloc_ranchu: gralloc_alloc: Creating ashmem region of size 8298496
06-29 13:33:52.435 23488 23519 I net.osmand: MapRenderRepositories RENDER MAP: new request RotatedTileBox [lat=1.0728836059570312E-5, lon=-51.09317398071289, rotate=0.0, density=2.625, zoom=17, mapDensity=3.9375, zoomAnimation=0.0, zoomFloatPart=0.0, cx=900, cy=1972, pixWidth=1800, pixHeight=2690]
06-29 13:33:52.502  1600  1647 I WindowManager: Screen frozen for +2s441ms due to Window{3cdf14e u0 net.osmand/net.osmand.plus.activities.MapActivity}
06-29 13:33:52.541  1408  1408 D SurfaceFlinger: duplicate layer name: changing BlackSurface to BlackSurface#1
06-29 13:33:52.546  1408  1408 D SurfaceFlinger: duplicate layer name: changing BlackSurface to BlackSurface#1
06-29 13:33:52.573  1964  1964 I GeofencerStateMachine: sendNewTransitions called.
06-29 13:33:52.633  1398  1398 D gralloc_ranchu: gralloc_alloc: Creating ashmem region of size 3878912
06-29 13:33:52.670  1600  7916 I WifiService: releaseWifiLock uid=10014
06-29 13:33:52.705  1964  1964 I GeofencerStateMachine: sendNewLocationAvailability: availability=LocationAvailability[isLocationAvailable: true]
06-29 13:33:52.768  1398  1398 D gralloc_ranchu: gralloc_alloc: Creating ashmem region of size 8298496
06-29 13:33:52.968 23488 23498 I zygote  : NativeAlloc concurrent copying GC freed 19014(919KB) AllocSpace objects, 4(208KB) LOS objects, 24% free, 18MB/24MB, paused 20.205ms total 2.162s
06-29 13:33:53.091 23488 23519 I net.osmand:native: Route objects 43
06-29 13:33:53.091 23488 23519 I net.osmand:native: Ocean: no completed & incompleted coastlines 0
06-29 13:33:53.092 23488 23519 I net.osmand:native: Detailed coastlines = 0, basemap coastlines 0, ocean tile 0.000000. Detailed added 0, basemap processed 1, basemap added 0.
06-29 13:33:53.092 23488 23519 I net.osmand:native: Search : tree - read( 378), accept( 55), objs - visit( 4654), accept(82), in result(43) 
06-29 13:33:53.092 23488 23519 I net.osmand: MapRenderRepositories BLat=-0.0023195743560791016, TLat=0.0057528018951416016, LLong=-51.09563064575195, RLong=-51.09071731567383, zoom=17
06-29 13:33:53.105 23488 23519 I net.osmand: MapRenderRepositories Native search: 641 ms 
06-29 13:33:53.121 23488 23519 I net.osmand:native: Creating SkBitmap in native w:1800 h:2690 s:7200 f:1!
06-29 13:33:53.122 23488 23519 I net.osmand:native: Row bytes for RGBA_8888 is 7200
06-29 13:33:53.122 23488 23519 I net.osmand:native: Locked 19368000 bytes at 0x7dd00000
06-29 13:33:53.122 23488 23519 I net.osmand:native: Initializing rendering
06-29 13:33:53.129 23488 23519 I net.osmand:native: Rendering image
06-29 13:33:53.278 23488 23519 I net.osmand:native: Native ok (rendering 0, text 77 ms) 
06-29 13:33:53.278 23488 23519 I net.osmand:native:  (11380 points, 78 points inside, 45 of 51 objects visible)
06-29 13:33:53.278 23488 23519 I net.osmand:native: End Rendering image
06-29 13:33:53.278 23488 23519 I net.osmand:native: Native ok (init 8, rendering 0) 
06-29 13:33:53.294 23488 23519 I net.osmand: MapRenderRepositories true
06-29 13:33:53.343  1398  1398 D gralloc_ranchu: gralloc_alloc: Creating ashmem region of size 3878912
06-29 13:33:53.484  1600  1609 I zygote  : Background concurrent copying GC freed 41971(2MB) AllocSpace objects, 32(1280KB) LOS objects, 20% free, 22MB/28MB, paused 1.514ms total 1.799s
06-29 13:33:53.623 23488 23498 I zygote  : NativeAlloc concurrent copying GC freed 26340(1347KB) AllocSpace objects, 5(164KB) LOS objects, 25% free, 17MB/23MB, paused 4.069ms total 627.645ms
06-29 13:33:53.647  1964  4580 W ResourceType: ResTable_typeSpec entry count inconsistent: given 15, previously 22
06-29 13:33:54.858  1600  1621 I zygote  : Explicit concurrent copying GC freed 24064(1435KB) AllocSpace objects, 0(0B) LOS objects, 21% free, 21MB/27MB, paused 1.094ms total 299.717ms
06-29 13:33:55.250  1964 24966 I Places  : ?: PlacesBleScanner stop()
06-29 13:33:55.251  1964  1964 I BeaconBle: Scan : No clients left, canceling alarm.
06-29 13:33:55.251  1964  1964 I BeaconBle: Scan canceled successfully.
06-29 13:33:55.270  1964 24966 I PlaceInferenceEngine: [anon] Changed inference mode: 0
06-29 13:33:55.271  1964 24966 I PlaceInferenceEngine: [account#1066226748] Changed inference mode: 0
06-29 13:33:55.352  1964  1964 I GeofencerStateMachine: removeGeofences: removeRequest=RemoveGeofencingRequest[REMOVE_BY_PENDING_INTENT pendingIntent=PendingIntent[creatorPackage=com.google.android.gms], packageName=com.google.android.gms]
06-29 13:33:55.385  1964  3202 W MessageQueue: Handler (aeyl) {72c2391} sending message to a Handler on a dead thread
06-29 13:33:55.385  1964  3202 W MessageQueue: java.lang.IllegalStateException: Handler (aeyl) {72c2391} sending message to a Handler on a dead thread
06-29 13:33:55.385  1964  3202 W MessageQueue: 	at android.os.MessageQueue.enqueueMessage(MessageQueue.java:545)
06-29 13:33:55.385  1964  3202 W MessageQueue: 	at android.os.Handler.enqueueMessage(Handler.java:662)
06-29 13:33:55.385  1964  3202 W MessageQueue: 	at android.os.Handler.sendMessageAtTime(Handler.java:631)
06-29 13:33:55.385  1964  3202 W MessageQueue: 	at aeyl.sendMessageAtTime(Unknown Source:3)
06-29 13:33:55.385  1964  3202 W MessageQueue: 	at android.os.Handler.sendMessageDelayed(Handler.java:601)
06-29 13:33:55.385  1964  3202 W MessageQueue: 	at android.os.Handler.post(Handler.java:357)
06-29 13:33:55.385  1964  3202 W MessageQueue: 	at bcln.execute(Unknown Source:2)
06-29 13:33:55.385  1964  3202 W MessageQueue: 	at aanh.execute(Unknown Source:9)
06-29 13:33:55.385  1964  3202 W MessageQueue: 	at avft.a(:com.google.android.gms@17785022@17.7.85 (040700-253824076):3)
06-29 13:33:55.385  1964  3202 W MessageQueue: 	at avgk.a(:com.google.android.gms@17785022@17.7.85 (040700-253824076):8)
06-29 13:33:55.385  1964  3202 W MessageQueue: 	at avgn.a(:com.google.android.gms@17785022@17.7.85 (040700-253824076):43)
06-29 13:33:55.385  1964  3202 W MessageQueue: 	at avgj.a(:com.google.android.gms@17785022@17.7.85 (040700-253824076):2)
06-29 13:33:55.385  1964  3202 W MessageQueue: 	at rpj.a(:com.google.android.gms@17785022@17.7.85 (040700-253824076):3)
06-29 13:33:55.385  1964  3202 W MessageQueue: 	at rpj.a(:com.google.android.gms@17785022@17.7.85 (040700-253824076):2)
06-29 13:33:55.385  1964  3202 W MessageQueue: 	at agos.a(Unknown Source:2)
06-29 13:33:55.385  1964  3202 W MessageQueue: 	at rnt.a(Unknown Source:11)
06-29 13:33:55.385  1964  3202 W MessageQueue: 	at aamg.a(:com.google.android.gms@17785022@17.7.85 (040700-253824076):1)
06-29 13:33:55.385  1964  3202 W MessageQueue: 	at cwm.onTransact(:com.google.android.gms@17785022@17.7.85 (040700-253824076):4)
06-29 13:33:55.385  1964  3202 W MessageQueue: 	at android.os.Binder.execTransact(Binder.java:697)
06-29 13:33:58.761  1600  1613 E memtrack: Couldn't load memtrack module
06-29 13:33:58.761  1600  1613 W android.os.Debug: failed to get memory consumption info: -1
06-29 13:33:58.854  1600  1613 E memtrack: Couldn't load memtrack module
06-29 13:33:58.854  1600  1613 W android.os.Debug: failed to get memory consumption info: -1
06-29 13:33:59.950  2629  2890 I WorkerManager: dispose()
06-29 13:33:59.952  2629  2890 W ThreadPoolDumper: Queue length for executor EventBus is now 11. Perhaps some tasks are too long, or the pool is too small.
06-29 13:34:00.275  1964  1964 I BeaconBle: Scan : No clients left, canceling alarm.
06-29 13:34:01.416 23488 23488 I net.osmand: TTSCommandPlayerImpl Send message to pebble sem sinal g p s 
06-29 13:34:01.416 23488 23488 D net.osmand: AbstractPrologCommandPlayer requestAudioFocus
06-29 13:34:01.421 23488 23488 W AudioManager: Use of stream types is deprecated for operations other than volume control
06-29 13:34:01.421 23488 23488 W AudioManager: See the documentation of requestAudioFocus() for what to use instead with android.media.AudioAttributes to qualify your playback use case
06-29 13:34:01.423  1600  2206 I MediaFocusControl: requestAudioFocus() from uid/pid 10104/23488 clientId=android.media.AudioManager@68e89e5net.osmand.plus.api.AudioFocusHelperImpl@53b299f callingPack=net.osmand req=3 flags=0x0 sdk=26
06-29 13:34:01.425 23488 23488 D net.osmand: TTSCommandPlayerImpl ttsRequests=1
06-29 13:34:01.435 23796 23843 I TTS.GoogleTTSServiceImp: Synthesis request for locale por-BRA and name pt-BR-language
06-29 13:34:01.437 23796 23843 I TTS.GoogleTTSServiceImp: TTS dispatch: pt-br-x-afs-lstm-embedded
06-29 13:34:01.452 23796 23844 D AudioTrack: Client defaulted notificationFrames to 1365 for frameCount 4096
06-29 13:34:01.480  1390  2659 W audio_hw_generic: Not supplying enough data to HAL, expected position 146897415 , only wrote 146897280
06-29 13:34:01.497  1600  2099 V MediaRouterService: restoreBluetoothA2dp(false)
06-29 13:34:02.756  1390  2659 W audio_hw_generic: Not supplying enough data to HAL, expected position 146958504 , only wrote 146958480
06-29 13:34:02.758  1390  2659 W audio_hw_generic: Not supplying enough data to HAL, expected position 146958595 , only wrote 146958480
06-29 13:34:03.583 23796 23844 D AudioTrack: stop() called with 44330 frames delivered
06-29 13:34:03.585 23488 23914 D net.osmand: AbstractPrologCommandPlayer abandonAudioFocus
06-29 13:34:03.587  1600  2206 I MediaFocusControl: abandonAudioFocus() from uid/pid 10104/23488 clientId=android.media.AudioManager@68e89e5net.osmand.plus.api.AudioFocusHelperImpl@53b299f
06-29 13:34:03.600 23488 23914 D net.osmand: TTSCommandPlayerImpl ttsRequests=0
06-29 13:34:04.148  1600 24881 D NetworkMonitor/NetworkAgentInfo [MOBILE (GPRS) - 102]: PROBE_FALLBACK http://play.googleapis.com/generate_204 Probe failed with exception java.net.UnknownHostException: Unable to resolve host "play.googleapis.com": No address associated with hostname
06-29 13:34:03.584  1600  2099 V MediaRouterService: restoreBluetoothA2dp(false)
06-29 13:34:04.149  1600  1678 D ConnectivityService: NetworkAgentInfo [MOBILE (GPRS) - 102] validation failed
06-29 13:34:06.488  1390  2659 W audio_hw_generic: Not supplying enough data to HAL, expected position 147137506 , only wrote 147137040
06-29 13:34:06.490  1390  2659 W audio_hw_generic: Not supplying enough data to HAL, expected position 147137157 , only wrote 147137040
06-29 13:34:06.506  1390  2659 W audio_hw_generic: Not supplying enough data to HAL, expected position 147137792 , only wrote 147137760
06-29 13:34:06.583  1390  1390 W audio_hw_generic: Not supplying enough data to HAL, expected position 147144803 , only wrote 147141360
06-29 13:34:06.700  1964  1964 I GeofencerStateMachine: sendQueryLocationOptIn
06-29 13:34:06.703  1600  1613 I GnssLocationProvider: WakeLock acquired by sendMessage(ENABLE, 1, null)
06-29 13:34:06.704  1600  1613 I GnssLocationProvider: WakeLock acquired by sendMessage(SET_REQUEST, 0, com.android.server.location.GnssLocationProvider$GpsRequest@c1b6698)
06-29 13:34:06.712  1600  1614 W BroadcastQueue: Background execution not allowed: receiving Intent { act=android.location.PROVIDERS_CHANGED flg=0x10 } to com.google.android.apps.maps/com.google.android.apps.gmm.locationsharing.usr.LocationAvailabilityChecker$LocationProvidersChangedBroadcastReceiver
06-29 13:34:06.715  1600  1614 W BroadcastQueue: Background execution not allowed: receiving Intent { act=android.location.PROVIDERS_CHANGED flg=0x10 } to com.google.android.gms/com.google.android.location.internal.NlpNetworkProviderSettingsUpdateReceiver
06-29 13:34:06.717  1600  1614 W BroadcastQueue: Background execution not allowed: receiving Intent { act=android.location.PROVIDERS_CHANGED flg=0x10 } to com.google.android.gms/.chimera.GmsIntentOperationService$PersistentTrustedReceiver
06-29 13:34:06.717  1397  1397 W GnssHAL_GnssInterface: setCallback called more than once. Unexpected unless test.
06-29 13:34:06.718  1600  1614 W BroadcastQueue: Background execution not allowed: receiving Intent { act=android.location.PROVIDERS_CHANGED flg=0x10 } to com.google.android.googlequicksearchbox/com.google.android.apps.gsa.broadcastreceiver.external.ExternalCommonBroadcastReceiver
06-29 13:34:06.719  1600  1614 W BroadcastQueue: Background execution not allowed: receiving Intent { act=android.location.MODE_CHANGED flg=0x10 } to com.google.android.apps.maps/com.google.android.apps.gmm.locationsharing.usr.LocationAvailabilityChecker$LocationProvidersChangedBroadcastReceiver
06-29 13:34:06.719  1600  1613 D GnssLocationProvider: gnssSetSystemInfoCb: yearOfHw=2015
06-29 13:34:06.719  1600  1614 W BroadcastQueue: Background execution not allowed: receiving Intent { act=android.location.MODE_CHANGED flg=0x10 } to com.google.android.gms/.chimera.GmsIntentOperationService$PersistentTrustedReceiver
06-29 13:34:06.719  1600  1613 D GnssLocationProvider: gnssSetCapabilitesCb: 0u
06-29 13:34:06.720  1600  1613 D GnssLocationProvider: gnssSetSystemInfoCb: yearOfHw=2015
06-29 13:34:06.720  1600  1613 E GnssLocationProvider: Unable to initialize GNSS Xtra interface
06-29 13:34:06.720  1600  1613 E GnssLocationProvider: Unable to Initialize AGnss interface
06-29 13:34:06.720  1600  1613 E GnssLocationProvider: Unable to initialize GNSS Geofencing interface
06-29 13:34:06.720  1600  1613 E GnssLocationProvider: Unable to initialize GNSS NI interface
06-29 13:34:06.720  1600  1613 E GnssLocationProvider: no AGPS interface in set_agps_server
06-29 13:34:06.720  1600  1613 E GnssLocationProvider: Failed to initialize GNSS batching
06-29 13:34:06.720  1600  1613 I GnssLocationProvider: WakeLock released by handleMessage(ENABLE, 1, null)
06-29 13:34:06.721  1600  1613 I GnssLocationProvider: WakeLock released by handleMessage(SET_REQUEST, 0, com.android.server.location.GnssLocationProvider$GpsRequest@c1b6698)
06-29 13:34:06.721  1600  1613 E memtrack: Couldn't load memtrack module
06-29 13:34:06.722  1600  1613 W android.os.Debug: failed to get memory consumption info: -1
06-29 13:34:06.740  1600  1600 D GpsNetInitiatedHandler: location enabled :true
06-29 13:34:06.846  1600  7916 W ActivityManager: Unable to start service Intent { act=com.google.android.gms.nearby.discovery:ACTION_PERMISSION_CHANGE cmp=com.google.android.gms/.nearby.discovery.service.DiscoveryService } U=0: not found
06-29 13:34:06.848  1964 25047 I GCoreUlr: Starting service, intent=Intent { act=com.google.android.location.reporting.ACTION_UPDATE_WORLD cmp=com.google.android.gms/com.google.android.location.reporting.service.DispatchingService (has extras) }, extras=Bundle[{receiverAction=android.location.PROVIDERS_CHANGED}]
06-29 13:34:06.970  1964  1964 E BluetoothAdapter: Bluetooth binder is null
06-29 13:34:07.051  1964 24609 I GCoreUlr: WorldUpdater received intent Intent { act=com.google.android.location.reporting.ACTION_UPDATE_WORLD cmp=com.google.android.gms/com.google.android.location.reporting.service.DispatchingService (has extras) } with receiverAction android.location.PROVIDERS_CHANGED
06-29 13:34:07.078  1964 24609 I GCoreUlr: WorldUpdater:android.location.PROVIDERS_CHANGED: Ensuring that reporting is stopped because of reasons: {account#8#=[InactiveReason{mIdentifier=6, mName='ReportingNotEnabled'}, InactiveReason{mIdentifier=14, mName='HistoryNotEnabled'}]}
06-29 13:34:07.119  1964 24609 I GCoreUlr: Unbound from all signal providers.
06-29 13:34:07.120  1964 24970 I GCoreUlr: Successfully accounts update
06-29 13:34:07.147  1964 24609 I GCoreUlr: DispatchingService ignoring Intent { act=android.net.wifi.WIFI_STATE_CHANGED flg=0x4000010 (has extras) } because ULR inactive
06-29 13:34:07.171  1964  1964 I GCoreUlr: Unbound from all signal providers.
06-29 13:34:07.171  1964  1964 I GCoreUlr: Stopping handler for UlrDispSvcFast
06-29 13:34:07.177  1964 24609 I GCoreUlr: Successfully accounts update
06-29 13:34:07.232  1964  1964 I GeofencerStateMachine: sendQueryLocationOptIn
06-29 13:34:07.245  1600  1613 I GnssLocationProvider: WakeLock acquired by sendMessage(ENABLE, 0, null)
06-29 13:34:07.250  1600  1614 W BroadcastQueue: Background execution not allowed: receiving Intent { act=android.location.PROVIDERS_CHANGED flg=0x10 } to com.google.android.apps.maps/com.google.android.apps.gmm.locationsharing.usr.LocationAvailabilityChecker$LocationProvidersChangedBroadcastReceiver
06-29 13:34:07.250  1600  1614 W BroadcastQueue: Background execution not allowed: receiving Intent { act=android.location.PROVIDERS_CHANGED flg=0x10 } to com.google.android.gms/com.google.android.location.internal.NlpNetworkProviderSettingsUpdateReceiver
06-29 13:34:07.251  1600  1614 W BroadcastQueue: Background execution not allowed: receiving Intent { act=android.location.PROVIDERS_CHANGED flg=0x10 } to com.google.android.gms/.chimera.GmsIntentOperationService$PersistentTrustedReceiver
06-29 13:34:07.251  1600  1614 W BroadcastQueue: Background execution not allowed: receiving Intent { act=android.location.PROVIDERS_CHANGED flg=0x10 } to com.google.android.googlequicksearchbox/com.google.android.apps.gsa.broadcastreceiver.external.ExternalCommonBroadcastReceiver
06-29 13:34:07.256  1600  1614 W BroadcastQueue: Background execution not allowed: receiving Intent { act=android.location.MODE_CHANGED flg=0x10 } to com.google.android.apps.maps/com.google.android.apps.gmm.locationsharing.usr.LocationAvailabilityChecker$LocationProvidersChangedBroadcastReceiver
06-29 13:34:07.256  1600  1614 W BroadcastQueue: Background execution not allowed: receiving Intent { act=android.location.MODE_CHANGED flg=0x10 } to com.google.android.gms/.chimera.GmsIntentOperationService$PersistentTrustedReceiver
06-29 13:34:07.263  1964  2456 I GeofencerStateMachine: GPS disabled.
06-29 13:34:07.270  1600  1613 I GnssLocationProvider: WakeLock released by handleMessage(ENABLE, 0, null)
06-29 13:34:07.275  1600  1600 D GpsNetInitiatedHandler: location enabled :false
06-29 13:34:07.314  1398  1398 D gralloc_ranchu: gralloc_alloc: Creating ashmem region of size 724992
06-29 13:34:07.331  1398  1398 D gralloc_ranchu: gralloc_alloc: Creating ashmem region of size 724992
06-29 13:34:07.340  1398  1435 D gralloc_ranchu: gralloc_alloc: Creating ashmem region of size 724992
06-29 13:34:07.374 23488 23530 D EGL_emulation: eglMakeCurrent: 0x894fd4a0: ver 2 0 (tinfo 0x895de8b0)
06-29 13:34:07.414  1600  2099 W ActivityManager: Unable to start service Intent { act=com.google.android.gms.nearby.discovery:ACTION_PERMISSION_CHANGE cmp=com.google.android.gms/.nearby.discovery.service.DiscoveryService } U=0: not found
06-29 13:34:07.436  1964 25049 I GCoreUlr: Starting service, intent=Intent { act=com.google.android.location.reporting.ACTION_UPDATE_WORLD cmp=com.google.android.gms/com.google.android.location.reporting.service.DispatchingService (has extras) }, extras=Bundle[{receiverAction=android.location.PROVIDERS_CHANGED}]
06-29 13:34:07.568  1964  1964 E BluetoothAdapter: Bluetooth binder is null
06-29 13:34:07.611  1964 24609 I GCoreUlr: WorldUpdater received intent Intent { act=com.google.android.location.reporting.ACTION_UPDATE_WORLD cmp=com.google.android.gms/com.google.android.location.reporting.service.DispatchingService (has extras) } with receiverAction android.location.PROVIDERS_CHANGED
06-29 13:34:07.635  1964 24609 I GCoreUlr: WorldUpdater:android.location.PROVIDERS_CHANGED: Ensuring that reporting is stopped because of reasons: {account#8#=[InactiveReason{mIdentifier=6, mName='ReportingNotEnabled'}, InactiveReason{mIdentifier=14, mName='HistoryNotEnabled'}]}
06-29 13:34:07.655  1964 24609 I GCoreUlr: Unbound from all signal providers.
06-29 13:34:07.656  1964 24970 I GCoreUlr: Successfully accounts update
06-29 13:34:07.711  1964  1964 I GCoreUlr: Unbound from all signal providers.
06-29 13:34:07.711  1964  1964 I GCoreUlr: Stopping handler for UlrDispSvcFast
06-29 13:34:07.712  1964 24970 I GCoreUlr: Successfully accounts update
06-29 13:34:07.715  1964 24609 I GCoreUlr: DispatchingService ignoring Intent { act=android.net.wifi.WIFI_STATE_CHANGED flg=0x4000010 (has extras) } because ULR inactive
06-29 13:34:10.200  1600  1613 E memtrack: Couldn't load memtrack module
06-29 13:34:10.200  1600  1613 W android.os.Debug: failed to get memory consumption info: -1
06-29 13:34:10.757 23488 23530 D EGL_emulation: eglMakeCurrent: 0x894fd4a0: ver 2 0 (tinfo 0x895de8b0)
06-29 13:34:10.762  1600  1600 W WindowManager: removeWindowToken: Attempted to remove non-existing token: android.os.Binder@b438e62
06-29 13:34:11.289  1600 25033 D NetworkMonitor/NetworkAgentInfo [WIFI () - 101]: PROBE_HTTPS https://www.google.com/generate_204 Probe failed with exception java.net.SocketTimeoutException: failed to connect to www.google.com/2800:3f0:4001:801::2004 (port 443) from /fec0::7874:a8bd:4205:7510 (port 42292) after 10000ms
06-29 13:34:11.296  1600 25034 D NetworkMonitor/NetworkAgentInfo [WIFI () - 101]: PROBE_HTTP http://connectivitycheck.gstatic.com/generate_204 Probe failed with exception java.net.SocketTimeoutException: failed to connect to connectivitycheck.gstatic.com/2800:3f0:4001:81a::2003 (port 80) from /fec0::7874:a8bd:4205:7510 (port 40522) after 10000ms
06-29 13:34:11.914  1600  2371 I WifiService: acquireWifiLock uid=10014 lockMode=2
06-29 13:34:11.989  1600  7916 I WifiService: releaseWifiLock uid=10014
06-29 13:34:14.186  1600  3204 D NetworkMonitor/NetworkAgentInfo [WIFI () - 101]: PROBE_FALLBACK http://play.googleapis.com/generate_204 Probe failed with exception java.net.SocketTimeoutException: failed to connect to play.googleapis.com/2800:3f0:4001:801::200a (port 80) from /fec0::7874:a8bd:4205:7510 (port 41592) after 10000ms
06-29 13:34:14.187  1600  1678 D ConnectivityService: NetworkAgentInfo [WIFI () - 101] validation failed
06-29 13:34:14.188  1600  1674 D WifiStateMachine: NETWORK_STATUS_UNWANTED_VALIDATION_FAILED
06-29 13:34:22.173  1600 25057 D NetworkMonitor/NetworkAgentInfo [MOBILE (GPRS) - 102]: PROBE_DNS connectivitycheck.gstatic.com 10018ms OK 172.217.172.131
06-29 13:34:22.173  1600 25056 D NetworkMonitor/NetworkAgentInfo [MOBILE (GPRS) - 102]: PROBE_DNS www.google.com 10018ms OK 172.217.28.228
06-29 13:34:22.197  1600 25061 D NetworkMonitor/NetworkAgentInfo [WIFI () - 101]: PROBE_DNS www.google.com 2ms OK 172.217.28.228,2800:3f0:4001:801::2004
06-29 13:34:22.206  1600 25062 D NetworkMonitor/NetworkAgentInfo [WIFI () - 101]: PROBE_DNS connectivitycheck.gstatic.com 11ms OK 172.217.172.131,2800:3f0:4001:81a::2003
06-29 13:34:23.293  1406  1406 I boot-pipe: done populating /dev/random
06-29 13:34:25.176  1600 25056 D NetworkMonitor/NetworkAgentInfo [MOBILE (GPRS) - 102]: PROBE_HTTPS https://www.google.com/generate_204 Probe failed with exception java.net.ConnectException: Failed to connect to www.google.com/172.217.28.228:443
06-29 13:34:25.178  1600 25057 D NetworkMonitor/NetworkAgentInfo [MOBILE (GPRS) - 102]: PROBE_HTTP http://connectivitycheck.gstatic.com/generate_204 Probe failed with exception java.net.ConnectException: Failed to connect to connectivitycheck.gstatic.com/172.217.172.131:80
06-29 13:34:26.926  1600  1678 D ConnectivityService: releasing NetworkRequest [ REQUEST id=87, [ Transports: CELLULAR Capabilities: INTERNET&NOT_RESTRICTED&TRUSTED&NOT_VPN] ] (release request)
06-29 13:34:30.029  1600  1613 E memtrack: Couldn't load memtrack module
06-29 13:34:30.030  1600  1613 W android.os.Debug: failed to get memory consumption info: -1
06-29 13:34:30.107  1600  1613 E memtrack: Couldn't load memtrack module
06-29 13:34:30.107  1600  1613 W android.os.Debug: failed to get memory consumption info: -1
06-29 13:34:30.194  1600  1613 E memtrack: Couldn't load memtrack module
06-29 13:34:30.194  1600  1613 W android.os.Debug: failed to get memory consumption info: -1
06-29 13:34:31.931  1600  2099 I WifiService: acquireWifiLock uid=10014 lockMode=2
06-29 13:34:34.905  1600  7916 D WificondControl: Scan result ready event
06-29 13:34:34.961  1964  1964 I GeofencerStateMachine: sendNewTransitions called.
06-29 13:34:34.976  1600 24881 D NetworkMonitor/NetworkAgentInfo [MOBILE (GPRS) - 102]: PROBE_FALLBACK http://www.google.com/gen_204 Probe failed with exception java.net.ConnectException: Failed to connect to www.google.com/172.217.28.228:80
06-29 13:34:34.977  1600  1678 D ConnectivityService: NetworkAgentInfo [MOBILE (GPRS) - 102] validation failed
06-29 13:34:34.979  1600  1613 E memtrack: Couldn't load memtrack module
06-29 13:34:34.979  1600  1613 W android.os.Debug: failed to get memory consumption info: -1
06-29 13:34:35.008  1600  2206 I WifiService: releaseWifiLock uid=10014
06-29 13:34:35.017  1964  1964 I GeofencerStateMachine: sendNewTransitions called.
06-29 13:34:35.032  1964  1964 I GeofencerStateMachine: sendNewLocationAvailability: availability=LocationAvailability[isLocationAvailable: true]
06-29 13:34:35.095  1964  1964 I GeofencerStateMachine: sendNewLocationAvailability: availability=LocationAvailability[isLocationAvailable: true]
06-29 13:34:35.186  1600 25061 D NetworkMonitor/NetworkAgentInfo [WIFI () - 101]: PROBE_HTTPS https://www.google.com/generate_204 Probe failed with exception java.net.SocketTimeoutException: failed to connect to www.google.com/2800:3f0:4001:801::2004 (port 443) from /fec0::7874:a8bd:4205:7510 (port 42300) after 10000ms
06-29 13:34:38.184  1600 25062 D NetworkMonitor/NetworkAgentInfo [WIFI () - 101]: PROBE_HTTP http://connectivitycheck.gstatic.com/generate_204 Probe failed with exception java.net.SocketTimeoutException: failed to connect to connectivitycheck.gstatic.com/2800:3f0:4001:81a::2003 (port 80) from /fec0::7874:a8bd:4205:7510 (port 40532) after 10000ms
06-29 13:34:38.189  1600  3204 D NetworkMonitor/NetworkAgentInfo [WIFI () - 101]: PROBE_FALLBACK http://www.google.com/gen_204 Probe failed with exception java.net.SocketTimeoutException: failed to connect to www.google.com/2800:3f0:4001:801::2004 (port 80) from /fec0::7874:a8bd:4205:7510 (port 59305) after 10000ms
06-29 13:34:38.193  1600  1678 D ConnectivityService: NetworkAgentInfo [WIFI () - 101] validation failed
06-29 13:34:38.194  1600  1674 D WifiStateMachine: NETWORK_STATUS_UNWANTED_VALIDATION_FAILED
06-29 13:34:48.012  1600  1617 E BatteryExternalStatsWorker: modem info is invalid: ModemActivityInfo{ mTimestamp=0 mSleepTimeMs=0 mIdleTimeMs=0 mTxTimeMs[]=[0, 0, 0, 0, 0] mRxTimeMs=0 mEnergyUsed=0}
06-29 13:34:52.950  1600  7916 I WifiService: acquireWifiLock uid=10014 lockMode=2
06-29 13:34:53.033  1600  2371 I WifiService: releaseWifiLock uid=10014
06-29 13:34:53.218  1600  1609 I zygote  : Background concurrent copying GC freed 41357(2MB) AllocSpace objects, 7(140KB) LOS objects, 21% free, 21MB/27MB, paused 1.041ms total 240.336ms
06-29 13:34:54.214  1600 25076 D NetworkMonitor/NetworkAgentInfo [WIFI () - 101]: PROBE_DNS connectivitycheck.gstatic.com 4ms OK 172.217.172.131,2800:3f0:4001:81a::2003
06-29 13:35:00.023  1399  1414 D hwcomposer: hw_composer sent 46 syncs in 77s
06-29 13:35:01.012  1600 25069 D NetworkMonitor/NetworkAgentInfo [MOBILE (GPRS) - 102]: PROBE_DNS connectivitycheck.gstatic.com 10014ms OK 172.217.172.131
06-29 13:35:04.226  1600 25075 D NetworkMonitor/NetworkAgentInfo [WIFI () - 101]: PROBE_DNS www.google.com 10017ms OK 2800:3f0:4001:801::2004
06-29 13:35:05.180  1600 25076 D NetworkMonitor/NetworkAgentInfo [WIFI () - 101]: PROBE_HTTP http://connectivitycheck.gstatic.com/generate_204 Probe failed with exception java.net.SocketTimeoutException: failed to connect to connectivitycheck.gstatic.com/2800:3f0:4001:81a::2003 (port 80) from /fec0::7874:a8bd:4205:7510 (port 40535) after 10000ms
06-29 13:35:11.025  1600 25069 D NetworkMonitor/NetworkAgentInfo [MOBILE (GPRS) - 102]: PROBE_HTTP http://connectivitycheck.gstatic.com/generate_204 Probe failed with exception java.net.SocketTimeoutException: failed to connect to connectivitycheck.gstatic.com/172.217.172.131 (port 80) from /192.168.200.2 (port 38133) after 10000ms
06-29 13:35:12.962  1600  2206 I WifiService: acquireWifiLock uid=10014 lockMode=2
06-29 13:35:14.235  1600 25075 D NetworkMonitor/NetworkAgentInfo [WIFI () - 101]: PROBE_HTTPS https://www.google.com/generate_204 Probe failed with exception java.net.SocketTimeoutException: failed to connect to www.google.com/2800:3f0:4001:801::2004 (port 443) from /fec0::7874:a8bd:4205:7510 (port 42308) after 10000ms
06-29 13:35:15.934  1600  2099 D WificondControl: Scan result ready event
06-29 13:35:15.974  1964  1964 I GeofencerStateMachine: sendNewTransitions called.
06-29 13:35:15.996  1600  2206 I WifiService: releaseWifiLock uid=10014
06-29 13:35:17.243  1600  3204 D NetworkMonitor/NetworkAgentInfo [WIFI () - 101]: PROBE_FALLBACK http://play.googleapis.com/generate_204 Probe failed with exception java.net.SocketTimeoutException: failed to connect to play.googleapis.com/2800:3f0:4001:801::200a (port 80) from /fec0::7874:a8bd:4205:7510 (port 41607) after 9999ms
06-29 13:35:17.244  1600  1678 D ConnectivityService: NetworkAgentInfo [WIFI () - 101] validation failed
06-29 13:35:17.245  1600  1674 D WifiStateMachine: NETWORK_STATUS_UNWANTED_VALIDATION_FAILED
06-29 13:35:23.295  1406  1406 I boot-pipe: done populating /dev/random
06-29 13:35:31.057  1600 25068 D NetworkMonitor/NetworkAgentInfo [MOBILE (GPRS) - 102]: PROBE_DNS www.google.com 40061ms FAIL
06-29 13:35:31.059  1600 25068 D NetworkMonitor/NetworkAgentInfo [MOBILE (GPRS) - 102]: PROBE_HTTPS https://www.google.com/generate_204 Probe failed with exception java.net.UnknownHostException: Unable to resolve host "www.google.com": No address associated with hostname
06-29 13:35:34.541  1600  5378 I WifiService: acquireWifiLock uid=10014 lockMode=2
06-29 13:35:34.569  1600  2099 W ActivityManager: Background start not allowed: service Intent { cmp=com.google.android.apps.messaging/.shared.datamodel.action.execution.ActionExecutorImpl$EmptyService } to com.google.android.apps.messaging/.shared.datamodel.action.execution.ActionExecutorImpl$EmptyService from pid=24271 uid=10068 pkg=com.google.android.apps.messaging
06-29 13:35:34.586 24271 24353 I Bugle   : CountryCodeDetector: updateMainDeviceCountry from default subscription network country. detected country: us
06-29 13:35:34.630  1600  2099 I WifiService: releaseWifiLock uid=10014
06-29 13:35:41.073  1600 24881 D NetworkMonitor/NetworkAgentInfo [MOBILE (GPRS) - 102]: PROBE_FALLBACK http://www.google.com/gen_204 Probe failed with exception java.net.UnknownHostException: Unable to resolve host "www.google.com": No address associated with hostname
06-29 13:35:41.074  1600  1678 D ConnectivityService: NetworkAgentInfo [MOBILE (GPRS) - 102] validation failed
06-29 13:35:45.101  1600  5378 W ActivityManager: Background start not allowed: service Intent { cmp=com.google.android.apps.messaging/.shared.datamodel.action.execution.ActionExecutorImpl$EmptyService } to com.google.android.apps.messaging/.shared.datamodel.action.execution.ActionExecutorImpl$EmptyService from pid=24271 uid=10068 pkg=com.google.android.apps.messaging
06-29 13:35:45.105 24271 24271 W BugleDataModel: ActionExecutorImpl: Action started execution, but we can't guarantee it will complete, the app may be killed. Action: class com.google.android.apps.messaging.shared.datamodel.action.SelfParticipantsRefreshAction-SelfParticipantsRefreshAction:13995492019
06-29 13:35:45.105 24271 24271 W BugleDataModel: java.lang.IllegalStateException: Not allowed to start service Intent { cmp=com.google.android.apps.messaging/.shared.datamodel.action.execution.ActionExecutorImpl$EmptyService }: app is in background uid UidRecord{7779dfe u0a68 CEM  idle change:cached procs:2 seq(0,0,0)}
06-29 13:35:45.105 24271 24271 W BugleDataModel: 	at android.app.ContextImpl.startServiceCommon(ContextImpl.java:1521)
06-29 13:35:45.105 24271 24271 W BugleDataModel: 	at android.app.ContextImpl.startService(ContextImpl.java:1477)
06-29 13:35:45.105 24271 24271 W BugleDataModel: 	at android.content.ContextWrapper.startService(ContextWrapper.java:650)
06-29 13:35:45.105 24271 24271 W BugleDataModel: 	at com.google.android.apps.messaging.shared.datamodel.action.execution.ActionExecutorImpl.a(SourceFile:21)
06-29 13:35:45.105 24271 24271 W BugleDataModel: 	at com.google.android.apps.messaging.shared.datamodel.action.execution.ActionExecutorImpl.a(SourceFile:17)
06-29 13:35:45.105 24271 24271 W BugleDataModel: 	at efs.c(SourceFile:12)
06-29 13:35:45.105 24271 24271 W BugleDataModel: 	at efr.run(Unknown Source:1)
06-29 13:35:45.105 24271 24271 W BugleDataModel: 	at android.os.Handler.handleCallback(Handler.java:790)
06-29 13:35:45.105 24271 24271 W BugleDataModel: 	at android.os.Handler.dispatchMessage(Handler.java:99)
06-29 13:35:45.105 24271 24271 W BugleDataModel: 	at android.os.Looper.loop(Looper.java:164)
06-29 13:35:45.105 24271 24271 W BugleDataModel: 	at android.app.ActivityThread.main(ActivityThread.java:6494)
06-29 13:35:45.105 24271 24271 W BugleDataModel: 	at java.lang.reflect.Method.invoke(Native Method)
06-29 13:35:45.105 24271 24271 W BugleDataModel: 	at com.android.internal.os.RuntimeInit$MethodAndArgsCaller.run(RuntimeInit.java:438)
06-29 13:35:45.105 24271 24271 W BugleDataModel: 	at com.android.internal.os.ZygoteInit.main(ZygoteInit.java:807)
06-29 13:35:45.110 24271 24353 I BugleDataModel: ParticipantRefresh: Start participant refresh. refreshMode: 1
06-29 13:35:45.465  1600  1613 E memtrack: Couldn't load memtrack module
06-29 13:35:45.465  1600  1613 W android.os.Debug: failed to get memory consumption info: -1
06-29 13:35:45.571  1600  1613 E memtrack: Couldn't load memtrack module
06-29 13:35:45.572  1600  1613 W android.os.Debug: failed to get memory consumption info: -1
06-29 13:35:45.625 24271 24353 I BugleDataModel: ParticipantRefresh: Number of participants refreshed: 0
06-29 13:35:49.095  1600  1617 E BatteryExternalStatsWorker: modem info is invalid: ModemActivityInfo{ mTimestamp=0 mSleepTimeMs=0 mIdleTimeMs=0 mTxTimeMs[]=[0, 0, 0, 0, 0] mRxTimeMs=0 mEnergyUsed=0}
06-29 13:35:49.283  1600 25083 D NetworkMonitor/NetworkAgentInfo [WIFI () - 101]: PROBE_DNS www.google.com 14ms OK 172.217.28.228,2800:3f0:4001:801::2004
06-29 13:35:49.289  1600 25084 D NetworkMonitor/NetworkAgentInfo [WIFI () - 101]: PROBE_DNS connectivitycheck.gstatic.com 17ms OK 172.217.172.131,2800:3f0:4001:81a::2003
06-29 13:35:54.781 23540 23558 I Finsky  : [783] imb.run(3): Stats for Executor: BlockingExecutor ink@f29ae84[Running, pool size = 0, active threads = 0, queued tasks = 0, completed tasks = 13]
06-29 13:35:54.834 23540 23558 I Finsky  : [783] imb.run(3): Stats for Executor: LightweightExecutor ink@603b66d[Running, pool size = 2, active threads = 0, queued tasks = 0, completed tasks = 64]
06-29 13:35:55.563  1600  2099 I WifiService: acquireWifiLock uid=10014 lockMode=2
06-29 13:35:56.263 23540 23558 I Finsky  : [783] imb.run(3): Stats for Executor: bgExecutor ink@67812a2[Running, pool size = 4, active threads = 0, queued tasks = 0, completed tasks = 32]
06-29 13:35:58.534  1600  2206 D WificondControl: Scan result ready event
06-29 13:35:58.575  1600  5378 I WifiService: releaseWifiLock uid=10014
06-29 13:35:58.580  1964  1964 I GeofencerStateMachine: sendNewTransitions called.
06-29 13:36:00.005  1600  1613 E memtrack: Couldn't load memtrack module
06-29 13:36:00.006  1600  1613 W android.os.Debug: failed to get memory consumption info: -1
06-29 13:36:00.029  1399  1414 D hwcomposer: hw_composer sent 6 syncs in 60s
06-29 13:36:00.122  1600  1613 E memtrack: Couldn't load memtrack module
06-29 13:36:00.123  1600  1613 W android.os.Debug: failed to get memory consumption info: -1
06-29 13:36:00.290  1600 25084 D NetworkMonitor/NetworkAgentInfo [WIFI () - 101]: PROBE_HTTP http://connectivitycheck.gstatic.com/generate_204 Probe failed with exception java.net.SocketTimeoutException: timeout
06-29 13:36:03.776  1600 25083 D NetworkMonitor/NetworkAgentInfo [WIFI () - 101]: PROBE_HTTPS https://www.google.com/generate_204 Probe failed with exception java.net.ConnectException: Failed to connect to www.google.com/2800:3f0:4001:801::2004:443
06-29 13:36:03.776  1600  3204 D NetworkMonitor/NetworkAgentInfo [WIFI () - 101]: PROBE_FALLBACK http://www.google.com/gen_204 Probe failed with exception java.net.ConnectException: Failed to connect to www.google.com/2800:3f0:4001:801::2004:80
06-29 13:36:03.786  1600  1678 D ConnectivityService: NetworkAgentInfo [WIFI () - 101] validation failed
06-29 13:36:03.787  1600  1674 D WifiStateMachine: NETWORK_STATUS_UNWANTED_VALIDATION_FAILED
06-29 13:36:13.127  1600 25090 D NetworkMonitor/NetworkAgentInfo [MOBILE (GPRS) - 102]: PROBE_DNS www.google.com 23ms OK 172.217.28.228,2800:3f0:4001:801::2004
06-29 13:36:13.127  1600 25091 D NetworkMonitor/NetworkAgentInfo [MOBILE (GPRS) - 102]: PROBE_DNS connectivitycheck.gstatic.com 21ms OK 172.217.172.131,2800:3f0:4001:81a::2003
06-29 13:36:17.132  1600  2206 I WifiService: acquireWifiLock uid=10014 lockMode=2
06-29 13:36:17.136  1600  1613 E memtrack: Couldn't load memtrack module
06-29 13:36:17.136  1600  1613 W android.os.Debug: failed to get memory consumption info: -1
06-29 13:36:17.208  1600  7948 I WifiService: releaseWifiLock uid=10014
06-29 13:36:19.125  1600 25091 D NetworkMonitor/NetworkAgentInfo [MOBILE (GPRS) - 102]: PROBE_HTTP http://connectivitycheck.gstatic.com/generate_204 Probe failed with exception java.net.ConnectException: Failed to connect to connectivitycheck.gstatic.com/172.217.172.131:80
06-29 13:36:19.125  1600 25090 D NetworkMonitor/NetworkAgentInfo [MOBILE (GPRS) - 102]: PROBE_HTTPS https://www.google.com/generate_204 Probe failed with exception java.net.ConnectException: Failed to connect to www.google.com/172.217.28.228:443
06-29 13:36:19.129  1600 24881 D NetworkMonitor/NetworkAgentInfo [MOBILE (GPRS) - 102]: PROBE_FALLBACK http://www.google.com/gen_204 Probe failed with exception java.net.ConnectException: Failed to connect to www.google.com/172.217.28.228:80
06-29 13:36:19.134  1600  1678 D ConnectivityService: NetworkAgentInfo [MOBILE (GPRS) - 102] validation failed
06-29 13:36:20.096  1600  2371 D WificondControl: Scan result ready event
06-29 13:36:23.298  1406  1406 I boot-pipe: done populating /dev/random
06-29 13:36:33.179  1600  1617 E BatteryExternalStatsWorker: modem info is invalid: ModemActivityInfo{ mTimestamp=0 mSleepTimeMs=0 mIdleTimeMs=0 mTxTimeMs[]=[0, 0, 0, 0, 0] mRxTimeMs=0 mEnergyUsed=0}
06-29 13:36:37.143  1600  2099 I WifiService: acquireWifiLock uid=10014 lockMode=2
06-29 13:36:37.152  1600  1613 E memtrack: Couldn't load memtrack module
06-29 13:36:37.152  1600  1613 W android.os.Debug: failed to get memory consumption info: -1
06-29 13:36:37.189  1964  1964 I GeofencerStateMachine: sendNewTransitions called.
06-29 13:36:37.213  1600  7948 I WifiService: releaseWifiLock uid=10014
06-29 13:36:37.255  1600  1613 E memtrack: Couldn't load memtrack module
06-29 13:36:37.255  1600  1613 W android.os.Debug: failed to get memory consumption info: -1
06-29 13:36:52.005  1600  1617 I WifiService: requestActivityInfo uid=1000
06-29 13:36:52.006  1600  1617 I WifiService: reportActivityInfo uid=1000
06-29 13:36:52.006  1600  1617 I WifiService: getSupportedFeatures uid=1000
06-29 13:36:58.164  1600  2206 I WifiService: acquireWifiLock uid=10014 lockMode=2
06-29 13:36:58.171  1600  1613 E memtrack: Couldn't load memtrack module
06-29 13:36:58.171  1600  1613 W android.os.Debug: failed to get memory consumption info: -1
06-29 13:37:00.023  1399  1414 D hwcomposer: hw_composer sent 6 syncs in 60s
06-29 13:37:01.165  1600  2206 D WificondControl: Scan result ready event
06-29 13:37:01.229  1600  2371 I WifiService: releaseWifiLock uid=10014
06-29 13:37:07.797  1600  1617 I WifiService: requestActivityInfo uid=1000
06-29 13:37:07.797  1600  1617 I WifiService: reportActivityInfo uid=1000
06-29 13:37:07.797  1600  1617 I WifiService: getSupportedFeatures uid=1000
06-29 13:37:07.814  1600 25101 D NetworkMonitor/NetworkAgentInfo [WIFI () - 101]: PROBE_DNS connectivitycheck.gstatic.com 20ms OK 172.217.172.131,2800:3f0:4001:81a::2003
06-29 13:37:07.816  1600 25100 D NetworkMonitor/NetworkAgentInfo [WIFI () - 101]: PROBE_DNS www.google.com 21ms OK 172.217.28.228,2800:3f0:4001:801::2004
06-29 13:37:09.695  1600 25101 D NetworkMonitor/NetworkAgentInfo [WIFI () - 101]: PROBE_HTTP http://connectivitycheck.gstatic.com/generate_204 time=1875ms ret=204 request={User-Agent=[Mozilla/5.0 (X11; Linux x86_64) AppleWebKit/537.36 (KHTML, like Gecko) Chrome/60.0.3112.32 Safari/537.36]} headers={null=[HTTP/1.1 204 No Content], Content-Length=[0], Date=[Sat, 29 Jun 2019 17:37:09 GMT], X-Android-Received-Millis=[1561829829694], X-Android-Response-Source=[NETWORK 204], X-Android-Selected-Protocol=[http/1.1], X-Android-Sent-Millis=[1561829828316]}
06-29 13:37:18.175  1600  2371 I WifiService: acquireWifiLock uid=10014 lockMode=2
06-29 13:37:18.257  1964  1964 I GeofencerStateMachine: sendNewTransitions called.
06-29 13:37:18.294  1600  2099 I WifiService: releaseWifiLock uid=10014
06-29 13:37:18.357  1964  1978 I zygote  : Background concurrent copying GC freed 113640(5MB) AllocSpace objects, 25(1616KB) LOS objects, 36% free, 10MB/16MB, paused 867us total 103.660ms
06-29 13:37:18.386  1600  1609 I zygote  : Background concurrent copying GC freed 70835(3MB) AllocSpace objects, 8(448KB) LOS objects, 21% free, 21MB/27MB, paused 1.490ms total 213.666ms
06-29 13:37:22.245  1600 25100 D NetworkMonitor/NetworkAgentInfo [WIFI () - 101]: PROBE_HTTPS https://www.google.com/generate_204 Probe failed with exception java.net.ConnectException: Failed to connect to www.google.com/2800:3f0:4001:801::2004:443
06-29 13:37:22.245  1600  3204 D NetworkMonitor/NetworkAgentInfo [WIFI () - 101]: PROBE_FALLBACK http://play.googleapis.com/generate_204 Probe failed with exception java.net.ConnectException: Failed to connect to play.googleapis.com/2800:3f0:4001:816::200a:80
06-29 13:37:22.250  1600  1678 D ConnectivityService: NetworkAgentInfo [WIFI () - 101] validation failed
06-29 13:37:22.251  1600  1674 D WifiStateMachine: NETWORK_STATUS_UNWANTED_VALIDATION_FAILED
06-29 13:37:23.147  1600 25106 D NetworkMonitor/NetworkAgentInfo [MOBILE (GPRS) - 102]: PROBE_DNS www.google.com 10ms OK 172.217.28.228,2800:3f0:4001:801::2004
06-29 13:37:23.147  1600 25107 D NetworkMonitor/NetworkAgentInfo [MOBILE (GPRS) - 102]: PROBE_DNS connectivitycheck.gstatic.com 11ms OK 172.217.172.131,2800:3f0:4001:81a::2003
06-29 13:37:23.301  1406  1406 I boot-pipe: done populating /dev/random
06-29 13:37:29.156  1600 25107 D NetworkMonitor/NetworkAgentInfo [MOBILE (GPRS) - 102]: PROBE_HTTP http://connectivitycheck.gstatic.com/generate_204 Probe failed with exception java.net.ConnectException: Failed to connect to connectivitycheck.gstatic.com/2800:3f0:4001:81a::2003:80
06-29 13:37:29.163  1600 25106 D NetworkMonitor/NetworkAgentInfo [MOBILE (GPRS) - 102]: PROBE_HTTPS https://www.google.com/generate_204 Probe failed with exception java.net.ConnectException: Failed to connect to www.google.com/2800:3f0:4001:801::2004:443
06-29 13:37:38.188  1600  7948 I WifiService: acquireWifiLock uid=10014 lockMode=2
06-29 13:37:38.218  1600  1678 D ConnectivityService: NetworkAgentInfo [MOBILE (GPRS) - 102] EVENT_NETWORK_INFO_CHANGED, going from CONNECTED to DISCONNECTED
06-29 13:37:38.219  1600  1678 D ConnectivityService: NetworkAgentInfo [MOBILE (GPRS) - 102] got DISCONNECTED, was satisfying 9
06-29 13:37:38.226  1482  1520 I Netd    : Destroyed 1 sockets on fec0::b85f:5d26:2faf:a41d in 0.2 ms
06-29 13:37:38.232  1600 24881 D NetworkMonitor/NetworkAgentInfo [MOBILE (GPRS) - 102]: PROBE_FALLBACK http://play.googleapis.com/generate_204 Probe failed with exception java.net.ConnectException: Failed to connect to play.googleapis.com/2800:3f0:4001:816::200a:80
06-29 13:37:38.241  1600  1678 I WifiService: getConnectionInfo uid=1000
06-29 13:37:38.248  1600  1689 I GnssLocationProvider: WakeLock acquired by sendMessage(UPDATE_NETWORK_STATE, 0, 102)
06-29 13:37:38.250  1833  1928 D DcNetworkAgent: NetworkAgent: NetworkAgent channel lost
06-29 13:37:38.250  1833  1928 D DcNetworkAgent: NetworkAgent: DcNetworkAgent: unwanted found mNetworkAgent=null, which isn't me.  Aborting unwanted
06-29 13:37:38.257  1600  1613 I GnssLocationProvider: WakeLock released by handleMessage(UPDATE_NETWORK_STATE, 0, 102)
06-29 13:37:38.274  1600  1671 D RecurrenceRule: Resolving using anchor 2019-06-29T17:37:38.274Z[GMT]
06-29 13:37:38.276  1600  1671 D RecurrenceRule: Resolving using anchor 2019-06-29T17:37:38.276Z[GMT]
06-29 13:37:38.278  1600  1671 D RecurrenceRule: Cycle 17 from 2019-06-09T00:00Z[GMT] to 2019-07-09T00:00Z[GMT]
06-29 13:37:38.278  1600  1671 D NetworkStats: Resolving plan for NetworkTemplate: matchRule=MOBILE_ALL, subscriberId=310260..., matchSubscriberIds=[310260...]
06-29 13:37:38.288  1600  1671 D NetworkStats: Found active matching subId 1
06-29 13:37:38.303  1600  2099 I ActivityManager: Start proc 25114:com.google.android.youtube/u0a79 for service com.google.android.youtube/com.firebase.jobdispatcher.GooglePlayReceiver
06-29 13:37:38.304  1600  1671 D NetworkStats: Resolved to plan null
06-29 13:37:38.306 25114 25114 W zygote  : Unexpected CPU variant for X86 using defaults: x86
06-29 13:37:38.518 25114 25114 W ResourceType: ResTable_typeSpec entry count inconsistent: given 30, previously 36
06-29 13:37:38.854 25114 25138 W YouTube : Fetching the Gservices key 'failsafe_clear_cache_release_13_02' before the end of the bulk initialization
06-29 13:37:38.864 25114 25133 W YouTube : Fetching the Gservices key 'disable_binder_callback_flush' before the end of the bulk initialization
06-29 13:37:39.336 25114 25135 I zygote  : The ClassLoaderContext is a special shared library.
06-29 13:37:39.349 25114 25135 I zygote  : The ClassLoaderContext is a special shared library.
06-29 13:37:39.471 25114 25140 E GEL_DELAYED_EVENT_DEBUG: Failed delayed event dispatch, no dispatchers.
06-29 13:37:39.510 25114 25171 I zygote  : IncrementDisableThreadFlip blocked for 5.271ms
06-29 13:37:39.720  1600  2371 I WifiService: getConnectionInfo uid=10079
06-29 13:37:39.721  1600  2371 D WifiPermissionsUtil: Denied: no location permission
06-29 13:37:39.721  1600  2371 D WifiPermissionsUtil: Denied: caller is not the current USE_OPEN_WIFI_PACKAGE
06-29 13:37:39.808  1600  2371 I WifiService: getConnectionInfo uid=10079
06-29 13:37:39.814  1600  2371 D WifiPermissionsUtil: Denied: no location permission
06-29 13:37:39.814  1600  2371 D WifiPermissionsUtil: Denied: caller is not the current USE_OPEN_WIFI_PACKAGE
06-29 13:37:39.816 25114 25135 W zygote  : Unsupported class loader
06-29 13:37:39.853 25114 25135 W zygote  : Skipping duplicate class check due to unsupported classloader
06-29 13:37:39.857 25114 25135 I DynamiteModule: Considering local module com.google.android.gms.ads.dynamite:0 and remote module com.google.android.gms.ads.dynamite:20300
06-29 13:37:39.857 25114 25135 I DynamiteModule: Selected remote version of com.google.android.gms.ads.dynamite, version >= 20300
06-29 13:37:40.032 25114 25135 W zygote  : Unsupported class loader
06-29 13:37:40.077 25114 25171 W PrimesInit: Primes instant initialization
06-29 13:37:40.102 25114 25188 W Primes  : background initialization
06-29 13:37:40.164 25114 25135 W zygote  : Skipping duplicate class check due to unsupported classloader
06-29 13:37:40.236 25114 25188 I PrimesTesting: GserviceFlagsSupplier.get()
06-29 13:37:40.294  1600  5378 I WifiService: getConnectionInfo uid=10079
06-29 13:37:40.294  1600  5378 D WifiPermissionsUtil: Denied: no location permission
06-29 13:37:40.294  1600  5378 D WifiPermissionsUtil: Denied: caller is not the current USE_OPEN_WIFI_PACKAGE
06-29 13:37:40.312  1600  2099 I WifiService: getConnectionInfo uid=10079
06-29 13:37:40.312  1600  2099 D WifiPermissionsUtil: Denied: no location permission
06-29 13:37:40.313  1600  2099 D WifiPermissionsUtil: Denied: caller is not the current USE_OPEN_WIFI_PACKAGE
06-29 13:37:40.407  1600  2371 I WifiService: getConnectionInfo uid=10079
06-29 13:37:40.408  1600  2371 D WifiPermissionsUtil: Denied: no location permission
06-29 13:37:40.408  1600  2371 D WifiPermissionsUtil: Denied: caller is not the current USE_OPEN_WIFI_PACKAGE
06-29 13:37:40.417 25114 25188 I CrashMetricService: Startup metric for 'PRIMES_CRASH_MONITORING_INITIALIZED' dropped.
06-29 13:37:40.435 25114 25135 D DynamitePackage: Instantiated singleton DynamitePackage.
06-29 13:37:40.435 25114 25135 D DynamitePackage: Instantiating com.google.android.gms.ads.adshield.ChimeraAdShieldCreatorImpl
