06-30 19:18:02.829  1394  3176 I chatty  : uid=1041(audioserver) writer identical 1 line
06-30 19:18:02.844  1394  3176 W audio_hw_generic: Hardware backing HAL too slow, could only write 0 of 720 frames
06-30 19:18:02.881  1402  1402 D gralloc_ranchu: gralloc_alloc: Creating ashmem region of size 8298496
06-30 19:18:02.924  1394  3176 W audio_hw_generic: Hardware backing HAL too slow, could only write 0 of 720 frames
06-30 19:18:02.934  1394  3176 I chatty  : uid=1041(audioserver) writer identical 1 line
06-30 19:18:02.949  1394  3176 W audio_hw_generic: Hardware backing HAL too slow, could only write 0 of 720 frames
06-30 19:18:02.953  2061  2124 D EGL_emulation: eglMakeCurrent: 0xa5806680: ver 2 0 (tinfo 0xa5803c60)
06-30 19:18:02.965  1394  3176 W audio_hw_generic: Hardware backing HAL too slow, could only write 0 of 720 frames
06-30 19:18:02.979  1394  3176 I chatty  : uid=1041(audioserver) writer identical 1 line
06-30 19:18:02.994  1394  3176 W audio_hw_generic: Hardware backing HAL too slow, could only write 0 of 720 frames
06-30 19:18:03.006  1402  1402 D gralloc_ranchu: gralloc_alloc: Creating ashmem region of size 8298496
06-30 19:18:03.010  1394  3176 W audio_hw_generic: Hardware backing HAL too slow, could only write 0 of 720 frames
06-30 19:18:03.084  1394  3176 I chatty  : uid=1041(audioserver) writer identical 2 lines
06-30 19:18:03.100  1394  3176 W audio_hw_generic: Hardware backing HAL too slow, could only write 0 of 720 frames
06-30 19:18:03.105  2061  2061 I zygote  : Deoptimizing void com.android.launcher3.ShortcutAndWidgetContainer.measureChild(android.view.View) due to JIT same target
06-30 19:18:03.115  1394  3176 W audio_hw_generic: Hardware backing HAL too slow, could only write 0 of 720 frames
06-30 19:18:03.129  1394  3176 I chatty  : uid=1041(audioserver) writer identical 1 line
06-30 19:18:03.145  1394  3176 W audio_hw_generic: Hardware backing HAL too slow, could only write 0 of 720 frames
06-30 19:18:03.155  1402  1402 D gralloc_ranchu: gralloc_alloc: Creating ashmem region of size 8298496
06-30 19:18:03.221  1604  1651 W LocalDisplayAdapter: Unable to find color mode 0, ignoring request.
06-30 19:18:03.247  1410  1410 I boot-pipe: done populating /dev/random
06-30 19:18:03.258  1604  1666 I InputReader: Reconfiguring input devices.  changes=0x00000004
06-30 19:18:03.290  1604  1666 I InputReader: Reconfiguring input devices.  changes=0x00000004
06-30 19:18:03.298  1402  1402 D gralloc_ranchu: gralloc_alloc: Creating ashmem region of size 544768
06-30 19:18:03.410  2061  2124 W OpenGLRenderer: Incorrectly called buildLayer on View: ShortcutAndWidgetContainer, destroying layer...
06-30 19:18:03.410  2061  2124 W OpenGLRenderer: Incorrectly called buildLayer on View: ShortcutAndWidgetContainer, destroying layer...
06-30 19:18:03.421  1707  1933 D EGL_emulation: eglMakeCurrent: 0x91a91b00: ver 2 0 (tinfo 0x91b96990)
06-30 19:18:03.225  1604  1651 W LocalDisplayAdapter: Unable to find color mode 0, ignoring request.
06-30 19:18:03.425  1604  1625 W WindowManager: Window freeze timeout expired.
06-30 19:18:03.425  1604  1625 W WindowManager: Force clearing orientation change: Window{c4b4913 u0 NavigationBar}
06-30 19:18:03.425  1604  1625 W WindowManager: Force clearing orientation change: Window{8a752c8 u0 StatusBar}
06-30 19:18:03.426  1604  1625 W WindowManager: Force clearing orientation change: Window{80c1e47 u0 com.ea.games.r3_row/com.firemint.realracing.MainActivity}
06-30 19:18:03.426  1604  1625 W WindowManager: Force clearing orientation change: Window{8b0e3ed u0 com.android.systemui.ImageWallpaper}
06-30 19:18:03.470  1402  1402 D gralloc_ranchu: gralloc_alloc: Creating ashmem region of size 544768
06-30 19:18:03.525  2180  2651 W GamesServiceBroker: Client connected with SDK 17668000, Services 17785022, and Games 103270070
06-30 19:18:03.545  1604  7252 W ActivityManager: Slow operation: 170ms so far, now at attachApplicationLocked: immediately after bindApplication
06-30 19:18:03.545  1604  7252 W ActivityManager: Slow operation: 170ms so far, now at attachApplicationLocked: after updateLruProcessLocked
06-30 19:18:03.595  1604  1625 W WindowManager: App freeze timeout expired.
06-30 19:18:03.602  1604  1625 I WindowManager: Screen frozen for +2s174ms due to Window{c4b4913 u0 NavigationBar}
06-30 19:18:03.642  1604  7252 W ActivityManager: Slow operation: 267ms so far, now at attachApplicationLocked: after mServices.attachApplicationLocked
06-30 19:18:03.703  1412  1412 D SurfaceFlinger: duplicate layer name: changing BlackSurface to BlackSurface#1
06-30 19:18:03.728  9565  9565 D AndroidRuntime: Shutting down VM
06-30 19:18:04.000  1970  1970 W SystemServiceRegistry: No service published for: persistent_data_block
06-30 19:18:04.406  1970  1970 W ChimeraUtils: Non Chimera context
06-30 19:18:04.407  1970  1970 W ChimeraUtils: Non Chimera context
06-30 19:18:04.434  1701  1701 I KeyboardViewUtil: systemKeyboardHeightRatio:1.000000; userKeyboardHeightRatio:1.000000.
06-30 19:18:04.452  2180  2618 W GamesServiceBroker: Client connected with SDK 17668000, Services 17785022, and Games 103270070
06-30 19:18:04.824  1701  1701 I DeviceStatusMonitor: onReceive() : Action = android.intent.action.CONFIGURATION_CHANGED
06-30 19:18:04.825  1701  1701 I ConfigNotification: Get device mode by ui mode:1 and smallestScreenWidthDp:411
06-30 19:18:04.825  1701  1701 I chatty  : uid=10060(com.google.android.inputmethod.latin) identical 2 lines
06-30 19:18:04.826  1701  1701 I ConfigNotification: Get device mode by ui mode:1 and smallestScreenWidthDp:411
06-30 19:18:05.098  1707  1707 I Choreographer: Skipped 111 frames!  The application may be doing too much work on its main thread.
06-30 19:18:05.152  1402  1402 D gralloc_ranchu: gralloc_alloc: Creating ashmem region of size 544768
06-30 19:18:05.316  1701  1746 I zygote  : Waiting for a blocking GC ProfileSaver
06-30 19:18:05.448  1970  1980 I zygote  : Background concurrent copying GC freed 132235(6MB) AllocSpace objects, 50(3MB) LOS objects, 42% free, 8MB/14MB, paused 115.852ms total 557.205ms
06-30 19:18:05.495  1394  3176 W audio_hw_generic: Not supplying enough data to HAL, expected position 12142852 , only wrote 12142800
06-30 19:18:05.530  1970  2344 W Conscrypt: Could not set socket write timeout: java.net.SocketException: Socket closed
06-30 19:18:05.683  9593  9593 I MultiDex: VM with version 2.1.0 has multidex support
06-30 19:18:05.683  9593  9593 I MultiDex: install
06-30 19:18:05.683  9593  9593 I MultiDex: VM has multidex support, MultiDex support library is disabled.
06-30 19:18:05.724  1970  2344 W Conscrypt: 	at com.google.android.gms.org.conscrypt.Platform.setSocketWriteTimeout(:com.google.android.gms@17785022@17.7.85 (040700-253824076):2)
06-30 19:18:05.724  1970  2344 W Conscrypt: 	at com.google.android.gms.org.conscrypt.ConscryptFileDescriptorSocket.setSoWriteTimeout(:com.google.android.gms@17785022@17.7.85 (040700-253824076):2)
06-30 19:18:05.842  9427  9454 I RealRacing3: isMobileDataAvailable hasConnection=true
06-30 19:18:05.842  9427  9454 I RealRacing3: isMobileDataAvailable subtype=0
06-30 19:18:05.845  9427  9454 I RealRacing3: isMobileDataAvailable subtypeName=
06-30 19:18:05.845  9427  9454 I RealRacing3: isMobileDataAvailable hasConnection=false
06-30 19:18:05.849  9427  9454 I RealRacing3: isMobileDataAvailable hasConnection=true
06-30 19:18:05.852  9427  9454 I RealRacing3: isMobileDataAvailable subtype=0
06-30 19:18:05.853  9427  9454 I RealRacing3: isMobileDataAvailable subtypeName=
06-30 19:18:05.853  9427  9454 I RealRacing3: isMobileDataAvailable hasConnection=false
06-30 19:18:05.857  9427  9454 W CC Warning: StatManager is being updated while the app is suspended
06-30 19:18:05.858  9427  9454 W CC Warning: CC: AssetManager::LoadAssetList() : Asset List not found - asset_list_updates.txt
06-30 19:18:05.858  9427  9454 W CC Warning: CC: AssetManager::StartListDownload() : nTotalDownloadBytes = 0, nDownloadedBytes = 0
06-30 19:18:06.201  1402  1402 D gralloc_ranchu: gralloc_alloc: Creating ashmem region of size 274432
06-30 19:18:06.345  9427  9454 W CC Warning: CC: AssetManager::StartListDownload() : nTotalDownloadBytes = 45121924, nDownloadedBytes = 45121924
06-30 19:18:06.553  1707  1707 D StatusBar: disable<e i a s b h r c s q >
06-30 19:18:06.624  1707  1933 D EGL_emulation: eglMakeCurrent: 0x91a91b00: ver 2 0 (tinfo 0x91b96990)
06-30 19:18:06.641  1402  1402 D gralloc_ranchu: gralloc_alloc: Creating ashmem region of size 274432
06-30 19:18:06.718  1707  1707 W StatusBar/NavBarView: *** Invalid layout in navigation bar (sizeChanged this=1080x126 cur=1038x126)
06-30 19:18:06.896  1402  1402 D gralloc_ranchu: gralloc_alloc: Creating ashmem region of size 274432
06-30 19:18:06.906  1394  3176 W audio_hw_generic: Not supplying enough data to HAL, expected position 12210526 , only wrote 12210480
06-30 19:18:06.938  1477  1572 D AudioFlinger: mixer(0xac983140) throttle end: throttle time(16)
06-30 19:18:07.056  1477  1572 D AudioFlinger: mixer(0xac983140) throttle end: throttle time(1)
06-30 19:18:07.063  1707  1933 D EGL_emulation: eglMakeCurrent: 0x91a91b00: ver 2 0 (tinfo 0x91b96990)
06-30 19:18:07.104  1970  2344 W Conscrypt: Could not set socket write timeout: java.net.SocketException: Socket closed
06-30 19:18:07.105  1970  2344 W Conscrypt: 	at com.google.android.gms.org.conscrypt.Platform.setSocketWriteTimeout(:com.google.android.gms@17785022@17.7.85 (040700-253824076):2)
06-30 19:18:07.110  1970  2344 W Conscrypt: 	at com.google.android.gms.org.conscrypt.ConscryptFileDescriptorSocket.setSoWriteTimeout(:com.google.android.gms@17785022@17.7.85 (040700-253824076):2)
06-30 19:18:07.122  9427  9454 W CC Warning: CC: AssetManager::StartListDownload() : nTotalDownloadBytes = 27602388, nDownloadedBytes = 27602388
06-30 19:18:07.293  1701  1746 I zygote  : WaitForGcToComplete blocked ProfileSaver on HeapTrim for 1.977s
06-30 19:18:07.368  9427  9454 W CC Warning: CC: AssetManager::StartListDownload() : nTotalDownloadBytes = 44712365, nDownloadedBytes = 44712365
06-30 19:18:07.380  9427  9454 W CC Warning: CC: AssetManager::StartListDownload() : nTotalDownloadBytes = 6925768, nDownloadedBytes = 6925768
06-30 19:18:07.383  9427  9454 W CC Warning: CC: AssetManager::StartListDownload() : nTotalDownloadBytes = 8885, nDownloadedBytes = 8885
06-30 19:18:07.434  9427  9454 W CC Warning: CC: AssetManager::StartListDownload() : nTotalDownloadBytes = 615044, nDownloadedBytes = 615044
06-30 19:18:07.447  9427  9454 W CC Warning: CC: AssetManager::StartListDownload() : nTotalDownloadBytes = 673902, nDownloadedBytes = 673902
06-30 19:18:07.465  9427  9454 W CC Warning: CC: AssetManager::StartListDownload() : nTotalDownloadBytes = 149871, nDownloadedBytes = 149871
06-30 19:18:07.479  9427  9454 W CC Warning: CC: AssetManager::StartListDownload() : nTotalDownloadBytes = 257294, nDownloadedBytes = 257294
06-30 19:18:07.511  1604  1625 I zygote  : Explicit concurrent copying GC freed 29586(1686KB) AllocSpace objects, 22(1080KB) LOS objects, 22% free, 21MB/27MB, paused 1.926ms total 1.777s
06-30 19:18:07.512  9427  9454 W CC Warning: CC: AssetManager::StartListDownload() : nTotalDownloadBytes = 943044, nDownloadedBytes = 943044
06-30 19:18:07.515  9427  9454 W CC Warning: CC: AssetManager::StartListDownload() : nTotalDownloadBytes = 1185520, nDownloadedBytes = 1185520
06-30 19:18:07.538  9427  9454 W CC Warning: CC: AssetManager::StartListDownload() : nTotalDownloadBytes = 3207153, nDownloadedBytes = 3207153
06-30 19:18:07.547  9427  9454 W CC Warning: CC: AssetManager::StartListDownload() : nTotalDownloadBytes = 1258619, nDownloadedBytes = 1258619
06-30 19:18:07.552  9427  9454 W CC Warning: CC: AssetManager::StartListDownload() : nTotalDownloadBytes = 100729, nDownloadedBytes = 100729
06-30 19:18:07.564  9427  9454 W CC Warning: CC: AssetManager::StartListDownload() : nTotalDownloadBytes = 8158425, nDownloadedBytes = 8158425
06-30 19:18:07.569  9427  9454 W CC Warning: CC: AssetManager::StartListDownload() : nTotalDownloadBytes = 162054, nDownloadedBytes = 162054
06-30 19:18:07.606  9427  9454 W CC Warning: CC: AssetManager::StartListDownload() : nTotalDownloadBytes = 30108, nDownloadedBytes = 30108
06-30 19:18:07.677  9427  9454 W CC Warning: CC: AssetManager::StartListDownload() : nTotalDownloadBytes = 9602735, nDownloadedBytes = 9602735
06-30 19:18:07.681  9427  9454 W CC Warning: CC: AssetManager::StartListDownload() : nTotalDownloadBytes = 10, nDownloadedBytes = 10
06-30 19:18:07.683  9427  9454 W CC Warning: CC: AssetManager::StartListDownload() : nTotalDownloadBytes = 35149, nDownloadedBytes = 35149
06-30 19:18:07.685  9427  9454 W CC Warning: CC: AssetManager::StartListDownload() : nTotalDownloadBytes = 15993, nDownloadedBytes = 15993
06-30 19:18:07.688  9427  9454 W CC Warning: CC: AssetManager::StartListDownload() : nTotalDownloadBytes = 959862, nDownloadedBytes = 959862
06-30 19:18:07.691  9427  9454 W CC Warning: CC: AssetManager::StartListDownload() : nTotalDownloadBytes = 2724969, nDownloadedBytes = 2724969
06-30 19:18:07.693  9427  9454 W CC Warning: CC: AssetManager::StartListDownload() : nTotalDownloadBytes = 360864, nDownloadedBytes = 360864
06-30 19:18:07.696  9427  9454 W CC Warning: CC: AssetManager::StartListDownload() : nTotalDownloadBytes = 439641, nDownloadedBytes = 439641
06-30 19:18:07.698  9427  9454 W CC Warning: CC: AssetManager::StartListDownload() : nTotalDownloadBytes = 292268, nDownloadedBytes = 292268
06-30 19:18:07.701  9427  9454 W CC Warning: CC: AssetManager::StartListDownload() : nTotalDownloadBytes = 2256110, nDownloadedBytes = 2256110
06-30 19:18:07.820  9593  9604 I zygote  : Background concurrent copying GC freed 9270(2MB) AllocSpace objects, 1(84KB) LOS objects, 50% free, 2MB/5MB, paused 21.566ms total 1.358s
06-30 19:18:07.836  1970  2344 W GLSUser : [DeviceKeyStore] Cannot load key: Device key file not found.
06-30 19:18:07.861  9427  9454 W CC Warning: CC: AssetManager::StartListDownload() : nTotalDownloadBytes = 32763655, nDownloadedBytes = 32763655
06-30 19:18:07.894  1604  2501 I ActivityManager: Start proc 9616:com.google.android.gms.unstable/u0a14 for service com.google.android.gms/.droidguard.DroidGuardService
06-30 19:18:07.924  9616  9616 W zygote  : Unexpected CPU variant for X86 using defaults: x86
06-30 19:18:07.962  9593  9593 I zygote  : Deoptimizing java.lang.Object com.google.common.collect.mn.a(java.lang.Object[], int, int, int) due to JIT inline cache
06-30 19:18:07.983  9593  9593 E OverlaySController: Calling with an invalid UID, the interface will not work
06-30 19:18:08.077  9616  9616 I zygote  : The ClassLoaderContext is a special shared library.
06-30 19:18:08.083  9616  9616 I zygote  : The ClassLoaderContext is a special shared library.
06-30 19:18:08.134  9427  9454 W CC Warning: CC: AssetManager::StartListDownload() : nTotalDownloadBytes = 22405628, nDownloadedBytes = 22405628
06-30 19:18:08.286  9427  9454 W CC Warning: CC: AssetManager::StartListDownload() : nTotalDownloadBytes = 22997686, nDownloadedBytes = 22997686
06-30 19:18:08.315  9427  9454 W CC Warning: CC: AssetManager::StartListDownload() : nTotalDownloadBytes = 5650907, nDownloadedBytes = 5650907
06-30 19:18:08.351  9427  9454 W CC Warning: CC: AssetManager::StartListDownload() : nTotalDownloadBytes = 1291401, nDownloadedBytes = 1291401
06-30 19:18:08.353  9427  9454 W CC Warning: CC: AssetManager::StartListDownload() : nTotalDownloadBytes = 127, nDownloadedBytes = 127
06-30 19:18:08.368  9427  9454 W CC Warning: CC: AssetManager::StartListDownload() : nTotalDownloadBytes = 2212409, nDownloadedBytes = 2212409
06-30 19:18:08.379  9427  9454 W CC Warning: CC: AssetManager::StartListDownload() : nTotalDownloadBytes = 4834114, nDownloadedBytes = 4834114
06-30 19:18:08.389  9427  9454 W CC Warning: CC: AssetManager::StartListDownload() : nTotalDownloadBytes = 4060785, nDownloadedBytes = 4060785
06-30 19:18:08.447  9427  9454 W CC Warning: CC: AssetManager::StartListDownload() : nTotalDownloadBytes = 29243195, nDownloadedBytes = 29243195
06-30 19:18:08.470  9427  9454 W CC Warning: CC: AssetManager::StartListDownload() : nTotalDownloadBytes = 78736234, nDownloadedBytes = 78736234
06-30 19:18:08.518  9427  9454 W CC Warning: CC: AssetManager::StartListDownload() : nTotalDownloadBytes = 46993481, nDownloadedBytes = 46993481
06-30 19:18:08.545  9427  9454 W CC Warning: CC: AssetManager::StartListDownload() : nTotalDownloadBytes = 171364, nDownloadedBytes = 171364
06-30 19:18:08.552  9593  9599 I zygote  : Do partial code cache collection, code=19KB, data=21KB
06-30 19:18:08.592  9616  9616 W DynamiteModule: Local module descriptor class for providerinstaller not found.
06-30 19:18:08.616  9427  9454 W CC Warning: CC: AssetManager::StartListDownload() : nTotalDownloadBytes = 1684020, nDownloadedBytes = 1684020
06-30 19:18:08.622  9427  9454 W CC Warning: CC: AssetManager::StartListDownload() : nTotalDownloadBytes = 1697374, nDownloadedBytes = 1697374
06-30 19:18:08.630  9593  9599 I zygote  : After code cache collection, code=16KB, data=19KB
06-30 19:18:08.630  9593  9599 I zygote  : Increasing code cache capacity to 128KB
06-30 19:18:08.634  9427  9454 W CC Warning: CC: AssetManager::StartListDownload() : nTotalDownloadBytes = 3215809, nDownloadedBytes = 3215809
06-30 19:18:08.646  9616  9616 W ProviderHelper: Unknown dynamite feature providerinstaller
06-30 19:18:08.650  9427  9454 W CC Warning: CC: AssetManager::StartListDownload() : nTotalDownloadBytes = 8920322, nDownloadedBytes = 8920322
06-30 19:18:08.662  9616  9616 I DynamiteModule: Considering local module providerinstaller:0 and remote module providerinstaller:0
06-30 19:18:08.662  9616  9616 W ProviderInstaller: Failed to load providerinstaller module: No acceptable module found. Local version is 0 and remote version is 0.
06-30 19:18:08.681  9616  9616 V NativeCrypto: Registering com/google/android/gms/org/conscrypt/NativeCrypto's 284 native methods...
06-30 19:18:08.724  9427  9454 W CC Warning: CC: AssetManager::StartListDownload() : nTotalDownloadBytes = 5643869, nDownloadedBytes = 5643869
06-30 19:18:08.732  9427  9454 W CC Warning: CC: AssetManager::StartListDownload() : nTotalDownloadBytes = 9281082, nDownloadedBytes = 9281082
06-30 19:18:08.757  9427  9454 W CC Warning: CC: AssetManager::StartListDownload() : nTotalDownloadBytes = 836523, nDownloadedBytes = 836523
06-30 19:18:08.806  9616  9616 D NetworkSecurityConfig: Using Network Security Config from resource network_security_config debugBuild: false
06-30 19:18:08.821  9616  9616 I ProviderInstaller: Installed default security provider GmsCore_OpenSSL
06-30 19:18:08.860  9427  9454 W CC Warning: CC: AssetManager::StartListDownload() : nTotalDownloadBytes = 5269115, nDownloadedBytes = 5269115
06-30 19:18:08.873  9427  9454 W CC Warning: CC: AssetManager::StartListDownload() : nTotalDownloadBytes = 80152, nDownloadedBytes = 80152
06-30 19:18:08.883  9427  9454 W CC Warning: CC: AssetManager::StartListDownload() : nTotalDownloadBytes = 787755, nDownloadedBytes = 787755
06-30 19:18:08.912  9427  9454 W CC Warning: CC: AssetManager::StartListDownload() : nTotalDownloadBytes = 3370761, nDownloadedBytes = 3370761
06-30 19:18:08.924  9427  9454 W CC Warning: CC: AssetManager::StartListDownload() : nTotalDownloadBytes = 4972332, nDownloadedBytes = 4972332
06-30 19:18:08.936  9427  9454 W CC Warning: CC: AssetManager::StartListDownload() : nTotalDownloadBytes = 4450531, nDownloadedBytes = 4450531
06-30 19:18:08.943  9427  9454 W CC Warning: CC: AssetManager::StartListDownload() : nTotalDownloadBytes = 4572831, nDownloadedBytes = 4572831
06-30 19:18:08.959  9427  9454 W CC Warning: CC: AssetManager::StartListDownload() : nTotalDownloadBytes = 3986526, nDownloadedBytes = 3986526
06-30 19:18:08.997  9427  9454 W CC Warning: CC: AssetManager::StartListDownload() : nTotalDownloadBytes = 4378782, nDownloadedBytes = 4378782
06-30 19:18:09.015  9427  9454 W CC Warning: CC: AssetManager::StartListDownload() : nTotalDownloadBytes = 14988245, nDownloadedBytes = 14988245
06-30 19:18:09.018  9427  9454 W CC Warning: CC: AssetManager::StartListDownload() : nTotalDownloadBytes = 6406239, nDownloadedBytes = 6406239
06-30 19:18:09.125  9427  9427 I RealRacing3: onPause(): pauseJNI
06-30 19:18:09.143  9427  9427 I RealRacing3: setGameState(2)
06-30 19:18:09.151  9616  9616 W Primes  : Primes not initialized, returning default (no-op) Primes instance which will ignore all calls. Please call Primes.initialize(...) before using any Primes API.
06-30 19:18:09.198  9427  9427 I RealRacing3: onPause(): finish
06-30 19:18:09.199  9427  9454 D         : PlayerBase::pause() from IPlayer
06-30 19:18:09.202  1604  5750 V MediaRouterService: restoreBluetoothA2dp(false)
06-30 19:18:09.206  9427  9454 I RealRacing3: ACCELEROMETER DISABLED
06-30 19:18:09.206  9427  9454 I RealRacing3: GYROSCOPE DISABLED
06-30 19:18:09.225  1412  1866 E SurfaceFlinger: ro.sf.lcd_density must be defined as a build property
06-30 19:18:09.224  9427  9427 I RealRacing3: onWindowFocusChanged(false): start
06-30 19:18:09.225  9427  9427 I RealRacing3: onWindowFocusChanged(false): finish
06-30 19:18:09.230  9593  9643 D OpenGLRenderer: HWUI GL Pipeline
06-30 19:18:09.230  9427  9443 D EGL_emulation: eglMakeCurrent: 0xa58050c0: ver 2 0 (tinfo 0xa5803270)
06-30 19:18:09.311  9427  9427 I RealRacing3: onStop(): start
06-30 19:18:09.333  9427  9427 I RealRacing3: setGameState(4)
06-30 19:18:09.425  1604  2501 I WifiService: getConnectionInfo uid=10083
06-30 19:18:09.426  1604  2501 D WifiPermissionsUtil: Denied: no location permission
06-30 19:18:09.426  1604  2501 D WifiPermissionsUtil: Denied: caller is not the current USE_OPEN_WIFI_PACKAGE
06-30 19:18:09.554  9427  9427 I RealRacing3: onStop(): finish
06-30 19:18:09.564  1412  1412 D SurfaceFlinger: duplicate layer name: changing com.google.android.apps.nexuslauncher/com.google.android.apps.nexuslauncher.NexusLauncherActivity to com.google.android.apps.nexuslauncher/com.google.android.apps.nexuslauncher.NexusLauncherActivity#1
06-30 19:18:09.582  9427  9427 D RealRacing3: OnTrimMemory(20)
06-30 19:18:09.604  1402  1402 D gralloc_ranchu: gralloc_alloc: Creating ashmem region of size 8298496
06-30 19:18:09.622  1402  1440 D gralloc_ranchu: gralloc_alloc: Creating ashmem region of size 8298496
06-30 19:18:09.628  9427  9454 D RealRacing3: onRecievedMemoryWarningJNI - Start
06-30 19:18:09.628  9427  9454 I libRealRacing3: AUTOMATION LOG [Debug]:	2019/06/30 19:18:09	Received Memory warning - total memory usage 33.39 MiB
06-30 19:18:09.628  9427  9454 D RealRacing3: onRecievedMemoryWarningJNI - End
06-30 19:18:09.649  1402  1440 D gralloc_ranchu: gralloc_alloc: Creating ashmem region of size 8298496
06-30 19:18:09.669  1394  3176 W audio_hw_generic: Not supplying enough data to HAL, expected position 12343112 , only wrote 12342960
06-30 19:18:09.671  1394  3176 W audio_hw_generic: Not supplying enough data to HAL, expected position 12343028 , only wrote 12342960
06-30 19:18:09.686  1394  3176 W audio_hw_generic: Not supplying enough data to HAL, expected position 12343704 , only wrote 12343680
06-30 19:18:09.687  9593  9643 D         : HostConnection::get() New Host Connection established 0xa2e26880, tid 9643
06-30 19:18:09.756  9593  9643 I zygote  : android::hardware::configstore::V1_0::ISurfaceFlingerConfigs::hasWideColorDisplay retrieved: 0
06-30 19:18:09.758  9593  9643 I OpenGLRenderer: Initialized EGL, version 1.4
06-30 19:18:09.758  9593  9643 D OpenGLRenderer: Swap behavior 1
06-30 19:18:09.759  9593  9643 W OpenGLRenderer: Failed to choose config with EGL_SWAP_BEHAVIOR_PRESERVED, retrying without...
06-30 19:18:09.760  9593  9643 D OpenGLRenderer: Swap behavior 0
06-30 19:18:09.799  9593  9643 D EGL_emulation: eglCreateContext: 0xa5805ba0: maj 2 min 0 rcv 2
06-30 19:18:09.806  9593  9643 D EGL_emulation: eglMakeCurrent: 0xa5805ba0: ver 2 0 (tinfo 0xa58033e0)
06-30 19:18:09.830  1412  1427 E SurfaceFlinger: ro.sf.lcd_density must be defined as a build property
06-30 19:18:09.861  9616  9627 I zygote  : Background concurrent copying GC freed 11409(2MB) AllocSpace objects, 5(100KB) LOS objects, 49% free, 2MB/4MB, paused 14.473ms total 758.444ms
06-30 19:18:10.167  1394  3176 W audio_hw_generic: Not supplying enough data to HAL, expected position 12366756 , only wrote 12366720
06-30 19:18:10.255  9593  9643 D EGL_emulation: eglMakeCurrent: 0xa5805ba0: ver 2 0 (tinfo 0xa58033e0)
06-30 19:18:10.430  9593  9649 I EventBusThread: Event Bus thread starting with TID 9649
06-30 19:18:10.574  9593  9593 W ThreadPoolDumper: Queue length for executor EventBus is now 11. Perhaps some tasks are too long, or the pool is too small.
06-30 19:18:10.691  9593  9615 I ModelDownloadListener: Schdedule model download
06-30 19:18:10.707  9616  9644 W zygote  : Verification of void aamu.<init>(android.content.ServiceConnection, spv, spv) took 125.482ms
06-30 19:18:11.025  9593  9606 I zygote  : Deoptimizing java.lang.Object com.google.common.collect.b.next() due to JIT same target
06-30 19:18:11.071  9593  9606 I HotwordHelper: hasHotwordEverywhere-true
06-30 19:18:11.204  9593  9599 I zygote  : Do partial code cache collection, code=28KB, data=62KB
06-30 19:18:11.419  9593  9599 I zygote  : After code cache collection, code=25KB, data=61KB
06-30 19:18:11.419  9593  9599 I zygote  : Increasing code cache capacity to 256KB
06-30 19:18:11.574  9593  9593 I BgTaskExecutorImpl: Starting EXCLUSIVE background task UPDATE_HOTWORD_MODELS.
06-30 19:18:11.649  9593  9615 I zygote  : Deoptimizing java.lang.Object com.google.common.collect.mn.a(java.lang.Object[], int, int, int) due to JIT inline cache
06-30 19:18:11.919  1604  1617 E memtrack: Couldn't load memtrack module
06-30 19:18:11.919  1604  1617 W android.os.Debug: failed to get memory consumption info: -1
06-30 19:18:11.966  9593  9649 W ThreadPoolDumper: Task au[SearchServiceCore [attachClient]] was queued for 1412ms before starting on executor EventBus
06-30 19:18:11.977  9593  9649 W SessionLifecycleManager: Handover failed. Creating new session controller.
06-30 19:18:12.001  9593  9604 I zygote  : Background concurrent copying GC freed 10760(1146KB) AllocSpace objects, 11(356KB) LOS objects, 49% free, 4MB/8MB, paused 4.417ms total 1.206s
06-30 19:18:12.016  9616  9628 I zygote  : The ClassLoaderContext is a special shared library.
06-30 19:18:12.040  1604  4624 I ActivityManager: Start proc 9659:com.google.android.partnersetup/u0a17 for content provider com.google.android.partnersetup/.RlzAppProvider
06-30 19:18:12.085  9659  9659 W zygote  : Unexpected CPU variant for X86 using defaults: x86
06-30 19:18:12.098  9593  9665 I SharedPreferencesProto: load shared preferences: file not found
06-30 19:18:12.225  9659  9659 I zygote  : The ClassLoaderContext is a special shared library.
06-30 19:18:12.240  1394  1575 W audio_hw_generic: Not supplying enough data to HAL, expected position 12564956 , only wrote 12466080
06-30 19:18:12.569  9616  9627 I zygote  : Background concurrent copying GC freed 34490(2MB) AllocSpace objects, 1(68KB) LOS objects, 49% free, 1891KB/3MB, paused 897us total 333.844ms
06-30 19:18:12.704  9593  9615 I zygote  : Deoptimizing com.google.common.collect.es com.google.common.collect.jm.a(java.util.Map) due to JIT inline cache
06-30 19:18:13.292  9593  9649 W SessionLifecycleManager: Client : AttachedClient[42192022117709560, ClientConfig[mFlags=[40000088001] mSuggestFlags=[0] mClientId=HOTWORD_SERVICE mSessionType=search publicSearchServiceCallerUid=-1]] has no associated SessionController
06-30 19:18:13.383  9593  9658 W Glide   : Failed to find GeneratedAppGlideModule. You should include an annotationProcessor compile dependency on com.github.bumptech.glide:compiler in your application and a @GlideModule annotated AppGlideModule implementation or LibraryGlideModules will be silently ignored
06-30 19:18:13.584  9593  9680 I ModelDownloadController: requestHotwordModelUpdate modelType-2 modelLocale-en-US
06-30 19:18:13.621  9593  9615 I OpaEligibilityChecker: send OpaEligibilityChange broadcast to CommonBroadcastReceiver
06-30 19:18:13.745  9593  9680 I ModelDownloadController: We already downloaded model from given location.
06-30 19:18:13.746  9593  9680 I ModelDownloadController: Model download failed
06-30 19:18:13.841  1970  2344 W GLSUser : [AppCertManager] IOException while requesting key: 
06-30 19:18:13.841  1970  2344 W GLSUser : java.io.IOException: Invalid device key response.
06-30 19:18:13.841  1970  2344 W GLSUser : 	at imb.a(:com.google.android.gms@17785022@17.7.85 (040700-253824076):48)
06-30 19:18:13.841  1970  2344 W GLSUser : 	at ima.a(:com.google.android.gms@17785022@17.7.85 (040700-253824076):1)
06-30 19:18:13.841  1970  2344 W GLSUser : 	at ima.a(:com.google.android.gms@17785022@17.7.85 (040700-253824076):14)
06-30 19:18:13.841  1970  2344 W GLSUser : 	at aamg.a(:com.google.android.gms@17785022@17.7.85 (040700-253824076):1)
06-30 19:18:13.841  1970  2344 W GLSUser : 	at cwm.onTransact(:com.google.android.gms@17785022@17.7.85 (040700-253824076):4)
06-30 19:18:13.841  1970  2344 W GLSUser : 	at android.os.Binder.transact(Binder.java:627)
06-30 19:18:13.841  1970  2344 W GLSUser : 	at eer.onTransact(:com.google.android.gms@17785022@17.7.85 (040700-253824076):3)
06-30 19:18:13.841  1970  2344 W GLSUser : 	at android.os.Binder.transact(Binder.java:627)
06-30 19:18:13.841  1970  2344 W GLSUser : 	at aand.onTransact(:com.google.android.gms@17785022@17.7.85 (040700-253824076):25)
06-30 19:18:13.841  1970  2344 W GLSUser : 	at android.os.Binder.execTransact(Binder.java:697)
06-30 19:18:13.844  1970  2344 W GLSUser : [DeviceKeyStore] Cannot load key: Device key file not found.
06-30 19:18:14.182  2180  3278 I zygote  : Deoptimizing bkdp bkee.a(bkdp, boolean) due to JIT inline cache
06-30 19:18:14.262  2180  3280 I zygote  : Deoptimizing org.apache.http.HttpResponse acdd.a(org.apache.http.client.methods.HttpUriRequest, acdf) due to JIT inline cache
06-30 19:18:14.272  2180  3280 I zygote  : Deoptimizing bkdl bkee.a(bkdk) due to JIT inline cache
06-30 19:18:14.605  1604  1617 E memtrack: Couldn't load memtrack module
06-30 19:18:14.605  1604  1617 W android.os.Debug: failed to get memory consumption info: -1
06-30 19:18:14.621  2180  3280 W Conscrypt: Could not set socket write timeout: java.net.SocketException: Socket closed
06-30 19:18:14.642  9616  9627 I zygote  : Background concurrent copying GC freed 27592(2MB) AllocSpace objects, 2(60KB) LOS objects, 49% free, 1648KB/3MB, paused 2.274ms total 180.301ms
06-30 19:18:14.692  2180  3280 W Conscrypt: 	at com.google.android.gms.org.conscrypt.Platform.setSocketWriteTimeout(:com.google.android.gms@17785022@17.7.85 (040700-253824076):2)
06-30 19:18:14.692  2180  3280 W Conscrypt: 	at com.google.android.gms.org.conscrypt.ConscryptFileDescriptorSocket.setSoWriteTimeout(:com.google.android.gms@17785022@17.7.85 (040700-253824076):2)
06-30 19:18:14.732  9616  9622 I zygote  : Do partial code cache collection, code=30KB, data=24KB
06-30 19:18:14.732  9616  9622 I zygote  : After code cache collection, code=30KB, data=24KB
06-30 19:18:14.732  9616  9622 I zygote  : Increasing code cache capacity to 128KB
06-30 19:18:14.980  1604  2501 I WifiService: getWifiEnabledState uid=10032
06-30 19:18:15.128  2180  3280 W Conscrypt: Could not set socket write timeout: java.net.SocketException: Socket closed
06-30 19:18:15.128  2180  3280 W Conscrypt: 	at com.google.android.gms.org.conscrypt.Platform.setSocketWriteTimeout(:com.google.android.gms@17785022@17.7.85 (040700-253824076):2)
06-30 19:18:15.129  2180  3280 W Conscrypt: 	at com.google.android.gms.org.conscrypt.ConscryptFileDescriptorSocket.setSoWriteTimeout(:com.google.android.gms@17785022@17.7.85 (040700-253824076):2)
06-30 19:18:15.163  1604  2501 I WifiService: getWifiEnabledState uid=10032
06-30 19:18:15.211  9593  9630 I cr_CronetLibraryLoader: Cronet version: 76.0.3800.0, arch: i686
06-30 19:18:15.240  9593  9682 W LocationOracle: No location history returned by ContextManager
06-30 19:18:15.400  9593  9649 E BluetoothAdapter: Bluetooth binder is null
06-30 19:18:15.404  9593  9649 I MicroDetectionWorker: Initializing MicroDataManager InitializeType-1, isForced-false, isActivePhoneEnrollment-false isActiveGoogleHomeEnrollment-false
06-30 19:18:15.414  9647  9647 D AndroidRuntime: >>>>>> START com.android.internal.os.RuntimeInit uid 2000 <<<<<<
06-30 19:18:15.415  1604  2501 I WifiService: getConnectionInfo uid=10032
06-30 19:18:15.454  9647  9647 W app_process: Could not reserve sentinel fault page
06-30 19:18:15.668  9593  9649 W ThreadPoolDumper: Queue length for executor EventBus is now 33. Perhaps some tasks are too long, or the pool is too small.
06-30 19:18:15.808  2180  8085 I FontsContentProvider: Received query Google Sans:500, URI content://com.google.android.gms.fonts
06-30 19:18:15.809  2180  8085 I FontsContentProvider: Query [Google Sans:500] resolved to {Google Sans, wdth 100.0, wght 500, ital 0.0, bestEffort false}
06-30 19:18:15.865  1604  2501 I WifiService: getWifiEnabledState uid=10032
06-30 19:18:16.015  2180  8085 I FontsContentProvider: Fetch {Google Sans, wdth 100.0, wght 500, ital 0.0, bestEffort false} end status Status{statusCode=SUCCESS, resolution=null}
06-30 19:18:16.138  2180  8085 I FontsContentProvider: Pulling font file for id = 13, cache size = 4
06-30 19:18:16.275  9593  9593 W FontsContract: Remote font fetch timed out: com.google.android.gms.fonts/Google Sans:500
06-30 19:18:16.458  9647  9647 W app_process: Unexpected CPU variant for X86 using defaults: x86
06-30 19:18:16.528  9647  9647 I app_process: The ClassLoaderContext is a special shared library.
06-30 19:18:16.767  2180  2618 W GamesServiceBroker: Client connected with SDK 17668000, Services 17785022, and Games 103270070
06-30 19:18:16.778  9593  9649 I MicroDetectionWorker: #startMicroDetector [speakerMode: 0]
06-30 19:18:16.885  2180  2651 W GamesServiceBroker: Client connected with SDK 17668000, Services 17785022, and Games 103270070
06-30 19:18:16.894  1970  1970 W ChimeraUtils: Non Chimera context
06-30 19:18:16.894  1970  1970 W ChimeraUtils: Non Chimera context
06-30 19:18:17.075  9593  9593 I Choreographer: Skipped 85 frames!  The application may be doing too much work on its main thread.
06-30 19:18:17.185  9647  9647 D AndroidRuntime: Calling main entry com.android.commands.monkey.Monkey
06-30 19:18:17.213  9647  9647 W Monkey  : args: [-p, net.osmand, -c, android.intent.category.LAUNCHER, 1]
06-30 19:18:17.231  9593  9649 W ErrorReporter: reportError [type: 211, code: 393244, bug: 0]: errorCode: 393244, engine: 0
06-30 19:18:17.245  9647  9647 W Monkey  :  arg: "-p"
06-30 19:18:17.246  9647  9647 W Monkey  :  arg: "net.osmand"
06-30 19:18:17.246  9647  9647 W Monkey  :  arg: "-c"
06-30 19:18:17.246  9647  9647 W Monkey  :  arg: "android.intent.category.LAUNCHER"
06-30 19:18:17.267  9647  9647 W Monkey  :  arg: "1"
06-30 19:18:17.268  9647  9647 W Monkey  : data="net.osmand"
06-30 19:18:17.268  9647  9647 W Monkey  : data="android.intent.category.LAUNCHER"
06-30 19:18:17.287  9593  9649 I MicroDetector: Keeping mic open: false
06-30 19:18:17.314  9593  9649 I MicroDetectionWorker: #onError(false)
06-30 19:18:17.351  9593  9682 I DeviceStateChecker: DeviceStateChecker cancelled
06-30 19:18:17.564  9593  9604 I zygote  : Background concurrent copying GC freed 34834(2MB) AllocSpace objects, 3(52KB) LOS objects, 48% free, 6MB/12MB, paused 16.193ms total 1.573s
06-30 19:18:17.617  1970  1970 I GeofencerStateMachine: removeGeofences: removeRequest=RemoveGeofencingRequest[REMOVE_BY_PENDING_INTENT pendingIntent=PendingIntent[creatorPackage=com.google.android.gms], packageName=com.google.android.gms]
06-30 19:18:17.798  1604  1618 W BroadcastQueue: Skipping deliver [background] BroadcastRecord{8a35998 u-1 android.net.conn.CONNECTIVITY_CHANGE} to ReceiverList{669a5f1 9647 (unknown name)/2000/u-1 remote:dee030a}: process gone or crashing
06-30 19:18:17.635  1970  1970 I chatty  : uid=10014 com.google.android.gms.persistent identical 1 line
06-30 19:18:17.673  1970  1970 I GeofencerStateMachine: removeGeofences: removeRequest=RemoveGeofencingRequest[REMOVE_BY_PENDING_INTENT pendingIntent=PendingIntent[creatorPackage=com.google.android.gms], packageName=com.google.android.gms]
06-30 19:18:17.802  2180  2651 I zygote  : Deoptimizing void bpbz.c() due to JIT inline cache
06-30 19:18:17.896  9593  9593 D l       : setAvailableAccounts() 0 -> 1.
06-30 19:18:17.896  9593  9593 D l       : modelLoaded
06-30 19:18:17.898  9593  9593 D l       : chooseAccount()
06-30 19:18:18.042  1604  5750 I ActivityManager: START u0 {act=android.intent.action.MAIN cat=[android.intent.category.LAUNCHER] flg=0x10200000 cmp=net.osmand/.plus.activities.MapActivity} from uid 2000
06-30 19:18:18.052  1970  9107 W ctxmgr  : [AclManager] No 3 for (accnt=account#1066226748#, com.google.android.gms(10014):UserVelocityProducer, vrsn=17785022, 0, 3pPkg = null ,  3pMdlId = null ,  pid = 1970). Was: 2 for 1, account#1066226748# [CONTEXT service_id=47 ]
06-30 19:18:18.070  1604  5750 W Binder  : Outgoing transactions from this process must be FLAG_ONEWAY
06-30 19:18:18.070  1604  5750 W Binder  : java.lang.Throwable
06-30 19:18:18.070  1604  5750 W Binder  : 	at android.os.BinderProxy.transact(Binder.java:752)
06-30 19:18:18.070  1604  5750 W Binder  : 	at android.app.IActivityController$Stub$Proxy.activityStarting(IActivityController.java:172)
06-30 19:18:18.070  1604  5750 W Binder  : 	at com.android.server.am.ActivityStarter.startActivity(ActivityStarter.java:449)
06-30 19:18:18.070  1604  5750 W Binder  : 	at com.android.server.am.ActivityStarter.startActivityLocked(ActivityStarter.java:278)
06-30 19:18:18.070  1604  5750 W Binder  : 	at com.android.server.am.ActivityStarter.startActivityMayWait(ActivityStarter.java:817)
06-30 19:18:18.070  1604  5750 W Binder  : 	at com.android.server.am.ActivityManagerService.startActivityAsUser(ActivityManagerService.java:4532)
06-30 19:18:18.070  1604  5750 W Binder  : 	at com.android.server.am.ActivityManagerService.startActivity(ActivityManagerService.java:4519)
06-30 19:18:18.070  1604  5750 W Binder  : 	at android.app.IActivityManager$Stub.onTransact(IActivityManager.java:121)
06-30 19:18:18.070  1604  5750 W Binder  : 	at com.android.server.am.ActivityManagerService.onTransact(ActivityManagerService.java:2919)
06-30 19:18:18.070  1604  5750 W Binder  : 	at android.os.Binder.execTransact(Binder.java:697)
06-30 19:18:18.088  9040  9045 I zygote  : Do full code cache collection, code=123KB, data=87KB
06-30 19:18:18.091  9040  9045 I zygote  : After code cache collection, code=84KB, data=56KB
06-30 19:18:18.341  1604  5750 W ResourceType: ResTable_typeSpec entry count inconsistent: given 5115, previously 5124
06-30 19:18:18.352  1604  5750 W ResourceType: ResTable_typeSpec entry count inconsistent: given 142, previously 459
06-30 19:18:18.508  1604  5750 W ResourceType: For resource 0x7f0e00c0, entry index(192) is beyond type entryCount(142)
06-30 19:18:18.508  1604  5750 W ResourceType: For resource 0x7f0e00d1, entry index(209) is beyond type entryCount(142)
06-30 19:18:18.509  1604  5750 W ResourceType: For resource 0x7f0e00cb, entry index(203) is beyond type entryCount(142)
06-30 19:18:18.509  1604  5750 W ResourceType: For resource 0x7f0e014d, entry index(333) is beyond type entryCount(142)
06-30 19:18:18.509  1604  5750 W ResourceType: For resource 0x7f0e00dd, entry index(221) is beyond type entryCount(142)
06-30 19:18:18.509  1604  5750 W ResourceType: For resource 0x7f0e00e4, entry index(228) is beyond type entryCount(142)
06-30 19:18:18.603  9647  9647 I Monkey  : Events injected: 1
06-30 19:18:18.780  1604  1619 W Looper  : Dispatch took 119ms on android.ui, h=Handler (com.android.server.am.ActivityManagerService$UiHandler) {63b7718} cb=null msg=31
06-30 19:18:18.834  9427  9427 I RealRacing3: contentchange
06-30 19:18:18.837  1707  1933 D EGL_emulation: eglMakeCurrent: 0x91a91b00: ver 2 0 (tinfo 0x91b96990)
06-30 19:18:18.872  9427  9427 I RealRacing3: setRequestedOrientation(ActivityInfo.SCREEN_ORIENTATION_SENSOR_LANDSCAPE)
06-30 19:18:18.928  9647  9647 I Monkey  : ## Network stats: elapsed time=887ms (0ms mobile, 0ms wifi, 887ms not connected)
06-30 19:18:18.930  1707  1933 D EGL_emulation: eglMakeCurrent: 0x91a91b00: ver 2 0 (tinfo 0x91b96990)
06-30 19:18:18.949  2061  2124 D EGL_emulation: eglMakeCurrent: 0xa5806680: ver 2 0 (tinfo 0xa5803c60)
06-30 19:18:18.989  9593  9643 D EGL_emulation: eglMakeCurrent: 0xa5805ba0: ver 2 0 (tinfo 0xa58033e0)
06-30 19:18:19.035  9647  9647 I com.android.commands.monkey: System.exit called, status: 0
06-30 19:18:19.036  9647  9647 I AndroidRuntime: VM exiting with result code 0.
06-30 19:18:19.046  9427  9427 I RealRacing3: contentchange
06-30 19:18:19.046  9427  9427 I RealRacing3: setRequestedOrientation(ActivityInfo.SCREEN_ORIENTATION_SENSOR_LANDSCAPE)
06-30 19:18:19.112  8767  8767 D InAppPurchaseHelper: Destroying helper.
06-30 19:18:19.227  1970  9107 W ctxmgr  : [WorkManager] Long workInfo: pkg=com.google.android.gms, lbl=ListenerInvokerRunner, start=2019-06-30 23:18:18.085+0000, stop=2019-06-30 23:18:19.227+0000, durtn=1142ms [CONTEXT service_id=47 ]
06-30 19:18:19.293  1707  1933 D EGL_emulation: eglMakeCurrent: 0x91a91b00: ver 2 0 (tinfo 0x91b96990)
06-30 19:18:19.316  1604  5750 W ActivityManager: Slow operation: 74ms so far, now at getContentProviderImpl: after updateOomAdj
06-30 19:18:19.324  1604  5750 W ActivityManager: Slow operation: 75ms so far, now at getContentProviderImpl: done!
06-30 19:18:19.307  1707  1933 D EGL_emulation: eglMakeCurrent: 0x91a91b00: ver 2 0 (tinfo 0x91b96990)
06-30 19:18:19.335  8767  8767 D net.osmand: DayNightHelper Sunrise/sunset setting to day: true
06-30 19:18:19.546  1604  3158 I zygote  : IncrementDisableThreadFlip blocked for 10.745ms
06-30 19:18:19.548  1604  4624 I zygote  : IncrementDisableThreadFlip blocked for 12.401ms
06-30 19:18:19.604  1707  1933 D EGL_emulation: eglMakeCurrent: 0x91a91b00: ver 2 0 (tinfo 0x91b96990)
06-30 19:18:19.612  1707  1933 D EGL_emulation: eglMakeCurrent: 0x91a91b00: ver 2 0 (tinfo 0x91b96990)
06-30 19:18:19.620  8767  8767 W System.err: OnCreate for MapActivity took 506 ms
06-30 19:18:19.808  8767  8767 I Choreographer: Skipped 65 frames!  The application may be doing too much work on its main thread.
06-30 19:18:19.875  1402  1440 D gralloc_ranchu: gralloc_alloc: Creating ashmem region of size 8298496
06-30 19:18:19.900  8767  8767 W ResourceType: For resource 0x7f0e00cb, entry index(203) is beyond type entryCount(142)
06-30 19:18:19.900  8767  8767 W ResourceType: For resource 0x7f0e014d, entry index(333) is beyond type entryCount(142)
06-30 19:18:19.900  8767  8767 W ResourceType: For resource 0x7f0e00dd, entry index(221) is beyond type entryCount(142)
06-30 19:18:19.900  8767  8767 W ResourceType: For resource 0x7f0e00e4, entry index(228) is beyond type entryCount(142)
06-30 19:18:19.900  8767  8767 W ResourceType: For resource 0x7f0e013b, entry index(315) is beyond type entryCount(142)
06-30 19:18:19.903  8767  8767 W ResourceType: For resource 0x7f0e013b, entry index(315) is beyond type entryCount(142)
06-30 19:18:19.904  8767  8767 W ResourceType: For resource 0x7f0e010f, entry index(271) is beyond type entryCount(142)
06-30 19:18:19.905  8767  8767 W ResourceType: For resource 0x7f0e013b, entry index(315) is beyond type entryCount(142)
06-30 19:18:19.959  8767  8767 I chatty  : uid=10104(net.osmand) identical 67 lines
06-30 19:18:19.959  8767  8767 W ResourceType: For resource 0x7f0e013b, entry index(315) is beyond type entryCount(142)
06-30 19:18:19.968  1412  1667 E SurfaceFlinger: Permission Denial: can't openGlobalTransaction pid=8767, uid<=10104
06-30 19:18:19.968  8767  8767 E BpSurfaceComposerClient: Failed to transact (-1)
06-30 19:18:19.972  1412  1427 E SurfaceFlinger: Permission Denial: can't openGlobalTransaction pid=8767, uid<=10104
06-30 19:18:19.972  8767  8767 E BpSurfaceComposerClient: Failed to transact (-1)
06-30 19:18:19.991  8767  8807 D EGL_emulation: eglMakeCurrent: 0x90895840: ver 2 0 (tinfo 0x90bdb0d0)
06-30 19:18:20.040  1402  1440 D gralloc_ranchu: gralloc_alloc: Creating ashmem region of size 8298496
06-30 19:18:20.052  8767  8795 I net.osmand: MapRenderRepositories RENDER MAP: update due to request
06-30 19:18:20.053  8767  8795 I net.osmand: MapRenderRepositories RENDER MAP: Interrupt rendering map
06-30 19:18:20.168  1402  1440 D gralloc_ranchu: gralloc_alloc: Creating ashmem region of size 3878912
06-30 19:18:20.182  1604  7252 I WifiService: acquireWifiLock uid=10014 lockMode=2
06-30 19:18:20.291  8767  8794 I net.osmand: MapRenderRepositories RENDER MAP: new request RotatedTileBox [lat=-7.227294921875, lon=-35.88520812988281, rotate=0.0, density=2.625, zoom=17, mapDensity=3.9375, zoomAnimation=0.0, zoomFloatPart=0.0, cx=900, cy=1972, pixWidth=1800, pixHeight=2690]
06-30 19:18:20.558  9593  9680 E BluetoothAdapter: Bluetooth binder is null
06-30 19:18:20.668  1707  1707 I Choreographer: Skipped 37 frames!  The application may be doing too much work on its main thread.
06-30 19:18:20.680  1707  1933 D EGL_emulation: eglMakeCurrent: 0x91a91b00: ver 2 0 (tinfo 0x91b96990)
06-30 19:18:20.688  1707  1933 D EGL_emulation: eglMakeCurrent: 0x91a91b00: ver 2 0 (tinfo 0x91b96990)
06-30 19:18:20.727  8767  8767 I Choreographer: Skipped 38 frames!  The application may be doing too much work on its main thread.
06-30 19:18:20.766  8767  8807 D EGL_emulation: eglMakeCurrent: 0x90895840: ver 2 0 (tinfo 0x90bdb0d0)
06-30 19:18:20.822  1402  1440 D gralloc_ranchu: gralloc_alloc: Creating ashmem region of size 8298496
06-30 19:18:20.872  8767  8807 D EGL_emulation: eglMakeCurrent: 0x90895840: ver 2 0 (tinfo 0x90bdb0d0)
06-30 19:18:20.895  1970  1970 I GeofencerStateMachine: removeGeofences: removeRequest=RemoveGeofencingRequest[REMOVE_BY_PENDING_INTENT pendingIntent=PendingIntent[creatorPackage=com.google.android.gms], packageName=com.google.android.gms]
06-30 19:18:20.906  1402  1440 D gralloc_ranchu: gralloc_alloc: Creating ashmem region of size 8298496
06-30 19:18:20.960  1970  1970 I GeofencerStateMachine: removeGeofences: removeRequest=RemoveGeofencingRequest[REMOVE_BY_PENDING_INTENT pendingIntent=PendingIntent[creatorPackage=com.google.android.gms], packageName=com.google.android.gms]
06-30 19:18:21.010  1412  1412 W SurfaceFlinger: couldn't log to binary event log: overflow.
06-30 19:18:21.010  1412  1412 W SurfaceFlinger: couldn't log to binary event log: overflow.
06-30 19:18:21.092  1970  9730 I PlaceInferenceEngine: [anon] Changed inference mode: 0
06-30 19:18:21.108  1402  1440 D gralloc_ranchu: gralloc_alloc: Creating ashmem region of size 3878912
06-30 19:18:21.154  1970  9730 I PlaceInferenceEngine: [account#1066226748] Changed inference mode: 0
06-30 19:18:21.225  8767  8794 I net.osmand:native: Route objects 138
06-30 19:18:21.225  8767  8794 I net.osmand:native: Ocean: no completed & incompleted coastlines 0
06-30 19:18:21.225  8767  8794 I net.osmand:native: Detailed coastlines = 0, basemap coastlines 0, ocean tile 0.000000. Detailed added 0, basemap processed 1, basemap added 0.
06-30 19:18:21.226  8767  8794 I net.osmand:native: Search : tree - read( 540), accept( 51), objs - visit( 3037), accept(169), in result(138) 
06-30 19:18:21.239  8767  8794 I net.osmand: MapRenderRepositories BLat=-7.229592394828797, TLat=-7.221607613563537, LLong=-35.887657165527344, RLong=-35.88275146484375, zoom=17
06-30 19:18:21.240  8767  8794 I net.osmand: MapRenderRepositories Native search: 913 ms 
06-30 19:18:21.250  8767  8794 W net.osmand: MapRenderRepositories Create new image ? 1800 != 1800 (w) 2690 != 2595 (h) 
06-30 19:18:21.280  8767  8794 I net.osmand:native: Creating SkBitmap in native w:1800 h:2690 s:7200 f:1!
06-30 19:18:21.283  8767  8794 I net.osmand:native: Row bytes for RGBA_8888 is 7200
06-30 19:18:21.285  8767  8794 I net.osmand:native: Locked 19368000 bytes at 0x7cd00000
06-30 19:18:21.290  1707  1933 D EGL_emulation: eglMakeCurrent: 0x91a91b00: ver 2 0 (tinfo 0x91b96990)
06-30 19:18:21.312  8767  8794 I net.osmand:native: Initializing rendering
06-30 19:18:21.333  8767  8794 I net.osmand:native: Rendering image
06-30 19:18:21.525  9593  9719 I PBSessionCacheImpl: Deleted sessionId[8330676051963] from persistence.
06-30 19:18:21.634  2180  4358 W GamesServiceBroker: Client connected with SDK 17668000, Services 17785022, and Games 103270070
06-30 19:18:21.671  1604  2691 I WifiService: getWifiEnabledState uid=10032
06-30 19:18:21.703  1970  9107 I ctxmgr  : [ProducerStatusImpl] updateStateForNewContextData: inactive, contextName=7 [CONTEXT service_id=47 ]
06-30 19:18:21.706  2180  2651 W GamesServiceBroker: Client connected with SDK 17668000, Services 17785022, and Games 103270070
06-30 19:18:22.025  2180  2180 I zygote  : Deoptimizing int rfx.a(java.lang.Object, byte[], int, int, int, rcp) due to JIT inline cache
06-30 19:18:22.048  9593  9649 W SearchServiceCore: Abort, client detached.
06-30 19:18:22.331  1604  1617 E memtrack: Couldn't load memtrack module
06-30 19:18:22.331  1604  1617 W android.os.Debug: failed to get memory consumption info: -1
06-30 19:18:22.630  1604  1613 I zygote  : Background concurrent copying GC freed 19324(1102KB) AllocSpace objects, 5(228KB) LOS objects, 21% free, 21MB/27MB, paused 4.203ms total 3.090s
06-30 19:18:22.638  9593  9604 W zygote  : Suspending all threads took: 73.193ms
06-30 19:18:22.670  9593  9599 I zygote  : Do full code cache collection, code=123KB, data=122KB
06-30 19:18:22.677  9593  9599 I zygote  : After code cache collection, code=88KB, data=49KB
06-30 19:18:22.743  8767  8794 I net.osmand:native: Native ok (rendering 0, text 459 ms) 
06-30 19:18:22.743  8767  8794 I net.osmand:native:  (2661 points, 644 points inside, 183 of 257 objects visible)
