07-17 14:47:32.267 21823 21833 I chatty  : uid=10104(net.osmand) HeapTaskDaemon expire 10 lines
07-17 14:47:34.355 10586 14548 I chatty  : uid=1000(system) Binder:10586_19 expire 10 lines
07-17 14:47:35.528 10586 10595 I chatty  : uid=1000(system) HeapTaskDaemon expire 10 lines
07-17 14:47:36.284 10923 10923 I GeofencerStateMachine: sendNewTransitions called.
07-17 14:47:36.855  1407  1407 I boot-pipe: done populating /dev/random
07-17 14:47:41.828 10923 10923 I GeofencerStateMachine: sendNewTransitions called.
07-17 14:47:44.400 10586 12210 I chatty  : uid=1000(system) Binder:10586_E expire 10 lines
07-17 14:47:47.442 10923 10923 I GeofencerStateMachine: sendNewTransitions called.
07-17 14:47:47.461 10586 12401 I chatty  : uid=1000(system) Binder:10586_10 expire 10 lines
07-17 14:47:51.301 21823 21833 I chatty  : uid=10104(net.osmand) HeapTaskDaemon expire 10 lines
07-17 14:47:52.883 10923 10923 I GeofencerStateMachine: sendNewTransitions called.
07-17 14:47:57.850 11993 11993 I chatty  : uid=10090(hr.mireo.arthur) expire 22 lines
07-17 14:47:58.658 10923 10923 I GeofencerStateMachine: sendNewTransitions called.
07-17 14:48:01.456 25680 25699 I Finsky  : [594] jen.run(3): Stats for Executor: BlockingExecutor jfw@13ba20d[Running, pool size = 0, active threads = 0, queued tasks = 0, completed tasks = 25]
07-17 14:48:01.510 25680 25699 I Finsky  : [594] jen.run(3): Stats for Executor: LightweightExecutor jfw@4d225c2[Running, pool size = 2, active threads = 0, queued tasks = 0, completed tasks = 61]
07-17 14:48:02.726 25680 25699 I Finsky  : [594] jen.run(3): Stats for Executor: bgExecutor jfw@b075fd3[Running, pool size = 4, active threads = 0, queued tasks = 0, completed tasks = 35]
07-17 14:48:04.225 10923 10923 I GeofencerStateMachine: sendNewTransitions called.
07-17 14:48:09.547 10923 10923 I GeofencerStateMachine: sendNewTransitions called.
07-17 14:48:10.247 21823 21833 I chatty  : uid=10104(net.osmand) HeapTaskDaemon expire 10 lines
07-17 14:48:15.426 10923 10923 I GeofencerStateMachine: sendNewTransitions called.
07-17 14:48:19.932 11993 11993 I chatty  : uid=10090(hr.mireo.arthur) expire 21 lines
07-17 14:48:20.900 10923 10923 I GeofencerStateMachine: sendNewTransitions called.
07-17 14:48:24.509 10923 10923 I GeofencerStateMachine: sendNewLocationAvailability: availability=LocationAvailability[isLocationAvailable: true]
07-17 14:48:26.638 10923 10923 I GeofencerStateMachine: sendNewTransitions called.
07-17 14:48:27.416 21823 21833 I chatty  : uid=10104(net.osmand) HeapTaskDaemon expire 16 lines
07-17 14:48:28.513 10586 16115 I chatty  : uid=1000(system) Binder:10586_1D expire 11 lines
07-17 14:48:29.151 10923 10934 I zygote  : Background concurrent copying GC freed 189921(5MB) AllocSpace objects, 0(0B) LOS objects, 41% free, 8MB/14MB, paused 4.944ms total 157.562ms
07-17 14:48:32.211 10923 10923 I GeofencerStateMachine: sendNewTransitions called.
07-17 14:48:36.859  1407  1407 I boot-pipe: done populating /dev/random
07-17 14:48:37.858 10923 10923 I GeofencerStateMachine: sendNewTransitions called.
07-17 14:48:41.064 11993 11993 I chatty  : uid=10090(hr.mireo.arthur) expire 23 lines
07-17 14:48:43.484 10923 10923 I GeofencerStateMachine: sendNewTransitions called.
07-17 14:48:48.927 10923 10923 I GeofencerStateMachine: sendNewTransitions called.
07-17 14:48:54.688 10923 10923 I GeofencerStateMachine: sendNewTransitions called.
07-17 14:48:55.307 21823 21833 I chatty  : uid=10104(net.osmand) HeapTaskDaemon expire 10 lines
07-17 14:49:00.314 10923 10923 I GeofencerStateMachine: sendNewTransitions called.
07-17 14:49:04.138 11993 11993 I chatty  : uid=10090(hr.mireo.arthur) expire 23 lines
07-17 14:49:05.872 10923 10923 I GeofencerStateMachine: sendNewTransitions called.
07-17 14:49:08.617 10586 12210 I chatty  : uid=1000(system) Binder:10586_E expire 10 lines
07-17 14:49:11.498 10923 10923 I GeofencerStateMachine: sendNewTransitions called.
07-17 14:49:13.304 21823 21833 I chatty  : uid=10104(net.osmand) HeapTaskDaemon expire 10 lines
07-17 14:49:16.945 10923 10923 I GeofencerStateMachine: sendNewTransitions called.
07-17 14:49:22.656 10923 10923 I GeofencerStateMachine: sendNewTransitions called.
07-17 14:49:25.600 10586 10599 I chatty  : uid=1000(system) android.bg expire 14 lines
07-17 14:49:27.182 11993 11993 I chatty  : uid=10090(hr.mireo.arthur) expire 33 lines
07-17 14:49:28.276 10923 10923 I GeofencerStateMachine: sendNewTransitions called.
07-17 14:49:31.383 21823 21833 I chatty  : uid=10104(net.osmand) HeapTaskDaemon expire 10 lines
07-17 14:49:33.847 10923 10923 I GeofencerStateMachine: sendNewTransitions called.
07-17 14:49:35.985 10923 10934 I zygote  : Background concurrent copying GC freed 200005(5MB) AllocSpace objects, 0(0B) LOS objects, 41% free, 8MB/14MB, paused 3.098ms total 135.547ms
07-17 14:49:36.860  1407  1407 I boot-pipe: done populating /dev/random
07-17 14:49:39.455 10923 10923 I GeofencerStateMachine: sendNewTransitions called.
07-17 14:49:44.937 10923 10923 I GeofencerStateMachine: sendNewTransitions called.
07-17 14:49:49.972 21823 21833 I chatty  : uid=10104(net.osmand) HeapTaskDaemon expire 10 lines
07-17 14:49:50.661 10923 10923 I GeofencerStateMachine: sendNewTransitions called.
07-17 14:49:56.317 10923 10923 I GeofencerStateMachine: sendNewTransitions called.
07-17 14:50:00.249 11993 11993 I chatty  : uid=10090(hr.mireo.arthur) expire 26 lines
07-17 14:50:01.874 10923 10923 I GeofencerStateMachine: sendNewTransitions called.
07-17 14:50:07.489 10923 10923 I GeofencerStateMachine: sendNewTransitions called.
07-17 14:50:07.883 21823 21833 I chatty  : uid=10104(net.osmand) HeapTaskDaemon expire 10 lines
07-17 14:50:12.957 10923 10923 I GeofencerStateMachine: sendNewTransitions called.
07-17 14:50:18.627 10923 10923 I GeofencerStateMachine: sendNewTransitions called.
07-17 14:50:24.170 10923 10923 I GeofencerStateMachine: sendNewLocationAvailability: availability=LocationAvailability[isLocationAvailable: true]
07-17 14:50:24.311 10923 10923 I GeofencerStateMachine: sendNewTransitions called.
07-17 14:50:25.630 11993 11993 I chatty  : uid=10090(hr.mireo.arthur) expire 20 lines
07-17 14:50:26.323 21823 21833 I chatty  : uid=10104(net.osmand) HeapTaskDaemon expire 16 lines
07-17 14:50:29.874 10923 10923 I GeofencerStateMachine: sendNewTransitions called.
07-17 14:50:35.484 10923 10923 I GeofencerStateMachine: sendNewTransitions called.
07-17 14:50:36.862  1407  1407 I boot-pipe: done populating /dev/random
07-17 14:50:40.709 10923 10923 I GeofencerStateMachine: sendNewTransitions called.
07-17 14:50:40.724 10586 13679 I chatty  : uid=1000(system) Binder:10586_14 expire 5 lines
07-17 14:50:46.715 10923 10923 I GeofencerStateMachine: sendNewTransitions called.
07-17 14:50:47.084 10923 25239 E WakeLock: GCM_HB_ALARM release without a matched acquire!
07-17 14:50:47.493 11993 11993 I chatty  : uid=10090(hr.mireo.arthur) expire 10 lines
07-17 14:50:50.757 10586 10820 I chatty  : uid=1000(system) Binder:10586_6 expire 11 lines
07-17 14:50:52.315 10923 10923 I GeofencerStateMachine: sendNewTransitions called.
07-17 14:50:56.397 21823 21833 I chatty  : uid=10104(net.osmand) HeapTaskDaemon expire 10 lines
07-17 14:50:57.860 10923 10923 I GeofencerStateMachine: sendNewTransitions called.
07-17 14:50:58.529 11993 11993 I chatty  : uid=10090(hr.mireo.arthur) expire 10 lines
07-17 14:51:00.790 10586 14548 I chatty  : uid=1000(system) Binder:10586_19 expire 5 lines
07-17 14:51:01.460 25680 25699 I Finsky  : [594] jen.run(3): Stats for Executor: BlockingExecutor jfw@13ba20d[Running, pool size = 0, active threads = 0, queued tasks = 0, completed tasks = 25]
07-17 14:51:01.512 25680 25699 I Finsky  : [594] jen.run(3): Stats for Executor: LightweightExecutor jfw@4d225c2[Running, pool size = 2, active threads = 0, queued tasks = 0, completed tasks = 61]
07-17 14:51:02.727 25680 25699 I Finsky  : [594] jen.run(3): Stats for Executor: bgExecutor jfw@b075fd3[Running, pool size = 4, active threads = 0, queued tasks = 0, completed tasks = 35]
07-17 14:51:03.498 10923 10923 I GeofencerStateMachine: sendNewTransitions called.
07-17 14:51:05.763 10586 13668 I chatty  : uid=1000(system) Binder:10586_13 expire 8 lines
07-17 14:51:08.828 10586 12401 I chatty  : uid=1000(system) Binder:10586_10 expire 7 lines
07-17 14:51:08.986 10923 10923 I GeofencerStateMachine: sendNewTransitions called.
07-17 14:51:09.559 11993 11993 I chatty  : uid=10090(hr.mireo.arthur) expire 10 lines
07-17 14:51:14.379 21823 21833 I chatty  : uid=10104(net.osmand) HeapTaskDaemon expire 19 lines
07-17 14:51:14.645 10923 10923 I GeofencerStateMachine: sendNewTransitions called.
07-17 14:51:20.279 10923 10923 I GeofencerStateMachine: sendNewTransitions called.
07-17 14:51:20.581 11993 11993 I chatty  : uid=10090(hr.mireo.arthur) expire 10 lines
07-17 14:51:24.785 10923 10923 I GeofencerStateMachine: sendNewLocationAvailability: availability=LocationAvailability[isLocationAvailable: true]
07-17 14:51:25.850 10923 10923 I GeofencerStateMachine: sendNewTransitions called.
07-17 14:51:31.448 10923 10923 I GeofencerStateMachine: sendNewTransitions called.
07-17 14:51:31.618 11993 11993 I chatty  : uid=10090(hr.mireo.arthur) expire 10 lines
07-17 14:51:36.863  1407  1407 I boot-pipe: done populating /dev/random
07-17 14:51:37.025 10923 10923 I GeofencerStateMachine: sendNewTransitions called.
07-17 14:51:42.599 10923 10923 I GeofencerStateMachine: sendNewTransitions called.
07-17 14:51:42.655 11993 11993 I chatty  : uid=10090(hr.mireo.arthur) expire 10 lines
07-17 14:51:47.991 10923 10923 I GeofencerStateMachine: sendNewTransitions called.
07-17 14:51:48.582 21823 21833 I chatty  : uid=10104(net.osmand) HeapTaskDaemon expire 10 lines
07-17 14:51:53.735 10923 10923 I GeofencerStateMachine: sendNewTransitions called.
07-17 14:51:53.856 11993 11993 I chatty  : uid=10090(hr.mireo.arthur) expire 10 lines
07-17 14:51:59.321 10923 10923 I GeofencerStateMachine: sendNewTransitions called.
07-17 14:52:04.840 10923 10923 I GeofencerStateMachine: sendNewTransitions called.
07-17 14:52:04.897 11993 11993 I chatty  : uid=10090(hr.mireo.arthur) expire 10 lines
07-17 14:52:06.394 21823 21833 I chatty  : uid=10104(net.osmand) HeapTaskDaemon expire 12 lines
07-17 14:52:10.463 10923 10923 I GeofencerStateMachine: sendNewTransitions called.
07-17 14:52:16.009 10923 10923 I GeofencerStateMachine: sendNewTransitions called.
07-17 14:52:16.810 11993 11993 I chatty  : uid=10090(hr.mireo.arthur) expire 10 lines
07-17 14:52:21.637 10923 10923 I GeofencerStateMachine: sendNewTransitions called.
07-17 14:52:25.977 10586 13668 I ActivityManager: Killing 24203:android.process.acore/u0a2 (adj 904): empty for 1802s
07-17 14:52:25.978 10586 13668 I ActivityManager: Killing 25251:com.mapswithme.maps.pro/u0a85 (adj 906): empty for 1814s
07-17 14:52:25.979 10586 13668 I ActivityManager: Killing 25379:com.android.chrome:sandboxed_process0/u0a85i7 (adj 906): empty for 1814s
07-17 14:52:26.017 10586 10820 W ActivityManager: Scheduling restart of crashed service com.mapswithme.maps.pro/org.chromium.content.app.SandboxedProcessService0 in 1000ms
07-17 14:52:26.051 10586 10820 I ActivityManager: Killing 25266:com.google.android.gm/u0a70 (adj 904): empty for 1800s
07-17 14:52:26.065 10586 10603 E KernelCpuSpeedReader: Failed to read cpu-freq: /sys/devices/system/cpu/cpu0/cpufreq/stats/time_in_state (No such file or directory)
07-17 14:52:26.067 10586 10603 D KernelUidCpuTimeReader: Removing uids 99007-99007
07-17 14:52:26.105 10586 16115 D ConnectivityService: ConnectivityService NetworkRequestInfo binderDied(NetworkRequest [ LISTEN id=52, [ Capabilities: INTERNET&NOT_RESTRICTED&TRUSTED&FOREGROUND] ], android.os.BinderProxy@ff1b3c0)
07-17 14:52:27.020 10923 10923 I GeofencerStateMachine: sendNewTransitions called.
07-17 14:52:27.628 21823 21833 I chatty  : uid=10104(net.osmand) HeapTaskDaemon expire 12 lines
07-17 14:52:27.847 11993 11993 I chatty  : uid=10090(hr.mireo.arthur) expire 20 lines
07-17 14:52:32.015 10923 10923 I GeofencerStateMachine: sendNewTransitions called.
07-17 14:52:36.866  1407  1407 I boot-pipe: done populating /dev/random
07-17 14:52:37.017 10923 10923 I GeofencerStateMachine: sendNewTransitions called.
07-17 14:52:38.460 10586 10595 I chatty  : uid=1000(system) HeapTaskDaemon expire 11 lines
07-17 14:52:42.037 10923 10923 I GeofencerStateMachine: sendNewTransitions called.
07-17 14:52:43.364 10923 10934 I zygote  : Background concurrent copying GC freed 197820(5MB) AllocSpace objects, 0(0B) LOS objects, 41% free, 8MB/14MB, paused 915us total 103.319ms
07-17 14:52:47.039 10923 10923 I GeofencerStateMachine: sendNewTransitions called.
07-17 14:52:49.052 10586 11509 I chatty  : uid=1000(system) Binder:10586_C expire 5 lines
07-17 14:52:49.507 21823 21833 I chatty  : uid=10104(net.osmand) HeapTaskDaemon expire 10 lines
07-17 14:52:49.911 11993 11993 I chatty  : uid=10090(hr.mireo.arthur) expire 20 lines
07-17 14:52:53.030 10923 10923 I GeofencerStateMachine: sendNewTransitions called.
07-17 14:52:56.455 10586 10603 I chatty  : uid=1000(system) batterystats-wo expire 4 lines
07-17 14:52:56.504 10586 10603 E KernelCpuSpeedReader: Failed to read cpu-freq: /sys/devices/system/cpu/cpu0/cpufreq/stats/time_in_state (No such file or directory)
07-17 14:52:56.528 10586 10603 E BatteryExternalStatsWorker: modem info is invalid: ModemActivityInfo{ mTimestamp=0 mSleepTimeMs=0 mIdleTimeMs=0 mTxTimeMs[]=[0, 0, 0, 0, 0] mRxTimeMs=0 mEnergyUsed=0}
07-17 14:52:58.036 10923 10923 I GeofencerStateMachine: sendNewTransitions called.
07-17 14:53:03.029 10923 10923 I GeofencerStateMachine: sendNewTransitions called.
07-17 14:53:07.338 10586 11027 I chatty  : uid=1000(system) Binder:10586_9 expire 16 lines
07-17 14:53:07.450 10586 10653 I chatty  : uid=1000(system) NetworkPolicy expire 3 lines
07-17 14:53:07.469 10586 10653 D NetworkStats: Resolving plan for NetworkTemplate: matchRule=MOBILE_ALL, subscriberId=310260..., matchSubscriberIds=[310260...]
07-17 14:53:07.473 10586 10653 D NetworkStats: Found active matching subId 1
07-17 14:53:07.510 10586 10653 D NetworkStats: Resolved to plan null
07-17 14:53:08.038 10923 10923 I GeofencerStateMachine: sendNewTransitions called.
07-17 14:53:08.441 21823 21833 I chatty  : uid=10104(net.osmand) HeapTaskDaemon expire 10 lines
07-17 14:53:11.965 11993 11993 I chatty  : uid=10090(hr.mireo.arthur) expire 10 lines
07-17 14:53:13.074 10923 10923 I GeofencerStateMachine: sendNewTransitions called.
07-17 14:53:18.059 10923 10923 I GeofencerStateMachine: sendNewTransitions called.
07-17 14:53:22.429 10586 10603 E BatteryExternalStatsWorker: modem info is invalid: ModemActivityInfo{ mTimestamp=0 mSleepTimeMs=0 mIdleTimeMs=0 mTxTimeMs[]=[0, 0, 0, 0, 0] mRxTimeMs=0 mEnergyUsed=0}
07-17 14:53:23.054 10923 10923 I GeofencerStateMachine: sendNewTransitions called.
07-17 14:53:23.198 11993 11993 I chatty  : uid=10090(hr.mireo.arthur) expire 30 lines
07-17 14:53:24.787 10923 10923 I GeofencerStateMachine: sendNewLocationAvailability: availability=LocationAvailability[isLocationAvailable: true]
07-17 14:53:26.458 21823 21833 I chatty  : uid=10104(net.osmand) HeapTaskDaemon expire 13 lines
07-17 14:53:27.375 10586 10599 I chatty  : uid=1000(system) android.bg expire 19 lines
07-17 14:53:28.055 10923 10923 I GeofencerStateMachine: sendNewTransitions called.
07-17 14:53:32.572 10923 10923 W SystemServiceRegistry: No service published for: persistent_data_block
07-17 14:53:32.666 10586 11846 I chatty  : uid=1000(system) Binder:10586_D expire 11 lines
07-17 14:53:32.687 10923 10923 W ChimeraUtils: Non Chimera context
07-17 14:53:32.687 10923 10923 W ChimeraUtils: Non Chimera context
07-17 14:53:32.831 10923 10923 I GeofencerStateMachine: removeGeofences: removeRequest=RemoveGeofencingRequest[REMOVE_BY_PENDING_INTENT pendingIntent=PendingIntent[creatorPackage=com.google.android.gms], packageName=com.google.android.gms]
07-17 14:53:32.960 10923 10923 I chatty  : uid=10014 com.google.android.gms.persistent identical 17 lines
07-17 14:53:33.135 10923 11317 I chatty  : uid=10014(com.google.android.gms) highpool[0] expire 1 line
07-17 14:53:36.869  1407  1407 I boot-pipe: done populating /dev/random
07-17 14:53:49.449 21823 21833 I chatty  : uid=10104(net.osmand) HeapTaskDaemon expire 10 lines
07-17 14:53:56.172 11993 11993 I chatty  : uid=10090(hr.mireo.arthur) expire 40 lines
07-17 14:54:01.462 25680 25699 I Finsky  : [594] jen.run(3): Stats for Executor: BlockingExecutor jfw@13ba20d[Running, pool size = 0, active threads = 0, queued tasks = 0, completed tasks = 25]
07-17 14:54:01.514 25680 25699 I Finsky  : [594] jen.run(3): Stats for Executor: LightweightExecutor jfw@4d225c2[Running, pool size = 2, active threads = 0, queued tasks = 0, completed tasks = 61]
07-17 14:54:02.728 25680 25699 I Finsky  : [594] jen.run(3): Stats for Executor: bgExecutor jfw@b075fd3[Running, pool size = 4, active threads = 0, queued tasks = 0, completed tasks = 36]
07-17 14:54:07.243 21823 21833 I chatty  : uid=10104(net.osmand) HeapTaskDaemon expire 23 lines
07-17 14:54:30.082 10923 10923 I chatty  : uid=10014 com.google.android.gms.persistent expire 11 lines
07-17 14:54:36.871  1407  1407 I boot-pipe: done populating /dev/random
07-17 14:54:37.378 10586 10600 I ActivityManager: Killing 25513:com.google.android.gms.ui/u0a14 (adj 906): empty for 1803s
07-17 14:54:37.379 10586 10602 I chatty  : uid=1000(system) ActivityManager expire 8 lines
07-17 14:54:37.393 10923 25239 I chatty  : uid=10014(com.google.android.gms) GCMWriter expire 2 lines
07-17 14:54:37.610 19282 19282 I FirebaseJobDispatcher: onStartJob(): PeriodicContextualMetrics.
07-17 14:54:37.623 19282 19282 W AndroidIME: No constructor for 'com.google.android.apps.inputmethod.libs.latin5.PeriodicContextualMetricsRunner' with arguments (Context)
07-17 14:54:37.777 24310 26034 I zygote  : Deoptimizing java.lang.Object tbu.a() due to JIT inline cache
07-17 14:54:37.833 24310 24324 I zygote  : Waiting for a blocking GC ProfileSaver
07-17 14:54:37.949 24310 24324 I zygote  : WaitForGcToComplete blocked ProfileSaver on HeapTrim for 115.638ms
07-17 14:54:38.695 24310 26035 D PhFileGroupPop: Added file groups webref-model-local-index
07-17 14:54:38.709 24310 26035 D PhFileGroupPop: Added file groups smart_actions_grammars
07-17 14:54:38.714 24310 26035 D PhFileGroupPop: Added file groups smart_actions_ml_models
07-17 14:54:38.830 24310 26037 D spa     : Starting download: https://www.gstatic.com/webref-ondevice/am/20190711/1b7d28007df7a6d693e524fff850e25191b0e8e8.zip
07-17 14:54:38.832 24310 26037 V spa     : Is http uri, downloading (uri: https://www.gstatic.com/webref-ondevice/am/20190711/1b7d28007df7a6d693e524fff850e25191b0e8e8.zip)
07-17 14:54:38.848 24310 26038 D spa     : Starting download: https://www.gstatic.com/webref-ondevice/am/20190711/ac84e192e850911b81d48f8f06c5b5d9a10e7649.zip
07-17 14:54:38.848 24310 26038 V spa     : Is http uri, downloading (uri: https://www.gstatic.com/webref-ondevice/am/20190711/ac84e192e850911b81d48f8f06c5b5d9a10e7649.zip)
07-17 14:54:39.750 24310 24315 I zygote  : Do full code cache collection, code=125KB, data=94KB
07-17 14:54:39.753 24310 24315 I zygote  : After code cache collection, code=91KB, data=53KB
07-17 14:54:39.765 24310 26050 D spa     : Starting download: https://www.gstatic.com/webref-ondevice/am/20190711/8f61600bae769611f13dc42ff96db30ada575257.zip
07-17 14:54:39.765 24310 26050 V spa     : Is http uri, downloading (uri: https://www.gstatic.com/webref-ondevice/am/20190711/8f61600bae769611f13dc42ff96db30ada575257.zip)
07-17 14:54:41.273 24310 26037 D spa     : Starting download: https://www.gstatic.com/webref-ondevice/am/20190711/32b56fd3025c7c9384916f18ae3646237fe45d5b.zip
07-17 14:54:41.274 24310 26037 V spa     : Is http uri, downloading (uri: https://www.gstatic.com/webref-ondevice/am/20190711/32b56fd3025c7c9384916f18ae3646237fe45d5b.zip)
07-17 14:54:41.340 11993 11993 I chatty  : uid=10090(hr.mireo.arthur) expire 40 lines
07-17 14:54:43.432 24310 24320 W zygote  : Suspending all threads took: 7.566ms
07-17 14:54:49.182 24310 26038 D spa     : Starting download: https://www.gstatic.com/webref-ondevice/am/20190711/b28bbb40e658b95eb40bcb0371f9993df4034ccd.zip
07-17 14:54:49.182 24310 26038 V spa     : Is http uri, downloading (uri: https://www.gstatic.com/webref-ondevice/am/20190711/b28bbb40e658b95eb40bcb0371f9993df4034ccd.zip)
07-17 14:54:49.518 24310 26050 D spa     : Starting download: https://www.gstatic.com/webref-ondevice/am/20190711/d4740a69a78513914c243127d36429222ce81864.zip
07-17 14:54:49.519 24310 26050 V spa     : Is http uri, downloading (uri: https://www.gstatic.com/webref-ondevice/am/20190711/d4740a69a78513914c243127d36429222ce81864.zip)
07-17 14:54:49.545 24310 24315 I zygote  : Do partial code cache collection, code=123KB, data=73KB
07-17 14:54:49.546 24310 24315 I zygote  : After code cache collection, code=123KB, data=73KB
07-17 14:54:49.546 24310 24315 I zygote  : Increasing code cache capacity to 512KB
07-17 14:54:50.623 24310 26035 D WebrefLocalSlicingFGP: Added file group webref-model-local
07-17 14:54:51.005 10586 16115 I chatty  : uid=1000(system) Binder:10586_1D expire 1 line
07-17 14:54:54.608 21823 21833 I chatty  : uid=10104(net.osmand) HeapTaskDaemon expire 10 lines
07-17 14:55:07.973 10586 10586 I ActivityManager: Start proc 26053:com.google.android.partnersetup/u0a17 for service com.google.android.partnersetup/.InstalledAppJobService
07-17 14:55:07.986 26053 26053 W zygote  : Unexpected CPU variant for X86 using defaults: x86
07-17 14:55:08.030 26053 26053 I zygote  : The ClassLoaderContext is a special shared library.
07-17 14:55:12.624 21823 21833 I chatty  : uid=10104(net.osmand) HeapTaskDaemon expire 20 lines
07-17 14:55:22.495 10923 10934 I chatty  : uid=10014(com.google.android.gms) HeapTaskDaemon expire 3 lines
07-17 14:55:27.571 11993 11993 I chatty  : uid=10090(hr.mireo.arthur) expire 92 lines
07-17 14:55:27.998 10586 11846 I ActivityManager: Killing 24377:com.google.android.apps.messaging:rcs/u0a68 (adj 906): empty for 1843s
07-17 14:55:30.954 10586 11033 I chatty  : uid=1000(system) Binder:10586_A expire 11 lines
07-17 14:55:31.095 10923 10923 I chatty  : uid=10014 com.google.android.gms.persistent expire 22 lines
07-17 14:55:36.873  1407  1407 I boot-pipe: done populating /dev/random
07-17 14:55:47.995 10586 10596 I chatty  : uid=1000(system) Binder:10586_1 expire 10 lines
07-17 14:55:48.144 10586 14388 I chatty  : uid=1000(system) Binder:10586_18 expire 8 lines
07-17 14:55:48.571 21823 21833 I chatty  : uid=10104(net.osmand) HeapTaskDaemon expire 46 lines
07-17 14:55:51.014 10586 10967 I chatty  : uid=1000(system) Binder:10586_8 expire 12 lines
07-17 14:56:00.013 10586 10599 I chatty  : uid=1000(system) android.bg expire 16 lines
07-17 14:56:36.876  1407  1407 I boot-pipe: done populating /dev/random
07-17 14:57:01.465 25680 25699 I Finsky  : [594] jen.run(3): Stats for Executor: BlockingExecutor jfw@13ba20d[Running, pool size = 0, active threads = 0, queued tasks = 0, completed tasks = 25]
07-17 14:57:01.516 25680 25699 I Finsky  : [594] jen.run(3): Stats for Executor: LightweightExecutor jfw@4d225c2[Running, pool size = 2, active threads = 0, queued tasks = 0, completed tasks = 61]
07-17 14:57:02.730 25680 25699 I Finsky  : [594] jen.run(3): Stats for Executor: bgExecutor jfw@b075fd3[Running, pool size = 4, active threads = 0, queued tasks = 0, completed tasks = 36]
07-17 14:57:08.163 10586 13736 I chatty  : uid=1000(system) Binder:10586_15 expire 12 lines
07-17 14:57:09.863 11993 11993 I chatty  : uid=10090(hr.mireo.arthur) expire 41 lines
07-17 14:57:12.492 21823 21833 I chatty  : uid=10104(net.osmand) HeapTaskDaemon expire 20 lines
07-17 14:57:20.144 10923 10923 I chatty  : uid=10014 com.google.android.gms.persistent expire 12 lines
07-17 14:57:30.165 21823 21823 I chatty  : uid=10104(net.osmand) expire 10 lines
07-17 14:57:31.303 10586 11027 I chatty  : uid=1000(system) Binder:10586_9 expire 10 lines
07-17 14:57:36.877  1407  1407 I boot-pipe: done populating /dev/random
07-17 14:57:48.293 16279 16279 I BgTaskExecutorImpl: Starting PERIODIC background task LOG_ATTEMPTED_SEARCHES_TO_KANSAS.
07-17 14:57:48.662 21823 21833 I chatty  : uid=10104(net.osmand) HeapTaskDaemon expire 34 lines
07-17 14:57:49.015 10586 10595 I chatty  : uid=1000(system) HeapTaskDaemon expire 10 lines
07-17 14:57:56.007 11993 11993 I chatty  : uid=10090(hr.mireo.arthur) expire 52 lines
07-17 14:58:18.189 10923 10923 I chatty  : uid=10014 com.google.android.gms.persistent expire 7 lines
07-17 14:58:28.775 16657 19498 I chatty  : uid=10014(com.google.android.gms) lowpool[84] expire 1 line
07-17 14:58:36.879  1407  1407 I boot-pipe: done populating /dev/random
07-17 14:58:49.815 21823 21833 I chatty  : uid=10104(net.osmand) HeapTaskDaemon expire 10 lines
07-17 14:58:53.304 11993 11993 I chatty  : uid=10090(hr.mireo.arthur) expire 10 lines
07-17 14:58:54.198 10923 10923 I GeofencerStateMachine: sendNewTransitions called.
07-17 14:59:00.004 10586 10599 I chatty  : uid=1000(system) android.bg expire 10 lines
07-17 14:59:00.229 10923 10923 I GeofencerStateMachine: sendNewTransitions called.
07-17 14:59:05.193 10923 10923 I GeofencerStateMachine: sendNewTransitions called.
07-17 14:59:05.353 11993 11993 I chatty  : uid=10090(hr.mireo.arthur) expire 10 lines
07-17 14:59:06.549 21823 21833 I chatty  : uid=10104(net.osmand) HeapTaskDaemon expire 10 lines
07-17 14:59:08.504 10586 10596 I chatty  : uid=1000(system) Binder:10586_1 expire 10 lines
07-17 14:59:10.216 10923 10923 I GeofencerStateMachine: sendNewTransitions called.
07-17 14:59:16.211 10923 10923 I GeofencerStateMachine: sendNewTransitions called.
07-17 14:59:16.409 11993 11993 I chatty  : uid=10090(hr.mireo.arthur) expire 10 lines
07-17 14:59:22.199 10923 10923 I GeofencerStateMachine: sendNewTransitions called.
07-17 14:59:23.606 21823 21833 I chatty  : uid=10104(net.osmand) HeapTaskDaemon expire 15 lines
07-17 14:59:26.024 10923 10937 I zygote  : Waiting for a blocking GC ProfileSaver
07-17 14:59:26.070 10923 10923 I GeofencerStateMachine: sendNewLocationAvailability: availability=LocationAvailability[isLocationAvailable: true]
07-17 14:59:26.108 10923 10934 I zygote  : Background concurrent copying GC freed 187735(6MB) AllocSpace objects, 0(0B) LOS objects, 40% free, 8MB/14MB, paused 1.143ms total 123.682ms
07-17 14:59:26.109 10923 10937 I zygote  : WaitForGcToComplete blocked ProfileSaver on HeapTrim for 84.886ms
07-17 14:59:27.199 10923 10923 I GeofencerStateMachine: sendNewTransitions called.
07-17 14:59:27.477 11993 11993 I chatty  : uid=10090(hr.mireo.arthur) expire 29 lines
07-17 14:59:32.211 10923 10923 I GeofencerStateMachine: sendNewTransitions called.
07-17 14:59:36.881  1407  1407 I boot-pipe: done populating /dev/random
07-17 14:59:37.221 10923 10923 I GeofencerStateMachine: sendNewTransitions called.
07-17 14:59:38.665 10586 11033 I chatty  : uid=1000(system) Binder:10586_A expire 4 lines
07-17 14:59:42.227 10923 10923 I GeofencerStateMachine: sendNewTransitions called.
07-17 14:59:46.565 10586 10967 I chatty  : uid=1000(system) Binder:10586_8 expire 4 lines
07-17 14:59:47.217 10923 10923 I GeofencerStateMachine: sendNewTransitions called.
07-17 14:59:50.152 21823 21833 I chatty  : uid=10104(net.osmand) HeapTaskDaemon expire 10 lines
07-17 14:59:52.221 10923 10923 I GeofencerStateMachine: sendNewTransitions called.
07-17 14:59:53.630 10586 10603 E BatteryExternalStatsWorker: modem info is invalid: ModemActivityInfo{ mTimestamp=0 mSleepTimeMs=0 mIdleTimeMs=0 mTxTimeMs[]=[0, 0, 0, 0, 0] mRxTimeMs=0 mEnergyUsed=0}
07-17 14:59:57.250 10923 10923 I GeofencerStateMachine: sendNewTransitions called.
07-17 14:59:59.278 11993 12003 I chatty  : uid=10090(hr.mireo.arthur) HeapTaskDaemon expire 4 lines
07-17 14:59:59.584 11993 11993 I chatty  : uid=10090(hr.mireo.arthur) expire 30 lines
07-17 15:00:01.467 25680 25699 I Finsky  : [594] jen.run(3): Stats for Executor: BlockingExecutor jfw@13ba20d[Running, pool size = 0, active threads = 0, queued tasks = 0, completed tasks = 25]
07-17 15:00:01.518 25680 25699 I Finsky  : [594] jen.run(3): Stats for Executor: LightweightExecutor jfw@4d225c2[Running, pool size = 2, active threads = 0, queued tasks = 0, completed tasks = 61]
07-17 15:00:02.222 10923 10923 I GeofencerStateMachine: sendNewTransitions called.
07-17 15:00:02.731 25680 25699 I Finsky  : [594] jen.run(3): Stats for Executor: bgExecutor jfw@b075fd3[Running, pool size = 4, active threads = 0, queued tasks = 0, completed tasks = 37]
07-17 15:00:07.614 21823 21833 I chatty  : uid=10104(net.osmand) HeapTaskDaemon expire 10 lines
07-17 15:00:08.231 10923 10923 I GeofencerStateMachine: sendNewTransitions called.
07-17 15:00:13.261 10923 10923 I GeofencerStateMachine: sendNewTransitions called.
07-17 15:00:18.229 10923 10923 I GeofencerStateMachine: sendNewTransitions called.
07-17 15:00:23.247 10923 10923 I GeofencerStateMachine: sendNewTransitions called.
07-17 15:00:24.841 21823 21833 I chatty  : uid=10104(net.osmand) HeapTaskDaemon expire 15 lines
07-17 15:00:26.266 10586 10599 I chatty  : uid=1000(system) android.bg expire 3 lines
07-17 15:00:26.321 10923 10923 I GeofencerStateMachine: sendNewLocationAvailability: availability=LocationAvailability[isLocationAvailable: true]
07-17 15:00:28.243 10923 10923 I GeofencerStateMachine: sendNewTransitions called.
07-17 15:00:33.233 10923 10923 I GeofencerStateMachine: sendNewTransitions called.
07-17 15:00:33.726 11993 11993 I chatty  : uid=10090(hr.mireo.arthur) expire 21 lines
07-17 15:00:36.881  1407  1407 I boot-pipe: done populating /dev/random
07-17 15:00:38.262 10923 10923 I GeofencerStateMachine: sendNewTransitions called.
07-17 15:00:43.253 10923 10923 I GeofencerStateMachine: sendNewTransitions called.
07-17 15:00:48.247 10923 10923 I GeofencerStateMachine: sendNewTransitions called.
07-17 15:00:48.680 10586 10596 I chatty  : uid=1000(system) Binder:10586_1 expire 1 line
07-17 15:00:52.859 21823 21833 I chatty  : uid=10104(net.osmand) HeapTaskDaemon expire 10 lines
07-17 15:00:53.247 10923 10923 I GeofencerStateMachine: sendNewTransitions called.
07-17 15:00:56.786 11993 11993 I chatty  : uid=10090(hr.mireo.arthur) expire 10 lines
07-17 15:00:58.247 10923 10923 I GeofencerStateMachine: sendNewTransitions called.
07-17 15:01:03.268 10923 10923 I GeofencerStateMachine: sendNewTransitions called.
07-17 15:01:08.624 21823 21833 I chatty  : uid=10104(net.osmand) HeapTaskDaemon expire 11 lines
07-17 15:01:08.738 10923 10923 I GeofencerStateMachine: sendNewTransitions called.
07-17 15:01:08.749 10586 13736 I chatty  : uid=1000(system) Binder:10586_15 expire 2 lines
07-17 15:01:08.811 11993 11993 I chatty  : uid=10090(hr.mireo.arthur) expire 10 lines
07-17 15:01:14.253 10923 10923 I GeofencerStateMachine: sendNewTransitions called.
07-17 15:01:19.267 10923 10923 I GeofencerStateMachine: sendNewTransitions called.
07-17 15:01:19.832 11993 11993 I chatty  : uid=10090(hr.mireo.arthur) expire 31 lines
07-17 15:01:24.268 10923 10923 I GeofencerStateMachine: sendNewTransitions called.
07-17 15:01:28.702 10586 11027 I chatty  : uid=1000(system) Binder:10586_9 expire 1 line
07-17 15:01:28.787 10586 10967 I WifiService: releaseWifiLock uid=10014
07-17 15:01:28.840 10586 10599 E memtrack: Couldn't load memtrack module
07-17 15:01:28.840 10586 10599 W android.os.Debug: failed to get memory consumption info: -1
07-17 15:01:28.947 10923 10934 I zygote  : Background concurrent copying GC freed 194504(5MB) AllocSpace objects, 0(0B) LOS objects, 41% free, 8MB/14MB, paused 1.112ms total 168.968ms
07-17 15:01:28.987 21823 21833 I chatty  : uid=10104(net.osmand) HeapTaskDaemon expire 11 lines
07-17 15:01:29.267 10923 10923 I GeofencerStateMachine: sendNewTransitions called.
07-17 15:01:35.205 10923 10923 I GeofencerStateMachine: sendNewTransitions called.
07-17 15:01:36.601 10586 10595 I zygote  : Background concurrent copying GC freed 34283(1480KB) AllocSpace objects, 0(0B) LOS objects, 19% free, 25MB/31MB, paused 2.128ms total 345.936ms
07-17 15:01:36.883  1407  1407 I boot-pipe: done populating /dev/random
07-17 15:01:40.275 10923 10923 I GeofencerStateMachine: sendNewTransitions called.
07-17 15:01:45.303 10923 10923 I GeofencerStateMachine: sendNewTransitions called.
07-17 15:01:47.878 21823 21833 I chatty  : uid=10104(net.osmand) HeapTaskDaemon expire 10 lines
07-17 15:01:48.730 10586 11027 I WifiService: acquireWifiLock uid=10014 lockMode=2
07-17 15:01:51.281 10923 10923 I GeofencerStateMachine: sendNewTransitions called.
07-17 15:01:51.742 10586 13668 D WificondControl: Scan result ready event
07-17 15:01:51.794 10586 13668 I WifiService: releaseWifiLock uid=10014
07-17 15:01:54.936 11993 11993 I chatty  : uid=10090(hr.mireo.arthur) expire 10 lines
07-17 15:01:56.301 10923 10923 I GeofencerStateMachine: sendNewTransitions called.
07-17 15:02:01.289 10923 10923 I GeofencerStateMachine: sendNewTransitions called.
07-17 15:02:04.877 25680 25721 I PlayCommon: [612] aeho.d(23): Preparing logs for uploading
07-17 15:02:04.884 25680 25721 I PlayCommon: [612] aeho.d(125): Connecting to server: https://play.googleapis.com/play/log?format=raw&proto_v2=true
07-17 15:02:05.343 25680 25721 I PlayCommon: [612] aeho.d(173): Successfully uploaded logs.
07-17 15:02:05.808 21823 21833 I chatty  : uid=10104(net.osmand) HeapTaskDaemon expire 10 lines
07-17 15:02:05.951 11993 11993 I chatty  : uid=10090(hr.mireo.arthur) expire 10 lines
07-17 15:02:06.292 10923 10923 I GeofencerStateMachine: sendNewTransitions called.
07-17 15:02:08.764 10586 13736 I WifiService: acquireWifiLock uid=10014 lockMode=2
07-17 15:02:08.903 10586 13668 I WifiService: releaseWifiLock uid=10014
07-17 15:02:10.633 10586 10595 I zygote  : Background concurrent copying GC freed 35928(1555KB) AllocSpace objects, 0(0B) LOS objects, 19% free, 25MB/31MB, paused 3.404ms total 346.826ms
07-17 15:02:11.297 10923 10923 I GeofencerStateMachine: sendNewTransitions called.
07-17 15:02:16.285 10923 10923 I GeofencerStateMachine: sendNewTransitions called.
07-17 15:02:16.991 11993 11993 I chatty  : uid=10090(hr.mireo.arthur) expire 10 lines
07-17 15:02:18.007 10586 10967 I WifiService: getConnectionInfo uid=10014
07-17 15:02:18.011 10923 25239 E WakeLock: GCM_HB_ALARM release without a matched acquire!
07-17 15:02:18.320 10586 13668 I WifiService: getConnectionInfo uid=10014
07-17 15:02:19.258 10923 10934 I zygote  : Background concurrent copying GC freed 167550(5MB) AllocSpace objects, 4(208KB) LOS objects, 40% free, 8MB/14MB, paused 913us total 109.529ms
07-17 15:02:19.873 10923 25226 W Conscrypt: Could not set socket write timeout: java.net.SocketException: Socket closed
07-17 15:02:19.873 10923 25226 W Conscrypt: 	at com.google.android.gms.org.conscrypt.Platform.setSocketWriteTimeout(:com.google.android.gms@17785022@17.7.85 (040700-253824076):2)
07-17 15:02:19.874 10923 25226 W Conscrypt: 	at com.google.android.gms.org.conscrypt.ConscryptFileDescriptorSocket.setSoWriteTimeout(:com.google.android.gms@17785022@17.7.85 (040700-253824076):2)
07-17 15:02:20.117 10923 25226 W Conscrypt: Could not set socket write timeout: java.net.SocketException: Socket closed
07-17 15:02:20.117 10923 25226 W Conscrypt: 	at com.google.android.gms.org.conscrypt.Platform.setSocketWriteTimeout(:com.google.android.gms@17785022@17.7.85 (040700-253824076):2)
07-17 15:02:20.117 10923 25226 W Conscrypt: 	at com.google.android.gms.org.conscrypt.ConscryptFileDescriptorSocket.setSoWriteTimeout(:com.google.android.gms@17785022@17.7.85 (040700-253824076):2)
07-17 15:02:20.691 10923 10923 W ChimeraUtils: Non Chimera context
07-17 15:02:20.692 10923 10923 W ChimeraUtils: Non Chimera context
07-17 15:02:22.239 10923 10923 I GeofencerStateMachine: sendNewTransitions called.
07-17 15:02:22.473 10923 25226 W Conscrypt: Could not set socket write timeout: java.net.SocketException: Socket closed
07-17 15:02:22.474 10923 25226 W Conscrypt: 	at com.google.android.gms.org.conscrypt.Platform.setSocketWriteTimeout(:com.google.android.gms@17785022@17.7.85 (040700-253824076):2)
07-17 15:02:22.475 10923 25226 W Conscrypt: 	at com.google.android.gms.org.conscrypt.ConscryptFileDescriptorSocket.setSoWriteTimeout(:com.google.android.gms@17785022@17.7.85 (040700-253824076):2)
07-17 15:02:22.556 10923 25226 W Conscrypt: Could not set socket write timeout: java.net.SocketException: Socket closed
07-17 15:02:22.556 10923 25226 W Conscrypt: 	at com.google.android.gms.org.conscrypt.Platform.setSocketWriteTimeout(:com.google.android.gms@17785022@17.7.85 (040700-253824076):2)
07-17 15:02:22.556 10923 25226 W Conscrypt: 	at com.google.android.gms.org.conscrypt.ConscryptFileDescriptorSocket.setSoWriteTimeout(:com.google.android.gms@17785022@17.7.85 (040700-253824076):2)
07-17 15:02:24.827 21823 21833 I chatty  : uid=10104(net.osmand) HeapTaskDaemon expire 17 lines
07-17 15:02:26.672 10923 10923 I GeofencerStateMachine: sendNewLocationAvailability: availability=LocationAvailability[isLocationAvailable: true]
07-17 15:02:27.084 10923 10934 I zygote  : Background concurrent copying GC freed 77636(5MB) AllocSpace objects, 12(1136KB) LOS objects, 41% free, 8MB/14MB, paused 897us total 104.871ms
07-17 15:02:27.289 10923 10923 I GeofencerStateMachine: sendNewTransitions called.
07-17 15:02:28.004 11993 11993 I chatty  : uid=10090(hr.mireo.arthur) expire 10 lines
07-17 15:02:28.775 10586 11027 I WifiService: acquireWifiLock uid=10014 lockMode=2
07-17 15:02:31.774 10586 11027 D WificondControl: Scan result ready event
07-17 15:02:31.835 10586 13668 I WifiService: releaseWifiLock uid=10014
07-17 15:02:33.300 10923 10923 I GeofencerStateMachine: sendNewTransitions called.
07-17 15:02:33.784 10586 13736 I WifiService: acquireWifiLock uid=10014 lockMode=2
07-17 15:02:33.846 10586 13736 I WifiService: releaseWifiLock uid=10014
07-17 15:02:34.062 10586 10595 I zygote  : Background concurrent copying GC freed 37408(1602KB) AllocSpace objects, 0(0B) LOS objects, 19% free, 25MB/31MB, paused 1.815ms total 253.926ms
07-17 15:02:36.886  1407  1407 I boot-pipe: done populating /dev/random
07-17 15:02:37.756 10586 10599 E memtrack: Couldn't load memtrack module
07-17 15:02:37.756 10586 10599 W android.os.Debug: failed to get memory consumption info: -1
07-17 15:02:37.823 10586 10599 E memtrack: Couldn't load memtrack module
07-17 15:02:37.823 10586 10599 W android.os.Debug: failed to get memory consumption info: -1
07-17 15:02:37.931 10586 10599 E memtrack: Couldn't load memtrack module
07-17 15:02:37.931 10586 10599 W android.os.Debug: failed to get memory consumption info: -1
07-17 15:02:37.979 10586 10599 E memtrack: Couldn't load memtrack module
07-17 15:02:37.979 10586 10599 W android.os.Debug: failed to get memory consumption info: -1
07-17 15:02:38.297 10923 10923 I GeofencerStateMachine: sendNewTransitions called.
07-17 15:02:38.803 10586 13668 I WifiService: acquireWifiLock uid=10014 lockMode=2
07-17 15:02:39.077 11993 11993 I chatty  : uid=10090(hr.mireo.arthur) expire 20 lines
07-17 15:02:41.814 10586 13668 D WificondControl: Scan result ready event
07-17 15:02:41.858 10586 11027 I WifiService: releaseWifiLock uid=10014
07-17 15:02:43.318 10923 10923 I GeofencerStateMachine: sendNewTransitions called.
07-17 15:02:43.814 10586 13668 I WifiService: acquireWifiLock uid=10014 lockMode=2
07-17 15:02:43.871 10586 13668 I WifiService: releaseWifiLock uid=10014
07-17 15:02:48.307 10923 10923 I GeofencerStateMachine: sendNewTransitions called.
07-17 15:02:48.826 10586 13668 I WifiService: acquireWifiLock uid=10014 lockMode=2
07-17 15:02:51.852 10586 13668 D WificondControl: Scan result ready event
07-17 15:02:51.894 10586 11027 I WifiService: releaseWifiLock uid=10014
07-17 15:02:53.339 10923 10923 I GeofencerStateMachine: sendNewTransitions called.
07-17 15:02:53.834 10586 13668 I WifiService: acquireWifiLock uid=10014 lockMode=2
07-17 15:02:53.892 10586 11027 I WifiService: releaseWifiLock uid=10014
07-17 15:02:55.845 21823 21833 I chatty  : uid=10104(net.osmand) HeapTaskDaemon expire 10 lines
07-17 15:02:58.312 10923 10923 I GeofencerStateMachine: sendNewTransitions called.
07-17 15:02:58.855 10586 14388 I WifiService: acquireWifiLock uid=10014 lockMode=2
07-17 15:03:01.469 25680 25699 I Finsky  : [594] jen.run(3): Stats for Executor: BlockingExecutor jfw@13ba20d[Running, pool size = 0, active threads = 0, queued tasks = 0, completed tasks = 25]
07-17 15:03:01.520 25680 25699 I Finsky  : [594] jen.run(3): Stats for Executor: LightweightExecutor jfw@4d225c2[Running, pool size = 2, active threads = 0, queued tasks = 0, completed tasks = 61]
07-17 15:03:01.833 10586 13736 D WificondControl: Scan result ready event
07-17 15:03:01.892 10586 13736 I WifiService: releaseWifiLock uid=10014
07-17 15:03:02.097 10586 10595 I zygote  : Background concurrent copying GC freed 32103(1363KB) AllocSpace objects, 0(0B) LOS objects, 19% free, 25MB/31MB, paused 1.259ms total 249.165ms
07-17 15:03:02.139 11993 11993 I chatty  : uid=10090(hr.mireo.arthur) expire 11 lines
07-17 15:03:02.732 25680 25699 I Finsky  : [594] jen.run(3): Stats for Executor: bgExecutor jfw@b075fd3[Running, pool size = 4, active threads = 0, queued tasks = 0, completed tasks = 38]
07-17 15:03:03.309 10923 10923 I GeofencerStateMachine: sendNewTransitions called.
07-17 15:03:03.860 10586 13736 I WifiService: acquireWifiLock uid=10014 lockMode=2
07-17 15:03:03.910 10586 13736 I WifiService: releaseWifiLock uid=10014
07-17 15:03:07.258 10586 10599 I UsageStatsService: User[0] Flushing usage stats to disk
07-17 15:03:08.874 10586 11027 I WifiService: acquireWifiLock uid=10014 lockMode=2
07-17 15:03:09.189 10923 10923 I GeofencerStateMachine: sendNewTransitions called.
07-17 15:03:11.863 10586 13736 D WificondControl: Scan result ready event
07-17 15:03:11.903 10586 14388 I WifiService: releaseWifiLock uid=10014
07-17 15:03:13.826 21823 21833 I chatty  : uid=10104(net.osmand) HeapTaskDaemon expire 19 lines
07-17 15:03:13.890 10586 13668 I WifiService: acquireWifiLock uid=10014 lockMode=2
07-17 15:03:13.942 10586 14388 I WifiService: releaseWifiLock uid=10014
07-17 15:03:14.193 11993 11993 I chatty  : uid=10090(hr.mireo.arthur) expire 11 lines
07-17 15:03:14.320 10923 10923 I GeofencerStateMachine: sendNewTransitions called.
07-17 15:03:18.897 10586 10596 I WifiService: acquireWifiLock uid=10014 lockMode=2
07-17 15:03:20.326 10923 10923 I GeofencerStateMachine: sendNewTransitions called.
07-17 15:03:21.953 10586 13736 D WificondControl: Scan result ready event
07-17 15:03:22.003 10586 14388 I WifiService: releaseWifiLock uid=10014
07-17 15:03:23.914 10586 14388 I WifiService: acquireWifiLock uid=10014 lockMode=2
07-17 15:03:23.983 10586 10596 I WifiService: releaseWifiLock uid=10014
07-17 15:03:25.329 10923 10923 I GeofencerStateMachine: sendNewTransitions called.
07-17 15:03:25.352 11993 11993 I chatty  : uid=10090(hr.mireo.arthur) expire 10 lines
07-17 15:03:26.733 10586 10595 I zygote  : Background concurrent copying GC freed 31667(1362KB) AllocSpace objects, 10(520KB) LOS objects, 19% free, 25MB/31MB, paused 1.029ms total 420.324ms
07-17 15:03:27.377 10923 10923 I GeofencerStateMachine: sendNewLocationAvailability: availability=LocationAvailability[isLocationAvailable: true]
07-17 15:03:28.934 10586 11027 I WifiService: acquireWifiLock uid=10014 lockMode=2
07-17 15:03:28.942 10586 10599 E memtrack: Couldn't load memtrack module
07-17 15:03:28.942 10586 10599 W android.os.Debug: failed to get memory consumption info: -1
07-17 15:03:29.012 10586 10599 E memtrack: Couldn't load memtrack module
07-17 15:03:29.012 10586 10599 W android.os.Debug: failed to get memory consumption info: -1
07-17 15:03:30.351 10923 10923 I GeofencerStateMachine: sendNewTransitions called.
07-17 15:03:31.944 10586 14388 D WificondControl: Scan result ready event
07-17 15:03:31.998 10586 13736 I WifiService: releaseWifiLock uid=10014
07-17 15:03:36.332 10923 10923 I GeofencerStateMachine: sendNewTransitions called.
07-17 15:03:36.888  1407  1407 I boot-pipe: done populating /dev/random
07-17 15:03:37.273 11993 11993 I chatty  : uid=10090(hr.mireo.arthur) expire 11 lines
07-17 15:03:41.331 10923 10923 I GeofencerStateMachine: sendNewTransitions called.
07-17 15:03:47.249 10923 10923 I GeofencerStateMachine: sendNewTransitions called.
07-17 15:03:48.784 21823 21833 I chatty  : uid=10104(net.osmand) HeapTaskDaemon expire 10 lines
07-17 15:03:48.945 10586 13668 I WifiService: acquireWifiLock uid=10014 lockMode=2
07-17 15:03:48.999 10586 10596 I WifiService: releaseWifiLock uid=10014
07-17 15:03:49.475 11993 11993 I chatty  : uid=10090(hr.mireo.arthur) expire 10 lines
07-17 15:03:51.926 10586 13736 D WificondControl: Scan result ready event
07-17 15:03:52.340 10923 10923 I GeofencerStateMachine: sendNewTransitions called.
07-17 15:03:58.335 10923 10923 I GeofencerStateMachine: sendNewTransitions called.
07-17 15:03:58.340 10586 10599 I zygote  : IncrementDisableThreadFlip blocked for 11.552ms
07-17 15:03:58.712 10586 10595 I zygote  : Background concurrent copying GC freed 34562(1478KB) AllocSpace objects, 0(0B) LOS objects, 19% free, 25MB/31MB, paused 1.462ms total 386.224ms
07-17 15:04:00.233 10686 10707 I zygote  : Background concurrent copying GC freed 195858(6MB) AllocSpace objects, 0(0B) LOS objects, 30% free, 13MB/19MB, paused 2.019ms total 147.086ms
07-17 15:04:00.446 11993 11993 I chatty  : uid=10090(hr.mireo.arthur) expire 29 lines
07-17 15:04:03.334 10923 10923 I GeofencerStateMachine: sendNewTransitions called.
07-17 15:04:06.687 21823 21833 I chatty  : uid=10104(net.osmand) HeapTaskDaemon expire 10 lines
07-17 15:04:08.345 10923 10923 I GeofencerStateMachine: sendNewTransitions called.
07-17 15:04:08.957 10586 11027 I WifiService: acquireWifiLock uid=10014 lockMode=2
07-17 15:04:09.007 10586 13668 I WifiService: releaseWifiLock uid=10014
07-17 15:04:13.337 10923 10923 I GeofencerStateMachine: sendNewTransitions called.
07-17 15:04:18.355 10923 10923 I GeofencerStateMachine: sendNewTransitions called.
07-17 15:04:24.198 10923 10923 I GeofencerStateMachine: sendNewTransitions called.
07-17 15:04:25.703 21823 21833 I chatty  : uid=10104(net.osmand) HeapTaskDaemon expire 17 lines
07-17 15:04:28.974 10586 10596 I WifiService: acquireWifiLock uid=10014 lockMode=2
07-17 15:04:29.364 10923 10923 I GeofencerStateMachine: sendNewTransitions called.
07-17 15:04:29.573 10923 10934 I zygote  : Background concurrent copying GC freed 198131(6MB) AllocSpace objects, 0(0B) LOS objects, 41% free, 8MB/14MB, paused 901us total 224.896ms
07-17 15:04:31.965 10586 10967 D WificondControl: Scan result ready event
07-17 15:04:32.052 10586 11027 I WifiService: releaseWifiLock uid=10014
07-17 15:04:33.507 10586 10595 I zygote  : Background concurrent copying GC freed 34853(1495KB) AllocSpace objects, 0(0B) LOS objects, 19% free, 25MB/31MB, paused 1.474ms total 349.328ms
07-17 15:04:33.583 11993 11993 I chatty  : uid=10090(hr.mireo.arthur) expire 32 lines
07-17 15:04:35.383 10923 10923 I GeofencerStateMachine: sendNewTransitions called.
07-17 15:04:36.890  1407  1407 I boot-pipe: done populating /dev/random
07-17 15:04:41.351 10923 10923 I GeofencerStateMachine: sendNewTransitions called.
07-17 15:04:46.358 10923 10923 I GeofencerStateMachine: sendNewTransitions called.
07-17 15:04:49.060 10586 13736 I WifiService: acquireWifiLock uid=10014 lockMode=2
07-17 15:04:49.152 10586 13736 I WifiService: releaseWifiLock uid=10014
07-17 15:04:52.259 10923 10923 I GeofencerStateMachine: sendNewTransitions called.
07-17 15:04:56.754 21823 21833 I chatty  : uid=10104(net.osmand) HeapTaskDaemon expire 10 lines
07-17 15:04:57.356 10923 10923 I GeofencerStateMachine: sendNewTransitions called.
07-17 15:05:02.393 10923 10923 I GeofencerStateMachine: sendNewTransitions called.
07-17 15:05:07.361 10923 10923 I GeofencerStateMachine: sendNewTransitions called.
07-17 15:05:07.670 11993 11993 I chatty  : uid=10090(hr.mireo.arthur) expire 10 lines
07-17 15:05:09.107 10586 13668 I WifiService: acquireWifiLock uid=10014 lockMode=2
07-17 15:05:10.680 10586 10595 I zygote  : Background concurrent copying GC freed 33830(1387KB) AllocSpace objects, 0(0B) LOS objects, 19% free, 25MB/31MB, paused 1.397ms total 451.367ms
07-17 15:05:12.133 10586 10967 D WificondControl: Scan result ready event
07-17 15:05:12.198 10586 10967 I WifiService: releaseWifiLock uid=10014
07-17 15:05:12.379 10923 10923 I GeofencerStateMachine: sendNewTransitions called.
07-17 15:05:14.061 21823 21833 I chatty  : uid=10104(net.osmand) HeapTaskDaemon expire 10 lines
07-17 15:05:18.210 10923 10923 I GeofencerStateMachine: sendNewTransitions called.
07-17 15:05:18.697 11993 11993 I chatty  : uid=10090(hr.mireo.arthur) expire 10 lines
07-17 15:05:23.376 10923 10923 I GeofencerStateMachine: sendNewTransitions called.
07-17 15:05:27.393 10923 10923 I GeofencerStateMachine: sendNewLocationAvailability: availability=LocationAvailability[isLocationAvailable: true]
07-17 15:05:29.139 10586 11027 I WifiService: acquireWifiLock uid=10014 lockMode=2
07-17 15:05:29.156 10586 10599 E memtrack: Couldn't load memtrack module
07-17 15:05:29.156 10586 10599 W android.os.Debug: failed to get memory consumption info: -1
07-17 15:05:29.201 10923 10923 I GeofencerStateMachine: sendNewTransitions called.
07-17 15:05:29.250 10586 13736 I WifiService: releaseWifiLock uid=10014
07-17 15:05:29.281 10586 10599 E memtrack: Couldn't load memtrack module
07-17 15:05:29.281 10586 10599 W android.os.Debug: failed to get memory consumption info: -1
07-17 15:05:29.753 11993 11993 I chatty  : uid=10090(hr.mireo.arthur) expire 22 lines
07-17 15:05:33.087 21823 21833 I chatty  : uid=10104(net.osmand) HeapTaskDaemon expire 10 lines
07-17 15:05:33.991 10923 10934 I zygote  : Background concurrent copying GC freed 196788(5MB) AllocSpace objects, 0(0B) LOS objects, 41% free, 8MB/14MB, paused 1.838ms total 110.669ms
07-17 15:05:34.146 10586 10967 I WifiService: acquireWifiLock uid=10014 lockMode=2
07-17 15:05:34.390 10923 10923 I GeofencerStateMachine: sendNewTransitions called.
