07-03 18:18:24.982 14699 16032 I chatty  : uid=10104(net.osmand) expire 31 lines
07-03 18:18:26.757  1604  1613 I zygote  : Background concurrent copying GC freed 84061(3MB) AllocSpace objects, 40(2MB) LOS objects, 7% free, 70MB/76MB, paused 16.626ms total 1.023s
07-03 18:18:26.974  1403  1418 D hwcomposer: hw_composer sent 60 syncs in 68s
07-03 18:18:27.924  1970  1970 I GeofencerStateMachine: sendNewTransitions called.
07-03 18:18:32.544  1604  4624 I WifiService: acquireWifiLock uid=10014 lockMode=2
07-03 18:18:32.631  1604  3158 I WifiService: releaseWifiLock uid=10014
07-03 18:18:32.710  1970  2052 I GeofencerStateMachine: addGeofences called by com.google.android.apps.maps
07-03 18:18:32.762  1604  1853 I GnssLocationProvider: WakeLock acquired by sendMessage(SET_REQUEST, 0, com.android.server.location.GnssLocationProvider$GpsRequest@cf52130)
07-03 18:18:32.763  1604  1617 I GnssLocationProvider: WakeLock released by handleMessage(SET_REQUEST, 0, com.android.server.location.GnssLocationProvider$GpsRequest@cf52130)
07-03 18:18:32.771 14699 14724 I chatty  : uid=10104(net.osmand) Loader map obje expire 92 lines
07-03 18:18:32.811  1604  3158 I WifiService: getWifiEnabledState uid=10062
07-03 18:18:32.829  1604  3158 I GnssLocationProvider: WakeLock acquired by sendMessage(SET_REQUEST, 0, com.android.server.location.GnssLocationProvider$GpsRequest@abd932e)
07-03 18:18:32.830  1604  1617 I GnssLocationProvider: WakeLock released by handleMessage(SET_REQUEST, 0, com.android.server.location.GnssLocationProvider$GpsRequest@abd932e)
07-03 18:18:32.967  1970  1970 I GeofencerStateMachine: sendNewLocationAvailability: availability=LocationAvailability[isLocationAvailable: true]
07-03 18:18:33.044  1970  1970 I GeofencerStateMachine: sendNewLocationAvailability: availability=LocationAvailability[isLocationAvailable: true]
07-03 18:18:33.328 14699 14709 I chatty  : uid=10104(net.osmand) HeapTaskDaemon expire 6 lines
07-03 18:18:33.408  2180  5203 I EventLogChimeraService: Aggregate from 1562176124594 (log), 1562176124594 (data)
07-03 18:18:33.581  1604  1618 W BroadcastQueue: Background execution not allowed: receiving Intent { act=android.intent.action.DROPBOX_ENTRY_ADDED flg=0x10 (has extras) } to com.google.android.gms/.stats.service.DropBoxEntryAddedReceiver
07-03 18:18:33.582  1604  1618 W BroadcastQueue: Background execution not allowed: receiving Intent { act=android.intent.action.DROPBOX_ENTRY_ADDED flg=0x10 (has extras) } to com.google.android.gms/.chimera.GmsIntentOperationService$PersistentTrustedReceiver
07-03 18:18:33.605  1604  1618 W BroadcastQueue: Background execution not allowed: receiving Intent { act=android.intent.action.DROPBOX_ENTRY_ADDED flg=0x10 (has extras) } to com.google.android.gms/.stats.service.DropBoxEntryAddedReceiver
07-03 18:18:33.605  1604  1618 W BroadcastQueue: Background execution not allowed: receiving Intent { act=android.intent.action.DROPBOX_ENTRY_ADDED flg=0x10 (has extras) } to com.google.android.gms/.chimera.GmsIntentOperationService$PersistentTrustedReceiver
07-03 18:18:33.760 14699 14725 I chatty  : uid=10104(net.osmand) RenderingBaseIm expire 30 lines
07-03 18:18:33.910  1604 16047 D NetworkMonitor/NetworkAgentInfo [WIFI () - 101]: PROBE_DNS www.google.com 17ms OK 172.217.28.228,2800:3f0:4001:801::2004
07-03 18:18:33.955  1604 16048 D NetworkMonitor/NetworkAgentInfo [WIFI () - 101]: PROBE_DNS connectivitycheck.gstatic.com 59ms OK 172.217.172.131,2800:3f0:4001:81a::2003
07-03 18:18:33.996  2180  2194 I zygote  : Background concurrent copying GC freed 112955(5MB) AllocSpace objects, 2(104KB) LOS objects, 34% free, 11MB/17MB, paused 4.646ms total 378.870ms
07-03 18:18:34.952  1604 16048 D NetworkMonitor/NetworkAgentInfo [WIFI () - 101]: PROBE_HTTP http://connectivitycheck.gstatic.com/generate_204 time=995ms ret=204 request={User-Agent=[Mozilla/5.0 (X11; Linux x86_64) AppleWebKit/537.36 (KHTML, like Gecko) Chrome/60.0.3112.32 Safari/537.36]} headers={null=[HTTP/1.1 204 No Content], Content-Length=[0], Date=[Wed, 03 Jul 2019 18:18:36 GMT], X-Android-Received-Millis=[1562177914951], X-Android-Response-Source=[NETWORK 204], X-Android-Selected-Protocol=[http/1.1], X-Android-Sent-Millis=[1562177913956]}
07-03 18:18:35.077 14699 14699 I chatty  : uid=10104(net.osmand) expire 26 lines
07-03 18:18:36.392 14699 16051 I chatty  : uid=10104(net.osmand) expire 31 lines
07-03 18:18:36.935 14699 16053 I chatty  : uid=10104(net.osmand) expire 31 lines
07-03 18:18:38.926 14699 16055 I chatty  : uid=10104(net.osmand) expire 4 lines
07-03 18:18:40.587  1604  2952 D NetworkMonitor/NetworkAgentInfo [WIFI () - 101]: PROBE_FALLBACK http://play.googleapis.com/generate_204 time=3699ms ret=204 request={User-Agent=[Mozilla/5.0 (X11; Linux x86_64) AppleWebKit/537.36 (KHTML, like Gecko) Chrome/60.0.3112.32 Safari/537.36]} headers={null=[HTTP/1.1 204 No Content], Content-Length=[0], Date=[Wed, 03 Jul 2019 18:18:40 GMT], X-Android-Received-Millis=[1562177920586], X-Android-Response-Source=[NETWORK 204], X-Android-Selected-Protocol=[http/1.1], X-Android-Sent-Millis=[1562177918186]}
07-03 18:18:41.136 14699 14724 I chatty  : uid=10104(net.osmand) Loader map obje expire 126 lines
07-03 18:18:41.799 14699 14709 I chatty  : uid=10104(net.osmand) HeapTaskDaemon expire 7 lines
07-03 18:18:41.878  1410  1410 I boot-pipe: done populating /dev/random
07-03 18:18:41.953 14699 14699 I chatty  : uid=10104(net.osmand) expire 60 lines
07-03 18:18:42.079 14699 14725 I chatty  : uid=10104(net.osmand) RenderingBaseIm expire 26 lines
07-03 18:18:44.744  1604  1617 I zygote  : IncrementDisableThreadFlip blocked for 11.025ms
07-03 18:18:47.515  1604  1613 I zygote  : Background concurrent copying GC freed 58201(2MB) AllocSpace objects, 29(1496KB) LOS objects, 7% free, 70MB/76MB, paused 1.493ms total 2.803s
07-03 18:18:52.625 14699 14724 I chatty  : uid=10104(net.osmand) Loader map obje expire 114 lines
07-03 18:18:52.639  1604  4624 I WifiService: acquireWifiLock uid=10014 lockMode=2
07-03 18:18:52.966  1970  1980 I zygote  : Background concurrent copying GC freed 86713(3MB) AllocSpace objects, 0(0B) LOS objects, 40% free, 8MB/14MB, paused 929us total 319.060ms
07-03 18:18:52.975 14699 14699 I chatty  : uid=10104(net.osmand) expire 59 lines
07-03 18:18:53.500 14699 14725 I chatty  : uid=10104(net.osmand) RenderingBaseIm expire 32 lines
07-03 18:18:53.788 14699 14709 I chatty  : uid=10104(net.osmand) HeapTaskDaemon expire 7 lines
07-03 18:18:55.515  1604  1855 D WificondControl: Scan result ready event
07-03 18:18:55.640  1604  4621 I WifiService: releaseWifiLock uid=10014
07-03 18:18:58.664  1604 16047 D NetworkMonitor/NetworkAgentInfo [WIFI () - 101]: PROBE_HTTPS https://www.google.com/generate_204 Probe failed with exception java.net.SocketTimeoutException: failed to connect to www.google.com/2800:3f0:4001:801::2004 (port 443) from /fec0::1587:c5fa:9b19:7831 (port 42235) after 10000ms
07-03 18:18:58.668  1604  1682 D ConnectivityService: NetworkAgentInfo [WIFI () - 101] validation failed
07-03 18:18:58.669  1604  1678 D WifiStateMachine: NETWORK_STATUS_UNWANTED_VALIDATION_FAILED
07-03 18:18:58.965  1970  1970 I GeofencerStateMachine: sendNewTransitions called.
07-03 18:18:59.152  1970  1970 I GeofencerStateMachine: sendNewTransitions called.
07-03 18:18:59.188  1970  1970 I GeofencerStateMachine: sendNewLocationAvailability: availability=LocationAvailability[isLocationAvailable: true]
07-03 18:18:59.279  1970  1970 I GeofencerStateMachine: sendNewLocationAvailability: availability=LocationAvailability[isLocationAvailable: true]
07-03 18:18:59.322  1604  1617 E memtrack: Couldn't load memtrack module
07-03 18:18:59.322  1604  1617 W android.os.Debug: failed to get memory consumption info: -1
07-03 18:18:59.997  1604  1617 E memtrack: Couldn't load memtrack module
07-03 18:18:59.997  1604  1617 W android.os.Debug: failed to get memory consumption info: -1
07-03 18:19:00.108  1604  1617 E memtrack: Couldn't load memtrack module
07-03 18:19:00.108  1604  1617 W android.os.Debug: failed to get memory consumption info: -1
07-03 18:19:01.984 14091 14126 I Finsky  : [1499] jen.run(3): Stats for Executor: BlockingExecutor jfw@30e4db0[Running, pool size = 0, active threads = 0, queued tasks = 0, completed tasks = 16]
07-03 18:19:01.984 14091 14126 I Finsky  : [1499] jen.run(3): Stats for Executor: LightweightExecutor jfw@ee2e429[Running, pool size = 2, active threads = 0, queued tasks = 0, completed tasks = 62]
07-03 18:19:03.349 14091 14126 I Finsky  : [1499] jen.run(3): Stats for Executor: bgExecutor jfw@8d5d3ae[Running, pool size = 4, active threads = 0, queued tasks = 0, completed tasks = 36]
07-03 18:19:03.880 14699 14699 I chatty  : uid=10104(net.osmand) expire 6 lines
07-03 18:19:04.036 14699 14724 I chatty  : uid=10104(net.osmand) Loader map obje expire 97 lines
07-03 18:19:04.211 14699 14699 I chatty  : uid=10104(net.osmand) expire 39 lines
07-03 18:19:05.269 14699 16055 I chatty  : uid=10104(net.osmand) expire 27 lines
07-03 18:19:05.559 14699 14725 I chatty  : uid=10104(net.osmand) RenderingBaseIm expire 24 lines
07-03 18:19:06.397 14699 14709 I chatty  : uid=10104(net.osmand) HeapTaskDaemon expire 4 lines
07-03 18:19:06.593  1707  1729 I zygote  : Background concurrent copying GC freed 171322(6MB) AllocSpace objects, 0(0B) LOS objects, 44% free, 7MB/13MB, paused 1.076ms total 783.764ms
07-03 18:19:10.883 14699 16057 I chatty  : uid=10104(net.osmand) expire 31 lines
07-03 18:19:12.751  1604  4624 I WifiService: acquireWifiLock uid=10014 lockMode=2
07-03 18:19:12.778  1604  1617 E memtrack: Couldn't load memtrack module
07-03 18:19:12.783  1604  1617 W android.os.Debug: failed to get memory consumption info: -1
07-03 18:19:12.906  1604  1855 I WifiService: releaseWifiLock uid=10014
07-03 18:19:12.916 14699 14709 I chatty  : uid=10104(net.osmand) HeapTaskDaemon expire 4 lines
07-03 18:19:12.962  1604  1617 E memtrack: Couldn't load memtrack module
07-03 18:19:12.962  1604  1617 W android.os.Debug: failed to get memory consumption info: -1
07-03 18:19:13.011 14699 14725 I chatty  : uid=10104(net.osmand) RenderingBaseIm expire 26 lines
07-03 18:19:13.131 14699 14724 I chatty  : uid=10104(net.osmand) Loader map obje expire 68 lines
07-03 18:19:14.885 14699 14699 I chatty  : uid=10104(net.osmand) expire 20 lines
07-03 18:19:14.948 14699 16058 I chatty  : uid=10104(net.osmand) expire 31 lines
07-03 18:19:15.843  1604  1621 E BatteryExternalStatsWorker: modem info is invalid: ModemActivityInfo{ mTimestamp=0 mSleepTimeMs=0 mIdleTimeMs=0 mTxTimeMs[]=[0, 0, 0, 0, 0] mRxTimeMs=0 mEnergyUsed=0}
07-03 18:19:15.925  1604  1621 I WifiService: requestActivityInfo uid=1000
07-03 18:19:15.925  1604  1621 I WifiService: reportActivityInfo uid=1000
07-03 18:19:15.925  1604  1621 I WifiService: getSupportedFeatures uid=1000
07-03 18:19:15.988 14699 16061 I chatty  : uid=10104(net.osmand) expire 31 lines
07-03 18:19:16.954 14699 16062 I chatty  : uid=10104(net.osmand) expire 31 lines
07-03 18:19:17.496  1604  1613 I zygote  : Background concurrent copying GC freed 93907(3MB) AllocSpace objects, 50(2MB) LOS objects, 7% free, 70MB/76MB, paused 1.148ms total 2.526s
07-03 18:19:18.034  1604  4218 I MediaFocusControl: requestAudioFocus() from uid/pid 10104/14699 clientId=android.media.AudioManager@8717807net.osmand.plus.api.AudioFocusHelperImpl@ce8b581 callingPack=net.osmand req=3 flags=0x0 sdk=26
07-03 18:19:18.036  4639 14788 I TTS.GoogleTTSServiceImp: Synthesis request for locale por-BRA and name pt-BR-language
07-03 18:19:18.037  4639 14788 I TTS.GoogleTTSServiceImp: TTS dispatch: pt-br-x-afs-lstm-embedded
07-03 18:19:18.165  4639 14789 D AudioTrack: Client defaulted notificationFrames to 1365 for frameCount 4096
07-03 18:19:18.180  1394  3176 W audio_hw_generic: Not supplying enough data to HAL, expected position 477811467 , only wrote 477811440
07-03 18:19:18.190  1604  3158 V MediaRouterService: restoreBluetoothA2dp(false)
07-03 18:19:18.244  1394  3176 W audio_hw_generic: Hardware backing HAL too slow, could only write 0 of 720 frames
07-03 18:19:19.164  1477  1572 D AudioFlinger: mixer(0xac983140) throttle end: throttle time(1)
07-03 18:19:19.319  4639  4651 D AudioTrack: stop() called with 27909 frames delivered
07-03 18:19:19.321  4639 14788 I TTS.EventProcessor: synthesizeMarkup call to callback.audioAvailable failed: -1
07-03 18:19:19.323  1604  1855 V MediaRouterService: restoreBluetoothA2dp(false)
07-03 18:19:19.324  4639 14788 E TTS.LocalSynthesizer: synthesizeWithoutLoadingVoice() failed
07-03 18:19:19.327  1604  1855 I MediaFocusControl: abandonAudioFocus() from uid/pid 10104/14699 clientId=android.media.AudioManager@8717807net.osmand.plus.api.AudioFocusHelperImpl@ce8b581
07-03 18:19:19.338 14699 14711 I chatty  : uid=10104(net.osmand) Binder:14699_2 expire 2 lines
07-03 18:19:19.339 14699 16065 I chatty  : uid=10104(net.osmand) expire 31 lines
07-03 18:19:20.018 14699 14724 I chatty  : uid=10104(net.osmand) Loader map obje expire 60 lines
07-03 18:19:20.025 14699 14699 I chatty  : uid=10104(net.osmand) expire 17 lines
07-03 18:19:20.482 14699 14709 I chatty  : uid=10104(net.osmand) HeapTaskDaemon expire 4 lines
07-03 18:19:20.707 14699 16066 I chatty  : uid=10104(net.osmand) expire 31 lines
07-03 18:19:20.815 14699 14725 I chatty  : uid=10104(net.osmand) RenderingBaseIm expire 14 lines
07-03 18:19:21.886 14699 16067 I chatty  : uid=10104(net.osmand) expire 31 lines
07-03 18:19:22.367  1394  1567 W audio_hw_generic: Not supplying enough data to HAL, expected position 478212315 , only wrote 478012320
07-03 18:19:22.958 14699 16069 I chatty  : uid=10104(net.osmand) expire 31 lines
07-03 18:19:23.965 14699 16070 I chatty  : uid=10104(net.osmand) expire 31 lines
07-03 18:19:24.722 14699 14725 I chatty  : uid=10104(net.osmand) RenderingBaseIm expire 20 lines
07-03 18:19:25.010 14699 14699 I chatty  : uid=10104(net.osmand) expire 17 lines
07-03 18:19:25.030 14699 14724 I chatty  : uid=10104(net.osmand) Loader map obje expire 57 lines
07-03 18:19:25.450 14699 14709 I chatty  : uid=10104(net.osmand) HeapTaskDaemon expire 3 lines
07-03 18:19:26.060 14699 16075 I chatty  : uid=10104(net.osmand) expire 31 lines
07-03 18:19:27.021 14699 16076 I chatty  : uid=10104(net.osmand) expire 31 lines
07-03 18:19:28.033 14699 16077 I chatty  : uid=10104(net.osmand) expire 31 lines
07-03 18:19:28.236  1604  1621 I WifiService: requestActivityInfo uid=1000
07-03 18:19:28.236  1604  1621 I WifiService: reportActivityInfo uid=1000
07-03 18:19:28.237  1604  1621 I WifiService: getSupportedFeatures uid=1000
07-03 18:19:28.809 14699 16079 I chatty  : uid=10104(net.osmand) expire 31 lines
07-03 18:19:29.380 14699 14724 I chatty  : uid=10104(net.osmand) Loader map obje expire 44 lines
07-03 18:19:29.905 14699 14709 I chatty  : uid=10104(net.osmand) HeapTaskDaemon expire 3 lines
07-03 18:19:29.947 14699 14699 I chatty  : uid=10104(net.osmand) expire 12 lines
07-03 18:19:29.958  1970  1970 I GeofencerStateMachine: sendNewTransitions called.
07-03 18:19:29.970 14699 16080 I chatty  : uid=10104(net.osmand) expire 31 lines
07-03 18:19:30.497 14699 14725 I chatty  : uid=10104(net.osmand) RenderingBaseIm expire 10 lines
07-03 18:19:30.626  2061  2074 I zygote  : NativeAlloc concurrent copying GC freed 31210(1407KB) AllocSpace objects, 0(0B) LOS objects, 49% free, 4MB/9MB, paused 1.234ms total 342.770ms
07-03 18:19:30.987 14699 16081 I chatty  : uid=10104(net.osmand) expire 31 lines
07-03 18:19:31.601 14699 16082 I chatty  : uid=10104(net.osmand) expire 31 lines
07-03 18:19:32.347  1604  1621 E BatteryExternalStatsWorker: modem info is invalid: ModemActivityInfo{ mTimestamp=0 mSleepTimeMs=0 mIdleTimeMs=0 mTxTimeMs[]=[0, 0, 0, 0, 0] mRxTimeMs=0 mEnergyUsed=0}
07-03 18:19:32.869 14699 16084 I chatty  : uid=10104(net.osmand) expire 31 lines
07-03 18:19:33.383 14699 14725 I chatty  : uid=10104(net.osmand) RenderingBaseIm expire 12 lines
07-03 18:19:33.603 14699 14724 I chatty  : uid=10104(net.osmand) Loader map obje expire 64 lines
07-03 18:19:33.743 14699 14709 I chatty  : uid=10104(net.osmand) HeapTaskDaemon expire 3 lines
07-03 18:19:33.783  1604  1855 I WifiService: acquireWifiLock uid=10014 lockMode=2
07-03 18:19:33.962 14699 14699 I chatty  : uid=10104(net.osmand) expire 14 lines
07-03 18:19:33.968 14699 16086 I chatty  : uid=10104(net.osmand) expire 31 lines
07-03 18:19:34.961 14699 16087 I chatty  : uid=10104(net.osmand) expire 31 lines
07-03 18:19:35.618 14699 16088 I chatty  : uid=10104(net.osmand) expire 31 lines
07-03 18:19:36.793  1604  4624 D WificondControl: Scan result ready event
07-03 18:19:36.843  1604  4624 I WifiService: releaseWifiLock uid=10014
07-03 18:19:36.931 14699 16089 I chatty  : uid=10104(net.osmand) expire 28 lines
07-03 18:19:36.956 14699 14782 I chatty  : uid=10104(net.osmand) pool-2-thread-1 expire 2 lines
07-03 18:19:37.502 14699 16089 I chatty  : uid=10104(net.osmand) expire 3 lines
07-03 18:19:37.692 14699 14709 I chatty  : uid=10104(net.osmand) HeapTaskDaemon expire 6 lines
07-03 18:19:37.951 14699 14699 I chatty  : uid=10104(net.osmand) expire 18 lines
07-03 18:19:37.960 14699 16090 I chatty  : uid=10104(net.osmand) expire 31 lines
07-03 18:19:38.256 14699 14725 I chatty  : uid=10104(net.osmand) RenderingBaseIm expire 22 lines
07-03 18:19:38.753 14699 14724 I chatty  : uid=10104(net.osmand) Loader map obje expire 73 lines
07-03 18:19:38.953 14699 16091 I chatty  : uid=10104(net.osmand) expire 31 lines
07-03 18:19:41.881  1410  1410 I boot-pipe: done populating /dev/random
07-03 18:19:42.332 14699 16093 I chatty  : uid=10104(net.osmand) expire 31 lines
07-03 18:19:43.697 14699 16094 I chatty  : uid=10104(net.osmand) expire 31 lines
07-03 18:19:44.533 14699 14724 I chatty  : uid=10104(net.osmand) Loader map obje expire 47 lines
07-03 18:19:44.810 14699 14709 I chatty  : uid=10104(net.osmand) HeapTaskDaemon expire 5 lines
07-03 18:19:44.980 14699 14699 I chatty  : uid=10104(net.osmand) expire 19 lines
07-03 18:19:45.061  1604  1621 I WifiService: requestActivityInfo uid=1000
07-03 18:19:45.061  1604  1621 I WifiService: reportActivityInfo uid=1000
07-03 18:19:45.061  1604  1621 I WifiService: getSupportedFeatures uid=1000
07-03 18:19:45.185 14699 14725 I chatty  : uid=10104(net.osmand) RenderingBaseIm expire 12 lines
07-03 18:19:45.946 14699 16096 I chatty  : uid=10104(net.osmand) expire 31 lines
07-03 18:19:46.950 14699 16097 I chatty  : uid=10104(net.osmand) expire 31 lines
07-03 18:19:47.754 14699 16099 I chatty  : uid=10104(net.osmand) expire 31 lines
07-03 18:19:48.975 14699 16100 I chatty  : uid=10104(net.osmand) expire 31 lines
07-03 18:19:49.513 14699 14724 I chatty  : uid=10104(net.osmand) Loader map obje expire 40 lines
07-03 18:19:49.963 14699 14699 I chatty  : uid=10104(net.osmand) expire 14 lines
07-03 18:19:49.966 14699 16101 I chatty  : uid=10104(net.osmand) expire 31 lines
07-03 18:19:50.153 14699 14709 I chatty  : uid=10104(net.osmand) HeapTaskDaemon expire 3 lines
07-03 18:19:50.522 14699 14725 I chatty  : uid=10104(net.osmand) RenderingBaseIm expire 14 lines
07-03 18:19:50.527 14699 16102 I chatty  : uid=10104(net.osmand) expire 31 lines
07-03 18:19:50.977 14699 16103 I chatty  : uid=10104(net.osmand) expire 31 lines
07-03 18:19:51.793 14699 16104 I chatty  : uid=10104(net.osmand) expire 31 lines
07-03 18:19:53.013 14699 16105 I chatty  : uid=10104(net.osmand) expire 31 lines
07-03 18:19:53.582 14699 14724 I chatty  : uid=10104(net.osmand) Loader map obje expire 48 lines
07-03 18:19:53.825  1604  4624 I WifiService: acquireWifiLock uid=10014 lockMode=2
07-03 18:19:53.831  1604  1617 E memtrack: Couldn't load memtrack module
07-03 18:19:53.831  1604  1617 W android.os.Debug: failed to get memory consumption info: -1
07-03 18:19:53.924  1604  4624 I WifiService: releaseWifiLock uid=10014
07-03 18:19:53.949  1604  1617 E memtrack: Couldn't load memtrack module
07-03 18:19:53.949  1604  1617 W android.os.Debug: failed to get memory consumption info: -1
07-03 18:19:54.019 14699 14699 I chatty  : uid=10104(net.osmand) expire 12 lines
07-03 18:19:54.036 14699 16110 I chatty  : uid=10104(net.osmand) expire 31 lines
07-03 18:19:54.468 14699 14709 I chatty  : uid=10104(net.osmand) HeapTaskDaemon expire 5 lines
07-03 18:19:54.589 14699 14725 I chatty  : uid=10104(net.osmand) RenderingBaseIm expire 8 lines
07-03 18:19:56.938 14699 16111 I chatty  : uid=10104(net.osmand) expire 31 lines
07-03 18:19:56.981  1403  1418 D hwcomposer: hw_composer sent 48 syncs in 90s
07-03 18:19:57.976 14699 16113 I chatty  : uid=10104(net.osmand) expire 31 lines
07-03 18:19:59.018 14699 16114 I chatty  : uid=10104(net.osmand) expire 31 lines
07-03 18:19:59.729 14699 14709 I chatty  : uid=10104(net.osmand) HeapTaskDaemon expire 5 lines
07-03 18:19:59.824 14699 14699 I chatty  : uid=10104(net.osmand) expire 15 lines
07-03 18:19:59.878 14699 14725 I chatty  : uid=10104(net.osmand) RenderingBaseIm expire 16 lines
07-03 18:19:59.882 14699 16115 I chatty  : uid=10104(net.osmand) expire 31 lines
07-03 18:20:00.504  1604  1613 I zygote  : Background concurrent copying GC freed 85961(3MB) AllocSpace objects, 38(1976KB) LOS objects, 7% free, 70MB/76MB, paused 17.293ms total 1.520s
07-03 18:20:00.631 14699 14724 I chatty  : uid=10104(net.osmand) Loader map obje expire 59 lines
07-03 18:20:00.968 14699 16116 I chatty  : uid=10104(net.osmand) expire 31 lines
07-03 18:20:00.993  1970  1970 I GeofencerStateMachine: sendNewTransitions called.
07-03 18:20:01.064  1970  1970 I GeofencerStateMachine: sendNewTransitions called.
07-03 18:20:01.101  1970  1970 I GeofencerStateMachine: sendNewLocationAvailability: availability=LocationAvailability[isLocationAvailable: true]
07-03 18:20:01.175  1970  1970 I GeofencerStateMachine: sendNewLocationAvailability: availability=LocationAvailability[isLocationAvailable: true]
07-03 18:20:01.977 14699 16117 I chatty  : uid=10104(net.osmand) expire 31 lines
07-03 18:20:03.964  1604  1621 I WifiService: requestActivityInfo uid=1000
07-03 18:20:03.964  1604  1621 I WifiService: reportActivityInfo uid=1000
07-03 18:20:03.964  1604  1621 I WifiService: getSupportedFeatures uid=1000
07-03 18:20:03.971 14699 16118 I chatty  : uid=10104(net.osmand) expire 31 lines
07-03 18:20:04.748 14699 14724 I chatty  : uid=10104(net.osmand) Loader map obje expire 58 lines
07-03 18:20:04.896 14699 14709 I chatty  : uid=10104(net.osmand) HeapTaskDaemon expire 4 lines
07-03 18:20:04.966 14699 14699 I chatty  : uid=10104(net.osmand) expire 17 lines
07-03 18:20:04.974 14699 16120 I chatty  : uid=10104(net.osmand) expire 31 lines
07-03 18:20:05.510 14699 14725 I chatty  : uid=10104(net.osmand) RenderingBaseIm expire 16 lines
07-03 18:20:06.025 14699 16121 I chatty  : uid=10104(net.osmand) expire 31 lines
07-03 18:20:08.013 14699 16122 I chatty  : uid=10104(net.osmand) expire 31 lines
07-03 18:20:08.975 14699 16123 I chatty  : uid=10104(net.osmand) expire 31 lines
07-03 18:20:10.016 14699 14724 I chatty  : uid=10104(net.osmand) Loader map obje expire 75 lines
07-03 18:20:10.454 14699 14709 I chatty  : uid=10104(net.osmand) HeapTaskDaemon expire 5 lines
07-03 18:20:10.669 14699 14699 I chatty  : uid=10104(net.osmand) expire 22 lines
07-03 18:20:10.674 14699 16124 I chatty  : uid=10104(net.osmand) expire 31 lines
07-03 18:20:10.816 14699 14725 I chatty  : uid=10104(net.osmand) RenderingBaseIm expire 24 lines
07-03 18:20:12.961 14699 16125 I chatty  : uid=10104(net.osmand) expire 31 lines
07-03 18:20:13.582 14699 16126 I chatty  : uid=10104(net.osmand) expire 31 lines
07-03 18:20:13.864  1604  3158 I WifiService: acquireWifiLock uid=10014 lockMode=2
07-03 18:20:16.855  1604  3158 D WificondControl: Scan result ready event
07-03 18:20:16.892  1604  3158 I WifiService: releaseWifiLock uid=10014
07-03 18:20:17.740  1707  1729 I zygote  : Background concurrent copying GC freed 172958(6MB) AllocSpace objects, 0(0B) LOS objects, 44% free, 7MB/13MB, paused 992us total 229.297ms
07-03 18:20:18.015 14699 14709 I chatty  : uid=10104(net.osmand) HeapTaskDaemon expire 7 lines
07-03 18:20:18.064 14699 14725 I chatty  : uid=10104(net.osmand) RenderingBaseIm expire 34 lines
07-03 18:20:18.098 14699 14724 I chatty  : uid=10104(net.osmand) Loader map obje expire 112 lines
07-03 18:20:18.528 14699 14699 I chatty  : uid=10104(net.osmand) expire 31 lines
07-03 18:20:18.598 14699 16131 I chatty  : uid=10104(net.osmand) expire 31 lines
07-03 18:20:21.222 14699 16132 I chatty  : uid=10104(net.osmand) expire 4 lines
07-03 18:20:27.250 14699 14699 I chatty  : uid=10104(net.osmand) expire 46 lines
07-03 18:20:27.262 14699 14725 I chatty  : uid=10104(net.osmand) RenderingBaseIm expire 34 lines
07-03 18:20:27.302 14699 14724 I chatty  : uid=10104(net.osmand) Loader map obje expire 133 lines
07-03 18:20:28.767  1604  1613 I zygote  : ThreadFlipBegin blocked for 6.510ms
07-03 18:20:28.774  1604  1855 I zygote  : IncrementDisableThreadFlip blocked for 13.155ms
07-03 18:20:28.776  1604  1604 I zygote  : IncrementDisableThreadFlip blocked for 10.121ms
07-03 18:20:29.862 14699 14709 I chatty  : uid=10104(net.osmand) HeapTaskDaemon expire 10 lines
07-03 18:20:31.056  1970  1970 I GeofencerStateMachine: sendNewTransitions called.
07-03 18:20:32.142  1604  1613 I zygote  : Background concurrent copying GC freed 93322(3MB) AllocSpace objects, 52(2MB) LOS objects, 7% free, 70MB/76MB, paused 6.691ms total 3.423s
07-03 18:20:34.006  1604  1621 I WifiService: requestActivityInfo uid=1000
07-03 18:20:34.006  1604  1621 I WifiService: reportActivityInfo uid=1000
07-03 18:20:34.007  1604  1621 I WifiService: getSupportedFeatures uid=1000
07-03 18:20:35.050  1604  3158 I WifiService: acquireWifiLock uid=10014 lockMode=2
07-03 18:20:35.423  1604  4218 I WifiService: releaseWifiLock uid=10014
07-03 18:20:37.319 14699 14699 I chatty  : uid=10104(net.osmand) expire 33 lines
07-03 18:20:37.414 14699 14725 I chatty  : uid=10104(net.osmand) RenderingBaseIm expire 30 lines
07-03 18:20:38.047 14699 14724 I chatty  : uid=10104(net.osmand) Loader map obje expire 92 lines
07-03 18:20:41.884  1410  1410 I boot-pipe: done populating /dev/random
07-03 18:20:42.640 14699 16132 I chatty  : uid=10104(net.osmand) expire 27 lines
07-03 18:20:44.366 14699 16136 I chatty  : uid=10104(net.osmand) expire 31 lines
07-03 18:20:45.003 14699 16137 I chatty  : uid=10104(net.osmand) expire 31 lines
07-03 18:20:45.227 14699 14724 I chatty  : uid=10104(net.osmand) Loader map obje expire 68 lines
07-03 18:20:45.371  1970  1980 I zygote  : Background concurrent copying GC freed 98101(3MB) AllocSpace objects, 0(0B) LOS objects, 40% free, 8MB/14MB, paused 1.146ms total 391.255ms
07-03 18:20:45.645 14699 14699 I chatty  : uid=10104(net.osmand) expire 23 lines
07-03 18:20:45.694  1604  5753 I MediaFocusControl: requestAudioFocus() from uid/pid 10104/14699 clientId=android.media.AudioManager@8717807net.osmand.plus.api.AudioFocusHelperImpl@ca3a101 callingPack=net.osmand req=3 flags=0x0 sdk=26
07-03 18:20:45.695  4639 14788 I TTS.GoogleTTSServiceImp: Synthesis request for locale por-BRA and name pt-BR-language
07-03 18:20:45.696  4639 14788 I TTS.GoogleTTSServiceImp: TTS dispatch: pt-br-x-afs-lstm-embedded
07-03 18:20:45.700 14699 14725 I chatty  : uid=10104(net.osmand) RenderingBaseIm expire 14 lines
07-03 18:20:45.775  4639 14789 D AudioTrack: Client defaulted notificationFrames to 1365 for frameCount 4096
07-03 18:19:57.442  1604  1621 E BatteryExternalStatsWorker: modem info is invalid: ModemActivityInfo{ mTimestamp=0 mSleepTimeMs=0 mIdleTimeMs=0 mTxTimeMs[]=[0, 0, 0, 0, 0] mRxTimeMs=0 mEnergyUsed=0}
07-03 18:20:45.784  1604  2501 V MediaRouterService: restoreBluetoothA2dp(false)
07-03 18:20:45.787  1394  3176 W audio_hw_generic: Not supplying enough data to HAL, expected position 478012344 , only wrote 478012320
07-03 18:20:46.295 14699 14709 I chatty  : uid=10104(net.osmand) HeapTaskDaemon expire 4 lines
07-03 18:20:46.970  4639  4651 D AudioTrack: stop() called with 27909 frames delivered
07-03 18:20:46.973  1604  5753 V MediaRouterService: restoreBluetoothA2dp(false)
07-03 18:20:46.976  1604  4621 I MediaFocusControl: abandonAudioFocus() from uid/pid 10104/14699 clientId=android.media.AudioManager@8717807net.osmand.plus.api.AudioFocusHelperImpl@ca3a101
07-03 18:20:46.984 14699 16140 I chatty  : uid=10104(net.osmand) expire 31 lines
07-03 18:20:47.007 14699 15144 I chatty  : uid=10104(net.osmand) Binder:14699_8 expire 2 lines
07-03 18:20:48.008 14699 16141 I chatty  : uid=10104(net.osmand) expire 31 lines
07-03 18:20:49.658 14699 16142 I chatty  : uid=10104(net.osmand) expire 31 lines
07-03 18:20:50.048  1394  1567 W audio_hw_generic: Not supplying enough data to HAL, expected position 478419925 , only wrote 478216800
07-03 18:20:51.188 14699 14725 I chatty  : uid=10104(net.osmand) RenderingBaseIm expire 19 lines
07-03 18:20:51.485 14699 14724 I chatty  : uid=10104(net.osmand) Loader map obje expire 64 lines
07-03 18:20:51.708 14699 14709 I chatty  : uid=10104(net.osmand) HeapTaskDaemon expire 6 lines
07-03 18:20:52.286 14699 14699 I chatty  : uid=10104(net.osmand) expire 16 lines
07-03 18:20:54.777 14699 16143 I chatty  : uid=10104(net.osmand) expire 31 lines
07-03 18:20:55.125  1604  4621 I WifiService: acquireWifiLock uid=10014 lockMode=2
07-03 18:20:55.917 14699 16144 I chatty  : uid=10104(net.osmand) expire 31 lines
07-03 18:20:57.001 14699 16145 I chatty  : uid=10104(net.osmand) expire 31 lines
07-03 18:20:58.010 14699 16146 I chatty  : uid=10104(net.osmand) expire 31 lines
07-03 18:20:58.126  1604  1853 D WificondControl: Scan result ready event
07-03 18:20:58.312  1604  1853 I WifiService: releaseWifiLock uid=10014
07-03 18:20:58.794 14699 14725 I chatty  : uid=10104(net.osmand) RenderingBaseIm expire 21 lines
07-03 18:20:59.358 14699 14709 I chatty  : uid=10104(net.osmand) HeapTaskDaemon expire 4 lines
07-03 18:20:59.487 14699 14724 I chatty  : uid=10104(net.osmand) Loader map obje expire 64 lines
07-03 18:20:59.958 14699 14699 I chatty  : uid=10104(net.osmand) expire 13 lines
07-03 18:21:00.010 14699 16147 I chatty  : uid=10104(net.osmand) expire 31 lines
07-03 18:21:01.007  1970  1970 I GeofencerStateMachine: sendNewTransitions called.
07-03 18:21:01.096 14699 16148 I chatty  : uid=10104(net.osmand) expire 31 lines
07-03 18:21:01.123  1970  1970 I GeofencerStateMachine: sendNewTransitions called.
07-03 18:21:01.197  1970  1970 I GeofencerStateMachine: sendNewLocationAvailability: availability=LocationAvailability[isLocationAvailable: true]
07-03 18:21:01.383  1970  1970 I GeofencerStateMachine: sendNewLocationAvailability: availability=LocationAvailability[isLocationAvailable: true]
07-03 18:21:02.765 14699 16149 I chatty  : uid=10104(net.osmand) expire 31 lines
07-03 18:21:04.050 14699 14699 I chatty  : uid=10104(net.osmand) expire 17 lines
07-03 18:21:04.076 14699 16150 I chatty  : uid=10104(net.osmand) expire 31 lines
07-03 18:21:04.159 14699 14725 I chatty  : uid=10104(net.osmand) RenderingBaseIm expire 16 lines
07-03 18:21:04.421 14699 14724 I chatty  : uid=10104(net.osmand) Loader map obje expire 48 lines
07-03 18:21:05.032 14699 14709 I chatty  : uid=10104(net.osmand) HeapTaskDaemon expire 3 lines
07-03 18:21:05.042 14699 16151 I chatty  : uid=10104(net.osmand) expire 31 lines
07-03 18:21:05.539  1604  1613 I zygote  : Background concurrent copying GC freed 89330(3MB) AllocSpace objects, 48(2MB) LOS objects, 7% free, 70MB/76MB, paused 961us total 1.503s
07-03 18:21:05.569 14699 16152 I chatty  : uid=10104(net.osmand) expire 31 lines
07-03 18:21:06.824 14699 16153 I chatty  : uid=10104(net.osmand) expire 31 lines
07-03 18:21:08.053 14699 16154 I chatty  : uid=10104(net.osmand) expire 31 lines
07-03 18:21:08.102  1403  1418 D hwcomposer: hw_composer sent 36 syncs in 71s
07-03 18:21:08.492 14699 14725 I chatty  : uid=10104(net.osmand) RenderingBaseIm expire 22 lines
07-03 18:21:08.752  1707  1729 I zygote  : Background concurrent copying GC freed 173130(6MB) AllocSpace objects, 0(0B) LOS objects, 44% free, 7MB/13MB, paused 2.622ms total 302.175ms
07-03 18:21:08.798 14699 14724 I chatty  : uid=10104(net.osmand) Loader map obje expire 80 lines
07-03 18:21:09.143 14699 14709 I chatty  : uid=10104(net.osmand) HeapTaskDaemon expire 6 lines
07-03 18:21:09.339 14699 14699 I chatty  : uid=10104(net.osmand) expire 29 lines
07-03 18:21:09.378 14699 16155 I chatty  : uid=10104(net.osmand) expire 31 lines
07-03 18:21:14.856 14699 16156 I chatty  : uid=10104(net.osmand) expire 31 lines
07-03 18:21:15.241  1604  5753 I WifiService: acquireWifiLock uid=10014 lockMode=2
07-03 18:21:15.510  1604  1853 I WifiService: releaseWifiLock uid=10014
07-03 18:21:16.003 14699 14699 I chatty  : uid=10104(net.osmand) expire 13 lines
07-03 18:21:16.008 14699 16157 I chatty  : uid=10104(net.osmand) expire 31 lines
07-03 18:21:16.425 14699 14725 I chatty  : uid=10104(net.osmand) RenderingBaseIm expire 27 lines
07-03 18:21:17.099 14699 14709 I chatty  : uid=10104(net.osmand) HeapTaskDaemon expire 6 lines
07-03 18:21:17.105 14699 14724 I chatty  : uid=10104(net.osmand) Loader map obje expire 80 lines
07-03 18:21:21.393 14699 16158 I chatty  : uid=10104(net.osmand) expire 31 lines
07-03 18:21:21.617  2061  2074 I zygote  : NativeAlloc concurrent copying GC freed 31346(1402KB) AllocSpace objects, 0(0B) LOS objects, 50% free, 4MB/9MB, paused 2.780ms total 257.200ms
07-03 18:21:22.734 14699 16159 I chatty  : uid=10104(net.osmand) expire 31 lines
07-03 18:21:23.885 14699 14725 I chatty  : uid=10104(net.osmand) RenderingBaseIm expire 23 lines
07-03 18:21:23.896 14699 14699 I chatty  : uid=10104(net.osmand) expire 18 lines
07-03 18:21:23.905 14699 16160 I chatty  : uid=10104(net.osmand) expire 31 lines
07-03 18:21:24.054 14699 14724 I chatty  : uid=10104(net.osmand) Loader map obje expire 59 lines
07-03 18:21:24.481  1604  1621 I WifiService: requestActivityInfo uid=1000
07-03 18:21:24.481  1604  1621 I WifiService: reportActivityInfo uid=1000
07-03 18:21:24.481  1604  1621 I WifiService: getSupportedFeatures uid=1000
07-03 18:21:24.796 14699 14709 I chatty  : uid=10104(net.osmand) HeapTaskDaemon expire 5 lines
07-03 18:21:25.027 14699 16166 I chatty  : uid=10104(net.osmand) expire 31 lines
07-03 18:21:26.123 14699 16167 I chatty  : uid=10104(net.osmand) expire 31 lines
07-03 18:21:30.524 14699 16168 I chatty  : uid=10104(net.osmand) expire 31 lines
07-03 18:21:31.108  1970  1970 I GeofencerStateMachine: sendNewTransitions called.
07-03 18:21:31.431 14699 14724 I chatty  : uid=10104(net.osmand) Loader map obje expire 53 lines
07-03 18:21:31.788 14699 14699 I chatty  : uid=10104(net.osmand) expire 14 lines
07-03 18:21:31.797 14699 14725 I chatty  : uid=10104(net.osmand) RenderingBaseIm expire 14 lines
07-03 18:21:31.836 14699 16169 I chatty  : uid=10104(net.osmand) expire 31 lines
07-03 18:21:31.846 14699 14709 I chatty  : uid=10104(net.osmand) HeapTaskDaemon expire 4 lines
07-03 18:21:32.998 14699 16170 I chatty  : uid=10104(net.osmand) expire 31 lines
07-03 18:21:34.030 14699 16171 I chatty  : uid=10104(net.osmand) expire 31 lines
07-03 18:21:35.026 14699 16172 I chatty  : uid=10104(net.osmand) expire 31 lines
07-03 18:21:35.764 14699 14699 I chatty  : uid=10104(net.osmand) expire 14 lines
07-03 18:21:35.772 14699 16173 I chatty  : uid=10104(net.osmand) expire 31 lines
07-03 18:21:35.913 14699 14725 I chatty  : uid=10104(net.osmand) RenderingBaseIm expire 16 lines
07-03 18:21:36.384  1604  3158 I WifiService: acquireWifiLock uid=10014 lockMode=2
07-03 18:21:36.404 14699 14724 I chatty  : uid=10104(net.osmand) Loader map obje expire 64 lines
07-03 18:21:36.814 14699 14709 I chatty  : uid=10104(net.osmand) HeapTaskDaemon expire 2 lines
07-03 18:21:37.088 14699 16175 I chatty  : uid=10104(net.osmand) expire 31 lines
07-03 18:21:38.667 14699 16176 I chatty  : uid=10104(net.osmand) expire 31 lines
07-03 18:21:39.245  1604  1853 D WificondControl: Scan result ready event
07-03 18:21:39.391  1604  3158 I WifiService: releaseWifiLock uid=10014
07-03 18:21:39.800 14699 16177 I chatty  : uid=10104(net.osmand) expire 31 lines
07-03 18:21:40.603 14699 14709 I chatty  : uid=10104(net.osmand) HeapTaskDaemon expire 5 lines
07-03 18:21:40.957 14699 14699 I chatty  : uid=10104(net.osmand) expire 30 lines
07-03 18:21:40.970 14699 14725 I chatty  : uid=10104(net.osmand) RenderingBaseIm expire 28 lines
07-03 18:21:40.974 14699 16178 I chatty  : uid=10104(net.osmand) expire 31 lines
07-03 18:21:41.702 14699 14724 I chatty  : uid=10104(net.osmand) Loader map obje expire 80 lines
07-03 18:21:41.885  1410  1410 I boot-pipe: done populating /dev/random
07-03 18:21:46.384  1604  1613 I zygote  : Background concurrent copying GC freed 95661(3MB) AllocSpace objects, 50(2MB) LOS objects, 7% free, 70MB/76MB, paused 9.826ms total 2.581s
07-03 18:21:46.527 14699 16181 I chatty  : uid=10104(net.osmand) expire 31 lines
07-03 18:21:47.742 14699 16182 I chatty  : uid=10104(net.osmand) expire 31 lines
07-03 18:21:48.177 14699 14725 I chatty  : uid=10104(net.osmand) RenderingBaseIm expire 24 lines
07-03 18:21:48.466 14699 14724 I chatty  : uid=10104(net.osmand) Loader map obje expire 65 lines
07-03 18:21:48.697 14699 14709 I chatty  : uid=10104(net.osmand) HeapTaskDaemon expire 4 lines
07-03 18:21:48.966 14699 14699 I chatty  : uid=10104(net.osmand) expire 17 lines
07-03 18:21:49.026 14699 16183 I chatty  : uid=10104(net.osmand) expire 31 lines
07-03 18:21:50.028 14699 16184 I chatty  : uid=10104(net.osmand) expire 31 lines
07-03 18:21:51.566 14699 16185 I chatty  : uid=10104(net.osmand) expire 31 lines
07-03 18:21:53.624 14699 14724 I chatty  : uid=10104(net.osmand) Loader map obje expire 111 lines
07-03 18:21:53.634 14699 14709 I chatty  : uid=10104(net.osmand) HeapTaskDaemon expire 8 lines
07-03 18:21:55.405 14699 14699 I chatty  : uid=10104(net.osmand) expire 14 lines
07-03 18:21:55.597 14699 14725 I chatty  : uid=10104(net.osmand) RenderingBaseIm expire 18 lines
07-03 18:21:56.394  1604  5753 I WifiService: acquireWifiLock uid=10014 lockMode=2
07-03 18:21:56.405  1604  1617 E memtrack: Couldn't load memtrack module
07-03 18:21:56.406  1604  1617 W android.os.Debug: failed to get memory consumption info: -1
07-03 18:21:56.460  1604  5753 I WifiService: releaseWifiLock uid=10014
07-03 18:21:56.509  1604  1617 E memtrack: Couldn't load memtrack module
07-03 18:21:56.509  1604  1617 W android.os.Debug: failed to get memory consumption info: -1
07-03 18:21:57.005  1604  1621 I WifiService: requestActivityInfo uid=1000
07-03 18:21:57.006  1604  1621 I WifiService: reportActivityInfo uid=1000
07-03 18:21:57.006  1604  1621 I WifiService: getSupportedFeatures uid=1000
07-03 18:22:01.780  1970  1970 I GeofencerStateMachine: sendNewTransitions called.
07-03 18:22:01.831  1970  1970 I GeofencerStateMachine: sendNewTransitions called.
07-03 18:22:01.844  1970  1970 I GeofencerStateMachine: sendNewLocationAvailability: availability=LocationAvailability[isLocationAvailable: true]
07-03 18:22:01.933  1970  1970 I GeofencerStateMachine: sendNewLocationAvailability: availability=LocationAvailability[isLocationAvailable: true]
07-03 18:22:01.987 14091 14126 I Finsky  : [1499] jen.run(3): Stats for Executor: BlockingExecutor jfw@30e4db0[Running, pool size = 0, active threads = 0, queued tasks = 0, completed tasks = 16]
07-03 18:22:01.989 14091 14126 I Finsky  : [1499] jen.run(3): Stats for Executor: LightweightExecutor jfw@ee2e429[Running, pool size = 2, active threads = 0, queued tasks = 0, completed tasks = 62]
07-03 18:22:03.074 14699 16187 I chatty  : uid=10104(net.osmand) expire 31 lines
07-03 18:22:03.197  1604  1621 I WifiService: requestActivityInfo uid=1000
07-03 18:22:03.197  1604  1621 I WifiService: reportActivityInfo uid=1000
07-03 18:22:03.197  1604  1621 I WifiService: getSupportedFeatures uid=1000
07-03 18:22:03.218  1604  1621 E BluetoothAdapter: Bluetooth binder is null
07-03 18:22:03.261  1604  1621 E KernelCpuSpeedReader: Failed to read cpu-freq: /sys/devices/system/cpu/cpu0/cpufreq/stats/time_in_state (No such file or directory)
07-03 18:22:03.293  1604  1621 E BatteryExternalStatsWorker: modem info is invalid: ModemActivityInfo{ mTimestamp=0 mSleepTimeMs=0 mIdleTimeMs=0 mTxTimeMs[]=[0, 0, 0, 0, 0] mRxTimeMs=0 mEnergyUsed=0}
07-03 18:22:03.351 14091 14126 I Finsky  : [1499] jen.run(3): Stats for Executor: bgExecutor jfw@8d5d3ae[Running, pool size = 4, active threads = 0, queued tasks = 0, completed tasks = 36]
07-03 18:22:04.056 14699 16188 I chatty  : uid=10104(net.osmand) expire 31 lines
07-03 18:22:05.133 14699 16189 I chatty  : uid=10104(net.osmand) expire 31 lines
07-03 18:22:05.244  1707  1729 I zygote  : Background concurrent copying GC freed 168743(6MB) AllocSpace objects, 0(0B) LOS objects, 44% free, 7MB/13MB, paused 4.743ms total 513.910ms
07-03 18:22:05.330  1604  1621 I WifiService: requestActivityInfo uid=1000
07-03 18:22:05.330  1604  1621 I WifiService: reportActivityInfo uid=1000
07-03 18:22:05.330  1604  1621 I WifiService: getSupportedFeatures uid=1000
07-03 18:22:05.562 14699 14709 I chatty  : uid=10104(net.osmand) HeapTaskDaemon expire 4 lines
07-03 18:22:05.823 14699 14699 I chatty  : uid=10104(net.osmand) expire 21 lines
07-03 18:22:05.868 14699 14725 I chatty  : uid=10104(net.osmand) RenderingBaseIm expire 26 lines
07-03 18:22:05.880 14699 16191 I chatty  : uid=10104(net.osmand) expire 31 lines
07-03 18:22:06.529 14699 14724 I chatty  : uid=10104(net.osmand) Loader map obje expire 64 lines
07-03 18:22:09.976 14699 16192 I chatty  : uid=10104(net.osmand) expire 31 lines
07-03 18:22:10.026  1403  1418 D hwcomposer: hw_composer sent 66 syncs in 62s
07-03 18:22:11.034 14699 16193 I chatty  : uid=10104(net.osmand) expire 31 lines
07-03 18:22:11.843 14699 14709 I chatty  : uid=10104(net.osmand) HeapTaskDaemon expire 4 lines
07-03 18:22:12.020 14699 14699 I chatty  : uid=10104(net.osmand) expire 15 lines
07-03 18:22:12.033 14699 16194 I chatty  : uid=10104(net.osmand) expire 31 lines
07-03 18:22:13.085 14699 16195 I chatty  : uid=10104(net.osmand) expire 31 lines
07-03 18:22:13.799 14699 16196 I chatty  : uid=10104(net.osmand) expire 31 lines
07-03 18:22:13.798 14699 14725 I chatty  : uid=10104(net.osmand) RenderingBaseIm expire 10 lines
07-03 18:22:14.030 14699 14724 I chatty  : uid=10104(net.osmand) Loader map obje expire 32 lines
07-03 18:22:14.983 14699 16197 I chatty  : uid=10104(net.osmand) expire 31 lines
07-03 18:22:16.024 14699 16198 I chatty  : uid=10104(net.osmand) expire 31 lines
07-03 18:22:16.475 14699 14699 I chatty  : uid=10104(net.osmand) expire 18 lines
07-03 18:22:16.475  1604  4621 I WifiService: acquireWifiLock uid=10014 lockMode=2
07-03 18:22:16.595 14699 14725 I chatty  : uid=10104(net.osmand) RenderingBaseIm expire 22 lines
07-03 18:22:16.885 14699 14709 I chatty  : uid=10104(net.osmand) HeapTaskDaemon expire 5 lines
07-03 18:22:17.081 14699 16199 I chatty  : uid=10104(net.osmand) expire 31 lines
07-03 18:22:17.199 14699 14724 I chatty  : uid=10104(net.osmand) Loader map obje expire 68 lines
07-03 18:22:19.044 14699 16200 I chatty  : uid=10104(net.osmand) expire 31 lines
07-03 18:22:19.444  1604  3158 D WificondControl: Scan result ready event
07-03 18:22:19.676  1604  3158 I WifiService: releaseWifiLock uid=10014
07-03 18:22:20.059 14699 16201 I chatty  : uid=10104(net.osmand) expire 31 lines
07-03 18:22:20.367  1604  1621 I WifiService: requestActivityInfo uid=1000
07-03 18:22:20.367  1604  1621 I WifiService: reportActivityInfo uid=1000
07-03 18:22:20.368  1604  1621 I WifiService: getSupportedFeatures uid=1000
07-03 18:22:21.984  1604  1613 I zygote  : Background concurrent copying GC freed 96438(3MB) AllocSpace objects, 51(2MB) LOS objects, 7% free, 70MB/76MB, paused 4.364ms total 1.164s
07-03 18:22:22.049 14699 16203 I chatty  : uid=10104(net.osmand) expire 31 lines
07-03 18:22:22.433 14699 14724 I chatty  : uid=10104(net.osmand) Loader map obje expire 44 lines
07-03 18:22:22.984 14699 14709 I chatty  : uid=10104(net.osmand) HeapTaskDaemon expire 3 lines
07-03 18:22:23.032 14699 14699 I chatty  : uid=10104(net.osmand) expire 11 lines
07-03 18:22:23.045 14699 16204 I chatty  : uid=10104(net.osmand) expire 31 lines
07-03 18:22:23.470 14699 14725 I chatty  : uid=10104(net.osmand) RenderingBaseIm expire 8 lines
07-03 18:22:23.480 14699 16205 I chatty  : uid=10104(net.osmand) expire 31 lines
07-03 18:22:24.058 14699 16206 I chatty  : uid=10104(net.osmand) expire 31 lines
07-03 18:22:24.690 14699 16207 I chatty  : uid=10104(net.osmand) expire 31 lines
07-03 18:22:25.886 14699 14699 I chatty  : uid=10104(net.osmand) expire 29 lines
07-03 18:22:25.890 14699 14725 I chatty  : uid=10104(net.osmand) RenderingBaseIm expire 24 lines
07-03 18:22:25.893 14699 16212 I chatty  : uid=10104(net.osmand) expire 31 lines
07-03 18:22:26.542 14699 14724 I chatty  : uid=10104(net.osmand) Loader map obje expire 69 lines
07-03 18:22:26.833 14699 14709 I chatty  : uid=10104(net.osmand) HeapTaskDaemon expire 4 lines
07-03 18:22:27.039 14699 16213 I chatty  : uid=10104(net.osmand) expire 31 lines
07-03 18:22:28.063 14699 16214 I chatty  : uid=10104(net.osmand) expire 31 lines
07-03 18:22:31.897 14699 14724 I chatty  : uid=10104(net.osmand) Loader map obje expire 59 lines
07-03 18:22:32.026 14699 14709 I chatty  : uid=10104(net.osmand) HeapTaskDaemon expire 4 lines
07-03 18:22:32.041 14699 14699 I chatty  : uid=10104(net.osmand) expire 16 lines
07-03 18:22:32.061  1970  1970 I GeofencerStateMachine: sendNewTransitions called.
07-03 18:22:32.068 14699 16215 I chatty  : uid=10104(net.osmand) expire 31 lines
07-03 18:22:32.606 14699 14725 I chatty  : uid=10104(net.osmand) RenderingBaseIm expire 12 lines
07-03 18:22:32.612 14699 16216 I chatty  : uid=10104(net.osmand) expire 31 lines
07-03 18:22:33.780 14699 16217 I chatty  : uid=10104(net.osmand) expire 31 lines
07-03 18:22:34.590  1604  1621 I WifiService: requestActivityInfo uid=1000
07-03 18:22:34.591  1604  1621 I WifiService: reportActivityInfo uid=1000
07-03 18:22:34.591  1604  1621 I WifiService: getSupportedFeatures uid=1000
07-03 18:22:34.998 14699 16219 I chatty  : uid=10104(net.osmand) expire 31 lines
07-03 18:22:36.056 14699 16220 I chatty  : uid=10104(net.osmand) expire 31 lines
07-03 18:22:36.583 14699 14725 I chatty  : uid=10104(net.osmand) RenderingBaseIm expire 16 lines
07-03 18:22:36.913 14699 14709 I chatty  : uid=10104(net.osmand) HeapTaskDaemon expire 3 lines
07-03 18:22:37.044 14699 14699 I chatty  : uid=10104(net.osmand) expire 20 lines
07-03 18:22:37.045 14699 16221 I chatty  : uid=10104(net.osmand) expire 31 lines
07-03 18:22:37.149 14699 14724 I chatty  : uid=10104(net.osmand) Loader map obje expire 60 lines
07-03 18:22:37.556  1604  3158 I WifiService: acquireWifiLock uid=10014 lockMode=2
07-03 18:22:37.561  1604  3158 I ActivityManager: Killing 14655:com.maps.voice.navigation.traffic.gps.location.route.driving.directions/u0a109 (adj 906): empty for 1801s
07-03 18:22:37.561  1604  3158 I ActivityManager: Killing 14591:com.android.chrome:webview_service/u0a49 (adj 906): empty for 1814s
07-03 18:22:37.562  1604  1620 W zygote  : kill(-14655, 9) failed: No such process
07-03 18:22:37.601  1604  1620 I chatty  : uid=1000(system) ActivityManager identical 1 line
07-03 18:22:37.646  1604  1620 W zygote  : kill(-14655, 9) failed: No such process
07-03 18:22:37.646  1604  1620 I zygote  : Successfully killed process cgroup uid 10109 pid 14655 in 83ms
07-03 18:22:37.646  1604  1620 W zygote  : kill(-14591, 9) failed: No such process
07-03 18:22:37.653  1604  1620 I zygote  : Successfully killed process cgroup uid 10049 pid 14591 in 0ms
07-03 18:22:37.693  1604  4624 I WifiService: releaseWifiLock uid=10014
07-03 18:22:37.824  1604  1675 D RecurrenceRule: Resolving using anchor 2019-07-03T18:22:37.823Z[GMT]
07-03 18:22:37.829  1604  1675 D RecurrenceRule: Resolving using anchor 2019-07-03T18:22:37.827Z[GMT]
07-03 18:22:37.834  1604  1675 D RecurrenceRule: Cycle 17 from 2019-06-09T00:00Z[GMT] to 2019-07-09T00:00Z[GMT]
07-03 18:22:37.834  1604  1675 D NetworkStats: Resolving plan for NetworkTemplate: matchRule=MOBILE_ALL, subscriberId=310260..., matchSubscriberIds=[310260...]
07-03 18:22:37.838  1604  1675 D NetworkStats: Found active matching subId 1
07-03 18:22:37.852  1604  1675 D NetworkStats: Resolved to plan null
07-03 18:22:37.959 14699 16223 I chatty  : uid=10104(net.osmand) expire 31 lines
07-03 18:22:39.035 14699 16224 I chatty  : uid=10104(net.osmand) expire 31 lines
07-03 18:22:41.104 14699 16225 I chatty  : uid=10104(net.osmand) expire 31 lines
07-03 18:22:41.111 14699 14724 I chatty  : uid=10104(net.osmand) Loader map obje expire 52 lines
07-03 18:22:41.235 14699 14709 I chatty  : uid=10104(net.osmand) HeapTaskDaemon expire 4 lines
07-03 18:22:41.888  1410  1410 I boot-pipe: done populating /dev/random
07-03 18:22:41.923 14699 14699 I chatty  : uid=10104(net.osmand) expire 26 lines
07-03 18:22:43.083 14699 16228 I chatty  : uid=10104(net.osmand) expire 31 lines
07-03 18:22:43.232 14699 14725 I chatty  : uid=10104(net.osmand) RenderingBaseIm expire 20 lines
07-03 18:22:44.084 14699 16229 I chatty  : uid=10104(net.osmand) expire 31 lines
07-03 18:22:44.153  1970  1980 I zygote  : Background concurrent copying GC freed 99891(4MB) AllocSpace objects, 0(0B) LOS objects, 39% free, 9MB/15MB, paused 3.382ms total 109.592ms
07-03 18:22:45.175 14699 16230 I chatty  : uid=10104(net.osmand) expire 31 lines
07-03 18:22:48.006 14699 14709 I chatty  : uid=10104(net.osmand) HeapTaskDaemon expire 3 lines
07-03 18:22:48.037 14699 14725 I chatty  : uid=10104(net.osmand) RenderingBaseIm expire 16 lines
07-03 18:22:48.045 14699 14699 I chatty  : uid=10104(net.osmand) expire 14 lines
07-03 18:22:48.053 14699 16231 I chatty  : uid=10104(net.osmand) expire 31 lines
07-03 18:22:48.241 14699 14724 I chatty  : uid=10104(net.osmand) Loader map obje expire 55 lines
07-03 18:22:48.706 14699 16232 I chatty  : uid=10104(net.osmand) expire 31 lines
07-03 18:22:49.984 14699 16233 I chatty  : uid=10104(net.osmand) expire 31 lines
07-03 18:22:51.053 14699 16234 I chatty  : uid=10104(net.osmand) expire 31 lines
