07-01 15:50:34.427  1970  3052 W MessageQueue: 	at aamg.a(:com.google.android.gms@17785022@17.7.85 (040700-253824076):1)
07-01 15:50:34.427  1970  3052 W MessageQueue: 	at cwm.onTransact(:com.google.android.gms@17785022@17.7.85 (040700-253824076):4)
07-01 15:50:34.427  1970  3052 W MessageQueue: 	at android.os.Binder.execTransact(Binder.java:697)
07-01 15:50:34.822  1604  1613 I zygote  : Background concurrent copying GC freed 37495(2MB) AllocSpace objects, 33(1236KB) LOS objects, 13% free, 37MB/43MB, paused 4.719ms total 394.957ms
07-01 15:50:37.651  1477  1572 D AudioFlinger: mixer(0xac983140) throttle end: throttle time(1)
07-01 15:50:39.299  1604  1617 E memtrack: Couldn't load memtrack module
07-01 15:50:39.299  1604  1617 W android.os.Debug: failed to get memory consumption info: -1
07-01 15:50:39.300  1970  1970 I BeaconBle: Scan : No clients left, canceling alarm.
07-01 15:50:39.371  1604  1617 E memtrack: Couldn't load memtrack module
07-01 15:50:39.371  1604  1617 W android.os.Debug: failed to get memory consumption info: -1
07-01 15:50:39.578  1604  1621 E BatteryExternalStatsWorker: modem info is invalid: ModemActivityInfo{ mTimestamp=0 mSleepTimeMs=0 mIdleTimeMs=0 mTxTimeMs[]=[0, 0, 0, 0, 0] mRxTimeMs=0 mEnergyUsed=0}
07-01 15:50:41.286  9593  9649 I WorkerManager: dispose()
07-01 15:50:41.288  9593  9649 W ThreadPoolDumper: Queue length for executor EventBus is now 11. Perhaps some tasks are too long, or the pool is too small.
07-01 15:50:41.754 18156 18156 I net.osmand: TTSCommandPlayerImpl Send message to pebble sem sinal g p s 
07-01 15:50:41.754 18156 18156 D net.osmand: AbstractPrologCommandPlayer requestAudioFocus
07-01 15:50:41.754 18156 18156 W AudioManager: Use of stream types is deprecated for operations other than volume control
07-01 15:50:41.754 18156 18156 W AudioManager: See the documentation of requestAudioFocus() for what to use instead with android.media.AudioAttributes to qualify your playback use case
07-01 15:50:41.755  1604  3712 I MediaFocusControl: requestAudioFocus() from uid/pid 10104/18156 clientId=android.media.AudioManager@8a8df6enet.osmand.plus.api.AudioFocusHelperImpl@e1e0c51 callingPack=net.osmand req=3 flags=0x0 sdk=26
07-01 15:50:41.759 18156 18156 D net.osmand: TTSCommandPlayerImpl ttsRequests=1
07-01 15:50:41.765  4639 18249 I TTS.GoogleTTSServiceImp: Synthesis request for locale por-BRA and name pt-BR-language
07-01 15:50:41.766  4639 18249 I TTS.GoogleTTSServiceImp: TTS dispatch: pt-br-x-afs-lstm-embedded
07-01 15:50:41.816  4639 18250 D AudioTrack: Client defaulted notificationFrames to 1365 for frameCount 4096
07-01 15:50:41.826  1604  1855 V MediaRouterService: restoreBluetoothA2dp(false)
07-01 15:50:43.870  4639 18250 D AudioTrack: stop() called with 44330 frames delivered
07-01 15:50:43.871  1604  3712 V MediaRouterService: restoreBluetoothA2dp(false)
07-01 15:50:43.874 18156 18266 D net.osmand: AbstractPrologCommandPlayer abandonAudioFocus
07-01 15:50:43.876  1604  1855 I MediaFocusControl: abandonAudioFocus() from uid/pid 10104/18156 clientId=android.media.AudioManager@8a8df6enet.osmand.plus.api.AudioFocusHelperImpl@e1e0c51
07-01 15:50:43.876 18156 18266 D net.osmand: TTSCommandPlayerImpl ttsRequests=0
07-01 15:50:44.575  1604  1621 I WifiService: requestActivityInfo uid=1000
07-01 15:50:44.575  1604  1621 I WifiService: reportActivityInfo uid=1000
07-01 15:50:44.575  1604  1621 I WifiService: getSupportedFeatures uid=1000
07-01 15:50:47.032  1604  5450 I Telecom : InCallController: Sending updateCall [TC@3, ACTIVE, com.android.phone/com.android.services.telephony.TelephonyConnectionService, tel:****, A, childs(0), has_parent(false), [Capabilities: CAPABILITY_HOLD CAPABILITY_SUPPORT_HOLD CAPABILITY_MUTE CAPABILITY_CANNOT_DOWNGRADE_VIDEO_TO_AUDIO CAPABILITY_SPEED_UP_MT_AUDIO], [Properties:]]: CSW.sSH@EBU
07-01 15:50:47.039  1836 22087 D CallNotifier: SignalInfoTonePlayer.run(toneId = 98)...
07-01 15:50:47.040  1604  5450 I Telecom : InCallController: Components updated: [ComponentInfo{com.google.android.dialer/com.android.incallui.InCallServiceImpl}]: CSW.sSH@EBU
07-01 15:50:47.040  1604  5450 I Telecom : InCallController: Sending updateCall [TC@3, ACTIVE, com.android.phone/com.android.services.telephony.TelephonyConnectionService, tel:****, A, childs(0), has_parent(false), [Capabilities: CAPABILITY_HOLD CAPABILITY_SUPPORT_HOLD CAPABILITY_MUTE CAPABILITY_CANNOT_DOWNGRADE_VIDEO_TO_AUDIO CAPABILITY_SPEED_UP_MT_AUDIO], [Properties:]]: CSW.sCC@EBY
07-01 15:50:47.046  1836 22087 D CallNotifier: mSignalInfoToneGenerator created already, hence skipping
07-01 15:50:47.059  1604  5450 I Telecom : InCallController: Components updated: [ComponentInfo{com.google.android.dialer/com.android.incallui.InCallServiceImpl}]: CSW.sCC@EBY
07-01 15:50:47.059  1604  1855 I Telecom : InCallController: Sending updateCall [TC@4, RINGING, com.android.phone/com.android.services.telephony.TelephonyConnectionService, tel:****, A, childs(0), has_parent(false), [Capabilities: CAPABILITY_SUPPORT_HOLD CAPABILITY_MUTE CAPABILITY_CANNOT_DOWNGRADE_VIDEO_TO_AUDIO CAPABILITY_SPEED_UP_MT_AUDIO], [Properties:]]: CSW.sCC@EBc
07-01 15:50:47.070  1604  1855 I Telecom : InCallController: Components updated: [ComponentInfo{com.google.android.dialer/com.android.incallui.InCallServiceImpl}]: CSW.sCC@EBc
07-01 15:50:47.076  1604  1855 I Telecom : InCallController: Sending updateCall [TC@3, ACTIVE, com.android.phone/com.android.services.telephony.TelephonyConnectionService, tel:****, A, childs(0), has_parent(false), [Capabilities: CAPABILITY_HOLD CAPABILITY_SUPPORT_HOLD CAPABILITY_MUTE CAPABILITY_CANNOT_DOWNGRADE_VIDEO_TO_AUDIO CAPABILITY_SPEED_UP_MT_AUDIO], [Properties:]]: CSW.sCC@EBg
07-01 15:50:47.087  1604  1855 I Telecom : InCallController: Components updated: [ComponentInfo{com.google.android.dialer/com.android.incallui.InCallServiceImpl}]: CSW.sCC@EBg
07-01 15:50:47.093  1604  5450 I Telecom : InCallController: Sending updateCall [TC@4, RINGING, com.android.phone/com.android.services.telephony.TelephonyConnectionService, tel:****, A, childs(0), has_parent(false), [Capabilities: CAPABILITY_SUPPORT_HOLD CAPABILITY_MUTE CAPABILITY_CANNOT_DOWNGRADE_VIDEO_TO_AUDIO CAPABILITY_SPEED_UP_MT_AUDIO], [Properties:]]: CSW.sCC@EBk
07-01 15:50:47.097  1604  5450 I Telecom : InCallController: Components updated: [ComponentInfo{com.google.android.dialer/com.android.incallui.InCallServiceImpl}]: CSW.sCC@EBk
07-01 15:50:47.099  1604  5450 I Telecom : CallsManager: setCallState ACTIVE -> DISCONNECTED, call: [TC@3, ACTIVE, com.android.phone/com.android.services.telephony.TelephonyConnectionService, tel:****, A, childs(0), has_parent(false), [Capabilities: CAPABILITY_HOLD CAPABILITY_SUPPORT_HOLD CAPABILITY_MUTE CAPABILITY_CANNOT_DOWNGRADE_VIDEO_TO_AUDIO CAPABILITY_SPEED_UP_MT_AUDIO], [Properties:]]: CSW.sDc@EBo
07-01 15:50:47.099  1604  5450 I Telecom : Event: RecordEntry TC@3: SET_DISCONNECTED, disconnected set explicitly> DisconnectCause [ Code: (REMOTE) Label: () Description: () Reason: (NORMAL) Tone: (27) ]: CSW.sDc@EBo
07-01 15:50:47.099  1604  5450 I Telecom : InCallController: Sending updateCall [TC@3, DISCONNECTED, com.android.phone/com.android.services.telephony.TelephonyConnectionService, tel:****, A, childs(0), has_parent(false), [Capabilities: CAPABILITY_HOLD CAPABILITY_SUPPORT_HOLD CAPABILITY_MUTE CAPABILITY_CANNOT_DOWNGRADE_VIDEO_TO_AUDIO CAPABILITY_SPEED_UP_MT_AUDIO], [Properties:]]: CSW.sDc@EBo
07-01 15:50:47.119 18401 18401 I Dialer  : DialerCallListenerImpl.onDialerCallDisconnect - [DialerCall_0, DISCONNECTED, [Capabilities: CAPABILITY_HOLD CAPABILITY_SUPPORT_HOLD CAPABILITY_MUTE CAPABILITY_CANNOT_DOWNGRADE_VIDEO_TO_AUDIO], [Properties:], children:[], parent:null, conferenceable:[], videoState:Audio Only, mSessionModificationState:0, CameraDir:-1]
07-01 15:50:47.119 18401 18401 I Dialer  : EnrichedCallManagerImpl.onDisconnect - enter
07-01 15:50:47.119 18401 18401 I Dialer  : EnrichedCallManagerImpl.onDisconnect - disconnected call with no enriched call session
07-01 15:50:47.119 18401 18401 I Dialer  : InCallPresenter.onCallListChange - Phone switching state: INCOMING -> INCOMING
07-01 15:50:47.122 18401 18401 I Dialer  : VideoPauseController.onStateChange - hasPrimaryCallChanged: false, videoCanPause: false, isInBackground: false
07-01 15:50:47.123 18401 18401 I Dialer  : EnrichedCallManagerImpl.unregisterCapabilitiesListener - listener: [DialerCall_0, DISCONNECTED, [Capabilities: CAPABILITY_HOLD CAPABILITY_SUPPORT_HOLD CAPABILITY_MUTE CAPABILITY_CANNOT_DOWNGRADE_VIDEO_TO_AUDIO], [Properties:], children:[], parent:null, conferenceable:[], videoState:Audio Only, mSessionModificationState:0, CameraDir:-1]
07-01 15:50:47.123 18401 18401 I Dialer  : EnrichedCallManagerImpl.unregisterStateChangedListener - listener: [DialerCall_0, DISCONNECTED, [Capabilities: CAPABILITY_HOLD CAPABILITY_SUPPORT_HOLD CAPABILITY_MUTE CAPABILITY_CANNOT_DOWNGRADE_VIDEO_TO_AUDIO], [Properties:], children:[], parent:null, conferenceable:[], videoState:Audio Only, mSessionModificationState:0, CameraDir:-1]
07-01 15:50:47.124 18401 18401 I Dialer  : DialerCall.setState - ignoring state transition from DISCONNECTED to DISCONNECTED. Duration would have changed from 5807141 to 5807148
07-01 15:50:47.124 18401 18401 I Dialer  : CallList.onUpdateCall - [DialerCall_0, DISCONNECTED, [Capabilities: CAPABILITY_HOLD CAPABILITY_SUPPORT_HOLD CAPABILITY_MUTE CAPABILITY_CANNOT_DOWNGRADE_VIDEO_TO_AUDIO], [Properties:], children:[], parent:null, conferenceable:[], videoState:Audio Only, mSessionModificationState:0, CameraDir:-1]
07-01 15:50:47.125 18401 18401 I Dialer  : InCallPresenter.onCallListChange - Phone switching state: INCOMING -> INCOMING
07-01 15:50:47.130  1604  5450 I Telecom : InCallController: Components updated: [ComponentInfo{com.google.android.dialer/com.android.incallui.InCallServiceImpl}]: CSW.sDc@EBo
07-01 15:50:47.143 18401 18401 I Dialer  : VideoPauseController.onStateChange - hasPrimaryCallChanged: false, videoCanPause: false, isInBackground: false
07-01 15:50:47.143 18401 18401 I Dialer  : EnrichedCallManagerImpl.unregisterCapabilitiesListener - listener: [DialerCall_0, DISCONNECTED, [Capabilities: CAPABILITY_HOLD CAPABILITY_SUPPORT_HOLD CAPABILITY_MUTE CAPABILITY_CANNOT_DOWNGRADE_VIDEO_TO_AUDIO], [Properties:], children:[], parent:null, conferenceable:[], videoState:Audio Only, mSessionModificationState:0, CameraDir:-1]
07-01 15:50:47.144 18401 18401 I Dialer  : EnrichedCallManagerImpl.unregisterStateChangedListener - listener: [DialerCall_0, DISCONNECTED, [Capabilities: CAPABILITY_HOLD CAPABILITY_SUPPORT_HOLD CAPABILITY_MUTE CAPABILITY_CANNOT_DOWNGRADE_VIDEO_TO_AUDIO], [Properties:], children:[], parent:null, conferenceable:[], videoState:Audio Only, mSessionModificationState:0, CameraDir:-1]
07-01 15:50:47.150  1604  5450 W ContextImpl: Calling a method in the system process without a qualified user: android.app.ContextImpl.sendBroadcast:981 android.content.ContextWrapper.sendBroadcast:442 com.android.server.telecom.CallLogManager.sendAddCallBroadcast:444 com.android.server.telecom.CallLogManager.logCall:287 com.android.server.telecom.CallLogManager.logCall:233 
07-01 15:50:47.152  1604  5450 I Telecom : IncomingCallNotifier: updateIncomingCall: foundIncomingcall = null: CSW.sDc@EBo
07-01 15:50:47.153  1604  5450 I Telecom : TelecomWakeLock: WakeLock already acquired for id: 26: CSW.sDc@EBo
07-01 15:50:47.153  1604  5450 I Telecom : InCallWakeLockController: Acquiring full wake lock: CSW.sDc@EBo
07-01 15:50:47.154  1604  1894 I Telecom : CallAudioRouteStateMachine: Message received: UPDATE_SYSTEM_AUDIO_ROUTE=1201, arg1=0: CSW.sDc->CARSM.pM_UPDATE_SYSTEM_AUDIO_ROUTE@EBo
07-01 15:50:47.160  1604  5299 I AudioTrack: AUDIO_OUTPUT_FLAG_FAST successful; frameCount 1440 -> 1440
07-01 15:50:47.160  1604  5299 D AudioTrack: Client defaulted notificationFrames to 720 for frameCount 1440
07-01 15:50:47.162  1604  1855 I Telecom : InCallController: Sending updateCall [TC@4, RINGING, com.android.phone/com.android.services.telephony.TelephonyConnectionService, tel:****, A, childs(0), has_parent(false), [Capabilities: CAPABILITY_SUPPORT_HOLD CAPABILITY_MUTE CAPABILITY_CANNOT_DOWNGRADE_VIDEO_TO_AUDIO CAPABILITY_SPEED_UP_MT_AUDIO], [Properties:]]: CSW.sCC@EBs
07-01 15:50:47.163  1604  1901 I Telecom : CallAudioModeStateMachine: Message received: NO_MORE_ACTIVE_OR_DIALING_CALLS.: CSW.sDc->CAMSM.pM_1001@EBo
07-01 15:50:47.164  1604  1901 I Telecom : CallAudioModeStateMachine: Audio focus entering RINGING state: CSW.sDc->CAMSM.pM_1001@EBo
07-01 15:50:47.167  1604  1855 I Telecom : InCallController: Components updated: [ComponentInfo{com.google.android.dialer/com.android.incallui.InCallServiceImpl}]: CSW.sCC@EBs
07-01 15:50:47.168  1604  1894 I Telecom : CallAudioRouteStateMachine: setSystemAudioState: changing from [AudioState isMuted: false, route: EARPIECE, supportedRouteMask: EARPIECE, SPEAKER] to [AudioState isMuted: false, route: EARPIECE, supportedRouteMask: EARPIECE, SPEAKER]: CSW.sDc->CARSM.pM_UPDATE_SYSTEM_AUDIO_ROUTE@EBo
07-01 15:50:47.168  1604  1894 I Telecom : InCallController: Calling onAudioStateChanged, audioState: [AudioState isMuted: false, route: EARPIECE, supportedRouteMask: EARPIECE, SPEAKER] -> [AudioState isMuted: false, route: EARPIECE, supportedRouteMask: EARPIECE, SPEAKER]: CSW.sDc->CARSM.pM_UPDATE_SYSTEM_AUDIO_ROUTE@EBo
07-01 15:50:47.170  1604  1855 I Telecom : Event: RecordEntry TC@3: DESTROYED, null: CSW.rC@EBw
07-01 15:50:47.170  1604  1855 I Telecom : InCallController: onCanAddCallChanged : true: CSW.rC@EBw
07-01 15:50:47.171  1604  1855 I Telecom : InCallController: onCallRemoved: [TC@3, DISCONNECTED, null, tel:****, A, childs(0), has_parent(false), [Capabilities: CAPABILITY_HOLD CAPABILITY_SUPPORT_HOLD CAPABILITY_MUTE CAPABILITY_CANNOT_DOWNGRADE_VIDEO_TO_AUDIO CAPABILITY_SPEED_UP_MT_AUDIO], [Properties:]]: CSW.rC@EBw
07-01 15:50:47.171  1604  1855 I Telecom : IncomingCallNotifier: updateIncomingCall: foundIncomingcall = null: CSW.rC@EBw
07-01 15:50:47.172  1604  1855 I Telecom : TelecomWakeLock: WakeLock already acquired for id: 26: CSW.rC@EBw
07-01 15:50:47.172  1604  1855 I Telecom : InCallWakeLockController: Acquiring full wake lock: CSW.rC@EBw
07-01 15:50:47.174  1604  3712 I Telecom : InCallController: Sending updateCall [TC@4, RINGING, com.android.phone/com.android.services.telephony.TelephonyConnectionService, tel:****, A, childs(0), has_parent(false), [Capabilities: CAPABILITY_SUPPORT_HOLD CAPABILITY_MUTE CAPABILITY_CANNOT_DOWNGRADE_VIDEO_TO_AUDIO CAPABILITY_SPEED_UP_MT_AUDIO], [Properties:]]: CSW.sSH@EB4
07-01 15:50:47.187  1604  3712 I Telecom : InCallController: Components updated: [ComponentInfo{com.google.android.dialer/com.android.incallui.InCallServiceImpl}]: CSW.sSH@EB4
07-01 15:50:47.187  1604  3712 I Telecom : InCallController: Sending updateCall [TC@4, RINGING, com.android.phone/com.android.services.telephony.TelephonyConnectionService, tel:****, A, childs(0), has_parent(false), [Capabilities: CAPABILITY_SUPPORT_HOLD CAPABILITY_MUTE CAPABILITY_CANNOT_DOWNGRADE_VIDEO_TO_AUDIO CAPABILITY_SPEED_UP_MT_AUDIO], [Properties:]]: CSW.sSH@EB8
07-01 15:50:47.192  1604  3712 I Telecom : InCallController: Components updated: [ComponentInfo{com.google.android.dialer/com.android.incallui.InCallServiceImpl}]: CSW.sSH@EB8
07-01 15:50:47.207  1604  1901 I ActivityManager: Start proc 22089:android.process.media/u0a9 for content provider com.android.providers.media/.MediaProvider
07-01 15:50:47.223 18401 18401 W Dialer  : CallList.onCallRemoved - Removing call not previously disconnected DialerCall_0
07-01 15:50:47.223 18401 18401 I Dialer  : VideoShareManager.unregisterListener - enter
07-01 15:50:47.223 18401 18401 I Dialer  : EnrichedCallManagerImpl.unregisterCapabilitiesListener - listener: bca@fffe2e
07-01 15:50:47.230 22089 22089 W zygote  : Unexpected CPU variant for X86 using defaults: x86
07-01 15:50:47.260 22089 22089 I zygote  : The ClassLoaderContext is a special shared library.
07-01 15:50:47.306  1604  1618 I ActivityManager: Start proc 22104:com.android.calllogbackup/u0a2 for broadcast com.android.calllogbackup/.CallLogChangeReceiver
07-01 15:50:47.288 22089 22089 I zygote  : The ClassLoaderContext is a special shared library.
07-01 15:50:47.337 22104 22104 W zygote  : Unexpected CPU variant for X86 using defaults: x86
07-01 15:50:47.358 18401 18401 I Dialer  : LightbringerImpl.handleDuoReachabilityLoaded - loaded 0 reachable contacts
07-01 15:50:47.386 22104 22104 I zygote  : The ClassLoaderContext is a special shared library.
07-01 15:50:47.451  1604  1901 W Binder  : Outgoing transactions from this process must be FLAG_ONEWAY
07-01 15:50:47.451  1604  1901 W Binder  : java.lang.Throwable
07-01 15:50:47.451  1604  1901 W Binder  : 	at android.os.BinderProxy.transact(Binder.java:752)
07-01 15:50:47.451  1604  1901 W Binder  : 	at android.content.ContentProviderProxy.openTypedAssetFile(ContentProviderNative.java:696)
07-01 15:50:47.451  1604  1901 W Binder  : 	at android.content.ContentResolver.openTypedAssetFileDescriptor(ContentResolver.java:1410)
07-01 15:50:47.451  1604  1901 W Binder  : 	at android.content.ContentResolver.openAssetFileDescriptor(ContentResolver.java:1247)
07-01 15:50:47.451  1604  1901 W Binder  : 	at android.content.ContentResolver.openAssetFileDescriptor(ContentResolver.java:1170)
07-01 15:50:47.451  1604  1901 W Binder  : 	at android.media.MediaPlayer.attemptDataSource(MediaPlayer.java:1103)
07-01 15:50:47.451  1604  1901 W Binder  : 	at android.media.MediaPlayer.setDataSource(MediaPlayer.java:1075)
07-01 15:50:47.451  1604  1901 W Binder  : 	at android.media.MediaPlayer.setDataSource(MediaPlayer.java:1003)
07-01 15:50:47.451  1604  1901 W Binder  : 	at android.media.Ringtone.setUri(Ringtone.java:297)
07-01 15:50:47.451  1604  1901 W Binder  : 	at android.media.RingtoneManager.getRingtone(RingtoneManager.java:740)
07-01 15:50:47.451  1604  1901 W Binder  : 	at android.media.RingtoneManager.getRingtone(RingtoneManager.java:719)
07-01 15:50:47.451  1604  1901 W Binder  : 	at com.android.server.telecom.RingtoneFactory.getRingtone(RingtoneFactory.java:81)
07-01 15:50:47.451  1604  1901 W Binder  : 	at com.android.server.telecom.Ringer.startRinging(Ringer.java:124)
07-01 15:50:47.451  1604  1901 W Binder  : 	at com.android.server.telecom.CallAudioManager.startRinging(CallAudioManager.java:430)
07-01 15:50:47.451  1604  1901 W Binder  : 	at com.android.server.telecom.CallAudioModeStateMachine$RingingFocusState.enter(CallAudioModeStateMachine.java:208)
07-01 15:50:47.451  1604  1901 W Binder  : 	at com.android.internal.util.StateMachine$SmHandler.invokeEnterMethods(StateMachine.java:1037)
07-01 15:50:47.451  1604  1901 W Binder  : 	at com.android.internal.util.StateMachine$SmHandler.performTransitions(StateMachine.java:879)
07-01 15:50:47.451  1604  1901 W Binder  : 	at com.android.internal.util.StateMachine$SmHandler.handleMessage(StateMachine.java:819)
07-01 15:50:47.451  1604  1901 W Binder  : 	at android.os.Handler.dispatchMessage(Handler.java:106)
07-01 15:50:47.451  1604  1901 W Binder  : 	at android.os.Looper.loop(Looper.java:164)
07-01 15:50:47.451  1604  1901 W Binder  : 	at android.os.HandlerThread.run(HandlerThread.java:65)
07-01 15:50:47.491  1485  1485 D NuPlayerDriver: NuPlayerDriver(0xae514230) created, clientPid(1604)
07-01 15:50:47.545  1485 22121 D GenericSource: FileSource remote
07-01 15:50:47.578  1485 22120 D NuPlayerDriver: notifyListener_l(0xae514230), (1, 0, 0, -1), loop setting(0, 0)
07-01 15:50:47.584  1604  1901 D Ringtone: Successfully created local player
07-01 15:50:47.584  1604  1901 W Ringtone: Use of stream types is deprecated for operations other than volume control
07-01 15:50:47.584  1604  1901 W Ringtone: See the documentation of setStreamType() for what to use instead with android.media.AudioAttributes to qualify your playback use case
07-01 15:50:47.585  1485  1485 D NuPlayerDriver: reset(0xae514230) at state 4
07-01 15:50:47.585  1485  1485 D NuPlayerDriver: notifyListener_l(0xae514230), (8, 0, 0, -1), loop setting(1, 0)
07-01 15:50:47.585  1485 22120 D NuPlayerDriver: notifyResetComplete(0xae514230)
07-01 15:50:47.588  1484  5343 D MediaAnalyticsService: MediaAnalyticsService::newSummarizerSet
07-01 15:50:47.588  1485  1485 D NuPlayerDriver: reset(0xae514230) at state 0
07-01 15:50:47.588  1604  1901 V MediaPlayer: resetDrmState:  mDrmInfo=null mDrmProvisioningThread=null mPrepareDrmInProgress=false mActiveDrmScheme=false
07-01 15:50:47.588  1604  1901 V MediaPlayer: cleanDrmObj: mDrmObj=null mDrmSessionId=null
07-01 15:50:47.588  1604  1901 V MediaPlayer: resetDrmState:  mDrmInfo=null mDrmProvisioningThread=null mPrepareDrmInProgress=false mActiveDrmScheme=false
07-01 15:50:47.588  1604  1901 V MediaPlayer: cleanDrmObj: mDrmObj=null mDrmSessionId=null
07-01 15:50:47.595  1485  1485 D NuPlayerDriver: NuPlayerDriver(0xae514070) created, clientPid(1604)
07-01 15:50:47.625  1485 22124 D GenericSource: FileSource remote
07-01 15:50:47.637  1485 22123 D NuPlayerDriver: notifyListener_l(0xae514070), (1, 0, 0, -1), loop setting(0, 0)
07-01 15:50:47.644  1604  1901 D Ringtone: Successfully created local player
07-01 15:50:47.646  1604  1901 I Telecom : Event: RecordEntry TC@4: STOP_CALL_WAITING_TONE, null: CSW.sDc->CAMSM.pM_1001@EBo
07-01 15:50:47.646  1604  1901 I Telecom : Event: RecordEntry TC@4: START_RINGER, null: CSW.sDc->CAMSM.pM_1001@EBo
07-01 15:50:47.666  1604  1901 I Telecom : Event: RecordEntry TC@4: SKIP_VIBRATION, hasVibrator=false, userRequestsVibrate=false, ringerMode=2, isVibrating=false: CSW.sDc->CAMSM.pM_1001@EBo
07-01 15:50:47.666  1604  1901 I MediaFocusControl: requestAudioFocus() from uid/pid 1000/1604 clientId=AudioFocus_For_Phone_Ring_And_Calls callingPack=com.android.server.telecom req=2 flags=0x4 sdk=0
07-01 15:50:47.666  1604 22126 I Telecom : AsyncRingtonePlayer: Play ringtone.
07-01 15:50:47.682  1604 22073 D AudioTrack: stop() called with 714752 frames delivered
07-01 15:50:47.724  1485  1485 D NuPlayerDriver: NuPlayerDriver(0xafe252a0) created, clientPid(1604)
07-01 15:50:47.730  1604  1894 I Telecom : CallAudioRouteStateMachine: Message received: SWITCH_FOCUS=4001, arg1=3: CSW.sDc->CAMSM.pM_1001->CARSM.pM_SWITCH_FOCUS@EBo
07-01 15:50:47.738  1604  1901 I Telecom : CallAudioModeStateMachine: Message received: TONE_STOPPED_PLAYING.: TSI.aNIC->CILH.sL->CILH.oQC->ICF.oCFC->CAMSM.pM_2002->ICTP.r->ICTP.cUTP->CAMSM.pM_3002@EAw
07-01 15:50:47.750  1485 22128 D GenericSource: FileSource remote
07-01 15:50:47.762  1485 22127 D NuPlayerDriver: notifyListener_l(0xafe252a0), (1, 0, 0, -1), loop setting(0, 0)
07-01 15:50:47.767  1604 22126 D Ringtone: Successfully created local player
07-01 15:50:47.767  1604 22126 W Ringtone: Use of stream types is deprecated for operations other than volume control
07-01 15:50:47.767  1604 22126 W Ringtone: See the documentation of setStreamType() for what to use instead with android.media.AudioAttributes to qualify your playback use case
07-01 15:50:47.768  1485  1556 D NuPlayerDriver: reset(0xafe252a0) at state 4
07-01 15:50:47.768  1485  1556 D NuPlayerDriver: notifyListener_l(0xafe252a0), (8, 0, 0, -1), loop setting(1, 0)
07-01 15:50:47.770  1485 22127 D NuPlayerDriver: notifyResetComplete(0xafe252a0)
07-01 15:50:47.770  1485  1556 D NuPlayerDriver: reset(0xafe252a0) at state 0
07-01 15:50:47.774  1604 22126 V MediaPlayer: resetDrmState:  mDrmInfo=null mDrmProvisioningThread=null mPrepareDrmInProgress=false mActiveDrmScheme=false
07-01 15:50:47.774  1604 22126 V MediaPlayer: cleanDrmObj: mDrmObj=null mDrmSessionId=null
07-01 15:50:47.775  1604 22126 V MediaPlayer: resetDrmState:  mDrmInfo=null mDrmProvisioningThread=null mPrepareDrmInProgress=false mActiveDrmScheme=false
07-01 15:50:47.776  1604 22126 V MediaPlayer: cleanDrmObj: mDrmObj=null mDrmSessionId=null
07-01 15:50:47.793  1485  1556 D NuPlayerDriver: NuPlayerDriver(0xae5143f0) created, clientPid(1604)
07-01 15:50:47.804  1485 22131 D GenericSource: FileSource remote
07-01 15:50:47.818  1485 22130 D NuPlayerDriver: notifyListener_l(0xae5143f0), (1, 0, 0, -1), loop setting(0, 0)
07-01 15:50:47.825  1604 22126 D Ringtone: Successfully created local player
07-01 15:50:47.828  1485  1556 D NuPlayerDriver: start(0xae5143f0), state is 4, eos is 0
07-01 15:50:47.828  1604  1604 V MediaRouter: onRestoreRoute() : route=RouteInfo{ name=Phone, description=null, status=null, category=RouteCategory{ name=System types=ROUTE_TYPE_LIVE_AUDIO ROUTE_TYPE_LIVE_VIDEO  groupable=false }, supportedTypes=ROUTE_TYPE_LIVE_AUDIO ROUTE_TYPE_LIVE_VIDEO , presentationDisplay=null }
07-01 15:50:47.828  1604 22126 I Telecom : AsyncRingtonePlayer: Repeat ringtone.
07-01 15:50:47.828  1485 22130 I GenericSource: start
07-01 15:50:47.829  1604  1604 V MediaRouter: Selecting route: RouteInfo{ name=Phone, description=null, status=null, category=RouteCategory{ name=System types=ROUTE_TYPE_LIVE_AUDIO ROUTE_TYPE_LIVE_VIDEO  groupable=false }, supportedTypes=ROUTE_TYPE_LIVE_AUDIO ROUTE_TYPE_LIVE_VIDEO , presentationDisplay=null }
07-01 15:50:47.845  1485 22135 I OMXClient: Treble IOmx obtained
07-01 15:50:47.851  1489  1780 I OMXMaster: makeComponentInstance(OMX.google.vorbis.decoder) in omx@1.0-service process
07-01 15:50:47.874  1489  1780 E OMXNodeInstance: setConfig(0xaf6a0d80:google.vorbis.decoder, ConfigPriority(0x6f800002)) ERROR: Undefined(0x80001001)
07-01 15:50:47.875  1485 22135 I ACodec  : codec does not support config priority (err -2147483648)
07-01 15:50:47.877  1489  1780 E OMXNodeInstance: getConfig(0xaf6a0d80:google.vorbis.decoder, ConfigAndroidVendorExtension(0x6f100004)) ERROR: Undefined(0x80001001)
07-01 15:50:47.882  1485 22135 I MediaCodec: MediaCodec will operate in async mode
07-01 15:50:47.887  1393  1393 W /system/bin/hw/android.hidl.allocator@1.0-service: ashmem_create_region(32768) returning hidl_memory(0xb151b830, 32768)
07-01 15:50:47.927  1393  1393 I chatty  : uid=1000(system) allocator@1.0-s identical 10 lines
07-01 15:50:47.929  1393  1393 W /system/bin/hw/android.hidl.allocator@1.0-service: ashmem_create_region(32768) returning hidl_memory(0xb151b830, 32768)
07-01 15:50:47.944  1485 22133 D AudioTrack: Client defaulted notificationFrames to 7406 for frameCount 22218
07-01 15:50:47.947  1485 22130 D NuPlayerDriver: notifyListener_l(0xae5143f0), (6, 0, 0, -1), loop setting(1, 0)
07-01 15:50:47.977  1485 22133 W AudioTrack: getTimestamp() location moved from kernel to server
07-01 15:50:48.470  1410  1410 I boot-pipe: done populating /dev/random
07-01 15:50:48.762  1604  1855 I WifiService: acquireWifiLock uid=10014 lockMode=2
07-01 15:50:48.824  1970  1970 I GeofencerStateMachine: sendNewTransitions called.
07-01 15:50:48.852  1604  3712 I WifiService: releaseWifiLock uid=10014
07-01 15:50:49.113  1477  1572 D AudioFlinger: mixer(0xac983140) throttle end: throttle time(5)
07-01 15:50:49.121 18401 18401 I Dialer  : InCallPresenter.onCallListChange - Phone switching state: INCOMING -> INCOMING
07-01 15:50:49.128 18401 18401 I Dialer  : VideoPauseController.onStateChange - hasPrimaryCallChanged: false, videoCanPause: false, isInBackground: false
07-01 15:50:49.134 18401 18401 I Dialer  : InCallPresenter.onCallListChange - Phone switching state: INCOMING -> INCOMING
07-01 15:50:49.145 18401 18401 I Dialer  : VideoPauseController.onStateChange - hasPrimaryCallChanged: false, videoCanPause: false, isInBackground: false
07-01 15:50:49.225 18401 18401 I Dialer  : InCallPresenter.onCallListChange - Phone switching state: INCOMING -> INCOMING
07-01 15:50:49.228 18401 18401 I Dialer  : VideoPauseController.onStateChange - hasPrimaryCallChanged: false, videoCanPause: false, isInBackground: false
07-01 15:50:49.252  1604  1617 E memtrack: Couldn't load memtrack module
07-01 15:50:49.252  1604  1617 W android.os.Debug: failed to get memory consumption info: -1
07-01 15:50:50.250 18401 18401 I Dialer  : NotificationBroadcastReceiver.onReceive - Broadcast from Notification: com.android.incallui.ACTION_DECLINE_INCOMING_CALL
07-01 15:50:50.303 18401 18401 I Dialer  : DialerCall.reject
07-01 15:50:50.314  1604  5450 I Telecom : Event: RecordEntry TC@4: STOP_RINGER, null: ICA.rC(InCall package: com.google.android.dialer)@ECA
07-01 15:50:50.315  1604 22126 I Telecom : AsyncRingtonePlayer: Stop ringtone.
07-01 15:50:50.316  1485  1556 D NuPlayerDriver: reset(0xae5143f0) at state 5
07-01 15:50:50.317  1604  5450 I Telecom : Event: RecordEntry TC@4: REQUEST_REJECT, null: ICA.rC(InCall package: com.google.android.dialer)@ECA
07-01 15:50:50.325  1485  1556 D NuPlayerDriver: notifyListener_l(0xae5143f0), (8, 0, 0, -1), loop setting(1, 0)
07-01 15:50:50.378  1485 22130 D NuPlayerDriver: notifyResetComplete(0xae5143f0)
07-01 15:50:50.379  1485  1556 D NuPlayerDriver: reset(0xae5143f0) at state 0
07-01 15:50:50.382  1604 22126 V MediaPlayer: resetDrmState:  mDrmInfo=null mDrmProvisioningThread=null mPrepareDrmInProgress=false mActiveDrmScheme=false
07-01 15:50:50.382  1604 22126 V MediaPlayer: cleanDrmObj: mDrmObj=null mDrmSessionId=null
07-01 15:50:50.384  1485  1556 D AudioTrack: stop() called with 0 frames delivered
07-01 15:50:50.385  1604 22126 V MediaPlayer: resetDrmState:  mDrmInfo=null mDrmProvisioningThread=null mPrepareDrmInProgress=false mActiveDrmScheme=false
07-01 15:50:50.385  1604 22126 V MediaPlayer: cleanDrmObj: mDrmObj=null mDrmSessionId=null
07-01 15:50:50.393  1604  1854 I Telecom : InCallController: Sending updateCall [TC@4, RINGING, com.android.phone/com.android.services.telephony.TelephonyConnectionService, tel:****, A, childs(0), has_parent(false), [Capabilities: CAPABILITY_SUPPORT_HOLD CAPABILITY_MUTE CAPABILITY_CANNOT_DOWNGRADE_VIDEO_TO_AUDIO CAPABILITY_SPEED_UP_MT_AUDIO], [Properties:]]: CSW.sSH@ECE
07-01 15:50:50.418  1604  1682 D ConnectivityService: NetworkAgentInfo [MOBILE (LTE) - 100] EVENT_NETWORK_INFO_CHANGED, going from SUSPENDED to CONNECTED
07-01 15:50:50.434  1604  1854 I Telecom : InCallController: Components updated: [ComponentInfo{com.google.android.dialer/com.android.incallui.InCallServiceImpl}]: CSW.sSH@ECE
07-01 15:50:50.436  1604  1855 I Telecom : InCallController: Sending updateCall [TC@4, RINGING, com.android.phone/com.android.services.telephony.TelephonyConnectionService, tel:****, A, childs(0), has_parent(false), [Capabilities: CAPABILITY_SUPPORT_HOLD CAPABILITY_MUTE CAPABILITY_CANNOT_DOWNGRADE_VIDEO_TO_AUDIO CAPABILITY_SPEED_UP_MT_AUDIO], [Properties:]]: CSW.sSH@ECI
07-01 15:50:50.460  1604  1855 I Telecom : InCallController: Components updated: [ComponentInfo{com.google.android.dialer/com.android.incallui.InCallServiceImpl}]: CSW.sSH@ECI
07-01 15:50:50.467  1604  5450 I Telecom : InCallController: Sending updateCall [TC@4, RINGING, com.android.phone/com.android.services.telephony.TelephonyConnectionService, tel:****, A, childs(0), has_parent(false), [Capabilities: CAPABILITY_SUPPORT_HOLD CAPABILITY_MUTE CAPABILITY_CANNOT_DOWNGRADE_VIDEO_TO_AUDIO CAPABILITY_SPEED_UP_MT_AUDIO], [Properties:]]: CSW.sCC@ECM
07-01 15:50:50.490  1604  5450 I Telecom : InCallController: Components updated: [ComponentInfo{com.google.android.dialer/com.android.incallui.InCallServiceImpl}]: CSW.sCC@ECM
07-01 15:50:50.491  1604  5450 I Telecom : InCallController: Sending updateCall [TC@4, RINGING, com.android.phone/com.android.services.telephony.TelephonyConnectionService, tel:****, A, childs(0), has_parent(false), [Capabilities: CAPABILITY_SUPPORT_HOLD CAPABILITY_MUTE CAPABILITY_CANNOT_DOWNGRADE_VIDEO_TO_AUDIO CAPABILITY_SPEED_UP_MT_AUDIO], [Properties:]]: CSW.sCC@ECQ
07-01 15:50:50.531  1604  5450 I Telecom : InCallController: Components updated: [ComponentInfo{com.google.android.dialer/com.android.incallui.InCallServiceImpl}]: CSW.sCC@ECQ
07-01 15:50:50.535  1604  5450 I Telecom : CallsManager: setCallState RINGING -> DISCONNECTED, call: [TC@4, RINGING, com.android.phone/com.android.services.telephony.TelephonyConnectionService, tel:****, A, childs(0), has_parent(false), [Capabilities: CAPABILITY_SUPPORT_HOLD CAPABILITY_MUTE CAPABILITY_CANNOT_DOWNGRADE_VIDEO_TO_AUDIO CAPABILITY_SPEED_UP_MT_AUDIO], [Properties:]]: CSW.sDc@ECU
07-01 15:50:50.551  1604  5450 I Telecom : Event: RecordEntry TC@4: SET_DISCONNECTED, disconnected set explicitly> DisconnectCause [ Code: (REJECTED) Label: () Description: () Reason: (INCOMING_REJECTED) Tone: (-1) ]: CSW.sDc@ECU
07-01 15:50:50.551  1604  5450 I Telecom : InCallController: Sending updateCall [TC@4, DISCONNECTED, com.android.phone/com.android.services.telephony.TelephonyConnectionService, tel:****, A, childs(0), has_parent(false), [Capabilities: CAPABILITY_SUPPORT_HOLD CAPABILITY_MUTE CAPABILITY_CANNOT_DOWNGRADE_VIDEO_TO_AUDIO CAPABILITY_SPEED_UP_MT_AUDIO], [Properties:]]: CSW.sDc@ECU
07-01 15:50:50.572  1604  5450 I Telecom : InCallController: Components updated: [ComponentInfo{com.google.android.dialer/com.android.incallui.InCallServiceImpl}]: CSW.sDc@ECU
07-01 15:50:50.576 18401 18401 I Dialer  : DialerCallListenerImpl.onDialerCallDisconnect - [DialerCall_1, DISCONNECTED, [Capabilities: CAPABILITY_SUPPORT_HOLD CAPABILITY_MUTE CAPABILITY_CANNOT_DOWNGRADE_VIDEO_TO_AUDIO], [Properties:], children:[], parent:null, conferenceable:[], videoState:Audio Only, mSessionModificationState:0, CameraDir:-1]
07-01 15:50:50.576 18401 18401 I Dialer  : EnrichedCallManagerImpl.onDisconnect - enter
07-01 15:50:50.577 18401 18401 I Dialer  : EnrichedCallManagerImpl.onDisconnect - disconnected call with no enriched call session
07-01 15:50:50.577 18401 18401 I Dialer  : InCallPresenter.onCallListChange - Phone switching state: INCOMING -> INCALL
07-01 15:50:50.577 18401 18401 I Dialer  : StatusBarNotifier.cancelNotification - cancel
07-01 15:50:50.581  1604  5450 W ContextImpl: Calling a method in the system process without a qualified user: android.app.ContextImpl.sendBroadcast:981 android.content.ContextWrapper.sendBroadcast:442 com.android.server.telecom.CallLogManager.sendAddCallBroadcast:444 com.android.server.telecom.CallLogManager.logCall:287 com.android.server.telecom.CallLogManager.logCall:233 
07-01 15:50:50.589  1604  5450 I Telecom : IncomingCallNotifier: updateIncomingCall: foundIncomingcall = null: CSW.sDc@ECU
07-01 15:50:50.592  1604  5450 I Telecom : TelecomWakeLock: Releasing WakeLock with id: 26: CSW.sDc@ECU
07-01 15:50:50.592  1604  5450 I Telecom : InCallWakeLockController: Releasing full wake lock: CSW.sDc@ECU
07-01 15:50:50.594  1604  1604 D GpsNetInitiatedHandler: onCallStateChanged(): state is 0
07-01 15:50:50.610  2180  2424 I TelephonySpam: TelephonySpamInit - scheduleCallLogTask
07-01 15:50:50.618  1604  1618 W BroadcastQueue: Permission Denial: receiving Intent { act=android.intent.action.PHONE_STATE flg=0x1000010 (has extras) } to ProcessRecord{cfb3dbb 4574:com.mapfactor.navigator:Notifications/u0a88} (pid=4574, uid=10088) requires android.permission.READ_PRIVILEGED_PHONE_STATE due to sender android (uid 1000)
07-01 15:50:50.623  1604  1618 W BroadcastQueue: Permission Denial: receiving Intent { act=android.intent.action.PHONE_STATE flg=0x1000010 (has extras) } to ProcessRecord{b1e94bf 1707:com.android.systemui/u0a29} (pid=1707, uid=10029) requires android.permission.READ_PHONE_STATE due to sender android (uid 1000)
07-01 15:50:50.625  1604  5450 I Telecom : PhoneStateBroadcaster: Broadcasted state change: 0: CSW.sDc@ECU
07-01 15:50:50.629  1604  1894 I Telecom : CallAudioRouteStateMachine: Message received: UPDATE_SYSTEM_AUDIO_ROUTE=1201, arg1=0: CSW.sDc->CARSM.pM_UPDATE_SYSTEM_AUDIO_ROUTE@ECU
07-01 15:50:50.630  1604  1901 I Telecom : CallAudioModeStateMachine: Message received: NO_MORE_RINGING_CALLS.: CSW.sDc->CAMSM.pM_1002@ECU
07-01 15:50:50.631  1604  1901 I Telecom : CallAudioModeStateMachine: Abandoning audio focus: now UNFOCUSED: CSW.sDc->CAMSM.pM_1002@ECU
07-01 15:50:50.631  1604  1901 I MediaFocusControl: abandonAudioFocus() from uid/pid 1000/1604 clientId=AudioFocus_For_Phone_Ring_And_Calls
07-01 15:50:50.637  1604  1894 I Telecom : CallAudioRouteStateMachine: setSystemAudioState: changing from [AudioState isMuted: false, route: EARPIECE, supportedRouteMask: EARPIECE, SPEAKER] to [AudioState isMuted: false, route: EARPIECE, supportedRouteMask: EARPIECE, SPEAKER]: CSW.sDc->CARSM.pM_UPDATE_SYSTEM_AUDIO_ROUTE@ECU
07-01 15:50:50.637  1604  1894 I Telecom : InCallController: Calling onAudioStateChanged, audioState: [AudioState isMuted: false, route: EARPIECE, supportedRouteMask: EARPIECE, SPEAKER] -> [AudioState isMuted: false, route: EARPIECE, supportedRouteMask: EARPIECE, SPEAKER]: CSW.sDc->CARSM.pM_UPDATE_SYSTEM_AUDIO_ROUTE@ECU
07-01 15:50:50.638  1604  1855 I Telecom : ConnectionServiceWrapper: Service unbound ComponentInfo{com.android.phone/com.android.services.telephony.TelephonyConnectionService}, from unbind.: CSW.rC@ECc
07-01 15:50:50.657 18401 18401 I Dialer  : VideoPauseController.onStateChange - hasPrimaryCallChanged: true, videoCanPause: false, isInBackground: false
07-01 15:50:50.657 18401 18401 I Dialer  : VideoPauseController.onPrimaryCallChanged - new call: null, old call: [DialerCall_1, DISCONNECTED, [Capabilities: CAPABILITY_SUPPORT_HOLD CAPABILITY_MUTE CAPABILITY_CANNOT_DOWNGRADE_VIDEO_TO_AUDIO], [Properties:], children:[], parent:null, conferenceable:[], videoState:Audio Only, mSessionModificationState:0, CameraDir:-1], mIsInBackground: false
07-01 15:50:50.659 18401 18401 I Dialer  : EnrichedCallManagerImpl.unregisterCapabilitiesListener - listener: [DialerCall_1, DISCONNECTED, [Capabilities: CAPABILITY_SUPPORT_HOLD CAPABILITY_MUTE CAPABILITY_CANNOT_DOWNGRADE_VIDEO_TO_AUDIO], [Properties:], children:[], parent:null, conferenceable:[], videoState:Audio Only, mSessionModificationState:0, CameraDir:-1]
07-01 15:50:50.659 18401 18401 I Dialer  : EnrichedCallManagerImpl.unregisterStateChangedListener - listener: [DialerCall_1, DISCONNECTED, [Capabilities: CAPABILITY_SUPPORT_HOLD CAPABILITY_MUTE CAPABILITY_CANNOT_DOWNGRADE_VIDEO_TO_AUDIO], [Properties:], children:[], parent:null, conferenceable:[], videoState:Audio Only, mSessionModificationState:0, CameraDir:-1]
07-01 15:50:50.660 18401 18401 I Dialer  : DialerCall.setState - ignoring state transition from DISCONNECTED to DISCONNECTED. Duration would have changed from 0 to 0
07-01 15:50:50.661 18401 18401 I Dialer  : CallList.onUpdateCall - [DialerCall_1, DISCONNECTED, [Capabilities: CAPABILITY_SUPPORT_HOLD CAPABILITY_MUTE CAPABILITY_CANNOT_DOWNGRADE_VIDEO_TO_AUDIO], [Properties:], children:[], parent:null, conferenceable:[], videoState:Audio Only, mSessionModificationState:0, CameraDir:-1]
07-01 15:50:50.661 18401 18401 I Dialer  : InCallPresenter.onCallListChange - Phone switching state: INCALL -> INCALL
07-01 15:50:50.664 18401 18401 I Dialer  : VideoPauseController.onStateChange - hasPrimaryCallChanged: false, videoCanPause: false, isInBackground: false
07-01 15:50:50.665 18401 18401 I Dialer  : EnrichedCallManagerImpl.unregisterCapabilitiesListener - listener: [DialerCall_1, DISCONNECTED, [Capabilities: CAPABILITY_SUPPORT_HOLD CAPABILITY_MUTE CAPABILITY_CANNOT_DOWNGRADE_VIDEO_TO_AUDIO], [Properties:], children:[], parent:null, conferenceable:[], videoState:Audio Only, mSessionModificationState:0, CameraDir:-1]
07-01 15:50:50.681  1604  1855 I Telecom : CallsManager: handleConnectionServiceDeath: service com.android.server.telecom.ConnectionServiceWrapper@a0032c6 died: CSW.rC@ECc
07-01 15:50:50.688  1604  1855 I Telecom : Event: RecordEntry TC@4: DESTROYED, null: CSW.rC@ECc
07-01 15:50:50.726 18401 18401 I Dialer  : EnrichedCallManagerImpl.unregisterStateChangedListener - listener: [DialerCall_1, DISCONNECTED, [Capabilities: CAPABILITY_SUPPORT_HOLD CAPABILITY_MUTE CAPABILITY_CANNOT_DOWNGRADE_VIDEO_TO_AUDIO], [Properties:], children:[], parent:null, conferenceable:[], videoState:Audio Only, mSessionModificationState:0, CameraDir:-1]
07-01 15:50:50.744  1604  1855 I Telecom : InCallController: onCallRemoved: [TC@4, DISCONNECTED, null, tel:****, A, childs(0), has_parent(false), [Capabilities: CAPABILITY_SUPPORT_HOLD CAPABILITY_MUTE CAPABILITY_CANNOT_DOWNGRADE_VIDEO_TO_AUDIO CAPABILITY_SPEED_UP_MT_AUDIO], [Properties:]]: CSW.rC@ECc
07-01 15:50:50.754  1604  1855 I Telecom : IncomingCallNotifier: updateIncomingCall: foundIncomingcall = null: CSW.rC@ECc
07-01 15:50:50.754  1604  1855 I Telecom : TelecomWakeLock: WakeLock already released with id: 26: CSW.rC@ECc
07-01 15:50:50.754  1604  1855 I Telecom : InCallWakeLockController: Releasing full wake lock: CSW.rC@ECc
07-01 15:50:50.754  1604  1855 I Telecom : ProximitySensorManager: All calls removed, resetting proximity sensor to default state: CSW.rC@ECc
07-01 15:50:50.754  1604  1855 I Telecom : TelecomWakeLock: WakeLock already released with id: 32: CSW.rC@ECc
07-01 15:50:50.755  1604  1604 D MediaSessionService: Global priority session is updated, active=false
07-01 15:50:50.794  1836 22139 D CallNotifier: SignalInfoTonePlayer.run(toneId = 98)...
07-01 15:50:50.813  1836 22139 D CallNotifier: mSignalInfoToneGenerator created already, hence skipping
07-01 15:50:50.830  1604  1894 I Telecom : CallAudioRouteStateMachine: Message received: SWITCH_FOCUS=4001, arg1=1: CSW.sDc->CAMSM.pM_1002->CARSM.pM_SWITCH_FOCUS@ECU
07-01 15:50:50.830  1604  1894 I Telecom : CallAudioRouteStateMachine: turning speaker phone false: CSW.sDc->CAMSM.pM_1002->CARSM.pM_SWITCH_FOCUS@ECU
07-01 15:50:50.831  1604  1894 I Telecom : Logging.Events: Non-call EVENT: UNMUTE, null: CSW.sDc->CAMSM.pM_1002->CARSM.pM_SWITCH_FOCUS@ECU
07-01 15:50:50.833  1394  1575 W DeviceHAL: Device 0xb2291b00 get_mic_mute: Function not implemented
07-01 15:50:50.833  1604  1894 I Telecom : Logging.Events: Non-call EVENT: AUDIO_ROUTE, Leaving state ActiveEarpieceRoute: CSW.sDc->CAMSM.pM_1002->CARSM.pM_SWITCH_FOCUS@ECU
07-01 15:50:50.834  1604  1894 I Telecom : Logging.Events: Non-call EVENT: AUDIO_ROUTE, Entering state QuiescentEarpieceRoute: CSW.sDc->CAMSM.pM_1002->CARSM.pM_SWITCH_FOCUS@ECU
07-01 15:50:50.893 18401 18401 W Dialer  : CallList.onCallRemoved - Removing call not previously disconnected DialerCall_1
07-01 15:50:50.894 18401 18401 I Dialer  : VideoShareManager.unregisterListener - enter
07-01 15:50:50.894 18401 18401 I Dialer  : EnrichedCallManagerImpl.unregisterCapabilitiesListener - listener: bca@392f8e7
07-01 15:50:50.895 18401 18401 I Dialer  : InCallPresenter.attemptFinishActivity - Hide in call UI: false
07-01 15:50:50.896 18401 18401 I Dialer  : InCallPresenter.onCallListChange - Phone switching state: INCALL -> NO_CALLS
07-01 15:50:50.896 18401 18401 I Dialer  : VideoPauseController.onStateChange - hasPrimaryCallChanged: false, videoCanPause: false, isInBackground: false
07-01 15:50:50.897 18401 18401 I Dialer  : InCallPresenter.onCallListChange - Phone switching state: NO_CALLS -> NO_CALLS
07-01 15:50:50.902 18401 18401 I Dialer  : VideoPauseController.onStateChange - hasPrimaryCallChanged: false, videoCanPause: false, isInBackground: false
07-01 15:50:50.904 18401 18401 I Dialer  : InCallPresenter.onCallListChange - Phone switching state: NO_CALLS -> NO_CALLS
07-01 15:50:50.904 18401 18401 I Dialer  : VideoPauseController.onStateChange - hasPrimaryCallChanged: false, videoCanPause: false, isInBackground: false
07-01 15:50:50.976  1707  1707 I zygote  : Deoptimizing void com.android.systemui.statusbar.stack.ViewState$7.onAnimationEnd(android.animation.Animator) due to JIT inline cache
07-01 15:50:51.006  1707  1707 D StatusBar: disable<e i a s b h r c s q >
07-01 15:50:51.039  1707  1933 D EGL_emulation: eglMakeCurrent: 0x91a91b00: ver 2 0 (tinfo 0x91b96990)
07-01 15:50:51.045  1402  1402 D gralloc_ranchu: gralloc_alloc: Creating ashmem region of size 274432
07-01 15:50:51.067  1707  1933 D EGL_emulation: eglMakeCurrent: 0x91a91b00: ver 2 0 (tinfo 0x91b96990)
07-01 15:50:51.082  1402  1402 D gralloc_ranchu: gralloc_alloc: Creating ashmem region of size 274432
07-01 15:50:52.748  1604  1604 I Telecom : EmergencyInCallServiceConnection: Disconnect forced!: CSW.rC->ICC.oCR@ECc
07-01 15:50:51.098  1402  1402 D gralloc_ranchu: gralloc_alloc: Creating ashmem region of size 274432
07-01 15:50:52.752 18401 18401 I Dialer  : InCallPresenter.setBoundAndWaitingForOutgoingCall - setBoundAndWaitingForOutgoingCall: false
07-01 15:50:52.753 18401 18401 I Dialer  : InCallPresenter.onCallListChange - Phone switching state: NO_CALLS -> NO_CALLS
07-01 15:50:52.753 18401 18401 I Dialer  : VideoPauseController.onStateChange - hasPrimaryCallChanged: false, videoCanPause: false, isInBackground: false
07-01 15:50:52.760 18401 18401 I Dialer  : InCallPresenter.attemptCleanup - Cleaning up
07-01 15:50:52.760 18401 18401 I Dialer  : ProximitySensor.turnOffProximitySensor - wake lock already released
07-01 15:50:52.760 18401 18401 I Dialer  : EnrichedCallManagerImpl.unregisterStateChangedListener - listener: bmz@1963770
07-01 15:50:52.760 18401 18401 I Dialer  : VideoPauseController.tearDown - enter
07-01 15:50:52.765  1604  3574 I ActivityManager: Killing 20966:com.mapswithme.maps.pro/u0a85 (adj 906): empty for 2188s
07-01 15:50:52.771  1604  1620 W zygote  : kill(-20966, 9) failed: No such process
07-01 15:50:52.814  1604  1620 W zygote  : kill(-20966, 9) failed: No such process
07-01 15:50:52.815  1604  1620 I zygote  : Successfully killed process cgroup uid 10085 pid 20966 in 43ms
07-01 15:50:52.816  1604  3574 D ConnectivityService: ConnectivityService NetworkRequestInfo binderDied(NetworkRequest [ LISTEN id=54, [ Capabilities: INTERNET&NOT_RESTRICTED&TRUSTED&FOREGROUND] ], android.os.BinderProxy@50d0ccd)
07-01 15:50:52.843  1403  1418 D hwcomposer: hw_composer sent 6 syncs in 1179s
07-01 15:50:52.977  1394  3176 W audio_hw_generic: Not supplying enough data to HAL, expected position 54175967 , only wrote 54175680
07-01 15:50:53.005  1394  3176 W audio_hw_generic: Not supplying enough data to HAL, expected position 54177017 , only wrote 54176400
07-01 15:50:53.005  1394  3176 W audio_hw_generic: Not supplying enough data to HAL, expected position 54176419 , only wrote 54176400
07-01 15:50:53.412  1394  1575 W audio_hw_generic: Not supplying enough data to HAL, expected position 54214861 , only wrote 54195840
07-01 15:51:08.770  1604  3712 I WifiService: acquireWifiLock uid=10014 lockMode=2
07-01 15:51:08.781  1604  3712 I ActivityManager: Killing 19823:com.google.android.gms.unstable/u0a14 (adj 906): empty for 1914s
07-01 15:51:08.781  1604  1620 W zygote  : kill(-19823, 9) failed: No such process
07-01 15:51:08.782  1604  1617 E memtrack: Couldn't load memtrack module
07-01 15:51:08.782  1604  1617 W android.os.Debug: failed to get memory consumption info: -1
07-01 15:51:08.823  1604  1620 W zygote  : kill(-19823, 9) failed: No such process
07-01 15:51:08.865  1604  1620 W zygote  : kill(-19823, 9) failed: No such process
07-01 15:51:08.865  1604  1620 I zygote  : Successfully killed process cgroup uid 10014 pid 19823 in 84ms
07-01 15:51:08.866  1604  1617 E memtrack: Couldn't load memtrack module
07-01 15:51:08.866  1604  1617 W android.os.Debug: failed to get memory consumption info: -1
07-01 15:51:08.957  1604  1617 E memtrack: Couldn't load memtrack module
07-01 15:51:08.957  1604  1617 W android.os.Debug: failed to get memory consumption info: -1
07-01 15:51:11.764  1760  1760 I wpa_supplicant: nl80211: send_and_recv->nl_recvmsgs failed: -33
07-01 15:51:11.766  1604  3545 D WificondControl: Scan result ready event
07-01 15:51:11.810  1604  3545 I WifiService: releaseWifiLock uid=10014
07-01 15:51:20.266  1604  1617 E memtrack: Couldn't load memtrack module
07-01 15:51:20.266  1604  1617 W android.os.Debug: failed to get memory consumption info: -1
07-01 15:51:20.303  1604  1617 E memtrack: Couldn't load memtrack module
07-01 15:51:20.303  1604  1617 W android.os.Debug: failed to get memory consumption info: -1
07-01 15:51:20.340  1604  1617 E memtrack: Couldn't load memtrack module
07-01 15:51:20.340  1604  1617 W android.os.Debug: failed to get memory consumption info: -1
07-01 15:51:29.784  1604  3158 I WifiService: acquireWifiLock uid=10014 lockMode=2
07-01 15:51:29.792  1604  1617 E memtrack: Couldn't load memtrack module
07-01 15:51:29.792  1604  1617 W android.os.Debug: failed to get memory consumption info: -1
07-01 15:51:29.826  1970  1970 I GeofencerStateMachine: sendNewTransitions called.
07-01 15:51:29.840  1604  3574 I WifiService: releaseWifiLock uid=10014
07-01 15:51:29.860  1970  1970 I GeofencerStateMachine: sendNewTransitions called.
07-01 15:51:29.870  1970  1970 I GeofencerStateMachine: sendNewLocationAvailability: availability=LocationAvailability[isLocationAvailable: true]
07-01 15:51:29.887  1604  1617 E memtrack: Couldn't load memtrack module
07-01 15:51:29.887  1604  1617 W android.os.Debug: failed to get memory consumption info: -1
07-01 15:51:29.949  1970  1970 I GeofencerStateMachine: sendNewLocationAvailability: availability=LocationAvailability[isLocationAvailable: true]
07-01 15:51:30.625  1604  1613 I zygote  : Background concurrent copying GC freed 35838(2MB) AllocSpace objects, 0(0B) LOS objects, 13% free, 37MB/43MB, paused 824us total 271.134ms
07-01 15:51:30.625  1604  1611 W JavaBinder: BinderProxy is being destroyed but the application did not call unlinkToDeath to unlink all of its death recipients beforehand.  Releasing leaked death recipient: com.android.server.telecom.ServiceBinder$ServiceDeathRecipient
07-01 15:51:30.632  1604  1611 V MediaPlayer: resetDrmState:  mDrmInfo=null mDrmProvisioningThread=null mPrepareDrmInProgress=false mActiveDrmScheme=false
07-01 15:51:30.632  1604  1611 V MediaPlayer: cleanDrmObj: mDrmObj=null mDrmSessionId=null
07-01 15:51:30.633  1485  1556 D NuPlayerDriver: reset(0xae514070) at state 4
07-01 15:51:30.633  1485  1556 D NuPlayerDriver: notifyListener_l(0xae514070), (8, 0, 0, -1), loop setting(1, 0)
07-01 15:51:30.638  1485 22123 D NuPlayerDriver: notifyResetComplete(0xae514070)
