--------- beginning of main
06-29 14:20:18.557  3919  3919 I net.osmand: RoutingHelper Recalculate route, because correlation  : 1720622.075491033
06-29 14:20:18.737  3919  3919 I net.osmand: RoutingHelper Recalculate route, because correlation  : 1720622.075491033
06-29 14:20:18.737  3919  3919 I net.osmand: RoutingHelper Recalculate route, because wrong movement direction: 1720682.8
06-29 14:20:18.923  3919  3919 I net.osmand: RoutingHelper Recalculate route, because correlation  : 1720622.075491033
06-29 14:20:19.450  3919  3919 I net.osmand: RoutingHelper Recalculate route, because correlation  : 1720622.075491033
06-29 14:20:19.450  3919  3919 I net.osmand: RoutingHelper Recalculate route, because wrong movement direction: 1720682.8
06-29 14:20:19.472  3919  3919 I net.osmand: RoutingHelper Recalculate route, because correlation  : 1720622.075491033
06-29 14:20:20.557  3919  3919 I chatty  : uid=10104(net.osmand) identical 1 line
06-29 14:20:20.607  3919  3919 I net.osmand: RoutingHelper Recalculate route, because correlation  : 1720622.075491033
06-29 14:20:20.607  3919  3919 I net.osmand: RoutingHelper Recalculate route, because wrong movement direction: 1720682.8
06-29 14:20:20.613  3919  3919 I net.osmand: RoutingHelper Recalculate route, because correlation  : 1720622.075491033
06-29 14:20:20.613  3919  3919 I net.osmand: RoutingHelper Recalculate route, because wrong movement direction: 1720682.8
06-29 14:20:20.618  3919  3919 I net.osmand: RoutingHelper Recalculate route, because correlation  : 1720622.075491033
06-29 14:20:21.464  3919  3919 I net.osmand: RoutingHelper Recalculate route, because correlation  : 1720622.075491033
06-29 14:20:21.464  3919  3919 I net.osmand: RoutingHelper Recalculate route, because wrong movement direction: 1720682.8
06-29 14:20:21.543  3919  3919 I net.osmand: RoutingHelper Recalculate route, because correlation  : 1720622.075491033
06-29 14:20:21.969  3919  3919 I chatty  : uid=10104(net.osmand) identical 1 line
06-29 14:20:21.981  3919  3919 I net.osmand: RoutingHelper Recalculate route, because correlation  : 1720622.075491033
06-29 14:20:21.981  3919  3919 I net.osmand: RoutingHelper Recalculate route, because wrong movement direction: 1720682.8
06-29 14:20:22.054  1587  1610 E memtrack: Couldn't load memtrack module
06-29 14:20:22.054  1587  1610 W android.os.Debug: failed to get memory consumption info: -1
06-29 14:20:22.295  1587  1610 E memtrack: Couldn't load memtrack module
06-29 14:20:22.295  1587  1610 W android.os.Debug: failed to get memory consumption info: -1
06-29 14:20:22.360  1587  1610 E memtrack: Couldn't load memtrack module
06-29 14:20:22.360  1587  1610 W android.os.Debug: failed to get memory consumption info: -1
06-29 14:20:22.472  3919  3919 I net.osmand: RoutingHelper Recalculate route, because correlation  : 1720622.075491033
06-29 14:20:22.472  3919  3919 I net.osmand: RoutingHelper Recalculate route, because wrong movement direction: 1720682.8
--------- beginning of system
06-29 14:20:22.746  1587  4874 I ActivityManager: START u0 {act=android.intent.action.MAIN cat=[android.intent.category.HOME] flg=0x10000000 cmp=com.google.android.apps.nexuslauncher/.NexusLauncherActivity} from uid 2000
06-29 14:20:22.753  3919  3919 I net.osmand: RoutingHelper Recalculate route, because correlation  : 1720622.075491033
06-29 14:20:22.837  1964  2340 W GLSUser : [AppCertManager] IOException while requesting key: 
06-29 14:20:22.849  1398  1434 D gralloc_ranchu: gralloc_alloc: Creating ashmem region of size 8298496
06-29 14:20:22.892  1398  1398 D gralloc_ranchu: gralloc_alloc: Creating ashmem region of size 8298496
06-29 14:20:22.950  1587  1612 W Looper  : Dispatch took 126ms on android.ui, h=Handler (com.android.server.am.ActivityManagerService$UiHandler) {85d0688} cb=null msg=31
06-29 14:20:22.974  1398  1398 D gralloc_ranchu: gralloc_alloc: Creating ashmem region of size 8298496
06-29 14:20:23.063  2796  2865 D EGL_emulation: eglMakeCurrent: 0xa8705a80: ver 2 0 (tinfo 0xa8703490)
06-29 14:20:23.272  1409  1409 D SurfaceFlinger: duplicate layer name: changing com.google.android.apps.nexuslauncher/com.google.android.apps.nexuslauncher.NexusLauncherActivity to com.google.android.apps.nexuslauncher/com.google.android.apps.nexuslauncher.NexusLauncherActivity#1
06-29 14:20:23.289  1587  1611 W ActivityManager: Activity pause timeout for ActivityRecord{c1c182f u0 net.osmand/.plus.activities.MapActivity t39}
06-29 14:20:23.314  1398  1398 D gralloc_ranchu: gralloc_alloc: Creating ashmem region of size 8298496
06-29 14:20:23.352  4929  4965 E PlayCommon: [303] ServerTimestampFetcher.queryServerTimestamp: Failed to connect to server for server timestamp: java.net.UnknownHostException: Unable to resolve host "play.googleapis.com": No address associated with hostname
06-29 14:20:23.374  1398  1434 D gralloc_ranchu: gralloc_alloc: Creating ashmem region of size 8298496
06-29 14:20:23.424  1398  1398 D gralloc_ranchu: gralloc_alloc: Creating ashmem region of size 8298496
06-29 14:20:23.524  2796  2846 W SessionLifecycleManager: Handover failed. Creating new session controller.
06-29 14:20:23.723  1964  3709 E SynchronizedLE: asynchronous call timed out or was interrupted
06-29 14:20:23.810  1587  1871 D skia    : --- SkAndroidCodec::NewFromStream returned null
06-29 14:20:23.810  1587  1871 W WindowManager: Failed to load bitmap: /data/system_ce/0/snapshots/36_reduced.jpg
06-29 14:20:23.845  2437  2503 D EGL_emulation: eglMakeCurrent: 0x95e7fdc0: ver 2 0 (tinfo 0x95cedb60)
06-29 14:20:23.996  1398  1398 D gralloc_ranchu: gralloc_alloc: Creating ashmem region of size 8298496
06-29 14:20:24.071  1409  1409 E EGL_emulation: tid 1409: eglCreateSyncKHR(1962): error 0x3004 (EGL_BAD_ATTRIBUTE)
06-29 14:20:24.084  1698  1926 D EGL_emulation: eglMakeCurrent: 0x9501c8c0: ver 2 0 (tinfo 0x9501f6f0)
06-29 14:20:24.115  2796  2846 W ThreadPoolDumper: Queue length for executor EventBus is now 11. Perhaps some tasks are too long, or the pool is too small.
06-29 14:20:24.228  1698  1859 D         : HostConnection::get() New Host Connection established 0x91449240, tid 1859
06-29 14:20:24.235  1698  2424 D         : HostConnection::get() New Host Connection established 0x914e1b80, tid 2424
06-29 14:20:24.310  2437  2503 W OpenGLRenderer: Incorrectly called buildLayer on View: ShortcutAndWidgetContainer, destroying layer...
06-29 14:20:24.311  2437  2503 W OpenGLRenderer: Incorrectly called buildLayer on View: ShortcutAndWidgetContainer, destroying layer...
06-29 14:20:24.415  1964  1964 W SystemServiceRegistry: No service published for: persistent_data_block
06-29 14:20:24.428  1587  1723 I GnssLocationProvider: WakeLock acquired by sendMessage(SET_REQUEST, 0, com.android.server.location.GnssLocationProvider$GpsRequest@5596898)
06-29 14:20:24.441  3919  3919 D net.osmand: Disable sensor
06-29 14:20:24.450  1964  1964 W ChimeraUtils: Non Chimera context
06-29 14:20:24.469  1964  1964 W ChimeraUtils: Non Chimera context
06-29 14:20:24.728  3919  3919 I net.osmand: MapRenderRepositories RENDER MAP: Interrupt rendering map
06-29 14:20:24.849  4929  4965 E PlayCommon: [303] PlayEventLogger.uploadLog: Failed to connect to server: java.net.UnknownHostException: Unable to resolve host "play.googleapis.com": No address associated with hostname
06-29 14:20:25.012  3919  4000 D EGL_emulation: eglMakeCurrent: 0xa8705480: ver 2 0 (tinfo 0xa8703280)
06-29 14:20:25.075  2437  2448 I zygote  : NativeAlloc concurrent copying GC freed 6834(412KB) AllocSpace objects, 0(0B) LOS objects, 50% free, 4MB/8MB, paused 17.849ms total 1.186s
06-29 14:20:25.153  1587  1723 I WifiService: getWifiEnabledState uid=10032
06-29 14:20:25.217  3919  3919 I net.osmand: RoutingHelper Recalculate route, because correlation  : 1720622.075491033
06-29 14:20:25.217  3919  3919 I net.osmand: RoutingHelper Recalculate route, because wrong movement direction: 1720682.8
06-29 14:20:25.279  3919  3919 I net.osmand: RoutingHelper Recalculate route, because correlation  : 1720622.075491033
06-29 14:20:25.279  3919  3919 I net.osmand: RoutingHelper Recalculate route, because wrong movement direction: 1720682.8
06-29 14:20:25.279  3919  3919 D net.osmand: Enable sensor
06-29 14:20:25.354  5254  5291 E chromium: [ERROR:ssl_client_socket_impl.cc(946)] handshake failed; returned -1, SSL error code 1, net_error -100
06-29 14:20:25.372  3919  3919 I net.osmand: RoutingHelper Recalculate route, because correlation  : 1720622.075491033
06-29 14:20:25.372  3919  3919 I net.osmand: RoutingHelper Recalculate route, because wrong movement direction: 1720682.8
06-29 14:20:25.442  1698  1926 D EGL_emulation: eglMakeCurrent: 0x9501c8c0: ver 2 0 (tinfo 0x9501f6f0)
06-29 14:20:25.481  1698  1726 I zygote  : Waiting for a blocking GC ProfileSaver
06-29 14:20:25.587  3919  3919 I net.osmand: RoutingHelper Recalculate route, because correlation  : 1720622.075491033
06-29 14:20:25.630  1698  1711 I zygote  : NativeAlloc concurrent copying GC freed 37015(1703KB) AllocSpace objects, 0(0B) LOS objects, 46% free, 6MB/12MB, paused 81.241ms total 1.399s
06-29 14:20:25.631  1698  1726 I zygote  : WaitForGcToComplete blocked ProfileSaver on ProfileSaver for 150.046ms
06-29 14:20:25.634  1698  1708 D         : HostConnection::get() New Host Connection established 0xa8720380, tid 1708
06-29 14:20:25.719  3919  3919 I net.osmand: RoutingHelper Recalculate route, because correlation  : 1720622.075491033
06-29 14:20:25.719  3919  3919 I net.osmand: RoutingHelper Recalculate route, because wrong movement direction: 1720682.8
06-29 14:20:25.774  1587  4464 I WifiService: getWifiEnabledState uid=10032
06-29 14:20:25.834  3919  3919 I net.osmand: RoutingHelper Recalculate route, because correlation  : 1720622.075491033
06-29 14:20:25.834  3919  3919 I net.osmand: RoutingHelper Recalculate route, because wrong movement direction: 1720682.8
06-29 14:20:25.866  3919  3919 I net.osmand: RoutingHelper Recalculate route, because correlation  : 1720622.075491033
06-29 14:20:25.926  3919  5394 E FA      : Task exception on worker thread: java.lang.IllegalAccessError: Method 'void android.support.v4.content.ContextCompat.<init>()' is inaccessible to class 'com.google.firebase.iid.zzg' (declaration of 'com.google.firebase.iid.zzg' appears in /data/app/net.osmand-3e2027wrPNiMXbTSfYMHIA==/base.apk): com.google.android.gms.measurement.internal.zzt.zzEd(Unknown Source:3)
06-29 14:20:26.023  2796  5402 W LocationOracle: No location history returned by ContextManager
06-29 14:20:26.041  2796  2846 I MicroDetectionWorker: #startMicroDetector [speakerMode: 0]
06-29 14:20:26.094  2796  2846 W ErrorReporter: reportError [type: 211, code: 393244, bug: 0]: errorCode: 393244, engine: 0
06-29 14:20:26.100  2796  2846 I MicroDetector: Keeping mic open: false
06-29 14:20:26.100  2796  2846 I MicroDetectionWorker: #onError(false)
06-29 14:20:26.261  1587  1610 I GnssLocationProvider: WakeLock released by handleMessage(SET_REQUEST, 0, com.android.server.location.GnssLocationProvider$GpsRequest@5596898)
06-29 14:20:26.527  3919  3919 I net.osmand: RoutingHelper Recalculate route, because correlation  : 1720622.075491033
06-29 14:20:26.527  3919  3919 I net.osmand: RoutingHelper Recalculate route, because wrong movement direction: 1720682.8
06-29 14:20:26.642  3919  3919 I net.osmand: RoutingHelper Recalculate route, because correlation  : 1720622.075491033
06-29 14:20:26.660  2145  5242 W cdcv    : [{0}] Failed to resolve name. status={1}
06-29 14:20:26.703  1587  1596 I zygote  : NativeAlloc concurrent copying GC freed 65271(3MB) AllocSpace objects, 3(60KB) LOS objects, 32% free, 12MB/18MB, paused 27.648ms total 1.994s
06-29 14:20:26.760  1587  1594 D         : HostConnection::get() New Host Connection established 0x87aa0140, tid 1594
06-29 14:20:26.869  1964  1964 I GeofencerStateMachine: removeGeofences: removeRequest=RemoveGeofencingRequest[REMOVE_BY_PENDING_INTENT pendingIntent=PendingIntent[creatorPackage=com.google.android.gms], packageName=com.google.android.gms]
06-29 14:20:26.871  1964  1964 I chatty  : uid=10014 com.google.android.gms.persistent identical 1 line
06-29 14:20:26.873  1964  1964 I GeofencerStateMachine: removeGeofences: removeRequest=RemoveGeofencingRequest[REMOVE_BY_PENDING_INTENT pendingIntent=PendingIntent[creatorPackage=com.google.android.gms], packageName=com.google.android.gms]
06-29 14:20:27.034  3919  3919 I net.osmand: RoutingHelper Recalculate route, because correlation  : 1720622.075491033
06-29 14:20:27.107  3919  3919 I net.osmand: RoutingHelper Recalculate route, because correlation  : 1720622.075491033
06-29 14:20:27.108  3919  3919 I net.osmand: RoutingHelper Recalculate route, because wrong movement direction: 1720682.8
06-29 14:20:27.207  2437  2442 I zygote  : Do full code cache collection, code=123KB, data=84KB
06-29 14:20:27.208  2437  2442 I zygote  : After code cache collection, code=80KB, data=46KB
06-29 14:20:27.226  1964  5276 W ctxmgr  : [AclManager] No 3 for (accnt=account#1066226748#, com.google.android.gms(10014):UserVelocityProducer, vrsn=17785022, 0, 3pPkg = null ,  3pMdlId = null ,  pid = 1964). Was: 2 for 1, account#1066226748# [CONTEXT service_id=47 ]
06-29 14:20:27.324  1587  4464 I ActivityManager: Force stopping com.skgames.trafficrider appid=10081 user=0: from pid 5410
06-29 14:20:27.380  1836  1836 D CarrierSvcBindHelper: No carrier app for: 0
06-29 14:20:27.488  3919  3919 I net.osmand: RoutingHelper Recalculate route, because correlation  : 1720622.075491033
06-29 14:20:27.488  3919  3919 I net.osmand: RoutingHelper Recalculate route, because wrong movement direction: 1720682.8
06-29 14:20:27.610  2145  5242 W cdcv    : [{0}] Failed to resolve name. status={1}
06-29 14:20:27.614  3919  3919 I net.osmand: RoutingHelper Recalculate route, because correlation  : 1720622.075491033
06-29 14:20:27.892  1587  1596 I zygote  : NativeAlloc concurrent copying GC freed 6097(468KB) AllocSpace objects, 1(20KB) LOS objects, 32% free, 12MB/18MB, paused 6.785ms total 565.560ms
06-29 14:20:27.964  1964  1964 I GeofencerStateMachine: removeGeofences: removeRequest=RemoveGeofencingRequest[REMOVE_BY_PENDING_INTENT pendingIntent=PendingIntent[creatorPackage=com.google.android.gms], packageName=com.google.android.gms]
06-29 14:20:27.996  1964  1964 I GeofencerStateMachine: removeGeofences: removeRequest=RemoveGeofencingRequest[REMOVE_BY_PENDING_INTENT pendingIntent=PendingIntent[creatorPackage=com.google.android.gms], packageName=com.google.android.gms]
06-29 14:20:28.051  1964  5276 I zygote  : Deoptimizing int enj.a(int, trb) due to JIT inline cache
06-29 14:20:28.264  1587  4464 I ActivityManager: Force stopping com.EvilChaotic.ModernWarplanes appid=10082 user=0: from pid 5417
06-29 14:20:28.296  1964  5412 I PlaceInferenceEngine: [anon] Changed inference mode: 0
06-29 14:20:28.334  1836  1836 D CarrierSvcBindHelper: No carrier app for: 0
06-29 14:20:28.344  1964  5412 I PlaceInferenceEngine: [account#1066226748] Changed inference mode: 0
06-29 14:20:28.437  1964  5276 I ctxmgr  : [ProducerStatusImpl] updateStateForNewContextData: inactive, contextName=7 [CONTEXT service_id=47 ]
06-29 14:20:28.461  3919  3919 I net.osmand: RoutingHelper Recalculate route, because correlation  : 1720622.075491033
06-29 14:20:28.466  3919  3919 I net.osmand: RoutingHelper Recalculate route, because correlation  : 1720622.075491033
06-29 14:20:28.466  3919  3919 I net.osmand: RoutingHelper Recalculate route, because wrong movement direction: 1720682.8
06-29 14:20:28.507  1964  5412 I Places  : Converted 1 out of 1 WiFi scans
06-29 14:20:28.508  1587  4464 I WifiService: getConnectionInfo uid=10014
06-29 14:20:28.616  2145  2170 I zygote  : Waiting for a blocking GC ProfileSaver
06-29 14:20:29.004  2145  2157 I zygote  : Background concurrent copying GC freed 65008(3MB) AllocSpace objects, 20(1072KB) LOS objects, 42% free, 8MB/14MB, paused 30.185ms total 472.793ms
06-29 14:20:29.005  2145  2170 I zygote  : WaitForGcToComplete blocked ProfileSaver on ProfileSaver for 388.111ms
06-29 14:20:29.192  3919  3919 I net.osmand: RoutingHelper Recalculate route, because correlation  : 1720622.075491033
06-29 14:20:29.228  3919  3919 I net.osmand: RoutingHelper Recalculate route, because correlation  : 1720622.075491033
06-29 14:20:29.228  3919  3919 I net.osmand: RoutingHelper Recalculate route, because wrong movement direction: 1720682.8
06-29 14:20:29.468  3919  3919 I net.osmand: RoutingHelper Recalculate route, because correlation  : 1720622.075491033
06-29 14:20:29.468  3919  3919 I net.osmand: RoutingHelper Recalculate route, because wrong movement direction: 1720682.8
06-29 14:20:29.489  1587  1871 I ActivityManager: Force stopping com.ea.games.r3_row appid=10083 user=0: from pid 5427
06-29 14:20:29.531  1836  1836 D CarrierSvcBindHelper: No carrier app for: 0
06-29 14:20:29.551  3919  3919 I net.osmand: RoutingHelper Recalculate route, because correlation  : 1720622.075491033
06-29 14:20:29.593  1964  5195 W cdcv    : [{0}] Failed to resolve name. status={1}
06-29 14:20:30.055  1964  5412 I Places  : ?: PlacesBleScanner start() with priority 2
06-29 14:20:30.077  1964  5412 I PlaceInferenceEngine: [anon] Changed inference mode: 1
06-29 14:20:30.078  1964  5412 I PlaceInferenceEngine: [account#1066226748] Changed inference mode: 1
06-29 14:20:30.094  1964  1964 E BeaconBle: Missing BluetoothAdapter
06-29 14:20:30.096  1964  5412 I Places  : Converted 1 out of 1 WiFi scans
06-29 14:20:30.097  1587  4874 I WifiService: getConnectionInfo uid=10014
06-29 14:20:30.108  1964  1964 I BeaconBle: BLE 'KK+' software access layer enabled
06-29 14:20:30.135  1964  5412 I PlaceInferenceEngine: [account#1066226748] Changed inference mode: 1
06-29 14:20:30.135  1964  5412 I PlaceInferenceEngine: [anon] Changed inference mode: 1
06-29 14:20:30.319  1587  1723 W ActivityManager: Invalid packageName: android.media.action.IMAGE_CAPTURE
06-29 14:20:30.381  1964  1964 I BeaconBle: Client requested scan, settings=BleSettings [scanMode=ZERO_POWER, callbackType=ALL_MATCHES, reportDelayMillis=0, 1 filters, 0 clients, callingClientName=Places]
06-29 14:20:30.382  1964  1964 I BeaconBle: Scan : No clients left, canceling alarm.
06-29 14:20:30.383  1964  1964 E BeaconBle: Scan couldn't start for Places
06-29 14:20:30.383  1964  1964 W Places  : BLE failure while scanning - code 5
06-29 14:20:30.514  3919  3919 I net.osmand: RoutingHelper Recalculate route, because correlation  : 1720622.075491033
06-29 14:20:30.514  3919  3919 I net.osmand: RoutingHelper Recalculate route, because wrong movement direction: 1720682.8
06-29 14:20:30.537  3919  3919 I net.osmand: RoutingHelper Recalculate route, because correlation  : 1720622.075491033
06-29 14:20:30.911  1964  1964 I zygote  : IncrementDisableThreadFlip blocked for 7.025ms
06-29 14:20:30.916  1964  1969 I zygote  : Do full code cache collection, code=1517KB, data=963KB
06-29 14:20:31.039  3919  3919 I net.osmand: RoutingHelper Recalculate route, because correlation  : 1720622.075491033
06-29 14:20:31.039  3919  3919 I net.osmand: RoutingHelper Recalculate route, because wrong movement direction: 1720682.8
06-29 14:20:31.066  3919  3919 I net.osmand: RoutingHelper Recalculate route, because correlation  : 1720622.075491033
06-29 14:20:31.080  1964  1969 I zygote  : After code cache collection, code=1352KB, data=791KB
06-29 14:20:31.121  2796  2846 I MicroDetectionWorker: #startMicroDetector [speakerMode: 0]
06-29 14:20:31.123  2796  2846 W ErrorReporter: reportError [type: 211, code: 393244, bug: 0]: errorCode: 393244, engine: 0
06-29 14:20:31.163  2796  2846 I MicroDetector: Keeping mic open: false
06-29 14:20:31.164  2796  2846 I MicroDetectionWorker: #onError(false)
06-29 14:20:31.166  2796  3503 I DeviceStateChecker: DeviceStateChecker cancelled
06-29 14:20:31.434  1964  5418 I PlaceInferenceEngine: No beacon scan available - ignoring candidates.
06-29 14:20:31.466  3919  3919 I net.osmand: RoutingHelper Recalculate route, because correlation  : 1720622.075491033
06-29 14:20:31.494  1399  1414 D hwcomposer: hw_composer sent 12 syncs in 63s
06-29 14:20:31.504  3919  3919 I net.osmand: RoutingHelper Recalculate route, because correlation  : 1720622.075491033
06-29 14:20:31.504  3919  3919 I net.osmand: RoutingHelper Recalculate route, because wrong movement direction: 1720682.8
06-29 14:20:32.121  1964  1974 I zygote  : Background concurrent copying GC freed 75292(3MB) AllocSpace objects, 28(1748KB) LOS objects, 38% free, 9MB/15MB, paused 2.229ms total 1.307s
06-29 14:20:32.497  3919  3919 I net.osmand: RoutingHelper Recalculate route, because correlation  : 1720622.075491033
06-29 14:20:32.497  3919  3919 I net.osmand: RoutingHelper Recalculate route, because wrong movement direction: 1720682.8
06-29 14:20:32.557  3919  3919 I net.osmand: RoutingHelper Recalculate route, because correlation  : 1720622.075491033
06-29 14:20:32.853  3919  3919 I net.osmand: RoutingHelper Recalculate route, because correlation  : 1720622.075491033
06-29 14:20:32.853  3919  3919 I net.osmand: RoutingHelper Recalculate route, because wrong movement direction: 1720682.8
06-29 14:20:32.888  3919  3919 I net.osmand: RoutingHelper Recalculate route, because correlation  : 1720622.075491033
06-29 14:20:32.941  1587  1610 E memtrack: Couldn't load memtrack module
06-29 14:20:32.941  1587  1610 W android.os.Debug: failed to get memory consumption info: -1
06-29 14:20:33.332  1964  5418 I PlaceInferenceEngine: No beacon scan available - ignoring candidates.
06-29 14:20:33.459  3919  3919 I net.osmand: RoutingHelper Recalculate route, because correlation  : 1720622.075491033
06-29 14:20:33.459  3919  3919 I net.osmand: RoutingHelper Recalculate route, because wrong movement direction: 1720682.8
06-29 14:20:33.613  3919  3919 I net.osmand: RoutingHelper Recalculate route, because correlation  : 1720622.075491033
06-29 14:20:33.723  1587  1587 I GnssLocationProvider: WakeLock acquired by sendMessage(SUBSCRIPTION_OR_SIM_CHANGED, 0, null)
06-29 14:20:33.778  1836  1836 D MccTable: updateMccMncConfiguration mccmnc='310260' fromServiceState=true
06-29 14:20:33.790  1836  1836 D MccTable: updateMccMncConfiguration defaultMccMnc=310260
06-29 14:20:33.793  1587  5369 W ActivityManager: Background start not allowed: service Intent { cmp=com.google.android.apps.messaging/.shared.datamodel.action.execution.ActionExecutorImpl$EmptyService } to com.google.android.apps.messaging/.shared.datamodel.action.execution.ActionExecutorImpl$EmptyService from pid=3150 uid=10068 pkg=com.google.android.apps.messaging
06-29 14:20:33.810  1836  1836 D MccTable: updateMccMncConfiguration: mcc=310, mnc=260
06-29 14:20:33.860  3150  3150 W BugleDataModel: ActionExecutorImpl: Action started execution, but we can't guarantee it will complete, the app may be killed. Action: class com.google.android.apps.messaging.shared.datamodel.action.CountryCodeDetectorAction-CountryCodeDetectorAction:79931023
06-29 14:20:33.860  3150  3150 W BugleDataModel: java.lang.IllegalStateException: Not allowed to start service Intent { cmp=com.google.android.apps.messaging/.shared.datamodel.action.execution.ActionExecutorImpl$EmptyService }: app is in background uid UidRecord{55bc423 u0a68 CEM  idle change:cached procs:2 seq(0,0,0)}
06-29 14:20:33.860  3150  3150 W BugleDataModel: 	at android.app.ContextImpl.startServiceCommon(ContextImpl.java:1521)
06-29 14:20:33.860  3150  3150 W BugleDataModel: 	at android.app.ContextImpl.startService(ContextImpl.java:1477)
06-29 14:20:33.860  3150  3150 W BugleDataModel: 	at android.content.ContextWrapper.startService(ContextWrapper.java:650)
06-29 14:20:33.860  3150  3150 W BugleDataModel: 	at com.google.android.apps.messaging.shared.datamodel.action.execution.ActionExecutorImpl.a(SourceFile:21)
06-29 14:20:33.860  3150  3150 W BugleDataModel: 	at com.google.android.apps.messaging.shared.datamodel.action.execution.ActionExecutorImpl.b(SourceFile:18)
06-29 14:20:33.860  3150  3150 W BugleDataModel: 	at efs.a(SourceFile:137)
06-29 14:20:33.860  3150  3150 W BugleDataModel: 	at efs.a(SourceFile:85)
06-29 14:20:33.860  3150  3150 W BugleDataModel: 	at eex.b(SourceFile:31)
06-29 14:20:33.860  3150  3150 W BugleDataModel: 	at eex.a(SourceFile:93)
06-29 14:20:33.860  3150  3150 W BugleDataModel: 	at com.google.android.apps.messaging.shared.datamodel.action.common.ThrottledAction.h(SourceFile:32)
06-29 14:20:33.860  3150  3150 W BugleDataModel: 	at dny.onSubscriptionsChanged(SourceFile:4)
06-29 14:20:33.860  3150  3150 W BugleDataModel: 	at android.telephony.SubscriptionManager$OnSubscriptionsChangedListener$1.handleMessage(SubscriptionManager.java:419)
06-29 14:20:33.860  3150  3150 W BugleDataModel: 	at android.os.Handler.dispatchMessage(Handler.java:106)
06-29 14:20:33.860  3150  3150 W BugleDataModel: 	at android.os.Looper.loop(Looper.java:164)
06-29 14:20:33.860  3150  3150 W BugleDataModel: 	at android.app.ActivityThread.main(ActivityThread.java:6494)
06-29 14:20:33.860  3150  3150 W BugleDataModel: 	at java.lang.reflect.Method.invoke(Native Method)
06-29 14:20:33.860  3150  3150 W BugleDataModel: 	at com.android.internal.os.RuntimeInit$MethodAndArgsCaller.run(RuntimeInit.java:438)
06-29 14:20:33.860  3150  3150 W BugleDataModel: 	at com.android.internal.os.ZygoteInit.main(ZygoteInit.java:807)
06-29 14:20:33.860  3150  3150 I BugleAction: ActionSchedulerImpl: class com.google.android.apps.messaging.shared.datamodel.action.CountryCodeDetectorAction-CountryCodeDetectorAction:79931023 deferred since it was started from unsafe context
06-29 14:20:33.875  1587  5369 D AlarmManagerService: Kernel timezone updated to 240 minutes west of GMT
06-29 14:20:33.880  1587  1587 D ConditionProviders.SCP: onReceive android.intent.action.TIMEZONE_CHANGED
06-29 14:20:33.881  1587  1587 D ConditionProviders.SCP: notifyCondition condition://android/schedule?days=6.7&start=23.30&end=10.0&exitAtAlarm=false STATE_FALSE reason=!meetsSchedule
06-29 14:20:33.881  1587  1587 D ConditionProviders.SCP: notifyCondition condition://android/schedule?days=1.2.3.4.5&start=22.0&end=7.0&exitAtAlarm=false STATE_FALSE reason=!meetsSchedule
06-29 14:20:33.905  1836  1836 D MccTable: timezone set to America/New_York
06-29 14:20:33.906  1836  1836 D MccTable: WIFI_COUNTRY_CODE set to us
06-29 14:20:33.907  1587  5369 I WifiService: WifiService trying to set country code to us with persist set to false
06-29 14:20:33.907  1587  5369 I WifiService: setCountryCode uid=1001
06-29 14:20:33.953  1587  1587 D ConditionProviders.SCP: Scheduling evaluate for Sat Jun 29 22:00:00 EDT 2019 (1561860000000), in +7h39m26s119ms, now=Sat Jun 29 14:20:33 EDT 2019 (1561832433881)
06-29 14:20:34.169  1587  1610 E GnssLocationProvider: no AGPS interface in set_agps_server
06-29 14:20:34.170  1587  1610 I GnssLocationProvider: WakeLock released by handleMessage(SUBSCRIPTION_OR_SIM_CHANGED, 0, null)
06-29 14:20:34.185  1587  1680 W ActivityManager: Slow operation: 150ms so far, now at startProcess: returned from zygote!
06-29 14:20:34.186  1587  1680 W ActivityManager: Slow operation: 151ms so far, now at startProcess: done updating battery stats
06-29 14:20:34.186  1587  1680 W ActivityManager: Slow operation: 152ms so far, now at startProcess: building log message
06-29 14:20:34.186  1587  1680 I ActivityManager: Start proc 5451:com.android.providers.calendar/u0a4 for content provider com.android.providers.calendar/.CalendarProvider2
06-29 14:20:34.187  1587  1680 W ActivityManager: Slow operation: 152ms so far, now at startProcess: starting to update pids map
06-29 14:20:34.187  1587  1680 W ActivityManager: Slow operation: 153ms so far, now at startProcess: done updating pids map
06-29 14:20:34.187  1587  1680 W ActivityManager: Slow operation: 154ms so far, now at startProcess: done starting proc!
06-29 14:20:34.187  1587  1680 W ActivityManager: Slow operation: 155ms so far, now at getContentProviderImpl: after start process
06-29 14:20:34.187  1587  1680 W ActivityManager: Slow operation: 155ms so far, now at getContentProviderImpl: updating data structures
06-29 14:20:34.188  1587  1680 W ActivityManager: Slow operation: 155ms so far, now at getContentProviderImpl: done!
06-29 14:20:34.198  1836  1836 D ServiceStateProvider: subId=1
06-29 14:20:34.213  3150  5450 W Bugle   : BuglePhoneNumberUtils: canonicalizeMccMnc: invalid mccmnc. mcc: null, mnc: null
06-29 14:20:34.219  1587  5369 W ActivityManager: Background start not allowed: service Intent { cmp=com.google.android.apps.messaging/.shared.datamodel.action.execution.ActionExecutorImpl$EmptyService } to com.google.android.apps.messaging/.shared.datamodel.action.execution.ActionExecutorImpl$EmptyService from pid=3150 uid=10068 pkg=com.google.android.apps.messaging
06-29 14:20:34.239  3150  5450 I Bugle   : Carrier configs loaded: Bundle[{carrier_volte_provisioned_bool=false, httpSocketTimeout=60000, carrier_wfc_supports_wifi_only_bool=false, carrier_default_actions_on_default_network_available_string_array=[Ljava.lang.String;@2abfdcc, operator_selection_expand_bool=true, disable_cdma_activation_code_bool=false, simplified_network_settings_bool=false, enable_apps_string_array=null, carrier_default_wfc_ims_roaming_enabled_bool=false, cdma_nonroaming_networks_string_array=null, aliasMinChars=2, wfc_data_spn_format_idx_int=0, hide_sim_lock_settings_bool=false, drop_video_call_when_answering_audio_call_bool=false, ci_action_on_sys_update_bool=false, convert_cdma_caller_id_mmi_codes_while_roaming_on_3gpp_bool=false, vvm_port_number_int=1808, carrier_default_wfc_ims_enabled_bool=false, dial_string_replace_string_array=null, gsm_nonroaming_networks_string_array=null, hide_ims_apn_bool=false, vvm_destination_number_string=122, dtmf_type_enabled_bool=false, allow_video_calling_fallback_bool=true, config_ims_package_override_string=null, smsToMmsTextThreshold=-1, disable_severe_when_extreme_disabled_bool=true, force_home_network_bool=false, enableSMSDeliveryReports=true, auto_retry_enabled_bool=false, carrier_force_disable_etws_cmas_test_bool=false, allow_emergency_video_calls_bool=false, csp_enabled_bool=false, default_sim_call_manager_string=, call_forwarding_blocks_while_roaming_string_array=null, emergency_notification_delay_int=-1, support_video_conference_call_bool=false, ims_dtmf_tone_delay_int=0, carrier_instant_lettering_escaped_chars_string=, carrier_default_wfc_ims_roaming_mode_int=2, editable_wfc_mode_bool=true, support_direct_fdn_dialing_bool=false, carrier_wifi_string_array=null, treat_downgraded_video_calls_as_video_calls_bool=false, wifi_calls_can_be_hd_audio=true, support_downgrade_vt_to_audio_bool=true, notify_handover_video_from_lte_to_wifi_bool=false, use_otasp_for_provisioning_bool=false, maxMessageTextSize=-1, duration_blocking_disabled_after_emergency_int=7200, carrier_metered_roaming_apn_types_strings=[Ljava.lang.String;@2576815, show_apn_setting_cdma_bool=false, carrier_instant_lettering_length_limit_int=64, carrier_instant_lettering_invalid_chars_string=, carrier_setup_app_string=, editable_wfc_roaming_mode_bool=false, supportMmsContentDisposition=true, allow_non_emergency_calls_in_ecm_bool=true, use_rcs_presence_bool=false, cdma_dtmf_tone_delay_int=100, editable_voicemail_number_bool=false, carrier_data_call_apn_retry_after_disconnect_long=10000, filtered_cnap_names_string_array=null, enabledTransID=false, aliasEnabled=false, vvm_disabled_capabilities_string_array=null, ims_conference_size_limit_int=5, supportHttpCharsetHeader=false, vvm_prefetch_bool=true, hide_enhanced_4g_lte_bool=false, display_hd_audio_property_bool=true, has_in_call_noise_suppression_bool=false, voicemail_notification_persistent_bool=false, carrier_default_actions_on_reset_string_array=[Ljava.lang.String;@62be72a, world_phone_bool=false, ims_reasoninfo_mapping_string_array=null, default_vm_number_string=, data_limit_threshold_bytes_long=-1, allowAttachAudio=true, ci_action_on_sys_update_extra_string=, ignore_sim_network_locked_events_bool=false, spamForwardingNumber=7726, notify_international_call_on_wfc_bool=false, call_forwarding_map_non_number_to_voicemail_bool=false, carrier_instant_lettering_available_bool=false, stk_disable_launch_browser_bool=false, carrier_use_ims_first_for_emergency_bool=true, carrier_vt_available_bool=true, smsToMmsTextLengthThreshold=-1, config_wifi_disable_in_ecbm=false, ci_action_on_sys_update_intent_string=, additional_call_setting_bool=true, carrier_app_no_wake_signal_config=null, sms_requires_destination_number_conversion_bool=false, carrier_default_actions_on_redirection_string_array=[Ljava.lang.String;@59c691b, support_swap_after_merge_bool=true, recipientLimit=2147483647, notify_vt_handover_to_wifi_failure_bool=false, gsm_dtmf_tone_delay_int=0, show_onscreen_dial_button_bool=true, uaProfTagName=x-wap-profile, sim_network_unlock_allow_dismiss_bool=true, cdma_3waycal
06-29 14:20:34.288  3150  3277 I Bugle   : CountryCodeDetector: updateMainDeviceCountry from default subscription network country. detected country: us
06-29 14:20:34.288  1836  1836 I TelecomFramework: PstnIncomingCallNotifier: Unregistering: Handler (com.android.internal.telephony.GsmCdmaPhone) {5923496}
06-29 14:20:34.346  5451  5451 W zygote  : Unexpected CPU variant for X86 using defaults: x86
06-29 14:20:34.427  1587  4464 I Telecom : PhoneAccountRegistrar: Modify account: [ComponentInfo{com.android.phone/com.android.services.telephony.TelephonyConnectionService}, [****], UserHandle{0}(lbl: Android -> )(desc: Android -> )]: TSI.rPA@AIo
06-29 14:20:34.447  1836  1836 I TelecomFramework: AccountEntry: Registered phoneAccount: [[ ] PhoneAccount: ComponentInfo{com.android.phone/com.android.services.telephony.TelephonyConnectionService}, [****], UserHandle{0} Capabilities: CallProvider MultiUser PlaceEmerg SimSub  Audio Routes: BESW Schemes: tel voicemail  Extras: Bundle[{android.telecom.extra.SUPPORTS_VIDEO_CALLING_FALLBACK=true}] GroupId: [****]] with handle: ComponentInfo{com.android.phone/com.android.services.telephony.TelephonyConnectionService}, [****], UserHandle{0}
06-29 14:20:34.450  1836  1836 I TelecomFramework: PstnIncomingCallNotifier: Registering: Handler (com.android.internal.telephony.GsmCdmaPhone) {5923496}
06-29 14:20:34.469  3919  3919 I net.osmand: TTSCommandPlayerImpl Send message to pebble retornou ao percurso 
06-29 14:20:34.469  3919  3919 D net.osmand: AbstractPrologCommandPlayer requestAudioFocus
06-29 14:20:34.489  3919  3919 W AudioManager: Use of stream types is deprecated for operations other than volume control
06-29 14:20:34.489  3919  3919 W AudioManager: See the documentation of requestAudioFocus() for what to use instead with android.media.AudioAttributes to qualify your playback use case
06-29 14:20:34.492  1587  4464 I MediaFocusControl: requestAudioFocus() from uid/pid 10104/3919 clientId=android.media.AudioManager@d72e785net.osmand.plus.api.AudioFocusHelperImpl@a1c7afd callingPack=net.osmand req=3 flags=0x0 sdk=26
06-29 14:20:34.553  3919  3919 D net.osmand: TTSCommandPlayerImpl ttsRequests=1
06-29 14:20:34.566  1836  1836 I TelecomFramework: PstnPhoneCapabilitiesNotifier: handleVideoCapabilitesChanged. Video capability - false
06-29 14:20:34.588  4242  4351 I TTS.GoogleTTSServiceImp: Synthesis request for locale por-BRA and name pt-BR-language
06-29 14:20:34.602  1587  1723 I Telecom : PhoneAccountRegistrar: Modify account: [ComponentInfo{com.android.phone/com.android.services.telephony.TelephonyConnectionService}, [****], UserHandle{0}]: TSI.rPA@AI0
06-29 14:20:34.625  4242  4351 I TTS.GoogleTTSServiceImp: TTS dispatch: pt-br-x-afs-lstm-embedded
06-29 14:20:34.691  5451  5451 I zygote  : The ClassLoaderContext is a special shared library.
06-29 14:20:34.783  5451  5451 I zygote  : The ClassLoaderContext is a special shared library.
06-29 14:20:34.882  3919  5133 W net.osmand:native: [Native] Result visited (visited roads 330074, visited segments 968106 / 50294 , queue sizes 3874 / 23 ) 
06-29 14:20:34.882  3919  5133 W net.osmand:native: [Native] Result timing (time to load 0, time to calc 281404, loaded tiles 2244) 
06-29 14:20:34.883  3919  5133 W net.osmand:native: [Native] Memory occupied (Routing context 52107 Kb, search 15942 Kb)
06-29 14:20:34.962  5451  5451 I zygote  : The ClassLoaderContext is a special shared library.
06-29 14:20:35.092  1964  5416 W ctxmgr  : [WorkManager] Long workInfo: pkg=com.google.android.gms, lbl=PlacesProducer_broadcast, start=2019-06-29 18:20:33.679+0000, stop=2019-06-29 18:20:34.957+0000, durtn=1278ms [CONTEXT service_id=47 ]
06-29 14:20:35.096  1587  4874 W ActivityManager: Slow operation: 119ms so far, now at startProcess: returned from zygote!
06-29 14:20:35.096  1587  4874 W ActivityManager: Slow operation: 120ms so far, now at startProcess: done updating battery stats
06-29 14:20:35.096  1587  4874 W ActivityManager: Slow operation: 120ms so far, now at startProcess: building log message
06-29 14:20:35.096  1587  4874 I ActivityManager: Start proc 5468:com.google.android.calendar/u0a45 for broadcast com.google.android.calendar/com.android.calendar.widget.CalendarAppWidgetProvider
06-29 14:20:35.097  1587  4874 W ActivityManager: Slow operation: 120ms so far, now at startProcess: starting to update pids map
06-29 14:20:35.097  1587  4874 W ActivityManager: Slow operation: 120ms so far, now at startProcess: done updating pids map
06-29 14:20:35.111  1587  4874 W ActivityManager: Slow operation: 171ms so far, now at startProcess: done starting proc!
06-29 14:20:35.150  4242  4353 D AudioTrack: Client defaulted notificationFrames to 1365 for frameCount 4096
06-29 14:20:35.159  1587  5369 V MediaRouterService: restoreBluetoothA2dp(false)
06-29 14:20:35.167  1390  3747 W audio_hw_generic: Not supplying enough data to HAL, expected position 2321310 , only wrote 2321280
06-29 14:20:35.191  5468  5468 W zygote  : Unexpected CPU variant for X86 using defaults: x86
06-29 14:20:35.361  5451  5451 I CalendarProvider2: Created com.android.providers.calendar.CalendarAlarmManager@1af89bd(com.android.providers.calendar.CalendarProvider2@8e36bb2)
06-29 14:20:36.190  2796  2846 I MicroDetectionWorker: #startMicroDetector [speakerMode: 0]
06-29 14:20:36.196  2796  2846 W ErrorReporter: reportError [type: 211, code: 393244, bug: 0]: errorCode: 393244, engine: 0
06-29 14:20:36.214  2796  2846 I MicroDetector: Keeping mic open: false
06-29 14:20:36.214  2796  2846 I MicroDetectionWorker: #onError(false)
06-29 14:20:36.220  2796  2893 W DeviceStateChecker: stopped because hotword detection is stopped but cancel is not called.
06-29 14:20:36.805  1472  1581 D AudioFlinger: mixer(0xa5583800) throttle end: throttle time(12)
06-29 14:20:37.113  4242  4353 D AudioTrack: stop() called with 40810 frames delivered
06-29 14:20:37.121  3919  3931 D net.osmand: AbstractPrologCommandPlayer abandonAudioFocus
06-29 14:20:37.127  1587  4874 I MediaFocusControl: abandonAudioFocus() from uid/pid 10104/3919 clientId=android.media.AudioManager@d72e785net.osmand.plus.api.AudioFocusHelperImpl@a1c7afd
06-29 14:20:37.130  3919  3931 D net.osmand: TTSCommandPlayerImpl ttsRequests=0
06-29 14:20:37.158  5468  5468 W Primes  : Primes not initialized, returning default (no-op) Primes instance which will ignore all calls. Please call Primes.initialize(...) before using any Primes API.
06-29 14:20:37.114  1587  5369 V MediaRouterService: restoreBluetoothA2dp(false)
06-29 14:20:37.743  1587  4874 I ActivityManager: Start proc 5518:com.google.android.deskclock/u0a69 for broadcast com.google.android.deskclock/com.android.deskclock.AlarmInitReceiver
06-29 14:20:37.818  5518  5518 W zygote  : Unexpected CPU variant for X86 using defaults: x86
06-29 14:20:38.119  1964  4200 I zygote  : Deoptimizing boolean blrx.hasNext() due to JIT inline cache
06-29 14:20:38.442  5518  5518 W PrimesInit: Primes instant initialization
06-29 14:20:38.465  5518  5538 W Primes  : background initialization
06-29 14:20:38.476  5518  5518 I GAv4    : Google Analytics 11.0.11 is starting up. To enable debug logging on a device run:
06-29 14:20:38.476  5518  5518 I GAv4    :   adb shell setprop log.tag.GAv4 DEBUG
06-29 14:20:38.476  5518  5518 I GAv4    :   adb logcat -s GAv4
06-29 14:20:38.654  5518  5538 I PrimesTesting: GserviceFlagsSupplier.get()
06-29 14:20:38.776  5518  5542 W GAv4    : AnalyticsReceiver is not registered or is disabled. Register the receiver for reliable dispatching on non-Google Play devices. See http://goo.gl/8Rd3yj for instructions.
06-29 14:20:38.882  5474  5474 D AndroidRuntime: >>>>>> START com.android.internal.os.RuntimeInit uid 2000 <<<<<<
06-29 14:20:38.926  5518  5542 W GAv4    : CampaignTrackingReceiver is not registered, not exported or is disabled. Installation campaign tracking is not possible. See http://goo.gl/8Rd3yj for instructions.
06-29 14:20:38.932  2145  4065 I FontsContentProvider: Received query Google Sans:500, URI content://com.google.android.gms.fonts
06-29 14:20:38.970  5474  5474 W app_process: Could not reserve sentinel fault page
06-29 14:20:38.985  2145  4065 I FontsContentProvider: Query [Google Sans:500] resolved to {Google Sans, wdth 100.0, wght 500, ital 0.0, bestEffort false}
06-29 14:20:38.986  5518  5542 W GAv4    : AnalyticsService not registered in the app manifest. Hits might not be delivered reliably. See http://goo.gl/8Rd3yj for instructions.
06-29 14:20:39.016  1587  1596 I zygote  : Background concurrent copying GC freed 25547(1665KB) AllocSpace objects, 33(1544KB) LOS objects, 32% free, 12MB/18MB, paused 2.101ms total 522.175ms
06-29 14:20:39.119  2145  4065 I FontsContentProvider: Fetch {Google Sans, wdth 100.0, wght 500, ital 0.0, bestEffort false} end status Status{statusCode=SUCCESS, resolution=null}
06-29 14:20:39.174  2145  4065 I FontsContentProvider: Pulling font file for id = 7, cache size = 7
06-29 14:20:39.391  5518  5518 W FontsContract: Remote font fetch timed out: com.google.android.gms.fonts/Google Sans:500
06-29 14:20:39.602  2145  4065 I FontsContentProvider: Received query Google Sans, URI content://com.google.android.gms.fonts
06-29 14:20:39.602  2145  4065 I FontsContentProvider: Query [Google Sans] resolved to {Google Sans, wdth 100.0, wght 400, ital 0.0, bestEffort false}
06-29 14:20:39.726  2145  4065 I FontsContentProvider: Fetch {Google Sans, wdth 100.0, wght 400, ital 0.0, bestEffort false} end status Status{statusCode=SUCCESS, resolution=null}
06-29 14:20:39.754  2145  4065 I FontsContentProvider: Pulling font file for id = 8, cache size = 8
06-29 14:20:39.900  5518  5518 W FontsContract: Remote font fetch timed out: com.google.android.gms.fonts/Google Sans
06-29 14:20:39.901  5518  5518 I AlarmClock: AlarmInitReceiver android.intent.action.TIMEZONE_CHANGED
06-29 14:20:39.923  5474  5474 W app_process: Unexpected CPU variant for X86 using defaults: x86
06-29 14:20:39.955  5474  5474 I app_process: The ClassLoaderContext is a special shared library.
06-29 14:20:40.038  5518  5548 I AlarmClock: Connected Dock: null
06-29 14:20:40.055  5518  5548 I AlarmClock: Removing AlarmClockInfo
06-29 14:20:40.066  5518  5518 I AlarmClock: DigitalAppWidgetProvider processing Intent { act=android.intent.action.TIMEZONE_CHANGED flg=0x21200010 cmp=com.google.android.deskclock/com.android.alarmclock.DigitalAppWidgetProvider (has extras) }
06-29 14:20:40.104  1587  5369 I ActivityManager: Killing 4547:com.google.android.apps.messaging:rcs/u0a68 (adj 906): empty #17
06-29 14:20:40.112  1587  1613 W zygote  : kill(-4547, 9) failed: No such process
06-29 14:20:40.149  1390  1390 W audio_hw_generic: Not supplying enough data to HAL, expected position 2798103 , only wrote 2560320
06-29 14:20:40.161  1587  1613 W zygote  : kill(-4547, 9) failed: No such process
06-29 14:20:40.179  1587  5369 W ActivityManager: Slow operation: 55ms so far, now at startProcess: returned from zygote!
06-29 14:20:40.179  1587  5369 W ActivityManager: Slow operation: 56ms so far, now at startProcess: done updating battery stats
06-29 14:20:40.179  1587  5369 W ActivityManager: Slow operation: 56ms so far, now at startProcess: building log message
06-29 14:20:40.179  1587  5369 I ActivityManager: Start proc 5556:com.ustwo.lwp/u0a76 for broadcast com.ustwo.lwp/.TimezoneChangedReceiver
06-29 14:20:40.180  1587  5369 W ActivityManager: Slow operation: 56ms so far, now at startProcess: starting to update pids map
06-29 14:20:40.180  1587  5369 W ActivityManager: Slow operation: 57ms so far, now at startProcess: done updating pids map
06-29 14:20:40.180  1587  5369 W ActivityManager: Slow operation: 59ms so far, now at startProcess: done starting proc!
06-29 14:20:40.205  5556  5556 W zygote  : Unexpected CPU variant for X86 using defaults: x86
06-29 14:20:40.208  1587  1613 W zygote  : kill(-4547, 9) failed: No such process
06-29 14:20:40.326  1587  1613 I chatty  : uid=1000(system) ActivityManager identical 2 lines
06-29 14:20:40.368  1587  1613 W zygote  : kill(-4547, 9) failed: No such process
06-29 14:20:40.392  5556  5556 I zygote  : The ClassLoaderContext is a special shared library.
06-29 14:20:40.414  1587  1613 W zygote  : kill(-4547, 9) failed: No such process
06-29 14:20:40.446  5474  5474 D AndroidRuntime: Calling main entry com.android.commands.monkey.Monkey
06-29 14:20:40.448  5474  5474 W Monkey  : args: [-p, net.osmand, -c, android.intent.category.LAUNCHER, 1]
06-29 14:20:40.449  5474  5474 W Monkey  :  arg: "-p"
06-29 14:20:40.450  5474  5474 W Monkey  :  arg: "net.osmand"
06-29 14:20:40.450  5474  5474 W Monkey  :  arg: "-c"
06-29 14:20:40.451  5474  5474 W Monkey  :  arg: "android.intent.category.LAUNCHER"
06-29 14:20:40.451  5474  5474 W Monkey  :  arg: "1"
06-29 14:20:40.451  5474  5474 W Monkey  : data="net.osmand"
06-29 14:20:40.452  5474  5474 W Monkey  : data="android.intent.category.LAUNCHER"
06-29 14:20:40.457  1587  1613 W zygote  : kill(-4547, 9) failed: No such process
06-29 14:20:40.477  5468  5482 I zygote  : CollectorTransition concurrent copying GC freed 4763(508KB) AllocSpace objects, 0(0B) LOS objects, 49% free, 1562KB/3MB, paused 1.403ms total 159.063ms
06-29 14:20:40.496  1587  1613 W zygote  : kill(-4547, 9) failed: No such process
06-29 14:20:40.497  1587  1613 I zygote  : Successfully killed process cgroup uid 10068 pid 4547 in 384ms
06-29 14:20:40.624  5556  5556 D zz      : App.onCreate() 
06-29 14:20:40.624  5556  5556 D zz      : ----------------------------------------------------------------------------------
06-29 14:20:40.671  5556  5556 D zz      : FlavorTypeOverride.afterCreate() flavor: typeall
06-29 14:20:40.747  1587  1600 W ActivityManager: Slow operation: 73ms so far, now at startProcess: returned from zygote!
06-29 14:20:40.747  1587  1600 W ActivityManager: Slow operation: 73ms so far, now at startProcess: done updating battery stats
06-29 14:20:40.747  1587  1600 W ActivityManager: Slow operation: 73ms so far, now at startProcess: building log message
06-29 14:20:40.747  1587  1600 I ActivityManager: Start proc 5576:com.google.android.play.games/u0a84 for broadcast com.google.android.play.games/com.google.android.libraries.notifications.entrypoints.timezonechanged.TimezoneChangedReceiver
06-29 14:20:40.747  1587  1600 W ActivityManager: Slow operation: 73ms so far, now at startProcess: starting to update pids map
06-29 14:20:40.748  1587  1600 W ActivityManager: Slow operation: 73ms so far, now at startProcess: done updating pids map
06-29 14:20:40.748  1587  1600 W ActivityManager: Slow operation: 73ms so far, now at startProcess: done starting proc!
06-29 14:20:40.783  5576  5576 W zygote  : Unexpected CPU variant for X86 using defaults: x86
06-29 14:20:40.901  1587  2057 I ActivityManager: Killing 4577:com.google.android.gm/u0a70 (adj 906): empty #17
06-29 14:20:40.903  1587  1613 W zygote  : kill(-4577, 9) failed: No such process
06-29 14:20:40.946  1587  1613 I chatty  : uid=1000(system) ActivityManager identical 1 line
06-29 14:20:40.986  1587  1613 W zygote  : kill(-4577, 9) failed: No such process
06-29 14:20:40.986  1587  1613 I zygote  : Successfully killed process cgroup uid 10070 pid 4577 in 83ms
06-29 14:20:41.057  1587  1611 W BroadcastQueue: Skipping deliver [background] BroadcastRecord{ff45148 u-1 android.net.conn.CONNECTIVITY_CHANGE} to ReceiverList{17abbe1 5474 (unknown name)/2000/u-1 remote:ff9673a}: process gone or crashing
06-29 14:20:41.278  2796  2846 I MicroDetectionWorker: #startMicroDetector [speakerMode: 0]
06-29 14:20:41.281  2796  2846 W ErrorReporter: reportError [type: 211, code: 393244, bug: 0]: errorCode: 393244, engine: 0
06-29 14:20:41.292  2796  2846 I MicroDetector: Keeping mic open: false
06-29 14:20:41.296  2796  2893 I DeviceStateChecker: DeviceStateChecker cancelled
06-29 14:20:41.297  2796  2846 I MicroDetectionWorker: #onError(false)
06-29 14:20:41.307  1587  4011 I ActivityManager: START u0 {act=android.intent.action.MAIN cat=[android.intent.category.LAUNCHER] flg=0x10200000 cmp=net.osmand/.plus.activities.MapActivity} from uid 2000
06-29 14:20:41.332  1587  4011 W Binder  : Outgoing transactions from this process must be FLAG_ONEWAY
06-29 14:20:41.332  1587  4011 W Binder  : java.lang.Throwable
06-29 14:20:41.332  1587  4011 W Binder  : 	at android.os.BinderProxy.transact(Binder.java:752)
06-29 14:20:41.332  1587  4011 W Binder  : 	at android.app.IActivityController$Stub$Proxy.activityStarting(IActivityController.java:172)
06-29 14:20:41.332  1587  4011 W Binder  : 	at com.android.server.am.ActivityStarter.startActivity(ActivityStarter.java:449)
06-29 14:20:41.332  1587  4011 W Binder  : 	at com.android.server.am.ActivityStarter.startActivityLocked(ActivityStarter.java:278)
06-29 14:20:41.332  1587  4011 W Binder  : 	at com.android.server.am.ActivityStarter.startActivityMayWait(ActivityStarter.java:817)
06-29 14:20:41.332  1587  4011 W Binder  : 	at com.android.server.am.ActivityManagerService.startActivityAsUser(ActivityManagerService.java:4532)
