06-28 13:43:18.670 29061 29061 I net.osmand: RoutingHelper Recalculate route, because wrong movement direction: 187160.94
06-28 13:43:18.678 29061 29061 I net.osmand: RoutingHelper Recalculate route, because correlation  : 187160.9379164902
06-28 13:43:19.105 29061 29071 I zygote  : Background concurrent copying GC freed 208374(4MB) AllocSpace objects, 0(0B) LOS objects, 15% free, 31MB/37MB, paused 1.849ms total 566.529ms
06-28 13:43:19.300 29061 29061 I net.osmand: RoutingHelper Recalculate route, because correlation  : 187160.72857446346
06-28 13:43:19.300 29061 29061 I net.osmand: RoutingHelper Recalculate route, because wrong movement direction: 187160.73
06-28 13:43:19.303 29061 31527 I net.osmand: RoutePlannerFrontEnd Native routing took 17.618 seconds
06-28 13:43:19.303 29061 31527 I net.osmand: RoutePlannerFrontEnd Native routing use precalculated route
06-28 13:43:19.306 29061 31527 W System.err: Points are not connected : Road id 224875342 name  ref PE-320(1) -> Road id 224875338 name  ref PE-320(4) 13.846911393443373 meters
06-28 13:43:19.382 29061 29061 I net.osmand: RoutingHelper Recalculate route, because correlation  : 187160.72857446346
06-28 13:43:19.394 29061 29061 I net.osmand: RoutingHelper Recalculate route, because correlation  : 187160.72857446346
06-28 13:43:19.394 29061 29061 I net.osmand: RoutingHelper Recalculate route, because wrong movement direction: 187160.73
06-28 13:43:19.399 29061 29061 I net.osmand: RoutingHelper Recalculate route, because correlation  : 187160.72857446346
06-28 13:43:20.322 29061 29061 I chatty  : uid=10104(net.osmand) identical 1 line
06-28 13:43:20.349 29061 29061 I net.osmand: RoutingHelper Recalculate route, because correlation  : 187160.72857446346
06-28 13:43:20.349 29061 29061 I net.osmand: RoutingHelper Recalculate route, because wrong movement direction: 187160.73
06-28 13:43:20.863 29061 29071 I zygote  : Background concurrent copying GC freed 218338(6MB) AllocSpace objects, 0(0B) LOS objects, 14% free, 34MB/40MB, paused 1.590ms total 604.484ms
06-28 13:43:20.866 29061 29061 I net.osmand: RoutingHelper Recalculate route, because correlation  : 187160.29882661407
06-28 13:43:20.896 29061 29061 I net.osmand: RoutingHelper Recalculate route, because correlation  : 187160.29882661407
06-28 13:43:20.896 29061 29061 I net.osmand: RoutingHelper Recalculate route, because wrong movement direction: 187160.3
06-28 13:43:21.356 29061 29061 I net.osmand: RoutingHelper Recalculate route, because correlation  : 187160.29882661407
06-28 13:43:21.360 29061 29061 I net.osmand: RoutingHelper Recalculate route, because correlation  : 187160.29882661407
06-28 13:43:21.361 29061 29061 I net.osmand: RoutingHelper Recalculate route, because wrong movement direction: 187160.3
06-28 13:43:21.867 29061 29071 I zygote  : Background concurrent copying GC freed 312515(9MB) AllocSpace objects, 0(0B) LOS objects, 15% free, 33MB/39MB, paused 3.701ms total 420.562ms
06-28 13:43:22.280 29061 29061 I net.osmand: RoutingHelper Recalculate route, because correlation  : 187160.08950962455
06-28 13:43:22.286 29061 29061 I net.osmand: RoutingHelper Recalculate route, because correlation  : 187160.08950962455
06-28 13:43:22.286 29061 29061 I net.osmand: RoutingHelper Recalculate route, because wrong movement direction: 187160.1
06-28 13:43:22.352 29061 29061 I net.osmand: RoutingHelper Recalculate route, because correlation  : 187160.08950962455
06-28 13:43:22.354 29061 29061 I net.osmand: RoutingHelper Recalculate route, because correlation  : 187160.08950962455
06-28 13:43:22.354 29061 29061 I net.osmand: RoutingHelper Recalculate route, because wrong movement direction: 187160.1
06-28 13:43:23.024 29061 29071 I zygote  : Background concurrent copying GC freed 260223(8MB) AllocSpace objects, 0(0B) LOS objects, 15% free, 33MB/39MB, paused 2.445ms total 439.200ms
06-28 13:43:23.319 29061 29061 I net.osmand: RoutingHelper Recalculate route, because correlation  : 187160.08950962455
06-28 13:43:23.336 29061 29061 I net.osmand: RoutingHelper Recalculate route, because correlation  : 187160.08950962455
06-28 13:43:23.336 29061 29061 I net.osmand: RoutingHelper Recalculate route, because wrong movement direction: 187160.1
06-28 13:43:23.785 29061 29061 I net.osmand: RoutingHelper Recalculate route, because correlation  : 187159.8802057416
06-28 13:43:23.799 29061 29061 I net.osmand: RoutingHelper Recalculate route, because correlation  : 187159.8802057416
06-28 13:43:23.799 29061 29061 I net.osmand: RoutingHelper Recalculate route, because wrong movement direction: 187159.88
06-28 13:43:24.193  1603 12888 I WifiService: acquireWifiLock uid=10014 lockMode=2
06-28 13:43:24.303  1603  5056 I WifiService: releaseWifiLock uid=10014
06-28 13:43:24.329 29061 29061 I net.osmand: RoutingHelper Recalculate route, because correlation  : 187159.8802057416
06-28 13:43:24.330 29061 29061 I net.osmand: RoutingHelper Recalculate route, because wrong movement direction: 187159.88
06-28 13:43:24.387 29061 29061 I net.osmand: RoutingHelper Recalculate route, because correlation  : 187159.8802057416
06-28 13:43:24.417 29061 29071 I zygote  : Background concurrent copying GC freed 255823(8MB) AllocSpace objects, 0(0B) LOS objects, 14% free, 35MB/41MB, paused 1.225ms total 715.751ms
06-28 13:43:25.073 29061 29061 I net.osmand: RoutingHelper Recalculate route, because correlation  : 187159.4504926112
06-28 13:43:25.073 29061 29061 I net.osmand: RoutingHelper Recalculate route, because wrong movement direction: 187159.45
06-28 13:43:25.136 29061 29061 I net.osmand: RoutingHelper Recalculate route, because correlation  : 187159.4504926112
06-28 13:43:25.340 29061 29061 I net.osmand: RoutingHelper Recalculate route, because correlation  : 187159.4504926112
06-28 13:43:25.340 29061 29061 I net.osmand: RoutingHelper Recalculate route, because wrong movement direction: 187159.45
06-28 13:43:25.421 29061 29061 I net.osmand: RoutingHelper Recalculate route, because correlation  : 187159.4504926112
06-28 13:43:25.797 29061 29071 I zygote  : Background concurrent copying GC freed 357079(10MB) AllocSpace objects, 0(0B) LOS objects, 15% free, 33MB/39MB, paused 3.208ms total 611.288ms
06-28 13:43:26.434 29061 29061 I net.osmand: RoutingHelper Recalculate route, because correlation  : 187159.4504926112
06-28 13:43:26.472 29061 29061 I net.osmand: RoutingHelper Recalculate route, because correlation  : 187159.24121376578
06-28 13:43:26.473 29061 29061 I net.osmand: RoutingHelper Recalculate route, because wrong movement direction: 187159.23
06-28 13:43:26.501 29061 29061 I net.osmand: RoutingHelper Recalculate route, because correlation  : 187159.24121376578
06-28 13:43:26.556 29061 29061 I net.osmand: RoutingHelper Recalculate route, because correlation  : 187159.4504926112
06-28 13:43:26.557 29061 29061 I net.osmand: RoutingHelper Recalculate route, because wrong movement direction: 187159.45
06-28 13:43:27.321 29061 29061 I net.osmand: RoutingHelper Recalculate route, because correlation  : 187159.24121376578
06-28 13:43:27.344 29061 29061 I net.osmand: RoutingHelper Recalculate route, because correlation  : 187159.24121376578
06-28 13:43:27.344 29061 29061 I net.osmand: RoutingHelper Recalculate route, because wrong movement direction: 187159.23
06-28 13:43:27.468 29061 31527 I System.out: ROUTE : 
06-28 13:43:27.470 29061 31527 I net.osmand: RouteResultPreparation <test regions="" description="" best_percent="" vehicle="pedestrian" 
06-28 13:43:27.470 29061 31527 I net.osmand:   start_lat="-7.21951" start_lon="-35.88448" target_lat="-7.21844" target_lon="-35.88324"  routing_time="146043.33" loadedTiles="362" visitedSegments="15497" complete_distance="377926.41" complete_time="285048.16" >
06-28 13:43:27.470 29061 31527 I System.out: <test regions="" description="" best_percent="" vehicle="pedestrian" 
06-28 13:43:27.470 29061 31527 I System.out:   start_lat="-7.21951" start_lon="-35.88448" target_lat="-7.21844" target_lon="-35.88324"  routing_time="146043.33" loadedTiles="362" visitedSegments="15497" complete_distance="377926.41" complete_time="285048.16" >
06-28 13:43:27.470 29061 31527 I System.out: </test>
06-28 13:43:27.470 29061 31527 I System.out: <test regions="" description="" best_percent="" vehicle="pedestrian" 
06-28 13:43:27.470 29061 31527 I System.out:   start_lat="-7.21951" start_lon="-35.88448" target_lat="-7.21844" target_lon="-35.88324"  routing_time="146043.33" loadedTiles="362" visitedSegments="15497" complete_distance="377926.41" complete_time="285048.16" >
06-28 13:43:27.637 29061 31527 I net.osmand: RouteProvider Finding route contained 3982 points for 25967 ms
06-28 13:43:27.817 29061 29071 I zygote  : Background concurrent copying GC freed 291783(8MB) AllocSpace objects, 0(0B) LOS objects, 14% free, 34MB/40MB, paused 966us total 627.434ms
06-28 13:43:28.052 29061 29061 D net.osmand: RoutingHelper Processed point bearing deltas : 176.65952491760254 94.10067558288574
06-28 13:43:29.313 29061 29061 I net.osmand: TTSCommandPlayerImpl Send message to pebble Siga o caminho por  200 metros para   Rua Rui Barbosa 
06-28 13:43:29.314 29061 29061 D net.osmand: AbstractPrologCommandPlayer requestAudioFocus
06-28 13:43:29.314 29061 29061 W AudioManager: Use of stream types is deprecated for operations other than volume control
06-28 13:43:29.314 29061 29061 W AudioManager: See the documentation of requestAudioFocus() for what to use instead with android.media.AudioAttributes to qualify your playback use case
06-28 13:43:29.315  1603  2504 I MediaFocusControl: requestAudioFocus() from uid/pid 10104/29061 clientId=android.media.AudioManager@e0b46a6net.osmand.plus.api.AudioFocusHelperImpl@2680494 callingPack=net.osmand req=3 flags=0x0 sdk=26
06-28 13:43:29.321 29061 29061 D net.osmand: TTSCommandPlayerImpl ttsRequests=1
06-28 13:43:29.327 12744 29258 I TTS.GoogleTTSServiceImp: Synthesis request for locale por-BRA and name pt-BR-language
06-28 13:43:29.329 12744 29258 I TTS.GoogleTTSServiceImp: TTS dispatch: pt-br-x-afs-lstm-embedded
06-28 13:43:29.403 12744 29259 D AudioTrack: Client defaulted notificationFrames to 1365 for frameCount 4096
06-28 13:43:29.490  1603  2561 V MediaRouterService: restoreBluetoothA2dp(false)
06-28 13:43:29.502  1393  3231 W audio_hw_generic: Not supplying enough data to HAL, expected position 140680360 , only wrote 140680080
06-28 13:43:29.900 29061 29071 I zygote  : Background concurrent copying GC freed 370753(11MB) AllocSpace objects, 0(0B) LOS objects, 16% free, 29MB/35MB, paused 1.688ms total 310.374ms
06-28 13:43:30.765 19546 19546 I GeofencerStateMachine: sendNewTransitions called.
06-28 13:43:30.831  1603  1616 E memtrack: Couldn't load memtrack module
06-28 13:43:30.831  1603  1616 W android.os.Debug: failed to get memory consumption info: -1
06-28 13:43:30.887 19546 19546 I GeofencerStateMachine: sendNewTransitions called.
06-28 13:43:30.903 19546 19546 I GeofencerStateMachine: sendNewLocationAvailability: availability=LocationAvailability[isLocationAvailable: true]
06-28 13:43:31.007 19546 19546 I GeofencerStateMachine: sendNewLocationAvailability: availability=LocationAvailability[isLocationAvailable: true]
06-28 13:43:31.288 19546 19605 W ResourceType: ResTable_typeSpec entry count inconsistent: given 15, previously 22
06-28 13:43:31.694 29061 29071 I zygote  : Background concurrent copying GC freed 361749(10MB) AllocSpace objects, 0(0B) LOS objects, 17% free, 28MB/34MB, paused 1.253ms total 547.205ms
06-28 13:43:31.884  1393  3231 W audio_hw_generic: Not supplying enough data to HAL, expected position 140794419 , only wrote 140793840
06-28 13:43:32.090  1475  1571 D AudioFlinger: mixer(0xaa803cc0) throttle end: throttle time(4)
06-28 13:43:32.835 29061 29071 I zygote  : Background concurrent copying GC freed 401087(8MB) AllocSpace objects, 0(0B) LOS objects, 19% free, 25MB/31MB, paused 2.657ms total 304.682ms
06-28 13:43:33.376  1393  3231 W audio_hw_generic: Not supplying enough data to HAL, expected position 140865467 , only wrote 140865120
06-28 13:43:33.721  1393  3231 W audio_hw_generic: Not supplying enough data to HAL, expected position 140881684 , only wrote 140881680
06-28 13:43:33.738  1393  3231 W audio_hw_generic: Not supplying enough data to HAL, expected position 140882489 , only wrote 140882400
06-28 13:43:33.846  1393  3231 W audio_hw_generic: Not supplying enough data to HAL, expected position 140887570 , only wrote 140887440
06-28 13:43:33.852  1393  3231 W audio_hw_generic: Not supplying enough data to HAL, expected position 140887724 , only wrote 140887440
06-28 13:43:33.867  1393  3231 W audio_hw_generic: Not supplying enough data to HAL, expected position 140888174 , only wrote 140888160
06-28 13:43:33.970 12744 29259 D AudioTrack: stop() called with 95370 frames delivered
06-28 13:43:33.973 29061 30790 D net.osmand: AbstractPrologCommandPlayer abandonAudioFocus
06-28 13:43:33.974  1603  2504 V MediaRouterService: restoreBluetoothA2dp(false)
06-28 13:43:33.974  1603  2561 I MediaFocusControl: abandonAudioFocus() from uid/pid 10104/29061 clientId=android.media.AudioManager@e0b46a6net.osmand.plus.api.AudioFocusHelperImpl@2680494
06-28 13:43:33.976 29061 30790 D net.osmand: TTSCommandPlayerImpl ttsRequests=0
06-28 13:43:34.815  1393  3231 W audio_hw_generic: Not supplying enough data to HAL, expected position 140933685 , only wrote 140933520
06-28 13:43:34.817  1393  3231 W audio_hw_generic: Not supplying enough data to HAL, expected position 140933597 , only wrote 140933520
06-28 13:43:34.832  1393  3231 W audio_hw_generic: Not supplying enough data to HAL, expected position 140934265 , only wrote 140934240
06-28 13:43:35.053 29061 29071 I zygote  : Background concurrent copying GC freed 295751(6MB) AllocSpace objects, 0(0B) LOS objects, 18% free, 27MB/33MB, paused 1.432ms total 480.188ms
06-28 13:43:36.009  1393  3231 W audio_hw_generic: Not supplying enough data to HAL, expected position 140990726 , only wrote 140990400
