07-01 17:04:48.304  1604  1618 W BroadcastQueue: Permission Denial: receiving Intent { act=android.intent.action.PHONE_STATE flg=0x1000010 (has extras) } to ProcessRecord{cfb3dbb 4574:com.mapfactor.navigator:Notifications/u0a88} (pid=4574, uid=10088) requires android.permission.READ_PRIVILEGED_PHONE_STATE due to sender android (uid 1000)
07-01 17:04:48.306  1604  1618 W BroadcastQueue: Permission Denial: receiving Intent { act=android.intent.action.PHONE_STATE flg=0x1000010 (has extras) } to ProcessRecord{b1e94bf 1707:com.android.systemui/u0a29} (pid=1707, uid=10029) requires android.permission.READ_PHONE_STATE due to sender android (uid 1000)
07-01 17:04:48.308  1604  1604 I Telecom : PhoneStateBroadcaster: Broadcasted state change: 1: TSI.aNIC->CILH.sL->CILH.oQC->ICF.oCFC@EEY
07-01 17:04:48.308  1604  1894 I Telecom : CallAudioRouteStateMachine: Message received: UPDATE_SYSTEM_AUDIO_ROUTE=1201, arg1=0: TSI.aNIC->CILH.sL->CILH.oQC->ICF.oCFC->CARSM.pM_UPDATE_SYSTEM_AUDIO_ROUTE@EEY
07-01 17:04:48.311  1604  5299 I AudioTrack: AUDIO_OUTPUT_FLAG_FAST successful; frameCount 1440 -> 1440
07-01 17:04:48.311  1604  5299 D AudioTrack: Client defaulted notificationFrames to 720 for frameCount 1440
07-01 17:04:48.311  1604  1901 I Telecom : CallAudioModeStateMachine: Message received: NEW_RINGING_CALL.: TSI.aNIC->CILH.sL->CILH.oQC->ICF.oCFC->CAMSM.pM_2002@EEY
07-01 17:04:48.311  1604  1901 I Telecom : CallAudioModeStateMachine: Audio focus entering RINGING state: TSI.aNIC->CILH.sL->CILH.oQC->ICF.oCFC->CAMSM.pM_2002@EEY
07-01 17:04:48.316  1604  1894 I Telecom : CallAudioRouteStateMachine: setSystemAudioState: changing from [AudioState isMuted: false, route: EARPIECE, supportedRouteMask: EARPIECE, SPEAKER] to [AudioState isMuted: false, route: EARPIECE, supportedRouteMask: EARPIECE, SPEAKER]: TSI.aNIC->CILH.sL->CILH.oQC->ICF.oCFC->CARSM.pM_UPDATE_SYSTEM_AUDIO_ROUTE@EEY
07-01 17:04:48.317  1604  1604 D MediaSessionService: Global priority session is updated, active=true
07-01 17:04:48.317  1604  1604 D GpsNetInitiatedHandler: onCallStateChanged(): state is 1
07-01 17:04:48.321 22564 22564 I Dialer  : AudioModeProvider.getApproximatedAudioRoute - Routing to earpiece
07-01 17:04:48.329  1604 23234 W ContextImpl: Failed to ensure /data/user_de/0/com.android.phone/shared_prefs: mkdir failed: EACCES (Permission denied)
07-01 17:04:48.338  1604  1901 I ActivityManager: Start proc 23237:android.process.media/u0a9 for content provider com.android.providers.media/.MediaProvider
07-01 17:04:48.354 23237 23237 W zygote  : Unexpected CPU variant for X86 using defaults: x86
07-01 17:04:48.355 22564 22564 I Dialer  : ProximitySensor.updateProximitySensorMode - screenOnImmediately: false, dialPadVisible: false, offHook: false, horizontal: false, uiShowing: false, audioRoute: EARPIECE
07-01 17:04:48.356 22564 22564 I Dialer  : ProximitySensor.turnOffProximitySensor - wake lock already released
07-01 17:04:48.364 22564 22564 I Dialer  : EnrichedCallModule.isEnabledFromBuildType - true
07-01 17:04:48.365 22564 22564 I Dialer  : EnrichedCallModule.provideEnrichedCallManager - returning impl
07-01 17:04:48.378 22564 22564 I Dialer  : EnrichedCallManagerImpl.registerStateChangedListener - listener: bmz@2d94246
07-01 17:04:48.379 22564 22564 I Dialer  : InCallPresenter.onCallListChange - Phone switching state: NO_CALLS -> NO_CALLS
07-01 17:04:48.379 22564 22564 I Dialer  : VideoPauseController.setUp - enter
07-01 17:04:48.399  1604  1604 I Telecom : InCallController: onConnected to ComponentInfo{com.google.android.dialer/com.android.incallui.InCallServiceImpl}: ICSBC.oSC@EEk
07-01 17:04:48.400  1604  1604 I Telecom : InCallController: Adding 1 calls to InCallService after onConnected: ComponentInfo{com.google.android.dialer/com.android.incallui.InCallServiceImpl}, including external calls: ICSBC.oSC@EEk
07-01 17:04:48.407 22564 22564 W Dialer  : CountryDetector.registerForLocationUpdates - no location permissions, not registering for location updates
07-01 17:04:48.410  1604  1604 I Telecom : InCallController: 1 calls sent to InCallService.: ICSBC.oSC@EEk
07-01 17:04:48.419 23237 23237 I zygote  : The ClassLoaderContext is a special shared library.
07-01 17:04:48.462 23237 23237 I zygote  : The ClassLoaderContext is a special shared library.
07-01 17:04:48.530 22564 22564 I Dialer  : InCallPresenter.shouldAttemptBlocking - not attempting to block incoming call because framework blocking is in use
07-01 17:04:48.536 22564 22564 I Dialer  : EnrichedCallModule.isEnabledFromBuildType - true
07-01 17:04:48.543 22564 22564 I Dialer  : EnrichedCallManagerImpl.registerCapabilitiesListener - listener: bca@406f948
07-01 17:04:48.544 22564 22564 I Dialer  : VideoShareManager.registerListener - enter
07-01 17:04:48.580 22564 22564 I Dialer  : LightbringerModule.provideLightbringer - enabled, returning impl
07-01 17:04:48.600 22564 22564 I Dialer  : EnrichedCallManagerImpl.registerCapabilitiesListener - listener: [DialerCall_0, INCOMING, [Capabilities: CAPABILITY_SUPPORT_HOLD CAPABILITY_RESPOND_VIA_TEXT CAPABILITY_MUTE CAPABILITY_CANNOT_DOWNGRADE_VIDEO_TO_AUDIO], [Properties:], children:[], parent:null, conferenceable:[], videoState:Audio Only, mSessionModificationState:0, CameraDir:-1]
07-01 17:04:48.601 22564 22564 I Dialer  : EnrichedCallManagerImpl.registerStateChangedListener - listener: [DialerCall_0, INCOMING, [Capabilities: CAPABILITY_SUPPORT_HOLD CAPABILITY_RESPOND_VIA_TEXT CAPABILITY_MUTE CAPABILITY_CANNOT_DOWNGRADE_VIDEO_TO_AUDIO], [Properties:], children:[], parent:null, conferenceable:[], videoState:Audio Only, mSessionModificationState:0, CameraDir:-1]
07-01 17:04:48.624  1604  1901 W Binder  : Outgoing transactions from this process must be FLAG_ONEWAY
07-01 17:04:48.624  1604  1901 W Binder  : java.lang.Throwable
07-01 17:04:48.624  1604  1901 W Binder  : 	at android.os.BinderProxy.transact(Binder.java:752)
07-01 17:04:48.624  1604  1901 W Binder  : 	at android.content.ContentProviderProxy.openTypedAssetFile(ContentProviderNative.java:696)
07-01 17:04:48.624  1604  1901 W Binder  : 	at android.content.ContentResolver.openTypedAssetFileDescriptor(ContentResolver.java:1410)
07-01 17:04:48.624  1604  1901 W Binder  : 	at android.content.ContentResolver.openAssetFileDescriptor(ContentResolver.java:1247)
07-01 17:04:48.624  1604  1901 W Binder  : 	at android.content.ContentResolver.openAssetFileDescriptor(ContentResolver.java:1170)
07-01 17:04:48.624  1604  1901 W Binder  : 	at android.media.MediaPlayer.attemptDataSource(MediaPlayer.java:1103)
07-01 17:04:48.624  1604  1901 W Binder  : 	at android.media.MediaPlayer.setDataSource(MediaPlayer.java:1075)
07-01 17:04:48.624  1604  1901 W Binder  : 	at android.media.MediaPlayer.setDataSource(MediaPlayer.java:1003)
07-01 17:04:48.624  1604  1901 W Binder  : 	at android.media.Ringtone.setUri(Ringtone.java:297)
07-01 17:04:48.624  1604  1901 W Binder  : 	at android.media.RingtoneManager.getRingtone(RingtoneManager.java:740)
07-01 17:04:48.624  1604  1901 W Binder  : 	at android.media.RingtoneManager.getRingtone(RingtoneManager.java:719)
07-01 17:04:48.624  1604  1901 W Binder  : 	at com.android.server.telecom.RingtoneFactory.getRingtone(RingtoneFactory.java:81)
07-01 17:04:48.624  1604  1901 W Binder  : 	at com.android.server.telecom.Ringer.startRinging(Ringer.java:124)
07-01 17:04:48.624  1604  1901 W Binder  : 	at com.android.server.telecom.CallAudioManager.startRinging(CallAudioManager.java:430)
07-01 17:04:48.624  1604  1901 W Binder  : 	at com.android.server.telecom.CallAudioModeStateMachine$RingingFocusState.enter(CallAudioModeStateMachine.java:208)
07-01 17:04:48.624  1604  1901 W Binder  : 	at com.android.internal.util.StateMachine$SmHandler.invokeEnterMethods(StateMachine.java:1037)
07-01 17:04:48.624  1604  1901 W Binder  : 	at com.android.internal.util.StateMachine$SmHandler.performTransitions(StateMachine.java:879)
07-01 17:04:48.624  1604  1901 W Binder  : 	at com.android.internal.util.StateMachine$SmHandler.handleMessage(StateMachine.java:819)
07-01 17:04:48.624  1604  1901 W Binder  : 	at android.os.Handler.dispatchMessage(Handler.java:106)
07-01 17:04:48.624  1604  1901 W Binder  : 	at android.os.Looper.loop(Looper.java:164)
07-01 17:04:48.624  1604  1901 W Binder  : 	at android.os.HandlerThread.run(HandlerThread.java:65)
07-01 17:04:48.633  1410  1410 I boot-pipe: done populating /dev/random
07-01 17:04:48.657  1485  1556 D NuPlayerDriver: NuPlayerDriver(0xae514230) created, clientPid(1604)
07-01 17:04:48.674  1485 23258 D GenericSource: FileSource remote
07-01 17:04:48.703  1485 23257 D NuPlayerDriver: notifyListener_l(0xae514230), (1, 0, 0, -1), loop setting(0, 0)
07-01 17:04:48.709  1604  1901 D Ringtone: Successfully created local player
07-01 17:04:48.710  1604  1901 W Ringtone: Use of stream types is deprecated for operations other than volume control
07-01 17:04:48.710  1604  1901 W Ringtone: See the documentation of setStreamType() for what to use instead with android.media.AudioAttributes to qualify your playback use case
07-01 17:04:48.710  1485  1556 D NuPlayerDriver: reset(0xae514230) at state 4
07-01 17:04:48.710  1485  1556 D NuPlayerDriver: notifyListener_l(0xae514230), (8, 0, 0, -1), loop setting(1, 0)
07-01 17:04:48.714 22564 22564 I Dialer  : CallList.onIncoming - [DialerCall_0, INCOMING, [Capabilities: CAPABILITY_SUPPORT_HOLD CAPABILITY_RESPOND_VIA_TEXT CAPABILITY_MUTE CAPABILITY_CANNOT_DOWNGRADE_VIDEO_TO_AUDIO], [Properties:], children:[], parent:null, conferenceable:[], videoState:Audio Only, mSessionModificationState:0, CameraDir:-1]
07-01 17:04:48.714 22564 22564 I Dialer  : InCallPresenter.startOrFinishUi - Start Full Screen in call UI
07-01 17:04:48.715  1485 23257 D NuPlayerDriver: notifyResetComplete(0xae514230)
07-01 17:04:48.716  1485  1556 D NuPlayerDriver: reset(0xae514230) at state 0
07-01 17:04:48.719  1604  1901 V MediaPlayer: resetDrmState:  mDrmInfo=null mDrmProvisioningThread=null mPrepareDrmInProgress=false mActiveDrmScheme=false
07-01 17:04:48.719  1604  1901 V MediaPlayer: cleanDrmObj: mDrmObj=null mDrmSessionId=null
07-01 17:04:48.719  1604  1901 V MediaPlayer: resetDrmState:  mDrmInfo=null mDrmProvisioningThread=null mPrepareDrmInProgress=false mActiveDrmScheme=false
07-01 17:04:48.720  1604  1901 V MediaPlayer: cleanDrmObj: mDrmObj=null mDrmSessionId=null
07-01 17:04:48.722  1484  5343 D MediaAnalyticsService: MediaAnalyticsService::newSummarizerSet
07-01 17:04:48.736  1485  1556 D NuPlayerDriver: NuPlayerDriver(0xae514070) created, clientPid(1604)
07-01 17:04:48.767  1485 23261 D GenericSource: FileSource remote
07-01 17:04:48.788  1485 23260 D NuPlayerDriver: notifyListener_l(0xae514070), (1, 0, 0, -1), loop setting(0, 0)
07-01 17:04:48.801  1604  1901 D Ringtone: Successfully created local player
07-01 17:04:48.803  1604  1901 I Telecom : Event: RecordEntry TC@5: START_RINGER, null: TSI.aNIC->CILH.sL->CILH.oQC->ICF.oCFC->CAMSM.pM_2002@EEY
07-01 17:04:48.805 22564 22564 I Dialer  : PhoneNumberHelper.getCurrentCountryIso - No CountryDetector; falling back to countryIso based on locale: US
07-01 17:04:48.812  1604  1901 I Telecom : Event: RecordEntry TC@5: SKIP_VIBRATION, hasVibrator=false, userRequestsVibrate=false, ringerMode=2, isVibrating=false: TSI.aNIC->CILH.sL->CILH.oQC->ICF.oCFC->CAMSM.pM_2002@EEY
07-01 17:04:48.812  1604  1901 I MediaFocusControl: requestAudioFocus() from uid/pid 1000/1604 clientId=AudioFocus_For_Phone_Ring_And_Calls callingPack=com.android.server.telecom req=2 flags=0x4 sdk=0
07-01 17:04:48.812  1604 23263 I Telecom : AsyncRingtonePlayer: Play ringtone.
07-01 17:04:48.840  1604  1894 I Telecom : CallAudioRouteStateMachine: Message received: SWITCH_FOCUS=4001, arg1=3: TSI.aNIC->CILH.sL->CILH.oQC->ICF.oCFC->CAMSM.pM_2002->CARSM.pM_SWITCH_FOCUS@EEY
07-01 17:04:48.840  1604  1894 I Telecom : Event: RecordEntry TC@5: AUDIO_ROUTE, Leaving state QuiescentEarpieceRoute: TSI.aNIC->CILH.sL->CILH.oQC->ICF.oCFC->CAMSM.pM_2002->CARSM.pM_SWITCH_FOCUS@EEY
07-01 17:04:48.840  1604  1894 I Telecom : Event: RecordEntry TC@5: AUDIO_ROUTE, Entering state ActiveEarpieceRoute: TSI.aNIC->CILH.sL->CILH.oQC->ICF.oCFC->CAMSM.pM_2002->CARSM.pM_SWITCH_FOCUS@EEY
07-01 17:04:48.841  1604  1894 I Telecom : Event: RecordEntry TC@5: AUDIO_ROUTE_EARPIECE, null: TSI.aNIC->CILH.sL->CILH.oQC->ICF.oCFC->CAMSM.pM_2002->CARSM.pM_SWITCH_FOCUS@EEY
07-01 17:04:48.841  1604  1894 I Telecom : CallAudioRouteStateMachine: turning speaker phone false: TSI.aNIC->CILH.sL->CILH.oQC->ICF.oCFC->CAMSM.pM_2002->CARSM.pM_SWITCH_FOCUS@EEY
07-01 17:04:48.841  1604  1894 I Telecom : CallAudioRouteStateMachine: setSystemAudioState: changing from [AudioState isMuted: false, route: EARPIECE, supportedRouteMask: EARPIECE, SPEAKER] to [AudioState isMuted: false, route: EARPIECE, supportedRouteMask: EARPIECE, SPEAKER]: TSI.aNIC->CILH.sL->CILH.oQC->ICF.oCFC->CAMSM.pM_2002->CARSM.pM_SWITCH_FOCUS@EEY
07-01 17:04:48.841  1604  1894 I Telecom : InCallController: Calling onAudioStateChanged, audioState: [AudioState isMuted: false, route: EARPIECE, supportedRouteMask: EARPIECE, SPEAKER] -> [AudioState isMuted: false, route: EARPIECE, supportedRouteMask: EARPIECE, SPEAKER]: TSI.aNIC->CILH.sL->CILH.oQC->ICF.oCFC->CAMSM.pM_2002->CARSM.pM_SWITCH_FOCUS@EEY
07-01 17:04:48.864 22564 22564 D OpenGLRenderer: HWUI GL Pipeline
07-01 17:04:48.880  1485  1485 D NuPlayerDriver: NuPlayerDriver(0xae514380) created, clientPid(1604)
07-01 17:04:48.909  1485 23267 D GenericSource: FileSource remote
07-01 17:04:48.924  1485 23266 D NuPlayerDriver: notifyListener_l(0xae514380), (1, 0, 0, -1), loop setting(0, 0)
07-01 17:04:48.928 22564 22564 I Dialer  : StatusBarNotifier.buildAndSendNotification - notificationType=2
07-01 17:04:48.929 22564 22564 I Dialer  : StatusBarNotifier.buildAndSendNotification - Canceling old notification so this one can be noisy
07-01 17:04:48.936  1604 23263 D Ringtone: Successfully created local player
07-01 17:04:48.936  1604 23263 W Ringtone: Use of stream types is deprecated for operations other than volume control
07-01 17:04:48.936  1604 23263 W Ringtone: See the documentation of setStreamType() for what to use instead with android.media.AudioAttributes to qualify your playback use case
07-01 17:04:48.936  1485  1485 D NuPlayerDriver: reset(0xae514380) at state 4
07-01 17:04:48.936  1485  1485 D NuPlayerDriver: notifyListener_l(0xae514380), (8, 0, 0, -1), loop setting(1, 0)
07-01 17:04:48.940  1485 23266 D NuPlayerDriver: notifyResetComplete(0xae514380)
07-01 17:04:48.941  1485  1485 D NuPlayerDriver: reset(0xae514380) at state 0
07-01 17:04:48.942  1604 23263 V MediaPlayer: resetDrmState:  mDrmInfo=null mDrmProvisioningThread=null mPrepareDrmInProgress=false mActiveDrmScheme=false
07-01 17:04:48.942  1604 23263 V MediaPlayer: cleanDrmObj: mDrmObj=null mDrmSessionId=null
07-01 17:04:48.942  1604 23263 V MediaPlayer: resetDrmState:  mDrmInfo=null mDrmProvisioningThread=null mPrepareDrmInProgress=false mActiveDrmScheme=false
07-01 17:04:48.942  1604 23263 V MediaPlayer: cleanDrmObj: mDrmObj=null mDrmSessionId=null
07-01 17:04:48.951 22564 22564 I Dialer  : StatusBarNotifier.buildAndSendNotification - displaying notification for 2
07-01 17:04:48.975  1485  1485 D NuPlayerDriver: NuPlayerDriver(0xafe25230) created, clientPid(1604)
07-01 17:04:48.981 22564 22564 I Dialer  : InCallPresenter.onIncomingCall - Phone switching state: NO_CALLS -> INCOMING
07-01 17:04:48.984 22564 22564 I Dialer  : VideoPauseController.onIncomingCall - oldState: NO_CALLS, newState: INCOMING, call: [DialerCall_0, INCOMING, [Capabilities: CAPABILITY_SUPPORT_HOLD CAPABILITY_RESPOND_VIA_TEXT CAPABILITY_MUTE CAPABILITY_CANNOT_DOWNGRADE_VIDEO_TO_AUDIO], [Properties:], children:[], parent:null, conferenceable:[], videoState:Audio Only, mSessionModificationState:0, CameraDir:-1]
07-01 17:04:48.984 22564 22564 I Dialer  : VideoPauseController.onPrimaryCallChanged - new call: [DialerCall_0, INCOMING, [Capabilities: CAPABILITY_SUPPORT_HOLD CAPABILITY_RESPOND_VIA_TEXT CAPABILITY_MUTE CAPABILITY_CANNOT_DOWNGRADE_VIDEO_TO_AUDIO], [Properties:], children:[], parent:null, conferenceable:[], videoState:Audio Only, mSessionModificationState:0, CameraDir:-1], old call: null, mIsInBackground: false
07-01 17:04:48.989  1485 23270 D GenericSource: FileSource remote
07-01 17:04:49.008  1485 23269 D NuPlayerDriver: notifyListener_l(0xafe25230), (1, 0, 0, -1), loop setting(0, 0)
07-01 17:04:49.022  1604 23263 D Ringtone: Successfully created local player
07-01 17:04:49.027  1485  1485 D NuPlayerDriver: start(0xafe25230), state is 4, eos is 0
07-01 17:04:49.027  1485 23269 I GenericSource: start
07-01 17:04:49.028  1604 23263 I Telecom : AsyncRingtonePlayer: Repeat ringtone.
07-01 17:04:49.038 22564 22564 I Dialer  : DialerExecutors.newThread - creating low priority thread
07-01 17:04:49.038 22564 22564 I Dialer  : InCallPresenter.setBoundAndWaitingForOutgoingCall - setBoundAndWaitingForOutgoingCall: false
07-01 17:04:49.039 22564 22564 I Dialer  : ProximitySensor.updateProximitySensorMode - screenOnImmediately: false, dialPadVisible: false, offHook: false, horizontal: false, uiShowing: false, audioRoute: EARPIECE
07-01 17:04:49.039 22564 22564 I Dialer  : ProximitySensor.turnOffProximitySensor - wake lock already released
07-01 17:04:49.071  1604  1604 V MediaRouter: onRestoreRoute() : route=RouteInfo{ name=Phone, description=null, status=null, category=RouteCategory{ name=System types=ROUTE_TYPE_LIVE_AUDIO ROUTE_TYPE_LIVE_VIDEO  groupable=false }, supportedTypes=ROUTE_TYPE_LIVE_AUDIO ROUTE_TYPE_LIVE_VIDEO , presentationDisplay=null }
07-01 17:04:49.072  1604  1604 V MediaRouter: Selecting route: RouteInfo{ name=Phone, description=null, status=null, category=RouteCategory{ name=System types=ROUTE_TYPE_LIVE_AUDIO ROUTE_TYPE_LIVE_VIDEO  groupable=false }, supportedTypes=ROUTE_TYPE_LIVE_AUDIO ROUTE_TYPE_LIVE_VIDEO , presentationDisplay=null }
07-01 17:04:49.079  1485 23275 I OMXClient: Treble IOmx obtained
07-01 17:04:49.080  1489  1780 I OMXMaster: makeComponentInstance(OMX.google.vorbis.decoder) in omx@1.0-service process
07-01 17:04:49.082  1489  1758 E OMXNodeInstance: setConfig(0xaf6a0d80:google.vorbis.decoder, ConfigPriority(0x6f800002)) ERROR: Undefined(0x80001001)
07-01 17:04:49.087  1485 23275 I ACodec  : codec does not support config priority (err -2147483648)
07-01 17:04:49.088  1489  1758 E OMXNodeInstance: getConfig(0xaf6a0d80:google.vorbis.decoder, ConfigAndroidVendorExtension(0x6f100004)) ERROR: Undefined(0x80001001)
07-01 17:04:49.092  1485 23275 I MediaCodec: MediaCodec will operate in async mode
07-01 17:04:49.095  1393  1393 W /system/bin/hw/android.hidl.allocator@1.0-service: ashmem_create_region(32768) returning hidl_memory(0xb151b830, 32768)
07-01 17:04:49.134  1393  1393 I chatty  : uid=1000(system) allocator@1.0-s identical 10 lines
07-01 17:04:49.135  1393  1393 W /system/bin/hw/android.hidl.allocator@1.0-service: ashmem_create_region(32768) returning hidl_memory(0xb151b830, 32768)
07-01 17:04:49.142 22564 22564 I Dialer  : CallList.onUpdateCall - [DialerCall_0, INCOMING, [Capabilities: CAPABILITY_SUPPORT_HOLD CAPABILITY_RESPOND_VIA_TEXT CAPABILITY_MUTE CAPABILITY_CANNOT_DOWNGRADE_VIDEO_TO_AUDIO], [Properties:], children:[], parent:null, conferenceable:[], videoState:Audio Only, mSessionModificationState:0, CameraDir:-1]
07-01 17:04:49.143 22564 22564 I Dialer  : InCallPresenter.onCallListChange - Phone switching state: INCOMING -> INCOMING
07-01 17:04:49.143 22564 22564 I Dialer  : VideoPauseController.onStateChange - hasPrimaryCallChanged: false, videoCanPause: false, isInBackground: false
07-01 17:04:49.152  1485 23272 D AudioTrack: Client defaulted notificationFrames to 7406 for frameCount 22218
07-01 17:04:49.157  1485 23269 D NuPlayerDriver: notifyListener_l(0xafe25230), (6, 0, 0, -1), loop setting(1, 0)
07-01 17:04:49.165  1394  3176 W audio_hw_generic: Not supplying enough data to HAL, expected position 56203545 , only wrote 56203200
07-01 17:04:49.173 22564 22569 I zygote  : Do partial code cache collection, code=3KB, data=30KB
07-01 17:04:49.193 22564 22569 I zygote  : After code cache collection, code=3KB, data=30KB
07-01 17:04:49.193 22564 22569 I zygote  : Increasing code cache capacity to 128KB
07-01 17:04:49.253 22564 22574 I zygote  : Background concurrent copying GC freed 13597(1133KB) AllocSpace objects, 5(496KB) LOS objects, 49% free, 3MB/6MB, paused 11.012ms total 275.253ms
07-01 17:04:49.410  1707  1707 D StatusBar: disable<e i a s b h r c s q >
07-01 17:04:49.450 22564 22580 I Dialer  : PhoneNumberHelper.getCurrentCountryIso - No CountryDetector; falling back to countryIso based on locale: US
07-01 17:04:49.505  1707  1933 D EGL_emulation: eglMakeCurrent: 0x91a91b00: ver 2 0 (tinfo 0x91b96990)
07-01 17:04:49.512  1402  1440 D gralloc_ranchu: gralloc_alloc: Creating ashmem region of size 8298496
07-01 17:04:49.542  1707  1933 D EGL_emulation: eglMakeCurrent: 0x91a91b00: ver 2 0 (tinfo 0x91b96990)
07-01 17:04:49.578  1402  1440 D gralloc_ranchu: gralloc_alloc: Creating ashmem region of size 8298496
07-01 17:04:49.626  1402  1440 D gralloc_ranchu: gralloc_alloc: Creating ashmem region of size 8298496
07-01 17:04:49.640 22564 22580 I Dialer  : PhoneNumberHelper.getCurrentCountryIso - No CountryDetector; falling back to countryIso based on locale: US
07-01 17:04:51.722  1604  4624 I WifiService: acquireWifiLock uid=10014 lockMode=2
07-01 17:04:51.838  1970  2339 I GeofencerStateMachine: addGeofences called by com.google.android.apps.maps
07-01 17:04:51.882  1604  2058 I ActivityManager: Start proc 23283:com.google.process.gapps/u0a14 for content provider com.google.android.gsf/.settings.GoogleSettingsProvider
07-01 17:04:51.890 23283 23283 W zygote  : Unexpected CPU variant for X86 using defaults: x86
07-01 17:04:51.913  1485 23274 I NuPlayerDecoder: [audio] saw output EOS
07-01 17:04:51.914  1485 23272 D AudioTrack: stop() called with 132300 frames delivered
07-01 17:04:51.981 23283 23283 I zygote  : The ClassLoaderContext is a special shared library.
07-01 17:04:51.989  1970  1970 W ChimeraUtils: Non Chimera context
07-01 17:04:51.989  1970  1970 W ChimeraUtils: Non Chimera context
07-01 17:04:52.037 23283 23283 I GoogleHttpClient: GMS http client unavailable, use old client
07-01 17:04:52.135  1604  2058 I WifiService: getWifiEnabledState uid=10062
07-01 17:04:52.380  1485 23269 D NuPlayerDriver: notifyListener_l(0xafe25230), (2, 0, 0, -1), loop setting(1, 0)
07-01 17:04:52.391  1485 23274 I NuPlayerDecoder: [OMX.google.vorbis.decoder] resubmitting CSD
07-01 17:04:52.391  1485 23274 I NuPlayerDecoder: [OMX.google.vorbis.decoder] resubmitting CSD
07-01 17:04:52.401  1485 23269 D NuPlayerDriver: notifyListener_l(0xafe25230), (6, 0, 0, -1), loop setting(1, 0)
07-01 17:04:52.434  1604  1613 I zygote  : Background concurrent copying GC freed 25734(1710KB) AllocSpace objects, 0(0B) LOS objects, 14% free, 35MB/41MB, paused 879us total 376.517ms
07-01 17:04:52.445  1604  1611 V MediaPlayer: resetDrmState:  mDrmInfo=null mDrmProvisioningThread=null mPrepareDrmInProgress=false mActiveDrmScheme=false
07-01 17:04:52.445  1604  1611 V MediaPlayer: cleanDrmObj: mDrmObj=null mDrmSessionId=null
07-01 17:04:52.446  1485  1485 D NuPlayerDriver: reset(0xae514070) at state 4
07-01 17:04:52.446  1485  1485 D NuPlayerDriver: notifyListener_l(0xae514070), (8, 0, 0, -1), loop setting(1, 0)
07-01 17:04:52.452  1485 23260 D NuPlayerDriver: notifyResetComplete(0xae514070)
07-01 17:04:54.215  1604  1617 E memtrack: Couldn't load memtrack module
07-01 17:04:54.215  1604  1617 W android.os.Debug: failed to get memory consumption info: -1
07-01 17:04:54.724  1604  3574 D WificondControl: Scan result ready event
07-01 17:04:54.782  1604  3574 I WifiService: releaseWifiLock uid=10014
07-01 17:04:54.879  1485 23274 I NuPlayerDecoder: [audio] saw output EOS
07-01 17:04:55.132  1485 23272 D AudioTrack: stop() called with 132300 frames delivered
07-01 17:04:55.500  1485 23269 D NuPlayerDriver: notifyListener_l(0xafe25230), (2, 0, 0, -1), loop setting(1, 0)
07-01 17:04:55.511  1485 23274 I NuPlayerDecoder: [OMX.google.vorbis.decoder] resubmitting CSD
07-01 17:04:55.517  1485 23274 I NuPlayerDecoder: [OMX.google.vorbis.decoder] resubmitting CSD
07-01 17:04:55.534  1485 23269 D NuPlayerDriver: notifyListener_l(0xafe25230), (6, 0, 0, -1), loop setting(1, 0)
07-01 17:04:55.577  1485 23272 W AudioTrack: getTimestamp() location moved from kernel to server
07-01 17:04:55.619  1485 23272 W AudioTrack: retrograde timestamp position corrected, -1058 = 0 - 1058
07-01 17:04:58.221  1485 23274 I NuPlayerDecoder: [audio] saw output EOS
07-01 17:04:58.222  1485 23272 D AudioTrack: stop() called with 132300 frames delivered
07-01 17:04:58.618  1485 23269 D NuPlayerDriver: notifyListener_l(0xafe25230), (2, 0, 0, -1), loop setting(1, 0)
07-01 17:04:58.629  1485 23274 I NuPlayerDecoder: [OMX.google.vorbis.decoder] resubmitting CSD
07-01 17:04:58.630  1485 23274 I NuPlayerDecoder: [OMX.google.vorbis.decoder] resubmitting CSD
07-01 17:04:58.640  1485 23269 D NuPlayerDriver: notifyListener_l(0xafe25230), (6, 0, 0, -1), loop setting(1, 0)
07-01 17:04:58.682  1485 23272 W AudioTrack: getTimestamp() location moved from kernel to server
07-01 17:04:58.703  1485 23272 W AudioTrack: retrograde timestamp position corrected, -1058 = 0 - 1058
07-01 17:05:00.006  1604  1617 E memtrack: Couldn't load memtrack module
07-01 17:05:00.006  1604  1617 W android.os.Debug: failed to get memory consumption info: -1
07-01 17:05:00.120  1604  1617 E memtrack: Couldn't load memtrack module
07-01 17:05:00.120  1604  1617 W android.os.Debug: failed to get memory consumption info: -1
07-01 17:05:01.284  1485 23274 I NuPlayerDecoder: [audio] saw output EOS
07-01 17:05:01.284  1485 23272 D AudioTrack: stop() called with 132300 frames delivered
07-01 17:05:01.715  1485 23269 D NuPlayerDriver: notifyListener_l(0xafe25230), (2, 0, 0, -1), loop setting(1, 0)
07-01 17:05:01.730  1485 23274 I NuPlayerDecoder: [OMX.google.vorbis.decoder] resubmitting CSD
07-01 17:05:01.732  1485 23274 I NuPlayerDecoder: [OMX.google.vorbis.decoder] resubmitting CSD
07-01 17:05:01.752  1485 23269 D NuPlayerDriver: notifyListener_l(0xafe25230), (6, 0, 0, -1), loop setting(1, 0)
07-01 17:05:01.774  1485 23272 W AudioTrack: getTimestamp() location moved from kernel to server
07-01 17:05:01.774  1485 23272 W NuPlayerRenderer: getPendingAudioPlayoutDurationUs: pendingUs -633 < 0, clamping to zero, potential resume after pause writtenAudioDurationUs: 26122, audioSinkPlayedUs: 26755
07-01 17:05:01.795  1485 23272 W AudioTrack: retrograde timestamp position corrected, -1058 = 0 - 1058
07-01 17:05:02.581  1604  1682 D ConnectivityService: NetworkAgentInfo [MOBILE (GPRS) - 100] EVENT_NETWORK_INFO_CHANGED, going from SUSPENDED to CONNECTED
07-01 17:05:02.587  1604  2058 I Telecom : InCallController: Sending updateCall [TC@5, RINGING, com.android.phone/com.android.services.telephony.TelephonyConnectionService, tel:****, A, childs(0), has_parent(false), [Capabilities: CAPABILITY_SUPPORT_HOLD CAPABILITY_MUTE CAPABILITY_CANNOT_DOWNGRADE_VIDEO_TO_AUDIO CAPABILITY_SPEED_UP_MT_AUDIO], [Properties:]]: CSW.sSH@EFY
07-01 17:05:02.602  1604  2058 I Telecom : InCallController: Components updated: [ComponentInfo{com.google.android.dialer/com.android.incallui.InCallServiceImpl}]: CSW.sSH@EFY
07-01 17:05:02.608  1604  2058 I Telecom : InCallController: Sending updateCall [TC@5, RINGING, com.android.phone/com.android.services.telephony.TelephonyConnectionService, tel:****, A, childs(0), has_parent(false), [Capabilities: CAPABILITY_SUPPORT_HOLD CAPABILITY_MUTE CAPABILITY_CANNOT_DOWNGRADE_VIDEO_TO_AUDIO CAPABILITY_SPEED_UP_MT_AUDIO], [Properties:]]: CSW.sCC@EFc
07-01 17:05:02.614  1604  2058 I Telecom : InCallController: Components updated: [ComponentInfo{com.google.android.dialer/com.android.incallui.InCallServiceImpl}]: CSW.sCC@EFc
07-01 17:05:02.616  1604  2058 I Telecom : InCallController: Sending updateCall [TC@5, RINGING, com.android.phone/com.android.services.telephony.TelephonyConnectionService, tel:****, A, childs(0), has_parent(false), [Capabilities: CAPABILITY_SUPPORT_HOLD CAPABILITY_MUTE CAPABILITY_CANNOT_DOWNGRADE_VIDEO_TO_AUDIO CAPABILITY_SPEED_UP_MT_AUDIO], [Properties:]]: CSW.sCC@EFg
07-01 17:05:02.626  1604  2058 I Telecom : InCallController: Components updated: [ComponentInfo{com.google.android.dialer/com.android.incallui.InCallServiceImpl}]: CSW.sCC@EFg
07-01 17:05:02.629  1604  2058 I Telecom : CallsManager: setCallState RINGING -> DISCONNECTED, call: [TC@5, RINGING, com.android.phone/com.android.services.telephony.TelephonyConnectionService, tel:****, A, childs(0), has_parent(false), [Capabilities: CAPABILITY_SUPPORT_HOLD CAPABILITY_MUTE CAPABILITY_CANNOT_DOWNGRADE_VIDEO_TO_AUDIO CAPABILITY_SPEED_UP_MT_AUDIO], [Properties:]]: CSW.sDc@EFk
07-01 17:05:02.630  1604  2058 I Telecom : Event: RecordEntry TC@5: SET_DISCONNECTED, disconnected set explicitly> DisconnectCause [ Code: (MISSED) Label: () Description: () Reason: (INCOMING_MISSED) Tone: (-1) ]: CSW.sDc@EFk
07-01 17:05:02.630  1604  2058 I Telecom : InCallController: Sending updateCall [TC@5, DISCONNECTED, com.android.phone/com.android.services.telephony.TelephonyConnectionService, tel:****, A, childs(0), has_parent(false), [Capabilities: CAPABILITY_SUPPORT_HOLD CAPABILITY_MUTE CAPABILITY_CANNOT_DOWNGRADE_VIDEO_TO_AUDIO CAPABILITY_SPEED_UP_MT_AUDIO], [Properties:]]: CSW.sDc@EFk
07-01 17:05:02.645  1604  2058 I Telecom : InCallController: Components updated: [ComponentInfo{com.google.android.dialer/com.android.incallui.InCallServiceImpl}]: CSW.sDc@EFk
07-01 17:05:02.647 22564 22564 I Dialer  : DialerCallListenerImpl.onDialerCallDisconnect - [DialerCall_0, DISCONNECTED, [Capabilities: CAPABILITY_SUPPORT_HOLD CAPABILITY_MUTE CAPABILITY_CANNOT_DOWNGRADE_VIDEO_TO_AUDIO], [Properties:], children:[], parent:null, conferenceable:[], videoState:Audio Only, mSessionModificationState:0, CameraDir:-1]
07-01 17:05:02.647 22564 22564 I Dialer  : EnrichedCallManagerImpl.onDisconnect - enter
07-01 17:05:02.647 22564 22564 I Dialer  : EnrichedCallManagerImpl.onDisconnect - disconnected call with no enriched call session
07-01 17:05:02.647 22564 22564 I Dialer  : InCallPresenter.onCallListChange - Phone switching state: INCOMING -> INCALL
07-01 17:05:02.648 22564 22564 I Dialer  : VideoPauseController.onStateChange - hasPrimaryCallChanged: true, videoCanPause: false, isInBackground: false
07-01 17:05:02.648 22564 22564 I Dialer  : VideoPauseController.onPrimaryCallChanged - new call: null, old call: [DialerCall_0, DISCONNECTED, [Capabilities: CAPABILITY_SUPPORT_HOLD CAPABILITY_MUTE CAPABILITY_CANNOT_DOWNGRADE_VIDEO_TO_AUDIO], [Properties:], children:[], parent:null, conferenceable:[], videoState:Audio Only, mSessionModificationState:0, CameraDir:-1], mIsInBackground: false
07-01 17:05:02.648 22564 22564 I Dialer  : StatusBarNotifier.cancelNotification - cancel
07-01 17:05:02.658  1836 23302 D CallNotifier: SignalInfoTonePlayer.run(toneId = 98)...
07-01 17:05:02.659  1836 23302 D CallNotifier: mSignalInfoToneGenerator created already, hence skipping
07-01 17:05:02.667  1604  2058 W ContextImpl: Calling a method in the system process without a qualified user: android.app.ContextImpl.sendBroadcast:981 android.content.ContextWrapper.sendBroadcast:442 com.android.server.telecom.CallLogManager.sendAddCallBroadcast:444 com.android.server.telecom.CallLogManager.logCall:287 com.android.server.telecom.CallLogManager.logCall:233 
07-01 17:05:02.676  1604  2058 I Telecom : IncomingCallNotifier: updateIncomingCall: foundIncomingcall = null: CSW.sDc@EFk
07-01 17:05:02.677  1604  2058 I Telecom : TelecomWakeLock: Releasing WakeLock with id: 26: CSW.sDc@EFk
07-01 17:05:02.677  1604  2058 I Telecom : InCallWakeLockController: Releasing full wake lock: CSW.sDc@EFk
07-01 17:05:02.678  2180  2424 I TelephonySpam: TelephonySpamInit - scheduleCallLogTask
07-01 17:05:02.680  1604  1618 W BroadcastQueue: Permission Denial: receiving Intent { act=android.intent.action.PHONE_STATE flg=0x1000010 (has extras) } to ProcessRecord{cfb3dbb 4574:com.mapfactor.navigator:Notifications/u0a88} (pid=4574, uid=10088) requires android.permission.READ_PRIVILEGED_PHONE_STATE due to sender android (uid 1000)
07-01 17:05:02.681  1604  1618 W BroadcastQueue: Permission Denial: receiving Intent { act=android.intent.action.PHONE_STATE flg=0x1000010 (has extras) } to ProcessRecord{b1e94bf 1707:com.android.systemui/u0a29} (pid=1707, uid=10029) requires android.permission.READ_PHONE_STATE due to sender android (uid 1000)
07-01 17:05:02.683  1604  2058 I Telecom : PhoneStateBroadcaster: Broadcasted state change: 0: CSW.sDc@EFk
07-01 17:05:02.685  1604  1894 I Telecom : CallAudioRouteStateMachine: Message received: UPDATE_SYSTEM_AUDIO_ROUTE=1201, arg1=0: CSW.sDc->CARSM.pM_UPDATE_SYSTEM_AUDIO_ROUTE@EFk
07-01 17:05:02.691 22564 22564 I Dialer  : EnrichedCallManagerImpl.unregisterCapabilitiesListener - listener: [DialerCall_0, DISCONNECTED, [Capabilities: CAPABILITY_SUPPORT_HOLD CAPABILITY_MUTE CAPABILITY_CANNOT_DOWNGRADE_VIDEO_TO_AUDIO], [Properties:], children:[], parent:null, conferenceable:[], videoState:Audio Only, mSessionModificationState:0, CameraDir:-1]
07-01 17:05:02.698  1604  1901 I Telecom : CallAudioModeStateMachine: Message received: NO_MORE_RINGING_CALLS.: CSW.sDc->CAMSM.pM_1002@EFk
07-01 17:05:02.698  1604  1901 I Telecom : Event: RecordEntry TC@5: STOP_RINGER, null: CSW.sDc->CAMSM.pM_1002@EFk
07-01 17:05:02.698  1604  1901 I Telecom : CallAudioModeStateMachine: Abandoning audio focus: now UNFOCUSED: CSW.sDc->CAMSM.pM_1002@EFk
07-01 17:05:02.699  1604 23263 I Telecom : AsyncRingtonePlayer: Stop ringtone.
07-01 17:05:02.699  1485  1485 D NuPlayerDriver: reset(0xafe25230) at state 5
07-01 17:05:02.700  1604  1901 I MediaFocusControl: abandonAudioFocus() from uid/pid 1000/1604 clientId=AudioFocus_For_Phone_Ring_And_Calls
07-01 17:05:02.710  1485  1485 D NuPlayerDriver: notifyListener_l(0xafe25230), (8, 0, 0, -1), loop setting(1, 0)
07-01 17:05:02.711 22564 22564 I Dialer  : EnrichedCallManagerImpl.unregisterStateChangedListener - listener: [DialerCall_0, DISCONNECTED, [Capabilities: CAPABILITY_SUPPORT_HOLD CAPABILITY_MUTE CAPABILITY_CANNOT_DOWNGRADE_VIDEO_TO_AUDIO], [Properties:], children:[], parent:null, conferenceable:[], videoState:Audio Only, mSessionModificationState:0, CameraDir:-1]
07-01 17:05:02.712 22564 22564 I Dialer  : DialerCall.setState - ignoring state transition from DISCONNECTED to DISCONNECTED. Duration would have changed from 0 to 0
07-01 17:05:02.714 22564 22564 I Dialer  : CallList.onUpdateCall - [DialerCall_0, DISCONNECTED, [Capabilities: CAPABILITY_SUPPORT_HOLD CAPABILITY_MUTE CAPABILITY_CANNOT_DOWNGRADE_VIDEO_TO_AUDIO], [Properties:], children:[], parent:null, conferenceable:[], videoState:Audio Only, mSessionModificationState:0, CameraDir:-1]
07-01 17:05:02.715 22564 22564 I Dialer  : InCallPresenter.onCallListChange - Phone switching state: INCALL -> INCALL
07-01 17:05:02.716 22564 22564 I Dialer  : VideoPauseController.onStateChange - hasPrimaryCallChanged: false, videoCanPause: false, isInBackground: false
07-01 17:05:02.718  1604  1604 D GpsNetInitiatedHandler: onCallStateChanged(): state is 0
07-01 17:05:02.717 22564 22564 I Dialer  : EnrichedCallManagerImpl.unregisterCapabilitiesListener - listener: [DialerCall_0, DISCONNECTED, [Capabilities: CAPABILITY_SUPPORT_HOLD CAPABILITY_MUTE CAPABILITY_CANNOT_DOWNGRADE_VIDEO_TO_AUDIO], [Properties:], children:[], parent:null, conferenceable:[], videoState:Audio Only, mSessionModificationState:0, CameraDir:-1]
07-01 17:05:02.743 22564 22564 I Dialer  : EnrichedCallManagerImpl.unregisterStateChangedListener - listener: [DialerCall_0, DISCONNECTED, [Capabilities: CAPABILITY_SUPPORT_HOLD CAPABILITY_MUTE CAPABILITY_CANNOT_DOWNGRADE_VIDEO_TO_AUDIO], [Properties:], children:[], parent:null, conferenceable:[], videoState:Audio Only, mSessionModificationState:0, CameraDir:-1]
07-01 17:05:02.763  1604  1894 I Telecom : CallAudioRouteStateMachine: setSystemAudioState: changing from [AudioState isMuted: false, route: EARPIECE, supportedRouteMask: EARPIECE, SPEAKER] to [AudioState isMuted: false, route: EARPIECE, supportedRouteMask: EARPIECE, SPEAKER]: CSW.sDc->CARSM.pM_UPDATE_SYSTEM_AUDIO_ROUTE@EFk
07-01 17:05:02.764  1604  1894 I Telecom : InCallController: Calling onAudioStateChanged, audioState: [AudioState isMuted: false, route: EARPIECE, supportedRouteMask: EARPIECE, SPEAKER] -> [AudioState isMuted: false, route: EARPIECE, supportedRouteMask: EARPIECE, SPEAKER]: CSW.sDc->CARSM.pM_UPDATE_SYSTEM_AUDIO_ROUTE@EFk
07-01 17:05:02.767  1604  3574 I Telecom : ConnectionServiceWrapper: Service unbound ComponentInfo{com.android.phone/com.android.services.telephony.TelephonyConnectionService}, from unbind.: CSW.rC@EFo
07-01 17:05:02.776  1485 23269 D NuPlayerDriver: notifyResetComplete(0xafe25230)
07-01 17:05:02.779  1485  1485 D NuPlayerDriver: reset(0xafe25230) at state 0
07-01 17:05:02.782  1604 23263 V MediaPlayer: resetDrmState:  mDrmInfo=null mDrmProvisioningThread=null mPrepareDrmInProgress=false mActiveDrmScheme=false
07-01 17:05:02.782  1604 23263 V MediaPlayer: cleanDrmObj: mDrmObj=null mDrmSessionId=null
07-01 17:05:02.783  1604 23263 V MediaPlayer: resetDrmState:  mDrmInfo=null mDrmProvisioningThread=null mPrepareDrmInProgress=false mActiveDrmScheme=false
07-01 17:05:02.783  1604 23263 V MediaPlayer: cleanDrmObj: mDrmObj=null mDrmSessionId=null
07-01 17:05:02.786  1485  1485 D AudioTrack: stop() called with 0 frames delivered
07-01 17:05:02.807  1604  3574 I Telecom : CallsManager: handleConnectionServiceDeath: service com.android.server.telecom.ConnectionServiceWrapper@a0032c6 died: CSW.rC@EFo
07-01 17:05:02.811  1604  3574 I Telecom : Event: RecordEntry TC@5: DESTROYED, null: CSW.rC@EFo
07-01 17:05:02.811  1604  3574 I Telecom : InCallController: onCallRemoved: [TC@5, DISCONNECTED, null, tel:****, A, childs(0), has_parent(false), [Capabilities: CAPABILITY_SUPPORT_HOLD CAPABILITY_MUTE CAPABILITY_CANNOT_DOWNGRADE_VIDEO_TO_AUDIO CAPABILITY_SPEED_UP_MT_AUDIO], [Properties:]]: CSW.rC@EFo
07-01 17:05:02.812  1604  3574 I Telecom : IncomingCallNotifier: updateIncomingCall: foundIncomingcall = null: CSW.rC@EFo
07-01 17:05:02.812  1604  3574 I Telecom : TelecomWakeLock: WakeLock already released with id: 26: CSW.rC@EFo
07-01 17:05:02.812  1604  3574 I Telecom : InCallWakeLockController: Releasing full wake lock: CSW.rC@EFo
07-01 17:05:02.812  1604  3574 I Telecom : ProximitySensorManager: All calls removed, resetting proximity sensor to default state: CSW.rC@EFo
07-01 17:05:02.813  1604  3574 I Telecom : TelecomWakeLock: WakeLock already released with id: 32: CSW.rC@EFo
07-01 17:05:02.814  1604  1604 D MediaSessionService: Global priority session is updated, active=false
07-01 17:05:02.917  1604  1894 I Telecom : CallAudioRouteStateMachine: Message received: SWITCH_FOCUS=4001, arg1=1: CSW.sDc->CAMSM.pM_1002->CARSM.pM_SWITCH_FOCUS@EFk
07-01 17:05:02.917  1604  1894 I Telecom : CallAudioRouteStateMachine: turning speaker phone false: CSW.sDc->CAMSM.pM_1002->CARSM.pM_SWITCH_FOCUS@EFk
07-01 17:05:02.918  1604  1894 I Telecom : Logging.Events: Non-call EVENT: UNMUTE, null: CSW.sDc->CAMSM.pM_1002->CARSM.pM_SWITCH_FOCUS@EFk
07-01 17:05:02.921  1394  1575 W DeviceHAL: Device 0xb2291b00 get_mic_mute: Function not implemented
07-01 17:05:02.923  1604  1894 I Telecom : Logging.Events: Non-call EVENT: AUDIO_ROUTE, Leaving state ActiveEarpieceRoute: CSW.sDc->CAMSM.pM_1002->CARSM.pM_SWITCH_FOCUS@EFk
07-01 17:05:02.923  1604  1894 I Telecom : Logging.Events: Non-call EVENT: AUDIO_ROUTE, Entering state QuiescentEarpieceRoute: CSW.sDc->CAMSM.pM_1002->CARSM.pM_SWITCH_FOCUS@EFk
07-01 17:05:02.939 22564 22564 W Dialer  : CallList.onCallRemoved - Removing call not previously disconnected DialerCall_0
07-01 17:05:02.939 22564 22564 I Dialer  : VideoShareManager.unregisterListener - enter
07-01 17:05:02.940 22564 22564 I Dialer  : EnrichedCallManagerImpl.unregisterCapabilitiesListener - listener: bca@406f948
07-01 17:05:02.949 22564 22564 I Dialer  : InCallPresenter.attemptFinishActivity - Hide in call UI: false
07-01 17:05:02.949 22564 22564 I Dialer  : InCallPresenter.onCallListChange - Phone switching state: INCALL -> NO_CALLS
07-01 17:05:02.949 22564 22564 I Dialer  : VideoPauseController.onStateChange - hasPrimaryCallChanged: false, videoCanPause: false, isInBackground: false
07-01 17:05:02.950 22564 22564 I Dialer  : InCallPresenter.onCallListChange - Phone switching state: NO_CALLS -> NO_CALLS
07-01 17:05:02.961 22564 22564 I Dialer  : VideoPauseController.onStateChange - hasPrimaryCallChanged: false, videoCanPause: false, isInBackground: false
07-01 17:05:02.961 22564 22564 I Dialer  : InCallPresenter.onCallListChange - Phone switching state: NO_CALLS -> NO_CALLS
07-01 17:05:02.961 22564 22564 I Dialer  : VideoPauseController.onStateChange - hasPrimaryCallChanged: false, videoCanPause: false, isInBackground: false
07-01 17:05:03.009  1707  1707 D StatusBar: disable<e i a s b h r c s q >
07-01 17:05:03.060  1707  1933 D EGL_emulation: eglMakeCurrent: 0x91a91b00: ver 2 0 (tinfo 0x91b96990)
07-01 17:05:03.069  1402  1440 D gralloc_ranchu: gralloc_alloc: Creating ashmem region of size 274432
07-01 17:05:03.086  1707  1933 D EGL_emulation: eglMakeCurrent: 0x91a91b00: ver 2 0 (tinfo 0x91b96990)
07-01 17:05:03.124  1402  1440 D gralloc_ranchu: gralloc_alloc: Creating ashmem region of size 274432
07-01 17:05:03.215  1604  1618 I ActivityManager: Start proc 23305:com.android.calllogbackup/u0a2 for broadcast com.android.calllogbackup/.CallLogChangeReceiver
07-01 17:05:03.144  1402  1440 D gralloc_ranchu: gralloc_alloc: Creating ashmem region of size 274432
07-01 17:05:03.224 23305 23305 W zygote  : Unexpected CPU variant for X86 using defaults: x86
07-01 17:05:03.235 22564 22564 I Dialer  : LightbringerImpl.handleDuoReachabilityLoaded - loaded 0 reachable contacts
07-01 17:05:03.260  1604  1604 I Telecom : MissedCallNotifierImpl: showMissedCallNotification()
07-01 17:05:03.260  1604  1604 W Telecom : MissedCallNotifierImpl: Showing missed calls through default dialer.
07-01 17:05:03.272 22564 22564 I Dialer  : DialerExecutors.newThread - creating low priority thread
07-01 17:05:03.272 23305 23305 I zygote  : The ClassLoaderContext is a special shared library.
07-01 17:05:03.358 22564 23319 I Dialer  : MissedCallNotifier.updateMissedCallNotification - adding missed call notification
07-01 17:05:03.369  1604  1604 E VibratorService: vibratorOff command failed (1).
07-01 17:05:03.412  1604 23321 E VibratorService: vibratorOn command failed (1).
07-01 17:05:03.486  1604  1604 E VibratorService: vibratorOff command failed (1).
07-01 17:05:03.491  1604 23322 E VibratorService: vibratorOn command failed (1).
07-01 17:05:03.532 22564 22564 I Dialer  : MissedCallNotificationReceiver.onReceive - update missed call notifications successful
07-01 17:05:03.546 22564 22564 I Dialer  : MissedCallNotificationReceiver.updateBadgeCount - update badge count: 1 success: false
07-01 17:05:04.094  1604 23322 E VibratorService: vibratorOn command failed (1).
07-01 17:05:04.447  1604 23322 E VibratorService: vibratorOff command failed (1).
07-01 17:05:04.814  1604  1604 I Telecom : EmergencyInCallServiceConnection: Disconnect forced!: CSW.rC->ICC.oCR@EFo
07-01 17:05:04.817 22564 22564 I Dialer  : InCallPresenter.setBoundAndWaitingForOutgoingCall - setBoundAndWaitingForOutgoingCall: false
07-01 17:05:04.817 22564 22564 I Dialer  : InCallPresenter.onCallListChange - Phone switching state: NO_CALLS -> NO_CALLS
07-01 17:05:04.817 22564 22564 I Dialer  : VideoPauseController.onStateChange - hasPrimaryCallChanged: false, videoCanPause: false, isInBackground: false
07-01 17:05:04.818  1604  1617 E memtrack: Couldn't load memtrack module
07-01 17:05:04.818  1604  1617 W android.os.Debug: failed to get memory consumption info: -1
07-01 17:05:04.823 22564 22564 I Dialer  : InCallPresenter.attemptCleanup - Cleaning up
07-01 17:05:04.823 22564 22564 I Dialer  : ProximitySensor.turnOffProximitySensor - wake lock already released
07-01 17:05:04.823 22564 22564 I Dialer  : EnrichedCallManagerImpl.unregisterStateChangedListener - listener: bmz@2d94246
07-01 17:05:04.823 22564 22564 I Dialer  : VideoPauseController.tearDown - enter
07-01 17:05:05.772  1394  1575 W audio_hw_generic: Not supplying enough data to HAL, expected position 57796667 , only wrote 57000240
07-01 17:05:11.742  1604  7252 I WifiService: acquireWifiLock uid=10014 lockMode=2
07-01 17:05:11.749  1604  7252 I ActivityManager: Killing 22441:com.android.chrome:webview_service/u0a49 (adj 906): empty for 3013s
07-01 17:05:11.750  1604  1620 W zygote  : kill(-22441, 9) failed: No such process
07-01 17:05:11.786  1970  1970 I GeofencerStateMachine: sendNewTransitions called.
07-01 17:05:11.792  1604  1620 W zygote  : kill(-22441, 9) failed: No such process
07-01 17:05:11.829  1604  3574 I WifiService: releaseWifiLock uid=10014
07-01 17:05:11.832  1604  1620 W zygote  : kill(-22441, 9) failed: No such process
07-01 17:05:11.832  1604  1620 I zygote  : Successfully killed process cgroup uid 10049 pid 22441 in 82ms
07-01 17:05:11.841  1403  1418 D hwcomposer: hw_composer sent 162 syncs in 73s
07-01 17:05:11.878  1970  1970 I GeofencerStateMachine: sendNewTransitions called.
07-01 17:05:11.894  1970  1970 I GeofencerStateMachine: sendNewLocationAvailability: availability=LocationAvailability[isLocationAvailable: true]
07-01 17:05:14.161  1604  2058 I ActivityManager: Killing 22459:com.android.chrome:sandboxed_process0/u0a85i14 (adj 906): empty for 3015s
07-01 17:05:11.935  1970  1970 I GeofencerStateMachine: sendNewLocationAvailability: availability=LocationAvailability[isLocationAvailable: true]
07-01 17:05:14.166  1604  1620 W zygote  : Failed to open process cgroup uid 99014 pid 22459: No such file or directory
07-01 17:05:14.166  1604  1620 E zygote  : Error encountered killing process cgroup uid 99014 pid 22459: No such file or directory
07-01 17:05:14.172 22372 22455 W cr_ChildProcessConn: onServiceDisconnected (crash or killed by oom): pid=0
07-01 17:05:14.173  1604  7252 W ActivityManager: Scheduling restart of crashed service com.mapswithme.maps.pro/org.chromium.content.app.SandboxedProcessService0 in 1000ms
07-01 17:05:14.176  1604  1621 E KernelCpuSpeedReader: Failed to read cpu-freq: /sys/devices/system/cpu/cpu0/cpufreq/stats/time_in_state (No such file or directory)
07-01 17:05:14.179  1604  1621 D KernelUidCpuTimeReader: Removing uids 99014-99014
07-01 17:05:18.136  1604  1617 E memtrack: Couldn't load memtrack module
07-01 17:05:18.136  1604  1617 W android.os.Debug: failed to get memory consumption info: -1
07-01 17:05:18.201  1604  1617 E memtrack: Couldn't load memtrack module
07-01 17:05:18.201  1604  1617 W android.os.Debug: failed to get memory consumption info: -1
07-01 17:05:19.098  1604  1617 E memtrack: Couldn't load memtrack module
07-01 17:05:19.098  1604  1617 W android.os.Debug: failed to get memory consumption info: -1
07-01 17:05:22.205  1604  1617 E memtrack: Couldn't load memtrack module
07-01 17:05:22.205  1604  1617 W android.os.Debug: failed to get memory consumption info: -1
07-01 17:05:22.214  1970  1970 W ChimeraUtils: Non Chimera context
07-01 17:05:27.266  1604  3139 I ActivityManager: Killing 22372:com.mapswithme.maps.pro/u0a85 (adj 906): empty for 3028s
07-01 17:05:22.214  1970  1970 W ChimeraUtils: Non Chimera context
07-01 17:05:27.267  1411  1411 E lowmemorykiller: Error writing /proc/22372/oom_score_adj; errno=22
07-01 17:05:27.269  1604  1620 W zygote  : kill(-22372, 9) failed: No such process
07-01 17:05:27.323  1604  1617 I UsageStatsService: User[0] Flushing usage stats to disk
07-01 17:05:27.343  1604  4624 D ConnectivityService: ConnectivityService NetworkRequestInfo binderDied(NetworkRequest [ LISTEN id=56, [ Capabilities: INTERNET&NOT_RESTRICTED&TRUSTED&FOREGROUND] ], android.os.BinderProxy@eaa9b57)
07-01 17:05:27.312  1604  1620 I chatty  : uid=1000(system) ActivityManager identical 1 line
07-01 17:05:27.352  1604  1620 W zygote  : kill(-22372, 9) failed: No such process
07-01 17:05:27.352  1604  1620 I zygote  : Successfully killed process cgroup uid 10085 pid 22372 in 82ms
07-01 17:05:32.760  1604  4624 I WifiService: acquireWifiLock uid=10014 lockMode=2
07-01 17:05:35.744  1604  4624 D WificondControl: Scan result ready event
07-01 17:05:35.786  1604  2170 I WifiService: releaseWifiLock uid=10014
07-01 17:05:48.634  1410  1410 I boot-pipe: done populating /dev/random
07-01 17:05:52.219  1604  1853 I WifiService: getConnectionInfo uid=10014
07-01 17:05:52.226  1604  1853 I WifiService: getDhcpInfo uid=10014
07-01 17:05:52.771  1604  1853 I WifiService: acquireWifiLock uid=10014 lockMode=2
07-01 17:05:52.779  1604  1617 E memtrack: Couldn't load memtrack module
07-01 17:05:52.779  1604  1617 W android.os.Debug: failed to get memory consumption info: -1
07-01 17:05:52.821  1970  1970 I GeofencerStateMachine: sendNewTransitions called.
07-01 17:05:52.843  1604  1614 I WifiService: releaseWifiLock uid=10014
07-01 17:05:52.859  1604  1617 E memtrack: Couldn't load memtrack module
07-01 17:05:52.859  1604  1617 W android.os.Debug: failed to get memory consumption info: -1
07-01 17:05:52.905  1604  1617 E memtrack: Couldn't load memtrack module
07-01 17:05:52.905  1604  1617 W android.os.Debug: failed to get memory consumption info: -1
07-01 17:05:52.952  1604  1617 E memtrack: Couldn't load memtrack module
07-01 17:05:52.952  1604  1617 W android.os.Debug: failed to get memory consumption info: -1
07-01 17:06:04.266  1604  1613 I zygote  : Background concurrent copying GC freed 42645(2MB) AllocSpace objects, 12(576KB) LOS objects, 14% free, 35MB/41MB, paused 2.048ms total 227.386ms
