07-05 18:41:36.659  1411  1411 E lowmemorykiller: Error writing /proc/12837/oom_score_adj; errno=22
07-05 18:41:36.780  1604  4621 D ConnectivityService: ConnectivityService NetworkRequestInfo binderDied(NetworkRequest [ LISTEN id=47, [ Capabilities: INTERNET&NOT_RESTRICTED&TRUSTED&FOREGROUND] ], android.os.BinderProxy@76f8540)
07-05 18:41:36.783  1604  4624 I ActivityManager: Process com.google.android.apps.maps (pid 15219) has died: cch  TRNB
07-05 18:41:36.786  1604  1620 W zygote  : kill(-15219, 9) failed: No such process
07-05 18:41:36.786  1604  1620 I zygote  : Successfully killed process cgroup uid 10062 pid 15219 in 0ms
07-05 18:41:36.790  1604  4624 W ActivityManager: Scheduling restart of crashed service com.google.android.apps.maps/com.google.android.apps.gmm.traffic.notification.service.AreaTrafficNotificationService in 1000ms
07-05 18:41:36.831  1411  1411 E lowmemorykiller: Error writing /proc/12837/oom_score_adj; errno=22
07-05 18:41:36.917  1970  3884 E IPCThreadState: binder thread pool (15 threads) starved for 101 ms
07-05 18:41:36.939  1604  1619 W Looper  : Dispatch took 146ms on android.ui, h=Handler (com.android.server.am.ActivityManagerService$UiHandler) {63b7718} cb=null msg=53
07-05 18:41:36.950  1493  1493 I /system/bin/tombstoned: intercept for pid 13027 and type kDebuggerdJavaBacktrace terminated: due to timeout
07-05 18:41:36.954  1604  1618 E zygote  : libdebuggerd_client: failed to read response from tombstoned: timeout reached?
07-05 18:41:36.959  1604  1618 I zygote  : libdebuggerd_client: started dumping process 13027
07-05 18:41:36.960  1493  1493 I /system/bin/tombstoned: registered intercept for pid 13027 and type kDebuggerdNativeBacktrace
07-05 18:41:36.961 13027 13027 I libc    : Requested dump for tid 13027 (android.vending)
07-05 18:41:36.986 28496 28496 I net.osmand: RoutingHelper Recalculate route, because correlation  : 214.74408039865548
07-05 18:41:37.133  1604  1617 E memtrack: Couldn't load memtrack module
07-05 18:41:37.147  1604  1617 W android.os.Debug: failed to get memory consumption info: -1
07-05 18:41:37.245  1604  5757 I ActivityManager: Process com.google.android.gms.unstable (pid 12837) has died: prcp FGS 
07-05 18:41:37.246  1604  1620 W zygote  : kill(-12837, 9) failed: No such process
07-05 18:41:37.246  1604  1620 I zygote  : Successfully killed process cgroup uid 10014 pid 12837 in 0ms
07-05 18:41:37.246  1604  5757 W ActivityManager: Scheduling restart of crashed service com.google.android.gms/.droidguard.DroidGuardService in 10544ms
07-05 18:41:37.392  1970 12668 W ctxmgr  : [WorkManager] Long workInfo: pkg=com.google.android.gms, lbl=SingletonLocationProducer_onLocationChanged, start=2019-07-05 18:41:32.632+0000, stop=2019-07-05 18:41:37.312+0000, durtn=4680ms [CONTEXT service_id=47 ]
07-05 18:41:37.598  1970 12669 E NetworkScheduler.ATC: Received callback from client for task that is already complete. ComponentInfo{com.google.android.apps.maps/com.google.android.apps.gmm.traffic.notification.service.AreaTrafficNotificationService} traffic.notification.one_off
07-05 18:41:37.737  1394  3176 W audio_hw_generic: Not supplying enough data to HAL, expected position 808553569 , only wrote 808553520
07-05 18:41:37.738  1394  3176 W audio_hw_generic: Not supplying enough data to HAL, expected position 808553571 , only wrote 808553520
07-05 18:41:37.753  1394  3176 W audio_hw_generic: Not supplying enough data to HAL, expected position 808554273 , only wrote 808554240
07-05 18:41:37.947 13162 13162 I crash_dump32: obtaining output fd from tombstoned, type: kDebuggerdNativeBacktrace
07-05 18:41:37.955  1493  1493 I /system/bin/tombstoned: received crash request for pid 13027
07-05 18:41:37.955  1493  1493 I /system/bin/tombstoned: found intercept fd 512 for pid 13027 and type kDebuggerdNativeBacktrace
07-05 18:41:37.956 13162 13162 I crash_dump32: performing dump of process 13027 (target tid = 13027)
07-05 18:41:38.393  1604  1613 I zygote  : NativeAlloc concurrent copying GC freed 13094(846KB) AllocSpace objects, 9(436KB) LOS objects, 5% free, 110MB/116MB, paused 35.056ms total 2.700s
07-05 18:41:38.962  1604  1618 E zygote  : libdebuggerd_client: timeout expired
07-05 18:41:39.150  1604  1618 E ActivityManager: ANR in com.android.vending
07-05 18:41:39.150  1604  1618 E ActivityManager: PID: 13027
07-05 18:41:39.150  1604  1618 E ActivityManager: Reason: executing service com.android.vending/com.google.android.finsky.billing.iab.InAppBillingService
07-05 18:41:39.150  1604  1618 E ActivityManager: Load: 0.0 / 0.0 / 0.0
07-05 18:41:39.150  1604  1618 E ActivityManager: CPU usage from 0ms to 12434ms later (2019-07-05 18:41:26.528 to 2019-07-05 18:41:38.962):
07-05 18:41:39.150  1604  1618 E ActivityManager:   22% 1604/system_server: 11% user + 10% kernel / faults: 2209 minor 173 major
07-05 18:41:39.150  1604  1618 E ActivityManager:   21% 12686/com.skgames.trafficrider: 8.9% user + 12% kernel / faults: 528 minor 356 major
07-05 18:41:39.150  1604  1618 E ActivityManager:   20% 28496/net.osmand: 20% user + 0% kernel / faults: 949 minor 14 major
07-05 18:41:39.150  1604  1618 E ActivityManager:   18% 13047/com.EvilChaotic.ModernWarplanes: 5.9% user + 12% kernel / faults: 4247 minor 47 major
07-05 18:41:39.150  1604  1618 E ActivityManager:   12% 13027/com.android.vending: 0.7% user + 11% kernel / faults: 587 minor 140 major
07-05 18:41:39.150  1604  1618 E ActivityManager:   10% 532/kswapd0: 0% user + 10% kernel
07-05 18:41:39.150  1604  1618 E ActivityManager:   10% 1394/android.hardware.audio@2.0-service: 1.1% user + 9.4% kernel / faults: 1 major
07-05 18:41:39.150  1604  1618 E ActivityManager:   9.8% 12882/com.android.chrome:sandboxed: 6.2% user + 3.6% kernel / faults: 2261 minor 248 major
07-05 18:41:39.150  1604  1618 E ActivityManager:   9.1% 12403/kworker/u5:1: 0% user + 9.1% kernel
07-05 18:41:39.150  1604  1618 E ActivityManager:   7.3% 1477/audioserver: 0.8% user + 6.4% kernel / faults: 4 major
07-05 18:41:39.150  1604  1618 E ActivityManager:   6.8% 9412/kworker/u5:2: 0% user + 6.8% kernel
07-05 18:41:39.150  1604  1618 E ActivityManager:   6.1% 1836/com.android.phone: 0% user + 6.1% kernel / faults: 8 minor 26 major
07-05 18:41:39.150  1604  1618 E ActivityManager:   5.1% 12321/kworker/u5:0: 0% user + 5.1% kernel
07-05 18:41:39.150  1604  1618 E ActivityManager:   4.4% 1412/surfaceflinger: 0.9% user + 3.4% kernel
07-05 18:41:39.150  1604  1618 E ActivityManager:   3.4% 1407/healthd: 0% user + 3.4% kernel / faults: 2 minor
07-05 18:41:39.150  1604  1618 E ActivityManager:   3% 1970/com.google.android.gms.persistent: 1.2% user + 1.8% kernel / faults: 191 minor 71 major
07-05 18:41:39.150  1604  1618 E ActivityManager:   2.9% 1405/android.hardware.sensors@1.0-service: 0.1% user + 2.7% kernel
07-05 18:41:39.150  1604  1618 E ActivityManager:   2.1% 2180/com.google.android.gms: 0.7% user + 1.4% kernel / faults: 289 minor 102 major
07-05 18:41:39.150  1604  1618 E ActivityManager:   1.2% 1403/android.hardware.graphics.composer@2.1-service: 0% user + 1.2% kernel
07-05 18:41:39.150  1604  1618 E ActivityManager:   0.9% 1992/adbd: 0% user + 0.9% kernel / faults: 419 minor 2 major
07-05 18:41:39.150  1604  1618 E ActivityManager:   0.3% 1341/logd: 0.1% user + 0.1% kernel / faults: 2 minor 2 major
07-05 18:41:39.150  1604  1618 E ActivityManager:   0.1% 3/ksoftirqd/0: 0% user + 0.1% kernel
07-05 18:41:39.150  1604  1618 E ActivityManager:   0.1% 1401/android.hardware.gnss@1.0-service: 0% user + 0.1% kernel
07-05 18:41:39.150  1604  1618 E ActivityManager:   0.1% 25120/logcat: 0% user + 0.1% kernel
07-05 18:41:39.150  1604  1618 E ActivityManager:   0% 7/rcu_preempt: 0% user + 0% kernel
07-05 18:41:39.150  1604  1618 E ActivityManager:   0% 1338/kworker/0:1H: 0% user + 0% kernel
07-05 18:41:39.150  1604  1618 E ActivityManager:   0% 1451/dmcrypt_write: 0% user + 0% kernel
07-05 18:41:39.150  1604  1618 E ActivityManager:   0% 1469/jbd2/dm-0-8: 0% user + 0% kernel
07-05 18:41:39.150  1604  1618 E ActivityManager:   0% 1488/wificond: 0% user + 0% kernel
07-05 18:41:39.150  1604  1618 E ActivityManager:   0% 1493/tombstoned: 0% user + 0% kernel / faults: 15 minor 2 major
07-05 18:41:39.150  1604  1618 E ActivityManager:   0% 1581/dhcpclient: 0% user + 0% kernel
07-05 18:41:39.150  1604  1618 E ActivityManager:   0% 10249/logcat: 0% user + 0% kernel
07-05 18:41:39.150  1604  1618 E ActivityManager:   0% 11970/kworker/u4:0: 0% user + 0% kernel
07-05 18:41:39.150  1604  1618 E ActivityManager:   0% 12397/logcat: 0% user + 0% kernel
07-05 18:41:39.150  1604  1618 E ActivityManager:   0% 12578/kworker/1:2: 0% user + 0% kernel
07-05 18:41:39.150  1604  1618 E ActivityManager:   0% 13070/kworker/u4:3: 0% user + 0% kernel
07-05 18:41:39.150  1604  1618 E ActivityManager:  +0% 13149/app_process: 0% user + 0% kernel
07-05 18:41:39.150  1604  1618 E ActivityManager:  +0% 13162/crash_dump32: 0% user + 0% kernel
07-05 18:41:39.150  1604  1618 E ActivityManager: 100% TOTAL: 34% user + 64% kernel + 0.4% softirq
07-05 18:41:39.150  1604  1618 E ActivityManager: CPU usage from 152796094ms to 152796094ms ago (1970-01-01 00:00:00.000 to 1970-01-01 00:00:00.000) with 0% awake:
07-05 18:41:39.150  1604  1618 E ActivityManager: 0% TOTAL: 0% user + 0% kernel
07-05 18:41:39.185  1604  1618 I ActivityManager: Killing 13027:com.android.vending/u0a26 (adj 0): bg anr
07-05 18:41:39.187  1604  1620 E zygote  : getpgid(13162) failed: Permission denied
07-05 18:41:39.187  1604  1620 W zygote  : kill(-13027, 9) failed: No such process
07-05 18:41:39.217  1493  1493 W /system/bin/tombstoned: crash socket received short read of length 0 (expected 12)
07-05 18:41:39.232  1604  1620 W zygote  : kill(-13027, 9) failed: No such process
07-05 18:41:39.268  1604  5757 W ActivityManager: Scheduling restart of crashed service com.android.vending/com.google.android.finsky.billing.iab.InAppBillingService in 18522ms
07-05 18:41:39.283  1604  1618 W BroadcastQueue: Background execution not allowed: receiving Intent { act=android.intent.action.DROPBOX_ENTRY_ADDED flg=0x10 (has extras) } to com.google.android.gms/.stats.service.DropBoxEntryAddedReceiver
07-05 18:41:39.283  1604  1618 W BroadcastQueue: Background execution not allowed: receiving Intent { act=android.intent.action.DROPBOX_ENTRY_ADDED flg=0x10 (has extras) } to com.google.android.gms/.chimera.GmsIntentOperationService$PersistentTrustedReceiver
07-05 18:41:39.276  1604  1620 W zygote  : kill(-13027, 9) failed: No such process
07-05 18:41:39.276  1604  1620 I zygote  : Successfully killed process cgroup uid 10026 pid 13027 in 89ms
07-05 18:41:39.340  1604  1618 W BroadcastQueue: Background execution not allowed: receiving Intent { act=android.intent.action.DROPBOX_ENTRY_ADDED flg=0x10 (has extras) } to com.google.android.gms/.stats.service.DropBoxEntryAddedReceiver
07-05 18:41:39.341  1604  1618 W BroadcastQueue: Background execution not allowed: receiving Intent { act=android.intent.action.DROPBOX_ENTRY_ADDED flg=0x10 (has extras) } to com.google.android.gms/.chimera.GmsIntentOperationService$PersistentTrustedReceiver
07-05 18:41:39.451  1394  3176 W audio_hw_generic: Not supplying enough data to HAL, expected position 808635736 , only wrote 808635600
07-05 18:41:39.452  1394  3176 W audio_hw_generic: Not supplying enough data to HAL, expected position 808635631 , only wrote 808635600
07-05 18:41:39.182  1604  1604 W ActivityManager: type=1400 audit(0.0:734): avc: denied { getpgid } for scontext=u:r:system_server:s0 tcontext=u:r:crash_dump:s0:c512,c768 tclass=process permissive=0
07-05 18:41:40.393  1604  1617 E memtrack: Couldn't load memtrack module
07-05 18:41:40.394  1604  1617 W android.os.Debug: failed to get memory consumption info: -1
07-05 18:41:41.042  1394  3176 W audio_hw_generic: Not supplying enough data to HAL, expected position 808711938 , only wrote 808711920
07-05 18:41:41.043  1394  3176 W audio_hw_generic: Not supplying enough data to HAL, expected position 808711932 , only wrote 808711920
07-05 18:41:41.059  1394  3176 W audio_hw_generic: Not supplying enough data to HAL, expected position 808712703 , only wrote 808712640
07-05 18:41:41.204 12686 13078 I UnityAds: com.unity3d.services.core.api.Sdk.logInfo() (line:69) :: Requesting configuration from https://publisher-config.unityads.unity3d.com/games/64136/configuration?bundleId=com.skgames.trafficrider&encrypted=true&rooted=false&platform=android&sdkVersion=3003&osVersion=8.1.0&deviceModel=Android%20SDK%20built%20for%20x86&language=en_US&test=false&analyticsSessionId=2800747923118113125&deviceMake=Google&advertisingTrackingId=5abff647-1769-453d-a781-f50df938ad7a&limitAdTracking=false&frameworkName=Unity&frameworkVersion=2017.4.25f1&adapterName=AssetStore&adapterVersion=3.0.3
07-05 18:41:41.421 12686 12691 I zygote  : Do partial code cache collection, code=62KB, data=43KB
07-05 18:41:41.465 12686 12691 I zygote  : After code cache collection, code=55KB, data=40KB
07-05 18:41:41.465 12686 12691 I zygote  : Increasing code cache capacity to 256KB
07-05 18:41:41.534 13047 13065 W Unity   : OnLevelWasLoaded was found on AntiCheat
07-05 18:41:41.534 13047 13065 W Unity   : This message has been deprecated and will be removed in a later version of Unity.
07-05 18:41:41.534 13047 13065 W Unity   : Add a delegate to SceneManager.sceneLoaded instead to get notifications after scene loading has completed
07-05 18:41:41.534 13047 13065 W Unity   :  
07-05 18:41:41.534 13047 13065 W Unity   : (Filename:  Line: 356)
07-05 18:41:41.534 13047 13065 W Unity   : 
07-05 18:41:41.717 13047 13065 W Unity   : OnLevelWasLoaded was found on InjectionDetector
07-05 18:41:41.717 13047 13065 W Unity   : This message has been deprecated and will be removed in a later version of Unity.
07-05 18:41:41.717 13047 13065 W Unity   : Add a delegate to SceneManager.sceneLoaded instead to get notifications after scene loading has completed
07-05 18:41:41.717 13047 13065 W Unity   :  
07-05 18:41:41.717 13047 13065 W Unity   : (Filename:  Line: 356)
07-05 18:41:41.717 13047 13065 W Unity   : 
07-05 18:41:41.882 13047 13065 W Unity   : OnLevelWasLoaded was found on ObjectsPoolsManager
07-05 18:41:41.882 13047 13065 W Unity   : This message has been deprecated and will be removed in a later version of Unity.
07-05 18:41:41.882 13047 13065 W Unity   : Add a delegate to SceneManager.sceneLoaded instead to get notifications after scene loading has completed
07-05 18:41:41.882 13047 13065 W Unity   :  
07-05 18:41:41.882 13047 13065 W Unity   : (Filename:  Line: 356)
07-05 18:41:41.882 13047 13065 W Unity   : 
07-05 18:41:42.245 13047 13065 W Unity   : OnLevelWasLoaded was found on BB_Settings
07-05 18:41:42.245 13047 13065 W Unity   : This message has been deprecated and will be removed in a later version of Unity.
07-05 18:41:42.245 13047 13065 W Unity   : Add a delegate to SceneManager.sceneLoaded instead to get notifications after scene loading has completed
07-05 18:41:42.245 13047 13065 W Unity   :  
07-05 18:41:42.245 13047 13065 W Unity   : (Filename:  Line: 356)
07-05 18:41:42.245 13047 13065 W Unity   : 
07-05 18:41:42.417 13047 13065 W Unity   : OnLevelWasLoaded was found on AnalyticsBehaviour
07-05 18:41:42.417 13047 13065 W Unity   : This message has been deprecated and will be removed in a later version of Unity.
07-05 18:41:42.417 13047 13065 W Unity   : Add a delegate to SceneManager.sceneLoaded instead to get notifications after scene loading has completed
07-05 18:41:42.417 13047 13065 W Unity   :  
07-05 18:41:42.417 13047 13065 W Unity   : (Filename:  Line: 356)
07-05 18:41:42.417 13047 13065 W Unity   : 
07-05 18:41:43.083 13149 13149 D AndroidRuntime: >>>>>> START com.android.internal.os.RuntimeInit uid 2000 <<<<<<
07-05 18:41:43.160 13149 13149 W app_process: Could not reserve sentinel fault page
07-05 18:41:43.410 13047 13065 W Unity   : OnLevelWasLoaded was found on LegionStateMachine
07-05 18:41:43.410 13047 13065 W Unity   : This message has been deprecated and will be removed in a later version of Unity.
07-05 18:41:43.410 13047 13065 W Unity   : Add a delegate to SceneManager.sceneLoaded instead to get notifications after scene loading has completed
07-05 18:41:43.410 13047 13065 W Unity   :  
07-05 18:41:43.410 13047 13065 W Unity   : (Filename:  Line: 356)
07-05 18:41:43.410 13047 13065 W Unity   : 
07-05 18:41:43.434 13047 13065 W Unity   : OnLevelWasLoaded was found on ObscuredCheatingDetector
07-05 18:41:43.434 13047 13065 W Unity   : This message has been deprecated and will be removed in a later version of Unity.
07-05 18:41:43.434 13047 13065 W Unity   : Add a delegate to SceneManager.sceneLoaded instead to get notifications after scene loading has completed
07-05 18:41:43.434 13047 13065 W Unity   :  
07-05 18:41:43.434 13047 13065 W Unity   : (Filename:  Line: 356)
07-05 18:41:43.434 13047 13065 W Unity   : 
07-05 18:41:43.940  1394  3176 W audio_hw_generic: Not supplying enough data to HAL, expected position 808850925 , only wrote 808850880
07-05 18:41:43.955  1394  3176 W audio_hw_generic: Not supplying enough data to HAL, expected position 808851622 , only wrote 808851600
07-05 18:41:44.313 13047 13065 W Unity   : OnLevelWasLoaded was found on BB_LodoutData
07-05 18:41:44.313 13047 13065 W Unity   : This message has been deprecated and will be removed in a later version of Unity.
07-05 18:41:44.313 13047 13065 W Unity   : Add a delegate to SceneManager.sceneLoaded instead to get notifications after scene loading has completed
07-05 18:41:44.313 13047 13065 W Unity   :  
07-05 18:41:44.313 13047 13065 W Unity   : (Filename:  Line: 356)
07-05 18:41:44.313 13047 13065 W Unity   : 
07-05 18:41:44.631 13047 13065 W Unity   : OnLevelWasLoaded was found on SpeedHackDetector
07-05 18:41:44.631 13047 13065 W Unity   : This message has been deprecated and will be removed in a later version of Unity.
07-05 18:41:44.631 13047 13065 W Unity   : Add a delegate to SceneManager.sceneLoaded instead to get notifications after scene loading has completed
07-05 18:41:44.631 13047 13065 W Unity   :  
07-05 18:41:44.631 13047 13065 W Unity   : (Filename:  Line: 356)
07-05 18:41:44.631 13047 13065 W Unity   : 
07-05 18:41:44.645 13047 13065 W Unity   : OnLevelWasLoaded was found on WallHackDetector
07-05 18:41:44.645 13047 13065 W Unity   : This message has been deprecated and will be removed in a later version of Unity.
07-05 18:41:44.645 13047 13065 W Unity   : Add a delegate to SceneManager.sceneLoaded instead to get notifications after scene loading has completed
07-05 18:41:44.645 13047 13065 W Unity   :  
07-05 18:41:44.645 13047 13065 W Unity   : (Filename:  Line: 356)
07-05 18:41:44.645 13047 13065 W Unity   : 
07-05 18:41:44.772 13149 13149 W app_process: Unexpected CPU variant for X86 using defaults: x86
07-05 18:41:44.828 13149 13149 I app_process: The ClassLoaderContext is a special shared library.
07-05 18:41:45.158 13047 13065 W Unity   : OnLevelWasLoaded was found on SkillSystem
07-05 18:41:45.158 13047 13065 W Unity   : This message has been deprecated and will be removed in a later version of Unity.
07-05 18:41:45.158 13047 13065 W Unity   : Add a delegate to SceneManager.sceneLoaded instead to get notifications after scene loading has completed
07-05 18:41:45.158 13047 13065 W Unity   :  
07-05 18:41:45.158 13047 13065 W Unity   : (Filename:  Line: 356)
07-05 18:41:45.158 13047 13065 W Unity   : 
07-05 18:41:45.268  1604  1617 E memtrack: Couldn't load memtrack module
07-05 18:41:45.268  1604  1617 W android.os.Debug: failed to get memory consumption info: -1
07-05 18:41:45.682 13149 13149 D AndroidRuntime: Calling main entry com.android.commands.monkey.Monkey
07-05 18:41:45.722 13149 13149 W Monkey  : args: [-p, com.ea.games.r3_row, -c, android.intent.category.LAUNCHER, 1]
07-05 18:41:45.725 13149 13149 W Monkey  :  arg: "-p"
07-05 18:41:45.725 13149 13149 W Monkey  :  arg: "com.ea.games.r3_row"
07-05 18:41:45.732 13149 13149 W Monkey  :  arg: "-c"
07-05 18:41:45.732 13149 13149 W Monkey  :  arg: "android.intent.category.LAUNCHER"
07-05 18:41:45.733 13149 13149 W Monkey  :  arg: "1"
07-05 18:41:45.733 13149 13149 W Monkey  : data="com.ea.games.r3_row"
07-05 18:41:45.733 13149 13149 W Monkey  : data="android.intent.category.LAUNCHER"
07-05 18:41:45.921  1394  3176 W audio_hw_generic: Not supplying enough data to HAL, expected position 808945951 , only wrote 808945920
07-05 18:41:45.935  1477  1572 D AudioFlinger: mixer(0xac983140) throttle end: throttle time(7)
07-05 18:41:46.122 12686 12686 W Ads     : GET LOCATION COMPILED
07-05 18:41:46.174 12686 12686 I ExoPlayerImpl: Init 1.3.1
07-05 18:41:46.230 12686 12995 I zygote  : Deoptimizing java.lang.Object com.google.android.gms.ads.internal.config.k.a(com.google.android.gms.ads.internal.config.c) due to JIT inline cache
07-05 18:41:46.544  1604  1618 W BroadcastQueue: Skipping deliver [background] BroadcastRecord{5a2e921 u-1 android.net.conn.CONNECTIVITY_CHANGE} to ReceiverList{9eb8146 13149 (unknown name)/2000/u-1 remote:ae56b2b}: process gone or crashing
07-05 18:41:46.547 12686 12686 D OpenGLRenderer: HWUI GL Pipeline
07-05 18:41:47.030 12686 12696 W zygote  : Suspending all threads took: 15.690ms
07-05 18:41:47.085  1477  1572 D AudioFlinger: mixer(0xac983140) throttle end: throttle time(1)
07-05 18:41:47.099  1604  1614 I ActivityManager: START u0 {act=android.intent.action.MAIN cat=[android.intent.category.LAUNCHER] flg=0x10200000 cmp=com.ea.games.r3_row/com.firemint.realracing.UnpackAssetsActivity} from uid 2000
07-05 18:41:47.179  1604  1614 W Binder  : Outgoing transactions from this process must be FLAG_ONEWAY
07-05 18:41:47.179  1604  1614 W Binder  : java.lang.Throwable
07-05 18:41:47.179  1604  1614 W Binder  : 	at android.os.BinderProxy.transact(Binder.java:752)
07-05 18:41:47.179  1604  1614 W Binder  : 	at android.app.IActivityController$Stub$Proxy.activityStarting(IActivityController.java:172)
07-05 18:41:47.179  1604  1614 W Binder  : 	at com.android.server.am.ActivityStarter.startActivity(ActivityStarter.java:449)
07-05 18:41:47.179  1604  1614 W Binder  : 	at com.android.server.am.ActivityStarter.startActivityLocked(ActivityStarter.java:278)
07-05 18:41:47.179  1604  1614 W Binder  : 	at com.android.server.am.ActivityStarter.startActivityMayWait(ActivityStarter.java:817)
07-05 18:41:47.179  1604  1614 W Binder  : 	at com.android.server.am.ActivityManagerService.startActivityAsUser(ActivityManagerService.java:4532)
07-05 18:41:47.179  1604  1614 W Binder  : 	at com.android.server.am.ActivityManagerService.startActivity(ActivityManagerService.java:4519)
07-05 18:41:47.179  1604  1614 W Binder  : 	at android.app.IActivityManager$Stub.onTransact(IActivityManager.java:121)
07-05 18:41:47.179  1604  1614 W Binder  : 	at com.android.server.am.ActivityManagerService.onTransact(ActivityManagerService.java:2919)
07-05 18:41:47.179  1604  1614 W Binder  : 	at android.os.Binder.execTransact(Binder.java:697)
07-05 18:41:47.440 12686 13191 I OMXClient: Treble IOmx obtained
07-05 18:41:47.569  1394  3176 W audio_hw_generic: Not supplying enough data to HAL, expected position 809025047 , only wrote 809024400
07-05 18:41:47.570  1394  3176 W audio_hw_generic: Not supplying enough data to HAL, expected position 809024416 , only wrote 809024400
07-05 18:41:47.585  1394  3176 W audio_hw_generic: Not supplying enough data to HAL, expected position 809025149 , only wrote 809025120
07-05 18:41:47.624  1489 26186 I OMXMaster: makeComponentInstance(OMX.google.aac.decoder) in omx@1.0-service process
07-05 18:41:47.646  1477  1572 D AudioFlinger: mixer(0xac983140) throttle end: throttle time(1)
07-05 18:41:47.657  1394  3176 W audio_hw_generic: Hardware backing HAL too slow, could only write 0 of 720 frames
07-05 18:41:47.687  1394  3176 I chatty  : uid=1041(audioserver) writer identical 2 lines
07-05 18:41:47.702  1394  3176 W audio_hw_generic: Hardware backing HAL too slow, could only write 0 of 720 frames
07-05 18:41:47.781  1489 26186 E OMXNodeInstance: getConfig(0xaf2141e0:google.aac.decoder, ConfigAndroidVendorExtension(0x6f100004)) ERROR: Undefined(0x80001001)
07-05 18:41:47.790  1393  1393 W /system/bin/hw/android.hidl.allocator@1.0-service: ashmem_create_region(8192) returning hidl_memory(0xb151b830, 8192)
07-05 18:41:47.815  1393  1393 I chatty  : uid=1000(system) allocator@1.0-s identical 2 lines
07-05 18:41:47.818  1393  1393 W /system/bin/hw/android.hidl.allocator@1.0-service: ashmem_create_region(8192) returning hidl_memory(0xb151b830, 8192)
07-05 18:41:47.842  1393  1393 W /system/bin/hw/android.hidl.allocator@1.0-service: ashmem_create_region(32768) returning hidl_memory(0xb151b830, 32768)
07-05 18:41:47.850  1393  1393 I chatty  : uid=1000(system) allocator@1.0-s identical 2 lines
07-05 18:41:47.853  1393  1393 W /system/bin/hw/android.hidl.allocator@1.0-service: ashmem_create_region(32768) returning hidl_memory(0xb151b830, 32768)
07-05 18:41:47.862 13149 13149 I Monkey  : Events injected: 1
07-05 18:41:47.876  1489 13193 I SoftAAC2: Reconfiguring decoder: 0->44100 Hz, 0->2 channels
07-05 18:41:47.901  1393  1393 W /system/bin/hw/android.hidl.allocator@1.0-service: ashmem_create_region(32768) returning hidl_memory(0xb151b830, 32768)
07-05 18:41:47.902  1393  1393 I chatty  : uid=1000(system) allocator@1.0-s identical 2 lines
07-05 18:41:47.905  1393  1393 W /system/bin/hw/android.hidl.allocator@1.0-service: ashmem_create_region(32768) returning hidl_memory(0xb151b830, 32768)
07-05 18:41:47.949  1402  1440 D gralloc_ranchu: gralloc_alloc: Creating ashmem region of size 8298496
07-05 18:41:48.008  1477  1572 D AudioFlinger: mixer(0xac983140) throttle end: throttle time(12)
07-05 18:41:48.072  1477  7099 W AudioFlinger: createTrack_l(): mismatch between requested flags (00000008) and output flags (00000006)
07-05 18:41:48.112 12686 13187 D AudioTrack: Client defaulted notificationFrames to 3675 for frameCount 11025
07-05 18:41:48.151  1604  1619 W Looper  : Dispatch took 195ms on android.ui, h=Handler (com.android.server.policy.PhoneWindowManager$PolicyHandler) {35d3375} cb=android.database.ContentObserver$NotificationRunnable@1247f7 msg=0
07-05 18:41:48.155 12686 13187 W AudioTrack: Use of stream types is deprecated for operations other than volume control
07-05 18:41:48.155 12686 13187 W AudioTrack: See the documentation of AudioTrack() for what to use instead with android.media.AudioAttributes to qualify your playback use case
07-05 18:41:48.181 13149 13149 I Monkey  : ## Network stats: elapsed time=1098ms (0ms mobile, 0ms wifi, 1098ms not connected)
07-05 18:41:48.190 13149 13149 I com.android.commands.monkey: System.exit called, status: 0
07-05 18:41:48.190 13149 13149 I AndroidRuntime: VM exiting with result code 0.
07-05 18:41:48.251 13047 13065 D EGL_emulation: eglMakeCurrent: 0x8e6fbfe0: ver 2 0 (tinfo 0x8e534110)
07-05 18:41:48.328 13047 13132 D AudioTrack: stop() called with 540672 frames delivered
07-05 18:41:48.334  1604  5450 V MediaRouterService: restoreBluetoothA2dp(false)
07-05 18:41:48.337  1604  1618 W ActivityManager: Activity pause timeout for ActivityRecord{f327905 u0 com.EvilChaotic.ModernWarplanes/com.unity3d.player.UnityPlayerActivity t45}
07-05 18:41:48.464  1604  1618 W ActivityManager: Slow operation: 93ms so far, now at startProcess: returned from zygote!
07-05 18:41:48.464  1604  1618 W ActivityManager: Slow operation: 93ms so far, now at startProcess: done updating battery stats
07-05 18:41:48.464  1604  1618 W ActivityManager: Slow operation: 94ms so far, now at startProcess: building log message
07-05 18:41:48.464  1604  1618 I ActivityManager: Start proc 13198:com.ea.games.r3_row/u0a83 for activity com.ea.games.r3_row/com.firemint.realracing.UnpackAssetsActivity
07-05 18:41:48.464  1604  1618 W ActivityManager: Slow operation: 94ms so far, now at startProcess: starting to update pids map
07-05 18:41:48.465  1604  1618 W ActivityManager: Slow operation: 94ms so far, now at startProcess: done updating pids map
07-05 18:41:48.465  1604  1618 W ActivityManager: Slow operation: 97ms so far, now at startProcess: done starting proc!
07-05 18:41:48.806 13198 13198 W zygote  : Unexpected CPU variant for X86 using defaults: x86
07-05 18:41:49.092  1604  7252 W ActivityManager: Slow operation: 88ms so far, now at attachApplicationLocked: immediately after bindApplication
07-05 18:41:49.147  1604  7252 W ActivityManager: Slow operation: 89ms so far, now at attachApplicationLocked: after updateLruProcessLocked
07-05 18:41:49.327  1394  3176 W audio_hw_generic: Not supplying enough data to HAL, expected position 809108714 , only wrote 809108640
07-05 18:41:49.329  1394  3176 W audio_hw_generic: Not supplying enough data to HAL, expected position 809108733 , only wrote 809108640
07-05 18:41:49.351  1394  3176 W audio_hw_generic: Not supplying enough data to HAL, expected position 809109673 , only wrote 809109360
07-05 18:41:49.414  1402  1440 D gralloc_ranchu: gralloc_alloc: Creating ashmem region of size 8298496
07-05 18:41:49.463  1604  7252 D         : HostConnection::get() New Host Connection established 0xa2e6ce80, tid 7252
07-05 18:41:49.475  1412  1412 E EGL_emulation: tid 1412: eglCreateSyncKHR(1962): error 0x3004 (EGL_BAD_ATTRIBUTE)
07-05 18:41:49.495  1604  7252 W ActivityManager: Slow operation: 491ms so far, now at attachApplicationLocked: after mServices.attachApplicationLocked
07-05 18:41:49.502  1604  1619 W Looper  : Dispatch took 295ms on android.ui, h=Handler (com.android.server.am.ActivityManagerService$UiHandler) {63b7718} cb=null msg=31
07-05 18:41:49.643  1402  1440 D gralloc_ranchu: gralloc_alloc: Creating ashmem region of size 8298496
07-05 18:41:49.857  1604  1617 E memtrack: Couldn't load memtrack module
07-05 18:41:49.857  1604  1617 W android.os.Debug: failed to get memory consumption info: -1
07-05 18:41:49.981 13198 13198 I MultiDex: VM with version 2.1.0 has multidex support
07-05 18:41:49.982 13198 13198 I MultiDex: install
07-05 18:41:49.982 13198 13198 I MultiDex: VM has multidex support, MultiDex support library is disabled.
07-05 18:41:50.825  1604  3192 I zygote  : android::hardware::configstore::V1_0::ISurfaceFlingerConfigs::hasWideColorDisplay retrieved: 0
07-05 18:41:50.827  1604  3192 I OpenGLRenderer: Initialized EGL, version 1.4
07-05 18:41:50.827  1604  3192 D OpenGLRenderer: Swap behavior 1
07-05 18:41:50.841  1604  3192 W OpenGLRenderer: Failed to choose config with EGL_SWAP_BEHAVIOR_PRESERVED, retrying without...
07-05 18:41:50.842  1604  3192 D OpenGLRenderer: Swap behavior 0
07-05 18:41:51.065  1604  3192 D EGL_emulation: eglCreateContext: 0xa57fdec0: maj 2 min 0 rcv 2
07-05 18:41:51.103  1604  3192 D EGL_emulation: eglMakeCurrent: 0xa57fdec0: ver 2 0 (tinfo 0x91a907b0)
07-05 18:41:51.362  1394  1575 W audio_hw_generic: Not supplying enough data to HAL, expected position 809302356 , only wrote 809205840
07-05 18:41:51.524 12686 13078 I UnityAds: com.unity3d.services.core.api.Sdk.logInfo() (line:69) :: Received configuration for token eyJhbGciOiJIUzI1NiIsInR5cCI6IkpXVCJ9.eyJhdWMiOjE4NywiY3BpIjoxNzcsImlhcCI6MTkyLCJsdHYiOjE2LCJwcm8iOjM3LCJ4cHIiOjY1LCJzdWIiOiJUam1IalFKVGM4NWtZemdVY0diUlJYWUdwY3dWRGcrLzJhdURWUTIyamp3TTNEbWQwVnVQeWVwTVpEdm0wUmRvT2NHUnhRPT0iLCJpYXQiOjE1NjIzNTIxMDMsImV4cCI6MTU2MzU2MTcwMywiaXNzIjoiY29tZXQudW5pdHlhZHMudW5pdHkzZC5jb20iLCJjcmVhdGVkIjoxNTU3NDQzMjUyMDAwfQ.UltyaXB79osv_0wZQn8bfrgdOOAQx8q4XdN5gh-l55k (A/B group 8)
07-05 18:41:52.009 13198 13198 D OpenGLRenderer: HWUI GL Pipeline
07-05 18:41:52.305 13198 13208 I zygote  : NativeAlloc concurrent copying GC freed 1264(457KB) AllocSpace objects, 0(0B) LOS objects, 60% free, 1018KB/2MB, paused 107.211ms total 309.332ms
07-05 18:41:52.364  1412  1427 E SurfaceFlinger: ro.sf.lcd_density must be defined as a build property
07-05 18:41:52.396 12686 12686 W Ads     : GET LOCATION COMPILED
07-05 18:41:52.427 13198 13213 I RealRacing3: extractAssets: Zip checksum OK, only extracting missing files.
07-05 18:41:52.692  1402  1440 D gralloc_ranchu: gralloc_alloc: Creating ashmem region of size 8298496
07-05 18:41:52.697 13198 13214 D         : HostConnection::get() New Host Connection established 0xa2e26b00, tid 13214
07-05 18:41:52.717 13198 13214 I zygote  : android::hardware::configstore::V1_0::ISurfaceFlingerConfigs::hasWideColorDisplay retrieved: 0
07-05 18:41:52.717 13198 13214 I OpenGLRenderer: Initialized EGL, version 1.4
07-05 18:41:52.718 13198 13214 D OpenGLRenderer: Swap behavior 1
07-05 18:41:52.719 13198 13214 W OpenGLRenderer: Failed to choose config with EGL_SWAP_BEHAVIOR_PRESERVED, retrying without...
07-05 18:41:52.719 13198 13214 D OpenGLRenderer: Swap behavior 0
07-05 18:41:52.847 13198 13214 D EGL_emulation: eglCreateContext: 0xa58050c0: maj 2 min 0 rcv 2
07-05 18:41:52.847  1402  1440 D gralloc_ranchu: gralloc_alloc: Creating ashmem region of size 8298496
07-05 18:41:52.896 13198 13214 D EGL_emulation: eglMakeCurrent: 0xa58050c0: ver 2 0 (tinfo 0xa5803220)
07-05 18:41:52.900  1402  1440 D gralloc_ranchu: gralloc_alloc: Creating ashmem region of size 8298496
07-05 18:41:52.901  1412  1866 E SurfaceFlinger: ro.sf.lcd_density must be defined as a build property
07-05 18:41:53.133 13198 13214 D EGL_emulation: eglMakeCurrent: 0xa58050c0: ver 2 0 (tinfo 0xa5803220)
07-05 18:41:53.320  1604  1625 I ActivityManager: Displayed com.ea.games.r3_row/com.firemint.realracing.UnpackAssetsActivity: +4s910ms
07-05 18:41:53.762  1707  1729 I zygote  : NativeAlloc concurrent copying GC freed 11619(650KB) AllocSpace objects, 0(0B) LOS objects, 28% free, 14MB/20MB, paused 3.016ms total 3.668s
07-05 18:41:53.846  1604  1617 E memtrack: Couldn't load memtrack module
07-05 18:41:53.846  1604  1617 W android.os.Debug: failed to get memory consumption info: -1
07-05 18:41:54.657 12686 12686 I Unity   : Could not load type 'UnityEngine.Analytics.AnalyticsEvent,Unity.Analytics.StandardEvents'.
07-05 18:41:54.657 12686 12686 I Unity   :  
07-05 18:41:54.657 12686 12686 I Unity   : (Filename: /Users/builduser/buildslave/unity/build/artifacts/generated/common/runtime/DebugBindings.gen.cpp Line: 51)
07-05 18:41:54.657 12686 12686 I Unity   : 
07-05 18:41:54.740 12686 12686 I Choreographer: Skipped 37 frames!  The application may be doing too much work on its main thread.
07-05 18:41:54.866 12686 12686 I DynamiteModule: Considering local module com.google.android.gms.ads.dynamite:0 and remote module com.google.android.gms.ads.dynamite:20300
07-05 18:41:54.867 12686 12686 I DynamiteModule: Selected remote version of com.google.android.gms.ads.dynamite, version >= 20300
07-05 18:41:55.064 28496 28496 I net.osmand: TTSCommandPlayerImpl Send message to pebble sem sinal g p s 
07-05 18:41:55.064 28496 28496 D net.osmand: AbstractPrologCommandPlayer requestAudioFocus
07-05 18:41:55.070 28496 28496 W AudioManager: Use of stream types is deprecated for operations other than volume control
07-05 18:41:55.071 28496 28496 W AudioManager: See the documentation of requestAudioFocus() for what to use instead with android.media.AudioAttributes to qualify your playback use case
07-05 18:41:55.075  1604  5757 I MediaFocusControl: requestAudioFocus() from uid/pid 10104/28496 clientId=android.media.AudioManager@9796e46net.osmand.plus.api.AudioFocusHelperImpl@a728641 callingPack=net.osmand req=3 flags=0x0 sdk=26
07-05 18:41:55.077 28496 28496 D net.osmand: TTSCommandPlayerImpl ttsRequests=1
07-05 18:41:55.110  4639 28593 I TTS.GoogleTTSServiceImp: Synthesis request for locale por-BRA and name pt-BR-language
07-05 18:41:55.119  4639 28593 I TTS.GoogleTTSServiceImp: TTS dispatch: pt-br-x-afs-lstm-embedded
07-05 18:41:55.172  4639 28594 D AudioTrack: Client defaulted notificationFrames to 1365 for frameCount 4096
07-05 18:41:55.205  1604  5757 V MediaRouterService: restoreBluetoothA2dp(false)
07-05 18:41:55.211  1394  3176 W audio_hw_generic: Not supplying enough data to HAL, expected position 809205884 , only wrote 809205840
07-05 18:41:55.392 12686 12686 D Prime31 : rewardBasedAd: onRewardedVideoAdLoaded
07-05 18:41:55.466  1604  5757 I WifiService: getConnectionInfo uid=10014
07-05 18:41:55.555  1970 12605 E WakeLock: GCM_HB_ALARM release without a matched acquire!
07-05 18:41:55.559 12686 12686 I Choreographer: Skipped 46 frames!  The application may be doing too much work on its main thread.
07-05 18:41:55.587 28496 28496 I net.osmand: RoutingHelper Recalculate route, because correlation  : 214.74408039865548
07-05 18:41:55.587 28496 28496 I net.osmand: RoutingHelper Recalculate route, because wrong movement direction: 246.21614
07-05 18:41:55.919  1394  3176 W audio_hw_generic: Not supplying enough data to HAL, expected position 809239832 , only wrote 809239680
07-05 18:41:55.949  1477  1572 D AudioFlinger: mixer(0xac983140) throttle end: throttle time(12)
07-05 18:41:56.086  1604  7252 I WifiService: getConnectionInfo uid=10014
07-05 18:41:56.211 28496 28496 I net.osmand: RoutingHelper Recalculate route, because correlation  : 214.74408039865548
07-05 18:41:56.211 28496 28496 I net.osmand: RoutingHelper Recalculate route, because wrong movement direction: 246.21614
07-05 18:41:56.215 28496 28496 I net.osmand: RoutingHelper Recalculate route, because correlation  : 214.74408039865548
07-05 18:41:56.235 28496 28496 I net.osmand: RoutingHelper Recalculate route, because correlation  : 214.74408039865548
07-05 18:41:56.235 28496 28496 I net.osmand: RoutingHelper Recalculate route, because wrong movement direction: 246.21614
07-05 18:41:56.245 28496 28496 I net.osmand: RoutingHelper Recalculate route, because correlation  : 214.74408039865548
07-05 18:41:56.388 12686 12686 I DynamiteModule: Considering local module com.google.android.gms.ads.dynamite:0 and remote module com.google.android.gms.ads.dynamite:20300
07-05 18:41:56.388 12686 12686 I DynamiteModule: Selected remote version of com.google.android.gms.ads.dynamite, version >= 20300
07-05 18:41:56.452 28496 28496 I net.osmand: RoutingHelper Recalculate route, because correlation  : 214.74408039865548
07-05 18:41:56.453 28496 28496 I net.osmand: RoutingHelper Recalculate route, because wrong movement direction: 246.21614
07-05 18:41:56.615 12686 12696 W zygote  : Suspending all threads took: 22.445ms
07-05 18:41:56.670 12686 12686 D Prime31 : interstitial: onReceiveAd
07-05 18:41:56.759 28496 28496 I net.osmand: RoutingHelper Recalculate route, because correlation  : 214.74408039865548
07-05 18:41:57.107 12686 13078 I UnityAds: com.unity3d.services.core.api.Sdk.logInfo() (line:69) :: Requesting ad plan from https://auction.unityads.unity3d.com/v5/games/64136/requests?advertisingTrackingId=5abff647-1769-453d-a781-f50df938ad7a&limitAdTracking=false&deviceModel=Android%20SDK%20built%20for%20x86&platform=android&sdkVersion=3003&stores=google&deviceMake=Google&screenSize=268435794&screenDensity=420&apiLevel=27&screenWidth=1794&screenHeight=1080&connectionType=wifi&networkType=13
07-05 18:41:57.311  4639 28594 D AudioTrack: stop() called with 44330 frames delivered
07-05 18:41:57.332 28496 28543 D net.osmand: AbstractPrologCommandPlayer abandonAudioFocus
07-05 18:41:57.332  1604  5450 I MediaFocusControl: abandonAudioFocus() from uid/pid 10104/28496 clientId=android.media.AudioManager@9796e46net.osmand.plus.api.AudioFocusHelperImpl@a728641
07-05 18:41:57.333 28496 28543 D net.osmand: TTSCommandPlayerImpl ttsRequests=0
07-05 18:41:57.405  1394  3176 W audio_hw_generic: Not supplying enough data to HAL, expected position 809311033 , only wrote 809310960
07-05 18:41:57.548 28496 28496 I net.osmand: RoutingHelper Recalculate route, because correlation  : 214.74408039865548
07-05 18:41:57.760 28496 28496 I net.osmand: RoutingHelper Recalculate route, because correlation  : 214.74408039865548
07-05 18:41:57.760 28496 28496 I net.osmand: RoutingHelper Recalculate route, because wrong movement direction: 246.21614
07-05 18:41:57.318  1604  5757 V MediaRouterService: restoreBluetoothA2dp(false)
07-05 18:41:57.940  1604  1618 W ActivityManager: Slow operation: 134ms so far, now at startProcess: returned from zygote!
07-05 18:41:57.940  1604  1618 W ActivityManager: Slow operation: 135ms so far, now at startProcess: done updating battery stats
07-05 18:41:57.940  1604  1618 W ActivityManager: Slow operation: 135ms so far, now at startProcess: building log message
07-05 18:41:57.940  1604  1618 I ActivityManager: Start proc 13226:com.android.vending/u0a26 for service com.android.vending/com.google.android.finsky.billing.iab.InAppBillingService
07-05 18:41:57.941  1604  1618 W ActivityManager: Slow operation: 136ms so far, now at startProcess: starting to update pids map
07-05 18:41:57.941  1604  1618 W ActivityManager: Slow operation: 136ms so far, now at startProcess: done updating pids map
07-05 18:41:57.941  1604  1618 W ActivityManager: Slow operation: 138ms so far, now at startProcess: done starting proc!
07-05 18:41:58.017 13226 13226 W zygote  : Unexpected CPU variant for X86 using defaults: x86
07-05 18:41:58.053 28496 28496 I net.osmand: RoutingHelper Recalculate route, because correlation  : 214.74408039865548
07-05 18:41:58.053 28496 28496 I net.osmand: RoutingHelper Recalculate route, because wrong movement direction: 246.21614
07-05 18:41:58.140 28496 28496 I net.osmand: RoutingHelper Recalculate route, because correlation  : 214.74408039865548
07-05 18:41:58.364 28496 28496 I net.osmand: RoutingHelper Recalculate route, because correlation  : 214.74408039865548
07-05 18:41:58.364 28496 28496 I net.osmand: RoutingHelper Recalculate route, because wrong movement direction: 246.21614
07-05 18:41:58.421  1604  1613 I zygote  : Background concurrent copying GC freed 22475(1312KB) AllocSpace objects, 4(208KB) LOS objects, 5% free, 110MB/116MB, paused 1.098ms total 1.137s
07-05 18:41:58.518 28496 28496 I net.osmand: RoutingHelper Recalculate route, because correlation  : 214.74408039865548
07-05 18:41:58.518 28496 28496 I net.osmand: RoutingHelper Recalculate route, because wrong movement direction: 246.21614
07-05 18:41:58.670  1394  3176 W audio_hw_generic: Not supplying enough data to HAL, expected position 809371649 , only wrote 809371440
07-05 18:41:58.671  1394  3176 W audio_hw_generic: Not supplying enough data to HAL, expected position 809371489 , only wrote 809371440
07-05 18:41:58.687  1394  3176 W audio_hw_generic: Not supplying enough data to HAL, expected position 809372236 , only wrote 809372160
07-05 18:41:58.866 28496 28496 I net.osmand: RoutingHelper Recalculate route, because correlation  : 214.74408039865548
07-05 18:41:59.072  1394  3176 W audio_hw_generic: Hardware backing HAL too slow, could only write 0 of 720 frames
07-05 18:41:59.076 28496 28496 I net.osmand: RoutingHelper Recalculate route, because correlation  : 214.74408039865548
07-05 18:41:59.076 28496 28496 I net.osmand: RoutingHelper Recalculate route, because wrong movement direction: 246.21614
07-05 18:41:59.088  1394  3176 W audio_hw_generic: Hardware backing HAL too slow, could only write 0 of 720 frames
07-05 18:41:59.103  1394  3176 W audio_hw_generic: Hardware backing HAL too slow, could only write 0 of 720 frames
07-05 18:41:59.265 28496 28496 I net.osmand: RoutingHelper Recalculate route, because correlation  : 214.74408039865548
07-05 18:41:59.521 28496 28496 I net.osmand: RoutingHelper Recalculate route, because correlation  : 214.74408039865548
07-05 18:41:59.523 28496 28496 I net.osmand: RoutingHelper Recalculate route, because wrong movement direction: 246.21614
07-05 18:41:59.633 12686 13078 I UnityAds: com.unity3d.services.core.api.Sdk.logInfo() (line:69) :: AdPlan received with 1 campaigns and refreshDelay 0
07-05 18:41:59.780 28496 28496 I net.osmand: RoutingHelper Recalculate route, because correlation  : 214.74408039865548
07-05 18:42:00.264  1394  3176 W audio_hw_generic: Not supplying enough data to HAL, expected position 809447829 , only wrote 809447760
07-05 18:42:00.265  1394  3176 W audio_hw_generic: Not supplying enough data to HAL, expected position 809447809 , only wrote 809447760
07-05 18:42:00.281  1394  3176 W audio_hw_generic: Not supplying enough data to HAL, expected position 809448556 , only wrote 809448480
07-05 18:42:00.344  1394  1575 W audio_hw_generic: Not supplying enough data to HAL, expected position 809453620 , only wrote 809451360
07-05 18:42:00.671 28496 28496 I net.osmand: RoutingHelper Recalculate route, because correlation  : 214.74408039865548
07-05 18:42:00.671 28496 28496 I net.osmand: RoutingHelper Recalculate route, because wrong movement direction: 246.21614
07-05 18:42:00.762  1604  1625 E SensorNotificationService: Invalid local geomagnetic field, ignore.
07-05 18:42:00.833 28496 28496 I net.osmand: RoutingHelper Recalculate route, because correlation  : 214.74408039865548
07-05 18:42:00.833 28496 28496 I net.osmand: RoutingHelper Recalculate route, because wrong movement direction: 246.21614
07-05 18:42:00.864 12686 12691 I zygote  : Do full code cache collection, code=121KB, data=83KB
07-05 18:42:00.877 12686 12691 I zygote  : After code cache collection, code=78KB, data=51KB
07-05 18:42:00.916 28496 28496 I net.osmand: RoutingHelper Recalculate route, because correlation  : 214.74408039865548
07-05 18:42:00.935 28496 28496 I chatty  : uid=10104(net.osmand) identical 1 line
07-05 18:42:01.384 28496 28496 I net.osmand: RoutingHelper Recalculate route, because correlation  : 214.74408039865548
07-05 18:42:01.384 28496 28496 I net.osmand: RoutingHelper Recalculate route, because wrong movement direction: 246.21614
07-05 18:42:01.506 28496 28496 I net.osmand: RoutingHelper Recalculate route, because correlation  : 214.74408039865548
07-05 18:42:01.512 13226 13245 I Finsky  : [2390] osi.a(41): Started reading experiment flags from file [SKocQA9EQQFTb-1gQsc5WsjVhGA].
07-05 18:42:01.535 13226 13245 I Finsky  : [2390] osi.a(42): Finished reading experiment flags from file [SKocQA9EQQFTb-1gQsc5WsjVhGA].
07-05 18:42:01.739 13226 13245 I Finsky  : [2390] osi.a(41): Started reading experiment flags from file [G52CZaGFwts1aHi7hBICTFj3CLg].
07-05 18:42:01.780 13226 13245 I Finsky  : [2390] osi.a(42): Finished reading experiment flags from file [G52CZaGFwts1aHi7hBICTFj3CLg].
07-05 18:42:02.436  1604  1617 E memtrack: Couldn't load memtrack module
07-05 18:42:02.436  1604  1617 W android.os.Debug: failed to get memory consumption info: -1
07-05 18:42:03.285 13226 13240 I zygote  : Waiting for a blocking GC ProfileSaver
07-05 18:42:04.407 13226 13240 I zygote  : WaitForGcToComplete blocked ProfileSaver on HeapTrim for 1.121s
07-05 18:42:05.559 28496 28496 I net.osmand: RoutingHelper Recalculate route, because correlation  : 214.74408039865548
07-05 18:42:05.559 28496 28496 I net.osmand: RoutingHelper Recalculate route, because wrong movement direction: 246.21614
07-05 18:42:05.798 28496 28496 I net.osmand: RoutingHelper Recalculate route, because correlation  : 214.74408039865548
07-05 18:42:05.798 28496 28496 I net.osmand: RoutingHelper Recalculate route, because wrong movement direction: 246.21614
07-05 18:42:05.826 28496 28496 I net.osmand: RoutingHelper Recalculate route, because correlation  : 214.74408039865548
07-05 18:42:06.467 28496 28496 I net.osmand: RoutingHelper Recalculate route, because correlation  : 214.74408039865548
07-05 18:42:06.467 28496 28496 I net.osmand: RoutingHelper Recalculate route, because wrong movement direction: 246.21614
07-05 18:42:06.747 28496 28496 I net.osmand: RoutingHelper Recalculate route, because correlation  : 214.74408039865548
07-05 18:42:07.109 28496 28496 I net.osmand: RoutingHelper Recalculate route, because correlation  : 214.74408039865548
07-05 18:42:07.109 28496 28496 I net.osmand: RoutingHelper Recalculate route, because wrong movement direction: 246.21614
07-05 18:42:07.396 28496 28496 I net.osmand: RoutingHelper Recalculate route, because correlation  : 214.74408039865548
07-05 18:42:07.396 28496 28496 I net.osmand: RoutingHelper Recalculate route, because wrong movement direction: 246.21614
07-05 18:42:07.547  1707  1729 I zygote  : Background concurrent copying GC freed 7148(312KB) AllocSpace objects, 0(0B) LOS objects, 29% free, 14MB/20MB, paused 40.658ms total 2.304s
07-05 18:42:07.606 28496 28496 I net.osmand: RoutingHelper Recalculate route, because correlation  : 214.74408039865548
07-05 18:42:07.607 28496 28496 I net.osmand: RoutingHelper Recalculate route, because correlation  : 214.74408039865548
07-05 18:42:07.608 28496 28496 I net.osmand: RoutingHelper Recalculate route, because wrong movement direction: 246.21614
07-05 18:42:07.610 28496 28496 I net.osmand: RoutingHelper Recalculate route, because correlation  : 214.74408039865548
07-05 18:42:08.393 28496 28496 I net.osmand: RoutingHelper Recalculate route, because correlation  : 214.74408039865548
07-05 18:42:08.393 28496 28496 I net.osmand: RoutingHelper Recalculate route, because wrong movement direction: 246.21614
07-05 18:42:08.433 13198 13213 I RealRacing3: extractAssets: Done
07-05 18:42:08.438 13226 13226 I Finsky  : [2] osi.a(41): Started reading experiment flags from file [v6B-2IolLQRBwrwPhscSaeg04As].
07-05 18:42:08.459 13226 13226 I Finsky  : [2] osi.a(42): Finished reading experiment flags from file [v6B-2IolLQRBwrwPhscSaeg04As].
07-05 18:42:08.486 13226 13226 I Finsky  : [2] qtj.<init>(8): Resetting scheduler db
07-05 18:42:08.520  1489  1780 E OMXNodeInstance: !!! Observer died. Quickly, do something, ... anything...
07-05 18:42:08.556  1604  4624 D ConnectivityService: ConnectivityService NetworkRequestInfo binderDied(NetworkRequest [ LISTEN id=88, [ Capabilities: INTERNET&NOT_RESTRICTED&TRUSTED&FOREGROUND] ], android.os.BinderProxy@605b30)
07-05 18:42:08.556  1604  1665 W InputDispatcher: channel 'b9ab1 com.skgames.trafficrider/com.prime31.UnityPlayerNativeActivity (server)' ~ Consumer closed input channel or an error occurred.  events=0x9
07-05 18:42:08.556  1604  1665 E InputDispatcher: channel 'b9ab1 com.skgames.trafficrider/com.prime31.UnityPlayerNativeActivity (server)' ~ Channel is unrecoverably broken and will be disposed!
