07-02 18:49:29.687 26911 26911 W ResourceType: For resource 0x7f0e017b, entry index(379) is beyond type entryCount(142)
07-02 18:49:29.709 26911 26911 W ResourceType: For resource 0x7f0e0125, entry index(293) is beyond type entryCount(142)
07-02 18:49:29.740 26911 26911 W ResourceType: For resource 0x7f0e0125, entry index(293) is beyond type entryCount(142)
07-02 18:49:29.875 26911 26911 W ResourceType: For resource 0x7f0e01a5, entry index(421) is beyond type entryCount(142)
07-02 18:49:29.875 26911 26911 W ResourceType: For resource 0x7f0e00a9, entry index(169) is beyond type entryCount(142)
07-02 18:49:29.903 26911 26911 W ResourceType: For resource 0x7f0e01bc, entry index(444) is beyond type entryCount(142)
07-02 18:49:29.990 26911 26911 W ResourceType: For resource 0x7f0e0132, entry index(306) is beyond type entryCount(142)
07-02 18:49:29.993 26911 26911 W ResourceType: For resource 0x7f0e00f7, entry index(247) is beyond type entryCount(142)
07-02 18:49:29.997 26911 26911 W ResourceType: For resource 0x7f0e0131, entry index(305) is beyond type entryCount(142)
07-02 18:49:29.997 26911 26911 W ResourceType: For resource 0x7f0e010f, entry index(271) is beyond type entryCount(142)
07-02 18:49:29.999 26911 26911 W ResourceType: For resource 0x7f0e0175, entry index(373) is beyond type entryCount(142)
07-02 18:49:30.016 26911 26911 W ResourceType: For resource 0x7f0e0173, entry index(371) is beyond type entryCount(142)
07-02 18:49:30.048  1604  1666 I InputReader: Reconfiguring input devices.  changes=0x00000004
07-02 18:49:30.087 26911 26911 W ResourceType: For resource 0x7f0e011d, entry index(285) is beyond type entryCount(142)
07-02 18:49:30.103 26911 26911 I chatty  : uid=10104(net.osmand) identical 4 lines
07-02 18:49:30.104 26911 26911 W ResourceType: For resource 0x7f0e011d, entry index(285) is beyond type entryCount(142)
07-02 18:49:30.104 26911 26911 W ResourceType: For resource 0x7f0e01ac, entry index(428) is beyond type entryCount(142)
07-02 18:49:30.104 26911 26911 W ResourceType: For resource 0x7f0e00ae, entry index(174) is beyond type entryCount(142)
07-02 18:49:30.104 26911 26911 W ResourceType: For resource 0x7f0e013d, entry index(317) is beyond type entryCount(142)
07-02 18:49:30.105 26911 26911 W ResourceType: For resource 0x7f0e013e, entry index(318) is beyond type entryCount(142)
07-02 18:49:30.131  1394  3176 W audio_hw_generic: Not supplying enough data to HAL, expected position 376221894 , only wrote 376221600
07-02 18:49:30.134  1394  3176 W audio_hw_generic: Not supplying enough data to HAL, expected position 376221747 , only wrote 376221600
07-02 18:49:30.156  1394  3176 W audio_hw_generic: Not supplying enough data to HAL, expected position 376222654 , only wrote 376222320
07-02 18:49:30.164  1402  1440 D gralloc_ranchu: gralloc_alloc: Creating ashmem region of size 544768
07-02 18:49:30.200 26911 26924 I zygote  : Waiting for a blocking GC ProfileSaver
07-02 18:49:30.247 26911 26911 W ResourceType: For resource 0x7f0e013b, entry index(315) is beyond type entryCount(142)
07-02 18:49:30.248 26911 26911 I chatty  : uid=10104(net.osmand) identical 4 lines
07-02 18:49:30.248 26911 26911 W ResourceType: For resource 0x7f0e013b, entry index(315) is beyond type entryCount(142)
07-02 18:49:30.284  1604  1666 I InputReader: Reconfiguring input devices.  changes=0x00000004
07-02 18:49:30.288  1707  1933 D EGL_emulation: eglMakeCurrent: 0x91a91b00: ver 2 0 (tinfo 0x91b96990)
07-02 18:49:30.319 26911 26911 W ResourceType: For resource 0x7f0e013b, entry index(315) is beyond type entryCount(142)
07-02 18:49:30.320 26911 26911 I chatty  : uid=10104(net.osmand) identical 3 lines
07-02 18:49:30.320 26911 26911 W ResourceType: For resource 0x7f0e013b, entry index(315) is beyond type entryCount(142)
07-02 18:49:30.334  1403  1418 D hwcomposer: hw_composer sent 114 syncs in 4260s
07-02 18:49:30.343  1402  1440 D gralloc_ranchu: gralloc_alloc: Creating ashmem region of size 544768
07-02 18:49:30.405  1707  1933 D EGL_emulation: eglMakeCurrent: 0x91a91b00: ver 2 0 (tinfo 0x91b96990)
07-02 18:49:30.407  1970  1970 I GeofencerStateMachine: removeGeofences: removeRequest=RemoveGeofencingRequest[REMOVE_BY_PENDING_INTENT pendingIntent=PendingIntent[creatorPackage=com.google.android.gms], packageName=com.google.android.gms]
07-02 18:49:30.432  9593  9643 D EGL_emulation: eglMakeCurrent: 0xa5805ba0: ver 2 0 (tinfo 0xa58033e0)
07-02 18:49:30.443 26911  1907 D net.osmand: DownloadOsmandIndexesHelper Start loading list of index files
07-02 18:49:30.481  1970  1970 I GeofencerStateMachine: removeGeofences: removeRequest=RemoveGeofencingRequest[REMOVE_BY_PENDING_INTENT pendingIntent=PendingIntent[creatorPackage=com.google.android.gms], packageName=com.google.android.gms]
07-02 18:49:30.497  1604  3139 W LocalDisplayAdapter: Unable to find color mode 0, ignoring request.
07-02 18:49:30.518  1604  1666 I InputReader: Reconfiguring input devices.  changes=0x00000004
07-02 18:49:30.587  1604  6308 I zygote  : IncrementDisableThreadFlip blocked for 19.075ms
07-02 18:49:30.588  1604  3139 I zygote  : IncrementDisableThreadFlip blocked for 13.642ms
07-02 18:49:30.588  1604  4621 I zygote  : IncrementDisableThreadFlip blocked for 5.422ms
07-02 18:49:30.630  1701  1701 I KeyboardViewUtil: systemKeyboardHeightRatio:1.000000; userKeyboardHeightRatio:1.000000.
07-02 18:49:30.657 26911  1907 I net.osmand: DownloadOsmandIndexesHelper https://download.osmand.net/get_indexes?gzip&osmandver=OsmAnd+3.3.8&nd=46&ns=36&aid=a094dcc565ec90a2
07-02 18:49:30.731  1707  1707 D EGL_emulation: eglCreateContext: 0x90fd3680: maj 2 min 0 rcv 2
07-02 18:49:30.739  1707  1707 D EGL_emulation: eglMakeCurrent: 0x90fd3680: ver 2 0 (tinfo 0x916e0300)
07-02 18:49:30.748  1402  1440 D gralloc_ranchu: gralloc_alloc: Creating ashmem region of size 9547776
07-02 18:49:30.750  1701  1701 I DeviceStatusMonitor: onReceive() : Action = android.intent.action.CONFIGURATION_CHANGED
07-02 18:49:30.750  1701  1701 I ConfigNotification: Get device mode by ui mode:1 and smallestScreenWidthDp:411
07-02 18:49:30.751  1701  1701 I chatty  : uid=10060(com.google.android.inputmethod.latin) identical 2 lines
07-02 18:49:30.751  1701  1701 I ConfigNotification: Get device mode by ui mode:1 and smallestScreenWidthDp:411
07-02 18:49:30.781  1707  1707 D EGL_emulation: eglMakeCurrent: 0x90fd3680: ver 2 0 (tinfo 0x916e0300)
07-02 18:49:30.859  1604  1625 W WindowManager: Window freeze timeout expired.
07-02 18:49:30.859  1604  1625 W WindowManager: Force clearing orientation change: Window{8a752c8 u0 StatusBar}
07-02 18:49:30.859  1604  1625 W WindowManager: Force clearing orientation change: Window{8b0e3ed u0 com.android.systemui.ImageWallpaper}
07-02 18:49:30.885  1970  1902 I zygote  : Deoptimizing java.util.List bvok.a(java.lang.Object, long) due to JIT inline cache
07-02 18:49:30.891  1604  1651 I WindowManager: Screen frozen for +2s108ms due to Window{8a752c8 u0 StatusBar}
07-02 18:49:30.900  1402  1440 D gralloc_ranchu: gralloc_alloc: Creating ashmem region of size 9547776
07-02 18:49:30.960  1412  1412 D SurfaceFlinger: duplicate layer name: changing BlackSurface to BlackSurface#1
07-02 18:49:30.963  1412  1412 I chatty  : uid=1000(system) /system/bin/surfaceflinger identical 1 line
07-02 18:49:30.965  1412  1412 D SurfaceFlinger: duplicate layer name: changing BlackSurface to BlackSurface#1
07-02 18:49:31.134 26911 26911 W System.err: OnCreate for MapActivity took 1713 ms
07-02 18:49:31.500  1970  1904 I PlaceInferenceEngine: [anon] Changed inference mode: 0
07-02 18:49:31.619  1970  1904 I PlaceInferenceEngine: [account#1066226748] Changed inference mode: 0
07-02 18:49:31.630  1707  1707 I Choreographer: Skipped 147 frames!  The application may be doing too much work on its main thread.
07-02 18:49:31.679  1402  1440 D gralloc_ranchu: gralloc_alloc: Creating ashmem region of size 544768
07-02 18:49:31.726  1707  1933 D EGL_emulation: eglMakeCurrent: 0x91a91b00: ver 2 0 (tinfo 0x91b96990)
07-02 18:49:31.765 26911 26911 D InAppPurchaseHelper: Destroying helper.
07-02 18:49:31.791  1402  1440 D gralloc_ranchu: gralloc_alloc: Creating ashmem region of size 544768
07-02 18:49:31.928 26911 26911 D net.osmand: Enable sensor
07-02 18:49:31.984  1604  4176 I GnssLocationProvider: WakeLock acquired by sendMessage(SET_REQUEST, 0, com.android.server.location.GnssLocationProvider$GpsRequest@7e89154)
07-02 18:49:32.020 26911 26911 W System.err: OnCreate for MapActivity took 255 ms
07-02 18:49:32.027  1707  1707 W StaticLayout: maxLineHeight should not be -1.  maxLines:7 lineCount:7
07-02 18:49:32.028  1707  1707 W StaticLayout: maxLineHeight should not be -1.  maxLines:7 lineCount:7
07-02 18:49:32.036  1402  1440 D gralloc_ranchu: gralloc_alloc: Creating ashmem region of size 8298496
07-02 18:49:32.070  1412  1412 E EGL_emulation: tid 1412: eglCreateSyncKHR(1962): error 0x3004 (EGL_BAD_ATTRIBUTE)
07-02 18:49:32.073  1604  6308 W LocalDisplayAdapter: Unable to find color mode 0, ignoring request.
07-02 18:49:32.104  1604  6308 I ActivityManager: Config changes=480 {1.0 310mcc260mnc [en_US] ldltr sw411dp w411dp h659dp 420dpi nrml port finger qwerty/v/v -nav/h appBounds=Rect(0, 0 - 1080, 1794) s.26}
07-02 18:49:32.107  1707  1707 W StaticLayout: maxLineHeight should not be -1.  maxLines:7 lineCount:7
07-02 18:49:32.108  1707  1707 W StaticLayout: maxLineHeight should not be -1.  maxLines:7 lineCount:7
07-02 18:49:32.122  1394  1567 W audio_hw_generic: Not supplying enough data to HAL, expected position 376410155 , only wrote 376316640
07-02 18:49:32.123  1604  1666 I InputReader: Reconfiguring input devices.  changes=0x00000004
07-02 18:49:32.123  1604  1666 I InputReader: Device reconfigured: id=0, name='qwerty2', size 1080x1920, orientation 0, mode 1, display id 0
07-02 18:49:32.125  1604  6308 I ActivityManager: Override config changes=480 {1.0 310mcc260mnc [en_US] ldltr sw411dp w411dp h659dp 420dpi nrml port finger qwerty/v/v -nav/h appBounds=Rect(0, 0 - 1080, 1794) s.26} for displayId=0
07-02 18:49:32.302  1707  1707 W StaticLayout: maxLineHeight should not be -1.  maxLines:7 lineCount:7
07-02 18:49:32.322  1707  1707 I chatty  : uid=10029(com.android.systemui) identical 2 lines
07-02 18:49:32.323  1707  1707 W StaticLayout: maxLineHeight should not be -1.  maxLines:7 lineCount:7
07-02 18:49:32.356  1701  1701 I KeyboardViewUtil: systemKeyboardHeightRatio:1.000000; userKeyboardHeightRatio:1.000000.
07-02 18:49:32.402  1707  1707 W StaticLayout: maxLineHeight should not be -1.  maxLines:7 lineCount:7
07-02 18:49:32.403  1707  1707 W StaticLayout: maxLineHeight should not be -1.  maxLines:7 lineCount:7
07-02 18:49:32.410  1970  1641 W ctxmgr  : [WorkManager] Long workInfo: pkg=com.google.android.googlequicksearchbox, lbl=GetCurrentContext, start=2019-07-02 18:49:28.717+0000, stop=2019-07-02 18:49:32.169+0000, durtn=3452ms [CONTEXT service_id=47 ]
07-02 18:49:32.451  1701  1701 I DeviceStatusMonitor: onReceive() : Action = android.intent.action.CONFIGURATION_CHANGED
07-02 18:49:32.451  1701  1701 I ConfigNotification: Get device mode by ui mode:1 and smallestScreenWidthDp:411
07-02 18:49:32.453  1701  1701 I chatty  : uid=10060(com.google.android.inputmethod.latin) identical 2 lines
07-02 18:49:32.453  1701  1701 I ConfigNotification: Get device mode by ui mode:1 and smallestScreenWidthDp:411
07-02 18:49:32.466  1707  1707 W StaticLayout: maxLineHeight should not be -1.  maxLines:7 lineCount:7
07-02 18:49:32.587  1707  1707 I chatty  : uid=10029(com.android.systemui) identical 4 lines
07-02 18:49:32.588  1707  1707 W StaticLayout: maxLineHeight should not be -1.  maxLines:7 lineCount:7
07-02 18:49:32.736 26911 26944 I zygote  : Deoptimizing boolean net.osmand.render.RenderingRuleSearchRequest.checkInputProperties(net.osmand.render.RenderingRule) due to JIT inline cache
07-02 18:49:32.758  1970  1975 I zygote  : Do partial code cache collection, code=3MB, data=2MB
07-02 18:49:32.837  1970  1970 I GeofencerStateMachine: sendNewLocationAvailability: availability=LocationAvailability[isLocationAvailable: true]
07-02 18:49:32.862  1604  1751 I GnssLocationProvider: WakeLock acquired by sendMessage(SET_REQUEST, 0, com.android.server.location.GnssLocationProvider$GpsRequest@2dd154a)
07-02 18:49:32.872 26911 26911 D net.osmand: Disable sensor
07-02 18:49:32.903 26911 26911 I net.osmand: MapRenderRepositories RENDER MAP: Interrupt rendering map
07-02 18:49:32.939 26911 26911 D InAppPurchaseHelper: Destroying helper.
07-02 18:49:32.988 26911 26911 W ResourceType: For resource 0x7f0e00c0, entry index(192) is beyond type entryCount(142)
07-02 18:49:32.988 26911 26911 W ResourceType: For resource 0x7f0e00d1, entry index(209) is beyond type entryCount(142)
07-02 18:49:32.989 26911 26911 W ResourceType: For resource 0x7f0e00cb, entry index(203) is beyond type entryCount(142)
07-02 18:49:32.989 26911 26911 W ResourceType: For resource 0x7f0e014d, entry index(333) is beyond type entryCount(142)
07-02 18:49:32.989 26911 26911 W ResourceType: For resource 0x7f0e00dd, entry index(221) is beyond type entryCount(142)
07-02 18:49:32.989 26911 26911 W ResourceType: For resource 0x7f0e00e4, entry index(228) is beyond type entryCount(142)
07-02 18:49:32.989  1970  1904 I Places  : Converted 1 out of 1 WiFi scans
07-02 18:49:32.990  1604  1751 I WifiService: getConnectionInfo uid=10014
07-02 18:49:33.040 26911 26911 W ResourceType: For resource 0x7f0e01c4, entry index(452) is beyond type entryCount(142)
07-02 18:49:33.040 26911 26911 W ResourceType: For resource 0x7f0e01c4, entry index(452) is beyond type entryCount(142)
07-02 18:49:33.040 26911 26911 W ResourceType: For resource 0x7f0e0183, entry index(387) is beyond type entryCount(142)
07-02 18:49:33.040 26911 26911 W ResourceType: For resource 0x7f0e0187, entry index(391) is beyond type entryCount(142)
07-02 18:49:33.040 26911 26911 W ResourceType: For resource 0x7f0e0185, entry index(389) is beyond type entryCount(142)
07-02 18:49:33.045 26911 26911 W ResourceType: For resource 0x7f0e015d, entry index(349) is beyond type entryCount(142)
07-02 18:49:33.045 26911 26911 W ResourceType: For resource 0x7f0e0195, entry index(405) is beyond type entryCount(142)
07-02 18:49:33.045 26911 26911 W ResourceType: For resource 0x7f0e016c, entry index(364) is beyond type entryCount(142)
07-02 18:49:33.045 26911 26911 W ResourceType: For resource 0x7f0e0163, entry index(355) is beyond type entryCount(142)
07-02 18:49:33.045 26911 26911 W ResourceType: For resource 0x7f0e00db, entry index(219) is beyond type entryCount(142)
07-02 18:49:33.045 26911 26911 W ResourceType: For resource 0x7f0e0193, entry index(403) is beyond type entryCount(142)
07-02 18:49:33.045 26911 26911 W ResourceType: For resource 0x7f0e016f, entry index(367) is beyond type entryCount(142)
07-02 18:49:33.045 26911 26911 W ResourceType: For resource 0x7f0e0161, entry index(353) is beyond type entryCount(142)
07-02 18:49:33.046 26911 26911 W ResourceType: For resource 0x7f0e0170, entry index(368) is beyond type entryCount(142)
07-02 18:49:33.046 26911 26911 W ResourceType: For resource 0x7f0e0174, entry index(372) is beyond type entryCount(142)
07-02 18:49:33.046 26911 26911 I chatty  : uid=10104(net.osmand) identical 2 lines
07-02 18:49:33.046 26911 26911 W ResourceType: For resource 0x7f0e0174, entry index(372) is beyond type entryCount(142)
07-02 18:49:33.046 26911 26911 W ResourceType: For resource 0x7f0e0177, entry index(375) is beyond type entryCount(142)
07-02 18:49:33.046 26911 26911 W ResourceType: For resource 0x7f0e0160, entry index(352) is beyond type entryCount(142)
07-02 18:49:33.046 26911 26911 W ResourceType: For resource 0x7f0e0199, entry index(409) is beyond type entryCount(142)
07-02 18:49:33.046 26911 26911 W ResourceType: For resource 0x7f0e017e, entry index(382) is beyond type entryCount(142)
07-02 18:49:33.046 26911 26911 W ResourceType: For resource 0x7f0e017f, entry index(383) is beyond type entryCount(142)
07-02 18:49:33.046 26911 26911 W ResourceType: For resource 0x7f0e0196, entry index(406) is beyond type entryCount(142)
07-02 18:49:33.047 26911 26911 W ResourceType: For resource 0x7f0e0197, entry index(407) is beyond type entryCount(142)
07-02 18:49:33.047 26911 26911 W ResourceType: For resource 0x7f0e0140, entry index(320) is beyond type entryCount(142)
07-02 18:49:33.047 26911 26911 W ResourceType: For resource 0x7f0e00e7, entry index(231) is beyond type entryCount(142)
07-02 18:49:33.047 26911 26911 W ResourceType: For resource 0x7f0e0194, entry index(404) is beyond type entryCount(142)
07-02 18:49:33.047 26911 26911 W ResourceType: For resource 0x7f0e01a5, entry index(421) is beyond type entryCount(142)
07-02 18:49:33.047 26911 26911 W ResourceType: For resource 0x7f0e017d, entry index(381) is beyond type entryCount(142)
07-02 18:49:33.047 26911 26911 W ResourceType: For resource 0x7f0e017b, entry index(379) is beyond type entryCount(142)
07-02 18:49:33.048 26911 26911 W ResourceType: For resource 0x7f0e010f, entry index(271) is beyond type entryCount(142)
07-02 18:49:33.048 26911 26911 W ResourceType: For resource 0x7f0e00f8, entry index(248) is beyond type entryCount(142)
07-02 18:49:33.048 26911 26911 W ResourceType: For resource 0x7f0e010f, entry index(271) is beyond type entryCount(142)
07-02 18:49:33.048 26911 26911 W ResourceType: For resource 0x7f0e0122, entry index(290) is beyond type entryCount(142)
07-02 18:49:33.049 26911 26911 W ResourceType: For resource 0x7f0e010b, entry index(267) is beyond type entryCount(142)
07-02 18:49:33.049 26911 26911 W ResourceType: For resource 0x7f0e010c, entry index(268) is beyond type entryCount(142)
07-02 18:49:33.049 26911 26911 W ResourceType: For resource 0x7f0e01ad, entry index(429) is beyond type entryCount(142)
07-02 18:49:33.049 26911 26911 W ResourceType: For resource 0x7f0e01ac, entry index(428) is beyond type entryCount(142)
07-02 18:49:33.056  1970  1975 I zygote  : After code cache collection, code=3MB, data=2MB
07-02 18:49:33.056  1970  1975 I zygote  : Increasing code cache capacity to 8MB
07-02 18:49:33.142 26911 26911 W ResourceType: For resource 0x7f0e01c4, entry index(452) is beyond type entryCount(142)
07-02 18:49:33.142 26911 26911 W ResourceType: For resource 0x7f0e01c4, entry index(452) is beyond type entryCount(142)
07-02 18:49:33.142 26911 26911 W ResourceType: For resource 0x7f0e0183, entry index(387) is beyond type entryCount(142)
07-02 18:49:33.142 26911 26911 W ResourceType: For resource 0x7f0e0187, entry index(391) is beyond type entryCount(142)
07-02 18:49:33.142 26911 26911 W ResourceType: For resource 0x7f0e0185, entry index(389) is beyond type entryCount(142)
07-02 18:49:33.142 26911 26911 W ResourceType: For resource 0x7f0e015d, entry index(349) is beyond type entryCount(142)
07-02 18:49:33.142 26911 26911 W ResourceType: For resource 0x7f0e0195, entry index(405) is beyond type entryCount(142)
07-02 18:49:33.142 26911 26911 W ResourceType: For resource 0x7f0e016c, entry index(364) is beyond type entryCount(142)
07-02 18:49:33.142 26911 26911 W ResourceType: For resource 0x7f0e0163, entry index(355) is beyond type entryCount(142)
07-02 18:49:33.142 26911 26911 W ResourceType: For resource 0x7f0e00db, entry index(219) is beyond type entryCount(142)
07-02 18:49:33.142 26911 26911 W ResourceType: For resource 0x7f0e0193, entry index(403) is beyond type entryCount(142)
07-02 18:49:33.142 26911 26911 W ResourceType: For resource 0x7f0e016f, entry index(367) is beyond type entryCount(142)
07-02 18:49:33.143 26911 26911 W ResourceType: For resource 0x7f0e0161, entry index(353) is beyond type entryCount(142)
07-02 18:49:33.143 26911 26911 W ResourceType: For resource 0x7f0e0170, entry index(368) is beyond type entryCount(142)
07-02 18:49:33.143 26911 26911 W ResourceType: For resource 0x7f0e0174, entry index(372) is beyond type entryCount(142)
07-02 18:49:33.143 26911 26911 I chatty  : uid=10104(net.osmand) identical 2 lines
07-02 18:49:33.143 26911 26911 W ResourceType: For resource 0x7f0e0174, entry index(372) is beyond type entryCount(142)
07-02 18:49:33.143 26911 26911 W ResourceType: For resource 0x7f0e0177, entry index(375) is beyond type entryCount(142)
07-02 18:49:33.143 26911 26911 W ResourceType: For resource 0x7f0e0160, entry index(352) is beyond type entryCount(142)
07-02 18:49:33.143 26911 26911 W ResourceType: For resource 0x7f0e0199, entry index(409) is beyond type entryCount(142)
07-02 18:49:33.143 26911 26911 W ResourceType: For resource 0x7f0e017e, entry index(382) is beyond type entryCount(142)
07-02 18:49:33.143 26911 26911 W ResourceType: For resource 0x7f0e017f, entry index(383) is beyond type entryCount(142)
07-02 18:49:33.143 26911 26911 W ResourceType: For resource 0x7f0e0196, entry index(406) is beyond type entryCount(142)
07-02 18:49:33.143 26911 26911 W ResourceType: For resource 0x7f0e0197, entry index(407) is beyond type entryCount(142)
07-02 18:49:33.143 26911 26911 W ResourceType: For resource 0x7f0e0140, entry index(320) is beyond type entryCount(142)
07-02 18:49:33.143 26911 26911 W ResourceType: For resource 0x7f0e00e7, entry index(231) is beyond type entryCount(142)
07-02 18:49:33.143 26911 26911 W ResourceType: For resource 0x7f0e0194, entry index(404) is beyond type entryCount(142)
07-02 18:49:33.144 26911 26911 W ResourceType: For resource 0x7f0e01a5, entry index(421) is beyond type entryCount(142)
07-02 18:49:33.144 26911 26911 W ResourceType: For resource 0x7f0e017d, entry index(381) is beyond type entryCount(142)
07-02 18:49:33.144 26911 26911 W ResourceType: For resource 0x7f0e017b, entry index(379) is beyond type entryCount(142)
07-02 18:49:33.144 26911 26911 W ResourceType: For resource 0x7f0e010f, entry index(271) is beyond type entryCount(142)
07-02 18:49:33.144 26911 26911 W ResourceType: For resource 0x7f0e00f8, entry index(248) is beyond type entryCount(142)
07-02 18:49:33.144 26911 26911 W ResourceType: For resource 0x7f0e010f, entry index(271) is beyond type entryCount(142)
07-02 18:49:33.144 26911 26911 W ResourceType: For resource 0x7f0e0122, entry index(290) is beyond type entryCount(142)
07-02 18:49:33.144 26911 26911 W ResourceType: For resource 0x7f0e010b, entry index(267) is beyond type entryCount(142)
07-02 18:49:33.144 26911 26911 W ResourceType: For resource 0x7f0e010c, entry index(268) is beyond type entryCount(142)
07-02 18:49:33.144 26911 26911 W ResourceType: For resource 0x7f0e01ad, entry index(429) is beyond type entryCount(142)
07-02 18:49:33.144 26911 26911 W ResourceType: For resource 0x7f0e01ac, entry index(428) is beyond type entryCount(142)
07-02 18:49:33.185 26911 26911 W ResourceType: For resource 0x7f0e01c4, entry index(452) is beyond type entryCount(142)
07-02 18:49:33.185 26911 26911 W ResourceType: For resource 0x7f0e01c4, entry index(452) is beyond type entryCount(142)
07-02 18:49:33.185 26911 26911 W ResourceType: For resource 0x7f0e0183, entry index(387) is beyond type entryCount(142)
07-02 18:49:33.185 26911 26911 W ResourceType: For resource 0x7f0e0187, entry index(391) is beyond type entryCount(142)
07-02 18:49:33.185 26911 26911 W ResourceType: For resource 0x7f0e0185, entry index(389) is beyond type entryCount(142)
07-02 18:49:33.185 26911 26911 W ResourceType: For resource 0x7f0e015d, entry index(349) is beyond type entryCount(142)
07-02 18:49:33.185 26911 26911 W ResourceType: For resource 0x7f0e0195, entry index(405) is beyond type entryCount(142)
07-02 18:49:33.185 26911 26911 W ResourceType: For resource 0x7f0e016c, entry index(364) is beyond type entryCount(142)
07-02 18:49:33.186 26911 26911 W ResourceType: For resource 0x7f0e0163, entry index(355) is beyond type entryCount(142)
07-02 18:49:33.186 26911 26911 W ResourceType: For resource 0x7f0e00db, entry index(219) is beyond type entryCount(142)
07-02 18:49:33.186 26911 26911 W ResourceType: For resource 0x7f0e0193, entry index(403) is beyond type entryCount(142)
07-02 18:49:33.186 26911 26911 W ResourceType: For resource 0x7f0e016f, entry index(367) is beyond type entryCount(142)
07-02 18:49:33.186 26911 26911 W ResourceType: For resource 0x7f0e0161, entry index(353) is beyond type entryCount(142)
07-02 18:49:33.186 26911 26911 W ResourceType: For resource 0x7f0e0170, entry index(368) is beyond type entryCount(142)
07-02 18:49:33.186 26911 26911 W ResourceType: For resource 0x7f0e0174, entry index(372) is beyond type entryCount(142)
07-02 18:49:33.186 26911 26911 I chatty  : uid=10104(net.osmand) identical 2 lines
07-02 18:49:33.186 26911 26911 W ResourceType: For resource 0x7f0e0174, entry index(372) is beyond type entryCount(142)
07-02 18:49:33.186 26911 26911 W ResourceType: For resource 0x7f0e0177, entry index(375) is beyond type entryCount(142)
07-02 18:49:33.186 26911 26911 W ResourceType: For resource 0x7f0e0160, entry index(352) is beyond type entryCount(142)
07-02 18:49:33.186 26911 26911 W ResourceType: For resource 0x7f0e0199, entry index(409) is beyond type entryCount(142)
07-02 18:49:33.187 26911 26911 W ResourceType: For resource 0x7f0e017e, entry index(382) is beyond type entryCount(142)
07-02 18:49:33.187 26911 26911 W ResourceType: For resource 0x7f0e017f, entry index(383) is beyond type entryCount(142)
07-02 18:49:33.187 26911 26911 W ResourceType: For resource 0x7f0e0196, entry index(406) is beyond type entryCount(142)
07-02 18:49:33.187 26911 26911 W ResourceType: For resource 0x7f0e0197, entry index(407) is beyond type entryCount(142)
07-02 18:49:33.187 26911 26911 W ResourceType: For resource 0x7f0e0140, entry index(320) is beyond type entryCount(142)
07-02 18:49:33.187 26911 26911 W ResourceType: For resource 0x7f0e00e7, entry index(231) is beyond type entryCount(142)
07-02 18:49:33.187 26911 26911 W ResourceType: For resource 0x7f0e0194, entry index(404) is beyond type entryCount(142)
07-02 18:49:33.187 26911 26911 W ResourceType: For resource 0x7f0e01a5, entry index(421) is beyond type entryCount(142)
07-02 18:49:33.187 26911 26911 W ResourceType: For resource 0x7f0e017d, entry index(381) is beyond type entryCount(142)
07-02 18:49:33.187 26911 26911 W ResourceType: For resource 0x7f0e017b, entry index(379) is beyond type entryCount(142)
07-02 18:49:33.187 26911 26911 W ResourceType: For resource 0x7f0e010f, entry index(271) is beyond type entryCount(142)
07-02 18:49:33.187 26911 26911 W ResourceType: For resource 0x7f0e00f8, entry index(248) is beyond type entryCount(142)
07-02 18:49:33.187 26911 26911 W ResourceType: For resource 0x7f0e010f, entry index(271) is beyond type entryCount(142)
07-02 18:49:33.187 26911 26911 W ResourceType: For resource 0x7f0e0122, entry index(290) is beyond type entryCount(142)
07-02 18:49:33.188 26911 26911 W ResourceType: For resource 0x7f0e010b, entry index(267) is beyond type entryCount(142)
07-02 18:49:33.188 26911 26911 W ResourceType: For resource 0x7f0e010c, entry index(268) is beyond type entryCount(142)
07-02 18:49:33.188 26911 26911 W ResourceType: For resource 0x7f0e01ad, entry index(429) is beyond type entryCount(142)
07-02 18:49:33.202 26911 26911 W ResourceType: For resource 0x7f0e01ac, entry index(428) is beyond type entryCount(142)
07-02 18:49:33.206  1402  1440 D gralloc_ranchu: gralloc_alloc: Creating ashmem region of size 274432
07-02 18:49:33.245  1707  1707 W StaticLayout: maxLineHeight should not be -1.  maxLines:1 lineCount:1
07-02 18:49:33.245  1707  1707 W StaticLayout: maxLineHeight should not be -1.  maxLines:1 lineCount:1
07-02 18:49:33.252 26911 26911 W ResourceType: For resource 0x7f0e017f, entry index(383) is beyond type entryCount(142)
07-02 18:49:33.252 26911 26911 W ResourceType: For resource 0x7f0e0091, entry index(145) is beyond type entryCount(142)
07-02 18:49:33.253 26911 26911 W ResourceType: For resource 0x7f0e016b, entry index(363) is beyond type entryCount(142)
07-02 18:49:33.263 26911 26911 W ResourceType: For resource 0x7f0e017b, entry index(379) is beyond type entryCount(142)
07-02 18:49:33.264 26911 26911 W ResourceType: For resource 0x7f0e0125, entry index(293) is beyond type entryCount(142)
07-02 18:49:33.272 26911 26911 W ResourceType: For resource 0x7f0e0125, entry index(293) is beyond type entryCount(142)
07-02 18:49:33.289  1707  1707 W StaticLayout: maxLineHeight should not be -1.  maxLines:1 lineCount:1
07-02 18:49:33.292  1707  1707 I chatty  : uid=10029(com.android.systemui) identical 2 lines
07-02 18:49:33.293  1707  1707 W StaticLayout: maxLineHeight should not be -1.  maxLines:1 lineCount:1
07-02 18:49:33.315 26911 26911 W ResourceType: For resource 0x7f0e01a5, entry index(421) is beyond type entryCount(142)
07-02 18:49:33.315 26911 26911 W ResourceType: For resource 0x7f0e00a9, entry index(169) is beyond type entryCount(142)
07-02 18:49:33.325  1707  1707 W StaticLayout: maxLineHeight should not be -1.  maxLines:7 lineCount:7
07-02 18:49:33.325  1707  1707 W StaticLayout: maxLineHeight should not be -1.  maxLines:7 lineCount:7
07-02 18:49:33.330 26911 26911 W ResourceType: For resource 0x7f0e01bc, entry index(444) is beyond type entryCount(142)
07-02 18:49:33.342 26911 26911 W ResourceType: For resource 0x7f0e0132, entry index(306) is beyond type entryCount(142)
07-02 18:49:33.342 26911 26911 W ResourceType: For resource 0x7f0e00f7, entry index(247) is beyond type entryCount(142)
07-02 18:49:33.343 26911 26911 W ResourceType: For resource 0x7f0e0131, entry index(305) is beyond type entryCount(142)
07-02 18:49:33.343 26911 26911 W ResourceType: For resource 0x7f0e010f, entry index(271) is beyond type entryCount(142)
07-02 18:49:33.344 26911 26911 W ResourceType: For resource 0x7f0e00bc, entry index(188) is beyond type entryCount(142)
07-02 18:49:33.345 26911 26911 W ResourceType: For resource 0x7f0e011d, entry index(285) is beyond type entryCount(142)
07-02 18:49:33.346 26911 26911 I chatty  : uid=10104(net.osmand) identical 4 lines
07-02 18:49:33.346 26911 26911 W ResourceType: For resource 0x7f0e011d, entry index(285) is beyond type entryCount(142)
07-02 18:49:33.346 26911 26911 W ResourceType: For resource 0x7f0e00bd, entry index(189) is beyond type entryCount(142)
07-02 18:49:33.347 26911 26911 W ResourceType: For resource 0x7f0e011d, entry index(285) is beyond type entryCount(142)
07-02 18:49:33.361 26911 26911 I chatty  : uid=10104(net.osmand) identical 18 lines
07-02 18:49:33.361 26911 26911 W ResourceType: For resource 0x7f0e011d, entry index(285) is beyond type entryCount(142)
07-02 18:49:33.367 26911 26911 W ResourceType: For resource 0x7f0e01ac, entry index(428) is beyond type entryCount(142)
07-02 18:49:33.367 26911 26911 W ResourceType: For resource 0x7f0e00ae, entry index(174) is beyond type entryCount(142)
07-02 18:49:33.368 26911 26911 W ResourceType: For resource 0x7f0e013d, entry index(317) is beyond type entryCount(142)
07-02 18:49:33.368 26911 26911 W ResourceType: For resource 0x7f0e013e, entry index(318) is beyond type entryCount(142)
07-02 18:49:33.370  1707  1707 W StaticLayout: maxLineHeight should not be -1.  maxLines:1 lineCount:1
07-02 18:49:33.371  1707  1707 I chatty  : uid=10029(com.android.systemui) identical 1 line
07-02 18:49:33.371  1707  1707 W StaticLayout: maxLineHeight should not be -1.  maxLines:1 lineCount:1
07-02 18:49:33.376  1707  1707 W StaticLayout: maxLineHeight should not be -1.  maxLines:7 lineCount:7
07-02 18:49:33.376  1707  1707 W StaticLayout: maxLineHeight should not be -1.  maxLines:7 lineCount:7
07-02 18:49:33.382 26911 26911 W ResourceType: For resource 0x7f0e013b, entry index(315) is beyond type entryCount(142)
07-02 18:49:33.394 26911 26911 I chatty  : uid=10104(net.osmand) identical 9 lines
07-02 18:49:33.394 26911 26911 W ResourceType: For resource 0x7f0e013b, entry index(315) is beyond type entryCount(142)
07-02 18:49:33.506  1707  1707 W StaticLayout: maxLineHeight should not be -1.  maxLines:7 lineCount:7
07-02 18:49:33.506  1707  1707 I chatty  : uid=10029(com.android.systemui) identical 1 line
07-02 18:49:33.558  1707  1707 W StaticLayout: maxLineHeight should not be -1.  maxLines:7 lineCount:7
07-02 18:49:33.559  1970  1641 W ctxmgr  : [WorkManager] Long workInfo: pkg=com.google.android.gms, lbl=ListenerInvokerRunner, start=2019-07-02 18:49:32.526+0000, stop=2019-07-02 18:49:33.557+0000, durtn=1031ms [CONTEXT service_id=47 ]
07-02 18:49:33.565  1970  1970 I GeofencerStateMachine: sendNewLocationAvailability: availability=LocationAvailability[isLocationAvailable: true]
07-02 18:49:33.569  1707  1707 W StaticLayout: maxLineHeight should not be -1.  maxLines:7 lineCount:7
07-02 18:49:33.575  1707  1707 I chatty  : uid=10029(com.android.systemui) identical 1 line
07-02 18:49:33.575  1707  1707 W StaticLayout: maxLineHeight should not be -1.  maxLines:7 lineCount:7
07-02 18:49:33.619  2180  2654 I zygote  : Deoptimizing boolean bmdy.contains(java.lang.Object) due to JIT inline cache
07-02 18:49:33.649  1707  1707 W StaticLayout: maxLineHeight should not be -1.  maxLines:7 lineCount:7
07-02 18:49:33.650  1707  1707 W StaticLayout: maxLineHeight should not be -1.  maxLines:7 lineCount:7
07-02 18:49:33.657  1707  1707 W StaticLayout: maxLineHeight should not be -1.  maxLines:1 lineCount:1
07-02 18:49:33.663  1970  1980 I zygote  : Background concurrent copying GC freed 119316(5MB) AllocSpace objects, 0(0B) LOS objects, 36% free, 10MB/16MB, paused 9.770ms total 3.355s
07-02 18:49:33.709  1707  1707 W StaticLayout: maxLineHeight should not be -1.  maxLines:1 lineCount:1
07-02 18:49:33.709  1707  1707 I chatty  : uid=10029(com.android.systemui) identical 1 line
07-02 18:49:33.710  1707  1707 W StaticLayout: maxLineHeight should not be -1.  maxLines:1 lineCount:1
07-02 18:49:33.710  1707  1707 W StaticLayout: maxLineHeight should not be -1.  maxLines:7 lineCount:7
07-02 18:49:33.711  1707  1707 W StaticLayout: maxLineHeight should not be -1.  maxLines:7 lineCount:7
07-02 18:49:33.711  1707  1707 W StaticLayout: maxLineHeight should not be -1.  maxLines:1 lineCount:1
07-02 18:49:33.730  1604  1617 I GnssLocationProvider: WakeLock released by handleMessage(SET_REQUEST, 0, com.android.server.location.GnssLocationProvider$GpsRequest@7e89154)
07-02 18:49:33.730  1604  1617 I GnssLocationProvider: WakeLock released by handleMessage(SET_REQUEST, 0, com.android.server.location.GnssLocationProvider$GpsRequest@2dd154a)
07-02 18:49:33.761  1707  1707 W StaticLayout: maxLineHeight should not be -1.  maxLines:1 lineCount:1
07-02 18:49:33.764  1707  1707 W StaticLayout: maxLineHeight should not be -1.  maxLines:7 lineCount:7
07-02 18:49:33.765  1707  1707 W StaticLayout: maxLineHeight should not be -1.  maxLines:7 lineCount:7
07-02 18:49:33.775 26911 26911 W System.err: OnCreate for MapActivity took 768 ms
07-02 18:49:33.809  1970  1641 I ctxmgr  : [ProducerStatusImpl] updateStateForNewContextData: inactive, contextName=7 [CONTEXT service_id=47 ]
07-02 18:49:33.880  1707  1933 D EGL_emulation: eglMakeCurrent: 0x91a91b00: ver 2 0 (tinfo 0x91b96990)
07-02 18:49:33.898  1402  1440 D gralloc_ranchu: gralloc_alloc: Creating ashmem region of size 274432
07-02 18:49:33.925 26911 26911 D InAppPurchaseHelper: Destroying helper.
07-02 18:49:34.020  1707  1707 W StatusBar/NavBarView: *** Invalid layout in navigation bar (sizeChanged this=126x1080 cur=1038x126)
07-02 18:49:34.028  1604  1625 W WindowManager: Window freeze timeout expired.
07-02 18:49:34.029  1604  1625 W WindowManager: Force clearing orientation change: Window{c4b4913 u0 NavigationBar}
07-02 18:49:34.096 26911 26911 D net.osmand: Enable sensor
07-02 18:49:34.124  1604  1625 W WindowManager: App freeze timeout expired.
07-02 18:49:34.124  1604  1625 W WindowManager: Force clearing freeze: AppWindowToken{dabfca token=Token{e16dfe6 ActivityRecord{c3c1e41 u0 net.osmand/.plus.activities.MapActivity t28}}}
07-02 18:49:34.125 26911 26911 D net.osmand: DayNightHelper Sunrise/sunset setting to day: true
07-02 18:49:34.172  1604  4218 I GnssLocationProvider: WakeLock acquired by sendMessage(SET_REQUEST, 0, com.android.server.location.GnssLocationProvider$GpsRequest@9b7c844)
07-02 18:49:34.176  1707  1707 D EGL_emulation: eglCreateContext: 0x90fd4e20: maj 2 min 0 rcv 2
07-02 18:49:34.183  1707  1707 D EGL_emulation: eglMakeCurrent: 0x90fd4e20: ver 2 0 (tinfo 0x916e0300)
07-02 18:49:34.194  1402  1440 D gralloc_ranchu: gralloc_alloc: Creating ashmem region of size 8298496
07-02 18:49:34.224  1707  1707 D EGL_emulation: eglMakeCurrent: 0x90fd4e20: ver 2 0 (tinfo 0x916e0300)
07-02 18:49:34.329  1402  1440 D gralloc_ranchu: gralloc_alloc: Creating ashmem region of size 8298496
07-02 18:49:34.378 26911 26911 W System.err: OnCreate for MapActivity took 453 ms
07-02 18:49:34.451 26911 26911 I Choreographer: Skipped 126 frames!  The application may be doing too much work on its main thread.
07-02 18:49:34.463  1604  1617 I GnssLocationProvider: WakeLock released by handleMessage(SET_REQUEST, 0, com.android.server.location.GnssLocationProvider$GpsRequest@9b7c844)
07-02 18:49:34.521  1410  1410 I boot-pipe: done populating /dev/random
07-02 18:49:34.521  1402  1440 D gralloc_ranchu: gralloc_alloc: Creating ashmem region of size 8298496
07-02 18:49:34.525 26911 26944 I net.osmand: MapRenderRepositories RENDER MAP: update due to tile box
07-02 18:49:34.525 26911 26944 I net.osmand: MapRenderRepositories RENDER MAP: Interrupt rendering map
07-02 18:49:34.556 26911 26911 W ResourceType: For resource 0x7f0e013b, entry index(315) is beyond type entryCount(142)
07-02 18:49:34.602 26911 26911 I chatty  : uid=10104(net.osmand) identical 68 lines
07-02 18:49:34.602 26911 26911 W ResourceType: For resource 0x7f0e013b, entry index(315) is beyond type entryCount(142)
07-02 18:49:34.609  1604  2058 I WifiService: acquireWifiLock uid=10014 lockMode=2
07-02 18:49:34.613 26911 26911 W View    : requestLayout() improperly called by android.widget.ListView{e8e8ee2 VFED.VC.. ......ID 0,0-735,1794 #7f0803ba app:id/menuItems} during layout: running second layout pass
07-02 18:49:34.729 26911 26911 I net.osmand: RoutingHelper Recalculate route, because correlation  : 214.74408039865548
07-02 18:49:34.729 26911 26911 I net.osmand: RoutingHelper Recalculate route, because wrong movement direction: 246.21614
07-02 18:49:34.756  1970  1970 I GeofencerStateMachine: sendNewLocationAvailability: availability=LocationAvailability[isLocationAvailable: true]
07-02 18:49:34.772 26911 26911 I net.osmand: RoutingHelper Recalculate route, because correlation  : 214.74408039865548
07-02 18:49:34.796 26911 26957 D EGL_emulation: eglMakeCurrent: 0x908467e0: ver 2 0 (tinfo 0x90b7ff30)
07-02 18:49:34.829  1402  1440 D gralloc_ranchu: gralloc_alloc: Creating ashmem region of size 8298496
07-02 18:49:34.886  1402  1440 D gralloc_ranchu: gralloc_alloc: Creating ashmem region of size 3878912
07-02 18:49:34.947  1604  1651 I WindowManager: Screen frozen for +2s925ms due to Window{18b24b0 u0 net.osmand/net.osmand.plus.activities.MapActivity}
07-02 18:49:35.148  1970 32658 I InstantApps: DomainFilterImpl: Domain filter response size: 63317
07-02 18:49:35.170 26911 26943 I net.osmand: MapRenderRepositories RENDER MAP: new request RotatedTileBox [lat=-7.5891947746276855, lon=-37.54106903076172, rotate=0.0, density=2.625, zoom=17, mapDensity=3.9375, zoomAnimation=0.0, zoomFloatPart=0.0, cx=900, cy=1297, pixWidth=1800, pixHeight=2595]
07-02 18:49:35.209 26911 26944 I net.osmand: MapRenderRepositories RENDER MAP: update due to tile box
07-02 18:49:35.209 26911 26944 I net.osmand: MapRenderRepositories RENDER MAP: Interrupt rendering map
07-02 18:49:35.220  1402  1440 D gralloc_ranchu: gralloc_alloc: Creating ashmem region of size 8298496
07-02 18:49:35.262 26911 26911 I net.osmand: RoutingHelper Recalculate route, because correlation  : 214.74408039865548
07-02 18:49:35.262 26911 26911 I net.osmand: RoutingHelper Recalculate route, because wrong movement direction: 246.21614
07-02 18:49:35.265  1402  1440 D gralloc_ranchu: gralloc_alloc: Creating ashmem region of size 3878912
07-02 18:49:35.304  1707  1707 I Choreographer: Skipped 127 frames!  The application may be doing too much work on its main thread.
07-02 18:49:35.399  1707  1933 D EGL_emulation: eglMakeCurrent: 0x91a91b00: ver 2 0 (tinfo 0x91b96990)
07-02 18:49:35.413  1402  1440 D gralloc_ranchu: gralloc_alloc: Creating ashmem region of size 274432
07-02 18:49:35.441  1707  1933 D EGL_emulation: eglMakeCurrent: 0x91a91b00: ver 2 0 (tinfo 0x91b96990)
07-02 18:49:35.457  1402  1440 D gralloc_ranchu: gralloc_alloc: Creating ashmem region of size 274432
07-02 18:49:35.483  1402  1440 D gralloc_ranchu: gralloc_alloc: Creating ashmem region of size 544768
07-02 18:49:35.505  1707  1933 D EGL_emulation: eglMakeCurrent: 0x91a91b00: ver 2 0 (tinfo 0x91b96990)
07-02 18:49:35.549  1402  1440 D gralloc_ranchu: gralloc_alloc: Creating ashmem region of size 544768
07-02 18:49:35.600 26911 26921 I zygote  : Background concurrent copying GC freed 338092(8MB) AllocSpace objects, 13(568KB) LOS objects, 11% free, 46MB/52MB, paused 1.361ms total 1.249s
07-02 18:49:35.602 26911 26924 I zygote  : WaitForGcToComplete blocked ProfileSaver on HeapTrim for 5.401s
07-02 18:49:35.723 26911 26921 I zygote  : WaitForGcToComplete blocked NativeAlloc on ProfileSaver for 19.254ms
07-02 18:49:35.747  1604  1854 I WifiService: releaseWifiLock uid=10014
07-02 18:49:35.752 26911 26943 I net.osmand:native: Route objects 60
07-02 18:49:35.752 26911 26943 I net.osmand:native: Ocean: no completed & incompleted coastlines 0
07-02 18:49:35.752 26911 26943 I net.osmand:native: Detailed coastlines = 0, basemap coastlines 0, ocean tile 0.000000. Detailed added 0, basemap processed 1, basemap added 0.
07-02 18:49:35.752 26911 26943 I net.osmand:native: Search : tree - read( 413), accept( 30), objs - visit( 2206), accept(72), in result(60) 
07-02 18:49:35.753 26911 26943 I net.osmand: MapRenderRepositories RENDER MAP: new request RotatedTileBox [lat=-7.589195000000001, lon=-37.541068333333335, rotate=0.0, density=2.625, zoom=17, mapDensity=3.9375, zoomAnimation=0.0, zoomFloatPart=0.0, cx=900, cy=1972, pixWidth=1800, pixHeight=2690]
07-02 18:49:35.802  1707  1707 D EGL_emulation: eglCreateContext: 0x8e30e2a0: maj 2 min 0 rcv 2
07-02 18:49:35.811  1707  1707 D EGL_emulation: eglMakeCurrent: 0x8e30e2a0: ver 2 0 (tinfo 0x916e0300)
07-02 18:49:35.815  1402  1440 D gralloc_ranchu: gralloc_alloc: Creating ashmem region of size 9547776
07-02 18:49:35.877  1707  1707 D EGL_emulation: eglMakeCurrent: 0x8e30e2a0: ver 2 0 (tinfo 0x916e0300)
07-02 18:49:35.939 26911 26911 I net.osmand: RoutingHelper Recalculate route, because correlation  : 214.74408039865548
07-02 18:49:35.939 26911 26911 I net.osmand: RoutingHelper Recalculate route, because wrong movement direction: 246.21614
07-02 18:49:35.950 26911 26911 I net.osmand: RoutingHelper Recalculate route, because correlation  : 214.74408039865548
07-02 18:49:36.040 26911 26911 I net.osmand: RoutingHelper Recalculate route, because correlation  : 214.74408039865548
07-02 18:49:36.040 26911 26911 I net.osmand: RoutingHelper Recalculate route, because wrong movement direction: 246.21614
07-02 18:49:36.077  1402  1440 D gralloc_ranchu: gralloc_alloc: Creating ashmem region of size 3878912
07-02 18:49:36.102  1402  1440 D gralloc_ranchu: gralloc_alloc: Creating ashmem region of size 9547776
07-02 18:49:36.205  1412  1412 W SurfaceFlinger: couldn't log to binary event log: overflow.
07-02 18:49:36.223  1604  1621 E BatteryExternalStatsWorker: modem info is invalid: ModemActivityInfo{ mTimestamp=0 mSleepTimeMs=0 mIdleTimeMs=0 mTxTimeMs[]=[0, 0, 0, 0, 0] mRxTimeMs=0 mEnergyUsed=0}
07-02 18:49:36.376  9593  1791 I PBSessionCacheImpl: Deleted sessionId[8330677581446] from persistence.
07-02 18:49:36.441  1604  2058 I WifiService: getWifiEnabledState uid=10032
07-02 18:49:36.442  1604  1619 W Looper  : Dispatch took 388ms on android.ui, h=Handler (com.android.server.am.ActivityManagerService$UiHandler) {63b7718} cb=null msg=53
07-02 18:49:36.499  9593  9649 W SearchServiceCore: Abort, client detached.
07-02 18:49:36.506 26911 26943 I net.osmand:native: Route objects 61
07-02 18:49:36.506 26911 26943 I net.osmand:native: Ocean: no completed & incompleted coastlines 0
07-02 18:49:36.506 26911 26943 I net.osmand:native: Detailed coastlines = 0, basemap coastlines 0, ocean tile 0.000000. Detailed added 0, basemap processed 1, basemap added 0.
07-02 18:49:36.506 26911 26943 I net.osmand:native: Search : tree - read( 413), accept( 30), objs - visit( 2206), accept(73), in result(61) 
07-02 18:49:36.530 26911 26943 I net.osmand: MapRenderRepositories BLat=-7.591496849060059, TLat=-7.583494758605957, LLong=-37.543521881103516, RLong=-37.53861999511719, zoom=17
07-02 18:49:36.530 26911 26943 I net.osmand: MapRenderRepositories Native search: 777 ms 
07-02 18:49:36.535 26911 26943 I net.osmand:native: Creating SkBitmap in native w:1800 h:2690 s:7200 f:1!
07-02 18:49:36.535 26911 26943 I net.osmand:native: Row bytes for RGBA_8888 is 7200
07-02 18:49:36.535 26911 26943 I net.osmand:native: Locked 19368000 bytes at 0x85980000
07-02 18:49:36.535 26911 26943 I net.osmand:native: Initializing rendering
07-02 18:49:36.586 26911 26943 I net.osmand:native: Rendering image
07-02 18:49:36.589 26911 26911 I net.osmand: RoutingHelper Recalculate route, because correlation  : 214.74408039865548
07-02 18:49:36.603 26911 26911 I net.osmand: RoutingHelper Recalculate route, because correlation  : 214.74408039865548
07-02 18:49:36.603 26911 26911 I net.osmand: RoutingHelper Recalculate route, because wrong movement direction: 246.21614
07-02 18:49:36.703 26911 26911 I net.osmand: RoutingHelper Recalculate route, because correlation  : 214.74408039865548
07-02 18:49:36.970  1707  1707 I Choreographer: Skipped 92 frames!  The application may be doing too much work on its main thread.
07-02 18:49:36.980  1707  1933 D EGL_emulation: eglMakeCurrent: 0x91a91b00: ver 2 0 (tinfo 0x91b96990)
07-02 18:49:36.987  1402  1440 D gralloc_ranchu: gralloc_alloc: Creating ashmem region of size 274432
07-02 18:49:37.014  1707  1933 D EGL_emulation: eglMakeCurrent: 0x91a91b00: ver 2 0 (tinfo 0x91b96990)
07-02 18:49:37.019  1707  1707 W StatusBar/NavBarView: *** Invalid layout in navigation bar (sizeChanged this=1080x126 cur=1038x126)
07-02 18:49:37.036  1402  1440 D gralloc_ranchu: gralloc_alloc: Creating ashmem region of size 544768
07-02 18:49:37.225 26911 26911 I net.osmand: RoutingHelper Recalculate route, because correlation  : 214.74408039865548
07-02 18:49:37.225 26911 26911 I net.osmand: RoutingHelper Recalculate route, because wrong movement direction: 246.21614
07-02 18:49:37.245 26911 26911 I net.osmand: RoutingHelper Recalculate route, because correlation  : 214.74408039865548
07-02 18:49:37.254 26911 26911 I net.osmand: RoutingHelper Recalculate route, because correlation  : 214.74408039865548
07-02 18:49:37.254 26911 26911 I net.osmand: RoutingHelper Recalculate route, because wrong movement direction: 246.21614
07-02 18:49:37.259 26911 26911 I net.osmand: RoutingHelper Recalculate route, because correlation  : 214.74408039865548
07-02 18:49:37.288  1707  1933 D EGL_emulation: eglMakeCurrent: 0x91a91b00: ver 2 0 (tinfo 0x91b96990)
07-02 18:49:37.549 26911 26943 I net.osmand:native: Native ok (rendering 0, text 661 ms) 
07-02 18:49:37.549 26911 26943 I net.osmand:native:  (574 points, 320 points inside, 122 of 128 objects visible)
07-02 18:49:37.551 26911 26943 I net.osmand:native: End Rendering image
07-02 18:49:37.551 26911 26943 I net.osmand:native: Native ok (init 51, rendering 0) 
07-02 18:49:37.551 26911 26943 I net.osmand: MapRenderRepositories true
07-02 18:49:37.811  1604  1613 I zygote  : Background concurrent copying GC freed 59717(2MB) AllocSpace objects, 23(780KB) LOS objects, 9% free, 56MB/62MB, paused 6.996ms total 3.107s
07-02 18:49:37.871  1970  1904 I Places  : ?: PlacesBleScanner start() with priority 2
07-02 18:49:37.871  1970  1904 I PlaceInferenceEngine: [anon] Changed inference mode: 1
07-02 18:49:37.873  1970  1904 I PlaceInferenceEngine: [account#1066226748] Changed inference mode: 1
07-02 18:49:38.006  1970  1904 I Places  : Converted 1 out of 1 WiFi scans
07-02 18:49:38.014  1604  4218 I WifiService: getConnectionInfo uid=10014
07-02 18:49:38.050  1970  1904 I PlaceInferenceEngine: [account#1066226748] Changed inference mode: 1
07-02 18:49:38.050  1970  1904 I PlaceInferenceEngine: [anon] Changed inference mode: 1
07-02 18:49:38.078  1970  1970 E BeaconBle: Missing BluetoothAdapter
07-02 18:49:38.078  1970  1970 I BeaconBle: BLE 'KK+' software access layer enabled
07-02 18:49:38.121 26911 26911 I net.osmand: RoutingHelper Recalculate route, because correlation  : 214.74408039865548
07-02 18:49:38.129 26911 26911 I net.osmand: RoutingHelper Recalculate route, because correlation  : 214.74408039865548
07-02 18:49:38.129 26911 26911 I net.osmand: RoutingHelper Recalculate route, because wrong movement direction: 246.21614
07-02 18:49:38.224  1970  1970 I BeaconBle: Client requested scan, settings=BleSettings [scanMode=ZERO_POWER, callbackType=ALL_MATCHES, reportDelayMillis=0, 1 filters, 0 clients, callingClientName=Places]
07-02 18:49:38.238  1970  1970 I BeaconBle: Scan : No clients left, canceling alarm.
07-02 18:49:38.238  1970  1970 E BeaconBle: Scan couldn't start for Places
07-02 18:49:38.239  1970  1970 W Places  : BLE failure while scanning - code 5
07-02 18:49:38.653 26911 26911 I net.osmand: RoutingHelper Recalculate route, because correlation  : 214.74408039865548
07-02 18:49:38.801 26911 26911 I net.osmand: RoutingHelper Recalculate route, because correlation  : 214.74408039865548
07-02 18:49:38.801 26911 26911 I net.osmand: RoutingHelper Recalculate route, because wrong movement direction: 246.21614
07-02 18:49:38.813 26911 26911 I net.osmand: RoutingHelper Recalculate route, because correlation  : 214.74408039865548
07-02 18:49:38.830 26911 26911 I net.osmand: RoutingHelper Recalculate route, because correlation  : 214.74408039865548
07-02 18:49:38.830 26911 26911 I net.osmand: RoutingHelper Recalculate route, because wrong movement direction: 246.21614
