06-30 19:09:40.763  3171  3219 I net.osmand: MapRenderRepositories BLat=-7.264204645156861, TLat=-7.256197309494018, LLong=-35.999149322509766, RLong=-35.99424743652344, zoom=17
06-30 19:09:40.764  3171  3219 I net.osmand: MapRenderRepositories Native search: 140 ms 
06-30 19:09:40.781  3171  3219 I net.osmand:native: Creating SkBitmap in native w:1800 h:2690 s:7200 f:1!
06-30 19:09:40.781  3171  3219 I net.osmand:native: Row bytes for RGBA_8888 is 7200
06-30 19:09:40.781  3171  3219 I net.osmand:native: Locked 19368000 bytes at 0x84900000
06-30 19:09:40.781  3171  3219 I net.osmand:native: Initializing rendering
06-30 19:09:40.783  3171  3219 I net.osmand:native: Rendering image
06-30 19:09:40.803  3171  3219 I net.osmand:native: Native ok (rendering 19, text 0 ms) 
06-30 19:09:40.803  3171  3219 I net.osmand:native:  (681 points, 20 points inside, 12 of 18 objects visible)
06-30 19:09:40.803  3171  3219 I net.osmand:native: End Rendering image
06-30 19:09:40.803  3171  3219 I net.osmand:native: Native ok (init 1, rendering 19) 
06-30 19:09:40.803  3171  3219 I net.osmand: MapRenderRepositories true
06-30 19:09:41.192  3171  3171 I net.osmand: RoutingHelper Recalculate route, because correlation  : 173997.1538626776
06-30 19:09:41.192  3171  3171 I net.osmand: RoutingHelper Recalculate route, because wrong movement direction: 173997.16
06-30 19:09:41.247  3171  3171 I net.osmand: RoutingHelper Recalculate route, because correlation  : 173997.1538626776
06-30 19:09:41.460  3171  3184 I zygote  : Background concurrent copying GC freed 790091(17MB) AllocSpace objects, 0(0B) LOS objects, 15% free, 33MB/39MB, paused 2.216ms total 836.271ms
06-30 19:09:41.838  3171  3171 I net.osmand: RoutingHelper Recalculate route, because correlation  : 173697.9854100552
06-30 19:09:41.838  3171  3171 I net.osmand: RoutingHelper Recalculate route, because wrong movement direction: 173697.98
06-30 19:09:41.845  3171  3171 I net.osmand: RoutingHelper Recalculate route, because correlation  : 173697.9854100552
06-30 19:09:41.942  3171  3220 I net.osmand: MapRenderRepositories RENDER MAP: update due to tile box
06-30 19:09:41.943  3171  3220 I net.osmand: MapRenderRepositories RENDER MAP: Interrupt rendering map
06-30 19:09:42.204  3171  3220 I net.osmand: MapRenderRepositories RENDER MAP: update due to tile box
06-30 19:09:42.205  3171  3220 I net.osmand: MapRenderRepositories RENDER MAP: Interrupt rendering map
06-30 19:09:42.212  3171  3171 I net.osmand: RoutingHelper Recalculate route, because correlation  : 173697.9854100552
06-30 19:09:42.282  3171  3171 I net.osmand: RoutingHelper Recalculate route, because correlation  : 173697.9854100552
06-30 19:09:42.282  3171  3171 I net.osmand: RoutingHelper Recalculate route, because wrong movement direction: 173697.98
06-30 19:09:42.309  3171  3219 I net.osmand: MapRenderRepositories RENDER MAP: new request RotatedTileBox [lat=-7.263075, lon=-35.99922, rotate=0.0, density=2.625, zoom=17, mapDensity=3.9375, zoomAnimation=0.0, zoomFloatPart=0.0, cx=900, cy=1972, pixWidth=1800, pixHeight=2690]
06-30 19:09:42.531  3171  3219 I net.osmand:native: Route objects 7
06-30 19:09:42.532  3171  3219 I net.osmand:native: Ocean: no completed & incompleted coastlines 0
06-30 19:09:42.532  3171  3219 I net.osmand:native: Detailed coastlines = 0, basemap coastlines 0, ocean tile 0.000000. Detailed added 0, basemap processed 1, basemap added 0.
06-30 19:09:42.532  3171  3219 I net.osmand:native: Search : tree - read( 570), accept( 37), objs - visit( 2477), accept(38), in result(6) 
06-30 19:09:42.532  3171  3219 I net.osmand: MapRenderRepositories BLat=-7.265374708175659, TLat=-7.257390451431275, LLong=-36.001670837402344, RLong=-35.996768951416016, zoom=17
06-30 19:09:42.534  3171  3219 I net.osmand: MapRenderRepositories Native search: 223 ms 
06-30 19:09:42.534  1604  2691 I WifiService: acquireWifiLock uid=10014 lockMode=2
06-30 19:09:42.559  3171  3219 I net.osmand:native: Creating SkBitmap in native w:1800 h:2690 s:7200 f:1!
06-30 19:09:42.559  3171  3219 I net.osmand:native: Row bytes for RGBA_8888 is 7200
06-30 19:09:42.559  3171  3219 I net.osmand:native: Locked 19368000 bytes at 0x85d00000
06-30 19:09:42.559  3171  3219 I net.osmand:native: Initializing rendering
06-30 19:09:42.561  3171  3219 I net.osmand:native: Rendering image
06-30 19:09:42.581  3171  3219 I net.osmand:native: Native ok (rendering 18, text 0 ms) 
06-30 19:09:42.581  3171  3219 I net.osmand:native:  (661 points, 22 points inside, 10 of 16 objects visible)
06-30 19:09:42.582  3171  3219 I net.osmand:native: End Rendering image
06-30 19:09:42.582  3171  3219 I net.osmand:native: Native ok (init 3, rendering 18) 
06-30 19:09:42.582  3171  3219 I net.osmand: MapRenderRepositories true
06-30 19:09:43.050  3171  3184 I zygote  : Background concurrent copying GC freed 576627(12MB) AllocSpace objects, 0(0B) LOS objects, 13% free, 39MB/45MB, paused 12.636ms total 1.199s
06-30 19:09:43.076  3171  3171 I net.osmand: RoutingHelper Recalculate route, because correlation  : 173399.02510542463
06-30 19:09:43.132  3171  3171 I net.osmand: RoutingHelper Recalculate route, because correlation  : 173399.02510542463
06-30 19:09:43.132  3171  3171 I net.osmand: RoutingHelper Recalculate route, because wrong movement direction: 173399.03
06-30 19:09:43.211  3171  3220 I net.osmand: MapRenderRepositories RENDER MAP: update due to tile box
06-30 19:09:43.211  3171  3220 I net.osmand: MapRenderRepositories RENDER MAP: Interrupt rendering map
06-30 19:09:43.303  3171  3171 I net.osmand: RoutingHelper Recalculate route, because correlation  : 173399.02510542463
06-30 19:09:43.336  3171  3219 I net.osmand: MapRenderRepositories RENDER MAP: new request RotatedTileBox [lat=-7.264248333333334, lon=-36.00173666666667, rotate=0.0, density=2.625, zoom=17, mapDensity=3.9375, zoomAnimation=0.0, zoomFloatPart=0.0, cx=900, cy=1972, pixWidth=1800, pixHeight=2690]
06-30 19:09:43.353  3171  3171 I net.osmand: RoutingHelper Recalculate route, because correlation  : 173399.02510542463
06-30 19:09:43.353  3171  3171 I net.osmand: RoutingHelper Recalculate route, because wrong movement direction: 173399.03
06-30 19:09:43.525  3171  3219 I net.osmand:native: Route objects 7
06-30 19:09:43.525  3171  3219 I net.osmand:native: Ocean: no completed & incompleted coastlines 0
06-30 19:09:43.525  3171  3219 I net.osmand:native: Detailed coastlines = 0, basemap coastlines 0, ocean tile 0.000000. Detailed added 0, basemap processed 1, basemap added 0.
06-30 19:09:43.525  3171  3219 I net.osmand:native: Search : tree - read( 570), accept( 37), objs - visit( 2477), accept(38), in result(6) 
06-30 19:09:43.529  3171  3219 I net.osmand: MapRenderRepositories BLat=-7.266545343399048, TLat=-7.258561086654663, LLong=-36.00419235229492, RLong=-35.9992790222168, zoom=17
06-30 19:09:43.529  3171  3219 I net.osmand: MapRenderRepositories Native search: 192 ms 
06-30 19:09:43.539  3171  3219 I net.osmand:native: Creating SkBitmap in native w:1800 h:2690 s:7200 f:1!
06-30 19:09:43.539  3171  3219 I net.osmand:native: Row bytes for RGBA_8888 is 7200
06-30 19:09:43.539  3171  3219 I net.osmand:native: Locked 19368000 bytes at 0x84900000
06-30 19:09:43.539  3171  3219 I net.osmand:native: Initializing rendering
06-30 19:09:43.544  3171  3219 I net.osmand:native: Rendering image
06-30 19:09:43.558  3171  3219 I net.osmand:native: Native ok (rendering 14, text 0 ms) 
06-30 19:09:43.558  3171  3219 I net.osmand:native:  (672 points, 16 points inside, 9 of 16 objects visible)
06-30 19:09:43.562  3171  3219 I net.osmand:native: End Rendering image
06-30 19:09:43.562  3171  3219 I net.osmand:native: Native ok (init 4, rendering 14) 
06-30 19:09:43.564  3171  3219 I net.osmand: MapRenderRepositories true
06-30 19:09:44.038  3171  3184 I zygote  : Background concurrent copying GC freed 829078(18MB) AllocSpace objects, 0(0B) LOS objects, 15% free, 32MB/38MB, paused 2.535ms total 742.511ms
06-30 19:09:44.282  3171  3171 I net.osmand: RoutingHelper Recalculate route, because correlation  : 173399.02510542463
06-30 19:09:44.282  3171  3171 I net.osmand: RoutingHelper Recalculate route, because wrong movement direction: 173399.03
06-30 19:09:44.321  3171  3171 I net.osmand: RoutingHelper Recalculate route, because correlation  : 173399.02510542463
06-30 19:09:44.584  3171  3171 I net.osmand: RoutingHelper Recalculate route, because correlation  : 173099.91359591176
06-30 19:09:44.584  3171  3171 I net.osmand: RoutingHelper Recalculate route, because wrong movement direction: 173099.9
06-30 19:09:44.663  3171  3171 I net.osmand: RoutingHelper Recalculate route, because correlation  : 173099.91359591176
06-30 19:09:44.711  3171  3220 I net.osmand: MapRenderRepositories RENDER MAP: update due to tile box
06-30 19:09:44.713  3171  3220 I net.osmand: MapRenderRepositories RENDER MAP: Interrupt rendering map
06-30 19:09:45.068  3171  3219 I net.osmand: MapRenderRepositories RENDER MAP: new request RotatedTileBox [lat=-7.265421666666667, lon=-36.00425499999999, rotate=0.0, density=2.625, zoom=17, mapDensity=3.9375, zoomAnimation=0.0, zoomFloatPart=0.0, cx=900, cy=1972, pixWidth=1800, pixHeight=2690]
06-30 19:09:45.149  3171  3219 I net.osmand:native: Route objects 13
06-30 19:09:45.149  3171  3219 I net.osmand:native: Ocean: no completed & incompleted coastlines 0
06-30 19:09:45.149  3171  3219 I net.osmand:native: Detailed coastlines = 0, basemap coastlines 0, ocean tile 0.000000. Detailed added 0, basemap processed 1, basemap added 0.
06-30 19:09:45.149  3171  3219 I net.osmand:native: Search : tree - read( 530), accept( 37), objs - visit( 2517), accept(44), in result(11) 
06-30 19:09:45.149  3171  3219 I net.osmand: MapRenderRepositories BLat=-7.267715978622436, TLat=-7.259731721878052, LLong=-36.0067024230957, RLong=-36.001800537109375, zoom=17
06-30 19:09:45.150  3171  3219 I net.osmand: MapRenderRepositories Native search: 81 ms 
06-30 19:09:45.155  3171  3219 I net.osmand:native: Creating SkBitmap in native w:1800 h:2690 s:7200 f:1!
06-30 19:09:45.155  3171  3219 I net.osmand:native: Row bytes for RGBA_8888 is 7200
06-30 19:09:45.155  3171  3219 I net.osmand:native: Locked 19368000 bytes at 0x85d00000
06-30 19:09:45.155  3171  3219 I net.osmand:native: Initializing rendering
06-30 19:09:45.156  3171  3219 I net.osmand:native: Rendering image
06-30 19:09:45.175  3171  3219 I net.osmand:native: Native ok (rendering 19, text 0 ms) 
06-30 19:09:45.175  3171  3219 I net.osmand:native:  (837 points, 28 points inside, 19 of 26 objects visible)
06-30 19:09:45.175  3171  3219 I net.osmand:native: End Rendering image
06-30 19:09:45.175  3171  3219 I net.osmand:native: Native ok (init 1, rendering 19) 
06-30 19:09:45.191  3171  3219 I net.osmand: MapRenderRepositories true
06-30 19:09:45.292  3171  3171 I net.osmand: RoutingHelper Recalculate route, because correlation  : 173099.91359591176
06-30 19:09:45.292  3171  3171 I net.osmand: RoutingHelper Recalculate route, because wrong movement direction: 173099.9
06-30 19:09:45.326  3171  3171 I net.osmand: RoutingHelper Recalculate route, because correlation  : 173099.91359591176
06-30 19:09:45.423  3171  3184 I zygote  : Background concurrent copying GC freed 527978(11MB) AllocSpace objects, 0(0B) LOS objects, 15% free, 32MB/38MB, paused 1.104ms total 814.893ms
06-30 19:09:45.512  1604  3712 D WificondControl: Scan result ready event
06-30 19:09:45.715  1604  4624 I WifiService: releaseWifiLock uid=10014
06-30 19:09:45.767  3171  3171 I net.osmand: RoutingHelper Recalculate route, because correlation  : 172800.79183086602
06-30 19:09:45.767  3171  3171 I net.osmand: RoutingHelper Recalculate route, because wrong movement direction: 172800.8
06-30 19:09:45.772  3171  3220 I net.osmand: MapRenderRepositories RENDER MAP: update due to tile box
06-30 19:09:45.773  3171  3220 I net.osmand: MapRenderRepositories RENDER MAP: Interrupt rendering map
06-30 19:09:45.883  3171  3171 I net.osmand: RoutingHelper Recalculate route, because correlation  : 172800.79183086602
06-30 19:09:45.944  3171  3219 I net.osmand: MapRenderRepositories RENDER MAP: new request RotatedTileBox [lat=-7.2665966666666675, lon=-36.00677333333333, rotate=0.0, density=2.625, zoom=17, mapDensity=3.9375, zoomAnimation=0.0, zoomFloatPart=0.0, cx=900, cy=1972, pixWidth=1800, pixHeight=2690]
06-30 19:09:46.052  3171  3219 I net.osmand:native: Route objects 9
06-30 19:09:46.052  3171  3219 I net.osmand:native: Ocean: no completed & incompleted coastlines 0
06-30 19:09:46.052  3171  3219 I net.osmand:native: Detailed coastlines = 0, basemap coastlines 0, ocean tile 0.000000. Detailed added 0, basemap processed 1, basemap added 0.
06-30 19:09:46.052  3171  3219 I net.osmand:native: Search : tree - read( 450), accept( 35), objs - visit( 2517), accept(40), in result(7) 
06-30 19:09:46.052  3171  3219 I net.osmand: MapRenderRepositories BLat=-7.26890914440155, TLat=-7.260901284217835, LLong=-36.00922393798828, RLong=-36.00432205200195, zoom=17
06-30 19:09:46.052  3171  3219 I net.osmand: MapRenderRepositories Native search: 108 ms 
06-30 19:09:46.070  3171  3219 I net.osmand:native: Creating SkBitmap in native w:1800 h:2690 s:7200 f:1!
06-30 19:09:46.070  3171  3219 I net.osmand:native: Row bytes for RGBA_8888 is 7200
06-30 19:09:46.070  3171  3219 I net.osmand:native: Locked 19368000 bytes at 0x84900000
06-30 19:09:46.070  3171  3219 I net.osmand:native: Initializing rendering
06-30 19:09:46.072  3171  3219 I net.osmand:native: Rendering image
06-30 19:09:46.125  3171  3219 I net.osmand:native: Native ok (rendering 50, text 0 ms) 
06-30 19:09:46.125  3171  3219 I net.osmand:native:  (743 points, 28 points inside, 11 of 18 objects visible)
06-30 19:09:46.125  3171  3219 I net.osmand:native: End Rendering image
06-30 19:09:46.125  3171  3219 I net.osmand:native: Native ok (init 3, rendering 50) 
06-30 19:09:46.128  3171  3219 I net.osmand: MapRenderRepositories true
06-30 19:09:46.302  3171  3171 I net.osmand: RoutingHelper Recalculate route, because correlation  : 172800.79183086602
06-30 19:09:46.302  3171  3171 I net.osmand: RoutingHelper Recalculate route, because wrong movement direction: 172800.8
06-30 19:09:46.358  3171  3171 I net.osmand: RoutingHelper Recalculate route, because correlation  : 172800.79183086602
06-30 19:09:46.911  3171  3184 I zygote  : Background concurrent copying GC freed 523199(11MB) AllocSpace objects, 0(0B) LOS objects, 14% free, 36MB/42MB, paused 909us total 1.043s
06-30 19:09:47.162  3171  3171 I net.osmand: RoutingHelper Recalculate route, because correlation  : 172501.91770419103
06-30 19:09:47.162  3171  3171 I net.osmand: RoutingHelper Recalculate route, because wrong movement direction: 172501.92
06-30 19:09:47.256  3171  3220 I net.osmand: MapRenderRepositories RENDER MAP: update due to tile box
06-30 19:09:47.258  3171  3220 I net.osmand: MapRenderRepositories RENDER MAP: Interrupt rendering map
06-30 19:09:47.293  3171  3171 I net.osmand: RoutingHelper Recalculate route, because correlation  : 172501.91770419103
06-30 19:09:47.320  3171  3171 I net.osmand: RoutingHelper Recalculate route, because correlation  : 172501.91770419103
06-30 19:09:47.320  3171  3171 I net.osmand: RoutingHelper Recalculate route, because wrong movement direction: 172501.92
06-30 19:09:47.393  3171  3171 I net.osmand: RoutingHelper Recalculate route, because correlation  : 172501.91770419103
06-30 19:09:47.523  3171  3220 I net.osmand: MapRenderRepositories RENDER MAP: update due to tile box
06-30 19:09:47.523  3171  3220 I net.osmand: MapRenderRepositories RENDER MAP: Interrupt rendering map
06-30 19:09:47.630  3171  3219 I net.osmand: MapRenderRepositories RENDER MAP: new request RotatedTileBox [lat=-7.26777, lon=-36.00929, rotate=0.0, density=2.625, zoom=17, mapDensity=3.9375, zoomAnimation=0.0, zoomFloatPart=0.0, cx=900, cy=1972, pixWidth=1800, pixHeight=2690]
06-30 19:09:47.736  3171  3219 I net.osmand:native: Route objects 12
06-30 19:09:47.736  3171  3219 I net.osmand:native: Ocean: no completed & incompleted coastlines 0
06-30 19:09:47.736  3171  3219 I net.osmand:native: Detailed coastlines = 0, basemap coastlines 0, ocean tile 0.000000. Detailed added 0, basemap processed 1, basemap added 0.
06-30 19:09:47.736  3171  3219 I net.osmand:native: Search : tree - read( 490), accept( 38), objs - visit( 2597), accept(43), in result(8) 
06-30 19:09:47.737  3171  3219 I net.osmand: MapRenderRepositories BLat=-7.270079779624939, TLat=-7.262071919441223, LLong=-36.01174545288086, RLong=-36.00684356689453, zoom=17
06-30 19:09:47.737  3171  3219 I net.osmand: MapRenderRepositories Native search: 106 ms 
06-30 19:09:47.759  3171  3189 I zygote  : Waiting for a blocking GC ProfileSaver
06-30 19:09:47.760  3171  3219 I net.osmand:native: Creating SkBitmap in native w:1800 h:2690 s:7200 f:1!
06-30 19:09:47.760  3171  3219 I net.osmand:native: Row bytes for RGBA_8888 is 7200
06-30 19:09:47.760  3171  3219 I net.osmand:native: Locked 19368000 bytes at 0x85d00000
06-30 19:09:47.760  3171  3219 I net.osmand:native: Initializing rendering
06-30 19:09:47.773  3171  3219 I net.osmand:native: Rendering image
06-30 19:09:47.832  3171  3219 I net.osmand:native: Native ok (rendering 59, text 0 ms) 
06-30 19:09:47.832  3171  3219 I net.osmand:native:  (1063 points, 12 points inside, 11 of 20 objects visible)
06-30 19:09:47.832  3171  3219 I net.osmand:native: End Rendering image
06-30 19:09:47.833  3171  3219 I net.osmand:native: Native ok (init 12, rendering 59) 
06-30 19:09:47.833  3171  3219 I net.osmand: MapRenderRepositories true
06-30 19:09:48.200  3171  3171 I net.osmand: RoutingHelper Recalculate route, because correlation  : 172501.91770419103
06-30 19:09:48.200  3171  3171 I net.osmand: RoutingHelper Recalculate route, because wrong movement direction: 172501.92
06-30 19:09:48.295  3171  3171 I net.osmand: RoutingHelper Recalculate route, because correlation  : 172501.91770419103
06-30 19:09:48.489  3171  3184 I zygote  : Background concurrent copying GC freed 701261(15MB) AllocSpace objects, 0(0B) LOS objects, 14% free, 36MB/42MB, paused 3.088ms total 1.129s
06-30 19:09:48.490  3171  3189 I zygote  : WaitForGcToComplete blocked ProfileSaver on HeapTrim for 731.324ms
06-30 19:09:48.527  3171  3171 I net.osmand: RoutingHelper Recalculate route, because correlation  : 172202.89276491987
06-30 19:09:48.597  3171  3171 I net.osmand: RoutingHelper Recalculate route, because correlation  : 172202.89276491987
06-30 19:09:48.597  3171  3171 I net.osmand: RoutingHelper Recalculate route, because wrong movement direction: 172202.89
06-30 19:09:48.696  3171  3220 I net.osmand: MapRenderRepositories RENDER MAP: update due to tile box
06-30 19:09:48.696  3171  3220 I net.osmand: MapRenderRepositories RENDER MAP: Interrupt rendering map
06-30 19:09:49.186  3171  3171 I net.osmand: RoutingHelper Recalculate route, because correlation  : 172202.89276491987
06-30 19:09:49.186  3171  3171 I net.osmand: RoutingHelper Recalculate route, because wrong movement direction: 172202.89
06-30 19:09:49.190  3171  3220 I net.osmand: MapRenderRepositories RENDER MAP: update due to tile box
06-30 19:09:49.190  3171  3220 I net.osmand: MapRenderRepositories RENDER MAP: Interrupt rendering map
06-30 19:09:49.196  3171  3171 I net.osmand: RoutingHelper Recalculate route, because correlation  : 172202.89276491987
06-30 19:09:49.346  3171  3219 I net.osmand: MapRenderRepositories RENDER MAP: new request RotatedTileBox [lat=-7.268943333333334, lon=-36.011808333333335, rotate=0.0, density=2.625, zoom=17, mapDensity=3.9375, zoomAnimation=0.0, zoomFloatPart=0.0, cx=900, cy=1972, pixWidth=1800, pixHeight=2690]
06-30 19:09:49.487  3171  3219 I net.osmand:native: Route objects 12
06-30 19:09:49.487  3171  3219 I net.osmand:native: Ocean: no completed & incompleted coastlines 0
06-30 19:09:49.488  3171  3219 I net.osmand:native: Detailed coastlines = 0, basemap coastlines 0, ocean tile 0.000000. Detailed added 0, basemap processed 1, basemap added 0.
06-30 19:09:49.491  3171  3219 I net.osmand:native: Search : tree - read( 490), accept( 38), objs - visit( 2597), accept(43), in result(8) 
06-30 19:09:49.491  3171  3219 I net.osmand: MapRenderRepositories BLat=-7.2712504148483275, TLat=-7.263242554664612, LLong=-36.01425552368164, RLong=-36.00935363769531, zoom=17
06-30 19:09:49.491  3171  3219 I net.osmand: MapRenderRepositories Native search: 144 ms 
06-30 19:09:49.515  3171  3219 I net.osmand:native: Creating SkBitmap in native w:1800 h:2690 s:7200 f:1!
06-30 19:09:49.515  3171  3219 I net.osmand:native: Row bytes for RGBA_8888 is 7200
06-30 19:09:49.515  3171  3219 I net.osmand:native: Locked 19368000 bytes at 0x84900000
06-30 19:09:49.515  3171  3219 I net.osmand:native: Initializing rendering
06-30 19:09:49.517  3171  3219 I net.osmand:native: Rendering image
06-30 19:09:49.527  3171  3219 I net.osmand:native: Native ok (rendering 10, text 0 ms) 
06-30 19:09:49.527  3171  3219 I net.osmand:native:  (1063 points, 2 points inside, 11 of 20 objects visible)
06-30 19:09:49.527  3171  3219 I net.osmand:native: End Rendering image
06-30 19:09:49.528  3171  3219 I net.osmand:native: Native ok (init 1, rendering 10) 
06-30 19:09:49.528  3171  3219 I net.osmand: MapRenderRepositories true
06-30 19:09:49.898  3171  3171 I net.osmand: RoutingHelper Recalculate route, because correlation  : 171904.07677949712
06-30 19:09:49.898  3171  3171 I net.osmand: RoutingHelper Recalculate route, because wrong movement direction: 171904.08
06-30 19:09:49.950  3171  3220 I net.osmand: MapRenderRepositories RENDER MAP: update due to tile box
06-30 19:09:49.951  3171  3220 I net.osmand: MapRenderRepositories RENDER MAP: Interrupt rendering map
06-30 19:09:50.061  3171  3171 I net.osmand: RoutingHelper Recalculate route, because correlation  : 171904.07677949712
06-30 19:09:50.222  3171  3220 I net.osmand: MapRenderRepositories RENDER MAP: update due to tile box
06-30 19:09:50.222  3171  3220 I net.osmand: MapRenderRepositories RENDER MAP: Interrupt rendering map
06-30 19:09:50.252  3171  3171 I net.osmand: RoutingHelper Recalculate route, because correlation  : 171904.07677949712
06-30 19:09:50.253  3171  3171 I net.osmand: RoutingHelper Recalculate route, because wrong movement direction: 171904.08
06-30 19:09:50.274  3171  3184 W zygote  : Long wait of 11.426ms for Thread[1,tid=3171,Native,Thread*=0xad6ce000,peer=0x72d96978,"main"] suspension!
06-30 19:09:50.288  3171  3219 I net.osmand: MapRenderRepositories RENDER MAP: new request RotatedTileBox [lat=-7.270116666666667, lon=-36.014325, rotate=0.0, density=2.625, zoom=17, mapDensity=3.9375, zoomAnimation=0.0, zoomFloatPart=0.0, cx=900, cy=1972, pixWidth=1800, pixHeight=2690]
06-30 19:09:50.325  3171  3184 I zygote  : Background concurrent copying GC freed 716546(15MB) AllocSpace objects, 0(0B) LOS objects, 12% free, 40MB/46MB, paused 1.335ms total 1.120s
06-30 19:09:50.369  3171  3171 I net.osmand: RoutingHelper Recalculate route, because correlation  : 171904.07677949712
06-30 19:09:50.402  3171  3219 I net.osmand:native: Route objects 11
06-30 19:09:50.403  3171  3219 I net.osmand:native: Ocean: no completed & incompleted coastlines 0
06-30 19:09:50.403  3171  3219 I net.osmand:native: Detailed coastlines = 0, basemap coastlines 0, ocean tile 0.000000. Detailed added 0, basemap processed 1, basemap added 0.
06-30 19:09:50.403  3171  3219 I net.osmand:native: Search : tree - read( 490), accept( 38), objs - visit( 2597), accept(42), in result(7) 
06-30 19:09:50.403  3171  3219 I net.osmand: MapRenderRepositories BLat=-7.272421026229859, TLat=-7.264413690567016, LLong=-36.01677703857422, RLong=-36.01187515258789, zoom=17
06-30 19:09:50.403  3171  3219 I net.osmand: MapRenderRepositories Native search: 115 ms 
06-30 19:09:50.409  3171  3219 I net.osmand:native: Creating SkBitmap in native w:1800 h:2690 s:7200 f:1!
06-30 19:09:50.409  3171  3219 I net.osmand:native: Row bytes for RGBA_8888 is 7200
06-30 19:09:50.409  3171  3219 I net.osmand:native: Locked 19368000 bytes at 0x85d00000
06-30 19:09:50.409  3171  3219 I net.osmand:native: Initializing rendering
06-30 19:09:50.411  3171  3219 I net.osmand:native: Rendering image
06-30 19:09:50.476  3171  3219 I net.osmand:native: Native ok (rendering 64, text 3 ms) 
06-30 19:09:50.476  3171  3219 I net.osmand:native:  (1031 points, 0 points inside, 9 of 18 objects visible)
06-30 19:09:50.479  3171  3219 I net.osmand:native: End Rendering image
06-30 19:09:50.480  3171  3219 I net.osmand:native: Native ok (init 1, rendering 64) 
06-30 19:09:50.485  3171  3219 I net.osmand: MapRenderRepositories true
06-30 19:09:51.072  3171  3184 I zygote  : Background concurrent copying GC freed 897766(19MB) AllocSpace objects, 0(0B) LOS objects, 17% free, 27MB/33MB, paused 1.696ms total 397.104ms
06-30 19:09:51.224  3171  3171 I net.osmand: RoutingHelper Recalculate route, because correlation  : 171605.11024776055
06-30 19:09:51.224  3171  3171 I net.osmand: RoutingHelper Recalculate route, because wrong movement direction: 171605.11
06-30 19:09:51.280  3171  3220 I net.osmand: MapRenderRepositories RENDER MAP: update due to tile box
06-30 19:09:51.280  3171  3220 I net.osmand: MapRenderRepositories RENDER MAP: Interrupt rendering map
06-30 19:09:51.325  3171  3171 I net.osmand: RoutingHelper Recalculate route, because correlation  : 171605.11024776055
06-30 19:09:51.325  3171  3171 I net.osmand: RoutingHelper Recalculate route, because wrong movement direction: 171605.11
06-30 19:09:51.405  3171  3171 I net.osmand: RoutingHelper Recalculate route, because correlation  : 171605.11024776055
06-30 19:09:51.414  3171  3171 I net.osmand: RoutingHelper Recalculate route, because correlation  : 171605.11024776055
06-30 19:09:51.529  3171  3220 I net.osmand: MapRenderRepositories RENDER MAP: update due to tile box
06-30 19:09:51.529  3171  3220 I net.osmand: MapRenderRepositories RENDER MAP: Interrupt rendering map
06-30 19:09:51.944  3171  3184 I zygote  : Background concurrent copying GC freed 282885(6MB) AllocSpace objects, 0(0B) LOS objects, 16% free, 30MB/36MB, paused 1.206ms total 558.912ms
06-30 19:09:51.989  3171  3219 I net.osmand: MapRenderRepositories RENDER MAP: new request RotatedTileBox [lat=-7.271289999999999, lon=-36.016843333333334, rotate=0.0, density=2.625, zoom=17, mapDensity=3.9375, zoomAnimation=0.0, zoomFloatPart=0.0, cx=900, cy=1972, pixWidth=1800, pixHeight=2690]
06-30 19:09:52.039  3171  3219 I net.osmand:native: Route objects 13
06-30 19:09:52.040  3171  3219 I net.osmand:native: Ocean: no completed & incompleted coastlines 0
06-30 19:09:52.040  3171  3219 I net.osmand:native: Detailed coastlines = 0, basemap coastlines 0, ocean tile 0.000000. Detailed added 0, basemap processed 1, basemap added 0.
06-30 19:09:52.041  3171  3219 I net.osmand:native: Search : tree - read( 490), accept( 37), objs - visit( 2557), accept(44), in result(9) 
06-30 19:09:52.042  3171  3219 I net.osmand: MapRenderRepositories BLat=-7.273590612411499, TLat=-7.265606355667114, LLong=-36.0192985534668, RLong=-36.01439666748047, zoom=17
06-30 19:09:52.042  3171  3219 I net.osmand: MapRenderRepositories Native search: 52 ms 
06-30 19:09:52.057  3171  3219 I net.osmand:native: Creating SkBitmap in native w:1800 h:2690 s:7200 f:1!
06-30 19:09:52.057  3171  3219 I net.osmand:native: Row bytes for RGBA_8888 is 7200
06-30 19:09:52.057  3171  3219 I net.osmand:native: Locked 19368000 bytes at 0x84900000
06-30 19:09:52.057  3171  3219 I net.osmand:native: Initializing rendering
06-30 19:09:52.058  3171  3219 I net.osmand:native: Rendering image
06-30 19:09:52.080  3171  3219 I net.osmand:native: Native ok (rendering 19, text 0 ms) 
06-30 19:09:52.080  3171  3219 I net.osmand:native:  (1168 points, 0 points inside, 12 of 21 objects visible)
06-30 19:09:52.080  3171  3219 I net.osmand:native: End Rendering image
06-30 19:09:52.080  3171  3219 I net.osmand:native: Native ok (init 3, rendering 19) 
06-30 19:09:52.089  3171  3219 I net.osmand: MapRenderRepositories true
06-30 19:09:52.274  3171  3171 I net.osmand: RoutingHelper Recalculate route, because correlation  : 171605.11024776055
06-30 19:09:52.274  3171  3171 I net.osmand: RoutingHelper Recalculate route, because wrong movement direction: 171605.11
06-30 19:09:52.433  3171  3171 I net.osmand: RoutingHelper Recalculate route, because correlation  : 171605.11024776055
06-30 19:09:52.612  3171  3171 I net.osmand: RoutingHelper Recalculate route, because correlation  : 171306.17313651086
06-30 19:09:52.612  3171  3171 I net.osmand: RoutingHelper Recalculate route, because wrong movement direction: 171306.17
06-30 19:09:52.755  3171  3171 I net.osmand: RoutingHelper Recalculate route, because correlation  : 171306.17313651086
06-30 19:09:52.776  3171  3220 I net.osmand: MapRenderRepositories RENDER MAP: update due to tile box
06-30 19:09:52.777  3171  3220 I net.osmand: MapRenderRepositories RENDER MAP: Interrupt rendering map
06-30 19:09:52.841  3171  3219 I net.osmand: MapRenderRepositories RENDER MAP: new request RotatedTileBox [lat=-7.2724633333333335, lon=-36.01936166666667, rotate=0.0, density=2.625, zoom=17, mapDensity=3.9375, zoomAnimation=0.0, zoomFloatPart=0.0, cx=900, cy=1972, pixWidth=1800, pixHeight=2690]
06-30 19:09:52.908  3171  3219 I net.osmand:native: Route objects 20
06-30 19:09:52.908  3171  3219 I net.osmand:native: Ocean: no completed & incompleted coastlines 0
06-30 19:09:52.909  3171  3219 I net.osmand:native: Detailed coastlines = 0, basemap coastlines 0, ocean tile 0.000000. Detailed added 0, basemap processed 1, basemap added 0.
06-30 19:09:52.909  3171  3219 I net.osmand:native: Search : tree - read( 490), accept( 39), objs - visit( 2637), accept(51), in result(16) 
06-30 19:09:52.909  3171  3219 I net.osmand: MapRenderRepositories BLat=-7.2747612476348875, TLat=-7.266776990890503, LLong=-36.02180862426758, RLong=-36.01690673828125, zoom=17
06-30 19:09:52.909  3171  3219 I net.osmand: MapRenderRepositories Native search: 65 ms 
06-30 19:09:52.921  3171  3219 I net.osmand:native: Creating SkBitmap in native w:1800 h:2690 s:7200 f:1!
06-30 19:09:52.921  3171  3219 I net.osmand:native: Row bytes for RGBA_8888 is 7200
06-30 19:09:52.921  3171  3219 I net.osmand:native: Locked 19368000 bytes at 0x85d00000
06-30 19:09:52.921  3171  3219 I net.osmand:native: Initializing rendering
06-30 19:09:52.922  3171  3219 I net.osmand:native: Rendering image
06-30 19:09:53.083  3171  3219 I net.osmand:native: Native ok (rendering 0, text 12 ms) 
06-30 19:09:53.083  3171  3219 I net.osmand:native:  (1806 points, 7 points inside, 23 of 35 objects visible)
06-30 19:09:53.084  3171  3219 I net.osmand:native: End Rendering image
06-30 19:09:53.086  3171  3219 I net.osmand:native: Native ok (init 1, rendering 0) 
06-30 19:09:53.093  3171  3219 I net.osmand: MapRenderRepositories true
06-30 19:09:53.257  3171  3171 I net.osmand: RoutingHelper Recalculate route, because correlation  : 171306.17313651086
06-30 19:09:53.258  3171  3171 I net.osmand: RoutingHelper Recalculate route, because wrong movement direction: 171306.17
06-30 19:09:53.360  3171  3171 I net.osmand: RoutingHelper Recalculate route, because correlation  : 171306.17313651086
06-30 19:09:53.807  3171  3184 I zygote  : Background concurrent copying GC freed 406268(9MB) AllocSpace objects, 0(0B) LOS objects, 13% free, 39MB/45MB, paused 1.354ms total 1.438s
06-30 19:09:53.887  3171  3171 I net.osmand: RoutingHelper Recalculate route, because correlation  : 171007.44547484082
06-30 19:09:53.896  3171  3171 I net.osmand: RoutingHelper Recalculate route, because correlation  : 171007.44547484082
06-30 19:09:53.897  3171  3171 I net.osmand: RoutingHelper Recalculate route, because wrong movement direction: 171007.45
06-30 19:09:54.106  3171  3220 I net.osmand: MapRenderRepositories RENDER MAP: update due to tile box
06-30 19:09:54.106  3171  3220 I net.osmand: MapRenderRepositories RENDER MAP: Interrupt rendering map
06-30 19:09:54.249  3171  3171 I net.osmand: RoutingHelper Recalculate route, because correlation  : 171007.44547484082
06-30 19:09:54.251  3171  3171 I net.osmand: RoutingHelper Recalculate route, because correlation  : 171007.44547484082
06-30 19:09:54.251  3171  3171 I net.osmand: RoutingHelper Recalculate route, because wrong movement direction: 171007.45
06-30 19:09:54.281  3171  3220 I net.osmand: MapRenderRepositories RENDER MAP: update due to tile box
06-30 19:09:54.283  3171  3220 I net.osmand: MapRenderRepositories RENDER MAP: Interrupt rendering map
06-30 19:09:54.597  3171  3219 I net.osmand: MapRenderRepositories RENDER MAP: new request RotatedTileBox [lat=-7.273636666666666, lon=-36.02187833333333, rotate=0.0, density=2.625, zoom=17, mapDensity=3.9375, zoomAnimation=0.0, zoomFloatPart=0.0, cx=900, cy=1972, pixWidth=1800, pixHeight=2690]
06-30 19:09:54.698  3171  3219 I net.osmand:native: Route objects 19
06-30 19:09:54.698  3171  3219 I net.osmand:native: Ocean: no completed & incompleted coastlines 0
06-30 19:09:54.698  3171  3219 I net.osmand:native: Detailed coastlines = 0, basemap coastlines 0, ocean tile 0.000000. Detailed added 0, basemap processed 1, basemap added 0.
06-30 19:09:54.701  3171  3219 I net.osmand:native: Search : tree - read( 490), accept( 40), objs - visit( 2677), accept(50), in result(15) 
06-30 19:09:54.701  3171  3219 I net.osmand: MapRenderRepositories BLat=-7.275931859016419, TLat=-7.267948126792907, LLong=-36.024330139160156, RLong=-36.01942825317383, zoom=17
06-30 19:09:54.706  3171  3219 I net.osmand: MapRenderRepositories Native search: 108 ms 
06-30 19:09:54.730  3171  3219 I net.osmand:native: Creating SkBitmap in native w:1800 h:2690 s:7200 f:1!
06-30 19:09:54.730  3171  3219 I net.osmand:native: Row bytes for RGBA_8888 is 7200
06-30 19:09:54.730  3171  3219 I net.osmand:native: Locked 19368000 bytes at 0x84900000
06-30 19:09:54.730  3171  3219 I net.osmand:native: Initializing rendering
06-30 19:09:54.731  3171  3219 I net.osmand:native: Rendering image
06-30 19:09:54.741  3171  3184 I zygote  : Background concurrent copying GC freed 804959(18MB) AllocSpace objects, 0(0B) LOS objects, 16% free, 30MB/36MB, paused 13.855ms total 569.626ms
06-30 19:09:54.810  3171  3219 I net.osmand:native: Native ok (rendering 0, text 7 ms) 
06-30 19:09:54.810  3171  3219 I net.osmand:native:  (1781 points, 52 points inside, 20 of 32 objects visible)
06-30 19:09:54.810  3171  3219 I net.osmand:native: End Rendering image
06-30 19:09:54.811  3171  3219 I net.osmand:native: Native ok (init 1, rendering 0) 
06-30 19:09:54.821  3171  3219 I net.osmand: MapRenderRepositories true
06-30 19:09:55.326  3171  3171 I net.osmand: RoutingHelper Recalculate route, because correlation  : 171007.44547484082
06-30 19:09:55.382  3171  3171 I net.osmand: RoutingHelper Recalculate route, because correlation  : 171007.44547484082
06-30 19:09:55.382  3171  3171 I net.osmand: RoutingHelper Recalculate route, because wrong movement direction: 171007.45
06-30 19:09:55.405  3171  3171 I net.osmand: RoutingHelper Recalculate route, because correlation  : 170708.5676737916
06-30 19:09:55.405  3171  3171 I net.osmand: RoutingHelper Recalculate route, because wrong movement direction: 170708.56
06-30 19:09:55.408  3171  3171 I net.osmand: RoutingHelper Recalculate route, because correlation  : 170708.5676737916
06-30 19:09:55.437  3171  3220 I net.osmand: MapRenderRepositories RENDER MAP: update due to tile box
06-30 19:09:55.437  3171  3220 I net.osmand: MapRenderRepositories RENDER MAP: Interrupt rendering map
06-30 19:09:55.575  3171  3219 I net.osmand: MapRenderRepositories RENDER MAP: new request RotatedTileBox [lat=-7.27481, lon=-36.02439666666667, rotate=0.0, density=2.625, zoom=17, mapDensity=3.9375, zoomAnimation=0.0, zoomFloatPart=0.0, cx=900, cy=1972, pixWidth=1800, pixHeight=2690]
06-30 19:09:55.686  3171  3219 I net.osmand:native: Route objects 17
06-30 19:09:55.686  3171  3219 I net.osmand:native: Ocean: no completed & incompleted coastlines 0
06-30 19:09:55.686  3171  3219 I net.osmand:native: Detailed coastlines = 0, basemap coastlines 0, ocean tile 0.000000. Detailed added 0, basemap processed 1, basemap added 0.
06-30 19:09:55.687  3171  3219 I net.osmand:native: Search : tree - read( 490), accept( 40), objs - visit( 2677), accept(48), in result(13) 
06-30 19:09:55.687  3171  3219 I net.osmand: MapRenderRepositories BLat=-7.277125024795533, TLat=-7.26911768913269, LLong=-36.026851654052734, RLong=-36.021949768066406, zoom=17
06-30 19:09:55.687  3171  3219 I net.osmand: MapRenderRepositories Native search: 111 ms 
06-30 19:09:55.695  3171  3219 I net.osmand:native: Creating SkBitmap in native w:1800 h:2690 s:7200 f:1!
06-30 19:09:55.696  3171  3219 I net.osmand:native: Row bytes for RGBA_8888 is 7200
06-30 19:09:55.696  3171  3219 I net.osmand:native: Locked 19368000 bytes at 0x85d00000
06-30 19:09:55.696  3171  3219 I net.osmand:native: Initializing rendering
06-30 19:09:55.697  3171  3219 I net.osmand:native: Rendering image
06-30 19:09:55.766  3171  3219 I net.osmand:native: Native ok (rendering 0, text 5 ms) 
06-30 19:09:55.766  3171  3219 I net.osmand:native:  (1711 points, 33 points inside, 16 of 25 objects visible)
06-30 19:09:55.766  3171  3219 I net.osmand:native: End Rendering image
06-30 19:09:55.766  3171  3219 I net.osmand:native: Native ok (init 1, rendering 0) 
06-30 19:09:55.785  3171  3219 I net.osmand: MapRenderRepositories true
06-30 19:09:56.022  3171  3184 I zygote  : Background concurrent copying GC freed 428716(9MB) AllocSpace objects, 0(0B) LOS objects, 14% free, 36MB/42MB, paused 1.253ms total 926.586ms
06-30 19:09:56.192  3171  3171 I net.osmand: RoutingHelper Recalculate route, because correlation  : 170708.5676737916
06-30 19:09:56.198  3171  3171 I net.osmand: RoutingHelper Recalculate route, because correlation  : 170708.5676737916
06-30 19:09:56.198  3171  3171 I net.osmand: RoutingHelper Recalculate route, because wrong movement direction: 170708.56
06-30 19:09:56.745  3171  3171 I net.osmand: RoutingHelper Recalculate route, because correlation  : 170409.681410453
06-30 19:09:56.746  3171  3171 I net.osmand: RoutingHelper Recalculate route, because wrong movement direction: 170409.69
06-30 19:09:56.905  3171  3220 I net.osmand: MapRenderRepositories RENDER MAP: update due to tile box
06-30 19:09:56.905  3171  3220 I net.osmand: MapRenderRepositories RENDER MAP: Interrupt rendering map
06-30 19:09:56.912  3171  3171 I net.osmand: RoutingHelper Recalculate route, because correlation  : 170409.681410453
06-30 19:09:57.103  3171  3220 I net.osmand: MapRenderRepositories RENDER MAP: update due to tile box
06-30 19:09:57.103  3171  3220 I net.osmand: MapRenderRepositories RENDER MAP: Interrupt rendering map
06-30 19:09:57.245  3171  3171 I net.osmand: RoutingHelper Recalculate route, because correlation  : 170409.681410453
06-30 19:09:57.245  3171  3171 I net.osmand: RoutingHelper Recalculate route, because wrong movement direction: 170409.69
06-30 19:09:57.289  3171  3219 I net.osmand: MapRenderRepositories RENDER MAP: new request RotatedTileBox [lat=-7.2759849999999995, lon=-36.026915, rotate=0.0, density=2.625, zoom=17, mapDensity=3.9375, zoomAnimation=0.0, zoomFloatPart=0.0, cx=900, cy=1972, pixWidth=1800, pixHeight=2690]
06-30 19:09:57.299  3171  3171 I net.osmand: RoutingHelper Recalculate route, because correlation  : 170409.681410453
06-30 19:09:57.465  3171  3219 I net.osmand:native: Route objects 18
06-30 19:09:57.465  3171  3219 I net.osmand:native: Ocean: no completed & incompleted coastlines 0
06-30 19:09:57.465  3171  3219 I net.osmand:native: Detailed coastlines = 0, basemap coastlines 0, ocean tile 0.000000. Detailed added 0, basemap processed 1, basemap added 0.
06-30 19:09:57.465  3171  3219 I net.osmand:native: Search : tree - read( 490), accept( 40), objs - visit( 2677), accept(49), in result(14) 
06-30 19:09:57.466  3171  3219 I net.osmand: MapRenderRepositories BLat=-7.278295660018921, TLat=-7.270288324356079, LLong=-36.029361724853516, RLong=-36.02445983886719, zoom=17
06-30 19:09:57.466  3171  3219 I net.osmand: MapRenderRepositories Native search: 176 ms 
06-30 19:09:57.495  3171  3219 I net.osmand:native: Creating SkBitmap in native w:1800 h:2690 s:7200 f:1!
06-30 19:09:57.496  3171  3219 I net.osmand:native: Row bytes for RGBA_8888 is 7200
06-30 19:09:57.496  3171  3219 I net.osmand:native: Locked 19368000 bytes at 0x84900000
06-30 19:09:57.496  3171  3219 I net.osmand:native: Initializing rendering
06-30 19:09:57.497  3171  3219 I net.osmand:native: Rendering image
06-30 19:09:57.535  3171  3219 I net.osmand:native: Native ok (rendering 37, text 0 ms) 
06-30 19:09:57.535  3171  3219 I net.osmand:native:  (1795 points, 6 points inside, 18 of 27 objects visible)
06-30 19:09:57.535  3171  3219 I net.osmand:native: End Rendering image
06-30 19:09:57.535  3171  3219 I net.osmand:native: Native ok (init 1, rendering 37) 
06-30 19:09:57.536  3171  3219 I net.osmand: MapRenderRepositories true
06-30 19:09:57.708  3171  3184 I zygote  : Background concurrent copying GC freed 699779(15MB) AllocSpace objects, 0(0B) LOS objects, 13% free, 39MB/45MB, paused 1.528ms total 1.166s
06-30 19:09:58.157  3171  3171 I net.osmand: RoutingHelper Recalculate route, because correlation  : 170111.04351665985
06-30 19:09:58.157  3171  3171 I net.osmand: RoutingHelper Recalculate route, because wrong movement direction: 170111.05
06-30 19:09:58.161  3171  3171 I net.osmand: RoutingHelper Recalculate route, because correlation  : 170111.04351665985
06-30 19:09:58.165  3171  3220 I net.osmand: MapRenderRepositories RENDER MAP: update due to tile box
06-30 19:09:58.165  3171  3220 I net.osmand: MapRenderRepositories RENDER MAP: Interrupt rendering map
06-30 19:09:58.289  3171  3219 I net.osmand: MapRenderRepositories RENDER MAP: new request RotatedTileBox [lat=-7.277158333333333, lon=-36.02943166666667, rotate=0.0, density=2.625, zoom=17, mapDensity=3.9375, zoomAnimation=0.0, zoomFloatPart=0.0, cx=900, cy=1972, pixWidth=1800, pixHeight=2690]
06-30 19:09:58.305  3171  3171 I net.osmand: RoutingHelper Recalculate route, because correlation  : 170111.04351665985
06-30 19:09:58.305  3171  3171 I net.osmand: RoutingHelper Recalculate route, because wrong movement direction: 170111.05
06-30 19:09:58.427  3171  3219 I net.osmand:native: Route objects 17
06-30 19:09:58.427  3171  3219 I net.osmand:native: Ocean: no completed & incompleted coastlines 0
06-30 19:09:58.427  3171  3219 I net.osmand:native: Detailed coastlines = 0, basemap coastlines 0, ocean tile 0.000000. Detailed added 0, basemap processed 1, basemap added 0.
06-30 19:09:58.427  3171  3219 I net.osmand:native: Search : tree - read( 490), accept( 39), objs - visit( 2637), accept(48), in result(13) 
06-30 19:09:58.428  3171  3219 I net.osmand: MapRenderRepositories BLat=-7.27946629524231, TLat=-7.271458959579467, LLong=-36.031883239746094, RLong=-36.026981353759766, zoom=17
06-30 19:09:58.428  3171  3219 I net.osmand: MapRenderRepositories Native search: 138 ms 
06-30 19:09:58.447  3171  3171 I net.osmand: RoutingHelper Recalculate route, because correlation  : 170111.04351665985
06-30 19:09:58.453  3171  3219 I net.osmand:native: Creating SkBitmap in native w:1800 h:2690 s:7200 f:1!
06-30 19:09:58.453  3171  3219 I net.osmand:native: Row bytes for RGBA_8888 is 7200
06-30 19:09:58.453  3171  3219 I net.osmand:native: Locked 19368000 bytes at 0x85d00000
06-30 19:09:58.453  3171  3219 I net.osmand:native: Initializing rendering
06-30 19:09:58.455  3171  3219 I net.osmand:native: Rendering image
06-30 19:09:58.508  3171  3219 I net.osmand:native: Native ok (rendering 52, text 0 ms) 
06-30 19:09:58.508  3171  3219 I net.osmand:native:  (1614 points, 9 points inside, 17 of 25 objects visible)
06-30 19:09:58.508  3171  3219 I net.osmand:native: End Rendering image
06-30 19:09:58.508  3171  3219 I net.osmand:native: Native ok (init 1, rendering 52) 
06-30 19:09:58.508  3171  3219 I net.osmand: MapRenderRepositories true
06-30 19:09:59.026  3171  3184 I zygote  : Background concurrent copying GC freed 825105(18MB) AllocSpace objects, 0(0B) LOS objects, 14% free, 35MB/41MB, paused 1.230ms total 849.343ms
06-30 19:09:59.195  3171  3171 I net.osmand: RoutingHelper Recalculate route, because correlation  : 170111.04351665985
06-30 19:09:59.195  3171  3171 I net.osmand: RoutingHelper Recalculate route, because wrong movement direction: 170111.05
06-30 19:09:59.353  3171  3171 I net.osmand: RoutingHelper Recalculate route, because correlation  : 170111.04351665985
06-30 19:09:59.485  3171  3171 I net.osmand: RoutingHelper Recalculate route, because correlation  : 170409.681410453
06-30 19:09:59.485  3171  3171 I net.osmand: RoutingHelper Recalculate route, because wrong movement direction: 170409.69
06-30 19:09:59.580  3171  3171 I net.osmand: RoutingHelper Recalculate route, because correlation  : 170409.681410453
06-30 19:09:59.717  3171  3220 I net.osmand: MapRenderRepositories RENDER MAP: update due to tile box
06-30 19:09:59.718  3171  3220 I net.osmand: MapRenderRepositories RENDER MAP: Interrupt rendering map
06-30 19:10:00.013  3171  3219 I net.osmand: MapRenderRepositories RENDER MAP: new request RotatedTileBox [lat=-7.2759849999999995, lon=-36.026915, rotate=0.0, density=2.625, zoom=17, mapDensity=3.9375, zoomAnimation=0.0, zoomFloatPart=0.0, cx=900, cy=1972, pixWidth=1800, pixHeight=2690]
06-30 19:10:00.139  3171  3219 I net.osmand:native: Route objects 18
06-30 19:10:00.139  3171  3219 I net.osmand:native: Ocean: no completed & incompleted coastlines 0
06-30 19:10:00.139  3171  3219 I net.osmand:native: Detailed coastlines = 0, basemap coastlines 0, ocean tile 0.000000. Detailed added 0, basemap processed 1, basemap added 0.
06-30 19:10:00.139  3171  3219 I net.osmand:native: Search : tree - read( 490), accept( 40), objs - visit( 2677), accept(49), in result(14) 
06-30 19:10:00.140  3171  3219 I net.osmand: MapRenderRepositories BLat=-7.278295660018921, TLat=-7.270288324356079, LLong=-36.029361724853516, RLong=-36.02445983886719, zoom=17
06-30 19:10:00.140  3171  3219 I net.osmand: MapRenderRepositories Native search: 127 ms 
06-30 19:10:00.145  3171  3219 I net.osmand:native: Creating SkBitmap in native w:1800 h:2690 s:7200 f:1!
06-30 19:10:00.145  3171  3219 I net.osmand:native: Row bytes for RGBA_8888 is 7200
06-30 19:10:00.145  3171  3219 I net.osmand:native: Locked 19368000 bytes at 0x84900000
06-30 19:10:00.145  3171  3219 I net.osmand:native: Initializing rendering
06-30 19:10:00.147  3171  3219 I net.osmand:native: Rendering image
06-30 19:10:00.201  3171  3219 I net.osmand:native: Native ok (rendering 54, text 0 ms) 
06-30 19:10:00.201  3171  3219 I net.osmand:native:  (1795 points, 6 points inside, 18 of 27 objects visible)
06-30 19:10:00.202  3171  3219 I net.osmand:native: End Rendering image
06-30 19:10:00.202  3171  3219 I net.osmand:native: Native ok (init 1, rendering 54) 
06-30 19:10:00.221  3171  3219 I net.osmand: MapRenderRepositories true
06-30 19:10:00.305  3171  3171 I net.osmand: RoutingHelper Recalculate route, because correlation  : 170409.681410453
06-30 19:10:00.305  3171  3171 I net.osmand: RoutingHelper Recalculate route, because wrong movement direction: 170409.69
06-30 19:10:00.418  3171  3171 I net.osmand: RoutingHelper Recalculate route, because correlation  : 170409.681410453
06-30 19:10:00.691  3171  3171 I net.osmand: RoutingHelper Recalculate route, because correlation  : 170323.8577461452
06-30 19:10:00.697  3171  3184 I zygote  : Background concurrent copying GC freed 645247(14MB) AllocSpace objects, 0(0B) LOS objects, 14% free, 34MB/40MB, paused 2.619ms total 1.066s
06-30 19:10:00.728  3171  3171 I net.osmand: RoutingHelper Recalculate route, because correlation  : 170323.8577461452
06-30 19:10:00.728  3171  3171 I net.osmand: RoutingHelper Recalculate route, because wrong movement direction: 170323.86
06-30 19:10:01.219  3171  3171 I net.osmand: RoutingHelper Recalculate route, because correlation  : 170323.8577461452
06-30 19:10:01.325  3171  3171 I net.osmand: RoutingHelper Recalculate route, because correlation  : 170323.8577461452
06-30 19:10:01.325  3171  3171 I net.osmand: RoutingHelper Recalculate route, because wrong movement direction: 170323.86
06-30 19:10:01.886  3171  3184 I zygote  : Background concurrent copying GC freed 617275(13MB) AllocSpace objects, 0(0B) LOS objects, 16% free, 31MB/37MB, paused 1.124ms total 663.578ms
06-30 19:10:02.007  3171  3171 I net.osmand: RoutingHelper Recalculate route, because correlation  : 170323.8577461452
06-30 19:10:02.008  3171  3171 I net.osmand: RoutingHelper Recalculate route, because wrong movement direction: 170323.86
06-30 19:10:02.026  3171  3171 I net.osmand: RoutingHelper Recalculate route, because correlation  : 170323.8577461452
06-30 19:10:02.248  3171  3171 I net.osmand: RoutingHelper Recalculate route, because correlation  : 170323.8577461452
06-30 19:10:02.248  3171  3171 I net.osmand: RoutingHelper Recalculate route, because wrong movement direction: 170323.86
06-30 19:10:02.264  3171  3171 I net.osmand: RoutingHelper Recalculate route, because correlation  : 170323.8577461452
06-30 19:10:02.562  1604  4624 I WifiService: acquireWifiLock uid=10014 lockMode=2
06-30 19:10:02.756  1604  4624 I WifiService: releaseWifiLock uid=10014
06-30 19:10:02.909  3171  3184 I zygote  : Background concurrent copying GC freed 461469(10MB) AllocSpace objects, 0(0B) LOS objects, 16% free, 30MB/36MB, paused 2.123ms total 528.763ms
06-30 19:10:03.187  3171  3171 I net.osmand: RoutingHelper Recalculate route, because correlation  : 170323.8577461452
06-30 19:10:03.187  3171  3171 I net.osmand: RoutingHelper Recalculate route, because wrong movement direction: 170323.86
06-30 19:10:03.191  1410  1410 I boot-pipe: done populating /dev/random
06-30 19:10:03.243  3171  3171 I net.osmand: RoutingHelper Recalculate route, because correlation  : 170323.8577461452
