07-18 15:14:59.415  1956  1956 I GeofencerStateMachine: sendNewTransitions called.
07-18 15:15:00.704  1592  3604 I WifiService: acquireWifiLock uid=10014 lockMode=2
07-18 15:15:03.703  1592  1879 D WificondControl: Scan result ready event
07-18 15:15:03.777  1592  8567 I WifiService: releaseWifiLock uid=10014
07-18 15:15:04.736  1956  1956 I GeofencerStateMachine: sendNewTransitions called.
07-18 15:15:05.180  1592  1601 I zygote  : Background concurrent copying GC freed 57291(2MB) AllocSpace objects, 2(104KB) LOS objects, 14% free, 36MB/42MB, paused 1.711ms total 479.063ms
07-18 15:15:08.558  1592  3604 I WifiService: getConnectionInfo uid=10014
07-18 15:15:08.565  1956 14669 E WakeLock: GCM_HB_ALARM release without a matched acquire!
07-18 15:15:08.698  1956 14675 V NativeCrypto: Read error: ssl=0xa9f2af88: I/O error during system call, Connection reset by peer
07-18 15:15:08.704  1956 14675 V NativeCrypto: SSL shutdown failed: ssl=0xa9f2af88: I/O error during system call, Broken pipe
07-18 15:15:08.704  1956 14675 E WakeLock: GCM_HB_ALARM release without a matched acquire!
07-18 15:15:08.704  1956 14675 W WakeLock: GCM_HB_ALARM counter does not exist
07-18 15:15:08.708  1956 14675 W GCM     : Resetting heartbeat counters (at min), good=0 bad=2
07-18 15:15:08.712  1592  1671 D ConnectivityService: reportNetworkConnectivity(101, false) by 10014
07-18 15:15:08.712  1592  2371 D NetworkMonitor/NetworkAgentInfo [WIFI () - 101]: Forcing reevaluation for UID 10014
07-18 15:15:08.743  1592 14691 D NetworkMonitor/NetworkAgentInfo [WIFI () - 101]: PROBE_DNS www.google.com 19ms OK 2800:3f0:4001:801::2004,172.217.28.228
07-18 15:15:08.765  1592 14692 D NetworkMonitor/NetworkAgentInfo [WIFI () - 101]: PROBE_DNS connectivitycheck.gstatic.com 40ms OK 2800:3f0:4001:81a::2003,172.217.172.131
07-18 15:15:08.838  1592 14691 D NetworkMonitor/NetworkAgentInfo [WIFI () - 101]: PROBE_HTTPS https://www.google.com/generate_204 time=94ms ret=204 request={User-Agent=[Mozilla/5.0 (X11; Linux x86_64) AppleWebKit/537.36 (KHTML, like Gecko) Chrome/60.0.3112.32 Safari/537.36]} headers={null=[HTTP/1.1 204 No Content], Alt-Svc=[quic=":443"; ma=2592000; v="46,43,39"], Content-Length=[0], Date=[Thu, 18 Jul 2019 19:15:11 GMT], X-Android-Received-Millis=[1563477308838], X-Android-Response-Source=[NETWORK 204], X-Android-Selected-Protocol=[http/1.1], X-Android-Sent-Millis=[1563477308744]}
07-18 15:15:08.840  1592  1671 D ConnectivityService: NetworkAgentInfo [WIFI () - 101] validation passed
07-18 15:15:08.852  1592 14692 D NetworkMonitor/NetworkAgentInfo [WIFI () - 101]: PROBE_HTTP http://connectivitycheck.gstatic.com/generate_204 time=85ms ret=204 request={User-Agent=[Mozilla/5.0 (X11; Linux x86_64) AppleWebKit/537.36 (KHTML, like Gecko) Chrome/60.0.3112.32 Safari/537.36]} headers={null=[HTTP/1.1 204 No Content], Content-Length=[0], Date=[Thu, 18 Jul 2019 19:15:11 GMT], X-Android-Received-Millis=[1563477308852], X-Android-Response-Source=[NETWORK 204], X-Android-Selected-Protocol=[http/1.1], X-Android-Sent-Millis=[1563477308768]}
07-18 15:15:08.978  5874  5884 I chatty  : uid=10104(net.osmand) HeapTaskDaemon expire 10 lines
07-18 15:15:10.558  1956  1956 I GeofencerStateMachine: sendNewTransitions called.
07-18 15:15:11.863  1956  1956 W ChimeraUtils: Non Chimera context
07-18 15:15:11.863  1956  1956 W ChimeraUtils: Non Chimera context
07-18 15:15:13.100  1592  3604 I WifiService: getConnectionInfo uid=10014
07-18 15:15:13.115  1592  3604 I WifiService: getDhcpInfo uid=10014
07-18 15:15:14.760  1396  1414 D hwcomposer: hw_composer sent 234 syncs in 60s
07-18 15:15:15.703  1956  1956 I GeofencerStateMachine: sendNewTransitions called.
07-18 15:15:21.716  1592  1667 W AlarmManager: Unrecognized alarm listener com.android.server.wifi.WifiConfigStore$1@165caca
07-18 15:15:21.752  1592  1667 D WifiConfigStore: Writing to stores completed in 35 ms.
07-18 15:15:21.764  1956  1956 I GeofencerStateMachine: sendNewTransitions called.
07-18 15:15:21.791  1592  3604 I WifiService: acquireWifiLock uid=10014 lockMode=2
07-18 15:15:21.935  1592  2450 I WifiService: releaseWifiLock uid=10014
07-18 15:15:22.399  1956  1966 I zygote  : Background concurrent copying GC freed 104819(4MB) AllocSpace objects, 0(0B) LOS objects, 39% free, 9MB/15MB, paused 1.486ms total 100.863ms
07-18 15:15:23.228  5874  5884 I chatty  : uid=10104(net.osmand) HeapTaskDaemon expire 13 lines
07-18 15:15:25.819  1592  1609 E BatteryExternalStatsWorker: modem info is invalid: ModemActivityInfo{ mTimestamp=0 mSleepTimeMs=0 mIdleTimeMs=0 mTxTimeMs[]=[0, 0, 0, 0, 0] mRxTimeMs=0 mEnergyUsed=0}
07-18 15:15:27.353  1956  1956 I GeofencerStateMachine: sendNewTransitions called.
07-18 15:15:29.075  1592  1879 I WifiService: getConnectionInfo uid=10014
07-18 15:15:29.365  1592  1879 I WifiService: getConnectionInfo uid=10014
07-18 15:15:29.368  1956 14703 W WakeLock: GCM_CONN_ALARM counter does not exist
07-18 15:15:29.397  1592  1879 I WifiService: getConnectionInfo uid=10014
07-18 15:15:32.727  1956  1956 I GeofencerStateMachine: sendNewTransitions called.
07-18 15:15:38.486  1956  1956 I GeofencerStateMachine: sendNewTransitions called.
07-18 15:15:38.940  5874  5884 I chatty  : uid=10104(net.osmand) HeapTaskDaemon expire 13 lines
07-18 15:15:41.846  2911  2911 I BgTaskExecutorImpl: Starting PERIODIC background task RESTORE_SPEAKER_MODEL.
07-18 15:15:41.867  2911  2911 W TaskServiceHelper: Not enough time has passed between starts of two 67 periodic tasks.
07-18 15:15:41.942  1592  2450 I WifiService: acquireWifiLock uid=10014 lockMode=2
07-18 15:15:43.434  1403  1403 I boot-pipe: done populating /dev/random
07-18 15:15:43.729  1956  1956 I GeofencerStateMachine: sendNewTransitions called.
07-18 15:15:44.813  1592  8567 D WificondControl: Scan result ready event
07-18 15:15:44.887  1592 12530 I WifiService: releaseWifiLock uid=10014
07-18 15:15:49.703  1956  1956 I GeofencerStateMachine: sendNewTransitions called.
07-18 15:15:50.062  1592  1601 I zygote  : Background concurrent copying GC freed 57034(2MB) AllocSpace objects, 16(1004KB) LOS objects, 14% free, 36MB/42MB, paused 959us total 364.061ms
07-18 15:15:55.233  1956  1956 I GeofencerStateMachine: sendNewTransitions called.
07-18 15:15:55.593  5874  5884 I chatty  : uid=10104(net.osmand) HeapTaskDaemon expire 12 lines
07-18 15:16:00.004  1592  1605 E memtrack: Couldn't load memtrack module
07-18 15:16:00.004  1592  1605 W android.os.Debug: failed to get memory consumption info: -1
07-18 15:16:00.731  1956  1956 I GeofencerStateMachine: sendNewTransitions called.
07-18 15:16:01.954  1592  2450 I WifiService: acquireWifiLock uid=10014 lockMode=2
07-18 15:16:02.007  1592  1605 I ProcessStatsService: Pruning old procstats: /data/system/procstats/state-2019-07-13-15-42-08.bin
07-18 15:16:02.051  1592 12530 I WifiService: releaseWifiLock uid=10014
07-18 15:16:06.342  1956  1956 I GeofencerStateMachine: sendNewTransitions called.
07-18 15:16:11.207  5874  5884 I chatty  : uid=10104(net.osmand) HeapTaskDaemon expire 10 lines
07-18 15:16:11.750  1956  1956 I GeofencerStateMachine: sendNewTransitions called.
07-18 15:16:16.479  1396  1414 D hwcomposer: hw_composer sent 246 syncs in 61s
07-18 15:16:17.581  1956  1956 I GeofencerStateMachine: sendNewTransitions called.
07-18 15:16:22.962  1592  1605 E memtrack: Couldn't load memtrack module
07-18 15:16:22.963  1592  1605 W android.os.Debug: failed to get memory consumption info: -1
07-18 15:16:23.057  1592  1605 E memtrack: Couldn't load memtrack module
07-18 15:16:23.057  1592  1605 W android.os.Debug: failed to get memory consumption info: -1
07-18 15:16:23.182  1592  1605 E memtrack: Couldn't load memtrack module
07-18 15:16:23.182  1592  1605 W android.os.Debug: failed to get memory consumption info: -1
07-18 15:16:23.303  1592  8567 I WifiService: acquireWifiLock uid=10014 lockMode=2
07-18 15:16:23.329  1956  1956 I GeofencerStateMachine: sendNewTransitions called.
07-18 15:16:23.425 11613 11636 I zygote  : Deoptimizing boolean bnqp.a(boby) due to JIT inline cache
07-18 15:16:23.440 11613 11636 I zygote  : Deoptimizing bnwu bnwt.a() due to JIT inline cache
07-18 15:16:23.593  1956  1956 I GeofencerStateMachine: removeGeofences: removeRequest=RemoveGeofencingRequest[REMOVE_BY_PENDING_INTENT pendingIntent=PendingIntent[creatorPackage=com.google.android.gms], packageName=com.google.android.gms]
07-18 15:16:23.821  1956  1956 I chatty  : uid=10014 com.google.android.gms.persistent identical 4 lines
07-18 15:16:23.827  1956  1956 I GeofencerStateMachine: removeGeofences: removeRequest=RemoveGeofencingRequest[REMOVE_BY_PENDING_INTENT pendingIntent=PendingIntent[creatorPackage=com.google.android.gms], packageName=com.google.android.gms]
07-18 15:16:24.072  5874  5884 I chatty  : uid=10104(net.osmand) HeapTaskDaemon expire 11 lines
07-18 15:16:26.294  1592  7171 D WificondControl: Scan result ready event
07-18 15:16:26.340  1592  8567 I WifiService: releaseWifiLock uid=10014
07-18 15:16:28.764  1956  1956 I GeofencerStateMachine: sendNewTransitions called.
07-18 15:16:31.516  1592  1601 I zygote  : Background concurrent copying GC freed 40588(1783KB) AllocSpace objects, 3(88KB) LOS objects, 14% free, 36MB/42MB, paused 1.278ms total 433.366ms
07-18 15:16:34.378  1956  1956 I GeofencerStateMachine: sendNewTransitions called.
07-18 15:16:37.132  5874  5884 I chatty  : uid=10104(net.osmand) HeapTaskDaemon expire 11 lines
07-18 15:16:39.752  1956  1956 I GeofencerStateMachine: sendNewTransitions called.
07-18 15:16:43.320  1592  8567 I WifiService: acquireWifiLock uid=10014 lockMode=2
07-18 15:16:43.331  1592  1592 I ActivityManager: Start proc 14718:com.google.android.partnersetup/u0a17 for service com.google.android.partnersetup/.InstalledAppJobService
07-18 15:16:43.345 14718 14718 W zygote  : Unexpected CPU variant for X86 using defaults: x86
07-18 15:16:43.392 14718 14718 I zygote  : The ClassLoaderContext is a special shared library.
07-18 15:16:43.422  1592  8567 I WifiService: releaseWifiLock uid=10014
07-18 15:16:43.435  1403  1403 I boot-pipe: done populating /dev/random
07-18 15:16:45.524  1956  1956 I GeofencerStateMachine: sendNewTransitions called.
07-18 15:16:50.760  1956  1956 I GeofencerStateMachine: sendNewTransitions called.
07-18 15:16:51.396  5874  5884 I chatty  : uid=10104(net.osmand) HeapTaskDaemon expire 2 lines
07-18 15:16:52.739  5874  5874 I chatty  : uid=10104(net.osmand) expire 1 line
07-18 15:16:53.639  5874  5884 I chatty  : uid=10104(net.osmand) HeapTaskDaemon expire 11 lines
07-18 15:16:55.156 12289 12310 I Finsky  : [542] jen.run(3): Stats for Executor: BlockingExecutor jfw@a516962[Running, pool size = 0, active threads = 0, queued tasks = 0, completed tasks = 23]
07-18 15:16:55.157 12289 12310 I Finsky  : [542] jen.run(3): Stats for Executor: LightweightExecutor jfw@691eaf3[Running, pool size = 2, active threads = 0, queued tasks = 0, completed tasks = 61]
07-18 15:16:56.609  1956  1956 I GeofencerStateMachine: sendNewTransitions called.
07-18 15:16:56.961 12289 12310 I Finsky  : [542] jen.run(3): Stats for Executor: bgExecutor jfw@ca943b0[Running, pool size = 4, active threads = 0, queued tasks = 0, completed tasks = 72]
07-18 15:17:00.004  1592  1592 I ActivityManager: Killing 14170:android.process.media/u0a9 (adj 906): empty for 1801s
07-18 15:17:00.005  1592  1608 W zygote  : kill(-14170, 9) failed: No such process
07-18 15:17:00.006  1592  1605 E memtrack: Couldn't load memtrack module
07-18 15:17:00.006  1592  1605 W android.os.Debug: failed to get memory consumption info: -1
07-18 15:17:00.051  1592  1608 W zygote  : kill(-14170, 9) failed: No such process
07-18 15:17:00.091  1592  1608 W zygote  : kill(-14170, 9) failed: No such process
07-18 15:17:00.091  1592  1608 I zygote  : Successfully killed process cgroup uid 10009 pid 14170 in 85ms
07-18 15:17:00.151  1592  1605 E memtrack: Couldn't load memtrack module
07-18 15:17:00.151  1592  1605 W android.os.Debug: failed to get memory consumption info: -1
07-18 15:17:00.228  1592  1605 E memtrack: Couldn't load memtrack module
07-18 15:17:00.228  1592  1605 W android.os.Debug: failed to get memory consumption info: -1
07-18 15:17:01.983  1956  1966 I zygote  : Background concurrent copying GC freed 145392(5MB) AllocSpace objects, 2(104KB) LOS objects, 39% free, 9MB/15MB, paused 1.778ms total 197.113ms
07-18 15:17:02.197  1956  1956 I GeofencerStateMachine: sendNewTransitions called.
07-18 15:17:03.330  1592  8567 I WifiService: acquireWifiLock uid=10014 lockMode=2
07-18 15:17:06.383  1728  1728 I wpa_supplicant: nl80211: send_and_recv->nl_recvmsgs failed: -33
07-18 15:17:06.384  1592  1879 D WificondControl: Scan result ready event
07-18 15:17:06.453  1592 12530 I WifiService: releaseWifiLock uid=10014
07-18 15:17:07.142  5874  5884 I chatty  : uid=10104(net.osmand) HeapTaskDaemon expire 10 lines
07-18 15:17:07.789  1956  1956 I GeofencerStateMachine: sendNewTransitions called.
07-18 15:17:13.342  1956  1956 I GeofencerStateMachine: sendNewTransitions called.
07-18 15:17:15.625  1396  1414 D hwcomposer: hw_composer sent 240 syncs in 60s
07-18 15:17:18.784  1956  1956 I GeofencerStateMachine: sendNewTransitions called.
07-18 15:17:19.407  1592  1605 E memtrack: Couldn't load memtrack module
07-18 15:17:19.407  1592  1605 W android.os.Debug: failed to get memory consumption info: -1
07-18 15:17:19.409  1592  7171 I WifiService: getConnectionInfo uid=10014
07-18 15:17:19.419  1956 14693 E WakeLock: GCM_HB_ALARM release without a matched acquire!
07-18 15:17:19.559  1956 14703 V NativeCrypto: Read error: ssl=0xa1feca38: I/O error during system call, Connection reset by peer
07-18 15:17:19.563  1956 14703 V NativeCrypto: SSL shutdown failed: ssl=0xa1feca38: I/O error during system call, Broken pipe
07-18 15:17:19.567  1956 14703 E WakeLock: GCM_HB_ALARM release without a matched acquire!
07-18 15:17:19.567  1956 14703 W WakeLock: GCM_HB_ALARM counter does not exist
07-18 15:17:19.572  1592  1671 D ConnectivityService: reportNetworkConnectivity(101, false) by 10014
07-18 15:17:19.572  1592  2371 D NetworkMonitor/NetworkAgentInfo [WIFI () - 101]: Forcing reevaluation for UID 10014
07-18 15:17:19.594  1592 14742 D NetworkMonitor/NetworkAgentInfo [WIFI () - 101]: PROBE_DNS connectivitycheck.gstatic.com 16ms OK 2800:3f0:4001:81a::2003,172.217.172.131
07-18 15:17:19.600  1592 14741 D NetworkMonitor/NetworkAgentInfo [WIFI () - 101]: PROBE_DNS www.google.com 20ms OK 2800:3f0:4001:801::2004,172.217.28.228
07-18 15:17:19.676  1592 14742 D NetworkMonitor/NetworkAgentInfo [WIFI () - 101]: PROBE_HTTP http://connectivitycheck.gstatic.com/generate_204 time=80ms ret=204 request={User-Agent=[Mozilla/5.0 (X11; Linux x86_64) AppleWebKit/537.36 (KHTML, like Gecko) Chrome/60.0.3112.32 Safari/537.36]} headers={null=[HTTP/1.1 204 No Content], Content-Length=[0], Date=[Thu, 18 Jul 2019 19:17:22 GMT], X-Android-Received-Millis=[1563477439675], X-Android-Response-Source=[NETWORK 204], X-Android-Selected-Protocol=[http/1.1], X-Android-Sent-Millis=[1563477439596]}
07-18 15:17:19.687  1592 14741 D NetworkMonitor/NetworkAgentInfo [WIFI () - 101]: PROBE_HTTPS https://www.google.com/generate_204 time=84ms ret=204 request={User-Agent=[Mozilla/5.0 (X11; Linux x86_64) AppleWebKit/537.36 (KHTML, like Gecko) Chrome/60.0.3112.32 Safari/537.36]} headers={null=[HTTP/1.1 204 No Content], Alt-Svc=[quic=":443"; ma=2592000; v="46,43,39"], Content-Length=[0], Date=[Thu, 18 Jul 2019 19:17:22 GMT], X-Android-Received-Millis=[1563477439687], X-Android-Response-Source=[NETWORK 204], X-Android-Selected-Protocol=[http/1.1], X-Android-Sent-Millis=[1563477439603]}
07-18 15:17:19.692  1592  1671 D ConnectivityService: NetworkAgentInfo [WIFI () - 101] validation passed
07-18 15:17:20.096  2237  8410 W ResourceType: ResTable_typeSpec entry count inconsistent: given 17, previously 24
07-18 15:17:20.140  1592  1601 I zygote  : Background concurrent copying GC freed 45653(1998KB) AllocSpace objects, 0(0B) LOS objects, 14% free, 36MB/42MB, paused 922us total 518.879ms
07-18 15:17:20.220  2237  8410 W ResourceType: ResTable_typeSpec entry count inconsistent: given 1353, previously 1358
07-18 15:17:20.232  2237  8410 W ResourceType: ResTable_typeSpec entry count inconsistent: given 258, previously 1574
07-18 15:17:20.552  5874  5884 I chatty  : uid=10104(net.osmand) HeapTaskDaemon expire 13 lines
07-18 15:17:20.594  2237  8410 W ResourceType: ResTable_typeSpec entry count inconsistent: given 30, previously 36
07-18 15:17:20.812  2237  8410 W ResourceType: ResTable_typeSpec entry count inconsistent: given 162, previously 179
07-18 15:17:20.826  2237  8410 W ResourceType: ResTable_typeSpec entry count inconsistent: given 574, previously 578
07-18 15:17:20.826  2237  8410 W ResourceType: ResTable_typeSpec entry count inconsistent: given 158, previously 516
07-18 15:17:21.088  2237  8410 W ResourceType: ResTable_typeSpec entry count inconsistent: given 3094, previously 3547
07-18 15:17:21.096  2237  8410 W ResourceType: ResTable_typeSpec entry count inconsistent: given 928, previously 1076
07-18 15:17:21.096  2237  8410 W ResourceType: ResTable_typeSpec entry count inconsistent: given 163, previously 729
07-18 15:17:21.110  2237  8410 W ResourceType: ResTable_typeSpec entry count inconsistent: given 435, previously 469
07-18 15:17:21.110  2237  8410 W ResourceType: ResTable_typeSpec entry count inconsistent: given 158, previously 530
07-18 15:17:21.123  2237  8410 W ResourceType: ResTable_typeSpec entry count inconsistent: given 5148, previously 5157
07-18 15:17:21.123  2237  8410 W ResourceType: ResTable_typeSpec entry count inconsistent: given 142, previously 461
07-18 15:17:21.134  2237 14188 I AppsUpload: Uploading list of 44 apps for 1 account(s)
07-18 15:17:21.473  2237 14185 I AppsUpload: Apps list not changed: skip upload
07-18 15:17:24.368  1592 12530 I WifiService: acquireWifiLock uid=10014 lockMode=2
07-18 15:17:24.411  1956  1956 I GeofencerStateMachine: sendNewTransitions called.
07-18 15:17:24.415  1592  8567 I WifiService: releaseWifiLock uid=10014
07-18 15:17:29.694  1592  1667 W AlarmManager: Unrecognized alarm listener com.android.server.wifi.WifiConfigStore$1@165caca
07-18 15:17:29.718  1592  1667 D WifiConfigStore: Writing to stores completed in 23 ms.
07-18 15:17:29.786  1956  1956 I GeofencerStateMachine: sendNewTransitions called.
07-18 15:17:35.687  1956  1956 I GeofencerStateMachine: sendNewTransitions called.
07-18 15:17:36.189  5874  5884 I chatty  : uid=10104(net.osmand) HeapTaskDaemon expire 13 lines
07-18 15:17:36.644  1592  1609 E BatteryExternalStatsWorker: modem info is invalid: ModemActivityInfo{ mTimestamp=0 mSleepTimeMs=0 mIdleTimeMs=0 mTxTimeMs[]=[0, 0, 0, 0, 0] mRxTimeMs=0 mEnergyUsed=0}
07-18 15:17:39.928  1592  8567 I WifiService: getConnectionInfo uid=10014
07-18 15:17:40.228  1592  7171 I WifiService: getConnectionInfo uid=10014
07-18 15:17:40.235  1956 14750 W WakeLock: GCM_CONN_ALARM counter does not exist
07-18 15:17:40.289  1592  7171 I WifiService: getConnectionInfo uid=10014
07-18 15:17:41.247  1956  1956 I GeofencerStateMachine: sendNewTransitions called.
07-18 15:17:43.450  1403  1403 I boot-pipe: done populating /dev/random
07-18 15:17:44.395  1592  1879 I WifiService: acquireWifiLock uid=10014 lockMode=2
07-18 15:17:44.409  1592  1605 E memtrack: Couldn't load memtrack module
07-18 15:17:44.410  1592  1605 W android.os.Debug: failed to get memory consumption info: -1
07-18 15:17:46.796  1956  1956 I GeofencerStateMachine: sendNewTransitions called.
07-18 15:17:47.434  1728  1728 I wpa_supplicant: nl80211: send_and_recv->nl_recvmsgs failed: -33
07-18 15:17:47.435  1592  8567 D WificondControl: Scan result ready event
07-18 15:17:47.503  1592  8567 I WifiService: releaseWifiLock uid=10014
07-18 15:17:52.451  1956  1956 I GeofencerStateMachine: sendNewTransitions called.
07-18 15:17:52.768  5874  5874 I chatty  : uid=10104(net.osmand) expire 3 lines
07-18 15:17:52.835  5874  5884 I chatty  : uid=10104(net.osmand) HeapTaskDaemon expire 10 lines
07-18 15:17:57.805  1956  1956 I GeofencerStateMachine: sendNewTransitions called.
07-18 15:18:00.005  1592  1592 I ActivityManager: Killing 12289:com.android.vending/u0a26 (adj 906): empty for 1807s
07-18 15:18:00.007  1592  1608 W zygote  : kill(-12289, 9) failed: No such process
07-18 15:18:00.011  1592  1605 E memtrack: Couldn't load memtrack module
07-18 15:18:00.012  1592  1605 W android.os.Debug: failed to get memory consumption info: -1
07-18 15:18:00.050  1592  1608 W zygote  : kill(-12289, 9) failed: No such process
07-18 15:18:00.094  1592  1608 W zygote  : kill(-12289, 9) failed: No such process
07-18 15:18:00.095  1592  1608 I zygote  : Successfully killed process cgroup uid 10026 pid 12289 in 87ms
07-18 15:18:03.598  1956  1956 I GeofencerStateMachine: sendNewTransitions called.
07-18 15:18:04.417  1592  1852 I WifiService: acquireWifiLock uid=10014 lockMode=2
07-18 15:18:04.459  1592  3604 I WifiService: releaseWifiLock uid=10014
07-18 15:18:04.873  1592  1601 I zygote  : Background concurrent copying GC freed 49255(2MB) AllocSpace objects, 4(208KB) LOS objects, 14% free, 36MB/42MB, paused 3.395ms total 402.402ms
07-18 15:18:06.150  5874  5884 I chatty  : uid=10104(net.osmand) HeapTaskDaemon expire 12 lines
07-18 15:18:08.792  1956  1956 I GeofencerStateMachine: sendNewTransitions called.
07-18 15:18:10.340  1592  3604 I WifiService: getConnectionInfo uid=10014
07-18 15:18:11.199  1592  4112 I WifiService: getConnectionInfo uid=10014
07-18 15:18:11.230  2237  2237 I GCM     : Message from 745476177629
07-18 15:18:11.300  1592  1605 I ActivityManager: Start proc 14756:com.google.android.gm/u0a70 for service com.google.android.gm/.provider.MailSyncAdapterService
07-18 15:18:11.302 14756 14756 W zygote  : Unexpected CPU variant for X86 using defaults: x86
07-18 15:18:11.405  1592  4112 W ActivityManager: Slow operation: 72ms so far, now at attachApplicationLocked: after mServices.attachApplicationLocked
07-18 15:18:11.957 14756 14756 D ActivityThread: Loading provider com.google.android.gm.sapi: com.google.android.gm.sapi.SapiUiProvider
07-18 15:18:12.078 14756 14756 W ComponentDiscovery: Application info not found.
07-18 15:18:12.078 14756 14756 W ComponentDiscovery: Could not retrieve metadata, returning empty list of registrars.
07-18 15:18:12.182 14756 14756 W PrimesInit: Primes instant initialization
07-18 15:18:12.192 14756 14785 W Primes  : background initialization
07-18 15:18:12.242 14756 14756 W GAV2    : Thread[main,5,main]: Need to call initialize() and be in fallback mode to start dispatch.
07-18 15:18:12.243 14756 14785 I PrimesTesting: GserviceFlagsSupplier.get()
07-18 15:18:12.385 14756 14756 W Gmail   : AccountUtils:For b/73513912, load account content://com.android.gmail.ui/account.-2137146394 from MailAppProvider. Is account valid result: 1.
07-18 15:18:12.393 14756 14756 W Gmail   : AccountUtils:For b/73513912, load account content://com.google.android.gm.email.provider/account.-437561172?suppress_combined%3Dtrue from MailAppProvider. Is account valid result: 1.
07-18 15:18:12.401  1956  1956 W SystemServiceRegistry: No service published for: persistent_data_block
07-18 15:18:12.880  1592  4632 W ActivityManager: Unable to start service Intent { cmp=com.google.android.gm/com.android.email.service.AttachmentService } U=0: not found
07-18 15:18:13.516 14756 14808 I zygote  : Deoptimizing aeop aeop.a(int, java.lang.Object[]) due to JIT inline cache
07-18 15:18:13.528 14756 14808 I zygote  : Deoptimizing java.lang.Object aetm.a(java.lang.Object[], int, int, int) due to JIT inline cache
07-18 15:18:13.737 14756 14814 I zygote  : Deoptimizing void afmp.c() due to JIT inline cache
07-18 15:18:14.093 14756 14761 I zygote  : Do partial code cache collection, code=25KB, data=19KB
07-18 15:18:14.111 14756 14761 I zygote  : After code cache collection, code=18KB, data=17KB
07-18 15:18:14.112 14756 14761 I zygote  : Increasing code cache capacity to 128KB
07-18 15:18:14.155 14756 14810 I zygote  : Deoptimizing java.lang.Object aetm.a(java.lang.Object, java.lang.Object[], int, int, java.lang.Object) due to JIT inline cache
07-18 15:18:14.741 14756 14756 E abfk    : Sync is not initialized yet
07-18 15:18:14.843  1956  1956 I GeofencerStateMachine: sendNewTransitions called.
07-18 15:18:15.009 14756 14793 I zygote  : The ClassLoaderContext is a special shared library.
07-18 15:18:15.032 14756 14793 I zygote  : The ClassLoaderContext is a special shared library.
07-18 15:18:15.177 14756 14761 I zygote  : Do partial code cache collection, code=61KB, data=41KB
07-18 15:18:15.185 14756 14761 I zygote  : After code cache collection, code=58KB, data=40KB
07-18 15:18:15.185 14756 14761 I zygote  : Increasing code cache capacity to 256KB
07-18 15:18:15.403 14756 14793 V NativeCrypto: Registering com/google/android/gms/org/conscrypt/NativeCrypto's 284 native methods...
07-18 15:18:15.549 14756 14793 D NetworkSecurityConfig: Using Network Security Config from resource network_security_config debugBuild: false
07-18 15:18:15.566 14756 14793 I ProviderInstaller: Installed default security provider GmsCore_OpenSSL
07-18 15:18:15.566 14756 14756 I zygote  : Deoptimizing void adcu.a(java.lang.Object) due to JIT inline cache
07-18 15:18:15.582  1956  1956 W ChimeraUtils: Non Chimera context
07-18 15:18:15.582  1956  1956 W ChimeraUtils: Non Chimera context
07-18 15:18:15.876  1396  1414 D hwcomposer: hw_composer sent 252 syncs in 60s
07-18 15:18:17.419  1592  1609 E BatteryExternalStatsWorker: modem info is invalid: ModemActivityInfo{ mTimestamp=0 mSleepTimeMs=0 mIdleTimeMs=0 mTxTimeMs[]=[0, 0, 0, 0, 0] mRxTimeMs=0 mEnergyUsed=0}
07-18 15:18:20.400  1956  1956 I GeofencerStateMachine: sendNewTransitions called.
07-18 15:18:20.848  1592  1601 I zygote  : Background concurrent copying GC freed 39056(1809KB) AllocSpace objects, 12(716KB) LOS objects, 14% free, 36MB/42MB, paused 1.289ms total 445.578ms
07-18 15:18:20.968  5874  5884 I chatty  : uid=10104(net.osmand) HeapTaskDaemon expire 13 lines
07-18 15:18:25.445  1592  6498 I WifiService: acquireWifiLock uid=10014 lockMode=2
07-18 15:18:25.453  1592  1605 E memtrack: Couldn't load memtrack module
07-18 15:18:25.453  1592  1605 W android.os.Debug: failed to get memory consumption info: -1
07-18 15:18:25.528  1592  1605 E memtrack: Couldn't load memtrack module
07-18 15:18:25.528  1592  1605 W android.os.Debug: failed to get memory consumption info: -1
07-18 15:18:25.810  1956  1956 I GeofencerStateMachine: sendNewTransitions called.
07-18 15:18:26.297  1956  1966 I zygote  : Background concurrent copying GC freed 110623(4MB) AllocSpace objects, 0(0B) LOS objects, 40% free, 8MB/14MB, paused 1.209ms total 192.849ms
07-18 15:18:28.412  1592  1852 D WificondControl: Scan result ready event
07-18 15:18:28.466  1592  6498 I WifiService: releaseWifiLock uid=10014
07-18 15:18:31.546  1956  1956 I GeofencerStateMachine: sendNewTransitions called.
07-18 15:18:36.814  1956  1956 I GeofencerStateMachine: sendNewTransitions called.
07-18 15:18:37.501  5874  5884 I chatty  : uid=10104(net.osmand) HeapTaskDaemon expire 13 lines
07-18 15:18:42.770  1956  1956 I GeofencerStateMachine: sendNewTransitions called.
07-18 15:18:43.453  1403  1403 I boot-pipe: done populating /dev/random
07-18 15:18:44.831 14756 14833 W acfg    : Job 'ItemsSyncControlService:sync' did not complete within 00:30.0000 (mm:ss.ms).
07-18 15:18:44.831 14756 14833 W acfg    : adih: Job 'ItemsSyncControlService:sync' did not complete within 00:30.0000 (mm:ss.ms).
07-18 15:18:44.831 14756 14833 W acfg    : 	at adhk.call(Unknown Source:3)
07-18 15:18:44.831 14756 14833 W acfg    : 	at adgk.a(Unknown Source:2)
07-18 15:18:44.831 14756 14833 W acfg    : 	at adgl.a(SourceFile:2)
07-18 15:18:44.831 14756 14833 W acfg    : 	at adft.run(Unknown Source:8)
07-18 15:18:44.831 14756 14833 W acfg    : 	at absh.run(Unknown Source:3)
07-18 15:18:44.831 14756 14833 W acfg    : 	at adcy.call(Unknown Source:2)
07-18 15:18:44.831 14756 14833 W acfg    : 	at adgd.a(Unknown Source:2)
07-18 15:18:44.831 14756 14833 W acfg    : 	at aflq.a(SourceFile:2)
07-18 15:18:44.831 14756 14833 W acfg    : 	at aflr.run(SourceFile:6)
07-18 15:18:44.831 14756 14833 W acfg    : 	at afnu.run(Unknown Source:7)
07-18 15:18:44.831 14756 14833 W acfg    : 	at java.util.concurrent.Executors$RunnableAdapter.call(Executors.java:457)
07-18 15:18:44.831 14756 14833 W acfg    : 	at java.util.concurrent.FutureTask.run(FutureTask.java:266)
07-18 15:18:44.831 14756 14833 W acfg    : 	at java.util.concurrent.ScheduledThreadPoolExecutor$ScheduledFutureTask.run(ScheduledThreadPoolExecutor.java:301)
07-18 15:18:44.831 14756 14833 W acfg    : 	at java.util.concurrent.ThreadPoolExecutor.runWorker(ThreadPoolExecutor.java:1162)
07-18 15:18:44.831 14756 14833 W acfg    : 	at java.util.concurrent.ThreadPoolExecutor$Worker.run(ThreadPoolExecutor.java:636)
07-18 15:18:44.831 14756 14833 W acfg    : 	at java.lang.Thread.run(Thread.java:764)
07-18 15:18:45.151 14756 14833 W acfg    : Job 'executeSyncTaskOnExecutionGuard' did not complete within 00:30.0000 (mm:ss.ms).
07-18 15:18:45.151 14756 14833 W acfg    : adih: Job 'executeSyncTaskOnExecutionGuard' did not complete within 00:30.0000 (mm:ss.ms).
07-18 15:18:45.151 14756 14833 W acfg    : 	at adhk.call(Unknown Source:3)
07-18 15:18:45.151 14756 14833 W acfg    : 	at adgk.a(Unknown Source:2)
07-18 15:18:45.151 14756 14833 W acfg    : 	at adgl.a(SourceFile:2)
07-18 15:18:45.151 14756 14833 W acfg    : 	at adft.run(Unknown Source:8)
07-18 15:18:45.151 14756 14833 W acfg    : 	at absh.run(Unknown Source:3)
07-18 15:18:45.151 14756 14833 W acfg    : 	at adcy.call(Unknown Source:2)
07-18 15:18:45.151 14756 14833 W acfg    : 	at adgd.a(Unknown Source:2)
07-18 15:18:45.151 14756 14833 W acfg    : 	at aflq.a(SourceFile:2)
07-18 15:18:45.151 14756 14833 W acfg    : 	at aflr.run(SourceFile:6)
07-18 15:18:45.151 14756 14833 W acfg    : 	at afnu.run(Unknown Source:7)
07-18 15:18:45.151 14756 14833 W acfg    : 	at java.util.concurrent.Executors$RunnableAdapter.call(Executors.java:457)
07-18 15:18:45.151 14756 14833 W acfg    : 	at java.util.concurrent.FutureTask.run(FutureTask.java:266)
07-18 15:18:45.151 14756 14833 W acfg    : 	at java.util.concurrent.ScheduledThreadPoolExecutor$ScheduledFutureTask.run(ScheduledThreadPoolExecutor.java:301)
07-18 15:18:45.151 14756 14833 W acfg    : 	at java.util.concurrent.ThreadPoolExecutor.runWorker(ThreadPoolExecutor.java:1162)
07-18 15:18:45.151 14756 14833 W acfg    : 	at java.util.concurrent.ThreadPoolExecutor$Worker.run(ThreadPoolExecutor.java:636)
07-18 15:18:45.151 14756 14833 W acfg    : 	at java.lang.Thread.run(Thread.java:764)
07-18 15:18:45.151 14756 14812 W aded    : [go/unknown-location] executesOrExecutesNext
07-18 15:18:45.151 14756 14812 W aded    : adew: executesOrExecutesNext
07-18 15:18:45.151 14756 14812 W aded    : 	at adeu.run(Unknown Source:2)
07-18 15:18:45.151 14756 14812 W aded    : 	at java.util.concurrent.Executors$RunnableAdapter.call(Executors.java:457)
07-18 15:18:45.151 14756 14812 W aded    : 	at java.util.concurrent.FutureTask.run(FutureTask.java:266)
07-18 15:18:45.151 14756 14812 W aded    : 	at java.util.concurrent.ScheduledThreadPoolExecutor$ScheduledFutureTask.run(ScheduledThreadPoolExecutor.java:301)
07-18 15:18:45.151 14756 14812 W aded    : 	at java.util.concurrent.ThreadPoolExecutor.runWorker(ThreadPoolExecutor.java:1162)
07-18 15:18:45.151 14756 14812 W aded    : 	at java.util.concurrent.ThreadPoolExecutor$Worker.run(ThreadPoolExecutor.java:636)
07-18 15:18:45.151 14756 14812 W aded    : 	at java.lang.Thread.run(Thread.java:764)
07-18 15:18:45.468  1592  4632 I WifiService: acquireWifiLock uid=10014 lockMode=2
07-18 15:18:45.494  1592  1605 E memtrack: Couldn't load memtrack module
07-18 15:18:45.494  1592  1605 W android.os.Debug: failed to get memory consumption info: -1
07-18 15:18:45.545  1592  1852 I WifiService: releaseWifiLock uid=10014
07-18 15:18:45.619  1592  1605 E memtrack: Couldn't load memtrack module
07-18 15:18:45.620  1592  1605 W android.os.Debug: failed to get memory consumption info: -1
07-18 15:18:48.342  1956  1956 I GeofencerStateMachine: sendNewTransitions called.
07-18 15:18:53.822  1956  1956 I GeofencerStateMachine: sendNewTransitions called.
07-18 15:18:54.348  5874  5884 I chatty  : uid=10104(net.osmand) HeapTaskDaemon expire 12 lines
07-18 15:18:59.593  1956  1956 I GeofencerStateMachine: sendNewTransitions called.
07-18 15:19:00.002  1592  1605 E memtrack: Couldn't load memtrack module
07-18 15:19:00.003  1592  1605 W android.os.Debug: failed to get memory consumption info: -1
07-18 15:19:00.174  1592  1605 E memtrack: Couldn't load memtrack module
07-18 15:19:00.174  1592  1605 W android.os.Debug: failed to get memory consumption info: -1
07-18 15:19:00.229  1592  1605 E memtrack: Couldn't load memtrack module
07-18 15:19:00.229  1592  1605 W android.os.Debug: failed to get memory consumption info: -1
07-18 15:19:04.822  1956  1956 I GeofencerStateMachine: sendNewTransitions called.
07-18 15:19:05.485  1592  4632 I WifiService: acquireWifiLock uid=10014 lockMode=2
07-18 15:19:08.552  1592  4632 D WificondControl: Scan result ready event
07-18 15:19:08.592  1592  4632 I WifiService: releaseWifiLock uid=10014
07-18 15:19:09.148  1592  1601 I zygote  : Background concurrent copying GC freed 55423(2MB) AllocSpace objects, 0(0B) LOS objects, 14% free, 36MB/42MB, paused 2.268ms total 551.871ms
07-18 15:19:09.164  5874  5884 I chatty  : uid=10104(net.osmand) HeapTaskDaemon expire 10 lines
07-18 15:19:10.739  1956  1956 I GeofencerStateMachine: sendNewTransitions called.
07-18 15:19:14.325 14756 14756 W yoz     : Failed to find local clusters.
07-18 15:19:14.404 14756 14843 E sec     : Interactive Ads jobs: did not expect this future to ever resolve
07-18 15:19:14.732 14756 14761 I zygote  : Do full code cache collection, code=115KB, data=76KB
07-18 15:19:14.737 14756 14761 I zygote  : After code cache collection, code=103KB, data=53KB
07-18 15:19:16.461  1956  1956 I GeofencerStateMachine: sendNewTransitions called.
07-18 15:19:16.702 14756 14841 I zygote  : Deoptimizing java.lang.Object aetm.a(java.lang.Object, java.lang.Object[], int, int, java.lang.Object) due to JIT inline cache
07-18 15:19:16.784 14756 14842 I zygote  : Deoptimizing xiq xiq.a(java.util.Collection) due to JIT same target
07-18 15:19:16.784 14756 14841 I zygote  : Deoptimizing xiq xiq.a(java.util.Collection) due to JIT same target
07-18 15:19:16.996 14756 14843 I zygote  : Deoptimizing java.lang.Object aevy.next() due to JIT inline cache
07-18 15:19:17.158 14756 14761 I zygote  : Do partial code cache collection, code=119KB, data=70KB
07-18 15:19:17.158 14756 14761 I zygote  : After code cache collection, code=112KB, data=68KB
07-18 15:19:17.158 14756 14761 I zygote  : Increasing code cache capacity to 512KB
07-18 15:19:17.930 14756 14841 W tyq     : Job(messageDetailsFetchQueueProcessor#0.29) Fetched item thread-f:1639418267035712423 with no local summary
07-18 15:19:17.964 14756 14843 I zygote  : Deoptimizing void acrq.a(acnn, java.util.Collection) due to JIT inline cache
07-18 15:19:17.975 14756 14842 W tyq     : Job(messageDetailsFetchQueueProcessor#0.29) Cannot write thread-f:1639418267035712423 because we have no summary information!
07-18 15:19:18.428 14756 14756 W yoz     : Already started: yoz@9b0b194
07-18 15:19:18.509 14756 14814 I zygote  : Deoptimizing boolean aedm.a(java.lang.Object, java.lang.Object) due to JIT inline cache
07-18 15:19:18.731  1396  1414 D hwcomposer: hw_composer sent 246 syncs in 63s
07-18 15:19:19.855 14756 14761 I zygote  : Do full code cache collection, code=250KB, data=166KB
07-18 15:19:19.856 14756 14761 I zygote  : After code cache collection, code=244KB, data=136KB
07-18 15:19:20.059  2237  2251 I FontsContentProvider: Received query Google Sans, URI content://com.google.android.gms.fonts
07-18 15:19:20.059  2237  2251 I FontsContentProvider: Query [Google Sans] resolved to {Google Sans, wdth 100.0, wght 400, ital 0.0, bestEffort false}
07-18 15:19:20.068  2237  2251 I FontsContentProvider: Fetch {Google Sans, wdth 100.0, wght 400, ital 0.0, bestEffort false} end status Status{statusCode=SUCCESS, resolution=null}
07-18 15:19:20.073  2237  2251 I FontsContentProvider: Pulling font file for id = 17, cache size = 5
07-18 15:19:20.097 14756 14856 W Gmail   : Gmail:Error setting letter tile font.
07-18 15:19:20.113 14756 14856 W zdh     : Attempted to read unclipped body before it was fetched for messageId: msg-f:1639407844390534047
07-18 15:19:20.193 14756 14761 I zygote  : Do partial code cache collection, code=247KB, data=144KB
07-18 15:19:20.200 14756 14761 I zygote  : After code cache collection, code=247KB, data=144KB
07-18 15:19:20.200 14756 14761 I zygote  : Increasing code cache capacity to 1024KB
07-18 15:19:20.377 14756 14856 D OpenGLRenderer: HWUI GL Pipeline
07-18 15:19:20.504 14756 14856 W zdh     : Attempted to read unclipped body before it was fetched for messageId: msg-f:1639408054144970866
07-18 15:19:20.740 14756 14856 W zdh     : Attempted to read unclipped body before it was fetched for messageId: msg-f:1639408243719651620
07-18 15:19:21.151 14756 14856 W zdh     : Attempted to read unclipped body before it was fetched for messageId: msg-f:1639408465255614821
07-18 15:19:21.364 14756 14856 W zdh     : Attempted to read unclipped body before it was fetched for messageId: msg-f:1639410782119860282
07-18 15:19:21.510 14756 14856 W zdh     : Attempted to read unclipped body before it was fetched for messageId: msg-f:1639411837676121444
07-18 15:19:21.609 14756 14856 W zdh     : Attempted to read unclipped body before it was fetched for messageId: msg-f:1639414263155548667
07-18 15:19:21.787 14756 14856 W zdh     : Attempted to read unclipped body before it was fetched for messageId: msg-f:1639418856609300674
07-18 15:19:21.834  1956  1956 I GeofencerStateMachine: sendNewTransitions called.
07-18 15:19:22.085 14756 14856 W zdh     : Attempted to read unclipped body before it was fetched for messageId: msg-f:1639420357709517859
07-18 15:19:22.351 14756 14856 W zdh     : Attempted to read unclipped body before it was fetched for messageId: msg-f:1639424974281015419
07-18 15:19:22.421 14756 14856 I zygote  : IncrementDisableThreadFlip blocked for 10.609ms
07-18 15:19:22.703  1592  1675 D NotificationSQLiteLog: Pruned event entries: 99
07-18 15:19:22.968  2111  2126 I zygote  : NativeAlloc concurrent copying GC freed 11491(653KB) AllocSpace objects, 0(0B) LOS objects, 50% free, 4MB/9MB, paused 13.186ms total 353.175ms
07-18 15:19:23.129  5874  5884 I chatty  : uid=10104(net.osmand) HeapTaskDaemon expire 12 lines
07-18 15:19:23.273  2111  2126 I zygote  : NativeAlloc concurrent copying GC freed 3015(184KB) AllocSpace objects, 0(0B) LOS objects, 49% free, 4MB/8MB, paused 1.142ms total 271.869ms
07-18 15:19:23.465  1695  1729 I zygote  : Waiting for a blocking GC ProfileSaver
07-18 15:19:23.602  2111  2126 I zygote  : NativeAlloc concurrent copying GC freed 3223(189KB) AllocSpace objects, 0(0B) LOS objects, 50% free, 4MB/8MB, paused 898us total 181.400ms
07-18 15:19:23.814  1695  1695 W StaticLayout: maxLineHeight should not be -1.  maxLines:1 lineCount:1
07-18 15:19:23.829  1695  1718 I zygote  : NativeAlloc concurrent copying GC freed 112956(3MB) AllocSpace objects, 0(0B) LOS objects, 37% free, 9MB/15MB, paused 1.570ms total 1.125s
07-18 15:19:23.830  1695  1729 I zygote  : WaitForGcToComplete blocked ProfileSaver on ProfileSaver for 364.851ms
07-18 15:19:23.934  1592  1601 I zygote  : NativeAlloc concurrent copying GC freed 32515(1528KB) AllocSpace objects, 0(0B) LOS objects, 13% free, 37MB/43MB, paused 2.211ms total 1.370s
07-18 15:19:23.978  1695  1695 W StaticLayout: maxLineHeight should not be -1.  maxLines:1 lineCount:1
07-18 15:19:23.980  1695  1695 W StaticLayout: maxLineHeight should not be -1.  maxLines:1 lineCount:1
07-18 15:19:23.981  1695  1695 W StaticLayout: maxLineHeight should not be -1.  maxLines:7 lineCount:7
07-18 15:19:24.062  1695  1695 I chatty  : uid=10029(com.android.systemui) identical 8 lines
07-18 15:19:24.063  1695  1695 W StaticLayout: maxLineHeight should not be -1.  maxLines:7 lineCount:7
07-18 15:19:24.116  1695  1695 W StaticLayout: maxLineHeight should not be -1.  maxLines:1 lineCount:1
07-18 15:19:24.119  1695  1695 W StaticLayout: maxLineHeight should not be -1.  maxLines:1 lineCount:1
07-18 15:19:24.154  1695  1695 W StaticLayout: maxLineHeight should not be -1.  maxLines:7 lineCount:7
07-18 15:19:24.155  1695  1695 W StaticLayout: maxLineHeight should not be -1.  maxLines:7 lineCount:7
07-18 15:19:24.294  1695  1695 W StaticLayout: maxLineHeight should not be -1.  maxLines:1 lineCount:1
07-18 15:19:24.331  1695  1695 W StaticLayout: maxLineHeight should not be -1.  maxLines:7 lineCount:7
07-18 15:19:24.334  1695  1695 W StaticLayout: maxLineHeight should not be -1.  maxLines:7 lineCount:7
07-18 15:19:24.370  1695  1695 W StaticLayout: maxLineHeight should not be -1.  maxLines:1 lineCount:1
07-18 15:19:24.453  1695  1695 W StaticLayout: maxLineHeight should not be -1.  maxLines:1 lineCount:1
07-18 15:19:24.478  1695  1718 I zygote  : NativeAlloc concurrent copying GC freed 26582(1224KB) AllocSpace objects, 0(0B) LOS objects, 38% free, 9MB/15MB, paused 3.913ms total 591.428ms
07-18 15:19:24.516  1695  1695 W StaticLayout: maxLineHeight should not be -1.  maxLines:1 lineCount:1
07-18 15:19:24.535  1695  1695 W StaticLayout: maxLineHeight should not be -1.  maxLines:7 lineCount:7
07-18 15:19:24.536  1695  1695 W StaticLayout: maxLineHeight should not be -1.  maxLines:7 lineCount:7
07-18 15:19:24.574  1695  1695 W StaticLayout: maxLineHeight should not be -1.  maxLines:1 lineCount:1
07-18 15:19:24.575  1695  1695 W StaticLayout: maxLineHeight should not be -1.  maxLines:1 lineCount:1
07-18 15:19:24.611  1695  1695 W StaticLayout: maxLineHeight should not be -1.  maxLines:7 lineCount:7
07-18 15:19:24.612  1695  1695 W StaticLayout: maxLineHeight should not be -1.  maxLines:7 lineCount:7
07-18 15:19:24.674  1695  1695 W StaticLayout: maxLineHeight should not be -1.  maxLines:1 lineCount:1
07-18 15:19:24.675  1695  1695 W StaticLayout: maxLineHeight should not be -1.  maxLines:1 lineCount:1
07-18 15:19:24.707  1695  1695 W StaticLayout: maxLineHeight should not be -1.  maxLines:7 lineCount:7
07-18 15:19:24.708  1695  1695 W StaticLayout: maxLineHeight should not be -1.  maxLines:7 lineCount:7
07-18 15:19:24.924  1695  1695 W StaticLayout: maxLineHeight should not be -1.  maxLines:1 lineCount:1
07-18 15:19:24.926  1695  1695 W StaticLayout: maxLineHeight should not be -1.  maxLines:1 lineCount:1
07-18 15:19:24.937  1695  1695 W StaticLayout: maxLineHeight should not be -1.  maxLines:7 lineCount:7
07-18 15:19:24.938  1695  1695 W StaticLayout: maxLineHeight should not be -1.  maxLines:7 lineCount:7
07-18 15:19:25.151  1695  1695 W StaticLayout: maxLineHeight should not be -1.  maxLines:1 lineCount:1
07-18 15:19:25.157  1695  1695 W StaticLayout: maxLineHeight should not be -1.  maxLines:1 lineCount:1
07-18 15:19:25.162  1695  1695 W StaticLayout: maxLineHeight should not be -1.  maxLines:7 lineCount:7
07-18 15:19:25.285  1695  1695 W StaticLayout: maxLineHeight should not be -1.  maxLines:7 lineCount:7
07-18 15:19:25.355  1592  1601 I zygote  : NativeAlloc concurrent copying GC freed 24410(1127KB) AllocSpace objects, 6(400KB) LOS objects, 14% free, 36MB/42MB, paused 926us total 381.311ms
07-18 15:19:26.514  1592  4632 I WifiService: acquireWifiLock uid=10014 lockMode=2
07-18 15:19:26.572  1592  4112 I WifiService: releaseWifiLock uid=10014
07-18 15:19:27.800  1956  1956 I GeofencerStateMachine: sendNewTransitions called.
07-18 15:19:33.374  1956  1956 I GeofencerStateMachine: sendNewTransitions called.
07-18 15:19:34.368 14756 14841 I zygote  : Deoptimizing void acpu.a(java.util.List) due to JIT inline cache
07-18 15:19:38.845  1956  1956 I GeofencerStateMachine: sendNewTransitions called.
07-18 15:19:39.310  5874  5884 I chatty  : uid=10104(net.osmand) HeapTaskDaemon expire 14 lines
07-18 15:19:43.454  1403  1403 I boot-pipe: done populating /dev/random
07-18 15:19:44.397 14756 14842 W acfg    : Job 'AdsStartupJob' did not complete within 00:30.0000 (mm:ss.ms).
07-18 15:19:44.397 14756 14842 W acfg    : adih: Job 'AdsStartupJob' did not complete within 00:30.0000 (mm:ss.ms).
07-18 15:19:44.397 14756 14842 W acfg    : 	at adhk.call(Unknown Source:3)
07-18 15:19:44.397 14756 14842 W acfg    : 	at adgk.a(Unknown Source:2)
07-18 15:19:44.397 14756 14842 W acfg    : 	at adgl.a(SourceFile:2)
07-18 15:19:44.397 14756 14842 W acfg    : 	at adft.run(Unknown Source:8)
07-18 15:19:44.397 14756 14842 W acfg    : 	at absh.run(Unknown Source:3)
07-18 15:19:44.397 14756 14842 W acfg    : 	at adcy.call(Unknown Source:2)
07-18 15:19:44.397 14756 14842 W acfg    : 	at adgd.a(Unknown Source:2)
07-18 15:19:44.397 14756 14842 W acfg    : 	at aflq.a(SourceFile:2)
07-18 15:19:44.397 14756 14842 W acfg    : 	at aflr.run(SourceFile:6)
07-18 15:19:44.397 14756 14842 W acfg    : 	at afnu.run(Unknown Source:7)
07-18 15:19:44.397 14756 14842 W acfg    : 	at java.util.concurrent.Executors$RunnableAdapter.call(Executors.java:457)
07-18 15:19:44.397 14756 14842 W acfg    : 	at java.util.concurrent.FutureTask.run(FutureTask.java:266)
07-18 15:19:44.397 14756 14842 W acfg    : 	at java.util.concurrent.ScheduledThreadPoolExecutor$ScheduledFutureTask.run(ScheduledThreadPoolExecutor.java:301)
07-18 15:19:44.397 14756 14842 W acfg    : 	at java.util.concurrent.ThreadPoolExecutor.runWorker(ThreadPoolExecutor.java:1162)
07-18 15:19:44.397 14756 14842 W acfg    : 	at java.util.concurrent.ThreadPoolExecutor$Worker.run(ThreadPoolExecutor.java:636)
07-18 15:19:44.397 14756 14842 W acfg    : 	at java.lang.Thread.run(Thread.java:764)
07-18 15:19:44.510  1956  1956 I GeofencerStateMachine: sendNewTransitions called.
07-18 15:19:46.534  1592  3604 I WifiService: acquireWifiLock uid=10014 lockMode=2
07-18 15:19:46.547  1592  1605 E memtrack: Couldn't load memtrack module
07-18 15:19:46.547  1592  1605 W android.os.Debug: failed to get memory consumption info: -1
07-18 15:19:49.595  1592  4112 D WificondControl: Scan result ready event
07-18 15:19:49.637  1592  4112 I WifiService: releaseWifiLock uid=10014
07-18 15:19:49.852  1956  1956 I GeofencerStateMachine: sendNewTransitions called.
07-18 15:19:55.706  1956  1956 I GeofencerStateMachine: sendNewTransitions called.
07-18 15:19:56.244  5874  5884 I chatty  : uid=10104(net.osmand) HeapTaskDaemon expire 11 lines
07-18 15:20:00.008  1592  1605 E memtrack: Couldn't load memtrack module
07-18 15:20:00.008  1592  1605 W android.os.Debug: failed to get memory consumption info: -1
07-18 15:20:00.105  1592  1605 E memtrack: Couldn't load memtrack module
07-18 15:20:00.105  1592  1605 W android.os.Debug: failed to get memory consumption info: -1
07-18 15:20:01.217  1592  6498 I WifiService: getConnectionInfo uid=10014
07-18 15:20:01.224  1956 14743 E WakeLock: GCM_HB_ALARM release without a matched acquire!
07-18 15:20:01.285  1956  1956 I GeofencerStateMachine: sendNewTransitions called.
07-18 15:20:01.356  1956 14750 V NativeCrypto: Read error: ssl=0xa9f2af88: I/O error during system call, Connection reset by peer
07-18 15:20:01.364  1956 14750 V NativeCrypto: SSL shutdown failed: ssl=0xa9f2af88: I/O error during system call, Broken pipe
07-18 15:20:01.366  1956 14750 E WakeLock: GCM_HB_ALARM release without a matched acquire!
07-18 15:20:01.366  1956 14750 W WakeLock: GCM_HB_ALARM counter does not exist
07-18 15:20:01.369  1956 14750 W GCM     : Resetting heartbeat counters (at min), good=0 bad=2
07-18 15:19:03.765  1592  1609 I chatty  : uid=1000(system) batterystats-wo identical 2 lines
07-18 15:19:32.571  1592  1609 E BatteryExternalStatsWorker: modem info is invalid: ModemActivityInfo{ mTimestamp=0 mSleepTimeMs=0 mIdleTimeMs=0 mTxTimeMs[]=[0, 0, 0, 0, 0] mRxTimeMs=0 mEnergyUsed=0}
07-18 15:20:01.371  1592  1671 D ConnectivityService: reportNetworkConnectivity(101, false) by 10014
07-18 15:20:01.371  1592  2371 D NetworkMonitor/NetworkAgentInfo [WIFI () - 101]: Forcing reevaluation for UID 10014
07-18 15:20:01.391  1592 14877 D NetworkMonitor/NetworkAgentInfo [WIFI () - 101]: PROBE_DNS www.google.com 8ms OK 2800:3f0:4001:801::2004,172.217.28.228
07-18 15:20:01.395  1592 14878 D NetworkMonitor/NetworkAgentInfo [WIFI () - 101]: PROBE_DNS connectivitycheck.gstatic.com 13ms OK 2800:3f0:4001:81a::2003,172.217.172.131
07-18 15:20:01.476  1592 14878 D NetworkMonitor/NetworkAgentInfo [WIFI () - 101]: PROBE_HTTP http://connectivitycheck.gstatic.com/generate_204 time=80ms ret=204 request={User-Agent=[Mozilla/5.0 (X11; Linux x86_64) AppleWebKit/537.36 (KHTML, like Gecko) Chrome/60.0.3112.32 Safari/537.36]} headers={null=[HTTP/1.1 204 No Content], Content-Length=[0], Date=[Thu, 18 Jul 2019 19:20:04 GMT], X-Android-Received-Millis=[1563477601475], X-Android-Response-Source=[NETWORK 204], X-Android-Selected-Protocol=[http/1.1], X-Android-Sent-Millis=[1563477601396]}
07-18 15:20:01.477  1592 14877 D NetworkMonitor/NetworkAgentInfo [WIFI () - 101]: PROBE_HTTPS https://www.google.com/generate_204 time=84ms ret=204 request={User-Agent=[Mozilla/5.0 (X11; Linux x86_64) AppleWebKit/537.36 (KHTML, like Gecko) Chrome/60.0.3112.32 Safari/537.36]} headers={null=[HTTP/1.1 204 No Content], Alt-Svc=[quic=":443"; ma=2592000; v="46,43,39"], Content-Length=[0], Date=[Thu, 18 Jul 2019 19:20:04 GMT], X-Android-Received-Millis=[1563477601476], X-Android-Response-Source=[NETWORK 204], X-Android-Selected-Protocol=[http/1.1], X-Android-Sent-Millis=[1563477601393]}
07-18 15:20:01.478  1592  1671 D ConnectivityService: NetworkAgentInfo [WIFI () - 101] validation passed
07-18 15:20:03.647  1592  1609 E BatteryExternalStatsWorker: modem info is invalid: ModemActivityInfo{ mTimestamp=0 mSleepTimeMs=0 mIdleTimeMs=0 mTxTimeMs[]=[0, 0, 0, 0, 0] mRxTimeMs=0 mEnergyUsed=0}
