06-28 17:25:21.372  1389  4034 W audio_hw_generic: Not supplying enough data to HAL, expected position 21620258 , only wrote 21620160
06-28 17:25:21.412  1389  4034 W audio_hw_generic: Not supplying enough data to HAL, expected position 21622115 , only wrote 21620880
06-28 17:25:21.465  1389  4034 W audio_hw_generic: Not supplying enough data to HAL, expected position 21623382 , only wrote 21622320
06-28 17:25:21.543  1389  4034 W audio_hw_generic: Not supplying enough data to HAL, expected position 21626073 , only wrote 21625920
06-28 17:25:21.545  1389  4034 W audio_hw_generic: Not supplying enough data to HAL, expected position 21625981 , only wrote 21625920
06-28 17:25:21.595  1389  4034 W audio_hw_generic: Not supplying enough data to HAL, expected position 21628345 , only wrote 21626640
06-28 17:25:21.596  1481  7584 W AudioTrack: getTimestamp() location moved from kernel to server
06-28 17:25:21.657  1389  4034 W audio_hw_generic: Not supplying enough data to HAL, expected position 21629642 , only wrote 21629520
06-28 17:25:21.686  1389  4034 W audio_hw_generic: Not supplying enough data to HAL, expected position 21630925 , only wrote 21629520
06-28 17:25:21.755  1389  4034 W audio_hw_generic: Not supplying enough data to HAL, expected position 21631956 , only wrote 21630960
06-28 17:25:21.757  1389  4034 W audio_hw_generic: Not supplying enough data to HAL, expected position 21631904 , only wrote 21631680
06-28 17:25:21.758  1389  4034 W audio_hw_generic: Not supplying enough data to HAL, expected position 21631717 , only wrote 21631680
06-28 17:25:21.766  1481  7584 W NuPlayerRenderer: getPendingAudioPlayoutDurationUs: pendingUs -5272 < 0, clamping to zero, potential resume after pause writtenAudioDurationUs: 313469, audioSinkPlayedUs: 318741
06-28 17:25:21.793  1481  7584 W NuPlayerRenderer: getPendingAudioPlayoutDurationUs: pendingUs -4976 < 0, clamping to zero, potential resume after pause writtenAudioDurationUs: 325079, audioSinkPlayedUs: 330055
06-28 17:25:21.813  1389  4034 W audio_hw_generic: Not supplying enough data to HAL, expected position 21634353 , only wrote 21633840
06-28 17:25:21.836  1481  7584 W NuPlayerRenderer: getPendingAudioPlayoutDurationUs: pendingUs -1562 < 0, clamping to zero, potential resume after pause writtenAudioDurationUs: 367165, audioSinkPlayedUs: 368727
06-28 17:25:21.857  1481  7584 W AudioTrack: getTimestamp() location moved from kernel to server
06-28 17:25:21.919  1389  4034 W audio_hw_generic: Not supplying enough data to HAL, expected position 21638925 , only wrote 21637440
06-28 17:25:21.920  1389  4034 W audio_hw_generic: Not supplying enough data to HAL, expected position 21637487 , only wrote 21637440
06-28 17:25:21.943  1389  4034 W audio_hw_generic: Not supplying enough data to HAL, expected position 21638545 , only wrote 21638160
06-28 17:25:21.975  1389  4034 W audio_hw_generic: Not supplying enough data to HAL, expected position 21639704 , only wrote 21639600
06-28 17:25:22.022  1473  1580 D AudioFlinger: mixer(0xad583c80) throttle end: throttle time(14)
06-28 17:25:22.182  1389  4034 W audio_hw_generic: Not supplying enough data to HAL, expected position 21649536 , only wrote 21648240
06-28 17:25:22.274  1389  4034 W audio_hw_generic: Not supplying enough data to HAL, expected position 21652657 , only wrote 21652560
06-28 17:25:22.275  1389  4034 W audio_hw_generic: Not supplying enough data to HAL, expected position 21652593 , only wrote 21652560
06-28 17:25:22.291  1389  4034 W audio_hw_generic: Not supplying enough data to HAL, expected position 21653334 , only wrote 21653280
06-28 17:25:22.365  1389  4034 W audio_hw_generic: Not supplying enough data to HAL, expected position 21656819 , only wrote 21656160
06-28 17:25:22.366  1389  4034 W audio_hw_generic: Not supplying enough data to HAL, expected position 21656207 , only wrote 21656160
06-28 17:25:22.367  1481  7584 W AudioTrack: getTimestamp() location moved from kernel to server
06-28 17:25:22.382  1389  4034 W audio_hw_generic: Not supplying enough data to HAL, expected position 21656906 , only wrote 21656880
06-28 17:25:22.864  1389  4034 W audio_hw_generic: Not supplying enough data to HAL, expected position 21680044 , only wrote 21678480
06-28 17:25:22.865  1389  4034 W audio_hw_generic: Not supplying enough data to HAL, expected position 21678525 , only wrote 21678480
06-28 17:25:22.897  1389  4034 W audio_hw_generic: Not supplying enough data to HAL, expected position 21679995 , only wrote 21679200
06-28 17:25:22.917  1389  4034 W audio_hw_generic: Not supplying enough data to HAL, expected position 21680161 , only wrote 21679920
06-28 17:25:22.918  1389  4034 W audio_hw_generic: Not supplying enough data to HAL, expected position 21679969 , only wrote 21679920
06-28 17:25:22.940  1389  4034 W audio_hw_generic: Not supplying enough data to HAL, expected position 21680963 , only wrote 21680640
06-28 17:25:22.957  1389  4034 W audio_hw_generic: Not supplying enough data to HAL, expected position 21681479 , only wrote 21681360
06-28 17:25:22.958  1389  4034 W audio_hw_generic: Not supplying enough data to HAL, expected position 21681397 , only wrote 21681360
06-28 17:25:22.980  1389  4034 W audio_hw_generic: Not supplying enough data to HAL, expected position 21682432 , only wrote 21682080
06-28 17:25:23.048  1473  1580 D AudioFlinger: mixer(0xad583c80) throttle end: throttle time(2)
06-28 17:25:23.061  1389  4034 W audio_hw_generic: Not supplying enough data to HAL, expected position 21685942 , only wrote 21685680
06-28 17:25:23.064  1481  7584 W AudioTrack: getTimestamp() location moved from kernel to server
06-28 17:25:23.125  1389  4034 W audio_hw_generic: Not supplying enough data to HAL, expected position 21688793 , only wrote 21688560
06-28 17:25:23.285  1389  4034 W audio_hw_generic: Not supplying enough data to HAL, expected position 21696234 , only wrote 21695760
06-28 17:25:23.286  1389  4034 W audio_hw_generic: Not supplying enough data to HAL, expected position 21695790 , only wrote 21695760
06-28 17:25:23.307  1389  4034 W audio_hw_generic: Not supplying enough data to HAL, expected position 21696776 , only wrote 21696480
06-28 17:25:23.321  1473  1580 D AudioFlinger: mixer(0xad583c80) throttle end: throttle time(8)
06-28 17:25:23.359  1389  4034 W audio_hw_generic: Not supplying enough data to HAL, expected position 21698950 , only wrote 21697920
06-28 17:25:23.361  1481  7584 W AudioTrack: getTimestamp() location moved from kernel to server
06-28 17:25:23.362  4804  4821 I Finsky  : [283] imb.run(3): Stats for Executor: BlockingExecutor ink@a9cdba9[Running, pool size = 0, active threads = 0, queued tasks = 0, completed tasks = 14]
06-28 17:25:23.363  4804  4821 I Finsky  : [283] imb.run(3): Stats for Executor: LightweightExecutor ink@d6d352e[Running, pool size = 2, active threads = 0, queued tasks = 0, completed tasks = 68]
06-28 17:25:23.437  1389  4034 W audio_hw_generic: Not supplying enough data to HAL, expected position 21701690 , only wrote 21701520
06-28 17:25:23.439  1389  4034 W audio_hw_generic: Hardware backing HAL too slow, could only write 0 of 720 frames
06-28 17:25:23.468  1389  4034 W audio_hw_generic: Not supplying enough data to HAL, expected position 21702994 , only wrote 21702960
06-28 17:25:23.468  1389  4034 W audio_hw_generic: Hardware backing HAL too slow, could only write 0 of 720 frames
06-28 17:25:23.485  1389  4034 I chatty  : uid=1041(audioserver) writer identical 1 line
06-28 17:25:23.501  1389  4034 W audio_hw_generic: Hardware backing HAL too slow, could only write 0 of 720 frames
06-28 17:25:23.501  1473  1580 D AudioFlinger: mixer(0xad583c80) throttle end: throttle time(12)
06-28 17:25:23.559  1389  4034 W audio_hw_generic: Not supplying enough data to HAL, expected position 21707357 , only wrote 21707280
06-28 17:25:23.561  1389  4034 W audio_hw_generic: Not supplying enough data to HAL, expected position 21707335 , only wrote 21707280
06-28 17:25:23.586  1389  4034 W audio_hw_generic: Not supplying enough data to HAL, expected position 21708480 , only wrote 21708000
06-28 17:25:23.642  1389  4034 W audio_hw_generic: Not supplying enough data to HAL, expected position 21710694 , only wrote 21708720
06-28 17:25:23.642  1389  4034 W audio_hw_generic: Not supplying enough data to HAL, expected position 21708731 , only wrote 21708720
06-28 17:25:23.645  4804  4821 I Finsky  : [283] imb.run(3): Stats for Executor: bgExecutor ink@d47d8cf[Running, pool size = 4, active threads = 0, queued tasks = 0, completed tasks = 39]
06-28 17:25:23.663  1389  4034 W audio_hw_generic: Not supplying enough data to HAL, expected position 21709715 , only wrote 21709440
06-28 17:25:23.682  1473  1580 D AudioFlinger: mixer(0xad583c80) throttle end: throttle time(12)
06-28 17:25:23.704  1389  4034 W audio_hw_generic: Hardware backing HAL too slow, could only write 0 of 720 frames
06-28 17:25:23.851  1389  4034 W audio_hw_generic: Not supplying enough data to HAL, expected position 21718490 , only wrote 21715920
06-28 17:25:23.852  1389  4034 W audio_hw_generic: Not supplying enough data to HAL, expected position 21715955 , only wrote 21715920
06-28 17:25:23.881  1389  4034 W audio_hw_generic: Not supplying enough data to HAL, expected position 21717303 , only wrote 21716640
06-28 17:25:23.912  1389  4034 W audio_hw_generic: Not supplying enough data to HAL, expected position 21718116 , only wrote 21718080
06-28 17:25:23.913  1473  1580 D AudioFlinger: mixer(0xad583c80) throttle end: throttle time(12)
06-28 17:25:23.981  1473  1580 D AudioFlinger: mixer(0xad583c80) throttle end: throttle time(1)
06-28 17:25:24.005  1389  4034 W audio_hw_generic: Not supplying enough data to HAL, expected position 21722579 , only wrote 21722400
06-28 17:25:24.036  1389  4034 W audio_hw_generic: Not supplying enough data to HAL, expected position 21723850 , only wrote 21723120
06-28 17:25:24.037  1389  4034 W audio_hw_generic: Not supplying enough data to HAL, expected position 21723172 , only wrote 21723120
06-28 17:25:24.079  1389  4034 W audio_hw_generic: Not supplying enough data to HAL, expected position 21725149 , only wrote 21723840
06-28 17:25:24.079  1473  1580 D AudioFlinger: mixer(0xad583c80) throttle end: throttle time(11)
06-28 17:25:24.166  1473  1580 D AudioFlinger: mixer(0xad583c80) throttle end: throttle time(11)
06-28 17:25:24.316  1389  4034 W audio_hw_generic: Not supplying enough data to HAL, expected position 21735235 , only wrote 21734640
06-28 17:25:24.317  1389  4034 W audio_hw_generic: Not supplying enough data to HAL, expected position 21734665 , only wrote 21734640
06-28 17:25:24.338  1389  4034 W audio_hw_generic: Not supplying enough data to HAL, expected position 21735670 , only wrote 21735360
06-28 17:25:24.368  1473  1580 D AudioFlinger: mixer(0xad583c80) throttle end: throttle time(6)
06-28 17:25:24.395  1481  7584 W AudioTrack: getTimestamp() location moved from kernel to server
06-28 17:25:24.401  1481  7585 I NuPlayerDecoder: [audio] saw output EOS
06-28 17:25:24.403  1481  7584 D AudioTrack: stop() called with 132300 frames delivered
06-28 17:25:24.407  1473  1580 D AudioFlinger: mixer(0xad583c80) throttle end: throttle time(3)
06-28 17:25:24.755  1389  4034 W audio_hw_generic: Not supplying enough data to HAL, expected position 21755374 , only wrote 21754800
06-28 17:25:24.756  1389  4034 W audio_hw_generic: Not supplying enough data to HAL, expected position 21754823 , only wrote 21754800
06-28 17:25:24.774  1389  4034 W audio_hw_generic: Not supplying enough data to HAL, expected position 21755687 , only wrote 21755520
06-28 17:25:24.826  1473  1580 D AudioFlinger: mixer(0xad583c80) throttle end: throttle time(12)
06-28 17:25:24.916  1389  4034 W audio_hw_generic: Not supplying enough data to HAL, expected position 21762317 , only wrote 21761280
06-28 17:25:24.918  1389  4034 W audio_hw_generic: Not supplying enough data to HAL, expected position 21761386 , only wrote 21761280
06-28 17:25:24.935  1389  4034 W audio_hw_generic: Not supplying enough data to HAL, expected position 21762082 , only wrote 21762000
06-28 17:25:24.955  1481  7580 D NuPlayerDriver: notifyListener_l(0xac0944d0), (2, 0, 0, -1), loop setting(1, 0)
06-28 17:25:24.990  1481  7585 I NuPlayerDecoder: [OMX.google.vorbis.decoder] resubmitting CSD
06-28 17:25:24.991  1481  7585 I NuPlayerDecoder: [OMX.google.vorbis.decoder] resubmitting CSD
06-28 17:25:25.023  1481  7580 D NuPlayerDriver: notifyListener_l(0xac0944d0), (6, 0, 0, -1), loop setting(1, 0)
06-28 17:25:25.032  1481  7584 W AudioTrack: getTimestamp() location moved from kernel to server
06-28 17:25:25.032  1481  7584 W NuPlayerRenderer: getPendingAudioPlayoutDurationUs: pendingUs -2165 < 0, clamping to zero, potential resume after pause writtenAudioDurationUs: 2902, audioSinkPlayedUs: 5067
06-28 17:25:25.058  1481  7584 W AudioTrack: retrograde timestamp position corrected, -128 = 0 - 128
06-28 17:25:25.087  1481  7584 W AudioTrack: getTimestamp() location moved from kernel to server
06-28 17:25:25.121  1389  4034 W audio_hw_generic: Not supplying enough data to HAL, expected position 21770955 , only wrote 21770640
06-28 17:25:25.168  1473  1580 D AudioFlinger: mixer(0xad583c80) throttle end: throttle time(12)
06-28 17:25:25.169  1481  7584 W AudioTrack: retrograde timestamp position corrected, -204 = 1929 - 2133
06-28 17:25:25.223  1389  4034 W audio_hw_generic: Not supplying enough data to HAL, expected position 21775498 , only wrote 21774960
06-28 17:25:25.223  1389  4034 W audio_hw_generic: Not supplying enough data to HAL, expected position 21774995 , only wrote 21774960
06-28 17:25:25.225  1473  1580 D AudioFlinger: mixer(0xad583c80) throttle end: throttle time(5)
06-28 17:25:25.241  1389  4034 W audio_hw_generic: Not supplying enough data to HAL, expected position 21775821 , only wrote 21775680
06-28 17:25:25.271  1473  1580 D AudioFlinger: mixer(0xad583c80) throttle end: throttle time(12)
06-28 17:25:25.272  1389  4034 W audio_hw_generic: Not supplying enough data to HAL, expected position 21777161 , only wrote 21777120
06-28 17:25:25.308  1389  4034 W audio_hw_generic: Not supplying enough data to HAL, expected position 21778845 , only wrote 21778560
06-28 17:25:25.393  1389  4034 W audio_hw_generic: Not supplying enough data to HAL, expected position 21782632 , only wrote 21782160
06-28 17:25:25.395  1389  4034 W audio_hw_generic: Not supplying enough data to HAL, expected position 21782238 , only wrote 21782160
06-28 17:25:25.396  1481  7584 W AudioTrack: getTimestamp() location moved from kernel to server
06-28 17:25:25.417  1389  4034 W audio_hw_generic: Not supplying enough data to HAL, expected position 21783246 , only wrote 21782880
06-28 17:25:25.471  1473  1580 D AudioFlinger: mixer(0xad583c80) throttle end: throttle time(7)
06-28 17:25:25.472  1389  4034 W audio_hw_generic: Not supplying enough data to HAL, expected position 21785513 , only wrote 21784320
06-28 17:25:25.474  1481  7584 W AudioTrack: getTimestamp() location moved from kernel to server
06-28 17:25:25.507  1389  4034 W audio_hw_generic: Not supplying enough data to HAL, expected position 21785945 , only wrote 21785760
06-28 17:25:25.526  1389  4034 W audio_hw_generic: Not supplying enough data to HAL, expected position 21786713 , only wrote 21786480
06-28 17:25:25.527  1389  4034 W audio_hw_generic: Not supplying enough data to HAL, expected position 21786522 , only wrote 21786480
06-28 17:25:25.552  1389  4034 W audio_hw_generic: Not supplying enough data to HAL, expected position 21787675 , only wrote 21787200
06-28 17:25:25.587  1389  4034 W audio_hw_generic: Not supplying enough data to HAL, expected position 21788879 , only wrote 21788640
06-28 17:25:25.728  1389  4034 W audio_hw_generic: Not supplying enough data to HAL, expected position 21795438 , only wrote 21794400
06-28 17:25:25.729  1389  4034 W audio_hw_generic: Not supplying enough data to HAL, expected position 21794416 , only wrote 21794400
06-28 17:25:25.750  1389  4034 W audio_hw_generic: Not supplying enough data to HAL, expected position 21795428 , only wrote 21795120
06-28 17:25:25.755  1473  1580 D AudioFlinger: mixer(0xad583c80) throttle end: throttle time(12)
06-28 17:25:25.821  1389  4034 W audio_hw_generic: Not supplying enough data to HAL, expected position 21798503 , only wrote 21798000
06-28 17:25:25.821  1389  4034 W audio_hw_generic: Not supplying enough data to HAL, expected position 21798022 , only wrote 21798000
06-28 17:25:25.837  1389  4034 W audio_hw_generic: Not supplying enough data to HAL, expected position 21798785 , only wrote 21798720
06-28 17:25:26.014  1389  4034 W audio_hw_generic: Not supplying enough data to HAL, expected position 21807217 , only wrote 21806640
06-28 17:25:26.099  1389  4034 W audio_hw_generic: Not supplying enough data to HAL, expected position 21810586 , only wrote 21810240
06-28 17:25:26.202  1389  4034 W audio_hw_generic: Not supplying enough data to HAL, expected position 21815320 , only wrote 21814560
06-28 17:25:26.431  1481  7584 W AudioTrack: getTimestamp() location moved from kernel to server
06-28 17:25:26.432  1389  4034 W audio_hw_generic: Not supplying enough data to HAL, expected position 21825561 , only wrote 21825360
06-28 17:25:26.432  1389  4034 W audio_hw_generic: Not supplying enough data to HAL, expected position 21825387 , only wrote 21825360
06-28 17:25:26.448  1389  4034 W audio_hw_generic: Not supplying enough data to HAL, expected position 21826101 , only wrote 21826080
06-28 17:25:26.478  1389  4034 W audio_hw_generic: Not supplying enough data to HAL, expected position 21827556 , only wrote 21827520
06-28 17:25:26.510  1389  4034 W audio_hw_generic: Not supplying enough data to HAL, expected position 21829034 , only wrote 21828960
06-28 17:25:26.552  1481  7584 W AudioTrack: getTimestamp() location moved from kernel to server
06-28 17:25:26.633  1389  4034 W audio_hw_generic: Not supplying enough data to HAL, expected position 21834851 , only wrote 21834720
06-28 17:25:26.633  1481  7584 W AudioTrack: getTimestamp() location moved from kernel to server
06-28 17:25:26.635  1389  4034 W audio_hw_generic: Not supplying enough data to HAL, expected position 21834823 , only wrote 21834720
06-28 17:25:26.650  1389  4034 W audio_hw_generic: Not supplying enough data to HAL, expected position 21835446 , only wrote 21835440
06-28 17:25:26.664  1481  7584 W AudioTrack: retrograde timestamp position corrected, -488 = 58515 - 59003
06-28 17:25:26.700  1481  7584 W AudioTrack: getTimestamp() location moved from kernel to server
06-28 17:25:26.762  1389  4034 W audio_hw_generic: Not supplying enough data to HAL, expected position 21840837 , only wrote 21840480
06-28 17:25:26.763  1389  4034 W audio_hw_generic: Not supplying enough data to HAL, expected position 21840512 , only wrote 21840480
06-28 17:25:26.796  1389  4034 W audio_hw_generic: Not supplying enough data to HAL, expected position 21842054 , only wrote 21841200
06-28 17:25:26.808  1596  1610 I WifiService: acquireWifiLock uid=10014 lockMode=2
06-28 17:25:26.850  1389  4034 W audio_hw_generic: Not supplying enough data to HAL, expected position 21843802 , only wrote 21843360
06-28 17:25:26.851  1389  4034 W audio_hw_generic: Not supplying enough data to HAL, expected position 21843392 , only wrote 21843360
06-28 17:25:26.868  1389  4034 W audio_hw_generic: Not supplying enough data to HAL, expected position 21844159 , only wrote 21844080
06-28 17:25:26.986  1389  4034 W audio_hw_generic: Not supplying enough data to HAL, expected position 21849774 , only wrote 21845520
06-28 17:25:27.032  1481  7584 W AudioTrack: getTimestamp() location moved from kernel to server
06-28 17:25:27.078  1389  4034 W audio_hw_generic: Not supplying enough data to HAL, expected position 21849923 , only wrote 21848400
06-28 17:25:27.078  1389  4034 W audio_hw_generic: Not supplying enough data to HAL, expected position 21848409 , only wrote 21848400
06-28 17:25:27.128  1389  4034 W audio_hw_generic: Not supplying enough data to HAL, expected position 21850795 , only wrote 21849120
06-28 17:25:27.129  1481  7584 W AudioTrack: getTimestamp() location moved from kernel to server
06-28 17:25:27.184  1481  7584 W AudioTrack: getTimestamp() location moved from kernel to server
06-28 17:25:27.262  1389  4034 W audio_hw_generic: Not supplying enough data to HAL, expected position 21855537 , only wrote 21854880
06-28 17:25:27.265  1389  4034 W audio_hw_generic: Not supplying enough data to HAL, expected position 21855038 , only wrote 21854880
06-28 17:25:27.272  1481  7584 W AudioTrack: getTimestamp() location moved from kernel to server
06-28 17:25:27.280  1389  4034 W audio_hw_generic: Not supplying enough data to HAL, expected position 21855607 , only wrote 21855600
06-28 17:25:27.291  1596  2502 I WifiService: releaseWifiLock uid=10014
06-28 17:25:27.411  1389  4034 W audio_hw_generic: Not supplying enough data to HAL, expected position 21861869 , only wrote 21861360
06-28 17:25:27.473  1481  7584 W AudioTrack: getTimestamp() location moved from kernel to server
06-28 17:25:27.520  1389  4034 W audio_hw_generic: Not supplying enough data to HAL, expected position 21866600 , only wrote 21864960
06-28 17:25:27.520  1389  4034 W audio_hw_generic: Not supplying enough data to HAL, expected position 21864972 , only wrote 21864960
06-28 17:25:27.538  1389  4034 W audio_hw_generic: Not supplying enough data to HAL, expected position 21865833 , only wrote 21865680
06-28 17:25:27.563  1473  1580 D AudioFlinger: mixer(0xad583c80) throttle end: throttle time(12)
06-28 17:25:27.601  1389  4034 W audio_hw_generic: Not supplying enough data to HAL, expected position 21868667 , only wrote 21868560
06-28 17:25:27.602  1389  4034 W audio_hw_generic: Not supplying enough data to HAL, expected position 21868605 , only wrote 21868560
06-28 17:25:27.603  1481  7584 W AudioTrack: getTimestamp() location moved from kernel to server
06-28 17:25:27.648  1389  4034 W audio_hw_generic: Not supplying enough data to HAL, expected position 21870786 , only wrote 21869280
06-28 17:25:27.691  1473  1580 D AudioFlinger: mixer(0xad583c80) throttle end: throttle time(12)
06-28 17:25:27.785  1389  4034 W audio_hw_generic: Not supplying enough data to HAL, expected position 21875857 , only wrote 21875760
06-28 17:25:27.819  1389  4034 W audio_hw_generic: Not supplying enough data to HAL, expected position 21877375 , only wrote 21876480
06-28 17:25:27.822  1389  4034 W audio_hw_generic: Not supplying enough data to HAL, expected position 21876624 , only wrote 21876480
06-28 17:25:27.840  1389  4034 W audio_hw_generic: Not supplying enough data to HAL, expected position 21877337 , only wrote 21877200
06-28 17:25:27.921  1389  4034 W audio_hw_generic: Not supplying enough data to HAL, expected position 21881104 , only wrote 21880080
06-28 17:25:28.029  1389  4034 W audio_hw_generic: Not supplying enough data to HAL, expected position 21885191 , only wrote 21884400
06-28 17:25:28.061  1389  4034 W audio_hw_generic: Not supplying enough data to HAL, expected position 21886009 , only wrote 21885120
06-28 17:25:28.061  1389  4034 W audio_hw_generic: Not supplying enough data to HAL, expected position 21885141 , only wrote 21885120
06-28 17:25:28.065  1473  1580 D AudioFlinger: mixer(0xad583c80) throttle end: throttle time(12)
06-28 17:25:28.086  1389  4034 W audio_hw_generic: Not supplying enough data to HAL, expected position 21886316 , only wrote 21885840
06-28 17:25:28.168  1389  4034 W audio_hw_generic: Not supplying enough data to HAL, expected position 21889749 , only wrote 21889440
06-28 17:25:28.253  1481  7585 I NuPlayerDecoder: [audio] saw output EOS
06-28 17:25:28.254  1481  7584 D AudioTrack: stop() called with 132300 frames delivered
06-28 17:25:28.403  1389  4034 W audio_hw_generic: Not supplying enough data to HAL, expected position 21900707 , only wrote 21900240
06-28 17:25:28.583  1389  4034 W audio_hw_generic: Not supplying enough data to HAL, expected position 21908907 , only wrote 21907440
06-28 17:25:28.584  1389  4034 W audio_hw_generic: Not supplying enough data to HAL, expected position 21907472 , only wrote 21907440
06-28 17:25:28.606  1389  4034 W audio_hw_generic: Not supplying enough data to HAL, expected position 21908523 , only wrote 21908160
06-28 17:25:28.685  1389  4034 W audio_hw_generic: Not supplying enough data to HAL, expected position 21911922 , only wrote 21911040
06-28 17:25:28.685  1389  4034 W audio_hw_generic: Not supplying enough data to HAL, expected position 21911052 , only wrote 21911040
06-28 17:25:28.734  1389  4034 W audio_hw_generic: Not supplying enough data to HAL, expected position 21913400 , only wrote 21911760
06-28 17:25:28.741  1473  1580 D AudioFlinger: mixer(0xad583c80) throttle end: throttle time(12)
06-28 17:25:28.760  1481  7580 D NuPlayerDriver: notifyListener_l(0xac0944d0), (2, 0, 0, -1), loop setting(1, 0)
06-28 17:25:28.782  1481  7585 I NuPlayerDecoder: [OMX.google.vorbis.decoder] resubmitting CSD
06-28 17:25:28.786  1481  7585 I NuPlayerDecoder: [OMX.google.vorbis.decoder] resubmitting CSD
06-28 17:25:28.800  1481  7580 D NuPlayerDriver: notifyListener_l(0xac0944d0), (6, 0, 0, -1), loop setting(1, 0)
06-28 17:25:28.833  1389  4034 W audio_hw_generic: Not supplying enough data to HAL, expected position 21916491 , only wrote 21916080
06-28 17:25:28.833  1389  4034 W audio_hw_generic: Not supplying enough data to HAL, expected position 21916101 , only wrote 21916080
06-28 17:25:28.849  1389  4034 W audio_hw_generic: Not supplying enough data to HAL, expected position 21916862 , only wrote 21916800
06-28 17:25:28.895  1389  4034 W audio_hw_generic: Not supplying enough data to HAL, expected position 21919008 , only wrote 21917520
06-28 17:25:28.897  1389  4034 W audio_hw_generic: Not supplying enough data to HAL, expected position 21917605 , only wrote 21917520
06-28 17:25:28.900  1481  7584 W AudioTrack: getTimestamp() location moved from kernel to server
06-28 17:25:28.918  1389  4034 W audio_hw_generic: Not supplying enough data to HAL, expected position 21918504 , only wrote 21918240
06-28 17:25:28.921  1481  7584 W NuPlayerRenderer: getPendingAudioPlayoutDurationUs: pendingUs -7404 < 0, clamping to zero, potential resume after pause writtenAudioDurationUs: 17414, audioSinkPlayedUs: 24818
06-28 17:25:28.941  1481  7584 W AudioTrack: retrograde timestamp position corrected, -741 = 27 - 768
06-28 17:25:28.941  1481  7584 W NuPlayerRenderer: getPendingAudioPlayoutDurationUs: pendingUs -19122 < 0, clamping to zero, potential resume after pause writtenAudioDurationUs: 20317, audioSinkPlayedUs: 39439
06-28 17:25:28.951  1389  4034 W audio_hw_generic: Not supplying enough data to HAL, expected position 21919835 , only wrote 21919680
06-28 17:25:28.966  1481  7584 W AudioTrack: getTimestamp() location moved from kernel to server
06-28 17:25:28.966  1481  7584 W NuPlayerRenderer: getPendingAudioPlayoutDurationUs: pendingUs -8079 < 0, clamping to zero, potential resume after pause writtenAudioDurationUs: 39183, audioSinkPlayedUs: 47262
06-28 17:25:29.039  1389  4034 W audio_hw_generic: Not supplying enough data to HAL, expected position 21923890 , only wrote 21921120
06-28 17:25:29.057  1389  4034 W audio_hw_generic: Not supplying enough data to HAL, expected position 21921986 , only wrote 21921840
06-28 17:25:29.057  1389  4034 W audio_hw_generic: Not supplying enough data to HAL, expected position 21921868 , only wrote 21921840
06-28 17:25:29.060  1481  7584 W AudioTrack: retrograde timestamp position corrected, -69 = 1659 - 1728
06-28 17:25:29.060  1481  7584 W NuPlayerRenderer: getPendingAudioPlayoutDurationUs: pendingUs -2597 < 0, clamping to zero, potential resume after pause writtenAudioDurationUs: 62403, audioSinkPlayedUs: 65000
06-28 17:25:29.070  1473  1580 D AudioFlinger: mixer(0xad583c80) throttle end: throttle time(12)
06-28 17:25:29.075  1389  4034 W audio_hw_generic: Not supplying enough data to HAL, expected position 21922666 , only wrote 21922560
06-28 17:25:29.151  1389  4034 W audio_hw_generic: Not supplying enough data to HAL, expected position 21926248 , only wrote 21926160
06-28 17:25:29.196  1389  4034 W audio_hw_generic: Not supplying enough data to HAL, expected position 21928309 , only wrote 21927600
06-28 17:25:29.253  1389  4034 W audio_hw_generic: Not supplying enough data to HAL, expected position 21930302 , only wrote 21929040
06-28 17:25:29.280  1473  1580 D AudioFlinger: mixer(0xad583c80) throttle end: throttle time(12)
06-28 17:25:29.288  1481  7584 W AudioTrack: getTimestamp() location moved from kernel to server
06-28 17:25:29.447  1389  4034 W audio_hw_generic: Not supplying enough data to HAL, expected position 21938383 , only wrote 21935520
06-28 17:25:29.482  1389  4034 W audio_hw_generic: Not supplying enough data to HAL, expected position 21937174 , only wrote 21935520
06-28 17:25:29.486  1481  7584 W AudioTrack: getTimestamp() location moved from kernel to server
06-28 17:25:29.506  1389  4034 W audio_hw_generic: Not supplying enough data to HAL, expected position 21936696 , only wrote 21936240
06-28 17:25:29.604  1389  4034 W audio_hw_generic: Not supplying enough data to HAL, expected position 21940917 , only wrote 21940560
06-28 17:25:29.606  1481  7584 W NuPlayerRenderer: getPendingAudioPlayoutDurationUs: pendingUs -17200 < 0, clamping to zero, potential resume after pause writtenAudioDurationUs: 322176, audioSinkPlayedUs: 339376
06-28 17:25:29.829  1389  4034 W audio_hw_generic: Not supplying enough data to HAL, expected position 21951387 , only wrote 21949200
06-28 17:25:29.830  1389  4034 W audio_hw_generic: Not supplying enough data to HAL, expected position 21949223 , only wrote 21949200
06-28 17:25:29.832  1481  7584 W AudioTrack: getTimestamp() location moved from kernel to server
06-28 17:25:29.852  1389  4034 W audio_hw_generic: Not supplying enough data to HAL, expected position 21950266 , only wrote 21949920
06-28 17:25:29.862  1473  1580 D AudioFlinger: mixer(0xad583c80) throttle end: throttle time(10)
06-28 17:25:29.927  1389  4034 W audio_hw_generic: Not supplying enough data to HAL, expected position 21953510 , only wrote 21952800
06-28 17:25:29.927  1389  4034 W audio_hw_generic: Not supplying enough data to HAL, expected position 21952814 , only wrote 21952800
06-28 17:25:29.945  1389  4034 W audio_hw_generic: Not supplying enough data to HAL, expected position 21953644 , only wrote 21953520
06-28 17:25:29.949  1473  1580 D AudioFlinger: mixer(0xad583c80) throttle end: throttle time(12)
06-28 17:25:30.025  1389  4034 W audio_hw_generic: Not supplying enough data to HAL, expected position 21957373 , only wrote 21957120
06-28 17:25:30.026  1389  4034 W audio_hw_generic: Not supplying enough data to HAL, expected position 21957165 , only wrote 21957120
06-28 17:25:30.047  1389  4034 W audio_hw_generic: Not supplying enough data to HAL, expected position 21958130 , only wrote 21957840
06-28 17:25:30.059  1473  1580 D AudioFlinger: mixer(0xad583c80) throttle end: throttle time(11)
06-28 17:25:30.101  1389  4034 W audio_hw_generic: Not supplying enough data to HAL, expected position 21960442 , only wrote 21959280
06-28 17:25:30.122  1481  7584 W AudioTrack: getTimestamp() location moved from kernel to server
06-28 17:25:30.161  1389  4034 W audio_hw_generic: Not supplying enough data to HAL, expected position 21962165 , only wrote 21962160
06-28 17:25:30.190  1389  4034 W audio_hw_generic: Not supplying enough data to HAL, expected position 21963523 , only wrote 21962880
06-28 17:25:30.213  1389  4034 W audio_hw_generic: Not supplying enough data to HAL, expected position 21964017 , only wrote 21963600
06-28 17:25:30.227  1473  1580 D AudioFlinger: mixer(0xad583c80) throttle end: throttle time(11)
06-28 17:25:30.330  1389  4034 W audio_hw_generic: Not supplying enough data to HAL, expected position 21969196 , only wrote 21968640
06-28 17:25:30.332  1481  7584 W AudioTrack: getTimestamp() location moved from kernel to server
06-28 17:25:30.335  1389  4034 W audio_hw_generic: Not supplying enough data to HAL, expected position 21968880 , only wrote 21968640
06-28 17:25:30.360  1389  4034 W audio_hw_generic: Not supplying enough data to HAL, expected position 21969859 , only wrote 21969360
06-28 17:25:30.361  1389  4034 W audio_hw_generic: Not supplying enough data to HAL, expected position 21969381 , only wrote 21969360
06-28 17:25:30.396  1389  4034 W audio_hw_generic: Not supplying enough data to HAL, expected position 21971036 , only wrote 21970080
06-28 17:25:30.521  1389  4034 W audio_hw_generic: Not supplying enough data to HAL, expected position 21976070 , only wrote 21975120
06-28 17:25:30.630  1389  4034 W audio_hw_generic: Not supplying enough data to HAL, expected position 21980389 , only wrote 21980160
06-28 17:25:30.631  1389  4034 W audio_hw_generic: Not supplying enough data to HAL, expected position 21980187 , only wrote 21980160
06-28 17:25:30.653  1389  4034 W audio_hw_generic: Not supplying enough data to HAL, expected position 21981242 , only wrote 21980880
06-28 17:25:30.676  1389  4034 W audio_hw_generic: Not supplying enough data to HAL, expected position 21981792 , only wrote 21981600
06-28 17:25:30.676  1473  1580 D AudioFlinger: mixer(0xad583c80) throttle end: throttle time(9)
06-28 17:25:30.676  1389  4034 W audio_hw_generic: Not supplying enough data to HAL, expected position 21981789 , only wrote 21981600
06-28 17:25:30.695  1389  4034 W audio_hw_generic: Not supplying enough data to HAL, expected position 21982479 , only wrote 21982320
06-28 17:25:30.712  1481  7584 W AudioTrack: getTimestamp() location moved from kernel to server
06-28 17:25:30.729  1473  1580 D AudioFlinger: mixer(0xad583c80) throttle end: throttle time(4)
06-28 17:25:30.896  1389  4034 W audio_hw_generic: Not supplying enough data to HAL, expected position 21992002 , only wrote 21988800
06-28 17:25:30.897  1389  4034 W audio_hw_generic: Not supplying enough data to HAL, expected position 21988850 , only wrote 21988800
06-28 17:25:30.935  1473  1580 D AudioFlinger: mixer(0xad583c80) throttle end: throttle time(12)
06-28 17:25:30.945  1389  4034 W audio_hw_generic: Not supplying enough data to HAL, expected position 21991070 , only wrote 21989520
06-28 17:25:31.015  1389  4034 W audio_hw_generic: Not supplying enough data to HAL, expected position 21992866 , only wrote 21992400
06-28 17:25:31.033  1481  7584 W AudioTrack: getTimestamp() location moved from kernel to server
06-28 17:25:31.155  1389  4034 W audio_hw_generic: Not supplying enough data to HAL, expected position 21999124 , only wrote 21996720
06-28 17:25:31.162  1481  7584 W AudioTrack: getTimestamp() location moved from kernel to server
06-28 17:25:31.200  1389  4034 W audio_hw_generic: Not supplying enough data to HAL, expected position 21998895 , only wrote 21998160
06-28 17:25:31.277  1481  7584 W AudioTrack: getTimestamp() location moved from kernel to server
06-28 17:25:31.279  1389  4034 W audio_hw_generic: Not supplying enough data to HAL, expected position 22001958 , only wrote 21999600
06-28 17:25:31.300  1389  4034 W audio_hw_generic: Not supplying enough data to HAL, expected position 22000594 , only wrote 22000320
06-28 17:25:31.300  1389  4034 W audio_hw_generic: Not supplying enough data to HAL, expected position 22000348 , only wrote 22000320
06-28 17:25:31.331  1389  4034 W audio_hw_generic: Not supplying enough data to HAL, expected position 22001809 , only wrote 22001040
06-28 17:25:31.369  1389  4034 W audio_hw_generic: Not supplying enough data to HAL, expected position 22002830 , only wrote 22002480
06-28 17:25:31.396  1481  7584 W AudioTrack: getTimestamp() location moved from kernel to server
06-28 17:25:31.495  1389  4034 W audio_hw_generic: Not supplying enough data to HAL, expected position 22008540 , only wrote 22007520
06-28 17:25:31.495  1389  4034 W audio_hw_generic: Not supplying enough data to HAL, expected position 22007544 , only wrote 22007520
06-28 17:25:31.525  1389  4034 W audio_hw_generic: Not supplying enough data to HAL, expected position 22008941 , only wrote 22008240
06-28 17:25:31.561  1473  1580 D AudioFlinger: mixer(0xad583c80) throttle end: throttle time(12)
06-28 17:25:31.625  1389  4034 W audio_hw_generic: Not supplying enough data to HAL, expected position 22013040 , only wrote 22011120
06-28 17:25:31.676  1389  4034 W audio_hw_generic: Not supplying enough data to HAL, expected position 22013586 , only wrote 22012560
06-28 17:25:31.676  1473  1580 D AudioFlinger: mixer(0xad583c80) throttle end: throttle time(9)
06-28 17:25:31.733  1389  4034 W audio_hw_generic: Not supplying enough data to HAL, expected position 22015264 , only wrote 22014000
06-28 17:25:31.800  1389  4034 W audio_hw_generic: Not supplying enough data to HAL, expected position 22017210 , only wrote 22016880
06-28 17:25:31.801  1389  4034 W audio_hw_generic: Not supplying enough data to HAL, expected position 22016947 , only wrote 22016880
06-28 17:25:31.820  1389  4034 W audio_hw_generic: Not supplying enough data to HAL, expected position 22017770 , only wrote 22017600
06-28 17:25:31.930  1389  4034 W audio_hw_generic: Not supplying enough data to HAL, expected position 22022917 , only wrote 22021200
06-28 17:25:31.931  1389  4034 W audio_hw_generic: Not supplying enough data to HAL, expected position 22021228 , only wrote 22021200
06-28 17:25:31.967  1389  4034 W audio_hw_generic: Not supplying enough data to HAL, expected position 22022933 , only wrote 22021920
06-28 17:25:31.981  1473  1580 D AudioFlinger: mixer(0xad583c80) throttle end: throttle time(12)
06-28 17:25:31.997  1389  4034 W audio_hw_generic: Not supplying enough data to HAL, expected position 22023362 , only wrote 22023360
06-28 17:25:32.128  1389  4034 W audio_hw_generic: Not supplying enough data to HAL, expected position 22029614 , only wrote 22029120
06-28 17:25:32.144  1389  4034 W audio_hw_generic: Not supplying enough data to HAL, expected position 22029932 , only wrote 22029840
06-28 17:25:32.326  1389  4034 W audio_hw_generic: Not supplying enough data to HAL, expected position 22038548 , only wrote 22038480
06-28 17:25:32.347  1389  4034 W audio_hw_generic: Not supplying enough data to HAL, expected position 22039472 , only wrote 22039200
06-28 17:25:32.356  1473  1580 D AudioFlinger: mixer(0xad583c80) throttle end: throttle time(5)
06-28 17:25:32.369  1389  4034 W audio_hw_generic: Not supplying enough data to HAL, expected position 22040295 , only wrote 22039920
06-28 17:25:32.540  1389  4034 W audio_hw_generic: Not supplying enough data to HAL, expected position 22048098 , only wrote 22047840
06-28 17:25:32.540  1389  4034 W audio_hw_generic: Not supplying enough data to HAL, expected position 22047869 , only wrote 22047840
06-28 17:25:32.562  1389  4034 W audio_hw_generic: Not supplying enough data to HAL, expected position 22048861 , only wrote 22048560
06-28 17:25:32.646  1473  1580 D AudioFlinger: mixer(0xad583c80) throttle end: throttle time(4)
06-28 17:25:32.671  1389  4034 W audio_hw_generic: Not supplying enough data to HAL, expected position 22053805 , only wrote 22053600
06-28 17:25:32.722  1389  4034 W audio_hw_generic: Not supplying enough data to HAL, expected position 22055298 , only wrote 22055040
06-28 17:25:32.724  1389  4034 W audio_hw_generic: Not supplying enough data to HAL, expected position 22055867 , only wrote 22055760
06-28 17:25:32.724  1389  4034 W audio_hw_generic: Not supplying enough data to HAL, expected position 22055789 , only wrote 22055760
06-28 17:25:32.752  1389  4034 W audio_hw_generic: Not supplying enough data to HAL, expected position 22057109 , only wrote 22056480
06-28 17:25:32.756  1473  1580 D AudioFlinger: mixer(0xad583c80) throttle end: throttle time(12)
06-28 17:25:32.812  1481  7585 I NuPlayerDecoder: [audio] saw output EOS
06-28 17:25:32.817  1481  7584 W AudioTrack: getTimestamp() location moved from kernel to server
06-28 17:25:32.817  1481  7584 D AudioTrack: stop() called with 132300 frames delivered
06-28 17:25:32.830  1389  4034 W audio_hw_generic: Not supplying enough data to HAL, expected position 22060231 , only wrote 22060080
06-28 17:25:32.913  1389  4034 W audio_hw_generic: Not supplying enough data to HAL, expected position 22064050 , only wrote 22062960
06-28 17:25:32.914  1389  4034 W audio_hw_generic: Not supplying enough data to HAL, expected position 22062978 , only wrote 22062960
06-28 17:25:32.932  1389  4034 W audio_hw_generic: Not supplying enough data to HAL, expected position 22063826 , only wrote 22063680
06-28 17:25:32.948  1473  1580 D AudioFlinger: mixer(0xad583c80) throttle end: throttle time(11)
06-28 17:25:32.994  1389  4034 W audio_hw_generic: Not supplying enough data to HAL, expected position 22066671 , only wrote 22066560
06-28 17:25:32.995  1389  4034 W audio_hw_generic: Not supplying enough data to HAL, expected position 22066611 , only wrote 22066560
06-28 17:25:33.028  1389  4034 W audio_hw_generic: Not supplying enough data to HAL, expected position 22068124 , only wrote 22067280
06-28 17:25:33.139  1389  4034 W audio_hw_generic: Not supplying enough data to HAL, expected position 22072628 , only wrote 22070880
06-28 17:25:33.141  1473  1580 D AudioFlinger: mixer(0xad583c80) throttle end: throttle time(11)
06-28 17:25:33.142  1481  7580 D NuPlayerDriver: notifyListener_l(0xac0944d0), (2, 0, 0, -1), loop setting(1, 0)
06-28 17:25:33.434  1389  4034 W audio_hw_generic: Not supplying enough data to HAL, expected position 22085012 , only wrote 22072320
06-28 17:25:33.478  1481  7585 I NuPlayerDecoder: [OMX.google.vorbis.decoder] resubmitting CSD
06-28 17:25:33.480  1481  7585 I NuPlayerDecoder: [OMX.google.vorbis.decoder] resubmitting CSD
06-28 17:25:33.530  1389  4034 W audio_hw_generic: Not supplying enough data to HAL, expected position 22076935 , only wrote 22076640
06-28 17:25:33.570  1389  4034 W audio_hw_generic: Not supplying enough data to HAL, expected position 22078578 , only wrote 22077360
06-28 17:25:33.578  1389  4034 W audio_hw_generic: Not supplying enough data to HAL, expected position 22077745 , only wrote 22077360
06-28 17:25:33.599  1389  4034 W audio_hw_generic: Not supplying enough data to HAL, expected position 22078371 , only wrote 22078080
06-28 17:25:33.615  1481  7580 D NuPlayerDriver: notifyListener_l(0xac0944d0), (6, 0, 0, -1), loop setting(1, 0)
06-28 17:25:33.634  1473  1580 D AudioFlinger: mixer(0xad583c80) throttle end: throttle time(6)
06-28 17:25:33.805  1596  1607 I zygote  : Background concurrent copying GC freed 49070(2MB) AllocSpace objects, 2(104KB) LOS objects, 30% free, 13MB/19MB, paused 3.840ms total 355.321ms
06-28 17:25:33.832  1389  4034 W audio_hw_generic: Not supplying enough data to HAL, expected position 22089270 , only wrote 22088880
06-28 17:25:33.833  1389  4034 W audio_hw_generic: Not supplying enough data to HAL, expected position 22088899 , only wrote 22088880
06-28 17:25:33.848  1389  4034 W audio_hw_generic: Not supplying enough data to HAL, expected position 22089620 , only wrote 22089600
06-28 17:25:33.881  1473  1580 D AudioFlinger: mixer(0xad583c80) throttle end: throttle time(12)
06-28 17:25:33.906  1473  1580 D AudioFlinger: mixer(0xad583c80) throttle end: throttle time(12)
06-28 17:25:33.955  1389  4034 W audio_hw_generic: Not supplying enough data to HAL, expected position 22094746 , only wrote 22093200
06-28 17:25:34.006  1389  4034 W audio_hw_generic: Not supplying enough data to HAL, expected position 22095638 , only wrote 22093920
06-28 17:25:34.007  1389  4034 W audio_hw_generic: Not supplying enough data to HAL, expected position 22093960 , only wrote 22093920
06-28 17:25:34.058  1389  4034 W audio_hw_generic: Not supplying enough data to HAL, expected position 22096382 , only wrote 22094640
06-28 17:25:34.061  1473  1580 D AudioFlinger: mixer(0xad583c80) throttle end: throttle time(12)
06-28 17:25:34.138  1389  4034 W audio_hw_generic: Not supplying enough data to HAL, expected position 22098448 , only wrote 22098240
06-28 17:25:34.138  1389  4034 W audio_hw_generic: Not supplying enough data to HAL, expected position 22098270 , only wrote 22098240
06-28 17:25:34.142  1481  7584 W AudioTrack: getTimestamp() location moved from kernel to server
06-28 17:25:34.211  1389  4034 W audio_hw_generic: Not supplying enough data to HAL, expected position 22101729 , only wrote 22098960
06-28 17:25:34.266  1473  1580 D AudioFlinger: mixer(0xad583c80) throttle end: throttle time(4)
06-28 17:25:34.293  1389  4034 W audio_hw_generic: Not supplying enough data to HAL, expected position 22102895 , only wrote 22102560
06-28 17:25:34.358  1389  4034 W audio_hw_generic: Not supplying enough data to HAL, expected position 22105693 , only wrote 22105440
06-28 17:25:34.359  1389  4034 W audio_hw_generic: Not supplying enough data to HAL, expected position 22105485 , only wrote 22105440
06-28 17:25:34.382  1389  4034 W audio_hw_generic: Not supplying enough data to HAL, expected position 22106539 , only wrote 22106160
06-28 17:25:34.386  1473  1580 D AudioFlinger: mixer(0xad583c80) throttle end: throttle time(4)
06-28 17:25:34.445  1389  4034 W audio_hw_generic: Not supplying enough data to HAL, expected position 22109164 , only wrote 22109040
06-28 17:25:34.446  1389  4034 W audio_hw_generic: Not supplying enough data to HAL, expected position 22109091 , only wrote 22109040
06-28 17:25:34.509  1389  4034 W audio_hw_generic: Not supplying enough data to HAL, expected position 22112091 , only wrote 22109760
06-28 17:25:34.514  1473  1580 D AudioFlinger: mixer(0xad583c80) throttle end: throttle time(12)
06-28 17:25:34.516  1481  7584 W AudioTrack: getTimestamp() location moved from kernel to server
06-28 17:25:34.657  1473  1580 D AudioFlinger: mixer(0xad583c80) throttle end: throttle time(1)
06-28 17:25:34.658  1389  4034 W audio_hw_generic: Not supplying enough data to HAL, expected position 22116893 , only wrote 22114800
06-28 17:25:34.719  1389  4034 W audio_hw_generic: Not supplying enough data to HAL, expected position 22117718 , only wrote 22116240
06-28 17:25:34.720  1473  1580 D AudioFlinger: mixer(0xad583c80) throttle end: throttle time(7)
06-28 17:25:34.750  1389  4034 W audio_hw_generic: Not supplying enough data to HAL, expected position 22117759 , only wrote 22116960
06-28 17:25:34.750  1389  4034 W audio_hw_generic: Not supplying enough data to HAL, expected position 22116969 , only wrote 22116960
06-28 17:25:34.758  1481  7584 W AudioTrack: getTimestamp() location moved from kernel to server
06-28 17:25:34.780  1389  4034 W audio_hw_generic: Not supplying enough data to HAL, expected position 22118356 , only wrote 22117680
06-28 17:25:34.810  1389  4034 W audio_hw_generic: Not supplying enough data to HAL, expected position 22119156 , only wrote 22119120
06-28 17:25:34.922  1389  4034 W audio_hw_generic: Not supplying enough data to HAL, expected position 22124469 , only wrote 22122720
06-28 17:25:34.930  1389  4034 W audio_hw_generic: Not supplying enough data to HAL, expected position 22123106 , only wrote 22122720
06-28 17:25:34.959  1389  4034 W audio_hw_generic: Not supplying enough data to HAL, expected position 22124109 , only wrote 22123440
06-28 17:25:34.966  1481  7584 W AudioTrack: getTimestamp() location moved from kernel to server
06-28 17:25:34.977  1473  1580 D AudioFlinger: mixer(0xad583c80) throttle end: throttle time(12)
06-28 17:25:34.998  1481  7584 W AudioTrack: retrograde timestamp position corrected, -368 = 36801 - 37169
06-28 17:25:35.097  1389  4034 W audio_hw_generic: Not supplying enough data to HAL, expected position 22130059 , only wrote 22129920
06-28 17:25:35.204  1389  4034 W audio_hw_generic: Not supplying enough data to HAL, expected position 22135058 , only wrote 22133520
06-28 17:25:35.204  1389  4034 W audio_hw_generic: Not supplying enough data to HAL, expected position 22133530 , only wrote 22133520
06-28 17:25:35.260  1389  4034 W audio_hw_generic: Not supplying enough data to HAL, expected position 22136192 , only wrote 22134240
06-28 17:25:35.260  1473  1580 D AudioFlinger: mixer(0xad583c80) throttle end: throttle time(11)
06-28 17:25:35.276  1389  4034 W audio_hw_generic: Not supplying enough data to HAL, expected position 22135027 , only wrote 22134960
06-28 17:25:35.278  1389  4034 W audio_hw_generic: Not supplying enough data to HAL, expected position 22135032 , only wrote 22134960
06-28 17:25:35.353  1389  4034 W audio_hw_generic: Not supplying enough data to HAL, expected position 22137715 , only wrote 22135680
06-28 17:25:35.355  1389  4034 W audio_hw_generic: Not supplying enough data to HAL, expected position 22136647 , only wrote 22136400
06-28 17:25:35.356  1389  4034 W audio_hw_generic: Not supplying enough data to HAL, expected position 22136447 , only wrote 22136400
06-28 17:25:35.400  1389  4034 W audio_hw_generic: Not supplying enough data to HAL, expected position 22138495 , only wrote 22137120
06-28 17:25:35.403  1473  1580 D AudioFlinger: mixer(0xad583c80) throttle end: throttle time(10)
06-28 17:25:35.446  1389  4034 W audio_hw_generic: Not supplying enough data to HAL, expected position 22139351 , only wrote 22138560
06-28 17:25:35.478  1389  4034 W audio_hw_generic: Not supplying enough data to HAL, expected position 22140087 , only wrote 22140000
06-28 17:25:35.525  1389  4034 W audio_hw_generic: Not supplying enough data to HAL, expected position 22142270 , only wrote 22141440
06-28 17:25:35.665  1389  4034 W audio_hw_generic: Not supplying enough data to HAL, expected position 22148133 , only wrote 22145760
06-28 17:25:35.672  1481  7584 W AudioTrack: getTimestamp() location moved from kernel to server
06-28 17:25:35.728  1473  1580 D AudioFlinger: mixer(0xad583c80) throttle end: throttle time(2)
06-28 17:25:35.762  1389  4034 W audio_hw_generic: Not supplying enough data to HAL, expected position 22150382 , only wrote 22150080
