--------- beginning of main
07-01 17:04:16.607 18156 18166 I zygote  : Background concurrent copying GC freed 279560(6MB) AllocSpace objects, 0(0B) LOS objects, 20% free, 23MB/29MB, paused 1.392ms total 233.060ms
07-01 17:04:18.444  1604  5450 I WifiService: acquireWifiLock uid=10014 lockMode=2
07-01 17:04:18.465  1604  1617 E memtrack: Couldn't load memtrack module
07-01 17:04:18.465  1604  1617 W android.os.Debug: failed to get memory consumption info: -1
07-01 17:04:18.601  1604  1621 I WifiService: requestActivityInfo uid=1000
07-01 17:04:18.601  1604  1621 I WifiService: reportActivityInfo uid=1000
07-01 17:04:18.601  1604  1621 I WifiService: getSupportedFeatures uid=1000
07-01 17:04:18.623  1604  1617 E memtrack: Couldn't load memtrack module
07-01 17:04:18.623  1604  1617 W android.os.Debug: failed to get memory consumption info: -1
07-01 17:04:18.670 18156 18166 I zygote  : Background concurrent copying GC freed 296547(6MB) AllocSpace objects, 0(0B) LOS objects, 20% free, 23MB/29MB, paused 1.623ms total 306.752ms
--------- beginning of system
07-01 17:04:19.522  1604  1614 I ActivityManager: START u0 {act=android.intent.action.MAIN cat=[android.intent.category.HOME] flg=0x10000000 cmp=com.google.android.apps.nexuslauncher/.NexusLauncherActivity} from uid 2000
07-01 17:04:19.575  1604  4624 I GnssLocationProvider: WakeLock acquired by sendMessage(SET_REQUEST, 0, com.android.server.location.GnssLocationProvider$GpsRequest@566e92c)
07-01 17:04:19.585  1402  1440 D gralloc_ranchu: gralloc_alloc: Creating ashmem region of size 8298496
07-01 17:04:19.596  1604  1617 I GnssLocationProvider: WakeLock released by handleMessage(SET_REQUEST, 0, com.android.server.location.GnssLocationProvider$GpsRequest@566e92c)
07-01 17:04:19.603 18156 18156 D net.osmand: Disable sensor
07-01 17:04:19.657  1402  1440 D gralloc_ranchu: gralloc_alloc: Creating ashmem region of size 8298496
07-01 17:04:19.722  1402  1440 D gralloc_ranchu: gralloc_alloc: Creating ashmem region of size 8298496
07-01 17:04:19.759 18156 18156 I net.osmand: MapRenderRepositories RENDER MAP: Interrupt rendering map
07-01 17:04:19.784  1412  1412 D SurfaceFlinger: duplicate layer name: changing com.google.android.apps.nexuslauncher/com.google.android.apps.nexuslauncher.NexusLauncherActivity to com.google.android.apps.nexuslauncher/com.google.android.apps.nexuslauncher.NexusLauncherActivity#1
07-01 17:04:19.823  1402  1440 D gralloc_ranchu: gralloc_alloc: Creating ashmem region of size 8298496
07-01 17:04:19.875  1402  1440 D gralloc_ranchu: gralloc_alloc: Creating ashmem region of size 8298496
07-01 17:04:19.923 18156 18192 D EGL_emulation: eglMakeCurrent: 0xa5805720: ver 2 0 (tinfo 0xa5803380)
07-01 17:04:19.929  1402  1440 D gralloc_ranchu: gralloc_alloc: Creating ashmem region of size 8298496
07-01 17:04:20.004  9593  9643 D EGL_emulation: eglMakeCurrent: 0xa5805ba0: ver 2 0 (tinfo 0xa58033e0)
07-01 17:04:20.051  9593  9593 W ThreadPoolDumper: Queue length for executor EventBus is now 11. Perhaps some tasks are too long, or the pool is too small.
07-01 17:04:20.076  2061  2124 D EGL_emulation: eglMakeCurrent: 0xa5806680: ver 2 0 (tinfo 0xa5803c60)
07-01 17:04:20.215  1402  1440 D gralloc_ranchu: gralloc_alloc: Creating ashmem region of size 8298496
07-01 17:04:20.266  9593  9649 W SessionLifecycleManager: Handover failed. Creating new session controller.
07-01 17:04:20.303  1707  1933 D EGL_emulation: eglMakeCurrent: 0x91a91b00: ver 2 0 (tinfo 0x91b96990)
07-01 17:04:20.311  1412  1412 E EGL_emulation: tid 1412: eglCreateSyncKHR(1962): error 0x3004 (EGL_BAD_ATTRIBUTE)
07-01 17:04:20.400  1970  1970 I GeofencerStateMachine: sendNewLocationAvailability: availability=LocationAvailability[isLocationAvailable: true]
07-01 17:04:20.478  1707  1933 D EGL_emulation: eglMakeCurrent: 0x91a91b00: ver 2 0 (tinfo 0x91b96990)
07-01 17:04:20.500  1707  1933 D EGL_emulation: eglMakeCurrent: 0x91a91b00: ver 2 0 (tinfo 0x91b96990)
07-01 17:04:20.673  2061  2124 W OpenGLRenderer: Incorrectly called buildLayer on View: ShortcutAndWidgetContainer, destroying layer...
07-01 17:04:20.673  2061  2124 W OpenGLRenderer: Incorrectly called buildLayer on View: ShortcutAndWidgetContainer, destroying layer...
07-01 17:04:20.770 18156 23114 E FA      : Task exception on worker thread: java.lang.IllegalAccessError: Method 'void android.support.v4.content.ContextCompat.<init>()' is inaccessible to class 'com.google.firebase.iid.zzg' (declaration of 'com.google.firebase.iid.zzg' appears in /data/app/net.osmand-3e2027wrPNiMXbTSfYMHIA==/base.apk): com.google.android.gms.measurement.internal.zzt.zzEd(Unknown Source:3)
07-01 17:04:20.850  1604  5450 I WifiService: getWifiEnabledState uid=10032
07-01 17:04:20.961  1707  1933 D EGL_emulation: eglMakeCurrent: 0x91a91b00: ver 2 0 (tinfo 0x91b96990)
07-01 17:04:21.015  1604  5450 I WifiService: getWifiEnabledState uid=10032
07-01 17:04:21.034  9593 22972 W LocationOracle: No location history returned by ContextManager
07-01 17:04:21.156  9593  9649 I MicroDetectionWorker: #startMicroDetector [speakerMode: 0]
07-01 17:04:21.160  9593  9649 W ErrorReporter: reportError [type: 211, code: 393244, bug: 0]: errorCode: 393244, engine: 0
07-01 17:04:21.162  9593  9649 I MicroDetector: Keeping mic open: false
07-01 17:04:21.162  9593  9649 I MicroDetectionWorker: #onError(false)
07-01 17:04:21.225  1707  1729 I zygote  : NativeAlloc concurrent copying GC freed 39318(2MB) AllocSpace objects, 0(0B) LOS objects, 49% free, 5MB/10MB, paused 16.341ms total 781.022ms
07-01 17:04:21.295  1970  1970 I GeofencerStateMachine: sendNewLocationAvailability: availability=LocationAvailability[isLocationAvailable: true]
07-01 17:04:21.403  1970  1970 I GeofencerStateMachine: removeGeofences: removeRequest=RemoveGeofencingRequest[REMOVE_BY_PENDING_INTENT pendingIntent=PendingIntent[creatorPackage=com.google.android.gms], packageName=com.google.android.gms]
07-01 17:04:21.418  1970  1970 I GeofencerStateMachine: removeGeofences: removeRequest=RemoveGeofencingRequest[REMOVE_BY_PENDING_INTENT pendingIntent=PendingIntent[creatorPackage=com.google.android.gms], packageName=com.google.android.gms]
07-01 17:04:21.448  1970  1984 I zygote  : Waiting for a blocking GC ProfileSaver
07-01 17:04:21.460  1970  1970 I GeofencerStateMachine: removeGeofences: removeRequest=RemoveGeofencingRequest[REMOVE_BY_PENDING_INTENT pendingIntent=PendingIntent[creatorPackage=com.google.android.gms], packageName=com.google.android.gms]
07-01 17:04:21.474  1604  1614 D WificondControl: Scan result ready event
07-01 17:04:21.580  1970 23101 W ctxmgr  : [AclManager] No 3 for (accnt=account#1066226748#, com.google.android.gms(10014):UserVelocityProducer, vrsn=17785022, 0, 3pPkg = null ,  3pMdlId = null ,  pid = 1970). Was: 2 for 1, account#1066226748# [CONTEXT service_id=47 ]
07-01 17:04:21.598  1604  4624 I WifiService: releaseWifiLock uid=10014
07-01 17:04:21.700  1970  1980 I zygote  : Background concurrent copying GC freed 150822(6MB) AllocSpace objects, 12(852KB) LOS objects, 38% free, 9MB/15MB, paused 3.158ms total 293.712ms
07-01 17:04:21.701  1970  1984 I zygote  : WaitForGcToComplete blocked ProfileSaver on HeapTrim for 252.615ms
07-01 17:04:21.823  9593 22967 E PlaceStateUpdater: Received no places
07-01 17:04:21.894  1970  1970 I GeofencerStateMachine: removeGeofences: removeRequest=RemoveGeofencingRequest[REMOVE_BY_PENDING_INTENT pendingIntent=PendingIntent[creatorPackage=com.google.android.gms], packageName=com.google.android.gms]
07-01 17:04:21.906  1970  1970 I GeofencerStateMachine: removeGeofences: removeRequest=RemoveGeofencingRequest[REMOVE_BY_PENDING_INTENT pendingIntent=PendingIntent[creatorPackage=com.google.android.gms], packageName=com.google.android.gms]
07-01 17:04:21.928  1970 23101 I ctxmgr  : [ProducerStatusImpl] updateStateForNewContextData: inactive, contextName=7 [CONTEXT service_id=47 ]
07-01 17:04:21.953  1604  1613 I zygote  : NativeAlloc concurrent copying GC freed 10286(784KB) AllocSpace objects, 3(60KB) LOS objects, 13% free, 37MB/43MB, paused 1.614ms total 1.082s
07-01 17:04:21.964  1970 23143 I PlaceInferenceEngine: [anon] Changed inference mode: 0
07-01 17:04:21.978  1970 23143 I PlaceInferenceEngine: [account#1066226748] Changed inference mode: 0
07-01 17:04:22.088  9593 22972 E PlaceStateUpdater: Received no places
07-01 17:04:22.197  1970 23143 I Places  : ?: PlacesBleScanner start() with priority 2
07-01 17:04:22.198  1970 23143 I PlaceInferenceEngine: [anon] Changed inference mode: 1
07-01 17:04:22.198  1970 23143 I PlaceInferenceEngine: [account#1066226748] Changed inference mode: 1
07-01 17:04:22.223  1970 23143 I Places  : Converted 1 out of 1 WiFi scans
07-01 17:04:22.233  1604  4624 I WifiService: getConnectionInfo uid=10014
07-01 17:04:22.261  1970 23143 I PlaceInferenceEngine: [account#1066226748] Changed inference mode: 1
07-01 17:04:22.261  1970 23143 I PlaceInferenceEngine: [anon] Changed inference mode: 1
07-01 17:04:22.280  1970  1970 E BeaconBle: Missing BluetoothAdapter
07-01 17:04:22.280  1970  1970 I BeaconBle: BLE 'KK+' software access layer enabled
07-01 17:04:22.346  1970  1970 I BeaconBle: Client requested scan, settings=BleSettings [scanMode=ZERO_POWER, callbackType=ALL_MATCHES, reportDelayMillis=0, 1 filters, 0 clients, callingClientName=Places]
07-01 17:04:22.347  1970  1970 I BeaconBle: Scan : No clients left, canceling alarm.
07-01 17:04:22.348  1970  1970 E BeaconBle: Scan couldn't start for Places
07-01 17:04:22.348  1970  1970 W Places  : BLE failure while scanning - code 5
07-01 17:04:22.646  1970 23101 I PlaceInferenceEngine: No beacon scan available - ignoring candidates.
07-01 17:04:22.832  1970 23101 I PlaceInferenceEngine: No beacon scan available - ignoring candidates.
07-01 17:04:22.891  1970  1980 I zygote  : Background concurrent copying GC freed 71858(3MB) AllocSpace objects, 29(1784KB) LOS objects, 35% free, 11MB/17MB, paused 904us total 264.605ms
07-01 17:04:23.070  1604  1853 I ActivityManager: Force stopping com.skgames.trafficrider appid=10081 user=0: from pid 23152
07-01 17:04:23.115  1836  1836 D CarrierSvcBindHelper: No carrier app for: 0
07-01 17:04:23.390  1604  1613 I zygote  : NativeAlloc concurrent copying GC freed 8940(590KB) AllocSpace objects, 0(0B) LOS objects, 13% free, 37MB/43MB, paused 1.344ms total 465.007ms
07-01 17:04:23.533  1604  1614 I ActivityManager: Force stopping com.EvilChaotic.ModernWarplanes appid=10082 user=0: from pid 23156
07-01 17:04:23.551  1836  1836 D CarrierSvcBindHelper: No carrier app for: 0
07-01 17:04:23.915  1604  1853 I ActivityManager: Force stopping com.ea.games.r3_row appid=10083 user=0: from pid 23160
07-01 17:04:24.313  1604  2170 W ActivityManager: Invalid packageName: android.media.action.IMAGE_CAPTURE
07-01 17:04:23.947  1836  1836 D CarrierSvcBindHelper: No carrier app for: 0
07-01 17:04:24.938  1970  1970 I GeofencerStateMachine: sendQueryLocationOptIn
07-01 17:04:24.959  1604  1617 I GnssLocationProvider: WakeLock acquired by sendMessage(ENABLE, 0, null)
07-01 17:04:24.970  1604  1618 W BroadcastQueue: Background execution not allowed: receiving Intent { act=android.location.PROVIDERS_CHANGED flg=0x10 } to com.google.android.apps.maps/com.google.android.apps.gmm.locationsharing.usr.LocationAvailabilityChecker$LocationProvidersChangedBroadcastReceiver
07-01 17:04:24.977  1604  1618 W BroadcastQueue: Background execution not allowed: receiving Intent { act=android.location.PROVIDERS_CHANGED flg=0x10 } to com.google.android.gms/com.google.android.location.internal.NlpNetworkProviderSettingsUpdateReceiver
07-01 17:04:24.978  1604  1618 W BroadcastQueue: Background execution not allowed: receiving Intent { act=android.location.PROVIDERS_CHANGED flg=0x10 } to com.google.android.gms/.chimera.GmsIntentOperationService$PersistentTrustedReceiver
07-01 17:04:24.990  1604  1618 W BroadcastQueue: Background execution not allowed: receiving Intent { act=android.location.PROVIDERS_CHANGED flg=0x10 } to com.google.android.googlequicksearchbox/com.google.android.apps.gsa.broadcastreceiver.external.ExternalCommonBroadcastReceiver
07-01 17:04:24.995  1604  1618 W BroadcastQueue: Background execution not allowed: receiving Intent { act=android.location.MODE_CHANGED flg=0x10 } to com.google.android.apps.maps/com.google.android.apps.gmm.locationsharing.usr.LocationAvailabilityChecker$LocationProvidersChangedBroadcastReceiver
07-01 17:04:25.017  1604  1604 D GpsNetInitiatedHandler: location enabled :false
07-01 17:04:25.025  1970  2396 I GeofencerStateMachine: GPS disabled.
07-01 17:04:25.026  1604  1618 W BroadcastQueue: Background execution not allowed: receiving Intent { act=android.location.MODE_CHANGED flg=0x10 } to com.google.android.gms/.chimera.GmsIntentOperationService$PersistentTrustedReceiver
07-01 17:04:25.039  1604  1617 I GnssLocationProvider: WakeLock released by handleMessage(ENABLE, 0, null)
07-01 17:04:25.076  1402  1440 D gralloc_ranchu: gralloc_alloc: Creating ashmem region of size 724992
07-01 17:04:25.097  1402  1440 I chatty  : uid=1000(system) HwBinder:1402_2 identical 1 line
07-01 17:04:25.105  1402  1440 D gralloc_ranchu: gralloc_alloc: Creating ashmem region of size 724992
07-01 17:04:25.107  1970 23175 I GCoreUlr: Starting service, intent=Intent { act=com.google.android.location.reporting.ACTION_UPDATE_WORLD cmp=com.google.android.gms/com.google.android.location.reporting.service.DispatchingService (has extras) }, extras=Bundle[{receiverAction=android.location.PROVIDERS_CHANGED}]
07-01 17:04:25.112  1604  4624 W ActivityManager: Unable to start service Intent { act=com.google.android.gms.nearby.discovery:ACTION_PERMISSION_CHANGE cmp=com.google.android.gms/.nearby.discovery.service.DiscoveryService } U=0: not found
07-01 17:04:25.163 18156 18192 D EGL_emulation: eglMakeCurrent: 0xa5805720: ver 2 0 (tinfo 0xa5803380)
07-01 17:04:25.215  1970  1970 E BluetoothAdapter: Bluetooth binder is null
07-01 17:04:25.264  1970 23146 I GCoreUlr: WorldUpdater received intent Intent { act=com.google.android.location.reporting.ACTION_UPDATE_WORLD cmp=com.google.android.gms/com.google.android.location.reporting.service.DispatchingService (has extras) } with receiverAction android.location.PROVIDERS_CHANGED
07-01 17:04:25.313  1970 23146 I GCoreUlr: WorldUpdater:android.location.PROVIDERS_CHANGED: Ensuring that reporting is stopped because of reasons: {account#8#=[InactiveReason{mIdentifier=6, mName='ReportingNotEnabled'}, InactiveReason{mIdentifier=14, mName='HistoryNotEnabled'}]}
07-01 17:04:25.336  1970 23146 I GCoreUlr: Unbound from all signal providers.
07-01 17:04:25.337  1970 23101 I GCoreUlr: Successfully accounts update
07-01 17:04:25.367  1970 23146 I GCoreUlr: DispatchingService ignoring Intent { act=android.net.wifi.WIFI_STATE_CHANGED flg=0x4000010 (has extras) } because ULR inactive
07-01 17:04:25.400  1970  1970 I GCoreUlr: Unbound from all signal providers.
07-01 17:04:25.400  1970  1970 I GCoreUlr: Stopping handler for UlrDispSvcFast
07-01 17:04:25.402  1970 23101 I GCoreUlr: Successfully accounts update
07-01 17:04:26.042  1836  1836 D ServiceStateProvider: subId=1
07-01 17:04:26.104  1604  1682 I WifiService: getConnectionInfo uid=1000
07-01 17:04:26.107  1836  1836 D TelephonyProvider: subIdString = 1 subId = 1
07-01 17:04:26.162  1604  1675 D RecurrenceRule: Resolving using anchor 2019-07-01T21:04:26.160Z[GMT]
07-01 17:04:26.185  9593  9649 I MicroDetectionWorker: #startMicroDetector [speakerMode: 0]
07-01 17:04:26.198  1604  1675 D RecurrenceRule: Resolving using anchor 2019-07-01T21:04:26.198Z[GMT]
07-01 17:04:26.201  1604  1675 D RecurrenceRule: Cycle 17 from 2019-06-09T00:00Z[GMT] to 2019-07-09T00:00Z[GMT]
07-01 17:04:26.202  1604  1675 D NetworkStats: Resolving plan for NetworkTemplate: matchRule=MOBILE_ALL, subscriberId=310260..., matchSubscriberIds=[310260...]
07-01 17:04:26.203  1604  1675 D NetworkStats: Found active matching subId 1
07-01 17:04:26.206  1836  1836 D TelephonyProvider: subIdString = 1 subId = 1
07-01 17:04:26.210  1604  1675 D NetworkStats: Resolved to plan null
07-01 17:04:26.213  9593  9649 W ErrorReporter: reportError [type: 211, code: 393244, bug: 0]: errorCode: 393244, engine: 0
07-01 17:04:26.215  9593  9649 I MicroDetector: Keeping mic open: false
07-01 17:04:26.215  9593  9649 I MicroDetectionWorker: #onError(false)
07-01 17:04:26.236  1836  1836 D TelephonyProvider: subIdString = 1 subId = 1
07-01 17:04:26.341  1836  1836 I chatty  : uid=1001(radio) com.android.phone identical 5 lines
07-01 17:04:26.355  1836  1836 D TelephonyProvider: subIdString = 1 subId = 1
07-01 17:04:27.484 23184 23184 D AndroidRuntime: >>>>>> START com.android.internal.os.RuntimeInit uid 2000 <<<<<<
07-01 17:04:27.497 23184 23184 W app_process: Could not reserve sentinel fault page
07-01 17:04:27.656 23184 23184 W app_process: Unexpected CPU variant for X86 using defaults: x86
07-01 17:04:27.662 23184 23184 I app_process: The ClassLoaderContext is a special shared library.
07-01 17:04:27.740 23184 23184 D AndroidRuntime: Calling main entry com.android.commands.monkey.Monkey
07-01 17:04:27.753 23184 23184 W Monkey  : args: [-p, net.osmand, -c, android.intent.category.LAUNCHER, 1]
07-01 17:04:27.759 23184 23184 W Monkey  :  arg: "-p"
07-01 17:04:27.759 23184 23184 W Monkey  :  arg: "net.osmand"
07-01 17:04:27.760 23184 23184 W Monkey  :  arg: "-c"
07-01 17:04:27.760 23184 23184 W Monkey  :  arg: "android.intent.category.LAUNCHER"
07-01 17:04:27.760 23184 23184 W Monkey  :  arg: "1"
07-01 17:04:27.760 23184 23184 W Monkey  : data="net.osmand"
07-01 17:04:27.761 23184 23184 W Monkey  : data="android.intent.category.LAUNCHER"
07-01 17:04:27.806  1604  1618 W BroadcastQueue: Skipping deliver [background] BroadcastRecord{fbf8b5a u-1 android.net.conn.CONNECTIVITY_CHANGE} to ReceiverList{29ff18b 23184 (unknown name)/2000/u-1 remote:3a21a7c}: process gone or crashing
07-01 17:04:27.859  1604  2170 I ActivityManager: START u0 {act=android.intent.action.MAIN cat=[android.intent.category.LAUNCHER] flg=0x10200000 cmp=net.osmand/.plus.activities.MapActivity} from uid 2000
07-01 17:04:27.860  1604  2170 W Binder  : Outgoing transactions from this process must be FLAG_ONEWAY
07-01 17:04:27.860  1604  2170 W Binder  : java.lang.Throwable
07-01 17:04:27.860  1604  2170 W Binder  : 	at android.os.BinderProxy.transact(Binder.java:752)
07-01 17:04:27.860  1604  2170 W Binder  : 	at android.app.IActivityController$Stub$Proxy.activityStarting(IActivityController.java:172)
07-01 17:04:27.860  1604  2170 W Binder  : 	at com.android.server.am.ActivityStarter.startActivity(ActivityStarter.java:449)
07-01 17:04:27.860  1604  2170 W Binder  : 	at com.android.server.am.ActivityStarter.startActivityLocked(ActivityStarter.java:278)
07-01 17:04:27.860  1604  2170 W Binder  : 	at com.android.server.am.ActivityStarter.startActivityMayWait(ActivityStarter.java:817)
07-01 17:04:27.860  1604  2170 W Binder  : 	at com.android.server.am.ActivityManagerService.startActivityAsUser(ActivityManagerService.java:4532)
07-01 17:04:27.860  1604  2170 W Binder  : 	at com.android.server.am.ActivityManagerService.startActivity(ActivityManagerService.java:4519)
07-01 17:04:27.860  1604  2170 W Binder  : 	at android.app.IActivityManager$Stub.onTransact(IActivityManager.java:121)
07-01 17:04:27.860  1604  2170 W Binder  : 	at com.android.server.am.ActivityManagerService.onTransact(ActivityManagerService.java:2919)
07-01 17:04:27.860  1604  2170 W Binder  : 	at android.os.Binder.execTransact(Binder.java:697)
07-01 17:04:27.912  1402  1440 D gralloc_ranchu: gralloc_alloc: Creating ashmem region of size 8298496
07-01 17:04:27.947  1412  1412 E EGL_emulation: tid 1412: eglCreateSyncKHR(1962): error 0x3004 (EGL_BAD_ATTRIBUTE)
07-01 17:04:27.956  1604  1651 W LocalDisplayAdapter: Unable to find color mode 0, ignoring request.
07-01 17:04:27.989 23184 23184 I Monkey  : Events injected: 1
07-01 17:04:28.006  1604  1614 I ActivityManager: Config changes=480 {1.0 310mcc260mnc [en_US] ldltr sw411dp w683dp h387dp 420dpi nrml land finger qwerty/v/v -nav/h appBounds=Rect(126, 0 - 1920, 1080) s.19}
07-01 17:04:28.246  1604  1614 I ActivityManager: Override config changes=480 {1.0 310mcc260mnc [en_US] ldltr sw411dp w683dp h387dp 420dpi nrml land finger qwerty/v/v -nav/h appBounds=Rect(126, 0 - 1920, 1080) s.19} for displayId=0
07-01 17:04:28.335  1604  1614 W LocalDisplayAdapter: Unable to find color mode 0, ignoring request.
07-01 17:04:28.362 23184 23184 I Monkey  : ## Network stats: elapsed time=467ms (0ms mobile, 0ms wifi, 467ms not connected)
07-01 17:04:28.365  1412  1667 E BufferQueueProducer: [SnapshotStartingWindow for taskId=27#0] connect: BufferQueue has been abandoned
07-01 17:04:28.365  1604  1619 W Looper  : Dispatch took 362ms on android.ui, h=Handler (com.android.server.am.ActivityManagerService$UiHandler) {63b7718} cb=null msg=31
07-01 17:04:28.370  1604  1651 W WindowManager: Exception when adding starting window
07-01 17:04:28.370  1604  1651 W WindowManager: java.lang.RuntimeException: Failed to attach and queue buffer to Surface (bad object?)
07-01 17:04:28.370  1604  1651 W WindowManager: 	at android.view.Surface.attachAndQueueBuffer(Surface.java:616)
07-01 17:04:28.370  1604  1651 W WindowManager: 	at com.android.server.wm.TaskSnapshotSurface.drawSizeMatchSnapshot(TaskSnapshotSurface.java:299)
07-01 17:04:28.370  1604  1651 W WindowManager: 	at com.android.server.wm.TaskSnapshotSurface.drawSnapshot(TaskSnapshotSurface.java:286)
07-01 17:04:28.370  1604  1651 W WindowManager: 	at com.android.server.wm.TaskSnapshotSurface.create(TaskSnapshotSurface.java:222)
07-01 17:04:28.370  1604  1651 W WindowManager: 	at com.android.server.wm.TaskSnapshotController.createStartingSurface(TaskSnapshotController.java:203)
07-01 17:04:28.370  1604  1651 W WindowManager: 	at com.android.server.wm.SnapshotStartingData.createStartingSurface(SnapshotStartingData.java:39)
07-01 17:04:28.370  1604  1651 W WindowManager: 	at com.android.server.wm.AppWindowContainerController.lambda$-com_android_server_wm_AppWindowContainerController_4735(AppWindowContainerController.java:145)
07-01 17:04:28.370  1604  1651 W WindowManager: 	at com.android.server.wm.-$Lambda$aEpJ2RCAIjecjyIIYTv6ricEwh4.$m$4(Unknown Source:4)
07-01 17:04:28.370  1604  1651 W WindowManager: 	at com.android.server.wm.-$Lambda$aEpJ2RCAIjecjyIIYTv6ricEwh4.run(Unknown Source:27)
07-01 17:04:28.370  1604  1651 W WindowManager: 	at android.os.Handler.handleCallback(Handler.java:790)
07-01 17:04:28.370  1604  1651 W WindowManager: 	at android.os.Handler.dispatchMessage(Handler.java:99)
07-01 17:04:28.370  1604  1651 W WindowManager: 	at android.os.Looper.loop(Looper.java:164)
07-01 17:04:28.370  1604  1651 W WindowManager: 	at android.os.HandlerThread.run(HandlerThread.java:65)
07-01 17:04:28.370  1604  1651 W WindowManager: 	at com.android.server.ServiceThread.run(ServiceThread.java:46)
07-01 17:04:28.385  1604  1617 E memtrack: Couldn't load memtrack module
07-01 17:04:28.385  1604  1617 W android.os.Debug: failed to get memory consumption info: -1
07-01 17:04:28.410  1604  1666 I InputReader: Reconfiguring input devices.  changes=0x00000004
07-01 17:04:28.410  1604  1666 I InputReader: Device reconfigured: id=0, name='qwerty2', size 1080x1920, orientation 3, mode 1, display id 0
07-01 17:04:28.456 23184 23184 I com.android.commands.monkey: System.exit called, status: 0
07-01 17:04:28.456 23184 23184 I AndroidRuntime: VM exiting with result code 0.
07-01 17:04:28.459 18156 18156 D InAppPurchaseHelper: Destroying helper.
07-01 17:04:28.460  1604  1666 I InputReader: Reconfiguring input devices.  changes=0x00000004
07-01 17:04:28.586  1604  1619 W Looper  : Dispatch took 207ms on android.ui, h=Handler (com.android.server.policy.PhoneWindowManager$PolicyHandler) {35d3375} cb=android.database.ContentObserver$NotificationRunnable@f3b49bd msg=0
07-01 17:04:28.461  1604  1666 I chatty  : uid=1000(system) InputReader identical 1 line
07-01 17:04:28.543  1604  1666 I InputReader: Reconfiguring input devices.  changes=0x00000004
07-01 17:04:28.655  2061  2124 D EGL_emulation: eglMakeCurrent: 0xa5806680: ver 2 0 (tinfo 0xa5803c60)
07-01 17:04:28.728  1412  1468 E SurfaceFlinger: Permission Denial: can't openGlobalTransaction pid=18156, uid<=10104
07-01 17:04:28.729 18156 18156 E BpSurfaceComposerClient: Failed to transact (-1)
07-01 17:04:28.733  1412  1468 E SurfaceFlinger: Permission Denial: can't openGlobalTransaction pid=18156, uid<=10104
07-01 17:04:28.735 18156 18156 E BpSurfaceComposerClient: Failed to transact (-1)
07-01 17:04:28.846 18156 18156 W ResourceType: ResTable_typeSpec entry count inconsistent: given 5115, previously 5124
07-01 17:04:28.846 18156 18156 W ResourceType: ResTable_typeSpec entry count inconsistent: given 142, previously 459
07-01 17:04:28.853 18156 18156 W ResourceType: For resource 0x7f0e00c0, entry index(192) is beyond type entryCount(142)
07-01 17:04:28.855 18156 18156 W ResourceType: For resource 0x7f0e00d1, entry index(209) is beyond type entryCount(142)
07-01 17:04:28.855 18156 18156 W ResourceType: For resource 0x7f0e00cb, entry index(203) is beyond type entryCount(142)
07-01 17:04:28.856 18156 18156 W ResourceType: For resource 0x7f0e014d, entry index(333) is beyond type entryCount(142)
07-01 17:04:28.856 18156 18156 W ResourceType: For resource 0x7f0e00dd, entry index(221) is beyond type entryCount(142)
07-01 17:04:28.856 18156 18156 W ResourceType: For resource 0x7f0e00e4, entry index(228) is beyond type entryCount(142)
07-01 17:04:28.857 18156 18156 W ResourceType: For resource 0x7f0e00c4, entry index(196) is beyond type entryCount(142)
07-01 17:04:28.860 18156 18156 W ResourceType: For resource 0x7f0e013f, entry index(319) is beyond type entryCount(142)
07-01 17:04:28.860 18156 18156 W ResourceType: For resource 0x7f0e00dc, entry index(220) is beyond type entryCount(142)
07-01 17:04:28.860 18156 18156 W ResourceType: For resource 0x7f0e00e3, entry index(227) is beyond type entryCount(142)
07-01 17:04:28.883  1604  1604 W WindowManager: removeWindowToken: Attempted to remove non-existing token: android.os.Binder@88f9076
07-01 17:04:28.928 18156 18156 W ResourceType: For resource 0x7f0e01c4, entry index(452) is beyond type entryCount(142)
07-01 17:04:28.928 18156 18156 W ResourceType: For resource 0x7f0e01c4, entry index(452) is beyond type entryCount(142)
07-01 17:04:28.928 18156 18156 W ResourceType: For resource 0x7f0e0183, entry index(387) is beyond type entryCount(142)
07-01 17:04:28.928 18156 18156 W ResourceType: For resource 0x7f0e0187, entry index(391) is beyond type entryCount(142)
07-01 17:04:28.928 18156 18156 W ResourceType: For resource 0x7f0e0185, entry index(389) is beyond type entryCount(142)
07-01 17:04:28.928 18156 18156 W ResourceType: For resource 0x7f0e015d, entry index(349) is beyond type entryCount(142)
07-01 17:04:28.928 18156 18156 W ResourceType: For resource 0x7f0e0195, entry index(405) is beyond type entryCount(142)
07-01 17:04:28.955 18156 18156 W ResourceType: For resource 0x7f0e016c, entry index(364) is beyond type entryCount(142)
07-01 17:04:28.956 18156 18156 W ResourceType: For resource 0x7f0e0163, entry index(355) is beyond type entryCount(142)
07-01 17:04:28.956 18156 18156 W ResourceType: For resource 0x7f0e00db, entry index(219) is beyond type entryCount(142)
07-01 17:04:28.956 18156 18156 W ResourceType: For resource 0x7f0e0193, entry index(403) is beyond type entryCount(142)
07-01 17:04:28.956 18156 18156 W ResourceType: For resource 0x7f0e016f, entry index(367) is beyond type entryCount(142)
07-01 17:04:28.956 18156 18156 W ResourceType: For resource 0x7f0e0161, entry index(353) is beyond type entryCount(142)
07-01 17:04:28.956 18156 18156 W ResourceType: For resource 0x7f0e0170, entry index(368) is beyond type entryCount(142)
07-01 17:04:28.956 18156 18156 W ResourceType: For resource 0x7f0e0174, entry index(372) is beyond type entryCount(142)
07-01 17:04:28.958 18156 18156 I chatty  : uid=10104(net.osmand) identical 2 lines
07-01 17:04:28.958 18156 18156 W ResourceType: For resource 0x7f0e0174, entry index(372) is beyond type entryCount(142)
07-01 17:04:28.958 18156 18156 W ResourceType: For resource 0x7f0e0177, entry index(375) is beyond type entryCount(142)
07-01 17:04:28.958 18156 18156 W ResourceType: For resource 0x7f0e0160, entry index(352) is beyond type entryCount(142)
07-01 17:04:28.958 18156 18156 W ResourceType: For resource 0x7f0e0199, entry index(409) is beyond type entryCount(142)
07-01 17:04:28.958 18156 18156 W ResourceType: For resource 0x7f0e017e, entry index(382) is beyond type entryCount(142)
07-01 17:04:28.958 18156 18156 W ResourceType: For resource 0x7f0e017f, entry index(383) is beyond type entryCount(142)
07-01 17:04:28.958 18156 18156 W ResourceType: For resource 0x7f0e0196, entry index(406) is beyond type entryCount(142)
07-01 17:04:28.958 18156 18156 W ResourceType: For resource 0x7f0e0197, entry index(407) is beyond type entryCount(142)
07-01 17:04:28.958 18156 18156 W ResourceType: For resource 0x7f0e0140, entry index(320) is beyond type entryCount(142)
07-01 17:04:28.959 18156 18156 W ResourceType: For resource 0x7f0e00e7, entry index(231) is beyond type entryCount(142)
07-01 17:04:28.959 18156 18156 W ResourceType: For resource 0x7f0e0194, entry index(404) is beyond type entryCount(142)
07-01 17:04:28.959 18156 18156 W ResourceType: For resource 0x7f0e01a5, entry index(421) is beyond type entryCount(142)
07-01 17:04:28.959 18156 18156 W ResourceType: For resource 0x7f0e017d, entry index(381) is beyond type entryCount(142)
07-01 17:04:28.959 18156 18156 W ResourceType: For resource 0x7f0e017b, entry index(379) is beyond type entryCount(142)
07-01 17:04:28.959 18156 18156 W ResourceType: For resource 0x7f0e010f, entry index(271) is beyond type entryCount(142)
07-01 17:04:28.959 18156 18156 W ResourceType: For resource 0x7f0e00f8, entry index(248) is beyond type entryCount(142)
07-01 17:04:28.959 18156 18156 W ResourceType: For resource 0x7f0e010f, entry index(271) is beyond type entryCount(142)
07-01 17:04:28.959 18156 18156 W ResourceType: For resource 0x7f0e0122, entry index(290) is beyond type entryCount(142)
07-01 17:04:28.959 18156 18156 W ResourceType: For resource 0x7f0e010b, entry index(267) is beyond type entryCount(142)
07-01 17:04:28.960 18156 18156 W ResourceType: For resource 0x7f0e010c, entry index(268) is beyond type entryCount(142)
07-01 17:04:28.960 18156 18156 W ResourceType: For resource 0x7f0e01ad, entry index(429) is beyond type entryCount(142)
07-01 17:04:28.960 18156 18156 W ResourceType: For resource 0x7f0e01ac, entry index(428) is beyond type entryCount(142)
07-01 17:04:28.972 18156 18156 W ResourceType: For resource 0x7f0e01c4, entry index(452) is beyond type entryCount(142)
07-01 17:04:28.973 18156 18156 W ResourceType: For resource 0x7f0e01c4, entry index(452) is beyond type entryCount(142)
07-01 17:04:28.973 18156 18156 W ResourceType: For resource 0x7f0e0183, entry index(387) is beyond type entryCount(142)
07-01 17:04:28.973 18156 18156 W ResourceType: For resource 0x7f0e0187, entry index(391) is beyond type entryCount(142)
07-01 17:04:28.973 18156 18156 W ResourceType: For resource 0x7f0e0185, entry index(389) is beyond type entryCount(142)
07-01 17:04:28.973 18156 18156 W ResourceType: For resource 0x7f0e015d, entry index(349) is beyond type entryCount(142)
07-01 17:04:28.973 18156 18156 W ResourceType: For resource 0x7f0e0195, entry index(405) is beyond type entryCount(142)
07-01 17:04:28.974 18156 18156 W ResourceType: For resource 0x7f0e016c, entry index(364) is beyond type entryCount(142)
07-01 17:04:28.974 18156 18156 W ResourceType: For resource 0x7f0e0163, entry index(355) is beyond type entryCount(142)
07-01 17:04:28.974 18156 18156 W ResourceType: For resource 0x7f0e00db, entry index(219) is beyond type entryCount(142)
07-01 17:04:28.977 18156 18156 W ResourceType: For resource 0x7f0e0193, entry index(403) is beyond type entryCount(142)
07-01 17:04:28.977 18156 18156 W ResourceType: For resource 0x7f0e016f, entry index(367) is beyond type entryCount(142)
07-01 17:04:28.977 18156 18156 W ResourceType: For resource 0x7f0e0161, entry index(353) is beyond type entryCount(142)
07-01 17:04:28.977 18156 18156 W ResourceType: For resource 0x7f0e0170, entry index(368) is beyond type entryCount(142)
07-01 17:04:28.977 18156 18156 W ResourceType: For resource 0x7f0e0174, entry index(372) is beyond type entryCount(142)
07-01 17:04:28.977 18156 18156 I chatty  : uid=10104(net.osmand) identical 2 lines
07-01 17:04:28.977 18156 18156 W ResourceType: For resource 0x7f0e0174, entry index(372) is beyond type entryCount(142)
07-01 17:04:28.978 18156 18156 W ResourceType: For resource 0x7f0e0177, entry index(375) is beyond type entryCount(142)
07-01 17:04:28.978 18156 18156 W ResourceType: For resource 0x7f0e0160, entry index(352) is beyond type entryCount(142)
07-01 17:04:28.978 18156 18156 W ResourceType: For resource 0x7f0e0199, entry index(409) is beyond type entryCount(142)
07-01 17:04:28.979 18156 18156 W ResourceType: For resource 0x7f0e017e, entry index(382) is beyond type entryCount(142)
07-01 17:04:28.979 18156 18156 W ResourceType: For resource 0x7f0e017f, entry index(383) is beyond type entryCount(142)
07-01 17:04:28.979 18156 18156 W ResourceType: For resource 0x7f0e0196, entry index(406) is beyond type entryCount(142)
07-01 17:04:28.979 18156 18156 W ResourceType: For resource 0x7f0e0197, entry index(407) is beyond type entryCount(142)
07-01 17:04:28.979 18156 18156 W ResourceType: For resource 0x7f0e0140, entry index(320) is beyond type entryCount(142)
07-01 17:04:28.979 18156 18156 W ResourceType: For resource 0x7f0e00e7, entry index(231) is beyond type entryCount(142)
07-01 17:04:28.979 18156 18156 W ResourceType: For resource 0x7f0e0194, entry index(404) is beyond type entryCount(142)
07-01 17:04:28.979 18156 18156 W ResourceType: For resource 0x7f0e01a5, entry index(421) is beyond type entryCount(142)
07-01 17:04:28.979 18156 18156 W ResourceType: For resource 0x7f0e017d, entry index(381) is beyond type entryCount(142)
07-01 17:04:28.979 18156 18156 W ResourceType: For resource 0x7f0e017b, entry index(379) is beyond type entryCount(142)
07-01 17:04:28.979 18156 18156 W ResourceType: For resource 0x7f0e010f, entry index(271) is beyond type entryCount(142)
07-01 17:04:28.979 18156 18156 W ResourceType: For resource 0x7f0e00f8, entry index(248) is beyond type entryCount(142)
07-01 17:04:28.979 18156 18156 W ResourceType: For resource 0x7f0e010f, entry index(271) is beyond type entryCount(142)
07-01 17:04:28.979 18156 18156 W ResourceType: For resource 0x7f0e0122, entry index(290) is beyond type entryCount(142)
07-01 17:04:28.979 18156 18156 W ResourceType: For resource 0x7f0e010b, entry index(267) is beyond type entryCount(142)
07-01 17:04:28.979 18156 18156 W ResourceType: For resource 0x7f0e010c, entry index(268) is beyond type entryCount(142)
07-01 17:04:28.980 18156 18156 W ResourceType: For resource 0x7f0e01ad, entry index(429) is beyond type entryCount(142)
07-01 17:04:28.980 18156 18156 W ResourceType: For resource 0x7f0e01ac, entry index(428) is beyond type entryCount(142)
07-01 17:04:28.995 18156 18156 W ResourceType: For resource 0x7f0e01c4, entry index(452) is beyond type entryCount(142)
07-01 17:04:28.996 18156 18156 W ResourceType: For resource 0x7f0e01c4, entry index(452) is beyond type entryCount(142)
07-01 17:04:28.996 18156 18156 W ResourceType: For resource 0x7f0e0183, entry index(387) is beyond type entryCount(142)
07-01 17:04:28.997 18156 18156 W ResourceType: For resource 0x7f0e0187, entry index(391) is beyond type entryCount(142)
07-01 17:04:28.997 18156 18156 W ResourceType: For resource 0x7f0e0185, entry index(389) is beyond type entryCount(142)
07-01 17:04:28.997 18156 18156 W ResourceType: For resource 0x7f0e015d, entry index(349) is beyond type entryCount(142)
07-01 17:04:28.997 18156 18156 W ResourceType: For resource 0x7f0e0195, entry index(405) is beyond type entryCount(142)
07-01 17:04:28.997 18156 18156 W ResourceType: For resource 0x7f0e016c, entry index(364) is beyond type entryCount(142)
07-01 17:04:28.998 18156 18156 W ResourceType: For resource 0x7f0e0163, entry index(355) is beyond type entryCount(142)
07-01 17:04:28.998 18156 18156 W ResourceType: For resource 0x7f0e00db, entry index(219) is beyond type entryCount(142)
07-01 17:04:28.998 18156 18156 W ResourceType: For resource 0x7f0e0193, entry index(403) is beyond type entryCount(142)
07-01 17:04:28.998 18156 18156 W ResourceType: For resource 0x7f0e016f, entry index(367) is beyond type entryCount(142)
07-01 17:04:28.998 18156 18156 W ResourceType: For resource 0x7f0e0161, entry index(353) is beyond type entryCount(142)
07-01 17:04:28.999 18156 18156 W ResourceType: For resource 0x7f0e0170, entry index(368) is beyond type entryCount(142)
07-01 17:04:28.999 18156 18156 W ResourceType: For resource 0x7f0e0174, entry index(372) is beyond type entryCount(142)
07-01 17:04:28.999 18156 18156 I chatty  : uid=10104(net.osmand) identical 2 lines
07-01 17:04:28.999 18156 18156 W ResourceType: For resource 0x7f0e0174, entry index(372) is beyond type entryCount(142)
07-01 17:04:29.000 18156 18156 W ResourceType: For resource 0x7f0e0177, entry index(375) is beyond type entryCount(142)
07-01 17:04:29.000 18156 18156 W ResourceType: For resource 0x7f0e0160, entry index(352) is beyond type entryCount(142)
07-01 17:04:29.000 18156 18156 W ResourceType: For resource 0x7f0e0199, entry index(409) is beyond type entryCount(142)
07-01 17:04:29.000 18156 18156 W ResourceType: For resource 0x7f0e017e, entry index(382) is beyond type entryCount(142)
07-01 17:04:29.000 18156 18156 W ResourceType: For resource 0x7f0e017f, entry index(383) is beyond type entryCount(142)
07-01 17:04:29.001 18156 18156 W ResourceType: For resource 0x7f0e0196, entry index(406) is beyond type entryCount(142)
07-01 17:04:29.001 18156 18156 W ResourceType: For resource 0x7f0e0197, entry index(407) is beyond type entryCount(142)
07-01 17:04:29.001 18156 18156 W ResourceType: For resource 0x7f0e0140, entry index(320) is beyond type entryCount(142)
07-01 17:04:29.001 18156 18156 W ResourceType: For resource 0x7f0e00e7, entry index(231) is beyond type entryCount(142)
07-01 17:04:29.001 18156 18156 W ResourceType: For resource 0x7f0e0194, entry index(404) is beyond type entryCount(142)
07-01 17:04:29.001 18156 18156 W ResourceType: For resource 0x7f0e01a5, entry index(421) is beyond type entryCount(142)
07-01 17:04:29.002 18156 18156 W ResourceType: For resource 0x7f0e017d, entry index(381) is beyond type entryCount(142)
07-01 17:04:29.002 18156 18156 W ResourceType: For resource 0x7f0e017b, entry index(379) is beyond type entryCount(142)
07-01 17:04:29.002 18156 18156 W ResourceType: For resource 0x7f0e010f, entry index(271) is beyond type entryCount(142)
07-01 17:04:29.002 18156 18156 W ResourceType: For resource 0x7f0e00f8, entry index(248) is beyond type entryCount(142)
07-01 17:04:29.002 18156 18156 W ResourceType: For resource 0x7f0e010f, entry index(271) is beyond type entryCount(142)
07-01 17:04:29.002 18156 18156 W ResourceType: For resource 0x7f0e0122, entry index(290) is beyond type entryCount(142)
07-01 17:04:29.003 18156 18156 W ResourceType: For resource 0x7f0e010b, entry index(267) is beyond type entryCount(142)
07-01 17:04:29.003 18156 18156 W ResourceType: For resource 0x7f0e010c, entry index(268) is beyond type entryCount(142)
07-01 17:04:29.003 18156 18156 W ResourceType: For resource 0x7f0e01ad, entry index(429) is beyond type entryCount(142)
07-01 17:04:29.003 18156 18156 W ResourceType: For resource 0x7f0e01ac, entry index(428) is beyond type entryCount(142)
07-01 17:04:29.037 18156 18156 W ResourceType: For resource 0x7f0e017f, entry index(383) is beyond type entryCount(142)
07-01 17:04:29.037 18156 18156 W ResourceType: For resource 0x7f0e0091, entry index(145) is beyond type entryCount(142)
07-01 17:04:29.040 18156 18156 I zygote  : Deoptimizing void android.support.v7.widget.AppCompatImageHelper.loadFromAttributes(android.util.AttributeSet, int) due to JIT inline cache
07-01 17:04:29.056  1402  1440 D gralloc_ranchu: gralloc_alloc: Creating ashmem region of size 544768
07-01 17:04:29.063  1701  1701 I KeyboardViewUtil: systemKeyboardHeightRatio:1.000000; userKeyboardHeightRatio:1.000000.
07-01 17:04:29.089 18156 18156 W ResourceType: For resource 0x7f0e016b, entry index(363) is beyond type entryCount(142)
07-01 17:04:29.091  1707  1933 D EGL_emulation: eglMakeCurrent: 0x91a91b00: ver 2 0 (tinfo 0x91b96990)
07-01 17:04:29.105 18156 18156 W ResourceType: For resource 0x7f0e017b, entry index(379) is beyond type entryCount(142)
07-01 17:04:29.113 18156 18156 W ResourceType: For resource 0x7f0e0125, entry index(293) is beyond type entryCount(142)
07-01 17:04:29.132 18156 18156 W ResourceType: For resource 0x7f0e0125, entry index(293) is beyond type entryCount(142)
07-01 17:04:29.156  9593  9643 D EGL_emulation: eglMakeCurrent: 0xa5805ba0: ver 2 0 (tinfo 0xa58033e0)
07-01 17:04:29.160  1402  1440 D gralloc_ranchu: gralloc_alloc: Creating ashmem region of size 544768
07-01 17:04:29.225  1701  1701 I DeviceStatusMonitor: onReceive() : Action = android.intent.action.CONFIGURATION_CHANGED
07-01 17:04:29.225  1701  1701 I ConfigNotification: Get device mode by ui mode:1 and smallestScreenWidthDp:411
07-01 17:04:29.226  1701  1701 I chatty  : uid=10060(com.google.android.inputmethod.latin) identical 2 lines
07-01 17:04:29.226  1701  1701 I ConfigNotification: Get device mode by ui mode:1 and smallestScreenWidthDp:411
07-01 17:04:29.240 18156 18156 W ResourceType: For resource 0x7f0e01a5, entry index(421) is beyond type entryCount(142)
07-01 17:04:29.240 18156 18156 W ResourceType: For resource 0x7f0e00a9, entry index(169) is beyond type entryCount(142)
07-01 17:04:29.246 18156 18156 W ResourceType: For resource 0x7f0e01bc, entry index(444) is beyond type entryCount(142)
07-01 17:04:29.258 18156 18156 W ResourceType: For resource 0x7f0e0132, entry index(306) is beyond type entryCount(142)
07-01 17:04:29.258 18156 18156 W ResourceType: For resource 0x7f0e00f7, entry index(247) is beyond type entryCount(142)
07-01 17:04:29.259 18156 18156 W ResourceType: For resource 0x7f0e0131, entry index(305) is beyond type entryCount(142)
07-01 17:04:29.259 18156 18156 W ResourceType: For resource 0x7f0e010f, entry index(271) is beyond type entryCount(142)
07-01 17:04:29.260 18156 18156 W ResourceType: For resource 0x7f0e0175, entry index(373) is beyond type entryCount(142)
07-01 17:04:29.264 18156 18156 W ResourceType: For resource 0x7f0e0173, entry index(371) is beyond type entryCount(142)
07-01 17:04:29.296 18156 18156 W ResourceType: For resource 0x7f0e011d, entry index(285) is beyond type entryCount(142)
07-01 17:04:29.309 18156 18156 I chatty  : uid=10104(net.osmand) identical 4 lines
07-01 17:04:29.309 18156 18156 W ResourceType: For resource 0x7f0e011d, entry index(285) is beyond type entryCount(142)
07-01 17:04:29.310 18156 18156 W ResourceType: For resource 0x7f0e01ac, entry index(428) is beyond type entryCount(142)
07-01 17:04:29.310 18156 18156 W ResourceType: For resource 0x7f0e00ae, entry index(174) is beyond type entryCount(142)
07-01 17:04:29.310 18156 18156 W ResourceType: For resource 0x7f0e013d, entry index(317) is beyond type entryCount(142)
07-01 17:04:29.310 18156 18156 W ResourceType: For resource 0x7f0e013e, entry index(318) is beyond type entryCount(142)
07-01 17:04:29.343 18156 18156 W ResourceType: For resource 0x7f0e013b, entry index(315) is beyond type entryCount(142)
07-01 17:04:29.347  1604  4624 W LocalDisplayAdapter: Unable to find color mode 0, ignoring request.
07-01 17:04:29.351 18156 18156 I chatty  : uid=10104(net.osmand) identical 9 lines
07-01 17:04:29.351 18156 18156 W ResourceType: For resource 0x7f0e013b, entry index(315) is beyond type entryCount(142)
07-01 17:04:29.353  1604  1666 I InputReader: Reconfiguring input devices.  changes=0x00000004
07-01 17:04:29.364 18156 23197 D net.osmand: DownloadOsmandIndexesHelper Start loading list of index files
07-01 17:04:29.366 18156 23197 I net.osmand: DownloadOsmandIndexesHelper https://download.osmand.net/get_indexes?gzip&osmandver=OsmAnd+3.3.8&nd=45&ns=35&aid=a094dcc565ec90a2
07-01 17:04:29.410  1707  1707 D EGL_emulation: eglCreateContext: 0xad63b5c0: maj 2 min 0 rcv 2
07-01 17:04:29.425  1707  1707 D EGL_emulation: eglMakeCurrent: 0xad63b5c0: ver 2 0 (tinfo 0x916e0300)
07-01 17:04:29.437  1402  1440 D gralloc_ranchu: gralloc_alloc: Creating ashmem region of size 9547776
07-01 17:04:29.481  1707  1707 D EGL_emulation: eglMakeCurrent: 0xad63b5c0: ver 2 0 (tinfo 0x916e0300)
07-01 17:04:29.563  1604  1617 E memtrack: Couldn't load memtrack module
07-01 17:04:29.563  1604  1617 W android.os.Debug: failed to get memory consumption info: -1
07-01 17:04:29.606  1402  1440 D gralloc_ranchu: gralloc_alloc: Creating ashmem region of size 9547776
07-01 17:04:29.725  1707  1707 I Choreographer: Skipped 42 frames!  The application may be doing too much work on its main thread.
07-01 17:04:29.734  1402  1440 D gralloc_ranchu: gralloc_alloc: Creating ashmem region of size 544768
07-01 17:04:29.792 18156 18156 W System.err: OnCreate for MapActivity took 892 ms
07-01 17:04:29.890  1604  1625 W WindowManager: Window freeze timeout expired.
07-01 17:04:29.890  1604  1625 W WindowManager: Force clearing orientation change: Window{8a752c8 u0 StatusBar}
07-01 17:04:29.906  1604  1651 I WindowManager: Screen frozen for +2s16ms due to Window{8a752c8 u0 StatusBar}
07-01 17:04:29.913  1402  1440 D gralloc_ranchu: gralloc_alloc: Creating ashmem region of size 487424
07-01 17:04:29.977  1707  1707 D StatusBar: disable<e i a s b h r c s q >
07-01 17:04:29.987  1707  1933 D EGL_emulation: eglMakeCurrent: 0x91a91b00: ver 2 0 (tinfo 0x91b96990)
07-01 17:04:30.025 18156 18156 D InAppPurchaseHelper: Destroying helper.
07-01 17:04:30.036  1402  1440 D gralloc_ranchu: gralloc_alloc: Creating ashmem region of size 487424
07-01 17:04:30.178  1707  1707 W StatusBar/NavBarView: *** Invalid layout in navigation bar (sizeChanged this=126x1080 cur=126x1038)
07-01 17:04:30.184 18156 18156 D net.osmand: Enable sensor
07-01 17:04:30.337 18156 18156 W System.err: OnCreate for MapActivity took 311 ms
07-01 17:04:30.378  1707  1707 D EGL_emulation: eglCreateContext: 0xa57a1d40: maj 2 min 0 rcv 2
07-01 17:04:30.397  1707  1707 D EGL_emulation: eglMakeCurrent: 0xa57a1d40: ver 2 0 (tinfo 0x916e0300)
07-01 17:04:30.413 18156 18156 I Choreographer: Skipped 125 frames!  The application may be doing too much work on its main thread.
07-01 17:04:30.415  1402  1440 D gralloc_ranchu: gralloc_alloc: Creating ashmem region of size 8298496
07-01 17:04:30.448  1707  1707 D EGL_emulation: eglMakeCurrent: 0xa57a1d40: ver 2 0 (tinfo 0x916e0300)
07-01 17:04:30.511  1402  1440 D gralloc_ranchu: gralloc_alloc: Creating ashmem region of size 8298496
07-01 17:04:30.541  1412  1412 E EGL_emulation: tid 1412: eglCreateSyncKHR(1962): error 0x3004 (EGL_BAD_ATTRIBUTE)
07-01 17:04:30.544  1604  1651 W LocalDisplayAdapter: Unable to find color mode 0, ignoring request.
07-01 17:04:30.578  1402  1440 D gralloc_ranchu: gralloc_alloc: Creating ashmem region of size 8298496
07-01 17:04:30.591  1970  1970 I GeofencerStateMachine: sendNewLocationAvailability: availability=LocationAvailability[isLocationAvailable: true]
07-01 17:04:30.594  1604  1666 I InputReader: Reconfiguring input devices.  changes=0x00000004
07-01 17:04:30.594  1604  1666 I InputReader: Device reconfigured: id=0, name='qwerty2', size 1080x1920, orientation 0, mode 1, display id 0
07-01 17:04:30.603  1604  1625 I ActivityManager: Config changes=480 {1.0 310mcc260mnc [en_US] ldltr sw411dp w411dp h659dp 420dpi nrml port finger qwerty/v/v -nav/h appBounds=Rect(0, 0 - 1080, 1794) s.20}
07-01 17:04:30.615 18156 18156 W ResourceType: For resource 0x7f0e013b, entry index(315) is beyond type entryCount(142)
07-01 17:04:30.620 18156 18156 I chatty  : uid=10104(net.osmand) identical 12 lines
07-01 17:04:30.620 18156 18156 W ResourceType: For resource 0x7f0e013b, entry index(315) is beyond type entryCount(142)
07-01 17:04:30.622  1402  1440 D gralloc_ranchu: gralloc_alloc: Creating ashmem region of size 7753728
07-01 17:04:30.628 18156 18156 W ResourceType: For resource 0x7f0e013b, entry index(315) is beyond type entryCount(142)
07-01 17:04:30.635 18156 18156 I chatty  : uid=10104(net.osmand) identical 19 lines
07-01 17:04:30.636 18156 18156 W ResourceType: For resource 0x7f0e013b, entry index(315) is beyond type entryCount(142)
07-01 17:04:30.648  1707  1707 D EGL_emulation: eglCreateContext: 0xa57a1d40: maj 2 min 0 rcv 2
07-01 17:04:30.649 18156 18156 W ResourceType: For resource 0x7f0e013b, entry index(315) is beyond type entryCount(142)
07-01 17:04:30.651 18156 18156 I chatty  : uid=10104(net.osmand) identical 3 lines
07-01 17:04:30.651 18156 18156 W ResourceType: For resource 0x7f0e013b, entry index(315) is beyond type entryCount(142)
07-01 17:04:30.658 18156 18156 W View    : requestLayout() improperly called by android.widget.ListView{63c30de VFED.VC.. ......ID 0,0-735,1080 #7f0803ba app:id/menuItems} during layout: running second layout pass
07-01 17:04:30.663  1707  1707 D EGL_emulation: eglMakeCurrent: 0xa57a1d40: ver 2 0 (tinfo 0x916e0300)
07-01 17:04:30.684  1604  7252 W WindowManager: Failed looking up window callers=com.android.server.wm.WindowManagerService.windowForClientLocked:5797 com.android.server.wm.WindowManagerService.relayoutWindow:1931 com.android.server.wm.Session.relayout:239 
07-01 17:04:30.701  1604  1625 I ActivityManager: Override config changes=480 {1.0 310mcc260mnc [en_US] ldltr sw411dp w411dp h659dp 420dpi nrml port finger qwerty/v/v -nav/h appBounds=Rect(0, 0 - 1080, 1794) s.20} for displayId=0
07-01 17:04:30.729 18156 18192 D EGL_emulation: eglMakeCurrent: 0xa5805720: ver 2 0 (tinfo 0xa5803380)
07-01 17:04:30.731  1412  1427 E BufferQueueProducer: [Toast#0] cancelBuffer: BufferQueue has been abandoned
