06-28 17:38:13.380  5258  5258 D net.osmand: AbstractPrologCommandPlayer requestAudioFocus
06-28 17:38:13.380  5258  5258 W AudioManager: Use of stream types is deprecated for operations other than volume control
06-28 17:38:13.380  5258  5258 W AudioManager: See the documentation of requestAudioFocus() for what to use instead with android.media.AudioAttributes to qualify your playback use case
06-28 17:38:13.381  1596  1611 I MediaFocusControl: requestAudioFocus() from uid/pid 10104/5258 clientId=android.media.AudioManager@d1fc0eenet.osmand.plus.api.AudioFocusHelperImpl@28a05a4 callingPack=net.osmand req=3 flags=0x0 sdk=26
06-28 17:38:13.383  5258  5258 D net.osmand: TTSCommandPlayerImpl ttsRequests=1
06-28 17:38:13.388  5403  5434 I TTS.GoogleTTSServiceImp: Synthesis request for locale por-BRA and name pt-BR-language
06-28 17:38:13.390  5403  5434 I TTS.GoogleTTSServiceImp: TTS dispatch: pt-br-x-afs-lstm-embedded
06-28 17:38:13.410  5403  5435 D AudioTrack: Client defaulted notificationFrames to 1365 for frameCount 4096
06-28 17:38:13.430  1596  2224 V MediaRouterService: restoreBluetoothA2dp(false)
06-28 17:38:13.448  1389  4034 W audio_hw_generic: Not supplying enough data to HAL, expected position 32528982 , only wrote 32528880
06-28 17:38:13.525  5258  5258 I Choreographer: Skipped 31 frames!  The application may be doing too much work on its main thread.
06-28 17:38:13.572  1397  1448 D gralloc_ranchu: gralloc_alloc: Creating ashmem region of size 544768
06-28 17:38:13.596  1713  1924 D EGL_emulation: eglMakeCurrent: 0xa1c853c0: ver 2 0 (tinfo 0xa1c834e0)
06-28 17:38:13.611  1397  1448 D gralloc_ranchu: gralloc_alloc: Creating ashmem region of size 8298496
06-28 17:38:13.642  1397  1448 D gralloc_ranchu: gralloc_alloc: Creating ashmem region of size 544768
06-28 17:38:13.751  1697  1697 I DeviceStatusMonitor: onReceive() : Action = android.intent.action.CONFIGURATION_CHANGED
06-28 17:38:13.751  1697  1697 I ConfigNotification: Get device mode by ui mode:1 and smallestScreenWidthDp:411
06-28 17:38:13.755  1697  1697 I chatty  : uid=10060(com.google.android.inputmethod.latin) identical 2 lines
06-28 17:38:13.756  1697  1697 I ConfigNotification: Get device mode by ui mode:1 and smallestScreenWidthDp:411
06-28 17:38:13.769  1596  1611 I GnssLocationProvider: WakeLock acquired by sendMessage(SET_REQUEST, 0, com.android.server.location.GnssLocationProvider$GpsRequest@b612644)
06-28 17:38:13.782  5258  5258 D net.osmand: Disable sensor
06-28 17:38:13.798  5258  5258 I net.osmand: MapRenderRepositories RENDER MAP: Interrupt rendering map
06-28 17:38:13.803  5258  5301 D EGL_emulation: eglMakeCurrent: 0xa1c85a20: ver 2 0 (tinfo 0xa1c83380)
06-28 17:38:13.832  5258  5258 D InAppPurchaseHelper: Destroying helper.
06-28 17:38:13.859  1411  1423 E BufferQueueProducer: [SurfaceView - net.osmand/net.osmand.plus.activities.MapActivity#0] disconnect: not connected (req=2)
06-28 17:38:13.943  5258  5258 W ResourceType: For resource 0x7f0e00c0, entry index(192) is beyond type entryCount(142)
06-28 17:38:13.943  5258  5258 W ResourceType: For resource 0x7f0e00d1, entry index(209) is beyond type entryCount(142)
06-28 17:38:13.943  5258  5258 W ResourceType: For resource 0x7f0e00cb, entry index(203) is beyond type entryCount(142)
06-28 17:38:13.943  5258  5258 W ResourceType: For resource 0x7f0e014d, entry index(333) is beyond type entryCount(142)
06-28 17:38:13.943  5258  5258 W ResourceType: For resource 0x7f0e00dd, entry index(221) is beyond type entryCount(142)
06-28 17:38:13.943  5258  5258 W ResourceType: For resource 0x7f0e00e4, entry index(228) is beyond type entryCount(142)
06-28 17:38:13.947  5258  5258 W ResourceType: For resource 0x7f0e00c4, entry index(196) is beyond type entryCount(142)
06-28 17:38:13.951  5258  5258 W ResourceType: For resource 0x7f0e013f, entry index(319) is beyond type entryCount(142)
06-28 17:38:13.951  5258  5258 W ResourceType: For resource 0x7f0e00dc, entry index(220) is beyond type entryCount(142)
06-28 17:38:13.953  5258  5258 W ResourceType: For resource 0x7f0e00e3, entry index(227) is beyond type entryCount(142)
06-28 17:38:13.991  5258  5258 W ResourceType: For resource 0x7f0e01c4, entry index(452) is beyond type entryCount(142)
06-28 17:38:13.991  5258  5258 W ResourceType: For resource 0x7f0e01c4, entry index(452) is beyond type entryCount(142)
06-28 17:38:13.991  5258  5258 W ResourceType: For resource 0x7f0e0183, entry index(387) is beyond type entryCount(142)
06-28 17:38:13.992  5258  5258 W ResourceType: For resource 0x7f0e0187, entry index(391) is beyond type entryCount(142)
06-28 17:38:13.992  5258  5258 W ResourceType: For resource 0x7f0e0185, entry index(389) is beyond type entryCount(142)
06-28 17:38:14.000  5258  5258 W ResourceType: For resource 0x7f0e015d, entry index(349) is beyond type entryCount(142)
06-28 17:38:14.000  5258  5258 W ResourceType: For resource 0x7f0e0195, entry index(405) is beyond type entryCount(142)
06-28 17:38:14.000  5258  5258 W ResourceType: For resource 0x7f0e016c, entry index(364) is beyond type entryCount(142)
06-28 17:38:14.000  5258  5258 W ResourceType: For resource 0x7f0e0163, entry index(355) is beyond type entryCount(142)
06-28 17:38:14.000  5258  5258 W ResourceType: For resource 0x7f0e00db, entry index(219) is beyond type entryCount(142)
06-28 17:38:14.000  5258  5258 W ResourceType: For resource 0x7f0e0193, entry index(403) is beyond type entryCount(142)
06-28 17:38:14.000  5258  5258 W ResourceType: For resource 0x7f0e016f, entry index(367) is beyond type entryCount(142)
06-28 17:38:14.000  5258  5258 W ResourceType: For resource 0x7f0e0161, entry index(353) is beyond type entryCount(142)
06-28 17:38:14.000  5258  5258 W ResourceType: For resource 0x7f0e0170, entry index(368) is beyond type entryCount(142)
06-28 17:38:14.000  5258  5258 W ResourceType: For resource 0x7f0e0174, entry index(372) is beyond type entryCount(142)
06-28 17:38:14.000  5258  5258 I chatty  : uid=10104(net.osmand) identical 2 lines
06-28 17:38:14.000  5258  5258 W ResourceType: For resource 0x7f0e0174, entry index(372) is beyond type entryCount(142)
06-28 17:38:14.000  5258  5258 W ResourceType: For resource 0x7f0e0177, entry index(375) is beyond type entryCount(142)
06-28 17:38:14.001  5258  5258 W ResourceType: For resource 0x7f0e0160, entry index(352) is beyond type entryCount(142)
06-28 17:38:14.001  5258  5258 W ResourceType: For resource 0x7f0e0199, entry index(409) is beyond type entryCount(142)
06-28 17:38:14.001  5258  5258 W ResourceType: For resource 0x7f0e017e, entry index(382) is beyond type entryCount(142)
06-28 17:38:14.001  5258  5258 W ResourceType: For resource 0x7f0e017f, entry index(383) is beyond type entryCount(142)
06-28 17:38:14.001  5258  5258 W ResourceType: For resource 0x7f0e0196, entry index(406) is beyond type entryCount(142)
06-28 17:38:14.001  5258  5258 W ResourceType: For resource 0x7f0e0197, entry index(407) is beyond type entryCount(142)
06-28 17:38:14.001  5258  5258 W ResourceType: For resource 0x7f0e0140, entry index(320) is beyond type entryCount(142)
06-28 17:38:14.001  5258  5258 W ResourceType: For resource 0x7f0e00e7, entry index(231) is beyond type entryCount(142)
06-28 17:38:14.001  5258  5258 W ResourceType: For resource 0x7f0e0194, entry index(404) is beyond type entryCount(142)
06-28 17:38:14.001  5258  5258 W ResourceType: For resource 0x7f0e01a5, entry index(421) is beyond type entryCount(142)
06-28 17:38:14.001  5258  5258 W ResourceType: For resource 0x7f0e017d, entry index(381) is beyond type entryCount(142)
06-28 17:38:14.001  5258  5258 W ResourceType: For resource 0x7f0e017b, entry index(379) is beyond type entryCount(142)
06-28 17:38:14.001  5258  5258 W ResourceType: For resource 0x7f0e010f, entry index(271) is beyond type entryCount(142)
06-28 17:38:14.001  5258  5258 W ResourceType: For resource 0x7f0e00f8, entry index(248) is beyond type entryCount(142)
06-28 17:38:14.001  5258  5258 W ResourceType: For resource 0x7f0e010f, entry index(271) is beyond type entryCount(142)
06-28 17:38:14.002  5258  5258 W ResourceType: For resource 0x7f0e0122, entry index(290) is beyond type entryCount(142)
06-28 17:38:14.002  5258  5258 W ResourceType: For resource 0x7f0e010b, entry index(267) is beyond type entryCount(142)
06-28 17:38:14.002  5258  5258 W ResourceType: For resource 0x7f0e010c, entry index(268) is beyond type entryCount(142)
06-28 17:38:14.002  5258  5258 W ResourceType: For resource 0x7f0e01ad, entry index(429) is beyond type entryCount(142)
06-28 17:38:14.002  5258  5258 W ResourceType: For resource 0x7f0e01ac, entry index(428) is beyond type entryCount(142)
06-28 17:38:14.005  5258  5258 W ResourceType: For resource 0x7f0e01c4, entry index(452) is beyond type entryCount(142)
06-28 17:38:14.005  5258  5258 W ResourceType: For resource 0x7f0e01c4, entry index(452) is beyond type entryCount(142)
06-28 17:38:14.005  5258  5258 W ResourceType: For resource 0x7f0e0183, entry index(387) is beyond type entryCount(142)
06-28 17:38:14.005  5258  5258 W ResourceType: For resource 0x7f0e0187, entry index(391) is beyond type entryCount(142)
06-28 17:38:14.005  5258  5258 W ResourceType: For resource 0x7f0e0185, entry index(389) is beyond type entryCount(142)
06-28 17:38:14.005  5258  5258 W ResourceType: For resource 0x7f0e015d, entry index(349) is beyond type entryCount(142)
06-28 17:38:14.005  5258  5258 W ResourceType: For resource 0x7f0e0195, entry index(405) is beyond type entryCount(142)
06-28 17:38:14.005  5258  5258 W ResourceType: For resource 0x7f0e016c, entry index(364) is beyond type entryCount(142)
06-28 17:38:14.005  5258  5258 W ResourceType: For resource 0x7f0e0163, entry index(355) is beyond type entryCount(142)
06-28 17:38:14.005  5258  5258 W ResourceType: For resource 0x7f0e00db, entry index(219) is beyond type entryCount(142)
06-28 17:38:14.005  5258  5258 W ResourceType: For resource 0x7f0e0193, entry index(403) is beyond type entryCount(142)
06-28 17:38:14.005  5258  5258 W ResourceType: For resource 0x7f0e016f, entry index(367) is beyond type entryCount(142)
06-28 17:38:14.005  5258  5258 W ResourceType: For resource 0x7f0e0161, entry index(353) is beyond type entryCount(142)
06-28 17:38:14.005  5258  5258 W ResourceType: For resource 0x7f0e0170, entry index(368) is beyond type entryCount(142)
06-28 17:38:14.005  5258  5258 W ResourceType: For resource 0x7f0e0174, entry index(372) is beyond type entryCount(142)
06-28 17:38:14.005  5258  5258 I chatty  : uid=10104(net.osmand) identical 2 lines
06-28 17:38:14.006  5258  5258 W ResourceType: For resource 0x7f0e0174, entry index(372) is beyond type entryCount(142)
06-28 17:38:14.006  5258  5258 W ResourceType: For resource 0x7f0e0177, entry index(375) is beyond type entryCount(142)
06-28 17:38:14.006  5258  5258 W ResourceType: For resource 0x7f0e0160, entry index(352) is beyond type entryCount(142)
06-28 17:38:14.006  5258  5258 W ResourceType: For resource 0x7f0e0199, entry index(409) is beyond type entryCount(142)
06-28 17:38:14.006  5258  5258 W ResourceType: For resource 0x7f0e017e, entry index(382) is beyond type entryCount(142)
06-28 17:38:14.006  5258  5258 W ResourceType: For resource 0x7f0e017f, entry index(383) is beyond type entryCount(142)
06-28 17:38:14.006  5258  5258 W ResourceType: For resource 0x7f0e0196, entry index(406) is beyond type entryCount(142)
06-28 17:38:14.006  5258  5258 W ResourceType: For resource 0x7f0e0197, entry index(407) is beyond type entryCount(142)
06-28 17:38:14.006  5258  5258 W ResourceType: For resource 0x7f0e0140, entry index(320) is beyond type entryCount(142)
06-28 17:38:14.006  5258  5258 W ResourceType: For resource 0x7f0e00e7, entry index(231) is beyond type entryCount(142)
06-28 17:38:14.006  5258  5258 W ResourceType: For resource 0x7f0e0194, entry index(404) is beyond type entryCount(142)
06-28 17:38:14.006  5258  5258 W ResourceType: For resource 0x7f0e01a5, entry index(421) is beyond type entryCount(142)
06-28 17:38:14.006  5258  5258 W ResourceType: For resource 0x7f0e017d, entry index(381) is beyond type entryCount(142)
06-28 17:38:14.007  5258  5258 W ResourceType: For resource 0x7f0e017b, entry index(379) is beyond type entryCount(142)
06-28 17:38:14.007  5258  5258 W ResourceType: For resource 0x7f0e010f, entry index(271) is beyond type entryCount(142)
06-28 17:38:14.007  5258  5258 W ResourceType: For resource 0x7f0e00f8, entry index(248) is beyond type entryCount(142)
06-28 17:38:14.008  5258  5258 W ResourceType: For resource 0x7f0e010f, entry index(271) is beyond type entryCount(142)
06-28 17:38:14.008  5258  5258 W ResourceType: For resource 0x7f0e0122, entry index(290) is beyond type entryCount(142)
06-28 17:38:14.008  5258  5258 W ResourceType: For resource 0x7f0e010b, entry index(267) is beyond type entryCount(142)
06-28 17:38:14.008  5258  5258 W ResourceType: For resource 0x7f0e010c, entry index(268) is beyond type entryCount(142)
06-28 17:38:14.008  5258  5258 W ResourceType: For resource 0x7f0e01ad, entry index(429) is beyond type entryCount(142)
06-28 17:38:14.008  5258  5258 W ResourceType: For resource 0x7f0e01ac, entry index(428) is beyond type entryCount(142)
06-28 17:38:14.012  5258  5258 W ResourceType: For resource 0x7f0e01c4, entry index(452) is beyond type entryCount(142)
06-28 17:38:14.012  5258  5258 W ResourceType: For resource 0x7f0e01c4, entry index(452) is beyond type entryCount(142)
06-28 17:38:14.012  5258  5258 W ResourceType: For resource 0x7f0e0183, entry index(387) is beyond type entryCount(142)
06-28 17:38:14.012  5258  5258 W ResourceType: For resource 0x7f0e0187, entry index(391) is beyond type entryCount(142)
06-28 17:38:14.012  5258  5258 W ResourceType: For resource 0x7f0e0185, entry index(389) is beyond type entryCount(142)
06-28 17:38:14.012  5258  5258 W ResourceType: For resource 0x7f0e015d, entry index(349) is beyond type entryCount(142)
06-28 17:38:14.012  5258  5258 W ResourceType: For resource 0x7f0e0195, entry index(405) is beyond type entryCount(142)
06-28 17:38:14.012  5258  5258 W ResourceType: For resource 0x7f0e016c, entry index(364) is beyond type entryCount(142)
06-28 17:38:14.012  5258  5258 W ResourceType: For resource 0x7f0e0163, entry index(355) is beyond type entryCount(142)
06-28 17:38:14.012  5258  5258 W ResourceType: For resource 0x7f0e00db, entry index(219) is beyond type entryCount(142)
06-28 17:38:14.012  5258  5258 W ResourceType: For resource 0x7f0e0193, entry index(403) is beyond type entryCount(142)
06-28 17:38:14.012  5258  5258 W ResourceType: For resource 0x7f0e016f, entry index(367) is beyond type entryCount(142)
06-28 17:38:14.012  5258  5258 W ResourceType: For resource 0x7f0e0161, entry index(353) is beyond type entryCount(142)
06-28 17:38:14.012  5258  5258 W ResourceType: For resource 0x7f0e0170, entry index(368) is beyond type entryCount(142)
06-28 17:38:14.012  5258  5258 W ResourceType: For resource 0x7f0e0174, entry index(372) is beyond type entryCount(142)
06-28 17:38:14.013  5258  5258 I chatty  : uid=10104(net.osmand) identical 2 lines
06-28 17:38:14.013  5258  5258 W ResourceType: For resource 0x7f0e0174, entry index(372) is beyond type entryCount(142)
06-28 17:38:14.013  5258  5258 W ResourceType: For resource 0x7f0e0177, entry index(375) is beyond type entryCount(142)
06-28 17:38:14.013  5258  5258 W ResourceType: For resource 0x7f0e0160, entry index(352) is beyond type entryCount(142)
06-28 17:38:14.013  5258  5258 W ResourceType: For resource 0x7f0e0199, entry index(409) is beyond type entryCount(142)
06-28 17:38:14.013  5258  5258 W ResourceType: For resource 0x7f0e017e, entry index(382) is beyond type entryCount(142)
06-28 17:38:14.013  5258  5258 W ResourceType: For resource 0x7f0e017f, entry index(383) is beyond type entryCount(142)
06-28 17:38:14.013  5258  5258 W ResourceType: For resource 0x7f0e0196, entry index(406) is beyond type entryCount(142)
06-28 17:38:14.013  5258  5258 W ResourceType: For resource 0x7f0e0197, entry index(407) is beyond type entryCount(142)
06-28 17:38:14.013  5258  5258 W ResourceType: For resource 0x7f0e0140, entry index(320) is beyond type entryCount(142)
06-28 17:38:14.013  5258  5258 W ResourceType: For resource 0x7f0e00e7, entry index(231) is beyond type entryCount(142)
06-28 17:38:14.013  5258  5258 W ResourceType: For resource 0x7f0e0194, entry index(404) is beyond type entryCount(142)
06-28 17:38:14.013  5258  5258 W ResourceType: For resource 0x7f0e01a5, entry index(421) is beyond type entryCount(142)
06-28 17:38:14.013  5258  5258 W ResourceType: For resource 0x7f0e017d, entry index(381) is beyond type entryCount(142)
06-28 17:38:14.013  5258  5258 W ResourceType: For resource 0x7f0e017b, entry index(379) is beyond type entryCount(142)
06-28 17:38:14.013  5258  5258 W ResourceType: For resource 0x7f0e010f, entry index(271) is beyond type entryCount(142)
06-28 17:38:14.013  5258  5258 W ResourceType: For resource 0x7f0e00f8, entry index(248) is beyond type entryCount(142)
06-28 17:38:14.013  5258  5258 W ResourceType: For resource 0x7f0e010f, entry index(271) is beyond type entryCount(142)
06-28 17:38:14.013  5258  5258 W ResourceType: For resource 0x7f0e0122, entry index(290) is beyond type entryCount(142)
06-28 17:38:14.014  5258  5258 W ResourceType: For resource 0x7f0e010b, entry index(267) is beyond type entryCount(142)
06-28 17:38:14.014  5258  5258 W ResourceType: For resource 0x7f0e010c, entry index(268) is beyond type entryCount(142)
06-28 17:38:14.014  5258  5258 W ResourceType: For resource 0x7f0e01ad, entry index(429) is beyond type entryCount(142)
06-28 17:38:14.014  5258  5258 W ResourceType: For resource 0x7f0e01ac, entry index(428) is beyond type entryCount(142)
06-28 17:38:14.022  5258  5258 W ResourceType: For resource 0x7f0e017f, entry index(383) is beyond type entryCount(142)
06-28 17:38:14.023  5258  5258 W ResourceType: For resource 0x7f0e0091, entry index(145) is beyond type entryCount(142)
06-28 17:38:14.024  5258  5258 W ResourceType: For resource 0x7f0e016b, entry index(363) is beyond type entryCount(142)
06-28 17:38:14.030  5258  5258 W ResourceType: For resource 0x7f0e017b, entry index(379) is beyond type entryCount(142)
06-28 17:38:14.037  5258  5258 W ResourceType: For resource 0x7f0e0125, entry index(293) is beyond type entryCount(142)
06-28 17:38:14.043  5258  5258 W ResourceType: For resource 0x7f0e0125, entry index(293) is beyond type entryCount(142)
06-28 17:38:14.107  5258  5258 W ResourceType: For resource 0x7f0e01a5, entry index(421) is beyond type entryCount(142)
06-28 17:38:14.107  5258  5258 W ResourceType: For resource 0x7f0e00a9, entry index(169) is beyond type entryCount(142)
06-28 17:38:14.125  5258  5258 W ResourceType: For resource 0x7f0e01bc, entry index(444) is beyond type entryCount(142)
06-28 17:38:14.138  5258  5258 W ResourceType: For resource 0x7f0e0132, entry index(306) is beyond type entryCount(142)
06-28 17:38:14.138  5258  5258 W ResourceType: For resource 0x7f0e00f7, entry index(247) is beyond type entryCount(142)
06-28 17:38:14.139  5258  5258 W ResourceType: For resource 0x7f0e0131, entry index(305) is beyond type entryCount(142)
06-28 17:38:14.139  5258  5258 W ResourceType: For resource 0x7f0e010f, entry index(271) is beyond type entryCount(142)
06-28 17:38:14.140  5258  5258 W ResourceType: For resource 0x7f0e00bc, entry index(188) is beyond type entryCount(142)
06-28 17:38:14.144  5258  5258 W ResourceType: For resource 0x7f0e011d, entry index(285) is beyond type entryCount(142)
06-28 17:38:14.145  5258  5258 I chatty  : uid=10104(net.osmand) identical 4 lines
06-28 17:38:14.145  5258  5258 W ResourceType: For resource 0x7f0e011d, entry index(285) is beyond type entryCount(142)
06-28 17:38:14.145  5258  5258 W ResourceType: For resource 0x7f0e00bd, entry index(189) is beyond type entryCount(142)
06-28 17:38:14.146  5258  5258 W ResourceType: For resource 0x7f0e011d, entry index(285) is beyond type entryCount(142)
06-28 17:38:14.162  5258  5258 I chatty  : uid=10104(net.osmand) identical 18 lines
06-28 17:38:14.163  5258  5258 W ResourceType: For resource 0x7f0e011d, entry index(285) is beyond type entryCount(142)
06-28 17:38:14.165  5258  5258 W ResourceType: For resource 0x7f0e01ac, entry index(428) is beyond type entryCount(142)
06-28 17:38:14.165  5258  5258 W ResourceType: For resource 0x7f0e00ae, entry index(174) is beyond type entryCount(142)
06-28 17:38:14.165  5258  5258 W ResourceType: For resource 0x7f0e013d, entry index(317) is beyond type entryCount(142)
06-28 17:38:14.166  5258  5258 W ResourceType: For resource 0x7f0e013e, entry index(318) is beyond type entryCount(142)
06-28 17:38:14.173  5258  5258 W ResourceType: For resource 0x7f0e013b, entry index(315) is beyond type entryCount(142)
06-28 17:38:14.179  5258  5258 I chatty  : uid=10104(net.osmand) identical 9 lines
06-28 17:38:14.179  5258  5258 W ResourceType: For resource 0x7f0e013b, entry index(315) is beyond type entryCount(142)
06-28 17:38:14.295  1713  1713 I Choreographer: Skipped 43 frames!  The application may be doing too much work on its main thread.
06-28 17:38:14.312  1397  1448 D gralloc_ranchu: gralloc_alloc: Creating ashmem region of size 544768
06-28 17:38:14.429  5258  5258 W System.err: OnCreate for MapActivity took 457 ms
06-28 17:38:14.542  1596  1613 I GnssLocationProvider: WakeLock released by handleMessage(SET_REQUEST, 0, com.android.server.location.GnssLocationProvider$GpsRequest@6b236b2)
06-28 17:38:14.562  1596  1613 I GnssLocationProvider: WakeLock released by handleMessage(SET_REQUEST, 0, com.android.server.location.GnssLocationProvider$GpsRequest@b612644)
06-28 17:38:14.598  1397  1448 D gralloc_ranchu: gralloc_alloc: Creating ashmem region of size 274432
06-28 17:38:14.663  1713  1713 D StatusBar: disable<e i a s b h r c s q >
06-28 17:38:14.670  1713  1924 D EGL_emulation: eglMakeCurrent: 0xa1c853c0: ver 2 0 (tinfo 0xa1c834e0)
06-28 17:38:14.687  1397  1448 D gralloc_ranchu: gralloc_alloc: Creating ashmem region of size 274432
06-28 17:38:14.763  1713  1713 W StatusBar/NavBarView: *** Invalid layout in navigation bar (sizeChanged this=1080x126 cur=1038x126)
06-28 17:38:14.804  5258  5258 D InAppPurchaseHelper: Destroying helper.
06-28 17:38:14.914  5258  5258 D net.osmand: Enable sensor
06-28 17:38:14.951  1596  2224 I GnssLocationProvider: WakeLock acquired by sendMessage(SET_REQUEST, 0, com.android.server.location.GnssLocationProvider$GpsRequest@f7b7b6e)
06-28 17:38:14.953  1596  1613 I GnssLocationProvider: WakeLock released by handleMessage(SET_REQUEST, 0, com.android.server.location.GnssLocationProvider$GpsRequest@f7b7b6e)
06-28 17:38:14.986  5258  5258 W System.err: OnCreate for MapActivity took 182 ms
06-28 17:38:15.011  1397  1448 D gralloc_ranchu: gralloc_alloc: Creating ashmem region of size 274432
06-28 17:38:15.085  5258  5268 I zygote  : NativeAlloc concurrent copying GC freed 122463(5MB) AllocSpace objects, 16(400KB) LOS objects, 22% free, 21MB/27MB, paused 2.897ms total 2.293s
06-28 17:38:15.146  1473  1580 D AudioFlinger: mixer(0xad583c80) throttle end: throttle time(3)
06-28 17:38:15.168  1596  1621 W WindowManager: App freeze timeout expired.
06-28 17:38:15.171  5258  5258 I Choreographer: Skipped 98 frames!  The application may be doing too much work on its main thread.
06-28 17:38:15.172  1713  1924 D EGL_emulation: eglMakeCurrent: 0xa1c853c0: ver 2 0 (tinfo 0xa1c834e0)
06-28 17:38:15.175  1596  1621 W WindowManager: Force clearing freeze: AppWindowToken{5b0c9ee token=Token{116953e ActivityRecord{32e71f9 u0 net.osmand/.plus.activities.MapActivity t3}}}
06-28 17:38:15.176  1596  1607 I zygote  : Background concurrent copying GC freed 44431(2MB) AllocSpace objects, 50(2MB) LOS objects, 28% free, 15MB/21MB, paused 2.218ms total 722.192ms
06-28 17:38:15.244  1713  1924 D EGL_emulation: eglMakeCurrent: 0xa1c853c0: ver 2 0 (tinfo 0xa1c834e0)
06-28 17:38:15.310  5258  8478 W net.osmand:native: [Native] Result visited (visited roads 9369, visited segments 2442 / 8937 , queue sizes 29 / 94 ) 
06-28 17:38:15.310  5258  8478 W net.osmand:native: [Native] Result timing (time to load 0, time to calc 5448, loaded tiles 132) 
06-28 17:38:15.310  5258  8478 W net.osmand:native: [Native] Memory occupied (Routing context 3640 Kb, search 178 Kb)
06-28 17:38:15.377  1397  1448 D gralloc_ranchu: gralloc_alloc: Creating ashmem region of size 8298496
06-28 17:38:15.396  5258  5288 I net.osmand: MapRenderRepositories RENDER MAP: update due to tile box
06-28 17:38:15.396  5258  5288 I net.osmand: MapRenderRepositories RENDER MAP: Interrupt rendering map
06-28 17:38:15.409  5258  5258 W ResourceType: For resource 0x7f0e013b, entry index(315) is beyond type entryCount(142)
06-28 17:38:15.487  5258  5258 I chatty  : uid=10104(net.osmand) identical 68 lines
06-28 17:38:15.487  5258  5258 W ResourceType: For resource 0x7f0e013b, entry index(315) is beyond type entryCount(142)
06-28 17:38:15.488  5258  5258 W View    : requestLayout() improperly called by android.widget.ListView{1c99840 VFED.VC.. ......ID 0,0-735,1794 #7f0803ba app:id/menuItems} during layout: running second layout pass
06-28 17:38:15.527  5258  8478 I net.osmand:native: Routing calculated time distance 11161.335938
06-28 17:38:15.534  5258  5287 I net.osmand: MapRenderRepositories RENDER MAP: new request RotatedTileBox [lat=-7.223513126373291, lon=-35.892662048339844, rotate=0.0, density=2.625, zoom=17, mapDensity=3.9375, zoomAnimation=0.0, zoomFloatPart=0.0, cx=900, cy=1297, pixWidth=1800, pixHeight=2595]
06-28 17:38:15.567  5258  5258 I net.osmand: RoutingHelper Recalculate route, because correlation  : 183222.18820280614
06-28 17:38:15.572  5258  5288 I net.osmand: MapRenderRepositories RENDER MAP: update due to tile box
06-28 17:38:15.573  5258  5288 I net.osmand: MapRenderRepositories RENDER MAP: Interrupt rendering map
06-28 17:38:15.578  1397  1448 D gralloc_ranchu: gralloc_alloc: Creating ashmem region of size 3878912
06-28 17:38:15.591  5258  5288 I net.osmand: MapRenderRepositories RENDER MAP: update due to tile box
06-28 17:38:15.591  5258  5288 I net.osmand: MapRenderRepositories RENDER MAP: Interrupt rendering map
06-28 17:38:15.653  5258  5287 I net.osmand:native: Route objects 108
06-28 17:38:15.653  5258  5287 I net.osmand:native: Ocean: no completed & incompleted coastlines 0
06-28 17:38:15.653  5258  5287 I net.osmand:native: Detailed coastlines = 0, basemap coastlines 0, ocean tile 0.000000. Detailed added 0, basemap processed 1, basemap added 0.
06-28 17:38:15.654  5258  5287 I net.osmand:native: Search : tree - read( 540), accept( 56), objs - visit( 3237), accept(139), in result(108) 
06-28 17:38:15.664  5258  5287 I net.osmand: MapRenderRepositories RENDER MAP: new request RotatedTileBox [lat=-7.589195000000001, lon=-37.541068333333335, rotate=0.0, density=2.625, zoom=17, mapDensity=3.9375, zoomAnimation=0.0, zoomFloatPart=0.0, cx=900, cy=1972, pixWidth=1800, pixHeight=2690]
06-28 17:38:15.790  5258  5287 I net.osmand:native: Route objects 61
06-28 17:38:15.790  5258  5287 I net.osmand:native: Ocean: no completed & incompleted coastlines 0
06-28 17:38:15.790  5258  5287 I net.osmand:native: Detailed coastlines = 0, basemap coastlines 0, ocean tile 0.000000. Detailed added 0, basemap processed 1, basemap added 0.
06-28 17:38:15.790  5258  5287 I net.osmand:native: Search : tree - read( 413), accept( 30), objs - visit( 2206), accept(73), in result(61) 
06-28 17:38:15.791  5258  5287 I net.osmand: MapRenderRepositories BLat=-7.591496849060059, TLat=-7.583494758605957, LLong=-37.543521881103516, RLong=-37.53861999511719, zoom=17
06-28 17:38:15.791  5258  5287 I net.osmand: MapRenderRepositories Native search: 120 ms 
06-28 17:38:15.797  5258  5287 I net.osmand:native: Creating SkBitmap in native w:1800 h:2690 s:7200 f:1!
06-28 17:38:15.797  5258  5287 I net.osmand:native: Row bytes for RGBA_8888 is 7200
06-28 17:38:15.797  5258  5287 I net.osmand:native: Locked 19368000 bytes at 0x7d700000
06-28 17:38:15.797  5258  5287 I net.osmand:native: Initializing rendering
06-28 17:38:15.798  5258  5287 I net.osmand:native: Rendering image
06-28 17:38:15.845  5258  5258 I Choreographer: Skipped 32 frames!  The application may be doing too much work on its main thread.
06-28 17:38:15.880  5258  5301 D EGL_emulation: eglMakeCurrent: 0xa1c85a20: ver 2 0 (tinfo 0xa1c83380)
06-28 17:38:15.969  1397  1448 D gralloc_ranchu: gralloc_alloc: Creating ashmem region of size 8298496
06-28 17:38:15.997  1596  1647 I WindowManager: Screen frozen for +3s28ms due to Window{367a9df u0 StatusBar}
06-28 17:38:15.996  5258  5258 I net.osmand: RoutingHelper Recalculate route, because correlation  : 183222.18820280614
06-28 17:38:15.998  5258  5258 I net.osmand: RoutingHelper Recalculate route, because wrong movement direction: 183532.53
06-28 17:38:16.002  5258  5258 I net.osmand: RoutingHelper Recalculate route, because correlation  : 183222.18820280614
06-28 17:38:16.005  5258  5258 I net.osmand: RoutingHelper Recalculate route, because correlation  : 183222.18820280614
06-28 17:38:16.005  5258  5258 I net.osmand: RoutingHelper Recalculate route, because wrong movement direction: 183532.53
06-28 17:38:16.024  1411  1411 D SurfaceFlinger: duplicate layer name: changing BlackSurface to BlackSurface#1
06-28 17:38:16.025  1596  1877 D WificondControl: Scan result ready event
06-28 17:38:16.046  1411  1411 D SurfaceFlinger: duplicate layer name: changing BlackSurface to BlackSurface#2
06-28 17:38:16.064  1411  1411 D SurfaceFlinger: duplicate layer name: changing BlackSurface to BlackSurface#3
06-28 17:38:16.144  1397  1448 D gralloc_ranchu: gralloc_alloc: Creating ashmem region of size 3878912
06-28 17:38:16.294  1397  1448 D gralloc_ranchu: gralloc_alloc: Creating ashmem region of size 8298496
06-28 17:38:16.304  1389  4034 W audio_hw_generic: Hardware backing HAL too slow, could only write 0 of 720 frames
06-28 17:38:16.319  5258  8478 I net.osmand: RoutePlannerFrontEnd Native routing took 6.48 seconds
06-28 17:38:16.365  5258  8478 I System.out: ROUTE : 
06-28 17:38:16.366  5258  8478 I net.osmand: RouteResultPreparation <test regions="" description="" best_percent="" vehicle="car" 
06-28 17:38:16.366  5258  8478 I net.osmand:   start_lat="-7.58920" start_lon="-37.54107" target_lat="-7.23411" target_lon="-35.91605"  routing_time="11161.34" loadedTiles="132" visitedSegments="9369" complete_distance="241743.50" complete_time="11471.74" >
06-28 17:38:16.366  5258  8478 I System.out: <test regions="" description="" best_percent="" vehicle="car" 
06-28 17:38:16.366  5258  8478 I System.out:   start_lat="-7.58920" start_lon="-37.54107" target_lat="-7.23411" target_lon="-35.91605"  routing_time="11161.34" loadedTiles="132" visitedSegments="9369" complete_distance="241743.50" complete_time="11471.74" >
06-28 17:38:16.366  5258  8478 I System.out: </test>
06-28 17:38:16.366  5258  8478 I System.out: <test regions="" description="" best_percent="" vehicle="car" 
06-28 17:38:16.366  5258  8478 I System.out:   start_lat="-7.58920" start_lon="-37.54107" target_lat="-7.23411" target_lon="-35.91605"  routing_time="11161.34" loadedTiles="132" visitedSegments="9369" complete_distance="241743.50" complete_time="11471.74" >
06-28 17:38:16.518  5258  8478 I net.osmand:native: Start point was found 25957571909 [Native]
06-28 17:38:16.556  5403  5435 D AudioTrack: stop() called with 67100 frames delivered
06-28 17:38:16.576  1596  2224 V MediaRouterService: restoreBluetoothA2dp(false)
06-28 17:38:16.602  5258  5446 D net.osmand: AbstractPrologCommandPlayer abandonAudioFocus
06-28 17:38:16.604  1596  1877 I MediaFocusControl: abandonAudioFocus() from uid/pid 10104/5258 clientId=android.media.AudioManager@d1fc0eenet.osmand.plus.api.AudioFocusHelperImpl@28a05a4
06-28 17:38:16.607  5258  5446 D net.osmand: TTSCommandPlayerImpl ttsRequests=0
06-28 17:38:16.658  5258  8478 I net.osmand:native: End point was found 1886269389 [Native]
06-28 17:38:16.678  5258  5287 I net.osmand:native: Native ok (rendering 0, text 479 ms) 
06-28 17:38:16.678  5258  5287 I net.osmand:native:  (574 points, 320 points inside, 122 of 128 objects visible)
06-28 17:38:16.678  5258  5287 I net.osmand:native: End Rendering image
06-28 17:38:16.678  5258  5287 I net.osmand:native: Native ok (init 1, rendering 0) 
06-28 17:38:16.682  5258  5287 I net.osmand: MapRenderRepositories true
06-28 17:38:16.703  5258  5258 I net.osmand: RoutingHelper Recalculate route, because correlation  : 183222.18820280614
06-28 17:38:16.703  5258  5258 I net.osmand: RoutingHelper Recalculate route, because wrong movement direction: 183532.53
06-28 17:38:16.722  5258  5258 I net.osmand: RoutingHelper Recalculate route, because correlation  : 183222.18820280614
06-28 17:38:16.731  5258  5258 I Choreographer: Skipped 30 frames!  The application may be doing too much work on its main thread.
06-28 17:38:16.769  5258  5258 I net.osmand: RoutingHelper Recalculate route, because correlation  : 183222.18820280614
06-28 17:38:16.770  5258  5258 I net.osmand: RoutingHelper Recalculate route, because wrong movement direction: 183532.53
06-28 17:38:16.776  5258  5258 I net.osmand: RoutingHelper Recalculate route, because correlation  : 183222.18820280614
06-28 17:38:16.812  5258  5268 I zygote  : NativeAlloc concurrent copying GC freed 63581(2MB) AllocSpace objects, 14(452KB) LOS objects, 22% free, 21MB/27MB, paused 2.852ms total 1.642s
06-28 17:38:16.836  5258  5268 I zygote  : WaitForGcToComplete blocked NativeAlloc on None for 5.770ms
06-28 17:38:16.853  1596  1611 I WifiService: releaseWifiLock uid=10014
06-28 17:38:16.853  1397  1448 D gralloc_ranchu: gralloc_alloc: Creating ashmem region of size 3878912
06-28 17:38:16.981  1411  1411 W SurfaceFlinger: couldn't log to binary event log: overflow.
06-28 17:38:17.006  2534  2624 I PBSessionCacheImpl: Deleted sessionId[7437321066318] from persistence.
06-28 17:38:17.021  1596  2216 I WifiService: getWifiEnabledState uid=10032
06-28 17:38:17.097  2534  2604 W SearchServiceCore: Abort, client detached.
06-28 17:38:17.221  5258  5268 I zygote  : NativeAlloc concurrent copying GC freed 86315(3MB) AllocSpace objects, 0(0B) LOS objects, 25% free, 17MB/23MB, paused 1.608ms total 379ms
06-28 17:38:17.234  5258  5258 I net.osmand: RoutingHelper Recalculate route, because correlation  : 183222.18820280614
06-28 17:38:17.234  5258  5258 I net.osmand: RoutingHelper Recalculate route, because wrong movement direction: 183532.53
06-28 17:38:17.243  5258  5258 I net.osmand: RoutingHelper Recalculate route, because correlation  : 183222.18820280614
06-28 17:38:17.811  5258  5258 I chatty  : uid=10104(net.osmand) identical 1 line
06-28 17:38:17.892  5258  5258 I net.osmand: RoutingHelper Recalculate route, because correlation  : 183222.18820280614
06-28 17:38:17.892  5258  5258 I net.osmand: RoutingHelper Recalculate route, because wrong movement direction: 183532.53
06-28 17:38:18.265  5258  5258 I net.osmand: RoutingHelper Recalculate route, because correlation  : 183222.18820280614
06-28 17:38:18.265  5258  5258 I net.osmand: RoutingHelper Recalculate route, because wrong movement direction: 183532.53
06-28 17:38:18.275  5258  5258 I net.osmand: RoutingHelper Recalculate route, because correlation  : 183222.18820280614
06-28 17:38:18.399  1596  1621 I zygote  : Explicit concurrent copying GC freed 22855(1139KB) AllocSpace objects, 6(312KB) LOS objects, 29% free, 14MB/20MB, paused 935us total 325.523ms
06-28 17:38:19.112  5258  5258 I net.osmand: RoutingHelper Recalculate route, because correlation  : 183222.18820280614
06-28 17:38:19.138  5258  5258 I net.osmand: RoutingHelper Recalculate route, because correlation  : 183222.18820280614
06-28 17:38:19.138  5258  5258 I net.osmand: RoutingHelper Recalculate route, because wrong movement direction: 183532.53
06-28 17:38:19.193  5258  5258 I net.osmand: RoutingHelper Recalculate route, because correlation  : 183222.18820280614
06-28 17:38:19.204  5258  5258 I net.osmand: RoutingHelper Recalculate route, because correlation  : 183222.18820280614
06-28 17:38:19.205  5258  5258 I net.osmand: RoutingHelper Recalculate route, because wrong movement direction: 183532.53
06-28 17:38:19.430  1596  1613 E memtrack: Couldn't load memtrack module
06-28 17:38:19.431  1596  1613 W android.os.Debug: failed to get memory consumption info: -1
06-28 17:38:19.494  1596  1613 E memtrack: Couldn't load memtrack module
06-28 17:38:19.494  1596  1613 W android.os.Debug: failed to get memory consumption info: -1
06-28 17:38:19.569  1389  1584 W audio_hw_generic: Not supplying enough data to HAL, expected position 33116113 , only wrote 32822640
06-28 17:38:20.131  5258  5258 I net.osmand: RoutingHelper Recalculate route, because correlation  : 183222.18820280614
06-28 17:38:20.135  5258  5258 I net.osmand: RoutingHelper Recalculate route, because correlation  : 183222.18820280614
06-28 17:38:20.135  5258  5258 I net.osmand: RoutingHelper Recalculate route, because wrong movement direction: 183532.53
06-28 17:38:20.228  1976  8439 I Places  : Converted 1 out of 1 WiFi scans
06-28 17:38:20.230  1596  1877 I WifiService: getConnectionInfo uid=10014
06-28 17:38:20.331  1976  8439 I PlaceInferenceEngine: Too few candidate results: percentageOfMissingArea 98
06-28 17:38:20.377  5258  5258 I net.osmand: RoutingHelper Recalculate route, because correlation  : 183222.18820280614
06-28 17:38:20.429  1976  8499 E cddv    : *~*~*~ Channel {0} was not shutdown properly!!! ~*~*~*
06-28 17:38:20.429  1976  8499 E cddv    :     Make sure to call shutdown()/shutdownNow() and wait until awaitTermination() returns true.
06-28 17:38:20.429  1976  8499 E cddv    : java.lang.RuntimeException: ManagedChannel allocation site
06-28 17:38:20.429  1976  8499 E cddv    : 	at cddy.<init>(:com.google.android.gms@17785022@17.7.85 (040700-253824076):1)
06-28 17:38:20.429  1976  8499 E cddv    : 	at cddv.<init>(:com.google.android.gms@17785022@17.7.85 (040700-253824076):2)
06-28 17:38:20.429  1976  8499 E cddv    : 	at ccwm.b(:com.google.android.gms@17785022@17.7.85 (040700-253824076):14)
06-28 17:38:20.429  1976  8499 E cddv    : 	at sje.a(:com.google.android.gms@17785022@17.7.85 (040700-253824076):44)
06-28 17:38:20.429  1976  8499 E cddv    : 	at sje.a(:com.google.android.gms@17785022@17.7.85 (040700-253824076):59)
06-28 17:38:20.429  1976  8499 E cddv    : 	at bhkv.call(:com.google.android.gms@17785022@17.7.85 (040700-253824076):24)
06-28 17:38:20.429  1976  8499 E cddv    : 	at bhjd.run(:com.google.android.gms@17785022@17.7.85 (040700-253824076):1)
06-28 17:38:20.429  1976  8499 E cddv    : 	at squ.b(:com.google.android.gms@17785022@17.7.85 (040700-253824076):37)
06-28 17:38:20.429  1976  8499 E cddv    : 	at squ.run(:com.google.android.gms@17785022@17.7.85 (040700-253824076):21)
06-28 17:38:20.429  1976  8499 E cddv    : 	at java.util.concurrent.ThreadPoolExecutor.runWorker(ThreadPoolExecutor.java:1162)
06-28 17:38:20.429  1976  8499 E cddv    : 	at java.util.concurrent.ThreadPoolExecutor$Worker.run(ThreadPoolExecutor.java:636)
06-28 17:38:20.429  1976  8499 E cddv    : 	at swz.run(Unknown Source:7)
06-28 17:38:20.429  1976  8499 E cddv    : 	at java.lang.Thread.run(Thread.java:764)
06-28 17:38:20.456  1596  1617 I WifiService: requestActivityInfo uid=1000
06-28 17:38:20.456  1596  1617 I WifiService: reportActivityInfo uid=1000
06-28 17:38:20.457  1596  1617 I WifiService: getSupportedFeatures uid=1000
06-28 17:38:20.499  5258  5258 I net.osmand: RoutingHelper Recalculate route, because correlation  : 183222.18820280614
06-28 17:38:20.499  5258  5258 I net.osmand: RoutingHelper Recalculate route, because wrong movement direction: 183532.53
06-28 17:38:20.552  2534  5385 E PlaceStateUpdater: Received no places
06-28 17:38:20.577  1976  8497 W Conscrypt: Could not set socket write timeout: java.net.SocketException: Socket closed
06-28 17:38:20.578  1976  8497 W Conscrypt: 	at com.google.android.gms.org.conscrypt.Platform.setSocketWriteTimeout(:com.google.android.gms@17785022@17.7.85 (040700-253824076):2)
06-28 17:38:20.578  1976  8497 W Conscrypt: 	at com.google.android.gms.org.conscrypt.ConscryptFileDescriptorSocket.setSoWriteTimeout(:com.google.android.gms@17785022@17.7.85 (040700-253824076):2)
06-28 17:38:20.608  1976  1986 I zygote  : Background concurrent copying GC freed 129154(5MB) AllocSpace objects, 36(2MB) LOS objects, 37% free, 10MB/16MB, paused 2.835ms total 441.753ms
06-28 17:38:20.691  1596  6750 I WifiService: getConnectionInfo uid=10014
06-28 17:38:20.695  1976  8317 E WakeLock: GCM_HB_ALARM release without a matched acquire!
06-28 17:38:21.122  5258  5258 I net.osmand: RoutingHelper Recalculate route, because correlation  : 183222.18820280614
06-28 17:38:21.131  5258  5258 I net.osmand: RoutingHelper Recalculate route, because correlation  : 183222.18820280614
06-28 17:38:21.131  5258  5258 I net.osmand: RoutingHelper Recalculate route, because wrong movement direction: 183532.53
06-28 17:38:21.676  5258  5258 I net.osmand: RoutingHelper Recalculate route, because correlation  : 183222.18820280614
06-28 17:38:21.698  5258  5258 I net.osmand: RoutingHelper Recalculate route, because correlation  : 183222.18820280614
06-28 17:38:21.698  5258  5258 I net.osmand: RoutingHelper Recalculate route, because wrong movement direction: 183532.53
06-28 17:38:22.150  5258  5258 I net.osmand: RoutingHelper Recalculate route, because correlation  : 183222.18820280614
06-28 17:38:22.160  5258  5258 I net.osmand: RoutingHelper Recalculate route, because correlation  : 183222.18820280614
06-28 17:38:22.160  5258  5258 I net.osmand: RoutingHelper Recalculate route, because wrong movement direction: 183532.53
06-28 17:38:22.315  1976  8439 I Places  : ?: PlacesBleScanner stop()
06-28 17:38:22.317  1976  1976 I BeaconBle: Scan : No clients left, canceling alarm.
06-28 17:38:22.321  1976  1976 I BeaconBle: Scan canceled successfully.
06-28 17:38:22.352  1976  8439 I PlaceInferenceEngine: [anon] Changed inference mode: 0
06-28 17:38:22.352  1976  8439 I PlaceInferenceEngine: [account#1066226748] Changed inference mode: 0
06-28 17:38:22.358  1596  1613 E memtrack: Couldn't load memtrack module
06-28 17:38:22.359  1596  1613 W android.os.Debug: failed to get memory consumption info: -1
06-28 17:38:22.388  1976  8497 W Conscrypt: Could not set socket write timeout: java.net.SocketException: Socket closed
06-28 17:38:22.389  1976  8497 W Conscrypt: 	at com.google.android.gms.org.conscrypt.Platform.setSocketWriteTimeout(:com.google.android.gms@17785022@17.7.85 (040700-253824076):2)
06-28 17:38:22.389  1976  8497 W Conscrypt: 	at com.google.android.gms.org.conscrypt.ConscryptFileDescriptorSocket.setSoWriteTimeout(:com.google.android.gms@17785022@17.7.85 (040700-253824076):2)
06-28 17:38:22.504  1596  1613 E memtrack: Couldn't load memtrack module
06-28 17:38:22.504  1596  1613 W android.os.Debug: failed to get memory consumption info: -1
06-28 17:38:22.585  1976  1976 I GeofencerStateMachine: removeGeofences: removeRequest=RemoveGeofencingRequest[REMOVE_BY_PENDING_INTENT pendingIntent=PendingIntent[creatorPackage=com.google.android.gms], packageName=com.google.android.gms]
06-28 17:38:22.606  1976  2781 W MessageQueue: Handler (aeyl) {4740c75} sending message to a Handler on a dead thread
06-28 17:38:22.606  1976  2781 W MessageQueue: java.lang.IllegalStateException: Handler (aeyl) {4740c75} sending message to a Handler on a dead thread
06-28 17:38:22.606  1976  2781 W MessageQueue: 	at android.os.MessageQueue.enqueueMessage(MessageQueue.java:545)
06-28 17:38:22.606  1976  2781 W MessageQueue: 	at android.os.Handler.enqueueMessage(Handler.java:662)
06-28 17:38:22.606  1976  2781 W MessageQueue: 	at android.os.Handler.sendMessageAtTime(Handler.java:631)
06-28 17:38:22.606  1976  2781 W MessageQueue: 	at aeyl.sendMessageAtTime(Unknown Source:3)
06-28 17:38:22.606  1976  2781 W MessageQueue: 	at android.os.Handler.sendMessageDelayed(Handler.java:601)
06-28 17:38:22.606  1976  2781 W MessageQueue: 	at android.os.Handler.post(Handler.java:357)
06-28 17:38:22.606  1976  2781 W MessageQueue: 	at bcln.execute(Unknown Source:2)
06-28 17:38:22.606  1976  2781 W MessageQueue: 	at aanh.execute(Unknown Source:9)
06-28 17:38:22.606  1976  2781 W MessageQueue: 	at avft.a(:com.google.android.gms@17785022@17.7.85 (040700-253824076):3)
06-28 17:38:22.606  1976  2781 W MessageQueue: 	at avgk.a(:com.google.android.gms@17785022@17.7.85 (040700-253824076):8)
06-28 17:38:22.606  1976  2781 W MessageQueue: 	at avgn.a(:com.google.android.gms@17785022@17.7.85 (040700-253824076):43)
06-28 17:38:22.606  1976  2781 W MessageQueue: 	at avgj.a(:com.google.android.gms@17785022@17.7.85 (040700-253824076):2)
06-28 17:38:22.606  1976  2781 W MessageQueue: 	at rpj.a(:com.google.android.gms@17785022@17.7.85 (040700-253824076):3)
06-28 17:38:22.606  1976  2781 W MessageQueue: 	at rpj.a(:com.google.android.gms@17785022@17.7.85 (040700-253824076):2)
06-28 17:38:22.606  1976  2781 W MessageQueue: 	at agos.a(Unknown Source:2)
06-28 17:38:22.606  1976  2781 W MessageQueue: 	at rnt.a(Unknown Source:11)
06-28 17:38:22.606  1976  2781 W MessageQueue: 	at aamg.a(:com.google.android.gms@17785022@17.7.85 (040700-253824076):1)
06-28 17:38:22.606  1976  2781 W MessageQueue: 	at cwm.onTransact(:com.google.android.gms@17785022@17.7.85 (040700-253824076):4)
06-28 17:38:22.606  1976  2781 W MessageQueue: 	at android.os.Binder.execTransact(Binder.java:697)
06-28 17:38:22.958  5258  5258 I net.osmand: RoutingHelper Recalculate route, because correlation  : 183222.18820280614
06-28 17:38:23.023  5258  5258 I net.osmand: RoutingHelper Recalculate route, because correlation  : 183222.18820280614
06-28 17:38:23.023  5258  5258 I net.osmand: RoutingHelper Recalculate route, because wrong movement direction: 183532.53
06-28 17:38:23.141  5258  5258 I net.osmand: RoutingHelper Recalculate route, because correlation  : 183222.18820280614
06-28 17:38:23.153  5258  5258 I net.osmand: RoutingHelper Recalculate route, because correlation  : 183222.18820280614
06-28 17:38:23.153  5258  5258 I net.osmand: RoutingHelper Recalculate route, because wrong movement direction: 183532.53
06-28 17:38:24.127  5258  5258 I net.osmand: RoutingHelper Recalculate route, because correlation  : 183222.18820280614
06-28 17:38:24.127  5258  5258 I net.osmand: RoutingHelper Recalculate route, because wrong movement direction: 183532.53
06-28 17:38:24.208  5258  5258 I net.osmand: RoutingHelper Recalculate route, because correlation  : 183222.18820280614
06-28 17:38:24.208  5258  5258 I net.osmand: RoutingHelper Recalculate route, because wrong movement direction: 183532.53
06-28 17:38:24.227  5258  5258 I net.osmand: RoutingHelper Recalculate route, because correlation  : 183222.18820280614
06-28 17:38:25.130  5258  5258 I chatty  : uid=10104(net.osmand) identical 2 lines
06-28 17:38:25.134  5258  5258 I net.osmand: RoutingHelper Recalculate route, because correlation  : 183222.18820280614
06-28 17:38:25.134  5258  5258 I net.osmand: RoutingHelper Recalculate route, because wrong movement direction: 183532.53
06-28 17:38:25.509  5258  5258 I net.osmand: RoutingHelper Recalculate route, because correlation  : 183222.18820280614
06-28 17:38:25.524  5258  5258 I net.osmand: RoutingHelper Recalculate route, because correlation  : 183222.18820280614
06-28 17:38:25.524  5258  5258 I net.osmand: RoutingHelper Recalculate route, because wrong movement direction: 183532.53
06-28 17:38:26.130  5258  5258 I net.osmand: RoutingHelper Recalculate route, because correlation  : 183222.18820280614
06-28 17:38:26.130  5258  5258 I net.osmand: RoutingHelper Recalculate route, because wrong movement direction: 183532.53
06-28 17:38:26.153  5258  5258 I net.osmand: RoutingHelper Recalculate route, because correlation  : 183222.18820280614
06-28 17:38:26.190  1596  2224 I WifiService: getConnectionInfo uid=10014
06-28 17:38:26.694  5258  5258 I net.osmand: RoutingHelper Recalculate route, because correlation  : 183222.18820280614
06-28 17:38:26.803  5258  5258 I net.osmand: RoutingHelper Recalculate route, because correlation  : 183222.18820280614
06-28 17:38:26.803  5258  5258 I net.osmand: RoutingHelper Recalculate route, because wrong movement direction: 183532.53
06-28 17:38:26.997  2534  2604 I WorkerManager: dispose()
06-28 17:38:27.014  2534  2604 W ThreadPoolDumper: Queue length for executor EventBus is now 11. Perhaps some tasks are too long, or the pool is too small.
06-28 17:38:27.131  5258  5258 I net.osmand: RoutingHelper Recalculate route, because correlation  : 183222.18820280614
06-28 17:38:27.132  5258  5258 I net.osmand: RoutingHelper Recalculate route, because correlation  : 183222.18820280614
06-28 17:38:27.132  5258  5258 I net.osmand: RoutingHelper Recalculate route, because wrong movement direction: 183532.53
06-28 17:38:27.356  1976  1976 I BeaconBle: Scan : No clients left, canceling alarm.
06-28 17:38:27.909  5258  5258 I net.osmand: RoutingHelper Recalculate route, because correlation  : 183222.18820280614
06-28 17:38:27.939  5258  5258 I net.osmand: RoutingHelper Recalculate route, because correlation  : 183222.18820280614
06-28 17:38:27.948  5258  5258 I net.osmand: RoutingHelper Recalculate route, because wrong movement direction: 183532.53
06-28 17:38:28.126  5258  5258 I net.osmand: RoutingHelper Recalculate route, because correlation  : 183222.18820280614
06-28 17:38:28.133  5258  5258 I net.osmand: RoutingHelper Recalculate route, because correlation  : 183222.18820280614
06-28 17:38:28.134  5258  5258 I net.osmand: RoutingHelper Recalculate route, because wrong movement direction: 183532.53
06-28 17:38:29.122  5258  5258 I net.osmand: RoutingHelper Recalculate route, because correlation  : 183222.18820280614
06-28 17:38:29.180  5258  5258 I net.osmand: RoutingHelper Recalculate route, because correlation  : 183222.18820280614
06-28 17:38:29.180  5258  5258 I net.osmand: RoutingHelper Recalculate route, because wrong movement direction: 183532.53
