--------- beginning of system
07-18 10:44:36.104  1592  1664 D NetworkStats: Resolving plan for NetworkTemplate: matchRule=MOBILE_ALL, subscriberId=310260..., matchSubscriberIds=[310260...]
07-18 10:44:36.106  1592  1664 D NetworkStats: Found active matching subId 1
07-18 10:44:36.115  1592  1664 D NetworkStats: Resolved to plan null
07-18 10:44:36.268  1592  6499 I ActivityManager: START u0 {act=android.intent.action.MAIN cat=[android.intent.category.HOME] flg=0x10000000 cmp=com.google.android.apps.nexuslauncher/.NexusLauncherActivity} from uid 2000
07-18 10:44:39.544  1592  1852 I ActivityManager: Force stopping com.skgames.trafficrider appid=10081 user=0: from pid 7871
07-18 10:44:39.699  1592  6498 I ActivityManager: Force stopping com.EvilChaotic.ModernWarplanes appid=10082 user=0: from pid 7875
07-18 10:44:39.921  1592  1602 I ActivityManager: Force stopping com.ea.games.r3_row appid=10083 user=0: from pid 7881
07-18 10:44:40.200  1592  1852 W ActivityManager: Invalid packageName: android.media.action.IMAGE_CAPTURE
07-18 10:44:40.717  1592  1852 W ActivityManager: Background start not allowed: service Intent { cmp=com.google.android.apps.messaging/.shared.datamodel.action.execution.ActionExecutorImpl$EmptyService } to com.google.android.apps.messaging/.shared.datamodel.action.execution.ActionExecutorImpl$EmptyService from pid=2969 uid=10068 pkg=com.google.android.apps.messaging
07-18 10:44:40.735  1785  1785 D MccTable: updateMccMncConfiguration mccmnc='310260' fromServiceState=true
07-18 10:44:40.748  1785  1785 D MccTable: updateMccMncConfiguration defaultMccMnc=310260
07-18 10:44:40.748  1785  1785 D MccTable: updateMccMncConfiguration: mcc=310, mnc=260
07-18 10:44:40.760  1592  1852 W ActivityManager: Background start not allowed: service Intent { cmp=com.google.android.apps.messaging/.shared.datamodel.action.execution.ActionExecutorImpl$EmptyService } to com.google.android.apps.messaging/.shared.datamodel.action.execution.ActionExecutorImpl$EmptyService from pid=2969 uid=10068 pkg=com.google.android.apps.messaging
07-18 10:44:40.801  1785  1785 D MccTable: timezone set to America/New_York
07-18 10:44:40.802  1785  1785 D MccTable: WIFI_COUNTRY_CODE set to us
07-18 10:44:40.802  1592  6499 I WifiService: WifiService trying to set country code to us with persist set to false
07-18 10:44:40.872  1592  1606 I ActivityManager: Start proc 7900:com.google.android.apps.photos/u0a67 for broadcast com.google.android.apps.photos/com.google.android.libraries.social.notifications.impl.TimezoneChangeReceiver
07-18 10:44:40.923  1785  1785 I TelecomFramework: PstnIncomingCallNotifier: Unregistering: Handler (com.android.internal.telephony.GsmCdmaPhone) {a62b4de}
07-18 10:44:40.931  1592  1592 D ConditionProviders.SCP: onReceive android.intent.action.TIMEZONE_CHANGED
07-18 10:44:40.944  1592  1592 D ConditionProviders.SCP: notifyCondition condition://android/schedule?days=6.7&start=23.30&end=10.0&exitAtAlarm=false STATE_FALSE reason=!meetsSchedule
07-18 10:44:40.944  1592  1592 D ConditionProviders.SCP: notifyCondition condition://android/schedule?days=1.2.3.4.5&start=22.0&end=7.0&exitAtAlarm=false STATE_FALSE reason=!meetsSchedule
07-18 10:44:40.977  1592  1592 D ConditionProviders.SCP: Scheduling evaluate for Thu Jul 18 22:00:00 EDT 2019 (1563501600000), in +11h15m19s61ms, now=Thu Jul 18 10:44:40 EDT 2019 (1563461080939)
07-18 10:44:41.026  1592  3044 I Telecom : PhoneAccountRegistrar: Modify account: [ComponentInfo{com.android.phone/com.android.services.telephony.TelephonyConnectionService}, [****], UserHandle{0}(lbl: Android -> )(desc: Android -> )]: TSI.rPA@AJs
07-18 10:44:41.038  1785  1785 I TelecomFramework: AccountEntry: Registered phoneAccount: [[ ] PhoneAccount: ComponentInfo{com.android.phone/com.android.services.telephony.TelephonyConnectionService}, [****], UserHandle{0} Capabilities: CallProvider MultiUser PlaceEmerg SimSub  Audio Routes: BESW Schemes: tel voicemail  Extras: Bundle[{android.telecom.extra.SUPPORTS_VIDEO_CALLING_FALLBACK=true}] GroupId: [****]] with handle: ComponentInfo{com.android.phone/com.android.services.telephony.TelephonyConnectionService}, [****], UserHandle{0}
07-18 10:44:41.038  1785  1785 I TelecomFramework: PstnIncomingCallNotifier: Registering: Handler (com.android.internal.telephony.GsmCdmaPhone) {a62b4de}
07-18 10:44:41.088  1785  1785 I TelecomFramework: PstnPhoneCapabilitiesNotifier: handleVideoCapabilitesChanged. Video capability - false
07-18 10:44:41.112  1592  1677 W ActivityManager: Slow operation: 98ms so far, now at startProcess: returned from zygote!
07-18 10:44:41.112  1592  1677 W ActivityManager: Slow operation: 98ms so far, now at startProcess: done updating battery stats
07-18 10:44:41.112  1592  1677 W ActivityManager: Slow operation: 98ms so far, now at startProcess: building log message
07-18 10:44:41.112  1592  1677 I ActivityManager: Start proc 7917:com.android.providers.calendar/u0a4 for content provider com.android.providers.calendar/.CalendarProvider2
07-18 10:44:41.112  1592  1677 W ActivityManager: Slow operation: 98ms so far, now at startProcess: starting to update pids map
07-18 10:44:41.112  1592  1677 W ActivityManager: Slow operation: 98ms so far, now at startProcess: done updating pids map
07-18 10:44:41.112  1592  1677 W ActivityManager: Slow operation: 99ms so far, now at startProcess: done starting proc!
07-18 10:44:41.112  1592  1677 W ActivityManager: Slow operation: 100ms so far, now at getContentProviderImpl: after start process
07-18 10:44:41.112  1592  1677 W ActivityManager: Slow operation: 100ms so far, now at getContentProviderImpl: updating data structures
07-18 10:44:41.113  1592  1677 W ActivityManager: Slow operation: 100ms so far, now at getContentProviderImpl: done!
07-18 10:44:41.129  1592  1602 I Telecom : PhoneAccountRegistrar: Modify account: [ComponentInfo{com.android.phone/com.android.services.telephony.TelephonyConnectionService}, [****], UserHandle{0}]: TSI.rPA@AJ4
07-18 10:44:41.463  1592  3555 V MediaRouterService: restoreBluetoothA2dp(false)
07-18 10:44:42.219  1592  3044 I ActivityManager: Start proc 7943:com.google.android.calendar/u0a45 for broadcast com.google.android.calendar/com.android.calendar.widget.CalendarAppWidgetProvider
07-18 10:44:43.421  1592  6498 I ActivityManager: Start proc 7991:com.google.android.deskclock/u0a69 for broadcast com.google.android.deskclock/com.android.deskclock.AlarmInitReceiver
07-18 10:44:44.468  1592  6498 I ActivityManager: Killing 7004:com.google.android.partnersetup/u0a17 (adj 906): empty #17
07-18 10:44:44.522  1592  6498 I ActivityManager: Start proc 8042:com.ustwo.lwp/u0a76 for broadcast com.ustwo.lwp/.TimezoneChangedReceiver
07-18 10:44:44.731  1592  2100 I ActivityManager: Start proc 8061:com.google.android.play.games/u0a84 for broadcast com.google.android.play.games/com.google.android.libraries.notifications.entrypoints.timezonechanged.TimezoneChangedReceiver
07-18 10:44:44.739  1592  4632 I ActivityManager: Killing 7046:com.google.android.videos/u0a74 (adj 906): empty #17
07-18 10:44:45.089  1592  1606 W BroadcastQueue: Skipping deliver [background] BroadcastRecord{a1a2005 u-1 android.net.conn.CONNECTIVITY_CHANGE} to ReceiverList{bbf585a 7905 (unknown name)/2000/u-1 remote:f15a66f}: process gone or crashing
07-18 10:44:45.199  1592  1852 I ActivityManager: START u0 {act=android.intent.action.MAIN cat=[android.intent.category.LAUNCHER] flg=0x10200000 cmp=net.osmand/.plus.activities.MapActivity} from uid 2000
07-18 10:44:45.390  1592  1607 W Looper  : Dispatch took 106ms on android.ui, h=Handler (com.android.server.policy.PhoneWindowManager$PolicyHandler) {3cb8dfe} cb=android.database.ContentObserver$NotificationRunnable@363095f msg=0
07-18 10:44:45.546  1592  1592 W NotificationService: Removed summary didn't match old notification: old=0|net.osmand|100|null|10104, removed=0|net.osmand|100|null|10104
07-18 10:44:45.802  1592  4032 V MediaRouterService: restoreBluetoothA2dp(false)
07-18 10:44:49.475  1592  4452 I ActivityManager: Killing 7158:android.process.media/u0a9 (adj 906): empty #17
07-18 10:44:53.536  1592  4452 V MediaRouterService: restoreBluetoothA2dp(false)
07-18 10:44:54.495  1592  1609 E BatteryExternalStatsWorker: modem info is invalid: ModemActivityInfo{ mTimestamp=0 mSleepTimeMs=0 mIdleTimeMs=0 mTxTimeMs[]=[0, 0, 0, 0, 0] mRxTimeMs=0 mEnergyUsed=0}
07-18 10:44:56.693  1592  6499 V MediaRouterService: restoreBluetoothA2dp(false)
07-18 10:45:03.495  1592  4032 I ActivityManager: Killing 7349:com.android.chrome:webview_service/u0a49 (adj 906): empty #17
07-18 10:45:03.705  1592  1671 D ConnectivityService: NetworkAgentInfo [MOBILE (GPRS) - 100] EVENT_NETWORK_INFO_CHANGED, going from CONNECTED to SUSPENDED
07-18 10:45:03.738  1592  4452 I Telecom : : Adding new incoming call with phoneAccountHandle ComponentInfo{com.android.phone/com.android.services.telephony.TelephonyConnectionService}, [****], UserHandle{0}: TSI.aNIC@AKQ
07-18 10:45:03.748  1592  4452 I Telecom : PhoneAccountRegistrar: SimCallManager queried, returning: null: TSI.aNIC@AKQ
07-18 10:45:03.955  1592  4452 I Telecom : LogUtils: EventRecord added as Call: [TC@1, NEW, null, tel:****, A, childs(0), has_parent(false), [Capabilities:], [Properties:]]: TSI.aNIC@AKQ
07-18 10:45:03.955  1592  4452 I Telecom : Event: RecordEntry TC@1: CREATED, null: TSI.aNIC@AKQ
07-18 10:45:03.963  1592  4452 I Telecom : PhoneAccountRegistrar: SimCallManager queried, returning: null: TSI.aNIC@AKQ
07-18 10:45:03.963  1592  4452 I Telecom : CreateConnectionProcessor: Trying attempt CallAttemptRecord(ComponentInfo{com.android.phone/com.android.services.telephony.TelephonyConnectionService}, [****], UserHandle{0},ComponentInfo{com.android.phone/com.android.services.telephony.TelephonyConnectionService}, [****], UserHandle{0}): TSI.aNIC@AKQ
07-18 10:45:03.967  1592  4452 I Telecom : Event: RecordEntry TC@1: BIND_CS, ComponentInfo{com.android.phone/com.android.services.telephony.TelephonyConnectionService}: TSI.aNIC@AKQ
07-18 10:45:03.975  1592  1592 I Telecom : TelecomSystem: CallerInfoAsyncQuery.startQuery number=[****] cookie=TSI.aNIC->CILH.sL->CILH.sL@AKQ: TSI.aNIC->CILH.sL@AKQ
07-18 10:45:04.036  1592  1592 I Telecom : ServiceBinderConnection: Service bound ComponentInfo{com.android.phone/com.android.services.telephony.TelephonyConnectionService}: SBC.oSC@AKU
07-18 10:45:04.036  1592  1592 I Telecom : Event: RecordEntry TC@1: CS_BOUND, ComponentInfo{com.android.phone/com.android.services.telephony.TelephonyConnectionService}: SBC.oSC@AKU
07-18 10:45:04.038  1592  1592 I Telecom : Event: RecordEntry TC@1: START_CONNECTION, tel:****: SBC.oSC@AKU
07-18 10:45:04.044  1592  2497 D CountryDetector: The first listener is added
07-18 10:45:04.058  1592  6499 I Telecom : PhoneAccountRegistrar: SimCallManager queried, returning: null: (...->CS.aCSA->H.CS.aCSA)->CSW.qRCS@E-E-AKU
07-18 10:45:04.061  1785  1785 I Telephony: TelephonyConnectionService: onCreateIncomingConnection, request: ConnectionRequest xxxxxxxx Bundle[mParcelledData.dataSize=472]: (SBC.oSC)->CS.crCo->H.CS.crCo->H.CS.crCo.pICR@E-AKU
07-18 10:45:04.086  1592  6499 I Telecom : Event: RecordEntry TC@1: CAPABILITY_CHANGE, Current: [[ sup_hld mut !v2a spd_aud]], Removed [[]], Added [[ sup_hld mut !v2a spd_aud]]: (...->CS.crCo->H.CS.crCo->H.CS.crCo.pICR)->CSW.hCCC@E-E-AKU
07-18 10:45:04.087  1592  6499 I Telecom : Event: RecordEntry TC@1: FILTERING_INITIATED, null: (...->CS.crCo->H.CS.crCo->H.CS.crCo.pICR)->CSW.hCCC@E-E-AKU
07-18 10:45:04.087  1592  6499 I Telecom : Event: RecordEntry TC@1: DIRECT_TO_VM_INITIATED, null: (...->CS.crCo->H.CS.crCo->H.CS.crCo.pICR)->CSW.hCCC@E-E-AKU
07-18 10:45:04.087  1592  6499 I Telecom : CallerInfoLookupHelper: There is a previously incomplete query for handle tel:****. Adding to listeners for this query.: (...->CS.crCo->H.CS.crCo->H.CS.crCo.pICR)->CSW.hCCC@E-E-AKU
07-18 10:45:04.088  1592  6499 I Telecom : Event: RecordEntry TC@1: SCREENING_SENT, null: (...->CS.crCo->H.CS.crCo->H.CS.crCo.pICR)->CSW.hCCC@E-E-AKU
07-18 10:45:04.088  1592  6499 I Telecom : CallScreeningServiceFilter: There are no call screening services installed on this device.: (...->CS.crCo->H.CS.crCo->H.CS.crCo.pICR)->CSW.hCCC@E-E-AKU
07-18 10:45:04.088  1592  6499 I Telecom : CallScreeningServiceFilter: Could not bind to call screening service: (...->CS.crCo->H.CS.crCo->H.CS.crCo.pICR)->CSW.hCCC@E-E-AKU
07-18 10:45:04.088  1592  6499 I Telecom : Event: RecordEntry TC@1: SCREENING_COMPLETED, [Allow, logged, notified]: (...->CS.crCo->H.CS.crCo->H.CS.crCo.pICR)->CSW.hCCC@E-E-AKU
07-18 10:45:04.089  1592  7924 I Telecom : Event: RecordEntry TC@1: BLOCK_CHECK_INITIATED, null: (...->CS.crCo->H.CS.crCo->H.CS.crCo.pICR)->CSW.hCCC->ABCF.dIB@E-E-AKU
07-18 10:45:04.095  1785  1785 I Telephony: TelephonyConnectionService: notifyCreateConnectionComplete TC@1_1: (...->CSW.hCCC)->CS.crCoC->H.CS.crCoC@E-E-E-AKU
07-18 10:45:04.424  1592  1592 I Telecom : Event: RecordEntry TC@1: BLOCK_CHECK_FINISHED, [Allow, logged, notified]: (...->CS.crCo->H.CS.crCo->H.CS.crCo.pICR)->CSW.hCCC->ABCF.oPE@E-E-AKU
07-18 10:45:04.431  1592  1592 I Telecom : CallerInfoLookupHelper: CI query for handle tel:**** has completed; notifying all listeners.: TSI.aNIC->CILH.sL->CILH.oQC@AKQ
07-18 10:45:04.431  1592  1592 I Telecom : Call: CallerInfo received for tel:****: com.android.internal.telephony.CallerInfo@b2d512c { name null, phoneNumber non-null }: TSI.aNIC->CILH.sL->CILH.oQC@AKQ
07-18 10:45:04.431  1592  1592 I Telecom : Event: RecordEntry TC@1: DIRECT_TO_VM_FINISHED, [Allow, logged, notified]: TSI.aNIC->CILH.sL->CILH.oQC@AKQ
07-18 10:45:04.431  1592  1592 I Telecom : CallerInfoLookupHelper: There is no photo for this contact, skipping photo query: TSI.aNIC->CILH.sL->CILH.oQC@AKQ
07-18 10:45:04.432  1592  1592 I Telecom : Event: RecordEntry TC@1: FILTERING_COMPLETED, [Allow, logged, notified]: TSI.aNIC->CILH.sL->CILH.oQC->ICF.oCFC@AKQ
07-18 10:45:04.432  1592  1592 I Telecom : CallsManager: setCallState NEW -> RINGING, call: [TC@1, NEW, com.android.phone/com.android.services.telephony.TelephonyConnectionService, tel:****, A, childs(0), has_parent(false), [Capabilities: CAPABILITY_SUPPORT_HOLD CAPABILITY_MUTE CAPABILITY_CANNOT_DOWNGRADE_VIDEO_TO_AUDIO CAPABILITY_SPEED_UP_MT_AUDIO], [Properties:]]: TSI.aNIC->CILH.sL->CILH.oQC->ICF.oCFC@AKQ
07-18 10:45:04.442  1592  1592 I Telecom : Event: RecordEntry TC@1: SET_RINGING, successful incoming call: TSI.aNIC->CILH.sL->CILH.oQC->ICF.oCFC@AKQ
07-18 10:45:04.447  1592  1890 I Telecom : CallAudioRouteStateMachine: Message received: UPDATE_SYSTEM_AUDIO_ROUTE=1201, arg1=0: TSI.aNIC->CILH.sL->CILH.oQC->ICF.oCFC->CARSM.pM_UPDATE_SYSTEM_AUDIO_ROUTE@AKQ
07-18 10:45:04.457  1592  1592 I Telecom : InCallController: onCallAdded: [TC@1, RINGING, com.android.phone/com.android.services.telephony.TelephonyConnectionService, tel:****, A, childs(0), has_parent(false), [Capabilities: CAPABILITY_SUPPORT_HOLD CAPABILITY_MUTE CAPABILITY_CANNOT_DOWNGRADE_VIDEO_TO_AUDIO CAPABILITY_SPEED_UP_MT_AUDIO], [Properties:]]; not bound or connected.: TSI.aNIC->CILH.sL->CILH.oQC->ICF.oCFC@AKQ
07-18 10:45:04.457  1592  1898 I Telecom : CallAudioModeStateMachine: Message received: NEW_RINGING_CALL.: TSI.aNIC->CILH.sL->CILH.oQC->ICF.oCFC->CAMSM.pM_2002@AKQ
07-18 10:45:04.457  1592  1592 I Telecom : InCallController: defaultDialer: null: TSI.aNIC->CILH.sL->CILH.oQC->ICF.oCFC@AKQ
07-18 10:45:04.458  1592  1898 I Telecom : CallAudioModeStateMachine: Audio focus entering RINGING state: TSI.aNIC->CILH.sL->CILH.oQC->ICF.oCFC->CAMSM.pM_2002@AKQ
07-18 10:45:04.458  1592  1592 I Telecom : InCallController: defaultDialer: null: TSI.aNIC->CILH.sL->CILH.oQC->ICF.oCFC@AKQ
07-18 10:45:04.469  1592  1592 I Telecom : CarSwappingInCallServiceConnection: carmodechange: false => false: TSI.aNIC->CILH.sL->CILH.oQC->ICF.oCFC@AKQ
07-18 10:45:04.470  1592  1592 I Telecom : EmergencyCallHelper: ShouldGrantTemporaryLocationPermission, not emergency: TSI.aNIC->CILH.sL->CILH.oQC->ICF.oCFC@AKQ
07-18 10:45:04.471  1592  1592 I Telecom : EmergencyInCallServiceConnection: Attempting to bind to InCall [ComponentInfo{com.google.android.dialer/com.android.incallui.InCallServiceImpl} supportsExternal? true supportsSelfMg?false], with Intent { act=android.telecom.InCallService cmp=com.google.android.dialer/com.android.incallui.InCallServiceImpl }: TSI.aNIC->CILH.sL->CILH.oQC->ICF.oCFC@AKQ
07-18 10:45:04.503  1592  1592 I ActivityManager: Start proc 8130:com.google.android.dialer/u0a20 for service com.google.android.dialer/com.android.incallui.InCallServiceImpl
07-18 10:45:04.533  1592  1898 I ActivityManager: Start proc 8143:android.process.media/u0a9 for content provider com.android.providers.media/.MediaProvider
07-18 10:45:04.535  1592  1606 W BroadcastQueue: Permission Denial: receiving Intent { act=android.intent.action.PHONE_STATE flg=0x1000010 (has extras) } to ProcessRecord{8799c8 4241:com.mapfactor.navigator:Notifications/u0a88} (pid=4241, uid=10088) requires android.permission.READ_PRIVILEGED_PHONE_STATE due to sender android (uid 1000)
07-18 10:45:04.536  1592  1606 W BroadcastQueue: Permission Denial: receiving Intent { act=android.intent.action.PHONE_STATE flg=0x1000010 (has extras) } to ProcessRecord{3123a16 1695:com.android.systemui/u0a29} (pid=1695, uid=10029) requires android.permission.READ_PHONE_STATE due to sender android (uid 1000)
07-18 10:45:04.537  1592  1592 I Telecom : PhoneStateBroadcaster: Broadcasted state change: 1: TSI.aNIC->CILH.sL->CILH.oQC->ICF.oCFC@AKQ
07-18 10:45:04.538  1592  1592 I Telecom : TelecomWakeLock: Acquiring WakeLock with id: 26: TSI.aNIC->CILH.sL->CILH.oQC->ICF.oCFC@AKQ
07-18 10:45:04.538  1592  1592 I Telecom : InCallWakeLockController: Acquiring full wake lock: TSI.aNIC->CILH.sL->CILH.oQC->ICF.oCFC@AKQ
07-18 10:45:04.541  1592  1592 I Telecom : IncomingCallNotifier: updateIncomingCall: foundIncomingcall = null: TSI.aNIC->CILH.sL->CILH.oQC->ICF.oCFC@AKQ
07-18 10:45:04.543  1592  1890 I Telecom : CallAudioRouteStateMachine: setSystemAudioState: changing from [AudioState isMuted: false, route: EARPIECE, supportedRouteMask: EARPIECE, SPEAKER] to [AudioState isMuted: false, route: EARPIECE, supportedRouteMask: EARPIECE, SPEAKER]: TSI.aNIC->CILH.sL->CILH.oQC->ICF.oCFC->CARSM.pM_UPDATE_SYSTEM_AUDIO_ROUTE@AKQ
07-18 10:45:05.260  1592  1592 I Telecom : InCallController: onConnected to ComponentInfo{com.google.android.dialer/com.android.incallui.InCallServiceImpl}: ICSBC.oSC@AKc
07-18 10:45:05.263  1592  1592 I Telecom : InCallController: Adding 1 calls to InCallService after onConnected: ComponentInfo{com.google.android.dialer/com.android.incallui.InCallServiceImpl}, including external calls: ICSBC.oSC@AKc
07-18 10:45:05.269  1592  1592 I Telecom : InCallController: 1 calls sent to InCallService.: ICSBC.oSC@AKc
07-18 10:45:05.302  1592  1898 I Telecom : Event: RecordEntry TC@1: START_RINGER, null: TSI.aNIC->CILH.sL->CILH.oQC->ICF.oCFC->CAMSM.pM_2002@AKQ
07-18 10:45:05.323  1592  8188 I Telecom : AsyncRingtonePlayer: Play ringtone.
07-18 10:45:05.323  1592  1898 I Telecom : Event: RecordEntry TC@1: SKIP_VIBRATION, hasVibrator=false, userRequestsVibrate=false, ringerMode=2, isVibrating=false: TSI.aNIC->CILH.sL->CILH.oQC->ICF.oCFC->CAMSM.pM_2002@AKQ
07-18 10:45:05.359  1592  1890 I Telecom : CallAudioRouteStateMachine: Message received: SWITCH_FOCUS=4001, arg1=3: TSI.aNIC->CILH.sL->CILH.oQC->ICF.oCFC->CAMSM.pM_2002->CARSM.pM_SWITCH_FOCUS@AKQ
07-18 10:45:05.362  1592  1890 I Telecom : Event: RecordEntry TC@1: AUDIO_ROUTE, Leaving state QuiescentEarpieceRoute: TSI.aNIC->CILH.sL->CILH.oQC->ICF.oCFC->CAMSM.pM_2002->CARSM.pM_SWITCH_FOCUS@AKQ
07-18 10:45:05.362  1592  1890 I Telecom : Event: RecordEntry TC@1: AUDIO_ROUTE, Entering state ActiveEarpieceRoute: TSI.aNIC->CILH.sL->CILH.oQC->ICF.oCFC->CAMSM.pM_2002->CARSM.pM_SWITCH_FOCUS@AKQ
07-18 10:45:05.362  1592  1890 I Telecom : Event: RecordEntry TC@1: AUDIO_ROUTE_EARPIECE, null: TSI.aNIC->CILH.sL->CILH.oQC->ICF.oCFC->CAMSM.pM_2002->CARSM.pM_SWITCH_FOCUS@AKQ
07-18 10:45:05.362  1592  1890 I Telecom : CallAudioRouteStateMachine: turning speaker phone false: TSI.aNIC->CILH.sL->CILH.oQC->ICF.oCFC->CAMSM.pM_2002->CARSM.pM_SWITCH_FOCUS@AKQ
07-18 10:45:05.363  1592  1890 I Telecom : CallAudioRouteStateMachine: setSystemAudioState: changing from [AudioState isMuted: false, route: EARPIECE, supportedRouteMask: EARPIECE, SPEAKER] to [AudioState isMuted: false, route: EARPIECE, supportedRouteMask: EARPIECE, SPEAKER]: TSI.aNIC->CILH.sL->CILH.oQC->ICF.oCFC->CAMSM.pM_2002->CARSM.pM_SWITCH_FOCUS@AKQ
07-18 10:45:05.363  1592  1890 I Telecom : InCallController: Calling onAudioStateChanged, audioState: [AudioState isMuted: false, route: EARPIECE, supportedRouteMask: EARPIECE, SPEAKER] -> [AudioState isMuted: false, route: EARPIECE, supportedRouteMask: EARPIECE, SPEAKER]: TSI.aNIC->CILH.sL->CILH.oQC->ICF.oCFC->CAMSM.pM_2002->CARSM.pM_SWITCH_FOCUS@AKQ
07-18 10:45:05.499  1592  8188 I Telecom : AsyncRingtonePlayer: Repeat ringtone.
07-18 10:45:26.807  1592  1609 E BatteryExternalStatsWorker: modem info is invalid: ModemActivityInfo{ mTimestamp=0 mSleepTimeMs=0 mIdleTimeMs=0 mTxTimeMs[]=[0, 0, 0, 0, 0] mRxTimeMs=0 mEnergyUsed=0}
07-18 10:45:33.019  1592  4032 I ActivityManager: Killing 2284:com.google.process.gapps/u0a14 (adj 906): empty #17
07-18 10:45:33.034  1592  4032 I ActivityManager: Killing 7407:com.android.chrome/u0a49 (adj 906): empty #18
07-18 10:46:40.836  1592  6499 W ActivityManager: Background start not allowed: service Intent { cmp=com.google.android.apps.messaging/.shared.datamodel.action.execution.ActionExecutorImpl$EmptyService } to com.google.android.apps.messaging/.shared.datamodel.action.execution.ActionExecutorImpl$EmptyService from pid=2969 uid=10068 pkg=com.google.android.apps.messaging
07-18 10:47:22.157  1592  1609 E BatteryExternalStatsWorker: modem info is invalid: ModemActivityInfo{ mTimestamp=0 mSleepTimeMs=0 mIdleTimeMs=0 mTxTimeMs[]=[0, 0, 0, 0, 0] mRxTimeMs=0 mEnergyUsed=0}
07-18 10:47:55.516  1592  1609 I chatty  : uid=1000(system) batterystats-wo identical 1 line
07-18 10:48:27.583  1592  1609 E BatteryExternalStatsWorker: modem info is invalid: ModemActivityInfo{ mTimestamp=0 mSleepTimeMs=0 mIdleTimeMs=0 mTxTimeMs[]=[0, 0, 0, 0, 0] mRxTimeMs=0 mEnergyUsed=0}
07-18 10:48:37.852  1592  1852 V MediaRouterService: restoreBluetoothA2dp(false)
07-18 10:49:02.175  1592  4032 W ActivityManager: Slow operation: 57ms so far, now at startProcess: returned from zygote!
07-18 10:49:02.175  1592  4032 W ActivityManager: Slow operation: 57ms so far, now at startProcess: done updating battery stats
07-18 10:49:02.175  1592  4032 W ActivityManager: Slow operation: 58ms so far, now at startProcess: building log message
07-18 10:49:02.176  1592  4032 I ActivityManager: Start proc 8260:com.google.process.gapps/u0a14 for content provider com.google.android.gsf/.settings.GoogleSettingsProvider
07-18 10:49:02.176  1592  4032 W ActivityManager: Slow operation: 58ms so far, now at startProcess: starting to update pids map
07-18 10:49:02.176  1592  4032 W ActivityManager: Slow operation: 58ms so far, now at startProcess: done updating pids map
07-18 10:49:02.176  1592  4032 W ActivityManager: Slow operation: 58ms so far, now at startProcess: done starting proc!
07-18 10:49:02.176  1592  4032 W ActivityManager: Slow operation: 59ms so far, now at getContentProviderImpl: after start process
07-18 10:49:02.176  1592  4032 W ActivityManager: Slow operation: 59ms so far, now at getContentProviderImpl: updating data structures
07-18 10:49:02.187  1592  4032 W ActivityManager: Slow operation: 70ms so far, now at getContentProviderImpl: done!
07-18 10:49:02.444  1592  8080 I ActivityManager: Killing 7489:com.google.android.gms.unstable/u0a14 (adj 904): empty #17
07-18 10:49:42.837  1592  1609 E BatteryExternalStatsWorker: modem info is invalid: ModemActivityInfo{ mTimestamp=0 mSleepTimeMs=0 mIdleTimeMs=0 mTxTimeMs[]=[0, 0, 0, 0, 0] mRxTimeMs=0 mEnergyUsed=0}
07-18 10:50:56.406  1592  1721 V MediaRouterService: restoreBluetoothA2dp(false)
07-18 10:52:24.876  1592  1671 D ConnectivityService: NetworkAgentInfo [MOBILE (GPRS) - 100] validation failed
07-18 10:52:26.040  1592  2101 V MediaRouterService: restoreBluetoothA2dp(false)
07-18 10:52:43.344  1592  1609 E BatteryExternalStatsWorker: modem info is invalid: ModemActivityInfo{ mTimestamp=0 mSleepTimeMs=0 mIdleTimeMs=0 mTxTimeMs[]=[0, 0, 0, 0, 0] mRxTimeMs=0 mEnergyUsed=0}
07-18 10:52:46.519  1592  1671 D ConnectivityService: NetworkAgentInfo [WIFI () - 101] validation failed
07-18 10:52:54.117  1592  1609 E BatteryExternalStatsWorker: modem info is invalid: ModemActivityInfo{ mTimestamp=0 mSleepTimeMs=0 mIdleTimeMs=0 mTxTimeMs[]=[0, 0, 0, 0, 0] mRxTimeMs=0 mEnergyUsed=0}
07-18 10:53:45.290  1592  1609 E BatteryExternalStatsWorker: modem info is invalid: ModemActivityInfo{ mTimestamp=0 mSleepTimeMs=0 mIdleTimeMs=0 mTxTimeMs[]=[0, 0, 0, 0, 0] mRxTimeMs=0 mEnergyUsed=0}
07-18 10:55:18.202  1592  1609 E BatteryExternalStatsWorker: modem info is invalid: ModemActivityInfo{ mTimestamp=0 mSleepTimeMs=0 mIdleTimeMs=0 mTxTimeMs[]=[0, 0, 0, 0, 0] mRxTimeMs=0 mEnergyUsed=0}
07-18 10:55:45.419  1592  1609 E BatteryExternalStatsWorker: modem info is invalid: ModemActivityInfo{ mTimestamp=0 mSleepTimeMs=0 mIdleTimeMs=0 mTxTimeMs[]=[0, 0, 0, 0, 0] mRxTimeMs=0 mEnergyUsed=0}
07-18 10:59:26.684  1592  1609 E BatteryExternalStatsWorker: modem info is invalid: ModemActivityInfo{ mTimestamp=0 mSleepTimeMs=0 mIdleTimeMs=0 mTxTimeMs[]=[0, 0, 0, 0, 0] mRxTimeMs=0 mEnergyUsed=0}
07-18 11:00:02.759  1592  1609 E BatteryExternalStatsWorker: modem info is invalid: ModemActivityInfo{ mTimestamp=0 mSleepTimeMs=0 mIdleTimeMs=0 mTxTimeMs[]=[0, 0, 0, 0, 0] mRxTimeMs=0 mEnergyUsed=0}
07-18 11:00:05.180  1592  1605 I UsageStatsService: User[0] Flushing usage stats to disk
07-18 11:00:55.098  1592  1609 E BatteryExternalStatsWorker: modem info is invalid: ModemActivityInfo{ mTimestamp=0 mSleepTimeMs=0 mIdleTimeMs=0 mTxTimeMs[]=[0, 0, 0, 0, 0] mRxTimeMs=0 mEnergyUsed=0}
07-18 11:02:40.441  1592  1671 D ConnectivityService: NetworkAgentInfo [MOBILE (GPRS) - 100] validation failed
07-18 11:02:56.039  1592  1609 E BatteryExternalStatsWorker: modem info is invalid: ModemActivityInfo{ mTimestamp=0 mSleepTimeMs=0 mIdleTimeMs=0 mTxTimeMs[]=[0, 0, 0, 0, 0] mRxTimeMs=0 mEnergyUsed=0}
07-18 11:03:29.669  1592  1671 D ConnectivityService: NetworkAgentInfo [WIFI () - 101] validation failed
07-18 11:08:19.082  1592  1609 E BatteryExternalStatsWorker: modem info is invalid: ModemActivityInfo{ mTimestamp=0 mSleepTimeMs=0 mIdleTimeMs=0 mTxTimeMs[]=[0, 0, 0, 0, 0] mRxTimeMs=0 mEnergyUsed=0}
07-18 11:08:22.776  1592  1609 E KernelCpuSpeedReader: Failed to read cpu-freq: /sys/devices/system/cpu/cpu0/cpufreq/stats/time_in_state (No such file or directory)
07-18 11:08:22.782  1592  1609 E BatteryExternalStatsWorker: modem info is invalid: ModemActivityInfo{ mTimestamp=0 mSleepTimeMs=0 mIdleTimeMs=0 mTxTimeMs[]=[0, 0, 0, 0, 0] mRxTimeMs=0 mEnergyUsed=0}
07-18 11:08:23.594  1592  1606 W BroadcastQueue: Background execution not allowed: receiving Intent { act=android.intent.action.DROPBOX_ENTRY_ADDED flg=0x10 (has extras) } to com.google.android.gms/.stats.service.DropBoxEntryAddedReceiver
07-18 11:08:23.594  1592  1606 W BroadcastQueue: Background execution not allowed: receiving Intent { act=android.intent.action.DROPBOX_ENTRY_ADDED flg=0x10 (has extras) } to com.google.android.gms/.chimera.GmsIntentOperationService$PersistentTrustedReceiver
07-18 11:08:28.565  1592  1671 D ConnectivityService: reportNetworkConnectivity(101, true) by 10014
07-18 11:08:55.429  1592  1671 I chatty  : uid=1000(system) ConnectivitySer identical 5 lines
07-18 11:08:55.429  1592  1671 D ConnectivityService: reportNetworkConnectivity(101, true) by 10014
07-18 11:08:56.433  1592  1671 D ConnectivityService: NetworkAgentInfo [WIFI () - 101] validation failed
07-18 11:09:03.458  1592  1609 E BatteryExternalStatsWorker: modem info is invalid: ModemActivityInfo{ mTimestamp=0 mSleepTimeMs=0 mIdleTimeMs=0 mTxTimeMs[]=[0, 0, 0, 0, 0] mRxTimeMs=0 mEnergyUsed=0}
07-18 11:09:17.465  1592  1671 D ConnectivityService: NetworkAgentInfo [WIFI () - 101] validation failed
07-18 11:09:31.544  1592  1609 E BatteryExternalStatsWorker: modem info is invalid: ModemActivityInfo{ mTimestamp=0 mSleepTimeMs=0 mIdleTimeMs=0 mTxTimeMs[]=[0, 0, 0, 0, 0] mRxTimeMs=0 mEnergyUsed=0}
07-18 11:09:33.547  1592  1671 D ConnectivityService: NetworkAgentInfo [WIFI () - 101] validation passed
07-18 11:10:24.798  1592  4032 I ActivityManager: Killing 7630:com.google.android.youtube/u0a79 (adj 904): empty for 1819s
07-18 11:10:24.935  1592  6498 D ConnectivityService: ConnectivityService NetworkRequestInfo binderDied(NetworkRequest [ LISTEN id=26, [ Capabilities: INTERNET&NOT_RESTRICTED&TRUSTED&FOREGROUND] ], android.os.BinderProxy@bcd64d9)
07-18 11:12:10.186  1592  1609 E BatteryExternalStatsWorker: modem info is invalid: ModemActivityInfo{ mTimestamp=0 mSleepTimeMs=0 mIdleTimeMs=0 mTxTimeMs[]=[0, 0, 0, 0, 0] mRxTimeMs=0 mEnergyUsed=0}
07-18 11:13:30.655  1592  1671 D ConnectivityService: NetworkAgentInfo [MOBILE (GPRS) - 100] validation failed
07-18 11:13:37.122  1592  1609 E BatteryExternalStatsWorker: modem info is invalid: ModemActivityInfo{ mTimestamp=0 mSleepTimeMs=0 mIdleTimeMs=0 mTxTimeMs[]=[0, 0, 0, 0, 0] mRxTimeMs=0 mEnergyUsed=0}
07-18 11:13:57.608  1592  1609 E KernelCpuSpeedReader: Failed to read cpu-freq: /sys/devices/system/cpu/cpu0/cpufreq/stats/time_in_state (No such file or directory)
07-18 11:13:57.618  1592  1609 E BatteryExternalStatsWorker: modem info is invalid: ModemActivityInfo{ mTimestamp=0 mSleepTimeMs=0 mIdleTimeMs=0 mTxTimeMs[]=[0, 0, 0, 0, 0] mRxTimeMs=0 mEnergyUsed=0}
07-18 11:14:49.214  1592  6498 I ActivityManager: Killing 7077:com.android.vending/u0a26 (adj 902): empty for 1802s
07-18 11:14:49.215  1592  6498 I ActivityManager: Killing 8061:com.google.android.play.games/u0a84 (adj 902): empty for 1804s
07-18 11:14:49.215  1592  6498 I ActivityManager: Killing 8042:com.ustwo.lwp/u0a76 (adj 904): empty for 1804s
07-18 11:14:49.216  1592  6498 I ActivityManager: Killing 7991:com.google.android.deskclock/u0a69 (adj 904): empty for 1804s
07-18 11:14:49.216  1592  6498 I ActivityManager: Killing 7917:com.android.providers.calendar/u0a4 (adj 904): empty for 1805s
07-18 11:14:49.216  1592  6498 I ActivityManager: Killing 2969:com.google.android.apps.messaging/u0a68 (adj 904): empty for 1807s
07-18 11:14:49.349  1592  1664 D NetworkStats: Resolving plan for NetworkTemplate: matchRule=MOBILE_ALL, subscriberId=310260..., matchSubscriberIds=[310260...]
07-18 11:14:49.390  1592  1664 D NetworkStats: Found active matching subId 1
07-18 11:14:49.416  1592  1664 D NetworkStats: Resolved to plan null
07-18 11:15:36.783  1592  4032 D ConnectivityService: requestNetwork for uid/pid:10032/2911 NetworkRequest [ REQUEST id=27, [ Transports: CELLULAR Capabilities: INTERNET&NOT_RESTRICTED&TRUSTED&NOT_VPN] ]
07-18 11:15:36.817  1592  1671 D ConnectivityService: reportNetworkConnectivity(101, false) by 10032
07-18 11:15:46.820  1592  1609 E BatteryExternalStatsWorker: modem info is invalid: ModemActivityInfo{ mTimestamp=0 mSleepTimeMs=0 mIdleTimeMs=0 mTxTimeMs[]=[0, 0, 0, 0, 0] mRxTimeMs=0 mEnergyUsed=0}
07-18 11:15:50.409  1592  1592 I ActivityManager: Start proc 8595:com.google.android.partnersetup/u0a17 for service com.google.android.partnersetup/.InstalledAppJobService
07-18 11:15:50.504  1592  4032 I ActivityManager: Killing 7364:com.android.chrome:sandboxed_process0/u0a85i2 (adj 904): empty for 1863s
07-18 11:15:50.513  1592  4032 W ActivityManager: Scheduling restart of crashed service com.mapswithme.maps.pro/org.chromium.content.app.SandboxedProcessService0 in 1000ms
07-18 11:15:50.522  1592  1609 E KernelCpuSpeedReader: Failed to read cpu-freq: /sys/devices/system/cpu/cpu0/cpufreq/stats/time_in_state (No such file or directory)
07-18 11:15:50.532  1592  1609 D KernelUidCpuTimeReader: Removing uids 99002-99002
07-18 11:15:55.199  1592  1671 D ConnectivityService: NetworkAgentInfo [WIFI () - 101] validation failed
07-18 11:15:55.295  1592  1671 D ConnectivityService: handleNetworkUnvalidated NetworkAgentInfo [WIFI () - 101] cap=[ Transports: WIFI Capabilities: NOT_METERED&INTERNET&NOT_RESTRICTED&TRUSTED&NOT_VPN&FOREGROUND LinkUpBandwidth>=1048576Kbps LinkDnBandwidth>=1048576Kbps SignalStrength: -50]
07-18 11:16:02.251  1592  1671 D ConnectivityService: NetworkAgentInfo [WIFI () - 101] validation failed
07-18 11:16:03.000  1592  2106 I ActivityManager: Start proc 8618:com.google.android.apps.messaging/u0a68 for service com.google.android.apps.messaging/com.firebase.jobdispatcher.GooglePlayReceiver
07-18 11:16:05.175  1592  3044 W ActivityManager: Background start not allowed: service Intent { cmp=com.google.android.apps.messaging/.shared.datamodel.action.execution.ActionExecutorImpl$EmptyService } to com.google.android.apps.messaging/.shared.datamodel.action.execution.ActionExecutorImpl$EmptyService from pid=8618 uid=10068 pkg=com.google.android.apps.messaging
07-18 11:16:05.557  1592  3044 W ActivityManager: Background start not allowed: service Intent { cmp=com.google.android.apps.messaging/.shared.datamodel.action.execution.ActionExecutorImpl$EmptyService } to com.google.android.apps.messaging/.shared.datamodel.action.execution.ActionExecutorImpl$EmptyService from pid=8618 uid=10068 pkg=com.google.android.apps.messaging
07-18 11:16:06.446  1592  1606 I ActivityManager: Start proc 8684:com.google.android.apps.messaging:rcs/u0a68 for broadcast com.google.android.apps.messaging/com.google.android.ims.receiver.ProvisioningEventReceiver
07-18 11:16:09.536  1592  1721 I ActivityManager: Start proc 8731:com.google.android.gms.unstable/u0a14 for service com.google.android.gms/.droidguard.DroidGuardService
07-18 11:16:10.407  1592  3044 D ConnectivityService: requestNetwork for uid/pid:10068/8684 NetworkRequest [ TRACK_DEFAULT id=28, [ Capabilities: INTERNET&NOT_RESTRICTED&TRUSTED&NOT_VPN] ]
07-18 11:16:10.799  1592  1879 W ActivityManager: Background start not allowed: service Intent { cmp=com.google.android.apps.messaging/.shared.datamodel.action.execution.ActionExecutorImpl$EmptyService } to com.google.android.apps.messaging/.shared.datamodel.action.execution.ActionExecutorImpl$EmptyService from pid=8618 uid=10068 pkg=com.google.android.apps.messaging
07-18 11:16:10.808  1592  3044 W ActivityManager: Background start not allowed: service Intent { cmp=com.google.android.apps.messaging/.shared.datamodel.action.execution.ActionExecutorImpl$EmptyService } to com.google.android.apps.messaging/.shared.datamodel.action.execution.ActionExecutorImpl$EmptyService from pid=8618 uid=10068 pkg=com.google.android.apps.messaging
07-18 11:16:12.931  1592  1671 D ConnectivityService: releasing NetworkRequest [ TRACK_DEFAULT id=28, [ Capabilities: INTERNET&NOT_RESTRICTED&TRUSTED&NOT_VPN] ] (release request)
07-18 11:16:12.992  1592  2106 I ActivityManager: Killing 7219:com.mapswithme.maps.pro/u0a85 (adj 906): empty for 1885s
07-18 11:16:13.106  1592  1721 D ConnectivityService: ConnectivityService NetworkRequestInfo binderDied(NetworkRequest [ LISTEN id=25, [ Capabilities: INTERNET&NOT_RESTRICTED&TRUSTED&FOREGROUND] ], android.os.BinderProxy@22448ac)
07-18 11:16:13.467  1592  5474 I ActivityManager: Killing 7943:com.google.android.calendar/u0a45 (adj 906): empty for 1885s
07-18 11:16:14.026  1592  2099 W ActivityManager: Background start not allowed: service Intent { cmp=com.google.android.apps.messaging/.shared.datamodel.action.execution.ActionExecutorImpl$EmptyService } to com.google.android.apps.messaging/.shared.datamodel.action.execution.ActionExecutorImpl$EmptyService from pid=8618 uid=10068 pkg=com.google.android.apps.messaging
07-18 11:16:14.622  1592  2099 W ActivityManager: Background start not allowed: service Intent { cmp=com.google.android.apps.messaging/.shared.datamodel.action.execution.ActionExecutorImpl$EmptyService } to com.google.android.apps.messaging/.shared.datamodel.action.execution.ActionExecutorImpl$EmptyService from pid=8618 uid=10068 pkg=com.google.android.apps.messaging
07-18 11:16:17.501  1592  5474 W ActivityManager: Background start not allowed: service Intent { cmp=com.google.android.apps.messaging/.shared.datamodel.action.execution.ActionExecutorImpl$EmptyService } to com.google.android.apps.messaging/.shared.datamodel.action.execution.ActionExecutorImpl$EmptyService from pid=8618 uid=10068 pkg=com.google.android.apps.messaging
07-18 11:16:17.565  1592  5474 W ActivityManager: Background start not allowed: service Intent { cmp=com.google.android.apps.messaging/.shared.datamodel.action.execution.ActionExecutorImpl$EmptyService } to com.google.android.apps.messaging/.shared.datamodel.action.execution.ActionExecutorImpl$EmptyService from pid=8618 uid=10068 pkg=com.google.android.apps.messaging
07-18 11:16:17.639  1592  2099 D ConnectivityService: requestNetwork for uid/pid:10068/8684 NetworkRequest [ TRACK_DEFAULT id=29, [ Capabilities: INTERNET&NOT_RESTRICTED&TRUSTED&NOT_VPN] ]
07-18 11:16:18.169  1592  1671 D ConnectivityService: releasing NetworkRequest [ TRACK_DEFAULT id=29, [ Capabilities: INTERNET&NOT_RESTRICTED&TRUSTED&NOT_VPN] ] (release request)
07-18 11:16:18.175  1592  1609 E BatteryExternalStatsWorker: modem info is invalid: ModemActivityInfo{ mTimestamp=0 mSleepTimeMs=0 mIdleTimeMs=0 mTxTimeMs[]=[0, 0, 0, 0, 0] mRxTimeMs=0 mEnergyUsed=0}
07-18 11:16:20.806  1592  4629 I ActivityManager: Start proc 8787:com.android.providers.calendar/u0a4 for content provider com.android.providers.calendar/.CalendarProvider2
07-18 11:16:20.978  1592  4629 I ActivityManager: Killing 8143:android.process.media/u0a9 (adj 906): empty for 1875s
07-18 11:16:34.316  1592  1609 E BatteryExternalStatsWorker: modem info is invalid: ModemActivityInfo{ mTimestamp=0 mSleepTimeMs=0 mIdleTimeMs=0 mTxTimeMs[]=[0, 0, 0, 0, 0] mRxTimeMs=0 mEnergyUsed=0}
07-18 11:16:37.742  1592  1613 E SensorNotificationService: Invalid local geomagnetic field, ignore.
07-18 11:16:43.326  1592  1671 D ConnectivityService: releasing NetworkRequest [ REQUEST id=27, [ Transports: CELLULAR Capabilities: INTERNET&NOT_RESTRICTED&TRUSTED&NOT_VPN] ] (release request)
07-18 11:16:47.366  1592  1671 D ConnectivityService: NetworkAgentInfo [WIFI () - 101] validation failed
07-18 11:16:51.728  1592  4629 I ActivityManager: Killing 7739:android.process.acore/u0a2 (adj 906): empty for 1904s
07-18 11:16:51.783  1592  5474 D CountryDetector: No listener is left
07-18 11:16:54.520  1592  1609 E BatteryExternalStatsWorker: modem info is invalid: ModemActivityInfo{ mTimestamp=0 mSleepTimeMs=0 mIdleTimeMs=0 mTxTimeMs[]=[0, 0, 0, 0, 0] mRxTimeMs=0 mEnergyUsed=0}
07-18 11:17:34.431  1592  1671 D ConnectivityService: NetworkAgentInfo [WIFI () - 101] validation failed
07-18 11:18:02.490  1592  1671 D ConnectivityService: NetworkAgentInfo [WIFI () - 101] validation failed
07-18 11:18:05.454  1592  1852 W ActivityManager: Background start not allowed: service Intent { cmp=com.google.android.apps.messaging/.shared.datamodel.action.execution.ActionExecutorImpl$EmptyService } to com.google.android.apps.messaging/.shared.datamodel.action.execution.ActionExecutorImpl$EmptyService from pid=8618 uid=10068 pkg=com.google.android.apps.messaging
07-18 11:18:05.687  1592  1609 E BatteryExternalStatsWorker: modem info is invalid: ModemActivityInfo{ mTimestamp=0 mSleepTimeMs=0 mIdleTimeMs=0 mTxTimeMs[]=[0, 0, 0, 0, 0] mRxTimeMs=0 mEnergyUsed=0}
07-18 11:18:05.738  1592  1852 I ActivityManager: Start proc 8834:android.process.acore/u0a2 for content provider com.android.providers.contacts/.ContactsProvider2
07-18 11:18:06.632  1592  3555 D CountryDetector: The first listener is added
07-18 11:18:41.556  1592  1671 D ConnectivityService: NetworkAgentInfo [WIFI () - 101] validation failed
07-18 11:18:43.808  1592  1609 E BatteryExternalStatsWorker: modem info is invalid: ModemActivityInfo{ mTimestamp=0 mSleepTimeMs=0 mIdleTimeMs=0 mTxTimeMs[]=[0, 0, 0, 0, 0] mRxTimeMs=0 mEnergyUsed=0}
07-18 11:19:27.579  1592  1664 D NetworkStats: Resolving plan for NetworkTemplate: matchRule=MOBILE_ALL, subscriberId=310260..., matchSubscriberIds=[310260...]
07-18 11:19:27.584  1592  1664 D NetworkStats: Found active matching subId 1
07-18 11:19:27.593  1592  1664 D NetworkStats: Resolved to plan null
07-18 11:19:37.544  1592  1609 E BatteryExternalStatsWorker: modem info is invalid: ModemActivityInfo{ mTimestamp=0 mSleepTimeMs=0 mIdleTimeMs=0 mTxTimeMs[]=[0, 0, 0, 0, 0] mRxTimeMs=0 mEnergyUsed=0}
07-18 11:20:03.694  1592  1671 D ConnectivityService: NetworkAgentInfo [WIFI () - 101] validation failed
--------- beginning of main
07-18 11:20:56.576  1592  1601 I zygote  : Background concurrent copying GC freed 35767(1593KB) AllocSpace objects, 0(0B) LOS objects, 23% free, 19MB/25MB, paused 1.935ms total 334.922ms
07-18 11:20:59.750  1468  1563 I chatty  : uid=1041(audioserver) AudioOut_D expire 10 lines
07-18 11:20:59.986  1476  8194 I chatty  : uid=1013(media) NuPlayerDriver expire 19 lines
07-18 11:21:00.423  5874  5884 I chatty  : uid=10104(net.osmand) HeapTaskDaemon expire 11 lines
07-18 11:21:00.840  1956  1956 I GeofencerStateMachine: sendNewTransitions called.
07-18 11:21:01.989  1387  5615 I chatty  : uid=1041(audioserver) writer expire 18 lines
07-18 11:21:06.479  1956  1956 I GeofencerStateMachine: sendNewTransitions called.
07-18 11:21:07.781  1592  8878 D NetworkMonitor/NetworkAgentInfo [WIFI () - 101]: PROBE_DNS www.google.com 33ms OK 2800:3f0:4001:801::2004,172.217.28.228
07-18 11:21:07.789  1592  8879 D NetworkMonitor/NetworkAgentInfo [WIFI () - 101]: PROBE_DNS connectivitycheck.gstatic.com 41ms OK 2800:3f0:4001:81a::2003,172.217.172.131
07-18 11:21:11.017  1592  8879 D NetworkMonitor/NetworkAgentInfo [WIFI () - 101]: PROBE_HTTP http://connectivitycheck.gstatic.com/generate_204 time=3222ms ret=204 request={User-Agent=[Mozilla/5.0 (X11; Linux x86_64) AppleWebKit/537.36 (KHTML, like Gecko) Chrome/60.0.3112.32 Safari/537.36]} headers={null=[HTTP/1.1 204 No Content], Content-Length=[0], Date=[Thu, 18 Jul 2019 15:21:12 GMT], X-Android-Received-Millis=[1563463271017], X-Android-Response-Source=[NETWORK 204], X-Android-Selected-Protocol=[http/1.1], X-Android-Sent-Millis=[1563463269304]}
07-18 11:21:11.429  5874  5884 I chatty  : uid=10104(net.osmand) HeapTaskDaemon expire 22 lines
07-18 11:21:11.834  1476  8199 I chatty  : uid=1013(media) NPDecoder expire 17 lines
07-18 11:21:11.873  1956  1956 I GeofencerStateMachine: sendNewTransitions called.
07-18 11:21:15.222  1476  8198 I chatty  : uid=1013(media) NuPlayerRendere expire 21 lines
07-18 11:21:16.254  1592  4629 I WifiService: acquireWifiLock uid=10014 lockMode=2
07-18 11:21:17.632  1956  1956 I GeofencerStateMachine: sendNewTransitions called.
07-18 11:21:19.212  1592  8080 D WificondControl: Scan result ready event
07-18 11:21:19.276  1592  2100 I WifiService: releaseWifiLock uid=10014
07-18 11:21:19.846  1387  5615 I chatty  : uid=1041(audioserver) writer expire 11 lines
07-18 11:21:22.156  1468  1563 I chatty  : uid=1041(audioserver) AudioOut_D expire 10 lines
07-18 11:21:23.283  1956  1956 I GeofencerStateMachine: sendNewTransitions called.
07-18 11:21:28.023  1476  8199 I chatty  : uid=1013(media) NPDecoder expire 16 lines
07-18 11:21:28.047  1476  8194 I chatty  : uid=1013(media) NuPlayerDriver expire 11 lines
07-18 11:21:28.843  1956  1956 I GeofencerStateMachine: sendNewTransitions called.
07-18 11:21:30.222  1592  8878 D NetworkMonitor/NetworkAgentInfo [WIFI () - 101]: PROBE_HTTPS https://www.google.com/generate_204 Probe failed with exception java.net.SocketTimeoutException: SSL handshake timed out
07-18 11:21:30.774  1592  2371 D NetworkMonitor/NetworkAgentInfo [WIFI () - 101]: PROBE_FALLBACK http://www.google.com/gen_204 Probe failed with exception java.net.SocketTimeoutException: failed to connect to www.google.com/2800:3f0:4001:801::2004 (port 80) from /::7c22:3dd0:2466:3035 (port 33494) after 10000ms
07-18 11:21:30.775  1592  1671 D ConnectivityService: NetworkAgentInfo [WIFI () - 101] validation failed
07-18 11:21:30.775  1592  1667 D WifiStateMachine: NETWORK_STATUS_UNWANTED_VALIDATION_FAILED
07-18 11:21:33.395  1387  5615 I chatty  : uid=1041(audioserver) writer expire 21 lines
07-18 11:21:33.423  5874  5884 I chatty  : uid=10104(net.osmand) HeapTaskDaemon expire 10 lines
07-18 11:21:34.523  1956  1956 I GeofencerStateMachine: sendNewTransitions called.
07-18 11:21:35.939  1592  1605 E memtrack: Couldn't load memtrack module
07-18 11:21:35.939  1592  1605 W android.os.Debug: failed to get memory consumption info: -1
07-18 11:21:36.127  1592  1605 E memtrack: Couldn't load memtrack module
07-18 11:21:36.127  1592  1605 W android.os.Debug: failed to get memory consumption info: -1
07-18 11:21:36.314  1592  1601 I zygote  : Background concurrent copying GC freed 44880(1983KB) AllocSpace objects, 0(0B) LOS objects, 23% free, 19MB/25MB, paused 4.623ms total 434.778ms
07-18 11:21:36.904  1476  8198 I chatty  : uid=1013(media) NuPlayerRendere expire 22 lines
07-18 11:21:38.627  1592  1592 I ActivityManager: Start proc 8884:com.android.chrome/u0a49 for service com.android.chrome/org.chromium.components.background_task_scheduler.BackgroundTaskJobService
07-18 11:21:38.627  1592  2100 I WifiService: acquireWifiLock uid=10014 lockMode=2
07-18 11:21:38.633  8884  8884 W zygote  : Unexpected CPU variant for X86 using defaults: x86
07-18 11:21:38.753  1592  8080 I WifiService: releaseWifiLock uid=10014
07-18 11:21:39.023  8884  8884 I cr_BrowserStartup: Initializing chromium process, singleProcess=false
07-18 11:21:39.150  8884  8903 I cr_ui   : Using UI locale en, system locale: en (Android name: en)
07-18 11:21:39.150  8884  8903 I cr_ui   : Missing asset file: locales#lang_en/en-US.pak
07-18 11:21:39.150  8884  8903 I cr_ui   : Missing asset file: locales/en-GB.pak
07-18 11:21:39.152  8884  8903 I cr_ui   : Found asset file: fallback-locales/en-GB.pak
07-18 11:21:39.152  8884  8903 I cr_ui   : Using app bundle locale directory: fallback-locales
07-18 11:21:39.152  8884  8903 I cr_ui   : UI Language: en requires .pak files: [en-GB, en-US]
07-18 11:21:39.221  8884  8901 W DynamiteModule: Local module descriptor class for com.google.android.gms.googlecertificates not found.
07-18 11:21:39.238  1956  2485 I zygote  : Deoptimizing int ejt.a(bqno, eju, java.lang.Comparable) due to JIT inline cache
07-18 11:21:39.259  8884  8901 W zygote  : Unsupported class loader
07-18 11:21:39.310  8884  8884 I cr_LibraryLoader: Time to load native libraries: 287 ms (timestamps 1463-1750)
07-18 11:21:39.323  8884  8901 W zygote  : Skipping duplicate class check due to unsupported classloader
07-18 11:21:39.330  8884  8884 I chromium: [INFO:library_loader_hooks.cc(50)] Chromium logging enabled: level = 0, default verbosity = 0
07-18 11:21:39.330  8884  8884 I cr_LibraryLoader: Expected native library version number "75.0.3770.101", actual native library version number "75.0.3770.101"
07-18 11:21:39.347  8884  8901 I DynamiteModule: Considering local module com.google.android.gms.googlecertificates:0 and remote module com.google.android.gms.googlecertificates:4
07-18 11:21:39.347  8884  8901 I DynamiteModule: Selected remote version of com.google.android.gms.googlecertificates, version >= 4
07-18 11:21:39.440  8884  8901 W zygote  : Unsupported class loader
07-18 11:21:39.500  8884  8901 W zygote  : Skipping duplicate class check due to unsupported classloader
07-18 11:21:39.895  1956  1956 I GeofencerStateMachine: sendNewTransitions called.
07-18 11:21:40.631  1956  1956 W ChimeraUtils: Non Chimera context
07-18 11:21:40.631  1956  1956 W ChimeraUtils: Non Chimera context
07-18 11:21:40.668  8884  8884 W cr_KnoxSettingsProvider: Permission to read device policy denied.
07-18 11:21:40.682  8884  8916 W chromium: [WARNING:leveldb_database.cc(106)] Unable to open /data/user/0/com.android.chrome/app_chrome/Default/shared_proto_db: Invalid argument: /data/user/0/com.android.chrome/app_chrome/Default/shared_proto_db: does not exist (create_if_missing is false)
07-18 11:21:40.919  8884  8884 W cr_BkgrdTaskJS: Failed to stop job, because job with job id 54 does not exist.
07-18 11:21:42.565  1403  1403 I boot-pipe: done populating /dev/random
07-18 11:21:43.699  8884  8899 I zygote  : Waiting for a blocking GC ProfileSaver
07-18 11:21:43.751  8884  8899 I zygote  : WaitForGcToComplete blocked ProfileSaver on HeapTrim for 51.328ms
07-18 11:21:44.257  5874  5884 I chatty  : uid=10104(net.osmand) HeapTaskDaemon expire 16 lines
07-18 11:21:45.719  1956  1956 I GeofencerStateMachine: sendNewTransitions called.
07-18 11:21:46.147  1476  8199 I chatty  : uid=1013(media) NPDecoder expire 12 lines
07-18 11:21:46.704  1476  8194 I chatty  : uid=1013(media) NuPlayerDriver expire 18 lines
07-18 11:21:46.858  1468  1563 I chatty  : uid=1041(audioserver) AudioOut_D expire 14 lines
07-18 11:21:48.044  1387  5615 I chatty  : uid=1041(audioserver) writer expire 15 lines
07-18 11:21:51.460  1956  1956 I GeofencerStateMachine: sendNewTransitions called.
07-18 11:21:56.936  1956  1956 I GeofencerStateMachine: sendNewTransitions called.
07-18 11:21:58.647  1592  4629 I WifiService: acquireWifiLock uid=10014 lockMode=2
07-18 11:21:58.684  1476  8199 I chatty  : uid=1013(media) NPDecoder expire 15 lines
07-18 11:21:59.353  1476  8198 I chatty  : uid=1013(media) NuPlayerRendere expire 17 lines
07-18 11:22:00.464  1592  1605 I zygote  : IncrementDisableThreadFlip blocked for 6.086ms
07-18 11:22:00.642  5874  5884 I chatty  : uid=10104(net.osmand) HeapTaskDaemon expire 23 lines
07-18 11:22:00.772  1592  1601 I zygote  : Background concurrent copying GC freed 39786(1964KB) AllocSpace objects, 7(420KB) LOS objects, 23% free, 19MB/25MB, paused 1.595ms total 320.097ms
07-18 11:22:01.664  1592  1852 D WificondControl: Scan result ready event
07-18 11:22:01.735  1592  2100 I WifiService: releaseWifiLock uid=10014
