07-18 17:56:17.644  5874  5901 I net.osmand: MapRenderRepositories RENDER MAP: update due to tile box
07-18 17:56:17.645  5874  5901 I net.osmand: MapRenderRepositories RENDER MAP: Interrupt rendering map
07-18 17:56:17.804  5874  5900 I net.osmand: MapRenderRepositories RENDER MAP: new request RotatedTileBox [lat=-7.275791666666667, lon=-36.06374666666667, rotate=0.0, density=2.625, zoom=17, mapDensity=3.9375, zoomAnimation=0.0, zoomFloatPart=0.0, cx=900, cy=1972, pixWidth=1800, pixHeight=2690]
07-18 17:56:17.896  5874  5900 I net.osmand:native: Route objects 18
07-18 17:56:17.896  5874  5900 I net.osmand:native: Ocean: no completed & incompleted coastlines 0
07-18 17:56:17.896  5874  5900 I net.osmand:native: Detailed coastlines = 0, basemap coastlines 0, ocean tile 0.000000. Detailed added 0, basemap processed 1, basemap added 0.
07-18 17:56:17.896  5874  5900 I net.osmand:native: Search : tree - read( 490), accept( 39), objs - visit( 2589), accept(25), in result(14) 
07-18 17:56:17.901  5874  5900 I net.osmand: MapRenderRepositories BLat=-7.278103971481324, TLat=-7.270096635818481, LLong=-36.06619644165039, RLong=-36.0612907409668, zoom=17
07-18 17:56:17.901  5874  5900 I net.osmand: MapRenderRepositories Native search: 96 ms 
07-18 17:56:17.923  5874  5900 I net.osmand:native: Creating SkBitmap in native w:1800 h:2690 s:7200 f:1!
07-18 17:56:17.923  5874  5900 I net.osmand:native: Row bytes for RGBA_8888 is 7200
07-18 17:56:17.923  5874  5900 I net.osmand:native: Locked 19368000 bytes at 0x81100000
07-18 17:56:17.923  5874  5900 I net.osmand:native: Initializing rendering
07-18 17:56:17.925  5874  5900 I net.osmand:native: Rendering image
07-18 17:56:17.957  5874  5900 I net.osmand:native: Native ok (rendering 32, text 0 ms) 
07-18 17:56:17.957  5874  5900 I net.osmand:native:  (1277 points, 29 points inside, 19 of 27 objects visible)
07-18 17:56:17.957  5874  5900 I net.osmand:native: End Rendering image
07-18 17:56:17.957  5874  5900 I net.osmand:native: Native ok (init 1, rendering 32) 
07-18 17:56:17.958  5874  5900 I net.osmand: MapRenderRepositories true
07-18 17:56:18.152  1592  3050 D WificondControl: Scan result ready event
07-18 17:56:18.237  1592  6499 I WifiService: releaseWifiLock uid=10014
07-18 17:56:18.317  5874  5884 I zygote  : Background concurrent copying GC freed 306995(7MB) AllocSpace objects, 0(0B) LOS objects, 13% free, 38MB/44MB, paused 1.894ms total 632.491ms
07-18 17:56:18.400  5874  5874 I net.osmand: RoutingHelper Recalculate route, because correlation  : 166440.51251370905
07-18 17:56:18.408  5874  5874 I net.osmand: RoutingHelper Recalculate route, because correlation  : 166440.51251370905
07-18 17:56:18.408  5874  5874 I net.osmand: RoutingHelper Recalculate route, because wrong movement direction: 166440.52
07-18 17:56:18.668  5874  5874 I net.osmand: RoutingHelper Recalculate route, because correlation  : 166142.06703683693
07-18 17:56:18.683  5874  5874 I net.osmand: RoutingHelper Recalculate route, because correlation  : 166142.06703683693
07-18 17:56:18.683  5874  5874 I net.osmand: RoutingHelper Recalculate route, because wrong movement direction: 166142.06
07-18 17:56:18.729  5874  5901 I net.osmand: MapRenderRepositories RENDER MAP: update due to tile box
07-18 17:56:18.729  5874  5901 I net.osmand: MapRenderRepositories RENDER MAP: Interrupt rendering map
07-18 17:56:18.829  5874  5901 I net.osmand: MapRenderRepositories RENDER MAP: update due to tile box
07-18 17:56:18.830  5874  5901 I net.osmand: MapRenderRepositories RENDER MAP: Interrupt rendering map
07-18 17:56:19.212  5874  5884 I zygote  : Background concurrent copying GC freed 359225(8MB) AllocSpace objects, 0(0B) LOS objects, 14% free, 36MB/42MB, paused 1.075ms total 370.801ms
07-18 17:56:19.401  5874  5901 I net.osmand: MapRenderRepositories RENDER MAP: update due to tile box
07-18 17:56:19.401  5874  5901 I net.osmand: MapRenderRepositories RENDER MAP: Interrupt rendering map
07-18 17:56:19.409  5874  5874 I net.osmand: RoutingHelper Recalculate route, because correlation  : 166142.06703683693
07-18 17:56:19.416  5874  5874 I net.osmand: RoutingHelper Recalculate route, because correlation  : 166142.06703683693
07-18 17:56:19.416  5874  5874 I net.osmand: RoutingHelper Recalculate route, because wrong movement direction: 166142.06
07-18 17:56:19.456  1956  1956 I GeofencerStateMachine: sendNewTransitions called.
07-18 17:56:19.460  5874  5900 I net.osmand: MapRenderRepositories RENDER MAP: new request RotatedTileBox [lat=-7.275751666666667, lon=-36.06652333333333, rotate=0.0, density=2.625, zoom=17, mapDensity=3.9375, zoomAnimation=0.0, zoomFloatPart=0.0, cx=900, cy=1972, pixWidth=1800, pixHeight=2690]
07-18 17:56:19.514  1956  1956 I GeofencerStateMachine: sendNewTransitions called.
07-18 17:56:19.538  1956  1956 I GeofencerStateMachine: sendNewLocationAvailability: availability=LocationAvailability[isLocationAvailable: true]
07-18 17:56:19.573  5874  5900 I net.osmand:native: Route objects 17
07-18 17:56:19.574  5874  5900 I net.osmand:native: Ocean: no completed & incompleted coastlines 0
07-18 17:56:19.574  5874  5900 I net.osmand:native: Detailed coastlines = 0, basemap coastlines 0, ocean tile 0.000000. Detailed added 0, basemap processed 1, basemap added 0.
07-18 17:56:19.574  5874  5900 I net.osmand:native: Search : tree - read( 490), accept( 39), objs - visit( 2589), accept(24), in result(13) 
07-18 17:56:19.574  5874  5900 I net.osmand: MapRenderRepositories BLat=-7.2780615329742435, TLat=-7.270054197311401, LLong=-36.068973541259766, RLong=-36.06407165527344, zoom=17
07-18 17:56:19.574  5874  5900 I net.osmand: MapRenderRepositories Native search: 111 ms 
07-18 17:56:19.579  5874  5900 I net.osmand:native: Creating SkBitmap in native w:1800 h:2690 s:7200 f:1!
07-18 17:56:19.579  5874  5900 I net.osmand:native: Row bytes for RGBA_8888 is 7200
07-18 17:56:19.579  5874  5900 I net.osmand:native: Locked 19368000 bytes at 0x5e200000
07-18 17:56:19.579  5874  5900 I net.osmand:native: Initializing rendering
07-18 17:56:19.580  5874  5900 I net.osmand:native: Rendering image
07-18 17:56:19.625  5874  5900 I net.osmand:native: Native ok (rendering 45, text 8 ms) 
07-18 17:56:19.625  5874  5900 I net.osmand:native:  (1259 points, 15 points inside, 17 of 25 objects visible)
07-18 17:56:19.625  5874  5900 I net.osmand:native: End Rendering image
07-18 17:56:19.625  5874  5900 I net.osmand:native: Native ok (init 1, rendering 45) 
07-18 17:56:19.626  5874  5900 I net.osmand: MapRenderRepositories true
07-18 17:56:19.634  1956  1956 I GeofencerStateMachine: sendNewLocationAvailability: availability=LocationAvailability[isLocationAvailable: true]
07-18 17:56:19.841  5874  5874 I net.osmand: RoutingHelper Recalculate route, because correlation  : 165843.50978197705
07-18 17:56:19.849  5874  5874 I net.osmand: RoutingHelper Recalculate route, because correlation  : 165843.50978197705
07-18 17:56:19.849  5874  5874 I net.osmand: RoutingHelper Recalculate route, because wrong movement direction: 165843.52
07-18 17:56:19.927  5874  5901 I net.osmand: MapRenderRepositories RENDER MAP: update due to tile box
07-18 17:56:19.927  5874  5901 I net.osmand: MapRenderRepositories RENDER MAP: Interrupt rendering map
07-18 17:56:20.371  5874  5884 I zygote  : Background concurrent copying GC freed 293432(6MB) AllocSpace objects, 0(0B) LOS objects, 14% free, 35MB/41MB, paused 1.227ms total 355.519ms
07-18 17:56:20.378  5874  5900 I net.osmand: MapRenderRepositories RENDER MAP: new request RotatedTileBox [lat=-7.27571, lon=-36.06930166666667, rotate=0.0, density=2.625, zoom=17, mapDensity=3.9375, zoomAnimation=0.0, zoomFloatPart=0.0, cx=900, cy=1972, pixWidth=1800, pixHeight=2690]
07-18 17:56:20.403  5874  5874 I net.osmand: RoutingHelper Recalculate route, because correlation  : 165843.50978197705
07-18 17:56:20.422  5874  5874 I net.osmand: RoutingHelper Recalculate route, because correlation  : 165843.50978197705
07-18 17:56:20.422  5874  5874 I net.osmand: RoutingHelper Recalculate route, because wrong movement direction: 165843.52
07-18 17:56:20.453  5874  5900 I net.osmand:native: Route objects 17
07-18 17:56:20.453  5874  5900 I net.osmand:native: Ocean: no completed & incompleted coastlines 0
07-18 17:56:20.453  5874  5900 I net.osmand:native: Detailed coastlines = 0, basemap coastlines 0, ocean tile 0.000000. Detailed added 0, basemap processed 1, basemap added 0.
07-18 17:56:20.453  5874  5900 I net.osmand:native: Search : tree - read( 490), accept( 38), objs - visit( 2549), accept(24), in result(13) 
07-18 17:56:20.456  5874  5900 I net.osmand: MapRenderRepositories BLat=-7.278019094467163, TLat=-7.270011758804321, LLong=-36.07175064086914, RLong=-36.06684875488281, zoom=17
07-18 17:56:20.456  5874  5900 I net.osmand: MapRenderRepositories Native search: 78 ms 
07-18 17:56:20.465  5874  5900 I net.osmand:native: Creating SkBitmap in native w:1800 h:2690 s:7200 f:1!
07-18 17:56:20.466  5874  5900 I net.osmand:native: Row bytes for RGBA_8888 is 7200
07-18 17:56:20.466  5874  5900 I net.osmand:native: Locked 19368000 bytes at 0x81100000
07-18 17:56:20.466  5874  5900 I net.osmand:native: Initializing rendering
07-18 17:56:20.467  5874  5900 I net.osmand:native: Rendering image
07-18 17:56:20.505  5874  5900 I net.osmand:native: Native ok (rendering 38, text 0 ms) 
07-18 17:56:20.505  5874  5900 I net.osmand:native:  (1259 points, 23 points inside, 17 of 25 objects visible)
07-18 17:56:20.506  5874  5900 I net.osmand:native: End Rendering image
07-18 17:56:20.506  5874  5900 I net.osmand:native: Native ok (init 1, rendering 38) 
07-18 17:56:20.506  5874  5900 I net.osmand: MapRenderRepositories true
07-18 17:56:20.729  1956  1966 I zygote  : Background concurrent copying GC freed 106556(4MB) AllocSpace objects, 0(0B) LOS objects, 40% free, 8MB/14MB, paused 1.357ms total 292.069ms
07-18 17:56:20.954  5874  5874 I net.osmand: RoutingHelper Recalculate route, because correlation  : 165545.12153472684
07-18 17:56:20.994  5874  5874 I net.osmand: RoutingHelper Recalculate route, because correlation  : 165545.12153472684
07-18 17:56:20.994  5874  5874 I net.osmand: RoutingHelper Recalculate route, because wrong movement direction: 165545.12
07-18 17:56:21.059  5874  5901 I net.osmand: MapRenderRepositories RENDER MAP: update due to tile box
07-18 17:56:21.059  5874  5901 I net.osmand: MapRenderRepositories RENDER MAP: Interrupt rendering map
07-18 17:56:21.258  5874  5900 I net.osmand: MapRenderRepositories RENDER MAP: new request RotatedTileBox [lat=-7.275670000000001, lon=-36.07207833333334, rotate=0.0, density=2.625, zoom=17, mapDensity=3.9375, zoomAnimation=0.0, zoomFloatPart=0.0, cx=900, cy=1972, pixWidth=1800, pixHeight=2690]
07-18 17:56:21.301  5874  5900 I net.osmand:native: Route objects 17
07-18 17:56:21.301  5874  5900 I net.osmand:native: Ocean: no completed & incompleted coastlines 0
07-18 17:56:21.301  5874  5900 I net.osmand:native: Detailed coastlines = 0, basemap coastlines 0, ocean tile 0.000000. Detailed added 0, basemap processed 1, basemap added 0.
07-18 17:56:21.302  5874  5900 I net.osmand:native: Search : tree - read( 490), accept( 37), objs - visit( 2509), accept(24), in result(13) 
07-18 17:56:21.302  5874  5900 I net.osmand: MapRenderRepositories BLat=-7.277976179122925, TLat=-7.269968843460083, LLong=-36.07453155517578, RLong=-36.06962966918945, zoom=17
07-18 17:56:21.302  5874  5900 I net.osmand: MapRenderRepositories Native search: 43 ms 
07-18 17:56:21.306  5874  5900 I net.osmand:native: Creating SkBitmap in native w:1800 h:2690 s:7200 f:1!
07-18 17:56:21.306  5874  5900 I net.osmand:native: Row bytes for RGBA_8888 is 7200
07-18 17:56:21.306  5874  5900 I net.osmand:native: Locked 19368000 bytes at 0x5e200000
07-18 17:56:21.306  5874  5900 I net.osmand:native: Initializing rendering
07-18 17:56:21.307  5874  5900 I net.osmand:native: Rendering image
07-18 17:56:21.316  5874  5900 I net.osmand:native: Native ok (rendering 9, text 0 ms) 
07-18 17:56:21.316  5874  5900 I net.osmand:native:  (1362 points, 20 points inside, 18 of 26 objects visible)
07-18 17:56:21.317  5874  5900 I net.osmand:native: End Rendering image
07-18 17:56:21.317  5874  5900 I net.osmand:native: Native ok (init 1, rendering 9) 
07-18 17:56:21.328  5874  5900 I net.osmand: MapRenderRepositories true
07-18 17:56:21.406  5874  5874 I net.osmand: RoutingHelper Recalculate route, because correlation  : 165545.12153472684
07-18 17:56:21.434  5874  5874 I net.osmand: RoutingHelper Recalculate route, because correlation  : 165545.12153472684
07-18 17:56:21.434  5874  5874 I net.osmand: RoutingHelper Recalculate route, because wrong movement direction: 165545.12
07-18 17:56:21.783  5874  5884 I zygote  : Background concurrent copying GC freed 288952(6MB) AllocSpace objects, 0(0B) LOS objects, 13% free, 37MB/43MB, paused 1.338ms total 457.579ms
07-18 17:56:22.107  5874  5874 I net.osmand: RoutingHelper Recalculate route, because correlation  : 165843.50978197705
07-18 17:56:22.155  5874  5874 I net.osmand: RoutingHelper Recalculate route, because correlation  : 165843.50978197705
07-18 17:56:22.155  5874  5874 I net.osmand: RoutingHelper Recalculate route, because wrong movement direction: 165843.52
07-18 17:56:22.192  5874  5901 I net.osmand: MapRenderRepositories RENDER MAP: update due to tile box
07-18 17:56:22.192  5874  5901 I net.osmand: MapRenderRepositories RENDER MAP: Interrupt rendering map
07-18 17:56:22.404  5874  5901 I net.osmand: MapRenderRepositories RENDER MAP: update due to tile box
07-18 17:56:22.404  5874  5901 I net.osmand: MapRenderRepositories RENDER MAP: Interrupt rendering map
07-18 17:56:22.432  5874  5874 I net.osmand: RoutingHelper Recalculate route, because correlation  : 165843.50978197705
07-18 17:56:22.475  5874  5874 I net.osmand: RoutingHelper Recalculate route, because correlation  : 165843.50978197705
07-18 17:56:22.475  5874  5874 I net.osmand: RoutingHelper Recalculate route, because wrong movement direction: 165843.52
07-18 17:56:22.487  5874  5901 I net.osmand: MapRenderRepositories RENDER MAP: update due to tile box
07-18 17:56:22.487  5874  5901 I net.osmand: MapRenderRepositories RENDER MAP: Interrupt rendering map
07-18 17:56:22.845  5874  5900 I net.osmand: MapRenderRepositories RENDER MAP: new request RotatedTileBox [lat=-7.27571, lon=-36.06930166666667, rotate=0.0, density=2.625, zoom=17, mapDensity=3.9375, zoomAnimation=0.0, zoomFloatPart=0.0, cx=900, cy=1972, pixWidth=1800, pixHeight=2690]
07-18 17:56:22.886  5874  5900 I net.osmand:native: Route objects 17
07-18 17:56:22.886  5874  5900 I net.osmand:native: Ocean: no completed & incompleted coastlines 0
07-18 17:56:22.886  5874  5900 I net.osmand:native: Detailed coastlines = 0, basemap coastlines 0, ocean tile 0.000000. Detailed added 0, basemap processed 1, basemap added 0.
07-18 17:56:22.886  5874  5900 I net.osmand:native: Search : tree - read( 490), accept( 38), objs - visit( 2549), accept(24), in result(13) 
07-18 17:56:22.886  5874  5900 I net.osmand: MapRenderRepositories BLat=-7.278019094467163, TLat=-7.270011758804321, LLong=-36.07175064086914, RLong=-36.06684875488281, zoom=17
07-18 17:56:22.886  5874  5900 I net.osmand: MapRenderRepositories Native search: 40 ms 
07-18 17:56:22.891  5874  5900 I net.osmand:native: Creating SkBitmap in native w:1800 h:2690 s:7200 f:1!
07-18 17:56:22.891  5874  5900 I net.osmand:native: Row bytes for RGBA_8888 is 7200
07-18 17:56:22.891  5874  5900 I net.osmand:native: Locked 19368000 bytes at 0x81100000
07-18 17:56:22.891  5874  5900 I net.osmand:native: Initializing rendering
07-18 17:56:22.892  5874  5900 I net.osmand:native: Rendering image
07-18 17:56:22.909  5874  5900 I net.osmand:native: Native ok (rendering 17, text 0 ms) 
07-18 17:56:22.909  5874  5900 I net.osmand:native:  (1259 points, 23 points inside, 17 of 25 objects visible)
07-18 17:56:22.910  5874  5900 I net.osmand:native: End Rendering image
07-18 17:56:22.910  5874  5900 I net.osmand:native: Native ok (init 1, rendering 17) 
07-18 17:56:22.910  5874  5900 I net.osmand: MapRenderRepositories true
07-18 17:56:23.227  5874  5874 I net.osmand: RoutingHelper Recalculate route, because correlation  : 165558.91626773842
07-18 17:56:23.258  5874  5874 I net.osmand: RoutingHelper Recalculate route, because correlation  : 165558.91626773842
07-18 17:56:23.258  5874  5874 I net.osmand: RoutingHelper Recalculate route, because wrong movement direction: 165558.92
07-18 17:56:23.336  5874  5901 I net.osmand: MapRenderRepositories RENDER MAP: update due to tile box
07-18 17:56:23.336  5874  5901 I net.osmand: MapRenderRepositories RENDER MAP: Interrupt rendering map
07-18 17:56:23.429  5874  5874 I net.osmand: RoutingHelper Recalculate route, because correlation  : 165558.91626773842
07-18 17:56:23.432  5874  5874 I net.osmand: RoutingHelper Recalculate route, because correlation  : 165558.91626773842
07-18 17:56:23.432  5874  5874 I net.osmand: RoutingHelper Recalculate route, because wrong movement direction: 165558.92
07-18 17:56:23.443  5874  5901 I net.osmand: MapRenderRepositories RENDER MAP: update due to tile box
07-18 17:56:23.443  5874  5901 I net.osmand: MapRenderRepositories RENDER MAP: Interrupt rendering map
07-18 17:56:23.661  5874  5900 I net.osmand: MapRenderRepositories RENDER MAP: new request RotatedTileBox [lat=-7.275671666666667, lon=-36.07195, rotate=0.0, density=2.625, zoom=17, mapDensity=3.9375, zoomAnimation=0.0, zoomFloatPart=0.0, cx=900, cy=1972, pixWidth=1800, pixHeight=2690]
07-18 17:56:23.679  5874  5884 I zygote  : Background concurrent copying GC freed 332045(7MB) AllocSpace objects, 0(0B) LOS objects, 12% free, 40MB/46MB, paused 993us total 742.166ms
07-18 17:56:23.723  5874  5900 I net.osmand:native: Route objects 17
07-18 17:56:23.723  5874  5900 I net.osmand:native: Ocean: no completed & incompleted coastlines 0
07-18 17:56:23.726  5874  5900 I net.osmand:native: Detailed coastlines = 0, basemap coastlines 0, ocean tile 0.000000. Detailed added 0, basemap processed 1, basemap added 0.
07-18 17:56:23.727  5874  5900 I net.osmand:native: Search : tree - read( 490), accept( 37), objs - visit( 2509), accept(24), in result(13) 
07-18 17:56:23.727  5874  5900 I net.osmand: MapRenderRepositories BLat=-7.277976179122925, TLat=-7.269968843460083, LLong=-36.07440185546875, RLong=-36.06949996948242, zoom=17
07-18 17:56:23.733  5874  5900 I net.osmand: MapRenderRepositories Native search: 66 ms 
07-18 17:56:23.744  5874  5900 I net.osmand:native: Creating SkBitmap in native w:1800 h:2690 s:7200 f:1!
07-18 17:56:23.744  5874  5900 I net.osmand:native: Row bytes for RGBA_8888 is 7200
07-18 17:56:23.745  5874  5900 I net.osmand:native: Locked 19368000 bytes at 0x5e200000
07-18 17:56:23.745  5874  5900 I net.osmand:native: Initializing rendering
07-18 17:56:23.746  5874  5900 I net.osmand:native: Rendering image
07-18 17:56:23.761  5874  5900 I net.osmand:native: Native ok (rendering 15, text 0 ms) 
07-18 17:56:23.761  5874  5900 I net.osmand:native:  (1362 points, 20 points inside, 18 of 26 objects visible)
07-18 17:56:23.761  5874  5900 I net.osmand:native: End Rendering image
07-18 17:56:23.761  5874  5900 I net.osmand:native: Native ok (init 1, rendering 15) 
07-18 17:56:23.772  5874  5900 I net.osmand: MapRenderRepositories true
07-18 17:56:24.356  5874  5874 I net.osmand: RoutingHelper Recalculate route, because correlation  : 165558.91626773842
07-18 17:56:24.356  5874  5874 I net.osmand: RoutingHelper Recalculate route, because wrong movement direction: 165558.92
07-18 17:56:24.370  5874  5874 I net.osmand: RoutingHelper Recalculate route, because correlation  : 165558.91626773842
07-18 17:56:24.415  5874  5874 I chatty  : uid=10104(net.osmand) identical 1 line
07-18 17:56:24.428  5874  5874 I net.osmand: RoutingHelper Recalculate route, because correlation  : 165558.91626773842
07-18 17:56:24.428  5874  5874 I net.osmand: RoutingHelper Recalculate route, because wrong movement direction: 165558.92
07-18 17:56:25.406  5874  5874 I net.osmand: RoutingHelper Recalculate route, because correlation  : 165558.91626773842
07-18 17:56:25.427  1956  1956 I GeofencerStateMachine: sendNewTransitions called.
07-18 17:56:25.533  1956  1956 I GeofencerStateMachine: sendNewTransitions called.
07-18 17:56:25.558  1956  1956 I GeofencerStateMachine: sendNewLocationAvailability: availability=LocationAvailability[isLocationAvailable: true]
07-18 17:56:25.570  5874  5874 I net.osmand: RoutingHelper Recalculate route, because correlation  : 165558.91626773842
07-18 17:56:25.570  5874  5874 I net.osmand: RoutingHelper Recalculate route, because wrong movement direction: 165558.92
07-18 17:56:25.581  5874  5874 I net.osmand: RoutingHelper Recalculate route, because correlation  : 165271.24477746125
07-18 17:56:25.581  5874  5874 I net.osmand: RoutingHelper Recalculate route, because wrong movement direction: 165271.25
07-18 17:56:25.586  5874  5874 I net.osmand: RoutingHelper Recalculate route, because correlation  : 165271.24477746125
07-18 17:56:25.662  1956  1956 I GeofencerStateMachine: sendNewLocationAvailability: availability=LocationAvailability[isLocationAvailable: true]
07-18 17:56:25.666  5874  5901 I net.osmand: MapRenderRepositories RENDER MAP: update due to tile box
07-18 17:56:25.666  5874  5901 I net.osmand: MapRenderRepositories RENDER MAP: Interrupt rendering map
07-18 17:56:26.028  5874  5900 I net.osmand: MapRenderRepositories RENDER MAP: new request RotatedTileBox [lat=-7.275295, lon=-36.07470166666667, rotate=0.0, density=2.625, zoom=17, mapDensity=3.9375, zoomAnimation=0.0, zoomFloatPart=0.0, cx=900, cy=1972, pixWidth=1800, pixHeight=2690]
07-18 17:56:26.093  5874  5900 I net.osmand:native: Route objects 17
07-18 17:56:26.094  5874  5900 I net.osmand:native: Ocean: no completed & incompleted coastlines 0
07-18 17:56:26.094  5874  5900 I net.osmand:native: Detailed coastlines = 0, basemap coastlines 0, ocean tile 0.000000. Detailed added 0, basemap processed 1, basemap added 0.
07-18 17:56:26.094  5874  5900 I net.osmand:native: Search : tree - read( 490), accept( 37), objs - visit( 2509), accept(24), in result(13) 
07-18 17:56:26.094  5874  5900 I net.osmand: MapRenderRepositories BLat=-7.2775922298431395, TLat=-7.269607973098755, LLong=-36.0771484375, RLong=-36.07224655151367, zoom=17
07-18 17:56:26.094  5874  5900 I net.osmand: MapRenderRepositories Native search: 65 ms 
07-18 17:56:26.099  5874  5900 I net.osmand:native: Creating SkBitmap in native w:1800 h:2690 s:7200 f:1!
07-18 17:56:26.099  5874  5900 I net.osmand:native: Row bytes for RGBA_8888 is 7200
07-18 17:56:26.099  5874  5900 I net.osmand:native: Locked 19368000 bytes at 0x81100000
07-18 17:56:26.099  5874  5900 I net.osmand:native: Initializing rendering
07-18 17:56:26.114  5874  5884 I zygote  : Background concurrent copying GC freed 475270(10MB) AllocSpace objects, 0(0B) LOS objects, 13% free, 37MB/43MB, paused 13.188ms total 561.959ms
07-18 17:56:26.116  5874  5900 I net.osmand:native: Rendering image
07-18 17:56:26.132  5874  5900 I net.osmand:native: Native ok (rendering 15, text 0 ms) 
07-18 17:56:26.132  5874  5900 I net.osmand:native:  (1453 points, 4 points inside, 19 of 27 objects visible)
07-18 17:56:26.132  5874  5900 I net.osmand:native: End Rendering image
07-18 17:56:26.132  5874  5900 I net.osmand:native: Native ok (init 16, rendering 15) 
07-18 17:56:26.146  5874  5900 I net.osmand: MapRenderRepositories true
07-18 17:56:26.408  5874  5874 I net.osmand: RoutingHelper Recalculate route, because correlation  : 165271.24477746125
07-18 17:56:26.423  5874  5874 I net.osmand: RoutingHelper Recalculate route, because correlation  : 165271.24477746125
07-18 17:56:26.424  5874  5874 I net.osmand: RoutingHelper Recalculate route, because wrong movement direction: 165271.25
07-18 17:56:26.675  5874  5874 I net.osmand: RoutingHelper Recalculate route, because correlation  : 164983.42075102348
07-18 17:56:26.679  5874  5874 I net.osmand: RoutingHelper Recalculate route, because correlation  : 164983.42075102348
07-18 17:56:26.679  5874  5874 I net.osmand: RoutingHelper Recalculate route, because wrong movement direction: 164983.42
07-18 17:56:26.819  5874  5901 I net.osmand: MapRenderRepositories RENDER MAP: update due to tile box
07-18 17:56:26.819  5874  5901 I net.osmand: MapRenderRepositories RENDER MAP: Interrupt rendering map
07-18 17:56:26.900  5874  5900 I net.osmand: MapRenderRepositories RENDER MAP: new request RotatedTileBox [lat=-7.274919999999999, lon=-36.077455, rotate=0.0, density=2.625, zoom=17, mapDensity=3.9375, zoomAnimation=0.0, zoomFloatPart=0.0, cx=900, cy=1972, pixWidth=1800, pixHeight=2690]
07-18 17:56:26.971  5874  5900 I net.osmand:native: Route objects 13
07-18 17:56:26.971  5874  5900 I net.osmand:native: Ocean: no completed & incompleted coastlines 0
07-18 17:56:26.971  5874  5900 I net.osmand:native: Detailed coastlines = 0, basemap coastlines 0, ocean tile 0.000000. Detailed added 0, basemap processed 1, basemap added 0.
07-18 17:56:26.971  5874  5900 I net.osmand:native: Search : tree - read( 490), accept( 37), objs - visit( 2509), accept(20), in result(9) 
07-18 17:56:26.974  5874  5900 I net.osmand: MapRenderRepositories BLat=-7.277231359481812, TLat=-7.269224023818969, LLong=-36.07990646362305, RLong=-36.07500457763672, zoom=17
07-18 17:56:26.974  5874  5900 I net.osmand: MapRenderRepositories Native search: 74 ms 
07-18 17:56:26.991  5874  5900 I net.osmand:native: Creating SkBitmap in native w:1800 h:2690 s:7200 f:1!
07-18 17:56:26.991  5874  5900 I net.osmand:native: Row bytes for RGBA_8888 is 7200
07-18 17:56:26.991  5874  5900 I net.osmand:native: Locked 19368000 bytes at 0x5e200000
07-18 17:56:26.991  5874  5900 I net.osmand:native: Initializing rendering
07-18 17:56:26.992  5874  5900 I net.osmand:native: Rendering image
07-18 17:56:27.012  5874  5900 I net.osmand:native: Native ok (rendering 19, text 0 ms) 
07-18 17:56:27.012  5874  5900 I net.osmand:native:  (1242 points, 2 points inside, 12 of 20 objects visible)
07-18 17:56:27.012  5874  5900 I net.osmand:native: End Rendering image
07-18 17:56:27.012  5874  5900 I net.osmand:native: Native ok (init 1, rendering 19) 
07-18 17:56:27.032  5874  5900 I net.osmand: MapRenderRepositories true
07-18 17:56:27.394  5874  5884 I zygote  : Background concurrent copying GC freed 315765(7MB) AllocSpace objects, 0(0B) LOS objects, 13% free, 39MB/45MB, paused 1.284ms total 678.097ms
07-18 17:56:27.418  5874  5874 I net.osmand: RoutingHelper Recalculate route, because correlation  : 164983.42075102348
07-18 17:56:27.425  5874  5874 I net.osmand: RoutingHelper Recalculate route, because correlation  : 164983.42075102348
07-18 17:56:27.425  5874  5874 I net.osmand: RoutingHelper Recalculate route, because wrong movement direction: 164983.42
07-18 17:56:27.773  5874  5874 I net.osmand: RoutingHelper Recalculate route, because correlation  : 164695.88310528136
07-18 17:56:27.783  5874  5874 I net.osmand: RoutingHelper Recalculate route, because correlation  : 164695.88310528136
07-18 17:56:27.783  5874  5874 I net.osmand: RoutingHelper Recalculate route, because wrong movement direction: 164695.89
07-18 17:56:27.874  5874  5901 I net.osmand: MapRenderRepositories RENDER MAP: update due to tile box
07-18 17:56:27.874  5874  5901 I net.osmand: MapRenderRepositories RENDER MAP: Interrupt rendering map
07-18 17:56:28.405  5874  5874 I net.osmand: RoutingHelper Recalculate route, because correlation  : 164695.88310528136
07-18 17:56:28.406  5874  5901 I net.osmand: MapRenderRepositories RENDER MAP: update due to tile box
07-18 17:56:28.408  5874  5901 I net.osmand: MapRenderRepositories RENDER MAP: Interrupt rendering map
07-18 17:56:28.473  5874  5874 I net.osmand: RoutingHelper Recalculate route, because correlation  : 164695.88310528136
07-18 17:56:28.473  5874  5874 I net.osmand: RoutingHelper Recalculate route, because wrong movement direction: 164695.89
07-18 17:56:28.523  5874  5901 I net.osmand: MapRenderRepositories RENDER MAP: update due to tile box
07-18 17:56:28.523  5874  5901 I net.osmand: MapRenderRepositories RENDER MAP: Interrupt rendering map
07-18 17:56:28.534  5874  5900 I net.osmand: MapRenderRepositories RENDER MAP: new request RotatedTileBox [lat=-7.274543333333335, lon=-36.08020666666666, rotate=0.0, density=2.625, zoom=17, mapDensity=3.9375, zoomAnimation=0.0, zoomFloatPart=0.0, cx=900, cy=1972, pixWidth=1800, pixHeight=2690]
07-18 17:56:28.608  5874  5900 I net.osmand:native: Route objects 13
07-18 17:56:28.609  5874  5900 I net.osmand:native: Ocean: no completed & incompleted coastlines 0
07-18 17:56:28.609  5874  5900 I net.osmand:native: Detailed coastlines = 0, basemap coastlines 0, ocean tile 0.000000. Detailed added 0, basemap processed 1, basemap added 0.
07-18 17:56:28.609  5874  5900 I net.osmand:native: Search : tree - read( 490), accept( 37), objs - visit( 2509), accept(20), in result(9) 
07-18 17:56:28.609  5874  5900 I net.osmand: MapRenderRepositories BLat=-7.276848483085632, TLat=-7.268840622901917, LLong=-36.082664489746094, RLong=-36.07775115966797, zoom=17
07-18 17:56:28.609  5874  5900 I net.osmand: MapRenderRepositories Native search: 75 ms 
07-18 17:56:28.615  5874  5900 I net.osmand:native: Creating SkBitmap in native w:1800 h:2690 s:7200 f:1!
07-18 17:56:28.615  5874  5900 I net.osmand:native: Row bytes for RGBA_8888 is 7200
07-18 17:56:28.615  5874  5900 I net.osmand:native: Locked 19368000 bytes at 0x81100000
07-18 17:56:28.615  5874  5900 I net.osmand:native: Initializing rendering
07-18 17:56:28.616  5874  5900 I net.osmand:native: Rendering image
07-18 17:56:28.625  5874  5900 I net.osmand:native: Native ok (rendering 8, text 0 ms) 
07-18 17:56:28.625  5874  5900 I net.osmand:native:  (1242 points, 0 points inside, 12 of 20 objects visible)
07-18 17:56:28.625  5874  5900 I net.osmand:native: End Rendering image
07-18 17:56:28.625  5874  5900 I net.osmand:native: Native ok (init 1, rendering 8) 
07-18 17:56:28.626  5874  5900 I net.osmand: MapRenderRepositories true
07-18 17:56:28.938  5874  5874 I net.osmand: RoutingHelper Recalculate route, because correlation  : 164408.37301340624
07-18 17:56:28.938  5874  5874 I net.osmand: RoutingHelper Recalculate route, because wrong movement direction: 164408.38
07-18 17:56:28.974  5874  5874 I net.osmand: RoutingHelper Recalculate route, because correlation  : 164408.37301340624
07-18 17:56:29.082  5874  5901 I net.osmand: MapRenderRepositories RENDER MAP: update due to tile box
07-18 17:56:29.082  5874  5901 I net.osmand: MapRenderRepositories RENDER MAP: Interrupt rendering map
07-18 17:56:29.258  5874  5884 I zygote  : Background concurrent copying GC freed 419930(9MB) AllocSpace objects, 0(0B) LOS objects, 12% free, 41MB/47MB, paused 1.370ms total 824.714ms
07-18 17:56:29.379  5874  5900 I net.osmand: MapRenderRepositories RENDER MAP: new request RotatedTileBox [lat=-7.274168333333334, lon=-36.08295833333333, rotate=0.0, density=2.625, zoom=17, mapDensity=3.9375, zoomAnimation=0.0, zoomFloatPart=0.0, cx=900, cy=1972, pixWidth=1800, pixHeight=2690]
07-18 17:56:29.428  1592  1601 I zygote  : ThreadFlipBegin blocked for 5.294ms
07-18 17:56:29.433  1592  1605 I zygote  : IncrementDisableThreadFlip blocked for 5.790ms
07-18 17:56:29.453  5874  5900 I net.osmand:native: Route objects 13
07-18 17:56:29.453  5874  5900 I net.osmand:native: Ocean: no completed & incompleted coastlines 0
07-18 17:56:29.453  5874  5900 I net.osmand:native: Detailed coastlines = 0, basemap coastlines 0, ocean tile 0.000000. Detailed added 0, basemap processed 1, basemap added 0.
07-18 17:56:29.453  5874  5900 I net.osmand:native: Search : tree - read( 490), accept( 37), objs - visit( 2509), accept(20), in result(9) 
07-18 17:56:29.453  5874  5900 I net.osmand: MapRenderRepositories BLat=-7.2764640092849735, TLat=-7.268480277061462, LLong=-36.085411071777344, RLong=-36.08050537109375, zoom=17
07-18 17:56:29.453  5874  5900 I net.osmand: MapRenderRepositories Native search: 74 ms 
07-18 17:56:29.463  5874  5900 I net.osmand:native: Creating SkBitmap in native w:1800 h:2690 s:7200 f:1!
07-18 17:56:29.463  5874  5900 I net.osmand:native: Row bytes for RGBA_8888 is 7200
07-18 17:56:29.463  5874  5900 I net.osmand:native: Locked 19368000 bytes at 0x5e200000
07-18 17:56:29.463  5874  5900 I net.osmand:native: Initializing rendering
07-18 17:56:29.464  5874  5900 I net.osmand:native: Rendering image
07-18 17:56:29.479  5874  5900 I net.osmand:native: Native ok (rendering 14, text 0 ms) 
07-18 17:56:29.479  5874  5900 I net.osmand:native:  (1242 points, 2 points inside, 12 of 20 objects visible)
07-18 17:56:29.479  5874  5900 I net.osmand:native: End Rendering image
07-18 17:56:29.479  5874  5900 I net.osmand:native: Native ok (init 1, rendering 14) 
07-18 17:56:29.480  5874  5900 I net.osmand: MapRenderRepositories true
07-18 17:56:29.492  5874  5874 I net.osmand: RoutingHelper Recalculate route, because correlation  : 164408.37301340624
07-18 17:56:29.499  5874  5874 I net.osmand: RoutingHelper Recalculate route, because correlation  : 164408.37301340624
07-18 17:56:29.499  5874  5874 I net.osmand: RoutingHelper Recalculate route, because wrong movement direction: 164408.38
07-18 17:56:29.994  1592  1601 I zygote  : Background concurrent copying GC freed 31366(1452KB) AllocSpace objects, 0(0B) LOS objects, 10% free, 52MB/58MB, paused 1.292ms total 568.954ms
07-18 17:56:30.058  5874  5874 I net.osmand: RoutingHelper Recalculate route, because correlation  : 164120.79106033038
07-18 17:56:30.119  5874  5874 I net.osmand: RoutingHelper Recalculate route, because correlation  : 164120.79106033038
07-18 17:56:30.119  5874  5874 I net.osmand: RoutingHelper Recalculate route, because wrong movement direction: 164120.8
07-18 17:56:30.148  5874  5901 I net.osmand: MapRenderRepositories RENDER MAP: update due to tile box
07-18 17:56:30.148  5874  5901 I net.osmand: MapRenderRepositories RENDER MAP: Interrupt rendering map
07-18 17:56:30.231  5874  5900 I net.osmand: MapRenderRepositories RENDER MAP: new request RotatedTileBox [lat=-7.273791666666667, lon=-36.08571166666666, rotate=0.0, density=2.625, zoom=17, mapDensity=3.9375, zoomAnimation=0.0, zoomFloatPart=0.0, cx=900, cy=1972, pixWidth=1800, pixHeight=2690]
07-18 17:56:30.305  5874  5900 I net.osmand:native: Route objects 13
07-18 17:56:30.305  5874  5900 I net.osmand:native: Ocean: no completed & incompleted coastlines 0
07-18 17:56:30.305  5874  5900 I net.osmand:native: Detailed coastlines = 0, basemap coastlines 0, ocean tile 0.000000. Detailed added 0, basemap processed 1, basemap added 0.
07-18 17:56:30.305  5874  5900 I net.osmand:native: Search : tree - read( 490), accept( 36), objs - visit( 2469), accept(20), in result(9) 
07-18 17:56:30.305  5874  5900 I net.osmand: MapRenderRepositories BLat=-7.276103162765503, TLat=-7.268095827102661, LLong=-36.08816909790039, RLong=-36.0832633972168, zoom=17
07-18 17:56:30.305  5874  5900 I net.osmand: MapRenderRepositories Native search: 74 ms 
07-18 17:56:30.316  5874  5900 I net.osmand:native: Creating SkBitmap in native w:1800 h:2690 s:7200 f:1!
07-18 17:56:30.316  5874  5900 I net.osmand:native: Row bytes for RGBA_8888 is 7200
07-18 17:56:30.316  5874  5900 I net.osmand:native: Locked 19368000 bytes at 0x81100000
07-18 17:56:30.316  5874  5900 I net.osmand:native: Initializing rendering
07-18 17:56:30.321  5874  5900 I net.osmand:native: Rendering image
07-18 17:56:30.344  5874  5900 I net.osmand:native: Native ok (rendering 22, text 0 ms) 
07-18 17:56:30.344  5874  5900 I net.osmand:native:  (1242 points, 2 points inside, 12 of 20 objects visible)
07-18 17:56:30.344  5874  5900 I net.osmand:native: End Rendering image
07-18 17:56:30.344  5874  5900 I net.osmand:native: Native ok (init 4, rendering 22) 
07-18 17:56:30.361  5874  5900 I net.osmand: MapRenderRepositories true
07-18 17:56:30.428  5874  5874 I net.osmand: RoutingHelper Recalculate route, because correlation  : 164120.79106033038
07-18 17:56:30.429  1956  1956 I GeofencerStateMachine: sendNewTransitions called.
07-18 17:56:30.430  5874  5874 I net.osmand: RoutingHelper Recalculate route, because correlation  : 164120.79106033038
07-18 17:56:30.430  5874  5874 I net.osmand: RoutingHelper Recalculate route, because wrong movement direction: 164120.8
07-18 17:56:30.502  1956  1956 I GeofencerStateMachine: sendNewTransitions called.
07-18 17:56:30.530  1956  1956 I GeofencerStateMachine: sendNewLocationAvailability: availability=LocationAvailability[isLocationAvailable: true]
07-18 17:56:30.587  1956  1956 I GeofencerStateMachine: sendNewLocationAvailability: availability=LocationAvailability[isLocationAvailable: true]
07-18 17:56:30.917  5874  5884 I zygote  : Background concurrent copying GC freed 516019(11MB) AllocSpace objects, 0(0B) LOS objects, 13% free, 37MB/43MB, paused 1.302ms total 546.875ms
07-18 17:56:31.189  5874  5874 I net.osmand: RoutingHelper Recalculate route, because correlation  : 163833.4568843862
07-18 17:56:31.189  5874  5874 I net.osmand: RoutingHelper Recalculate route, because wrong movement direction: 163833.45
07-18 17:56:31.250  5874  5901 I net.osmand: MapRenderRepositories RENDER MAP: update due to tile box
07-18 17:56:31.250  5874  5901 I net.osmand: MapRenderRepositories RENDER MAP: Interrupt rendering map
07-18 17:56:31.255  5874  5874 I net.osmand: RoutingHelper Recalculate route, because correlation  : 163833.4568843862
07-18 17:56:31.333  5874  5901 I net.osmand: MapRenderRepositories RENDER MAP: update due to tile box
07-18 17:56:31.333  5874  5901 I net.osmand: MapRenderRepositories RENDER MAP: Interrupt rendering map
07-18 17:56:31.433  5874  5874 I net.osmand: RoutingHelper Recalculate route, because correlation  : 163833.4568843862
07-18 17:56:31.437  5874  5901 I net.osmand: MapRenderRepositories RENDER MAP: update due to tile box
07-18 17:56:31.439  5874  5901 I net.osmand: MapRenderRepositories RENDER MAP: Interrupt rendering map
07-18 17:56:31.462  5874  5874 I net.osmand: RoutingHelper Recalculate route, because correlation  : 163833.4568843862
07-18 17:56:31.462  5874  5874 I net.osmand: RoutingHelper Recalculate route, because wrong movement direction: 163833.45
07-18 17:56:31.528  5874  5901 I net.osmand: MapRenderRepositories RENDER MAP: update due to tile box
07-18 17:56:31.529  5874  5901 I net.osmand: MapRenderRepositories RENDER MAP: Interrupt rendering map
07-18 17:56:31.862  5874  5900 I net.osmand: MapRenderRepositories RENDER MAP: new request RotatedTileBox [lat=-7.273415, lon=-36.08846333333334, rotate=0.0, density=2.625, zoom=17, mapDensity=3.9375, zoomAnimation=0.0, zoomFloatPart=0.0, cx=900, cy=1972, pixWidth=1800, pixHeight=2690]
07-18 17:56:31.953  5874  5900 I net.osmand:native: Route objects 14
07-18 17:56:31.953  5874  5900 I net.osmand:native: Ocean: no completed & incompleted coastlines 0
07-18 17:56:31.953  5874  5900 I net.osmand:native: Detailed coastlines = 0, basemap coastlines 0, ocean tile 0.000000. Detailed added 0, basemap processed 1, basemap added 0.
07-18 17:56:31.953  5874  5900 I net.osmand:native: Search : tree - read( 490), accept( 39), objs - visit( 2589), accept(21), in result(10) 
07-18 17:56:31.954  5874  5900 I net.osmand: MapRenderRepositories BLat=-7.275720262527466, TLat=-7.267712926864624, LLong=-36.09091567993164, RLong=-36.08600997924805, zoom=17
07-18 17:56:31.954  5874  5900 I net.osmand: MapRenderRepositories Native search: 91 ms 
07-18 17:56:31.955  5874  5884 I zygote  : Background concurrent copying GC freed 319414(7MB) AllocSpace objects, 0(0B) LOS objects, 14% free, 36MB/42MB, paused 3.146ms total 376.648ms
07-18 17:56:31.959  5874  5900 I net.osmand:native: Creating SkBitmap in native w:1800 h:2690 s:7200 f:1!
07-18 17:56:31.959  5874  5900 I net.osmand:native: Row bytes for RGBA_8888 is 7200
07-18 17:56:31.960  5874  5900 I net.osmand:native: Locked 19368000 bytes at 0x5e200000
07-18 17:56:31.960  5874  5900 I net.osmand:native: Initializing rendering
07-18 17:56:31.961  5874  5900 I net.osmand:native: Rendering image
07-18 17:56:31.969  5874  5900 I net.osmand:native: Native ok (rendering 7, text 0 ms) 
07-18 17:56:31.969  5874  5900 I net.osmand:native:  (1732 points, 2 points inside, 14 of 23 objects visible)
07-18 17:56:31.969  5874  5900 I net.osmand:native: End Rendering image
07-18 17:56:31.969  5874  5900 I net.osmand:native: Native ok (init 1, rendering 7) 
07-18 17:56:31.976  5874  5900 I net.osmand: MapRenderRepositories true
07-18 17:56:32.298  5874  5874 I net.osmand: RoutingHelper Recalculate route, because correlation  : 163546.15098834265
07-18 17:56:32.304  5874  5901 I net.osmand: MapRenderRepositories RENDER MAP: update due to tile box
07-18 17:56:32.304  5874  5874 I net.osmand: RoutingHelper Recalculate route, because correlation  : 163546.15098834265
07-18 17:56:32.304  5874  5901 I net.osmand: MapRenderRepositories RENDER MAP: Interrupt rendering map
07-18 17:56:32.304  5874  5874 I net.osmand: RoutingHelper Recalculate route, because wrong movement direction: 163546.16
07-18 17:56:32.431  5874  5874 I net.osmand: RoutingHelper Recalculate route, because correlation  : 163546.15098834265
07-18 17:56:32.436  5874  5874 I net.osmand: RoutingHelper Recalculate route, because correlation  : 163546.15098834265
07-18 17:56:32.437  5874  5874 I net.osmand: RoutingHelper Recalculate route, because wrong movement direction: 163546.16
07-18 17:56:32.442  5874  5901 I net.osmand: MapRenderRepositories RENDER MAP: update due to tile box
07-18 17:56:32.442  5874  5901 I net.osmand: MapRenderRepositories RENDER MAP: Interrupt rendering map
07-18 17:56:32.524  5874  5901 I net.osmand: MapRenderRepositories RENDER MAP: update due to tile box
07-18 17:56:32.524  5874  5901 I net.osmand: MapRenderRepositories RENDER MAP: Interrupt rendering map
07-18 17:56:32.729  5874  5900 I net.osmand: MapRenderRepositories RENDER MAP: new request RotatedTileBox [lat=-7.273039999999999, lon=-36.091215000000005, rotate=0.0, density=2.625, zoom=17, mapDensity=3.9375, zoomAnimation=0.0, zoomFloatPart=0.0, cx=900, cy=1972, pixWidth=1800, pixHeight=2690]
07-18 17:56:32.807  5874  5900 I net.osmand:native: Route objects 14
07-18 17:56:32.807  5874  5900 I net.osmand:native: Ocean: no completed & incompleted coastlines 0
07-18 17:56:32.807  5874  5900 I net.osmand:native: Detailed coastlines = 0, basemap coastlines 0, ocean tile 0.000000. Detailed added 0, basemap processed 1, basemap added 0.
07-18 17:56:32.807  5874  5900 I net.osmand:native: Search : tree - read( 490), accept( 38), objs - visit( 2549), accept(21), in result(10) 
07-18 17:56:32.807  5874  5900 I net.osmand: MapRenderRepositories BLat=-7.275335812568665, TLat=-7.2673520803451535, LLong=-36.09366989135742, RLong=-36.0887565612793, zoom=17
07-18 17:56:32.807  5874  5900 I net.osmand: MapRenderRepositories Native search: 78 ms 
07-18 17:56:32.814  5874  5900 I net.osmand:native: Creating SkBitmap in native w:1800 h:2690 s:7200 f:1!
07-18 17:56:32.814  5874  5900 I net.osmand:native: Row bytes for RGBA_8888 is 7200
07-18 17:56:32.814  5874  5900 I net.osmand:native: Locked 19368000 bytes at 0x81100000
07-18 17:56:32.814  5874  5900 I net.osmand:native: Initializing rendering
07-18 17:56:32.816  5874  5900 I net.osmand:native: Rendering image
07-18 17:56:32.834  5874  5900 I net.osmand:native: Native ok (rendering 16, text 0 ms) 
07-18 17:56:32.834  5874  5900 I net.osmand:native:  (1604 points, 22 points inside, 14 of 23 objects visible)
07-18 17:56:32.834  5874  5900 I net.osmand:native: End Rendering image
07-18 17:56:32.834  5874  5900 I net.osmand:native: Native ok (init 2, rendering 16) 
07-18 17:56:32.834  5874  5900 I net.osmand: MapRenderRepositories true
07-18 17:56:33.100  5874  5884 I zygote  : Background concurrent copying GC freed 271141(6MB) AllocSpace objects, 0(0B) LOS objects, 13% free, 38MB/44MB, paused 909us total 526.067ms
07-18 17:56:33.412  5874  5874 I net.osmand: RoutingHelper Recalculate route, because correlation  : 163258.774739018
07-18 17:56:33.414  5874  5901 I net.osmand: MapRenderRepositories RENDER MAP: update due to tile box
07-18 17:56:33.425  5874  5901 I net.osmand: MapRenderRepositories RENDER MAP: Interrupt rendering map
07-18 17:56:33.443  5874  5874 I net.osmand: RoutingHelper Recalculate route, because correlation  : 163258.774739018
07-18 17:56:33.444  5874  5874 I net.osmand: RoutingHelper Recalculate route, because wrong movement direction: 163258.78
07-18 17:56:33.446  5874  5874 I net.osmand: RoutingHelper Recalculate route, because correlation  : 163258.774739018
07-18 17:56:33.450  5874  5874 I net.osmand: RoutingHelper Recalculate route, because correlation  : 163258.774739018
07-18 17:56:33.450  5874  5874 I net.osmand: RoutingHelper Recalculate route, because wrong movement direction: 163258.78
07-18 17:56:33.572  5874  5901 I net.osmand: MapRenderRepositories RENDER MAP: update due to tile box
07-18 17:56:33.572  5874  5901 I net.osmand: MapRenderRepositories RENDER MAP: Interrupt rendering map
07-18 17:56:33.586  5874  5900 I net.osmand: MapRenderRepositories RENDER MAP: new request RotatedTileBox [lat=-7.272663333333332, lon=-36.093968333333336, rotate=0.0, density=2.625, zoom=17, mapDensity=3.9375, zoomAnimation=0.0, zoomFloatPart=0.0, cx=900, cy=1972, pixWidth=1800, pixHeight=2690]
07-18 17:56:33.696  5874  5900 I net.osmand:native: Route objects 16
07-18 17:56:33.703  5874  5900 I net.osmand:native: Ocean: no completed & incompleted coastlines 0
07-18 17:56:33.703  5874  5900 I net.osmand:native: Detailed coastlines = 0, basemap coastlines 0, ocean tile 0.000000. Detailed added 0, basemap processed 1, basemap added 0.
07-18 17:56:33.703  5874  5900 I net.osmand:native: Search : tree - read( 490), accept( 39), objs - visit( 2589), accept(23), in result(12) 
07-18 17:56:33.704  5874  5900 I net.osmand: MapRenderRepositories BLat=-7.274974966049195, TLat=-7.266967630386352, LLong=-36.09641647338867, RLong=-36.091514587402344, zoom=17
07-18 17:56:33.705  5874  5900 I net.osmand: MapRenderRepositories Native search: 117 ms 
07-18 17:56:33.723  5874  5900 I net.osmand:native: Creating SkBitmap in native w:1800 h:2690 s:7200 f:1!
07-18 17:56:33.723  5874  5900 I net.osmand:native: Row bytes for RGBA_8888 is 7200
07-18 17:56:33.723  5874  5900 I net.osmand:native: Locked 19368000 bytes at 0x5e200000
07-18 17:56:33.723  5874  5900 I net.osmand:native: Initializing rendering
07-18 17:56:33.724  5874  5900 I net.osmand:native: Rendering image
07-18 17:56:33.743  5874  5900 I net.osmand:native: Native ok (rendering 13, text 0 ms) 
07-18 17:56:33.743  5874  5900 I net.osmand:native:  (1618 points, 26 points inside, 18 of 29 objects visible)
07-18 17:56:33.743  5874  5900 I net.osmand:native: End Rendering image
07-18 17:56:33.743  5874  5900 I net.osmand:native: Native ok (init 5, rendering 13) 
07-18 17:56:33.744  5874  5900 I net.osmand: MapRenderRepositories true
07-18 17:56:34.428  5874  5874 I net.osmand: RoutingHelper Recalculate route, because correlation  : 163258.774739018
07-18 17:56:34.432  5874  5874 I net.osmand: RoutingHelper Recalculate route, because correlation  : 163258.774739018
07-18 17:56:34.432  5874  5874 I net.osmand: RoutingHelper Recalculate route, because wrong movement direction: 163258.78
07-18 17:56:34.536  5874  5874 I net.osmand: RoutingHelper Recalculate route, because correlation  : 162971.60675344907
07-18 17:56:34.540  5874  5874 I net.osmand: RoutingHelper Recalculate route, because correlation  : 162971.60675344907
07-18 17:56:34.541  5874  5874 I net.osmand: RoutingHelper Recalculate route, because wrong movement direction: 162971.61
07-18 17:56:34.555  5874  5901 I net.osmand: MapRenderRepositories RENDER MAP: update due to tile box
07-18 17:56:34.556  5874  5901 I net.osmand: MapRenderRepositories RENDER MAP: Interrupt rendering map
07-18 17:56:34.637  5874  5901 I net.osmand: MapRenderRepositories RENDER MAP: update due to tile box
07-18 17:56:34.639  5874  5901 I net.osmand: MapRenderRepositories RENDER MAP: Interrupt rendering map
07-18 17:56:35.021  5874  5884 I zygote  : Background concurrent copying GC freed 317910(7MB) AllocSpace objects, 0(0B) LOS objects, 13% free, 39MB/45MB, paused 1.512ms total 554.635ms
07-18 17:56:35.247  5874  5900 I net.osmand: MapRenderRepositories RENDER MAP: new request RotatedTileBox [lat=-7.272288333333334, lon=-36.09672, rotate=0.0, density=2.625, zoom=17, mapDensity=3.9375, zoomAnimation=0.0, zoomFloatPart=0.0, cx=900, cy=1972, pixWidth=1800, pixHeight=2690]
07-18 17:56:35.293  5874  5900 I net.osmand:native: Route objects 28
07-18 17:56:35.294  5874  5900 I net.osmand:native: Ocean: no completed & incompleted coastlines 0
07-18 17:56:35.294  5874  5900 I net.osmand:native: Detailed coastlines = 0, basemap coastlines 0, ocean tile 0.000000. Detailed added 0, basemap processed 1, basemap added 0.
07-18 17:56:35.294  5874  5900 I net.osmand:native: Search : tree - read( 490), accept( 38), objs - visit( 2549), accept(35), in result(24) 
07-18 17:56:35.294  5874  5900 I net.osmand: MapRenderRepositories BLat=-7.274592065811158, TLat=-7.266584730148315, LLong=-36.09917449951172, RLong=-36.09427261352539, zoom=17
07-18 17:56:35.294  5874  5900 I net.osmand: MapRenderRepositories Native search: 47 ms 
07-18 17:56:35.298  5874  5900 I net.osmand:native: Creating SkBitmap in native w:1800 h:2690 s:7200 f:1!
07-18 17:56:35.298  5874  5900 I net.osmand:native: Row bytes for RGBA_8888 is 7200
07-18 17:56:35.299  5874  5900 I net.osmand:native: Locked 19368000 bytes at 0x81100000
07-18 17:56:35.299  5874  5900 I net.osmand:native: Initializing rendering
07-18 17:56:35.300  5874  5900 I net.osmand:native: Rendering image
07-18 17:56:35.341  5874  5900 I net.osmand:native: Native ok (rendering 0, text 16 ms) 
07-18 17:56:35.341  5874  5900 I net.osmand:native:  (1942 points, 71 points inside, 40 of 63 objects visible)
07-18 17:56:35.341  5874  5900 I net.osmand:native: End Rendering image
