06-29 13:20:48.086 23488 23488 I net.osmand: RoutingHelper Recalculate route, because correlation  : 1720622.075491033
06-29 13:20:48.087 23488 23488 I net.osmand: RoutingHelper Recalculate route, because wrong movement direction: 1720682.8
06-29 13:20:48.107 23488 23488 I net.osmand: RoutingHelper Recalculate route, because correlation  : 1720622.075491033
06-29 13:20:48.118 23488 23488 I net.osmand: RoutingHelper Recalculate route, because correlation  : 1720622.075491033
06-29 13:20:48.118 23488 23488 I net.osmand: RoutingHelper Recalculate route, because wrong movement direction: 1720682.8
06-29 13:20:48.546 23488 23488 I net.osmand: RoutingHelper Recalculate route, because correlation  : 1720622.075491033
06-29 13:20:48.546 23488 23488 I net.osmand: RoutingHelper Recalculate route, because wrong movement direction: 1720682.8
06-29 13:20:48.600 23488 23488 I net.osmand: RoutingHelper Recalculate route, because correlation  : 1720622.075491033
06-29 13:20:49.354 23488 23488 I chatty  : uid=10104(net.osmand) identical 1 line
06-29 13:20:49.359 23488 23488 I net.osmand: RoutingHelper Recalculate route, because correlation  : 1720622.075491033
06-29 13:20:49.360 23488 23488 I net.osmand: RoutingHelper Recalculate route, because wrong movement direction: 1720682.8
06-29 13:20:49.638 23488 23488 I net.osmand: RoutingHelper Recalculate route, because correlation  : 1720622.075491033
06-29 13:20:49.638 23488 23488 I net.osmand: RoutingHelper Recalculate route, because wrong movement direction: 1720682.8
06-29 13:20:49.654 23488 23488 I net.osmand: RoutingHelper Recalculate route, because correlation  : 1720622.075491033
06-29 13:20:49.654 23488 23488 I net.osmand: RoutingHelper Recalculate route, because wrong movement direction: 1720682.8
06-29 13:20:49.779 23488 23488 I net.osmand: RoutingHelper Recalculate route, because correlation  : 1720622.075491033
06-29 13:20:49.793 23488 23488 I net.osmand: RoutingHelper Recalculate route, because correlation  : 1720622.075491033
06-29 13:20:49.839  1600  1617 I WifiService: requestActivityInfo uid=1000
06-29 13:20:49.839  1600  1617 I WifiService: reportActivityInfo uid=1000
06-29 13:20:49.839  1600  1617 I WifiService: getSupportedFeatures uid=1000
06-29 13:20:49.882  1600  2660 I WifiService: getConnectionInfo uid=10014
06-29 13:20:50.140  1964  1979 I GeofencerStateMachine: addGeofences called by com.google.android.apps.maps
06-29 13:20:50.465  1964  3820 W ResourceType: ResTable_typeSpec entry count inconsistent: given 15, previously 22
06-29 13:20:50.501  1964  1978 I zygote  : Background concurrent copying GC freed 152855(6MB) AllocSpace objects, 42(2MB) LOS objects, 39% free, 9MB/15MB, paused 1.322ms total 172.947ms
06-29 13:20:50.544 23488 23488 I net.osmand: RoutingHelper Recalculate route, because correlation  : 1720622.075491033
06-29 13:20:50.544 23488 23488 I net.osmand: RoutingHelper Recalculate route, because wrong movement direction: 1720682.8
06-29 13:20:50.627 23488 23488 I net.osmand: RoutingHelper Recalculate route, because correlation  : 1720622.075491033
06-29 13:20:50.791 23488 23488 I chatty  : uid=10104(net.osmand) identical 1 line
06-29 13:20:50.795 23488 23488 I net.osmand: RoutingHelper Recalculate route, because correlation  : 1720622.075491033
06-29 13:20:50.795 23488 23488 I net.osmand: RoutingHelper Recalculate route, because wrong movement direction: 1720682.8
06-29 13:20:51.035  2629  2890 I WorkerManager: dispose()
06-29 13:20:51.037  2629  2890 W ThreadPoolDumper: Queue length for executor EventBus is now 11. Perhaps some tasks are too long, or the pool is too small.
06-29 13:20:51.060 23488 23488 I net.osmand: RoutingHelper Recalculate route, because correlation  : 1720622.075491033
06-29 13:20:51.060 23488 23488 I net.osmand: RoutingHelper Recalculate route, because wrong movement direction: 1720682.8
06-29 13:20:51.116 23488 23488 I net.osmand: RoutingHelper Recalculate route, because correlation  : 1720622.075491033
06-29 13:20:51.547 23488 23488 I chatty  : uid=10104(net.osmand) identical 1 line
06-29 13:20:51.578 23488 23488 I net.osmand: RoutingHelper Recalculate route, because correlation  : 1720622.075491033
06-29 13:20:51.579 23488 23488 I net.osmand: RoutingHelper Recalculate route, because wrong movement direction: 1720682.8
06-29 13:20:51.951 23488 23488 I net.osmand: RoutingHelper Recalculate route, because correlation  : 1720622.075491033
06-29 13:20:51.980 23488 23488 I net.osmand: RoutingHelper Recalculate route, because correlation  : 1720622.075491033
06-29 13:20:51.981 23488 23488 I net.osmand: RoutingHelper Recalculate route, because wrong movement direction: 1720682.8
06-29 13:20:52.068  1964  1964 I BeaconBle: Scan : No clients left, canceling alarm.
06-29 13:20:52.414 23488 23488 I net.osmand: RoutingHelper Recalculate route, because correlation  : 1720622.075491033
06-29 13:20:52.475 23488 23488 I net.osmand: RoutingHelper Recalculate route, because correlation  : 1720622.075491033
06-29 13:20:52.475 23488 23488 I net.osmand: RoutingHelper Recalculate route, because wrong movement direction: 1720682.8
06-29 13:20:52.601 23488 23488 I net.osmand: RoutingHelper Recalculate route, because correlation  : 1720622.075491033
06-29 13:20:52.641 23488 23488 I net.osmand: RoutingHelper Recalculate route, because correlation  : 1720622.075491033
06-29 13:20:52.641 23488 23488 I net.osmand: RoutingHelper Recalculate route, because wrong movement direction: 1720682.8
06-29 13:20:53.283 23488 23488 I net.osmand: RoutingHelper Recalculate route, because correlation  : 1720622.075491033
06-29 13:20:53.285 23488 23488 I net.osmand: RoutingHelper Recalculate route, because correlation  : 1720622.075491033
06-29 13:20:53.285 23488 23488 I net.osmand: RoutingHelper Recalculate route, because wrong movement direction: 1720682.8
06-29 13:20:53.552 23488 23488 I net.osmand: RoutingHelper Recalculate route, because correlation  : 1720622.075491033
06-29 13:20:53.553 23488 23488 I net.osmand: RoutingHelper Recalculate route, because wrong movement direction: 1720682.8
06-29 13:20:53.629 23488 23488 I net.osmand: RoutingHelper Recalculate route, because correlation  : 1720622.075491033
06-29 13:20:53.871 23488 23488 I net.osmand: RoutingHelper Recalculate route, because correlation  : 1720622.075491033
06-29 13:20:53.871 23488 23488 I net.osmand: RoutingHelper Recalculate route, because wrong movement direction: 1720682.8
06-29 13:20:53.885 23488 23488 I net.osmand: RoutingHelper Recalculate route, because correlation  : 1720622.075491033
06-29 13:20:54.544 23488 23488 I chatty  : uid=10104(net.osmand) identical 1 line
06-29 13:20:54.556 23488 23488 I net.osmand: RoutingHelper Recalculate route, because correlation  : 1720622.075491033
06-29 13:20:54.556 23488 23488 I net.osmand: RoutingHelper Recalculate route, because wrong movement direction: 1720682.8
06-29 13:20:54.737 23540 23558 I Finsky  : [783] imb.run(3): Stats for Executor: BlockingExecutor ink@f29ae84[Running, pool size = 0, active threads = 0, queued tasks = 0, completed tasks = 13]
06-29 13:20:54.814 23540 23558 I Finsky  : [783] imb.run(3): Stats for Executor: LightweightExecutor ink@603b66d[Running, pool size = 2, active threads = 0, queued tasks = 0, completed tasks = 62]
06-29 13:20:54.918 23488 23488 D net.osmand: RoutingHelper Processed by distance : 98.42876522894 155.83344191361917
06-29 13:20:54.984 23488 23488 I net.osmand: RoutingHelper Recalculate route, because correlation  : 98.42876522894
06-29 13:20:54.987 23488 23520 I net.osmand: MapRenderRepositories RENDER MAP: update due to tile box
06-29 13:20:54.988 23488 23520 I net.osmand: MapRenderRepositories RENDER MAP: Interrupt rendering map
06-29 13:20:55.033 23488 23488 I net.osmand: RoutingHelper Recalculate route, because correlation  : 98.42876522894
06-29 13:20:55.036 23488 23520 I net.osmand: MapRenderRepositories RENDER MAP: update due to tile box
06-29 13:20:55.036 23488 23520 I net.osmand: MapRenderRepositories RENDER MAP: Interrupt rendering map
06-29 13:20:55.090 23488 23520 I net.osmand: MapRenderRepositories RENDER MAP: update due to tile box
06-29 13:20:55.090 23488 23520 I net.osmand: MapRenderRepositories RENDER MAP: Interrupt rendering map
06-29 13:20:55.535 23488 23519 I net.osmand: MapRenderRepositories RENDER MAP: new request RotatedTileBox [lat=-3.916666666666667E-4, lon=-51.06234833333333, rotate=0.0, density=2.625, zoom=17, mapDensity=3.9375, zoomAnimation=0.0, zoomFloatPart=0.0, cx=900, cy=1972, pixWidth=1800, pixHeight=2690]
06-29 13:20:55.557 23488 23488 I net.osmand: RoutingHelper Recalculate route, because correlation  : 98.42876522894
06-29 13:20:55.660 23488 23488 I net.osmand: RoutingHelper Recalculate route, because correlation  : 98.42876522894
06-29 13:20:55.854 23488 23519 I net.osmand:native: Route objects 43
06-29 13:20:55.854 23488 23519 I net.osmand:native: Ocean: no completed & incompleted coastlines 0
06-29 13:20:55.855 23488 23519 I net.osmand:native: Detailed coastlines = 0, basemap coastlines 0, ocean tile 0.000000. Detailed added 0, basemap processed 1, basemap added 0.
06-29 13:20:55.855 23488 23519 I net.osmand:native: Search : tree - read( 349), accept( 49), objs - visit( 4414), accept(82), in result(43) 
06-29 13:20:55.855 23488 23519 I net.osmand: MapRenderRepositories BLat=-0.0027047395706176758, TLat=0.005344033241271973, LLong=-51.064796447753906, RLong=-51.05989456176758, zoom=17
06-29 13:20:55.855 23488 23519 I net.osmand: MapRenderRepositories Native search: 318 ms 
06-29 13:20:55.861 23488 23519 I net.osmand:native: Creating SkBitmap in native w:1800 h:2690 s:7200 f:1!
06-29 13:20:55.861 23488 23519 I net.osmand:native: Row bytes for RGBA_8888 is 7200
06-29 13:20:55.861 23488 23519 I net.osmand:native: Locked 19368000 bytes at 0x7dd00000
06-29 13:20:55.861 23488 23519 I net.osmand:native: Initializing rendering
06-29 13:20:55.863 23488 23519 I net.osmand:native: Rendering image
06-29 13:20:55.954 23488 23519 I net.osmand: RenderingIcons Icon data length is 1382
06-29 13:20:56.076 23488 23519 I net.osmand:native: Native ok (rendering 1, text 119 ms) 
06-29 13:20:56.076 23488 23519 I net.osmand:native:  (28385 points, 215 points inside, 73 of 78 objects visible)
06-29 13:20:56.076 23488 23519 I net.osmand:native: End Rendering image
06-29 13:20:56.076 23488 23519 I net.osmand:native: Native ok (init 1, rendering 1) 
06-29 13:20:56.088 23488 23519 I net.osmand: MapRenderRepositories true
06-29 13:20:56.251 23540 23558 I Finsky  : [783] imb.run(3): Stats for Executor: bgExecutor ink@67812a2[Running, pool size = 4, active threads = 0, queued tasks = 0, completed tasks = 29]
06-29 13:20:56.353 23488 23498 I zygote  : Background concurrent copying GC freed 158658(6MB) AllocSpace objects, 2(32KB) LOS objects, 25% free, 17MB/23MB, paused 4.936ms total 877.125ms
06-29 13:20:56.434 23488 23488 I net.osmand: RoutingHelper Recalculate route, because correlation  : 98.42876522894
06-29 13:20:56.608 23488 23488 I chatty  : uid=10104(net.osmand) identical 2 lines
06-29 13:20:56.610 23488 23488 I net.osmand: RoutingHelper Recalculate route, because correlation  : 98.42876522894
06-29 13:20:56.735  1600  6200 I WifiService: acquireWifiLock uid=10014 lockMode=2
06-29 13:20:57.557 23488 23488 I net.osmand: RoutingHelper Recalculate route, because correlation  : 98.42876522894
06-29 13:20:57.577 23488 23488 I net.osmand: RoutingHelper Recalculate route, because correlation  : 98.42876522894
06-29 13:20:57.832 23488 23488 I net.osmand: RoutingHelper Recalculate route, because correlation  : 123.05663824667715
06-29 13:20:58.555 23488 23488 I chatty  : uid=10104(net.osmand) identical 2 lines
06-29 13:20:58.566 23488 23488 I net.osmand: RoutingHelper Recalculate route, because correlation  : 123.05663824667715
06-29 13:20:59.024 23488 23488 I net.osmand: RoutingHelper Recalculate route, because correlation  : 147.68451126445683
06-29 13:20:59.551 23488 23488 I chatty  : uid=10104(net.osmand) identical 2 lines
06-29 13:20:59.653 23488 23488 I net.osmand: RoutingHelper Recalculate route, because correlation  : 147.68451126445683
06-29 13:20:59.744  1600  2131 D WificondControl: Scan result ready event
06-29 13:20:59.882  1600  2131 I WifiService: releaseWifiLock uid=10014
06-29 13:21:00.374 23488 23488 I net.osmand: RoutingHelper Recalculate route, because correlation  : 172.31238428221485
06-29 13:21:01.554 23488 23488 I chatty  : uid=10104(net.osmand) identical 4 lines
06-29 13:21:01.676 23488 23488 I net.osmand: RoutingHelper Recalculate route, because correlation  : 172.31238428221485
06-29 13:21:01.768 23488 23488 I net.osmand: RoutingHelper Recalculate route, because correlation  : 196.9427621690602
06-29 13:21:01.774 23488 23488 I net.osmand: RoutingHelper Recalculate route, because correlation  : 196.9427621690602
06-29 13:21:01.955  1600  1613 E memtrack: Couldn't load memtrack module
06-29 13:21:01.955  1600  1613 W android.os.Debug: failed to get memory consumption info: -1
06-29 13:21:02.037  1600  1613 E memtrack: Couldn't load memtrack module
06-29 13:21:02.037  1600  1613 W android.os.Debug: failed to get memory consumption info: -1
06-29 13:21:02.093  1600  1613 E memtrack: Couldn't load memtrack module
06-29 13:21:02.093  1600  1613 W android.os.Debug: failed to get memory consumption info: -1
06-29 13:21:02.551 23488 23488 I net.osmand: RoutingHelper Recalculate route, because correlation  : 196.9427621690602
06-29 13:21:02.637 23488 23488 I net.osmand: RoutingHelper Recalculate route, because correlation  : 196.9427621690602
06-29 13:21:03.119 23488 23488 I net.osmand: RoutingHelper Recalculate route, because correlation  : 221.57063518681755
06-29 13:21:03.552 23488 23488 I chatty  : uid=10104(net.osmand) identical 2 lines
06-29 13:21:03.560 23488 23488 I net.osmand: RoutingHelper Recalculate route, because correlation  : 221.57063518681755
06-29 13:21:04.429 23488 23488 I net.osmand: RoutingHelper Recalculate route, because correlation  : 220.08775267801957
06-29 13:21:04.560 23488 23488 I chatty  : uid=10104(net.osmand) identical 2 lines
06-29 13:21:04.569 23488 23488 I net.osmand: RoutingHelper Recalculate route, because correlation  : 220.08775267801957
06-29 13:21:04.884  1600  1617 I WifiService: requestActivityInfo uid=1000
06-29 13:21:04.885  1600  1617 I WifiService: reportActivityInfo uid=1000
06-29 13:21:04.885  1600  1617 I WifiService: getSupportedFeatures uid=1000
06-29 13:21:05.583 23488 23488 I net.osmand: RoutingHelper Recalculate route, because correlation  : 220.08775267801957
06-29 13:21:06.551 23488 23488 I chatty  : uid=10104(net.osmand) identical 4 lines
06-29 13:21:06.612 23488 23488 I net.osmand: RoutingHelper Recalculate route, because correlation  : 220.08775267801957
06-29 13:21:07.165 23488 23488 I net.osmand: RoutingHelper Recalculate route, because correlation  : 244.51273129845168
06-29 13:21:07.235 23488 23488 I net.osmand: RoutingHelper Recalculate route, because correlation  : 244.51273129845168
06-29 13:21:07.244 23488 23520 I net.osmand: MapRenderRepositories RENDER MAP: update due to tile box
06-29 13:21:07.244 23488 23520 I net.osmand: MapRenderRepositories RENDER MAP: Interrupt rendering map
06-29 13:21:07.331 23488 23520 I net.osmand: MapRenderRepositories RENDER MAP: update due to tile box
06-29 13:21:07.331 23488 23520 I net.osmand: MapRenderRepositories RENDER MAP: Interrupt rendering map
06-29 13:21:07.382 23488 23519 I net.osmand: MapRenderRepositories RENDER MAP: new request RotatedTileBox [lat=-0.0017066666666666667, lon=-51.06223833333333, rotate=0.0, density=2.625, zoom=17, mapDensity=3.9375, zoomAnimation=0.0, zoomFloatPart=0.0, cx=900, cy=1972, pixWidth=1800, pixHeight=2690]
06-29 13:21:07.613 23488 23488 I net.osmand: RoutingHelper Recalculate route, because correlation  : 244.51273129845168
06-29 13:21:07.614 23488 23488 I net.osmand: RoutingHelper Recalculate route, because correlation  : 244.51273129845168
06-29 13:21:07.650 23488 23519 I net.osmand:native: Route objects 36
06-29 13:21:07.650 23488 23519 I net.osmand:native: Ocean: no completed & incompleted coastlines 0
06-29 13:21:07.650 23488 23519 I net.osmand:native: Detailed coastlines = 0, basemap coastlines 0, ocean tile 0.000000. Detailed added 0, basemap processed 1, basemap added 0.
06-29 13:21:07.651 23488 23519 I net.osmand:native: Search : tree - read( 349), accept( 49), objs - visit( 4414), accept(75), in result(36) 
06-29 13:21:07.651 23488 23519 I net.osmand: MapRenderRepositories BLat=-0.0040361881256103516, TLat=0.0040361881256103516, LLong=-51.06468963623047, RLong=-51.05978775024414, zoom=17
06-29 13:21:07.652 23488 23519 I net.osmand: MapRenderRepositories Native search: 268 ms 
06-29 13:21:07.697 23488 23519 I net.osmand:native: Creating SkBitmap in native w:1800 h:2690 s:7200 f:1!
06-29 13:21:07.697 23488 23519 I net.osmand:native: Row bytes for RGBA_8888 is 7200
06-29 13:21:07.697 23488 23519 I net.osmand:native: Locked 19368000 bytes at 0x7c900000
06-29 13:21:07.697 23488 23519 I net.osmand:native: Initializing rendering
06-29 13:21:07.704 23488 23519 I net.osmand:native: Rendering image
06-29 13:21:07.917 23488 23519 I net.osmand:native: Native ok (rendering 0, text 55 ms) 
06-29 13:21:07.917 23488 23519 I net.osmand:native:  (28327 points, 204 points inside, 59 of 64 objects visible)
06-29 13:21:07.917 23488 23519 I net.osmand:native: End Rendering image
06-29 13:21:07.917 23488 23519 I net.osmand:native: Native ok (init 7, rendering 0) 
06-29 13:21:07.921 23488 23519 I net.osmand: MapRenderRepositories true
06-29 13:21:08.229 23488 23498 I zygote  : Background concurrent copying GC freed 151343(5MB) AllocSpace objects, 12(192KB) LOS objects, 24% free, 18MB/24MB, paused 12.472ms total 919.628ms
06-29 13:21:08.581 23488 23488 I net.osmand: RoutingHelper Recalculate route, because correlation  : 244.51273129845168
06-29 13:21:08.681 23488 23488 I net.osmand: RoutingHelper Recalculate route, because correlation  : 244.51273129845168
06-29 13:21:08.840 23488 23488 I net.osmand: RoutingHelper Recalculate route, because correlation  : 268.93520504979585
06-29 13:21:08.848 23488 23488 I net.osmand: RoutingHelper Recalculate route, because correlation  : 268.93520504979585
06-29 13:21:09.260  1600  1617 I WifiService: requestActivityInfo uid=1000
06-29 13:21:09.261  1600  1617 I WifiService: reportActivityInfo uid=1000
06-29 13:21:09.261  1600  1617 I WifiService: getSupportedFeatures uid=1000
06-29 13:21:09.554 23488 23488 I net.osmand: RoutingHelper Recalculate route, because correlation  : 268.93520504979585
06-29 13:21:09.578 23488 23488 I net.osmand: RoutingHelper Recalculate route, because correlation  : 268.93520504979585
06-29 13:21:09.821 23488 24209 I net.osmand:native: Reiterate point with new start/destination 
06-29 13:21:09.822 23488 24209 D net.osmand:native: Reiterate point  Road id=10433843291 dir=-1 ind=2 ds=0.000000 es=47518.320312 pend=0 parent=0
06-29 13:21:09.822 23488 24209 I net.osmand:native: Reiterate point with new start/destination 
06-29 13:21:09.822 23488 24209 D net.osmand:native: Reiterate point  Road id=8275460541 dir=-1 ind=10 ds=0.000000 es=47518.320312 pend=0 parent=0
06-29 13:21:09.826 23488 24209 I net.osmand:native: Reiterate point with new start/destination 
06-29 13:21:09.826 23488 24209 D net.osmand:native: Reiterate point  Road id=20088111493 dir=1 ind=1 ds=0.000000 es=47518.320312 pend=0 parent=0
06-29 13:21:09.826 23488 24209 I net.osmand:native: Reiterate point with new start/destination 
06-29 13:21:09.826 23488 24209 D net.osmand:native: Reiterate point  Road id=10433843829 dir=-1 ind=2 ds=0.000000 es=47518.320312 pend=0 parent=0
06-29 13:21:09.827 23488 24209 I net.osmand:native: Reiterate point with new start/destination 
06-29 13:21:09.827 23488 24209 D net.osmand:native: Reiterate point  Road id=8275460545 dir=1 ind=1 ds=0.000000 es=47518.320312 pend=0 parent=0
06-29 13:21:09.838 23488 24209 I net.osmand:native: Reiterate point with new start/destination 
06-29 13:21:09.839 23488 24209 D net.osmand:native: Reiterate point  Road id=10478595675 dir=-1 ind=1 ds=0.000000 es=47518.320312 pend=0 parent=0
06-29 13:21:09.839 23488 24209 I net.osmand:native: Reiterate point with new start/destination 
06-29 13:21:09.839 23488 24209 D net.osmand:native: Reiterate point  Road id=10478437299 dir=-1 ind=1 ds=0.000000 es=47518.320312 pend=0 parent=0
06-29 13:21:09.839 23488 24209 I net.osmand:native: Reiterate point with new start/destination 
06-29 13:21:09.839 23488 24209 D net.osmand:native: Reiterate point  Road id=10427071875 dir=-1 ind=6 ds=0.000000 es=47518.320312 pend=0 parent=0
06-29 13:21:09.849 23488 24209 I net.osmand:native: Reiterate point with new start/destination 
06-29 13:21:09.849 23488 24209 D net.osmand:native: Reiterate point  Road id=10432438249 dir=-1 ind=2 ds=0.000000 es=47518.320312 pend=0 parent=0
06-29 13:21:09.849 23488 24209 I net.osmand:native: Reiterate point with new start/destination 
06-29 13:21:09.849 23488 24209 D net.osmand:native: Reiterate point  Road id=20010181845 dir=-1 ind=2 ds=0.000000 es=47518.320312 pend=0 parent=0
06-29 13:21:09.850 23488 24209 I net.osmand:native: Reiterate point with new start/destination 
06-29 13:21:09.850 23488 24209 D net.osmand:native: Reiterate point  Road id=10479167483 dir=-1 ind=1 ds=0.000000 es=47518.320312 pend=0 parent=0
06-29 13:21:09.851 23488 24209 I net.osmand:native: Reiterate point with new start/destination 
06-29 13:21:09.851 23488 24209 D net.osmand:native: Reiterate point  Road id=23106480265 dir=-1 ind=1 ds=0.000000 es=47518.320312 pend=0 parent=0
06-29 13:21:09.851 23488 24209 I net.osmand:native: Reiterate point with new start/destination 
06-29 13:21:09.851 23488 24209 D net.osmand:native: Reiterate point  Road id=24028262429 dir=1 ind=88 ds=0.000000 es=47518.320312 pend=0 parent=0
06-29 13:21:09.896 23488 24209 I net.osmand:native: Reiterate point with new start/destination 
06-29 13:21:09.896 23488 24209 D net.osmand:native: Reiterate point  Road id=13098512903 dir=-1 ind=1 ds=0.000000 es=47518.320312 pend=0 parent=0
06-29 13:21:09.897 23488 24209 I net.osmand:native: Reiterate point with new start/destination 
06-29 13:21:09.897 23488 24209 D net.osmand:native: Reiterate point  Road id=10203512829 dir=-1 ind=13 ds=0.000000 es=47518.320312 pend=0 parent=0
06-29 13:21:09.899 23488 24209 I net.osmand:native: Reiterate point with new start/destination 
06-29 13:21:09.899 23488 24209 D net.osmand:native: Reiterate point  Road id=10432567071 dir=-1 ind=1 ds=0.000000 es=47518.320312 pend=0 parent=0
06-29 13:21:09.899 23488 24209 I net.osmand:native: Reiterate point with new start/destination 
06-29 13:21:09.899 23488 24209 D net.osmand:native: Reiterate point  Road id=22941121545 dir=-1 ind=1 ds=0.000000 es=47518.320312 pend=0 parent=0
06-29 13:21:09.914 23488 24209 I net.osmand:native: Reiterate point with new start/destination 
06-29 13:21:09.915 23488 24209 D net.osmand:native: Reiterate point  Road id=37788106349 dir=-1 ind=1 ds=0.000000 es=47518.320312 pend=0 parent=0
06-29 13:21:09.916 23488 24209 I net.osmand:native: Reiterate point with new start/destination 
06-29 13:21:09.916 23488 24209 D net.osmand:native: Reiterate point  Road id=37788107019 dir=-1 ind=1 ds=0.000000 es=47518.320312 pend=0 parent=0
06-29 13:21:09.918 23488 24209 I net.osmand:native: Reiterate point with new start/destination 
06-29 13:21:09.918 23488 24209 D net.osmand:native: Reiterate point  Road id=37788103723 dir=-1 ind=2 ds=0.000000 es=47518.320312 pend=0 parent=0
06-29 13:21:09.918 23488 24209 I net.osmand:native: Reiterate point with new start/destination 
06-29 13:21:09.918 23488 24209 D net.osmand:native: Reiterate point  Road id=31985647045 dir=-1 ind=4 ds=0.000000 es=47518.320312 pend=0 parent=0
06-29 13:21:09.925 23488 24209 I net.osmand:native: Reiterate point with new start/destination 
06-29 13:21:09.925 23488 24209 D net.osmand:native: Reiterate point  Road id=17918261157 dir=-1 ind=1 ds=0.000000 es=47518.320312 pend=0 parent=0
06-29 13:21:09.929 23488 24209 I net.osmand:native: Reiterate point with new start/destination 
06-29 13:21:09.931 23488 24209 D net.osmand:native: Reiterate point  Road id=17918261201 dir=-1 ind=1 ds=0.000000 es=47518.320312 pend=0 parent=0
06-29 13:21:09.932 23488 24209 I net.osmand:native: Reiterate point with new start/destination 
06-29 13:21:09.932 23488 24209 D net.osmand:native: Reiterate point  Road id=27724909191 dir=-1 ind=3 ds=0.000000 es=47518.320312 pend=0 parent=0
06-29 13:21:09.940 23488 24209 W net.osmand:native: Route is not found to selected target point.
06-29 13:21:10.071 23488 23488 I net.osmand: RoutingHelper Recalculate route, because correlation  : 282.25609893795183
06-29 13:21:10.146 23488 23488 I net.osmand: RoutingHelper Recalculate route, because correlation  : 282.25609893795183
06-29 13:21:10.369 23488 24209 I net.osmand:native: No route found
06-29 13:21:10.558 23488 23488 I net.osmand: RoutingHelper Recalculate route, because correlation  : 282.25609893795183
06-29 13:21:10.621 23488 23488 I net.osmand: RoutingHelper Recalculate route, because correlation  : 282.25609893795183
06-29 13:21:10.822 23488 24209 I net.osmand: RoutePlannerFrontEnd Native routing took 27.972 seconds
06-29 13:21:10.822 23488 24209 I System.out: ROUTE : 
06-29 13:21:10.823 23488 24209 I net.osmand: RouteResultPreparation <test regions="" description="" best_percent="" vehicle="car" 
06-29 13:21:10.823 23488 24209 I net.osmand:   start_lat="-7.58920" start_lon="-37.54107" target_lat="-0.00069" target_lon="-51.09564"  routing_time="0.00" loadedTiles="753" visitedSegments="75825" complete_distance="0.00" complete_time="0.00" >
06-29 13:21:10.824 23488 24209 I System.out: <test regions="" description="" best_percent="" vehicle="car" 
06-29 13:21:10.824 23488 24209 I System.out:   start_lat="-7.58920" start_lon="-37.54107" target_lat="-0.00069" target_lon="-51.09564"  routing_time="0.00" loadedTiles="753" visitedSegments="75825" complete_distance="0.00" complete_time="0.00" >
06-29 13:21:10.824 23488 24209 I System.out: </test>
06-29 13:21:10.824 23488 24209 I System.out: <test regions="" description="" best_percent="" vehicle="car" 
06-29 13:21:10.824 23488 24209 I System.out:   start_lat="-7.58920" start_lon="-37.54107" target_lat="-0.00069" target_lon="-51.09564"  routing_time="0.00" loadedTiles="753" visitedSegments="75825" complete_distance="0.00" complete_time="0.00" >
06-29 13:21:10.872 23488 24209 I net.osmand:native: Start point was found 25957571909 [Native]
06-29 13:21:10.906 23488 24209 I net.osmand:native: End point was found 10433843853 [Native]
06-29 13:21:11.374 23488 23488 I net.osmand: RoutingHelper Recalculate route, because correlation  : 282.25609893795183
06-29 13:21:12.553 23488 23488 I chatty  : uid=10104(net.osmand) identical 4 lines
06-29 13:21:12.643 23488 23488 I net.osmand: RoutingHelper Recalculate route, because correlation  : 282.25609893795183
06-29 13:21:12.847 23488 23488 I net.osmand: RoutingHelper Recalculate route, because correlation  : 257.82611057931337
06-29 13:21:13.576 23488 23488 I chatty  : uid=10104(net.osmand) identical 2 lines
06-29 13:21:13.627 23488 23488 I net.osmand: RoutingHelper Recalculate route, because correlation  : 257.82611057931337
06-29 13:21:14.113 23488 23488 I net.osmand: RoutingHelper Recalculate route, because correlation  : 233.21076190705855
06-29 13:21:14.554 23488 23488 I chatty  : uid=10104(net.osmand) identical 2 lines
06-29 13:21:14.613 23488 23488 I net.osmand: RoutingHelper Recalculate route, because correlation  : 233.21076190705855
06-29 13:21:15.456 23488 23488 I net.osmand: RoutingHelper Recalculate route, because correlation  : 208.77826867932075
06-29 13:21:15.634 23488 23488 I chatty  : uid=10104(net.osmand) identical 3 lines
06-29 13:21:16.580 23488 23488 I net.osmand: RoutingHelper Recalculate route, because correlation  : 208.77826867932075
06-29 13:21:16.584  1964  1964 I GeofencerStateMachine: sendNewTransitions called.
06-29 13:21:16.638 23488 23488 I net.osmand: RoutingHelper Recalculate route, because correlation  : 208.77826867932075
06-29 13:21:16.702  1600  1613 E memtrack: Couldn't load memtrack module
06-29 13:21:16.702  1600  1613 W android.os.Debug: failed to get memory consumption info: -1
06-29 13:21:16.856  1600  7245 I WifiService: acquireWifiLock uid=10014 lockMode=2
06-29 13:21:17.050 23488 23488 I net.osmand: RoutingHelper Recalculate route, because correlation  : 184.1629200070757
06-29 13:21:17.106  1600  6200 I WifiService: releaseWifiLock uid=10014
06-29 13:21:17.165 23488 23488 I net.osmand: RoutingHelper Recalculate route, because correlation  : 184.1629200070757
06-29 13:21:17.557 23488 23488 I chatty  : uid=10104(net.osmand) identical 1 line
06-29 13:21:17.633 23488 23488 I net.osmand: RoutingHelper Recalculate route, because correlation  : 184.1629200070757
06-29 13:21:17.828 23488 23498 I zygote  : Background concurrent copying GC freed 145691(5MB) AllocSpace objects, 11(176KB) LOS objects, 24% free, 18MB/24MB, paused 1.601ms total 603.551ms
06-29 13:21:18.416 23488 23488 I net.osmand: RoutingHelper Recalculate route, because correlation  : 159.7329316484461
06-29 13:21:19.277  1600  1617 E BatteryExternalStatsWorker: modem info is invalid: ModemActivityInfo{ mTimestamp=0 mSleepTimeMs=0 mIdleTimeMs=0 mTxTimeMs[]=[0, 0, 0, 0, 0] mRxTimeMs=0 mEnergyUsed=0}
06-29 13:21:19.612 23488 23488 I chatty  : uid=10104(net.osmand) identical 4 lines
06-29 13:21:19.715 23488 23488 I net.osmand: RoutingHelper Recalculate route, because correlation  : 159.7329316484461
06-29 13:21:19.974 23488 23488 I net.osmand: RoutingHelper Recalculate route, because correlation  : 135.11758297618977
06-29 13:21:20.558 23488 23488 I chatty  : uid=10104(net.osmand) identical 2 lines
06-29 13:21:20.655 23488 23488 I net.osmand: RoutingHelper Recalculate route, because correlation  : 135.11758297618977
06-29 13:21:21.138  1600  1613 E memtrack: Couldn't load memtrack module
06-29 13:21:21.139  1600  1613 W android.os.Debug: failed to get memory consumption info: -1
06-29 13:21:21.297 23488 23488 I net.osmand: RoutingHelper Recalculate route, because correlation  : 147.33132472096628
06-29 13:21:22.726 23488 23488 I chatty  : uid=10104(net.osmand) identical 6 lines
06-29 13:21:22.777 23488 23488 I net.osmand: RoutingHelper Recalculate route, because correlation  : 147.33132472096628
06-29 13:21:23.132  1600  1609 I zygote  : Background concurrent copying GC freed 50559(2MB) AllocSpace objects, 4(208KB) LOS objects, 22% free, 21MB/27MB, paused 12.877ms total 472.826ms
06-29 13:21:23.264  1406  1406 I boot-pipe: done populating /dev/random
06-29 13:21:23.584 23488 23488 I net.osmand: RoutingHelper Recalculate route, because correlation  : 147.33132472096628
06-29 13:21:23.630 23488 23488 I net.osmand: RoutingHelper Recalculate route, because correlation  : 147.33132472096628
06-29 13:21:24.170 23488 23488 I net.osmand: RoutingHelper Recalculate route, because correlation  : 122.6959370959133
06-29 13:21:24.226 23488 23488 I net.osmand: RoutingHelper Recalculate route, because correlation  : 122.6959370959133
06-29 13:21:24.289  1600  1617 I WifiService: requestActivityInfo uid=1000
06-29 13:21:24.289  1600  1617 I WifiService: reportActivityInfo uid=1000
06-29 13:21:24.289  1600  1617 I WifiService: getSupportedFeatures uid=1000
06-29 13:21:24.566 23488 23488 I net.osmand: RoutingHelper Recalculate route, because correlation  : 122.6959370959133
06-29 13:21:24.588 23488 23488 I net.osmand: RoutingHelper Recalculate route, because correlation  : 122.6959370959133
06-29 13:21:25.549 23488 23488 I net.osmand: RoutingHelper Recalculate route, because correlation  : 97.87518915724428
06-29 13:21:25.658 23488 23520 I net.osmand: MapRenderRepositories RENDER MAP: update due to tile box
06-29 13:21:25.658 23488 23520 I net.osmand: MapRenderRepositories RENDER MAP: Interrupt rendering map
06-29 13:21:25.679 23488 23488 I net.osmand: RoutingHelper Recalculate route, because correlation  : 97.87518915724428
06-29 13:21:25.724 23488 23520 I net.osmand: MapRenderRepositories RENDER MAP: update due to tile box
06-29 13:21:25.725 23488 23520 I net.osmand: MapRenderRepositories RENDER MAP: Interrupt rendering map
06-29 13:21:25.743 23488 23488 I net.osmand: RoutingHelper Recalculate route, because correlation  : 97.87518915724428
06-29 13:21:25.790 23488 23520 I net.osmand: MapRenderRepositories RENDER MAP: update due to tile box
06-29 13:21:25.795 23488 23520 I net.osmand: MapRenderRepositories RENDER MAP: Interrupt rendering map
06-29 13:21:25.801 23488 23488 I net.osmand: RoutingHelper Recalculate route, because correlation  : 97.87518915724428
06-29 13:21:25.816 23488 23520 I net.osmand: MapRenderRepositories RENDER MAP: update due to tile box
06-29 13:21:25.816 23488 23520 I net.osmand: MapRenderRepositories RENDER MAP: Interrupt rendering map
06-29 13:21:25.972 23488 23519 I net.osmand: MapRenderRepositories RENDER MAP: new request RotatedTileBox [lat=-3.866666666666666E-4, lon=-51.06235, rotate=0.0, density=2.625, zoom=17, mapDensity=3.9375, zoomAnimation=0.0, zoomFloatPart=0.0, cx=900, cy=1972, pixWidth=1800, pixHeight=2690]
06-29 13:21:26.115 23488 23519 I net.osmand:native: Route objects 43
06-29 13:21:26.115 23488 23519 I net.osmand:native: Ocean: no completed & incompleted coastlines 0
06-29 13:21:26.115 23488 23519 I net.osmand:native: Detailed coastlines = 0, basemap coastlines 0, ocean tile 0.000000. Detailed added 0, basemap processed 1, basemap added 0.
06-29 13:21:26.115 23488 23519 I net.osmand:native: Search : tree - read( 349), accept( 49), objs - visit( 4414), accept(82), in result(43) 
06-29 13:21:26.116 23488 23519 I net.osmand: MapRenderRepositories BLat=-0.0027052760124206543, TLat=0.0053552985191345215, LLong=-51.0648078918457, RLong=-51.05989456176758, zoom=17
06-29 13:21:26.116 23488 23519 I net.osmand: MapRenderRepositories Native search: 143 ms 
06-29 13:21:26.128 23488 23519 I net.osmand:native: Creating SkBitmap in native w:1800 h:2690 s:7200 f:1!
06-29 13:21:26.128 23488 23519 I net.osmand:native: Row bytes for RGBA_8888 is 7200
06-29 13:21:26.130 23488 23519 I net.osmand:native: Locked 19368000 bytes at 0x7dd00000
06-29 13:21:26.130 23488 23519 I net.osmand:native: Initializing rendering
06-29 13:21:26.131 23488 23519 I net.osmand:native: Rendering image
06-29 13:21:26.275 23488 23519 I net.osmand:native: Native ok (rendering 1, text 70 ms) 
06-29 13:21:26.275 23488 23519 I net.osmand:native:  (28385 points, 217 points inside, 73 of 78 objects visible)
06-29 13:21:26.275 23488 23519 I net.osmand:native: End Rendering image
06-29 13:21:26.275 23488 23519 I net.osmand:native: Native ok (init 1, rendering 1) 
06-29 13:21:26.288 23488 23519 I net.osmand: MapRenderRepositories true
06-29 13:21:26.576 23488 23488 I net.osmand: RoutingHelper Recalculate route, because correlation  : 97.87518915724428
06-29 13:21:26.579 23488 23488 I net.osmand: RoutingHelper Recalculate route, because correlation  : 97.87518915724428
06-29 13:21:26.931 23488 23488 I net.osmand: TTSCommandPlayerImpl Send message to pebble retornou ao percurso 
06-29 13:21:26.931 23488 23488 D net.osmand: AbstractPrologCommandPlayer requestAudioFocus
06-29 13:21:26.931 23488 23488 W AudioManager: Use of stream types is deprecated for operations other than volume control
06-29 13:21:26.932 23488 23488 W AudioManager: See the documentation of requestAudioFocus() for what to use instead with android.media.AudioAttributes to qualify your playback use case
06-29 13:21:26.933  1600  2131 I MediaFocusControl: requestAudioFocus() from uid/pid 10104/23488 clientId=android.media.AudioManager@68e89e5net.osmand.plus.api.AudioFocusHelperImpl@67c6e09 callingPack=net.osmand req=3 flags=0x0 sdk=26
06-29 13:21:26.944 23488 23488 D net.osmand: TTSCommandPlayerImpl ttsRequests=1
06-29 13:21:26.949 23796 23843 I TTS.GoogleTTSServiceImp: Synthesis request for locale por-BRA and name pt-BR-language
06-29 13:21:26.955 23796 23843 I TTS.GoogleTTSServiceImp: TTS dispatch: pt-br-x-afs-lstm-embedded
06-29 13:21:27.117 23796 23844 D AudioTrack: Client defaulted notificationFrames to 1365 for frameCount 4096
06-29 13:21:27.130  1600  2131 V MediaRouterService: restoreBluetoothA2dp(false)
06-29 13:21:27.147  1390  2659 W audio_hw_generic: Not supplying enough data to HAL, expected position 133371535 , only wrote 133371360
06-29 13:21:27.176 23488 24209 W net.osmand:native: [Native] Result visited (visited roads 27950, visited segments 16989 / 21495 , queue sizes 844 / 3444 ) 
06-29 13:21:27.176 23488 24209 W net.osmand:native: [Native] Result timing (time to load 0, time to calc 16269, loaded tiles 188) 
06-29 13:21:27.176 23488 24209 W net.osmand:native: [Native] Memory occupied (Routing context 8812 Kb, search 634 Kb)
06-29 13:21:27.192 23796 23801 I zygote  : Do partial code cache collection, code=125KB, data=69KB
06-29 13:21:27.194 23796 23801 I zygote  : After code cache collection, code=124KB, data=69KB
06-29 13:21:27.194 23796 23801 I zygote  : Increasing code cache capacity to 512KB
06-29 13:21:27.344 23488 24209 I net.osmand:native: No route found
06-29 13:21:27.612 23488 24209 I net.osmand: RoutePlannerFrontEnd Native routing took 16.787 seconds
06-29 13:21:27.613 23488 24209 I System.out: ROUTE : 
06-29 13:21:27.614 23488 24209 I net.osmand: RouteResultPreparation <test regions="" description="" best_percent="" vehicle="car" 
06-29 13:21:27.614 23488 24209 I net.osmand:   start_lat="-7.58920" start_lon="-37.54107" target_lat="-0.00069" target_lon="-51.09564"  routing_time="0.00" loadedTiles="188" visitedSegments="27950" complete_distance="0.00" complete_time="0.00" >
06-29 13:21:27.614 23488 24209 I System.out: <test regions="" description="" best_percent="" vehicle="car" 
06-29 13:21:27.614 23488 24209 I System.out:   start_lat="-7.58920" start_lon="-37.54107" target_lat="-0.00069" target_lon="-51.09564"  routing_time="0.00" loadedTiles="188" visitedSegments="27950" complete_distance="0.00" complete_time="0.00" >
06-29 13:21:27.614 23488 24209 I System.out: </test>
06-29 13:21:27.614 23488 24209 I System.out: <test regions="" description="" best_percent="" vehicle="car" 
06-29 13:21:27.614 23488 24209 I System.out:   start_lat="-7.58920" start_lon="-37.54107" target_lat="-0.00069" target_lon="-51.09564"  routing_time="0.00" loadedTiles="188" visitedSegments="27950" complete_distance="0.00" complete_time="0.00" >
06-29 13:21:27.614 23488 24209 I net.osmand: RouteProvider Finding route contained 0 points for 47529 ms
06-29 13:21:27.665 23488 23488 I net.osmand: TTSCommandPlayerImpl Send message to pebble Siga o caminho por  9 dcimos de milha para   Rua Jos Luiz Barata 
06-29 13:21:27.667 23488 23488 D net.osmand: TTSCommandPlayerImpl ttsRequests=2
06-29 13:21:28.394 23796 23843 I TTS.GoogleTTSServiceImp: Synthesis request for locale por-BRA and name pt-BR-language
06-29 13:21:28.405 23796 23843 I TTS.GoogleTTSServiceImp: TTS dispatch: pt-br-x-afs-lstm-embedded
06-29 13:21:29.098 23796 23844 D AudioTrack: stop() called with 40810 frames delivered
06-29 13:21:29.102  1600  6200 V MediaRouterService: restoreBluetoothA2dp(false)
06-29 13:21:29.107 23488 24232 D net.osmand: TTSCommandPlayerImpl ttsRequests=1
06-29 13:21:29.117 23796 23844 D AudioTrack: Client defaulted notificationFrames to 1365 for frameCount 4096
06-29 13:21:29.234  1704  1704 D StatusBar: disable<e i a s b h r c s q >
06-29 13:21:29.268  1704  1929 D EGL_emulation: eglMakeCurrent: 0x9e4046c0: ver 2 0 (tinfo 0x9e403690)
06-29 13:21:29.270  1398  1435 D gralloc_ranchu: gralloc_alloc: Creating ashmem region of size 8298496
06-29 13:21:29.352  1704  1929 D EGL_emulation: eglMakeCurrent: 0x9e4046c0: ver 2 0 (tinfo 0x9e403690)
06-29 13:21:29.378  1704  1704 D StatusBar: disable<e i a s b h r c s q >
06-29 13:21:29.407  1398  1435 D gralloc_ranchu: gralloc_alloc: Creating ashmem region of size 8298496
06-29 13:21:29.449  1390  2659 W audio_hw_generic: Not supplying enough data to HAL, expected position 133481852 , only wrote 133481520
06-29 13:21:29.450  1390  2659 W audio_hw_generic: Not supplying enough data to HAL, expected position 133481573 , only wrote 133481520
06-29 13:21:29.489  1473  1561 D AudioFlinger: mixer(0xa6c83380) throttle end: throttle time(10)
06-29 13:21:29.501  1390  2659 W audio_hw_generic: Not supplying enough data to HAL, expected position 133483353 , only wrote 133482240
06-29 13:21:29.504  1390  2659 W audio_hw_generic: Not supplying enough data to HAL, expected position 133482976 , only wrote 133482960
06-29 13:21:29.505  1390  2659 W audio_hw_generic: Not supplying enough data to HAL, expected position 133483022 , only wrote 133482960
06-29 13:21:29.522  1390  2659 W audio_hw_generic: Not supplying enough data to HAL, expected position 133483766 , only wrote 133483680
06-29 13:21:29.564  1398  1435 D gralloc_ranchu: gralloc_alloc: Creating ashmem region of size 8298496
06-29 13:21:29.621  1473  1561 D AudioFlinger: mixer(0xa6c83380) throttle end: throttle time(7)
06-29 13:21:29.646  1390  2659 W audio_hw_generic: Hardware backing HAL too slow, could only write 0 of 720 frames
06-29 13:21:29.741  1390  2659 I chatty  : uid=1041(audioserver) writer identical 4 lines
06-29 13:21:29.757  1390  2659 W audio_hw_generic: Hardware backing HAL too slow, could only write 0 of 720 frames
06-29 13:21:30.827 23488 23498 I zygote  : Background concurrent copying GC freed 151884(6MB) AllocSpace objects, 11(176KB) LOS objects, 25% free, 17MB/23MB, paused 13.160ms total 984.119ms
06-29 13:21:31.222  1390  2659 W audio_hw_generic: Not supplying enough data to HAL, expected position 133565297 , only wrote 133565040
06-29 13:21:31.224  1390  2659 W audio_hw_generic: Not supplying enough data to HAL, expected position 133565098 , only wrote 133565040
06-29 13:21:31.525 23724 23724 I Dialer  : NotificationBroadcastReceiver.onReceive - Broadcast from Notification: com.android.incallui.ACTION_HANG_UP_ONGOING_CALL
06-29 13:21:31.526 23724 23724 I Dialer  : NotificationBroadcastReceiver.hangUpOngoingCall - disconnecting call, call: [DialerCall_1, ACTIVE, [Capabilities: CAPABILITY_HOLD CAPABILITY_SUPPORT_HOLD CAPABILITY_MUTE CAPABILITY_CANNOT_DOWNGRADE_VIDEO_TO_AUDIO], [Properties:], children:[], parent:null, conferenceable:[], videoState:Audio Only, mSessionModificationState:0, CameraDir:-1]
06-29 13:21:31.530 23724 23724 I Dialer  : DialerCall.disconnect
06-29 13:21:31.531 23724 23724 I Dialer  : CallList.onUpdateCall - [DialerCall_1, DISCONNECTING, [Capabilities: CAPABILITY_HOLD CAPABILITY_SUPPORT_HOLD CAPABILITY_MUTE CAPABILITY_CANNOT_DOWNGRADE_VIDEO_TO_AUDIO], [Properties:], children:[], parent:null, conferenceable:[], videoState:Audio Only, mSessionModificationState:0, CameraDir:-1]
06-29 13:21:31.533 23724 23724 I Dialer  : InCallPresenter.onCallListChange - Phone switching state: INCALL -> INCALL
06-29 13:21:31.533 23724 23724 I Dialer  : StatusBarNotifier.cancelNotification - cancel
06-29 13:21:31.634 23724 23724 I Dialer  : VideoPauseController.onStateChange - hasPrimaryCallChanged: true, videoCanPause: false, isInBackground: false
06-29 13:21:31.634 23724 23724 I Dialer  : VideoPauseController.onPrimaryCallChanged - new call: null, old call: [DialerCall_1, DISCONNECTING, [Capabilities: CAPABILITY_HOLD CAPABILITY_SUPPORT_HOLD CAPABILITY_MUTE CAPABILITY_CANNOT_DOWNGRADE_VIDEO_TO_AUDIO], [Properties:], children:[], parent:null, conferenceable:[], videoState:Audio Only, mSessionModificationState:0, CameraDir:-1], mIsInBackground: false
06-29 13:21:31.740 23724 23724 I Dialer  : ProximitySensor.updateProximitySensorMode - screenOnImmediately: false, dialPadVisible: false, offHook: false, horizontal: false, uiShowing: false, audioRoute: EARPIECE
06-29 13:21:31.740 23724 23724 I Dialer  : ProximitySensor.turnOffProximitySensor - releasing wake lock
06-29 13:21:29.122  1600  6200 V MediaRouterService: restoreBluetoothA2dp(false)
06-29 13:21:31.759  1600  2538 I Telecom : Event: RecordEntry TC@11: REQUEST_DISCONNECT, null: ICA.dC(InCall package: com.google.android.dialer)@BmQ
06-29 13:21:31.759  1600  2538 I Telecom : Call: Send disconnect to connection service for call: [TC@11, ACTIVE, com.android.phone/com.android.services.telephony.TelephonyConnectionService, tel:****, A, childs(0), has_parent(false), [Capabilities: CAPABILITY_HOLD CAPABILITY_SUPPORT_HOLD CAPABILITY_MUTE CAPABILITY_CANNOT_DOWNGRADE_VIDEO_TO_AUDIO CAPABILITY_SPEED_UP_MT_AUDIO], [Properties:]]: ICA.dC(InCall package: com.google.android.dialer)@BmQ
06-29 13:21:31.984  1600  1678 D ConnectivityService: NetworkAgentInfo [MOBILE (LTE) - 100] EVENT_NETWORK_INFO_CHANGED, going from SUSPENDED to CONNECTED
06-29 13:21:32.023  1600  4840 I Telecom : InCallController: Sending updateCall [TC@11, ACTIVE, com.android.phone/com.android.services.telephony.TelephonyConnectionService, tel:****, A, childs(0), has_parent(false), [Capabilities: CAPABILITY_HOLD CAPABILITY_SUPPORT_HOLD CAPABILITY_MUTE CAPABILITY_CANNOT_DOWNGRADE_VIDEO_TO_AUDIO CAPABILITY_SPEED_UP_MT_AUDIO], [Properties:]]: CSW.sSH@BmU
06-29 13:21:32.095  1600  4840 I Telecom : InCallController: Components updated: [ComponentInfo{com.google.android.dialer/com.android.incallui.InCallServiceImpl}]: CSW.sSH@BmU
06-29 13:21:32.096  1600  4840 I Telecom : InCallController: Sending updateCall [TC@11, ACTIVE, com.android.phone/com.android.services.telephony.TelephonyConnectionService, tel:****, A, childs(0), has_parent(false), [Capabilities: CAPABILITY_HOLD CAPABILITY_SUPPORT_HOLD CAPABILITY_MUTE CAPABILITY_CANNOT_DOWNGRADE_VIDEO_TO_AUDIO CAPABILITY_SPEED_UP_MT_AUDIO], [Properties:]]: CSW.sCC@BmY
06-29 13:21:32.097 23724 23724 I Dialer  : VideoShareManager.unregisterListener - enter
06-29 13:21:32.097 23724 23724 I Dialer  : EnrichedCallManagerImpl.unregisterCapabilitiesListener - listener: bca@1ff24df
06-29 13:21:32.107 23724 23724 I Dialer  : CallList.onUpdateCall - [DialerCall_1, DISCONNECTING, [Capabilities: CAPABILITY_HOLD CAPABILITY_SUPPORT_HOLD CAPABILITY_MUTE CAPABILITY_CANNOT_DOWNGRADE_VIDEO_TO_AUDIO], [Properties:], children:[], parent:null, conferenceable:[], videoState:Audio Only, mSessionModificationState:0, CameraDir:-1]
06-29 13:21:32.107 23724 23724 I Dialer  : InCallPresenter.onCallListChange - Phone switching state: INCALL -> INCALL
06-29 13:21:32.107 23724 23724 I Dialer  : VideoPauseController.onStateChange - hasPrimaryCallChanged: false, videoCanPause: false, isInBackground: false
06-29 13:21:32.136  1600  4840 I Telecom : InCallController: Components updated: [ComponentInfo{com.google.android.dialer/com.android.incallui.InCallServiceImpl}]: CSW.sCC@BmY
06-29 13:21:32.147  1600  4840 I Telecom : CallsManager: setCallState ACTIVE -> DISCONNECTED, call: [TC@11, ACTIVE, com.android.phone/com.android.services.telephony.TelephonyConnectionService, tel:****, A, childs(0), has_parent(false), [Capabilities: CAPABILITY_HOLD CAPABILITY_SUPPORT_HOLD CAPABILITY_MUTE CAPABILITY_CANNOT_DOWNGRADE_VIDEO_TO_AUDIO CAPABILITY_SPEED_UP_MT_AUDIO], [Properties:]]: CSW.sDc@Bmc
06-29 13:21:32.147  1600  4840 I Telecom : Event: RecordEntry TC@11: SET_DISCONNECTED, disconnected set explicitly> DisconnectCause [ Code: (LOCAL) Label: () Description: () Reason: (LOCAL) Tone: (27) ]: CSW.sDc@Bmc
06-29 13:21:32.159  1600  1885 I Telecom : CallAudioRouteStateMachine: Message received: UPDATE_SYSTEM_AUDIO_ROUTE=1201, arg1=0: CSW.sDc->CARSM.pM_UPDATE_SYSTEM_AUDIO_ROUTE@Bmc
06-29 13:21:32.180  1600  1886 I Telecom : CallAudioModeStateMachine: Message received: TONE_STARTED_PLAYING.: CSW.sDc->CAMSM.pM_3001@Bmc
06-29 13:21:32.181  1600  1886 I Telecom : CallAudioModeStateMachine: Message received: NO_MORE_ACTIVE_OR_DIALING_CALLS.: CSW.sDc->CAMSM.pM_1001@Bmc
06-29 13:21:32.182  1600  1886 I Telecom : CallAudioModeStateMachine: Audio focus entering TONE/HOLDING state: CSW.sDc->CAMSM.pM_1001@Bmc
06-29 13:21:32.182  1600  1886 I MediaFocusControl: requestAudioFocus() from uid/pid 1000/1600 clientId=AudioFocus_For_Phone_Ring_And_Calls callingPack=com.android.server.telecom req=2 flags=0x4 sdk=0
06-29 13:21:32.190  1600  1884 I Telecom : BluetoothRouteManager: Running runnable for testing
06-29 13:21:32.192  1600  1884 W Telecom : Logging: Log.endSession was called with no session active.
06-29 13:21:32.232  1600 24234 I AudioTrack: AUDIO_OUTPUT_FLAG_FAST successful; frameCount 1440 -> 1440
06-29 13:21:32.232  1600 24234 D AudioTrack: Client defaulted notificationFrames to 720 for frameCount 1440
06-29 13:21:32.252  1600  4840 W ContextImpl: Calling a method in the system process without a qualified user: android.app.ContextImpl.sendBroadcast:981 android.content.ContextWrapper.sendBroadcast:442 com.android.server.telecom.CallLogManager.sendAddCallBroadcast:444 com.android.server.telecom.CallLogManager.logCall:287 com.android.server.telecom.CallLogManager.logCall:233 
06-29 13:21:32.265  1600  4840 I Telecom : InCallController: Sending updateCall [TC@11, DISCONNECTED, com.android.phone/com.android.services.telephony.TelephonyConnectionService, tel:****, A, childs(0), has_parent(false), [Capabilities: CAPABILITY_HOLD CAPABILITY_SUPPORT_HOLD CAPABILITY_MUTE CAPABILITY_CANNOT_DOWNGRADE_VIDEO_TO_AUDIO CAPABILITY_SPEED_UP_MT_AUDIO], [Properties:]]: CSW.sDc@Bmc
06-29 13:21:32.325  1600  4840 I Telecom : InCallController: Components updated: [ComponentInfo{com.google.android.dialer/com.android.incallui.InCallServiceImpl}]: CSW.sDc@Bmc
06-29 13:21:32.326  1600  4840 I Telecom : TelecomWakeLock: WakeLock already released with id: 26: CSW.sDc@Bmc
06-29 13:21:32.326  1600  4840 I Telecom : InCallWakeLockController: Releasing full wake lock: CSW.sDc@Bmc
06-29 13:21:32.330  1600  1614 W BroadcastQueue: Permission Denial: receiving Intent { act=android.intent.action.PHONE_STATE flg=0x1000010 (has extras) } to ProcessRecord{5790c50 23411:com.mapfactor.navigator:Notifications/u0a88} (pid=23411, uid=10088) requires android.permission.READ_PRIVILEGED_PHONE_STATE due to sender android (uid 1000)
