06-28 19:14:29.965 29061 29061 D InAppPurchaseHelper: Destroying helper.
06-28 19:14:29.989  1708  1926 D EGL_emulation: eglMakeCurrent: 0x9268e860: ver 2 0 (tinfo 0x92690770)
06-28 19:14:30.012  1708  1926 D EGL_emulation: eglMakeCurrent: 0x9268e860: ver 2 0 (tinfo 0x92690770)
06-28 19:14:30.032  1708  1728 I zygote  : WaitForGcToComplete blocked NativeAlloc on None for 6.219ms
06-28 19:14:30.048  1708  1926 D EGL_emulation: eglMakeCurrent: 0x9268e860: ver 2 0 (tinfo 0x92690770)
06-28 19:14:30.096  1708  1926 I chatty  : uid=10029(com.android.systemui) RenderThread identical 1 line
06-28 19:14:30.122  1708  1926 D EGL_emulation: eglMakeCurrent: 0x9268e860: ver 2 0 (tinfo 0x92690770)
06-28 19:14:30.219  1603  4070 I WifiService: releaseWifiLock uid=10014
06-28 19:14:30.221 29061 29061 D net.osmand: Enable sensor
06-28 19:14:30.281  1603  2155 I GnssLocationProvider: WakeLock acquired by sendMessage(SET_REQUEST, 0, com.android.server.location.GnssLocationProvider$GpsRequest@4698f6c)
06-28 19:14:30.343 29061 29061 W System.err: OnCreate for MapActivity took 378 ms
06-28 19:14:30.344  1603  1616 I GnssLocationProvider: WakeLock released by handleMessage(SET_REQUEST, 0, com.android.server.location.GnssLocationProvider$GpsRequest@4698f6c)
06-28 19:14:30.351 29061 29061 I Choreographer: Skipped 58 frames!  The application may be doing too much work on its main thread.
06-28 19:14:30.418 29061 29061 W ResourceType: For resource 0x7f0e013b, entry index(315) is beyond type entryCount(142)
06-28 19:14:30.428 29061 29061 I chatty  : uid=10104(net.osmand) identical 28 lines
06-28 19:14:30.428 29061 29061 W ResourceType: For resource 0x7f0e013b, entry index(315) is beyond type entryCount(142)
06-28 19:14:30.429  1401  1401 D gralloc_ranchu: gralloc_alloc: Creating ashmem region of size 8298496
06-28 19:14:30.432 29061 29061 W ResourceType: For resource 0x7f0e013b, entry index(315) is beyond type entryCount(142)
06-28 19:14:30.467 29061 29061 I chatty  : uid=10104(net.osmand) identical 38 lines
06-28 19:14:30.468 29061 29061 W ResourceType: For resource 0x7f0e013b, entry index(315) is beyond type entryCount(142)
06-28 19:14:30.479  1412  1466 E SurfaceFlinger: Permission Denial: can't openGlobalTransaction pid=29061, uid<=10104
06-28 19:14:30.479 29061 29061 E BpSurfaceComposerClient: Failed to transact (-1)
06-28 19:14:30.494  1412  1466 E SurfaceFlinger: Permission Denial: can't openGlobalTransaction pid=29061, uid<=10104
06-28 19:14:30.494 29061 29061 E BpSurfaceComposerClient: Failed to transact (-1)
06-28 19:14:30.513 29061 29102 D EGL_emulation: eglMakeCurrent: 0xa6785600: ver 2 0 (tinfo 0xa6783370)
06-28 19:14:30.540  1401  1401 D gralloc_ranchu: gralloc_alloc: Creating ashmem region of size 8298496
06-28 19:14:30.639  1401  1401 D gralloc_ranchu: gralloc_alloc: Creating ashmem region of size 3878912
06-28 19:14:30.871  1401  1401 D gralloc_ranchu: gralloc_alloc: Creating ashmem region of size 8298496
06-28 19:14:30.888  1708  1708 W StaticLayout: maxLineHeight should not be -1.  maxLines:7 lineCount:7
06-28 19:14:30.901  1708  1708 W StaticLayout: maxLineHeight should not be -1.  maxLines:7 lineCount:7
06-28 19:14:30.934  1708  1926 D EGL_emulation: eglMakeCurrent: 0x9268e860: ver 2 0 (tinfo 0x92690770)
06-28 19:14:31.017 19546 19546 I GeofencerStateMachine: sendNewLocationAvailability: availability=LocationAvailability[isLocationAvailable: true]
06-28 19:14:31.034  1708  1926 D EGL_emulation: eglMakeCurrent: 0x9268e860: ver 2 0 (tinfo 0x92690770)
06-28 19:14:31.079  1401  1401 D gralloc_ranchu: gralloc_alloc: Creating ashmem region of size 3878912
06-28 19:14:31.299  1401  1401 D gralloc_ranchu: gralloc_alloc: Creating ashmem region of size 3878912
06-28 19:14:31.390  1708  1728 I zygote  : NativeAlloc concurrent copying GC freed 52075(2MB) AllocSpace objects, 0(0B) LOS objects, 36% free, 10MB/16MB, paused 37.260ms total 1.357s
06-28 19:14:31.473  1708  1926 D EGL_emulation: eglMakeCurrent: 0x9268e860: ver 2 0 (tinfo 0x92690770)
06-28 19:14:31.854  1603  1612 I zygote  : NativeAlloc concurrent copying GC freed 34213(1627KB) AllocSpace objects, 7(424KB) LOS objects, 17% free, 28MB/34MB, paused 15.782ms total 2.074s
06-28 19:14:35.221  7820  7820 W ymr     : Already started: ymr@5761f57
06-28 19:14:35.304  7820  7892 I zygote  : Deoptimizing java.lang.Object acow.a(acli) due to JIT inline cache
06-28 19:14:35.330  7820  8032 E sbo     : Interactive Ads jobs: did not expect this future to ever resolve
06-28 19:14:35.333  7820  8033 I zygote  : Deoptimizing int aekm.a(java.lang.Object) due to JIT inline cache
06-28 19:14:36.097  1476  1476 I Camera2ClientBase: Closed Camera 0. Client was: com.android.camera2 (PID 7137, UID 10039)
06-28 19:14:36.184  7820  8032 I zygote  : Deoptimizing java.lang.Object whd.b(wil) due to JIT inline cache
06-28 19:14:36.246  1603  1620 I WifiService: requestActivityInfo uid=1000
06-28 19:14:36.247  1603  1620 I WifiService: reportActivityInfo uid=1000
06-28 19:14:36.247  1603  1620 I WifiService: getSupportedFeatures uid=1000
06-28 19:14:36.311  7820  8030 I zygote  : Deoptimizing void agdq.a(java.lang.Iterable, java.util.List) due to JIT inline cache
06-28 19:14:38.375 19546 19556 I zygote  : Background concurrent copying GC freed 190669(7MB) AllocSpace objects, 15(1056KB) LOS objects, 37% free, 10MB/16MB, paused 1.222ms total 189.301ms
06-28 19:14:45.050  1402  1417 D hwcomposer: hw_composer sent 78 syncs in 61s
06-28 19:14:45.739  8043  8043 D AndroidRuntime: >>>>>> START com.android.internal.os.RuntimeInit uid 2000 <<<<<<
06-28 19:14:45.749  8043  8043 W app_process: Could not reserve sentinel fault page
06-28 19:14:45.925  8043  8043 W app_process: Unexpected CPU variant for X86 using defaults: x86
06-28 19:14:45.933  8043  8043 I app_process: The ClassLoaderContext is a special shared library.
06-28 19:14:46.016  8043  8043 D AndroidRuntime: Calling main entry com.android.commands.input.Input
06-28 19:14:46.031  8043  8043 I Input   : injectKeyEvent: KeyEvent { action=ACTION_DOWN, keyCode=KEYCODE_HOME, scanCode=0, metaState=0, flags=0x0, repeatCount=0, eventTime=27807566, downTime=27807566, deviceId=-1, source=0x101 }
06-28 19:14:46.038  8043  8043 I Input   : injectKeyEvent: KeyEvent { action=ACTION_UP, keyCode=KEYCODE_HOME, scanCode=0, metaState=0, flags=0x0, repeatCount=0, eventTime=27807566, downTime=27807566, deviceId=-1, source=0x101 }
06-28 19:14:46.053  1603  1665 I ActivityManager: START u0 {act=android.intent.action.MAIN cat=[android.intent.category.HOME] flg=0x10200000 cmp=com.google.android.apps.nexuslauncher/.NexusLauncherActivity (has extras)} from uid 1000
06-28 19:14:46.079  1603  1665 I ActivityManager: Killing 6252:android.process.media/u0a9 (adj 906): empty #17
06-28 19:14:46.089  1603  1619 W zygote  : kill(-6252, 9) failed: No such process
06-28 19:14:46.089  1603  2151 I GnssLocationProvider: WakeLock acquired by sendMessage(SET_REQUEST, 0, com.android.server.location.GnssLocationProvider$GpsRequest@21423b1)
06-28 19:14:46.094 29061 29061 D net.osmand: Disable sensor
06-28 19:14:46.103  1603  1616 E memtrack: Couldn't load memtrack module
06-28 19:14:46.103  1603  1616 W android.os.Debug: failed to get memory consumption info: -1
06-28 19:14:46.104  8043  8043 D AndroidRuntime: Shutting down VM
06-28 19:14:46.136  1401  1401 D gralloc_ranchu: gralloc_alloc: Creating ashmem region of size 8298496
06-28 19:14:46.180  1603  1619 W zygote  : kill(-6252, 9) failed: No such process
06-28 19:14:46.182  1401  1401 D gralloc_ranchu: gralloc_alloc: Creating ashmem region of size 8298496
06-28 19:14:46.220  1603  1619 W zygote  : kill(-6252, 9) failed: No such process
06-28 19:14:46.226  1401  1401 D gralloc_ranchu: gralloc_alloc: Creating ashmem region of size 8298496
06-28 19:14:46.265  1603  1619 W zygote  : kill(-6252, 9) failed: No such process
06-28 19:14:46.279 29061 29061 I net.osmand: MapRenderRepositories RENDER MAP: Interrupt rendering map
06-28 19:14:46.300  1412  1412 D SurfaceFlinger: duplicate layer name: changing com.google.android.apps.nexuslauncher/com.google.android.apps.nexuslauncher.NexusLauncherActivity to com.google.android.apps.nexuslauncher/com.google.android.apps.nexuslauncher.NexusLauncherActivity#1
06-28 19:14:46.311  1603  1619 W zygote  : kill(-6252, 9) failed: No such process
06-28 19:14:46.330  1401  1401 D gralloc_ranchu: gralloc_alloc: Creating ashmem region of size 8298496
06-28 19:14:46.353  1603  1619 W zygote  : kill(-6252, 9) failed: No such process
06-28 19:14:46.392  1401  1401 D gralloc_ranchu: gralloc_alloc: Creating ashmem region of size 8298496
06-28 19:14:46.402  1603  1619 W zygote  : kill(-6252, 9) failed: No such process
06-28 19:14:46.436  1401  6331 D gralloc_ranchu: gralloc_alloc: Creating ashmem region of size 8298496
06-28 19:14:46.480  1524  1605 D EGL_emulation: eglMakeCurrent: 0xa3c2f0c0: ver 2 0 (tinfo 0xa6589e20)
06-28 19:14:46.524  1603  1619 W zygote  : kill(-6252, 9) failed: No such process
06-28 19:14:46.570  1603  1619 W zygote  : kill(-6252, 9) failed: No such process
06-28 19:14:46.596 29061 29102 D EGL_emulation: eglMakeCurrent: 0xa6785600: ver 2 0 (tinfo 0xa6783370)
06-28 19:14:46.664  2548  2598 D EGL_emulation: eglMakeCurrent: 0xa6785780: ver 2 0 (tinfo 0xa6783370)
06-28 19:14:46.666  1524  1524 W ThreadPoolDumper: Queue length for executor EventBus is now 11. Perhaps some tasks are too long, or the pool is too small.
06-28 19:14:46.686  1603  1619 W zygote  : kill(-6252, 9) failed: No such process
06-28 19:14:46.749  1401  6331 D gralloc_ranchu: gralloc_alloc: Creating ashmem region of size 8298496
06-28 19:14:46.813  1412  1412 E EGL_emulation: tid 1412: eglCreateSyncKHR(1962): error 0x3004 (EGL_BAD_ATTRIBUTE)
06-28 19:14:46.849  1708  1926 D EGL_emulation: eglMakeCurrent: 0x9268e860: ver 2 0 (tinfo 0x92690770)
06-28 19:14:46.857  1603  1619 W zygote  : kill(6252, 9) failed: No such process
06-28 19:14:46.863 19546 19546 I GeofencerStateMachine: sendNewLocationAvailability: availability=LocationAvailability[isLocationAvailable: true]
06-28 19:14:46.957  1603  1619 W zygote  : kill(-6252, 9) failed: No such process
06-28 19:14:46.957  1603  1619 I zygote  : Successfully killed process cgroup uid 10009 pid 6252 in 868ms
06-28 19:14:47.009  1603  4231 I WifiService: acquireWifiLock uid=10014 lockMode=2
06-28 19:14:47.049  1603  1616 E memtrack: Couldn't load memtrack module
06-28 19:14:47.050  1603  1616 W android.os.Debug: failed to get memory consumption info: -1
06-28 19:14:47.050  1524  1631 W SessionLifecycleManager: Handover failed. Creating new session controller.
06-28 19:14:47.174 29061  8028 E FA      : Task exception on worker thread: java.lang.IllegalAccessError: Method 'void android.support.v4.content.ContextCompat.<init>()' is inaccessible to class 'com.google.firebase.iid.zzg' (declaration of 'com.google.firebase.iid.zzg' appears in /data/app/net.osmand-3e2027wrPNiMXbTSfYMHIA==/base.apk): com.google.android.gms.measurement.internal.zzt.zzEd(Unknown Source:3)
06-28 19:14:47.190  2548  2598 W OpenGLRenderer: Incorrectly called buildLayer on View: ShortcutAndWidgetContainer, destroying layer...
06-28 19:14:47.191  2548  2598 W OpenGLRenderer: Incorrectly called buildLayer on View: ShortcutAndWidgetContainer, destroying layer...
06-28 19:14:47.416  1708  1926 D EGL_emulation: eglMakeCurrent: 0x9268e860: ver 2 0 (tinfo 0x92690770)
06-28 19:14:47.584  2548  2558 I zygote  : NativeAlloc concurrent copying GC freed 6502(387KB) AllocSpace objects, 2(104KB) LOS objects, 49% free, 4MB/9MB, paused 78.636ms total 693.273ms
06-28 19:14:47.618  1708  1728 I zygote  : NativeAlloc concurrent copying GC freed 34222(1755KB) AllocSpace objects, 0(0B) LOS objects, 37% free, 9MB/15MB, paused 7.318ms total 630.295ms
06-28 19:14:47.644  1603  1616 E memtrack: Couldn't load memtrack module
06-28 19:14:47.644  1603  1616 W android.os.Debug: failed to get memory consumption info: -1
06-28 19:14:47.706  1603  6334 I WifiService: getWifiEnabledState uid=10032
06-28 19:14:47.751  1603  2151 I WifiService: getWifiEnabledState uid=10032
06-28 19:14:47.786  1524  7920 W LocationOracle: No location history returned by ContextManager
06-28 19:14:47.867  1524  1631 I MicroDetectionWorker: #startMicroDetector [speakerMode: 0]
06-28 19:14:47.923  1603  1616 E memtrack: Couldn't load memtrack module
06-28 19:14:47.924  1603  1616 W android.os.Debug: failed to get memory consumption info: -1
06-28 19:14:47.925  1524  1631 W ErrorReporter: reportError [type: 211, code: 393244, bug: 0]: errorCode: 393244, engine: 0
06-28 19:14:47.928  1524  1631 I MicroDetector: Keeping mic open: false
06-28 19:14:47.928  1524  1631 I MicroDetectionWorker: #onError(false)
06-28 19:14:47.971  1603  3880 I WifiService: releaseWifiLock uid=10014
06-28 19:14:48.079  1603  1616 E memtrack: Couldn't load memtrack module
06-28 19:14:48.080  1603  1616 W android.os.Debug: failed to get memory consumption info: -1
06-28 19:14:48.206 19546 19546 I GeofencerStateMachine: removeGeofences: removeRequest=RemoveGeofencingRequest[REMOVE_BY_PENDING_INTENT pendingIntent=PendingIntent[creatorPackage=com.google.android.gms], packageName=com.google.android.gms]
06-28 19:14:48.211 19546 19546 I chatty  : uid=10014 com.google.android.gms.persistent identical 1 line
06-28 19:14:48.239 19546 19546 I GeofencerStateMachine: removeGeofences: removeRequest=RemoveGeofencingRequest[REMOVE_BY_PENDING_INTENT pendingIntent=PendingIntent[creatorPackage=com.google.android.gms], packageName=com.google.android.gms]
06-28 19:14:48.252  1603  1616 I GnssLocationProvider: WakeLock released by handleMessage(SET_REQUEST, 0, com.android.server.location.GnssLocationProvider$GpsRequest@21423b1)
06-28 19:14:48.390 19546  8059 W ctxmgr  : [AclManager] No 3 for (accnt=account#1066226748#, com.google.android.gms(10014):UserVelocityProducer, vrsn=17785022, 0, 3pPkg = null ,  3pMdlId = null ,  pid = 19546). Was: 2 for 1, account#1066226748# [CONTEXT service_id=47 ]
06-28 19:14:48.508  1603  1612 I zygote  : NativeAlloc concurrent copying GC freed 111009(3MB) AllocSpace objects, 6(312KB) LOS objects, 17% free, 27MB/33MB, paused 2.386ms total 1.068s
06-28 19:14:48.532 19546 19546 I GeofencerStateMachine: removeGeofences: removeRequest=RemoveGeofencingRequest[REMOVE_BY_PENDING_INTENT pendingIntent=PendingIntent[creatorPackage=com.google.android.gms], packageName=com.google.android.gms]
06-28 19:14:48.544 19546 19546 I GeofencerStateMachine: removeGeofences: removeRequest=RemoveGeofencingRequest[REMOVE_BY_PENDING_INTENT pendingIntent=PendingIntent[creatorPackage=com.google.android.gms], packageName=com.google.android.gms]
06-28 19:14:48.585 19546  8063 I PlaceInferenceEngine: [anon] Changed inference mode: 0
06-28 19:14:48.612 19546  8063 I PlaceInferenceEngine: [account#1066226748] Changed inference mode: 0
06-28 19:14:48.722 19546  8059 I ctxmgr  : [ProducerStatusImpl] updateStateForNewContextData: inactive, contextName=7 [CONTEXT service_id=47 ]
06-28 19:14:49.074 19546  8063 I Places  : ?: PlacesBleScanner start() with priority 2
06-28 19:14:49.074 19546  8063 I PlaceInferenceEngine: [anon] Changed inference mode: 1
06-28 19:14:49.074 19546  8063 I PlaceInferenceEngine: [account#1066226748] Changed inference mode: 1
06-28 19:14:49.111 19546  8063 I Places  : Converted 1 out of 1 WiFi scans
06-28 19:14:49.112  1603  6824 I WifiService: getConnectionInfo uid=10014
06-28 19:14:49.131 19546 19546 E BeaconBle: Missing BluetoothAdapter
06-28 19:14:49.131 19546 19546 I BeaconBle: BLE 'KK+' software access layer enabled
06-28 19:14:49.136 19546  8063 I PlaceInferenceEngine: [account#1066226748] Changed inference mode: 1
06-28 19:14:49.136 19546  8063 I PlaceInferenceEngine: [anon] Changed inference mode: 1
06-28 19:14:49.217 19546 19546 I BeaconBle: Client requested scan, settings=BleSettings [scanMode=ZERO_POWER, callbackType=ALL_MATCHES, reportDelayMillis=0, 1 filters, 0 clients, callingClientName=Places]
06-28 19:14:49.218 19546 19546 I BeaconBle: Scan : No clients left, canceling alarm.
06-28 19:14:49.220 19546 19546 E BeaconBle: Scan couldn't start for Places
06-28 19:14:49.222 19546 19546 W Places  : BLE failure while scanning - code 5
06-28 19:14:49.500 19546 19556 I zygote  : Background concurrent copying GC freed 75706(3MB) AllocSpace objects, 28(1748KB) LOS objects, 33% free, 12MB/18MB, paused 3.143ms total 218.443ms
06-28 19:14:49.613 19546  8061 I PlaceInferenceEngine: No beacon scan available - ignoring candidates.
06-28 19:14:49.731 19546  8061 I PlaceInferenceEngine: No beacon scan available - ignoring candidates.
06-28 19:14:49.942 19546 19556 I zygote  : Background concurrent copying GC freed 113052(5MB) AllocSpace objects, 4(228KB) LOS objects, 32% free, 12MB/18MB, paused 1.043ms total 173.199ms
06-28 19:14:52.955  1524  1631 I MicroDetectionWorker: #startMicroDetector [speakerMode: 0]
06-28 19:14:52.957  1524  1631 W ErrorReporter: reportError [type: 211, code: 393244, bug: 0]: errorCode: 393244, engine: 0
06-28 19:14:52.959  1524  1631 I MicroDetector: Keeping mic open: false
06-28 19:14:52.959  1524  1631 I MicroDetectionWorker: #onError(false)
06-28 19:14:52.971  1603  1620 I WifiService: requestActivityInfo uid=1000
06-28 19:14:52.972  1603  1620 I WifiService: reportActivityInfo uid=1000
06-28 19:14:52.972  1603  1620 I WifiService: getSupportedFeatures uid=1000
06-28 19:14:53.140  1603  1620 I WifiService: requestActivityInfo uid=1000
06-28 19:14:53.140  1603  1620 I WifiService: reportActivityInfo uid=1000
06-28 19:14:53.140  1603  1620 I WifiService: getSupportedFeatures uid=1000
06-28 19:14:53.185  8069  8069 D AndroidRuntime: >>>>>> START com.android.internal.os.RuntimeInit uid 2000 <<<<<<
06-28 19:14:53.195  8069  8069 W app_process: Could not reserve sentinel fault page
06-28 19:14:53.402  8069  8069 W app_process: Unexpected CPU variant for X86 using defaults: x86
06-28 19:14:53.414  8069  8069 I app_process: The ClassLoaderContext is a special shared library.
06-28 19:14:53.515  8069  8069 D AndroidRuntime: Calling main entry com.android.commands.monkey.Monkey
06-28 19:14:53.518  8069  8069 W Monkey  : args: [-p, com.skgames.trafficrider, -c, android.intent.category.LAUNCHER, 1]
06-28 19:14:53.519  8069  8069 W Monkey  :  arg: "-p"
06-28 19:14:53.520  8069  8069 W Monkey  :  arg: "com.skgames.trafficrider"
06-28 19:14:53.520  8069  8069 W Monkey  :  arg: "-c"
06-28 19:14:53.520  8069  8069 W Monkey  :  arg: "android.intent.category.LAUNCHER"
06-28 19:14:53.521  8069  8069 W Monkey  :  arg: "1"
06-28 19:14:53.521  8069  8069 W Monkey  : data="com.skgames.trafficrider"
06-28 19:14:53.521  8069  8069 W Monkey  : data="android.intent.category.LAUNCHER"
06-28 19:14:53.584  1603  1617 W BroadcastQueue: Skipping deliver [background] BroadcastRecord{35e85b7 u-1 android.net.conn.CONNECTIVITY_CHANGE} to ReceiverList{e86e124 8069 (unknown name)/2000/u-1 remote:8587451}: process gone or crashing
06-28 19:14:53.653  1603  6334 I ActivityManager: START u0 {act=android.intent.action.MAIN cat=[android.intent.category.LAUNCHER] flg=0x10200000 cmp=com.skgames.trafficrider/com.prime31.UnityPlayerNativeActivity} from uid 2000
06-28 19:14:53.654  1603  6334 W Binder  : Outgoing transactions from this process must be FLAG_ONEWAY
06-28 19:14:53.654  1603  6334 W Binder  : java.lang.Throwable
06-28 19:14:53.654  1603  6334 W Binder  : 	at android.os.BinderProxy.transact(Binder.java:752)
06-28 19:14:53.654  1603  6334 W Binder  : 	at android.app.IActivityController$Stub$Proxy.activityStarting(IActivityController.java:172)
06-28 19:14:53.654  1603  6334 W Binder  : 	at com.android.server.am.ActivityStarter.startActivity(ActivityStarter.java:449)
06-28 19:14:53.654  1603  6334 W Binder  : 	at com.android.server.am.ActivityStarter.startActivityLocked(ActivityStarter.java:278)
06-28 19:14:53.654  1603  6334 W Binder  : 	at com.android.server.am.ActivityStarter.startActivityMayWait(ActivityStarter.java:817)
06-28 19:14:53.654  1603  6334 W Binder  : 	at com.android.server.am.ActivityManagerService.startActivityAsUser(ActivityManagerService.java:4532)
06-28 19:14:53.654  1603  6334 W Binder  : 	at com.android.server.am.ActivityManagerService.startActivity(ActivityManagerService.java:4519)
06-28 19:14:53.654  1603  6334 W Binder  : 	at android.app.IActivityManager$Stub.onTransact(IActivityManager.java:121)
06-28 19:14:53.654  1603  6334 W Binder  : 	at com.android.server.am.ActivityManagerService.onTransact(ActivityManagerService.java:2919)
06-28 19:14:53.654  1603  6334 W Binder  : 	at android.os.Binder.execTransact(Binder.java:697)
06-28 19:14:53.701  8069  8069 I Monkey  : Events injected: 1
06-28 19:14:53.712  1603  1735 I ActivityManager: Start proc 8082:com.skgames.trafficrider/u0a81 for activity com.skgames.trafficrider/com.prime31.UnityPlayerNativeActivity
06-28 19:14:53.721  8082  8082 W zygote  : Unexpected CPU variant for X86 using defaults: x86
06-28 19:14:53.754  1401  6331 D gralloc_ranchu: gralloc_alloc: Creating ashmem region of size 8298496
06-28 19:14:53.795  1412  1412 E EGL_emulation: tid 1412: eglCreateSyncKHR(1962): error 0x3004 (EGL_BAD_ATTRIBUTE)
06-28 19:14:53.801  1603  1651 W LocalDisplayAdapter: Unable to find color mode 0, ignoring request.
06-28 19:14:53.844  1603  6824 I ActivityManager: Config changes=480 {1.0 310mcc260mnc [en_US] ldltr sw411dp w683dp h387dp 420dpi nrml land finger qwerty/v/v -nav/h appBounds=Rect(0, 0 - 1794, 1080) s.127}
06-28 19:14:53.849  1524  1605 D EGL_emulation: eglMakeCurrent: 0xa3c2f0c0: ver 2 0 (tinfo 0xa6589e20)
06-28 19:14:54.150  1603  6824 I ActivityManager: Override config changes=480 {1.0 310mcc260mnc [en_US] ldltr sw411dp w683dp h387dp 420dpi nrml land finger qwerty/v/v -nav/h appBounds=Rect(0, 0 - 1794, 1080) s.127} for displayId=0
06-28 19:14:54.273  1603  6824 W ActivityManager: Slow operation: 439ms so far, now at attachApplicationLocked: after mServices.attachApplicationLocked
06-28 19:14:54.290  1603  1651 W LocalDisplayAdapter: Unable to find color mode 0, ignoring request.
06-28 19:14:54.291  1603  1666 I InputReader: Reconfiguring input devices.  changes=0x00000004
06-28 19:14:54.297  1603  1651 I Choreographer: Skipped 34 frames!  The application may be doing too much work on its main thread.
06-28 19:14:54.302  1603  1616 E memtrack: Couldn't load memtrack module
06-28 19:14:54.302  1603  1616 W android.os.Debug: failed to get memory consumption info: -1
06-28 19:14:54.304  1603  1666 I InputReader: Device reconfigured: id=0, name='qwerty2', size 1080x1920, orientation 1, mode 1, display id 0
06-28 19:14:54.307  8069  8069 I Monkey  : ## Network stats: elapsed time=54ms (0ms mobile, 0ms wifi, 54ms not connected)
06-28 19:14:54.314  1401  6331 D gralloc_ranchu: gralloc_alloc: Creating ashmem region of size 8298496
06-28 19:14:54.330  2548  2598 D EGL_emulation: eglMakeCurrent: 0xa6785780: ver 2 0 (tinfo 0xa6783370)
06-28 19:14:54.361  1708  1708 I Choreographer: Skipped 32 frames!  The application may be doing too much work on its main thread.
06-28 19:14:54.362  8069  8069 I com.android.commands.monkey: System.exit called, status: 0
06-28 19:14:54.362  8069  8069 I AndroidRuntime: VM exiting with result code 0.
06-28 19:14:54.414  1603  1666 I InputReader: Reconfiguring input devices.  changes=0x00000004
06-28 19:14:54.704  1401  6331 D gralloc_ranchu: gralloc_alloc: Creating ashmem region of size 544768
06-28 19:14:54.711 19782 19782 I KeyboardViewUtil: systemKeyboardHeightRatio:1.000000; userKeyboardHeightRatio:1.000000.
06-28 19:14:54.728  1708  1926 D EGL_emulation: eglMakeCurrent: 0x9268e860: ver 2 0 (tinfo 0x92690770)
06-28 19:14:54.775  1401  6331 D gralloc_ranchu: gralloc_alloc: Creating ashmem region of size 544768
06-28 19:14:54.864  1603  1616 E memtrack: Couldn't load memtrack module
06-28 19:14:54.864  1603  1616 W android.os.Debug: failed to get memory consumption info: -1
06-28 19:14:54.903 19782 19782 I DeviceStatusMonitor: onReceive() : Action = android.intent.action.CONFIGURATION_CHANGED
06-28 19:14:54.903 19782 19782 I ConfigNotification: Get device mode by ui mode:1 and smallestScreenWidthDp:411
06-28 19:14:55.002  1603 12888 W LocalDisplayAdapter: Unable to find color mode 0, ignoring request.
06-28 19:14:54.904 19782 19782 I chatty  : uid=10060(com.google.android.inputmethod.latin) identical 2 lines
06-28 19:14:54.904 19782 19782 I ConfigNotification: Get device mode by ui mode:1 and smallestScreenWidthDp:411
06-28 19:14:55.028  1603  1666 I InputReader: Reconfiguring input devices.  changes=0x00000004
06-28 19:14:55.125  1708  1708 D EGL_emulation: eglCreateContext: 0x900603e0: maj 2 min 0 rcv 2
06-28 19:14:55.138  1708  1708 D EGL_emulation: eglMakeCurrent: 0x900603e0: ver 2 0 (tinfo 0x92183a80)
06-28 19:14:55.164  1401  6331 D gralloc_ranchu: gralloc_alloc: Creating ashmem region of size 9547776
06-28 19:14:55.202  8082  8082 I Prime31 : found Activity proxy class: class com.prime31.PlayGameServicesPlugin
06-28 19:14:55.207  8082  8082 I Prime31 : found Activity proxy class: class com.prime31.EtceteraPlugin
06-28 19:14:55.208  8082  8082 I Prime31 : force checked for decor view: DecorView@ce2f4e4[]
06-28 19:14:55.209  8082  8082 I Prime31 : onCreate. calling through to init
06-28 19:14:55.211  8082  8082 I Prime31 : leaving CLIENT_SNAPSHOT support in requested clients
06-28 19:14:55.219  1708  1708 D EGL_emulation: eglMakeCurrent: 0x900603e0: ver 2 0 (tinfo 0x92183a80)
06-28 19:14:55.240  8082  8082 D Prime31-GH: GameHelper: Debug log enabled.
06-28 19:14:55.240  8082  8082 D Prime31-GH: GameHelper: Forcing mConnectOnStart=false
06-28 19:14:55.241  8082  8082 I Prime31 : setting connectOnStart to false due to Play SDK bug where silent authentication is not always silent and displays some UI.
06-28 19:14:55.244  8082  8082 I Prime31 : init. calling through to GameHelper.setup
06-28 19:14:55.272  8082  8082 I zygote  : Rejecting re-init on previously-failed class java.lang.Class<android.support.v4.app.SupportActivity>: java.lang.NoClassDefFoundError: Failed resolution of: Landroid/arch/lifecycle/LifecycleOwner;
06-28 19:14:55.272  8082  8082 I zygote  :   at com.google.android.gms.common.api.GoogleApiClient$Builder com.prime31.GameHelper.createApiClientBuilder() (GameHelper.java:272)
06-28 19:14:55.272  8082  8082 I zygote  :   at void com.prime31.GameHelper.setup(com.prime31.GameHelper$GameHelperListener) (GameHelper.java:320)
06-28 19:14:55.272  8082  8082 I zygote  :   at void com.prime31.PlayGameServicesPlugin.initImpl() (PlayGameServicesPlugin.java:842)
06-28 19:14:55.272  8082  8082 I zygote  :   at void com.prime31.PlayGameServicesPlugin.onCreate(android.os.Bundle) (PlayGameServicesPlugin.java:576)
06-28 19:14:55.272  8082  8082 I zygote  :   at java.lang.Object java.lang.reflect.Method.invoke(java.lang.Object, java.lang.Object[]) (Method.java:-2)
06-28 19:14:55.272  8082  8082 I zygote  :   at void com.prime31.ActivityProxyObjectHelper.onCreate(android.os.Bundle) (ActivityProxyObjectHelper.java:81)
06-28 19:14:55.272  8082  8082 I zygote  :   at void com.prime31.UnityPlayerNativeActivity.onCreate(android.os.Bundle) (UnityPlayerNativeActivity.java:24)
06-28 19:14:55.272  8082  8082 I zygote  :   at void android.app.Activity.performCreate(android.os.Bundle, android.os.PersistableBundle) (Activity.java:7009)
06-28 19:14:55.272  8082  8082 I zygote  :   at void android.app.Activity.performCreate(android.os.Bundle) (Activity.java:7000)
06-28 19:14:55.272  8082  8082 I zygote  :   at void android.app.Instrumentation.callActivityOnCreate(android.app.Activity, android.os.Bundle) (Instrumentation.java:1214)
06-28 19:14:55.272  8082  8082 I zygote  :   at android.app.Activity android.app.ActivityThread.performLaunchActivity(android.app.ActivityThread$ActivityClientRecord, android.content.Intent) (ActivityThread.java:2731)
06-28 19:14:55.272  8082  8082 I zygote  :   at void android.app.ActivityThread.handleLaunchActivity(android.app.ActivityThread$ActivityClientRecord, android.content.Intent, java.lang.String) (ActivityThread.java:2856)
06-28 19:14:55.272  8082  8082 I zygote  :   at void android.app.ActivityThread.-wrap11(android.app.ActivityThread, android.app.ActivityThread$ActivityClientRecord, android.content.Intent, java.lang.String) (ActivityThread.java:-1)
06-28 19:14:55.272  8082  8082 I zygote  :   at void android.app.ActivityThread$H.handleMessage(android.os.Message) (ActivityThread.java:1589)
06-28 19:14:55.273  8082  8082 I zygote  :   at void android.os.Handler.dispatchMessage(android.os.Message) (Handler.java:106)
06-28 19:14:55.273  8082  8082 I zygote  :   at void android.os.Looper.loop() (Looper.java:164)
06-28 19:14:55.273  8082  8082 I zygote  :   at void android.app.ActivityThread.main(java.lang.String[]) (ActivityThread.java:6494)
06-28 19:14:55.273  8082  8082 I zygote  :   at java.lang.Object java.lang.reflect.Method.invoke(java.lang.Object, java.lang.Object[]) (Method.java:-2)
06-28 19:14:55.273  8082  8082 I zygote  :   at void com.android.internal.os.RuntimeInit$MethodAndArgsCaller.run() (RuntimeInit.java:438)
06-28 19:14:55.273  8082  8082 I zygote  :   at void com.android.internal.os.ZygoteInit.main(java.lang.String[]) (ZygoteInit.java:807)
06-28 19:14:55.273  8082  8082 I zygote  : Caused by: java.lang.ClassNotFoundException: Didn't find class "android.arch.lifecycle.LifecycleOwner" on path: DexPathList[[zip file "/data/app/com.skgames.trafficrider-8MkMJgIy5hnw5CqDvUue2A==/base.apk"],nativeLibraryDirectories=[/data/app/com.skgames.trafficrider-8MkMJgIy5hnw5CqDvUue2A==/lib/x86, /data/app/com.skgames.trafficrider-8MkMJgIy5hnw5CqDvUue2A==/base.apk!/lib/x86, /system/lib, /vendor/lib]]
06-28 19:14:55.273  8082  8082 I zygote  :   at java.lang.Class dalvik.system.BaseDexClassLoader.findClass(java.lang.String) (BaseDexClassLoader.java:125)
06-28 19:14:55.273  8082  8082 I zygote  :   at java.lang.Class java.lang.ClassLoader.loadClass(java.lang.String, boolean) (ClassLoader.java:379)
06-28 19:14:55.273  8082  8082 I zygote  :   at java.lang.Class java.lang.ClassLoader.loadClass(java.lang.String) (ClassLoader.java:312)
06-28 19:14:55.273  8082  8082 I zygote  :   at com.google.android.gms.common.api.GoogleApiClient$Builder com.prime31.GameHelper.createApiClientBuilder() (GameHelper.java:272)
06-28 19:14:55.273  8082  8082 I zygote  :   at void com.prime31.GameHelper.setup(com.prime31.GameHelper$GameHelperListener) (GameHelper.java:320)
06-28 19:14:55.273  8082  8082 I zygote  :   at void com.prime31.PlayGameServicesPlugin.initImpl() (PlayGameServicesPlugin.java:842)
06-28 19:14:55.273  8082  8082 I zygote  :   at void com.prime31.PlayGameServicesPlugin.onCreate(android.os.Bundle) (PlayGameServicesPlugin.java:576)
06-28 19:14:55.273  8082  8082 I zygote  :   at java.lang.Object java.lang.reflect.Method.invoke(java.lang.Object, java.lang.Object[]) (Method.java:-2)
06-28 19:14:55.273  8082  8082 I zygote  :   at void com.prime31.ActivityProxyObjectHelper.onCreate(android.os.Bundle) (ActivityProxyObjectHelper.java:81)
06-28 19:14:55.273  8082  8082 I zygote  :   at void com.prime31.UnityPlayerNativeActivity.onCreate(android.os.Bundle) (UnityPlayerNativeActivity.java:24)
06-28 19:14:55.273  8082  8082 I zygote  :   at void android.app.Activity.performCreate(android.os.Bundle, android.os.PersistableBundle) (Activity.java:7009)
06-28 19:14:55.273  8082  8082 I zygote  :   at void android.app.Activity.performCreate(android.os.Bundle) (Activity.java:7000)
06-28 19:14:55.274  8082  8082 I zygote  :   at void android.app.Instrumentation.callActivityOnCreate(android.app.Activity, android.os.Bundle) (Instrumentation.java:1214)
06-28 19:14:55.274  8082  8082 I zygote  :   at android.app.Activity android.app.ActivityThread.performLaunchActivity(android.app.ActivityThread$ActivityClientRecord, android.content.Intent) (ActivityThread.java:2731)
06-28 19:14:55.274  8082  8082 I zygote  :   at void android.app.ActivityThread.handleLaunchActivity(android.app.ActivityThread$ActivityClientRecord, android.content.Intent, java.lang.String) (ActivityThread.java:2856)
06-28 19:14:55.274  8082  8082 I zygote  :   at void android.app.ActivityThread.-wrap11(android.app.ActivityThread, android.app.ActivityThread$ActivityClientRecord, android.content.Intent, java.lang.String) (ActivityThread.java:-1)
06-28 19:14:55.274  8082  8082 I zygote  :   at void android.app.ActivityThread$H.handleMessage(android.os.Message) (ActivityThread.java:1589)
06-28 19:14:55.274  8082  8082 I zygote  :   at void android.os.Handler.dispatchMessage(android.os.Message) (Handler.java:106)
06-28 19:14:55.274  8082  8082 I zygote  :   at void android.os.Looper.loop() (Looper.java:164)
06-28 19:14:55.274  8082  8082 I zygote  :   at void android.app.ActivityThread.main(java.lang.String[]) (ActivityThread.java:6494)
06-28 19:14:55.274  8082  8082 I zygote  :   at java.lang.Object java.lang.reflect.Method.invoke(java.lang.Object, java.lang.Object[]) (Method.java:-2)
06-28 19:14:55.274  8082  8082 I zygote  :   at void com.android.internal.os.RuntimeInit$MethodAndArgsCaller.run() (RuntimeInit.java:438)
06-28 19:14:55.274  8082  8082 I zygote  :   at void com.android.internal.os.ZygoteInit.main(java.lang.String[]) (ZygoteInit.java:807)
06-28 19:14:55.274  8082  8082 I zygote  : 
06-28 19:14:55.275  8082  8082 I zygote  : Rejecting re-init on previously-failed class java.lang.Class<android.support.v4.app.BaseFragmentActivityApi14>: java.lang.NoClassDefFoundError: Failed resolution of: Landroid/support/v4/app/SupportActivity;
06-28 19:14:55.275  8082  8082 I zygote  :   at com.google.android.gms.common.api.GoogleApiClient$Builder com.prime31.GameHelper.createApiClientBuilder() (GameHelper.java:272)
06-28 19:14:55.275  8082  8082 I zygote  :   at void com.prime31.GameHelper.setup(com.prime31.GameHelper$GameHelperListener) (GameHelper.java:320)
06-28 19:14:55.275  8082  8082 I zygote  :   at void com.prime31.PlayGameServicesPlugin.initImpl() (PlayGameServicesPlugin.java:842)
06-28 19:14:55.275  8082  8082 I zygote  :   at void com.prime31.PlayGameServicesPlugin.onCreate(android.os.Bundle) (PlayGameServicesPlugin.java:576)
06-28 19:14:55.275  8082  8082 I zygote  :   at java.lang.Object java.lang.reflect.Method.invoke(java.lang.Object, java.lang.Object[]) (Method.java:-2)
06-28 19:14:55.276  8082  8082 I zygote  :   at void com.prime31.ActivityProxyObjectHelper.onCreate(android.os.Bundle) (ActivityProxyObjectHelper.java:81)
06-28 19:14:55.276  8082  8082 I zygote  :   at void com.prime31.UnityPlayerNativeActivity.onCreate(android.os.Bundle) (UnityPlayerNativeActivity.java:24)
06-28 19:14:55.276  8082  8082 I zygote  :   at void android.app.Activity.performCreate(android.os.Bundle, android.os.PersistableBundle) (Activity.java:7009)
06-28 19:14:55.276  8082  8082 I zygote  :   at void android.app.Activity.performCreate(android.os.Bundle) (Activity.java:7000)
06-28 19:14:55.276  8082  8082 I zygote  :   at void android.app.Instrumentation.callActivityOnCreate(android.app.Activity, android.os.Bundle) (Instrumentation.java:1214)
06-28 19:14:55.276  8082  8082 I zygote  :   at android.app.Activity android.app.ActivityThread.performLaunchActivity(android.app.ActivityThread$ActivityClientRecord, android.content.Intent) (ActivityThread.java:2731)
06-28 19:14:55.276  8082  8082 I zygote  :   at void android.app.ActivityThread.handleLaunchActivity(android.app.ActivityThread$ActivityClientRecord, android.content.Intent, java.lang.String) (ActivityThread.java:2856)
06-28 19:14:55.276  8082  8082 I zygote  :   at void android.app.ActivityThread.-wrap11(android.app.ActivityThread, android.app.ActivityThread$ActivityClientRecord, android.content.Intent, java.lang.String) (ActivityThread.java:-1)
06-28 19:14:55.276  8082  8082 I zygote  :   at void android.app.ActivityThread$H.handleMessage(android.os.Message) (ActivityThread.java:1589)
06-28 19:14:55.276  8082  8082 I zygote  :   at void android.os.Handler.dispatchMessage(android.os.Message) (Handler.java:106)
06-28 19:14:55.276  8082  8082 I zygote  :   at void android.os.Looper.loop() (Looper.java:164)
06-28 19:14:55.276  8082  8082 I zygote  :   at void android.app.ActivityThread.main(java.lang.String[]) (ActivityThread.java:6494)
06-28 19:14:55.276  8082  8082 I zygote  :   at java.lang.Object java.lang.reflect.Method.invoke(java.lang.Object, java.lang.Object[]) (Method.java:-2)
06-28 19:14:55.276  8082  8082 I zygote  :   at void com.android.internal.os.RuntimeInit$MethodAndArgsCaller.run() (RuntimeInit.java:438)
06-28 19:14:55.276  8082  8082 I zygote  :   at void com.android.internal.os.ZygoteInit.main(java.lang.String[]) (ZygoteInit.java:807)
06-28 19:14:55.276  8082  8082 I zygote  : Caused by: java.lang.ClassNotFoundException: android.support.v4.app.SupportActivity
06-28 19:14:55.276  8082  8082 I zygote  :   at java.lang.Class java.lang.VMClassLoader.findLoadedClass(java.lang.ClassLoader, java.lang.String) (VMClassLoader.java:-2)
06-28 19:14:55.276  8082  8082 I zygote  :   at java.lang.Class java.lang.ClassLoader.findLoadedClass(java.lang.String) (ClassLoader.java:738)
06-28 19:14:55.276  8082  8082 I zygote  :   at java.lang.Class java.lang.ClassLoader.loadClass(java.lang.String, boolean) (ClassLoader.java:363)
06-28 19:14:55.276  8082  8082 I zygote  :   at java.lang.Class java.lang.ClassLoader.loadClass(java.lang.String) (ClassLoader.java:312)
06-28 19:14:55.276  8082  8082 I zygote  :   at com.google.android.gms.common.api.GoogleApiClient$Builder com.prime31.GameHelper.createApiClientBuilder() (GameHelper.java:272)
06-28 19:14:55.276  8082  8082 I zygote  :   at void com.prime31.GameHelper.setup(com.prime31.GameHelper$GameHelperListener) (GameHelper.java:320)
06-28 19:14:55.276  8082  8082 I zygote  :   at void com.prime31.PlayGameServicesPlugin.initImpl() (PlayGameServicesPlugin.java:842)
06-28 19:14:55.277  8082  8082 I zygote  :   at void com.prime31.PlayGameServicesPlugin.onCreate(android.os.Bundle) (PlayGameServicesPlugin.java:576)
06-28 19:14:55.277  8082  8082 I zygote  :   at java.lang.Object java.lang.reflect.Method.invoke(java.lang.Object, java.lang.Object[]) (Method.java:-2)
06-28 19:14:55.277  8082  8082 I zygote  :   at void com.prime31.ActivityProxyObjectHelper.onCreate(android.os.Bundle) (ActivityProxyObjectHelper.java:81)
06-28 19:14:55.277  8082  8082 I zygote  :   at void com.prime31.UnityPlayerNativeActivity.onCreate(android.os.Bundle) (UnityPlayerNativeActivity.java:24)
06-28 19:14:55.277  8082  8082 I zygote  :   at void android.app.Activity.performCreate(android.os.Bundle, android.os.PersistableBundle) (Activity.java:7009)
06-28 19:14:55.277  8082  8082 I zygote  :   at void android.app.Activity.performCreate(android.os.Bundle) (Activity.java:7000)
06-28 19:14:55.277  8082  8082 I zygote  :   at void android.app.Instrumentation.callActivityOnCreate(android.app.Activity, android.os.Bundle) (Instrumentation.java:1214)
06-28 19:14:55.277  8082  8082 I zygote  :   at android.app.Activity android.app.ActivityThread.performLaunchActivity(android.app.ActivityThread$ActivityClientRecord, android.content.Intent) (ActivityThread.java:2731)
06-28 19:14:55.277  8082  8082 I zygote  :   at void android.app.ActivityThread.handleLaunchActivity(android.app.ActivityThread$ActivityClientRecord, android.content.Intent, java.lang.String) (ActivityThread.java:2856)
06-28 19:14:55.277  8082  8082 I zygote  :   at void android.app.ActivityThread.-wrap11(android.app.ActivityThread, android.app.ActivityThread$ActivityClientRecord, android.content.Intent, java.lang.String) (ActivityThread.java:-1)
06-28 19:14:55.277  8082  8082 I zygote  :   at void android.app.ActivityThread$H.handleMessage(android.os.Message) (ActivityThread.java:1589)
06-28 19:14:55.277  8082  8082 I zygote  :   at void android.os.Handler.dispatchMessage(android.os.Message) (Handler.java:106)
06-28 19:14:55.277  8082  8082 I zygote  :   at void android.os.Looper.loop() (Looper.java:164)
06-28 19:14:55.277  8082  8082 I zygote  :   at void android.app.ActivityThread.main(java.lang.String[]) (ActivityThread.java:6494)
06-28 19:14:55.277  8082  8082 I zygote  :   at java.lang.Object java.lang.reflect.Method.invoke(java.lang.Object, java.lang.Object[]) (Method.java:-2)
06-28 19:14:55.277  8082  8082 I zygote  :   at void com.android.internal.os.RuntimeInit$MethodAndArgsCaller.run() (RuntimeInit.java:438)
06-28 19:14:55.278  8082  8082 I zygote  :   at void com.android.internal.os.ZygoteInit.main(java.lang.String[]) (ZygoteInit.java:807)
06-28 19:14:55.278  8082  8082 I zygote  : 
06-28 19:14:55.280  8082  8082 I zygote  : Rejecting re-init on previously-failed class java.lang.Class<android.support.v4.app.BaseFragmentActivityApi16>: java.lang.NoClassDefFoundError: Failed resolution of: Landroid/support/v4/app/BaseFragmentActivityApi14;
06-28 19:14:55.280  8082  8082 I zygote  :   at com.google.android.gms.common.api.GoogleApiClient$Builder com.prime31.GameHelper.createApiClientBuilder() (GameHelper.java:272)
06-28 19:14:55.280  8082  8082 I zygote  :   at void com.prime31.GameHelper.setup(com.prime31.GameHelper$GameHelperListener) (GameHelper.java:320)
06-28 19:14:55.280  8082  8082 I zygote  :   at void com.prime31.PlayGameServicesPlugin.initImpl() (PlayGameServicesPlugin.java:842)
06-28 19:14:55.280  8082  8082 I zygote  :   at void com.prime31.PlayGameServicesPlugin.onCreate(android.os.Bundle) (PlayGameServicesPlugin.java:576)
06-28 19:14:55.280  8082  8082 I zygote  :   at java.lang.Object java.lang.reflect.Method.invoke(java.lang.Object, java.lang.Object[]) (Method.java:-2)
06-28 19:14:55.280  8082  8082 I zygote  :   at void com.prime31.ActivityProxyObjectHelper.onCreate(android.os.Bundle) (ActivityProxyObjectHelper.java:81)
06-28 19:14:55.280  8082  8082 I zygote  :   at void com.prime31.UnityPlayerNativeActivity.onCreate(android.os.Bundle) (UnityPlayerNativeActivity.java:24)
06-28 19:14:55.281  8082  8082 I zygote  :   at void android.app.Activity.performCreate(android.os.Bundle, android.os.PersistableBundle) (Activity.java:7009)
06-28 19:14:55.281  8082  8082 I zygote  :   at void android.app.Activity.performCreate(android.os.Bundle) (Activity.java:7000)
06-28 19:14:55.281  8082  8082 I zygote  :   at void android.app.Instrumentation.callActivityOnCreate(android.app.Activity, android.os.Bundle) (Instrumentation.java:1214)
06-28 19:14:55.281  8082  8082 I zygote  :   at android.app.Activity android.app.ActivityThread.performLaunchActivity(android.app.ActivityThread$ActivityClientRecord, android.content.Intent) (ActivityThread.java:2731)
06-28 19:14:55.281  8082  8082 I zygote  :   at void android.app.ActivityThread.handleLaunchActivity(android.app.ActivityThread$ActivityClientRecord, android.content.Intent, java.lang.String) (ActivityThread.java:2856)
06-28 19:14:55.281  8082  8082 I zygote  :   at void android.app.ActivityThread.-wrap11(android.app.ActivityThread, android.app.ActivityThread$ActivityClientRecord, android.content.Intent, java.lang.String) (ActivityThread.java:-1)
06-28 19:14:55.281  8082  8082 I zygote  :   at void android.app.ActivityThread$H.handleMessage(android.os.Message) (ActivityThread.java:1589)
06-28 19:14:55.281  8082  8082 I zygote  :   at void android.os.Handler.dispatchMessage(android.os.Message) (Handler.java:106)
06-28 19:14:55.281  8082  8082 I zygote  :   at void android.os.Looper.loop() (Looper.java:164)
06-28 19:14:55.281  8082  8082 I zygote  :   at void android.app.ActivityThread.main(java.lang.String[]) (ActivityThread.java:6494)
06-28 19:14:55.281  8082  8082 I zygote  :   at java.lang.Object java.lang.reflect.Method.invoke(java.lang.Object, java.lang.Object[]) (Method.java:-2)
06-28 19:14:55.281  8082  8082 I zygote  :   at void com.android.internal.os.RuntimeInit$MethodAndArgsCaller.run() (RuntimeInit.java:438)
06-28 19:14:55.281  8082  8082 I zygote  :   at void com.android.internal.os.ZygoteInit.main(java.lang.String[]) (ZygoteInit.java:807)
06-28 19:14:55.281  8082  8082 I zygote  : Caused by: java.lang.ClassNotFoundException: android.support.v4.app.BaseFragmentActivityApi14
06-28 19:14:55.281  8082  8082 I zygote  :   at java.lang.Class java.lang.VMClassLoader.findLoadedClass(java.lang.ClassLoader, java.lang.String) (VMClassLoader.java:-2)
06-28 19:14:55.281  8082  8082 I zygote  :   at java.lang.Class java.lang.ClassLoader.findLoadedClass(java.lang.String) (ClassLoader.java:738)
06-28 19:14:55.281  8082  8082 I zygote  :   at java.lang.Class java.lang.ClassLoader.loadClass(java.lang.String, boolean) (ClassLoader.java:363)
06-28 19:14:55.281  8082  8082 I zygote  :   at java.lang.Class java.lang.ClassLoader.loadClass(java.lang.String) (ClassLoader.java:312)
06-28 19:14:55.281  8082  8082 I zygote  :   at com.google.android.gms.common.api.GoogleApiClient$Builder com.prime31.GameHelper.createApiClientBuilder() (GameHelper.java:272)
06-28 19:14:55.281  8082  8082 I zygote  :   at void com.prime31.GameHelper.setup(com.prime31.GameHelper$GameHelperListener) (GameHelper.java:320)
06-28 19:14:55.282  8082  8082 I zygote  :   at void com.prime31.PlayGameServicesPlugin.initImpl() (PlayGameServicesPlugin.java:842)
06-28 19:14:55.282  8082  8082 I zygote  :   at void com.prime31.PlayGameServicesPlugin.onCreate(android.os.Bundle) (PlayGameServicesPlugin.java:576)
06-28 19:14:55.282  8082  8082 I zygote  :   at java.lang.Object java.lang.reflect.Method.invoke(java.lang.Object, java.lang.Object[]) (Method.java:-2)
06-28 19:14:55.282  8082  8082 I zygote  :   at void com.prime31.ActivityProxyObjectHelper.onCreate(android.os.Bundle) (ActivityProxyObjectHelper.java:81)
06-28 19:14:55.282  8082  8082 I zygote  :   at void com.prime31.UnityPlayerNativeActivity.onCreate(android.os.Bundle) (UnityPlayerNativeActivity.java:24)
06-28 19:14:55.282  8082  8082 I zygote  :   at void android.app.Activity.performCreate(android.os.Bundle, android.os.PersistableBundle) (Activity.java:7009)
06-28 19:14:55.282  8082  8082 I zygote  :   at void android.app.Activity.performCreate(android.os.Bundle) (Activity.java:7000)
06-28 19:14:55.282  8082  8082 I zygote  :   at void android.app.Instrumentation.callActivityOnCreate(android.app.Activity, android.os.Bundle) (Instrumentation.java:1214)
06-28 19:14:55.282  8082  8082 I zygote  :   at android.app.Activity android.app.ActivityThread.performLaunchActivity(android.app.ActivityThread$ActivityClientRecord, android.content.Intent) (ActivityThread.java:2731)
06-28 19:14:55.282  8082  8082 I zygote  :   at void android.app.ActivityThread.handleLaunchActivity(android.app.ActivityThread$ActivityClientRecord, android.content.Intent, java.lang.String) (ActivityThread.java:2856)
06-28 19:14:55.282  8082  8082 I zygote  :   at void android.app.ActivityThread.-wrap11(android.app.ActivityThread, android.app.ActivityThread$ActivityClientRecord, android.content.Intent, java.lang.String) (ActivityThread.java:-1)
06-28 19:14:55.282  8082  8082 I zygote  :   at void android.app.ActivityThread$H.handleMessage(android.os.Message) (ActivityThread.java:1589)
06-28 19:14:55.282  8082  8082 I zygote  :   at void android.os.Handler.dispatchMessage(android.os.Message) (Handler.java:106)
06-28 19:14:55.282  8082  8082 I zygote  :   at void android.os.Looper.loop() (Looper.java:164)
06-28 19:14:55.282  8082  8082 I zygote  :   at void android.app.ActivityThread.main(java.lang.String[]) (ActivityThread.java:6494)
06-28 19:14:55.282  8082  8082 I zygote  :   at java.lang.Object java.lang.reflect.Method.invoke(java.lang.Object, java.lang.Object[]) (Method.java:-2)
06-28 19:14:55.282  8082  8082 I zygote  :   at void com.android.internal.os.RuntimeInit$MethodAndArgsCaller.run() (RuntimeInit.java:438)
06-28 19:14:55.282  8082  8082 I zygote  :   at void com.android.internal.os.ZygoteInit.main(java.lang.String[]) (ZygoteInit.java:807)
06-28 19:14:55.283  8082  8082 I zygote  : 
06-28 19:14:55.284  8082  8082 I zygote  : Rejecting re-init on previously-failed class java.lang.Class<android.support.v4.app.FragmentActivity>: java.lang.NoClassDefFoundError: Failed resolution of: Landroid/support/v4/app/BaseFragmentActivityApi16;
06-28 19:14:55.284  8082  8082 I zygote  :   at com.google.android.gms.common.api.GoogleApiClient$Builder com.prime31.GameHelper.createApiClientBuilder() (GameHelper.java:272)
06-28 19:14:55.284  8082  8082 I zygote  :   at void com.prime31.GameHelper.setup(com.prime31.GameHelper$GameHelperListener) (GameHelper.java:320)
06-28 19:14:55.284  8082  8082 I zygote  :   at void com.prime31.PlayGameServicesPlugin.initImpl() (PlayGameServicesPlugin.java:842)
06-28 19:14:55.284  8082  8082 I zygote  :   at void com.prime31.PlayGameServicesPlugin.onCreate(android.os.Bundle) (PlayGameServicesPlugin.java:576)
06-28 19:14:55.284  8082  8082 I zygote  :   at java.lang.Object java.lang.reflect.Method.invoke(java.lang.Object, java.lang.Object[]) (Method.java:-2)
06-28 19:14:55.284  8082  8082 I zygote  :   at void com.prime31.ActivityProxyObjectHelper.onCreate(android.os.Bundle) (ActivityProxyObjectHelper.java:81)
06-28 19:14:55.284  8082  8082 I zygote  :   at void com.prime31.UnityPlayerNativeActivity.onCreate(android.os.Bundle) (UnityPlayerNativeActivity.java:24)
06-28 19:14:55.284  8082  8082 I zygote  :   at void android.app.Activity.performCreate(android.os.Bundle, android.os.PersistableBundle) (Activity.java:7009)
06-28 19:14:55.284  8082  8082 I zygote  :   at void android.app.Activity.performCreate(android.os.Bundle) (Activity.java:7000)
06-28 19:14:55.284  8082  8082 I zygote  :   at void android.app.Instrumentation.callActivityOnCreate(android.app.Activity, android.os.Bundle) (Instrumentation.java:1214)
06-28 19:14:55.284  8082  8082 I zygote  :   at android.app.Activity android.app.ActivityThread.performLaunchActivity(android.app.ActivityThread$ActivityClientRecord, android.content.Intent) (ActivityThread.java:2731)
06-28 19:14:55.284  8082  8082 I zygote  :   at void android.app.ActivityThread.handleLaunchActivity(android.app.ActivityThread$ActivityClientRecord, android.content.Intent, java.lang.String) (ActivityThread.java:2856)
