07-04 15:07:50.072 28496 28496 I net.osmand: RoutingHelper Recalculate route, because wrong movement direction: 246.21614
07-04 15:07:50.085  1604  1617 E memtrack: Couldn't load memtrack module
07-04 15:07:50.086  1604  1617 W android.os.Debug: failed to get memory consumption info: -1
07-04 15:07:50.335  1604  1617 E memtrack: Couldn't load memtrack module
07-04 15:07:50.335  1604  1617 W android.os.Debug: failed to get memory consumption info: -1
07-04 15:07:50.841 28496 28506 I zygote  : Background concurrent copying GC freed 544683(11MB) AllocSpace objects, 0(0B) LOS objects, 14% free, 34MB/40MB, paused 1.294ms total 438.083ms
07-04 15:07:51.094 28496 28496 I net.osmand: RoutingHelper Recalculate route, because correlation  : 214.74408039865548
07-04 15:07:51.094 28496 28496 I net.osmand: RoutingHelper Recalculate route, because wrong movement direction: 246.21614
07-04 15:07:51.104 28496 28496 I net.osmand: RoutingHelper Recalculate route, because correlation  : 214.74408039865548
07-04 15:07:51.416 28496 28496 I net.osmand: RoutingHelper Recalculate route, because correlation  : 214.74408039865548
07-04 15:07:51.522   496   524 I WorkerManager: dispose()
07-04 15:07:51.525   496   524 W ThreadPoolDumper: Queue length for executor EventBus is now 11. Perhaps some tasks are too long, or the pool is too small.
07-04 15:07:51.549 28496 28496 I net.osmand: RoutingHelper Recalculate route, because correlation  : 214.74408039865548
07-04 15:07:51.549 28496 28496 I net.osmand: RoutingHelper Recalculate route, because wrong movement direction: 246.21614
07-04 15:07:51.705 28496 28496 I net.osmand: RoutingHelper Recalculate route, because correlation  : 214.74408039865548
07-04 15:07:51.706 28496 28496 I net.osmand: RoutingHelper Recalculate route, because wrong movement direction: 246.21614
07-04 15:07:51.834 28496 28496 I net.osmand: RoutingHelper Recalculate route, because correlation  : 214.74408039865548
07-04 15:07:52.102 28496 28496 I chatty  : uid=10104(net.osmand) identical 1 line
07-04 15:07:52.108 28496 28496 I net.osmand: RoutingHelper Recalculate route, because correlation  : 214.74408039865548
07-04 15:07:52.108 28496 28496 I net.osmand: RoutingHelper Recalculate route, because wrong movement direction: 246.21614
07-04 15:07:52.510 28496 28506 I zygote  : Background concurrent copying GC freed 296284(6MB) AllocSpace objects, 0(0B) LOS objects, 13% free, 38MB/44MB, paused 1.411ms total 821.086ms
07-04 15:07:52.808 28496 28496 I net.osmand: RoutingHelper Recalculate route, because correlation  : 214.74408039865548
07-04 15:07:52.808 28496 28496 I net.osmand: RoutingHelper Recalculate route, because wrong movement direction: 246.21614
07-04 15:07:52.828 28496 28496 I net.osmand: RoutingHelper Recalculate route, because correlation  : 214.74408039865548
07-04 15:07:53.078 28496 28496 I net.osmand: RoutingHelper Recalculate route, because correlation  : 214.74408039865548
07-04 15:07:53.079 28496 28496 I net.osmand: RoutingHelper Recalculate route, because wrong movement direction: 246.21614
07-04 15:07:53.149 28496 28496 I net.osmand: RoutingHelper Recalculate route, because correlation  : 214.74408039865548
07-04 15:07:53.150 28496 28496 I net.osmand: RoutingHelper Recalculate route, because wrong movement direction: 246.21614
07-04 15:07:53.261 28496 28496 I net.osmand: RoutingHelper Recalculate route, because correlation  : 214.74408039865548
07-04 15:07:53.265 28496 28496 I net.osmand: RoutingHelper Recalculate route, because correlation  : 214.74408039865548
07-04 15:07:53.782 28496 28506 I zygote  : Background concurrent copying GC freed 469573(10MB) AllocSpace objects, 0(0B) LOS objects, 14% free, 36MB/42MB, paused 2.053ms total 548.157ms
07-04 15:07:54.024 28496 28496 I net.osmand: RoutingHelper Recalculate route, because correlation  : 214.74408039865548
07-04 15:07:54.024 28496 28496 I net.osmand: RoutingHelper Recalculate route, because wrong movement direction: 246.21614
07-04 15:07:54.222 28496 28496 I net.osmand: RoutingHelper Recalculate route, because correlation  : 214.74408039865548
07-04 15:07:54.223 28496 28496 I net.osmand: RoutingHelper Recalculate route, because wrong movement direction: 246.21614
07-04 15:07:54.232 28496 28496 I net.osmand: RoutingHelper Recalculate route, because correlation  : 214.74408039865548
07-04 15:07:54.568 28496 28496 I net.osmand: RoutingHelper Recalculate route, because correlation  : 214.74408039865548
07-04 15:07:54.569 28496 28496 I net.osmand: RoutingHelper Recalculate route, because wrong movement direction: 246.21614
07-04 15:07:54.580 28496 28496 I net.osmand: RoutingHelper Recalculate route, because correlation  : 214.74408039865548
07-04 15:07:54.978 28496 28496 I net.osmand: RoutingHelper Recalculate route, because correlation  : 214.74408039865548
07-04 15:07:54.978 28496 28496 I net.osmand: RoutingHelper Recalculate route, because wrong movement direction: 246.21614
07-04 15:07:55.101 28496 28496 I net.osmand: RoutingHelper Recalculate route, because correlation  : 214.74408039865548
07-04 15:07:55.415 28496 28506 I zygote  : Background concurrent copying GC freed 370008(8MB) AllocSpace objects, 0(0B) LOS objects, 13% free, 38MB/44MB, paused 3.483ms total 751.385ms
07-04 15:07:55.481 28496 28496 I net.osmand: RoutingHelper Recalculate route, because correlation  : 214.74408039865548
07-04 15:07:55.481 28496 28496 I net.osmand: RoutingHelper Recalculate route, because wrong movement direction: 246.21614
07-04 15:07:55.500 28496 28496 I net.osmand: RoutingHelper Recalculate route, because correlation  : 214.74408039865548
07-04 15:07:55.855 28496 28496 I net.osmand: RoutingHelper Recalculate route, because correlation  : 214.74408039865548
07-04 15:07:55.855 28496 28496 I net.osmand: RoutingHelper Recalculate route, because wrong movement direction: 246.21614
07-04 15:07:55.919 28496 28496 I net.osmand: RoutingHelper Recalculate route, because correlation  : 214.74408039865548
07-04 15:07:56.000 28496 28496 I net.osmand: RoutingHelper Recalculate route, because correlation  : 214.74408039865548
07-04 15:07:56.000 28496 28496 I net.osmand: RoutingHelper Recalculate route, because wrong movement direction: 246.21614
07-04 15:07:56.108 28496 28496 I net.osmand: RoutingHelper Recalculate route, because correlation  : 214.74408039865548
07-04 15:07:56.552 28496 28506 I zygote  : Background concurrent copying GC freed 471181(10MB) AllocSpace objects, 0(0B) LOS objects, 14% free, 35MB/41MB, paused 5.711ms total 487.927ms
07-04 15:07:56.716 28496 28496 I net.osmand: RoutingHelper Recalculate route, because correlation  : 214.74408039865548
07-04 15:07:56.716 28496 28496 I net.osmand: RoutingHelper Recalculate route, because wrong movement direction: 246.21614
07-04 15:07:56.790 28496 28496 I net.osmand: RoutingHelper Recalculate route, because correlation  : 214.74408039865548
07-04 15:07:56.992 28496 28496 I net.osmand: RoutingHelper Recalculate route, because correlation  : 214.74408039865548
07-04 15:07:56.992 28496 28496 I net.osmand: RoutingHelper Recalculate route, because wrong movement direction: 246.21614
07-04 15:07:57.113 28496 28496 I net.osmand: RoutingHelper Recalculate route, because correlation  : 214.74408039865548
07-04 15:07:57.453 28496 28496 I net.osmand: RoutingHelper Recalculate route, because correlation  : 214.74408039865548
07-04 15:07:57.453 28496 28496 I net.osmand: RoutingHelper Recalculate route, because wrong movement direction: 246.21614
07-04 15:07:57.525 28496 28496 I net.osmand: RoutingHelper Recalculate route, because correlation  : 214.74408039865548
07-04 15:07:57.641 28496 28496 I net.osmand: RoutingHelper Recalculate route, because correlation  : 214.74408039865548
07-04 15:07:57.641 28496 28496 I net.osmand: RoutingHelper Recalculate route, because wrong movement direction: 246.21614
07-04 15:07:57.770 28496 28496 I net.osmand: RoutingHelper Recalculate route, because correlation  : 214.74408039865548
07-04 15:07:58.101 28496 28496 I chatty  : uid=10104(net.osmand) identical 1 line
07-04 15:07:58.114 28496 28496 I net.osmand: RoutingHelper Recalculate route, because correlation  : 214.74408039865548
07-04 15:07:58.114 28496 28496 I net.osmand: RoutingHelper Recalculate route, because wrong movement direction: 246.21614
07-04 15:07:58.251 28496 28496 I net.osmand: RoutingHelper Recalculate route, because correlation  : 214.74408039865548
07-04 15:07:58.251 28496 28496 I net.osmand: RoutingHelper Recalculate route, because wrong movement direction: 246.21614
07-04 15:07:58.268 28496 28496 I net.osmand: RoutingHelper Recalculate route, because correlation  : 214.74408039865548
07-04 15:07:58.465 28496 28506 I zygote  : Background concurrent copying GC freed 315196(6MB) AllocSpace objects, 0(0B) LOS objects, 12% free, 40MB/46MB, paused 1.520ms total 1.058s
07-04 15:07:58.699  1604  7927 I WifiService: acquireWifiLock uid=10014 lockMode=2
07-04 15:07:58.760  1604  7927 I ActivityManager: Killing 4001:com.android.chrome:webview_service/u0a49 (adj 906): empty for 4249s
07-04 15:07:58.761  1604  1620 W zygote  : kill(-4001, 9) failed: No such process
07-04 15:07:58.789  1604  1617 E memtrack: Couldn't load memtrack module
07-04 15:07:58.791  1604  1617 W android.os.Debug: failed to get memory consumption info: -1
07-04 15:07:58.797  1604  1620 W zygote  : kill(-4001, 9) failed: No such process
07-04 15:07:58.838  1604  1620 W zygote  : kill(-4001, 9) failed: No such process
07-04 15:07:58.838  1604  1620 I zygote  : Successfully killed process cgroup uid 10049 pid 4001 in 77ms
07-04 15:07:58.895  1604  1617 E memtrack: Couldn't load memtrack module
07-04 15:07:58.895  1604  1617 W android.os.Debug: failed to get memory consumption info: -1
07-04 15:07:58.993  1604  4176 I WifiService: releaseWifiLock uid=10014
07-04 15:07:59.043  1604  1617 E memtrack: Couldn't load memtrack module
07-04 15:07:59.043  1604  1617 W android.os.Debug: failed to get memory consumption info: -1
07-04 15:07:59.128 28496 28496 I net.osmand: RoutingHelper Recalculate route, because correlation  : 214.74408039865548
07-04 15:07:59.128 28496 28496 I net.osmand: RoutingHelper Recalculate route, because wrong movement direction: 246.21614
07-04 15:07:59.232 28496 28496 I net.osmand: RoutingHelper Recalculate route, because correlation  : 214.74408039865548
07-04 15:07:59.562 28496 28496 I chatty  : uid=10104(net.osmand) identical 1 line
07-04 15:07:59.565 28496 28496 I net.osmand: RoutingHelper Recalculate route, because correlation  : 214.74408039865548
07-04 15:07:59.565 28496 28496 I net.osmand: RoutingHelper Recalculate route, because wrong movement direction: 246.21614
07-04 15:08:00.046 28496 28496 I net.osmand: RoutingHelper Recalculate route, because correlation  : 214.74408039865548
07-04 15:08:00.069 28496 28496 I net.osmand: RoutingHelper Recalculate route, because correlation  : 214.74408039865548
07-04 15:08:00.069 28496 28496 I net.osmand: RoutingHelper Recalculate route, because wrong movement direction: 246.21614
07-04 15:08:00.401 28496 28496 I net.osmand: RoutingHelper Recalculate route, because correlation  : 214.74408039865548
07-04 15:08:00.401 28496 28496 I net.osmand: RoutingHelper Recalculate route, because wrong movement direction: 246.21614
07-04 15:08:00.452 28496 28506 I zygote  : Background concurrent copying GC freed 561844(12MB) AllocSpace objects, 0(0B) LOS objects, 13% free, 37MB/43MB, paused 2.247ms total 784.002ms
07-04 15:08:00.520 28496 28496 I net.osmand: RoutingHelper Recalculate route, because correlation  : 214.74408039865548
07-04 15:08:00.817 28496 28496 I net.osmand: RoutingHelper Recalculate route, because correlation  : 214.74408039865548
07-04 15:08:00.817 28496 28496 I net.osmand: RoutingHelper Recalculate route, because wrong movement direction: 246.21614
07-04 15:08:00.821 28496 28496 I net.osmand: RoutingHelper Recalculate route, because correlation  : 214.74408039865548
07-04 15:08:01.031 28496 28496 I net.osmand: RoutingHelper Recalculate route, because correlation  : 214.74408039865548
07-04 15:08:01.031 28496 28496 I net.osmand: RoutingHelper Recalculate route, because wrong movement direction: 246.21614
07-04 15:08:01.068 28496 28496 I net.osmand: RoutingHelper Recalculate route, because correlation  : 214.74408039865548
07-04 15:08:01.071 28496 28496 I net.osmand: RoutingHelper Recalculate route, because correlation  : 214.74408039865548
07-04 15:08:01.071 28496 28496 I net.osmand: RoutingHelper Recalculate route, because wrong movement direction: 246.21614
07-04 15:08:01.122 28496 28496 I net.osmand: RoutingHelper Recalculate route, because correlation  : 214.74408039865548
07-04 15:08:01.691 28496 28506 I zygote  : Background concurrent copying GC freed 431591(9MB) AllocSpace objects, 0(0B) LOS objects, 14% free, 34MB/40MB, paused 2.068ms total 429.411ms
07-04 15:08:01.749 28496 28496 I net.osmand: RoutingHelper Recalculate route, because correlation  : 214.74408039865548
07-04 15:08:01.749 28496 28496 I net.osmand: RoutingHelper Recalculate route, because wrong movement direction: 246.21614
07-04 15:08:01.753 28496 28496 I net.osmand: RoutingHelper Recalculate route, because correlation  : 214.74408039865548
07-04 15:08:02.105 28496 28496 I chatty  : uid=10104(net.osmand) identical 1 line
07-04 15:08:02.113 28496 28496 I net.osmand: RoutingHelper Recalculate route, because correlation  : 214.74408039865548
07-04 15:08:02.113 28496 28496 I net.osmand: RoutingHelper Recalculate route, because wrong movement direction: 246.21614
07-04 15:08:02.450 28496 28496 I net.osmand: RoutingHelper Recalculate route, because correlation  : 214.74408039865548
07-04 15:08:02.450 28496 28496 I net.osmand: RoutingHelper Recalculate route, because wrong movement direction: 246.21614
07-04 15:08:02.494 28496 28496 I net.osmand: RoutingHelper Recalculate route, because correlation  : 214.74408039865548
07-04 15:08:02.663 28496 28496 I chatty  : uid=10104(net.osmand) identical 1 line
07-04 15:08:02.666 28496 28496 I net.osmand: RoutingHelper Recalculate route, because correlation  : 214.74408039865548
07-04 15:08:02.666 28496 28496 I net.osmand: RoutingHelper Recalculate route, because wrong movement direction: 246.21614
07-04 15:08:03.111 28496 28496 I net.osmand: RoutingHelper Recalculate route, because correlation  : 214.74408039865548
07-04 15:08:03.111 28496 28496 I net.osmand: RoutingHelper Recalculate route, because wrong movement direction: 246.21614
07-04 15:08:03.114 28496 28496 I net.osmand: RoutingHelper Recalculate route, because correlation  : 214.74408039865548
07-04 15:08:03.218 28496 28496 I net.osmand: RoutingHelper Recalculate route, because correlation  : 214.74408039865548
07-04 15:08:03.218 28496 28496 I net.osmand: RoutingHelper Recalculate route, because wrong movement direction: 246.21614
07-04 15:08:03.334 28496 28496 I net.osmand: RoutingHelper Recalculate route, because correlation  : 214.74408039865548
07-04 15:08:03.642 28496 28506 I zygote  : Background concurrent copying GC freed 279318(6MB) AllocSpace objects, 0(0B) LOS objects, 12% free, 40MB/46MB, paused 2.822ms total 1.283s
07-04 15:08:03.836 28496 28496 I net.osmand: RoutingHelper Recalculate route, because correlation  : 214.74408039865548
07-04 15:08:03.924 28496 28496 I net.osmand: RoutingHelper Recalculate route, because correlation  : 214.74408039865548
07-04 15:08:03.924 28496 28496 I net.osmand: RoutingHelper Recalculate route, because wrong movement direction: 246.21614
07-04 15:08:04.028 28496 28496 I net.osmand: RoutingHelper Recalculate route, because correlation  : 214.74408039865548
07-04 15:08:04.028 28496 28496 I net.osmand: RoutingHelper Recalculate route, because wrong movement direction: 246.21614
07-04 15:08:04.033 28496 28496 I net.osmand: RoutingHelper Recalculate route, because correlation  : 214.74408039865548
07-04 15:08:04.033 28496 28496 I net.osmand: RoutingHelper Recalculate route, because wrong movement direction: 246.21614
07-04 15:08:04.210 28496 28496 I net.osmand: RoutingHelper Recalculate route, because correlation  : 214.74408039865548
07-04 15:08:04.234 28496 28496 I chatty  : uid=10104(net.osmand) identical 1 line
07-04 15:08:04.631 28496 28496 I net.osmand: RoutingHelper Recalculate route, because correlation  : 214.74408039865548
07-04 15:08:04.631 28496 28496 I net.osmand: RoutingHelper Recalculate route, because wrong movement direction: 246.21614
07-04 15:08:04.714 28496 28496 I net.osmand: RoutingHelper Recalculate route, because correlation  : 214.74408039865548
07-04 15:08:05.035 28496 28496 I net.osmand: RoutingHelper Recalculate route, because correlation  : 214.74408039865548
07-04 15:08:05.035 28496 28496 I net.osmand: RoutingHelper Recalculate route, because wrong movement direction: 246.21614
07-04 15:08:05.189 28496 28496 I net.osmand: RoutingHelper Recalculate route, because correlation  : 214.74408039865548
07-04 15:08:05.417 28496 28506 I zygote  : Background concurrent copying GC freed 564501(12MB) AllocSpace objects, 0(0B) LOS objects, 13% free, 38MB/44MB, paused 1.177ms total 851.262ms
07-04 15:08:05.442  2180  4981 W GAv4-SVC: Network compressed POST connection error: javax.net.ssl.SSLHandshakeException: Connection closed by peer
07-04 15:08:05.585 28496 28496 I net.osmand: RoutingHelper Recalculate route, because correlation  : 214.74408039865548
07-04 15:08:05.666 28496 28496 I net.osmand: RoutingHelper Recalculate route, because correlation  : 214.74408039865548
07-04 15:08:05.666 28496 28496 I net.osmand: RoutingHelper Recalculate route, because wrong movement direction: 246.21614
07-04 15:08:06.042 28496 28496 I net.osmand: RoutingHelper Recalculate route, because correlation  : 214.74408039865548
07-04 15:08:06.042 28496 28496 I net.osmand: RoutingHelper Recalculate route, because wrong movement direction: 246.21614
07-04 15:08:06.164 28496 28496 I net.osmand: RoutingHelper Recalculate route, because correlation  : 214.74408039865548
07-04 15:08:06.164 28496 28496 I net.osmand: RoutingHelper Recalculate route, because wrong movement direction: 246.21614
07-04 15:08:06.231 28496 28496 I net.osmand: RoutingHelper Recalculate route, because correlation  : 214.74408039865548
07-04 15:08:06.243 28496 28496 I net.osmand: RoutingHelper Recalculate route, because correlation  : 214.74408039865548
07-04 15:08:06.810 28496 28506 I zygote  : Background concurrent copying GC freed 473260(10MB) AllocSpace objects, 0(0B) LOS objects, 13% free, 37MB/43MB, paused 5.149ms total 758.468ms
07-04 15:08:06.959 28496 28496 I net.osmand: RoutingHelper Recalculate route, because correlation  : 214.74408039865548
07-04 15:08:06.959 28496 28496 I net.osmand: RoutingHelper Recalculate route, because wrong movement direction: 246.21614
07-04 15:08:07.035 28496 28496 I net.osmand: RoutingHelper Recalculate route, because correlation  : 214.74408039865548
07-04 15:08:07.035 28496 28496 I net.osmand: RoutingHelper Recalculate route, because wrong movement direction: 246.21614
07-04 15:08:07.062 28496 28496 I net.osmand: RoutingHelper Recalculate route, because correlation  : 214.74408039865548
07-04 15:08:07.062 28496 28496 I net.osmand: RoutingHelper Recalculate route, because wrong movement direction: 246.21614
07-04 15:08:07.249 28496 28496 I net.osmand: RoutingHelper Recalculate route, because correlation  : 214.74408039865548
07-04 15:08:07.534 28496 28496 I chatty  : uid=10104(net.osmand) identical 3 lines
07-04 15:08:07.662 28496 28496 I net.osmand: RoutingHelper Recalculate route, because correlation  : 214.74408039865548
07-04 15:08:07.663 28496 28496 I net.osmand: RoutingHelper Recalculate route, because wrong movement direction: 246.21614
07-04 15:08:08.144 28496 28496 I net.osmand: RoutingHelper Recalculate route, because correlation  : 214.74408039865548
07-04 15:08:08.196 28496 28496 I net.osmand: RoutingHelper Recalculate route, because correlation  : 214.74408039865548
07-04 15:08:08.196 28496 28496 I net.osmand: RoutingHelper Recalculate route, because wrong movement direction: 246.21614
07-04 15:08:08.638 28496 28506 I zygote  : Background concurrent copying GC freed 418657(9MB) AllocSpace objects, 0(0B) LOS objects, 13% free, 38MB/44MB, paused 1.122ms total 1.057s
07-04 15:08:08.822 28496 28496 I net.osmand: RoutingHelper Recalculate route, because correlation  : 214.74408039865548
07-04 15:08:08.825 28496 28496 I net.osmand: RoutingHelper Recalculate route, because correlation  : 214.74408039865548
07-04 15:08:08.825 28496 28496 I net.osmand: RoutingHelper Recalculate route, because wrong movement direction: 246.21614
07-04 15:08:08.827 28496 28496 I net.osmand: RoutingHelper Recalculate route, because correlation  : 214.74408039865548
07-04 15:08:08.839 28496 28496 I net.osmand: RoutingHelper Recalculate route, because correlation  : 214.74408039865548
07-04 15:08:08.849 28496 28496 I net.osmand: RoutingHelper Recalculate route, because wrong movement direction: 246.21614
07-04 15:08:08.988 28496 28496 I net.osmand: RoutingHelper Recalculate route, because correlation  : 214.74408039865548
07-04 15:08:08.988 28496 28496 I net.osmand: RoutingHelper Recalculate route, because wrong movement direction: 246.21614
07-04 15:08:09.079 28496 28496 I net.osmand: RoutingHelper Recalculate route, because correlation  : 214.74408039865548
07-04 15:08:09.110 28496 28496 I net.osmand: RoutingHelper Recalculate route, because correlation  : 214.74408039865548
07-04 15:08:09.110 28496 28496 I net.osmand: RoutingHelper Recalculate route, because wrong movement direction: 246.21614
07-04 15:08:09.115 28496 28496 I net.osmand: RoutingHelper Recalculate route, because correlation  : 214.74408039865548
07-04 15:08:09.640 28496 28506 I zygote  : Background concurrent copying GC freed 472353(10MB) AllocSpace objects, 0(0B) LOS objects, 15% free, 33MB/39MB, paused 1.839ms total 377.603ms
07-04 15:08:09.982 28496 28496 I net.osmand: RoutingHelper Recalculate route, because correlation  : 214.74408039865548
07-04 15:08:10.048 28496 28496 I net.osmand: RoutingHelper Recalculate route, because correlation  : 214.74408039865548
07-04 15:08:10.049 28496 28496 I net.osmand: RoutingHelper Recalculate route, because wrong movement direction: 246.21614
07-04 15:08:10.222 28496 28496 I net.osmand: RoutingHelper Recalculate route, because correlation  : 214.74408039865548
07-04 15:08:10.309 28496 28496 I net.osmand: RoutingHelper Recalculate route, because correlation  : 214.74408039865548
07-04 15:08:10.309 28496 28496 I net.osmand: RoutingHelper Recalculate route, because wrong movement direction: 246.21614
07-04 15:08:10.374 28496 28496 I net.osmand: RoutingHelper Recalculate route, because correlation  : 214.74408039865548
07-04 15:08:10.374 28496 28496 I net.osmand: RoutingHelper Recalculate route, because wrong movement direction: 246.21614
07-04 15:08:10.555 28496 28496 I net.osmand: RoutingHelper Recalculate route, because correlation  : 214.74408039865548
07-04 15:08:10.641 28496 28496 I chatty  : uid=10104(net.osmand) identical 1 line
07-04 15:08:10.643 28496 28496 I net.osmand: RoutingHelper Recalculate route, because correlation  : 214.74408039865548
07-04 15:08:10.644 28496 28496 I net.osmand: RoutingHelper Recalculate route, because wrong movement direction: 246.21614
07-04 15:08:11.003 28496 28496 I net.osmand: RoutingHelper Recalculate route, because correlation  : 214.74408039865548
07-04 15:08:11.099 28496 28496 I net.osmand: RoutingHelper Recalculate route, because correlation  : 214.74408039865548
07-04 15:08:11.099 28496 28496 I net.osmand: RoutingHelper Recalculate route, because wrong movement direction: 246.21614
07-04 15:08:11.696 28496 28506 I zygote  : Background concurrent copying GC freed 280765(6MB) AllocSpace objects, 0(0B) LOS objects, 13% free, 37MB/43MB, paused 5.267ms total 913.513ms
07-04 15:08:11.879 28496 28496 I net.osmand: RoutingHelper Recalculate route, because correlation  : 214.74408039865548
07-04 15:08:11.879 28496 28496 I net.osmand: RoutingHelper Recalculate route, because wrong movement direction: 246.21614
07-04 15:08:11.974 28496 28496 I net.osmand: RoutingHelper Recalculate route, because correlation  : 214.74408039865548
07-04 15:08:12.016 28496 28496 I net.osmand: RoutingHelper Recalculate route, because correlation  : 214.74408039865548
07-04 15:08:12.016 28496 28496 I net.osmand: RoutingHelper Recalculate route, because wrong movement direction: 246.21614
07-04 15:08:12.021 28496 28496 I net.osmand: RoutingHelper Recalculate route, because correlation  : 214.74408039865548
07-04 15:08:12.092 28496 28496 I chatty  : uid=10104(net.osmand) identical 1 line
07-04 15:08:12.095 28496 28496 I net.osmand: RoutingHelper Recalculate route, because correlation  : 214.74408039865548
07-04 15:08:12.095 28496 28496 I net.osmand: RoutingHelper Recalculate route, because wrong movement direction: 246.21614
07-04 15:08:12.115 28496 28496 I net.osmand: RoutingHelper Recalculate route, because correlation  : 214.74408039865548
07-04 15:08:12.115 28496 28496 I net.osmand: RoutingHelper Recalculate route, because wrong movement direction: 246.21614
07-04 15:08:12.183 28496 28496 I net.osmand: RoutingHelper Recalculate route, because correlation  : 214.74408039865548
07-04 15:08:12.972 28496 28496 I chatty  : uid=10104(net.osmand) identical 1 line
07-04 15:08:13.129 28496 28496 I net.osmand: RoutingHelper Recalculate route, because correlation  : 214.74408039865548
07-04 15:08:13.129 28496 28496 I net.osmand: RoutingHelper Recalculate route, because wrong movement direction: 246.21614
07-04 15:08:13.677 28496 28496 I net.osmand: RoutingHelper Recalculate route, because correlation  : 214.74408039865548
07-04 15:08:13.677 28496 28496 I net.osmand: RoutingHelper Recalculate route, because wrong movement direction: 246.21614
07-04 15:08:13.863 28496 28496 I net.osmand: RoutingHelper Recalculate route, because correlation  : 214.74408039865548
07-04 15:08:13.863 28496 28496 I net.osmand: RoutingHelper Recalculate route, because wrong movement direction: 246.21614
07-04 15:08:14.036 28496 28496 I net.osmand: RoutingHelper Recalculate route, because correlation  : 214.74408039865548
07-04 15:08:14.043 28496 28496 I net.osmand: RoutingHelper Recalculate route, because correlation  : 214.74408039865548
07-04 15:08:14.043 28496 28496 I net.osmand: RoutingHelper Recalculate route, because wrong movement direction: 246.21614
07-04 15:08:14.046 28496 28496 I net.osmand: RoutingHelper Recalculate route, because correlation  : 214.74408039865548
07-04 15:08:14.099 28496 28496 I net.osmand: RoutingHelper Recalculate route, because correlation  : 214.74408039865548
07-04 15:08:14.099 28496 28496 I net.osmand: RoutingHelper Recalculate route, because wrong movement direction: 246.21614
07-04 15:08:14.100 28496 28496 I net.osmand: RoutingHelper Recalculate route, because correlation  : 214.74408039865548
07-04 15:08:14.403 28496 28506 I zygote  : Background concurrent copying GC freed 401674(8MB) AllocSpace objects, 0(0B) LOS objects, 13% free, 39MB/45MB, paused 6.095ms total 1.195s
07-04 15:08:14.886 32514 32664 E PlayCommon: [2071] aeho.d(310): Failed to connect to server for server timestamp: java.net.ConnectException: Failed to connect to play.googleapis.com/172.217.162.106:443
07-04 15:08:14.890 32514 32664 I PlayCommon: [2071] aeho.d(125): Connecting to server: https://play.googleapis.com/play/log?format=raw&proto_v2=true
07-04 15:08:15.048 28496 28496 I net.osmand: RoutingHelper Recalculate route, because correlation  : 214.74408039865548
07-04 15:08:15.099 28496 28496 I net.osmand: RoutingHelper Recalculate route, because correlation  : 214.74408039865548
07-04 15:08:15.100 28496 28496 I net.osmand: RoutingHelper Recalculate route, because wrong movement direction: 246.21614
07-04 15:08:15.177 28496 28496 I net.osmand: RoutingHelper Recalculate route, because correlation  : 214.74408039865548
07-04 15:08:15.245 28496 28496 I net.osmand: RoutingHelper Recalculate route, because correlation  : 214.74408039865548
07-04 15:08:15.245 28496 28496 I net.osmand: RoutingHelper Recalculate route, because wrong movement direction: 246.21614
07-04 15:08:15.423 28496 28496 I net.osmand: RoutingHelper Recalculate route, because correlation  : 214.74408039865548
07-04 15:08:15.423 28496 28496 I net.osmand: RoutingHelper Recalculate route, because wrong movement direction: 246.21614
07-04 15:08:15.463 28496 28496 I net.osmand: RoutingHelper Recalculate route, because correlation  : 214.74408039865548
07-04 15:08:15.463 28496 28496 I net.osmand: RoutingHelper Recalculate route, because wrong movement direction: 246.21614
07-04 15:08:15.469 28496 28496 I net.osmand: RoutingHelper Recalculate route, because correlation  : 214.74408039865548
07-04 15:08:15.477 28496 28496 I net.osmand: RoutingHelper Recalculate route, because correlation  : 214.74408039865548
07-04 15:08:15.960 28496 28506 I zygote  : Background concurrent copying GC freed 528050(11MB) AllocSpace objects, 0(0B) LOS objects, 15% free, 33MB/39MB, paused 3.732ms total 332.328ms
07-04 15:08:15.986 28496 28496 I net.osmand: RoutingHelper Recalculate route, because correlation  : 214.74408039865548
07-04 15:08:16.003 28496 28496 I net.osmand: RoutingHelper Recalculate route, because correlation  : 214.74408039865548
07-04 15:08:16.003 28496 28496 I net.osmand: RoutingHelper Recalculate route, because wrong movement direction: 246.21614
07-04 15:08:16.427 28496 28496 I net.osmand: RoutingHelper Recalculate route, because correlation  : 214.74408039865548
07-04 15:08:16.428 28496 28496 I net.osmand: RoutingHelper Recalculate route, because wrong movement direction: 246.21614
07-04 15:08:16.499 28496 28496 I net.osmand: RoutingHelper Recalculate route, because correlation  : 214.74408039865548
07-04 15:08:16.857 28496 28496 I net.osmand: RoutingHelper Recalculate route, because correlation  : 214.74408039865548
07-04 15:08:16.857 28496 28496 I net.osmand: RoutingHelper Recalculate route, because wrong movement direction: 246.21614
07-04 15:08:17.001 28496 28496 I net.osmand: RoutingHelper Recalculate route, because correlation  : 214.74408039865548
07-04 15:08:17.032 28496 28496 I net.osmand: RoutingHelper Recalculate route, because correlation  : 214.74408039865548
07-04 15:08:17.032 28496 28496 I net.osmand: RoutingHelper Recalculate route, because wrong movement direction: 246.21614
07-04 15:08:17.200 28496 28496 I net.osmand: RoutingHelper Recalculate route, because correlation  : 214.74408039865548
07-04 15:08:17.203 28496 28496 I net.osmand: RoutingHelper Recalculate route, because correlation  : 214.74408039865548
07-04 15:08:17.204 28496 28496 I net.osmand: RoutingHelper Recalculate route, because wrong movement direction: 246.21614
07-04 15:08:17.209 28496 28496 I net.osmand: RoutingHelper Recalculate route, because correlation  : 214.74408039865548
07-04 15:08:17.751 28496 28496 I net.osmand: RoutingHelper Recalculate route, because correlation  : 214.74408039865548
07-04 15:08:17.767 28496 28506 I zygote  : Background concurrent copying GC freed 283618(6MB) AllocSpace objects, 0(0B) LOS objects, 13% free, 39MB/45MB, paused 3.078ms total 900.153ms
07-04 15:08:17.834 28496 28496 I net.osmand: RoutingHelper Recalculate route, because correlation  : 214.74408039865548
07-04 15:08:17.834 28496 28496 I net.osmand: RoutingHelper Recalculate route, because wrong movement direction: 246.21614
07-04 15:08:18.075 28496 28496 I net.osmand: RoutingHelper Recalculate route, because correlation  : 214.74408039865548
07-04 15:08:18.075 28496 28496 I net.osmand: RoutingHelper Recalculate route, because wrong movement direction: 246.21614
07-04 15:08:18.179 28496 28496 I net.osmand: RoutingHelper Recalculate route, because correlation  : 214.74408039865548
07-04 15:08:18.496 28496 28496 I chatty  : uid=10104(net.osmand) identical 1 line
07-04 15:08:18.511 28496 28496 I net.osmand: RoutingHelper Recalculate route, because correlation  : 214.74408039865548
07-04 15:08:18.512 28496 28496 I net.osmand: RoutingHelper Recalculate route, because wrong movement direction: 246.21614
07-04 15:08:18.655 28496 28496 I net.osmand: RoutingHelper Recalculate route, because correlation  : 214.74408039865548
07-04 15:08:18.655 28496 28496 I net.osmand: RoutingHelper Recalculate route, because wrong movement direction: 246.21614
07-04 15:08:18.768  1604  1854 I WifiService: acquireWifiLock uid=10014 lockMode=2
07-04 15:08:18.800 28496 28496 I net.osmand: RoutingHelper Recalculate route, because correlation  : 214.74408039865548
07-04 15:08:18.919  1604  1617 E memtrack: Couldn't load memtrack module
07-04 15:08:18.920  1604  1617 W android.os.Debug: failed to get memory consumption info: -1
07-04 15:08:19.361 28496 28506 I zygote  : Background concurrent copying GC freed 503717(11MB) AllocSpace objects, 0(0B) LOS objects, 13% free, 38MB/44MB, paused 8.071ms total 1.027s
07-04 15:08:19.385  1604  1617 E memtrack: Couldn't load memtrack module
07-04 15:08:19.385  1604  1617 W android.os.Debug: failed to get memory consumption info: -1
07-04 15:08:19.474  1604  1617 E memtrack: Couldn't load memtrack module
07-04 15:08:19.474  1604  1617 W android.os.Debug: failed to get memory consumption info: -1
07-04 15:08:19.539  1604  1617 E memtrack: Couldn't load memtrack module
07-04 15:08:19.539  1604  1617 W android.os.Debug: failed to get memory consumption info: -1
07-04 15:08:19.608 28496 28496 I net.osmand: RoutingHelper Recalculate route, because correlation  : 214.74408039865548
07-04 15:08:19.609 28496 28496 I net.osmand: RoutingHelper Recalculate route, because wrong movement direction: 246.21614
07-04 15:08:19.749 28496 28496 I net.osmand: RoutingHelper Recalculate route, because correlation  : 214.74408039865548
07-04 15:08:20.099 28496 28496 I chatty  : uid=10104(net.osmand) identical 1 line
07-04 15:08:20.244 28496 28496 I net.osmand: RoutingHelper Recalculate route, because correlation  : 214.74408039865548
07-04 15:08:20.244 28496 28496 I net.osmand: RoutingHelper Recalculate route, because wrong movement direction: 246.21614
07-04 15:08:20.361 28496 28496 I net.osmand: RoutingHelper Recalculate route, because correlation  : 214.74408039865548
07-04 15:08:20.381 28496 28496 I net.osmand: RoutingHelper Recalculate route, because correlation  : 214.74408039865548
07-04 15:08:20.382 28496 28496 I net.osmand: RoutingHelper Recalculate route, because wrong movement direction: 246.21614
07-04 15:08:20.434 28496 28496 I net.osmand: RoutingHelper Recalculate route, because correlation  : 214.74408039865548
07-04 15:08:20.680 28496 28496 I chatty  : uid=10104(net.osmand) identical 1 line
07-04 15:08:20.814 28496 28496 I net.osmand: RoutingHelper Recalculate route, because correlation  : 214.74408039865548
07-04 15:08:20.814 28496 28496 I net.osmand: RoutingHelper Recalculate route, because wrong movement direction: 246.21614
07-04 15:08:21.042 28496 28496 I net.osmand: RoutingHelper Recalculate route, because correlation  : 214.74408039865548
07-04 15:08:21.066 28496 28496 I net.osmand: RoutingHelper Recalculate route, because correlation  : 214.74408039865548
07-04 15:08:21.066 28496 28496 I net.osmand: RoutingHelper Recalculate route, because wrong movement direction: 246.21614
07-04 15:08:21.537 28496 28496 I net.osmand: RoutingHelper Recalculate route, because correlation  : 214.74408039865548
07-04 15:08:21.537 28496 28496 I net.osmand: RoutingHelper Recalculate route, because wrong movement direction: 246.21614
07-04 15:08:21.706 28496 28506 I zygote  : Background concurrent copying GC freed 469727(10MB) AllocSpace objects, 0(0B) LOS objects, 12% free, 43MB/49MB, paused 2.132ms total 1.482s
07-04 15:08:21.715 28496 28496 I net.osmand: RoutingHelper Recalculate route, because correlation  : 214.74408039865548
07-04 15:08:21.781  1604  2501 D WificondControl: Scan result ready event
07-04 15:08:21.939 28496 28496 I net.osmand: RoutingHelper Recalculate route, because correlation  : 214.74408039865548
07-04 15:08:21.939 28496 28496 I net.osmand: RoutingHelper Recalculate route, because wrong movement direction: 246.21614
07-04 15:08:22.110 28496 28496 I net.osmand: RoutingHelper Recalculate route, because correlation  : 214.74408039865548
07-04 15:08:22.111 28496 28496 I net.osmand: RoutingHelper Recalculate route, because wrong movement direction: 246.21614
07-04 15:08:22.152  1604  7927 I WifiService: releaseWifiLock uid=10014
07-04 15:08:22.244 28496 28496 I net.osmand: RoutingHelper Recalculate route, because correlation  : 214.74408039865548
07-04 15:08:22.247 28496 28496 I net.osmand: RoutingHelper Recalculate route, because correlation  : 214.74408039865548
07-04 15:08:22.247 28496 28496 I net.osmand: RoutingHelper Recalculate route, because wrong movement direction: 246.21614
07-04 15:08:22.250 28496 28496 I net.osmand: RoutingHelper Recalculate route, because correlation  : 214.74408039865548
07-04 15:08:22.811 28496 28506 I zygote  : Background concurrent copying GC freed 681165(15MB) AllocSpace objects, 0(0B) LOS objects, 15% free, 33MB/39MB, paused 2.817ms total 391.521ms
07-04 15:08:22.886 28496 28496 I net.osmand: RoutingHelper Recalculate route, because correlation  : 214.74408039865548
07-04 15:08:22.886 28496 28496 I net.osmand: RoutingHelper Recalculate route, because wrong movement direction: 246.21614
07-04 15:08:22.995 28496 28496 I net.osmand: RoutingHelper Recalculate route, because correlation  : 214.74408039865548
07-04 15:08:23.053 28496 28496 I net.osmand: RoutingHelper Recalculate route, because correlation  : 214.74408039865548
07-04 15:08:23.053 28496 28496 I net.osmand: RoutingHelper Recalculate route, because wrong movement direction: 246.21614
07-04 15:08:23.163 28496 28496 I net.osmand: RoutingHelper Recalculate route, because correlation  : 214.74408039865548
07-04 15:08:23.516 28496 28496 I net.osmand: RoutingHelper Recalculate route, because correlation  : 214.74408039865548
07-04 15:08:23.516 28496 28496 I net.osmand: RoutingHelper Recalculate route, because wrong movement direction: 246.21614
07-04 15:08:23.665 28496 28496 I net.osmand: RoutingHelper Recalculate route, because correlation  : 214.74408039865548
07-04 15:08:23.665 28496 28496 I net.osmand: RoutingHelper Recalculate route, because wrong movement direction: 246.21614
07-04 15:08:23.726 28496 28496 I net.osmand: RoutingHelper Recalculate route, because correlation  : 214.74408039865548
07-04 15:08:23.734 28496 28496 I chatty  : uid=10104(net.osmand) identical 1 line
07-04 15:08:24.006 28496 28496 I net.osmand: RoutingHelper Recalculate route, because correlation  : 214.74408039865548
07-04 15:08:24.006 28496 28496 I net.osmand: RoutingHelper Recalculate route, because wrong movement direction: 246.21614
07-04 15:08:24.095 28496 28496 I net.osmand: RoutingHelper Recalculate route, because correlation  : 214.74408039865548
07-04 15:08:24.341 28496 28496 I net.osmand: RoutingHelper Recalculate route, because correlation  : 214.74408039865548
07-04 15:08:24.341 28496 28496 I net.osmand: RoutingHelper Recalculate route, because wrong movement direction: 246.21614
07-04 15:08:24.485 28496 28496 I net.osmand: RoutingHelper Recalculate route, because correlation  : 214.74408039865548
07-04 15:08:24.914 28496 28506 I zygote  : Background concurrent copying GC freed 283312(6MB) AllocSpace objects, 0(0B) LOS objects, 12% free, 41MB/47MB, paused 1.073ms total 1.228s
07-04 15:08:24.981 28496 28496 I net.osmand: RoutingHelper Recalculate route, because correlation  : 214.74408039865548
07-04 15:08:24.981 28496 28496 I net.osmand: RoutingHelper Recalculate route, because wrong movement direction: 246.21614
07-04 15:08:25.048 28496 28496 I net.osmand: RoutingHelper Recalculate route, because correlation  : 214.74408039865548
07-04 15:08:25.240 28496 28496 I net.osmand: RoutingHelper Recalculate route, because correlation  : 214.74408039865548
07-04 15:08:25.241 28496 28496 I net.osmand: RoutingHelper Recalculate route, because wrong movement direction: 246.21614
07-04 15:08:25.400 28496 28496 I net.osmand: RoutingHelper Recalculate route, because correlation  : 214.74408039865548
07-04 15:08:25.401 28496 28496 I net.osmand: RoutingHelper Recalculate route, because wrong movement direction: 246.21614
07-04 15:08:25.405 28496 28496 I net.osmand: RoutingHelper Recalculate route, because correlation  : 214.74408039865548
07-04 15:08:25.537 28496 28496 I chatty  : uid=10104(net.osmand) identical 1 line
07-04 15:08:25.791 28496 28496 I net.osmand: RoutingHelper Recalculate route, because correlation  : 214.74408039865548
07-04 15:08:25.797 28496 28496 I net.osmand: RoutingHelper Recalculate route, because wrong movement direction: 246.21614
07-04 15:08:25.844 28496 28496 I net.osmand: RoutingHelper Recalculate route, because correlation  : 214.74408039865548
07-04 15:08:26.013 28496 28496 I net.osmand: RoutingHelper Recalculate route, because correlation  : 214.74408039865548
07-04 15:08:26.013 28496 28496 I net.osmand: RoutingHelper Recalculate route, because wrong movement direction: 246.21614
07-04 15:08:26.128 28496 28496 I net.osmand: RoutingHelper Recalculate route, because correlation  : 214.74408039865548
07-04 15:08:26.525 28496 28506 I zygote  : Background concurrent copying GC freed 611606(13MB) AllocSpace objects, 0(0B) LOS objects, 13% free, 37MB/43MB, paused 7.159ms total 895.430ms
07-04 15:08:26.760 28496 28496 I net.osmand: RoutingHelper Recalculate route, because correlation  : 214.74408039865548
07-04 15:08:26.760 28496 28496 I net.osmand: RoutingHelper Recalculate route, because wrong movement direction: 246.21614
07-04 15:08:26.844 28496 28496 I net.osmand: RoutingHelper Recalculate route, because correlation  : 214.74408039865548
07-04 15:08:26.844 28496 28496 I net.osmand: RoutingHelper Recalculate route, because wrong movement direction: 246.21614
07-04 15:08:26.871 28496 28496 I net.osmand: RoutingHelper Recalculate route, because correlation  : 214.74408039865548
07-04 15:08:27.076 28496 28496 I chatty  : uid=10104(net.osmand) identical 2 lines
07-04 15:08:27.102 28496 28496 I net.osmand: RoutingHelper Recalculate route, because correlation  : 214.74408039865548
07-04 15:08:27.103 28496 28496 I net.osmand: RoutingHelper Recalculate route, because wrong movement direction: 246.21614
07-04 15:08:27.253 28496 28496 I net.osmand: RoutingHelper Recalculate route, because correlation  : 214.74408039865548
07-04 15:08:27.253 28496 28496 I net.osmand: RoutingHelper Recalculate route, because wrong movement direction: 246.21614
07-04 15:08:27.305 28496 28496 I net.osmand: RoutingHelper Recalculate route, because correlation  : 214.74408039865548
07-04 15:08:27.748 28496 28506 I zygote  : Background concurrent copying GC freed 420230(9MB) AllocSpace objects, 0(0B) LOS objects, 14% free, 36MB/42MB, paused 1.262ms total 529.259ms
07-04 15:08:27.977 28496 28496 I net.osmand: RoutingHelper Recalculate route, because correlation  : 214.74408039865548
07-04 15:08:27.977 28496 28496 I net.osmand: RoutingHelper Recalculate route, because wrong movement direction: 246.21614
07-04 15:08:28.099 28496 28496 I net.osmand: RoutingHelper Recalculate route, because correlation  : 214.74408039865548
07-04 15:08:28.421 28496 28496 I net.osmand: RoutingHelper Recalculate route, because correlation  : 214.74408039865548
07-04 15:08:28.421 28496 28496 I net.osmand: RoutingHelper Recalculate route, because wrong movement direction: 246.21614
07-04 15:08:28.499 28496 28496 I net.osmand: RoutingHelper Recalculate route, because correlation  : 214.74408039865548
07-04 15:08:28.675 28496 28496 I net.osmand: RoutingHelper Recalculate route, because correlation  : 214.74408039865548
07-04 15:08:28.675 28496 28496 I net.osmand: RoutingHelper Recalculate route, because wrong movement direction: 246.21614
07-04 15:08:28.767 28496 28496 I net.osmand: RoutingHelper Recalculate route, because correlation  : 214.74408039865548
07-04 15:08:28.769 28496 28496 I chatty  : uid=10104(net.osmand) identical 1 line
07-04 15:08:28.824 28496 28496 I net.osmand: RoutingHelper Recalculate route, because correlation  : 214.74408039865548
07-04 15:08:28.824 28496 28496 I net.osmand: RoutingHelper Recalculate route, because wrong movement direction: 246.21614
07-04 15:08:29.001 28496 28496 I net.osmand: RoutingHelper Recalculate route, because correlation  : 214.74408039865548
07-04 15:08:29.002 28496 28496 I net.osmand: RoutingHelper Recalculate route, because wrong movement direction: 246.21614
07-04 15:08:29.092 28496 28496 I net.osmand: RoutingHelper Recalculate route, because correlation  : 214.74408039865548
07-04 15:08:29.469 28496 28506 I zygote  : Background concurrent copying GC freed 368209(8MB) AllocSpace objects, 0(0B) LOS objects, 13% free, 38MB/44MB, paused 2.413ms total 804.868ms
07-04 15:08:30.033  1410  1410 I boot-pipe: done populating /dev/random
07-04 15:08:30.033 28496 28496 I net.osmand: RoutingHelper Recalculate route, because correlation  : 214.74408039865548
07-04 15:08:30.034 28496 28496 I net.osmand: RoutingHelper Recalculate route, because wrong movement direction: 246.21614
07-04 15:08:30.142 28496 28496 I net.osmand: RoutingHelper Recalculate route, because correlation  : 214.74408039865548
07-04 15:08:30.142 28496 28496 I net.osmand: RoutingHelper Recalculate route, because wrong movement direction: 246.21614
07-04 15:08:30.190 28496 28496 I net.osmand: RoutingHelper Recalculate route, because correlation  : 214.74408039865548
07-04 15:08:30.259 28496 28496 I chatty  : uid=10104(net.osmand) identical 1 line
07-04 15:08:30.311 28496 28496 I net.osmand: RoutingHelper Recalculate route, because correlation  : 214.74408039865548
07-04 15:08:30.311 28496 28496 I net.osmand: RoutingHelper Recalculate route, because wrong movement direction: 246.21614
07-04 15:08:30.314 28496 28496 I net.osmand: RoutingHelper Recalculate route, because correlation  : 214.74408039865548
07-04 15:08:30.799  2180  9739 I PlayCommon: [474] pdc.c: Preparing logs for uploading
07-04 15:08:30.800  2180  9739 W PlayCommon: [474] pdc.a: No account for auth token provided
07-04 15:08:30.801  2180  9739 I PlayCommon: [474] pdc.c: Connecting to server: https://play.googleapis.com/play/log?format=raw&proto_v2=true
07-04 15:08:30.923 28496 28506 I zygote  : Background concurrent copying GC freed 470761(10MB) AllocSpace objects, 0(0B) LOS objects, 15% free, 33MB/39MB, paused 3.772ms total 438.953ms
07-04 15:08:30.977 28496 28496 I net.osmand: RoutingHelper Recalculate route, because correlation  : 214.74408039865548
07-04 15:08:30.977 28496 28496 I net.osmand: RoutingHelper Recalculate route, because wrong movement direction: 246.21614
07-04 15:08:31.089 28496 28496 I net.osmand: RoutingHelper Recalculate route, because correlation  : 214.74408039865548
07-04 15:08:31.424 28496 28496 I chatty  : uid=10104(net.osmand) identical 1 line
07-04 15:08:31.504 28496 28496 I net.osmand: RoutingHelper Recalculate route, because correlation  : 214.74408039865548
07-04 15:08:31.504 28496 28496 I net.osmand: RoutingHelper Recalculate route, because wrong movement direction: 246.21614
07-04 15:08:31.816 28496 28496 I net.osmand: RoutingHelper Recalculate route, because correlation  : 214.74408039865548
07-04 15:08:31.816 28496 28496 I net.osmand: RoutingHelper Recalculate route, because wrong movement direction: 246.21614
07-04 15:08:31.829 28496 28496 I net.osmand: RoutingHelper Recalculate route, because correlation  : 214.74408039865548
07-04 15:08:31.832 28496 28496 I net.osmand: RoutingHelper Recalculate route, because correlation  : 214.74408039865548
07-04 15:08:31.832 28496 28496 I net.osmand: RoutingHelper Recalculate route, because wrong movement direction: 246.21614
07-04 15:08:31.879 28496 28496 I net.osmand: RoutingHelper Recalculate route, because correlation  : 214.74408039865548
07-04 15:08:32.043 28496 28496 I chatty  : uid=10104(net.osmand) identical 1 line
07-04 15:08:32.091 28496 28496 I net.osmand: RoutingHelper Recalculate route, because correlation  : 214.74408039865548
07-04 15:08:32.091 28496 28496 I net.osmand: RoutingHelper Recalculate route, because wrong movement direction: 246.21614
07-04 15:08:32.517 28496 28506 I zygote  : Background concurrent copying GC freed 285127(6MB) AllocSpace objects, 0(0B) LOS objects, 13% free, 36MB/42MB, paused 6.943ms total 573.027ms
07-04 15:08:32.713 28496 28496 I net.osmand: RoutingHelper Recalculate route, because correlation  : 214.74408039865548
07-04 15:08:32.729 28496 28496 I net.osmand: RoutingHelper Recalculate route, because correlation  : 214.74408039865548
07-04 15:08:32.730 28496 28496 I net.osmand: RoutingHelper Recalculate route, because wrong movement direction: 246.21614
07-04 15:08:33.031 28496 28496 I net.osmand: RoutingHelper Recalculate route, because correlation  : 214.74408039865548
07-04 15:08:33.031 28496 28496 I net.osmand: RoutingHelper Recalculate route, because wrong movement direction: 246.21614
07-04 15:08:33.058 28496 28496 I net.osmand: RoutingHelper Recalculate route, because correlation  : 214.74408039865548
07-04 15:08:33.473 28496 28496 I net.osmand: RoutingHelper Recalculate route, because correlation  : 214.74408039865548
07-04 15:08:33.473 28496 28496 I net.osmand: RoutingHelper Recalculate route, because wrong movement direction: 246.21614
07-04 15:08:33.600 28496 28496 I net.osmand: RoutingHelper Recalculate route, because correlation  : 214.74408039865548
07-04 15:08:33.600 28496 28496 I net.osmand: RoutingHelper Recalculate route, because wrong movement direction: 246.21614
07-04 15:08:33.708 28496 28496 I net.osmand: RoutingHelper Recalculate route, because correlation  : 214.74408039865548
07-04 15:08:33.755 28496 28496 I chatty  : uid=10104(net.osmand) identical 1 line
07-04 15:08:34.046 28496 28496 I net.osmand: RoutingHelper Recalculate route, because correlation  : 214.74408039865548
07-04 15:08:34.046 28496 28496 I net.osmand: RoutingHelper Recalculate route, because wrong movement direction: 246.21614
