07-04 15:12:48.635 28496 28496 I net.osmand: RoutingHelper Recalculate route, because correlation  : 214.74408039865548
07-04 15:12:48.635 28496 28496 I net.osmand: RoutingHelper Recalculate route, because wrong movement direction: 246.21614
07-04 15:12:48.731  1604  3545 I WifiService: releaseWifiLock uid=10014
07-04 15:12:48.769 28496 28496 I net.osmand: RoutingHelper Recalculate route, because correlation  : 214.74408039865548
07-04 15:12:48.769 28496 28496 I net.osmand: RoutingHelper Recalculate route, because wrong movement direction: 246.21614
07-04 15:12:48.930 28496 28496 I net.osmand: RoutingHelper Recalculate route, because correlation  : 214.74408039865548
07-04 15:12:49.176 28496 28496 I chatty  : uid=10104(net.osmand) identical 2 lines
07-04 15:12:49.284 28496 28496 I net.osmand: RoutingHelper Recalculate route, because correlation  : 214.74408039865548
07-04 15:12:49.284 28496 28496 I net.osmand: RoutingHelper Recalculate route, because wrong movement direction: 246.21614
07-04 15:12:49.661 28496 28496 I net.osmand: RoutingHelper Recalculate route, because correlation  : 214.74408039865548
07-04 15:12:49.661 28496 28496 I net.osmand: RoutingHelper Recalculate route, because wrong movement direction: 246.21614
07-04 15:12:49.809 28496 28496 I net.osmand: RoutingHelper Recalculate route, because correlation  : 214.74408039865548
07-04 15:12:50.259 28496 28496 I chatty  : uid=10104(net.osmand) identical 1 line
07-04 15:12:50.286 28496 28496 I net.osmand: RoutingHelper Recalculate route, because correlation  : 214.74408039865548
07-04 15:12:50.286 28496 28496 I net.osmand: RoutingHelper Recalculate route, because wrong movement direction: 246.21614
07-04 15:12:50.614 28496 28496 I net.osmand: RoutingHelper Recalculate route, because correlation  : 214.74408039865548
07-04 15:12:50.614 28496 28496 I net.osmand: RoutingHelper Recalculate route, because wrong movement direction: 246.21614
07-04 15:12:50.626 28496 28506 I zygote  : Background concurrent copying GC freed 314956(6MB) AllocSpace objects, 0(0B) LOS objects, 11% free, 45MB/51MB, paused 10.166ms total 1.860s
07-04 15:12:50.644 28496 28496 I net.osmand: RoutingHelper Recalculate route, because correlation  : 214.74408039865548
07-04 15:12:51.088 28496 28496 I net.osmand: RoutingHelper Recalculate route, because correlation  : 214.74408039865548
07-04 15:12:51.088 28496 28496 I net.osmand: RoutingHelper Recalculate route, because wrong movement direction: 246.21614
07-04 15:12:51.192 28496 28496 I net.osmand: RoutingHelper Recalculate route, because correlation  : 214.74408039865548
07-04 15:12:51.282 28496 28496 I net.osmand: RoutingHelper Recalculate route, because correlation  : 214.74408039865548
07-04 15:12:51.283 28496 28496 I net.osmand: RoutingHelper Recalculate route, because wrong movement direction: 246.21614
07-04 15:12:51.300 28496 28496 I net.osmand: RoutingHelper Recalculate route, because correlation  : 214.74408039865548
07-04 15:12:52.044 28496 28496 I chatty  : uid=10104(net.osmand) identical 1 line
07-04 15:12:52.107 28496 28496 I net.osmand: RoutingHelper Recalculate route, because correlation  : 214.74408039865548
07-04 15:12:52.107 28496 28496 I net.osmand: RoutingHelper Recalculate route, because wrong movement direction: 246.21614
07-04 15:12:52.183 28496 28496 I net.osmand: RoutingHelper Recalculate route, because correlation  : 214.74408039865548
07-04 15:12:52.331 28496 28496 I net.osmand: RoutingHelper Recalculate route, because correlation  : 214.74408039865548
07-04 15:12:52.331 28496 28496 I net.osmand: RoutingHelper Recalculate route, because wrong movement direction: 246.21614
07-04 15:12:52.463 28496 28496 I net.osmand: RoutingHelper Recalculate route, because correlation  : 214.74408039865548
07-04 15:12:52.544 28496 28496 I net.osmand: RoutingHelper Recalculate route, because correlation  : 214.74408039865548
07-04 15:12:52.544 28496 28496 I net.osmand: RoutingHelper Recalculate route, because wrong movement direction: 246.21614
07-04 15:12:52.574 28496 28496 I net.osmand: RoutingHelper Recalculate route, because correlation  : 214.74408039865548
07-04 15:12:52.574 28496 28496 I net.osmand: RoutingHelper Recalculate route, because wrong movement direction: 246.21614
07-04 15:12:52.632 28496 28496 I net.osmand: RoutingHelper Recalculate route, because correlation  : 214.74408039865548
07-04 15:12:52.812 28496 28506 I zygote  : Background concurrent copying GC freed 820487(18MB) AllocSpace objects, 0(0B) LOS objects, 13% free, 39MB/45MB, paused 12.197ms total 1.368s
07-04 15:12:53.137 28496 28496 I net.osmand: RoutingHelper Recalculate route, because correlation  : 214.74408039865548
07-04 15:12:53.211 28496 28496 I net.osmand: RoutingHelper Recalculate route, because correlation  : 214.74408039865548
07-04 15:12:53.211 28496 28496 I net.osmand: RoutingHelper Recalculate route, because wrong movement direction: 246.21614
07-04 15:12:53.575 28496 28496 I net.osmand: RoutingHelper Recalculate route, because correlation  : 214.74408039865548
07-04 15:12:53.623 28496 28496 I net.osmand: RoutingHelper Recalculate route, because correlation  : 214.74408039865548
07-04 15:12:53.623 28496 28496 I net.osmand: RoutingHelper Recalculate route, because wrong movement direction: 246.21614
07-04 15:12:54.014 28496 28496 I net.osmand: RoutingHelper Recalculate route, because correlation  : 214.74408039865548
07-04 15:12:54.102 28496 28496 I net.osmand: RoutingHelper Recalculate route, because correlation  : 214.74408039865548
07-04 15:12:54.102 28496 28496 I net.osmand: RoutingHelper Recalculate route, because wrong movement direction: 246.21614
07-04 15:12:54.215 28496 28496 I net.osmand: RoutingHelper Recalculate route, because correlation  : 214.74408039865548
07-04 15:12:54.342 28496 28496 I net.osmand: RoutingHelper Recalculate route, because correlation  : 214.74408039865548
07-04 15:12:54.343 28496 28496 I net.osmand: RoutingHelper Recalculate route, because wrong movement direction: 246.21614
07-04 15:12:54.501 28496 28496 I net.osmand: RoutingHelper Recalculate route, because correlation  : 214.74408039865548
07-04 15:12:54.501 28496 28496 I net.osmand: RoutingHelper Recalculate route, because wrong movement direction: 246.21614
07-04 15:12:54.558 28496 28496 I net.osmand: RoutingHelper Recalculate route, because correlation  : 214.74408039865548
07-04 15:12:55.060 28496 28506 I zygote  : Background concurrent copying GC freed 511709(11MB) AllocSpace objects, 0(0B) LOS objects, 12% free, 41MB/47MB, paused 1.282ms total 1.366s
07-04 15:12:55.134 28496 28496 I net.osmand: RoutingHelper Recalculate route, because correlation  : 214.74408039865548
07-04 15:12:55.213 28496 28496 I chatty  : uid=10104(net.osmand) identical 1 line
07-04 15:12:55.346 28496 28496 I net.osmand: RoutingHelper Recalculate route, because correlation  : 214.74408039865548
07-04 15:12:55.346 28496 28496 I net.osmand: RoutingHelper Recalculate route, because wrong movement direction: 246.21614
07-04 15:12:55.444 28496 28496 I net.osmand: RoutingHelper Recalculate route, because correlation  : 214.74408039865548
07-04 15:12:55.444 28496 28496 I net.osmand: RoutingHelper Recalculate route, because wrong movement direction: 246.21614
07-04 15:12:55.795 28496 28496 I net.osmand: RoutingHelper Recalculate route, because correlation  : 214.74408039865548
07-04 15:12:55.795 28496 28496 I net.osmand: RoutingHelper Recalculate route, because wrong movement direction: 246.21614
07-04 15:12:55.819 28496 28496 I net.osmand: RoutingHelper Recalculate route, because correlation  : 214.74408039865548
07-04 15:12:55.886 28496 28496 I net.osmand: RoutingHelper Recalculate route, because correlation  : 214.74408039865548
07-04 15:12:55.886 28496 28496 I net.osmand: RoutingHelper Recalculate route, because wrong movement direction: 246.21614
07-04 15:12:56.224 28496 28496 I net.osmand: RoutingHelper Recalculate route, because correlation  : 214.74408039865548
07-04 15:12:56.277 28496 28496 I net.osmand: RoutingHelper Recalculate route, because correlation  : 214.74408039865548
07-04 15:12:56.277 28496 28496 I net.osmand: RoutingHelper Recalculate route, because wrong movement direction: 246.21614
07-04 15:12:56.287 28496 28496 I net.osmand: RoutingHelper Recalculate route, because correlation  : 214.74408039865548
07-04 15:12:56.711 28496 28496 I net.osmand: RoutingHelper Recalculate route, because correlation  : 214.74408039865548
07-04 15:12:56.711 28496 28496 I net.osmand: RoutingHelper Recalculate route, because wrong movement direction: 246.21614
07-04 15:12:56.815 28496 28496 I net.osmand: RoutingHelper Recalculate route, because correlation  : 214.74408039865548
07-04 15:12:57.045 28496 28506 I zygote  : Background concurrent copying GC freed 608294(13MB) AllocSpace objects, 0(0B) LOS objects, 13% free, 39MB/45MB, paused 1.344ms total 1.103s
07-04 15:12:57.288 28496 28496 I net.osmand: RoutingHelper Recalculate route, because correlation  : 214.74408039865548
07-04 15:12:57.288 28496 28496 I net.osmand: RoutingHelper Recalculate route, because wrong movement direction: 246.21614
07-04 15:12:57.425 28496 28496 I net.osmand: RoutingHelper Recalculate route, because correlation  : 214.74408039865548
07-04 15:12:57.425 28496 28496 I net.osmand: RoutingHelper Recalculate route, because wrong movement direction: 246.21614
07-04 15:12:57.522 28496 28496 I net.osmand: RoutingHelper Recalculate route, because correlation  : 214.74408039865548
07-04 15:12:57.522 28496 28496 I net.osmand: RoutingHelper Recalculate route, because wrong movement direction: 246.21614
07-04 15:12:57.565 28496 28496 I net.osmand: RoutingHelper Recalculate route, because correlation  : 214.74408039865548
07-04 15:12:58.155 28496 28496 I chatty  : uid=10104(net.osmand) identical 3 lines
07-04 15:12:58.261 28496 28496 I net.osmand: RoutingHelper Recalculate route, because correlation  : 214.74408039865548
07-04 15:12:58.262 28496 28496 I net.osmand: RoutingHelper Recalculate route, because wrong movement direction: 246.21614
07-04 15:12:58.275 28496 28506 I zygote  : Background concurrent copying GC freed 526424(11MB) AllocSpace objects, 0(0B) LOS objects, 14% free, 35MB/41MB, paused 7.337ms total 570.053ms
07-04 15:12:58.422 28496 28496 I net.osmand: RoutingHelper Recalculate route, because correlation  : 214.74408039865548
07-04 15:12:58.423 28496 28496 I net.osmand: RoutingHelper Recalculate route, because wrong movement direction: 246.21614
07-04 15:12:58.437 28496 28496 I net.osmand: RoutingHelper Recalculate route, because correlation  : 214.74408039865548
07-04 15:12:58.931 28496 28496 I chatty  : uid=10104(net.osmand) identical 1 line
07-04 15:12:58.952 28496 28496 I net.osmand: RoutingHelper Recalculate route, because correlation  : 214.74408039865548
07-04 15:12:58.952 28496 28496 I net.osmand: RoutingHelper Recalculate route, because wrong movement direction: 246.21614
07-04 15:12:59.189 28496 28496 I zygote  : IncrementDisableThreadFlip blocked for 15.147ms
07-04 15:12:59.193 28496 28496 I net.osmand: RoutingHelper Recalculate route, because correlation  : 214.74408039865548
07-04 15:12:59.193 28496 28496 I net.osmand: RoutingHelper Recalculate route, because wrong movement direction: 246.21614
07-04 15:12:59.259 28496 28496 I net.osmand: RoutingHelper Recalculate route, because correlation  : 214.74408039865548
07-04 15:12:59.259 28496 28496 I net.osmand: RoutingHelper Recalculate route, because wrong movement direction: 246.21614
07-04 15:12:59.334 28496 28496 I net.osmand: RoutingHelper Recalculate route, because correlation  : 214.74408039865548
07-04 15:12:59.771 28496 28496 I net.osmand: RoutingHelper Recalculate route, because correlation  : 214.74408039865548
07-04 15:12:59.771 28496 28496 I net.osmand: RoutingHelper Recalculate route, because wrong movement direction: 246.21614
07-04 15:12:59.945 28496 28496 I net.osmand: RoutingHelper Recalculate route, because correlation  : 214.74408039865548
07-04 15:13:00.014  1604  1617 E memtrack: Couldn't load memtrack module
07-04 15:13:00.015  1604  1617 W android.os.Debug: failed to get memory consumption info: -1
07-04 15:13:00.513 28496 28506 I zygote  : Background concurrent copying GC freed 311344(6MB) AllocSpace objects, 0(0B) LOS objects, 13% free, 39MB/45MB, paused 6.543ms total 1.351s
07-04 15:13:00.574  1604  1617 E memtrack: Couldn't load memtrack module
07-04 15:13:00.574  1604  1617 W android.os.Debug: failed to get memory consumption info: -1
07-04 15:13:00.709  1604  1617 E memtrack: Couldn't load memtrack module
07-04 15:13:00.709  1604  1617 W android.os.Debug: failed to get memory consumption info: -1
07-04 15:13:00.785  1604  1617 E memtrack: Couldn't load memtrack module
07-04 15:13:00.785  1604  1617 W android.os.Debug: failed to get memory consumption info: -1
07-04 15:13:00.869 28496 28496 I net.osmand: RoutingHelper Recalculate route, because correlation  : 214.74408039865548
07-04 15:13:00.869 28496 28496 I net.osmand: RoutingHelper Recalculate route, because wrong movement direction: 246.21614
07-04 15:13:01.062 28496 28496 I net.osmand: RoutingHelper Recalculate route, because correlation  : 214.74408039865548
07-04 15:13:01.279 28496 28496 I net.osmand: RoutingHelper Recalculate route, because correlation  : 214.74408039865548
07-04 15:13:01.279 28496 28496 I net.osmand: RoutingHelper Recalculate route, because wrong movement direction: 246.21614
07-04 15:13:01.349 28496 28496 I net.osmand: RoutingHelper Recalculate route, because correlation  : 214.74408039865548
07-04 15:13:01.349 28496 28496 I net.osmand: RoutingHelper Recalculate route, because wrong movement direction: 246.21614
07-04 15:13:01.354 28496 28496 I net.osmand: RoutingHelper Recalculate route, because correlation  : 214.74408039865548
07-04 15:13:01.411 28496 28496 I chatty  : uid=10104(net.osmand) identical 1 line
07-04 15:13:02.184 28496 28496 I net.osmand: RoutingHelper Recalculate route, because correlation  : 214.74408039865548
07-04 15:13:02.184 28496 28496 I net.osmand: RoutingHelper Recalculate route, because wrong movement direction: 246.21614
07-04 15:13:02.319 28496 28506 I zygote  : Background concurrent copying GC freed 527018(11MB) AllocSpace objects, 0(0B) LOS objects, 14% free, 34MB/40MB, paused 5.552ms total 669.257ms
07-04 15:13:02.353 28496 28496 I net.osmand: RoutingHelper Recalculate route, because correlation  : 214.74408039865548
07-04 15:13:02.367 28496 28496 I net.osmand: RoutingHelper Recalculate route, because correlation  : 214.74408039865548
07-04 15:13:02.368 28496 28496 I net.osmand: RoutingHelper Recalculate route, because wrong movement direction: 246.21614
07-04 15:13:02.572 28496 28496 I net.osmand: RoutingHelper Recalculate route, because correlation  : 214.74408039865548
07-04 15:13:02.809 28496 28496 I net.osmand: RoutingHelper Recalculate route, because correlation  : 214.74408039865548
07-04 15:13:02.810 28496 28496 I net.osmand: RoutingHelper Recalculate route, because wrong movement direction: 246.21614
07-04 15:13:03.036 28496 28496 I net.osmand: RoutingHelper Recalculate route, because correlation  : 214.74408039865548
07-04 15:13:03.038 28496 28496 I net.osmand: RoutingHelper Recalculate route, because correlation  : 214.74408039865548
07-04 15:13:03.038 28496 28496 I net.osmand: RoutingHelper Recalculate route, because wrong movement direction: 246.21614
07-04 15:13:03.041 28496 28496 I net.osmand: RoutingHelper Recalculate route, because correlation  : 214.74408039865548
07-04 15:13:03.201 28496 28496 I net.osmand: RoutingHelper Recalculate route, because correlation  : 214.74408039865548
07-04 15:13:03.202 28496 28496 I net.osmand: RoutingHelper Recalculate route, because wrong movement direction: 246.21614
07-04 15:13:03.219 28496 28496 I net.osmand: RoutingHelper Recalculate route, because correlation  : 214.74408039865548
07-04 15:13:03.679 28496 28496 I chatty  : uid=10104(net.osmand) identical 1 line
07-04 15:13:03.761 28496 28496 I net.osmand: RoutingHelper Recalculate route, because correlation  : 214.74408039865548
07-04 15:13:03.761 28496 28496 I net.osmand: RoutingHelper Recalculate route, because wrong movement direction: 246.21614
07-04 15:13:03.813 28496 28506 I zygote  : Background concurrent copying GC freed 305235(6MB) AllocSpace objects, 0(0B) LOS objects, 13% free, 38MB/44MB, paused 1.174ms total 908.356ms
07-04 15:13:04.185 28496 28496 I net.osmand: RoutingHelper Recalculate route, because correlation  : 214.74408039865548
07-04 15:13:04.185 28496 28496 I net.osmand: RoutingHelper Recalculate route, because wrong movement direction: 246.21614
07-04 15:13:04.199 28496 28496 I net.osmand: RoutingHelper Recalculate route, because correlation  : 214.74408039865548
07-04 15:13:04.508 28496 28496 I net.osmand: RoutingHelper Recalculate route, because correlation  : 214.74408039865548
07-04 15:13:04.510 28496 28496 I net.osmand: RoutingHelper Recalculate route, because wrong movement direction: 246.21614
07-04 15:13:04.520 28496 28496 I net.osmand: RoutingHelper Recalculate route, because correlation  : 214.74408039865548
07-04 15:13:04.520 28496 28496 I net.osmand: RoutingHelper Recalculate route, because wrong movement direction: 246.21614
07-04 15:13:04.591 28496 28496 I net.osmand: RoutingHelper Recalculate route, because correlation  : 214.74408039865548
07-04 15:13:04.756 28496 28496 I chatty  : uid=10104(net.osmand) identical 1 line
07-04 15:13:05.166 28496 28496 I net.osmand: RoutingHelper Recalculate route, because correlation  : 214.74408039865548
07-04 15:13:05.166 28496 28496 I net.osmand: RoutingHelper Recalculate route, because wrong movement direction: 246.21614
07-04 15:13:05.312 28496 28496 I net.osmand: RoutingHelper Recalculate route, because correlation  : 214.74408039865548
07-04 15:13:05.312 28496 28496 I net.osmand: RoutingHelper Recalculate route, because wrong movement direction: 246.21614
07-04 15:13:05.464 28496 28496 I net.osmand: RoutingHelper Recalculate route, because correlation  : 214.74408039865548
07-04 15:13:05.470 28496 28496 I net.osmand: RoutingHelper Recalculate route, because correlation  : 214.74408039865548
07-04 15:13:05.531  1604  3545 I WifiService: acquireWifiLock uid=10014 lockMode=2
07-04 15:13:05.880  1604  9404 I WifiService: releaseWifiLock uid=10014
07-04 15:13:06.068 28496 28506 I zygote  : Background concurrent copying GC freed 484410(10MB) AllocSpace objects, 0(0B) LOS objects, 13% free, 39MB/45MB, paused 3.905ms total 1.332s
07-04 15:13:06.195 28496 28496 I net.osmand: RoutingHelper Recalculate route, because correlation  : 214.74408039865548
07-04 15:13:06.201 28496 28496 I net.osmand: RoutingHelper Recalculate route, because correlation  : 214.74408039865548
07-04 15:13:06.201 28496 28496 I net.osmand: RoutingHelper Recalculate route, because wrong movement direction: 246.21614
07-04 15:13:06.206 28496 28496 I net.osmand: RoutingHelper Recalculate route, because correlation  : 214.74408039865548
07-04 15:13:06.207 28496 28496 I net.osmand: RoutingHelper Recalculate route, because correlation  : 214.74408039865548
07-04 15:13:06.207 28496 28496 I net.osmand: RoutingHelper Recalculate route, because wrong movement direction: 246.21614
07-04 15:13:06.210 28496 28496 I net.osmand: RoutingHelper Recalculate route, because correlation  : 214.74408039865548
07-04 15:13:06.321 28496 28496 I net.osmand: RoutingHelper Recalculate route, because correlation  : 214.74408039865548
07-04 15:13:06.321 28496 28496 I net.osmand: RoutingHelper Recalculate route, because wrong movement direction: 246.21614
07-04 15:13:06.748 28496 28496 I net.osmand: RoutingHelper Recalculate route, because correlation  : 214.74408039865548
07-04 15:13:06.748 28496 28496 I net.osmand: RoutingHelper Recalculate route, because wrong movement direction: 246.21614
07-04 15:13:06.897 28496 28496 I net.osmand: RoutingHelper Recalculate route, because correlation  : 214.74408039865548
07-04 15:13:07.180 28496 28496 I net.osmand: RoutingHelper Recalculate route, because correlation  : 214.74408039865548
07-04 15:13:07.181 28496 28496 I net.osmand: RoutingHelper Recalculate route, because wrong movement direction: 246.21614
07-04 15:13:07.390 28496 28496 I net.osmand: RoutingHelper Recalculate route, because correlation  : 214.74408039865548
07-04 15:13:07.911 28496 28496 I net.osmand: RoutingHelper Recalculate route, because correlation  : 214.74408039865548
07-04 15:13:07.911 28496 28496 I net.osmand: RoutingHelper Recalculate route, because wrong movement direction: 246.21614
07-04 15:13:08.092 28496 28496 I net.osmand: RoutingHelper Recalculate route, because correlation  : 214.74408039865548
07-04 15:13:08.142 28496 28496 I net.osmand: RoutingHelper Recalculate route, because correlation  : 214.74408039865548
07-04 15:13:08.142 28496 28496 I net.osmand: RoutingHelper Recalculate route, because wrong movement direction: 246.21614
07-04 15:13:08.153 28496 28496 I net.osmand: RoutingHelper Recalculate route, because correlation  : 214.74408039865548
07-04 15:13:08.384 28496 28496 I net.osmand: RoutingHelper Recalculate route, because correlation  : 214.74408039865548
07-04 15:13:08.384 28496 28496 I net.osmand: RoutingHelper Recalculate route, because wrong movement direction: 246.21614
07-04 15:13:08.502 28496 28506 I zygote  : Background concurrent copying GC freed 524068(11MB) AllocSpace objects, 0(0B) LOS objects, 12% free, 43MB/49MB, paused 4.902ms total 1.612s
07-04 15:13:08.545 28496 28496 I net.osmand: RoutingHelper Recalculate route, because correlation  : 214.74408039865548
07-04 15:13:08.546 28496 28496 I net.osmand: RoutingHelper Recalculate route, because wrong movement direction: 246.21614
07-04 15:13:08.582 28496 28496 I net.osmand: RoutingHelper Recalculate route, because correlation  : 214.74408039865548
07-04 15:13:09.162 28496 28496 I net.osmand: RoutingHelper Recalculate route, because correlation  : 214.74408039865548
07-04 15:13:09.163 28496 28496 I net.osmand: RoutingHelper Recalculate route, because wrong movement direction: 246.21614
07-04 15:13:09.259 28496 28496 I net.osmand: RoutingHelper Recalculate route, because correlation  : 214.74408039865548
07-04 15:13:09.590 28496 28496 I net.osmand: RoutingHelper Recalculate route, because correlation  : 214.74408039865548
07-04 15:13:09.590 28496 28496 I net.osmand: RoutingHelper Recalculate route, because wrong movement direction: 246.21614
07-04 15:13:09.720 28496 28496 I net.osmand: RoutingHelper Recalculate route, because correlation  : 214.74408039865548
07-04 15:13:09.840 28496 28496 I net.osmand: RoutingHelper Recalculate route, because correlation  : 214.74408039865548
07-04 15:13:09.840 28496 28496 I net.osmand: RoutingHelper Recalculate route, because wrong movement direction: 246.21614
07-04 15:13:09.910 28496 28496 I net.osmand: RoutingHelper Recalculate route, because correlation  : 214.74408039865548
07-04 15:13:10.151 28496 28496 I net.osmand: RoutingHelper Recalculate route, because correlation  : 214.74408039865548
07-04 15:13:10.152 28496 28496 I net.osmand: RoutingHelper Recalculate route, because wrong movement direction: 246.21614
07-04 15:13:10.167 28496 28496 I net.osmand: RoutingHelper Recalculate route, because correlation  : 214.74408039865548
07-04 15:13:10.168 28496 28496 I net.osmand: RoutingHelper Recalculate route, because wrong movement direction: 246.21614
07-04 15:13:10.302 28496 28496 I net.osmand: RoutingHelper Recalculate route, because correlation  : 214.74408039865548
07-04 15:13:10.879 28496 28506 I zygote  : Background concurrent copying GC freed 680664(15MB) AllocSpace objects, 0(0B) LOS objects, 12% free, 40MB/46MB, paused 40.219ms total 1.343s
07-04 15:13:11.099 28496 28496 I net.osmand: RoutingHelper Recalculate route, because correlation  : 214.74408039865548
07-04 15:13:11.109 28496 28496 I net.osmand: RoutingHelper Recalculate route, because correlation  : 214.74408039865548
07-04 15:13:11.109 28496 28496 I net.osmand: RoutingHelper Recalculate route, because wrong movement direction: 246.21614
07-04 15:13:11.211 28496 28496 I net.osmand: RoutingHelper Recalculate route, because correlation  : 214.74408039865548
07-04 15:13:11.212 28496 28496 I net.osmand: RoutingHelper Recalculate route, because wrong movement direction: 246.21614
07-04 15:13:11.276 28496 28496 I net.osmand: RoutingHelper Recalculate route, because correlation  : 214.74408039865548
07-04 15:13:11.631 28496 28496 I net.osmand: RoutingHelper Recalculate route, because correlation  : 214.74408039865548
07-04 15:13:11.631 28496 28496 I net.osmand: RoutingHelper Recalculate route, because wrong movement direction: 246.21614
07-04 15:13:11.694 28496 28496 I net.osmand: RoutingHelper Recalculate route, because correlation  : 214.74408039865548
07-04 15:13:11.861 28496 28496 I net.osmand: RoutingHelper Recalculate route, because correlation  : 214.74408039865548
07-04 15:13:11.861 28496 28496 I net.osmand: RoutingHelper Recalculate route, because wrong movement direction: 246.21614
07-04 15:13:11.904 28496 28496 I net.osmand: RoutingHelper Recalculate route, because correlation  : 214.74408039865548
07-04 15:13:12.199 28496 28496 I net.osmand: RoutingHelper Recalculate route, because correlation  : 214.74408039865548
07-04 15:13:12.199 28496 28496 I net.osmand: RoutingHelper Recalculate route, because wrong movement direction: 246.21614
07-04 15:13:12.478 28496 28496 I net.osmand: RoutingHelper Recalculate route, because correlation  : 214.74408039865548
07-04 15:13:13.090 28496 28506 I zygote  : Background concurrent copying GC freed 578994(12MB) AllocSpace objects, 0(0B) LOS objects, 13% free, 39MB/45MB, paused 29.692ms total 1.293s
07-04 15:13:13.137 28496 28496 I net.osmand: RoutingHelper Recalculate route, because correlation  : 214.74408039865548
07-04 15:13:13.137 28496 28496 I net.osmand: RoutingHelper Recalculate route, because wrong movement direction: 246.21614
07-04 15:13:13.141 28496 28496 I net.osmand: RoutingHelper Recalculate route, because correlation  : 214.74408039865548
07-04 15:13:13.276 28496 28496 I net.osmand: RoutingHelper Recalculate route, because correlation  : 214.74408039865548
07-04 15:13:13.276 28496 28496 I net.osmand: RoutingHelper Recalculate route, because wrong movement direction: 246.21614
07-04 15:13:13.295 28496 28496 I net.osmand: RoutingHelper Recalculate route, because correlation  : 214.74408039865548
07-04 15:13:13.668 28496 28496 I net.osmand: RoutingHelper Recalculate route, because correlation  : 214.74408039865548
07-04 15:13:13.668 28496 28496 I net.osmand: RoutingHelper Recalculate route, because wrong movement direction: 246.21614
07-04 15:13:13.698 28496 28496 I net.osmand: RoutingHelper Recalculate route, because correlation  : 214.74408039865548
07-04 15:13:13.708 28496 28496 I net.osmand: RoutingHelper Recalculate route, because correlation  : 214.74408039865548
07-04 15:13:13.708 28496 28496 I net.osmand: RoutingHelper Recalculate route, because wrong movement direction: 246.21614
07-04 15:13:13.759 28496 28496 I net.osmand: RoutingHelper Recalculate route, because correlation  : 214.74408039865548
07-04 15:13:14.162 28496 28496 I net.osmand: RoutingHelper Recalculate route, because correlation  : 214.74408039865548
07-04 15:13:14.179 28496 28496 I net.osmand: RoutingHelper Recalculate route, because wrong movement direction: 246.21614
07-04 15:13:14.303 28496 28496 I net.osmand: RoutingHelper Recalculate route, because correlation  : 214.74408039865548
07-04 15:13:14.879 28496 28506 I zygote  : Background concurrent copying GC freed 525096(11MB) AllocSpace objects, 0(0B) LOS objects, 13% free, 37MB/43MB, paused 6.188ms total 1.038s
07-04 15:13:14.898 28496 28496 I net.osmand: RoutingHelper Recalculate route, because correlation  : 214.74408039865548
07-04 15:13:14.976 28496 28496 I net.osmand: RoutingHelper Recalculate route, because correlation  : 214.74408039865548
07-04 15:13:14.976 28496 28496 I net.osmand: RoutingHelper Recalculate route, because wrong movement direction: 246.21614
07-04 15:13:15.344 28496 28496 I net.osmand: RoutingHelper Recalculate route, because correlation  : 214.74408039865548
07-04 15:13:15.344 28496 28496 I net.osmand: RoutingHelper Recalculate route, because wrong movement direction: 246.21614
07-04 15:13:15.410 28496 28496 I net.osmand: RoutingHelper Recalculate route, because correlation  : 214.74408039865548
07-04 15:13:15.410 28496 28496 I net.osmand: RoutingHelper Recalculate route, because wrong movement direction: 246.21614
07-04 15:13:15.414 28496 28496 I net.osmand: RoutingHelper Recalculate route, because correlation  : 214.74408039865548
07-04 15:13:15.500 28496 28496 I net.osmand: RoutingHelper Recalculate route, because correlation  : 214.74408039865548
07-04 15:13:15.500 28496 28496 I net.osmand: RoutingHelper Recalculate route, because wrong movement direction: 246.21614
07-04 15:13:15.626 28496 28496 I net.osmand: RoutingHelper Recalculate route, because correlation  : 214.74408039865548
07-04 15:13:16.171 28496 28496 I chatty  : uid=10104(net.osmand) identical 1 line
07-04 15:13:16.308 28496 28496 I net.osmand: RoutingHelper Recalculate route, because correlation  : 214.74408039865548
07-04 15:13:16.326 28496 28496 I net.osmand: RoutingHelper Recalculate route, because wrong movement direction: 246.21614
07-04 15:13:16.504 28496 28496 I net.osmand: RoutingHelper Recalculate route, because correlation  : 214.74408039865548
07-04 15:13:16.504 28496 28496 I net.osmand: RoutingHelper Recalculate route, because wrong movement direction: 246.21614
07-04 15:13:16.641 28496 28496 I net.osmand: RoutingHelper Recalculate route, because correlation  : 214.74408039865548
07-04 15:13:16.694 28496 28506 I zygote  : Background concurrent copying GC freed 415057(9MB) AllocSpace objects, 0(0B) LOS objects, 13% free, 39MB/45MB, paused 11.282ms total 1.233s
07-04 15:13:16.986 28496 28496 I net.osmand: RoutingHelper Recalculate route, because correlation  : 214.74408039865548
07-04 15:13:16.986 28496 28496 I net.osmand: RoutingHelper Recalculate route, because wrong movement direction: 246.21614
07-04 15:13:17.072 28496 28496 I net.osmand: RoutingHelper Recalculate route, because correlation  : 214.74408039865548
07-04 15:13:17.093 28496 28496 I net.osmand: RoutingHelper Recalculate route, because correlation  : 214.74408039865548
07-04 15:13:17.093 28496 28496 I net.osmand: RoutingHelper Recalculate route, because wrong movement direction: 246.21614
07-04 15:13:17.154 28496 28496 I net.osmand: RoutingHelper Recalculate route, because correlation  : 214.74408039865548
07-04 15:13:17.315 28496 28496 I net.osmand: RoutingHelper Recalculate route, because correlation  : 214.74408039865548
07-04 15:13:17.315 28496 28496 I net.osmand: RoutingHelper Recalculate route, because wrong movement direction: 246.21614
07-04 15:13:17.403 28496 28496 I net.osmand: RoutingHelper Recalculate route, because correlation  : 214.74408039865548
07-04 15:13:17.992 28496 28496 I net.osmand: RoutingHelper Recalculate route, because correlation  : 214.74408039865548
07-04 15:13:17.992 28496 28496 I net.osmand: RoutingHelper Recalculate route, because wrong movement direction: 246.21614
07-04 15:13:18.119 28496 28496 I net.osmand: RoutingHelper Recalculate route, because correlation  : 214.74408039865548
07-04 15:13:18.341 28496 28496 I net.osmand: RoutingHelper Recalculate route, because correlation  : 214.74408039865548
07-04 15:13:18.341 28496 28496 I net.osmand: RoutingHelper Recalculate route, because wrong movement direction: 246.21614
07-04 15:13:18.402 28496 28496 I net.osmand: RoutingHelper Recalculate route, because correlation  : 214.74408039865548
07-04 15:13:18.514 28496 28506 I zygote  : Background concurrent copying GC freed 529024(11MB) AllocSpace objects, 0(0B) LOS objects, 13% free, 39MB/45MB, paused 982us total 1.049s
07-04 15:13:18.846 28496 28496 I net.osmand: RoutingHelper Recalculate route, because correlation  : 214.74408039865548
07-04 15:13:18.846 28496 28496 I net.osmand: RoutingHelper Recalculate route, because wrong movement direction: 246.21614
07-04 15:13:18.905 28496 28496 I net.osmand: RoutingHelper Recalculate route, because correlation  : 214.74408039865548
07-04 15:13:18.905 28496 28496 I net.osmand: RoutingHelper Recalculate route, because wrong movement direction: 246.21614
07-04 15:13:18.910 28496 28496 I net.osmand: RoutingHelper Recalculate route, because correlation  : 214.74408039865548
07-04 15:13:18.918 28496 28496 I net.osmand: RoutingHelper Recalculate route, because correlation  : 214.74408039865548
07-04 15:13:19.190 28496  4961 I net.osmand:native: Run GC (before 57.703461 Mb after 44.752085 Mb) unload 210 of 882 tiles
07-04 15:13:19.216 28496 28496 I net.osmand: RoutingHelper Recalculate route, because correlation  : 214.74408039865548
07-04 15:13:19.340 28496 28496 I net.osmand: RoutingHelper Recalculate route, because correlation  : 214.74408039865548
07-04 15:13:19.340 28496 28496 I net.osmand: RoutingHelper Recalculate route, because wrong movement direction: 246.21614
07-04 15:13:19.624 28496 28496 I net.osmand: RoutingHelper Recalculate route, because correlation  : 214.74408039865548
07-04 15:13:19.624 28496 28496 I net.osmand: RoutingHelper Recalculate route, because wrong movement direction: 246.21614
07-04 15:13:19.738 28496 28496 I net.osmand: RoutingHelper Recalculate route, because correlation  : 214.74408039865548
07-04 15:13:20.251 28496 28496 I net.osmand: RoutingHelper Recalculate route, because correlation  : 214.74408039865548
07-04 15:13:20.251 28496 28496 I net.osmand: RoutingHelper Recalculate route, because wrong movement direction: 246.21614
07-04 15:13:20.256 28496 28496 I net.osmand: RoutingHelper Recalculate route, because correlation  : 214.74408039865548
07-04 15:13:20.620 28496 28496 I chatty  : uid=10104(net.osmand) identical 1 line
07-04 15:13:20.685 28496 28496 I net.osmand: RoutingHelper Recalculate route, because correlation  : 214.74408039865548
07-04 15:13:20.686 28496 28496 I net.osmand: RoutingHelper Recalculate route, because wrong movement direction: 246.21614
07-04 15:13:20.783 28496 28496 I net.osmand: RoutingHelper Recalculate route, because correlation  : 214.74408039865548
07-04 15:13:20.784 28496 28496 I net.osmand: RoutingHelper Recalculate route, because wrong movement direction: 246.21614
07-04 15:13:20.857 28496 28496 I net.osmand: RoutingHelper Recalculate route, because correlation  : 214.74408039865548
07-04 15:13:21.054 28496 28506 I zygote  : Background concurrent copying GC freed 527279(11MB) AllocSpace objects, 0(0B) LOS objects, 13% free, 39MB/45MB, paused 4.995ms total 1.406s
07-04 15:13:21.196 28496 28496 I net.osmand: RoutingHelper Recalculate route, because correlation  : 214.74408039865548
07-04 15:13:21.243 28496 28496 I net.osmand: RoutingHelper Recalculate route, because correlation  : 214.74408039865548
07-04 15:13:21.243 28496 28496 I net.osmand: RoutingHelper Recalculate route, because wrong movement direction: 246.21614
07-04 15:13:21.316 28496 28496 I net.osmand: RoutingHelper Recalculate route, because correlation  : 214.74408039865548
07-04 15:13:21.389 28496 28496 I net.osmand: RoutingHelper Recalculate route, because correlation  : 214.74408039865548
07-04 15:13:21.389 28496 28496 I net.osmand: RoutingHelper Recalculate route, because wrong movement direction: 246.21614
07-04 15:13:22.201 28496 28496 I net.osmand: RoutingHelper Recalculate route, because correlation  : 214.74408039865548
07-04 15:13:22.201 28496 28496 I net.osmand: RoutingHelper Recalculate route, because wrong movement direction: 246.21614
07-04 15:13:22.310 28496 28496 I net.osmand: RoutingHelper Recalculate route, because correlation  : 214.74408039865548
07-04 15:13:22.310 28496 28496 I net.osmand: RoutingHelper Recalculate route, because wrong movement direction: 246.21614
07-04 15:13:22.499 28496 28496 I net.osmand: RoutingHelper Recalculate route, because correlation  : 214.74408039865548
07-04 15:13:22.499 28496 28496 I net.osmand: RoutingHelper Recalculate route, because wrong movement direction: 246.21614
07-04 15:13:22.505 28496 28496 I net.osmand: RoutingHelper Recalculate route, because correlation  : 214.74408039865548
07-04 15:13:22.703 28496 28496 I chatty  : uid=10104(net.osmand) identical 3 lines
07-04 15:13:22.793 28496 28496 I net.osmand: RoutingHelper Recalculate route, because correlation  : 214.74408039865548
07-04 15:13:22.793 28496 28496 I net.osmand: RoutingHelper Recalculate route, because wrong movement direction: 246.21614
07-04 15:13:23.191 28496 28496 I net.osmand: RoutingHelper Recalculate route, because correlation  : 214.74408039865548
07-04 15:13:23.191 28496 28496 I net.osmand: RoutingHelper Recalculate route, because wrong movement direction: 246.21614
07-04 15:13:23.291 28496 28496 I net.osmand: RoutingHelper Recalculate route, because correlation  : 214.74408039865548
07-04 15:13:23.629 28496 28506 I zygote  : Background concurrent copying GC freed 498139(10MB) AllocSpace objects, 0(0B) LOS objects, 12% free, 42MB/48MB, paused 1.673ms total 1.390s
07-04 15:13:23.864 28496 28496 I net.osmand: RoutingHelper Recalculate route, because correlation  : 214.74408039865548
07-04 15:13:23.864 28496 28496 I net.osmand: RoutingHelper Recalculate route, because wrong movement direction: 246.21614
07-04 15:13:23.890 28496 28496 I net.osmand: RoutingHelper Recalculate route, because correlation  : 214.74408039865548
07-04 15:13:24.240 28496 28496 I net.osmand: RoutingHelper Recalculate route, because correlation  : 214.74408039865548
07-04 15:13:24.240 28496 28496 I net.osmand: RoutingHelper Recalculate route, because wrong movement direction: 246.21614
07-04 15:13:24.247 28496 28496 I net.osmand: RoutingHelper Recalculate route, because correlation  : 214.74408039865548
07-04 15:13:24.265 28496 28496 I net.osmand: RoutingHelper Recalculate route, because correlation  : 214.74408039865548
07-04 15:13:24.265 28496 28496 I net.osmand: RoutingHelper Recalculate route, because wrong movement direction: 246.21614
07-04 15:13:24.274 28496 28496 I net.osmand: RoutingHelper Recalculate route, because correlation  : 214.74408039865548
07-04 15:13:24.274 28496 28496 I net.osmand: RoutingHelper Recalculate route, because wrong movement direction: 246.21614
07-04 15:13:24.282 28496 28496 I net.osmand: RoutingHelper Recalculate route, because correlation  : 214.74408039865548
07-04 15:13:25.120 28496 28496 I net.osmand: RoutingHelper Recalculate route, because correlation  : 214.74408039865548
07-04 15:13:25.120 28496 28496 I net.osmand: RoutingHelper Recalculate route, because wrong movement direction: 246.21614
07-04 15:13:25.122 28496 28496 I net.osmand: RoutingHelper Recalculate route, because correlation  : 214.74408039865548
07-04 15:13:25.286 28496 28496 I net.osmand: RoutingHelper Recalculate route, because correlation  : 214.74408039865548
07-04 15:13:25.286 28496 28496 I net.osmand: RoutingHelper Recalculate route, because wrong movement direction: 246.21614
07-04 15:13:25.356 28496 28496 I net.osmand: RoutingHelper Recalculate route, because correlation  : 214.74408039865548
07-04 15:13:25.578  1604  3545 I WifiService: acquireWifiLock uid=10014 lockMode=2
07-04 15:13:25.961 28496 28496 I net.osmand: RoutingHelper Recalculate route, because correlation  : 214.74408039865548
07-04 15:13:25.962 28496 28496 I net.osmand: RoutingHelper Recalculate route, because wrong movement direction: 246.21614
07-04 15:13:25.964 28496 28496 I net.osmand: RoutingHelper Recalculate route, because correlation  : 214.74408039865548
07-04 15:13:25.965 28496 28496 I net.osmand: RoutingHelper Recalculate route, because wrong movement direction: 246.21614
07-04 15:13:25.969 28496 28496 I net.osmand: RoutingHelper Recalculate route, because correlation  : 214.74408039865548
07-04 15:13:26.159 28496 28496 I chatty  : uid=10104(net.osmand) identical 1 line
07-04 15:13:26.261 28496 28496 I net.osmand: RoutingHelper Recalculate route, because correlation  : 214.74408039865548
07-04 15:13:26.262 28496 28496 I net.osmand: RoutingHelper Recalculate route, because wrong movement direction: 246.21614
07-04 15:13:26.351 28496 28496 I net.osmand: RoutingHelper Recalculate route, because correlation  : 214.74408039865548
07-04 15:13:26.733 28496 28496 I net.osmand: RoutingHelper Recalculate route, because correlation  : 214.74408039865548
07-04 15:13:26.734 28496 28496 I net.osmand: RoutingHelper Recalculate route, because wrong movement direction: 246.21614
07-04 15:13:26.798 28496 28496 I net.osmand: RoutingHelper Recalculate route, because correlation  : 214.74408039865548
07-04 15:13:26.804 28496 28506 I zygote  : Background concurrent copying GC freed 657834(14MB) AllocSpace objects, 0(0B) LOS objects, 12% free, 42MB/48MB, paused 3.869ms total 1.632s
07-04 15:13:27.186 28496 28496 I net.osmand: RoutingHelper Recalculate route, because correlation  : 214.74408039865548
07-04 15:13:27.230 28496 28496 I net.osmand: RoutingHelper Recalculate route, because correlation  : 214.74408039865548
07-04 15:13:27.231 28496 28496 I net.osmand: RoutingHelper Recalculate route, because wrong movement direction: 246.21614
07-04 15:13:27.626 28496 28496 I net.osmand: RoutingHelper Recalculate route, because correlation  : 214.74408039865548
07-04 15:13:27.626 28496 28496 I net.osmand: RoutingHelper Recalculate route, because wrong movement direction: 246.21614
07-04 15:13:27.784 28496 28496 I net.osmand: RoutingHelper Recalculate route, because correlation  : 214.74408039865548
07-04 15:13:27.784 28496 28496 I net.osmand: RoutingHelper Recalculate route, because wrong movement direction: 246.21614
07-04 15:13:27.913 28496 28496 I net.osmand: RoutingHelper Recalculate route, because correlation  : 214.74408039865548
07-04 15:13:28.040 28496 28496 I chatty  : uid=10104(net.osmand) identical 1 line
07-04 15:13:28.149 28496 28496 I net.osmand: RoutingHelper Recalculate route, because correlation  : 214.74408039865548
07-04 15:13:28.149 28496 28496 I net.osmand: RoutingHelper Recalculate route, because wrong movement direction: 246.21614
07-04 15:13:28.302 28496 28496 I net.osmand: RoutingHelper Recalculate route, because correlation  : 214.74408039865548
07-04 15:13:28.303 28496 28496 I net.osmand: RoutingHelper Recalculate route, because wrong movement direction: 246.21614
07-04 15:13:28.428 28496 28496 I net.osmand: RoutingHelper Recalculate route, because correlation  : 214.74408039865548
07-04 15:13:28.621  1604  9404 D WificondControl: Scan result ready event
07-04 15:13:28.636 28496 28496 I net.osmand: RoutingHelper Recalculate route, because correlation  : 214.74408039865548
07-04 15:13:28.932  1604  1615 I WifiService: releaseWifiLock uid=10014
07-04 15:13:29.199 28496 28496 I net.osmand: RoutingHelper Recalculate route, because correlation  : 214.74408039865548
07-04 15:13:29.199 28496 28496 I net.osmand: RoutingHelper Recalculate route, because wrong movement direction: 246.21614
07-04 15:13:29.439 28496 28506 I zygote  : Background concurrent copying GC freed 658999(14MB) AllocSpace objects, 0(0B) LOS objects, 12% free, 41MB/47MB, paused 14.217ms total 1.556s
07-04 15:13:29.448 28496 28496 I net.osmand: RoutingHelper Recalculate route, because correlation  : 214.74408039865548
07-04 15:13:29.448 28496 28496 I net.osmand: RoutingHelper Recalculate route, because wrong movement direction: 246.21614
07-04 15:13:29.600 28496 28496 I net.osmand: RoutingHelper Recalculate route, because correlation  : 214.74408039865548
07-04 15:13:29.612 28496 28496 I net.osmand: RoutingHelper Recalculate route, because correlation  : 214.74408039865548
07-04 15:13:29.612 28496 28496 I net.osmand: RoutingHelper Recalculate route, because wrong movement direction: 246.21614
07-04 15:13:29.620 28496 28496 I net.osmand: RoutingHelper Recalculate route, because correlation  : 214.74408039865548
07-04 15:13:29.840 28496 28496 I net.osmand: RoutingHelper Recalculate route, because correlation  : 214.74408039865548
07-04 15:13:29.840 28496 28496 I net.osmand: RoutingHelper Recalculate route, because wrong movement direction: 246.21614
07-04 15:13:29.884 28496 28496 I net.osmand: RoutingHelper Recalculate route, because correlation  : 214.74408039865548
07-04 15:13:30.057  1410  1410 I boot-pipe: done populating /dev/random
07-04 15:13:30.243 28496 28496 I net.osmand: RoutingHelper Recalculate route, because correlation  : 214.74408039865548
07-04 15:13:30.243 28496 28496 I net.osmand: RoutingHelper Recalculate route, because wrong movement direction: 246.21614
07-04 15:13:30.331 28496 28496 I net.osmand: RoutingHelper Recalculate route, because correlation  : 214.74408039865548
07-04 15:13:31.037 28496 28506 I zygote  : Background concurrent copying GC freed 600197(13MB) AllocSpace objects, 0(0B) LOS objects, 14% free, 36MB/42MB, paused 12.918ms total 936.430ms
07-04 15:13:31.330 28496 28496 I net.osmand: RoutingHelper Recalculate route, because correlation  : 214.74408039865548
07-04 15:13:31.330 28496 28496 I net.osmand: RoutingHelper Recalculate route, because wrong movement direction: 246.21614
07-04 15:13:31.534 28496 28496 I net.osmand: RoutingHelper Recalculate route, because correlation  : 214.74408039865548
07-04 15:13:31.540 28496 28496 I chatty  : uid=10104(net.osmand) identical 1 line
07-04 15:13:31.547 28496 28496 I net.osmand: RoutingHelper Recalculate route, because correlation  : 214.74408039865548
07-04 15:13:31.547 28496 28496 I net.osmand: RoutingHelper Recalculate route, because wrong movement direction: 246.21614
07-04 15:13:31.550 28496 28496 I net.osmand: RoutingHelper Recalculate route, because correlation  : 214.74408039865548
07-04 15:13:31.652 28496 28496 I net.osmand: RoutingHelper Recalculate route, because correlation  : 214.74408039865548
07-04 15:13:31.652 28496 28496 I net.osmand: RoutingHelper Recalculate route, because wrong movement direction: 246.21614
07-04 15:13:31.829 28496 28496 I net.osmand: RoutingHelper Recalculate route, because correlation  : 214.74408039865548
07-04 15:13:31.845 28496 28496 I net.osmand: RoutingHelper Recalculate route, because correlation  : 214.74408039865548
07-04 15:13:31.845 28496 28496 I net.osmand: RoutingHelper Recalculate route, because wrong movement direction: 246.21614
07-04 15:13:32.213 28496 28496 I net.osmand: RoutingHelper Recalculate route, because correlation  : 214.74408039865548
07-04 15:13:32.223 28496 28496 I net.osmand: RoutingHelper Recalculate route, because correlation  : 214.74408039865548
07-04 15:13:32.224 28496 28496 I net.osmand: RoutingHelper Recalculate route, because wrong movement direction: 246.21614
07-04 15:13:32.908 28496 28506 I zygote  : Background concurrent copying GC freed 369110(8MB) AllocSpace objects, 0(0B) LOS objects, 13% free, 37MB/43MB, paused 2.980ms total 970.839ms
07-04 15:13:33.100 28496 28496 I net.osmand: RoutingHelper Recalculate route, because correlation  : 214.74408039865548
07-04 15:13:33.209 28496 28496 I net.osmand: RoutingHelper Recalculate route, because correlation  : 214.74408039865548
07-04 15:13:33.209 28496 28496 I net.osmand: RoutingHelper Recalculate route, because wrong movement direction: 246.21614
07-04 15:13:33.382 28496 28496 I net.osmand: RoutingHelper Recalculate route, because correlation  : 214.74408039865548
07-04 15:13:33.382 28496 28496 I net.osmand: RoutingHelper Recalculate route, because wrong movement direction: 246.21614
07-04 15:13:33.493 28496 28496 I net.osmand: RoutingHelper Recalculate route, because correlation  : 214.74408039865548
07-04 15:13:33.493 28496 28496 I net.osmand: RoutingHelper Recalculate route, because wrong movement direction: 246.21614
07-04 15:13:33.503 28496 28496 I net.osmand: RoutingHelper Recalculate route, because correlation  : 214.74408039865548
07-04 15:13:34.172 28496 28506 I zygote  : Background concurrent copying GC freed 417077(9MB) AllocSpace objects, 0(0B) LOS objects, 15% free, 33MB/39MB, paused 1.607ms total 412.008ms
07-04 15:13:34.178 28496 28496 I net.osmand: RoutingHelper Recalculate route, because correlation  : 214.74408039865548
07-04 15:13:34.333 28496 28496 I net.osmand: RoutingHelper Recalculate route, because correlation  : 214.74408039865548
07-04 15:13:34.333 28496 28496 I net.osmand: RoutingHelper Recalculate route, because wrong movement direction: 246.21614
07-04 15:13:35.080 28496 28496 I net.osmand: RoutingHelper Recalculate route, because correlation  : 214.74408039865548
07-04 15:13:35.080 28496 28496 I net.osmand: RoutingHelper Recalculate route, because wrong movement direction: 246.21614
07-04 15:13:35.195 28496 28496 I net.osmand: RoutingHelper Recalculate route, because correlation  : 214.74408039865548
07-04 15:13:35.195 28496 28496 I net.osmand: RoutingHelper Recalculate route, because wrong movement direction: 246.21614
07-04 15:13:35.369 28496 28496 I net.osmand: RoutingHelper Recalculate route, because correlation  : 214.74408039865548
07-04 15:13:35.369 28496 28496 I net.osmand: RoutingHelper Recalculate route, because wrong movement direction: 246.21614
07-04 15:13:35.412 28496 28496 I net.osmand: RoutingHelper Recalculate route, because correlation  : 214.74408039865548
07-04 15:13:35.420 28496 28496 I net.osmand: RoutingHelper Recalculate route, because correlation  : 214.74408039865548
07-04 15:13:35.420 28496 28496 I net.osmand: RoutingHelper Recalculate route, because wrong movement direction: 246.21614
07-04 15:13:35.430 28496 28496 I net.osmand: RoutingHelper Recalculate route, because correlation  : 214.74408039865548
07-04 15:13:36.048 28496 28506 I zygote  : Background concurrent copying GC freed 299578(6MB) AllocSpace objects, 0(0B) LOS objects, 14% free, 36MB/42MB, paused 3.983ms total 718.985ms
07-04 15:13:36.206 28496 28496 I net.osmand: RoutingHelper Recalculate route, because correlation  : 214.74408039865548
07-04 15:13:36.206 28496 28496 I net.osmand: RoutingHelper Recalculate route, because wrong movement direction: 246.21614
