06-29 11:09:50.978  2118  2184 D EGL_emulation: eglMakeCurrent: 0x8b867100: ver 2 0 (tinfo 0x8b8707f0)
06-29 11:09:50.985  1390  2659 W audio_hw_generic: Not supplying enough data to HAL, expected position 68259689 , only wrote 68259600
06-29 11:09:51.006  1473  1561 D AudioFlinger: mixer(0xa6c83380) throttle end: throttle time(11)
06-29 11:09:51.050  1398  1434 D gralloc_ranchu: gralloc_alloc: Creating ashmem region of size 8298496
06-29 11:09:51.105  1390  2659 W audio_hw_generic: Not supplying enough data to HAL, expected position 68265334 , only wrote 68263920
06-29 11:09:51.105  1390  2659 W audio_hw_generic: Not supplying enough data to HAL, expected position 68263930 , only wrote 68263920
06-29 11:09:51.121  1390  2659 W audio_hw_generic: Not supplying enough data to HAL, expected position 68264704 , only wrote 68264640
06-29 11:09:51.264  1473  1561 D AudioFlinger: mixer(0xa6c83380) throttle end: throttle time(5)
06-29 11:09:51.305  1600  1613 E memtrack: Couldn't load memtrack module
06-29 11:09:51.305  1600  1613 W android.os.Debug: failed to get memory consumption info: -1
06-29 11:09:51.075  1964 15607 W ctxmgr  : [WorkManager] Long workInfo: pkg=com.google.android.gms, lbl=SingletonLocationProducer_onLocationChanged, start=2019-06-29 15:09:47.234+0000, stop=2019-06-29 15:09:49.831+0000, durtn=2597ms [CONTEXT service_id=47 ]
06-29 11:09:51.332  1390  2659 W audio_hw_generic: Not supplying enough data to HAL, expected position 68274737 , only wrote 68274720
06-29 11:09:51.351  1390  2659 W audio_hw_generic: Not supplying enough data to HAL, expected position 68275675 , only wrote 68274720
06-29 11:09:51.412  2118  2184 W OpenGLRenderer: Incorrectly called buildLayer on View: ShortcutAndWidgetContainer, destroying layer...
06-29 11:09:51.413  2118  2184 W OpenGLRenderer: Incorrectly called buildLayer on View: ShortcutAndWidgetContainer, destroying layer...
06-29 11:09:51.436  1398  1434 D gralloc_ranchu: gralloc_alloc: Creating ashmem region of size 8298496
06-29 11:09:51.502  1390  2659 W audio_hw_generic: Not supplying enough data to HAL, expected position 68281953 , only wrote 68281920
06-29 11:09:51.511  2629  2629 I Choreographer: Skipped 113 frames!  The application may be doing too much work on its main thread.
06-29 11:09:51.572  1398  1434 D gralloc_ranchu: gralloc_alloc: Creating ashmem region of size 8298496
06-29 11:09:51.645  1390  2659 W audio_hw_generic: Not supplying enough data to HAL, expected position 68288777 , only wrote 68287680
06-29 11:09:51.646  1390  2659 W audio_hw_generic: Not supplying enough data to HAL, expected position 68287728 , only wrote 68287680
06-29 11:09:51.678  1390  2659 W audio_hw_generic: Not supplying enough data to HAL, expected position 68289213 , only wrote 68289120
06-29 11:09:51.694  1600  1621 W WindowManager: Window freeze timeout expired.
06-29 11:09:51.694  1390  2659 W audio_hw_generic: Hardware backing HAL too slow, could only write 0 of 720 frames
06-29 11:09:51.694  1600  1621 W WindowManager: Force clearing orientation change: Window{e8f0a32 u0 NavigationBar}
06-29 11:09:51.694  1600  1621 W WindowManager: Force clearing orientation change: Window{a7ee748 u0 StatusBar}
06-29 11:09:51.695  1600  1621 W WindowManager: Force clearing orientation change: Window{b049d5c u0 com.google.android.apps.nexuslauncher/com.google.android.apps.nexuslauncher.NexusLauncherActivity}
06-29 11:09:51.695  1600  1621 W WindowManager: Force clearing orientation change: Window{3cbaf4c u0 com.ea.games.r3_row/com.firemint.realracing.MainActivity}
06-29 11:09:51.695  1600  1621 W WindowManager: Force clearing orientation change: Window{603878f u0 com.android.systemui.ImageWallpaper}
06-29 11:09:51.726  1390  2659 I chatty  : uid=1041(audioserver) writer identical 2 lines
06-29 11:09:51.767  1390  2659 W audio_hw_generic: Hardware backing HAL too slow, could only write 0 of 720 frames
06-29 11:09:51.784  1390  2659 W audio_hw_generic: Not supplying enough data to HAL, expected position 68294214 , only wrote 68294160
06-29 11:09:51.786  1600  1621 W WindowManager: App freeze timeout expired.
06-29 11:09:51.788  2629  2884 D EGL_emulation: eglMakeCurrent: 0xa61b6ce0: ver 2 0 (tinfo 0xa619b690)
06-29 11:09:51.832  1398  1434 D gralloc_ranchu: gralloc_alloc: Creating ashmem region of size 8298496
06-29 11:09:51.878  1390  2659 W audio_hw_generic: Not supplying enough data to HAL, expected position 68298669 , only wrote 68298480
06-29 11:09:51.938  1390  2659 W audio_hw_generic: Hardware backing HAL too slow, could only write 0 of 720 frames
06-29 11:09:51.948  1473  1561 D AudioFlinger: mixer(0xa6c83380) throttle end: throttle time(12)
06-29 11:09:51.955  1390  2659 W audio_hw_generic: Hardware backing HAL too slow, could only write 0 of 720 frames
06-29 11:09:52.040  1600  1647 W LocalDisplayAdapter: Unable to find color mode 0, ignoring request.
06-29 11:09:52.044  1390  2659 I chatty  : uid=1041(audioserver) writer identical 5 lines
06-29 11:09:52.066  1390  2659 W audio_hw_generic: Hardware backing HAL too slow, could only write 0 of 720 frames
06-29 11:09:52.093  1390  2659 W audio_hw_generic: Not supplying enough data to HAL, expected position 68308799 , only wrote 68308560
06-29 11:09:52.094  1390  2659 W audio_hw_generic: Not supplying enough data to HAL, expected position 68308609 , only wrote 68308560
06-29 11:09:52.109  1390  2659 W audio_hw_generic: Not supplying enough data to HAL, expected position 68309281 , only wrote 68309280
06-29 11:09:52.188  1600  1662 I InputReader: Reconfiguring input devices.  changes=0x00000004
06-29 11:09:52.243  1600  1647 W LocalDisplayAdapter: Unable to find color mode 0, ignoring request.
06-29 11:09:52.285  1600  1615 W Looper  : Dispatch took 136ms on android.ui, h=Handler (com.android.server.am.ActivityManagerService$UiHandler) {bce2944} cb=null msg=53
06-29 11:09:52.287  1600  1662 I InputReader: Reconfiguring input devices.  changes=0x00000004
06-29 11:09:52.324  1390  2659 W audio_hw_generic: Not supplying enough data to HAL, expected position 68319599 , only wrote 68318640
06-29 11:09:52.325  1390  2659 W audio_hw_generic: Not supplying enough data to HAL, expected position 68318689 , only wrote 68318640
06-29 11:09:52.344  1390  2659 W audio_hw_generic: Not supplying enough data to HAL, expected position 68319563 , only wrote 68319360
06-29 11:09:52.405  1390  2659 W audio_hw_generic: Not supplying enough data to HAL, expected position 68322287 , only wrote 68322240
06-29 11:09:52.408  1390  2659 W audio_hw_generic: Not supplying enough data to HAL, expected position 68322372 , only wrote 68322240
06-29 11:09:52.424  1390  2659 W audio_hw_generic: Not supplying enough data to HAL, expected position 68323005 , only wrote 68322960
06-29 11:09:52.432  1473  1561 D AudioFlinger: mixer(0xa6c83380) throttle end: throttle time(12)
06-29 11:09:52.536  1398  1434 D gralloc_ranchu: gralloc_alloc: Creating ashmem region of size 544768
06-29 11:09:52.591  1704  1929 D EGL_emulation: eglMakeCurrent: 0x9e4046c0: ver 2 0 (tinfo 0x9e403690)
06-29 11:09:52.662  1696  1696 I KeyboardViewUtil: systemKeyboardHeightRatio:1.000000; userKeyboardHeightRatio:1.000000.
06-29 11:09:52.755  1390  2659 W audio_hw_generic: Hardware backing HAL too slow, could only write 0 of 720 frames
06-29 11:09:52.778  1390  2659 W audio_hw_generic: Not supplying enough data to HAL, expected position 68339854 , only wrote 68339520
06-29 11:09:52.778  1390  2659 W audio_hw_generic: Not supplying enough data to HAL, expected position 68339633 , only wrote 68339520
06-29 11:09:52.786 16054 16100 E Surface : getSlotFromBufferLocked: unknown buffer: 0x35356a2d
06-29 11:09:52.788  1408  1664 E BufferQueueProducer: [SurfaceView - com.EvilChaotic.ModernWarplanes/com.unity3d.player.UnityPlayerActivity#0] dequeueBuffer: BufferQueue has been abandoned
06-29 11:09:52.788 16054 16100 E EGL_emulation: tid 16100: swapBuffers(550): error 0x300d (EGL_BAD_SURFACE)
06-29 11:09:52.798  1390  2659 W audio_hw_generic: Not supplying enough data to HAL, expected position 68340459 , only wrote 68340240
06-29 11:09:52.805  1398  1434 D gralloc_ranchu: gralloc_alloc: Creating ashmem region of size 544768
06-29 11:09:52.912  1390  2659 W audio_hw_generic: Not supplying enough data to HAL, expected position 68345712 , only wrote 68345280
06-29 11:09:52.913  1390  2659 W audio_hw_generic: Not supplying enough data to HAL, expected position 68345319 , only wrote 68345280
06-29 11:09:52.929  1390  2659 W audio_hw_generic: Not supplying enough data to HAL, expected position 68346067 , only wrote 68346000
06-29 11:09:53.145  1390  2659 W audio_hw_generic: Not supplying enough data to HAL, expected position 68356360 , only wrote 68356080
06-29 11:09:53.146  1390  2659 W audio_hw_generic: Not supplying enough data to HAL, expected position 68356101 , only wrote 68356080
06-29 11:09:53.147  1696  1696 I DeviceStatusMonitor: onReceive() : Action = android.intent.action.CONFIGURATION_CHANGED
06-29 11:09:53.147  1696  1696 I ConfigNotification: Get device mode by ui mode:1 and smallestScreenWidthDp:411
06-29 11:09:53.148  1696  1696 I chatty  : uid=10060(com.google.android.inputmethod.latin) identical 2 lines
06-29 11:09:53.149  1696  1696 I ConfigNotification: Get device mode by ui mode:1 and smallestScreenWidthDp:411
06-29 11:09:53.172  1473  1561 D AudioFlinger: mixer(0xa6c83380) throttle end: throttle time(12)
06-29 11:09:53.177  1390  2659 W audio_hw_generic: Not supplying enough data to HAL, expected position 68357608 , only wrote 68356800
06-29 11:09:53.323  2118  2126 I zygote  : NativeAlloc concurrent copying GC freed 4226(246KB) AllocSpace objects, 2(104KB) LOS objects, 49% free, 4MB/9MB, paused 3.541ms total 2.284s
06-29 11:09:53.341  1390  2659 W audio_hw_generic: Not supplying enough data to HAL, expected position 68364650 , only wrote 68364000
06-29 11:09:53.389  1390  2659 W audio_hw_generic: Not supplying enough data to HAL, expected position 68366305 , only wrote 68365440
06-29 11:09:53.393 16054 16074 D EGL_emulation: eglMakeCurrent: 0x84d50600: ver 2 0 (tinfo 0x861e4e60)
06-29 11:09:53.423  1390  2659 W audio_hw_generic: Not supplying enough data to HAL, expected position 68367093 , only wrote 68366880
06-29 11:09:53.424  1473  1561 D AudioFlinger: mixer(0xa6c83380) throttle end: throttle time(11)
06-29 11:09:53.461  1390  2659 W audio_hw_generic: Hardware backing HAL too slow, could only write 0 of 720 frames
06-29 11:09:53.475  1390  2659 I chatty  : uid=1041(audioserver) writer identical 1 line
06-29 11:09:53.489  1390  2659 W audio_hw_generic: Hardware backing HAL too slow, could only write 0 of 720 frames
06-29 11:09:53.588 16054 16101 D AudioTrack: stop() called with 1199104 frames delivered
06-29 11:09:53.611  1600  1847 V MediaRouterService: restoreBluetoothA2dp(false)
06-29 11:09:53.682  1390  2659 W audio_hw_generic: Not supplying enough data to HAL, expected position 68379300 , only wrote 68379120
06-29 11:09:53.899  1964 15607 W ctxmgr  : [WorkManager] Long workInfo: pkg=com.google.android.gms, lbl=SingletonLocationProducer_onLocationChanged, start=2019-06-29 15:09:52.243+0000, stop=2019-06-29 15:09:53.383+0000, durtn=1140ms [CONTEXT service_id=47 ]
06-29 11:09:54.010  1600  1621 W WindowManager: Window freeze timeout expired.
06-29 11:09:54.010  1600  1621 W WindowManager: Force clearing orientation change: Window{b049d5c u0 com.google.android.apps.nexuslauncher/com.google.android.apps.nexuslauncher.NexusLauncherActivity}
06-29 11:09:54.011  1600  1621 W WindowManager: Force clearing orientation change: Window{603878f u0 com.android.systemui.ImageWallpaper}
06-29 11:09:54.097  1600  1647 I WindowManager: Screen frozen for +5s582ms due to Window{b049d5c u0 com.google.android.apps.nexuslauncher/com.google.android.apps.nexuslauncher.NexusLauncherActivity}
06-29 11:09:54.126  1390  2659 W audio_hw_generic: Not supplying enough data to HAL, expected position 68400441 , only wrote 68400000
06-29 11:09:54.127  1390  2659 W audio_hw_generic: Not supplying enough data to HAL, expected position 68400009 , only wrote 68400000
06-29 11:09:54.142  1390  2659 W audio_hw_generic: Not supplying enough data to HAL, expected position 68400752 , only wrote 68400720
06-29 11:09:54.177  1473  1561 D AudioFlinger: mixer(0xa6c83380) throttle end: throttle time(18)
06-29 11:09:54.244  1473  1561 D AudioFlinger: mixer(0xa6c83380) throttle end: throttle time(12)
06-29 11:09:54.266  1390  2659 W audio_hw_generic: Not supplying enough data to HAL, expected position 68406669 , only wrote 68406480
06-29 11:09:54.268  1390  2659 W audio_hw_generic: Not supplying enough data to HAL, expected position 68406567 , only wrote 68406480
06-29 11:09:54.327  1390  2659 W audio_hw_generic: Not supplying enough data to HAL, expected position 68409291 , only wrote 68408640
06-29 11:09:54.359  1473  1561 D AudioFlinger: mixer(0xa6c83380) throttle end: throttle time(3)
06-29 11:09:54.476  2629  2629 I Choreographer: Skipped 86 frames!  The application may be doing too much work on its main thread.
06-29 11:09:54.487  2629  2890 W ThreadPoolDumper: Queue length for executor EventBus is now 11. Perhaps some tasks are too long, or the pool is too small.
06-29 11:09:54.491  1408  1408 D SurfaceFlinger: duplicate layer name: changing BlackSurface to BlackSurface#1
06-29 11:09:54.512  1408  1408 D SurfaceFlinger: duplicate layer name: changing BlackSurface to BlackSurface#1
06-29 11:09:54.595  1390  2659 W audio_hw_generic: Hardware backing HAL too slow, could only write 0 of 720 frames
06-29 11:09:54.600 16277 16277 D AndroidRuntime: Shutting down VM
06-29 11:09:54.604  1600  1647 I Choreographer: Skipped 32 frames!  The application may be doing too much work on its main thread.
06-29 11:09:54.702  1390  2659 W audio_hw_generic: Not supplying enough data to HAL, expected position 68426649 , only wrote 68426640
06-29 11:09:54.702  1390  2659 W audio_hw_generic: Not supplying enough data to HAL, expected position 68426674 , only wrote 68426640
06-29 11:09:54.722  1390  2659 W audio_hw_generic: Not supplying enough data to HAL, expected position 68427560 , only wrote 68427360
06-29 11:09:54.756  1390  2659 W audio_hw_generic: Not supplying enough data to HAL, expected position 68428987 , only wrote 68428800
06-29 11:09:54.781  1398  1434 D gralloc_ranchu: gralloc_alloc: Creating ashmem region of size 8298496
06-29 11:09:54.831  1390  2659 W audio_hw_generic: Not supplying enough data to HAL, expected position 68432439 , only wrote 68432400
06-29 11:09:54.834  1390  2659 W audio_hw_generic: Not supplying enough data to HAL, expected position 68432526 , only wrote 68432400
06-29 11:09:54.850  1390  2659 W audio_hw_generic: Not supplying enough data to HAL, expected position 68433156 , only wrote 68433120
06-29 11:09:54.882  1390  2659 W audio_hw_generic: Not supplying enough data to HAL, expected position 68434645 , only wrote 68434560
06-29 11:09:55.079  1390  2659 W audio_hw_generic: Not supplying enough data to HAL, expected position 68444041 , only wrote 68443920
06-29 11:09:55.080  1390  2659 W audio_hw_generic: Not supplying enough data to HAL, expected position 68443952 , only wrote 68443920
06-29 11:09:55.096  1390  2659 W audio_hw_generic: Not supplying enough data to HAL, expected position 68444716 , only wrote 68444640
06-29 11:09:55.252  2629  2890 W SessionLifecycleManager: Handover failed. Creating new session controller.
06-29 11:09:55.296  1473  1561 D AudioFlinger: mixer(0xa6c83380) throttle end: throttle time(12)
06-29 11:09:55.354  1390  2659 W audio_hw_generic: Not supplying enough data to HAL, expected position 68457000 , only wrote 68456880
06-29 11:09:55.355  1390  2659 W audio_hw_generic: Not supplying enough data to HAL, expected position 68456945 , only wrote 68456880
06-29 11:09:55.371  1390  2659 W audio_hw_generic: Not supplying enough data to HAL, expected position 68457655 , only wrote 68457600
06-29 11:09:55.383  1479  1891 I SampleTable: There are reordered frames present.
06-29 11:09:55.479  1390  2659 W audio_hw_generic: Not supplying enough data to HAL, expected position 68462779 , only wrote 68462640
06-29 11:09:55.480  1390  2659 W audio_hw_generic: Not supplying enough data to HAL, expected position 68462675 , only wrote 68462640
06-29 11:09:55.507  1704  1704 D EGL_emulation: eglCreateContext: 0x8aba58c0: maj 2 min 0 rcv 2
06-29 11:09:55.517  1704  1704 D EGL_emulation: eglMakeCurrent: 0x8aba58c0: ver 2 0 (tinfo 0x8999d150)
06-29 11:09:55.527  1390  2659 W audio_hw_generic: Not supplying enough data to HAL, expected position 68464911 , only wrote 68464800
06-29 11:09:55.624  1398  1434 D gralloc_ranchu: gralloc_alloc: Creating ashmem region of size 8298496
06-29 11:09:55.668  1390  2659 W audio_hw_generic: Hardware backing HAL too slow, could only write 0 of 720 frames
06-29 11:09:55.673  1704  1704 D EGL_emulation: eglMakeCurrent: 0x8aba58c0: ver 2 0 (tinfo 0x8999d150)
06-29 11:09:55.684  1390  2659 W audio_hw_generic: Hardware backing HAL too slow, could only write 0 of 720 frames
06-29 11:09:55.697  1390  2659 I chatty  : uid=1041(audioserver) writer identical 1 line
06-29 11:09:55.716  1390  2659 W audio_hw_generic: Hardware backing HAL too slow, could only write 0 of 720 frames
06-29 11:09:55.728  2629  2890 W ThreadPoolDumper: Task au[MicroDetectionState#registerBroadcastReceivers] was queued for 1217ms before starting on executor EventBus
06-29 11:09:55.728  1390  2659 W audio_hw_generic: Hardware backing HAL too slow, could only write 0 of 720 frames
06-29 11:09:55.742  1390  2659 W audio_hw_generic: Hardware backing HAL too slow, could only write 0 of 720 frames
06-29 11:09:55.814  1473  1561 D AudioFlinger: mixer(0xa6c83380) throttle end: throttle time(1)
06-29 11:09:55.852  1390  2659 W audio_hw_generic: Not supplying enough data to HAL, expected position 68480373 , only wrote 68479920
06-29 11:09:55.853  1390  2659 W audio_hw_generic: Not supplying enough data to HAL, expected position 68479972 , only wrote 68479920
06-29 11:09:55.870  1390  2659 W audio_hw_generic: Not supplying enough data to HAL, expected position 68480756 , only wrote 68480640
06-29 11:09:55.944  1473  1561 D AudioFlinger: mixer(0xa6c83380) throttle end: throttle time(5)
06-29 11:09:55.952  1398  1434 D gralloc_ranchu: gralloc_alloc: Creating ashmem region of size 8298496
06-29 11:09:55.983  1390  2659 W audio_hw_generic: Not supplying enough data to HAL, expected position 68486031 , only wrote 68485680
06-29 11:09:56.197  1390  2659 W audio_hw_generic: Not supplying enough data to HAL, expected position 68495967 , only wrote 68494320
06-29 11:09:56.198  1390  2659 W audio_hw_generic: Not supplying enough data to HAL, expected position 68494366 , only wrote 68494320
06-29 11:09:56.220  1390  2659 W audio_hw_generic: Not supplying enough data to HAL, expected position 68495362 , only wrote 68495040
06-29 11:09:56.232  1473  1561 D AudioFlinger: mixer(0xa6c83380) throttle end: throttle time(12)
06-29 11:09:56.310  1390  2659 W audio_hw_generic: Not supplying enough data to HAL, expected position 68499381 , only wrote 68498640
06-29 11:09:56.328  1390  2659 W audio_hw_generic: Not supplying enough data to HAL, expected position 68499521 , only wrote 68499360
06-29 11:09:56.329  1390  2659 W audio_hw_generic: Not supplying enough data to HAL, expected position 68499369 , only wrote 68499360
06-29 11:09:56.337  1964  1964 I GeofencerStateMachine: sendNewTransitions called.
06-29 11:09:56.345  1390  2659 W audio_hw_generic: Not supplying enough data to HAL, expected position 68500160 , only wrote 68500080
06-29 11:09:56.408  1704  1704 D EGL_emulation: eglCreateContext: 0x8aba58c0: maj 2 min 0 rcv 2
06-29 11:09:56.449  1704  1704 D EGL_emulation: eglMakeCurrent: 0x8aba58c0: ver 2 0 (tinfo 0x8999d150)
06-29 11:09:56.455  1398  1434 D gralloc_ranchu: gralloc_alloc: Creating ashmem region of size 9547776
06-29 11:09:56.494  1473  1561 D AudioFlinger: mixer(0xa6c83380) throttle end: throttle time(3)
06-29 11:09:56.534  1704  1704 D EGL_emulation: eglMakeCurrent: 0x8aba58c0: ver 2 0 (tinfo 0x8999d150)
06-29 11:09:56.586  1390  2659 W audio_hw_generic: Not supplying enough data to HAL, expected position 68511639 , only wrote 68511600
06-29 11:09:56.613 16198 16230 I RealRacing3: ACCELEROMETER DISABLED
06-29 11:09:56.690  1600  1621 I zygote  : ThreadFlipBegin blocked for 12.265ms
06-29 11:09:56.711  1390  2659 W audio_hw_generic: Not supplying enough data to HAL, expected position 68517575 , only wrote 68517360
06-29 11:09:56.774  1390  2659 W audio_hw_generic: Not supplying enough data to HAL, expected position 68520398 , only wrote 68520240
06-29 11:09:56.775  1390  2659 W audio_hw_generic: Not supplying enough data to HAL, expected position 68520277 , only wrote 68520240
06-29 11:09:56.798  1390  2659 W audio_hw_generic: Not supplying enough data to HAL, expected position 68521353 , only wrote 68520960
06-29 11:09:56.864  1600  2206 I WifiService: getWifiEnabledState uid=10032
06-29 11:09:56.926  1398  1434 D gralloc_ranchu: gralloc_alloc: Creating ashmem region of size 8298496
06-29 11:09:56.968  1390  2659 W audio_hw_generic: Not supplying enough data to HAL, expected position 68529121 , only wrote 68528880
06-29 11:09:56.970  1390  2659 W audio_hw_generic: Not supplying enough data to HAL, expected position 68528956 , only wrote 68528880
06-29 11:09:57.094  1390  2659 W audio_hw_generic: Not supplying enough data to HAL, expected position 68534860 , only wrote 68534640
06-29 11:09:57.096  1390  2659 W audio_hw_generic: Not supplying enough data to HAL, expected position 68534709 , only wrote 68534640
06-29 11:09:57.112  1390  2659 W audio_hw_generic: Not supplying enough data to HAL, expected position 68535416 , only wrote 68535360
06-29 11:09:57.120 16198 16230 W GLSurfaceView: Warning, !readyToDraw() but waiting for draw finished! Early reporting draw finished.
06-29 11:09:57.123  1398  1434 D gralloc_ranchu: gralloc_alloc: Creating ashmem region of size 9547776
06-29 11:09:57.134 16198 16198 I RealRacing3: onPause(): pauseJNI
06-29 11:09:57.134 16198 16198 I RealRacing3: setGameState(2)
06-29 11:09:57.158 16198 16198 I RealRacing3: onPause(): finish
06-29 11:09:57.291 16198 16230 I RealRacing3: ACCELEROMETER DISABLED
06-29 11:09:57.291 16198 16230 I RealRacing3: GYROSCOPE DISABLED
06-29 11:09:57.376  1390  2659 W audio_hw_generic: Not supplying enough data to HAL, expected position 68548028 , only wrote 68547600
06-29 11:09:57.377  1390  2659 W audio_hw_generic: Not supplying enough data to HAL, expected position 68547686 , only wrote 68547600
06-29 11:09:57.411  1473  1561 D AudioFlinger: mixer(0xa6c83380) throttle end: throttle time(4)
06-29 11:09:57.413 16198 16198 I RealRacing3: onWindowFocusChanged(false): start
06-29 11:09:57.413 16198 16198 I RealRacing3: onWindowFocusChanged(false): finish
06-29 11:09:57.438  2629 15049 W LocationOracle: No location history returned by ContextManager
06-29 11:09:57.447 16198 16216 D EGL_emulation: eglMakeCurrent: 0x9e404120: ver 2 0 (tinfo 0x9e403200)
06-29 11:09:57.470  1704  1704 I Choreographer: Skipped 301 frames!  The application may be doing too much work on its main thread.
06-29 11:09:57.503  1390  2659 W audio_hw_generic: Not supplying enough data to HAL, expected position 68553643 , only wrote 68553360
06-29 11:09:57.504  1390  2659 W audio_hw_generic: Not supplying enough data to HAL, expected position 68553393 , only wrote 68553360
06-29 11:09:57.524 16198 16198 I RealRacing3: onStop(): start
06-29 11:09:57.532  1398  1434 D gralloc_ranchu: gralloc_alloc: Creating ashmem region of size 544768
06-29 11:09:57.546 16198 16198 I RealRacing3: setGameState(4)
06-29 11:09:57.553  1473  1561 D AudioFlinger: mixer(0xa6c83380) throttle end: throttle time(3)
06-29 11:09:57.625  1390  2659 W audio_hw_generic: Not supplying enough data to HAL, expected position 68559159 , only wrote 68559120
06-29 11:09:57.626  1390  2659 W audio_hw_generic: Not supplying enough data to HAL, expected position 68559159 , only wrote 68559120
06-29 11:09:57.635  1600  2206 I WifiService: getWifiEnabledState uid=10032
06-29 11:09:57.641  1390  2659 W audio_hw_generic: Not supplying enough data to HAL, expected position 68559869 , only wrote 68559840
06-29 11:09:57.750  1390  2659 W audio_hw_generic: Not supplying enough data to HAL, expected position 68565049 , only wrote 68564880
06-29 11:09:57.752  1390  2659 W audio_hw_generic: Not supplying enough data to HAL, expected position 68564958 , only wrote 68564880
06-29 11:09:57.767  1390  2659 W audio_hw_generic: Not supplying enough data to HAL, expected position 68565620 , only wrote 68565600
06-29 11:09:57.863 16198 16198 I RealRacing3: onStop(): finish
06-29 11:09:57.905  1600  2206 I WifiService: getConnectionInfo uid=10083
06-29 11:09:57.906  1600  2206 D WifiPermissionsUtil: Denied: no location permission
06-29 11:09:57.906  1600  2206 D WifiPermissionsUtil: Denied: caller is not the current USE_OPEN_WIFI_PACKAGE
06-29 11:09:58.026  1704  1704 W StaticLayout: maxLineHeight should not be -1.  maxLines:7 lineCount:7
06-29 11:09:58.029  1704  1704 I chatty  : uid=10029(com.android.systemui) identical 1 line
06-29 11:09:58.068  1704  1704 W StaticLayout: maxLineHeight should not be -1.  maxLines:7 lineCount:7
06-29 11:09:58.082 16198 16198 D RealRacing3: OnTrimMemory(20)
06-29 11:09:58.082 16198 16198 I RealRacing3: IDLE MODE: ALLOW
06-29 11:09:58.083 16198 16198 I RealRacing3: IDLE MODE: BLOCK
06-29 11:09:58.084 16198 16198 I Choreographer: Skipped 40 frames!  The application may be doing too much work on its main thread.
06-29 11:09:58.112 16198 16230 D RealRacing3: onRecievedMemoryWarningJNI - Start
06-29 11:09:58.122  1704  1704 W StaticLayout: maxLineHeight should not be -1.  maxLines:7 lineCount:7
06-29 11:09:58.141 16198 16230 I libRealRacing3: AUTOMATION LOG [Debug]:	2019/06/29 11:09:58	Received Memory warning - total memory usage 42.32 MiB
06-29 11:09:58.141 16198 16230 D RealRacing3: onRecievedMemoryWarningJNI - End
06-29 11:09:58.248  1390  2659 W audio_hw_generic: Not supplying enough data to HAL, expected position 68588666 , only wrote 68588640
06-29 11:09:58.263  1390  2659 W audio_hw_generic: Not supplying enough data to HAL, expected position 68589369 , only wrote 68589360
06-29 11:09:58.283  1473  1561 D AudioFlinger: mixer(0xa6c83380) throttle end: throttle time(8)
06-29 11:09:58.429  1600  7916 I ActivityManager: Killing 13796:com.google.android.gms.unstable/u0a14 (adj 906): empty for 1800s
06-29 11:09:58.436  1600  1613 E memtrack: Couldn't load memtrack module
06-29 11:09:58.436  1600  1613 W android.os.Debug: failed to get memory consumption info: -1
06-29 11:09:58.440  1600  1616 W zygote  : kill(-13796, 9) failed: No such process
06-29 11:09:58.464  1600  1621 I zygote  : Explicit concurrent copying GC freed 40679(2MB) AllocSpace objects, 24(1184KB) LOS objects, 26% free, 16MB/22MB, paused 4.703ms total 1.862s
06-29 11:09:58.495  1600  1616 W zygote  : kill(-13796, 9) failed: No such process
06-29 11:09:58.540  1600  1616 I chatty  : uid=1000(system) ActivityManager identical 1 line
06-29 11:09:58.580  1600  1616 W zygote  : kill(-13796, 9) failed: No such process
06-29 11:09:58.580  1600  1616 I zygote  : Successfully killed process cgroup uid 10014 pid 13796 in 139ms
06-29 11:09:58.612  1390  2659 W audio_hw_generic: Not supplying enough data to HAL, expected position 68606130 , only wrote 68605920
06-29 11:09:58.614  1390  2659 W audio_hw_generic: Not supplying enough data to HAL, expected position 68606014 , only wrote 68605920
06-29 11:09:58.629  1390  2659 W audio_hw_generic: Not supplying enough data to HAL, expected position 68606649 , only wrote 68606640
06-29 11:09:58.640  1398  1434 D gralloc_ranchu: gralloc_alloc: Creating ashmem region of size 274432
06-29 11:09:58.745  1704  1704 W StaticLayout: maxLineHeight should not be -1.  maxLines:7 lineCount:7
06-29 11:09:58.747  1704  1704 W StaticLayout: maxLineHeight should not be -1.  maxLines:7 lineCount:7
06-29 11:09:58.751  1390  2659 W audio_hw_generic: Not supplying enough data to HAL, expected position 68612464 , only wrote 68612400
06-29 11:09:58.772  1473  1561 D AudioFlinger: mixer(0xa6c83380) throttle end: throttle time(4)
06-29 11:09:58.772  1704  1704 W StaticLayout: maxLineHeight should not be -1.  maxLines:7 lineCount:7
06-29 11:09:58.781  1704  1704 W StaticLayout: maxLineHeight should not be -1.  maxLines:7 lineCount:7
06-29 11:09:58.831  1600  1613 E memtrack: Couldn't load memtrack module
06-29 11:09:58.832  1600  1613 W android.os.Debug: failed to get memory consumption info: -1
06-29 11:09:58.881  1473  1561 D AudioFlinger: mixer(0xa6c83380) throttle end: throttle time(12)
06-29 11:09:58.883  1704  1704 D StatusBar: disable<e i a s b h r c s q >
06-29 11:09:58.913  1704  1929 D EGL_emulation: eglMakeCurrent: 0x9e4046c0: ver 2 0 (tinfo 0x9e403690)
06-29 11:09:58.963  1600  1613 E memtrack: Couldn't load memtrack module
06-29 11:09:58.963  1600  1613 W android.os.Debug: failed to get memory consumption info: -1
06-29 11:09:58.987  1398  1434 D gralloc_ranchu: gralloc_alloc: Creating ashmem region of size 274432
06-29 11:09:59.077  1704  1704 W StatusBar/NavBarView: *** Invalid layout in navigation bar (sizeChanged this=1080x126 cur=1038x126)
06-29 11:09:59.098  1390  2659 W audio_hw_generic: Not supplying enough data to HAL, expected position 68629082 , only wrote 68628960
06-29 11:09:59.378  1398  1434 D gralloc_ranchu: gralloc_alloc: Creating ashmem region of size 274432
06-29 11:09:59.431  1704  1929 D EGL_emulation: eglMakeCurrent: 0x9e4046c0: ver 2 0 (tinfo 0x9e403690)
06-29 11:09:59.477  1390  2659 W audio_hw_generic: Not supplying enough data to HAL, expected position 68647154 , only wrote 68646960
06-29 11:09:59.478  1390  2659 W audio_hw_generic: Not supplying enough data to HAL, expected position 68647002 , only wrote 68646960
06-29 11:09:59.495  1390  2659 W audio_hw_generic: Not supplying enough data to HAL, expected position 68647712 , only wrote 68647680
06-29 11:09:59.529  1390  2659 W audio_hw_generic: Not supplying enough data to HAL, expected position 68649365 , only wrote 68649120
06-29 11:09:59.610  1964  1964 I GeofencerStateMachine: removeGeofences: removeRequest=RemoveGeofencingRequest[REMOVE_BY_PENDING_INTENT pendingIntent=PendingIntent[creatorPackage=com.google.android.gms], packageName=com.google.android.gms]
06-29 11:09:59.624  1964  1964 I chatty  : uid=10014 com.google.android.gms.persistent identical 1 line
06-29 11:09:59.644  1964  1964 I GeofencerStateMachine: removeGeofences: removeRequest=RemoveGeofencingRequest[REMOVE_BY_PENDING_INTENT pendingIntent=PendingIntent[creatorPackage=com.google.android.gms], packageName=com.google.android.gms]
06-29 11:09:59.718  1964 16319 W ctxmgr  : [AclManager] No 3 for (accnt=account#1066226748#, com.google.android.gms(10014):UserVelocityProducer, vrsn=17785022, 0, 3pPkg = null ,  3pMdlId = null ,  pid = 1964). Was: 2 for 1, account#1066226748# [CONTEXT service_id=47 ]
06-29 11:09:59.842  2629 15740 E PlaceStateUpdater: Received no places
06-29 11:10:00.031  1473  1561 D AudioFlinger: mixer(0xa6c83380) throttle end: throttle time(11)
06-29 11:10:00.081  1964  1964 I GeofencerStateMachine: removeGeofences: removeRequest=RemoveGeofencingRequest[REMOVE_BY_PENDING_INTENT pendingIntent=PendingIntent[creatorPackage=com.google.android.gms], packageName=com.google.android.gms]
06-29 11:10:00.090  1704  1929 D EGL_emulation: eglMakeCurrent: 0x9e4046c0: ver 2 0 (tinfo 0x9e403690)
06-29 11:10:00.099  1964  1964 I GeofencerStateMachine: removeGeofences: removeRequest=RemoveGeofencingRequest[REMOVE_BY_PENDING_INTENT pendingIntent=PendingIntent[creatorPackage=com.google.android.gms], packageName=com.google.android.gms]
06-29 11:10:00.155  1390  2659 W audio_hw_generic: Not supplying enough data to HAL, expected position 68679194 , only wrote 68678640
06-29 11:10:00.156  1390  2659 W audio_hw_generic: Not supplying enough data to HAL, expected position 68678675 , only wrote 68678640
06-29 11:10:00.176  1473  1561 D AudioFlinger: mixer(0xa6c83380) throttle end: throttle time(5)
06-29 11:10:00.230  1964 16319 I ctxmgr  : [ProducerStatusImpl] updateStateForNewContextData: inactive, contextName=7 [CONTEXT service_id=47 ]
06-29 11:10:00.277  1390  2659 W audio_hw_generic: Not supplying enough data to HAL, expected position 68684450 , only wrote 68684400
06-29 11:10:00.279  1390  2659 W audio_hw_generic: Not supplying enough data to HAL, expected position 68684486 , only wrote 68684400
06-29 11:10:00.295  1390  2659 W audio_hw_generic: Not supplying enough data to HAL, expected position 68685148 , only wrote 68685120
06-29 11:10:00.303  1473  1561 D AudioFlinger: mixer(0xa6c83380) throttle end: throttle time(4)
06-29 11:10:00.312  1964 16325 I PlaceInferenceEngine: [anon] Changed inference mode: 0
06-29 11:10:00.448  1964 16325 I PlaceInferenceEngine: [account#1066226748] Changed inference mode: 0
06-29 11:10:00.498  2629 15829 E PlaceStateUpdater: Received no places
06-29 11:10:00.592  1390  2659 W audio_hw_generic: Not supplying enough data to HAL, expected position 68699380 , only wrote 68697360
06-29 11:10:00.595  1390  2659 W audio_hw_generic: Not supplying enough data to HAL, expected position 68697506 , only wrote 68697360
06-29 11:10:00.627  1390  2659 W audio_hw_generic: Not supplying enough data to HAL, expected position 68698903 , only wrote 68698080
06-29 11:10:00.796  2923  2955 I Finsky  : [139] imb.run(3): Stats for Executor: BlockingExecutor ink@19dc107[Running, pool size = 0, active threads = 0, queued tasks = 0, completed tasks = 20]
06-29 11:10:00.824  2923  2955 I Finsky  : [139] imb.run(3): Stats for Executor: LightweightExecutor ink@3658234[Running, pool size = 2, active threads = 0, queued tasks = 0, completed tasks = 74]
06-29 11:10:00.937  2923  2955 I Finsky  : [139] imb.run(3): Stats for Executor: bgExecutor ink@81c785d[Running, pool size = 4, active threads = 0, queued tasks = 0, completed tasks = 63]
06-29 11:10:01.035  1390  2659 W audio_hw_generic: Not supplying enough data to HAL, expected position 68717675 , only wrote 68716080
06-29 11:10:01.134  1964 16325 I Places  : ?: PlacesBleScanner start() with priority 2
06-29 11:10:01.134  1964 16325 I PlaceInferenceEngine: [anon] Changed inference mode: 1
06-29 11:10:01.134  1964 16325 I PlaceInferenceEngine: [account#1066226748] Changed inference mode: 1
06-29 11:10:01.213  1964  1964 E BeaconBle: Missing BluetoothAdapter
06-29 11:10:01.214  1964  1964 I BeaconBle: BLE 'KK+' software access layer enabled
06-29 11:10:01.343  1390  2659 W audio_hw_generic: Not supplying enough data to HAL, expected position 68730865 , only wrote 68728320
06-29 11:10:01.437  1964 16325 I Places  : Converted 0 out of 1 WiFi scans
06-29 11:10:01.440  1600  7916 I WifiService: getConnectionInfo uid=10014
06-29 11:10:01.461  1964  1964 I BeaconBle: Client requested scan, settings=BleSettings [scanMode=ZERO_POWER, callbackType=ALL_MATCHES, reportDelayMillis=0, 1 filters, 0 clients, callingClientName=Places]
06-29 11:10:01.462  1964  1964 I BeaconBle: Scan : No clients left, canceling alarm.
06-29 11:10:01.464  1964  1964 E BeaconBle: Scan couldn't start for Places
06-29 11:10:01.464  1964  1964 W Places  : BLE failure while scanning - code 5
06-29 11:10:01.484  1964 16325 I PlaceInferenceEngine: [account#1066226748] Changed inference mode: 1
06-29 11:10:01.484  1964 16325 I PlaceInferenceEngine: [anon] Changed inference mode: 1
06-29 11:10:01.544  1390  2659 W audio_hw_generic: Not supplying enough data to HAL, expected position 68737965 , only wrote 68737680
06-29 11:10:01.641  1390  2659 W audio_hw_generic: Not supplying enough data to HAL, expected position 68742305 , only wrote 68742000
06-29 11:10:01.642  1390  2659 W audio_hw_generic: Not supplying enough data to HAL, expected position 68742052 , only wrote 68742000
06-29 11:10:01.686  1390  2659 W audio_hw_generic: Not supplying enough data to HAL, expected position 68744114 , only wrote 68742720
06-29 11:10:01.933  1964  1978 I zygote  : Background concurrent copying GC freed 72426(3MB) AllocSpace objects, 19(940KB) LOS objects, 32% free, 12MB/18MB, paused 9.095ms total 560.723ms
06-29 11:10:02.110  1390  2659 W audio_hw_generic: Not supplying enough data to HAL, expected position 68763061 , only wrote 68762160
06-29 11:10:02.110  1390  2659 W audio_hw_generic: Not supplying enough data to HAL, expected position 68762185 , only wrote 68762160
06-29 11:10:02.126  1390  2659 W audio_hw_generic: Not supplying enough data to HAL, expected position 68762928 , only wrote 68762880
06-29 11:10:02.137  1473  1561 D AudioFlinger: mixer(0xa6c83380) throttle end: throttle time(9)
06-29 11:10:02.163  1390  2659 W audio_hw_generic: Not supplying enough data to HAL, expected position 68764633 , only wrote 68764320
06-29 11:10:02.207  1964 16319 I PlaceInferenceEngine: No beacon scan available - ignoring candidates.
06-29 11:10:02.257  1964 16319 I PlaceInferenceEngine: No beacon scan available - ignoring candidates.
06-29 11:10:02.871  1390  2659 W audio_hw_generic: Not supplying enough data to HAL, expected position 68798334 , only wrote 68798160
06-29 11:10:03.045  1390  2659 W audio_hw_generic: Not supplying enough data to HAL, expected position 68806518 , only wrote 68804640
06-29 11:10:03.059  1390  2659 W audio_hw_generic: Not supplying enough data to HAL, expected position 68805307 , only wrote 68804640
06-29 11:10:03.127  1390  2659 W audio_hw_generic: Not supplying enough data to HAL, expected position 68807882 , only wrote 68805360
06-29 11:10:03.127  1473  1561 D AudioFlinger: mixer(0xa6c83380) throttle end: throttle time(12)
06-29 11:10:03.173  1473  1561 D AudioFlinger: mixer(0xa6c83380) throttle end: throttle time(11)
06-29 11:10:03.427  1390  2659 W audio_hw_generic: Not supplying enough data to HAL, expected position 68819781 , only wrote 68819040
06-29 11:10:03.832 16332 16332 D AndroidRuntime: >>>>>> START com.android.internal.os.RuntimeInit uid 2000 <<<<<<
06-29 11:10:03.849 16332 16332 W app_process: Could not reserve sentinel fault page
06-29 11:10:04.273 16332 16332 W app_process: Unexpected CPU variant for X86 using defaults: x86
06-29 11:10:04.294 16332 16332 I app_process: The ClassLoaderContext is a special shared library.
06-29 11:10:04.340  1473  1561 D AudioFlinger: mixer(0xa6c83380) throttle end: throttle time(7)
06-29 11:10:04.447 16332 16332 D AndroidRuntime: Calling main entry com.android.commands.monkey.Monkey
06-29 11:10:04.449 16332 16332 W Monkey  : args: [-p, net.osmand, -c, android.intent.category.LAUNCHER, 1]
06-29 11:10:04.449 16332 16332 W Monkey  :  arg: "-p"
06-29 11:10:04.450 16332 16332 W Monkey  :  arg: "net.osmand"
06-29 11:10:04.450 16332 16332 W Monkey  :  arg: "-c"
06-29 11:10:04.450 16332 16332 W Monkey  :  arg: "android.intent.category.LAUNCHER"
06-29 11:10:04.450 16332 16332 W Monkey  :  arg: "1"
06-29 11:10:04.450 16332 16332 W Monkey  : data="net.osmand"
06-29 11:10:04.455 16332 16332 W Monkey  : data="android.intent.category.LAUNCHER"
06-29 11:10:04.585  1390  2659 W audio_hw_generic: Not supplying enough data to HAL, expected position 68874599 , only wrote 68873760
06-29 11:10:04.585  1390  2659 W audio_hw_generic: Not supplying enough data to HAL, expected position 68873772 , only wrote 68873760
06-29 11:10:04.603  1390  2659 W audio_hw_generic: Not supplying enough data to HAL, expected position 68874617 , only wrote 68874480
06-29 11:10:04.624  1473  1561 D AudioFlinger: mixer(0xa6c83380) throttle end: throttle time(1)
06-29 11:10:04.715  1390  2659 W audio_hw_generic: Not supplying enough data to HAL, expected position 68879886 , only wrote 68878800
06-29 11:10:04.741  1390  2659 W audio_hw_generic: Not supplying enough data to HAL, expected position 68880040 , only wrote 68879520
06-29 11:10:04.762  1600  1614 W BroadcastQueue: Skipping deliver [background] BroadcastRecord{5a981ef u-1 android.net.conn.CONNECTIVITY_CHANGE} to ReceiverList{c9d54fc 16332 (unknown name)/2000/u-1 remote:654d7c9}: process gone or crashing
06-29 11:10:04.778  1390  2659 W audio_hw_generic: Not supplying enough data to HAL, expected position 68881278 , only wrote 68880960
06-29 11:10:04.799  1390  2659 W audio_hw_generic: Not supplying enough data to HAL, expected position 68881965 , only wrote 68881680
06-29 11:10:04.800  1390  2659 W audio_hw_generic: Not supplying enough data to HAL, expected position 68881725 , only wrote 68881680
06-29 11:10:04.820  1390  2659 W audio_hw_generic: Not supplying enough data to HAL, expected position 68882669 , only wrote 68882400
06-29 11:10:04.867  1473  1561 D AudioFlinger: mixer(0xa6c83380) throttle end: throttle time(1)
06-29 11:10:04.870  1600  3604 I ActivityManager: START u0 {act=android.intent.action.MAIN cat=[android.intent.category.LAUNCHER] flg=0x10200000 cmp=net.osmand/.plus.activities.MapActivity} from uid 2000
06-29 11:10:04.910  1600  3604 W Binder  : Outgoing transactions from this process must be FLAG_ONEWAY
06-29 11:10:04.910  1600  3604 W Binder  : java.lang.Throwable
06-29 11:10:04.910  1600  3604 W Binder  : 	at android.os.BinderProxy.transact(Binder.java:752)
06-29 11:10:04.910  1600  3604 W Binder  : 	at android.app.IActivityController$Stub$Proxy.activityStarting(IActivityController.java:172)
06-29 11:10:04.910  1600  3604 W Binder  : 	at com.android.server.am.ActivityStarter.startActivity(ActivityStarter.java:449)
06-29 11:10:04.910  1600  3604 W Binder  : 	at com.android.server.am.ActivityStarter.startActivityLocked(ActivityStarter.java:278)
06-29 11:10:04.910  1600  3604 W Binder  : 	at com.android.server.am.ActivityStarter.startActivityMayWait(ActivityStarter.java:817)
06-29 11:10:04.910  1600  3604 W Binder  : 	at com.android.server.am.ActivityManagerService.startActivityAsUser(ActivityManagerService.java:4532)
06-29 11:10:04.910  1600  3604 W Binder  : 	at com.android.server.am.ActivityManagerService.startActivity(ActivityManagerService.java:4519)
06-29 11:10:04.910  1600  3604 W Binder  : 	at android.app.IActivityManager$Stub.onTransact(IActivityManager.java:121)
06-29 11:10:04.910  1600  3604 W Binder  : 	at com.android.server.am.ActivityManagerService.onTransact(ActivityManagerService.java:2919)
06-29 11:10:04.910  1600  3604 W Binder  : 	at android.os.Binder.execTransact(Binder.java:697)
06-29 11:10:05.010  1390  2659 W audio_hw_generic: Not supplying enough data to HAL, expected position 68891515 , only wrote 68891040
06-29 11:10:05.011  1390  2659 W audio_hw_generic: Not supplying enough data to HAL, expected position 68891069 , only wrote 68891040
06-29 11:10:05.024  1600  1792 I WifiService: getConnectionInfo uid=10014
06-29 11:10:05.026  1390  2659 W audio_hw_generic: Not supplying enough data to HAL, expected position 68891762 , only wrote 68891760
06-29 11:10:05.036  1473  1561 D AudioFlinger: mixer(0xa6c83380) throttle end: throttle time(12)
06-29 11:10:05.118  1390  2659 W audio_hw_generic: Not supplying enough data to HAL, expected position 68896172 , only wrote 68896080
06-29 11:10:05.119  1473  1561 D AudioFlinger: mixer(0xa6c83380) throttle end: throttle time(11)
06-29 11:10:05.205  1473  1561 D AudioFlinger: mixer(0xa6c83380) throttle end: throttle time(4)
06-29 11:10:05.350  1390  2659 W audio_hw_generic: Not supplying enough data to HAL, expected position 68907200 , only wrote 68906880
06-29 11:10:05.356  1473  1561 D AudioFlinger: mixer(0xa6c83380) throttle end: throttle time(12)
06-29 11:10:05.441  1600  3604 W ResourceType: ResTable_typeSpec entry count inconsistent: given 5115, previously 5124
06-29 11:10:05.454  1600  3604 W ResourceType: ResTable_typeSpec entry count inconsistent: given 142, previously 459
06-29 11:10:05.455  1600  3604 W ResourceType: For resource 0x7f0e00c0, entry index(192) is beyond type entryCount(142)
06-29 11:10:05.456  1600  3604 W ResourceType: For resource 0x7f0e00d1, entry index(209) is beyond type entryCount(142)
06-29 11:10:05.456  1600  3604 W ResourceType: For resource 0x7f0e00cb, entry index(203) is beyond type entryCount(142)
06-29 11:10:05.456  1600  3604 W ResourceType: For resource 0x7f0e014d, entry index(333) is beyond type entryCount(142)
06-29 11:10:05.456  1600  3604 W ResourceType: For resource 0x7f0e00dd, entry index(221) is beyond type entryCount(142)
06-29 11:10:05.456  1600  3604 W ResourceType: For resource 0x7f0e00e4, entry index(228) is beyond type entryCount(142)
06-29 11:10:05.507  1964 16253 W WakeLock: GCM_READ counter does not exist
06-29 11:10:05.524 16332 16332 I Monkey  : Events injected: 1
06-29 11:10:05.667  1390  2659 W audio_hw_generic: Not supplying enough data to HAL, expected position 68922129 , only wrote 68922000
06-29 11:10:05.675  1390  2659 W audio_hw_generic: Not supplying enough data to HAL, expected position 68922373 , only wrote 68922000
06-29 11:10:05.692  1390  2659 W audio_hw_generic: Not supplying enough data to HAL, expected position 68922813 , only wrote 68922720
06-29 11:10:05.732 16332 16332 I Monkey  : ## Network stats: elapsed time=769ms (0ms mobile, 0ms wifi, 769ms not connected)
06-29 11:10:05.732  1600  1615 W Looper  : Dispatch took 173ms on android.ui, h=Handler (com.android.server.am.ActivityManagerService$UiHandler) {bce2944} cb=null msg=31
06-29 11:10:05.744 16198 16198 I RealRacing3: contentchange
06-29 11:10:05.744 16198 16198 I RealRacing3: setRequestedOrientation(ActivityInfo.SCREEN_ORIENTATION_SENSOR_LANDSCAPE)
06-29 11:10:05.827  1390  2659 W audio_hw_generic: Not supplying enough data to HAL, expected position 68929211 , only wrote 68929200
06-29 11:10:05.841 16198 16198 I RealRacing3: contentchange
06-29 11:10:05.841 16198 16198 I RealRacing3: setRequestedOrientation(ActivityInfo.SCREEN_ORIENTATION_SENSOR_LANDSCAPE)
06-29 11:10:05.852  1704  1929 D EGL_emulation: eglMakeCurrent: 0x9e4046c0: ver 2 0 (tinfo 0x9e403690)
06-29 11:10:05.937  1390  2659 W audio_hw_generic: Not supplying enough data to HAL, expected position 68934482 , only wrote 68934240
06-29 11:10:05.947 16332 16332 I com.android.commands.monkey: System.exit called, status: 0
06-29 11:10:05.947 16332 16332 I AndroidRuntime: VM exiting with result code 0.
06-29 11:10:05.953  1390  2659 W audio_hw_generic: Not supplying enough data to HAL, expected position 68934997 , only wrote 68934960
06-29 11:10:05.957  2118  2184 D EGL_emulation: eglMakeCurrent: 0x8b867100: ver 2 0 (tinfo 0x8b8707f0)
06-29 11:10:05.968  1473  1561 D AudioFlinger: mixer(0xa6c83380) throttle end: throttle time(10)
06-29 11:10:06.065  1390  2659 W audio_hw_generic: Not supplying enough data to HAL, expected position 68940331 , only wrote 68940000
06-29 11:10:06.066  1390  2659 W audio_hw_generic: Not supplying enough data to HAL, expected position 68940041 , only wrote 68940000
06-29 11:10:06.082  1390  2659 W audio_hw_generic: Not supplying enough data to HAL, expected position 68940784 , only wrote 68940720
06-29 11:10:06.243  1473  1561 D AudioFlinger: mixer(0xa6c83380) throttle end: throttle time(7)
06-29 11:10:06.289  1390  2659 W audio_hw_generic: Hardware backing HAL too slow, could only write 0 of 720 frames
06-29 11:10:06.289  3472  3472 D InAppPurchaseHelper: Destroying helper.
06-29 11:10:06.299  2629  2884 D EGL_emulation: eglMakeCurrent: 0xa61b6ce0: ver 2 0 (tinfo 0xa619b690)
06-29 11:10:06.314  1390  2659 W audio_hw_generic: Hardware backing HAL too slow, could only write 0 of 720 frames
06-29 11:10:06.349  1390  2659 I chatty  : uid=1041(audioserver) writer identical 2 lines
06-29 11:10:06.366  1390  2659 W audio_hw_generic: Hardware backing HAL too slow, could only write 0 of 720 frames
06-29 11:10:06.378  1473  1561 D AudioFlinger: mixer(0xa6c83380) throttle end: throttle time(6)
06-29 11:10:06.380  1390  2659 W audio_hw_generic: Hardware backing HAL too slow, could only write 0 of 720 frames
06-29 11:10:06.411  1390  2659 W audio_hw_generic: Hardware backing HAL too slow, could only write 0 of 720 frames
06-29 11:10:06.414  1473  1561 D AudioFlinger: mixer(0xa6c83380) throttle end: throttle time(1)
06-29 11:10:06.429  1390  2659 W audio_hw_generic: Not supplying enough data to HAL, expected position 68957359 , only wrote 68957280
06-29 11:10:06.583  3472  3472 D net.osmand: Enable sensor
06-29 11:10:06.663  1704  1929 D EGL_emulation: eglMakeCurrent: 0x9e4046c0: ver 2 0 (tinfo 0x9e403690)
06-29 11:10:06.697  3472  3472 D net.osmand: DayNightHelper Sunrise/sunset setting to day: true
06-29 11:10:06.742  1704  1929 D EGL_emulation: eglMakeCurrent: 0x9e4046c0: ver 2 0 (tinfo 0x9e403690)
06-29 11:10:06.777  1600  7916 I GnssLocationProvider: WakeLock acquired by sendMessage(SET_REQUEST, 0, com.android.server.location.GnssLocationProvider$GpsRequest@bf94794)
06-29 11:10:06.784  1473  1561 D AudioFlinger: mixer(0xa6c83380) throttle end: throttle time(12)
06-29 11:10:06.794  1600  1613 I GnssLocationProvider: WakeLock released by handleMessage(SET_REQUEST, 0, com.android.server.location.GnssLocationProvider$GpsRequest@bf94794)
06-29 11:10:06.847  1390  2659 W audio_hw_generic: Hardware backing HAL too slow, could only write 0 of 720 frames
06-29 11:10:06.904  1473  1561 D AudioFlinger: mixer(0xa6c83380) throttle end: throttle time(2)
06-29 11:10:06.913  3472  3472 W System.err: OnCreate for MapActivity took 603 ms
06-29 11:10:06.941  1704  1929 D EGL_emulation: eglMakeCurrent: 0x9e4046c0: ver 2 0 (tinfo 0x9e403690)
06-29 11:10:06.963  1704  1929 D EGL_emulation: eglMakeCurrent: 0x9e4046c0: ver 2 0 (tinfo 0x9e403690)
06-29 11:10:07.007  3472  3472 I Choreographer: Skipped 77 frames!  The application may be doing too much work on its main thread.
06-29 11:10:07.017  1390  2659 W audio_hw_generic: Not supplying enough data to HAL, expected position 68985522 , only wrote 68984640
06-29 11:10:07.018  1390  2659 W audio_hw_generic: Not supplying enough data to HAL, expected position 68984667 , only wrote 68984640
06-29 11:10:07.033  1390  2659 W audio_hw_generic: Not supplying enough data to HAL, expected position 68985384 , only wrote 68985360
