07-18 11:52:54.780  1476  8199 I NuPlayerDecoder: [OMX.google.vorbis.decoder] resubmitting CSD
07-18 11:52:54.781  1476  8199 I NuPlayerDecoder: [OMX.google.vorbis.decoder] resubmitting CSD
07-18 11:52:54.809  1476  8194 D NuPlayerDriver: notifyListener_l(0xae0145b0), (6, 0, 0, -1), loop setting(1, 0)
07-18 11:52:54.841  1476  8198 W AudioTrack: getTimestamp() location moved from kernel to server
07-18 11:52:54.841  1476  8198 W NuPlayerRenderer: getPendingAudioPlayoutDurationUs: pendingUs -940 < 0, clamping to zero, potential resume after pause writtenAudioDurationUs: 20317, audioSinkPlayedUs: 21257
07-18 11:52:54.865  1476  8198 W AudioTrack: retrograde timestamp position corrected, -896 = 0 - 896
07-18 11:52:54.986  5874  5884 I zygote  : Background concurrent copying GC freed 308295(6MB) AllocSpace objects, 0(0B) LOS objects, 16% free, 29MB/35MB, paused 1.683ms total 401.944ms
07-18 11:52:55.449  1956  1956 I GeofencerStateMachine: sendNewTransitions called.
07-18 11:52:56.027  5874  5884 I zygote  : Background concurrent copying GC freed 340654(7MB) AllocSpace objects, 0(0B) LOS objects, 14% free, 34MB/40MB, paused 3.461ms total 510.214ms
07-18 11:52:56.646  1387  5615 W audio_hw_generic: Not supplying enough data to HAL, expected position 197984416 , only wrote 197982000
07-18 11:52:56.647  1387  5615 W audio_hw_generic: Not supplying enough data to HAL, expected position 197982037 , only wrote 197982000
07-18 11:52:56.662  1387  5615 W audio_hw_generic: Not supplying enough data to HAL, expected position 197982738 , only wrote 197982720
07-18 11:52:56.673  1468  1563 D AudioFlinger: mixer(0xa5a038c0) throttle end: throttle time(12)
07-18 11:52:57.222  5874  5884 I zygote  : Background concurrent copying GC freed 569006(12MB) AllocSpace objects, 0(0B) LOS objects, 17% free, 27MB/33MB, paused 1.056ms total 274.067ms
07-18 11:52:57.381  1476  8199 I NuPlayerDecoder: [audio] saw output EOS
07-18 11:52:57.381  1476  8198 D AudioTrack: stop() called with 132300 frames delivered
07-18 11:52:57.745  1387  5615 W audio_hw_generic: Hardware backing HAL too slow, could only write 0 of 720 frames
07-18 11:52:57.943  1476  8194 D NuPlayerDriver: notifyListener_l(0xae0145b0), (2, 0, 0, -1), loop setting(1, 0)
07-18 11:52:57.955  1476  8199 I NuPlayerDecoder: [OMX.google.vorbis.decoder] resubmitting CSD
07-18 11:52:57.957  1476  8199 I NuPlayerDecoder: [OMX.google.vorbis.decoder] resubmitting CSD
07-18 11:52:57.972  1476  8194 D NuPlayerDriver: notifyListener_l(0xae0145b0), (6, 0, 0, -1), loop setting(1, 0)
07-18 11:52:58.013  1476  8198 W AudioTrack: getTimestamp() location moved from kernel to server
07-18 11:52:58.055  1476  8198 W AudioTrack: retrograde timestamp position corrected, -1058 = 0 - 1058
07-18 11:52:58.352  5874  5884 I zygote  : Background concurrent copying GC freed 287179(6MB) AllocSpace objects, 0(0B) LOS objects, 18% free, 27MB/33MB, paused 900us total 238.716ms
07-18 11:52:58.934  1468  1563 D AudioFlinger: mixer(0xa5a038c0) throttle end: throttle time(11)
07-18 11:52:59.407  5874  5884 I zygote  : Background concurrent copying GC freed 264552(5MB) AllocSpace objects, 0(0B) LOS objects, 18% free, 27MB/33MB, paused 1.376ms total 247.214ms
07-18 11:53:00.025  1387  5615 W audio_hw_generic: Not supplying enough data to HAL, expected position 198144130 , only wrote 198144000
07-18 11:53:00.025  1387  5615 W audio_hw_generic: Not supplying enough data to HAL, expected position 198144024 , only wrote 198144000
07-18 11:53:00.042  1387  5615 W audio_hw_generic: Not supplying enough data to HAL, expected position 198144832 , only wrote 198144720
07-18 11:53:00.466  1476  8199 I NuPlayerDecoder: [audio] saw output EOS
07-18 11:53:00.504  5874  5884 I zygote  : Background concurrent copying GC freed 268701(5MB) AllocSpace objects, 0(0B) LOS objects, 16% free, 30MB/36MB, paused 1.558ms total 369.888ms
07-18 11:53:00.717  1476  8198 D AudioTrack: stop() called with 132300 frames delivered
07-18 11:53:00.773  5874  5874 D net.osmand: DayNightHelper Sunrise/sunset setting to day: true
07-18 11:53:00.782  1956  1956 I GeofencerStateMachine: sendNewTransitions called.
07-18 11:53:01.059  1476  8194 D NuPlayerDriver: notifyListener_l(0xae0145b0), (2, 0, 0, -1), loop setting(1, 0)
07-18 11:53:01.070  1476  8199 I NuPlayerDecoder: [OMX.google.vorbis.decoder] resubmitting CSD
07-18 11:53:01.071  1476  8199 I NuPlayerDecoder: [OMX.google.vorbis.decoder] resubmitting CSD
07-18 11:53:01.078  1476  8194 D NuPlayerDriver: notifyListener_l(0xae0145b0), (6, 0, 0, -1), loop setting(1, 0)
07-18 11:53:01.211  1468  1563 D AudioFlinger: mixer(0xa5a038c0) throttle end: throttle time(12)
07-18 11:53:01.549  5874  5884 I zygote  : Background concurrent copying GC freed 380461(8MB) AllocSpace objects, 0(0B) LOS objects, 15% free, 33MB/39MB, paused 1.071ms total 532.585ms
07-18 11:53:02.414  5874  5884 I zygote  : Background concurrent copying GC freed 528123(11MB) AllocSpace objects, 0(0B) LOS objects, 16% free, 29MB/35MB, paused 1.001ms total 358.518ms
07-18 11:53:03.189  5874  5884 I zygote  : Background concurrent copying GC freed 359754(7MB) AllocSpace objects, 0(0B) LOS objects, 15% free, 31MB/37MB, paused 2ms total 347.070ms
07-18 11:53:03.426  1387  5615 W audio_hw_generic: Not supplying enough data to HAL, expected position 198307115 , only wrote 198306720
07-18 11:53:03.426  1387  5615 W audio_hw_generic: Not supplying enough data to HAL, expected position 198306752 , only wrote 198306720
07-18 11:53:03.442  1387  5615 W audio_hw_generic: Not supplying enough data to HAL, expected position 198307449 , only wrote 198307440
07-18 11:53:03.458  1468  1563 D AudioFlinger: mixer(0xa5a038c0) throttle end: throttle time(7)
07-18 11:53:03.647  1476  8199 I NuPlayerDecoder: [audio] saw output EOS
07-18 11:53:03.648  1476  8198 D AudioTrack: stop() called with 132300 frames delivered
07-18 11:53:04.088  5874  5884 I zygote  : Background concurrent copying GC freed 440107(9MB) AllocSpace objects, 0(0B) LOS objects, 15% free, 33MB/39MB, paused 1.455ms total 395.683ms
07-18 11:53:04.163  1476  8194 D NuPlayerDriver: notifyListener_l(0xae0145b0), (2, 0, 0, -1), loop setting(1, 0)
07-18 11:53:04.173  1476  8199 I NuPlayerDecoder: [OMX.google.vorbis.decoder] resubmitting CSD
07-18 11:53:04.173  1476  8199 I NuPlayerDecoder: [OMX.google.vorbis.decoder] resubmitting CSD
07-18 11:53:04.184  1476  8194 D NuPlayerDriver: notifyListener_l(0xae0145b0), (6, 0, 0, -1), loop setting(1, 0)
07-18 11:53:05.208  5874  5884 I zygote  : Background concurrent copying GC freed 532726(11MB) AllocSpace objects, 0(0B) LOS objects, 16% free, 30MB/36MB, paused 906us total 391.755ms
07-18 11:53:05.637  1476  8198 W AudioTrack: getTimestamp() location moved from kernel to server
07-18 11:53:06.275  5874  5884 I zygote  : Background concurrent copying GC freed 404675(8MB) AllocSpace objects, 0(0B) LOS objects, 16% free, 30MB/36MB, paused 913us total 364.423ms
07-18 11:53:06.750  1387  5615 W audio_hw_generic: Not supplying enough data to HAL, expected position 198466249 , only wrote 198465120
07-18 11:53:06.750  1387  5615 W audio_hw_generic: Not supplying enough data to HAL, expected position 198465128 , only wrote 198465120
07-18 11:53:06.767  1387  5615 W audio_hw_generic: Not supplying enough data to HAL, expected position 198465905 , only wrote 198465840
07-18 11:53:06.781  1956  1956 I GeofencerStateMachine: sendNewTransitions called.
07-18 11:53:06.790  1468  1563 D AudioFlinger: mixer(0xa5a038c0) throttle end: throttle time(5)
07-18 11:53:06.822  1476  8199 I NuPlayerDecoder: [audio] saw output EOS
07-18 11:53:06.823  1476  8198 D AudioTrack: stop() called with 132300 frames delivered
07-18 11:53:07.297  1476  8194 D NuPlayerDriver: notifyListener_l(0xae0145b0), (2, 0, 0, -1), loop setting(1, 0)
07-18 11:53:07.307  1476  8199 I NuPlayerDecoder: [OMX.google.vorbis.decoder] resubmitting CSD
07-18 11:53:07.308  1476  8199 I NuPlayerDecoder: [OMX.google.vorbis.decoder] resubmitting CSD
07-18 11:53:07.319  1476  8194 D NuPlayerDriver: notifyListener_l(0xae0145b0), (6, 0, 0, -1), loop setting(1, 0)
07-18 11:53:07.327  5874  5884 I zygote  : Background concurrent copying GC freed 398858(8MB) AllocSpace objects, 0(0B) LOS objects, 17% free, 27MB/33MB, paused 1.689ms total 273.751ms
07-18 11:53:08.433  5874  5884 I zygote  : Background concurrent copying GC freed 305368(6MB) AllocSpace objects, 0(0B) LOS objects, 18% free, 27MB/33MB, paused 1.049ms total 294.816ms
07-18 11:53:09.030  1468  1563 D AudioFlinger: mixer(0xa5a038c0) throttle end: throttle time(4)
07-18 11:53:09.459  5874  5884 I zygote  : Background concurrent copying GC freed 265523(5MB) AllocSpace objects, 0(0B) LOS objects, 16% free, 30MB/36MB, paused 2.547ms total 322.596ms
07-18 11:53:09.999  1476  8199 I NuPlayerDecoder: [audio] saw output EOS
07-18 11:53:10.002  1476  8198 D AudioTrack: stop() called with 132300 frames delivered
07-18 11:53:10.405  1476  8194 D NuPlayerDriver: notifyListener_l(0xae0145b0), (2, 0, 0, -1), loop setting(1, 0)
07-18 11:53:10.419  1476  8199 I NuPlayerDecoder: [OMX.google.vorbis.decoder] resubmitting CSD
07-18 11:53:10.420  1476  8199 I NuPlayerDecoder: [OMX.google.vorbis.decoder] resubmitting CSD
07-18 11:53:10.435  1476  8194 D NuPlayerDriver: notifyListener_l(0xae0145b0), (6, 0, 0, -1), loop setting(1, 0)
07-18 11:53:10.483  1476  8198 W AudioTrack: getTimestamp() location moved from kernel to server
07-18 11:53:10.504  1476  8198 W AudioTrack: retrograde timestamp position corrected, -1058 = 0 - 1058
07-18 11:53:10.548  5874  5884 I zygote  : Background concurrent copying GC freed 368360(8MB) AllocSpace objects, 0(0B) LOS objects, 15% free, 33MB/39MB, paused 2.670ms total 497.233ms
07-18 11:53:11.267  1387  5615 W audio_hw_generic: Not supplying enough data to HAL, expected position 198681868 , only wrote 198681840
07-18 11:53:11.284  1387  5615 W audio_hw_generic: Not supplying enough data to HAL, expected position 198682622 , only wrote 198682560
07-18 11:53:11.292  1468  1563 D AudioFlinger: mixer(0xa5a038c0) throttle end: throttle time(10)
07-18 11:53:11.405  5874  5884 I zygote  : Background concurrent copying GC freed 523148(11MB) AllocSpace objects, 0(0B) LOS objects, 16% free, 30MB/36MB, paused 1.207ms total 380.148ms
07-18 11:53:11.551  9050  9110 I PlayCommon: [479] aeho.d(23): Preparing logs for uploading
07-18 11:53:11.552  9050  9110 I PlayCommon: [479] aeho.d(216): Connecting to server for timestamp: https://play.googleapis.com/play/log/timestamp
07-18 11:53:12.185  5874  5884 I zygote  : Background concurrent copying GC freed 402323(8MB) AllocSpace objects, 0(0B) LOS objects, 16% free, 30MB/36MB, paused 903us total 322.665ms
07-18 11:53:12.437  1956  1956 I GeofencerStateMachine: sendNewTransitions called.
07-18 11:53:12.965  1476  8199 I NuPlayerDecoder: [audio] saw output EOS
07-18 11:53:12.965  1476  8198 D AudioTrack: stop() called with 132300 frames delivered
07-18 11:53:13.042  5874  5884 I zygote  : Background concurrent copying GC freed 426237(9MB) AllocSpace objects, 0(0B) LOS objects, 15% free, 31MB/37MB, paused 1.384ms total 365.652ms
07-18 11:53:13.501  1387  5615 W audio_hw_generic: Not supplying enough data to HAL, expected position 198788997 , only wrote 198787680
07-18 11:53:13.501  1387  5615 W audio_hw_generic: Not supplying enough data to HAL, expected position 198787695 , only wrote 198787680
07-18 11:53:13.509  1476  8194 D NuPlayerDriver: notifyListener_l(0xae0145b0), (2, 0, 0, -1), loop setting(1, 0)
07-18 11:53:13.518  1387  5615 W audio_hw_generic: Not supplying enough data to HAL, expected position 198788467 , only wrote 198788400
07-18 11:53:13.524  1476  8199 I NuPlayerDecoder: [OMX.google.vorbis.decoder] resubmitting CSD
07-18 11:53:13.525  1476  8199 I NuPlayerDecoder: [OMX.google.vorbis.decoder] resubmitting CSD
07-18 11:53:13.537  1476  8194 D NuPlayerDriver: notifyListener_l(0xae0145b0), (6, 0, 0, -1), loop setting(1, 0)
07-18 11:53:13.591  1476  8198 W AudioTrack: getTimestamp() location moved from kernel to server
07-18 11:53:13.614  1476  8198 W AudioTrack: retrograde timestamp position corrected, -1059 = 0 - 1059
07-18 11:53:14.135  5874  5884 I zygote  : Background concurrent copying GC freed 472834(10MB) AllocSpace objects, 0(0B) LOS objects, 15% free, 31MB/37MB, paused 3.160ms total 360.278ms
07-18 11:53:14.643  1468  1563 D AudioFlinger: mixer(0xa5a038c0) throttle end: throttle time(7)
07-18 11:53:14.698  1592  3604 I WifiService: acquireWifiLock uid=10014 lockMode=2
07-18 11:53:15.263  5874  5884 I zygote  : Background concurrent copying GC freed 450023(9MB) AllocSpace objects, 0(0B) LOS objects, 16% free, 30MB/36MB, paused 900us total 364.683ms
07-18 11:53:15.723  1387  5615 W audio_hw_generic: Not supplying enough data to HAL, expected position 198894264 , only wrote 198894240
07-18 11:53:15.724  1387  5615 W audio_hw_generic: Not supplying enough data to HAL, expected position 198894276 , only wrote 198894240
07-18 11:53:15.739  1387  5615 W audio_hw_generic: Not supplying enough data to HAL, expected position 198894978 , only wrote 198894960
07-18 11:53:15.755  1468  1563 D AudioFlinger: mixer(0xa5a038c0) throttle end: throttle time(11)
07-18 11:53:16.050  1476  8199 I NuPlayerDecoder: [audio] saw output EOS
07-18 11:53:16.051  1476  8198 D AudioTrack: stop() called with 132300 frames delivered
07-18 11:53:16.262  5874  5884 I zygote  : Background concurrent copying GC freed 404891(8MB) AllocSpace objects, 0(0B) LOS objects, 17% free, 27MB/33MB, paused 1.863ms total 253.902ms
07-18 11:53:16.626  1476  8194 D NuPlayerDriver: notifyListener_l(0xae0145b0), (2, 0, 0, -1), loop setting(1, 0)
07-18 11:53:16.644  1476  8199 I NuPlayerDecoder: [OMX.google.vorbis.decoder] resubmitting CSD
07-18 11:53:16.646  1476  8199 I NuPlayerDecoder: [OMX.google.vorbis.decoder] resubmitting CSD
07-18 11:53:16.663  1476  8194 D NuPlayerDriver: notifyListener_l(0xae0145b0), (6, 0, 0, -1), loop setting(1, 0)
07-18 11:53:17.379  5874  5884 I zygote  : Background concurrent copying GC freed 292826(6MB) AllocSpace objects, 0(0B) LOS objects, 18% free, 27MB/33MB, paused 928us total 261.164ms
07-18 11:53:17.682  1592  4632 D WificondControl: Scan result ready event
07-18 11:53:17.755  1592  4632 I WifiService: releaseWifiLock uid=10014
07-18 11:53:17.797  1956  1956 I GeofencerStateMachine: sendNewTransitions called.
07-18 11:53:17.960  1387  5615 W audio_hw_generic: Not supplying enough data to HAL, expected position 199001558 , only wrote 199001520
07-18 11:53:17.961  1387  5615 W audio_hw_generic: Not supplying enough data to HAL, expected position 199001562 , only wrote 199001520
07-18 11:53:17.977  1387  5615 W audio_hw_generic: Not supplying enough data to HAL, expected position 199002280 , only wrote 199002240
07-18 11:53:18.376  5874  5884 I zygote  : Background concurrent copying GC freed 272706(6MB) AllocSpace objects, 0(0B) LOS objects, 18% free, 27MB/33MB, paused 1.010ms total 245.999ms
07-18 11:53:19.122  1468  1563 D AudioFlinger: mixer(0xa5a038c0) throttle end: throttle time(2)
07-18 11:53:19.229  1476  8199 I NuPlayerDecoder: [audio] saw output EOS
07-18 11:53:19.233  1476  8198 D AudioTrack: stop() called with 132300 frames delivered
07-18 11:53:19.516  5874  5884 I zygote  : Background concurrent copying GC freed 267708(5MB) AllocSpace objects, 0(0B) LOS objects, 15% free, 33MB/39MB, paused 4.338ms total 417.402ms
07-18 11:53:19.737  1476  8194 D NuPlayerDriver: notifyListener_l(0xae0145b0), (2, 0, 0, -1), loop setting(1, 0)
07-18 11:53:19.752  1476  8199 I NuPlayerDecoder: [OMX.google.vorbis.decoder] resubmitting CSD
07-18 11:53:19.754  1476  8199 I NuPlayerDecoder: [OMX.google.vorbis.decoder] resubmitting CSD
07-18 11:53:19.762  1476  8194 D NuPlayerDriver: notifyListener_l(0xae0145b0), (6, 0, 0, -1), loop setting(1, 0)
07-18 11:53:20.224  1387  5615 W audio_hw_generic: Not supplying enough data to HAL, expected position 199110121 , only wrote 199109520
07-18 11:53:20.225  1387  5615 W audio_hw_generic: Not supplying enough data to HAL, expected position 199109551 , only wrote 199109520
07-18 11:53:20.241  1387  5615 W audio_hw_generic: Not supplying enough data to HAL, expected position 199110286 , only wrote 199110240
07-18 11:53:20.255  1468  1563 D AudioFlinger: mixer(0xa5a038c0) throttle end: throttle time(8)
07-18 11:53:20.585  5874  5884 I zygote  : Background concurrent copying GC freed 502083(11MB) AllocSpace objects, 0(0B) LOS objects, 15% free, 33MB/39MB, paused 1.334ms total 528.764ms
07-18 11:53:21.294  5874  5884 I zygote  : Background concurrent copying GC freed 533026(11MB) AllocSpace objects, 0(0B) LOS objects, 17% free, 27MB/33MB, paused 3.182ms total 290.019ms
07-18 11:53:21.363  1387  5615 W audio_hw_generic: Not supplying enough data to HAL, expected position 199164086 , only wrote 199162800
07-18 11:53:21.364  1387  5615 W audio_hw_generic: Not supplying enough data to HAL, expected position 199162834 , only wrote 199162800
07-18 11:53:21.390  1468  1563 D AudioFlinger: mixer(0xa5a038c0) throttle end: throttle time(12)
07-18 11:53:21.426  1387  5615 W audio_hw_generic: Hardware backing HAL too slow, could only write 0 of 720 frames
07-18 11:53:22.100  5874  5884 I zygote  : Background concurrent copying GC freed 295188(6MB) AllocSpace objects, 0(0B) LOS objects, 15% free, 33MB/39MB, paused 920us total 443.217ms
07-18 11:53:22.269  1476  8199 I NuPlayerDecoder: [audio] saw output EOS
07-18 11:53:22.483  1468  1563 D AudioFlinger: mixer(0xa5a038c0) throttle end: throttle time(10)
07-18 11:53:22.521  1476  8198 D AudioTrack: stop() called with 132300 frames delivered
07-18 11:53:22.888  1476  8194 D NuPlayerDriver: notifyListener_l(0xae0145b0), (2, 0, 0, -1), loop setting(1, 0)
07-18 11:53:22.912  1476  8199 I NuPlayerDecoder: [OMX.google.vorbis.decoder] resubmitting CSD
07-18 11:53:22.913  1476  8199 I NuPlayerDecoder: [OMX.google.vorbis.decoder] resubmitting CSD
07-18 11:53:22.944  1476  8194 D NuPlayerDriver: notifyListener_l(0xae0145b0), (6, 0, 0, -1), loop setting(1, 0)
07-18 11:53:23.168  5874  5884 I zygote  : Background concurrent copying GC freed 519946(11MB) AllocSpace objects, 0(0B) LOS objects, 15% free, 31MB/37MB, paused 3.203ms total 429.295ms
07-18 11:53:23.590  1956  1956 I GeofencerStateMachine: sendNewTransitions called.
07-18 11:53:23.591  1468  1563 D AudioFlinger: mixer(0xa5a038c0) throttle end: throttle time(1)
07-18 11:53:23.634  1387  5615 W audio_hw_generic: Hardware backing HAL too slow, could only write 0 of 720 frames
07-18 11:53:23.650  1387  5615 W audio_hw_generic: Hardware backing HAL too slow, could only write 0 of 720 frames
07-18 11:53:24.242  5874  5884 I zygote  : Background concurrent copying GC freed 464315(10MB) AllocSpace objects, 0(0B) LOS objects, 15% free, 32MB/38MB, paused 2.482ms total 449.389ms
07-18 11:53:24.992  1387  5615 W audio_hw_generic: Hardware backing HAL too slow, could only write 0 of 720 frames
07-18 11:53:25.284  5874  5884 I zygote  : Background concurrent copying GC freed 462795(10MB) AllocSpace objects, 0(0B) LOS objects, 17% free, 27MB/33MB, paused 1.552ms total 277.882ms
07-18 11:53:25.583  1476  8199 I NuPlayerDecoder: [audio] saw output EOS
07-18 11:53:25.834  1476  8198 D AudioTrack: stop() called with 132300 frames delivered
07-18 11:53:26.201  1476  8194 D NuPlayerDriver: notifyListener_l(0xae0145b0), (2, 0, 0, -1), loop setting(1, 0)
07-18 11:53:26.212  1476  8199 I NuPlayerDecoder: [OMX.google.vorbis.decoder] resubmitting CSD
07-18 11:53:26.213  1476  8199 I NuPlayerDecoder: [OMX.google.vorbis.decoder] resubmitting CSD
07-18 11:53:26.224  1476  8194 D NuPlayerDriver: notifyListener_l(0xae0145b0), (6, 0, 0, -1), loop setting(1, 0)
07-18 11:53:26.233  1592  1601 I zygote  : Background concurrent copying GC freed 32712(1507KB) AllocSpace objects, 0(0B) LOS objects, 21% free, 21MB/27MB, paused 1.405ms total 373.845ms
07-18 11:53:26.264  1476  8198 W AudioTrack: getTimestamp() location moved from kernel to server
07-18 11:53:26.305  1476  8198 W AudioTrack: retrograde timestamp position corrected, -1058 = 0 - 1058
07-18 11:53:26.457  5874  5884 I zygote  : Background concurrent copying GC freed 301924(6MB) AllocSpace objects, 0(0B) LOS objects, 18% free, 27MB/33MB, paused 1.653ms total 341.171ms
07-18 11:53:26.956  1387  5615 W audio_hw_generic: Not supplying enough data to HAL, expected position 199431221 , only wrote 199430640
07-18 11:53:26.956  1387  5615 W audio_hw_generic: Not supplying enough data to HAL, expected position 199430668 , only wrote 199430640
07-18 11:53:26.973  1387  5615 W audio_hw_generic: Not supplying enough data to HAL, expected position 199431435 , only wrote 199431360
07-18 11:53:26.995  1468  1563 D AudioFlinger: mixer(0xa5a038c0) throttle end: throttle time(4)
07-18 11:53:27.156  1387  5615 W audio_hw_generic: Hardware backing HAL too slow, could only write 0 of 720 frames
07-18 11:53:27.513  5874  5884 I zygote  : Background concurrent copying GC freed 276692(6MB) AllocSpace objects, 0(0B) LOS objects, 16% free, 29MB/35MB, paused 1.291ms total 334.924ms
07-18 11:53:28.494  5874  5884 I zygote  : Background concurrent copying GC freed 358965(8MB) AllocSpace objects, 0(0B) LOS objects, 16% free, 30MB/36MB, paused 899us total 327.177ms
07-18 11:53:28.885  1476  8199 I NuPlayerDecoder: [audio] saw output EOS
07-18 11:53:28.886  1476  8198 D AudioTrack: stop() called with 132300 frames delivered
07-18 11:53:29.220  1956  1956 I GeofencerStateMachine: sendNewTransitions called.
07-18 11:53:29.220  1468  1563 D AudioFlinger: mixer(0xa5a038c0) throttle end: throttle time(2)
07-18 11:53:29.310  1476  8194 D NuPlayerDriver: notifyListener_l(0xae0145b0), (2, 0, 0, -1), loop setting(1, 0)
07-18 11:53:29.323  1476  8199 I NuPlayerDecoder: [OMX.google.vorbis.decoder] resubmitting CSD
07-18 11:53:29.323  1476  8199 I NuPlayerDecoder: [OMX.google.vorbis.decoder] resubmitting CSD
07-18 11:53:29.331  1476  8194 D NuPlayerDriver: notifyListener_l(0xae0145b0), (6, 0, 0, -1), loop setting(1, 0)
07-18 11:53:29.524  5874  5884 I zygote  : Background concurrent copying GC freed 400489(8MB) AllocSpace objects, 0(0B) LOS objects, 15% free, 31MB/37MB, paused 1.650ms total 493.676ms
07-18 11:53:30.352  1468  1563 D AudioFlinger: mixer(0xa5a038c0) throttle end: throttle time(6)
07-18 11:53:30.447  5874  5884 I zygote  : Background concurrent copying GC freed 472164(10MB) AllocSpace objects, 0(0B) LOS objects, 16% free, 30MB/36MB, paused 4.340ms total 502.020ms
07-18 11:53:31.165  5874  5884 I zygote  : Background concurrent copying GC freed 422003(9MB) AllocSpace objects, 0(0B) LOS objects, 15% free, 31MB/37MB, paused 2.382ms total 324.245ms
07-18 11:53:31.447  1387  5615 W audio_hw_generic: Not supplying enough data to HAL, expected position 199646137 , only wrote 199644480
07-18 11:53:31.448  1387  5615 W audio_hw_generic: Not supplying enough data to HAL, expected position 199644514 , only wrote 199644480
07-18 11:53:31.451  1476  8198 W AudioTrack: getTimestamp() location moved from kernel to server
07-18 11:53:31.466  1387  5615 W audio_hw_generic: Not supplying enough data to HAL, expected position 199645356 , only wrote 199645200
07-18 11:53:31.490  1468  1563 D AudioFlinger: mixer(0xa5a038c0) throttle end: throttle time(12)
07-18 11:53:32.019  1476  8199 I NuPlayerDecoder: [audio] saw output EOS
07-18 11:53:32.022  1476  8198 D AudioTrack: stop() called with 132300 frames delivered
07-18 11:53:32.118  5874  5884 I zygote  : Background concurrent copying GC freed 444360(9MB) AllocSpace objects, 0(0B) LOS objects, 16% free, 30MB/36MB, paused 900us total 379.378ms
07-18 11:53:32.464  1476  8194 D NuPlayerDriver: notifyListener_l(0xae0145b0), (2, 0, 0, -1), loop setting(1, 0)
07-18 11:53:32.477  1476  8199 I NuPlayerDecoder: [OMX.google.vorbis.decoder] resubmitting CSD
07-18 11:53:32.478  1476  8199 I NuPlayerDecoder: [OMX.google.vorbis.decoder] resubmitting CSD
07-18 11:53:32.496  1476  8194 D NuPlayerDriver: notifyListener_l(0xae0145b0), (6, 0, 0, -1), loop setting(1, 0)
07-18 11:53:32.518  1476  8198 W AudioTrack: getTimestamp() location moved from kernel to server
07-18 11:53:32.518  1476  8198 W NuPlayerRenderer: getPendingAudioPlayoutDurationUs: pendingUs -2695 < 0, clamping to zero, potential resume after pause writtenAudioDurationUs: 23219, audioSinkPlayedUs: 25914
07-18 11:53:32.541  1476  8198 W AudioTrack: retrograde timestamp position corrected, -1024 = 0 - 1024
07-18 11:53:32.569  1476  8198 W AudioTrack: getTimestamp() location moved from kernel to server
07-18 11:53:32.612  1476  8198 W AudioTrack: retrograde timestamp position corrected, -62 = 997 - 1059
07-18 11:53:33.308  5874  5884 I zygote  : Background concurrent copying GC freed 433905(9MB) AllocSpace objects, 0(0B) LOS objects, 16% free, 30MB/36MB, paused 977us total 408.328ms
07-18 11:53:33.704  1468  1563 D AudioFlinger: mixer(0xa5a038c0) throttle end: throttle time(5)
07-18 11:53:34.229  5874  5884 I zygote  : Background concurrent copying GC freed 369456(8MB) AllocSpace objects, 0(0B) LOS objects, 17% free, 27MB/33MB, paused 3.819ms total 266.557ms
07-18 11:53:34.731  1592  1721 I WifiService: acquireWifiLock uid=10014 lockMode=2
07-18 11:53:34.800  1387  5615 W audio_hw_generic: Not supplying enough data to HAL, expected position 199805195 , only wrote 199805040
07-18 11:53:34.801  1387  5615 W audio_hw_generic: Not supplying enough data to HAL, expected position 199805087 , only wrote 199805040
07-18 11:53:34.817  1387  5615 W audio_hw_generic: Not supplying enough data to HAL, expected position 199805826 , only wrote 199805760
07-18 11:53:34.831  1956  1956 I GeofencerStateMachine: sendNewTransitions called.
07-18 11:53:34.907  1592  1603 I WifiService: releaseWifiLock uid=10014
07-18 11:53:35.033  1476  8199 I NuPlayerDecoder: [audio] saw output EOS
07-18 11:53:35.034  1476  8198 D AudioTrack: stop() called with 132300 frames delivered
07-18 11:53:35.072  1956  1966 I zygote  : Background concurrent copying GC freed 106414(4MB) AllocSpace objects, 0(0B) LOS objects, 41% free, 8MB/14MB, paused 1.622ms total 194.461ms
07-18 11:53:35.384  5874  5884 I zygote  : Background concurrent copying GC freed 298381(6MB) AllocSpace objects, 0(0B) LOS objects, 18% free, 27MB/33MB, paused 2.665ms total 264.673ms
07-18 11:53:35.570  1476  8194 D NuPlayerDriver: notifyListener_l(0xae0145b0), (2, 0, 0, -1), loop setting(1, 0)
07-18 11:53:35.582  1476  8199 I NuPlayerDecoder: [OMX.google.vorbis.decoder] resubmitting CSD
07-18 11:53:35.582  1476  8199 I NuPlayerDecoder: [OMX.google.vorbis.decoder] resubmitting CSD
07-18 11:53:35.594  1476  8194 D NuPlayerDriver: notifyListener_l(0xae0145b0), (6, 0, 0, -1), loop setting(1, 0)
07-18 11:53:35.626  1476  8198 W AudioTrack: getTimestamp() location moved from kernel to server
07-18 11:53:35.942  1387  5615 W audio_hw_generic: Not supplying enough data to HAL, expected position 199859783 , only wrote 199859760
07-18 11:53:35.944  1387  5615 W audio_hw_generic: Not supplying enough data to HAL, expected position 199859811 , only wrote 199859760
07-18 11:53:35.959  1387  5615 W audio_hw_generic: Not supplying enough data to HAL, expected position 199860481 , only wrote 199860480
07-18 11:53:35.965  1476  8198 W AudioTrack: getTimestamp() location moved from kernel to server
07-18 11:53:35.970  1468  1563 D AudioFlinger: mixer(0xa5a038c0) throttle end: throttle time(12)
07-18 11:53:36.467  5874  5884 I zygote  : Background concurrent copying GC freed 268087(5MB) AllocSpace objects, 0(0B) LOS objects, 16% free, 30MB/36MB, paused 914us total 326.618ms
07-18 11:53:37.096  1468  1563 D AudioFlinger: mixer(0xa5a038c0) throttle end: throttle time(5)
07-18 11:53:37.449  5874  5884 I zygote  : Background concurrent copying GC freed 380349(8MB) AllocSpace objects, 0(0B) LOS objects, 16% free, 30MB/36MB, paused 3.290ms total 344.079ms
07-18 11:53:38.259  1476  8199 I NuPlayerDecoder: [audio] saw output EOS
07-18 11:53:38.260  1476  8198 D AudioTrack: stop() called with 132300 frames delivered
07-18 11:53:38.497  5874  5884 I zygote  : Background concurrent copying GC freed 394567(8MB) AllocSpace objects, 0(0B) LOS objects, 15% free, 33MB/39MB, paused 1.751ms total 448.666ms
07-18 11:53:38.764  1476  8194 D NuPlayerDriver: notifyListener_l(0xae0145b0), (2, 0, 0, -1), loop setting(1, 0)
07-18 11:53:38.775  1476  8199 I NuPlayerDecoder: [OMX.google.vorbis.decoder] resubmitting CSD
07-18 11:53:38.776  1476  8199 I NuPlayerDecoder: [OMX.google.vorbis.decoder] resubmitting CSD
07-18 11:53:38.789  1476  8194 D NuPlayerDriver: notifyListener_l(0xae0145b0), (6, 0, 0, -1), loop setting(1, 0)
07-18 11:53:38.823  1476  8198 W AudioTrack: getTimestamp() location moved from kernel to server
07-18 11:53:38.823  1476  8198 W NuPlayerRenderer: getPendingAudioPlayoutDurationUs: pendingUs -1207 < 0, clamping to zero, potential resume after pause writtenAudioDurationUs: 26122, audioSinkPlayedUs: 27329
07-18 11:53:38.869  1476  8198 W AudioTrack: retrograde timestamp position corrected, -1030 = 28 - 1058
07-18 11:53:39.529  5874  5884 I zygote  : Background concurrent copying GC freed 521398(11MB) AllocSpace objects, 0(0B) LOS objects, 16% free, 31MB/37MB, paused 2.137ms total 394.945ms
07-18 11:53:40.249  5874  5884 I zygote  : Background concurrent copying GC freed 410017(9MB) AllocSpace objects, 0(0B) LOS objects, 16% free, 30MB/36MB, paused 905us total 328.511ms
07-18 11:53:40.458  1468  1563 D AudioFlinger: mixer(0xa5a038c0) throttle end: throttle time(7)
07-18 11:53:40.480  1956  1956 I GeofencerStateMachine: sendNewTransitions called.
07-18 11:53:41.118  5874  5884 I zygote  : Background concurrent copying GC freed 390033(8MB) AllocSpace objects, 0(0B) LOS objects, 15% free, 33MB/39MB, paused 904us total 380.251ms
07-18 11:53:41.327  1476  8199 I NuPlayerDecoder: [audio] saw output EOS
07-18 11:53:41.329  1476  8198 D AudioTrack: stop() called with 132300 frames delivered
07-18 11:53:41.860  1476  8194 D NuPlayerDriver: notifyListener_l(0xae0145b0), (2, 0, 0, -1), loop setting(1, 0)
07-18 11:53:41.878  1476  8199 I NuPlayerDecoder: [OMX.google.vorbis.decoder] resubmitting CSD
07-18 11:53:41.878  1476  8199 I NuPlayerDecoder: [OMX.google.vorbis.decoder] resubmitting CSD
07-18 11:53:41.886  1476  8194 D NuPlayerDriver: notifyListener_l(0xae0145b0), (6, 0, 0, -1), loop setting(1, 0)
07-18 11:53:41.926  1476  8198 W AudioTrack: getTimestamp() location moved from kernel to server
07-18 11:53:41.949  1476  8198 W AudioTrack: retrograde timestamp position corrected, -1058 = 0 - 1058
07-18 11:53:42.230  5874  5884 I zygote  : Background concurrent copying GC freed 553916(12MB) AllocSpace objects, 0(0B) LOS objects, 16% free, 30MB/36MB, paused 1.152ms total 384.050ms
07-18 11:53:42.634  1403  1403 I boot-pipe: done populating /dev/random
07-18 11:53:42.706  1387  5615 W audio_hw_generic: Not supplying enough data to HAL, expected position 200184370 , only wrote 200183760
07-18 11:53:42.707  1387  5615 W audio_hw_generic: Not supplying enough data to HAL, expected position 200183791 , only wrote 200183760
07-18 11:53:42.714  1476  8198 W AudioTrack: getTimestamp() location moved from kernel to server
07-18 11:53:43.336  5874  5884 I zygote  : Background concurrent copying GC freed 384451(8MB) AllocSpace objects, 0(0B) LOS objects, 17% free, 28MB/34MB, paused 931us total 264.395ms
07-18 11:53:43.828  1468  1563 D AudioFlinger: mixer(0xa5a038c0) throttle end: throttle time(12)
07-18 11:53:44.370  5874  5884 I zygote  : Background concurrent copying GC freed 313256(6MB) AllocSpace objects, 0(0B) LOS objects, 18% free, 27MB/33MB, paused 1.132ms total 261.991ms
07-18 11:53:44.475  1476  8199 I NuPlayerDecoder: [audio] saw output EOS
07-18 11:53:44.476  1476  8198 D AudioTrack: stop() called with 132300 frames delivered
07-18 11:53:44.966  1476  8194 D NuPlayerDriver: notifyListener_l(0xae0145b0), (2, 0, 0, -1), loop setting(1, 0)
07-18 11:53:44.977  1476  8199 I NuPlayerDecoder: [OMX.google.vorbis.decoder] resubmitting CSD
07-18 11:53:44.977  1476  8199 I NuPlayerDecoder: [OMX.google.vorbis.decoder] resubmitting CSD
07-18 11:53:44.983  1476  8194 D NuPlayerDriver: notifyListener_l(0xae0145b0), (6, 0, 0, -1), loop setting(1, 0)
07-18 11:53:45.027  1476  8198 W AudioTrack: getTimestamp() location moved from kernel to server
07-18 11:53:45.069  1476  8198 W AudioTrack: retrograde timestamp position corrected, -1058 = 0 - 1058
07-18 11:53:45.471  5874  5884 I zygote  : Background concurrent copying GC freed 275844(6MB) AllocSpace objects, 0(0B) LOS objects, 18% free, 27MB/33MB, paused 901us total 268.274ms
07-18 11:53:45.817  1956  1956 I GeofencerStateMachine: sendNewTransitions called.
07-18 11:53:46.067  1387  5615 W audio_hw_generic: Not supplying enough data to HAL, expected position 200345052 , only wrote 200345040
07-18 11:53:46.084  1387  5615 W audio_hw_generic: Not supplying enough data to HAL, expected position 200345859 , only wrote 200345760
07-18 11:53:46.092  1476  8198 W AudioTrack: getTimestamp() location moved from kernel to server
07-18 11:53:46.442  1592  1609 E BatteryExternalStatsWorker: modem info is invalid: ModemActivityInfo{ mTimestamp=0 mSleepTimeMs=0 mIdleTimeMs=0 mTxTimeMs[]=[0, 0, 0, 0, 0] mRxTimeMs=0 mEnergyUsed=0}
07-18 11:53:46.526  5874  5884 I zygote  : Background concurrent copying GC freed 255445(5MB) AllocSpace objects, 0(0B) LOS objects, 16% free, 30MB/36MB, paused 1.016ms total 330.429ms
07-18 11:53:47.225  1387  5615 W audio_hw_generic: Not supplying enough data to HAL, expected position 200400528 , only wrote 200399040
07-18 11:53:47.226  1387  5615 W audio_hw_generic: Not supplying enough data to HAL, expected position 200399056 , only wrote 200399040
07-18 11:53:47.241  1387  5615 W audio_hw_generic: Not supplying enough data to HAL, expected position 200399770 , only wrote 200399760
07-18 11:53:47.257  1468  1563 D AudioFlinger: mixer(0xa5a038c0) throttle end: throttle time(12)
07-18 11:53:47.288  1387  5615 W audio_hw_generic: Hardware backing HAL too slow, could only write 0 of 720 frames
07-18 11:53:47.303  1387  5615 I chatty  : uid=1041(audioserver) writer identical 1 line
07-18 11:53:47.319  1387  5615 W audio_hw_generic: Hardware backing HAL too slow, could only write 0 of 720 frames
07-18 11:53:47.456  5874  5884 I zygote  : Background concurrent copying GC freed 382049(8MB) AllocSpace objects, 0(0B) LOS objects, 16% free, 30MB/36MB, paused 919us total 420.115ms
07-18 11:53:47.545  1476  8199 I NuPlayerDecoder: [audio] saw output EOS
07-18 11:53:47.545  1476  8198 D AudioTrack: stop() called with 132300 frames delivered
07-18 11:53:48.083  1476  8194 D NuPlayerDriver: notifyListener_l(0xae0145b0), (2, 0, 0, -1), loop setting(1, 0)
07-18 11:53:48.099  1476  8199 I NuPlayerDecoder: [OMX.google.vorbis.decoder] resubmitting CSD
07-18 11:53:48.100  1476  8199 I NuPlayerDecoder: [OMX.google.vorbis.decoder] resubmitting CSD
07-18 11:53:48.107  1476  8194 D NuPlayerDriver: notifyListener_l(0xae0145b0), (6, 0, 0, -1), loop setting(1, 0)
07-18 11:53:48.145  1476  8198 W AudioTrack: getTimestamp() location moved from kernel to server
07-18 11:53:48.168  1476  8198 W AudioTrack: retrograde timestamp position corrected, -1058 = 0 - 1058
07-18 11:53:48.382  1468  1563 D AudioFlinger: mixer(0xa5a038c0) throttle end: throttle time(3)
07-18 11:53:48.411  5874  5884 I zygote  : Background concurrent copying GC freed 394106(8MB) AllocSpace objects, 0(0B) LOS objects, 16% free, 31MB/37MB, paused 940us total 503.118ms
07-18 11:53:49.159  5874  5884 I zygote  : Background concurrent copying GC freed 422387(9MB) AllocSpace objects, 0(0B) LOS objects, 15% free, 32MB/38MB, paused 1.248ms total 345.660ms
07-18 11:53:49.487  1468  1563 D AudioFlinger: mixer(0xa5a038c0) throttle end: throttle time(8)
07-18 11:53:50.035  5874  5884 I zygote  : Background concurrent copying GC freed 470273(10MB) AllocSpace objects, 0(0B) LOS objects, 15% free, 31MB/37MB, paused 6.326ms total 362.650ms
07-18 11:53:50.609  1468  1563 D AudioFlinger: mixer(0xa5a038c0) throttle end: throttle time(12)
07-18 11:53:50.796  1476  8199 I NuPlayerDecoder: [audio] saw output EOS
07-18 11:53:50.797  1476  8198 D AudioTrack: stop() called with 132300 frames delivered
07-18 11:53:51.126  5874  5884 I zygote  : Background concurrent copying GC freed 481053(10MB) AllocSpace objects, 0(0B) LOS objects, 15% free, 32MB/38MB, paused 901us total 380.148ms
07-18 11:53:51.179  1476  8194 D NuPlayerDriver: notifyListener_l(0xae0145b0), (2, 0, 0, -1), loop setting(1, 0)
07-18 11:53:51.191  1476  8199 I NuPlayerDecoder: [OMX.google.vorbis.decoder] resubmitting CSD
07-18 11:53:51.191  1476  8199 I NuPlayerDecoder: [OMX.google.vorbis.decoder] resubmitting CSD
07-18 11:53:51.207  1476  8194 D NuPlayerDriver: notifyListener_l(0xae0145b0), (6, 0, 0, -1), loop setting(1, 0)
07-18 11:53:51.234  1476  8198 W AudioTrack: getTimestamp() location moved from kernel to server
07-18 11:53:51.276  1476  8198 W AudioTrack: retrograde timestamp position corrected, -1058 = 0 - 1058
07-18 11:53:51.611  9050  9110 E PlayCommon: [479] aeho.d(310): Failed to connect to server for server timestamp: java.net.UnknownHostException: Unable to resolve host "play.googleapis.com": No address associated with hostname
07-18 11:53:51.613  9050  9110 I PlayCommon: [479] aeho.d(125): Connecting to server: https://play.googleapis.com/play/log?format=raw&proto_v2=true
07-18 11:53:51.617  9050  9110 E PlayCommon: [479] aeho.d(289): Failed to connect to server: java.net.UnknownHostException: Unable to resolve host "play.googleapis.com": No address associated with hostname
07-18 11:53:51.733  1468  1563 D AudioFlinger: mixer(0xa5a038c0) throttle end: throttle time(11)
07-18 11:53:51.736  1956  1956 I GeofencerStateMachine: sendNewTransitions called.
07-18 11:53:52.296  5874  5884 I zygote  : Background concurrent copying GC freed 486782(10MB) AllocSpace objects, 0(0B) LOS objects, 17% free, 28MB/34MB, paused 1.285ms total 282.163ms
07-18 11:53:52.846  1468  1563 D AudioFlinger: mixer(0xa5a038c0) throttle end: throttle time(12)
07-18 11:53:53.432  5874  5884 I zygote  : Background concurrent copying GC freed 325115(6MB) AllocSpace objects, 0(0B) LOS objects, 18% free, 27MB/33MB, paused 955us total 264.645ms
07-18 11:53:53.683  1476  8199 I NuPlayerDecoder: [audio] saw output EOS
07-18 11:53:53.942  1387  5615 W audio_hw_generic: Not supplying enough data to HAL, expected position 200721440 , only wrote 200720880
07-18 11:53:53.943  1387  5615 W audio_hw_generic: Not supplying enough data to HAL, expected position 200720908 , only wrote 200720880
07-18 11:53:53.943  1476  8198 D AudioTrack: stop() called with 132300 frames delivered
07-18 11:53:53.970  1468  1563 D AudioFlinger: mixer(0xa5a038c0) throttle end: throttle time(12)
07-18 11:53:54.276  1476  8194 D NuPlayerDriver: notifyListener_l(0xae0145b0), (2, 0, 0, -1), loop setting(1, 0)
07-18 11:53:54.289  1476  8199 I NuPlayerDecoder: [OMX.google.vorbis.decoder] resubmitting CSD
07-18 11:53:54.290  1476  8199 I NuPlayerDecoder: [OMX.google.vorbis.decoder] resubmitting CSD
07-18 11:53:54.304  1476  8194 D NuPlayerDriver: notifyListener_l(0xae0145b0), (6, 0, 0, -1), loop setting(1, 0)
07-18 11:53:54.344  1476  8198 W AudioTrack: getTimestamp() location moved from kernel to server
07-18 11:53:54.385  1476  8198 W AudioTrack: retrograde timestamp position corrected, -1058 = 0 - 1058
07-18 11:53:54.491  5874  5884 I zygote  : Background concurrent copying GC freed 252527(5MB) AllocSpace objects, 0(0B) LOS objects, 16% free, 30MB/36MB, paused 972us total 366.045ms
07-18 11:53:54.739  1592  4632 I WifiService: acquireWifiLock uid=10014 lockMode=2
07-18 11:53:54.755  1592  1605 E memtrack: Couldn't load memtrack module
07-18 11:53:54.755  1592  1605 W android.os.Debug: failed to get memory consumption info: -1
07-18 11:53:55.591  5874  5884 I zygote  : Background concurrent copying GC freed 379623(8MB) AllocSpace objects, 0(0B) LOS objects, 16% free, 30MB/36MB, paused 2.061ms total 401.055ms
07-18 11:53:56.557  5874  5884 I zygote  : Background concurrent copying GC freed 393411(8MB) AllocSpace objects, 0(0B) LOS objects, 15% free, 33MB/39MB, paused 1.086ms total 503.657ms
07-18 11:53:56.756  1476  8199 I NuPlayerDecoder: [audio] saw output EOS
07-18 11:53:57.010  1476  8198 D AudioTrack: stop() called with 132300 frames delivered
07-18 11:53:57.337  1387  5615 W audio_hw_generic: Not supplying enough data to HAL, expected position 200883768 , only wrote 200882880
07-18 11:53:57.337  1387  5615 W audio_hw_generic: Not supplying enough data to HAL, expected position 200882918 , only wrote 200882880
07-18 11:53:57.358  1956  1956 I GeofencerStateMachine: sendNewTransitions called.
07-18 11:53:57.383  1476  8194 D NuPlayerDriver: notifyListener_l(0xae0145b0), (2, 0, 0, -1), loop setting(1, 0)
07-18 11:53:57.394  1476  8199 I NuPlayerDecoder: [OMX.google.vorbis.decoder] resubmitting CSD
07-18 11:53:57.396  1476  8199 I NuPlayerDecoder: [OMX.google.vorbis.decoder] resubmitting CSD
07-18 11:53:57.401  1387  5615 W audio_hw_generic: Hardware backing HAL too slow, could only write 0 of 720 frames
07-18 11:53:57.426  1476  8194 D NuPlayerDriver: notifyListener_l(0xae0145b0), (6, 0, 0, -1), loop setting(1, 0)
07-18 11:53:57.432  1468  1563 D AudioFlinger: mixer(0xa5a038c0) throttle end: throttle time(12)
07-18 11:53:57.464  1476  8198 W AudioTrack: getTimestamp() location moved from kernel to server
07-18 11:53:57.464  1476  8198 W NuPlayerRenderer: getPendingAudioPlayoutDurationUs: pendingUs -6002 < 0, clamping to zero, potential resume after pause writtenAudioDurationUs: 23219, audioSinkPlayedUs: 29221
07-18 11:53:57.488  1476  8198 W AudioTrack: retrograde timestamp position corrected, -1024 = 0 - 1024
07-18 11:53:57.552  5874  5884 I zygote  : Background concurrent copying GC freed 530870(11MB) AllocSpace objects, 0(0B) LOS objects, 16% free, 30MB/36MB, paused 957us total 499.347ms
07-18 11:53:57.723  1592  1721 D WificondControl: Scan result ready event
07-18 11:53:57.789  1592  6499 I WifiService: releaseWifiLock uid=10014
07-18 11:53:58.272  5874  5884 I zygote  : Background concurrent copying GC freed 382476(8MB) AllocSpace objects, 0(0B) LOS objects, 16% free, 31MB/37MB, paused 1.703ms total 356.945ms
07-18 11:53:58.472  1468  1563 D AudioFlinger: mixer(0xa5a038c0) throttle end: throttle time(1)
07-18 11:53:59.127  5874  5884 I zygote  : Background concurrent copying GC freed 436563(9MB) AllocSpace objects, 0(0B) LOS objects, 15% free, 33MB/39MB, paused 900us total 419.454ms
07-18 11:53:59.577  1468  1563 D AudioFlinger: mixer(0xa5a038c0) throttle end: throttle time(12)
07-18 11:53:59.965  1476  8199 I NuPlayerDecoder: [audio] saw output EOS
07-18 11:53:59.967  1476  8198 D AudioTrack: stop() called with 132300 frames delivered
07-18 11:54:00.198  5874  5884 I zygote  : Background concurrent copying GC freed 510869(11MB) AllocSpace objects, 0(0B) LOS objects, 16% free, 30MB/36MB, paused 1.319ms total 408.088ms
07-18 11:54:00.506  1476  8194 D NuPlayerDriver: notifyListener_l(0xae0145b0), (2, 0, 0, -1), loop setting(1, 0)
07-18 11:54:00.513  1476  8199 I NuPlayerDecoder: [OMX.google.vorbis.decoder] resubmitting CSD
07-18 11:54:00.514  1476  8199 I NuPlayerDecoder: [OMX.google.vorbis.decoder] resubmitting CSD
07-18 11:54:00.524  1476  8194 D NuPlayerDriver: notifyListener_l(0xae0145b0), (6, 0, 0, -1), loop setting(1, 0)
07-18 11:54:00.561  1476  8198 W AudioTrack: getTimestamp() location moved from kernel to server
07-18 11:54:00.607  1476  8198 W AudioTrack: retrograde timestamp position corrected, -1060 = 0 - 1060
07-18 11:54:00.740  1387  5615 W audio_hw_generic: Hardware backing HAL too slow, could only write 0 of 720 frames
07-18 11:54:00.796  5874  5874 D net.osmand: DayNightHelper Sunrise/sunset setting to day: true
07-18 11:54:01.088  1592  1601 I zygote  : Background concurrent copying GC freed 43915(1945KB) AllocSpace objects, 0(0B) LOS objects, 21% free, 22MB/28MB, paused 1.294ms total 394.082ms
07-18 11:54:01.292  5874  5884 I zygote  : Background concurrent copying GC freed 412066(9MB) AllocSpace objects, 0(0B) LOS objects, 17% free, 27MB/33MB, paused 3.641ms total 291.989ms
07-18 11:54:01.769  1387  5615 W audio_hw_generic: Not supplying enough data to HAL, expected position 201095601 , only wrote 201095280
07-18 11:54:01.770  1387  5615 W audio_hw_generic: Not supplying enough data to HAL, expected position 201095306 , only wrote 201095280
07-18 11:54:01.786  1387  5615 W audio_hw_generic: Not supplying enough data to HAL, expected position 201096057 , only wrote 201096000
07-18 11:54:01.797  1468  1563 D AudioFlinger: mixer(0xa5a038c0) throttle end: throttle time(12)
07-18 11:54:02.314  5874  5884 I zygote  : Background concurrent copying GC freed 302108(6MB) AllocSpace objects, 0(0B) LOS objects, 18% free, 27MB/33MB, paused 922us total 259.637ms
07-18 11:54:02.824  1956  1956 I GeofencerStateMachine: sendNewTransitions called.
07-18 11:54:02.942  1387  5615 W audio_hw_generic: Not supplying enough data to HAL, expected position 201151507 , only wrote 201151440
07-18 11:54:02.945  1387  5615 W audio_hw_generic: Not supplying enough data to HAL, expected position 201151562 , only wrote 201151440
07-18 11:54:02.970  1468  1563 D AudioFlinger: mixer(0xa5a038c0) throttle end: throttle time(12)
07-18 11:54:03.054  1476  8199 I NuPlayerDecoder: [audio] saw output EOS
07-18 11:54:03.054  1476  8198 D AudioTrack: stop() called with 132300 frames delivered
07-18 11:54:03.422  5874  5884 I zygote  : Background concurrent copying GC freed 276593(6MB) AllocSpace objects, 0(0B) LOS objects, 18% free, 27MB/33MB, paused 2.491ms total 244.323ms
07-18 11:54:03.606  1476  8194 D NuPlayerDriver: notifyListener_l(0xae0145b0), (2, 0, 0, -1), loop setting(1, 0)
07-18 11:54:03.619  1476  8199 I NuPlayerDecoder: [OMX.google.vorbis.decoder] resubmitting CSD
07-18 11:54:03.621  1476  8199 I NuPlayerDecoder: [OMX.google.vorbis.decoder] resubmitting CSD
07-18 11:54:03.631  1476  8194 D NuPlayerDriver: notifyListener_l(0xae0145b0), (6, 0, 0, -1), loop setting(1, 0)
07-18 11:54:04.487  5874  5884 I zygote  : Background concurrent copying GC freed 258153(5MB) AllocSpace objects, 0(0B) LOS objects, 16% free, 30MB/36MB, paused 1.881ms total 334.754ms
07-18 11:54:05.473  5874  5884 I zygote  : Background concurrent copying GC freed 377912(8MB) AllocSpace objects, 0(0B) LOS objects, 16% free, 31MB/37MB, paused 1.346ms total 411.301ms
07-18 11:54:06.134  1476  8199 I NuPlayerDecoder: [audio] saw output EOS
07-18 11:54:06.360  1468  1563 D AudioFlinger: mixer(0xa5a038c0) throttle end: throttle time(12)
07-18 11:54:06.373  5874  5884 I zygote  : Background concurrent copying GC freed 467549(10MB) AllocSpace objects, 0(0B) LOS objects, 16% free, 29MB/35MB, paused 2.568ms total 391.763ms
07-18 11:54:06.388  1476  8198 D AudioTrack: stop() called with 132300 frames delivered
07-18 11:54:06.718  1476  8194 D NuPlayerDriver: notifyListener_l(0xae0145b0), (2, 0, 0, -1), loop setting(1, 0)
07-18 11:54:06.725  1476  8199 I NuPlayerDecoder: [OMX.google.vorbis.decoder] resubmitting CSD
07-18 11:54:06.726  1476  8199 I NuPlayerDecoder: [OMX.google.vorbis.decoder] resubmitting CSD
07-18 11:54:06.733  1476  8194 D NuPlayerDriver: notifyListener_l(0xae0145b0), (6, 0, 0, -1), loop setting(1, 0)
07-18 11:54:07.262  5874  5884 I zygote  : Background concurrent copying GC freed 372113(8MB) AllocSpace objects, 0(0B) LOS objects, 15% free, 32MB/38MB, paused 16.437ms total 424.206ms
07-18 11:54:07.519  1387  5615 W audio_hw_generic: Hardware backing HAL too slow, could only write 0 of 720 frames
07-18 11:54:07.535  1387  5615 W audio_hw_generic: Hardware backing HAL too slow, could only write 0 of 720 frames
07-18 11:54:08.172  5874  5884 I zygote  : Background concurrent copying GC freed 488263(10MB) AllocSpace objects, 0(0B) LOS objects, 15% free, 33MB/39MB, paused 1.018ms total 436.839ms
07-18 11:54:08.561  1956  1956 I GeofencerStateMachine: sendNewTransitions called.
07-18 11:54:08.572  1468  1563 D AudioFlinger: mixer(0xa5a038c0) throttle end: throttle time(3)
07-18 11:54:09.137  5874  5884 I zygote  : Background concurrent copying GC freed 510377(11MB) AllocSpace objects, 0(0B) LOS objects, 16% free, 31MB/37MB, paused 1.129ms total 373.872ms
07-18 11:54:09.264  1476  8199 I NuPlayerDecoder: [audio] saw output EOS
07-18 11:54:09.265  1476  8198 D AudioTrack: stop() called with 132300 frames delivered
07-18 11:54:09.677  1468  1563 D AudioFlinger: mixer(0xa5a038c0) throttle end: throttle time(7)
07-18 11:54:09.817  1476  8194 D NuPlayerDriver: notifyListener_l(0xae0145b0), (2, 0, 0, -1), loop setting(1, 0)
07-18 11:54:09.833  1476  8199 I NuPlayerDecoder: [OMX.google.vorbis.decoder] resubmitting CSD
07-18 11:54:09.833  1476  8199 I NuPlayerDecoder: [OMX.google.vorbis.decoder] resubmitting CSD
07-18 11:54:09.849  1476  8194 D NuPlayerDriver: notifyListener_l(0xae0145b0), (6, 0, 0, -1), loop setting(1, 0)
07-18 11:54:09.870  1476  8198 W AudioTrack: getTimestamp() location moved from kernel to server
07-18 11:54:09.870  1476  8198 W NuPlayerRenderer: getPendingAudioPlayoutDurationUs: pendingUs -2163 < 0, clamping to zero, potential resume after pause writtenAudioDurationUs: 14512, audioSinkPlayedUs: 16675
07-18 11:54:09.894  1476  8198 W AudioTrack: retrograde timestamp position corrected, -640 = 0 - 640
07-18 11:54:10.244  5874  5884 I zygote  : Background concurrent copying GC freed 426410(9MB) AllocSpace objects, 0(0B) LOS objects, 17% free, 27MB/33MB, paused 1.480ms total 257.916ms
07-18 11:54:10.807  1468  1563 D AudioFlinger: mixer(0xa5a038c0) throttle end: throttle time(3)
07-18 11:54:11.404  5874  5884 I zygote  : Background concurrent copying GC freed 298560(6MB) AllocSpace objects, 0(0B) LOS objects, 18% free, 27MB/33MB, paused 1.482ms total 276.911ms
07-18 11:54:11.913  1387  5615 W audio_hw_generic: Not supplying enough data to HAL, expected position 201581914 , only wrote 201579840
