07-03 09:11:57.413  5305  5315 I chatty  : uid=10104(net.osmand) HeapTaskDaemon expire 3 lines
07-03 09:11:57.636  5305  6904 I chatty  : uid=10104(net.osmand) expire 31 lines
07-03 09:11:58.800  5305  6905 I chatty  : uid=10104(net.osmand) expire 31 lines
07-03 09:11:59.855  5305  6906 I chatty  : uid=10104(net.osmand) expire 31 lines
07-03 09:12:00.623  5305  5350 I chatty  : uid=10104(net.osmand) Loader map obje expire 49 lines
07-03 09:12:00.853  5305  5305 I chatty  : uid=10104(net.osmand) expire 14 lines
07-03 09:12:00.879  5305  6907 I chatty  : uid=10104(net.osmand) expire 31 lines
07-03 09:12:00.887  5305  5315 I chatty  : uid=10104(net.osmand) HeapTaskDaemon expire 3 lines
07-03 09:12:01.431  5305  6908 I chatty  : uid=10104(net.osmand) expire 31 lines
07-03 09:12:01.606  5305  5351 I chatty  : uid=10104(net.osmand) RenderingBaseIm expire 14 lines
07-03 09:12:01.980  5305  6914 I chatty  : uid=10104(net.osmand) expire 31 lines
07-03 09:12:02.699  5305  6915 I chatty  : uid=10104(net.osmand) expire 31 lines
07-03 09:12:03.846  5305  6916 I chatty  : uid=10104(net.osmand) expire 31 lines
07-03 09:12:04.218  5305  5350 I chatty  : uid=10104(net.osmand) Loader map obje expire 47 lines
07-03 09:12:04.725  1604  1613 I zygote  : Background concurrent copying GC freed 89157(3MB) AllocSpace objects, 48(2MB) LOS objects, 9% free, 58MB/64MB, paused 1.298ms total 873.693ms
07-03 09:12:04.755  5305  5315 I chatty  : uid=10104(net.osmand) HeapTaskDaemon expire 3 lines
07-03 09:12:04.878  5305  5305 I chatty  : uid=10104(net.osmand) expire 10 lines
07-03 09:12:04.883  5305  6917 I chatty  : uid=10104(net.osmand) expire 31 lines
07-03 09:12:04.883  1970  1970 I GeofencerStateMachine: sendNewTransitions called.
07-03 09:12:05.059  1970  1970 I GeofencerStateMachine: sendNewTransitions called.
07-03 09:12:05.106  1970  1970 I GeofencerStateMachine: sendNewLocationAvailability: availability=LocationAvailability[isLocationAvailable: true]
07-03 09:12:05.291  1970  1970 I GeofencerStateMachine: sendNewLocationAvailability: availability=LocationAvailability[isLocationAvailable: true]
07-03 09:12:05.323  5305  5351 I chatty  : uid=10104(net.osmand) RenderingBaseIm expire 9 lines
07-03 09:12:05.899  5305  6918 I chatty  : uid=10104(net.osmand) expire 31 lines
07-03 09:12:06.493  5305  6919 I chatty  : uid=10104(net.osmand) expire 31 lines
07-03 09:12:06.969  5305  6920 I chatty  : uid=10104(net.osmand) expire 31 lines
07-03 09:12:06.979  1604  1621 I WifiService: requestActivityInfo uid=1000
07-03 09:12:06.980  1604  1621 I WifiService: reportActivityInfo uid=1000
07-03 09:12:06.980  1604  1621 I WifiService: getSupportedFeatures uid=1000
07-03 09:12:07.760  5305  5351 I chatty  : uid=10104(net.osmand) RenderingBaseIm expire 29 lines
07-03 09:12:07.764  5305  5305 I chatty  : uid=10104(net.osmand) expire 35 lines
07-03 09:12:07.772  5305  6922 I chatty  : uid=10104(net.osmand) expire 31 lines
07-03 09:12:08.190  1604  1621 I WifiService: requestActivityInfo uid=1000
07-03 09:12:08.190  1604  1621 I WifiService: reportActivityInfo uid=1000
07-03 09:12:08.190  1604  1621 I WifiService: getSupportedFeatures uid=1000
07-03 09:12:08.329  5305  5350 I chatty  : uid=10104(net.osmand) Loader map obje expire 64 lines
07-03 09:12:08.597  1604  5757 I WifiService: acquireWifiLock uid=10014 lockMode=2
07-03 09:12:08.601  1604  5757 I ActivityManager: Killing 5457:com.ustwo.lwp/u0a76 (adj 906): empty for 1800s
07-03 09:12:08.602  1604  1620 W zygote  : kill(-5457, 9) failed: No such process
07-03 09:12:08.606  1604  1617 E memtrack: Couldn't load memtrack module
07-03 09:12:08.606  1604  1617 W android.os.Debug: failed to get memory consumption info: -1
07-03 09:12:08.644  1604  1620 W zygote  : kill(-5457, 9) failed: No such process
07-03 09:12:08.691  1604  1620 W zygote  : kill(-5457, 9) failed: No such process
07-03 09:12:08.691  1604  1620 I zygote  : Successfully killed process cgroup uid 10076 pid 5457 in 89ms
07-03 09:12:08.752  1604  1617 E memtrack: Couldn't load memtrack module
07-03 09:12:08.753  1604  1617 W android.os.Debug: failed to get memory consumption info: -1
07-03 09:12:08.755  1604  5757 I WifiService: releaseWifiLock uid=10014
07-03 09:12:08.803  5305  5315 I chatty  : uid=10104(net.osmand) HeapTaskDaemon expire 4 lines
07-03 09:12:08.883  5305  6926 I chatty  : uid=10104(net.osmand) expire 31 lines
07-03 09:12:14.619  5305  6927 I chatty  : uid=10104(net.osmand) expire 31 lines
07-03 09:12:15.245  5305  5350 I chatty  : uid=10104(net.osmand) Loader map obje expire 64 lines
07-03 09:12:15.696  5305  5315 I chatty  : uid=10104(net.osmand) HeapTaskDaemon expire 4 lines
07-03 09:12:15.779  5305  5305 I chatty  : uid=10104(net.osmand) expire 16 lines
07-03 09:12:15.783  5305  6928 I chatty  : uid=10104(net.osmand) expire 31 lines
07-03 09:12:15.786  5305  5351 I chatty  : uid=10104(net.osmand) RenderingBaseIm expire 18 lines
07-03 09:12:16.881  5305  6929 I chatty  : uid=10104(net.osmand) expire 31 lines
07-03 09:12:17.904  5305  6930 I chatty  : uid=10104(net.osmand) expire 31 lines
07-03 09:12:17.925  1486  1523 E Netd    : Error deleting route ::/0 -> fe80::ff:fe00:100 wlan0 to table 1003: No such process
07-03 09:12:17.940  1604  1682 E ConnectivityService: Exception in removeRoute: java.lang.IllegalStateException: command '566 network route remove 101 wlan0 ::/0 fe80::ff:fe00:100' failed with '400 566 removeRoute() failed (No such process)'
07-03 09:12:18.000  1604  1682 I WifiService: getConnectionInfo uid=1000
07-03 09:12:18.010  1604  1675 D RecurrenceRule: Resolving using anchor 2019-07-03T13:12:18.009Z[GMT]
07-03 09:12:18.011  1604  1675 D RecurrenceRule: Resolving using anchor 2019-07-03T13:12:18.011Z[GMT]
07-03 09:12:18.019  1604  1675 D RecurrenceRule: Cycle 17 from 2019-06-09T00:00Z[GMT] to 2019-07-09T00:00Z[GMT]
07-03 09:12:18.025  1604  1675 D NetworkStats: Resolving plan for NetworkTemplate: matchRule=MOBILE_ALL, subscriberId=310260..., matchSubscriberIds=[310260...]
07-03 09:12:18.033  1604  1675 D NetworkStats: Found active matching subId 1
07-03 09:12:18.056  1604  1675 D NetworkStats: Resolved to plan null
07-03 09:12:18.967  5305  6931 I chatty  : uid=10104(net.osmand) expire 31 lines
07-03 09:12:20.174  5305  5305 I chatty  : uid=10104(net.osmand) expire 22 lines
07-03 09:12:20.191  5305  5351 I chatty  : uid=10104(net.osmand) RenderingBaseIm expire 20 lines
07-03 09:12:20.500  5305  5350 I chatty  : uid=10104(net.osmand) Loader map obje expire 64 lines
07-03 09:12:20.858  5305  5315 I chatty  : uid=10104(net.osmand) HeapTaskDaemon expire 3 lines
07-03 09:12:20.960  5305  6932 I chatty  : uid=10104(net.osmand) expire 31 lines
07-03 09:12:22.888  5305  6933 I chatty  : uid=10104(net.osmand) expire 31 lines
07-03 09:12:24.883  5305  6935 I chatty  : uid=10104(net.osmand) expire 31 lines
07-03 09:12:25.867  5305  6936 I chatty  : uid=10104(net.osmand) expire 31 lines
07-03 09:12:26.390  5305  5315 I chatty  : uid=10104(net.osmand) HeapTaskDaemon expire 3 lines
07-03 09:12:26.499  5305  5305 I chatty  : uid=10104(net.osmand) expire 22 lines
07-03 09:12:26.574  5305  5351 I chatty  : uid=10104(net.osmand) RenderingBaseIm expire 16 lines
07-03 09:12:26.581  5305  6937 I chatty  : uid=10104(net.osmand) expire 31 lines
07-03 09:12:27.182  5305  5350 I chatty  : uid=10104(net.osmand) Loader map obje expire 60 lines
07-03 09:12:27.883  5305  6938 I chatty  : uid=10104(net.osmand) expire 31 lines
07-03 09:12:28.617  1604  1855 I WifiService: acquireWifiLock uid=10014 lockMode=2
07-03 09:12:28.627  1604  1855 I ActivityManager: Killing 4532:com.android.chrome/u0a49 (adj 904): empty for 1816s
07-03 09:12:28.628  1604  1855 I ActivityManager: Killing 5214:com.google.android.calendar/u0a45 (adj 904): empty for 1816s
07-03 09:12:28.628  1604  1620 W zygote  : kill(-4532, 9) failed: No such process
07-03 09:12:28.629  1604  1855 I ActivityManager: Killing 5228:com.android.providers.calendar/u0a4 (adj 904): empty for 1816s
07-03 09:12:28.629  1604  1855 I ActivityManager: Killing 5356:com.mapswithme.maps.pro/u0a85 (adj 904): empty for 1817s
07-03 09:12:28.630  1604  1855 I ActivityManager: Killing 5474:com.google.android.play.games/u0a84 (adj 906): empty for 1819s
07-03 09:12:28.715  1604  1620 I chatty  : uid=1000(system) ActivityManager identical 2 lines
07-03 09:12:28.755  1604  1620 W zygote  : kill(-4532, 9) failed: No such process
07-03 09:12:28.756  1604  1620 I zygote  : Successfully killed process cgroup uid 10049 pid 4532 in 127ms
07-03 09:12:28.756  1604  1620 W zygote  : kill(-5214, 9) failed: No such process
07-03 09:12:28.756  1604  1620 I zygote  : Successfully killed process cgroup uid 10045 pid 5214 in 0ms
07-03 09:12:28.779  1604  1620 W zygote  : kill(-5228, 9) failed: No such process
07-03 09:12:28.783  1604  1620 I zygote  : Successfully killed process cgroup uid 10004 pid 5228 in 22ms
07-03 09:12:28.799  1604  1620 W zygote  : kill(-5356, 9) failed: No such process
07-03 09:12:28.887  1604  4621 D ConnectivityService: ConnectivityService NetworkRequestInfo binderDied(NetworkRequest [ LISTEN id=66, [ Capabilities: INTERNET&NOT_RESTRICTED&TRUSTED&FOREGROUND] ], android.os.BinderProxy@426fe78)
07-03 09:12:28.851  1604  1620 W zygote  : kill(-5356, 9) failed: No such process
07-03 09:12:28.905  1604  1620 W zygote  : kill(-5356, 9) failed: No such process
07-03 09:12:28.906  1604  1620 I zygote  : Successfully killed process cgroup uid 10085 pid 5356 in 122ms
07-03 09:12:28.906  1604  1620 W zygote  : kill(-5474, 9) failed: No such process
07-03 09:12:28.906  1604  1620 I zygote  : Successfully killed process cgroup uid 10084 pid 5474 in 0ms
07-03 09:12:28.944  1604  4621 I ActivityManager: Killing 5873:com.android.chrome:sandboxed_process0/u0a85i18 (adj 0): isolated not needed
07-03 09:12:28.948  1604  1620 W zygote  : Failed to open process cgroup uid 99018 pid 5873: No such file or directory
07-03 09:12:28.948  1604  1620 E zygote  : Error encountered killing process cgroup uid 99018 pid 5873: No such file or directory
07-03 09:12:28.988  1604  1621 E KernelCpuSpeedReader: Failed to read cpu-freq: /sys/devices/system/cpu/cpu0/cpufreq/stats/time_in_state (No such file or directory)
07-03 09:12:28.996  1604  1621 D KernelUidCpuTimeReader: Removing uids 99018-99018
07-03 09:12:29.977  5305  6941 I chatty  : uid=10104(net.osmand) expire 31 lines
07-03 09:12:30.423  2934  2965 I Finsky  : [1175] imb.run(3): Stats for Executor: BlockingExecutor ink@1e554f[Running, pool size = 0, active threads = 0, queued tasks = 0, completed tasks = 23]
07-03 09:12:30.424  2934  2965 I Finsky  : [1175] imb.run(3): Stats for Executor: LightweightExecutor ink@50294dc[Running, pool size = 2, active threads = 0, queued tasks = 0, completed tasks = 63]
07-03 09:12:30.558  5305  6942 I chatty  : uid=10104(net.osmand) expire 31 lines
07-03 09:12:30.994  5305  5350 I chatty  : uid=10104(net.osmand) Loader map obje expire 52 lines
07-03 09:12:31.031  5305  5305 I chatty  : uid=10104(net.osmand) expire 15 lines
07-03 09:12:31.212  2934  2965 I Finsky  : [1175] imb.run(3): Stats for Executor: bgExecutor ink@99c99e5[Running, pool size = 4, active threads = 0, queued tasks = 0, completed tasks = 901]
07-03 09:12:31.414  5305  5315 I chatty  : uid=10104(net.osmand) HeapTaskDaemon expire 4 lines
07-03 09:12:31.653  1604  3925 D WificondControl: Scan result ready event
07-03 09:12:31.701  1604  1878 I WifiService: releaseWifiLock uid=10014
07-03 09:12:31.850  5305  5351 I chatty  : uid=10104(net.osmand) RenderingBaseIm expire 22 lines
07-03 09:12:31.858  5305  6943 I chatty  : uid=10104(net.osmand) expire 31 lines
07-03 09:12:32.875  5305  6944 I chatty  : uid=10104(net.osmand) expire 31 lines
07-03 09:12:33.888  5305  6945 I chatty  : uid=10104(net.osmand) expire 31 lines
07-03 09:12:35.882  1970  1970 I GeofencerStateMachine: sendNewTransitions called.
07-03 09:12:36.075  5305  6946 I chatty  : uid=10104(net.osmand) expire 31 lines
07-03 09:12:36.625  5305  5350 I chatty  : uid=10104(net.osmand) Loader map obje expire 48 lines
07-03 09:12:36.799  5305  5315 I chatty  : uid=10104(net.osmand) HeapTaskDaemon expire 3 lines
07-03 09:12:36.876  5305  5305 I chatty  : uid=10104(net.osmand) expire 12 lines
07-03 09:12:36.881  5305  6947 I chatty  : uid=10104(net.osmand) expire 31 lines
07-03 09:12:37.358  5305  5351 I chatty  : uid=10104(net.osmand) RenderingBaseIm expire 16 lines
07-03 09:12:37.880  5305  6948 I chatty  : uid=10104(net.osmand) expire 31 lines
07-03 09:12:38.536  5305  6949 I chatty  : uid=10104(net.osmand) expire 31 lines
07-03 09:12:39.738  5305  6950 I chatty  : uid=10104(net.osmand) expire 31 lines
07-03 09:12:40.039  5305  5350 I chatty  : uid=10104(net.osmand) Loader map obje expire 73 lines
07-03 09:12:40.560  5305  5315 I chatty  : uid=10104(net.osmand) HeapTaskDaemon expire 4 lines
07-03 09:12:40.873  5305  5305 I chatty  : uid=10104(net.osmand) expire 18 lines
07-03 09:12:40.882  5305  6951 I chatty  : uid=10104(net.osmand) expire 31 lines
07-03 09:12:40.975  1403  1418 D hwcomposer: hw_composer sent 48 syncs in 63s
07-03 09:12:41.067  5305  5351 I chatty  : uid=10104(net.osmand) RenderingBaseIm expire 20 lines
07-03 09:12:41.900  5305  6952 I chatty  : uid=10104(net.osmand) expire 31 lines
07-03 09:12:42.030  1410  1410 I boot-pipe: done populating /dev/random
07-03 09:12:42.388  5305  6953 I chatty  : uid=10104(net.osmand) expire 31 lines
07-03 09:12:44.763  5305  6954 I chatty  : uid=10104(net.osmand) expire 31 lines
07-03 09:12:45.178  5305  5350 I chatty  : uid=10104(net.osmand) Loader map obje expire 63 lines
07-03 09:12:45.665  5305  5315 I chatty  : uid=10104(net.osmand) HeapTaskDaemon expire 5 lines
07-03 09:12:46.000  5305  5305 I chatty  : uid=10104(net.osmand) expire 15 lines
07-03 09:12:46.282  5305  5351 I chatty  : uid=10104(net.osmand) RenderingBaseIm expire 18 lines
07-03 09:12:47.972  1604  1613 I zygote  : Background concurrent copying GC freed 84585(3MB) AllocSpace objects, 34(1720KB) LOS objects, 9% free, 58MB/64MB, paused 1.559ms total 584.721ms
07-03 09:12:48.653  5305  6955 I chatty  : uid=10104(net.osmand) expire 31 lines
07-03 09:12:49.146  2934  2995 I PlayCommon: [1205] adnc.d(23): Preparing logs for uploading
07-03 09:12:49.219  2934  2995 I PlayCommon: [1205] adnc.d(125): Connecting to server: https://play.googleapis.com/play/log?format=raw&proto_v2=true
07-03 09:12:49.649  1604  2058 I WifiService: acquireWifiLock uid=10014 lockMode=2
07-03 09:12:49.719  1604  1615 I WifiService: releaseWifiLock uid=10014
07-03 09:12:49.836  1970  1980 I zygote  : Background concurrent copying GC freed 92841(3MB) AllocSpace objects, 0(0B) LOS objects, 39% free, 9MB/15MB, paused 3.798ms total 135.062ms
07-03 09:12:49.892  5305  6963 I chatty  : uid=10104(net.osmand) expire 31 lines
07-03 09:12:50.583  1707  1729 I zygote  : Background concurrent copying GC freed 169117(5MB) AllocSpace objects, 0(0B) LOS objects, 45% free, 7MB/13MB, paused 31.399ms total 540.072ms
07-03 09:12:50.902  5305  6964 I chatty  : uid=10104(net.osmand) expire 31 lines
07-03 09:12:51.841  5305  5350 I chatty  : uid=10104(net.osmand) Loader map obje expire 72 lines
07-03 09:12:51.938  5305  5305 I chatty  : uid=10104(net.osmand) expire 14 lines
07-03 09:12:51.941  5305  6965 I chatty  : uid=10104(net.osmand) expire 31 lines
07-03 09:12:52.510  5305  5351 I chatty  : uid=10104(net.osmand) RenderingBaseIm expire 16 lines
07-03 09:12:53.006  5305  5315 I chatty  : uid=10104(net.osmand) HeapTaskDaemon expire 4 lines
07-03 09:12:56.151  5305  6966 I chatty  : uid=10104(net.osmand) expire 31 lines
07-03 09:12:56.939  5305  6967 I chatty  : uid=10104(net.osmand) expire 31 lines
07-03 09:12:57.958  5305  6968 I chatty  : uid=10104(net.osmand) expire 31 lines
07-03 09:12:58.556  5305  5315 I chatty  : uid=10104(net.osmand) HeapTaskDaemon expire 10 lines
07-03 09:12:58.703  5305  5305 I chatty  : uid=10104(net.osmand) expire 11 lines
07-03 09:12:58.709  5305  6969 I chatty  : uid=10104(net.osmand) expire 31 lines
07-03 09:12:58.842  5305  5351 I chatty  : uid=10104(net.osmand) RenderingBaseIm expire 30 lines
07-03 09:12:59.213  5305  5350 I chatty  : uid=10104(net.osmand) Loader map obje expire 112 lines
07-03 09:13:05.913  1970  1970 I GeofencerStateMachine: sendNewTransitions called.
07-03 09:13:05.989  1970  1970 I GeofencerStateMachine: sendNewTransitions called.
07-03 09:13:05.999  1970  1970 I GeofencerStateMachine: sendNewLocationAvailability: availability=LocationAvailability[isLocationAvailable: true]
07-03 09:13:06.117  1970  1970 I GeofencerStateMachine: sendNewLocationAvailability: availability=LocationAvailability[isLocationAvailable: true]
07-03 09:13:09.659  1604  3925 I WifiService: acquireWifiLock uid=10014 lockMode=2
07-03 09:13:09.810  5305  5305 I chatty  : uid=10104(net.osmand) expire 1 line
07-03 09:13:09.844  5305  5351 I chatty  : uid=10104(net.osmand) RenderingBaseIm expire 4 lines
07-03 09:13:10.066  2061  2074 I zygote  : NativeAlloc concurrent copying GC freed 29834(1338KB) AllocSpace objects, 0(0B) LOS objects, 49% free, 4MB/9MB, paused 1.012ms total 172.898ms
07-03 09:13:10.215  5305  5350 I chatty  : uid=10104(net.osmand) Loader map obje expire 96 lines
07-03 09:13:10.709  5305  5315 I chatty  : uid=10104(net.osmand) HeapTaskDaemon expire 11 lines
07-03 09:13:11.083  5305  5305 I chatty  : uid=10104(net.osmand) expire 17 lines
07-03 09:13:11.150  5305  5351 I chatty  : uid=10104(net.osmand) RenderingBaseIm expire 26 lines
07-03 09:13:12.647  1760  1760 I wpa_supplicant: nl80211: send_and_recv->nl_recvmsgs failed: -33
07-03 09:13:12.647  1604  1615 D WificondControl: Scan result ready event
07-03 09:13:12.690  1604  5450 I WifiService: releaseWifiLock uid=10014
07-03 09:13:16.855  1604  1613 I zygote  : Background concurrent copying GC freed 89656(3MB) AllocSpace objects, 52(2MB) LOS objects, 9% free, 58MB/64MB, paused 1.003ms total 913.505ms
07-03 09:13:19.709  5305  6971 I chatty  : uid=10104(net.osmand) expire 31 lines
07-03 09:13:21.418  1604  1621 I WifiService: requestActivityInfo uid=1000
07-03 09:13:21.419  1604  1621 I WifiService: reportActivityInfo uid=1000
07-03 09:13:21.419  1604  1621 I WifiService: getSupportedFeatures uid=1000
07-03 09:13:21.919  5305  5351 I chatty  : uid=10104(net.osmand) RenderingBaseIm expire 4 lines
07-03 09:13:21.966  5305  6973 I chatty  : uid=10104(net.osmand) expire 31 lines
07-03 09:13:22.087  5305  5350 I chatty  : uid=10104(net.osmand) Loader map obje expire 16 lines
07-03 09:13:22.919  5305  6974 I chatty  : uid=10104(net.osmand) expire 31 lines
07-03 09:13:23.119  5305  5536 I chatty  : uid=10104(net.osmand) pool-2-thread-1 expire 2 lines
07-03 09:13:23.269  5305  5305 I chatty  : uid=10104(net.osmand) expire 11 lines
07-03 09:13:23.272  5305  5351 I chatty  : uid=10104(net.osmand) RenderingBaseIm expire 16 lines
07-03 09:13:23.714  5305  5315 I chatty  : uid=10104(net.osmand) HeapTaskDaemon expire 3 lines
07-03 09:13:23.757  5305  5350 I chatty  : uid=10104(net.osmand) Loader map obje expire 36 lines
07-03 09:13:23.943  5305  6975 I chatty  : uid=10104(net.osmand) expire 31 lines
07-03 09:13:24.434  5305  6976 I chatty  : uid=10104(net.osmand) expire 31 lines
07-03 09:13:25.626  5305  6977 I chatty  : uid=10104(net.osmand) expire 31 lines
07-03 09:13:25.905  5305  6978 I chatty  : uid=10104(net.osmand) expire 31 lines
07-03 09:13:26.291  5305  5350 I chatty  : uid=10104(net.osmand) Loader map obje expire 90 lines
07-03 09:13:26.473  5305  5315 I chatty  : uid=10104(net.osmand) HeapTaskDaemon expire 6 lines
07-03 09:13:26.923  5305  5351 I chatty  : uid=10104(net.osmand) RenderingBaseIm expire 24 lines
07-03 09:13:28.112  5305  5305 I chatty  : uid=10104(net.osmand) expire 21 lines
07-03 09:13:29.305  5305  6979 I chatty  : uid=10104(net.osmand) expire 31 lines
07-03 09:13:29.769  1604  1615 I WifiService: acquireWifiLock uid=10014 lockMode=2
07-03 09:13:29.818  1604  1617 E memtrack: Couldn't load memtrack module
07-03 09:13:29.818  1604  1617 W android.os.Debug: failed to get memory consumption info: -1
07-03 09:13:30.048  1604  3883 I WifiService: releaseWifiLock uid=10014
07-03 09:13:30.590  1604  1617 E memtrack: Couldn't load memtrack module
07-03 09:13:30.590  1604  1617 W android.os.Debug: failed to get memory consumption info: -1
07-03 09:13:30.668  1604  1617 E memtrack: Couldn't load memtrack module
07-03 09:13:30.668  1604  1617 W android.os.Debug: failed to get memory consumption info: -1
07-03 09:13:32.009  5305  6981 I chatty  : uid=10104(net.osmand) expire 31 lines
07-03 09:13:32.573  1707  1729 I zygote  : Background concurrent copying GC freed 176780(6MB) AllocSpace objects, 0(0B) LOS objects, 46% free, 6MB/12MB, paused 3.965ms total 233.273ms
07-03 09:13:32.915  1604  3574 I MediaFocusControl: requestAudioFocus() from uid/pid 10104/5305 clientId=android.media.AudioManager@aecc42bnet.osmand.plus.api.AudioFocusHelperImpl@1a48963 callingPack=net.osmand req=3 flags=0x0 sdk=26
07-03 09:13:32.917  4639  5541 I TTS.GoogleTTSServiceImp: Synthesis request for locale por-BRA and name pt-BR-language
07-03 09:13:32.918  4639  5541 I TTS.GoogleTTSServiceImp: TTS dispatch: pt-br-x-afs-lstm-embedded
07-03 09:13:32.931  1604  3574 I MediaFocusControl: abandonAudioFocus() from uid/pid 10104/5305 clientId=android.media.AudioManager@aecc42bnet.osmand.plus.api.AudioFocusHelperImpl@1a48963
07-03 09:13:32.932  5305  5667 I chatty  : uid=10104(net.osmand) Binder:5305_6 expire 2 lines
07-03 09:13:32.935  5305  6983 I chatty  : uid=10104(net.osmand) expire 31 lines
07-03 09:13:33.597  5305  5350 I chatty  : uid=10104(net.osmand) Loader map obje expire 75 lines
07-03 09:13:34.450  5305  5315 I chatty  : uid=10104(net.osmand) HeapTaskDaemon expire 4 lines
07-03 09:13:34.530  5305  5305 I chatty  : uid=10104(net.osmand) expire 18 lines
07-03 09:13:34.579  5305  5351 I chatty  : uid=10104(net.osmand) RenderingBaseIm expire 12 lines
07-03 09:13:34.594  5305  6984 I chatty  : uid=10104(net.osmand) expire 31 lines
07-03 09:13:36.000  5305  6985 I chatty  : uid=10104(net.osmand) expire 31 lines
07-03 09:13:36.938  1970  1970 I GeofencerStateMachine: sendNewTransitions called.
07-03 09:13:36.943  5305  6986 I chatty  : uid=10104(net.osmand) expire 31 lines
07-03 09:13:38.486  5305  6987 I chatty  : uid=10104(net.osmand) expire 31 lines
07-03 09:13:38.809  5305  5350 I chatty  : uid=10104(net.osmand) Loader map obje expire 97 lines
07-03 09:13:38.923  5305  5305 I chatty  : uid=10104(net.osmand) expire 14 lines
07-03 09:13:39.888  5305  5351 I chatty  : uid=10104(net.osmand) RenderingBaseIm expire 14 lines
07-03 09:13:39.998  5305  5315 I chatty  : uid=10104(net.osmand) HeapTaskDaemon expire 7 lines
07-03 09:13:41.008  1403  1418 D hwcomposer: hw_composer sent 84 syncs in 60s
07-03 09:13:42.034  1410  1410 I boot-pipe: done populating /dev/random
07-03 09:13:44.875  5305  6988 I chatty  : uid=10104(net.osmand) expire 31 lines
07-03 09:13:45.551  1604  1621 I WifiService: requestActivityInfo uid=1000
07-03 09:13:45.551  1604  1621 I WifiService: reportActivityInfo uid=1000
07-03 09:13:45.551  1604  1621 I WifiService: getSupportedFeatures uid=1000
07-03 09:13:45.940  5305  6990 I chatty  : uid=10104(net.osmand) expire 31 lines
07-03 09:13:46.793  1604  1613 I zygote  : Background concurrent copying GC freed 85683(3MB) AllocSpace objects, 56(2MB) LOS objects, 9% free, 59MB/65MB, paused 2.069ms total 1.968s
07-03 09:13:50.075  5305  5350 I chatty  : uid=10104(net.osmand) Loader map obje expire 106 lines
07-03 09:13:50.627  5305  5315 I chatty  : uid=10104(net.osmand) HeapTaskDaemon expire 8 lines
07-03 09:13:50.820  1604  1604 I ActivityManager: Start proc 6996:com.android.chrome/u0a49 for service com.android.chrome/org.chromium.components.background_task_scheduler.BackgroundTaskJobService
07-03 09:13:50.823  6996  6996 W zygote  : Unexpected CPU variant for X86 using defaults: x86
07-03 09:13:50.827  1604  3883 I WifiService: acquireWifiLock uid=10014 lockMode=2
07-03 09:13:51.114  5305  5305 I chatty  : uid=10104(net.osmand) expire 13 lines
07-03 09:13:51.208  1604  7927 I ActivityManager: Killing 2840:com.google.android.gms.unstable/u0a14 (adj 906): empty for 1873s
07-03 09:13:51.213  1604  1620 W zygote  : kill(-2840, 9) failed: No such process
07-03 09:13:51.222  5305  5351 I chatty  : uid=10104(net.osmand) RenderingBaseIm expire 34 lines
07-03 09:13:51.255  1604  1620 W zygote  : kill(-2840, 9) failed: No such process
07-03 09:13:51.343  1604  1620 I chatty  : uid=1000(system) ActivityManager identical 2 lines
07-03 09:13:51.386  1604  1620 W zygote  : kill(-2840, 9) failed: No such process
07-03 09:13:51.386  1604  1620 I zygote  : Successfully killed process cgroup uid 10014 pid 2840 in 173ms
07-03 09:13:53.828  1604  3883 D WificondControl: Scan result ready event
07-03 09:13:53.967  1604  4624 I WifiService: releaseWifiLock uid=10014
07-03 09:13:59.870  5305  7014 I chatty  : uid=10104(net.osmand) expire 31 lines
07-03 09:14:00.972  5305  7015 I chatty  : uid=10104(net.osmand) expire 31 lines
07-03 09:14:01.889  5305  5350 I chatty  : uid=10104(net.osmand) Loader map obje expire 82 lines
07-03 09:14:02.397  5305  5305 I chatty  : uid=10104(net.osmand) expire 28 lines
07-03 09:14:02.450  5305  7016 I chatty  : uid=10104(net.osmand) expire 31 lines
07-03 09:14:02.451  5305  5351 I chatty  : uid=10104(net.osmand) RenderingBaseIm expire 22 lines
07-03 09:14:03.136  1604  2058 I MediaFocusControl: requestAudioFocus() from uid/pid 10104/5305 clientId=android.media.AudioManager@aecc42bnet.osmand.plus.api.AudioFocusHelperImpl@933d123 callingPack=net.osmand req=3 flags=0x0 sdk=26
07-03 09:14:03.142  4639  5541 I TTS.GoogleTTSServiceImp: Synthesis request for locale por-BRA and name pt-BR-language
07-03 09:14:03.144  4639  5541 I TTS.GoogleTTSServiceImp: TTS dispatch: pt-br-x-afs-lstm-embedded
07-03 09:14:03.360  4639  5542 D AudioTrack: Client defaulted notificationFrames to 1365 for frameCount 4096
07-03 09:14:03.370  1604  3883 V MediaRouterService: restoreBluetoothA2dp(false)
07-03 09:14:03.385  1394  3176 W audio_hw_generic: Not supplying enough data to HAL, expected position 393944591 , only wrote 393944400
07-03 09:14:03.404  5305  5323 I chatty  : uid=10104(net.osmand) Profile Saver expire 2 lines
07-03 09:14:03.645  5305  5315 I chatty  : uid=10104(net.osmand) HeapTaskDaemon expire 3 lines
07-03 09:14:06.200  1604  1613 I zygote  : Background concurrent copying GC freed 80500(3MB) AllocSpace objects, 60(3MB) LOS objects, 9% free, 58MB/64MB, paused 1.677ms total 1.205s
07-03 09:14:06.541  4639 21194 D AudioTrack: stop() called with 72362 frames delivered
07-03 09:14:06.545  1604  2170 V MediaRouterService: restoreBluetoothA2dp(false)
07-03 09:14:06.549  5305  5775 I chatty  : uid=10104(net.osmand) Binder:5305_8 expire 4 lines
07-03 09:14:06.550  1604  3574 I MediaFocusControl: abandonAudioFocus() from uid/pid 10104/5305 clientId=android.media.AudioManager@aecc42bnet.osmand.plus.api.AudioFocusHelperImpl@933d123
07-03 09:14:06.551  4639  5541 I TTS.EventProcessor: synthesizeMarkup call to callback.audioAvailable failed: -1
07-03 09:14:06.563  5305  7019 I chatty  : uid=10104(net.osmand) expire 31 lines
07-03 09:14:06.981  1970  1970 I GeofencerStateMachine: sendNewTransitions called.
07-03 09:14:07.089  1970  1970 I GeofencerStateMachine: sendNewTransitions called.
07-03 09:14:07.098  1970  1970 I GeofencerStateMachine: sendNewLocationAvailability: availability=LocationAvailability[isLocationAvailable: true]
07-03 09:14:07.259  1970  1970 I GeofencerStateMachine: sendNewLocationAvailability: availability=LocationAvailability[isLocationAvailable: true]
07-03 09:14:07.836  1604  4621 I MediaFocusControl: requestAudioFocus() from uid/pid 10104/5305 clientId=android.media.AudioManager@aecc42bnet.osmand.plus.api.AudioFocusHelperImpl@9ff5e76 callingPack=net.osmand req=3 flags=0x0 sdk=26
07-03 09:14:07.841  4639  5541 I TTS.GoogleTTSServiceImp: Synthesis request for locale por-BRA and name pt-BR-language
07-03 09:14:07.845  4639  5541 I TTS.GoogleTTSServiceImp: TTS dispatch: pt-br-x-afs-lstm-embedded
07-03 09:14:07.849  1604  4621 I MediaFocusControl: abandonAudioFocus() from uid/pid 10104/5305 clientId=android.media.AudioManager@aecc42bnet.osmand.plus.api.AudioFocusHelperImpl@9ff5e76
07-03 09:14:07.861  5305  7020 I chatty  : uid=10104(net.osmand) expire 31 lines
07-03 09:14:08.547  5305  5350 I chatty  : uid=10104(net.osmand) Loader map obje expire 68 lines
07-03 09:14:08.625  1707  1729 I zygote  : Background concurrent copying GC freed 168702(5MB) AllocSpace objects, 0(0B) LOS objects, 45% free, 7MB/13MB, paused 1.687ms total 651.391ms
07-03 09:14:08.921  5305  5305 I chatty  : uid=10104(net.osmand) expire 15 lines
07-03 09:14:08.927  5305  7021 I chatty  : uid=10104(net.osmand) expire 31 lines
07-03 09:14:09.185  5305  5351 I chatty  : uid=10104(net.osmand) RenderingBaseIm expire 26 lines
07-03 09:14:09.581  1394  1575 W audio_hw_generic: Not supplying enough data to HAL, expected position 394538294 , only wrote 394241760
07-03 09:14:10.472  5305  7022 I chatty  : uid=10104(net.osmand) expire 31 lines
07-03 09:14:10.928  1604  2170 I WifiService: acquireWifiLock uid=10014 lockMode=2
07-03 09:14:11.140  5305  5315 I chatty  : uid=10104(net.osmand) HeapTaskDaemon expire 2 lines
07-03 09:14:11.167  1604  2058 I WifiService: releaseWifiLock uid=10014
07-03 09:14:11.178  1604  1617 E memtrack: Couldn't load memtrack module
07-03 09:14:11.178  1604  1617 W android.os.Debug: failed to get memory consumption info: -1
07-03 09:14:11.341  1604  1617 E memtrack: Couldn't load memtrack module
07-03 09:14:11.342  1604  1617 W android.os.Debug: failed to get memory consumption info: -1
07-03 09:14:11.402  1604  1617 E memtrack: Couldn't load memtrack module
07-03 09:14:11.402  1604  1617 W android.os.Debug: failed to get memory consumption info: -1
07-03 09:14:11.623  5305  7023 I chatty  : uid=10104(net.osmand) expire 31 lines
07-03 09:14:12.812  5305  7024 I chatty  : uid=10104(net.osmand) expire 31 lines
07-03 09:14:13.032  5305  5305 I chatty  : uid=10104(net.osmand) expire 13 lines
07-03 09:14:13.179  5305  5350 I chatty  : uid=10104(net.osmand) Loader map obje expire 48 lines
07-03 09:14:13.753  5305  5315 I chatty  : uid=10104(net.osmand) HeapTaskDaemon expire 3 lines
07-03 09:14:13.953  5305  7025 I chatty  : uid=10104(net.osmand) expire 31 lines
07-03 09:14:14.248  5305  5351 I chatty  : uid=10104(net.osmand) RenderingBaseIm expire 12 lines
07-03 09:14:14.960  5305  7026 I chatty  : uid=10104(net.osmand) expire 31 lines
07-03 09:14:15.541  5305  7027 I chatty  : uid=10104(net.osmand) expire 31 lines
07-03 09:14:16.755  5305  7028 I chatty  : uid=10104(net.osmand) expire 31 lines
07-03 09:14:17.367  5305  5350 I chatty  : uid=10104(net.osmand) Loader map obje expire 85 lines
07-03 09:14:17.550  5305  5315 I chatty  : uid=10104(net.osmand) HeapTaskDaemon expire 4 lines
07-03 09:14:17.939  5305  5305 I chatty  : uid=10104(net.osmand) expire 26 lines
07-03 09:14:17.981  5305  5351 I chatty  : uid=10104(net.osmand) RenderingBaseIm expire 22 lines
07-03 09:14:18.054  5305  7029 I chatty  : uid=10104(net.osmand) expire 31 lines
07-03 09:14:19.463  5305  7030 I chatty  : uid=10104(net.osmand) expire 31 lines
07-03 09:14:19.654  5305  5536 I chatty  : uid=10104(net.osmand) pool-2-thread-1 expire 2 lines
07-03 09:14:21.138  1604  1621 I WifiService: requestActivityInfo uid=1000
07-03 09:14:21.138  1604  1621 I WifiService: reportActivityInfo uid=1000
07-03 09:14:21.138  1604  1621 I WifiService: getSupportedFeatures uid=1000
07-03 09:14:22.956  5305  7032 I chatty  : uid=10104(net.osmand) expire 31 lines
07-03 09:14:23.472  5305  5305 I chatty  : uid=10104(net.osmand) expire 15 lines
07-03 09:14:23.474  5305  7033 I chatty  : uid=10104(net.osmand) expire 31 lines
07-03 09:14:23.965  5305  5315 I chatty  : uid=10104(net.osmand) HeapTaskDaemon expire 3 lines
07-03 09:14:23.972  5305  7034 I chatty  : uid=10104(net.osmand) expire 31 lines
07-03 09:14:24.713  5305  7035 I chatty  : uid=10104(net.osmand) expire 31 lines
07-03 09:14:24.714  5305  5351 I chatty  : uid=10104(net.osmand) RenderingBaseIm expire 12 lines
07-03 09:14:25.082  5305  5350 I chatty  : uid=10104(net.osmand) Loader map obje expire 32 lines
07-03 09:14:25.984  5305  7036 I chatty  : uid=10104(net.osmand) expire 31 lines
07-03 09:14:26.983  5305  7037 I chatty  : uid=10104(net.osmand) expire 31 lines
07-03 09:14:27.596  5305  5350 I chatty  : uid=10104(net.osmand) Loader map obje expire 64 lines
07-03 09:14:28.056  5305  5315 I chatty  : uid=10104(net.osmand) HeapTaskDaemon expire 3 lines
07-03 09:14:28.560  5305  5305 I chatty  : uid=10104(net.osmand) expire 15 lines
07-03 09:14:28.610  5305  5351 I chatty  : uid=10104(net.osmand) RenderingBaseIm expire 14 lines
07-03 09:14:28.615  5305  7038 I chatty  : uid=10104(net.osmand) expire 31 lines
07-03 09:14:28.898  2061  2074 I zygote  : NativeAlloc concurrent copying GC freed 30312(1365KB) AllocSpace objects, 0(0B) LOS objects, 50% free, 4MB/9MB, paused 1.829ms total 276.443ms
07-03 09:14:29.822  5305  7039 I chatty  : uid=10104(net.osmand) expire 31 lines
07-03 09:14:30.963  5305  7041 I chatty  : uid=10104(net.osmand) expire 31 lines
07-03 09:14:30.972  1604  1617 E memtrack: Couldn't load memtrack module
07-03 09:14:30.972  1604  1617 W android.os.Debug: failed to get memory consumption info: -1
07-03 09:14:31.053  1604  2058 I WifiService: acquireWifiLock uid=10014 lockMode=2
07-03 09:14:31.267  1604  1617 E memtrack: Couldn't load memtrack module
07-03 09:14:31.267  1604  1617 W android.os.Debug: failed to get memory consumption info: -1
07-03 09:14:31.336  1604  1617 E memtrack: Couldn't load memtrack module
07-03 09:14:31.336  1604  1617 W android.os.Debug: failed to get memory consumption info: -1
07-03 09:14:31.397  1604  1617 E memtrack: Couldn't load memtrack module
07-03 09:14:31.397  1604  1617 W android.os.Debug: failed to get memory consumption info: -1
07-03 09:14:31.999  5305  7042 I chatty  : uid=10104(net.osmand) expire 31 lines
07-03 09:14:32.202  1604  1621 I WifiService: requestActivityInfo uid=1000
07-03 09:14:32.202  1604  1621 I WifiService: reportActivityInfo uid=1000
07-03 09:14:32.203  1604  1621 I WifiService: getSupportedFeatures uid=1000
07-03 09:14:32.558  5305  5351 I chatty  : uid=10104(net.osmand) RenderingBaseIm expire 18 lines
07-03 09:14:32.589  5305  5350 I chatty  : uid=10104(net.osmand) Loader map obje expire 77 lines
07-03 09:14:32.637  5305  5315 I chatty  : uid=10104(net.osmand) HeapTaskDaemon expire 6 lines
07-03 09:14:33.708  5305  5305 I chatty  : uid=10104(net.osmand) expire 13 lines
07-03 09:14:33.957  1604  4621 D WificondControl: Scan result ready event
07-03 09:14:34.150  1604  4624 I WifiService: releaseWifiLock uid=10014
07-03 09:14:36.981  1970  1970 I GeofencerStateMachine: sendNewTransitions called.
07-03 09:14:37.525  5305  7044 I chatty  : uid=10104(net.osmand) expire 31 lines
07-03 09:14:38.071  5305  7045 I chatty  : uid=10104(net.osmand) expire 31 lines
07-03 09:14:40.026  5305  7046 I chatty  : uid=10104(net.osmand) expire 31 lines
07-03 09:14:40.807  5305  5350 I chatty  : uid=10104(net.osmand) Loader map obje expire 51 lines
07-03 09:14:40.942  5305  5305 I chatty  : uid=10104(net.osmand) expire 15 lines
07-03 09:14:40.944  5305  7047 I chatty  : uid=10104(net.osmand) expire 31 lines
07-03 09:14:41.452  5305  7048 I chatty  : uid=10104(net.osmand) expire 31 lines
07-03 09:14:41.455  5305  5351 I chatty  : uid=10104(net.osmand) RenderingBaseIm expire 12 lines
07-03 09:14:42.012  5305  7049 I chatty  : uid=10104(net.osmand) expire 31 lines
07-03 09:14:42.036  1410  1410 I boot-pipe: done populating /dev/random
07-03 09:14:42.374  5305  5315 I chatty  : uid=10104(net.osmand) HeapTaskDaemon expire 5 lines
07-03 09:14:44.687  1604  1613 I zygote  : Background concurrent copying GC freed 89898(3MB) AllocSpace objects, 48(2MB) LOS objects, 9% free, 58MB/64MB, paused 1.237ms total 736.128ms
07-03 09:14:45.006  1403  1418 D hwcomposer: hw_composer sent 78 syncs in 64s
07-03 09:14:46.848  5305  7050 I chatty  : uid=10104(net.osmand) expire 31 lines
07-03 09:14:47.213  2934  2995 E PlayCommon: [1205] adnc.d(289): Failed to connect to server: java.net.ConnectException: Failed to connect to play.googleapis.com/216.58.202.170:443
07-03 09:14:48.068  5305  7051 I chatty  : uid=10104(net.osmand) expire 31 lines
07-03 09:14:48.957  5305  5351 I chatty  : uid=10104(net.osmand) RenderingBaseIm expire 16 lines
07-03 09:14:48.960  5305  5305 I chatty  : uid=10104(net.osmand) expire 14 lines
07-03 09:14:48.966  5305  7052 I chatty  : uid=10104(net.osmand) expire 31 lines
07-03 09:14:49.590  5305  5350 I chatty  : uid=10104(net.osmand) Loader map obje expire 48 lines
07-03 09:14:49.977  5305  7057 I chatty  : uid=10104(net.osmand) expire 31 lines
07-03 09:14:50.256  5305  5315 I chatty  : uid=10104(net.osmand) HeapTaskDaemon expire 2 lines
07-03 09:14:50.715  5305  7058 I chatty  : uid=10104(net.osmand) expire 31 lines
07-03 09:14:51.959  5305  7059 I chatty  : uid=10104(net.osmand) expire 31 lines
07-03 09:14:52.257  1604  3574 I WifiService: acquireWifiLock uid=10014 lockMode=2
07-03 09:14:52.367  1604  1617 E memtrack: Couldn't load memtrack module
07-03 09:14:52.367  1604  1617 W android.os.Debug: failed to get memory consumption info: -1
07-03 09:14:52.559  1604  2170 I WifiService: releaseWifiLock uid=10014
07-03 09:14:52.687  1970  1980 I zygote  : Background concurrent copying GC freed 105059(4MB) AllocSpace objects, 0(0B) LOS objects, 39% free, 9MB/15MB, paused 20.205ms total 451.109ms
07-03 09:14:52.818  1604  1617 E memtrack: Couldn't load memtrack module
07-03 09:14:52.818  1604  1617 W android.os.Debug: failed to get memory consumption info: -1
07-03 09:14:52.876  1604  1617 E memtrack: Couldn't load memtrack module
07-03 09:14:52.876  1604  1617 W android.os.Debug: failed to get memory consumption info: -1
07-03 09:14:52.966  5305  5305 I chatty  : uid=10104(net.osmand) expire 16 lines
07-03 09:14:52.969  5305  7061 I chatty  : uid=10104(net.osmand) expire 31 lines
07-03 09:14:53.424  5305  5351 I chatty  : uid=10104(net.osmand) RenderingBaseIm expire 20 lines
07-03 09:14:53.436  5305  5315 I chatty  : uid=10104(net.osmand) HeapTaskDaemon expire 4 lines
07-03 09:14:53.822  5305  5350 I chatty  : uid=10104(net.osmand) Loader map obje expire 48 lines
07-03 09:14:53.979  5305  7062 I chatty  : uid=10104(net.osmand) expire 31 lines
07-03 09:14:54.679  5305  7063 I chatty  : uid=10104(net.osmand) expire 31 lines
07-03 09:14:55.869  5305  7064 I chatty  : uid=10104(net.osmand) expire 31 lines
07-03 09:14:56.966  5305  7065 I chatty  : uid=10104(net.osmand) expire 31 lines
07-03 09:14:57.260  5305  5351 I chatty  : uid=10104(net.osmand) RenderingBaseIm expire 8 lines
07-03 09:14:57.859  5305  5350 I chatty  : uid=10104(net.osmand) Loader map obje expire 48 lines
07-03 09:14:57.983  5305  5315 I chatty  : uid=10104(net.osmand) HeapTaskDaemon expire 4 lines
07-03 09:14:58.366  5305  5305 I chatty  : uid=10104(net.osmand) expire 15 lines
07-03 09:14:58.372  5305  7066 I chatty  : uid=10104(net.osmand) expire 31 lines
07-03 09:14:59.021  5305  7067 I chatty  : uid=10104(net.osmand) expire 31 lines
07-03 09:14:59.595  5305  7068 I chatty  : uid=10104(net.osmand) expire 31 lines
07-03 09:15:00.829  5305  7069 I chatty  : uid=10104(net.osmand) expire 31 lines
07-03 09:15:01.951  5305  5305 I chatty  : uid=10104(net.osmand) expire 18 lines
07-03 09:15:01.953  5305  7070 I chatty  : uid=10104(net.osmand) expire 31 lines
07-03 09:15:02.751  5305  5315 I chatty  : uid=10104(net.osmand) HeapTaskDaemon expire 4 lines
07-03 09:15:02.962  5305  5351 I chatty  : uid=10104(net.osmand) RenderingBaseIm expire 18 lines
07-03 09:15:02.964  5305  7071 I chatty  : uid=10104(net.osmand) expire 31 lines
07-03 09:15:03.485  5305  5350 I chatty  : uid=10104(net.osmand) Loader map obje expire 53 lines
07-03 09:15:04.776  5305  7072 I chatty  : uid=10104(net.osmand) expire 31 lines
07-03 09:15:05.991  5305  7073 I chatty  : uid=10104(net.osmand) expire 31 lines
07-03 09:15:06.976  1970  1970 I GeofencerStateMachine: sendNewTransitions called.
07-03 09:15:06.983  5305  7074 I chatty  : uid=10104(net.osmand) expire 31 lines
07-03 09:15:07.133  1970  1970 I GeofencerStateMachine: sendNewTransitions called.
07-03 09:15:07.162  1970  1970 I GeofencerStateMachine: sendNewLocationAvailability: availability=LocationAvailability[isLocationAvailable: true]
07-03 09:15:07.283  1970  1970 I GeofencerStateMachine: sendNewLocationAvailability: availability=LocationAvailability[isLocationAvailable: true]
07-03 09:15:07.716  5305  5351 I chatty  : uid=10104(net.osmand) RenderingBaseIm expire 15 lines
07-03 09:15:07.879  5305  5350 I chatty  : uid=10104(net.osmand) Loader map obje expire 64 lines
07-03 09:15:08.040  5305  5305 I chatty  : uid=10104(net.osmand) expire 16 lines
07-03 09:15:08.056  5305  7075 I chatty  : uid=10104(net.osmand) expire 31 lines
07-03 09:15:08.535  5305  5315 I chatty  : uid=10104(net.osmand) HeapTaskDaemon expire 4 lines
07-03 09:15:09.957  5305  7076 I chatty  : uid=10104(net.osmand) expire 31 lines
07-03 09:15:11.020  5305  7077 I chatty  : uid=10104(net.osmand) expire 31 lines
07-03 09:15:12.269  1604  2058 I WifiService: acquireWifiLock uid=10014 lockMode=2
07-03 09:15:12.565  5305  7078 I chatty  : uid=10104(net.osmand) expire 31 lines
07-03 09:15:12.790  5305  5351 I chatty  : uid=10104(net.osmand) RenderingBaseIm expire 17 lines
07-03 09:15:13.054  5305  5305 I chatty  : uid=10104(net.osmand) expire 12 lines
07-03 09:15:13.059  5305  7079 I chatty  : uid=10104(net.osmand) expire 31 lines
07-03 09:15:13.070  1707  1729 I zygote  : Background concurrent copying GC freed 175206(6MB) AllocSpace objects, 0(0B) LOS objects, 46% free, 7MB/13MB, paused 12.494ms total 361.958ms
07-03 09:15:13.251  5305  5350 I chatty  : uid=10104(net.osmand) Loader map obje expire 53 lines
07-03 09:15:14.091  5305  7080 I chatty  : uid=10104(net.osmand) expire 31 lines
07-03 09:15:14.565  5305  5315 I chatty  : uid=10104(net.osmand) HeapTaskDaemon expire 2 lines
07-03 09:15:15.025  5305  7081 I chatty  : uid=10104(net.osmand) expire 31 lines
07-03 09:15:15.247  1604  3574 D WificondControl: Scan result ready event
07-03 09:15:15.390  1604  3883 I WifiService: releaseWifiLock uid=10014
07-03 09:15:15.976  5305  7082 I chatty  : uid=10104(net.osmand) expire 31 lines
07-03 09:15:16.566  5305  5305 I chatty  : uid=10104(net.osmand) expire 13 lines
07-03 09:15:16.573  5305  5351 I chatty  : uid=10104(net.osmand) RenderingBaseIm expire 16 lines
07-03 09:15:16.581  5305  7083 I chatty  : uid=10104(net.osmand) expire 31 lines
07-03 09:15:16.763  5305  5350 I chatty  : uid=10104(net.osmand) Loader map obje expire 48 lines
07-03 09:15:17.035  5305  7084 I chatty  : uid=10104(net.osmand) expire 31 lines
07-03 09:15:17.532  5305  5315 I chatty  : uid=10104(net.osmand) HeapTaskDaemon expire 3 lines
07-03 09:15:17.826  5305  7085 I chatty  : uid=10104(net.osmand) expire 31 lines
07-03 09:15:18.970  5305  7086 I chatty  : uid=10104(net.osmand) expire 31 lines
07-03 09:15:19.983  5305  7087 I chatty  : uid=10104(net.osmand) expire 31 lines
07-03 09:15:20.413  5305  5305 I chatty  : uid=10104(net.osmand) expire 15 lines
07-03 09:15:21.005  5305  7088 I chatty  : uid=10104(net.osmand) expire 31 lines
07-03 09:15:21.474  1604  1613 I zygote  : Background concurrent copying GC freed 77596(2MB) AllocSpace objects, 40(2MB) LOS objects, 9% free, 58MB/64MB, paused 1.262ms total 1.446s
07-03 09:15:21.616  5305  5315 I chatty  : uid=10104(net.osmand) HeapTaskDaemon expire 3 lines
07-03 09:15:21.637  5305  5351 I chatty  : uid=10104(net.osmand) RenderingBaseIm expire 12 lines
07-03 09:15:21.653  5305  7089 I chatty  : uid=10104(net.osmand) expire 31 lines
07-03 09:15:21.672  5305  5350 I chatty  : uid=10104(net.osmand) Loader map obje expire 48 lines
07-03 09:15:22.828  5305  7090 I chatty  : uid=10104(net.osmand) expire 31 lines
07-03 09:15:24.017  5305  7091 I chatty  : uid=10104(net.osmand) expire 31 lines
07-03 09:15:24.991  5305  5305 I chatty  : uid=10104(net.osmand) expire 14 lines
07-03 09:15:25.004  5305  7092 I chatty  : uid=10104(net.osmand) expire 31 lines
07-03 09:15:25.119  5305  5315 I chatty  : uid=10104(net.osmand) HeapTaskDaemon expire 3 lines
07-03 09:15:25.415  5305  7093 I chatty  : uid=10104(net.osmand) expire 31 lines
07-03 09:15:25.502  5305  5351 I chatty  : uid=10104(net.osmand) RenderingBaseIm expire 16 lines
07-03 09:15:26.085  5305  5350 I chatty  : uid=10104(net.osmand) Loader map obje expire 37 lines
07-03 09:15:26.693  5305  7094 I chatty  : uid=10104(net.osmand) expire 31 lines
07-03 09:15:27.033  5305  7095 I chatty  : uid=10104(net.osmand) expire 31 lines
07-03 09:15:27.868  5305  7096 I chatty  : uid=10104(net.osmand) expire 31 lines
07-03 09:15:28.348  5305  5350 I chatty  : uid=10104(net.osmand) Loader map obje expire 59 lines
07-03 09:15:28.883  5305  5315 I chatty  : uid=10104(net.osmand) HeapTaskDaemon expire 3 lines
07-03 09:15:29.026  5305  5305 I chatty  : uid=10104(net.osmand) expire 14 lines
07-03 09:15:29.039  5305  7097 I chatty  : uid=10104(net.osmand) expire 31 lines
07-03 09:15:29.600  5305  5351 I chatty  : uid=10104(net.osmand) RenderingBaseIm expire 10 lines
07-03 09:15:29.989  5305  7098 I chatty  : uid=10104(net.osmand) expire 31 lines
07-03 09:15:30.426  2934  2965 I Finsky  : [1175] imb.run(3): Stats for Executor: BlockingExecutor ink@1e554f[Running, pool size = 0, active threads = 0, queued tasks = 0, completed tasks = 23]
07-03 09:15:30.428  2934  2965 I Finsky  : [1175] imb.run(3): Stats for Executor: LightweightExecutor ink@50294dc[Running, pool size = 2, active threads = 0, queued tasks = 0, completed tasks = 63]
07-03 09:15:30.590  5305  7101 I chatty  : uid=10104(net.osmand) expire 31 lines
07-03 09:15:31.218  2934  2965 I Finsky  : [1175] imb.run(3): Stats for Executor: bgExecutor ink@99c99e5[Running, pool size = 4, active threads = 0, queued tasks = 0, completed tasks = 902]
07-03 09:15:31.783  5305  7102 I chatty  : uid=10104(net.osmand) expire 31 lines
07-03 09:15:32.307  1604  4624 I WifiService: acquireWifiLock uid=10014 lockMode=2
07-03 09:15:32.322  1604  1617 E memtrack: Couldn't load memtrack module
07-03 09:15:32.322  1604  1617 W android.os.Debug: failed to get memory consumption info: -1
07-03 09:15:32.453  1604  4621 I WifiService: releaseWifiLock uid=10014
07-03 09:15:32.488  1604  1617 E memtrack: Couldn't load memtrack module
07-03 09:15:32.488  1604  1617 W android.os.Debug: failed to get memory consumption info: -1
07-03 09:15:32.699  5305  5315 I chatty  : uid=10104(net.osmand) HeapTaskDaemon expire 3 lines
07-03 09:15:32.977  5305  5351 I chatty  : uid=10104(net.osmand) RenderingBaseIm expire 16 lines
07-03 09:15:33.018  5305  5305 I chatty  : uid=10104(net.osmand) expire 17 lines
07-03 09:15:33.024  5305  7103 I chatty  : uid=10104(net.osmand) expire 31 lines
07-03 09:15:33.608  5305  5350 I chatty  : uid=10104(net.osmand) Loader map obje expire 48 lines
07-03 09:15:33.997  5305  7104 I chatty  : uid=10104(net.osmand) expire 31 lines
07-03 09:15:34.492  5305  7105 I chatty  : uid=10104(net.osmand) expire 31 lines
07-03 09:15:34.991  5305  7106 I chatty  : uid=10104(net.osmand) expire 31 lines
07-03 09:15:37.032  5305  7107 I chatty  : uid=10104(net.osmand) expire 31 lines
07-03 09:15:37.113  1970  1970 I GeofencerStateMachine: sendNewTransitions called.
07-03 09:15:37.872  5305  5315 I chatty  : uid=10104(net.osmand) HeapTaskDaemon expire 4 lines
07-03 09:15:37.950  5305  5350 I chatty  : uid=10104(net.osmand) Loader map obje expire 49 lines
07-03 09:15:38.367  5305  5305 I chatty  : uid=10104(net.osmand) expire 17 lines
07-03 09:15:38.413  5305  5351 I chatty  : uid=10104(net.osmand) RenderingBaseIm expire 8 lines
07-03 09:15:38.436  5305  7108 I chatty  : uid=10104(net.osmand) expire 31 lines
07-03 09:15:39.683  5305  7109 I chatty  : uid=10104(net.osmand) expire 31 lines
07-03 09:15:40.894  5305  7110 I chatty  : uid=10104(net.osmand) expire 31 lines
07-03 09:15:41.059  2180 21894 I qtaguid : Untagging socket 215 failed errno=-22
07-03 09:15:41.059  2180 21894 W NetworkManagementSocketTagger: untagSocket(215) failed with errno -22
07-03 09:15:41.996  5305  7111 I chatty  : uid=10104(net.osmand) expire 31 lines
07-03 09:15:42.037  1410  1410 I boot-pipe: done populating /dev/random
07-03 09:15:42.499  5305  5350 I chatty  : uid=10104(net.osmand) Loader map obje expire 63 lines
07-03 09:15:42.910  5305  5315 I chatty  : uid=10104(net.osmand) HeapTaskDaemon expire 4 lines
07-03 09:15:42.977  5305  5305 I chatty  : uid=10104(net.osmand) expire 14 lines
07-03 09:15:42.986  5305  7112 I chatty  : uid=10104(net.osmand) expire 31 lines
07-03 09:15:43.628  5305  5351 I chatty  : uid=10104(net.osmand) RenderingBaseIm expire 12 lines
07-03 09:15:43.982  5305  7113 I chatty  : uid=10104(net.osmand) expire 31 lines
07-03 09:15:44.734  5305  7114 I chatty  : uid=10104(net.osmand) expire 31 lines
07-03 09:15:45.928  5305  7115 I chatty  : uid=10104(net.osmand) expire 31 lines
07-03 09:15:46.976  5305  7116 I chatty  : uid=10104(net.osmand) expire 31 lines
07-03 09:15:47.440  5305  5305 I chatty  : uid=10104(net.osmand) expire 12 lines
07-03 09:15:47.446  5305  7117 I chatty  : uid=10104(net.osmand) expire 31 lines
07-03 09:15:47.452  5305  5351 I chatty  : uid=10104(net.osmand) RenderingBaseIm expire 16 lines
07-03 09:15:47.847  5305  5350 I chatty  : uid=10104(net.osmand) Loader map obje expire 64 lines
07-03 09:15:48.032  5305  7118 I chatty  : uid=10104(net.osmand) expire 31 lines
07-03 09:15:48.361  5305  5315 I chatty  : uid=10104(net.osmand) HeapTaskDaemon expire 5 lines
07-03 09:15:49.952  1403  1418 D hwcomposer: hw_composer sent 36 syncs in 65s
07-03 09:15:53.323  1604  1617 E memtrack: Couldn't load memtrack module
07-03 09:15:53.323  1604  1617 W android.os.Debug: failed to get memory consumption info: -1
