07-04 12:56:50.569 28496 28496 I net.osmand: RoutingHelper Recalculate route, because wrong movement direction: 186070.33
07-04 12:56:50.794 28496 28496 I net.osmand: RoutingHelper Recalculate route, because correlation  : 186070.33175635283
07-04 12:56:50.795 28496 28496 I net.osmand: RoutingHelper Recalculate route, because wrong movement direction: 186070.33
07-04 12:56:50.805 28496 28496 I net.osmand: RoutingHelper Recalculate route, because correlation  : 186070.33175635283
07-04 12:56:51.203 28496 28506 I zygote  : Background concurrent copying GC freed 286681(6MB) AllocSpace objects, 0(0B) LOS objects, 17% free, 27MB/33MB, paused 3.338ms total 659.205ms
07-04 12:56:51.351 28496 28496 I net.osmand: RoutingHelper Recalculate route, because correlation  : 186070.33175635283
07-04 12:56:51.351 28496 28496 I net.osmand: RoutingHelper Recalculate route, because wrong movement direction: 186070.33
07-04 12:56:51.506 28496 28496 I net.osmand: RoutingHelper Recalculate route, because correlation  : 186070.33175635283
07-04 12:56:51.506 28496 28496 I net.osmand: RoutingHelper Recalculate route, because wrong movement direction: 186070.33
07-04 12:56:51.528 28496 28496 I net.osmand: RoutingHelper Recalculate route, because correlation  : 186070.33175635283
07-04 12:56:51.597 28496 28496 I chatty  : uid=10104(net.osmand) identical 1 line
07-04 12:56:52.025 28496 28496 I net.osmand: RoutingHelper Recalculate route, because correlation  : 186070.33175635283
07-04 12:56:52.025 28496 28496 I net.osmand: RoutingHelper Recalculate route, because wrong movement direction: 186070.33
07-04 12:56:52.039 28496 28496 I net.osmand: RoutingHelper Recalculate route, because correlation  : 186070.33175635283
07-04 12:56:52.533 28496 28496 I net.osmand: RoutingHelper Recalculate route, because correlation  : 186070.33175635283
07-04 12:56:52.533 28496 28496 I net.osmand: RoutingHelper Recalculate route, because wrong movement direction: 186070.33
07-04 12:56:52.545 28496 28496 I net.osmand: RoutingHelper Recalculate route, because correlation  : 186070.33175635283
07-04 12:56:52.662  1604  2691 I WifiService: acquireWifiLock uid=10014 lockMode=2
07-04 12:56:52.778 28496 28496 I net.osmand: RoutingHelper Recalculate route, because correlation  : 186070.33175635283
07-04 12:56:52.779 28496 28496 I net.osmand: RoutingHelper Recalculate route, because wrong movement direction: 186070.33
07-04 12:56:52.808 28496 28506 I zygote  : Background concurrent copying GC freed 414458(9MB) AllocSpace objects, 0(0B) LOS objects, 17% free, 28MB/34MB, paused 1.629ms total 705.182ms
07-04 12:56:52.876  1604  2691 I WifiService: releaseWifiLock uid=10014
07-04 12:56:52.902 28496 28496 I net.osmand: RoutingHelper Recalculate route, because correlation  : 186070.33175635283
07-04 12:56:53.410 28496 28496 I net.osmand: RoutingHelper Recalculate route, because correlation  : 186070.33175635283
07-04 12:56:53.410 28496 28496 I net.osmand: RoutingHelper Recalculate route, because wrong movement direction: 186070.33
07-04 12:56:53.548 28496 28496 I net.osmand: RoutingHelper Recalculate route, because correlation  : 186070.33175635283
07-04 12:56:53.550 28496 28496 I net.osmand: RoutingHelper Recalculate route, because correlation  : 186070.33175635283
07-04 12:56:53.550 28496 28496 I net.osmand: RoutingHelper Recalculate route, because wrong movement direction: 186070.33
07-04 12:56:53.551 28496 28496 I net.osmand: RoutingHelper Recalculate route, because correlation  : 186070.33175635283
07-04 12:56:54.029 28496 28506 I zygote  : Background concurrent copying GC freed 461971(10MB) AllocSpace objects, 0(0B) LOS objects, 17% free, 27MB/33MB, paused 2.530ms total 563.565ms
07-04 12:56:54.143 28496 28496 I net.osmand: RoutingHelper Recalculate route, because correlation  : 186070.33175635283
07-04 12:56:54.206 28496 28496 I net.osmand: RoutingHelper Recalculate route, because correlation  : 186070.33175635283
07-04 12:56:54.206 28496 28496 I net.osmand: RoutingHelper Recalculate route, because wrong movement direction: 186070.33
07-04 12:56:54.456 28496 28496 I net.osmand: RoutingHelper Recalculate route, because correlation  : 186070.33175635283
07-04 12:56:54.456 28496 28496 I net.osmand: RoutingHelper Recalculate route, because wrong movement direction: 186070.33
07-04 12:56:54.593 28496 28496 I net.osmand: RoutingHelper Recalculate route, because correlation  : 186070.33175635283
07-04 12:56:54.829 28496 28496 I net.osmand: RoutingHelper Recalculate route, because correlation  : 186070.33175635283
07-04 12:56:54.829 28496 28496 I net.osmand: RoutingHelper Recalculate route, because wrong movement direction: 186070.33
07-04 12:56:54.873 28496 28496 I net.osmand: RoutingHelper Recalculate route, because correlation  : 186070.33175635283
07-04 12:56:55.248 28496 28506 I zygote  : Background concurrent copying GC freed 413697(9MB) AllocSpace objects, 0(0B) LOS objects, 17% free, 28MB/34MB, paused 1.393ms total 589.815ms
07-04 12:56:55.421 28496 28496 I net.osmand: RoutingHelper Recalculate route, because correlation  : 186070.33175635283
07-04 12:56:55.421 28496 28496 I net.osmand: RoutingHelper Recalculate route, because wrong movement direction: 186070.33
07-04 12:56:55.574 28496 28496 I net.osmand: RoutingHelper Recalculate route, because correlation  : 186070.33175635283
07-04 12:56:55.576 28496 28496 I net.osmand: RoutingHelper Recalculate route, because correlation  : 186070.33175635283
07-04 12:56:55.576 28496 28496 I net.osmand: RoutingHelper Recalculate route, because wrong movement direction: 186070.33
07-04 12:56:55.584 28496 28496 I net.osmand: RoutingHelper Recalculate route, because correlation  : 186070.33175635283
07-04 12:56:56.062 28496 28496 I net.osmand: RoutingHelper Recalculate route, because correlation  : 186070.33175635283
07-04 12:56:56.062 28496 28496 I net.osmand: RoutingHelper Recalculate route, because wrong movement direction: 186070.33
07-04 12:56:56.126 28496 28496 I net.osmand: RoutingHelper Recalculate route, because correlation  : 186070.33175635283
07-04 12:56:56.562 28496 28496 I net.osmand: RoutingHelper Recalculate route, because correlation  : 186070.33175635283
07-04 12:56:56.563 28496 28496 I net.osmand: RoutingHelper Recalculate route, because wrong movement direction: 186070.33
07-04 12:56:56.612 28496 28496 I net.osmand: RoutingHelper Recalculate route, because correlation  : 186070.33175635283
07-04 12:56:57.162 28496 28496 I net.osmand: RoutingHelper Recalculate route, because correlation  : 186070.33175635283
07-04 12:56:57.163 28496 28496 I net.osmand: RoutingHelper Recalculate route, because wrong movement direction: 186070.33
07-04 12:56:57.199 28496 28496 I net.osmand: RoutingHelper Recalculate route, because correlation  : 186070.33175635283
07-04 12:56:57.592 28496 28496 I net.osmand: RoutingHelper Recalculate route, because correlation  : 186070.33175635283
07-04 12:56:57.593 28496 28496 I net.osmand: RoutingHelper Recalculate route, because wrong movement direction: 186070.33
07-04 12:56:57.611 28496 28496 I net.osmand: RoutingHelper Recalculate route, because correlation  : 186070.33175635283
07-04 12:56:57.832 28496 28506 I zygote  : Background concurrent copying GC freed 441354(9MB) AllocSpace objects, 0(0B) LOS objects, 14% free, 35MB/41MB, paused 1.430ms total 1.713s
07-04 12:56:58.162 28496 28496 I net.osmand: RoutingHelper Recalculate route, because correlation  : 186070.33175635283
07-04 12:56:58.162 28496 28496 I net.osmand: RoutingHelper Recalculate route, because wrong movement direction: 186070.33
07-04 12:56:58.166 28496 28496 I net.osmand: RoutingHelper Recalculate route, because correlation  : 186070.33175635283
07-04 12:56:58.480 28496 28496 I net.osmand: RoutingHelper Recalculate route, because correlation  : 186070.33175635283
07-04 12:56:58.481 28496 28496 I net.osmand: RoutingHelper Recalculate route, because wrong movement direction: 186070.33
07-04 12:56:58.542 28496 28496 I net.osmand: RoutingHelper Recalculate route, because correlation  : 186070.33175635283
07-04 12:56:58.542 28496 28496 I net.osmand: RoutingHelper Recalculate route, because wrong movement direction: 186070.33
07-04 12:56:58.546 28496 28496 I net.osmand: RoutingHelper Recalculate route, because correlation  : 186070.33175635283
07-04 12:56:58.551 28496 28496 I net.osmand: RoutingHelper Recalculate route, because correlation  : 186070.33175635283
07-04 12:56:58.973 28496 28506 I zygote  : Background concurrent copying GC freed 785308(17MB) AllocSpace objects, 0(0B) LOS objects, 17% free, 28MB/34MB, paused 2.029ms total 642.273ms
07-04 12:56:59.199 28496 28496 I net.osmand: RoutingHelper Recalculate route, because correlation  : 186070.33175635283
07-04 12:56:59.279 28496 28496 I net.osmand: RoutingHelper Recalculate route, because correlation  : 186070.33175635283
07-04 12:56:59.279 28496 28496 I net.osmand: RoutingHelper Recalculate route, because wrong movement direction: 186070.33
07-04 12:56:59.484 28496 28496 I net.osmand: RoutingHelper Recalculate route, because correlation  : 186070.33175635283
07-04 12:56:59.651 28496 28496 I net.osmand: RoutingHelper Recalculate route, because correlation  : 186070.33175635283
07-04 12:56:59.651 28496 28496 I net.osmand: RoutingHelper Recalculate route, because wrong movement direction: 186070.33
07-04 12:57:00.021 28496 28496 I net.osmand: RoutingHelper Recalculate route, because correlation  : 186070.33175635283
07-04 12:57:00.021 28496 28496 I net.osmand: RoutingHelper Recalculate route, because wrong movement direction: 186070.33
07-04 12:57:00.225 28496 28496 I net.osmand: RoutingHelper Recalculate route, because correlation  : 186070.33175635283
07-04 12:57:00.507 28496 28496 I chatty  : uid=10104(net.osmand) identical 1 line
07-04 12:57:00.549 28496 28496 I net.osmand: RoutingHelper Recalculate route, because correlation  : 186070.33175635283
07-04 12:57:00.549 28496 28496 I net.osmand: RoutingHelper Recalculate route, because wrong movement direction: 186070.33
07-04 12:57:00.679 28496 28496 I net.osmand: RoutingHelper Recalculate route, because correlation  : 186070.33175635283
07-04 12:57:00.679 28496 28496 I net.osmand: RoutingHelper Recalculate route, because wrong movement direction: 186070.33
07-04 12:57:00.768 28496 28506 I zygote  : Background concurrent copying GC freed 446179(9MB) AllocSpace objects, 0(0B) LOS objects, 14% free, 34MB/40MB, paused 1.225ms total 1.248s
07-04 12:57:00.814 28496 28496 I net.osmand: RoutingHelper Recalculate route, because correlation  : 186070.33175635283
07-04 12:57:01.247 28496 28496 I chatty  : uid=10104(net.osmand) identical 1 line
07-04 12:57:01.250 28496 28496 I net.osmand: RoutingHelper Recalculate route, because correlation  : 186070.33175635283
07-04 12:57:01.250 28496 28496 I net.osmand: RoutingHelper Recalculate route, because wrong movement direction: 186070.33
07-04 12:57:01.556 28496 28496 I net.osmand: RoutingHelper Recalculate route, because correlation  : 186070.33175635283
07-04 12:57:01.556 28496 28496 I net.osmand: RoutingHelper Recalculate route, because wrong movement direction: 186070.33
07-04 12:57:01.690 28496 28496 I net.osmand: RoutingHelper Recalculate route, because correlation  : 186070.33175635283
07-04 12:57:02.060 28496 28496 I net.osmand: RoutingHelper Recalculate route, because correlation  : 186070.33175635283
07-04 12:57:02.060 28496 28496 I net.osmand: RoutingHelper Recalculate route, because wrong movement direction: 186070.33
07-04 12:57:02.184 28496 28496 I net.osmand: RoutingHelper Recalculate route, because correlation  : 186070.33175635283
07-04 12:57:02.393 28496 28506 I zygote  : Background concurrent copying GC freed 740923(16MB) AllocSpace objects, 0(0B) LOS objects, 15% free, 32MB/38MB, paused 1.584ms total 983.304ms
07-04 12:57:02.460 28496 28496 I net.osmand: RoutingHelper Recalculate route, because correlation  : 186070.33175635283
07-04 12:57:02.528 28496 28496 I net.osmand: RoutingHelper Recalculate route, because correlation  : 186070.33175635283
07-04 12:57:02.528 28496 28496 I net.osmand: RoutingHelper Recalculate route, because wrong movement direction: 186070.33
07-04 12:57:02.757 28496 28496 I net.osmand: RoutingHelper Recalculate route, because correlation  : 186070.33175635283
07-04 12:57:02.758 28496 28496 I net.osmand: RoutingHelper Recalculate route, because wrong movement direction: 186070.33
07-04 12:57:02.829 28496 28496 I net.osmand: RoutingHelper Recalculate route, because correlation  : 186070.33175635283
07-04 12:57:03.355 28496 28496 I net.osmand: RoutingHelper Recalculate route, because correlation  : 186070.33175635283
07-04 12:57:03.355 28496 28496 I net.osmand: RoutingHelper Recalculate route, because wrong movement direction: 186070.33
07-04 12:57:03.433 28496 28506 I zygote  : Background concurrent copying GC freed 645244(14MB) AllocSpace objects, 0(0B) LOS objects, 17% free, 27MB/33MB, paused 1.700ms total 636.500ms
07-04 12:57:03.472 28496 28496 I net.osmand: RoutingHelper Recalculate route, because correlation  : 186070.33175635283
07-04 12:57:03.543 28496 28496 I net.osmand: RoutingHelper Recalculate route, because correlation  : 186070.33175635283
07-04 12:57:03.543 28496 28496 I net.osmand: RoutingHelper Recalculate route, because wrong movement direction: 186070.33
07-04 12:57:03.597 28496 28496 I net.osmand: RoutingHelper Recalculate route, because correlation  : 186070.33175635283
07-04 12:57:04.029 28496 28496 I net.osmand: RoutingHelper Recalculate route, because correlation  : 186070.33175635283
07-04 12:57:04.029 28496 28496 I net.osmand: RoutingHelper Recalculate route, because wrong movement direction: 186070.33
07-04 12:57:04.033 28496 28496 I net.osmand: RoutingHelper Recalculate route, because correlation  : 186070.33175635283
07-04 12:57:04.463 28496 28496 I chatty  : uid=10104(net.osmand) identical 1 line
07-04 12:57:04.523 28496 28496 I net.osmand: RoutingHelper Recalculate route, because correlation  : 186070.33175635283
07-04 12:57:04.524 28496 28496 I net.osmand: RoutingHelper Recalculate route, because wrong movement direction: 186070.33
07-04 12:57:04.747 28496 28496 I net.osmand: RoutingHelper Recalculate route, because correlation  : 186070.33175635283
07-04 12:57:04.748 28496 28496 I net.osmand: RoutingHelper Recalculate route, because wrong movement direction: 186070.33
07-04 12:57:04.755 28496 28496 I net.osmand: RoutingHelper Recalculate route, because correlation  : 186070.33175635283
07-04 12:57:04.765 28496 28506 I zygote  : Background concurrent copying GC freed 423138(9MB) AllocSpace objects, 0(0B) LOS objects, 16% free, 29MB/35MB, paused 1.879ms total 718.542ms
07-04 12:57:05.311 28496 28496 I net.osmand: RoutingHelper Recalculate route, because correlation  : 186070.33175635283
07-04 12:57:05.311 28496 28496 I net.osmand: RoutingHelper Recalculate route, because wrong movement direction: 186070.33
07-04 12:57:05.321 28496 28496 I net.osmand: RoutingHelper Recalculate route, because correlation  : 186070.33175635283
07-04 12:57:05.546 28496 28496 I net.osmand: RoutingHelper Recalculate route, because correlation  : 186070.33175635283
07-04 12:57:05.546 28496 28496 I net.osmand: RoutingHelper Recalculate route, because wrong movement direction: 186070.33
07-04 12:57:05.550 28496 28496 I net.osmand: RoutingHelper Recalculate route, because correlation  : 186070.33175635283
07-04 12:57:06.101 28496 28496 I net.osmand: RoutingHelper Recalculate route, because correlation  : 186070.33175635283
07-04 12:57:06.101 28496 28496 I net.osmand: RoutingHelper Recalculate route, because wrong movement direction: 186070.33
07-04 12:57:06.243 28496 28496 I net.osmand: RoutingHelper Recalculate route, because correlation  : 186070.33175635283
07-04 12:57:06.383 28496 28506 I zygote  : Background concurrent copying GC freed 512055(11MB) AllocSpace objects, 0(0B) LOS objects, 16% free, 29MB/35MB, paused 1.776ms total 782.640ms
07-04 12:57:06.494 28496 28496 I net.osmand: RoutingHelper Recalculate route, because correlation  : 186070.33175635283
07-04 12:57:06.494 28496 28496 I net.osmand: RoutingHelper Recalculate route, because wrong movement direction: 186070.33
07-04 12:57:06.615 28496 28496 I net.osmand: RoutingHelper Recalculate route, because correlation  : 186070.33175635283
07-04 12:57:06.765 28496 28496 I chatty  : uid=10104(net.osmand) identical 1 line
07-04 12:57:06.766 28496 28496 I net.osmand: RoutingHelper Recalculate route, because correlation  : 186070.33175635283
07-04 12:57:06.766 28496 28496 I net.osmand: RoutingHelper Recalculate route, because wrong movement direction: 186070.33
07-04 12:57:07.275 28496 28506 I zygote  : Background concurrent copying GC freed 501855(11MB) AllocSpace objects, 0(0B) LOS objects, 19% free, 25MB/31MB, paused 2.790ms total 404.728ms
07-04 12:57:07.437 28496 28496 I net.osmand: RoutingHelper Recalculate route, because correlation  : 186070.33175635283
07-04 12:57:07.470 28496 28496 I net.osmand: RoutingHelper Recalculate route, because correlation  : 186070.33175635283
07-04 12:57:07.471 28496 28496 I net.osmand: RoutingHelper Recalculate route, because wrong movement direction: 186070.33
07-04 12:57:07.603 28496 28496 I net.osmand: RoutingHelper Recalculate route, because correlation  : 186070.33175635283
07-04 12:57:07.603 28496 28496 I net.osmand: RoutingHelper Recalculate route, because wrong movement direction: 186070.33
07-04 12:57:07.607 28496 28496 I net.osmand: RoutingHelper Recalculate route, because correlation  : 186070.33175635283
07-04 12:57:08.100 28496 28496 I chatty  : uid=10104(net.osmand) identical 1 line
07-04 12:57:08.184 28496 28496 I net.osmand: RoutingHelper Recalculate route, because correlation  : 186070.33175635283
07-04 12:57:08.184 28496 28496 I net.osmand: RoutingHelper Recalculate route, because wrong movement direction: 186070.33
07-04 12:57:08.276 28496 28506 I zygote  : Background concurrent copying GC freed 303636(6MB) AllocSpace objects, 0(0B) LOS objects, 18% free, 27MB/33MB, paused 3.069ms total 518.977ms
07-04 12:57:08.493 28496 28496 I net.osmand: RoutingHelper Recalculate route, because correlation  : 186070.33175635283
07-04 12:57:08.496 28496 28496 I net.osmand: RoutingHelper Recalculate route, because wrong movement direction: 186070.33
07-04 12:57:08.500 28496 28496 I net.osmand: RoutingHelper Recalculate route, because correlation  : 186070.33175635283
07-04 12:57:08.856 28496 28496 I chatty  : uid=10104(net.osmand) identical 1 line
07-04 12:57:08.861 28496 28496 I net.osmand: RoutingHelper Recalculate route, because correlation  : 186070.33175635283
07-04 12:57:08.861 28496 28496 I net.osmand: RoutingHelper Recalculate route, because wrong movement direction: 186070.33
07-04 12:57:09.335 28496 28506 I zygote  : Background concurrent copying GC freed 406395(8MB) AllocSpace objects, 0(0B) LOS objects, 18% free, 27MB/33MB, paused 4.770ms total 576.466ms
07-04 12:57:09.472 28496 28496 I net.osmand: RoutingHelper Recalculate route, because correlation  : 186070.33175635283
07-04 12:57:09.489 28496 28496 I net.osmand: RoutingHelper Recalculate route, because correlation  : 186070.33175635283
07-04 12:57:09.489 28496 28496 I net.osmand: RoutingHelper Recalculate route, because wrong movement direction: 186070.33
07-04 12:57:09.491 28496 28496 I net.osmand: RoutingHelper Recalculate route, because correlation  : 186070.33175635283
07-04 12:57:09.496 28496 28496 I net.osmand: RoutingHelper Recalculate route, because correlation  : 186070.33175635283
07-04 12:57:09.496 28496 28496 I net.osmand: RoutingHelper Recalculate route, because wrong movement direction: 186070.33
07-04 12:57:10.241 28496 28496 I net.osmand: RoutingHelper Recalculate route, because correlation  : 186070.33175635283
07-04 12:57:10.241 28496 28496 I net.osmand: RoutingHelper Recalculate route, because wrong movement direction: 186070.33
07-04 12:57:10.311 28496 28496 I net.osmand: RoutingHelper Recalculate route, because correlation  : 186070.33175635283
07-04 12:57:10.540 28496 28496 I net.osmand: RoutingHelper Recalculate route, because correlation  : 186070.33175635283
07-04 12:57:10.540 28496 28496 I net.osmand: RoutingHelper Recalculate route, because wrong movement direction: 186070.33
07-04 12:57:10.806 28496 28496 I net.osmand: RoutingHelper Recalculate route, because correlation  : 186070.33175635283
07-04 12:57:11.091 28496 28496 I net.osmand: RoutingHelper Recalculate route, because correlation  : 186070.33175635283
07-04 12:57:11.092 28496 28496 I net.osmand: RoutingHelper Recalculate route, because wrong movement direction: 186070.33
07-04 12:57:11.190 28496 28496 I net.osmand: RoutingHelper Recalculate route, because correlation  : 186070.33175635283
07-04 12:57:11.485 28496 28496 I net.osmand: RoutingHelper Recalculate route, because correlation  : 186070.33175635283
07-04 12:57:11.485 28496 28496 I net.osmand: RoutingHelper Recalculate route, because wrong movement direction: 186070.33
07-04 12:57:11.664 28496 28496 I net.osmand: RoutingHelper Recalculate route, because correlation  : 186070.33175635283
07-04 12:57:11.664 28496 28496 I net.osmand: RoutingHelper Recalculate route, because wrong movement direction: 186070.33
07-04 12:57:11.768 28496 28506 I zygote  : Background concurrent copying GC freed 392291(8MB) AllocSpace objects, 0(0B) LOS objects, 14% free, 34MB/40MB, paused 1.292ms total 1.421s
07-04 12:57:11.816 28496 28496 I net.osmand: RoutingHelper Recalculate route, because correlation  : 186070.33175635283
07-04 12:57:12.430 28496 28496 I net.osmand: RoutingHelper Recalculate route, because correlation  : 186070.33175635283
07-04 12:57:12.430 28496 28496 I net.osmand: RoutingHelper Recalculate route, because wrong movement direction: 186070.33
07-04 12:57:12.555 28496 28496 I net.osmand: RoutingHelper Recalculate route, because correlation  : 186070.33175635283
07-04 12:57:12.555 28496 28496 I net.osmand: RoutingHelper Recalculate route, because wrong movement direction: 186070.33
07-04 12:57:12.756 28496 28496 I net.osmand: RoutingHelper Recalculate route, because correlation  : 186070.33175635283
07-04 12:57:12.759 28496 28496 I chatty  : uid=10104(net.osmand) identical 1 line
07-04 12:57:13.088 28496 28496 I net.osmand: RoutingHelper Recalculate route, because correlation  : 186070.33175635283
07-04 12:57:13.088 28496 28496 I net.osmand: RoutingHelper Recalculate route, because wrong movement direction: 186070.33
07-04 12:57:13.233  1604  1613 I zygote  : Background concurrent copying GC freed 88244(3MB) AllocSpace objects, 0(0B) LOS objects, 6% free, 87MB/93MB, paused 927us total 3.058s
07-04 12:57:13.262 28496 28496 I net.osmand: RoutingHelper Recalculate route, because correlation  : 186070.33175635283
07-04 12:57:13.505 28496 28496 I net.osmand: RoutingHelper Recalculate route, because correlation  : 186070.33175635283
07-04 12:57:13.506 28496 28496 I net.osmand: RoutingHelper Recalculate route, because wrong movement direction: 186070.33
07-04 12:57:13.529 28496 28506 I zygote  : Background concurrent copying GC freed 748742(16MB) AllocSpace objects, 0(0B) LOS objects, 15% free, 33MB/39MB, paused 9.574ms total 1.060s
07-04 12:57:13.624 28496 28496 I net.osmand: RoutingHelper Recalculate route, because correlation  : 186070.33175635283
07-04 12:57:13.834  1604  2691 I WifiService: acquireWifiLock uid=10014 lockMode=2
07-04 12:57:13.959 28496 28496 I net.osmand: RoutingHelper Recalculate route, because correlation  : 186070.33175635283
07-04 12:57:13.960 28496 28496 I net.osmand: RoutingHelper Recalculate route, because wrong movement direction: 186070.33
07-04 12:57:14.042 28496 28496 I net.osmand: RoutingHelper Recalculate route, because correlation  : 186070.33175635283
07-04 12:57:14.494 28496 28496 I net.osmand: RoutingHelper Recalculate route, because correlation  : 186070.33175635283
07-04 12:57:14.495 28496 28496 I net.osmand: RoutingHelper Recalculate route, because wrong movement direction: 186070.33
07-04 12:57:14.671 28496 28496 I net.osmand: RoutingHelper Recalculate route, because correlation  : 186070.33175635283
07-04 12:57:14.671 28496 28496 I net.osmand: RoutingHelper Recalculate route, because wrong movement direction: 186070.33
07-04 12:57:14.674 28496 28496 I net.osmand: RoutingHelper Recalculate route, because correlation  : 186070.33175635283
07-04 12:57:14.676 28496 28496 I net.osmand: RoutingHelper Recalculate route, because correlation  : 186070.33175635283
07-04 12:57:14.951 28496 28506 I zygote  : Background concurrent copying GC freed 698601(15MB) AllocSpace objects, 0(0B) LOS objects, 16% free, 31MB/37MB, paused 2.262ms total 965.890ms
07-04 12:57:15.223 28496 28496 I net.osmand: RoutingHelper Recalculate route, because correlation  : 186070.33175635283
07-04 12:57:15.312 28496 28496 I net.osmand: RoutingHelper Recalculate route, because correlation  : 186070.33175635283
07-04 12:57:15.312 28496 28496 I net.osmand: RoutingHelper Recalculate route, because wrong movement direction: 186070.33
07-04 12:57:15.515 28496 28496 I net.osmand: RoutingHelper Recalculate route, because correlation  : 186070.33175635283
07-04 12:57:15.515 28496 28496 I net.osmand: RoutingHelper Recalculate route, because wrong movement direction: 186070.33
07-04 12:57:15.710 28496 28496 I net.osmand: RoutingHelper Recalculate route, because correlation  : 186070.33175635283
07-04 12:57:16.048 28496 28496 I net.osmand: RoutingHelper Recalculate route, because correlation  : 186070.33175635283
07-04 12:57:16.048 28496 28496 I net.osmand: RoutingHelper Recalculate route, because wrong movement direction: 186070.33
07-04 12:57:16.168 28496 28496 I net.osmand: RoutingHelper Recalculate route, because correlation  : 186070.33175635283
07-04 12:57:16.523 28496 28506 I zygote  : Background concurrent copying GC freed 590484(13MB) AllocSpace objects, 0(0B) LOS objects, 16% free, 31MB/37MB, paused 3.741ms total 946.807ms
07-04 12:57:16.546 28496 28496 I net.osmand: RoutingHelper Recalculate route, because correlation  : 186070.33175635283
07-04 12:57:16.546 28496 28496 I net.osmand: RoutingHelper Recalculate route, because wrong movement direction: 186070.33
07-04 12:57:16.667 28496 28496 I net.osmand: RoutingHelper Recalculate route, because correlation  : 186070.33175635283
07-04 12:57:16.707 28496 28496 I net.osmand: RoutingHelper Recalculate route, because correlation  : 186070.33175635283
07-04 12:57:16.708 28496 28496 I net.osmand: RoutingHelper Recalculate route, because wrong movement direction: 186070.33
07-04 12:57:16.772 28496 28496 I net.osmand: RoutingHelper Recalculate route, because correlation  : 186070.33175635283
07-04 12:57:16.823  1604  3883 D WificondControl: Scan result ready event
07-04 12:57:17.162  1604  2691 I WifiService: releaseWifiLock uid=10014
07-04 12:57:17.478 28496 28496 I net.osmand: RoutingHelper Recalculate route, because correlation  : 186070.33175635283
07-04 12:57:17.481 28496 28496 I net.osmand: RoutingHelper Recalculate route, because correlation  : 186070.33175635283
07-04 12:57:17.481 28496 28496 I net.osmand: RoutingHelper Recalculate route, because wrong movement direction: 186070.33
07-04 12:57:17.599 28496 28496 I net.osmand: RoutingHelper Recalculate route, because correlation  : 186070.33175635283
07-04 12:57:17.652 28496 28496 I net.osmand: RoutingHelper Recalculate route, because correlation  : 186070.33175635283
07-04 12:57:17.652 28496 28496 I net.osmand: RoutingHelper Recalculate route, because wrong movement direction: 186070.33
07-04 12:57:18.224  1604  1621 I WifiService: requestActivityInfo uid=1000
07-04 12:57:18.224  1604  1621 I WifiService: reportActivityInfo uid=1000
07-04 12:57:18.224  1604  1621 I WifiService: getSupportedFeatures uid=1000
07-04 12:57:18.290 28496 28496 I net.osmand: RoutingHelper Recalculate route, because correlation  : 186070.33175635283
07-04 12:57:18.290 28496 28496 I net.osmand: RoutingHelper Recalculate route, because wrong movement direction: 186070.33
07-04 12:57:18.395 28496 28496 I net.osmand: RoutingHelper Recalculate route, because correlation  : 186070.33175635283
07-04 12:57:18.397 28496 28506 I zygote  : Background concurrent copying GC freed 580875(12MB) AllocSpace objects, 0(0B) LOS objects, 16% free, 29MB/35MB, paused 5.135ms total 802.801ms
07-04 12:57:18.648 28496 28496 I net.osmand: RoutingHelper Recalculate route, because correlation  : 186070.33175635283
07-04 12:57:18.648 28496 28496 I net.osmand: RoutingHelper Recalculate route, because wrong movement direction: 186070.33
07-04 12:57:18.661 28496 28496 I net.osmand: RoutingHelper Recalculate route, because correlation  : 186070.33175635283
07-04 12:57:18.953 28496 28496 I net.osmand: RoutingHelper Recalculate route, because correlation  : 186070.33175635283
07-04 12:57:18.954 28496 28496 I net.osmand: RoutingHelper Recalculate route, because wrong movement direction: 186070.33
07-04 12:57:18.995 28496 28496 I net.osmand: RoutingHelper Recalculate route, because correlation  : 186070.33175635283
07-04 12:57:19.413 28496 28506 I zygote  : Background concurrent copying GC freed 498447(11MB) AllocSpace objects, 0(0B) LOS objects, 18% free, 26MB/32MB, paused 3.656ms total 479.282ms
07-04 12:57:19.472 28496 28496 I net.osmand: RoutingHelper Recalculate route, because correlation  : 186070.33175635283
07-04 12:57:19.478 28496 28496 I net.osmand: RoutingHelper Recalculate route, because correlation  : 186070.33175635283
07-04 12:57:19.478 28496 28496 I net.osmand: RoutingHelper Recalculate route, because wrong movement direction: 186070.33
07-04 12:57:19.791 28496 28496 I net.osmand: RoutingHelper Recalculate route, because correlation  : 186070.33175635283
07-04 12:57:19.796 28496 28496 I net.osmand: RoutingHelper Recalculate route, because correlation  : 186070.33175635283
07-04 12:57:19.796 28496 28496 I net.osmand: RoutingHelper Recalculate route, because wrong movement direction: 186070.33
07-04 12:57:20.379 28496 28496 I net.osmand: RoutingHelper Recalculate route, because correlation  : 186070.33175635283
07-04 12:57:20.464 28496 28496 I net.osmand: RoutingHelper Recalculate route, because correlation  : 186070.33175635283
07-04 12:57:20.464 28496 28496 I net.osmand: RoutingHelper Recalculate route, because wrong movement direction: 186070.33
07-04 12:57:20.507 28496 28496 I net.osmand: RoutingHelper Recalculate route, because correlation  : 186070.33175635283
07-04 12:57:20.508 28496 28496 I net.osmand: RoutingHelper Recalculate route, because wrong movement direction: 186070.33
07-04 12:57:20.594 28496 28506 I zygote  : Background concurrent copying GC freed 392510(8MB) AllocSpace objects, 0(0B) LOS objects, 18% free, 26MB/32MB, paused 3.879ms total 593.975ms
07-04 12:57:20.661 28496 28496 I net.osmand: RoutingHelper Recalculate route, because correlation  : 186070.33175635283
07-04 12:57:21.122 28496 28496 I net.osmand: RoutingHelper Recalculate route, because correlation  : 186070.33175635283
07-04 12:57:21.123 28496 28496 I net.osmand: RoutingHelper Recalculate route, because wrong movement direction: 186070.33
07-04 12:57:21.129 28496 28496 I net.osmand: RoutingHelper Recalculate route, because correlation  : 186070.33175635283
07-04 12:57:21.289  1604  7927 I WifiService: getConnectionInfo uid=10014
07-04 12:57:21.308  1604  1621 I WifiService: requestActivityInfo uid=1000
07-04 12:57:21.308  1604  1621 I WifiService: reportActivityInfo uid=1000
07-04 12:57:21.308  1604  1621 I WifiService: getSupportedFeatures uid=1000
07-04 12:57:21.317  1970 28602 E WakeLock: GCM_HB_ALARM release without a matched acquire!
07-04 12:57:21.433  1970 28609 V NativeCrypto: Read error: ssl=0x8e3e0bc8: I/O error during system call, Connection reset by peer
07-04 12:57:21.444  1970 28609 V NativeCrypto: SSL shutdown failed: ssl=0x8e3e0bc8: I/O error during system call, Broken pipe
07-04 12:57:21.453  1970 28609 E WakeLock: GCM_HB_ALARM release without a matched acquire!
07-04 12:57:21.453  1970 28609 W WakeLock: GCM_HB_ALARM counter does not exist
07-04 12:57:21.472  1604  1682 D ConnectivityService: reportNetworkConnectivity(101, false) by 10014
07-04 12:57:21.473  1604  2952 D NetworkMonitor/NetworkAgentInfo [WIFI () - 101]: Forcing reevaluation for UID 10014
07-04 12:57:21.531  1604 28790 D NetworkMonitor/NetworkAgentInfo [WIFI () - 101]: PROBE_DNS www.google.com 42ms OK 172.217.28.228,2800:3f0:4001:801::2004
07-04 12:57:21.535  1604 28791 D NetworkMonitor/NetworkAgentInfo [WIFI () - 101]: PROBE_DNS connectivitycheck.gstatic.com 43ms OK 172.217.172.131,2800:3f0:4001:81a::2003
07-04 12:57:21.570 28496 28496 I net.osmand: RoutingHelper Recalculate route, because correlation  : 186070.33175635283
07-04 12:57:21.570 28496 28496 I net.osmand: RoutingHelper Recalculate route, because wrong movement direction: 186070.33
07-04 12:57:21.613 28496 28496 I net.osmand: RoutingHelper Recalculate route, because correlation  : 186070.33175635283
07-04 12:57:21.730  1604 28791 D NetworkMonitor/NetworkAgentInfo [WIFI () - 101]: PROBE_HTTP http://connectivitycheck.gstatic.com/generate_204 time=176ms ret=204 request={User-Agent=[Mozilla/5.0 (X11; Linux x86_64) AppleWebKit/537.36 (KHTML, like Gecko) Chrome/60.0.3112.32 Safari/537.36]} headers={null=[HTTP/1.1 204 No Content], Content-Length=[0], Date=[Thu, 04 Jul 2019 12:57:22 GMT], X-Android-Received-Millis=[1562245041730], X-Android-Response-Source=[NETWORK 204], X-Android-Selected-Protocol=[http/1.1], X-Android-Sent-Millis=[1562245041555]}
07-04 12:57:21.736  1604 28790 D NetworkMonitor/NetworkAgentInfo [WIFI () - 101]: PROBE_HTTPS https://www.google.com/generate_204 time=180ms ret=204 request={User-Agent=[Mozilla/5.0 (X11; Linux x86_64) AppleWebKit/537.36 (KHTML, like Gecko) Chrome/60.0.3112.32 Safari/537.36]} headers={null=[HTTP/1.1 204 No Content], Alt-Svc=[quic=":443"; ma=2592000; v="46,43,39"], Content-Length=[0], Date=[Thu, 04 Jul 2019 12:57:22 GMT], X-Android-Received-Millis=[1562245041736], X-Android-Response-Source=[NETWORK 204], X-Android-Selected-Protocol=[http/1.1], X-Android-Sent-Millis=[1562245041557]}
07-04 12:57:21.748  1604  1682 D ConnectivityService: NetworkAgentInfo [WIFI () - 101] validation passed
07-04 12:57:21.941 28496 28496 I net.osmand: RoutingHelper Recalculate route, because correlation  : 186070.33175635283
07-04 12:57:21.942 28496 28496 I net.osmand: RoutingHelper Recalculate route, because wrong movement direction: 186070.33
07-04 12:57:22.046 28496 28496 I net.osmand: RoutingHelper Recalculate route, because correlation  : 186070.33175635283
07-04 12:57:22.176  1604  5750 I WifiService: getConnectionInfo uid=10014
07-04 12:57:22.410 28496 28506 I zygote  : Background concurrent copying GC freed 388338(8MB) AllocSpace objects, 0(0B) LOS objects, 15% free, 32MB/38MB, paused 920us total 1.167s
07-04 12:57:22.493 28496 28496 I net.osmand: RoutingHelper Recalculate route, because correlation  : 186070.33175635283
07-04 12:57:22.554  1604  3883 I WifiService: getConnectionInfo uid=10014
07-04 12:57:22.635 28496 28496 I net.osmand: RoutingHelper Recalculate route, because correlation  : 186070.33175635283
07-04 12:57:22.635 28496 28496 I net.osmand: RoutingHelper Recalculate route, because wrong movement direction: 186070.33
07-04 12:57:22.649  1604  5750 I WifiService: getConnectionInfo uid=10014
07-04 12:57:22.741 28496 28496 I net.osmand: RoutingHelper Recalculate route, because correlation  : 186070.33175635283
07-04 12:57:22.741 28496 28496 I net.osmand: RoutingHelper Recalculate route, because wrong movement direction: 186070.33
07-04 12:57:22.749 28496 28496 I net.osmand: RoutingHelper Recalculate route, because correlation  : 186070.33175635283
07-04 12:57:23.380 28496 28496 I chatty  : uid=10104(net.osmand) identical 1 line
07-04 12:57:23.399 28496 28496 I net.osmand: RoutingHelper Recalculate route, because correlation  : 186070.33175635283
07-04 12:57:23.399 28496 28496 I net.osmand: RoutingHelper Recalculate route, because wrong movement direction: 186070.33
07-04 12:57:23.512 28496 28496 I net.osmand: RoutingHelper Recalculate route, because correlation  : 186070.33175635283
07-04 12:57:23.558 28496 28496 I net.osmand: RoutingHelper Recalculate route, because correlation  : 186070.33175635283
07-04 12:57:23.558 28496 28496 I net.osmand: RoutingHelper Recalculate route, because wrong movement direction: 186070.33
07-04 12:57:23.661 28496 28506 I zygote  : Background concurrent copying GC freed 612467(13MB) AllocSpace objects, 0(0B) LOS objects, 18% free, 27MB/33MB, paused 1.719ms total 671.805ms
07-04 12:57:24.010 28496 28496 I net.osmand: RoutingHelper Recalculate route, because correlation  : 186070.33175635283
07-04 12:57:24.010 28496 28496 I net.osmand: RoutingHelper Recalculate route, because wrong movement direction: 186070.33
07-04 12:57:24.044 28496 28496 I net.osmand: RoutingHelper Recalculate route, because correlation  : 186070.33175635283
07-04 12:57:24.480 28496 28496 I net.osmand: RoutingHelper Recalculate route, because correlation  : 186070.33175635283
07-04 12:57:24.480 28496 28496 I net.osmand: RoutingHelper Recalculate route, because wrong movement direction: 186070.33
07-04 12:57:24.632 28496 28496 I net.osmand: RoutingHelper Recalculate route, because correlation  : 186070.33175635283
07-04 12:57:24.845 28496 28496 I net.osmand: RoutingHelper Recalculate route, because correlation  : 186070.33175635283
07-04 12:57:24.845 28496 28496 I net.osmand: RoutingHelper Recalculate route, because wrong movement direction: 186070.33
07-04 12:57:24.855 28496 28496 I net.osmand: RoutingHelper Recalculate route, because correlation  : 186070.33175635283
07-04 12:57:24.956 28496 28506 I zygote  : Background concurrent copying GC freed 388538(8MB) AllocSpace objects, 0(0B) LOS objects, 17% free, 28MB/34MB, paused 1.501ms total 730.938ms
07-04 12:57:25.416 28496 28496 I net.osmand: RoutingHelper Recalculate route, because correlation  : 186070.33175635283
07-04 12:57:25.417 28496 28496 I net.osmand: RoutingHelper Recalculate route, because wrong movement direction: 186070.33
07-04 12:57:25.550 28496 28496 I net.osmand: RoutingHelper Recalculate route, because correlation  : 186070.33175635283
07-04 12:57:25.557 28496 28496 I net.osmand: RoutingHelper Recalculate route, because correlation  : 186070.33175635283
07-04 12:57:25.557 28496 28496 I net.osmand: RoutingHelper Recalculate route, because wrong movement direction: 186070.33
07-04 12:57:25.645 28496 28496 I net.osmand: RoutingHelper Recalculate route, because correlation  : 186070.33175635283
07-04 12:57:26.129 28496 28496 I net.osmand: RoutingHelper Recalculate route, because correlation  : 186070.33175635283
07-04 12:57:26.129 28496 28496 I net.osmand: RoutingHelper Recalculate route, because wrong movement direction: 186070.33
07-04 12:57:26.213 28496 28496 I net.osmand: RoutingHelper Recalculate route, because correlation  : 186070.33175635283
07-04 12:57:26.499 28496 28496 I chatty  : uid=10104(net.osmand) identical 1 line
07-04 12:57:26.555 28496 28496 I net.osmand: RoutingHelper Recalculate route, because correlation  : 186070.33175635283
07-04 12:57:26.555 28496 28496 I net.osmand: RoutingHelper Recalculate route, because wrong movement direction: 186070.33
07-04 12:57:26.764 28496 28506 I zygote  : Background concurrent copying GC freed 482906(10MB) AllocSpace objects, 0(0B) LOS objects, 16% free, 31MB/37MB, paused 7.582ms total 1.126s
07-04 12:57:26.866 28496 28496 I net.osmand: RoutingHelper Recalculate route, because correlation  : 186070.33175635283
07-04 12:57:26.868 28496 28496 I net.osmand: RoutingHelper Recalculate route, because correlation  : 186070.33175635283
07-04 12:57:26.868 28496 28496 I net.osmand: RoutingHelper Recalculate route, because wrong movement direction: 186070.33
07-04 12:57:27.443 28496 28496 I net.osmand: RoutingHelper Recalculate route, because correlation  : 186070.33175635283
07-04 12:57:27.450 28496 28496 I net.osmand: RoutingHelper Recalculate route, because correlation  : 186070.33175635283
07-04 12:57:27.451 28496 28496 I net.osmand: RoutingHelper Recalculate route, because wrong movement direction: 186070.33
07-04 12:57:27.581 28496 28496 I net.osmand: RoutingHelper Recalculate route, because correlation  : 186070.33175635283
07-04 12:57:27.581 28496 28496 I net.osmand: RoutingHelper Recalculate route, because wrong movement direction: 186070.33
07-04 12:57:27.640 28496 28496 I net.osmand: RoutingHelper Recalculate route, because correlation  : 186070.33175635283
07-04 12:57:28.079 28496 28506 I zygote  : Background concurrent copying GC freed 584109(12MB) AllocSpace objects, 0(0B) LOS objects, 18% free, 26MB/32MB, paused 1.197ms total 493.371ms
07-04 12:57:28.199 28496 28496 I net.osmand: RoutingHelper Recalculate route, because correlation  : 186070.33175635283
07-04 12:57:28.259 28496 28496 I net.osmand: RoutingHelper Recalculate route, because correlation  : 186070.33175635283
07-04 12:57:28.259 28496 28496 I net.osmand: RoutingHelper Recalculate route, because wrong movement direction: 186070.33
07-04 12:57:28.480 28496 28496 I net.osmand: RoutingHelper Recalculate route, because correlation  : 186070.33175635283
07-04 12:57:28.480 28496 28496 I net.osmand: RoutingHelper Recalculate route, because wrong movement direction: 186070.33
07-04 12:57:28.550 28496 28496 I net.osmand: RoutingHelper Recalculate route, because correlation  : 186070.33175635283
07-04 12:57:28.893 28496 28496 I net.osmand: RoutingHelper Recalculate route, because correlation  : 186070.33175635283
07-04 12:57:28.893 28496 28496 I net.osmand: RoutingHelper Recalculate route, because wrong movement direction: 186070.33
07-04 12:57:29.020 28496 28496 I net.osmand: RoutingHelper Recalculate route, because correlation  : 186070.33175635283
07-04 12:57:29.152  1410  1410 I boot-pipe: done populating /dev/random
07-04 12:57:29.481 28496 28506 I zygote  : Background concurrent copying GC freed 371883(8MB) AllocSpace objects, 0(0B) LOS objects, 16% free, 29MB/35MB, paused 3.136ms total 805.349ms
07-04 12:57:29.509 28496 28496 I net.osmand: RoutingHelper Recalculate route, because correlation  : 186070.33175635283
07-04 12:57:29.613 28496 28496 I net.osmand: RoutingHelper Recalculate route, because correlation  : 186070.33175635283
07-04 12:57:29.614 28496 28496 I net.osmand: RoutingHelper Recalculate route, because wrong movement direction: 186070.33
07-04 12:57:29.730 28496 28496 I net.osmand: RoutingHelper Recalculate route, because correlation  : 186070.33175635283
07-04 12:57:29.731 28496 28496 I net.osmand: RoutingHelper Recalculate route, because correlation  : 186070.33175635283
07-04 12:57:29.731 28496 28496 I net.osmand: RoutingHelper Recalculate route, because wrong movement direction: 186070.33
07-04 12:57:30.379 28496 28506 I zygote  : Background concurrent copying GC freed 519903(11MB) AllocSpace objects, 0(0B) LOS objects, 19% free, 24MB/30MB, paused 6.228ms total 434.801ms
07-04 12:57:30.396 28496 28496 I net.osmand: RoutingHelper Recalculate route, because correlation  : 186070.33175635283
07-04 12:57:30.396 28496 28496 I net.osmand: RoutingHelper Recalculate route, because wrong movement direction: 186070.33
07-04 12:57:30.400 28496 28496 I net.osmand: RoutingHelper Recalculate route, because correlation  : 186070.33175635283
07-04 12:57:30.579 28496 28496 I net.osmand: RoutingHelper Recalculate route, because correlation  : 186070.33175635283
07-04 12:57:30.579 28496 28496 I net.osmand: RoutingHelper Recalculate route, because wrong movement direction: 186070.33
07-04 12:57:30.649 28496 28496 I net.osmand: RoutingHelper Recalculate route, because correlation  : 186070.33175635283
07-04 12:57:31.140 28496 28496 I net.osmand: RoutingHelper Recalculate route, because correlation  : 186070.33175635283
07-04 12:57:31.140 28496 28496 I net.osmand: RoutingHelper Recalculate route, because wrong movement direction: 186070.33
07-04 12:57:31.213 28496 28496 I net.osmand: RoutingHelper Recalculate route, because correlation  : 186070.33175635283
07-04 12:57:31.430 28496 28506 I zygote  : Background concurrent copying GC freed 283621(6MB) AllocSpace objects, 0(0B) LOS objects, 18% free, 26MB/32MB, paused 4.911ms total 608.074ms
07-04 12:57:31.534 28496 28496 I net.osmand: RoutingHelper Recalculate route, because correlation  : 186070.33175635283
07-04 12:57:31.534 28496 28496 I net.osmand: RoutingHelper Recalculate route, because wrong movement direction: 186070.33
07-04 12:57:31.538 28496 28496 I net.osmand: RoutingHelper Recalculate route, because correlation  : 186070.33175635283
07-04 12:57:31.763 28496 28496 I net.osmand: RoutingHelper Recalculate route, because correlation  : 186070.33175635283
07-04 12:57:31.763 28496 28496 I net.osmand: RoutingHelper Recalculate route, because wrong movement direction: 186070.33
07-04 12:57:31.865 28496 28496 I net.osmand: RoutingHelper Recalculate route, because correlation  : 186070.33175635283
07-04 12:57:32.358 28496 28506 I zygote  : Background concurrent copying GC freed 376771(8MB) AllocSpace objects, 0(0B) LOS objects, 19% free, 24MB/30MB, paused 12.540ms total 377.910ms
07-04 12:57:32.469 28496 28496 I net.osmand: RoutingHelper Recalculate route, because correlation  : 186070.33175635283
07-04 12:57:32.469 28496 28496 I net.osmand: RoutingHelper Recalculate route, because wrong movement direction: 186070.33
07-04 12:57:32.615 28496 28496 I net.osmand: RoutingHelper Recalculate route, because correlation  : 186070.33175635283
07-04 12:57:32.615 28496 28496 I net.osmand: RoutingHelper Recalculate route, because wrong movement direction: 186070.33
07-04 12:57:32.619 28496 28496 I net.osmand: RoutingHelper Recalculate route, because correlation  : 186070.33175635283
07-04 12:57:32.623 28496 28496 I chatty  : uid=10104(net.osmand) identical 1 line
07-04 12:57:33.112 28496 28496 I net.osmand: RoutingHelper Recalculate route, because correlation  : 186070.33175635283
07-04 12:57:33.112 28496 28496 I net.osmand: RoutingHelper Recalculate route, because wrong movement direction: 186070.33
07-04 12:57:33.259 28496 28496 I net.osmand: RoutingHelper Recalculate route, because correlation  : 186070.33175635283
07-04 12:57:33.544 28496 28496 I net.osmand: RoutingHelper Recalculate route, because correlation  : 186070.33175635283
07-04 12:57:33.545 28496 28496 I net.osmand: RoutingHelper Recalculate route, because wrong movement direction: 186070.33
07-04 12:57:33.659 28496 28496 I net.osmand: RoutingHelper Recalculate route, because correlation  : 186070.33175635283
07-04 12:57:33.840  1604  1678 W AlarmManager: Unrecognized alarm listener com.android.server.wifi.WifiConfigStore$1@223dfff
07-04 12:57:33.948  1604  5750 I WifiService: acquireWifiLock uid=10014 lockMode=2
07-04 12:57:33.970  1604  1678 D WifiConfigStore: Writing to stores completed in 130 ms.
07-04 12:57:34.088 28496 28496 I net.osmand: RoutingHelper Recalculate route, because correlation  : 186070.33175635283
07-04 12:57:34.089 28496 28496 I net.osmand: RoutingHelper Recalculate route, because wrong movement direction: 186070.33
07-04 12:57:34.187  1604  5750 I WifiService: releaseWifiLock uid=10014
07-04 12:57:34.281 28496 28496 I net.osmand: RoutingHelper Recalculate route, because correlation  : 186070.33175635283
07-04 12:57:34.516 28496 28496 I net.osmand: RoutingHelper Recalculate route, because correlation  : 186070.33175635283
07-04 12:57:34.516 28496 28496 I net.osmand: RoutingHelper Recalculate route, because wrong movement direction: 186070.33
07-04 12:57:34.525 28496 28496 I net.osmand: RoutingHelper Recalculate route, because correlation  : 186070.33175635283
07-04 12:57:34.545 28496 28506 I zygote  : Background concurrent copying GC freed 277968(6MB) AllocSpace objects, 0(0B) LOS objects, 14% free, 34MB/40MB, paused 1.223ms total 1.384s
07-04 12:57:34.661 28496 28496 I net.osmand: RoutingHelper Recalculate route, because correlation  : 186070.33175635283
07-04 12:57:34.716 28496 28496 I net.osmand: RoutingHelper Recalculate route, because correlation  : 186070.33175635283
07-04 12:57:34.716 28496 28496 I net.osmand: RoutingHelper Recalculate route, because wrong movement direction: 186070.33
07-04 12:57:35.243 28496 28496 I net.osmand: RoutingHelper Recalculate route, because correlation  : 186070.33175635283
07-04 12:57:35.243 28496 28496 I net.osmand: RoutingHelper Recalculate route, because wrong movement direction: 186070.33
07-04 12:57:35.332 28496 28496 I net.osmand: RoutingHelper Recalculate route, because correlation  : 186070.33175635283
07-04 12:57:35.609 28496 28496 I net.osmand: RoutingHelper Recalculate route, because correlation  : 186070.33175635283
07-04 12:57:35.610 28496 28496 I net.osmand: RoutingHelper Recalculate route, because wrong movement direction: 186070.33
07-04 12:57:35.652 28496 28496 I net.osmand: RoutingHelper Recalculate route, because correlation  : 186070.33175635283
07-04 12:57:36.080 28496 28496 I net.osmand: RoutingHelper Recalculate route, because correlation  : 186070.33175635283
07-04 12:57:36.080 28496 28496 I net.osmand: RoutingHelper Recalculate route, because wrong movement direction: 186070.33
07-04 12:57:36.118 28496 28496 I net.osmand: TTSCommandPlayerImpl Send message to pebble desviou-se da rota por  186 quilÃ³metros 
07-04 12:57:36.118 28496 28496 D net.osmand: AbstractPrologCommandPlayer requestAudioFocus
07-04 12:57:36.120 28496 28496 W AudioManager: Use of stream types is deprecated for operations other than volume control
07-04 12:57:36.120 28496 28496 W AudioManager: See the documentation of requestAudioFocus() for what to use instead with android.media.AudioAttributes to qualify your playback use case
07-04 12:57:36.121  1604  5750 I MediaFocusControl: requestAudioFocus() from uid/pid 10104/28496 clientId=android.media.AudioManager@9796e46net.osmand.plus.api.AudioFocusHelperImpl@2e9e8f9 callingPack=net.osmand req=3 flags=0x0 sdk=26
07-04 12:57:36.121 28496 28496 D net.osmand: TTSCommandPlayerImpl ttsRequests=1
