06-29 17:23:17.299 13428 13428 I net.osmand: RoutingHelper Recalculate route, because correlation  : 186070.33175635283
06-29 17:23:17.299 13428 13428 I net.osmand: RoutingHelper Recalculate route, because wrong movement direction: 186070.33
06-29 17:23:17.498 13428 13428 I net.osmand: RoutingHelper Recalculate route, because correlation  : 186070.33175635283
06-29 17:23:17.794  1587  1723 I WifiService: acquireWifiLock uid=10014 lockMode=2
06-29 17:23:17.961 13428 13620 I net.osmand: RoutePlannerFrontEnd Native routing took 227.723 seconds
06-29 17:23:17.962 13428 13620 I net.osmand: RoutePlannerFrontEnd Native routing use precalculated route
06-29 17:23:18.033 13428 13438 I zygote  : Background concurrent copying GC freed 345821(7MB) AllocSpace objects, 0(0B) LOS objects, 16% free, 29MB/35MB, paused 981us total 585.767ms
06-29 17:23:18.057 13428 13620 I zygote  : Deoptimizing void net.osmand.router.RouteResultPreparation.attachRoadSegments(net.osmand.router.RoutingContext, java.util.List, int, int, boolean) due to JIT inline cache
06-29 17:23:18.282 13428 13428 I net.osmand: RoutingHelper Recalculate route, because correlation  : 186070.33175635283
06-29 17:23:18.305 13428 13428 I net.osmand: RoutingHelper Recalculate route, because correlation  : 186070.33175635283
06-29 17:23:18.305 13428 13428 I net.osmand: RoutingHelper Recalculate route, because wrong movement direction: 186070.33
06-29 17:23:18.413 13428 13428 I net.osmand: RoutingHelper Recalculate route, because correlation  : 186070.33175635283
06-29 17:23:18.491 13428 13428 I net.osmand: RoutingHelper Recalculate route, because correlation  : 186070.33175635283
06-29 17:23:18.491 13428 13428 I net.osmand: RoutingHelper Recalculate route, because wrong movement direction: 186070.33
06-29 17:23:19.062 13428 13438 I zygote  : Background concurrent copying GC freed 377008(8MB) AllocSpace objects, 0(0B) LOS objects, 18% free, 27MB/33MB, paused 938us total 316.346ms
06-29 17:23:19.570 13428 13428 I net.osmand: RoutingHelper Recalculate route, because correlation  : 186070.33175635283
06-29 17:23:19.570 13428 13428 I net.osmand: RoutingHelper Recalculate route, because wrong movement direction: 186070.33
06-29 17:23:19.588 13428 13428 I net.osmand: RoutingHelper Recalculate route, because correlation  : 186070.33175635283
06-29 17:23:19.983 13428 13428 I net.osmand: RoutingHelper Recalculate route, because correlation  : 186070.33175635283
06-29 17:23:19.983 13428 13428 I net.osmand: RoutingHelper Recalculate route, because wrong movement direction: 186070.33
06-29 17:23:20.094 13428 13428 I net.osmand: RoutingHelper Recalculate route, because correlation  : 186070.33175635283
06-29 17:23:20.359 13428 13428 I net.osmand: RoutingHelper Recalculate route, because correlation  : 186070.33175635283
06-29 17:23:20.360 13428 13428 I net.osmand: RoutingHelper Recalculate route, because wrong movement direction: 186070.33
06-29 17:23:20.393 13428 13428 I net.osmand: RoutingHelper Recalculate route, because correlation  : 186070.33175635283
06-29 17:23:20.677 13428 13438 I zygote  : Background concurrent copying GC freed 265203(6MB) AllocSpace objects, 0(0B) LOS objects, 14% free, 34MB/40MB, paused 3.193ms total 858.926ms
06-29 17:23:20.740  1587  1723 D WificondControl: Scan result ready event
06-29 17:23:20.808  1587  1723 I WifiService: releaseWifiLock uid=10014
06-29 17:23:21.115 13428 13428 I net.osmand: RoutingHelper Recalculate route, because correlation  : 186070.33175635283
06-29 17:23:21.115 13428 13428 I net.osmand: RoutingHelper Recalculate route, because wrong movement direction: 186070.33
06-29 17:23:21.224 13428 13428 I net.osmand: RoutingHelper Recalculate route, because correlation  : 186070.33175635283
06-29 17:23:21.350 13428 13428 I net.osmand: RoutingHelper Recalculate route, because correlation  : 186070.33175635283
06-29 17:23:21.350 13428 13428 I net.osmand: RoutingHelper Recalculate route, because wrong movement direction: 186070.33
06-29 17:23:21.360 13428 13428 I net.osmand: RoutingHelper Recalculate route, because correlation  : 186070.33175635283
06-29 17:23:21.873 13428 13438 I zygote  : Background concurrent copying GC freed 534647(12MB) AllocSpace objects, 0(0B) LOS objects, 17% free, 28MB/34MB, paused 7.172ms total 346.872ms
06-29 17:23:22.299 13428 13428 I net.osmand: RoutingHelper Recalculate route, because correlation  : 186070.33175635283
06-29 17:23:22.300 13428 13428 I net.osmand: RoutingHelper Recalculate route, because wrong movement direction: 186070.33
06-29 17:23:22.310 13428 13428 I net.osmand: RoutingHelper Recalculate route, because correlation  : 186070.33175635283
06-29 17:23:22.575 13428 13428 I net.osmand: RoutingHelper Recalculate route, because correlation  : 186070.33175635283
06-29 17:23:22.575 13428 13428 I net.osmand: RoutingHelper Recalculate route, because wrong movement direction: 186070.33
06-29 17:23:22.680 13428 13428 I net.osmand: RoutingHelper Recalculate route, because correlation  : 186070.33175635283
06-29 17:23:23.145 13428 13438 I zygote  : Background concurrent copying GC freed 269868(7MB) AllocSpace objects, 0(0B) LOS objects, 16% free, 30MB/36MB, paused 6.392ms total 495.992ms
06-29 17:23:23.290 13428 13428 I net.osmand: RoutingHelper Recalculate route, because correlation  : 186070.33175635283
06-29 17:23:23.290 13428 13428 I net.osmand: RoutingHelper Recalculate route, because wrong movement direction: 186070.33
06-29 17:23:23.421 13428 13428 I net.osmand: RoutingHelper Recalculate route, because correlation  : 186070.33175635283
06-29 17:23:23.982 13428 13428 I net.osmand: RoutingHelper Recalculate route, because correlation  : 186070.33175635283
06-29 17:23:23.982 13428 13428 I net.osmand: RoutingHelper Recalculate route, because wrong movement direction: 186070.33
06-29 17:23:24.082 13428 13428 I net.osmand: RoutingHelper Recalculate route, because correlation  : 186070.33175635283
06-29 17:23:24.284 13428 13438 I zygote  : Background concurrent copying GC freed 372426(8MB) AllocSpace objects, 0(0B) LOS objects, 16% free, 31MB/37MB, paused 1.487ms total 663.760ms
06-29 17:23:24.348 13428 13428 I net.osmand: RoutingHelper Recalculate route, because correlation  : 186070.33175635283
06-29 17:23:24.348 13428 13428 I net.osmand: RoutingHelper Recalculate route, because wrong movement direction: 186070.33
06-29 17:23:24.485 13428 13428 I net.osmand: RoutingHelper Recalculate route, because correlation  : 186070.33175635283
06-29 17:23:25.009 13428 13438 I zygote  : Background concurrent copying GC freed 399398(9MB) AllocSpace objects, 0(0B) LOS objects, 17% free, 27MB/33MB, paused 2.976ms total 301.182ms
06-29 17:23:25.355 13428 13428 I net.osmand: RoutingHelper Recalculate route, because correlation  : 186070.33175635283
06-29 17:23:25.355 13428 13428 I net.osmand: RoutingHelper Recalculate route, because wrong movement direction: 186070.33
06-29 17:23:25.358 13428 13428 I net.osmand: RoutingHelper Recalculate route, because correlation  : 186070.33175635283
06-29 17:23:25.358 13428 13428 I net.osmand: RoutingHelper Recalculate route, because wrong movement direction: 186070.33
06-29 17:23:25.361 13428 13428 I net.osmand: RoutingHelper Recalculate route, because correlation  : 186070.33175635283
06-29 17:23:25.363 13428 13428 I net.osmand: RoutingHelper Recalculate route, because correlation  : 186070.33175635283
06-29 17:23:25.884 13428 13438 I zygote  : Background concurrent copying GC freed 254078(6MB) AllocSpace objects, 0(0B) LOS objects, 17% free, 28MB/34MB, paused 910us total 281.217ms
06-29 17:23:26.295 13428 13428 I net.osmand: RoutingHelper Recalculate route, because correlation  : 186070.33175635283
06-29 17:23:26.295 13428 13428 I net.osmand: RoutingHelper Recalculate route, because wrong movement direction: 186070.33
06-29 17:23:26.443 13428 13428 I net.osmand: RoutingHelper Recalculate route, because correlation  : 186070.33175635283
06-29 17:23:26.672 13428 13428 I net.osmand: RoutingHelper Recalculate route, because correlation  : 186070.33175635283
06-29 17:23:26.673 13428 13428 I net.osmand: RoutingHelper Recalculate route, because wrong movement direction: 186070.33
06-29 17:23:26.677 13428 13428 I net.osmand: RoutingHelper Recalculate route, because correlation  : 186070.33175635283
06-29 17:23:27.012  1406  1406 I boot-pipe: done populating /dev/random
06-29 17:23:27.193 13428 13438 I zygote  : Background concurrent copying GC freed 227675(6MB) AllocSpace objects, 1(16KB) LOS objects, 16% free, 31MB/37MB, paused 1.781ms total 578.255ms
06-29 17:23:27.324 13428 13428 I net.osmand: RoutingHelper Recalculate route, because correlation  : 186070.33175635283
06-29 17:23:27.324 13428 13428 I net.osmand: RoutingHelper Recalculate route, because wrong movement direction: 186070.33
06-29 17:23:27.398 13428 13428 I net.osmand: RoutingHelper Recalculate route, because correlation  : 186070.33175635283
06-29 17:23:27.998 13428 13428 I net.osmand: RoutingHelper Recalculate route, because correlation  : 186070.33175635283
06-29 17:23:27.999 13428 13428 I net.osmand: RoutingHelper Recalculate route, because wrong movement direction: 186070.33
06-29 17:23:28.128 13428 13428 I net.osmand: RoutingHelper Recalculate route, because correlation  : 186070.33175635283
06-29 17:23:28.273 13428 13438 I zygote  : Background concurrent copying GC freed 355510(8MB) AllocSpace objects, 0(0B) LOS objects, 15% free, 32MB/38MB, paused 1.504ms total 700.526ms
06-29 17:23:28.337 13428 13428 I net.osmand: RoutingHelper Recalculate route, because correlation  : 186070.33175635283
06-29 17:23:28.338 13428 13428 I net.osmand: RoutingHelper Recalculate route, because wrong movement direction: 186070.33
06-29 17:23:28.413 13428 13428 I net.osmand: RoutingHelper Recalculate route, because correlation  : 186070.33175635283
06-29 17:23:28.913 13428 13438 I zygote  : Background concurrent copying GC freed 419755(10MB) AllocSpace objects, 0(0B) LOS objects, 17% free, 29MB/35MB, paused 972us total 312.012ms
06-29 17:23:29.676 13428 13428 I net.osmand: RoutingHelper Recalculate route, because correlation  : 186070.33175635283
06-29 17:23:29.676 13428 13428 I net.osmand: RoutingHelper Recalculate route, because wrong movement direction: 186070.33
06-29 17:23:29.692 13428 13428 I net.osmand: RoutingHelper Recalculate route, because correlation  : 186070.33175635283
06-29 17:23:29.692 13428 13428 I net.osmand: RoutingHelper Recalculate route, because wrong movement direction: 186070.33
06-29 17:23:29.725 13428 13428 I net.osmand: RoutingHelper Recalculate route, because correlation  : 186070.33175635283
06-29 17:23:30.034  1587  1596 I zygote  : Background concurrent copying GC freed 95401(6MB) AllocSpace objects, 3(60KB) LOS objects, 28% free, 15MB/21MB, paused 21.131ms total 730.497ms
06-29 17:23:30.292 13428 13428 I net.osmand: RoutingHelper Recalculate route, because correlation  : 186070.33175635283
06-29 17:23:30.292 13428 13428 I net.osmand: RoutingHelper Recalculate route, because wrong movement direction: 186070.33
06-29 17:23:30.427 13428 13428 I net.osmand: RoutingHelper Recalculate route, because correlation  : 186070.33175635283
06-29 17:23:30.460 13428 13438 I zygote  : Background concurrent copying GC freed 231588(6MB) AllocSpace objects, 0(0B) LOS objects, 15% free, 32MB/38MB, paused 1.803ms total 538.213ms
06-29 17:23:30.886 13428 13428 I net.osmand: RoutingHelper Recalculate route, because correlation  : 186070.33175635283
06-29 17:23:30.981 13428 13428 I net.osmand: RoutingHelper Recalculate route, because correlation  : 186070.33175635283
06-29 17:23:30.981 13428 13428 I net.osmand: RoutingHelper Recalculate route, because wrong movement direction: 186070.33
06-29 17:23:31.287 13428 13428 I net.osmand: RoutingHelper Recalculate route, because correlation  : 186070.33175635283
06-29 17:23:31.369 13428 13428 I net.osmand: RoutingHelper Recalculate route, because correlation  : 186070.33175635283
06-29 17:23:31.369 13428 13428 I net.osmand: RoutingHelper Recalculate route, because wrong movement direction: 186070.33
06-29 17:23:31.403 13428 13620 I System.out: ROUTE : 
06-29 17:23:31.404 13428 13620 I net.osmand: RouteResultPreparation <test regions="" description="" best_percent="" vehicle="car" 
06-29 17:23:31.404 13428 13620 I net.osmand:   start_lat="-7.58920" start_lon="-37.54107" target_lat="-5.04334" target_lon="-42.76303"  routing_time="10729.44" loadedTiles="2668" visitedSegments="155708" complete_distance="1262740.75" complete_time="66801.55" >
06-29 17:23:31.404 13428 13620 I System.out: <test regions="" description="" best_percent="" vehicle="car" 
06-29 17:23:31.404 13428 13620 I System.out:   start_lat="-7.58920" start_lon="-37.54107" target_lat="-5.04334" target_lon="-42.76303"  routing_time="10729.44" loadedTiles="2668" visitedSegments="155708" complete_distance="1262740.75" complete_time="66801.55" >
06-29 17:23:31.404 13428 13620 I System.out: </test>
06-29 17:23:31.405 13428 13620 I System.out: <test regions="" description="" best_percent="" vehicle="car" 
06-29 17:23:31.406 13428 13620 I System.out:   start_lat="-7.58920" start_lon="-37.54107" target_lat="-5.04334" target_lon="-42.76303"  routing_time="10729.44" loadedTiles="2668" visitedSegments="155708" complete_distance="1262740.75" complete_time="66801.55" >
06-29 17:23:31.577 13428 13620 I net.osmand: RouteProvider Finding route contained 5289 points for 242503 ms
06-29 17:23:31.869 13428 13438 I zygote  : Background concurrent copying GC freed 420349(9MB) AllocSpace objects, 0(0B) LOS objects, 13% free, 37MB/43MB, paused 4.068ms total 822.035ms
06-29 17:23:32.259 13428 13428 I zygote  : Deoptimizing java.lang.Object org.mozilla.javascript.IdScriptableObject.get(java.lang.String, org.mozilla.javascript.Scriptable) due to JIT same target
06-29 17:23:32.264 13428 13428 I net.osmand: TTSCommandPlayerImpl Send message to pebble vire à direita para   Rua Conegol M do Amaral então  após  80 metros vire à esquerda  
06-29 17:23:32.264 13428 13428 D net.osmand: AbstractPrologCommandPlayer requestAudioFocus
06-29 17:23:32.264 13428 13428 W AudioManager: Use of stream types is deprecated for operations other than volume control
06-29 17:23:32.265 13428 13428 W AudioManager: See the documentation of requestAudioFocus() for what to use instead with android.media.AudioAttributes to qualify your playback use case
06-29 17:23:32.265  1587  1723 I MediaFocusControl: requestAudioFocus() from uid/pid 10104/13428 clientId=android.media.AudioManager@121c303net.osmand.plus.api.AudioFocusHelperImpl@896bf31 callingPack=net.osmand req=3 flags=0x0 sdk=26
06-29 17:23:32.265 13428 13428 D net.osmand: TTSCommandPlayerImpl ttsRequests=1
06-29 17:23:32.267  4242 13491 I TTS.GoogleTTSServiceImp: Synthesis request for locale por-BRA and name pt-BR-language
06-29 17:23:32.268  4242 13491 I TTS.GoogleTTSServiceImp: TTS dispatch: pt-br-x-afs-lstm-embedded
06-29 17:23:32.453  4242 13492 D AudioTrack: Client defaulted notificationFrames to 1365 for frameCount 4096
06-29 17:23:32.484  1587  1723 V MediaRouterService: restoreBluetoothA2dp(false)
06-29 17:23:32.494  1390  3747 W audio_hw_generic: Not supplying enough data to HAL, expected position 43206671 , only wrote 43206480
06-29 17:23:32.842 13428 13438 I zygote  : Background concurrent copying GC freed 555161(13MB) AllocSpace objects, 2(48KB) LOS objects, 16% free, 29MB/35MB, paused 2.179ms total 238.718ms
06-29 17:23:33.529  1472  1581 D AudioFlinger: mixer(0xa5583800) throttle end: throttle time(3)
06-29 17:23:33.997  4242  4253 I zygote  : Background concurrent copying GC freed 11493(2MB) AllocSpace objects, 0(0B) LOS objects, 49% free, 2MB/5MB, paused 12.312ms total 92.856ms
06-29 17:23:34.152 13428 13438 I zygote  : Background concurrent copying GC freed 467954(14MB) AllocSpace objects, 0(0B) LOS objects, 22% free, 20MB/26MB, paused 3.989ms total 328.439ms
06-29 17:23:34.739  1472  1581 D AudioFlinger: mixer(0xa5583800) throttle end: throttle time(2)
06-29 17:23:35.140 13428 13438 I zygote  : Background concurrent copying GC freed 282205(6MB) AllocSpace objects, 0(0B) LOS objects, 20% free, 22MB/28MB, paused 1.007ms total 287.450ms
06-29 17:23:36.388 13428 13438 I zygote  : Background concurrent copying GC freed 341221(7MB) AllocSpace objects, 0(0B) LOS objects, 19% free, 24MB/30MB, paused 2.349ms total 379.672ms
06-29 17:23:37.191  1390  3747 W audio_hw_generic: Not supplying enough data to HAL, expected position 43431949 , only wrote 43431840
06-29 17:23:37.192  1390  3747 W audio_hw_generic: Not supplying enough data to HAL, expected position 43431855 , only wrote 43431840
06-29 17:23:37.208  1390  3747 W audio_hw_generic: Not supplying enough data to HAL, expected position 43432638 , only wrote 43432560
06-29 17:23:37.696 13428 13438 I zygote  : Background concurrent copying GC freed 466245(10MB) AllocSpace objects, 0(0B) LOS objects, 22% free, 21MB/27MB, paused 3.036ms total 284.204ms
06-29 17:23:38.211  1587 14049 D NetworkMonitor/NetworkAgentInfo [MOBILE (LTE) - 100]: PROBE_DNS connectivitycheck.gstatic.com 21ms OK 172.217.172.131,2800:3f0:4001:81a::2003
06-29 17:23:38.211  1587 14048 D NetworkMonitor/NetworkAgentInfo [MOBILE (LTE) - 100]: PROBE_DNS www.google.com 21ms OK 172.217.28.228,2800:3f0:4001:801::2004
06-29 17:23:38.376  1587 14049 D NetworkMonitor/NetworkAgentInfo [MOBILE (LTE) - 100]: PROBE_HTTP http://connectivitycheck.gstatic.com/generate_204 time=161ms ret=204 request={User-Agent=[Mozilla/5.0 (X11; Linux x86_64) AppleWebKit/537.36 (KHTML, like Gecko) Chrome/60.0.3112.32 Safari/537.36]} headers={null=[HTTP/1.1 204 No Content], Content-Length=[0], Date=[Sat, 29 Jun 2019 21:23:37 GMT], X-Android-Received-Millis=[1561843418375], X-Android-Response-Source=[NETWORK 204], X-Android-Selected-Protocol=[http/1.1], X-Android-Sent-Millis=[1561843418298]}
06-29 17:23:38.465  1587 14048 D NetworkMonitor/NetworkAgentInfo [MOBILE (LTE) - 100]: PROBE_HTTPS https://www.google.com/generate_204 time=251ms ret=204 request={User-Agent=[Mozilla/5.0 (X11; Linux x86_64) AppleWebKit/537.36 (KHTML, like Gecko) Chrome/60.0.3112.32 Safari/537.36]} headers={null=[HTTP/1.1 204 No Content], Alt-Svc=[quic=":443"; ma=2592000; v="46,44,43,39"], Content-Length=[0], Date=[Sat, 29 Jun 2019 21:23:38 GMT], X-Android-Received-Millis=[1561843418464], X-Android-Response-Source=[NETWORK 204], X-Android-Selected-Protocol=[http/1.1], X-Android-Sent-Millis=[1561843418387]}
06-29 17:23:38.467  1587  1674 D ConnectivityService: NetworkAgentInfo [MOBILE (LTE) - 100] validation passed
06-29 17:23:38.816  1587  4035 I WifiService: acquireWifiLock uid=10014 lockMode=2
06-29 17:23:38.878  1587  5791 I WifiService: releaseWifiLock uid=10014
06-29 17:23:38.994  1390  3747 W audio_hw_generic: Not supplying enough data to HAL, expected position 43518266 , only wrote 43518240
06-29 17:23:38.994  1390  3747 W audio_hw_generic: Not supplying enough data to HAL, expected position 43518260 , only wrote 43518240
06-29 17:23:39.015  1390  3747 W audio_hw_generic: Not supplying enough data to HAL, expected position 43519243 , only wrote 43518960
06-29 17:23:39.033 13428 13438 I zygote  : Background concurrent copying GC freed 274810(6MB) AllocSpace objects, 0(0B) LOS objects, 22% free, 21MB/27MB, paused 1.436ms total 307.397ms
06-29 17:23:39.414  4242 13492 D AudioTrack: stop() called with 150370 frames delivered
06-29 17:23:39.415  1587  1804 V MediaRouterService: restoreBluetoothA2dp(false)
06-29 17:23:39.422 13428 13440 D net.osmand: AbstractPrologCommandPlayer abandonAudioFocus
06-29 17:23:39.423  1587  2166 I MediaFocusControl: abandonAudioFocus() from uid/pid 10104/13428 clientId=android.media.AudioManager@121c303net.osmand.plus.api.AudioFocusHelperImpl@896bf31
06-29 17:23:39.423 13428 13440 D net.osmand: TTSCommandPlayerImpl ttsRequests=0
06-29 17:23:40.139 13428 13438 I zygote  : Background concurrent copying GC freed 292331(6MB) AllocSpace objects, 0(0B) LOS objects, 20% free, 22MB/28MB, paused 913us total 257.096ms
06-29 17:23:40.951  1390  3747 W audio_hw_generic: Not supplying enough data to HAL, expected position 43611892 , only wrote 43611840
06-29 17:23:40.952  1390  3747 W audio_hw_generic: Not supplying enough data to HAL, expected position 43611859 , only wrote 43611840
06-29 17:23:40.967  1390  3747 W audio_hw_generic: Not supplying enough data to HAL, expected position 43612589 , only wrote 43612560
06-29 17:23:41.517 13428 13438 I zygote  : Background concurrent copying GC freed 342224(7MB) AllocSpace objects, 0(0B) LOS objects, 18% free, 26MB/32MB, paused 1.029ms total 462.858ms
06-29 17:23:42.191  1390  3747 W audio_hw_generic: Not supplying enough data to HAL, expected position 43671317 , only wrote 43670880
06-29 17:23:42.192  1390  3747 W audio_hw_generic: Not supplying enough data to HAL, expected position 43670920 , only wrote 43670880
06-29 17:23:42.208  1390  3747 W audio_hw_generic: Not supplying enough data to HAL, expected position 43671633 , only wrote 43671600
06-29 17:23:42.448  1390  1574 W audio_hw_generic: Not supplying enough data to HAL, expected position 43693798 , only wrote 43683120
06-29 17:23:42.709 13428 13438 I zygote  : Background concurrent copying GC freed 499967(10MB) AllocSpace objects, 0(0B) LOS objects, 21% free, 22MB/28MB, paused 3.898ms total 245.648ms
06-29 17:23:43.944 13428 13438 I zygote  : Background concurrent copying GC freed 327151(7MB) AllocSpace objects, 0(0B) LOS objects, 20% free, 23MB/29MB, paused 1.021ms total 275.403ms
06-29 17:23:45.125 13428 13438 I zygote  : Background concurrent copying GC freed 363656(8MB) AllocSpace objects, 0(0B) LOS objects, 20% free, 23MB/29MB, paused 1.096ms total 248.519ms
06-29 17:23:45.696  1587  4035 I WifiService: getConnectionInfo uid=10014
06-29 17:23:45.701  1964 13567 E WakeLock: GCM_HB_ALARM release without a matched acquire!
06-29 17:23:45.704  1587  1614 I WifiService: requestActivityInfo uid=1000
06-29 17:23:45.704  1587  1614 I WifiService: reportActivityInfo uid=1000
06-29 17:23:45.704  1587  1614 I WifiService: getSupportedFeatures uid=1000
06-29 17:23:45.827  1964 13641 V NativeCrypto: Read error: ssl=0xb05aa9d8: I/O error during system call, Connection reset by peer
06-29 17:23:45.840  1964 13641 V NativeCrypto: SSL shutdown failed: ssl=0xb05aa9d8: I/O error during system call, Broken pipe
06-29 17:23:45.841  1964 13641 E WakeLock: GCM_HB_ALARM release without a matched acquire!
06-29 17:23:45.841  1964 13641 W WakeLock: GCM_HB_ALARM counter does not exist
06-29 17:23:45.845  1587  1674 D ConnectivityService: reportNetworkConnectivity(101, false) by 10014
06-29 17:23:45.845  1587  2572 D NetworkMonitor/NetworkAgentInfo [WIFI () - 101]: Forcing reevaluation for UID 10014
06-29 17:23:45.876  1587 14061 D NetworkMonitor/NetworkAgentInfo [WIFI () - 101]: PROBE_DNS connectivitycheck.gstatic.com 27ms OK 172.217.172.131,2800:3f0:4001:81a::2003
06-29 17:23:45.892  1587 14060 D NetworkMonitor/NetworkAgentInfo [WIFI () - 101]: PROBE_DNS www.google.com 42ms OK 172.217.28.228,2800:3f0:4001:801::2004
06-29 17:23:46.102  1587 14061 D NetworkMonitor/NetworkAgentInfo [WIFI () - 101]: PROBE_HTTP http://connectivitycheck.gstatic.com/generate_204 time=224ms ret=204 request={User-Agent=[Mozilla/5.0 (X11; Linux x86_64) AppleWebKit/537.36 (KHTML, like Gecko) Chrome/60.0.3112.32 Safari/537.36]} headers={null=[HTTP/1.1 204 No Content], Content-Length=[0], Date=[Sat, 29 Jun 2019 21:23:45 GMT], X-Android-Received-Millis=[1561843426101], X-Android-Response-Source=[NETWORK 204], X-Android-Selected-Protocol=[http/1.1], X-Android-Sent-Millis=[1561843426030]}
06-29 17:23:46.229  1587  5791 I WifiService: getConnectionInfo uid=10014
06-29 17:23:46.230  1587 14060 D NetworkMonitor/NetworkAgentInfo [WIFI () - 101]: PROBE_HTTPS https://www.google.com/generate_204 time=334ms ret=204 request={User-Agent=[Mozilla/5.0 (X11; Linux x86_64) AppleWebKit/537.36 (KHTML, like Gecko) Chrome/60.0.3112.32 Safari/537.36]} headers={null=[HTTP/1.1 204 No Content], Alt-Svc=[quic=":443"; ma=2592000; v="46,44,43,39"], Content-Length=[0], Date=[Sat, 29 Jun 2019 21:23:45 GMT], X-Android-Received-Millis=[1561843426230], X-Android-Response-Source=[NETWORK 204], X-Android-Selected-Protocol=[http/1.1], X-Android-Sent-Millis=[1561843426161]}
06-29 17:23:46.232  1587  1674 D ConnectivityService: NetworkAgentInfo [WIFI () - 101] validation passed
06-29 17:23:46.514  1587  2166 I WifiService: getConnectionInfo uid=10014
06-29 17:23:46.562 13428 13438 I zygote  : Background concurrent copying GC freed 372622(8MB) AllocSpace objects, 0(0B) LOS objects, 19% free, 25MB/31MB, paused 1.202ms total 397.875ms
06-29 17:23:46.575  1587  2166 I WifiService: getConnectionInfo uid=10014
06-29 17:23:48.281 13428 13428 D net.osmand: DayNightHelper Sunrise/sunset setting to day: false
06-29 17:23:48.556  1587  1614 E BatteryExternalStatsWorker: modem info is invalid: ModemActivityInfo{ mTimestamp=0 mSleepTimeMs=0 mIdleTimeMs=0 mTxTimeMs[]=[0, 0, 0, 0, 0] mRxTimeMs=0 mEnergyUsed=0}
06-29 17:23:48.664 13428 13438 I zygote  : Background concurrent copying GC freed 450892(9MB) AllocSpace objects, 0(0B) LOS objects, 20% free, 23MB/29MB, paused 3.024ms total 318.778ms
06-29 17:23:49.624 13428 13438 I zygote  : Background concurrent copying GC freed 366346(8MB) AllocSpace objects, 0(0B) LOS objects, 20% free, 23MB/29MB, paused 1.608ms total 258.454ms
06-29 17:23:50.661 13428 13438 I zygote  : Background concurrent copying GC freed 369633(8MB) AllocSpace objects, 0(0B) LOS objects, 22% free, 21MB/27MB, paused 909us total 212.107ms
06-29 17:23:51.674 13428 13438 I zygote  : Background concurrent copying GC freed 291841(6MB) AllocSpace objects, 0(0B) LOS objects, 22% free, 20MB/26MB, paused 1.034ms total 194.076ms
06-29 17:23:53.674 13428 13438 I zygote  : Background concurrent copying GC freed 285579(6MB) AllocSpace objects, 0(0B) LOS objects, 21% free, 22MB/28MB, paused 994us total 277.380ms
06-29 17:23:54.627 13428 13438 I zygote  : Background concurrent copying GC freed 339814(7MB) AllocSpace objects, 0(0B) LOS objects, 20% free, 23MB/29MB, paused 1.420ms total 272.918ms
06-29 17:23:55.610 13428 13438 I zygote  : Background concurrent copying GC freed 368923(8MB) AllocSpace objects, 0(0B) LOS objects, 20% free, 23MB/29MB, paused 4.794ms total 268.016ms
06-29 17:23:55.701  1587  1610 E memtrack: Couldn't load memtrack module
06-29 17:23:55.701  1587  1610 W android.os.Debug: failed to get memory consumption info: -1
06-29 17:23:55.770  1587  1610 E memtrack: Couldn't load memtrack module
06-29 17:23:55.770  1587  1610 W android.os.Debug: failed to get memory consumption info: -1
06-29 17:23:57.708 13428 13438 I zygote  : Background concurrent copying GC freed 365817(8MB) AllocSpace objects, 0(0B) LOS objects, 18% free, 27MB/33MB, paused 2.660ms total 354.635ms
06-29 17:23:58.821  1587  1670 W AlarmManager: Unrecognized alarm listener com.android.server.wifi.WifiConfigStore$1@370f064
06-29 17:23:58.849  1587  1670 D WifiConfigStore: Writing to stores completed in 26 ms.
06-29 17:23:58.873  1587  1804 I WifiService: acquireWifiLock uid=10014 lockMode=2
06-29 17:23:59.036  1587  1596 I zygote  : Background concurrent copying GC freed 87798(5MB) AllocSpace objects, 11(476KB) LOS objects, 29% free, 14MB/20MB, paused 1.056ms total 332.673ms
06-29 17:23:59.155 13428 13438 I zygote  : Background concurrent copying GC freed 537827(11MB) AllocSpace objects, 0(0B) LOS objects, 20% free, 23MB/29MB, paused 4.832ms total 411.556ms
06-29 17:24:00.179 11772 13135 D NetworkSecurityConfig: Using Network Security Config from resource network_security_config debugBuild: false
06-29 17:24:00.565 13428 13438 I zygote  : Background concurrent copying GC freed 371431(8MB) AllocSpace objects, 0(0B) LOS objects, 18% free, 26MB/32MB, paused 1.206ms total 503.592ms
06-29 17:24:01.902  1587  2166 D WificondControl: Scan result ready event
06-29 17:24:01.954  1587  1804 I WifiService: releaseWifiLock uid=10014
06-29 17:24:02.674 13428 13438 I zygote  : Background concurrent copying GC freed 497645(10MB) AllocSpace objects, 0(0B) LOS objects, 19% free, 24MB/30MB, paused 1.941ms total 362.411ms
06-29 17:24:03.654 13428 13438 I zygote  : Background concurrent copying GC freed 409650(9MB) AllocSpace objects, 0(0B) LOS objects, 21% free, 21MB/27MB, paused 1.581ms total 225.069ms
06-29 17:24:04.647 13428 13438 I zygote  : Background concurrent copying GC freed 289775(6MB) AllocSpace objects, 0(0B) LOS objects, 20% free, 23MB/29MB, paused 1.207ms total 262.400ms
06-29 17:24:05.596 13428 13438 I zygote  : Background concurrent copying GC freed 353579(7MB) AllocSpace objects, 0(0B) LOS objects, 20% free, 23MB/29MB, paused 909us total 244.351ms
06-29 17:24:07.867 13428 13438 I zygote  : Background concurrent copying GC freed 371701(8MB) AllocSpace objects, 0(0B) LOS objects, 18% free, 26MB/32MB, paused 1.185ms total 485.428ms
06-29 17:24:09.143 13428 13438 I zygote  : Background concurrent copying GC freed 537544(11MB) AllocSpace objects, 0(0B) LOS objects, 20% free, 23MB/29MB, paused 3.711ms total 277.502ms
06-29 17:24:09.838 13428 13438 I zygote  : Background concurrent copying GC freed 379756(8MB) AllocSpace objects, 0(0B) LOS objects, 22% free, 21MB/27MB, paused 1.140ms total 216.918ms
06-29 17:24:10.671 13428 13438 I zygote  : Background concurrent copying GC freed 303501(6MB) AllocSpace objects, 0(0B) LOS objects, 20% free, 22MB/28MB, paused 1.960ms total 259.666ms
06-29 17:24:11.729 13428 13438 I zygote  : Background concurrent copying GC freed 340698(7MB) AllocSpace objects, 0(0B) LOS objects, 22% free, 21MB/27MB, paused 1.273ms total 205.470ms
06-29 17:24:12.932 13428 13438 I zygote  : Background concurrent copying GC freed 290186(6MB) AllocSpace objects, 0(0B) LOS objects, 20% free, 22MB/28MB, paused 897us total 240.128ms
06-29 17:24:14.143 13428 13438 I zygote  : Background concurrent copying GC freed 345454(7MB) AllocSpace objects, 0(0B) LOS objects, 20% free, 23MB/29MB, paused 1.411ms total 302.650ms
06-29 17:24:15.447 13428 13438 I zygote  : Background concurrent copying GC freed 373267(8MB) AllocSpace objects, 0(0B) LOS objects, 19% free, 25MB/31MB, paused 1.936ms total 389.607ms
06-29 17:24:16.617 13428 13438 I zygote  : Background concurrent copying GC freed 457689(10MB) AllocSpace objects, 0(0B) LOS objects, 22% free, 21MB/27MB, paused 2.704ms total 210.799ms
06-29 17:24:16.946  1587  7302 I WifiService: getConnectionInfo uid=10014
06-29 17:24:17.862 13428 13438 I zygote  : Background concurrent copying GC freed 295333(6MB) AllocSpace objects, 0(0B) LOS objects, 22% free, 20MB/26MB, paused 975us total 206.503ms
06-29 17:24:18.948  1587  1804 I WifiService: acquireWifiLock uid=10014 lockMode=2
06-29 17:24:19.053  1587  5791 I WifiService: releaseWifiLock uid=10014
06-29 17:24:19.169 13428 13438 I zygote  : Background concurrent copying GC freed 268230(6MB) AllocSpace objects, 0(0B) LOS objects, 20% free, 22MB/28MB, paused 1.422ms total 349.646ms
06-29 17:24:19.720  1587  1596 I zygote  : Background concurrent copying GC freed 86762(6MB) AllocSpace objects, 2(40KB) LOS objects, 29% free, 14MB/20MB, paused 951us total 305.082ms
06-29 17:24:19.937 13428 13438 I zygote  : Background concurrent copying GC freed 352206(7MB) AllocSpace objects, 0(0B) LOS objects, 22% free, 21MB/27MB, paused 1.536ms total 252.362ms
06-29 17:24:20.631 13428 13438 I zygote  : Background concurrent copying GC freed 297711(6MB) AllocSpace objects, 0(0B) LOS objects, 20% free, 22MB/28MB, paused 1.005ms total 230.987ms
06-29 17:24:21.720 13428 13438 I zygote  : Background concurrent copying GC freed 335619(7MB) AllocSpace objects, 0(0B) LOS objects, 22% free, 21MB/27MB, paused 2.680ms total 211.819ms
06-29 17:24:22.848 13428 13438 I zygote  : Background concurrent copying GC freed 297194(6MB) AllocSpace objects, 0(0B) LOS objects, 20% free, 22MB/28MB, paused 1.611ms total 249.440ms
06-29 17:24:24.118 13428 13438 I zygote  : Background concurrent copying GC freed 349067(7MB) AllocSpace objects, 0(0B) LOS objects, 20% free, 23MB/29MB, paused 1.606ms total 337.004ms
06-29 17:24:25.552 13428 13438 I zygote  : Background concurrent copying GC freed 367981(8MB) AllocSpace objects, 0(0B) LOS objects, 18% free, 26MB/32MB, paused 2.736ms total 518.487ms
06-29 17:24:27.015  1406  1406 I boot-pipe: done populating /dev/random
06-29 17:24:27.900 13428 13438 I zygote  : Background concurrent copying GC freed 545866(12MB) AllocSpace objects, 0(0B) LOS objects, 18% free, 26MB/32MB, paused 5.474ms total 517.861ms
06-29 17:24:28.687 13428 13438 I zygote  : Background concurrent copying GC freed 525266(11MB) AllocSpace objects, 0(0B) LOS objects, 21% free, 21MB/27MB, paused 1.535ms total 228.621ms
06-29 17:24:29.784 13428 13438 I zygote  : Background concurrent copying GC freed 302066(6MB) AllocSpace objects, 0(0B) LOS objects, 20% free, 23MB/29MB, paused 4.411ms total 376.888ms
06-29 17:24:30.636 13428 13438 I zygote  : Background concurrent copying GC freed 380433(8MB) AllocSpace objects, 0(0B) LOS objects, 22% free, 20MB/26MB, paused 1.167ms total 214.496ms
06-29 17:24:31.891 13428 13438 I zygote  : Background concurrent copying GC freed 273320(6MB) AllocSpace objects, 0(0B) LOS objects, 22% free, 20MB/26MB, paused 970us total 217.729ms
06-29 17:24:31.981  1587  1614 I WifiService: requestActivityInfo uid=1000
06-29 17:24:31.982  1587  1614 I WifiService: reportActivityInfo uid=1000
06-29 17:24:31.983  1587  1614 I WifiService: getSupportedFeatures uid=1000
06-29 17:24:33.074 13428 13438 I zygote  : Background concurrent copying GC freed 285757(6MB) AllocSpace objects, 0(0B) LOS objects, 22% free, 20MB/26MB, paused 1.395ms total 220.861ms
06-29 17:24:34.536 13428 13438 I zygote  : Background concurrent copying GC freed 274919(6MB) AllocSpace objects, 0(0B) LOS objects, 18% free, 26MB/32MB, paused 1.371ms total 369.445ms
06-29 17:24:36.772 13428 13438 I zygote  : Background concurrent copying GC freed 520416(11MB) AllocSpace objects, 0(0B) LOS objects, 20% free, 23MB/29MB, paused 10.323ms total 410.721ms
06-29 17:24:37.675 13428 13438 I zygote  : Background concurrent copying GC freed 371397(8MB) AllocSpace objects, 0(0B) LOS objects, 20% free, 23MB/29MB, paused 2.020ms total 309.635ms
06-29 17:24:38.672 13428 13438 I zygote  : Background concurrent copying GC freed 364588(8MB) AllocSpace objects, 0(0B) LOS objects, 22% free, 21MB/27MB, paused 1.279ms total 205.559ms
06-29 17:24:39.651  1587  1614 I WifiService: requestActivityInfo uid=1000
06-29 17:24:39.651  1587  1614 I WifiService: reportActivityInfo uid=1000
06-29 17:24:39.651  1587  1614 I WifiService: getSupportedFeatures uid=1000
06-29 17:24:39.895 13428 13438 I zygote  : Background concurrent copying GC freed 300020(6MB) AllocSpace objects, 0(0B) LOS objects, 22% free, 20MB/26MB, paused 2.548ms total 191.583ms
06-29 17:24:39.967  1587  1804 I WifiService: acquireWifiLock uid=10014 lockMode=2
06-29 17:24:41.131 13428 13438 I zygote  : Background concurrent copying GC freed 264433(5MB) AllocSpace objects, 0(0B) LOS objects, 20% free, 22MB/28MB, paused 910us total 255.738ms
06-29 17:24:42.413 13428 13438 I zygote  : Background concurrent copying GC freed 350953(7MB) AllocSpace objects, 0(0B) LOS objects, 19% free, 24MB/30MB, paused 1.300ms total 276.737ms
06-29 17:24:42.950  1587  2166 D WificondControl: Scan result ready event
06-29 17:24:43.002  1587  2166 I WifiService: releaseWifiLock uid=10014
06-29 17:24:43.697 13428 13438 I zygote  : Background concurrent copying GC freed 433275(9MB) AllocSpace objects, 0(0B) LOS objects, 21% free, 21MB/27MB, paused 1.083ms total 223.625ms
06-29 17:24:44.979 13428 13438 I zygote  : Background concurrent copying GC freed 301622(6MB) AllocSpace objects, 0(0B) LOS objects, 20% free, 23MB/29MB, paused 911us total 252.468ms
06-29 17:24:46.227 13428 13438 I zygote  : Background concurrent copying GC freed 357927(7MB) AllocSpace objects, 0(0B) LOS objects, 20% free, 23MB/29MB, paused 2.090ms total 320.140ms
06-29 17:24:47.469 13428 13438 I zygote  : Background concurrent copying GC freed 371001(8MB) AllocSpace objects, 0(0B) LOS objects, 19% free, 25MB/31MB, paused 1.661ms total 347.668ms
06-29 17:24:48.283 13428 13428 D net.osmand: DayNightHelper Sunrise/sunset setting to day: false
06-29 17:24:48.675 13428 13438 I zygote  : Background concurrent copying GC freed 458239(10MB) AllocSpace objects, 0(0B) LOS objects, 22% free, 21MB/27MB, paused 1.881ms total 217.354ms
06-29 17:24:49.480  1587  1596 I zygote  : Background concurrent copying GC freed 89304(5MB) AllocSpace objects, 3(60KB) LOS objects, 28% free, 15MB/21MB, paused 2.648ms total 304.223ms
06-29 17:24:50.053 13428 13438 I zygote  : Background concurrent copying GC freed 292101(6MB) AllocSpace objects, 0(0B) LOS objects, 20% free, 22MB/28MB, paused 1.004ms total 246.622ms
06-29 17:24:51.290 13428 13438 I zygote  : Background concurrent copying GC freed 345558(7MB) AllocSpace objects, 0(0B) LOS objects, 20% free, 23MB/29MB, paused 964us total 264.474ms
06-29 17:24:52.604 13428 13438 I zygote  : Background concurrent copying GC freed 366638(8MB) AllocSpace objects, 0(0B) LOS objects, 18% free, 26MB/32MB, paused 1.057ms total 337.206ms
06-29 17:24:53.836 13428 13438 I zygote  : Background concurrent copying GC freed 526520(11MB) AllocSpace objects, 0(0B) LOS objects, 21% free, 21MB/27MB, paused 4.235ms total 228.877ms
06-29 17:24:55.098 13428 13438 I zygote  : Background concurrent copying GC freed 303006(6MB) AllocSpace objects, 0(0B) LOS objects, 20% free, 23MB/29MB, paused 1.134ms total 283.002ms
06-29 17:24:56.285 13428 13438 I zygote  : Background concurrent copying GC freed 361993(8MB) AllocSpace objects, 0(0B) LOS objects, 20% free, 23MB/29MB, paused 987us total 296.656ms
06-29 17:24:57.606 13428 13438 I zygote  : Background concurrent copying GC freed 364652(8MB) AllocSpace objects, 0(0B) LOS objects, 19% free, 25MB/31MB, paused 3.192ms total 329.688ms
06-29 17:24:58.766 13428 13438 I zygote  : Background concurrent copying GC freed 463498(10MB) AllocSpace objects, 0(0B) LOS objects, 22% free, 21MB/27MB, paused 2.752ms total 180.108ms
06-29 17:24:59.984  1587  5791 I WifiService: acquireWifiLock uid=10014 lockMode=2
06-29 17:25:00.071  1587  4035 I WifiService: releaseWifiLock uid=10014
06-29 17:25:00.092 13428 13438 I zygote  : Background concurrent copying GC freed 298461(6MB) AllocSpace objects, 0(0B) LOS objects, 20% free, 22MB/28MB, paused 866us total 341.269ms
06-29 17:25:01.177 13428 13438 I zygote  : Background concurrent copying GC freed 336792(7MB) AllocSpace objects, 0(0B) LOS objects, 20% free, 23MB/29MB, paused 918us total 252.374ms
06-29 17:25:02.599 13428 13438 I zygote  : Background concurrent copying GC freed 364620(8MB) AllocSpace objects, 0(0B) LOS objects, 19% free, 25MB/31MB, paused 900us total 358.538ms
06-29 17:25:03.908 13428 13438 I zygote  : Background concurrent copying GC freed 457825(10MB) AllocSpace objects, 0(0B) LOS objects, 22% free, 21MB/27MB, paused 4.764ms total 236.940ms
06-29 17:25:05.200 13428 13438 I zygote  : Background concurrent copying GC freed 294760(6MB) AllocSpace objects, 0(0B) LOS objects, 20% free, 22MB/28MB, paused 1.359ms total 255.136ms
06-29 17:25:06.490 13428 13438 I zygote  : Background concurrent copying GC freed 348905(7MB) AllocSpace objects, 0(0B) LOS objects, 19% free, 25MB/31MB, paused 1.416ms total 354.636ms
06-29 17:25:07.792 13428 13438 I zygote  : Background concurrent copying GC freed 462692(10MB) AllocSpace objects, 0(0B) LOS objects, 22% free, 21MB/27MB, paused 2.655ms total 206.614ms
06-29 17:25:09.090 13428 13438 I zygote  : Background concurrent copying GC freed 293825(6MB) AllocSpace objects, 0(0B) LOS objects, 20% free, 22MB/28MB, paused 899us total 304.728ms
06-29 17:25:10.270 13428 13438 I zygote  : Background concurrent copying GC freed 339958(7MB) AllocSpace objects, 0(0B) LOS objects, 20% free, 23MB/29MB, paused 1.272ms total 266.441ms
06-29 17:25:11.020  1587  1614 I WifiService: requestActivityInfo uid=1000
06-29 17:25:11.020  1587  1614 I WifiService: reportActivityInfo uid=1000
06-29 17:25:11.021  1587  1614 I WifiService: getSupportedFeatures uid=1000
06-29 17:25:11.131  1587  1614 I WifiService: requestActivityInfo uid=1000
06-29 17:25:11.131  1587  1614 I WifiService: reportActivityInfo uid=1000
06-29 17:25:11.131  1587  1614 I WifiService: getSupportedFeatures uid=1000
06-29 17:25:11.630 13428 13438 I zygote  : Background concurrent copying GC freed 373397(8MB) AllocSpace objects, 0(0B) LOS objects, 19% free, 25MB/31MB, paused 2.656ms total 375.034ms
06-29 17:25:12.767 13428 13438 I zygote  : Background concurrent copying GC freed 452282(9MB) AllocSpace objects, 0(0B) LOS objects, 22% free, 21MB/27MB, paused 1.594ms total 164.720ms
06-29 17:25:14.132 13428 13438 I zygote  : Background concurrent copying GC freed 303922(6MB) AllocSpace objects, 0(0B) LOS objects, 20% free, 22MB/28MB, paused 837us total 269.256ms
06-29 17:25:15.459 13428 13438 I zygote  : Background concurrent copying GC freed 339996(7MB) AllocSpace objects, 0(0B) LOS objects, 19% free, 25MB/31MB, paused 1.216ms total 330.713ms
06-29 17:25:16.749 13428 13438 I zygote  : Background concurrent copying GC freed 460181(10MB) AllocSpace objects, 0(0B) LOS objects, 22% free, 21MB/27MB, paused 935us total 243.342ms
06-29 17:25:18.016 13428 13438 I zygote  : Background concurrent copying GC freed 287130(6MB) AllocSpace objects, 0(0B) LOS objects, 20% free, 22MB/28MB, paused 3.038ms total 260.566ms
06-29 17:25:19.528 13428 13438 I zygote  : Background concurrent copying GC freed 346739(7MB) AllocSpace objects, 0(0B) LOS objects, 19% free, 25MB/31MB, paused 4.726ms total 523.437ms
06-29 17:25:19.767  1587  1596 I zygote  : Background concurrent copying GC freed 91395(6MB) AllocSpace objects, 3(60KB) LOS objects, 28% free, 15MB/21MB, paused 1.111ms total 288.852ms
06-29 17:25:19.994  1587  2166 I WifiService: acquireWifiLock uid=10014 lockMode=2
06-29 17:25:20.613 13428 13438 I zygote  : Background concurrent copying GC freed 458676(10MB) AllocSpace objects, 0(0B) LOS objects, 20% free, 23MB/29MB, paused 1.264ms total 251.947ms
06-29 17:25:21.934 13428 13438 I zygote  : Background concurrent copying GC freed 365373(8MB) AllocSpace objects, 0(0B) LOS objects, 20% free, 23MB/29MB, paused 1.968ms total 248.105ms
06-29 17:25:23.012  1587  2166 D WificondControl: Scan result ready event
06-29 17:25:23.141  1587  7302 I WifiService: releaseWifiLock uid=10014
06-29 17:25:23.263 13428 13438 I zygote  : Background concurrent copying GC freed 373195(8MB) AllocSpace objects, 0(0B) LOS objects, 20% free, 23MB/29MB, paused 6.041ms total 302.477ms
06-29 17:25:24.599 13428 13438 I zygote  : Background concurrent copying GC freed 359661(7MB) AllocSpace objects, 0(0B) LOS objects, 19% free, 24MB/30MB, paused 1.182ms total 341.688ms
06-29 17:25:25.886 13428 13438 I zygote  : Background concurrent copying GC freed 455867(10MB) AllocSpace objects, 0(0B) LOS objects, 22% free, 21MB/27MB, paused 1.370ms total 226.863ms
06-29 17:25:26.180  1587  1614 I WifiService: requestActivityInfo uid=1000
06-29 17:25:26.180  1587  1614 I WifiService: reportActivityInfo uid=1000
06-29 17:25:26.180  1587  1614 I WifiService: getSupportedFeatures uid=1000
06-29 17:25:27.017  1406  1406 I boot-pipe: done populating /dev/random
06-29 17:25:27.238 13428 13438 I zygote  : Background concurrent copying GC freed 306979(6MB) AllocSpace objects, 0(0B) LOS objects, 20% free, 22MB/28MB, paused 901us total 278.536ms
06-29 17:25:28.487 13428 13438 I zygote  : Background concurrent copying GC freed 339356(7MB) AllocSpace objects, 0(0B) LOS objects, 19% free, 25MB/31MB, paused 1.117ms total 297.531ms
06-29 17:25:29.887 13428 13438 I zygote  : Background concurrent copying GC freed 460872(10MB) AllocSpace objects, 0(0B) LOS objects, 20% free, 23MB/29MB, paused 2.732ms total 304.502ms
06-29 17:25:31.082 13428 13438 I zygote  : Background concurrent copying GC freed 360175(7MB) AllocSpace objects, 0(0B) LOS objects, 20% free, 23MB/29MB, paused 905us total 240.557ms
06-29 17:25:32.528 13428 13438 I zygote  : Background concurrent copying GC freed 371741(8MB) AllocSpace objects, 0(0B) LOS objects, 18% free, 26MB/32MB, paused 3.215ms total 377.044ms
06-29 17:25:34.762 13428 13438 I zygote  : Background concurrent copying GC freed 534720(11MB) AllocSpace objects, 0(0B) LOS objects, 18% free, 27MB/33MB, paused 5.102ms total 376.072ms
06-29 17:25:36.170 13428 13438 I zygote  : Background concurrent copying GC freed 547625(12MB) AllocSpace objects, 0(0B) LOS objects, 20% free, 23MB/29MB, paused 750us total 251.339ms
06-29 17:25:37.446 13428 13438 I zygote  : Background concurrent copying GC freed 377112(8MB) AllocSpace objects, 0(0B) LOS objects, 19% free, 25MB/31MB, paused 1.073ms total 272.623ms
06-29 17:25:38.696 13428 13438 I zygote  : Background concurrent copying GC freed 463861(10MB) AllocSpace objects, 0(0B) LOS objects, 22% free, 21MB/27MB, paused 818us total 176.036ms
06-29 17:25:39.943 13428 13438 I zygote  : Background concurrent copying GC freed 288004(6MB) AllocSpace objects, 0(0B) LOS objects, 20% free, 22MB/28MB, paused 1.019ms total 223.494ms
06-29 17:25:41.055  1587  7302 I WifiService: acquireWifiLock uid=10014 lockMode=2
06-29 17:25:41.130  1587  4035 I WifiService: releaseWifiLock uid=10014
06-29 17:25:41.183 13428 13438 I zygote  : Background concurrent copying GC freed 346730(7MB) AllocSpace objects, 0(0B) LOS objects, 20% free, 23MB/29MB, paused 760us total 264.662ms
06-29 17:25:42.340 13428 13438 I zygote  : Background concurrent copying GC freed 366387(8MB) AllocSpace objects, 0(0B) LOS objects, 20% free, 23MB/29MB, paused 2.318ms total 210.449ms
06-29 17:25:43.583 13428 13438 I zygote  : Background concurrent copying GC freed 364583(8MB) AllocSpace objects, 0(0B) LOS objects, 20% free, 23MB/29MB, paused 748us total 238.082ms
06-29 17:25:44.829 13428 13438 I zygote  : Background concurrent copying GC freed 367597(8MB) AllocSpace objects, 0(0B) LOS objects, 20% free, 23MB/29MB, paused 4.170ms total 200.976ms
06-29 17:25:46.075 13428 13438 I zygote  : Background concurrent copying GC freed 364589(8MB) AllocSpace objects, 0(0B) LOS objects, 20% free, 23MB/29MB, paused 1.244ms total 206.071ms
06-29 17:25:47.442 13428 13438 I zygote  : Background concurrent copying GC freed 367349(8MB) AllocSpace objects, 0(0B) LOS objects, 19% free, 25MB/31MB, paused 753us total 298.735ms
06-29 17:25:48.311 13428 13428 D net.osmand: DayNightHelper Sunrise/sunset setting to day: false
06-29 17:25:48.646 13428 13438 I zygote  : Background concurrent copying GC freed 459589(10MB) AllocSpace objects, 0(0B) LOS objects, 22% free, 21MB/27MB, paused 1.008ms total 173.121ms
06-29 17:25:49.284  1587  1596 I zygote  : Background concurrent copying GC freed 92241(6MB) AllocSpace objects, 3(60KB) LOS objects, 28% free, 14MB/20MB, paused 1.345ms total 162.836ms
06-29 17:25:49.919 13428 13438 I zygote  : Background concurrent copying GC freed 293834(6MB) AllocSpace objects, 0(0B) LOS objects, 20% free, 22MB/28MB, paused 767us total 197.651ms
06-29 17:25:50.087  2583  2609 I Finsky  : [114] imb.run(3): Stats for Executor: BlockingExecutor ink@171d218[Running, pool size = 0, active threads = 0, queued tasks = 0, completed tasks = 20]
06-29 17:25:50.087  2583  2609 I Finsky  : [114] imb.run(3): Stats for Executor: LightweightExecutor ink@209f471[Running, pool size = 2, active threads = 0, queued tasks = 0, completed tasks = 68]
06-29 17:25:51.027  2583  2609 I Finsky  : [114] imb.run(3): Stats for Executor: bgExecutor ink@71db256[Running, pool size = 4, active threads = 0, queued tasks = 0, completed tasks = 69]
06-29 17:25:51.134 13428 13438 I zygote  : Background concurrent copying GC freed 352069(7MB) AllocSpace objects, 0(0B) LOS objects, 20% free, 23MB/29MB, paused 2.193ms total 219.535ms
06-29 17:25:52.369 13428 13438 I zygote  : Background concurrent copying GC freed 358877(7MB) AllocSpace objects, 0(0B) LOS objects, 20% free, 23MB/29MB, paused 963us total 228.649ms
06-29 17:25:53.599 13428 13438 I zygote  : Background concurrent copying GC freed 397023(8MB) AllocSpace objects, 0(0B) LOS objects, 20% free, 22MB/28MB, paused 1.061ms total 223.046ms
06-29 17:25:54.882 13428 13438 I zygote  : Background concurrent copying GC freed 340067(7MB) AllocSpace objects, 0(0B) LOS objects, 20% free, 23MB/29MB, paused 763us total 221.097ms
06-29 17:25:56.082 13428 13438 I zygote  : Background concurrent copying GC freed 361923(7MB) AllocSpace objects, 0(0B) LOS objects, 20% free, 23MB/29MB, paused 866us total 231.285ms
06-29 17:25:57.292 13428 13438 I zygote  : Background concurrent copying GC freed 365964(8MB) AllocSpace objects, 0(0B) LOS objects, 20% free, 23MB/29MB, paused 1.087ms total 208.857ms
06-29 17:25:58.551 13428 13438 I zygote  : Background concurrent copying GC freed 373263(8MB) AllocSpace objects, 0(0B) LOS objects, 19% free, 25MB/31MB, paused 789us total 270.811ms
06-29 17:26:00.003  1587  1610 E memtrack: Couldn't load memtrack module
06-29 17:26:00.003  1587  1610 W android.os.Debug: failed to get memory consumption info: -1
06-29 17:26:00.077  1587  1610 E memtrack: Couldn't load memtrack module
06-29 17:26:00.077  1587  1610 W android.os.Debug: failed to get memory consumption info: -1
06-29 17:26:00.632 13428 13438 I zygote  : Background concurrent copying GC freed 456470(10MB) AllocSpace objects, 0(0B) LOS objects, 20% free, 23MB/29MB, paused 3.010ms total 228.504ms
06-29 17:26:01.064  1587  1804 I WifiService: acquireWifiLock uid=10014 lockMode=2
06-29 17:26:01.619 13428 13438 I zygote  : Background concurrent copying GC freed 360533(7MB) AllocSpace objects, 0(0B) LOS objects, 20% free, 23MB/29MB, paused 755us total 212.622ms
06-29 17:26:02.612 13428 13438 I zygote  : Background concurrent copying GC freed 366729(8MB) AllocSpace objects, 0(0B) LOS objects, 20% free, 23MB/29MB, paused 742us total 208.056ms
