06-29 12:06:09.252  3472  3495 I net.osmand: MapRenderRepositories Native search: 112 ms 
06-29 12:06:09.262  3472  3495 I net.osmand:native: Creating SkBitmap in native w:1800 h:2690 s:7200 f:1!
06-29 12:06:09.263  3472  3495 I net.osmand:native: Row bytes for RGBA_8888 is 7200
06-29 12:06:09.263  3472  3495 I net.osmand:native: Locked 19368000 bytes at 0x57380000
06-29 12:06:09.263  3472  3495 I net.osmand:native: Initializing rendering
06-29 12:06:09.265  3472  3495 I net.osmand:native: Rendering image
06-29 12:06:09.406  3472  3495 I net.osmand:native: Native ok (rendering 1, text 80 ms) 
06-29 12:06:09.406  3472  3495 I net.osmand:native:  (11482 points, 257 points inside, 111 of 128 objects visible)
06-29 12:06:09.406  3472  3495 I net.osmand:native: End Rendering image
06-29 12:06:09.406  3472  3495 I net.osmand:native: Native ok (init 1, rendering 1) 
06-29 12:06:09.408  3472  3495 I net.osmand: MapRenderRepositories true
06-29 12:06:09.730  3472  3472 I net.osmand: RoutingHelper Recalculate route, because wrong movement direction: 192.15738
06-29 12:06:09.732  3472  3472 D net.osmand: AbstractPrologCommandPlayer abandonAudioFocus
06-29 12:06:10.016  1390  2659 W audio_hw_generic: Not supplying enough data to HAL, expected position 93909735 , only wrote 93909600
06-29 12:06:10.017  1390  2659 W audio_hw_generic: Not supplying enough data to HAL, expected position 93909618 , only wrote 93909600
06-29 12:06:10.036  1390  2659 W audio_hw_generic: Not supplying enough data to HAL, expected position 93910537 , only wrote 93910320
06-29 12:06:10.047  3472  3472 I net.osmand: RoutingHelper Recalculate route, because correlation  : 99.90317822183606
06-29 12:06:10.052  3472  3472 I net.osmand: RoutingHelper Recalculate route, because correlation  : 99.90317822183606
06-29 12:06:10.053  3472  3472 I net.osmand: RoutingHelper Recalculate route, because wrong movement direction: 216.81157
06-29 12:06:10.608  1390  1562 W audio_hw_generic: Not supplying enough data to HAL, expected position 93964161 , only wrote 93937680
06-29 12:06:10.721  3472  3472 I net.osmand: RoutingHelper Recalculate route, because correlation  : 99.90317822183606
06-29 12:06:10.722  3472  3472 W MaterialProgressBar: Current drawable is not a MaterialProgressDrawable, you may want to set app:mpb_setBothDrawables
06-29 12:06:10.725  3472  3472 I net.osmand: RoutingHelper Recalculate route, because correlation  : 99.90317822183606
06-29 12:06:10.725  3472  3472 I net.osmand: RoutingHelper Recalculate route, because wrong movement direction: 216.81157
06-29 12:06:10.726  3472 18871 I net.osmand: RouteProvider Start finding route from Location[mProvider=gps,mTime=1561824371000,mLatitude=0.002408333333333333,mLongitude=-51.07787833333334,mHasAltitude=true,mAltitude=0.0,mHasSpeed=false,mSpeed=0.0,mHasBearing=false,mBearing=0.0,mHasAccuracy=true,mAccuracy=20.0 to Lat -7.355E-4 Lon -51.095608 using OsmAnd (offline)
06-29 12:06:10.730  3472 18871 W net.osmand: RouteProvider Use 347 MB Free 5.013153 of 23.728157 max 384.0
06-29 12:06:10.768  1399  1414 D hwcomposer: hw_composer sent 247 syncs in 60s
06-29 12:06:11.010  3472 18871 I net.osmand:native: Start point was found 10432438525 [Native]
06-29 12:06:11.029  3472 18871 I net.osmand:native: End point was found 10433843853 [Native]
06-29 12:06:11.353  3472  3472 D net.osmand: RoutingHelper Processed by distance : 4.457834858881011 227.36724864546753
06-29 12:06:11.502  3472  3472 I net.osmand: RoutingHelper Recalculate route, because wrong movement direction: 177.47061
06-29 12:06:11.512  3472  3496 I net.osmand: MapRenderRepositories RENDER MAP: update due to tile box
06-29 12:06:11.512  3472  3496 I net.osmand: MapRenderRepositories RENDER MAP: Interrupt rendering map
06-29 12:06:11.564  3472 18871 W net.osmand:native: [Native] Result visited (visited roads 1022, visited segments 617 / 451 , queue sizes 168 / 498 ) 
06-29 12:06:11.564  3472 18871 W net.osmand:native: [Native] Result timing (time to load 0, time to calc 534, loaded tiles 28) 
06-29 12:06:11.564  3472 18871 W net.osmand:native: [Native] Memory occupied (Routing context 740 Kb, search 21 Kb)
06-29 12:06:11.576  3472  3496 I net.osmand: MapRenderRepositories RENDER MAP: update due to tile box
06-29 12:06:11.576  3472  3496 I net.osmand: MapRenderRepositories RENDER MAP: Interrupt rendering map
06-29 12:06:11.586  3472 18871 I net.osmand:native: No route found
06-29 12:06:11.644  3472 18871 I net.osmand: RoutePlannerFrontEnd Native routing took 0.676 seconds
06-29 12:06:11.644  3472 18871 I System.out: ROUTE : 
06-29 12:06:11.645  3472 18871 I net.osmand: RouteResultPreparation <test regions="" description="" best_percent="" vehicle="car" 
06-29 12:06:11.645  3472 18871 I net.osmand:   start_lat="0.00241" start_lon="-51.07788" target_lat="-0.00074" target_lon="-51.09561"  routing_time="0.00" loadedTiles="28" visitedSegments="1022" complete_distance="0.00" complete_time="0.00" >
06-29 12:06:11.647  3472 18871 I System.out: <test regions="" description="" best_percent="" vehicle="car" 
06-29 12:06:11.647  3472 18871 I System.out:   start_lat="0.00241" start_lon="-51.07788" target_lat="-0.00074" target_lon="-51.09561"  routing_time="0.00" loadedTiles="28" visitedSegments="1022" complete_distance="0.00" complete_time="0.00" >
06-29 12:06:11.647  3472 18871 I System.out: </test>
06-29 12:06:11.647  3472 18871 I System.out: <test regions="" description="" best_percent="" vehicle="car" 
06-29 12:06:11.647  3472 18871 I System.out:   start_lat="0.00241" start_lon="-51.07788" target_lat="-0.00074" target_lon="-51.09561"  routing_time="0.00" loadedTiles="28" visitedSegments="1022" complete_distance="0.00" complete_time="0.00" >
06-29 12:06:11.648  3472 18871 I net.osmand: RouteProvider Finding route contained 0 points for 923 ms
06-29 12:06:11.672  3472  3495 I net.osmand: MapRenderRepositories RENDER MAP: new request RotatedTileBox [lat=0.0024483914453909445, lon=-51.0818703744695, rotate=0.0, density=2.625, zoom=17, mapDensity=3.9375, zoomAnimation=0.0, zoomFloatPart=0.0, cx=900, cy=1972, pixWidth=1800, pixHeight=2690]
06-29 12:06:11.803  3472  3472 I net.osmand: RoutingHelper Recalculate route, because wrong movement direction: 177.47061
06-29 12:06:11.807  3472  3472 D net.osmand: AbstractPrologCommandPlayer abandonAudioFocus
06-29 12:06:11.809  3472  3472 W MaterialProgressBar: Current drawable is not a MaterialProgressDrawable, you may want to set app:mpb_setBothDrawables
06-29 12:06:11.815  3472 18872 I net.osmand: RouteProvider Start finding route from Location[mProvider=gps,mTime=1561824372000,mLatitude=0.002408333333333333,mLongitude=-51.081871666666665,mHasAltitude=false,mAltitude=0.0,mHasSpeed=true,mSpeed=0.0,mHasBearing=true,mBearing=0.0,mHasAccuracy=true,mAccuracy=20.0 to Lat -7.355E-4 Lon -51.095608 using OsmAnd (offline)
06-29 12:06:11.820  3472 18872 W net.osmand: RouteProvider Use 344 MB Free 2.1916199 of 23.728157 max 384.0
06-29 12:06:11.937  3472  3495 I net.osmand:native: Route objects 61
06-29 12:06:11.938  3472  3495 I net.osmand:native: Ocean: no completed & incompleted coastlines 0
06-29 12:06:11.938  3472  3495 I net.osmand:native: Detailed coastlines = 0, basemap coastlines 0, ocean tile 0.000000. Detailed added 0, basemap processed 1, basemap added 0.
06-29 12:06:11.939  3472  3495 I net.osmand:native: Search : tree - read( 378), accept( 57), objs - visit( 4774), accept(90), in result(61) 
06-29 12:06:11.944  3472  3495 I net.osmand: MapRenderRepositories BLat=1.271367073059082E-4, TLat=0.008187711238861084, LLong=-51.08432388305664, RLong=-51.07941818237305, zoom=17
06-29 12:06:11.944  3472  3495 I net.osmand: MapRenderRepositories Native search: 257 ms 
06-29 12:06:11.953  3472  3495 I net.osmand:native: Creating SkBitmap in native w:1800 h:2690 s:7200 f:1!
06-29 12:06:11.953  3472  3495 I net.osmand:native: Row bytes for RGBA_8888 is 7200
06-29 12:06:11.953  3472  3495 I net.osmand:native: Locked 19368000 bytes at 0x78300000
06-29 12:06:11.954  3472  3495 I net.osmand:native: Initializing rendering
06-29 12:06:11.956  3472  3495 I net.osmand:native: Rendering image
06-29 12:06:12.088  3472  3495 I net.osmand:native: Native ok (rendering 3, text 68 ms) 
06-29 12:06:12.088  3472  3495 I net.osmand:native:  (11319 points, 207 points inside, 98 of 118 objects visible)
06-29 12:06:12.088  3472  3495 I net.osmand:native: End Rendering image
06-29 12:06:12.088  3472  3495 I net.osmand:native: Native ok (init 2, rendering 3) 
06-29 12:06:12.089  3472  3495 I net.osmand: MapRenderRepositories true
06-29 12:06:12.233  3472 18872 I net.osmand:native: Start point was found 10432438525 [Native]
06-29 12:06:12.243  3472 18872 I net.osmand:native: End point was found 10433843853 [Native]
06-29 12:06:12.335  3472  3482 I zygote  : Background concurrent copying GC freed 117347(5MB) AllocSpace objects, 21(408KB) LOS objects, 24% free, 18MB/24MB, paused 1.179ms total 285.398ms
06-29 12:06:12.582  3472  3472 I net.osmand: RoutingHelper Recalculate route, because wrong movement direction: 177.47061
06-29 12:06:12.670  3472 18872 W net.osmand:native: [Native] Result visited (visited roads 716, visited segments 481 / 398 , queue sizes 290 / 571 ) 
06-29 12:06:12.670  3472 18872 W net.osmand:native: [Native] Result timing (time to load 0, time to calc 425, loaded tiles 30) 
06-29 12:06:12.670  3472 18872 W net.osmand:native: [Native] Memory occupied (Routing context 750 Kb, search 20 Kb)
06-29 12:06:12.675  3472 18872 I net.osmand:native: No route found
06-29 12:06:12.704  3472 18872 I net.osmand: RoutePlannerFrontEnd Native routing took 0.528 seconds
06-29 12:06:12.704  3472 18872 I System.out: ROUTE : 
06-29 12:06:12.705  3472 18872 I net.osmand: RouteResultPreparation <test regions="" description="" best_percent="" vehicle="car" 
06-29 12:06:12.705  3472 18872 I net.osmand:   start_lat="0.00241" start_lon="-51.08187" target_lat="-0.00074" target_lon="-51.09561"  routing_time="0.00" loadedTiles="30" visitedSegments="716" complete_distance="0.00" complete_time="0.00" >
06-29 12:06:12.705  3472 18872 I System.out: <test regions="" description="" best_percent="" vehicle="car" 
06-29 12:06:12.705  3472 18872 I System.out:   start_lat="0.00241" start_lon="-51.08187" target_lat="-0.00074" target_lon="-51.09561"  routing_time="0.00" loadedTiles="30" visitedSegments="716" complete_distance="0.00" complete_time="0.00" >
06-29 12:06:12.705  3472 18872 I System.out: </test>
06-29 12:06:12.705  3472 18872 I System.out: <test regions="" description="" best_percent="" vehicle="car" 
06-29 12:06:12.705  3472 18872 I System.out:   start_lat="0.00241" start_lon="-51.08187" target_lat="-0.00074" target_lon="-51.09561"  routing_time="0.00" loadedTiles="30" visitedSegments="716" complete_distance="0.00" complete_time="0.00" >
06-29 12:06:12.706  3472 18872 I net.osmand: RouteProvider Finding route contained 0 points for 890 ms
06-29 12:06:12.760  3472  3472 I net.osmand: RoutingHelper Recalculate route, because wrong movement direction: 177.47061
06-29 12:06:12.762  3472  3472 D net.osmand: AbstractPrologCommandPlayer abandonAudioFocus
06-29 12:06:12.764  3472  3472 W MaterialProgressBar: Current drawable is not a MaterialProgressDrawable, you may want to set app:mpb_setBothDrawables
06-29 12:06:12.770  3472 18873 I net.osmand: RouteProvider Start finding route from Location[mProvider=gps,mTime=1561824373000,mLatitude=0.002408333333333333,mLongitude=-51.081871666666665,mHasAltitude=false,mAltitude=0.0,mHasSpeed=true,mSpeed=0.0,mHasBearing=true,mBearing=0.0,mHasAccuracy=true,mAccuracy=20.0 to Lat -7.355E-4 Lon -51.095608 using OsmAnd (offline)
06-29 12:06:12.770  3472 18873 W net.osmand: RouteProvider Use 347 MB Free 5.828125 of 24.279984 max 384.0
06-29 12:06:12.995  3472 18873 I net.osmand:native: Start point was found 10432438525 [Native]
06-29 12:06:13.005  3472 18873 I net.osmand:native: End point was found 10433843853 [Native]
06-29 12:06:13.383  3472 18873 W net.osmand:native: [Native] Result visited (visited roads 1179, visited segments 761 / 523 , queue sizes 433 / 367 ) 
06-29 12:06:13.383  3472 18873 W net.osmand:native: [Native] Result timing (time to load 0, time to calc 377, loaded tiles 40) 
06-29 12:06:13.383  3472 18873 W net.osmand:native: [Native] Memory occupied (Routing context 996 Kb, search 26 Kb)
06-29 12:06:13.387  3472 18873 I net.osmand:native: Routing calculated time distance 229.031982
06-29 12:06:13.426  3472 18873 I net.osmand: RoutePlannerFrontEnd Native routing took 0.466 seconds
06-29 12:06:13.431  3472 18873 I System.out: ROUTE : 
06-29 12:06:13.432  3472 18873 I net.osmand: RouteResultPreparation <test regions="" description="" best_percent="" vehicle="car" 
06-29 12:06:13.432  3472 18873 I net.osmand:   start_lat="0.00241" start_lon="-51.08187" target_lat="-0.00074" target_lon="-51.09561"  routing_time="229.03" loadedTiles="40" visitedSegments="1179" complete_distance="2280.82" complete_time="178.27" >
06-29 12:06:13.433  3472 18873 I System.out: <test regions="" description="" best_percent="" vehicle="car" 
06-29 12:06:13.433  3472 18873 I System.out:   start_lat="0.00241" start_lon="-51.08187" target_lat="-0.00074" target_lon="-51.09561"  routing_time="229.03" loadedTiles="40" visitedSegments="1179" complete_distance="2280.82" complete_time="178.27" >
06-29 12:06:13.433  3472 18873 I System.out: </test>
06-29 12:06:13.433  3472 18873 I System.out: <test regions="" description="" best_percent="" vehicle="car" 
06-29 12:06:13.437  3472 18873 I System.out:   start_lat="0.00241" start_lon="-51.08187" target_lat="-0.00074" target_lon="-51.09561"  routing_time="229.03" loadedTiles="40" visitedSegments="1179" complete_distance="2280.82" complete_time="178.27" >
06-29 12:06:13.438  3472 18873 I net.osmand: RouteProvider Finding route contained 27 points for 667 ms
06-29 12:06:13.906  3472  3472 D net.osmand: RoutingHelper Processed point bearing deltas : 170.51390838623047 0.22946929931640625
06-29 12:06:13.972  3472  3472 I net.osmand: RoutingHelper Recalculate route, because wrong movement direction: 152.80363
06-29 12:06:13.974  3472  3472 D net.osmand: AbstractPrologCommandPlayer abandonAudioFocus
06-29 12:06:14.728  3472  3472 I net.osmand: RoutingHelper Recalculate route, because wrong movement direction: 152.80363
06-29 12:06:14.729  3472  3472 D net.osmand: AbstractPrologCommandPlayer abandonAudioFocus
06-29 12:06:15.149  3472  3472 I net.osmand: RoutingHelper Recalculate route, because wrong movement direction: 128.15099
06-29 12:06:15.150  3472  3472 D net.osmand: AbstractPrologCommandPlayer abandonAudioFocus
06-29 12:06:15.720  3472  3472 I net.osmand: RoutingHelper Recalculate route, because wrong movement direction: 128.15099
06-29 12:06:15.721  3472  3472 D net.osmand: AbstractPrologCommandPlayer abandonAudioFocus
06-29 12:06:16.379  3472  3472 I net.osmand: RoutingHelper Recalculate route, because wrong movement direction: 103.50486
06-29 12:06:16.381  3472  3472 D net.osmand: AbstractPrologCommandPlayer abandonAudioFocus
06-29 12:06:16.728  3472  3472 I net.osmand: RoutingHelper Recalculate route, because wrong movement direction: 103.50486
06-29 12:06:16.730  3472  3472 W MaterialProgressBar: Current drawable is not a MaterialProgressDrawable, you may want to set app:mpb_setBothDrawables
06-29 12:06:16.733  1600  1617 E BatteryExternalStatsWorker: modem info is invalid: ModemActivityInfo{ mTimestamp=0 mSleepTimeMs=0 mIdleTimeMs=0 mTxTimeMs[]=[0, 0, 0, 0, 0] mRxTimeMs=0 mEnergyUsed=0}
06-29 12:06:16.737  3472 18875 I net.osmand: RouteProvider Start finding route from Location[mProvider=gps,mTime=1561824377000,mLatitude=0.0024300000000000003,mLongitude=-51.08253666666666,mHasAltitude=false,mAltitude=0.0,mHasSpeed=true,mSpeed=0.0,mHasBearing=true,mBearing=0.0,mHasAccuracy=true,mAccuracy=20.0 to Lat -7.355E-4 Lon -51.095608 using OsmAnd (offline)
06-29 12:06:16.737  3472 18875 W net.osmand: RouteProvider Use 344 MB Free 2.7240906 of 24.279984 max 384.0
06-29 12:06:16.990  3472 18875 I net.osmand:native: Start point was found 10432438525 [Native]
06-29 12:06:17.002  3472 18875 I net.osmand:native: End point was found 10433843853 [Native]
06-29 12:06:17.005  3472 18875 W net.osmand:native: [Native] Result visited (visited roads 2, visited segments 15 / 0 , queue sizes 18 / 2 ) 
06-29 12:06:17.006  3472 18875 W net.osmand:native: [Native] Result timing (time to load 0, time to calc 2, loaded tiles 18) 
06-29 12:06:17.006  3472 18875 W net.osmand:native: [Native] Memory occupied (Routing context 450 Kb, search 0 Kb)
06-29 12:06:17.007  3472 18875 I net.osmand:native: No route found
06-29 12:06:17.018  3472 18875 I net.osmand: RoutePlannerFrontEnd Native routing took 0.082 seconds
06-29 12:06:17.018  3472 18875 I System.out: ROUTE : 
06-29 12:06:17.019  3472 18875 I net.osmand: RouteResultPreparation <test regions="" description="" best_percent="" vehicle="car" 
06-29 12:06:17.019  3472 18875 I net.osmand:   start_lat="0.00243" start_lon="-51.08254" target_lat="-0.00074" target_lon="-51.09561"  routing_time="0.00" loadedTiles="18" visitedSegments="2" complete_distance="0.00" complete_time="0.00" >
06-29 12:06:17.019  3472 18875 I System.out: <test regions="" description="" best_percent="" vehicle="car" 
06-29 12:06:17.019  3472 18875 I System.out:   start_lat="0.00243" start_lon="-51.08254" target_lat="-0.00074" target_lon="-51.09561"  routing_time="0.00" loadedTiles="18" visitedSegments="2" complete_distance="0.00" complete_time="0.00" >
06-29 12:06:17.019  3472 18875 I System.out: </test>
06-29 12:06:17.019  3472 18875 I System.out: <test regions="" description="" best_percent="" vehicle="car" 
06-29 12:06:17.019  3472 18875 I System.out:   start_lat="0.00243" start_lon="-51.08254" target_lat="-0.00074" target_lon="-51.09561"  routing_time="0.00" loadedTiles="18" visitedSegments="2" complete_distance="0.00" complete_time="0.00" >
06-29 12:06:17.019  3472 18875 I net.osmand: RouteProvider Finding route contained 0 points for 282 ms
06-29 12:06:17.138  3472  3482 I zygote  : Background concurrent copying GC freed 122148(5MB) AllocSpace objects, 39(840KB) LOS objects, 25% free, 17MB/23MB, paused 1.099ms total 204.033ms
06-29 12:06:19.091  3472  3496 I net.osmand: MapRenderRepositories RENDER MAP: update due to tile box
06-29 12:06:19.092  3472  3496 I net.osmand: MapRenderRepositories RENDER MAP: Interrupt rendering map
06-29 12:06:19.105  3472  3496 I net.osmand: MapRenderRepositories RENDER MAP: update due to tile box
06-29 12:06:19.105  3472  3496 I net.osmand: MapRenderRepositories RENDER MAP: Interrupt rendering map
06-29 12:06:19.606  3472  3495 I net.osmand: MapRenderRepositories RENDER MAP: new request RotatedTileBox [lat=0.0024835687982206257, lon=-51.0829803724117, rotate=0.0, density=2.625, zoom=17, mapDensity=3.9375, zoomAnimation=0.0, zoomFloatPart=0.0, cx=900, cy=1972, pixWidth=1800, pixHeight=2690]
06-29 12:06:19.638  1600  2660 I WifiService: acquireWifiLock uid=10014 lockMode=2
06-29 12:06:19.716  1600  1610 I WifiService: releaseWifiLock uid=10014
06-29 12:06:19.758  3472  3495 I net.osmand:native: Route objects 57
06-29 12:06:19.759  3472  3495 I net.osmand:native: Ocean: no completed & incompleted coastlines 0
06-29 12:06:19.759  3472  3495 I net.osmand:native: Detailed coastlines = 0, basemap coastlines 0, ocean tile 0.000000. Detailed added 0, basemap processed 1, basemap added 0.
06-29 12:06:19.759  3472  3495 I net.osmand:native: Search : tree - read( 378), accept( 58), objs - visit( 4814), accept(86), in result(57) 
06-29 12:06:19.760  3472  3495 I net.osmand: MapRenderRepositories BLat=1.5932321548461914E-4, TLat=0.008219897747039795, LLong=-51.085426330566406, RLong=-51.08052444458008, zoom=17
06-29 12:06:19.760  3472  3495 I net.osmand: MapRenderRepositories Native search: 154 ms 
06-29 12:06:19.767  3472  3495 I net.osmand:native: Creating SkBitmap in native w:1800 h:2690 s:7200 f:1!
06-29 12:06:19.767  3472  3495 I net.osmand:native: Row bytes for RGBA_8888 is 7200
06-29 12:06:19.767  3472  3495 I net.osmand:native: Locked 19368000 bytes at 0x57380000
06-29 12:06:19.767  3472  3495 I net.osmand:native: Initializing rendering
06-29 12:06:19.769  3472  3495 I net.osmand:native: Rendering image
06-29 12:06:19.918  3472  3495 I net.osmand:native: Native ok (rendering 2, text 75 ms) 
06-29 12:06:19.918  3472  3495 I net.osmand:native:  (11307 points, 192 points inside, 96 of 113 objects visible)
06-29 12:06:19.918  3472  3495 I net.osmand:native: End Rendering image
06-29 12:06:19.918  3472  3495 I net.osmand:native: Native ok (init 1, rendering 2) 
06-29 12:06:19.919  3472  3495 I net.osmand: MapRenderRepositories true
06-29 12:06:21.923  1600  1609 I zygote  : Background concurrent copying GC freed 95997(3MB) AllocSpace objects, 36(1872KB) LOS objects, 24% free, 18MB/24MB, paused 1.817ms total 293.693ms
06-29 12:06:22.873  3472  3472 D net.osmand: RoutingHelper Processed point bearing deltas : 167.62705993652344 0.8740234375
06-29 12:06:22.924  3472  3472 D net.osmand: RoutingHelper Processed point bearing deltas : 39.13792419433594 1.632843017578125
06-29 12:06:23.011  1406  1406 I boot-pipe: done populating /dev/random
06-29 12:06:25.250  3472  3472 D net.osmand: RoutingHelper Processed point bearing deltas : 114.78099060058594 0.28179168701171875
06-29 12:06:25.324  3472  3496 I net.osmand: MapRenderRepositories RENDER MAP: update due to tile box
06-29 12:06:25.325  3472  3496 I net.osmand: MapRenderRepositories RENDER MAP: Interrupt rendering map
06-29 12:06:25.356  3472  3496 I net.osmand: MapRenderRepositories RENDER MAP: update due to tile box
06-29 12:06:25.357  3472  3496 I net.osmand: MapRenderRepositories RENDER MAP: Interrupt rendering map
06-29 12:06:25.717  3472  3496 I net.osmand: MapRenderRepositories RENDER MAP: update due to tile box
06-29 12:06:25.717  3472  3496 I net.osmand: MapRenderRepositories RENDER MAP: Interrupt rendering map
06-29 12:06:25.731  3472  3496 I net.osmand: MapRenderRepositories RENDER MAP: update due to tile box
06-29 12:06:25.731  3472  3496 I net.osmand: MapRenderRepositories RENDER MAP: Interrupt rendering map
06-29 12:06:25.747  3472  3496 I net.osmand: MapRenderRepositories RENDER MAP: update due to tile box
06-29 12:06:25.747  3472  3496 I net.osmand: MapRenderRepositories RENDER MAP: Interrupt rendering map
06-29 12:06:25.947  3472  3495 I net.osmand: MapRenderRepositories RENDER MAP: new request RotatedTileBox [lat=0.0025330254346932124, lon=-51.0840894102652, rotate=0.0, density=2.625, zoom=17, mapDensity=3.9375, zoomAnimation=0.0, zoomFloatPart=0.0, cx=900, cy=1972, pixWidth=1800, pixHeight=2690]
06-29 12:06:26.054  3472  3495 I net.osmand:native: Route objects 55
06-29 12:06:26.054  3472  3495 I net.osmand:native: Ocean: no completed & incompleted coastlines 0
06-29 12:06:26.054  3472  3495 I net.osmand:native: Detailed coastlines = 0, basemap coastlines 0, ocean tile 0.000000. Detailed added 0, basemap processed 1, basemap added 0.
06-29 12:06:26.054  3472  3495 I net.osmand:native: Search : tree - read( 378), accept( 57), objs - visit( 4774), accept(84), in result(55) 
06-29 12:06:26.054  3472  3495 I net.osmand: MapRenderRepositories BLat=2.129673957824707E-4, TLat=0.008273541927337646, LLong=-51.086544036865234, RLong=-51.081642150878906, zoom=17
06-29 12:06:26.055  3472  3495 I net.osmand: MapRenderRepositories Native search: 107 ms 
06-29 12:06:26.060  3472  3495 I net.osmand:native: Creating SkBitmap in native w:1800 h:2690 s:7200 f:1!
06-29 12:06:26.061  3472  3495 I net.osmand:native: Row bytes for RGBA_8888 is 7200
06-29 12:06:26.061  3472  3495 I net.osmand:native: Locked 19368000 bytes at 0x78300000
06-29 12:06:26.061  3472  3495 I net.osmand:native: Initializing rendering
06-29 12:06:26.062  3472  3495 I net.osmand:native: Rendering image
06-29 12:06:26.109  3472  3495 I net.osmand: RenderingIcons Icon data length is 1245
06-29 12:06:26.114  3472  3495 I net.osmand: RenderingIcons Icon data length is 1247
06-29 12:06:26.147  3472  3495 I net.osmand:native: Native ok (rendering 0, text 32 ms) 
06-29 12:06:26.147  3472  3495 I net.osmand:native:  (11223 points, 190 points inside, 88 of 101 objects visible)
06-29 12:06:26.147  3472  3495 I net.osmand:native: End Rendering image
06-29 12:06:26.147  3472  3495 I net.osmand:native: Native ok (init 1, rendering 0) 
06-29 12:06:26.148  3472  3495 I net.osmand: MapRenderRepositories true
06-29 12:06:29.002  3472  3472 D net.osmand: RoutingHelper Processed point bearing deltas : 162.5661849975586 0.676483154296875
06-29 12:06:31.397  3472  3472 D net.osmand: RoutingHelper Processed point bearing deltas : 129.59034729003906 0.9845199584960938
06-29 12:06:31.458  3472  3496 I net.osmand: MapRenderRepositories RENDER MAP: update due to tile box
06-29 12:06:31.458  3472  3496 I net.osmand: MapRenderRepositories RENDER MAP: Interrupt rendering map
06-29 12:06:31.496  3472  3496 I net.osmand: MapRenderRepositories RENDER MAP: update due to tile box
06-29 12:06:31.496  3472  3496 I net.osmand: MapRenderRepositories RENDER MAP: Interrupt rendering map
06-29 12:06:31.727  3472  3496 I net.osmand: MapRenderRepositories RENDER MAP: update due to tile box
06-29 12:06:31.736  3472  3496 I net.osmand: MapRenderRepositories RENDER MAP: Interrupt rendering map
06-29 12:06:31.751  3472  3496 I net.osmand: MapRenderRepositories RENDER MAP: update due to tile box
06-29 12:06:31.751  3472  3496 I net.osmand: MapRenderRepositories RENDER MAP: Interrupt rendering map
06-29 12:06:31.783  3472  3472 I net.osmand: TTSCommandPlayerImpl Send message to pebble apÃ³s  300 metros vire Ã  esquerda para   Rua Inspetor AymorÃ© 
06-29 12:06:31.783  3472  3472 D net.osmand: AbstractPrologCommandPlayer requestAudioFocus
06-29 12:06:31.783  3472  3472 W AudioManager: Use of stream types is deprecated for operations other than volume control
06-29 12:06:31.783  3472  3472 W AudioManager: See the documentation of requestAudioFocus() for what to use instead with android.media.AudioAttributes to qualify your playback use case
06-29 12:06:31.785  1600  2660 I MediaFocusControl: requestAudioFocus() from uid/pid 10104/3472 clientId=android.media.AudioManager@d05fab5net.osmand.plus.api.AudioFocusHelperImpl@41726a6 callingPack=net.osmand req=3 flags=0x0 sdk=26
06-29 12:06:31.789  3472  3472 D net.osmand: TTSCommandPlayerImpl ttsRequests=1
06-29 12:06:31.792  5191  5280 I TTS.GoogleTTSServiceImp: Synthesis request for locale por-BRA and name pt-BR-language
06-29 12:06:31.795  5191  5280 I TTS.GoogleTTSServiceImp: TTS dispatch: pt-br-x-afs-lstm-embedded
06-29 12:06:31.806  3472  3496 I net.osmand: MapRenderRepositories RENDER MAP: update due to tile box
06-29 12:06:31.806  3472  3496 I net.osmand: MapRenderRepositories RENDER MAP: Interrupt rendering map
06-29 12:06:31.866  5191  5294 D AudioTrack: Client defaulted notificationFrames to 1365 for frameCount 4096
06-29 12:06:31.869  1600  1617 E BatteryExternalStatsWorker: modem info is invalid: ModemActivityInfo{ mTimestamp=0 mSleepTimeMs=0 mIdleTimeMs=0 mTxTimeMs[]=[0, 0, 0, 0, 0] mRxTimeMs=0 mEnergyUsed=0}
06-29 12:06:31.878  1600  1610 V MediaRouterService: restoreBluetoothA2dp(false)
06-29 12:06:31.881  1390  2659 W audio_hw_generic: Not supplying enough data to HAL, expected position 93937863 , only wrote 93937680
06-29 12:06:32.173  3472  3495 I net.osmand: MapRenderRepositories RENDER MAP: new request RotatedTileBox [lat=0.002565042894989602, lon=-51.085202332475426, rotate=0.0, density=2.625, zoom=17, mapDensity=3.9375, zoomAnimation=0.0, zoomFloatPart=0.0, cx=900, cy=1972, pixWidth=1800, pixHeight=2690]
06-29 12:06:32.286  3472  3495 I net.osmand:native: Route objects 56
06-29 12:06:32.286  3472  3495 I net.osmand:native: Ocean: no completed & incompleted coastlines 0
06-29 12:06:32.286  3472  3495 I net.osmand:native: Detailed coastlines = 0, basemap coastlines 0, ocean tile 0.000000. Detailed added 0, basemap processed 1, basemap added 0.
06-29 12:06:32.286  3472  3495 I net.osmand:native: Search : tree - read( 378), accept( 59), objs - visit( 4854), accept(85), in result(56) 
06-29 12:06:32.287  3472  3495 I net.osmand: MapRenderRepositories BLat=2.4515390396118164E-4, TLat=0.008305728435516357, LLong=-51.0876579284668, RLong=-51.08274459838867, zoom=17
06-29 12:06:32.287  3472  3495 I net.osmand: MapRenderRepositories Native search: 114 ms 
06-29 12:06:32.295  3472  3495 I net.osmand:native: Creating SkBitmap in native w:1800 h:2690 s:7200 f:1!
06-29 12:06:32.295  3472  3495 I net.osmand:native: Row bytes for RGBA_8888 is 7200
06-29 12:06:32.295  3472  3495 I net.osmand:native: Locked 19368000 bytes at 0x57380000
06-29 12:06:32.295  3472  3495 I net.osmand:native: Initializing rendering
06-29 12:06:32.297  3472  3495 I net.osmand:native: Rendering image
06-29 12:06:32.362  3472  3495 I net.osmand:native: Native ok (rendering 2, text 27 ms) 
06-29 12:06:32.362  3472  3495 I net.osmand:native:  (11304 points, 180 points inside, 84 of 97 objects visible)
06-29 12:06:32.362  3472  3495 I net.osmand:native: End Rendering image
06-29 12:06:32.362  3472  3495 I net.osmand:native: Native ok (init 1, rendering 2) 
06-29 12:06:32.371  3472  3495 I net.osmand: MapRenderRepositories true
06-29 12:06:32.746  1964  1964 I GeofencerStateMachine: sendNewTransitions called.
06-29 12:06:32.855  1964  1964 I GeofencerStateMachine: sendNewTransitions called.
06-29 12:06:32.876  1964  1964 I GeofencerStateMachine: sendNewLocationAvailability: availability=LocationAvailability[isLocationAvailable: true]
06-29 12:06:32.968  1964  1964 I GeofencerStateMachine: sendNewLocationAvailability: availability=LocationAvailability[isLocationAvailable: true]
06-29 12:06:34.052  3472  3472 D net.osmand: RoutingHelper Processed point bearing deltas : 41.329559326171875 0.4741058349609375
06-29 12:06:36.562  1473  1561 D AudioFlinger: mixer(0xa6c83380) throttle end: throttle time(6)
06-29 12:06:36.643  5191  5294 D AudioTrack: stop() called with 102410 frames delivered
06-29 12:06:36.646  1600  2660 V MediaRouterService: restoreBluetoothA2dp(false)
06-29 12:06:36.651  3472  7145 D net.osmand: AbstractPrologCommandPlayer abandonAudioFocus
06-29 12:06:36.654  1600  2660 I MediaFocusControl: abandonAudioFocus() from uid/pid 10104/3472 clientId=android.media.AudioManager@d05fab5net.osmand.plus.api.AudioFocusHelperImpl@41726a6
06-29 12:06:36.654  3472  7145 D net.osmand: TTSCommandPlayerImpl ttsRequests=0
06-29 12:06:36.764  1600  1617 I WifiService: requestActivityInfo uid=1000
06-29 12:06:36.765  1600  1617 I WifiService: reportActivityInfo uid=1000
06-29 12:06:36.765  1600  1617 I WifiService: getSupportedFeatures uid=1000
06-29 12:06:37.944  3472  3472 D net.osmand: RoutingHelper Processed point bearing deltas : 162.3004379272461 1.7111358642578125
06-29 12:06:38.021  3472  3496 I net.osmand: MapRenderRepositories RENDER MAP: update due to tile box
06-29 12:06:38.022  3472  3496 I net.osmand: MapRenderRepositories RENDER MAP: Interrupt rendering map
06-29 12:06:38.382  3472  3495 I net.osmand: MapRenderRepositories RENDER MAP: new request RotatedTileBox [lat=0.0025856494894788136, lon=-51.08631333333333, rotate=0.0, density=2.625, zoom=17, mapDensity=3.9375, zoomAnimation=0.0, zoomFloatPart=0.0, cx=900, cy=1972, pixWidth=1800, pixHeight=2690]
06-29 12:06:38.483  3472  3495 I net.osmand:native: Route objects 64
06-29 12:06:38.484  3472  3495 I net.osmand:native: Ocean: no completed & incompleted coastlines 0
06-29 12:06:38.484  3472  3495 I net.osmand:native: Detailed coastlines = 0, basemap coastlines 0, ocean tile 0.000000. Detailed added 0, basemap processed 1, basemap added 0.
06-29 12:06:38.484  3472  3495 I net.osmand:native: Search : tree - read( 378), accept( 59), objs - visit( 4854), accept(93), in result(64) 
06-29 12:06:38.484  3472  3495 I net.osmand: MapRenderRepositories BLat=2.6661157608032227E-4, TLat=0.008327186107635498, LLong=-51.08876419067383, RLong=-51.0838623046875, zoom=17
06-29 12:06:38.485  3472  3495 I net.osmand: MapRenderRepositories Native search: 103 ms 
06-29 12:06:38.491  3472  3495 I net.osmand:native: Creating SkBitmap in native w:1800 h:2690 s:7200 f:1!
06-29 12:06:38.491  3472  3495 I net.osmand:native: Row bytes for RGBA_8888 is 7200
06-29 12:06:38.491  3472  3495 I net.osmand:native: Locked 19368000 bytes at 0x78300000
06-29 12:06:38.492  3472  3495 I net.osmand:native: Initializing rendering
06-29 12:06:38.493  3472  3495 I net.osmand:native: Rendering image
06-29 12:06:38.572  3472  3495 I net.osmand:native: Native ok (rendering 1, text 36 ms) 
06-29 12:06:38.572  3472  3495 I net.osmand:native:  (11642 points, 194 points inside, 92 of 101 objects visible)
06-29 12:06:38.572  3472  3495 I net.osmand:native: End Rendering image
06-29 12:06:38.572  3472  3495 I net.osmand:native: Native ok (init 1, rendering 1) 
06-29 12:06:38.577  3472  3495 I net.osmand: MapRenderRepositories true
06-29 12:06:39.087  1390  2659 W audio_hw_generic: Not supplying enough data to HAL, expected position 94283566 , only wrote 94281840
06-29 12:06:39.100  1390  2659 W audio_hw_generic: Not supplying enough data to HAL, expected position 94282501 , only wrote 94281840
06-29 12:06:39.120  1390  2659 W audio_hw_generic: Not supplying enough data to HAL, expected position 94282777 , only wrote 94282560
06-29 12:06:39.676  1390  1562 W audio_hw_generic: Not supplying enough data to HAL, expected position 94334901 , only wrote 94309200
06-29 12:06:40.288  3472  3472 D net.osmand: RoutingHelper Processed point bearing deltas : 172.09430694580078 1.6983718872070312
06-29 12:06:40.338  3472  3472 I net.osmand: RoutingHelper Recalculate route, because wrong movement direction: 106.23995
06-29 12:06:40.340  3472  3472 D net.osmand: AbstractPrologCommandPlayer abandonAudioFocus
06-29 12:06:40.341  3472  3472 W MaterialProgressBar: Current drawable is not a MaterialProgressDrawable, you may want to set app:mpb_setBothDrawables
06-29 12:06:40.355  3472 18882 I net.osmand: RouteProvider Start finding route from Location[mProvider=gps,mTime=1561824401000,mLatitude=0.0025633333333333333,mLongitude=-51.086758333333336,mHasAltitude=false,mAltitude=0.0,mHasSpeed=true,mSpeed=0.0,mHasBearing=true,mBearing=0.0,mHasAccuracy=true,mAccuracy=20.0 to Lat -7.355E-4 Lon -51.095608 using OsmAnd (offline)
06-29 12:06:40.360  3472 18882 W net.osmand: RouteProvider Use 345 MB Free 2.9589386 of 23.468094 max 384.0
06-29 12:06:40.688  1600  1635 I WifiService: acquireWifiLock uid=10014 lockMode=2
06-29 12:06:40.736  3472  3472 I net.osmand: RoutingHelper Recalculate route, because wrong movement direction: 106.23995
06-29 12:06:40.743  3472 18882 I net.osmand:native: Start point was found 10432438525 [Native]
06-29 12:06:40.756  3472 18882 I net.osmand:native: End point was found 10433843853 [Native]
06-29 12:06:40.760  3472 18882 W net.osmand:native: [Native] Result visited (visited roads 2, visited segments 15 / 0 , queue sizes 18 / 2 ) 
06-29 12:06:40.760  3472 18882 W net.osmand:native: [Native] Result timing (time to load 0, time to calc 1, loaded tiles 18) 
06-29 12:06:40.760  3472 18882 W net.osmand:native: [Native] Memory occupied (Routing context 450 Kb, search 0 Kb)
06-29 12:06:40.761  3472 18882 I net.osmand:native: No route found
06-29 12:06:40.771  3472 18882 I net.osmand: RoutePlannerFrontEnd Native routing took 0.1 seconds
06-29 12:06:40.771  3472 18882 I System.out: ROUTE : 
06-29 12:06:40.777  3472 18882 I net.osmand: RouteResultPreparation <test regions="" description="" best_percent="" vehicle="car" 
06-29 12:06:40.777  3472 18882 I net.osmand:   start_lat="0.00256" start_lon="-51.08676" target_lat="-0.00074" target_lon="-51.09561"  routing_time="0.00" loadedTiles="18" visitedSegments="2" complete_distance="0.00" complete_time="0.00" >
06-29 12:06:40.777  3472 18882 I System.out: <test regions="" description="" best_percent="" vehicle="car" 
06-29 12:06:40.778  3472 18882 I System.out:   start_lat="0.00256" start_lon="-51.08676" target_lat="-0.00074" target_lon="-51.09561"  routing_time="0.00" loadedTiles="18" visitedSegments="2" complete_distance="0.00" complete_time="0.00" >
06-29 12:06:40.778  3472 18882 I System.out: </test>
06-29 12:06:40.778  3472 18882 I System.out: <test regions="" description="" best_percent="" vehicle="car" 
06-29 12:06:40.778  3472 18882 I System.out:   start_lat="0.00256" start_lon="-51.08676" target_lat="-0.00074" target_lon="-51.09561"  routing_time="0.00" loadedTiles="18" visitedSegments="2" complete_distance="0.00" complete_time="0.00" >
06-29 12:06:40.778  3472 18882 I net.osmand: RouteProvider Finding route contained 0 points for 424 ms
06-29 12:06:41.503  3472  3472 I net.osmand: TTSCommandPlayerImpl Send message to pebble vire Ã  esquerda para   Rua Inspetor AymorÃ© 
06-29 12:06:41.503  3472  3472 D net.osmand: AbstractPrologCommandPlayer requestAudioFocus
06-29 12:06:41.503  3472  3472 W AudioManager: Use of stream types is deprecated for operations other than volume control
06-29 12:06:41.503  3472  3472 W AudioManager: See the documentation of requestAudioFocus() for what to use instead with android.media.AudioAttributes to qualify your playback use case
06-29 12:06:41.504  1600  2105 I MediaFocusControl: requestAudioFocus() from uid/pid 10104/3472 clientId=android.media.AudioManager@d05fab5net.osmand.plus.api.AudioFocusHelperImpl@ad2633d callingPack=net.osmand req=3 flags=0x0 sdk=26
06-29 12:06:41.507  3472  3472 D net.osmand: TTSCommandPlayerImpl ttsRequests=1
06-29 12:06:41.509  5191  5280 I TTS.GoogleTTSServiceImp: Synthesis request for locale por-BRA and name pt-BR-language
06-29 12:06:41.511  5191  5280 I TTS.GoogleTTSServiceImp: TTS dispatch: pt-br-x-afs-lstm-embedded
06-29 12:06:41.550  5191  5294 D AudioTrack: Client defaulted notificationFrames to 1365 for frameCount 4096
06-29 12:06:41.590  1600  2099 V MediaRouterService: restoreBluetoothA2dp(false)
06-29 12:06:41.595  1390  2659 W audio_hw_generic: Not supplying enough data to HAL, expected position 94309230 , only wrote 94309200
06-29 12:06:42.334  3472  3482 I zygote  : Background concurrent copying GC freed 158415(6MB) AllocSpace objects, 15(312KB) LOS objects, 26% free, 16MB/22MB, paused 1.186ms total 186.298ms
06-29 12:06:43.704  1600  2105 D WificondControl: Scan result ready event
06-29 12:06:43.811  1600  2099 I WifiService: releaseWifiLock uid=10014
06-29 12:06:44.074  3472  3496 I net.osmand: MapRenderRepositories RENDER MAP: update due to tile box
06-29 12:06:44.074  3472  3496 I net.osmand: MapRenderRepositories RENDER MAP: Interrupt rendering map
06-29 12:06:44.596  3472  3495 I net.osmand: MapRenderRepositories RENDER MAP: new request RotatedTileBox [lat=0.0025856494894788136, lon=-51.08742333333333, rotate=0.0, density=2.625, zoom=17, mapDensity=3.9375, zoomAnimation=0.0, zoomFloatPart=0.0, cx=900, cy=1972, pixWidth=1800, pixHeight=2690]
06-29 12:06:44.698  3472  3495 I net.osmand:native: Route objects 62
06-29 12:06:44.698  3472  3495 I net.osmand:native: Ocean: no completed & incompleted coastlines 0
06-29 12:06:44.698  3472  3495 I net.osmand:native: Detailed coastlines = 0, basemap coastlines 0, ocean tile 0.000000. Detailed added 0, basemap processed 1, basemap added 0.
06-29 12:06:44.698  3472  3495 I net.osmand:native: Search : tree - read( 378), accept( 58), objs - visit( 4814), accept(91), in result(62) 
06-29 12:06:44.699  3472  3495 I net.osmand: MapRenderRepositories BLat=2.6661157608032227E-4, TLat=0.008327186107635498, LLong=-51.089881896972656, RLong=-51.08496856689453, zoom=17
06-29 12:06:44.700  3472  3495 I net.osmand: MapRenderRepositories Native search: 104 ms 
06-29 12:06:44.709  3472  3495 I net.osmand:native: Creating SkBitmap in native w:1800 h:2690 s:7200 f:1!
06-29 12:06:44.710  3472  3495 I net.osmand:native: Row bytes for RGBA_8888 is 7200
06-29 12:06:44.710  3472  3495 I net.osmand:native: Locked 19368000 bytes at 0x57380000
06-29 12:06:44.710  3472  3495 I net.osmand:native: Initializing rendering
06-29 12:06:44.711  3472  3495 I net.osmand:native: Rendering image
06-29 12:06:44.860  3472  3495 I net.osmand:native: Native ok (rendering 0, text 56 ms) 
06-29 12:06:44.860  3472  3495 I net.osmand:native:  (11506 points, 176 points inside, 82 of 92 objects visible)
06-29 12:06:44.860  3472  3495 I net.osmand:native: End Rendering image
06-29 12:06:44.860  3472  3495 I net.osmand:native: Native ok (init 1, rendering 0) 
06-29 12:06:44.861  3472  3495 I net.osmand: MapRenderRepositories true
06-29 12:06:44.882  5191  5294 D AudioTrack: stop() called with 70290 frames delivered
06-29 12:06:44.885  1600  2105 V MediaRouterService: restoreBluetoothA2dp(false)
06-29 12:06:44.889  3472  3546 D net.osmand: AbstractPrologCommandPlayer abandonAudioFocus
06-29 12:06:44.893  1600  1635 I MediaFocusControl: abandonAudioFocus() from uid/pid 10104/3472 clientId=android.media.AudioManager@d05fab5net.osmand.plus.api.AudioFocusHelperImpl@ad2633d
06-29 12:06:44.894  3472  3546 D net.osmand: TTSCommandPlayerImpl ttsRequests=0
06-29 12:06:45.330  1390  2659 W audio_hw_generic: Not supplying enough data to HAL, expected position 94488493 , only wrote 94488480
06-29 12:06:47.733  3472  3472 D net.osmand: RoutingHelper Processed point bearing deltas : 173.15877532958984 89.21170043945312
06-29 12:06:47.801  3472  3472 I net.osmand: RoutingHelper Recalculate route, because wrong movement direction: 150.15501
06-29 12:06:47.802  3472  3472 D net.osmand: AbstractPrologCommandPlayer abandonAudioFocus
06-29 12:06:47.802  3472  3472 W MaterialProgressBar: Current drawable is not a MaterialProgressDrawable, you may want to set app:mpb_setBothDrawables
06-29 12:06:47.805  3472 18887 I net.osmand: RouteProvider Start finding route from Location[mProvider=gps,mTime=1561824408000,mLatitude=0.0025916666666666666,mLongitude=-51.08764666666666,mHasAltitude=false,mAltitude=0.0,mHasSpeed=true,mSpeed=0.0,mHasBearing=true,mBearing=0.0,mHasAccuracy=true,mAccuracy=20.0 to Lat -7.355E-4 Lon -51.095608 using OsmAnd (offline)
06-29 12:06:47.806  3472 18887 W net.osmand: RouteProvider Use 348 MB Free 5.311264 of 22.316544 max 384.0
06-29 12:06:47.816  3472  3472 I net.osmand: RoutingHelper Recalculate route, because wrong movement direction: 150.15501
06-29 12:06:47.911  1390  1562 W audio_hw_generic: Not supplying enough data to HAL, expected position 94735046 , only wrote 94612320
06-29 12:06:48.182  3472 18887 I net.osmand:native: Start point was found 10432438525 [Native]
06-29 12:06:48.194  3472 18887 I net.osmand:native: End point was found 10433843853 [Native]
06-29 12:06:48.196  3472 18887 W net.osmand:native: [Native] Result visited (visited roads 2, visited segments 15 / 0 , queue sizes 18 / 2 ) 
06-29 12:06:48.196  3472 18887 W net.osmand:native: [Native] Result timing (time to load 0, time to calc 1, loaded tiles 18) 
06-29 12:06:48.196  3472 18887 W net.osmand:native: [Native] Memory occupied (Routing context 450 Kb, search 0 Kb)
06-29 12:06:48.197  3472 18887 I net.osmand:native: No route found
06-29 12:06:48.207  3472 18887 I net.osmand: RoutePlannerFrontEnd Native routing took 0.071 seconds
06-29 12:06:48.207  3472 18887 I System.out: ROUTE : 
06-29 12:06:48.208  3472 18887 I net.osmand: RouteResultPreparation <test regions="" description="" best_percent="" vehicle="car" 
06-29 12:06:48.208  3472 18887 I net.osmand:   start_lat="0.00259" start_lon="-51.08765" target_lat="-0.00074" target_lon="-51.09561"  routing_time="0.00" loadedTiles="18" visitedSegments="2" complete_distance="0.00" complete_time="0.00" >
06-29 12:06:48.209  3472 18887 I System.out: <test regions="" description="" best_percent="" vehicle="car" 
06-29 12:06:48.209  3472 18887 I System.out:   start_lat="0.00259" start_lon="-51.08765" target_lat="-0.00074" target_lon="-51.09561"  routing_time="0.00" loadedTiles="18" visitedSegments="2" complete_distance="0.00" complete_time="0.00" >
06-29 12:06:48.209  3472 18887 I System.out: </test>
06-29 12:06:48.209  3472 18887 I System.out: <test regions="" description="" best_percent="" vehicle="car" 
06-29 12:06:48.209  3472 18887 I System.out:   start_lat="0.00259" start_lon="-51.08765" target_lat="-0.00074" target_lon="-51.09561"  routing_time="0.00" loadedTiles="18" visitedSegments="2" complete_distance="0.00" complete_time="0.00" >
06-29 12:06:48.209  3472 18887 I net.osmand: RouteProvider Finding route contained 0 points for 404 ms
06-29 12:06:48.733  3472  3472 I net.osmand: RoutingHelper Recalculate route, because wrong movement direction: 150.15501
06-29 12:06:48.734  3472  3472 W MaterialProgressBar: Current drawable is not a MaterialProgressDrawable, you may want to set app:mpb_setBothDrawables
06-29 12:06:48.745  3472 18888 I net.osmand: RouteProvider Start finding route from Location[mProvider=gps,mTime=1561824409000,mLatitude=0.0025916666666666666,mLongitude=-51.08764666666666,mHasAltitude=false,mAltitude=0.0,mHasSpeed=true,mSpeed=0.0,mHasBearing=true,mBearing=0.0,mHasAccuracy=true,mAccuracy=20.0 to Lat -7.355E-4 Lon -51.095608 using OsmAnd (offline)
06-29 12:06:48.746  3472 18888 W net.osmand: RouteProvider Use 346 MB Free 2.6628265 of 22.316544 max 384.0
06-29 12:06:49.075  3472 18888 I net.osmand:native: Start point was found 10432438525 [Native]
06-29 12:06:49.094  3472 18888 I net.osmand:native: End point was found 10433843853 [Native]
06-29 12:06:49.099  3472 18888 W net.osmand:native: [Native] Result visited (visited roads 2, visited segments 15 / 0 , queue sizes 18 / 2 ) 
06-29 12:06:49.099  3472 18888 W net.osmand:native: [Native] Result timing (time to load 0, time to calc 4, loaded tiles 18) 
06-29 12:06:49.099  3472 18888 W net.osmand:native: [Native] Memory occupied (Routing context 450 Kb, search 0 Kb)
06-29 12:06:49.101  3472 18888 I net.osmand:native: No route found
06-29 12:06:49.117  3472 18888 I net.osmand: RoutePlannerFrontEnd Native routing took 0.115 seconds
06-29 12:06:49.117  3472 18888 I System.out: ROUTE : 
06-29 12:06:49.118  3472 18888 I net.osmand: RouteResultPreparation <test regions="" description="" best_percent="" vehicle="car" 
06-29 12:06:49.118  3472 18888 I net.osmand:   start_lat="0.00259" start_lon="-51.08765" target_lat="-0.00074" target_lon="-51.09561"  routing_time="0.00" loadedTiles="18" visitedSegments="2" complete_distance="0.00" complete_time="0.00" >
06-29 12:06:49.119  3472 18888 I System.out: <test regions="" description="" best_percent="" vehicle="car" 
06-29 12:06:49.119  3472 18888 I System.out:   start_lat="0.00259" start_lon="-51.08765" target_lat="-0.00074" target_lon="-51.09561"  routing_time="0.00" loadedTiles="18" visitedSegments="2" complete_distance="0.00" complete_time="0.00" >
06-29 12:06:49.119  3472 18888 I System.out: </test>
06-29 12:06:49.119  3472 18888 I System.out: <test regions="" description="" best_percent="" vehicle="car" 
06-29 12:06:49.119  3472 18888 I System.out:   start_lat="0.00259" start_lon="-51.08765" target_lat="-0.00074" target_lon="-51.09561"  routing_time="0.00" loadedTiles="18" visitedSegments="2" complete_distance="0.00" complete_time="0.00" >
06-29 12:06:49.119  3472 18888 I net.osmand: RouteProvider Finding route contained 0 points for 374 ms
06-29 12:06:49.186  3472  3472 I net.osmand: RoutingHelper Recalculate route, because wrong movement direction: 151.30875
06-29 12:06:49.188  3472  3472 W MaterialProgressBar: Current drawable is not a MaterialProgressDrawable, you may want to set app:mpb_setBothDrawables
06-29 12:06:49.194  3472 18889 I net.osmand: RouteProvider Start finding route from Location[mProvider=gps,mTime=1561824409000,mLatitude=0.0025983333333333336,mLongitude=-51.08786833333333,mHasAltitude=false,mAltitude=0.0,mHasSpeed=true,mSpeed=0.0,mHasBearing=true,mBearing=0.0,mHasAccuracy=true,mAccuracy=20.0 to Lat -7.355E-4 Lon -51.095608 using OsmAnd (offline)
06-29 12:06:49.194  3472 18889 W net.osmand: RouteProvider Use 343 MB Free 0.0 of 22.34903 max 384.0
06-29 12:06:49.377  3472  3482 I zygote  : Background concurrent copying GC freed 102351(5MB) AllocSpace objects, 30(624KB) LOS objects, 24% free, 18MB/24MB, paused 989us total 385.409ms
06-29 12:06:49.491  3472 18889 I net.osmand:native: Start point was found 10432438525 [Native]
06-29 12:06:49.506  3472 18889 I net.osmand:native: End point was found 10433843853 [Native]
06-29 12:06:49.513  3472 18889 W net.osmand:native: [Native] Result visited (visited roads 2, visited segments 15 / 0 , queue sizes 18 / 2 ) 
06-29 12:06:49.513  3472 18889 W net.osmand:native: [Native] Result timing (time to load 0, time to calc 6, loaded tiles 18) 
06-29 12:06:49.513  3472 18889 W net.osmand:native: [Native] Memory occupied (Routing context 450 Kb, search 0 Kb)
06-29 12:06:49.514  3472 18889 I net.osmand:native: No route found
06-29 12:06:49.529  3472 18889 I net.osmand: RoutePlannerFrontEnd Native routing took 0.076 seconds
06-29 12:06:49.530  3472 18889 I System.out: ROUTE : 
06-29 12:06:49.531  3472 18889 I net.osmand: RouteResultPreparation <test regions="" description="" best_percent="" vehicle="car" 
06-29 12:06:49.531  3472 18889 I net.osmand:   start_lat="0.00260" start_lon="-51.08787" target_lat="-0.00074" target_lon="-51.09561"  routing_time="0.00" loadedTiles="18" visitedSegments="2" complete_distance="0.00" complete_time="0.00" >
06-29 12:06:49.531  3472 18889 I System.out: <test regions="" description="" best_percent="" vehicle="car" 
06-29 12:06:49.532  3472 18889 I System.out:   start_lat="0.00260" start_lon="-51.08787" target_lat="-0.00074" target_lon="-51.09561"  routing_time="0.00" loadedTiles="18" visitedSegments="2" complete_distance="0.00" complete_time="0.00" >
06-29 12:06:49.532  3472 18889 I System.out: </test>
06-29 12:06:49.532  3472 18889 I System.out: <test regions="" description="" best_percent="" vehicle="car" 
06-29 12:06:49.532  3472 18889 I System.out:   start_lat="0.00260" start_lon="-51.08787" target_lat="-0.00074" target_lon="-51.09561"  routing_time="0.00" loadedTiles="18" visitedSegments="2" complete_distance="0.00" complete_time="0.00" >
