--------- beginning of main
07-01 12:37:08.690  8767  8777 I zygote  : Background concurrent copying GC freed 1262803(27MB) AllocSpace objects, 0(0B) LOS objects, 13% free, 38MB/44MB, paused 3.490ms total 810.589ms
07-01 12:37:10.535  8767  8777 I zygote  : Background concurrent copying GC freed 539110(11MB) AllocSpace objects, 0(0B) LOS objects, 12% free, 43MB/49MB, paused 10.220ms total 1.193s
07-01 12:37:10.556  1604  3545 I WifiService: acquireWifiLock uid=10014 lockMode=2
07-01 12:37:10.747  1604  6773 I WifiService: releaseWifiLock uid=10014
07-01 12:37:11.882  8767  8777 I zygote  : Background concurrent copying GC freed 763152(16MB) AllocSpace objects, 0(0B) LOS objects, 13% free, 37MB/43MB, paused 3.168ms total 810.613ms
--------- beginning of system
07-01 12:37:11.968  1604  9404 I ActivityManager: START u0 {act=android.intent.action.MAIN cat=[android.intent.category.HOME] flg=0x10000000 cmp=com.google.android.apps.nexuslauncher/.NexusLauncherActivity} from uid 2000
07-01 12:37:12.034  1402  1440 D gralloc_ranchu: gralloc_alloc: Creating ashmem region of size 8298496
07-01 12:37:12.081  1402  1440 D gralloc_ranchu: gralloc_alloc: Creating ashmem region of size 8298496
07-01 12:37:12.127  1604  4218 I GnssLocationProvider: WakeLock acquired by sendMessage(SET_REQUEST, 0, com.android.server.location.GnssLocationProvider$GpsRequest@15ff741)
07-01 12:37:12.140  8767  8767 D net.osmand: Disable sensor
07-01 12:37:12.143  1402  1440 D gralloc_ranchu: gralloc_alloc: Creating ashmem region of size 8298496
07-01 12:37:12.181  8767  8767 I net.osmand: MapRenderRepositories RENDER MAP: Interrupt rendering map
07-01 12:37:12.243  8767  8807 D EGL_emulation: eglMakeCurrent: 0x90895840: ver 2 0 (tinfo 0x90bdb0d0)
07-01 12:37:12.287  1604  1617 I GnssLocationProvider: WakeLock released by handleMessage(SET_REQUEST, 0, com.android.server.location.GnssLocationProvider$GpsRequest@15ff741)
07-01 12:37:12.337  1412  1412 D SurfaceFlinger: duplicate layer name: changing com.google.android.apps.nexuslauncher/com.google.android.apps.nexuslauncher.NexusLauncherActivity to com.google.android.apps.nexuslauncher/com.google.android.apps.nexuslauncher.NexusLauncherActivity#1
07-01 12:37:12.361  1402  1440 D gralloc_ranchu: gralloc_alloc: Creating ashmem region of size 8298496
07-01 12:37:12.407  1402  1440 D gralloc_ranchu: gralloc_alloc: Creating ashmem region of size 8298496
07-01 12:37:12.450  9593  9643 D EGL_emulation: eglMakeCurrent: 0xa5805ba0: ver 2 0 (tinfo 0xa58033e0)
07-01 12:37:12.459  1402  1440 D gralloc_ranchu: gralloc_alloc: Creating ashmem region of size 8298496
07-01 12:37:12.556  9593  9593 W ThreadPoolDumper: Queue length for executor EventBus is now 11. Perhaps some tasks are too long, or the pool is too small.
07-01 12:37:12.606  2061  2124 D EGL_emulation: eglMakeCurrent: 0xa5806680: ver 2 0 (tinfo 0xa5803c60)
07-01 12:37:12.655  9593  9649 W SessionLifecycleManager: Handover failed. Creating new session controller.
07-01 12:37:12.780  1402  1440 D gralloc_ranchu: gralloc_alloc: Creating ashmem region of size 8298496
07-01 12:37:12.871  1412  1412 E EGL_emulation: tid 1412: eglCreateSyncKHR(1962): error 0x3004 (EGL_BAD_ATTRIBUTE)
07-01 12:37:12.898  1707  1933 D EGL_emulation: eglMakeCurrent: 0x91a91b00: ver 2 0 (tinfo 0x91b96990)
07-01 12:37:12.958  1707  1933 I chatty  : uid=10029(com.android.systemui) RenderThread identical 1 line
07-01 12:37:13.013  1707  1933 D EGL_emulation: eglMakeCurrent: 0x91a91b00: ver 2 0 (tinfo 0x91b96990)
07-01 12:37:13.076  1970  1970 I GeofencerStateMachine: sendNewTransitions called.
07-01 12:37:13.136  2061  2124 W OpenGLRenderer: Incorrectly called buildLayer on View: ShortcutAndWidgetContainer, destroying layer...
07-01 12:37:13.136  2061  2124 W OpenGLRenderer: Incorrectly called buildLayer on View: ShortcutAndWidgetContainer, destroying layer...
07-01 12:37:13.328  1970  1970 I GeofencerStateMachine: sendNewLocationAvailability: availability=LocationAvailability[isLocationAvailable: true]
07-01 12:37:13.338  1970  1984 I zygote  : Waiting for a blocking GC ProfileSaver
07-01 12:37:13.442  1707  1933 D EGL_emulation: eglMakeCurrent: 0x91a91b00: ver 2 0 (tinfo 0x91b96990)
07-01 12:37:13.462  1707  1933 D EGL_emulation: eglMakeCurrent: 0x91a91b00: ver 2 0 (tinfo 0x91b96990)
07-01 12:37:13.839  2061  2074 I zygote  : NativeAlloc concurrent copying GC freed 8281(471KB) AllocSpace objects, 0(0B) LOS objects, 50% free, 4MB/9MB, paused 4.809ms total 1.190s
07-01 12:37:13.924  8767 14941 E FA      : Task exception on worker thread: java.lang.IllegalAccessError: Method 'void android.support.v4.content.ContextCompat.<init>()' is inaccessible to class 'com.google.firebase.iid.zzg' (declaration of 'com.google.firebase.iid.zzg' appears in /data/app/net.osmand-3e2027wrPNiMXbTSfYMHIA==/base.apk): com.google.android.gms.measurement.internal.zzt.zzEd(Unknown Source:3)
07-01 12:37:13.983  1707  1729 I zygote  : NativeAlloc concurrent copying GC freed 153563(5MB) AllocSpace objects, 0(0B) LOS objects, 42% free, 8MB/14MB, paused 12.605ms total 519.241ms
07-01 12:37:14.063  1604  3545 I WifiService: getWifiEnabledState uid=10032
07-01 12:37:14.150  1970  1980 I zygote  : Background concurrent copying GC freed 116739(5MB) AllocSpace objects, 0(0B) LOS objects, 40% free, 8MB/14MB, paused 76.920ms total 825.988ms
07-01 12:37:14.151  1970  1984 I zygote  : WaitForGcToComplete blocked ProfileSaver on HeapTrim for 812.981ms
07-01 12:37:14.174  1604  6773 I WifiService: getWifiEnabledState uid=10032
07-01 12:37:14.175  1707  1933 D EGL_emulation: eglMakeCurrent: 0x91a91b00: ver 2 0 (tinfo 0x91b96990)
07-01 12:37:14.190  9593 14955 W LocationOracle: No location history returned by ContextManager
07-01 12:37:14.293  1604  6773 I WifiService: getWifiEnabledState uid=10032
07-01 12:37:14.380  9593  9649 I MicroDetectionWorker: #startMicroDetector [speakerMode: 0]
07-01 12:37:14.396  9593  9649 W ErrorReporter: reportError [type: 211, code: 393244, bug: 0]: errorCode: 393244, engine: 0
07-01 12:37:14.404  9593  9649 I MicroDetector: Keeping mic open: false
07-01 12:37:14.405  9593  9649 I MicroDetectionWorker: #onError(false)
07-01 12:37:14.561  1604  1617 E memtrack: Couldn't load memtrack module
07-01 12:37:14.561  1604  1617 W android.os.Debug: failed to get memory consumption info: -1
07-01 12:37:14.603  1970  1970 I GeofencerStateMachine: removeGeofences: removeRequest=RemoveGeofencingRequest[REMOVE_BY_PENDING_INTENT pendingIntent=PendingIntent[creatorPackage=com.google.android.gms], packageName=com.google.android.gms]
07-01 12:37:14.610  1970  1970 I GeofencerStateMachine: removeGeofences: removeRequest=RemoveGeofencingRequest[REMOVE_BY_PENDING_INTENT pendingIntent=PendingIntent[creatorPackage=com.google.android.gms], packageName=com.google.android.gms]
07-01 12:37:14.615  9593  9604 I zygote  : Background concurrent copying GC freed 23128(1545KB) AllocSpace objects, 3(292KB) LOS objects, 42% free, 8MB/14MB, paused 1.357ms total 1.021s
07-01 12:37:14.632  1970  1970 I GeofencerStateMachine: removeGeofences: removeRequest=RemoveGeofencingRequest[REMOVE_BY_PENDING_INTENT pendingIntent=PendingIntent[creatorPackage=com.google.android.gms], packageName=com.google.android.gms]
07-01 12:37:14.713  1604  1613 I zygote  : NativeAlloc concurrent copying GC freed 30540(1445KB) AllocSpace objects, 2(40KB) LOS objects, 15% free, 31MB/37MB, paused 67.813ms total 1.211s
07-01 12:37:14.756  1970 14959 W ctxmgr  : [AclManager] No 3 for (accnt=account#1066226748#, com.google.android.gms(10014):UserVelocityProducer, vrsn=17785022, 0, 3pPkg = null ,  3pMdlId = null ,  pid = 1970). Was: 2 for 1, account#1066226748# [CONTEXT service_id=47 ]
07-01 12:37:14.905  8767  8777 I zygote  : Background concurrent copying GC freed 464972(10MB) AllocSpace objects, 6(312KB) LOS objects, 15% free, 32MB/38MB, paused 2.351ms total 1.334s
07-01 12:37:15.022  1970  1970 I GeofencerStateMachine: removeGeofences: removeRequest=RemoveGeofencingRequest[REMOVE_BY_PENDING_INTENT pendingIntent=PendingIntent[creatorPackage=com.google.android.gms], packageName=com.google.android.gms]
07-01 12:37:15.048  1970  1970 I GeofencerStateMachine: removeGeofences: removeRequest=RemoveGeofencingRequest[REMOVE_BY_PENDING_INTENT pendingIntent=PendingIntent[creatorPackage=com.google.android.gms], packageName=com.google.android.gms]
07-01 12:37:15.068  1970 14960 I PlaceInferenceEngine: [anon] Changed inference mode: 0
07-01 12:37:15.179  1970 14960 I PlaceInferenceEngine: [account#1066226748] Changed inference mode: 0
07-01 12:37:15.218  1970 14959 I ctxmgr  : [ProducerStatusImpl] updateStateForNewContextData: inactive, contextName=7 [CONTEXT service_id=47 ]
07-01 12:37:15.595  1970 14960 I Places  : ?: PlacesBleScanner start() with priority 2
07-01 12:37:15.596  1970 14960 I PlaceInferenceEngine: [anon] Changed inference mode: 1
07-01 12:37:15.596  1970 14960 I PlaceInferenceEngine: [account#1066226748] Changed inference mode: 1
07-01 12:37:15.620  1970 14960 I Places  : Converted 1 out of 1 WiFi scans
07-01 12:37:15.623  1604  3925 I WifiService: getConnectionInfo uid=10014
07-01 12:37:15.648  1970  1970 E BeaconBle: Missing BluetoothAdapter
07-01 12:37:15.648  1970  1970 I BeaconBle: BLE 'KK+' software access layer enabled
07-01 12:37:15.684  1970 14960 I PlaceInferenceEngine: [account#1066226748] Changed inference mode: 1
07-01 12:37:15.696  1970 14960 I PlaceInferenceEngine: [anon] Changed inference mode: 1
07-01 12:37:15.715  1970  1970 I BeaconBle: Client requested scan, settings=BleSettings [scanMode=ZERO_POWER, callbackType=ALL_MATCHES, reportDelayMillis=0, 1 filters, 0 clients, callingClientName=Places]
07-01 12:37:15.729  1970  1970 I BeaconBle: Scan : No clients left, canceling alarm.
07-01 12:37:15.731  1970  1970 E BeaconBle: Scan couldn't start for Places
07-01 12:37:15.732  1970  1970 W Places  : BLE failure while scanning - code 5
07-01 12:37:15.800  1604  3545 I ActivityManager: Force stopping com.skgames.trafficrider appid=10081 user=0: from pid 14971
07-01 12:37:15.839  1836  1836 D CarrierSvcBindHelper: No carrier app for: 0
07-01 12:37:16.115  1604  1613 I zygote  : NativeAlloc concurrent copying GC freed 5959(413KB) AllocSpace objects, 0(0B) LOS objects, 15% free, 32MB/38MB, paused 1.520ms total 781.841ms
07-01 12:37:16.330  1970  1980 I zygote  : Background concurrent copying GC freed 53662(2MB) AllocSpace objects, 28(1748KB) LOS objects, 36% free, 10MB/16MB, paused 1.174ms total 182.492ms
07-01 12:37:16.341  1970 14966 I PlaceInferenceEngine: No beacon scan available - ignoring candidates.
07-01 12:37:16.377  1604  3545 I ActivityManager: Force stopping com.EvilChaotic.ModernWarplanes appid=10082 user=0: from pid 14975
07-01 12:37:16.387  1970 14966 I PlaceInferenceEngine: No beacon scan available - ignoring candidates.
07-01 12:37:16.407  1836  1836 D CarrierSvcBindHelper: No carrier app for: 0
07-01 12:37:16.708  2180  2194 I zygote  : Background concurrent copying GC freed 47042(2MB) AllocSpace objects, 22(1240KB) LOS objects, 36% free, 10MB/16MB, paused 1.656ms total 238.061ms
07-01 12:37:16.807  1604  6773 I ActivityManager: Force stopping com.ea.games.r3_row appid=10083 user=0: from pid 14981
07-01 12:37:16.840  1836  1836 D CarrierSvcBindHelper: No carrier app for: 0
07-01 12:37:17.133  1604  6773 W ActivityManager: Invalid packageName: android.media.action.IMAGE_CAPTURE
07-01 12:37:18.837  1604  1604 I GnssLocationProvider: WakeLock acquired by sendMessage(SUBSCRIPTION_OR_SIM_CHANGED, 0, null)
07-01 12:37:18.856  1836  1836 D MccTable: updateMccMncConfiguration mccmnc='310260' fromServiceState=true
07-01 12:37:18.860  1836  1836 D MccTable: updateMccMncConfiguration defaultMccMnc=310260
07-01 12:37:18.860  1836  1836 D MccTable: updateMccMncConfiguration: mcc=310, mnc=260
07-01 12:37:18.942  1604  5750 D AlarmManagerService: Kernel timezone updated to 240 minutes west of GMT
07-01 12:37:18.953  1836  1836 D MccTable: timezone set to America/New_York
07-01 12:37:18.955  1836  1836 D MccTable: WIFI_COUNTRY_CODE set to us
07-01 12:37:18.955  1604  5750 I WifiService: WifiService trying to set country code to us with persist set to false
07-01 12:37:18.956  1604  5750 I WifiService: setCountryCode uid=1001
07-01 12:37:18.966  1604  1604 D ConditionProviders.SCP: onReceive android.intent.action.TIMEZONE_CHANGED
07-01 12:37:18.972  1604  1604 D ConditionProviders.SCP: notifyCondition condition://android/schedule?days=6.7&start=23.30&end=10.0&exitAtAlarm=false STATE_FALSE reason=!meetsSchedule
07-01 12:37:18.972  1604  1604 D ConditionProviders.SCP: notifyCondition condition://android/schedule?days=1.2.3.4.5&start=22.0&end=7.0&exitAtAlarm=false STATE_FALSE reason=!meetsSchedule
07-01 12:37:19.004  1604  1617 E GnssLocationProvider: no AGPS interface in set_agps_server
07-01 12:37:19.063  1836  1845 I zygote  : Do full code cache collection, code=125KB, data=118KB
07-01 12:37:19.063  1836  1845 I zygote  : After code cache collection, code=98KB, data=71KB
07-01 12:37:19.084  1604  1617 I GnssLocationProvider: WakeLock released by handleMessage(SUBSCRIPTION_OR_SIM_CHANGED, 0, null)
07-01 12:37:19.109  1604  1618 W ActivityManager: Slow operation: 123ms so far, now at startProcess: returned from zygote!
07-01 12:37:19.109  1604  1618 W ActivityManager: Slow operation: 124ms so far, now at startProcess: done updating battery stats
07-01 12:37:19.109  1604  1618 W ActivityManager: Slow operation: 124ms so far, now at startProcess: building log message
07-01 12:37:19.109  1604  1618 I ActivityManager: Start proc 14999:com.google.android.apps.photos/u0a67 for broadcast com.google.android.apps.photos/com.google.android.libraries.social.notifications.impl.TimezoneChangeReceiver
07-01 12:37:19.109  1604  1618 W ActivityManager: Slow operation: 124ms so far, now at startProcess: starting to update pids map
07-01 12:37:19.109  1604  1618 W ActivityManager: Slow operation: 124ms so far, now at startProcess: done updating pids map
07-01 12:37:19.110  1604  1618 W ActivityManager: Slow operation: 124ms so far, now at startProcess: done starting proc!
07-01 12:37:19.113  1604  1604 D ConditionProviders.SCP: Scheduling evaluate for Mon Jul 01 22:00:00 EDT 2019 (1562032800000), in +9h22m41s34ms, now=Mon Jul 01 12:37:18 EDT 2019 (1561999038966)
07-01 12:37:19.114  1836  1836 D ServiceStateProvider: subId=1
07-01 12:37:19.118 14999 14999 W zygote  : Unexpected CPU variant for X86 using defaults: x86
07-01 12:37:19.208  8767  8767 D net.osmand: RoutingHelper Processed by distance : (new) 186838.81683182155 (old) 187021.15625
07-01 12:37:19.243  1604  1688 W ActivityManager: Slow operation: 97ms so far, now at startProcess: returned from zygote!
07-01 12:37:19.248  1604  1688 W ActivityManager: Slow operation: 101ms so far, now at startProcess: done updating battery stats
07-01 12:37:19.248  1604  1688 W ActivityManager: Slow operation: 101ms so far, now at startProcess: building log message
07-01 12:37:19.248  1604  1688 I ActivityManager: Start proc 15012:com.android.providers.calendar/u0a4 for content provider com.android.providers.calendar/.CalendarProvider2
07-01 12:37:19.248  1604  1688 W ActivityManager: Slow operation: 102ms so far, now at startProcess: starting to update pids map
07-01 12:37:19.248  1604  1688 W ActivityManager: Slow operation: 102ms so far, now at startProcess: done updating pids map
07-01 12:37:19.248  1604  1688 W ActivityManager: Slow operation: 103ms so far, now at startProcess: done starting proc!
07-01 12:37:19.248  1604  1688 W ActivityManager: Slow operation: 111ms so far, now at getContentProviderImpl: after start process
07-01 12:37:19.249  1604  1688 W ActivityManager: Slow operation: 111ms so far, now at getContentProviderImpl: updating data structures
07-01 12:37:19.249  1604  1688 W ActivityManager: Slow operation: 111ms so far, now at getContentProviderImpl: done!
07-01 12:37:19.283 15012 15012 W zygote  : Unexpected CPU variant for X86 using defaults: x86
07-01 12:37:19.315  1604  3545 W ActivityManager: Slow operation: 52ms so far, now at attachApplicationLocked: immediately after bindApplication
07-01 12:37:19.315  1604  3545 W ActivityManager: Slow operation: 55ms so far, now at attachApplicationLocked: after updateLruProcessLocked
07-01 12:37:19.318  1604  3545 W ActivityManager: Slow operation: 58ms so far, now at attachApplicationLocked: after mServices.attachApplicationLocked
07-01 12:37:19.343  1604  1604 I Telecom : CallLogManager: Country ISO changed. Retrieving new ISO...: CLM.oCD@AU4
07-01 12:37:19.351  1604  3545 W ActivityManager: Slow operation: 91ms so far, now at attachApplicationLocked: after sendPendingBroadcastsLocked
07-01 12:37:19.378  1836  1836 I Telephony: PstnIncomingCallNotifier: Unregistering: Handler (com.android.internal.telephony.GsmCdmaPhone) {d52c9e7}
07-01 12:37:19.465  9593  9649 I MicroDetectionWorker: #startMicroDetector [speakerMode: 0]
07-01 12:37:19.475  1604  5750 I Telecom : PhoneAccountRegistrar: Modify account: [ComponentInfo{com.android.phone/com.android.services.telephony.TelephonyConnectionService}, [****], UserHandle{0}(lbl: Android -> )(desc: Android -> )]: TSI.rPA@AVA
07-01 12:37:19.488  1836  1836 I Telephony: AccountEntry: Registered phoneAccount: [[ ] PhoneAccount: ComponentInfo{com.android.phone/com.android.services.telephony.TelephonyConnectionService}, [****], UserHandle{0} Capabilities: CallProvider MultiUser PlaceEmerg SimSub  Audio Routes: BESW Schemes: tel voicemail  Extras: Bundle[{android.telecom.extra.SUPPORTS_VIDEO_CALLING_FALLBACK=true}] GroupId: [****]] with handle: ComponentInfo{com.android.phone/com.android.services.telephony.TelephonyConnectionService}, [****], UserHandle{0}
07-01 12:37:19.489  9593  9649 W ErrorReporter: reportError [type: 211, code: 393244, bug: 0]: errorCode: 393244, engine: 0
07-01 12:37:19.492  1836  1836 I Telephony: PstnIncomingCallNotifier: Registering: Handler (com.android.internal.telephony.GsmCdmaPhone) {d52c9e7}
07-01 12:37:19.534  9593  9649 I MicroDetector: Keeping mic open: false
07-01 12:37:19.534  9593  9649 I MicroDetectionWorker: #onError(false)
07-01 12:37:19.538  1836  1836 I Telephony: PstnPhoneCapabilitiesNotifier: handleVideoCapabilitesChanged. Video capability - false
07-01 12:37:19.554 15012 15012 I zygote  : The ClassLoaderContext is a special shared library.
07-01 12:37:19.588  8767  8767 I net.osmand: RoutingHelper Recalculate route, because correlation  : 186838.81683182155
07-01 12:37:19.588  8767  8767 I net.osmand: RoutingHelper Recalculate route, because wrong movement direction: 186838.81
07-01 12:37:19.589  8767  8767 D net.osmand: AbstractPrologCommandPlayer abandonAudioFocus
07-01 12:37:19.593  1604  3925 I Telecom : PhoneAccountRegistrar: Modify account: [ComponentInfo{com.android.phone/com.android.services.telephony.TelephonyConnectionService}, [****], UserHandle{0}]: TSI.rPA@AVQ
07-01 12:37:19.602  8767  8767 I net.osmand: TTSCommandPlayerImpl Send message to pebble desviou-se da rota por  187 quilÃ³metros 
07-01 12:37:19.602  8767  8767 D net.osmand: AbstractPrologCommandPlayer requestAudioFocus
07-01 12:37:19.602  8767  8767 W AudioManager: Use of stream types is deprecated for operations other than volume control
07-01 12:37:19.602  8767  8767 W AudioManager: See the documentation of requestAudioFocus() for what to use instead with android.media.AudioAttributes to qualify your playback use case
07-01 12:37:19.603  1604  3925 I MediaFocusControl: requestAudioFocus() from uid/pid 10104/8767 clientId=android.media.AudioManager@e3f1f5net.osmand.plus.api.AudioFocusHelperImpl@fd8b9ed callingPack=net.osmand req=3 flags=0x0 sdk=26
07-01 12:37:19.621  8767  8767 D net.osmand: TTSCommandPlayerImpl ttsRequests=1
07-01 12:37:19.624  4639  8880 I TTS.GoogleTTSServiceImp: Synthesis request for locale por-BRA and name pt-BR-language
07-01 12:37:19.627  4639  8880 I TTS.GoogleTTSServiceImp: TTS dispatch: pt-br-x-afs-lstm-embedded
07-01 12:37:19.641  4639  8881 D AudioTrack: Client defaulted notificationFrames to 1365 for frameCount 4096
07-01 12:37:19.642 15012 15012 I zygote  : The ClassLoaderContext is a special shared library.
07-01 12:37:19.681  8767  8767 W MaterialProgressBar: Current drawable is not a MaterialProgressDrawable, you may want to set app:mpb_setBothDrawables
07-01 12:37:19.685  8767  8767 I net.osmand: RoutingHelper Recalculate route, because correlation  : 186838.81683182155
07-01 12:37:19.693  8767 15028 I net.osmand: RouteProvider Start finding route from Location[mProvider=gps,mTime=1561999039000,mLatitude=-7.227295,mLongitude=-35.88520833333334,mHasAltitude=false,mAltitude=0.0,mHasSpeed=true,mSpeed=0.0,mHasBearing=true,mBearing=0.0,mHasAccuracy=true,mAccuracy=20.0 to Lat -5.0433455 Lon -42.763016 using OsmAnd (offline)
07-01 12:37:19.713  1394  3176 W audio_hw_generic: Not supplying enough data to HAL, expected position 17977728 , only wrote 17977680
07-01 12:37:19.718  1604  3925 V MediaRouterService: restoreBluetoothA2dp(false)
07-01 12:37:19.738  8767 15028 W net.osmand: RouteProvider Use 333 MB Free 5.8425217 of 38.757675 max 384.0
07-01 12:37:19.765 15012 15012 I zygote  : The ClassLoaderContext is a special shared library.
07-01 12:37:19.900  8767  8767 I net.osmand: RoutingHelper Recalculate route, because correlation  : 214.74408039865548
07-01 12:37:19.900  8767  8767 I net.osmand: RoutingHelper Recalculate route, because wrong movement direction: 246.21614
07-01 12:37:19.962  1477  1572 D AudioFlinger: mixer(0xac983140) throttle end: throttle time(5)
07-01 12:37:20.025 14999 14999 W ResourceType: ResTable_typeSpec entry count inconsistent: given 1353, previously 1358
07-01 12:37:20.027 14999 14999 W ResourceType: ResTable_typeSpec entry count inconsistent: given 258, previously 1574
07-01 12:37:20.151  8767  8767 I net.osmand: RoutingHelper Recalculate route, because correlation  : 214.74408039865548
07-01 12:37:20.158 15012 15012 I CalendarProvider2: Created com.android.providers.calendar.CalendarAlarmManager@de83fc2(com.android.providers.calendar.CalendarProvider2@15c71d3)
07-01 12:37:20.229  1394  3176 W audio_hw_generic: Not supplying enough data to HAL, expected position 18002442 , only wrote 18002160
07-01 12:37:20.229  1394  3176 W audio_hw_generic: Not supplying enough data to HAL, expected position 18002198 , only wrote 18002160
07-01 12:37:20.246  1394  3176 W audio_hw_generic: Not supplying enough data to HAL, expected position 18002941 , only wrote 18002880
07-01 12:37:20.290  8767  8767 I net.osmand: RoutingHelper Recalculate route, because correlation  : 214.74408039865548
07-01 12:37:20.290  8767  8767 I net.osmand: RoutingHelper Recalculate route, because wrong movement direction: 246.21614
07-01 12:37:20.416  1394  3176 W audio_hw_generic: Not supplying enough data to HAL, expected position 18011035 , only wrote 18010800
07-01 12:37:20.444  1477  1572 D AudioFlinger: mixer(0xac983140) throttle end: throttle time(12)
07-01 12:37:20.842  8767 15028 I net.osmand:native: Start point was found 1886274709 [Native]
07-01 12:37:20.903  8767 15028 I net.osmand:native: End point was found 14392021889 [Native]
07-01 12:37:21.055  8767  8767 I net.osmand: RoutingHelper Recalculate route, because correlation  : 214.74408039865548
07-01 12:37:21.055  8767  8767 I net.osmand: RoutingHelper Recalculate route, because wrong movement direction: 246.21614
07-01 12:37:21.158  8767  8767 I net.osmand: RoutingHelper Recalculate route, because correlation  : 214.74408039865548
07-01 12:37:21.244  8767  8767 I net.osmand: RoutingHelper Recalculate route, because correlation  : 214.74408039865548
07-01 12:37:21.244  8767  8767 I net.osmand: RoutingHelper Recalculate route, because wrong movement direction: 246.21614
07-01 12:37:21.348  8767  8767 I net.osmand: RoutingHelper Recalculate route, because correlation  : 214.74408039865548
07-01 12:37:21.570  1604  2691 I ActivityManager: Start proc 15043:com.google.android.calendar/u0a45 for broadcast com.google.android.calendar/com.android.calendar.widget.CalendarAppWidgetProvider
07-01 12:37:21.599 15043 15043 W zygote  : Unexpected CPU variant for X86 using defaults: x86
07-01 12:37:21.605  1394  3176 W audio_hw_generic: Not supplying enough data to HAL, expected position 18067865 , only wrote 18067680
07-01 12:37:21.621  1394  3176 W audio_hw_generic: Not supplying enough data to HAL, expected position 18068448 , only wrote 18067680
07-01 12:37:21.621  1477  1572 D AudioFlinger: mixer(0xac983140) throttle end: throttle time(5)
07-01 12:37:21.654  1394  3176 W audio_hw_generic: Not supplying enough data to HAL, expected position 18069267 , only wrote 18069120
07-01 12:37:21.665  1477  1572 D AudioFlinger: mixer(0xac983140) throttle end: throttle time(5)
07-01 12:37:21.824  8767  8767 I net.osmand: RoutingHelper Recalculate route, because correlation  : 214.74408039865548
07-01 12:37:21.824  8767  8767 I net.osmand: RoutingHelper Recalculate route, because wrong movement direction: 246.21614
07-01 12:37:21.927  8767  8767 I net.osmand: RoutingHelper Recalculate route, because correlation  : 214.74408039865548
07-01 12:37:21.927  8767  8767 I net.osmand: RoutingHelper Recalculate route, because wrong movement direction: 246.21614
07-01 12:37:22.026  8767  8767 I net.osmand: RoutingHelper Recalculate route, because correlation  : 214.74408039865548
07-01 12:37:22.086  8767  8767 I net.osmand: RoutingHelper Recalculate route, because correlation  : 214.74408039865548
07-01 12:37:22.086  8767  8767 I net.osmand: RoutingHelper Recalculate route, because wrong movement direction: 246.21614
07-01 12:37:22.224  8767  8767 I net.osmand: RoutingHelper Recalculate route, because correlation  : 214.74408039865548
07-01 12:37:22.391  1604  1617 E memtrack: Couldn't load memtrack module
07-01 12:37:22.392  1604  1617 W android.os.Debug: failed to get memory consumption info: -1
07-01 12:37:22.492 15032 15032 D AndroidRuntime: >>>>>> START com.android.internal.os.RuntimeInit uid 2000 <<<<<<
07-01 12:37:22.532 15032 15032 W app_process: Could not reserve sentinel fault page
07-01 12:37:22.765 15043 15043 W Primes  : Primes not initialized, returning default (no-op) Primes instance which will ignore all calls. Please call Primes.initialize(...) before using any Primes API.
07-01 12:37:23.033  8767  8767 I net.osmand: RoutingHelper Recalculate route, because correlation  : 214.74408039865548
07-01 12:37:23.033  8767  8767 I net.osmand: RoutingHelper Recalculate route, because wrong movement direction: 246.21614
07-01 12:37:23.089 15032 15032 W app_process: Unexpected CPU variant for X86 using defaults: x86
07-01 12:37:23.103  8767  8767 I net.osmand: RoutingHelper Recalculate route, because correlation  : 214.74408039865548
07-01 12:37:23.134 15032 15032 I app_process: The ClassLoaderContext is a special shared library.
07-01 12:37:23.258  1604  3574 I ActivityManager: Start proc 15095:com.google.android.deskclock/u0a69 for broadcast com.google.android.deskclock/com.android.deskclock.AlarmInitReceiver
07-01 12:37:23.286 15095 15095 W zygote  : Unexpected CPU variant for X86 using defaults: x86
07-01 12:37:23.304  1394  3176 W audio_hw_generic: Not supplying enough data to HAL, expected position 18148334 , only wrote 18148320
07-01 12:37:23.319  1394  3176 W audio_hw_generic: Not supplying enough data to HAL, expected position 18149063 , only wrote 18149040
07-01 12:37:23.460  1394  3176 W audio_hw_generic: Not supplying enough data to HAL, expected position 18155780 , only wrote 18155520
07-01 12:37:23.574  8767  8767 I net.osmand: RoutingHelper Recalculate route, because correlation  : 214.74408039865548
07-01 12:37:23.620 15032 15032 D AndroidRuntime: Calling main entry com.android.commands.monkey.Monkey
07-01 12:37:23.667 15032 15032 W Monkey  : args: [-p, net.osmand, -c, android.intent.category.LAUNCHER, 1]
07-01 12:37:23.667 15032 15032 W Monkey  :  arg: "-p"
07-01 12:37:23.668 15032 15032 W Monkey  :  arg: "net.osmand"
07-01 12:37:23.668 15032 15032 W Monkey  :  arg: "-c"
07-01 12:37:23.668 15032 15032 W Monkey  :  arg: "android.intent.category.LAUNCHER"
07-01 12:37:23.668 15032 15032 W Monkey  :  arg: "1"
07-01 12:37:23.669 15032 15032 W Monkey  : data="net.osmand"
07-01 12:37:23.669 15032 15032 W Monkey  : data="android.intent.category.LAUNCHER"
07-01 12:37:23.771  8767  8767 I net.osmand: RoutingHelper Recalculate route, because correlation  : 214.74408039865548
07-01 12:37:23.771  8767  8767 I net.osmand: RoutingHelper Recalculate route, because wrong movement direction: 246.21614
07-01 12:37:23.789  8767  8767 I net.osmand: RoutingHelper Recalculate route, because correlation  : 214.74408039865548
07-01 12:37:23.808  8767  8767 I net.osmand: RoutingHelper Recalculate route, because correlation  : 214.74408039865548
07-01 12:37:23.808  8767  8767 I net.osmand: RoutingHelper Recalculate route, because wrong movement direction: 246.21614
07-01 12:37:23.814  8767  8767 I net.osmand: RoutingHelper Recalculate route, because correlation  : 214.74408039865548
07-01 12:37:23.849 15095 15095 W PrimesInit: Primes instant initialization
07-01 12:37:23.859  1604  1621 I WifiService: requestActivityInfo uid=1000
07-01 12:37:23.860  1604  1621 I WifiService: reportActivityInfo uid=1000
07-01 12:37:23.860  1604  1621 I WifiService: getSupportedFeatures uid=1000
07-01 12:37:23.886 15095 15121 W Primes  : background initialization
07-01 12:37:23.895 15095 15095 I GAv4    : Google Analytics 11.0.11 is starting up. To enable debug logging on a device run:
07-01 12:37:23.895 15095 15095 I GAv4    :   adb shell setprop log.tag.GAv4 DEBUG
07-01 12:37:23.895 15095 15095 I GAv4    :   adb logcat -s GAv4
07-01 12:37:23.922  1604  1618 W BroadcastQueue: Skipping deliver [background] BroadcastRecord{f107e31 u-1 android.net.conn.CONNECTIVITY_CHANGE} to ReceiverList{b5ed916 15032 (unknown name)/2000/u-1 remote:34b15bb}: process gone or crashing
07-01 12:37:24.033 15095 15126 W GAv4    : AnalyticsReceiver is not registered or is disabled. Register the receiver for reliable dispatching on non-Google Play devices. See http://goo.gl/8Rd3yj for instructions.
07-01 12:37:24.049  8767  8767 I net.osmand: RoutingHelper Recalculate route, because correlation  : 214.74408039865548
07-01 12:37:24.049  8767  8767 I net.osmand: RoutingHelper Recalculate route, because wrong movement direction: 246.21614
07-01 12:37:24.126  2180  4093 I FontsContentProvider: Received query Google Sans:500, URI content://com.google.android.gms.fonts
07-01 12:37:24.126  4639  8881 D AudioTrack: stop() called with 94270 frames delivered
07-01 12:37:24.132  8767 11581 D net.osmand: AbstractPrologCommandPlayer abandonAudioFocus
07-01 12:37:24.132  1604  3574 V MediaRouterService: restoreBluetoothA2dp(false)
07-01 12:37:24.133  1604  9404 I MediaFocusControl: abandonAudioFocus() from uid/pid 10104/8767 clientId=android.media.AudioManager@e3f1f5net.osmand.plus.api.AudioFocusHelperImpl@fd8b9ed
07-01 12:37:24.134  8767 11581 D net.osmand: TTSCommandPlayerImpl ttsRequests=0
07-01 12:37:24.137 15095 15126 W GAv4    : CampaignTrackingReceiver is not registered, not exported or is disabled. Installation campaign tracking is not possible. See http://goo.gl/8Rd3yj for instructions.
07-01 12:37:24.137  2180  4093 I FontsContentProvider: Query [Google Sans:500] resolved to {Google Sans, wdth 100.0, wght 500, ital 0.0, bestEffort false}
07-01 12:37:24.152  1604  3158 I ActivityManager: START u0 {act=android.intent.action.MAIN cat=[android.intent.category.LAUNCHER] flg=0x10200000 cmp=net.osmand/.plus.activities.MapActivity} from uid 2000
07-01 12:37:24.164  1604  3158 W Binder  : Outgoing transactions from this process must be FLAG_ONEWAY
07-01 12:37:24.164  1604  3158 W Binder  : java.lang.Throwable
07-01 12:37:24.164  1604  3158 W Binder  : 	at android.os.BinderProxy.transact(Binder.java:752)
07-01 12:37:24.164  1604  3158 W Binder  : 	at android.app.IActivityController$Stub$Proxy.activityStarting(IActivityController.java:172)
07-01 12:37:24.164  1604  3158 W Binder  : 	at com.android.server.am.ActivityStarter.startActivity(ActivityStarter.java:449)
07-01 12:37:24.164  1604  3158 W Binder  : 	at com.android.server.am.ActivityStarter.startActivityLocked(ActivityStarter.java:278)
07-01 12:37:24.164  1604  3158 W Binder  : 	at com.android.server.am.ActivityStarter.startActivityMayWait(ActivityStarter.java:817)
07-01 12:37:24.164  1604  3158 W Binder  : 	at com.android.server.am.ActivityManagerService.startActivityAsUser(ActivityManagerService.java:4532)
07-01 12:37:24.164  1604  3158 W Binder  : 	at com.android.server.am.ActivityManagerService.startActivity(ActivityManagerService.java:4519)
07-01 12:37:24.164  1604  3158 W Binder  : 	at android.app.IActivityManager$Stub.onTransact(IActivityManager.java:121)
07-01 12:37:24.164  1604  3158 W Binder  : 	at com.android.server.am.ActivityManagerService.onTransact(ActivityManagerService.java:2919)
07-01 12:37:24.164  1604  3158 W Binder  : 	at android.os.Binder.execTransact(Binder.java:697)
07-01 12:37:24.173 15095 15126 W GAv4    : AnalyticsService not registered in the app manifest. Hits might not be delivered reliably. See http://goo.gl/8Rd3yj for instructions.
07-01 12:37:24.189 15032 15032 I Monkey  : Events injected: 1
07-01 12:37:24.205  8767  8767 I net.osmand: RoutingHelper Recalculate route, because correlation  : 214.74408039865548
07-01 12:37:24.283  9593  9643 D EGL_emulation: eglMakeCurrent: 0xa5805ba0: ver 2 0 (tinfo 0xa58033e0)
07-01 12:37:24.325 15032 15032 I Monkey  : ## Network stats: elapsed time=173ms (0ms mobile, 0ms wifi, 173ms not connected)
07-01 12:37:24.338  1707  1933 D EGL_emulation: eglMakeCurrent: 0x91a91b00: ver 2 0 (tinfo 0x91b96990)
07-01 12:37:24.342  2061  2124 D EGL_emulation: eglMakeCurrent: 0xa5806680: ver 2 0 (tinfo 0xa5803c60)
07-01 12:37:24.410  2180  4093 I FontsContentProvider: Fetch {Google Sans, wdth 100.0, wght 500, ital 0.0, bestEffort false} end status Status{statusCode=SUCCESS, resolution=null}
07-01 12:37:24.416 15032 15032 I com.android.commands.monkey: System.exit called, status: 0
07-01 12:37:24.416 15032 15032 I AndroidRuntime: VM exiting with result code 0.
07-01 12:37:24.450  1604  1619 W Looper  : Dispatch took 133ms on android.ui, h=Handler (com.android.server.am.ActivityManagerService$UiHandler) {63b7718} cb=null msg=53
07-01 12:37:24.525  8767  8767 D InAppPurchaseHelper: Destroying helper.
07-01 12:37:24.575 15095 15095 W FontsContract: Remote font fetch timed out: com.google.android.gms.fonts/Google Sans:500
07-01 12:37:24.646  8767  8767 D net.osmand: Enable sensor
07-01 12:37:24.719  1604  1604 W NotificationService: Removed summary didn't match old notification: old=0|net.osmand|100|null|10104, removed=0|net.osmand|100|null|10104
07-01 12:37:24.735  1604  6773 I GnssLocationProvider: WakeLock acquired by sendMessage(SET_REQUEST, 0, com.android.server.location.GnssLocationProvider$GpsRequest@f411c25)
07-01 12:37:24.762  8767  8767 W System.err: OnCreate for MapActivity took 237 ms
07-01 12:37:24.838  8767  8767 W ResourceType: For resource 0x7f0e013b, entry index(315) is beyond type entryCount(142)
07-01 12:37:24.838  8767  8767 W ResourceType: For resource 0x7f0e013b, entry index(315) is beyond type entryCount(142)
07-01 12:37:24.838  1402  1440 D gralloc_ranchu: gralloc_alloc: Creating ashmem region of size 8298496
07-01 12:37:24.840  8767  8767 W ResourceType: For resource 0x7f0e013b, entry index(315) is beyond type entryCount(142)
07-01 12:37:24.884  8767  8767 I chatty  : uid=10104(net.osmand) identical 36 lines
07-01 12:37:24.884  8767  8767 W ResourceType: For resource 0x7f0e013b, entry index(315) is beyond type entryCount(142)
07-01 12:37:24.884 15095 15121 I PrimesTesting: GserviceFlagsSupplier.get()
07-01 12:37:24.885  8767  8767 W ResourceType: For resource 0x7f0e013b, entry index(315) is beyond type entryCount(142)
07-01 12:37:24.885  8767  8767 I chatty  : uid=10104(net.osmand) identical 1 line
07-01 12:37:24.885  8767  8767 W ResourceType: For resource 0x7f0e013b, entry index(315) is beyond type entryCount(142)
07-01 12:37:24.886 14999 15031 I zygote  : Waiting for a blocking GC ProfileSaver
07-01 12:37:24.886  8767  8767 W ResourceType: For resource 0x7f0e013b, entry index(315) is beyond type entryCount(142)
07-01 12:37:24.924  8767  8767 I chatty  : uid=10104(net.osmand) identical 25 lines
07-01 12:37:24.924  8767  8767 W ResourceType: For resource 0x7f0e013b, entry index(315) is beyond type entryCount(142)
07-01 12:37:24.954  1707  1933 D EGL_emulation: eglMakeCurrent: 0x91a91b00: ver 2 0 (tinfo 0x91b96990)
07-01 12:37:24.957  1412  1468 E SurfaceFlinger: Permission Denial: can't openGlobalTransaction pid=8767, uid<=10104
07-01 12:37:24.957  8767  8767 E BpSurfaceComposerClient: Failed to transact (-1)
07-01 12:37:24.962  1412  1427 E SurfaceFlinger: Permission Denial: can't openGlobalTransaction pid=8767, uid<=10104
07-01 12:37:24.962  8767  8767 E BpSurfaceComposerClient: Failed to transact (-1)
07-01 12:37:24.970  8767  8807 D EGL_emulation: eglMakeCurrent: 0x90895840: ver 2 0 (tinfo 0x90bdb0d0)
07-01 12:37:24.989  1707  1933 D EGL_emulation: eglMakeCurrent: 0x91a91b00: ver 2 0 (tinfo 0x91b96990)
07-01 12:37:25.005  1402  1440 D gralloc_ranchu: gralloc_alloc: Creating ashmem region of size 8298496
07-01 12:37:25.115  1604  2691 I WifiService: acquireWifiLock uid=10014 lockMode=2
07-01 12:37:25.141  2180  4093 I FontsContentProvider: Pulling font file for id = 18, cache size = 4
07-01 12:37:25.260  1394  3176 W audio_hw_generic: Not supplying enough data to HAL, expected position 18241924 , only wrote 18241920
07-01 12:37:25.285  1394  3176 W audio_hw_generic: Not supplying enough data to HAL, expected position 18243126 , only wrote 18242640
07-01 12:37:25.373 15095 15095 W FontsContract: Remote font fetch timed out: com.google.android.gms.fonts/Google Sans
07-01 12:37:25.377 15095 15095 I AlarmClock: AlarmInitReceiver android.intent.action.TIMEZONE_CHANGED
07-01 12:37:25.382  1604  1613 I zygote  : ThreadFlipBegin blocked for 7.149ms
07-01 12:37:25.408  1604  1604 I zygote  : IncrementDisableThreadFlip blocked for 28.557ms
07-01 12:37:25.409  1604  9404 I zygote  : IncrementDisableThreadFlip blocked for 34.095ms
07-01 12:37:25.494  1970  1970 I GeofencerStateMachine: sendNewLocationAvailability: availability=LocationAvailability[isLocationAvailable: true]
07-01 12:37:25.635  1707  1933 D EGL_emulation: eglMakeCurrent: 0x91a91b00: ver 2 0 (tinfo 0x91b96990)
07-01 12:37:25.812  1707  1933 I chatty  : uid=10029(com.android.systemui) RenderThread identical 2 lines
07-01 12:37:25.822  1707  1933 D EGL_emulation: eglMakeCurrent: 0x91a91b00: ver 2 0 (tinfo 0x91b96990)
07-01 12:37:25.868 15095 15134 I AlarmClock: Connected Dock: null
07-01 12:37:25.924  2180  4093 I FontsContentProvider: Received query Google Sans, URI content://com.google.android.gms.fonts
07-01 12:37:25.925  2180  4093 I FontsContentProvider: Query [Google Sans] resolved to {Google Sans, wdth 100.0, wght 400, ital 0.0, bestEffort false}
07-01 12:37:25.961 15095 15134 I AlarmClock: Removing AlarmClockInfo
07-01 12:37:25.990  1707  1933 D EGL_emulation: eglMakeCurrent: 0x91a91b00: ver 2 0 (tinfo 0x91b96990)
07-01 12:37:26.000 15095 15095 I AlarmClock: DigitalAppWidgetProvider processing Intent { act=android.intent.action.TIMEZONE_CHANGED flg=0x21200010 cmp=com.google.android.deskclock/com.android.alarmclock.DigitalAppWidgetProvider (has extras) }
07-01 12:37:26.023  1402  1440 D gralloc_ranchu: gralloc_alloc: Creating ashmem region of size 3878912
07-01 12:37:26.077 14999 15031 I zygote  : WaitForGcToComplete blocked ProfileSaver on HeapTrim for 1.191s
07-01 12:37:26.094  8767  8767 I net.osmand: RoutingHelper Recalculate route, because correlation  : 214.74408039865548
07-01 12:37:26.094  8767  8767 I net.osmand: RoutingHelper Recalculate route, because wrong movement direction: 246.21614
07-01 12:37:26.148  1604  2691 I ActivityManager: Start proc 15138:com.ustwo.lwp/u0a76 for broadcast com.ustwo.lwp/.TimezoneChangedReceiver
07-01 12:37:26.187 15138 15138 W zygote  : Unexpected CPU variant for X86 using defaults: x86
07-01 12:37:26.199  2180  4093 I FontsContentProvider: Fetch {Google Sans, wdth 100.0, wght 400, ital 0.0, bestEffort false} end status Status{statusCode=SUCCESS, resolution=null}
07-01 12:37:26.243  2180  2202 I FontsContentProvider: Pulling font file for id = 19, cache size = 4
07-01 12:37:26.297 15138 15138 I zygote  : The ClassLoaderContext is a special shared library.
07-01 12:37:26.440  1394  3176 W audio_hw_generic: Not supplying enough data to HAL, expected position 18298093 , only wrote 18298080
07-01 12:37:26.441  1394  3176 W audio_hw_generic: Not supplying enough data to HAL, expected position 18298113 , only wrote 18298080
07-01 12:37:26.458  1394  3176 W audio_hw_generic: Not supplying enough data to HAL, expected position 18298880 , only wrote 18298800
07-01 12:37:26.526 15138 15138 D zz      : App.onCreate() 
07-01 12:37:26.526 15138 15138 D zz      : ----------------------------------------------------------------------------------
07-01 12:37:26.558 15138 15138 D zz      : FlavorTypeOverride.afterCreate() flavor: typeall
07-01 12:37:26.580  1394  3176 W audio_hw_generic: Not supplying enough data to HAL, expected position 18304644 , only wrote 18304560
07-01 12:37:26.589  1394  3176 W audio_hw_generic: Not supplying enough data to HAL, expected position 18304990 , only wrote 18304560
07-01 12:37:26.658  1394  3176 W audio_hw_generic: Not supplying enough data to HAL, expected position 18307885 , only wrote 18306720
07-01 12:37:26.752  1604  5750 W ActivityManager: Slow operation: 148ms so far, now at startProcess: returned from zygote!
07-01 12:37:26.752  1604  5750 W ActivityManager: Slow operation: 148ms so far, now at startProcess: done updating battery stats
07-01 12:37:26.753  1604  5750 W ActivityManager: Slow operation: 148ms so far, now at startProcess: building log message
07-01 12:37:26.753  1604  5750 I ActivityManager: Start proc 15156:com.google.android.play.games/u0a84 for broadcast com.google.android.play.games/com.google.android.libraries.notifications.entrypoints.timezonechanged.TimezoneChangedReceiver
07-01 12:37:26.753  1604  5750 W ActivityManager: Slow operation: 148ms so far, now at startProcess: starting to update pids map
07-01 12:37:26.753  1604  5750 W ActivityManager: Slow operation: 149ms so far, now at startProcess: done updating pids map
07-01 12:37:26.753  1604  5750 W ActivityManager: Slow operation: 150ms so far, now at startProcess: done starting proc!
07-01 12:37:26.756  1604  5750 I ActivityManager: Killing 13513:com.android.vending:instant_app_installer/u0a26 (adj 904): empty for 2276s
07-01 12:37:26.757  1604  1620 W zygote  : kill(-13513, 9) failed: No such process
07-01 12:37:26.780  1394  3176 W audio_hw_generic: Not supplying enough data to HAL, expected position 18312572 , only wrote 18312480
07-01 12:37:26.781  1394  3176 W audio_hw_generic: Not supplying enough data to HAL, expected position 18312539 , only wrote 18312480
07-01 12:37:26.796  1394  3176 W audio_hw_generic: Not supplying enough data to HAL, expected position 18313224 , only wrote 18313200
07-01 12:37:26.803  1604  1620 W zygote  : kill(-13513, 9) failed: No such process
07-01 12:37:26.812 15156 15156 W zygote  : Unexpected CPU variant for X86 using defaults: x86
07-01 12:37:26.812 15043 15059 I zygote  : Waiting for a blocking GC ProfileSaver
07-01 12:37:26.845  1604  1620 W zygote  : kill(-13513, 9) failed: No such process
07-01 12:37:26.890  1604  1620 W zygote  : kill(-13513, 9) failed: No such process
07-01 12:37:26.890  1604  1620 I zygote  : Successfully killed process cgroup uid 10026 pid 13513 in 133ms
07-01 12:37:26.995  1394  3176 W audio_hw_generic: Not supplying enough data to HAL, expected position 18322744 , only wrote 18321840
07-01 12:37:27.162  1394  1567 W audio_hw_generic: Not supplying enough data to HAL, expected position 18336825 , only wrote 18329760
07-01 12:37:27.236 15043 15054 I zygote  : CollectorTransition concurrent copying GC freed 5392(563KB) AllocSpace objects, 2(40KB) LOS objects, 49% free, 1581KB/3MB, paused 1.192ms total 462.542ms
07-01 12:37:27.236 15043 15059 I zygote  : WaitForGcToComplete blocked ProfileSaver on HeapTrim for 423.546ms
07-01 12:37:27.283  8767  8767 I net.osmand: RoutingHelper Recalculate route, because correlation  : 214.74408039865548
07-01 12:37:27.283  8767  8767 I net.osmand: RoutingHelper Recalculate route, because wrong movement direction: 246.21614
07-01 12:37:27.366  8767  8767 I Choreographer: Skipped 77 frames!  The application may be doing too much work on its main thread.
07-01 12:37:27.372  1402  1440 D gralloc_ranchu: gralloc_alloc: Creating ashmem region of size 3878912
07-01 12:37:27.456  1402  1440 D gralloc_ranchu: gralloc_alloc: Creating ashmem region of size 8298496
07-01 12:37:27.558  8767  8767 I net.osmand: RoutingHelper Recalculate route, because correlation  : 214.74408039865548
07-01 12:37:27.566  8767  8767 I net.osmand: RoutingHelper Recalculate route, because correlation  : 214.74408039865548
07-01 12:37:27.566  8767  8767 I net.osmand: RoutingHelper Recalculate route, because wrong movement direction: 246.21614
07-01 12:37:27.569  8767  8767 I net.osmand: RoutingHelper Recalculate route, because correlation  : 214.74408039865548
07-01 12:37:27.569  8767  8767 I net.osmand: RoutingHelper Recalculate route, because wrong movement direction: 246.21614
07-01 12:37:27.572  8767  8767 I net.osmand: RoutingHelper Recalculate route, because correlation  : 214.74408039865548
07-01 12:37:27.572  8767  8767 I net.osmand: RoutingHelper Recalculate route, because wrong movement direction: 246.21614
07-01 12:37:27.581  8767  8767 I net.osmand: RoutingHelper Recalculate route, because correlation  : 214.74408039865548
07-01 12:37:27.581  8767  8767 I net.osmand: RoutingHelper Recalculate route, because wrong movement direction: 246.21614
07-01 12:37:27.588  8767  8767 I net.osmand: RoutingHelper Recalculate route, because correlation  : 214.74408039865548
07-01 12:37:27.735  1412  1412 W SurfaceFlinger: couldn't log to binary event log: overflow.
07-01 12:37:27.804 15156 15156 W PrimesInit: Primes instant initialization
07-01 12:37:27.816 15156 15173 W Primes  : background initialization
07-01 12:37:27.850 14999 15036 W zygote  : Verification of void afq.a(android.util.AttributeSet, int) took 201.799ms
07-01 12:37:27.915  1604  5750 I WifiService: getWifiEnabledState uid=10032
07-01 12:37:27.916  9593 14946 I PBSessionCacheImpl: Deleted sessionId[8330676634963] from persistence.
07-01 12:37:27.958  8767  8767 I net.osmand: RoutingHelper Recalculate route, because correlation  : 214.74408039865548
07-01 12:37:27.958  8767  8767 I net.osmand: RoutingHelper Recalculate route, because wrong movement direction: 246.21614
07-01 12:37:27.969 14999 15036 W zygote  : Verification of void afu.<clinit>() took 117.452ms
07-01 12:37:27.999  9593  9649 W SearchServiceCore: Abort, client detached.
07-01 12:37:28.114  1604  4218 D WificondControl: Scan result ready event
07-01 12:37:28.221  8767  8767 I net.osmand: RoutingHelper Recalculate route, because correlation  : 214.74408039865548
07-01 12:37:28.254  1402  1440 D gralloc_ranchu: gralloc_alloc: Creating ashmem region of size 3878912
07-01 12:37:28.519 15095 15110 I zygote  : Waiting for a blocking GC ProfileSaver
07-01 12:37:28.555  1604  1617 I GnssLocationProvider: WakeLock released by handleMessage(SET_REQUEST, 0, com.android.server.location.GnssLocationProvider$GpsRequest@f411c25)
07-01 12:37:28.562 15095 15110 I zygote  : WaitForGcToComplete blocked ProfileSaver on HeapTrim for 42.735ms
07-01 12:37:28.590 15156 15173 I PrimesTesting: GserviceFlagsSupplier.get()
07-01 12:37:28.631  1604  9404 I WifiService: releaseWifiLock uid=10014
07-01 12:37:28.743 15156 15156 I GAv4-SVC: Google Analytics 17.6.68 is starting up.
07-01 12:37:28.815  8767  8767 I net.osmand: RoutingHelper Recalculate route, because correlation  : 214.74408039865548
07-01 12:37:28.815  8767  8767 I net.osmand: RoutingHelper Recalculate route, because wrong movement direction: 246.21614
07-01 12:37:29.193  1604  1613 I zygote  : Background concurrent copying GC freed 54537(2MB) AllocSpace objects, 46(2MB) LOS objects, 15% free, 32MB/38MB, paused 24.470ms total 4.035s
07-01 12:37:29.335  8767  8767 I net.osmand: RoutingHelper Recalculate route, because correlation  : 214.74408039865548
07-01 12:37:29.335  8767  8767 I net.osmand: RoutingHelper Recalculate route, because wrong movement direction: 246.21614
07-01 12:37:29.348  8767  8767 I net.osmand: RoutingHelper Recalculate route, because correlation  : 214.74408039865548
07-01 12:37:29.353  8767  8767 I net.osmand: RoutingHelper Recalculate route, because correlation  : 214.74408039865548
07-01 12:37:29.354  8767  8767 I net.osmand: RoutingHelper Recalculate route, because wrong movement direction: 246.21614
07-01 12:37:29.357  8767  8767 I net.osmand: RoutingHelper Recalculate route, because correlation  : 214.74408039865548
07-01 12:37:29.558  8767  8777 I zygote  : Background concurrent copying GC freed 177197(5MB) AllocSpace objects, 10(316KB) LOS objects, 11% free, 44MB/50MB, paused 14.013ms total 3.413s
07-01 12:37:29.593 15156 15156 W ComponentDiscovery: Application info not found.
07-01 12:37:29.593 15156 15156 W ComponentDiscovery: Could not retrieve metadata, returning empty list of registrars.
07-01 12:37:29.667 15156 15156 I Notifications: [ChimeBroadcastReceiver] Intent received for action [android.intent.action.TIMEZONE_CHANGED] package [com.google.android.play.games].
07-01 12:37:29.715 15156 15156 I Notifications: [ChimeBroadcastReceiver] Validation OK for action [android.intent.action.TIMEZONE_CHANGED].
07-01 12:37:29.731 15156 15192 I Notifications: [ChimeBroadcastReceiver] Executing action in BroadcastReceiver [android.intent.action.TIMEZONE_CHANGED].
