07-01 18:50:01.678  1604  1621 E BatteryExternalStatsWorker: modem info is invalid: ModemActivityInfo{ mTimestamp=0 mSleepTimeMs=0 mIdleTimeMs=0 mTxTimeMs[]=[0, 0, 0, 0, 0] mRxTimeMs=0 mEnergyUsed=0}
07-01 18:50:06.694  1604  1621 I WifiService: requestActivityInfo uid=1000
07-01 18:50:06.694  1604  1621 I WifiService: reportActivityInfo uid=1000
07-01 18:50:06.694  1604  1621 I WifiService: getSupportedFeatures uid=1000
07-01 18:50:10.040  1604  7927 I WifiService: acquireWifiLock uid=10014 lockMode=2
07-01 18:50:13.035  1604  7927 D WificondControl: Scan result ready event
07-01 18:50:13.096  1604  3139 I WifiService: releaseWifiLock uid=10014
07-01 18:50:31.060  1604  5757 I WifiService: acquireWifiLock uid=10014 lockMode=2
07-01 18:50:31.107  1970  1970 I GeofencerStateMachine: sendNewTransitions called.
07-01 18:50:31.121  1604  5757 I WifiService: releaseWifiLock uid=10014
07-01 18:50:48.864  1410  1410 I boot-pipe: done populating /dev/random
07-01 18:50:51.074  1604  2230 I WifiService: acquireWifiLock uid=10014 lockMode=2
07-01 18:50:54.053  1604  5757 D WificondControl: Scan result ready event
07-01 18:50:54.085  1604  2230 I WifiService: releaseWifiLock uid=10014
07-01 18:50:59.884  1604  2230 I WifiService: getConnectionInfo uid=10014
07-01 18:50:59.887  1970 25089 E WakeLock: GCM_HB_ALARM release without a matched acquire!
07-01 18:50:59.891  1604  1621 I WifiService: requestActivityInfo uid=1000
07-01 18:50:59.891  1604  1621 I WifiService: reportActivityInfo uid=1000
07-01 18:50:59.891  1604  1621 I WifiService: getSupportedFeatures uid=1000
07-01 18:51:00.020  1403  1418 D hwcomposer: hw_composer sent 6 syncs in 60s
07-01 18:51:00.178  1970 25093 V NativeCrypto: Read error: ssl=0xad6ab298: I/O error during system call, Connection reset by peer
07-01 18:51:00.180  1970 25093 V NativeCrypto: SSL shutdown failed: ssl=0xad6ab298: I/O error during system call, Broken pipe
07-01 18:51:00.181  1970 25093 E WakeLock: GCM_HB_ALARM release without a matched acquire!
07-01 18:51:00.181  1970 25093 W WakeLock: GCM_HB_ALARM counter does not exist
07-01 18:51:00.185  1970 25093 W GCM     : Resetting heartbeat counters (at min), good=0 bad=2
07-01 18:51:00.187  1604  1682 D ConnectivityService: reportNetworkConnectivity(101, false) by 10014
07-01 18:51:00.187  1604  2952 D NetworkMonitor/NetworkAgentInfo [WIFI () - 101]: Forcing reevaluation for UID 10014
07-01 18:51:00.199  1604 25134 D NetworkMonitor/NetworkAgentInfo [WIFI () - 101]: PROBE_DNS connectivitycheck.gstatic.com 4ms OK 172.217.172.131,2800:3f0:4001:81a::2003
07-01 18:51:00.213  1604 25133 D NetworkMonitor/NetworkAgentInfo [WIFI () - 101]: PROBE_DNS www.google.com 18ms OK 172.217.28.228,2800:3f0:4001:801::2004
07-01 18:51:00.272  1604 25134 D NetworkMonitor/NetworkAgentInfo [WIFI () - 101]: PROBE_HTTP http://connectivitycheck.gstatic.com/generate_204 time=72ms ret=204 request={User-Agent=[Mozilla/5.0 (X11; Linux x86_64) AppleWebKit/537.36 (KHTML, like Gecko) Chrome/60.0.3112.32 Safari/537.36]} headers={null=[HTTP/1.1 204 No Content], Content-Length=[0], Date=[Mon, 01 Jul 2019 22:51:01 GMT], X-Android-Received-Millis=[1562021460272], X-Android-Response-Source=[NETWORK 204], X-Android-Selected-Protocol=[http/1.1], X-Android-Sent-Millis=[1562021460201]}
07-01 18:51:00.285  1604 25133 D NetworkMonitor/NetworkAgentInfo [WIFI () - 101]: PROBE_HTTPS https://www.google.com/generate_204 time=70ms ret=204 request={User-Agent=[Mozilla/5.0 (X11; Linux x86_64) AppleWebKit/537.36 (KHTML, like Gecko) Chrome/60.0.3112.32 Safari/537.36]} headers={null=[HTTP/1.1 204 No Content], Alt-Svc=[quic=":443"; ma=2592000; v="46,44,43,39"], Content-Length=[0], Date=[Mon, 01 Jul 2019 22:51:01 GMT], X-Android-Received-Millis=[1562021460284], X-Android-Response-Source=[NETWORK 204], X-Android-Selected-Protocol=[http/1.1], X-Android-Sent-Millis=[1562021460215]}
07-01 18:51:00.286  1604  1682 D ConnectivityService: NetworkAgentInfo [WIFI () - 101] validation passed
07-01 18:51:00.469  1604  2230 I WifiService: getConnectionInfo uid=10014
07-01 18:51:00.731  1604  2230 I chatty  : uid=1000(system) Binder:1604_A identical 1 line
07-01 18:51:00.762  1604  2230 I WifiService: getConnectionInfo uid=10014
07-01 18:51:11.078  1604  1678 W AlarmManager: Unrecognized alarm listener com.android.server.wifi.WifiConfigStore$1@223dfff
07-01 18:51:11.095  9593  9593 E TaskServiceHelper: Cannot execute TaskName.UNKNOWN (or data got corrupted).
07-01 18:51:11.098  1604  1678 D WifiConfigStore: Writing to stores completed in 21 ms.
07-01 18:51:11.104  1604  7927 I WifiService: acquireWifiLock uid=10014 lockMode=2
07-01 18:51:11.135  1604  3712 I WifiService: releaseWifiLock uid=10014
07-01 18:51:11.155  1970  1970 I GeofencerStateMachine: sendNewTransitions called.
07-01 18:51:15.773  1604  1621 I WifiService: requestActivityInfo uid=1000
07-01 18:51:15.774  1604  1621 I WifiService: reportActivityInfo uid=1000
07-01 18:51:15.774  1604  1621 I WifiService: getSupportedFeatures uid=1000
07-01 18:51:30.849  1604  1621 I WifiService: requestActivityInfo uid=1000
07-01 18:51:30.850  1604  1621 I WifiService: reportActivityInfo uid=1000
07-01 18:51:30.850  1604  1621 I WifiService: getSupportedFeatures uid=1000
07-01 18:51:30.867  1604  2230 I WifiService: getConnectionInfo uid=10014
07-01 18:51:32.125  1604  2230 I WifiService: acquireWifiLock uid=10014 lockMode=2
07-01 18:51:32.132  1604  1617 E memtrack: Couldn't load memtrack module
07-01 18:51:32.132  1604  1617 W android.os.Debug: failed to get memory consumption info: -1
07-01 18:51:32.196  1604  1617 E memtrack: Couldn't load memtrack module
07-01 18:51:32.196  1604  1617 W android.os.Debug: failed to get memory consumption info: -1
07-01 18:51:35.124  1604  2230 D WificondControl: Scan result ready event
07-01 18:51:35.161  1604  5757 I WifiService: releaseWifiLock uid=10014
07-01 18:51:41.063 20345 20362 I Finsky  : [779] imb.run(3): Stats for Executor: BlockingExecutor ink@ee2e429[Running, pool size = 0, active threads = 0, queued tasks = 0, completed tasks = 13]
07-01 18:51:41.063 20345 20362 I Finsky  : [779] imb.run(3): Stats for Executor: LightweightExecutor ink@8d5d3ae[Running, pool size = 2, active threads = 0, queued tasks = 0, completed tasks = 63]
07-01 18:51:42.525 20345 20362 I Finsky  : [779] imb.run(3): Stats for Executor: bgExecutor ink@1e554f[Running, pool size = 4, active threads = 0, queued tasks = 0, completed tasks = 75]
07-01 18:51:45.894  1604  1621 I WifiService: requestActivityInfo uid=1000
07-01 18:51:45.894  1604  1621 I WifiService: reportActivityInfo uid=1000
07-01 18:51:45.894  1604  1621 I WifiService: getSupportedFeatures uid=1000
07-01 18:51:48.868  1410  1410 I boot-pipe: done populating /dev/random
07-01 18:51:52.133  1604  7927 I WifiService: acquireWifiLock uid=10014 lockMode=2
07-01 18:51:52.144  1604  1617 E memtrack: Couldn't load memtrack module
07-01 18:51:52.144  1604  1617 W android.os.Debug: failed to get memory consumption info: -1
07-01 18:51:52.187  1604  5757 I WifiService: releaseWifiLock uid=10014
07-01 18:51:52.195  1970  1970 I GeofencerStateMachine: sendNewTransitions called.
07-01 18:51:52.243  1604  1617 E memtrack: Couldn't load memtrack module
07-01 18:51:52.243  1604  1617 W android.os.Debug: failed to get memory consumption info: -1
07-01 18:51:52.466  1604  1613 I zygote  : Background concurrent copying GC freed 47660(2MB) AllocSpace objects, 10(616KB) LOS objects, 14% free, 36MB/42MB, paused 812us total 292.165ms
07-01 18:52:00.019  1403  1418 D hwcomposer: hw_composer sent 6 syncs in 60s
07-01 18:52:12.146  1604  7927 I WifiService: acquireWifiLock uid=10014 lockMode=2
07-01 18:52:15.143  1604  7927 D WificondControl: Scan result ready event
07-01 18:52:15.184  1604  7927 I WifiService: releaseWifiLock uid=10014
07-01 18:52:33.160  1604  7927 I WifiService: acquireWifiLock uid=10014 lockMode=2
07-01 18:52:33.200  1970  1970 I GeofencerStateMachine: sendNewTransitions called.
07-01 18:52:33.234  1604  3712 I WifiService: releaseWifiLock uid=10014
07-01 18:52:48.870  1410  1410 I boot-pipe: done populating /dev/random
07-01 18:52:53.170  1604  2230 I WifiService: acquireWifiLock uid=10014 lockMode=2
07-01 18:52:56.154  1604  2230 D WificondControl: Scan result ready event
07-01 18:52:56.199  1604  2230 I WifiService: releaseWifiLock uid=10014
07-01 18:52:57.425  1604  1621 I WifiService: requestActivityInfo uid=1000
07-01 18:52:57.425  1604  1621 I WifiService: reportActivityInfo uid=1000
07-01 18:52:57.425  1604  1621 I WifiService: getSupportedFeatures uid=1000
07-01 18:53:00.023  1403  1418 D hwcomposer: hw_composer sent 6 syncs in 60s
07-01 18:53:12.454  1604  1621 I WifiService: requestActivityInfo uid=1000
07-01 18:53:12.454  1604  1621 I WifiService: reportActivityInfo uid=1000
07-01 18:53:12.454  1604  1621 I WifiService: getSupportedFeatures uid=1000
07-01 18:53:13.180  1604  3139 I WifiService: acquireWifiLock uid=10014 lockMode=2
07-01 18:53:13.225  1970  1970 I GeofencerStateMachine: sendNewTransitions called.
07-01 18:53:13.240  1604  3712 I WifiService: releaseWifiLock uid=10014
07-01 18:53:13.327  1970  1980 I zygote  : Background concurrent copying GC freed 97530(4MB) AllocSpace objects, 0(0B) LOS objects, 40% free, 8MB/14MB, paused 947us total 124.959ms
07-01 18:53:20.879  1604  3139 I WifiService: getConnectionInfo uid=10014
07-01 18:53:20.883  1970 25135 E WakeLock: GCM_HB_ALARM release without a matched acquire!
07-01 18:53:20.886  1604  1621 I WifiService: requestActivityInfo uid=1000
07-01 18:53:20.887  1604  1621 I WifiService: reportActivityInfo uid=1000
07-01 18:53:20.887  1604  1621 I WifiService: getSupportedFeatures uid=1000
07-01 18:53:21.012  1970 25139 V NativeCrypto: Read error: ssl=0xad6aae38: I/O error during system call, Connection reset by peer
07-01 18:53:21.014  1970 25139 V NativeCrypto: SSL shutdown failed: ssl=0xad6aae38: I/O error during system call, Broken pipe
07-01 18:53:21.014  1970 25139 E WakeLock: GCM_HB_ALARM release without a matched acquire!
07-01 18:53:21.015  1970 25139 W WakeLock: GCM_HB_ALARM counter does not exist
07-01 18:53:21.018  1604  1682 D ConnectivityService: reportNetworkConnectivity(101, false) by 10014
07-01 18:53:21.019  1604  2952 D NetworkMonitor/NetworkAgentInfo [WIFI () - 101]: Forcing reevaluation for UID 10014
07-01 18:53:21.041  1604 25159 D NetworkMonitor/NetworkAgentInfo [WIFI () - 101]: PROBE_DNS www.google.com 12ms OK 172.217.28.228,2800:3f0:4001:801::2004
07-01 18:53:21.056  1604 25160 D NetworkMonitor/NetworkAgentInfo [WIFI () - 101]: PROBE_DNS connectivitycheck.gstatic.com 29ms OK 172.217.172.131,2800:3f0:4001:81a::2003
07-01 18:53:21.112  1604 25159 D NetworkMonitor/NetworkAgentInfo [WIFI () - 101]: PROBE_HTTPS https://www.google.com/generate_204 time=69ms ret=204 request={User-Agent=[Mozilla/5.0 (X11; Linux x86_64) AppleWebKit/537.36 (KHTML, like Gecko) Chrome/60.0.3112.32 Safari/537.36]} headers={null=[HTTP/1.1 204 No Content], Alt-Svc=[quic=":443"; ma=2592000; v="46,44,43,39"], Content-Length=[0], Date=[Mon, 01 Jul 2019 22:53:21 GMT], X-Android-Received-Millis=[1562021601112], X-Android-Response-Source=[NETWORK 204], X-Android-Selected-Protocol=[http/1.1], X-Android-Sent-Millis=[1562021601042]}
07-01 18:53:21.113  1604  1682 D ConnectivityService: NetworkAgentInfo [WIFI () - 101] validation passed
07-01 18:53:21.129  1604 25160 D NetworkMonitor/NetworkAgentInfo [WIFI () - 101]: PROBE_HTTP http://connectivitycheck.gstatic.com/generate_204 time=72ms ret=204 request={User-Agent=[Mozilla/5.0 (X11; Linux x86_64) AppleWebKit/537.36 (KHTML, like Gecko) Chrome/60.0.3112.32 Safari/537.36]} headers={null=[HTTP/1.1 204 No Content], Content-Length=[0], Date=[Mon, 01 Jul 2019 22:53:21 GMT], X-Android-Received-Millis=[1562021601129], X-Android-Response-Source=[NETWORK 204], X-Android-Selected-Protocol=[http/1.1], X-Android-Sent-Millis=[1562021601058]}
07-01 18:53:21.278  1604  3139 I WifiService: getConnectionInfo uid=10014
07-01 18:53:21.546  1604  3139 I chatty  : uid=1000(system) Binder:1604_D identical 1 line
07-01 18:53:21.571  1604  3139 I WifiService: getConnectionInfo uid=10014
07-01 18:53:34.183  1604  1678 W AlarmManager: Unrecognized alarm listener com.android.server.wifi.WifiConfigStore$1@223dfff
07-01 18:53:34.203  1604  1678 D WifiConfigStore: Writing to stores completed in 19 ms.
07-01 18:53:34.210  1604  3712 I WifiService: acquireWifiLock uid=10014 lockMode=2
07-01 18:53:36.573  1604  1621 I WifiService: requestActivityInfo uid=1000
07-01 18:53:36.573  1604  1621 I WifiService: reportActivityInfo uid=1000
07-01 18:53:36.573  1604  1621 I WifiService: getSupportedFeatures uid=1000
07-01 18:53:37.192  1604  3712 D WificondControl: Scan result ready event
07-01 18:53:37.236  1604  3139 I WifiService: releaseWifiLock uid=10014
07-01 18:53:48.872  1410  1410 I boot-pipe: done populating /dev/random
07-01 18:53:51.973  1604  1621 I WifiService: requestActivityInfo uid=1000
07-01 18:53:51.973  1604  1621 I WifiService: reportActivityInfo uid=1000
07-01 18:53:51.973  1604  1621 I WifiService: getSupportedFeatures uid=1000
07-01 18:53:51.991  1604  7927 I WifiService: getConnectionInfo uid=10014
07-01 18:53:54.217  1604  3139 I WifiService: acquireWifiLock uid=10014 lockMode=2
07-01 18:53:54.221  1604  1617 E memtrack: Couldn't load memtrack module
07-01 18:53:54.222  1604  1617 W android.os.Debug: failed to get memory consumption info: -1
07-01 18:53:54.254  1970  1970 I GeofencerStateMachine: sendNewTransitions called.
07-01 18:53:54.278  1604  3139 I WifiService: releaseWifiLock uid=10014
07-01 18:53:54.295  1604  1617 E memtrack: Couldn't load memtrack module
07-01 18:53:54.295  1604  1617 W android.os.Debug: failed to get memory consumption info: -1
07-01 18:54:00.016  1403  1418 D hwcomposer: hw_composer sent 6 syncs in 60s
07-01 18:54:07.014  1604  1621 I WifiService: requestActivityInfo uid=1000
07-01 18:54:07.014  1604  1621 I WifiService: reportActivityInfo uid=1000
07-01 18:54:07.014  1604  1621 I WifiService: getSupportedFeatures uid=1000
07-01 18:54:14.227  1604  2230 I WifiService: acquireWifiLock uid=10014 lockMode=2
07-01 18:54:14.236  1604  1617 E memtrack: Couldn't load memtrack module
07-01 18:54:14.236  1604  1617 W android.os.Debug: failed to get memory consumption info: -1
07-01 18:54:17.203  1604  3139 D WificondControl: Scan result ready event
07-01 18:54:17.204  1760  1760 I wpa_supplicant: nl80211: send_and_recv->nl_recvmsgs failed: -33
07-01 18:54:17.242  1604  7927 I WifiService: releaseWifiLock uid=10014
07-01 18:54:35.244  1604  3139 I WifiService: acquireWifiLock uid=10014 lockMode=2
07-01 18:54:35.292  1970  1970 I GeofencerStateMachine: sendNewTransitions called.
07-01 18:54:35.317  1604  3139 I WifiService: releaseWifiLock uid=10014
07-01 18:54:35.540  1604  1613 I zygote  : Background concurrent copying GC freed 47125(1954KB) AllocSpace objects, 4(208KB) LOS objects, 14% free, 36MB/42MB, paused 767us total 269.965ms
07-01 18:54:35.898 20345 20380 I PlayCommon: [797] adnc.d(23): Preparing logs for uploading
07-01 18:54:35.905 20345 20380 I PlayCommon: [797] adnc.d(125): Connecting to server: https://play.googleapis.com/play/log?format=raw&proto_v2=true
07-01 18:54:35.908  1604  1621 I WifiService: requestActivityInfo uid=1000
07-01 18:54:35.908  1604  1621 I WifiService: reportActivityInfo uid=1000
07-01 18:54:35.908  1604  1621 I WifiService: getSupportedFeatures uid=1000
07-01 18:54:36.350 20345 20380 I PlayCommon: [797] adnc.d(173): Successfully uploaded logs.
07-01 18:54:41.065 20345 20362 I Finsky  : [779] imb.run(3): Stats for Executor: BlockingExecutor ink@ee2e429[Running, pool size = 0, active threads = 0, queued tasks = 0, completed tasks = 13]
07-01 18:54:41.066 20345 20362 I Finsky  : [779] imb.run(3): Stats for Executor: LightweightExecutor ink@8d5d3ae[Running, pool size = 2, active threads = 0, queued tasks = 0, completed tasks = 63]
07-01 18:54:42.528 20345 20362 I Finsky  : [779] imb.run(3): Stats for Executor: bgExecutor ink@1e554f[Running, pool size = 4, active threads = 0, queued tasks = 0, completed tasks = 76]
07-01 18:54:48.874  1410  1410 I boot-pipe: done populating /dev/random
07-01 18:54:51.374  1604  1621 I WifiService: requestActivityInfo uid=1000
07-01 18:54:51.374  1604  1621 I WifiService: reportActivityInfo uid=1000
07-01 18:54:51.374  1604  1621 I WifiService: getSupportedFeatures uid=1000
07-01 18:54:55.254  1604  7927 I WifiService: acquireWifiLock uid=10014 lockMode=2
07-01 18:54:58.215  1604  7927 D WificondControl: Scan result ready event
07-01 18:54:58.255  1604  7927 I WifiService: releaseWifiLock uid=10014
07-01 18:55:00.011  1403  1418 D hwcomposer: hw_composer sent 6 syncs in 60s
07-01 18:55:15.266  1604  3712 I WifiService: acquireWifiLock uid=10014 lockMode=2
07-01 18:55:15.308  1970  1970 I GeofencerStateMachine: sendNewTransitions called.
07-01 18:55:15.327  1604  2230 I WifiService: releaseWifiLock uid=10014
07-01 18:55:36.281  1604  2230 I WifiService: acquireWifiLock uid=10014 lockMode=2
07-01 18:55:39.254  1604  3139 D WificondControl: Scan result ready event
07-01 18:55:39.291  1604  2230 I WifiService: releaseWifiLock uid=10014
07-01 18:55:41.118  1604  1621 I WifiService: requestActivityInfo uid=1000
07-01 18:55:41.118  1604  1621 I WifiService: reportActivityInfo uid=1000
07-01 18:55:41.118  1604  1621 I WifiService: getSupportedFeatures uid=1000
07-01 18:55:42.004  1604  2230 I WifiService: getConnectionInfo uid=10014
07-01 18:55:42.008  1970 25161 E WakeLock: GCM_HB_ALARM release without a matched acquire!
07-01 18:55:42.118  1970 25165 V NativeCrypto: Read error: ssl=0xad6aace8: I/O error during system call, Connection reset by peer
07-01 18:55:42.121  1970 25165 V NativeCrypto: SSL shutdown failed: ssl=0xad6aace8: I/O error during system call, Broken pipe
07-01 18:55:42.122  1970 25165 E WakeLock: GCM_HB_ALARM release without a matched acquire!
07-01 18:55:42.122  1970 25165 W WakeLock: GCM_HB_ALARM counter does not exist
07-01 18:55:42.125  1970 25165 W GCM     : Resetting heartbeat counters (at min), good=0 bad=2
07-01 18:55:42.127  1604  1682 D ConnectivityService: reportNetworkConnectivity(101, false) by 10014
07-01 18:55:42.127  1604  2952 D NetworkMonitor/NetworkAgentInfo [WIFI () - 101]: Forcing reevaluation for UID 10014
07-01 18:55:42.136  1604 25202 D NetworkMonitor/NetworkAgentInfo [WIFI () - 101]: PROBE_DNS connectivitycheck.gstatic.com 4ms OK 172.217.172.131,2800:3f0:4001:81a::2003
07-01 18:55:42.147  1604 25201 D NetworkMonitor/NetworkAgentInfo [WIFI () - 101]: PROBE_DNS www.google.com 14ms OK 172.217.28.228,2800:3f0:4001:801::2004
07-01 18:55:42.213  1604 25202 D NetworkMonitor/NetworkAgentInfo [WIFI () - 101]: PROBE_HTTP http://connectivitycheck.gstatic.com/generate_204 time=75ms ret=204 request={User-Agent=[Mozilla/5.0 (X11; Linux x86_64) AppleWebKit/537.36 (KHTML, like Gecko) Chrome/60.0.3112.32 Safari/537.36]} headers={null=[HTTP/1.1 204 No Content], Content-Length=[0], Date=[Mon, 01 Jul 2019 22:55:43 GMT], X-Android-Received-Millis=[1562021742212], X-Android-Response-Source=[NETWORK 204], X-Android-Selected-Protocol=[http/1.1], X-Android-Sent-Millis=[1562021742137]}
07-01 18:55:42.217  1604 25201 D NetworkMonitor/NetworkAgentInfo [WIFI () - 101]: PROBE_HTTPS https://www.google.com/generate_204 time=69ms ret=204 request={User-Agent=[Mozilla/5.0 (X11; Linux x86_64) AppleWebKit/537.36 (KHTML, like Gecko) Chrome/60.0.3112.32 Safari/537.36]} headers={null=[HTTP/1.1 204 No Content], Alt-Svc=[quic=":443"; ma=2592000; v="46,44,43,39"], Content-Length=[0], Date=[Mon, 01 Jul 2019 22:55:43 GMT], X-Android-Received-Millis=[1562021742217], X-Android-Response-Source=[NETWORK 204], X-Android-Selected-Protocol=[http/1.1], X-Android-Sent-Millis=[1562021742149]}
07-01 18:55:42.219  1604  1682 D ConnectivityService: NetworkAgentInfo [WIFI () - 101] validation passed
07-01 18:55:42.398  1604  3139 I WifiService: getConnectionInfo uid=10014
07-01 18:55:42.661  1604  3139 I chatty  : uid=1000(system) Binder:1604_D identical 1 line
07-01 18:55:42.686  1604  3139 I WifiService: getConnectionInfo uid=10014
07-01 18:55:48.875  1410  1410 I boot-pipe: done populating /dev/random
07-01 18:55:51.138  1604  1621 E BatteryExternalStatsWorker: modem info is invalid: ModemActivityInfo{ mTimestamp=0 mSleepTimeMs=0 mIdleTimeMs=0 mTxTimeMs[]=[0, 0, 0, 0, 0] mRxTimeMs=0 mEnergyUsed=0}
07-01 18:55:56.285  1604  1678 W AlarmManager: Unrecognized alarm listener com.android.server.wifi.WifiConfigStore$1@223dfff
07-01 18:55:56.297  1604  3139 I WifiService: acquireWifiLock uid=10014 lockMode=2
07-01 18:55:56.305  1604  1617 E memtrack: Couldn't load memtrack module
07-01 18:55:56.305  1604  1678 D WifiConfigStore: Writing to stores completed in 20 ms.
07-01 18:55:56.305  1604  1617 W android.os.Debug: failed to get memory consumption info: -1
07-01 18:55:56.357  1970  1970 I GeofencerStateMachine: sendNewTransitions called.
07-01 18:55:56.376  1604  3139 I WifiService: releaseWifiLock uid=10014
07-01 18:55:56.398  1604  1617 E memtrack: Couldn't load memtrack module
07-01 18:55:56.398  1604  1617 W android.os.Debug: failed to get memory consumption info: -1
07-01 18:55:57.707  1604  1621 I WifiService: requestActivityInfo uid=1000
07-01 18:55:57.707  1604  1621 I WifiService: reportActivityInfo uid=1000
07-01 18:55:57.708  1604  1621 I WifiService: getSupportedFeatures uid=1000
07-01 18:56:00.030  1403  1418 D hwcomposer: hw_composer sent 6 syncs in 60s
07-01 18:56:12.668  1604  1621 I WifiService: requestActivityInfo uid=1000
07-01 18:56:12.668  1604  1621 I WifiService: reportActivityInfo uid=1000
07-01 18:56:12.668  1604  1621 I WifiService: getSupportedFeatures uid=1000
07-01 18:56:12.679  1604  5757 I WifiService: getConnectionInfo uid=10014
07-01 18:56:16.082  1604  1617 I UsageStatsService: User[0] Flushing usage stats to disk
07-01 18:56:16.305  1604  5757 I WifiService: acquireWifiLock uid=10014 lockMode=2
07-01 18:56:19.283  1604  3139 D WificondControl: Scan result ready event
07-01 18:56:19.321  1604  2230 I WifiService: releaseWifiLock uid=10014
07-01 18:56:27.694  1604  1621 I WifiService: requestActivityInfo uid=1000
07-01 18:56:27.694  1604  1621 I WifiService: reportActivityInfo uid=1000
07-01 18:56:27.695  1604  1621 I WifiService: getSupportedFeatures uid=1000
07-01 18:56:37.317  1604  5757 I WifiService: acquireWifiLock uid=10014 lockMode=2
07-01 18:56:37.347  1970  1970 I GeofencerStateMachine: sendNewTransitions called.
07-01 18:56:37.364  1604  5757 I WifiService: releaseWifiLock uid=10014
07-01 18:56:48.877  1410  1410 I boot-pipe: done populating /dev/random
07-01 18:56:57.327  1604  3139 I WifiService: acquireWifiLock uid=10014 lockMode=2
07-01 18:57:00.021  1403  1418 D hwcomposer: hw_composer sent 6 syncs in 60s
07-01 18:57:00.324  1604  2230 D WificondControl: Scan result ready event
07-01 18:57:00.361  1604  3712 I WifiService: releaseWifiLock uid=10014
07-01 18:57:17.336  1604  5757 I WifiService: acquireWifiLock uid=10014 lockMode=2
07-01 18:57:17.387  1970  1970 I GeofencerStateMachine: sendNewTransitions called.
07-01 18:57:17.410  1604  3139 I WifiService: releaseWifiLock uid=10014
07-01 18:57:17.626  1604  1613 I zygote  : Background concurrent copying GC freed 50421(2MB) AllocSpace objects, 15(768KB) LOS objects, 14% free, 36MB/42MB, paused 824us total 278.250ms
07-01 18:57:38.352  1604  5757 I WifiService: acquireWifiLock uid=10014 lockMode=2
07-01 18:57:41.067 20345 20362 I Finsky  : [779] imb.run(3): Stats for Executor: BlockingExecutor ink@ee2e429[Running, pool size = 0, active threads = 0, queued tasks = 0, completed tasks = 13]
07-01 18:57:41.068 20345 20362 I Finsky  : [779] imb.run(3): Stats for Executor: LightweightExecutor ink@8d5d3ae[Running, pool size = 2, active threads = 0, queued tasks = 0, completed tasks = 63]
07-01 18:57:41.304  1604  5757 D WificondControl: Scan result ready event
07-01 18:57:41.344  1604  7927 I WifiService: releaseWifiLock uid=10014
07-01 18:57:42.530 20345 20362 I Finsky  : [779] imb.run(3): Stats for Executor: bgExecutor ink@1e554f[Running, pool size = 4, active threads = 0, queued tasks = 0, completed tasks = 76]
07-01 18:57:48.878  1410  1410 I boot-pipe: done populating /dev/random
07-01 18:57:58.361  1604  3712 I WifiService: acquireWifiLock uid=10014 lockMode=2
07-01 18:57:58.369  1604  1617 E memtrack: Couldn't load memtrack module
07-01 18:57:58.369  1604  1617 W android.os.Debug: failed to get memory consumption info: -1
07-01 18:57:58.400  1970  1970 I GeofencerStateMachine: sendNewTransitions called.
07-01 18:57:58.422  1604  2230 I WifiService: releaseWifiLock uid=10014
07-01 18:57:58.444  1604  1617 E memtrack: Couldn't load memtrack module
07-01 18:57:58.444  1604  1617 W android.os.Debug: failed to get memory consumption info: -1
07-01 18:58:00.020  1403  1418 D hwcomposer: hw_composer sent 6 syncs in 60s
07-01 18:58:02.688  1604  3712 I WifiService: getConnectionInfo uid=10014
07-01 18:58:02.697  1970 25203 E WakeLock: GCM_HB_ALARM release without a matched acquire!
07-01 18:58:02.698  1604  1621 I WifiService: requestActivityInfo uid=1000
07-01 18:58:02.698  1604  1621 I WifiService: reportActivityInfo uid=1000
07-01 18:58:02.698  1604  1621 I WifiService: getSupportedFeatures uid=1000
07-01 18:58:02.821  1970 25207 V NativeCrypto: Read error: ssl=0xad6aae38: I/O error during system call, Connection reset by peer
07-01 18:58:02.823  1970 25207 V NativeCrypto: SSL shutdown failed: ssl=0xad6aae38: I/O error during system call, Broken pipe
07-01 18:58:02.824  1970 25207 E WakeLock: GCM_HB_ALARM release without a matched acquire!
07-01 18:58:02.824  1970 25207 W WakeLock: GCM_HB_ALARM counter does not exist
07-01 18:58:02.827  1604  1682 D ConnectivityService: reportNetworkConnectivity(101, false) by 10014
07-01 18:58:02.827  1604  2952 D NetworkMonitor/NetworkAgentInfo [WIFI () - 101]: Forcing reevaluation for UID 10014
07-01 18:58:02.849  1604 25227 D NetworkMonitor/NetworkAgentInfo [WIFI () - 101]: PROBE_DNS www.google.com 17ms OK 172.217.28.228,2800:3f0:4001:801::2004
07-01 18:58:02.855  1604 25229 D NetworkMonitor/NetworkAgentInfo [WIFI () - 101]: PROBE_DNS connectivitycheck.gstatic.com 26ms OK 172.217.172.131,2800:3f0:4001:81a::2003
07-01 18:58:02.926  1604 25229 D NetworkMonitor/NetworkAgentInfo [WIFI () - 101]: PROBE_HTTP http://connectivitycheck.gstatic.com/generate_204 time=69ms ret=204 request={User-Agent=[Mozilla/5.0 (X11; Linux x86_64) AppleWebKit/537.36 (KHTML, like Gecko) Chrome/60.0.3112.32 Safari/537.36]} headers={null=[HTTP/1.1 204 No Content], Content-Length=[0], Date=[Mon, 01 Jul 2019 22:58:03 GMT], X-Android-Received-Millis=[1562021882926], X-Android-Response-Source=[NETWORK 204], X-Android-Selected-Protocol=[http/1.1], X-Android-Sent-Millis=[1562021882857]}
07-01 18:58:02.928  1604 25227 D NetworkMonitor/NetworkAgentInfo [WIFI () - 101]: PROBE_HTTPS https://www.google.com/generate_204 time=75ms ret=204 request={User-Agent=[Mozilla/5.0 (X11; Linux x86_64) AppleWebKit/537.36 (KHTML, like Gecko) Chrome/60.0.3112.32 Safari/537.36]} headers={null=[HTTP/1.1 204 No Content], Alt-Svc=[quic=":443"; ma=2592000; v="46,44,43,39"], Content-Length=[0], Date=[Mon, 01 Jul 2019 22:58:03 GMT], X-Android-Received-Millis=[1562021882927], X-Android-Response-Source=[NETWORK 204], X-Android-Selected-Protocol=[http/1.1], X-Android-Sent-Millis=[1562021882855]}
07-01 18:58:02.930  1604  1682 D ConnectivityService: NetworkAgentInfo [WIFI () - 101] validation passed
07-01 18:58:03.080  1604  3712 I WifiService: getConnectionInfo uid=10014
07-01 18:58:03.339  1604  3712 I chatty  : uid=1000(system) Binder:1604_11 identical 1 line
07-01 18:58:03.367  1604  3712 I WifiService: getConnectionInfo uid=10014
07-01 18:58:18.365  1604  1678 W AlarmManager: Unrecognized alarm listener com.android.server.wifi.WifiConfigStore$1@223dfff
07-01 18:58:18.376  1604  1621 I WifiService: requestActivityInfo uid=1000
07-01 18:58:18.376  1604  1621 I WifiService: reportActivityInfo uid=1000
07-01 18:58:18.376  1604  1621 I WifiService: getSupportedFeatures uid=1000
07-01 18:58:18.381  1604  3712 I WifiService: acquireWifiLock uid=10014 lockMode=2
07-01 18:58:18.394  1604  1678 D WifiConfigStore: Writing to stores completed in 29 ms.
07-01 18:58:21.354  1604  3712 D WificondControl: Scan result ready event
07-01 18:58:21.393  1604  2230 I WifiService: releaseWifiLock uid=10014
07-01 18:58:33.606  1604  1621 I WifiService: requestActivityInfo uid=1000
07-01 18:58:33.607  1604  1621 I WifiService: reportActivityInfo uid=1000
07-01 18:58:33.607  1604  1621 I WifiService: getSupportedFeatures uid=1000
07-01 18:58:33.621  1604  7927 I WifiService: getConnectionInfo uid=10014
07-01 18:58:39.408  1604  7927 I WifiService: acquireWifiLock uid=10014 lockMode=2
07-01 18:58:39.440  1970  1970 I GeofencerStateMachine: sendNewTransitions called.
07-01 18:58:39.461  1604  5757 I WifiService: releaseWifiLock uid=10014
07-01 18:58:48.656  1604  1621 I WifiService: requestActivityInfo uid=1000
07-01 18:58:48.656  1604  1621 I WifiService: reportActivityInfo uid=1000
07-01 18:58:48.656  1604  1621 I WifiService: getSupportedFeatures uid=1000
07-01 18:58:48.881  1410  1410 I boot-pipe: done populating /dev/random
07-01 18:58:59.415  1604  5757 I WifiService: acquireWifiLock uid=10014 lockMode=2
07-01 18:59:00.021  1403  1418 D hwcomposer: hw_composer sent 6 syncs in 60s
07-01 18:59:02.405  1604  7927 D WificondControl: Scan result ready event
07-01 18:59:02.448  1604  3139 I WifiService: releaseWifiLock uid=10014
07-01 18:59:19.425  1604  7927 I WifiService: acquireWifiLock uid=10014 lockMode=2
07-01 18:59:19.457  1604  3139 I WifiService: releaseWifiLock uid=10014
07-01 18:59:19.464  1970  1970 I GeofencerStateMachine: sendNewTransitions called.
07-01 18:59:36.366  1604  1621 I WifiService: requestActivityInfo uid=1000
07-01 18:59:36.366  1604  1621 I WifiService: reportActivityInfo uid=1000
07-01 18:59:36.366  1604  1621 I WifiService: getSupportedFeatures uid=1000
07-01 18:59:40.440  1604  3712 I WifiService: acquireWifiLock uid=10014 lockMode=2
07-01 18:59:42.176 18156 18166 I zygote  : Background concurrent copying GC freed 199975(6MB) AllocSpace objects, 0(0B) LOS objects, 18% free, 26MB/32MB, paused 1.052ms total 188.174ms
07-01 18:59:43.434  1604  5757 D WificondControl: Scan result ready event
07-01 18:59:43.479  1604  3139 I WifiService: releaseWifiLock uid=10014
07-01 18:59:48.883  1410  1410 I boot-pipe: done populating /dev/random
07-01 18:59:51.454  1604  1621 I WifiService: requestActivityInfo uid=1000
07-01 18:59:51.454  1604  1621 I WifiService: reportActivityInfo uid=1000
07-01 18:59:51.454  1604  1621 I WifiService: getSupportedFeatures uid=1000
07-01 19:00:00.004  1604  1617 E memtrack: Couldn't load memtrack module
07-01 19:00:00.004  1604  1617 W android.os.Debug: failed to get memory consumption info: -1
07-01 19:00:00.030  1403  1418 D hwcomposer: hw_composer sent 6 syncs in 60s
07-01 19:00:00.096  1604  1617 E memtrack: Couldn't load memtrack module
07-01 19:00:00.096  1604  1617 W android.os.Debug: failed to get memory consumption info: -1
07-01 19:00:00.452  1604  5757 I WifiService: acquireWifiLock uid=10014 lockMode=2
07-01 19:00:00.516  1970  1970 I GeofencerStateMachine: sendNewTransitions called.
07-01 19:00:00.539  1604  7927 I WifiService: releaseWifiLock uid=10014
07-01 19:00:00.804  1604  1613 I zygote  : Background concurrent copying GC freed 48848(2MB) AllocSpace objects, 4(208KB) LOS objects, 14% free, 36MB/42MB, paused 1.025ms total 329.120ms
07-01 19:00:20.458  1604  1617 E memtrack: Couldn't load memtrack module
07-01 19:00:20.458  1604  1617 W android.os.Debug: failed to get memory consumption info: -1
07-01 19:00:20.468  1604  2230 I WifiService: acquireWifiLock uid=10014 lockMode=2
07-01 19:00:20.525  1604  1617 E memtrack: Couldn't load memtrack module
07-01 19:00:20.525  1604  1617 W android.os.Debug: failed to get memory consumption info: -1
07-01 19:00:23.444  1604  7927 D WificondControl: Scan result ready event
07-01 19:00:23.489  1604  2230 I WifiService: releaseWifiLock uid=10014
07-01 19:00:23.630  1604  7927 I WifiService: getConnectionInfo uid=10014
07-01 19:00:23.636  1970 25228 E WakeLock: GCM_HB_ALARM release without a matched acquire!
07-01 19:00:23.641  1604  1621 I WifiService: requestActivityInfo uid=1000
07-01 19:00:23.641  1604  1621 I WifiService: reportActivityInfo uid=1000
07-01 19:00:23.641  1604  1621 I WifiService: getSupportedFeatures uid=1000
07-01 19:00:23.758  1970 25233 V NativeCrypto: Read error: ssl=0xad6aace8: I/O error during system call, Connection reset by peer
07-01 19:00:23.762  1970 25233 V NativeCrypto: SSL shutdown failed: ssl=0xad6aace8: I/O error during system call, Broken pipe
07-01 19:00:23.764  1970 25233 E WakeLock: GCM_HB_ALARM release without a matched acquire!
07-01 19:00:23.764  1970 25233 W WakeLock: GCM_HB_ALARM counter does not exist
07-01 19:00:23.774  1970 25233 W GCM     : Resetting heartbeat counters (at min), good=0 bad=2
07-01 19:00:23.782  1604  1682 D ConnectivityService: reportNetworkConnectivity(101, false) by 10014
07-01 19:00:23.782  1604  2952 D NetworkMonitor/NetworkAgentInfo [WIFI () - 101]: Forcing reevaluation for UID 10014
07-01 19:00:23.785  1604 25258 D NetworkMonitor/NetworkAgentInfo [WIFI () - 101]: PROBE_DNS connectivitycheck.gstatic.com 2ms OK 172.217.172.131,2800:3f0:4001:81a::2003
07-01 19:00:23.797  1604 25257 D NetworkMonitor/NetworkAgentInfo [WIFI () - 101]: PROBE_DNS www.google.com 3ms OK 172.217.28.228,2800:3f0:4001:801::2004
07-01 19:00:23.883  1604 25258 D NetworkMonitor/NetworkAgentInfo [WIFI () - 101]: PROBE_HTTP http://connectivitycheck.gstatic.com/generate_204 time=84ms ret=204 request={User-Agent=[Mozilla/5.0 (X11; Linux x86_64) AppleWebKit/537.36 (KHTML, like Gecko) Chrome/60.0.3112.32 Safari/537.36]} headers={null=[HTTP/1.1 204 No Content], Content-Length=[0], Date=[Mon, 01 Jul 2019 23:00:24 GMT], X-Android-Received-Millis=[1562022023870], X-Android-Response-Source=[NETWORK 204], X-Android-Selected-Protocol=[http/1.1], X-Android-Sent-Millis=[1562022023799]}
07-01 19:00:23.883  1604 25257 D NetworkMonitor/NetworkAgentInfo [WIFI () - 101]: PROBE_HTTPS https://www.google.com/generate_204 time=81ms ret=204 request={User-Agent=[Mozilla/5.0 (X11; Linux x86_64) AppleWebKit/537.36 (KHTML, like Gecko) Chrome/60.0.3112.32 Safari/537.36]} headers={null=[HTTP/1.1 204 No Content], Alt-Svc=[quic=":443"; ma=2592000; v="46,44,43,39"], Content-Length=[0], Date=[Mon, 01 Jul 2019 23:00:24 GMT], X-Android-Received-Millis=[1562022023883], X-Android-Response-Source=[NETWORK 204], X-Android-Selected-Protocol=[http/1.1], X-Android-Sent-Millis=[1562022023801]}
07-01 19:00:23.885  1604  1682 D ConnectivityService: NetworkAgentInfo [WIFI () - 101] validation passed
07-01 19:00:24.062  1604  7927 I WifiService: getConnectionInfo uid=10014
07-01 19:00:24.335  1604  7927 I chatty  : uid=1000(system) Binder:1604_1F identical 1 line
07-01 19:00:24.359  1604  7927 I WifiService: getConnectionInfo uid=10014
07-01 19:00:33.897  1604  1678 W AlarmManager: Unrecognized alarm listener com.android.server.wifi.WifiConfigStore$1@223dfff
07-01 19:00:33.913  1604  1678 D WifiConfigStore: Writing to stores completed in 15 ms.
07-01 19:00:36.873  1604  7927 D WificondControl: Scan result ready event
07-01 19:00:39.374  1604  1621 I WifiService: requestActivityInfo uid=1000
07-01 19:00:39.374  1604  1621 I WifiService: reportActivityInfo uid=1000
07-01 19:00:39.374  1604  1621 I WifiService: getSupportedFeatures uid=1000
07-01 19:00:41.070 20345 20362 I Finsky  : [779] imb.run(3): Stats for Executor: BlockingExecutor ink@ee2e429[Running, pool size = 0, active threads = 0, queued tasks = 0, completed tasks = 13]
07-01 19:00:41.071 20345 20362 I Finsky  : [779] imb.run(3): Stats for Executor: LightweightExecutor ink@8d5d3ae[Running, pool size = 2, active threads = 0, queued tasks = 0, completed tasks = 63]
07-01 19:00:41.485  1604  5757 I WifiService: acquireWifiLock uid=10014 lockMode=2
07-01 19:00:41.515  1604  7927 I WifiService: releaseWifiLock uid=10014
07-01 19:00:41.530  1970  1970 I GeofencerStateMachine: sendNewTransitions called.
07-01 19:00:42.532 20345 20362 I Finsky  : [779] imb.run(3): Stats for Executor: bgExecutor ink@1e554f[Running, pool size = 4, active threads = 0, queued tasks = 0, completed tasks = 77]
07-01 19:00:48.884  1410  1410 I boot-pipe: done populating /dev/random
07-01 19:00:54.667  1604  1621 I WifiService: requestActivityInfo uid=1000
07-01 19:00:54.668  1604  1621 I WifiService: reportActivityInfo uid=1000
07-01 19:00:54.668  1604  1621 I WifiService: getSupportedFeatures uid=1000
07-01 19:00:54.684  1604  3139 I WifiService: getConnectionInfo uid=10014
07-01 19:01:00.005  1604  1617 E memtrack: Couldn't load memtrack module
07-01 19:01:00.005  1604  1617 W android.os.Debug: failed to get memory consumption info: -1
07-01 19:01:00.029  1403  1418 D hwcomposer: hw_composer sent 6 syncs in 60s
07-01 19:01:00.079  1604  1617 E memtrack: Couldn't load memtrack module
07-01 19:01:00.079  1604  1617 W android.os.Debug: failed to get memory consumption info: -1
07-01 19:01:00.132  1604  1617 E memtrack: Couldn't load memtrack module
07-01 19:01:00.132  1604  1617 W android.os.Debug: failed to get memory consumption info: -1
07-01 19:01:00.176  1604  1617 E memtrack: Couldn't load memtrack module
07-01 19:01:00.176  1604  1617 W android.os.Debug: failed to get memory consumption info: -1
07-01 19:01:00.221  1604  1617 E memtrack: Couldn't load memtrack module
07-01 19:01:00.221  1604  1617 W android.os.Debug: failed to get memory consumption info: -1
07-01 19:01:01.507  1604  3139 I WifiService: acquireWifiLock uid=10014 lockMode=2
07-01 19:01:04.564  1604  1854 D WificondControl: Scan result ready event
07-01 19:01:04.612  1604  5757 I WifiService: releaseWifiLock uid=10014
07-01 19:01:09.694  1604  1621 I WifiService: requestActivityInfo uid=1000
07-01 19:01:09.695  1604  1621 I WifiService: reportActivityInfo uid=1000
07-01 19:01:09.695  1604  1621 I WifiService: getSupportedFeatures uid=1000
07-01 19:01:21.519  1604  5757 I WifiService: acquireWifiLock uid=10014 lockMode=2
07-01 19:01:21.560  1970  1970 I GeofencerStateMachine: sendNewTransitions called.
07-01 19:01:21.574  1604  7927 I WifiService: releaseWifiLock uid=10014
07-01 19:01:42.542 25281 25281 W zygote  : Unexpected CPU variant for X86 using defaults: x86
07-01 19:01:42.547  1604  1604 I ActivityManager: Start proc 25281:com.android.chrome/u0a49 for service com.android.chrome/org.chromium.components.background_task_scheduler.BackgroundTaskJobService
07-01 19:01:42.559  1604  5757 I WifiService: acquireWifiLock uid=10014 lockMode=2
07-01 19:01:45.543  1604  5757 D WificondControl: Scan result ready event
07-01 19:01:45.576  1604  2230 I WifiService: releaseWifiLock uid=10014
07-01 19:01:48.886  1410  1410 I boot-pipe: done populating /dev/random
07-01 19:02:00.007  1604  1617 E memtrack: Couldn't load memtrack module
07-01 19:02:00.008  1604  1617 W android.os.Debug: failed to get memory consumption info: -1
07-01 19:02:00.027  1403  1418 D hwcomposer: hw_composer sent 6 syncs in 60s
07-01 19:02:00.094  1604  1617 E memtrack: Couldn't load memtrack module
07-01 19:02:00.094  1604  1617 W android.os.Debug: failed to get memory consumption info: -1
07-01 19:02:02.568  1604  3139 I WifiService: acquireWifiLock uid=10014 lockMode=2
07-01 19:02:02.602  1970  1970 I GeofencerStateMachine: sendNewTransitions called.
07-01 19:02:02.620  1604  5757 I WifiService: releaseWifiLock uid=10014
07-01 19:02:22.578  1604  2230 I WifiService: acquireWifiLock uid=10014 lockMode=2
07-01 19:02:22.587  1604  1617 E memtrack: Couldn't load memtrack module
07-01 19:02:22.588  1604  1617 W android.os.Debug: failed to get memory consumption info: -1
07-01 19:02:25.552  1604  2230 D WificondControl: Scan result ready event
07-01 19:02:25.581  1604  5757 I WifiService: releaseWifiLock uid=10014
07-01 19:02:42.596  1604  1613 I zygote  : Background concurrent copying GC freed 53370(2MB) AllocSpace objects, 16(1024KB) LOS objects, 14% free, 36MB/42MB, paused 743us total 229.646ms
07-01 19:02:43.261  1970 23476 I Counters: exceeded sample count in tron_action
07-01 19:02:43.318  1970 23476 I chatty  : uid=10014(com.google.android.gms) lowpool[270] identical 140 lines
07-01 19:02:43.318  1970 23476 I Counters: exceeded sample count in tron_action
07-01 19:02:43.376  1970  1980 I zygote  : Background concurrent copying GC freed 128478(5MB) AllocSpace objects, 0(0B) LOS objects, 38% free, 9MB/15MB, paused 765us total 130.567ms
07-01 19:02:43.594  1604  5757 I WifiService: acquireWifiLock uid=10014 lockMode=2
07-01 19:02:43.630  1970  1970 I GeofencerStateMachine: sendNewTransitions called.
07-01 19:02:43.647  1604  2230 I WifiService: releaseWifiLock uid=10014
07-01 19:02:44.695  1604  1854 I WifiService: getConnectionInfo uid=10014
07-01 19:02:44.706  1970 25261 E WakeLock: GCM_HB_ALARM release without a matched acquire!
07-01 19:02:44.718  1604  1621 I WifiService: requestActivityInfo uid=1000
07-01 19:02:44.718  1604  1621 I WifiService: reportActivityInfo uid=1000
07-01 19:02:44.718  1604  1621 I WifiService: getSupportedFeatures uid=1000
07-01 19:02:44.828  1970 25263 V NativeCrypto: Read error: ssl=0xad6aae38: I/O error during system call, Connection reset by peer
07-01 19:02:44.832  1970 25263 V NativeCrypto: SSL shutdown failed: ssl=0xad6aae38: I/O error during system call, Broken pipe
07-01 19:02:44.832  1970 25263 E WakeLock: GCM_HB_ALARM release without a matched acquire!
07-01 19:02:44.833  1970 25263 W WakeLock: GCM_HB_ALARM counter does not exist
07-01 19:02:44.837  1604  1682 D ConnectivityService: reportNetworkConnectivity(101, false) by 10014
07-01 19:02:44.852  1604  2952 D NetworkMonitor/NetworkAgentInfo [WIFI () - 101]: Forcing reevaluation for UID 10014
07-01 19:02:44.879  1604 25310 D NetworkMonitor/NetworkAgentInfo [WIFI () - 101]: PROBE_DNS www.google.com 21ms OK 172.217.28.228,2800:3f0:4001:801::2004
07-01 19:02:44.879  1604 25311 D NetworkMonitor/NetworkAgentInfo [WIFI () - 101]: PROBE_DNS connectivitycheck.gstatic.com 25ms OK 172.217.172.131,2800:3f0:4001:81a::2003
07-01 19:02:44.949  1604 25310 D NetworkMonitor/NetworkAgentInfo [WIFI () - 101]: PROBE_HTTPS https://www.google.com/generate_204 time=68ms ret=204 request={User-Agent=[Mozilla/5.0 (X11; Linux x86_64) AppleWebKit/537.36 (KHTML, like Gecko) Chrome/60.0.3112.32 Safari/537.36]} headers={null=[HTTP/1.1 204 No Content], Alt-Svc=[quic=":443"; ma=2592000; v="46,44,43,39"], Content-Length=[0], Date=[Mon, 01 Jul 2019 23:02:45 GMT], X-Android-Received-Millis=[1562022164948], X-Android-Response-Source=[NETWORK 204], X-Android-Selected-Protocol=[http/1.1], X-Android-Sent-Millis=[1562022164881]}
07-01 19:02:44.951  1604  1682 D ConnectivityService: NetworkAgentInfo [WIFI () - 101] validation passed
07-01 19:02:44.955  1604 25311 D NetworkMonitor/NetworkAgentInfo [WIFI () - 101]: PROBE_HTTP http://connectivitycheck.gstatic.com/generate_204 time=72ms ret=204 request={User-Agent=[Mozilla/5.0 (X11; Linux x86_64) AppleWebKit/537.36 (KHTML, like Gecko) Chrome/60.0.3112.32 Safari/537.36]} headers={null=[HTTP/1.1 204 No Content], Content-Length=[0], Date=[Mon, 01 Jul 2019 23:02:45 GMT], X-Android-Received-Millis=[1562022164954], X-Android-Response-Source=[NETWORK 204], X-Android-Selected-Protocol=[http/1.1], X-Android-Sent-Millis=[1562022164883]}
07-01 19:02:45.225  1604  1854 I WifiService: getConnectionInfo uid=10014
07-01 19:02:45.501  1604  1854 I chatty  : uid=1000(system) Binder:1604_5 identical 1 line
07-01 19:02:45.523  1604  1854 I WifiService: getConnectionInfo uid=10014
07-01 19:02:48.888  1410  1410 I boot-pipe: done populating /dev/random
07-01 19:02:54.727  1604  1617 E memtrack: Couldn't load memtrack module
07-01 19:02:54.727  1604  1617 W android.os.Debug: failed to get memory consumption info: -1
07-01 19:02:54.794  1604  1617 E memtrack: Couldn't load memtrack module
07-01 19:02:54.794  1604  1617 W android.os.Debug: failed to get memory consumption info: -1
07-01 19:02:54.958  1604  1678 W AlarmManager: Unrecognized alarm listener com.android.server.wifi.WifiConfigStore$1@223dfff
07-01 19:02:54.977  1604  1678 D WifiConfigStore: Writing to stores completed in 18 ms.
07-01 19:03:00.025  1403  1418 D hwcomposer: hw_composer sent 6 syncs in 60s
07-01 19:03:00.588  1604  1621 I WifiService: requestActivityInfo uid=1000
07-01 19:03:00.588  1604  1621 I WifiService: reportActivityInfo uid=1000
07-01 19:03:00.588  1604  1621 I WifiService: getSupportedFeatures uid=1000
07-01 19:03:03.601  1604  1854 I WifiService: acquireWifiLock uid=10014 lockMode=2
07-01 19:03:06.573  1604  3139 D WificondControl: Scan result ready event
07-01 19:03:06.630  1604  1854 I WifiService: releaseWifiLock uid=10014
07-01 19:03:15.843  1604  1621 I WifiService: requestActivityInfo uid=1000
07-01 19:03:15.843  1604  1621 I WifiService: reportActivityInfo uid=1000
07-01 19:03:15.843  1604  1621 I WifiService: getSupportedFeatures uid=1000
07-01 19:03:15.860  1604  5757 I WifiService: getConnectionInfo uid=10014
07-01 19:03:23.612  1604  2230 I WifiService: acquireWifiLock uid=10014 lockMode=2
07-01 19:03:23.651  1970  1970 I GeofencerStateMachine: sendNewTransitions called.
07-01 19:03:23.666  1604  1854 I WifiService: releaseWifiLock uid=10014
07-01 19:03:26.573  1604  7927 D WificondControl: Scan result ready event
07-01 19:03:30.853  1604  1621 I WifiService: requestActivityInfo uid=1000
07-01 19:03:30.853  1604  1621 I WifiService: reportActivityInfo uid=1000
07-01 19:03:30.853  1604  1621 I WifiService: getSupportedFeatures uid=1000
07-01 19:03:41.073 20345 20362 I Finsky  : [779] imb.run(3): Stats for Executor: BlockingExecutor ink@ee2e429[Running, pool size = 0, active threads = 0, queued tasks = 0, completed tasks = 13]
07-01 19:03:41.073 20345 20362 I Finsky  : [779] imb.run(3): Stats for Executor: LightweightExecutor ink@8d5d3ae[Running, pool size = 2, active threads = 0, queued tasks = 0, completed tasks = 63]
07-01 19:03:42.533 20345 20362 I Finsky  : [779] imb.run(3): Stats for Executor: bgExecutor ink@1e554f[Running, pool size = 4, active threads = 0, queued tasks = 0, completed tasks = 77]
07-01 19:03:44.625  1604  2230 I WifiService: acquireWifiLock uid=10014 lockMode=2
07-01 19:03:44.678  1604  2230 I WifiService: releaseWifiLock uid=10014
07-01 19:03:48.891  1410  1410 I boot-pipe: done populating /dev/random
07-01 19:04:00.008  1604  1617 E memtrack: Couldn't load memtrack module
07-01 19:04:00.009  1604  1617 W android.os.Debug: failed to get memory consumption info: -1
07-01 19:04:00.024  1403  1418 D hwcomposer: hw_composer sent 6 syncs in 60s
07-01 19:04:00.119  1604  1617 E memtrack: Couldn't load memtrack module
07-01 19:04:00.119  1604  1617 W android.os.Debug: failed to get memory consumption info: -1
07-01 19:04:03.176  1604  1621 I WifiService: requestActivityInfo uid=1000
07-01 19:04:03.176  1604  1621 I WifiService: reportActivityInfo uid=1000
07-01 19:04:03.176  1604  1621 I WifiService: getSupportedFeatures uid=1000
07-01 19:04:03.190  1604  3139 I WifiService: getConnectionInfo uid=10014
07-01 19:04:03.206  2180  2180 I GCM     : Message from 745476177629
07-01 19:04:04.633  1604  7927 I WifiService: acquireWifiLock uid=10014 lockMode=2
07-01 19:04:04.861 24629 24629 W ymr     : Already started: ymr@dd324b9
07-01 19:04:04.915 24629 24629 I zygote  : Deoptimizing aela aela.a(java.lang.Iterable) due to JIT inline cache
07-01 19:04:05.059 24629 24634 I zygote  : Do full code cache collection, code=505KB, data=309KB
07-01 19:04:05.067 24629 24634 I zygote  : After code cache collection, code=452KB, data=248KB
07-01 19:04:05.424 24629 25345 W zbe     : Attempted to read unclipped body before it was fetched for messageId: msg-f:1637876758305572974
07-01 19:04:05.519 24629 25345 W zbe     : Attempted to read unclipped body before it was fetched for messageId: msg-f:1637886550139484102
07-01 19:04:05.623 24629 25345 W zbe     : Attempted to read unclipped body before it was fetched for messageId: msg-f:1637894689224522310
07-01 19:04:05.797 24629 25345 W zbe     : Attempted to read unclipped body before it was fetched for messageId: msg-f:1637896574639417889
07-01 19:04:05.925 24629 25345 W zbe     : Attempted to read unclipped body before it was fetched for messageId: msg-f:1637897949461157963
07-01 19:04:06.083 24629 25345 W zbe     : Attempted to read unclipped body before it was fetched for messageId: msg-f:1637898642889854905
07-01 19:04:06.228  1604  1604 I zygote  : IncrementDisableThreadFlip blocked for 6.639ms
07-01 19:04:06.425  2061  2074 I zygote  : NativeAlloc concurrent copying GC freed 2767(174KB) AllocSpace objects, 0(0B) LOS objects, 49% free, 4MB/8MB, paused 13.243ms total 109.858ms
07-01 19:04:06.653  1707  1707 W StaticLayout: maxLineHeight should not be -1.  maxLines:1 lineCount:1
07-01 19:04:06.654  1707  1707 W StaticLayout: maxLineHeight should not be -1.  maxLines:1 lineCount:1
07-01 19:04:06.697  2061  2074 I zygote  : NativeAlloc concurrent copying GC freed 1835(124KB) AllocSpace objects, 0(0B) LOS objects, 49% free, 4MB/8MB, paused 910us total 146.795ms
07-01 19:04:06.809  1707  1707 W StaticLayout: maxLineHeight should not be -1.  maxLines:1 lineCount:1
07-01 19:04:06.809  1707  1707 I chatty  : uid=10029(com.android.systemui) identical 1 line
07-01 19:04:06.810  1707  1707 W StaticLayout: maxLineHeight should not be -1.  maxLines:1 lineCount:1
07-01 19:04:06.811  1707  1707 W StaticLayout: maxLineHeight should not be -1.  maxLines:7 lineCount:7
07-01 19:04:06.811  1707  1707 W StaticLayout: maxLineHeight should not be -1.  maxLines:7 lineCount:7
07-01 19:04:06.868  1707  1729 I zygote  : NativeAlloc concurrent copying GC freed 64551(2MB) AllocSpace objects, 0(0B) LOS objects, 40% free, 8MB/14MB, paused 4.108ms total 507.562ms
07-01 19:04:06.920  1707  1707 W StaticLayout: maxLineHeight should not be -1.  maxLines:7 lineCount:7
