--------- beginning of main
06-28 14:40:36.418 29111 29146 I PlayCommon: [1138] adnc.d(23): Preparing logs for uploading
06-28 14:40:36.420 29111 29146 I PlayCommon: [1138] adnc.d(216): Connecting to server for timestamp: https://play.googleapis.com/play/log/timestamp
06-28 14:40:36.713  1603 12888 D WificondControl: Scan result ready event
06-28 14:40:36.778  1603  2119 I WifiService: releaseWifiLock uid=10014
--------- beginning of system
06-28 14:40:43.714  1603  2119 I ActivityManager: START u0 {act=android.intent.action.MAIN cat=[android.intent.category.HOME] flg=0x10000000 cmp=com.google.android.apps.nexuslauncher/.NexusLauncherActivity} from uid 2000
06-28 14:40:43.750  1401  6331 D gralloc_ranchu: gralloc_alloc: Creating ashmem region of size 8298496
06-28 14:40:43.802  1401  6331 D gralloc_ranchu: gralloc_alloc: Creating ashmem region of size 8298496
06-28 14:40:43.804  1603  1840 I GnssLocationProvider: WakeLock acquired by sendMessage(SET_REQUEST, 0, com.android.server.location.GnssLocationProvider$GpsRequest@61b7d73)
06-28 14:40:43.805  1603  1616 I GnssLocationProvider: WakeLock released by handleMessage(SET_REQUEST, 0, com.android.server.location.GnssLocationProvider$GpsRequest@61b7d73)
06-28 14:40:43.847  1401  1401 D gralloc_ranchu: gralloc_alloc: Creating ashmem region of size 8298496
06-28 14:40:43.889 29061 29061 D net.osmand: Disable sensor
06-28 14:40:43.918  1412  1412 D SurfaceFlinger: duplicate layer name: changing com.google.android.apps.nexuslauncher/com.google.android.apps.nexuslauncher.NexusLauncherActivity to com.google.android.apps.nexuslauncher/com.google.android.apps.nexuslauncher.NexusLauncherActivity#1
06-28 14:40:43.934 29061 29061 I net.osmand: MapRenderRepositories RENDER MAP: Interrupt rendering map
06-28 14:40:43.981  1401  1401 D gralloc_ranchu: gralloc_alloc: Creating ashmem region of size 8298496
06-28 14:40:44.024  1401  6331 D gralloc_ranchu: gralloc_alloc: Creating ashmem region of size 8298496
06-28 14:40:44.071 29061 29102 D EGL_emulation: eglMakeCurrent: 0xa6785600: ver 2 0 (tinfo 0xa6783370)
06-28 14:40:44.071  1524  1605 D EGL_emulation: eglMakeCurrent: 0xa3c2f0c0: ver 2 0 (tinfo 0xa6589e20)
06-28 14:40:44.073  1401  1401 D gralloc_ranchu: gralloc_alloc: Creating ashmem region of size 8298496
06-28 14:40:44.176  1524  1524 W ThreadPoolDumper: Queue length for executor EventBus is now 11. Perhaps some tasks are too long, or the pool is too small.
06-28 14:40:44.193  2548  2598 D EGL_emulation: eglMakeCurrent: 0xa6785780: ver 2 0 (tinfo 0xa6783370)
06-28 14:40:44.303  1401  1401 D gralloc_ranchu: gralloc_alloc: Creating ashmem region of size 8298496
06-28 14:40:44.340  1708  1926 D EGL_emulation: eglMakeCurrent: 0x9268e860: ver 2 0 (tinfo 0x92690770)
06-28 14:40:44.370  1412  1412 E EGL_emulation: tid 1412: eglCreateSyncKHR(1962): error 0x3004 (EGL_BAD_ATTRIBUTE)
06-28 14:40:44.403 19546 19546 I GeofencerStateMachine: sendNewLocationAvailability: availability=LocationAvailability[isLocationAvailable: true]
06-28 14:40:44.446  1524  1631 W SessionLifecycleManager: Handover failed. Creating new session controller.
06-28 14:40:44.512  2548  2558 I zygote  : NativeAlloc concurrent copying GC freed 10022(527KB) AllocSpace objects, 0(0B) LOS objects, 49% free, 4MB/9MB, paused 1.533ms total 557.031ms
06-28 14:40:44.694  2548  2598 W OpenGLRenderer: Incorrectly called buildLayer on View: ShortcutAndWidgetContainer, destroying layer...
06-28 14:40:44.694  2548  2598 W OpenGLRenderer: Incorrectly called buildLayer on View: ShortcutAndWidgetContainer, destroying layer...
06-28 14:40:44.732 19546  5897 W Conscrypt: Could not set socket write timeout: java.net.SocketException: Socket closed
06-28 14:40:44.732 19546  5897 W Conscrypt: 	at com.google.android.gms.org.conscrypt.Platform.setSocketWriteTimeout(:com.google.android.gms@17785022@17.7.85 (040700-253824076):2)
06-28 14:40:44.733 19546  5897 W Conscrypt: 	at com.google.android.gms.org.conscrypt.ConscryptFileDescriptorSocket.setSoWriteTimeout(:com.google.android.gms@17785022@17.7.85 (040700-253824076):2)
06-28 14:40:44.810  1708  1926 D EGL_emulation: eglMakeCurrent: 0x9268e860: ver 2 0 (tinfo 0x92690770)
06-28 14:40:44.907 29061  5929 E FA      : Task exception on worker thread: java.lang.IllegalAccessError: Method 'void android.support.v4.content.ContextCompat.<init>()' is inaccessible to class 'com.google.firebase.iid.zzg' (declaration of 'com.google.firebase.iid.zzg' appears in /data/app/net.osmand-3e2027wrPNiMXbTSfYMHIA==/base.apk): com.google.android.gms.measurement.internal.zzt.zzEd(Unknown Source:3)
06-28 14:40:45.064  2548  2558 I zygote  : NativeAlloc concurrent copying GC freed 4391(284KB) AllocSpace objects, 2(104KB) LOS objects, 49% free, 4MB/8MB, paused 96.062ms total 481.065ms
06-28 14:40:45.213  1603  1840 I WifiService: getWifiEnabledState uid=10032
06-28 14:40:45.256  1524  3990 W LocationOracle: No location history returned by ContextManager
06-28 14:40:45.270  1603  6334 I WifiService: getWifiEnabledState uid=10032
06-28 14:40:45.380  1524  1631 I MicroDetectionWorker: #startMicroDetector [speakerMode: 0]
06-28 14:40:45.392  1524  1631 W ErrorReporter: reportError [type: 211, code: 393244, bug: 0]: errorCode: 393244, engine: 0
06-28 14:40:45.399  1524  1631 I MicroDetector: Keeping mic open: false
06-28 14:40:45.399  1524  1631 I MicroDetectionWorker: #onError(false)
06-28 14:40:45.449  1708  1728 I zygote  : NativeAlloc concurrent copying GC freed 78857(3MB) AllocSpace objects, 0(0B) LOS objects, 37% free, 9MB/15MB, paused 51.259ms total 970.497ms
06-28 14:40:45.535 19546 19546 I GeofencerStateMachine: removeGeofences: removeRequest=RemoveGeofencingRequest[REMOVE_BY_PENDING_INTENT pendingIntent=PendingIntent[creatorPackage=com.google.android.gms], packageName=com.google.android.gms]
06-28 14:40:45.544 19546 19546 I chatty  : uid=10014 com.google.android.gms.persistent identical 1 line
06-28 14:40:45.558 19546 19546 I GeofencerStateMachine: removeGeofences: removeRequest=RemoveGeofencingRequest[REMOVE_BY_PENDING_INTENT pendingIntent=PendingIntent[creatorPackage=com.google.android.gms], packageName=com.google.android.gms]
06-28 14:40:45.633 19546  5941 W ctxmgr  : [AclManager] No 3 for (accnt=account#1066226748#, com.google.android.gms(10014):UserVelocityProducer, vrsn=17785022, 0, 3pPkg = null ,  3pMdlId = null ,  pid = 19546). Was: 2 for 1, account#1066226748# [CONTEXT service_id=47 ]
06-28 14:40:45.642  1603  1612 I zygote  : NativeAlloc concurrent copying GC freed 80475(5MB) AllocSpace objects, 5(100KB) LOS objects, 18% free, 26MB/32MB, paused 9.347ms total 718.137ms
06-28 14:40:45.825 19546  5943 I PlaceInferenceEngine: [anon] Changed inference mode: 0
06-28 14:40:45.829  1524  1653 E PlaceStateUpdater: Received no places
06-28 14:40:45.845 19546  5943 I PlaceInferenceEngine: [account#1066226748] Changed inference mode: 0
06-28 14:40:45.888 19546 19546 I GeofencerStateMachine: removeGeofences: removeRequest=RemoveGeofencingRequest[REMOVE_BY_PENDING_INTENT pendingIntent=PendingIntent[creatorPackage=com.google.android.gms], packageName=com.google.android.gms]
06-28 14:40:45.901 19546 19546 I GeofencerStateMachine: removeGeofences: removeRequest=RemoveGeofencingRequest[REMOVE_BY_PENDING_INTENT pendingIntent=PendingIntent[creatorPackage=com.google.android.gms], packageName=com.google.android.gms]
06-28 14:40:46.155 19546  5941 I ctxmgr  : [ProducerStatusImpl] updateStateForNewContextData: inactive, contextName=7 [CONTEXT service_id=47 ]
06-28 14:40:46.158 19546  5943 I Places  : Converted 1 out of 1 WiFi scans
06-28 14:40:46.158  1603  1840 I WifiService: getConnectionInfo uid=10014
06-28 14:40:46.252  1524  3990 E PlaceStateUpdater: Received no places
06-28 14:40:46.369  1603  1612 I zygote  : NativeAlloc concurrent copying GC freed 3307(237KB) AllocSpace objects, 0(0B) LOS objects, 18% free, 26MB/32MB, paused 1.230ms total 660.470ms
06-28 14:40:46.396  1603  3971 I WifiService: getConnectionInfo uid=10014
06-28 14:40:46.402 19546  2159 E WakeLock: GCM_HB_ALARM release without a matched acquire!
06-28 14:40:46.410 19546 19556 I zygote  : Background concurrent copying GC freed 104862(4MB) AllocSpace objects, 0(0B) LOS objects, 31% free, 12MB/18MB, paused 1.006ms total 309.505ms
06-28 14:40:46.587 19546  5943 I Places  : ?: PlacesBleScanner start() with priority 2
06-28 14:40:46.588 19546  5943 I PlaceInferenceEngine: [anon] Changed inference mode: 1
06-28 14:40:46.588 19546  5943 I PlaceInferenceEngine: [account#1066226748] Changed inference mode: 1
06-28 14:40:46.605 19546  5943 I Places  : Converted 1 out of 1 WiFi scans
06-28 14:40:46.606  1603  2119 I WifiService: getConnectionInfo uid=10014
06-28 14:40:46.643 19546  5943 I PlaceInferenceEngine: [account#1066226748] Changed inference mode: 1
06-28 14:40:46.643 19546  5943 I PlaceInferenceEngine: [anon] Changed inference mode: 1
06-28 14:40:46.683 19546 19546 E BeaconBle: Missing BluetoothAdapter
06-28 14:40:46.683 19546 19546 I BeaconBle: BLE 'KK+' software access layer enabled
06-28 14:40:46.719 19546 19546 I BeaconBle: Client requested scan, settings=BleSettings [scanMode=ZERO_POWER, callbackType=ALL_MATCHES, reportDelayMillis=0, 1 filters, 0 clients, callingClientName=Places]
06-28 14:40:46.720 19546 19546 I BeaconBle: Scan : No clients left, canceling alarm.
06-28 14:40:46.721 19546 19546 E BeaconBle: Scan couldn't start for Places
06-28 14:40:46.722 19546 19546 W Places  : BLE failure while scanning - code 5
06-28 14:40:46.766 19546 19557 I GeofencerStateMachine: addGeofences called by com.google.android.apps.maps
06-28 14:40:46.831  1603  6334 I GnssLocationProvider: WakeLock acquired by sendMessage(SET_REQUEST, 0, com.android.server.location.GnssLocationProvider$GpsRequest@21a7167)
06-28 14:40:46.832  1603  1616 I GnssLocationProvider: WakeLock released by handleMessage(SET_REQUEST, 0, com.android.server.location.GnssLocationProvider$GpsRequest@21a7167)
06-28 14:40:46.858  1603  6820 I WifiService: getWifiEnabledState uid=10062
06-28 14:40:46.903  1603  6820 I GnssLocationProvider: WakeLock acquired by sendMessage(SET_REQUEST, 0, com.android.server.location.GnssLocationProvider$GpsRequest@a1a8fbd)
06-28 14:40:46.904  1603  1616 I GnssLocationProvider: WakeLock released by handleMessage(SET_REQUEST, 0, com.android.server.location.GnssLocationProvider$GpsRequest@a1a8fbd)
06-28 14:40:47.234 19546 19605 W ResourceType: ResTable_typeSpec entry count inconsistent: given 15, previously 22
06-28 14:40:47.363  1603  6820 I ActivityManager: Force stopping com.skgames.trafficrider appid=10081 user=0: from pid 5953
06-28 14:40:47.392  1844  1844 D CarrierSvcBindHelper: No carrier app for: 0
06-28 14:40:47.459 19546  5938 I PlaceInferenceEngine: No beacon scan available - ignoring candidates.
06-28 14:40:47.581  1603  2119 I WifiService: getConnectionInfo uid=10014
06-28 14:40:47.866 19546 19556 I zygote  : Background concurrent copying GC freed 107505(5MB) AllocSpace objects, 29(1784KB) LOS objects, 31% free, 13MB/19MB, paused 1.740ms total 415.203ms
06-28 14:40:47.925 19546  5938 I PlaceInferenceEngine: No beacon scan available - ignoring candidates.
06-28 14:40:47.986  1603  6820 I ActivityManager: Force stopping com.EvilChaotic.ModernWarplanes appid=10082 user=0: from pid 5957
06-28 14:40:48.064  1844  1844 D CarrierSvcBindHelper: No carrier app for: 0
06-28 14:40:48.715  1603  2119 I ActivityManager: Force stopping com.ea.games.r3_row appid=10083 user=0: from pid 5967
06-28 14:40:49.036  1603  6820 W ActivityManager: Invalid packageName: android.media.action.IMAGE_CAPTURE
06-28 14:40:48.745  1844  1844 D CarrierSvcBindHelper: No carrier app for: 0
06-28 14:40:49.171 19546 19546 I GeofencerStateMachine: sendNewTransitions called.
06-28 14:40:50.393 19546 20259 V NativeCrypto: SSL handshake terminated: ssl=0x8dda0698: I/O error during system call, No such file or directory
06-28 14:40:50.405  1844  1844 D ServiceStateProvider: subId=1
06-28 14:40:50.426  1524  1631 I MicroDetectionWorker: #startMicroDetector [speakerMode: 0]
06-28 14:40:50.447  1524  1631 W ErrorReporter: reportError [type: 211, code: 393244, bug: 0]: errorCode: 393244, engine: 0
06-28 14:40:50.449  1524  1631 I MicroDetector: Keeping mic open: false
06-28 14:40:50.449  1524  1631 I MicroDetectionWorker: #onError(false)
06-28 14:40:50.530 19546 20259 W Conscrypt: Could not set socket write timeout: java.net.SocketException: Socket closed
06-28 14:40:50.530 19546 20259 W Conscrypt: 	at com.google.android.gms.org.conscrypt.Platform.setSocketWriteTimeout(:com.google.android.gms@17785022@17.7.85 (040700-253824076):2)
06-28 14:40:50.530 19546 20259 W Conscrypt: 	at com.google.android.gms.org.conscrypt.ConscryptFileDescriptorSocket.setSoWriteTimeout(:com.google.android.gms@17785022@17.7.85 (040700-253824076):2)
06-28 14:40:50.556  1844  1844 D TelephonyProvider: subIdString = 1 subId = 1
06-28 14:40:50.563  1603  1681 I WifiService: getConnectionInfo uid=1000
06-28 14:40:50.598  1844  1844 D TelephonyProvider: subIdString = 1 subId = 1
06-28 14:40:50.603 19546  5897 W Conscrypt: Could not set socket write timeout: java.net.SocketException: Socket closed
06-28 14:40:50.604 19546  5897 W Conscrypt: 	at com.google.android.gms.org.conscrypt.Platform.setSocketWriteTimeout(:com.google.android.gms@17785022@17.7.85 (040700-253824076):2)
06-28 14:40:50.604 19546  5897 W Conscrypt: 	at com.google.android.gms.org.conscrypt.ConscryptFileDescriptorSocket.setSoWriteTimeout(:com.google.android.gms@17785022@17.7.85 (040700-253824076):2)
06-28 14:40:50.616 19546 20259 W Conscrypt: Could not set socket write timeout: java.net.SocketException: Socket closed
06-28 14:40:50.616 19546 20259 W Conscrypt: 	at com.google.android.gms.org.conscrypt.Platform.setSocketWriteTimeout(:com.google.android.gms@17785022@17.7.85 (040700-253824076):2)
06-28 14:40:50.616 19546 20259 W Conscrypt: 	at com.google.android.gms.org.conscrypt.ConscryptFileDescriptorSocket.setSoWriteTimeout(:com.google.android.gms@17785022@17.7.85 (040700-253824076):2)
06-28 14:40:50.628 19546  5938 V NativeCrypto: Read error: ssl=0x8dda3338: Failure in SSL library, usually a protocol error
06-28 14:40:50.628 19546  5938 V NativeCrypto: error:100000d7:SSL routines:OPENSSL_internal:SSL_HANDSHAKE_FAILURE (third_party/openssl/boringssl/src/ssl/ssl_lib.cc:1024 0x90c679ff:0x00000000)
06-28 14:40:50.629  1603  1674 D RecurrenceRule: Resolving using anchor 2019-06-28T18:40:50.628Z[GMT]
06-28 14:40:50.631  1603  1674 D RecurrenceRule: Resolving using anchor 2019-06-28T18:40:50.631Z[GMT]
06-28 14:40:50.645  1603  1674 D RecurrenceRule: Cycle 17 from 2019-06-09T00:00Z[GMT] to 2019-07-09T00:00Z[GMT]
06-28 14:40:50.645  1603  1674 D NetworkStats: Resolving plan for NetworkTemplate: matchRule=MOBILE_ALL, subscriberId=310260..., matchSubscriberIds=[310260...]
06-28 14:40:50.653  1844  1844 D TelephonyProvider: subIdString = 1 subId = 1
06-28 14:40:50.656  1603  1674 D NetworkStats: Found active matching subId 1
06-28 14:40:50.675  1603  1674 D NetworkStats: Resolved to plan null
06-28 14:40:50.688  1844  1844 I chatty  : uid=1001(radio) com.android.phone identical 1 line
06-28 14:40:50.710  1844  1844 D TelephonyProvider: subIdString = 1 subId = 1
06-28 14:40:50.716  1603  6334 I WifiService: getConnectionInfo uid=10014
06-28 14:40:50.727  1603  6334 I WifiService: getDhcpInfo uid=10014
06-28 14:40:50.743  1844  1844 D TelephonyProvider: subIdString = 1 subId = 1
06-28 14:40:50.743 19546  5897 W Conscrypt: Could not set socket write timeout: java.net.SocketException: Socket closed
06-28 14:40:50.743 19546  5897 W Conscrypt: 	at com.google.android.gms.org.conscrypt.Platform.setSocketWriteTimeout(:com.google.android.gms@17785022@17.7.85 (040700-253824076):2)
06-28 14:40:50.744 19546  5897 W Conscrypt: 	at com.google.android.gms.org.conscrypt.ConscryptFileDescriptorSocket.setSoWriteTimeout(:com.google.android.gms@17785022@17.7.85 (040700-253824076):2)
06-28 14:40:50.793  1844  1844 D TelephonyProvider: subIdString = 1 subId = 1
06-28 14:40:50.856  1844  1844 I chatty  : uid=1001(radio) com.android.phone identical 1 line
06-28 14:40:50.877  1844  1844 D TelephonyProvider: subIdString = 1 subId = 1
06-28 14:40:50.982 19546  5897 W Conscrypt: Could not set socket write timeout: java.net.SocketException: Socket closed
06-28 14:40:50.982 19546  5897 W Conscrypt: 	at com.google.android.gms.org.conscrypt.Platform.setSocketWriteTimeout(:com.google.android.gms@17785022@17.7.85 (040700-253824076):2)
06-28 14:40:50.983 19546  5897 W Conscrypt: 	at com.google.android.gms.org.conscrypt.ConscryptFileDescriptorSocket.setSoWriteTimeout(:com.google.android.gms@17785022@17.7.85 (040700-253824076):2)
06-28 14:40:51.002  1844  1855 I zygote  : Background concurrent copying GC freed 26734(2MB) AllocSpace objects, 0(0B) LOS objects, 49% free, 2MB/4MB, paused 11.588ms total 120.400ms
06-28 14:40:51.050 29111  5898 D HeterodyneSyncer: Heterodyne Request: # agll@2eb03e23
06-28 14:40:51.179 29111  5898 D ApacheHttpTransport: Contacting Heterodyne at https://www.googleapis.com/experimentsandconfigs/v1/getExperimentsAndConfigs?r=1&c=128
06-28 14:40:51.199 19546 20259 I GeofencerStateMachine: addGeofences called by com.google.android.apps.maps
06-28 14:40:51.269  1603  2119 I GnssLocationProvider: WakeLock acquired by sendMessage(SET_REQUEST, 0, com.android.server.location.GnssLocationProvider$GpsRequest@d6fccba)
06-28 14:40:51.270  1603  1616 I GnssLocationProvider: WakeLock released by handleMessage(SET_REQUEST, 0, com.android.server.location.GnssLocationProvider$GpsRequest@d6fccba)
06-28 14:40:51.286  1603  1840 I GnssLocationProvider: WakeLock acquired by sendMessage(SET_REQUEST, 0, com.android.server.location.GnssLocationProvider$GpsRequest@992f2c8)
06-28 14:40:51.287  1603  1616 I GnssLocationProvider: WakeLock released by handleMessage(SET_REQUEST, 0, com.android.server.location.GnssLocationProvider$GpsRequest@992f2c8)
06-28 14:40:51.400  1603  2119 I WifiService: getWifiEnabledState uid=10062
06-28 14:40:51.512 19546 19603 W ResourceType: ResTable_typeSpec entry count inconsistent: given 15, previously 22
06-28 14:40:51.558  1409  1409 I boot-pipe: done populating /dev/random
06-28 14:40:51.658 19546 19705 I Auth    : [BroadcastManager] Broadcasting account services changed.
06-28 14:40:51.695 19569  5960 I Auth    : [SupervisedAccountIntentOperation] onHandleIntent(): com.google.android.gms.auth.ACCOUNT_SERVICES_CHANGED
06-28 14:40:51.750 29111  5898 I RequestAddCookies: Cookie store not available in HTTP context
06-28 14:40:51.802 19569  5960 I Auth    : [SupervisedAccountIntentOperation] This operation is disabled
06-28 14:40:51.822 29111 29146 I PlayCommon: [1138] adnc.d(125): Connecting to server: https://play.googleapis.com/play/log?format=raw&proto_v2=true
06-28 14:40:52.082 29111  5898 I ResponseProcessCookies: Cookie store not available in HTTP context
06-28 14:40:52.238 29111 29146 I PlayCommon: [1138] adnc.d(173): Successfully uploaded logs.
06-28 14:40:52.336 29111  5898 D HeterodyneSyncer: Heterodyne Response: # agls@20d86ba3
06-28 14:40:52.336 29111  5898 D HeterodyneSyncer: 5: 1561474442
06-28 14:40:52.338 29111  5898 D HeterodyneSyncer: update last fetch to 1561746300
06-28 14:40:52.340 29111  5898 D HeterodyneSyncer: Update request tag - changed
06-28 14:40:52.367 29111  5898 D HeterodyneSyncer: update application tag, changed: com.google.android.finsky.regular, 81531400, , 2
06-28 14:40:52.373 29111  5898 D HeterodyneSyncer: Clearing partition: 2
06-28 14:40:52.404 29111  5898 D HeterodyneSyncer: updateFlag: com.google.android.finsky.regular, 81531400, 2, , AccountInstallState__enable_account_install_state
06-28 14:40:52.405 29111  5898 D HeterodyneSyncer: updateFlag: com.google.android.finsky.regular, 81531400, 2, , AccountsCache__cache_all_accounts
06-28 14:40:52.405 29111  5898 D HeterodyneSyncer: updateFlag: com.google.android.finsky.regular, 81531400, 2, , AccountsChanged__accounts_changed_hygiene_throttling_enabled
06-28 14:40:52.406 29111  5898 D HeterodyneSyncer: updateFlag: com.google.android.finsky.regular, 81531400, 2, , AccountsChanged__enable_google_account_change_broadcast
06-28 14:40:52.407 29111  5898 D HeterodyneSyncer: updateFlag: com.google.android.finsky.regular, 81531400, 2, , AccountsChanged__min_accounts_changed_hygiene_window_millis
06-28 14:40:52.408 29111  5898 D HeterodyneSyncer: updateFlag: com.google.android.finsky.regular, 81531400, 2, , AlleyOopD30__enable_alleyoop_d30
06-28 14:40:52.408 29111  5898 D HeterodyneSyncer: updateFlag: com.google.android.finsky.regular, 81531400, 2, , AlleyOopDeprecateV1__approve_whitelist
06-28 14:40:52.409 29111  5898 D HeterodyneSyncer: updateFlag: com.google.android.finsky.regular, 81531400, 2, , AlleyOopDeprecateV1__enable
06-28 14:40:52.410 29111  5898 D HeterodyneSyncer: updateFlag: com.google.android.finsky.regular, 81531400, 2, , AlleyOopDeprecateV1__redirect_whitelist
06-28 14:40:52.412 29111  5898 D HeterodyneSyncer: updateFlag: com.google.android.finsky.regular, 81531400, 2, , AlleyOopRedirectPaidAppToDetails__allow_paid_apps_calling_package_whitelist
06-28 14:40:52.413 29111  5898 D HeterodyneSyncer: updateFlag: com.google.android.finsky.regular, 81531400, 2, , AlleyOopRedirectPaidAppToDetails__enable_redirecting_paid_app_to_details
06-28 14:40:52.414 29111  5898 D HeterodyneSyncer: updateFlag: com.google.android.finsky.regular, 81531400, 2, , AlleyOopV3Holdback__redirect_to_details
06-28 14:40:52.415 29111  5898 D HeterodyneSyncer: updateFlag: com.google.android.finsky.regular, 81531400, 2, , AppDetailsInAppProducts__enable_in_app_products_cards_collapsed
06-28 14:40:52.416 29111  5898 D HeterodyneSyncer: updateFlag: com.google.android.finsky.regular, 81531400, 2, , AppDetailsInAppProducts__enable_in_app_products_cards_expanded
06-28 14:40:52.416 29111  5898 D HeterodyneSyncer: updateFlag: com.google.android.finsky.regular, 81531400, 2, , AppHeroCard__respect_instant_app_launch_key
06-28 14:40:52.417 29111  5898 D HeterodyneSyncer: updateFlag: com.google.android.finsky.regular, 81531400, 2, , AppRestrictions__app_restrictions_update_message_whitelisted_packages
06-28 14:40:52.418 29111  5898 D HeterodyneSyncer: updateFlag: com.google.android.finsky.regular, 81531400, 2, , AppRestrictions__disable_setting_app_restrictions_via_dpm
06-28 14:40:52.418 29111  5898 D HeterodyneSyncer: updateFlag: com.google.android.finsky.regular, 81531400, 2, , AppsModularMdp__enable_primary_style_cta_button
06-28 14:40:52.419 29111  5898 D HeterodyneSyncer: updateFlag: com.google.android.finsky.regular, 81531400, 2, , AssetModules__asset_module_download_importance_threshold
06-28 14:40:52.420 29111  5898 D HeterodyneSyncer: updateFlag: com.google.android.finsky.regular, 81531400, 2, , AssetModules__asset_module_garbage_collection_timeout_ms
06-28 14:40:52.422 29111  5898 D HeterodyneSyncer: updateFlag: com.google.android.finsky.regular, 81531400, 2, , AssetModules__asset_module_package_controller
06-28 14:40:52.423 29111  5898 D HeterodyneSyncer: updateFlag: com.google.android.finsky.regular, 81531400, 2, , AssetModules__asset_module_rate_limit_ms
06-28 14:40:52.424 29111  5898 D HeterodyneSyncer: updateFlag: com.google.android.finsky.regular, 81531400, 2, , AssetModules__asset_module_service_enabled
06-28 14:40:52.425 29111  5898 D HeterodyneSyncer: updateFlag: com.google.android.finsky.regular, 81531400, 2, , AssistCardsDismissal__persist_assist_cards_dismiss
06-28 14:40:52.426 29111  5898 D HeterodyneSyncer: updateFlag: com.google.android.finsky.regular, 81531400, 2, , AutoUpdateCodegen__gmscore_canary_idle_relaxation_threshold_ms
06-28 14:40:52.427 29111  5898 D HeterodyneSyncer: updateFlag: com.google.android.finsky.regular, 81531400, 2, , AutoUpdateCodegen__gmscore_canary_wifi_charger_relaxation_threshold_ms
06-28 14:40:52.428 29111  5898 D HeterodyneSyncer: updateFlag: com.google.android.finsky.regular, 81531400, 2, , AutoUpdate__auto_update_v2_enable_kiosk
06-28 14:40:52.428 29111  5898 D HeterodyneSyncer: updateFlag: com.google.android.finsky.regular, 81531400, 2, , AutoUpdate__auto_update_v2_enable_rapid
06-28 14:40:52.429 29111  5898 D HeterodyneSyncer: updateFlag: com.google.android.finsky.regular, 81531400, 2, , AutoUpdate__battery_relaxation_threshold_ms
06-28 14:40:52.430 29111  5898 D HeterodyneSyncer: updateFlag: com.google.android.finsky.regular, 81531400, 2, , AutoUpdate__enable_atomic_install_organic_reboot
06-28 14:40:52.431 29111  5898 D HeterodyneSyncer: updateFlag: com.google.android.finsky.regular, 81531400, 2, , AutoUpdate__enable_auto_update_settings_dialog_v2
06-28 14:40:52.431 29111  5898 D HeterodyneSyncer: updateFlag: com.google.android.finsky.regular, 81531400, 2, , AutoUpdate__enable_battery_relaxation
06-28 14:40:52.439 29111  5898 D HeterodyneSyncer: updateFlag: com.google.android.finsky.regular, 81531400, 2, , AutoUpdate__enable_gmscore_idle_relaxation_v2
06-28 14:40:52.440 29111  5898 D HeterodyneSyncer: updateFlag: com.google.android.finsky.regular, 81531400, 2, , AutoUpdate__enable_gmscore_wifi_charger_relaxation
06-28 14:40:52.441 29111  5898 D HeterodyneSyncer: updateFlag: com.google.android.finsky.regular, 81531400, 2, , AutoUpdate__enable_synchronized_gms_update
06-28 14:40:52.441 29111  5898 D HeterodyneSyncer: updateFlag: com.google.android.finsky.regular, 81531400, 2, , AutoUpdate__enable_used_stale_apps_reporting
06-28 14:40:52.452 29111  5898 D HeterodyneSyncer: updateFlag: com.google.android.finsky.regular, 81531400, 2, , AutoUpdate__skip_gmscore_canary_check
06-28 14:40:52.453 29111  5898 D HeterodyneSyncer: updateFlag: com.google.android.finsky.regular, 81531400, 2, , AutoUpdate__update_aia_supervisor_on_wifi
06-28 14:40:52.454 29111  5898 D HeterodyneSyncer: updateFlag: com.google.android.finsky.regular, 81531400, 2, , AvoidBulkCancelNetworkRequests__avoid_bulk_cancel_deep_links_and_details_requests
06-28 14:40:52.455 29111  5898 D HeterodyneSyncer: updateFlag: com.google.android.finsky.regular, 81531400, 2, , AvoidBulkCancelNetworkRequests__avoid_bulk_cancel_dfe_requests
06-28 14:40:52.455 29111  5898 D HeterodyneSyncer: updateFlag: com.google.android.finsky.regular, 81531400, 2, , AvoidBulkCancelNetworkRequests__avoid_bulk_cancel_image_requests
06-28 14:40:52.456 29111  5898 D HeterodyneSyncer: updateFlag: com.google.android.finsky.regular, 81531400, 2, , BooksBundles__enable_books_cross_sell_bundles_module
06-28 14:40:52.458 29111  5898 D HeterodyneSyncer: updateFlag: com.google.android.finsky.regular, 81531400, 2, , BooksBundles__enable_series_bundles
06-28 14:40:52.459 29111  5898 D HeterodyneSyncer: updateFlag: com.google.android.finsky.regular, 81531400, 2, , BuyWithOfferIdCleanup__enable_navigation_manager_buy_with_offer_id
06-28 14:40:52.460 29111  5898 D HeterodyneSyncer: updateFlag: com.google.android.finsky.regular, 81531400, 2, , CacheEntryInvalidation__delete_fully_invalidated_cache_entries
06-28 14:40:52.461 29111  5898 D HeterodyneSyncer: updateFlag: com.google.android.finsky.regular, 81531400, 2, , CacheOptimizations__enable_cache_pruning
06-28 14:40:52.463 29111  5898 D HeterodyneSyncer: updateFlag: com.google.android.finsky.regular, 81531400, 2, , CacheOptimizations__min_minor_version_delta_for_cache_clearing
06-28 14:40:52.464 29111  5898 D HeterodyneSyncer: updateFlag: com.google.android.finsky.regular, 81531400, 2, , CacheOptimizations__reinitialize_cache_on_external_clear
06-28 14:40:52.465 29111  5898 D HeterodyneSyncer: updateFlag: com.google.android.finsky.regular, 81531400, 2, , CacheOptimizations__stop_clearing_cache_on_self_update
06-28 14:40:52.465 29111  5898 D HeterodyneSyncer: updateFlag: com.google.android.finsky.regular, 81531400, 2, , ClearCacheOnProcessStart__clear_cache_for_stale_experiments_on_process_start
06-28 14:40:52.466 29111  5898 D HeterodyneSyncer: updateFlag: com.google.android.finsky.regular, 81531400, 2, , ClientStats__enable_counters_meta_logging
06-28 14:40:52.467 29111  5898 D HeterodyneSyncer: updateFlag: com.google.android.finsky.regular, 81531400, 2, , ClientStats__log_dfe_notifications_with_counters
06-28 14:40:52.468 29111  5898 D HeterodyneSyncer: updateFlag: com.google.android.finsky.regular, 81531400, 2, , ColdStartLogging__enable_cold_start_logging
06-28 14:40:52.469 29111  5898 D HeterodyneSyncer: updateFlag: com.google.android.finsky.regular, 81531400, 2, , ConsumePurchase__enable_consume_purchase
06-28 14:40:52.469 29111  5898 D HeterodyneSyncer: updateFlag: com.google.android.finsky.regular, 81531400, 2, , CrosLauncher__enable_cros_launcher_search_prototype
06-28 14:40:52.470 29111  5898 D HeterodyneSyncer: updateFlag: com.google.android.finsky.regular, 81531400, 2, , DYNALOG_DEVELOPMENT__enable_dynalog
06-28 14:40:52.476 29111  5898 D HeterodyneSyncer: updateFlag: com.google.android.finsky.regular, 81531400, 2, , DataSubscription__single_sim_override
06-28 14:40:52.477 29111  5898 D HeterodyneSyncer: updateFlag: com.google.android.finsky.regular, 81531400, 2, , DataSubscription__use_is_network_roaming
06-28 14:40:52.491 29111  5898 D HeterodyneSyncer: updateFlag: com.google.android.finsky.regular, 81531400, 2, , DataSubscription__use_subscription_info
06-28 14:40:52.492 29111  5898 D HeterodyneSyncer: updateFlag: com.google.android.finsky.regular, 81531400, 2, , DataSubscription__use_subscription_info_changed_listener
06-28 14:40:52.493 29111  5898 D HeterodyneSyncer: updateFlag: com.google.android.finsky.regular, 81531400, 2, , DataUsage__enable_installed_apps_data_usage_storage
06-28 14:40:52.495 29111  5898 D HeterodyneSyncer: updateFlag: com.google.android.finsky.regular, 81531400, 2, , DataUsage__enable_phonesky_data_usage_stats_logging
06-28 14:40:52.496 29111  5898 D HeterodyneSyncer: updateFlag: com.google.android.finsky.regular, 81531400, 2, , DataUsage__phonesky_data_usage_stats_max_history_millis
06-28 14:40:52.497 29111  5898 D HeterodyneSyncer: updateFlag: com.google.android.finsky.regular, 81531400, 2, , DataUsage__phonesky_data_usage_stats_min_interval_millis
06-28 14:40:52.498 29111  5898 D HeterodyneSyncer: updateFlag: com.google.android.finsky.regular, 81531400, 2, , Database__disable_wal
06-28 14:40:52.499 29111  5898 D HeterodyneSyncer: updateFlag: com.google.android.finsky.regular, 81531400, 2, , DeepLink__main_activity_ldl_logging
06-28 14:40:52.500 29111  5898 D HeterodyneSyncer: updateFlag: com.google.android.finsky.regular, 81531400, 2, , DeepLinksDiversion__divert_regular_market_deep_links_to_alley_oop
06-28 14:40:52.501 29111  5898 D HeterodyneSyncer: updateFlag: com.google.android.finsky.regular, 81531400, 2, , DelayAcquisitionStart__enable_purchase_delay_for_promotion_redemption
06-28 14:40:52.513 29111  5898 D HeterodyneSyncer: updateFlag: com.google.android.finsky.regular, 81531400, 2, , DependencyInjection__use_stream_component
06-28 14:40:52.514 29111  5898 D HeterodyneSyncer: updateFlag: com.google.android.finsky.regular, 81531400, 2, , DetailPageLogging__enable_detail_page_load_end_new_computation
06-28 14:40:52.515 29111  5898 D HeterodyneSyncer: updateFlag: com.google.android.finsky.regular, 81531400, 2, , DetailsPageP3Promotions__p3_promotion_on_details_page
06-28 14:40:52.516 29111  5898 D HeterodyneSyncer: updateFlag: com.google.android.finsky.regular, 81531400, 2, , DetailsPageP3Promotions__purchase_delay_for_promotion_redemption_ms
06-28 14:40:52.517 29111  5898 D HeterodyneSyncer: updateFlag: com.google.android.finsky.regular, 81531400, 2, , DevTriggeredUpdates__dev_triggered_updates_package_controller
06-28 14:40:52.518 29111  5898 D HeterodyneSyncer: updateFlag: com.google.android.finsky.regular, 81531400, 2, , DevTriggeredUpdates__disable_update_discovered_version_code_write_to_installerdatastore
06-28 14:40:52.519 29111  5898 D HeterodyneSyncer: updateFlag: com.google.android.finsky.regular, 81531400, 2, , DevTriggeredUpdates__enable_update_discovered_version_code_read_and_write_to_autoupate_store
06-28 14:40:52.520 29111  5898 D HeterodyneSyncer: updateFlag: com.google.android.finsky.regular, 81531400, 2, , DevTriggeredUpdates__enable_update_discovered_version_code_write_to_autoupate_store
06-28 14:40:52.521 29111  5898 D HeterodyneSyncer: updateFlag: com.google.android.finsky.regular, 81531400, 2, , DeviceAppInfo__log_device_app_info_in_session_data
06-28 14:40:52.530 29111  5898 D HeterodyneSyncer: updateFlag: com.google.android.finsky.regular, 81531400, 2, , DeviceConfig__enable_always_fetch_gle
06-28 14:40:52.533 29111  5898 D HeterodyneSyncer: updateFlag: com.google.android.finsky.regular, 81531400, 2, , DeviceConfig__enable_cancel_device_config_requests
06-28 14:40:52.536 29111  5898 D HeterodyneSyncer: updateFlag: com.google.android.finsky.regular, 81531400, 2, , DeviceConfig__enable_fetch_gle_if_crashed
06-28 14:40:52.540 29111  5898 D HeterodyneSyncer: updateFlag: com.google.android.finsky.regular, 81531400, 2, , DeviceConfig__enable_firebase_id
06-28 14:40:52.541 29111  5898 D HeterodyneSyncer: updateFlag: com.google.android.finsky.regular, 81531400, 2, , DeviceConfig__enable_firebase_service
06-28 14:40:52.553 29111  5898 D HeterodyneSyncer: updateFlag: com.google.android.finsky.regular, 81531400, 2, , DeviceConfig__enable_gl_extensions_logging
06-28 14:40:52.554 29111  5898 D HeterodyneSyncer: updateFlag: com.google.android.finsky.regular, 81531400, 2, , DeviceConfig__enable_managing_app_device_admin
06-28 14:40:52.555 29111  5898 D HeterodyneSyncer: updateFlag: com.google.android.finsky.regular, 81531400, 2, , DeviceConfig__remove_is_token_required
06-28 14:40:52.556 29111  5898 D HeterodyneSyncer: updateFlag: com.google.android.finsky.regular, 81531400, 2, , DeviceConnectivityProfile__enable_connectivity_profile_logging
06-28 14:40:52.557 29111  5898 D HeterodyneSyncer: updateFlag: com.google.android.finsky.regular, 81531400, 2, , DeviceConnectivityProfile__enable_connectivity_profile_refresh
06-28 14:40:52.558 29111  5898 D HeterodyneSyncer: updateFlag: com.google.android.finsky.regular, 81531400, 2, , DeviceSettings__enable_device_settings
06-28 14:40:52.559 29111  5898 D HeterodyneSyncer: updateFlag: com.google.android.finsky.regular, 81531400, 2, , DeviceSetup__allow_pai_hide_launcher_icons
06-28 14:40:52.560 29111  5898 D HeterodyneSyncer: updateFlag: com.google.android.finsky.regular, 81531400, 2, , DeviceSetup__late_sim_pai_notification
06-28 14:40:52.561 29111  5898 D HeterodyneSyncer: updateFlag: com.google.android.finsky.regular, 81531400, 2, , DeviceSetup__pai_sim_workaround
06-28 14:40:52.567 29111  5898 D HeterodyneSyncer: updateFlag: com.google.android.finsky.regular, 81531400, 2, , DisableFadeAnimations__disable_fadein_animation
06-28 14:40:52.568 29111  5898 D HeterodyneSyncer: updateFlag: com.google.android.finsky.regular, 81531400, 2, , DisplayApkSize__display_apk_size
06-28 14:40:52.569 29111  5898 D HeterodyneSyncer: updateFlag: com.google.android.finsky.regular, 81531400, 2, , DownloadManager__complete_download_when_status_success
06-28 14:40:52.569 29111  5898 D HeterodyneSyncer: updateFlag: com.google.android.finsky.regular, 81531400, 2, , DynamicSplits__blocking_marker_read_timeout
06-28 14:40:52.570 29111  5898 D HeterodyneSyncer: updateFlag: com.google.android.finsky.regular, 81531400, 2, , DynamicSplits__dynamic_split_permanent_uninstall
06-28 14:40:52.571 29111  5898 D HeterodyneSyncer: updateFlag: com.google.android.finsky.regular, 81531400, 2, , DynamicSplits__dynamic_splits_offline_check
06-28 14:40:52.584 29111  5898 D HeterodyneSyncer: updateFlag: com.google.android.finsky.regular, 81531400, 2, , EcChoice__allow_back_to_return_home
06-28 14:40:52.585 29111  5898 D HeterodyneSyncer: updateFlag: com.google.android.finsky.regular, 81531400, 2, , EcChoice__elapsed_time_till_trigger
06-28 14:40:52.586 29111  5898 D HeterodyneSyncer: updateFlag: com.google.android.finsky.regular, 81531400, 2, , EcChoice__enable_ec_choice_flow
06-28 14:40:52.587 29111  5898 D HeterodyneSyncer: updateFlag: com.google.android.finsky.regular, 81531400, 2, , EcChoice__fake_agsa_not_system_app
06-28 14:40:52.588 29111  5898 D HeterodyneSyncer: updateFlag: com.google.android.finsky.regular, 81531400, 2, , EcChoice__fake_chrome_not_system_app
06-28 14:40:52.589 29111  5898 D HeterodyneSyncer: updateFlag: com.google.android.finsky.regular, 81531400, 2, , EcChoice__max_ec_choice_trigger_count
06-28 14:40:52.590 29111  5898 D HeterodyneSyncer: updateFlag: com.google.android.finsky.regular, 81531400, 2, , EcChoice__override_ec_choice_trigger
06-28 14:40:52.591 29111  5898 D HeterodyneSyncer: updateFlag: com.google.android.finsky.regular, 81531400, 2, , EcChoice__show_guidance_page_web_view
06-28 14:40:52.601 29111  5898 D HeterodyneSyncer: updateFlag: com.google.android.finsky.regular, 81531400, 2, , EcChoice__show_no_thanks_on_cta
06-28 14:40:52.602 29111  5898 D HeterodyneSyncer: updateFlag: com.google.android.finsky.regular, 81531400, 2, , EmptyMyAppsFix__enable_empty_myapps_fix
06-28 14:40:52.603 29111  5898 D HeterodyneSyncer: updateFlag: com.google.android.finsky.regular, 81531400, 2, , EnterpriseClientPolicySync__enable_auto_install_priority_comparator
06-28 14:40:52.604 29111  5898 D HeterodyneSyncer: updateFlag: com.google.android.finsky.regular, 81531400, 2, , EnterpriseClientPolicySync__enable_enterprise_installer_listener
06-28 14:40:52.605 29111  5898 D HeterodyneSyncer: updateFlag: com.google.android.finsky.regular, 81531400, 2, , EnterpriseClientPolicySync__enable_policy_sync_from_daily_hygiene
06-28 14:40:52.606 29111  5898 D HeterodyneSyncer: updateFlag: com.google.android.finsky.regular, 81531400, 2, , EnterpriseClientPolicySync__enable_policy_sync_from_notification
06-28 14:40:52.607 29111  5898 D HeterodyneSyncer: updateFlag: com.google.android.finsky.regular, 81531400, 2, , EnterpriseClientPolicySync__trigger_on_account_added
06-28 14:40:52.607 29111  5898 D HeterodyneSyncer: updateFlag: com.google.android.finsky.regular, 81531400, 2, , EnterpriseClientPolicySync__wait_for_user_settings
06-28 14:40:52.608 29111  5898 D HeterodyneSyncer: updateFlag: com.google.android.finsky.regular, 81531400, 2, , EnterpriseDeviceReport__keyed_app_states_request_sync_daily_quota
06-28 14:40:52.609 29111  5898 D HeterodyneSyncer: updateFlag: com.google.android.finsky.regular, 81531400, 2, , EnterpriseDeviceReport__keyed_app_states_whitelisted_packages
06-28 14:40:52.610 29111  5898 D HeterodyneSyncer: updateFlag: com.google.android.finsky.regular, 81531400, 2, , Everglades__enable_everglades
06-28 14:40:52.611 29111  5898 D HeterodyneSyncer: updateFlag: com.google.android.finsky.regular, 81531400, 2, , ExperimentFramework__enable_heterodyne_periodic_sync
06-28 14:40:52.632 29111  5898 D HeterodyneSyncer: updateFlag: com.google.android.finsky.regular, 81531400, 2, , ExperimentFramework__enable_heterodyne_periodic_sync_logging
06-28 14:40:52.633 29111  5898 D HeterodyneSyncer: updateFlag: com.google.android.finsky.regular, 81531400, 2, , ExperimentFramework__heterodyne_periodic_sync_cycle_ms
06-28 14:40:52.634 29111  5898 D HeterodyneSyncer: updateFlag: com.google.android.finsky.regular, 81531400, 2, , ExperimentFramework__heterodyne_periodic_sync_deadline_ms
06-28 14:40:52.637 29111  5898 D HeterodyneSyncer: updateFlag: com.google.android.finsky.regular, 81531400, 2, , ExperimentFramework__reset_stale_experiments_status_on_clear_cache_callback
06-28 14:40:52.638 29111  5898 D HeterodyneSyncer: updateFlag: com.google.android.finsky.regular, 81531400, 2, , FEMigration__enable_fe_base_url
06-28 14:40:52.653 29111  5898 D HeterodyneSyncer: updateFlag: com.google.android.finsky.regular, 81531400, 2, , FakeSelfUpdate__failure_count_threshold
06-28 14:40:52.654 29111  5898 D HeterodyneSyncer: updateFlag: com.google.android.finsky.regular, 81531400, 2, , FastAppReinstall__enable_hiding_card_when_user_restored_apps
06-28 14:40:52.654 29111  5898 D HeterodyneSyncer: updateFlag: com.google.android.finsky.regular, 81531400, 2, , FifeImage__ttl_in_days
06-28 14:40:52.656 29111  5898 D HeterodyneSyncer: updateFlag: com.google.android.finsky.regular, 81531400, 2, , FixLoggingContextForking__authenticated_activity_default_lc_fork
06-28 14:40:52.658 29111  5898 D HeterodyneSyncer: updateFlag: com.google.android.finsky.regular, 81531400, 2, , FixWhereHomePageLoadMetricsLogged__fix_where_home_page_load_metrics_logged
06-28 14:40:52.659 29111  5898 D HeterodyneSyncer: updateFlag: com.google.android.finsky.regular, 81531400, 2, , GameSdkDeviceInfo__enable_collection
06-28 14:40:52.660 29111  5898 D HeterodyneSyncer: updateFlag: com.google.android.finsky.regular, 81531400, 2, , GooglePlayProtect__enable_default_on_play_protect_consent_model
06-28 14:40:52.662 29111  5898 D HeterodyneSyncer: updateFlag: com.google.android.finsky.regular, 81531400, 2, , GooglePlayProtect__enable_gpp_disable_banned
06-28 14:40:52.664 29111  5898 D HeterodyneSyncer: updateFlag: com.google.android.finsky.regular, 81531400, 2, , GooglePlayProtect__enable_per_source_installation_consent
06-28 14:40:52.664 29111  5898 D HeterodyneSyncer: updateFlag: com.google.android.finsky.regular, 81531400, 2, , GooglePlayProtect__enable_play_protect_snackbar
06-28 14:40:52.665 29111  5898 D HeterodyneSyncer: updateFlag: com.google.android.finsky.regular, 81531400, 2, , GooglePlayProtect__enable_psic_uninstallation_dialog
06-28 14:40:52.666 29111  5898 D HeterodyneSyncer: updateFlag: com.google.android.finsky.regular, 81531400, 2, , GooglePlayProtect__enable_ternary_gpp_upload_consent_model
06-28 14:40:52.667 29111  5898 D HeterodyneSyncer: updateFlag: com.google.android.finsky.regular, 81531400, 2, , GooglePlayProtect__migrate_to_verifier_clearcut_log
06-28 14:40:52.668 29111  5898 D HeterodyneSyncer: updateFlag: com.google.android.finsky.regular, 81531400, 2, , Hygiene__defer_hygiene_when_self_update_running
06-28 14:40:52.669 29111  5898 D HeterodyneSyncer: updateFlag: com.google.android.finsky.regular, 81531400, 2, , Hygiene__hygiene_after_self_update_not_lite
06-28 14:40:52.670 29111  5898 D HeterodyneSyncer: updateFlag: com.google.android.finsky.regular, 81531400, 2, , Hygiene__hygiene_task_execution_whitelist
06-28 14:40:52.671 29111  5898 D HeterodyneSyncer: updateFlag: com.google.android.finsky.regular, 81531400, 2, , Hygiene__hygiene_task_filter_whitelist
06-28 14:40:52.683 29111  5898 D HeterodyneSyncer: updateFlag: com.google.android.finsky.regular, 81531400, 2, , Hygiene__isolate_hygiene_from_gcm_notifications
06-28 14:40:52.684 29111  5898 D HeterodyneSyncer: updateFlag: com.google.android.finsky.regular, 81531400, 2, , Hygiene__on_defer_hygiene_delay_ms
06-28 14:40:52.685 29111  5898 D HeterodyneSyncer: updateFlag: com.google.android.finsky.regular, 81531400, 2, , Hygiene__on_defer_hygiene_delay_to_next_window
06-28 14:40:52.686 29111  5898 D HeterodyneSyncer: updateFlag: com.google.android.finsky.regular, 81531400, 2, , Hygiene__run_jitter_memory_threshold_milliseconds
06-28 14:40:52.687 29111  5898 D HeterodyneSyncer: updateFlag: com.google.android.finsky.regular, 81531400, 2, , Hygiene__run_jitter_milliseconds
06-28 14:40:52.688 29111  5898 D HeterodyneSyncer: updateFlag: com.google.android.finsky.regular, 81531400, 2, , Hygiene__run_reasons_to_jitter
06-28 14:40:52.689 29111  5898 D HeterodyneSyncer: updateFlag: com.google.android.finsky.regular, 81531400, 2, , Hygiene__schedule_jitter_milliseconds
06-28 14:40:52.690 29111  5898 D HeterodyneSyncer: updateFlag: com.google.android.finsky.regular, 81531400, 2, , Hygiene__schedule_reasons_to_jitter
06-28 14:40:52.691 29111  5898 D HeterodyneSyncer: updateFlag: com.google.android.finsky.regular, 81531400, 2, , Hygiene__skip_accounts_changed_hygiene_throttling
06-28 14:40:52.691 29111  5898 D HeterodyneSyncer: updateFlag: com.google.android.finsky.regular, 81531400, 2, , Hygiene__traffic_percent_at_wall_time_to_jitter
06-28 14:40:52.703 29111  5898 D HeterodyneSyncer: updateFlag: com.google.android.finsky.regular, 81531400, 2, , Hygiene__use_not_roaming_for_content_sync
06-28 14:40:52.704 29111  5898 D HeterodyneSyncer: updateFlag: com.google.android.finsky.regular, 81531400, 2, , IconUniformity__enable_api_21_treatment
06-28 14:40:52.705 29111  5898 D HeterodyneSyncer: updateFlag: com.google.android.finsky.regular, 81531400, 2, , IconUniformity__enable_icon_uniformity
06-28 14:40:52.706 29111  5898 D HeterodyneSyncer: updateFlag: com.google.android.finsky.regular, 81531400, 2, , IconUniformity__enable_legacy_treatment
06-28 14:40:52.707 29111  5898 D HeterodyneSyncer: updateFlag: com.google.android.finsky.regular, 81531400, 2, , IconUniformity__enable_vx_treatment
06-28 14:40:52.708 29111  5898 D HeterodyneSyncer: updateFlag: com.google.android.finsky.regular, 81531400, 2, , ImageLogging__enable_image_latency_logging
06-28 14:40:52.708 29111  5898 D HeterodyneSyncer: updateFlag: com.google.android.finsky.regular, 81531400, 2, , ImageOptimizations__disable_image_cache_clearing
06-28 14:40:52.709 29111  5898 D HeterodyneSyncer: updateFlag: com.google.android.finsky.regular, 81531400, 2, , ImageOptimizations__dont_preload_images_within_visible_range
06-28 14:40:52.710 29111  5898 D HeterodyneSyncer: updateFlag: com.google.android.finsky.regular, 81531400, 2, , ImpressionNode__enable_child_array_clear
06-28 14:40:52.711 29111  5898 D HeterodyneSyncer: updateFlag: com.google.android.finsky.regular, 81531400, 2, , InAppBilling__add_library_version_to_extra_param
06-28 14:40:52.714 29111  5898 D HeterodyneSyncer: updateFlag: com.google.android.finsky.regular, 81531400, 2, , InAppBilling__add_library_version_to_get_sku_details
06-28 14:40:52.715 29111  5898 D HeterodyneSyncer: updateFlag: com.google.android.finsky.regular, 81531400, 2, , InAppBilling__enable_ack_purchase
06-28 14:40:52.734 29111  5898 D HeterodyneSyncer: updateFlag: com.google.android.finsky.regular, 81531400, 2, , InAppBilling__enable_ack_purchase_logging
06-28 14:40:52.735 29111  5898 D HeterodyneSyncer: updateFlag: com.google.android.finsky.regular, 81531400, 2, , InAppBilling__enable_debug_messages
06-28 14:40:52.736 29111  5898 D HeterodyneSyncer: updateFlag: com.google.android.finsky.regular, 81531400, 2, , InAppBilling__enable_pending_purchases
06-28 14:40:52.738 29111  5898 D HeterodyneSyncer: updateFlag: com.google.android.finsky.regular, 81531400, 2, , InAppBilling__read_response_code_from_iab_error
06-28 14:40:52.738 29111  5898 D HeterodyneSyncer: updateFlag: com.google.android.finsky.regular, 81531400, 2, , InAppBilling__read_response_code_from_iab_error_in_app_purchase_history
06-28 14:40:52.739 29111  5898 D HeterodyneSyncer: updateFlag: com.google.android.finsky.regular, 81531400, 2, , InAppBilling__read_response_code_from_iab_error_sku_details
06-28 14:40:52.740 29111  5898 D HeterodyneSyncer: updateFlag: com.google.android.finsky.regular, 81531400, 2, , InAppReview__enable_in_app_review_service
06-28 14:40:52.741 29111  5898 D HeterodyneSyncer: updateFlag: com.google.android.finsky.regular, 81531400, 2, , InlineVideo__enable_inline_video_on_details_page
06-28 14:40:52.749 29111  5898 D HeterodyneSyncer: updateFlag: com.google.android.finsky.regular, 81531400, 2, , InstallAttribution__enable_pai_inform_install_atrribution
06-28 14:40:52.750 29111  5898 D HeterodyneSyncer: updateFlag: com.google.android.finsky.regular, 81531400, 2, , InstallReferrer__disable_broadcast_referrer_param
06-28 14:40:52.750 29111  5898 D HeterodyneSyncer: updateFlag: com.google.android.finsky.regular, 81531400, 2, , InstallSource__enable_install_source_listener
06-28 14:40:52.751 29111  5898 D HeterodyneSyncer: updateFlag: com.google.android.finsky.regular, 81531400, 2, , InstallSource__enable_install_source_on_content_sync
06-28 14:40:52.758 29111  5898 D HeterodyneSyncer: updateFlag: com.google.android.finsky.regular, 81531400, 2, , InstallerCodegen__enable_file_by_file_recursive
06-28 14:40:52.760 29111  5898 D HeterodyneSyncer: updateFlag: com.google.android.finsky.regular, 81531400, 2, , InstallerCodegen__enable_install_time_split_check
06-28 14:40:52.760 29111  5898 D HeterodyneSyncer: updateFlag: com.google.android.finsky.regular, 81531400, 2, , InstallerCodegen__enable_update_missing_splits
06-28 14:40:52.761 29111  5898 D HeterodyneSyncer: updateFlag: com.google.android.finsky.regular, 81531400, 2, , InstallerCodegen__enable_version_update_checker_refactor
06-28 14:40:52.767 29111  5898 D HeterodyneSyncer: updateFlag: com.google.android.finsky.regular, 81531400, 2, , Installer__enable_install_tracer
06-28 14:40:52.768 29111  5898 D HeterodyneSyncer: updateFlag: com.google.android.finsky.regular, 81531400, 2, , Installer__enable_instant_app_install_attribution
06-28 14:40:52.769 29111  5898 D HeterodyneSyncer: updateFlag: com.google.android.finsky.regular, 81531400, 2, , Installer__install_queue_cancel_inactive
06-28 14:40:52.769 29111  5898 D HeterodyneSyncer: updateFlag: com.google.android.finsky.regular, 81531400, 2, , InstantAppsAccountManagement__enable_sync_instant_apps_account_with_phonesky_account
06-28 14:40:52.771 29111  5898 D HeterodyneSyncer: updateFlag: com.google.android.finsky.regular, 81531400, 2, , InstantAppsAccountManagement__sync_server_opt_in_state_to_gms_core
06-28 14:40:52.771 29111  5898 D HeterodyneSyncer: updateFlag: com.google.android.finsky.regular, 81531400, 2, , InstantAppsAds__instant_apps_ads_counterfactual_show_more
06-28 14:40:52.774 29111  5898 D HeterodyneSyncer: updateFlag: com.google.android.finsky.regular, 81531400, 2, , InstantAppsFlavors__read_flavor_id_from_launch_api_request
06-28 14:40:52.775 29111  5898 D HeterodyneSyncer: updateFlag: com.google.android.finsky.regular, 81531400, 2, , InstantAppsInit__enable_startup_init
06-28 14:40:52.775 29111  5898 D HeterodyneSyncer: updateFlag: com.google.android.finsky.regular, 81531400, 2, , InstantAppsIntentCreation__use_secure_supervisor_activity_alias_if_available
06-28 14:40:52.776 29111  5898 D HeterodyneSyncer: updateFlag: com.google.android.finsky.regular, 81531400, 2, , InstantAppsLaunchKeys__construct_launch_intent_from_launch_key
