07-18 14:42:17.022  1592  2371 D NetworkMonitor/NetworkAgentInfo [WIFI () - 101]: PROBE_FALLBACK http://www.google.com/gen_204 time=21957ms ret=204 request={User-Agent=[Mozilla/5.0 (X11; Linux x86_64) AppleWebKit/537.36 (KHTML, like Gecko) Chrome/60.0.3112.32 Safari/537.36]} headers={null=[HTTP/1.1 204 No Content], Content-Length=[0], Content-Type=[text/html; charset=UTF-8], Date=[Thu, 18 Jul 2019 14:42:16 GMT], P3P=[CP="This is not a P3P policy! See g.co/p3phelp for more info."], Server=[gws], Set-Cookie=[1P_JAR=2019-07-18-14; expires=Sat, 17-Aug-2019 14:42:16 GMT; path=/; domain=.google.com, NID=188=jdOmXUCLDLu1Rip2gG9Wh0-Fu9P04Y8mJ_WCKCPSaZ9vZXvganCO2_muXEvDw9Vlw6mbbTKWeFkIU-jrU_R_L8CH8iI6VQk-H3IKSIbovxz4n0l-xCzrMbu1b-Q2pYOoB8FsdGfVigH_g4WBViemwtJNBfMVNrglri_Ad1gcHOw; expires=Fri, 17-Jan-2020 14:42:16 GMT; path=/; domain=.google.com; HttpOnly], X-Android-Received-Millis=[1563460937022], X-Android-Response-Source=[NETWORK 204], X-Android-Selected-Protocol=[http/1.1], X-Android-Sent-Millis=[1563460933393], X-Frame-Options=[SAMEORIGIN], X-XSS-Protection=[0]}
07-18 14:42:17.660  5874  5884 I zygote  : Background concurrent copying GC freed 365815(8MB) AllocSpace objects, 0(0B) LOS objects, 17% free, 27MB/33MB, paused 793us total 235.122ms
07-18 14:42:18.752  5874  5884 I zygote  : Background concurrent copying GC freed 372955(8MB) AllocSpace objects, 0(0B) LOS objects, 17% free, 28MB/34MB, paused 849us total 235.895ms
07-18 14:42:19.578  1956  1956 I GeofencerStateMachine: sendNewTransitions called.
07-18 14:42:19.966  5874  5884 I zygote  : Background concurrent copying GC freed 389832(8MB) AllocSpace objects, 0(0B) LOS objects, 17% free, 29MB/35MB, paused 3.877ms total 303.330ms
07-18 14:42:22.072  5874  5884 I zygote  : Background concurrent copying GC freed 433455(9MB) AllocSpace objects, 0(0B) LOS objects, 17% free, 27MB/33MB, paused 1.251ms total 270.939ms
07-18 14:42:23.206  5874  5884 I zygote  : Background concurrent copying GC freed 367509(8MB) AllocSpace objects, 0(0B) LOS objects, 18% free, 25MB/31MB, paused 918us total 197.758ms
07-18 14:42:24.322  5874  5884 I zygote  : Background concurrent copying GC freed 295777(6MB) AllocSpace objects, 0(0B) LOS objects, 18% free, 27MB/33MB, paused 1.331ms total 210.996ms
07-18 14:42:24.565  2237  6038 W Conscrypt: Could not set socket write timeout: java.net.SocketException: Socket closed
07-18 14:42:24.565  2237  6038 W Conscrypt: 	at com.google.android.gms.org.conscrypt.Platform.setSocketWriteTimeout(:com.google.android.gms@17785022@17.7.85 (040700-253824076):2)
07-18 14:42:24.565  2237  6038 W Conscrypt: 	at com.google.android.gms.org.conscrypt.ConscryptFileDescriptorSocket.setSoWriteTimeout(:com.google.android.gms@17785022@17.7.85 (040700-253824076):2)
07-18 14:42:24.745  1956  1956 I GeofencerStateMachine: sendNewTransitions called.
07-18 14:42:25.242  1592  7798 D NetworkMonitor/NetworkAgentInfo [WIFI () - 101]: PROBE_HTTPS https://www.google.com/generate_204 Probe failed with exception java.net.SocketTimeoutException: timeout
07-18 14:42:25.416  5874  5884 I zygote  : Background concurrent copying GC freed 345276(7MB) AllocSpace objects, 0(0B) LOS objects, 17% free, 27MB/33MB, paused 1.272ms total 229.278ms
07-18 14:42:26.496  5874  5884 I zygote  : Background concurrent copying GC freed 365820(8MB) AllocSpace objects, 0(0B) LOS objects, 17% free, 27MB/33MB, paused 889us total 228.217ms
07-18 14:42:27.600  5874  5884 I zygote  : Background concurrent copying GC freed 365709(8MB) AllocSpace objects, 0(0B) LOS objects, 17% free, 27MB/33MB, paused 3.154ms total 222.705ms
07-18 14:42:28.762  5874  5884 I zygote  : Background concurrent copying GC freed 364478(8MB) AllocSpace objects, 0(0B) LOS objects, 17% free, 29MB/35MB, paused 744us total 255.430ms
07-18 14:42:29.904  5874  5884 I zygote  : Background concurrent copying GC freed 420777(9MB) AllocSpace objects, 0(0B) LOS objects, 17% free, 28MB/34MB, paused 824us total 257.486ms
07-18 14:42:30.705  1956  1956 I GeofencerStateMachine: sendNewTransitions called.
07-18 14:42:32.040  5874  5884 I zygote  : Background concurrent copying GC freed 399047(8MB) AllocSpace objects, 0(0B) LOS objects, 17% free, 27MB/33MB, paused 761us total 233.457ms
07-18 14:42:32.921  1592  7799 D NetworkMonitor/NetworkAgentInfo [WIFI () - 101]: PROBE_HTTP http://connectivitycheck.gstatic.com/generate_204 Probe failed with exception java.net.SocketTimeoutException: failed to connect to connectivitycheck.gstatic.com/2800:3f0:4001:81a::2003 (port 80) from /fec0::7c22:3dd0:2466:3035 (port 40017) after 10000ms
07-18 14:42:32.923  1592  1671 D ConnectivityService: NetworkAgentInfo [WIFI () - 101] validation failed
07-18 14:42:32.924  1592  1667 D WifiStateMachine: NETWORK_STATUS_UNWANTED_VALIDATION_FAILED
07-18 14:42:33.187  5874  5884 I zygote  : Background concurrent copying GC freed 373243(8MB) AllocSpace objects, 0(0B) LOS objects, 18% free, 25MB/31MB, paused 2.886ms total 211.785ms
07-18 14:42:33.935  1592  1852 I WifiService: acquireWifiLock uid=10014 lockMode=2
07-18 14:42:34.278  5874  5884 I zygote  : Background concurrent copying GC freed 282909(6MB) AllocSpace objects, 0(0B) LOS objects, 17% free, 27MB/33MB, paused 747us total 226.344ms
07-18 14:42:35.342  5874  5884 I zygote  : Background concurrent copying GC freed 358003(7MB) AllocSpace objects, 0(0B) LOS objects, 17% free, 27MB/33MB, paused 2.891ms total 216.895ms
07-18 14:42:36.160  1956  1956 I GeofencerStateMachine: sendNewTransitions called.
07-18 14:42:36.346  1592  1601 I zygote  : Background concurrent copying GC freed 57346(2MB) AllocSpace objects, 1(20KB) LOS objects, 26% free, 17MB/23MB, paused 886us total 179.651ms
07-18 14:42:36.476  5874  5884 I zygote  : Background concurrent copying GC freed 359061(7MB) AllocSpace objects, 0(0B) LOS objects, 17% free, 27MB/33MB, paused 925us total 272.596ms
07-18 14:42:36.912  1592  3604 D WificondControl: Scan result ready event
07-18 14:42:36.954  1592  6498 I WifiService: releaseWifiLock uid=10014
07-18 14:42:37.538  5874  5884 I zygote  : Background concurrent copying GC freed 373529(8MB) AllocSpace objects, 0(0B) LOS objects, 17% free, 27MB/33MB, paused 774us total 224.600ms
07-18 14:42:38.609  5874  5884 I zygote  : Background concurrent copying GC freed 354204(7MB) AllocSpace objects, 0(0B) LOS objects, 17% free, 27MB/33MB, paused 767us total 207.661ms
07-18 14:42:39.518  1396  1414 D hwcomposer: hw_composer sent 282 syncs in 62s
07-18 14:42:39.728  5874  5884 I zygote  : Background concurrent copying GC freed 383911(8MB) AllocSpace objects, 0(0B) LOS objects, 17% free, 27MB/33MB, paused 1.762ms total 221.695ms
07-18 14:42:40.852  5874  5884 I zygote  : Background concurrent copying GC freed 356072(7MB) AllocSpace objects, 0(0B) LOS objects, 16% free, 30MB/36MB, paused 961us total 247.611ms
07-18 14:42:41.699  1956  1956 I GeofencerStateMachine: sendNewTransitions called.
07-18 14:42:42.038  5874  5884 I zygote  : Background concurrent copying GC freed 467657(10MB) AllocSpace objects, 0(0B) LOS objects, 18% free, 25MB/31MB, paused 1.292ms total 188.404ms
07-18 14:42:42.476  1403  1403 I boot-pipe: done populating /dev/random
07-18 14:42:44.140  5874  5884 I zygote  : Background concurrent copying GC freed 284908(6MB) AllocSpace objects, 0(0B) LOS objects, 16% free, 29MB/35MB, paused 1.194ms total 292.720ms
07-18 14:42:45.266  5874  5884 I zygote  : Background concurrent copying GC freed 435649(9MB) AllocSpace objects, 0(0B) LOS objects, 17% free, 27MB/33MB, paused 1.028ms total 240.450ms
07-18 14:42:46.324  5874  5884 I zygote  : Background concurrent copying GC freed 366704(8MB) AllocSpace objects, 0(0B) LOS objects, 17% free, 27MB/33MB, paused 783us total 214.007ms
07-18 14:42:47.187  1956  1956 I GeofencerStateMachine: sendNewTransitions called.
07-18 14:42:47.454  5874  5884 I zygote  : Background concurrent copying GC freed 364583(8MB) AllocSpace objects, 0(0B) LOS objects, 17% free, 27MB/33MB, paused 783us total 220.008ms
07-18 14:42:48.543  5874  5884 I zygote  : Background concurrent copying GC freed 373978(8MB) AllocSpace objects, 0(0B) LOS objects, 17% free, 27MB/33MB, paused 892us total 234.127ms
07-18 14:42:49.629  5874  5884 I zygote  : Background concurrent copying GC freed 371187(8MB) AllocSpace objects, 0(0B) LOS objects, 17% free, 27MB/33MB, paused 931us total 217.375ms
07-18 14:42:50.767  5874  5884 I zygote  : Background concurrent copying GC freed 361043(7MB) AllocSpace objects, 0(0B) LOS objects, 17% free, 28MB/34MB, paused 1.427ms total 242.060ms
07-18 14:42:51.899  5874  5884 I zygote  : Background concurrent copying GC freed 393747(8MB) AllocSpace objects, 0(0B) LOS objects, 16% free, 30MB/36MB, paused 756us total 261.776ms
07-18 14:42:52.693  1956  1956 I GeofencerStateMachine: sendNewTransitions called.
07-18 14:42:53.968  1592  1852 I WifiService: acquireWifiLock uid=10014 lockMode=2
07-18 14:42:54.023  1592  1852 I WifiService: releaseWifiLock uid=10014
07-18 14:42:54.073  5874  5884 I zygote  : Background concurrent copying GC freed 496480(11MB) AllocSpace objects, 0(0B) LOS objects, 17% free, 28MB/34MB, paused 2.455ms total 316.277ms
07-18 14:42:55.177  5874  5884 I zygote  : Background concurrent copying GC freed 384402(8MB) AllocSpace objects, 0(0B) LOS objects, 18% free, 25MB/31MB, paused 1.046ms total 194.503ms
07-18 14:42:56.279  5874  5884 I zygote  : Background concurrent copying GC freed 295727(6MB) AllocSpace objects, 0(0B) LOS objects, 17% free, 27MB/33MB, paused 742us total 213.510ms
07-18 14:42:57.345  5874  5884 I zygote  : Background concurrent copying GC freed 346070(7MB) AllocSpace objects, 0(0B) LOS objects, 17% free, 27MB/33MB, paused 1.470ms total 233.274ms
07-18 14:42:58.175  1956  1956 I GeofencerStateMachine: sendNewTransitions called.
07-18 14:42:58.456  5874  5884 I zygote  : Background concurrent copying GC freed 365299(8MB) AllocSpace objects, 0(0B) LOS objects, 17% free, 27MB/33MB, paused 1.816ms total 232.636ms
07-18 14:42:58.745  5874  5874 D net.osmand: DayNightHelper Sunrise/sunset setting to day: true
07-18 14:42:59.525  5874  5884 I zygote  : Background concurrent copying GC freed 365833(8MB) AllocSpace objects, 0(0B) LOS objects, 17% free, 27MB/33MB, paused 880us total 223.333ms
07-18 14:43:00.621  5874  5884 I zygote  : Background concurrent copying GC freed 365975(8MB) AllocSpace objects, 0(0B) LOS objects, 17% free, 27MB/33MB, paused 1.057ms total 227.123ms
07-18 14:43:01.733  5874  5884 I zygote  : Background concurrent copying GC freed 373896(8MB) AllocSpace objects, 0(0B) LOS objects, 17% free, 27MB/33MB, paused 3.121ms total 243.939ms
07-18 14:43:02.848  5874  5884 I zygote  : Background concurrent copying GC freed 364633(8MB) AllocSpace objects, 0(0B) LOS objects, 16% free, 30MB/36MB, paused 2.157ms total 269.730ms
07-18 14:43:03.655  1956  1956 I GeofencerStateMachine: sendNewTransitions called.
07-18 14:43:04.045  5874  5884 I zygote  : Background concurrent copying GC freed 458647(10MB) AllocSpace objects, 0(0B) LOS objects, 17% free, 27MB/33MB, paused 787us total 238.429ms
07-18 14:43:06.096  5874  5884 I zygote  : Background concurrent copying GC freed 358525(7MB) AllocSpace objects, 0(0B) LOS objects, 17% free, 27MB/33MB, paused 759us total 281.174ms
07-18 14:43:07.218  5874  5884 I zygote  : Background concurrent copying GC freed 375840(8MB) AllocSpace objects, 0(0B) LOS objects, 17% free, 27MB/33MB, paused 1.164ms total 219.854ms
07-18 14:43:08.330  5874  5884 I zygote  : Background concurrent copying GC freed 365207(8MB) AllocSpace objects, 0(0B) LOS objects, 17% free, 27MB/33MB, paused 751us total 228.423ms
07-18 14:43:09.153  1956  1956 I GeofencerStateMachine: sendNewTransitions called.
07-18 14:43:09.440  5874  5884 I zygote  : Background concurrent copying GC freed 362139(8MB) AllocSpace objects, 0(0B) LOS objects, 17% free, 27MB/33MB, paused 746us total 225.469ms
07-18 14:43:10.532  5874  5884 I zygote  : Background concurrent copying GC freed 368811(8MB) AllocSpace objects, 0(0B) LOS objects, 17% free, 27MB/33MB, paused 733us total 206.795ms
07-18 14:43:11.630  5874  5884 I zygote  : Background concurrent copying GC freed 366060(8MB) AllocSpace objects, 0(0B) LOS objects, 17% free, 27MB/33MB, paused 934us total 237.213ms
07-18 14:43:12.767  5874  5884 I zygote  : Background concurrent copying GC freed 359626(7MB) AllocSpace objects, 0(0B) LOS objects, 17% free, 28MB/34MB, paused 747us total 248.171ms
07-18 14:43:13.956  5874  5884 I zygote  : Background concurrent copying GC freed 374200(8MB) AllocSpace objects, 0(0B) LOS objects, 16% free, 29MB/35MB, paused 807us total 280.284ms
07-18 14:43:13.975  1592  1852 I WifiService: acquireWifiLock uid=10014 lockMode=2
07-18 14:43:14.693  1956  1956 I GeofencerStateMachine: sendNewTransitions called.
07-18 14:43:16.063  5874  5884 I zygote  : Background concurrent copying GC freed 452496(10MB) AllocSpace objects, 0(0B) LOS objects, 17% free, 27MB/33MB, paused 2.367ms total 239.886ms
07-18 14:43:16.962  1592  1852 D WificondControl: Scan result ready event
07-18 14:43:17.040  1592  1852 I WifiService: releaseWifiLock uid=10014
07-18 14:43:17.240  5874  5884 I zygote  : Background concurrent copying GC freed 371171(8MB) AllocSpace objects, 0(0B) LOS objects, 18% free, 25MB/31MB, paused 1.154ms total 199.643ms
07-18 14:43:18.304  5874  5884 I zygote  : Background concurrent copying GC freed 288944(6MB) AllocSpace objects, 0(0B) LOS objects, 17% free, 27MB/33MB, paused 740us total 208.661ms
07-18 14:43:19.379  5874  5884 I zygote  : Background concurrent copying GC freed 348181(7MB) AllocSpace objects, 0(0B) LOS objects, 17% free, 27MB/33MB, paused 745us total 239.784ms
07-18 14:43:20.206  1956  1956 I GeofencerStateMachine: sendNewTransitions called.
07-18 14:43:20.470  5874  5884 I zygote  : Background concurrent copying GC freed 370877(8MB) AllocSpace objects, 0(0B) LOS objects, 17% free, 27MB/33MB, paused 1.472ms total 223.571ms
07-18 14:43:21.573  5874  5884 I zygote  : Background concurrent copying GC freed 363816(8MB) AllocSpace objects, 0(0B) LOS objects, 17% free, 27MB/33MB, paused 852us total 224.363ms
07-18 14:43:22.681  5874  5884 I zygote  : Background concurrent copying GC freed 367225(8MB) AllocSpace objects, 0(0B) LOS objects, 17% free, 27MB/33MB, paused 2.708ms total 238.777ms
07-18 14:43:23.951  5874  5884 I zygote  : Background concurrent copying GC freed 364327(8MB) AllocSpace objects, 0(0B) LOS objects, 16% free, 29MB/35MB, paused 1.681ms total 287.830ms
07-18 14:43:25.033  5874  5884 I zygote  : Background concurrent copying GC freed 460682(10MB) AllocSpace objects, 0(0B) LOS objects, 18% free, 25MB/31MB, paused 836us total 200.295ms
07-18 14:43:25.733  1956  1956 I GeofencerStateMachine: sendNewTransitions called.
07-18 14:43:27.096  5874  5884 I zygote  : Background concurrent copying GC freed 285622(6MB) AllocSpace objects, 0(0B) LOS objects, 17% free, 27MB/33MB, paused 1.067ms total 227.325ms
07-18 14:43:28.218  5874  5884 I zygote  : Background concurrent copying GC freed 349124(7MB) AllocSpace objects, 0(0B) LOS objects, 18% free, 25MB/31MB, paused 814us total 195.223ms
07-18 14:43:29.342  5874  5884 I zygote  : Background concurrent copying GC freed 305337(6MB) AllocSpace objects, 0(0B) LOS objects, 18% free, 27MB/33MB, paused 764us total 215.416ms
07-18 14:43:30.441  5874  5884 I zygote  : Background concurrent copying GC freed 335760(7MB) AllocSpace objects, 0(0B) LOS objects, 17% free, 27MB/33MB, paused 779us total 221.586ms
07-18 14:43:30.964  7046  7075 E PlayCommon: [360] ServerTimestampFetcher.queryServerTimestamp: Failed to connect to server for server timestamp: java.net.SocketTimeoutException: failed to connect to play.googleapis.com/2800:3f0:4001:805::200a (port 443) from /fec0::7c22:3dd0:2466:3035 (port 57200) after 10000ms
07-18 14:43:31.288  1956  1956 I GeofencerStateMachine: sendNewTransitions called.
07-18 14:43:31.449  1592  1601 I zygote  : Background concurrent copying GC freed 62010(2MB) AllocSpace objects, 0(0B) LOS objects, 25% free, 17MB/23MB, paused 1.016ms total 177.515ms
07-18 14:43:31.596  5874  5884 I zygote  : Background concurrent copying GC freed 365059(8MB) AllocSpace objects, 0(0B) LOS objects, 17% free, 27MB/33MB, paused 970us total 296.731ms
07-18 14:43:32.693  5874  5884 I zygote  : Background concurrent copying GC freed 369392(8MB) AllocSpace objects, 0(0B) LOS objects, 17% free, 27MB/33MB, paused 783us total 243.266ms
07-18 14:43:33.767  1592  1609 E BatteryExternalStatsWorker: modem info is invalid: ModemActivityInfo{ mTimestamp=0 mSleepTimeMs=0 mIdleTimeMs=0 mTxTimeMs[]=[0, 0, 0, 0, 0] mRxTimeMs=0 mEnergyUsed=0}
07-18 14:43:33.792  5874  5884 I zygote  : Background concurrent copying GC freed 363086(8MB) AllocSpace objects, 0(0B) LOS objects, 17% free, 28MB/34MB, paused 1.158ms total 262.864ms
07-18 14:43:34.966  5874  5884 I zygote  : Background concurrent copying GC freed 410943(9MB) AllocSpace objects, 0(0B) LOS objects, 16% free, 30MB/36MB, paused 1.664ms total 296.414ms
07-18 14:43:34.993  1592  1852 I WifiService: acquireWifiLock uid=10014 lockMode=2
07-18 14:43:35.029  1592  1852 I WifiService: releaseWifiLock uid=10014
07-18 14:43:36.076  5874  5884 I zygote  : Background concurrent copying GC freed 517683(11MB) AllocSpace objects, 0(0B) LOS objects, 18% free, 25MB/31MB, paused 1.215ms total 204.228ms
07-18 14:43:36.777  1956  1956 I GeofencerStateMachine: sendNewTransitions called.
07-18 14:43:38.150  5874  5884 I zygote  : Background concurrent copying GC freed 281026(6MB) AllocSpace objects, 0(0B) LOS objects, 16% free, 29MB/35MB, paused 1.022ms total 289.189ms
07-18 14:43:38.824  1396  1414 D hwcomposer: hw_composer sent 276 syncs in 60s
07-18 14:43:39.294  5874  5884 I zygote  : Background concurrent copying GC freed 446284(9MB) AllocSpace objects, 0(0B) LOS objects, 17% free, 27MB/33MB, paused 864us total 234.926ms
07-18 14:43:40.423  5874  5884 I zygote  : Background concurrent copying GC freed 364652(8MB) AllocSpace objects, 0(0B) LOS objects, 17% free, 27MB/33MB, paused 785us total 231.783ms
07-18 14:43:41.525  5874  5884 I zygote  : Background concurrent copying GC freed 360454(7MB) AllocSpace objects, 0(0B) LOS objects, 17% free, 27MB/33MB, paused 768us total 225.319ms
07-18 14:43:42.363  1956  1956 I GeofencerStateMachine: sendNewTransitions called.
07-18 14:43:42.479  1403  1403 I boot-pipe: done populating /dev/random
07-18 14:43:42.641  5874  5884 I zygote  : Background concurrent copying GC freed 366700(8MB) AllocSpace objects, 0(0B) LOS objects, 17% free, 27MB/33MB, paused 747us total 237.827ms
07-18 14:43:43.775  5874  5884 I zygote  : Background concurrent copying GC freed 373017(8MB) AllocSpace objects, 0(0B) LOS objects, 17% free, 28MB/34MB, paused 881us total 245.446ms
07-18 14:43:44.967  5874  5884 I zygote  : Background concurrent copying GC freed 387829(8MB) AllocSpace objects, 0(0B) LOS objects, 16% free, 31MB/37MB, paused 1.012ms total 295.376ms
07-18 14:43:47.048  5874  5884 I zygote  : Background concurrent copying GC freed 526358(11MB) AllocSpace objects, 0(0B) LOS objects, 17% free, 27MB/33MB, paused 1.154ms total 238.312ms
07-18 14:43:47.796  1956  1956 I GeofencerStateMachine: sendNewTransitions called.
07-18 14:43:48.214  5874  5884 I zygote  : Background concurrent copying GC freed 359869(7MB) AllocSpace objects, 0(0B) LOS objects, 18% free, 25MB/31MB, paused 963us total 197.500ms
07-18 14:43:49.292  5874  5884 I zygote  : Background concurrent copying GC freed 304107(6MB) AllocSpace objects, 0(0B) LOS objects, 18% free, 27MB/33MB, paused 793us total 216.951ms
07-18 14:43:50.385  5874  5884 I zygote  : Background concurrent copying GC freed 338637(7MB) AllocSpace objects, 0(0B) LOS objects, 17% free, 27MB/33MB, paused 3.526ms total 247.168ms
07-18 14:43:51.445  5874  5884 I zygote  : Background concurrent copying GC freed 364419(8MB) AllocSpace objects, 0(0B) LOS objects, 17% free, 27MB/33MB, paused 874us total 232.267ms
07-18 14:43:52.584  5874  5884 I zygote  : Background concurrent copying GC freed 365882(8MB) AllocSpace objects, 0(0B) LOS objects, 17% free, 27MB/33MB, paused 763us total 242.664ms
07-18 14:43:53.424  1956  1956 I GeofencerStateMachine: sendNewTransitions called.
07-18 14:43:53.682  5874  5884 I zygote  : Background concurrent copying GC freed 377800(8MB) AllocSpace objects, 0(0B) LOS objects, 17% free, 27MB/33MB, paused 1.679ms total 224.220ms
07-18 14:43:54.851  5874  5884 I zygote  : Background concurrent copying GC freed 362296(8MB) AllocSpace objects, 0(0B) LOS objects, 16% free, 29MB/35MB, paused 1.247ms total 289.314ms
07-18 14:43:54.999  1592  6498 I WifiService: acquireWifiLock uid=10014 lockMode=2
07-18 14:43:55.006  1592  1605 E memtrack: Couldn't load memtrack module
07-18 14:43:55.006  1592  1605 W android.os.Debug: failed to get memory consumption info: -1
07-18 14:43:55.054  1592  1605 E memtrack: Couldn't load memtrack module
07-18 14:43:55.055  1592  1605 W android.os.Debug: failed to get memory consumption info: -1
07-18 14:43:55.982  5874  5884 I zygote  : Background concurrent copying GC freed 434425(9MB) AllocSpace objects, 0(0B) LOS objects, 16% free, 30MB/36MB, paused 2.105ms total 263.396ms
07-18 14:43:57.618  1592  1609 I WifiService: requestActivityInfo uid=1000
07-18 14:43:57.618  1592  1609 I WifiService: reportActivityInfo uid=1000
07-18 14:43:57.619  1592  1609 I WifiService: getSupportedFeatures uid=1000
07-18 14:43:57.631  1592  1609 E BluetoothAdapter: Bluetooth binder is null
07-18 14:43:52.558  1592  1609 E BatteryExternalStatsWorker: modem info is invalid: ModemActivityInfo{ mTimestamp=0 mSleepTimeMs=0 mIdleTimeMs=0 mTxTimeMs[]=[0, 0, 0, 0, 0] mRxTimeMs=0 mEnergyUsed=0}
07-18 14:43:57.636  1592  1609 E KernelCpuSpeedReader: Failed to read cpu-freq: /sys/devices/system/cpu/cpu0/cpufreq/stats/time_in_state (No such file or directory)
07-18 14:43:57.641  1592  1609 E BatteryExternalStatsWorker: modem info is invalid: ModemActivityInfo{ mTimestamp=0 mSleepTimeMs=0 mIdleTimeMs=0 mTxTimeMs[]=[0, 0, 0, 0, 0] mRxTimeMs=0 mEnergyUsed=0}
07-18 14:43:57.993  1592  6498 D WificondControl: Scan result ready event
07-18 14:43:57.996  1728  1728 I wpa_supplicant: nl80211: send_and_recv->nl_recvmsgs failed: -33
07-18 14:43:58.042  1592  3604 I WifiService: releaseWifiLock uid=10014
07-18 14:43:58.147  5874  5884 I zygote  : Background concurrent copying GC freed 475684(10MB) AllocSpace objects, 0(0B) LOS objects, 17% free, 27MB/33MB, paused 3.691ms total 288.223ms
07-18 14:43:58.772  5874  5874 D net.osmand: DayNightHelper Sunrise/sunset setting to day: true
07-18 14:43:58.828  1956  1956 I GeofencerStateMachine: sendNewTransitions called.
07-18 14:43:59.255  5874  5884 I zygote  : Background concurrent copying GC freed 371941(8MB) AllocSpace objects, 0(0B) LOS objects, 18% free, 25MB/31MB, paused 972us total 199.953ms
07-18 14:44:00.388  5874  5884 I zygote  : Background concurrent copying GC freed 286395(6MB) AllocSpace objects, 0(0B) LOS objects, 17% free, 27MB/33MB, paused 721us total 212.303ms
07-18 14:44:01.452  5874  5884 I zygote  : Background concurrent copying GC freed 348643(7MB) AllocSpace objects, 0(0B) LOS objects, 17% free, 27MB/33MB, paused 756us total 212.855ms
07-18 14:44:02.564  5874  5884 I zygote  : Background concurrent copying GC freed 369219(8MB) AllocSpace objects, 0(0B) LOS objects, 17% free, 27MB/33MB, paused 1.424ms total 215.570ms
07-18 14:44:03.692  5874  5884 I zygote  : Background concurrent copying GC freed 371777(8MB) AllocSpace objects, 0(0B) LOS objects, 17% free, 27MB/33MB, paused 848us total 262.190ms
07-18 14:44:04.516  1956  1956 I GeofencerStateMachine: sendNewTransitions called.
07-18 14:44:04.841  5874  5884 I zygote  : Background concurrent copying GC freed 361272(8MB) AllocSpace objects, 0(0B) LOS objects, 16% free, 29MB/35MB, paused 1.330ms total 270.390ms
07-18 14:44:06.003  5874  5884 I zygote  : Background concurrent copying GC freed 454574(10MB) AllocSpace objects, 0(0B) LOS objects, 17% free, 27MB/33MB, paused 2.568ms total 256.012ms
07-18 14:44:08.123  5874  5884 I zygote  : Background concurrent copying GC freed 369935(8MB) AllocSpace objects, 0(0B) LOS objects, 17% free, 27MB/33MB, paused 1.016ms total 253.648ms
07-18 14:44:09.261  5874  5884 I zygote  : Background concurrent copying GC freed 361384(8MB) AllocSpace objects, 0(0B) LOS objects, 18% free, 25MB/31MB, paused 744us total 198.965ms
07-18 14:44:09.810  1956  1956 I GeofencerStateMachine: sendNewTransitions called.
07-18 14:44:10.376  5874  5884 I zygote  : Background concurrent copying GC freed 295951(6MB) AllocSpace objects, 0(0B) LOS objects, 17% free, 27MB/33MB, paused 744us total 220.465ms
07-18 14:44:11.425  5874  5884 I zygote  : Background concurrent copying GC freed 345999(7MB) AllocSpace objects, 0(0B) LOS objects, 17% free, 27MB/33MB, paused 763us total 224.833ms
07-18 14:44:12.536  5874  5884 I zygote  : Background concurrent copying GC freed 370295(8MB) AllocSpace objects, 0(0B) LOS objects, 17% free, 27MB/33MB, paused 2.025ms total 232.531ms
07-18 14:44:13.654  5874  5884 I zygote  : Background concurrent copying GC freed 368431(8MB) AllocSpace objects, 0(0B) LOS objects, 17% free, 27MB/33MB, paused 1.358ms total 239.080ms
07-18 14:44:14.719  5874  5884 I zygote  : Background concurrent copying GC freed 352916(7MB) AllocSpace objects, 0(0B) LOS objects, 17% free, 27MB/33MB, paused 746us total 205.963ms
07-18 14:44:15.016  1592  6498 I WifiService: acquireWifiLock uid=10014 lockMode=2
07-18 14:44:15.051  1592  3044 I WifiService: releaseWifiLock uid=10014
07-18 14:44:15.057  1956  1956 I GeofencerStateMachine: sendNewTransitions called.
07-18 14:44:15.897  5874  5884 I zygote  : Background concurrent copying GC freed 372254(8MB) AllocSpace objects, 0(0B) LOS objects, 16% free, 30MB/36MB, paused 854us total 304.544ms
07-18 14:44:18.088  5874  5884 I zygote  : Background concurrent copying GC freed 493237(10MB) AllocSpace objects, 0(0B) LOS objects, 17% free, 29MB/35MB, paused 920us total 275.376ms
07-18 14:44:19.053  7046  7075 E PlayCommon: [360] PlayEventLogger.uploadLog: Failed to connect to server: java.net.SocketTimeoutException: failed to connect to play.googleapis.com/2800:3f0:4001:805::200a (port 443) from /fec0::7c22:3dd0:2466:3035 (port 57254) after 10000ms
07-18 14:44:19.067  1592  1601 I zygote  : Background concurrent copying GC freed 59383(2MB) AllocSpace objects, 3(548KB) LOS objects, 25% free, 17MB/23MB, paused 1.088ms total 253.146ms
07-18 14:44:19.223  5874  5884 I zygote  : Background concurrent copying GC freed 422829(9MB) AllocSpace objects, 0(0B) LOS objects, 18% free, 25MB/31MB, paused 951us total 211.030ms
07-18 14:44:20.302  5874  5884 I zygote  : Background concurrent copying GC freed 305256(6MB) AllocSpace objects, 0(0B) LOS objects, 18% free, 27MB/33MB, paused 850us total 217.286ms
07-18 14:44:20.805  1956  1956 I GeofencerStateMachine: sendNewTransitions called.
07-18 14:44:21.374  5874  5884 I zygote  : Background concurrent copying GC freed 342661(7MB) AllocSpace objects, 0(0B) LOS objects, 17% free, 27MB/33MB, paused 1.089ms total 225.998ms
07-18 14:44:22.473  5874  5884 I zygote  : Background concurrent copying GC freed 358730(7MB) AllocSpace objects, 0(0B) LOS objects, 17% free, 27MB/33MB, paused 810us total 229.046ms
07-18 14:44:23.673  5874  5884 I zygote  : Background concurrent copying GC freed 372927(8MB) AllocSpace objects, 0(0B) LOS objects, 17% free, 27MB/33MB, paused 804us total 240.531ms
07-18 14:44:24.768  5874  5884 I zygote  : Background concurrent copying GC freed 364761(8MB) AllocSpace objects, 0(0B) LOS objects, 17% free, 27MB/33MB, paused 1.268ms total 256.313ms
07-18 14:44:25.719  1956  1966 I zygote  : Background concurrent copying GC freed 113185(4MB) AllocSpace objects, 0(0B) LOS objects, 42% free, 8MB/14MB, paused 999us total 139.727ms
07-18 14:44:25.906  5874  5884 I zygote  : Background concurrent copying GC freed 360417(7MB) AllocSpace objects, 0(0B) LOS objects, 16% free, 29MB/35MB, paused 815us total 296.041ms
07-18 14:44:26.697  1956  1956 I GeofencerStateMachine: sendNewTransitions called.
07-18 14:44:27.041  5874  5884 I zygote  : Background concurrent copying GC freed 465479(10MB) AllocSpace objects, 0(0B) LOS objects, 17% free, 27MB/33MB, paused 1.010ms total 217.794ms
07-18 14:44:29.180  5874  5884 I zygote  : Background concurrent copying GC freed 366493(8MB) AllocSpace objects, 0(0B) LOS objects, 16% free, 29MB/35MB, paused 1.645ms total 340.568ms
07-18 14:44:30.319  5874  5884 I zygote  : Background concurrent copying GC freed 457291(10MB) AllocSpace objects, 0(0B) LOS objects, 17% free, 27MB/33MB, paused 1.107ms total 233.361ms
07-18 14:44:31.399  5874  5884 I zygote  : Background concurrent copying GC freed 357111(7MB) AllocSpace objects, 0(0B) LOS objects, 17% free, 27MB/33MB, paused 1.443ms total 225.647ms
07-18 14:44:32.260  1956  1956 I GeofencerStateMachine: sendNewTransitions called.
07-18 14:44:32.527  5874  5884 I zygote  : Background concurrent copying GC freed 373914(8MB) AllocSpace objects, 0(0B) LOS objects, 17% free, 27MB/33MB, paused 855us total 226.909ms
07-18 14:44:33.638  5874  5884 I zygote  : Background concurrent copying GC freed 360372(7MB) AllocSpace objects, 0(0B) LOS objects, 17% free, 27MB/33MB, paused 1.096ms total 221.557ms
