07-01 13:49:54.083  8767  8794 I net.osmand:native: Initializing rendering
07-01 13:49:54.085  8767  8794 I net.osmand:native: Rendering image
07-01 13:49:54.111  8767  8794 I net.osmand:native: Native ok (rendering 25, text 0 ms) 
07-01 13:49:54.111  8767  8794 I net.osmand:native:  (1577 points, 27 points inside, 19 of 28 objects visible)
07-01 13:49:54.111  8767  8794 I net.osmand:native: End Rendering image
07-01 13:49:54.111  8767  8794 I net.osmand:native: Native ok (init 1, rendering 25) 
07-01 13:49:54.112  8767  8794 I net.osmand: MapRenderRepositories true
07-01 13:49:54.174  1604  1621 I WifiService: requestActivityInfo uid=1000
07-01 13:49:54.175  1604  1621 I WifiService: reportActivityInfo uid=1000
07-01 13:49:54.175  1604  1621 I WifiService: getSupportedFeatures uid=1000
07-01 13:49:54.758  8767  8767 I net.osmand: RoutingHelper Recalculate route, because correlation  : 18886.657387222447
07-01 13:49:54.758  8767  8767 I net.osmand: RoutingHelper Recalculate route, because wrong movement direction: 18886.658
07-01 13:49:54.831  8767  8767 I net.osmand: RoutingHelper Recalculate route, because correlation  : 18886.657387222447
07-01 13:49:55.225  8767  8767 I net.osmand: RoutingHelper Recalculate route, because correlation  : 19180.217495824363
07-01 13:49:55.225  8767  8767 I net.osmand: RoutingHelper Recalculate route, because wrong movement direction: 19180.217
07-01 13:49:55.260  8767  8795 I net.osmand: MapRenderRepositories RENDER MAP: update due to tile box
07-01 13:49:55.260  8767  8795 I net.osmand: MapRenderRepositories RENDER MAP: Interrupt rendering map
07-01 13:49:55.434  8767  8767 I net.osmand: RoutingHelper Recalculate route, because correlation  : 19180.217495824363
07-01 13:49:55.584  8767  8795 I net.osmand: MapRenderRepositories RENDER MAP: update due to tile box
07-01 13:49:55.586  8767  8795 I net.osmand: MapRenderRepositories RENDER MAP: Interrupt rendering map
07-01 13:49:55.615  8767  8794 I net.osmand: MapRenderRepositories RENDER MAP: new request RotatedTileBox [lat=-7.275831666666666, lon=-36.060968333333335, rotate=0.0, density=2.625, zoom=17, mapDensity=3.9375, zoomAnimation=0.0, zoomFloatPart=0.0, cx=900, cy=1972, pixWidth=1800, pixHeight=2690]
07-01 13:49:55.738  8767  8794 I net.osmand:native: Route objects 18
07-01 13:49:55.738  8767  8794 I net.osmand:native: Ocean: no completed & incompleted coastlines 0
07-01 13:49:55.738  8767  8794 I net.osmand:native: Detailed coastlines = 0, basemap coastlines 0, ocean tile 0.000000. Detailed added 0, basemap processed 1, basemap added 0.
07-01 13:49:55.738  8767  8794 I net.osmand:native: Search : tree - read( 490), accept( 39), objs - visit( 2589), accept(25), in result(14) 
07-01 13:49:55.739  8767  8794 I net.osmand: MapRenderRepositories BLat=-7.278146409988404, TLat=-7.270139074325561, LLong=-36.06341552734375, RLong=-36.05851364135742, zoom=17
07-01 13:49:55.739  8767  8794 I net.osmand: MapRenderRepositories Native search: 122 ms 
07-01 13:49:55.748  8767  8794 I net.osmand:native: Creating SkBitmap in native w:1800 h:2690 s:7200 f:1!
07-01 13:49:55.749  8767  8794 I net.osmand:native: Row bytes for RGBA_8888 is 7200
07-01 13:49:55.751  8767  8794 I net.osmand:native: Locked 19368000 bytes at 0x69180000
07-01 13:49:55.751  8767  8794 I net.osmand:native: Initializing rendering
07-01 13:49:55.752  8767  8794 I net.osmand:native: Rendering image
07-01 13:49:55.775  8767  8794 I net.osmand:native: Native ok (rendering 19, text 0 ms) 
07-01 13:49:55.775  8767  8794 I net.osmand:native:  (1277 points, 35 points inside, 19 of 27 objects visible)
07-01 13:49:55.775  8767  8794 I net.osmand:native: End Rendering image
07-01 13:49:55.775  8767  8794 I net.osmand:native: Native ok (init 3, rendering 19) 
07-01 13:49:55.775  8767  8794 I net.osmand: MapRenderRepositories true
07-01 13:49:55.781  8767  8767 I net.osmand: RoutingHelper Recalculate route, because correlation  : 19180.217495824363
07-01 13:49:55.782  8767  8767 I net.osmand: RoutingHelper Recalculate route, because wrong movement direction: 19180.217
07-01 13:49:55.839  8767  8767 I net.osmand: RoutingHelper Recalculate route, because correlation  : 19180.217495824363
07-01 13:49:55.904  8767  8777 I zygote  : Background concurrent copying GC freed 882828(20MB) AllocSpace objects, 0(0B) LOS objects, 9% free, 59MB/65MB, paused 1.290ms total 1.842s
07-01 13:49:56.606  8767  8767 I net.osmand: RoutingHelper Recalculate route, because correlation  : 19474.39978590049
07-01 13:49:56.607  8767  8767 I net.osmand: RoutingHelper Recalculate route, because wrong movement direction: 19474.4
07-01 13:49:56.619  8767  8767 I net.osmand: RoutingHelper Recalculate route, because correlation  : 19474.39978590049
07-01 13:49:56.619  8767  8767 I net.osmand: RoutingHelper Recalculate route, because wrong movement direction: 19474.4
07-01 13:49:56.623  8767  8767 I net.osmand: RoutingHelper Recalculate route, because correlation  : 19474.39978590049
07-01 13:49:56.632  8767  8767 I net.osmand: RoutingHelper Recalculate route, because correlation  : 19474.39978590049
07-01 13:49:56.868  8767  8795 I net.osmand: MapRenderRepositories RENDER MAP: update due to tile box
07-01 13:49:56.869  8767  8795 I net.osmand: MapRenderRepositories RENDER MAP: Interrupt rendering map
07-01 13:49:57.279  8767  8794 I net.osmand: MapRenderRepositories RENDER MAP: new request RotatedTileBox [lat=-7.275791666666667, lon=-36.06374666666667, rotate=0.0, density=2.625, zoom=17, mapDensity=3.9375, zoomAnimation=0.0, zoomFloatPart=0.0, cx=900, cy=1972, pixWidth=1800, pixHeight=2690]
07-01 13:49:57.369  8767  8794 I net.osmand:native: Route objects 18
07-01 13:49:57.369  8767  8794 I net.osmand:native: Ocean: no completed & incompleted coastlines 0
07-01 13:49:57.369  8767  8794 I net.osmand:native: Detailed coastlines = 0, basemap coastlines 0, ocean tile 0.000000. Detailed added 0, basemap processed 1, basemap added 0.
07-01 13:49:57.369  8767  8794 I net.osmand:native: Search : tree - read( 490), accept( 39), objs - visit( 2589), accept(25), in result(14) 
07-01 13:49:57.369  8767  8794 I net.osmand: MapRenderRepositories BLat=-7.278103971481324, TLat=-7.270096635818481, LLong=-36.06619644165039, RLong=-36.0612907409668, zoom=17
07-01 13:49:57.369  8767  8794 I net.osmand: MapRenderRepositories Native search: 89 ms 
07-01 13:49:57.381  8767  8794 I net.osmand:native: Creating SkBitmap in native w:1800 h:2690 s:7200 f:1!
07-01 13:49:57.381  8767  8794 I net.osmand:native: Row bytes for RGBA_8888 is 7200
07-01 13:49:57.381  8767  8794 I net.osmand:native: Locked 19368000 bytes at 0x7b500000
07-01 13:49:57.381  8767  8794 I net.osmand:native: Initializing rendering
07-01 13:49:57.383  8767  8794 I net.osmand:native: Rendering image
07-01 13:49:57.409  8767  8794 I net.osmand:native: Native ok (rendering 26, text 0 ms) 
07-01 13:49:57.409  8767  8794 I net.osmand:native:  (1277 points, 29 points inside, 19 of 27 objects visible)
07-01 13:49:57.409  8767  8794 I net.osmand:native: End Rendering image
07-01 13:49:57.409  8767  8794 I net.osmand:native: Native ok (init 1, rendering 26) 
07-01 13:49:57.410  8767  8794 I net.osmand: MapRenderRepositories true
07-01 13:49:57.530  8767  8777 I zygote  : Background concurrent copying GC freed 1076956(23MB) AllocSpace objects, 0(0B) LOS objects, 10% free, 51MB/57MB, paused 9.046ms total 1.004s
07-01 13:49:57.714  8767  8767 I net.osmand: RoutingHelper Recalculate route, because correlation  : 19474.39978590049
07-01 13:49:57.714  8767  8767 I net.osmand: RoutingHelper Recalculate route, because wrong movement direction: 19474.4
07-01 13:49:57.817  8767  8767 I net.osmand: RoutingHelper Recalculate route, because correlation  : 19474.39978590049
07-01 13:49:58.677  8767  8767 I net.osmand: RoutingHelper Recalculate route, because correlation  : 19474.39978590049
07-01 13:49:58.677  8767  8767 I net.osmand: RoutingHelper Recalculate route, because wrong movement direction: 19474.4
07-01 13:49:58.806  8767  8767 I net.osmand: RoutingHelper Recalculate route, because correlation  : 19474.39978590049
07-01 13:49:59.764  8767  8767 I chatty  : uid=10104(net.osmand) identical 1 line
07-01 13:49:59.928  8767  8767 I net.osmand: RoutingHelper Recalculate route, because correlation  : 19474.39978590049
07-01 13:49:59.928  8767  8767 I net.osmand: RoutingHelper Recalculate route, because wrong movement direction: 19474.4
07-01 13:50:00.444  8767  8777 I zygote  : Background concurrent copying GC freed 649717(14MB) AllocSpace objects, 0(0B) LOS objects, 9% free, 60MB/66MB, paused 4.162ms total 2.384s
