06-30 22:03:13.690  3171  3171 I net.osmand: RoutingHelper Recalculate route, because wrong movement direction: 186070.33
06-30 22:03:14.003  3171  3171 I net.osmand: RoutingHelper Recalculate route, because correlation  : 186070.33175635283
06-30 22:03:14.004  3171  3171 I net.osmand: RoutingHelper Recalculate route, because wrong movement direction: 186070.33
06-30 22:03:14.097  3171  3171 I net.osmand: RoutingHelper Recalculate route, because correlation  : 186070.33175635283
06-30 22:03:14.209  3171  3171 I chatty  : uid=10104(net.osmand) identical 1 line
06-30 22:03:14.262  3171  3171 I net.osmand: RoutingHelper Recalculate route, because correlation  : 186070.33175635283
06-30 22:03:14.263  3171  3171 I net.osmand: RoutingHelper Recalculate route, because wrong movement direction: 186070.33
06-30 22:03:14.825  3171  3184 I zygote  : Background concurrent copying GC freed 448502(9MB) AllocSpace objects, 0(0B) LOS objects, 17% free, 28MB/34MB, paused 8.172ms total 777.757ms
06-30 22:03:14.916  3171  3171 I net.osmand: RoutingHelper Recalculate route, because correlation  : 186070.33175635283
06-30 22:03:14.922  3171  3171 I net.osmand: RoutingHelper Recalculate route, because correlation  : 186070.33175635283
06-30 22:03:14.922  3171  3171 I net.osmand: RoutingHelper Recalculate route, because wrong movement direction: 186070.33
06-30 22:03:15.112  3171  3171 I net.osmand: RoutingHelper Recalculate route, because correlation  : 186070.33175635283
06-30 22:03:15.116  3171  3171 I net.osmand: RoutingHelper Recalculate route, because correlation  : 186070.33175635283
06-30 22:03:15.116  3171  3171 I net.osmand: RoutingHelper Recalculate route, because wrong movement direction: 186070.33
06-30 22:03:15.495  3171  3171 I net.osmand: RoutingHelper Recalculate route, because correlation  : 186070.33175635283
06-30 22:03:15.496  3171  3171 I net.osmand: RoutingHelper Recalculate route, because wrong movement direction: 186070.33
06-30 22:03:15.511  3171  3171 I net.osmand: RoutingHelper Recalculate route, because correlation  : 186070.33175635283
06-30 22:03:16.000  3171  3171 I net.osmand: RoutingHelper Recalculate route, because correlation  : 186070.33175635283
06-30 22:03:16.000  3171  3171 I net.osmand: RoutingHelper Recalculate route, because wrong movement direction: 186070.33
06-30 22:03:16.017  3171  3184 I zygote  : Background concurrent copying GC freed 568195(12MB) AllocSpace objects, 0(0B) LOS objects, 17% free, 28MB/34MB, paused 4.221ms total 760.735ms
06-30 22:03:16.163  3171  3171 I net.osmand: RoutingHelper Recalculate route, because correlation  : 186070.33175635283
06-30 22:03:16.263  3171  3171 I chatty  : uid=10104(net.osmand) identical 1 line
06-30 22:03:16.310  3171  3171 I net.osmand: RoutingHelper Recalculate route, because correlation  : 186070.33175635283
06-30 22:03:16.310  3171  3171 I net.osmand: RoutingHelper Recalculate route, because wrong movement direction: 186070.33
06-30 22:03:16.842  3171  3171 I net.osmand: RoutingHelper Recalculate route, because correlation  : 186070.33175635283
06-30 22:03:16.876  3171  3171 I net.osmand: RoutingHelper Recalculate route, because correlation  : 186070.33175635283
06-30 22:03:16.876  3171  3171 I net.osmand: RoutingHelper Recalculate route, because wrong movement direction: 186070.33
06-30 22:03:17.060  3171  3184 I zygote  : Background concurrent copying GC freed 580840(12MB) AllocSpace objects, 0(0B) LOS objects, 18% free, 25MB/31MB, paused 4.952ms total 567.974ms
06-30 22:03:17.133  3171  3171 I net.osmand: RoutingHelper Recalculate route, because correlation  : 186070.33175635283
06-30 22:03:17.133  3171  3171 I net.osmand: RoutingHelper Recalculate route, because wrong movement direction: 186070.33
06-30 22:03:17.139  3171  3171 I net.osmand: RoutingHelper Recalculate route, because correlation  : 186070.33175635283
06-30 22:03:17.647  3171  3171 I chatty  : uid=10104(net.osmand) identical 1 line
06-30 22:03:17.703  3171  3171 I net.osmand: RoutingHelper Recalculate route, because correlation  : 186070.33175635283
06-30 22:03:17.703  3171  3171 I net.osmand: RoutingHelper Recalculate route, because wrong movement direction: 186070.33
06-30 22:03:18.039  3171  3171 I net.osmand: RoutingHelper Recalculate route, because correlation  : 186070.33175635283
06-30 22:03:18.043  3171  3171 I net.osmand: RoutingHelper Recalculate route, because correlation  : 186070.33175635283
06-30 22:03:18.043  3171  3171 I net.osmand: RoutingHelper Recalculate route, because wrong movement direction: 186070.33
06-30 22:03:18.322  3171  3171 I net.osmand: RoutingHelper Recalculate route, because correlation  : 186070.33175635283
06-30 22:03:18.374  3171  3171 I net.osmand: RoutingHelper Recalculate route, because correlation  : 186070.33175635283
06-30 22:03:18.374  3171  3171 I net.osmand: RoutingHelper Recalculate route, because wrong movement direction: 186070.33
06-30 22:03:18.399  3171  3184 I zygote  : Background concurrent copying GC freed 454776(10MB) AllocSpace objects, 0(0B) LOS objects, 16% free, 30MB/36MB, paused 8.006ms total 804.007ms
06-30 22:03:18.854  3171  3171 I net.osmand: RoutingHelper Recalculate route, because correlation  : 186070.33175635283
06-30 22:03:18.867  3171  3171 I net.osmand: RoutingHelper Recalculate route, because correlation  : 186070.33175635283
06-30 22:03:18.867  3171  3171 I net.osmand: RoutingHelper Recalculate route, because wrong movement direction: 186070.33
06-30 22:03:19.008  3171  3171 I net.osmand: RoutingHelper Recalculate route, because correlation  : 186070.33175635283
06-30 22:03:19.059  3171  3171 I net.osmand: RoutingHelper Recalculate route, because correlation  : 186070.33175635283
06-30 22:03:19.059  3171  3171 I net.osmand: RoutingHelper Recalculate route, because wrong movement direction: 186070.33
06-30 22:03:19.577  3171  3171 I net.osmand: RoutingHelper Recalculate route, because correlation  : 186070.33175635283
06-30 22:03:19.631  3171  3171 I net.osmand: RoutingHelper Recalculate route, because correlation  : 186070.33175635283
06-30 22:03:19.631  3171  3171 I net.osmand: RoutingHelper Recalculate route, because wrong movement direction: 186070.33
06-30 22:03:19.814  3171  3184 I zygote  : Background concurrent copying GC freed 644668(14MB) AllocSpace objects, 0(0B) LOS objects, 17% free, 28MB/34MB, paused 2.131ms total 795.492ms
06-30 22:03:20.026  3171  3171 I net.osmand: RoutingHelper Recalculate route, because correlation  : 186070.33175635283
06-30 22:03:20.027  3171  3171 I net.osmand: RoutingHelper Recalculate route, because wrong movement direction: 186070.33
06-30 22:03:20.048  3171  3171 I net.osmand: RoutingHelper Recalculate route, because correlation  : 186070.33175635283
06-30 22:03:20.192  3171  3171 I net.osmand: RoutingHelper Recalculate route, because correlation  : 186070.33175635283
06-30 22:03:20.192  3171  3171 I net.osmand: RoutingHelper Recalculate route, because wrong movement direction: 186070.33
06-30 22:03:20.273  3171  3171 I net.osmand: RoutingHelper Recalculate route, because correlation  : 186070.33175635283
06-30 22:03:20.678  3171  3184 I zygote  : Background concurrent copying GC freed 588013(12MB) AllocSpace objects, 0(0B) LOS objects, 18% free, 25MB/31MB, paused 1.717ms total 447.245ms
06-30 22:03:20.859  3171  3171 I net.osmand: RoutingHelper Recalculate route, because correlation  : 186070.33175635283
06-30 22:03:20.860  3171  3171 I net.osmand: RoutingHelper Recalculate route, because wrong movement direction: 186070.33
06-30 22:03:20.932  3171  3171 I net.osmand: RoutingHelper Recalculate route, because correlation  : 186070.33175635283
06-30 22:03:21.012  3171  3171 I net.osmand: RoutingHelper Recalculate route, because correlation  : 186070.33175635283
06-30 22:03:21.013  3171  3171 I net.osmand: RoutingHelper Recalculate route, because wrong movement direction: 186070.33
06-30 22:03:21.020  3171  3171 I net.osmand: RoutingHelper Recalculate route, because correlation  : 186070.33175635283
06-30 22:03:21.423  3171  3171 I chatty  : uid=10104(net.osmand) identical 1 line
06-30 22:03:21.431  3171  3171 I net.osmand: RoutingHelper Recalculate route, because correlation  : 186070.33175635283
06-30 22:03:21.431  3171  3171 I net.osmand: RoutingHelper Recalculate route, because wrong movement direction: 186070.33
06-30 22:03:21.964  3171  3184 I zygote  : Background concurrent copying GC freed 449040(9MB) AllocSpace objects, 0(0B) LOS objects, 18% free, 26MB/32MB, paused 2.144ms total 518.446ms
06-30 22:03:21.990  3171  3171 I net.osmand: RoutingHelper Recalculate route, because correlation  : 186070.33175635283
06-30 22:03:21.990  3171  3171 I net.osmand: RoutingHelper Recalculate route, because wrong movement direction: 186070.33
06-30 22:03:22.051  3171  3171 I net.osmand: RoutingHelper Recalculate route, because correlation  : 186070.33175635283
06-30 22:03:22.215  3171  3171 I chatty  : uid=10104(net.osmand) identical 1 line
06-30 22:03:22.277  3171  3171 I net.osmand: RoutingHelper Recalculate route, because correlation  : 186070.33175635283
06-30 22:03:22.277  3171  3171 I net.osmand: RoutingHelper Recalculate route, because wrong movement direction: 186070.33
06-30 22:03:22.845  3171  3171 I net.osmand: RoutingHelper Recalculate route, because correlation  : 186070.33175635283
06-30 22:03:22.845  3171  3171 I net.osmand: RoutingHelper Recalculate route, because wrong movement direction: 186070.33
06-30 22:03:22.875  3171  3184 I zygote  : Background concurrent copying GC freed 457563(10MB) AllocSpace objects, 0(0B) LOS objects, 19% free, 24MB/30MB, paused 1.019ms total 442.699ms
06-30 22:03:22.913  3171  3171 I net.osmand: RoutingHelper Recalculate route, because correlation  : 186070.33175635283
06-30 22:03:23.064  3171  3171 I net.osmand: RoutingHelper Recalculate route, because correlation  : 186070.33175635283
06-30 22:03:23.064  3171  3171 I net.osmand: RoutingHelper Recalculate route, because wrong movement direction: 186070.33
06-30 22:03:23.170  3171  3171 I net.osmand: RoutingHelper Recalculate route, because correlation  : 186070.33175635283
06-30 22:03:23.643  3171  3171 I net.osmand: RoutingHelper Recalculate route, because correlation  : 186070.33175635283
06-30 22:03:23.644  3171  3171 I net.osmand: RoutingHelper Recalculate route, because wrong movement direction: 186070.33
06-30 22:03:23.719  3171  3171 I net.osmand: RoutingHelper Recalculate route, because correlation  : 186070.33175635283
06-30 22:03:24.017  3171  3171 I net.osmand: RoutingHelper Recalculate route, because correlation  : 186070.33175635283
06-30 22:03:24.017  3171  3171 I net.osmand: RoutingHelper Recalculate route, because wrong movement direction: 186070.33
06-30 22:03:24.033  3171  3171 I net.osmand: RoutingHelper Recalculate route, because correlation  : 186070.33175635283
06-30 22:03:24.079  3171  3184 I zygote  : Background concurrent copying GC freed 369863(8MB) AllocSpace objects, 0(0B) LOS objects, 17% free, 27MB/33MB, paused 2.857ms total 695.504ms
06-30 22:03:24.266  3171  3171 I net.osmand: RoutingHelper Recalculate route, because correlation  : 186070.33175635283
06-30 22:03:24.266  3171  3171 I net.osmand: RoutingHelper Recalculate route, because wrong movement direction: 186070.33
06-30 22:03:24.311  3171  3171 I net.osmand: RoutingHelper Recalculate route, because correlation  : 186070.33175635283
06-30 22:03:24.802  3171  3171 I net.osmand: RoutingHelper Recalculate route, because correlation  : 186070.33175635283
06-30 22:03:24.803  3171  3171 I net.osmand: RoutingHelper Recalculate route, because wrong movement direction: 186070.33
06-30 22:03:24.813  1604  1621 I WifiService: requestActivityInfo uid=1000
06-30 22:03:24.813  1604  1621 I WifiService: reportActivityInfo uid=1000
06-30 22:03:24.813  1604  1621 I WifiService: getSupportedFeatures uid=1000
06-30 22:03:24.952  3171  3171 I net.osmand: RoutingHelper Recalculate route, because correlation  : 186070.33175635283
06-30 22:03:25.104  3171  3171 I chatty  : uid=10104(net.osmand) identical 1 line
06-30 22:03:25.106  3171  3171 I net.osmand: RoutingHelper Recalculate route, because correlation  : 186070.33175635283
06-30 22:03:25.106  3171  3171 I net.osmand: RoutingHelper Recalculate route, because wrong movement direction: 186070.33
06-30 22:03:25.540  1604  1614 I WifiService: acquireWifiLock uid=10014 lockMode=2
06-30 22:03:25.550  3171  3171 I net.osmand: RoutingHelper Recalculate route, because correlation  : 186070.33175635283
06-30 22:03:25.572  3171  3171 I net.osmand: RoutingHelper Recalculate route, because correlation  : 186070.33175635283
06-30 22:03:25.572  3171  3171 I net.osmand: RoutingHelper Recalculate route, because wrong movement direction: 186070.33
06-30 22:03:25.683  3171  3184 I zygote  : Background concurrent copying GC freed 516410(11MB) AllocSpace objects, 0(0B) LOS objects, 16% free, 29MB/35MB, paused 1.752ms total 860.586ms
06-30 22:03:25.686  1604  1617 E memtrack: Couldn't load memtrack module
06-30 22:03:25.686  1604  1617 W android.os.Debug: failed to get memory consumption info: -1
06-30 22:03:25.729  1604  5753 I WifiService: releaseWifiLock uid=10014
06-30 22:03:25.994  1604  1617 E memtrack: Couldn't load memtrack module
06-30 22:03:25.994  1604  1617 W android.os.Debug: failed to get memory consumption info: -1
06-30 22:03:26.078  3171  3171 I net.osmand: RoutingHelper Recalculate route, because correlation  : 186070.33175635283
06-30 22:03:26.079  3171  3171 I net.osmand: RoutingHelper Recalculate route, because wrong movement direction: 186070.33
06-30 22:03:26.085  3171  3171 I net.osmand: RoutingHelper Recalculate route, because correlation  : 186070.33175635283
06-30 22:03:26.224  3171  3171 I net.osmand: RoutingHelper Recalculate route, because correlation  : 186070.33175635283
06-30 22:03:26.224  3171  3171 I net.osmand: RoutingHelper Recalculate route, because wrong movement direction: 186070.33
06-30 22:03:26.254  3171  3171 I net.osmand: RoutingHelper Recalculate route, because correlation  : 186070.33175635283
06-30 22:03:26.891  3171  3184 I zygote  : Background concurrent copying GC freed 660378(14MB) AllocSpace objects, 0(0B) LOS objects, 18% free, 26MB/32MB, paused 3.610ms total 687.716ms
06-30 22:03:26.894  3171  3171 I net.osmand: RoutingHelper Recalculate route, because correlation  : 186070.33175635283
06-30 22:03:26.894  3171  3171 I net.osmand: RoutingHelper Recalculate route, because wrong movement direction: 186070.33
06-30 22:03:26.929  3171  3171 I net.osmand: RoutingHelper Recalculate route, because correlation  : 186070.33175635283
06-30 22:03:27.092  3171  3171 I net.osmand: RoutingHelper Recalculate route, because correlation  : 186070.33175635283
06-30 22:03:27.092  3171  3171 I net.osmand: RoutingHelper Recalculate route, because wrong movement direction: 186070.33
06-30 22:03:27.184  3171  3171 I net.osmand: RoutingHelper Recalculate route, because correlation  : 186070.33175635283
06-30 22:03:27.465  3171  3171 I net.osmand: RoutingHelper Recalculate route, because correlation  : 186070.33175635283
06-30 22:03:27.465  3171  3171 I net.osmand: RoutingHelper Recalculate route, because wrong movement direction: 186070.33
06-30 22:03:27.473  3171  3171 I net.osmand: RoutingHelper Recalculate route, because correlation  : 186070.33175635283
06-30 22:03:27.958  3171  3184 I zygote  : Background concurrent copying GC freed 501187(11MB) AllocSpace objects, 0(0B) LOS objects, 17% free, 28MB/34MB, paused 4.422ms total 729.035ms
06-30 22:03:27.993  3171  3171 I net.osmand: RoutingHelper Recalculate route, because correlation  : 186070.33175635283
06-30 22:03:28.059  3171  3171 I net.osmand: RoutingHelper Recalculate route, because correlation  : 186070.33175635283
06-30 22:03:28.059  3171  3171 I net.osmand: RoutingHelper Recalculate route, because wrong movement direction: 186070.33
06-30 22:03:28.298  3171  3171 I net.osmand: RoutingHelper Recalculate route, because correlation  : 186070.33175635283
06-30 22:03:28.301  3171  3171 I net.osmand: RoutingHelper Recalculate route, because wrong movement direction: 186070.33
06-30 22:03:28.327  3171  3171 I net.osmand: RoutingHelper Recalculate route, because correlation  : 186070.33175635283
06-30 22:03:28.892  3171  3171 I chatty  : uid=10104(net.osmand) identical 1 line
06-30 22:03:28.914  3171  3171 I net.osmand: RoutingHelper Recalculate route, because correlation  : 186070.33175635283
06-30 22:03:28.914  3171  3171 I net.osmand: RoutingHelper Recalculate route, because wrong movement direction: 186070.33
06-30 22:03:29.035  3171  3171 I net.osmand: RoutingHelper Recalculate route, because correlation  : 186070.33175635283
06-30 22:03:29.036  3171  3171 I net.osmand: RoutingHelper Recalculate route, because wrong movement direction: 186070.33
06-30 22:03:29.102  3171  3184 I zygote  : Background concurrent copying GC freed 557094(12MB) AllocSpace objects, 0(0B) LOS objects, 19% free, 25MB/31MB, paused 2.583ms total 600.427ms
06-30 22:03:29.109  3171  3171 I net.osmand: RoutingHelper Recalculate route, because correlation  : 186070.33175635283
06-30 22:03:29.619  3171  3171 I net.osmand: RoutingHelper Recalculate route, because correlation  : 186070.33175635283
06-30 22:03:29.619  3171  3171 I net.osmand: RoutingHelper Recalculate route, because wrong movement direction: 186070.33
06-30 22:03:29.778  3171  3171 I net.osmand: RoutingHelper Recalculate route, because correlation  : 186070.33175635283
06-30 22:03:30.081  3171  3171 I net.osmand: RoutingHelper Recalculate route, because correlation  : 186070.33175635283
06-30 22:03:30.081  3171  3171 I net.osmand: RoutingHelper Recalculate route, because wrong movement direction: 186070.33
06-30 22:03:30.117  3171  3171 I net.osmand: RoutingHelper Recalculate route, because correlation  : 186070.33175635283
06-30 22:03:30.292  3171  3171 I net.osmand: RoutingHelper Recalculate route, because correlation  : 186070.33175635283
06-30 22:03:30.292  3171  3171 I net.osmand: RoutingHelper Recalculate route, because wrong movement direction: 186070.33
06-30 22:03:30.340  3171  3171 I net.osmand: RoutingHelper Recalculate route, because correlation  : 186070.33175635283
06-30 22:03:30.682  3171  3184 I zygote  : Background concurrent copying GC freed 436900(9MB) AllocSpace objects, 0(0B) LOS objects, 16% free, 31MB/37MB, paused 1.105ms total 999.455ms
06-30 22:03:30.811  3171  3171 I net.osmand: RoutingHelper Recalculate route, because correlation  : 186070.33175635283
06-30 22:03:30.811  3171  3171 I net.osmand: RoutingHelper Recalculate route, because wrong movement direction: 186070.33
06-30 22:03:30.818  3171  3171 I net.osmand: RoutingHelper Recalculate route, because correlation  : 186070.33175635283
06-30 22:03:31.050  3171  3171 I net.osmand: RoutingHelper Recalculate route, because correlation  : 186070.33175635283
06-30 22:03:31.051  3171  3171 I net.osmand: RoutingHelper Recalculate route, because wrong movement direction: 186070.33
06-30 22:03:31.193  3171  3171 I net.osmand: RoutingHelper Recalculate route, because correlation  : 186070.33175635283
06-30 22:03:31.691  3171  3171 I net.osmand: RoutingHelper Recalculate route, because correlation  : 186070.33175635283
06-30 22:03:31.691  3171  3171 I net.osmand: RoutingHelper Recalculate route, because wrong movement direction: 186070.33
06-30 22:03:31.830  3171  3171 I net.osmand: RoutingHelper Recalculate route, because correlation  : 186070.33175635283
06-30 22:03:32.002  3171  3184 I zygote  : Background concurrent copying GC freed 699243(15MB) AllocSpace objects, 0(0B) LOS objects, 16% free, 30MB/36MB, paused 1.050ms total 926.802ms
06-30 22:03:32.179  3171  3171 I net.osmand: RoutingHelper Recalculate route, because correlation  : 186070.33175635283
06-30 22:03:32.179  3171  3171 I net.osmand: RoutingHelper Recalculate route, because wrong movement direction: 186070.33
06-30 22:03:32.212  3171  3171 I net.osmand: RoutingHelper Recalculate route, because correlation  : 186070.33175635283
06-30 22:03:32.213  3171  3171 I net.osmand: RoutingHelper Recalculate route, because correlation  : 186070.33175635283
06-30 22:03:32.213  3171  3171 I net.osmand: RoutingHelper Recalculate route, because wrong movement direction: 186070.33
06-30 22:03:32.214  3171  3171 I net.osmand: RoutingHelper Recalculate route, because correlation  : 186070.33175635283
06-30 22:03:32.796  3171  3184 I zygote  : Background concurrent copying GC freed 680047(14MB) AllocSpace objects, 0(0B) LOS objects, 20% free, 23MB/29MB, paused 3.333ms total 360.598ms
06-30 22:03:32.901  3171  3171 I net.osmand: RoutingHelper Recalculate route, because correlation  : 186070.33175635283
06-30 22:03:32.956  3171  3171 I net.osmand: RoutingHelper Recalculate route, because correlation  : 186070.33175635283
06-30 22:03:32.956  3171  3171 I net.osmand: RoutingHelper Recalculate route, because wrong movement direction: 186070.33
06-30 22:03:33.063  3171  3171 I net.osmand: RoutingHelper Recalculate route, because correlation  : 186070.33175635283
06-30 22:03:33.064  3171  3171 I net.osmand: RoutingHelper Recalculate route, because wrong movement direction: 186070.33
06-30 22:03:33.242  3171  3171 I net.osmand: RoutingHelper Recalculate route, because correlation  : 186070.33175635283
06-30 22:03:33.672  3171  3171 I net.osmand: RoutingHelper Recalculate route, because correlation  : 186070.33175635283
06-30 22:03:33.672  3171  3171 I net.osmand: RoutingHelper Recalculate route, because wrong movement direction: 186070.33
06-30 22:03:33.726  3171  3171 I net.osmand: RoutingHelper Recalculate route, because correlation  : 186070.33175635283
06-30 22:03:34.061  3171  3171 I net.osmand: RoutingHelper Recalculate route, because correlation  : 186070.33175635283
06-30 22:03:34.061  3171  3171 I net.osmand: RoutingHelper Recalculate route, because wrong movement direction: 186070.33
06-30 22:03:34.159  3171  3171 I net.osmand: RoutingHelper Recalculate route, because correlation  : 186070.33175635283
06-30 22:03:34.300  3171  3171 I net.osmand: RoutingHelper Recalculate route, because correlation  : 186070.33175635283
06-30 22:03:34.300  3171  3171 I net.osmand: RoutingHelper Recalculate route, because wrong movement direction: 186070.33
06-30 22:03:34.316  6915  6915 W ymr     : Already started: ymr@47d62bd
06-30 22:03:34.433  6915  7005 E sbo     : Interactive Ads jobs: did not expect this future to ever resolve
06-30 22:03:34.514  3171  3184 I zygote  : Background concurrent copying GC freed 339152(7MB) AllocSpace objects, 0(0B) LOS objects, 15% free, 31MB/37MB, paused 1.436ms total 1.096s
06-30 22:03:34.523  3171  3171 I net.osmand: RoutingHelper Recalculate route, because correlation  : 186070.33175635283
06-30 22:03:34.984  3171  3171 I chatty  : uid=10104(net.osmand) identical 1 line
06-30 22:03:35.025  3171  3171 I net.osmand: RoutingHelper Recalculate route, because correlation  : 186070.33175635283
06-30 22:03:35.026  3171  3171 I net.osmand: RoutingHelper Recalculate route, because wrong movement direction: 186070.33
06-30 22:03:35.071  3171  3171 I net.osmand: RoutingHelper Recalculate route, because correlation  : 186070.33175635283
06-30 22:03:35.071  3171  3171 I net.osmand: RoutingHelper Recalculate route, because wrong movement direction: 186070.33
06-30 22:03:35.076  3171  3171 I net.osmand: RoutingHelper Recalculate route, because correlation  : 186070.33175635283
06-30 22:03:35.395  1604  1621 I WifiService: requestActivityInfo uid=1000
06-30 22:03:35.396  1604  1621 I WifiService: reportActivityInfo uid=1000
06-30 22:03:35.396  1604  1621 I WifiService: getSupportedFeatures uid=1000
06-30 22:03:35.657  3171  3171 I net.osmand: RoutingHelper Recalculate route, because correlation  : 186070.33175635283
06-30 22:03:35.657  3171  3171 I net.osmand: RoutingHelper Recalculate route, because wrong movement direction: 186070.33
06-30 22:03:35.722  3171  3171 I net.osmand: RoutingHelper Recalculate route, because correlation  : 186070.33175635283
06-30 22:03:35.978  3171  3184 I zygote  : Background concurrent copying GC freed 724900(15MB) AllocSpace objects, 0(0B) LOS objects, 18% free, 26MB/32MB, paused 16.613ms total 890.567ms
06-30 22:03:36.083  3171  3171 I net.osmand: RoutingHelper Recalculate route, because correlation  : 186070.33175635283
06-30 22:03:36.083  3171  3171 I net.osmand: RoutingHelper Recalculate route, because wrong movement direction: 186070.33
06-30 22:03:36.201  3171  3171 I net.osmand: RoutingHelper Recalculate route, because correlation  : 186070.33175635283
06-30 22:03:36.346  3171  3171 I net.osmand: RoutingHelper Recalculate route, because correlation  : 186070.33175635283
06-30 22:03:36.346  3171  3171 I net.osmand: RoutingHelper Recalculate route, because wrong movement direction: 186070.33
06-30 22:03:36.440  3171  3171 I net.osmand: RoutingHelper Recalculate route, because correlation  : 186070.33175635283
06-30 22:03:37.051  3171  3171 I net.osmand: RoutingHelper Recalculate route, because correlation  : 186070.33175635283
06-30 22:03:37.051  3171  3171 I net.osmand: RoutingHelper Recalculate route, because wrong movement direction: 186070.33
06-30 22:03:37.095  3171  3171 I net.osmand: RoutingHelper Recalculate route, because correlation  : 186070.33175635283
06-30 22:03:37.095  3171  3171 I net.osmand: RoutingHelper Recalculate route, because wrong movement direction: 186070.33
06-30 22:03:37.226  3171  3171 I net.osmand: RoutingHelper Recalculate route, because correlation  : 186070.33175635283
06-30 22:03:37.340  3171  3171 I net.osmand: RoutingHelper Recalculate route, because correlation  : 186070.33175635283
06-30 22:03:37.716  3171  3184 I zygote  : Background concurrent copying GC freed 476564(10MB) AllocSpace objects, 0(0B) LOS objects, 14% free, 34MB/40MB, paused 7.297ms total 1.330s
06-30 22:03:37.776  3171  3171 I net.osmand: RoutingHelper Recalculate route, because correlation  : 186070.33175635283
06-30 22:03:37.776  3171  3171 I net.osmand: RoutingHelper Recalculate route, because wrong movement direction: 186070.33
06-30 22:03:37.785  3171  3171 I net.osmand: RoutingHelper Recalculate route, because correlation  : 186070.33175635283
06-30 22:03:38.030  3171  3171 I net.osmand: RoutingHelper Recalculate route, because correlation  : 186070.33175635283
06-30 22:03:38.031  3171  3171 I net.osmand: RoutingHelper Recalculate route, because wrong movement direction: 186070.33
06-30 22:03:38.189  3171  3171 I net.osmand: RoutingHelper Recalculate route, because correlation  : 186070.33175635283
06-30 22:03:38.386  3171  3171 I net.osmand: RoutingHelper Recalculate route, because correlation  : 186070.33175635283
06-30 22:03:38.387  3171  3171 I net.osmand: RoutingHelper Recalculate route, because wrong movement direction: 186070.33
06-30 22:03:38.520  3171  3171 I net.osmand: RoutingHelper Recalculate route, because correlation  : 186070.33175635283
06-30 22:03:38.942  3171  3184 I zygote  : Background concurrent copying GC freed 849130(18MB) AllocSpace objects, 0(0B) LOS objects, 18% free, 25MB/31MB, paused 2.649ms total 713.602ms
06-30 22:03:38.998  3171  3171 I net.osmand: RoutingHelper Recalculate route, because correlation  : 186070.33175635283
06-30 22:03:39.079  3171  3171 I net.osmand: RoutingHelper Recalculate route, because correlation  : 186070.33175635283
06-30 22:03:39.079  3171  3171 I net.osmand: RoutingHelper Recalculate route, because wrong movement direction: 186070.33
06-30 22:03:39.187  3171  3171 I net.osmand: RoutingHelper Recalculate route, because correlation  : 186070.33175635283
06-30 22:03:39.187  3171  3171 I net.osmand: RoutingHelper Recalculate route, because wrong movement direction: 186070.33
06-30 22:03:39.193  3171  3171 I net.osmand: RoutingHelper Recalculate route, because correlation  : 186070.33175635283
06-30 22:03:39.741  3171  3171 I net.osmand: RoutingHelper Recalculate route, because correlation  : 186070.33175635283
06-30 22:03:39.741  3171  3171 I net.osmand: RoutingHelper Recalculate route, because wrong movement direction: 186070.33
06-30 22:03:39.770  3171  3171 I net.osmand: RoutingHelper Recalculate route, because correlation  : 186070.33175635283
06-30 22:03:40.023  3171  3171 I net.osmand: RoutingHelper Recalculate route, because correlation  : 186070.33175635283
06-30 22:03:40.070  3171  3184 I zygote  : Background concurrent copying GC freed 462560(10MB) AllocSpace objects, 0(0B) LOS objects, 17% free, 27MB/33MB, paused 6.854ms total 712.218ms
06-30 22:03:40.091  3171  3171 I net.osmand: RoutingHelper Recalculate route, because correlation  : 186070.33175635283
06-30 22:03:40.092  3171  3171 I net.osmand: RoutingHelper Recalculate route, because wrong movement direction: 186070.33
06-30 22:03:40.510  3171  3171 I net.osmand: RoutingHelper Recalculate route, because correlation  : 186070.33175635283
06-30 22:03:40.513  3171  3171 I net.osmand: RoutingHelper Recalculate route, because correlation  : 186070.33175635283
06-30 22:03:40.513  3171  3171 I net.osmand: RoutingHelper Recalculate route, because wrong movement direction: 186070.33
06-30 22:03:41.142  3171  3171 I net.osmand: RoutingHelper Recalculate route, because correlation  : 186070.33175635283
06-30 22:03:41.271  3171  3171 I chatty  : uid=10104(net.osmand) identical 1 line
06-30 22:03:41.304  3171  3171 I net.osmand: RoutingHelper Recalculate route, because correlation  : 186070.33175635283
06-30 22:03:41.304  3171  3171 I net.osmand: RoutingHelper Recalculate route, because wrong movement direction: 186070.33
06-30 22:03:41.310  3171  3171 I net.osmand: RoutingHelper Recalculate route, because correlation  : 186070.33175635283
06-30 22:03:41.310  3171  3171 I net.osmand: RoutingHelper Recalculate route, because wrong movement direction: 186070.33
06-30 22:03:41.512  3171  3184 I zygote  : Background concurrent copying GC freed 533871(11MB) AllocSpace objects, 0(0B) LOS objects, 15% free, 33MB/39MB, paused 1.388ms total 966.770ms
06-30 22:03:41.724  3171  3171 I net.osmand: RoutingHelper Recalculate route, because correlation  : 186070.33175635283
06-30 22:03:41.762  3171  3171 I net.osmand: RoutingHelper Recalculate route, because correlation  : 186070.33175635283
06-30 22:03:41.763  3171  3171 I net.osmand: RoutingHelper Recalculate route, because wrong movement direction: 186070.33
06-30 22:03:42.037  3171  3171 I net.osmand: RoutingHelper Recalculate route, because correlation  : 186070.33175635283
06-30 22:03:42.044  3171  3171 I net.osmand: RoutingHelper Recalculate route, because correlation  : 186070.33175635283
06-30 22:03:42.045  3171  3171 I net.osmand: RoutingHelper Recalculate route, because wrong movement direction: 186070.33
06-30 22:03:42.411  3171  3171 I net.osmand: RoutingHelper Recalculate route, because correlation  : 186070.33175635283
06-30 22:03:42.514  3171  3171 I net.osmand: RoutingHelper Recalculate route, because correlation  : 186070.33175635283
06-30 22:03:42.515  3171  3171 I net.osmand: RoutingHelper Recalculate route, because wrong movement direction: 186070.33
06-30 22:03:42.880  3171  3184 I zygote  : Background concurrent copying GC freed 794897(17MB) AllocSpace objects, 0(0B) LOS objects, 16% free, 31MB/37MB, paused 1.396ms total 829.259ms
06-30 22:03:43.021  3171  3171 I net.osmand: RoutingHelper Recalculate route, because correlation  : 186070.33175635283
06-30 22:03:43.021  3171  3171 I net.osmand: RoutingHelper Recalculate route, because wrong movement direction: 186070.33
06-30 22:03:43.036  3171  3171 I net.osmand: RoutingHelper Recalculate route, because correlation  : 186070.33175635283
06-30 22:03:43.038  3171  3171 I net.osmand: RoutingHelper Recalculate route, because correlation  : 186070.33175635283
06-30 22:03:43.038  3171  3171 I net.osmand: RoutingHelper Recalculate route, because wrong movement direction: 186070.33
06-30 22:03:43.040  3171  3171 I net.osmand: RoutingHelper Recalculate route, because correlation  : 186070.33175635283
06-30 22:03:43.630  3171  3171 I net.osmand: RoutingHelper Recalculate route, because correlation  : 186070.33175635283
06-30 22:03:43.630  3171  3171 I net.osmand: RoutingHelper Recalculate route, because wrong movement direction: 186070.33
06-30 22:03:43.752  3171  3171 I net.osmand: RoutingHelper Recalculate route, because correlation  : 186070.33175635283
06-30 22:03:44.025  3171  3171 I net.osmand: RoutingHelper Recalculate route, because correlation  : 186070.33175635283
06-30 22:03:44.026  3171  3171 I net.osmand: RoutingHelper Recalculate route, because wrong movement direction: 186070.33
06-30 22:03:44.157  3171  3171 I net.osmand: RoutingHelper Recalculate route, because correlation  : 186070.33175635283
06-30 22:03:44.381  3171  3171 I net.osmand: RoutingHelper Recalculate route, because correlation  : 186070.33175635283
06-30 22:03:44.381  3171  3171 I net.osmand: RoutingHelper Recalculate route, because wrong movement direction: 186070.33
06-30 22:03:44.464  3171  3171 I net.osmand: RoutingHelper Recalculate route, because correlation  : 186070.33175635283
06-30 22:03:44.628  3171  3184 I zygote  : Background concurrent copying GC freed 718498(15MB) AllocSpace objects, 0(0B) LOS objects, 16% free, 30MB/36MB, paused 10.800ms total 921.335ms
06-30 22:03:44.941  3171  3171 I net.osmand: RoutingHelper Recalculate route, because correlation  : 186070.33175635283
06-30 22:03:44.958  3171  3171 I net.osmand: RoutingHelper Recalculate route, because correlation  : 186070.33175635283
06-30 22:03:44.958  3171  3171 I net.osmand: RoutingHelper Recalculate route, because wrong movement direction: 186070.33
06-30 22:03:45.002  3171  3171 I net.osmand: RoutingHelper Recalculate route, because correlation  : 186070.33175635283
06-30 22:03:45.002  3171  3171 I net.osmand: RoutingHelper Recalculate route, because wrong movement direction: 186070.33
06-30 22:03:45.131  3171  3171 I net.osmand: RoutingHelper Recalculate route, because correlation  : 186070.33175635283
06-30 22:03:45.579  1604  4176 I WifiService: acquireWifiLock uid=10014 lockMode=2
06-30 22:03:45.682  3171  3184 I zygote  : Background concurrent copying GC freed 665187(14MB) AllocSpace objects, 0(0B) LOS objects, 18% free, 25MB/31MB, paused 4.734ms total 491.799ms
06-30 22:03:45.693  3171  3171 I net.osmand: RoutingHelper Recalculate route, because correlation  : 186070.33175635283
06-30 22:03:45.694  3171  3171 I net.osmand: RoutingHelper Recalculate route, because wrong movement direction: 186070.33
06-30 22:03:45.750  3171  3171 I net.osmand: RoutingHelper Recalculate route, because correlation  : 186070.33175635283
06-30 22:03:46.021  3171  3171 I chatty  : uid=10104(net.osmand) identical 1 line
06-30 22:03:46.033  3171  3171 I net.osmand: RoutingHelper Recalculate route, because correlation  : 186070.33175635283
06-30 22:03:46.034  3171  3171 I net.osmand: RoutingHelper Recalculate route, because wrong movement direction: 186070.33
06-30 22:03:46.360  3171  3171 I net.osmand: RoutingHelper Recalculate route, because correlation  : 186070.33175635283
06-30 22:03:46.360  3171  3171 I net.osmand: RoutingHelper Recalculate route, because wrong movement direction: 186070.33
06-30 22:03:46.501  3171  3171 I net.osmand: RoutingHelper Recalculate route, because correlation  : 186070.33175635283
06-30 22:03:46.904  3171  3184 I zygote  : Background concurrent copying GC freed 460786(10MB) AllocSpace objects, 0(0B) LOS objects, 17% free, 28MB/34MB, paused 1.398ms total 810.327ms
06-30 22:03:46.983  3171  3171 I net.osmand: RoutingHelper Recalculate route, because correlation  : 186070.33175635283
06-30 22:03:46.983  3171  3171 I net.osmand: RoutingHelper Recalculate route, because wrong movement direction: 186070.33
06-30 22:03:47.107  3171  3171 I net.osmand: RoutingHelper Recalculate route, because correlation  : 186070.33175635283
06-30 22:03:47.107  3171  3171 I net.osmand: RoutingHelper Recalculate route, because wrong movement direction: 186070.33
06-30 22:03:47.171  3171  3171 I net.osmand: RoutingHelper Recalculate route, because correlation  : 186070.33175635283
06-30 22:03:47.214  3171  3171 I chatty  : uid=10104(net.osmand) identical 1 line
06-30 22:03:47.674  3171  3171 I net.osmand: RoutingHelper Recalculate route, because correlation  : 186070.33175635283
06-30 22:03:47.674  3171  3171 I net.osmand: RoutingHelper Recalculate route, because wrong movement direction: 186070.33
06-30 22:03:47.738  3171  3171 I net.osmand: RoutingHelper Recalculate route, because correlation  : 186070.33175635283
06-30 22:03:47.961  3171  3184 I zygote  : Background concurrent copying GC freed 565281(12MB) AllocSpace objects, 0(0B) LOS objects, 18% free, 27MB/33MB, paused 5.355ms total 619.005ms
06-30 22:03:48.037  3171  3171 I net.osmand: RoutingHelper Recalculate route, because correlation  : 186070.33175635283
06-30 22:03:48.037  3171  3171 I net.osmand: RoutingHelper Recalculate route, because wrong movement direction: 186070.33
06-30 22:03:48.079  3171  3171 I net.osmand: RoutingHelper Recalculate route, because correlation  : 186070.33175635283
06-30 22:03:48.360  3171  3171 I chatty  : uid=10104(net.osmand) identical 1 line
06-30 22:03:48.388  3171  3171 I net.osmand: RoutingHelper Recalculate route, because correlation  : 186070.33175635283
06-30 22:03:48.388  3171  3171 I net.osmand: RoutingHelper Recalculate route, because wrong movement direction: 186070.33
06-30 22:03:48.561  1604  1614 D WificondControl: Scan result ready event
06-30 22:03:48.716  1604  6773 I WifiService: releaseWifiLock uid=10014
06-30 22:03:48.967  3171  3184 I zygote  : Background concurrent copying GC freed 512548(11MB) AllocSpace objects, 0(0B) LOS objects, 18% free, 26MB/32MB, paused 1.589ms total 662.547ms
06-30 22:03:49.015  3171  3171 I net.osmand: RoutingHelper Recalculate route, because correlation  : 186070.33175635283
06-30 22:03:49.015  3171  3171 I net.osmand: RoutingHelper Recalculate route, because wrong movement direction: 186070.33
06-30 22:03:49.148  3171  3171 I net.osmand: RoutingHelper Recalculate route, because correlation  : 186070.33175635283
06-30 22:03:49.332  3171  3171 I net.osmand: RoutingHelper Recalculate route, because correlation  : 186070.33175635283
06-30 22:03:49.333  3171  3171 I net.osmand: RoutingHelper Recalculate route, because wrong movement direction: 186070.33
06-30 22:03:49.384  3171  3171 I net.osmand: RoutingHelper Recalculate route, because correlation  : 186070.33175635283
06-30 22:03:49.843  3171  3171 I chatty  : uid=10104(net.osmand) identical 1 line
06-30 22:03:49.844  3171  3171 I net.osmand: RoutingHelper Recalculate route, because correlation  : 186070.33175635283
06-30 22:03:49.844  3171  3171 I net.osmand: RoutingHelper Recalculate route, because wrong movement direction: 186070.33
06-30 22:03:50.030  3171  3171 I net.osmand: RoutingHelper Recalculate route, because correlation  : 186070.33175635283
06-30 22:03:50.034  3171  3171 I net.osmand: RoutingHelper Recalculate route, because correlation  : 186070.33175635283
06-30 22:03:50.034  3171  3171 I net.osmand: RoutingHelper Recalculate route, because wrong movement direction: 186070.33
06-30 22:03:50.392  3171  3171 I net.osmand: RoutingHelper Recalculate route, because correlation  : 186070.33175635283
06-30 22:03:50.392  3171  3171 I net.osmand: RoutingHelper Recalculate route, because wrong movement direction: 186070.33
06-30 22:03:50.402  3171  3171 I net.osmand: RoutingHelper Recalculate route, because correlation  : 186070.33175635283
06-30 22:03:50.407  3171  3184 I zygote  : Background concurrent copying GC freed 497873(10MB) AllocSpace objects, 0(0B) LOS objects, 15% free, 32MB/38MB, paused 3.744ms total 1.018s
06-30 22:03:50.996  3171  3171 I net.osmand: RoutingHelper Recalculate route, because correlation  : 186070.33175635283
06-30 22:03:50.996  3171  3171 I net.osmand: RoutingHelper Recalculate route, because wrong movement direction: 186070.33
06-30 22:03:51.004  3171  3171 I net.osmand: RoutingHelper Recalculate route, because correlation  : 186070.33175635283
06-30 22:03:51.185  3171  3171 I net.osmand: RoutingHelper Recalculate route, because correlation  : 186070.33175635283
06-30 22:03:51.185  3171  3171 I net.osmand: RoutingHelper Recalculate route, because wrong movement direction: 186070.33
06-30 22:03:51.207  3171  3171 I net.osmand: RoutingHelper Recalculate route, because correlation  : 186070.33175635283
06-30 22:03:51.752  3171  3171 I net.osmand: RoutingHelper Recalculate route, because correlation  : 186070.33175635283
06-30 22:03:51.752  3171  3171 I net.osmand: RoutingHelper Recalculate route, because wrong movement direction: 186070.33
06-30 22:03:51.783  3171  3171 I net.osmand: RoutingHelper Recalculate route, because correlation  : 186070.33175635283
06-30 22:03:51.808  3171  3184 I zygote  : Background concurrent copying GC freed 737761(16MB) AllocSpace objects, 0(0B) LOS objects, 17% free, 27MB/33MB, paused 3.660ms total 710.935ms
06-30 22:03:52.098  3171  3171 I net.osmand: RoutingHelper Recalculate route, because correlation  : 186070.33175635283
06-30 22:03:52.098  3171  3171 I net.osmand: RoutingHelper Recalculate route, because wrong movement direction: 186070.33
06-30 22:03:52.135  3171  3171 I net.osmand: RoutingHelper Recalculate route, because correlation  : 186070.33175635283
06-30 22:03:52.382  3171  3171 I net.osmand: RoutingHelper Recalculate route, because correlation  : 186070.33175635283
06-30 22:03:52.382  3171  3171 I net.osmand: RoutingHelper Recalculate route, because wrong movement direction: 186070.33
06-30 22:03:52.523  3171  3171 I net.osmand: RoutingHelper Recalculate route, because correlation  : 186070.33175635283
06-30 22:03:52.572  1604  1621 I WifiService: requestActivityInfo uid=1000
06-30 22:03:52.572  1604  1621 I WifiService: reportActivityInfo uid=1000
06-30 22:03:52.572  1604  1621 I WifiService: getSupportedFeatures uid=1000
06-30 22:03:52.900  3171  3184 I zygote  : Background concurrent copying GC freed 523626(11MB) AllocSpace objects, 0(0B) LOS objects, 17% free, 28MB/34MB, paused 4.201ms total 718.318ms
06-30 22:03:53.021  3171  3171 I net.osmand: RoutingHelper Recalculate route, because correlation  : 186070.33175635283
06-30 22:03:53.022  3171  3171 I net.osmand: RoutingHelper Recalculate route, because wrong movement direction: 186070.33
06-30 22:03:53.161  3171  3171 I net.osmand: RoutingHelper Recalculate route, because correlation  : 186070.33175635283
06-30 22:03:53.161  3171  3171 I net.osmand: RoutingHelper Recalculate route, because wrong movement direction: 186070.33
06-30 22:03:53.166  3171  3171 I net.osmand: RoutingHelper Recalculate route, because correlation  : 186070.33175635283
06-30 22:03:53.175  3171  3171 I chatty  : uid=10104(net.osmand) identical 1 line
06-30 22:03:53.702  3171  3171 I net.osmand: RoutingHelper Recalculate route, because correlation  : 186070.33175635283
06-30 22:03:53.702  3171  3171 I net.osmand: RoutingHelper Recalculate route, because wrong movement direction: 186070.33
06-30 22:03:53.786  3171  3171 I net.osmand: RoutingHelper Recalculate route, because correlation  : 186070.33175635283
06-30 22:03:54.008  3171  3184 I zygote  : Background concurrent copying GC freed 557590(12MB) AllocSpace objects, 0(0B) LOS objects, 18% free, 26MB/32MB, paused 1.056ms total 666.031ms
06-30 22:03:54.033  3171  3171 I net.osmand: RoutingHelper Recalculate route, because correlation  : 186070.33175635283
06-30 22:03:54.034  3171  3171 I net.osmand: RoutingHelper Recalculate route, because wrong movement direction: 186070.33
06-30 22:03:54.149  3171  3171 I net.osmand: RoutingHelper Recalculate route, because correlation  : 186070.33175635283
06-30 22:03:54.421  3171  3171 I net.osmand: RoutingHelper Recalculate route, because correlation  : 186070.33175635283
06-30 22:03:54.421  3171  3171 I net.osmand: RoutingHelper Recalculate route, because wrong movement direction: 186070.33
06-30 22:03:54.548  3171  3171 I net.osmand: RoutingHelper Recalculate route, because correlation  : 186070.33175635283
06-30 22:03:55.021  3171  3171 I net.osmand: RoutingHelper Recalculate route, because correlation  : 186070.33175635283
06-30 22:03:55.021  3171  3171 I net.osmand: RoutingHelper Recalculate route, because wrong movement direction: 186070.33
06-30 22:03:55.192  3171  3171 I net.osmand: RoutingHelper Recalculate route, because correlation  : 186070.33175635283
06-30 22:03:55.199  3171  3171 I net.osmand: RoutingHelper Recalculate route, because correlation  : 186070.33175635283
06-30 22:03:55.200  3171  3171 I net.osmand: RoutingHelper Recalculate route, because wrong movement direction: 186070.33
06-30 22:03:55.204  3171  3171 I net.osmand: RoutingHelper Recalculate route, because correlation  : 186070.33175635283
06-30 22:03:55.473  3171  3184 I zygote  : Background concurrent copying GC freed 477531(10MB) AllocSpace objects, 0(0B) LOS objects, 16% free, 30MB/36MB, paused 8.389ms total 854.522ms
06-30 22:03:55.765  3171  3171 I net.osmand: RoutingHelper Recalculate route, because correlation  : 186070.33175635283
06-30 22:03:55.765  3171  3171 I net.osmand: RoutingHelper Recalculate route, because wrong movement direction: 186070.33
06-30 22:03:55.818  3171  3171 I net.osmand: RoutingHelper Recalculate route, because correlation  : 186070.33175635283
06-30 22:03:56.067  3171  3171 I net.osmand: RoutingHelper Recalculate route, because correlation  : 186070.33175635283
06-30 22:03:56.067  3171  3171 I net.osmand: RoutingHelper Recalculate route, because wrong movement direction: 186070.33
06-30 22:03:56.155  3171  3171 I net.osmand: RoutingHelper Recalculate route, because correlation  : 186070.33175635283
06-30 22:03:56.424  3171  3171 I net.osmand: RoutingHelper Recalculate route, because correlation  : 186070.33175635283
06-30 22:03:56.424  3171  3171 I net.osmand: RoutingHelper Recalculate route, because wrong movement direction: 186070.33
06-30 22:03:56.461  3171  3171 I net.osmand: RoutingHelper Recalculate route, because correlation  : 186070.33175635283
06-30 22:03:56.846  3171  3184 I zygote  : Background concurrent copying GC freed 651972(14MB) AllocSpace objects, 0(0B) LOS objects, 17% free, 28MB/34MB, paused 1.255ms total 795.833ms
06-30 22:03:57.014  3171  3171 I net.osmand: RoutingHelper Recalculate route, because correlation  : 186070.33175635283
06-30 22:03:57.014  3171  3171 I net.osmand: RoutingHelper Recalculate route, because wrong movement direction: 186070.33
06-30 22:03:57.151  3171  3171 I net.osmand: RoutingHelper Recalculate route, because correlation  : 186070.33175635283
06-30 22:03:57.229  3171  3171 I net.osmand: RoutingHelper Recalculate route, because correlation  : 186070.33175635283
06-30 22:03:57.229  3171  3171 I net.osmand: RoutingHelper Recalculate route, because wrong movement direction: 186070.33
06-30 22:03:57.265  3171  3171 I net.osmand: RoutingHelper Recalculate route, because correlation  : 186070.33175635283
06-30 22:03:57.801  3171  3171 I net.osmand: RoutingHelper Recalculate route, because correlation  : 186070.33175635283
06-30 22:03:57.801  3171  3171 I net.osmand: RoutingHelper Recalculate route, because wrong movement direction: 186070.33
06-30 22:03:57.852  3171  3171 I net.osmand: RoutingHelper Recalculate route, because correlation  : 186070.33175635283
06-30 22:03:58.121  3171  3171 I net.osmand: RoutingHelper Recalculate route, because correlation  : 186070.33175635283
06-30 22:03:58.121  3171  3171 I net.osmand: RoutingHelper Recalculate route, because wrong movement direction: 186070.33
06-30 22:03:58.162  3171  3171 I net.osmand: RoutingHelper Recalculate route, because correlation  : 186070.33175635283
06-30 22:03:58.294  3171  3184 I zygote  : Background concurrent copying GC freed 567877(12MB) AllocSpace objects, 0(0B) LOS objects, 17% free, 28MB/34MB, paused 2.104ms total 816.671ms
06-30 22:03:58.432  3171  3171 I net.osmand: RoutingHelper Recalculate route, because correlation  : 186070.33175635283
06-30 22:03:58.497  3171  3171 I net.osmand: RoutingHelper Recalculate route, because correlation  : 186070.33175635283
06-30 22:03:58.498  3171  3171 I net.osmand: RoutingHelper Recalculate route, because wrong movement direction: 186070.33
06-30 22:03:58.849  1970  1980 I zygote  : Background concurrent copying GC freed 139284(5MB) AllocSpace objects, 0(0B) LOS objects, 42% free, 8MB/14MB, paused 1.328ms total 374.203ms
06-30 22:03:59.057  3171  3171 I net.osmand: RoutingHelper Recalculate route, because correlation  : 186070.33175635283
06-30 22:03:59.057  3171  3171 I net.osmand: RoutingHelper Recalculate route, because wrong movement direction: 186070.33
06-30 22:03:59.086  3171  3171 I net.osmand: RoutingHelper Recalculate route, because correlation  : 186070.33175635283
06-30 22:03:59.140  3171  3171 I net.osmand: RoutingHelper Recalculate route, because correlation  : 186070.33175635283
06-30 22:03:59.140  3171  3171 I net.osmand: RoutingHelper Recalculate route, because wrong movement direction: 186070.33
06-30 22:03:59.161  3171  3171 I net.osmand: RoutingHelper Recalculate route, because correlation  : 186070.33175635283
06-30 22:03:59.256  3171  3184 I zygote  : Background concurrent copying GC freed 568999(12MB) AllocSpace objects, 0(0B) LOS objects, 19% free, 25MB/31MB, paused 1.310ms total 637.221ms
06-30 22:03:59.703  3171  3171 I net.osmand: RoutingHelper Recalculate route, because correlation  : 186070.33175635283
06-30 22:03:59.703  3171  3171 I net.osmand: RoutingHelper Recalculate route, because wrong movement direction: 186070.33
06-30 22:03:59.714  3171  3171 I net.osmand: RoutingHelper Recalculate route, because correlation  : 186070.33175635283
06-30 22:04:00.034  3171  3171 I net.osmand: RoutingHelper Recalculate route, because correlation  : 186070.33175635283
06-30 22:04:00.034  3171  3171 I net.osmand: RoutingHelper Recalculate route, because wrong movement direction: 186070.33
