06-28 15:31:43.307  1603  1666 I InputReader: Device reconfigured: id=0, name='qwerty2', size 1080x1920, orientation 0, mode 1, display id 0
06-28 15:31:43.333  1603  6824 I ActivityManager: Override config changes=480 {1.0 310mcc260mnc [en_US] ldltr sw411dp w411dp h659dp 420dpi nrml port finger qwerty/v/v -nav/h appBounds=Rect(0, 0 - 1080, 1794) s.130} for displayId=0
06-28 15:31:43.365  1603  1666 I InputReader: Reconfiguring input devices.  changes=0x00000004
06-28 15:31:43.367  1603  1666 I InputReader: Reconfiguring input devices.  changes=0x00000004
06-28 15:31:43.399  1708  1708 W StaticLayout: maxLineHeight should not be -1.  maxLines:7 lineCount:7
06-28 15:31:43.434  1708  1708 I chatty  : uid=10029(com.android.systemui) identical 2 lines
06-28 15:31:43.435  1708  1708 W StaticLayout: maxLineHeight should not be -1.  maxLines:7 lineCount:7
06-28 15:31:43.451  1708  1708 W StaticLayout: maxLineHeight should not be -1.  maxLines:1 lineCount:1
06-28 15:31:43.454  1708  1708 I chatty  : uid=10029(com.android.systemui) identical 1 line
06-28 15:31:43.455  1708  1708 W StaticLayout: maxLineHeight should not be -1.  maxLines:1 lineCount:1
06-28 15:31:43.463 29061 29061 I Choreographer: Skipped 142 frames!  The application may be doing too much work on its main thread.
06-28 15:31:43.485  1708  1708 W StaticLayout: maxLineHeight should not be -1.  maxLines:7 lineCount:7
06-28 15:31:43.489  1708  1708 W StaticLayout: maxLineHeight should not be -1.  maxLines:7 lineCount:7
06-28 15:31:43.604 19782 19782 I KeyboardViewUtil: systemKeyboardHeightRatio:1.000000; userKeyboardHeightRatio:1.000000.
06-28 15:31:43.642  1708  1708 W StaticLayout: maxLineHeight should not be -1.  maxLines:7 lineCount:7
06-28 15:31:43.645  1708  1708 W StaticLayout: maxLineHeight should not be -1.  maxLines:7 lineCount:7
06-28 15:31:43.650 29061 29061 W ResourceType: For resource 0x7f0e00c0, entry index(192) is beyond type entryCount(142)
06-28 15:31:43.650 29061 29061 W ResourceType: For resource 0x7f0e00d1, entry index(209) is beyond type entryCount(142)
06-28 15:31:43.650 29061 29061 W ResourceType: For resource 0x7f0e00cb, entry index(203) is beyond type entryCount(142)
06-28 15:31:43.650 29061 29061 W ResourceType: For resource 0x7f0e014d, entry index(333) is beyond type entryCount(142)
06-28 15:31:43.650 29061 29061 W ResourceType: For resource 0x7f0e00dd, entry index(221) is beyond type entryCount(142)
06-28 15:31:43.650 29061 29061 W ResourceType: For resource 0x7f0e00e4, entry index(228) is beyond type entryCount(142)
06-28 15:31:43.667 29061 29061 W ResourceType: For resource 0x7f0e013b, entry index(315) is beyond type entryCount(142)
06-28 15:31:43.668 29061 29061 W ResourceType: For resource 0x7f0e013b, entry index(315) is beyond type entryCount(142)
06-28 15:31:43.668 29061 29061 W ResourceType: For resource 0x7f0e010f, entry index(271) is beyond type entryCount(142)
06-28 15:31:43.668 29061 29061 W ResourceType: For resource 0x7f0e013b, entry index(315) is beyond type entryCount(142)
06-28 15:31:43.673 29061 29061 I chatty  : uid=10104(net.osmand) identical 4 lines
06-28 15:31:43.673 29061 29061 W ResourceType: For resource 0x7f0e013b, entry index(315) is beyond type entryCount(142)
06-28 15:31:43.674  1401  1401 D gralloc_ranchu: gralloc_alloc: Creating ashmem region of size 8298496
06-28 15:31:43.673 29061 29061 W ResourceType: For resource 0x7f0e013b, entry index(315) is beyond type entryCount(142)
06-28 15:31:43.685 29061 29061 I chatty  : uid=10104(net.osmand) identical 30 lines
06-28 15:31:43.685 29061 29061 W ResourceType: For resource 0x7f0e013b, entry index(315) is beyond type entryCount(142)
06-28 15:31:43.685 19782 19782 I DeviceStatusMonitor: onReceive() : Action = android.intent.action.CONFIGURATION_CHANGED
06-28 15:31:43.685 29061 29061 W ResourceType: For resource 0x7f0e013b, entry index(315) is beyond type entryCount(142)
06-28 15:31:43.685 19782 19782 I ConfigNotification: Get device mode by ui mode:1 and smallestScreenWidthDp:411
06-28 15:31:43.686 19782 19782 I chatty  : uid=10060(com.google.android.inputmethod.latin) identical 1 line
06-28 15:31:43.686 19782 19782 I ConfigNotification: Get device mode by ui mode:1 and smallestScreenWidthDp:411
06-28 15:31:43.686 29061 29061 W ResourceType: For resource 0x7f0e013b, entry index(315) is beyond type entryCount(142)
06-28 15:31:43.686 29061 29061 W ResourceType: For resource 0x7f0e013b, entry index(315) is beyond type entryCount(142)
06-28 15:31:43.686 19782 19782 I ConfigNotification: Get device mode by ui mode:1 and smallestScreenWidthDp:411
06-28 15:31:43.687 29061 29061 W ResourceType: For resource 0x7f0e013b, entry index(315) is beyond type entryCount(142)
06-28 15:31:43.751 29061 29061 I chatty  : uid=10104(net.osmand) identical 26 lines
06-28 15:31:43.751 29061 29061 W ResourceType: For resource 0x7f0e013b, entry index(315) is beyond type entryCount(142)
06-28 15:31:43.752 29061 29061 W View    : requestLayout() improperly called by android.widget.ListView{acd0285 VFED.VC.. ......ID 0,0-735,1794 #7f0803ba app:id/menuItems} during layout: running second layout pass
06-28 15:31:43.752  1603  1603 W WindowManager: Failed looking up window callers=com.android.server.wm.WindowManagerService.windowForClientLocked:5797 com.android.server.wm.WindowManagerService.finishDrawingWindow:2340 com.android.server.wm.Session.finishDrawing:275 
06-28 15:31:43.757  1603  1677 W AlarmManager: Unrecognized alarm listener com.android.server.wifi.WifiConfigStore$1@2affd16
06-28 15:31:43.773  1603  1651 W WindowManager: Failed looking up window callers=com.android.server.wm.WindowManagerService.windowForClientLocked:5797 com.android.server.wm.WindowManagerService.removeWindow:1715 com.android.server.wm.Session.remove:222 
06-28 15:31:43.800  1603  1677 D WifiConfigStore: Writing to stores completed in 43 ms.
06-28 15:31:43.861 29061 29061 D net.osmand: Disable sensor
06-28 15:31:43.877  2548  2558 I zygote  : NativeAlloc concurrent copying GC freed 3779(219KB) AllocSpace objects, 0(0B) LOS objects, 49% free, 4MB/9MB, paused 6.455ms total 709.676ms
06-28 15:31:43.905 29061 29061 I net.osmand: MapRenderRepositories RENDER MAP: Interrupt rendering map
06-28 15:31:43.922 29061 29061 D InAppPurchaseHelper: Destroying helper.
06-28 15:31:43.965  1412  1467 E SurfaceFlinger: Failed to find layer (Background for - SurfaceView - net.osmand/net.osmand.plus.activities.MapActivity#0) in layer parent (no-parent).
06-28 15:31:43.965  1412  1428 E SurfaceFlinger: Failed to find layer (SurfaceView - net.osmand/net.osmand.plus.activities.MapActivity#0) in layer parent (no-parent).
06-28 15:31:44.067 29061 29061 W ResourceType: For resource 0x7f0e01c4, entry index(452) is beyond type entryCount(142)
06-28 15:31:44.067 29061 29061 W ResourceType: For resource 0x7f0e01c4, entry index(452) is beyond type entryCount(142)
06-28 15:31:44.067 29061 29061 W ResourceType: For resource 0x7f0e0183, entry index(387) is beyond type entryCount(142)
06-28 15:31:44.067 29061 29061 W ResourceType: For resource 0x7f0e0187, entry index(391) is beyond type entryCount(142)
06-28 15:31:44.067 29061 29061 W ResourceType: For resource 0x7f0e0185, entry index(389) is beyond type entryCount(142)
06-28 15:31:44.068 29061 29061 W ResourceType: For resource 0x7f0e015d, entry index(349) is beyond type entryCount(142)
06-28 15:31:44.068 29061 29061 W ResourceType: For resource 0x7f0e0195, entry index(405) is beyond type entryCount(142)
06-28 15:31:44.068 29061 29061 W ResourceType: For resource 0x7f0e016c, entry index(364) is beyond type entryCount(142)
06-28 15:31:44.068 29061 29061 W ResourceType: For resource 0x7f0e0163, entry index(355) is beyond type entryCount(142)
06-28 15:31:44.068 29061 29061 W ResourceType: For resource 0x7f0e00db, entry index(219) is beyond type entryCount(142)
06-28 15:31:44.068 29061 29061 W ResourceType: For resource 0x7f0e0193, entry index(403) is beyond type entryCount(142)
06-28 15:31:44.068 29061 29061 W ResourceType: For resource 0x7f0e016f, entry index(367) is beyond type entryCount(142)
06-28 15:31:44.068 29061 29061 W ResourceType: For resource 0x7f0e0161, entry index(353) is beyond type entryCount(142)
06-28 15:31:44.068 29061 29061 W ResourceType: For resource 0x7f0e0170, entry index(368) is beyond type entryCount(142)
06-28 15:31:44.068 29061 29061 W ResourceType: For resource 0x7f0e0174, entry index(372) is beyond type entryCount(142)
06-28 15:31:44.068 29061 29061 I chatty  : uid=10104(net.osmand) identical 2 lines
06-28 15:31:44.068 29061 29061 W ResourceType: For resource 0x7f0e0174, entry index(372) is beyond type entryCount(142)
06-28 15:31:44.068 29061 29061 W ResourceType: For resource 0x7f0e0177, entry index(375) is beyond type entryCount(142)
06-28 15:31:44.068 29061 29061 W ResourceType: For resource 0x7f0e0160, entry index(352) is beyond type entryCount(142)
06-28 15:31:44.068 29061 29061 W ResourceType: For resource 0x7f0e0199, entry index(409) is beyond type entryCount(142)
06-28 15:31:44.069 29061 29061 W ResourceType: For resource 0x7f0e017e, entry index(382) is beyond type entryCount(142)
06-28 15:31:44.069 29061 29061 W ResourceType: For resource 0x7f0e017f, entry index(383) is beyond type entryCount(142)
06-28 15:31:44.069 29061 29061 W ResourceType: For resource 0x7f0e0196, entry index(406) is beyond type entryCount(142)
06-28 15:31:44.069 29061 29061 W ResourceType: For resource 0x7f0e0197, entry index(407) is beyond type entryCount(142)
06-28 15:31:44.069 29061 29061 W ResourceType: For resource 0x7f0e0140, entry index(320) is beyond type entryCount(142)
06-28 15:31:44.069 29061 29061 W ResourceType: For resource 0x7f0e00e7, entry index(231) is beyond type entryCount(142)
06-28 15:31:44.069 29061 29061 W ResourceType: For resource 0x7f0e0194, entry index(404) is beyond type entryCount(142)
06-28 15:31:44.069 29061 29061 W ResourceType: For resource 0x7f0e01a5, entry index(421) is beyond type entryCount(142)
06-28 15:31:44.069 29061 29061 W ResourceType: For resource 0x7f0e017d, entry index(381) is beyond type entryCount(142)
06-28 15:31:44.069 29061 29061 W ResourceType: For resource 0x7f0e017b, entry index(379) is beyond type entryCount(142)
06-28 15:31:44.069 29061 29061 W ResourceType: For resource 0x7f0e010f, entry index(271) is beyond type entryCount(142)
06-28 15:31:44.069 29061 29061 W ResourceType: For resource 0x7f0e00f8, entry index(248) is beyond type entryCount(142)
06-28 15:31:44.069 29061 29061 W ResourceType: For resource 0x7f0e010f, entry index(271) is beyond type entryCount(142)
06-28 15:31:44.069 29061 29061 W ResourceType: For resource 0x7f0e0122, entry index(290) is beyond type entryCount(142)
06-28 15:31:44.069 29061 29061 W ResourceType: For resource 0x7f0e010b, entry index(267) is beyond type entryCount(142)
06-28 15:31:44.070 29061 29061 W ResourceType: For resource 0x7f0e010c, entry index(268) is beyond type entryCount(142)
06-28 15:31:44.070 29061 29061 W ResourceType: For resource 0x7f0e01ad, entry index(429) is beyond type entryCount(142)
06-28 15:31:44.070 29061 29061 W ResourceType: For resource 0x7f0e01ac, entry index(428) is beyond type entryCount(142)
06-28 15:31:44.094 29061 29061 W ResourceType: For resource 0x7f0e01c4, entry index(452) is beyond type entryCount(142)
06-28 15:31:44.094 29061 29061 W ResourceType: For resource 0x7f0e01c4, entry index(452) is beyond type entryCount(142)
06-28 15:31:44.095 29061 29061 W ResourceType: For resource 0x7f0e0183, entry index(387) is beyond type entryCount(142)
06-28 15:31:44.095 29061 29061 W ResourceType: For resource 0x7f0e0187, entry index(391) is beyond type entryCount(142)
06-28 15:31:44.095 29061 29061 W ResourceType: For resource 0x7f0e0185, entry index(389) is beyond type entryCount(142)
06-28 15:31:44.095 29061 29061 W ResourceType: For resource 0x7f0e015d, entry index(349) is beyond type entryCount(142)
06-28 15:31:44.095 29061 29061 W ResourceType: For resource 0x7f0e0195, entry index(405) is beyond type entryCount(142)
06-28 15:31:44.095 29061 29061 W ResourceType: For resource 0x7f0e016c, entry index(364) is beyond type entryCount(142)
06-28 15:31:44.095 29061 29061 W ResourceType: For resource 0x7f0e0163, entry index(355) is beyond type entryCount(142)
06-28 15:31:44.095 29061 29061 W ResourceType: For resource 0x7f0e00db, entry index(219) is beyond type entryCount(142)
06-28 15:31:44.095 29061 29061 W ResourceType: For resource 0x7f0e0193, entry index(403) is beyond type entryCount(142)
06-28 15:31:44.095 29061 29061 W ResourceType: For resource 0x7f0e016f, entry index(367) is beyond type entryCount(142)
06-28 15:31:44.095 29061 29061 W ResourceType: For resource 0x7f0e0161, entry index(353) is beyond type entryCount(142)
06-28 15:31:44.096 29061 29061 W ResourceType: For resource 0x7f0e0170, entry index(368) is beyond type entryCount(142)
06-28 15:31:44.096 29061 29061 W ResourceType: For resource 0x7f0e0174, entry index(372) is beyond type entryCount(142)
06-28 15:31:44.096 29061 29061 I chatty  : uid=10104(net.osmand) identical 2 lines
06-28 15:31:44.096 29061 29061 W ResourceType: For resource 0x7f0e0174, entry index(372) is beyond type entryCount(142)
06-28 15:31:44.096 29061 29061 W ResourceType: For resource 0x7f0e0177, entry index(375) is beyond type entryCount(142)
06-28 15:31:44.096 29061 29061 W ResourceType: For resource 0x7f0e0160, entry index(352) is beyond type entryCount(142)
06-28 15:31:44.096 29061 29061 W ResourceType: For resource 0x7f0e0199, entry index(409) is beyond type entryCount(142)
06-28 15:31:44.096 29061 29061 W ResourceType: For resource 0x7f0e017e, entry index(382) is beyond type entryCount(142)
06-28 15:31:44.096 29061 29061 W ResourceType: For resource 0x7f0e017f, entry index(383) is beyond type entryCount(142)
06-28 15:31:44.097 29061 29061 W ResourceType: For resource 0x7f0e0196, entry index(406) is beyond type entryCount(142)
06-28 15:31:44.097 29061 29061 W ResourceType: For resource 0x7f0e0197, entry index(407) is beyond type entryCount(142)
06-28 15:31:44.097 29061 29061 W ResourceType: For resource 0x7f0e0140, entry index(320) is beyond type entryCount(142)
06-28 15:31:44.097 29061 29061 W ResourceType: For resource 0x7f0e00e7, entry index(231) is beyond type entryCount(142)
06-28 15:31:44.097 29061 29061 W ResourceType: For resource 0x7f0e0194, entry index(404) is beyond type entryCount(142)
06-28 15:31:44.097 29061 29061 W ResourceType: For resource 0x7f0e01a5, entry index(421) is beyond type entryCount(142)
06-28 15:31:44.097 29061 29061 W ResourceType: For resource 0x7f0e017d, entry index(381) is beyond type entryCount(142)
06-28 15:31:44.097 29061 29061 W ResourceType: For resource 0x7f0e017b, entry index(379) is beyond type entryCount(142)
06-28 15:31:44.097 29061 29061 W ResourceType: For resource 0x7f0e010f, entry index(271) is beyond type entryCount(142)
06-28 15:31:44.097 29061 29061 W ResourceType: For resource 0x7f0e00f8, entry index(248) is beyond type entryCount(142)
06-28 15:31:44.097 29061 29061 W ResourceType: For resource 0x7f0e010f, entry index(271) is beyond type entryCount(142)
06-28 15:31:44.097 29061 29061 W ResourceType: For resource 0x7f0e0122, entry index(290) is beyond type entryCount(142)
06-28 15:31:44.097 29061 29061 W ResourceType: For resource 0x7f0e010b, entry index(267) is beyond type entryCount(142)
06-28 15:31:44.097 29061 29061 W ResourceType: For resource 0x7f0e010c, entry index(268) is beyond type entryCount(142)
06-28 15:31:44.098 29061 29061 W ResourceType: For resource 0x7f0e01ad, entry index(429) is beyond type entryCount(142)
06-28 15:31:44.098 29061 29061 W ResourceType: For resource 0x7f0e01ac, entry index(428) is beyond type entryCount(142)
06-28 15:31:44.110 29061 29061 W ResourceType: For resource 0x7f0e01c4, entry index(452) is beyond type entryCount(142)
06-28 15:31:44.110 29061 29061 W ResourceType: For resource 0x7f0e01c4, entry index(452) is beyond type entryCount(142)
06-28 15:31:44.110 29061 29061 W ResourceType: For resource 0x7f0e0183, entry index(387) is beyond type entryCount(142)
06-28 15:31:44.110 29061 29061 W ResourceType: For resource 0x7f0e0187, entry index(391) is beyond type entryCount(142)
06-28 15:31:44.110 29061 29061 W ResourceType: For resource 0x7f0e0185, entry index(389) is beyond type entryCount(142)
06-28 15:31:44.110 29061 29061 W ResourceType: For resource 0x7f0e015d, entry index(349) is beyond type entryCount(142)
06-28 15:31:44.110 29061 29061 W ResourceType: For resource 0x7f0e0195, entry index(405) is beyond type entryCount(142)
06-28 15:31:44.110 29061 29061 W ResourceType: For resource 0x7f0e016c, entry index(364) is beyond type entryCount(142)
06-28 15:31:44.111 29061 29061 W ResourceType: For resource 0x7f0e0163, entry index(355) is beyond type entryCount(142)
06-28 15:31:44.111 29061 29061 W ResourceType: For resource 0x7f0e00db, entry index(219) is beyond type entryCount(142)
06-28 15:31:44.111 29061 29061 W ResourceType: For resource 0x7f0e0193, entry index(403) is beyond type entryCount(142)
06-28 15:31:44.111 29061 29061 W ResourceType: For resource 0x7f0e016f, entry index(367) is beyond type entryCount(142)
06-28 15:31:44.111 29061 29061 W ResourceType: For resource 0x7f0e0161, entry index(353) is beyond type entryCount(142)
06-28 15:31:44.111 29061 29061 W ResourceType: For resource 0x7f0e0170, entry index(368) is beyond type entryCount(142)
06-28 15:31:44.111 29061 29061 W ResourceType: For resource 0x7f0e0174, entry index(372) is beyond type entryCount(142)
06-28 15:31:44.111 29061 29061 I chatty  : uid=10104(net.osmand) identical 2 lines
06-28 15:31:44.111 29061 29061 W ResourceType: For resource 0x7f0e0174, entry index(372) is beyond type entryCount(142)
06-28 15:31:44.111 29061 29061 W ResourceType: For resource 0x7f0e0177, entry index(375) is beyond type entryCount(142)
06-28 15:31:44.111 29061 29061 W ResourceType: For resource 0x7f0e0160, entry index(352) is beyond type entryCount(142)
06-28 15:31:44.111 29061 29061 W ResourceType: For resource 0x7f0e0199, entry index(409) is beyond type entryCount(142)
06-28 15:31:44.111 29061 29061 W ResourceType: For resource 0x7f0e017e, entry index(382) is beyond type entryCount(142)
06-28 15:31:44.111 29061 29061 W ResourceType: For resource 0x7f0e017f, entry index(383) is beyond type entryCount(142)
06-28 15:31:44.112 29061 29061 W ResourceType: For resource 0x7f0e0196, entry index(406) is beyond type entryCount(142)
06-28 15:31:44.112 29061 29061 W ResourceType: For resource 0x7f0e0197, entry index(407) is beyond type entryCount(142)
06-28 15:31:44.112 29061 29061 W ResourceType: For resource 0x7f0e0140, entry index(320) is beyond type entryCount(142)
06-28 15:31:44.112 29061 29061 W ResourceType: For resource 0x7f0e00e7, entry index(231) is beyond type entryCount(142)
06-28 15:31:44.112 29061 29061 W ResourceType: For resource 0x7f0e0194, entry index(404) is beyond type entryCount(142)
06-28 15:31:44.112 29061 29061 W ResourceType: For resource 0x7f0e01a5, entry index(421) is beyond type entryCount(142)
06-28 15:31:44.112 29061 29061 W ResourceType: For resource 0x7f0e017d, entry index(381) is beyond type entryCount(142)
06-28 15:31:44.112 29061 29061 W ResourceType: For resource 0x7f0e017b, entry index(379) is beyond type entryCount(142)
06-28 15:31:44.112 29061 29061 W ResourceType: For resource 0x7f0e010f, entry index(271) is beyond type entryCount(142)
06-28 15:31:44.112 29061 29061 W ResourceType: For resource 0x7f0e00f8, entry index(248) is beyond type entryCount(142)
06-28 15:31:44.112 29061 29061 W ResourceType: For resource 0x7f0e010f, entry index(271) is beyond type entryCount(142)
06-28 15:31:44.112 29061 29061 W ResourceType: For resource 0x7f0e0122, entry index(290) is beyond type entryCount(142)
06-28 15:31:44.112 29061 29061 W ResourceType: For resource 0x7f0e010b, entry index(267) is beyond type entryCount(142)
06-28 15:31:44.112 29061 29061 W ResourceType: For resource 0x7f0e010c, entry index(268) is beyond type entryCount(142)
06-28 15:31:44.112 29061 29061 W ResourceType: For resource 0x7f0e01ad, entry index(429) is beyond type entryCount(142)
06-28 15:31:44.112 29061 29061 W ResourceType: For resource 0x7f0e01ac, entry index(428) is beyond type entryCount(142)
06-28 15:31:44.129 29061 29061 W ResourceType: For resource 0x7f0e017f, entry index(383) is beyond type entryCount(142)
06-28 15:31:44.129 29061 29061 W ResourceType: For resource 0x7f0e0091, entry index(145) is beyond type entryCount(142)
06-28 15:31:44.136  1401  1401 D gralloc_ranchu: gralloc_alloc: Creating ashmem region of size 274432
06-28 15:31:44.150 19546 19546 I GeofencerStateMachine: sendNewLocationAvailability: availability=LocationAvailability[isLocationAvailable: false]
06-28 15:31:44.160 29061 29061 W ResourceType: For resource 0x7f0e016b, entry index(363) is beyond type entryCount(142)
06-28 15:31:44.176 29061 29061 W ResourceType: For resource 0x7f0e017b, entry index(379) is beyond type entryCount(142)
06-28 15:31:44.178 29061 29061 W ResourceType: For resource 0x7f0e0125, entry index(293) is beyond type entryCount(142)
06-28 15:31:44.184 29061 29061 W ResourceType: For resource 0x7f0e0125, entry index(293) is beyond type entryCount(142)
06-28 15:31:44.186  1708  1708 W StaticLayout: maxLineHeight should not be -1.  maxLines:7 lineCount:7
06-28 15:31:44.187  1708  1708 W StaticLayout: maxLineHeight should not be -1.  maxLines:7 lineCount:7
06-28 15:31:44.222 19546 19546 I GeofencerStateMachine: sendNewLocationAvailability: availability=LocationAvailability[isLocationAvailable: false]
06-28 15:31:44.231 29061 29061 W ResourceType: For resource 0x7f0e01a5, entry index(421) is beyond type entryCount(142)
06-28 15:31:44.231 29061 29061 W ResourceType: For resource 0x7f0e00a9, entry index(169) is beyond type entryCount(142)
06-28 15:31:44.249  1708  1708 W StaticLayout: maxLineHeight should not be -1.  maxLines:7 lineCount:7
06-28 15:31:44.250  1708  1708 W StaticLayout: maxLineHeight should not be -1.  maxLines:7 lineCount:7
06-28 15:31:44.253 29061 29061 W ResourceType: For resource 0x7f0e01bc, entry index(444) is beyond type entryCount(142)
06-28 15:31:44.263  1708  1708 W StaticLayout: maxLineHeight should not be -1.  maxLines:1 lineCount:1
06-28 15:31:44.265  1708  1708 I chatty  : uid=10029(com.android.systemui) identical 1 line
06-28 15:31:44.266  1708  1708 W StaticLayout: maxLineHeight should not be -1.  maxLines:1 lineCount:1
06-28 15:31:44.273  1708  1708 W StaticLayout: maxLineHeight should not be -1.  maxLines:7 lineCount:7
06-28 15:31:44.279  1708  1708 W StaticLayout: maxLineHeight should not be -1.  maxLines:7 lineCount:7
06-28 15:31:44.286 29061 29061 W ResourceType: For resource 0x7f0e0132, entry index(306) is beyond type entryCount(142)
06-28 15:31:44.286 29061 29061 W ResourceType: For resource 0x7f0e00f7, entry index(247) is beyond type entryCount(142)
06-28 15:31:44.287 29061 29061 W ResourceType: For resource 0x7f0e0131, entry index(305) is beyond type entryCount(142)
06-28 15:31:44.288 29061 29061 W ResourceType: For resource 0x7f0e00bc, entry index(188) is beyond type entryCount(142)
06-28 15:31:44.293 29061 29061 W ResourceType: For resource 0x7f0e011d, entry index(285) is beyond type entryCount(142)
06-28 15:31:44.294 29061 29061 I chatty  : uid=10104(net.osmand) identical 4 lines
06-28 15:31:44.294 29061 29061 W ResourceType: For resource 0x7f0e011d, entry index(285) is beyond type entryCount(142)
06-28 15:31:44.294 29061 29061 W ResourceType: For resource 0x7f0e00bd, entry index(189) is beyond type entryCount(142)
06-28 15:31:44.296 29061 29061 W ResourceType: For resource 0x7f0e011d, entry index(285) is beyond type entryCount(142)
06-28 15:31:44.297 29061 29061 I chatty  : uid=10104(net.osmand) identical 3 lines
06-28 15:31:44.297 29061 29061 W ResourceType: For resource 0x7f0e011d, entry index(285) is beyond type entryCount(142)
06-28 15:31:44.296  1708  1708 W StaticLayout: maxLineHeight should not be -1.  maxLines:7 lineCount:7
06-28 15:31:44.297  1708  1708 W StaticLayout: maxLineHeight should not be -1.  maxLines:7 lineCount:7
06-28 15:31:44.302 29061 29089 I net.osmand: MapRenderRepositories RENDER MAP: update due to rotation
06-28 15:31:44.302 29061 29089 I net.osmand: MapRenderRepositories RENDER MAP: Interrupt rendering map
06-28 15:31:44.303 29061 29061 W ResourceType: For resource 0x7f0e011d, entry index(285) is beyond type entryCount(142)
06-28 15:31:44.315 29061 29061 I chatty  : uid=10104(net.osmand) identical 13 lines
06-28 15:31:44.315 29061 29061 W ResourceType: For resource 0x7f0e011d, entry index(285) is beyond type entryCount(142)
06-28 15:31:44.332  1708  1708 W StaticLayout: maxLineHeight should not be -1.  maxLines:1 lineCount:1
06-28 15:31:44.333  1708  1708 I chatty  : uid=10029(com.android.systemui) identical 1 line
06-28 15:31:44.336  1708  1708 W StaticLayout: maxLineHeight should not be -1.  maxLines:1 lineCount:1
06-28 15:31:44.340  1708  1708 W StaticLayout: maxLineHeight should not be -1.  maxLines:7 lineCount:7
06-28 15:31:44.341  1708  1708 W StaticLayout: maxLineHeight should not be -1.  maxLines:7 lineCount:7
06-28 15:31:44.351 29061 29061 W ResourceType: For resource 0x7f0e013b, entry index(315) is beyond type entryCount(142)
06-28 15:31:44.358  1708  1708 W StaticLayout: maxLineHeight should not be -1.  maxLines:7 lineCount:7
06-28 15:31:44.359  1708  1708 W StaticLayout: maxLineHeight should not be -1.  maxLines:7 lineCount:7
06-28 15:31:44.367 29061 29074 I zygote  : Waiting for a blocking GC ProfileSaver
06-28 15:31:44.369 29061 29061 W ResourceType: For resource 0x7f0e013b, entry index(315) is beyond type entryCount(142)
06-28 15:31:44.369 29061 29061 I chatty  : uid=10104(net.osmand) identical 3 lines
06-28 15:31:44.370 29061 29061 W ResourceType: For resource 0x7f0e013b, entry index(315) is beyond type entryCount(142)
06-28 15:31:44.375  1708  1708 W StaticLayout: maxLineHeight should not be -1.  maxLines:1 lineCount:1
06-28 15:31:44.377  1708  1708 I chatty  : uid=10029(com.android.systemui) identical 1 line
06-28 15:31:44.378  1708  1708 W StaticLayout: maxLineHeight should not be -1.  maxLines:1 lineCount:1
06-28 15:31:44.380  1708  1708 W StaticLayout: maxLineHeight should not be -1.  maxLines:7 lineCount:7
06-28 15:31:44.412  1708  1708 I chatty  : uid=10029(com.android.systemui) identical 2 lines
06-28 15:31:44.412  1708  1708 W StaticLayout: maxLineHeight should not be -1.  maxLines:7 lineCount:7
06-28 15:31:44.424 29061 29088 I net.osmand: MapRenderRepositories RENDER MAP: new request RotatedTileBox [lat=-7.5891947746276855, lon=-37.54106903076172, rotate=112.14578, density=2.625, zoom=17, mapDensity=2.625, zoomAnimation=0.0, zoomFloatPart=0.0, cx=1495, cy=762, pixWidth=2990, pixHeight=1525]
06-28 15:31:44.494  1708  1926 D EGL_emulation: eglMakeCurrent: 0x9268e860: ver 2 0 (tinfo 0x92690770)
06-28 15:31:44.514  1401  1401 D gralloc_ranchu: gralloc_alloc: Creating ashmem region of size 274432
06-28 15:31:44.596  1708  1708 W StatusBar/NavBarView: *** Invalid layout in navigation bar (sizeChanged this=126x1080 cur=1038x126)
06-28 15:31:44.694 29061 29088 I net.osmand:native: Route objects 148
06-28 15:31:44.694 29061 29088 I net.osmand:native: Ocean: no completed & incompleted coastlines 0
06-28 15:31:44.694 29061 29088 I net.osmand:native: Detailed coastlines = 0, basemap coastlines 0, ocean tile 0.000000. Detailed added 0, basemap processed 1, basemap added 0.
06-28 15:31:44.694 29061 29088 I net.osmand:native: Search : tree - read( 413), accept( 34), objs - visit( 2366), accept(160), in result(148) 
06-28 15:31:44.695 29061 29088 I net.osmand: MapRenderRepositories BLat=-7.596638536453247, TLat=-7.5817348003387455, LLong=-37.546260833740234, RLong=-37.53587341308594, zoom=17
06-28 15:31:44.695 29061 29088 I net.osmand: MapRenderRepositories Native search: 271 ms 
06-28 15:31:44.713 29061 29088 W net.osmand: MapRenderRepositories Create new image ? 2990 != 1800 (w) 1525 != 2690 (h) 
06-28 15:31:44.714 29061 29088 I net.osmand:native: Creating SkBitmap in native w:2990 h:1525 s:11960 f:1!
06-28 15:31:44.715 29061 29088 I net.osmand:native: Row bytes for RGBA_8888 is 11960
06-28 15:31:44.715 29061 29088 I net.osmand:native: Locked 18239000 bytes at 0x78700000
06-28 15:31:44.715 29061 29088 I net.osmand:native: Initializing rendering
06-28 15:31:44.723 29061 29088 I net.osmand:native: Rendering image
06-28 15:31:44.767 29061 29061 W System.err: OnCreate for MapActivity took 721 ms
06-28 15:31:44.840  1708  1708 I Choreographer: Skipped 43 frames!  The application may be doing too much work on its main thread.
06-28 15:31:44.906  1708  1926 D EGL_emulation: eglMakeCurrent: 0x9268e860: ver 2 0 (tinfo 0x92690770)
06-28 15:31:44.914  1401  1401 D gralloc_ranchu: gralloc_alloc: Creating ashmem region of size 274432
06-28 15:31:44.944  1708  1926 D EGL_emulation: eglMakeCurrent: 0x9268e860: ver 2 0 (tinfo 0x92690770)
06-28 15:31:44.958 29061 29061 D InAppPurchaseHelper: Destroying helper.
06-28 15:31:44.968  1401  1401 D gralloc_ranchu: gralloc_alloc: Creating ashmem region of size 274432
06-28 15:31:45.031  1401  1401 D gralloc_ranchu: gralloc_alloc: Creating ashmem region of size 544768
06-28 15:31:45.042  1603  1612 I zygote  : ThreadFlipBegin blocked for 6.310ms
06-28 15:31:45.044  1603  1638 I zygote  : IncrementDisableThreadFlip blocked for 8.648ms
06-28 15:31:45.059  1708  1926 D EGL_emulation: eglMakeCurrent: 0x9268e860: ver 2 0 (tinfo 0x92690770)
06-28 15:31:45.083  1401  1401 D gralloc_ranchu: gralloc_alloc: Creating ashmem region of size 544768
06-28 15:31:45.198 29061 29061 D net.osmand: Enable sensor
06-28 15:31:45.298  1603  1624 W WindowManager: App freeze timeout expired.
06-28 15:31:45.328 29061 29061 W System.err: OnCreate for MapActivity took 370 ms
06-28 15:31:45.357 29061 29061 I Choreographer: Skipped 112 frames!  The application may be doing too much work on its main thread.
06-28 15:31:45.383 29061 29089 I net.osmand: MapRenderRepositories RENDER MAP: update due to rotation
06-28 15:31:45.383 29061 29089 I net.osmand: MapRenderRepositories RENDER MAP: Interrupt rendering map
06-28 15:31:45.415  1401  1401 D gralloc_ranchu: gralloc_alloc: Creating ashmem region of size 8298496
06-28 15:31:45.420 29061 29061 W ResourceType: For resource 0x7f0e013b, entry index(315) is beyond type entryCount(142)
06-28 15:31:45.539 29061 29061 I chatty  : uid=10104(net.osmand) identical 68 lines
06-28 15:31:45.539 29061 29061 W ResourceType: For resource 0x7f0e013b, entry index(315) is beyond type entryCount(142)
06-28 15:31:45.543 29061 29061 W View    : requestLayout() improperly called by android.widget.ListView{8e46985 VFED.VC.. ......ID 0,0-735,1794 #7f0803ba app:id/menuItems} during layout: running second layout pass
06-28 15:31:45.606 29061 29102 D EGL_emulation: eglMakeCurrent: 0xa6785600: ver 2 0 (tinfo 0xa6783370)
06-28 15:31:45.618 29061 29088 I net.osmand:native: Native ok (rendering 0, text 314 ms) 
06-28 15:31:45.618 29061 29088 I net.osmand:native:  (1290 points, 610 points inside, 288 of 301 objects visible)
06-28 15:31:45.618 29061 29088 I net.osmand:native: End Rendering image
06-28 15:31:45.618 29061 29088 I net.osmand:native: Native ok (init 8, rendering 0) 
06-28 15:31:45.619 29061 29088 I net.osmand: MapRenderRepositories true
06-28 15:31:45.619 29061 29088 I net.osmand: MapRenderRepositories RENDER MAP: new request RotatedTileBox [lat=-7.5891947746276855, lon=-37.54106903076172, rotate=4.429158, density=2.625, zoom=17, mapDensity=2.625, zoomAnimation=0.0, zoomFloatPart=0.0, cx=900, cy=1297, pixWidth=1800, pixHeight=2595]
06-28 15:31:45.645  1401  1401 D gralloc_ranchu: gralloc_alloc: Creating ashmem region of size 8298496
06-28 15:31:45.711  1401  1401 D gralloc_ranchu: gralloc_alloc: Creating ashmem region of size 3878912
06-28 15:31:45.763 19546 19546 I GeofencerStateMachine: sendNewLocationAvailability: availability=LocationAvailability[isLocationAvailable: false]
06-28 15:31:45.772  1603  1651 I WindowManager: Screen frozen for +2s576ms due to Window{b06197f u0 net.osmand/net.osmand.plus.activities.MapActivity}
06-28 15:31:45.815  1708  1708 W StatusBar: removeNotification for unknown key: 0|net.osmand|1005|null|10104
06-28 15:31:45.817  1412  1412 D SurfaceFlinger: duplicate layer name: changing BlackSurface to BlackSurface#1
06-28 15:31:45.831  1708  1708 I Choreographer: Skipped 54 frames!  The application may be doing too much work on its main thread.
06-28 15:31:45.835  1603  3880 I WifiService: acquireWifiLock uid=10014 lockMode=2
06-28 15:31:45.854  1412  1412 D SurfaceFlinger: duplicate layer name: changing BlackSurface to BlackSurface#2
06-28 15:31:45.880  1412  1412 D SurfaceFlinger: duplicate layer name: changing BlackSurface to BlackSurface#3
06-28 15:31:45.884  1708  1926 D EGL_emulation: eglMakeCurrent: 0x9268e860: ver 2 0 (tinfo 0x92690770)
06-28 15:31:45.892  1401  1401 D gralloc_ranchu: gralloc_alloc: Creating ashmem region of size 274432
06-28 15:31:45.944  1708  1926 D EGL_emulation: eglMakeCurrent: 0x9268e860: ver 2 0 (tinfo 0x92690770)
06-28 15:31:45.950  1401  1401 D gralloc_ranchu: gralloc_alloc: Creating ashmem region of size 8298496
06-28 15:31:45.958  1401  6331 D gralloc_ranchu: gralloc_alloc: Creating ashmem region of size 544768
06-28 15:31:45.966  1708  1708 W StatusBar/NavBarView: *** Invalid layout in navigation bar (sizeChanged this=1080x126 cur=1038x126)
06-28 15:31:46.026  1401  6331 D gralloc_ranchu: gralloc_alloc: Creating ashmem region of size 3878912
06-28 15:31:46.057  1412  1412 W SurfaceFlinger: couldn't log to binary event log: overflow.
06-28 15:31:46.186 29061 29088 I net.osmand:native: Route objects 111
06-28 15:31:46.186 29061 29088 I net.osmand:native: Ocean: no completed & incompleted coastlines 0
06-28 15:31:46.186 29061 29088 I net.osmand:native: Detailed coastlines = 0, basemap coastlines 0, ocean tile 0.000000. Detailed added 0, basemap processed 1, basemap added 0.
06-28 15:31:46.186 29061 29088 I net.osmand:native: Search : tree - read( 413), accept( 33), objs - visit( 2326), accept(123), in result(111) 
06-28 15:31:46.188 29061 29088 I net.osmand: MapRenderRepositories BLat=-7.5952805280685425, TLat=-7.583114266395569, LLong=-37.545143127441406, RLong=-37.536991119384766, zoom=17
06-28 15:31:46.188 29061 29088 I net.osmand: MapRenderRepositories Native search: 569 ms 
06-28 15:31:46.188 29061 29088 W net.osmand: MapRenderRepositories Create new image ? 1800 != 1800 (w) 2595 != 2690 (h) 
06-28 15:31:46.188 29061 29088 I net.osmand:native: Creating SkBitmap in native w:1800 h:2595 s:7200 f:1!
06-28 15:31:46.189 29061 29088 I net.osmand:native: Row bytes for RGBA_8888 is 7200
06-28 15:31:46.204 29061 29088 I net.osmand:native: Locked 18684000 bytes at 0x79b00000
06-28 15:31:46.204 29061 29088 I net.osmand:native: Initializing rendering
06-28 15:31:46.206 29061 29088 I net.osmand:native: Rendering image
06-28 15:31:46.238  8540  9259 I PBSessionCacheImpl: Deleted sessionId[7093723606726] from persistence.
06-28 15:31:46.344  8540  8574 W SearchServiceCore: Abort, client detached.
06-28 15:31:46.381  1603  2119 I WifiService: getWifiEnabledState uid=10032
06-28 15:31:46.489  1708  1926 D EGL_emulation: eglMakeCurrent: 0x9268e860: ver 2 0 (tinfo 0x92690770)
06-28 15:31:46.633 19546 19546 I GeofencerStateMachine: sendNewLocationAvailability: availability=LocationAvailability[isLocationAvailable: true]
06-28 15:31:46.654  1603  2119 I WifiService: releaseWifiLock uid=10014
06-28 15:31:47.164 29061 29088 I net.osmand:native: Native ok (rendering 1, text 386 ms) 
06-28 15:31:47.164 29061 29088 I net.osmand:native:  (917 points, 620 points inside, 215 of 223 objects visible)
06-28 15:31:47.164 29061 29088 I net.osmand:native: End Rendering image
06-28 15:31:47.164 29061 29088 I net.osmand:native: Native ok (init 2, rendering 1) 
06-28 15:31:47.164 29061 29088 I net.osmand: MapRenderRepositories true
06-28 15:31:47.456 29061 29071 I zygote  : NativeAlloc concurrent copying GC freed 17127(833KB) AllocSpace objects, 7(268KB) LOS objects, 16% free, 29MB/35MB, paused 16.514ms total 3.925s
06-28 15:31:47.457 29061 29074 I zygote  : WaitForGcToComplete blocked ProfileSaver on HeapTrim for 3.089s
06-28 15:31:47.498 29061 29089 I net.osmand: MapRenderRepositories RENDER MAP: update due to rotation
06-28 15:31:47.500 29061 29089 I net.osmand: MapRenderRepositories RENDER MAP: Interrupt rendering map
06-28 15:31:47.891  1603  1624 I zygote  : Waiting for a blocking GC Explicit
06-28 15:31:47.917 29061 29088 I net.osmand: MapRenderRepositories RENDER MAP: new request RotatedTileBox [lat=-7.5891947746276855, lon=-37.54106903076172, rotate=112.14578, density=2.625, zoom=17, mapDensity=2.625, zoomAnimation=0.0, zoomFloatPart=0.0, cx=900, cy=1345, pixWidth=1800, pixHeight=2690]
06-28 15:31:47.975 29061 29089 I net.osmand: MapRenderRepositories RENDER MAP: update due to rotation
06-28 15:31:47.975 29061 29089 I net.osmand: MapRenderRepositories RENDER MAP: Interrupt rendering map
06-28 15:31:48.088 29061 29088 I net.osmand:native: Route objects 140
06-28 15:31:48.088 29061 29088 I net.osmand:native: Ocean: no completed & incompleted coastlines 0
06-28 15:31:48.088 29061 29088 I net.osmand:native: Detailed coastlines = 0, basemap coastlines 0, ocean tile 0.000000. Detailed added 0, basemap processed 1, basemap added 0.
06-28 15:31:48.088 29061 29088 I net.osmand:native: Search : tree - read( 413), accept( 32), objs - visit( 2286), accept(152), in result(140) 
06-28 15:31:48.089 29061 29088 I net.osmand: MapRenderRepositories RENDER MAP: new request RotatedTileBox [lat=-7.5891947746276855, lon=-37.54106903076172, rotate=22.145792, density=2.625, zoom=17, mapDensity=2.625, zoomAnimation=0.0, zoomFloatPart=0.0, cx=900, cy=1345, pixWidth=1800, pixHeight=2690]
06-28 15:31:48.115  1603  1612 I zygote  : Background concurrent copying GC freed 45760(2MB) AllocSpace objects, 34(1320KB) LOS objects, 17% free, 29MB/35MB, paused 1.454ms total 3.162s
06-28 15:31:48.116  1603  1624 I zygote  : WaitForGcToComplete blocked Explicit on HeapTrim for 224.919ms
06-28 15:31:48.263 29061 29088 I net.osmand:native: Route objects 152
06-28 15:31:48.263 29061 29088 I net.osmand:native: Ocean: no completed & incompleted coastlines 0
06-28 15:31:48.263 29061 29088 I net.osmand:native: Detailed coastlines = 0, basemap coastlines 0, ocean tile 0.000000. Detailed added 0, basemap processed 1, basemap added 0.
06-28 15:31:48.263 29061 29088 I net.osmand:native: Search : tree - read( 413), accept( 34), objs - visit( 2366), accept(164), in result(152) 
06-28 15:31:48.264 29061 29088 I net.osmand: MapRenderRepositories BLat=-7.596262979507446, TLat=-7.582131338119507, LLong=-37.546546936035156, RLong=-37.53559494018555, zoom=17
06-28 15:31:48.264 29061 29088 I net.osmand: MapRenderRepositories Native search: 168 ms 
06-28 15:31:48.265 29061 29088 W net.osmand: MapRenderRepositories Create new image ? 1800 != 2990 (w) 2690 != 1525 (h) 
06-28 15:31:48.265 29061 29088 I net.osmand:native: Creating SkBitmap in native w:1800 h:2690 s:7200 f:1!
06-28 15:31:48.265 29061 29088 I net.osmand:native: Row bytes for RGBA_8888 is 7200
06-28 15:31:48.265 29061 29088 I net.osmand:native: Locked 19368000 bytes at 0x6e880000
06-28 15:31:48.265 29061 29088 I net.osmand:native: Initializing rendering
06-28 15:31:48.267 29061 29088 I net.osmand:native: Rendering image
06-28 15:31:48.471  8540  8545 I zygote  : Do partial code cache collection, code=491KB, data=290KB
06-28 15:31:48.471  8540  8545 I zygote  : After code cache collection, code=489KB, data=289KB
06-28 15:31:48.471  8540  8545 I zygote  : Increasing code cache capacity to 2MB
06-28 15:31:48.911 29061 29088 I net.osmand:native: Native ok (rendering 1, text 270 ms) 
06-28 15:31:48.911 29061 29088 I net.osmand:native:  (1318 points, 634 points inside, 296 of 309 objects visible)
06-28 15:31:48.911 29061 29088 I net.osmand:native: End Rendering image
06-28 15:31:48.912 29061 29088 I net.osmand:native: Native ok (init 1, rendering 1) 
06-28 15:31:48.921 29061 29088 I net.osmand: MapRenderRepositories true
06-28 15:31:48.940  1603  1624 I zygote  : Explicit concurrent copying GC freed 25205(1224KB) AllocSpace objects, 4(208KB) LOS objects, 17% free, 27MB/33MB, paused 1.393ms total 823.465ms
06-28 15:31:49.063  9622  9622 D AndroidRuntime: >>>>>> START com.android.internal.os.RuntimeInit uid 2000 <<<<<<
06-28 15:31:49.084  9622  9622 W app_process: Could not reserve sentinel fault page
06-28 15:31:49.115 29061 29071 I zygote  : NativeAlloc concurrent copying GC freed 138826(3MB) AllocSpace objects, 9(372KB) LOS objects, 17% free, 28MB/34MB, paused 1.183ms total 1.642s
06-28 15:31:49.386  9622  9622 W app_process: Unexpected CPU variant for X86 using defaults: x86
06-28 15:31:49.404  9622  9622 I app_process: The ClassLoaderContext is a special shared library.
06-28 15:31:49.523  9622  9622 D AndroidRuntime: Calling main entry com.android.commands.input.Input
06-28 15:31:49.528  9622  9622 I Input   : injectKeyEvent: KeyEvent { action=ACTION_DOWN, keyCode=KEYCODE_HOME, scanCode=0, metaState=0, flags=0x0, repeatCount=0, eventTime=28831065, downTime=28831065, deviceId=-1, source=0x101 }
06-28 15:31:49.538  9622  9622 I Input   : injectKeyEvent: KeyEvent { action=ACTION_UP, keyCode=KEYCODE_HOME, scanCode=0, metaState=0, flags=0x0, repeatCount=0, eventTime=28831065, downTime=28831065, deviceId=-1, source=0x101 }
06-28 15:31:49.549  1603  1665 I ActivityManager: START u0 {act=android.intent.action.MAIN cat=[android.intent.category.HOME] flg=0x10200000 cmp=com.google.android.apps.nexuslauncher/.NexusLauncherActivity (has extras)} from uid 1000
06-28 15:31:49.593  9622  9622 D AndroidRuntime: Shutting down VM
06-28 15:31:49.611 29061 29061 D net.osmand: Disable sensor
06-28 15:31:49.654  1401  6331 D gralloc_ranchu: gralloc_alloc: Creating ashmem region of size 8298496
06-28 15:31:49.678  1401  6331 I chatty  : uid=1000(system) HwBinder:1401_3 identical 1 line
06-28 15:31:49.734  1401  6331 D gralloc_ranchu: gralloc_alloc: Creating ashmem region of size 8298496
06-28 15:31:49.771 29061 29061 I net.osmand: MapRenderRepositories RENDER MAP: Interrupt rendering map
06-28 15:31:49.809  1412  1412 D SurfaceFlinger: duplicate layer name: changing com.google.android.apps.nexuslauncher/com.google.android.apps.nexuslauncher.NexusLauncherActivity to com.google.android.apps.nexuslauncher/com.google.android.apps.nexuslauncher.NexusLauncherActivity#1
06-28 15:31:49.813  1412  1467 E IPCThreadState: binder thread pool (4 threads) starved for 118 ms
06-28 15:31:49.880  1401  6331 D gralloc_ranchu: gralloc_alloc: Creating ashmem region of size 8298496
06-28 15:31:49.940  1401  6331 I chatty  : uid=1000(system) HwBinder:1401_3 identical 1 line
06-28 15:31:50.000  1401  6331 D gralloc_ranchu: gralloc_alloc: Creating ashmem region of size 8298496
06-28 15:31:50.048 29061 29102 D EGL_emulation: eglMakeCurrent: 0xa6785600: ver 2 0 (tinfo 0xa6783370)
06-28 15:31:50.143  1401  6331 D gralloc_ranchu: gralloc_alloc: Creating ashmem region of size 8298496
06-28 15:31:50.210  1401  1401 D gralloc_ranchu: gralloc_alloc: Creating ashmem region of size 8298496
06-28 15:31:50.253  8540  8573 D EGL_emulation: eglMakeCurrent: 0xa6785600: ver 2 0 (tinfo 0xa6783400)
06-28 15:31:50.261  2548  2598 D EGL_emulation: eglMakeCurrent: 0xa6785780: ver 2 0 (tinfo 0xa6783370)
06-28 15:31:50.274  1401  1401 D gralloc_ranchu: gralloc_alloc: Creating ashmem region of size 8298496
06-28 15:31:50.288 19546 19546 I GeofencerStateMachine: sendNewLocationAvailability: availability=LocationAvailability[isLocationAvailable: true]
06-28 15:31:50.390  2548  2558 I zygote  : NativeAlloc concurrent copying GC freed 7750(416KB) AllocSpace objects, 0(0B) LOS objects, 49% free, 4MB/9MB, paused 1.658ms total 522.566ms
06-28 15:31:50.402  1401  1401 D gralloc_ranchu: gralloc_alloc: Creating ashmem region of size 8298496
06-28 15:31:50.448  8540  8574 W SessionLifecycleManager: Handover failed. Creating new session controller.
06-28 15:31:50.532  1603  3880 I WifiService: getWifiEnabledState uid=10032
06-28 15:31:50.543  1401  1401 D gralloc_ranchu: gralloc_alloc: Creating ashmem region of size 8298496
06-28 15:31:50.608  8540  8574 W ThreadPoolDumper: Queue length for executor EventBus is now 11. Perhaps some tasks are too long, or the pool is too small.
06-28 15:31:50.624  1708  1926 D EGL_emulation: eglMakeCurrent: 0x9268e860: ver 2 0 (tinfo 0x92690770)
06-28 15:31:50.655  1412  1412 E EGL_emulation: tid 1412: eglCreateSyncKHR(1962): error 0x3004 (EGL_BAD_ATTRIBUTE)
06-28 15:31:50.759  2548  2598 W OpenGLRenderer: Incorrectly called buildLayer on View: ShortcutAndWidgetContainer, destroying layer...
06-28 15:31:50.759  2548  2598 W OpenGLRenderer: Incorrectly called buildLayer on View: ShortcutAndWidgetContainer, destroying layer...
06-28 15:31:50.803  1401  1401 D gralloc_ranchu: gralloc_alloc: Creating ashmem region of size 8298496
06-28 15:31:50.842  1603  2079 I WifiService: getWifiEnabledState uid=10032
06-28 15:31:50.912  1708  1926 D EGL_emulation: eglMakeCurrent: 0x9268e860: ver 2 0 (tinfo 0x92690770)
06-28 15:31:50.927 29061  9539 E FA      : Task exception on worker thread: java.lang.IllegalAccessError: Method 'void android.support.v4.content.ContextCompat.<init>()' is inaccessible to class 'com.google.firebase.iid.zzg' (declaration of 'com.google.firebase.iid.zzg' appears in /data/app/net.osmand-3e2027wrPNiMXbTSfYMHIA==/base.apk): com.google.android.gms.measurement.internal.zzt.zzEd(Unknown Source:3)
06-28 15:31:50.967  1708  1926 D EGL_emulation: eglMakeCurrent: 0x9268e860: ver 2 0 (tinfo 0x92690770)
06-28 15:31:51.107  2548  2558 I zygote  : NativeAlloc concurrent copying GC freed 3001(207KB) AllocSpace objects, 2(104KB) LOS objects, 49% free, 4MB/8MB, paused 2.029ms total 531.305ms
06-28 15:31:51.220  8540  8550 I zygote  : Background concurrent copying GC freed 32957(1559KB) AllocSpace objects, 5(100KB) LOS objects, 43% free, 7MB/13MB, paused 16.647ms total 1.375s
06-28 15:31:51.327  8540  8574 I MicroDetectionWorker: #startMicroDetector [speakerMode: 0]
06-28 15:31:51.330  8540  8574 W ErrorReporter: reportError [type: 211, code: 393244, bug: 0]: errorCode: 393244, engine: 0
06-28 15:31:51.333  8540  8574 I MicroDetector: Keeping mic open: false
06-28 15:31:51.333  8540  8574 I MicroDetectionWorker: #onError(false)
06-28 15:31:51.387  1708  1926 D EGL_emulation: eglMakeCurrent: 0x9268e860: ver 2 0 (tinfo 0x92690770)
06-28 15:31:51.392  1708  1728 I zygote  : NativeAlloc concurrent copying GC freed 52031(2MB) AllocSpace objects, 0(0B) LOS objects, 35% free, 10MB/16MB, paused 55.202ms total 985.507ms
06-28 15:31:51.737  1603  1612 I zygote  : NativeAlloc concurrent copying GC freed 4708(377KB) AllocSpace objects, 0(0B) LOS objects, 17% free, 27MB/33MB, paused 1.235ms total 490.554ms
06-28 15:31:54.417 29061 29061 I net.osmand: TTSCommandPlayerImpl Send message to pebble sem sinal g p s 
06-28 15:31:54.417 29061 29061 D net.osmand: AbstractPrologCommandPlayer requestAudioFocus
06-28 15:31:54.419 29061 29061 W AudioManager: Use of stream types is deprecated for operations other than volume control
06-28 15:31:54.419 29061 29061 W AudioManager: See the documentation of requestAudioFocus() for what to use instead with android.media.AudioAttributes to qualify your playback use case
06-28 15:31:54.420  1603  1735 I MediaFocusControl: requestAudioFocus() from uid/pid 10104/29061 clientId=android.media.AudioManager@e0b46a6net.osmand.plus.api.AudioFocusHelperImpl@98522d7 callingPack=net.osmand req=3 flags=0x0 sdk=26
06-28 15:31:54.421 29061 29061 D net.osmand: TTSCommandPlayerImpl ttsRequests=1
06-28 15:31:54.498 12744 29258 I TTS.GoogleTTSServiceImp: Synthesis request for locale por-BRA and name pt-BR-language
06-28 15:31:54.522 12744 29258 I TTS.GoogleTTSServiceImp: TTS dispatch: pt-br-x-afs-lstm-embedded
06-28 15:31:54.745 12744 29259 D AudioTrack: Client defaulted notificationFrames to 1365 for frameCount 4096
06-28 15:31:54.839  1603  1735 V MediaRouterService: restoreBluetoothA2dp(false)
06-28 15:31:54.846  1393  3231 W audio_hw_generic: Not supplying enough data to HAL, expected position 189019664 , only wrote 189019440
06-28 15:31:55.024  1603  1612 I zygote  : NativeAlloc concurrent copying GC freed 1640(140KB) AllocSpace objects, 0(0B) LOS objects, 17% free, 27MB/33MB, paused 1.206ms total 412.844ms
06-28 15:31:55.238  1393  3231 W audio_hw_generic: Not supplying enough data to HAL, expected position 189038235 , only wrote 189038160
06-28 15:31:55.330  1393  3231 W audio_hw_generic: Not supplying enough data to HAL, expected position 189042590 , only wrote 189042480
06-28 15:31:55.334  1603  1620 I WifiService: requestActivityInfo uid=1000
06-28 15:31:55.334  1603  1620 I WifiService: reportActivityInfo uid=1000
06-28 15:31:55.334  1603  1620 I WifiService: getSupportedFeatures uid=1000
06-28 15:31:55.421  1393  3231 W audio_hw_generic: Not supplying enough data to HAL, expected position 189046846 , only wrote 189046800
06-28 15:31:55.422  1393  3231 W audio_hw_generic: Not supplying enough data to HAL, expected position 189046857 , only wrote 189046800
06-28 15:31:55.440  1393  3231 W audio_hw_generic: Not supplying enough data to HAL, expected position 189047664 , only wrote 189047520
06-28 15:31:55.483  1603  2119 I ActivityManager: START u0 {act=android.media.action.IMAGE_CAPTURE flg=0x10000000 cmp=com.android.camera2/com.android.camera.CaptureActivity} from uid 2000
06-28 15:31:55.484  1603  2119 I ActivityManager: Cannot find package info for null
06-28 15:31:55.554  1603  1625 W ProcessCpuTracker: Skipping unknown process pid 9642
06-28 15:31:55.569  1603  1638 I ActivityManager: Start proc 9644:com.android.camera2/u0a39 for activity com.android.camera2/com.android.camera.CaptureActivity
06-28 15:31:55.588  9644  9644 W zygote  : Unexpected CPU variant for X86 using defaults: x86
06-28 15:31:55.695  1401  1401 D gralloc_ranchu: gralloc_alloc: Creating ashmem region of size 7753728
