07-03 11:45:06.418  5305  5315 I zygote  : Background concurrent copying GC freed 313801(6MB) AllocSpace objects, 0(0B) LOS objects, 10% free, 52MB/58MB, paused 11.375ms total 327.481ms
07-03 11:45:06.419  5305  5305 I net.osmand: RoutingHelper Recalculate route, because correlation  : 214.74408039865548
07-03 11:45:07.065 12849 12849 W zygote  : Unexpected CPU variant for X86 using defaults: x86
07-03 11:45:07.119  1411  1411 E lowmemorykiller: Error writing /proc/12006/oom_score_adj; errno=22
07-03 11:45:07.152  1604  2691 I ActivityManager: Process com.offline.routemaps.gps.directionfinder.free (pid 12006) has died: cch+4CEM 
07-03 11:45:07.153  1604  1620 W zygote  : kill(-12006, 9) failed: No such process
07-03 11:45:07.153  1604  1620 I zygote  : Successfully killed process cgroup uid 10087 pid 12006 in 0ms
07-03 11:45:07.162  5305  5305 I net.osmand: RoutingHelper Recalculate route, because correlation  : 214.74408039865548
07-03 11:45:07.162  5305  5305 I net.osmand: RoutingHelper Recalculate route, because wrong movement direction: 246.21614
07-03 11:45:07.181 12849 12849 W System  : ClassLoader referenced unknown path: /system/framework/com.google.android.dialer.support.jar
07-03 11:45:07.220 12849 12849 I zygote  : The ClassLoaderContext is a special shared library.
07-03 11:45:07.472  5305  5305 I net.osmand: RoutingHelper Recalculate route, because correlation  : 214.74408039865548
07-03 11:45:07.481  5305  5305 I net.osmand: RoutingHelper Recalculate route, because correlation  : 214.74408039865548
07-03 11:45:07.481  5305  5305 I net.osmand: RoutingHelper Recalculate route, because wrong movement direction: 246.21614
07-03 11:45:07.528  5305  5305 I net.osmand: RoutingHelper Recalculate route, because correlation  : 214.74408039865548
07-03 11:45:07.632 12849 12849 I Dialer  : GoogleDialerApplication.onCreate - enter
07-03 11:45:07.692 12849 12849 I Dialer  : DialerExecutors.newThread - creating low priority thread
07-03 11:45:07.697 12849 12849 I Dialer  : CallLogFramework.registerContentObservers - enter
07-03 11:45:07.719 12849 12849 I Dialer  : CallLogFramework.registerContentObservers - new call log not enabled
07-03 11:45:07.796 12849 12849 I Dialer  : NonUiTaskBuilder.newThread - creating serial thread
07-03 11:45:07.803 12849 12849 I Dialer  : DialerExecutors.newThread - creating low priority thread
07-03 11:45:07.804 12849 12849 I Dialer  : ShortcutsJobScheduler.scheduleAllJobs - enter
07-03 11:45:07.809 12849 12849 I Dialer  : ShortcutsJobScheduler.scheduleAllJobs - enabling shortcuts
07-03 11:45:07.810 12849 12849 I Dialer  : PeriodicJobService.schedulePeriodicJob - enter
07-03 11:45:07.821 12849 12849 I Dialer  : PeriodicJobService.schedulePeriodicJob - job already scheduled.
07-03 11:45:07.822 12849 12849 I Dialer  : GoogleDialerPrimes - Initializing
07-03 11:45:07.834 12849 12849 I Dialer  : GoogleDialerPrimes - Primes Metrics Monitoring started
07-03 11:45:07.843 12849 12849 I Dialer  : GoogleDialerApplication.onCreate - register new client
07-03 11:45:07.852  1604  1621 I WifiService: requestActivityInfo uid=1000
07-03 11:45:07.854  1604  1621 I WifiService: reportActivityInfo uid=1000
07-03 11:45:07.855  1604  1621 I WifiService: getSupportedFeatures uid=1000
07-03 11:45:07.900 12849 12849 I Dialer  : GoogleDialerApplication.onCreate - registered new client
07-03 11:45:08.391  5305  5305 I net.osmand: RoutingHelper Recalculate route, because correlation  : 214.74408039865548
07-03 11:45:08.391  5305  5305 I net.osmand: RoutingHelper Recalculate route, because wrong movement direction: 246.21614
07-03 11:45:08.410 12849 12880 D NetworkSecurityConfig: No Network Security Config specified, using platform default
07-03 11:45:08.503  5305  5305 I net.osmand: RoutingHelper Recalculate route, because correlation  : 214.74408039865548
07-03 11:45:08.632  5305  5305 I net.osmand: RoutingHelper Recalculate route, because correlation  : 214.74408039865548
07-03 11:45:08.706 12849 12849 I Dialer  : SpamAsyncTaskUtil.getAndUpdateServerSpamList - request:a: "us"
07-03 11:45:08.706 12849 12849 I Dialer  : b: 230502
07-03 11:45:08.706 12849 12849 I Dialer  : c: 230502
07-03 11:45:08.706 12849 12849 I Dialer  : d: 1562087845000
07-03 11:45:08.706 12849 12849 I Dialer  : e: "us"
07-03 11:45:08.706 12849 12849 I Dialer  : f: ""
07-03 11:45:08.706 12849 12849 I Dialer  : p: -1
07-03 11:45:08.794  5305  5305 I net.osmand: RoutingHelper Recalculate route, because correlation  : 214.74408039865548
07-03 11:45:08.794  5305  5305 I net.osmand: RoutingHelper Recalculate route, because wrong movement direction: 246.21614
07-03 11:45:08.805 12849 12882 I Dialer  : DialerExecutors.newThread - creating low priority thread
07-03 11:45:08.985 12849 12849 I Dialer  : Flags.register - phenotype register status: true
07-03 11:45:09.110  5305  5315 I zygote  : Background concurrent copying GC freed 821293(18MB) AllocSpace objects, 0(0B) LOS objects, 11% free, 46MB/52MB, paused 10.654ms total 1.458s
07-03 11:45:09.264 12849 12849 I Dialer  : Flags.register - commit succeeded: true
07-03 11:45:09.379  5305  5305 I net.osmand: RoutingHelper Recalculate route, because correlation  : 214.74408039865548
07-03 11:45:09.380  5305  5305 I net.osmand: RoutingHelper Recalculate route, because wrong movement direction: 246.21614
07-03 11:45:09.540  5305  5305 I net.osmand: RoutingHelper Recalculate route, because correlation  : 214.74408039865548
07-03 11:45:09.835 12849 12884 I Dialer  : DialerExecutors.newThread - creating low priority thread
07-03 11:45:09.900 12849 12886 I Dialer  : DialerExecutors.newThread - creating low priority thread
07-03 11:45:09.990  5305  5305 I net.osmand: RoutingHelper Recalculate route, because correlation  : 214.74408039865548
07-03 11:45:09.990  5305  5305 I net.osmand: RoutingHelper Recalculate route, because wrong movement direction: 246.21614
07-03 11:45:10.009  5305  5305 I net.osmand: RoutingHelper Recalculate route, because correlation  : 214.74408039865548
07-03 11:45:10.324  5305  5305 I net.osmand: RoutingHelper Recalculate route, because correlation  : 214.74408039865548
07-03 11:45:10.324  5305  5305 I net.osmand: RoutingHelper Recalculate route, because wrong movement direction: 246.21614
07-03 11:45:10.451  5305  5305 I net.osmand: RoutingHelper Recalculate route, because correlation  : 214.74408039865548
07-03 11:45:10.948  5305  5315 I zygote  : Background concurrent copying GC freed 539084(11MB) AllocSpace objects, 0(0B) LOS objects, 12% free, 43MB/49MB, paused 1.594ms total 830.948ms
07-03 11:45:11.285  5305  5305 D net.osmand: DayNightHelper Sunrise/sunset setting to day: true
07-03 11:45:11.299  5305  5305 I net.osmand: RoutingHelper Recalculate route, because correlation  : 214.74408039865548
07-03 11:45:11.299  5305  5305 I net.osmand: RoutingHelper Recalculate route, because wrong movement direction: 246.21614
07-03 11:45:11.355  5305  5305 I net.osmand: RoutingHelper Recalculate route, because correlation  : 214.74408039865548
07-03 11:45:11.355  5305  5305 I net.osmand: RoutingHelper Recalculate route, because wrong movement direction: 246.21614
07-03 11:45:11.519  5305  5305 I net.osmand: RoutingHelper Recalculate route, because correlation  : 214.74408039865548
07-03 11:45:11.541  5305  5305 I net.osmand: RoutingHelper Recalculate route, because correlation  : 214.74408039865548
07-03 11:45:12.259 12849 12864 I zygote  : Waiting for a blocking GC ProfileSaver
07-03 11:45:12.278 12849 12864 I zygote  : WaitForGcToComplete blocked ProfileSaver on HeapTrim for 19.151ms
07-03 11:45:12.278 12849 12888 I Dialer  : SpamAsyncTaskUtil.onNext - gRPC data received from server
07-03 11:45:12.279 12849 12888 I Dialer  : SpamAsyncTaskUtil.onNext - updated spam list for countryIso: us  blacklist version: 1562159847000
07-03 11:45:12.328  5305  5305 I net.osmand: RoutingHelper Recalculate route, because correlation  : 214.74408039865548
07-03 11:45:12.513  5305  5305 I net.osmand: RoutingHelper Recalculate route, because correlation  : 214.74408039865548
07-03 11:45:12.513  5305  5305 I net.osmand: RoutingHelper Recalculate route, because wrong movement direction: 246.21614
07-03 11:45:12.792  5305  5305 I net.osmand: RoutingHelper Recalculate route, because correlation  : 214.74408039865548
07-03 11:45:12.792  5305  5305 I net.osmand: RoutingHelper Recalculate route, because wrong movement direction: 246.21614
07-03 11:45:12.959  5305  5305 I net.osmand: RoutingHelper Recalculate route, because correlation  : 214.74408039865548
07-03 11:45:13.346  5305  5305 I net.osmand: RoutingHelper Recalculate route, because correlation  : 214.74408039865548
07-03 11:45:13.346  5305  5305 I net.osmand: RoutingHelper Recalculate route, because wrong movement direction: 246.21614
07-03 11:45:13.410  5305  5305 I net.osmand: RoutingHelper Recalculate route, because correlation  : 214.74408039865548
07-03 11:45:14.078  5305  5305 I net.osmand: RoutingHelper Recalculate route, because correlation  : 214.74408039865548
07-03 11:45:14.101  5305  5315 I zygote  : Background concurrent copying GC freed 424032(9MB) AllocSpace objects, 0(0B) LOS objects, 11% free, 48MB/54MB, paused 5.639ms total 1.637s
07-03 11:45:14.173  5305  5305 I net.osmand: RoutingHelper Recalculate route, because correlation  : 214.74408039865548
07-03 11:45:14.173  5305  5305 I net.osmand: RoutingHelper Recalculate route, because wrong movement direction: 246.21614
07-03 11:45:14.378  5305  5305 I net.osmand: RoutingHelper Recalculate route, because correlation  : 214.74408039865548
07-03 11:45:14.532  5305  5305 I net.osmand: RoutingHelper Recalculate route, because correlation  : 214.74408039865548
07-03 11:45:14.532  5305  5305 I net.osmand: RoutingHelper Recalculate route, because wrong movement direction: 246.21614
07-03 11:45:15.490  5305  5305 I net.osmand: RoutingHelper Recalculate route, because correlation  : 214.74408039865548
07-03 11:45:15.490  5305  5305 I net.osmand: RoutingHelper Recalculate route, because wrong movement direction: 246.21614
07-03 11:45:15.588  5305  5305 I net.osmand: RoutingHelper Recalculate route, because correlation  : 214.74408039865548
07-03 11:45:15.588  5305  5305 I net.osmand: RoutingHelper Recalculate route, because wrong movement direction: 246.21614
07-03 11:45:15.592  5305  5305 I net.osmand: RoutingHelper Recalculate route, because correlation  : 214.74408039865548
07-03 11:45:15.596  5305  5305 I chatty  : uid=10104(net.osmand) identical 1 line
07-03 11:45:16.397  5305  5305 I net.osmand: RoutingHelper Recalculate route, because correlation  : 214.74408039865548
07-03 11:45:16.397  5305  5305 I net.osmand: RoutingHelper Recalculate route, because wrong movement direction: 246.21614
07-03 11:45:16.521  5305  5305 I net.osmand: RoutingHelper Recalculate route, because correlation  : 214.74408039865548
07-03 11:45:16.926  5305  5305 I net.osmand: RoutingHelper Recalculate route, because correlation  : 214.74408039865548
07-03 11:45:17.211  5305  5315 I zygote  : Background concurrent copying GC freed 630957(13MB) AllocSpace objects, 0(0B) LOS objects, 11% free, 48MB/54MB, paused 4.571ms total 1.808s
07-03 11:45:17.249  5305  5305 I net.osmand: RoutingHelper Recalculate route, because correlation  : 214.74408039865548
07-03 11:45:17.249  5305  5305 I net.osmand: RoutingHelper Recalculate route, because wrong movement direction: 246.21614
07-03 11:45:17.337  5305  5305 I net.osmand: RoutingHelper Recalculate route, because correlation  : 214.74408039865548
07-03 11:45:17.402  5305  5305 I net.osmand: RoutingHelper Recalculate route, because correlation  : 214.74408039865548
07-03 11:45:17.402  5305  5305 I net.osmand: RoutingHelper Recalculate route, because wrong movement direction: 246.21614
07-03 11:45:18.328  5305  5305 I net.osmand: RoutingHelper Recalculate route, because correlation  : 214.74408039865548
07-03 11:45:18.328  5305  5305 I net.osmand: RoutingHelper Recalculate route, because wrong movement direction: 246.21614
07-03 11:45:18.402  5305  5305 I net.osmand: RoutingHelper Recalculate route, because correlation  : 214.74408039865548
07-03 11:45:18.641  5305  5305 I net.osmand: RoutingHelper Recalculate route, because correlation  : 214.74408039865548
07-03 11:45:18.641  5305  5305 I net.osmand: RoutingHelper Recalculate route, because wrong movement direction: 246.21614
07-03 11:45:18.741  5305  5305 I net.osmand: RoutingHelper Recalculate route, because correlation  : 214.74408039865548
07-03 11:45:19.517  5305  5305 I net.osmand: RoutingHelper Recalculate route, because correlation  : 214.74408039865548
07-03 11:45:19.518  5305  5305 I net.osmand: RoutingHelper Recalculate route, because wrong movement direction: 246.21614
07-03 11:45:19.521  5305  5305 I net.osmand: RoutingHelper Recalculate route, because correlation  : 214.74408039865548
07-03 11:45:20.070  5305  5315 I zygote  : Background concurrent copying GC freed 619115(13MB) AllocSpace objects, 0(0B) LOS objects, 11% free, 46MB/52MB, paused 1.251ms total 1.504s
07-03 11:45:20.077  5305  5305 I net.osmand: RoutingHelper Recalculate route, because correlation  : 214.74408039865548
07-03 11:45:20.077  5305  5305 I net.osmand: RoutingHelper Recalculate route, because wrong movement direction: 246.21614
07-03 11:45:20.271  5305  5305 I net.osmand: RoutingHelper Recalculate route, because correlation  : 214.74408039865548
07-03 11:45:20.363  5305  5305 I net.osmand: RoutingHelper Recalculate route, because correlation  : 214.74408039865548
07-03 11:45:20.364  5305  5305 I net.osmand: RoutingHelper Recalculate route, because wrong movement direction: 246.21614
07-03 11:45:20.435  5305  5305 I net.osmand: RoutingHelper Recalculate route, because correlation  : 214.74408039865548
07-03 11:45:21.388  5305  5305 I net.osmand: RoutingHelper Recalculate route, because correlation  : 214.74408039865548
07-03 11:45:21.388  5305  5305 I net.osmand: RoutingHelper Recalculate route, because wrong movement direction: 246.21614
07-03 11:45:21.461  5305  5305 I net.osmand: RoutingHelper Recalculate route, because correlation  : 214.74408039865548
07-03 11:45:21.461  5305  5305 I net.osmand: RoutingHelper Recalculate route, because wrong movement direction: 246.21614
07-03 11:45:21.530  5305  5305 I net.osmand: RoutingHelper Recalculate route, because correlation  : 214.74408039865548
07-03 11:45:21.594  5305  5305 I net.osmand: RoutingHelper Recalculate route, because correlation  : 214.74408039865548
07-03 11:45:21.768  1604  5750 I WifiService: acquireWifiLock uid=10014 lockMode=2
07-03 11:45:22.018  1604  2691 I WifiService: releaseWifiLock uid=10014
07-03 11:45:22.217  5305  5315 I zygote  : Background concurrent copying GC freed 534227(11MB) AllocSpace objects, 0(0B) LOS objects, 12% free, 43MB/49MB, paused 1.444ms total 1.559s
07-03 11:45:22.404  5305  5305 I net.osmand: RoutingHelper Recalculate route, because correlation  : 214.74408039865548
07-03 11:45:22.404  5305  5305 I net.osmand: RoutingHelper Recalculate route, because wrong movement direction: 246.21614
07-03 11:45:22.488  5305  5305 I net.osmand: RoutingHelper Recalculate route, because correlation  : 214.74408039865548
07-03 11:45:22.811  5305  5305 I net.osmand: RoutingHelper Recalculate route, because correlation  : 214.74408039865548
07-03 11:45:22.811  5305  5305 I net.osmand: RoutingHelper Recalculate route, because wrong movement direction: 246.21614
07-03 11:45:22.930  1604  2691 I zygote  : IncrementDisableThreadFlip blocked for 55.109ms
07-03 11:45:23.184  5305  5305 I net.osmand: RoutingHelper Recalculate route, because correlation  : 214.74408039865548
07-03 11:45:23.550  5305  5305 I net.osmand: RoutingHelper Recalculate route, because correlation  : 214.74408039865548
07-03 11:45:23.550  5305  5305 I net.osmand: RoutingHelper Recalculate route, because wrong movement direction: 246.21614
07-03 11:45:23.598  5305  5305 I net.osmand: RoutingHelper Recalculate route, because correlation  : 214.74408039865548
07-03 11:45:24.234  5305  5305 I net.osmand: RoutingHelper Recalculate route, because correlation  : 214.74408039865548
07-03 11:45:24.234  5305  5305 I net.osmand: RoutingHelper Recalculate route, because wrong movement direction: 246.21614
07-03 11:45:24.482  5305  5305 I net.osmand: RoutingHelper Recalculate route, because correlation  : 214.74408039865548
07-03 11:45:24.524  5305  5315 I zygote  : Background concurrent copying GC freed 421285(9MB) AllocSpace objects, 0(0B) LOS objects, 11% free, 47MB/53MB, paused 14.089ms total 1.588s
07-03 11:45:24.557  5305  5305 I net.osmand: RoutingHelper Recalculate route, because correlation  : 214.74408039865548
07-03 11:45:24.557  5305  5305 I net.osmand: RoutingHelper Recalculate route, because wrong movement direction: 246.21614
07-03 11:45:24.561  5305  5305 I net.osmand: RoutingHelper Recalculate route, because correlation  : 214.74408039865548
07-03 11:45:25.522  1604  1613 I zygote  : Background concurrent copying GC freed 45792(2MB) AllocSpace objects, 2(56KB) LOS objects, 8% free, 64MB/70MB, paused 46.554ms total 2.648s
07-03 11:45:25.580  5305  5305 I net.osmand: RoutingHelper Recalculate route, because correlation  : 214.74408039865548
07-03 11:45:25.580  5305  5305 I net.osmand: RoutingHelper Recalculate route, because wrong movement direction: 246.21614
07-03 11:45:25.593  1970  1970 I GeofencerStateMachine: sendNewTransitions called.
07-03 11:45:25.657  5305  5305 I net.osmand: RoutingHelper Recalculate route, because correlation  : 214.74408039865548
07-03 11:45:25.657  5305  5305 I net.osmand: RoutingHelper Recalculate route, because wrong movement direction: 246.21614
07-03 11:45:25.885  5305  5305 I net.osmand: RoutingHelper Recalculate route, because correlation  : 214.74408039865548
07-03 11:45:26.021 12849 12888 I Dialer  : SpamDatabaseHelper.bulkInsertNumbersToServerTable - inserted 16672 numbers into the server spam list.
07-03 11:45:26.350  5305  5305 I net.osmand: RoutingHelper Recalculate route, because correlation  : 214.74408039865548
07-03 11:45:26.350  5305  5305 I net.osmand: RoutingHelper Recalculate route, because wrong movement direction: 246.21614
07-03 11:45:26.447  5305  5305 I net.osmand: RoutingHelper Recalculate route, because correlation  : 214.74408039865548
07-03 11:45:26.696  1604  2691 I WifiService: getConnectionInfo uid=10014
07-03 11:45:26.721  1970 12771 E WakeLock: GCM_HB_ALARM release without a matched acquire!
07-03 11:45:27.022  1604  2058 I WifiService: getConnectionInfo uid=10014
07-03 11:45:27.126  5305  5305 I net.osmand: RoutingHelper Recalculate route, because correlation  : 214.74408039865548
07-03 11:45:27.126  5305  5305 I net.osmand: RoutingHelper Recalculate route, because wrong movement direction: 246.21614
07-03 11:45:27.132  5305  5305 I net.osmand: RoutingHelper Recalculate route, because correlation  : 214.74408039865548
07-03 11:45:27.405  5305  5305 I chatty  : uid=10104(net.osmand) identical 1 line
07-03 11:45:27.592  5305  5305 I net.osmand: RoutingHelper Recalculate route, because correlation  : 214.74408039865548
07-03 11:45:27.592  5305  5305 I net.osmand: RoutingHelper Recalculate route, because wrong movement direction: 246.21614
07-03 11:45:27.594  5305  5315 I zygote  : Background concurrent copying GC freed 599495(13MB) AllocSpace objects, 0(0B) LOS objects, 10% free, 49MB/55MB, paused 1.527ms total 1.694s
07-03 11:45:28.212  5305  5305 I net.osmand: RoutingHelper Recalculate route, because correlation  : 214.74408039865548
07-03 11:45:28.212  5305  5305 I net.osmand: RoutingHelper Recalculate route, because wrong movement direction: 246.21614
07-03 11:45:28.381  5305  5305 I net.osmand: RoutingHelper Recalculate route, because correlation  : 214.74408039865548
07-03 11:45:28.595  5305  5305 I net.osmand: RoutingHelper Recalculate route, because correlation  : 214.74408039865548
07-03 11:45:28.595  5305  5305 I net.osmand: RoutingHelper Recalculate route, because wrong movement direction: 246.21614
07-03 11:45:28.689  5305  5305 I net.osmand: RoutingHelper Recalculate route, because correlation  : 214.74408039865548
07-03 11:45:29.206  1604  1617 E memtrack: Couldn't load memtrack module
07-03 11:45:29.206  1604  1617 W android.os.Debug: failed to get memory consumption info: -1
07-03 11:45:29.650  5305  5315 I zygote  : Background concurrent copying GC freed 704584(15MB) AllocSpace objects, 0(0B) LOS objects, 12% free, 40MB/46MB, paused 10.279ms total 885.683ms
07-03 11:45:29.665  5305  5305 I net.osmand: RoutingHelper Recalculate route, because correlation  : 214.74408039865548
07-03 11:45:29.665  5305  5305 I net.osmand: RoutingHelper Recalculate route, because wrong movement direction: 246.21614
07-03 11:45:29.908  5305  5305 I net.osmand: RoutingHelper Recalculate route, because correlation  : 214.74408039865548
07-03 11:45:30.348  5305  5305 I net.osmand: RoutingHelper Recalculate route, because correlation  : 214.74408039865548
07-03 11:45:30.348  5305  5305 I net.osmand: RoutingHelper Recalculate route, because wrong movement direction: 246.21614
07-03 11:45:30.447  5305  5305 I net.osmand: RoutingHelper Recalculate route, because correlation  : 214.74408039865548
07-03 11:45:31.099  5305  5305 I net.osmand: RoutingHelper Recalculate route, because correlation  : 214.74408039865548
07-03 11:45:31.099  5305  5305 I net.osmand: RoutingHelper Recalculate route, because wrong movement direction: 246.21614
07-03 11:45:31.141  5305  5305 I net.osmand: RoutingHelper Recalculate route, because correlation  : 214.74408039865548
07-03 11:45:31.374  5305  5305 I net.osmand: RoutingHelper Recalculate route, because correlation  : 214.74408039865548
07-03 11:45:31.389  5305  5305 I net.osmand: RoutingHelper Recalculate route, because wrong movement direction: 246.21614
07-03 11:45:31.482  5305  5305 I net.osmand: RoutingHelper Recalculate route, because correlation  : 214.74408039865548
07-03 11:45:32.046  5305  5315 I zygote  : Background concurrent copying GC freed 270655(6MB) AllocSpace objects, 0(0B) LOS objects, 11% free, 45MB/51MB, paused 9.331ms total 1.478s
07-03 11:45:32.359  5305  5305 I net.osmand: RoutingHelper Recalculate route, because correlation  : 214.74408039865548
07-03 11:45:32.359  5305  5305 I net.osmand: RoutingHelper Recalculate route, because wrong movement direction: 246.21614
07-03 11:45:32.509  5305  5305 I net.osmand: RoutingHelper Recalculate route, because correlation  : 214.74408039865548
07-03 11:45:32.510  5305  5305 I net.osmand: RoutingHelper Recalculate route, because wrong movement direction: 246.21614
07-03 11:45:32.513  5305  5305 I net.osmand: RoutingHelper Recalculate route, because correlation  : 214.74408039865548
07-03 11:45:32.521  5305  5305 I chatty  : uid=10104(net.osmand) identical 1 line
07-03 11:45:33.412  5305  5305 I net.osmand: RoutingHelper Recalculate route, because correlation  : 214.74408039865548
07-03 11:45:33.413  5305  5305 I net.osmand: RoutingHelper Recalculate route, because wrong movement direction: 246.21614
07-03 11:45:33.533  5305  5305 I net.osmand: RoutingHelper Recalculate route, because correlation  : 214.74408039865548
07-03 11:45:33.670  5305  5305 I net.osmand: RoutingHelper Recalculate route, because correlation  : 214.74408039865548
07-03 11:45:33.670  5305  5305 I net.osmand: RoutingHelper Recalculate route, because wrong movement direction: 246.21614
07-03 11:45:33.674  5305  5305 I net.osmand: RoutingHelper Recalculate route, because correlation  : 214.74408039865548
07-03 11:45:34.349  5305  5305 I chatty  : uid=10104(net.osmand) identical 1 line
07-03 11:45:34.459  5305  5305 I net.osmand: RoutingHelper Recalculate route, because correlation  : 214.74408039865548
07-03 11:45:34.459  5305  5305 I net.osmand: RoutingHelper Recalculate route, because wrong movement direction: 246.21614
07-03 11:45:34.899  5305  5305 I net.osmand: RoutingHelper Recalculate route, because correlation  : 214.74408039865548
07-03 11:45:35.008  5305  5305 I net.osmand: RoutingHelper Recalculate route, because correlation  : 214.74408039865548
07-03 11:45:35.009  5305  5305 I net.osmand: RoutingHelper Recalculate route, because wrong movement direction: 246.21614
07-03 11:45:35.096  5305  5315 I zygote  : Background concurrent copying GC freed 523407(11MB) AllocSpace objects, 0(0B) LOS objects, 11% free, 46MB/52MB, paused 5.182ms total 1.447s
07-03 11:45:35.386  5305  5305 I net.osmand: RoutingHelper Recalculate route, because correlation  : 214.74408039865548
07-03 11:45:35.509  5305  5305 I net.osmand: RoutingHelper Recalculate route, because correlation  : 214.74408039865548
07-03 11:45:35.509  5305  5305 I net.osmand: RoutingHelper Recalculate route, because wrong movement direction: 246.21614
07-03 11:45:36.222  5305  5305 I net.osmand: RoutingHelper Recalculate route, because correlation  : 214.74408039865548
07-03 11:45:36.308  5305  5305 I net.osmand: RoutingHelper Recalculate route, because correlation  : 214.74408039865548
07-03 11:45:36.308  5305  5305 I net.osmand: RoutingHelper Recalculate route, because wrong movement direction: 246.21614
07-03 11:45:36.477  5305  5305 I net.osmand: RoutingHelper Recalculate route, because correlation  : 214.74408039865548
07-03 11:45:36.477  5305  5305 I net.osmand: RoutingHelper Recalculate route, because wrong movement direction: 246.21614
07-03 11:45:36.484  5305  5305 I net.osmand: RoutingHelper Recalculate route, because correlation  : 214.74408039865548
07-03 11:45:37.259  5305  5315 I zygote  : Background concurrent copying GC freed 558885(12MB) AllocSpace objects, 0(0B) LOS objects, 11% free, 44MB/50MB, paused 1.102ms total 996.638ms
07-03 11:45:37.438  5305  5305 I net.osmand: RoutingHelper Recalculate route, because correlation  : 214.74408039865548
07-03 11:45:37.439  5305  5305 I net.osmand: RoutingHelper Recalculate route, because wrong movement direction: 246.21614
07-03 11:45:37.617  5305 12745 I net.osmand:native: Run GC (before 57.631260 Mb after 44.788557 Mb) unload 295 of 948 tiles
07-03 11:45:37.639  5305  5305 I net.osmand: RoutingHelper Recalculate route, because correlation  : 214.74408039865548
07-03 11:45:37.741  5305  5305 I net.osmand: RoutingHelper Recalculate route, because correlation  : 214.74408039865548
07-03 11:45:37.742  5305  5305 I net.osmand: RoutingHelper Recalculate route, because wrong movement direction: 246.21614
07-03 11:45:37.855  5305  5305 I net.osmand: RoutingHelper Recalculate route, because correlation  : 214.74408039865548
07-03 11:45:38.452  5305  5305 I net.osmand: RoutingHelper Recalculate route, because correlation  : 214.74408039865548
07-03 11:45:38.452  5305  5305 I net.osmand: RoutingHelper Recalculate route, because wrong movement direction: 246.21614
07-03 11:45:38.651  5305  5305 I net.osmand: RoutingHelper Recalculate route, because correlation  : 214.74408039865548
07-03 11:45:39.009  5305  5305 I chatty  : uid=10104(net.osmand) identical 1 line
07-03 11:45:39.025  5305  5305 I net.osmand: RoutingHelper Recalculate route, because correlation  : 214.74408039865548
07-03 11:45:39.025  5305  5305 I net.osmand: RoutingHelper Recalculate route, because wrong movement direction: 246.21614
07-03 11:45:39.360  5305  5305 I net.osmand: RoutingHelper Recalculate route, because correlation  : 214.74408039865548
07-03 11:45:39.408  5305  5305 I net.osmand: RoutingHelper Recalculate route, because correlation  : 214.74408039865548
07-03 11:45:39.409  5305  5305 I net.osmand: RoutingHelper Recalculate route, because wrong movement direction: 246.21614
07-03 11:45:39.923  5305  5315 I zygote  : Background concurrent copying GC freed 439336(9MB) AllocSpace objects, 0(0B) LOS objects, 10% free, 50MB/56MB, paused 13.356ms total 1.901s
07-03 11:45:40.270  5305  5305 I net.osmand: RoutingHelper Recalculate route, because correlation  : 214.74408039865548
07-03 11:45:40.270  5305  5305 I net.osmand: RoutingHelper Recalculate route, because wrong movement direction: 246.21614
07-03 11:45:40.295 12849 12888 I Dialer  : SpamDatabaseHelper.bulkDeleteNumbersFromServerTable - removed 16671 numbers from the server spam list.
07-03 11:45:40.458  5305  5305 I net.osmand: RoutingHelper Recalculate route, because correlation  : 214.74408039865548
07-03 11:45:40.458  5305  5305 I net.osmand: RoutingHelper Recalculate route, because wrong movement direction: 246.21614
07-03 11:45:40.547  5305  5305 I net.osmand: RoutingHelper Recalculate route, because correlation  : 214.74408039865548
07-03 11:45:40.555  5305  5305 I net.osmand: RoutingHelper Recalculate route, because correlation  : 214.74408039865548
07-03 11:45:40.721 12849 12888 I Dialer  : SpamAsyncTaskUtil.onNext - updated spam list with difference list to blacklist version: 1562159847000
07-03 11:45:40.742 12849 12888 I Dialer  : SpamAsyncTaskUtil.onCompleted - gRPC blocked list fetching completed.
07-03 11:45:40.750  1604  1617 E memtrack: Couldn't load memtrack module
07-03 11:45:40.751  1604  1617 W android.os.Debug: failed to get memory consumption info: -1
07-03 11:45:41.393  5305  5305 I net.osmand: RoutingHelper Recalculate route, because correlation  : 214.74408039865548
07-03 11:45:41.393  5305  5305 I net.osmand: RoutingHelper Recalculate route, because wrong movement direction: 246.21614
07-03 11:45:41.603  5305  5305 I net.osmand: RoutingHelper Recalculate route, because correlation  : 214.74408039865548
07-03 11:45:41.639  5305  5305 I net.osmand: RoutingHelper Recalculate route, because correlation  : 214.74408039865548
07-03 11:45:41.639  5305  5305 I net.osmand: RoutingHelper Recalculate route, because wrong movement direction: 246.21614
07-03 11:45:41.759  5305  5305 I net.osmand: RoutingHelper Recalculate route, because correlation  : 214.74408039865548
07-03 11:45:42.052  1604  1621 I WifiService: requestActivityInfo uid=1000
07-03 11:45:42.052  1604  1621 I WifiService: reportActivityInfo uid=1000
07-03 11:45:42.052  1604  1621 I WifiService: getSupportedFeatures uid=1000
07-03 11:45:42.257  5305  5315 I zygote  : Background concurrent copying GC freed 732890(16MB) AllocSpace objects, 0(0B) LOS objects, 12% free, 42MB/48MB, paused 1.796ms total 717.311ms
07-03 11:45:42.333  5305  5305 I net.osmand: RoutingHelper Recalculate route, because correlation  : 214.74408039865548
07-03 11:45:42.333  5305  5305 I net.osmand: RoutingHelper Recalculate route, because wrong movement direction: 246.21614
07-03 11:45:42.470  5305  5305 I net.osmand: RoutingHelper Recalculate route, because correlation  : 214.74408039865548
07-03 11:45:42.799  1604  2058 I WifiService: acquireWifiLock uid=10014 lockMode=2
07-03 11:45:42.938  5305  5305 I net.osmand: RoutingHelper Recalculate route, because correlation  : 214.74408039865548
07-03 11:45:42.938  5305  5305 I net.osmand: RoutingHelper Recalculate route, because wrong movement direction: 246.21614
07-03 11:45:43.045  5305  5305 I net.osmand: RoutingHelper Recalculate route, because correlation  : 214.74408039865548
07-03 11:45:43.419  5305  5305 I net.osmand: RoutingHelper Recalculate route, because correlation  : 214.74408039865548
07-03 11:45:43.419  5305  5305 I net.osmand: RoutingHelper Recalculate route, because wrong movement direction: 246.21614
07-03 11:45:43.572  5305  5305 I net.osmand: RoutingHelper Recalculate route, because correlation  : 214.74408039865548
07-03 11:45:43.912  5305  5315 I zygote  : Background concurrent copying GC freed 369550(8MB) AllocSpace objects, 0(0B) LOS objects, 11% free, 44MB/50MB, paused 1.454ms total 832.086ms
07-03 11:45:44.209  5305  5305 I net.osmand: RoutingHelper Recalculate route, because correlation  : 214.74408039865548
07-03 11:45:44.210  5305  5305 I net.osmand: RoutingHelper Recalculate route, because wrong movement direction: 246.21614
07-03 11:45:44.256  5305  5305 I net.osmand: RoutingHelper Recalculate route, because correlation  : 214.74408039865548
07-03 11:45:44.448  5305  5305 I net.osmand: RoutingHelper Recalculate route, because correlation  : 214.74408039865548
07-03 11:45:44.448  5305  5305 I net.osmand: RoutingHelper Recalculate route, because wrong movement direction: 246.21614
07-03 11:45:44.513  5305  5305 I net.osmand: RoutingHelper Recalculate route, because correlation  : 214.74408039865548
07-03 11:45:45.023  5305  5315 I zygote  : Background concurrent copying GC freed 470046(10MB) AllocSpace objects, 0(0B) LOS objects, 12% free, 40MB/46MB, paused 1.195ms total 420.167ms
07-03 11:45:45.398  5305  5305 I net.osmand: RoutingHelper Recalculate route, because correlation  : 214.74408039865548
07-03 11:45:45.398  5305  5305 I net.osmand: RoutingHelper Recalculate route, because wrong movement direction: 246.21614
07-03 11:45:45.505  5305  5305 I net.osmand: RoutingHelper Recalculate route, because correlation  : 214.74408039865548
07-03 11:45:45.619  5305  5305 I net.osmand: RoutingHelper Recalculate route, because correlation  : 214.74408039865548
07-03 11:45:45.619  5305  5305 I net.osmand: RoutingHelper Recalculate route, because wrong movement direction: 246.21614
07-03 11:45:45.674  5305  5305 I net.osmand: RoutingHelper Recalculate route, because correlation  : 214.74408039865548
07-03 11:45:45.782  1604  2058 D WificondControl: Scan result ready event
07-03 11:45:45.940  1604  3712 I WifiService: releaseWifiLock uid=10014
07-03 11:45:46.391  5305  5305 I net.osmand: RoutingHelper Recalculate route, because correlation  : 214.74408039865548
07-03 11:45:46.391  5305  5305 I net.osmand: RoutingHelper Recalculate route, because wrong movement direction: 246.21614
07-03 11:45:46.474  5305  5305 I net.osmand: RoutingHelper Recalculate route, because correlation  : 214.74408039865548
07-03 11:45:46.950  5305  5305 I net.osmand: RoutingHelper Recalculate route, because correlation  : 214.74408039865548
07-03 11:45:46.950  5305  5305 I net.osmand: RoutingHelper Recalculate route, because wrong movement direction: 246.21614
07-03 11:45:47.035  5305  5305 I net.osmand: RoutingHelper Recalculate route, because correlation  : 214.74408039865548
07-03 11:45:47.109  5305  5315 I zygote  : Background concurrent copying GC freed 281897(6MB) AllocSpace objects, 0(0B) LOS objects, 12% free, 43MB/49MB, paused 2.727ms total 687.416ms
07-03 11:45:47.342  5305  5305 I net.osmand: RoutingHelper Recalculate route, because correlation  : 214.74408039865548
07-03 11:45:47.342  5305  5305 I net.osmand: RoutingHelper Recalculate route, because wrong movement direction: 246.21614
07-03 11:45:47.391  5305  5305 I net.osmand: RoutingHelper Recalculate route, because correlation  : 214.74408039865548
07-03 11:45:48.241  5305  5305 I net.osmand: RoutingHelper Recalculate route, because correlation  : 214.74408039865548
07-03 11:45:48.241  5305  5305 I net.osmand: RoutingHelper Recalculate route, because wrong movement direction: 246.21614
07-03 11:45:48.313  5305  5305 I net.osmand: RoutingHelper Recalculate route, because correlation  : 214.74408039865548
07-03 11:45:48.445  5305  5305 I net.osmand: RoutingHelper Recalculate route, because correlation  : 214.74408039865548
07-03 11:45:48.445  5305  5305 I net.osmand: RoutingHelper Recalculate route, because wrong movement direction: 246.21614
07-03 11:45:48.521  5305  5305 I net.osmand: RoutingHelper Recalculate route, because correlation  : 214.74408039865548
07-03 11:45:48.971  5305  5315 I zygote  : Background concurrent copying GC freed 417052(9MB) AllocSpace objects, 0(0B) LOS objects, 11% free, 44MB/50MB, paused 939us total 698.778ms
07-03 11:45:49.418  5305  5305 I net.osmand: RoutingHelper Recalculate route, because correlation  : 214.74408039865548
07-03 11:45:49.419  5305  5305 I net.osmand: RoutingHelper Recalculate route, because wrong movement direction: 246.21614
07-03 11:45:49.583  5305  5305 I net.osmand: RoutingHelper Recalculate route, because correlation  : 214.74408039865548
07-03 11:45:49.585  5305  5305 I net.osmand: RoutingHelper Recalculate route, because wrong movement direction: 246.21614
07-03 11:45:49.692  5305  5305 I net.osmand: RoutingHelper Recalculate route, because correlation  : 214.74408039865548
07-03 11:45:49.735  5305  5305 I net.osmand: RoutingHelper Recalculate route, because correlation  : 214.74408039865548
07-03 11:45:50.195  5305  5315 I zygote  : Background concurrent copying GC freed 457600(10MB) AllocSpace objects, 0(0B) LOS objects, 13% free, 40MB/46MB, paused 2.088ms total 408.030ms
07-03 11:45:50.344  5305  5305 I net.osmand: RoutingHelper Recalculate route, because correlation  : 214.74408039865548
07-03 11:45:50.345  5305  5305 I net.osmand: RoutingHelper Recalculate route, because wrong movement direction: 246.21614
07-03 11:45:50.351  5305  5305 I net.osmand: RoutingHelper Recalculate route, because correlation  : 214.74408039865548
07-03 11:45:50.875  5305  5305 I net.osmand: RoutingHelper Recalculate route, because correlation  : 214.74408039865548
07-03 11:45:50.876  5305  5305 I net.osmand: RoutingHelper Recalculate route, because wrong movement direction: 246.21614
07-03 11:45:50.977  5305  5305 I net.osmand: RoutingHelper Recalculate route, because correlation  : 214.74408039865548
07-03 11:45:51.352  5305  5305 I net.osmand: RoutingHelper Recalculate route, because correlation  : 214.74408039865548
07-03 11:45:51.352  5305  5305 I net.osmand: RoutingHelper Recalculate route, because wrong movement direction: 246.21614
07-03 11:45:51.470  5305  5305 I net.osmand: RoutingHelper Recalculate route, because correlation  : 214.74408039865548
07-03 11:45:51.990  5305  5315 I zygote  : Background concurrent copying GC freed 281844(6MB) AllocSpace objects, 0(0B) LOS objects, 12% free, 43MB/49MB, paused 1.828ms total 644.280ms
07-03 11:45:52.087  5305  5305 I net.osmand: RoutingHelper Recalculate route, because correlation  : 214.74408039865548
07-03 11:45:52.207  5305  5305 I net.osmand: RoutingHelper Recalculate route, because correlation  : 214.74408039865548
07-03 11:45:52.207  5305  5305 I net.osmand: RoutingHelper Recalculate route, because wrong movement direction: 246.21614
07-03 11:45:52.349  5305  5305 I net.osmand: RoutingHelper Recalculate route, because correlation  : 214.74408039865548
07-03 11:45:52.349  5305  5305 I net.osmand: RoutingHelper Recalculate route, because wrong movement direction: 246.21614
07-03 11:45:52.355  5305  5305 I net.osmand: RoutingHelper Recalculate route, because correlation  : 214.74408039865548
07-03 11:45:53.037  5305  5315 I zygote  : Background concurrent copying GC freed 414129(9MB) AllocSpace objects, 0(0B) LOS objects, 13% free, 39MB/45MB, paused 1.197ms total 554.016ms
07-03 11:45:53.100  5305 12745 I net.osmand:native: Run GC (before 57.633911 Mb after 44.774786 Mb) unload 364 of 963 tiles
07-03 11:45:53.361  1410  1410 I boot-pipe: done populating /dev/random
07-03 11:45:53.366  5305  5305 I net.osmand: RoutingHelper Recalculate route, because correlation  : 214.74408039865548
07-03 11:45:53.366  5305  5305 I net.osmand: RoutingHelper Recalculate route, because wrong movement direction: 246.21614
07-03 11:45:53.478  5305  5305 I net.osmand: RoutingHelper Recalculate route, because correlation  : 214.74408039865548
07-03 11:45:53.577  5305  5305 I net.osmand: RoutingHelper Recalculate route, because correlation  : 214.74408039865548
07-03 11:45:53.577  5305  5305 I net.osmand: RoutingHelper Recalculate route, because wrong movement direction: 246.21614
07-03 11:45:53.590  5305  5305 I net.osmand: RoutingHelper Recalculate route, because correlation  : 214.74408039865548
07-03 11:45:54.408  5305  5305 I net.osmand: RoutingHelper Recalculate route, because correlation  : 214.74408039865548
07-03 11:45:54.408  5305  5305 I net.osmand: RoutingHelper Recalculate route, because wrong movement direction: 246.21614
07-03 11:45:54.460  5305  5305 I net.osmand: RoutingHelper Recalculate route, because correlation  : 214.74408039865548
07-03 11:45:54.900  5305  5305 I net.osmand: RoutingHelper Recalculate route, because correlation  : 214.74408039865548
07-03 11:45:54.900  5305  5305 I net.osmand: RoutingHelper Recalculate route, because wrong movement direction: 246.21614
07-03 11:45:54.953  5305  5305 I net.osmand: RoutingHelper Recalculate route, because correlation  : 214.74408039865548
07-03 11:45:55.283  5305  5315 I zygote  : Background concurrent copying GC freed 287701(6MB) AllocSpace objects, 0(0B) LOS objects, 11% free, 46MB/52MB, paused 5.188ms total 938.840ms
07-03 11:45:55.411  5305  5305 I net.osmand: RoutingHelper Recalculate route, because correlation  : 214.74408039865548
07-03 11:45:55.411  5305  5305 I net.osmand: RoutingHelper Recalculate route, because wrong movement direction: 246.21614
07-03 11:45:55.475  5305  5305 I net.osmand: RoutingHelper Recalculate route, because correlation  : 214.74408039865548
07-03 11:45:56.038  5305  5305 I net.osmand: RoutingHelper Recalculate route, because correlation  : 214.74408039865548
07-03 11:45:56.038  5305  5305 I net.osmand: RoutingHelper Recalculate route, because wrong movement direction: 246.21614
07-03 11:45:56.060  1970  1970 I GeofencerStateMachine: sendNewTransitions called.
07-03 11:45:56.064  5305  5305 I net.osmand: RoutingHelper Recalculate route, because correlation  : 214.74408039865548
07-03 11:45:56.431  5305  5305 I net.osmand: RoutingHelper Recalculate route, because correlation  : 214.74408039865548
07-03 11:45:56.432  5305  5305 I net.osmand: RoutingHelper Recalculate route, because wrong movement direction: 246.21614
07-03 11:45:56.541  5305  5305 I net.osmand: RoutingHelper Recalculate route, because correlation  : 214.74408039865548
07-03 11:45:56.901  5305  5315 I zygote  : Background concurrent copying GC freed 537459(11MB) AllocSpace objects, 0(0B) LOS objects, 12% free, 43MB/49MB, paused 2.091ms total 723.006ms
07-03 11:45:57.230  5305  5305 I net.osmand: RoutingHelper Recalculate route, because correlation  : 214.74408039865548
07-03 11:45:57.230  5305  5305 I net.osmand: RoutingHelper Recalculate route, because wrong movement direction: 246.21614
07-03 11:45:57.361  5305  5305 I net.osmand: RoutingHelper Recalculate route, because correlation  : 214.74408039865548
07-03 11:45:57.475  5305  5305 I net.osmand: RoutingHelper Recalculate route, because correlation  : 214.74408039865548
07-03 11:45:57.475  5305  5305 I net.osmand: RoutingHelper Recalculate route, because wrong movement direction: 246.21614
07-03 11:45:57.481  5305  5305 I net.osmand: RoutingHelper Recalculate route, because correlation  : 214.74408039865548
07-03 11:45:58.076  5305  5315 I zygote  : Background concurrent copying GC freed 417308(9MB) AllocSpace objects, 0(0B) LOS objects, 12% free, 40MB/46MB, paused 923us total 445.565ms
07-03 11:45:58.342  5305  5305 I net.osmand: RoutingHelper Recalculate route, because correlation  : 214.74408039865548
07-03 11:45:58.342  5305  5305 I net.osmand: RoutingHelper Recalculate route, because wrong movement direction: 246.21614
07-03 11:45:58.423  5305  5305 I net.osmand: RoutingHelper Recalculate route, because correlation  : 214.74408039865548
07-03 11:45:58.634  5305  5305 I net.osmand: RoutingHelper Recalculate route, because correlation  : 214.74408039865548
07-03 11:45:58.634  5305  5305 I net.osmand: RoutingHelper Recalculate route, because wrong movement direction: 246.21614
07-03 11:45:58.799  5305  5305 I net.osmand: RoutingHelper Recalculate route, because correlation  : 214.74408039865548
07-03 11:45:59.359  5305  5305 I net.osmand: RoutingHelper Recalculate route, because correlation  : 214.74408039865548
07-03 11:45:59.359  5305  5305 I net.osmand: RoutingHelper Recalculate route, because wrong movement direction: 246.21614
07-03 11:45:59.372  5305  5305 I net.osmand: RoutingHelper Recalculate route, because correlation  : 214.74408039865548
07-03 11:45:59.956  5305  5315 I zygote  : Background concurrent copying GC freed 288663(6MB) AllocSpace objects, 0(0B) LOS objects, 12% free, 41MB/47MB, paused 6.190ms total 582.121ms
07-03 11:46:00.189  5305  5305 I net.osmand: RoutingHelper Recalculate route, because correlation  : 214.74408039865548
07-03 11:46:00.189  5305  5305 I net.osmand: RoutingHelper Recalculate route, because wrong movement direction: 246.21614
07-03 11:46:00.273  5305  5305 I net.osmand: RoutingHelper Recalculate route, because correlation  : 214.74408039865548
07-03 11:46:00.403  5305  5305 I net.osmand: RoutingHelper Recalculate route, because correlation  : 214.74408039865548
07-03 11:46:00.403  5305  5305 I net.osmand: RoutingHelper Recalculate route, because wrong movement direction: 246.21614
07-03 11:46:00.551  5305  5305 I net.osmand: RoutingHelper Recalculate route, because correlation  : 214.74408039865548
07-03 11:46:01.192  5305  5315 I zygote  : Background concurrent copying GC freed 343288(7MB) AllocSpace objects, 0(0B) LOS objects, 12% free, 41MB/47MB, paused 3.449ms total 564.353ms
07-03 11:46:01.416  5305  5305 I net.osmand: RoutingHelper Recalculate route, because correlation  : 214.74408039865548
07-03 11:46:01.416  5305  5305 I net.osmand: RoutingHelper Recalculate route, because wrong movement direction: 246.21614
07-03 11:46:01.453  5305  5305 I net.osmand: RoutingHelper Recalculate route, because correlation  : 214.74408039865548
07-03 11:46:01.453  5305  5305 I net.osmand: RoutingHelper Recalculate route, because wrong movement direction: 246.21614
07-03 11:46:01.456  5305  5305 I net.osmand: RoutingHelper Recalculate route, because correlation  : 214.74408039865548
07-03 11:46:01.458  5305  5305 I chatty  : uid=10104(net.osmand) identical 1 line
07-03 11:46:02.344  5305  5305 I net.osmand: RoutingHelper Recalculate route, because correlation  : 214.74408039865548
07-03 11:46:02.344  5305  5305 I net.osmand: RoutingHelper Recalculate route, because wrong movement direction: 246.21614
07-03 11:46:02.516  5305  5305 I net.osmand: RoutingHelper Recalculate route, because correlation  : 214.74408039865548
07-03 11:46:02.694  5305  5305 I net.osmand: RoutingHelper Recalculate route, because correlation  : 214.74408039865548
07-03 11:46:02.694  5305  5305 I net.osmand: RoutingHelper Recalculate route, because wrong movement direction: 246.21614
07-03 11:46:02.723  5305  5305 I net.osmand: RoutingHelper Recalculate route, because correlation  : 214.74408039865548
07-03 11:46:02.916  1604  5753 I WifiService: acquireWifiLock uid=10014 lockMode=2
07-03 11:46:03.069  1604  5757 I WifiService: releaseWifiLock uid=10014
07-03 11:46:03.351  5305  5315 I zygote  : Background concurrent copying GC freed 312371(6MB) AllocSpace objects, 0(0B) LOS objects, 12% free, 43MB/49MB, paused 1.971ms total 904.849ms
07-03 11:46:03.397  5305  5305 I net.osmand: RoutingHelper Recalculate route, because correlation  : 214.74408039865548
07-03 11:46:03.397  5305  5305 I net.osmand: RoutingHelper Recalculate route, because wrong movement direction: 246.21614
07-03 11:46:03.565  5305  5305 I net.osmand: RoutingHelper Recalculate route, because correlation  : 214.74408039865548
07-03 11:46:04.041  5305  5305 I net.osmand: RoutingHelper Recalculate route, because correlation  : 214.74408039865548
07-03 11:46:04.041  5305  5305 I net.osmand: RoutingHelper Recalculate route, because wrong movement direction: 246.21614
07-03 11:46:04.184  5305  5305 I net.osmand: RoutingHelper Recalculate route, because correlation  : 214.74408039865548
07-03 11:46:04.429  5305  5305 I net.osmand: RoutingHelper Recalculate route, because correlation  : 214.74408039865548
07-03 11:46:04.429  5305  5305 I net.osmand: RoutingHelper Recalculate route, because wrong movement direction: 246.21614
07-03 11:46:04.444  5305  5305 I net.osmand: RoutingHelper Recalculate route, because correlation  : 214.74408039865548
07-03 11:46:04.945  5305  5315 I zygote  : Background concurrent copying GC freed 436167(9MB) AllocSpace objects, 0(0B) LOS objects, 11% free, 44MB/50MB, paused 1.773ms total 810.648ms
07-03 11:46:05.359  5305  5305 I net.osmand: RoutingHelper Recalculate route, because correlation  : 214.74408039865548
07-03 11:46:05.359  5305  5305 I net.osmand: RoutingHelper Recalculate route, because wrong movement direction: 246.21614
07-03 11:46:05.377  5305  5305 I net.osmand: RoutingHelper Recalculate route, because correlation  : 214.74408039865548
07-03 11:46:05.599  5305  5305 I chatty  : uid=10104(net.osmand) identical 1 line
07-03 11:46:05.637  5305  5305 I net.osmand: RoutingHelper Recalculate route, because correlation  : 214.74408039865548
07-03 11:46:05.637  5305  5305 I net.osmand: RoutingHelper Recalculate route, because wrong movement direction: 246.21614
07-03 11:46:06.371  5305  5305 I net.osmand: RoutingHelper Recalculate route, because correlation  : 214.74408039865548
07-03 11:46:06.371  5305  5305 I net.osmand: RoutingHelper Recalculate route, because wrong movement direction: 246.21614
07-03 11:46:06.512  5305  5305 I net.osmand: RoutingHelper Recalculate route, because correlation  : 214.74408039865548
07-03 11:46:06.811  5305  5305 I net.osmand: RoutingHelper Recalculate route, because correlation  : 214.74408039865548
07-03 11:46:06.811  5305  5305 I net.osmand: RoutingHelper Recalculate route, because wrong movement direction: 246.21614
07-03 11:46:06.975  5305  5305 I net.osmand: RoutingHelper Recalculate route, because correlation  : 214.74408039865548
07-03 11:46:07.351  5305  5305 I net.osmand: RoutingHelper Recalculate route, because correlation  : 214.74408039865548
07-03 11:46:07.351  5305  5305 I net.osmand: RoutingHelper Recalculate route, because wrong movement direction: 246.21614
07-03 11:46:07.474  5305  5305 I net.osmand: RoutingHelper Recalculate route, because correlation  : 214.74408039865548
07-03 11:46:07.692  5305  5315 I zygote  : Background concurrent copying GC freed 457936(10MB) AllocSpace objects, 0(0B) LOS objects, 11% free, 48MB/54MB, paused 2.343ms total 1.322s
07-03 11:46:08.038  5305  5305 I net.osmand: RoutingHelper Recalculate route, because correlation  : 214.74408039865548
