--------- beginning of main
06-28 13:53:05.253 29061 29071 I zygote  : Background concurrent copying GC freed 284855(6MB) AllocSpace objects, 0(0B) LOS objects, 18% free, 26MB/32MB, paused 2.527ms total 280.454ms
06-28 13:53:07.960 29061 29071 I zygote  : Background concurrent copying GC freed 274695(6MB) AllocSpace objects, 0(0B) LOS objects, 17% free, 27MB/33MB, paused 1.676ms total 392.584ms
06-28 13:53:09.284  1603  1612 I zygote  : Background concurrent copying GC freed 110398(7MB) AllocSpace objects, 9(324KB) LOS objects, 18% free, 25MB/31MB, paused 1.191ms total 678.139ms
--------- beginning of system
06-28 13:53:09.499  1603  1877 I ActivityManager: START u0 {act=android.intent.action.MAIN cat=[android.intent.category.HOME] flg=0x10000000 cmp=com.google.android.apps.nexuslauncher/.NexusLauncherActivity} from uid 2000
06-28 13:53:09.638  1603  1616 E memtrack: Couldn't load memtrack module
06-28 13:53:09.640  1603  1616 W android.os.Debug: failed to get memory consumption info: -1
06-28 13:53:09.779  1401  1401 D gralloc_ranchu: gralloc_alloc: Creating ashmem region of size 8298496
06-28 13:53:09.824  1401  6331 D gralloc_ranchu: gralloc_alloc: Creating ashmem region of size 8298496
06-28 13:53:09.900  1412  1412 D SurfaceFlinger: duplicate layer name: changing com.google.android.apps.nexuslauncher/com.google.android.apps.nexuslauncher.NexusLauncherActivity to com.google.android.apps.nexuslauncher/com.google.android.apps.nexuslauncher.NexusLauncherActivity#1
06-28 13:53:09.913  1401  6331 D gralloc_ranchu: gralloc_alloc: Creating ashmem region of size 8298496
06-28 13:53:10.041  1603  1613 I GnssLocationProvider: WakeLock acquired by sendMessage(SET_REQUEST, 0, com.android.server.location.GnssLocationProvider$GpsRequest@dee9add)
06-28 13:53:10.078  1603  1617 W ActivityManager: Activity pause timeout for ActivityRecord{c422233 u0 net.osmand/.plus.activities.MapActivity t81}
06-28 13:53:10.081  1401  6331 D gralloc_ranchu: gralloc_alloc: Creating ashmem region of size 8298496
06-28 13:53:10.101 29061 29061 D net.osmand: Disable sensor
06-28 13:53:10.162  1401  6331 D gralloc_ranchu: gralloc_alloc: Creating ashmem region of size 8298496
06-28 13:53:10.213  1401  1401 D gralloc_ranchu: gralloc_alloc: Creating ashmem region of size 8298496
06-28 13:53:10.438  2548  2598 D EGL_emulation: eglMakeCurrent: 0xa6785780: ver 2 0 (tinfo 0xa6783370)
06-28 13:53:10.565  1603  1618 W Looper  : Dispatch took 190ms on android.ui, h=Handler (com.android.server.am.ActivityManagerService$UiHandler) {5717402} cb=null msg=53
06-28 13:53:10.612  1603  1616 I GnssLocationProvider: WakeLock released by handleMessage(SET_REQUEST, 0, com.android.server.location.GnssLocationProvider$GpsRequest@dee9add)
06-28 13:53:10.634 29061 29061 I net.osmand: MapRenderRepositories RENDER MAP: Interrupt rendering map
06-28 13:53:10.636 32484 32484 I Choreographer: Skipped 37 frames!  The application may be doing too much work on its main thread.
06-28 13:53:10.639 32484 32517 D EGL_emulation: eglMakeCurrent: 0xa6786200: ver 2 0 (tinfo 0xa6783610)
06-28 13:53:10.640 29061 29061 D net.osmand: Enable sensor
06-28 13:53:10.774  1401  1401 D gralloc_ranchu: gralloc_alloc: Creating ashmem region of size 8298496
06-28 13:53:10.822  1708  1926 D EGL_emulation: eglMakeCurrent: 0x9268e860: ver 2 0 (tinfo 0x92690770)
06-28 13:53:10.858  1412  1412 E EGL_emulation: tid 1412: eglCreateSyncKHR(1962): error 0x3004 (EGL_BAD_ATTRIBUTE)
06-28 13:53:10.938  2548  2598 W OpenGLRenderer: Incorrectly called buildLayer on View: ShortcutAndWidgetContainer, destroying layer...
06-28 13:53:10.940  2548  2598 W OpenGLRenderer: Incorrectly called buildLayer on View: ShortcutAndWidgetContainer, destroying layer...
06-28 13:53:11.042 32484 32484 W ThreadPoolDumper: Queue length for executor EventBus is now 11. Perhaps some tasks are too long, or the pool is too small.
06-28 13:53:11.110 29061 29102 D EGL_emulation: eglMakeCurrent: 0xa6785600: ver 2 0 (tinfo 0xa6783370)
06-28 13:53:11.478 19546 19546 I GeofencerStateMachine: sendNewLocationAvailability: availability=LocationAvailability[isLocationAvailable: true]
06-28 13:53:11.588 32484 32519 W SessionLifecycleManager: Handover failed. Creating new session controller.
06-28 13:53:11.825 29061   302 E FA      : Task exception on worker thread: java.lang.IllegalAccessError: Method 'void android.support.v4.content.ContextCompat.<init>()' is inaccessible to class 'com.google.firebase.iid.zzg' (declaration of 'com.google.firebase.iid.zzg' appears in /data/app/net.osmand-3e2027wrPNiMXbTSfYMHIA==/base.apk): com.google.android.gms.measurement.internal.zzt.zzEd(Unknown Source:3)
06-28 13:53:12.002  1708  1926 D EGL_emulation: eglMakeCurrent: 0x9268e860: ver 2 0 (tinfo 0x92690770)
06-28 13:53:12.173  1603  3242 I zygote  : android::hardware::configstore::V1_0::ISurfaceFlingerConfigs::hasWideColorDisplay retrieved: 0
06-28 13:53:12.173  1603  3242 I OpenGLRenderer: Initialized EGL, version 1.4
06-28 13:53:12.174  1603  3242 D OpenGLRenderer: Swap behavior 1
06-28 13:53:12.185  1603  3242 W OpenGLRenderer: Failed to choose config with EGL_SWAP_BEHAVIOR_PRESERVED, retrying without...
06-28 13:53:12.185  1603  3242 D OpenGLRenderer: Swap behavior 0
06-28 13:53:12.211  1603  3242 D EGL_emulation: eglCreateContext: 0x925f6460: maj 2 min 0 rcv 2
06-28 13:53:12.232  1603  3242 D EGL_emulation: eglMakeCurrent: 0x925f6460: ver 2 0 (tinfo 0x8dfe60d0)
06-28 13:53:12.267 32484 32519 W ThreadPoolDumper: Task au[MicroDetectionState#registerBroadcastReceivers] was queued for 1094ms before starting on executor EventBus
06-28 13:53:12.314  2548  2558 I zygote  : NativeAlloc concurrent copying GC freed 5053(278KB) AllocSpace objects, 2(104KB) LOS objects, 50% free, 4MB/9MB, paused 1.670ms total 772.806ms
06-28 13:53:12.499  1708  1728 I zygote  : NativeAlloc concurrent copying GC freed 36032(1734KB) AllocSpace objects, 0(0B) LOS objects, 39% free, 9MB/15MB, paused 79.183ms total 1.027s
06-28 13:53:12.626  1603  6824 I WifiService: getWifiEnabledState uid=10032
06-28 13:53:12.696  1603  1613 I WifiService: getWifiEnabledState uid=10032
06-28 13:53:12.699 32484 32551 W LocationOracle: No location history returned by ContextManager
06-28 13:53:12.934  1603  1612 I zygote  : NativeAlloc concurrent copying GC freed 22891(1759KB) AllocSpace objects, 3(60KB) LOS objects, 19% free, 24MB/30MB, paused 4.128ms total 1.247s
06-28 13:53:12.978 32484 32519 I MicroDetectionWorker: #startMicroDetector [speakerMode: 0]
06-28 13:53:13.004 32484 32519 W ErrorReporter: reportError [type: 211, code: 393244, bug: 0]: errorCode: 393244, engine: 0
06-28 13:53:13.009 32484 32519 I MicroDetector: Keeping mic open: false
06-28 13:53:13.009 32484 32519 I MicroDetectionWorker: #onError(false)
06-28 13:53:13.235 19546 19546 I GeofencerStateMachine: removeGeofences: removeRequest=RemoveGeofencingRequest[REMOVE_BY_PENDING_INTENT pendingIntent=PendingIntent[creatorPackage=com.google.android.gms], packageName=com.google.android.gms]
06-28 13:53:13.245 19546 19546 I chatty  : uid=10014 com.google.android.gms.persistent identical 1 line
06-28 13:53:13.255 19546 19546 I GeofencerStateMachine: removeGeofences: removeRequest=RemoveGeofencingRequest[REMOVE_BY_PENDING_INTENT pendingIntent=PendingIntent[creatorPackage=com.google.android.gms], packageName=com.google.android.gms]
06-28 13:53:13.305 32484 32495 I zygote  : Background concurrent copying GC freed 21839(1352KB) AllocSpace objects, 7(204KB) LOS objects, 47% free, 6MB/12MB, paused 5.916ms total 419.135ms
06-28 13:53:13.328 32484 32489 I zygote  : Do partial code cache collection, code=238KB, data=134KB
06-28 13:53:13.329 32484 32489 I zygote  : After code cache collection, code=238KB, data=134KB
06-28 13:53:13.329 32484 32489 I zygote  : Increasing code cache capacity to 1024KB
06-28 13:53:13.413 19546 32137 W ctxmgr  : [AclManager] No 3 for (accnt=account#1066226748#, com.google.android.gms(10014):UserVelocityProducer, vrsn=17785022, 0, 3pPkg = null ,  3pMdlId = null ,  pid = 19546). Was: 2 for 1, account#1066226748# [CONTEXT service_id=47 ]
06-28 13:53:13.661 19546   310 I PlaceInferenceEngine: [anon] Changed inference mode: 0
06-28 13:53:13.662 19546 19546 I GeofencerStateMachine: removeGeofences: removeRequest=RemoveGeofencingRequest[REMOVE_BY_PENDING_INTENT pendingIntent=PendingIntent[creatorPackage=com.google.android.gms], packageName=com.google.android.gms]
06-28 13:53:13.672 19546 19546 I GeofencerStateMachine: removeGeofences: removeRequest=RemoveGeofencingRequest[REMOVE_BY_PENDING_INTENT pendingIntent=PendingIntent[creatorPackage=com.google.android.gms], packageName=com.google.android.gms]
06-28 13:53:13.693 19546   310 I PlaceInferenceEngine: [account#1066226748] Changed inference mode: 0
06-28 13:53:13.778 19546   310 I Places  : Converted 1 out of 1 WiFi scans
06-28 13:53:13.778  1603  6824 I WifiService: getConnectionInfo uid=10014
06-28 13:53:13.821  1603  1614 I ActivityManager: Force stopping com.skgames.trafficrider appid=10081 user=0: from pid 318
06-28 13:53:13.824 19546 19546 I GeofencerStateMachine: sendNewTransitions called.
06-28 13:53:13.863  1603  1614 I ActivityManager:   Force finishing activity ActivityRecord{9173a71 u0 com.skgames.trafficrider/com.prime31.UnityPlayerNativeActivity t83}
06-28 13:53:13.873 32484 32551 I zygote  : Deoptimizing void com.google.protobuf.dt.a(int, java.lang.Object, com.google.protobuf.fy) due to JIT same target
06-28 13:53:13.963 19546 32137 I ctxmgr  : [ProducerStatusImpl] updateStateForNewContextData: inactive, contextName=7 [CONTEXT service_id=47 ]
06-28 13:53:14.066  1844  1844 D CarrierSvcBindHelper: No carrier app for: 0
06-28 13:53:14.483 19546   310 I Places  : ?: PlacesBleScanner start() with priority 2
06-28 13:53:14.484 19546   310 I PlaceInferenceEngine: [anon] Changed inference mode: 1
06-28 13:53:14.484 19546   310 I PlaceInferenceEngine: [account#1066226748] Changed inference mode: 1
06-28 13:53:14.516 19546   310 I Places  : Converted 1 out of 1 WiFi scans
06-28 13:53:14.517  1603  4580 I WifiService: getConnectionInfo uid=10014
06-28 13:53:14.554 19546   310 I PlaceInferenceEngine: [account#1066226748] Changed inference mode: 1
06-28 13:53:14.555 19546   310 I PlaceInferenceEngine: [anon] Changed inference mode: 1
06-28 13:53:14.566 19546 19546 E BeaconBle: Missing BluetoothAdapter
06-28 13:53:14.566 19546 19546 I BeaconBle: BLE 'KK+' software access layer enabled
06-28 13:53:14.769 19546 19546 I BeaconBle: Client requested scan, settings=BleSettings [scanMode=ZERO_POWER, callbackType=ALL_MATCHES, reportDelayMillis=0, 1 filters, 0 clients, callingClientName=Places]
06-28 13:53:14.769 19546 19546 I BeaconBle: Scan : No clients left, canceling alarm.
06-28 13:53:14.770 19546 19546 E BeaconBle: Scan couldn't start for Places
06-28 13:53:14.771 19546 19546 W Places  : BLE failure while scanning - code 5
06-28 13:53:14.813  1603  1614 I ActivityManager: Force stopping com.EvilChaotic.ModernWarplanes appid=10082 user=0: from pid 322
06-28 13:53:14.813  1603  1614 I ActivityManager: Killing 32311:com.EvilChaotic.ModernWarplanes/u0a82 (adj 905): stop com.EvilChaotic.ModernWarplanes
06-28 13:53:14.823  1603  1619 W zygote  : kill(-32311, 9) failed: No such process
06-28 13:53:14.827 32692 32692 I cr_ChildProcessService: Destroying ChildProcessService pid=32692
06-28 13:53:14.853  1603  1614 I ActivityManager: Killing 32692:com.android.chrome:sandboxed_process0/u0a82i20 (adj 0): isolated not needed
06-28 13:53:14.854  1603  1614 I ActivityManager:   Force finishing activity ActivityRecord{f48230c u0 com.EvilChaotic.ModernWarplanes/com.unity3d.player.UnityPlayerActivity t84}
06-28 13:53:14.866  1603  1619 W zygote  : kill(-32311, 9) failed: No such process
06-28 13:53:14.924  1603  1618 W Looper  : Dispatch took 108ms on android.ui, h=Handler (com.android.server.am.ActivityManagerService$UiHandler) {5717402} cb=null msg=53
06-28 13:53:14.969  1603  1614 D ConnectivityService: ConnectivityService NetworkRequestInfo binderDied(NetworkRequest [ LISTEN id=72, [ Capabilities: INTERNET&NOT_RESTRICTED&TRUSTED&FOREGROUND] ], android.os.BinderProxy@8c06128)
06-28 13:53:14.969  1603  2505 D ConnectivityService: ConnectivityService NetworkRequestInfo binderDied(NetworkRequest [ LISTEN id=71, [ Capabilities: INTERNET&NOT_RESTRICTED&TRUSTED&FOREGROUND] ], android.os.BinderProxy@f75b34b)
06-28 13:53:14.969  1603  4070 D ConnectivityService: ConnectivityService NetworkRequestInfo binderDied(NetworkRequest [ LISTEN id=73, [ Capabilities: NOT_RESTRICTED&TRUSTED&NOT_VPN&FOREGROUND] ], android.os.BinderProxy@473be41)
06-28 13:53:14.926  1603  1619 I chatty  : uid=1000(system) ActivityManager identical 1 line
06-28 13:53:14.972  1603  1619 W zygote  : kill(-32311, 9) failed: No such process
06-28 13:53:14.972  1603  1619 I zygote  : Successfully killed process cgroup uid 10082 pid 32311 in 148ms
06-28 13:53:14.986  1603  1619 W zygote  : Failed to open process cgroup uid 99020 pid 32692: No such file or directory
06-28 13:53:14.986  1603  1619 E zygote  : Error encountered killing process cgroup uid 99020 pid 32692: No such file or directory
06-28 13:53:15.053  1603  1624 W ActivityManager: setHasOverlayUi called on unknown pid: 32311
06-28 13:53:15.068  1844  1844 D CarrierSvcBindHelper: No carrier app for: 0
06-28 13:53:15.080  1603  1620 E KernelCpuSpeedReader: Failed to read cpu-freq: /sys/devices/system/cpu/cpu0/cpufreq/stats/time_in_state (No such file or directory)
06-28 13:53:15.109  1603  1620 D KernelUidCpuTimeReader: Removing uids 99020-99020
06-28 13:53:15.203 19546 19556 I zygote  : Background concurrent copying GC freed 67518(3MB) AllocSpace objects, 26(1644KB) LOS objects, 34% free, 11MB/17MB, paused 1.253ms total 755.515ms
06-28 13:53:15.222  1603  1612 I zygote  : NativeAlloc concurrent copying GC freed 5133(367KB) AllocSpace objects, 0(0B) LOS objects, 19% free, 25MB/31MB, paused 3.959ms total 1.403s
06-28 13:53:15.302  1401  1401 D gralloc_ranchu: gralloc_alloc: Creating ashmem region of size 2076672
06-28 13:53:15.444 19546   313 I PlaceInferenceEngine: No beacon scan available - ignoring candidates.
06-28 13:53:15.756  1603  2505 I ActivityManager: Force stopping com.ea.games.r3_row appid=10083 user=0: from pid 332
06-28 13:53:15.757  1603  2505 I ActivityManager: Killing 32378:com.ea.games.r3_row/u0a83 (adj 901): stop com.ea.games.r3_row
06-28 13:53:15.482 19546   313 I PlaceInferenceEngine: No beacon scan available - ignoring candidates.
06-28 13:53:15.758  1603  1619 W zygote  : kill(-32378, 9) failed: No such process
06-28 13:53:15.777  1603  2505 I ActivityManager:   Force finishing activity ActivityRecord{aa56248 u0 com.ea.games.r3_row/com.firemint.realracing.MainActivity t85}
06-28 13:53:15.860  1603  1619 I chatty  : uid=1000(system) ActivityManager identical 2 lines
06-28 13:53:15.927  1603  1619 W zygote  : kill(-32378, 9) failed: No such process
06-28 13:53:15.927  1603  1619 I zygote  : Successfully killed process cgroup uid 10083 pid 32378 in 168ms
06-28 13:53:15.943  1603  2504 I MediaFocusControl: AudioFocus  removeFocusStackEntryOnDeath(): removing entry for android.os.BinderProxy@fcfd7d
06-28 13:53:15.966  1603  1624 W ActivityManager: setHasOverlayUi called on unknown pid: 32378
06-28 13:53:16.006  1844  1844 D CarrierSvcBindHelper: No carrier app for: 0
06-28 13:53:16.315  1603  4580 W ActivityManager: Invalid packageName: android.media.action.IMAGE_CAPTURE
06-28 13:53:18.065 32484 32519 I MicroDetectionWorker: #startMicroDetector [speakerMode: 0]
06-28 13:53:18.068 32484 32519 W ErrorReporter: reportError [type: 211, code: 393244, bug: 0]: errorCode: 393244, engine: 0
06-28 13:53:18.070 32484 32519 I MicroDetector: Keeping mic open: false
06-28 13:53:18.070 32484 32519 I MicroDetectionWorker: #onError(false)
06-28 13:53:18.260  1844  1844 D ServiceStateProvider: subId=1
06-28 13:53:18.330  1844  1844 D TelephonyProvider: subIdString = 1 subId = 1
06-28 13:53:18.371  1603  1681 I WifiService: getConnectionInfo uid=1000
06-28 13:53:18.405  1603  1674 D RecurrenceRule: Resolving using anchor 2019-06-28T17:53:18.404Z[GMT]
06-28 13:53:18.407  1603  1674 D RecurrenceRule: Resolving using anchor 2019-06-28T17:53:18.407Z[GMT]
06-28 13:53:18.410  1603  1674 D RecurrenceRule: Cycle 17 from 2019-06-09T00:00Z[GMT] to 2019-07-09T00:00Z[GMT]
06-28 13:53:18.413  1603  1674 D NetworkStats: Resolving plan for NetworkTemplate: matchRule=MOBILE_ALL, subscriberId=310260..., matchSubscriberIds=[310260...]
06-28 13:53:18.414  1844  1844 D TelephonyProvider: subIdString = 1 subId = 1
06-28 13:53:18.415  1603  1674 D NetworkStats: Found active matching subId 1
06-28 13:53:18.426  1603  1674 D NetworkStats: Resolved to plan null
06-28 13:53:18.620  1844  1844 I chatty  : uid=1001(radio) com.android.phone identical 1 line
06-28 13:53:18.640  1844  1844 D TelephonyProvider: subIdString = 1 subId = 1
06-28 13:53:18.675 29061 29061 D net.osmand: RoutingHelper Processed by distance : (new) 187162.84449464493 (old) 187289.046875
06-28 13:53:18.699  1844  1844 D TelephonyProvider: subIdString = 1 subId = 1
06-28 13:53:18.764  1844  1844 I chatty  : uid=1001(radio) com.android.phone identical 1 line
06-28 13:53:18.813  1844  1844 D TelephonyProvider: subIdString = 1 subId = 1
06-28 13:53:18.823 29061 29061 I net.osmand: RoutingHelper Recalculate route, because correlation  : 187162.84449464493
06-28 13:53:18.823 29061 29061 I net.osmand: RoutingHelper Recalculate route, because wrong movement direction: 187162.84
06-28 13:53:18.831 29061 29061 D net.osmand: AbstractPrologCommandPlayer abandonAudioFocus
06-28 13:53:18.886  1844  1844 D TelephonyProvider: subIdString = 1 subId = 1
06-28 13:53:19.030 29061 29061 I net.osmand: TTSCommandPlayerImpl Send message to pebble desviou-se da rota por  187 quilómetros 
06-28 13:53:19.030 29061 29061 D net.osmand: AbstractPrologCommandPlayer requestAudioFocus
06-28 13:53:19.030 29061 29061 W AudioManager: Use of stream types is deprecated for operations other than volume control
06-28 13:53:19.030 29061 29061 W AudioManager: See the documentation of requestAudioFocus() for what to use instead with android.media.AudioAttributes to qualify your playback use case
06-28 13:53:19.032  1603  1638 I MediaFocusControl: requestAudioFocus() from uid/pid 10104/29061 clientId=android.media.AudioManager@e0b46a6net.osmand.plus.api.AudioFocusHelperImpl@62340d callingPack=net.osmand req=3 flags=0x0 sdk=26
06-28 13:53:19.033 29061 29061 D net.osmand: TTSCommandPlayerImpl ttsRequests=1
06-28 13:53:19.034  1844  1844 D TelephonyProvider: subIdString = 1 subId = 1
06-28 13:53:19.045 12744 29258 I TTS.GoogleTTSServiceImp: Synthesis request for locale por-BRA and name pt-BR-language
06-28 13:53:19.056 12744 29258 I TTS.GoogleTTSServiceImp: TTS dispatch: pt-br-x-afs-lstm-embedded
06-28 13:53:19.096 29061 29061 W MaterialProgressBar: Current drawable is not a MaterialProgressDrawable, you may want to set app:mpb_setBothDrawables
06-28 13:53:19.113 12744 29259 D AudioTrack: Client defaulted notificationFrames to 1365 for frameCount 4096
06-28 13:53:19.114 29061 29061 I net.osmand: RoutingHelper Recalculate route, because correlation  : 187162.84449464493
06-28 13:53:19.118 29061 29061 I chatty  : uid=10104(net.osmand) identical 1 line
06-28 13:53:19.129 29061 29061 I net.osmand: RoutingHelper Recalculate route, because correlation  : 187162.84449464493
06-28 13:53:19.129 29061 29061 I net.osmand: RoutingHelper Recalculate route, because wrong movement direction: 187162.84
06-28 13:53:19.139  1603  2505 V MediaRouterService: restoreBluetoothA2dp(false)
06-28 13:53:19.164  1393  3231 W audio_hw_generic: Not supplying enough data to HAL, expected position 145051250 , only wrote 145051200
06-28 13:53:19.172  2548  2558 I zygote  : NativeAlloc concurrent copying GC freed 2764(152KB) AllocSpace objects, 0(0B) LOS objects, 49% free, 4MB/8MB, paused 1.223ms total 272.424ms
06-28 13:53:19.210 29061   360 I net.osmand: RouteProvider Start finding route from Location[mProvider=gps,mTime=1561744399000,mLatitude=-7.2195149999999995,mLongitude=-35.88448166666667,mHasAltitude=false,mAltitude=0.0,mHasSpeed=true,mSpeed=0.0,mHasBearing=true,mBearing=0.0,mHasAccuracy=true,mAccuracy=20.0 to Lat -7.2184563 Lon -35.883244 using OsmAnd (offline)
06-28 13:53:19.248 29061   360 W net.osmand: RouteProvider Use 333 MB Free 0.9203491 of 33.61154 max 384.0
06-28 13:53:19.696 29061   360 I net.osmand:native: Start point was found 23133298227 [Native]
06-28 13:53:19.714  1393  3231 W audio_hw_generic: Not supplying enough data to HAL, expected position 145077622 , only wrote 145077120
06-28 13:53:19.715  1393  3231 W audio_hw_generic: Not supplying enough data to HAL, expected position 145077153 , only wrote 145077120
06-28 13:53:19.732  1393  3231 W audio_hw_generic: Not supplying enough data to HAL, expected position 145077933 , only wrote 145077840
06-28 13:53:19.734  1603  1616 E memtrack: Couldn't load memtrack module
06-28 13:53:19.734  1603  1616 W android.os.Debug: failed to get memory consumption info: -1
06-28 13:53:19.760  1475  1571 D AudioFlinger: mixer(0xaa803cc0) throttle end: throttle time(8)
06-28 13:53:19.795 29061   360 I net.osmand:native: End point was found 14392021889 [Native]
06-28 13:53:19.895 29061 29061 I net.osmand: RoutingHelper Recalculate route, because correlation  : 187162.84449464493
06-28 13:53:19.895 29061 29061 I net.osmand: RoutingHelper Recalculate route, because wrong movement direction: 187162.84
06-28 13:53:19.931 29061 29061 I net.osmand: RoutingHelper Recalculate route, because correlation  : 187162.84449464493
06-28 13:53:20.743 29061 29061 I net.osmand: RoutingHelper Recalculate route, because correlation  : 187162.84449464493
06-28 13:53:20.743 29061 29061 I net.osmand: RoutingHelper Recalculate route, because wrong movement direction: 187162.84
06-28 13:53:20.762 29061 29071 I zygote  : Background concurrent copying GC freed 270345(6MB) AllocSpace objects, 8(416KB) LOS objects, 18% free, 27MB/33MB, paused 18.310ms total 761.092ms
06-28 13:53:20.768 29061 29061 I net.osmand: RoutingHelper Recalculate route, because correlation  : 187162.84449464493
06-28 13:53:21.309   361   361 D AndroidRuntime: >>>>>> START com.android.internal.os.RuntimeInit uid 2000 <<<<<<
06-28 13:53:21.334   361   361 W app_process: Could not reserve sentinel fault page
06-28 13:53:21.745 29061 29061 I net.osmand: RoutingHelper Recalculate route, because correlation  : 187162.84449464493
06-28 13:53:21.754   361   361 W app_process: Unexpected CPU variant for X86 using defaults: x86
06-28 13:53:21.764 29061 29061 I net.osmand: RoutingHelper Recalculate route, because correlation  : 187162.84449464493
06-28 13:53:21.769 29061 29061 I net.osmand: RoutingHelper Recalculate route, because wrong movement direction: 187162.84
06-28 13:53:21.775   361   361 I app_process: The ClassLoaderContext is a special shared library.
06-28 13:53:21.955   361   361 D AndroidRuntime: Calling main entry com.android.commands.monkey.Monkey
06-28 13:53:21.958   361   361 W Monkey  : args: [-p, net.osmand, -c, android.intent.category.LAUNCHER, 1]
06-28 13:53:21.968   361   361 W Monkey  :  arg: "-p"
06-28 13:53:21.970   361   361 W Monkey  :  arg: "net.osmand"
06-28 13:53:21.972   361   361 W Monkey  :  arg: "-c"
06-28 13:53:21.983   361   361 W Monkey  :  arg: "android.intent.category.LAUNCHER"
06-28 13:53:21.983   361   361 W Monkey  :  arg: "1"
06-28 13:53:21.986   361   361 W Monkey  : data="net.osmand"
06-28 13:53:21.986   361   361 W Monkey  : data="android.intent.category.LAUNCHER"
06-28 13:53:22.078  1603  1617 W BroadcastQueue: Skipping deliver [background] BroadcastRecord{bdb25be u-1 android.net.conn.CONNECTIVITY_CHANGE} to ReceiverList{c3261f 361 (unknown name)/2000/u-1 remote:a142d40}: process gone or crashing
06-28 13:53:22.203  1603  4580 I ActivityManager: START u0 {act=android.intent.action.MAIN cat=[android.intent.category.LAUNCHER] flg=0x10200000 cmp=net.osmand/.plus.activities.MapActivity} from uid 2000
06-28 13:53:22.204  1603  4580 W Binder  : Outgoing transactions from this process must be FLAG_ONEWAY
06-28 13:53:22.204  1603  4580 W Binder  : java.lang.Throwable
06-28 13:53:22.204  1603  4580 W Binder  : 	at android.os.BinderProxy.transact(Binder.java:752)
06-28 13:53:22.204  1603  4580 W Binder  : 	at android.app.IActivityController$Stub$Proxy.activityStarting(IActivityController.java:172)
06-28 13:53:22.204  1603  4580 W Binder  : 	at com.android.server.am.ActivityStarter.startActivity(ActivityStarter.java:449)
06-28 13:53:22.204  1603  4580 W Binder  : 	at com.android.server.am.ActivityStarter.startActivityLocked(ActivityStarter.java:278)
06-28 13:53:22.204  1603  4580 W Binder  : 	at com.android.server.am.ActivityStarter.startActivityMayWait(ActivityStarter.java:817)
06-28 13:53:22.204  1603  4580 W Binder  : 	at com.android.server.am.ActivityManagerService.startActivityAsUser(ActivityManagerService.java:4532)
06-28 13:53:22.204  1603  4580 W Binder  : 	at com.android.server.am.ActivityManagerService.startActivity(ActivityManagerService.java:4519)
06-28 13:53:22.204  1603  4580 W Binder  : 	at android.app.IActivityManager$Stub.onTransact(IActivityManager.java:121)
06-28 13:53:22.204  1603  4580 W Binder  : 	at com.android.server.am.ActivityManagerService.onTransact(ActivityManagerService.java:2919)
06-28 13:53:22.204  1603  4580 W Binder  : 	at android.os.Binder.execTransact(Binder.java:697)
06-28 13:53:22.234   361   361 I Monkey  : Events injected: 1
06-28 13:53:22.350 32484 32517 D EGL_emulation: eglMakeCurrent: 0xa6786200: ver 2 0 (tinfo 0xa6783610)
06-28 13:53:22.379  2548  2598 D EGL_emulation: eglMakeCurrent: 0xa6785780: ver 2 0 (tinfo 0xa6783370)
06-28 13:53:22.424   361   361 I Monkey  : ## Network stats: elapsed time=192ms (0ms mobile, 0ms wifi, 192ms not connected)
06-28 13:53:22.430   361   361 I com.android.commands.monkey: System.exit called, status: 0
06-28 13:53:22.430   361   361 I AndroidRuntime: VM exiting with result code 0.
06-28 13:53:22.466  1708  1926 D EGL_emulation: eglMakeCurrent: 0x9268e860: ver 2 0 (tinfo 0x92690770)
06-28 13:53:22.568 29061 29061 D InAppPurchaseHelper: Destroying helper.
06-28 13:53:22.666  1603  1603 W NotificationService: Removed summary didn't match old notification: old=0|net.osmand|100|null|10104, removed=0|net.osmand|100|null|10104
06-28 13:53:22.685  1603  1614 I GnssLocationProvider: WakeLock acquired by sendMessage(SET_REQUEST, 0, com.android.server.location.GnssLocationProvider$GpsRequest@e3dba17)
06-28 13:53:22.693  1603  1616 I GnssLocationProvider: WakeLock released by handleMessage(SET_REQUEST, 0, com.android.server.location.GnssLocationProvider$GpsRequest@e3dba17)
06-28 13:53:22.745 29061 29061 W System.err: OnCreate for MapActivity took 177 ms
06-28 13:53:22.798  1401  1401 D gralloc_ranchu: gralloc_alloc: Creating ashmem region of size 8298496
06-28 13:53:22.820 29061 29061 W ResourceType: For resource 0x7f0e013b, entry index(315) is beyond type entryCount(142)
06-28 13:53:22.874 29061 29061 I chatty  : uid=10104(net.osmand) identical 68 lines
06-28 13:53:22.874 29061 29061 W ResourceType: For resource 0x7f0e013b, entry index(315) is beyond type entryCount(142)
06-28 13:53:22.884  1412  1426 E SurfaceFlinger: Permission Denial: can't openGlobalTransaction pid=29061, uid<=10104
06-28 13:53:22.885 29061 29061 E BpSurfaceComposerClient: Failed to transact (-1)
06-28 13:53:22.891  1412  1426 E SurfaceFlinger: Permission Denial: can't openGlobalTransaction pid=29061, uid<=10104
06-28 13:53:22.892 29061 29061 E BpSurfaceComposerClient: Failed to transact (-1)
06-28 13:53:22.904  1603  4580 I WifiService: acquireWifiLock uid=10014 lockMode=2
06-28 13:53:22.909 29061 29061 I net.osmand: RoutingHelper Recalculate route, because correlation  : 187162.84449464493
06-28 13:53:22.916 29061 29102 D EGL_emulation: eglMakeCurrent: 0xa6785600: ver 2 0 (tinfo 0xa6783370)
06-28 13:53:22.934  1401  1401 D gralloc_ranchu: gralloc_alloc: Creating ashmem region of size 8298496
06-28 13:53:22.979 29061 29061 I net.osmand: RoutingHelper Recalculate route, because correlation  : 187162.84449464493
06-28 13:53:22.980 29061 29061 I net.osmand: RoutingHelper Recalculate route, because wrong movement direction: 187162.84
06-28 13:53:23.003  1708  1926 D EGL_emulation: eglMakeCurrent: 0x9268e860: ver 2 0 (tinfo 0x92690770)
06-28 13:53:23.015  1401  1401 D gralloc_ranchu: gralloc_alloc: Creating ashmem region of size 3878912
06-28 13:53:23.027  1708  1926 D EGL_emulation: eglMakeCurrent: 0x9268e860: ver 2 0 (tinfo 0x92690770)
06-28 13:53:23.177  1401  1401 D gralloc_ranchu: gralloc_alloc: Creating ashmem region of size 8298496
06-28 13:53:23.236  1401  1401 D gralloc_ranchu: gralloc_alloc: Creating ashmem region of size 3878912
06-28 13:53:23.363 19546 19546 I GeofencerStateMachine: sendNewLocationAvailability: availability=LocationAvailability[isLocationAvailable: true]
06-28 13:53:23.368  1708  1926 D EGL_emulation: eglMakeCurrent: 0x9268e860: ver 2 0 (tinfo 0x92690770)
06-28 13:53:23.416  1708  1926 D EGL_emulation: eglMakeCurrent: 0x9268e860: ver 2 0 (tinfo 0x92690770)
06-28 13:53:23.543  1412  1412 W SurfaceFlinger: couldn't log to binary event log: overflow.
06-28 13:53:23.559 12744 29259 D AudioTrack: stop() called with 94270 frames delivered
06-28 13:53:23.563  1603 11127 V MediaRouterService: restoreBluetoothA2dp(false)
06-28 13:53:23.564 29061 29073 D net.osmand: AbstractPrologCommandPlayer abandonAudioFocus
06-28 13:53:23.572  1603 11127 I MediaFocusControl: abandonAudioFocus() from uid/pid 10104/29061 clientId=android.media.AudioManager@e0b46a6net.osmand.plus.api.AudioFocusHelperImpl@62340d
06-28 13:53:23.573 29061 29073 D net.osmand: TTSCommandPlayerImpl ttsRequests=0
06-28 13:53:23.698  1708  1926 D EGL_emulation: eglMakeCurrent: 0x9268e860: ver 2 0 (tinfo 0x92690770)
06-28 13:53:23.721  1708  1926 D EGL_emulation: eglMakeCurrent: 0x9268e860: ver 2 0 (tinfo 0x92690770)
06-28 13:53:23.750 29061 29061 I net.osmand: RoutingHelper Recalculate route, because correlation  : 187162.84449464493
06-28 13:53:23.758 29061 29061 I net.osmand: RoutingHelper Recalculate route, because correlation  : 187162.84449464493
06-28 13:53:23.758 29061 29061 I net.osmand: RoutingHelper Recalculate route, because wrong movement direction: 187162.84
06-28 13:53:23.809 32484 32512 I PBSessionCacheImpl: Deleted sessionId[6956284594247] from persistence.
06-28 13:53:23.901  1708  1926 D EGL_emulation: eglMakeCurrent: 0x9268e860: ver 2 0 (tinfo 0x92690770)
06-28 13:53:23.906  1401  1401 D gralloc_ranchu: gralloc_alloc: Creating ashmem region of size 3878912
06-28 13:53:23.928  1708  1926 D EGL_emulation: eglMakeCurrent: 0x9268e860: ver 2 0 (tinfo 0x92690770)
06-28 13:53:23.928 29061 29089 I net.osmand: MapRenderRepositories RENDER MAP: update due to tile box
06-28 13:53:23.928 29061 29089 I net.osmand: MapRenderRepositories RENDER MAP: Interrupt rendering map
06-28 13:53:23.995  1603  1614 I WifiService: getWifiEnabledState uid=10032
06-28 13:53:24.088 32484 32519 W SearchServiceCore: Abort, client detached.
06-28 13:53:24.239  1708  1926 D EGL_emulation: eglMakeCurrent: 0x9268e860: ver 2 0 (tinfo 0x92690770)
06-28 13:53:24.570 29061 29088 I net.osmand: MapRenderRepositories RENDER MAP: new request RotatedTileBox [lat=-7.2195149999999995, lon=-35.88448166666667, rotate=22.145792, density=2.625, zoom=17, mapDensity=2.625, zoomAnimation=0.0, zoomFloatPart=0.0, cx=900, cy=1345, pixWidth=1800, pixHeight=2690]
06-28 13:53:24.746 29061 29061 I net.osmand: RoutingHelper Recalculate route, because correlation  : 187162.84449464493
06-28 13:53:24.796 29061 29061 I net.osmand: RoutingHelper Recalculate route, because correlation  : 187162.84449464493
06-28 13:53:24.796 29061 29061 I net.osmand: RoutingHelper Recalculate route, because wrong movement direction: 187162.84
06-28 13:53:24.952 29061 29088 I net.osmand:native: Route objects 437
06-28 13:53:24.954 29061 29088 I net.osmand:native: Ocean: no completed & incompleted coastlines 0
06-28 13:53:24.955 29061 29088 I net.osmand:native: Detailed coastlines = 0, basemap coastlines 0, ocean tile 0.000000. Detailed added 0, basemap processed 1, basemap added 0.
06-28 13:53:24.955 29061 29088 I net.osmand:native: Search : tree - read( 580), accept( 63), objs - visit( 3477), accept(468), in result(437) 
06-28 13:53:24.956 29061 29088 I net.osmand: MapRenderRepositories BLat=-7.226594090461731, TLat=-7.212450385093689, LLong=-35.88996124267578, RLong=-35.878997802734375, zoom=17
06-28 13:53:24.957 29061 29088 I net.osmand: MapRenderRepositories Native search: 385 ms 
06-28 13:53:24.958 29061 29088 W net.osmand: MapRenderRepositories Create new image ? 1800 != 2990 (w) 2690 != 1620 (h) 
06-28 13:53:24.973 29061 29088 I net.osmand:native: Creating SkBitmap in native w:1800 h:2690 s:7200 f:1!
06-28 13:53:24.973 29061 29088 I net.osmand:native: Row bytes for RGBA_8888 is 7200
06-28 13:53:24.973 29061 29088 I net.osmand:native: Locked 19368000 bytes at 0x7ec00000
06-28 13:53:25.013 29061 29088 I net.osmand:native: Initializing rendering
06-28 13:53:25.015 29061 29088 I net.osmand:native: Rendering image
06-28 13:53:25.761 29061 29061 I net.osmand: RoutingHelper Recalculate route, because correlation  : 187162.84449464493
06-28 13:53:25.796 29061 29061 I net.osmand: RoutingHelper Recalculate route, because correlation  : 187162.84449464493
06-28 13:53:25.796 29061 29061 I net.osmand: RoutingHelper Recalculate route, because wrong movement direction: 187162.84
06-28 13:53:25.874  1603  2504 D WificondControl: Scan result ready event
06-28 13:53:26.136  1603  2504 I WifiService: releaseWifiLock uid=10014
06-28 13:53:26.437  1393  3231 W audio_hw_generic: Not supplying enough data to HAL, expected position 145399714 , only wrote 145398960
06-28 13:53:26.465 29061 29061 I net.osmand: RoutingHelper Recalculate route, because correlation  : 187162.84449464493
06-28 13:53:26.498 29061 29061 I net.osmand: RoutingHelper Recalculate route, because correlation  : 187162.84449464493
06-28 13:53:26.498 29061 29061 I net.osmand: RoutingHelper Recalculate route, because wrong movement direction: 187162.84
06-28 13:53:26.517 29061 29071 I zygote  : Background concurrent copying GC freed 171567(6MB) AllocSpace objects, 9(308KB) LOS objects, 15% free, 32MB/38MB, paused 28.534ms total 2.266s
06-28 13:53:26.589  1393  1565 W audio_hw_generic: Not supplying enough data to HAL, expected position 145413395 , only wrote 145406160
06-28 13:53:26.649 29061 29061 I net.osmand: RoutingHelper Recalculate route, because correlation  : 88.05313436169963
06-28 13:53:26.653 29061 29061 I net.osmand: RoutingHelper Recalculate route, because correlation  : 88.05313436169963
06-28 13:53:26.653 29061 29061 I net.osmand: RoutingHelper Recalculate route, because wrong movement direction: 132.06609
06-28 13:53:26.704 29061 29089 I net.osmand: MapRenderRepositories RENDER MAP: update due to tile box
06-28 13:53:26.705 29061 29089 I net.osmand: MapRenderRepositories RENDER MAP: Interrupt rendering map
06-28 13:53:26.718 29061 29088 I net.osmand:native: Native ok (rendering 4, text 419 ms) 
06-28 13:53:26.718 29061 29088 I net.osmand:native:  (4945 points, 1162 points inside, 677 of 914 objects visible)
06-28 13:53:26.718 29061 29088 I net.osmand:native: End Rendering image
06-28 13:53:26.719 29061 29088 I net.osmand:native: Native ok (init 2, rendering 4) 
06-28 13:53:26.736 29061 29088 I net.osmand: MapRenderRepositories true
06-28 13:53:26.736 29061 29088 I net.osmand: MapRenderRepositories RENDER MAP: new request RotatedTileBox [lat=-7.589195000000001, lon=-37.541068333333335, rotate=22.145792, density=2.625, zoom=17, mapDensity=2.625, zoomAnimation=0.0, zoomFloatPart=0.0, cx=900, cy=1345, pixWidth=1800, pixHeight=2690]
06-28 13:53:26.791 29061 29061 I net.osmand: RoutingHelper Recalculate route, because correlation  : 88.05313436169963
06-28 13:53:26.810 29061 29061 I net.osmand: RoutingHelper Recalculate route, because correlation  : 88.05313436169963
06-28 13:53:26.810 29061 29061 I net.osmand: RoutingHelper Recalculate route, because wrong movement direction: 132.06609
06-28 13:53:27.008 29061 29088 I net.osmand:native: Route objects 152
06-28 13:53:27.009 29061 29088 I net.osmand:native: Ocean: no completed & incompleted coastlines 0
06-28 13:53:27.009 29061 29088 I net.osmand:native: Detailed coastlines = 0, basemap coastlines 0, ocean tile 0.000000. Detailed added 0, basemap processed 1, basemap added 0.
06-28 13:53:27.012 29061 29088 I net.osmand:native: Search : tree - read( 413), accept( 34), objs - visit( 2366), accept(164), in result(152) 
06-28 13:53:27.014 29061 29088 I net.osmand: MapRenderRepositories BLat=-7.596262979507446, TLat=-7.582131338119507, LLong=-37.546546936035156, RLong=-37.53558349609375, zoom=17
06-28 13:53:27.015 29061 29088 I net.osmand: MapRenderRepositories Native search: 274 ms 
06-28 13:53:27.015 29061 29088 W net.osmand: MapRenderRepositories Create new image ? 1800 != 1800 (w) 2690 != 2595 (h) 
06-28 13:53:27.016 29061 29088 I net.osmand:native: Creating SkBitmap in native w:1800 h:2690 s:7200 f:1!
06-28 13:53:27.016 29061 29088 I net.osmand:native: Row bytes for RGBA_8888 is 7200
06-28 13:53:27.016 29061 29088 I net.osmand:native: Locked 19368000 bytes at 0x84100000
06-28 13:53:27.016 29061 29088 I net.osmand:native: Initializing rendering
06-28 13:53:27.018 29061 29088 I net.osmand:native: Rendering image
06-28 13:53:27.572 29061 29088 I net.osmand:native: Native ok (rendering 1, text 124 ms) 
06-28 13:53:27.572 29061 29088 I net.osmand:native:  (1318 points, 634 points inside, 296 of 309 objects visible)
06-28 13:53:27.572 29061 29088 I net.osmand:native: End Rendering image
06-28 13:53:27.572 29061 29088 I net.osmand:native: Native ok (init 1, rendering 1) 
06-28 13:53:27.575 29061 29088 I net.osmand: MapRenderRepositories true
06-28 13:53:27.777 29061 29061 I net.osmand: RoutingHelper Recalculate route, because correlation  : 88.05313436169963
06-28 13:53:27.853 29061 29061 I net.osmand: RoutingHelper Recalculate route, because correlation  : 88.05313436169963
06-28 13:53:27.854 29061 29061 I net.osmand: RoutingHelper Recalculate route, because wrong movement direction: 132.06609
06-28 13:53:28.039 29061 29071 I zygote  : NativeAlloc concurrent copying GC freed 252021(6MB) AllocSpace objects, 0(0B) LOS objects, 16% free, 31MB/37MB, paused 12.143ms total 1.438s
06-28 13:53:28.553 29061 29061 I net.osmand: RoutingHelper Recalculate route, because correlation  : 88.05313436169963
06-28 13:53:28.584 29061 29061 I net.osmand: RoutingHelper Recalculate route, because correlation  : 88.05313436169963
06-28 13:53:28.584 29061 29061 I net.osmand: RoutingHelper Recalculate route, because wrong movement direction: 132.06609
06-28 13:53:28.928 29061 29071 I zygote  : NativeAlloc concurrent copying GC freed 194102(4MB) AllocSpace objects, 0(0B) LOS objects, 16% free, 29MB/35MB, paused 2.384ms total 868.332ms
06-28 13:53:29.215 29061 29061 I net.osmand: RoutingHelper Recalculate route, because correlation  : 88.05313436169963
06-28 13:53:29.220 29061 29061 I net.osmand: RoutingHelper Recalculate route, because correlation  : 88.05313436169963
06-28 13:53:29.220 29061 29061 I net.osmand: RoutingHelper Recalculate route, because wrong movement direction: 132.06609
06-28 13:53:29.779 29061 29061 I net.osmand: RoutingHelper Recalculate route, because correlation  : 88.05313436169963
06-28 13:53:29.797 29061 29061 I net.osmand: RoutingHelper Recalculate route, because correlation  : 88.05313436169963
06-28 13:53:29.798 29061 29061 I net.osmand: RoutingHelper Recalculate route, because wrong movement direction: 132.06609
06-28 13:53:30.182  1603  1612 I zygote  : Background concurrent copying GC freed 79893(4MB) AllocSpace objects, 41(1604KB) LOS objects, 18% free, 25MB/31MB, paused 3.268ms total 1.361s
06-28 13:53:30.212 19546   310 I Places  : ?: PlacesBleScanner stop()
06-28 13:53:30.214 19546 19546 I BeaconBle: Scan : No clients left, canceling alarm.
06-28 13:53:30.218 19546 19546 I BeaconBle: Scan canceled successfully.
06-28 13:53:30.266 29061 29061 I net.osmand: RoutingHelper Recalculate route, because correlation  : 88.05313436169963
06-28 13:53:30.305 19546   310 I PlaceInferenceEngine: [anon] Changed inference mode: 0
06-28 13:53:30.305 19546   310 I PlaceInferenceEngine: [account#1066226748] Changed inference mode: 0
06-28 13:53:30.333 29061 29061 I net.osmand: RoutingHelper Recalculate route, because correlation  : 88.05313436169963
06-28 13:53:30.334 29061 29061 I net.osmand: RoutingHelper Recalculate route, because wrong movement direction: 132.06609
06-28 13:53:30.554 19546 19546 I GeofencerStateMachine: removeGeofences: removeRequest=RemoveGeofencingRequest[REMOVE_BY_PENDING_INTENT pendingIntent=PendingIntent[creatorPackage=com.google.android.gms], packageName=com.google.android.gms]
06-28 13:53:30.598 19546 19705 W MessageQueue: Handler (aeyl) {3281bd9} sending message to a Handler on a dead thread
06-28 13:53:30.598 19546 19705 W MessageQueue: java.lang.IllegalStateException: Handler (aeyl) {3281bd9} sending message to a Handler on a dead thread
06-28 13:53:30.598 19546 19705 W MessageQueue: 	at android.os.MessageQueue.enqueueMessage(MessageQueue.java:545)
06-28 13:53:30.598 19546 19705 W MessageQueue: 	at android.os.Handler.enqueueMessage(Handler.java:662)
06-28 13:53:30.598 19546 19705 W MessageQueue: 	at android.os.Handler.sendMessageAtTime(Handler.java:631)
06-28 13:53:30.598 19546 19705 W MessageQueue: 	at aeyl.sendMessageAtTime(Unknown Source:3)
06-28 13:53:30.598 19546 19705 W MessageQueue: 	at android.os.Handler.sendMessageDelayed(Handler.java:601)
06-28 13:53:30.598 19546 19705 W MessageQueue: 	at android.os.Handler.post(Handler.java:357)
06-28 13:53:30.598 19546 19705 W MessageQueue: 	at bcln.execute(Unknown Source:2)
06-28 13:53:30.598 19546 19705 W MessageQueue: 	at aanh.execute(Unknown Source:9)
06-28 13:53:30.598 19546 19705 W MessageQueue: 	at avft.a(:com.google.android.gms@17785022@17.7.85 (040700-253824076):3)
06-28 13:53:30.598 19546 19705 W MessageQueue: 	at avgk.a(:com.google.android.gms@17785022@17.7.85 (040700-253824076):8)
06-28 13:53:30.598 19546 19705 W MessageQueue: 	at avgn.a(:com.google.android.gms@17785022@17.7.85 (040700-253824076):43)
06-28 13:53:30.598 19546 19705 W MessageQueue: 	at avgj.a(:com.google.android.gms@17785022@17.7.85 (040700-253824076):2)
06-28 13:53:30.598 19546 19705 W MessageQueue: 	at rpj.a(:com.google.android.gms@17785022@17.7.85 (040700-253824076):3)
06-28 13:53:30.598 19546 19705 W MessageQueue: 	at rpj.a(:com.google.android.gms@17785022@17.7.85 (040700-253824076):2)
06-28 13:53:30.598 19546 19705 W MessageQueue: 	at agos.a(Unknown Source:2)
06-28 13:53:30.598 19546 19705 W MessageQueue: 	at rnt.a(Unknown Source:11)
06-28 13:53:30.598 19546 19705 W MessageQueue: 	at aamg.a(:com.google.android.gms@17785022@17.7.85 (040700-253824076):1)
06-28 13:53:30.598 19546 19705 W MessageQueue: 	at cwm.onTransact(:com.google.android.gms@17785022@17.7.85 (040700-253824076):4)
06-28 13:53:30.598 19546 19705 W MessageQueue: 	at android.os.Binder.execTransact(Binder.java:697)
06-28 13:53:30.746 29061 29061 I net.osmand: RoutingHelper Recalculate route, because correlation  : 88.05313436169963
06-28 13:53:30.765 29061 29061 I net.osmand: RoutingHelper Recalculate route, because correlation  : 88.05313436169963
06-28 13:53:30.765 29061 29061 I net.osmand: RoutingHelper Recalculate route, because wrong movement direction: 132.06609
06-28 13:53:31.448 29061 29071 I zygote  : Background concurrent copying GC freed 356123(9MB) AllocSpace objects, 0(0B) LOS objects, 16% free, 29MB/35MB, paused 19.031ms total 632.226ms
06-28 13:53:31.786 29061 29061 I net.osmand: RoutingHelper Recalculate route, because correlation  : 88.05313436169963
06-28 13:53:31.788 29061 29061 I net.osmand: RoutingHelper Recalculate route, because correlation  : 88.05313436169963
06-28 13:53:31.788 29061 29061 I net.osmand: RoutingHelper Recalculate route, because wrong movement direction: 132.06609
06-28 13:53:31.931 29061 29061 I net.osmand: RoutingHelper Recalculate route, because correlation  : 88.05313436169963
06-28 13:53:31.940 29061 29061 I net.osmand: RoutingHelper Recalculate route, because correlation  : 88.05313436169963
06-28 13:53:31.941 29061 29061 I net.osmand: RoutingHelper Recalculate route, because wrong movement direction: 132.06609
06-28 13:53:32.759 29061 29061 I net.osmand: RoutingHelper Recalculate route, because correlation  : 88.05313436169963
06-28 13:53:32.767 29061 29061 I net.osmand: RoutingHelper Recalculate route, because correlation  : 88.05313436169963
06-28 13:53:32.767 29061 29061 I net.osmand: RoutingHelper Recalculate route, because wrong movement direction: 132.06609
06-28 13:53:33.319 29061 29061 I net.osmand: RoutingHelper Recalculate route, because correlation  : 88.05313436169963
06-28 13:53:33.323 29061 29061 I net.osmand: RoutingHelper Recalculate route, because correlation  : 88.05313436169963
06-28 13:53:33.324 29061 29061 I net.osmand: RoutingHelper Recalculate route, because wrong movement direction: 132.06609
06-28 13:53:33.575 32484 32519 I WorkerManager: dispose()
06-28 13:53:33.587 32484 32519 W ThreadPoolDumper: Queue length for executor EventBus is now 11. Perhaps some tasks are too long, or the pool is too small.
06-28 13:53:33.753 29061 29061 I net.osmand: RoutingHelper Recalculate route, because correlation  : 88.05313436169963
06-28 13:53:33.754 29061 29061 I net.osmand: RoutingHelper Recalculate route, because wrong movement direction: 132.06609
06-28 13:53:33.821 29061 29061 I net.osmand: RoutingHelper Recalculate route, because correlation  : 88.05313436169963
06-28 13:53:34.318 29061 29071 I zygote  : Background concurrent copying GC freed 357860(8MB) AllocSpace objects, 0(0B) LOS objects, 18% free, 27MB/33MB, paused 1.220ms total 540.076ms
06-28 13:53:34.625 29061 29061 I net.osmand: RoutingHelper Recalculate route, because correlation  : 88.05313436169963
06-28 13:53:34.688 29061 29061 I net.osmand: RoutingHelper Recalculate route, because correlation  : 88.05313436169963
06-28 13:53:34.688 29061 29061 I net.osmand: RoutingHelper Recalculate route, because wrong movement direction: 132.06609
06-28 13:53:34.847 29061 29061 I net.osmand: RoutingHelper Recalculate route, because correlation  : 88.05313436169963
06-28 13:53:34.885 29061 29061 I net.osmand: RoutingHelper Recalculate route, because correlation  : 88.05313436169963
06-28 13:53:34.886 29061 29061 I net.osmand: RoutingHelper Recalculate route, because wrong movement direction: 132.06609
06-28 13:53:35.222  1603  1616 E memtrack: Couldn't load memtrack module
06-28 13:53:35.222  1603  1616 W android.os.Debug: failed to get memory consumption info: -1
06-28 13:53:35.234 19546 19546 I BeaconBle: Scan : No clients left, canceling alarm.
06-28 13:53:35.314  1603  1616 E memtrack: Couldn't load memtrack module
06-28 13:53:35.314  1603  1616 W android.os.Debug: failed to get memory consumption info: -1
06-28 13:53:35.758 29061 29061 I net.osmand: RoutingHelper Recalculate route, because correlation  : 88.05313436169963
06-28 13:53:35.758 29061 29061 I net.osmand: RoutingHelper Recalculate route, because wrong movement direction: 132.06609
06-28 13:53:35.811 29061 29061 I net.osmand: RoutingHelper Recalculate route, because correlation  : 88.05313436169963
06-28 13:53:36.158 29061 29061 I net.osmand: RoutingHelper Recalculate route, because correlation  : 88.05313436169963
06-28 13:53:36.158 29061 29061 I net.osmand: RoutingHelper Recalculate route, because wrong movement direction: 132.06609
06-28 13:53:36.212 29061 29061 I net.osmand: RoutingHelper Recalculate route, because correlation  : 88.05313436169963
06-28 13:53:36.754 29061 29061 I net.osmand: RoutingHelper Recalculate route, because correlation  : 88.05313436169963
06-28 13:53:36.754 29061 29061 I net.osmand: RoutingHelper Recalculate route, because wrong movement direction: 132.06609
06-28 13:53:36.828 29061 29061 I net.osmand: RoutingHelper Recalculate route, because correlation  : 88.05313436169963
06-28 13:53:36.927 29061   360 W net.osmand:native: [Native] Result visited (visited roads 15362, visited segments 22798 / 7199 , queue sizes 4595 / 230 ) 
06-28 13:53:36.927 29061   360 W net.osmand:native: [Native] Result timing (time to load 0, time to calc 17131, loaded tiles 178) 
06-28 13:53:36.957 29061   360 W net.osmand:native: [Native] Memory occupied (Routing context 7705 Kb, search 506 Kb)
06-28 13:53:37.124 29061   360 I net.osmand:native: Routing calculated time distance 146043.328125
06-28 13:53:37.267 29061 29071 I zygote  : Background concurrent copying GC freed 358964(8MB) AllocSpace objects, 0(0B) LOS objects, 19% free, 25MB/31MB, paused 1.313ms total 499.160ms
06-28 13:53:37.582 29061 29061 I net.osmand: RoutingHelper Recalculate route, because correlation  : 88.05313436169963
06-28 13:53:37.598 29061 29061 I net.osmand: RoutingHelper Recalculate route, because correlation  : 88.05313436169963
06-28 13:53:37.598 29061 29061 I net.osmand: RoutingHelper Recalculate route, because wrong movement direction: 132.06609
06-28 13:53:37.822 29061 29061 I net.osmand: RoutingHelper Recalculate route, because correlation  : 88.05313436169963
06-28 13:53:37.894 29061 29061 I net.osmand: RoutingHelper Recalculate route, because correlation  : 88.05313436169963
06-28 13:53:37.895 29061 29061 I net.osmand: RoutingHelper Recalculate route, because wrong movement direction: 132.06609
06-28 13:53:38.571 29061 29071 I zygote  : Background concurrent copying GC freed 220313(4MB) AllocSpace objects, 0(0B) LOS objects, 16% free, 30MB/36MB, paused 6.606ms total 600.576ms
06-28 13:53:38.588 29061   360 I net.osmand: RoutePlannerFrontEnd Native routing took 19.274 seconds
06-28 13:53:38.588 29061   360 I net.osmand: RoutePlannerFrontEnd Native routing use precalculated route
