--------- beginning of main
06-29 12:31:41.327  3472  3472 I net.osmand: RoutingHelper Recalculate route, because correlation  : 1723743.7223726055
06-29 12:31:41.872  3472  3472 I net.osmand: RoutingHelper Recalculate route, because correlation  : 1723743.7223726055
06-29 12:31:41.872  3472  3472 I net.osmand: RoutingHelper Recalculate route, because wrong movement direction: 1723776.1
06-29 12:31:41.897  3472  3472 I net.osmand: RoutingHelper Recalculate route, because correlation  : 1723743.7223726055
06-29 12:31:42.227  3472  3472 I net.osmand: RoutingHelper Recalculate route, because correlation  : 1723743.7223726055
06-29 12:31:42.228  3472  3472 I net.osmand: RoutingHelper Recalculate route, because wrong movement direction: 1723776.1
06-29 12:31:42.326  3472  3472 I net.osmand: RoutingHelper Recalculate route, because correlation  : 1723743.7223726055
06-29 12:31:43.224  3472  3472 I net.osmand: RoutingHelper Recalculate route, because correlation  : 1723743.7223726055
06-29 12:31:43.224  3472  3472 I net.osmand: RoutingHelper Recalculate route, because wrong movement direction: 1723776.1
06-29 12:31:43.340  3472  3472 I net.osmand: RoutingHelper Recalculate route, because correlation  : 1723743.7223726055
06-29 12:31:43.543  3472  3472 I chatty  : uid=10104(net.osmand) identical 1 line
06-29 12:31:43.553  3472  3472 I net.osmand: RoutingHelper Recalculate route, because correlation  : 1723743.7223726055
06-29 12:31:43.553  3472  3472 I net.osmand: RoutingHelper Recalculate route, because wrong movement direction: 1723776.1
06-29 12:31:44.226  3472  3472 I net.osmand: RoutingHelper Recalculate route, because correlation  : 1723743.7223726055
06-29 12:31:44.278  3472  3472 I net.osmand: RoutingHelper Recalculate route, because correlation  : 1723743.7223726055
06-29 12:31:44.278  3472  3472 I net.osmand: RoutingHelper Recalculate route, because wrong movement direction: 1723776.1
06-29 12:31:45.085  3472  3472 I net.osmand: RoutingHelper Recalculate route, because correlation  : 1723743.7223726055
06-29 12:31:45.085  3472  3472 I net.osmand: RoutingHelper Recalculate route, because wrong movement direction: 1723776.1
06-29 12:31:45.101  3472  3472 I net.osmand: RoutingHelper Recalculate route, because correlation  : 1723743.7223726055
06-29 12:31:45.277  3472  3472 I chatty  : uid=10104(net.osmand) identical 1 line
06-29 12:31:45.289  3472  3472 I net.osmand: RoutingHelper Recalculate route, because correlation  : 1723743.7223726055
06-29 12:31:45.289  3472  3472 I net.osmand: RoutingHelper Recalculate route, because wrong movement direction: 1723776.1
--------- beginning of system
06-29 12:31:45.812  1600  1863 I ActivityManager: START u0 {act=android.intent.action.MAIN cat=[android.intent.category.HOME] flg=0x10000000 cmp=com.google.android.apps.nexuslauncher/.NexusLauncherActivity} from uid 2000
06-29 12:31:45.918  1398  1435 D gralloc_ranchu: gralloc_alloc: Creating ashmem region of size 8298496
06-29 12:31:45.965  1398  1435 D gralloc_ranchu: gralloc_alloc: Creating ashmem region of size 8298496
06-29 12:31:45.968  1600  1613 E memtrack: Couldn't load memtrack module
06-29 12:31:45.974  1600  1613 W android.os.Debug: failed to get memory consumption info: -1
06-29 12:31:46.021  1398  1435 D gralloc_ranchu: gralloc_alloc: Creating ashmem region of size 8298496
06-29 12:31:46.027  1600  5378 I GnssLocationProvider: WakeLock acquired by sendMessage(SET_REQUEST, 0, com.android.server.location.GnssLocationProvider$GpsRequest@34a9536)
06-29 12:31:46.038  3472  3472 D net.osmand: Disable sensor
06-29 12:31:46.113  1408  1408 D SurfaceFlinger: duplicate layer name: changing com.google.android.apps.nexuslauncher/com.google.android.apps.nexuslauncher.NexusLauncherActivity to com.google.android.apps.nexuslauncher/com.google.android.apps.nexuslauncher.NexusLauncherActivity#1
06-29 12:31:46.189  1398  1435 D gralloc_ranchu: gralloc_alloc: Creating ashmem region of size 8298496
06-29 12:31:46.197  3472  3472 I net.osmand: MapRenderRepositories RENDER MAP: Interrupt rendering map
06-29 12:31:46.238  1398  1435 D gralloc_ranchu: gralloc_alloc: Creating ashmem region of size 8298496
06-29 12:31:46.314  1398  1435 D gralloc_ranchu: gralloc_alloc: Creating ashmem region of size 8298496
06-29 12:31:46.368  3472  3540 D EGL_emulation: eglMakeCurrent: 0x9e4043c0: ver 2 0 (tinfo 0x9e403290)
06-29 12:31:46.397  1600  1615 W Looper  : Dispatch took 102ms on android.ui, h=Handler (com.android.server.am.ActivityManagerService$UiHandler) {bce2944} cb=null msg=53
06-29 12:31:46.420  2118  2126 I zygote  : WaitForGcToComplete blocked NativeAlloc on None for 27.509ms
06-29 12:31:46.675  1398  1435 D gralloc_ranchu: gralloc_alloc: Creating ashmem region of size 8298496
06-29 12:31:46.734  2629  2884 D EGL_emulation: eglMakeCurrent: 0xa61b6ce0: ver 2 0 (tinfo 0xa619b690)
06-29 12:31:46.765  1398  1435 D gralloc_ranchu: gralloc_alloc: Creating ashmem region of size 8298496
06-29 12:31:46.872  1398  1435 D gralloc_ranchu: gralloc_alloc: Creating ashmem region of size 8298496
06-29 12:31:47.147  2629 19770 W ThreadPoolDumper: Queue length for executor EventBus is now 11. Perhaps some tasks are too long, or the pool is too small.
06-29 12:31:47.186  1964  1964 I GeofencerStateMachine: sendNewLocationAvailability: availability=LocationAvailability[isLocationAvailable: true]
06-29 12:31:47.324  2118  2118 I zygote  : IncrementDisableThreadFlip blocked for 63.854ms
06-29 12:31:47.328  1600  1617 I WifiService: requestActivityInfo uid=1000
06-29 12:31:47.328  1600  1617 I WifiService: reportActivityInfo uid=1000
06-29 12:31:47.328  1600  1617 I WifiService: getSupportedFeatures uid=1000
06-29 12:31:47.342  2118  2184 D EGL_emulation: eglMakeCurrent: 0x8b867100: ver 2 0 (tinfo 0x8b8707f0)
06-29 12:31:47.379  1398  1435 D gralloc_ranchu: gralloc_alloc: Creating ashmem region of size 8298496
06-29 12:31:47.554  1398  1435 D gralloc_ranchu: gralloc_alloc: Creating ashmem region of size 8298496
06-29 12:31:47.590  3472 20312 E FA      : Task exception on worker thread: java.lang.IllegalAccessError: Method 'void android.support.v4.content.ContextCompat.<init>()' is inaccessible to class 'com.google.firebase.iid.zzg' (declaration of 'com.google.firebase.iid.zzg' appears in /data/app/net.osmand-3e2027wrPNiMXbTSfYMHIA==/base.apk): com.google.android.gms.measurement.internal.zzt.zzEd(Unknown Source:3)
06-29 12:31:47.606  1704  1929 D EGL_emulation: eglMakeCurrent: 0x9e4046c0: ver 2 0 (tinfo 0x9e403690)
06-29 12:31:47.627  1408  1408 E EGL_emulation: tid 1408: eglCreateSyncKHR(1962): error 0x3004 (EGL_BAD_ATTRIBUTE)
06-29 12:31:47.828  2629  2890 W SessionLifecycleManager: Handover failed. Creating new session controller.
06-29 12:31:47.842  1600  1613 E memtrack: Couldn't load memtrack module
06-29 12:31:47.842  1600  1613 W android.os.Debug: failed to get memory consumption info: -1
06-29 12:31:47.848  2118  2184 W OpenGLRenderer: Incorrectly called buildLayer on View: ShortcutAndWidgetContainer, destroying layer...
06-29 12:31:47.848  2118  2184 W OpenGLRenderer: Incorrectly called buildLayer on View: ShortcutAndWidgetContainer, destroying layer...
06-29 12:31:47.872  1398  1435 D gralloc_ranchu: gralloc_alloc: Creating ashmem region of size 8298496
06-29 12:31:48.445  2629  2890 W ThreadPoolDumper: Task g[Initialize worker service] was queued for 1299ms before starting on executor EventBus
06-29 12:31:48.594  3472  3472 I net.osmand: RoutingHelper Recalculate route, because correlation  : 1723743.7223726055
06-29 12:31:48.594  3472  3472 I net.osmand: RoutingHelper Recalculate route, because wrong movement direction: 1723776.1
06-29 12:31:48.612  1600  1613 I GnssLocationProvider: WakeLock released by handleMessage(SET_REQUEST, 0, com.android.server.location.GnssLocationProvider$GpsRequest@34a9536)
06-29 12:31:48.619  3472  3472 I net.osmand: RoutingHelper Recalculate route, because correlation  : 1723743.7223726055
06-29 12:31:48.743  3472  3472 I net.osmand: RoutingHelper Recalculate route, because correlation  : 1723743.7223726055
06-29 12:31:48.744  3472  3472 I net.osmand: RoutingHelper Recalculate route, because wrong movement direction: 1723776.1
06-29 12:31:48.755  3472  3472 I net.osmand: RoutingHelper Recalculate route, because correlation  : 1723743.7223726055
06-29 12:31:48.840  1600  1635 I WifiService: getWifiEnabledState uid=10032
06-29 12:31:48.906  1600  1635 I WifiService: getWifiEnabledState uid=10032
06-29 12:31:48.935  2118  2126 I zygote  : NativeAlloc concurrent copying GC freed 9600(482KB) AllocSpace objects, 0(0B) LOS objects, 50% free, 4MB/9MB, paused 297.919ms total 2.508s
06-29 12:31:49.023  2629 20326 W LocationOracle: No location history returned by ContextManager
06-29 12:31:49.190  1600  1617 I WifiService: requestActivityInfo uid=1000
06-29 12:31:49.190  1600  1617 I WifiService: reportActivityInfo uid=1000
06-29 12:31:49.190  1600  1617 I WifiService: getSupportedFeatures uid=1000
06-29 12:31:49.236  3472  3472 I net.osmand: RoutingHelper Recalculate route, because correlation  : 1723743.7223726055
06-29 12:31:49.236  3472  3472 I net.osmand: RoutingHelper Recalculate route, because wrong movement direction: 1723776.1
06-29 12:31:49.245  3472  3472 I net.osmand: RoutingHelper Recalculate route, because correlation  : 1723743.7223726055
06-29 12:31:49.340  1399  1414 D hwcomposer: hw_composer sent 37 syncs in 326s
06-29 12:31:49.348  1704  1929 D EGL_emulation: eglMakeCurrent: 0x9e4046c0: ver 2 0 (tinfo 0x9e403690)
06-29 12:31:49.443  1704  1723 I zygote  : NativeAlloc concurrent copying GC freed 53080(2MB) AllocSpace objects, 0(0B) LOS objects, 43% free, 7MB/13MB, paused 130.892ms total 1.699s
06-29 12:31:49.549  1964  1964 I GeofencerStateMachine: removeGeofences: removeRequest=RemoveGeofencingRequest[REMOVE_BY_PENDING_INTENT pendingIntent=PendingIntent[creatorPackage=com.google.android.gms], packageName=com.google.android.gms]
06-29 12:31:49.557  1964  1964 I chatty  : uid=10014 com.google.android.gms.persistent identical 1 line
06-29 12:31:49.597  1964  1964 I GeofencerStateMachine: removeGeofences: removeRequest=RemoveGeofencingRequest[REMOVE_BY_PENDING_INTENT pendingIntent=PendingIntent[creatorPackage=com.google.android.gms], packageName=com.google.android.gms]
06-29 12:31:49.957  1600  1609 I zygote  : Background concurrent copying GC freed 52642(2MB) AllocSpace objects, 6(248KB) LOS objects, 22% free, 20MB/26MB, paused 1.533ms total 3.341s
06-29 12:31:50.058  1964 20268 W ctxmgr  : [AclManager] No 3 for (accnt=account#1066226748#, com.google.android.gms(10014):UserVelocityProducer, vrsn=17785022, 0, 3pPkg = null ,  3pMdlId = null ,  pid = 1964). Was: 2 for 1, account#1066226748# [CONTEXT service_id=47 ]
06-29 12:31:50.227  3472  3472 I net.osmand: RoutingHelper Recalculate route, because correlation  : 1723743.7223726055
06-29 12:31:50.246  3472  3472 I net.osmand: RoutingHelper Recalculate route, because correlation  : 1723743.7223726055
06-29 12:31:50.246  3472  3472 I net.osmand: RoutingHelper Recalculate route, because wrong movement direction: 1723776.1
06-29 12:31:50.404  3472  3472 I net.osmand: RoutingHelper Recalculate route, because correlation  : 1723743.7223726055
06-29 12:31:50.405  3472  3472 I net.osmand: RoutingHelper Recalculate route, because wrong movement direction: 1723776.1
06-29 12:31:50.422  3472  3472 I net.osmand: RoutingHelper Recalculate route, because correlation  : 1723743.7223726055
06-29 12:31:50.527  1600  1635 I ActivityManager: Force stopping com.skgames.trafficrider appid=10081 user=0: from pid 20334
06-29 12:31:50.580  1833  1833 D CarrierSvcBindHelper: No carrier app for: 0
06-29 12:31:50.949  1964  1964 I GeofencerStateMachine: removeGeofences: removeRequest=RemoveGeofencingRequest[REMOVE_BY_PENDING_INTENT pendingIntent=PendingIntent[creatorPackage=com.google.android.gms], packageName=com.google.android.gms]
06-29 12:31:50.974  1964  1964 I GeofencerStateMachine: removeGeofences: removeRequest=RemoveGeofencingRequest[REMOVE_BY_PENDING_INTENT pendingIntent=PendingIntent[creatorPackage=com.google.android.gms], packageName=com.google.android.gms]
06-29 12:31:51.234  3472  3472 I net.osmand: RoutingHelper Recalculate route, because correlation  : 1723743.7223726055
06-29 12:31:51.263  3472  3472 I net.osmand: RoutingHelper Recalculate route, because correlation  : 1723743.7223726055
06-29 12:31:51.264  3472  3472 I net.osmand: RoutingHelper Recalculate route, because wrong movement direction: 1723776.1
06-29 12:31:51.275  1964 20336 I PlaceInferenceEngine: [anon] Changed inference mode: 0
06-29 12:31:51.348  1964 20336 I PlaceInferenceEngine: [account#1066226748] Changed inference mode: 0
06-29 12:31:51.372  1964 20336 I Places  : Converted 1 out of 1 WiFi scans
06-29 12:31:51.373  1600  1635 I WifiService: getConnectionInfo uid=10014
06-29 12:31:51.506  1600  1792 I ActivityManager: Force stopping com.EvilChaotic.ModernWarplanes appid=10082 user=0: from pid 20341
06-29 12:31:51.540  1833  1833 D CarrierSvcBindHelper: No carrier app for: 0
06-29 12:31:51.755  1964 20268 I ctxmgr  : [ProducerStatusImpl] updateStateForNewContextData: inactive, contextName=7 [CONTEXT service_id=47 ]
06-29 12:31:52.124  1600  1609 I zygote  : NativeAlloc concurrent copying GC freed 8438(606KB) AllocSpace objects, 1(20KB) LOS objects, 22% free, 20MB/26MB, paused 1.400ms total 1.590s
06-29 12:31:52.237  3472  3472 I net.osmand: RoutingHelper Recalculate route, because correlation  : 1723743.7223726055
06-29 12:31:52.251  3472  3472 I net.osmand: RoutingHelper Recalculate route, because correlation  : 1723743.7223726055
06-29 12:31:52.251  3472  3472 I net.osmand: RoutingHelper Recalculate route, because wrong movement direction: 1723776.1
06-29 12:31:52.253  3472  3472 I net.osmand: RoutingHelper Recalculate route, because correlation  : 1723743.7223726055
06-29 12:31:52.277  3472  3472 I net.osmand: RoutingHelper Recalculate route, because correlation  : 1723743.7223726055
06-29 12:31:52.277  3472  3472 I net.osmand: RoutingHelper Recalculate route, because wrong movement direction: 1723776.1
06-29 12:31:52.465  1964 20336 I Places  : ?: PlacesBleScanner start() with priority 2
06-29 12:31:52.466  1964 20336 I PlaceInferenceEngine: [anon] Changed inference mode: 1
06-29 12:31:52.466  1964 20336 I PlaceInferenceEngine: [account#1066226748] Changed inference mode: 1
06-29 12:31:52.499  1964 20336 I Places  : Converted 1 out of 1 WiFi scans
06-29 12:31:52.503  1600  1635 I WifiService: getConnectionInfo uid=10014
06-29 12:31:52.546  1964  1964 E BeaconBle: Missing BluetoothAdapter
06-29 12:31:52.547  1964  1964 I BeaconBle: BLE 'KK+' software access layer enabled
06-29 12:31:52.560  1964 20336 I PlaceInferenceEngine: [account#1066226748] Changed inference mode: 1
06-29 12:31:52.560  1964 20336 I PlaceInferenceEngine: [anon] Changed inference mode: 1
06-29 12:31:52.606  1600  1847 I ActivityManager: Force stopping com.ea.games.r3_row appid=10083 user=0: from pid 20346
06-29 12:31:52.651  1833  1833 D CarrierSvcBindHelper: No carrier app for: 0
06-29 12:31:52.721  1964  1964 I BeaconBle: Client requested scan, settings=BleSettings [scanMode=ZERO_POWER, callbackType=ALL_MATCHES, reportDelayMillis=0, 1 filters, 0 clients, callingClientName=Places]
06-29 12:31:52.744  1964  1964 I BeaconBle: Scan : No clients left, canceling alarm.
06-29 12:31:52.744  1964  1964 E BeaconBle: Scan couldn't start for Places
06-29 12:31:52.745  1964  1964 W Places  : BLE failure while scanning - code 5
06-29 12:31:53.235  3472  3472 I net.osmand: RoutingHelper Recalculate route, because correlation  : 1723743.7223726055
06-29 12:31:53.235  3472  3472 I net.osmand: RoutingHelper Recalculate route, because wrong movement direction: 1723776.1
06-29 12:31:53.242  1600  1621 E SensorNotificationService: Invalid local geomagnetic field, ignore.
06-29 12:31:53.296  3472  3472 I net.osmand: RoutingHelper Recalculate route, because correlation  : 1723743.7223726055
06-29 12:31:53.786  1964  1978 I zygote  : Background concurrent copying GC freed 53869(2MB) AllocSpace objects, 28(1748KB) LOS objects, 35% free, 10MB/16MB, paused 5.210ms total 266.524ms
06-29 12:31:54.022  1600  1792 W ActivityManager: Invalid packageName: android.media.action.IMAGE_CAPTURE
06-29 12:31:54.051  3472  3472 I net.osmand: RoutingHelper Recalculate route, because correlation  : 1723743.7223726055
06-29 12:31:54.076  3472  3472 I net.osmand: RoutingHelper Recalculate route, because correlation  : 1723743.7223726055
06-29 12:31:54.076  3472  3472 I net.osmand: RoutingHelper Recalculate route, because wrong movement direction: 1723776.1
06-29 12:31:54.230  3472  3472 I net.osmand: RoutingHelper Recalculate route, because correlation  : 1723743.7223726055
06-29 12:31:54.230  3472  3472 I net.osmand: RoutingHelper Recalculate route, because wrong movement direction: 1723776.1
06-29 12:31:54.252  3472  3472 I net.osmand: RoutingHelper Recalculate route, because correlation  : 1723743.7223726055
06-29 12:31:54.497  1964 20331 I PlaceInferenceEngine: No beacon scan available - ignoring candidates.
06-29 12:31:54.568  1964 20331 I PlaceInferenceEngine: No beacon scan available - ignoring candidates.
06-29 12:31:55.246  3472  3472 I net.osmand: RoutingHelper Recalculate route, because correlation  : 1723743.7223726055
06-29 12:31:55.246  3472  3472 I net.osmand: RoutingHelper Recalculate route, because wrong movement direction: 1723776.1
06-29 12:31:55.258  3472  3472 I net.osmand: RoutingHelper Recalculate route, because correlation  : 1723743.7223726055
06-29 12:31:55.571  3472  3472 I net.osmand: RoutingHelper Recalculate route, because correlation  : 1723743.7223726055
06-29 12:31:55.571  3472  3472 I net.osmand: RoutingHelper Recalculate route, because wrong movement direction: 1723776.1
06-29 12:31:55.581  3472  3472 I net.osmand: RoutingHelper Recalculate route, because correlation  : 1723743.7223726055
06-29 12:31:55.940  1600  1613 E memtrack: Couldn't load memtrack module
06-29 12:31:55.940  1600  1613 W android.os.Debug: failed to get memory consumption info: -1
06-29 12:31:56.257  3472  3472 I net.osmand: RoutingHelper Recalculate route, because correlation  : 1723743.7223726055
06-29 12:31:56.257  3472  3472 I net.osmand: RoutingHelper Recalculate route, because wrong movement direction: 1723776.1
06-29 12:31:56.295  1964  1964 I GeofencerStateMachine: sendNewTransitions called.
06-29 12:31:56.314  3472  3472 I net.osmand: RoutingHelper Recalculate route, because correlation  : 1723743.7223726055
06-29 12:31:56.789  1600  1600 I GnssLocationProvider: WakeLock acquired by sendMessage(SUBSCRIPTION_OR_SIM_CHANGED, 0, null)
06-29 12:31:56.906  1833  1833 D MccTable: updateMccMncConfiguration mccmnc='null' fromServiceState=true
06-29 12:31:56.915  1833  1833 D MccTable: WIFI_COUNTRY_CODE set to 
06-29 12:31:56.928  1600  1613 E GnssLocationProvider: no AGPS interface in set_agps_server
06-29 12:31:56.925  1600  1847 I WifiService: WifiService trying to set country code to  with persist set to false
06-29 12:31:56.931  1600  1613 I GnssLocationProvider: WakeLock released by handleMessage(SUBSCRIPTION_OR_SIM_CHANGED, 0, null)
06-29 12:31:56.936  1600  1847 I WifiService: setCountryCode uid=1001
06-29 12:31:57.003  1833  1833 D ServiceStateProvider: subId=1
06-29 12:31:57.031  1600  1600 I Telecom : CallLogManager: Country ISO changed. Retrieving new ISO...: CLM.oCD@BYs
06-29 12:31:57.161  3472  3472 I net.osmand: RoutingHelper Recalculate route, because correlation  : 3621.2574835938735
06-29 12:31:57.172  3472  3472 I net.osmand: RoutingHelper Recalculate route, because correlation  : 3621.2574835938735
06-29 12:31:57.172  3472  3472 I net.osmand: RoutingHelper Recalculate route, because wrong movement direction: 3621.2778
06-29 12:31:57.227  3472  3472 I net.osmand: RoutingHelper Recalculate route, because correlation  : 3621.2574835938735
06-29 12:31:57.240  1833  1833 I Telephony: PstnIncomingCallNotifier: Unregistering: Handler (com.android.internal.telephony.GsmCdmaPhone) {6a68867}
06-29 12:31:57.250  3472  3472 I net.osmand: RoutingHelper Recalculate route, because correlation  : 3621.2574835938735
06-29 12:31:57.250  3472  3472 I net.osmand: RoutingHelper Recalculate route, because wrong movement direction: 3621.2778
06-29 12:31:57.274  1600  1678 I WifiService: getConnectionInfo uid=1000
06-29 12:31:57.290  1600  1671 D RecurrenceRule: Resolving using anchor 2019-06-29T16:31:57.290Z[GMT]
06-29 12:31:57.302  1600  1671 D RecurrenceRule: Resolving using anchor 2019-06-29T16:31:57.301Z[GMT]
06-29 12:31:57.306  1600  1671 D RecurrenceRule: Cycle 17 from 2019-06-09T00:00Z[GMT] to 2019-07-09T00:00Z[GMT]
06-29 12:31:57.310  1600  1671 D NetworkStats: Resolving plan for NetworkTemplate: matchRule=MOBILE_ALL, subscriberId=310260..., matchSubscriberIds=[310260...]
06-29 12:31:57.351  1600  1671 D NetworkStats: Found active matching subId 1
06-29 12:31:57.376  1600  1671 D NetworkStats: Resolved to plan null
06-29 12:31:57.376  1600  2371 I Telecom : PhoneAccountRegistrar: Modify account: [ComponentInfo{com.android.phone/com.android.services.telephony.TelephonyConnectionService}, [****], UserHandle{0}(lbl:  -> Android)(desc:  -> Android)]: TSI.rPA@BYw
06-29 12:31:57.408  1833  1833 I Telephony: AccountEntry: Registered phoneAccount: [[ ] PhoneAccount: ComponentInfo{com.android.phone/com.android.services.telephony.TelephonyConnectionService}, [****], UserHandle{0} Capabilities: CallProvider MultiUser PlaceEmerg SimSub  Audio Routes: BESW Schemes: tel voicemail  Extras: Bundle[{android.telecom.extra.SUPPORTS_VIDEO_CALLING_FALLBACK=true}] GroupId: [****]] with handle: ComponentInfo{com.android.phone/com.android.services.telephony.TelephonyConnectionService}, [****], UserHandle{0}
06-29 12:31:57.409  1833  1833 I Telephony: PstnIncomingCallNotifier: Registering: Handler (com.android.internal.telephony.GsmCdmaPhone) {6a68867}
06-29 12:31:57.441  1833  1833 D TelephonyProvider: subIdString = 1 subId = 1
06-29 12:31:57.549  1833  1833 I Telephony: PstnPhoneCapabilitiesNotifier: handleVideoCapabilitesChanged. Video capability - false
06-29 12:31:57.567  1600  2371 I Telecom : PhoneAccountRegistrar: Modify account: [ComponentInfo{com.android.phone/com.android.services.telephony.TelephonyConnectionService}, [****], UserHandle{0}]: TSI.rPA@BY8
06-29 12:31:57.520  1833  1833 I chatty  : uid=1001(radio) com.android.phone identical 7 lines
06-29 12:31:57.525  1833  1833 D TelephonyProvider: subIdString = 1 subId = 1
06-29 12:31:58.235  3472  3472 I net.osmand: RoutingHelper Recalculate route, because correlation  : 3621.2574835938735
06-29 12:31:58.236  3472  3472 I net.osmand: RoutingHelper Recalculate route, because correlation  : 3621.2574835938735
06-29 12:31:58.236  3472  3472 I net.osmand: RoutingHelper Recalculate route, because wrong movement direction: 3621.2778
06-29 12:31:59.079  3472 19977 I net.osmand:native: Run GC (before 57.604584 Mb after 44.711184 Mb) unload 255 of 1064 tiles
06-29 12:31:59.231  3472  3472 I net.osmand: RoutingHelper Recalculate route, because correlation  : 3621.2574835938735
06-29 12:31:59.255  3472  3472 I net.osmand: RoutingHelper Recalculate route, because correlation  : 3621.2574835938735
06-29 12:31:59.255  3472  3472 I net.osmand: RoutingHelper Recalculate route, because wrong movement direction: 3621.2778
06-29 12:32:00.097 20369 20369 D AndroidRuntime: >>>>>> START com.android.internal.os.RuntimeInit uid 2000 <<<<<<
06-29 12:32:00.193 20369 20369 W app_process: Could not reserve sentinel fault page
06-29 12:32:00.230  3472  3472 I net.osmand: RoutingHelper Recalculate route, because correlation  : 3621.2574835938735
06-29 12:32:00.230  3472  3472 I net.osmand: RoutingHelper Recalculate route, because wrong movement direction: 3621.2778
06-29 12:32:00.248  3472  3472 I net.osmand: RoutingHelper Recalculate route, because correlation  : 3621.2574835938735
06-29 12:32:00.735  1600  1661 W InputDispatcher: channel '462e655 com.android.camera2/com.android.camera.CaptureActivity (server)' ~ Consumer closed input channel or an error occurred.  events=0x9
06-29 12:32:00.735  1600  1661 E InputDispatcher: channel '462e655 com.android.camera2/com.android.camera.CaptureActivity (server)' ~ Channel is unrecoverably broken and will be disposed!
06-29 12:32:00.755  1600  2538 I WindowManager: WIN DEATH: Window{462e655 u0 com.android.camera2/com.android.camera.CaptureActivity}
06-29 12:32:00.755  1600  2538 W InputDispatcher: Attempted to unregister already unregistered input channel '462e655 com.android.camera2/com.android.camera.CaptureActivity (server)'
06-29 12:32:00.770  1600  4840 I ActivityManager: Process com.android.camera2 (pid 14520) has died: cch  CAC 
06-29 12:32:00.780  1600  1616 W zygote  : kill(-14520, 9) failed: No such process
06-29 12:32:00.780  1600  1616 I zygote  : Successfully killed process cgroup uid 10039 pid 14520 in 25ms
06-29 12:32:00.821  1600  1621 W ActivityManager: setHasOverlayUi called on unknown pid: 14520
06-29 12:32:01.153 20369 20369 W app_process: Unexpected CPU variant for X86 using defaults: x86
06-29 12:32:01.183 20369 20369 I app_process: The ClassLoaderContext is a special shared library.
06-29 12:32:01.234  3472  3472 I net.osmand: RoutingHelper Recalculate route, because correlation  : 3621.2574835938735
06-29 12:32:01.249  3472  3472 I net.osmand: RoutingHelper Recalculate route, because correlation  : 3621.2574835938735
06-29 12:32:01.249  3472  3472 I net.osmand: RoutingHelper Recalculate route, because wrong movement direction: 3621.2778
06-29 12:32:01.513 20369 20369 D AndroidRuntime: Calling main entry com.android.commands.monkey.Monkey
06-29 12:32:01.517 20369 20369 W Monkey  : args: [-p, net.osmand, -c, android.intent.category.LAUNCHER, 1]
06-29 12:32:01.521 20369 20369 W Monkey  :  arg: "-p"
06-29 12:32:01.521 20369 20369 W Monkey  :  arg: "net.osmand"
06-29 12:32:01.521 20369 20369 W Monkey  :  arg: "-c"
06-29 12:32:01.521 20369 20369 W Monkey  :  arg: "android.intent.category.LAUNCHER"
06-29 12:32:01.522 20369 20369 W Monkey  :  arg: "1"
06-29 12:32:01.523 20369 20369 W Monkey  : data="net.osmand"
06-29 12:32:01.523 20369 20369 W Monkey  : data="android.intent.category.LAUNCHER"
06-29 12:32:01.791  1600  1614 W BroadcastQueue: Skipping deliver [background] BroadcastRecord{747daeb u-1 android.net.conn.CONNECTIVITY_CHANGE} to ReceiverList{b0e0048 20369 (unknown name)/2000/u-1 remote:9a8f165}: process gone or crashing
06-29 12:32:01.878  1600  2538 I ActivityManager: START u0 {act=android.intent.action.MAIN cat=[android.intent.category.LAUNCHER] flg=0x10200000 cmp=net.osmand/.plus.activities.MapActivity} from uid 2000
06-29 12:32:01.889  1600  2538 W Binder  : Outgoing transactions from this process must be FLAG_ONEWAY
06-29 12:32:01.889  1600  2538 W Binder  : java.lang.Throwable
06-29 12:32:01.889  1600  2538 W Binder  : 	at android.os.BinderProxy.transact(Binder.java:752)
06-29 12:32:01.889  1600  2538 W Binder  : 	at android.app.IActivityController$Stub$Proxy.activityStarting(IActivityController.java:172)
06-29 12:32:01.889  1600  2538 W Binder  : 	at com.android.server.am.ActivityStarter.startActivity(ActivityStarter.java:449)
06-29 12:32:01.889  1600  2538 W Binder  : 	at com.android.server.am.ActivityStarter.startActivityLocked(ActivityStarter.java:278)
06-29 12:32:01.889  1600  2538 W Binder  : 	at com.android.server.am.ActivityStarter.startActivityMayWait(ActivityStarter.java:817)
06-29 12:32:01.889  1600  2538 W Binder  : 	at com.android.server.am.ActivityManagerService.startActivityAsUser(ActivityManagerService.java:4532)
06-29 12:32:01.889  1600  2538 W Binder  : 	at com.android.server.am.ActivityManagerService.startActivity(ActivityManagerService.java:4519)
06-29 12:32:01.889  1600  2538 W Binder  : 	at android.app.IActivityManager$Stub.onTransact(IActivityManager.java:121)
06-29 12:32:01.889  1600  2538 W Binder  : 	at com.android.server.am.ActivityManagerService.onTransact(ActivityManagerService.java:2919)
06-29 12:32:01.889  1600  2538 W Binder  : 	at android.os.Binder.execTransact(Binder.java:697)
06-29 12:32:01.962  1600  2538 W ResourceType: ResTable_typeSpec entry count inconsistent: given 5115, previously 5124
06-29 12:32:01.962  1600  2538 W ResourceType: ResTable_typeSpec entry count inconsistent: given 142, previously 459
06-29 12:32:01.964  1600  2538 W ResourceType: For resource 0x7f0e00c0, entry index(192) is beyond type entryCount(142)
06-29 12:32:01.964  1600  2538 W ResourceType: For resource 0x7f0e00d1, entry index(209) is beyond type entryCount(142)
06-29 12:32:01.964  1600  2538 W ResourceType: For resource 0x7f0e00cb, entry index(203) is beyond type entryCount(142)
06-29 12:32:01.964  1600  2538 W ResourceType: For resource 0x7f0e014d, entry index(333) is beyond type entryCount(142)
06-29 12:32:01.964  1600  2538 W ResourceType: For resource 0x7f0e00dd, entry index(221) is beyond type entryCount(142)
06-29 12:32:01.964  1600  2538 W ResourceType: For resource 0x7f0e00e4, entry index(228) is beyond type entryCount(142)
06-29 12:32:02.018 20369 20369 I Monkey  : Events injected: 1
06-29 12:32:02.116  2629  2884 D EGL_emulation: eglMakeCurrent: 0xa61b6ce0: ver 2 0 (tinfo 0xa619b690)
06-29 12:32:02.147 20369 20369 I Monkey  : ## Network stats: elapsed time=267ms (0ms mobile, 0ms wifi, 267ms not connected)
06-29 12:32:02.184  1704  1929 D EGL_emulation: eglMakeCurrent: 0x9e4046c0: ver 2 0 (tinfo 0x9e403690)
06-29 12:32:02.191  2118  2184 D EGL_emulation: eglMakeCurrent: 0x8b867100: ver 2 0 (tinfo 0x8b8707f0)
06-29 12:32:02.266  3472  3472 D InAppPurchaseHelper: Destroying helper.
06-29 12:32:02.271 20369 20369 I com.android.commands.monkey: System.exit called, status: 0
06-29 12:32:02.271 20369 20369 I AndroidRuntime: VM exiting with result code 0.
06-29 12:32:02.307  1600  1615 W Looper  : Dispatch took 167ms on android.ui, h=Handler (com.android.server.policy.PhoneWindowManager$PolicyHandler) {dca4410} cb=android.database.ContentObserver$NotificationRunnable@55ce81d msg=0
06-29 12:32:02.419  1600  1600 W NotificationService: Removed summary didn't match old notification: old=0|net.osmand|100|null|10104, removed=0|net.osmand|100|null|10104
06-29 12:32:02.436  3472  3472 D net.osmand: Enable sensor
06-29 12:32:02.511  1704  1929 D EGL_emulation: eglMakeCurrent: 0x9e4046c0: ver 2 0 (tinfo 0x9e403690)
06-29 12:32:02.531  1600  4840 I GnssLocationProvider: WakeLock acquired by sendMessage(SET_REQUEST, 0, com.android.server.location.GnssLocationProvider$GpsRequest@f64e919)
06-29 12:32:02.541  1600  1613 I GnssLocationProvider: WakeLock released by handleMessage(SET_REQUEST, 0, com.android.server.location.GnssLocationProvider$GpsRequest@f64e919)
06-29 12:32:02.559  1704  1929 D EGL_emulation: eglMakeCurrent: 0x9e4046c0: ver 2 0 (tinfo 0x9e403690)
06-29 12:32:02.675  3472  3472 W System.err: OnCreate for MapActivity took 407 ms
06-29 12:32:02.688  3472  3472 I Choreographer: Skipped 37 frames!  The application may be doing too much work on its main thread.
06-29 12:32:02.717  1398  1435 D gralloc_ranchu: gralloc_alloc: Creating ashmem region of size 8298496
06-29 12:32:02.717  3472  3472 W ResourceType: For resource 0x7f0e013b, entry index(315) is beyond type entryCount(142)
06-29 12:32:02.787  3472  3472 I chatty  : uid=10104(net.osmand) identical 68 lines
06-29 12:32:02.787  3472  3472 W ResourceType: For resource 0x7f0e013b, entry index(315) is beyond type entryCount(142)
06-29 12:32:02.807  1408  1423 E SurfaceFlinger: Permission Denial: can't openGlobalTransaction pid=3472, uid<=10104
06-29 12:32:02.808  3472  3472 E BpSurfaceComposerClient: Failed to transact (-1)
06-29 12:32:02.817  1408  1423 E SurfaceFlinger: Permission Denial: can't openGlobalTransaction pid=3472, uid<=10104
06-29 12:32:02.818  3472  3472 E BpSurfaceComposerClient: Failed to transact (-1)
06-29 12:32:02.828  3472  3540 D EGL_emulation: eglMakeCurrent: 0x9e4043c0: ver 2 0 (tinfo 0x9e403290)
06-29 12:32:02.862  1398  1435 D gralloc_ranchu: gralloc_alloc: Creating ashmem region of size 8298496
06-29 12:32:02.900  1600  4840 I WifiService: acquireWifiLock uid=10014 lockMode=2
06-29 12:32:02.977  1398  1435 D gralloc_ranchu: gralloc_alloc: Creating ashmem region of size 3878912
06-29 12:32:03.139  1964  1964 I GeofencerStateMachine: sendNewLocationAvailability: availability=LocationAvailability[isLocationAvailable: true]
06-29 12:32:03.156  1398  1435 D gralloc_ranchu: gralloc_alloc: Creating ashmem region of size 8298496
06-29 12:32:03.274  1398  1435 D gralloc_ranchu: gralloc_alloc: Creating ashmem region of size 3878912
06-29 12:32:03.354  1704  1929 D EGL_emulation: eglMakeCurrent: 0x9e4046c0: ver 2 0 (tinfo 0x9e403690)
06-29 12:32:03.366  1704  1929 D EGL_emulation: eglMakeCurrent: 0x9e4046c0: ver 2 0 (tinfo 0x9e403690)
06-29 12:32:03.419  3472  3472 I net.osmand: RoutingHelper Recalculate route, because correlation  : 3621.2574835938735
06-29 12:32:03.419  3472  3472 I net.osmand: RoutingHelper Recalculate route, because wrong movement direction: 3621.2778
06-29 12:32:03.434  3472  3472 I net.osmand: RoutingHelper Recalculate route, because correlation  : 3621.2574835938735
06-29 12:32:03.451  3472  3496 I net.osmand: MapRenderRepositories RENDER MAP: update due to tile box
06-29 12:32:03.451  3472  3496 I net.osmand: MapRenderRepositories RENDER MAP: Interrupt rendering map
06-29 12:32:03.457  3472  3496 I net.osmand: MapRenderRepositories RENDER MAP: update due to tile box
06-29 12:32:03.457  3472  3496 I net.osmand: MapRenderRepositories RENDER MAP: Interrupt rendering map
06-29 12:32:03.530  1398  1435 D gralloc_ranchu: gralloc_alloc: Creating ashmem region of size 3878912
06-29 12:32:03.602  3472  3496 I net.osmand: MapRenderRepositories RENDER MAP: update due to tile box
06-29 12:32:03.602  3472  3496 I net.osmand: MapRenderRepositories RENDER MAP: Interrupt rendering map
06-29 12:32:03.738  3472  3495 I net.osmand: MapRenderRepositories RENDER MAP: new request RotatedTileBox [lat=4.916666666666666E-4, lon=-51.06061666666666, rotate=0.0, density=2.625, zoom=17, mapDensity=3.9375, zoomAnimation=0.0, zoomFloatPart=0.0, cx=900, cy=1972, pixWidth=1800, pixHeight=2690]
06-29 12:32:03.758  1704  1929 D EGL_emulation: eglMakeCurrent: 0x9e4046c0: ver 2 0 (tinfo 0x9e403690)
06-29 12:32:03.846  1704  1929 D EGL_emulation: eglMakeCurrent: 0x9e4046c0: ver 2 0 (tinfo 0x9e403690)
06-29 12:32:03.865  1408  1408 W SurfaceFlinger: couldn't log to binary event log: overflow.
06-29 12:32:03.983  1600  1635 I WifiService: getWifiEnabledState uid=10032
06-29 12:32:04.020  2629 20323 I PBSessionCacheImpl: Deleted sessionId[7574760700031] from persistence.
06-29 12:32:04.045  2629  2890 W SearchServiceCore: Abort, client detached.
06-29 12:32:04.127  1704  1929 D EGL_emulation: eglMakeCurrent: 0x9e4046c0: ver 2 0 (tinfo 0x9e403690)
06-29 12:32:04.211  1600  1617 I WifiService: requestActivityInfo uid=1000
06-29 12:32:04.212  1600  1617 I WifiService: reportActivityInfo uid=1000
06-29 12:32:04.212  1600  1617 I WifiService: getSupportedFeatures uid=1000
06-29 12:32:04.324  3472  3495 I net.osmand:native: Route objects 36
06-29 12:32:04.324  3472  3495 I net.osmand:native: Ocean: no completed & incompleted coastlines 0
06-29 12:32:04.324  3472  3495 I net.osmand:native: Detailed coastlines = 0, basemap coastlines 0, ocean tile 0.000000. Detailed added 0, basemap processed 1, basemap added 0.
06-29 12:32:04.324  3472  3495 I net.osmand:native: Search : tree - read( 349), accept( 47), objs - visit( 4334), accept(75), in result(36) 
06-29 12:32:04.325  3472  3495 I net.osmand: MapRenderRepositories BLat=-0.0018255114555358887, TLat=0.006235063076019287, LLong=-51.06306838989258, RLong=-51.05816650390625, zoom=17
06-29 12:32:04.329  3472  3495 I net.osmand: MapRenderRepositories Native search: 586 ms 
06-29 12:32:04.340  3472  3472 I net.osmand: RoutingHelper Recalculate route, because correlation  : 3621.2574835938735
06-29 12:32:04.351  3472  3495 I net.osmand:native: Creating SkBitmap in native w:1800 h:2690 s:7200 f:1!
06-29 12:32:04.351  3472  3495 I net.osmand:native: Row bytes for RGBA_8888 is 7200
06-29 12:32:04.351  3472  3495 I net.osmand:native: Locked 19368000 bytes at 0x78300000
06-29 12:32:04.351  3472  3495 I net.osmand:native: Initializing rendering
06-29 12:32:04.414  3472  3495 I net.osmand:native: Rendering image
06-29 12:32:04.442  3472  3472 I net.osmand: RoutingHelper Recalculate route, because correlation  : 3621.2574835938735
06-29 12:32:04.442  3472  3472 I net.osmand: RoutingHelper Recalculate route, because wrong movement direction: 3621.2778
06-29 12:32:04.729  2923  2955 I Finsky  : [139] imb.run(3): Stats for Executor: BlockingExecutor ink@19dc107[Running, pool size = 0, active threads = 0, queued tasks = 0, completed tasks = 20]
06-29 12:32:04.737  3472  3495 I net.osmand:native: Native ok (rendering 0, text 141 ms) 
06-29 12:32:04.737  3472  3495 I net.osmand:native:  (27540 points, 160 points inside, 62 of 67 objects visible)
06-29 12:32:04.743  3472  3495 I net.osmand:native: End Rendering image
06-29 12:32:04.745  3472  3495 I net.osmand:native: Native ok (init 63, rendering 0) 
06-29 12:32:04.746  3472  3495 I net.osmand: MapRenderRepositories true
06-29 12:32:04.768  2923  2955 I Finsky  : [139] imb.run(3): Stats for Executor: LightweightExecutor ink@3658234[Running, pool size = 2, active threads = 0, queued tasks = 0, completed tasks = 80]
06-29 12:32:04.768  2923  2955 I Finsky  : [139] imb.run(3): Stats for Executor: bgExecutor ink@81c785d[Running, pool size = 4, active threads = 0, queued tasks = 0, completed tasks = 80]
06-29 12:32:05.354  3472  3472 I net.osmand: RoutingHelper Recalculate route, because correlation  : 3621.2574835938735
06-29 12:32:05.360  3472  3472 I net.osmand: RoutingHelper Recalculate route, because correlation  : 3621.2574835938735
06-29 12:32:05.360  3472  3472 I net.osmand: RoutingHelper Recalculate route, because wrong movement direction: 3621.2778
06-29 12:32:05.837  3472  3472 I net.osmand: RoutingHelper Recalculate route, because correlation  : 3621.2574835938735
06-29 12:32:05.844  3472  3472 I net.osmand: RoutingHelper Recalculate route, because correlation  : 3621.2574835938735
06-29 12:32:05.844  3472  3472 I net.osmand: RoutingHelper Recalculate route, because wrong movement direction: 3621.2778
06-29 12:32:05.974  1600  2206 D WificondControl: Scan result ready event
06-29 12:32:06.087  1600  1635 I WifiService: releaseWifiLock uid=10014
06-29 12:32:06.240  3472  3472 I net.osmand: RoutingHelper Recalculate route, because correlation  : 3621.2574835938735
06-29 12:32:06.260  3472  3472 I net.osmand: RoutingHelper Recalculate route, because correlation  : 3621.2574835938735
06-29 12:32:06.260  3472  3472 I net.osmand: RoutingHelper Recalculate route, because wrong movement direction: 3621.2778
06-29 12:32:06.682  1600  1613 E memtrack: Couldn't load memtrack module
06-29 12:32:06.682  1600  1613 W android.os.Debug: failed to get memory consumption info: -1
06-29 12:32:06.798  1600  1613 E memtrack: Couldn't load memtrack module
06-29 12:32:06.799  1600  1613 W android.os.Debug: failed to get memory consumption info: -1
06-29 12:32:07.162  3472  3472 I net.osmand: RoutingHelper Recalculate route, because correlation  : 3596.4169337508097
06-29 12:32:07.162  3472  3472 I net.osmand: RoutingHelper Recalculate route, because wrong movement direction: 3596.4363
06-29 12:32:07.244  3472  3472 D net.osmand: DayNightHelper Sunrise/sunset setting to day: true
06-29 12:32:07.316  3472  3472 I net.osmand: RoutingHelper Recalculate route, because correlation  : 3596.4169337508097
06-29 12:32:07.333  3472  3472 I net.osmand: RoutingHelper Recalculate route, because correlation  : 3596.4169337508097
06-29 12:32:07.333  3472  3472 I net.osmand: RoutingHelper Recalculate route, because wrong movement direction: 3596.4363
06-29 12:32:07.340  3472  3472 I net.osmand: RoutingHelper Recalculate route, because correlation  : 3596.4169337508097
06-29 12:32:08.271  1964 20336 I Places  : Converted 1 out of 1 WiFi scans
06-29 12:32:08.272  1600  1635 I WifiService: getConnectionInfo uid=10014
06-29 12:32:08.286  3472  3472 I net.osmand: RoutingHelper Recalculate route, because correlation  : 3596.4169337508097
06-29 12:32:08.351  1964 20336 I PlaceInferenceEngine: Too few candidate results: percentageOfMissingArea 100
06-29 12:32:08.389  3472  3472 I net.osmand: RoutingHelper Recalculate route, because correlation  : 3596.4169337508097
06-29 12:32:08.389  3472  3472 I net.osmand: RoutingHelper Recalculate route, because wrong movement direction: 3596.4363
06-29 12:32:08.768  2629 19779 E PlaceStateUpdater: Received no places
06-29 12:32:08.823  1964 20386 E cddv    : *~*~*~ Channel {0} was not shutdown properly!!! ~*~*~*
06-29 12:32:08.823  1964 20386 E cddv    :     Make sure to call shutdown()/shutdownNow() and wait until awaitTermination() returns true.
06-29 12:32:08.823  1964 20386 E cddv    : java.lang.RuntimeException: ManagedChannel allocation site
06-29 12:32:08.823  1964 20386 E cddv    : 	at cddy.<init>(:com.google.android.gms@17785022@17.7.85 (040700-253824076):1)
06-29 12:32:08.823  1964 20386 E cddv    : 	at cddv.<init>(:com.google.android.gms@17785022@17.7.85 (040700-253824076):2)
06-29 12:32:08.823  1964 20386 E cddv    : 	at ccwm.b(:com.google.android.gms@17785022@17.7.85 (040700-253824076):14)
06-29 12:32:08.823  1964 20386 E cddv    : 	at sje.a(:com.google.android.gms@17785022@17.7.85 (040700-253824076):44)
06-29 12:32:08.823  1964 20386 E cddv    : 	at sje.a(:com.google.android.gms@17785022@17.7.85 (040700-253824076):59)
06-29 12:32:08.823  1964 20386 E cddv    : 	at bhkv.call(:com.google.android.gms@17785022@17.7.85 (040700-253824076):24)
06-29 12:32:08.823  1964 20386 E cddv    : 	at bhjd.run(:com.google.android.gms@17785022@17.7.85 (040700-253824076):1)
06-29 12:32:08.823  1964 20386 E cddv    : 	at squ.b(:com.google.android.gms@17785022@17.7.85 (040700-253824076):37)
06-29 12:32:08.823  1964 20386 E cddv    : 	at squ.run(:com.google.android.gms@17785022@17.7.85 (040700-253824076):21)
06-29 12:32:08.823  1964 20386 E cddv    : 	at java.util.concurrent.ThreadPoolExecutor.runWorker(ThreadPoolExecutor.java:1162)
06-29 12:32:08.823  1964 20386 E cddv    : 	at java.util.concurrent.ThreadPoolExecutor$Worker.run(ThreadPoolExecutor.java:636)
06-29 12:32:08.823  1964 20386 E cddv    : 	at swz.run(Unknown Source:7)
06-29 12:32:08.823  1964 20386 E cddv    : 	at java.lang.Thread.run(Thread.java:764)
06-29 12:32:08.911  1600  1617 I WifiService: requestActivityInfo uid=1000
06-29 12:32:08.911  1600  1617 I WifiService: reportActivityInfo uid=1000
06-29 12:32:08.911  1600  1617 I WifiService: getSupportedFeatures uid=1000
06-29 12:32:09.106  3472  3472 I net.osmand: RoutingHelper Recalculate route, because correlation  : 3571.761761147274
06-29 12:32:09.126  3472  3472 I net.osmand: RoutingHelper Recalculate route, because correlation  : 3571.761761147274
06-29 12:32:09.126  3472  3472 I net.osmand: RoutingHelper Recalculate route, because wrong movement direction: 3571.78
06-29 12:32:09.287  3472  3472 I net.osmand: RoutingHelper Recalculate route, because correlation  : 3571.761761147274
06-29 12:32:09.287  3472  3472 I net.osmand: RoutingHelper Recalculate route, because wrong movement direction: 3571.78
06-29 12:32:09.379  3472  3472 I net.osmand: RoutingHelper Recalculate route, because correlation  : 3571.761761147274
06-29 12:32:09.425  1964 20268 W Conscrypt: Could not set socket write timeout: java.net.SocketException: Socket closed
06-29 12:32:09.517  1964 20268 W Conscrypt: 	at com.google.android.gms.org.conscrypt.Platform.setSocketWriteTimeout(:com.google.android.gms@17785022@17.7.85 (040700-253824076):2)
06-29 12:32:09.517  1964 20268 W Conscrypt: 	at com.google.android.gms.org.conscrypt.ConscryptFileDescriptorSocket.setSoWriteTimeout(:com.google.android.gms@17785022@17.7.85 (040700-253824076):2)
06-29 12:32:09.816  1964 20336 I Places  : ?: PlacesBleScanner stop()
06-29 12:32:09.817  1964  1964 I BeaconBle: Scan : No clients left, canceling alarm.
06-29 12:32:09.824  1964  1964 I BeaconBle: Scan canceled successfully.
06-29 12:32:09.844  1964 20336 I PlaceInferenceEngine: [anon] Changed inference mode: 0
06-29 12:32:09.844  1964 20336 I PlaceInferenceEngine: [account#1066226748] Changed inference mode: 0
06-29 12:32:09.934  1964  1964 I GeofencerStateMachine: removeGeofences: removeRequest=RemoveGeofencingRequest[REMOVE_BY_PENDING_INTENT pendingIntent=PendingIntent[creatorPackage=com.google.android.gms], packageName=com.google.android.gms]
06-29 12:32:10.106  1964  2544 W MessageQueue: Handler (aeyl) {4a16ae4} sending message to a Handler on a dead thread
06-29 12:32:10.106  1964  2544 W MessageQueue: java.lang.IllegalStateException: Handler (aeyl) {4a16ae4} sending message to a Handler on a dead thread
06-29 12:32:10.106  1964  2544 W MessageQueue: 	at android.os.MessageQueue.enqueueMessage(MessageQueue.java:545)
06-29 12:32:10.106  1964  2544 W MessageQueue: 	at android.os.Handler.enqueueMessage(Handler.java:662)
06-29 12:32:10.106  1964  2544 W MessageQueue: 	at android.os.Handler.sendMessageAtTime(Handler.java:631)
06-29 12:32:10.106  1964  2544 W MessageQueue: 	at aeyl.sendMessageAtTime(Unknown Source:3)
06-29 12:32:10.106  1964  2544 W MessageQueue: 	at android.os.Handler.sendMessageDelayed(Handler.java:601)
06-29 12:32:10.106  1964  2544 W MessageQueue: 	at android.os.Handler.post(Handler.java:357)
06-29 12:32:10.106  1964  2544 W MessageQueue: 	at bcln.execute(Unknown Source:2)
06-29 12:32:10.106  1964  2544 W MessageQueue: 	at aanh.execute(Unknown Source:9)
06-29 12:32:10.106  1964  2544 W MessageQueue: 	at avft.a(:com.google.android.gms@17785022@17.7.85 (040700-253824076):3)
06-29 12:32:10.106  1964  2544 W MessageQueue: 	at avgk.a(:com.google.android.gms@17785022@17.7.85 (040700-253824076):8)
06-29 12:32:10.106  1964  2544 W MessageQueue: 	at avgn.a(:com.google.android.gms@17785022@17.7.85 (040700-253824076):43)
06-29 12:32:10.106  1964  2544 W MessageQueue: 	at avgj.a(:com.google.android.gms@17785022@17.7.85 (040700-253824076):2)
06-29 12:32:10.106  1964  2544 W MessageQueue: 	at rpj.a(:com.google.android.gms@17785022@17.7.85 (040700-253824076):3)
06-29 12:32:10.106  1964  2544 W MessageQueue: 	at rpj.a(:com.google.android.gms@17785022@17.7.85 (040700-253824076):2)
06-29 12:32:10.106  1964  2544 W MessageQueue: 	at agos.a(Unknown Source:2)
06-29 12:32:10.106  1964  2544 W MessageQueue: 	at rnt.a(Unknown Source:11)
06-29 12:32:10.106  1964  2544 W MessageQueue: 	at aamg.a(:com.google.android.gms@17785022@17.7.85 (040700-253824076):1)
06-29 12:32:10.106  1964  2544 W MessageQueue: 	at cwm.onTransact(:com.google.android.gms@17785022@17.7.85 (040700-253824076):4)
06-29 12:32:10.106  1964  2544 W MessageQueue: 	at android.os.Binder.execTransact(Binder.java:697)
06-29 12:32:10.255  3472  3472 I net.osmand: RoutingHelper Recalculate route, because correlation  : 3571.761761147274
06-29 12:32:10.260  3472  3472 I net.osmand: RoutingHelper Recalculate route, because correlation  : 3571.761761147274
06-29 12:32:10.260  3472  3472 I net.osmand: RoutingHelper Recalculate route, because wrong movement direction: 3571.78
06-29 12:32:10.450  1600  1609 I zygote  : Background concurrent copying GC freed 40287(2MB) AllocSpace objects, 26(968KB) LOS objects, 22% free, 20MB/26MB, paused 1.335ms total 634.943ms
06-29 12:32:10.763  3472  3472 I net.osmand: RoutingHelper Recalculate route, because correlation  : 3547.1065885437506
06-29 12:32:10.763  3472  3472 I net.osmand: RoutingHelper Recalculate route, because wrong movement direction: 3547.1238
06-29 12:32:10.823  3472  3472 I net.osmand: RoutingHelper Recalculate route, because correlation  : 3547.1065885437506
06-29 12:32:11.261  3472  3472 I chatty  : uid=10104(net.osmand) identical 1 line
06-29 12:32:11.264  3472  3472 I net.osmand: RoutingHelper Recalculate route, because correlation  : 3547.1065885437506
06-29 12:32:11.264  3472  3472 I net.osmand: RoutingHelper Recalculate route, because wrong movement direction: 3547.1238
06-29 12:32:12.071  3472  3472 I net.osmand: RoutingHelper Recalculate route, because correlation  : 3522.2660386998205
06-29 12:32:12.072  3472  3472 I net.osmand: RoutingHelper Recalculate route, because wrong movement direction: 3522.2815
06-29 12:32:12.138  3472  3472 I net.osmand: RoutingHelper Recalculate route, because correlation  : 3522.2660386998205
06-29 12:32:12.325  3472  3472 I net.osmand: RoutingHelper Recalculate route, because correlation  : 3522.2660386998205
06-29 12:32:12.325  3472  3472 I net.osmand: RoutingHelper Recalculate route, because wrong movement direction: 3522.2815
06-29 12:32:12.381  3472  3472 I net.osmand: RoutingHelper Recalculate route, because correlation  : 3522.2660386998205
06-29 12:32:13.246  3472  3472 I net.osmand: RoutingHelper Recalculate route, because correlation  : 3522.2660386998205
06-29 12:32:13.246  3472  3472 I net.osmand: RoutingHelper Recalculate route, because wrong movement direction: 3522.2815
06-29 12:32:13.388  3472  3472 I net.osmand: RoutingHelper Recalculate route, because correlation  : 3522.2660386998205
06-29 12:32:13.499  3472  3472 I net.osmand: RoutingHelper Recalculate route, because correlation  : 3497.610866096324
06-29 12:32:13.504  3472  3472 I net.osmand: RoutingHelper Recalculate route, because correlation  : 3497.610866096324
06-29 12:32:13.504  3472  3472 I net.osmand: RoutingHelper Recalculate route, because wrong movement direction: 3497.6255
06-29 12:32:13.529  3472  3496 I net.osmand: MapRenderRepositories RENDER MAP: update due to tile box
06-29 12:32:13.529  3472  3496 I net.osmand: MapRenderRepositories RENDER MAP: Interrupt rendering map
06-29 12:32:13.670  1600  1613 E memtrack: Couldn't load memtrack module
06-29 12:32:13.671  1600  1613 W android.os.Debug: failed to get memory consumption info: -1
