07-01 12:59:31.713  1604  9404 D WificondControl: Scan result ready event
07-01 12:59:31.754  1604  6773 I WifiService: releaseWifiLock uid=10014
07-01 12:59:31.832  1604  1621 I WifiService: requestActivityInfo uid=1000
07-01 12:59:31.832  1604  1621 I WifiService: reportActivityInfo uid=1000
07-01 12:59:31.832  1604  1621 I WifiService: getSupportedFeatures uid=1000
07-01 12:59:38.755 15605 15634 D NetworkSecurityConfig: No Network Security Config specified, using platform default
07-01 12:59:40.751  1604 15800 D NetworkMonitor/NetworkAgentInfo [WIFI () - 101]: PROBE_DNS connectivitycheck.gstatic.com 6ms OK 172.217.172.131,2800:3f0:4001:81a::2003
07-01 12:59:40.762  1604 15799 D NetworkMonitor/NetworkAgentInfo [WIFI () - 101]: PROBE_DNS www.google.com 19ms OK 172.217.28.228,2800:3f0:4001:801::2004
07-01 12:59:45.577  1604  1617 E memtrack: Couldn't load memtrack module
07-01 12:59:45.578  1604  1617 W android.os.Debug: failed to get memory consumption info: -1
07-01 12:59:47.902  1410  1410 I boot-pipe: done populating /dev/random
07-01 12:59:48.645  1604 15800 D NetworkMonitor/NetworkAgentInfo [WIFI () - 101]: PROBE_HTTP http://connectivitycheck.gstatic.com/generate_204 time=7891ms ret=204 request={User-Agent=[Mozilla/5.0 (X11; Linux x86_64) AppleWebKit/537.36 (KHTML, like Gecko) Chrome/60.0.3112.32 Safari/537.36]} headers={null=[HTTP/1.1 204 No Content], Content-Length=[0], Date=[Mon, 01 Jul 2019 16:59:47 GMT], X-Android-Received-Millis=[1562000388644], X-Android-Response-Source=[NETWORK 204], X-Android-Selected-Protocol=[http/1.1], X-Android-Sent-Millis=[1562000385005]}
07-01 12:59:49.748  1604  6773 I WifiService: acquireWifiLock uid=10014 lockMode=2
07-01 12:59:49.777  1970  1970 I GeofencerStateMachine: sendNewTransitions called.
07-01 12:59:49.793  1604  6773 I WifiService: releaseWifiLock uid=10014
07-01 12:59:51.839  1604  2952 D NetworkMonitor/NetworkAgentInfo [WIFI () - 101]: PROBE_FALLBACK http://www.google.com/gen_204 time=8093ms ret=204 request={User-Agent=[Mozilla/5.0 (X11; Linux x86_64) AppleWebKit/537.36 (KHTML, like Gecko) Chrome/60.0.3112.32 Safari/537.36]} headers={null=[HTTP/1.1 204 No Content], Content-Length=[0], Content-Type=[text/html; charset=UTF-8], Date=[Mon, 01 Jul 2019 16:59:47 GMT], P3P=[CP="This is not a P3P policy! See g.co/p3phelp for more info."], Server=[gws], Set-Cookie=[1P_JAR=2019-07-01-16; expires=Wed, 31-Jul-2019 16:59:47 GMT; path=/; domain=.google.com, NID=186=IzE1orfp85ZvJ9OtjfxbQHtfvGa6ZO4dZqfzbKaQYPZBw7-7v7DggMx2_fgdeklx3qajXxrjuR5VD9cUfFJMsUN4v7z6yLhtpCpG1-iAVf7Poe7c2SObDDhGywGfA8huLBMSdCv-MFO3zz2I8euHRsLVWS5xNDwwvAhNkVUOdac; expires=Tue, 31-Dec-2019 16:59:47 GMT; path=/; domain=.google.com; HttpOnly], X-Android-Received-Millis=[1562000391838], X-Android-Response-Source=[NETWORK 204], X-Android-Selected-Protocol=[http/1.1], X-Android-Sent-Millis=[1562000383746], X-Frame-Options=[SAMEORIGIN], X-XSS-Protection=[0]}
07-01 12:59:59.302  1604 15799 D NetworkMonitor/NetworkAgentInfo [WIFI () - 101]: PROBE_HTTPS https://www.google.com/generate_204 Probe failed with exception java.io.IOException: unexpected end of stream on com.android.okhttp.Address@805c5443
07-01 12:59:59.304  1604  1682 D ConnectivityService: NetworkAgentInfo [WIFI () - 101] validation failed
07-01 12:59:59.305  1604  1678 D WifiStateMachine: NETWORK_STATUS_UNWANTED_VALIDATION_FAILED
07-01 13:00:00.004  1604  1617 E memtrack: Couldn't load memtrack module
07-01 13:00:00.004  1604  1617 W android.os.Debug: failed to get memory consumption info: -1
07-01 13:00:00.031  1403  1418 D hwcomposer: hw_composer sent 12 syncs in 60s
07-01 13:00:00.106  1604  1617 E memtrack: Couldn't load memtrack module
07-01 13:00:00.106  1604  1617 W android.os.Debug: failed to get memory consumption info: -1
07-01 13:00:00.149  1604  1617 E memtrack: Couldn't load memtrack module
07-01 13:00:00.150  1604  1617 W android.os.Debug: failed to get memory consumption info: -1
07-01 13:00:00.184  1604  1617 E memtrack: Couldn't load memtrack module
07-01 13:00:00.184  1604  1617 W android.os.Debug: failed to get memory consumption info: -1
07-01 13:00:00.246  1604  1617 E memtrack: Couldn't load memtrack module
07-01 13:00:00.246  1604  1617 W android.os.Debug: failed to get memory consumption info: -1
07-01 13:00:03.784 13765 13765 E GEL_DELAYED_EVENT_DEBUG: Volley request failed for type atas
07-01 13:00:03.784 13765 13765 E GEL_DELAYED_EVENT_DEBUG: bpg
07-01 13:00:03.784 13765 13765 E GEL_DELAYED_EVENT_DEBUG: 	at xln.a(SourceFile:164)
07-01 13:00:03.784 13765 13765 E GEL_DELAYED_EVENT_DEBUG: 	at xkm.run(Unknown Source:1)
07-01 13:00:03.784 13765 13765 E GEL_DELAYED_EVENT_DEBUG: 	at java.util.concurrent.ThreadPoolExecutor.runWorker(ThreadPoolExecutor.java:1162)
07-01 13:00:03.784 13765 13765 E GEL_DELAYED_EVENT_DEBUG: 	at java.util.concurrent.ThreadPoolExecutor$Worker.run(ThreadPoolExecutor.java:636)
07-01 13:00:03.784 13765 13765 E GEL_DELAYED_EVENT_DEBUG: 	at xaz.run(SourceFile:12)
07-01 13:00:03.784 13765 13765 E GEL_DELAYED_EVENT_DEBUG: 	at java.lang.Thread.run(Thread.java:764)
07-01 13:00:03.784 13765 13765 E GEL_DELAYED_EVENT_DEBUG: Caused by: bdgp: Exception in CronetUrlRequest: net::ERR_CONNECTION_RESET, ErrorCode=8, InternalErrorCode=-101, Retryable=true
07-01 13:00:03.784 13765 13765 E GEL_DELAYED_EVENT_DEBUG: 	at org.chromium.net.impl.CronetUrlRequest.onError(SourceFile:175)
07-01 13:00:09.756  1604  3574 I WifiService: acquireWifiLock uid=10014 lockMode=2
07-01 13:00:11.749  2799  2830 I Finsky  : [131] imb.run(3): Stats for Executor: BlockingExecutor ink@4fcda2c[Running, pool size = 0, active threads = 0, queued tasks = 0, completed tasks = 28]
07-01 13:00:11.750  2799  2830 I Finsky  : [131] imb.run(3): Stats for Executor: LightweightExecutor ink@42a7cf5[Running, pool size = 2, active threads = 0, queued tasks = 0, completed tasks = 65]
07-01 13:00:12.623  2799  2830 I Finsky  : [131] imb.run(3): Stats for Executor: bgExecutor ink@4f2f371[Running, pool size = 4, active threads = 0, queued tasks = 0, completed tasks = 1068]
07-01 13:00:12.729  1604  6773 D WificondControl: Scan result ready event
07-01 13:00:12.776  1604  5450 I WifiService: releaseWifiLock uid=10014
07-01 13:00:19.694 15605 15634 E PlayCommon: [688] ServerTimestampFetcher.queryServerTimestamp: Failed to connect to server for server timestamp: javax.net.ssl.SSLProtocolException: Read error: ssl=0xad6b21c0: Failure in SSL library, usually a protocol error
07-01 13:00:19.694 15605 15634 E PlayCommon: error:100000d7:SSL routines:OPENSSL_internal:SSL_HANDSHAKE_FAILURE (external/boringssl/src/ssl/ssl_lib.cc:717 0xa3534dc3:0x00000000)
07-01 13:00:29.763  1604  5450 I WifiService: acquireWifiLock uid=10014 lockMode=2
07-01 13:00:29.791  1970  1970 I GeofencerStateMachine: sendNewTransitions called.
07-01 13:00:29.817  1604  5450 I WifiService: releaseWifiLock uid=10014
07-01 13:00:47.904  1410  1410 I boot-pipe: done populating /dev/random
07-01 13:00:50.784  1604  9404 I WifiService: acquireWifiLock uid=10014 lockMode=2
07-01 13:00:51.382 13765 13852 E GoogleConversionReporter: Error sending ping
07-01 13:00:51.382 13765 13852 E GoogleConversionReporter: bdgp: Exception in CronetUrlRequest: net::ERR_CONNECTION_CLOSED, ErrorCode=5, InternalErrorCode=-100, Retryable=true
07-01 13:00:51.382 13765 13852 E GoogleConversionReporter: 	at org.chromium.net.impl.CronetUrlRequest.onError(SourceFile:175)
07-01 13:00:53.073 15605 15634 E PlayCommon: [688] PlayEventLogger.uploadLog: Failed to upload logs: javax.net.ssl.SSLProtocolException: Read error: ssl=0xad6b21c0: Failure in SSL library, usually a protocol error
07-01 13:00:53.073 15605 15634 E PlayCommon: error:100000d7:SSL routines:OPENSSL_internal:SSL_HANDSHAKE_FAILURE (external/boringssl/src/ssl/ssl_lib.cc:717 0xa3534dc3:0x00000000)
07-01 13:00:53.774  1604  6773 D WificondControl: Scan result ready event
07-01 13:00:53.872  1604  6773 I WifiService: releaseWifiLock uid=10014
07-01 13:00:54.192  1604  1613 I zygote  : Background concurrent copying GC freed 72092(3MB) AllocSpace objects, 12(792KB) LOS objects, 15% free, 31MB/37MB, paused 1.827ms total 392.119ms
07-01 13:01:00.027  1403  1418 D hwcomposer: hw_composer sent 6 syncs in 60s
07-01 13:01:03.388  1604 15815 D NetworkMonitor/NetworkAgentInfo [WIFI () - 101]: PROBE_DNS www.google.com 24ms OK 172.217.28.228,2800:3f0:4001:801::2004
07-01 13:01:03.457  1604 15816 D NetworkMonitor/NetworkAgentInfo [WIFI () - 101]: PROBE_DNS connectivitycheck.gstatic.com 92ms OK 172.217.172.131,2800:3f0:4001:81a::2003
07-01 13:01:10.794  1604  9404 I WifiService: acquireWifiLock uid=10014 lockMode=2
07-01 13:01:10.825  1970  1970 I GeofencerStateMachine: sendNewTransitions called.
07-01 13:01:10.844  1604  9404 I WifiService: releaseWifiLock uid=10014
07-01 13:01:12.894  1604 15816 D NetworkMonitor/NetworkAgentInfo [WIFI () - 101]: PROBE_HTTP http://connectivitycheck.gstatic.com/generate_204 time=9435ms ret=204 request={User-Agent=[Mozilla/5.0 (X11; Linux x86_64) AppleWebKit/537.36 (KHTML, like Gecko) Chrome/60.0.3112.32 Safari/537.36]} headers={null=[HTTP/1.1 204 No Content], Content-Length=[0], Date=[Mon, 01 Jul 2019 17:01:05 GMT], X-Android-Received-Millis=[1562000472894], X-Android-Response-Source=[NETWORK 204], X-Android-Selected-Protocol=[http/1.1], X-Android-Sent-Millis=[1562000463459]}
07-01 13:01:14.358  1604 15815 D NetworkMonitor/NetworkAgentInfo [WIFI () - 101]: PROBE_HTTPS https://www.google.com/generate_204 Probe failed with exception java.io.IOException: unexpected end of stream on com.android.okhttp.Address@805c5443
07-01 13:01:15.303  1604  2952 D NetworkMonitor/NetworkAgentInfo [WIFI () - 101]: PROBE_FALLBACK http://www.google.com/gen_204 time=8929ms ret=204 request={User-Agent=[Mozilla/5.0 (X11; Linux x86_64) AppleWebKit/537.36 (KHTML, like Gecko) Chrome/60.0.3112.32 Safari/537.36]} headers={null=[HTTP/1.1 204 No Content], Content-Length=[0], Content-Type=[text/html; charset=UTF-8], Date=[Mon, 01 Jul 2019 17:01:07 GMT], P3P=[CP="This is not a P3P policy! See g.co/p3phelp for more info."], Server=[gws], Set-Cookie=[1P_JAR=2019-07-01-17; expires=Wed, 31-Jul-2019 17:01:07 GMT; path=/; domain=.google.com, NID=186=RLMv5Cr-sjNiXmvEIgyXXhM22UCg94P0rO5A1ebUn6D692JiVHDI5BUMtdKq1CvwPBqRViNw5mmR78nWT1sHLvFKEbOA_RtZkLQPW0LyMoSZgvP6lo817teYaE4Pl3rU4wbpa3ymltZEQs7ChqFeFZMaWRy5d2fj40tSsuX3pdY; expires=Tue, 31-Dec-2019 17:01:07 GMT; path=/; domain=.google.com; HttpOnly], X-Android-Received-Millis=[1562000475302], X-Android-Response-Source=[NETWORK 204], X-Android-Selected-Protocol=[http/1.1], X-Android-Sent-Millis=[1562000466374], X-Frame-Options=[SAMEORIGIN], X-XSS-Protection=[0]}
07-01 13:01:15.304  1604  1682 D ConnectivityService: NetworkAgentInfo [WIFI () - 101] validation failed
07-01 13:01:15.304  1604  1678 D WifiStateMachine: NETWORK_STATUS_UNWANTED_VALIDATION_FAILED
07-01 13:01:30.806  1604  9404 I WifiService: acquireWifiLock uid=10014 lockMode=2
07-01 13:01:32.380  1604  1621 E BatteryExternalStatsWorker: modem info is invalid: ModemActivityInfo{ mTimestamp=0 mSleepTimeMs=0 mIdleTimeMs=0 mTxTimeMs[]=[0, 0, 0, 0, 0] mRxTimeMs=0 mEnergyUsed=0}
07-01 13:01:33.783  1604  1615 D WificondControl: Scan result ready event
07-01 13:01:33.826  1604  9404 I WifiService: releaseWifiLock uid=10014
07-01 13:01:41.054  1604  1621 I WifiService: requestActivityInfo uid=1000
07-01 13:01:41.054  1604  1621 I WifiService: reportActivityInfo uid=1000
07-01 13:01:41.054  1604  1621 I WifiService: getSupportedFeatures uid=1000
07-01 13:01:47.907  1410  1410 I boot-pipe: done populating /dev/random
07-01 13:01:51.825  1604  1615 I WifiService: acquireWifiLock uid=10014 lockMode=2
07-01 13:01:51.866  1970  1970 I GeofencerStateMachine: sendNewTransitions called.
07-01 13:01:51.895  1604  6773 I WifiService: releaseWifiLock uid=10014
07-01 13:02:00.005  1604  1617 E memtrack: Couldn't load memtrack module
07-01 13:02:00.005  1604  1617 W android.os.Debug: failed to get memory consumption info: -1
07-01 13:02:00.025  1403  1418 D hwcomposer: hw_composer sent 6 syncs in 60s
07-01 13:02:00.101  1604  1617 E memtrack: Couldn't load memtrack module
07-01 13:02:00.101  1604  1617 W android.os.Debug: failed to get memory consumption info: -1
07-01 13:02:00.138  1604  1617 E memtrack: Couldn't load memtrack module
07-01 13:02:00.138  1604  1617 W android.os.Debug: failed to get memory consumption info: -1
07-01 13:02:00.189  1604  1617 E memtrack: Couldn't load memtrack module
07-01 13:02:00.189  1604  1617 W android.os.Debug: failed to get memory consumption info: -1
07-01 13:02:11.836  1604  1615 I WifiService: acquireWifiLock uid=10014 lockMode=2
07-01 13:02:14.813  1604  9404 D WificondControl: Scan result ready event
07-01 13:02:14.862  1604  9404 I WifiService: releaseWifiLock uid=10014
07-01 13:02:31.847  1604  9404 I WifiService: acquireWifiLock uid=10014 lockMode=2
07-01 13:02:31.900  1604  5450 I WifiService: releaseWifiLock uid=10014
07-01 13:02:31.907  1970  1970 I GeofencerStateMachine: sendNewTransitions called.
07-01 13:02:47.910  1410  1410 I boot-pipe: done populating /dev/random
07-01 13:02:52.870  1604  9404 I WifiService: acquireWifiLock uid=10014 lockMode=2
07-01 13:02:55.823  1604  1615 D WificondControl: Scan result ready event
07-01 13:02:55.902  1604  3574 I WifiService: releaseWifiLock uid=10014
07-01 13:03:00.011  1403  1418 D hwcomposer: hw_composer sent 6 syncs in 60s
07-01 13:03:11.752  2799  2830 I Finsky  : [131] imb.run(3): Stats for Executor: BlockingExecutor ink@4fcda2c[Running, pool size = 0, active threads = 0, queued tasks = 0, completed tasks = 28]
07-01 13:03:11.753  2799  2830 I Finsky  : [131] imb.run(3): Stats for Executor: LightweightExecutor ink@42a7cf5[Running, pool size = 2, active threads = 0, queued tasks = 0, completed tasks = 65]
07-01 13:03:12.625  2799  2830 I Finsky  : [131] imb.run(3): Stats for Executor: bgExecutor ink@4f2f371[Running, pool size = 4, active threads = 0, queued tasks = 0, completed tasks = 1069]
07-01 13:03:12.877  1604  6773 I WifiService: acquireWifiLock uid=10014 lockMode=2
07-01 13:03:12.907  1970  1970 I GeofencerStateMachine: sendNewTransitions called.
07-01 13:03:12.921  1604  3574 I WifiService: releaseWifiLock uid=10014
07-01 13:03:23.410  1604 15827 D NetworkMonitor/NetworkAgentInfo [WIFI () - 101]: PROBE_DNS www.google.com 2ms OK 172.217.28.228,2800:3f0:4001:801::2004
07-01 13:03:23.410  1604 15828 D NetworkMonitor/NetworkAgentInfo [WIFI () - 101]: PROBE_DNS connectivitycheck.gstatic.com 2ms OK 172.217.172.131,2800:3f0:4001:81a::2003
07-01 13:03:23.414  1604  1621 I WifiService: requestActivityInfo uid=1000
07-01 13:03:23.415  1604  1621 I WifiService: reportActivityInfo uid=1000
07-01 13:03:23.415  1604  1621 I WifiService: getSupportedFeatures uid=1000
07-01 13:03:23.852  1604 15828 D NetworkMonitor/NetworkAgentInfo [WIFI () - 101]: PROBE_HTTP http://connectivitycheck.gstatic.com/generate_204 time=439ms ret=204 request={User-Agent=[Mozilla/5.0 (X11; Linux x86_64) AppleWebKit/537.36 (KHTML, like Gecko) Chrome/60.0.3112.32 Safari/537.36]} headers={null=[HTTP/1.1 204 No Content], Content-Length=[0], Date=[Mon, 01 Jul 2019 17:03:24 GMT], X-Android-Received-Millis=[1562000603851], X-Android-Response-Source=[NETWORK 204], X-Android-Selected-Protocol=[http/1.1], X-Android-Sent-Millis=[1562000603413]}
07-01 13:03:27.678  1604  2952 D NetworkMonitor/NetworkAgentInfo [WIFI () - 101]: PROBE_FALLBACK http://play.googleapis.com/generate_204 time=1268ms ret=204 request={User-Agent=[Mozilla/5.0 (X11; Linux x86_64) AppleWebKit/537.36 (KHTML, like Gecko) Chrome/60.0.3112.32 Safari/537.36]} headers={null=[HTTP/1.1 204 No Content], Content-Length=[0], Date=[Mon, 01 Jul 2019 17:03:28 GMT], X-Android-Received-Millis=[1562000607677], X-Android-Response-Source=[NETWORK 204], X-Android-Selected-Protocol=[http/1.1], X-Android-Sent-Millis=[1562000607162]}
07-01 13:03:29.718  1604 15827 D NetworkMonitor/NetworkAgentInfo [WIFI () - 101]: PROBE_HTTPS https://www.google.com/generate_204 time=6303ms ret=204 request={User-Agent=[Mozilla/5.0 (X11; Linux x86_64) AppleWebKit/537.36 (KHTML, like Gecko) Chrome/60.0.3112.32 Safari/537.36]} headers={null=[HTTP/1.1 204 No Content], Alt-Svc=[quic=":443"; ma=2592000; v="46,44,43,39"], Content-Length=[0], Date=[Mon, 01 Jul 2019 17:03:29 GMT], X-Android-Received-Millis=[1562000609718], X-Android-Response-Source=[NETWORK 204], X-Android-Selected-Protocol=[http/1.1], X-Android-Sent-Millis=[1562000607628]}
07-01 13:03:29.720  1604  1682 D ConnectivityService: NetworkAgentInfo [WIFI () - 101] validation passed
07-01 13:03:29.723  1604  1682 D ConnectivityService: Switching to new default network: NetworkAgentInfo{ ni{[type: WIFI[], state: CONNECTED/CONNECTED, reason: (unspecified), extra: "AndroidWifi", failover: false, available: true, roaming: false]}  network{101}  nethandle{433808132830}  lp{{InterfaceName: wlan0 LinkAddresses: [fe80::ff:fe44:5566/64,192.168.232.2/21,fec0::ff:fe44:5566/64,fec0::3578:9eaa:f2d6:1f0d/64,]  Routes: [fe80::/64 -> :: wlan0,::/0 -> fe80::ff:fe00:100 wlan0,fec0::/64 -> :: wlan0,192.168.232.0/21 -> 0.0.0.0 wlan0,0.0.0.0/0 -> 192.168.232.1 wlan0,] DnsAddresses: [10.0.2.3,] Domains: null MTU: 0 TcpBufferSizes: 524288,1048576,2097152,262144,524288,1048576}}  nc{[ Transports: WIFI Capabilities: NOT_METERED&INTERNET&NOT_RESTRICTED&TRUSTED&NOT_VPN&VALIDATED&FOREGROUND LinkUpBandwidth>=1048576Kbps LinkDnBandwidth>=1048576Kbps SignalStrength: -50]}  Score{60}  everValidated{true}  lastValidated{true}  created{true} lingering{false} explicitlySelected{false} acceptUnvalidated{false} everCaptivePortalDetected{false} lastCaptivePortalDetected{false} clat{null} }
07-01 13:03:29.736  1701  1896 I DeviceStatusMonitor: NetworkCallback#onAvailable(): 101
07-01 13:03:29.736  1604  1682 D ConnectivityService: Lingering NetworkAgentInfo [MOBILE (GPRS) - 100] for 30000ms
07-01 13:03:29.737  1604  1828 D NetworkTimeUpdateService: New default network 101; checking time.
07-01 13:03:29.746  1701  1701 I DeviceStatusMonitor: getCurrentNetworkState(): activeNetwork = 101,  newState = NON_METERED
07-01 13:03:29.746  1604  1682 D ConnectivityService: Sending DISCONNECTED broadcast for type 0 NetworkAgentInfo [MOBILE (GPRS) - 100] isDefaultNetwork=true
07-01 13:03:29.747  1701  1701 I NetworkInfo: onNetworkAvailable: networkState = NON_METERED
07-01 13:03:29.747  1701  1701 I HWRSuperpacksManager: onNetworkAvailable
07-01 13:03:29.747  1701  1701 I NetworkInfo: onNetworkAvailable: networkState = NON_METERED
07-01 13:03:29.748  1701 15834 I NetworkInfo: onNetworkAvailable: networkState = NON_METERED
07-01 13:03:29.764  1604  1604 I ActivityManager: Start proc 15836:com.google.android.dialer/u0a20 for service com.google.android.dialer/com.google.android.apps.dialer.spam.impl.SpamJobService
07-01 13:03:29.770  1604  1682 D ConnectivityService: Sending CONNECTED broadcast for type 1 NetworkAgentInfo [WIFI () - 101] isDefaultNetwork=true
07-01 13:03:29.792  1604  1675 I WifiService: getConnectionInfo uid=1000
07-01 13:03:29.793 15836 15836 W zygote  : Unexpected CPU variant for X86 using defaults: x86
07-01 13:03:29.798  1604  1675 D RecurrenceRule: Resolving using anchor 2019-07-01T17:03:29.797Z[GMT]
07-01 13:03:29.832  1604  1675 D RecurrenceRule: Resolving using anchor 2019-07-01T17:03:29.801Z[GMT]
07-01 13:03:29.845  1604  1675 D RecurrenceRule: Cycle 17 from 2019-06-09T00:00Z[GMT] to 2019-07-09T00:00Z[GMT]
07-01 13:03:29.846  1604  1675 D NetworkStats: Resolving plan for NetworkTemplate: matchRule=MOBILE_ALL, subscriberId=310260..., matchSubscriberIds=[310260...]
07-01 13:03:29.851  1604  1675 D NetworkStats: Found active matching subId 1
07-01 13:03:29.867  1604  1675 D NetworkStats: Resolved to plan null
07-01 13:03:29.877  1604  1675 I WifiService: getConnectionInfo uid=1000
07-01 13:03:29.877 15836 15836 W System  : ClassLoader referenced unknown path: /system/framework/com.google.android.dialer.support.jar
07-01 13:03:29.887  1604  1675 D RecurrenceRule: Resolving using anchor 2019-07-01T17:03:29.887Z[GMT]
07-01 13:03:29.889  1604  1675 D RecurrenceRule: Resolving using anchor 2019-07-01T17:03:29.889Z[GMT]
07-01 13:03:29.890  1604  1675 D RecurrenceRule: Cycle 17 from 2019-06-09T00:00Z[GMT] to 2019-07-09T00:00Z[GMT]
07-01 13:03:29.891  1604  1675 D NetworkStats: Resolving plan for NetworkTemplate: matchRule=MOBILE_ALL, subscriberId=310260..., matchSubscriberIds=[310260...]
07-01 13:03:29.899 15836 15836 I zygote  : The ClassLoaderContext is a special shared library.
07-01 13:03:29.900  1604  1675 D NetworkStats: Found active matching subId 1
07-01 13:03:29.913  1604  1675 D NetworkStats: Resolved to plan null
07-01 13:03:29.925  2799  2799 I Finsky  : [2] khj.a(267): Installer: found apps to install. apps=[]
07-01 13:03:29.925  1604  4218 I WifiService: getConnectionInfo uid=10079
07-01 13:03:29.925  1604  4218 D WifiPermissionsUtil: Denied: no location permission
07-01 13:03:29.926  1604  4218 D WifiPermissionsUtil: Denied: caller is not the current USE_OPEN_WIFI_PACKAGE
07-01 13:03:29.930  1604  5750 I WifiService: getConnectionInfo uid=10014
07-01 13:03:29.949  1604  5450 I WifiService: getConnectionInfo uid=10032
07-01 13:03:29.953  1604  5750 I WifiService: getConnectionInfo uid=10014
07-01 13:03:29.956  2799  2799 I Finsky  : [2] khj.a(267): Installer: found apps to install. apps=[]
07-01 13:03:29.958  1604  6773 I WifiService: getConnectionInfo uid=10079
07-01 13:03:29.958  1604  6773 D WifiPermissionsUtil: Denied: no location permission
07-01 13:03:29.958  1604  6773 D WifiPermissionsUtil: Denied: caller is not the current USE_OPEN_WIFI_PACKAGE
07-01 13:03:29.981  1604  3925 I WifiService: getConnectionInfo uid=10014
07-01 13:03:29.997  1604  3925 I WifiService: getConnectionInfo uid=10014
07-01 13:03:30.024  2180 15494 I PinnedContentDownloader: Finished downloading pinned content.
07-01 13:03:30.078 15836 15836 I Dialer  : GoogleDialerApplication.onCreate - enter
07-01 13:03:30.091 15836 15836 I Dialer  : DialerExecutors.newThread - creating low priority thread
07-01 13:03:30.099 15836 15836 I Dialer  : CallLogFramework.registerContentObservers - enter
07-01 13:03:30.112 15836 15836 I Dialer  : CallLogFramework.registerContentObservers - new call log not enabled
07-01 13:03:30.156 15836 15836 I Dialer  : NonUiTaskBuilder.newThread - creating serial thread
07-01 13:03:30.161 15836 15836 I Dialer  : DialerExecutors.newThread - creating low priority thread
07-01 13:03:30.161 15836 15836 I Dialer  : ShortcutsJobScheduler.scheduleAllJobs - enter
07-01 13:03:30.170 15836 15836 I Dialer  : ShortcutsJobScheduler.scheduleAllJobs - enabling shortcuts
07-01 13:03:30.171 15836 15836 I Dialer  : PeriodicJobService.schedulePeriodicJob - enter
07-01 13:03:30.177 15836 15836 I Dialer  : PeriodicJobService.schedulePeriodicJob - job already scheduled.
07-01 13:03:30.178 15836 15836 I Dialer  : GoogleDialerPrimes - Initializing
07-01 13:03:30.181 15836 15836 I Dialer  : GoogleDialerPrimes - Primes Metrics Monitoring started
07-01 13:03:30.181 15836 15836 I Dialer  : GoogleDialerApplication.onCreate - register new client
07-01 13:03:30.229 15836 15836 I Dialer  : GoogleDialerApplication.onCreate - registered new client
07-01 13:03:30.351 15836 15836 I Dialer  : Flags.register - phenotype register status: true
07-01 13:03:30.412 15836 15873 D NetworkSecurityConfig: No Network Security Config specified, using platform default
07-01 13:03:30.442 15836 15836 I Dialer  : SpamAsyncTaskUtil.getAndUpdateServerSpamList - request:a: "us"
07-01 13:03:30.442 15836 15836 I Dialer  : b: 230502
07-01 13:03:30.442 15836 15836 I Dialer  : c: 230502
07-01 13:03:30.442 15836 15836 I Dialer  : d: 1561983445000
07-01 13:03:30.442 15836 15836 I Dialer  : e: "us"
07-01 13:03:30.442 15836 15836 I Dialer  : f: ""
07-01 13:03:30.442 15836 15836 I Dialer  : p: -1
07-01 13:03:30.489 15836 15877 I Dialer  : DialerExecutors.newThread - creating low priority thread
07-01 13:03:30.545  1604  1613 I zygote  : Background concurrent copying GC freed 54797(2MB) AllocSpace objects, 4(208KB) LOS objects, 15% free, 31MB/37MB, paused 976us total 402.985ms
07-01 13:03:30.550 15836 15836 I Dialer  : Flags.register - commit succeeded: true
07-01 13:03:32.883  1604  5450 I WifiService: acquireWifiLock uid=10014 lockMode=2
07-01 13:03:35.884  1604  5750 D WificondControl: Scan result ready event
07-01 13:03:35.955  1604  3925 I WifiService: releaseWifiLock uid=10014
07-01 13:03:39.833  1604  1678 W AlarmManager: Unrecognized alarm listener com.android.server.wifi.WifiConfigStore$1@223dfff
07-01 13:03:39.848  1604  1678 D WifiConfigStore: Writing to stores completed in 15 ms.
07-01 13:03:45.678 15836 15879 I Dialer  : DialerExecutors.newThread - creating low priority thread
07-01 13:03:45.683 15836 15881 I Dialer  : DialerExecutors.newThread - creating low priority thread
07-01 13:03:47.911  1410  1410 I boot-pipe: done populating /dev/random
07-01 13:03:50.518  1604  1617 E memtrack: Couldn't load memtrack module
07-01 13:03:50.519  1604  1617 W android.os.Debug: failed to get memory consumption info: -1
07-01 13:03:50.608  1604  1617 E memtrack: Couldn't load memtrack module
07-01 13:03:50.608  1604  1617 W android.os.Debug: failed to get memory consumption info: -1
07-01 13:03:50.644  1604  1617 E memtrack: Couldn't load memtrack module
07-01 13:03:50.644  1604  1617 W android.os.Debug: failed to get memory consumption info: -1
07-01 13:03:51.816  1970 15857 E WakeLock: GCM_HB_ALARM release without a matched acquire!
07-01 13:03:51.816  1970 15857 W WakeLock: GCM_HB_ALARM counter does not exist
07-01 13:03:51.833  1604  5450 I WifiService: getConnectionInfo uid=10014
07-01 13:03:51.843  1970 15884 E WakeLock: GCM_HB_ALARM release without a matched acquire!
07-01 13:03:51.843  1970 15884 W WakeLock: GCM_HB_ALARM counter does not exist
07-01 13:03:51.845  1604  1682 D ConnectivityService: reportNetworkConnectivity(101, false) by 10014
07-01 13:03:51.846  1604  2952 D NetworkMonitor/NetworkAgentInfo [WIFI () - 101]: Forcing reevaluation for UID 10014
07-01 13:03:51.851  1970 15884 W WakeLock: GCM_CONN_ALARM counter does not exist
07-01 13:03:51.854  1604 15886 D NetworkMonitor/NetworkAgentInfo [WIFI () - 101]: PROBE_DNS connectivitycheck.gstatic.com 7ms OK 172.217.172.131,2800:3f0:4001:81a::2003
07-01 13:03:51.861  1604 15885 D NetworkMonitor/NetworkAgentInfo [WIFI () - 101]: PROBE_DNS www.google.com 11ms OK 172.217.28.228,2800:3f0:4001:801::2004
07-01 13:03:53.901  1604  5750 I WifiService: acquireWifiLock uid=10014 lockMode=2
07-01 13:03:53.941  1970  1970 I GeofencerStateMachine: sendNewTransitions called.
07-01 13:03:53.965  1604  5450 I WifiService: releaseWifiLock uid=10014
07-01 13:03:59.722  1604  1682 D ConnectivityService: handleLingerComplete for NetworkAgentInfo [MOBILE (GPRS) - 100]
07-01 13:03:59.725  1486  1523 I Netd    : Destroyed 1 sockets for netId 100 permission=1 in 0.8 ms
07-01 13:04:00.011  1403  1418 D hwcomposer: hw_composer sent 12 syncs in 60s
07-01 13:04:00.013  1604  1617 E memtrack: Couldn't load memtrack module
07-01 13:04:00.013  1604  1617 W android.os.Debug: failed to get memory consumption info: -1
07-01 13:04:00.068  1604  1617 E memtrack: Couldn't load memtrack module
07-01 13:04:00.068  1604  1617 W android.os.Debug: failed to get memory consumption info: -1
07-01 13:04:00.121  1604  1617 E memtrack: Couldn't load memtrack module
07-01 13:04:00.121  1604  1617 W android.os.Debug: failed to get memory consumption info: -1
07-01 13:04:01.860  1604 15886 D NetworkMonitor/NetworkAgentInfo [WIFI () - 101]: PROBE_HTTP http://connectivitycheck.gstatic.com/generate_204 Probe failed with exception java.net.SocketTimeoutException: timeout
07-01 13:04:01.864  1604 15885 D NetworkMonitor/NetworkAgentInfo [WIFI () - 101]: PROBE_HTTPS https://www.google.com/generate_204 Probe failed with exception java.net.SocketTimeoutException: timeout
07-01 13:04:04.853  1604  2952 D NetworkMonitor/NetworkAgentInfo [WIFI () - 101]: PROBE_FALLBACK http://play.googleapis.com/generate_204 Probe failed with exception java.net.SocketTimeoutException: Read timed out
07-01 13:04:04.855  1604  1682 D ConnectivityService: NetworkAgentInfo [WIFI () - 101] validation failed
07-01 13:04:04.857  1604  1682 D ConnectivityService: Switching to new default network: NetworkAgentInfo{ ni{[type: MOBILE[GPRS], state: CONNECTED/CONNECTED, reason: (unspecified), extra: epc.tmobile.com, failover: false, available: true, roaming: false]}  network{100}  nethandle{429513165534}  lp{{InterfaceName: radio0 LinkAddresses: [192.168.200.2/24,]  Routes: [0.0.0.0/0 -> 192.168.200.1 radio0,192.168.200.0/24 -> 0.0.0.0 radio0,] DnsAddresses: [10.0.2.3,] Domains: null MTU: 1500 TcpBufferSizes: 4092,8760,48000,4096,8760,48000}}  nc{[ Transports: CELLULAR Capabilities: MMS&SUPL&DUN&FOTA&IMS&CBS&IA&INTERNET&NOT_RESTRICTED&TRUSTED&NOT_VPN&VALIDATED LinkUpBandwidth>=80Kbps LinkDnBandwidth>=80Kbps Specifier: <1>]}  Score{50}  everValidated{true}  lastValidated{true}  created{true} lingering{false} explicitlySelected{false} acceptUnvalidated{false} everCaptivePortalDetected{false} lastCaptivePortalDetected{false} clat{null} }
07-01 13:04:04.886  1604  1617 E memtrack: Couldn't load memtrack module
07-01 13:04:04.886  1604  1617 W android.os.Debug: failed to get memory consumption info: -1
07-01 13:04:04.909  1604  6773 I ActivityManager: Killing 15095:com.google.android.deskclock/u0a69 (adj 906): empty #17
07-01 13:04:04.928  1604  1620 W zygote  : kill(-15095, 9) failed: No such process
07-01 13:04:04.945  1701  1896 I DeviceStatusMonitor: NetworkCallback#onAvailable(): 100
07-01 13:04:04.950  1701  1701 I DeviceStatusMonitor: getCurrentNetworkState(): activeNetwork = 100,  newState = METERED
07-01 13:04:04.951  1701  1701 I NetworkInfo: onNetworkAvailable: networkState = METERED
07-01 13:04:04.952  1701 15834 I NetworkInfo: onNetworkAvailable: networkState = METERED
07-01 13:04:04.952  1701  1701 I HWRSuperpacksManager: onNetworkAvailable
07-01 13:04:04.952  1701  1701 I NetworkInfo: onNetworkAvailable: networkState = METERED
07-01 13:04:04.955  1604  1828 D NetworkTimeUpdateService: New default network 100; checking time.
07-01 13:04:04.955  1604  1682 D ConnectivityService: Sending DISCONNECTED broadcast for type 1 NetworkAgentInfo [WIFI () - 101] isDefaultNetwork=true
07-01 13:04:04.965  1604  1682 D ConnectivityService: Sending CONNECTED broadcast for type 0 NetworkAgentInfo [MOBILE (GPRS) - 100] isDefaultNetwork=true
07-01 13:04:04.973  1604  1620 W zygote  : kill(-15095, 9) failed: No such process
07-01 13:04:05.005  1604  1678 D WifiStateMachine: NETWORK_STATUS_UNWANTED_VALIDATION_FAILED
07-01 13:04:05.004  1604  1682 D ConnectivityService: handleNetworkUnvalidated NetworkAgentInfo [WIFI () - 101] cap=[ Transports: WIFI Capabilities: NOT_METERED&INTERNET&NOT_RESTRICTED&TRUSTED&NOT_VPN&FOREGROUND LinkUpBandwidth>=1048576Kbps LinkDnBandwidth>=1048576Kbps SignalStrength: -50]
07-01 13:04:05.006  1604  1675 I WifiService: getConnectionInfo uid=1000
07-01 13:04:05.016  1604  1620 W zygote  : kill(-15095, 9) failed: No such process
07-01 13:04:05.016  1604  1620 I zygote  : Successfully killed process cgroup uid 10069 pid 15095 in 87ms
07-01 13:04:05.028  1604  1675 D RecurrenceRule: Resolving using anchor 2019-07-01T17:04:05.028Z[GMT]
07-01 13:04:05.036  1604  1675 D RecurrenceRule: Resolving using anchor 2019-07-01T17:04:05.036Z[GMT]
07-01 13:04:05.042  1604  1675 D RecurrenceRule: Cycle 17 from 2019-06-09T00:00Z[GMT] to 2019-07-09T00:00Z[GMT]
07-01 13:04:05.042  1604  1675 D NetworkStats: Resolving plan for NetworkTemplate: matchRule=MOBILE_ALL, subscriberId=310260..., matchSubscriberIds=[310260...]
07-01 13:04:05.049  1604  1675 D NetworkStats: Found active matching subId 1
07-01 13:04:05.069  1604  1675 D NetworkStats: Resolved to plan null
07-01 13:04:05.075  1604  1675 I WifiService: getConnectionInfo uid=1000
07-01 13:04:05.080  1604  1675 D RecurrenceRule: Resolving using anchor 2019-07-01T17:04:05.080Z[GMT]
07-01 13:04:05.084  1604  1675 D RecurrenceRule: Resolving using anchor 2019-07-01T17:04:05.083Z[GMT]
07-01 13:04:05.086  1604  1675 D RecurrenceRule: Cycle 17 from 2019-06-09T00:00Z[GMT] to 2019-07-09T00:00Z[GMT]
07-01 13:04:05.086  1604  1675 D NetworkStats: Resolving plan for NetworkTemplate: matchRule=MOBILE_ALL, subscriberId=310260..., matchSubscriberIds=[310260...]
07-01 13:04:05.088  1604  1675 D NetworkStats: Found active matching subId 1
07-01 13:04:05.096  1604  1675 D NetworkStats: Resolved to plan null
07-01 13:04:05.171  2180 15494 I PinnedContentDownloader: Finished downloading pinned content.
07-01 13:04:05.859  1604 15901 D NetworkMonitor/NetworkAgentInfo [WIFI () - 101]: PROBE_DNS www.google.com 2ms OK 172.217.28.228,2800:3f0:4001:801::2004
07-01 13:04:05.863  1604 15902 D NetworkMonitor/NetworkAgentInfo [WIFI () - 101]: PROBE_DNS connectivitycheck.gstatic.com 6ms OK 172.217.172.131,2800:3f0:4001:81a::2003
07-01 13:04:07.099  1970 15720 W Conscrypt: Could not set socket write timeout: java.net.SocketException: Socket closed
07-01 13:04:07.099  1970 15720 W Conscrypt: 	at com.google.android.gms.org.conscrypt.Platform.setSocketWriteTimeout(:com.google.android.gms@17785022@17.7.85 (040700-253824076):2)
07-01 13:04:07.099  1970 15720 W Conscrypt: 	at com.google.android.gms.org.conscrypt.ConscryptFileDescriptorSocket.setSoWriteTimeout(:com.google.android.gms@17785022@17.7.85 (040700-253824076):2)
07-01 13:04:09.477  2799  2854 I PlayCommon: [149] adnc.d(23): Preparing logs for uploading
07-01 13:04:09.481  2799  2854 I PlayCommon: [149] adnc.d(125): Connecting to server: https://play.googleapis.com/play/log?format=raw&proto_v2=true
07-01 13:04:13.720  1604 15902 D NetworkMonitor/NetworkAgentInfo [WIFI () - 101]: PROBE_HTTP http://connectivitycheck.gstatic.com/generate_204 time=7853ms ret=204 request={User-Agent=[Mozilla/5.0 (X11; Linux x86_64) AppleWebKit/537.36 (KHTML, like Gecko) Chrome/60.0.3112.32 Safari/537.36]} headers={null=[HTTP/1.1 204 No Content], Content-Length=[0], Date=[Mon, 01 Jul 2019 17:04:13 GMT], X-Android-Received-Millis=[1562000653719], X-Android-Response-Source=[NETWORK 204], X-Android-Selected-Protocol=[http/1.1], X-Android-Sent-Millis=[1562000650288]}
07-01 13:04:13.910  1604  4624 I WifiService: acquireWifiLock uid=10014 lockMode=2
07-01 13:04:16.894  1604  3925 D WificondControl: Scan result ready event
07-01 13:04:16.946  1604  4624 I WifiService: releaseWifiLock uid=10014
07-01 13:04:19.810  1604 15901 D NetworkMonitor/NetworkAgentInfo [WIFI () - 101]: PROBE_HTTPS https://www.google.com/generate_204 Probe failed with exception java.io.IOException: unexpected end of stream on com.android.okhttp.Address@805c5443
07-01 13:04:21.768  1970 15720 W Conscrypt: Could not set socket write timeout: java.net.SocketException: Socket closed
07-01 13:04:21.769  1970 15720 W Conscrypt: 	at com.google.android.gms.org.conscrypt.Platform.setSocketWriteTimeout(:com.google.android.gms@17785022@17.7.85 (040700-253824076):2)
07-01 13:04:21.769  1970 15720 W Conscrypt: 	at com.google.android.gms.org.conscrypt.ConscryptFileDescriptorSocket.setSoWriteTimeout(:com.google.android.gms@17785022@17.7.85 (040700-253824076):2)
07-01 13:04:22.200  1604  2952 D NetworkMonitor/NetworkAgentInfo [WIFI () - 101]: PROBE_FALLBACK http://play.googleapis.com/generate_204 time=13341ms ret=204 request={User-Agent=[Mozilla/5.0 (X11; Linux x86_64) AppleWebKit/537.36 (KHTML, like Gecko) Chrome/60.0.3112.32 Safari/537.36]} headers={null=[HTTP/1.1 204 No Content], Content-Length=[0], Date=[Mon, 01 Jul 2019 17:04:21 GMT], X-Android-Received-Millis=[1562000662200], X-Android-Response-Source=[NETWORK 204], X-Android-Selected-Protocol=[http/1.1], X-Android-Sent-Millis=[1562000660031]}
07-01 13:04:22.201  1604  1682 D ConnectivityService: NetworkAgentInfo [WIFI () - 101] validation failed
07-01 13:04:22.203  1604  1678 D WifiStateMachine: NETWORK_STATUS_UNWANTED_VALIDATION_FAILED
07-01 13:04:24.211  1604 15910 D NetworkMonitor/NetworkAgentInfo [WIFI () - 101]: PROBE_DNS connectivitycheck.gstatic.com 2ms OK 172.217.172.131,2800:3f0:4001:81a::2003
07-01 13:04:24.218  1604 15909 D NetworkMonitor/NetworkAgentInfo [WIFI () - 101]: PROBE_DNS www.google.com 10ms OK 172.217.28.228,2800:3f0:4001:801::2004
07-01 13:04:25.111  1970 15896 V NativeCrypto: SSL handshake terminated: ssl=0xa5816718: I/O error during system call, No such file or directory
07-01 13:04:30.432  1604 15910 D NetworkMonitor/NetworkAgentInfo [WIFI () - 101]: PROBE_HTTP http://connectivitycheck.gstatic.com/generate_204 time=6219ms ret=204 request={User-Agent=[Mozilla/5.0 (X11; Linux x86_64) AppleWebKit/537.36 (KHTML, like Gecko) Chrome/60.0.3112.32 Safari/537.36]} headers={null=[HTTP/1.1 204 No Content], Content-Length=[0], Date=[Mon, 01 Jul 2019 17:04:26 GMT], X-Android-Received-Millis=[1562000670431], X-Android-Response-Source=[NETWORK 204], X-Android-Selected-Protocol=[http/1.1], X-Android-Sent-Millis=[1562000664214]}
07-01 13:04:30.733  2799  2854 E PlayCommon: [149] adnc.d(292): Failed to upload logs: javax.net.ssl.SSLProtocolException: Read error: ssl=0xa581c900: Failure in SSL library, usually a protocol error
07-01 13:04:30.733  2799  2854 E PlayCommon: error:100000d7:SSL routines:OPENSSL_internal:SSL_HANDSHAKE_FAILURE (external/boringssl/src/ssl/ssl_lib.cc:717 0xa3534dc3:0x00000000)
07-01 13:04:32.424  1604  2952 D NetworkMonitor/NetworkAgentInfo [WIFI () - 101]: PROBE_FALLBACK http://play.googleapis.com/generate_204 time=5214ms ret=204 request={User-Agent=[Mozilla/5.0 (X11; Linux x86_64) AppleWebKit/537.36 (KHTML, like Gecko) Chrome/60.0.3112.32 Safari/537.36]} headers={null=[HTTP/1.1 204 No Content], Content-Length=[0], Date=[Mon, 01 Jul 2019 17:04:28 GMT], X-Android-Received-Millis=[1562000672424], X-Android-Response-Source=[NETWORK 204], X-Android-Selected-Protocol=[http/1.1], X-Android-Sent-Millis=[1562000667211]}
07-01 13:04:33.919  1604  4218 I WifiService: acquireWifiLock uid=10014 lockMode=2
07-01 13:04:33.924  1604  1617 E memtrack: Couldn't load memtrack module
07-01 13:04:33.924  1604  1617 W android.os.Debug: failed to get memory consumption info: -1
07-01 13:04:33.959  1970  1970 I GeofencerStateMachine: sendNewTransitions called.
07-01 13:04:33.971  1604  4218 I WifiService: releaseWifiLock uid=10014
07-01 13:04:34.022  1604  1617 E memtrack: Couldn't load memtrack module
07-01 13:04:34.022  1604  1617 W android.os.Debug: failed to get memory consumption info: -1
07-01 13:04:34.858  1604  1682 D ConnectivityService: handleLingerComplete for NetworkAgentInfo [WIFI () - 101]
07-01 13:04:36.130  1970 15720 V NativeCrypto: SSL handshake terminated: ssl=0x8c319a98: I/O error during system call, No such file or directory
07-01 13:04:41.017  1604 15909 D NetworkMonitor/NetworkAgentInfo [WIFI () - 101]: PROBE_HTTPS https://www.google.com/generate_204 Probe failed with exception java.io.IOException: unexpected end of stream on com.android.okhttp.Address@805c5443
07-01 13:04:41.018  1604  1682 D ConnectivityService: NetworkAgentInfo [WIFI () - 101] validation failed
07-01 13:04:41.019  1604  1678 D WifiStateMachine: NETWORK_STATUS_UNWANTED_VALIDATION_FAILED
07-01 13:04:45.028  1604 15913 D NetworkMonitor/NetworkAgentInfo [WIFI () - 101]: PROBE_DNS www.google.com 4ms OK 172.217.28.228,2800:3f0:4001:801::2004
07-01 13:04:45.028  1604 15914 D NetworkMonitor/NetworkAgentInfo [WIFI () - 101]: PROBE_DNS connectivitycheck.gstatic.com 4ms OK 172.217.172.131,2800:3f0:4001:81a::2003
07-01 13:04:45.137  1970 15896 E WakeLock: GCM_HB_ALARM release without a matched acquire!
07-01 13:04:45.137  1970 15896 W WakeLock: GCM_HB_ALARM counter does not exist
07-01 13:04:47.913  1410  1410 I boot-pipe: done populating /dev/random
07-01 13:04:54.940  1604  3925 I WifiService: acquireWifiLock uid=10014 lockMode=2
07-01 13:04:54.947  1604  1617 E memtrack: Couldn't load memtrack module
07-01 13:04:54.947  1604  1617 W android.os.Debug: failed to get memory consumption info: -1
07-01 13:04:55.033  1604 15914 D NetworkMonitor/NetworkAgentInfo [WIFI () - 101]: PROBE_HTTP http://connectivitycheck.gstatic.com/generate_204 Probe failed with exception java.net.SocketTimeoutException: timeout
07-01 13:04:55.319  1970 15720 W Conscrypt: Could not set socket write timeout: java.net.SocketException: Socket closed
07-01 13:04:55.320  1970 15720 W Conscrypt: 	at com.google.android.gms.org.conscrypt.Platform.setSocketWriteTimeout(:com.google.android.gms@17785022@17.7.85 (040700-253824076):2)
07-01 13:04:55.320  1970 15720 W Conscrypt: 	at com.google.android.gms.org.conscrypt.ConscryptFileDescriptorSocket.setSoWriteTimeout(:com.google.android.gms@17785022@17.7.85 (040700-253824076):2)
07-01 13:04:55.784  1604  2952 D NetworkMonitor/NetworkAgentInfo [WIFI () - 101]: PROBE_FALLBACK http://play.googleapis.com/generate_204 time=7758ms ret=204 request={User-Agent=[Mozilla/5.0 (X11; Linux x86_64) AppleWebKit/537.36 (KHTML, like Gecko) Chrome/60.0.3112.32 Safari/537.36]} headers={null=[HTTP/1.1 204 No Content], Content-Length=[0], Date=[Mon, 01 Jul 2019 17:04:48 GMT], X-Android-Received-Millis=[1562000695784], X-Android-Response-Source=[NETWORK 204], X-Android-Selected-Protocol=[http/1.1], X-Android-Sent-Millis=[1562000688027]}
07-01 13:04:57.924  1604  9404 D WificondControl: Scan result ready event
07-01 13:04:57.969  1604  7252 I WifiService: releaseWifiLock uid=10014
07-01 13:04:58.987  1970 15917 V NativeCrypto: SSL handshake terminated: ssl=0xa57ed608: I/O error during system call, No such file or directory
07-01 13:04:58.988  1970 15917 E WakeLock: GCM_HB_ALARM release without a matched acquire!
07-01 13:04:58.988  1970 15917 W WakeLock: GCM_HB_ALARM counter does not exist
07-01 13:04:58.989  1604  1682 D ConnectivityService: reportNetworkConnectivity(100, false) by 10014
07-01 13:04:58.990  1604  2293 D NetworkMonitor/NetworkAgentInfo [MOBILE (GPRS) - 100]: Forcing reevaluation for UID 10014
07-01 13:04:59.001  1970 15917 W WakeLock: GCM_CONN_ALARM counter does not exist
07-01 13:04:59.048  1604 15922 D NetworkMonitor/NetworkAgentInfo [MOBILE (GPRS) - 100]: PROBE_DNS www.google.com 54ms OK 172.217.28.228,2800:3f0:4001:801::2004
07-01 13:04:59.056  1604 15923 D NetworkMonitor/NetworkAgentInfo [MOBILE (GPRS) - 100]: PROBE_DNS connectivitycheck.gstatic.com 65ms OK 172.217.172.131,2800:3f0:4001:81a::2003
07-01 13:05:00.028  1403  1418 D hwcomposer: hw_composer sent 12 syncs in 60s
07-01 13:05:02.864  1970 15720 V NativeCrypto: SSL handshake terminated: ssl=0x8c319a98: I/O error during system call, No such file or directory
07-01 13:05:04.495  1604 15923 D NetworkMonitor/NetworkAgentInfo [MOBILE (GPRS) - 100]: PROBE_HTTP http://connectivitycheck.gstatic.com/generate_204 time=5435ms ret=204 request={User-Agent=[Mozilla/5.0 (X11; Linux x86_64) AppleWebKit/537.36 (KHTML, like Gecko) Chrome/60.0.3112.32 Safari/537.36]} headers={null=[HTTP/1.1 204 No Content], Content-Length=[0], Date=[Mon, 01 Jul 2019 17:05:03 GMT], X-Android-Received-Millis=[1562000704494], X-Android-Response-Source=[NETWORK 204], X-Android-Selected-Protocol=[http/1.1], X-Android-Sent-Millis=[1562000701040]}
07-01 13:05:07.848  1970 15720 W Conscrypt: Could not set socket write timeout: java.net.SocketException: Socket closed
07-01 13:05:07.849  1970 15720 W Conscrypt: 	at com.google.android.gms.org.conscrypt.Platform.setSocketWriteTimeout(:com.google.android.gms@17785022@17.7.85 (040700-253824076):2)
07-01 13:05:07.849  1970 15720 W Conscrypt: 	at com.google.android.gms.org.conscrypt.ConscryptFileDescriptorSocket.setSoWriteTimeout(:com.google.android.gms@17785022@17.7.85 (040700-253824076):2)
07-01 13:05:08.086  1604 15922 D NetworkMonitor/NetworkAgentInfo [MOBILE (GPRS) - 100]: PROBE_HTTPS https://www.google.com/generate_204 time=9036ms ret=204 request={User-Agent=[Mozilla/5.0 (X11; Linux x86_64) AppleWebKit/537.36 (KHTML, like Gecko) Chrome/60.0.3112.32 Safari/537.36]} headers={null=[HTTP/1.1 204 No Content], Alt-Svc=[quic=":443"; ma=2592000; v="46,44,43,39"], Content-Length=[0], Date=[Mon, 01 Jul 2019 17:05:07 GMT], X-Android-Received-Millis=[1562000708086], X-Android-Response-Source=[NETWORK 204], X-Android-Selected-Protocol=[http/1.1], X-Android-Sent-Millis=[1562000704399]}
07-01 13:05:10.934  1604 15913 D NetworkMonitor/NetworkAgentInfo [WIFI () - 101]: PROBE_HTTPS https://www.google.com/generate_204 Probe failed with exception java.net.SocketTimeoutException: failed to connect to www.google.com/2800:3f0:4001:801::2004 (port 443) from /fec0::3578:9eaa:f2d6:1f0d (port 45200) after 10000ms
07-01 13:05:10.935  1604  1682 D ConnectivityService: NetworkAgentInfo [WIFI () - 101] validation failed
07-01 13:05:10.937  1604  1678 D WifiStateMachine: NETWORK_STATUS_UNWANTED_VALIDATION_FAILED
07-01 13:05:14.423  2180 15601 V NativeCrypto: SSL shutdown failed: ssl=0x8006a798: I/O error during system call, Software caused connection abort
07-01 13:05:14.948  1604  4218 I WifiService: acquireWifiLock uid=10014 lockMode=2
07-01 13:05:14.980  1970  1970 I GeofencerStateMachine: sendNewTransitions called.
07-01 13:05:15.004  1604  4218 I WifiService: releaseWifiLock uid=10014
07-01 13:05:18.953  1604 15934 D NetworkMonitor/NetworkAgentInfo [WIFI () - 101]: PROBE_DNS www.google.com 9ms OK 172.217.28.228,2800:3f0:4001:801::2004
07-01 13:05:18.960  1604 15935 D NetworkMonitor/NetworkAgentInfo [WIFI () - 101]: PROBE_DNS connectivitycheck.gstatic.com 16ms OK 172.217.172.131,2800:3f0:4001:81a::2003
07-01 13:05:22.018  1604  2293 D NetworkMonitor/NetworkAgentInfo [MOBILE (GPRS) - 100]: PROBE_FALLBACK http://www.google.com/gen_204 Probe failed with exception java.net.SocketTimeoutException: failed to connect to www.google.com/2800:3f0:4001:801::2004 (port 80) from /fec0::61c0:be63:220a:c027 (port 51037) after 10000ms
07-01 13:05:22.019  1604  1682 D ConnectivityService: NetworkAgentInfo [MOBILE (GPRS) - 100] validation passed
07-01 13:05:27.287  1970 15720 V NativeCrypto: SSL handshake terminated: ssl=0x8c319a98: I/O error during system call, No such file or directory
07-01 13:05:28.021  1970 15932 V NativeCrypto: SSL handshake terminated: ssl=0x8bdf02a8: I/O error during system call, No such file or directory
07-01 13:05:28.726 15836 15931 I Dialer  : SpamAsyncTaskUtil.onNext - gRPC data received from server
07-01 13:05:28.727 15836 15931 I Dialer  : SpamAsyncTaskUtil.onNext - updated spam list for countryIso: us  blacklist version: 1561990640000
07-01 13:05:28.941 15836 15931 I Dialer  : SpamDatabaseHelper.bulkInsertNumbersToServerTable - inserted 72 numbers into the server spam list.
07-01 13:05:29.104 15836 15931 I Dialer  : SpamDatabaseHelper.bulkDeleteNumbersFromServerTable - removed 72 numbers from the server spam list.
07-01 13:05:29.201 15836 15931 I Dialer  : SpamAsyncTaskUtil.onNext - updated spam list with difference list to blacklist version: 1561990640000
07-01 13:05:29.205 15836 15931 I Dialer  : SpamAsyncTaskUtil.onCompleted - gRPC blocked list fetching completed.
07-01 13:05:31.618  1970 15720 W Conscrypt: Could not set socket write timeout: java.net.SocketException: Socket closed
07-01 13:05:31.618  1970 15720 W Conscrypt: 	at com.google.android.gms.org.conscrypt.Platform.setSocketWriteTimeout(:com.google.android.gms@17785022@17.7.85 (040700-253824076):2)
07-01 13:05:31.618  1970 15720 W Conscrypt: 	at com.google.android.gms.org.conscrypt.ConscryptFileDescriptorSocket.setSoWriteTimeout(:com.google.android.gms@17785022@17.7.85 (040700-253824076):2)
07-01 13:05:34.955  1604  9404 I WifiService: acquireWifiLock uid=10014 lockMode=2
07-01 13:05:37.707  1604  2952 D NetworkMonitor/NetworkAgentInfo [WIFI () - 101]: PROBE_FALLBACK http://www.google.com/gen_204 Probe failed with exception java.net.SocketTimeoutException: timeout
07-01 13:05:37.953  1604  7252 D WificondControl: Scan result ready event
07-01 13:05:37.998  1604  7252 I WifiService: releaseWifiLock uid=10014
07-01 13:05:38.250  1604  1613 I zygote  : Background concurrent copying GC freed 86485(4MB) AllocSpace objects, 6(396KB) LOS objects, 15% free, 32MB/38MB, paused 2.621ms total 272.832ms
07-01 13:05:38.638  1604 15935 D NetworkMonitor/NetworkAgentInfo [WIFI () - 101]: PROBE_HTTP http://connectivitycheck.gstatic.com/generate_204 Probe failed with exception java.net.SocketTimeoutException: timeout
07-01 13:05:43.006 13765 13852 E GoogleConversionReporter: Error sending ping
07-01 13:05:43.006 13765 13852 E GoogleConversionReporter: bdgp: Exception in CronetUrlRequest: net::ERR_CONNECTION_CLOSED, ErrorCode=5, InternalErrorCode=-100, Retryable=true
07-01 13:05:43.006 13765 13852 E GoogleConversionReporter: 	at org.chromium.net.impl.CronetUrlRequest.onError(SourceFile:175)
07-01 13:05:47.914  1410  1410 I boot-pipe: done populating /dev/random
07-01 13:05:48.048  1970 15932 E WakeLock: GCM_HB_ALARM release without a matched acquire!
07-01 13:05:48.048  1970 15932 W WakeLock: GCM_HB_ALARM counter does not exist
07-01 13:05:48.175  1604 15934 D NetworkMonitor/NetworkAgentInfo [WIFI () - 101]: PROBE_HTTPS https://www.google.com/generate_204 Probe failed with exception java.net.SocketTimeoutException: failed to connect to www.google.com/2800:3f0:4001:801::2004 (port 443) from /fec0::3578:9eaa:f2d6:1f0d (port 45212) after 10000ms
07-01 13:05:48.176  1604  1682 D ConnectivityService: NetworkAgentInfo [WIFI () - 101] validation failed
07-01 13:05:48.177  1604  1678 D WifiStateMachine: NETWORK_STATUS_UNWANTED_VALIDATION_FAILED
07-01 13:05:53.695  1970  2586 I GeofencerStateMachine: addGeofences called by com.google.android.apps.maps
07-01 13:05:53.794  1604  9404 I WifiService: getWifiEnabledState uid=10062
07-01 13:05:53.899  1970  2406 W ResourceType: ResTable_typeSpec entry count inconsistent: given 15, previously 22
07-01 13:05:55.976  1604  9404 I WifiService: acquireWifiLock uid=10014 lockMode=2
07-01 13:05:56.048  1970  1970 I GeofencerStateMachine: sendNewTransitions called.
07-01 13:05:56.085  1604  4218 I WifiService: releaseWifiLock uid=10014
07-01 13:05:56.107  1970  1970 W ChimeraUtils: Non Chimera context
