06-29 11:21:08.596  1390  2659 W audio_hw_generic: Not supplying enough data to HAL, expected position 81203857 , only wrote 81203760
06-29 11:21:08.611  1473  1561 D AudioFlinger: mixer(0xa6c83380) throttle end: throttle time(7)
06-29 11:21:08.614  1481 16943 I NuPlayerDecoder: [audio] saw output EOS
06-29 11:21:08.616  1481 16942 D AudioTrack: stop() called with 132300 frames delivered
06-29 11:21:08.798  1473  1561 D AudioFlinger: mixer(0xa6c83380) throttle end: throttle time(5)
06-29 11:21:08.957  1390  2659 W audio_hw_generic: Not supplying enough data to HAL, expected position 81221076 , only wrote 81220320
06-29 11:21:08.958  1390  2659 W audio_hw_generic: Not supplying enough data to HAL, expected position 81220382 , only wrote 81220320
06-29 11:21:09.071  1481 16939 D NuPlayerDriver: notifyListener_l(0xa8ca5c40), (2, 0, 0, -1), loop setting(1, 0)
06-29 11:21:09.088  1481 16943 I NuPlayerDecoder: [OMX.google.vorbis.decoder] resubmitting CSD
06-29 11:21:09.089  1481 16943 I NuPlayerDecoder: [OMX.google.vorbis.decoder] resubmitting CSD
06-29 11:21:09.109  1481 16939 D NuPlayerDriver: notifyListener_l(0xa8ca5c40), (6, 0, 0, -1), loop setting(1, 0)
06-29 11:21:09.156  1481 16942 W AudioTrack: getTimestamp() location moved from kernel to server
06-29 11:21:09.159  1600  5378 D WificondControl: Scan result ready event
06-29 11:21:09.179  1481 16942 W AudioTrack: retrograde timestamp position corrected, -1058 = 0 - 1058
06-29 11:21:09.328  1481 16942 W AudioTrack: getTimestamp() location moved from kernel to server
06-29 11:21:09.400  1600  5065 I WifiService: releaseWifiLock uid=10014
06-29 11:21:09.614  3472  3482 I zygote  : Background concurrent copying GC freed 344751(7MB) AllocSpace objects, 0(0B) LOS objects, 24% free, 18MB/24MB, paused 2.510ms total 784.457ms
06-29 11:21:09.627  1481 16942 W AudioTrack: getTimestamp() location moved from kernel to server
06-29 11:21:09.627  1390  2659 W audio_hw_generic: Not supplying enough data to HAL, expected position 81252435 , only wrote 81252000
06-29 11:21:09.655  1481 16942 W AudioTrack: retrograde timestamp position corrected, -281 = 19272 - 19553
06-29 11:21:09.916  1390  2659 W audio_hw_generic: Not supplying enough data to HAL, expected position 81265835 , only wrote 81264240
06-29 11:21:09.919  1390  2659 W audio_hw_generic: Not supplying enough data to HAL, expected position 81264412 , only wrote 81264240
06-29 11:21:09.948  1473  1561 D AudioFlinger: mixer(0xa6c83380) throttle end: throttle time(12)
06-29 11:21:09.953  1390  2659 W audio_hw_generic: Not supplying enough data to HAL, expected position 81265879 , only wrote 81264960
06-29 11:21:09.966  1481 16942 W AudioTrack: getTimestamp() location moved from kernel to server
06-29 11:21:10.057  1481 16942 W AudioTrack: getTimestamp() location moved from kernel to server
06-29 11:21:10.075  1390  2659 W audio_hw_generic: Not supplying enough data to HAL, expected position 81270798 , only wrote 81270720
06-29 11:21:10.600  1390  2659 W audio_hw_generic: Not supplying enough data to HAL, expected position 81295929 , only wrote 81295920
06-29 11:21:10.602  1390  2659 W audio_hw_generic: Not supplying enough data to HAL, expected position 81295994 , only wrote 81295920
06-29 11:21:10.624  1390  2659 W audio_hw_generic: Not supplying enough data to HAL, expected position 81297003 , only wrote 81296640
06-29 11:21:10.676  1473  1561 D AudioFlinger: mixer(0xa6c83380) throttle end: throttle time(11)
06-29 11:21:10.700  1390  2659 W audio_hw_generic: Not supplying enough data to HAL, expected position 81300276 , only wrote 81300240
06-29 11:21:10.838  1390  2659 W audio_hw_generic: Not supplying enough data to HAL, expected position 81306834 , only wrote 81305280
06-29 11:21:10.838  1390  2659 W audio_hw_generic: Not supplying enough data to HAL, expected position 81305289 , only wrote 81305280
06-29 11:21:10.854  1390  2659 W audio_hw_generic: Not supplying enough data to HAL, expected position 81306068 , only wrote 81306000
06-29 11:21:10.886  1473  1561 D AudioFlinger: mixer(0xa6c83380) throttle end: throttle time(18)
06-29 11:21:11.293  1390  2659 W audio_hw_generic: Not supplying enough data to HAL, expected position 81327069 , only wrote 81326880
06-29 11:21:11.312  1390  2659 W audio_hw_generic: Not supplying enough data to HAL, expected position 81327764 , only wrote 81327600
06-29 11:21:11.312  1390  2659 W audio_hw_generic: Not supplying enough data to HAL, expected position 81327632 , only wrote 81327600
06-29 11:21:11.337  1390  2659 W audio_hw_generic: Not supplying enough data to HAL, expected position 81328771 , only wrote 81328320
06-29 11:21:11.617  1390  2659 W audio_hw_generic: Not supplying enough data to HAL, expected position 81341762 , only wrote 81341280
06-29 11:21:11.618  1390  2659 W audio_hw_generic: Not supplying enough data to HAL, expected position 81341352 , only wrote 81341280
06-29 11:21:11.634  1390  2659 W audio_hw_generic: Not supplying enough data to HAL, expected position 81342033 , only wrote 81342000
06-29 11:21:11.792  1481 16943 I NuPlayerDecoder: [audio] saw output EOS
06-29 11:21:11.793  1481 16942 D AudioTrack: stop() called with 132300 frames delivered
06-29 11:21:11.796  1473  1561 D AudioFlinger: mixer(0xa6c83380) throttle end: throttle time(1)
06-29 11:21:11.811  1390  2659 W audio_hw_generic: Hardware backing HAL too slow, could only write 0 of 720 frames
06-29 11:21:12.331  1481 16939 D NuPlayerDriver: notifyListener_l(0xa8ca5c40), (2, 0, 0, -1), loop setting(1, 0)
06-29 11:21:12.347  1481 16943 I NuPlayerDecoder: [OMX.google.vorbis.decoder] resubmitting CSD
06-29 11:21:12.348  1481 16943 I NuPlayerDecoder: [OMX.google.vorbis.decoder] resubmitting CSD
06-29 11:21:12.359  1481 16939 D NuPlayerDriver: notifyListener_l(0xa8ca5c40), (6, 0, 0, -1), loop setting(1, 0)
06-29 11:21:12.409  1481 16942 W AudioTrack: getTimestamp() location moved from kernel to server
06-29 11:21:12.441  1481 16942 W AudioTrack: retrograde timestamp position corrected, -1058 = 0 - 1058
06-29 11:21:12.647  1390  2659 W audio_hw_generic: Not supplying enough data to HAL, expected position 81390643 , only wrote 81390240
06-29 11:21:12.648  1390  2659 W audio_hw_generic: Not supplying enough data to HAL, expected position 81390282 , only wrote 81390240
06-29 11:21:12.665  1390  2659 W audio_hw_generic: Not supplying enough data to HAL, expected position 81391041 , only wrote 81390960
06-29 11:21:12.728  3472  3482 I zygote  : Background concurrent copying GC freed 327569(7MB) AllocSpace objects, 0(0B) LOS objects, 23% free, 19MB/25MB, paused 1.824ms total 1.053s
06-29 11:21:12.952  1390  2659 W audio_hw_generic: Not supplying enough data to HAL, expected position 81404622 , only wrote 81403200
06-29 11:21:12.953  1390  2659 W audio_hw_generic: Not supplying enough data to HAL, expected position 81403347 , only wrote 81403200
06-29 11:21:12.968  1390  2659 W audio_hw_generic: Not supplying enough data to HAL, expected position 81403944 , only wrote 81403920
06-29 11:21:12.983  1473  1561 D AudioFlinger: mixer(0xa6c83380) throttle end: throttle time(12)
06-29 11:21:13.049  1390  2659 W audio_hw_generic: Hardware backing HAL too slow, could only write 0 of 720 frames
06-29 11:21:13.108  1390  2659 W audio_hw_generic: Not supplying enough data to HAL, expected position 81410614 , only wrote 81410400
06-29 11:21:13.114  1473  1561 D AudioFlinger: mixer(0xa6c83380) throttle end: throttle time(12)
06-29 11:21:13.125  1600  1617 I WifiService: requestActivityInfo uid=1000
06-29 11:21:13.125  1600  1617 I WifiService: reportActivityInfo uid=1000
06-29 11:21:13.125  1600  1617 I WifiService: getSupportedFeatures uid=1000
06-29 11:21:13.413  1390  2659 W audio_hw_generic: Not supplying enough data to HAL, expected position 81425050 , only wrote 81424800
06-29 11:21:13.414  1390  2659 W audio_hw_generic: Not supplying enough data to HAL, expected position 81424836 , only wrote 81424800
06-29 11:21:13.439  1600  1617 I WifiService: requestActivityInfo uid=1000
06-29 11:21:13.439  1600  1617 I WifiService: reportActivityInfo uid=1000
06-29 11:21:13.439  1600  1617 I WifiService: getSupportedFeatures uid=1000
06-29 11:21:13.686  1390  2659 W audio_hw_generic: Not supplying enough data to HAL, expected position 81437878 , only wrote 81437760
06-29 11:21:13.687  1390  2659 W audio_hw_generic: Not supplying enough data to HAL, expected position 81437800 , only wrote 81437760
06-29 11:21:13.705  1390  2659 W audio_hw_generic: Not supplying enough data to HAL, expected position 81438646 , only wrote 81438480
06-29 11:21:14.382  1390  2659 W audio_hw_generic: Not supplying enough data to HAL, expected position 81470951 , only wrote 81467280
06-29 11:21:14.383  1390  2659 W audio_hw_generic: Not supplying enough data to HAL, expected position 81467317 , only wrote 81467280
06-29 11:21:14.399  1390  2659 W audio_hw_generic: Not supplying enough data to HAL, expected position 81468060 , only wrote 81468000
06-29 11:21:14.407  1473  1561 D AudioFlinger: mixer(0xa6c83380) throttle end: throttle time(11)
06-29 11:21:14.697  1481 16942 W AudioTrack: getTimestamp() location moved from kernel to server
06-29 11:21:14.750  1390  2659 W audio_hw_generic: Not supplying enough data to HAL, expected position 81484834 , only wrote 81484560
06-29 11:21:14.947  1390  2659 W audio_hw_generic: Not supplying enough data to HAL, expected position 81494017 , only wrote 81493920
06-29 11:21:14.988  1473  1561 D AudioFlinger: mixer(0xa6c83380) throttle end: throttle time(4)
06-29 11:21:15.062  1481 16943 I NuPlayerDecoder: [audio] saw output EOS
06-29 11:21:15.063  1481 16942 D AudioTrack: stop() called with 132300 frames delivered
06-29 11:21:15.149  1390  2659 W audio_hw_generic: Not supplying enough data to HAL, expected position 81503641 , only wrote 81503280
06-29 11:21:15.167  1390  2659 W audio_hw_generic: Not supplying enough data to HAL, expected position 81504137 , only wrote 81504000
06-29 11:21:15.249  3472  3482 I zygote  : Background concurrent copying GC freed 388954(8MB) AllocSpace objects, 0(0B) LOS objects, 25% free, 17MB/23MB, paused 12.607ms total 399.189ms
06-29 11:21:15.577  1481 16939 D NuPlayerDriver: notifyListener_l(0xa8ca5c40), (2, 0, 0, -1), loop setting(1, 0)
06-29 11:21:15.598  1481 16943 I NuPlayerDecoder: [OMX.google.vorbis.decoder] resubmitting CSD
06-29 11:21:15.599  1481 16943 I NuPlayerDecoder: [OMX.google.vorbis.decoder] resubmitting CSD
06-29 11:21:15.608  1481 16939 D NuPlayerDriver: notifyListener_l(0xa8ca5c40), (6, 0, 0, -1), loop setting(1, 0)
06-29 11:21:15.663  1481 16942 W AudioTrack: getTimestamp() location moved from kernel to server
06-29 11:21:15.697  1481 16942 W AudioTrack: retrograde timestamp position corrected, -1058 = 0 - 1058
06-29 11:21:15.771  1390  2659 W audio_hw_generic: Not supplying enough data to HAL, expected position 81532988 , only wrote 81532800
06-29 11:21:15.771  1390  2659 W audio_hw_generic: Not supplying enough data to HAL, expected position 81532810 , only wrote 81532800
06-29 11:21:15.786  1390  2659 W audio_hw_generic: Not supplying enough data to HAL, expected position 81533523 , only wrote 81533520
06-29 11:21:15.797  1473  1561 D AudioFlinger: mixer(0xa6c83380) throttle end: throttle time(11)
06-29 11:21:15.955  1390  2659 W audio_hw_generic: Not supplying enough data to HAL, expected position 81541633 , only wrote 81541440
06-29 11:21:15.957  1390  2659 W audio_hw_generic: Not supplying enough data to HAL, expected position 81541504 , only wrote 81541440
06-29 11:21:15.977  1390  2659 W audio_hw_generic: Not supplying enough data to HAL, expected position 81542418 , only wrote 81542160
06-29 11:21:16.001  1473  1561 D AudioFlinger: mixer(0xa6c83380) throttle end: throttle time(7)
06-29 11:21:16.037  1390  2659 W audio_hw_generic: Not supplying enough data to HAL, expected position 81545041 , only wrote 81545040
06-29 11:21:16.054  1390  2659 W audio_hw_generic: Not supplying enough data to HAL, expected position 81545866 , only wrote 81545760
06-29 11:21:16.077  1473  1561 D AudioFlinger: mixer(0xa6c83380) throttle end: throttle time(3)
06-29 11:21:16.332  1390  2659 W audio_hw_generic: Not supplying enough data to HAL, expected position 81559099 , only wrote 81558000
06-29 11:21:16.332  1390  2659 W audio_hw_generic: Not supplying enough data to HAL, expected position 81558009 , only wrote 81558000
06-29 11:21:16.348  1390  2659 W audio_hw_generic: Not supplying enough data to HAL, expected position 81558736 , only wrote 81558720
06-29 11:21:16.360  1473  1561 D AudioFlinger: mixer(0xa6c83380) throttle end: throttle time(12)
06-29 11:21:16.483  1473  1561 D AudioFlinger: mixer(0xa6c83380) throttle end: throttle time(4)
06-29 11:21:16.684  1390  2659 W audio_hw_generic: Not supplying enough data to HAL, expected position 81574847 , only wrote 81574560
06-29 11:21:17.347  1390  2659 W audio_hw_generic: Not supplying enough data to HAL, expected position 81606402 , only wrote 81604080
06-29 11:21:17.390  1390  2659 W audio_hw_generic: Not supplying enough data to HAL, expected position 81606145 , only wrote 81605520
06-29 11:21:17.485  3472  3482 I zygote  : Background concurrent copying GC freed 291812(6MB) AllocSpace objects, 0(0B) LOS objects, 26% free, 17MB/23MB, paused 4.421ms total 384.451ms
06-29 11:21:17.619  1390  2659 W audio_hw_generic: Not supplying enough data to HAL, expected position 81616507 , only wrote 81616320
06-29 11:21:17.620  1390  2659 W audio_hw_generic: Not supplying enough data to HAL, expected position 81616355 , only wrote 81616320
06-29 11:21:17.652  1390  2659 W audio_hw_generic: Not supplying enough data to HAL, expected position 81617884 , only wrote 81617040
06-29 11:21:17.658  1473  1561 D AudioFlinger: mixer(0xa6c83380) throttle end: throttle time(6)
06-29 11:21:17.813  1390  2659 W audio_hw_generic: Not supplying enough data to HAL, expected position 81624769 , only wrote 81624240
06-29 11:21:17.814  1390  2659 W audio_hw_generic: Not supplying enough data to HAL, expected position 81624279 , only wrote 81624240
06-29 11:21:17.830  1390  2659 W audio_hw_generic: Not supplying enough data to HAL, expected position 81624986 , only wrote 81624960
06-29 11:21:17.852  1473  1561 D AudioFlinger: mixer(0xa6c83380) throttle end: throttle time(8)
06-29 11:21:18.161  1390  2659 W audio_hw_generic: Not supplying enough data to HAL, expected position 81640845 , only wrote 81640800
06-29 11:21:18.166  1390  2659 W audio_hw_generic: Not supplying enough data to HAL, expected position 81641040 , only wrote 81640800
06-29 11:21:18.242  1390  2659 W audio_hw_generic: Not supplying enough data to HAL, expected position 81644449 , only wrote 81644400
06-29 11:21:18.242  1390  2659 W audio_hw_generic: Not supplying enough data to HAL, expected position 81644431 , only wrote 81644400
06-29 11:21:18.258  1390  2659 W audio_hw_generic: Not supplying enough data to HAL, expected position 81645168 , only wrote 81645120
06-29 11:21:18.318  1481 16943 I NuPlayerDecoder: [audio] saw output EOS
06-29 11:21:18.319  1481 16942 D AudioTrack: stop() called with 132300 frames delivered
06-29 11:21:18.842  1481 16939 D NuPlayerDriver: notifyListener_l(0xa8ca5c40), (2, 0, 0, -1), loop setting(1, 0)
06-29 11:21:18.848  1390  2659 W audio_hw_generic: Not supplying enough data to HAL, expected position 81673394 , only wrote 81672480
06-29 11:21:18.850  1390  2659 W audio_hw_generic: Not supplying enough data to HAL, expected position 81672593 , only wrote 81672480
06-29 11:21:18.867  1390  2659 W audio_hw_generic: Not supplying enough data to HAL, expected position 81673266 , only wrote 81673200
06-29 11:21:18.869  1481 16943 I NuPlayerDecoder: [OMX.google.vorbis.decoder] resubmitting CSD
06-29 11:21:18.870  1481 16943 I NuPlayerDecoder: [OMX.google.vorbis.decoder] resubmitting CSD
06-29 11:21:18.879  1481 16939 D NuPlayerDriver: notifyListener_l(0xa8ca5c40), (6, 0, 0, -1), loop setting(1, 0)
06-29 11:21:18.889  1481 16942 W NuPlayerRenderer: getPendingAudioPlayoutDurationUs: pendingUs -640 < 0, clamping to zero, potential resume after pause writtenAudioDurationUs: 5804, audioSinkPlayedUs: 6444
06-29 11:21:18.912  1481 16942 W NuPlayerRenderer: getPendingAudioPlayoutDurationUs: pendingUs -12607 < 0, clamping to zero, potential resume after pause writtenAudioDurationUs: 17414, audioSinkPlayedUs: 30021
06-29 11:21:18.958  1481 16942 W NuPlayerRenderer: getPendingAudioPlayoutDurationUs: pendingUs -17782 < 0, clamping to zero, potential resume after pause writtenAudioDurationUs: 26122, audioSinkPlayedUs: 43904
06-29 11:21:18.971  1390  2659 W audio_hw_generic: Not supplying enough data to HAL, expected position 81678230 , only wrote 81677520
06-29 11:21:19.023  1390  2659 W audio_hw_generic: Not supplying enough data to HAL, expected position 81680021 , only wrote 81678960
06-29 11:21:19.068  1390  2659 W audio_hw_generic: Not supplying enough data to HAL, expected position 81681133 , only wrote 81679680
06-29 11:21:19.071  1473  1561 D AudioFlinger: mixer(0xa6c83380) throttle end: throttle time(12)
06-29 11:21:19.090  1390  2659 W audio_hw_generic: Not supplying enough data to HAL, expected position 81680736 , only wrote 81680400
06-29 11:21:19.138  1390  2659 W audio_hw_generic: Not supplying enough data to HAL, expected position 81682686 , only wrote 81681840
06-29 11:21:19.145  1481 16942 W AudioTrack: retrograde timestamp position corrected, -132 = 1775 - 1907
06-29 11:21:19.233  1406  1406 I boot-pipe: done populating /dev/random
06-29 11:21:19.311  1390  2659 W audio_hw_generic: Not supplying enough data to HAL, expected position 81690168 , only wrote 81689760
06-29 11:21:19.312  1390  2659 W audio_hw_generic: Not supplying enough data to HAL, expected position 81689797 , only wrote 81689760
06-29 11:21:19.328  1390  2659 W audio_hw_generic: Not supplying enough data to HAL, expected position 81690505 , only wrote 81690480
06-29 11:21:19.427  1481 16942 W AudioTrack: getTimestamp() location moved from kernel to server
06-29 11:21:19.454  1390  2659 W audio_hw_generic: Not supplying enough data to HAL, expected position 81696451 , only wrote 81694800
06-29 11:21:19.513  1390  2659 W audio_hw_generic: Not supplying enough data to HAL, expected position 81697723 , only wrote 81697680
06-29 11:21:19.514  1390  2659 W audio_hw_generic: Not supplying enough data to HAL, expected position 81697724 , only wrote 81697680
06-29 11:21:19.522  1481 16942 W AudioTrack: getTimestamp() location moved from kernel to server
06-29 11:21:19.531  1390  2659 W audio_hw_generic: Not supplying enough data to HAL, expected position 81698470 , only wrote 81698400
06-29 11:21:19.668  1390  2659 W audio_hw_generic: Not supplying enough data to HAL, expected position 81705010 , only wrote 81704160
06-29 11:21:19.668  1390  2659 W audio_hw_generic: Not supplying enough data to HAL, expected position 81704170 , only wrote 81704160
06-29 11:21:19.685  1390  2659 W audio_hw_generic: Not supplying enough data to HAL, expected position 81704938 , only wrote 81704880
06-29 11:21:19.794  1390  2659 W audio_hw_generic: Not supplying enough data to HAL, expected position 81710135 , only wrote 81709920
06-29 11:21:19.795  1390  2659 W audio_hw_generic: Not supplying enough data to HAL, expected position 81709945 , only wrote 81709920
06-29 11:21:19.811  1390  2659 W audio_hw_generic: Not supplying enough data to HAL, expected position 81710687 , only wrote 81710640
06-29 11:21:20.081  1473  1561 D AudioFlinger: mixer(0xa6c83380) throttle end: throttle time(1)
06-29 11:21:20.118  1473  1561 D AudioFlinger: mixer(0xa6c83380) throttle end: throttle time(7)
06-29 11:21:20.144  1390  2659 W audio_hw_generic: Not supplying enough data to HAL, expected position 81726638 , only wrote 81725760
06-29 11:21:20.649  1600  5065 I WifiService: getConnectionInfo uid=10014
06-29 11:21:20.657  1964 16841 E WakeLock: GCM_HB_ALARM release without a matched acquire!
06-29 11:21:20.807  1390  2659 W audio_hw_generic: Not supplying enough data to HAL, expected position 81757602 , only wrote 81755280
06-29 11:21:20.808  1390  2659 W audio_hw_generic: Not supplying enough data to HAL, expected position 81755310 , only wrote 81755280
06-29 11:21:20.840  1964 16851 V NativeCrypto: Read error: ssl=0xa622eb08: I/O error during system call, Connection reset by peer
06-29 11:21:20.841  1390  2659 W audio_hw_generic: Not supplying enough data to HAL, expected position 81756838 , only wrote 81756000
06-29 11:21:20.845  1964 16851 V NativeCrypto: SSL shutdown failed: ssl=0xa622eb08: I/O error during system call, Broken pipe
06-29 11:21:20.847  1964 16851 E WakeLock: GCM_HB_ALARM release without a matched acquire!
06-29 11:21:20.847  1964 16851 W WakeLock: GCM_HB_ALARM counter does not exist
06-29 11:21:20.888  1600  1678 D ConnectivityService: reportNetworkConnectivity(101, false) by 10014
06-29 11:21:20.891  1600  3204 D NetworkMonitor/NetworkAgentInfo [WIFI () - 101]: Forcing reevaluation for UID 10014
06-29 11:21:21.028  1473  1561 D AudioFlinger: mixer(0xa6c83380) throttle end: throttle time(3)
06-29 11:21:21.051  3472  3482 I zygote  : Background concurrent copying GC freed 275356(6MB) AllocSpace objects, 0(0B) LOS objects, 24% free, 18MB/24MB, paused 1.633ms total 956.601ms
06-29 11:21:21.055  1600 16958 D NetworkMonitor/NetworkAgentInfo [WIFI () - 101]: PROBE_DNS www.google.com 105ms OK 172.217.28.228,2800:3f0:4001:801::2004
06-29 11:21:21.149  1600 16959 D NetworkMonitor/NetworkAgentInfo [WIFI () - 101]: PROBE_DNS connectivitycheck.gstatic.com 201ms OK 172.217.172.131,2800:3f0:4001:81a::2003
06-29 11:21:21.150  1600 16958 D NetworkMonitor/NetworkAgentInfo [WIFI () - 101]: PROBE_HTTPS https://www.google.com/generate_204 time=89ms ret=204 request={User-Agent=[Mozilla/5.0 (X11; Linux x86_64) AppleWebKit/537.36 (KHTML, like Gecko) Chrome/60.0.3112.32 Safari/537.36]} headers={null=[HTTP/1.1 204 No Content], Alt-Svc=[quic=":443"; ma=2592000; v="46,44,43,39"], Content-Length=[0], Date=[Sat, 29 Jun 2019 15:21:20 GMT], X-Android-Received-Millis=[1561821681147], X-Android-Response-Source=[NETWORK 204], X-Android-Selected-Protocol=[http/1.1], X-Android-Sent-Millis=[1561821681064]}
06-29 11:21:21.156  1390  2659 W audio_hw_generic: Not supplying enough data to HAL, expected position 81771134 , only wrote 81771120
06-29 11:21:21.159  1600  1678 D ConnectivityService: NetworkAgentInfo [WIFI () - 101] validation passed
06-29 11:21:21.222  1600 16959 D NetworkMonitor/NetworkAgentInfo [WIFI () - 101]: PROBE_HTTP http://connectivitycheck.gstatic.com/generate_204 time=70ms ret=204 request={User-Agent=[Mozilla/5.0 (X11; Linux x86_64) AppleWebKit/537.36 (KHTML, like Gecko) Chrome/60.0.3112.32 Safari/537.36]} headers={null=[HTTP/1.1 204 No Content], Content-Length=[0], Date=[Sat, 29 Jun 2019 15:21:20 GMT], X-Android-Received-Millis=[1561821681222], X-Android-Response-Source=[NETWORK 204], X-Android-Selected-Protocol=[http/1.1], X-Android-Sent-Millis=[1561821681152]}
06-29 11:21:21.242  1473  1561 D AudioFlinger: mixer(0xa6c83380) throttle end: throttle time(9)
06-29 11:21:21.316  1390  2659 W audio_hw_generic: Not supplying enough data to HAL, expected position 81778813 , only wrote 81778320
06-29 11:21:21.410  1390  2659 W audio_hw_generic: Not supplying enough data to HAL, expected position 81782830 , only wrote 81782640
06-29 11:21:21.443  1390  2659 W audio_hw_generic: Not supplying enough data to HAL, expected position 81784215 , only wrote 81784080
06-29 11:21:21.489  1390  2659 W audio_hw_generic: Not supplying enough data to HAL, expected position 81786287 , only wrote 81786240
06-29 11:21:21.490  1390  2659 W audio_hw_generic: Not supplying enough data to HAL, expected position 81786280 , only wrote 81786240
06-29 11:21:21.513  1390  2659 W audio_hw_generic: Not supplying enough data to HAL, expected position 81787363 , only wrote 81786960
06-29 11:21:21.516  1473  1561 D AudioFlinger: mixer(0xa6c83380) throttle end: throttle time(7)
06-29 11:21:21.765  1390  2659 W audio_hw_generic: Not supplying enough data to HAL, expected position 81799030 , only wrote 81792720
06-29 11:21:21.766  1390  2659 W audio_hw_generic: Not supplying enough data to HAL, expected position 81792776 , only wrote 81792720
06-29 11:21:21.785  1390  2659 W audio_hw_generic: Not supplying enough data to HAL, expected position 81793645 , only wrote 81793440
06-29 11:21:21.793  1473  1561 D AudioFlinger: mixer(0xa6c83380) throttle end: throttle time(12)
06-29 11:21:21.815  1600  2206 I WifiService: getConnectionInfo uid=10014
06-29 11:21:21.854  1481 16943 I NuPlayerDecoder: [audio] saw output EOS
06-29 11:21:21.855  1481 16942 D AudioTrack: stop() called with 132300 frames delivered
06-29 11:21:22.132  1600  1847 I WifiService: getConnectionInfo uid=10014
06-29 11:21:22.227  1600  2206 I WifiService: getConnectionInfo uid=10014
06-29 11:21:22.388  1964  2544 I GeofencerStateMachine: addGeofences called by com.google.android.apps.maps
06-29 11:21:22.423  1481 16939 D NuPlayerDriver: notifyListener_l(0xa8ca5c40), (2, 0, 0, -1), loop setting(1, 0)
06-29 11:21:22.442  1481 16943 I NuPlayerDecoder: [OMX.google.vorbis.decoder] resubmitting CSD
06-29 11:21:22.447  1481 16943 I NuPlayerDecoder: [OMX.google.vorbis.decoder] resubmitting CSD
06-29 11:21:22.483  1481 16939 D NuPlayerDriver: notifyListener_l(0xa8ca5c40), (6, 0, 0, -1), loop setting(1, 0)
06-29 11:21:22.519  1481 16942 W AudioTrack: getTimestamp() location moved from kernel to server
06-29 11:21:22.519  1481 16942 W NuPlayerRenderer: getPendingAudioPlayoutDurationUs: pendingUs -23430 < 0, clamping to zero, potential resume after pause writtenAudioDurationUs: 17414, audioSinkPlayedUs: 40844
06-29 11:21:22.538  1600  2538 I GnssLocationProvider: WakeLock acquired by sendMessage(SET_REQUEST, 0, com.android.server.location.GnssLocationProvider$GpsRequest@ae8e641)
06-29 11:21:22.543  1481 16942 W AudioTrack: retrograde timestamp time corrected, 6779163958790 < 6779166732980
06-29 11:21:22.543  1481 16942 W AudioTrack: retrograde timestamp position corrected, -768 = 0 - 768
06-29 11:21:22.618  1600  1613 I GnssLocationProvider: WakeLock released by handleMessage(SET_REQUEST, 0, com.android.server.location.GnssLocationProvider$GpsRequest@ae8e641)
06-29 11:21:22.683  1964  1964 I GeofencerStateMachine: sendNewTransitions called.
06-29 11:21:22.798  1390  2659 W audio_hw_generic: Not supplying enough data to HAL, expected position 81842053 , only wrote 81840960
06-29 11:21:22.799  1390  2659 W audio_hw_generic: Not supplying enough data to HAL, expected position 81841032 , only wrote 81840960
06-29 11:21:22.801  1964  1964 I GeofencerStateMachine: sendNewTransitions called.
06-29 11:21:22.835  1600  7948 I WifiService: getWifiEnabledState uid=10062
06-29 11:21:22.845  1473  1561 D AudioFlinger: mixer(0xa6c83380) throttle end: throttle time(21)
06-29 11:21:22.894  1964  1964 I GeofencerStateMachine: sendNewLocationAvailability: availability=LocationAvailability[isLocationAvailable: true]
06-29 11:21:23.002  1600  5378 I GnssLocationProvider: WakeLock acquired by sendMessage(SET_REQUEST, 0, com.android.server.location.GnssLocationProvider$GpsRequest@7c328c3)
06-29 11:21:23.012  1600  1613 I GnssLocationProvider: WakeLock released by handleMessage(SET_REQUEST, 0, com.android.server.location.GnssLocationProvider$GpsRequest@7c328c3)
06-29 11:21:23.160  1481 16942 W AudioTrack: getTimestamp() location moved from kernel to server
06-29 11:21:23.165  3472  3472 D net.osmand: DayNightHelper Sunrise/sunset setting to day: true
06-29 11:21:23.250  1473  1561 D AudioFlinger: mixer(0xa6c83380) throttle end: throttle time(13)
06-29 11:21:23.521  1390  2659 W audio_hw_generic: Not supplying enough data to HAL, expected position 81875604 , only wrote 81875520
06-29 11:21:23.522  1390  2659 W audio_hw_generic: Not supplying enough data to HAL, expected position 81875555 , only wrote 81875520
06-29 11:21:23.537  1390  2659 W audio_hw_generic: Not supplying enough data to HAL, expected position 81876264 , only wrote 81876240
06-29 11:21:23.610  1964  1964 W ChimeraUtils: Non Chimera context
06-29 11:21:23.611  1964  1964 W ChimeraUtils: Non Chimera context
06-29 11:21:23.698  1964  1964 I GeofencerStateMachine: sendNewLocationAvailability: availability=LocationAvailability[isLocationAvailable: true]
06-29 11:21:23.723  1964  1964 I GeofencerStateMachine: sendNewLocationAvailability: availability=LocationAvailability[isLocationAvailable: true]
06-29 11:21:24.257  1390  2659 W audio_hw_generic: Not supplying enough data to HAL, expected position 81910807 , only wrote 81910800
06-29 11:21:24.273  1390  2659 W audio_hw_generic: Not supplying enough data to HAL, expected position 81911561 , only wrote 81911520
06-29 11:21:24.294  1390  2659 W audio_hw_generic: Not supplying enough data to HAL, expected position 81912522 , only wrote 81912240
06-29 11:21:24.295  1390  2659 W audio_hw_generic: Not supplying enough data to HAL, expected position 81912273 , only wrote 81912240
06-29 11:21:24.310  1390  2659 W audio_hw_generic: Not supplying enough data to HAL, expected position 81912973 , only wrote 81912960
06-29 11:21:24.312  1390  2659 W audio_hw_generic: Hardware backing HAL too slow, could only write 0 of 720 frames
06-29 11:21:24.423  1390  2659 I chatty  : uid=1041(audioserver) writer identical 7 lines
06-29 11:21:24.437  1390  2659 W audio_hw_generic: Hardware backing HAL too slow, could only write 0 of 720 frames
06-29 11:21:24.617  1964  1978 I zygote  : Background concurrent copying GC freed 107037(4MB) AllocSpace objects, 0(0B) LOS objects, 38% free, 9MB/15MB, paused 1.856ms total 910.127ms
06-29 11:21:24.897  1964  3820 W ResourceType: ResTable_typeSpec entry count inconsistent: given 15, previously 22
06-29 11:21:25.040  1481 16943 I NuPlayerDecoder: [audio] saw output EOS
06-29 11:21:25.062  1964  2502 I aohg    : Scheduling Phenotype for a PhenotypeSyncImmediately(7, com.google.android.metrics) one off with window [1, 2] in seconds [CONTEXT service_id=51 ]
06-29 11:21:25.297  1481 16942 D AudioTrack: stop() called with 132300 frames delivered
06-29 11:21:25.338  3472  3482 I zygote  : Background concurrent copying GC freed 337383(7MB) AllocSpace objects, 0(0B) LOS objects, 25% free, 17MB/23MB, paused 26.414ms total 678.414ms
06-29 11:21:25.451  1390  2659 W audio_hw_generic: Not supplying enough data to HAL, expected position 81967695 , only wrote 81967680
06-29 11:21:25.452  1390  2659 W audio_hw_generic: Not supplying enough data to HAL, expected position 81967765 , only wrote 81967680
06-29 11:21:25.513  1600  1609 I zygote  : Background concurrent copying GC freed 29813(1513KB) AllocSpace objects, 4(208KB) LOS objects, 25% free, 17MB/23MB, paused 1.265ms total 439.202ms
06-29 11:21:25.622  1481 16939 D NuPlayerDriver: notifyListener_l(0xa8ca5c40), (2, 0, 0, -1), loop setting(1, 0)
06-29 11:21:25.660  1481 16943 I NuPlayerDecoder: [OMX.google.vorbis.decoder] resubmitting CSD
06-29 11:21:25.663  1481 16943 I NuPlayerDecoder: [OMX.google.vorbis.decoder] resubmitting CSD
06-29 11:21:25.708  1481 16939 D NuPlayerDriver: notifyListener_l(0xa8ca5c40), (6, 0, 0, -1), loop setting(1, 0)
06-29 11:21:25.713  1481 16942 W AudioTrack: getTimestamp() location moved from kernel to server
06-29 11:21:25.769  1390  2659 W audio_hw_generic: Not supplying enough data to HAL, expected position 81982851 , only wrote 81982800
06-29 11:21:25.772  1481 16942 W AudioTrack: getTimestamp() location moved from kernel to server
06-29 11:21:25.772  1481 16942 W NuPlayerRenderer: getPendingAudioPlayoutDurationUs: pendingUs -22089 < 0, clamping to zero, potential resume after pause writtenAudioDurationUs: 23219, audioSinkPlayedUs: 45308
06-29 11:21:25.794  1481 16942 W AudioTrack: retrograde timestamp position corrected, -859 = 37 - 896
06-29 11:21:26.020  1473  1561 D AudioFlinger: mixer(0xa6c83380) throttle end: throttle time(7)
06-29 11:21:26.092  1390  2659 W audio_hw_generic: Not supplying enough data to HAL, expected position 81998343 , only wrote 81996480
06-29 11:21:26.093  1390  2659 W audio_hw_generic: Not supplying enough data to HAL, expected position 81996489 , only wrote 81996480
06-29 11:21:26.100  1600  1617 I WifiService: requestActivityInfo uid=1000
06-29 11:21:26.100  1600  1617 I WifiService: reportActivityInfo uid=1000
06-29 11:21:26.100  1600  1617 I WifiService: getSupportedFeatures uid=1000
06-29 11:21:26.109  1390  2659 W audio_hw_generic: Not supplying enough data to HAL, expected position 81997285 , only wrote 81997200
06-29 11:21:26.127  1473  1561 D AudioFlinger: mixer(0xa6c83380) throttle end: throttle time(12)
06-29 11:21:26.274  1600  1617 E BluetoothAdapter: Bluetooth binder is null
06-29 11:21:26.323  1600  1617 E KernelCpuSpeedReader: Failed to read cpu-freq: /sys/devices/system/cpu/cpu0/cpufreq/stats/time_in_state (No such file or directory)
06-29 11:21:26.379  1600  1617 E BatteryExternalStatsWorker: modem info is invalid: ModemActivityInfo{ mTimestamp=0 mSleepTimeMs=0 mIdleTimeMs=0 mTxTimeMs[]=[0, 0, 0, 0, 0] mRxTimeMs=0 mEnergyUsed=0}
06-29 11:21:26.440  1390  2659 W audio_hw_generic: Not supplying enough data to HAL, expected position 82013068 , only wrote 82013040
06-29 11:21:26.455  1390  2659 W audio_hw_generic: Not supplying enough data to HAL, expected position 82013774 , only wrote 82013760
06-29 11:21:26.483  1473  1561 D AudioFlinger: mixer(0xa6c83380) throttle end: throttle time(9)
06-29 11:21:26.520  1473  1561 D AudioFlinger: mixer(0xa6c83380) throttle end: throttle time(1)
06-29 11:21:27.174  1600  7948 I WifiService: acquireWifiLock uid=10014 lockMode=2
06-29 11:21:27.342  1390  2659 W audio_hw_generic: Not supplying enough data to HAL, expected position 82056314 , only wrote 82055520
06-29 11:21:27.342  1390  2659 W audio_hw_generic: Not supplying enough data to HAL, expected position 82055559 , only wrote 82055520
06-29 11:21:27.374  1390  2659 W audio_hw_generic: Not supplying enough data to HAL, expected position 82057019 , only wrote 82056240
06-29 11:21:27.426  1600  7948 I WifiService: releaseWifiLock uid=10014
06-29 11:21:27.498  1390  2659 W audio_hw_generic: Not supplying enough data to HAL, expected position 82062192 , only wrote 82062000
06-29 11:21:27.498  1390  2659 W audio_hw_generic: Not supplying enough data to HAL, expected position 82062031 , only wrote 82062000
06-29 11:21:27.515  1390  2659 W audio_hw_generic: Not supplying enough data to HAL, expected position 82062783 , only wrote 82062720
06-29 11:21:27.537  1473  1561 D AudioFlinger: mixer(0xa6c83380) throttle end: throttle time(5)
06-29 11:21:27.798  1390  2659 W audio_hw_generic: Not supplying enough data to HAL, expected position 82076295 , only wrote 82070640
06-29 11:21:27.797  1481 16942 W AudioTrack: getTimestamp() location moved from kernel to server
06-29 11:21:27.828  1481 16942 W AudioTrack: retrograde timestamp time corrected, 6784329950910 < 6784355327030
06-29 11:21:27.828  1481 16942 W AudioTrack: retrograde timestamp position corrected, -1372 = 78029 - 79401
06-29 11:21:27.838  1390  2659 W audio_hw_generic: Not supplying enough data to HAL, expected position 82072600 , only wrote 82071360
06-29 11:21:27.840  1473  1561 D AudioFlinger: mixer(0xa6c83380) throttle end: throttle time(12)
06-29 11:21:27.881  1390  2659 W audio_hw_generic: Not supplying enough data to HAL, expected position 82073404 , only wrote 82072800
06-29 11:21:27.986  1390  2659 W audio_hw_generic: Not supplying enough data to HAL, expected position 82077864 , only wrote 82077840
06-29 11:21:27.987  1390  2659 W audio_hw_generic: Not supplying enough data to HAL, expected position 82077869 , only wrote 82077840
06-29 11:21:28.004  1390  2659 W audio_hw_generic: Not supplying enough data to HAL, expected position 82078650 , only wrote 82078560
06-29 11:21:28.095  1390  2659 W audio_hw_generic: Not supplying enough data to HAL, expected position 82082906 , only wrote 82082880
06-29 11:21:28.121  1390  2659 W audio_hw_generic: Not supplying enough data to HAL, expected position 82084144 , only wrote 82083600
06-29 11:21:28.190  1390  2659 W audio_hw_generic: Not supplying enough data to HAL, expected position 82086924 , only wrote 82085040
06-29 11:21:28.214  1473  1561 D AudioFlinger: mixer(0xa6c83380) throttle end: throttle time(12)
06-29 11:21:28.553  1481 16943 I NuPlayerDecoder: [audio] saw output EOS
06-29 11:21:28.553  1481 16942 D AudioTrack: stop() called with 132300 frames delivered
06-29 11:21:28.956  1390  2659 W audio_hw_generic: Not supplying enough data to HAL, expected position 82121778 , only wrote 82121760
06-29 11:21:29.078  3472  3482 I zygote  : Background concurrent copying GC freed 287030(6MB) AllocSpace objects, 0(0B) LOS objects, 24% free, 18MB/24MB, paused 4.521ms total 726.859ms
06-29 11:21:29.078  1390  2659 W audio_hw_generic: Not supplying enough data to HAL, expected position 82127655 , only wrote 82127520
06-29 11:21:29.107  1481 16939 D NuPlayerDriver: notifyListener_l(0xa8ca5c40), (2, 0, 0, -1), loop setting(1, 0)
06-29 11:21:29.143  1481 16943 I NuPlayerDecoder: [OMX.google.vorbis.decoder] resubmitting CSD
06-29 11:21:29.146  1481 16943 I NuPlayerDecoder: [OMX.google.vorbis.decoder] resubmitting CSD
06-29 11:21:29.163  1481 16939 D NuPlayerDriver: notifyListener_l(0xa8ca5c40), (6, 0, 0, -1), loop setting(1, 0)
06-29 11:21:29.216  1390  2659 W audio_hw_generic: Not supplying enough data to HAL, expected position 82134116 , only wrote 82134000
06-29 11:21:29.216  1390  2659 W audio_hw_generic: Not supplying enough data to HAL, expected position 82134034 , only wrote 82134000
06-29 11:21:29.222  1481 16942 W AudioTrack: getTimestamp() location moved from kernel to server
06-29 11:21:29.233  1390  2659 W audio_hw_generic: Not supplying enough data to HAL, expected position 82134787 , only wrote 82134720
06-29 11:21:29.419  1390  2659 W audio_hw_generic: Not supplying enough data to HAL, expected position 82143629 , only wrote 82142640
06-29 11:21:29.419  1390  2659 W audio_hw_generic: Not supplying enough data to HAL, expected position 82142667 , only wrote 82142640
06-29 11:21:29.440  1390  2659 W audio_hw_generic: Not supplying enough data to HAL, expected position 82143634 , only wrote 82143360
06-29 11:21:29.526  1473  1561 D AudioFlinger: mixer(0xa6c83380) throttle end: throttle time(12)
06-29 11:21:29.527  1390  2659 W audio_hw_generic: Not supplying enough data to HAL, expected position 82147540 , only wrote 82144800
06-29 11:21:29.552  1473  1561 D AudioFlinger: mixer(0xa6c83380) throttle end: throttle time(12)
06-29 11:21:29.646  1481 16942 W AudioTrack: getTimestamp() location moved from kernel to server
06-29 11:21:29.880  1390  2659 W audio_hw_generic: Not supplying enough data to HAL, expected position 82161760 , only wrote 82161360
06-29 11:21:30.203  1964 16970 W ResourceType: ResTable_typeSpec entry count inconsistent: given 30, previously 36
06-29 11:21:30.939  1390  2659 W audio_hw_generic: Not supplying enough data to HAL, expected position 82212187 , only wrote 82211040
06-29 11:21:30.946  1390  2659 W audio_hw_generic: Not supplying enough data to HAL, expected position 82211365 , only wrote 82211040
06-29 11:21:30.981  1473  1561 D AudioFlinger: mixer(0xa6c83380) throttle end: throttle time(1)
06-29 11:21:30.982  1390  2659 W audio_hw_generic: Not supplying enough data to HAL, expected position 82212772 , only wrote 82211760
06-29 11:21:31.142  1390  2659 W audio_hw_generic: Not supplying enough data to HAL, expected position 82219455 , only wrote 82218960
06-29 11:21:31.167  1600  1674 W AlarmManager: Unrecognized alarm listener com.android.server.wifi.WifiConfigStore$1@fa13445
06-29 11:21:31.205  1390  2659 W audio_hw_generic: Hardware backing HAL too slow, could only write 0 of 720 frames
06-29 11:21:31.208  1600  1674 D WifiConfigStore: Writing to stores completed in 41 ms.
06-29 11:21:31.230  1390  2659 W audio_hw_generic: Hardware backing HAL too slow, could only write 0 of 720 frames
06-29 11:21:31.269  1390  2659 W audio_hw_generic: Not supplying enough data to HAL, expected position 82225057 , only wrote 82224720
06-29 11:21:31.857  1481 16943 I NuPlayerDecoder: [audio] saw output EOS
06-29 11:21:32.094  1481 16942 D AudioTrack: stop() called with 132300 frames delivered
06-29 11:21:32.305  1390  2659 W audio_hw_generic: Not supplying enough data to HAL, expected position 82274427 , only wrote 82274400
06-29 11:21:32.320  1390  2659 W audio_hw_generic: Not supplying enough data to HAL, expected position 82275142 , only wrote 82275120
06-29 11:21:32.436  1481 16939 D NuPlayerDriver: notifyListener_l(0xa8ca5c40), (2, 0, 0, -1), loop setting(1, 0)
06-29 11:21:32.455  1481 16943 I NuPlayerDecoder: [OMX.google.vorbis.decoder] resubmitting CSD
06-29 11:21:32.460  1481 16943 I NuPlayerDecoder: [OMX.google.vorbis.decoder] resubmitting CSD
06-29 11:21:32.504  1390  2659 W audio_hw_generic: Not supplying enough data to HAL, expected position 82283950 , only wrote 82283760
06-29 11:21:32.530  1481 16939 D NuPlayerDriver: notifyListener_l(0xa8ca5c40), (6, 0, 0, -1), loop setting(1, 0)
06-29 11:21:32.807  1473  1561 D AudioFlinger: mixer(0xa6c83380) throttle end: throttle time(1)
06-29 11:21:32.969  1390  2659 W audio_hw_generic: Not supplying enough data to HAL, expected position 82306061 , only wrote 82304640
06-29 11:21:33.003  1390  2659 W audio_hw_generic: Not supplying enough data to HAL, expected position 82306253 , only wrote 82304640
06-29 11:21:33.325  1473  1561 D AudioFlinger: mixer(0xa6c83380) throttle end: throttle time(6)
06-29 11:21:33.943  3472  3482 I zygote  : Background concurrent copying GC freed 335667(7MB) AllocSpace objects, 0(0B) LOS objects, 24% free, 18MB/24MB, paused 13.601ms total 766.246ms
06-29 11:21:34.283  1390  2659 W audio_hw_generic: Not supplying enough data to HAL, expected position 82366119 , only wrote 82365840
06-29 11:21:34.285  1390  2659 W audio_hw_generic: Not supplying enough data to HAL, expected position 82365917 , only wrote 82365840
06-29 11:21:34.402  1390  2659 W audio_hw_generic: Not supplying enough data to HAL, expected position 82371430 , only wrote 82370160
06-29 11:21:34.402  1390  2659 W audio_hw_generic: Not supplying enough data to HAL, expected position 82370190 , only wrote 82370160
06-29 11:21:34.438  1390  2659 W audio_hw_generic: Not supplying enough data to HAL, expected position 82371867 , only wrote 82370880
06-29 11:21:34.793  1390  2659 W audio_hw_generic: Not supplying enough data to HAL, expected position 82387956 , only wrote 82386000
06-29 11:21:34.794  1390  2659 W audio_hw_generic: Not supplying enough data to HAL, expected position 82386041 , only wrote 82386000
06-29 11:21:34.811  1390  2659 W audio_hw_generic: Not supplying enough data to HAL, expected position 82386776 , only wrote 82386720
06-29 11:21:34.821  1473  1561 D AudioFlinger: mixer(0xa6c83380) throttle end: throttle time(12)
06-29 11:21:34.913  1964  1964 W ChimeraUtils: Non Chimera context
06-29 11:21:34.913  1964  1964 W ChimeraUtils: Non Chimera context
06-29 11:21:34.978  1390  2659 W audio_hw_generic: Not supplying enough data to HAL, expected position 82394774 , only wrote 82394640
06-29 11:21:35.210  1481 16943 I NuPlayerDecoder: [audio] saw output EOS
06-29 11:21:35.223  1964 16970 I aohm    : Removed 0 invalid users [CONTEXT service_id=51 ]
06-29 11:21:35.460  1481 16942 D AudioTrack: stop() called with 132300 frames delivered
06-29 11:21:35.670  1964  1973 I zygote  : Do partial code cache collection, code=2MB, data=1756KB
06-29 11:21:35.708  1964  1973 I zygote  : After code cache collection, code=2MB, data=1756KB
06-29 11:21:35.719  1964  1973 I zygote  : Increasing code cache capacity to 7MB
06-29 11:21:35.823  1390  2659 W audio_hw_generic: Not supplying enough data to HAL, expected position 82435199 , only wrote 82434960
06-29 11:21:35.824  1390  2659 W audio_hw_generic: Not supplying enough data to HAL, expected position 82434995 , only wrote 82434960
06-29 11:21:35.824  1481 16939 D NuPlayerDriver: notifyListener_l(0xa8ca5c40), (2, 0, 0, -1), loop setting(1, 0)
06-29 11:21:35.840  1390  2659 W audio_hw_generic: Not supplying enough data to HAL, expected position 82435713 , only wrote 82435680
06-29 11:21:35.888  1481 16943 I NuPlayerDecoder: [OMX.google.vorbis.decoder] resubmitting CSD
06-29 11:21:35.893  1481 16943 I NuPlayerDecoder: [OMX.google.vorbis.decoder] resubmitting CSD
06-29 11:21:35.957  1481 16939 D NuPlayerDriver: notifyListener_l(0xa8ca5c40), (6, 0, 0, -1), loop setting(1, 0)
06-29 11:21:35.981  1481 16942 W AudioTrack: getTimestamp() location moved from kernel to server
06-29 11:21:36.219  1481 16942 W AudioTrack: getTimestamp() location moved from kernel to server
06-29 11:21:36.330  1390  2659 W audio_hw_generic: Not supplying enough data to HAL, expected position 82459190 , only wrote 82458720
06-29 11:21:36.495  1390  2659 W audio_hw_generic: Not supplying enough data to HAL, expected position 82466660 , only wrote 82466640
06-29 11:21:36.513  1390  2659 W audio_hw_generic: Not supplying enough data to HAL, expected position 82467480 , only wrote 82467360
06-29 11:21:36.517  1481 16942 W AudioTrack: getTimestamp() location moved from kernel to server
06-29 11:21:36.568  1473  1561 D AudioFlinger: mixer(0xa6c83380) throttle end: throttle time(6)
06-29 11:21:36.967  1481 16942 W AudioTrack: getTimestamp() location moved from kernel to server
06-29 11:21:36.980  1473  1561 D AudioFlinger: mixer(0xa6c83380) throttle end: throttle time(4)
06-29 11:21:37.233  3472  3482 I zygote  : Background concurrent copying GC freed 344165(7MB) AllocSpace objects, 0(0B) LOS objects, 25% free, 17MB/23MB, paused 8.272ms total 488.776ms
06-29 11:21:37.512  1600  1613 E memtrack: Couldn't load memtrack module
06-29 11:21:37.513  1600  1613 W android.os.Debug: failed to get memory consumption info: -1
06-29 11:21:37.763  1600  1613 E memtrack: Couldn't load memtrack module
06-29 11:21:37.764  1600  1613 W android.os.Debug: failed to get memory consumption info: -1
06-29 11:21:37.766  1390  2659 W audio_hw_generic: Not supplying enough data to HAL, expected position 82527528 , only wrote 82526400
06-29 11:21:37.766  1390  2659 W audio_hw_generic: Not supplying enough data to HAL, expected position 82526411 , only wrote 82526400
06-29 11:21:37.772  1481 16942 W AudioTrack: getTimestamp() location moved from kernel to server
06-29 11:21:37.783  1390  2659 W audio_hw_generic: Not supplying enough data to HAL, expected position 82527181 , only wrote 82527120
06-29 11:21:38.059  1390  2659 W audio_hw_generic: Not supplying enough data to HAL, expected position 82540404 , only wrote 82540080
06-29 11:21:38.211  1473  1561 D AudioFlinger: mixer(0xa6c83380) throttle end: throttle time(2)
06-29 11:21:38.315  1390  2659 W audio_hw_generic: Not supplying enough data to HAL, expected position 82552344 , only wrote 82552320
06-29 11:21:38.330  1473  1561 D AudioFlinger: mixer(0xa6c83380) throttle end: throttle time(4)
06-29 11:21:38.715  1473  1561 D AudioFlinger: mixer(0xa6c83380) throttle end: throttle time(1)
06-29 11:21:38.942  1481 16943 I NuPlayerDecoder: [audio] saw output EOS
06-29 11:21:38.945  1481 16942 D AudioTrack: stop() called with 132300 frames delivered
06-29 11:21:39.026  1390  2659 W audio_hw_generic: Not supplying enough data to HAL, expected position 82586476 , only wrote 82586160
06-29 11:21:39.276  1964 16970 W Conscrypt: Could not set socket write timeout: java.net.SocketException: Socket closed
06-29 11:21:39.330  1390  2659 W audio_hw_generic: Not supplying enough data to HAL, expected position 82600731 , only wrote 82600560
06-29 11:21:39.331  1390  2659 W audio_hw_generic: Not supplying enough data to HAL, expected position 82600618 , only wrote 82600560
06-29 11:21:39.362  1390  2659 W audio_hw_generic: Not supplying enough data to HAL, expected position 82602056 , only wrote 82601280
06-29 11:21:39.367  1964 16970 W Conscrypt: 	at com.google.android.gms.org.conscrypt.Platform.setSocketWriteTimeout(:com.google.android.gms@17785022@17.7.85 (040700-253824076):2)
06-29 11:21:39.367  1964 16970 W Conscrypt: 	at com.google.android.gms.org.conscrypt.ConscryptFileDescriptorSocket.setSoWriteTimeout(:com.google.android.gms@17785022@17.7.85 (040700-253824076):2)
06-29 11:21:39.375  1481 16939 D NuPlayerDriver: notifyListener_l(0xa8ca5c40), (2, 0, 0, -1), loop setting(1, 0)
06-29 11:21:39.396  1481 16943 I NuPlayerDecoder: [OMX.google.vorbis.decoder] resubmitting CSD
06-29 11:21:39.396  1481 16943 I NuPlayerDecoder: [OMX.google.vorbis.decoder] resubmitting CSD
06-29 11:21:39.432  1481 16939 D NuPlayerDriver: notifyListener_l(0xa8ca5c40), (6, 0, 0, -1), loop setting(1, 0)
06-29 11:21:39.442  1481 16942 W AudioTrack: getTimestamp() location moved from kernel to server
06-29 11:21:39.442  1481 16942 W NuPlayerRenderer: getPendingAudioPlayoutDurationUs: pendingUs -2391 < 0, clamping to zero, potential resume after pause writtenAudioDurationUs: 8707, audioSinkPlayedUs: 11098
06-29 11:21:39.483  1390  2659 W audio_hw_generic: Not supplying enough data to HAL, expected position 82607090 , only wrote 82607040
06-29 11:21:39.488  1481 16942 W AudioTrack: retrograde timestamp position corrected, -285 = 99 - 384
06-29 11:21:39.488  1481 16942 W NuPlayerRenderer: getPendingAudioPlayoutDurationUs: pendingUs -2683 < 0, clamping to zero, potential resume after pause writtenAudioDurationUs: 20317, audioSinkPlayedUs: 23000
06-29 11:21:39.756  1481 16942 W AudioTrack: getTimestamp() location moved from kernel to server
06-29 11:21:39.874  3472  3482 I zygote  : Background concurrent copying GC freed 281194(6MB) AllocSpace objects, 0(0B) LOS objects, 24% free, 18MB/24MB, paused 2.930ms total 900.296ms
06-29 11:21:39.921  1390  2659 W audio_hw_generic: Not supplying enough data to HAL, expected position 82628048 , only wrote 82627920
06-29 11:21:39.936  1390  2659 W audio_hw_generic: Not supplying enough data to HAL, expected position 82628646 , only wrote 82628640
