06-29 10:42:19.205 14004 14022 I Unity   : 
06-29 10:42:19.256 14004 14014 I zygote  : Background concurrent copying GC freed 10224(954KB) AllocSpace objects, 8(224KB) LOS objects, 49% free, 1867KB/3MB, paused 18.234ms total 227.548ms
06-29 10:42:19.264  1473  1561 D AudioFlinger: mixer(0xa6c83380) throttle end: throttle time(4)
06-29 10:42:19.449  1390  2659 W audio_hw_generic: Not supplying enough data to HAL, expected position 59625361 , only wrote 59625360
06-29 10:42:19.464  1390  2659 W audio_hw_generic: Not supplying enough data to HAL, expected position 59626106 , only wrote 59626080
06-29 10:42:19.478 14004 14004 I Ads     : This request is sent from a test device.
06-29 10:42:19.480  1473  1561 D AudioFlinger: mixer(0xa6c83380) throttle end: throttle time(7)
06-29 10:42:19.788 14004 14067 I zygote  : The ClassLoaderContext is a special shared library.
06-29 10:42:19.845 14004 14077 I DynamiteModule: Considering local module com.google.android.gms.ads.dynamite:0 and remote module com.google.android.gms.ads.dynamite:20300
06-29 10:42:19.845 14004 14077 I DynamiteModule: Selected remote version of com.google.android.gms.ads.dynamite, version >= 20300
06-29 10:42:19.927 14004 14078 W Ads     : Invoke Firebase method getInstance error.
06-29 10:42:19.928 14004 14078 W Ads     : The Google Mobile Ads SDK will not integrate with Firebase. Admob/Firebase integration requires the latest Firebase SDK jar, but Firebase SDK is either missing or out of date
06-29 10:42:20.201 14004 14089 I WebViewFactory: Loading com.android.chrome version 74.0.3729.157 (code 372915712)
06-29 10:42:20.244 14004 14074 I zygote  : IncrementDisableThreadFlip blocked for 16.698ms
06-29 10:42:20.954 14004 14014 I zygote  : Background concurrent copying GC freed 22322(1949KB) AllocSpace objects, 5(96KB) LOS objects, 50% free, 3MB/7MB, paused 16.393ms total 847.404ms
06-29 10:42:21.258  1473  1561 D AudioFlinger: mixer(0xa6c83380) throttle end: throttle time(8)
06-29 10:42:21.397 14004 14059 I UnityAds: com.unity3d.services.core.configuration.InitializeThread$InitializeStateLoadCache.execute() (line:244) :: Unity Ads init: webapp loaded from local cache
06-29 10:42:21.569 14004 14009 I zygote  : Do partial code cache collection, code=29KB, data=20KB
06-29 10:42:21.574 14004 14009 I zygote  : After code cache collection, code=29KB, data=20KB
06-29 10:42:21.574 14004 14009 I zygote  : Increasing code cache capacity to 128KB
06-29 10:42:21.766 14004 14089 I cr_LibraryLoader: Time to load native libraries: 96 ms (timestamps 8334-8430)
06-29 10:42:21.852 14004 14014 I zygote  : Background concurrent copying GC freed 3321(456KB) AllocSpace objects, 1(20KB) LOS objects, 41% free, 8MB/14MB, paused 3.950ms total 459.268ms
06-29 10:42:22.083 14004 14089 I chromium: [INFO:library_loader_hooks.cc(50)] Chromium logging enabled: level = 0, default verbosity = 0
06-29 10:42:22.085 14004 14089 I cr_LibraryLoader: Expected native library version number "74.0.3729.157", actual native library version number "74.0.3729.157"
06-29 10:42:22.233 14004 14115 W cr_ChildProcLH: Create a new ChildConnectionAllocator with package name = com.android.chrome, sandboxed = true
06-29 10:42:22.243 14004 14004 I cr_BrowserStartup: Initializing chromium process, singleProcess=false
06-29 10:42:22.256 14004 14004 W ResourceType: Failure getting entry for 0x7f130526 (t=18 e=1318) (error -2147483647)
06-29 10:42:22.427  1600  2369 I ActivityManager: Start proc 14119:com.android.chrome:sandboxed_process0/u0i16 for webview_service com.skgames.trafficrider/org.chromium.content.app.SandboxedProcessService0
06-29 10:42:22.529 14119 14119 E /system/bin/webview_zygote32: Failed to make and chown /acct/uid_99016: Permission denied
06-29 10:42:22.529 14119 14119 E Zygote  : createProcessGroup(99016, 0) failed: Permission denied
06-29 10:42:22.612 14119 14119 W /system/bin/webview_zygote32: Unexpected CPU variant for X86 using defaults: x86
06-29 10:42:22.653  1600  1613 E memtrack: Couldn't load memtrack module
06-29 10:42:22.653  1600  1613 W android.os.Debug: failed to get memory consumption info: -1
06-29 10:42:22.917  1964  1964 I BeaconBle: Scan : No clients left, canceling alarm.
06-29 10:42:23.029 14137 14137 E asset   : setgid: Operation not permitted
06-29 10:42:23.521 14119 14119 I cr_ChildProcessService: Creating new ChildProcessService pid=14119
06-29 10:42:23.674  1600  1613 E memtrack: Couldn't load memtrack module
06-29 10:42:23.692  1600  1613 W android.os.Debug: failed to get memory consumption info: -1
06-29 10:42:23.967  1390  2659 W audio_hw_generic: Not supplying enough data to HAL, expected position 59842218 , only wrote 59842080
06-29 10:42:23.969  1390  2659 W audio_hw_generic: Not supplying enough data to HAL, expected position 59842167 , only wrote 59842080
06-29 10:42:24.047  1600  1613 E memtrack: Couldn't load memtrack module
06-29 10:42:24.047  1600  1613 W android.os.Debug: failed to get memory consumption info: -1
06-29 10:42:24.106  1473  1561 D AudioFlinger: mixer(0xa6c83380) throttle end: throttle time(3)
06-29 10:42:24.194  1964  1964 I GeofencerStateMachine: sendNewTransitions called.
06-29 10:42:24.324  1964  1964 I GeofencerStateMachine: sendNewTransitions called.
06-29 10:42:24.363  1964  1964 I GeofencerStateMachine: sendNewLocationAvailability: availability=LocationAvailability[isLocationAvailable: true]
06-29 10:42:24.395  2629  2890 I WorkerManager: dispose()
06-29 10:42:24.399  2629  2890 W ThreadPoolDumper: Queue length for executor EventBus is now 11. Perhaps some tasks are too long, or the pool is too small.
06-29 10:42:24.623  1600  6125 I WifiService: acquireWifiLock uid=10014 lockMode=2
06-29 10:42:24.715 14004 14139 W cr_media: Requires BLUETOOTH permission
06-29 10:42:24.784 14004 14148 D         : HostConnection::get() New Host Connection established 0x773a1940, tid 14148
06-29 10:42:24.787 14004 14148 E chromium: [ERROR:gl_surface_egl.cc(342)] eglChooseConfig failed with error EGL_SUCCESS
06-29 10:42:24.804 14004 14004 I zygote  : Deoptimizing java.lang.Object com.google.android.gms.ads.internal.util.br.a(android.content.Context, java.util.concurrent.Callable) due to JIT inline cache
06-29 10:42:24.806  1964  1964 I GeofencerStateMachine: sendNewLocationAvailability: availability=LocationAvailability[isLocationAvailable: true]
06-29 10:42:24.834 14004 14148 D EGL_emulation: eglCreateContext: 0x81f66ca0: maj 2 min 0 rcv 2
06-29 10:42:24.836 14004 14148 D EGL_emulation: eglMakeCurrent: 0x81f66ca0: ver 2 0 (tinfo 0x82072830)
06-29 10:42:25.055 14119 14144 I cr_LibraryLoader: Time to load native libraries: 0 ms (timestamps 1725-1725)
06-29 10:42:25.057 14119 14144 I chromium: [INFO:library_loader_hooks.cc(50)] Chromium logging enabled: level = 0, default verbosity = 0
06-29 10:42:25.057 14119 14144 I cr_LibraryLoader: Expected native library version number "74.0.3729.157", actual native library version number "74.0.3729.157"
06-29 10:42:25.206 14004 14014 I zygote  : Background concurrent copying GC freed 8221(842KB) AllocSpace objects, 9(10MB) LOS objects, 30% free, 13MB/19MB, paused 11.085ms total 1.159s
06-29 10:42:25.212  2175 12909 W Ads     : App does not have the required permissions to get location
06-29 10:42:25.223 14004 14148 E chromium: [ERROR:gl_surface_egl.cc(342)] eglChooseConfig failed with error EGL_SUCCESS
06-29 10:42:25.488 14004 14148 I VideoCapabilities: Unsupported profile 4 for video/mp4v-es
06-29 10:42:25.505  2175 12912 E Ads     : Error waiting for future.
06-29 10:42:25.505  2175 12912 E Ads     : java.util.concurrent.TimeoutException
06-29 10:42:25.505  2175 12912 E Ads     : 	at java.util.concurrent.FutureTask.get(FutureTask.java:206)
06-29 10:42:25.505  2175 12912 E Ads     : 	at com.google.android.gms.ads.internal.util.future.g.a(:com.google.android.gms@17785022@17.7.85 (040700-253824076):18)
06-29 10:42:25.505  2175 12912 E Ads     : 	at com.google.android.gms.ads.cache.m.a(:com.google.android.gms@17785022@17.7.85 (040700-253824076):4)
06-29 10:42:25.505  2175 12912 E Ads     : 	at com.google.android.gms.ads.nonagon.signals.gmscore.r.call(Unknown Source:8)
06-29 10:42:25.505  2175 12912 E Ads     : 	at java.util.concurrent.FutureTask.run(FutureTask.java:266)
06-29 10:42:25.505  2175 12912 E Ads     : 	at java.util.concurrent.ThreadPoolExecutor.runWorker(ThreadPoolExecutor.java:1162)
06-29 10:42:25.505  2175 12912 E Ads     : 	at java.util.concurrent.ThreadPoolExecutor$Worker.run(ThreadPoolExecutor.java:636)
06-29 10:42:25.505  2175 12912 E Ads     : 	at java.lang.Thread.run(Thread.java:764)
06-29 10:42:25.503 14004 14148 W cr_MediaCodecUtil: HW encoder for video/avc is not available on this device.
06-29 10:42:25.840  1600  1613 E memtrack: Couldn't load memtrack module
06-29 10:42:25.840  1600  1613 W android.os.Debug: failed to get memory consumption info: -1
06-29 10:42:26.265  1390  2659 W audio_hw_generic: Not supplying enough data to HAL, expected position 59952313 , only wrote 59952240
06-29 10:42:26.295  1600  5171 I WifiService: getConnectionInfo uid=10014
06-29 10:42:26.341  1473  1561 D AudioFlinger: mixer(0xa6c83380) throttle end: throttle time(2)
06-29 10:42:26.512  2175 14158 I Ads     : SDK version: afma-sdk-a-v16187999.12451000.1
06-29 10:42:27.812  1390  2659 W audio_hw_generic: Not supplying enough data to HAL, expected position 60026483 , only wrote 60026400
06-29 10:42:27.813  1390  2659 W audio_hw_generic: Not supplying enough data to HAL, expected position 60026453 , only wrote 60026400
06-29 10:42:27.903  1600  6125 D WificondControl: Scan result ready event
06-29 10:42:28.137  1473  1561 D AudioFlinger: mixer(0xa6c83380) throttle end: throttle time(11)
06-29 10:42:28.456  1600  6125 I WifiService: releaseWifiLock uid=10014
06-29 10:42:29.073 14004 14148 D EGL_emulation: eglCreateContext: 0x81f955e0: maj 2 min 0 rcv 2
06-29 10:42:29.075 14004 14148 D EGL_emulation: eglMakeCurrent: 0x81f955e0: ver 2 0 (tinfo 0x82072830)
06-29 10:42:29.350  1390  2659 W audio_hw_generic: Not supplying enough data to HAL, expected position 60100175 , only wrote 60098400
06-29 10:42:29.350  1390  2659 W audio_hw_generic: Not supplying enough data to HAL, expected position 60098425 , only wrote 60098400
06-29 10:42:29.367  1390  2659 W audio_hw_generic: Not supplying enough data to HAL, expected position 60099193 , only wrote 60099120
06-29 10:42:29.367  1473  1561 D AudioFlinger: mixer(0xa6c83380) throttle end: throttle time(12)
06-29 10:42:29.435  1600  1613 E memtrack: Couldn't load memtrack module
06-29 10:42:29.435  1600  1613 W android.os.Debug: failed to get memory consumption info: -1
06-29 10:42:29.872 14004 14004 I zygote  : Deoptimizing java.lang.Object aqn.a() due to JIT inline cache
06-29 10:42:30.111  1600  1613 E memtrack: Couldn't load memtrack module
06-29 10:42:30.111  1600  1613 W android.os.Debug: failed to get memory consumption info: -1
06-29 10:42:30.624 14004 14022 I Unity   : Fetching Avatar Info
06-29 10:42:30.624 14004 14022 I Unity   :  
06-29 10:42:30.624 14004 14022 I Unity   : (Filename: /Users/builduser/buildslave/unity/build/artifacts/generated/common/runtime/DebugBindings.gen.cpp Line: 51)
06-29 10:42:30.624 14004 14022 I Unity   : 
06-29 10:42:30.673  2175  2194 I zygote  : Background concurrent copying GC freed 62365(3MB) AllocSpace objects, 25(2MB) LOS objects, 34% free, 11MB/17MB, paused 1.380ms total 1.191s
06-29 10:42:30.729 14004 14022 I Unity   : Is GPGS available: False
06-29 10:42:30.729 14004 14022 I Unity   :  
06-29 10:42:30.729 14004 14022 I Unity   : (Filename: /Users/builduser/buildslave/unity/build/artifacts/generated/common/runtime/DebugBindings.gen.cpp Line: 51)
06-29 10:42:30.729 14004 14022 I Unity   : 
06-29 10:42:30.857 14004 14004 D DynamitePackage: Instantiating com.google.android.gms.ads.ChimeraAdManagerCreatorImpl
06-29 10:42:30.888 14004 14004 I Ads     : This request is sent from a test device.
06-29 10:42:31.175  2175 12912 W Ads     : App does not have the required permissions to get location
06-29 10:42:31.602  2175 14160 I Ads     : SDK version: afma-sdk-a-v16187999.12451000.1
06-29 10:42:31.811 14172 14172 D AndroidRuntime: >>>>>> START com.android.internal.os.RuntimeInit uid 2000 <<<<<<
06-29 10:42:31.855 14172 14172 W app_process: Could not reserve sentinel fault page
06-29 10:42:32.831  1600  1613 E memtrack: Couldn't load memtrack module
06-29 10:42:32.831  1600  1613 W android.os.Debug: failed to get memory consumption info: -1
06-29 10:42:32.941 14172 14172 W app_process: Unexpected CPU variant for X86 using defaults: x86
06-29 10:42:32.976 14172 14172 I app_process: The ClassLoaderContext is a special shared library.
06-29 10:42:33.419 14172 14172 D AndroidRuntime: Calling main entry com.android.commands.monkey.Monkey
06-29 10:42:33.424 14172 14172 W Monkey  : args: [-p, com.EvilChaotic.ModernWarplanes, -c, android.intent.category.LAUNCHER, 1]
06-29 10:42:33.431 14172 14172 W Monkey  :  arg: "-p"
06-29 10:42:33.432 14172 14172 W Monkey  :  arg: "com.EvilChaotic.ModernWarplanes"
06-29 10:42:33.436 14172 14172 W Monkey  :  arg: "-c"
06-29 10:42:33.436 14172 14172 W Monkey  :  arg: "android.intent.category.LAUNCHER"
06-29 10:42:33.438 14172 14172 W Monkey  :  arg: "1"
06-29 10:42:33.440 14172 14172 W Monkey  : data="com.EvilChaotic.ModernWarplanes"
06-29 10:42:33.441 14172 14172 W Monkey  : data="android.intent.category.LAUNCHER"
06-29 10:42:33.727  2175  2194 I zygote  : Background concurrent copying GC freed 37856(1922KB) AllocSpace objects, 63(6MB) LOS objects, 39% free, 9MB/15MB, paused 6.134ms total 574.287ms
06-29 10:42:33.765  1600  1614 W BroadcastQueue: Skipping deliver [background] BroadcastRecord{f9c6de6 u-1 android.net.conn.CONNECTIVITY_CHANGE} to ReceiverList{4fb0f27 14172 (unknown name)/2000/u-1 remote:8c99f28}: process gone or crashing
06-29 10:42:33.907 14004 14014 I zygote  : Background concurrent copying GC freed 28260(1969KB) AllocSpace objects, 38(13MB) LOS objects, 49% free, 4MB/9MB, paused 17.003ms total 615.915ms
06-29 10:42:34.098  1600  5171 I ActivityManager: START u0 {act=android.intent.action.MAIN cat=[android.intent.category.LAUNCHER] flg=0x10200000 cmp=com.EvilChaotic.ModernWarplanes/com.unity3d.player.UnityPlayerActivity} from uid 2000
06-29 10:42:34.112  1600  5171 W Binder  : Outgoing transactions from this process must be FLAG_ONEWAY
06-29 10:42:34.112  1600  5171 W Binder  : java.lang.Throwable
06-29 10:42:34.112  1600  5171 W Binder  : 	at android.os.BinderProxy.transact(Binder.java:752)
06-29 10:42:34.112  1600  5171 W Binder  : 	at android.app.IActivityController$Stub$Proxy.activityStarting(IActivityController.java:172)
06-29 10:42:34.112  1600  5171 W Binder  : 	at com.android.server.am.ActivityStarter.startActivity(ActivityStarter.java:449)
06-29 10:42:34.112  1600  5171 W Binder  : 	at com.android.server.am.ActivityStarter.startActivityLocked(ActivityStarter.java:278)
06-29 10:42:34.112  1600  5171 W Binder  : 	at com.android.server.am.ActivityStarter.startActivityMayWait(ActivityStarter.java:817)
06-29 10:42:34.112  1600  5171 W Binder  : 	at com.android.server.am.ActivityManagerService.startActivityAsUser(ActivityManagerService.java:4532)
06-29 10:42:34.112  1600  5171 W Binder  : 	at com.android.server.am.ActivityManagerService.startActivity(ActivityManagerService.java:4519)
06-29 10:42:34.112  1600  5171 W Binder  : 	at android.app.IActivityManager$Stub.onTransact(IActivityManager.java:121)
06-29 10:42:34.112  1600  5171 W Binder  : 	at com.android.server.am.ActivityManagerService.onTransact(ActivityManagerService.java:2919)
06-29 10:42:34.112  1600  5171 W Binder  : 	at android.os.Binder.execTransact(Binder.java:697)
06-29 10:42:34.229 14172 14172 I Monkey  : Events injected: 1
06-29 10:42:34.480  1398  1434 D gralloc_ranchu: gralloc_alloc: Creating ashmem region of size 8298496
06-29 10:42:34.514  1390  2659 W audio_hw_generic: Not supplying enough data to HAL, expected position 60346178 , only wrote 60346080
06-29 10:42:34.515  1390  2659 W audio_hw_generic: Not supplying enough data to HAL, expected position 60346139 , only wrote 60346080
06-29 10:42:34.531  1390  2659 W audio_hw_generic: Not supplying enough data to HAL, expected position 60346851 , only wrote 60346800
06-29 10:42:34.533 14172 14172 I Monkey  : ## Network stats: elapsed time=378ms (0ms mobile, 0ms wifi, 378ms not connected)
06-29 10:42:34.572  1600  1615 W Looper  : Dispatch took 158ms on android.ui, h=Handler (com.android.server.policy.PhoneWindowManager$PolicyHandler) {dca4410} cb=android.database.ContentObserver$NotificationRunnable@b32d79c msg=0
06-29 10:42:34.644 14172 14172 I com.android.commands.monkey: System.exit called, status: 0
06-29 10:42:34.646 14172 14172 I AndroidRuntime: VM exiting with result code 0.
06-29 10:42:34.706  1600  1614 W ActivityManager: Activity pause timeout for ActivityRecord{3e3758e u0 com.skgames.trafficrider/com.prime31.UnityPlayerNativeActivity t25}
06-29 10:42:34.751  1600  1614 I ActivityManager: Start proc 14195:com.EvilChaotic.ModernWarplanes/u0a82 for activity com.EvilChaotic.ModernWarplanes/com.unity3d.player.UnityPlayerActivity
06-29 10:42:34.774 14004 14022 I Unity   : Is GPGS available: False
06-29 10:42:34.774 14004 14022 I Unity   :  
06-29 10:42:34.774 14004 14022 I Unity   : (Filename: /Users/builduser/buildslave/unity/build/artifacts/generated/common/runtime/DebugBindings.gen.cpp Line: 51)
06-29 10:42:34.774 14004 14022 I Unity   : 
06-29 10:42:34.806  1600  1613 E memtrack: Couldn't load memtrack module
06-29 10:42:34.806  1600  1613 W android.os.Debug: failed to get memory consumption info: -1
06-29 10:42:34.842 14195 14195 W zygote  : Unexpected CPU variant for X86 using defaults: x86
06-29 10:42:34.901 14004 14022 D EGL_emulation: eglMakeCurrent: 0xa61b7d60: ver 2 0 (tinfo 0x88b0f4d0)
06-29 10:42:34.928 14004 14051 D AudioTrack: stop() called with 484352 frames delivered
06-29 10:42:34.929  1600  6125 V MediaRouterService: restoreBluetoothA2dp(false)
06-29 10:42:35.072  1398  1434 D gralloc_ranchu: gralloc_alloc: Creating ashmem region of size 8298496
06-29 10:42:35.135  1390  2659 W audio_hw_generic: Not supplying enough data to HAL, expected position 60375798 , only wrote 60375600
06-29 10:42:35.146  1600  1635 D         : HostConnection::get() New Host Connection established 0x893b6940, tid 1635
06-29 10:42:35.180  1408  1408 E EGL_emulation: tid 1408: eglCreateSyncKHR(1962): error 0x3004 (EGL_BAD_ATTRIBUTE)
06-29 10:42:35.201  1600  1635 W ActivityManager: Slow operation: 283ms so far, now at attachApplicationLocked: after mServices.attachApplicationLocked
06-29 10:42:35.243  1600  1615 W Looper  : Dispatch took 259ms on android.ui, h=Handler (com.android.server.am.ActivityManagerService$UiHandler) {bce2944} cb=null msg=31
06-29 10:42:35.377  1600  1615 W Looper  : Dispatch took 134ms on android.ui, h=Handler (com.android.server.am.ActivityManagerService$UiHandler) {bce2944} cb=null msg=53
06-29 10:42:35.442  1398  1434 D gralloc_ranchu: gralloc_alloc: Creating ashmem region of size 8298496
06-29 10:42:35.615  1390  2659 W audio_hw_generic: Hardware backing HAL too slow, could only write 0 of 720 frames
06-29 10:42:35.653  1600  1609 I zygote  : Background concurrent copying GC freed 27870(1526KB) AllocSpace objects, 3(124KB) LOS objects, 29% free, 14MB/20MB, paused 20.083ms total 1.886s
06-29 10:42:35.699  1398  1434 D gralloc_ranchu: gralloc_alloc: Creating ashmem region of size 8298496
06-29 10:42:35.706  1390  2659 W audio_hw_generic: Hardware backing HAL too slow, could only write 0 of 720 frames
06-29 10:42:35.756  1390  2659 I chatty  : uid=1041(audioserver) writer identical 3 lines
06-29 10:42:35.780  1390  2659 W audio_hw_generic: Hardware backing HAL too slow, could only write 0 of 720 frames
06-29 10:42:36.177  1704  1723 I zygote  : NativeAlloc concurrent copying GC freed 23090(1110KB) AllocSpace objects, 0(0B) LOS objects, 45% free, 7MB/13MB, paused 6.451ms total 856.812ms
06-29 10:42:36.296  1398  1434 D gralloc_ranchu: gralloc_alloc: Creating ashmem region of size 8298496
06-29 10:42:36.358 14195 14195 D         : HostConnection::get() New Host Connection established 0x9ba26580, tid 14195
06-29 10:42:36.397  1600  3433 I zygote  : android::hardware::configstore::V1_0::ISurfaceFlingerConfigs::hasWideColorDisplay retrieved: 0
06-29 10:42:36.397  1600  3433 I OpenGLRenderer: Initialized EGL, version 1.4
06-29 10:42:36.405  1600  3433 D OpenGLRenderer: Swap behavior 1
06-29 10:42:36.413  1600  3433 W OpenGLRenderer: Failed to choose config with EGL_SWAP_BEHAVIOR_PRESERVED, retrying without...
06-29 10:42:36.413  1600  3433 D OpenGLRenderer: Swap behavior 0
06-29 10:42:36.432  1600  3433 D EGL_emulation: eglCreateContext: 0xa61b63e0: maj 2 min 0 rcv 2
06-29 10:42:36.461  1600  3433 D EGL_emulation: eglMakeCurrent: 0xa61b63e0: ver 2 0 (tinfo 0x7e593e60)
06-29 10:42:36.629  1600  1621 I ActivityManager: Displayed com.EvilChaotic.ModernWarplanes/com.unity3d.player.UnityPlayerActivity: +1s791ms
06-29 10:42:36.725 14004 14004 I Prime31 : onStop. calling through to GameHelper.onStop
06-29 10:42:36.775  1390  2659 W audio_hw_generic: Not supplying enough data to HAL, expected position 60454281 , only wrote 60454080
06-29 10:42:36.793  1390  2659 W audio_hw_generic: Not supplying enough data to HAL, expected position 60454943 , only wrote 60454800
06-29 10:42:36.794  1390  2659 W audio_hw_generic: Not supplying enough data to HAL, expected position 60454874 , only wrote 60454800
06-29 10:42:36.811  1390  2659 W audio_hw_generic: Not supplying enough data to HAL, expected position 60455585 , only wrote 60455520
06-29 10:42:37.488  1600  1609 I zygote  : NativeAlloc concurrent copying GC freed 4431(428KB) AllocSpace objects, 1(20KB) LOS objects, 29% free, 14MB/20MB, paused 4.869ms total 1.131s
06-29 10:42:37.969  1390  1562 W audio_hw_generic: Not supplying enough data to HAL, expected position 60566089 , only wrote 60510960
06-29 10:42:37.990  1399  1414 D hwcomposer: hw_composer sent 54 syncs in 66s
06-29 10:42:38.031 14195 14211 I Unity   : SystemInfo CPU = Intel x86 SSE3, Cores = 2, Memory = 1512mb
06-29 10:42:38.034 14195 14211 I Unity   : ApplicationInfo com.EvilChaotic.ModernWarplanes version 1.8.27 build 79cb6386-a027-419c-a43d-6f159c32650a
06-29 10:42:38.034 14195 14211 I Unity   : Built from '2018.3/release' branch, Version '2018.3.13f1 (06548a9e9582)', Build type 'Release', Scripting Backend 'mono', CPU 'x86'
06-29 10:42:38.084  1398  1434 D gralloc_ranchu: gralloc_alloc: Creating ashmem region of size 8298496
06-29 10:42:38.225  1398  1434 D gralloc_ranchu: gralloc_alloc: Creating ashmem region of size 8298496
06-29 10:42:38.888  1600  1609 I zygote  : NativeAlloc concurrent copying GC freed 2436(289KB) AllocSpace objects, 5(228KB) LOS objects, 29% free, 14MB/20MB, paused 935us total 904.949ms
06-29 10:42:39.239 14195 14205 I zygote  : Background concurrent copying GC freed 6468(2MB) AllocSpace objects, 2(40KB) LOS objects, 59% free, 1033KB/2MB, paused 7.742ms total 30.406ms
06-29 10:42:39.482 14195 14211 D         : HostConnection::get() New Host Connection established 0x86bed340, tid 14211
06-29 10:42:39.489 14195 14211 I zygote  : android::hardware::configstore::V1_0::ISurfaceFlingerConfigs::hasWideColorDisplay retrieved: 0
06-29 10:42:39.490 14195 14211 E EGL_emulation: [getAttribValue] Bad attribute idx
06-29 10:42:39.490 14195 14211 D EGL_emulation: eglGetConfigAttrib: bad attrib 0x1
06-29 10:42:39.491 14195 14211 E EGL_emulation: tid 14211: eglGetConfigAttrib(894): error 0x3004 (EGL_BAD_ATTRIBUTE)
06-29 10:42:39.509  1398  1434 D gralloc_ranchu: gralloc_alloc: Creating ashmem region of size 8298496
06-29 10:42:39.572 14195 14211 D EGL_emulation: eglCreateContext: 0xa61b7400: maj 2 min 0 rcv 2
06-29 10:42:39.574 14195 14211 D EGL_emulation: eglMakeCurrent: 0xa61b7400: ver 2 0 (tinfo 0xa626cae0)
06-29 10:42:39.605 14195 14211 D Unity   :  GL_EXT_debug_marker GL_OES_EGL_image GL_OES_EGL_image_external GL_OES_depth24 GL_OES_depth32 GL_OES_element_index_uint GL_OES_texture_float GL_OES_texture_float_linear GL_OES_compressed_ETC1_RGB8_texture GL_OES_depth_texture GL_OES_texture_half_float GL_OES_texture_half_float_linear GL_OES_packed_depth_stencil GL_OES_texture_npot GL_OES_rgb8_rgba8 GL_EXT_color_buffer_half_float GL_EXT_texture_format_BGRA8888 ANDROID_EMU_CHECKSUM_HELPER_v1 ANDROID_EMU_dma_v1 GL_OES_vertex_array_object GL_KHR_texture_compression_astc_ldr ANDROID_EMU_gles_max_version_2
06-29 10:42:39.628 14195 14235 D         : HostConnection::get() New Host Connection established 0x86bed980, tid 14235
06-29 10:42:39.631 14195 14235 D EGL_emulation: eglMakeCurrent: 0xa61b7400: ver 2 0 (tinfo 0xa619b1b0)
06-29 10:42:39.636 14195 14211 D EGL_emulation: eglMakeCurrent: 0xa61b7400: ver 2 0 (tinfo 0xa626cae0)
06-29 10:42:39.641 14195 14235 D EGL_emulation: eglMakeCurrent: 0xa61b7400: ver 2 0 (tinfo 0xa619b1b0)
06-29 10:42:39.648 14195 14211 D EGL_emulation: eglMakeCurrent: 0xa61b7400: ver 2 0 (tinfo 0xa626cae0)
06-29 10:42:39.665 14195 14235 D EGL_emulation: eglMakeCurrent: 0xa61b7400: ver 2 0 (tinfo 0xa619b1b0)
06-29 10:42:39.903  1473  6244 W AudioFlinger: createTrack_l(): mismatch between requested flags (00000008) and output flags (00000006)
06-29 10:42:39.904 14195 14236 D AudioTrack: Client defaulted notificationFrames to 1365 for frameCount 4096
06-29 10:42:39.913 14195 14236 W AudioTrack: Use of stream types is deprecated for operations other than volume control
06-29 10:42:39.913 14195 14236 W AudioTrack: See the documentation of AudioTrack() for what to use instead with android.media.AudioAttributes to qualify your playback use case
06-29 10:42:39.915  1600  1792 V MediaRouterService: restoreBluetoothA2dp(false)
06-29 10:42:39.921  1390  2659 W audio_hw_generic: Not supplying enough data to HAL, expected position 60511169 , only wrote 60510960
06-29 10:42:40.970  1473  1561 D AudioFlinger: mixer(0xa6c83380) throttle end: throttle time(1)
06-29 10:42:41.321  1390  2659 W audio_hw_generic: Not supplying enough data to HAL, expected position 60578161 , only wrote 60577920
06-29 10:42:41.322  1390  2659 W audio_hw_generic: Not supplying enough data to HAL, expected position 60577951 , only wrote 60577920
06-29 10:42:41.337  1390  2659 W audio_hw_generic: Not supplying enough data to HAL, expected position 60578645 , only wrote 60578640
06-29 10:42:41.360  1473  1561 D AudioFlinger: mixer(0xa6c83380) throttle end: throttle time(3)
06-29 10:42:42.988  1390  2659 W audio_hw_generic: Not supplying enough data to HAL, expected position 60657886 , only wrote 60657840
06-29 10:42:44.003 14195 14211 W Unity   : OnLevelWasLoaded was found on AntiCheat
06-29 10:42:44.003 14195 14211 W Unity   : This message has been deprecated and will be removed in a later version of Unity.
06-29 10:42:44.003 14195 14211 W Unity   : Add a delegate to SceneManager.sceneLoaded instead to get notifications after scene loading has completed
06-29 10:42:44.003 14195 14211 W Unity   :  
06-29 10:42:44.003 14195 14211 W Unity   : (Filename:  Line: 356)
06-29 10:42:44.003 14195 14211 W Unity   : 
06-29 10:42:44.074 14195 14211 W Unity   : OnLevelWasLoaded was found on InjectionDetector
06-29 10:42:44.074 14195 14211 W Unity   : This message has been deprecated and will be removed in a later version of Unity.
06-29 10:42:44.074 14195 14211 W Unity   : Add a delegate to SceneManager.sceneLoaded instead to get notifications after scene loading has completed
06-29 10:42:44.074 14195 14211 W Unity   :  
06-29 10:42:44.074 14195 14211 W Unity   : (Filename:  Line: 356)
06-29 10:42:44.074 14195 14211 W Unity   : 
06-29 10:42:44.138  1390  2659 W audio_hw_generic: Not supplying enough data to HAL, expected position 60713041 , only wrote 60712560
06-29 10:42:44.139  1390  2659 W audio_hw_generic: Not supplying enough data to HAL, expected position 60712605 , only wrote 60712560
06-29 10:42:44.156  1390  2659 W audio_hw_generic: Not supplying enough data to HAL, expected position 60713388 , only wrote 60713280
06-29 10:42:44.190  1390  2659 W audio_hw_generic: Not supplying enough data to HAL, expected position 60714896 , only wrote 60714720
06-29 10:42:44.226  1390  2659 W audio_hw_generic: Not supplying enough data to HAL, expected position 60716454 , only wrote 60716160
06-29 10:42:44.282 14195 14211 W Unity   : OnLevelWasLoaded was found on ObjectsPoolsManager
06-29 10:42:44.282 14195 14211 W Unity   : This message has been deprecated and will be removed in a later version of Unity.
06-29 10:42:44.282 14195 14211 W Unity   : Add a delegate to SceneManager.sceneLoaded instead to get notifications after scene loading has completed
06-29 10:42:44.282 14195 14211 W Unity   :  
06-29 10:42:44.282 14195 14211 W Unity   : (Filename:  Line: 356)
06-29 10:42:44.282 14195 14211 W Unity   : 
06-29 10:42:44.373 14195 14211 W Unity   : OnLevelWasLoaded was found on BB_Settings
06-29 10:42:44.373 14195 14211 W Unity   : This message has been deprecated and will be removed in a later version of Unity.
06-29 10:42:44.373 14195 14211 W Unity   : Add a delegate to SceneManager.sceneLoaded instead to get notifications after scene loading has completed
06-29 10:42:44.373 14195 14211 W Unity   :  
06-29 10:42:44.373 14195 14211 W Unity   : (Filename:  Line: 356)
06-29 10:42:44.373 14195 14211 W Unity   : 
06-29 10:42:44.418 14195 14211 W Unity   : OnLevelWasLoaded was found on AnalyticsBehaviour
06-29 10:42:44.418 14195 14211 W Unity   : This message has been deprecated and will be removed in a later version of Unity.
06-29 10:42:44.418 14195 14211 W Unity   : Add a delegate to SceneManager.sceneLoaded instead to get notifications after scene loading has completed
06-29 10:42:44.418 14195 14211 W Unity   :  
06-29 10:42:44.418 14195 14211 W Unity   : (Filename:  Line: 356)
06-29 10:42:44.418 14195 14211 W Unity   : 
06-29 10:42:44.424 14004 14184 I UnityAds: com.unity3d.services.core.api.Sdk.logInfo() (line:69) :: Requesting configuration from https://publisher-config.unityads.unity3d.com/games/64136/configuration?bundleId=com.skgames.trafficrider&encrypted=true&rooted=false&platform=android&sdkVersion=3003&osVersion=8.1.0&deviceModel=Android%20SDK%20built%20for%20x86&language=en_US&test=false&analyticsSessionId=1318181815567720288&deviceMake=Google&advertisingTrackingId=5abff647-1769-453d-a781-f50df938ad7a&limitAdTracking=false&frameworkName=Unity&frameworkVersion=2017.4.25f1&adapterName=AssetStore&adapterVersion=3.0.3
06-29 10:42:44.754 14195 14211 W Unity   : OnLevelWasLoaded was found on LegionStateMachine
06-29 10:42:44.754 14195 14211 W Unity   : This message has been deprecated and will be removed in a later version of Unity.
06-29 10:42:44.754 14195 14211 W Unity   : Add a delegate to SceneManager.sceneLoaded instead to get notifications after scene loading has completed
06-29 10:42:44.754 14195 14211 W Unity   :  
06-29 10:42:44.754 14195 14211 W Unity   : (Filename:  Line: 356)
06-29 10:42:44.754 14195 14211 W Unity   : 
06-29 10:42:44.766 14195 14211 W Unity   : OnLevelWasLoaded was found on ObscuredCheatingDetector
06-29 10:42:44.766 14195 14211 W Unity   : This message has been deprecated and will be removed in a later version of Unity.
06-29 10:42:44.766 14195 14211 W Unity   : Add a delegate to SceneManager.sceneLoaded instead to get notifications after scene loading has completed
06-29 10:42:44.766 14195 14211 W Unity   :  
06-29 10:42:44.766 14195 14211 W Unity   : (Filename:  Line: 356)
06-29 10:42:44.766 14195 14211 W Unity   : 
06-29 10:42:45.379 14195 14211 W Unity   : OnLevelWasLoaded was found on BB_LodoutData
06-29 10:42:45.379 14195 14211 W Unity   : This message has been deprecated and will be removed in a later version of Unity.
06-29 10:42:45.379 14195 14211 W Unity   : Add a delegate to SceneManager.sceneLoaded instead to get notifications after scene loading has completed
06-29 10:42:45.379 14195 14211 W Unity   :  
06-29 10:42:45.379 14195 14211 W Unity   : (Filename:  Line: 356)
06-29 10:42:45.379 14195 14211 W Unity   : 
06-29 10:42:45.467 14195 14211 W Unity   : OnLevelWasLoaded was found on SpeedHackDetector
06-29 10:42:45.467 14195 14211 W Unity   : This message has been deprecated and will be removed in a later version of Unity.
06-29 10:42:45.467 14195 14211 W Unity   : Add a delegate to SceneManager.sceneLoaded instead to get notifications after scene loading has completed
06-29 10:42:45.467 14195 14211 W Unity   :  
06-29 10:42:45.467 14195 14211 W Unity   : (Filename:  Line: 356)
06-29 10:42:45.467 14195 14211 W Unity   : 
06-29 10:42:45.471 14195 14211 W Unity   : OnLevelWasLoaded was found on WallHackDetector
06-29 10:42:45.471 14195 14211 W Unity   : This message has been deprecated and will be removed in a later version of Unity.
06-29 10:42:45.471 14195 14211 W Unity   : Add a delegate to SceneManager.sceneLoaded instead to get notifications after scene loading has completed
06-29 10:42:45.471 14195 14211 W Unity   :  
06-29 10:42:45.471 14195 14211 W Unity   : (Filename:  Line: 356)
06-29 10:42:45.471 14195 14211 W Unity   : 
06-29 10:42:45.638  1390  2659 W audio_hw_generic: Not supplying enough data to HAL, expected position 60783936 , only wrote 60783840
06-29 10:42:45.638  1390  2659 W audio_hw_generic: Not supplying enough data to HAL, expected position 60783880 , only wrote 60783840
06-29 10:42:45.672  1473  1561 D AudioFlinger: mixer(0xa6c83380) throttle end: throttle time(5)
06-29 10:42:45.715 14195 14211 W Unity   : OnLevelWasLoaded was found on SkillSystem
06-29 10:42:45.715 14195 14211 W Unity   : This message has been deprecated and will be removed in a later version of Unity.
06-29 10:42:45.715 14195 14211 W Unity   : Add a delegate to SceneManager.sceneLoaded instead to get notifications after scene loading has completed
06-29 10:42:45.715 14195 14211 W Unity   :  
06-29 10:42:45.715 14195 14211 W Unity   : (Filename:  Line: 356)
06-29 10:42:45.715 14195 14211 W Unity   : 
06-29 10:42:46.894 14004 14004 W Ads     : GET LOCATION COMPILED
06-29 10:42:46.942 14004 14004 I ExoPlayerImpl: Init 1.3.1
06-29 10:42:46.952 14004 14184 I UnityAds: com.unity3d.services.core.api.Sdk.logInfo() (line:69) :: Received configuration for token eyJhbGciOiJIUzI1NiIsInR5cCI6IkpXVCJ9.eyJhdWMiOjE4NywiY3BpIjoxNzcsImlhcCI6MTkyLCJsdHYiOjE2LCJwcm8iOjM3LCJ4cHIiOjY1LCJzdWIiOiJUN09WcTJkdmdZSFY0bG5Ja2lRS1lPN0E3b2h6akxJR3FoM0hVMDdVc0FtN2J4ZTkrRFQzRklnTTd2SjcwcWdiUitCVVFRPT0iLCJpYXQiOjE1NjE4MTkzNjQsImV4cCI6MTU2MzAyODk2NCwiaXNzIjoiY29tZXQudW5pdHlhZHMudW5pdHkzZC5jb20iLCJjcmVhdGVkIjoxNTU3NDQzMjUyMDAwfQ.X6AHxxWuiMR3DVFdBe3PTowt97pYw0Yb3MPNRylNg-8 (A/B group 8)
06-29 10:42:46.994 14004 14180 I zygote  : Deoptimizing java.lang.Object com.google.android.gms.ads.internal.config.k.a(com.google.android.gms.ads.internal.config.c) due to JIT inline cache
06-29 10:42:47.374  1390  2659 W audio_hw_generic: Not supplying enough data to HAL, expected position 60867143 , only wrote 60866640
06-29 10:42:47.485 14195 14211 D EGL_emulation: eglMakeCurrent: 0xa61b7400: ver 2 0 (tinfo 0xa626cae0)
06-29 10:42:47.493 14195 14211 D EGL_emulation: eglMakeCurrent: 0xa61b7400: ver 2 0 (tinfo 0xa626cae0)
06-29 10:42:47.507 14195 14235 D EGL_emulation: eglMakeCurrent: 0xa61b7400: ver 2 0 (tinfo 0xa619b1b0)
06-29 10:42:47.554 14195 14211 V MediaRouter: Adding route: RouteInfo{ name=Phone, description=null, status=null, category=RouteCategory{ name=System types=ROUTE_TYPE_LIVE_AUDIO ROUTE_TYPE_LIVE_VIDEO  groupable=false }, supportedTypes=ROUTE_TYPE_LIVE_AUDIO ROUTE_TYPE_LIVE_VIDEO , presentationDisplay=null }
06-29 10:42:47.614 14195 14211 V MediaRouter: Selecting route: RouteInfo{ name=Phone, description=null, status=null, category=RouteCategory{ name=System types=ROUTE_TYPE_LIVE_AUDIO ROUTE_TYPE_LIVE_VIDEO  groupable=false }, supportedTypes=ROUTE_TYPE_LIVE_AUDIO ROUTE_TYPE_LIVE_VIDEO , presentationDisplay=null }
06-29 10:42:48.074 14004 14256 I OMXClient: Treble IOmx obtained
06-29 10:42:48.081  1485  1770 I OMXMaster: makeComponentInstance(OMX.google.aac.decoder) in omx@1.0-service process
06-29 10:42:48.083 14004 14004 I Unity   : Could not load type 'UnityEngine.Analytics.AnalyticsEvent,Unity.Analytics.StandardEvents'.
06-29 10:42:48.083 14004 14004 I Unity   :  
06-29 10:42:48.083 14004 14004 I Unity   : (Filename: /Users/builduser/buildslave/unity/build/artifacts/generated/common/runtime/DebugBindings.gen.cpp Line: 51)
06-29 10:42:48.083 14004 14004 I Unity   : 
06-29 10:42:48.150  1485 12422 E OMXNodeInstance: getConfig(0xaad1f240:google.aac.decoder, ConfigAndroidVendorExtension(0x6f100004)) ERROR: Undefined(0x80001001)
06-29 10:42:48.168  1389  1389 W /system/bin/hw/android.hidl.allocator@1.0-service: ashmem_create_region(8192) returning hidl_memory(0xb1b1b830, 8192)
06-29 10:42:48.192  1389  1389 I chatty  : uid=1000(system) allocator@1.0-s identical 2 lines
06-29 10:42:48.197  1389  1389 W /system/bin/hw/android.hidl.allocator@1.0-service: ashmem_create_region(8192) returning hidl_memory(0xb1b1b830, 8192)
06-29 10:42:48.207  1389  1389 W /system/bin/hw/android.hidl.allocator@1.0-service: ashmem_create_region(32768) returning hidl_memory(0xb1b1b830, 32768)
06-29 10:42:48.215  1389  1389 I chatty  : uid=1000(system) allocator@1.0-s identical 2 lines
06-29 10:42:48.218  1389  1389 W /system/bin/hw/android.hidl.allocator@1.0-service: ashmem_create_region(32768) returning hidl_memory(0xb1b1b830, 32768)
06-29 10:42:48.241  1485 14258 I SoftAAC2: Reconfiguring decoder: 0->44100 Hz, 0->2 channels
06-29 10:42:48.248 14004 14004 I Choreographer: Skipped 55 frames!  The application may be doing too much work on its main thread.
06-29 10:42:48.281  1389  1389 W /system/bin/hw/android.hidl.allocator@1.0-service: ashmem_create_region(32768) returning hidl_memory(0xb1b1b830, 32768)
06-29 10:42:48.292  1389  1389 I chatty  : uid=1000(system) allocator@1.0-s identical 2 lines
06-29 10:42:48.299  1389  1389 W /system/bin/hw/android.hidl.allocator@1.0-service: ashmem_create_region(32768) returning hidl_memory(0xb1b1b830, 32768)
06-29 10:42:48.357  1473  6244 W AudioFlinger: createTrack_l(): mismatch between requested flags (00000008) and output flags (00000006)
06-29 10:42:48.361 14004 14253 D AudioTrack: Client defaulted notificationFrames to 3675 for frameCount 11025
06-29 10:42:48.364 14004 14253 W AudioTrack: Use of stream types is deprecated for operations other than volume control
06-29 10:42:48.364 14004 14253 W AudioTrack: See the documentation of AudioTrack() for what to use instead with android.media.AudioAttributes to qualify your playback use case
06-29 10:42:48.707 14004 14009 I zygote  : Do partial code cache collection, code=62KB, data=58KB
06-29 10:42:48.708 14004 14009 I zygote  : After code cache collection, code=53KB, data=54KB
06-29 10:42:48.710 14004 14009 I zygote  : Increasing code cache capacity to 256KB
06-29 10:42:48.886  1398  1434 D gralloc_ranchu: gralloc_alloc: Creating ashmem region of size 8298496
06-29 10:42:48.926  1390  2659 W audio_hw_generic: Not supplying enough data to HAL, expected position 60941117 , only wrote 60940800
06-29 10:42:48.950  1390  2659 W audio_hw_generic: Not supplying enough data to HAL, expected position 60941951 , only wrote 60941520
06-29 10:42:48.951  1390  2659 W audio_hw_generic: Not supplying enough data to HAL, expected position 60941592 , only wrote 60941520
06-29 10:42:48.959  1473  1561 D AudioFlinger: mixer(0xa6c83380) throttle end: throttle time(12)
06-29 10:42:48.967  1390  2659 W audio_hw_generic: Not supplying enough data to HAL, expected position 60942261 , only wrote 60942240
06-29 10:42:48.998  1398  1434 D gralloc_ranchu: gralloc_alloc: Creating ashmem region of size 8298496
06-29 10:42:49.000  1390  2659 W audio_hw_generic: Hardware backing HAL too slow, could only write 0 of 720 frames
06-29 10:42:49.120  1390  2659 I chatty  : uid=1041(audioserver) writer identical 8 lines
06-29 10:42:49.136  1390  2659 W audio_hw_generic: Hardware backing HAL too slow, could only write 0 of 720 frames
06-29 10:42:49.515  1473  1561 D AudioFlinger: mixer(0xa6c83380) throttle end: throttle time(3)
06-29 10:42:50.238  1473  1561 D AudioFlinger: mixer(0xa6c83380) throttle end: throttle time(3)
06-29 10:42:50.317  1390  2659 W audio_hw_generic: Not supplying enough data to HAL, expected position 61007060 , only wrote 61007040
06-29 10:42:50.337  1473  1561 D AudioFlinger: mixer(0xa6c83380) throttle end: throttle time(1)
06-29 10:42:50.604  1473  1561 D AudioFlinger: mixer(0xa6c83380) throttle end: throttle time(1)
06-29 10:42:50.692  1390  2659 W audio_hw_generic: Not supplying enough data to HAL, expected position 61025060 , only wrote 61025040
06-29 10:42:50.708  1390  2659 W audio_hw_generic: Not supplying enough data to HAL, expected position 61025766 , only wrote 61025760
06-29 10:42:50.742  1473  1561 D AudioFlinger: mixer(0xa6c83380) throttle end: throttle time(17)
06-29 10:42:50.933  1390  2659 W audio_hw_generic: Not supplying enough data to HAL, expected position 61036565 , only wrote 61036560
06-29 10:42:50.948  1390  2659 W audio_hw_generic: Not supplying enough data to HAL, expected position 61037305 , only wrote 61037280
06-29 10:42:51.194  1390  2659 W audio_hw_generic: Not supplying enough data to HAL, expected position 61049070 , only wrote 61048080
06-29 10:42:51.194  1390  2659 W audio_hw_generic: Not supplying enough data to HAL, expected position 61048088 , only wrote 61048080
06-29 10:42:51.210  1390  2659 W audio_hw_generic: Not supplying enough data to HAL, expected position 61048841 , only wrote 61048800
06-29 10:42:51.224  1473  1561 D AudioFlinger: mixer(0xa6c83380) throttle end: throttle time(10)
06-29 10:42:51.907 14004 14004 I DynamiteModule: Considering local module com.google.android.gms.ads.dynamite:0 and remote module com.google.android.gms.ads.dynamite:20300
06-29 10:42:51.907 14004 14004 I DynamiteModule: Selected remote version of com.google.android.gms.ads.dynamite, version >= 20300
06-29 10:42:52.009 14004 14004 D Prime31 : rewardBasedAd: onRewardedVideoAdLoaded
06-29 10:42:52.051  1600  1613 E memtrack: Couldn't load memtrack module
06-29 10:42:52.052  1600  1613 W android.os.Debug: failed to get memory consumption info: -1
06-29 10:42:52.166 14004 14004 D OpenGLRenderer: HWUI GL Pipeline
06-29 10:42:52.501  1473  1561 D AudioFlinger: mixer(0xa6c83380) throttle end: throttle time(7)
06-29 10:42:52.702  1600  1613 E memtrack: Couldn't load memtrack module
06-29 10:42:52.702  1600  1613 W android.os.Debug: failed to get memory consumption info: -1
06-29 10:42:54.082  1964  1964 I GeofencerStateMachine: sendNewTransitions called.
06-29 10:42:54.337 14004 14004 W Ads     : GET LOCATION COMPILED
06-29 10:42:54.529 14195 14211 D UnityAds: com.unity3d.ads.cache.CacheDirectory.getCacheDirectory() (line:42) :: Unity Ads is using external cache directory: /storage/emulated/0/Android/data/com.EvilChaotic.ModernWarplanes/cache/UnityAdsCache
06-29 10:42:54.552 14195 14211 D UnityAds: com.unity3d.ads.misc.Utilities.writeFile() (line:105) :: Wrote file: /storage/emulated/0/Android/data/com.EvilChaotic.ModernWarplanes/cache/UnityAdsCache/UnityAdsStorage-public-data.json
06-29 10:42:54.557 14195 14211 D UnityAds: com.unity3d.ads.device.Storage.sendEvent() (line:82) :: Couldn't send storage event to WebApp
06-29 10:42:54.588 14195 14211 D UnityAds: com.unity3d.ads.misc.Utilities.writeFile() (line:105) :: Wrote file: /storage/emulated/0/Android/data/com.EvilChaotic.ModernWarplanes/cache/UnityAdsCache/UnityAdsStorage-public-data.json
06-29 10:42:54.590 14195 14211 D UnityAds: com.unity3d.ads.device.Storage.sendEvent() (line:82) :: Couldn't send storage event to WebApp
06-29 10:42:54.758 14195 14211 D UnityAds: com.unity3d.ads.UnityAds.initialize() (line:109) :: ENTERED METHOD
06-29 10:42:54.767 14195 14211 I UnityAds: com.unity3d.ads.UnityAds.initialize() (line:148) :: Initializing Unity Ads 2.1.1 (2101) with game id 1452279 in production mode
06-29 10:42:54.824 14195 14211 I UnityAds: com.unity3d.ads.UnityAds.initialize() (line:160) :: Unity Ads environment check OK
06-29 10:42:54.861 14262 14262 D AndroidRuntime: >>>>>> START com.android.internal.os.RuntimeInit uid 2000 <<<<<<
06-29 10:42:55.015 14262 14262 W app_process: Could not reserve sentinel fault page
06-29 10:42:55.198 14004 14184 I UnityAds: com.unity3d.services.core.api.Sdk.logInfo() (line:69) :: Requesting ad plan from https://auction.unityads.unity3d.com/v5/games/64136/requests?advertisingTrackingId=5abff647-1769-453d-a781-f50df938ad7a&limitAdTracking=false&deviceModel=Android%20SDK%20built%20for%20x86&platform=android&sdkVersion=3003&stores=google&deviceMake=Google&screenSize=268435794&screenDensity=420&apiLevel=27&screenWidth=1794&screenHeight=1080&connectionType=wifi&networkType=13
06-29 10:42:55.264 14195 14273 I UnityAds: com.unity3d.ads.configuration.InitializeThread$InitializeStateConfig.execute() (line:214) :: Unity Ads init: load configuration from https://config.unityads.unity3d.com/webview/2.1.1/release/config.json
06-29 10:42:55.361 14195 14273 D NetworkSecurityConfig: No Network Security Config specified, using platform default
06-29 10:42:56.272 14004 14004 I DynamiteModule: Considering local module com.google.android.gms.ads.dynamite:0 and remote module com.google.android.gms.ads.dynamite:20300
06-29 10:42:56.272 14004 14004 I DynamiteModule: Selected remote version of com.google.android.gms.ads.dynamite, version >= 20300
06-29 10:42:56.420 14004 14004 D Prime31 : interstitial: onReceiveAd
06-29 10:42:56.589 14262 14262 W app_process: Unexpected CPU variant for X86 using defaults: x86
06-29 10:42:56.732 14262 14262 I app_process: The ClassLoaderContext is a special shared library.
06-29 10:42:56.944 14195 14273 I UnityAds: com.unity3d.ads.configuration.InitializeThread$InitializeStateLoadCache.execute() (line:267) :: Unity Ads init: webapp loaded from local cache
06-29 10:42:56.947 14195 14205 I zygote  : Background concurrent copying GC freed 15833(1021KB) AllocSpace objects, 7(204KB) LOS objects, 38% free, 9MB/15MB, paused 10.170ms total 210.983ms
06-29 10:42:57.032 14262 14262 D AndroidRuntime: Calling main entry com.android.commands.monkey.Monkey
06-29 10:42:57.035 14262 14262 W Monkey  : args: [-p, com.ea.games.r3_row, -c, android.intent.category.LAUNCHER, 1]
06-29 10:42:57.036 14262 14262 W Monkey  :  arg: "-p"
06-29 10:42:57.039 14262 14262 W Monkey  :  arg: "com.ea.games.r3_row"
06-29 10:42:57.060 14262 14262 W Monkey  :  arg: "-c"
06-29 10:42:57.062 14262 14262 W Monkey  :  arg: "android.intent.category.LAUNCHER"
06-29 10:42:57.065 14262 14262 W Monkey  :  arg: "1"
06-29 10:42:57.066 14262 14262 W Monkey  : data="com.ea.games.r3_row"
06-29 10:42:57.068 14262 14262 W Monkey  : data="android.intent.category.LAUNCHER"
06-29 10:42:57.126 14195 14195 I WebViewFactory: Loading com.android.chrome version 74.0.3729.157 (code 372915712)
06-29 10:42:57.317  1600  1614 W BroadcastQueue: Skipping deliver [background] BroadcastRecord{597dafb u-1 android.net.conn.CONNECTIVITY_CHANGE} to ReceiverList{f82e718 14262 (unknown name)/2000/u-1 remote:2424ef5}: process gone or crashing
06-29 10:42:57.479 14004 14064 W OkHttpClient: A connection to https://googleads.g.doubleclick.net/ was leaked. Did you forget to close a response body?
06-29 10:42:57.641 14195 14195 I cr_LibraryLoader: Time to load native libraries: 8 ms (timestamps 4303-4311)
06-29 10:42:57.761 14195 14195 I chromium: [INFO:library_loader_hooks.cc(50)] Chromium logging enabled: level = 0, default verbosity = 0
06-29 10:42:57.762 14195 14195 I cr_LibraryLoader: Expected native library version number "74.0.3729.157", actual native library version number "74.0.3729.157"
06-29 10:42:57.851 14195 14293 W cr_ChildProcLH: Create a new ChildConnectionAllocator with package name = com.android.chrome, sandboxed = true
06-29 10:42:57.864 14004 14184 I UnityAds: com.unity3d.services.core.api.Sdk.logInfo() (line:69) :: AdPlan received with 1 campaigns and refreshDelay 0
06-29 10:42:57.877 14195 14195 I cr_BrowserStartup: Initializing chromium process, singleProcess=false
06-29 10:42:57.889  1600  2369 I ActivityManager: START u0 {act=android.intent.action.MAIN cat=[android.intent.category.LAUNCHER] flg=0x10200000 cmp=com.ea.games.r3_row/com.firemint.realracing.UnpackAssetsActivity} from uid 2000
06-29 10:42:57.903 14195 14195 W ResourceType: Failure getting entry for 0x7f130526 (t=18 e=1318) (error -2147483647)
06-29 10:42:57.909  1600  2369 W Binder  : Outgoing transactions from this process must be FLAG_ONEWAY
06-29 10:42:57.909  1600  2369 W Binder  : java.lang.Throwable
06-29 10:42:57.909  1600  2369 W Binder  : 	at android.os.BinderProxy.transact(Binder.java:752)
06-29 10:42:57.909  1600  2369 W Binder  : 	at android.app.IActivityController$Stub$Proxy.activityStarting(IActivityController.java:172)
06-29 10:42:57.909  1600  2369 W Binder  : 	at com.android.server.am.ActivityStarter.startActivity(ActivityStarter.java:449)
06-29 10:42:57.909  1600  2369 W Binder  : 	at com.android.server.am.ActivityStarter.startActivityLocked(ActivityStarter.java:278)
06-29 10:42:57.909  1600  2369 W Binder  : 	at com.android.server.am.ActivityStarter.startActivityMayWait(ActivityStarter.java:817)
06-29 10:42:57.909  1600  2369 W Binder  : 	at com.android.server.am.ActivityManagerService.startActivityAsUser(ActivityManagerService.java:4532)
06-29 10:42:57.909  1600  2369 W Binder  : 	at com.android.server.am.ActivityManagerService.startActivity(ActivityManagerService.java:4519)
06-29 10:42:57.909  1600  2369 W Binder  : 	at android.app.IActivityManager$Stub.onTransact(IActivityManager.java:121)
06-29 10:42:57.909  1600  2369 W Binder  : 	at com.android.server.am.ActivityManagerService.onTransact(ActivityManagerService.java:2919)
06-29 10:42:57.909  1600  2369 W Binder  : 	at android.os.Binder.execTransact(Binder.java:697)
06-29 10:42:58.029 14262 14262 I Monkey  : Events injected: 1
06-29 10:42:58.048 14298 14298 E /system/bin/webview_zygote32: Failed to make and chown /acct/uid_99017: Permission denied
