--------- beginning of main
07-03 21:48:58.439 14699 14709 I zygote  : Background concurrent copying GC freed 292067(6MB) AllocSpace objects, 0(0B) LOS objects, 19% free, 24MB/30MB, paused 1.183ms total 306.337ms
07-03 21:48:58.747  1604  1613 I zygote  : Background concurrent copying GC freed 61959(2MB) AllocSpace objects, 9(692KB) LOS objects, 6% free, 82MB/88MB, paused 4.712ms total 801.442ms
07-03 21:49:00.412 14699 14709 I zygote  : Background concurrent copying GC freed 292501(6MB) AllocSpace objects, 0(0B) LOS objects, 19% free, 24MB/30MB, paused 1.931ms total 260.146ms
--------- beginning of system
07-03 21:49:01.435  1604  5750 I ActivityManager: START u0 {act=android.intent.action.MAIN cat=[android.intent.category.HOME] flg=0x10000000 cmp=com.google.android.apps.nexuslauncher/.NexusLauncherActivity} from uid 2000
07-03 21:49:01.477  1604  3712 I GnssLocationProvider: WakeLock acquired by sendMessage(SET_REQUEST, 0, com.android.server.location.GnssLocationProvider$GpsRequest@343f141)
07-03 21:49:01.487  1604  1617 I GnssLocationProvider: WakeLock released by handleMessage(SET_REQUEST, 0, com.android.server.location.GnssLocationProvider$GpsRequest@343f141)
07-03 21:49:01.494 14699 14699 D net.osmand: Disable sensor
07-03 21:49:01.527  1402  1439 D gralloc_ranchu: gralloc_alloc: Creating ashmem region of size 8298496
07-03 21:49:01.584 14699 14699 I net.osmand: MapRenderRepositories RENDER MAP: Interrupt rendering map
07-03 21:49:01.586  1402  1439 D gralloc_ranchu: gralloc_alloc: Creating ashmem region of size 8298496
07-03 21:49:01.661 14699 14735 D EGL_emulation: eglMakeCurrent: 0xa5805720: ver 2 0 (tinfo 0xa5803350)
07-03 21:49:01.671  1402  1439 D gralloc_ranchu: gralloc_alloc: Creating ashmem region of size 8298496
07-03 21:49:01.743  1412  1412 D SurfaceFlinger: duplicate layer name: changing com.google.android.apps.nexuslauncher/com.google.android.apps.nexuslauncher.NexusLauncherActivity to com.google.android.apps.nexuslauncher/com.google.android.apps.nexuslauncher.NexusLauncherActivity#1
07-03 21:49:01.782  1402  1439 D gralloc_ranchu: gralloc_alloc: Creating ashmem region of size 8298496
07-03 21:49:01.839  1402  1439 D gralloc_ranchu: gralloc_alloc: Creating ashmem region of size 8298496
07-03 21:49:01.905  1402  1440 D gralloc_ranchu: gralloc_alloc: Creating ashmem region of size 8298496
07-03 21:49:01.987  2061  2124 D EGL_emulation: eglMakeCurrent: 0xa5806680: ver 2 0 (tinfo 0xa5803c60)
07-03 21:49:02.047  1970  1970 I GeofencerStateMachine: sendNewLocationAvailability: availability=LocationAvailability[isLocationAvailable: true]
07-03 21:49:02.052  1604  1619 W Looper  : Dispatch took 160ms on android.ui, h=Handler (com.android.server.am.ActivityManagerService$UiHandler) {63b7718} cb=null msg=53
07-03 21:49:02.064 10677 10709 D EGL_emulation: eglMakeCurrent: 0xa58055a0: ver 2 0 (tinfo 0xa58034d0)
07-03 21:49:02.137  1402  1440 D gralloc_ranchu: gralloc_alloc: Creating ashmem region of size 8298496
07-03 21:49:02.158  1707  1933 D EGL_emulation: eglMakeCurrent: 0x91a91b00: ver 2 0 (tinfo 0x91b96990)
07-03 21:49:02.185  1412  1412 E EGL_emulation: tid 1412: eglCreateSyncKHR(1962): error 0x3004 (EGL_BAD_ATTRIBUTE)
07-03 21:49:02.291 10677 10677 W ThreadPoolDumper: Queue length for executor EventBus is now 11. Perhaps some tasks are too long, or the pool is too small.
07-03 21:49:02.395  1707  1933 D EGL_emulation: eglMakeCurrent: 0x91a91b00: ver 2 0 (tinfo 0x91b96990)
07-03 21:49:02.427  1707  1933 D EGL_emulation: eglMakeCurrent: 0x91a91b00: ver 2 0 (tinfo 0x91b96990)
07-03 21:49:02.482 10677 10711 W SessionLifecycleManager: Handover failed. Creating new session controller.
07-03 21:49:02.528  2061  2124 W OpenGLRenderer: Incorrectly called buildLayer on View: ShortcutAndWidgetContainer, destroying layer...
07-03 21:49:02.528  2061  2124 W OpenGLRenderer: Incorrectly called buildLayer on View: ShortcutAndWidgetContainer, destroying layer...
07-03 21:49:02.603  2061  2074 I zygote  : NativeAlloc concurrent copying GC freed 11228(614KB) AllocSpace objects, 11(3MB) LOS objects, 49% free, 4MB/9MB, paused 2.079ms total 649.545ms
07-03 21:49:02.643 14699 23756 E FA      : Task exception on worker thread: java.lang.IllegalAccessError: Method 'void android.support.v4.content.ContextCompat.<init>()' is inaccessible to class 'com.google.firebase.iid.zzg' (declaration of 'com.google.firebase.iid.zzg' appears in /data/app/net.osmand-3e2027wrPNiMXbTSfYMHIA==/base.apk): com.google.android.gms.measurement.internal.zzt.zzEd(Unknown Source:3)
07-03 21:49:02.861  1707  1933 D EGL_emulation: eglMakeCurrent: 0x91a91b00: ver 2 0 (tinfo 0x91b96990)
07-03 21:49:02.986  1707  1729 I zygote  : NativeAlloc concurrent copying GC freed 87592(3MB) AllocSpace objects, 0(0B) LOS objects, 39% free, 9MB/15MB, paused 12.892ms total 743.871ms
07-03 21:49:03.035  1604  1853 I WifiService: getWifiEnabledState uid=10032
07-03 21:49:03.075  1604  1853 I WifiService: getWifiEnabledState uid=10032
07-03 21:49:03.092 10677 23432 W LocationOracle: No location history returned by ContextManager
07-03 21:49:03.149 10677 10711 I MicroDetectionWorker: #startMicroDetector [speakerMode: 0]
07-03 21:49:03.161 10677 10711 W ErrorReporter: reportError [type: 211, code: 393244, bug: 0]: errorCode: 393244, engine: 0
07-03 21:49:03.179 10677 10711 I MicroDetector: Keeping mic open: false
07-03 21:49:03.180 10677 10711 I MicroDetectionWorker: #onError(false)
07-03 21:49:03.413  1970  1970 I GeofencerStateMachine: removeGeofences: removeRequest=RemoveGeofencingRequest[REMOVE_BY_PENDING_INTENT pendingIntent=PendingIntent[creatorPackage=com.google.android.gms], packageName=com.google.android.gms]
07-03 21:49:03.423  1970  1970 I GeofencerStateMachine: removeGeofences: removeRequest=RemoveGeofencingRequest[REMOVE_BY_PENDING_INTENT pendingIntent=PendingIntent[creatorPackage=com.google.android.gms], packageName=com.google.android.gms]
07-03 21:49:03.435  1970  1970 I GeofencerStateMachine: sendNewLocationAvailability: availability=LocationAvailability[isLocationAvailable: true]
07-03 21:49:03.447  1970  1970 I GeofencerStateMachine: removeGeofences: removeRequest=RemoveGeofencingRequest[REMOVE_BY_PENDING_INTENT pendingIntent=PendingIntent[creatorPackage=com.google.android.gms], packageName=com.google.android.gms]
07-03 21:49:03.495  1970 23712 W ctxmgr  : [AclManager] No 3 for (accnt=account#1066226748#, com.google.android.gms(10014):UserVelocityProducer, vrsn=17785022, 0, 3pPkg = null ,  3pMdlId = null ,  pid = 1970). Was: 2 for 1, account#1066226748# [CONTEXT service_id=47 ]
07-03 21:49:03.740  1970  1970 I GeofencerStateMachine: removeGeofences: removeRequest=RemoveGeofencingRequest[REMOVE_BY_PENDING_INTENT pendingIntent=PendingIntent[creatorPackage=com.google.android.gms], packageName=com.google.android.gms]
07-03 21:49:03.752  1970  1970 I GeofencerStateMachine: removeGeofences: removeRequest=RemoveGeofencingRequest[REMOVE_BY_PENDING_INTENT pendingIntent=PendingIntent[creatorPackage=com.google.android.gms], packageName=com.google.android.gms]
07-03 21:49:03.764  1970 23712 I ctxmgr  : [ProducerStatusImpl] updateStateForNewContextData: inactive, contextName=7 [CONTEXT service_id=47 ]
07-03 21:49:03.776  1970 23781 I PlaceInferenceEngine: [anon] Changed inference mode: 0
07-03 21:49:03.790  1970 23781 I PlaceInferenceEngine: [account#1066226748] Changed inference mode: 0
07-03 21:49:03.958  1970 23781 I Places  : Converted 1 out of 1 WiFi scans
07-03 21:49:03.958  1604  2691 I WifiService: getConnectionInfo uid=10014
07-03 21:49:04.063  1970 23781 I Places  : ?: PlacesBleScanner start() with priority 2
07-03 21:49:04.067  1970 23781 I PlaceInferenceEngine: [anon] Changed inference mode: 1
07-03 21:49:04.067  1970 23781 I PlaceInferenceEngine: [account#1066226748] Changed inference mode: 1
07-03 21:49:04.085  1970 23781 I Places  : Converted 1 out of 1 WiFi scans
07-03 21:49:04.086  1604  3574 I WifiService: getConnectionInfo uid=10014
07-03 21:49:04.100  1970  1970 E BeaconBle: Missing BluetoothAdapter
07-03 21:49:04.100  1970  1970 I BeaconBle: BLE 'KK+' software access layer enabled
07-03 21:49:04.110  1970 23781 I PlaceInferenceEngine: [account#1066226748] Changed inference mode: 1
07-03 21:49:04.110  1970 23781 I PlaceInferenceEngine: [anon] Changed inference mode: 1
07-03 21:49:04.201  1970  1970 I BeaconBle: Client requested scan, settings=BleSettings [scanMode=ZERO_POWER, callbackType=ALL_MATCHES, reportDelayMillis=0, 1 filters, 0 clients, callingClientName=Places]
07-03 21:49:04.202  1970  1970 I BeaconBle: Scan : No clients left, canceling alarm.
07-03 21:49:04.207  1970  1970 E BeaconBle: Scan couldn't start for Places
07-03 21:49:04.207  1970  1970 W Places  : BLE failure while scanning - code 5
07-03 21:49:04.385  1604  1613 I zygote  : NativeAlloc concurrent copying GC freed 8366(610KB) AllocSpace objects, 2(40KB) LOS objects, 6% free, 82MB/88MB, paused 945us total 1.703s
07-03 21:49:04.538  1604  1621 E BatteryExternalStatsWorker: modem info is invalid: ModemActivityInfo{ mTimestamp=0 mSleepTimeMs=0 mIdleTimeMs=0 mTxTimeMs[]=[0, 0, 0, 0, 0] mRxTimeMs=0 mEnergyUsed=0}
07-03 21:49:04.657  1970 23785 I PlaceInferenceEngine: No beacon scan available - ignoring candidates.
07-03 21:49:04.661  1970  1980 I zygote  : Background concurrent copying GC freed 58613(2MB) AllocSpace objects, 28(1748KB) LOS objects, 32% free, 12MB/18MB, paused 933us total 141.662ms
07-03 21:49:04.743  1970 23785 I PlaceInferenceEngine: No beacon scan available - ignoring candidates.
07-03 21:49:04.891  1604  2691 I ActivityManager: Force stopping com.skgames.trafficrider appid=10081 user=0: from pid 23791
07-03 21:49:04.963  1836  1836 D CarrierSvcBindHelper: No carrier app for: 0
07-03 21:49:05.001  1970  1970 I GeofencerStateMachine: sendNewTransitions called.
07-03 21:49:05.213  1604  4621 I ActivityManager: Force stopping com.EvilChaotic.ModernWarplanes appid=10082 user=0: from pid 23797
07-03 21:49:05.245  1836  1836 D CarrierSvcBindHelper: No carrier app for: 0
07-03 21:49:05.264  1604  1626 W ProcessCpuTracker: Skipping unknown process pid 23795
07-03 21:49:05.264  1604  1626 W ProcessCpuTracker: Skipping unknown process pid 23797
07-03 21:49:05.583  1604  4621 I ActivityManager: Force stopping com.ea.games.r3_row appid=10083 user=0: from pid 23801
07-03 21:49:05.603  1836  1836 D CarrierSvcBindHelper: No carrier app for: 0
07-03 21:49:05.778  1604  1613 I zygote  : NativeAlloc concurrent copying GC freed 8338(573KB) AllocSpace objects, 0(0B) LOS objects, 6% free, 82MB/88MB, paused 4.517ms total 885.969ms
07-03 21:49:05.872  1604  4621 W ActivityManager: Invalid packageName: android.media.action.IMAGE_CAPTURE
07-03 21:49:06.352  1970  1970 I GeofencerStateMachine: sendQueryLocationOptIn
07-03 21:49:06.378  1604  1617 I GnssLocationProvider: WakeLock acquired by sendMessage(ENABLE, 0, null)
07-03 21:49:06.381  1604  1618 W BroadcastQueue: Background execution not allowed: receiving Intent { act=android.location.PROVIDERS_CHANGED flg=0x10 } to com.google.android.apps.maps/com.google.android.apps.gmm.locationsharing.usr.LocationAvailabilityChecker$LocationProvidersChangedBroadcastReceiver
07-03 21:49:06.382  1604  1618 W BroadcastQueue: Background execution not allowed: receiving Intent { act=android.location.PROVIDERS_CHANGED flg=0x10 } to com.google.android.gms/com.google.android.location.internal.NlpNetworkProviderSettingsUpdateReceiver
07-03 21:49:06.382  1604  1618 W BroadcastQueue: Background execution not allowed: receiving Intent { act=android.location.PROVIDERS_CHANGED flg=0x10 } to com.google.android.gms/.chimera.GmsIntentOperationService$PersistentTrustedReceiver
07-03 21:49:06.385  1604  1618 W BroadcastQueue: Background execution not allowed: receiving Intent { act=android.location.PROVIDERS_CHANGED flg=0x10 } to com.google.android.googlequicksearchbox/com.google.android.apps.gsa.broadcastreceiver.external.ExternalCommonBroadcastReceiver
07-03 21:49:06.394  1604  1618 W BroadcastQueue: Background execution not allowed: receiving Intent { act=android.location.MODE_CHANGED flg=0x10 } to com.google.android.apps.maps/com.google.android.apps.gmm.locationsharing.usr.LocationAvailabilityChecker$LocationProvidersChangedBroadcastReceiver
07-03 21:49:06.395  1604  1618 W BroadcastQueue: Background execution not allowed: receiving Intent { act=android.location.MODE_CHANGED flg=0x10 } to com.google.android.gms/.chimera.GmsIntentOperationService$PersistentTrustedReceiver
07-03 21:49:06.397  1970  2396 I GeofencerStateMachine: GPS disabled.
07-03 21:49:06.398  1604  1604 D GpsNetInitiatedHandler: location enabled :false
07-03 21:49:06.412  1604  1617 I GnssLocationProvider: WakeLock released by handleMessage(ENABLE, 0, null)
07-03 21:49:06.476  1402  1440 D gralloc_ranchu: gralloc_alloc: Creating ashmem region of size 724992
07-03 21:49:06.483  1402  1440 I chatty  : uid=1000(system) HwBinder:1402_2 identical 1 line
07-03 21:49:06.488  1402  1440 D gralloc_ranchu: gralloc_alloc: Creating ashmem region of size 724992
07-03 21:49:06.501  1970 23817 I GCoreUlr: Starting service, intent=Intent { act=com.google.android.location.reporting.ACTION_UPDATE_WORLD cmp=com.google.android.gms/com.google.android.location.reporting.service.DispatchingService (has extras) }, extras=Bundle[{receiverAction=android.location.PROVIDERS_CHANGED}]
07-03 21:49:06.513  1604  2691 W ActivityManager: Unable to start service Intent { act=com.google.android.gms.nearby.discovery:ACTION_PERMISSION_CHANGE cmp=com.google.android.gms/.nearby.discovery.service.DiscoveryService } U=0: not found
07-03 21:49:06.536 14699 14735 D EGL_emulation: eglMakeCurrent: 0xa5805720: ver 2 0 (tinfo 0xa5803350)
07-03 21:49:06.661  1970  1970 E BluetoothAdapter: Bluetooth binder is null
07-03 21:49:06.714  1970 23785 I GCoreUlr: WorldUpdater received intent Intent { act=com.google.android.location.reporting.ACTION_UPDATE_WORLD cmp=com.google.android.gms/com.google.android.location.reporting.service.DispatchingService (has extras) } with receiverAction android.location.PROVIDERS_CHANGED
07-03 21:49:06.742  1970 23785 I GCoreUlr: WorldUpdater:android.location.PROVIDERS_CHANGED: Ensuring that reporting is stopped because of reasons: {account#8#=[InactiveReason{mIdentifier=6, mName='ReportingNotEnabled'}, InactiveReason{mIdentifier=14, mName='HistoryNotEnabled'}]}
07-03 21:49:06.787  1970 23785 I GCoreUlr: Unbound from all signal providers.
07-03 21:49:06.788  1970 23713 I GCoreUlr: Successfully accounts update
07-03 21:49:06.850  1970 23785 I GCoreUlr: DispatchingService ignoring Intent { act=android.net.wifi.WIFI_STATE_CHANGED flg=0x4000010 (has extras) } because ULR inactive
07-03 21:49:06.856  1970  1970 I GCoreUlr: Unbound from all signal providers.
07-03 21:49:06.856  1970  1970 I GCoreUlr: Stopping handler for UlrDispSvcFast
07-03 21:49:06.858  1970 23713 I GCoreUlr: Successfully accounts update
07-03 21:49:07.210  1836  1836 D ServiceStateProvider: subId=1
07-03 21:49:07.274  1836  1836 D TelephonyProvider: subIdString = 1 subId = 1
07-03 21:49:07.342  1604  1682 I WifiService: getConnectionInfo uid=1000
07-03 21:49:07.367  1836  1836 D TelephonyProvider: subIdString = 1 subId = 1
07-03 21:49:07.379  1604  1675 D RecurrenceRule: Resolving using anchor 2019-07-04T01:49:07.379Z[GMT]
07-03 21:49:07.382  1604  1675 D RecurrenceRule: Resolving using anchor 2019-07-04T01:49:07.382Z[GMT]
07-03 21:49:07.384  1604  1675 D RecurrenceRule: Cycle 17 from 2019-06-09T00:00Z[GMT] to 2019-07-09T00:00Z[GMT]
07-03 21:49:07.384  1604  1675 D NetworkStats: Resolving plan for NetworkTemplate: matchRule=MOBILE_ALL, subscriberId=310260..., matchSubscriberIds=[310260...]
07-03 21:49:07.399  1604  1675 D NetworkStats: Found active matching subId 1
07-03 21:49:07.413  1836  1836 D TelephonyProvider: subIdString = 1 subId = 1
07-03 21:49:07.414  1604  1675 D NetworkStats: Resolved to plan null
07-03 21:49:07.511  1836  1836 I chatty  : uid=1001(radio) com.android.phone identical 5 lines
07-03 21:49:07.528  1836  1836 D TelephonyProvider: subIdString = 1 subId = 1
07-03 21:49:08.197 10677 10711 I MicroDetectionWorker: #startMicroDetector [speakerMode: 0]
07-03 21:49:08.200 10677 10711 W ErrorReporter: reportError [type: 211, code: 393244, bug: 0]: errorCode: 393244, engine: 0
07-03 21:49:08.206 10677 10711 I MicroDetector: Keeping mic open: false
07-03 21:49:08.207 10677 10711 I MicroDetectionWorker: #onError(false)
07-03 21:49:08.564 23824 23824 D AndroidRuntime: >>>>>> START com.android.internal.os.RuntimeInit uid 2000 <<<<<<
07-03 21:49:08.598 23824 23824 W app_process: Could not reserve sentinel fault page
07-03 21:49:08.889 23824 23824 W app_process: Unexpected CPU variant for X86 using defaults: x86
07-03 21:49:08.899 23824 23824 I app_process: The ClassLoaderContext is a special shared library.
07-03 21:49:08.998 23824 23824 D AndroidRuntime: Calling main entry com.android.commands.monkey.Monkey
07-03 21:49:09.004 23824 23824 W Monkey  : args: [-p, net.osmand, -c, android.intent.category.LAUNCHER, 1]
07-03 21:49:09.007 23824 23824 W Monkey  :  arg: "-p"
07-03 21:49:09.007 23824 23824 W Monkey  :  arg: "net.osmand"
07-03 21:49:09.007 23824 23824 W Monkey  :  arg: "-c"
07-03 21:49:09.008 23824 23824 W Monkey  :  arg: "android.intent.category.LAUNCHER"
07-03 21:49:09.008 23824 23824 W Monkey  :  arg: "1"
07-03 21:49:09.009 23824 23824 W Monkey  : data="net.osmand"
07-03 21:49:09.009 23824 23824 W Monkey  : data="android.intent.category.LAUNCHER"
07-03 21:49:09.090  1604  1618 W BroadcastQueue: Skipping deliver [background] BroadcastRecord{4ac36b7 u-1 android.net.conn.CONNECTIVITY_CHANGE} to ReceiverList{e893e24 23824 (unknown name)/2000/u-1 remote:7387d51}: process gone or crashing
07-03 21:49:09.150  1604  2691 I ActivityManager: START u0 {act=android.intent.action.MAIN cat=[android.intent.category.LAUNCHER] flg=0x10200000 cmp=net.osmand/.plus.activities.MapActivity} from uid 2000
07-03 21:49:09.151  1604  2691 W Binder  : Outgoing transactions from this process must be FLAG_ONEWAY
07-03 21:49:09.151  1604  2691 W Binder  : java.lang.Throwable
07-03 21:49:09.151  1604  2691 W Binder  : 	at android.os.BinderProxy.transact(Binder.java:752)
07-03 21:49:09.151  1604  2691 W Binder  : 	at android.app.IActivityController$Stub$Proxy.activityStarting(IActivityController.java:172)
07-03 21:49:09.151  1604  2691 W Binder  : 	at com.android.server.am.ActivityStarter.startActivity(ActivityStarter.java:449)
07-03 21:49:09.151  1604  2691 W Binder  : 	at com.android.server.am.ActivityStarter.startActivityLocked(ActivityStarter.java:278)
07-03 21:49:09.151  1604  2691 W Binder  : 	at com.android.server.am.ActivityStarter.startActivityMayWait(ActivityStarter.java:817)
07-03 21:49:09.151  1604  2691 W Binder  : 	at com.android.server.am.ActivityManagerService.startActivityAsUser(ActivityManagerService.java:4532)
07-03 21:49:09.151  1604  2691 W Binder  : 	at com.android.server.am.ActivityManagerService.startActivity(ActivityManagerService.java:4519)
07-03 21:49:09.151  1604  2691 W Binder  : 	at android.app.IActivityManager$Stub.onTransact(IActivityManager.java:121)
07-03 21:49:09.151  1604  2691 W Binder  : 	at com.android.server.am.ActivityManagerService.onTransact(ActivityManagerService.java:2919)
07-03 21:49:09.151  1604  2691 W Binder  : 	at android.os.Binder.execTransact(Binder.java:697)
07-03 21:49:09.195  1402  1440 D gralloc_ranchu: gralloc_alloc: Creating ashmem region of size 8298496
07-03 21:49:09.224  1412  1412 E EGL_emulation: tid 1412: eglCreateSyncKHR(1962): error 0x3004 (EGL_BAD_ATTRIBUTE)
07-03 21:49:09.232  1604  1651 W LocalDisplayAdapter: Unable to find color mode 0, ignoring request.
07-03 21:49:09.255 23824 23824 I Monkey  : Events injected: 1
07-03 21:49:09.260  1604  1853 I ActivityManager: Config changes=480 {1.0 310mcc260mnc [en_US] ldltr sw411dp w683dp h387dp 420dpi nrml land finger qwerty/v/v -nav/h appBounds=Rect(126, 0 - 1920, 1080) s.47}
07-03 21:49:09.430  1604  1853 I ActivityManager: Override config changes=480 {1.0 310mcc260mnc [en_US] ldltr sw411dp w683dp h387dp 420dpi nrml land finger qwerty/v/v -nav/h appBounds=Rect(126, 0 - 1920, 1080) s.47} for displayId=0
07-03 21:49:09.490  1604  1853 W LocalDisplayAdapter: Unable to find color mode 0, ignoring request.
07-03 21:49:09.499 14699 14699 D InAppPurchaseHelper: Destroying helper.
07-03 21:49:09.508  1604  1619 W Looper  : Dispatch took 250ms on android.ui, h=Handler (com.android.server.am.ActivityManagerService$UiHandler) {63b7718} cb=null msg=31
07-03 21:49:09.511  1604  1651 W LocalDisplayAdapter: Unable to find color mode 0, ignoring request.
07-03 21:49:09.524 23824 23824 I Monkey  : ## Network stats: elapsed time=357ms (0ms mobile, 0ms wifi, 357ms not connected)
07-03 21:49:09.576  1604  1666 I InputReader: Reconfiguring input devices.  changes=0x00000004
07-03 21:49:09.577  1604  1666 I InputReader: Device reconfigured: id=0, name='qwerty2', size 1080x1920, orientation 3, mode 1, display id 0
07-03 21:49:09.627  1604  1604 W LocalDisplayAdapter: Unable to find color mode 0, ignoring request.
07-03 21:49:09.655  1412  1427 E SurfaceFlinger: Permission Denial: can't openGlobalTransaction pid=14699, uid<=10104
07-03 21:49:09.660 14699 14699 E BpSurfaceComposerClient: Failed to transact (-1)
07-03 21:49:09.665  1412  1428 E SurfaceFlinger: Permission Denial: can't openGlobalTransaction pid=14699, uid<=10104
07-03 21:49:09.665 14699 14699 E BpSurfaceComposerClient: Failed to transact (-1)
07-03 21:49:09.733  1604  1604 W WindowManager: Failed looking up window callers=com.android.server.wm.WindowManagerService.windowForClientLocked:5797 com.android.server.wm.WindowManagerService.finishDrawingWindow:2340 com.android.server.wm.Session.finishDrawing:275 
07-03 21:49:09.750  1604  1666 I InputReader: Reconfiguring input devices.  changes=0x00000004
07-03 21:49:09.767 23824 23824 I com.android.commands.monkey: System.exit called, status: 0
07-03 21:49:09.767 23824 23824 I AndroidRuntime: VM exiting with result code 0.
07-03 21:49:09.793 14699 14699 W ResourceType: ResTable_typeSpec entry count inconsistent: given 5115, previously 5124
07-03 21:49:09.793 14699 14699 W ResourceType: ResTable_typeSpec entry count inconsistent: given 142, previously 459
07-03 21:49:09.814 14699 14699 W ResourceType: For resource 0x7f0e00c0, entry index(192) is beyond type entryCount(142)
07-03 21:49:09.814 14699 14699 W ResourceType: For resource 0x7f0e00d1, entry index(209) is beyond type entryCount(142)
07-03 21:49:09.814 14699 14699 W ResourceType: For resource 0x7f0e00cb, entry index(203) is beyond type entryCount(142)
07-03 21:49:09.814 14699 14699 W ResourceType: For resource 0x7f0e014d, entry index(333) is beyond type entryCount(142)
07-03 21:49:09.814 14699 14699 W ResourceType: For resource 0x7f0e00dd, entry index(221) is beyond type entryCount(142)
07-03 21:49:09.814 14699 14699 W ResourceType: For resource 0x7f0e00e4, entry index(228) is beyond type entryCount(142)
07-03 21:49:09.815 14699 14699 W ResourceType: For resource 0x7f0e00c4, entry index(196) is beyond type entryCount(142)
07-03 21:49:09.815 14699 14699 W ResourceType: For resource 0x7f0e013f, entry index(319) is beyond type entryCount(142)
07-03 21:49:09.816 14699 14699 W ResourceType: For resource 0x7f0e00dc, entry index(220) is beyond type entryCount(142)
07-03 21:49:09.816 14699 14699 W ResourceType: For resource 0x7f0e00e3, entry index(227) is beyond type entryCount(142)
07-03 21:49:09.842  1604  1651 W WindowManager: Failed looking up window callers=com.android.server.wm.WindowManagerService.windowForClientLocked:5797 com.android.server.wm.WindowManagerService.removeWindow:1715 com.android.server.wm.Session.remove:222 
07-03 21:49:09.844  1604  1619 W Looper  : Dispatch took 335ms on android.ui, h=Handler (com.android.server.policy.PhoneWindowManager$PolicyHandler) {35d3375} cb=android.database.ContentObserver$NotificationRunnable@e7c8589 msg=0
07-03 21:49:09.851  1604  1666 I InputReader: Reconfiguring input devices.  changes=0x00000004
07-03 21:49:09.894  2061  2124 D EGL_emulation: eglMakeCurrent: 0xa5806680: ver 2 0 (tinfo 0xa5803c60)
07-03 21:49:09.925 14699 14699 W ResourceType: For resource 0x7f0e01c4, entry index(452) is beyond type entryCount(142)
07-03 21:49:09.926 14699 14699 W ResourceType: For resource 0x7f0e01c4, entry index(452) is beyond type entryCount(142)
07-03 21:49:09.926 14699 14699 W ResourceType: For resource 0x7f0e0183, entry index(387) is beyond type entryCount(142)
07-03 21:49:09.926 14699 14699 W ResourceType: For resource 0x7f0e0187, entry index(391) is beyond type entryCount(142)
07-03 21:49:09.926 14699 14699 W ResourceType: For resource 0x7f0e0185, entry index(389) is beyond type entryCount(142)
07-03 21:49:09.926 14699 14699 W ResourceType: For resource 0x7f0e015d, entry index(349) is beyond type entryCount(142)
07-03 21:49:09.926 14699 14699 W ResourceType: For resource 0x7f0e0195, entry index(405) is beyond type entryCount(142)
07-03 21:49:09.926 14699 14699 W ResourceType: For resource 0x7f0e016c, entry index(364) is beyond type entryCount(142)
07-03 21:49:09.926 14699 14699 W ResourceType: For resource 0x7f0e0163, entry index(355) is beyond type entryCount(142)
07-03 21:49:09.926 14699 14699 W ResourceType: For resource 0x7f0e00db, entry index(219) is beyond type entryCount(142)
07-03 21:49:09.926 14699 14699 W ResourceType: For resource 0x7f0e0193, entry index(403) is beyond type entryCount(142)
07-03 21:49:09.926 14699 14699 W ResourceType: For resource 0x7f0e016f, entry index(367) is beyond type entryCount(142)
07-03 21:49:09.926 14699 14699 W ResourceType: For resource 0x7f0e0161, entry index(353) is beyond type entryCount(142)
07-03 21:49:09.927 14699 14699 W ResourceType: For resource 0x7f0e0170, entry index(368) is beyond type entryCount(142)
07-03 21:49:09.927 14699 14699 W ResourceType: For resource 0x7f0e0174, entry index(372) is beyond type entryCount(142)
07-03 21:49:09.927 14699 14699 I chatty  : uid=10104(net.osmand) identical 2 lines
07-03 21:49:09.927 14699 14699 W ResourceType: For resource 0x7f0e0174, entry index(372) is beyond type entryCount(142)
07-03 21:49:09.929 14699 14699 W ResourceType: For resource 0x7f0e0177, entry index(375) is beyond type entryCount(142)
07-03 21:49:09.930 14699 14699 W ResourceType: For resource 0x7f0e0160, entry index(352) is beyond type entryCount(142)
07-03 21:49:09.930 14699 14699 W ResourceType: For resource 0x7f0e0199, entry index(409) is beyond type entryCount(142)
07-03 21:49:09.930 14699 14699 W ResourceType: For resource 0x7f0e017e, entry index(382) is beyond type entryCount(142)
07-03 21:49:09.930 14699 14699 W ResourceType: For resource 0x7f0e017f, entry index(383) is beyond type entryCount(142)
07-03 21:49:09.931 14699 14699 W ResourceType: For resource 0x7f0e0196, entry index(406) is beyond type entryCount(142)
07-03 21:49:09.931 14699 14699 W ResourceType: For resource 0x7f0e0197, entry index(407) is beyond type entryCount(142)
07-03 21:49:09.931 14699 14699 W ResourceType: For resource 0x7f0e0140, entry index(320) is beyond type entryCount(142)
07-03 21:49:09.931 14699 14699 W ResourceType: For resource 0x7f0e00e7, entry index(231) is beyond type entryCount(142)
07-03 21:49:09.931 14699 14699 W ResourceType: For resource 0x7f0e0194, entry index(404) is beyond type entryCount(142)
07-03 21:49:09.931 14699 14699 W ResourceType: For resource 0x7f0e01a5, entry index(421) is beyond type entryCount(142)
07-03 21:49:09.931 14699 14699 W ResourceType: For resource 0x7f0e017d, entry index(381) is beyond type entryCount(142)
07-03 21:49:09.931 14699 14699 W ResourceType: For resource 0x7f0e017b, entry index(379) is beyond type entryCount(142)
07-03 21:49:09.931 14699 14699 W ResourceType: For resource 0x7f0e010f, entry index(271) is beyond type entryCount(142)
07-03 21:49:09.931 14699 14699 W ResourceType: For resource 0x7f0e00f8, entry index(248) is beyond type entryCount(142)
07-03 21:49:09.931 14699 14699 W ResourceType: For resource 0x7f0e010f, entry index(271) is beyond type entryCount(142)
07-03 21:49:09.931 14699 14699 W ResourceType: For resource 0x7f0e0122, entry index(290) is beyond type entryCount(142)
07-03 21:49:09.932 14699 14699 W ResourceType: For resource 0x7f0e010b, entry index(267) is beyond type entryCount(142)
07-03 21:49:09.932 14699 14699 W ResourceType: For resource 0x7f0e010c, entry index(268) is beyond type entryCount(142)
07-03 21:49:09.932 14699 14699 W ResourceType: For resource 0x7f0e01ad, entry index(429) is beyond type entryCount(142)
07-03 21:49:09.932 14699 14699 W ResourceType: For resource 0x7f0e01ac, entry index(428) is beyond type entryCount(142)
07-03 21:49:09.953 14699 14699 W ResourceType: For resource 0x7f0e01c4, entry index(452) is beyond type entryCount(142)
07-03 21:49:09.953 14699 14699 W ResourceType: For resource 0x7f0e01c4, entry index(452) is beyond type entryCount(142)
07-03 21:49:09.953 14699 14699 W ResourceType: For resource 0x7f0e0183, entry index(387) is beyond type entryCount(142)
07-03 21:49:09.953 14699 14699 W ResourceType: For resource 0x7f0e0187, entry index(391) is beyond type entryCount(142)
07-03 21:49:09.953 14699 14699 W ResourceType: For resource 0x7f0e0185, entry index(389) is beyond type entryCount(142)
07-03 21:49:09.953 14699 14699 W ResourceType: For resource 0x7f0e015d, entry index(349) is beyond type entryCount(142)
07-03 21:49:09.953 14699 14699 W ResourceType: For resource 0x7f0e0195, entry index(405) is beyond type entryCount(142)
07-03 21:49:09.953 14699 14699 W ResourceType: For resource 0x7f0e016c, entry index(364) is beyond type entryCount(142)
07-03 21:49:09.953 14699 14699 W ResourceType: For resource 0x7f0e0163, entry index(355) is beyond type entryCount(142)
07-03 21:49:09.953 14699 14699 W ResourceType: For resource 0x7f0e00db, entry index(219) is beyond type entryCount(142)
07-03 21:49:09.954 14699 14699 W ResourceType: For resource 0x7f0e0193, entry index(403) is beyond type entryCount(142)
07-03 21:49:09.954 14699 14699 W ResourceType: For resource 0x7f0e016f, entry index(367) is beyond type entryCount(142)
07-03 21:49:09.954 14699 14699 W ResourceType: For resource 0x7f0e0161, entry index(353) is beyond type entryCount(142)
07-03 21:49:09.954 14699 14699 W ResourceType: For resource 0x7f0e0170, entry index(368) is beyond type entryCount(142)
07-03 21:49:09.954 14699 14699 W ResourceType: For resource 0x7f0e0174, entry index(372) is beyond type entryCount(142)
07-03 21:49:09.954 14699 14699 I chatty  : uid=10104(net.osmand) identical 2 lines
07-03 21:49:09.954 14699 14699 W ResourceType: For resource 0x7f0e0174, entry index(372) is beyond type entryCount(142)
07-03 21:49:09.955 14699 14699 W ResourceType: For resource 0x7f0e0177, entry index(375) is beyond type entryCount(142)
07-03 21:49:09.955 14699 14699 W ResourceType: For resource 0x7f0e0160, entry index(352) is beyond type entryCount(142)
07-03 21:49:09.955 14699 14699 W ResourceType: For resource 0x7f0e0199, entry index(409) is beyond type entryCount(142)
07-03 21:49:09.956 14699 14699 W ResourceType: For resource 0x7f0e017e, entry index(382) is beyond type entryCount(142)
07-03 21:49:09.956 14699 14699 W ResourceType: For resource 0x7f0e017f, entry index(383) is beyond type entryCount(142)
07-03 21:49:09.956 14699 14699 W ResourceType: For resource 0x7f0e0196, entry index(406) is beyond type entryCount(142)
07-03 21:49:09.956 14699 14699 W ResourceType: For resource 0x7f0e0197, entry index(407) is beyond type entryCount(142)
07-03 21:49:09.957 14699 14699 W ResourceType: For resource 0x7f0e0140, entry index(320) is beyond type entryCount(142)
07-03 21:49:09.957 14699 14699 W ResourceType: For resource 0x7f0e00e7, entry index(231) is beyond type entryCount(142)
07-03 21:49:09.957 14699 14699 W ResourceType: For resource 0x7f0e0194, entry index(404) is beyond type entryCount(142)
07-03 21:49:09.957 14699 14699 W ResourceType: For resource 0x7f0e01a5, entry index(421) is beyond type entryCount(142)
07-03 21:49:09.957 14699 14699 W ResourceType: For resource 0x7f0e017d, entry index(381) is beyond type entryCount(142)
07-03 21:49:09.957 14699 14699 W ResourceType: For resource 0x7f0e017b, entry index(379) is beyond type entryCount(142)
07-03 21:49:09.957 14699 14699 W ResourceType: For resource 0x7f0e010f, entry index(271) is beyond type entryCount(142)
07-03 21:49:09.957 14699 14699 W ResourceType: For resource 0x7f0e00f8, entry index(248) is beyond type entryCount(142)
07-03 21:49:09.958 14699 14699 W ResourceType: For resource 0x7f0e010f, entry index(271) is beyond type entryCount(142)
07-03 21:49:09.958 14699 14699 W ResourceType: For resource 0x7f0e0122, entry index(290) is beyond type entryCount(142)
07-03 21:49:09.958 14699 14699 W ResourceType: For resource 0x7f0e010b, entry index(267) is beyond type entryCount(142)
07-03 21:49:09.958 14699 14699 W ResourceType: For resource 0x7f0e010c, entry index(268) is beyond type entryCount(142)
07-03 21:49:09.958 14699 14699 W ResourceType: For resource 0x7f0e01ad, entry index(429) is beyond type entryCount(142)
07-03 21:49:09.958 14699 14699 W ResourceType: For resource 0x7f0e01ac, entry index(428) is beyond type entryCount(142)
07-03 21:49:09.976 14699 14699 W ResourceType: For resource 0x7f0e01c4, entry index(452) is beyond type entryCount(142)
07-03 21:49:09.976 14699 14699 W ResourceType: For resource 0x7f0e01c4, entry index(452) is beyond type entryCount(142)
07-03 21:49:09.976 14699 14699 W ResourceType: For resource 0x7f0e0183, entry index(387) is beyond type entryCount(142)
07-03 21:49:09.979 14699 14699 W ResourceType: For resource 0x7f0e0187, entry index(391) is beyond type entryCount(142)
07-03 21:49:09.979 14699 14699 W ResourceType: For resource 0x7f0e0185, entry index(389) is beyond type entryCount(142)
07-03 21:49:09.979 14699 14699 W ResourceType: For resource 0x7f0e015d, entry index(349) is beyond type entryCount(142)
07-03 21:49:09.979 14699 14699 W ResourceType: For resource 0x7f0e0195, entry index(405) is beyond type entryCount(142)
07-03 21:49:09.979 14699 14699 W ResourceType: For resource 0x7f0e016c, entry index(364) is beyond type entryCount(142)
07-03 21:49:09.979 14699 14699 W ResourceType: For resource 0x7f0e0163, entry index(355) is beyond type entryCount(142)
07-03 21:49:09.980 14699 14699 W ResourceType: For resource 0x7f0e00db, entry index(219) is beyond type entryCount(142)
07-03 21:49:09.980 14699 14699 W ResourceType: For resource 0x7f0e0193, entry index(403) is beyond type entryCount(142)
07-03 21:49:09.980 14699 14699 W ResourceType: For resource 0x7f0e016f, entry index(367) is beyond type entryCount(142)
07-03 21:49:09.980 14699 14699 W ResourceType: For resource 0x7f0e0161, entry index(353) is beyond type entryCount(142)
07-03 21:49:09.980 14699 14699 W ResourceType: For resource 0x7f0e0170, entry index(368) is beyond type entryCount(142)
07-03 21:49:09.980 14699 14699 W ResourceType: For resource 0x7f0e0174, entry index(372) is beyond type entryCount(142)
07-03 21:49:09.981 14699 14699 I chatty  : uid=10104(net.osmand) identical 2 lines
07-03 21:49:09.981 14699 14699 W ResourceType: For resource 0x7f0e0174, entry index(372) is beyond type entryCount(142)
07-03 21:49:09.981 14699 14699 W ResourceType: For resource 0x7f0e0177, entry index(375) is beyond type entryCount(142)
07-03 21:49:09.981 14699 14699 W ResourceType: For resource 0x7f0e0160, entry index(352) is beyond type entryCount(142)
07-03 21:49:09.981 14699 14699 W ResourceType: For resource 0x7f0e0199, entry index(409) is beyond type entryCount(142)
07-03 21:49:09.981 14699 14699 W ResourceType: For resource 0x7f0e017e, entry index(382) is beyond type entryCount(142)
07-03 21:49:09.981 14699 14699 W ResourceType: For resource 0x7f0e017f, entry index(383) is beyond type entryCount(142)
07-03 21:49:09.981 14699 14699 W ResourceType: For resource 0x7f0e0196, entry index(406) is beyond type entryCount(142)
07-03 21:49:09.981 14699 14699 W ResourceType: For resource 0x7f0e0197, entry index(407) is beyond type entryCount(142)
07-03 21:49:09.982 14699 14699 W ResourceType: For resource 0x7f0e0140, entry index(320) is beyond type entryCount(142)
07-03 21:49:09.982 14699 14699 W ResourceType: For resource 0x7f0e00e7, entry index(231) is beyond type entryCount(142)
07-03 21:49:09.982 14699 14699 W ResourceType: For resource 0x7f0e0194, entry index(404) is beyond type entryCount(142)
07-03 21:49:09.982 14699 14699 W ResourceType: For resource 0x7f0e01a5, entry index(421) is beyond type entryCount(142)
07-03 21:49:09.982 14699 14699 W ResourceType: For resource 0x7f0e017d, entry index(381) is beyond type entryCount(142)
07-03 21:49:09.982 14699 14699 W ResourceType: For resource 0x7f0e017b, entry index(379) is beyond type entryCount(142)
07-03 21:49:09.982 14699 14699 W ResourceType: For resource 0x7f0e010f, entry index(271) is beyond type entryCount(142)
07-03 21:49:09.982 14699 14699 W ResourceType: For resource 0x7f0e00f8, entry index(248) is beyond type entryCount(142)
07-03 21:49:09.982 14699 14699 W ResourceType: For resource 0x7f0e010f, entry index(271) is beyond type entryCount(142)
07-03 21:49:09.982 14699 14699 W ResourceType: For resource 0x7f0e0122, entry index(290) is beyond type entryCount(142)
07-03 21:49:09.982 14699 14699 W ResourceType: For resource 0x7f0e010b, entry index(267) is beyond type entryCount(142)
07-03 21:49:09.982 14699 14699 W ResourceType: For resource 0x7f0e010c, entry index(268) is beyond type entryCount(142)
07-03 21:49:09.982 14699 14699 W ResourceType: For resource 0x7f0e01ad, entry index(429) is beyond type entryCount(142)
07-03 21:49:09.983 14699 14699 W ResourceType: For resource 0x7f0e01ac, entry index(428) is beyond type entryCount(142)
07-03 21:49:10.002 14699 14699 W ResourceType: For resource 0x7f0e017f, entry index(383) is beyond type entryCount(142)
07-03 21:49:10.003 14699 14699 W ResourceType: For resource 0x7f0e0091, entry index(145) is beyond type entryCount(142)
07-03 21:49:10.044 14699 14699 W ResourceType: For resource 0x7f0e016b, entry index(363) is beyond type entryCount(142)
07-03 21:49:10.059 14699 14699 W ResourceType: For resource 0x7f0e017b, entry index(379) is beyond type entryCount(142)
07-03 21:49:10.064 14699 14699 W ResourceType: For resource 0x7f0e0125, entry index(293) is beyond type entryCount(142)
07-03 21:49:10.137  1604  1619 W Looper  : Dispatch took 169ms on android.ui, h=Handler (com.android.server.policy.PhoneWindowManager$PolicyHandler) {35d3375} cb=com.android.server.policy.PhoneWindowManager$MyOrientationListener$1@9b638df msg=0
07-03 21:49:10.093 14699 14699 W ResourceType: For resource 0x7f0e0125, entry index(293) is beyond type entryCount(142)
07-03 21:49:10.243 14699 14699 W ResourceType: For resource 0x7f0e01a5, entry index(421) is beyond type entryCount(142)
07-03 21:49:10.243 14699 14699 W ResourceType: For resource 0x7f0e00a9, entry index(169) is beyond type entryCount(142)
07-03 21:49:10.248  1604  1666 I InputReader: Reconfiguring input devices.  changes=0x00000004
07-03 21:49:10.263 14699 14699 W ResourceType: For resource 0x7f0e01bc, entry index(444) is beyond type entryCount(142)
07-03 21:49:10.278 14699 14699 W ResourceType: For resource 0x7f0e0132, entry index(306) is beyond type entryCount(142)
07-03 21:49:10.281 14699 14699 W ResourceType: For resource 0x7f0e00f7, entry index(247) is beyond type entryCount(142)
07-03 21:49:10.281 14699 14699 W ResourceType: For resource 0x7f0e0131, entry index(305) is beyond type entryCount(142)
07-03 21:49:10.282 14699 14699 W ResourceType: For resource 0x7f0e010f, entry index(271) is beyond type entryCount(142)
07-03 21:49:10.282 14699 14699 W ResourceType: For resource 0x7f0e0175, entry index(373) is beyond type entryCount(142)
07-03 21:49:10.296 14699 14699 W ResourceType: For resource 0x7f0e0173, entry index(371) is beyond type entryCount(142)
07-03 21:49:10.357 14699 14699 W ResourceType: For resource 0x7f0e011d, entry index(285) is beyond type entryCount(142)
07-03 21:49:10.371 14699 14699 I chatty  : uid=10104(net.osmand) identical 4 lines
07-03 21:49:10.372 14699 14699 W ResourceType: For resource 0x7f0e011d, entry index(285) is beyond type entryCount(142)
07-03 21:49:10.373 14699 14699 W ResourceType: For resource 0x7f0e01ac, entry index(428) is beyond type entryCount(142)
07-03 21:49:10.373 14699 14699 W ResourceType: For resource 0x7f0e00ae, entry index(174) is beyond type entryCount(142)
07-03 21:49:10.374 14699 14699 W ResourceType: For resource 0x7f0e013d, entry index(317) is beyond type entryCount(142)
07-03 21:49:10.374 14699 14699 W ResourceType: For resource 0x7f0e013e, entry index(318) is beyond type entryCount(142)
07-03 21:49:10.431  1402  1440 D gralloc_ranchu: gralloc_alloc: Creating ashmem region of size 544768
07-03 21:49:10.487  1707  1933 D EGL_emulation: eglMakeCurrent: 0x91a91b00: ver 2 0 (tinfo 0x91b96990)
07-03 21:49:10.491 10677 10709 D EGL_emulation: eglMakeCurrent: 0xa58055a0: ver 2 0 (tinfo 0xa58034d0)
07-03 21:49:10.504 14699 14699 W ResourceType: For resource 0x7f0e013b, entry index(315) is beyond type entryCount(142)
07-03 21:49:10.505 14699 14699 I chatty  : uid=10104(net.osmand) identical 4 lines
07-03 21:49:10.506 14699 14699 W ResourceType: For resource 0x7f0e013b, entry index(315) is beyond type entryCount(142)
07-03 21:49:10.508  1402  1440 D gralloc_ranchu: gralloc_alloc: Creating ashmem region of size 544768
07-03 21:49:10.510 14699 14699 W ResourceType: For resource 0x7f0e013b, entry index(315) is beyond type entryCount(142)
07-03 21:49:10.556  1604  1604 W WindowManager: removeWindowToken: Attempted to remove non-existing token: android.os.Binder@e361760
07-03 21:49:10.511 14699 14699 I chatty  : uid=10104(net.osmand) identical 3 lines
07-03 21:49:10.511 14699 14699 W ResourceType: For resource 0x7f0e013b, entry index(315) is beyond type entryCount(142)
07-03 21:49:10.656  1701  1701 I KeyboardViewUtil: systemKeyboardHeightRatio:1.000000; userKeyboardHeightRatio:1.000000.
07-03 21:49:10.713  1701  1701 I DeviceStatusMonitor: onReceive() : Action = android.intent.action.CONFIGURATION_CHANGED
07-03 21:49:10.714  1701  1701 I ConfigNotification: Get device mode by ui mode:1 and smallestScreenWidthDp:411
07-03 21:49:10.714  1701  1701 I chatty  : uid=10060(com.google.android.inputmethod.latin) identical 2 lines
07-03 21:49:10.715  1701  1701 I ConfigNotification: Get device mode by ui mode:1 and smallestScreenWidthDp:411
07-03 21:49:10.760  2180  2194 I zygote  : Background concurrent copying GC freed 78069(3MB) AllocSpace objects, 36(2MB) LOS objects, 34% free, 11MB/17MB, paused 1.730ms total 692.280ms
07-03 21:49:10.827  1604  2170 W LocalDisplayAdapter: Unable to find color mode 0, ignoring request.
07-03 21:49:10.854  1604  1666 I InputReader: Reconfiguring input devices.  changes=0x00000004
07-03 21:49:10.871  1707  1707 D EGL_emulation: eglCreateContext: 0xad63bb00: maj 2 min 0 rcv 2
07-03 21:49:10.882  1707  1707 D EGL_emulation: eglMakeCurrent: 0xad63bb00: ver 2 0 (tinfo 0x916e0300)
07-03 21:49:10.890  1402  1440 D gralloc_ranchu: gralloc_alloc: Creating ashmem region of size 9547776
07-03 21:49:10.927  1707  1707 D EGL_emulation: eglMakeCurrent: 0xad63bb00: ver 2 0 (tinfo 0x916e0300)
07-03 21:49:10.954  1707  1729 I zygote  : NativeAlloc concurrent copying GC freed 12746(750KB) AllocSpace objects, 0(0B) LOS objects, 40% free, 8MB/14MB, paused 39.644ms total 612.201ms
07-03 21:49:10.990  1402  1440 D gralloc_ranchu: gralloc_alloc: Creating ashmem region of size 9547776
07-03 21:49:11.073 14699 14699 W System.err: OnCreate for MapActivity took 1200 ms
07-03 21:49:11.174  1604  1625 W WindowManager: Window freeze timeout expired.
07-03 21:49:11.174  1604  1625 W WindowManager: Force clearing orientation change: Window{8a752c8 u0 StatusBar}
07-03 21:49:11.192 14699 14699 D InAppPurchaseHelper: Destroying helper.
07-03 21:49:11.229  1604  1651 I WindowManager: Screen frozen for +2s57ms due to Window{8a752c8 u0 StatusBar}
07-03 21:49:11.259 14699 14699 D net.osmand: Enable sensor
07-03 21:49:11.352 14699 14699 W System.err: OnCreate for MapActivity took 160 ms
07-03 21:49:11.352  1707  1707 I Choreographer: Skipped 52 frames!  The application may be doing too much work on its main thread.
07-03 21:49:11.374  1402  1440 D gralloc_ranchu: gralloc_alloc: Creating ashmem region of size 544768
07-03 21:49:11.452 14699 14699 I Choreographer: Skipped 117 frames!  The application may be doing too much work on its main thread.
07-03 21:49:11.479  1604  1617 E memtrack: Couldn't load memtrack module
07-03 21:49:11.479  1604  1617 W android.os.Debug: failed to get memory consumption info: -1
07-03 21:49:11.577  1402  1440 D gralloc_ranchu: gralloc_alloc: Creating ashmem region of size 8298496
07-03 21:49:11.628 14699 14699 W ResourceType: For resource 0x7f0e013b, entry index(315) is beyond type entryCount(142)
07-03 21:49:11.650 14699 14699 I chatty  : uid=10104(net.osmand) identical 13 lines
07-03 21:49:11.650 14699 14699 W ResourceType: For resource 0x7f0e013b, entry index(315) is beyond type entryCount(142)
07-03 21:49:11.651  1604  2170 I WifiService: acquireWifiLock uid=10014 lockMode=2
07-03 21:49:11.651 14699 14699 W ResourceType: For resource 0x7f0e013b, entry index(315) is beyond type entryCount(142)
07-03 21:49:11.669 14699 14699 I chatty  : uid=10104(net.osmand) identical 21 lines
07-03 21:49:11.670 14699 14699 W ResourceType: For resource 0x7f0e013b, entry index(315) is beyond type entryCount(142)
07-03 21:49:11.670  1707  1707 W StaticLayout: maxLineHeight should not be -1.  maxLines:7 lineCount:7
07-03 21:49:11.670 14699 14699 W ResourceType: For resource 0x7f0e013b, entry index(315) is beyond type entryCount(142)
07-03 21:49:11.670 14699 14699 W ResourceType: For resource 0x7f0e013b, entry index(315) is beyond type entryCount(142)
07-03 21:49:11.671  1707  1707 W StaticLayout: maxLineHeight should not be -1.  maxLines:7 lineCount:7
07-03 21:49:11.675 14699 14699 W View    : requestLayout() improperly called by android.widget.ListView{178ba80 VFED.VC.. ......ID 0,0-735,1080 #7f0803ba app:id/menuItems} during layout: running second layout pass
07-03 21:49:11.700  1604  2170 W WindowManager: Failed looking up window callers=com.android.server.wm.WindowManagerService.windowForClientLocked:5797 com.android.server.wm.WindowManagerService.relayoutWindow:1931 com.android.server.wm.Session.relayout:239 
07-03 21:49:11.708  1970  1970 I GeofencerStateMachine: sendNewLocationAvailability: availability=LocationAvailability[isLocationAvailable: true]
07-03 21:49:11.737  1707  1707 W StaticLayout: maxLineHeight should not be -1.  maxLines:7 lineCount:7
07-03 21:49:11.743  1707  1707 W StaticLayout: maxLineHeight should not be -1.  maxLines:7 lineCount:7
07-03 21:49:11.752  1402  1440 D gralloc_ranchu: gralloc_alloc: Creating ashmem region of size 8298496
07-03 21:49:11.791  1707  1707 W StaticLayout: maxLineHeight should not be -1.  maxLines:1 lineCount:1
07-03 21:49:11.792  1707  1707 I chatty  : uid=10029(com.android.systemui) identical 1 line
07-03 21:49:11.799  1707  1707 W StaticLayout: maxLineHeight should not be -1.  maxLines:1 lineCount:1
07-03 21:49:11.806  1412  1412 E EGL_emulation: tid 1412: eglCreateSyncKHR(1962): error 0x3004 (EGL_BAD_ATTRIBUTE)
07-03 21:49:11.809  1604  1651 W LocalDisplayAdapter: Unable to find color mode 0, ignoring request.
07-03 21:49:11.811 14699 14735 D EGL_emulation: eglMakeCurrent: 0xa5805720: ver 2 0 (tinfo 0xa5803350)
07-03 21:49:11.812  1412  1428 E BufferQueueProducer: [Toast#0] cancelBuffer: BufferQueue has been abandoned
07-03 21:49:11.817  1707  1707 W StaticLayout: maxLineHeight should not be -1.  maxLines:7 lineCount:7
07-03 21:49:11.820  1604  2691 W WindowManager: Failed looking up window callers=com.android.server.wm.WindowManagerService.windowForClientLocked:5797 com.android.server.wm.WindowManagerService.finishDrawingWindow:2340 com.android.server.wm.Session.finishDrawing:275 
07-03 21:49:11.823  1604  1625 I ActivityManager: Config changes=480 {1.0 310mcc260mnc [en_US] ldltr sw411dp w411dp h659dp 420dpi nrml port finger qwerty/v/v -nav/h appBounds=Rect(0, 0 - 1080, 1794) s.48}
07-03 21:49:11.834  1604  1666 I InputReader: Reconfiguring input devices.  changes=0x00000004
07-03 21:49:11.834  1604  1666 I InputReader: Device reconfigured: id=0, name='qwerty2', size 1080x1920, orientation 0, mode 1, display id 0
07-03 21:49:11.847  1604  1614 W WindowManager: Failed looking up window callers=com.android.server.wm.WindowManagerService.windowForClientLocked:5797 com.android.server.wm.WindowManagerService.removeWindow:1715 com.android.server.wm.Session.remove:222 
07-03 21:49:11.855  1707  1707 W StaticLayout: maxLineHeight should not be -1.  maxLines:7 lineCount:7
07-03 21:49:11.863  1402  1440 D gralloc_ranchu: gralloc_alloc: Creating ashmem region of size 3878912
07-03 21:49:11.888  1604  1625 I ActivityManager: Override config changes=480 {1.0 310mcc260mnc [en_US] ldltr sw411dp w411dp h659dp 420dpi nrml port finger qwerty/v/v -nav/h appBounds=Rect(0, 0 - 1080, 1794) s.48} for displayId=0
07-03 21:49:12.031 14699 14699 W ResourceType: For resource 0x7f0e00c0, entry index(192) is beyond type entryCount(142)
07-03 21:49:12.031 14699 14699 W ResourceType: For resource 0x7f0e00d1, entry index(209) is beyond type entryCount(142)
07-03 21:49:12.031 14699 14699 W ResourceType: For resource 0x7f0e00cb, entry index(203) is beyond type entryCount(142)
07-03 21:49:12.031 14699 14699 W ResourceType: For resource 0x7f0e014d, entry index(333) is beyond type entryCount(142)
07-03 21:49:12.031 14699 14699 W ResourceType: For resource 0x7f0e00dd, entry index(221) is beyond type entryCount(142)
07-03 21:49:12.031 14699 14699 W ResourceType: For resource 0x7f0e00e4, entry index(228) is beyond type entryCount(142)
07-03 21:49:12.032 14699 14699 W ResourceType: For resource 0x7f0e00c4, entry index(196) is beyond type entryCount(142)
07-03 21:49:12.033 14699 14699 W ResourceType: For resource 0x7f0e013f, entry index(319) is beyond type entryCount(142)
