06-29 12:55:02.449  3472  3472 I net.osmand: RoutingHelper Recalculate route, because correlation  : 1720768.9066770545
06-29 12:55:02.449  3472  3472 I net.osmand: RoutingHelper Recalculate route, because wrong movement direction: 1720791.8
06-29 12:55:03.112  3472  3472 I net.osmand: RoutingHelper Recalculate route, because correlation  : 1720768.9066770545
06-29 12:55:03.112  3472  3472 I net.osmand: RoutingHelper Recalculate route, because wrong movement direction: 1720791.8
06-29 12:55:03.120  3472  3472 I net.osmand: RoutingHelper Recalculate route, because correlation  : 1720768.9066770545
06-29 12:55:03.426  3472  3472 I chatty  : uid=10104(net.osmand) identical 1 line
06-29 12:55:03.433  3472  3472 I net.osmand: RoutingHelper Recalculate route, because correlation  : 1720768.9066770545
06-29 12:55:03.433  3472  3472 I net.osmand: RoutingHelper Recalculate route, because wrong movement direction: 1720791.8
06-29 12:55:04.441  3472  3472 I net.osmand: RoutingHelper Recalculate route, because correlation  : 1720768.9066770545
06-29 12:55:04.445  3472  3472 I chatty  : uid=10104(net.osmand) identical 1 line
06-29 12:55:04.505  3472  3472 I net.osmand: RoutingHelper Recalculate route, because correlation  : 1720768.9066770545
06-29 12:55:04.505  3472  3472 I net.osmand: RoutingHelper Recalculate route, because wrong movement direction: 1720791.8
06-29 12:55:04.553  3472  3472 I net.osmand: RoutingHelper Recalculate route, because correlation  : 1720768.9066770545
06-29 12:55:04.556  3472  3472 I net.osmand: RoutingHelper Recalculate route, because wrong movement direction: 1720791.8
06-29 12:55:05.422  3472  3472 I net.osmand: RoutingHelper Recalculate route, because correlation  : 1720768.9066770545
06-29 12:55:05.439  3472  3472 I net.osmand: RoutingHelper Recalculate route, because correlation  : 1720768.9066770545
06-29 12:55:05.439  3472  3472 I net.osmand: RoutingHelper Recalculate route, because wrong movement direction: 1720791.8
06-29 12:55:05.668  1600  2538 I WifiService: acquireWifiLock uid=10014 lockMode=2
06-29 12:55:05.747  1600  2105 I WifiService: releaseWifiLock uid=10014
06-29 12:55:05.870  3472  3472 I net.osmand: RoutingHelper Recalculate route, because correlation  : 1720768.9066770545
06-29 12:55:05.888  3472  3472 I net.osmand: RoutingHelper Recalculate route, because correlation  : 1720768.9066770545
06-29 12:55:05.888  3472  3472 I net.osmand: RoutingHelper Recalculate route, because wrong movement direction: 1720791.8
06-29 12:55:06.424  3472  3472 I net.osmand: RoutingHelper Recalculate route, because correlation  : 1720768.9066770545
06-29 12:55:06.444  3472  3472 I net.osmand: RoutingHelper Recalculate route, because correlation  : 1720768.9066770545
06-29 12:55:06.445  3472  3472 I net.osmand: RoutingHelper Recalculate route, because wrong movement direction: 1720791.8
06-29 12:55:07.147  3472  3472 I net.osmand: RoutingHelper Recalculate route, because correlation  : 1720768.9066770545
06-29 12:55:07.147  3472  3472 I net.osmand: RoutingHelper Recalculate route, because wrong movement direction: 1720791.8
06-29 12:55:07.264  3472  3472 I net.osmand: RoutingHelper Recalculate route, because correlation  : 1720768.9066770545
06-29 12:55:07.440  3472  3472 I chatty  : uid=10104(net.osmand) identical 1 line
06-29 12:55:07.445  3472  3472 I net.osmand: RoutingHelper Recalculate route, because correlation  : 1720768.9066770545
06-29 12:55:07.445  3472  3472 I net.osmand: RoutingHelper Recalculate route, because wrong movement direction: 1720791.8
06-29 12:55:08.429  3472  3472 I net.osmand: RoutingHelper Recalculate route, because correlation  : 1720768.9066770545
06-29 12:55:08.484  3472  3472 I net.osmand: RoutingHelper Recalculate route, because correlation  : 1720768.9066770545
06-29 12:55:08.484  3472  3472 I net.osmand: RoutingHelper Recalculate route, because wrong movement direction: 1720791.8
06-29 12:55:08.574  3472  3472 I net.osmand: RoutingHelper Recalculate route, because correlation  : 1720768.9066770545
06-29 12:55:08.575  3472  3472 I net.osmand: RoutingHelper Recalculate route, because wrong movement direction: 1720791.8
06-29 12:55:08.605  3472  3472 I net.osmand: RoutingHelper Recalculate route, because correlation  : 1720768.9066770545
06-29 12:55:09.105 20862 20885 I Finsky  : [690] imb.run(3): Stats for Executor: BlockingExecutor ink@f3e9dc4[Running, pool size = 0, active threads = 0, queued tasks = 0, completed tasks = 13]
06-29 12:55:09.156 20862 20885 I Finsky  : [690] imb.run(3): Stats for Executor: LightweightExecutor ink@b5314ad[Running, pool size = 2, active threads = 0, queued tasks = 0, completed tasks = 65]
06-29 12:55:09.435  3472  3472 I net.osmand: RoutingHelper Recalculate route, because correlation  : 1720768.9066770545
06-29 12:55:09.445  3472  3472 I net.osmand: RoutingHelper Recalculate route, because correlation  : 1720768.9066770545
06-29 12:55:09.445  3472  3472 I net.osmand: RoutingHelper Recalculate route, because wrong movement direction: 1720791.8
06-29 12:55:09.915  3472  3472 I net.osmand: RoutingHelper Recalculate route, because correlation  : 1720768.9066770545
06-29 12:55:09.915  3472  3472 I net.osmand: RoutingHelper Recalculate route, because wrong movement direction: 1720791.8
06-29 12:55:09.973  3472  3472 I net.osmand: RoutingHelper Recalculate route, because correlation  : 1720768.9066770545
06-29 12:55:10.028 20862 20885 I Finsky  : [690] imb.run(3): Stats for Executor: bgExecutor ink@d7ab3e2[Running, pool size = 4, active threads = 0, queued tasks = 0, completed tasks = 33]
06-29 12:55:10.426  3472  3472 I net.osmand: RoutingHelper Recalculate route, because correlation  : 1720768.9066770545
06-29 12:55:10.426  3472  3472 I net.osmand: RoutingHelper Recalculate route, because wrong movement direction: 1720791.8
06-29 12:55:10.491  3472  3472 I net.osmand: RoutingHelper Recalculate route, because correlation  : 1720768.9066770545
06-29 12:55:10.699  3472 22147 I net.osmand:native: Run GC (before 57.640877 Mb after 44.798922 Mb) unload 249 of 807 tiles
06-29 12:55:11.277  3472  3472 I net.osmand: RoutingHelper Recalculate route, because correlation  : 1720768.9066770545
06-29 12:55:11.277  3472  3472 I net.osmand: RoutingHelper Recalculate route, because wrong movement direction: 1720791.8
06-29 12:55:11.332  3472  3472 I net.osmand: RoutingHelper Recalculate route, because correlation  : 1720768.9066770545
06-29 12:55:11.461  3472  3472 I chatty  : uid=10104(net.osmand) identical 1 line
06-29 12:55:11.468  3472  3472 I net.osmand: RoutingHelper Recalculate route, because correlation  : 1720768.9066770545
06-29 12:55:11.468  3472  3472 I net.osmand: RoutingHelper Recalculate route, because wrong movement direction: 1720791.8
06-29 12:55:12.428  3472  3472 I net.osmand: RoutingHelper Recalculate route, because correlation  : 1720768.9066770545
06-29 12:55:12.428  3472  3472 I net.osmand: RoutingHelper Recalculate route, because wrong movement direction: 1720791.8
06-29 12:55:12.507  3472  3472 I net.osmand: RoutingHelper Recalculate route, because correlation  : 1720768.9066770545
06-29 12:55:12.712  3472  3472 I net.osmand: RoutingHelper Recalculate route, because correlation  : 1720768.9066770545
06-29 12:55:12.712  3472  3472 I net.osmand: RoutingHelper Recalculate route, because wrong movement direction: 1720791.8
06-29 12:55:12.769  3472  3472 I net.osmand: RoutingHelper Recalculate route, because correlation  : 1720768.9066770545
06-29 12:55:12.937  1600  1609 I zygote  : Background concurrent copying GC freed 44677(1902KB) AllocSpace objects, 0(0B) LOS objects, 22% free, 21MB/27MB, paused 2.278ms total 487.152ms
06-29 12:55:13.449  3472  3472 I net.osmand: RoutingHelper Recalculate route, because correlation  : 1720768.9066770545
06-29 12:55:13.449  3472  3472 I net.osmand: RoutingHelper Recalculate route, because wrong movement direction: 1720791.8
06-29 12:55:13.548  3472  3472 I net.osmand: RoutingHelper Recalculate route, because correlation  : 1720768.9066770545
06-29 12:55:14.045  3472  3472 I net.osmand: RoutingHelper Recalculate route, because correlation  : 1720768.9066770545
06-29 12:55:14.046  3472  3472 I net.osmand: RoutingHelper Recalculate route, because wrong movement direction: 1720791.8
06-29 12:55:14.105  3472  3472 I net.osmand: RoutingHelper Recalculate route, because correlation  : 1720768.9066770545
06-29 12:55:14.169  1600  1611 I WifiService: getConnectionInfo uid=10014
06-29 12:55:14.180  1964 22215 E WakeLock: GCM_HB_ALARM release without a matched acquire!
06-29 12:55:14.183  1600  1617 I WifiService: requestActivityInfo uid=1000
06-29 12:55:14.183  1600  1617 I WifiService: reportActivityInfo uid=1000
06-29 12:55:14.183  1600  1617 I WifiService: getSupportedFeatures uid=1000
06-29 12:55:14.297  1964 22221 V NativeCrypto: Read error: ssl=0x9cce5e78: I/O error during system call, Connection reset by peer
06-29 12:55:14.307  1964 22221 V NativeCrypto: SSL shutdown failed: ssl=0x9cce5e78: I/O error during system call, Broken pipe
06-29 12:55:14.308  1964 22221 E WakeLock: GCM_HB_ALARM release without a matched acquire!
06-29 12:55:14.308  1964 22221 W WakeLock: GCM_HB_ALARM counter does not exist
06-29 12:55:14.315  1600  1678 D ConnectivityService: reportNetworkConnectivity(101, false) by 10014
06-29 12:55:14.316  1600  3204 D NetworkMonitor/NetworkAgentInfo [WIFI () - 101]: Forcing reevaluation for UID 10014
06-29 12:55:14.334  1600 22247 D NetworkMonitor/NetworkAgentInfo [WIFI () - 101]: PROBE_DNS connectivitycheck.gstatic.com 10ms OK 172.217.172.131,2800:3f0:4001:81a::2003
06-29 12:55:14.354  1600 22246 D NetworkMonitor/NetworkAgentInfo [WIFI () - 101]: PROBE_DNS www.google.com 31ms OK 172.217.28.228,2800:3f0:4001:801::2004
06-29 12:55:14.411  1600 22247 D NetworkMonitor/NetworkAgentInfo [WIFI () - 101]: PROBE_HTTP http://connectivitycheck.gstatic.com/generate_204 time=75ms ret=204 request={User-Agent=[Mozilla/5.0 (X11; Linux x86_64) AppleWebKit/537.36 (KHTML, like Gecko) Chrome/60.0.3112.32 Safari/537.36]} headers={null=[HTTP/1.1 204 No Content], Content-Length=[0], Date=[Sat, 29 Jun 2019 16:55:14 GMT], X-Android-Received-Millis=[1561827314411], X-Android-Response-Source=[NETWORK 204], X-Android-Selected-Protocol=[http/1.1], X-Android-Sent-Millis=[1561827314336]}
06-29 12:55:14.425  1600 22246 D NetworkMonitor/NetworkAgentInfo [WIFI () - 101]: PROBE_HTTPS https://www.google.com/generate_204 time=69ms ret=204 request={User-Agent=[Mozilla/5.0 (X11; Linux x86_64) AppleWebKit/537.36 (KHTML, like Gecko) Chrome/60.0.3112.32 Safari/537.36]} headers={null=[HTTP/1.1 204 No Content], Alt-Svc=[quic=":443"; ma=2592000; v="46,44,43,39"], Content-Length=[0], Date=[Sat, 29 Jun 2019 16:55:14 GMT], X-Android-Received-Millis=[1561827314424], X-Android-Response-Source=[NETWORK 204], X-Android-Selected-Protocol=[http/1.1], X-Android-Sent-Millis=[1561827314356]}
06-29 12:55:14.426  1600  1678 D ConnectivityService: NetworkAgentInfo [WIFI () - 101] validation passed
06-29 12:55:14.428  3472  3472 I net.osmand: RoutingHelper Recalculate route, because correlation  : 1720768.9066770545
06-29 12:55:14.508  3472  3472 I net.osmand: RoutingHelper Recalculate route, because correlation  : 1720768.9066770545
06-29 12:55:14.508  3472  3472 I net.osmand: RoutingHelper Recalculate route, because wrong movement direction: 1720791.8
06-29 12:55:14.615  1600  2538 I WifiService: getConnectionInfo uid=10014
06-29 12:55:14.754  1964  2323 I GeofencerStateMachine: addGeofences called by com.google.android.apps.maps
06-29 12:55:14.790  1600  2105 I GnssLocationProvider: WakeLock acquired by sendMessage(SET_REQUEST, 0, com.android.server.location.GnssLocationProvider$GpsRequest@30f1414)
06-29 12:55:14.790  1600  1613 I GnssLocationProvider: WakeLock released by handleMessage(SET_REQUEST, 0, com.android.server.location.GnssLocationProvider$GpsRequest@30f1414)
06-29 12:55:14.850  1600  2105 I WifiService: getWifiEnabledState uid=10062
06-29 12:55:14.881  1600  2105 I GnssLocationProvider: WakeLock acquired by sendMessage(SET_REQUEST, 0, com.android.server.location.GnssLocationProvider$GpsRequest@3c75ab2)
06-29 12:55:14.882  1600  1613 I GnssLocationProvider: WakeLock released by handleMessage(SET_REQUEST, 0, com.android.server.location.GnssLocationProvider$GpsRequest@3c75ab2)
06-29 12:55:14.893  1600  2105 I WifiService: getConnectionInfo uid=10014
06-29 12:55:14.983  1600  2105 I WifiService: getConnectionInfo uid=10014
06-29 12:55:15.031  1964  1964 W ChimeraUtils: Non Chimera context
06-29 12:55:15.031  1964  1964 W ChimeraUtils: Non Chimera context
06-29 12:55:15.344  1964  4580 W ResourceType: ResTable_typeSpec entry count inconsistent: given 15, previously 22
06-29 12:55:15.438  3472  3472 I net.osmand: RoutingHelper Recalculate route, because correlation  : 1720768.9066770545
06-29 12:55:15.438  3472  3472 I net.osmand: RoutingHelper Recalculate route, because wrong movement direction: 1720791.8
06-29 12:55:15.575  3472  3472 I net.osmand: RoutingHelper Recalculate route, because correlation  : 1720768.9066770545
06-29 12:55:15.757  3472  3472 I net.osmand: RoutingHelper Recalculate route, because correlation  : 1720768.9066770545
06-29 12:55:15.758  3472  3472 I net.osmand: RoutingHelper Recalculate route, because wrong movement direction: 1720791.8
06-29 12:55:15.765  3472  3472 I net.osmand: RoutingHelper Recalculate route, because correlation  : 1720768.9066770545
06-29 12:55:16.435  3472  3472 I net.osmand: RoutingHelper Recalculate route, because correlation  : 1720768.9066770545
06-29 12:55:16.435  3472  3472 I net.osmand: RoutingHelper Recalculate route, because wrong movement direction: 1720791.8
06-29 12:55:16.514  3472  3472 I net.osmand: RoutingHelper Recalculate route, because correlation  : 1720768.9066770545
06-29 12:55:17.189  3472  3472 I net.osmand: RoutingHelper Recalculate route, because correlation  : 1720768.9066770545
06-29 12:55:17.189  3472  3472 I net.osmand: RoutingHelper Recalculate route, because wrong movement direction: 1720791.8
06-29 12:55:17.281  3472  3472 I net.osmand: RoutingHelper Recalculate route, because correlation  : 1720768.9066770545
06-29 12:55:17.446  3472  3472 I net.osmand: RoutingHelper Recalculate route, because correlation  : 1720768.9066770545
06-29 12:55:17.447  3472  3472 I net.osmand: RoutingHelper Recalculate route, because wrong movement direction: 1720791.8
06-29 12:55:17.558  3472  3472 I net.osmand: RoutingHelper Recalculate route, because correlation  : 1720768.9066770545
