06-29 10:25:40.070  3472  3472 I net.osmand: RoutingHelper Recalculate route, because wrong movement direction: 185456.72
06-29 10:25:40.317  3472  3472 I net.osmand: RoutingHelper Recalculate route, because correlation  : 185432.72456294097
06-29 10:25:40.318  3472  3472 I net.osmand: RoutingHelper Recalculate route, because wrong movement direction: 185432.72
06-29 10:25:40.389  3472  3472 I net.osmand: RoutingHelper Recalculate route, because correlation  : 185432.72456294097
06-29 10:25:41.045  3472  3472 I net.osmand: RoutingHelper Recalculate route, because correlation  : 185432.72456294097
06-29 10:25:41.045  3472  3472 I net.osmand: RoutingHelper Recalculate route, because wrong movement direction: 185432.72
06-29 10:25:41.104  3472  3472 I net.osmand: RoutingHelper Recalculate route, because correlation  : 185432.72456294097
06-29 10:25:41.413  3472  3482 I zygote  : Background concurrent copying GC freed 295775(6MB) AllocSpace objects, 0(0B) LOS objects, 24% free, 18MB/24MB, paused 2.220ms total 308.936ms
06-29 10:25:41.660  3472  3472 I net.osmand: RoutingHelper Recalculate route, because correlation  : 185408.7327002473
06-29 10:25:41.660  3472  3472 I net.osmand: RoutingHelper Recalculate route, because wrong movement direction: 185408.73
06-29 10:25:41.696  3472  3496 I net.osmand: MapRenderRepositories RENDER MAP: update due to tile box
06-29 10:25:41.696  3472  3496 I net.osmand: MapRenderRepositories RENDER MAP: Interrupt rendering map
06-29 10:25:41.723  3472  3472 I net.osmand: RoutingHelper Recalculate route, because correlation  : 185408.7327002473
06-29 10:25:41.732  3472  3496 I net.osmand: MapRenderRepositories RENDER MAP: update due to tile box
06-29 10:25:41.732  3472  3496 I net.osmand: MapRenderRepositories RENDER MAP: Interrupt rendering map
06-29 10:25:41.952  1600  1792 D WificondControl: Scan result ready event
06-29 10:25:41.995  1600  1792 I WifiService: releaseWifiLock uid=10014
06-29 10:25:42.042  3472  3496 I net.osmand: MapRenderRepositories RENDER MAP: update due to tile box
06-29 10:25:42.042  3472  3496 I net.osmand: MapRenderRepositories RENDER MAP: Interrupt rendering map
06-29 10:25:42.046  3472  3472 I net.osmand: RoutingHelper Recalculate route, because correlation  : 185408.7327002473
06-29 10:25:42.046  3472  3472 I net.osmand: RoutingHelper Recalculate route, because wrong movement direction: 185408.73
06-29 10:25:42.093  3472  3472 I net.osmand: RoutingHelper Recalculate route, because correlation  : 185408.7327002473
06-29 10:25:42.107  3472  3496 I net.osmand: MapRenderRepositories RENDER MAP: update due to tile box
06-29 10:25:42.108  3472  3496 I net.osmand: MapRenderRepositories RENDER MAP: Interrupt rendering map
06-29 10:25:42.274  3472  3495 I net.osmand: MapRenderRepositories RENDER MAP: new request RotatedTileBox [lat=-7.22635, lon=-35.898705, rotate=0.0, density=2.625, zoom=17, mapDensity=3.9375, zoomAnimation=0.0, zoomFloatPart=0.0, cx=900, cy=1972, pixWidth=1800, pixHeight=2690]
06-29 10:25:42.329  3472  3495 I net.osmand:native: Route objects 72
06-29 10:25:42.329  3472  3495 I net.osmand:native: Ocean: no completed & incompleted coastlines 0
06-29 10:25:42.329  3472  3495 I net.osmand:native: Detailed coastlines = 0, basemap coastlines 0, ocean tile 0.000000. Detailed added 0, basemap processed 1, basemap added 0.
06-29 10:25:42.330  3472  3495 I net.osmand:native: Search : tree - read( 500), accept( 42), objs - visit( 2717), accept(103), in result(72) 
06-29 10:25:42.330  3472  3495 I net.osmand: MapRenderRepositories BLat=-7.228656959533692, TLat=-7.220648574829101, LLong=-35.901153564453125, RLong=-35.8962516784668, zoom=17
06-29 10:25:42.330  3472  3495 I net.osmand: MapRenderRepositories Native search: 55 ms 
06-29 10:25:42.337  3472  3495 I net.osmand:native: Creating SkBitmap in native w:1800 h:2690 s:7200 f:1!
06-29 10:25:42.337  3472  3495 I net.osmand:native: Row bytes for RGBA_8888 is 7200
06-29 10:25:42.337  3472  3495 I net.osmand:native: Locked 19368000 bytes at 0x78300000
06-29 10:25:42.337  3472  3495 I net.osmand:native: Initializing rendering
06-29 10:25:42.338  3472  3495 I net.osmand:native: Rendering image
06-29 10:25:42.532  3472  3495 I net.osmand:native: Native ok (rendering 0, text 101 ms) 
06-29 10:25:42.532  3472  3495 I net.osmand:native:  (2340 points, 325 points inside, 126 of 151 objects visible)
06-29 10:25:42.532  3472  3495 I net.osmand:native: End Rendering image
06-29 10:25:42.532  3472  3495 I net.osmand:native: Native ok (init 1, rendering 0) 
06-29 10:25:42.533  3472  3495 I net.osmand: MapRenderRepositories true
06-29 10:25:42.976  3472  3472 I net.osmand: RoutingHelper Recalculate route, because correlation  : 185384.74099174017
06-29 10:25:43.043  3472  3472 I net.osmand: RoutingHelper Recalculate route, because correlation  : 185384.74099174017
06-29 10:25:43.043  3472  3472 I net.osmand: RoutingHelper Recalculate route, because wrong movement direction: 185384.73
06-29 10:25:43.113  3472  3472 I net.osmand: RoutingHelper Recalculate route, because correlation  : 185384.74099174017
06-29 10:25:43.114  3472  3472 I net.osmand: RoutingHelper Recalculate route, because wrong movement direction: 185384.73
06-29 10:25:43.160  3472  3472 I net.osmand: RoutingHelper Recalculate route, because correlation  : 185384.74099174017
06-29 10:25:44.079  3472  3472 I net.osmand: RoutingHelper Recalculate route, because correlation  : 185384.74099174017
06-29 10:25:44.079  3472  3472 I net.osmand: RoutingHelper Recalculate route, because wrong movement direction: 185384.73
06-29 10:25:44.153  1964  1964 I GeofencerStateMachine: sendNewTransitions called.
06-29 10:25:44.198  3472  3472 I net.osmand: RoutingHelper Recalculate route, because correlation  : 185384.74099174017
06-29 10:25:44.494  3472  3472 I net.osmand: RoutingHelper Recalculate route, because correlation  : 185360.70864251064
06-29 10:25:44.522  3472  3472 I net.osmand: RoutingHelper Recalculate route, because correlation  : 185360.70864251064
06-29 10:25:44.522  3472  3472 I net.osmand: RoutingHelper Recalculate route, because wrong movement direction: 185360.7
06-29 10:25:44.969  1600 11655 D NetworkMonitor/NetworkAgentInfo [WIFI () - 101]: PROBE_HTTPS https://www.google.com/generate_204 time=6401ms ret=204 request={User-Agent=[Mozilla/5.0 (X11; Linux x86_64) AppleWebKit/537.36 (KHTML, like Gecko) Chrome/60.0.3112.32 Safari/537.36]} headers={null=[HTTP/1.1 204 No Content], Alt-Svc=[quic=":443"; ma=2592000; v="46,44,43,39"], Content-Length=[0], Date=[Sat, 29 Jun 2019 14:25:40 GMT], X-Android-Received-Millis=[1561818344968], X-Android-Response-Source=[NETWORK 204], X-Android-Selected-Protocol=[http/1.1], X-Android-Sent-Millis=[1561818338568]}
06-29 10:25:45.053  3472  3472 I net.osmand: RoutingHelper Recalculate route, because correlation  : 185360.70864251064
06-29 10:25:45.054  3472  3472 I net.osmand: RoutingHelper Recalculate route, because wrong movement direction: 185360.7
06-29 10:25:45.119  3472  3482 I zygote  : Background concurrent copying GC freed 288402(6MB) AllocSpace objects, 0(0B) LOS objects, 24% free, 18MB/24MB, paused 4.126ms total 584.128ms
06-29 10:25:45.132  3472  3472 I net.osmand: RoutingHelper Recalculate route, because correlation  : 185360.70864251064
06-29 10:25:45.833  3472  3472 I net.osmand: RoutingHelper Recalculate route, because correlation  : 185336.71724773265
06-29 10:25:45.887  3472  3472 I net.osmand: RoutingHelper Recalculate route, because correlation  : 185336.71724773265
06-29 10:25:45.887  3472  3472 I net.osmand: RoutingHelper Recalculate route, because wrong movement direction: 185336.72
06-29 10:25:46.083  3472  3472 I net.osmand: RoutingHelper Recalculate route, because correlation  : 185336.71724773265
06-29 10:25:46.087  3472  3472 I net.osmand: RoutingHelper Recalculate route, because correlation  : 185336.71724773265
06-29 10:25:46.087  3472  3472 I net.osmand: RoutingHelper Recalculate route, because wrong movement direction: 185336.72
06-29 10:25:47.047  3472  3472 I net.osmand: RoutingHelper Recalculate route, because correlation  : 185336.71724773265
06-29 10:25:47.148  3472  3472 I net.osmand: RoutingHelper Recalculate route, because correlation  : 185336.71724773265
06-29 10:25:47.148  3472  3472 I net.osmand: RoutingHelper Recalculate route, because wrong movement direction: 185336.72
06-29 10:25:47.212  3472  3472 I net.osmand: RoutingHelper Recalculate route, because correlation  : 185312.72600731818
06-29 10:25:47.213  3472  3472 I net.osmand: RoutingHelper Recalculate route, because wrong movement direction: 185312.72
06-29 10:25:47.224  3472  3472 I net.osmand: RoutingHelper Recalculate route, because correlation  : 185312.72600731818
06-29 10:25:48.045  3472  3472 I chatty  : uid=10104(net.osmand) identical 1 line
06-29 10:25:48.111  3472  3472 I net.osmand: RoutingHelper Recalculate route, because correlation  : 185312.72600731818
06-29 10:25:48.111  3472  3472 I net.osmand: RoutingHelper Recalculate route, because wrong movement direction: 185312.72
06-29 10:25:48.445  3472  3472 I net.osmand: RoutingHelper Recalculate route, because correlation  : 185288.91432104862
06-29 10:25:48.462  3472  3472 I net.osmand: RoutingHelper Recalculate route, because correlation  : 185288.91432104862
06-29 10:25:48.462  3472  3472 I net.osmand: RoutingHelper Recalculate route, because wrong movement direction: 185288.92
06-29 10:25:48.480  3472  3496 I net.osmand: MapRenderRepositories RENDER MAP: update due to tile box
06-29 10:25:48.481  3472  3496 I net.osmand: MapRenderRepositories RENDER MAP: Interrupt rendering map
06-29 10:25:48.547  3472  3495 I net.osmand: MapRenderRepositories RENDER MAP: new request RotatedTileBox [lat=-7.226818333333333, lon=-35.89971166666667, rotate=0.0, density=2.625, zoom=17, mapDensity=3.9375, zoomAnimation=0.0, zoomFloatPart=0.0, cx=900, cy=1972, pixWidth=1800, pixHeight=2690]
06-29 10:25:48.684  3472  3495 I net.osmand:native: Route objects 76
06-29 10:25:48.685  3472  3495 I net.osmand:native: Ocean: no completed & incompleted coastlines 0
06-29 10:25:48.685  3472  3495 I net.osmand:native: Detailed coastlines = 0, basemap coastlines 0, ocean tile 0.000000. Detailed added 0, basemap processed 1, basemap added 0.
06-29 10:25:48.686  3472  3495 I net.osmand:native: Search : tree - read( 500), accept( 41), objs - visit( 2677), accept(107), in result(76) 
06-29 10:25:48.701  3472  3495 I net.osmand: MapRenderRepositories BLat=-7.229125213623047, TLat=-7.221116828918457, LLong=-35.90216064453125, RLong=-35.89725875854492, zoom=17
06-29 10:25:48.702  3472  3495 I net.osmand: MapRenderRepositories Native search: 154 ms 
06-29 10:25:48.707  3472  3495 I net.osmand:native: Creating SkBitmap in native w:1800 h:2690 s:7200 f:1!
06-29 10:25:48.707  3472  3495 I net.osmand:native: Row bytes for RGBA_8888 is 7200
06-29 10:25:48.707  3472  3495 I net.osmand:native: Locked 19368000 bytes at 0x69700000
06-29 10:25:48.707  3472  3495 I net.osmand:native: Initializing rendering
06-29 10:25:48.708  3472  3495 I net.osmand:native: Rendering image
06-29 10:25:48.866  1600  3204 D NetworkMonitor/NetworkAgentInfo [WIFI () - 101]: PROBE_FALLBACK http://www.google.com/gen_204 time=7418ms ret=204 request={User-Agent=[Mozilla/5.0 (X11; Linux x86_64) AppleWebKit/537.36 (KHTML, like Gecko) Chrome/60.0.3112.32 Safari/537.36]} headers={null=[HTTP/1.1 204 No Content], Content-Length=[0], Content-Type=[text/html; charset=UTF-8], Date=[Sat, 29 Jun 2019 14:25:47 GMT], P3P=[CP="This is not a P3P policy! See g.co/p3phelp for more info."], Server=[gws], Set-Cookie=[1P_JAR=2019-06-29-14; expires=Mon, 29-Jul-2019 14:25:47 GMT; path=/; domain=.google.com, NID=186=khOEJYtUijFRl49n3PIauKqrT_kAVXnMh9q1RYvbhu8RXdnhRkBPHnuX4ddTq8N8Yp3y0B-Shn3XiJwp98lkVr31O5v1MGSjAGFfo8qu2yqM3XHgpJ4jCRZzUv4_m1UvkxDx8Nm_aP76Sys90Wrnd0sWedJO7zDetJPFUJhxF10; expires=Sun, 29-Dec-2019 14:25:47 GMT; path=/; domain=.google.com; HttpOnly], X-Android-Received-Millis=[1561818348866], X-Android-Response-Source=[NETWORK 204], X-Android-Selected-Protocol=[http/1.1], X-Android-Sent-Millis=[1561818347310], X-Frame-Options=[SAMEORIGIN], X-XSS-Protection=[0]}
06-29 10:25:48.868  1600  1678 D ConnectivityService: NetworkAgentInfo [WIFI () - 101] validation passed
06-29 10:25:48.935  3472  3495 I net.osmand:native: Native ok (rendering 0, text 112 ms) 
06-29 10:25:48.935  3472  3495 I net.osmand:native:  (2359 points, 319 points inside, 138 of 165 objects visible)
06-29 10:25:48.935  3472  3495 I net.osmand:native: End Rendering image
06-29 10:25:48.935  3472  3495 I net.osmand:native: Native ok (init 1, rendering 0) 
06-29 10:25:48.936  3472  3495 I net.osmand: MapRenderRepositories true
06-29 10:25:49.071  3472  3472 I net.osmand: RoutingHelper Recalculate route, because correlation  : 185288.91432104862
06-29 10:25:49.082  3472  3472 I net.osmand: RoutingHelper Recalculate route, because correlation  : 185288.91432104862
06-29 10:25:49.082  3472  3472 I net.osmand: RoutingHelper Recalculate route, because wrong movement direction: 185288.92
06-29 10:25:49.338  3472  3482 I zygote  : Background concurrent copying GC freed 300895(6MB) AllocSpace objects, 0(0B) LOS objects, 23% free, 19MB/25MB, paused 4.604ms total 834.157ms
06-29 10:25:49.739  3472  3472 I net.osmand: RoutingHelper Recalculate route, because correlation  : 185264.8826166385
06-29 10:25:49.743  3472  3472 I net.osmand: RoutingHelper Recalculate route, because correlation  : 185264.8826166385
06-29 10:25:49.743  3472  3472 I net.osmand: RoutingHelper Recalculate route, because wrong movement direction: 185264.88
06-29 10:25:50.066  3472  3472 I net.osmand: RoutingHelper Recalculate route, because correlation  : 185264.8826166385
06-29 10:25:50.074  3472  3472 I net.osmand: RoutingHelper Recalculate route, because correlation  : 185264.8826166385
06-29 10:25:50.074  3472  3472 I net.osmand: RoutingHelper Recalculate route, because wrong movement direction: 185264.88
06-29 10:25:51.000  3472  3472 I net.osmand: RoutingHelper Recalculate route, because correlation  : 185240.89184597204
06-29 10:25:51.011  3472  3472 I net.osmand: RoutingHelper Recalculate route, because correlation  : 185240.89184597204
06-29 10:25:51.011  3472  3472 I net.osmand: RoutingHelper Recalculate route, because wrong movement direction: 185240.89
06-29 10:25:51.080  3472  3472 I net.osmand: RoutingHelper Recalculate route, because correlation  : 185240.89184597204
06-29 10:25:51.127  3472  3472 I net.osmand: RoutingHelper Recalculate route, because correlation  : 185240.89184597204
06-29 10:25:51.127  3472  3472 I net.osmand: RoutingHelper Recalculate route, because wrong movement direction: 185240.89
06-29 10:25:52.063  3472  3472 I net.osmand: RoutingHelper Recalculate route, because correlation  : 185240.89184597204
06-29 10:25:52.063  3472  3472 I net.osmand: RoutingHelper Recalculate route, because wrong movement direction: 185240.89
06-29 10:25:52.136  3472  3472 I net.osmand: RoutingHelper Recalculate route, because correlation  : 185240.89184597204
06-29 10:25:52.371  3472  3472 I net.osmand: RoutingHelper Recalculate route, because correlation  : 185264.8826166385
06-29 10:25:52.371  3472  3472 I net.osmand: RoutingHelper Recalculate route, because wrong movement direction: 185264.88
06-29 10:25:52.391  3472  3472 I net.osmand: RoutingHelper Recalculate route, because correlation  : 185264.8826166385
06-29 10:25:53.047  3472  3472 I net.osmand: RoutingHelper Recalculate route, because correlation  : 185264.8826166385
06-29 10:25:53.047  3472  3472 I net.osmand: RoutingHelper Recalculate route, because wrong movement direction: 185264.88
06-29 10:25:53.108  3472  3472 I net.osmand: RoutingHelper Recalculate route, because correlation  : 185264.8826166385
06-29 10:25:53.526  3472  3482 I zygote  : Background concurrent copying GC freed 320904(7MB) AllocSpace objects, 0(0B) LOS objects, 24% free, 18MB/24MB, paused 9.850ms total 382.068ms
06-29 10:25:53.694  3472  3472 I net.osmand: RoutingHelper Recalculate route, because correlation  : 185263.1456869242
06-29 10:25:53.701  3472  3472 I net.osmand: RoutingHelper Recalculate route, because correlation  : 185263.1456869242
06-29 10:25:53.701  3472  3472 I net.osmand: RoutingHelper Recalculate route, because wrong movement direction: 185263.14
06-29 10:25:54.084  3472  3472 I net.osmand: RoutingHelper Recalculate route, because correlation  : 185263.1456869242
06-29 10:25:54.088  3472  3472 I net.osmand: RoutingHelper Recalculate route, because correlation  : 185263.1456869242
06-29 10:25:54.088  3472  3472 I net.osmand: RoutingHelper Recalculate route, because wrong movement direction: 185263.14
06-29 10:25:54.996  3472  3472 I net.osmand: RoutingHelper Recalculate route, because correlation  : 185263.1456869242
06-29 10:25:54.996  3472  3472 I net.osmand: RoutingHelper Recalculate route, because wrong movement direction: 185263.14
06-29 10:25:55.073  3472  3472 I net.osmand: RoutingHelper Recalculate route, because correlation  : 185263.1456869242
06-29 10:25:55.125  3472  3472 I chatty  : uid=10104(net.osmand) identical 1 line
06-29 10:25:55.128  3472  3472 I net.osmand: RoutingHelper Recalculate route, because correlation  : 185263.1456869242
06-29 10:25:55.129  3472  3472 I net.osmand: RoutingHelper Recalculate route, because wrong movement direction: 185263.14
06-29 10:25:56.049  3472  3472 D net.osmand: DayNightHelper Sunrise/sunset setting to day: true
06-29 10:25:56.056  3472  3472 I net.osmand: RoutingHelper Recalculate route, because correlation  : 185263.1456869242
06-29 10:25:56.056  3472  3472 I net.osmand: RoutingHelper Recalculate route, because wrong movement direction: 185263.14
06-29 10:25:56.122  3472  3472 I net.osmand: RoutingHelper Recalculate route, because correlation  : 185263.1456869242
06-29 10:25:56.441  3472  3472 I net.osmand: RoutingHelper Recalculate route, because correlation  : 185239.05705722264
06-29 10:25:56.514  3472  3472 I net.osmand: RoutingHelper Recalculate route, because correlation  : 185239.05705722264
06-29 10:25:56.514  3472  3472 I net.osmand: RoutingHelper Recalculate route, because wrong movement direction: 185239.06
06-29 10:25:56.806  3472  3482 I zygote  : Background concurrent copying GC freed 285438(6MB) AllocSpace objects, 0(0B) LOS objects, 25% free, 17MB/23MB, paused 1.818ms total 273.109ms
06-29 10:25:57.050  3472  3472 I net.osmand: RoutingHelper Recalculate route, because correlation  : 185239.05705722264
06-29 10:25:57.050  3472  3472 I net.osmand: RoutingHelper Recalculate route, because wrong movement direction: 185239.06
06-29 10:25:57.116  3472  3472 I net.osmand: RoutingHelper Recalculate route, because correlation  : 185239.05705722264
06-29 10:25:57.715  3472  3472 I net.osmand: RoutingHelper Recalculate route, because correlation  : 185215.0093242405
06-29 10:25:57.726  3472  3472 I net.osmand: RoutingHelper Recalculate route, because correlation  : 185215.0093242405
06-29 10:25:57.726  3472  3472 I net.osmand: RoutingHelper Recalculate route, because wrong movement direction: 185215.02
06-29 10:25:58.051  3472  3472 I net.osmand: RoutingHelper Recalculate route, because correlation  : 185215.0093242405
06-29 10:25:58.076  3472  3472 I net.osmand: RoutingHelper Recalculate route, because correlation  : 185215.0093242405
06-29 10:25:58.076  3472  3472 I net.osmand: RoutingHelper Recalculate route, because wrong movement direction: 185215.02
06-29 10:25:59.025  3472  3472 I net.osmand: RoutingHelper Recalculate route, because correlation  : 185190.92095473618
06-29 10:25:59.049  3472  3472 I net.osmand: RoutingHelper Recalculate route, because correlation  : 185190.92095473618
06-29 10:25:59.049  3472  3472 I net.osmand: RoutingHelper Recalculate route, because wrong movement direction: 185190.92
06-29 10:25:59.110  3472  3472 I net.osmand: RoutingHelper Recalculate route, because correlation  : 185190.92095473618
06-29 10:25:59.111  3472  3472 I net.osmand: RoutingHelper Recalculate route, because correlation  : 185190.92095473618
06-29 10:25:59.111  3472  3472 I net.osmand: RoutingHelper Recalculate route, because wrong movement direction: 185190.92
06-29 10:25:59.958  1600  1674 W AlarmManager: Unrecognized alarm listener com.android.server.wifi.WifiConfigStore$1@fa13445
06-29 10:25:59.980  1600  1674 D WifiConfigStore: Writing to stores completed in 22 ms.
06-29 10:25:59.986  1600  5707 I WifiService: acquireWifiLock uid=10014 lockMode=2
06-29 10:26:00.133  3472  3472 I net.osmand: RoutingHelper Recalculate route, because correlation  : 185190.92095473618
06-29 10:26:00.235  3472  3472 I net.osmand: RoutingHelper Recalculate route, because correlation  : 185190.92095473618
06-29 10:26:00.235  3472  3472 I net.osmand: RoutingHelper Recalculate route, because wrong movement direction: 185190.92
06-29 10:26:00.304  1600  2662 I WifiService: releaseWifiLock uid=10014
06-29 10:26:00.542  3472  3472 I net.osmand: RoutingHelper Recalculate route, because correlation  : 185166.6940676345
06-29 10:26:00.589  3472  3472 I net.osmand: RoutingHelper Recalculate route, because correlation  : 185166.6940676345
06-29 10:26:00.589  3472  3472 I net.osmand: RoutingHelper Recalculate route, because wrong movement direction: 185166.69
06-29 10:26:00.615  3472  3496 I net.osmand: MapRenderRepositories RENDER MAP: update due to tile box
06-29 10:26:00.615  3472  3496 I net.osmand: MapRenderRepositories RENDER MAP: Interrupt rendering map
06-29 10:26:00.875  1964  1978 I zygote  : Background concurrent copying GC freed 126390(5MB) AllocSpace objects, 15(944KB) LOS objects, 39% free, 9MB/15MB, paused 1.992ms total 699.952ms
06-29 10:26:00.964  3472  3495 I net.osmand: MapRenderRepositories RENDER MAP: new request RotatedTileBox [lat=-7.227275, lon=-35.90074333333334, rotate=0.0, density=2.625, zoom=17, mapDensity=3.9375, zoomAnimation=0.0, zoomFloatPart=0.0, cx=900, cy=1972, pixWidth=1800, pixHeight=2690]
06-29 10:26:00.970  3472  3482 I zygote  : Background concurrent copying GC freed 280831(6MB) AllocSpace objects, 0(0B) LOS objects, 24% free, 18MB/24MB, paused 10.065ms total 570.089ms
06-29 10:26:01.024  3472  3495 I net.osmand:native: Route objects 78
06-29 10:26:01.024  3472  3495 I net.osmand:native: Ocean: no completed & incompleted coastlines 0
06-29 10:26:01.024  3472  3495 I net.osmand:native: Detailed coastlines = 0, basemap coastlines 0, ocean tile 0.000000. Detailed added 0, basemap processed 1, basemap added 0.
06-29 10:26:01.025  3472  3495 I net.osmand:native: Search : tree - read( 500), accept( 45), objs - visit( 2837), accept(109), in result(78) 
06-29 10:26:01.025  3472  3495 I net.osmand: MapRenderRepositories BLat=-7.229570937156677, TLat=-7.221586155891418, LLong=-35.90319061279297, RLong=-35.89828872680664, zoom=17
06-29 10:26:01.025  3472  3495 I net.osmand: MapRenderRepositories Native search: 60 ms 
06-29 10:26:01.034  3472  3495 I net.osmand:native: Creating SkBitmap in native w:1800 h:2690 s:7200 f:1!
06-29 10:26:01.034  3472  3495 I net.osmand:native: Row bytes for RGBA_8888 is 7200
06-29 10:26:01.035  3472  3495 I net.osmand:native: Locked 19368000 bytes at 0x78300000
06-29 10:26:01.035  3472  3495 I net.osmand:native: Initializing rendering
06-29 10:26:01.036  3472  3495 I net.osmand:native: Rendering image
06-29 10:26:01.072  3472  3472 I net.osmand: RoutingHelper Recalculate route, because correlation  : 185166.6940676345
06-29 10:26:01.093  3472  3472 I net.osmand: RoutingHelper Recalculate route, because correlation  : 185166.6940676345
06-29 10:26:01.093  3472  3472 I net.osmand: RoutingHelper Recalculate route, because wrong movement direction: 185166.69
06-29 10:26:01.406  3472  3495 I net.osmand:native: Native ok (rendering 0, text 109 ms) 
06-29 10:26:01.406  3472  3495 I net.osmand:native:  (2417 points, 285 points inside, 136 of 167 objects visible)
06-29 10:26:01.407  3472  3495 I net.osmand:native: End Rendering image
06-29 10:26:01.407  3472  3495 I net.osmand:native: Native ok (init 1, rendering 0) 
06-29 10:26:01.421  3472  3495 I net.osmand: MapRenderRepositories true
06-29 10:26:01.881  3472  3472 I net.osmand: RoutingHelper Recalculate route, because correlation  : 185142.6467077289
06-29 10:26:01.897  3472  3472 I net.osmand: RoutingHelper Recalculate route, because correlation  : 185142.6467077289
06-29 10:26:01.897  3472  3472 I net.osmand: RoutingHelper Recalculate route, because wrong movement direction: 185142.64
06-29 10:26:02.101  3472  3472 I net.osmand: RoutingHelper Recalculate route, because correlation  : 185142.6467077289
06-29 10:26:02.106  3472  3472 I net.osmand: RoutingHelper Recalculate route, because correlation  : 185142.6467077289
06-29 10:26:02.106  3472  3472 I net.osmand: RoutingHelper Recalculate route, because wrong movement direction: 185142.64
06-29 10:26:03.054  3472  3472 I net.osmand: RoutingHelper Recalculate route, because correlation  : 185142.6467077289
06-29 10:26:03.093  3472  3472 I net.osmand: RoutingHelper Recalculate route, because correlation  : 185142.6467077289
06-29 10:26:03.093  3472  3472 I net.osmand: RoutingHelper Recalculate route, because wrong movement direction: 185142.64
06-29 10:26:03.284  3472  3472 I net.osmand: RoutingHelper Recalculate route, because correlation  : 185118.5587254467
06-29 10:26:03.289  3472  3472 I net.osmand: RoutingHelper Recalculate route, because correlation  : 185118.5587254467
06-29 10:26:03.289  3472  3472 I net.osmand: RoutingHelper Recalculate route, because wrong movement direction: 185118.56
06-29 10:26:03.687  3472  3482 I zygote  : Background concurrent copying GC freed 294040(6MB) AllocSpace objects, 0(0B) LOS objects, 25% free, 17MB/23MB, paused 1.682ms total 258.798ms
06-29 10:26:04.072  3472  3472 I net.osmand: RoutingHelper Recalculate route, because correlation  : 185118.5587254467
06-29 10:26:04.072  3472  3472 I net.osmand: RoutingHelper Recalculate route, because wrong movement direction: 185118.56
06-29 10:26:04.107  3472  3472 I net.osmand: RoutingHelper Recalculate route, because correlation  : 185118.5587254467
06-29 10:26:04.540  3472  3472 I net.osmand: RoutingHelper Recalculate route, because correlation  : 185094.51161670085
06-29 10:26:04.589  3472  3472 I net.osmand: RoutingHelper Recalculate route, because correlation  : 185094.51161670085
06-29 10:26:04.589  3472  3472 I net.osmand: RoutingHelper Recalculate route, because wrong movement direction: 185094.52
06-29 10:26:05.081  3472  3472 I net.osmand: RoutingHelper Recalculate route, because correlation  : 185094.51161670085
06-29 10:26:05.081  3472  3472 I net.osmand: RoutingHelper Recalculate route, because wrong movement direction: 185094.52
06-29 10:26:05.117  3472  3472 I net.osmand: RoutingHelper Recalculate route, because correlation  : 185094.51161670085
06-29 10:26:05.844  3472  3472 I net.osmand: RoutingHelper Recalculate route, because correlation  : 185070.46463129268
06-29 10:26:05.845  3472  3472 I net.osmand: RoutingHelper Recalculate route, because wrong movement direction: 185070.47
06-29 10:26:05.896  3472  3472 I net.osmand: RoutingHelper Recalculate route, because correlation  : 185070.46463129268
06-29 10:26:06.091  3472  3472 I chatty  : uid=10104(net.osmand) identical 1 line
06-29 10:26:06.104  3472  3472 I net.osmand: RoutingHelper Recalculate route, because correlation  : 185070.46463129268
06-29 10:26:06.104  3472  3472 I net.osmand: RoutingHelper Recalculate route, because wrong movement direction: 185070.47
06-29 10:26:07.063  3472  3472 I net.osmand: RoutingHelper Recalculate route, because correlation  : 185070.46463129268
06-29 10:26:07.063  3472  3472 I net.osmand: RoutingHelper Recalculate route, because wrong movement direction: 185070.47
06-29 10:26:07.168  3472  3472 I net.osmand: RoutingHelper Recalculate route, because correlation  : 185070.46463129268
06-29 10:26:07.237  3472  3472 I net.osmand: RoutingHelper Recalculate route, because correlation  : 185046.19762765124
06-29 10:26:07.239  3472  3472 I net.osmand: RoutingHelper Recalculate route, because correlation  : 185046.19762765124
06-29 10:26:07.239  3472  3472 I net.osmand: RoutingHelper Recalculate route, because wrong movement direction: 185046.2
06-29 10:26:07.266  3472  3496 I net.osmand: MapRenderRepositories RENDER MAP: update due to tile box
06-29 10:26:07.267  3472  3496 I net.osmand: MapRenderRepositories RENDER MAP: Interrupt rendering map
06-29 10:26:07.445  3472  3495 I net.osmand: MapRenderRepositories RENDER MAP: new request RotatedTileBox [lat=-7.22772, lon=-35.901761666666665, rotate=0.0, density=2.625, zoom=17, mapDensity=3.9375, zoomAnimation=0.0, zoomFloatPart=0.0, cx=900, cy=1972, pixWidth=1800, pixHeight=2690]
06-29 10:26:07.517  3472  3495 I net.osmand:native: Route objects 110
06-29 10:26:07.517  3472  3495 I net.osmand:native: Ocean: no completed & incompleted coastlines 0
06-29 10:26:07.517  3472  3495 I net.osmand:native: Detailed coastlines = 0, basemap coastlines 0, ocean tile 0.000000. Detailed added 0, basemap processed 1, basemap added 0.
06-29 10:26:07.518  3472  3495 I net.osmand:native: Search : tree - read( 500), accept( 45), objs - visit( 2837), accept(141), in result(110) 
06-29 10:26:07.518  3472  3495 I net.osmand: MapRenderRepositories BLat=-7.230018210411072, TLat=-7.222033429145813, LLong=-35.90420913696289, RLong=-35.89930725097656, zoom=17
06-29 10:26:07.518  3472  3495 I net.osmand: MapRenderRepositories Native search: 71 ms 
06-29 10:26:07.528  3472  3495 I net.osmand:native: Creating SkBitmap in native w:1800 h:2690 s:7200 f:1!
06-29 10:26:07.528  3472  3495 I net.osmand:native: Row bytes for RGBA_8888 is 7200
06-29 10:26:07.528  3472  3495 I net.osmand:native: Locked 19368000 bytes at 0x69700000
06-29 10:26:07.528  3472  3495 I net.osmand:native: Initializing rendering
06-29 10:26:07.530  3472  3495 I net.osmand:native: Rendering image
06-29 10:26:07.845  3472  3482 I zygote  : Background concurrent copying GC freed 263872(5MB) AllocSpace objects, 0(0B) LOS objects, 24% free, 18MB/24MB, paused 2.386ms total 636.837ms
06-29 10:26:07.854  3472  3495 I net.osmand:native: Native ok (rendering 0, text 146 ms) 
06-29 10:26:07.854  3472  3495 I net.osmand:native:  (2612 points, 427 points inside, 190 of 218 objects visible)
06-29 10:26:07.854  3472  3495 I net.osmand:native: End Rendering image
06-29 10:26:07.854  3472  3495 I net.osmand:native: Native ok (init 1, rendering 0) 
06-29 10:26:07.873  3472  3495 I net.osmand: MapRenderRepositories true
06-29 10:26:07.910  3472  3472 I net.osmand: TTSCommandPlayerImpl Send message to pebble atenção!  Cruzamento de linha férrea 
06-29 10:26:07.910  3472  3472 D net.osmand: AbstractPrologCommandPlayer requestAudioFocus
06-29 10:26:07.910  3472  3472 W AudioManager: Use of stream types is deprecated for operations other than volume control
06-29 10:26:07.910  3472  3472 W AudioManager: See the documentation of requestAudioFocus() for what to use instead with android.media.AudioAttributes to qualify your playback use case
06-29 10:26:07.911  1600  2369 I MediaFocusControl: requestAudioFocus() from uid/pid 10104/3472 clientId=android.media.AudioManager@d05fab5net.osmand.plus.api.AudioFocusHelperImpl@aec0340 callingPack=net.osmand req=3 flags=0x0 sdk=26
06-29 10:26:07.913  3472  3472 D net.osmand: TTSCommandPlayerImpl ttsRequests=1
06-29 10:26:07.916  5191  5280 I TTS.GoogleTTSServiceImp: Synthesis request for locale por-BRA and name pt-BR-language
06-29 10:26:07.917  5191  5280 I TTS.GoogleTTSServiceImp: TTS dispatch: pt-br-x-afs-lstm-embedded
06-29 10:26:07.926  5191  5294 D AudioTrack: Client defaulted notificationFrames to 1365 for frameCount 4096
06-29 10:26:07.936  1600  2369 V MediaRouterService: restoreBluetoothA2dp(false)
06-29 10:26:07.944  1390  2659 W audio_hw_generic: Not supplying enough data to HAL, expected position 39768554 , only wrote 39768480
06-29 10:26:08.095  3472  3472 I net.osmand: RoutingHelper Recalculate route, because correlation  : 185046.19762765124
06-29 10:26:08.095  3472  3472 I net.osmand: RoutingHelper Recalculate route, because wrong movement direction: 185046.2
06-29 10:26:08.105  3472  3472 I net.osmand: RoutingHelper Recalculate route, because correlation  : 185046.19762765124
06-29 10:26:08.338  1390  2659 W audio_hw_generic: Not supplying enough data to HAL, expected position 39787389 , only wrote 39787200
06-29 10:26:08.338  1390  2659 W audio_hw_generic: Not supplying enough data to HAL, expected position 39787218 , only wrote 39787200
06-29 10:26:08.354  1390  2659 W audio_hw_generic: Not supplying enough data to HAL, expected position 39787964 , only wrote 39787920
06-29 10:26:08.371  1473  1561 D AudioFlinger: mixer(0xa6c83380) throttle end: throttle time(12)
06-29 10:26:08.582  3472  3472 I net.osmand: RoutingHelper Recalculate route, because correlation  : 185022.15089268985
06-29 10:26:08.586  3472  3472 I net.osmand: RoutingHelper Recalculate route, because correlation  : 185022.15089268985
06-29 10:26:08.586  3472  3472 I net.osmand: RoutingHelper Recalculate route, because wrong movement direction: 185022.16
06-29 10:26:09.078  3472  3472 I net.osmand: RoutingHelper Recalculate route, because correlation  : 185022.15089268985
06-29 10:26:09.082  3472  3472 I net.osmand: RoutingHelper Recalculate route, because correlation  : 185022.15089268985
06-29 10:26:09.082  3472  3472 I net.osmand: RoutingHelper Recalculate route, because wrong movement direction: 185022.16
06-29 10:26:09.887  3472  3472 I net.osmand: RoutingHelper Recalculate route, because correlation  : 184998.06355904628
06-29 10:26:09.899  3472  3472 I net.osmand: RoutingHelper Recalculate route, because correlation  : 184998.06355904628
06-29 10:26:09.899  3472  3472 I net.osmand: RoutingHelper Recalculate route, because wrong movement direction: 184998.06
06-29 10:26:10.089  3472  3472 I net.osmand: RoutingHelper Recalculate route, because correlation  : 184998.06355904628
06-29 10:26:10.096  3472  3472 I net.osmand: RoutingHelper Recalculate route, because correlation  : 184998.06355904628
06-29 10:26:10.096  3472  3472 I net.osmand: RoutingHelper Recalculate route, because wrong movement direction: 184998.06
06-29 10:26:10.454  1390  2659 W audio_hw_generic: Not supplying enough data to HAL, expected position 39888728 , only wrote 39888720
06-29 10:26:11.078  3472  3472 I net.osmand: RoutingHelper Recalculate route, because correlation  : 184998.06355904628
06-29 10:26:11.078  3472  3472 I net.osmand: RoutingHelper Recalculate route, because wrong movement direction: 184998.06
06-29 10:26:11.081  5191  5294 D AudioTrack: stop() called with 67100 frames delivered
06-29 10:26:11.085  1600  5707 V MediaRouterService: restoreBluetoothA2dp(false)
06-29 10:26:11.085  3472  7097 D net.osmand: AbstractPrologCommandPlayer abandonAudioFocus
06-29 10:26:11.086  1600  2369 I MediaFocusControl: abandonAudioFocus() from uid/pid 10104/3472 clientId=android.media.AudioManager@d05fab5net.osmand.plus.api.AudioFocusHelperImpl@aec0340
06-29 10:26:11.087  3472  7097 D net.osmand: TTSCommandPlayerImpl ttsRequests=0
06-29 10:26:11.207  3472  3472 I net.osmand: RoutingHelper Recalculate route, because correlation  : 184998.06355904628
06-29 10:26:11.215  3472  3472 I net.osmand: RoutingHelper Recalculate route, because correlation  : 184974.01707572196
06-29 10:26:11.215  3472  3472 I net.osmand: RoutingHelper Recalculate route, because wrong movement direction: 184974.02
06-29 10:26:11.268  3472  3472 I net.osmand: RoutingHelper Recalculate route, because correlation  : 184974.01707572196
06-29 10:26:11.713  3472  3482 I zygote  : Background concurrent copying GC freed 276231(6MB) AllocSpace objects, 0(0B) LOS objects, 24% free, 18MB/24MB, paused 12.954ms total 424.536ms
06-29 10:26:12.060  3472  3472 I net.osmand: RoutingHelper Recalculate route, because correlation  : 184974.01707572196
06-29 10:26:12.071  3472  3472 I net.osmand: RoutingHelper Recalculate route, because correlation  : 184974.01707572196
06-29 10:26:12.072  3472  3472 I net.osmand: RoutingHelper Recalculate route, because wrong movement direction: 184974.02
06-29 10:26:12.455  1390  2659 W audio_hw_generic: Not supplying enough data to HAL, expected position 39984745 , only wrote 39984480
06-29 10:26:12.472  1390  2659 W audio_hw_generic: Not supplying enough data to HAL, expected position 39985300 , only wrote 39984480
06-29 10:26:12.481  3472  3472 I net.osmand: RoutingHelper Recalculate route, because correlation  : 184949.9707159722
06-29 10:26:12.488  1390  2659 W audio_hw_generic: Not supplying enough data to HAL, expected position 39985255 , only wrote 39985200
06-29 10:26:12.492  3472  3472 I net.osmand: RoutingHelper Recalculate route, because correlation  : 184949.9707159722
06-29 10:26:12.492  3472  3472 I net.osmand: RoutingHelper Recalculate route, because wrong movement direction: 184949.97
06-29 10:26:13.080  3472  3472 I net.osmand: RoutingHelper Recalculate route, because correlation  : 184949.9707159722
06-29 10:26:13.081  3472  3472 I net.osmand: RoutingHelper Recalculate route, because correlation  : 184949.9707159722
06-29 10:26:13.081  3472  3472 I net.osmand: RoutingHelper Recalculate route, because wrong movement direction: 184949.97
06-29 10:26:13.785  1390  2659 W audio_hw_generic: Not supplying enough data to HAL, expected position 40047446 , only wrote 40045680
06-29 10:26:13.793  3472  3472 I net.osmand: RoutingHelper Recalculate route, because correlation  : 184925.88377175585
06-29 10:26:13.825  3472  3472 I net.osmand: RoutingHelper Recalculate route, because correlation  : 184925.88377175585
06-29 10:26:13.825  3472  3472 I net.osmand: RoutingHelper Recalculate route, because wrong movement direction: 184925.89
06-29 10:26:13.885  3472  3496 I net.osmand: MapRenderRepositories RENDER MAP: update due to tile box
06-29 10:26:13.885  3472  3496 I net.osmand: MapRenderRepositories RENDER MAP: Interrupt rendering map
06-29 10:26:13.887  3472  3495 I net.osmand: MapRenderRepositories RENDER MAP: new request RotatedTileBox [lat=-7.228165, lon=-35.90277833333334, rotate=0.0, density=2.625, zoom=17, mapDensity=3.9375, zoomAnimation=0.0, zoomFloatPart=0.0, cx=900, cy=1972, pixWidth=1800, pixHeight=2690]
06-29 10:26:14.024  3472  3495 I net.osmand:native: Route objects 118
06-29 10:26:14.024  3472  3495 I net.osmand:native: Ocean: no completed & incompleted coastlines 0
06-29 10:26:14.024  3472  3495 I net.osmand:native: Detailed coastlines = 0, basemap coastlines 0, ocean tile 0.000000. Detailed added 0, basemap processed 1, basemap added 0.
06-29 10:26:14.025  3472  3495 I net.osmand:native: Search : tree - read( 500), accept( 46), objs - visit( 2877), accept(149), in result(118) 
06-29 10:26:14.025  3472  3495 I net.osmand: MapRenderRepositories BLat=-7.230465006828308, TLat=-7.222480225563049, LLong=-35.90523147583008, RLong=-35.900325775146484, zoom=17
06-29 10:26:14.025  3472  3495 I net.osmand: MapRenderRepositories Native search: 135 ms 
06-29 10:26:14.085  3472  3495 I net.osmand:native: Creating SkBitmap in native w:1800 h:2690 s:7200 f:1!
06-29 10:26:14.085  3472  3495 I net.osmand:native: Row bytes for RGBA_8888 is 7200
06-29 10:26:14.085  3472  3495 I net.osmand:native: Locked 19368000 bytes at 0x78300000
06-29 10:26:14.085  3472  3495 I net.osmand:native: Initializing rendering
06-29 10:26:14.087  3472  3495 I net.osmand:native: Rendering image
06-29 10:26:14.116  1390  1562 W audio_hw_generic: Not supplying enough data to HAL, expected position 40076363 , only wrote 40061520
06-29 10:26:14.128  3472  3472 I net.osmand: RoutingHelper Recalculate route, because correlation  : 184925.88377175585
06-29 10:26:14.128  3472  3472 I net.osmand: RoutingHelper Recalculate route, because wrong movement direction: 184925.89
06-29 10:26:14.129  3472  3472 I net.osmand: RoutingHelper Recalculate route, because correlation  : 184925.88377175585
06-29 10:26:14.146  1964  1964 I GeofencerStateMachine: sendNewTransitions called.
06-29 10:26:14.302  1964  1964 I GeofencerStateMachine: sendNewTransitions called.
06-29 10:26:14.314  1964  1964 I GeofencerStateMachine: sendNewLocationAvailability: availability=LocationAvailability[isLocationAvailable: true]
06-29 10:26:14.444  1964  1964 I GeofencerStateMachine: sendNewLocationAvailability: availability=LocationAvailability[isLocationAvailable: true]
06-29 10:26:14.576  3472  3495 I net.osmand:native: Native ok (rendering 0, text 74 ms) 
06-29 10:26:14.576  3472  3495 I net.osmand:native:  (2602 points, 466 points inside, 194 of 221 objects visible)
06-29 10:26:14.577  3472  3495 I net.osmand:native: End Rendering image
06-29 10:26:14.577  3472  3495 I net.osmand:native: Native ok (init 1, rendering 0) 
06-29 10:26:14.578  3472  3495 I net.osmand: MapRenderRepositories true
06-29 10:26:14.791  1600  1609 I zygote  : Background concurrent copying GC freed 47125(2MB) AllocSpace objects, 4(208KB) LOS objects, 30% free, 13MB/19MB, paused 17.100ms total 484.234ms
06-29 10:26:15.096  3472  3472 I net.osmand: RoutingHelper Recalculate route, because correlation  : 184901.65824780485
06-29 10:26:15.096  3472  3472 I net.osmand: RoutingHelper Recalculate route, because wrong movement direction: 184901.66
06-29 10:26:15.200  3472  3472 I net.osmand: RoutingHelper Recalculate route, because correlation  : 184901.65824780485
06-29 10:26:15.222  3472  3472 I net.osmand: RoutingHelper Recalculate route, because correlation  : 184925.88377175585
06-29 10:26:15.223  3472  3472 I net.osmand: RoutingHelper Recalculate route, because wrong movement direction: 184925.89
06-29 10:26:15.228  3472  3472 I net.osmand: RoutingHelper Recalculate route, because correlation  : 184925.88377175585
06-29 10:26:15.587  3472  3482 I zygote  : Background concurrent copying GC freed 296258(6MB) AllocSpace objects, 0(0B) LOS objects, 24% free, 18MB/24MB, paused 10.739ms total 462.926ms
06-29 10:26:16.058  3472  3472 I net.osmand: RoutingHelper Recalculate route, because correlation  : 184901.65824780485
06-29 10:26:16.058  3472  3472 I net.osmand: RoutingHelper Recalculate route, because wrong movement direction: 184901.66
06-29 10:26:16.076  3472  3472 I net.osmand: RoutingHelper Recalculate route, because correlation  : 184901.65824780485
06-29 10:26:16.395  1600  1617 E BatteryExternalStatsWorker: modem info is invalid: ModemActivityInfo{ mTimestamp=0 mSleepTimeMs=0 mIdleTimeMs=0 mTxTimeMs[]=[0, 0, 0, 0, 0] mRxTimeMs=0 mEnergyUsed=0}
06-29 10:26:16.604  3472  3472 I net.osmand: RoutingHelper Recalculate route, because correlation  : 184877.6122626926
06-29 10:26:16.604  3472  3472 I net.osmand: RoutingHelper Recalculate route, because wrong movement direction: 184877.61
06-29 10:26:16.687  3472  3472 I net.osmand: RoutingHelper Recalculate route, because correlation  : 184877.6122626926
06-29 10:26:17.061  3472  3472 I net.osmand: RoutingHelper Recalculate route, because correlation  : 184877.6122626926
06-29 10:26:17.061  3472  3472 I net.osmand: RoutingHelper Recalculate route, because wrong movement direction: 184877.61
06-29 10:26:17.114  3472  3472 I net.osmand: RoutingHelper Recalculate route, because correlation  : 184877.6122626926
06-29 10:26:17.922  3472  3472 I net.osmand: RoutingHelper Recalculate route, because correlation  : 184853.52570730628
06-29 10:26:17.922  3472  3472 I net.osmand: RoutingHelper Recalculate route, because wrong movement direction: 184853.53
06-29 10:26:17.995  3472  3472 I net.osmand: RoutingHelper Recalculate route, because correlation  : 184853.52570730628
06-29 10:26:18.117  3472  3472 I net.osmand: RoutingHelper Recalculate route, because correlation  : 184853.52570730628
06-29 10:26:18.118  3472  3472 I net.osmand: RoutingHelper Recalculate route, because wrong movement direction: 184853.53
06-29 10:26:18.187  3472  3472 I net.osmand: RoutingHelper Recalculate route, because correlation  : 184853.52570730628
06-29 10:26:18.495  3472  3482 I zygote  : Background concurrent copying GC freed 296473(6MB) AllocSpace objects, 0(0B) LOS objects, 25% free, 17MB/23MB, paused 1.161ms total 223.082ms
06-29 10:26:18.714  1406  1406 I boot-pipe: done populating /dev/random
06-29 10:26:19.085  3472  3472 I net.osmand: RoutingHelper Recalculate route, because correlation  : 184853.52570730628
06-29 10:26:19.086  3472  3472 I net.osmand: RoutingHelper Recalculate route, because wrong movement direction: 184853.53
06-29 10:26:19.147  3472  3472 I net.osmand: RoutingHelper Recalculate route, because correlation  : 184853.52570730628
06-29 10:26:19.361  1964 11658 E WakeLock: GCM_HB_ALARM release without a matched acquire!
06-29 10:26:19.362  1964 11658 W WakeLock: GCM_HB_ALARM counter does not exist
06-29 10:26:19.581  3472  3472 I net.osmand: RoutingHelper Recalculate route, because correlation  : 184829.47997440383
06-29 10:26:19.581  3472  3472 I net.osmand: RoutingHelper Recalculate route, because wrong movement direction: 184829.48
06-29 10:26:19.659  3472  3472 I net.osmand: RoutingHelper Recalculate route, because correlation  : 184829.47997440383
06-29 10:26:20.001  1600  2369 I WifiService: acquireWifiLock uid=10014 lockMode=2
06-29 10:26:20.020  1600  1613 E memtrack: Couldn't load memtrack module
06-29 10:26:20.020  1600  1613 W android.os.Debug: failed to get memory consumption info: -1
06-29 10:26:20.112  1600  1613 E memtrack: Couldn't load memtrack module
06-29 10:26:20.112  1600  1613 W android.os.Debug: failed to get memory consumption info: -1
06-29 10:26:20.173  1600  1613 E memtrack: Couldn't load memtrack module
06-29 10:26:20.173  1600  1613 W android.os.Debug: failed to get memory consumption info: -1
06-29 10:26:20.273  3472  3472 I net.osmand: RoutingHelper Recalculate route, because correlation  : 184829.47997440383
06-29 10:26:20.273  3472  3472 I net.osmand: RoutingHelper Recalculate route, because wrong movement direction: 184829.48
06-29 10:26:20.283  3472  3472 I net.osmand: RoutingHelper Recalculate route, because correlation  : 184829.47997440383
06-29 10:26:21.008  3472  3472 I net.osmand: RoutingHelper Recalculate route, because correlation  : 184805.3936807776
06-29 10:26:21.012  3472  3496 I net.osmand: MapRenderRepositories RENDER MAP: update due to tile box
06-29 10:26:21.012  3472  3496 I net.osmand: MapRenderRepositories RENDER MAP: Interrupt rendering map
06-29 10:26:21.043  3472  3472 I net.osmand: RoutingHelper Recalculate route, because correlation  : 184805.3936807776
06-29 10:26:21.044  3472  3472 I net.osmand: RoutingHelper Recalculate route, because wrong movement direction: 184805.39
06-29 10:26:21.097  3472  3496 I net.osmand: MapRenderRepositories RENDER MAP: update due to tile box
06-29 10:26:21.097  3472  3496 I net.osmand: MapRenderRepositories RENDER MAP: Interrupt rendering map
06-29 10:26:21.115  3472  3472 I net.osmand: RoutingHelper Recalculate route, because correlation  : 184805.3936807776
06-29 10:26:21.115  3472  3472 I net.osmand: RoutingHelper Recalculate route, because wrong movement direction: 184805.39
06-29 10:26:21.169  3472  3472 I net.osmand: RoutingHelper Recalculate route, because correlation  : 184805.3936807776
06-29 10:26:21.202  3472  3496 I net.osmand: MapRenderRepositories RENDER MAP: update due to tile box
06-29 10:26:21.202  3472  3496 I net.osmand: MapRenderRepositories RENDER MAP: Interrupt rendering map
06-29 10:26:21.367  3472  3495 I net.osmand: MapRenderRepositories RENDER MAP: new request RotatedTileBox [lat=-7.22861, lon=-35.90379666666667, rotate=0.0, density=2.625, zoom=17, mapDensity=3.9375, zoomAnimation=0.0, zoomFloatPart=0.0, cx=900, cy=1972, pixWidth=1800, pixHeight=2690]
06-29 10:26:21.455  3472  3495 I net.osmand:native: Route objects 127
06-29 10:26:21.456  3472  3495 I net.osmand:native: Ocean: no completed & incompleted coastlines 0
06-29 10:26:21.456  3472  3495 I net.osmand:native: Detailed coastlines = 0, basemap coastlines 0, ocean tile 0.000000. Detailed added 0, basemap processed 1, basemap added 0.
06-29 10:26:21.456  3472  3495 I net.osmand:native: Search : tree - read( 500), accept( 48), objs - visit( 2957), accept(158), in result(127) 
06-29 10:26:21.457  3472  3495 I net.osmand: MapRenderRepositories BLat=-7.230913352966309, TLat=-7.222904968261719, LLong=-35.90625, RLong=-35.901344299316406, zoom=17
06-29 10:26:21.457  3472  3495 I net.osmand: MapRenderRepositories Native search: 90 ms 
06-29 10:26:21.463  3472  3495 I net.osmand:native: Creating SkBitmap in native w:1800 h:2690 s:7200 f:1!
06-29 10:26:21.463  3472  3495 I net.osmand:native: Row bytes for RGBA_8888 is 7200
06-29 10:26:21.463  3472  3495 I net.osmand:native: Locked 19368000 bytes at 0x69700000
06-29 10:26:21.463  3472  3495 I net.osmand:native: Initializing rendering
06-29 10:26:21.465  3472  3495 I net.osmand:native: Rendering image
06-29 10:26:21.644  3472  3495 I net.osmand:native: Native ok (rendering 0, text 61 ms) 
06-29 10:26:21.644  3472  3495 I net.osmand:native:  (2650 points, 483 points inside, 202 of 231 objects visible)
06-29 10:26:21.645  3472  3495 I net.osmand:native: End Rendering image
06-29 10:26:21.645  3472  3495 I net.osmand:native: Native ok (init 1, rendering 0) 
06-29 10:26:21.651  3472  3495 I net.osmand: MapRenderRepositories true
06-29 10:26:22.077  3472  3472 I net.osmand: RoutingHelper Recalculate route, because correlation  : 184805.3936807776
06-29 10:26:22.088  3472  3472 I net.osmand: RoutingHelper Recalculate route, because correlation  : 184805.3936807776
06-29 10:26:22.088  3472  3472 I net.osmand: RoutingHelper Recalculate route, because wrong movement direction: 184805.39
06-29 10:26:22.152  3472  3482 I zygote  : Background concurrent copying GC freed 267163(5MB) AllocSpace objects, 0(0B) LOS objects, 24% free, 18MB/24MB, paused 1.578ms total 433.573ms
06-29 10:26:22.487  3472  3472 I net.osmand: RoutingHelper Recalculate route, because correlation  : 184829.47997440383
06-29 10:26:22.490  3472  3472 I net.osmand: RoutingHelper Recalculate route, because correlation  : 184829.47997440383
