06-28 17:25:35.789  1389  4034 W audio_hw_generic: Not supplying enough data to HAL, expected position 22151401 , only wrote 22150800
06-28 17:25:35.790  1389  4034 W audio_hw_generic: Not supplying enough data to HAL, expected position 22150858 , only wrote 22150800
06-28 17:25:35.810  1389  4034 W audio_hw_generic: Not supplying enough data to HAL, expected position 22151778 , only wrote 22151520
06-28 17:25:35.852  1389  4034 W audio_hw_generic: Not supplying enough data to HAL, expected position 22153495 , only wrote 22152960
06-28 17:25:35.964  1389  4034 W audio_hw_generic: Not supplying enough data to HAL, expected position 22158360 , only wrote 22154400
06-28 17:25:35.968  1481  7584 W AudioTrack: getTimestamp() location moved from kernel to server
06-28 17:25:36.009  1473  1580 D AudioFlinger: mixer(0xad583c80) throttle end: throttle time(12)
06-28 17:25:36.093  1389  4034 W audio_hw_generic: Not supplying enough data to HAL, expected position 22160584 , only wrote 22159440
06-28 17:25:36.094  1389  4034 W audio_hw_generic: Not supplying enough data to HAL, expected position 22159475 , only wrote 22159440
06-28 17:25:36.121  1389  4034 W audio_hw_generic: Not supplying enough data to HAL, expected position 22160730 , only wrote 22160160
06-28 17:25:36.239  1389  4034 W audio_hw_generic: Not supplying enough data to HAL, expected position 22165831 , only wrote 22165200
06-28 17:25:36.306  1389  4034 W audio_hw_generic: Not supplying enough data to HAL, expected position 22167628 , only wrote 22166640
06-28 17:25:36.308  1389  4034 W audio_hw_generic: Not supplying enough data to HAL, expected position 22167532 , only wrote 22167360
06-28 17:25:36.308  1389  4034 W audio_hw_generic: Not supplying enough data to HAL, expected position 22167379 , only wrote 22167360
06-28 17:25:36.340  1389  4034 W audio_hw_generic: Not supplying enough data to HAL, expected position 22168880 , only wrote 22168080
06-28 17:25:36.343  1473  1580 D AudioFlinger: mixer(0xad583c80) throttle end: throttle time(9)
06-28 17:25:36.423  1389  4034 W audio_hw_generic: Not supplying enough data to HAL, expected position 22172050 , only wrote 22170240
06-28 17:25:36.447  1389  4034 W audio_hw_generic: Not supplying enough data to HAL, expected position 22171429 , only wrote 22170960
06-28 17:25:36.452  1473  1580 D AudioFlinger: mixer(0xad583c80) throttle end: throttle time(11)
06-28 17:25:36.530  1389  4034 W audio_hw_generic: Not supplying enough data to HAL, expected position 22174903 , only wrote 22172400
06-28 17:25:36.564  1389  4034 W audio_hw_generic: Not supplying enough data to HAL, expected position 22174044 , only wrote 22173840
06-28 17:25:36.661  1389  4034 W audio_hw_generic: Not supplying enough data to HAL, expected position 22178488 , only wrote 22177440
06-28 17:25:36.661  1389  4034 W audio_hw_generic: Not supplying enough data to HAL, expected position 22177472 , only wrote 22177440
06-28 17:25:36.686  1389  4034 W audio_hw_generic: Not supplying enough data to HAL, expected position 22178618 , only wrote 22178160
06-28 17:25:36.704  1473  1580 D AudioFlinger: mixer(0xad583c80) throttle end: throttle time(12)
06-28 17:25:36.753  1389  4034 W audio_hw_generic: Not supplying enough data to HAL, expected position 22181360 , only wrote 22181040
06-28 17:25:36.753  1389  4034 W audio_hw_generic: Not supplying enough data to HAL, expected position 22181056 , only wrote 22181040
06-28 17:25:36.770  1389  4034 W audio_hw_generic: Not supplying enough data to HAL, expected position 22181840 , only wrote 22181760
06-28 17:25:36.805  1389  4034 W audio_hw_generic: Not supplying enough data to HAL, expected position 22183455 , only wrote 22183200
06-28 17:25:36.824  1389  4034 W audio_hw_generic: Not supplying enough data to HAL, expected position 22184100 , only wrote 22183920
06-28 17:25:36.824  1389  4034 W audio_hw_generic: Not supplying enough data to HAL, expected position 22183948 , only wrote 22183920
06-28 17:25:36.840  1389  4034 W audio_hw_generic: Not supplying enough data to HAL, expected position 22184666 , only wrote 22184640
06-28 17:25:36.871  1389  4034 W audio_hw_generic: Not supplying enough data to HAL, expected position 22186151 , only wrote 22186080
06-28 17:25:36.935  1389  4034 W audio_hw_generic: Not supplying enough data to HAL, expected position 22189122 , only wrote 22187520
06-28 17:25:36.977  1473  1580 D AudioFlinger: mixer(0xad583c80) throttle end: throttle time(10)
06-28 17:25:36.978  1481  7584 W AudioTrack: getTimestamp() location moved from kernel to server
06-28 17:25:36.987  1389  4034 W audio_hw_generic: Not supplying enough data to HAL, expected position 22190036 , only wrote 22188960
06-28 17:25:37.037  1389  4034 W audio_hw_generic: Not supplying enough data to HAL, expected position 22191370 , only wrote 22190400
06-28 17:25:37.072  1473  1580 D AudioFlinger: mixer(0xad583c80) throttle end: throttle time(12)
06-28 17:25:37.075  1481  7584 W AudioTrack: getTimestamp() location moved from kernel to server
06-28 17:25:37.105  1481  7584 W AudioTrack: retrograde timestamp position corrected, -235 = 99865 - 100100
06-28 17:25:37.177  1389  4034 W audio_hw_generic: Not supplying enough data to HAL, expected position 22197128 , only wrote 22196160
06-28 17:25:37.178  1389  4034 W audio_hw_generic: Not supplying enough data to HAL, expected position 22196185 , only wrote 22196160
06-28 17:25:37.199  1389  4034 W audio_hw_generic: Not supplying enough data to HAL, expected position 22197154 , only wrote 22196880
06-28 17:25:37.208  1473  1580 D AudioFlinger: mixer(0xad583c80) throttle end: throttle time(12)
06-28 17:25:37.294  1389  4034 W audio_hw_generic: Not supplying enough data to HAL, expected position 22201382 , only wrote 22200480
06-28 17:25:37.347  1389  4034 W audio_hw_generic: Not supplying enough data to HAL, expected position 22203078 , only wrote 22201920
06-28 17:25:37.371  1389  4034 W audio_hw_generic: Not supplying enough data to HAL, expected position 22203096 , only wrote 22202640
06-28 17:25:37.371  1389  4034 W audio_hw_generic: Not supplying enough data to HAL, expected position 22202653 , only wrote 22202640
06-28 17:25:37.374  1473  1580 D AudioFlinger: mixer(0xad583c80) throttle end: throttle time(12)
06-28 17:25:37.387  1481  7585 I NuPlayerDecoder: [audio] saw output EOS
06-28 17:25:37.394  1389  4034 W audio_hw_generic: Not supplying enough data to HAL, expected position 22203703 , only wrote 22203360
06-28 17:25:37.396  1481  7584 W AudioTrack: getTimestamp() location moved from kernel to server
06-28 17:25:37.396  1481  7584 D AudioTrack: stop() called with 132300 frames delivered
06-28 17:25:37.484  1389  4034 W audio_hw_generic: Not supplying enough data to HAL, expected position 22207684 , only wrote 22207680
06-28 17:25:37.505  1389  4034 W audio_hw_generic: Not supplying enough data to HAL, expected position 22208703 , only wrote 22208400
06-28 17:25:37.510  1473  1580 D AudioFlinger: mixer(0xad583c80) throttle end: throttle time(11)
06-28 17:25:37.563  1389  4034 W audio_hw_generic: Not supplying enough data to HAL, expected position 22211178 , only wrote 22209120
06-28 17:25:37.564  1389  4034 W audio_hw_generic: Not supplying enough data to HAL, expected position 22209151 , only wrote 22209120
06-28 17:25:37.585  1389  4034 W audio_hw_generic: Not supplying enough data to HAL, expected position 22210163 , only wrote 22209840
06-28 17:25:37.625  1389  4034 W audio_hw_generic: Not supplying enough data to HAL, expected position 22211737 , only wrote 22210560
06-28 17:25:37.695  1389  4034 W audio_hw_generic: Not supplying enough data to HAL, expected position 22213925 , only wrote 22213440
06-28 17:25:37.721  1389  4034 W audio_hw_generic: Not supplying enough data to HAL, expected position 22214667 , only wrote 22213440
06-28 17:25:37.736  1389  4034 W audio_hw_generic: Not supplying enough data to HAL, expected position 22214174 , only wrote 22214160
06-28 17:25:37.766  1473  1580 D AudioFlinger: mixer(0xad583c80) throttle end: throttle time(4)
06-28 17:25:37.775  1389  4034 W audio_hw_generic: Not supplying enough data to HAL, expected position 22216042 , only wrote 22215600
06-28 17:25:37.851  1389  4034 W audio_hw_generic: Not supplying enough data to HAL, expected position 22219254 , only wrote 22218480
06-28 17:25:37.876  1481  7580 D NuPlayerDriver: notifyListener_l(0xac0944d0), (2, 0, 0, -1), loop setting(1, 0)
06-28 17:25:37.945  1389  4034 W audio_hw_generic: Not supplying enough data to HAL, expected position 22223004 , only wrote 22222080
06-28 17:25:38.001  1389  4034 W audio_hw_generic: Not supplying enough data to HAL, expected position 22224753 , only wrote 22222800
06-28 17:25:38.001  1389  4034 W audio_hw_generic: Not supplying enough data to HAL, expected position 22222813 , only wrote 22222800
06-28 17:25:38.025  1389  4034 W audio_hw_generic: Not supplying enough data to HAL, expected position 22223954 , only wrote 22223520
06-28 17:25:38.028  1481  7585 I NuPlayerDecoder: [OMX.google.vorbis.decoder] resubmitting CSD
06-28 17:25:38.037  1481  7585 I NuPlayerDecoder: [OMX.google.vorbis.decoder] resubmitting CSD
06-28 17:25:38.086  1389  4034 W audio_hw_generic: Not supplying enough data to HAL, expected position 22226401 , only wrote 22226400
06-28 17:25:38.140  1389  4034 W audio_hw_generic: Not supplying enough data to HAL, expected position 22229034 , only wrote 22227120
06-28 17:25:38.202  1481  7580 D NuPlayerDriver: notifyListener_l(0xac0944d0), (6, 0, 0, -1), loop setting(1, 0)
06-28 17:25:38.221  1481  7584 W AudioTrack: getTimestamp() location moved from kernel to server
06-28 17:25:38.221  1481  7584 W NuPlayerRenderer: getPendingAudioPlayoutDurationUs: pendingUs -11514 < 0, clamping to zero, potential resume after pause writtenAudioDurationUs: 5804, audioSinkPlayedUs: 17318
06-28 17:25:38.264  1481  7584 W NuPlayerRenderer: getPendingAudioPlayoutDurationUs: pendingUs -11742 < 0, clamping to zero, potential resume after pause writtenAudioDurationUs: 8707, audioSinkPlayedUs: 20449
06-28 17:25:38.277  1389  4034 W audio_hw_generic: Not supplying enough data to HAL, expected position 22233664 , only wrote 22232880
06-28 17:25:38.277  1389  4034 W audio_hw_generic: Not supplying enough data to HAL, expected position 22232899 , only wrote 22232880
06-28 17:25:38.296  1481  7584 W AudioTrack: retrograde timestamp position corrected, -128 = 128 - 256
06-28 17:25:38.296  1481  7584 W NuPlayerRenderer: getPendingAudioPlayoutDurationUs: pendingUs -4124 < 0, clamping to zero, potential resume after pause writtenAudioDurationUs: 14512, audioSinkPlayedUs: 18636
06-28 17:25:38.308  1389  4034 W audio_hw_generic: Not supplying enough data to HAL, expected position 22234338 , only wrote 22233600
06-28 17:25:38.336  1481  7584 W NuPlayerRenderer: getPendingAudioPlayoutDurationUs: pendingUs -4553 < 0, clamping to zero, potential resume after pause writtenAudioDurationUs: 17414, audioSinkPlayedUs: 21967
06-28 17:25:38.357  1481  7584 W NuPlayerRenderer: getPendingAudioPlayoutDurationUs: pendingUs -16373 < 0, clamping to zero, potential resume after pause writtenAudioDurationUs: 26122, audioSinkPlayedUs: 42495
06-28 17:25:38.404  1389  4034 W audio_hw_generic: Not supplying enough data to HAL, expected position 22238248 , only wrote 22237920
06-28 17:25:38.469  1389  4034 W audio_hw_generic: Not supplying enough data to HAL, expected position 22241032 , only wrote 22240800
06-28 17:25:38.507  1473  1580 D AudioFlinger: mixer(0xad583c80) throttle end: throttle time(12)
06-28 17:25:38.525  1389  4034 W audio_hw_generic: Not supplying enough data to HAL, expected position 22243414 , only wrote 22242960
06-28 17:25:38.647  1389  4034 W audio_hw_generic: Not supplying enough data to HAL, expected position 22248885 , only wrote 22247280
06-28 17:25:38.658  1389  4034 W audio_hw_generic: Not supplying enough data to HAL, expected position 22247798 , only wrote 22247280
06-28 17:25:38.662  1481  7584 W AudioTrack: getTimestamp() location moved from kernel to server
06-28 17:25:38.685  1389  4034 W audio_hw_generic: Not supplying enough data to HAL, expected position 22248580 , only wrote 22248000
06-28 17:25:38.731  1389  4034 W audio_hw_generic: Not supplying enough data to HAL, expected position 22250220 , only wrote 22249440
06-28 17:25:38.804  1389  4034 W audio_hw_generic: Hardware backing HAL too slow, could only write 0 of 720 frames
06-28 17:25:38.806  1389  4034 W audio_hw_generic: Not supplying enough data to HAL, expected position 22253002 , only wrote 22252320
06-28 17:25:38.806  1389  4034 W audio_hw_generic: Not supplying enough data to HAL, expected position 22252328 , only wrote 22252320
06-28 17:25:38.822  1389  4034 W audio_hw_generic: Not supplying enough data to HAL, expected position 22253100 , only wrote 22253040
06-28 17:25:38.862  1389  4034 W audio_hw_generic: Not supplying enough data to HAL, expected position 22254959 , only wrote 22254480
06-28 17:25:38.864  1481  7584 W NuPlayerRenderer: getPendingAudioPlayoutDurationUs: pendingUs -6412 < 0, clamping to zero, potential resume after pause writtenAudioDurationUs: 313469, audioSinkPlayedUs: 319881
06-28 17:25:38.891  1481  7584 W AudioTrack: getTimestamp() location moved from kernel to server
06-28 17:25:38.925  1481  7584 W AudioTrack: retrograde timestamp position corrected, -200 = 13440 - 13640
06-28 17:25:38.925  1481  7584 W NuPlayerRenderer: getPendingAudioPlayoutDurationUs: pendingUs -14181 < 0, clamping to zero, potential resume after pause writtenAudioDurationUs: 327981, audioSinkPlayedUs: 342162
06-28 17:25:38.940  1389  4034 W audio_hw_generic: Not supplying enough data to HAL, expected position 22258214 , only wrote 22258080
06-28 17:25:39.053  1481  7584 W AudioTrack: getTimestamp() location moved from kernel to server
06-28 17:25:39.053  1389  4034 W audio_hw_generic: Not supplying enough data to HAL, expected position 22263536 , only wrote 22263120
06-28 17:25:39.090  1389  4034 W audio_hw_generic: Not supplying enough data to HAL, expected position 22264861 , only wrote 22264560
06-28 17:25:39.131  1389  4034 W audio_hw_generic: Not supplying enough data to HAL, expected position 22266535 , only wrote 22266000
06-28 17:25:39.134  1473  1580 D AudioFlinger: mixer(0xad583c80) throttle end: throttle time(7)
06-28 17:25:39.167  1389  4034 W audio_hw_generic: Not supplying enough data to HAL, expected position 22267739 , only wrote 22267440
06-28 17:25:39.227  1389  4034 W audio_hw_generic: Not supplying enough data to HAL, expected position 22270330 , only wrote 22270320
06-28 17:25:39.241  1481  7584 W AudioTrack: getTimestamp() location moved from kernel to server
06-28 17:25:39.281  1389  4034 W audio_hw_generic: Not supplying enough data to HAL, expected position 22272855 , only wrote 22271040
06-28 17:25:39.282  1389  4034 W audio_hw_generic: Not supplying enough data to HAL, expected position 22271113 , only wrote 22271040
06-28 17:25:39.298  1389  4034 W audio_hw_generic: Not supplying enough data to HAL, expected position 22271836 , only wrote 22271760
06-28 17:25:39.303  1481  7584 W AudioTrack: retrograde timestamp position corrected, -274 = 21952 - 22226
06-28 17:25:39.336  1473  1580 D AudioFlinger: mixer(0xad583c80) throttle end: throttle time(11)
06-28 17:25:39.427  1481  7584 W AudioTrack: getTimestamp() location moved from kernel to server
06-28 17:25:39.428  1389  4034 W audio_hw_generic: Not supplying enough data to HAL, expected position 22277972 , only wrote 22276800
06-28 17:25:39.429  1389  4034 W audio_hw_generic: Not supplying enough data to HAL, expected position 22276842 , only wrote 22276800
06-28 17:25:39.447  1389  4034 W audio_hw_generic: Not supplying enough data to HAL, expected position 22277668 , only wrote 22277520
06-28 17:25:39.558  1389  4034 W audio_hw_generic: Not supplying enough data to HAL, expected position 22282846 , only wrote 22282560
06-28 17:25:39.594  1389  4034 W audio_hw_generic: Not supplying enough data to HAL, expected position 22284282 , only wrote 22284000
06-28 17:25:39.625  1473  1580 D AudioFlinger: mixer(0xad583c80) throttle end: throttle time(8)
06-28 17:25:39.677  1409  1409 I boot-pipe: done populating /dev/random
06-28 17:25:39.909  1389  4034 W audio_hw_generic: Not supplying enough data to HAL, expected position 22299135 , only wrote 22297680
06-28 17:25:39.910  1389  4034 W audio_hw_generic: Not supplying enough data to HAL, expected position 22297717 , only wrote 22297680
06-28 17:25:39.961  1473  1580 D AudioFlinger: mixer(0xad583c80) throttle end: throttle time(12)
06-28 17:25:39.971  1389  4034 W audio_hw_generic: Not supplying enough data to HAL, expected position 22300605 , only wrote 22298400
06-28 17:25:39.971  1389  4034 W audio_hw_generic: Not supplying enough data to HAL, expected position 22298432 , only wrote 22298400
06-28 17:25:39.987  1389  4034 W audio_hw_generic: Not supplying enough data to HAL, expected position 22299146 , only wrote 22299120
06-28 17:25:39.990  1481  7584 W AudioTrack: getTimestamp() location moved from kernel to server
06-28 17:25:40.225  1481  7584 W AudioTrack: getTimestamp() location moved from kernel to server
06-28 17:25:40.246  1481  7584 W NuPlayerRenderer: getPendingAudioPlayoutDurationUs: pendingUs -8954 < 0, clamping to zero, potential resume after pause writtenAudioDurationUs: 1332244, audioSinkPlayedUs: 1341198
06-28 17:25:40.268  1481  7584 W NuPlayerRenderer: getPendingAudioPlayoutDurationUs: pendingUs -2747 < 0, clamping to zero, potential resume after pause writtenAudioDurationUs: 1345306, audioSinkPlayedUs: 1348053
06-28 17:25:40.350  1389  4034 W audio_hw_generic: Not supplying enough data to HAL, expected position 22316558 , only wrote 22314960
06-28 17:25:40.351  1389  4034 W audio_hw_generic: Not supplying enough data to HAL, expected position 22314981 , only wrote 22314960
06-28 17:25:40.385  1389  4034 W audio_hw_generic: Not supplying enough data to HAL, expected position 22316614 , only wrote 22315680
06-28 17:25:40.466  1389  4034 W audio_hw_generic: Not supplying enough data to HAL, expected position 22319544 , only wrote 22317120
06-28 17:25:40.468  1481  7584 W AudioTrack: retrograde timestamp time corrected, 2981828359090 < 2981832042050
06-28 17:25:40.469  1481  7584 W AudioTrack: retrograde timestamp position corrected, -1001 = 59796 - 60797
06-28 17:25:40.568  1389  4034 W audio_hw_generic: Not supplying enough data to HAL, expected position 22322055 , only wrote 22320000
06-28 17:25:40.569  1389  4034 W audio_hw_generic: Not supplying enough data to HAL, expected position 22320018 , only wrote 22320000
06-28 17:25:40.579  1481  7584 W AudioTrack: getTimestamp() location moved from kernel to server
06-28 17:25:40.603  1389  4034 W audio_hw_generic: Not supplying enough data to HAL, expected position 22321618 , only wrote 22320720
06-28 17:25:40.637  1389  4034 W audio_hw_generic: Not supplying enough data to HAL, expected position 22322366 , only wrote 22322160
06-28 17:25:40.668  1389  4034 W audio_hw_generic: Not supplying enough data to HAL, expected position 22323661 , only wrote 22323600
06-28 17:25:40.703  1389  4034 W audio_hw_generic: Not supplying enough data to HAL, expected position 22325299 , only wrote 22325040
06-28 17:25:40.761  1389  4034 W audio_hw_generic: Not supplying enough data to HAL, expected position 22327799 , only wrote 22326480
06-28 17:25:40.764  1473  1580 D AudioFlinger: mixer(0xad583c80) throttle end: throttle time(8)
06-28 17:25:40.807  1389  4034 W audio_hw_generic: Not supplying enough data to HAL, expected position 22328668 , only wrote 22327920
06-28 17:25:40.941  1389  4034 W audio_hw_generic: Not supplying enough data to HAL, expected position 22334382 , only wrote 22329360
06-28 17:25:40.942  1473  1580 D AudioFlinger: mixer(0xad583c80) throttle end: throttle time(12)
06-28 17:25:40.949  1481  7584 W AudioTrack: getTimestamp() location moved from kernel to server
06-28 17:25:41.015  1389  4034 W audio_hw_generic: Not supplying enough data to HAL, expected position 22332888 , only wrote 22332240
06-28 17:25:41.015  1389  4034 W audio_hw_generic: Not supplying enough data to HAL, expected position 22332276 , only wrote 22332240
06-28 17:25:41.027  1481  7584 W AudioTrack: retrograde timestamp position corrected, -126 = 73015 - 73141
06-28 17:25:41.066  1389  4034 W audio_hw_generic: Not supplying enough data to HAL, expected position 22334663 , only wrote 22332960
06-28 17:25:41.128  1389  4034 W audio_hw_generic: Not supplying enough data to HAL, expected position 22335897 , only wrote 22335840
06-28 17:25:41.156  1389  4034 W audio_hw_generic: Not supplying enough data to HAL, expected position 22337240 , only wrote 22335840
06-28 17:25:41.172  1389  4034 W audio_hw_generic: Not supplying enough data to HAL, expected position 22336605 , only wrote 22336560
06-28 17:25:41.205  1389  4034 W audio_hw_generic: Not supplying enough data to HAL, expected position 22338103 , only wrote 22338000
06-28 17:25:41.220  1389  4034 W audio_hw_generic: Not supplying enough data to HAL, expected position 22338759 , only wrote 22338720
06-28 17:25:41.236  1389  4034 W audio_hw_generic: Not supplying enough data to HAL, expected position 22339466 , only wrote 22339440
06-28 17:25:41.391  1389  4034 W audio_hw_generic: Not supplying enough data to HAL, expected position 22346886 , only wrote 22344480
06-28 17:25:41.426  1389  4034 W audio_hw_generic: Not supplying enough data to HAL, expected position 22346145 , only wrote 22345920
06-28 17:25:41.425  1473  1580 D AudioFlinger: mixer(0xad583c80) throttle end: throttle time(12)
06-28 17:25:41.518  1389  4034 W audio_hw_generic: Not supplying enough data to HAL, expected position 22350351 , only wrote 22349520
06-28 17:25:41.533  1473  1580 D AudioFlinger: mixer(0xad583c80) throttle end: throttle time(11)
06-28 17:25:41.581  1473  1580 D AudioFlinger: mixer(0xad583c80) throttle end: throttle time(12)
06-28 17:25:41.581  1389  4034 W audio_hw_generic: Not supplying enough data to HAL, expected position 22352565 , only wrote 22350960
06-28 17:25:41.634  1389  4034 W audio_hw_generic: Not supplying enough data to HAL, expected position 22353462 , only wrote 22352400
06-28 17:25:41.679  1389  4034 W audio_hw_generic: Not supplying enough data to HAL, expected position 22354588 , only wrote 22353840
06-28 17:25:41.684  1473  1580 D AudioFlinger: mixer(0xad583c80) throttle end: throttle time(12)
06-28 17:25:41.696  1481  7584 W AudioTrack: getTimestamp() location moved from kernel to server
06-28 17:25:41.752  1389  4034 W audio_hw_generic: Not supplying enough data to HAL, expected position 22357318 , only wrote 22356720
06-28 17:25:41.752  1389  4034 W audio_hw_generic: Not supplying enough data to HAL, expected position 22356760 , only wrote 22356720
06-28 17:25:41.791  1389  4034 W audio_hw_generic: Not supplying enough data to HAL, expected position 22358580 , only wrote 22357440
06-28 17:25:41.795  1473  1580 D AudioFlinger: mixer(0xad583c80) throttle end: throttle time(12)
06-28 17:25:41.822  1389  4034 W audio_hw_generic: Not supplying enough data to HAL, expected position 22358900 , only wrote 22358880
06-28 17:25:41.888  1389  4034 W audio_hw_generic: Not supplying enough data to HAL, expected position 22362084 , only wrote 22359600
06-28 17:25:41.889  1389  4034 W audio_hw_generic: Not supplying enough data to HAL, expected position 22359616 , only wrote 22359600
06-28 17:25:41.927  1473  1580 D AudioFlinger: mixer(0xad583c80) throttle end: throttle time(7)
06-28 17:25:41.947  1389  4034 W audio_hw_generic: Not supplying enough data to HAL, expected position 22362380 , only wrote 22360320
06-28 17:25:42.049  1389  4034 W audio_hw_generic: Not supplying enough data to HAL, expected position 22365241 , only wrote 22364640
06-28 17:25:42.089  1389  4034 W audio_hw_generic: Not supplying enough data to HAL, expected position 22366557 , only wrote 22365360
06-28 17:25:42.127  1389  4034 W audio_hw_generic: Not supplying enough data to HAL, expected position 22367188 , only wrote 22366080
06-28 17:25:42.147  1481  7585 I NuPlayerDecoder: [audio] saw output EOS
06-28 17:25:42.148  1481  7584 D AudioTrack: stop() called with 132300 frames delivered
06-28 17:25:42.235  1389  4034 W audio_hw_generic: Not supplying enough data to HAL, expected position 22371231 , only wrote 22371120
06-28 17:25:42.236  1389  4034 W audio_hw_generic: Not supplying enough data to HAL, expected position 22371168 , only wrote 22371120
06-28 17:25:42.254  1389  4034 W audio_hw_generic: Not supplying enough data to HAL, expected position 22372023 , only wrote 22371840
06-28 17:25:42.328  1473  1580 D AudioFlinger: mixer(0xad583c80) throttle end: throttle time(4)
06-28 17:25:42.379  1473  1580 D AudioFlinger: mixer(0xad583c80) throttle end: throttle time(12)
06-28 17:25:42.382  1389  4034 W audio_hw_generic: Not supplying enough data to HAL, expected position 22377958 , only wrote 22373280
06-28 17:25:42.421  1389  4034 W audio_hw_generic: Not supplying enough data to HAL, expected position 22375183 , only wrote 22374720
06-28 17:25:42.479  1389  4034 W audio_hw_generic: Not supplying enough data to HAL, expected position 22377486 , only wrote 22376160
06-28 17:25:42.540  1389  4034 W audio_hw_generic: Not supplying enough data to HAL, expected position 22379067 , only wrote 22377600
06-28 17:25:42.592  1389  4034 W audio_hw_generic: Not supplying enough data to HAL, expected position 22380085 , only wrote 22379040
06-28 17:25:42.622  1389  4034 W audio_hw_generic: Not supplying enough data to HAL, expected position 22380502 , only wrote 22380480
06-28 17:25:42.652  1473  1580 D AudioFlinger: mixer(0xad583c80) throttle end: throttle time(12)
06-28 17:25:42.657  1389  4034 W audio_hw_generic: Not supplying enough data to HAL, expected position 22382127 , only wrote 22381920
06-28 17:25:42.720  1389  4034 W audio_hw_generic: Not supplying enough data to HAL, expected position 22384978 , only wrote 22383360
06-28 17:25:42.725  1481  7580 D NuPlayerDriver: notifyListener_l(0xac0944d0), (2, 0, 0, -1), loop setting(1, 0)
06-28 17:25:42.766  1473  1580 D AudioFlinger: mixer(0xad583c80) throttle end: throttle time(8)
06-28 17:25:42.767  1389  4034 W audio_hw_generic: Not supplying enough data to HAL, expected position 22385623 , only wrote 22384800
06-28 17:25:42.798  1389  4034 W audio_hw_generic: Hardware backing HAL too slow, could only write 0 of 720 frames
06-28 17:25:42.802  1481  7585 I NuPlayerDecoder: [OMX.google.vorbis.decoder] resubmitting CSD
06-28 17:25:42.803  1481  7585 I NuPlayerDecoder: [OMX.google.vorbis.decoder] resubmitting CSD
06-28 17:25:42.874  1389  4034 W audio_hw_generic: Not supplying enough data to HAL, expected position 22389950 , only wrote 22389120
06-28 17:25:42.875  1389  4034 W audio_hw_generic: Not supplying enough data to HAL, expected position 22389153 , only wrote 22389120
06-28 17:25:42.878  1481  7580 D NuPlayerDriver: notifyListener_l(0xac0944d0), (6, 0, 0, -1), loop setting(1, 0)
06-28 17:25:42.925  1389  4034 W audio_hw_generic: Not supplying enough data to HAL, expected position 22391501 , only wrote 22389840
06-28 17:25:43.011  1389  4034 W audio_hw_generic: Not supplying enough data to HAL, expected position 22393978 , only wrote 22392720
06-28 17:25:43.012  1389  4034 W audio_hw_generic: Not supplying enough data to HAL, expected position 22392756 , only wrote 22392720
06-28 17:25:43.027  1389  4034 W audio_hw_generic: Not supplying enough data to HAL, expected position 22393455 , only wrote 22393440
06-28 17:25:43.036  1481  7584 W NuPlayerRenderer: getPendingAudioPlayoutDurationUs: pendingUs -22945 < 0, clamping to zero, potential resume after pause writtenAudioDurationUs: 8707, audioSinkPlayedUs: 31652
06-28 17:25:43.176  1389  4034 W audio_hw_generic: Not supplying enough data to HAL, expected position 22400574 , only wrote 22394880
06-28 17:25:43.176  1389  4034 W audio_hw_generic: Hardware backing HAL too slow, could only write 0 of 720 frames
06-28 17:25:43.178  1481  7584 W NuPlayerRenderer: getPendingAudioPlayoutDurationUs: pendingUs -158645 < 0, clamping to zero, potential resume after pause writtenAudioDurationUs: 14512, audioSinkPlayedUs: 173157
06-28 17:25:43.243  1389  4034 W audio_hw_generic: Not supplying enough data to HAL, expected position 22398116 , only wrote 22396320
06-28 17:25:43.244  1481  7584 W NuPlayerRenderer: getPendingAudioPlayoutDurationUs: pendingUs -58732 < 0, clamping to zero, potential resume after pause writtenAudioDurationUs: 17414, audioSinkPlayedUs: 76146
06-28 17:25:43.281  1389  4034 W audio_hw_generic: Not supplying enough data to HAL, expected position 22398156 , only wrote 22397040
06-28 17:25:43.301  1389  4034 W audio_hw_generic: Not supplying enough data to HAL, expected position 22397985 , only wrote 22397040
06-28 17:25:43.302  1473  1580 D AudioFlinger: mixer(0xad583c80) throttle end: throttle time(12)
06-28 17:25:43.310  1481  7584 W AudioTrack: getTimestamp() location moved from kernel to server
06-28 17:25:43.318  1389  4034 W audio_hw_generic: Not supplying enough data to HAL, expected position 22397836 , only wrote 22397760
06-28 17:25:43.429  1389  4034 W audio_hw_generic: Not supplying enough data to HAL, expected position 22403104 , only wrote 22401360
06-28 17:25:43.430  1389  4034 W audio_hw_generic: Not supplying enough data to HAL, expected position 22401400 , only wrote 22401360
06-28 17:25:43.436  1473  1580 D AudioFlinger: mixer(0xad583c80) throttle end: throttle time(12)
06-28 17:25:43.505  1481  7584 W AudioTrack: getTimestamp() location moved from kernel to server
06-28 17:25:43.532  1389  4034 W audio_hw_generic: Not supplying enough data to HAL, expected position 22406263 , only wrote 22402080
06-28 17:25:43.541  1481  7584 W AudioTrack: retrograde timestamp position corrected, -377 = 2373 - 2750
06-28 17:25:43.586  1481  7584 W AudioTrack: getTimestamp() location moved from kernel to server
06-28 17:25:43.595  1473  1580 D AudioFlinger: mixer(0xad583c80) throttle end: throttle time(12)
06-28 17:25:43.653  1389  4034 W audio_hw_generic: Not supplying enough data to HAL, expected position 22407899 , only wrote 22407120
06-28 17:25:43.654  1389  4034 W audio_hw_generic: Not supplying enough data to HAL, expected position 22407137 , only wrote 22407120
06-28 17:25:43.719  1473  1580 D AudioFlinger: mixer(0xad583c80) throttle end: throttle time(12)
06-28 17:25:43.719  1389  4034 W audio_hw_generic: Not supplying enough data to HAL, expected position 22410270 , only wrote 22407840
06-28 17:25:43.769  1389  4034 W audio_hw_generic: Not supplying enough data to HAL, expected position 22410203 , only wrote 22409280
06-28 17:25:43.801  1389  4034 W audio_hw_generic: Not supplying enough data to HAL, expected position 22410817 , only wrote 22410000
06-28 17:25:43.801  1389  4034 W audio_hw_generic: Not supplying enough data to HAL, expected position 22410008 , only wrote 22410000
06-28 17:25:43.831  1389  4034 W audio_hw_generic: Not supplying enough data to HAL, expected position 22411445 , only wrote 22410720
06-28 17:25:43.904  1389  4034 W audio_hw_generic: Not supplying enough data to HAL, expected position 22414247 , only wrote 22412160
06-28 17:25:43.918  1473  1580 D AudioFlinger: mixer(0xad583c80) throttle end: throttle time(12)
06-28 17:25:44.006  1389  4034 W audio_hw_generic: Not supplying enough data to HAL, expected position 22417048 , only wrote 22415040
06-28 17:25:44.006  1389  4034 W audio_hw_generic: Not supplying enough data to HAL, expected position 22415051 , only wrote 22415040
06-28 17:25:44.044  1473  1580 D AudioFlinger: mixer(0xad583c80) throttle end: throttle time(12)
06-28 17:25:44.071  1389  4034 W audio_hw_generic: Not supplying enough data to HAL, expected position 22418154 , only wrote 22415760
06-28 17:25:44.121  1389  4034 W audio_hw_generic: Not supplying enough data to HAL, expected position 22418146 , only wrote 22417200
06-28 17:25:44.211  1389  4034 W audio_hw_generic: Not supplying enough data to HAL, expected position 22421512 , only wrote 22420080
06-28 17:25:44.211  1389  4034 W audio_hw_generic: Not supplying enough data to HAL, expected position 22420108 , only wrote 22420080
06-28 17:25:44.252  1473  1580 D AudioFlinger: mixer(0xad583c80) throttle end: throttle time(9)
06-28 17:25:44.252  1389  4034 W audio_hw_generic: Not supplying enough data to HAL, expected position 22422043 , only wrote 22420800
06-28 17:25:44.272  1481  7584 W AudioTrack: getTimestamp() location moved from kernel to server
06-28 17:25:44.394  1389  4034 W audio_hw_generic: Not supplying enough data to HAL, expected position 22427581 , only wrote 22425120
06-28 17:25:44.393  1473  1580 D AudioFlinger: mixer(0xad583c80) throttle end: throttle time(12)
06-28 17:25:44.440  1389  4034 W audio_hw_generic: Not supplying enough data to HAL, expected position 22427339 , only wrote 22426560
06-28 17:25:44.451  1481  7584 W AudioTrack: getTimestamp() location moved from kernel to server
06-28 17:25:44.504  1473  1580 D AudioFlinger: mixer(0xad583c80) throttle end: throttle time(1)
06-28 17:25:44.505  1389  4034 W audio_hw_generic: Not supplying enough data to HAL, expected position 22429672 , only wrote 22428000
06-28 17:25:44.537  1389  4034 W audio_hw_generic: Not supplying enough data to HAL, expected position 22429563 , only wrote 22429440
06-28 17:25:44.567  1389  4034 W audio_hw_generic: Not supplying enough data to HAL, expected position 22430881 , only wrote 22430880
06-28 17:25:44.661  1389  4034 W audio_hw_generic: Not supplying enough data to HAL, expected position 22435399 , only wrote 22435200
06-28 17:25:44.788  1389  4034 W audio_hw_generic: Not supplying enough data to HAL, expected position 22441270 , only wrote 22440960
06-28 17:25:44.799  1473  1580 D AudioFlinger: mixer(0xad583c80) throttle end: throttle time(3)
06-28 17:25:44.849  1389  4034 W audio_hw_generic: Not supplying enough data to HAL, expected position 22443879 , only wrote 22443840
06-28 17:25:44.849  1389  4034 W audio_hw_generic: Not supplying enough data to HAL, expected position 22443850 , only wrote 22443840
06-28 17:25:44.872  1389  4034 W audio_hw_generic: Not supplying enough data to HAL, expected position 22444921 , only wrote 22444560
06-28 17:25:44.920  1389  4034 W audio_hw_generic: Not supplying enough data to HAL, expected position 22446898 , only wrote 22446000
06-28 17:25:45.039  1389  4034 W audio_hw_generic: Not supplying enough data to HAL, expected position 22451708 , only wrote 22451040
06-28 17:25:45.086  1389  4034 W audio_hw_generic: Not supplying enough data to HAL, expected position 22453279 , only wrote 22453200
06-28 17:25:45.151  1389  4034 W audio_hw_generic: Not supplying enough data to HAL, expected position 22456311 , only wrote 22454640
06-28 17:25:45.179  1473  1580 D AudioFlinger: mixer(0xad583c80) throttle end: throttle time(12)
06-28 17:25:45.185  1481  7584 W AudioTrack: getTimestamp() location moved from kernel to server
06-28 17:25:45.648  1389  4034 W audio_hw_generic: Not supplying enough data to HAL, expected position 22478494 , only wrote 22478400
06-28 17:25:45.673  1389  4034 W audio_hw_generic: Not supplying enough data to HAL, expected position 22479606 , only wrote 22479120
06-28 17:25:45.814  1389  4034 W audio_hw_generic: Not supplying enough data to HAL, expected position 22485906 , only wrote 22485600
06-28 17:25:45.815  1389  4034 W audio_hw_generic: Not supplying enough data to HAL, expected position 22485659 , only wrote 22485600
06-28 17:25:45.839  1389  4034 W audio_hw_generic: Not supplying enough data to HAL, expected position 22486719 , only wrote 22486320
06-28 17:25:45.847  1481  7584 W AudioTrack: getTimestamp() location moved from kernel to server
06-28 17:25:45.865  1473  1580 D AudioFlinger: mixer(0xad583c80) throttle end: throttle time(9)
06-28 17:25:45.874  1481  7584 W AudioTrack: retrograde timestamp position corrected, -361 = 79784 - 80145
06-28 17:25:45.900  1389  4034 W audio_hw_generic: Not supplying enough data to HAL, expected position 22489257 , only wrote 22489200
06-28 17:25:45.900  1389  4034 W audio_hw_generic: Not supplying enough data to HAL, expected position 22489212 , only wrote 22489200
06-28 17:25:45.918  1389  4034 W audio_hw_generic: Not supplying enough data to HAL, expected position 22490057 , only wrote 22489920
06-28 17:25:46.062  1389  4034 W audio_hw_generic: Not supplying enough data to HAL, expected position 22496853 , only wrote 22494960
06-28 17:25:46.064  1389  4034 W audio_hw_generic: Not supplying enough data to HAL, expected position 22495019 , only wrote 22494960
06-28 17:25:46.086  1473  1580 D AudioFlinger: mixer(0xad583c80) throttle end: throttle time(12)
06-28 17:25:46.089  1389  4034 W audio_hw_generic: Not supplying enough data to HAL, expected position 22496186 , only wrote 22495680
06-28 17:25:46.171  1389  4034 W audio_hw_generic: Not supplying enough data to HAL, expected position 22499584 , only wrote 22499280
06-28 17:25:46.172  1389  4034 W audio_hw_generic: Not supplying enough data to HAL, expected position 22499328 , only wrote 22499280
06-28 17:25:46.187  1389  4034 W audio_hw_generic: Not supplying enough data to HAL, expected position 22500037 , only wrote 22500000
06-28 17:25:46.234  1389  4034 W audio_hw_generic: Not supplying enough data to HAL, expected position 22502237 , only wrote 22501440
06-28 17:25:46.533  1389  4034 W audio_hw_generic: Not supplying enough data to HAL, expected position 22515776 , only wrote 22515120
06-28 17:25:46.609  1481  7585 I NuPlayerDecoder: [audio] saw output EOS
06-28 17:25:46.610  1481  7584 D AudioTrack: stop() called with 132300 frames delivered
06-28 17:25:46.638  1389  4034 W audio_hw_generic: Not supplying enough data to HAL, expected position 22520174 , only wrote 22520160
06-28 17:25:46.739  1389  4034 W audio_hw_generic: Not supplying enough data to HAL, expected position 22525021 , only wrote 22520880
06-28 17:25:46.795  1389  4034 W audio_hw_generic: Not supplying enough data to HAL, expected position 22523558 , only wrote 22522320
06-28 17:25:46.800  1473  1580 D AudioFlinger: mixer(0xad583c80) throttle end: throttle time(12)
06-28 17:25:46.831  1389  4034 W audio_hw_generic: Not supplying enough data to HAL, expected position 22524042 , only wrote 22523760
06-28 17:25:46.866  1389  4034 W audio_hw_generic: Not supplying enough data to HAL, expected position 22525433 , only wrote 22525200
06-28 17:25:46.946  1389  4034 W audio_hw_generic: Not supplying enough data to HAL, expected position 22529067 , only wrote 22526640
06-28 17:25:46.954  1473  1580 D AudioFlinger: mixer(0xad583c80) throttle end: throttle time(12)
06-28 17:25:47.115  1389  4034 W audio_hw_generic: Not supplying enough data to HAL, expected position 22534725 , only wrote 22533840
06-28 17:25:47.121  1389  4034 W audio_hw_generic: Not supplying enough data to HAL, expected position 22534116 , only wrote 22533840
06-28 17:25:47.161  1481  7580 D NuPlayerDriver: notifyListener_l(0xac0944d0), (2, 0, 0, -1), loop setting(1, 0)
06-28 17:25:47.171  1389  4034 W audio_hw_generic: Not supplying enough data to HAL, expected position 22536240 , only wrote 22534560
06-28 17:25:47.171  1473  1580 D AudioFlinger: mixer(0xad583c80) throttle end: throttle time(4)
06-28 17:25:47.195  1481  7585 I NuPlayerDecoder: [OMX.google.vorbis.decoder] resubmitting CSD
06-28 17:25:47.196  1481  7585 I NuPlayerDecoder: [OMX.google.vorbis.decoder] resubmitting CSD
06-28 17:25:47.241  1389  4034 W audio_hw_generic: Not supplying enough data to HAL, expected position 22537929 , only wrote 22537440
06-28 17:25:47.248  1481  7580 D NuPlayerDriver: notifyListener_l(0xac0944d0), (6, 0, 0, -1), loop setting(1, 0)
06-28 17:25:47.272  1481  7584 W AudioTrack: getTimestamp() location moved from kernel to server
06-28 17:25:47.272  1481  7584 W NuPlayerRenderer: getPendingAudioPlayoutDurationUs: pendingUs -428 < 0, clamping to zero, potential resume after pause writtenAudioDurationUs: 8707, audioSinkPlayedUs: 9135
06-28 17:25:47.287  1389  4034 W audio_hw_generic: Not supplying enough data to HAL, expected position 22539656 , only wrote 22539600
06-28 17:25:47.308  1481  7584 W AudioTrack: retrograde timestamp position corrected, -384 = 0 - 384
06-28 17:25:47.308  1481  7584 W NuPlayerRenderer: getPendingAudioPlayoutDurationUs: pendingUs -15538 < 0, clamping to zero, potential resume after pause writtenAudioDurationUs: 11609, audioSinkPlayedUs: 27147
06-28 17:25:47.328  1481  7584 W AudioTrack: getTimestamp() location moved from kernel to server
06-28 17:25:47.328  1481  7584 W NuPlayerRenderer: getPendingAudioPlayoutDurationUs: pendingUs -5917 < 0, clamping to zero, potential resume after pause writtenAudioDurationUs: 14512, audioSinkPlayedUs: 20429
06-28 17:25:47.383  1389  4034 W audio_hw_generic: Not supplying enough data to HAL, expected position 22544192 , only wrote 22543920
06-28 17:25:47.388  1389  4034 W audio_hw_generic: Not supplying enough data to HAL, expected position 22544198 , only wrote 22543920
06-28 17:25:47.417  1389  4034 W audio_hw_generic: Not supplying enough data to HAL, expected position 22545295 , only wrote 22544640
06-28 17:25:47.421  1481  7584 W NuPlayerRenderer: getPendingAudioPlayoutDurationUs: pendingUs -28401 < 0, clamping to zero, potential resume after pause writtenAudioDurationUs: 23219, audioSinkPlayedUs: 51620
06-28 17:25:47.446  1481  7584 W NuPlayerRenderer: getPendingAudioPlayoutDurationUs: pendingUs -15408 < 0, clamping to zero, potential resume after pause writtenAudioDurationUs: 26122, audioSinkPlayedUs: 41530
06-28 17:25:47.542  1389  4034 W audio_hw_generic: Not supplying enough data to HAL, expected position 22550624 , only wrote 22550400
06-28 17:25:47.542  1389  4034 W audio_hw_generic: Not supplying enough data to HAL, expected position 22550411 , only wrote 22550400
06-28 17:25:47.561  1389  4034 W audio_hw_generic: Not supplying enough data to HAL, expected position 22551315 , only wrote 22551120
06-28 17:25:47.590  1473  1580 D AudioFlinger: mixer(0xad583c80) throttle end: throttle time(2)
06-28 17:25:47.688  1389  4034 W audio_hw_generic: Not supplying enough data to HAL, expected position 22557220 , only wrote 22556880
06-28 17:25:47.689  1389  4034 W audio_hw_generic: Not supplying enough data to HAL, expected position 22556935 , only wrote 22556880
06-28 17:25:47.711  1389  4034 W audio_hw_generic: Not supplying enough data to HAL, expected position 22557900 , only wrote 22557600
06-28 17:25:47.728  1389  4034 W audio_hw_generic: Not supplying enough data to HAL, expected position 22558455 , only wrote 22558320
06-28 17:25:47.749  1389  4034 W audio_hw_generic: Not supplying enough data to HAL, expected position 22559313 , only wrote 22559040
06-28 17:25:47.930  1389  4034 W audio_hw_generic: Not supplying enough data to HAL, expected position 22567698 , only wrote 22566240
06-28 17:25:47.930  1389  4034 W audio_hw_generic: Not supplying enough data to HAL, expected position 22566249 , only wrote 22566240
06-28 17:25:47.945  1596  1610 I WifiService: acquireWifiLock uid=10014 lockMode=2
06-28 17:25:47.946  1389  4034 W audio_hw_generic: Not supplying enough data to HAL, expected position 22567021 , only wrote 22566960
06-28 17:25:47.960  1481  7584 W AudioTrack: getTimestamp() location moved from kernel to server
06-28 17:25:48.195  1389  4034 W audio_hw_generic: Not supplying enough data to HAL, expected position 22578933 , only wrote 22577760
06-28 17:25:48.242  1389  4034 W audio_hw_generic: Not supplying enough data to HAL, expected position 22579979 , only wrote 22578480
06-28 17:25:48.245  1481  7584 W AudioTrack: getTimestamp() location moved from kernel to server
06-28 17:25:48.466  1389  4034 W audio_hw_generic: Not supplying enough data to HAL, expected position 22589226 , only wrote 22588560
06-28 17:25:48.467  1389  4034 W audio_hw_generic: Not supplying enough data to HAL, expected position 22588621 , only wrote 22588560
06-28 17:25:48.485  1389  4034 W audio_hw_generic: Not supplying enough data to HAL, expected position 22589416 , only wrote 22589280
06-28 17:25:48.787  1389  4034 W audio_hw_generic: Not supplying enough data to HAL, expected position 22603783 , only wrote 22603680
06-28 17:25:48.819  1389  4034 W audio_hw_generic: Not supplying enough data to HAL, expected position 22605199 , only wrote 22603680
06-28 17:25:48.882  1389  4034 W audio_hw_generic: Not supplying enough data to HAL, expected position 22606749 , only wrote 22605840
06-28 17:25:48.918  1389  4034 W audio_hw_generic: Not supplying enough data to HAL, expected position 22607548 , only wrote 22605840
06-28 17:25:48.939  1389  4034 W audio_hw_generic: Not supplying enough data to HAL, expected position 22606838 , only wrote 22606560
06-28 17:25:48.941  1473  1580 D AudioFlinger: mixer(0xad583c80) throttle end: throttle time(12)
06-28 17:25:48.982  1389  4034 W audio_hw_generic: Not supplying enough data to HAL, expected position 22608625 , only wrote 22608000
06-28 17:25:49.015  1389  4034 W audio_hw_generic: Not supplying enough data to HAL, expected position 22609612 , only wrote 22609440
06-28 17:25:49.065  1473  1580 D AudioFlinger: mixer(0xad583c80) throttle end: throttle time(6)
06-28 17:25:49.241  1389  4034 W audio_hw_generic: Not supplying enough data to HAL, expected position 22620257 , only wrote 22620240
06-28 17:25:49.276  1389  4034 W audio_hw_generic: Not supplying enough data to HAL, expected position 22621950 , only wrote 22620960
06-28 17:25:49.277  1389  4034 W audio_hw_generic: Not supplying enough data to HAL, expected position 22620990 , only wrote 22620960
06-28 17:25:49.317  1389  4034 W audio_hw_generic: Not supplying enough data to HAL, expected position 22622891 , only wrote 22621680
06-28 17:25:49.355  1389  4034 W audio_hw_generic: Not supplying enough data to HAL, expected position 22623470 , only wrote 22623120
06-28 17:25:49.397  1389  4034 W audio_hw_generic: Not supplying enough data to HAL, expected position 22625152 , only wrote 22623840
06-28 17:25:49.398  1389  4034 W audio_hw_generic: Not supplying enough data to HAL, expected position 22623884 , only wrote 22623840
06-28 17:25:49.418  1389  4034 W audio_hw_generic: Not supplying enough data to HAL, expected position 22624807 , only wrote 22624560
06-28 17:25:49.449  1389  4034 W audio_hw_generic: Not supplying enough data to HAL, expected position 22626022 , only wrote 22626000
06-28 17:25:49.560  1389  4034 W audio_hw_generic: Not supplying enough data to HAL, expected position 22631364 , only wrote 22631040
06-28 17:25:49.561  1389  4034 W audio_hw_generic: Not supplying enough data to HAL, expected position 22631090 , only wrote 22631040
06-28 17:25:49.578  1389  4034 W audio_hw_generic: Not supplying enough data to HAL, expected position 22631856 , only wrote 22631760
06-28 17:25:49.611  1389  4034 W audio_hw_generic: Not supplying enough data to HAL, expected position 22633336 , only wrote 22632480
06-28 17:25:49.612  1389  4034 W audio_hw_generic: Not supplying enough data to HAL, expected position 22632521 , only wrote 22632480
06-28 17:25:49.638  1389  4034 W audio_hw_generic: Not supplying enough data to HAL, expected position 22633742 , only wrote 22633200
06-28 17:25:49.649  1473  1580 D AudioFlinger: mixer(0xad583c80) throttle end: throttle time(4)
06-28 17:25:49.679  1481  7584 W AudioTrack: getTimestamp() location moved from kernel to server
06-28 17:25:49.741  1389  4034 W audio_hw_generic: Not supplying enough data to HAL, expected position 22638114 , only wrote 22637520
06-28 17:25:49.761  1389  4034 W audio_hw_generic: Not supplying enough data to HAL, expected position 22638469 , only wrote 22637520
06-28 17:25:49.776  1389  4034 W audio_hw_generic: Not supplying enough data to HAL, expected position 22638246 , only wrote 22638240
06-28 17:25:49.791  1473  1580 D AudioFlinger: mixer(0xad583c80) throttle end: throttle time(12)
06-28 17:25:49.897  1389  4034 W audio_hw_generic: Not supplying enough data to HAL, expected position 22644062 , only wrote 22644000
06-28 17:25:49.921  1389  4034 W audio_hw_generic: Not supplying enough data to HAL, expected position 22645160 , only wrote 22644720
06-28 17:25:49.939  1389  4034 W audio_hw_generic: Not supplying enough data to HAL, expected position 22645592 , only wrote 22645440
06-28 17:25:49.975  1389  4034 W audio_hw_generic: Not supplying enough data to HAL, expected position 22647163 , only wrote 22646880
06-28 17:25:49.975  1473  1580 D AudioFlinger: mixer(0xad583c80) throttle end: throttle time(12)
06-28 17:25:50.295  1389  4034 W audio_hw_generic: Not supplying enough data to HAL, expected position 22662209 , only wrote 22662000
06-28 17:25:50.317  1389  4034 W audio_hw_generic: Not supplying enough data to HAL, expected position 22663097 , only wrote 22662000
06-28 17:25:50.400  1473  1580 D AudioFlinger: mixer(0xad583c80) throttle end: throttle time(3)
06-28 17:25:50.429  1389  4034 W audio_hw_generic: Not supplying enough data to HAL, expected position 22667362 , only wrote 22667040
06-28 17:25:50.435  1481  7584 W AudioTrack: getTimestamp() location moved from kernel to server
06-28 17:25:50.459  1389  4034 W audio_hw_generic: Not supplying enough data to HAL, expected position 22668481 , only wrote 22668480
06-28 17:25:50.527  1389  4034 W audio_hw_generic: Not supplying enough data to HAL, expected position 22671725 , only wrote 22669920
06-28 17:25:50.556  1481  7585 I NuPlayerDecoder: [audio] saw output EOS
06-28 17:25:50.559  1481  7584 D AudioTrack: stop() called with 132300 frames delivered
06-28 17:25:50.560  1473  1580 D AudioFlinger: mixer(0xad583c80) throttle end: throttle time(9)
06-28 17:25:50.713  1389  4034 W audio_hw_generic: Not supplying enough data to HAL, expected position 22678839 , only wrote 22678560
