07-01 15:28:58.972  8767  8767 I net.osmand: RoutingHelper Recalculate route, because wrong movement direction: 246.21614
07-01 15:28:59.235  8767  8767 I net.osmand: RoutingHelper Recalculate route, because correlation  : 214.74408039865548
07-01 15:28:59.299  8767  8767 I net.osmand: RoutingHelper Recalculate route, because correlation  : 214.74408039865548
07-01 15:28:59.299  8767  8767 I net.osmand: RoutingHelper Recalculate route, because wrong movement direction: 246.21614
07-01 15:28:59.358  8767  8767 I net.osmand: RoutingHelper Recalculate route, because correlation  : 214.74408039865548
07-01 15:28:59.700  8767  8777 I zygote  : Background concurrent copying GC freed 378677(8MB) AllocSpace objects, 0(0B) LOS objects, 12% free, 41MB/47MB, paused 13.948ms total 1.226s
07-01 15:28:59.990  8767  8767 I net.osmand: RoutingHelper Recalculate route, because correlation  : 214.74408039865548
07-01 15:28:59.990  8767  8767 I net.osmand: RoutingHelper Recalculate route, because wrong movement direction: 246.21614
07-01 15:28:59.998  8767  8767 I net.osmand: RoutingHelper Recalculate route, because correlation  : 214.74408039865548
07-01 15:28:59.998  8767  8767 I net.osmand: RoutingHelper Recalculate route, because wrong movement direction: 246.21614
07-01 15:29:00.038  8767  8767 I net.osmand: RoutingHelper Recalculate route, because correlation  : 214.74408039865548
07-01 15:29:00.057  1604  1617 E memtrack: Couldn't load memtrack module
07-01 15:29:00.057  1604  1617 W android.os.Debug: failed to get memory consumption info: -1
07-01 15:29:00.346  1604  1617 E memtrack: Couldn't load memtrack module
07-01 15:29:00.346  1604  1617 W android.os.Debug: failed to get memory consumption info: -1
07-01 15:29:00.746  8767  8767 I net.osmand: RoutingHelper Recalculate route, because correlation  : 214.74408039865548
07-01 15:29:00.746  8767  8767 I net.osmand: RoutingHelper Recalculate route, because wrong movement direction: 246.21614
07-01 15:29:00.812  8767  8767 I net.osmand: RoutingHelper Recalculate route, because correlation  : 214.74408039865548
07-01 15:29:00.886  8767  8777 I zygote  : Background concurrent copying GC freed 738903(16MB) AllocSpace objects, 0(0B) LOS objects, 15% free, 33MB/39MB, paused 13.622ms total 585.408ms
07-01 15:29:00.913  8767  8767 I net.osmand: RoutingHelper Recalculate route, because correlation  : 214.74408039865548
07-01 15:29:00.918  8767  8767 I net.osmand: RoutingHelper Recalculate route, because correlation  : 214.74408039865548
07-01 15:29:00.918  8767  8767 I net.osmand: RoutingHelper Recalculate route, because wrong movement direction: 246.21614
07-01 15:29:01.407  8767  8767 I net.osmand: RoutingHelper Recalculate route, because correlation  : 214.74408039865548
07-01 15:29:01.408  8767  8767 I net.osmand: RoutingHelper Recalculate route, because wrong movement direction: 246.21614
07-01 15:29:01.534  8767  8767 I net.osmand: RoutingHelper Recalculate route, because correlation  : 214.74408039865548
07-01 15:29:01.848  8767  8767 I chatty  : uid=10104(net.osmand) identical 1 line
07-01 15:29:01.867  8767  8767 I net.osmand: RoutingHelper Recalculate route, because correlation  : 214.74408039865548
07-01 15:29:01.867  8767  8767 I net.osmand: RoutingHelper Recalculate route, because wrong movement direction: 246.21614
07-01 15:29:02.169  8767  8767 I net.osmand: RoutingHelper Recalculate route, because correlation  : 214.74408039865548
07-01 15:29:02.183  8767  8767 I net.osmand: RoutingHelper Recalculate route, because correlation  : 214.74408039865548
07-01 15:29:02.184  8767  8767 I net.osmand: RoutingHelper Recalculate route, because wrong movement direction: 246.21614
07-01 15:29:02.508  8767  8777 I zygote  : Background concurrent copying GC freed 347095(7MB) AllocSpace objects, 0(0B) LOS objects, 13% free, 40MB/46MB, paused 1.316ms total 1.022s
07-01 15:29:02.917  8767  8767 I net.osmand: RoutingHelper Recalculate route, because correlation  : 214.74408039865548
07-01 15:29:02.917  8767  8767 I net.osmand: RoutingHelper Recalculate route, because wrong movement direction: 246.21614
07-01 15:29:02.951  8767  8767 I net.osmand: RoutingHelper Recalculate route, because correlation  : 214.74408039865548
07-01 15:29:03.040  8767  8767 I net.osmand: RoutingHelper Recalculate route, because correlation  : 214.74408039865548
07-01 15:29:03.041  8767  8767 I net.osmand: RoutingHelper Recalculate route, because wrong movement direction: 246.21614
07-01 15:29:03.118  8767  8767 I net.osmand: RoutingHelper Recalculate route, because correlation  : 214.74408039865548
07-01 15:29:03.597  8767  8777 I zygote  : Background concurrent copying GC freed 650399(14MB) AllocSpace objects, 0(0B) LOS objects, 15% free, 33MB/39MB, paused 1.802ms total 562.253ms
07-01 15:29:03.633  8767  8767 I net.osmand: RoutingHelper Recalculate route, because correlation  : 214.74408039865548
07-01 15:29:03.633  8767  8767 I net.osmand: RoutingHelper Recalculate route, because wrong movement direction: 246.21614
07-01 15:29:03.644  8767  8767 I net.osmand: RoutingHelper Recalculate route, because correlation  : 214.74408039865548
07-01 15:29:03.875  8767  8767 I chatty  : uid=10104(net.osmand) identical 1 line
07-01 15:29:04.009  8767  8767 I net.osmand: RoutingHelper Recalculate route, because correlation  : 214.74408039865548
07-01 15:29:04.009  8767  8767 I net.osmand: RoutingHelper Recalculate route, because wrong movement direction: 246.21614
07-01 15:29:04.383  8767  8767 I net.osmand: RoutingHelper Recalculate route, because correlation  : 214.74408039865548
07-01 15:29:04.383  8767  8767 I net.osmand: RoutingHelper Recalculate route, because wrong movement direction: 246.21614
07-01 15:29:04.408  1970  1970 I GeofencerStateMachine: sendNewTransitions called.
07-01 15:29:04.504  8767  8767 I net.osmand: RoutingHelper Recalculate route, because correlation  : 214.74408039865548
07-01 15:29:04.898  8767  8777 I zygote  : Background concurrent copying GC freed 371089(8MB) AllocSpace objects, 0(0B) LOS objects, 13% free, 37MB/43MB, paused 1.300ms total 889.836ms
07-01 15:29:04.906  8767  8767 I net.osmand: RoutingHelper Recalculate route, because correlation  : 214.74408039865548
07-01 15:29:04.907  8767  8767 I net.osmand: RoutingHelper Recalculate route, because wrong movement direction: 246.21614
07-01 15:29:04.964  8767  8767 I net.osmand: RoutingHelper Recalculate route, because correlation  : 214.74408039865548
07-01 15:29:05.130  8767  8767 I chatty  : uid=10104(net.osmand) identical 1 line
07-01 15:29:05.192  8767  8767 I net.osmand: RoutingHelper Recalculate route, because correlation  : 214.74408039865548
07-01 15:29:05.192  8767  8767 I net.osmand: RoutingHelper Recalculate route, because wrong movement direction: 246.21614
07-01 15:29:05.827  8767  8767 I net.osmand: RoutingHelper Recalculate route, because correlation  : 214.74408039865548
07-01 15:29:05.827  8767  8767 I net.osmand: RoutingHelper Recalculate route, because wrong movement direction: 246.21614
07-01 15:29:05.833  8767  8767 I net.osmand: RoutingHelper Recalculate route, because correlation  : 214.74408039865548
07-01 15:29:05.976  8767  8767 I net.osmand: RoutingHelper Recalculate route, because correlation  : 214.74408039865548
07-01 15:29:05.976  8767  8767 I net.osmand: RoutingHelper Recalculate route, because wrong movement direction: 246.21614
07-01 15:29:05.981  8767  8767 I net.osmand: RoutingHelper Recalculate route, because correlation  : 214.74408039865548
07-01 15:29:05.980  8767  8777 I zygote  : Background concurrent copying GC freed 542975(11MB) AllocSpace objects, 0(0B) LOS objects, 14% free, 35MB/41MB, paused 6.866ms total 744.841ms
07-01 15:29:06.430  8767  8767 I net.osmand: RoutingHelper Recalculate route, because correlation  : 214.74408039865548
07-01 15:29:06.431  8767  8767 I net.osmand: RoutingHelper Recalculate route, because wrong movement direction: 246.21614
07-01 15:29:06.492  8767  8767 I net.osmand: RoutingHelper Recalculate route, because correlation  : 214.74408039865548
07-01 15:29:06.875  8767  8767 I net.osmand: RoutingHelper Recalculate route, because correlation  : 214.74408039865548
07-01 15:29:06.875  8767  8767 I net.osmand: RoutingHelper Recalculate route, because wrong movement direction: 246.21614
07-01 15:29:06.965  8767  8767 I net.osmand: RoutingHelper Recalculate route, because correlation  : 214.74408039865548
07-01 15:29:07.370  8767  8767 I net.osmand: RoutingHelper Recalculate route, because correlation  : 214.74408039865548
07-01 15:29:07.371  8767  8767 I net.osmand: RoutingHelper Recalculate route, because wrong movement direction: 246.21614
07-01 15:29:07.529  8767  8777 I zygote  : Background concurrent copying GC freed 472727(10MB) AllocSpace objects, 0(0B) LOS objects, 13% free, 37MB/43MB, paused 5.428ms total 837.148ms
07-01 15:29:07.542  8767  8767 I net.osmand: RoutingHelper Recalculate route, because correlation  : 214.74408039865548
07-01 15:29:07.873  8767  8767 I net.osmand: RoutingHelper Recalculate route, because correlation  : 214.74408039865548
07-01 15:29:07.873  8767  8767 I net.osmand: RoutingHelper Recalculate route, because wrong movement direction: 246.21614
07-01 15:29:08.024  8767  8767 I net.osmand: RoutingHelper Recalculate route, because correlation  : 214.74408039865548
07-01 15:29:08.026  8767  8767 I net.osmand: RoutingHelper Recalculate route, because correlation  : 214.74408039865548
07-01 15:29:08.027  8767  8767 I net.osmand: RoutingHelper Recalculate route, because wrong movement direction: 246.21614
07-01 15:29:08.034  8767  8767 I net.osmand: RoutingHelper Recalculate route, because correlation  : 214.74408039865548
07-01 15:29:08.054  1604  1621 I WifiService: requestActivityInfo uid=1000
07-01 15:29:08.054  1604  1621 I WifiService: reportActivityInfo uid=1000
07-01 15:29:08.055  1604  1621 I WifiService: getSupportedFeatures uid=1000
07-01 15:29:08.638  8767  8777 I zygote  : Background concurrent copying GC freed 522204(11MB) AllocSpace objects, 0(0B) LOS objects, 14% free, 36MB/42MB, paused 1.043ms total 697.727ms
07-01 15:29:08.790  8767  8767 I net.osmand: RoutingHelper Recalculate route, because correlation  : 214.74408039865548
07-01 15:29:08.790  8767  8767 I net.osmand: RoutingHelper Recalculate route, because wrong movement direction: 246.21614
07-01 15:29:08.911  8767  8767 I net.osmand: RoutingHelper Recalculate route, because correlation  : 214.74408039865548
07-01 15:29:08.911  8767  8767 I net.osmand: RoutingHelper Recalculate route, because wrong movement direction: 246.21614
07-01 15:29:09.004  8767  8767 I net.osmand: RoutingHelper Recalculate route, because correlation  : 214.74408039865548
07-01 15:29:09.015  8767  8767 I net.osmand: RoutingHelper Recalculate route, because correlation  : 214.74408039865548
07-01 15:29:09.021  1604  1751 I WifiService: acquireWifiLock uid=10014 lockMode=2
07-01 15:29:09.153  1604  1617 E memtrack: Couldn't load memtrack module
07-01 15:29:09.153  1604  1617 W android.os.Debug: failed to get memory consumption info: -1
07-01 15:29:09.375  1604  1854 I WifiService: releaseWifiLock uid=10014
07-01 15:29:09.972  1604  1613 I zygote  : Background concurrent copying GC freed 56265(2MB) AllocSpace objects, 4(208KB) LOS objects, 18% free, 26MB/32MB, paused 9.354ms total 723.423ms
07-01 15:29:10.131  8767  8777 I zygote  : Background concurrent copying GC freed 475203(10MB) AllocSpace objects, 0(0B) LOS objects, 15% free, 33MB/39MB, paused 2.241ms total 869.178ms
07-01 15:29:10.137  1604  1617 E memtrack: Couldn't load memtrack module
07-01 15:29:10.137  1604  1617 W android.os.Debug: failed to get memory consumption info: -1
07-01 15:29:10.204  8767  8767 I net.osmand: RoutingHelper Recalculate route, because correlation  : 214.74408039865548
07-01 15:29:10.204  8767  8767 I net.osmand: RoutingHelper Recalculate route, because wrong movement direction: 246.21614
07-01 15:29:10.209  8767  8767 I net.osmand: RoutingHelper Recalculate route, because correlation  : 214.74408039865548
07-01 15:29:10.356  8767  8767 I net.osmand: RoutingHelper Recalculate route, because correlation  : 214.74408039865548
07-01 15:29:10.357  8767  8767 I net.osmand: RoutingHelper Recalculate route, because wrong movement direction: 246.21614
07-01 15:29:10.494  8767  8767 I net.osmand: RoutingHelper Recalculate route, because correlation  : 214.74408039865548
07-01 15:29:10.967  8767  8767 I net.osmand: RoutingHelper Recalculate route, because correlation  : 214.74408039865548
07-01 15:29:10.968  8767  8767 I net.osmand: RoutingHelper Recalculate route, because wrong movement direction: 246.21614
07-01 15:29:11.173  8767  8767 I net.osmand: RoutingHelper Recalculate route, because correlation  : 214.74408039865548
07-01 15:29:11.174  8767  8767 I net.osmand: RoutingHelper Recalculate route, because wrong movement direction: 246.21614
07-01 15:29:11.233  8767  8767 I net.osmand: RoutingHelper Recalculate route, because correlation  : 214.74408039865548
07-01 15:29:11.637  8767  8777 I zygote  : Background concurrent copying GC freed 358728(7MB) AllocSpace objects, 0(0B) LOS objects, 13% free, 37MB/43MB, paused 1.698ms total 938.115ms
07-01 15:29:11.769  8767  8767 I net.osmand: RoutingHelper Recalculate route, because correlation  : 214.74408039865548
07-01 15:29:11.769  8767  8767 I net.osmand: RoutingHelper Recalculate route, because wrong movement direction: 246.21614
07-01 15:29:11.892  8767  8767 I net.osmand: RoutingHelper Recalculate route, because correlation  : 214.74408039865548
07-01 15:29:11.892  8767  8767 I net.osmand: RoutingHelper Recalculate route, because wrong movement direction: 246.21614
07-01 15:29:11.899  8767  8767 I net.osmand: RoutingHelper Recalculate route, because correlation  : 214.74408039865548
07-01 15:29:11.901  8767  8767 I chatty  : uid=10104(net.osmand) identical 1 line
07-01 15:29:12.486  8767  8767 I net.osmand: RoutingHelper Recalculate route, because correlation  : 214.74408039865548
07-01 15:29:12.486  8767  8767 I net.osmand: RoutingHelper Recalculate route, because wrong movement direction: 246.21614
07-01 15:29:12.599  8767  8767 I net.osmand: RoutingHelper Recalculate route, because correlation  : 214.74408039865548
07-01 15:29:12.641  8767  8777 I zygote  : Background concurrent copying GC freed 549932(12MB) AllocSpace objects, 0(0B) LOS objects, 15% free, 33MB/39MB, paused 4.044ms total 563.223ms
07-01 15:29:12.875  8767  8767 I net.osmand: RoutingHelper Recalculate route, because correlation  : 214.74408039865548
07-01 15:29:12.876  8767  8767 I net.osmand: RoutingHelper Recalculate route, because wrong movement direction: 246.21614
07-01 15:29:12.891  8767  8767 I net.osmand: RoutingHelper Recalculate route, because correlation  : 214.74408039865548
07-01 15:29:13.265  8767  8767 I net.osmand: RoutingHelper Recalculate route, because correlation  : 214.74408039865548
07-01 15:29:13.265  8767  8767 I net.osmand: RoutingHelper Recalculate route, because wrong movement direction: 246.21614
07-01 15:29:13.388  8767  8767 I net.osmand: RoutingHelper Recalculate route, because correlation  : 214.74408039865548
07-01 15:29:13.785  8767  8777 I zygote  : Background concurrent copying GC freed 351951(7MB) AllocSpace objects, 0(0B) LOS objects, 14% free, 36MB/42MB, paused 2.125ms total 692.882ms
07-01 15:29:13.858  8767  8767 I net.osmand: RoutingHelper Recalculate route, because correlation  : 214.74408039865548
07-01 15:29:13.865  8767  8767 I net.osmand: RoutingHelper Recalculate route, because correlation  : 214.74408039865548
07-01 15:29:13.865  8767  8767 I net.osmand: RoutingHelper Recalculate route, because wrong movement direction: 246.21614
07-01 15:29:13.940  8767  8767 I net.osmand: RoutingHelper Recalculate route, because correlation  : 214.74408039865548
07-01 15:29:13.940  8767  8767 I net.osmand: RoutingHelper Recalculate route, because wrong movement direction: 246.21614
07-01 15:29:13.955  8767  8767 I net.osmand: RoutingHelper Recalculate route, because correlation  : 214.74408039865548
07-01 15:29:14.540  8767  8767 I net.osmand: RoutingHelper Recalculate route, because correlation  : 214.74408039865548
07-01 15:29:14.540  8767  8767 I net.osmand: RoutingHelper Recalculate route, because wrong movement direction: 246.21614
07-01 15:29:14.679  8767  8767 I net.osmand: RoutingHelper Recalculate route, because correlation  : 214.74408039865548
07-01 15:29:14.879  8767  8767 I chatty  : uid=10104(net.osmand) identical 1 line
07-01 15:29:14.890  8767  8767 I net.osmand: RoutingHelper Recalculate route, because correlation  : 214.74408039865548
07-01 15:29:14.890  8767  8767 I net.osmand: RoutingHelper Recalculate route, because wrong movement direction: 246.21614
07-01 15:29:15.385  8767  8767 I net.osmand: RoutingHelper Recalculate route, because correlation  : 214.74408039865548
07-01 15:29:15.414  8767  8777 I zygote  : Background concurrent copying GC freed 478020(10MB) AllocSpace objects, 0(0B) LOS objects, 13% free, 38MB/44MB, paused 6.336ms total 815.968ms
07-01 15:29:15.434  8767  8767 I net.osmand: RoutingHelper Recalculate route, because correlation  : 214.74408039865548
07-01 15:29:15.434  8767  8767 I net.osmand: RoutingHelper Recalculate route, because wrong movement direction: 246.21614
07-01 15:29:15.845  8767  8767 I net.osmand: RoutingHelper Recalculate route, because correlation  : 214.74408039865548
07-01 15:29:15.943  8767  8767 I net.osmand: RoutingHelper Recalculate route, because correlation  : 214.74408039865548
07-01 15:29:15.943  8767  8767 I net.osmand: RoutingHelper Recalculate route, because wrong movement direction: 246.21614
07-01 15:29:16.054  8767  8767 I net.osmand: RoutingHelper Recalculate route, because correlation  : 214.74408039865548
07-01 15:29:16.054  8767  8767 I net.osmand: RoutingHelper Recalculate route, because wrong movement direction: 246.21614
07-01 15:29:16.099  8767  8767 I net.osmand: RoutingHelper Recalculate route, because correlation  : 214.74408039865548
07-01 15:29:16.614  8767  8777 I zygote  : Background concurrent copying GC freed 571578(12MB) AllocSpace objects, 0(0B) LOS objects, 13% free, 37MB/43MB, paused 913us total 652.959ms
07-01 15:29:16.796  8767  8767 I net.osmand: RoutingHelper Recalculate route, because correlation  : 214.74408039865548
07-01 15:29:16.797  8767  8767 I net.osmand: RoutingHelper Recalculate route, because wrong movement direction: 246.21614
07-01 15:29:16.849  8767  8767 I net.osmand: RoutingHelper Recalculate route, because correlation  : 214.74408039865548
07-01 15:29:16.856  8767  8767 I net.osmand: RoutingHelper Recalculate route, because correlation  : 214.74408039865548
07-01 15:29:16.856  8767  8767 I net.osmand: RoutingHelper Recalculate route, because wrong movement direction: 246.21614
07-01 15:29:16.917  8767  8767 I net.osmand: RoutingHelper Recalculate route, because correlation  : 214.74408039865548
07-01 15:29:17.410  8767  8767 I chatty  : uid=10104(net.osmand) identical 1 line
07-01 15:29:17.447  8767  8767 I net.osmand: RoutingHelper Recalculate route, because correlation  : 214.74408039865548
07-01 15:29:17.447  8767  8767 I net.osmand: RoutingHelper Recalculate route, because wrong movement direction: 246.21614
07-01 15:29:17.871  8767  8767 I net.osmand: RoutingHelper Recalculate route, because correlation  : 214.74408039865548
07-01 15:29:17.871  8767  8767 I net.osmand: RoutingHelper Recalculate route, because wrong movement direction: 246.21614
07-01 15:29:18.010  8767  8767 I net.osmand: RoutingHelper Recalculate route, because correlation  : 214.74408039865548
07-01 15:29:18.273  8767  8777 I zygote  : Background concurrent copying GC freed 526180(11MB) AllocSpace objects, 0(0B) LOS objects, 13% free, 37MB/43MB, paused 6.132ms total 775.121ms
07-01 15:29:18.277  8767  8767 I net.osmand: RoutingHelper Recalculate route, because correlation  : 214.74408039865548
07-01 15:29:18.277  8767  8767 I net.osmand: RoutingHelper Recalculate route, because wrong movement direction: 246.21614
07-01 15:29:18.340  8767  8767 I net.osmand: RoutingHelper Recalculate route, because correlation  : 214.74408039865548
07-01 15:29:18.829  8767  8767 I net.osmand: RoutingHelper Recalculate route, because correlation  : 214.74408039865548
07-01 15:29:18.829  8767  8767 I net.osmand: RoutingHelper Recalculate route, because wrong movement direction: 246.21614
07-01 15:29:18.840  8767  8767 I net.osmand: RoutingHelper Recalculate route, because correlation  : 214.74408039865548
07-01 15:29:18.956  8767  8767 I net.osmand: RoutingHelper Recalculate route, because correlation  : 214.74408039865548
07-01 15:29:18.956  8767  8767 I net.osmand: RoutingHelper Recalculate route, because wrong movement direction: 246.21614
07-01 15:29:18.960  8767  8767 I net.osmand: RoutingHelper Recalculate route, because correlation  : 214.74408039865548
07-01 15:29:19.510  8767  8777 I zygote  : Background concurrent copying GC freed 541835(11MB) AllocSpace objects, 0(0B) LOS objects, 14% free, 35MB/41MB, paused 1.469ms total 633.987ms
07-01 15:29:19.645  8767  8767 I net.osmand: RoutingHelper Recalculate route, because correlation  : 214.74408039865548
07-01 15:29:19.645  8767  8767 I net.osmand: RoutingHelper Recalculate route, because wrong movement direction: 246.21614
07-01 15:29:19.780  8767  8767 I net.osmand: RoutingHelper Recalculate route, because correlation  : 214.74408039865548
07-01 15:29:19.954  8767  8767 I net.osmand: RoutingHelper Recalculate route, because correlation  : 214.74408039865548
07-01 15:29:19.954  8767  8767 I net.osmand: RoutingHelper Recalculate route, because wrong movement direction: 246.21614
07-01 15:29:20.003  8767  8767 I net.osmand: RoutingHelper Recalculate route, because correlation  : 214.74408039865548
07-01 15:29:20.335  8767  8767 I net.osmand: RoutingHelper Recalculate route, because correlation  : 214.74408039865548
07-01 15:29:20.335  8767  8767 I net.osmand: RoutingHelper Recalculate route, because wrong movement direction: 246.21614
07-01 15:29:20.425  8767  8767 I net.osmand: RoutingHelper Recalculate route, because correlation  : 214.74408039865548
07-01 15:29:20.861  8767  8767 I net.osmand: RoutingHelper Recalculate route, because correlation  : 214.74408039865548
07-01 15:29:20.862  8767  8767 I net.osmand: RoutingHelper Recalculate route, because wrong movement direction: 246.21614
07-01 15:29:20.986  8767  8767 I net.osmand: RoutingHelper Recalculate route, because correlation  : 214.74408039865548
07-01 15:29:21.173  8767  8767 I net.osmand: RoutingHelper Recalculate route, because correlation  : 214.74408039865548
07-01 15:29:21.173  8767  8767 I net.osmand: RoutingHelper Recalculate route, because wrong movement direction: 246.21614
07-01 15:29:21.218  8767  8767 I net.osmand: RoutingHelper Recalculate route, because correlation  : 214.74408039865548
07-01 15:29:21.241  8767  8777 I zygote  : Background concurrent copying GC freed 457793(10MB) AllocSpace objects, 0(0B) LOS objects, 12% free, 41MB/47MB, paused 1.236ms total 1.152s
07-01 15:29:21.741  8767  8767 I net.osmand: RoutingHelper Recalculate route, because correlation  : 214.74408039865548
07-01 15:29:21.747  8767  8767 I net.osmand: RoutingHelper Recalculate route, because correlation  : 214.74408039865548
07-01 15:29:21.747  8767  8767 I net.osmand: RoutingHelper Recalculate route, because wrong movement direction: 246.21614
07-01 15:29:21.914  8767  8767 I net.osmand: RoutingHelper Recalculate route, because correlation  : 214.74408039865548
07-01 15:29:21.915  8767  8767 I net.osmand: RoutingHelper Recalculate route, because wrong movement direction: 246.21614
07-01 15:29:21.926  8767  8767 I net.osmand: RoutingHelper Recalculate route, because correlation  : 214.74408039865548
07-01 15:29:22.390  8767  8777 I zygote  : Background concurrent copying GC freed 725033(15MB) AllocSpace objects, 0(0B) LOS objects, 14% free, 34MB/40MB, paused 1.480ms total 557.827ms
07-01 15:29:22.523  8767  8767 I net.osmand: RoutingHelper Recalculate route, because correlation  : 214.74408039865548
07-01 15:29:22.524  8767  8767 I net.osmand: RoutingHelper Recalculate route, because wrong movement direction: 246.21614
07-01 15:29:22.580  1604  1621 I WifiService: requestActivityInfo uid=1000
07-01 15:29:22.580  1604  1621 I WifiService: reportActivityInfo uid=1000
07-01 15:29:22.580  1604  1621 I WifiService: getSupportedFeatures uid=1000
07-01 15:29:22.584  8767  8767 I net.osmand: RoutingHelper Recalculate route, because correlation  : 214.74408039865548
07-01 15:29:22.647  1604  3158 I WifiService: getConnectionInfo uid=10014
07-01 15:29:22.901  8767  8767 I net.osmand: RoutingHelper Recalculate route, because correlation  : 214.74408039865548
07-01 15:29:22.901  8767  8767 I net.osmand: RoutingHelper Recalculate route, because wrong movement direction: 246.21614
07-01 15:29:22.925  8767  8767 I net.osmand: RoutingHelper Recalculate route, because correlation  : 214.74408039865548
07-01 15:29:23.241  8767  8767 I net.osmand: RoutingHelper Recalculate route, because correlation  : 214.74408039865548
07-01 15:29:23.242  8767  8767 I net.osmand: RoutingHelper Recalculate route, because wrong movement direction: 246.21614
07-01 15:29:23.335  8767  8767 I net.osmand: RoutingHelper Recalculate route, because correlation  : 214.74408039865548
07-01 15:29:23.858  8767  8777 I zygote  : Background concurrent copying GC freed 376746(8MB) AllocSpace objects, 0(0B) LOS objects, 13% free, 37MB/43MB, paused 2.611ms total 827.376ms
07-01 15:29:23.860  8767  8767 I net.osmand: RoutingHelper Recalculate route, because correlation  : 214.74408039865548
07-01 15:29:23.860  8767  8767 I net.osmand: RoutingHelper Recalculate route, because wrong movement direction: 246.21614
07-01 15:29:24.050  8767  8767 I net.osmand: RoutingHelper Recalculate route, because correlation  : 214.74408039865548
07-01 15:29:24.174  8767  8767 I net.osmand: RoutingHelper Recalculate route, because correlation  : 214.74408039865548
07-01 15:29:24.175  8767  8767 I net.osmand: RoutingHelper Recalculate route, because wrong movement direction: 246.21614
07-01 15:29:24.188  8767  8767 I net.osmand: RoutingHelper Recalculate route, because correlation  : 214.74408039865548
07-01 15:29:24.805  8767  8767 I net.osmand: RoutingHelper Recalculate route, because correlation  : 214.74408039865548
07-01 15:29:24.806  8767  8767 I net.osmand: RoutingHelper Recalculate route, because wrong movement direction: 246.21614
07-01 15:29:25.004  8767  8767 I net.osmand: RoutingHelper Recalculate route, because correlation  : 214.74408039865548
07-01 15:29:25.004  8767  8767 I net.osmand: RoutingHelper Recalculate route, because wrong movement direction: 246.21614
07-01 15:29:25.048  8767  8767 I net.osmand: RoutingHelper Recalculate route, because correlation  : 214.74408039865548
07-01 15:29:25.207  8767  8777 I zygote  : Background concurrent copying GC freed 546011(12MB) AllocSpace objects, 0(0B) LOS objects, 13% free, 37MB/43MB, paused 1.610ms total 931.846ms
07-01 15:29:25.561  8767  8767 I net.osmand: RoutingHelper Recalculate route, because correlation  : 214.74408039865548
07-01 15:29:25.561  8767  8767 I net.osmand: RoutingHelper Recalculate route, because wrong movement direction: 246.21614
07-01 15:29:25.583  8767  8767 I net.osmand: RoutingHelper Recalculate route, because correlation  : 214.74408039865548
07-01 15:29:25.930  8767  8767 I net.osmand: RoutingHelper Recalculate route, because correlation  : 214.74408039865548
07-01 15:29:25.931  8767  8767 I net.osmand: RoutingHelper Recalculate route, because wrong movement direction: 246.21614
07-01 15:29:26.076  8767  8767 I net.osmand: RoutingHelper Recalculate route, because correlation  : 214.74408039865548
07-01 15:29:26.190  8767  8767 I net.osmand: RoutingHelper Recalculate route, because correlation  : 214.74408039865548
07-01 15:29:26.191  8767  8767 I net.osmand: RoutingHelper Recalculate route, because wrong movement direction: 246.21614
07-01 15:29:26.282  8767  8767 I net.osmand: RoutingHelper Recalculate route, because correlation  : 214.74408039865548
07-01 15:29:26.627  8767  8777 I zygote  : Background concurrent copying GC freed 557881(12MB) AllocSpace objects, 0(0B) LOS objects, 14% free, 35MB/41MB, paused 942us total 788.974ms
07-01 15:29:26.860  8767  8767 I net.osmand: RoutingHelper Recalculate route, because correlation  : 214.74408039865548
07-01 15:29:26.860  8767  8767 I net.osmand: RoutingHelper Recalculate route, because wrong movement direction: 246.21614
07-01 15:29:26.904  8767  8767 I net.osmand: RoutingHelper Recalculate route, because correlation  : 214.74408039865548
07-01 15:29:27.077  8767  8767 I net.osmand: RoutingHelper Recalculate route, because correlation  : 214.74408039865548
07-01 15:29:27.077  8767  8767 I net.osmand: RoutingHelper Recalculate route, because wrong movement direction: 246.21614
07-01 15:29:27.116  8767  8767 I net.osmand: RoutingHelper Recalculate route, because correlation  : 214.74408039865548
07-01 15:29:27.713  8767  8767 I net.osmand: RoutingHelper Recalculate route, because correlation  : 214.74408039865548
07-01 15:29:27.713  8767  8767 I net.osmand: RoutingHelper Recalculate route, because wrong movement direction: 246.21614
07-01 15:29:27.726  8767  8767 I net.osmand: RoutingHelper Recalculate route, because correlation  : 214.74408039865548
07-01 15:29:27.731  8767  8777 I zygote  : Background concurrent copying GC freed 461362(10MB) AllocSpace objects, 0(0B) LOS objects, 15% free, 31MB/37MB, paused 10.607ms total 433.868ms
07-01 15:29:27.926  8767  8767 I net.osmand: RoutingHelper Recalculate route, because correlation  : 214.74408039865548
07-01 15:29:27.928  8767  8767 I net.osmand: RoutingHelper Recalculate route, because correlation  : 214.74408039865548
07-01 15:29:27.928  8767  8767 I net.osmand: RoutingHelper Recalculate route, because wrong movement direction: 246.21614
07-01 15:29:28.444  8767  8767 I net.osmand: RoutingHelper Recalculate route, because correlation  : 214.74408039865548
07-01 15:29:28.547  8767  8767 I net.osmand: RoutingHelper Recalculate route, because correlation  : 214.74408039865548
07-01 15:29:28.548  8767  8767 I net.osmand: RoutingHelper Recalculate route, because wrong movement direction: 246.21614
07-01 15:29:28.830  8767  8777 I zygote  : Background concurrent copying GC freed 283528(6MB) AllocSpace objects, 0(0B) LOS objects, 13% free, 37MB/43MB, paused 1.182ms total 786.980ms
07-01 15:29:28.872  8767  8767 I net.osmand: RoutingHelper Recalculate route, because correlation  : 214.74408039865548
07-01 15:29:28.872  8767  8767 I net.osmand: RoutingHelper Recalculate route, because wrong movement direction: 246.21614
07-01 15:29:28.888  8767  8767 I net.osmand: RoutingHelper Recalculate route, because correlation  : 214.74408039865548
07-01 15:29:29.123  1604  1615 I WifiService: acquireWifiLock uid=10014 lockMode=2
07-01 15:29:29.184  1604  1615 I ActivityManager: Killing 12640:com.android.chrome/u0a49 (adj 904): empty for 1805s
07-01 15:29:29.185  1604  1620 W zygote  : kill(-12640, 9) failed: No such process
07-01 15:29:29.229  1604  1620 I chatty  : uid=1000(system) ActivityManager identical 1 line
07-01 15:29:29.272  1604  1620 W zygote  : kill(-12640, 9) failed: No such process
07-01 15:29:29.272  1604  1620 I zygote  : Successfully killed process cgroup uid 10049 pid 12640 in 87ms
07-01 15:29:29.278  8767  8767 I net.osmand: RoutingHelper Recalculate route, because correlation  : 214.74408039865548
07-01 15:29:29.279  8767  8767 I net.osmand: RoutingHelper Recalculate route, because wrong movement direction: 246.21614
07-01 15:29:29.282  8767  8767 I net.osmand: RoutingHelper Recalculate route, because correlation  : 214.74408039865548
07-01 15:29:29.873  8767  8767 I chatty  : uid=10104(net.osmand) identical 1 line
07-01 15:29:29.901  8767  8767 I net.osmand: RoutingHelper Recalculate route, because correlation  : 214.74408039865548
07-01 15:29:29.901  8767  8767 I net.osmand: RoutingHelper Recalculate route, because wrong movement direction: 246.21614
07-01 15:29:30.044  8767  8767 I net.osmand: RoutingHelper Recalculate route, because correlation  : 214.74408039865548
07-01 15:29:30.117  8767  8767 I net.osmand: RoutingHelper Recalculate route, because correlation  : 214.74408039865548
07-01 15:29:30.118  8767  8767 I net.osmand: RoutingHelper Recalculate route, because wrong movement direction: 246.21614
07-01 15:29:30.280  8767  8777 I zygote  : Background concurrent copying GC freed 527481(11MB) AllocSpace objects, 0(0B) LOS objects, 13% free, 37MB/43MB, paused 2.416ms total 932.338ms
07-01 15:29:30.671  8767  8767 I net.osmand: RoutingHelper Recalculate route, because correlation  : 214.74408039865548
07-01 15:29:30.671  8767  8767 I net.osmand: RoutingHelper Recalculate route, because wrong movement direction: 246.21614
07-01 15:29:30.677  8767  8767 I net.osmand: RoutingHelper Recalculate route, because correlation  : 214.74408039865548
07-01 15:29:30.878  8767  8767 D net.osmand: DayNightHelper Sunrise/sunset setting to day: true
07-01 15:29:30.887  8767  8767 I net.osmand: RoutingHelper Recalculate route, because correlation  : 214.74408039865548
07-01 15:29:30.887  8767  8767 I net.osmand: RoutingHelper Recalculate route, because wrong movement direction: 246.21614
07-01 15:29:30.981  8767  8767 I net.osmand: RoutingHelper Recalculate route, because correlation  : 214.74408039865548
07-01 15:29:31.334  8767  8767 I chatty  : uid=10104(net.osmand) identical 1 line
07-01 15:29:31.409  8767  8767 I net.osmand: RoutingHelper Recalculate route, because correlation  : 214.74408039865548
07-01 15:29:31.409  8767  8767 I net.osmand: RoutingHelper Recalculate route, because wrong movement direction: 246.21614
07-01 15:29:31.866  8767  8767 I net.osmand: RoutingHelper Recalculate route, because correlation  : 214.74408039865548
07-01 15:29:31.866  8767  8777 I zygote  : Background concurrent copying GC freed 563687(12MB) AllocSpace objects, 0(0B) LOS objects, 13% free, 39MB/45MB, paused 1.055ms total 1.075s
07-01 15:29:31.866  8767  8767 I net.osmand: RoutingHelper Recalculate route, because wrong movement direction: 246.21614
07-01 15:29:31.881  8767  8767 I net.osmand: RoutingHelper Recalculate route, because correlation  : 214.74408039865548
07-01 15:29:32.076  8767  8767 I net.osmand: RoutingHelper Recalculate route, because correlation  : 214.74408039865548
07-01 15:29:32.076  8767  8767 I net.osmand: RoutingHelper Recalculate route, because wrong movement direction: 246.21614
07-01 15:29:32.181  1604  1854 D WificondControl: Scan result ready event
07-01 15:29:32.258  8767  8767 I net.osmand: RoutingHelper Recalculate route, because correlation  : 214.74408039865548
07-01 15:29:32.379  1604  1854 I WifiService: releaseWifiLock uid=10014
07-01 15:29:32.823  8767  8767 I net.osmand: RoutingHelper Recalculate route, because correlation  : 214.74408039865548
07-01 15:29:32.823  8767  8767 I net.osmand: RoutingHelper Recalculate route, because wrong movement direction: 246.21614
07-01 15:29:32.953  8767  8767 I net.osmand: RoutingHelper Recalculate route, because correlation  : 214.74408039865548
07-01 15:29:32.953  8767  8767 I net.osmand: RoutingHelper Recalculate route, because wrong movement direction: 246.21614
07-01 15:29:33.066  8767  8767 I net.osmand: RoutingHelper Recalculate route, because correlation  : 214.74408039865548
07-01 15:29:33.085  8767  8777 I zygote  : Background concurrent copying GC freed 624745(13MB) AllocSpace objects, 0(0B) LOS objects, 13% free, 37MB/43MB, paused 923us total 838.720ms
07-01 15:29:33.270  8767  8767 I net.osmand: RoutingHelper Recalculate route, because correlation  : 214.74408039865548
07-01 15:29:33.623  8767  8767 I net.osmand: RoutingHelper Recalculate route, because correlation  : 214.74408039865548
07-01 15:29:33.624  8767  8767 I net.osmand: RoutingHelper Recalculate route, because wrong movement direction: 246.21614
07-01 15:29:33.663  8767  8767 I net.osmand: RoutingHelper Recalculate route, because correlation  : 214.74408039865548
07-01 15:29:33.950  8767  8767 I net.osmand: RoutingHelper Recalculate route, because correlation  : 214.74408039865548
07-01 15:29:33.950  8767  8767 I net.osmand: RoutingHelper Recalculate route, because wrong movement direction: 246.21614
07-01 15:29:33.957  8767  8767 I net.osmand: RoutingHelper Recalculate route, because correlation  : 214.74408039865548
07-01 15:29:34.293  8767  8767 I net.osmand: RoutingHelper Recalculate route, because correlation  : 214.74408039865548
07-01 15:29:34.293  8767  8767 I net.osmand: RoutingHelper Recalculate route, because wrong movement direction: 246.21614
07-01 15:29:34.359  8767  8767 I net.osmand: RoutingHelper Recalculate route, because correlation  : 214.74408039865548
07-01 15:29:34.573  8767  8777 I zygote  : Background concurrent copying GC freed 544895(11MB) AllocSpace objects, 0(0B) LOS objects, 12% free, 40MB/46MB, paused 4.019ms total 1.103s
07-01 15:29:34.863  8767  8767 I net.osmand: RoutingHelper Recalculate route, because correlation  : 214.74408039865548
07-01 15:29:34.863  8767  8767 I net.osmand: RoutingHelper Recalculate route, because wrong movement direction: 246.21614
07-01 15:29:34.995  8767  8767 I net.osmand: RoutingHelper Recalculate route, because correlation  : 214.74408039865548
07-01 15:29:35.184  8767  8767 I net.osmand: RoutingHelper Recalculate route, because correlation  : 214.74408039865548
07-01 15:29:35.184  8767  8767 I net.osmand: RoutingHelper Recalculate route, because wrong movement direction: 246.21614
07-01 15:29:35.378  8767  8767 I net.osmand: RoutingHelper Recalculate route, because correlation  : 214.74408039865548
07-01 15:29:35.794  8767  8767 I chatty  : uid=10104(net.osmand) identical 1 line
07-01 15:29:35.797  8767  8767 I net.osmand: RoutingHelper Recalculate route, because correlation  : 214.74408039865548
07-01 15:29:35.797  8767  8767 I net.osmand: RoutingHelper Recalculate route, because wrong movement direction: 246.21614
07-01 15:29:35.908  1970  1970 I GeofencerStateMachine: sendNewTransitions called.
07-01 15:29:35.944  8767  8767 I net.osmand: RoutingHelper Recalculate route, because correlation  : 214.74408039865548
07-01 15:29:35.944  8767  8767 I net.osmand: RoutingHelper Recalculate route, because wrong movement direction: 246.21614
07-01 15:29:35.997  8767  8767 I net.osmand: RoutingHelper Recalculate route, because correlation  : 214.74408039865548
07-01 15:29:36.523  8767  8767 I net.osmand: RoutingHelper Recalculate route, because correlation  : 214.74408039865548
07-01 15:29:36.524  8767  8767 I net.osmand: RoutingHelper Recalculate route, because wrong movement direction: 246.21614
07-01 15:29:36.564  8767  8777 I zygote  : Background concurrent copying GC freed 679223(14MB) AllocSpace objects, 0(0B) LOS objects, 12% free, 42MB/48MB, paused 1.104ms total 1.257s
07-01 15:29:36.647  8767  8767 I net.osmand: RoutingHelper Recalculate route, because correlation  : 214.74408039865548
07-01 15:29:36.914  8767  8767 I chatty  : uid=10104(net.osmand) identical 1 line
07-01 15:29:36.918  8767  8767 I net.osmand: RoutingHelper Recalculate route, because correlation  : 214.74408039865548
07-01 15:29:36.918  8767  8767 I net.osmand: RoutingHelper Recalculate route, because wrong movement direction: 246.21614
07-01 15:29:37.225  8767  8767 I net.osmand: RoutingHelper Recalculate route, because correlation  : 214.74408039865548
07-01 15:29:37.225  8767  8767 I net.osmand: RoutingHelper Recalculate route, because wrong movement direction: 246.21614
07-01 15:29:37.227  8767  8767 I net.osmand: RoutingHelper Recalculate route, because correlation  : 214.74408039865548
07-01 15:29:37.802  8767  8777 I zygote  : Background concurrent copying GC freed 738401(16MB) AllocSpace objects, 0(0B) LOS objects, 13% free, 37MB/43MB, paused 3.772ms total 853.527ms
07-01 15:29:38.000  8767  8767 I net.osmand: RoutingHelper Recalculate route, because correlation  : 214.74408039865548
07-01 15:29:38.000  8767  8767 I net.osmand: RoutingHelper Recalculate route, because wrong movement direction: 246.21614
07-01 15:29:38.040  8767  8767 I net.osmand: RoutingHelper Recalculate route, because correlation  : 214.74408039865548
07-01 15:29:38.201  8767  8767 I net.osmand: RoutingHelper Recalculate route, because correlation  : 214.74408039865548
07-01 15:29:38.202  8767  8767 I net.osmand: RoutingHelper Recalculate route, because wrong movement direction: 246.21614
07-01 15:29:38.231  1604  1621 I WifiService: requestActivityInfo uid=1000
07-01 15:29:38.232  1604  1621 I WifiService: reportActivityInfo uid=1000
07-01 15:29:38.232  1604  1621 I WifiService: getSupportedFeatures uid=1000
07-01 15:29:38.351  8767  8767 I net.osmand: RoutingHelper Recalculate route, because correlation  : 214.74408039865548
07-01 15:29:38.855  8767  8767 I chatty  : uid=10104(net.osmand) identical 1 line
07-01 15:29:38.892  8767  8767 I net.osmand: RoutingHelper Recalculate route, because correlation  : 214.74408039865548
07-01 15:29:38.893  8767  8767 I net.osmand: RoutingHelper Recalculate route, because wrong movement direction: 246.21614
07-01 15:29:39.054  8767  8767 I net.osmand: RoutingHelper Recalculate route, because correlation  : 214.74408039865548
07-01 15:29:39.055  8767  8767 I net.osmand: RoutingHelper Recalculate route, because wrong movement direction: 246.21614
07-01 15:29:39.141  8767  8767 I net.osmand: RoutingHelper Recalculate route, because correlation  : 214.74408039865548
07-01 15:29:39.591  8767  8777 I zygote  : Background concurrent copying GC freed 515914(11MB) AllocSpace objects, 0(0B) LOS objects, 12% free, 41MB/47MB, paused 1.223ms total 1.284s
07-01 15:29:39.614  8767  8767 I net.osmand: RoutingHelper Recalculate route, because correlation  : 214.74408039865548
07-01 15:29:39.615  8767  8767 I net.osmand: RoutingHelper Recalculate route, because wrong movement direction: 246.21614
07-01 15:29:39.628  8767  8767 I net.osmand: RoutingHelper Recalculate route, because correlation  : 214.74408039865548
07-01 15:29:39.910  8767  8767 I net.osmand: RoutingHelper Recalculate route, because correlation  : 214.74408039865548
07-01 15:29:39.911  8767  8767 I net.osmand: RoutingHelper Recalculate route, because wrong movement direction: 246.21614
07-01 15:29:40.053  8767  8767 I net.osmand: RoutingHelper Recalculate route, because correlation  : 214.74408039865548
07-01 15:29:40.326  8767  8767 I net.osmand: RoutingHelper Recalculate route, because correlation  : 214.74408039865548
07-01 15:29:40.326  8767  8767 I net.osmand: RoutingHelper Recalculate route, because wrong movement direction: 246.21614
07-01 15:29:40.404  8767  8767 I net.osmand: RoutingHelper Recalculate route, because correlation  : 214.74408039865548
07-01 15:29:40.839  8767  8777 I zygote  : Background concurrent copying GC freed 738436(16MB) AllocSpace objects, 0(0B) LOS objects, 13% free, 37MB/43MB, paused 3.185ms total 858.867ms
07-01 15:29:40.859  8767  8767 I net.osmand: RoutingHelper Recalculate route, because correlation  : 214.74408039865548
07-01 15:29:40.873  8767  8767 I net.osmand: RoutingHelper Recalculate route, because correlation  : 214.74408039865548
07-01 15:29:40.873  8767  8767 I net.osmand: RoutingHelper Recalculate route, because wrong movement direction: 246.21614
07-01 15:29:41.071  8767  8767 I net.osmand: RoutingHelper Recalculate route, because correlation  : 214.74408039865548
07-01 15:29:41.071  8767  8767 I net.osmand: RoutingHelper Recalculate route, because wrong movement direction: 246.21614
07-01 15:29:41.076  8767  8767 I net.osmand: RoutingHelper Recalculate route, because correlation  : 214.74408039865548
07-01 15:29:41.876  8767  8767 I net.osmand: RoutingHelper Recalculate route, because correlation  : 214.74408039865548
07-01 15:29:41.876  8767  8767 I net.osmand: RoutingHelper Recalculate route, because wrong movement direction: 246.21614
07-01 15:29:41.896  8767  8767 I net.osmand: RoutingHelper Recalculate route, because correlation  : 214.74408039865548
07-01 15:29:41.896  8767  8767 I net.osmand: RoutingHelper Recalculate route, because wrong movement direction: 246.21614
07-01 15:29:41.947  8767  8777 I zygote  : Background concurrent copying GC freed 546809(12MB) AllocSpace objects, 0(0B) LOS objects, 14% free, 36MB/42MB, paused 1.189ms total 736.391ms
07-01 15:29:41.980  8767  8767 I net.osmand: RoutingHelper Recalculate route, because correlation  : 214.74408039865548
07-01 15:29:42.480  8767  8767 I net.osmand: RoutingHelper Recalculate route, because correlation  : 214.74408039865548
07-01 15:29:42.480  8767  8767 I net.osmand: RoutingHelper Recalculate route, because wrong movement direction: 246.21614
07-01 15:29:42.594  8767  8767 I net.osmand: RoutingHelper Recalculate route, because correlation  : 214.74408039865548
07-01 15:29:42.877  8767  8767 I net.osmand: RoutingHelper Recalculate route, because correlation  : 214.74408039865548
07-01 15:29:42.877  8767  8767 I net.osmand: RoutingHelper Recalculate route, because wrong movement direction: 246.21614
07-01 15:29:42.997  8767  8767 I net.osmand: RoutingHelper Recalculate route, because correlation  : 214.74408039865548
07-01 15:29:43.592  8767  8767 I net.osmand: RoutingHelper Recalculate route, because correlation  : 214.74408039865548
07-01 15:29:43.592  8767  8767 I net.osmand: RoutingHelper Recalculate route, because wrong movement direction: 246.21614
07-01 15:29:43.667  8767  8767 I net.osmand: RoutingHelper Recalculate route, because correlation  : 214.74408039865548
07-01 15:29:43.895  8767  8767 I net.osmand: RoutingHelper Recalculate route, because correlation  : 214.74408039865548
07-01 15:29:43.895  8767  8767 I net.osmand: RoutingHelper Recalculate route, because wrong movement direction: 246.21614
07-01 15:29:43.951  8767  8767 I net.osmand: RoutingHelper Recalculate route, because correlation  : 214.74408039865548
07-01 15:29:44.046  8767  8777 I zygote  : Background concurrent copying GC freed 501255(11MB) AllocSpace objects, 0(0B) LOS objects, 11% free, 44MB/50MB, paused 1.130ms total 1.519s
07-01 15:29:44.157  8767  8767 I net.osmand: RoutingHelper Recalculate route, because correlation  : 214.74408039865548
07-01 15:29:44.158  8767  8767 I net.osmand: RoutingHelper Recalculate route, because wrong movement direction: 246.21614
07-01 15:29:44.309  8767  8767 I net.osmand: RoutingHelper Recalculate route, because correlation  : 214.74408039865548
07-01 15:29:44.893  8767  8767 I net.osmand: RoutingHelper Recalculate route, because correlation  : 214.74408039865548
07-01 15:29:44.894  8767  8767 I net.osmand: RoutingHelper Recalculate route, because wrong movement direction: 246.21614
07-01 15:29:45.104  8767  8777 I zygote  : Background concurrent copying GC freed 844873(18MB) AllocSpace objects, 0(0B) LOS objects, 14% free, 34MB/40MB, paused 1.469ms total 615.243ms
07-01 15:29:45.106  8767  8767 I net.osmand: RoutingHelper Recalculate route, because correlation  : 214.74408039865548
07-01 15:29:45.121  8767  8767 I net.osmand: RoutingHelper Recalculate route, because correlation  : 214.74408039865548
07-01 15:29:45.121  8767  8767 I net.osmand: RoutingHelper Recalculate route, because wrong movement direction: 246.21614
07-01 15:29:45.125  8767  8767 I net.osmand: RoutingHelper Recalculate route, because correlation  : 214.74408039865548
07-01 15:29:45.675  8767  8767 I net.osmand: RoutingHelper Recalculate route, because correlation  : 214.74408039865548
07-01 15:29:45.676  8767  8767 I net.osmand: RoutingHelper Recalculate route, because wrong movement direction: 246.21614
07-01 15:29:45.735  8767  8767 I net.osmand: RoutingHelper Recalculate route, because correlation  : 214.74408039865548
07-01 15:29:45.954  8767  8767 I net.osmand: RoutingHelper Recalculate route, because correlation  : 214.74408039865548
07-01 15:29:45.954  8767  8767 I net.osmand: RoutingHelper Recalculate route, because wrong movement direction: 246.21614
07-01 15:29:46.058  8767  8767 I net.osmand: RoutingHelper Recalculate route, because correlation  : 214.74408039865548
07-01 15:29:46.697  8767  8777 I zygote  : Background concurrent copying GC freed 379161(8MB) AllocSpace objects, 0(0B) LOS objects, 13% free, 37MB/43MB, paused 3.203ms total 933.095ms
07-01 15:29:46.701  8767  8767 I net.osmand: RoutingHelper Recalculate route, because correlation  : 214.74408039865548
07-01 15:29:46.701  8767  8767 I net.osmand: RoutingHelper Recalculate route, because wrong movement direction: 246.21614
07-01 15:29:46.825  8767  8767 I net.osmand: RoutingHelper Recalculate route, because correlation  : 214.74408039865548
07-01 15:29:47.010  8767  8767 I net.osmand: RoutingHelper Recalculate route, because correlation  : 214.74408039865548
07-01 15:29:47.010  8767  8767 I net.osmand: RoutingHelper Recalculate route, because wrong movement direction: 246.21614
07-01 15:29:47.080  8767  8767 I net.osmand: RoutingHelper Recalculate route, because correlation  : 214.74408039865548
07-01 15:29:47.237  8767  8767 I net.osmand: RoutingHelper Recalculate route, because correlation  : 214.74408039865548
07-01 15:29:47.238  8767  8767 I net.osmand: RoutingHelper Recalculate route, because wrong movement direction: 246.21614
07-01 15:29:47.374  8767  8767 I net.osmand: RoutingHelper Recalculate route, because correlation  : 214.74408039865548
07-01 15:29:47.671  1410  1410 I boot-pipe: done populating /dev/random
07-01 15:29:47.779  8767  8777 I zygote  : Background concurrent copying GC freed 550988(12MB) AllocSpace objects, 0(0B) LOS objects, 14% free, 35MB/41MB, paused 2.099ms total 680.221ms
07-01 15:29:47.864  8767  8767 I net.osmand: RoutingHelper Recalculate route, because correlation  : 214.74408039865548
07-01 15:29:47.865  8767  8767 I net.osmand: RoutingHelper Recalculate route, because wrong movement direction: 246.21614
