06-30 14:40:10.922  1480 14364 D NuPlayerDriver: notifyListener_l(0xa4b14310), (2, 0, 0, -1), loop setting(1, 0)
06-30 14:40:10.943  1480 14368 I NuPlayerDecoder: [OMX.google.vorbis.decoder] resubmitting CSD
06-30 14:40:10.946  1480 14368 I NuPlayerDecoder: [OMX.google.vorbis.decoder] resubmitting CSD
06-30 14:40:10.969  1480 14364 D NuPlayerDriver: notifyListener_l(0xa4b14310), (6, 0, 0, -1), loop setting(1, 0)
06-30 14:40:11.203  1389  3359 W audio_hw_generic: Not supplying enough data to HAL, expected position 201257363 , only wrote 201257280
06-30 14:40:13.469  1480 14368 I NuPlayerDecoder: [audio] saw output EOS
06-30 14:40:13.718  1480 14367 D AudioTrack: stop() called with 132300 frames delivered
06-30 14:40:14.073  1480 14364 D NuPlayerDriver: notifyListener_l(0xa4b14310), (2, 0, 0, -1), loop setting(1, 0)
06-30 14:40:14.087  1480 14368 I NuPlayerDecoder: [OMX.google.vorbis.decoder] resubmitting CSD
06-30 14:40:14.088  1480 14368 I NuPlayerDecoder: [OMX.google.vorbis.decoder] resubmitting CSD
06-30 14:40:14.099  1480 14364 D NuPlayerDriver: notifyListener_l(0xa4b14310), (6, 0, 0, -1), loop setting(1, 0)
06-30 14:40:14.135  1480 14367 W AudioTrack: getTimestamp() location moved from kernel to server
06-30 14:40:14.175  1389  3359 W audio_hw_generic: Not supplying enough data to HAL, expected position 201399901 , only wrote 201399840
06-30 14:40:14.182  1480 14367 W AudioTrack: retrograde timestamp position corrected, -1060 = 0 - 1060
06-30 14:40:14.190  1389  3359 W audio_hw_generic: Not supplying enough data to HAL, expected position 201400586 , only wrote 201400560
06-30 14:40:14.207  1472  1583 D AudioFlinger: mixer(0xb4003400) throttle end: throttle time(5)
06-30 14:40:14.334  1480 14367 W AudioTrack: getTimestamp() location moved from kernel to server
06-30 14:40:14.598  1389  3359 W audio_hw_generic: Not supplying enough data to HAL, expected position 201420123 , only wrote 201420000
06-30 14:40:14.732  1472  1583 D AudioFlinger: mixer(0xb4003400) throttle end: throttle time(17)
06-30 14:40:14.927 13221 13221 I chatty  : uid=10104(net.osmand) expire 26 lines
06-30 14:40:15.170 13221 13253 I chatty  : uid=10104(net.osmand) Loader map obje expire 176 lines
06-30 14:40:16.673  1480 14368 I NuPlayerDecoder: [audio] saw output EOS
06-30 14:40:16.674  1480 14367 D AudioTrack: stop() called with 132300 frames delivered
06-30 14:40:17.013  1389  3359 W audio_hw_generic: Not supplying enough data to HAL, expected position 201535939 , only wrote 201535920
06-30 14:40:17.168  1480 14364 D NuPlayerDriver: notifyListener_l(0xa4b14310), (2, 0, 0, -1), loop setting(1, 0)
06-30 14:40:17.191  1480 14368 I NuPlayerDecoder: [OMX.google.vorbis.decoder] resubmitting CSD
06-30 14:40:17.192  1480 14368 I NuPlayerDecoder: [OMX.google.vorbis.decoder] resubmitting CSD
06-30 14:40:17.220  1480 14364 D NuPlayerDriver: notifyListener_l(0xa4b14310), (6, 0, 0, -1), loop setting(1, 0)
06-30 14:40:17.225  1480 14367 W AudioTrack: getTimestamp() location moved from kernel to server
06-30 14:40:17.225  1480 14367 W NuPlayerRenderer: getPendingAudioPlayoutDurationUs: pendingUs -1209 < 0, clamping to zero, potential resume after pause writtenAudioDurationUs: 2902, audioSinkPlayedUs: 4111
06-30 14:40:17.248  1480 14367 W AudioTrack: retrograde timestamp position corrected, -128 = 0 - 128
06-30 14:40:17.248  1480 14367 W NuPlayerRenderer: getPendingAudioPlayoutDurationUs: pendingUs -8302 < 0, clamping to zero, potential resume after pause writtenAudioDurationUs: 14512, audioSinkPlayedUs: 22814
06-30 14:40:17.270  1480 14367 W AudioTrack: getTimestamp() location moved from kernel to server
06-30 14:40:17.298  1480 14367 W AudioTrack: retrograde timestamp position corrected, -335 = 177 - 512
06-30 14:40:17.331 13221 16903 I chatty  : uid=10104(net.osmand) expire 10 lines
06-30 14:40:17.737 13221 13254 I chatty  : uid=10104(net.osmand) RenderingBaseIm expire 36 lines
06-30 14:40:19.153  1600  2366 I WifiService: acquireWifiLock uid=10014 lockMode=2
06-30 14:40:19.190  1389  3359 W audio_hw_generic: Not supplying enough data to HAL, expected position 201640424 , only wrote 201640320
06-30 14:40:19.191  1389  3359 W audio_hw_generic: Not supplying enough data to HAL, expected position 201640352 , only wrote 201640320
06-30 14:40:19.206  1389  3359 W audio_hw_generic: Not supplying enough data to HAL, expected position 201641045 , only wrote 201641040
06-30 14:40:19.494  1600  6734 I WifiService: releaseWifiLock uid=10014
06-30 14:40:19.627 13221 13231 I chatty  : uid=10104(net.osmand) HeapTaskDaemon expire 11 lines
06-30 14:40:19.924  1480 14368 I NuPlayerDecoder: [audio] saw output EOS
06-30 14:40:19.926  1480 14367 D AudioTrack: stop() called with 132300 frames delivered
06-30 14:40:20.318  1480 14364 D NuPlayerDriver: notifyListener_l(0xa4b14310), (2, 0, 0, -1), loop setting(1, 0)
06-30 14:40:20.353  1480 14368 I NuPlayerDecoder: [OMX.google.vorbis.decoder] resubmitting CSD
06-30 14:40:20.356  1480 14368 I NuPlayerDecoder: [OMX.google.vorbis.decoder] resubmitting CSD
06-30 14:40:20.412  1480 14364 D NuPlayerDriver: notifyListener_l(0xa4b14310), (6, 0, 0, -1), loop setting(1, 0)
06-30 14:40:21.299  1969  1969 I GeofencerStateMachine: sendNewTransitions called.
06-30 14:40:23.140  1480 14368 I NuPlayerDecoder: [audio] saw output EOS
06-30 14:40:23.142  1480 14367 D AudioTrack: stop() called with 132300 frames delivered
06-30 14:40:23.531  1480 14364 D NuPlayerDriver: notifyListener_l(0xa4b14310), (2, 0, 0, -1), loop setting(1, 0)
06-30 14:40:23.557  1480 14368 I NuPlayerDecoder: [OMX.google.vorbis.decoder] resubmitting CSD
06-30 14:40:23.558  1480 14368 I NuPlayerDecoder: [OMX.google.vorbis.decoder] resubmitting CSD
06-30 14:40:23.575  1480 14364 D NuPlayerDriver: notifyListener_l(0xa4b14310), (6, 0, 0, -1), loop setting(1, 0)
06-30 14:40:23.617  1480 14367 W AudioTrack: getTimestamp() location moved from kernel to server
06-30 14:40:23.637  1480 14367 W AudioTrack: retrograde timestamp position corrected, -384 = 384 - 768
06-30 14:40:24.322  1389  3359 W audio_hw_generic: Not supplying enough data to HAL, expected position 201886617 , only wrote 201886560
06-30 14:40:26.271  1480 14368 I NuPlayerDecoder: [audio] saw output EOS
06-30 14:40:26.272  1480 14367 D AudioTrack: stop() called with 132300 frames delivered
06-30 14:40:26.378  1389  3359 W audio_hw_generic: Not supplying enough data to HAL, expected position 201985232 , only wrote 201985200
06-30 14:40:26.379  1389  3359 W audio_hw_generic: Not supplying enough data to HAL, expected position 201985247 , only wrote 201985200
06-30 14:40:26.395  1389  3359 W audio_hw_generic: Not supplying enough data to HAL, expected position 201985990 , only wrote 201985920
06-30 14:40:26.415  1472  1583 D AudioFlinger: mixer(0xb4003400) throttle end: throttle time(2)
06-30 14:40:26.675  1480 14364 D NuPlayerDriver: notifyListener_l(0xa4b14310), (2, 0, 0, -1), loop setting(1, 0)
06-30 14:40:26.702  1480 14368 I NuPlayerDecoder: [OMX.google.vorbis.decoder] resubmitting CSD
06-30 14:40:26.703  1480 14368 I NuPlayerDecoder: [OMX.google.vorbis.decoder] resubmitting CSD
06-30 14:40:26.724  1480 14364 D NuPlayerDriver: notifyListener_l(0xa4b14310), (6, 0, 0, -1), loop setting(1, 0)
06-30 14:40:26.739  1480 14367 W AudioTrack: getTimestamp() location moved from kernel to server
06-30 14:40:26.759  1480 14367 W AudioTrack: retrograde timestamp position corrected, -2 = 1058 - 1060
06-30 14:40:29.366  1389  3359 W audio_hw_generic: Not supplying enough data to HAL, expected position 202128499 , only wrote 202128480
06-30 14:40:29.396  1480 14368 I NuPlayerDecoder: [audio] saw output EOS
06-30 14:40:29.398  1480 14367 D AudioTrack: stop() called with 132300 frames delivered
06-30 14:40:29.672 13221 13221 I chatty  : uid=10104(net.osmand) expire 24 lines
06-30 14:40:29.692 13221 13254 I chatty  : uid=10104(net.osmand) RenderingBaseIm expire 50 lines
06-30 14:40:29.702 13221 16903 I chatty  : uid=10104(net.osmand) expire 8 lines
06-30 14:40:29.775  1480 14364 D NuPlayerDriver: notifyListener_l(0xa4b14310), (2, 0, 0, -1), loop setting(1, 0)
06-30 14:40:29.817  1480 14368 I NuPlayerDecoder: [OMX.google.vorbis.decoder] resubmitting CSD
06-30 14:40:29.821  1480 14368 I NuPlayerDecoder: [OMX.google.vorbis.decoder] resubmitting CSD
06-30 14:40:29.841  1480 14364 D NuPlayerDriver: notifyListener_l(0xa4b14310), (6, 0, 0, -1), loop setting(1, 0)
06-30 14:40:29.882  1480 14367 W AudioTrack: getTimestamp() location moved from kernel to server
06-30 14:40:30.244 13221 16908 I chatty  : uid=10104(net.osmand) expire 31 lines
06-30 14:40:30.389 13221 13253 I chatty  : uid=10104(net.osmand) Loader map obje expire 128 lines
06-30 14:40:31.137 13221 16909 I chatty  : uid=10104(net.osmand) expire 10 lines
06-30 14:40:32.579  1480 14368 I NuPlayerDecoder: [audio] saw output EOS
06-30 14:40:32.581  1480 14367 D AudioTrack: stop() called with 132300 frames delivered
06-30 14:40:33.112  1480 14364 D NuPlayerDriver: notifyListener_l(0xa4b14310), (2, 0, 0, -1), loop setting(1, 0)
06-30 14:40:33.127  1480 14368 I NuPlayerDecoder: [OMX.google.vorbis.decoder] resubmitting CSD
06-30 14:40:33.130  1480 14368 I NuPlayerDecoder: [OMX.google.vorbis.decoder] resubmitting CSD
06-30 14:40:33.143  1480 14364 D NuPlayerDriver: notifyListener_l(0xa4b14310), (6, 0, 0, -1), loop setting(1, 0)
06-30 14:40:33.173  1480 14367 W AudioTrack: getTimestamp() location moved from kernel to server
06-30 14:40:33.194  1480 14367 W AudioTrack: retrograde timestamp position corrected, -1058 = 0 - 1058
06-30 14:40:35.618  1480 14368 I NuPlayerDecoder: [audio] saw output EOS
06-30 14:40:35.697  1600  1609 I zygote  : Background concurrent copying GC freed 90412(5MB) AllocSpace objects, 6(248KB) LOS objects, 21% free, 22MB/28MB, paused 1.412ms total 883.500ms
06-30 14:40:35.868  1480 14367 D AudioTrack: stop() called with 132300 frames delivered
06-30 14:40:36.207  1480 14364 D NuPlayerDriver: notifyListener_l(0xa4b14310), (2, 0, 0, -1), loop setting(1, 0)
06-30 14:40:36.243  1480 14368 I NuPlayerDecoder: [OMX.google.vorbis.decoder] resubmitting CSD
06-30 14:40:36.250  1480 14368 I NuPlayerDecoder: [OMX.google.vorbis.decoder] resubmitting CSD
06-30 14:40:36.284  1480 14364 D NuPlayerDriver: notifyListener_l(0xa4b14310), (6, 0, 0, -1), loop setting(1, 0)
06-30 14:40:36.978  1472  1583 D AudioFlinger: mixer(0xb4003400) throttle end: throttle time(1)
06-30 14:40:38.366  1472  1583 D AudioFlinger: mixer(0xb4003400) throttle end: throttle time(1)
06-30 14:40:38.396  1389  3359 W audio_hw_generic: Not supplying enough data to HAL, expected position 202561955 , only wrote 202561920
06-30 14:40:38.397  1389  3359 W audio_hw_generic: Not supplying enough data to HAL, expected position 202561944 , only wrote 202561920
06-30 14:40:38.412  1389  3359 W audio_hw_generic: Not supplying enough data to HAL, expected position 202562659 , only wrote 202562640
06-30 14:40:38.518  1389  3359 W audio_hw_generic: Not supplying enough data to HAL, expected position 202567693 , only wrote 202567680
06-30 14:40:38.557  1472  1583 D AudioFlinger: mixer(0xb4003400) throttle end: throttle time(2)
06-30 14:40:38.994  1480 14368 I NuPlayerDecoder: [audio] saw output EOS
06-30 14:40:38.995  1480 14367 D AudioTrack: stop() called with 132300 frames delivered
06-30 14:40:39.201  1600  2084 I WifiService: acquireWifiLock uid=10014 lockMode=2
06-30 14:40:39.367  1480 14364 D NuPlayerDriver: notifyListener_l(0xa4b14310), (2, 0, 0, -1), loop setting(1, 0)
06-30 14:40:39.389  1480 14368 I NuPlayerDecoder: [OMX.google.vorbis.decoder] resubmitting CSD
06-30 14:40:39.393  1480 14368 I NuPlayerDecoder: [OMX.google.vorbis.decoder] resubmitting CSD
06-30 14:40:39.424  1480 14364 D NuPlayerDriver: notifyListener_l(0xa4b14310), (6, 0, 0, -1), loop setting(1, 0)
06-30 14:40:39.435  1480 14367 W AudioTrack: getTimestamp() location moved from kernel to server
06-30 14:40:39.435  1480 14367 W NuPlayerRenderer: getPendingAudioPlayoutDurationUs: pendingUs -1156 < 0, clamping to zero, potential resume after pause writtenAudioDurationUs: 8707, audioSinkPlayedUs: 9863
06-30 14:40:39.467  1480 14367 W AudioTrack: retrograde timestamp position corrected, -384 = 0 - 384
06-30 14:40:39.467  1480 14367 W NuPlayerRenderer: getPendingAudioPlayoutDurationUs: pendingUs -237 < 0, clamping to zero, potential resume after pause writtenAudioDurationUs: 23219, audioSinkPlayedUs: 23456
06-30 14:40:39.495  1480 14367 W AudioTrack: getTimestamp() location moved from kernel to server
06-30 14:40:39.705  1480 14367 W AudioTrack: getTimestamp() location moved from kernel to server
06-30 14:40:39.728  1480 14367 W AudioTrack: retrograde timestamp position corrected, -62 = 8319 - 8381
06-30 14:40:41.934  1480 14368 I NuPlayerDecoder: [audio] saw output EOS
06-30 14:40:42.183  1480 14367 D AudioTrack: stop() called with 132300 frames delivered
06-30 14:40:42.232  1600  2084 D WificondControl: Scan result ready event
06-30 14:40:42.314 13221 13253 I chatty  : uid=10104(net.osmand) Loader map obje expire 151 lines
06-30 14:40:42.504  1600  2366 I WifiService: releaseWifiLock uid=10014
06-30 14:40:42.521  1480 14364 D NuPlayerDriver: notifyListener_l(0xa4b14310), (2, 0, 0, -1), loop setting(1, 0)
06-30 14:40:42.558  1480 14368 I NuPlayerDecoder: [OMX.google.vorbis.decoder] resubmitting CSD
06-30 14:40:42.563  1480 14368 I NuPlayerDecoder: [OMX.google.vorbis.decoder] resubmitting CSD
06-30 14:40:42.595  1480 14364 D NuPlayerDriver: notifyListener_l(0xa4b14310), (6, 0, 0, -1), loop setting(1, 0)
06-30 14:40:42.597  1480  2601 W AudioTrack: getTimestamp() location moved from kernel to server
06-30 14:40:42.648  1480 14367 W AudioTrack: getTimestamp() location moved from kernel to server
06-30 14:40:42.672  1480 14367 W AudioTrack: retrograde timestamp position corrected, -1059 = 0 - 1059
06-30 14:40:42.956 13221 13254 I chatty  : uid=10104(net.osmand) RenderingBaseIm expire 42 lines
06-30 14:40:43.236 13221 16909 I chatty  : uid=10104(net.osmand) expire 8 lines
06-30 14:40:43.336 13221 13221 I chatty  : uid=10104(net.osmand) expire 32 lines
06-30 14:40:43.338  1600  1854 I MediaFocusControl: requestAudioFocus() from uid/pid 10104/13221 clientId=android.media.AudioManager@2cbc2d4net.osmand.plus.api.AudioFocusHelperImpl@41d7cbf callingPack=net.osmand req=3 flags=0x0 sdk=26
06-30 14:40:43.342  4854 13290 I TTS.GoogleTTSServiceImp: Synthesis request for locale por-BRA and name pt-BR-language
06-30 14:40:43.345  4854 13290 I TTS.GoogleTTSServiceImp: TTS dispatch: pt-br-x-afs-lstm-embedded
06-30 14:40:43.463  4854 13291 D AudioTrack: Client defaulted notificationFrames to 1365 for frameCount 4096
06-30 14:40:43.467  1600  2366 V MediaRouterService: restoreBluetoothA2dp(false)
06-30 14:40:44.045  1472  1583 D AudioFlinger: mixer(0xb4003400) throttle end: throttle time(7)
06-30 14:40:44.167  1389  3359 W audio_hw_generic: Not supplying enough data to HAL, expected position 202838867 , only wrote 202837680
06-30 14:40:44.169  1389  3359 W audio_hw_generic: Not supplying enough data to HAL, expected position 202837745 , only wrote 202837680
06-30 14:40:44.186  1389  3359 W audio_hw_generic: Not supplying enough data to HAL, expected position 202838531 , only wrote 202838400
06-30 14:40:44.504  1389  3359 W audio_hw_generic: Not supplying enough data to HAL, expected position 202853614 , only wrote 202853520
06-30 14:40:44.505  1389  3359 W audio_hw_generic: Not supplying enough data to HAL, expected position 202853577 , only wrote 202853520
06-30 14:40:44.522  1389  3359 W audio_hw_generic: Not supplying enough data to HAL, expected position 202854362 , only wrote 202854240
06-30 14:40:44.710  4854  5094 D AudioTrack: stop() called with 29497 frames delivered
06-30 14:40:44.713  4854 13290 I TTS.EventProcessor: synthesizeMarkup call to callback.audioAvailable failed: -1
06-30 14:40:44.715  1600  1854 I MediaFocusControl: abandonAudioFocus() from uid/pid 10104/13221 clientId=android.media.AudioManager@2cbc2d4net.osmand.plus.api.AudioFocusHelperImpl@41d7cbf
06-30 14:40:44.720  4854 13290 E TTS.LocalSynthesizer: synthesizeWithoutLoadingVoice() failed
06-30 14:40:44.731 13221 16919 I chatty  : uid=10104(net.osmand) expire 18 lines
06-30 14:40:44.890  1600  1600 V MediaRouter: onRestoreRoute() : route=RouteInfo{ name=Phone, description=null, status=null, category=RouteCategory{ name=System types=ROUTE_TYPE_LIVE_AUDIO ROUTE_TYPE_LIVE_VIDEO  groupable=false }, supportedTypes=ROUTE_TYPE_LIVE_AUDIO ROUTE_TYPE_LIVE_VIDEO , presentationDisplay=null }
06-30 14:40:44.890  1600  1600 V MediaRouter: Selecting route: RouteInfo{ name=Phone, description=null, status=null, category=RouteCategory{ name=System types=ROUTE_TYPE_LIVE_AUDIO ROUTE_TYPE_LIVE_VIDEO  groupable=false }, supportedTypes=ROUTE_TYPE_LIVE_AUDIO ROUTE_TYPE_LIVE_VIDEO , presentationDisplay=null }
06-30 14:40:45.346  1480 14368 I NuPlayerDecoder: [audio] saw output EOS
06-30 14:40:45.347  1480 14367 D AudioTrack: stop() called with 132300 frames delivered
06-30 14:40:45.720  1480 14364 D NuPlayerDriver: notifyListener_l(0xa4b14310), (2, 0, 0, -1), loop setting(1, 0)
06-30 14:40:45.741  1480 14368 I NuPlayerDecoder: [OMX.google.vorbis.decoder] resubmitting CSD
06-30 14:40:45.743  1480 14368 I NuPlayerDecoder: [OMX.google.vorbis.decoder] resubmitting CSD
06-30 14:40:45.783  1480 14364 D NuPlayerDriver: notifyListener_l(0xa4b14310), (6, 0, 0, -1), loop setting(1, 0)
06-30 14:40:45.874  1480 14367 W AudioTrack: getTimestamp() location moved from kernel to server
06-30 14:40:45.874  1480 14367 W NuPlayerRenderer: getPendingAudioPlayoutDurationUs: pendingUs -112 < 0, clamping to zero, potential resume after pause writtenAudioDurationUs: 26122, audioSinkPlayedUs: 26234
06-30 14:40:45.899  1480 14367 W AudioTrack: retrograde timestamp position corrected, -446 = 398 - 844
06-30 14:40:46.224  1472  1583 D AudioFlinger: mixer(0xb4003400) throttle end: throttle time(7)
06-30 14:40:47.081 13221 13231 I chatty  : uid=10104(net.osmand) HeapTaskDaemon expire 10 lines
06-30 14:40:48.454  1480 14368 I NuPlayerDecoder: [audio] saw output EOS
06-30 14:40:48.456  1480 14367 D AudioTrack: stop() called with 132300 frames delivered
06-30 14:40:48.573  1969  1979 I zygote  : Background concurrent copying GC freed 95913(3MB) AllocSpace objects, 0(0B) LOS objects, 42% free, 8MB/14MB, paused 2.070ms total 241.552ms
06-30 14:40:48.927  1480 14364 D NuPlayerDriver: notifyListener_l(0xa4b14310), (2, 0, 0, -1), loop setting(1, 0)
06-30 14:40:48.962  1480 14368 I NuPlayerDecoder: [OMX.google.vorbis.decoder] resubmitting CSD
06-30 14:40:48.966  1480 14368 I NuPlayerDecoder: [OMX.google.vorbis.decoder] resubmitting CSD
06-30 14:40:48.990  1480 14364 D NuPlayerDriver: notifyListener_l(0xa4b14310), (6, 0, 0, -1), loop setting(1, 0)
06-30 14:40:49.094  1480 14367 W AudioTrack: getTimestamp() location moved from kernel to server
06-30 14:40:49.972  1969  2485 W Conscrypt: Could not set socket write timeout: java.net.SocketException: Socket closed
06-30 14:40:49.973  1969  2485 W Conscrypt: 	at com.google.android.gms.org.conscrypt.Platform.setSocketWriteTimeout(:com.google.android.gms@17785022@17.7.85 (040700-253824076):2)
06-30 14:40:49.974  1969  2485 W Conscrypt: 	at com.google.android.gms.org.conscrypt.ConscryptFileDescriptorSocket.setSoWriteTimeout(:com.google.android.gms@17785022@17.7.85 (040700-253824076):2)
06-30 14:40:50.270  1389  3359 W audio_hw_generic: Not supplying enough data to HAL, expected position 203130135 , only wrote 203130000
06-30 14:40:50.270  1389  3359 W audio_hw_generic: Not supplying enough data to HAL, expected position 203130026 , only wrote 203130000
06-30 14:40:50.286  1389  3359 W audio_hw_generic: Not supplying enough data to HAL, expected position 203130742 , only wrote 203130720
06-30 14:40:50.413  1389  3359 W audio_hw_generic: Not supplying enough data to HAL, expected position 203136797 , only wrote 203136480
06-30 14:40:50.413  1389  3359 W audio_hw_generic: Not supplying enough data to HAL, expected position 203136492 , only wrote 203136480
06-30 14:40:50.437  1389  3359 W audio_hw_generic: Not supplying enough data to HAL, expected position 203137655 , only wrote 203137200
06-30 14:40:50.442  1472  1583 D AudioFlinger: mixer(0xb4003400) throttle end: throttle time(12)
06-30 14:40:51.276  1969  1969 I GeofencerStateMachine: sendNewTransitions called.
06-30 14:40:51.385  1969  1969 I GeofencerStateMachine: sendNewTransitions called.
06-30 14:40:51.406  1969  1969 I GeofencerStateMachine: sendNewLocationAvailability: availability=LocationAvailability[isLocationAvailable: true]
06-30 14:40:51.674  1969  1969 I GeofencerStateMachine: sendNewLocationAvailability: availability=LocationAvailability[isLocationAvailable: true]
06-30 14:40:51.702  1480 14368 I NuPlayerDecoder: [audio] saw output EOS
06-30 14:40:51.958  1480 14367 D AudioTrack: stop() called with 132300 frames delivered
06-30 14:40:52.323  1480 14364 D NuPlayerDriver: notifyListener_l(0xa4b14310), (2, 0, 0, -1), loop setting(1, 0)
06-30 14:40:52.365  1480 14368 I NuPlayerDecoder: [OMX.google.vorbis.decoder] resubmitting CSD
06-30 14:40:52.367  1480 14368 I NuPlayerDecoder: [OMX.google.vorbis.decoder] resubmitting CSD
06-30 14:40:52.404  1480 14364 D NuPlayerDriver: notifyListener_l(0xa4b14310), (6, 0, 0, -1), loop setting(1, 0)
06-30 14:40:54.623  1389  3359 W audio_hw_generic: Not supplying enough data to HAL, expected position 203338109 , only wrote 203338080
06-30 14:40:54.625  1480 14367 W AudioTrack: getTimestamp() location moved from kernel to server
06-30 14:40:55.020  1480 14367 W AudioTrack: getTimestamp() location moved from kernel to server
06-30 14:40:55.024  1472  1583 D AudioFlinger: mixer(0xb4003400) throttle end: throttle time(2)
06-30 14:40:55.036  1480 14368 I NuPlayerDecoder: [audio] saw output EOS
06-30 14:40:55.037  1480 14367 D AudioTrack: stop() called with 132300 frames delivered
06-30 14:40:55.500  1480 14364 D NuPlayerDriver: notifyListener_l(0xa4b14310), (2, 0, 0, -1), loop setting(1, 0)
06-30 14:40:55.533  1480 14368 I NuPlayerDecoder: [OMX.google.vorbis.decoder] resubmitting CSD
06-30 14:40:55.534  1480 14368 I NuPlayerDecoder: [OMX.google.vorbis.decoder] resubmitting CSD
06-30 14:40:55.564  1480 14364 D NuPlayerDriver: notifyListener_l(0xa4b14310), (6, 0, 0, -1), loop setting(1, 0)
06-30 14:40:55.565  1480  2601 W AudioTrack: getTimestamp() location moved from kernel to server
06-30 14:40:55.570  1480 14367 W NuPlayerRenderer: getPendingAudioPlayoutDurationUs: pendingUs -4925 < 0, clamping to zero, potential resume after pause writtenAudioDurationUs: 2902, audioSinkPlayedUs: 7827
06-30 14:40:55.592  1480 14367 W AudioTrack: retrograde timestamp position corrected, -128 = 0 - 128
06-30 14:40:55.599 13221 13253 I chatty  : uid=10104(net.osmand) Loader map obje expire 173 lines
06-30 14:40:55.613  1480 14367 W NuPlayerRenderer: getPendingAudioPlayoutDurationUs: pendingUs -1182 < 0, clamping to zero, potential resume after pause writtenAudioDurationUs: 26122, audioSinkPlayedUs: 27304
06-30 14:40:57.271 13221 16924 I chatty  : uid=10104(net.osmand) expire 31 lines
06-30 14:40:57.665  1472  1583 D AudioFlinger: mixer(0xb4003400) throttle end: throttle time(6)
06-30 14:40:57.755  1389  3359 W audio_hw_generic: Not supplying enough data to HAL, expected position 203488426 , only wrote 203487840
06-30 14:40:57.756  1389  3359 W audio_hw_generic: Not supplying enough data to HAL, expected position 203487881 , only wrote 203487840
06-30 14:40:57.778  1389  3359 W audio_hw_generic: Not supplying enough data to HAL, expected position 203488892 , only wrote 203488560
06-30 14:40:57.800  1472  1583 D AudioFlinger: mixer(0xb4003400) throttle end: throttle time(3)
06-30 14:40:57.879 13221 13221 I chatty  : uid=10104(net.osmand) expire 26 lines
06-30 14:40:57.958 13221 13254 I chatty  : uid=10104(net.osmand) RenderingBaseIm expire 24 lines
06-30 14:40:58.132  1480 14368 I NuPlayerDecoder: [audio] saw output EOS
06-30 14:40:58.135  1480 14367 D AudioTrack: stop() called with 132300 frames delivered
06-30 14:40:58.428 13221 16925 I chatty  : uid=10104(net.osmand) expire 10 lines
06-30 14:40:58.679  1480 14364 D NuPlayerDriver: notifyListener_l(0xa4b14310), (2, 0, 0, -1), loop setting(1, 0)
06-30 14:40:58.703  1480 14368 I NuPlayerDecoder: [OMX.google.vorbis.decoder] resubmitting CSD
06-30 14:40:58.704  1480 14368 I NuPlayerDecoder: [OMX.google.vorbis.decoder] resubmitting CSD
06-30 14:40:58.713  1480 14364 D NuPlayerDriver: notifyListener_l(0xa4b14310), (6, 0, 0, -1), loop setting(1, 0)
06-30 14:40:59.090  1472  1583 D AudioFlinger: mixer(0xb4003400) throttle end: throttle time(2)
06-30 14:41:00.583  1600  3103 I WifiService: acquireWifiLock uid=10014 lockMode=2
06-30 14:41:01.303  1600  6734 I WifiService: releaseWifiLock uid=10014
06-30 14:41:01.384  1480 14368 I NuPlayerDecoder: [audio] saw output EOS
06-30 14:41:01.384  1480 14367 D AudioTrack: stop() called with 132300 frames delivered
06-30 14:41:01.504  1405  1405 I boot-pipe: done populating /dev/random
06-30 14:41:01.589  1969  2784 I GeofencerStateMachine: addGeofences called by com.google.android.apps.maps
06-30 14:41:01.798  1480 14364 D NuPlayerDriver: notifyListener_l(0xa4b14310), (2, 0, 0, -1), loop setting(1, 0)
06-30 14:41:01.825  1480 14368 I NuPlayerDecoder: [OMX.google.vorbis.decoder] resubmitting CSD
06-30 14:41:01.826  1480 14368 I NuPlayerDecoder: [OMX.google.vorbis.decoder] resubmitting CSD
06-30 14:41:01.864  1480 14364 D NuPlayerDriver: notifyListener_l(0xa4b14310), (6, 0, 0, -1), loop setting(1, 0)
06-30 14:41:01.870  1480 14367 W AudioTrack: getTimestamp() location moved from kernel to server
06-30 14:41:01.870  1480 14367 W NuPlayerRenderer: getPendingAudioPlayoutDurationUs: pendingUs -3510 < 0, clamping to zero, potential resume after pause writtenAudioDurationUs: 2902, audioSinkPlayedUs: 6412
06-30 14:41:01.892  1480 14367 W NuPlayerRenderer: getPendingAudioPlayoutDurationUs: pendingUs -7841 < 0, clamping to zero, potential resume after pause writtenAudioDurationUs: 20317, audioSinkPlayedUs: 28158
06-30 14:41:01.915  1480 14367 W AudioTrack: retrograde timestamp position corrected, -128 = 0 - 128
06-30 14:41:02.072  1600  2084 I GnssLocationProvider: WakeLock acquired by sendMessage(SET_REQUEST, 0, com.android.server.location.GnssLocationProvider$GpsRequest@9038210)
06-30 14:41:02.190  1600  1854 I WifiService: getWifiEnabledState uid=10062
06-30 14:41:02.290  1600  1613 I GnssLocationProvider: WakeLock released by handleMessage(SET_REQUEST, 0, com.android.server.location.GnssLocationProvider$GpsRequest@9038210)
06-30 14:41:02.322  1472  1583 D AudioFlinger: mixer(0xb4003400) throttle end: throttle time(2)
06-30 14:41:02.848  1600  2364 I GnssLocationProvider: WakeLock acquired by sendMessage(SET_REQUEST, 0, com.android.server.location.GnssLocationProvider$GpsRequest@986af3c)
06-30 14:41:03.133  1600  1609 I zygote  : Background concurrent copying GC freed 95721(6MB) AllocSpace objects, 11(476KB) LOS objects, 21% free, 21MB/27MB, paused 1.794ms total 2.041s
06-30 14:41:03.201  1969  1969 I GeofencerStateMachine: sendNewLocationAvailability: availability=LocationAvailability[isLocationAvailable: true]
06-30 14:41:03.265  1969  1969 I GeofencerStateMachine: sendNewLocationAvailability: availability=LocationAvailability[isLocationAvailable: true]
06-30 14:41:03.889  1600  1613 I GnssLocationProvider: WakeLock released by handleMessage(SET_REQUEST, 0, com.android.server.location.GnssLocationProvider$GpsRequest@986af3c)
06-30 14:41:04.564  1480 14368 I NuPlayerDecoder: [audio] saw output EOS
06-30 14:41:04.565  1480 14367 D AudioTrack: stop() called with 132300 frames delivered
06-30 14:41:04.944  1480 14364 D NuPlayerDriver: notifyListener_l(0xa4b14310), (2, 0, 0, -1), loop setting(1, 0)
06-30 14:41:04.959  1480 14368 I NuPlayerDecoder: [OMX.google.vorbis.decoder] resubmitting CSD
06-30 14:41:04.959  1480 14368 I NuPlayerDecoder: [OMX.google.vorbis.decoder] resubmitting CSD
06-30 14:41:04.980  1480 14364 D NuPlayerDriver: notifyListener_l(0xa4b14310), (6, 0, 0, -1), loop setting(1, 0)
06-30 14:41:05.012  1480 14367 W AudioTrack: getTimestamp() location moved from kernel to server
06-30 14:41:05.012  1480 14367 W NuPlayerRenderer: getPendingAudioPlayoutDurationUs: pendingUs -2205 < 0, clamping to zero, potential resume after pause writtenAudioDurationUs: 14512, audioSinkPlayedUs: 16717
06-30 14:41:05.035  1480 14367 W AudioTrack: retrograde timestamp position corrected, -640 = 0 - 640
06-30 14:41:05.035  1480 14367 W NuPlayerRenderer: getPendingAudioPlayoutDurationUs: pendingUs -4155 < 0, clamping to zero, potential resume after pause writtenAudioDurationUs: 26122, audioSinkPlayedUs: 30277
06-30 14:41:05.557  1600  1617 I WifiService: requestActivityInfo uid=1000
06-30 14:41:05.558  1600  1617 I WifiService: reportActivityInfo uid=1000
06-30 14:41:05.558  1600  1617 I WifiService: getSupportedFeatures uid=1000
06-30 14:41:05.589  1472  1583 D AudioFlinger: mixer(0xb4003400) throttle end: throttle time(5)
06-30 14:41:05.654  1389  3359 W audio_hw_generic: Not supplying enough data to HAL, expected position 203866616 , only wrote 203866560
06-30 14:41:05.670  1389  3359 W audio_hw_generic: Not supplying enough data to HAL, expected position 203867329 , only wrote 203867280
06-30 14:41:06.200  1969  4951 W ResourceType: ResTable_typeSpec entry count inconsistent: given 15, previously 22
06-30 14:41:06.711  1969 15221 W FlatFileLogStore: Excessive logging: 64 events, 108019 bytes from log source GMM_COUNTERS last 2797s
06-30 14:41:07.636  1480 14368 I NuPlayerDecoder: [audio] saw output EOS
06-30 14:41:07.638  1480 14367 D AudioTrack: stop() called with 132300 frames delivered
06-30 14:41:08.077  1480 14364 D NuPlayerDriver: notifyListener_l(0xa4b14310), (2, 0, 0, -1), loop setting(1, 0)
06-30 14:41:08.091  1480 14368 I NuPlayerDecoder: [OMX.google.vorbis.decoder] resubmitting CSD
06-30 14:41:08.095  1480 14368 I NuPlayerDecoder: [OMX.google.vorbis.decoder] resubmitting CSD
06-30 14:41:08.108  1480 14364 D NuPlayerDriver: notifyListener_l(0xa4b14310), (6, 0, 0, -1), loop setting(1, 0)
06-30 14:41:08.757 13221 13254 I chatty  : uid=10104(net.osmand) RenderingBaseIm expire 58 lines
06-30 14:41:10.968  1480 14368 I NuPlayerDecoder: [audio] saw output EOS
06-30 14:41:10.970  1480 14367 D AudioTrack: stop() called with 132300 frames delivered
06-30 14:41:10.976 13221 13253 I chatty  : uid=10104(net.osmand) Loader map obje expire 150 lines
06-30 14:41:11.288 13221 13221 I chatty  : uid=10104(net.osmand) expire 22 lines
06-30 14:41:11.364  1480 14364 D NuPlayerDriver: notifyListener_l(0xa4b14310), (2, 0, 0, -1), loop setting(1, 0)
06-30 14:41:11.399  1480 14368 I NuPlayerDecoder: [OMX.google.vorbis.decoder] resubmitting CSD
06-30 14:41:11.403  1480 14368 I NuPlayerDecoder: [OMX.google.vorbis.decoder] resubmitting CSD
06-30 14:41:11.429  1480 14364 D NuPlayerDriver: notifyListener_l(0xa4b14310), (6, 0, 0, -1), loop setting(1, 0)
06-30 14:41:11.477  1480 14367 W AudioTrack: getTimestamp() location moved from kernel to server
06-30 14:41:11.499  1480 14367 W AudioTrack: retrograde timestamp position corrected, -256 = 0 - 256
06-30 14:41:12.769  1389  3359 W audio_hw_generic: Not supplying enough data to HAL, expected position 204208006 , only wrote 204207840
06-30 14:41:12.997  1389  3359 W audio_hw_generic: Not supplying enough data to HAL, expected position 204218779 , only wrote 204218640
06-30 14:41:12.999  1389  3359 W audio_hw_generic: Not supplying enough data to HAL, expected position 204218743 , only wrote 204218640
06-30 14:41:14.085  1480 14368 I NuPlayerDecoder: [audio] saw output EOS
06-30 14:41:14.085  1480 14367 D AudioTrack: stop() called with 132300 frames delivered
06-30 14:41:14.521  1480 14364 D NuPlayerDriver: notifyListener_l(0xa4b14310), (2, 0, 0, -1), loop setting(1, 0)
06-30 14:41:14.557  1480 14368 I NuPlayerDecoder: [OMX.google.vorbis.decoder] resubmitting CSD
06-30 14:41:14.559  1480 14368 I NuPlayerDecoder: [OMX.google.vorbis.decoder] resubmitting CSD
06-30 14:41:14.606  1480 14364 D NuPlayerDriver: notifyListener_l(0xa4b14310), (6, 0, 0, -1), loop setting(1, 0)
06-30 14:41:14.645  1480 14367 W AudioTrack: getTimestamp() location moved from kernel to server
06-30 14:41:14.646  1480 14367 W NuPlayerRenderer: getPendingAudioPlayoutDurationUs: pendingUs -3842 < 0, clamping to zero, potential resume after pause writtenAudioDurationUs: 5804, audioSinkPlayedUs: 9646
06-30 14:41:14.671  1480 14367 W AudioTrack: retrograde timestamp position corrected, -128 = 0 - 128
06-30 14:41:14.671  1480 14367 W NuPlayerRenderer: getPendingAudioPlayoutDurationUs: pendingUs -3675 < 0, clamping to zero, potential resume after pause writtenAudioDurationUs: 17414, audioSinkPlayedUs: 21089
06-30 14:41:14.709  1480 14367 W NuPlayerRenderer: getPendingAudioPlayoutDurationUs: pendingUs -3405 < 0, clamping to zero, potential resume after pause writtenAudioDurationUs: 26122, audioSinkPlayedUs: 29527
06-30 14:41:14.760  1472  1583 D AudioFlinger: mixer(0xb4003400) throttle end: throttle time(12)
06-30 14:41:15.096 13221 13231 I chatty  : uid=10104(net.osmand) HeapTaskDaemon expire 10 lines
06-30 14:41:16.360 13221 16925 I chatty  : uid=10104(net.osmand) expire 8 lines
06-30 14:41:16.526  1472  1583 D AudioFlinger: mixer(0xb4003400) throttle end: throttle time(2)
06-30 14:41:16.586  1600  1609 I zygote  : Background concurrent copying GC freed 81878(4MB) AllocSpace objects, 17(852KB) LOS objects, 21% free, 22MB/28MB, paused 1.392ms total 1.296s
06-30 14:41:16.636 13221 16941 I chatty  : uid=10104(net.osmand) expire 10 lines
06-30 14:41:17.188  1480 14368 I NuPlayerDecoder: [audio] saw output EOS
06-30 14:41:17.189  1480 14367 D AudioTrack: stop() called with 132300 frames delivered
06-30 14:41:17.754  1480 14364 D NuPlayerDriver: notifyListener_l(0xa4b14310), (2, 0, 0, -1), loop setting(1, 0)
06-30 14:41:17.777  1480 14368 I NuPlayerDecoder: [OMX.google.vorbis.decoder] resubmitting CSD
06-30 14:41:17.777  1480 14368 I NuPlayerDecoder: [OMX.google.vorbis.decoder] resubmitting CSD
06-30 14:41:17.805  1480 14364 D NuPlayerDriver: notifyListener_l(0xa4b14310), (6, 0, 0, -1), loop setting(1, 0)
06-30 14:41:17.841  1480 14367 W AudioTrack: getTimestamp() location moved from kernel to server
06-30 14:41:17.841  1480 14367 W NuPlayerRenderer: getPendingAudioPlayoutDurationUs: pendingUs -20033 < 0, clamping to zero, potential resume after pause writtenAudioDurationUs: 23219, audioSinkPlayedUs: 43252
06-30 14:41:17.862  1480 14367 W AudioTrack: retrograde timestamp position corrected, -1024 = 0 - 1024
06-30 14:41:17.980  1389  3359 W audio_hw_generic: Not supplying enough data to HAL, expected position 204457740 , only wrote 204457680
06-30 14:41:19.444  1472  1583 D AudioFlinger: mixer(0xb4003400) throttle end: throttle time(8)
06-30 14:41:20.337  1480 14368 I NuPlayerDecoder: [audio] saw output EOS
06-30 14:41:20.339  1480 14367 D AudioTrack: stop() called with 132300 frames delivered
06-30 14:41:20.616  1600  1854 I WifiService: acquireWifiLock uid=10014 lockMode=2
06-30 14:41:20.878  1480 14364 D NuPlayerDriver: notifyListener_l(0xa4b14310), (2, 0, 0, -1), loop setting(1, 0)
06-30 14:41:20.893  1480 14368 I NuPlayerDecoder: [OMX.google.vorbis.decoder] resubmitting CSD
06-30 14:41:20.895  1480 14368 I NuPlayerDecoder: [OMX.google.vorbis.decoder] resubmitting CSD
06-30 14:41:20.911  1480 14364 D NuPlayerDriver: notifyListener_l(0xa4b14310), (6, 0, 0, -1), loop setting(1, 0)
06-30 14:41:20.949  1480 14367 W AudioTrack: getTimestamp() location moved from kernel to server
06-30 14:41:20.971  1480 14367 W AudioTrack: retrograde timestamp position corrected, -1058 = 0 - 1058
06-30 14:41:21.327  1969  1969 I GeofencerStateMachine: sendNewTransitions called.
06-30 14:41:22.067  1389  3359 W audio_hw_generic: Not supplying enough data to HAL, expected position 204653844 , only wrote 204653520
06-30 14:41:22.067  1389  3359 W audio_hw_generic: Not supplying enough data to HAL, expected position 204653535 , only wrote 204653520
06-30 14:41:22.085  1389  3359 W audio_hw_generic: Not supplying enough data to HAL, expected position 204654382 , only wrote 204654240
06-30 14:41:22.101  1472  1583 D AudioFlinger: mixer(0xb4003400) throttle end: throttle time(7)
06-30 14:41:22.565 13221 13221 I chatty  : uid=10104(net.osmand) expire 49 lines
06-30 14:41:23.492  1480 14368 I NuPlayerDecoder: [audio] saw output EOS
06-30 14:41:23.492  1480 14367 D AudioTrack: stop() called with 132300 frames delivered
06-30 14:41:23.593  1600  1617 I WifiService: requestActivityInfo uid=1000
06-30 14:41:23.594  1600  1617 I WifiService: reportActivityInfo uid=1000
06-30 14:41:23.594  1600  1617 I WifiService: getSupportedFeatures uid=1000
06-30 14:41:23.675  1600  1854 D WificondControl: Scan result ready event
06-30 14:41:23.888  1600  6734 I WifiService: releaseWifiLock uid=10014
06-30 14:41:23.982  1480 14364 D NuPlayerDriver: notifyListener_l(0xa4b14310), (2, 0, 0, -1), loop setting(1, 0)
06-30 14:41:23.996  1480 14368 I NuPlayerDecoder: [OMX.google.vorbis.decoder] resubmitting CSD
06-30 14:41:23.997  1480 14368 I NuPlayerDecoder: [OMX.google.vorbis.decoder] resubmitting CSD
06-30 14:41:24.024  1480 14364 D NuPlayerDriver: notifyListener_l(0xa4b14310), (6, 0, 0, -1), loop setting(1, 0)
06-30 14:41:24.046  1480 14367 W AudioTrack: getTimestamp() location moved from kernel to server
06-30 14:41:24.046  1480 14367 W NuPlayerRenderer: getPendingAudioPlayoutDurationUs: pendingUs -1062 < 0, clamping to zero, potential resume after pause writtenAudioDurationUs: 14512, audioSinkPlayedUs: 15574
06-30 14:41:24.067  1480 14367 W AudioTrack: retrograde timestamp position corrected, -512 = 0 - 512
06-30 14:41:24.773 13221 13253 I chatty  : uid=10104(net.osmand) Loader map obje expire 144 lines
06-30 14:41:24.981  1389  3359 W audio_hw_generic: Not supplying enough data to HAL, expected position 204793265 , only wrote 204793200
06-30 14:41:25.014  1389  3359 W audio_hw_generic: Not supplying enough data to HAL, expected position 204794751 , only wrote 204794640
06-30 14:41:26.553  1480 14368 I NuPlayerDecoder: [audio] saw output EOS
06-30 14:41:26.764 13221 13254 I chatty  : uid=10104(net.osmand) RenderingBaseIm expire 46 lines
06-30 14:41:26.806  1480 14367 D AudioTrack: stop() called with 132300 frames delivered
06-30 14:41:27.107  1480 14364 D NuPlayerDriver: notifyListener_l(0xa4b14310), (2, 0, 0, -1), loop setting(1, 0)
06-30 14:41:27.145  1480 14368 I NuPlayerDecoder: [OMX.google.vorbis.decoder] resubmitting CSD
06-30 14:41:27.146  1480 14368 I NuPlayerDecoder: [OMX.google.vorbis.decoder] resubmitting CSD
06-30 14:41:27.174  1480 14364 D NuPlayerDriver: notifyListener_l(0xa4b14310), (6, 0, 0, -1), loop setting(1, 0)
06-30 14:41:27.179  1480 14367 W AudioTrack: getTimestamp() location moved from kernel to server
06-30 14:41:27.179  1480 14367 W NuPlayerRenderer: getPendingAudioPlayoutDurationUs: pendingUs -1992 < 0, clamping to zero, potential resume after pause writtenAudioDurationUs: 5804, audioSinkPlayedUs: 7796
06-30 14:41:27.227  1480 14367 W AudioTrack: retrograde timestamp position corrected, -253 = 131 - 384
06-30 14:41:28.045  1389  3359 W audio_hw_generic: Not supplying enough data to HAL, expected position 204940126 , only wrote 204939360
06-30 14:41:28.045  1389  3359 W audio_hw_generic: Not supplying enough data to HAL, expected position 204939397 , only wrote 204939360
06-30 14:41:28.680 13221 16941 I chatty  : uid=10104(net.osmand) expire 8 lines
06-30 14:41:29.412 13221 16949 I chatty  : uid=10104(net.osmand) expire 31 lines
06-30 14:41:29.770  1480 14368 I NuPlayerDecoder: [audio] saw output EOS
06-30 14:41:29.772  1480 14367 D AudioTrack: stop() called with 132300 frames delivered
06-30 14:41:30.271  1480 14364 D NuPlayerDriver: notifyListener_l(0xa4b14310), (2, 0, 0, -1), loop setting(1, 0)
06-30 14:41:30.287  1480 14368 I NuPlayerDecoder: [OMX.google.vorbis.decoder] resubmitting CSD
06-30 14:41:30.287  1480 14368 I NuPlayerDecoder: [OMX.google.vorbis.decoder] resubmitting CSD
06-30 14:41:30.310  1480 14364 D NuPlayerDriver: notifyListener_l(0xa4b14310), (6, 0, 0, -1), loop setting(1, 0)
06-30 14:41:30.332  1480 14367 W AudioTrack: getTimestamp() location moved from kernel to server
06-30 14:41:30.334  1480 14367 W NuPlayerRenderer: getPendingAudioPlayoutDurationUs: pendingUs -1544 < 0, clamping to zero, potential resume after pause writtenAudioDurationUs: 14512, audioSinkPlayedUs: 16056
06-30 14:41:30.366  1480 14367 W AudioTrack: retrograde timestamp position corrected, -640 = 0 - 640
06-30 14:41:30.368  1480 14367 W NuPlayerRenderer: getPendingAudioPlayoutDurationUs: pendingUs -970 < 0, clamping to zero, potential resume after pause writtenAudioDurationUs: 26122, audioSinkPlayedUs: 27092
06-30 14:41:30.889  1389  3359 W audio_hw_generic: Not supplying enough data to HAL, expected position 205075873 , only wrote 205075440
06-30 14:41:30.890  1389  3359 W audio_hw_generic: Not supplying enough data to HAL, expected position 205075467 , only wrote 205075440
06-30 14:41:30.906  1389  3359 W audio_hw_generic: Not supplying enough data to HAL, expected position 205076209 , only wrote 205076160
06-30 14:41:30.921  1472  1583 D AudioFlinger: mixer(0xb4003400) throttle end: throttle time(10)
06-30 14:41:31.019 13221 16950 I chatty  : uid=10104(net.osmand) expire 10 lines
06-30 14:41:31.032  1472  1583 D AudioFlinger: mixer(0xb4003400) throttle end: throttle time(18)
06-30 14:41:32.268  1472  1583 D AudioFlinger: mixer(0xb4003400) throttle end: throttle time(2)
06-30 14:41:32.467  1389  3359 W audio_hw_generic: Not supplying enough data to HAL, expected position 205151078 , only wrote 205151040
06-30 14:41:32.483  1472  1583 D AudioFlinger: mixer(0xb4003400) throttle end: throttle time(6)
06-30 14:41:32.874  1480 14368 I NuPlayerDecoder: [audio] saw output EOS
06-30 14:41:32.880  1480 14367 D AudioTrack: stop() called with 132300 frames delivered
06-30 14:41:33.424  1480 14364 D NuPlayerDriver: notifyListener_l(0xa4b14310), (2, 0, 0, -1), loop setting(1, 0)
06-30 14:41:33.443  1480 14368 I NuPlayerDecoder: [OMX.google.vorbis.decoder] resubmitting CSD
06-30 14:41:33.444  1480 14368 I NuPlayerDecoder: [OMX.google.vorbis.decoder] resubmitting CSD
06-30 14:41:33.473  1480 14364 D NuPlayerDriver: notifyListener_l(0xa4b14310), (6, 0, 0, -1), loop setting(1, 0)
06-30 14:41:33.486  1480 14367 W AudioTrack: getTimestamp() location moved from kernel to server
06-30 14:41:34.990  1389  3359 W audio_hw_generic: Not supplying enough data to HAL, expected position 205272118 , only wrote 205272000
06-30 14:41:36.117  1480 14368 I NuPlayerDecoder: [audio] saw output EOS
06-30 14:41:36.372  1480 14367 D AudioTrack: stop() called with 132300 frames delivered
06-30 14:41:36.667  2168 16943 W GAv4-SVC: Network compressed POST connection error: java.net.ConnectException: Failed to connect to ssl.google-analytics.com/2800:3f0:4001:80a::2008:443
06-30 14:41:36.694  1480 14364 D NuPlayerDriver: notifyListener_l(0xa4b14310), (2, 0, 0, -1), loop setting(1, 0)
06-30 14:41:36.710  1480 14368 I NuPlayerDecoder: [OMX.google.vorbis.decoder] resubmitting CSD
06-30 14:41:36.714  1480 14368 I NuPlayerDecoder: [OMX.google.vorbis.decoder] resubmitting CSD
06-30 14:41:36.752  1600  1613 E memtrack: Couldn't load memtrack module
06-30 14:41:36.752  1600  1613 W android.os.Debug: failed to get memory consumption info: -1
06-30 14:41:36.766  1480 14364 D NuPlayerDriver: notifyListener_l(0xa4b14310), (6, 0, 0, -1), loop setting(1, 0)
06-30 14:41:36.819  1480 14367 W AudioTrack: getTimestamp() location moved from kernel to server
06-30 14:41:36.845  1480 14367 W AudioTrack: retrograde timestamp position corrected, -908 = 151 - 1059
06-30 14:41:37.209  1600  1613 E memtrack: Couldn't load memtrack module
06-30 14:41:37.209  1600  1613 W android.os.Debug: failed to get memory consumption info: -1
06-30 14:41:37.536 13221 13254 I chatty  : uid=10104(net.osmand) RenderingBaseIm expire 36 lines
06-30 14:41:37.702 13221 13253 I chatty  : uid=10104(net.osmand) Loader map obje expire 112 lines
06-30 14:41:39.361  1480 14368 I NuPlayerDecoder: [audio] saw output EOS
06-30 14:41:39.364  1480 14367 D AudioTrack: stop() called with 132300 frames delivered
06-30 14:41:39.412  2890  2923 I Finsky  : [131] imb.run(3): Stats for Executor: BlockingExecutor ink@cb9c227[Running, pool size = 0, active threads = 0, queued tasks = 0, completed tasks = 18]
06-30 14:41:39.414  2890  2923 I Finsky  : [131] imb.run(3): Stats for Executor: LightweightExecutor ink@569bcd4[Running, pool size = 2, active threads = 0, queued tasks = 0, completed tasks = 67]
06-30 14:41:39.415  2890  2923 I Finsky  : [131] imb.run(3): Stats for Executor: bgExecutor ink@a3fd26c[Running, pool size = 4, active threads = 0, queued tasks = 0, completed tasks = 89]
06-30 14:41:39.828 13221 13231 I chatty  : uid=10104(net.osmand) HeapTaskDaemon expire 11 lines
06-30 14:41:39.849  1480 14364 D NuPlayerDriver: notifyListener_l(0xa4b14310), (2, 0, 0, -1), loop setting(1, 0)
06-30 14:41:39.895 13221 13221 I chatty  : uid=10104(net.osmand) expire 25 lines
06-30 14:41:39.907  1480 14368 I NuPlayerDecoder: [OMX.google.vorbis.decoder] resubmitting CSD
06-30 14:41:39.909  1480 14368 I NuPlayerDecoder: [OMX.google.vorbis.decoder] resubmitting CSD
06-30 14:41:39.917  1480 14364 D NuPlayerDriver: notifyListener_l(0xa4b14310), (6, 0, 0, -1), loop setting(1, 0)
06-30 14:41:40.762  1600  2015 I WifiService: acquireWifiLock uid=10014 lockMode=2
06-30 14:41:41.058  1600  2015 I WifiService: releaseWifiLock uid=10014
06-30 14:41:41.251  1472  1583 D AudioFlinger: mixer(0xb4003400) throttle end: throttle time(5)
06-30 14:41:42.104 13221 16950 I chatty  : uid=10104(net.osmand) expire 8 lines
06-30 14:41:42.512  1480 14368 I NuPlayerDecoder: [audio] saw output EOS
06-30 14:41:42.513  1480 14367 D AudioTrack: stop() called with 132300 frames delivered
06-30 14:41:43.006  1480 14364 D NuPlayerDriver: notifyListener_l(0xa4b14310), (2, 0, 0, -1), loop setting(1, 0)
06-30 14:41:43.024  1480 14368 I NuPlayerDecoder: [OMX.google.vorbis.decoder] resubmitting CSD
06-30 14:41:43.024  1480 14368 I NuPlayerDecoder: [OMX.google.vorbis.decoder] resubmitting CSD
06-30 14:41:43.044  1480 14364 D NuPlayerDriver: notifyListener_l(0xa4b14310), (6, 0, 0, -1), loop setting(1, 0)
06-30 14:41:43.068  1480 14367 W AudioTrack: getTimestamp() location moved from kernel to server
06-30 14:41:43.068  1480 14367 W NuPlayerRenderer: getPendingAudioPlayoutDurationUs: pendingUs -2361 < 0, clamping to zero, potential resume after pause writtenAudioDurationUs: 8707, audioSinkPlayedUs: 11068
06-30 14:41:43.089  1480 14367 W AudioTrack: retrograde timestamp position corrected, -384 = 0 - 384
06-30 14:41:43.089  1480 14367 W NuPlayerRenderer: getPendingAudioPlayoutDurationUs: pendingUs -10515 < 0, clamping to zero, potential resume after pause writtenAudioDurationUs: 14512, audioSinkPlayedUs: 25027
06-30 14:41:43.174  3360  3372 I zygote  : Background concurrent copying GC freed 164532(5MB) AllocSpace objects, 0(0B) LOS objects, 42% free, 8MB/14MB, paused 904us total 386.025ms
06-30 14:41:44.456  1389  3359 W audio_hw_generic: Not supplying enough data to HAL, expected position 205726383 , only wrote 205726320
06-30 14:41:45.049  1600  1609 I zygote  : Background concurrent copying GC freed 93589(5MB) AllocSpace objects, 11(476KB) LOS objects, 20% free, 22MB/28MB, paused 1.598ms total 462.013ms
06-30 14:41:45.266  1389  3359 W audio_hw_generic: Not supplying enough data to HAL, expected position 205765208 , only wrote 205765200
06-30 14:41:45.267  1389  3359 W audio_hw_generic: Not supplying enough data to HAL, expected position 205765276 , only wrote 205765200
06-30 14:41:45.286  1389  3359 W audio_hw_generic: Not supplying enough data to HAL, expected position 205766069 , only wrote 205765920
06-30 14:41:45.358 13221 16961 I chatty  : uid=10104(net.osmand) expire 10 lines
06-30 14:41:45.702  1480 14368 I NuPlayerDecoder: [audio] saw output EOS
06-30 14:41:45.705  1480 14367 D AudioTrack: stop() called with 132300 frames delivered
06-30 14:41:46.160  1480 14364 D NuPlayerDriver: notifyListener_l(0xa4b14310), (2, 0, 0, -1), loop setting(1, 0)
06-30 14:41:46.201  1480 14368 I NuPlayerDecoder: [OMX.google.vorbis.decoder] resubmitting CSD
06-30 14:41:46.201  1480 14368 I NuPlayerDecoder: [OMX.google.vorbis.decoder] resubmitting CSD
06-30 14:41:46.226  1480 14364 D NuPlayerDriver: notifyListener_l(0xa4b14310), (6, 0, 0, -1), loop setting(1, 0)
06-30 14:41:46.284  1480 14367 W AudioTrack: getTimestamp() location moved from kernel to server
06-30 14:41:46.327  1480 14367 W AudioTrack: retrograde timestamp position corrected, -1060 = 0 - 1060
06-30 14:41:48.768  1480 14368 I NuPlayerDecoder: [audio] saw output EOS
06-30 14:41:48.768  1480 14367 D AudioTrack: stop() called with 132300 frames delivered
06-30 14:41:48.877 13221 13254 I chatty  : uid=10104(net.osmand) RenderingBaseIm expire 42 lines
06-30 14:41:49.015 13221 13253 I chatty  : uid=10104(net.osmand) Loader map obje expire 144 lines
06-30 14:41:49.313  1480 14364 D NuPlayerDriver: notifyListener_l(0xa4b14310), (2, 0, 0, -1), loop setting(1, 0)
06-30 14:41:49.339  1480 14368 I NuPlayerDecoder: [OMX.google.vorbis.decoder] resubmitting CSD
06-30 14:41:49.342  1480 14368 I NuPlayerDecoder: [OMX.google.vorbis.decoder] resubmitting CSD
06-30 14:41:49.366  1480 14364 D NuPlayerDriver: notifyListener_l(0xa4b14310), (6, 0, 0, -1), loop setting(1, 0)
06-30 14:41:49.396  1480 14367 W AudioTrack: getTimestamp() location moved from kernel to server
06-30 14:41:49.396  1480 14367 W NuPlayerRenderer: getPendingAudioPlayoutDurationUs: pendingUs -11902 < 0, clamping to zero, potential resume after pause writtenAudioDurationUs: 11609, audioSinkPlayedUs: 23511
06-30 14:41:49.418  1480 14367 W AudioTrack: retrograde timestamp position corrected, -512 = 0 - 512
