07-03 18:03:26.022 14699 14725 I chatty  : uid=10104(net.osmand) RenderingBaseIm expire 28 lines
07-03 18:03:26.034 14699 15332 I chatty  : uid=10104(net.osmand) expire 31 lines
07-03 18:03:26.824 14699 14709 I chatty  : uid=10104(net.osmand) HeapTaskDaemon expire 6 lines
07-03 18:03:28.463 14699 15334 I chatty  : uid=10104(net.osmand) expire 16 lines
07-03 18:03:33.435 14699 14699 I chatty  : uid=10104(net.osmand) expire 42 lines
07-03 18:03:33.437 14699 14725 I chatty  : uid=10104(net.osmand) RenderingBaseIm expire 36 lines
07-03 18:03:33.549 14699 14724 I chatty  : uid=10104(net.osmand) Loader map obje expire 128 lines
07-03 18:03:34.208  1604  5750 I WifiService: acquireWifiLock uid=10014 lockMode=2
07-03 18:03:34.391  1604  1615 I WifiService: releaseWifiLock uid=10014
07-03 18:03:34.577  1604  1617 E memtrack: Couldn't load memtrack module
07-03 18:03:34.577  1604  1617 W android.os.Debug: failed to get memory consumption info: -1
07-03 18:03:35.024 14699 14709 I chatty  : uid=10104(net.osmand) HeapTaskDaemon expire 10 lines
07-03 18:03:35.111  1604  1617 E memtrack: Couldn't load memtrack module
07-03 18:03:35.111  1604  1617 W android.os.Debug: failed to get memory consumption info: -1
07-03 18:03:41.582  1970  1970 I GeofencerStateMachine: sendNewTransitions called.
07-03 18:03:41.814  1410  1410 I boot-pipe: done populating /dev/random
07-03 18:03:43.171 14699 15334 I chatty  : uid=10104(net.osmand) expire 15 lines
07-03 18:03:43.443 14699 14725 I chatty  : uid=10104(net.osmand) RenderingBaseIm expire 26 lines
07-03 18:03:43.514 14699 14724 I chatty  : uid=10104(net.osmand) Loader map obje expire 90 lines
07-03 18:03:43.654  1604  1613 I zygote  : Background concurrent copying GC freed 97948(3MB) AllocSpace objects, 52(2MB) LOS objects, 7% free, 69MB/75MB, paused 1.338ms total 2.283s
07-03 18:03:44.061 14699 14699 I chatty  : uid=10104(net.osmand) expire 26 lines
07-03 18:03:44.138 14699 15337 I chatty  : uid=10104(net.osmand) expire 31 lines
07-03 18:03:48.198 14699 15338 I chatty  : uid=10104(net.osmand) expire 31 lines
07-03 18:03:50.325 14699 14724 I chatty  : uid=10104(net.osmand) Loader map obje expire 118 lines
07-03 18:03:50.360 14699 14709 I chatty  : uid=10104(net.osmand) HeapTaskDaemon expire 8 lines
07-03 18:03:51.011  1604  1621 I WifiService: requestActivityInfo uid=1000
07-03 18:03:51.011  1604  1621 I WifiService: reportActivityInfo uid=1000
07-03 18:03:51.011  1604  1621 I WifiService: getSupportedFeatures uid=1000
07-03 18:03:51.966  1604  1621 I WifiService: requestActivityInfo uid=1000
07-03 18:03:51.966  1604  1621 I WifiService: reportActivityInfo uid=1000
07-03 18:03:51.967  1604  1621 I WifiService: getSupportedFeatures uid=1000
07-03 18:03:52.022 14699 14699 I chatty  : uid=10104(net.osmand) expire 55 lines
07-03 18:03:52.070 14699 14725 I chatty  : uid=10104(net.osmand) RenderingBaseIm expire 34 lines
07-03 18:03:53.299 14699 15341 I chatty  : uid=10104(net.osmand) expire 4 lines
07-03 18:03:54.238  1604  1617 E memtrack: Couldn't load memtrack module
07-03 18:03:54.258  1604  1617 W android.os.Debug: failed to get memory consumption info: -1
07-03 18:03:54.269  1707  1729 I zygote  : Background concurrent copying GC freed 169463(5MB) AllocSpace objects, 0(0B) LOS objects, 46% free, 6MB/12MB, paused 2.627ms total 531.218ms
07-03 18:03:54.304  1604  1615 I WifiService: acquireWifiLock uid=10014 lockMode=2
07-03 18:03:54.685  1604  1617 E memtrack: Couldn't load memtrack module
07-03 18:03:54.685  1604  1617 W android.os.Debug: failed to get memory consumption info: -1
07-03 18:03:54.754  1604  1617 E memtrack: Couldn't load memtrack module
07-03 18:03:54.754  1604  1617 W android.os.Debug: failed to get memory consumption info: -1
07-03 18:03:57.303  1604  3158 D WificondControl: Scan result ready event
07-03 18:03:57.392  1604  3712 I WifiService: releaseWifiLock uid=10014
07-03 18:04:01.962 14091 14126 I Finsky  : [1499] jen.run(3): Stats for Executor: BlockingExecutor jfw@30e4db0[Running, pool size = 0, active threads = 0, queued tasks = 0, completed tasks = 16]
07-03 18:04:01.962 14091 14126 I Finsky  : [1499] jen.run(3): Stats for Executor: LightweightExecutor jfw@ee2e429[Running, pool size = 2, active threads = 0, queued tasks = 0, completed tasks = 62]
07-03 18:04:02.428 14699 14724 I chatty  : uid=10104(net.osmand) Loader map obje expire 96 lines
07-03 18:04:02.569 14699 14699 I chatty  : uid=10104(net.osmand) expire 33 lines
07-03 18:04:03.213 14699 14709 I chatty  : uid=10104(net.osmand) HeapTaskDaemon expire 5 lines
07-03 18:04:03.336 14091 14126 I Finsky  : [1499] jen.run(3): Stats for Executor: bgExecutor jfw@8d5d3ae[Running, pool size = 4, active threads = 0, queued tasks = 0, completed tasks = 33]
07-03 18:04:03.336 14699 14725 I chatty  : uid=10104(net.osmand) RenderingBaseIm expire 28 lines
07-03 18:04:05.244 14699 15341 I chatty  : uid=10104(net.osmand) expire 27 lines
07-03 18:04:05.360  2061  2074 I zygote  : NativeAlloc concurrent copying GC freed 27681(1195KB) AllocSpace objects, 0(0B) LOS objects, 49% free, 4MB/9MB, paused 1.404ms total 285.603ms
07-03 18:04:06.403 14699 15347 I chatty  : uid=10104(net.osmand) expire 31 lines
07-03 18:04:07.545 14699 15348 I chatty  : uid=10104(net.osmand) expire 31 lines
07-03 18:04:08.245  1604  1613 I zygote  : Background concurrent copying GC freed 87034(3MB) AllocSpace objects, 60(3MB) LOS objects, 7% free, 69MB/75MB, paused 1.906ms total 1.933s
07-03 18:04:10.685 14699 14699 I chatty  : uid=10104(net.osmand) expire 27 lines
07-03 18:04:10.735 14699 14725 I chatty  : uid=10104(net.osmand) RenderingBaseIm expire 24 lines
07-03 18:04:11.001 14699 14724 I chatty  : uid=10104(net.osmand) Loader map obje expire 73 lines
07-03 18:04:12.093  1970  1970 I GeofencerStateMachine: sendNewTransitions called.
07-03 18:04:12.295 14699 14709 I chatty  : uid=10104(net.osmand) HeapTaskDaemon expire 4 lines
07-03 18:04:14.461 14699 15350 I chatty  : uid=10104(net.osmand) expire 31 lines
07-03 18:04:14.560  1403  1418 D hwcomposer: hw_composer sent 24 syncs in 61s
07-03 18:04:15.424  1604  2501 I WifiService: acquireWifiLock uid=10014 lockMode=2
07-03 18:04:15.559  1604  5750 I WifiService: releaseWifiLock uid=10014
07-03 18:04:15.598 14699 15352 I chatty  : uid=10104(net.osmand) expire 31 lines
07-03 18:04:16.229 14699 15353 I chatty  : uid=10104(net.osmand) expire 4 lines
07-03 18:04:17.010  1604  1621 I WifiService: requestActivityInfo uid=1000
07-03 18:04:17.010  1604  1621 I WifiService: reportActivityInfo uid=1000
07-03 18:04:17.010  1604  1621 I WifiService: getSupportedFeatures uid=1000
07-03 18:04:17.035 14699 14724 I chatty  : uid=10104(net.osmand) Loader map obje expire 118 lines
07-03 18:04:17.432 14699 14709 I chatty  : uid=10104(net.osmand) HeapTaskDaemon expire 7 lines
07-03 18:04:17.480 14699 14699 I chatty  : uid=10104(net.osmand) expire 62 lines
07-03 18:04:17.836 14699 14725 I chatty  : uid=10104(net.osmand) RenderingBaseIm expire 48 lines
07-03 18:04:20.977  1604  1621 I WifiService: requestActivityInfo uid=1000
07-03 18:04:20.978  1604  1621 I WifiService: reportActivityInfo uid=1000
07-03 18:04:20.978  1604  1621 I WifiService: getSupportedFeatures uid=1000
07-03 18:04:21.056  2180  3279 W Conscrypt: Could not set socket write timeout: java.net.SocketException: Socket closed
07-03 18:04:21.056  2180  3279 W Conscrypt: 	at com.google.android.gms.org.conscrypt.Platform.setSocketWriteTimeout(:com.google.android.gms@17785022@17.7.85 (040700-253824076):2)
07-03 18:04:21.056  2180  3279 W Conscrypt: 	at com.google.android.gms.org.conscrypt.ConscryptFileDescriptorSocket.setSoWriteTimeout(:com.google.android.gms@17785022@17.7.85 (040700-253824076):2)
07-03 18:04:25.840  1604  1751 I WifiService: getConnectionInfo uid=10014
07-03 18:04:25.842  1604  1617 E memtrack: Couldn't load memtrack module
07-03 18:04:25.842  1604  1617 W android.os.Debug: failed to get memory consumption info: -1
07-03 18:04:25.859  1970 14287 E WakeLock: GCM_HB_ALARM release without a matched acquire!
07-03 18:04:26.109  1970  3884 I GeofencerStateMachine: addGeofences called by com.google.android.apps.maps
07-03 18:04:26.146  1604  2501 I GnssLocationProvider: WakeLock acquired by sendMessage(SET_REQUEST, 0, com.android.server.location.GnssLocationProvider$GpsRequest@bca63c9)
07-03 18:04:26.200  1604  2501 I GnssLocationProvider: WakeLock acquired by sendMessage(SET_REQUEST, 0, com.android.server.location.GnssLocationProvider$GpsRequest@117edef)
07-03 18:04:26.223  1604  5750 I WifiService: getWifiEnabledState uid=10062
07-03 18:04:26.240  1604  1617 E memtrack: Couldn't load memtrack module
07-03 18:04:26.241  1604  1617 W android.os.Debug: failed to get memory consumption info: -1
07-03 18:04:26.977  1604  1617 I GnssLocationProvider: WakeLock released by handleMessage(SET_REQUEST, 0, com.android.server.location.GnssLocationProvider$GpsRequest@bca63c9)
07-03 18:04:26.985  1604  1617 I GnssLocationProvider: WakeLock released by handleMessage(SET_REQUEST, 0, com.android.server.location.GnssLocationProvider$GpsRequest@117edef)
07-03 18:04:28.429 14699 14724 I chatty  : uid=10104(net.osmand) Loader map obje expire 81 lines
07-03 18:04:28.489 14699 14699 I chatty  : uid=10104(net.osmand) expire 16 lines
07-03 18:04:29.509 14699 15353 I chatty  : uid=10104(net.osmand) expire 27 lines
07-03 18:04:29.963 14699 14709 I chatty  : uid=10104(net.osmand) HeapTaskDaemon expire 4 lines
07-03 18:04:30.454 14699 15364 I chatty  : uid=10104(net.osmand) expire 31 lines
07-03 18:04:31.485 14699 15365 I chatty  : uid=10104(net.osmand) expire 31 lines
07-03 18:04:32.251  1707  1729 I zygote  : Background concurrent copying GC freed 174412(6MB) AllocSpace objects, 0(0B) LOS objects, 47% free, 6MB/12MB, paused 4.992ms total 186.498ms
07-03 18:04:32.474 14699 15366 I chatty  : uid=10104(net.osmand) expire 15 lines
07-03 18:04:32.475 14699 14725 I chatty  : uid=10104(net.osmand) RenderingBaseIm expire 24 lines
07-03 18:04:32.730 14699 15366 I chatty  : uid=10104(net.osmand) expire 16 lines
07-03 18:04:33.014 14699 14699 I chatty  : uid=10104(net.osmand) expire 34 lines
07-03 18:04:33.071 14699 15367 I chatty  : uid=10104(net.osmand) expire 31 lines
07-03 18:04:33.387 14699 14724 I chatty  : uid=10104(net.osmand) Loader map obje expire 80 lines
07-03 18:04:34.064 14699 14709 I chatty  : uid=10104(net.osmand) HeapTaskDaemon expire 3 lines
07-03 18:04:34.386  1604  1617 I zygote  : IncrementDisableThreadFlip blocked for 11.131ms
07-03 18:04:35.522  1604  2501 I WifiService: acquireWifiLock uid=10014 lockMode=2
07-03 18:04:37.381  1604  1613 I zygote  : Background concurrent copying GC freed 80618(3MB) AllocSpace objects, 56(2MB) LOS objects, 7% free, 69MB/75MB, paused 2.253ms total 3.014s
07-03 18:04:38.507  1604  1751 D WificondControl: Scan result ready event
07-03 18:04:38.535 14699 15368 I chatty  : uid=10104(net.osmand) expire 31 lines
07-03 18:04:38.671  1604  5750 I WifiService: releaseWifiLock uid=10014
07-03 18:04:39.224 14699 15369 I chatty  : uid=10104(net.osmand) expire 31 lines
07-03 18:04:40.347 14699 14709 I chatty  : uid=10104(net.osmand) HeapTaskDaemon expire 5 lines
07-03 18:04:40.448 14699 14699 I chatty  : uid=10104(net.osmand) expire 21 lines
07-03 18:04:40.456 14699 14725 I chatty  : uid=10104(net.osmand) RenderingBaseIm expire 24 lines
07-03 18:04:40.457 14699 15371 I chatty  : uid=10104(net.osmand) expire 31 lines
07-03 18:04:40.629 14699 14724 I chatty  : uid=10104(net.osmand) Loader map obje expire 78 lines
07-03 18:04:41.485 14699 15372 I chatty  : uid=10104(net.osmand) expire 31 lines
07-03 18:04:41.816  1410  1410 I boot-pipe: done populating /dev/random
07-03 18:04:42.025  1970 14293 W GCM     : Raising heartbeat interval to 230000, good=30 bad=0
07-03 18:04:42.025  1604  1751 I WifiService: getConnectionInfo uid=10014
07-03 18:04:42.669  2180  3279 W Conscrypt: Could not set socket write timeout: java.net.SocketException: Socket closed
07-03 18:04:42.670  2180  3279 W Conscrypt: 	at com.google.android.gms.org.conscrypt.Platform.setSocketWriteTimeout(:com.google.android.gms@17785022@17.7.85 (040700-253824076):2)
07-03 18:04:42.670  2180  3279 W Conscrypt: 	at com.google.android.gms.org.conscrypt.ConscryptFileDescriptorSocket.setSoWriteTimeout(:com.google.android.gms@17785022@17.7.85 (040700-253824076):2)
07-03 18:04:43.293  1970  1970 I GeofencerStateMachine: sendNewTransitions called.
07-03 18:04:44.847 14699 15373 I chatty  : uid=10104(net.osmand) expire 4 lines
07-03 18:04:46.671  1970  1980 I zygote  : Background concurrent copying GC freed 91560(3MB) AllocSpace objects, 0(0B) LOS objects, 39% free, 9MB/15MB, paused 1.108ms total 395.747ms
07-03 18:04:47.000 14699 14724 I chatty  : uid=10104(net.osmand) Loader map obje expire 119 lines
07-03 18:04:47.476 14699 14699 I chatty  : uid=10104(net.osmand) expire 53 lines
07-03 18:04:47.579 14699 14709 I chatty  : uid=10104(net.osmand) HeapTaskDaemon expire 6 lines
07-03 18:04:48.262 14699 14725 I chatty  : uid=10104(net.osmand) RenderingBaseIm expire 24 lines
07-03 18:04:55.073  2180  3279 V NativeCrypto: SSL handshake terminated: ssl=0xad6ac958: I/O error during system call, No such file or directory
07-03 18:04:55.616  1604  1615 I WifiService: acquireWifiLock uid=10014 lockMode=2
07-03 18:04:55.934  1604  3158 I WifiService: releaseWifiLock uid=10014
07-03 18:04:56.379  2180  3279 W Conscrypt: Could not set socket write timeout: java.net.SocketException: Socket closed
07-03 18:04:56.379  2180  3279 W Conscrypt: 	at com.google.android.gms.org.conscrypt.Platform.setSocketWriteTimeout(:com.google.android.gms@17785022@17.7.85 (040700-253824076):2)
07-03 18:04:56.498  2180  3279 W Conscrypt: 	at com.google.android.gms.org.conscrypt.ConscryptFileDescriptorSocket.setSoWriteTimeout(:com.google.android.gms@17785022@17.7.85 (040700-253824076):2)
07-03 18:05:00.019  1604  1617 E memtrack: Couldn't load memtrack module
07-03 18:05:00.028  1604  1617 W android.os.Debug: failed to get memory consumption info: -1
07-03 18:05:00.068 14699 14725 I chatty  : uid=10104(net.osmand) RenderingBaseIm expire 2 lines
07-03 18:05:00.180 14699 14724 I chatty  : uid=10104(net.osmand) Loader map obje expire 16 lines
07-03 18:05:00.540 14699 14699 I chatty  : uid=10104(net.osmand) expire 57 lines
07-03 18:05:01.208 14699 14709 I chatty  : uid=10104(net.osmand) HeapTaskDaemon expire 7 lines
07-03 18:05:01.515 14699 14725 I chatty  : uid=10104(net.osmand) RenderingBaseIm expire 26 lines
07-03 18:05:01.920 14699 14724 I chatty  : uid=10104(net.osmand) Loader map obje expire 96 lines
07-03 18:05:13.590  1970  1970 I GeofencerStateMachine: sendNewTransitions called.
07-03 18:05:13.715 14699 14699 I chatty  : uid=10104(net.osmand) expire 12 lines
07-03 18:05:13.917 14699 14724 I chatty  : uid=10104(net.osmand) Loader map obje expire 23 lines
07-03 18:05:15.489 14699 14725 I chatty  : uid=10104(net.osmand) RenderingBaseIm expire 22 lines
07-03 18:05:15.804 14699 14724 I chatty  : uid=10104(net.osmand) Loader map obje expire 112 lines
07-03 18:05:15.817 14699 14699 I chatty  : uid=10104(net.osmand) expire 65 lines
07-03 18:05:16.236 14699 14709 I chatty  : uid=10104(net.osmand) HeapTaskDaemon expire 7 lines
07-03 18:05:16.252  1604  1613 I zygote  : Background concurrent copying GC freed 94632(3MB) AllocSpace objects, 54(2MB) LOS objects, 7% free, 69MB/75MB, paused 1.508ms total 2.780s
07-03 18:05:16.801  1604  4624 I WifiService: acquireWifiLock uid=10014 lockMode=2
07-03 18:05:19.736  1604  4624 D WificondControl: Scan result ready event
07-03 18:05:19.916  1604  4218 I WifiService: releaseWifiLock uid=10014
07-03 18:05:20.994 14699 15373 I chatty  : uid=10104(net.osmand) expire 14 lines
07-03 18:05:21.901  2180  3279 V NativeCrypto: SSL handshake terminated: ssl=0xad6ac958: I/O error during system call, No such file or directory
07-03 18:05:23.344 14699 14712 I chatty  : uid=10104(net.osmand) Profile Saver expire 2 lines
07-03 18:05:28.771 14699 14724 I chatty  : uid=10104(net.osmand) Loader map obje expire 73 lines
07-03 18:05:28.856 14699 14699 I chatty  : uid=10104(net.osmand) expire 20 lines
07-03 18:05:29.489  2180  3279 W Conscrypt: Could not set socket write timeout: java.net.SocketException: Socket closed
07-03 18:05:29.489  2180  3279 W Conscrypt: 	at com.google.android.gms.org.conscrypt.Platform.setSocketWriteTimeout(:com.google.android.gms@17785022@17.7.85 (040700-253824076):2)
07-03 18:05:29.489  2180  3279 W Conscrypt: 	at com.google.android.gms.org.conscrypt.ConscryptFileDescriptorSocket.setSoWriteTimeout(:com.google.android.gms@17785022@17.7.85 (040700-253824076):2)
07-03 18:05:29.941 14699 14709 I chatty  : uid=10104(net.osmand) HeapTaskDaemon expire 5 lines
07-03 18:05:30.216 14699 14725 I chatty  : uid=10104(net.osmand) RenderingBaseIm expire 16 lines
07-03 18:05:30.315 14699 15373 I chatty  : uid=10104(net.osmand) expire 13 lines
07-03 18:05:30.663 14699 15388 I chatty  : uid=10104(net.osmand) expire 31 lines
07-03 18:05:31.197  1707  1729 I zygote  : Background concurrent copying GC freed 169048(5MB) AllocSpace objects, 0(0B) LOS objects, 46% free, 6MB/12MB, paused 12.521ms total 557.905ms
07-03 18:05:31.938 14699 15390 I chatty  : uid=10104(net.osmand) expire 31 lines
07-03 18:05:32.551 14699 15391 I chatty  : uid=10104(net.osmand) expire 31 lines
07-03 18:05:35.114  2061  2074 I zygote  : NativeAlloc concurrent copying GC freed 27886(1195KB) AllocSpace objects, 0(0B) LOS objects, 49% free, 4MB/9MB, paused 19.832ms total 166.527ms
07-03 18:05:36.479 14699 14699 I chatty  : uid=10104(net.osmand) expire 46 lines
07-03 18:05:36.483 14699 15392 I chatty  : uid=10104(net.osmand) expire 31 lines
07-03 18:05:36.627 14699 14725 I chatty  : uid=10104(net.osmand) RenderingBaseIm expire 22 lines
07-03 18:05:36.857  1604  5750 I WifiService: acquireWifiLock uid=10014 lockMode=2
07-03 18:05:36.885  1604  1617 E memtrack: Couldn't load memtrack module
07-03 18:05:36.885  1604  1617 W android.os.Debug: failed to get memory consumption info: -1
07-03 18:05:37.073  1604  1615 I WifiService: releaseWifiLock uid=10014
07-03 18:05:37.373 14699 14724 I chatty  : uid=10104(net.osmand) Loader map obje expire 80 lines
07-03 18:05:37.481 14699 14709 I chatty  : uid=10104(net.osmand) HeapTaskDaemon expire 6 lines
07-03 18:05:37.504  1604  1617 E memtrack: Couldn't load memtrack module
07-03 18:05:37.504  1604  1617 W android.os.Debug: failed to get memory consumption info: -1
07-03 18:05:39.560 14699 15394 I chatty  : uid=10104(net.osmand) expire 31 lines
07-03 18:05:41.830  1410  1410 I boot-pipe: done populating /dev/random
07-03 18:05:42.397 14699 15396 I chatty  : uid=10104(net.osmand) expire 31 lines
07-03 18:05:44.170  1604  2501 I MediaFocusControl: requestAudioFocus() from uid/pid 10104/14699 clientId=android.media.AudioManager@8717807net.osmand.plus.api.AudioFocusHelperImpl@53c0dec callingPack=net.osmand req=3 flags=0x0 sdk=26
07-03 18:05:44.172  4639 14788 I TTS.GoogleTTSServiceImp: Synthesis request for locale por-BRA and name pt-BR-language
07-03 18:05:44.173  4639 14788 I TTS.GoogleTTSServiceImp: TTS dispatch: pt-br-x-afs-lstm-embedded
07-03 18:05:44.304  4639 14789 D AudioTrack: Client defaulted notificationFrames to 1365 for frameCount 4096
07-03 18:03:39.888  1604  1621 I chatty  : uid=1000(system) batterystats-wo identical 4 lines
07-03 18:04:09.013  1604  1621 E BatteryExternalStatsWorker: modem info is invalid: ModemActivityInfo{ mTimestamp=0 mSleepTimeMs=0 mIdleTimeMs=0 mTxTimeMs[]=[0, 0, 0, 0, 0] mRxTimeMs=0 mEnergyUsed=0}
07-03 18:05:44.320  1604  3712 V MediaRouterService: restoreBluetoothA2dp(false)
07-03 18:05:44.330  1394  3176 W audio_hw_generic: Not supplying enough data to HAL, expected position 474455071 , only wrote 474454800
07-03 18:05:44.644  1970  1970 I GeofencerStateMachine: sendNewTransitions called.
07-03 18:05:45.291  4639  4649 I zygote  : Background concurrent copying GC freed 17351(2MB) AllocSpace objects, 0(0B) LOS objects, 50% free, 3MB/7MB, paused 8.814ms total 187.560ms
07-03 18:05:45.444  1394  3176 W audio_hw_generic: Not supplying enough data to HAL, expected position 474508262 , only wrote 474508080
07-03 18:05:45.445  1394  3176 W audio_hw_generic: Not supplying enough data to HAL, expected position 474508096 , only wrote 474508080
07-03 18:05:45.464  1394  3176 W audio_hw_generic: Not supplying enough data to HAL, expected position 474509003 , only wrote 474508800
07-03 18:05:45.474  1477  1572 D AudioFlinger: mixer(0xac983140) throttle end: throttle time(12)
07-03 18:05:45.866  1477  1572 D AudioFlinger: mixer(0xac983140) throttle end: throttle time(7)
07-03 18:05:46.718 14699 14699 I chatty  : uid=10104(net.osmand) expire 38 lines
07-03 18:05:47.087  1394  3176 W audio_hw_generic: Not supplying enough data to HAL, expected position 474586725 , only wrote 474586560
07-03 18:05:47.094  1477  1572 D AudioFlinger: mixer(0xac983140) throttle end: throttle time(11)
07-03 18:05:47.287 14699 14709 I chatty  : uid=10104(net.osmand) HeapTaskDaemon expire 4 lines
07-03 18:05:47.480  1394  3176 W audio_hw_generic: Not supplying enough data to HAL, expected position 474605410 , only wrote 474605280
07-03 18:05:47.711 14699 14725 I chatty  : uid=10104(net.osmand) RenderingBaseIm expire 16 lines
07-03 18:05:48.166 14699 14724 I chatty  : uid=10104(net.osmand) Loader map obje expire 96 lines
07-03 18:05:48.563  4639 14789 D AudioTrack: stop() called with 90970 frames delivered
07-03 18:05:48.566  1604  4218 V MediaRouterService: restoreBluetoothA2dp(false)
07-03 18:05:48.571 14699 15154 I chatty  : uid=10104(net.osmand) Binder:14699_9 expire 2 lines
07-03 18:05:48.572  1604  2501 I MediaFocusControl: abandonAudioFocus() from uid/pid 10104/14699 clientId=android.media.AudioManager@8717807net.osmand.plus.api.AudioFocusHelperImpl@53c0dec
07-03 18:05:48.742  1394  3176 W audio_hw_generic: Not supplying enough data to HAL, expected position 474665846 , only wrote 474665760
07-03 18:05:49.082  1394  3176 W audio_hw_generic: Not supplying enough data to HAL, expected position 474682075 , only wrote 474680880
07-03 18:05:49.082  1394  3176 W audio_hw_generic: Not supplying enough data to HAL, expected position 474680899 , only wrote 474680880
07-03 18:05:49.098  1394  3176 W audio_hw_generic: Not supplying enough data to HAL, expected position 474681632 , only wrote 474681600
07-03 18:05:50.649  1394  3176 W audio_hw_generic: Not supplying enough data to HAL, expected position 474756077 , only wrote 474755040
07-03 18:05:50.650  1394  3176 W audio_hw_generic: Not supplying enough data to HAL, expected position 474755081 , only wrote 474755040
07-03 18:05:50.891  1394  3176 W audio_hw_generic: Not supplying enough data to HAL, expected position 474766574 , only wrote 474766560
07-03 18:05:50.892  1394  3176 W audio_hw_generic: Not supplying enough data to HAL, expected position 474766570 , only wrote 474766560
07-03 18:05:50.907  1394  3176 W audio_hw_generic: Not supplying enough data to HAL, expected position 474767329 , only wrote 474767280
07-03 18:05:51.299  1394  3176 W audio_hw_generic: Not supplying enough data to HAL, expected position 474786100 , only wrote 474786000
07-03 18:05:51.601  1394  1567 W audio_hw_generic: Not supplying enough data to HAL, expected position 474813942 , only wrote 474800400
07-03 18:05:51.684  1604  5750 I MediaFocusControl: requestAudioFocus() from uid/pid 10104/14699 clientId=android.media.AudioManager@8717807net.osmand.plus.api.AudioFocusHelperImpl@2b82e84 callingPack=net.osmand req=3 flags=0x0 sdk=26
07-03 18:05:51.687  4639 14788 I TTS.GoogleTTSServiceImp: Synthesis request for locale por-BRA and name pt-BR-language
07-03 18:05:51.689  4639 14788 I TTS.GoogleTTSServiceImp: TTS dispatch: pt-br-x-afs-lstm-embedded
07-03 18:05:51.720  4639 14789 D AudioTrack: Client defaulted notificationFrames to 1365 for frameCount 4096
07-03 18:05:51.738  1604  5750 V MediaRouterService: restoreBluetoothA2dp(false)
07-03 18:05:51.760  1394  3176 W audio_hw_generic: Not supplying enough data to HAL, expected position 474800562 , only wrote 474800400
07-03 18:05:52.543 14699 15400 I chatty  : uid=10104(net.osmand) expire 31 lines
07-03 18:05:53.052  1394  3176 W audio_hw_generic: Not supplying enough data to HAL, expected position 474862458 , only wrote 474862320
07-03 18:05:53.053  1394  3176 W audio_hw_generic: Not supplying enough data to HAL, expected position 474862366 , only wrote 474862320
07-03 18:05:53.070  1394  3176 W audio_hw_generic: Not supplying enough data to HAL, expected position 474863141 , only wrote 474863040
07-03 18:05:53.104  1394  3176 W audio_hw_generic: Hardware backing HAL too slow, could only write 0 of 720 frames
07-03 18:05:53.294  1477  1572 D AudioFlinger: mixer(0xac983140) throttle end: throttle time(11)
07-03 18:05:53.557 14699 15401 I chatty  : uid=10104(net.osmand) expire 4 lines
07-03 18:05:53.702  4639 14789 D AudioTrack: stop() called with 40810 frames delivered
07-03 18:05:53.719 14699 15018 I chatty  : uid=10104(net.osmand) Binder:14699_6 expire 2 lines
07-03 18:05:53.721  1604  2501 I MediaFocusControl: abandonAudioFocus() from uid/pid 10104/14699 clientId=android.media.AudioManager@8717807net.osmand.plus.api.AudioFocusHelperImpl@2b82e84
07-03 18:05:53.729  1604  1615 V MediaRouterService: restoreBluetoothA2dp(false)
07-03 18:05:54.246  1394  3176 W audio_hw_generic: Not supplying enough data to HAL, expected position 474919444 , only wrote 474919200
07-03 18:05:54.574 14699 14699 I chatty  : uid=10104(net.osmand) expire 54 lines
07-03 18:05:55.056  1394  3176 W audio_hw_generic: Not supplying enough data to HAL, expected position 474958113 , only wrote 474958080
07-03 18:05:55.129  1604  1613 I zygote  : Background concurrent copying GC freed 69858(2MB) AllocSpace objects, 36(1872KB) LOS objects, 7% free, 69MB/75MB, paused 1.362ms total 3.124s
07-03 18:05:55.583 14699 14725 I chatty  : uid=10104(net.osmand) RenderingBaseIm expire 32 lines
07-03 18:05:56.054 14699 14724 I chatty  : uid=10104(net.osmand) Loader map obje expire 112 lines
07-03 18:05:56.098 14699 14709 I chatty  : uid=10104(net.osmand) HeapTaskDaemon expire 7 lines
07-03 18:05:56.702  1394  3176 W audio_hw_generic: Not supplying enough data to HAL, expected position 475037056 , only wrote 475035840
07-03 18:05:56.704  1394  1567 W audio_hw_generic: Not supplying enough data to HAL, expected position 475035950 , only wrote 475035840
07-03 18:05:56.913  1604  3712 I WifiService: acquireWifiLock uid=10014 lockMode=2
07-03 18:05:59.987  1604  1615 D WificondControl: Scan result ready event
07-03 18:06:00.321  1604  1615 I WifiService: releaseWifiLock uid=10014
07-03 18:06:05.114  2180  3279 V NativeCrypto: SSL handshake terminated: ssl=0xad6ac958: I/O error during system call, No such file or directory
07-03 18:06:05.164 14699 14699 I chatty  : uid=10104(net.osmand) expire 59 lines
07-03 18:06:08.114 14699 14725 I chatty  : uid=10104(net.osmand) RenderingBaseIm expire 38 lines
07-03 18:06:08.530 14699 14724 I chatty  : uid=10104(net.osmand) Loader map obje expire 104 lines
07-03 18:06:08.803 14699 14709 I chatty  : uid=10104(net.osmand) HeapTaskDaemon expire 5 lines
07-03 18:06:10.995  2180  3279 W Conscrypt: Could not set socket write timeout: java.net.SocketException: Socket closed
07-03 18:06:10.998  2180  3279 W Conscrypt: 	at com.google.android.gms.org.conscrypt.Platform.setSocketWriteTimeout(:com.google.android.gms@17785022@17.7.85 (040700-253824076):2)
07-03 18:06:10.999  2180  3279 W Conscrypt: 	at com.google.android.gms.org.conscrypt.ConscryptFileDescriptorSocket.setSoWriteTimeout(:com.google.android.gms@17785022@17.7.85 (040700-253824076):2)
07-03 18:06:15.606  1970  1970 I GeofencerStateMachine: sendNewTransitions called.
07-03 18:06:15.660 14699 14699 I chatty  : uid=10104(net.osmand) expire 2 lines
07-03 18:06:16.147 14699 15401 I chatty  : uid=10104(net.osmand) expire 27 lines
07-03 18:06:16.950 14699 14724 I chatty  : uid=10104(net.osmand) Loader map obje expire 76 lines
07-03 18:06:17.299 14699 14709 I chatty  : uid=10104(net.osmand) HeapTaskDaemon expire 7 lines
07-03 18:06:17.461 14699 14699 I chatty  : uid=10104(net.osmand) expire 44 lines
07-03 18:06:17.503 14699 14725 I chatty  : uid=10104(net.osmand) RenderingBaseIm expire 26 lines
07-03 18:06:17.952  1604  1615 I WifiService: acquireWifiLock uid=10014 lockMode=2
07-03 18:06:18.061  1604  3158 I WifiService: releaseWifiLock uid=10014
07-03 18:06:18.854 14699 15404 I chatty  : uid=10104(net.osmand) expire 31 lines
07-03 18:06:19.599 14699 15405 I chatty  : uid=10104(net.osmand) expire 31 lines
07-03 18:06:20.153 14699 15406 I chatty  : uid=10104(net.osmand) expire 31 lines
07-03 18:06:23.930  2180  3279 V NativeCrypto: SSL handshake terminated: ssl=0xad6ac958: I/O error during system call, No such file or directory
07-03 18:06:25.941  2180  3279 W Conscrypt: Could not set socket write timeout: java.net.SocketException: Socket closed
07-03 18:06:25.941  2180  3279 W Conscrypt: 	at com.google.android.gms.org.conscrypt.Platform.setSocketWriteTimeout(:com.google.android.gms@17785022@17.7.85 (040700-253824076):2)
07-03 18:06:25.941  2180  3279 W Conscrypt: 	at com.google.android.gms.org.conscrypt.ConscryptFileDescriptorSocket.setSoWriteTimeout(:com.google.android.gms@17785022@17.7.85 (040700-253824076):2)
07-03 18:06:26.724  1604  1613 I zygote  : Background concurrent copying GC freed 87243(3MB) AllocSpace objects, 56(2MB) LOS objects, 7% free, 69MB/75MB, paused 1.318ms total 2.132s
07-03 18:06:26.883 14699 14724 I chatty  : uid=10104(net.osmand) Loader map obje expire 108 lines
07-03 18:06:27.336 14699 14699 I chatty  : uid=10104(net.osmand) expire 33 lines
07-03 18:06:27.393 14699 14725 I chatty  : uid=10104(net.osmand) RenderingBaseIm expire 30 lines
07-03 18:06:27.995 14699 14709 I chatty  : uid=10104(net.osmand) HeapTaskDaemon expire 6 lines
07-03 18:06:29.626  1707  1729 I zygote  : Background concurrent copying GC freed 173573(6MB) AllocSpace objects, 0(0B) LOS objects, 47% free, 6MB/12MB, paused 1.857ms total 320.609ms
07-03 18:06:34.132 14699 15411 I chatty  : uid=10104(net.osmand) expire 31 lines
07-03 18:06:35.704 14699 14725 I chatty  : uid=10104(net.osmand) RenderingBaseIm expire 18 lines
07-03 18:06:35.748 14699 14699 I chatty  : uid=10104(net.osmand) expire 21 lines
07-03 18:06:35.752 14699 15412 I chatty  : uid=10104(net.osmand) expire 31 lines
07-03 18:06:36.219 14699 14724 I chatty  : uid=10104(net.osmand) Loader map obje expire 64 lines
07-03 18:06:36.502 14699 14709 I chatty  : uid=10104(net.osmand) HeapTaskDaemon expire 4 lines
07-03 18:06:36.552 14699 15413 I chatty  : uid=10104(net.osmand) expire 31 lines
07-03 18:06:37.540 14699 15414 I chatty  : uid=10104(net.osmand) expire 31 lines
07-03 18:06:37.979  1604  5750 I WifiService: acquireWifiLock uid=10014 lockMode=2
07-03 18:06:38.006  1604  1617 E memtrack: Couldn't load memtrack module
07-03 18:06:38.006  1604  1617 W android.os.Debug: failed to get memory consumption info: -1
07-03 18:06:38.144  1604  1617 E memtrack: Couldn't load memtrack module
07-03 18:06:38.144  1604  1617 W android.os.Debug: failed to get memory consumption info: -1
07-03 18:06:39.554 14699 15415 I chatty  : uid=10104(net.osmand) expire 31 lines
07-03 18:06:39.615  1403  1418 D hwcomposer: hw_composer sent 12 syncs in 145s
07-03 18:06:40.668 14699 14699 I chatty  : uid=10104(net.osmand) expire 23 lines
07-03 18:06:40.985  1604  1615 D WificondControl: Scan result ready event
07-03 18:06:41.072 14699 14725 I chatty  : uid=10104(net.osmand) RenderingBaseIm expire 14 lines
07-03 18:06:41.134  1604  4218 I WifiService: releaseWifiLock uid=10014
07-03 18:06:41.134 14699 14724 I chatty  : uid=10104(net.osmand) Loader map obje expire 52 lines
07-03 18:06:41.540 14699 14709 I chatty  : uid=10104(net.osmand) HeapTaskDaemon expire 4 lines
07-03 18:06:41.580 14699 15417 I chatty  : uid=10104(net.osmand) expire 31 lines
07-03 18:06:41.832  1410  1410 I boot-pipe: done populating /dev/random
07-03 18:06:42.570 14699 15418 I chatty  : uid=10104(net.osmand) expire 31 lines
07-03 18:06:42.666 14699 14712 I chatty  : uid=10104(net.osmand) Profile Saver expire 2 lines
07-03 18:06:43.535 14699 15419 I chatty  : uid=10104(net.osmand) expire 31 lines
07-03 18:06:45.619  1970  1970 I GeofencerStateMachine: sendNewTransitions called.
07-03 18:06:46.429 14699 15420 I chatty  : uid=10104(net.osmand) expire 31 lines
07-03 18:06:47.205 14699 14724 I chatty  : uid=10104(net.osmand) Loader map obje expire 100 lines
07-03 18:06:47.588 14699 14699 I chatty  : uid=10104(net.osmand) expire 15 lines
07-03 18:06:48.197 14699 14709 I chatty  : uid=10104(net.osmand) HeapTaskDaemon expire 5 lines
07-03 18:06:50.348 14699 14725 I chatty  : uid=10104(net.osmand) RenderingBaseIm expire 16 lines
07-03 18:06:52.877  2180  3279 W Conscrypt: Could not set socket write timeout: java.net.SocketException: Socket closed
07-03 18:06:52.878  2180  3279 W Conscrypt: 	at com.google.android.gms.org.conscrypt.Platform.setSocketWriteTimeout(:com.google.android.gms@17785022@17.7.85 (040700-253824076):2)
07-03 18:06:52.878  2180  3279 W Conscrypt: 	at com.google.android.gms.org.conscrypt.ConscryptFileDescriptorSocket.setSoWriteTimeout(:com.google.android.gms@17785022@17.7.85 (040700-253824076):2)
07-03 18:06:52.879  1970  1980 I zygote  : Background concurrent copying GC freed 108055(4MB) AllocSpace objects, 0(0B) LOS objects, 40% free, 8MB/14MB, paused 909us total 305.763ms
07-03 18:06:53.035  1604  3712 I WifiService: getConnectionInfo uid=10014
07-03 18:06:53.503  1970  2931 I GeofencerStateMachine: addGeofences called by com.google.android.apps.maps
07-03 18:06:53.550  1604  1615 I GnssLocationProvider: WakeLock acquired by sendMessage(SET_REQUEST, 0, com.android.server.location.GnssLocationProvider$GpsRequest@5369b63)
07-03 18:06:53.600  1604  1615 I WifiService: getWifiEnabledState uid=10062
07-03 18:06:53.692  1970  1970 I GeofencerStateMachine: sendNewTransitions called.
07-03 18:06:53.703  1970  1970 I GeofencerStateMachine: sendNewLocationAvailability: availability=LocationAvailability[isLocationAvailable: true]
07-03 18:06:53.770  1604  1615 I GnssLocationProvider: WakeLock acquired by sendMessage(SET_REQUEST, 0, com.android.server.location.GnssLocationProvider$GpsRequest@b616019)
07-03 18:06:53.867  1604  1617 I GnssLocationProvider: WakeLock released by handleMessage(SET_REQUEST, 0, com.android.server.location.GnssLocationProvider$GpsRequest@5369b63)
07-03 18:06:53.868  1604  1617 I GnssLocationProvider: WakeLock released by handleMessage(SET_REQUEST, 0, com.android.server.location.GnssLocationProvider$GpsRequest@b616019)
07-03 18:06:54.363 14699 15425 I chatty  : uid=10104(net.osmand) expire 31 lines
07-03 18:06:54.515 14699 14782 I chatty  : uid=10104(net.osmand) pool-2-thread-1 expire 2 lines
07-03 18:06:55.591 14699 15426 I chatty  : uid=10104(net.osmand) expire 31 lines
07-03 18:06:56.234  1604  1613 I zygote  : Background concurrent copying GC freed 80972(2MB) AllocSpace objects, 54(2MB) LOS objects, 7% free, 69MB/75MB, paused 1.076ms total 1.967s
07-03 18:06:56.546 14699 14699 I chatty  : uid=10104(net.osmand) expire 15 lines
07-03 18:06:56.550 14699 15427 I chatty  : uid=10104(net.osmand) expire 31 lines
07-03 18:06:56.551 14699 14725 I chatty  : uid=10104(net.osmand) RenderingBaseIm expire 16 lines
07-03 18:06:56.603 14699 14724 I chatty  : uid=10104(net.osmand) Loader map obje expire 68 lines
07-03 18:06:57.172 14699 14709 I chatty  : uid=10104(net.osmand) HeapTaskDaemon expire 5 lines
07-03 18:06:58.034  1604  3712 I WifiService: acquireWifiLock uid=10014 lockMode=2
07-03 18:06:58.140  1604  2501 I WifiService: releaseWifiLock uid=10014
07-03 18:06:58.624 14699 15428 I chatty  : uid=10104(net.osmand) expire 31 lines
07-03 18:06:59.553 14699 15429 I chatty  : uid=10104(net.osmand) expire 31 lines
07-03 18:07:00.576 14699 15430 I chatty  : uid=10104(net.osmand) expire 31 lines
07-03 18:07:01.680 14699 14725 I chatty  : uid=10104(net.osmand) RenderingBaseIm expire 20 lines
07-03 18:07:01.964 14091 14126 I Finsky  : [1499] jen.run(3): Stats for Executor: BlockingExecutor jfw@30e4db0[Running, pool size = 0, active threads = 0, queued tasks = 0, completed tasks = 16]
07-03 18:07:01.965 14091 14126 I Finsky  : [1499] jen.run(3): Stats for Executor: LightweightExecutor jfw@ee2e429[Running, pool size = 2, active threads = 0, queued tasks = 0, completed tasks = 62]
07-03 18:07:02.071 14699 14724 I chatty  : uid=10104(net.osmand) Loader map obje expire 60 lines
07-03 18:07:02.603 14699 14709 I chatty  : uid=10104(net.osmand) HeapTaskDaemon expire 3 lines
07-03 18:07:02.761 14699 14699 I chatty  : uid=10104(net.osmand) expire 13 lines
07-03 18:07:02.831 14699 15431 I chatty  : uid=10104(net.osmand) expire 31 lines
07-03 18:07:03.338 14091 14126 I Finsky  : [1499] jen.run(3): Stats for Executor: bgExecutor jfw@8d5d3ae[Running, pool size = 4, active threads = 0, queued tasks = 0, completed tasks = 33]
07-03 18:07:03.553 14699 15432 I chatty  : uid=10104(net.osmand) expire 31 lines
07-03 18:07:04.610 14699 15433 I chatty  : uid=10104(net.osmand) expire 31 lines
07-03 18:07:05.468 14699 15434 I chatty  : uid=10104(net.osmand) expire 31 lines
07-03 18:07:05.993 14699 14724 I chatty  : uid=10104(net.osmand) Loader map obje expire 47 lines
07-03 18:07:06.347 14699 14709 I chatty  : uid=10104(net.osmand) HeapTaskDaemon expire 3 lines
07-03 18:07:06.559 14699 14699 I chatty  : uid=10104(net.osmand) expire 13 lines
07-03 18:07:06.571 14699 15435 I chatty  : uid=10104(net.osmand) expire 31 lines
07-03 18:07:06.818 14699 14725 I chatty  : uid=10104(net.osmand) RenderingBaseIm expire 14 lines
07-03 18:07:06.850  2180  3279 W Conscrypt: Could not set socket write timeout: java.net.SocketException: Socket closed
07-03 18:07:06.850  2180  3279 W Conscrypt: 	at com.google.android.gms.org.conscrypt.Platform.setSocketWriteTimeout(:com.google.android.gms@17785022@17.7.85 (040700-253824076):2)
07-03 18:07:06.850  2180  3279 W Conscrypt: 	at com.google.android.gms.org.conscrypt.ConscryptFileDescriptorSocket.setSoWriteTimeout(:com.google.android.gms@17785022@17.7.85 (040700-253824076):2)
07-03 18:07:07.597 14699 15436 I chatty  : uid=10104(net.osmand) expire 31 lines
07-03 18:07:07.724  1604  3158 I WifiService: getConnectionInfo uid=10014
07-03 18:07:07.773  2180  2180 I GCM     : Message from 745476177629
07-03 18:07:07.813  1604  1617 I UsageStatsService: User[0] Rolling over usage stats
07-03 18:07:07.813  1604  1617 I UsageStatsService: User[0] Flushing usage stats to disk
07-03 18:07:08.053  1604  1617 I UsageStatsService: User[0] Rollover scheduled @ 2019-07-04 14:07:07(1562263627383)
07-03 18:07:08.054  1604  1617 I UsageStatsService: User[0] Flushing usage stats to disk
07-03 18:07:08.095  1604  1617 I UsageStatsService: User[0] Rolling over usage stats complete. Took 281 milliseconds
07-03 18:07:08.283 14699 15437 I chatty  : uid=10104(net.osmand) expire 31 lines
07-03 18:07:08.689  2061  2074 I zygote  : NativeAlloc concurrent copying GC freed 28047(1210KB) AllocSpace objects, 0(0B) LOS objects, 49% free, 4MB/9MB, paused 17.002ms total 385.136ms
07-03 18:07:09.560 14699 15450 I chatty  : uid=10104(net.osmand) expire 31 lines
07-03 18:07:10.289 14699 14724 I chatty  : uid=10104(net.osmand) Loader map obje expire 55 lines
07-03 18:07:10.340 14699 14709 I chatty  : uid=10104(net.osmand) HeapTaskDaemon expire 4 lines
07-03 18:07:10.557 14699 14699 I chatty  : uid=10104(net.osmand) expire 16 lines
07-03 18:07:10.567 14699 15451 I chatty  : uid=10104(net.osmand) expire 31 lines
07-03 18:07:11.017 14699 14725 I chatty  : uid=10104(net.osmand) RenderingBaseIm expire 12 lines
07-03 18:07:11.588 14699 15452 I chatty  : uid=10104(net.osmand) expire 31 lines
07-03 18:07:12.684 14699 15453 I chatty  : uid=10104(net.osmand) expire 31 lines
07-03 18:07:13.568 14699 15454 I chatty  : uid=10104(net.osmand) expire 31 lines
07-03 18:07:14.574 14699 15455 I chatty  : uid=10104(net.osmand) expire 31 lines
07-03 18:07:15.004 14699 14699 I chatty  : uid=10104(net.osmand) expire 17 lines
07-03 18:07:15.008 14699 14725 I chatty  : uid=10104(net.osmand) RenderingBaseIm expire 18 lines
07-03 18:07:15.446 14699 14709 I chatty  : uid=10104(net.osmand) HeapTaskDaemon expire 3 lines
07-03 18:07:15.450 14699 14724 I chatty  : uid=10104(net.osmand) Loader map obje expire 48 lines
07-03 18:07:15.591 14699 15456 I chatty  : uid=10104(net.osmand) expire 31 lines
07-03 18:07:15.609  1604  5750 I WifiService: getConnectionInfo uid=10014
07-03 18:07:15.688  1970 14293 W WakeLock: GCM_READ counter does not exist
07-03 18:07:16.253  1604  5750 W ActivityManager: Unable to start service Intent { act=com.google.firebase.MESSAGING_EVENT pkg=com.google.android.googlequicksearchbox } U=0: not found
07-03 18:07:16.253 10677 10677 E FirebaseInstanceId: binding to the service failed
07-03 18:07:16.267  2061  2116 D ProtoStore: no cached data
07-03 18:07:16.387 14699 15466 I chatty  : uid=10104(net.osmand) expire 31 lines
07-03 18:07:17.664 14699 15467 I chatty  : uid=10104(net.osmand) expire 31 lines
07-03 18:07:18.300  1707  1729 I zygote  : Background concurrent copying GC freed 170502(5MB) AllocSpace objects, 0(0B) LOS objects, 46% free, 6MB/12MB, paused 4.289ms total 343.568ms
07-03 18:07:18.603 14699 15468 I chatty  : uid=10104(net.osmand) expire 31 lines
07-03 18:07:19.178  1604  2501 I WifiService: acquireWifiLock uid=10014 lockMode=2
07-03 18:07:19.355 14699 14725 I chatty  : uid=10104(net.osmand) RenderingBaseIm expire 12 lines
07-03 18:07:19.647 14699 14724 I chatty  : uid=10104(net.osmand) Loader map obje expire 53 lines
07-03 18:07:19.744 14699 14699 I chatty  : uid=10104(net.osmand) expire 13 lines
07-03 18:07:19.746 14699 15470 I chatty  : uid=10104(net.osmand) expire 31 lines
07-03 18:07:20.012  1604  2501 I WifiService: getConnectionInfo uid=10014
07-03 18:07:20.069  1970 14293 W WakeLock: GCM_READ counter does not exist
07-03 18:07:20.143  1604  2501 W ActivityManager: Unable to start service Intent { act=com.google.firebase.MESSAGING_EVENT pkg=com.google.android.googlequicksearchbox } U=0: not found
07-03 18:07:20.144 10677 10677 E FirebaseInstanceId: binding to the service failed
07-03 18:07:20.354 14699 14709 I chatty  : uid=10104(net.osmand) HeapTaskDaemon expire 3 lines
07-03 18:07:20.648 14699 15471 I chatty  : uid=10104(net.osmand) expire 31 lines
07-03 18:07:21.344  1604  1613 I zygote  : Background concurrent copying GC freed 74594(2MB) AllocSpace objects, 64(3MB) LOS objects, 7% free, 69MB/75MB, paused 5.060ms total 1.744s
07-03 18:07:21.585 14699 15474 I chatty  : uid=10104(net.osmand) expire 31 lines
07-03 18:07:22.043 14699 15475 I chatty  : uid=10104(net.osmand) expire 31 lines
07-03 18:07:22.196  1604  3158 D WificondControl: Scan result ready event
07-03 18:07:22.305  1604  5750 I WifiService: releaseWifiLock uid=10014
07-03 18:07:22.590  1970  1970 I GeofencerStateMachine: sendNewTransitions called.
07-03 18:07:23.669 14699 14724 I chatty  : uid=10104(net.osmand) Loader map obje expire 59 lines
07-03 18:07:24.096 14699 14709 I chatty  : uid=10104(net.osmand) HeapTaskDaemon expire 4 lines
07-03 18:07:24.516 14699 14699 I chatty  : uid=10104(net.osmand) expire 18 lines
07-03 18:07:24.594 14699 15476 I chatty  : uid=10104(net.osmand) expire 31 lines
07-03 18:07:24.769 14699 14725 I chatty  : uid=10104(net.osmand) RenderingBaseIm expire 12 lines
07-03 18:07:25.595 14699 15481 I chatty  : uid=10104(net.osmand) expire 31 lines
07-03 18:07:26.563 14699 15482 I chatty  : uid=10104(net.osmand) expire 31 lines
07-03 18:07:26.600 14699 14712 I chatty  : uid=10104(net.osmand) Profile Saver expire 2 lines
07-03 18:07:27.186 14699 15483 I chatty  : uid=10104(net.osmand) expire 31 lines
07-03 18:07:28.394 14699 14725 I chatty  : uid=10104(net.osmand) RenderingBaseIm expire 14 lines
07-03 18:07:28.395 14699 15484 I chatty  : uid=10104(net.osmand) expire 31 lines
07-03 18:07:28.660 14699 14724 I chatty  : uid=10104(net.osmand) Loader map obje expire 64 lines
07-03 18:07:28.771 14699 14699 I chatty  : uid=10104(net.osmand) expire 13 lines
07-03 18:07:28.793 14699 15485 I chatty  : uid=10104(net.osmand) expire 31 lines
07-03 18:07:29.385 14699 14709 I chatty  : uid=10104(net.osmand) HeapTaskDaemon expire 4 lines
07-03 18:07:30.589 14699 15486 I chatty  : uid=10104(net.osmand) expire 31 lines
07-03 18:07:30.810  1604  1618 I ActivityManager: Waited long enough for: ServiceRecord{af659bc u0 com.google.android.googlequicksearchbox/com.google.android.apps.gsa.shared.util.keepalive.StandaloneKeepAlive$KeepAliveService}
07-03 18:07:32.370 14699 15487 I chatty  : uid=10104(net.osmand) expire 31 lines
07-03 18:07:33.540 14699 14699 I chatty  : uid=10104(net.osmand) expire 16 lines
07-03 18:07:33.544 14699 14725 I chatty  : uid=10104(net.osmand) RenderingBaseIm expire 12 lines
07-03 18:07:33.554 14699 15488 I chatty  : uid=10104(net.osmand) expire 31 lines
07-03 18:07:33.781 14699 14724 I chatty  : uid=10104(net.osmand) Loader map obje expire 48 lines
07-03 18:07:34.005 14323 15479 I zygote  : Deoptimizing aela aela.a(java.lang.Iterable) due to JIT inline cache
07-03 18:07:34.312 14323 15480 I zygote  : Deoptimizing java.lang.Object aeri.a(java.lang.Object, java.lang.Object[], int, int, java.lang.Object) due to JIT inline cache
07-03 18:07:34.417 14699 14709 I chatty  : uid=10104(net.osmand) HeapTaskDaemon expire 3 lines
07-03 18:07:34.643 14699 15493 I chatty  : uid=10104(net.osmand) expire 31 lines
07-03 18:07:35.663 14699 15494 I chatty  : uid=10104(net.osmand) expire 31 lines
07-03 18:07:36.269 14699 15495 I chatty  : uid=10104(net.osmand) expire 31 lines
07-03 18:07:36.714 14699 15496 I chatty  : uid=10104(net.osmand) expire 31 lines
07-03 18:07:37.833 14699 14725 I chatty  : uid=10104(net.osmand) RenderingBaseIm expire 10 lines
07-03 18:07:38.029 14699 14724 I chatty  : uid=10104(net.osmand) Loader map obje expire 48 lines
07-03 18:07:38.411 14699 14709 I chatty  : uid=10104(net.osmand) HeapTaskDaemon expire 4 lines
07-03 18:07:38.576 14699 14699 I chatty  : uid=10104(net.osmand) expire 11 lines
07-03 18:07:38.583 14699 15497 I chatty  : uid=10104(net.osmand) expire 31 lines
07-03 18:07:39.210 14699 15498 I chatty  : uid=10104(net.osmand) expire 31 lines
07-03 18:07:39.244  1604  5750 I WifiService: acquireWifiLock uid=10014 lockMode=2
07-03 18:07:39.332  1604  1617 E memtrack: Couldn't load memtrack module
07-03 18:07:39.332  1604  1617 W android.os.Debug: failed to get memory consumption info: -1
07-03 18:07:39.348 14323 14385 W adcc    : [go/unknown-location] executesOrExecutesNext
07-03 18:07:39.348 14323 14385 W adcc    : adcv: executesOrExecutesNext
07-03 18:07:39.348 14323 14385 W adcc    : 	at adct.run(Unknown Source:2)
07-03 18:07:39.348 14323 14385 W adcc    : 	at java.util.concurrent.Executors$RunnableAdapter.call(Executors.java:457)
07-03 18:07:39.348 14323 14385 W adcc    : 	at java.util.concurrent.FutureTask.run(FutureTask.java:266)
07-03 18:07:39.348 14323 14385 W adcc    : 	at java.util.concurrent.ScheduledThreadPoolExecutor$ScheduledFutureTask.run(ScheduledThreadPoolExecutor.java:301)
07-03 18:07:39.348 14323 14385 W adcc    : 	at java.util.concurrent.ThreadPoolExecutor.runWorker(ThreadPoolExecutor.java:1162)
07-03 18:07:39.348 14323 14385 W adcc    : 	at java.util.concurrent.ThreadPoolExecutor$Worker.run(ThreadPoolExecutor.java:636)
07-03 18:07:39.348 14323 14385 W adcc    : 	at java.lang.Thread.run(Thread.java:764)
07-03 18:07:39.359 14323 15479 W acdf    : Job 'ItemsSyncControlService:sync' did not complete within 00:30.0000 (mm:ss.ms).
07-03 18:07:39.359 14323 15479 W acdf    : adgi: Job 'ItemsSyncControlService:sync' did not complete within 00:30.0000 (mm:ss.ms).
07-03 18:07:39.359 14323 15479 W acdf    : 	at adfl.call(Unknown Source:3)
07-03 18:07:39.359 14323 15479 W acdf    : 	at adej.a(Unknown Source:2)
07-03 18:07:39.359 14323 15479 W acdf    : 	at adek.a(SourceFile:2)
07-03 18:07:39.359 14323 15479 W acdf    : 	at adds.run(Unknown Source:8)
07-03 18:07:39.359 14323 15479 W acdf    : 	at abql.run(Unknown Source:3)
07-03 18:07:39.359 14323 15479 W acdf    : 	at adax.call(Unknown Source:2)
07-03 18:07:39.359 14323 15479 W acdf    : 	at adec.a(Unknown Source:2)
07-03 18:07:39.359 14323 15479 W acdf    : 	at afjm.a(SourceFile:2)
07-03 18:07:39.359 14323 15479 W acdf    : 	at afjj.run(SourceFile:6)
07-03 18:07:39.359 14323 15479 W acdf    : 	at aflq.run(Unknown Source:7)
07-03 18:07:39.359 14323 15479 W acdf    : 	at java.util.concurrent.Executors$RunnableAdapter.call(Executors.java:457)
07-03 18:07:39.359 14323 15479 W acdf    : 	at java.util.concurrent.FutureTask.run(FutureTask.java:266)
07-03 18:07:39.359 14323 15479 W acdf    : 	at java.util.concurrent.ScheduledThreadPoolExecutor$ScheduledFutureTask.run(ScheduledThreadPoolExecutor.java:301)
07-03 18:07:39.359 14323 15479 W acdf    : 	at java.util.concurrent.ThreadPoolExecutor.runWorker(ThreadPoolExecutor.java:1162)
07-03 18:07:39.359 14323 15479 W acdf    : 	at java.util.concurrent.ThreadPoolExecutor$Worker.run(ThreadPoolExecutor.java:636)
07-03 18:07:39.359 14323 15479 W acdf    : 	at java.lang.Thread.run(Thread.java:764)
07-03 18:07:39.364 14323 15478 W acdf    : Job 'executeSyncTaskOnExecutionGuard' did not complete within 00:30.0000 (mm:ss.ms).
07-03 18:07:39.364 14323 15478 W acdf    : adgi: Job 'executeSyncTaskOnExecutionGuard' did not complete within 00:30.0000 (mm:ss.ms).
07-03 18:07:39.364 14323 15478 W acdf    : 	at adfl.call(Unknown Source:3)
07-03 18:07:39.364 14323 15478 W acdf    : 	at adej.a(Unknown Source:2)
07-03 18:07:39.364 14323 15478 W acdf    : 	at adek.a(SourceFile:2)
07-03 18:07:39.364 14323 15478 W acdf    : 	at adds.run(Unknown Source:8)
07-03 18:07:39.364 14323 15478 W acdf    : 	at abql.run(Unknown Source:3)
07-03 18:07:39.364 14323 15478 W acdf    : 	at adax.call(Unknown Source:2)
07-03 18:07:39.364 14323 15478 W acdf    : 	at adec.a(Unknown Source:2)
07-03 18:07:39.364 14323 15478 W acdf    : 	at afjm.a(SourceFile:2)
