07-03 20:28:18.847 14699 14699 W ResourceType: For resource 0x7f0e00ae, entry index(174) is beyond type entryCount(142)
07-03 20:28:18.848 14699 14699 W ResourceType: For resource 0x7f0e013d, entry index(317) is beyond type entryCount(142)
07-03 20:28:18.848 14699 14699 W ResourceType: For resource 0x7f0e013e, entry index(318) is beyond type entryCount(142)
07-03 20:28:18.857  1412  1412 D SurfaceFlinger: duplicate layer name: changing BlackSurface to BlackSurface#1
07-03 20:28:18.949 14699 14699 W ResourceType: For resource 0x7f0e013b, entry index(315) is beyond type entryCount(142)
07-03 20:28:18.994 14699 14699 I chatty  : uid=10104(net.osmand) identical 9 lines
07-03 20:28:18.994 14699 14699 W ResourceType: For resource 0x7f0e013b, entry index(315) is beyond type entryCount(142)
07-03 20:28:19.153  1707  1707 D EGL_emulation: eglCreateContext: 0x8e83b060: maj 2 min 0 rcv 2
07-03 20:28:19.172  1707  1707 D EGL_emulation: eglMakeCurrent: 0x8e83b060: ver 2 0 (tinfo 0x916e0300)
07-03 20:28:19.182  1402  1440 D gralloc_ranchu: gralloc_alloc: Creating ashmem region of size 9547776
07-03 20:28:19.248  1707  1707 D EGL_emulation: eglMakeCurrent: 0x8e83b060: ver 2 0 (tinfo 0x916e0300)
07-03 20:28:19.382  1402  1440 D gralloc_ranchu: gralloc_alloc: Creating ashmem region of size 9547776
07-03 20:28:19.448  1970  1980 I zygote  : Background concurrent copying GC freed 70566(3MB) AllocSpace objects, 32(1848KB) LOS objects, 35% free, 10MB/16MB, paused 1.365ms total 2.167s
07-03 20:28:19.614  1707  1707 I Choreographer: Skipped 126 frames!  The application may be doing too much work on its main thread.
07-03 20:28:19.660  1402  1440 D gralloc_ranchu: gralloc_alloc: Creating ashmem region of size 544768
07-03 20:28:19.680  1707  1933 D EGL_emulation: eglMakeCurrent: 0x91a91b00: ver 2 0 (tinfo 0x91b96990)
07-03 20:28:19.694  1402  1440 D gralloc_ranchu: gralloc_alloc: Creating ashmem region of size 544768
07-03 20:28:19.741 14699 14699 W System.err: OnCreate for MapActivity took 1931 ms
07-03 20:28:19.771  1707  1707 W StaticLayout: maxLineHeight should not be -1.  maxLines:7 lineCount:7
07-03 20:28:19.798  1707  1707 I chatty  : uid=10029(com.android.systemui) identical 2 lines
07-03 20:28:19.798  1707  1707 W StaticLayout: maxLineHeight should not be -1.  maxLines:7 lineCount:7
07-03 20:28:19.815  1707  1707 W StaticLayout: maxLineHeight should not be -1.  maxLines:1 lineCount:1
07-03 20:28:19.816  1707  1707 I chatty  : uid=10029(com.android.systemui) identical 1 line
07-03 20:28:19.827  1707  1707 W StaticLayout: maxLineHeight should not be -1.  maxLines:1 lineCount:1
07-03 20:28:19.832  1707  1707 W StaticLayout: maxLineHeight should not be -1.  maxLines:7 lineCount:7
07-03 20:28:19.837  1707  1707 W StaticLayout: maxLineHeight should not be -1.  maxLines:7 lineCount:7
07-03 20:28:19.843 14699 14699 D InAppPurchaseHelper: Destroying helper.
07-03 20:28:19.876  1707  1707 W StaticLayout: maxLineHeight should not be -1.  maxLines:7 lineCount:7
07-03 20:28:20.007  1707  1707 I chatty  : uid=10029(com.android.systemui) identical 8 lines
07-03 20:28:20.008  1707  1707 W StaticLayout: maxLineHeight should not be -1.  maxLines:7 lineCount:7
07-03 20:28:20.126  1402  1440 D gralloc_ranchu: gralloc_alloc: Creating ashmem region of size 487424
07-03 20:28:20.154  1707  1707 W StaticLayout: maxLineHeight should not be -1.  maxLines:7 lineCount:7
07-03 20:28:20.155  1707  1707 W StaticLayout: maxLineHeight should not be -1.  maxLines:7 lineCount:7
07-03 20:28:20.164  1604  5757 I GnssLocationProvider: WakeLock acquired by sendMessage(SET_REQUEST, 0, com.android.server.location.GnssLocationProvider$GpsRequest@6e777a8)
07-03 20:28:20.194 14699 14699 W System.err: OnCreate for MapActivity took 351 ms
07-03 20:28:20.204  1707  1707 W StaticLayout: maxLineHeight should not be -1.  maxLines:7 lineCount:7
07-03 20:28:20.205  1707  1707 W StaticLayout: maxLineHeight should not be -1.  maxLines:7 lineCount:7
07-03 20:28:20.208  1402  1440 D gralloc_ranchu: gralloc_alloc: Creating ashmem region of size 8298496
07-03 20:28:20.212  1707  1707 W StaticLayout: maxLineHeight should not be -1.  maxLines:1 lineCount:1
07-03 20:28:20.213  1707  1707 I chatty  : uid=10029(com.android.systemui) identical 1 line
07-03 20:28:20.213  1707  1707 W StaticLayout: maxLineHeight should not be -1.  maxLines:1 lineCount:1
07-03 20:28:20.226  1707  1707 W StaticLayout: maxLineHeight should not be -1.  maxLines:7 lineCount:7
07-03 20:28:20.227  1707  1707 W StaticLayout: maxLineHeight should not be -1.  maxLines:7 lineCount:7
07-03 20:28:20.235  1412  1412 E EGL_emulation: tid 1412: eglCreateSyncKHR(1962): error 0x3004 (EGL_BAD_ATTRIBUTE)
07-03 20:28:20.238  1604  3712 W LocalDisplayAdapter: Unable to find color mode 0, ignoring request.
07-03 20:28:20.254  1604  3712 I ActivityManager: Config changes=480 {1.0 310mcc260mnc [en_US] ldltr sw411dp w411dp h659dp 420dpi nrml port finger qwerty/v/v -nav/h appBounds=Rect(0, 0 - 1080, 1794) s.46}
07-03 20:28:20.266  1604  1666 I InputReader: Reconfiguring input devices.  changes=0x00000004
07-03 20:28:20.266  1604  1666 I InputReader: Device reconfigured: id=0, name='qwerty2', size 1080x1920, orientation 0, mode 1, display id 0
07-03 20:28:20.276  1604  3712 I ActivityManager: Override config changes=480 {1.0 310mcc260mnc [en_US] ldltr sw411dp w411dp h659dp 420dpi nrml port finger qwerty/v/v -nav/h appBounds=Rect(0, 0 - 1080, 1794) s.46} for displayId=0
07-03 20:28:20.363 14699 14712 I zygote  : Waiting for a blocking GC ProfileSaver
07-03 20:28:20.442  1707  1707 W StaticLayout: maxLineHeight should not be -1.  maxLines:7 lineCount:7
07-03 20:28:20.473  1707  1707 I chatty  : uid=10029(com.android.systemui) identical 2 lines
07-03 20:28:20.515  1707  1707 W StaticLayout: maxLineHeight should not be -1.  maxLines:7 lineCount:7
07-03 20:28:20.531 14699 14699 I net.osmand: RoutingHelper Recalculate route, because correlation  : 214.74408039865548
07-03 20:28:20.532 14699 14699 I net.osmand: RoutingHelper Recalculate route, because wrong movement direction: 246.21614
07-03 20:28:20.558  1707  1707 W StaticLayout: maxLineHeight should not be -1.  maxLines:7 lineCount:7
07-03 20:28:20.589  1707  1707 I chatty  : uid=10029(com.android.systemui) identical 2 lines
07-03 20:28:20.590  1707  1707 W StaticLayout: maxLineHeight should not be -1.  maxLines:7 lineCount:7
07-03 20:28:20.598  1701  1701 I KeyboardViewUtil: systemKeyboardHeightRatio:1.000000; userKeyboardHeightRatio:1.000000.
07-03 20:28:20.622  1970  1970 I GeofencerStateMachine: sendNewLocationAvailability: availability=LocationAvailability[isLocationAvailable: true]
07-03 20:28:20.630  1707  1707 W StaticLayout: maxLineHeight should not be -1.  maxLines:7 lineCount:7
07-03 20:28:20.630  1707  1707 W StaticLayout: maxLineHeight should not be -1.  maxLines:7 lineCount:7
07-03 20:28:20.647  1604  2170 I WifiService: acquireWifiLock uid=10014 lockMode=2
07-03 20:28:20.649  1701  1701 I DeviceStatusMonitor: onReceive() : Action = android.intent.action.CONFIGURATION_CHANGED
07-03 20:28:20.649  1701  1701 I ConfigNotification: Get device mode by ui mode:1 and smallestScreenWidthDp:411
07-03 20:28:20.649  1701  1701 I chatty  : uid=10060(com.google.android.inputmethod.latin) identical 2 lines
07-03 20:28:20.650  1701  1701 I ConfigNotification: Get device mode by ui mode:1 and smallestScreenWidthDp:411
07-03 20:28:20.698  1604  1617 I GnssLocationProvider: WakeLock released by handleMessage(SET_REQUEST, 0, com.android.server.location.GnssLocationProvider$GpsRequest@6e777a8)
07-03 20:28:20.703  1604  4621 I GnssLocationProvider: WakeLock acquired by sendMessage(SET_REQUEST, 0, com.android.server.location.GnssLocationProvider$GpsRequest@ac63143)
07-03 20:28:20.708 14699 14699 D net.osmand: Disable sensor
07-03 20:28:20.726 14699 14699 I net.osmand: MapRenderRepositories RENDER MAP: Interrupt rendering map
07-03 20:28:20.733 14699 14699 D InAppPurchaseHelper: Destroying helper.
07-03 20:28:20.776  1604  1604 I zygote  : IncrementDisableThreadFlip blocked for 5.282ms
07-03 20:28:20.795  1707  1707 D StatusBar: disable<e i a s b h r c s q >
07-03 20:28:20.797  1604  2170 I zygote  : IncrementDisableThreadFlip blocked for 26.398ms
07-03 20:28:20.797  1604  1853 I zygote  : IncrementDisableThreadFlip blocked for 25.826ms
07-03 20:28:20.797  1604  4621 I zygote  : IncrementDisableThreadFlip blocked for 26.128ms
07-03 20:28:20.798  1604  1686 I zygote  : IncrementDisableThreadFlip blocked for 28.372ms
07-03 20:28:20.860  1707  1933 D EGL_emulation: eglMakeCurrent: 0x91a91b00: ver 2 0 (tinfo 0x91b96990)
07-03 20:28:20.872  1402  1440 D gralloc_ranchu: gralloc_alloc: Creating ashmem region of size 487424
07-03 20:28:20.944  1707  1707 W StatusBar/NavBarView: *** Invalid layout in navigation bar (sizeChanged this=126x1080 cur=1038x126)
07-03 20:28:20.994  1604  1617 I GnssLocationProvider: WakeLock released by handleMessage(SET_REQUEST, 0, com.android.server.location.GnssLocationProvider$GpsRequest@ac63143)
07-03 20:28:21.068  1707  1707 D EGL_emulation: eglCreateContext: 0x8e83b060: maj 2 min 0 rcv 2
07-03 20:28:21.081  1707  1707 D EGL_emulation: eglMakeCurrent: 0x8e83b060: ver 2 0 (tinfo 0x916e0300)
07-03 20:28:21.091  1402  1440 D gralloc_ranchu: gralloc_alloc: Creating ashmem region of size 8298496
07-03 20:28:21.129  1707  1707 D EGL_emulation: eglMakeCurrent: 0x8e83b060: ver 2 0 (tinfo 0x916e0300)
07-03 20:28:21.211 14699 14699 W ResourceType: For resource 0x7f0e00c0, entry index(192) is beyond type entryCount(142)
07-03 20:28:21.211 14699 14699 W ResourceType: For resource 0x7f0e00d1, entry index(209) is beyond type entryCount(142)
07-03 20:28:21.211 14699 14699 W ResourceType: For resource 0x7f0e00cb, entry index(203) is beyond type entryCount(142)
07-03 20:28:21.211 14699 14699 W ResourceType: For resource 0x7f0e014d, entry index(333) is beyond type entryCount(142)
07-03 20:28:21.211 14699 14699 W ResourceType: For resource 0x7f0e00dd, entry index(221) is beyond type entryCount(142)
07-03 20:28:21.211 14699 14699 W ResourceType: For resource 0x7f0e00e4, entry index(228) is beyond type entryCount(142)
07-03 20:28:21.213 14699 14699 W ResourceType: For resource 0x7f0e00c4, entry index(196) is beyond type entryCount(142)
07-03 20:28:21.213 14699 14699 W ResourceType: For resource 0x7f0e013f, entry index(319) is beyond type entryCount(142)
07-03 20:28:21.213 14699 14699 W ResourceType: For resource 0x7f0e00dc, entry index(220) is beyond type entryCount(142)
07-03 20:28:21.213 14699 14699 W ResourceType: For resource 0x7f0e00e3, entry index(227) is beyond type entryCount(142)
07-03 20:28:21.257 14699 14699 W ResourceType: For resource 0x7f0e01c4, entry index(452) is beyond type entryCount(142)
07-03 20:28:21.259 14699 14699 W ResourceType: For resource 0x7f0e01c4, entry index(452) is beyond type entryCount(142)
07-03 20:28:21.259 14699 14699 W ResourceType: For resource 0x7f0e0183, entry index(387) is beyond type entryCount(142)
07-03 20:28:21.260 14699 14699 W ResourceType: For resource 0x7f0e0187, entry index(391) is beyond type entryCount(142)
07-03 20:28:21.260 14699 14699 W ResourceType: For resource 0x7f0e0185, entry index(389) is beyond type entryCount(142)
07-03 20:28:21.260 14699 14699 W ResourceType: For resource 0x7f0e015d, entry index(349) is beyond type entryCount(142)
07-03 20:28:21.260 14699 14699 W ResourceType: For resource 0x7f0e0195, entry index(405) is beyond type entryCount(142)
07-03 20:28:21.260 14699 14699 W ResourceType: For resource 0x7f0e016c, entry index(364) is beyond type entryCount(142)
07-03 20:28:21.261 14699 14699 W ResourceType: For resource 0x7f0e0163, entry index(355) is beyond type entryCount(142)
07-03 20:28:21.261 14699 14699 W ResourceType: For resource 0x7f0e00db, entry index(219) is beyond type entryCount(142)
07-03 20:28:21.261 14699 14699 W ResourceType: For resource 0x7f0e0193, entry index(403) is beyond type entryCount(142)
07-03 20:28:21.261 14699 14699 W ResourceType: For resource 0x7f0e016f, entry index(367) is beyond type entryCount(142)
07-03 20:28:21.261 14699 14699 W ResourceType: For resource 0x7f0e0161, entry index(353) is beyond type entryCount(142)
07-03 20:28:21.261 14699 14699 W ResourceType: For resource 0x7f0e0170, entry index(368) is beyond type entryCount(142)
07-03 20:28:21.261 14699 14699 W ResourceType: For resource 0x7f0e0174, entry index(372) is beyond type entryCount(142)
07-03 20:28:21.261 14699 14699 I chatty  : uid=10104(net.osmand) identical 2 lines
07-03 20:28:21.261 14699 14699 W ResourceType: For resource 0x7f0e0174, entry index(372) is beyond type entryCount(142)
07-03 20:28:21.261 14699 14699 W ResourceType: For resource 0x7f0e0177, entry index(375) is beyond type entryCount(142)
07-03 20:28:21.261 14699 14699 W ResourceType: For resource 0x7f0e0160, entry index(352) is beyond type entryCount(142)
07-03 20:28:21.261 14699 14699 W ResourceType: For resource 0x7f0e0199, entry index(409) is beyond type entryCount(142)
07-03 20:28:21.265 14699 14699 W ResourceType: For resource 0x7f0e017e, entry index(382) is beyond type entryCount(142)
07-03 20:28:21.265 14699 14699 W ResourceType: For resource 0x7f0e017f, entry index(383) is beyond type entryCount(142)
07-03 20:28:21.265 14699 14699 W ResourceType: For resource 0x7f0e0196, entry index(406) is beyond type entryCount(142)
07-03 20:28:21.265 14699 14699 W ResourceType: For resource 0x7f0e0197, entry index(407) is beyond type entryCount(142)
07-03 20:28:21.265 14699 14699 W ResourceType: For resource 0x7f0e0140, entry index(320) is beyond type entryCount(142)
07-03 20:28:21.265 14699 14699 W ResourceType: For resource 0x7f0e00e7, entry index(231) is beyond type entryCount(142)
07-03 20:28:21.265 14699 14699 W ResourceType: For resource 0x7f0e0194, entry index(404) is beyond type entryCount(142)
07-03 20:28:21.265 14699 14699 W ResourceType: For resource 0x7f0e01a5, entry index(421) is beyond type entryCount(142)
07-03 20:28:21.266 14699 14699 W ResourceType: For resource 0x7f0e017d, entry index(381) is beyond type entryCount(142)
07-03 20:28:21.266 14699 14699 W ResourceType: For resource 0x7f0e017b, entry index(379) is beyond type entryCount(142)
07-03 20:28:21.266 14699 14699 W ResourceType: For resource 0x7f0e010f, entry index(271) is beyond type entryCount(142)
07-03 20:28:21.266 14699 14699 W ResourceType: For resource 0x7f0e00f8, entry index(248) is beyond type entryCount(142)
07-03 20:28:21.266 14699 14699 W ResourceType: For resource 0x7f0e010f, entry index(271) is beyond type entryCount(142)
07-03 20:28:21.266 14699 14699 W ResourceType: For resource 0x7f0e0122, entry index(290) is beyond type entryCount(142)
07-03 20:28:21.266 14699 14699 W ResourceType: For resource 0x7f0e010b, entry index(267) is beyond type entryCount(142)
07-03 20:28:21.266 14699 14699 W ResourceType: For resource 0x7f0e010c, entry index(268) is beyond type entryCount(142)
07-03 20:28:21.266 14699 14699 W ResourceType: For resource 0x7f0e01ad, entry index(429) is beyond type entryCount(142)
07-03 20:28:21.266 14699 14699 W ResourceType: For resource 0x7f0e01ac, entry index(428) is beyond type entryCount(142)
07-03 20:28:21.268 14699 14699 W ResourceType: For resource 0x7f0e01c4, entry index(452) is beyond type entryCount(142)
07-03 20:28:21.268 14699 14699 W ResourceType: For resource 0x7f0e01c4, entry index(452) is beyond type entryCount(142)
07-03 20:28:21.268 14699 14699 W ResourceType: For resource 0x7f0e0183, entry index(387) is beyond type entryCount(142)
07-03 20:28:21.269 14699 14699 W ResourceType: For resource 0x7f0e0187, entry index(391) is beyond type entryCount(142)
07-03 20:28:21.269 14699 14699 W ResourceType: For resource 0x7f0e0185, entry index(389) is beyond type entryCount(142)
07-03 20:28:21.269 14699 14699 W ResourceType: For resource 0x7f0e015d, entry index(349) is beyond type entryCount(142)
07-03 20:28:21.269 14699 14699 W ResourceType: For resource 0x7f0e0195, entry index(405) is beyond type entryCount(142)
07-03 20:28:21.269 14699 14699 W ResourceType: For resource 0x7f0e016c, entry index(364) is beyond type entryCount(142)
07-03 20:28:21.269 14699 14699 W ResourceType: For resource 0x7f0e0163, entry index(355) is beyond type entryCount(142)
07-03 20:28:21.269 14699 14699 W ResourceType: For resource 0x7f0e00db, entry index(219) is beyond type entryCount(142)
07-03 20:28:21.270 14699 14699 W ResourceType: For resource 0x7f0e0193, entry index(403) is beyond type entryCount(142)
07-03 20:28:21.270 14699 14699 W ResourceType: For resource 0x7f0e016f, entry index(367) is beyond type entryCount(142)
07-03 20:28:21.270 14699 14699 W ResourceType: For resource 0x7f0e0161, entry index(353) is beyond type entryCount(142)
07-03 20:28:21.270 14699 14699 W ResourceType: For resource 0x7f0e0170, entry index(368) is beyond type entryCount(142)
07-03 20:28:21.270 14699 14699 W ResourceType: For resource 0x7f0e0174, entry index(372) is beyond type entryCount(142)
07-03 20:28:21.270 14699 14699 I chatty  : uid=10104(net.osmand) identical 2 lines
07-03 20:28:21.270 14699 14699 W ResourceType: For resource 0x7f0e0174, entry index(372) is beyond type entryCount(142)
07-03 20:28:21.270 14699 14699 W ResourceType: For resource 0x7f0e0177, entry index(375) is beyond type entryCount(142)
07-03 20:28:21.270 14699 14699 W ResourceType: For resource 0x7f0e0160, entry index(352) is beyond type entryCount(142)
07-03 20:28:21.270 14699 14699 W ResourceType: For resource 0x7f0e0199, entry index(409) is beyond type entryCount(142)
07-03 20:28:21.270 14699 14699 W ResourceType: For resource 0x7f0e017e, entry index(382) is beyond type entryCount(142)
07-03 20:28:21.270 14699 14699 W ResourceType: For resource 0x7f0e017f, entry index(383) is beyond type entryCount(142)
07-03 20:28:21.270 14699 14699 W ResourceType: For resource 0x7f0e0196, entry index(406) is beyond type entryCount(142)
07-03 20:28:21.270 14699 14699 W ResourceType: For resource 0x7f0e0197, entry index(407) is beyond type entryCount(142)
07-03 20:28:21.271 14699 14699 W ResourceType: For resource 0x7f0e0140, entry index(320) is beyond type entryCount(142)
07-03 20:28:21.271 14699 14699 W ResourceType: For resource 0x7f0e00e7, entry index(231) is beyond type entryCount(142)
07-03 20:28:21.271 14699 14699 W ResourceType: For resource 0x7f0e0194, entry index(404) is beyond type entryCount(142)
07-03 20:28:21.271 14699 14699 W ResourceType: For resource 0x7f0e01a5, entry index(421) is beyond type entryCount(142)
07-03 20:28:21.271 14699 14699 W ResourceType: For resource 0x7f0e017d, entry index(381) is beyond type entryCount(142)
07-03 20:28:21.271 14699 14699 W ResourceType: For resource 0x7f0e017b, entry index(379) is beyond type entryCount(142)
07-03 20:28:21.271 14699 14699 W ResourceType: For resource 0x7f0e010f, entry index(271) is beyond type entryCount(142)
07-03 20:28:21.271 14699 14699 W ResourceType: For resource 0x7f0e00f8, entry index(248) is beyond type entryCount(142)
07-03 20:28:21.271 14699 14699 W ResourceType: For resource 0x7f0e010f, entry index(271) is beyond type entryCount(142)
07-03 20:28:21.271 14699 14699 W ResourceType: For resource 0x7f0e0122, entry index(290) is beyond type entryCount(142)
07-03 20:28:21.271 14699 14699 W ResourceType: For resource 0x7f0e010b, entry index(267) is beyond type entryCount(142)
07-03 20:28:21.271 14699 14699 W ResourceType: For resource 0x7f0e010c, entry index(268) is beyond type entryCount(142)
07-03 20:28:21.271 14699 14699 W ResourceType: For resource 0x7f0e01ad, entry index(429) is beyond type entryCount(142)
07-03 20:28:21.271 14699 14699 W ResourceType: For resource 0x7f0e01ac, entry index(428) is beyond type entryCount(142)
07-03 20:28:21.297  1402  1440 D gralloc_ranchu: gralloc_alloc: Creating ashmem region of size 8298496
07-03 20:28:21.318 14699 14699 W ResourceType: For resource 0x7f0e01c4, entry index(452) is beyond type entryCount(142)
07-03 20:28:21.318 14699 14699 W ResourceType: For resource 0x7f0e01c4, entry index(452) is beyond type entryCount(142)
07-03 20:28:21.318 14699 14699 W ResourceType: For resource 0x7f0e0183, entry index(387) is beyond type entryCount(142)
07-03 20:28:21.318 14699 14699 W ResourceType: For resource 0x7f0e0187, entry index(391) is beyond type entryCount(142)
07-03 20:28:21.318 14699 14699 W ResourceType: For resource 0x7f0e0185, entry index(389) is beyond type entryCount(142)
07-03 20:28:21.319 14699 14699 W ResourceType: For resource 0x7f0e015d, entry index(349) is beyond type entryCount(142)
07-03 20:28:21.320 14699 14699 W ResourceType: For resource 0x7f0e0195, entry index(405) is beyond type entryCount(142)
07-03 20:28:21.321 14699 14699 W ResourceType: For resource 0x7f0e016c, entry index(364) is beyond type entryCount(142)
07-03 20:28:21.321 14699 14699 W ResourceType: For resource 0x7f0e0163, entry index(355) is beyond type entryCount(142)
07-03 20:28:21.321 14699 14699 W ResourceType: For resource 0x7f0e00db, entry index(219) is beyond type entryCount(142)
07-03 20:28:21.322 14699 14699 W ResourceType: For resource 0x7f0e0193, entry index(403) is beyond type entryCount(142)
07-03 20:28:21.323 14699 14699 W ResourceType: For resource 0x7f0e016f, entry index(367) is beyond type entryCount(142)
07-03 20:28:21.324 14699 14699 W ResourceType: For resource 0x7f0e0161, entry index(353) is beyond type entryCount(142)
07-03 20:28:21.324 14699 14699 W ResourceType: For resource 0x7f0e0170, entry index(368) is beyond type entryCount(142)
07-03 20:28:21.324 14699 14699 W ResourceType: For resource 0x7f0e0174, entry index(372) is beyond type entryCount(142)
07-03 20:28:21.324 14699 14699 I chatty  : uid=10104(net.osmand) identical 2 lines
07-03 20:28:21.325 14699 14699 W ResourceType: For resource 0x7f0e0174, entry index(372) is beyond type entryCount(142)
07-03 20:28:21.325 14699 14699 W ResourceType: For resource 0x7f0e0177, entry index(375) is beyond type entryCount(142)
07-03 20:28:21.326 14699 14699 W ResourceType: For resource 0x7f0e0160, entry index(352) is beyond type entryCount(142)
07-03 20:28:21.327 14699 14699 W ResourceType: For resource 0x7f0e0199, entry index(409) is beyond type entryCount(142)
07-03 20:28:21.327 14699 14699 W ResourceType: For resource 0x7f0e017e, entry index(382) is beyond type entryCount(142)
07-03 20:28:21.327 14699 14699 W ResourceType: For resource 0x7f0e017f, entry index(383) is beyond type entryCount(142)
07-03 20:28:21.327 14699 14699 W ResourceType: For resource 0x7f0e0196, entry index(406) is beyond type entryCount(142)
07-03 20:28:21.327 14699 14699 W ResourceType: For resource 0x7f0e0197, entry index(407) is beyond type entryCount(142)
07-03 20:28:21.328 14699 14699 W ResourceType: For resource 0x7f0e0140, entry index(320) is beyond type entryCount(142)
07-03 20:28:21.328 14699 14699 W ResourceType: For resource 0x7f0e00e7, entry index(231) is beyond type entryCount(142)
07-03 20:28:21.328 14699 14699 W ResourceType: For resource 0x7f0e0194, entry index(404) is beyond type entryCount(142)
07-03 20:28:21.328 14699 14699 W ResourceType: For resource 0x7f0e01a5, entry index(421) is beyond type entryCount(142)
07-03 20:28:21.328 14699 14699 W ResourceType: For resource 0x7f0e017d, entry index(381) is beyond type entryCount(142)
07-03 20:28:21.329 14699 14699 W ResourceType: For resource 0x7f0e017b, entry index(379) is beyond type entryCount(142)
07-03 20:28:21.329 14699 14699 W ResourceType: For resource 0x7f0e010f, entry index(271) is beyond type entryCount(142)
07-03 20:28:21.329 14699 14699 W ResourceType: For resource 0x7f0e00f8, entry index(248) is beyond type entryCount(142)
07-03 20:28:21.329 14699 14699 W ResourceType: For resource 0x7f0e010f, entry index(271) is beyond type entryCount(142)
07-03 20:28:21.329 14699 14699 W ResourceType: For resource 0x7f0e0122, entry index(290) is beyond type entryCount(142)
07-03 20:28:21.330 14699 14699 W ResourceType: For resource 0x7f0e010b, entry index(267) is beyond type entryCount(142)
07-03 20:28:21.330 14699 14699 W ResourceType: For resource 0x7f0e010c, entry index(268) is beyond type entryCount(142)
07-03 20:28:21.330 14699 14699 W ResourceType: For resource 0x7f0e01ad, entry index(429) is beyond type entryCount(142)
07-03 20:28:21.330 14699 14699 W ResourceType: For resource 0x7f0e01ac, entry index(428) is beyond type entryCount(142)
07-03 20:28:21.342  1604  5750 I WifiService: releaseWifiLock uid=10014
07-03 20:28:21.388 14699 14699 W ResourceType: For resource 0x7f0e017f, entry index(383) is beyond type entryCount(142)
07-03 20:28:21.389 14699 14699 W ResourceType: For resource 0x7f0e0091, entry index(145) is beyond type entryCount(142)
07-03 20:28:21.412 14699 14699 W ResourceType: For resource 0x7f0e016b, entry index(363) is beyond type entryCount(142)
07-03 20:28:21.422 14699 14699 W ResourceType: For resource 0x7f0e017b, entry index(379) is beyond type entryCount(142)
07-03 20:28:21.426 14699 14699 W ResourceType: For resource 0x7f0e0125, entry index(293) is beyond type entryCount(142)
07-03 20:28:21.449 14699 14699 W ResourceType: For resource 0x7f0e0125, entry index(293) is beyond type entryCount(142)
07-03 20:28:21.571  1970  1970 I GeofencerStateMachine: sendNewLocationAvailability: availability=LocationAvailability[isLocationAvailable: true]
07-03 20:28:21.703  1707  1707 I Choreographer: Skipped 50 frames!  The application may be doing too much work on its main thread.
07-03 20:28:21.721 14699 14699 W ResourceType: For resource 0x7f0e01a5, entry index(421) is beyond type entryCount(142)
07-03 20:28:21.721 14699 14699 W ResourceType: For resource 0x7f0e00a9, entry index(169) is beyond type entryCount(142)
07-03 20:28:21.739  1707  1707 W StaticLayout: maxLineHeight should not be -1.  maxLines:1 lineCount:1
07-03 20:28:21.749  1707  1707 I chatty  : uid=10029(com.android.systemui) identical 3 lines
07-03 20:28:21.750  1707  1707 W StaticLayout: maxLineHeight should not be -1.  maxLines:1 lineCount:1
07-03 20:28:21.751  1707  1707 W StaticLayout: maxLineHeight should not be -1.  maxLines:7 lineCount:7
07-03 20:28:21.751  1707  1707 W StaticLayout: maxLineHeight should not be -1.  maxLines:7 lineCount:7
07-03 20:28:21.753  1707  1707 W StaticLayout: maxLineHeight should not be -1.  maxLines:1 lineCount:1
07-03 20:28:21.788 14699 14699 W ResourceType: For resource 0x7f0e01bc, entry index(444) is beyond type entryCount(142)
07-03 20:28:21.796  1707  1707 W StaticLayout: maxLineHeight should not be -1.  maxLines:1 lineCount:1
07-03 20:28:21.797  1707  1707 I chatty  : uid=10029(com.android.systemui) identical 1 line
07-03 20:28:21.797  1707  1707 W StaticLayout: maxLineHeight should not be -1.  maxLines:1 lineCount:1
07-03 20:28:21.800  1707  1707 W StaticLayout: maxLineHeight should not be -1.  maxLines:7 lineCount:7
07-03 20:28:21.802 14699 14699 W ResourceType: For resource 0x7f0e0132, entry index(306) is beyond type entryCount(142)
07-03 20:28:21.803 14699 14699 W ResourceType: For resource 0x7f0e00f7, entry index(247) is beyond type entryCount(142)
07-03 20:28:21.803  1707  1707 W StaticLayout: maxLineHeight should not be -1.  maxLines:7 lineCount:7
07-03 20:28:21.803 14699 14699 W ResourceType: For resource 0x7f0e0131, entry index(305) is beyond type entryCount(142)
07-03 20:28:21.803 14699 14699 W ResourceType: For resource 0x7f0e010f, entry index(271) is beyond type entryCount(142)
07-03 20:28:21.804 14699 14699 W ResourceType: For resource 0x7f0e00bc, entry index(188) is beyond type entryCount(142)
07-03 20:28:21.805 14699 14699 W ResourceType: For resource 0x7f0e011d, entry index(285) is beyond type entryCount(142)
07-03 20:28:21.806 14699 14699 I chatty  : uid=10104(net.osmand) identical 4 lines
07-03 20:28:21.806 14699 14699 W ResourceType: For resource 0x7f0e011d, entry index(285) is beyond type entryCount(142)
07-03 20:28:21.806 14699 14699 W ResourceType: For resource 0x7f0e00bd, entry index(189) is beyond type entryCount(142)
07-03 20:28:21.807 14699 14699 W ResourceType: For resource 0x7f0e011d, entry index(285) is beyond type entryCount(142)
07-03 20:28:21.807 14699 14699 I chatty  : uid=10104(net.osmand) identical 2 lines
07-03 20:28:21.807 14699 14699 W ResourceType: For resource 0x7f0e011d, entry index(285) is beyond type entryCount(142)
07-03 20:28:21.807  1707  1707 W StaticLayout: maxLineHeight should not be -1.  maxLines:1 lineCount:1
07-03 20:28:21.807 14699 14699 W ResourceType: For resource 0x7f0e011d, entry index(285) is beyond type entryCount(142)
07-03 20:28:21.808  1707  1707 W StaticLayout: maxLineHeight should not be -1.  maxLines:1 lineCount:1
07-03 20:28:21.810  1707  1707 W StaticLayout: maxLineHeight should not be -1.  maxLines:1 lineCount:1
07-03 20:28:21.811  1707  1707 W StaticLayout: maxLineHeight should not be -1.  maxLines:7 lineCount:7
07-03 20:28:21.811  1707  1707 W StaticLayout: maxLineHeight should not be -1.  maxLines:7 lineCount:7
07-03 20:28:21.811 14699 14699 W ResourceType: For resource 0x7f0e011d, entry index(285) is beyond type entryCount(142)
07-03 20:28:21.824 14699 14699 I chatty  : uid=10104(net.osmand) identical 13 lines
07-03 20:28:21.824 14699 14699 W ResourceType: For resource 0x7f0e011d, entry index(285) is beyond type entryCount(142)
07-03 20:28:21.826 14699 14699 W ResourceType: For resource 0x7f0e01ac, entry index(428) is beyond type entryCount(142)
07-03 20:28:21.826 14699 14699 W ResourceType: For resource 0x7f0e00ae, entry index(174) is beyond type entryCount(142)
07-03 20:28:21.827 14699 14699 W ResourceType: For resource 0x7f0e013d, entry index(317) is beyond type entryCount(142)
07-03 20:28:21.827 14699 14699 W ResourceType: For resource 0x7f0e013e, entry index(318) is beyond type entryCount(142)
07-03 20:28:21.835  1707  1707 W StaticLayout: maxLineHeight should not be -1.  maxLines:7 lineCount:7
07-03 20:28:21.838  1707  1707 W StaticLayout: maxLineHeight should not be -1.  maxLines:7 lineCount:7
07-03 20:28:21.844 14699 14699 W ResourceType: For resource 0x7f0e013b, entry index(315) is beyond type entryCount(142)
07-03 20:28:21.844 14699 14699 I chatty  : uid=10104(net.osmand) identical 4 lines
07-03 20:28:21.844 14699 14699 W ResourceType: For resource 0x7f0e013b, entry index(315) is beyond type entryCount(142)
07-03 20:28:21.853  1707  1707 W StaticLayout: maxLineHeight should not be -1.  maxLines:1 lineCount:1
07-03 20:28:21.854  1707  1707 I chatty  : uid=10029(com.android.systemui) identical 1 line
07-03 20:28:21.855  1707  1707 W StaticLayout: maxLineHeight should not be -1.  maxLines:1 lineCount:1
07-03 20:28:21.871  1707  1707 W StaticLayout: maxLineHeight should not be -1.  maxLines:7 lineCount:7
07-03 20:28:21.872  1707  1707 W StaticLayout: maxLineHeight should not be -1.  maxLines:7 lineCount:7
07-03 20:28:21.880  1707  1707 W StaticLayout: maxLineHeight should not be -1.  maxLines:1 lineCount:1
07-03 20:28:21.881  1707  1707 I chatty  : uid=10029(com.android.systemui) identical 2 lines
07-03 20:28:21.881  1707  1707 W StaticLayout: maxLineHeight should not be -1.  maxLines:1 lineCount:1
07-03 20:28:21.883  1707  1707 W StaticLayout: maxLineHeight should not be -1.  maxLines:7 lineCount:7
07-03 20:28:21.884  1707  1707 W StaticLayout: maxLineHeight should not be -1.  maxLines:7 lineCount:7
07-03 20:28:21.884  1707  1707 W StaticLayout: maxLineHeight should not be -1.  maxLines:1 lineCount:1
07-03 20:28:21.898  1707  1707 W StaticLayout: maxLineHeight should not be -1.  maxLines:7 lineCount:7
07-03 20:28:21.905  1707  1707 I chatty  : uid=10029(com.android.systemui) identical 2 lines
07-03 20:28:21.905  1707  1707 W StaticLayout: maxLineHeight should not be -1.  maxLines:7 lineCount:7
07-03 20:28:21.908 14699 14699 W ResourceType: For resource 0x7f0e013b, entry index(315) is beyond type entryCount(142)
07-03 20:28:21.921 14699 14699 I chatty  : uid=10104(net.osmand) identical 3 lines
07-03 20:28:21.921 14699 14699 W ResourceType: For resource 0x7f0e013b, entry index(315) is beyond type entryCount(142)
07-03 20:28:22.006  1403  1418 D hwcomposer: hw_composer sent 36 syncs in 4249s
07-03 20:28:22.029  1707  1933 D EGL_emulation: eglMakeCurrent: 0x91a91b00: ver 2 0 (tinfo 0x91b96990)
07-03 20:28:22.036  1402  1440 D gralloc_ranchu: gralloc_alloc: Creating ashmem region of size 274432
07-03 20:28:22.072  1707  1707 W StaticLayout: maxLineHeight should not be -1.  maxLines:1 lineCount:1
07-03 20:28:22.121  1707  1707 I chatty  : uid=10029(com.android.systemui) identical 3 lines
07-03 20:28:22.122  1707  1707 W StaticLayout: maxLineHeight should not be -1.  maxLines:1 lineCount:1
07-03 20:28:22.123  1707  1707 W StaticLayout: maxLineHeight should not be -1.  maxLines:7 lineCount:7
07-03 20:28:22.123  1707  1707 W StaticLayout: maxLineHeight should not be -1.  maxLines:7 lineCount:7
07-03 20:28:22.124  1707  1707 W StaticLayout: maxLineHeight should not be -1.  maxLines:1 lineCount:1
07-03 20:28:22.190  1707  1707 W StaticLayout: maxLineHeight should not be -1.  maxLines:7 lineCount:7
07-03 20:28:22.190  1707  1707 W StaticLayout: maxLineHeight should not be -1.  maxLines:7 lineCount:7
07-03 20:28:22.194  1707  1707 W StaticLayout: maxLineHeight should not be -1.  maxLines:1 lineCount:1
07-03 20:28:22.202  1604  1625 W WindowManager: Window freeze timeout expired.
07-03 20:28:22.202  1604  1625 W WindowManager: Force clearing orientation change: Window{c4b4913 u0 NavigationBar}
07-03 20:28:22.203  1604  1625 W WindowManager: Force clearing orientation change: Window{8a752c8 u0 StatusBar}
07-03 20:28:22.195  1707  1707 I chatty  : uid=10029(com.android.systemui) identical 1 line
07-03 20:28:22.195  1707  1707 W StaticLayout: maxLineHeight should not be -1.  maxLines:1 lineCount:1
07-03 20:28:22.250  1707  1707 W StaticLayout: maxLineHeight should not be -1.  maxLines:7 lineCount:7
07-03 20:28:22.252  1604  1625 W WindowManager: App freeze timeout expired.
07-03 20:28:22.253  1604  1625 W WindowManager: Force clearing freeze: AppWindowToken{3ca1a45 token=Token{e1f7590 ActivityRecord{4dc3853 u0 net.osmand/.plus.activities.MapActivity t35}}}
07-03 20:28:22.251  1707  1707 W StaticLayout: maxLineHeight should not be -1.  maxLines:7 lineCount:7
07-03 20:28:22.264 14699 14699 W System.err: OnCreate for MapActivity took 1027 ms
07-03 20:28:22.299  1707  1707 W StaticLayout: maxLineHeight should not be -1.  maxLines:7 lineCount:7
07-03 20:28:22.300  1707  1707 W StaticLayout: maxLineHeight should not be -1.  maxLines:7 lineCount:7
07-03 20:28:22.341  1707  1707 W StaticLayout: maxLineHeight should not be -1.  maxLines:1 lineCount:1
07-03 20:28:22.363  1707  1707 I chatty  : uid=10029(com.android.systemui) identical 1 line
07-03 20:28:22.365  1707  1707 W StaticLayout: maxLineHeight should not be -1.  maxLines:1 lineCount:1
07-03 20:28:22.368  1707  1707 W StaticLayout: maxLineHeight should not be -1.  maxLines:7 lineCount:7
07-03 20:28:22.369  1707  1707 W StaticLayout: maxLineHeight should not be -1.  maxLines:7 lineCount:7
07-03 20:28:22.385 14699 14699 D InAppPurchaseHelper: Destroying helper.
07-03 20:28:22.435  1707  1707 W StaticLayout: maxLineHeight should not be -1.  maxLines:1 lineCount:1
07-03 20:28:22.467  1707  1707 I chatty  : uid=10029(com.android.systemui) identical 2 lines
07-03 20:28:22.468  1707  1707 W StaticLayout: maxLineHeight should not be -1.  maxLines:1 lineCount:1
07-03 20:28:22.471  1707  1707 W StaticLayout: maxLineHeight should not be -1.  maxLines:7 lineCount:7
07-03 20:28:22.471  1707  1707 W StaticLayout: maxLineHeight should not be -1.  maxLines:7 lineCount:7
07-03 20:28:22.472  1707  1707 W StaticLayout: maxLineHeight should not be -1.  maxLines:1 lineCount:1
07-03 20:28:22.488 14699 14699 D net.osmand: Enable sensor
07-03 20:28:22.579  1707  1707 W StaticLayout: maxLineHeight should not be -1.  maxLines:7 lineCount:7
07-03 20:28:22.580  1707  1707 W StaticLayout: maxLineHeight should not be -1.  maxLines:7 lineCount:7
07-03 20:28:22.588  1604  5750 I GnssLocationProvider: WakeLock acquired by sendMessage(SET_REQUEST, 0, com.android.server.location.GnssLocationProvider$GpsRequest@f45f98)
07-03 20:28:22.623 14699 14699 W System.err: OnCreate for MapActivity took 238 ms
07-03 20:28:22.657 14699 14699 I Choreographer: Skipped 139 frames!  The application may be doing too much work on its main thread.
07-03 20:28:22.697 14699 14725 I net.osmand: MapRenderRepositories RENDER MAP: update due to tile box
07-03 20:28:22.699 14699 14725 I net.osmand: MapRenderRepositories RENDER MAP: Interrupt rendering map
07-03 20:28:22.732  1402  1440 D gralloc_ranchu: gralloc_alloc: Creating ashmem region of size 8298496
07-03 20:28:22.767 14699 14699 W ResourceType: For resource 0x7f0e013b, entry index(315) is beyond type entryCount(142)
07-03 20:28:22.786 14699 14699 I chatty  : uid=10104(net.osmand) identical 13 lines
07-03 20:28:22.786 14699 14699 W ResourceType: For resource 0x7f0e013b, entry index(315) is beyond type entryCount(142)
07-03 20:28:22.787  1707  1707 W StaticLayout: maxLineHeight should not be -1.  maxLines:7 lineCount:7
07-03 20:28:22.787  1707  1707 W StaticLayout: maxLineHeight should not be -1.  maxLines:7 lineCount:7
07-03 20:28:22.787 14699 14699 W ResourceType: For resource 0x7f0e013b, entry index(315) is beyond type entryCount(142)
07-03 20:28:22.806 14699 14699 I chatty  : uid=10104(net.osmand) identical 53 lines
07-03 20:28:22.806 14699 14699 W ResourceType: For resource 0x7f0e013b, entry index(315) is beyond type entryCount(142)
07-03 20:28:22.820 14699 14699 W View    : requestLayout() improperly called by android.widget.ListView{640de4c VFED.VC.. ......ID 0,0-735,1794 #7f0803ba app:id/menuItems} during layout: running second layout pass
07-03 20:28:22.830  1604  1621 E BatteryExternalStatsWorker: modem info is invalid: ModemActivityInfo{ mTimestamp=0 mSleepTimeMs=0 mIdleTimeMs=0 mTxTimeMs[]=[0, 0, 0, 0, 0] mRxTimeMs=0 mEnergyUsed=0}
07-03 20:28:22.838  1970  1970 I GeofencerStateMachine: sendNewLocationAvailability: availability=LocationAvailability[isLocationAvailable: true]
07-03 20:28:22.904 14699 14724 I net.osmand: MapRenderRepositories RENDER MAP: new request RotatedTileBox [lat=-7.5891947746276855, lon=-37.54106903076172, rotate=0.0, density=2.625, zoom=17, mapDensity=3.9375, zoomAnimation=0.0, zoomFloatPart=0.0, cx=900, cy=1297, pixWidth=1800, pixHeight=2595]
07-03 20:28:23.027  1707  1707 D StatusBar: disable<e i a s b h r c s q >
07-03 20:28:23.056  1707  1933 D EGL_emulation: eglMakeCurrent: 0x91a91b00: ver 2 0 (tinfo 0x91b96990)
07-03 20:28:23.075  1402  1440 D gralloc_ranchu: gralloc_alloc: Creating ashmem region of size 274432
07-03 20:28:23.134  1402  1440 D gralloc_ranchu: gralloc_alloc: Creating ashmem region of size 544768
07-03 20:28:23.147  1707  1933 D EGL_emulation: eglMakeCurrent: 0x91a91b00: ver 2 0 (tinfo 0x91b96990)
07-03 20:28:23.158  1402  1440 D gralloc_ranchu: gralloc_alloc: Creating ashmem region of size 544768
07-03 20:28:23.220 14699 14724 I net.osmand:native: Route objects 60
07-03 20:28:23.220 14699 14724 I net.osmand:native: Ocean: no completed & incompleted coastlines 0
07-03 20:28:23.220 14699 14724 I net.osmand:native: Detailed coastlines = 0, basemap coastlines 0, ocean tile 0.000000. Detailed added 0, basemap processed 1, basemap added 0.
07-03 20:28:23.220 14699 14724 I net.osmand:native: Search : tree - read( 413), accept( 30), objs - visit( 2206), accept(72), in result(60) 
07-03 20:28:23.221 14699 14724 I net.osmand: MapRenderRepositories BLat=-7.593057632446289, TLat=-7.585336685180664, LLong=-37.543521881103516, RLong=-37.53861999511719, zoom=17
07-03 20:28:23.221 14699 14724 I net.osmand: MapRenderRepositories Native search: 316 ms 
07-03 20:28:23.223 14699 14724 W net.osmand: MapRenderRepositories Create new image ? 1800 != 1800 (w) 2595 != 2690 (h) 
07-03 20:28:23.224 14699 14724 I net.osmand:native: Creating SkBitmap in native w:1800 h:2595 s:7200 f:1!
07-03 20:28:23.227 14699 14724 I net.osmand:native: Row bytes for RGBA_8888 is 7200
07-03 20:28:23.230 14699 14724 I net.osmand:native: Locked 18684000 bytes at 0x61980000
07-03 20:28:23.258 14699 14724 I net.osmand:native: Initializing rendering
07-03 20:28:23.274 14699 14724 I net.osmand:native: Rendering image
07-03 20:28:23.357  1707  1707 D EGL_emulation: eglCreateContext: 0x8e83d280: maj 2 min 0 rcv 2
07-03 20:28:23.362  1707  1707 D EGL_emulation: eglMakeCurrent: 0x8e83d280: ver 2 0 (tinfo 0x916e0300)
07-03 20:28:23.365  1402  1440 D gralloc_ranchu: gralloc_alloc: Creating ashmem region of size 9547776
07-03 20:28:23.416  1707  1707 D EGL_emulation: eglMakeCurrent: 0x8e83d280: ver 2 0 (tinfo 0x916e0300)
07-03 20:28:23.467  1402  1440 D gralloc_ranchu: gralloc_alloc: Creating ashmem region of size 9547776
07-03 20:28:23.967 14699 14699 I net.osmand: RoutingHelper Recalculate route, because correlation  : 214.74408039865548
07-03 20:28:24.004  1402  1440 D gralloc_ranchu: gralloc_alloc: Creating ashmem region of size 3878912
07-03 20:28:24.131  1707  1707 I Choreographer: Skipped 65 frames!  The application may be doing too much work on its main thread.
07-03 20:28:24.166  1707  1933 D EGL_emulation: eglMakeCurrent: 0x91a91b00: ver 2 0 (tinfo 0x91b96990)
07-03 20:28:24.173  1402  1440 D gralloc_ranchu: gralloc_alloc: Creating ashmem region of size 274432
07-03 20:28:24.227  1707  1933 D EGL_emulation: eglMakeCurrent: 0x91a91b00: ver 2 0 (tinfo 0x91b96990)
07-03 20:28:24.236  1707  1707 W StatusBar/NavBarView: *** Invalid layout in navigation bar (sizeChanged this=1080x126 cur=1038x126)
07-03 20:28:24.258  1402  1440 D gralloc_ranchu: gralloc_alloc: Creating ashmem region of size 544768
07-03 20:28:24.301 14699 14699 I Choreographer: Skipped 96 frames!  The application may be doing too much work on its main thread.
07-03 20:28:24.346 14699 14735 D EGL_emulation: eglMakeCurrent: 0xa5805720: ver 2 0 (tinfo 0xa5803350)
07-03 20:28:24.407  1402  1440 D gralloc_ranchu: gralloc_alloc: Creating ashmem region of size 8298496
07-03 20:28:24.508  1604  1651 I WindowManager: Screen frozen for +4s308ms due to Window{f9bdd44 u0 net.osmand/net.osmand.plus.activities.MapActivity}
07-03 20:28:24.578  1412  1412 D SurfaceFlinger: duplicate layer name: changing BlackSurface to BlackSurface#1
07-03 20:28:24.583  1412  1412 I chatty  : uid=1000(system) /system/bin/surfaceflinger identical 1 line
07-03 20:28:24.589  1412  1412 D SurfaceFlinger: duplicate layer name: changing BlackSurface to BlackSurface#1
07-03 20:28:24.638 14699 14724 I net.osmand:native: Native ok (rendering 0, text 849 ms) 
07-03 20:28:24.638 14699 14724 I net.osmand:native:  (559 points, 335 points inside, 119 of 125 objects visible)
07-03 20:28:24.649 14699 14724 I net.osmand:native: End Rendering image
07-03 20:28:24.657 14699 14724 I net.osmand:native: Native ok (init 16, rendering 0) 
07-03 20:28:24.658 14699 14724 I net.osmand: MapRenderRepositories true
07-03 20:28:24.690  1707  1707 I Choreographer: Skipped 32 frames!  The application may be doing too much work on its main thread.
07-03 20:28:24.695  1707  1933 D EGL_emulation: eglMakeCurrent: 0x91a91b00: ver 2 0 (tinfo 0x91b96990)
07-03 20:28:24.722 14699 14725 I net.osmand: MapRenderRepositories RENDER MAP: update due to tile box
07-03 20:28:24.729 14699 14725 I net.osmand: MapRenderRepositories RENDER MAP: Interrupt rendering map
07-03 20:28:25.006 14699 14709 I zygote  : NativeAlloc concurrent copying GC freed 342341(8MB) AllocSpace objects, 16(628KB) LOS objects, 10% free, 49MB/55MB, paused 10.496ms total 313.099ms
07-03 20:28:25.007 14699 14712 I zygote  : WaitForGcToComplete blocked ProfileSaver on HeapTrim for 4.644s
07-03 20:28:25.104  1412  1468 E SurfaceFlinger: Failed to find layer (BlackSurface#1) in layer parent (no-parent).
07-03 20:28:25.218 14699 14699 I net.osmand: RoutingHelper Recalculate route, because correlation  : 214.74408039865548
07-03 20:28:25.218 14699 14699 I net.osmand: RoutingHelper Recalculate route, because wrong movement direction: 246.21614
07-03 20:28:25.306 14699 14725 I net.osmand: MapRenderRepositories RENDER MAP: update due to tile box
07-03 20:28:25.306 14699 14725 I net.osmand: MapRenderRepositories RENDER MAP: Interrupt rendering map
07-03 20:28:25.413 14699 14724 I net.osmand: MapRenderRepositories RENDER MAP: new request RotatedTileBox [lat=-7.589195000000001, lon=-37.541068333333335, rotate=0.0, density=2.625, zoom=17, mapDensity=3.9375, zoomAnimation=0.0, zoomFloatPart=0.0, cx=900, cy=1972, pixWidth=1800, pixHeight=2690]
07-03 20:28:25.473 14699 14699 I net.osmand: RoutingHelper Recalculate route, because correlation  : 214.74408039865548
07-03 20:28:25.473 14699 14699 I net.osmand: RoutingHelper Recalculate route, because wrong movement direction: 246.21614
07-03 20:28:25.475 14699 14699 I Choreographer: Skipped 69 frames!  The application may be doing too much work on its main thread.
07-03 20:28:25.495  1402  1440 D gralloc_ranchu: gralloc_alloc: Creating ashmem region of size 8298496
07-03 20:28:25.526 14699 14699 I net.osmand: RoutingHelper Recalculate route, because correlation  : 214.74408039865548
07-03 20:28:25.556 14699 14699 I net.osmand: RoutingHelper Recalculate route, because correlation  : 214.74408039865548
07-03 20:28:25.556 14699 14699 I net.osmand: RoutingHelper Recalculate route, because wrong movement direction: 246.21614
07-03 20:28:25.561  1402  1440 D gralloc_ranchu: gralloc_alloc: Creating ashmem region of size 3878912
07-03 20:28:25.579  1604  1617 I GnssLocationProvider: WakeLock released by handleMessage(SET_REQUEST, 0, com.android.server.location.GnssLocationProvider$GpsRequest@f45f98)
07-03 20:28:25.656 14699 14699 I net.osmand: RoutingHelper Recalculate route, because correlation  : 214.74408039865548
07-03 20:28:25.656 14699 14699 I net.osmand: RoutingHelper Recalculate route, because wrong movement direction: 246.21614
07-03 20:28:25.662 14699 14699 I net.osmand: RoutingHelper Recalculate route, because correlation  : 214.74408039865548
07-03 20:28:25.666 14699 14699 I net.osmand: RoutingHelper Recalculate route, because correlation  : 214.74408039865548
07-03 20:28:25.666 14699 14699 I net.osmand: RoutingHelper Recalculate route, because wrong movement direction: 246.21614
07-03 20:28:25.669 14699 14699 I net.osmand: RoutingHelper Recalculate route, because correlation  : 214.74408039865548
07-03 20:28:25.720 14699 14724 I net.osmand:native: Route objects 61
07-03 20:28:25.720 14699 14724 I net.osmand:native: Ocean: no completed & incompleted coastlines 0
07-03 20:28:25.720 14699 14724 I net.osmand:native: Detailed coastlines = 0, basemap coastlines 0, ocean tile 0.000000. Detailed added 0, basemap processed 1, basemap added 0.
07-03 20:28:25.720 14699 14724 I net.osmand:native: Search : tree - read( 413), accept( 30), objs - visit( 2206), accept(73), in result(61) 
07-03 20:28:25.758 14699 14724 I net.osmand: MapRenderRepositories BLat=-7.591496849060059, TLat=-7.583494758605957, LLong=-37.543521881103516, RLong=-37.53861999511719, zoom=17
07-03 20:28:25.770 14699 14724 I net.osmand: MapRenderRepositories Native search: 356 ms 
07-03 20:28:25.776 14699 14724 I net.osmand:native: Creating SkBitmap in native w:1800 h:2690 s:7200 f:1!
07-03 20:28:25.776 14699 14724 I net.osmand:native: Row bytes for RGBA_8888 is 7200
07-03 20:28:25.776 14699 14724 I net.osmand:native: Locked 19368000 bytes at 0x62d80000
07-03 20:28:25.826  1412  1412 W SurfaceFlinger: couldn't log to binary event log: overflow.
07-03 20:28:25.860 14699 14724 I net.osmand:native: Initializing rendering
07-03 20:28:25.862 14699 14724 I net.osmand:native: Rendering image
07-03 20:28:25.910  1410  1410 I boot-pipe: done populating /dev/random
07-03 20:28:26.009 14699 14699 I net.osmand: RoutingHelper Recalculate route, because correlation  : 214.74408039865548
07-03 20:28:26.009 14699 14699 I net.osmand: RoutingHelper Recalculate route, because wrong movement direction: 246.21614
07-03 20:28:26.034  1970 22691 I Places  : Converted 1 out of 1 WiFi scans
07-03 20:28:26.035  1604  4218 I WifiService: getConnectionInfo uid=10014
07-03 20:28:26.262 10677 22674 I PBSessionCacheImpl: Deleted sessionId[8399398127979] from persistence.
07-03 20:28:26.277  1604  4218 I WifiService: getWifiEnabledState uid=10032
07-03 20:28:26.447 14699 14699 I net.osmand: RoutingHelper Recalculate route, because correlation  : 214.74408039865548
07-03 20:28:26.447 14699 14699 I net.osmand: RoutingHelper Recalculate route, because wrong movement direction: 246.21614
07-03 20:28:26.454 10677 10711 W SearchServiceCore: Abort, client detached.
07-03 20:28:26.609  1604  1625 I zygote  : Waiting for a blocking GC Explicit
07-03 20:28:26.734 14699 14699 I net.osmand: RoutingHelper Recalculate route, because correlation  : 214.74408039865548
07-03 20:28:26.735 14699 14699 I net.osmand: RoutingHelper Recalculate route, because wrong movement direction: 246.21614
07-03 20:28:26.921  1970 22755 I PlaceInferenceEngine: No beacon scan available - ignoring candidates.
07-03 20:28:26.971 14699 14699 I net.osmand: RoutingHelper Recalculate route, because correlation  : 214.74408039865548
07-03 20:28:26.971 14699 14699 I net.osmand: RoutingHelper Recalculate route, because wrong movement direction: 246.21614
07-03 20:28:27.004 14699 14724 I net.osmand:native: Native ok (rendering 0, text 282 ms) 
07-03 20:28:27.004 14699 14724 I net.osmand:native:  (574 points, 320 points inside, 122 of 128 objects visible)
07-03 20:28:27.004 14699 14724 I net.osmand:native: End Rendering image
07-03 20:28:27.004 14699 14724 I net.osmand:native: Native ok (init 1, rendering 0) 
07-03 20:28:27.005 14699 14724 I net.osmand: MapRenderRepositories true
07-03 20:28:27.029  1402  1440 D gralloc_ranchu: gralloc_alloc: Creating ashmem region of size 3878912
07-03 20:28:27.402 14699 14699 I net.osmand: RoutingHelper Recalculate route, because correlation  : 214.74408039865548
07-03 20:28:27.647 14699 14699 I net.osmand: RoutingHelper Recalculate route, because correlation  : 214.74408039865548
07-03 20:28:27.647 14699 14699 I net.osmand: RoutingHelper Recalculate route, because wrong movement direction: 246.21614
