06-30 13:50:15.079  5873  5873 W PopupManager: You have not specified a View to use as content view for popups. Falling back to the Activity content view. Note that this may not work as expected in multi-screen environments
06-30 13:50:15.093  5873  5873 I zygote  : Rejecting re-init on previously-failed class java.lang.Class<android.support.v4.app.FragmentActivity>: java.lang.NoClassDefFoundError: Failed resolution of: Landroid/support/v4/app/BaseFragmentActivityApi16;
06-30 13:50:15.093  5873  5873 I zygote  :   at com.google.android.gms.common.api.GoogleApiClient$Builder com.prime31.GameHelper.createApiClientBuilder() (GameHelper.java:272)
06-30 13:50:15.093  5873  5873 I zygote  :   at void com.prime31.GameHelper.setup(com.prime31.GameHelper$GameHelperListener) (GameHelper.java:320)
06-30 13:50:15.093  5873  5873 I zygote  :   at void com.prime31.PlayGameServicesPlugin.initImpl() (PlayGameServicesPlugin.java:842)
06-30 13:50:15.093  5873  5873 I zygote  :   at void com.prime31.PlayGameServicesPlugin.onCreate(android.os.Bundle) (PlayGameServicesPlugin.java:576)
06-30 13:50:15.093  5873  5873 I zygote  :   at java.lang.Object java.lang.reflect.Method.invoke(java.lang.Object, java.lang.Object[]) (Method.java:-2)
06-30 13:50:15.093  5873  5873 I zygote  :   at void com.prime31.ActivityProxyObjectHelper.onCreate(android.os.Bundle) (ActivityProxyObjectHelper.java:81)
06-30 13:50:15.093  5873  5873 I zygote  :   at void com.prime31.UnityPlayerNativeActivity.onCreate(android.os.Bundle) (UnityPlayerNativeActivity.java:24)
06-30 13:50:15.093  5873  5873 I zygote  :   at void android.app.Activity.performCreate(android.os.Bundle, android.os.PersistableBundle) (Activity.java:7009)
06-30 13:50:15.093  5873  5873 I zygote  :   at void android.app.Activity.performCreate(android.os.Bundle) (Activity.java:7000)
06-30 13:50:15.093  5873  5873 I zygote  :   at void android.app.Instrumentation.callActivityOnCreate(android.app.Activity, android.os.Bundle) (Instrumentation.java:1214)
06-30 13:50:15.093  5873  5873 I zygote  :   at android.app.Activity android.app.ActivityThread.performLaunchActivity(android.app.ActivityThread$ActivityClientRecord, android.content.Intent) (ActivityThread.java:2731)
06-30 13:50:15.093  5873  5873 I zygote  :   at void android.app.ActivityThread.handleLaunchActivity(android.app.ActivityThread$ActivityClientRecord, android.content.Intent, java.lang.String) (ActivityThread.java:2856)
06-30 13:50:15.093  5873  5873 I zygote  :   at void android.app.ActivityThread.-wrap11(android.app.ActivityThread, android.app.ActivityThread$ActivityClientRecord, android.content.Intent, java.lang.String) (ActivityThread.java:-1)
06-30 13:50:15.093  5873  5873 I zygote  :   at void android.app.ActivityThread$H.handleMessage(android.os.Message) (ActivityThread.java:1589)
06-30 13:50:15.093  5873  5873 I zygote  :   at void android.os.Handler.dispatchMessage(android.os.Message) (Handler.java:106)
06-30 13:50:15.093  5873  5873 I zygote  :   at void android.os.Looper.loop() (Looper.java:164)
06-30 13:50:15.093  5873  5873 I zygote  :   at void android.app.ActivityThread.main(java.lang.String[]) (ActivityThread.java:6494)
06-30 13:50:15.093  5873  5873 I zygote  :   at java.lang.Object java.lang.reflect.Method.invoke(java.lang.Object, java.lang.Object[]) (Method.java:-2)
06-30 13:50:15.094  5873  5873 I zygote  :   at void com.android.internal.os.RuntimeInit$MethodAndArgsCaller.run() (RuntimeInit.java:438)
06-30 13:50:15.094  5873  5873 I zygote  :   at void com.android.internal.os.ZygoteInit.main(java.lang.String[]) (ZygoteInit.java:807)
06-30 13:50:15.094  5873  5873 I zygote  : Caused by: java.lang.ClassNotFoundException: android.support.v4.app.BaseFragmentActivityApi16
06-30 13:50:15.094  5873  5873 I zygote  :   at java.lang.Class java.lang.VMClassLoader.findLoadedClass(java.lang.ClassLoader, java.lang.String) (VMClassLoader.java:-2)
06-30 13:50:15.094  5873  5873 I zygote  :   at java.lang.Class java.lang.ClassLoader.findLoadedClass(java.lang.String) (ClassLoader.java:738)
06-30 13:50:15.094  5873  5873 I zygote  :   at java.lang.Class java.lang.ClassLoader.loadClass(java.lang.String, boolean) (ClassLoader.java:363)
06-30 13:50:15.094  5873  5873 I zygote  :   at java.lang.Class java.lang.ClassLoader.loadClass(java.lang.String) (ClassLoader.java:312)
06-30 13:50:15.094  5873  5873 I zygote  :   at com.google.android.gms.common.api.GoogleApiClient$Builder com.prime31.GameHelper.createApiClientBuilder() (GameHelper.java:272)
06-30 13:50:15.094  5873  5873 I zygote  :   at void com.prime31.GameHelper.setup(com.prime31.GameHelper$GameHelperListener) (GameHelper.java:320)
06-30 13:50:15.094  5873  5873 I zygote  :   at void com.prime31.PlayGameServicesPlugin.initImpl() (PlayGameServicesPlugin.java:842)
06-30 13:50:15.094  5873  5873 I zygote  :   at void com.prime31.PlayGameServicesPlugin.onCreate(android.os.Bundle) (PlayGameServicesPlugin.java:576)
06-30 13:50:15.094  5873  5873 I zygote  :   at java.lang.Object java.lang.reflect.Method.invoke(java.lang.Object, java.lang.Object[]) (Method.java:-2)
06-30 13:50:15.094  5873  5873 I zygote  :   at void com.prime31.ActivityProxyObjectHelper.onCreate(android.os.Bundle) (ActivityProxyObjectHelper.java:81)
06-30 13:50:15.094  5873  5873 I zygote  :   at void com.prime31.UnityPlayerNativeActivity.onCreate(android.os.Bundle) (UnityPlayerNativeActivity.java:24)
06-30 13:50:15.094  5873  5873 I zygote  :   at void android.app.Activity.performCreate(android.os.Bundle, android.os.PersistableBundle) (Activity.java:7009)
06-30 13:50:15.094  5873  5873 I zygote  :   at void android.app.Activity.performCreate(android.os.Bundle) (Activity.java:7000)
06-30 13:50:15.094  5873  5873 I zygote  :   at void android.app.Instrumentation.callActivityOnCreate(android.app.Activity, android.os.Bundle) (Instrumentation.java:1214)
06-30 13:50:15.094  5873  5873 I zygote  :   at android.app.Activity android.app.ActivityThread.performLaunchActivity(android.app.ActivityThread$ActivityClientRecord, android.content.Intent) (ActivityThread.java:2731)
06-30 13:50:15.094  5873  5873 I zygote  :   at void android.app.ActivityThread.handleLaunchActivity(android.app.ActivityThread$ActivityClientRecord, android.content.Intent, java.lang.String) (ActivityThread.java:2856)
06-30 13:50:15.094  5873  5873 I zygote  :   at void android.app.ActivityThread.-wrap11(android.app.ActivityThread, android.app.ActivityThread$ActivityClientRecord, android.content.Intent, java.lang.String) (ActivityThread.java:-1)
06-30 13:50:15.094  5873  5873 I zygote  :   at void android.app.ActivityThread$H.handleMessage(android.os.Message) (ActivityThread.java:1589)
06-30 13:50:15.094  5873  5873 I zygote  :   at void android.os.Handler.dispatchMessage(android.os.Message) (Handler.java:106)
06-30 13:50:15.095  5873  5873 I zygote  :   at void android.os.Looper.loop() (Looper.java:164)
06-30 13:50:15.095  5873  5873 I zygote  :   at void android.app.ActivityThread.main(java.lang.String[]) (ActivityThread.java:6494)
06-30 13:50:15.095  5873  5873 I zygote  :   at java.lang.Object java.lang.reflect.Method.invoke(java.lang.Object, java.lang.Object[]) (Method.java:-2)
06-30 13:50:15.095  5873  5873 I zygote  :   at void com.android.internal.os.RuntimeInit$MethodAndArgsCaller.run() (RuntimeInit.java:438)
06-30 13:50:15.095  5873  5873 I zygote  :   at void com.android.internal.os.ZygoteInit.main(java.lang.String[]) (ZygoteInit.java:807)
06-30 13:50:15.095  5873  5873 I zygote  : 
06-30 13:50:15.098  5873  5873 I zygote  : Rejecting re-init on previously-failed class java.lang.Class<android.support.v4.app.FragmentActivity>: java.lang.NoClassDefFoundError: Failed resolution of: Landroid/support/v4/app/BaseFragmentActivityApi16;
06-30 13:50:15.098  5873  5873 I zygote  :   at com.google.android.gms.common.api.GoogleApiClient$Builder com.prime31.GameHelper.createApiClientBuilder() (GameHelper.java:272)
06-30 13:50:15.098  5873  5873 I zygote  :   at void com.prime31.GameHelper.setup(com.prime31.GameHelper$GameHelperListener) (GameHelper.java:320)
06-30 13:50:15.098  5873  5873 I zygote  :   at void com.prime31.PlayGameServicesPlugin.initImpl() (PlayGameServicesPlugin.java:842)
06-30 13:50:15.099  5873  5873 I zygote  :   at void com.prime31.PlayGameServicesPlugin.onCreate(android.os.Bundle) (PlayGameServicesPlugin.java:576)
06-30 13:50:15.100  5873  5873 I zygote  :   at java.lang.Object java.lang.reflect.Method.invoke(java.lang.Object, java.lang.Object[]) (Method.java:-2)
06-30 13:50:15.100  5873  5873 I zygote  :   at void com.prime31.ActivityProxyObjectHelper.onCreate(android.os.Bundle) (ActivityProxyObjectHelper.java:81)
06-30 13:50:15.100  5873  5873 I zygote  :   at void com.prime31.UnityPlayerNativeActivity.onCreate(android.os.Bundle) (UnityPlayerNativeActivity.java:24)
06-30 13:50:15.101  5873  5873 I zygote  :   at void android.app.Activity.performCreate(android.os.Bundle, android.os.PersistableBundle) (Activity.java:7009)
06-30 13:50:15.102  5873  5873 I zygote  :   at void android.app.Activity.performCreate(android.os.Bundle) (Activity.java:7000)
06-30 13:50:15.102  5873  5873 I zygote  :   at void android.app.Instrumentation.callActivityOnCreate(android.app.Activity, android.os.Bundle) (Instrumentation.java:1214)
06-30 13:50:15.102  5873  5873 I zygote  :   at android.app.Activity android.app.ActivityThread.performLaunchActivity(android.app.ActivityThread$ActivityClientRecord, android.content.Intent) (ActivityThread.java:2731)
06-30 13:50:15.108  3781  3781 I net.osmand: RoutingHelper Recalculate route, because correlation  : 5664.883557314374
06-30 13:50:15.108  3781  3781 I net.osmand: RoutingHelper Recalculate route, because wrong movement direction: 5664.884
06-30 13:50:15.126  1600  2364 W AppOps  : Bad call: specified package com.google.android.gms under uid 10081 but it is really 10014
06-30 13:50:15.126  1600  2364 W AppOps  : java.lang.RuntimeException: here
06-30 13:50:15.126  1600  2364 W AppOps  : 	at com.android.server.AppOpsService.getOpsRawLocked(AppOpsService.java:1322)
06-30 13:50:15.126  1600  2364 W AppOps  : 	at com.android.server.AppOpsService.checkPackage(AppOpsService.java:1041)
06-30 13:50:15.126  1600  2364 W AppOps  : 	at com.android.internal.app.IAppOpsService$Stub.onTransact(IAppOpsService.java:169)
06-30 13:50:15.126  1600  2364 W AppOps  : 	at android.os.Binder.execTransact(Binder.java:697)
06-30 13:50:15.197  1694  1694 I KeyboardViewUtil: systemKeyboardHeightRatio:1.000000; userKeyboardHeightRatio:1.000000.
06-30 13:50:15.205  1600  1621 W WindowManager: App freeze timeout expired.
06-30 13:50:15.206  1600  1621 W WindowManager: Force clearing freeze: AppWindowToken{bc10732 token=Token{74539fc ActivityRecord{61ddaef u0 com.skgames.trafficrider/com.prime31.UnityPlayerNativeActivity t4}}}
06-30 13:50:15.220  1600  1621 I WindowManager: Screen frozen for +2s150ms due to AppWindowToken{bc10732 token=Token{74539fc ActivityRecord{61ddaef u0 com.skgames.trafficrider/com.prime31.UnityPlayerNativeActivity t4}}}
06-30 13:50:15.272  1397  1432 D gralloc_ranchu: gralloc_alloc: Creating ashmem region of size 8298496
06-30 13:50:15.286  3781  3781 I net.osmand: RoutingHelper Recalculate route, because correlation  : 5664.883557314374
06-30 13:50:15.311  1397  1432 D gralloc_ranchu: gralloc_alloc: Creating ashmem region of size 8298496
06-30 13:50:15.335  1480  2601 D NuPlayerDriver: start(0xa6425690), state is 4, eos is 0
06-30 13:50:15.335  1480  5892 I GenericSource: start
06-30 13:50:15.340  3360  5891 V MediaPlayer: resetDrmState:  mDrmInfo=null mDrmProvisioningThread=null mPrepareDrmInProgress=false mActiveDrmScheme=false
06-30 13:50:15.340  3360  5891 V MediaPlayer: cleanDrmObj: mDrmObj=null mDrmSessionId=null
06-30 13:50:15.340  1480  2601 D NuPlayerDriver: reset(0xa4b140e0) at state 6
06-30 13:50:15.355  1480  2601 D NuPlayerDriver: notifyListener_l(0xa4b140e0), (8, 0, 0, -1), loop setting(0, 0)
06-30 13:50:15.447  1480  5899 I OMXClient: Treble IOmx obtained
06-30 13:50:15.451  2605  2623 I OMXMaster: makeComponentInstance(OMX.google.vorbis.decoder) in omx@1.0-service process
06-30 13:50:15.457  1480  4918 D NuPlayerDriver: notifyResetComplete(0xa4b140e0)
06-30 13:50:15.484  2605  2623 E OMXNodeInstance: setConfig(0xa7020ae0:google.vorbis.decoder, ConfigPriority(0x6f800002)) ERROR: Undefined(0x80001001)
06-30 13:50:15.485  1480  5899 I ACodec  : codec does not support config priority (err -2147483648)
06-30 13:50:15.485  2605  2623 E OMXNodeInstance: getConfig(0xa7020ae0:google.vorbis.decoder, ConfigAndroidVendorExtension(0x6f100004)) ERROR: Undefined(0x80001001)
06-30 13:50:15.486  1480  5899 I MediaCodec: MediaCodec will operate in async mode
06-30 13:50:15.492  1388  1388 W /system/bin/hw/android.hidl.allocator@1.0-service: ashmem_create_region(32768) returning hidl_memory(0xaf39b830, 32768)
06-30 13:50:15.506  1388  1388 I chatty  : uid=1000(system) allocator@1.0-s identical 6 lines
06-30 13:50:15.509  1388  1388 W /system/bin/hw/android.hidl.allocator@1.0-service: ashmem_create_region(32768) returning hidl_memory(0xaf39b830, 32768)
06-30 13:50:15.528  1600  1621 I ActivityManager: Displayed com.skgames.trafficrider/com.prime31.UnityPlayerNativeActivity: +2s475ms
06-30 13:50:15.540  1600  1610 I WifiService: acquireWifiLock uid=10014 lockMode=2
06-30 13:50:15.562  1388  1388 W /system/bin/hw/android.hidl.allocator@1.0-service: ashmem_create_region(32768) returning hidl_memory(0xaf39b830, 32768)
06-30 13:50:15.564  1388  1388 I chatty  : uid=1000(system) allocator@1.0-s identical 2 lines
06-30 13:50:15.565  1388  1388 W /system/bin/hw/android.hidl.allocator@1.0-service: ashmem_create_region(32768) returning hidl_memory(0xaf39b830, 32768)
06-30 13:50:15.582  1480  5897 D AudioTrack: Client defaulted notificationFrames to 7406 for frameCount 22218
06-30 13:50:15.591  1407  1407 W SurfaceFlinger: couldn't log to binary event log: overflow.
06-30 13:50:15.595  1389  3359 W audio_hw_generic: Not supplying enough data to HAL, expected position 2717398 , only wrote 2717280
06-30 13:50:15.600  1480  5892 D NuPlayerDriver: notifyListener_l(0xa6425690), (6, 0, 0, -1), loop setting(0, 0)
06-30 13:50:15.653  1480  5897 W AudioTrack: getTimestamp() location moved from kernel to server
06-30 13:50:15.741  1694  1694 I DeviceStatusMonitor: onReceive() : Action = android.intent.action.CONFIGURATION_CHANGED
06-30 13:50:15.881  1694  1694 I ConfigNotification: Get device mode by ui mode:1 and smallestScreenWidthDp:411
06-30 13:50:15.888  1694  1694 I chatty  : uid=10060(com.google.android.inputmethod.latin) identical 2 lines
06-30 13:50:15.889  1694  1694 I ConfigNotification: Get device mode by ui mode:1 and smallestScreenWidthDp:411
06-30 13:50:16.088  2048  5737 I PBSessionCacheImpl: Deleted sessionId[8124517280911] from persistence.
06-30 13:50:16.139  5873  5873 I Prime31 : we only launched 2 seconds ago so this is the Google 'failed auth bug'. Disregarding only this failure and moving on.
06-30 13:50:16.142  3781  3781 I net.osmand: RoutingHelper Recalculate route, because correlation  : 5960.567340288657
06-30 13:50:16.142  3781  3781 I net.osmand: RoutingHelper Recalculate route, because wrong movement direction: 5960.5674
06-30 13:50:16.156  1600  3357 I WifiService: getWifiEnabledState uid=10032
06-30 13:50:16.191  2048  2188 W SearchServiceCore: Abort, client detached.
06-30 13:50:16.421  3360  3360 D EGL_emulation: eglCreateContext: 0x91558ce0: maj 2 min 0 rcv 2
06-30 13:50:16.431  3360  3360 D EGL_emulation: eglMakeCurrent: 0x91558ce0: ver 2 0 (tinfo 0x944c7480)
06-30 13:50:16.437  1397  1432 D gralloc_ranchu: gralloc_alloc: Creating ashmem region of size 9547776
06-30 13:50:16.461  3360  3360 D EGL_emulation: eglMakeCurrent: 0x91558ce0: ver 2 0 (tinfo 0x944c7480)
06-30 13:50:16.487  3781  3781 I net.osmand: RoutingHelper Recalculate route, because correlation  : 5960.567340288657
06-30 13:50:16.493  1969  1969 I GeofencerStateMachine: sendNewLocationAvailability: availability=LocationAvailability[isLocationAvailable: true]
06-30 13:50:16.498  1969  1969 I GeofencerStateMachine: sendNewLocationAvailability: availability=LocationAvailability[isLocationAvailable: true]
06-30 13:50:16.533  1397  1432 D gralloc_ranchu: gralloc_alloc: Creating ashmem region of size 9547776
06-30 13:50:16.769  1694  1755 I zygote  : Waiting for a blocking GC ProfileSaver
06-30 13:50:16.905  3360  3360 I Choreographer: Skipped 141 frames!  The application may be doing too much work on its main thread.
06-30 13:50:16.921  1397  1432 D gralloc_ranchu: gralloc_alloc: Creating ashmem region of size 544768
06-30 13:50:17.078  3781  3781 I net.osmand: RoutingHelper Recalculate route, because correlation  : 5960.567340288657
06-30 13:50:17.078  3781  3781 I net.osmand: RoutingHelper Recalculate route, because wrong movement direction: 5960.5674
06-30 13:50:17.104  3360  3360 W StaticLayout: maxLineHeight should not be -1.  maxLines:7 lineCount:7
06-30 13:50:17.234  3360  3360 I chatty  : uid=10029(com.android.systemui) identical 12 lines
06-30 13:50:17.234  3360  3360 W StaticLayout: maxLineHeight should not be -1.  maxLines:7 lineCount:7
06-30 13:50:17.250  1389  3359 W audio_hw_generic: Not supplying enough data to HAL, expected position 2796690 , only wrote 2796480
06-30 13:50:17.250  1389  3359 W audio_hw_generic: Not supplying enough data to HAL, expected position 2796514 , only wrote 2796480
06-30 13:50:17.278  1472  1583 D AudioFlinger: mixer(0xb4003400) throttle end: throttle time(12)
06-30 13:50:17.298  1694  1755 I zygote  : WaitForGcToComplete blocked ProfileSaver on ProfileSaver for 529.020ms
06-30 13:50:17.340  3781  3781 I net.osmand: RoutingHelper Recalculate route, because correlation  : 5960.567340288657
06-30 13:50:17.425  1397  1432 D gralloc_ranchu: gralloc_alloc: Creating ashmem region of size 487424
06-30 13:50:17.464  1480  5898 I NuPlayerDecoder: [audio] saw output EOS
06-30 13:50:17.469  3781  3781 I net.osmand: RoutingHelper Recalculate route, because correlation  : 6257.221270919466
06-30 13:50:17.469  3781  3781 I net.osmand: RoutingHelper Recalculate route, because wrong movement direction: 6257.221
06-30 13:50:17.566  3360  3360 W StaticLayout: maxLineHeight should not be -1.  maxLines:7 lineCount:7
06-30 13:50:17.599  3360  3360 I chatty  : uid=10029(com.android.systemui) identical 2 lines
06-30 13:50:17.600  3360  3360 W StaticLayout: maxLineHeight should not be -1.  maxLines:7 lineCount:7
06-30 13:50:17.622  3781  3781 I net.osmand: RoutingHelper Recalculate route, because correlation  : 6257.221270919466
06-30 13:50:17.625  3360  3360 W StaticLayout: maxLineHeight should not be -1.  maxLines:7 lineCount:7
06-30 13:50:17.668  3360  3360 I chatty  : uid=10029(com.android.systemui) identical 2 lines
06-30 13:50:17.669  3360  3360 W StaticLayout: maxLineHeight should not be -1.  maxLines:7 lineCount:7
06-30 13:50:17.676  5873  5895 I Unity   : SystemInfo CPU = Intel x86 SSE3, Cores = 2, Memory = 1512mb
06-30 13:50:17.680  5873  5895 I Unity   : ApplicationInfo com.skgames.trafficrider version 1.61 build e2cf18d2-8ba2-4a59-8cbd-1d7f8d3313c2
06-30 13:50:17.680  5873  5895 I Unity   : Built from '2017.4/staging' branch, Version '2017.4.25f1 (9cba1c3a94f1)', Build type 'Release', Scripting Backend 'mono'
06-30 13:50:17.700  3360  3360 W StaticLayout: maxLineHeight should not be -1.  maxLines:7 lineCount:7
06-30 13:50:17.702  3360  3360 W StaticLayout: maxLineHeight should not be -1.  maxLines:7 lineCount:7
06-30 13:50:17.716  1480  5897 D AudioTrack: stop() called with 84672 frames delivered
06-30 13:50:17.728  3360  3360 W StaticLayout: maxLineHeight should not be -1.  maxLines:7 lineCount:7
06-30 13:50:17.732  3360  3360 I chatty  : uid=10029(com.android.systemui) identical 2 lines
06-30 13:50:17.751  3360  3360 W StaticLayout: maxLineHeight should not be -1.  maxLines:7 lineCount:7
06-30 13:50:17.778  1397  1432 D gralloc_ranchu: gralloc_alloc: Creating ashmem region of size 8298496
06-30 13:50:17.868  1397  1432 D gralloc_ranchu: gralloc_alloc: Creating ashmem region of size 8298496
06-30 13:50:17.921  1472  1583 D AudioFlinger: mixer(0xb4003400) throttle end: throttle time(9)
06-30 13:50:18.058  1480  5892 D NuPlayerDriver: notifyListener_l(0xa6425690), (2, 0, 0, -1), loop setting(0, 0)
06-30 13:50:18.062  1600  2364 I MediaFocusControl: abandonAudioFocus() from uid/pid 10029/3360 clientId=android.media.AudioManager@66e2d51
06-30 13:50:18.060  1600  2365 V MediaRouterService: restoreBluetoothA2dp(false)
06-30 13:50:18.098  3781  3781 I net.osmand: RoutingHelper Recalculate route, because correlation  : 6257.221270919466
06-30 13:50:18.195  3360  3360 D StatusBar: disable<e i a s b h r c s q >
06-30 13:50:18.239  1600  1621 I zygote  : Explicit concurrent copying GC freed 33576(1917KB) AllocSpace objects, 5(228KB) LOS objects, 33% free, 12MB/18MB, paused 4.062ms total 989.916ms
06-30 13:50:18.253  3360  3443 D EGL_emulation: eglMakeCurrent: 0x963e3b00: ver 2 0 (tinfo 0xa79590d0)
06-30 13:50:18.273  1397  1432 D gralloc_ranchu: gralloc_alloc: Creating ashmem region of size 487424
06-30 13:50:18.292  3781  3781 I net.osmand: RoutingHelper Recalculate route, because correlation  : 6257.221270919466
06-30 13:50:18.292  3781  3781 I net.osmand: RoutingHelper Recalculate route, because wrong movement direction: 6257.221
06-30 13:50:18.320  3360  3360 W StatusBar/NavBarView: *** Invalid layout in navigation bar (sizeChanged this=126x1080 cur=126x1038)
06-30 13:50:18.420  3360  3360 V MediaRouter: onRestoreRoute() : route=RouteInfo{ name=Phone, description=null, status=null, category=RouteCategory{ name=System types=ROUTE_TYPE_LIVE_AUDIO ROUTE_TYPE_LIVE_VIDEO  groupable=false }, supportedTypes=ROUTE_TYPE_LIVE_AUDIO ROUTE_TYPE_LIVE_VIDEO , presentationDisplay=null }
06-30 13:50:18.420  3360  3360 V MediaRouter: Selecting route: RouteInfo{ name=Phone, description=null, status=null, category=RouteCategory{ name=System types=ROUTE_TYPE_LIVE_AUDIO ROUTE_TYPE_LIVE_VIDEO  groupable=false }, supportedTypes=ROUTE_TYPE_LIVE_AUDIO ROUTE_TYPE_LIVE_VIDEO , presentationDisplay=null }
06-30 13:50:18.582  1389  3359 W audio_hw_generic: Not supplying enough data to HAL, expected position 2860404 , only wrote 2859840
06-30 13:50:18.594  1600  2364 D WificondControl: Scan result ready event
06-30 13:50:17.855  5873  5873 W UnityMain: type=1400 audit(0.0:10): avc: denied { read } for name="stat" dev="proc" ino=4026531999 scontext=u:r:untrusted_app:s0:c512,c768 tcontext=u:object_r:proc_stat:s0 tclass=file permissive=0
06-30 13:50:18.663  3360  3360 D EGL_emulation: eglCreateContext: 0x95db3400: maj 2 min 0 rcv 2
06-30 13:50:18.667  3360  3360 D EGL_emulation: eglMakeCurrent: 0x95db3400: ver 2 0 (tinfo 0x944c7480)
06-30 13:50:18.669  1397  1432 D gralloc_ranchu: gralloc_alloc: Creating ashmem region of size 8298496
06-30 13:50:18.708  3360  3360 D EGL_emulation: eglMakeCurrent: 0x95db3400: ver 2 0 (tinfo 0x944c7480)
06-30 13:50:18.778  1397  1432 D gralloc_ranchu: gralloc_alloc: Creating ashmem region of size 8298496
06-30 13:50:18.810  3781  3781 I net.osmand: RoutingHelper Recalculate route, because correlation  : 6554.8578278182795
06-30 13:50:18.811  3781  3781 I net.osmand: RoutingHelper Recalculate route, because wrong movement direction: 6554.858
06-30 13:50:18.861  1600  1610 I WifiService: releaseWifiLock uid=10014
06-30 13:50:18.884  3781  3781 I net.osmand: RoutingHelper Recalculate route, because correlation  : 6554.8578278182795
06-30 13:50:18.912  3360  3360 I Choreographer: Skipped 41 frames!  The application may be doing too much work on its main thread.
06-30 13:50:18.933  1397  1432 D gralloc_ranchu: gralloc_alloc: Creating ashmem region of size 487424
06-30 13:50:18.990  3360  3443 D EGL_emulation: eglMakeCurrent: 0x963e3b00: ver 2 0 (tinfo 0xa79590d0)
06-30 13:50:19.062  3781  3781 I net.osmand: RoutingHelper Recalculate route, because correlation  : 6554.8578278182795
06-30 13:50:19.062  3781  3781 I net.osmand: RoutingHelper Recalculate route, because wrong movement direction: 6554.858
06-30 13:50:19.171  5873  5895 D         : HostConnection::get() New Host Connection established 0x91fff540, tid 5895
06-30 13:50:19.187  5873  5895 I zygote  : android::hardware::configstore::V1_0::ISurfaceFlingerConfigs::hasWideColorDisplay retrieved: 0
06-30 13:50:19.218  3781  3781 I net.osmand: RoutingHelper Recalculate route, because correlation  : 6554.8578278182795
06-30 13:50:19.234  5873  5895 D EGL_emulation: eglCreateContext: 0x9445d5a0: maj 2 min 0 rcv 2
06-30 13:50:19.235  1397  1432 D gralloc_ranchu: gralloc_alloc: Creating ashmem region of size 8298496
06-30 13:50:19.300  5873  5895 D EGL_emulation: eglCreateContext: 0x9445d600: maj 2 min 0 rcv 2
06-30 13:50:19.302  5873  5895 D EGL_emulation: eglMakeCurrent: 0x9445d600: ver 2 0 (tinfo 0x944492f0)
06-30 13:50:19.319  5873  5895 D Unity   : GL_EXT_debug_marker GL_OES_EGL_image GL_OES_EGL_image_external GL_OES_depth24 GL_OES_depth32 GL_OES_element_index_uint GL_OES_texture_float GL_OES_texture_float_linear GL_OES_compressed_ETC1_RGB8_texture GL_OES_depth_texture GL_OES_texture_half_float GL_OES_texture_half_float_linear GL_OES_packed_depth_stencil GL_OES_texture_npot GL_OES_rgb8_rgba8 GL_EXT_color_buffer_half_float GL_EXT_texture_format_BGRA8888 ANDROID_EMU_CHECKSUM_HELPER_v1 ANDROID_EMU_dma_v1 GL_OES_vertex_array_object GL_KHR_texture_compression_astc_ldr ANDROID_EMU_gles_max_version_2 
06-30 13:50:19.368  5873  5911 D         : HostConnection::get() New Host Connection established 0xa7926c40, tid 5911
06-30 13:50:19.372  5873  5911 D EGL_emulation: eglMakeCurrent: 0x9445d600: ver 2 0 (tinfo 0xb209b360)
06-30 13:50:19.381  5873  5895 D EGL_emulation: eglMakeCurrent: 0x9445d600: ver 2 0 (tinfo 0x944492f0)
06-30 13:50:19.386  5873  5911 D EGL_emulation: eglMakeCurrent: 0x9445d600: ver 2 0 (tinfo 0xb209b360)
06-30 13:50:19.389  5873  5895 D EGL_emulation: eglMakeCurrent: 0x9445d600: ver 2 0 (tinfo 0x944492f0)
06-30 13:50:19.399  5873  5911 D EGL_emulation: eglMakeCurrent: 0x9445d600: ver 2 0 (tinfo 0xb209b360)
06-30 13:50:19.415  3360  3443 D EGL_emulation: eglMakeCurrent: 0x963e3b00: ver 2 0 (tinfo 0xa79590d0)
06-30 13:50:19.724  5873  5931 D AudioTrack: Client defaulted notificationFrames to 682 for frameCount 2048
06-30 13:50:19.730  5873  5931 W AudioTrack: Use of stream types is deprecated for operations other than volume control
06-30 13:50:19.731  5873  5931 W AudioTrack: See the documentation of AudioTrack() for what to use instead with android.media.AudioAttributes to qualify your playback use case
06-30 13:50:19.734  1600  2082 V MediaRouterService: restoreBluetoothA2dp(false)
06-30 13:50:19.754  1969  5856 W Places  : ?: getPlaceInfos (SLS) failure
06-30 13:50:19.754  1969  5856 W Places  : ccuv: DEADLINE_EXCEEDED: deadline exceeded after 9998115330ns
06-30 13:50:19.754  1969  5856 W Places  : 	at ccur.c(:com.google.android.gms@17785022@17.7.85 (040700-253824076):3)
06-30 13:50:19.754  1969  5856 W Places  : 	at sje.a(:com.google.android.gms@17785022@17.7.85 (040700-253824076):64)
06-30 13:50:19.754  1969  5856 W Places  : 	at bhkv.call(:com.google.android.gms@17785022@17.7.85 (040700-253824076):24)
06-30 13:50:19.754  1969  5856 W Places  : 	at bhjd.run(:com.google.android.gms@17785022@17.7.85 (040700-253824076):1)
06-30 13:50:19.754  1969  5856 W Places  : 	at squ.b(:com.google.android.gms@17785022@17.7.85 (040700-253824076):37)
06-30 13:50:19.754  1969  5856 W Places  : 	at squ.run(:com.google.android.gms@17785022@17.7.85 (040700-253824076):21)
06-30 13:50:19.754  1969  5856 W Places  : 	at java.util.concurrent.ThreadPoolExecutor.runWorker(ThreadPoolExecutor.java:1162)
06-30 13:50:19.754  1969  5856 W Places  : 	at java.util.concurrent.ThreadPoolExecutor$Worker.run(ThreadPoolExecutor.java:636)
06-30 13:50:19.754  1969  5856 W Places  : 	at swz.run(Unknown Source:7)
06-30 13:50:19.754  1969  5856 W Places  : 	at java.lang.Thread.run(Thread.java:764)
06-30 13:50:20.059  3781  3781 I net.osmand: RoutingHelper Recalculate route, because correlation  : 6554.8578278182795
06-30 13:50:20.059  3781  3781 I net.osmand: RoutingHelper Recalculate route, because wrong movement direction: 6554.858
06-30 13:50:20.144  3781  3781 I net.osmand: RoutingHelper Recalculate route, because correlation  : 6554.8578278182795
06-30 13:50:20.172  3781  3781 I net.osmand: RoutingHelper Recalculate route, because correlation  : 6853.449888850598
06-30 13:50:20.172  3781  3781 I net.osmand: RoutingHelper Recalculate route, because wrong movement direction: 6853.4497
06-30 13:50:20.204  3781  3781 I net.osmand: RoutingHelper Recalculate route, because correlation  : 6853.449888850598
06-30 13:50:21.079  3781  3781 I net.osmand: RoutingHelper Recalculate route, because correlation  : 6853.449888850598
06-30 13:50:21.079  3781  3781 I net.osmand: RoutingHelper Recalculate route, because wrong movement direction: 6853.4497
06-30 13:50:21.098  3781  3781 I net.osmand: RoutingHelper Recalculate route, because correlation  : 6853.449888850598
06-30 13:50:21.394  1472  1583 D AudioFlinger: mixer(0xb4003400) throttle end: throttle time(12)
06-30 13:50:21.629  3781  3781 I net.osmand: RoutingHelper Recalculate route, because correlation  : 6917.016959098355
06-30 13:50:21.669  3781  3781 I net.osmand: RoutingHelper Recalculate route, because correlation  : 6917.016959098355
06-30 13:50:21.670  3781  3781 I net.osmand: RoutingHelper Recalculate route, because wrong movement direction: 6917.017
06-30 13:50:21.754  1969  5856 I Places  : ?: PlacesBleScanner stop()
06-30 13:50:21.766  1969  1969 I BeaconBle: Scan : No clients left, canceling alarm.
06-30 13:50:21.769  1969  1969 I BeaconBle: Scan canceled successfully.
06-30 13:50:21.789  1969  5856 I PlaceInferenceEngine: [anon] Changed inference mode: 0
06-30 13:50:21.789  1969  5856 I PlaceInferenceEngine: [account#1066226748] Changed inference mode: 0
06-30 13:50:21.901  1969  1969 I GeofencerStateMachine: removeGeofences: removeRequest=RemoveGeofencingRequest[REMOVE_BY_PENDING_INTENT pendingIntent=PendingIntent[creatorPackage=com.google.android.gms], packageName=com.google.android.gms]
06-30 13:50:22.063  3781  3781 I net.osmand: RoutingHelper Recalculate route, because correlation  : 6917.016959098355
06-30 13:50:22.063  3781  3781 I net.osmand: RoutingHelper Recalculate route, because wrong movement direction: 6917.017
06-30 13:50:22.082  1969  2485 W MessageQueue: Handler (aeyl) {450fe7b} sending message to a Handler on a dead thread
06-30 13:50:22.082  1969  2485 W MessageQueue: java.lang.IllegalStateException: Handler (aeyl) {450fe7b} sending message to a Handler on a dead thread
06-30 13:50:22.082  1969  2485 W MessageQueue: 	at android.os.MessageQueue.enqueueMessage(MessageQueue.java:545)
06-30 13:50:22.082  1969  2485 W MessageQueue: 	at android.os.Handler.enqueueMessage(Handler.java:662)
06-30 13:50:22.082  1969  2485 W MessageQueue: 	at android.os.Handler.sendMessageAtTime(Handler.java:631)
06-30 13:50:22.082  1969  2485 W MessageQueue: 	at aeyl.sendMessageAtTime(Unknown Source:3)
06-30 13:50:22.082  1969  2485 W MessageQueue: 	at android.os.Handler.sendMessageDelayed(Handler.java:601)
06-30 13:50:22.082  1969  2485 W MessageQueue: 	at android.os.Handler.post(Handler.java:357)
06-30 13:50:22.082  1969  2485 W MessageQueue: 	at bcln.execute(Unknown Source:2)
06-30 13:50:22.082  1969  2485 W MessageQueue: 	at aanh.execute(Unknown Source:9)
06-30 13:50:22.082  1969  2485 W MessageQueue: 	at avft.a(:com.google.android.gms@17785022@17.7.85 (040700-253824076):3)
06-30 13:50:22.082  1969  2485 W MessageQueue: 	at avgk.a(:com.google.android.gms@17785022@17.7.85 (040700-253824076):8)
06-30 13:50:22.082  1969  2485 W MessageQueue: 	at avgn.a(:com.google.android.gms@17785022@17.7.85 (040700-253824076):43)
06-30 13:50:22.082  1969  2485 W MessageQueue: 	at avgj.a(:com.google.android.gms@17785022@17.7.85 (040700-253824076):2)
06-30 13:50:22.082  1969  2485 W MessageQueue: 	at rpj.a(:com.google.android.gms@17785022@17.7.85 (040700-253824076):3)
06-30 13:50:22.082  1969  2485 W MessageQueue: 	at rpj.a(:com.google.android.gms@17785022@17.7.85 (040700-253824076):2)
06-30 13:50:22.082  1969  2485 W MessageQueue: 	at agos.a(Unknown Source:2)
06-30 13:50:22.082  1969  2485 W MessageQueue: 	at rnt.a(Unknown Source:11)
06-30 13:50:22.082  1969  2485 W MessageQueue: 	at aamg.a(:com.google.android.gms@17785022@17.7.85 (040700-253824076):1)
06-30 13:50:22.082  1969  2485 W MessageQueue: 	at cwm.onTransact(:com.google.android.gms@17785022@17.7.85 (040700-253824076):4)
06-30 13:50:22.082  1969  2485 W MessageQueue: 	at android.os.Binder.execTransact(Binder.java:697)
06-30 13:50:22.150  3781  3781 I net.osmand: TTSCommandPlayerImpl Send message to pebble desviou-se da rota por  cerca de  7 quilómetros 
06-30 13:50:22.152  3781  3781 D net.osmand: AbstractPrologCommandPlayer requestAudioFocus
06-30 13:50:22.152  3781  3781 W AudioManager: Use of stream types is deprecated for operations other than volume control
06-30 13:50:22.152  3781  3781 W AudioManager: See the documentation of requestAudioFocus() for what to use instead with android.media.AudioAttributes to qualify your playback use case
06-30 13:50:22.153  1600  1610 I MediaFocusControl: requestAudioFocus() from uid/pid 10104/3781 clientId=android.media.AudioManager@d4f7d74net.osmand.plus.api.AudioFocusHelperImpl@31a543a callingPack=net.osmand req=3 flags=0x0 sdk=26
06-30 13:50:22.154  3781  3781 D net.osmand: TTSCommandPlayerImpl ttsRequests=1
06-30 13:50:22.162  4854  4935 I TTS.GoogleTTSServiceImp: Synthesis request for locale por-BRA and name pt-BR-language
06-30 13:50:22.165  4854  4935 I TTS.GoogleTTSServiceImp: TTS dispatch: pt-br-x-afs-lstm-embedded
06-30 13:50:22.216  3781  3781 I net.osmand: RoutingHelper Recalculate route, because correlation  : 6917.016959098355
06-30 13:50:22.285  4854  4936 D AudioTrack: Client defaulted notificationFrames to 1365 for frameCount 4096
06-30 13:50:22.542  1405  1405 I boot-pipe: done populating /dev/random
06-30 13:50:22.563  4854  4865 I zygote  : Background concurrent copying GC freed 9190(2MB) AllocSpace objects, 0(0B) LOS objects, 49% free, 2MB/5MB, paused 2.834ms total 284.385ms
06-30 13:50:22.985  1389  3359 W audio_hw_generic: Not supplying enough data to HAL, expected position 3071161 , only wrote 3067920
06-30 13:50:22.985  1389  3359 W audio_hw_generic: Not supplying enough data to HAL, expected position 3067929 , only wrote 3067920
06-30 13:50:22.997  3781  3781 I net.osmand: RoutingHelper Recalculate route, because correlation  : 6917.016959098355
06-30 13:50:22.998  3781  3781 I net.osmand: RoutingHelper Recalculate route, because wrong movement direction: 6917.017
06-30 13:50:23.000  1389  3359 W audio_hw_generic: Not supplying enough data to HAL, expected position 3068656 , only wrote 3068640
06-30 13:50:23.013  3781  3781 I net.osmand: RoutingHelper Recalculate route, because correlation  : 6917.016959098355
06-30 13:50:23.016  1472  1583 D AudioFlinger: mixer(0xb4003400) throttle end: throttle time(12)
06-30 13:50:23.125  3781  3781 I net.osmand: RoutingHelper Recalculate route, because correlation  : 6917.016959098355
06-30 13:50:23.125  3781  3781 I net.osmand: RoutingHelper Recalculate route, because wrong movement direction: 6917.017
06-30 13:50:23.150  3781  3781 I net.osmand: RoutingHelper Recalculate route, because correlation  : 6917.016959098355
06-30 13:50:23.419  5873  5895 D EGL_emulation: eglMakeCurrent: 0x9445d600: ver 2 0 (tinfo 0x944492f0)
06-30 13:50:23.422  5873  5895 D EGL_emulation: eglMakeCurrent: 0x9445d600: ver 2 0 (tinfo 0x944492f0)
06-30 13:50:23.427  5873  5911 D EGL_emulation: eglMakeCurrent: 0x9445d600: ver 2 0 (tinfo 0xb209b360)
06-30 13:50:23.452  5873  5895 V MediaRouter: Adding route: RouteInfo{ name=Phone, description=null, status=null, category=RouteCategory{ name=System types=ROUTE_TYPE_LIVE_AUDIO ROUTE_TYPE_LIVE_VIDEO  groupable=false }, supportedTypes=ROUTE_TYPE_LIVE_AUDIO ROUTE_TYPE_LIVE_VIDEO , presentationDisplay=null }
06-30 13:50:23.469  5873  5895 V MediaRouter: Selecting route: RouteInfo{ name=Phone, description=null, status=null, category=RouteCategory{ name=System types=ROUTE_TYPE_LIVE_AUDIO ROUTE_TYPE_LIVE_VIDEO  groupable=false }, supportedTypes=ROUTE_TYPE_LIVE_AUDIO ROUTE_TYPE_LIVE_VIDEO , presentationDisplay=null }
06-30 13:50:23.637  1397  1432 D gralloc_ranchu: gralloc_alloc: Creating ashmem region of size 8298496
06-30 13:50:24.061  3781  3781 I net.osmand: RoutingHelper Recalculate route, because correlation  : 6917.016959098355
06-30 13:50:24.062  3781  3781 I net.osmand: RoutingHelper Recalculate route, because wrong movement direction: 6917.017
06-30 13:50:24.089  3781  3781 I net.osmand: RoutingHelper Recalculate route, because correlation  : 6917.016959098355
06-30 13:50:24.185  1389  3359 W audio_hw_generic: Not supplying enough data to HAL, expected position 3125504 , only wrote 3124800
06-30 13:50:24.186  1389  3359 W audio_hw_generic: Not supplying enough data to HAL, expected position 3124869 , only wrote 3124800
06-30 13:50:24.203  1389  3359 W audio_hw_generic: Not supplying enough data to HAL, expected position 3125598 , only wrote 3125520
06-30 13:50:24.232  1472  1583 D AudioFlinger: mixer(0xb4003400) throttle end: throttle time(9)
06-30 13:50:24.235  1389  3359 W audio_hw_generic: Not supplying enough data to HAL, expected position 3127049 , only wrote 3126960
06-30 13:50:24.265  1472  1583 D AudioFlinger: mixer(0xb4003400) throttle end: throttle time(4)
06-30 13:50:24.420  3781  3781 I net.osmand: RoutingHelper Recalculate route, because correlation  : 7208.167771636339
06-30 13:50:24.438  3781  3781 I net.osmand: RoutingHelper Recalculate route, because correlation  : 7208.167771636339
06-30 13:50:24.438  3781  3781 I net.osmand: RoutingHelper Recalculate route, because wrong movement direction: 7208.168
06-30 13:50:24.910  5873  5895 I Prime31-IABH: setting Intent package to com.android.vending
06-30 13:50:24.929  1600  1613 E memtrack: Couldn't load memtrack module
06-30 13:50:24.939  1600  1613 W android.os.Debug: failed to get memory consumption info: -1
06-30 13:50:25.172  2890  2902 I Finsky  : [127] eth.b(2): com.skgames.trafficrider: Account determined from installer data - [suezqm0lmYitICIolRzk9yrzX_k]
06-30 13:50:25.172  2890  2902 I Finsky  : [127] eth.b(9): com.skgames.trafficrider: Account from preferred account - [suezqm0lmYitICIolRzk9yrzX_k]
06-30 13:50:25.220  2890  2902 I Finsky  : [127] eth.b(2): com.skgames.trafficrider: Account determined from installer data - [suezqm0lmYitICIolRzk9yrzX_k]
06-30 13:50:25.221  2890  2902 I Finsky  : [127] eth.b(9): com.skgames.trafficrider: Account from preferred account - [suezqm0lmYitICIolRzk9yrzX_k]
06-30 13:50:25.278  5873  5895 D UnityAds: com.unity3d.services.core.misc.Utilities.writeFile() (line:127) :: Wrote file: /data/user/0/com.skgames.trafficrider/files/UnityAdsStorage-public-data.json
06-30 13:50:25.281  5873  5895 D UnityAds: com.unity3d.services.core.device.Storage.sendEvent() (line:81) :: Couldn't send storage event to WebApp
06-30 13:50:25.287  5873  5895 D UnityAds: com.unity3d.services.core.misc.Utilities.writeFile() (line:127) :: Wrote file: /data/user/0/com.skgames.trafficrider/files/UnityAdsStorage-public-data.json
06-30 13:50:25.288  5873  5895 D UnityAds: com.unity3d.services.core.device.Storage.sendEvent() (line:81) :: Couldn't send storage event to WebApp
06-30 13:50:25.296  5873  5895 D UnityAds: com.unity3d.services.monetization.UnityMonetization.initialize() (line:63) :: ENTERED METHOD
06-30 13:50:25.298  5873  5895 D UnityAds: com.unity3d.services.UnityServices.initialize() (line:41) :: ENTERED METHOD
06-30 13:50:25.298  5873  5895 I UnityAds: com.unity3d.services.UnityServices.initialize() (line:79) :: Initializing Unity Services 3.0.3 (3003) with game id 64136 in production mode
06-30 13:50:25.353  5873  5895 I UnityAds: com.unity3d.services.UnityServices.initialize() (line:90) :: Unity Services environment check OK
06-30 13:50:25.549  5873  5873 W zygote  : Unsupported class loader
06-30 13:50:25.636  5873  5873 W zygote  : Skipping duplicate class check due to unsupported classloader
06-30 13:50:25.656  1397  1432 D gralloc_ranchu: gralloc_alloc: Creating ashmem region of size 8298496
06-30 13:50:25.662  1600  2082 W SensorService: sensor 00000000 already enabled in connection 0xaa2ec330 (ignoring)
06-30 13:50:25.809  3781  3781 I net.osmand: RoutingHelper Recalculate route, because correlation  : 7208.167771636339
06-30 13:50:25.809  3781  3781 I net.osmand: RoutingHelper Recalculate route, because wrong movement direction: 7208.168
06-30 13:50:25.882  5873  5873 I zygote  : The ClassLoaderContext is a special shared library.
06-30 13:50:25.891  5873  5873 I zygote  : The ClassLoaderContext is a special shared library.
06-30 13:50:25.906  3781  3781 I net.osmand: RoutingHelper Recalculate route, because correlation  : 7208.167771636339
06-30 13:50:25.948  3781  3781 I net.osmand: RoutingHelper Recalculate route, because correlation  : 7500.542827565203
06-30 13:50:25.948  3781  3781 I net.osmand: RoutingHelper Recalculate route, because wrong movement direction: 7500.543
06-30 13:50:25.953  3781  3781 I net.osmand: RoutingHelper Recalculate route, because correlation  : 7500.542827565203
06-30 13:50:26.035  5873  5873 I DynamiteModule: Considering local module com.google.android.gms.ads.dynamite:0 and remote module com.google.android.gms.ads.dynamite:20300
06-30 13:50:26.035  5873  5873 I DynamiteModule: Selected remote version of com.google.android.gms.ads.dynamite, version >= 20300
06-30 13:50:26.076  3781  3781 I net.osmand: RoutingHelper Recalculate route, because correlation  : 7500.542827565203
06-30 13:50:26.076  3781  3781 I net.osmand: RoutingHelper Recalculate route, because wrong movement direction: 7500.543
06-30 13:50:26.077  5873  5873 W zygote  : Unsupported class loader
06-30 13:50:26.094  5873  5873 W zygote  : Skipping duplicate class check due to unsupported classloader
06-30 13:50:26.161  5873  5873 D DynamitePackage: Instantiated singleton DynamitePackage.
06-30 13:50:26.161  5873  5873 D DynamitePackage: Instantiating com.google.android.gms.ads.reward.ChimeraRewardedVideoAdCreatorImpl
06-30 13:50:26.209  5873  5883 I zygote  : Background concurrent copying GC freed 10333(895KB) AllocSpace objects, 8(224KB) LOS objects, 50% free, 1724KB/3MB, paused 1.337ms total 190.280ms
06-30 13:50:26.271  3781  3781 I net.osmand: RoutingHelper Recalculate route, because correlation  : 7500.542827565203
06-30 13:50:26.280  4854  4936 D AudioTrack: stop() called with 84810 frames delivered
06-30 13:50:26.285  3781  3793 D net.osmand: AbstractPrologCommandPlayer abandonAudioFocus
06-30 13:50:26.286  1600  2364 I MediaFocusControl: abandonAudioFocus() from uid/pid 10104/3781 clientId=android.media.AudioManager@d4f7d74net.osmand.plus.api.AudioFocusHelperImpl@31a543a
06-30 13:50:26.289  3781  3793 D net.osmand: TTSCommandPlayerImpl ttsRequests=0
06-30 13:50:26.348  5873  5873 I Ads     : This request is sent from a test device.
06-30 13:50:26.371  5873  5942 D NetworkSecurityConfig: No Network Security Config specified, using platform default
06-30 13:50:26.493  1600  1613 E memtrack: Couldn't load memtrack module
06-30 13:50:26.493  1600  1613 W android.os.Debug: failed to get memory consumption info: -1
06-30 13:50:26.597  5873  5955 W Ads     : Invoke Firebase method getInstance error.
06-30 13:50:26.598  5873  5955 W Ads     : The Google Mobile Ads SDK will not integrate with Firebase. Admob/Firebase integration requires the latest Firebase SDK jar, but Firebase SDK is either missing or out of date
06-30 13:50:26.687  5873  5873 V MediaRouter: onRestoreRoute() : route=RouteInfo{ name=Phone, description=null, status=null, category=RouteCategory{ name=System types=ROUTE_TYPE_LIVE_AUDIO ROUTE_TYPE_LIVE_VIDEO  groupable=false }, supportedTypes=ROUTE_TYPE_LIVE_AUDIO ROUTE_TYPE_LIVE_VIDEO , presentationDisplay=null }
06-30 13:50:26.687  5873  5873 V MediaRouter: Selecting route: RouteInfo{ name=Phone, description=null, status=null, category=RouteCategory{ name=System types=ROUTE_TYPE_LIVE_AUDIO ROUTE_TYPE_LIVE_VIDEO  groupable=false }, supportedTypes=ROUTE_TYPE_LIVE_AUDIO ROUTE_TYPE_LIVE_VIDEO , presentationDisplay=null }
06-30 13:50:26.710  5873  5943 I zygote  : The ClassLoaderContext is a special shared library.
06-30 13:50:26.737  5873  5957 I DynamiteModule: Considering local module com.google.android.gms.ads.dynamite:0 and remote module com.google.android.gms.ads.dynamite:20300
06-30 13:50:26.737  5873  5957 I DynamiteModule: Selected remote version of com.google.android.gms.ads.dynamite, version >= 20300
06-30 13:50:26.795  1969  1969 I BeaconBle: Scan : No clients left, canceling alarm.
06-30 13:50:26.849  5873  5950 I WebViewFactory: Loading com.android.chrome version 74.0.3729.157 (code 372915712)
06-30 13:50:26.924  5873  5939 I UnityAds: com.unity3d.services.core.configuration.InitializeThread$InitializeStateConfig.execute() (line:191) :: Unity Ads init: load configuration from https://config.unityads.unity3d.com/webview/3.0.3/release/config.json
06-30 13:50:27.030  5873  5895 I Unity   : ** IAP billing supported
06-30 13:50:27.030  5873  5895 I Unity   :  
06-30 13:50:27.030  5873  5895 I Unity   : (Filename: /Users/builduser/buildslave/unity/build/artifacts/generated/common/runtime/DebugBindings.gen.cpp Line: 51)
06-30 13:50:27.030  5873  5895 I Unity   : 
06-30 13:50:27.222  1969  5852 W Conscrypt: Could not set socket write timeout: java.net.SocketException: Socket closed
06-30 13:50:27.222  1969  5852 W Conscrypt: 	at com.google.android.gms.org.conscrypt.Platform.setSocketWriteTimeout(:com.google.android.gms@17785022@17.7.85 (040700-253824076):2)
06-30 13:50:27.222  1969  5852 W Conscrypt: 	at com.google.android.gms.org.conscrypt.ConscryptFileDescriptorSocket.setSoWriteTimeout(:com.google.android.gms@17785022@17.7.85 (040700-253824076):2)
06-30 13:50:27.389  1389  3359 W audio_hw_generic: Not supplying enough data to HAL, expected position 3278367 , only wrote 3278160
06-30 13:50:27.390  1389  3359 W audio_hw_generic: Not supplying enough data to HAL, expected position 3278190 , only wrote 3278160
06-30 13:50:27.406  1389  3359 W audio_hw_generic: Not supplying enough data to HAL, expected position 3278921 , only wrote 3278880
06-30 13:50:27.567  2048  2188 I WorkerManager: dispose()
06-30 13:50:27.569  2048  2188 W ThreadPoolDumper: Queue length for executor EventBus is now 11. Perhaps some tasks are too long, or the pool is too small.
06-30 13:50:27.909  5873  5883 I zygote  : Background concurrent copying GC freed 12880(1719KB) AllocSpace objects, 5(96KB) LOS objects, 50% free, 2MB/4MB, paused 15.692ms total 836.699ms
06-30 13:50:28.123  1600  1613 E memtrack: Couldn't load memtrack module
06-30 13:50:28.123  1600  1613 W android.os.Debug: failed to get memory consumption info: -1
06-30 13:50:28.456  5873  5950 I cr_LibraryLoader: Time to load native libraries: 66 ms (timestamps 5433-5499)
06-30 13:50:28.607  1472  1583 D AudioFlinger: mixer(0xb4003400) throttle end: throttle time(18)
06-30 13:50:28.877  1389  3359 W audio_hw_generic: Not supplying enough data to HAL, expected position 3349496 , only wrote 3349440
06-30 13:50:28.921  5873  5950 I chromium: [INFO:library_loader_hooks.cc(50)] Chromium logging enabled: level = 0, default verbosity = 0
06-30 13:50:28.922  5873  5950 I cr_LibraryLoader: Expected native library version number "74.0.3729.157", actual native library version number "74.0.3729.157"
06-30 13:50:22.291  1600  2082 V MediaRouterService: restoreBluetoothA2dp(false)
06-30 13:50:28.961  1600  3357 W ActivityManager: Slow operation: 98ms so far, now at startProcess: returned from zygote!
06-30 13:50:28.979  1600  3357 W ActivityManager: Slow operation: 116ms so far, now at startProcess: done updating battery stats
06-30 13:50:28.980  1600  3357 W ActivityManager: Slow operation: 117ms so far, now at startProcess: building log message
06-30 13:50:28.980  1600  3357 I ActivityManager: Start proc 6002:com.android.chrome:webview_service/u0a49 for service com.android.chrome/org.chromium.android_webview.services.VariationsSeedServer
06-30 13:50:28.980  1600  3357 W ActivityManager: Slow operation: 117ms so far, now at startProcess: starting to update pids map
06-30 13:50:28.980  1600  3357 W ActivityManager: Slow operation: 118ms so far, now at startProcess: done updating pids map
06-30 13:50:28.981  1600  3357 W ActivityManager: Slow operation: 146ms so far, now at startProcess: done starting proc!
06-30 13:50:29.011  6002  6002 W zygote  : Unexpected CPU variant for X86 using defaults: x86
06-30 13:50:29.494  5873  5873 I cr_BrowserStartup: Initializing chromium process, singleProcess=false
06-30 13:50:29.495  5873  6020 W cr_ChildProcLH: Create a new ChildConnectionAllocator with package name = com.android.chrome, sandboxed = true
06-30 13:50:29.533  5873  5873 W ResourceType: Failure getting entry for 0x7f130526 (t=18 e=1318) (error -2147483647)
06-30 13:50:29.664  1600  3357 I ActivityManager: Start proc 6024:com.android.chrome:sandboxed_process0/u0i2 for webview_service com.skgames.trafficrider/org.chromium.content.app.SandboxedProcessService0
06-30 13:50:29.672  6024  6024 E /system/bin/webview_zygote32: Failed to make and chown /acct/uid_99002: Permission denied
06-30 13:50:29.672  6024  6024 E Zygote  : createProcessGroup(99002, 0) failed: Permission denied
06-30 13:50:29.675  6024  6024 W /system/bin/webview_zygote32: Unexpected CPU variant for X86 using defaults: x86
06-30 13:50:29.957  1389  3359 W audio_hw_generic: Not supplying enough data to HAL, expected position 3401298 , only wrote 3401280
06-30 13:50:29.986  1472  1583 D AudioFlinger: mixer(0xb4003400) throttle end: throttle time(12)
06-30 13:50:30.094  6044  6044 E asset   : setgid: Operation not permitted
