06-28 17:34:46.861  5258  5258 I net.osmand: RoutingHelper Recalculate route, because wrong movement direction: 2562.7039
06-28 17:34:47.108  5258  5258 I net.osmand: RoutingHelper Recalculate route, because correlation  : 2538.2405528572513
06-28 17:34:47.203  5258  5258 I net.osmand: RoutingHelper Recalculate route, because correlation  : 2538.2405528572513
06-28 17:34:47.203  5258  5258 I net.osmand: RoutingHelper Recalculate route, because wrong movement direction: 2538.2405
06-28 17:34:47.792  2534  2604 I WorkerManager: dispose()
06-28 17:34:47.801  2534  2604 W ThreadPoolDumper: Queue length for executor EventBus is now 11. Perhaps some tasks are too long, or the pool is too small.
06-28 17:34:47.869  5258  5258 I net.osmand: RoutingHelper Recalculate route, because correlation  : 2538.2405528572513
06-28 17:34:47.889  5258  5258 I net.osmand: RoutingHelper Recalculate route, because correlation  : 2538.2405528572513
06-28 17:34:47.889  5258  5258 I net.osmand: RoutingHelper Recalculate route, because wrong movement direction: 2538.2405
06-28 17:34:48.478  5258  5258 I net.osmand: RoutingHelper Recalculate route, because correlation  : 2513.6098743566085
06-28 17:34:48.524  5258  5258 I net.osmand: RoutingHelper Recalculate route, because correlation  : 2513.6098743566085
06-28 17:34:48.524  5258  5258 I net.osmand: RoutingHelper Recalculate route, because wrong movement direction: 2513.6099
06-28 17:34:48.849  5258  5258 I net.osmand: RoutingHelper Recalculate route, because correlation  : 2513.6098743566085
06-28 17:34:48.850  5258  5258 I net.osmand: RoutingHelper Recalculate route, because wrong movement direction: 2513.6099
06-28 17:34:48.909  5258  5258 I net.osmand: RoutingHelper Recalculate route, because correlation  : 2513.6098743566085
06-28 17:34:49.750  5258  5258 I net.osmand: RoutingHelper Recalculate route, because correlation  : 2489.1466626844644
06-28 17:34:49.751  5258  5258 I net.osmand: RoutingHelper Recalculate route, because wrong movement direction: 2489.1467
06-28 17:34:49.816  5258  5258 I net.osmand: RoutingHelper Recalculate route, because correlation  : 2489.1466626844644
06-28 17:34:49.911  5258  5258 I chatty  : uid=10104(net.osmand) identical 1 line
06-28 17:34:49.922  5258  5258 I net.osmand: RoutingHelper Recalculate route, because correlation  : 2489.1466626844644
06-28 17:34:49.922  5258  5258 I net.osmand: RoutingHelper Recalculate route, because wrong movement direction: 2489.1467
06-28 17:34:50.874  5258  5258 I net.osmand: RoutingHelper Recalculate route, because correlation  : 2489.1466626844644
06-28 17:34:50.875  5258  5258 I net.osmand: RoutingHelper Recalculate route, because correlation  : 2489.1466626844644
06-28 17:34:50.875  5258  5258 I net.osmand: RoutingHelper Recalculate route, because wrong movement direction: 2489.1467
06-28 17:34:50.923  1976  8105 E ctxmgr  : [WorkManager] Ongoing task not found: BaseProducer_write_to_store [CONTEXT service_id=47 ]
06-28 17:34:51.191  5258  5258 I net.osmand: RoutingHelper Recalculate route, because correlation  : 2464.4394108399324
06-28 17:34:51.191  5258  5258 I net.osmand: RoutingHelper Recalculate route, because wrong movement direction: 2464.4395
06-28 17:34:51.265  5258  5258 I net.osmand: RoutingHelper Recalculate route, because correlation  : 2464.4394108399324
06-28 17:34:51.594  5258  8240 W net.osmand:native: [Native] Result visited (visited roads 18127, visited segments 6756 / 29775 , queue sizes 640 / 3724 ) 
06-28 17:34:51.594  5258  8240 W net.osmand:native: [Native] Result timing (time to load 0, time to calc 13672, loaded tiles 253) 
06-28 17:34:51.594  5258  8240 W net.osmand:native: [Native] Memory occupied (Routing context 11923 Kb, search 604 Kb)
06-28 17:34:51.656  5258  8240 I net.osmand:native: Routing calculated time distance 11319.482422
06-28 17:34:51.862  5258  5258 I net.osmand: RoutingHelper Recalculate route, because correlation  : 2464.4394108399324
06-28 17:34:51.866  5258  5258 I net.osmand: RoutingHelper Recalculate route, because correlation  : 2464.4394108399324
06-28 17:34:51.866  5258  5258 I net.osmand: RoutingHelper Recalculate route, because wrong movement direction: 2464.4395
06-28 17:34:52.391  5258  5268 I zygote  : Background concurrent copying GC freed 160272(5MB) AllocSpace objects, 2(32KB) LOS objects, 21% free, 21MB/27MB, paused 1.167ms total 350.644ms
06-28 17:34:52.455  5258  5258 I net.osmand: RoutingHelper Recalculate route, because correlation  : 2439.976414816369
06-28 17:34:52.462  5258  5288 I net.osmand: MapRenderRepositories RENDER MAP: update due to tile box
06-28 17:34:52.462  5258  5288 I net.osmand: MapRenderRepositories RENDER MAP: Interrupt rendering map
06-28 17:34:52.475  5258  5258 I net.osmand: RoutingHelper Recalculate route, because correlation  : 2439.976414816369
06-28 17:34:52.475  5258  5258 I net.osmand: RoutingHelper Recalculate route, because wrong movement direction: 2439.9763
06-28 17:34:52.480  5258  5288 I net.osmand: MapRenderRepositories RENDER MAP: update due to tile box
06-28 17:34:52.480  5258  5288 I net.osmand: MapRenderRepositories RENDER MAP: Interrupt rendering map
06-28 17:34:52.521  5258  5287 I net.osmand: MapRenderRepositories RENDER MAP: new request RotatedTileBox [lat=-7.224561666666667, lon=-35.89487166666667, rotate=0.0, density=2.625, zoom=17, mapDensity=3.9375, zoomAnimation=0.0, zoomFloatPart=0.0, cx=900, cy=1972, pixWidth=1800, pixHeight=2690]
06-28 17:34:52.619  5258  5287 I net.osmand:native: Route objects 92
06-28 17:34:52.623  5258  5287 I net.osmand:native: Ocean: no completed & incompleted coastlines 0
06-28 17:34:52.623  5258  5287 I net.osmand:native: Detailed coastlines = 0, basemap coastlines 0, ocean tile 0.000000. Detailed added 0, basemap processed 1, basemap added 0.
06-28 17:34:52.624  5258  5287 I net.osmand:native: Search : tree - read( 540), accept( 43), objs - visit( 2717), accept(123), in result(92) 
06-28 17:34:52.624  5258  5287 I net.osmand: MapRenderRepositories BLat=-7.22686882019043, TLat=-7.21886043548584, LLong=-35.89732360839844, RLong=-35.892417907714844, zoom=17
06-28 17:34:52.627  5258  5287 I net.osmand: MapRenderRepositories Native search: 104 ms 
06-28 17:34:52.637  5258  5287 I net.osmand:native: Creating SkBitmap in native w:1800 h:2690 s:7200 f:1!
06-28 17:34:52.637  5258  5287 I net.osmand:native: Row bytes for RGBA_8888 is 7200
06-28 17:34:52.637  5258  5287 I net.osmand:native: Locked 19368000 bytes at 0x7d700000
06-28 17:34:52.637  5258  5287 I net.osmand:native: Initializing rendering
06-28 17:34:52.639  5258  5287 I net.osmand:native: Rendering image
06-28 17:34:52.669  5258  8240 I net.osmand: RoutePlannerFrontEnd Native routing took 15.008 seconds
06-28 17:34:52.732  5258  8240 I System.out: ROUTE : 
06-28 17:34:52.732  5258  8240 I net.osmand: RouteResultPreparation <test regions="" description="" best_percent="" vehicle="car" 
06-28 17:34:52.732  5258  8240 I net.osmand:   start_lat="-7.58920" start_lon="-37.54107" target_lat="-7.23362" target_lon="-35.91501"  routing_time="11319.48" loadedTiles="253" visitedSegments="18127" complete_distance="242391.98" complete_time="11577.19" >
06-28 17:34:52.733  5258  8240 I System.out: <test regions="" description="" best_percent="" vehicle="car" 
06-28 17:34:52.733  5258  8240 I System.out:   start_lat="-7.58920" start_lon="-37.54107" target_lat="-7.23362" target_lon="-35.91501"  routing_time="11319.48" loadedTiles="253" visitedSegments="18127" complete_distance="242391.98" complete_time="11577.19" >
06-28 17:34:52.733  5258  8240 I System.out: </test>
06-28 17:34:52.733  5258  8240 I System.out: <test regions="" description="" best_percent="" vehicle="car" 
06-28 17:34:52.733  5258  8240 I System.out:   start_lat="-7.58920" start_lon="-37.54107" target_lat="-7.23362" target_lon="-35.91501"  routing_time="11319.48" loadedTiles="253" visitedSegments="18127" complete_distance="242391.98" complete_time="11577.19" >
06-28 17:34:52.750  5258  8240 I net.osmand: RouteProvider Finding route contained 1338 points for 20094 ms
06-28 17:34:52.868  5258  5258 D net.osmand: RoutingHelper Processed by distance : (new) 185865.15190248724 (old) 186047.015625
06-28 17:34:52.911  5258  5258 I net.osmand: RoutingHelper Recalculate route, because correlation  : 185865.15190248724
06-28 17:34:52.911  5258  5258 I net.osmand: RoutingHelper Recalculate route, because wrong movement direction: 185865.16
06-28 17:34:53.013  5258  5287 I net.osmand:native: Native ok (rendering 8, text 257 ms) 
06-28 17:34:53.013  5258  5287 I net.osmand:native:  (2360 points, 398 points inside, 140 of 184 objects visible)
06-28 17:34:53.014  5258  5287 I net.osmand:native: End Rendering image
06-28 17:34:53.014  5258  5287 I net.osmand:native: Native ok (init 1, rendering 8) 
06-28 17:34:53.022  5258  5287 I net.osmand: MapRenderRepositories true
06-28 17:34:53.130  5258  5258 I net.osmand: RoutingHelper Recalculate route, because correlation  : 185865.15190248724
06-28 17:34:53.397  1596  1607 I zygote  : Background concurrent copying GC freed 52554(2MB) AllocSpace objects, 52(2MB) LOS objects, 29% free, 14MB/20MB, paused 2.624ms total 376.319ms
06-28 17:34:53.691  5258  5258 I net.osmand: RoutingHelper Recalculate route, because correlation  : 185841.1163292707
06-28 17:34:53.711  5258  5258 I net.osmand: RoutingHelper Recalculate route, because correlation  : 185841.1163292707
06-28 17:34:53.711  5258  5258 I net.osmand: RoutingHelper Recalculate route, because wrong movement direction: 185841.11
06-28 17:34:53.864  5258  5258 I net.osmand: RoutingHelper Recalculate route, because correlation  : 185841.1163292707
06-28 17:34:53.865  5258  5258 I net.osmand: RoutingHelper Recalculate route, because wrong movement direction: 185841.11
06-28 17:34:53.880  5258  5258 I net.osmand: RoutingHelper Recalculate route, because correlation  : 185841.1163292707
06-28 17:34:54.184  5258  5268 I zygote  : Background concurrent copying GC freed 220200(5MB) AllocSpace objects, 0(0B) LOS objects, 21% free, 21MB/27MB, paused 2.518ms total 256.868ms
06-28 17:34:54.876  5258  5258 I net.osmand: RoutingHelper Recalculate route, because correlation  : 185841.1163292707
06-28 17:34:54.877  5258  5258 I net.osmand: RoutingHelper Recalculate route, because correlation  : 185841.1163292707
06-28 17:34:54.877  5258  5258 I net.osmand: RoutingHelper Recalculate route, because wrong movement direction: 185841.11
06-28 17:34:54.941  5258  5258 I net.osmand: RoutingHelper Recalculate route, because correlation  : 185817.26029442612
06-28 17:34:54.941  5258  5258 I net.osmand: RoutingHelper Recalculate route, because wrong movement direction: 185817.27
06-28 17:34:54.944  5258  5258 I net.osmand: RoutingHelper Recalculate route, because correlation  : 185817.26029442612
06-28 17:34:55.393  1596  3857 I WifiService: acquireWifiLock uid=10014 lockMode=2
06-28 17:34:55.400  1596  1613 E memtrack: Couldn't load memtrack module
06-28 17:34:55.400  1596  1613 W android.os.Debug: failed to get memory consumption info: -1
06-28 17:34:55.461  1596  1611 I WifiService: releaseWifiLock uid=10014
06-28 17:34:55.865  5258  5258 I net.osmand: RoutingHelper Recalculate route, because correlation  : 185817.26029442612
06-28 17:34:55.865  5258  5258 I net.osmand: RoutingHelper Recalculate route, because wrong movement direction: 185817.27
06-28 17:34:55.866  5258  5258 W MaterialProgressBar: Current drawable is not a MaterialProgressDrawable, you may want to set app:mpb_setBothDrawables
06-28 17:34:55.867  5258  8267 I net.osmand: RouteProvider Start finding route from Location[mProvider=gps,mTime=1561757696000,mLatitude=-7.224751666666666,mLongitude=-35.89527333333333,mHasAltitude=false,mAltitude=0.0,mHasSpeed=true,mSpeed=0.0,mHasBearing=true,mBearing=0.0,mHasAccuracy=true,mAccuracy=20.0 to Lat -7.233624 Lon -35.915012 using OsmAnd (offline)
06-28 17:34:55.868  5258  8267 W net.osmand: RouteProvider Use 342 MB Free 4.546875 of 27.769798 max 384.0
06-28 17:34:55.890  5258  5258 I net.osmand: RoutingHelper Recalculate route, because correlation  : 185817.26029442612
06-28 17:34:55.909  1596  1613 E memtrack: Couldn't load memtrack module
06-28 17:34:55.909  1596  1613 W android.os.Debug: failed to get memory consumption info: -1
06-28 17:34:56.342  5258  5258 I net.osmand: RoutingHelper Recalculate route, because correlation  : 185793.22504965583
06-28 17:34:56.342  5258  5258 I net.osmand: RoutingHelper Recalculate route, because wrong movement direction: 185793.22
06-28 17:34:56.366  5258  5258 I net.osmand: RoutingHelper Recalculate route, because correlation  : 185793.22504965583
06-28 17:34:56.440  5258  8267 I net.osmand:native: Start point was found 1886269049 [Native]
06-28 17:34:56.490  5258  8267 I net.osmand:native: End point was found 14392021889 [Native]
06-28 17:34:56.720  5258  5268 I zygote  : Background concurrent copying GC freed 181478(5MB) AllocSpace objects, 11(236KB) LOS objects, 20% free, 22MB/28MB, paused 925us total 338.297ms
06-28 17:34:56.862  5258  5258 I net.osmand: RoutingHelper Recalculate route, because correlation  : 185793.22504965583
06-28 17:34:56.956  5258  5258 I net.osmand: RoutingHelper Recalculate route, because correlation  : 185793.22504965583
06-28 17:34:56.956  5258  5258 I net.osmand: RoutingHelper Recalculate route, because wrong movement direction: 185793.22
06-28 17:34:57.561  5258  5258 I net.osmand: RoutingHelper Recalculate route, because correlation  : 185769.36934570794
06-28 17:34:57.561  5258  5258 I net.osmand: RoutingHelper Recalculate route, because wrong movement direction: 185769.38
06-28 17:34:57.661  5258  5258 I net.osmand: RoutingHelper Recalculate route, because correlation  : 185769.36934570794
06-28 17:34:57.882  5258  5258 I net.osmand: RoutingHelper Recalculate route, because correlation  : 185769.36934570794
06-28 17:34:57.883  5258  5258 I net.osmand: RoutingHelper Recalculate route, because wrong movement direction: 185769.38
06-28 17:34:57.906  5258  5258 I net.osmand: RoutingHelper Recalculate route, because correlation  : 185769.36934570794
06-28 17:34:58.868  5258  5258 I net.osmand: RoutingHelper Recalculate route, because correlation  : 185769.36934570794
06-28 17:34:58.902  5258  5258 I net.osmand: RoutingHelper Recalculate route, because correlation  : 185745.3344296339
06-28 17:34:58.906  5258  5288 I net.osmand: MapRenderRepositories RENDER MAP: update due to tile box
06-28 17:34:58.907  5258  5288 I net.osmand: MapRenderRepositories RENDER MAP: Interrupt rendering map
06-28 17:34:58.953  5258  5258 I net.osmand: RoutingHelper Recalculate route, because correlation  : 185745.3344296339
06-28 17:34:58.953  5258  5258 I net.osmand: RoutingHelper Recalculate route, because wrong movement direction: 185745.33
06-28 17:34:58.982  5258  5258 I net.osmand: RoutingHelper Recalculate route, because correlation  : 185769.36934570794
06-28 17:34:58.982  5258  5258 I net.osmand: RoutingHelper Recalculate route, because wrong movement direction: 185769.38
06-28 17:34:59.039  5258  5287 I net.osmand: MapRenderRepositories RENDER MAP: new request RotatedTileBox [lat=-7.225036666666667, lon=-35.895876666666666, rotate=0.0, density=2.625, zoom=17, mapDensity=3.9375, zoomAnimation=0.0, zoomFloatPart=0.0, cx=900, cy=1972, pixWidth=1800, pixHeight=2690]
06-28 17:34:59.181  5258  5287 I net.osmand:native: Route objects 87
06-28 17:34:59.181  5258  5287 I net.osmand:native: Ocean: no completed & incompleted coastlines 0
06-28 17:34:59.181  5258  5287 I net.osmand:native: Detailed coastlines = 0, basemap coastlines 0, ocean tile 0.000000. Detailed added 0, basemap processed 1, basemap added 0.
06-28 17:34:59.181  5258  5287 I net.osmand:native: Search : tree - read( 540), accept( 44), objs - visit( 2757), accept(118), in result(87) 
06-28 17:34:59.183  5258  5287 I net.osmand: MapRenderRepositories BLat=-7.227336001396179, TLat=-7.21935122013092, LLong=-35.89833068847656, RLong=-35.893428802490234, zoom=17
06-28 17:34:59.184  5258  5287 I net.osmand: MapRenderRepositories Native search: 143 ms 
06-28 17:34:59.195  5258  5287 I net.osmand:native: Creating SkBitmap in native w:1800 h:2690 s:7200 f:1!
06-28 17:34:59.195  5258  5287 I net.osmand:native: Row bytes for RGBA_8888 is 7200
06-28 17:34:59.195  5258  5287 I net.osmand:native: Locked 19368000 bytes at 0x78c80000
06-28 17:34:59.195  5258  5287 I net.osmand:native: Initializing rendering
06-28 17:34:59.196  5258  5287 I net.osmand:native: Rendering image
06-28 17:34:59.377  5258  5287 I net.osmand:native: Native ok (rendering 1, text 67 ms) 
06-28 17:34:59.377  5258  5287 I net.osmand:native:  (2405 points, 387 points inside, 142 of 184 objects visible)
06-28 17:34:59.378  5258  5287 I net.osmand:native: End Rendering image
06-28 17:34:59.378  5258  5287 I net.osmand:native: Native ok (init 2, rendering 1) 
06-28 17:34:59.381  5258  5287 I net.osmand: MapRenderRepositories true
06-28 17:34:59.757  5258  5268 I zygote  : Background concurrent copying GC freed 305892(6MB) AllocSpace objects, 0(0B) LOS objects, 21% free, 22MB/28MB, paused 1.009ms total 361.199ms
06-28 17:34:59.861  5258  5258 I net.osmand: RoutingHelper Recalculate route, because correlation  : 185745.3344296339
06-28 17:34:59.954  5258  5258 I net.osmand: RoutingHelper Recalculate route, because correlation  : 185745.3344296339
06-28 17:34:59.954  5258  5258 I net.osmand: RoutingHelper Recalculate route, because wrong movement direction: 185745.33
06-28 17:35:00.292  5258  5258 I net.osmand: RoutingHelper Recalculate route, because correlation  : 185768.57007008698
06-28 17:35:00.304  5258  5258 I net.osmand: RoutingHelper Recalculate route, because correlation  : 185768.57007008698
06-28 17:35:00.304  5258  5258 I net.osmand: RoutingHelper Recalculate route, because wrong movement direction: 185768.56
06-28 17:35:00.861  5258  5258 I net.osmand: RoutingHelper Recalculate route, because correlation  : 185768.57007008698
06-28 17:35:00.861  5258  5258 I net.osmand: RoutingHelper Recalculate route, because wrong movement direction: 185768.56
06-28 17:35:00.878  5258  5258 I net.osmand: RoutingHelper Recalculate route, because correlation  : 185768.57007008698
06-28 17:35:01.531  5258  5258 I chatty  : uid=10104(net.osmand) identical 1 line
06-28 17:35:01.617  5258  5258 I net.osmand: RoutingHelper Recalculate route, because correlation  : 185768.57007008698
06-28 17:35:01.618  5258  5258 I net.osmand: RoutingHelper Recalculate route, because wrong movement direction: 185768.56
06-28 17:35:01.867  5258  5258 I net.osmand: RoutingHelper Recalculate route, because correlation  : 185768.57007008698
06-28 17:35:01.867  5258  5258 I net.osmand: RoutingHelper Recalculate route, because wrong movement direction: 185768.56
06-28 17:35:01.877  5258  5258 I net.osmand: RoutingHelper Recalculate route, because correlation  : 185768.57007008698
06-28 17:35:02.837  5258  5258 I net.osmand: RoutingHelper Recalculate route, because correlation  : 185744.57603829377
06-28 17:35:02.837  5258  5258 I net.osmand: RoutingHelper Recalculate route, because wrong movement direction: 185744.58
06-28 17:35:02.885  5258  5258 I net.osmand: RoutingHelper Recalculate route, because correlation  : 185744.57603829377
06-28 17:35:03.003  5258  5258 I net.osmand: RoutingHelper Recalculate route, because correlation  : 185744.57603829377
06-28 17:35:03.003  5258  5258 I net.osmand: RoutingHelper Recalculate route, because wrong movement direction: 185744.58
06-28 17:35:03.022  5258  5258 I net.osmand: RoutingHelper Recalculate route, because correlation  : 185744.57603829377
06-28 17:35:03.316  5258  5268 I zygote  : Background concurrent copying GC freed 295316(6MB) AllocSpace objects, 0(0B) LOS objects, 21% free, 22MB/28MB, paused 1.244ms total 454.435ms
06-28 17:35:03.869  5258  5258 I net.osmand: RoutingHelper Recalculate route, because correlation  : 185744.57603829377
06-28 17:35:03.960  5258  5258 I net.osmand: RoutingHelper Recalculate route, because correlation  : 185744.57603829377
06-28 17:35:03.960  5258  5258 I net.osmand: RoutingHelper Recalculate route, because wrong movement direction: 185744.58
06-28 17:35:04.204  5258  5258 I net.osmand: RoutingHelper Recalculate route, because correlation  : 185720.5412867819
06-28 17:35:04.275  5258  5258 I net.osmand: RoutingHelper Recalculate route, because correlation  : 185720.5412867819
06-28 17:35:04.275  5258  5258 I net.osmand: RoutingHelper Recalculate route, because wrong movement direction: 185720.55
06-28 17:35:04.865  5258  5258 I net.osmand: RoutingHelper Recalculate route, because correlation  : 185720.5412867819
06-28 17:35:04.865  5258  5258 I net.osmand: RoutingHelper Recalculate route, because wrong movement direction: 185720.55
06-28 17:35:04.873  5258  5258 I net.osmand: RoutingHelper Recalculate route, because correlation  : 185720.5412867819
06-28 17:35:05.440  5258  5258 I net.osmand: RoutingHelper Recalculate route, because correlation  : 185696.5475669462
06-28 17:35:05.442  5258  5258 I net.osmand: RoutingHelper Recalculate route, because correlation  : 185696.5475669462
06-28 17:35:05.443  5258  5258 I net.osmand: RoutingHelper Recalculate route, because wrong movement direction: 185696.55
06-28 17:35:05.882  5258  5258 I net.osmand: RoutingHelper Recalculate route, because correlation  : 185696.5475669462
06-28 17:35:05.892  5258  5258 I net.osmand: RoutingHelper Recalculate route, because correlation  : 185696.5475669462
06-28 17:35:05.892  5258  5258 I net.osmand: RoutingHelper Recalculate route, because wrong movement direction: 185696.55
06-28 17:35:06.269  5258  5268 I zygote  : Background concurrent copying GC freed 303946(6MB) AllocSpace objects, 0(0B) LOS objects, 21% free, 22MB/28MB, paused 3.342ms total 388.156ms
06-28 17:35:06.765  5258  5258 I net.osmand: RoutingHelper Recalculate route, because correlation  : 185672.55400059742
06-28 17:35:06.765  5258  5258 I net.osmand: RoutingHelper Recalculate route, because wrong movement direction: 185672.55
06-28 17:35:06.780  5258  5258 I net.osmand: RoutingHelper Recalculate route, because correlation  : 185672.55400059742
06-28 17:35:06.963  5258  5258 I chatty  : uid=10104(net.osmand) identical 1 line
06-28 17:35:07.065  5258  5258 I net.osmand: RoutingHelper Recalculate route, because correlation  : 185672.55400059742
06-28 17:35:07.065  5258  5258 I net.osmand: RoutingHelper Recalculate route, because wrong movement direction: 185672.55
06-28 17:35:07.864  5258  5258 I net.osmand: RoutingHelper Recalculate route, because correlation  : 185672.55400059742
06-28 17:35:07.874  5258  5258 I net.osmand: RoutingHelper Recalculate route, because correlation  : 185672.55400059742
06-28 17:35:07.875  5258  5258 I net.osmand: RoutingHelper Recalculate route, because wrong movement direction: 185672.55
06-28 17:35:08.108  5258  5258 I net.osmand: RoutingHelper Recalculate route, because correlation  : 185648.560587792
06-28 17:35:08.187  5258  5258 I net.osmand: RoutingHelper Recalculate route, because correlation  : 185648.560587792
06-28 17:35:08.187  5258  5258 I net.osmand: RoutingHelper Recalculate route, because wrong movement direction: 185648.56
06-28 17:35:08.896  5258  5258 I net.osmand: RoutingHelper Recalculate route, because correlation  : 185648.560587792
06-28 17:35:08.940  5258  5258 I net.osmand: RoutingHelper Recalculate route, because correlation  : 185648.560587792
06-28 17:35:08.940  5258  5258 I net.osmand: RoutingHelper Recalculate route, because wrong movement direction: 185648.56
06-28 17:35:09.289  5258  5268 I zygote  : Background concurrent copying GC freed 290646(6MB) AllocSpace objects, 0(0B) LOS objects, 21% free, 21MB/27MB, paused 1.431ms total 357.483ms
06-28 17:35:09.418  5258  5258 I net.osmand: RoutingHelper Recalculate route, because correlation  : 185624.56732858883
06-28 17:35:09.419  5258  5258 I net.osmand: RoutingHelper Recalculate route, because correlation  : 185624.56732858883
06-28 17:35:09.419  5258  5258 I net.osmand: RoutingHelper Recalculate route, because wrong movement direction: 185624.56
06-28 17:35:09.454  5258  5288 I net.osmand: MapRenderRepositories RENDER MAP: update due to tile box
06-28 17:35:09.454  5258  5288 I net.osmand: MapRenderRepositories RENDER MAP: Interrupt rendering map
06-28 17:35:09.864  5258  5288 I net.osmand: MapRenderRepositories RENDER MAP: update due to tile box
06-28 17:35:09.864  5258  5288 I net.osmand: MapRenderRepositories RENDER MAP: Interrupt rendering map
06-28 17:35:09.864  5258  5258 I net.osmand: RoutingHelper Recalculate route, because correlation  : 185624.56732858883
06-28 17:35:09.864  5258  5258 I net.osmand: RoutingHelper Recalculate route, because wrong movement direction: 185624.56
06-28 17:35:09.881  5258  5258 I net.osmand: RoutingHelper Recalculate route, because correlation  : 185624.56732858883
06-28 17:35:09.932  5258  5287 I net.osmand: MapRenderRepositories RENDER MAP: new request RotatedTileBox [lat=-7.225506666666666, lon=-35.89689166666667, rotate=0.0, density=2.625, zoom=17, mapDensity=3.9375, zoomAnimation=0.0, zoomFloatPart=0.0, cx=900, cy=1972, pixWidth=1800, pixHeight=2690]
06-28 17:35:10.006  5258  5287 I net.osmand:native: Route objects 83
06-28 17:35:10.006  5258  5287 I net.osmand:native: Ocean: no completed & incompleted coastlines 0
06-28 17:35:10.006  5258  5287 I net.osmand:native: Detailed coastlines = 0, basemap coastlines 0, ocean tile 0.000000. Detailed added 0, basemap processed 1, basemap added 0.
06-28 17:35:10.006  5258  5287 I net.osmand:native: Search : tree - read( 540), accept( 43), objs - visit( 2717), accept(114), in result(83) 
06-28 17:35:10.007  5258  5287 I net.osmand: MapRenderRepositories BLat=-7.227804255485535, TLat=-7.219819474220276, LLong=-35.89934158325195, RLong=-35.89443588256836, zoom=17
06-28 17:35:10.007  5258  5287 I net.osmand: MapRenderRepositories Native search: 75 ms 
06-28 17:35:10.012  5258  5287 I net.osmand:native: Creating SkBitmap in native w:1800 h:2690 s:7200 f:1!
06-28 17:35:10.012  5258  5287 I net.osmand:native: Row bytes for RGBA_8888 is 7200
06-28 17:35:10.012  5258  5287 I net.osmand:native: Locked 19368000 bytes at 0x7d700000
06-28 17:35:10.012  5258  5287 I net.osmand:native: Initializing rendering
06-28 17:35:10.013  5258  5287 I net.osmand:native: Rendering image
06-28 17:35:10.227  5258  5287 I net.osmand:native: Native ok (rendering 1, text 73 ms) 
06-28 17:35:10.227  5258  5287 I net.osmand:native:  (2358 points, 426 points inside, 136 of 175 objects visible)
06-28 17:35:10.227  5258  5287 I net.osmand:native: End Rendering image
06-28 17:35:10.227  5258  5287 I net.osmand:native: Native ok (init 1, rendering 1) 
06-28 17:35:10.228  5258  5287 I net.osmand: MapRenderRepositories true
06-28 17:35:10.733  5258  5258 I net.osmand: RoutingHelper Recalculate route, because correlation  : 185600.5333759498
06-28 17:35:10.735  5258  5258 I net.osmand: RoutingHelper Recalculate route, because wrong movement direction: 185600.53
06-28 17:35:10.743  5258  5258 I net.osmand: RoutingHelper Recalculate route, because correlation  : 185600.5333759498
06-28 17:35:10.880  5258  5258 I net.osmand: RoutingHelper Recalculate route, because correlation  : 185600.5333759498
06-28 17:35:10.880  5258  5258 I net.osmand: RoutingHelper Recalculate route, because wrong movement direction: 185600.53
06-28 17:35:10.966  5258  5258 I net.osmand: RoutingHelper Recalculate route, because correlation  : 185600.5333759498
06-28 17:35:11.942  5258  5258 I chatty  : uid=10104(net.osmand) identical 1 line
06-28 17:35:11.946  5258  5258 I net.osmand: RoutingHelper Recalculate route, because correlation  : 185600.5333759498
06-28 17:35:11.946  5258  5258 I net.osmand: RoutingHelper Recalculate route, because wrong movement direction: 185600.53
06-28 17:35:12.113  5258  5258 I net.osmand: RoutingHelper Recalculate route, because correlation  : 185576.5404292933
06-28 17:35:12.124  5258  5258 I net.osmand: RoutingHelper Recalculate route, because correlation  : 185576.5404292933
06-28 17:35:12.125  5258  5258 I net.osmand: RoutingHelper Recalculate route, because wrong movement direction: 185576.55
06-28 17:35:12.544  5258  5268 I zygote  : Background concurrent copying GC freed 285331(6MB) AllocSpace objects, 0(0B) LOS objects, 21% free, 22MB/28MB, paused 18.969ms total 395.438ms
06-28 17:35:12.870  5258  5258 I net.osmand: RoutingHelper Recalculate route, because correlation  : 185576.5404292933
06-28 17:35:12.890  5258  5258 I net.osmand: RoutingHelper Recalculate route, because correlation  : 185576.5404292933
06-28 17:35:12.891  5258  5258 I net.osmand: RoutingHelper Recalculate route, because wrong movement direction: 185576.55
06-28 17:35:13.332  5258  5258 I net.osmand: RoutingHelper Recalculate route, because correlation  : 185552.72702370983
06-28 17:35:13.412  5258  5258 I net.osmand: RoutingHelper Recalculate route, because correlation  : 185552.72702370983
06-28 17:35:13.413  5258  5258 I net.osmand: RoutingHelper Recalculate route, because wrong movement direction: 185552.73
06-28 17:35:13.875  5258  5258 I net.osmand: RoutingHelper Recalculate route, because correlation  : 185552.72702370983
06-28 17:35:13.876  5258  5258 I net.osmand: RoutingHelper Recalculate route, because correlation  : 185552.72702370983
06-28 17:35:13.876  5258  5258 I net.osmand: RoutingHelper Recalculate route, because wrong movement direction: 185552.73
06-28 17:35:14.653  5258  5258 I net.osmand: RoutingHelper Recalculate route, because correlation  : 185528.73438578786
06-28 17:35:14.670  5258  5258 I net.osmand: RoutingHelper Recalculate route, because correlation  : 185528.73438578786
06-28 17:35:14.671  5258  5258 I net.osmand: RoutingHelper Recalculate route, because wrong movement direction: 185528.73
06-28 17:35:14.871  5258  5258 I net.osmand: RoutingHelper Recalculate route, because correlation  : 185528.73438578786
06-28 17:35:14.945  5258  5258 I net.osmand: RoutingHelper Recalculate route, because correlation  : 185528.73438578786
06-28 17:35:14.946  5258  5258 I net.osmand: RoutingHelper Recalculate route, because wrong movement direction: 185528.73
06-28 17:35:15.402  1596  2216 I WifiService: acquireWifiLock uid=10014 lockMode=2
06-28 17:35:15.418  1596  1613 E memtrack: Couldn't load memtrack module
06-28 17:35:15.418  1596  1613 W android.os.Debug: failed to get memory consumption info: -1
06-28 17:35:15.490  1596  1613 E memtrack: Couldn't load memtrack module
06-28 17:35:15.490  1596  1613 W android.os.Debug: failed to get memory consumption info: -1
06-28 17:35:15.883  5258  5258 I net.osmand: RoutingHelper Recalculate route, because correlation  : 185504.74190175917
06-28 17:35:15.886  5258  5288 I net.osmand: MapRenderRepositories RENDER MAP: update due to tile box
06-28 17:35:15.887  5258  5288 I net.osmand: MapRenderRepositories RENDER MAP: Interrupt rendering map
06-28 17:35:15.894  5258  5258 I net.osmand: RoutingHelper Recalculate route, because correlation  : 185504.74190175917
06-28 17:35:15.894  5258  5258 I net.osmand: RoutingHelper Recalculate route, because wrong movement direction: 185504.73
06-28 17:35:15.948  5258  5288 I net.osmand: MapRenderRepositories RENDER MAP: update due to tile box
06-28 17:35:15.949  5258  5288 I net.osmand: MapRenderRepositories RENDER MAP: Interrupt rendering map
06-28 17:35:15.978  5258  5258 I net.osmand: RoutingHelper Recalculate route, because correlation  : 185504.74190175917
06-28 17:35:15.979  5258  5258 I net.osmand: RoutingHelper Recalculate route, because wrong movement direction: 185504.73
06-28 17:35:15.982  5258  5288 I net.osmand: MapRenderRepositories RENDER MAP: update due to tile box
06-28 17:35:15.982  5258  5288 I net.osmand: MapRenderRepositories RENDER MAP: Interrupt rendering map
06-28 17:35:16.050  5258  5258 I net.osmand: RoutingHelper Recalculate route, because correlation  : 185504.74190175917
06-28 17:35:16.105  5258  5288 I net.osmand: MapRenderRepositories RENDER MAP: update due to tile box
06-28 17:35:16.105  5258  5288 I net.osmand: MapRenderRepositories RENDER MAP: Interrupt rendering map
06-28 17:35:16.179  5258  5288 I net.osmand: MapRenderRepositories RENDER MAP: update due to tile box
06-28 17:35:16.179  5258  5288 I net.osmand: MapRenderRepositories RENDER MAP: Interrupt rendering map
06-28 17:35:16.242  5258  5287 I net.osmand: MapRenderRepositories RENDER MAP: new request RotatedTileBox [lat=-7.225975, lon=-35.89789833333334, rotate=0.0, density=2.625, zoom=17, mapDensity=3.9375, zoomAnimation=0.0, zoomFloatPart=0.0, cx=900, cy=1972, pixWidth=1800, pixHeight=2690]
06-28 17:35:16.371  5258  5287 I net.osmand:native: Route objects 76
06-28 17:35:16.371  5258  5287 I net.osmand:native: Ocean: no completed & incompleted coastlines 0
06-28 17:35:16.371  5258  5287 I net.osmand:native: Detailed coastlines = 0, basemap coastlines 0, ocean tile 0.000000. Detailed added 0, basemap processed 1, basemap added 0.
06-28 17:35:16.372  5258  5287 I net.osmand:native: Search : tree - read( 540), accept( 43), objs - visit( 2717), accept(107), in result(76) 
06-28 17:35:16.372  5258  5287 I net.osmand: MapRenderRepositories BLat=-7.22827250957489, TLat=-7.220287728309631, LLong=-35.90034866333008, RLong=-35.89544677734375, zoom=17
06-28 17:35:16.372  5258  5287 I net.osmand: MapRenderRepositories Native search: 129 ms 
06-28 17:35:16.394  5258  5287 I net.osmand:native: Creating SkBitmap in native w:1800 h:2690 s:7200 f:1!
06-28 17:35:16.394  5258  5287 I net.osmand:native: Row bytes for RGBA_8888 is 7200
06-28 17:35:16.394  5258  5287 I net.osmand:native: Locked 19368000 bytes at 0x78c80000
06-28 17:35:16.394  5258  5287 I net.osmand:native: Initializing rendering
06-28 17:35:16.395  5258  5287 I net.osmand:native: Rendering image
06-28 17:35:16.674  5258  5287 I net.osmand:native: Native ok (rendering 0, text 98 ms) 
06-28 17:35:16.674  5258  5287 I net.osmand:native:  (2283 points, 349 points inside, 130 of 163 objects visible)
06-28 17:35:16.674  5258  5287 I net.osmand:native: End Rendering image
06-28 17:35:16.674  5258  5287 I net.osmand:native: Native ok (init 1, rendering 0) 
06-28 17:35:16.681  5258  5287 I net.osmand: MapRenderRepositories true
06-28 17:35:16.798  5258  5268 I zygote  : Background concurrent copying GC freed 291224(6MB) AllocSpace objects, 0(0B) LOS objects, 20% free, 23MB/29MB, paused 2.325ms total 764.073ms
06-28 17:35:16.872  5258  5258 I net.osmand: RoutingHelper Recalculate route, because correlation  : 185504.74190175917
06-28 17:35:16.946  5258  5258 I net.osmand: RoutingHelper Recalculate route, because correlation  : 185504.74190175917
06-28 17:35:16.946  5258  5258 I net.osmand: RoutingHelper Recalculate route, because wrong movement direction: 185504.73
06-28 17:35:17.316  5258  5258 I net.osmand: RoutingHelper Recalculate route, because correlation  : 185480.70875065375
06-28 17:35:17.325  5258  5258 I net.osmand: RoutingHelper Recalculate route, because correlation  : 185480.70875065375
06-28 17:35:17.325  5258  5258 I net.osmand: RoutingHelper Recalculate route, because wrong movement direction: 185480.7
06-28 17:35:17.876  5258  5258 I net.osmand: RoutingHelper Recalculate route, because correlation  : 185480.70875065375
06-28 17:35:17.882  5258  5258 I net.osmand: RoutingHelper Recalculate route, because correlation  : 185480.70875065375
06-28 17:35:17.882  5258  5258 I net.osmand: RoutingHelper Recalculate route, because wrong movement direction: 185480.7
06-28 17:35:18.402  1596  2224 D WificondControl: Scan result ready event
06-28 17:35:18.466  1596  2216 I WifiService: releaseWifiLock uid=10014
06-28 17:35:18.631  5258  5258 I net.osmand: RoutingHelper Recalculate route, because correlation  : 185456.71657976278
06-28 17:35:18.637  5258  5258 I net.osmand: RoutingHelper Recalculate route, because correlation  : 185456.71657976278
06-28 17:35:18.637  5258  5258 I net.osmand: RoutingHelper Recalculate route, because wrong movement direction: 185456.72
06-28 17:35:18.879  5258  5258 I net.osmand: RoutingHelper Recalculate route, because correlation  : 185456.71657976278
06-28 17:35:18.884  5258  5258 I net.osmand: RoutingHelper Recalculate route, because correlation  : 185456.71657976278
06-28 17:35:18.884  5258  5258 I net.osmand: RoutingHelper Recalculate route, because wrong movement direction: 185456.72
06-28 17:35:19.922  5258  5258 I net.osmand: RoutingHelper Recalculate route, because correlation  : 185432.72456294097
06-28 17:35:19.983  5258  5258 I net.osmand: RoutingHelper Recalculate route, because correlation  : 185432.72456294097
06-28 17:35:19.983  5258  5258 I net.osmand: RoutingHelper Recalculate route, because wrong movement direction: 185432.72
06-28 17:35:19.995  5258  5258 I net.osmand: RoutingHelper Recalculate route, because correlation  : 185432.72456294097
06-28 17:35:20.002  5258  5258 I net.osmand: RoutingHelper Recalculate route, because correlation  : 185432.72456294097
06-28 17:35:20.002  5258  5258 I net.osmand: RoutingHelper Recalculate route, because wrong movement direction: 185432.72
06-28 17:35:20.284  5258  5268 I zygote  : Background concurrent copying GC freed 343072(7MB) AllocSpace objects, 0(0B) LOS objects, 21% free, 22MB/28MB, paused 2.614ms total 312.755ms
06-28 17:35:20.875  5258  5258 I net.osmand: RoutingHelper Recalculate route, because correlation  : 185432.72456294097
06-28 17:35:20.878  5258  5258 I net.osmand: RoutingHelper Recalculate route, because correlation  : 185432.72456294097
06-28 17:35:20.878  5258  5258 I net.osmand: RoutingHelper Recalculate route, because wrong movement direction: 185432.72
06-28 17:35:21.341  5258  5258 I net.osmand: RoutingHelper Recalculate route, because correlation  : 185408.7327002473
06-28 17:35:21.362  5258  5258 I net.osmand: RoutingHelper Recalculate route, because correlation  : 185408.7327002473
06-28 17:35:21.363  5258  5258 I net.osmand: RoutingHelper Recalculate route, because wrong movement direction: 185408.73
06-28 17:35:21.877  5258  5258 I net.osmand: RoutingHelper Recalculate route, because correlation  : 185408.7327002473
06-28 17:35:21.887  5258  5258 I net.osmand: RoutingHelper Recalculate route, because correlation  : 185408.7327002473
06-28 17:35:21.887  5258  5258 I net.osmand: RoutingHelper Recalculate route, because wrong movement direction: 185408.73
06-28 17:35:22.531  5258  5258 I net.osmand: RoutingHelper Recalculate route, because correlation  : 185384.74099174017
06-28 17:35:22.547  5258  5258 I net.osmand: RoutingHelper Recalculate route, because correlation  : 185384.74099174017
06-28 17:35:22.547  5258  5258 I net.osmand: RoutingHelper Recalculate route, because wrong movement direction: 185384.73
06-28 17:35:22.597  5258  5288 I net.osmand: MapRenderRepositories RENDER MAP: update due to tile box
06-28 17:35:22.597  5258  5288 I net.osmand: MapRenderRepositories RENDER MAP: Interrupt rendering map
06-28 17:35:22.697  5258  5287 I net.osmand: MapRenderRepositories RENDER MAP: new request RotatedTileBox [lat=-7.226443333333333, lon=-35.89890666666667, rotate=0.0, density=2.625, zoom=17, mapDensity=3.9375, zoomAnimation=0.0, zoomFloatPart=0.0, cx=900, cy=1972, pixWidth=1800, pixHeight=2690]
06-28 17:35:22.757  5258  5287 I net.osmand:native: Route objects 72
06-28 17:35:22.757  5258  5287 I net.osmand:native: Ocean: no completed & incompleted coastlines 0
06-28 17:35:22.758  5258  5287 I net.osmand:native: Detailed coastlines = 0, basemap coastlines 0, ocean tile 0.000000. Detailed added 0, basemap processed 1, basemap added 0.
06-28 17:35:22.758  5258  5287 I net.osmand:native: Search : tree - read( 500), accept( 42), objs - visit( 2717), accept(103), in result(72) 
06-28 17:35:22.758  5258  5287 I net.osmand: MapRenderRepositories BLat=-7.228740763664246, TLat=-7.220755982398987, LLong=-35.9013557434082, RLong=-35.896453857421875, zoom=17
06-28 17:35:22.758  5258  5287 I net.osmand: MapRenderRepositories Native search: 60 ms 
06-28 17:35:22.771  5258  5287 I net.osmand:native: Creating SkBitmap in native w:1800 h:2690 s:7200 f:1!
06-28 17:35:22.771  5258  5287 I net.osmand:native: Row bytes for RGBA_8888 is 7200
06-28 17:35:22.771  5258  5287 I net.osmand:native: Locked 19368000 bytes at 0x7d700000
06-28 17:35:22.771  5258  5287 I net.osmand:native: Initializing rendering
06-28 17:35:22.772  5258  5287 I net.osmand:native: Rendering image
06-28 17:35:22.821  1596  1613 E memtrack: Couldn't load memtrack module
06-28 17:35:22.821  1596  1613 W android.os.Debug: failed to get memory consumption info: -1
06-28 17:35:22.986  5258  5287 I net.osmand:native: Native ok (rendering 0, text 107 ms) 
06-28 17:35:22.986  5258  5287 I net.osmand:native:  (2313 points, 328 points inside, 127 of 151 objects visible)
06-28 17:35:22.986  5258  5287 I net.osmand:native: End Rendering image
06-28 17:35:22.986  5258  5287 I net.osmand:native: Native ok (init 1, rendering 0) 
06-28 17:35:22.986  5258  5287 I net.osmand: MapRenderRepositories true
06-28 17:35:23.116  5258  5258 I net.osmand: RoutingHelper Recalculate route, because correlation  : 185384.74099174017
06-28 17:35:23.116  5258  5258 I net.osmand: RoutingHelper Recalculate route, because wrong movement direction: 185384.73
06-28 17:35:23.175  5258  5258 I net.osmand: RoutingHelper Recalculate route, because correlation  : 185384.74099174017
06-28 17:35:23.525  5258  5268 I zygote  : Background concurrent copying GC freed 295587(6MB) AllocSpace objects, 0(0B) LOS objects, 21% free, 21MB/27MB, paused 1.124ms total 312.895ms
06-28 17:35:23.853  5258  5258 I net.osmand: RoutingHelper Recalculate route, because correlation  : 185360.70864251064
06-28 17:35:23.954  5258  5258 I net.osmand: RoutingHelper Recalculate route, because correlation  : 185360.70864251064
06-28 17:35:23.954  5258  5258 I net.osmand: RoutingHelper Recalculate route, because wrong movement direction: 185360.7
06-28 17:35:23.962  5258  5258 I net.osmand: RoutingHelper Recalculate route, because correlation  : 185360.70864251064
06-28 17:35:23.962  5258  5258 I net.osmand: RoutingHelper Recalculate route, because wrong movement direction: 185360.7
06-28 17:35:23.977  5258  5258 I net.osmand: RoutingHelper Recalculate route, because correlation  : 185360.70864251064
06-28 17:35:24.875  5258  5258 I chatty  : uid=10104(net.osmand) identical 1 line
06-28 17:35:24.880  5258  5258 I net.osmand: RoutingHelper Recalculate route, because correlation  : 185360.70864251064
06-28 17:35:24.880  5258  5258 I net.osmand: RoutingHelper Recalculate route, because wrong movement direction: 185360.7
06-28 17:35:25.252  5258  5258 I net.osmand: RoutingHelper Recalculate route, because correlation  : 185336.71724773265
06-28 17:35:25.309  5258  5258 I net.osmand: RoutingHelper Recalculate route, because correlation  : 185336.71724773265
06-28 17:35:25.309  5258  5258 I net.osmand: RoutingHelper Recalculate route, because wrong movement direction: 185336.72
06-28 17:35:25.874  5258  5258 I net.osmand: RoutingHelper Recalculate route, because correlation  : 185336.71724773265
06-28 17:35:25.900  5258  5258 I net.osmand: RoutingHelper Recalculate route, because correlation  : 185336.71724773265
06-28 17:35:25.901  5258  5258 I net.osmand: RoutingHelper Recalculate route, because wrong movement direction: 185336.72
06-28 17:35:26.265  5258  5268 I zygote  : Background concurrent copying GC freed 280848(6MB) AllocSpace objects, 0(0B) LOS objects, 21% free, 21MB/27MB, paused 1.195ms total 291.966ms
06-28 17:35:26.467  5258  5258 I net.osmand: RoutingHelper Recalculate route, because correlation  : 185312.72600731818
06-28 17:35:26.472  5258  5258 I net.osmand: RoutingHelper Recalculate route, because correlation  : 185312.72600731818
06-28 17:35:26.472  5258  5258 I net.osmand: RoutingHelper Recalculate route, because wrong movement direction: 185312.72
06-28 17:35:26.887  5258  5258 I net.osmand: RoutingHelper Recalculate route, because correlation  : 185312.72600731818
06-28 17:35:26.895  5258  5258 I net.osmand: RoutingHelper Recalculate route, because correlation  : 185312.72600731818
06-28 17:35:26.895  5258  5258 I net.osmand: RoutingHelper Recalculate route, because wrong movement direction: 185312.72
06-28 17:35:27.752  5258  5258 I net.osmand: RoutingHelper Recalculate route, because correlation  : 185288.91432104862
06-28 17:35:27.786  5258  5258 I net.osmand: RoutingHelper Recalculate route, because correlation  : 185288.91432104862
06-28 17:35:27.786  5258  5258 I net.osmand: RoutingHelper Recalculate route, because wrong movement direction: 185288.92
06-28 17:35:27.908  5258  5258 I net.osmand: RoutingHelper Recalculate route, because correlation  : 185288.91432104862
06-28 17:35:27.909  5258  5258 I net.osmand: RoutingHelper Recalculate route, because wrong movement direction: 185288.92
06-28 17:35:27.954  5258  5258 I net.osmand: RoutingHelper Recalculate route, because correlation  : 185288.91432104862
06-28 17:35:28.949  5258  5258 I net.osmand: RoutingHelper Recalculate route, because correlation  : 185288.91432104862
06-28 17:35:28.960  5258  5258 I net.osmand: RoutingHelper Recalculate route, because wrong movement direction: 185288.92
06-28 17:35:29.008  5258  5258 I net.osmand: RoutingHelper Recalculate route, because correlation  : 185288.91432104862
06-28 17:35:29.214  5258  5258 I net.osmand: TTSCommandPlayerImpl Send message to pebble atenção!  Cruzamento de linha férrea 
06-28 17:35:29.214  5258  5258 D net.osmand: AbstractPrologCommandPlayer requestAudioFocus
06-28 17:35:29.216  5258  5258 W AudioManager: Use of stream types is deprecated for operations other than volume control
06-28 17:35:29.216  5258  5258 W AudioManager: See the documentation of requestAudioFocus() for what to use instead with android.media.AudioAttributes to qualify your playback use case
06-28 17:35:29.217  1596  3403 I MediaFocusControl: requestAudioFocus() from uid/pid 10104/5258 clientId=android.media.AudioManager@d1fc0eenet.osmand.plus.api.AudioFocusHelperImpl@b802cd8 callingPack=net.osmand req=3 flags=0x0 sdk=26
06-28 17:35:29.218  5258  5258 D net.osmand: TTSCommandPlayerImpl ttsRequests=1
06-28 17:35:29.224  5403  5434 I TTS.GoogleTTSServiceImp: Synthesis request for locale por-BRA and name pt-BR-language
06-28 17:35:29.226  5403  5434 I TTS.GoogleTTSServiceImp: TTS dispatch: pt-br-x-afs-lstm-embedded
06-28 17:35:29.238  5403  5435 D AudioTrack: Client defaulted notificationFrames to 1365 for frameCount 4096
06-28 17:35:29.250  5258  5258 I net.osmand: RoutingHelper Recalculate route, because correlation  : 185264.8826166385
06-28 17:35:29.251  1596  3857 V MediaRouterService: restoreBluetoothA2dp(false)
06-28 17:35:29.252  5258  5258 I net.osmand: RoutingHelper Recalculate route, because correlation  : 185264.8826166385
06-28 17:35:29.253  5258  5258 I net.osmand: RoutingHelper Recalculate route, because wrong movement direction: 185264.88
06-28 17:35:29.259  1389  4034 W audio_hw_generic: Not supplying enough data to HAL, expected position 30916182 , only wrote 30916080
06-28 17:35:29.327  5258  5288 I net.osmand: MapRenderRepositories RENDER MAP: update due to tile box
06-28 17:35:29.327  5258  5288 I net.osmand: MapRenderRepositories RENDER MAP: Interrupt rendering map
06-28 17:35:29.709  5258  5268 I zygote  : Background concurrent copying GC freed 288289(6MB) AllocSpace objects, 0(0B) LOS objects, 21% free, 21MB/27MB, paused 2ms total 411.630ms
06-28 17:35:29.757  5258  5287 I net.osmand: MapRenderRepositories RENDER MAP: new request RotatedTileBox [lat=-7.226913333333332, lon=-35.89991333333333, rotate=0.0, density=2.625, zoom=17, mapDensity=3.9375, zoomAnimation=0.0, zoomFloatPart=0.0, cx=900, cy=1972, pixWidth=1800, pixHeight=2690]
06-28 17:35:29.829  5258  5287 I net.osmand:native: Route objects 77
06-28 17:35:29.829  5258  5287 I net.osmand:native: Ocean: no completed & incompleted coastlines 0
06-28 17:35:29.829  5258  5287 I net.osmand:native: Detailed coastlines = 0, basemap coastlines 0, ocean tile 0.000000. Detailed added 0, basemap processed 1, basemap added 0.
06-28 17:35:29.829  5258  5287 I net.osmand:native: Search : tree - read( 500), accept( 41), objs - visit( 2677), accept(108), in result(77) 
06-28 17:35:29.830  5258  5287 I net.osmand: MapRenderRepositories BLat=-7.229209017753601, TLat=-7.221224236488342, LLong=-35.902366638183594, RLong=-35.8974609375, zoom=17
06-28 17:35:29.830  5258  5287 I net.osmand: MapRenderRepositories Native search: 73 ms 
06-28 17:35:29.837  5258  5287 I net.osmand:native: Creating SkBitmap in native w:1800 h:2690 s:7200 f:1!
06-28 17:35:29.838  5258  5287 I net.osmand:native: Row bytes for RGBA_8888 is 7200
06-28 17:35:29.838  5258  5287 I net.osmand:native: Locked 19368000 bytes at 0x78c80000
06-28 17:35:29.838  5258  5287 I net.osmand:native: Initializing rendering
06-28 17:35:29.839  5258  5287 I net.osmand:native: Rendering image
06-28 17:35:30.104  5258  5258 I net.osmand: RoutingHelper Recalculate route, because correlation  : 185264.8826166385
06-28 17:35:30.104  5258  5258 I net.osmand: RoutingHelper Recalculate route, because wrong movement direction: 185264.88
06-28 17:35:30.156  5258  5287 I net.osmand:native: Native ok (rendering 0, text 133 ms) 
06-28 17:35:30.156  5258  5287 I net.osmand:native:  (2374 points, 333 points inside, 141 of 167 objects visible)
06-28 17:35:30.156  5258  5287 I net.osmand:native: End Rendering image
06-28 17:35:30.156  5258  5287 I net.osmand:native: Native ok (init 1, rendering 0) 
06-28 17:35:30.156  5258  5287 I net.osmand: MapRenderRepositories true
06-28 17:35:30.327  1389  4034 W audio_hw_generic: Not supplying enough data to HAL, expected position 30967324 , only wrote 30967200
06-28 17:35:30.344  1389  4034 W audio_hw_generic: Not supplying enough data to HAL, expected position 30968003 , only wrote 30967920
06-28 17:35:30.362  1473  1580 D AudioFlinger: mixer(0xad583c80) throttle end: throttle time(12)
