07-03 17:49:46.429  5305  5305 I net.osmand: RoutingHelper Recalculate route, because wrong movement direction: 180893.58
07-03 17:49:46.433  5305  5305 I net.osmand: RoutingHelper Recalculate route, because correlation  : 180893.58168506564
07-03 17:49:46.434  5305  5351 I net.osmand: MapRenderRepositories RENDER MAP: update due to tile box
07-03 17:49:46.434  5305  5351 I net.osmand: MapRenderRepositories RENDER MAP: Interrupt rendering map
07-03 17:49:46.661  5305  5351 I net.osmand: MapRenderRepositories RENDER MAP: update due to tile box
07-03 17:49:46.661  5305  5351 I net.osmand: MapRenderRepositories RENDER MAP: Interrupt rendering map
07-03 17:49:46.674  5305  5350 I net.osmand: MapRenderRepositories RENDER MAP: new request RotatedTileBox [lat=-7.243383333333332, lon=-35.93680166666666, rotate=0.0, density=2.625, zoom=17, mapDensity=3.9375, zoomAnimation=0.0, zoomFloatPart=0.0, cx=900, cy=1972, pixWidth=1800, pixHeight=2690]
07-03 17:49:46.734  5305  5350 I net.osmand:native: Route objects 65
07-03 17:49:46.734  5305  5350 I net.osmand:native: Ocean: no completed & incompleted coastlines 0
07-03 17:49:46.734  5305  5350 I net.osmand:native: Detailed coastlines = 0, basemap coastlines 0, ocean tile 0.000000. Detailed added 0, basemap processed 1, basemap added 0.
07-03 17:49:46.735  5305  5350 I net.osmand:native: Search : tree - read( 460), accept( 35), objs - visit( 2477), accept(96), in result(65) 
07-03 17:49:46.735  5305  5350 I net.osmand: MapRenderRepositories BLat=-7.245685172080994, TLat=-7.237700390815735, LLong=-35.93925094604492, RLong=-35.934349060058594, zoom=17
07-03 17:49:46.735  5305  5350 I net.osmand: MapRenderRepositories Native search: 61 ms 
07-03 17:49:46.741  5305  5350 I net.osmand:native: Creating SkBitmap in native w:1800 h:2690 s:7200 f:1!
07-03 17:49:46.741  5305  5350 I net.osmand:native: Row bytes for RGBA_8888 is 7200
07-03 17:49:46.741  5305  5350 I net.osmand:native: Locked 19368000 bytes at 0x7f180000
07-03 17:49:46.741  5305  5350 I net.osmand:native: Initializing rendering
07-03 17:49:46.743  5305  5350 I net.osmand:native: Rendering image
07-03 17:49:46.847  5305  5350 I net.osmand:native: Native ok (rendering 0, text 23 ms) 
07-03 17:49:46.847  5305  5350 I net.osmand:native:  (1841 points, 473 points inside, 113 of 125 objects visible)
07-03 17:49:46.847  5305  5350 I net.osmand:native: End Rendering image
07-03 17:49:46.847  5305  5350 I net.osmand:native: Native ok (init 1, rendering 0) 
07-03 17:49:46.848  5305  5350 I net.osmand: MapRenderRepositories true
07-03 17:49:47.415  5305  5315 I zygote  : Background concurrent copying GC freed 792274(17MB) AllocSpace objects, 0(0B) LOS objects, 12% free, 42MB/48MB, paused 1.264ms total 841.695ms
07-03 17:49:47.425  5305  5305 I net.osmand: RoutingHelper Recalculate route, because correlation  : 180893.58168506564
07-03 17:49:47.425  5305  5305 I net.osmand: RoutingHelper Recalculate route, because wrong movement direction: 180893.58
07-03 17:49:47.469  5305  5305 I net.osmand: RoutingHelper Recalculate route, because correlation  : 180893.58168506564
07-03 17:49:47.548  5305  5305 I net.osmand: RoutingHelper Recalculate route, because correlation  : 180893.58168506564
07-03 17:49:47.548  5305  5305 I net.osmand: RoutingHelper Recalculate route, because wrong movement direction: 180893.58
07-03 17:49:47.552  5305  5305 I net.osmand: RoutingHelper Recalculate route, because correlation  : 180893.58168506564
07-03 17:49:48.187  5305  5315 I zygote  : Background concurrent copying GC freed 488049(10MB) AllocSpace objects, 0(0B) LOS objects, 13% free, 38MB/44MB, paused 2.228ms total 453.008ms
07-03 17:49:48.405  5305  5305 I net.osmand: RoutingHelper Recalculate route, because correlation  : 180893.58168506564
07-03 17:49:48.405  5305  5305 I net.osmand: RoutingHelper Recalculate route, because wrong movement direction: 180893.58
07-03 17:49:48.512  5305  5305 I net.osmand: RoutingHelper Recalculate route, because correlation  : 180893.58168506564
07-03 17:49:48.792  5305  5305 I net.osmand: RoutingHelper Recalculate route, because correlation  : 180929.28837724152
07-03 17:49:48.792  5305  5305 I net.osmand: RoutingHelper Recalculate route, because wrong movement direction: 180929.28
07-03 17:49:48.799  5305  5351 I net.osmand: MapRenderRepositories RENDER MAP: update due to tile box
07-03 17:49:48.801  5305  5351 I net.osmand: MapRenderRepositories RENDER MAP: Interrupt rendering map
07-03 17:49:48.848  5305  5305 I net.osmand: RoutingHelper Recalculate route, because correlation  : 180929.28837724152
07-03 17:49:49.058  5305  5351 I net.osmand: MapRenderRepositories RENDER MAP: update due to tile box
07-03 17:49:49.058  5305  5351 I net.osmand: MapRenderRepositories RENDER MAP: Interrupt rendering map
07-03 17:49:49.116  5305  5350 I net.osmand: MapRenderRepositories RENDER MAP: new request RotatedTileBox [lat=-7.246008333333333, lon=-35.93589, rotate=0.0, density=2.625, zoom=17, mapDensity=3.9375, zoomAnimation=0.0, zoomFloatPart=0.0, cx=900, cy=1972, pixWidth=1800, pixHeight=2690]
07-03 17:49:49.248  5305  5350 I net.osmand:native: Route objects 63
07-03 17:49:49.248  5305  5350 I net.osmand:native: Ocean: no completed & incompleted coastlines 0
07-03 17:49:49.249  5305  5350 I net.osmand:native: Detailed coastlines = 0, basemap coastlines 0, ocean tile 0.000000. Detailed added 0, basemap processed 1, basemap added 0.
07-03 17:49:49.249  5305  5350 I net.osmand:native: Search : tree - read( 500), accept( 37), objs - visit( 2517), accept(94), in result(63) 
07-03 17:49:49.251  5305  5350 I net.osmand: MapRenderRepositories BLat=-7.248303484916687, TLat=-7.240318703651428, LLong=-35.93833923339844, RLong=-35.93343734741211, zoom=17
07-03 17:49:49.255  5305  5350 I net.osmand: MapRenderRepositories Native search: 134 ms 
07-03 17:49:49.268  5305  5350 I net.osmand:native: Creating SkBitmap in native w:1800 h:2690 s:7200 f:1!
07-03 17:49:49.268  5305  5350 I net.osmand:native: Row bytes for RGBA_8888 is 7200
07-03 17:49:49.268  5305  5350 I net.osmand:native: Locked 19368000 bytes at 0x7cd80000
07-03 17:49:49.268  5305  5350 I net.osmand:native: Initializing rendering
07-03 17:49:49.269  5305  5350 I net.osmand:native: Rendering image
07-03 17:49:49.414  5305  5305 I net.osmand: RoutingHelper Recalculate route, because correlation  : 180929.28837724152
07-03 17:49:49.414  5305  5305 I net.osmand: RoutingHelper Recalculate route, because wrong movement direction: 180929.28
07-03 17:49:49.473  5305  5350 I net.osmand:native: Native ok (rendering 0, text 27 ms) 
07-03 17:49:49.473  5305  5350 I net.osmand:native:  (1893 points, 495 points inside, 115 of 122 objects visible)
07-03 17:49:49.473  5305  5350 I net.osmand:native: End Rendering image
07-03 17:49:49.473  5305  5350 I net.osmand:native: Native ok (init 1, rendering 0) 
07-03 17:49:49.474  5305  5350 I net.osmand: MapRenderRepositories true
07-03 17:49:49.501  5305  5305 I net.osmand: RoutingHelper Recalculate route, because correlation  : 180929.28837724152
07-03 17:49:49.827  5305  5315 I zygote  : Background concurrent copying GC freed 288766(6MB) AllocSpace objects, 0(0B) LOS objects, 11% free, 45MB/51MB, paused 4.552ms total 929.089ms
07-03 17:49:49.995  5305  5305 I net.osmand: RoutingHelper Recalculate route, because correlation  : 180965.55292851836
07-03 17:49:49.995  5305  5305 I net.osmand: RoutingHelper Recalculate route, because wrong movement direction: 180965.55
07-03 17:49:49.998  5305  5351 I net.osmand: MapRenderRepositories RENDER MAP: update due to tile box
07-03 17:49:49.998  5305  5351 I net.osmand: MapRenderRepositories RENDER MAP: Interrupt rendering map
07-03 17:49:50.084  5305  5305 I net.osmand: RoutingHelper Recalculate route, because correlation  : 180965.55292851836
07-03 17:49:50.170  5305  5351 I net.osmand: MapRenderRepositories RENDER MAP: update due to tile box
07-03 17:49:50.170  5305  5351 I net.osmand: MapRenderRepositories RENDER MAP: Interrupt rendering map
07-03 17:49:50.225  5305  5350 I net.osmand: MapRenderRepositories RENDER MAP: new request RotatedTileBox [lat=-7.248631666666667, lon=-35.93497833333333, rotate=0.0, density=2.625, zoom=17, mapDensity=3.9375, zoomAnimation=0.0, zoomFloatPart=0.0, cx=900, cy=1972, pixWidth=1800, pixHeight=2690]
07-03 17:49:50.333  5305  5350 I net.osmand:native: Route objects 57
07-03 17:49:50.333  5305  5350 I net.osmand:native: Ocean: no completed & incompleted coastlines 0
07-03 17:49:50.333  5305  5350 I net.osmand:native: Detailed coastlines = 0, basemap coastlines 0, ocean tile 0.000000. Detailed added 0, basemap processed 1, basemap added 0.
07-03 17:49:50.333  5305  5350 I net.osmand:native: Search : tree - read( 700), accept( 43), objs - visit( 2557), accept(88), in result(57) 
07-03 17:49:50.333  5305  5350 I net.osmand: MapRenderRepositories BLat=-7.250943827629089, TLat=-7.242935967445374, LLong=-35.93742752075195, RLong=-35.932525634765625, zoom=17
07-03 17:49:50.333  5305  5350 I net.osmand: MapRenderRepositories Native search: 106 ms 
07-03 17:49:50.338  5305  5350 I net.osmand:native: Creating SkBitmap in native w:1800 h:2690 s:7200 f:1!
07-03 17:49:50.338  5305  5350 I net.osmand:native: Row bytes for RGBA_8888 is 7200
07-03 17:49:50.338  5305  5350 I net.osmand:native: Locked 19368000 bytes at 0x7f180000
07-03 17:49:50.338  5305  5350 I net.osmand:native: Initializing rendering
07-03 17:49:50.339  5305  5350 I net.osmand:native: Rendering image
07-03 17:49:50.489  5305  5350 I net.osmand:native: Native ok (rendering 0, text 22 ms) 
07-03 17:49:50.489  5305  5350 I net.osmand:native:  (1599 points, 362 points inside, 106 of 112 objects visible)
07-03 17:49:50.489  5305  5350 I net.osmand:native: End Rendering image
07-03 17:49:50.489  5305  5350 I net.osmand:native: Native ok (init 0, rendering 0) 
07-03 17:49:50.490  5305  5350 I net.osmand: MapRenderRepositories true
07-03 17:49:50.498  5305  5305 I net.osmand: RoutingHelper Recalculate route, because correlation  : 180965.55292851836
07-03 17:49:50.498  5305  5305 I net.osmand: RoutingHelper Recalculate route, because wrong movement direction: 180965.55
07-03 17:49:50.503  5305  5305 I net.osmand: RoutingHelper Recalculate route, because correlation  : 180965.55292851836
07-03 17:49:51.161  5305  5315 I zygote  : Background concurrent copying GC freed 587087(13MB) AllocSpace objects, 0(0B) LOS objects, 12% free, 41MB/47MB, paused 3.371ms total 620.723ms
07-03 17:49:51.322  5305  5305 I net.osmand: RoutingHelper Recalculate route, because correlation  : 181002.1164209221
07-03 17:49:51.322  5305  5305 I net.osmand: RoutingHelper Recalculate route, because wrong movement direction: 181002.11
07-03 17:49:51.325  5305  5351 I net.osmand: MapRenderRepositories RENDER MAP: update due to tile box
07-03 17:49:51.325  5305  5351 I net.osmand: MapRenderRepositories RENDER MAP: Interrupt rendering map
07-03 17:49:51.434  5305  5305 I net.osmand: RoutingHelper Recalculate route, because correlation  : 181002.1164209221
07-03 17:49:51.437  5305  5351 I net.osmand: MapRenderRepositories RENDER MAP: update due to tile box
07-03 17:49:51.437  5305  5351 I net.osmand: MapRenderRepositories RENDER MAP: Interrupt rendering map
07-03 17:49:51.455  5305  5305 I net.osmand: RoutingHelper Recalculate route, because correlation  : 181002.1164209221
07-03 17:49:51.455  5305  5305 I net.osmand: RoutingHelper Recalculate route, because wrong movement direction: 181002.11
07-03 17:49:51.507  5305  5305 I net.osmand: RoutingHelper Recalculate route, because correlation  : 181002.1164209221
07-03 17:49:51.682  5305  5351 I net.osmand: MapRenderRepositories RENDER MAP: update due to tile box
07-03 17:49:51.682  5305  5351 I net.osmand: MapRenderRepositories RENDER MAP: Interrupt rendering map
07-03 17:49:51.993  5305  5350 I net.osmand: MapRenderRepositories RENDER MAP: new request RotatedTileBox [lat=-7.251256666666666, lon=-35.934068333333336, rotate=0.0, density=2.625, zoom=17, mapDensity=3.9375, zoomAnimation=0.0, zoomFloatPart=0.0, cx=900, cy=1972, pixWidth=1800, pixHeight=2690]
07-03 17:49:52.060  5305  5350 I net.osmand:native: Route objects 72
07-03 17:49:52.060  5305  5350 I net.osmand:native: Ocean: no completed & incompleted coastlines 0
07-03 17:49:52.060  5305  5350 I net.osmand:native: Detailed coastlines = 0, basemap coastlines 0, ocean tile 0.000000. Detailed added 0, basemap processed 1, basemap added 0.
07-03 17:49:52.061  5305  5350 I net.osmand:native: Search : tree - read( 740), accept( 49), objs - visit( 2757), accept(103), in result(72) 
07-03 17:49:52.061  5305  5350 I net.osmand: MapRenderRepositories BLat=-7.2535621404647825, TLat=-7.245554280281067, LLong=-35.93651580810547, RLong=-35.93161392211914, zoom=17
07-03 17:49:52.061  5305  5350 I net.osmand: MapRenderRepositories Native search: 68 ms 
07-03 17:49:52.067  5305  5350 I net.osmand:native: Creating SkBitmap in native w:1800 h:2690 s:7200 f:1!
07-03 17:49:52.067  5305  5350 I net.osmand:native: Row bytes for RGBA_8888 is 7200
07-03 17:49:52.067  5305  5350 I net.osmand:native: Locked 19368000 bytes at 0x7cd80000
07-03 17:49:52.067  5305  5350 I net.osmand:native: Initializing rendering
07-03 17:49:52.069  5305  5350 I net.osmand:native: Rendering image
07-03 17:49:52.229  5305  5350 I net.osmand:native: Native ok (rendering 0, text 36 ms) 
07-03 17:49:52.229  5305  5350 I net.osmand:native:  (1843 points, 348 points inside, 135 of 148 objects visible)
07-03 17:49:52.230  5305  5350 I net.osmand:native: End Rendering image
07-03 17:49:52.230  5305  5350 I net.osmand:native: Native ok (init 1, rendering 0) 
07-03 17:49:52.244  5305  5350 I net.osmand: MapRenderRepositories true
07-03 17:49:52.509  5305  5305 I net.osmand: RoutingHelper Recalculate route, because correlation  : 181002.1164209221
07-03 17:49:52.510  5305  5305 I net.osmand: RoutingHelper Recalculate route, because wrong movement direction: 181002.11
07-03 17:49:52.557  5305  5305 I net.osmand: RoutingHelper Recalculate route, because correlation  : 181002.1164209221
07-03 17:49:52.935  5305  5305 I net.osmand: RoutingHelper Recalculate route, because correlation  : 180992.2589777954
07-03 17:49:52.935  5305  5305 I net.osmand: RoutingHelper Recalculate route, because wrong movement direction: 180992.27
07-03 17:49:53.037  5305  5315 I zygote  : Background concurrent copying GC freed 383517(8MB) AllocSpace objects, 0(0B) LOS objects, 11% free, 46MB/52MB, paused 2.278ms total 1.306s
07-03 17:49:53.138  5305  5305 I net.osmand: RoutingHelper Recalculate route, because correlation  : 180992.2589777954
07-03 17:49:53.299 14323 14323 W ymr     : Already started: ymr@c10ca62
07-03 17:49:53.387 14323 14513 E sbo     : Interactive Ads jobs: did not expect this future to ever resolve
07-03 17:49:53.517  5305  5305 I net.osmand: RoutingHelper Recalculate route, because correlation  : 180992.2589777954
07-03 17:49:53.517  5305  5305 I net.osmand: RoutingHelper Recalculate route, because wrong movement direction: 180992.27
07-03 17:49:53.828  5305  5305 I net.osmand: RoutingHelper Recalculate route, because correlation  : 180992.2589777954
07-03 17:49:54.334  5305  5305 I net.osmand: RoutingHelper Recalculate route, because correlation  : 180992.2589777954
07-03 17:49:54.334  5305  5305 I net.osmand: RoutingHelper Recalculate route, because wrong movement direction: 180992.27
07-03 17:49:54.508  1604  2170 I WifiService: acquireWifiLock uid=10014 lockMode=2
07-03 17:49:54.526  1604  1621 I WifiService: requestActivityInfo uid=1000
07-03 17:49:54.527  1604  1621 I WifiService: reportActivityInfo uid=1000
07-03 17:49:54.527  1604  1621 I WifiService: getSupportedFeatures uid=1000
07-03 17:49:54.728  1604  4218 I WifiService: releaseWifiLock uid=10014
07-03 17:49:54.738  5305  5305 I net.osmand: RoutingHelper Recalculate route, because correlation  : 180992.2589777954
07-03 17:49:54.738  5305  5305 I net.osmand: RoutingHelper Recalculate route, because wrong movement direction: 180992.27
07-03 17:49:54.820  5305  5305 I net.osmand: RoutingHelper Recalculate route, because correlation  : 180992.2589777954
07-03 17:49:54.821  1604  1617 E memtrack: Couldn't load memtrack module
07-03 17:49:54.821  1604  1617 W android.os.Debug: failed to get memory consumption info: -1
07-03 17:49:54.829  5305  5305 I net.osmand: RoutingHelper Recalculate route, because correlation  : 180992.2589777954
07-03 17:49:55.003  1604  1617 E memtrack: Couldn't load memtrack module
07-03 17:49:55.003  1604  1617 W android.os.Debug: failed to get memory consumption info: -1
07-03 17:49:55.249  5305  5315 I zygote  : Background concurrent copying GC freed 623006(13MB) AllocSpace objects, 0(0B) LOS objects, 10% free, 49MB/55MB, paused 1.191ms total 1.769s
07-03 17:49:55.507  1604  1617 E memtrack: Couldn't load memtrack module
07-03 17:49:55.507  1604  1617 W android.os.Debug: failed to get memory consumption info: -1
07-03 17:49:55.659  1604  1617 E memtrack: Couldn't load memtrack module
07-03 17:49:55.660  1604  1617 W android.os.Debug: failed to get memory consumption info: -1
07-03 17:49:55.731  5305  5305 I net.osmand: RoutingHelper Recalculate route, because correlation  : 180685.89455086
07-03 17:49:55.731  5305  5305 I net.osmand: RoutingHelper Recalculate route, because wrong movement direction: 180685.89
07-03 17:49:55.739  5305  5351 I net.osmand: MapRenderRepositories RENDER MAP: update due to tile box
07-03 17:49:55.739  5305  5351 I net.osmand: MapRenderRepositories RENDER MAP: Interrupt rendering map
07-03 17:49:55.858  5305  5305 I net.osmand: RoutingHelper Recalculate route, because correlation  : 180685.89455086
07-03 17:49:55.940  5305  5351 I net.osmand: MapRenderRepositories RENDER MAP: update due to tile box
07-03 17:49:55.941  5305  5351 I net.osmand: MapRenderRepositories RENDER MAP: Interrupt rendering map
07-03 17:49:56.004  5305  5350 I net.osmand: MapRenderRepositories RENDER MAP: new request RotatedTileBox [lat=-7.251033333333334, lon=-35.93704833333334, rotate=0.0, density=2.625, zoom=17, mapDensity=3.9375, zoomAnimation=0.0, zoomFloatPart=0.0, cx=900, cy=1972, pixWidth=1800, pixHeight=2690]
07-03 17:49:56.186  5305  5350 I net.osmand:native: Route objects 41
07-03 17:49:56.187  5305  5350 I net.osmand:native: Ocean: no completed & incompleted coastlines 0
07-03 17:49:56.187  5305  5350 I net.osmand:native: Detailed coastlines = 0, basemap coastlines 0, ocean tile 0.000000. Detailed added 0, basemap processed 1, basemap added 0.
07-03 17:49:56.187  5305  5350 I net.osmand:native: Search : tree - read( 620), accept( 43), objs - visit( 2637), accept(72), in result(41) 
07-03 17:49:56.188  5305  5350 I net.osmand: MapRenderRepositories BLat=-7.253326964378357, TLat=-7.245342183113098, LLong=-35.93949890136719, RLong=-35.934593200683594, zoom=17
07-03 17:49:56.188  5305  5350 I net.osmand: MapRenderRepositories Native search: 184 ms 
07-03 17:49:56.210  5305  5350 I net.osmand:native: Creating SkBitmap in native w:1800 h:2690 s:7200 f:1!
07-03 17:49:56.211  5305  5350 I net.osmand:native: Row bytes for RGBA_8888 is 7200
07-03 17:49:56.211  5305  5350 I net.osmand:native: Locked 19368000 bytes at 0x7f180000
07-03 17:49:56.211  5305  5350 I net.osmand:native: Initializing rendering
07-03 17:49:56.212  5305  5350 I net.osmand:native: Rendering image
07-03 17:49:56.340  5305  5350 I net.osmand:native: Native ok (rendering 0, text 32 ms) 
07-03 17:49:56.340  5305  5350 I net.osmand:native:  (1420 points, 117 points inside, 78 of 86 objects visible)
07-03 17:49:56.341  5305  5350 I net.osmand:native: End Rendering image
07-03 17:49:56.341  5305  5350 I net.osmand:native: Native ok (init 1, rendering 0) 
07-03 17:49:56.341  5305  5350 I net.osmand: MapRenderRepositories true
07-03 17:49:56.499  5305  5305 I net.osmand: RoutingHelper Recalculate route, because correlation  : 180685.89455086
07-03 17:49:56.526  5305  5305 I net.osmand: RoutingHelper Recalculate route, because correlation  : 180685.89455086
07-03 17:49:56.526  5305  5305 I net.osmand: RoutingHelper Recalculate route, because wrong movement direction: 180685.89
07-03 17:49:57.075  5305  5305 I net.osmand: RoutingHelper Recalculate route, because correlation  : 180379.5310239783
07-03 17:49:57.075  5305  5305 I net.osmand: RoutingHelper Recalculate route, because wrong movement direction: 180379.53
07-03 17:49:57.078  5305  5351 I net.osmand: MapRenderRepositories RENDER MAP: update due to tile box
07-03 17:49:57.078  5305  5351 I net.osmand: MapRenderRepositories RENDER MAP: Interrupt rendering map
07-03 17:49:57.094  5305  5350 I net.osmand: MapRenderRepositories RENDER MAP: new request RotatedTileBox [lat=-7.251518333333333, lon=-35.93978333333334, rotate=0.0, density=2.625, zoom=17, mapDensity=3.9375, zoomAnimation=0.0, zoomFloatPart=0.0, cx=900, cy=1972, pixWidth=1800, pixHeight=2690]
07-03 17:49:57.175  5305  5350 I net.osmand:native: Route objects 23
07-03 17:49:57.175  5305  5350 I net.osmand:native: Ocean: no completed & incompleted coastlines 0
07-03 17:49:57.177  5305  5350 I net.osmand:native: Detailed coastlines = 0, basemap coastlines 0, ocean tile 0.000000. Detailed added 0, basemap processed 1, basemap added 0.
07-03 17:49:57.177  5305  5350 I net.osmand:native: Search : tree - read( 620), accept( 45), objs - visit( 2717), accept(54), in result(23) 
07-03 17:49:57.179  5305  5350 I net.osmand: MapRenderRepositories BLat=-7.253816175460815, TLat=-7.245831918716431, LLong=-35.94223403930664, RLong=-35.93733215332031, zoom=17
07-03 17:49:57.180  5305  5350 I net.osmand: MapRenderRepositories Native search: 85 ms 
07-03 17:49:57.194  5305  5350 I net.osmand:native: Creating SkBitmap in native w:1800 h:2690 s:7200 f:1!
07-03 17:49:57.194  5305  5350 I net.osmand:native: Row bytes for RGBA_8888 is 7200
07-03 17:49:57.194  5305  5350 I net.osmand:native: Locked 19368000 bytes at 0x7cd80000
07-03 17:49:57.194  5305  5350 I net.osmand:native: Initializing rendering
07-03 17:49:57.195  5305  5350 I net.osmand:native: Rendering image
07-03 17:49:57.217  5305  5305 I net.osmand: RoutingHelper Recalculate route, because correlation  : 180379.5310239783
07-03 17:49:57.308  5305  5350 I net.osmand:native: Native ok (rendering 113, text 31 ms) 
07-03 17:49:57.308  5305  5350 I net.osmand:native:  (1234 points, 54 points inside, 42 of 50 objects visible)
07-03 17:49:57.308  5305  5350 I net.osmand:native: End Rendering image
07-03 17:49:57.314  5305  5350 I net.osmand:native: Native ok (init 1, rendering 113) 
07-03 17:49:57.318  5305  5350 I net.osmand: MapRenderRepositories true
07-03 17:49:57.338  5305  5315 I zygote  : Background concurrent copying GC freed 773646(17MB) AllocSpace objects, 0(0B) LOS objects, 11% free, 47MB/53MB, paused 1.660ms total 1.094s
07-03 17:49:57.424  5305  5305 I net.osmand: RoutingHelper Recalculate route, because correlation  : 180379.5310239783
07-03 17:49:57.424  5305  5305 I net.osmand: RoutingHelper Recalculate route, because wrong movement direction: 180379.53
07-03 17:49:57.480  5305  5305 I net.osmand: RoutingHelper Recalculate route, because correlation  : 180379.5310239783
07-03 17:49:58.343  5305  5305 I net.osmand: RoutingHelper Recalculate route, because correlation  : 180073.16840013908
07-03 17:49:58.346  5305  5305 I net.osmand: RoutingHelper Recalculate route, because correlation  : 180073.16840013908
07-03 17:49:58.346  5305  5305 I net.osmand: RoutingHelper Recalculate route, because wrong movement direction: 180073.17
07-03 17:49:58.473  5305  5305 I net.osmand: RoutingHelper Recalculate route, because correlation  : 180073.16840013908
07-03 17:49:58.486  5305  5305 I net.osmand: RoutingHelper Recalculate route, because correlation  : 180073.16840013908
07-03 17:49:58.486  5305  5305 I net.osmand: RoutingHelper Recalculate route, because wrong movement direction: 180073.17
07-03 17:49:58.649  5305  5351 I net.osmand: MapRenderRepositories RENDER MAP: update due to tile box
07-03 17:49:58.650  5305  5351 I net.osmand: MapRenderRepositories RENDER MAP: Interrupt rendering map
07-03 17:49:58.838  5305  5350 I net.osmand: MapRenderRepositories RENDER MAP: new request RotatedTileBox [lat=-7.252003333333333, lon=-35.94251833333333, rotate=0.0, density=2.625, zoom=17, mapDensity=3.9375, zoomAnimation=0.0, zoomFloatPart=0.0, cx=900, cy=1972, pixWidth=1800, pixHeight=2690]
07-03 17:49:58.931  5305  5350 I net.osmand:native: Route objects 16
07-03 17:49:58.932  5305  5350 I net.osmand:native: Ocean: no completed & incompleted coastlines 0
07-03 17:49:58.932  5305  5350 I net.osmand:native: Detailed coastlines = 0, basemap coastlines 0, ocean tile 0.000000. Detailed added 0, basemap processed 1, basemap added 0.
07-03 17:49:58.932  5305  5350 I net.osmand:native: Search : tree - read( 580), accept( 44), objs - visit( 2717), accept(47), in result(16) 
07-03 17:49:58.954  5305  5350 I net.osmand: MapRenderRepositories BLat=-7.254306960105896, TLat=-7.24629909992218, LLong=-35.944969177246094, RLong=-35.940067291259766, zoom=17
07-03 17:49:58.954  5305  5350 I net.osmand: MapRenderRepositories Native search: 115 ms 
07-03 17:49:58.959  5305  5350 I net.osmand:native: Creating SkBitmap in native w:1800 h:2690 s:7200 f:1!
07-03 17:49:58.959  5305  5350 I net.osmand:native: Row bytes for RGBA_8888 is 7200
07-03 17:49:58.959  5305  5350 I net.osmand:native: Locked 19368000 bytes at 0x7f180000
07-03 17:49:58.959  5305  5350 I net.osmand:native: Initializing rendering
07-03 17:49:58.960  5305  5350 I net.osmand:native: Rendering image
07-03 17:49:58.980  5305  5350 I net.osmand:native: Native ok (rendering 19, text 0 ms) 
07-03 17:49:58.980  5305  5350 I net.osmand:native:  (1175 points, 21 points inside, 27 of 35 objects visible)
07-03 17:49:58.980  5305  5350 I net.osmand:native: End Rendering image
07-03 17:49:58.980  5305  5350 I net.osmand:native: Native ok (init 1, rendering 19) 
07-03 17:49:58.994  5305  5350 I net.osmand: MapRenderRepositories true
07-03 17:49:59.344  5305  5315 I zygote  : Background concurrent copying GC freed 664764(15MB) AllocSpace objects, 0(0B) LOS objects, 11% free, 45MB/51MB, paused 9.724ms total 944.811ms
07-03 17:49:59.408  5305  5305 I net.osmand: RoutingHelper Recalculate route, because correlation  : 180073.16840013908
07-03 17:49:59.421  5305  5305 I net.osmand: RoutingHelper Recalculate route, because correlation  : 180073.16840013908
07-03 17:49:59.421  5305  5305 I net.osmand: RoutingHelper Recalculate route, because wrong movement direction: 180073.17
07-03 17:49:59.734  5305  5305 I net.osmand: RoutingHelper Recalculate route, because correlation  : 179766.84575216932
07-03 17:49:59.734  5305  5305 I net.osmand: RoutingHelper Recalculate route, because wrong movement direction: 179766.84
07-03 17:49:59.797  5305  5315 I zygote  : WaitForGcToComplete blocked Background on None for 7.665ms
07-03 17:49:59.838  5305  5305 I net.osmand: RoutingHelper Recalculate route, because correlation  : 179766.84575216932
07-03 17:49:59.872  5305  5351 I net.osmand: MapRenderRepositories RENDER MAP: update due to tile box
07-03 17:49:59.872  5305  5351 I net.osmand: MapRenderRepositories RENDER MAP: Interrupt rendering map
07-03 17:50:00.376  5305  5315 I zygote  : Background concurrent copying GC freed 628913(14MB) AllocSpace objects, 0(0B) LOS objects, 12% free, 40MB/46MB, paused 5.540ms total 578.986ms
07-03 17:50:00.404  5305  5305 I net.osmand: RoutingHelper Recalculate route, because correlation  : 179766.84575216932
07-03 17:50:00.408  5305  5351 I net.osmand: MapRenderRepositories RENDER MAP: update due to tile box
07-03 17:50:00.408  5305  5351 I net.osmand: MapRenderRepositories RENDER MAP: Interrupt rendering map
07-03 17:50:00.455  5305  5305 I net.osmand: RoutingHelper Recalculate route, because correlation  : 179766.84575216932
07-03 17:50:00.456  5305  5305 I net.osmand: RoutingHelper Recalculate route, because wrong movement direction: 179766.84
07-03 17:50:00.500  5305  5350 I net.osmand: MapRenderRepositories RENDER MAP: new request RotatedTileBox [lat=-7.252486666666666, lon=-35.94525333333333, rotate=0.0, density=2.625, zoom=17, mapDensity=3.9375, zoomAnimation=0.0, zoomFloatPart=0.0, cx=900, cy=1972, pixWidth=1800, pixHeight=2690]
07-03 17:50:00.615  5305  5350 I net.osmand:native: Route objects 68
07-03 17:50:00.615  5305  5350 I net.osmand:native: Ocean: no completed & incompleted coastlines 0
07-03 17:50:00.616  5305  5350 I net.osmand:native: Detailed coastlines = 0, basemap coastlines 0, ocean tile 0.000000. Detailed added 0, basemap processed 1, basemap added 0.
07-03 17:50:00.616  5305  5350 I net.osmand:native: Search : tree - read( 580), accept( 43), objs - visit( 2677), accept(99), in result(68) 
07-03 17:50:00.616  5305  5350 I net.osmand: MapRenderRepositories BLat=-7.25479667186737, TLat=-7.246788811683655, LLong=-35.94770431518555, RLong=-35.94280242919922, zoom=17
07-03 17:50:00.616  5305  5350 I net.osmand: MapRenderRepositories Native search: 116 ms 
07-03 17:50:00.627  5305  5350 I net.osmand:native: Creating SkBitmap in native w:1800 h:2690 s:7200 f:1!
07-03 17:50:00.627  5305  5350 I net.osmand:native: Row bytes for RGBA_8888 is 7200
07-03 17:50:00.627  5305  5350 I net.osmand:native: Locked 19368000 bytes at 0x7cd80000
07-03 17:50:00.627  5305  5350 I net.osmand:native: Initializing rendering
07-03 17:50:00.631  5305  5350 I net.osmand:native: Rendering image
07-03 17:50:00.667  5305  5350 I net.osmand:native: Native ok (rendering 36, text 0 ms) 
07-03 17:50:00.667  5305  5350 I net.osmand:native:  (1302 points, 236 points inside, 52 of 62 objects visible)
07-03 17:50:00.668  5305  5350 I net.osmand:native: End Rendering image
07-03 17:50:00.668  5305  5350 I net.osmand:native: Native ok (init 3, rendering 36) 
07-03 17:50:00.668  5305  5350 I net.osmand: MapRenderRepositories true
07-03 17:50:01.226  5305  5305 I net.osmand: RoutingHelper Recalculate route, because correlation  : 179460.48495333755
07-03 17:50:01.226  5305  5305 I net.osmand: RoutingHelper Recalculate route, because wrong movement direction: 179460.48
07-03 17:50:01.237  5305  5305 I net.osmand: RoutingHelper Recalculate route, because correlation  : 179460.48495333755
07-03 17:50:01.317  5305  5351 I net.osmand: MapRenderRepositories RENDER MAP: update due to tile box
07-03 17:50:01.317  5305  5351 I net.osmand: MapRenderRepositories RENDER MAP: Interrupt rendering map
07-03 17:50:01.423  5305  5350 I net.osmand: MapRenderRepositories RENDER MAP: new request RotatedTileBox [lat=-7.252971666666667, lon=-35.947988333333335, rotate=0.0, density=2.625, zoom=17, mapDensity=3.9375, zoomAnimation=0.0, zoomFloatPart=0.0, cx=900, cy=1972, pixWidth=1800, pixHeight=2690]
07-03 17:50:01.485  5305  5350 I net.osmand:native: Route objects 57
07-03 17:50:01.485  5305  5350 I net.osmand:native: Ocean: no completed & incompleted coastlines 0
07-03 17:50:01.485  5305  5350 I net.osmand:native: Detailed coastlines = 0, basemap coastlines 0, ocean tile 0.000000. Detailed added 0, basemap processed 1, basemap added 0.
07-03 17:50:01.486  5305  5350 I net.osmand:native: Search : tree - read( 580), accept( 45), objs - visit( 2757), accept(88), in result(57) 
07-03 17:50:01.486  5305  5350 I net.osmand: MapRenderRepositories BLat=-7.255286383628845, TLat=-7.24727852344513, LLong=-35.950439453125, RLong=-35.94553756713867, zoom=17
07-03 17:50:01.486  5305  5350 I net.osmand: MapRenderRepositories Native search: 62 ms 
07-03 17:50:01.493  5305  5350 I net.osmand:native: Creating SkBitmap in native w:1800 h:2690 s:7200 f:1!
07-03 17:50:01.493  5305  5350 I net.osmand:native: Row bytes for RGBA_8888 is 7200
07-03 17:50:01.493  5305  5350 I net.osmand:native: Locked 19368000 bytes at 0x7f180000
07-03 17:50:01.493  5305  5350 I net.osmand:native: Initializing rendering
07-03 17:50:01.495  5305  5350 I net.osmand:native: Rendering image
07-03 17:50:01.532  5305  5305 I net.osmand: RoutingHelper Recalculate route, because correlation  : 179460.48495333755
07-03 17:50:01.532  5305  5305 I net.osmand: RoutingHelper Recalculate route, because wrong movement direction: 179460.48
07-03 17:50:01.613  5305  5305 I net.osmand: RoutingHelper Recalculate route, because correlation  : 179460.48495333755
07-03 17:50:01.636  5305  5350 I net.osmand:native: Native ok (rendering 141, text 7 ms) 
07-03 17:50:01.636  5305  5350 I net.osmand:native:  (1726 points, 181 points inside, 41 of 58 objects visible)
07-03 17:50:01.636  5305  5350 I net.osmand:native: End Rendering image
07-03 17:50:01.637  5305  5350 I net.osmand:native: Native ok (init 1, rendering 141) 
07-03 17:50:01.637  5305  5350 I net.osmand: MapRenderRepositories true
07-03 17:50:01.882  5305  5315 I zygote  : Background concurrent copying GC freed 349135(7MB) AllocSpace objects, 0(0B) LOS objects, 11% free, 47MB/53MB, paused 2.278ms total 1.140s
07-03 17:50:02.294  5305  5305 I net.osmand: RoutingHelper Recalculate route, because correlation  : 179153.9453077922
07-03 17:50:02.302  5305  5351 I net.osmand: MapRenderRepositories RENDER MAP: update due to tile box
07-03 17:50:02.302  5305  5351 I net.osmand: MapRenderRepositories RENDER MAP: Interrupt rendering map
07-03 17:50:02.375  5305  5305 I net.osmand: RoutingHelper Recalculate route, because correlation  : 179153.9453077922
07-03 17:50:02.375  5305  5305 I net.osmand: RoutingHelper Recalculate route, because wrong movement direction: 179153.94
07-03 17:50:02.402  5305  5350 I net.osmand: MapRenderRepositories RENDER MAP: new request RotatedTileBox [lat=-7.253456666666667, lon=-35.950725000000006, rotate=0.0, density=2.625, zoom=17, mapDensity=3.9375, zoomAnimation=0.0, zoomFloatPart=0.0, cx=900, cy=1972, pixWidth=1800, pixHeight=2690]
07-03 17:50:02.525  5305  5350 I net.osmand:native: Route objects 14
07-03 17:50:02.526  5305  5350 I net.osmand:native: Ocean: no completed & incompleted coastlines 0
07-03 17:50:02.526  5305  5350 I net.osmand:native: Detailed coastlines = 0, basemap coastlines 0, ocean tile 0.000000. Detailed added 0, basemap processed 1, basemap added 0.
07-03 17:50:02.526  5305  5350 I net.osmand:native: Search : tree - read( 580), accept( 46), objs - visit( 2797), accept(45), in result(14) 
07-03 17:50:02.527  5305  5350 I net.osmand: MapRenderRepositories BLat=-7.255753588676453, TLat=-7.247768807411194, LLong=-35.95317840576172, RLong=-35.948272705078125, zoom=17
07-03 17:50:02.527  5305  5350 I net.osmand: MapRenderRepositories Native search: 122 ms 
07-03 17:50:02.533  5305  5350 I net.osmand:native: Creating SkBitmap in native w:1800 h:2690 s:7200 f:1!
07-03 17:50:02.533  5305  5305 I net.osmand: TTSCommandPlayerImpl Send message to pebble atenção!  obstáculo 
07-03 17:50:02.533  5305  5350 I net.osmand:native: Row bytes for RGBA_8888 is 7200
07-03 17:50:02.533  5305  5305 D net.osmand: AbstractPrologCommandPlayer requestAudioFocus
07-03 17:50:02.533  5305  5350 I net.osmand:native: Locked 19368000 bytes at 0x7cd80000
07-03 17:50:02.533  5305  5350 I net.osmand:native: Initializing rendering
07-03 17:50:02.533  5305  5305 W AudioManager: Use of stream types is deprecated for operations other than volume control
07-03 17:50:02.534  5305  5305 W AudioManager: See the documentation of requestAudioFocus() for what to use instead with android.media.AudioAttributes to qualify your playback use case
07-03 17:50:02.535  5305  5350 I net.osmand:native: Rendering image
07-03 17:50:02.536  1604  1854 I MediaFocusControl: requestAudioFocus() from uid/pid 10104/5305 clientId=android.media.AudioManager@aecc42bnet.osmand.plus.api.AudioFocusHelperImpl@54e623a callingPack=net.osmand req=3 flags=0x0 sdk=26
07-03 17:50:02.537  5305  5305 D net.osmand: TTSCommandPlayerImpl ttsRequests=1
07-03 17:50:02.555  4639  5541 I TTS.GoogleTTSServiceImp: Synthesis request for locale por-BRA and name pt-BR-language
07-03 17:50:02.565  4639  5541 I TTS.GoogleTTSServiceImp: TTS dispatch: pt-br-x-afs-lstm-embedded
07-03 17:50:02.622  5305  5305 I net.osmand: RoutingHelper Recalculate route, because correlation  : 179153.9453077922
07-03 17:50:02.622  5305  5305 I net.osmand: RoutingHelper Recalculate route, because wrong movement direction: 179153.94
07-03 17:50:02.634  5305  5305 I net.osmand: RoutingHelper Recalculate route, because correlation  : 179153.9453077922
07-03 17:50:02.658  5305  5350 I net.osmand:native: Native ok (rendering 122, text 0 ms) 
07-03 17:50:02.658  5305  5350 I net.osmand:native:  (1578 points, 81 points inside, 23 of 40 objects visible)
07-03 17:50:02.658  5305  5350 I net.osmand:native: End Rendering image
07-03 17:50:02.659  5305  5350 I net.osmand:native: Native ok (init 1, rendering 122) 
07-03 17:50:02.659  5305  5350 I net.osmand: MapRenderRepositories true
07-03 17:50:02.664  4639  5542 D AudioTrack: Client defaulted notificationFrames to 1365 for frameCount 4096
07-03 17:50:02.667  1604  2170 V MediaRouterService: restoreBluetoothA2dp(false)
07-03 17:50:02.674  1394  3176 W audio_hw_generic: Not supplying enough data to HAL, expected position 469140002 , only wrote 469139760
07-03 17:50:03.578  5305  5305 I net.osmand: RoutingHelper Recalculate route, because correlation  : 179153.9453077922
07-03 17:50:03.578  5305  5305 I net.osmand: RoutingHelper Recalculate route, because wrong movement direction: 179153.94
07-03 17:50:03.589  5305  5305 I net.osmand: RoutingHelper Recalculate route, because correlation  : 179153.9453077922
07-03 17:50:03.745  1477  1572 D AudioFlinger: mixer(0xac983140) throttle end: throttle time(4)
07-03 17:50:03.745  5305  5305 I net.osmand: RoutingHelper Recalculate route, because correlation  : 179088.7859172133
07-03 17:50:03.745  5305  5305 I net.osmand: RoutingHelper Recalculate route, because wrong movement direction: 179088.78
07-03 17:50:03.773  1394  3176 W audio_hw_generic: Hardware backing HAL too slow, could only write 0 of 720 frames
07-03 17:50:03.788  1394  3176 W audio_hw_generic: Hardware backing HAL too slow, could only write 0 of 720 frames
07-03 17:50:03.813  5305  5305 I net.osmand: RoutingHelper Recalculate route, because correlation  : 179088.7859172133
07-03 17:50:04.386  5305  5315 I zygote  : Background concurrent copying GC freed 688174(15MB) AllocSpace objects, 0(0B) LOS objects, 11% free, 47MB/53MB, paused 13.629ms total 1.606s
07-03 17:50:04.415  5305  5305 I net.osmand: RoutingHelper Recalculate route, because correlation  : 179088.7859172133
07-03 17:50:04.415  5305  5305 I net.osmand: RoutingHelper Recalculate route, because wrong movement direction: 179088.78
07-03 17:50:04.551  5305  5305 I net.osmand: RoutingHelper Recalculate route, because correlation  : 179088.7859172133
07-03 17:50:04.872  4639  5542 D AudioTrack: stop() called with 45980 frames delivered
07-03 17:50:04.885  5305  5947 D net.osmand: AbstractPrologCommandPlayer abandonAudioFocus
07-03 17:50:04.887  1604  2170 I MediaFocusControl: abandonAudioFocus() from uid/pid 10104/5305 clientId=android.media.AudioManager@aecc42bnet.osmand.plus.api.AudioFocusHelperImpl@54e623a
07-03 17:50:04.887  5305  5947 D net.osmand: TTSCommandPlayerImpl ttsRequests=0
07-03 17:50:05.170  5305  5305 I net.osmand: RoutingHelper Recalculate route, because correlation  : 179088.7859172133
07-03 17:50:05.170  5305  5305 I net.osmand: RoutingHelper Recalculate route, because wrong movement direction: 179088.78
07-03 17:50:05.248  5305  5305 I net.osmand: RoutingHelper Recalculate route, because correlation  : 179088.7859172133
07-03 17:50:05.427  5305  5305 I net.osmand: RoutingHelper Recalculate route, because correlation  : 179088.7859172133
07-03 17:50:05.427  5305  5305 I net.osmand: RoutingHelper Recalculate route, because wrong movement direction: 179088.78
07-03 17:50:05.463  5305  5305 I net.osmand: RoutingHelper Recalculate route, because correlation  : 179088.7859172133
07-03 17:50:05.656  1604  1613 I zygote  : Background concurrent copying GC freed 50926(2MB) AllocSpace objects, 0(0B) LOS objects, 8% free, 68MB/74MB, paused 974us total 2.978s
07-03 17:50:06.110  5305  5315 I zygote  : Background concurrent copying GC freed 681814(15MB) AllocSpace objects, 0(0B) LOS objects, 11% free, 45MB/51MB, paused 1.509ms total 1.239s
07-03 17:50:06.316  1394  3176 W audio_hw_generic: Not supplying enough data to HAL, expected position 469314580 , only wrote 469313280
07-03 17:50:06.394  1394  3176 W audio_hw_generic: Not supplying enough data to HAL, expected position 469317031 , only wrote 469316880
07-03 17:50:06.413  5305  5305 I net.osmand: RoutingHelper Recalculate route, because correlation  : 179088.7859172133
07-03 17:50:06.414  5305  5305 I net.osmand: RoutingHelper Recalculate route, because wrong movement direction: 179088.78
07-03 17:50:06.598  5305  5305 I net.osmand: RoutingHelper Recalculate route, because correlation  : 179088.7859172133
07-03 17:50:06.680  5305  5305 I net.osmand: RoutingHelper Recalculate route, because correlation  : 178785.1458281693
07-03 17:50:06.681  5305  5305 I net.osmand: RoutingHelper Recalculate route, because wrong movement direction: 178785.14
07-03 17:50:06.685  5305  5305 I net.osmand: RoutingHelper Recalculate route, because correlation  : 178785.1458281693
07-03 17:50:06.859  5305  5351 I net.osmand: MapRenderRepositories RENDER MAP: update due to tile box
07-03 17:50:06.860  5305  5351 I net.osmand: MapRenderRepositories RENDER MAP: Interrupt rendering map
07-03 17:50:07.172  5305  5350 I net.osmand: MapRenderRepositories RENDER MAP: new request RotatedTileBox [lat=-7.2537683333333325, lon=-35.954076666666666, rotate=0.0, density=2.625, zoom=17, mapDensity=3.9375, zoomAnimation=0.0, zoomFloatPart=0.0, cx=900, cy=1972, pixWidth=1800, pixHeight=2690]
07-03 17:50:07.250  5305  5350 I net.osmand:native: Route objects 18
07-03 17:50:07.250  5305  5350 I net.osmand:native: Ocean: no completed & incompleted coastlines 0
07-03 17:50:07.250  5305  5350 I net.osmand:native: Detailed coastlines = 0, basemap coastlines 0, ocean tile 0.000000. Detailed added 0, basemap processed 1, basemap added 0.
07-03 17:50:07.251  5305  5350 I net.osmand:native: Search : tree - read( 580), accept( 46), objs - visit( 2797), accept(49), in result(18) 
07-03 17:50:07.260  5305  5350 I net.osmand: MapRenderRepositories BLat=-7.256073641777038, TLat=-7.248065781593323, LLong=-35.95652389526367, RLong=-35.951622009277344, zoom=17
07-03 17:50:07.262  5305  5350 I net.osmand: MapRenderRepositories Native search: 87 ms 
07-03 17:50:07.267  5305  5350 I net.osmand:native: Creating SkBitmap in native w:1800 h:2690 s:7200 f:1!
07-03 17:50:07.267  5305  5350 I net.osmand:native: Row bytes for RGBA_8888 is 7200
07-03 17:50:07.267  5305  5350 I net.osmand:native: Locked 19368000 bytes at 0x7f180000
07-03 17:50:07.267  5305  5350 I net.osmand:native: Initializing rendering
07-03 17:50:07.269  5305  5350 I net.osmand:native: Rendering image
07-03 17:50:07.306  5305  5350 I net.osmand:native: Native ok (rendering 36, text 0 ms) 
07-03 17:50:07.306  5305  5350 I net.osmand:native:  (1640 points, 34 points inside, 30 of 46 objects visible)
07-03 17:50:07.306  5305  5350 I net.osmand:native: End Rendering image
07-03 17:50:07.306  5305  5350 I net.osmand:native: Native ok (init 2, rendering 36) 
07-03 17:50:07.314  5305  5350 I net.osmand: MapRenderRepositories true
07-03 17:50:07.453  5305  5305 I net.osmand: RoutingHelper Recalculate route, because correlation  : 178785.1458281693
07-03 17:50:07.454  5305  5305 I net.osmand: RoutingHelper Recalculate route, because wrong movement direction: 178785.14
07-03 17:50:07.567  5305  5305 I net.osmand: RoutingHelper Recalculate route, because correlation  : 178785.1458281693
07-03 17:50:07.883  1394  1567 W audio_hw_generic: Not supplying enough data to HAL, expected position 469458838 , only wrote 469388160
07-03 17:50:07.999  5305  5305 I net.osmand: RoutingHelper Recalculate route, because correlation  : 178481.51542425473
07-03 17:50:07.999  5305  5305 I net.osmand: RoutingHelper Recalculate route, because wrong movement direction: 178481.52
07-03 17:50:08.007  5305  5351 I net.osmand: MapRenderRepositories RENDER MAP: update due to tile box
07-03 17:50:08.008  5305  5351 I net.osmand: MapRenderRepositories RENDER MAP: Interrupt rendering map
07-03 17:50:08.071  5305  5350 I net.osmand: MapRenderRepositories RENDER MAP: new request RotatedTileBox [lat=-7.253976666666667, lon=-35.95684666666667, rotate=0.0, density=2.625, zoom=17, mapDensity=3.9375, zoomAnimation=0.0, zoomFloatPart=0.0, cx=900, cy=1972, pixWidth=1800, pixHeight=2690]
07-03 17:50:08.126  5305  5305 D net.osmand: DayNightHelper Sunrise/sunset setting to day: true
07-03 17:50:08.155  5305  5305 I net.osmand: RoutingHelper Recalculate route, because correlation  : 178481.51542425473
07-03 17:50:08.200  5305  5350 I net.osmand:native: Route objects 26
07-03 17:50:08.200  5305  5350 I net.osmand:native: Ocean: no completed & incompleted coastlines 0
07-03 17:50:08.200  5305  5350 I net.osmand:native: Detailed coastlines = 0, basemap coastlines 0, ocean tile 0.000000. Detailed added 0, basemap processed 1, basemap added 0.
07-03 17:50:08.200  5305  5350 I net.osmand:native: Search : tree - read( 580), accept( 46), objs - visit( 2797), accept(57), in result(26) 
07-03 17:50:08.201  5305  5350 I net.osmand: MapRenderRepositories BLat=-7.256286787986755, TLat=-7.24827892780304, LLong=-35.95930480957031, RLong=-35.95439147949219, zoom=17
07-03 17:50:08.201  5305  5350 I net.osmand: MapRenderRepositories Native search: 130 ms 
07-03 17:50:08.251  5305  5350 I net.osmand:native: Creating SkBitmap in native w:1800 h:2690 s:7200 f:1!
07-03 17:50:08.253  5305  5350 I net.osmand:native: Row bytes for RGBA_8888 is 7200
07-03 17:50:08.253  5305  5350 I net.osmand:native: Locked 19368000 bytes at 0x7cd80000
07-03 17:50:08.253  5305  5350 I net.osmand:native: Initializing rendering
07-03 17:50:08.261  5305  5350 I net.osmand:native: Rendering image
07-03 17:50:08.343  5305  5350 I net.osmand:native: Native ok (rendering 82, text 0 ms) 
07-03 17:50:08.343  5305  5350 I net.osmand:native:  (1284 points, 136 points inside, 46 of 58 objects visible)
07-03 17:50:08.343  5305  5350 I net.osmand:native: End Rendering image
07-03 17:50:08.344  5305  5350 I net.osmand:native: Native ok (init 7, rendering 82) 
07-03 17:50:08.344  5305  5350 I net.osmand: MapRenderRepositories true
07-03 17:50:08.365  5305  5315 I zygote  : Background concurrent copying GC freed 594543(13MB) AllocSpace objects, 0(0B) LOS objects, 11% free, 48MB/54MB, paused 2.931ms total 1.412s
07-03 17:50:08.486  5305  5305 I net.osmand: RoutingHelper Recalculate route, because correlation  : 178481.51542425473
07-03 17:50:08.544  5305  5305 I net.osmand: RoutingHelper Recalculate route, because correlation  : 178481.51542425473
07-03 17:50:08.544  5305  5305 I net.osmand: RoutingHelper Recalculate route, because wrong movement direction: 178481.52
07-03 17:50:09.214  5305  5305 I net.osmand: RoutingHelper Recalculate route, because correlation  : 178177.85553836203
07-03 17:50:09.214  5305  5305 I net.osmand: RoutingHelper Recalculate route, because wrong movement direction: 178177.86
07-03 17:50:09.219  5305  5351 I net.osmand: MapRenderRepositories RENDER MAP: update due to tile box
07-03 17:50:09.219  5305  5351 I net.osmand: MapRenderRepositories RENDER MAP: Interrupt rendering map
07-03 17:50:09.277  5305  5305 I net.osmand: RoutingHelper Recalculate route, because correlation  : 178177.85553836203
07-03 17:50:09.450  5305  5305 I net.osmand: RoutingHelper Recalculate route, because correlation  : 178177.85553836203
07-03 17:50:09.451  5305  5305 I net.osmand: RoutingHelper Recalculate route, because wrong movement direction: 178177.86
07-03 17:50:09.466  5305  5351 I net.osmand: MapRenderRepositories RENDER MAP: update due to tile box
07-03 17:50:09.467  5305  5351 I net.osmand: MapRenderRepositories RENDER MAP: Interrupt rendering map
07-03 17:50:09.565  5305  5305 I net.osmand: RoutingHelper Recalculate route, because correlation  : 178177.85553836203
07-03 17:50:09.674  5305  5351 I net.osmand: MapRenderRepositories RENDER MAP: update due to tile box
07-03 17:50:09.675  5305  5351 I net.osmand: MapRenderRepositories RENDER MAP: Interrupt rendering map
07-03 17:50:09.851  5305  5350 I net.osmand: MapRenderRepositories RENDER MAP: new request RotatedTileBox [lat=-7.2541866666666674, lon=-35.95961666666667, rotate=0.0, density=2.625, zoom=17, mapDensity=3.9375, zoomAnimation=0.0, zoomFloatPart=0.0, cx=900, cy=1972, pixWidth=1800, pixHeight=2690]
07-03 17:50:09.964  5305  5350 I net.osmand:native: Route objects 28
07-03 17:50:09.964  5305  5350 I net.osmand:native: Ocean: no completed & incompleted coastlines 0
07-03 17:50:09.964  5305  5350 I net.osmand:native: Detailed coastlines = 0, basemap coastlines 0, ocean tile 0.000000. Detailed added 0, basemap processed 1, basemap added 0.
07-03 17:50:09.964  5305  5350 I net.osmand:native: Search : tree - read( 570), accept( 47), objs - visit( 2877), accept(59), in result(27) 
07-03 17:50:09.965  5305  5350 I net.osmand: MapRenderRepositories BLat=-7.256499457359314, TLat=-7.248491597175598, LLong=-35.96207046508789, RLong=-35.95716857910156, zoom=17
07-03 17:50:09.965  5305  5350 I net.osmand: MapRenderRepositories Native search: 113 ms 
07-03 17:50:09.969  5305  5350 I net.osmand:native: Creating SkBitmap in native w:1800 h:2690 s:7200 f:1!
07-03 17:50:09.969  5305  5350 I net.osmand:native: Row bytes for RGBA_8888 is 7200
07-03 17:50:09.969  5305  5350 I net.osmand:native: Locked 19368000 bytes at 0x7f180000
07-03 17:50:09.969  5305  5350 I net.osmand:native: Initializing rendering
07-03 17:50:09.971  5305  5350 I net.osmand:native: Rendering image
07-03 17:50:10.026  5305  5350 I net.osmand:native: Native ok (rendering 55, text 0 ms) 
07-03 17:50:10.026  5305  5350 I net.osmand:native:  (1530 points, 150 points inside, 47 of 58 objects visible)
07-03 17:50:10.026  5305  5350 I net.osmand:native: End Rendering image
07-03 17:50:10.027  5305  5350 I net.osmand:native: Native ok (init 1, rendering 55) 
