07-03 14:29:07.470  1970  5481 W MessageQueue: 	at avft.a(:com.google.android.gms@17785022@17.7.85 (040700-253824076):3)
07-03 14:29:07.470  1970  5481 W MessageQueue: 	at avgk.a(:com.google.android.gms@17785022@17.7.85 (040700-253824076):8)
07-03 14:29:07.470  1970  5481 W MessageQueue: 	at avgn.a(:com.google.android.gms@17785022@17.7.85 (040700-253824076):43)
07-03 14:29:07.470  1970  5481 W MessageQueue: 	at avgj.a(:com.google.android.gms@17785022@17.7.85 (040700-253824076):2)
07-03 14:29:07.470  1970  5481 W MessageQueue: 	at rpj.a(:com.google.android.gms@17785022@17.7.85 (040700-253824076):3)
07-03 14:29:07.470  1970  5481 W MessageQueue: 	at rpj.a(:com.google.android.gms@17785022@17.7.85 (040700-253824076):2)
07-03 14:29:07.470  1970  5481 W MessageQueue: 	at agos.a(Unknown Source:2)
07-03 14:29:07.470  1970  5481 W MessageQueue: 	at rnt.a(Unknown Source:11)
07-03 14:29:07.470  1970  5481 W MessageQueue: 	at aamg.a(:com.google.android.gms@17785022@17.7.85 (040700-253824076):1)
07-03 14:29:07.470  1970  5481 W MessageQueue: 	at cwm.onTransact(:com.google.android.gms@17785022@17.7.85 (040700-253824076):4)
07-03 14:29:07.470  1970  5481 W MessageQueue: 	at android.os.Binder.execTransact(Binder.java:697)
07-03 14:29:07.685  5305  5305 I net.osmand: RoutingHelper Recalculate route, because correlation  : 642907.4709756497
07-03 14:29:07.694  1970  1970 I GeofencerStateMachine: removeGeofences: removeRequest=RemoveGeofencingRequest[REMOVE_BY_PENDING_INTENT pendingIntent=PendingIntent[creatorPackage=com.google.android.gms], packageName=com.google.android.gms]
07-03 14:29:07.704  1970  1970 I GeofencerStateMachine: removeGeofences: removeRequest=RemoveGeofencingRequest[REMOVE_BY_PENDING_INTENT pendingIntent=PendingIntent[creatorPackage=com.google.android.gms], packageName=com.google.android.gms]
07-03 14:29:07.709  5305  5305 I net.osmand: RoutingHelper Recalculate route, because correlation  : 642907.4709756497
07-03 14:29:07.709  5305  5305 I net.osmand: RoutingHelper Recalculate route, because wrong movement direction: 642907.5
07-03 14:29:07.716  1970 10207 I PlaceInferenceEngine: [anon] Changed inference mode: 0
07-03 14:29:07.732  1970 10207 I PlaceInferenceEngine: [account#1066226748] Changed inference mode: 0
07-03 14:29:07.761  1970 10207 I Places  : Converted 1 out of 1 WiFi scans
07-03 14:29:07.762  1604  7927 I WifiService: getConnectionInfo uid=10014
07-03 14:29:07.822  5305  5305 I net.osmand: RoutingHelper Recalculate route, because correlation  : 642907.4709756497
07-03 14:29:07.862  5305  5305 I net.osmand: RoutingHelper Recalculate route, because correlation  : 642907.4709756497
07-03 14:29:07.862  5305  5305 I net.osmand: RoutingHelper Recalculate route, because wrong movement direction: 642907.5
07-03 14:29:08.020  1970 10204 I ctxmgr  : [ProducerStatusImpl] updateStateForNewContextData: inactive, contextName=7 [CONTEXT service_id=47 ]
07-03 14:29:08.208  1604  1613 I zygote  : NativeAlloc concurrent copying GC freed 66691(3MB) AllocSpace objects, 51(2MB) LOS objects, 8% free, 63MB/69MB, paused 1.382ms total 1.679s
07-03 14:29:08.407  1970 10207 I Places  : ?: PlacesBleScanner start() with priority 2
07-03 14:29:08.407  1970 10207 I PlaceInferenceEngine: [anon] Changed inference mode: 1
07-03 14:29:08.407  1970 10207 I PlaceInferenceEngine: [account#1066226748] Changed inference mode: 1
07-03 14:29:08.421  1970 10207 I Places  : Converted 1 out of 1 WiFi scans
07-03 14:29:08.424  1604  7927 I WifiService: getConnectionInfo uid=10014
07-03 14:29:08.447  1970 10207 I PlaceInferenceEngine: [account#1066226748] Changed inference mode: 1
07-03 14:29:08.447  1970 10207 I PlaceInferenceEngine: [anon] Changed inference mode: 1
07-03 14:29:08.456  1970  1970 I BeaconBle: Client requested scan, settings=BleSettings [scanMode=ZERO_POWER, callbackType=ALL_MATCHES, reportDelayMillis=0, 1 filters, 0 clients, callingClientName=Places]
07-03 14:29:08.459  1970  1970 I BeaconBle: Scan : No clients left, canceling alarm.
07-03 14:29:08.464  1970  1970 E BeaconBle: Scan couldn't start for Places
07-03 14:29:08.464  1970  1970 W Places  : BLE failure while scanning - code 5
07-03 14:29:08.675  5305  5305 I net.osmand: RoutingHelper Recalculate route, because correlation  : 642907.4709756497
07-03 14:29:08.675  5305  5305 I net.osmand: RoutingHelper Recalculate route, because wrong movement direction: 642907.5
07-03 14:29:08.718  5305  5305 I net.osmand: RoutingHelper Recalculate route, because correlation  : 642907.4709756497
07-03 14:29:08.790  1970  1980 I zygote  : Background concurrent copying GC freed 72408(3MB) AllocSpace objects, 31(2MB) LOS objects, 34% free, 11MB/17MB, paused 14.370ms total 263.507ms
07-03 14:29:08.933  1970 10207 I PlaceInferenceEngine: Too few candidate results: percentageOfMissingArea 100
07-03 14:29:09.170  5305  5305 I net.osmand: RoutingHelper Recalculate route, because correlation  : 642907.4709756497
07-03 14:29:09.180  1970 10204 E cddv    : *~*~*~ Channel {0} was not shutdown properly!!! ~*~*~*
07-03 14:29:09.180  1970 10204 E cddv    :     Make sure to call shutdown()/shutdownNow() and wait until awaitTermination() returns true.
07-03 14:29:09.180  1970 10204 E cddv    : java.lang.RuntimeException: ManagedChannel allocation site
07-03 14:29:09.180  1970 10204 E cddv    : 	at cddy.<init>(:com.google.android.gms@17785022@17.7.85 (040700-253824076):1)
07-03 14:29:09.180  1970 10204 E cddv    : 	at cddv.<init>(:com.google.android.gms@17785022@17.7.85 (040700-253824076):2)
07-03 14:29:09.180  1970 10204 E cddv    : 	at ccwm.b(:com.google.android.gms@17785022@17.7.85 (040700-253824076):14)
07-03 14:29:09.180  1970 10204 E cddv    : 	at sje.a(:com.google.android.gms@17785022@17.7.85 (040700-253824076):44)
07-03 14:29:09.180  1970 10204 E cddv    : 	at sje.a(:com.google.android.gms@17785022@17.7.85 (040700-253824076):59)
07-03 14:29:09.180  1970 10204 E cddv    : 	at bhkv.call(:com.google.android.gms@17785022@17.7.85 (040700-253824076):24)
07-03 14:29:09.180  1970 10204 E cddv    : 	at bhjd.run(:com.google.android.gms@17785022@17.7.85 (040700-253824076):1)
07-03 14:29:09.180  1970 10204 E cddv    : 	at squ.b(:com.google.android.gms@17785022@17.7.85 (040700-253824076):37)
07-03 14:29:09.180  1970 10204 E cddv    : 	at squ.run(:com.google.android.gms@17785022@17.7.85 (040700-253824076):21)
07-03 14:29:09.180  1970 10204 E cddv    : 	at java.util.concurrent.ThreadPoolExecutor.runWorker(ThreadPoolExecutor.java:1162)
07-03 14:29:09.180  1970 10204 E cddv    : 	at java.util.concurrent.ThreadPoolExecutor$Worker.run(ThreadPoolExecutor.java:636)
07-03 14:29:09.180  1970 10204 E cddv    : 	at swz.run(Unknown Source:7)
07-03 14:29:09.180  1970 10204 E cddv    : 	at java.lang.Thread.run(Thread.java:764)
07-03 14:29:09.207  9593  9019 E PlaceStateUpdater: Received no places
07-03 14:29:09.231  5305  5305 I net.osmand: RoutingHelper Recalculate route, because correlation  : 642907.4709756497
07-03 14:29:09.231  5305  5305 I net.osmand: RoutingHelper Recalculate route, because wrong movement direction: 642907.5
07-03 14:29:09.420  1970 10205 W Conscrypt: Could not set socket write timeout: java.net.SocketException: Socket closed
07-03 14:29:09.420  1970 10205 W Conscrypt: 	at com.google.android.gms.org.conscrypt.Platform.setSocketWriteTimeout(:com.google.android.gms@17785022@17.7.85 (040700-253824076):2)
07-03 14:29:09.420  1970 10205 W Conscrypt: 	at com.google.android.gms.org.conscrypt.ConscryptFileDescriptorSocket.setSoWriteTimeout(:com.google.android.gms@17785022@17.7.85 (040700-253824076):2)
07-03 14:29:09.661  5305  5305 I net.osmand: RoutingHelper Recalculate route, because correlation  : 642907.4709756497
07-03 14:29:09.661  5305  5305 I net.osmand: RoutingHelper Recalculate route, because wrong movement direction: 642907.5
07-03 14:29:09.703  5305  5305 I net.osmand: RoutingHelper Recalculate route, because correlation  : 642907.4709756497
07-03 14:29:09.864  1604  1613 I zygote  : NativeAlloc concurrent copying GC freed 10665(799KB) AllocSpace objects, 0(0B) LOS objects, 8% free, 62MB/68MB, paused 1.144ms total 817.127ms
07-03 14:29:10.331  5305  5305 I net.osmand: RoutingHelper Recalculate route, because correlation  : 642907.4709756497
07-03 14:29:10.331  5305  5305 I net.osmand: RoutingHelper Recalculate route, because wrong movement direction: 642907.5
07-03 14:29:10.345  5305  5305 I net.osmand: RoutingHelper Recalculate route, because correlation  : 642907.4709756497
07-03 14:29:10.655  5305  5305 I net.osmand: RoutingHelper Recalculate route, because correlation  : 642907.4709756497
07-03 14:29:10.655  5305  5305 I net.osmand: RoutingHelper Recalculate route, because wrong movement direction: 642907.5
07-03 14:29:10.668  5305  5305 I net.osmand: RoutingHelper Recalculate route, because correlation  : 642907.4709756497
07-03 14:29:11.657  5305  5305 I net.osmand: RoutingHelper Recalculate route, because correlation  : 642907.4709756497
07-03 14:29:11.657  5305  5305 I net.osmand: RoutingHelper Recalculate route, because wrong movement direction: 642907.5
07-03 14:29:11.670  9593  9649 I MicroDetectionWorker: #startMicroDetector [speakerMode: 0]
07-03 14:29:11.671  9593  9649 W ErrorReporter: reportError [type: 211, code: 393244, bug: 0]: errorCode: 393244, engine: 0
07-03 14:29:11.673  9593  9649 I MicroDetector: Keeping mic open: false
07-03 14:29:11.673  9593  9649 I MicroDetectionWorker: #onError(false)
07-03 14:29:11.731  5305  5305 I net.osmand: RoutingHelper Recalculate route, because correlation  : 642907.4709756497
07-03 14:29:11.732  5305  5305 I net.osmand: RoutingHelper Recalculate route, because wrong movement direction: 642907.5
07-03 14:29:11.771  5305  5305 I net.osmand: RoutingHelper Recalculate route, because correlation  : 642907.4709756497
07-03 14:29:11.804  5305  5305 I net.osmand: RoutingHelper Recalculate route, because correlation  : 642907.4709756497
07-03 14:29:12.112 10213 10213 D AndroidRuntime: >>>>>> START com.android.internal.os.RuntimeInit uid 2000 <<<<<<
07-03 14:29:12.121 10213 10213 W app_process: Could not reserve sentinel fault page
07-03 14:29:12.326 10213 10213 W app_process: Unexpected CPU variant for X86 using defaults: x86
07-03 14:29:12.332 10213 10213 I app_process: The ClassLoaderContext is a special shared library.
07-03 14:29:12.421 10213 10213 D AndroidRuntime: Calling main entry com.android.commands.monkey.Monkey
07-03 14:29:12.423 10213 10213 W Monkey  : args: [-p, com.skgames.trafficrider, -c, android.intent.category.LAUNCHER, 1]
07-03 14:29:12.425 10213 10213 W Monkey  :  arg: "-p"
07-03 14:29:12.426 10213 10213 W Monkey  :  arg: "com.skgames.trafficrider"
07-03 14:29:12.428 10213 10213 W Monkey  :  arg: "-c"
07-03 14:29:12.429 10213 10213 W Monkey  :  arg: "android.intent.category.LAUNCHER"
07-03 14:29:12.430 10213 10213 W Monkey  :  arg: "1"
07-03 14:29:12.431 10213 10213 W Monkey  : data="com.skgames.trafficrider"
07-03 14:29:12.431 10213 10213 W Monkey  : data="android.intent.category.LAUNCHER"
07-03 14:29:12.483  1604  1618 W BroadcastQueue: Skipping deliver [background] BroadcastRecord{c90e756 u-1 android.net.conn.CONNECTIVITY_CHANGE} to ReceiverList{2b2e3d7 10213 (unknown name)/2000/u-1 remote:9f2bf18}: process gone or crashing
07-03 14:29:12.536  1604  7252 I ActivityManager: START u0 {act=android.intent.action.MAIN cat=[android.intent.category.LAUNCHER] flg=0x10200000 cmp=com.skgames.trafficrider/com.prime31.UnityPlayerNativeActivity} from uid 2000
07-03 14:29:12.537  1604  7252 W Binder  : Outgoing transactions from this process must be FLAG_ONEWAY
07-03 14:29:12.537  1604  7252 W Binder  : java.lang.Throwable
07-03 14:29:12.537  1604  7252 W Binder  : 	at android.os.BinderProxy.transact(Binder.java:752)
07-03 14:29:12.537  1604  7252 W Binder  : 	at android.app.IActivityController$Stub$Proxy.activityStarting(IActivityController.java:172)
07-03 14:29:12.537  1604  7252 W Binder  : 	at com.android.server.am.ActivityStarter.startActivity(ActivityStarter.java:449)
07-03 14:29:12.537  1604  7252 W Binder  : 	at com.android.server.am.ActivityStarter.startActivityLocked(ActivityStarter.java:278)
07-03 14:29:12.537  1604  7252 W Binder  : 	at com.android.server.am.ActivityStarter.startActivityMayWait(ActivityStarter.java:817)
07-03 14:29:12.537  1604  7252 W Binder  : 	at com.android.server.am.ActivityManagerService.startActivityAsUser(ActivityManagerService.java:4532)
07-03 14:29:12.537  1604  7252 W Binder  : 	at com.android.server.am.ActivityManagerService.startActivity(ActivityManagerService.java:4519)
07-03 14:29:12.537  1604  7252 W Binder  : 	at android.app.IActivityManager$Stub.onTransact(IActivityManager.java:121)
07-03 14:29:12.537  1604  7252 W Binder  : 	at com.android.server.am.ActivityManagerService.onTransact(ActivityManagerService.java:2919)
07-03 14:29:12.537  1604  7252 W Binder  : 	at android.os.Binder.execTransact(Binder.java:697)
07-03 14:29:12.602  1403  1418 D hwcomposer: hw_composer sent 150 syncs in 72s
07-03 14:29:12.605 10213 10213 I Monkey  : Events injected: 1
07-03 14:29:12.621  1604  5450 I ActivityManager: Start proc 10223:com.skgames.trafficrider/u0a81 for activity com.skgames.trafficrider/com.prime31.UnityPlayerNativeActivity
07-03 14:29:12.623  1402  1402 D gralloc_ranchu: gralloc_alloc: Creating ashmem region of size 8298496
07-03 14:29:12.633 10223 10223 W zygote  : Unexpected CPU variant for X86 using defaults: x86
07-03 14:29:12.665  5305  5305 I net.osmand: RoutingHelper Recalculate route, because correlation  : 642907.4709756497
07-03 14:29:12.665  5305  5305 I net.osmand: RoutingHelper Recalculate route, because wrong movement direction: 642907.5
07-03 14:29:12.675  1412  1412 E EGL_emulation: tid 1412: eglCreateSyncKHR(1962): error 0x3004 (EGL_BAD_ATTRIBUTE)
07-03 14:29:12.683  1604  1651 W LocalDisplayAdapter: Unable to find color mode 0, ignoring request.
07-03 14:29:12.691  5305  5305 I net.osmand: RoutingHelper Recalculate route, because correlation  : 642907.4709756497
07-03 14:29:12.724  1604  7252 I ActivityManager: Config changes=480 {1.0 310mcc260mnc [en_US] ldltr sw411dp w683dp h387dp 420dpi nrml land finger qwerty/v/v -nav/h appBounds=Rect(0, 0 - 1794, 1080) s.31}
07-03 14:29:12.768  1604  1666 I InputReader: Reconfiguring input devices.  changes=0x00000004
07-03 14:29:12.777  1604  7252 I ActivityManager: Override config changes=480 {1.0 310mcc260mnc [en_US] ldltr sw411dp w683dp h387dp 420dpi nrml land finger qwerty/v/v -nav/h appBounds=Rect(0, 0 - 1794, 1080) s.31} for displayId=0
07-03 14:29:12.787  1604  1666 I InputReader: Device reconfigured: id=0, name='qwerty2', size 1080x1920, orientation 1, mode 1, display id 0
07-03 14:29:13.016  1604  7252 W ActivityManager: Slow operation: 305ms so far, now at attachApplicationLocked: after mServices.attachApplicationLocked
07-03 14:29:13.022  1604  1651 W LocalDisplayAdapter: Unable to find color mode 0, ignoring request.
07-03 14:29:13.063  2061  2124 D EGL_emulation: eglMakeCurrent: 0xa5806680: ver 2 0 (tinfo 0xa5803c60)
07-03 14:29:13.099  1402  1402 D gralloc_ranchu: gralloc_alloc: Creating ashmem region of size 7753728
07-03 14:29:13.120 10213 10213 I Monkey  : ## Network stats: elapsed time=178ms (0ms mobile, 0ms wifi, 178ms not connected)
07-03 14:29:13.184  5305  5305 I net.osmand: RoutingHelper Recalculate route, because correlation  : 642907.4709756497
07-03 14:29:13.209  1604  1619 W Looper  : Dispatch took 101ms on android.ui, h=Handler (com.android.server.policy.PhoneWindowManager$PolicyHandler) {35d3375} cb=android.database.ContentObserver$NotificationRunnable@29e70c7 msg=0
07-03 14:29:13.323 10213 10213 I com.android.commands.monkey: System.exit called, status: 0
07-03 14:29:13.323 10213 10213 I AndroidRuntime: VM exiting with result code 0.
07-03 14:29:13.641  5305  5305 I net.osmand: RoutingHelper Recalculate route, because correlation  : 642907.4709756497
07-03 14:29:13.641  5305  5305 I net.osmand: RoutingHelper Recalculate route, because wrong movement direction: 642907.5
07-03 14:29:13.688  5305  5305 I net.osmand: RoutingHelper Recalculate route, because correlation  : 642907.4709756497
07-03 14:29:13.688  5305  5305 I net.osmand: RoutingHelper Recalculate route, because wrong movement direction: 642907.5
07-03 14:29:13.741  9593  9593 I Choreographer: Skipped 42 frames!  The application may be doing too much work on its main thread.
07-03 14:29:13.752  1604  1666 I InputReader: Reconfiguring input devices.  changes=0x00000004
07-03 14:29:13.759  9593  9643 D EGL_emulation: eglMakeCurrent: 0xa5805ba0: ver 2 0 (tinfo 0xa58033e0)
07-03 14:29:13.797  1402  1402 D gralloc_ranchu: gralloc_alloc: Creating ashmem region of size 544768
07-03 14:29:13.849  1707  1933 D EGL_emulation: eglMakeCurrent: 0x91a91b00: ver 2 0 (tinfo 0x91b96990)
07-03 14:29:13.903  1402  1402 D gralloc_ranchu: gralloc_alloc: Creating ashmem region of size 544768
07-03 14:29:13.906  9218  9218 D MoPub   : Failed to hit tracking endpoint: https://ads.mopub.com/m/open?v=6&av=9.1.7-Google&udid=mp_tmpl_advertising_id&dnt=mp_tmpl_do_not_track&id=com.mapswithme.maps.pro&st=1&nv=5.0.0&current_consent_status=potential_whitelist&consented_vendor_list_version=0&consented_privacy_policy_version=0&gdpr_applies=0
07-03 14:29:13.910  5305  5305 I net.osmand: RoutingHelper Recalculate route, because correlation  : 642907.4709756497
07-03 14:29:14.022  1701  1701 I KeyboardViewUtil: systemKeyboardHeightRatio:1.000000; userKeyboardHeightRatio:1.000000.
07-03 14:29:14.134  1701  1701 I DeviceStatusMonitor: onReceive() : Action = android.intent.action.CONFIGURATION_CHANGED
07-03 14:29:14.134  1701  1701 I ConfigNotification: Get device mode by ui mode:1 and smallestScreenWidthDp:411
07-03 14:29:14.193  1604  6308 W LocalDisplayAdapter: Unable to find color mode 0, ignoring request.
07-03 14:29:14.134  1701  1701 I chatty  : uid=10060(com.google.android.inputmethod.latin) identical 2 lines
07-03 14:29:14.154  1701  1701 I ConfigNotification: Get device mode by ui mode:1 and smallestScreenWidthDp:411
07-03 14:29:14.228  1604  1666 I InputReader: Reconfiguring input devices.  changes=0x00000004
07-03 14:29:14.283  1707  1707 D EGL_emulation: eglCreateContext: 0xad63c9a0: maj 2 min 0 rcv 2
07-03 14:29:14.296  1707  1707 D EGL_emulation: eglMakeCurrent: 0xad63c9a0: ver 2 0 (tinfo 0x916e0300)
07-03 14:29:14.309  1402  1402 D gralloc_ranchu: gralloc_alloc: Creating ashmem region of size 9547776
07-03 14:29:14.365  1707  1707 D EGL_emulation: eglMakeCurrent: 0xad63c9a0: ver 2 0 (tinfo 0x916e0300)
07-03 14:29:14.402 10223 10223 I Prime31 : found Activity proxy class: class com.prime31.PlayGameServicesPlugin
07-03 14:29:14.409 10223 10223 I Prime31 : found Activity proxy class: class com.prime31.EtceteraPlugin
07-03 14:29:14.410 10223 10223 I Prime31 : force checked for decor view: DecorView@a0c87c5[]
07-03 14:29:14.410 10223 10223 I Prime31 : onCreate. calling through to init
07-03 14:29:14.421 10223 10223 I Prime31 : leaving CLIENT_SNAPSHOT support in requested clients
07-03 14:29:14.448  1402  1402 D gralloc_ranchu: gralloc_alloc: Creating ashmem region of size 9547776
07-03 14:29:14.472 10223 10223 D Prime31-GH: GameHelper: Debug log enabled.
07-03 14:29:14.473 10223 10223 D Prime31-GH: GameHelper: Forcing mConnectOnStart=false
07-03 14:29:14.473 10223 10223 I Prime31 : setting connectOnStart to false due to Play SDK bug where silent authentication is not always silent and displays some UI.
07-03 14:29:14.475 10223 10223 I Prime31 : init. calling through to GameHelper.setup
07-03 14:29:14.536 10223 10223 I zygote  : Rejecting re-init on previously-failed class java.lang.Class<android.support.v4.app.SupportActivity>: java.lang.NoClassDefFoundError: Failed resolution of: Landroid/arch/lifecycle/LifecycleOwner;
07-03 14:29:14.536 10223 10223 I zygote  :   at com.google.android.gms.common.api.GoogleApiClient$Builder com.prime31.GameHelper.createApiClientBuilder() (GameHelper.java:272)
07-03 14:29:14.536 10223 10223 I zygote  :   at void com.prime31.GameHelper.setup(com.prime31.GameHelper$GameHelperListener) (GameHelper.java:320)
07-03 14:29:14.536 10223 10223 I zygote  :   at void com.prime31.PlayGameServicesPlugin.initImpl() (PlayGameServicesPlugin.java:842)
07-03 14:29:14.536 10223 10223 I zygote  :   at void com.prime31.PlayGameServicesPlugin.onCreate(android.os.Bundle) (PlayGameServicesPlugin.java:576)
07-03 14:29:14.536 10223 10223 I zygote  :   at java.lang.Object java.lang.reflect.Method.invoke(java.lang.Object, java.lang.Object[]) (Method.java:-2)
07-03 14:29:14.536 10223 10223 I zygote  :   at void com.prime31.ActivityProxyObjectHelper.onCreate(android.os.Bundle) (ActivityProxyObjectHelper.java:81)
07-03 14:29:14.536 10223 10223 I zygote  :   at void com.prime31.UnityPlayerNativeActivity.onCreate(android.os.Bundle) (UnityPlayerNativeActivity.java:24)
07-03 14:29:14.536 10223 10223 I zygote  :   at void android.app.Activity.performCreate(android.os.Bundle, android.os.PersistableBundle) (Activity.java:7009)
07-03 14:29:14.536 10223 10223 I zygote  :   at void android.app.Activity.performCreate(android.os.Bundle) (Activity.java:7000)
07-03 14:29:14.536 10223 10223 I zygote  :   at void android.app.Instrumentation.callActivityOnCreate(android.app.Activity, android.os.Bundle) (Instrumentation.java:1214)
07-03 14:29:14.536 10223 10223 I zygote  :   at android.app.Activity android.app.ActivityThread.performLaunchActivity(android.app.ActivityThread$ActivityClientRecord, android.content.Intent) (ActivityThread.java:2731)
07-03 14:29:14.537 10223 10223 I zygote  :   at void android.app.ActivityThread.handleLaunchActivity(android.app.ActivityThread$ActivityClientRecord, android.content.Intent, java.lang.String) (ActivityThread.java:2856)
07-03 14:29:14.537 10223 10223 I zygote  :   at void android.app.ActivityThread.-wrap11(android.app.ActivityThread, android.app.ActivityThread$ActivityClientRecord, android.content.Intent, java.lang.String) (ActivityThread.java:-1)
07-03 14:29:14.537 10223 10223 I zygote  :   at void android.app.ActivityThread$H.handleMessage(android.os.Message) (ActivityThread.java:1589)
07-03 14:29:14.537 10223 10223 I zygote  :   at void android.os.Handler.dispatchMessage(android.os.Message) (Handler.java:106)
07-03 14:29:14.537 10223 10223 I zygote  :   at void android.os.Looper.loop() (Looper.java:164)
07-03 14:29:14.537 10223 10223 I zygote  :   at void android.app.ActivityThread.main(java.lang.String[]) (ActivityThread.java:6494)
07-03 14:29:14.537 10223 10223 I zygote  :   at java.lang.Object java.lang.reflect.Method.invoke(java.lang.Object, java.lang.Object[]) (Method.java:-2)
07-03 14:29:14.537 10223 10223 I zygote  :   at void com.android.internal.os.RuntimeInit$MethodAndArgsCaller.run() (RuntimeInit.java:438)
07-03 14:29:14.537 10223 10223 I zygote  :   at void com.android.internal.os.ZygoteInit.main(java.lang.String[]) (ZygoteInit.java:807)
07-03 14:29:14.537 10223 10223 I zygote  : Caused by: java.lang.ClassNotFoundException: Didn't find class "android.arch.lifecycle.LifecycleOwner" on path: DexPathList[[zip file "/data/app/com.skgames.trafficrider-8MkMJgIy5hnw5CqDvUue2A==/base.apk"],nativeLibraryDirectories=[/data/app/com.skgames.trafficrider-8MkMJgIy5hnw5CqDvUue2A==/lib/x86, /data/app/com.skgames.trafficrider-8MkMJgIy5hnw5CqDvUue2A==/base.apk!/lib/x86, /system/lib, /vendor/lib]]
07-03 14:29:14.537 10223 10223 I zygote  :   at java.lang.Class dalvik.system.BaseDexClassLoader.findClass(java.lang.String) (BaseDexClassLoader.java:125)
07-03 14:29:14.537 10223 10223 I zygote  :   at java.lang.Class java.lang.ClassLoader.loadClass(java.lang.String, boolean) (ClassLoader.java:379)
07-03 14:29:14.537 10223 10223 I zygote  :   at java.lang.Class java.lang.ClassLoader.loadClass(java.lang.String) (ClassLoader.java:312)
07-03 14:29:14.537 10223 10223 I zygote  :   at com.google.android.gms.common.api.GoogleApiClient$Builder com.prime31.GameHelper.createApiClientBuilder() (GameHelper.java:272)
07-03 14:29:14.537 10223 10223 I zygote  :   at void com.prime31.GameHelper.setup(com.prime31.GameHelper$GameHelperListener) (GameHelper.java:320)
07-03 14:29:14.537 10223 10223 I zygote  :   at void com.prime31.PlayGameServicesPlugin.initImpl() (PlayGameServicesPlugin.java:842)
07-03 14:29:14.537 10223 10223 I zygote  :   at void com.prime31.PlayGameServicesPlugin.onCreate(android.os.Bundle) (PlayGameServicesPlugin.java:576)
07-03 14:29:14.537 10223 10223 I zygote  :   at java.lang.Object java.lang.reflect.Method.invoke(java.lang.Object, java.lang.Object[]) (Method.java:-2)
07-03 14:29:14.537 10223 10223 I zygote  :   at void com.prime31.ActivityProxyObjectHelper.onCreate(android.os.Bundle) (ActivityProxyObjectHelper.java:81)
07-03 14:29:14.537 10223 10223 I zygote  :   at void com.prime31.UnityPlayerNativeActivity.onCreate(android.os.Bundle) (UnityPlayerNativeActivity.java:24)
07-03 14:29:14.538 10223 10223 I zygote  :   at void android.app.Activity.performCreate(android.os.Bundle, android.os.PersistableBundle) (Activity.java:7009)
07-03 14:29:14.538 10223 10223 I zygote  :   at void android.app.Activity.performCreate(android.os.Bundle) (Activity.java:7000)
07-03 14:29:14.538 10223 10223 I zygote  :   at void android.app.Instrumentation.callActivityOnCreate(android.app.Activity, android.os.Bundle) (Instrumentation.java:1214)
07-03 14:29:14.538 10223 10223 I zygote  :   at android.app.Activity android.app.ActivityThread.performLaunchActivity(android.app.ActivityThread$ActivityClientRecord, android.content.Intent) (ActivityThread.java:2731)
07-03 14:29:14.538 10223 10223 I zygote  :   at void android.app.ActivityThread.handleLaunchActivity(android.app.ActivityThread$ActivityClientRecord, android.content.Intent, java.lang.String) (ActivityThread.java:2856)
07-03 14:29:14.538 10223 10223 I zygote  :   at void android.app.ActivityThread.-wrap11(android.app.ActivityThread, android.app.ActivityThread$ActivityClientRecord, android.content.Intent, java.lang.String) (ActivityThread.java:-1)
07-03 14:29:14.538 10223 10223 I zygote  :   at void android.app.ActivityThread$H.handleMessage(android.os.Message) (ActivityThread.java:1589)
07-03 14:29:14.538 10223 10223 I zygote  :   at void android.os.Handler.dispatchMessage(android.os.Message) (Handler.java:106)
07-03 14:29:14.538 10223 10223 I zygote  :   at void android.os.Looper.loop() (Looper.java:164)
07-03 14:29:14.538 10223 10223 I zygote  :   at void android.app.ActivityThread.main(java.lang.String[]) (ActivityThread.java:6494)
07-03 14:29:14.538 10223 10223 I zygote  :   at java.lang.Object java.lang.reflect.Method.invoke(java.lang.Object, java.lang.Object[]) (Method.java:-2)
07-03 14:29:14.539 10223 10223 I zygote  :   at void com.android.internal.os.RuntimeInit$MethodAndArgsCaller.run() (RuntimeInit.java:438)
07-03 14:29:14.539 10223 10223 I zygote  :   at void com.android.internal.os.ZygoteInit.main(java.lang.String[]) (ZygoteInit.java:807)
07-03 14:29:14.539 10223 10223 I zygote  : 
07-03 14:29:14.540 10223 10223 I zygote  : Rejecting re-init on previously-failed class java.lang.Class<android.support.v4.app.BaseFragmentActivityApi14>: java.lang.NoClassDefFoundError: Failed resolution of: Landroid/support/v4/app/SupportActivity;
07-03 14:29:14.540 10223 10223 I zygote  :   at com.google.android.gms.common.api.GoogleApiClient$Builder com.prime31.GameHelper.createApiClientBuilder() (GameHelper.java:272)
07-03 14:29:14.540 10223 10223 I zygote  :   at void com.prime31.GameHelper.setup(com.prime31.GameHelper$GameHelperListener) (GameHelper.java:320)
07-03 14:29:14.540 10223 10223 I zygote  :   at void com.prime31.PlayGameServicesPlugin.initImpl() (PlayGameServicesPlugin.java:842)
07-03 14:29:14.541 10223 10223 I zygote  :   at void com.prime31.PlayGameServicesPlugin.onCreate(android.os.Bundle) (PlayGameServicesPlugin.java:576)
07-03 14:29:14.541 10223 10223 I zygote  :   at java.lang.Object java.lang.reflect.Method.invoke(java.lang.Object, java.lang.Object[]) (Method.java:-2)
07-03 14:29:14.541 10223 10223 I zygote  :   at void com.prime31.ActivityProxyObjectHelper.onCreate(android.os.Bundle) (ActivityProxyObjectHelper.java:81)
07-03 14:29:14.541 10223 10223 I zygote  :   at void com.prime31.UnityPlayerNativeActivity.onCreate(android.os.Bundle) (UnityPlayerNativeActivity.java:24)
07-03 14:29:14.541 10223 10223 I zygote  :   at void android.app.Activity.performCreate(android.os.Bundle, android.os.PersistableBundle) (Activity.java:7009)
07-03 14:29:14.541 10223 10223 I zygote  :   at void android.app.Activity.performCreate(android.os.Bundle) (Activity.java:7000)
07-03 14:29:14.541 10223 10223 I zygote  :   at void android.app.Instrumentation.callActivityOnCreate(android.app.Activity, android.os.Bundle) (Instrumentation.java:1214)
07-03 14:29:14.541 10223 10223 I zygote  :   at android.app.Activity android.app.ActivityThread.performLaunchActivity(android.app.ActivityThread$ActivityClientRecord, android.content.Intent) (ActivityThread.java:2731)
07-03 14:29:14.541 10223 10223 I zygote  :   at void android.app.ActivityThread.handleLaunchActivity(android.app.ActivityThread$ActivityClientRecord, android.content.Intent, java.lang.String) (ActivityThread.java:2856)
07-03 14:29:14.541 10223 10223 I zygote  :   at void android.app.ActivityThread.-wrap11(android.app.ActivityThread, android.app.ActivityThread$ActivityClientRecord, android.content.Intent, java.lang.String) (ActivityThread.java:-1)
07-03 14:29:14.541 10223 10223 I zygote  :   at void android.app.ActivityThread$H.handleMessage(android.os.Message) (ActivityThread.java:1589)
07-03 14:29:14.541 10223 10223 I zygote  :   at void android.os.Handler.dispatchMessage(android.os.Message) (Handler.java:106)
07-03 14:29:14.541 10223 10223 I zygote  :   at void android.os.Looper.loop() (Looper.java:164)
07-03 14:29:14.541 10223 10223 I zygote  :   at void android.app.ActivityThread.main(java.lang.String[]) (ActivityThread.java:6494)
07-03 14:29:14.545 10223 10223 I zygote  :   at java.lang.Object java.lang.reflect.Method.invoke(java.lang.Object, java.lang.Object[]) (Method.java:-2)
07-03 14:29:14.546 10223 10223 I zygote  :   at void com.android.internal.os.RuntimeInit$MethodAndArgsCaller.run() (RuntimeInit.java:438)
07-03 14:29:14.546 10223 10223 I zygote  :   at void com.android.internal.os.ZygoteInit.main(java.lang.String[]) (ZygoteInit.java:807)
07-03 14:29:14.546 10223 10223 I zygote  : Caused by: java.lang.ClassNotFoundException: android.support.v4.app.SupportActivity
07-03 14:29:14.546 10223 10223 I zygote  :   at java.lang.Class java.lang.VMClassLoader.findLoadedClass(java.lang.ClassLoader, java.lang.String) (VMClassLoader.java:-2)
07-03 14:29:14.546 10223 10223 I zygote  :   at java.lang.Class java.lang.ClassLoader.findLoadedClass(java.lang.String) (ClassLoader.java:738)
07-03 14:29:14.547 10223 10223 I zygote  :   at java.lang.Class java.lang.ClassLoader.loadClass(java.lang.String, boolean) (ClassLoader.java:363)
07-03 14:29:14.547 10223 10223 I zygote  :   at java.lang.Class java.lang.ClassLoader.loadClass(java.lang.String) (ClassLoader.java:312)
07-03 14:29:14.547 10223 10223 I zygote  :   at com.google.android.gms.common.api.GoogleApiClient$Builder com.prime31.GameHelper.createApiClientBuilder() (GameHelper.java:272)
07-03 14:29:14.547 10223 10223 I zygote  :   at void com.prime31.GameHelper.setup(com.prime31.GameHelper$GameHelperListener) (GameHelper.java:320)
07-03 14:29:14.547 10223 10223 I zygote  :   at void com.prime31.PlayGameServicesPlugin.initImpl() (PlayGameServicesPlugin.java:842)
07-03 14:29:14.547 10223 10223 I zygote  :   at void com.prime31.PlayGameServicesPlugin.onCreate(android.os.Bundle) (PlayGameServicesPlugin.java:576)
07-03 14:29:14.547 10223 10223 I zygote  :   at java.lang.Object java.lang.reflect.Method.invoke(java.lang.Object, java.lang.Object[]) (Method.java:-2)
07-03 14:29:14.547 10223 10223 I zygote  :   at void com.prime31.ActivityProxyObjectHelper.onCreate(android.os.Bundle) (ActivityProxyObjectHelper.java:81)
07-03 14:29:14.547 10223 10223 I zygote  :   at void com.prime31.UnityPlayerNativeActivity.onCreate(android.os.Bundle) (UnityPlayerNativeActivity.java:24)
07-03 14:29:14.547 10223 10223 I zygote  :   at void android.app.Activity.performCreate(android.os.Bundle, android.os.PersistableBundle) (Activity.java:7009)
07-03 14:29:14.547 10223 10223 I zygote  :   at void android.app.Activity.performCreate(android.os.Bundle) (Activity.java:7000)
07-03 14:29:14.547 10223 10223 I zygote  :   at void android.app.Instrumentation.callActivityOnCreate(android.app.Activity, android.os.Bundle) (Instrumentation.java:1214)
07-03 14:29:14.547 10223 10223 I zygote  :   at android.app.Activity android.app.ActivityThread.performLaunchActivity(android.app.ActivityThread$ActivityClientRecord, android.content.Intent) (ActivityThread.java:2731)
07-03 14:29:14.547 10223 10223 I zygote  :   at void android.app.ActivityThread.handleLaunchActivity(android.app.ActivityThread$ActivityClientRecord, android.content.Intent, java.lang.String) (ActivityThread.java:2856)
07-03 14:29:14.547 10223 10223 I zygote  :   at void android.app.ActivityThread.-wrap11(android.app.ActivityThread, android.app.ActivityThread$ActivityClientRecord, android.content.Intent, java.lang.String) (ActivityThread.java:-1)
07-03 14:29:14.547 10223 10223 I zygote  :   at void android.app.ActivityThread$H.handleMessage(android.os.Message) (ActivityThread.java:1589)
07-03 14:29:14.547 10223 10223 I zygote  :   at void android.os.Handler.dispatchMessage(android.os.Message) (Handler.java:106)
07-03 14:29:14.548 10223 10223 I zygote  :   at void android.os.Looper.loop() (Looper.java:164)
07-03 14:29:14.548 10223 10223 I zygote  :   at void android.app.ActivityThread.main(java.lang.String[]) (ActivityThread.java:6494)
07-03 14:29:14.548 10223 10223 I zygote  :   at java.lang.Object java.lang.reflect.Method.invoke(java.lang.Object, java.lang.Object[]) (Method.java:-2)
07-03 14:29:14.548 10223 10223 I zygote  :   at void com.android.internal.os.RuntimeInit$MethodAndArgsCaller.run() (RuntimeInit.java:438)
07-03 14:29:14.548 10223 10223 I zygote  :   at void com.android.internal.os.ZygoteInit.main(java.lang.String[]) (ZygoteInit.java:807)
07-03 14:29:14.548 10223 10223 I zygote  : 
07-03 14:29:14.549 10223 10223 I zygote  : Rejecting re-init on previously-failed class java.lang.Class<android.support.v4.app.BaseFragmentActivityApi16>: java.lang.NoClassDefFoundError: Failed resolution of: Landroid/support/v4/app/BaseFragmentActivityApi14;
07-03 14:29:14.549 10223 10223 I zygote  :   at com.google.android.gms.common.api.GoogleApiClient$Builder com.prime31.GameHelper.createApiClientBuilder() (GameHelper.java:272)
07-03 14:29:14.549 10223 10223 I zygote  :   at void com.prime31.GameHelper.setup(com.prime31.GameHelper$GameHelperListener) (GameHelper.java:320)
07-03 14:29:14.549 10223 10223 I zygote  :   at void com.prime31.PlayGameServicesPlugin.initImpl() (PlayGameServicesPlugin.java:842)
07-03 14:29:14.549 10223 10223 I zygote  :   at void com.prime31.PlayGameServicesPlugin.onCreate(android.os.Bundle) (PlayGameServicesPlugin.java:576)
07-03 14:29:14.549 10223 10223 I zygote  :   at java.lang.Object java.lang.reflect.Method.invoke(java.lang.Object, java.lang.Object[]) (Method.java:-2)
07-03 14:29:14.549 10223 10223 I zygote  :   at void com.prime31.ActivityProxyObjectHelper.onCreate(android.os.Bundle) (ActivityProxyObjectHelper.java:81)
07-03 14:29:14.550 10223 10223 I zygote  :   at void com.prime31.UnityPlayerNativeActivity.onCreate(android.os.Bundle) (UnityPlayerNativeActivity.java:24)
07-03 14:29:14.550 10223 10223 I zygote  :   at void android.app.Activity.performCreate(android.os.Bundle, android.os.PersistableBundle) (Activity.java:7009)
07-03 14:29:14.550 10223 10223 I zygote  :   at void android.app.Activity.performCreate(android.os.Bundle) (Activity.java:7000)
07-03 14:29:14.550 10223 10223 I zygote  :   at void android.app.Instrumentation.callActivityOnCreate(android.app.Activity, android.os.Bundle) (Instrumentation.java:1214)
07-03 14:29:14.550 10223 10223 I zygote  :   at android.app.Activity android.app.ActivityThread.performLaunchActivity(android.app.ActivityThread$ActivityClientRecord, android.content.Intent) (ActivityThread.java:2731)
07-03 14:29:14.550 10223 10223 I zygote  :   at void android.app.ActivityThread.handleLaunchActivity(android.app.ActivityThread$ActivityClientRecord, android.content.Intent, java.lang.String) (ActivityThread.java:2856)
07-03 14:29:14.550 10223 10223 I zygote  :   at void android.app.ActivityThread.-wrap11(android.app.ActivityThread, android.app.ActivityThread$ActivityClientRecord, android.content.Intent, java.lang.String) (ActivityThread.java:-1)
07-03 14:29:14.550 10223 10223 I zygote  :   at void android.app.ActivityThread$H.handleMessage(android.os.Message) (ActivityThread.java:1589)
07-03 14:29:14.550 10223 10223 I zygote  :   at void android.os.Handler.dispatchMessage(android.os.Message) (Handler.java:106)
07-03 14:29:14.550 10223 10223 I zygote  :   at void android.os.Looper.loop() (Looper.java:164)
07-03 14:29:14.550 10223 10223 I zygote  :   at void android.app.ActivityThread.main(java.lang.String[]) (ActivityThread.java:6494)
07-03 14:29:14.550 10223 10223 I zygote  :   at java.lang.Object java.lang.reflect.Method.invoke(java.lang.Object, java.lang.Object[]) (Method.java:-2)
07-03 14:29:14.550 10223 10223 I zygote  :   at void com.android.internal.os.RuntimeInit$MethodAndArgsCaller.run() (RuntimeInit.java:438)
07-03 14:29:14.550 10223 10223 I zygote  :   at void com.android.internal.os.ZygoteInit.main(java.lang.String[]) (ZygoteInit.java:807)
07-03 14:29:14.550 10223 10223 I zygote  : Caused by: java.lang.ClassNotFoundException: android.support.v4.app.BaseFragmentActivityApi14
07-03 14:29:14.550 10223 10223 I zygote  :   at java.lang.Class java.lang.VMClassLoader.findLoadedClass(java.lang.ClassLoader, java.lang.String) (VMClassLoader.java:-2)
07-03 14:29:14.550 10223 10223 I zygote  :   at java.lang.Class java.lang.ClassLoader.findLoadedClass(java.lang.String) (ClassLoader.java:738)
07-03 14:29:14.550 10223 10223 I zygote  :   at java.lang.Class java.lang.ClassLoader.loadClass(java.lang.String, boolean) (ClassLoader.java:363)
07-03 14:29:14.550 10223 10223 I zygote  :   at java.lang.Class java.lang.ClassLoader.loadClass(java.lang.String) (ClassLoader.java:312)
07-03 14:29:14.550 10223 10223 I zygote  :   at com.google.android.gms.common.api.GoogleApiClient$Builder com.prime31.GameHelper.createApiClientBuilder() (GameHelper.java:272)
07-03 14:29:14.550 10223 10223 I zygote  :   at void com.prime31.GameHelper.setup(com.prime31.GameHelper$GameHelperListener) (GameHelper.java:320)
07-03 14:29:14.551 10223 10223 I zygote  :   at void com.prime31.PlayGameServicesPlugin.initImpl() (PlayGameServicesPlugin.java:842)
07-03 14:29:14.551 10223 10223 I zygote  :   at void com.prime31.PlayGameServicesPlugin.onCreate(android.os.Bundle) (PlayGameServicesPlugin.java:576)
07-03 14:29:14.551 10223 10223 I zygote  :   at java.lang.Object java.lang.reflect.Method.invoke(java.lang.Object, java.lang.Object[]) (Method.java:-2)
07-03 14:29:14.551 10223 10223 I zygote  :   at void com.prime31.ActivityProxyObjectHelper.onCreate(android.os.Bundle) (ActivityProxyObjectHelper.java:81)
07-03 14:29:14.551 10223 10223 I zygote  :   at void com.prime31.UnityPlayerNativeActivity.onCreate(android.os.Bundle) (UnityPlayerNativeActivity.java:24)
07-03 14:29:14.551 10223 10223 I zygote  :   at void android.app.Activity.performCreate(android.os.Bundle, android.os.PersistableBundle) (Activity.java:7009)
07-03 14:29:14.551 10223 10223 I zygote  :   at void android.app.Activity.performCreate(android.os.Bundle) (Activity.java:7000)
07-03 14:29:14.551 10223 10223 I zygote  :   at void android.app.Instrumentation.callActivityOnCreate(android.app.Activity, android.os.Bundle) (Instrumentation.java:1214)
07-03 14:29:14.551 10223 10223 I zygote  :   at android.app.Activity android.app.ActivityThread.performLaunchActivity(android.app.ActivityThread$ActivityClientRecord, android.content.Intent) (ActivityThread.java:2731)
07-03 14:29:14.551 10223 10223 I zygote  :   at void android.app.ActivityThread.handleLaunchActivity(android.app.ActivityThread$ActivityClientRecord, android.content.Intent, java.lang.String) (ActivityThread.java:2856)
07-03 14:29:14.551 10223 10223 I zygote  :   at void android.app.ActivityThread.-wrap11(android.app.ActivityThread, android.app.ActivityThread$ActivityClientRecord, android.content.Intent, java.lang.String) (ActivityThread.java:-1)
07-03 14:29:14.551 10223 10223 I zygote  :   at void android.app.ActivityThread$H.handleMessage(android.os.Message) (ActivityThread.java:1589)
07-03 14:29:14.551 10223 10223 I zygote  :   at void android.os.Handler.dispatchMessage(android.os.Message) (Handler.java:106)
07-03 14:29:14.551 10223 10223 I zygote  :   at void android.os.Looper.loop() (Looper.java:164)
07-03 14:29:14.551 10223 10223 I zygote  :   at void android.app.ActivityThread.main(java.lang.String[]) (ActivityThread.java:6494)
07-03 14:29:14.551 10223 10223 I zygote  :   at java.lang.Object java.lang.reflect.Method.invoke(java.lang.Object, java.lang.Object[]) (Method.java:-2)
07-03 14:29:14.551 10223 10223 I zygote  :   at void com.android.internal.os.RuntimeInit$MethodAndArgsCaller.run() (RuntimeInit.java:438)
07-03 14:29:14.551 10223 10223 I zygote  :   at void com.android.internal.os.ZygoteInit.main(java.lang.String[]) (ZygoteInit.java:807)
07-03 14:29:14.551 10223 10223 I zygote  : 
07-03 14:29:14.553 10223 10223 I zygote  : Rejecting re-init on previously-failed class java.lang.Class<android.support.v4.app.FragmentActivity>: java.lang.NoClassDefFoundError: Failed resolution of: Landroid/support/v4/app/BaseFragmentActivityApi16;
07-03 14:29:14.553 10223 10223 I zygote  :   at com.google.android.gms.common.api.GoogleApiClient$Builder com.prime31.GameHelper.createApiClientBuilder() (GameHelper.java:272)
07-03 14:29:14.553 10223 10223 I zygote  :   at void com.prime31.GameHelper.setup(com.prime31.GameHelper$GameHelperListener) (GameHelper.java:320)
07-03 14:29:14.553 10223 10223 I zygote  :   at void com.prime31.PlayGameServicesPlugin.initImpl() (PlayGameServicesPlugin.java:842)
07-03 14:29:14.553 10223 10223 I zygote  :   at void com.prime31.PlayGameServicesPlugin.onCreate(android.os.Bundle) (PlayGameServicesPlugin.java:576)
07-03 14:29:14.553 10223 10223 I zygote  :   at java.lang.Object java.lang.reflect.Method.invoke(java.lang.Object, java.lang.Object[]) (Method.java:-2)
07-03 14:29:14.553 10223 10223 I zygote  :   at void com.prime31.ActivityProxyObjectHelper.onCreate(android.os.Bundle) (ActivityProxyObjectHelper.java:81)
07-03 14:29:14.553 10223 10223 I zygote  :   at void com.prime31.UnityPlayerNativeActivity.onCreate(android.os.Bundle) (UnityPlayerNativeActivity.java:24)
07-03 14:29:14.553 10223 10223 I zygote  :   at void android.app.Activity.performCreate(android.os.Bundle, android.os.PersistableBundle) (Activity.java:7009)
07-03 14:29:14.553 10223 10223 I zygote  :   at void android.app.Activity.performCreate(android.os.Bundle) (Activity.java:7000)
07-03 14:29:14.553 10223 10223 I zygote  :   at void android.app.Instrumentation.callActivityOnCreate(android.app.Activity, android.os.Bundle) (Instrumentation.java:1214)
07-03 14:29:14.553 10223 10223 I zygote  :   at android.app.Activity android.app.ActivityThread.performLaunchActivity(android.app.ActivityThread$ActivityClientRecord, android.content.Intent) (ActivityThread.java:2731)
07-03 14:29:14.553 10223 10223 I zygote  :   at void android.app.ActivityThread.handleLaunchActivity(android.app.ActivityThread$ActivityClientRecord, android.content.Intent, java.lang.String) (ActivityThread.java:2856)
07-03 14:29:14.553 10223 10223 I zygote  :   at void android.app.ActivityThread.-wrap11(android.app.ActivityThread, android.app.ActivityThread$ActivityClientRecord, android.content.Intent, java.lang.String) (ActivityThread.java:-1)
07-03 14:29:14.553 10223 10223 I zygote  :   at void android.app.ActivityThread$H.handleMessage(android.os.Message) (ActivityThread.java:1589)
07-03 14:29:14.553 10223 10223 I zygote  :   at void android.os.Handler.dispatchMessage(android.os.Message) (Handler.java:106)
07-03 14:29:14.553 10223 10223 I zygote  :   at void android.os.Looper.loop() (Looper.java:164)
07-03 14:29:14.553 10223 10223 I zygote  :   at void android.app.ActivityThread.main(java.lang.String[]) (ActivityThread.java:6494)
07-03 14:29:14.553 10223 10223 I zygote  :   at java.lang.Object java.lang.reflect.Method.invoke(java.lang.Object, java.lang.Object[]) (Method.java:-2)
07-03 14:29:14.553 10223 10223 I zygote  :   at void com.android.internal.os.RuntimeInit$MethodAndArgsCaller.run() (RuntimeInit.java:438)
07-03 14:29:14.553 10223 10223 I zygote  :   at void com.android.internal.os.ZygoteInit.main(java.lang.String[]) (ZygoteInit.java:807)
07-03 14:29:14.553 10223 10223 I zygote  : Caused by: java.lang.ClassNotFoundException: android.support.v4.app.BaseFragmentActivityApi16
07-03 14:29:14.554 10223 10223 I zygote  :   at java.lang.Class java.lang.VMClassLoader.findLoadedClass(java.lang.ClassLoader, java.lang.String) (VMClassLoader.java:-2)
07-03 14:29:14.554 10223 10223 I zygote  :   at java.lang.Class java.lang.ClassLoader.findLoadedClass(java.lang.String) (ClassLoader.java:738)
07-03 14:29:14.554 10223 10223 I zygote  :   at java.lang.Class java.lang.ClassLoader.loadClass(java.lang.String, boolean) (ClassLoader.java:363)
07-03 14:29:14.554 10223 10223 I zygote  :   at java.lang.Class java.lang.ClassLoader.loadClass(java.lang.String) (ClassLoader.java:312)
07-03 14:29:14.554 10223 10223 I zygote  :   at com.google.android.gms.common.api.GoogleApiClient$Builder com.prime31.GameHelper.createApiClientBuilder() (GameHelper.java:272)
07-03 14:29:14.554 10223 10223 I zygote  :   at void com.prime31.GameHelper.setup(com.prime31.GameHelper$GameHelperListener) (GameHelper.java:320)
07-03 14:29:14.554 10223 10223 I zygote  :   at void com.prime31.PlayGameServicesPlugin.initImpl() (PlayGameServicesPlugin.java:842)
07-03 14:29:14.554 10223 10223 I zygote  :   at void com.prime31.PlayGameServicesPlugin.onCreate(android.os.Bundle) (PlayGameServicesPlugin.java:576)
07-03 14:29:14.554 10223 10223 I zygote  :   at java.lang.Object java.lang.reflect.Method.invoke(java.lang.Object, java.lang.Object[]) (Method.java:-2)
07-03 14:29:14.554 10223 10223 I zygote  :   at void com.prime31.ActivityProxyObjectHelper.onCreate(android.os.Bundle) (ActivityProxyObjectHelper.java:81)
07-03 14:29:14.554 10223 10223 I zygote  :   at void com.prime31.UnityPlayerNativeActivity.onCreate(android.os.Bundle) (UnityPlayerNativeActivity.java:24)
07-03 14:29:14.554 10223 10223 I zygote  :   at void android.app.Activity.performCreate(android.os.Bundle, android.os.PersistableBundle) (Activity.java:7009)
07-03 14:29:14.554 10223 10223 I zygote  :   at void android.app.Activity.performCreate(android.os.Bundle) (Activity.java:7000)
07-03 14:29:14.554 10223 10223 I zygote  :   at void android.app.Instrumentation.callActivityOnCreate(android.app.Activity, android.os.Bundle) (Instrumentation.java:1214)
07-03 14:29:14.554 10223 10223 I zygote  :   at android.app.Activity android.app.ActivityThread.performLaunchActivity(android.app.ActivityThread$ActivityClientRecord, android.content.Intent) (ActivityThread.java:2731)
07-03 14:29:14.554 10223 10223 I zygote  :   at void android.app.ActivityThread.handleLaunchActivity(android.app.ActivityThread$ActivityClientRecord, android.content.Intent, java.lang.String) (ActivityThread.java:2856)
07-03 14:29:14.554 10223 10223 I zygote  :   at void android.app.ActivityThread.-wrap11(android.app.ActivityThread, android.app.ActivityThread$ActivityClientRecord, android.content.Intent, java.lang.String) (ActivityThread.java:-1)
07-03 14:29:14.554 10223 10223 I zygote  :   at void android.app.ActivityThread$H.handleMessage(android.os.Message) (ActivityThread.java:1589)
07-03 14:29:14.554 10223 10223 I zygote  :   at void android.os.Handler.dispatchMessage(android.os.Message) (Handler.java:106)
07-03 14:29:14.554 10223 10223 I zygote  :   at void android.os.Looper.loop() (Looper.java:164)
07-03 14:29:14.554 10223 10223 I zygote  :   at void android.app.ActivityThread.main(java.lang.String[]) (ActivityThread.java:6494)
07-03 14:29:14.555 10223 10223 I zygote  :   at java.lang.Object java.lang.reflect.Method.invoke(java.lang.Object, java.lang.Object[]) (Method.java:-2)
07-03 14:29:14.555 10223 10223 I zygote  :   at void com.android.internal.os.RuntimeInit$MethodAndArgsCaller.run() (RuntimeInit.java:438)
07-03 14:29:14.555 10223 10223 I zygote  :   at void com.android.internal.os.ZygoteInit.main(java.lang.String[]) (ZygoteInit.java:807)
07-03 14:29:14.555 10223 10223 I zygote  : 
07-03 14:29:14.556 10223 10223 I zygote  : Rejecting re-init on previously-failed class java.lang.Class<android.support.v4.app.FragmentActivity>: java.lang.NoClassDefFoundError: Failed resolution of: Landroid/support/v4/app/BaseFragmentActivityApi16;
07-03 14:29:14.556 10223 10223 I zygote  :   at com.google.android.gms.common.api.GoogleApiClient$Builder com.prime31.GameHelper.createApiClientBuilder() (GameHelper.java:272)
07-03 14:29:14.556 10223 10223 I zygote  :   at void com.prime31.GameHelper.setup(com.prime31.GameHelper$GameHelperListener) (GameHelper.java:320)
07-03 14:29:14.556 10223 10223 I zygote  :   at void com.prime31.PlayGameServicesPlugin.initImpl() (PlayGameServicesPlugin.java:842)
07-03 14:29:14.556 10223 10223 I zygote  :   at void com.prime31.PlayGameServicesPlugin.onCreate(android.os.Bundle) (PlayGameServicesPlugin.java:576)
07-03 14:29:14.556 10223 10223 I zygote  :   at java.lang.Object java.lang.reflect.Method.invoke(java.lang.Object, java.lang.Object[]) (Method.java:-2)
07-03 14:29:14.556 10223 10223 I zygote  :   at void com.prime31.ActivityProxyObjectHelper.onCreate(android.os.Bundle) (ActivityProxyObjectHelper.java:81)
