06-28 14:11:23.355  1393  3231 W audio_hw_generic: Not supplying enough data to HAL, expected position 107867529 , only wrote 107867520
06-28 14:11:23.371  1393  3231 W audio_hw_generic: Not supplying enough data to HAL, expected position 107868264 , only wrote 107868240
06-28 14:11:23.410  1603 22578 D NetworkMonitor/NetworkAgentInfo [WIFI () - 101]: PROBE_DNS connectivitycheck.gstatic.com 81ms FAIL
06-28 14:11:23.444  1475  1571 D AudioFlinger: mixer(0xaa803cc0) throttle end: throttle time(3)
06-28 14:11:23.445  1603 22578 D NetworkMonitor/NetworkAgentInfo [WIFI () - 101]: PROBE_HTTP http://connectivitycheck.gstatic.com/generate_204 Probe failed with exception java.net.UnknownHostException: Unable to resolve host "connectivitycheck.gstatic.com": No address associated with hostname
06-28 14:11:23.478  1393  3231 W audio_hw_generic: Hardware backing HAL too slow, could only write 0 of 720 frames
06-28 14:11:23.544  1401  6331 D gralloc_ranchu: gralloc_alloc: Creating ashmem region of size 9547776
06-28 14:11:23.559  1475  1571 D AudioFlinger: mixer(0xaa803cc0) throttle end: throttle time(2)
06-28 14:11:23.672  1393  3231 W audio_hw_generic: Not supplying enough data to HAL, expected position 107882723 , only wrote 107881920
06-28 14:11:23.673  1393  3231 W audio_hw_generic: Not supplying enough data to HAL, expected position 107881932 , only wrote 107881920
06-28 14:11:23.688  1393  3231 W audio_hw_generic: Not supplying enough data to HAL, expected position 107882670 , only wrote 107882640
06-28 14:11:23.688  1393  3231 W audio_hw_generic: Hardware backing HAL too slow, could only write 0 of 720 frames
06-28 14:11:23.690  1393  3231 W audio_hw_generic: Hardware backing HAL too slow, could only write 0 of 720 frames
06-28 14:11:23.702  1475  1571 D AudioFlinger: mixer(0xaa803cc0) throttle end: throttle time(12)
06-28 14:11:23.721  1393  3231 W audio_hw_generic: Hardware backing HAL too slow, could only write 0 of 720 frames
06-28 14:11:23.802 22551 22567 I zygote  : Waiting for a blocking GC ProfileSaver
06-28 14:11:23.863 22551 22551 E OverlaySController: Calling with an invalid UID, the interface will not work
06-28 14:11:23.907  1603  1674 I WifiService: getConnectionInfo uid=1000
06-28 14:11:23.941  1475  1571 D AudioFlinger: mixer(0xaa803cc0) throttle end: throttle time(2)
06-28 14:11:23.955  1603  1677 D WifiStateMachine: NETWORK_STATUS_UNWANTED_VALIDATION_FAILED
06-28 14:11:23.955  1603  1681 D ConnectivityService: handleNetworkUnvalidated NetworkAgentInfo [WIFI () - 101] cap=[ Transports: WIFI Capabilities: NOT_METERED&INTERNET&NOT_RESTRICTED&TRUSTED&NOT_VPN&FOREGROUND LinkUpBandwidth>=1048576Kbps LinkDnBandwidth>=1048576Kbps SignalStrength: -50]
06-28 14:11:23.964  1393  3231 W audio_hw_generic: Hardware backing HAL too slow, could only write 0 of 720 frames
06-28 14:11:24.041  1393  3231 I chatty  : uid=1041(audioserver) writer identical 5 lines
06-28 14:11:24.056  1393  3231 W audio_hw_generic: Hardware backing HAL too slow, could only write 0 of 720 frames
06-28 14:11:24.067 22551 22562 I zygote  : Background concurrent copying GC freed 6697(614KB) AllocSpace objects, 3(116KB) LOS objects, 50% free, 2MB/5MB, paused 16.559ms total 2.053s
06-28 14:11:24.067 22551 22567 I zygote  : WaitForGcToComplete blocked ProfileSaver on HeapTrim for 264.951ms
06-28 14:11:24.070  1603  1674 D RecurrenceRule: Resolving using anchor 2019-06-28T14:11:24.069Z[GMT]
06-28 14:11:24.071  1393  3231 W audio_hw_generic: Hardware backing HAL too slow, could only write 0 of 720 frames
06-28 14:11:24.076  1603  1674 D RecurrenceRule: Resolving using anchor 2019-06-28T14:11:24.076Z[GMT]
06-28 14:11:24.086  1393  3231 W audio_hw_generic: Hardware backing HAL too slow, could only write 0 of 720 frames
06-28 14:11:24.103  1393  3231 W audio_hw_generic: Hardware backing HAL too slow, could only write 0 of 720 frames
06-28 14:11:24.104  1603  1674 D RecurrenceRule: Cycle 17 from 2019-06-09T00:00Z[GMT] to 2019-07-09T00:00Z[GMT]
06-28 14:11:24.117  1393  3231 W audio_hw_generic: Hardware backing HAL too slow, could only write 0 of 720 frames
06-28 14:11:24.130  1603  1674 D NetworkStats: Resolving plan for NetworkTemplate: matchRule=MOBILE_ALL, subscriberId=310260..., matchSubscriberIds=[310260...]
06-28 14:11:24.151  1603  1674 D NetworkStats: Found active matching subId 1
06-28 14:11:24.133  1393  3231 W audio_hw_generic: Hardware backing HAL too slow, could only write 0 of 720 frames
06-28 14:11:24.170  1411  1411 E lowmemorykiller: Error writing /proc/22247/oom_score_adj; errno=22
06-28 14:11:24.265  1603  2119 W ActivityManager: Exception when unbinding service com.skgames.trafficrider/org.chromium.content.app.SandboxedProcessService0
06-28 14:11:24.265  1603  2119 W ActivityManager: android.os.DeadObjectException
06-28 14:11:24.265  1603  2119 W ActivityManager: 	at android.os.BinderProxy.transactNative(Native Method)
06-28 14:11:24.265  1603  2119 W ActivityManager: 	at android.os.BinderProxy.transact(Binder.java:764)
06-28 14:11:24.265  1603  2119 W ActivityManager: 	at android.app.IApplicationThread$Stub$Proxy.scheduleUnbindService(IApplicationThread.java:1508)
06-28 14:11:24.265  1603  2119 W ActivityManager: 	at com.android.server.am.ActiveServices.removeConnectionLocked(ActiveServices.java:2652)
06-28 14:11:24.265  1603  2119 W ActivityManager: 	at com.android.server.am.ActiveServices.unbindServiceLocked(ActiveServices.java:1551)
06-28 14:11:24.265  1603  2119 W ActivityManager: 	at com.android.server.am.ActivityManagerService.unbindService(ActivityManagerService.java:18429)
06-28 14:11:24.265  1603  2119 W ActivityManager: 	at android.app.IActivityManager$Stub.onTransact(IActivityManager.java:594)
06-28 14:11:24.265  1603  2119 W ActivityManager: 	at com.android.server.am.ActivityManagerService.onTransact(ActivityManagerService.java:2919)
06-28 14:11:24.265  1603  2119 W ActivityManager: 	at android.os.Binder.execTransact(Binder.java:697)
06-28 14:11:24.267  1603  1674 D NetworkStats: Resolved to plan null
06-28 14:11:24.270  1603  2119 I ActivityManager: Killing 22247:com.android.chrome:sandboxed_process0/u0a81i10 (adj 900): isolated not needed
06-28 14:11:24.183  1411  1411 I chatty  : uid=0(root) /system/bin/lmkd identical 1 line
06-28 14:11:24.267  1411  1411 E lowmemorykiller: Error writing /proc/22247/oom_score_adj; errno=22
06-28 14:11:24.273  1603  1619 W zygote  : Failed to open process cgroup uid 99010 pid 22247: No such file or directory
06-28 14:11:24.273  1603  1619 E zygote  : Error encountered killing process cgroup uid 99010 pid 22247: No such file or directory
06-28 14:11:24.278  1475  1571 D AudioFlinger: mixer(0xaa803cc0) throttle end: throttle time(5)
06-28 14:11:24.318 22107 22107 W ConnectivityManager.CallbackHandler: callback not found for CALLBACK_CAP_CHANGED message
06-28 14:11:24.351  1603  1618 W Looper  : Dispatch took 118ms on android.ui, h=Handler (com.android.server.am.ActivityManagerService$UiHandler) {5717402} cb=null msg=53
06-28 14:11:24.483  1393  3231 W audio_hw_generic: Hardware backing HAL too slow, could only write 0 of 720 frames
06-28 14:11:24.512  1393  3231 I chatty  : uid=1041(audioserver) writer identical 2 lines
06-28 14:11:24.527  1393  3231 W audio_hw_generic: Hardware backing HAL too slow, could only write 0 of 720 frames
06-28 14:11:24.530 22107 22280 D EGL_emulation: eglMakeCurrent: 0x810912e0: ver 2 0 (tinfo 0x7f123290)
06-28 14:11:24.542  1393  3231 W audio_hw_generic: Hardware backing HAL too slow, could only write 0 of 720 frames
06-28 14:11:24.575  1708  1708 W StatusBar/NavBarView: *** Invalid layout in navigation bar (sizeChanged this=1080x126 cur=1038x126)
06-28 14:11:24.575  1708  1708 I Choreographer: Skipped 259 frames!  The application may be doing too much work on its main thread.
06-28 14:11:24.706  1708  1926 D EGL_emulation: eglMakeCurrent: 0x9268e860: ver 2 0 (tinfo 0x92690770)
06-28 14:11:24.718  1401  6331 D gralloc_ranchu: gralloc_alloc: Creating ashmem region of size 544768
06-28 14:11:24.772  1708  1926 D EGL_emulation: eglMakeCurrent: 0x9268e860: ver 2 0 (tinfo 0x92690770)
06-28 14:11:24.823  1401  6331 D gralloc_ranchu: gralloc_alloc: Creating ashmem region of size 274432
06-28 14:11:24.825  1603  1620 D BatteryStatsImpl: Reading cpu stats took 160 ms
06-28 14:11:24.875  1393  3231 W audio_hw_generic: Not supplying enough data to HAL, expected position 107939623 , only wrote 107939520
06-28 14:11:24.885  1603  1620 E KernelCpuSpeedReader: Failed to read cpu-freq: /sys/devices/system/cpu/cpu0/cpufreq/stats/time_in_state (No such file or directory)
06-28 14:11:24.889  1393  3231 W audio_hw_generic: Not supplying enough data to HAL, expected position 107940157 , only wrote 107939520
06-28 14:11:24.910  1393  3231 W audio_hw_generic: Not supplying enough data to HAL, expected position 107940542 , only wrote 107940240
06-28 14:11:25.016  1603  1674 I WifiService: getConnectionInfo uid=1000
06-28 14:11:25.023  1603  1674 D RecurrenceRule: Resolving using anchor 2019-06-28T14:11:25.023Z[GMT]
06-28 14:11:25.025  1603  1674 D RecurrenceRule: Resolving using anchor 2019-06-28T14:11:25.025Z[GMT]
06-28 14:11:25.030  1603  1620 D KernelUidCpuTimeReader: Removing uids 99010-99010
06-28 14:11:25.063  1603  1674 D RecurrenceRule: Cycle 17 from 2019-06-09T00:00Z[GMT] to 2019-07-09T00:00Z[GMT]
06-28 14:11:25.064  1603  1674 D NetworkStats: Resolving plan for NetworkTemplate: matchRule=MOBILE_ALL, subscriberId=310260..., matchSubscriberIds=[310260...]
06-28 14:11:25.085  1603  1674 D NetworkStats: Found active matching subId 1
06-28 14:11:25.101  1603  1674 D NetworkStats: Resolved to plan null
06-28 14:11:25.148 19546 19546 W GCM     : ACTIVE NETWORK NOT CONNECTED
06-28 14:11:25.348 19546 19546 W GCM     : ACTIVE NETWORK NOT CONNECTED
06-28 14:11:25.422  1603  1616 E memtrack: Couldn't load memtrack module
06-28 14:11:25.422  1603  1616 W android.os.Debug: failed to get memory consumption info: -1
06-28 14:11:25.459 22381 22440 E UnityAds: com.unity3d.ads.configuration.InitializeThread$InitializeStateAdBlockerCheck$1.run() (line:175) :: Couldn't get address. Host: config.unityads.unity3d.com: Unable to resolve host "config.unityads.unity3d.com": No address associated with hostname: android_getaddrinfo failed: EAI_NODATA (No address associated with hostname)
06-28 14:11:25.788  1412  1467 E SurfaceFlinger: ro.sf.lcd_density must be defined as a build property
06-28 14:11:25.788 22551 22593 D OpenGLRenderer: HWUI GL Pipeline
06-28 14:11:25.910  1603  1616 E memtrack: Couldn't load memtrack module
06-28 14:11:25.910  1603  1616 W android.os.Debug: failed to get memory consumption info: -1
06-28 14:11:26.120  1412  1412 D SurfaceFlinger: duplicate layer name: changing com.google.android.apps.nexuslauncher/com.google.android.apps.nexuslauncher.NexusLauncherActivity to com.google.android.apps.nexuslauncher/com.google.android.apps.nexuslauncher.NexusLauncherActivity#1
06-28 14:11:26.160 22551 22593 D         : HostConnection::get() New Host Connection established 0xa3c269c0, tid 22593
06-28 14:11:26.162  1401  6331 D gralloc_ranchu: gralloc_alloc: Creating ashmem region of size 8298496
06-28 14:11:26.202 22551 22593 I zygote  : android::hardware::configstore::V1_0::ISurfaceFlingerConfigs::hasWideColorDisplay retrieved: 0
06-28 14:11:26.203 22551 22593 I OpenGLRenderer: Initialized EGL, version 1.4
06-28 14:11:26.203 22551 22593 D OpenGLRenderer: Swap behavior 1
06-28 14:11:26.203 22551 22593 W OpenGLRenderer: Failed to choose config with EGL_SWAP_BEHAVIOR_PRESERVED, retrying without...
06-28 14:11:26.203 22551 22593 D OpenGLRenderer: Swap behavior 0
06-28 14:11:26.206  1401  1437 D gralloc_ranchu: gralloc_alloc: Creating ashmem region of size 8298496
06-28 14:11:26.280 22551 22593 D EGL_emulation: eglCreateContext: 0xa6785780: maj 2 min 0 rcv 2
06-28 14:11:26.282  1401  1437 D gralloc_ranchu: gralloc_alloc: Creating ashmem region of size 8298496
06-28 14:11:26.329 22551 22593 D EGL_emulation: eglMakeCurrent: 0xa6785780: ver 2 0 (tinfo 0xa6783330)
06-28 14:11:26.344  1412  1467 E SurfaceFlinger: ro.sf.lcd_density must be defined as a build property
06-28 14:11:26.506 22551 22593 D EGL_emulation: eglMakeCurrent: 0xa6785780: ver 2 0 (tinfo 0xa6783330)
06-28 14:11:26.625  1393  3231 W audio_hw_generic: Not supplying enough data to HAL, expected position 108022584 , only wrote 108022320
06-28 14:11:26.626  1393  3231 W audio_hw_generic: Not supplying enough data to HAL, expected position 108022330 , only wrote 108022320
06-28 14:11:26.642  1393  3231 W audio_hw_generic: Not supplying enough data to HAL, expected position 108023074 , only wrote 108023040
06-28 14:11:26.980 22551 22596 I EventBusThread: Event Bus thread starting with TID 22596
06-28 14:11:27.119 22551 22551 W ThreadPoolDumper: Queue length for executor EventBus is now 11. Perhaps some tasks are too long, or the pool is too small.
06-28 14:11:27.746 22107 22160 I UnityAds: com.unity3d.services.core.configuration.InitializeThread$InitializeStateConfig.execute() (line:191) :: Unity Ads init: load configuration from https://config.unityads.unity3d.com/webview/3.0.3/release/config.json
06-28 14:11:27.749 22551 22557 I zygote  : Do partial code cache collection, code=14KB, data=31KB
06-28 14:11:27.763 22551 22557 I zygote  : After code cache collection, code=14KB, data=31KB
06-28 14:11:27.768 22551 22557 I zygote  : Increasing code cache capacity to 128KB
06-28 14:11:28.040 22551 22557 I zygote  : Do partial code cache collection, code=19KB, data=33KB
06-28 14:11:28.079 22551 22557 I zygote  : After code cache collection, code=19KB, data=33KB
06-28 14:11:28.079 22551 22557 I zygote  : Increasing code cache capacity to 256KB
06-28 14:11:28.150  1393  3231 W audio_hw_generic: Not supplying enough data to HAL, expected position 108095458 , only wrote 108095040
06-28 14:11:28.152  1393  3231 W audio_hw_generic: Not supplying enough data to HAL, expected position 108095115 , only wrote 108095040
06-28 14:11:28.168  1393  3231 W audio_hw_generic: Not supplying enough data to HAL, expected position 108095801 , only wrote 108095760
06-28 14:11:28.174  1475  1571 D AudioFlinger: mixer(0xaa803cc0) throttle end: throttle time(3)
06-28 14:11:28.538 22551 22596 I zygote  : Deoptimizing java.lang.Object com.google.common.collect.mn.a(java.lang.Object[], int, int, int) due to JIT inline cache
06-28 14:11:28.543 22551 22584 I HotwordHelper: hasHotwordEverywhere-true
06-28 14:11:28.803 22551 22576 I ModelDownloadListener: Schdedule model download
06-28 14:11:28.949  1603  1877 W ActivityManager: Background start not allowed: service Intent { cmp=com.google.android.apps.messaging/.shared.datamodel.action.execution.ActionExecutorImpl$EmptyService } to com.google.android.apps.messaging/.shared.datamodel.action.execution.ActionExecutorImpl$EmptyService from pid=19840 uid=10068 pkg=com.google.android.apps.messaging
06-28 14:11:29.057 19840 19840 W BugleDataModel: ActionExecutorImpl: Action started execution, but we can't guarantee it will complete, the app may be killed. Action: class com.google.android.apps.messaging.shared.datamodel.action.SelfParticipantsRefreshAction-SelfParticipantsRefreshAction:10451912021
06-28 14:11:29.057 19840 19840 W BugleDataModel: java.lang.IllegalStateException: Not allowed to start service Intent { cmp=com.google.android.apps.messaging/.shared.datamodel.action.execution.ActionExecutorImpl$EmptyService }: app is in background uid UidRecord{bd3fb4b u0a68 CEM  idle change:cached procs:1 seq(0,0,0)}
06-28 14:11:29.057 19840 19840 W BugleDataModel: 	at android.app.ContextImpl.startServiceCommon(ContextImpl.java:1521)
06-28 14:11:29.057 19840 19840 W BugleDataModel: 	at android.app.ContextImpl.startService(ContextImpl.java:1477)
06-28 14:11:29.057 19840 19840 W BugleDataModel: 	at android.content.ContextWrapper.startService(ContextWrapper.java:650)
06-28 14:11:29.057 19840 19840 W BugleDataModel: 	at com.google.android.apps.messaging.shared.datamodel.action.execution.ActionExecutorImpl.a(SourceFile:21)
06-28 14:11:29.057 19840 19840 W BugleDataModel: 	at com.google.android.apps.messaging.shared.datamodel.action.execution.ActionExecutorImpl.a(SourceFile:17)
06-28 14:11:29.057 19840 19840 W BugleDataModel: 	at efs.c(SourceFile:12)
06-28 14:11:29.057 19840 19840 W BugleDataModel: 	at efr.run(Unknown Source:1)
06-28 14:11:29.057 19840 19840 W BugleDataModel: 	at android.os.Handler.handleCallback(Handler.java:790)
06-28 14:11:29.057 19840 19840 W BugleDataModel: 	at android.os.Handler.dispatchMessage(Handler.java:99)
06-28 14:11:29.057 19840 19840 W BugleDataModel: 	at android.os.Looper.loop(Looper.java:164)
06-28 14:11:29.057 19840 19840 W BugleDataModel: 	at android.app.ActivityThread.main(ActivityThread.java:6494)
06-28 14:11:29.057 19840 19840 W BugleDataModel: 	at java.lang.reflect.Method.invoke(Native Method)
06-28 14:11:29.057 19840 19840 W BugleDataModel: 	at com.android.internal.os.RuntimeInit$MethodAndArgsCaller.run(RuntimeInit.java:438)
06-28 14:11:29.057 19840 19840 W BugleDataModel: 	at com.android.internal.os.ZygoteInit.main(ZygoteInit.java:807)
06-28 14:11:29.397 22381 22408 E Unity   : java.net.UnknownHostException: Unable to resolve host "config.uca.cloud.unity3d.com": No address associated with hostname
06-28 14:11:29.397 22381 22408 E Unity   :  
06-28 14:11:29.397 22381 22408 E Unity   : (Filename:  Line: 451)
06-28 14:11:29.397 22381 22408 E Unity   : 
06-28 14:11:29.428 22551 22596 W ThreadPoolDumper: Task au[SearchServiceCore [attachClient]] was queued for 2316ms before starting on executor EventBus
06-28 14:11:29.463 22551 22596 W SessionLifecycleManager: Handover failed. Creating new session controller.
06-28 14:11:29.669 22551 22562 I zygote  : Background concurrent copying GC freed 11154(1190KB) AllocSpace objects, 12(376KB) LOS objects, 50% free, 3MB/7MB, paused 24.082ms total 1.558s
06-28 14:11:29.705 19840 19929 I BugleDataModel: ParticipantRefresh: Start participant refresh. refreshMode: 1
06-28 14:11:30.345 22551 22551 I BgTaskExecutorImpl: Starting EXCLUSIVE background task UPDATE_HOTWORD_MODELS.
06-28 14:11:30.505 22551 22576 I zygote  : Deoptimizing java.lang.Object com.google.common.collect.b.next() due to JIT inline cache
06-28 14:11:30.772 22551 22596 W SessionLifecycleManager: Client : AttachedClient[99181908602991946, ClientConfig[mFlags=[40000088001] mSuggestFlags=[0] mClientId=HOTWORD_SERVICE mSessionType=search publicSearchServiceCallerUid=-1]] has no associated SessionController
06-28 14:11:30.998 22551 22591 W Glide   : Failed to find GeneratedAppGlideModule. You should include an annotationProcessor compile dependency on com.github.bumptech.glide:compiler in your application and a @GlideModule annotated AppGlideModule implementation or LibraryGlideModules will be silently ignored
06-28 14:11:31.402 22551 22618 I SharedPreferencesProto: load shared preferences: file not found
06-28 14:11:31.522 22551 22576 I zygote  : Deoptimizing com.google.common.collect.es com.google.common.collect.jm.a(java.util.Map) due to JIT inline cache
06-28 14:11:31.761 22585 22585 D AndroidRuntime: >>>>>> START com.android.internal.os.RuntimeInit uid 2000 <<<<<<
06-28 14:11:31.854 22585 22585 W app_process: Could not reserve sentinel fault page
06-28 14:11:31.971 22381 22423 E Surface : getSlotFromBufferLocked: unknown buffer: 0x0
06-28 14:11:31.972  1412  1466 E BufferQueueProducer: [SurfaceView - com.EvilChaotic.ModernWarplanes/com.unity3d.player.UnityPlayerActivity#0] dequeueBuffer: BufferQueue has been abandoned
06-28 14:11:31.972 22381 22423 E EGL_emulation: tid 22423: swapBuffers(550): error 0x300d (EGL_BAD_SURFACE)
06-28 14:11:32.022  1603  3880 D WificondControl: Scan result ready event
06-28 14:11:32.073 22551 22576 I OpaEligibilityChecker: send OpaEligibilityChange broadcast to CommonBroadcastReceiver
06-28 14:11:32.139 22381 22396 D EGL_emulation: eglMakeCurrent: 0x8f40fce0: ver 2 0 (tinfo 0x8f190ff0)
06-28 14:11:32.166 22551 22551 W ThreadPoolDumper: Queue length for executor EventBus is now 35. Perhaps some tasks are too long, or the pool is too small.
06-28 14:11:32.220 22381 22424 D AudioTrack: stop() called with 1280000 frames delivered
06-28 14:11:29.264  1603  1877 W ActivityManager: Background start not allowed: service Intent { cmp=com.google.android.apps.messaging/.shared.datamodel.action.execution.ActionExecutorImpl$EmptyService } to com.google.android.apps.messaging/.shared.datamodel.action.execution.ActionExecutorImpl$EmptyService from pid=19840 uid=10068 pkg=com.google.android.apps.messaging
06-28 14:11:32.227  1603  2119 V MediaRouterService: restoreBluetoothA2dp(false)
06-28 14:11:32.431 22551 22612 I cr_CronetLibraryLoader: Cronet version: 76.0.3800.0, arch: i686
06-28 14:11:32.753 19546 19639 I GeofencerStateMachine: removeGeofences: removeRequest=RemoveGeofencingRequest[REMOVE_BY_PENDING_INTENT pendingIntent=PendingIntent[creatorPackage=com.google.android.googlequicksearchbox], packageName=com.google.android.googlequicksearchbox]
06-28 14:11:32.840 22551 22615 E GeofenceHelper: Failed: remove geofences by PendingIntent
06-28 14:11:33.359  1603  2080 I WifiService: getWifiEnabledState uid=10032
06-28 14:11:33.438  1603 22577 D NetworkMonitor/NetworkAgentInfo [WIFI () - 101]: PROBE_DNS www.google.com 10228ms OK 172.217.28.228
06-28 14:11:33.466 22585 22585 W app_process: Unexpected CPU variant for X86 using defaults: x86
06-28 14:11:33.528 22585 22585 I app_process: The ClassLoaderContext is a special shared library.
06-28 14:11:33.583 22551 22615 I ModelDownloadController: requestHotwordModelUpdate modelType-2 modelLocale-en-US
06-28 14:11:33.687 22551 22613 W LocationOracle: No location history returned by ContextManager
06-28 14:11:33.689  1603  2080 I WifiService: getWifiEnabledState uid=10032
06-28 14:11:33.764 19569 20381 I FontsContentProvider: Received query Google Sans:500, URI content://com.google.android.gms.fonts
06-28 14:11:33.782 19569 20381 I FontsContentProvider: Query [Google Sans:500] resolved to {Google Sans, wdth 100.0, wght 500, ital 0.0, bestEffort false}
06-28 14:11:33.846 22585 22585 D AndroidRuntime: Calling main entry com.android.commands.monkey.Monkey
06-28 14:11:33.855 22585 22585 W Monkey  : args: [-p, net.osmand, -c, android.intent.category.LAUNCHER, 1]
06-28 14:11:33.856 22585 22585 W Monkey  :  arg: "-p"
06-28 14:11:33.857 22585 22585 W Monkey  :  arg: "net.osmand"
06-28 14:11:33.857 22585 22585 W Monkey  :  arg: "-c"
06-28 14:11:33.857 22585 22585 W Monkey  :  arg: "android.intent.category.LAUNCHER"
06-28 14:11:33.857 22585 22585 W Monkey  :  arg: "1"
06-28 14:11:33.857 22585 22585 W Monkey  : data="net.osmand"
06-28 14:11:33.857 22585 22585 W Monkey  : data="android.intent.category.LAUNCHER"
06-28 14:11:33.875 22551 22615 I ModelDownloadController: We already downloaded model from given location.
06-28 14:11:33.875 22551 22615 I ModelDownloadController: Model download failed
06-28 14:11:33.924 22551 22596 E BluetoothAdapter: Bluetooth binder is null
06-28 14:11:33.925 22551 22596 I MicroDetectionWorker: Initializing MicroDataManager InitializeType-1, isForced-false, isActivePhoneEnrollment-false isActiveGoogleHomeEnrollment-false
06-28 14:11:33.927 19569 20381 I FontsContentProvider: Fetch {Google Sans, wdth 100.0, wght 500, ital 0.0, bestEffort false} end status Status{statusCode=SUCCESS, resolution=null}
06-28 14:11:33.933 19569 20381 I FontsContentProvider: Pulling font file for id = 5, cache size = 5
06-28 14:11:34.147 22551 22551 W FontsContract: Remote font fetch timed out: com.google.android.gms.fonts/Google Sans:500
06-28 14:11:34.304  1603  1617 W BroadcastQueue: Skipping deliver [background] BroadcastRecord{c418019 u-1 android.net.conn.CONNECTIVITY_CHANGE} to ReceiverList{94158de 22585 (unknown name)/2000/u-1 remote:5d1bb63}: process gone or crashing
06-28 14:11:34.516  1603 22577 D NetworkMonitor/NetworkAgentInfo [WIFI () - 101]: PROBE_HTTPS https://www.google.com/generate_204 Probe failed with exception java.net.ConnectException: Failed to connect to www.google.com/172.217.28.228:443
06-28 14:11:34.586 22551 22596 W ThreadPoolDumper: Task bz[clientFocusLost] was queued for 1436ms before starting on executor EventBus
06-28 14:11:34.717 22551 22551 I Choreographer: Skipped 79 frames!  The application may be doing too much work on its main thread.
06-28 14:11:34.877  1603 11127 I WifiService: getWifiEnabledState uid=10032
06-28 14:11:34.882  1603  3880 I ActivityManager: START u0 {act=android.intent.action.MAIN cat=[android.intent.category.LAUNCHER] flg=0x10200000 cmp=net.osmand/.plus.activities.MapActivity} from uid 2000
06-28 14:11:34.898 19546 19546 W ChimeraUtils: Non Chimera context
06-28 14:11:34.898 19546 19546 W ChimeraUtils: Non Chimera context
06-28 14:11:34.908  1603  3880 W Binder  : Outgoing transactions from this process must be FLAG_ONEWAY
06-28 14:11:34.908  1603  3880 W Binder  : java.lang.Throwable
06-28 14:11:34.908  1603  3880 W Binder  : 	at android.os.BinderProxy.transact(Binder.java:752)
06-28 14:11:34.908  1603  3880 W Binder  : 	at android.app.IActivityController$Stub$Proxy.activityStarting(IActivityController.java:172)
06-28 14:11:34.908  1603  3880 W Binder  : 	at com.android.server.am.ActivityStarter.startActivity(ActivityStarter.java:449)
06-28 14:11:34.908  1603  3880 W Binder  : 	at com.android.server.am.ActivityStarter.startActivityLocked(ActivityStarter.java:278)
06-28 14:11:34.908  1603  3880 W Binder  : 	at com.android.server.am.ActivityStarter.startActivityMayWait(ActivityStarter.java:817)
06-28 14:11:34.908  1603  3880 W Binder  : 	at com.android.server.am.ActivityManagerService.startActivityAsUser(ActivityManagerService.java:4532)
06-28 14:11:34.908  1603  3880 W Binder  : 	at com.android.server.am.ActivityManagerService.startActivity(ActivityManagerService.java:4519)
06-28 14:11:34.908  1603  3880 W Binder  : 	at android.app.IActivityManager$Stub.onTransact(IActivityManager.java:121)
06-28 14:11:34.908  1603  3880 W Binder  : 	at com.android.server.am.ActivityManagerService.onTransact(ActivityManagerService.java:2919)
06-28 14:11:34.908  1603  3880 W Binder  : 	at android.os.Binder.execTransact(Binder.java:697)
06-28 14:11:35.285  1603  3880 W ResourceType: ResTable_typeSpec entry count inconsistent: given 5115, previously 5124
06-28 14:11:35.302  1603  3880 W ResourceType: ResTable_typeSpec entry count inconsistent: given 142, previously 459
06-28 14:11:35.330  1603  3880 W ResourceType: For resource 0x7f0e00c0, entry index(192) is beyond type entryCount(142)
06-28 14:11:35.331  1603  3880 W ResourceType: For resource 0x7f0e00d1, entry index(209) is beyond type entryCount(142)
06-28 14:11:35.331  1603  3880 W ResourceType: For resource 0x7f0e00cb, entry index(203) is beyond type entryCount(142)
06-28 14:11:35.331  1603  3880 W ResourceType: For resource 0x7f0e014d, entry index(333) is beyond type entryCount(142)
06-28 14:11:35.331  1603  3880 W ResourceType: For resource 0x7f0e00dd, entry index(221) is beyond type entryCount(142)
06-28 14:11:35.331  1603  3880 W ResourceType: For resource 0x7f0e00e4, entry index(228) is beyond type entryCount(142)
06-28 14:11:35.387 22551 22596 I MicroDetectionWorker: #startMicroDetector [speakerMode: 0]
06-28 14:11:35.420 22585 22585 I Monkey  : Events injected: 1
06-28 14:11:35.462 19546 19546 I GeofencerStateMachine: sendNewTransitions called.
06-28 14:11:35.507  1393  3231 W audio_hw_generic: Not supplying enough data to HAL, expected position 108448043 , only wrote 108447840
06-28 14:11:35.507  1393  3231 W audio_hw_generic: Not supplying enough data to HAL, expected position 108447873 , only wrote 108447840
06-28 14:11:35.523  1393  3231 W audio_hw_generic: Not supplying enough data to HAL, expected position 108448575 , only wrote 108448560
06-28 14:11:35.668  1708  1926 D EGL_emulation: eglMakeCurrent: 0x9268e860: ver 2 0 (tinfo 0x92690770)
06-28 14:11:35.682  1603  1618 W Looper  : Dispatch took 230ms on android.ui, h=Handler (com.android.server.am.ActivityManagerService$UiHandler) {5717402} cb=null msg=31
06-28 14:11:35.731 22457 22457 I RealRacing3: contentchange
06-28 14:11:35.751 22457 22457 I RealRacing3: setRequestedOrientation(ActivityInfo.SCREEN_ORIENTATION_SENSOR_LANDSCAPE)
06-28 14:11:35.795 22457 22457 I RealRacing3: contentchange
06-28 14:11:35.795 22457 22457 I RealRacing3: setRequestedOrientation(ActivityInfo.SCREEN_ORIENTATION_SENSOR_LANDSCAPE)
06-28 14:11:35.808  2548  2598 D EGL_emulation: eglMakeCurrent: 0xa6785780: ver 2 0 (tinfo 0xa6783370)
06-28 14:11:35.815 19546 19546 I GeofencerStateMachine: sendNewLocationAvailability: availability=LocationAvailability[isLocationAvailable: true]
06-28 14:11:35.868 22585 22585 I Monkey  : ## Network stats: elapsed time=915ms (0ms mobile, 0ms wifi, 915ms not connected)
06-28 14:11:35.869 19546 19546 W SystemServiceRegistry: No service published for: persistent_data_block
06-28 14:11:35.918 22585 22585 I com.android.commands.monkey: System.exit called, status: 0
06-28 14:11:35.921 22585 22585 I AndroidRuntime: VM exiting with result code 0.
06-28 14:11:35.921 22551 22593 D EGL_emulation: eglMakeCurrent: 0xa6785780: ver 2 0 (tinfo 0xa6783330)
06-28 14:11:35.968 19546 19546 I GeofencerStateMachine: sendNewTransitions called.
06-28 14:11:36.002 19546 19546 I GeofencerStateMachine: sendNewLocationAvailability: availability=LocationAvailability[isLocationAvailable: true]
06-28 14:11:36.103 22551 22562 I zygote  : Background concurrent copying GC freed 29753(2MB) AllocSpace objects, 5(96KB) LOS objects, 47% free, 6MB/12MB, paused 71.483ms total 2.138s
06-28 14:11:36.195 22551 22596 W ErrorReporter: reportError [type: 211, code: 393244, bug: 0]: errorCode: 393244, engine: 0
06-28 14:11:36.258 12507 12507 D InAppPurchaseHelper: Destroying helper.
06-28 14:11:36.275 19546 19546 I zygote  : Deoptimizing void com.google.android.location.internal.server.GoogleLocationChimeraService.a(android.content.Intent, boolean) due to JIT inline cache
06-28 14:11:36.372 12507 12507 D net.osmand: Enable sensor
06-28 14:11:36.394 22551 22613 I DeviceStateChecker: DeviceStateChecker cancelled
06-28 14:11:36.410 22551 22596 I MicroDetector: Keeping mic open: false
06-28 14:11:36.429 22551 22596 I MicroDetectionWorker: #onError(false)
06-28 14:11:36.475  1603  1603 W NotificationService: Removed summary didn't match old notification: old=0|net.osmand|100|null|10104, removed=0|net.osmand|100|null|10104
06-28 14:11:36.514  1708  1926 D EGL_emulation: eglMakeCurrent: 0x9268e860: ver 2 0 (tinfo 0x92690770)
06-28 14:11:36.530  1708  1926 D EGL_emulation: eglMakeCurrent: 0x9268e860: ver 2 0 (tinfo 0x92690770)
06-28 14:11:36.714  1603  2155 I GnssLocationProvider: WakeLock acquired by sendMessage(SET_REQUEST, 0, com.android.server.location.GnssLocationProvider$GpsRequest@12dcd45)
06-28 14:11:36.848  1708  1926 D EGL_emulation: eglMakeCurrent: 0x9268e860: ver 2 0 (tinfo 0x92690770)
06-28 14:11:36.860  1708  1926 D EGL_emulation: eglMakeCurrent: 0x9268e860: ver 2 0 (tinfo 0x92690770)
06-28 14:11:36.869 12507 12507 W System.err: OnCreate for MapActivity took 605 ms
06-28 14:11:37.015 19546 19556 I zygote  : Background concurrent copying GC freed 114952(4MB) AllocSpace objects, 10(696KB) LOS objects, 39% free, 9MB/15MB, paused 13.078ms total 2.480s
06-28 14:11:37.020 12507 12507 I Choreographer: Skipped 83 frames!  The application may be doing too much work on its main thread.
06-28 14:11:37.065  1401  1437 D gralloc_ranchu: gralloc_alloc: Creating ashmem region of size 8298496
06-28 14:11:37.090 12507 12507 W ResourceType: For resource 0x7f0e00cb, entry index(203) is beyond type entryCount(142)
06-28 14:11:37.090 12507 12507 W ResourceType: For resource 0x7f0e014d, entry index(333) is beyond type entryCount(142)
06-28 14:11:37.100 12507 12507 W ResourceType: For resource 0x7f0e00dd, entry index(221) is beyond type entryCount(142)
06-28 14:11:37.100 12507 12507 W ResourceType: For resource 0x7f0e00e4, entry index(228) is beyond type entryCount(142)
06-28 14:11:37.110 12507 12507 W ResourceType: For resource 0x7f0e013b, entry index(315) is beyond type entryCount(142)
06-28 14:11:37.111 12507 12507 W ResourceType: For resource 0x7f0e013b, entry index(315) is beyond type entryCount(142)
06-28 14:11:37.111 12507 12507 W ResourceType: For resource 0x7f0e010f, entry index(271) is beyond type entryCount(142)
06-28 14:11:37.112 12507 12507 W ResourceType: For resource 0x7f0e013b, entry index(315) is beyond type entryCount(142)
06-28 14:11:37.160 12507 12507 I chatty  : uid=10104(net.osmand) identical 67 lines
06-28 14:11:37.160 12507 12507 W ResourceType: For resource 0x7f0e013b, entry index(315) is beyond type entryCount(142)
06-28 14:11:37.184  1412  1426 E SurfaceFlinger: Permission Denial: can't openGlobalTransaction pid=12507, uid<=10104
06-28 14:11:37.188 12507 12507 E BpSurfaceComposerClient: Failed to transact (-1)
06-28 14:11:37.193  1412  1699 E SurfaceFlinger: Permission Denial: can't openGlobalTransaction pid=12507, uid<=10104
06-28 14:11:37.194 12507 12507 E BpSurfaceComposerClient: Failed to transact (-1)
06-28 14:11:37.313 12507 12638 D EGL_emulation: eglMakeCurrent: 0xa6785900: ver 2 0 (tinfo 0xa6783410)
06-28 14:11:37.329  1603  1616 I GnssLocationProvider: WakeLock released by handleMessage(SET_REQUEST, 0, com.android.server.location.GnssLocationProvider$GpsRequest@12dcd45)
06-28 14:11:37.332  1603  3880 I zygote  : IncrementDisableThreadFlip blocked for 47.276ms
06-28 14:11:37.334  1603  1638 I zygote  : IncrementDisableThreadFlip blocked for 45.994ms
06-28 14:11:37.334  1603  1877 I zygote  : IncrementDisableThreadFlip blocked for 22.788ms
06-28 14:11:37.349  1401  1437 D gralloc_ranchu: gralloc_alloc: Creating ashmem region of size 8298496
06-28 14:11:37.418  1401  1437 D gralloc_ranchu: gralloc_alloc: Creating ashmem region of size 3878912
06-28 14:11:37.469  1708  1926 D EGL_emulation: eglMakeCurrent: 0x9268e860: ver 2 0 (tinfo 0x92690770)
06-28 14:11:37.652 12507 12638 D EGL_emulation: eglMakeCurrent: 0xa6785900: ver 2 0 (tinfo 0xa6783410)
06-28 14:11:37.663  1401  1437 D gralloc_ranchu: gralloc_alloc: Creating ashmem region of size 8298496
06-28 14:11:37.690 12507 12638 D EGL_emulation: eglMakeCurrent: 0xa6785900: ver 2 0 (tinfo 0xa6783410)
06-28 14:11:37.717  1401  1437 D gralloc_ranchu: gralloc_alloc: Creating ashmem region of size 8298496
06-28 14:11:37.863  1401  1437 D gralloc_ranchu: gralloc_alloc: Creating ashmem region of size 3878912
06-28 14:11:37.890  1603  2155 I WifiService: acquireWifiLock uid=10014 lockMode=2
06-28 14:11:37.973  1401  1437 D gralloc_ranchu: gralloc_alloc: Creating ashmem region of size 3878912
06-28 14:11:38.086  1412  1412 W SurfaceFlinger: couldn't log to binary event log: overflow.
06-28 14:11:38.087  1412  1412 W SurfaceFlinger: couldn't log to binary event log: overflow.
06-28 14:11:38.280 19546 19546 I GeofencerStateMachine: sendNewLocationAvailability: availability=LocationAvailability[isLocationAvailable: true]
06-28 14:11:38.286 19546 19546 I chatty  : uid=10014 com.google.android.gms.persistent identical 1 line
06-28 14:11:38.507 19546 19546 I GeofencerStateMachine: sendNewLocationAvailability: availability=LocationAvailability[isLocationAvailable: true]
06-28 14:11:38.612 19546 19546 I GeofencerStateMachine: removeGeofences: removeRequest=RemoveGeofencingRequest[REMOVE_BY_PENDING_INTENT pendingIntent=PendingIntent[creatorPackage=com.google.android.gms], packageName=com.google.android.gms]
06-28 14:11:38.669 19546 19546 I chatty  : uid=10014 com.google.android.gms.persistent identical 1 line
06-28 14:11:38.868 19546 19546 I GeofencerStateMachine: removeGeofences: removeRequest=RemoveGeofencingRequest[REMOVE_BY_PENDING_INTENT pendingIntent=PendingIntent[creatorPackage=com.google.android.gms], packageName=com.google.android.gms]
06-28 14:11:38.926 22551 22576 E BluetoothAdapter: Bluetooth binder is null
06-28 14:11:38.929 22551 22603 I PBSessionCacheImpl: Deleted sessionId[6887564984472] from persistence.
06-28 14:11:38.975  1603  1877 I WifiService: releaseWifiLock uid=10014
06-28 14:11:39.060  1603  1877 I WifiService: getWifiEnabledState uid=10032
06-28 14:11:39.141 19546 19546 I GeofencerStateMachine: sendNewLocationAvailability: availability=LocationAvailability[isLocationAvailable: true]
06-28 14:11:39.262 22551 22596 W SearchServiceCore: Abort, client detached.
06-28 14:11:39.319 22551 22551 D l       : setAvailableAccounts() 0 -> 1.
06-28 14:11:39.319 22551 22551 D l       : modelLoaded
06-28 14:11:39.321 22551 22551 D l       : chooseAccount()
06-28 14:11:40.356  1393  3231 W audio_hw_generic: Not supplying enough data to HAL, expected position 108680557 , only wrote 108680400
06-28 14:11:40.389  1475  1571 D AudioFlinger: mixer(0xaa803cc0) throttle end: throttle time(1)
06-28 14:11:40.395 19546 22538 W ctxmgr  : [WorkManager] Long workInfo: pkg=com.google.android.gms, lbl=ControllerOperation_finalizeTask, start=2019-06-28 10:11:38.819-0400, stop=2019-06-28 10:11:40.394-0400, durtn=1575ms [CONTEXT service_id=47 ]
06-28 14:11:40.479  1603  1612 I zygote  : Background concurrent copying GC freed 43049(2MB) AllocSpace objects, 7(284KB) LOS objects, 25% free, 17MB/23MB, paused 16.814ms total 3.286s
06-28 14:11:40.518 22457 22494 E Fabric  : Unknown error while loading Crashlytics settings. Crashes will be cached until settings can be retrieved.
06-28 14:11:40.537 12507 12519 I zygote  : Background concurrent copying GC freed 266498(9MB) AllocSpace objects, 5(164KB) LOS objects, 20% free, 23MB/29MB, paused 19.830ms total 1.319s
06-28 14:11:40.592 22457 22493 E Answers : Failed to retrieve settings
06-28 14:11:40.660 19546 22538 W ctxmgr  : [AclManager] No 3 for (accnt=account#1066226748#, com.google.android.gms(10014):UserVelocityProducer, vrsn=17785022, 0, 3pPkg = null ,  3pMdlId = null ,  pid = 19546). Was: 2 for 1, account#1066226748# [CONTEXT service_id=47 ]
06-28 14:11:40.708 22457 22495 W CrashlyticsCore: Received null settings, skipping initialization!
06-28 14:11:41.516  1393  3231 W audio_hw_generic: Not supplying enough data to HAL, expected position 108736076 , only wrote 108734400
06-28 14:11:41.516  1393  3231 W audio_hw_generic: Not supplying enough data to HAL, expected position 108734410 , only wrote 108734400
06-28 14:11:41.519  1475  1571 D AudioFlinger: mixer(0xaa803cc0) throttle end: throttle time(12)
06-28 14:11:41.532  1393  3231 W audio_hw_generic: Not supplying enough data to HAL, expected position 108735145 , only wrote 108735120
06-28 14:11:41.562  1393  3231 W audio_hw_generic: Not supplying enough data to HAL, expected position 108736586 , only wrote 108736560
06-28 14:11:41.659  1393  3231 W audio_hw_generic: Not supplying enough data to HAL, expected position 108741213 , only wrote 108739440
06-28 14:11:41.661  1393  3231 W audio_hw_generic: Not supplying enough data to HAL, expected position 108739544 , only wrote 108739440
06-28 14:11:41.693  1475  1571 D AudioFlinger: mixer(0xaa803cc0) throttle end: throttle time(11)
06-28 14:11:41.815  1393  3231 W audio_hw_generic: Not supplying enough data to HAL, expected position 108746806 , only wrote 108745920
06-28 14:11:41.844  1393  3231 W audio_hw_generic: Not supplying enough data to HAL, expected position 108747331 , only wrote 108745920
06-28 14:11:41.868  1393  3231 W audio_hw_generic: Not supplying enough data to HAL, expected position 108747035 , only wrote 108746640
06-28 14:11:41.916  1402  1417 D hwcomposer: hw_composer sent 30 syncs in 65s
06-28 14:11:41.978  1393  3231 W audio_hw_generic: Not supplying enough data to HAL, expected position 108751940 , only wrote 108750960
06-28 14:11:41.995  1393  3231 W audio_hw_generic: Not supplying enough data to HAL, expected position 108751764 , only wrote 108751680
06-28 14:11:42.051  1393  3231 W audio_hw_generic: Hardware backing HAL too slow, could only write 0 of 720 frames
06-28 14:11:42.068  1393  3231 W audio_hw_generic: Hardware backing HAL too slow, could only write 0 of 720 frames
06-28 14:11:42.074 19546 22656 I PlaceInferenceEngine: [anon] Changed inference mode: 0
06-28 14:11:42.081  1393  3231 W audio_hw_generic: Hardware backing HAL too slow, could only write 0 of 720 frames
06-28 14:11:42.096  1393  3231 W audio_hw_generic: Hardware backing HAL too slow, could only write 0 of 720 frames
06-28 14:11:42.190 19546 22656 I PlaceInferenceEngine: [account#1066226748] Changed inference mode: 0
06-28 14:11:42.510 19546 22538 W ctxmgr  : [WorkManager] Long workInfo: pkg=com.google.android.gms, lbl=BaseProducer_write_to_store, start=2019-06-28 10:11:41.432-0400, stop=2019-06-28 10:11:42.461-0400, durtn=1029ms [CONTEXT service_id=47 ]
06-28 14:11:42.538 19546 19546 I GeofencerStateMachine: removeGeofences: removeRequest=RemoveGeofencingRequest[REMOVE_BY_PENDING_INTENT pendingIntent=PendingIntent[creatorPackage=com.google.android.gms], packageName=com.google.android.gms]
06-28 14:11:42.551 19546 19546 I GeofencerStateMachine: removeGeofences: removeRequest=RemoveGeofencingRequest[REMOVE_BY_PENDING_INTENT pendingIntent=PendingIntent[creatorPackage=com.google.android.gms], packageName=com.google.android.gms]
06-28 14:11:42.720 19546 22656 I Places  : Converted 1 out of 1 WiFi scans
06-28 14:11:42.723  1603 12888 I WifiService: getConnectionInfo uid=10014
06-28 14:11:42.747  1393  3231 W audio_hw_generic: Not supplying enough data to HAL, expected position 108787778 , only wrote 108787680
06-28 14:11:42.763  1393  3231 W audio_hw_generic: Not supplying enough data to HAL, expected position 108788468 , only wrote 108788400
06-28 14:11:42.957  1393  3231 W audio_hw_generic: Not supplying enough data to HAL, expected position 108797681 , only wrote 108795600
06-28 14:11:42.959  1393  3231 W audio_hw_generic: Not supplying enough data to HAL, expected position 108795703 , only wrote 108795600
06-28 14:11:42.991  1393  3231 W audio_hw_generic: Not supplying enough data to HAL, expected position 108797121 , only wrote 108796320
06-28 14:11:42.992  1475  1571 D AudioFlinger: mixer(0xaa803cc0) throttle end: throttle time(12)
06-28 14:11:43.103  1393  3231 W audio_hw_generic: Not supplying enough data to HAL, expected position 108801743 , only wrote 108800640
06-28 14:11:43.124  1393  3231 W audio_hw_generic: Not supplying enough data to HAL, expected position 108801607 , only wrote 108800640
06-28 14:11:43.146  1393  3231 W audio_hw_generic: Not supplying enough data to HAL, expected position 108801698 , only wrote 108801360
06-28 14:11:43.207  1393  3231 W audio_hw_generic: Not supplying enough data to HAL, expected position 108804297 , only wrote 108804240
06-28 14:11:43.207  1393  3231 W audio_hw_generic: Not supplying enough data to HAL, expected position 108804267 , only wrote 108804240
06-28 14:11:43.227  1393  3231 W audio_hw_generic: Not supplying enough data to HAL, expected position 108805095 , only wrote 108804960
06-28 14:11:43.317  1393  3231 W audio_hw_generic: Not supplying enough data to HAL, expected position 108809362 , only wrote 108808560
06-28 14:11:43.333  1393  3231 W audio_hw_generic: Not supplying enough data to HAL, expected position 108809323 , only wrote 108809280
06-28 14:11:43.643  1393  3231 W audio_hw_generic: Not supplying enough data to HAL, expected position 108824110 , only wrote 108822960
06-28 14:11:43.644  1393  3231 W audio_hw_generic: Not supplying enough data to HAL, expected position 108823023 , only wrote 108822960
06-28 14:11:43.674  1393  3231 W audio_hw_generic: Not supplying enough data to HAL, expected position 108824459 , only wrote 108824400
06-28 14:11:44.474  1393  3231 W audio_hw_generic: Not supplying enough data to HAL, expected position 108862784 , only wrote 108862560
06-28 14:11:44.476  1393  3231 W audio_hw_generic: Not supplying enough data to HAL, expected position 108862630 , only wrote 108862560
06-28 14:11:44.493  1393  3231 W audio_hw_generic: Not supplying enough data to HAL, expected position 108863358 , only wrote 108863280
06-28 14:11:44.503  1475  1571 D AudioFlinger: mixer(0xaa803cc0) throttle end: throttle time(8)
06-28 14:11:44.748  1393  3231 W audio_hw_generic: Not supplying enough data to HAL, expected position 108875566 , only wrote 108875520
06-28 14:11:44.764  1393  3231 W audio_hw_generic: Not supplying enough data to HAL, expected position 108876285 , only wrote 108876240
06-28 14:11:44.799  1393  3231 W audio_hw_generic: Not supplying enough data to HAL, expected position 108877917 , only wrote 108876240
06-28 14:11:44.974  1393  3231 W audio_hw_generic: Not supplying enough data to HAL, expected position 108884620 , only wrote 108884160
06-28 14:11:45.095  1603  2155 I ActivityManager: Killing 22315:com.android.chrome:sandboxed_process0/u0a14i11 (adj 0): isolated not needed
06-28 14:11:45.098  1603  1619 W zygote  : Failed to open process cgroup uid 99011 pid 22315: No such file or directory
06-28 14:11:45.098  1603  1619 E zygote  : Error encountered killing process cgroup uid 99011 pid 22315: No such file or directory
06-28 14:11:45.245 19569 22344 D EGL_emulation: eglMakeCurrent: 0x8ce478e0: ver 2 0 (tinfo 0x84e7e690)
06-28 14:11:45.328  1603  1620 E KernelCpuSpeedReader: Failed to read cpu-freq: /sys/devices/system/cpu/cpu0/cpufreq/stats/time_in_state (No such file or directory)
06-28 14:11:45.348  1603  1620 D KernelUidCpuTimeReader: Removing uids 99011-99011
06-28 14:11:45.291 19569 22344 D EGL_emulation: eglMakeCurrent: 0x8ce478e0: ver 2 0 (tinfo 0x84e7e690)
06-28 14:11:45.436 19546 22538 I ctxmgr  : [ProducerStatusImpl] updateStateForNewContextData: inactive, contextName=7 [CONTEXT service_id=47 ]
06-28 14:11:45.536 19546 22657 I zygote  : Deoptimizing int bvoz.a(java.lang.Object, byte[], int, int, int, int, int, int, long, int, long, bvlc) due to JIT inline cache
06-28 14:11:45.568  1603  1616 E memtrack: Couldn't load memtrack module
06-28 14:11:45.568  1603  1616 W android.os.Debug: failed to get memory consumption info: -1
06-28 14:11:45.595 22381 22439 I UnityAds: com.unity3d.ads.configuration.InitializeThread$InitializeStateConfig.execute() (line:214) :: Unity Ads init: load configuration from https://config.unityads.unity3d.com/webview/2.1.1/release/config.json
06-28 14:11:45.773  1603  1616 E memtrack: Couldn't load memtrack module
06-28 14:11:45.773  1603  1616 W android.os.Debug: failed to get memory consumption info: -1
06-28 14:11:46.026  1393  3231 W audio_hw_generic: Not supplying enough data to HAL, expected position 108934666 , only wrote 108934560
06-28 14:11:46.129  1603  1616 E memtrack: Couldn't load memtrack module
06-28 14:11:46.130  1603  1616 W android.os.Debug: failed to get memory consumption info: -1
06-28 14:11:46.131  1393  3231 W audio_hw_generic: Not supplying enough data to HAL, expected position 108939441 , only wrote 108938880
06-28 14:11:46.132  1393  3231 W audio_hw_generic: Not supplying enough data to HAL, expected position 108939117 , only wrote 108938880
06-28 14:11:46.166  1393  3231 W audio_hw_generic: Not supplying enough data to HAL, expected position 108940462 , only wrote 108939600
06-28 14:11:46.180 19546 22656 I zygote  : Deoptimizing bvne bvne.a(bvne, byte[], int, int, bvmn) due to JIT same target
06-28 14:11:46.228  1393  3231 W audio_hw_generic: Not supplying enough data to HAL, expected position 108942574 , only wrote 108942480
06-28 14:11:46.228  1393  3231 W audio_hw_generic: Not supplying enough data to HAL, expected position 108942528 , only wrote 108942480
06-28 14:11:46.229  1475  1571 D AudioFlinger: mixer(0xaa803cc0) throttle end: throttle time(16)
06-28 14:11:46.233 22551 22557 I zygote  : Do full code cache collection, code=108KB, data=123KB
06-28 14:11:46.234 22551 22557 I zygote  : After code cache collection, code=77KB, data=48KB
06-28 14:11:46.256  1393  3231 W audio_hw_generic: Not supplying enough data to HAL, expected position 108943784 , only wrote 108943200
06-28 14:11:46.482  1393  3231 W audio_hw_generic: Not supplying enough data to HAL, expected position 108954061 , only wrote 108954000
06-28 14:11:46.493  1475  1571 D AudioFlinger: mixer(0xaa803cc0) throttle end: throttle time(2)
06-28 14:11:46.875  1393  3231 W audio_hw_generic: Not supplying enough data to HAL, expected position 108972870 , only wrote 108972720
06-28 14:11:46.884  1475  1571 D AudioFlinger: mixer(0xaa803cc0) throttle end: throttle time(12)
06-28 14:11:46.896  1393  3231 W audio_hw_generic: Not supplying enough data to HAL, expected position 108973739 , only wrote 108973440
06-28 14:11:46.915  1393  3231 W audio_hw_generic: Hardware backing HAL too slow, could only write 0 of 720 frames
06-28 14:11:47.006  1393  3231 I chatty  : uid=1041(audioserver) writer identical 6 lines
06-28 14:11:47.022  1393  3231 W audio_hw_generic: Hardware backing HAL too slow, could only write 0 of 720 frames
06-28 14:11:47.140 19546 22656 I Places  : ?: PlacesBleScanner start() with priority 2
06-28 14:11:47.151 19546 22656 I PlaceInferenceEngine: [anon] Changed inference mode: 1
06-28 14:11:47.152 19546 22656 I PlaceInferenceEngine: [account#1066226748] Changed inference mode: 1
06-28 14:11:47.207 19546 22656 I Places  : Converted 1 out of 1 WiFi scans
06-28 14:11:47.207  1603 12888 I WifiService: getConnectionInfo uid=10014
06-28 14:11:47.317 19546 22656 I PlaceInferenceEngine: [account#1066226748] Changed inference mode: 1
06-28 14:11:47.318 19546 22656 I PlaceInferenceEngine: [anon] Changed inference mode: 1
06-28 14:11:47.409 19546 19546 E BeaconBle: Missing BluetoothAdapter
06-28 14:11:47.409 19546 19546 I BeaconBle: BLE 'KK+' software access layer enabled
06-28 14:11:47.487 19546 19546 I BeaconBle: Client requested scan, settings=BleSettings [scanMode=ZERO_POWER, callbackType=ALL_MATCHES, reportDelayMillis=0, 1 filters, 0 clients, callingClientName=Places]
06-28 14:11:47.499 19546 19546 I BeaconBle: Scan : No clients left, canceling alarm.
06-28 14:11:47.503 19546 19546 E BeaconBle: Scan couldn't start for Places
06-28 14:11:47.504 19546 19546 W Places  : BLE failure while scanning - code 5
