07-04 12:57:36.124  4639 28593 I TTS.GoogleTTSServiceImp: Synthesis request for locale por-BRA and name pt-BR-language
07-04 12:57:36.125  4639 28593 I TTS.GoogleTTSServiceImp: TTS dispatch: pt-br-x-afs-lstm-embedded
07-04 12:57:36.151  4639 28594 D AudioTrack: Client defaulted notificationFrames to 1365 for frameCount 4096
07-04 12:57:36.161  1604  2691 V MediaRouterService: restoreBluetoothA2dp(false)
07-04 12:57:36.162  1394  3176 W audio_hw_generic: Not supplying enough data to HAL, expected position 746340506 , only wrote 746340480
07-04 12:57:36.176 28496 28496 I net.osmand: RoutingHelper Recalculate route, because correlation  : 186070.33175635283
07-04 12:57:36.301 28496 28509 I zygote  : Waiting for a blocking GC ProfileSaver
07-04 12:57:36.410 28496 28506 I zygote  : Background concurrent copying GC freed 705727(15MB) AllocSpace objects, 0(0B) LOS objects, 15% free, 33MB/39MB, paused 932us total 1.114s
07-04 12:57:36.410 28496 28509 I zygote  : WaitForGcToComplete blocked ProfileSaver on HeapTrim for 109.742ms
07-04 12:57:36.522 28496 28496 I net.osmand: RoutingHelper Recalculate route, because correlation  : 186070.33175635283
07-04 12:57:36.522 28496 28496 I net.osmand: RoutingHelper Recalculate route, because wrong movement direction: 186070.33
07-04 12:57:36.647 28496 28496 I net.osmand: RoutingHelper Recalculate route, because correlation  : 186070.33175635283
07-04 12:57:36.708  1477  1572 D AudioFlinger: mixer(0xac983140) throttle end: throttle time(6)
07-04 12:57:36.746 28496 28496 I net.osmand: RoutingHelper Recalculate route, because correlation  : 186070.33175635283
07-04 12:57:36.746 28496 28496 I net.osmand: RoutingHelper Recalculate route, because wrong movement direction: 186070.33
07-04 12:57:36.765 28496 28496 I net.osmand: RoutingHelper Recalculate route, because correlation  : 186070.33175635283
07-04 12:57:36.891 28496 28686 I net.osmand:native: Run GC (before 57.653229 Mb after 44.797480 Mb) unload 305 of 982 tiles
07-04 12:57:37.429 28496 28496 I net.osmand: RoutingHelper Recalculate route, because correlation  : 186070.33175635283
07-04 12:57:37.429 28496 28496 I net.osmand: RoutingHelper Recalculate route, because wrong movement direction: 186070.33
07-04 12:57:37.459 28496 28496 I net.osmand: RoutingHelper Recalculate route, because correlation  : 186070.33175635283
07-04 12:57:37.539  1604  1621 I WifiService: requestActivityInfo uid=1000
07-04 12:57:37.539  1604  1621 I WifiService: reportActivityInfo uid=1000
07-04 12:57:37.539  1604  1621 I WifiService: getSupportedFeatures uid=1000
07-04 12:57:37.652 28496 28496 I net.osmand: RoutingHelper Recalculate route, because correlation  : 186070.33175635283
07-04 12:57:37.652 28496 28496 I net.osmand: RoutingHelper Recalculate route, because wrong movement direction: 186070.33
07-04 12:57:37.764 28496 28496 I net.osmand: RoutingHelper Recalculate route, because correlation  : 186070.33175635283
07-04 12:57:38.243 28496 28496 I chatty  : uid=10104(net.osmand) identical 1 line
07-04 12:57:38.310 28496 28496 I net.osmand: RoutingHelper Recalculate route, because correlation  : 186070.33175635283
07-04 12:57:38.310 28496 28496 I net.osmand: RoutingHelper Recalculate route, because wrong movement direction: 186070.33
07-04 12:57:38.537 28496 28496 I net.osmand: RoutingHelper Recalculate route, because correlation  : 186070.33175635283
07-04 12:57:38.538 28496 28496 I net.osmand: RoutingHelper Recalculate route, because wrong movement direction: 186070.33
07-04 12:57:38.703 28496 28496 I net.osmand: RoutingHelper Recalculate route, because correlation  : 186070.33175635283
07-04 12:57:39.018 28496 28496 I chatty  : uid=10104(net.osmand) identical 1 line
07-04 12:57:39.030 28496 28496 I net.osmand: RoutingHelper Recalculate route, because correlation  : 186070.33175635283
07-04 12:57:39.030 28496 28496 I net.osmand: RoutingHelper Recalculate route, because wrong movement direction: 186070.33
07-04 12:57:39.199 28496 28506 I zygote  : Background concurrent copying GC freed 670515(14MB) AllocSpace objects, 0(0B) LOS objects, 14% free, 34MB/40MB, paused 922us total 1.667s
07-04 12:57:39.492 28496 28496 I net.osmand: RoutingHelper Recalculate route, because correlation  : 186070.33175635283
07-04 12:57:39.580 28496 28496 I net.osmand: RoutingHelper Recalculate route, because correlation  : 186070.33175635283
07-04 12:57:39.580 28496 28496 I net.osmand: RoutingHelper Recalculate route, because wrong movement direction: 186070.33
07-04 12:57:39.631 28496 28496 I net.osmand: RoutingHelper Recalculate route, because correlation  : 186070.33175635283
07-04 12:57:39.631 28496 28496 I net.osmand: RoutingHelper Recalculate route, because wrong movement direction: 186070.33
07-04 12:57:39.634 28496 28496 I net.osmand: RoutingHelper Recalculate route, because correlation  : 186070.33175635283
07-04 12:57:40.245 28496 28506 I zygote  : Background concurrent copying GC freed 735044(16MB) AllocSpace objects, 0(0B) LOS objects, 19% free, 24MB/30MB, paused 6.842ms total 407.235ms
07-04 12:57:40.367 28496 28496 I net.osmand: RoutingHelper Recalculate route, because correlation  : 186070.33175635283
07-04 12:57:40.368 28496 28496 I net.osmand: RoutingHelper Recalculate route, because wrong movement direction: 186070.33
07-04 12:57:40.442  4639 28594 D AudioTrack: stop() called with 92730 frames delivered
07-04 12:57:40.447 28496 28496 I net.osmand: RoutingHelper Recalculate route, because correlation  : 186070.33175635283
07-04 12:57:40.451  1604  2501 V MediaRouterService: restoreBluetoothA2dp(false)
07-04 12:57:40.456 28496 28507 D net.osmand: AbstractPrologCommandPlayer abandonAudioFocus
07-04 12:57:40.458  1604  2501 I MediaFocusControl: abandonAudioFocus() from uid/pid 10104/28496 clientId=android.media.AudioManager@9796e46net.osmand.plus.api.AudioFocusHelperImpl@2e9e8f9
07-04 12:57:40.459 28496 28507 D net.osmand: TTSCommandPlayerImpl ttsRequests=0
07-04 12:57:40.639 28496 28496 I net.osmand: RoutingHelper Recalculate route, because correlation  : 186070.33175635283
07-04 12:57:40.639 28496 28496 I net.osmand: RoutingHelper Recalculate route, because wrong movement direction: 186070.33
07-04 12:57:40.659 28496 28496 I net.osmand: RoutingHelper Recalculate route, because correlation  : 186070.33175635283
07-04 12:57:41.015 28496 28496 I chatty  : uid=10104(net.osmand) identical 1 line
07-04 12:57:41.045 28496 28496 I net.osmand: RoutingHelper Recalculate route, because correlation  : 186070.33175635283
07-04 12:57:41.045 28496 28496 I net.osmand: RoutingHelper Recalculate route, because wrong movement direction: 186070.33
07-04 12:57:41.508 28496 28496 I net.osmand: RoutingHelper Recalculate route, because correlation  : 186070.33175635283
07-04 12:57:41.512 28496 28496 I net.osmand: RoutingHelper Recalculate route, because correlation  : 186070.33175635283
07-04 12:57:41.512 28496 28496 I net.osmand: RoutingHelper Recalculate route, because wrong movement direction: 186070.33
07-04 12:57:41.953 28496 28496 I net.osmand: RoutingHelper Recalculate route, because correlation  : 186070.33175635283
07-04 12:57:41.953 28496 28496 I net.osmand: RoutingHelper Recalculate route, because wrong movement direction: 186070.33
07-04 12:57:41.958 28496 28496 I net.osmand: RoutingHelper Recalculate route, because correlation  : 186070.33175635283
07-04 12:57:42.292 28496 28506 I zygote  : Background concurrent copying GC freed 291597(6MB) AllocSpace objects, 0(0B) LOS objects, 15% free, 32MB/38MB, paused 18.697ms total 1.335s
07-04 12:57:42.456 28496 28496 I net.osmand: RoutingHelper Recalculate route, because correlation  : 186070.33175635283
07-04 12:57:42.457 28496 28496 I net.osmand: RoutingHelper Recalculate route, because wrong movement direction: 186070.33
07-04 12:57:42.480 28496 28496 I net.osmand: RoutingHelper Recalculate route, because correlation  : 186070.33175635283
07-04 12:57:42.602 28496 28496 I chatty  : uid=10104(net.osmand) identical 1 line
07-04 12:57:42.606 28496 28496 I net.osmand: RoutingHelper Recalculate route, because correlation  : 186070.33175635283
07-04 12:57:42.607 28496 28496 I net.osmand: RoutingHelper Recalculate route, because wrong movement direction: 186070.33
07-04 12:57:43.226 28496 28496 I net.osmand: RoutingHelper Recalculate route, because correlation  : 186070.33175635283
07-04 12:57:43.232 28496 28496 I net.osmand: RoutingHelper Recalculate route, because wrong movement direction: 186070.33
07-04 12:57:43.362  1604  1621 I WifiService: requestActivityInfo uid=1000
07-04 12:57:43.364  1604  1621 I WifiService: reportActivityInfo uid=1000
07-04 12:57:43.364  1604  1621 I WifiService: getSupportedFeatures uid=1000
07-04 12:57:43.382 28496 28496 I net.osmand: RoutingHelper Recalculate route, because correlation  : 186070.33175635283
07-04 12:57:43.446 28496 28496 D net.osmand: DayNightHelper Sunrise/sunset setting to day: true
07-04 12:57:43.484  1394  1575 W audio_hw_generic: Not supplying enough data to HAL, expected position 747042117 , only wrote 746691840
07-04 12:57:43.524 28496 28496 I net.osmand: RoutingHelper Recalculate route, because correlation  : 186070.33175635283
07-04 12:57:43.539 28496 28496 I net.osmand: RoutingHelper Recalculate route, because wrong movement direction: 186070.33
07-04 12:57:43.570 28496 28496 I net.osmand: RoutingHelper Recalculate route, because correlation  : 186070.33175635283
07-04 12:57:43.872 28496 28496 I net.osmand: RoutingHelper Recalculate route, because correlation  : 186070.33175635283
07-04 12:57:43.873 28496 28496 I net.osmand: RoutingHelper Recalculate route, because wrong movement direction: 186070.33
07-04 12:57:43.959 28496 28496 I net.osmand: RoutingHelper Recalculate route, because correlation  : 186070.33175635283
07-04 12:57:44.188 28496 28506 I zygote  : Background concurrent copying GC freed 650750(14MB) AllocSpace objects, 0(0B) LOS objects, 16% free, 31MB/37MB, paused 7.538ms total 1.002s
07-04 12:57:44.459 28496 28496 I net.osmand: RoutingHelper Recalculate route, because correlation  : 186070.33175635283
07-04 12:57:44.465 28496 28496 I net.osmand: RoutingHelper Recalculate route, because correlation  : 186070.33175635283
07-04 12:57:44.465 28496 28496 I net.osmand: RoutingHelper Recalculate route, because wrong movement direction: 186070.33
07-04 12:57:44.529 28496 28496 I net.osmand: RoutingHelper Recalculate route, because correlation  : 186070.33175635283
07-04 12:57:44.529 28496 28496 I net.osmand: RoutingHelper Recalculate route, because wrong movement direction: 186070.33
07-04 12:57:44.559 28496 28496 I net.osmand: RoutingHelper Recalculate route, because correlation  : 186070.33175635283
07-04 12:57:45.122 28496 28496 I chatty  : uid=10104(net.osmand) identical 1 line
07-04 12:57:45.181 28496 28496 I net.osmand: RoutingHelper Recalculate route, because correlation  : 186070.33175635283
07-04 12:57:45.181 28496 28496 I net.osmand: RoutingHelper Recalculate route, because wrong movement direction: 186070.33
07-04 12:57:45.476 28496 28496 I net.osmand: RoutingHelper Recalculate route, because correlation  : 186070.33175635283
07-04 12:57:45.476 28496 28496 I net.osmand: RoutingHelper Recalculate route, because wrong movement direction: 186070.33
07-04 12:57:45.612 28496 28496 I net.osmand: RoutingHelper Recalculate route, because correlation  : 186070.33175635283
07-04 12:57:45.968 28496 28496 I net.osmand: RoutingHelper Recalculate route, because correlation  : 186070.33175635283
07-04 12:57:45.969 28496 28496 I net.osmand: RoutingHelper Recalculate route, because wrong movement direction: 186070.33
07-04 12:57:46.048 28496 28496 I net.osmand: RoutingHelper Recalculate route, because correlation  : 186070.33175635283
07-04 12:57:46.152 28496 28506 I zygote  : Background concurrent copying GC freed 581458(12MB) AllocSpace objects, 0(0B) LOS objects, 15% free, 32MB/38MB, paused 9.911ms total 998.900ms
07-04 12:57:46.472 28496 28496 I net.osmand: RoutingHelper Recalculate route, because correlation  : 186070.33175635283
07-04 12:57:46.530 28496 28496 I net.osmand: RoutingHelper Recalculate route, because correlation  : 186070.33175635283
07-04 12:57:46.530 28496 28496 I net.osmand: RoutingHelper Recalculate route, because wrong movement direction: 186070.33
07-04 12:57:46.726 28496 28496 I net.osmand: RoutingHelper Recalculate route, because correlation  : 186070.33175635283
07-04 12:57:46.740 28496 28496 I net.osmand: RoutingHelper Recalculate route, because correlation  : 186070.33175635283
07-04 12:57:46.740 28496 28496 I net.osmand: RoutingHelper Recalculate route, because wrong movement direction: 186070.33
07-04 12:57:47.353 28496 28506 I zygote  : Background concurrent copying GC freed 639147(14MB) AllocSpace objects, 0(0B) LOS objects, 18% free, 26MB/32MB, paused 4.708ms total 589.096ms
07-04 12:57:47.420 28496 28496 I net.osmand: RoutingHelper Recalculate route, because correlation  : 186070.33175635283
07-04 12:57:47.509 28496 28496 I net.osmand: RoutingHelper Recalculate route, because correlation  : 186070.33175635283
07-04 12:57:47.509 28496 28496 I net.osmand: RoutingHelper Recalculate route, because wrong movement direction: 186070.33
07-04 12:57:47.619 28496 28496 I net.osmand: RoutingHelper Recalculate route, because correlation  : 186070.33175635283
07-04 12:57:47.619 28496 28496 I net.osmand: RoutingHelper Recalculate route, because wrong movement direction: 186070.33
07-04 12:57:47.671 28496 28496 I net.osmand: RoutingHelper Recalculate route, because correlation  : 186070.33175635283
07-04 12:57:47.970 28496 28496 I net.osmand: RoutingHelper Recalculate route, because correlation  : 186070.33175635283
07-04 12:57:47.970 28496 28496 I net.osmand: RoutingHelper Recalculate route, because wrong movement direction: 186070.33
07-04 12:57:48.118 28496 28496 I net.osmand: RoutingHelper Recalculate route, because correlation  : 186070.33175635283
07-04 12:57:48.470 28496 28506 I zygote  : Background concurrent copying GC freed 376936(8MB) AllocSpace objects, 0(0B) LOS objects, 16% free, 29MB/35MB, paused 1.098ms total 629.370ms
07-04 12:57:48.542 28496 28496 I net.osmand: RoutingHelper Recalculate route, because correlation  : 186070.33175635283
07-04 12:57:48.542 28496 28496 I net.osmand: RoutingHelper Recalculate route, because wrong movement direction: 186070.33
07-04 12:57:48.660 28496 28496 I net.osmand: RoutingHelper Recalculate route, because correlation  : 186070.33175635283
07-04 12:57:48.825 28496 28496 I net.osmand: RoutingHelper Recalculate route, because correlation  : 186070.33175635283
07-04 12:57:48.825 28496 28496 I net.osmand: RoutingHelper Recalculate route, because wrong movement direction: 186070.33
07-04 12:57:48.989 28496 28496 I net.osmand: RoutingHelper Recalculate route, because correlation  : 186070.33175635283
07-04 12:57:49.436 28496 28496 I net.osmand: RoutingHelper Recalculate route, because correlation  : 186070.33175635283
07-04 12:57:49.436 28496 28496 I net.osmand: RoutingHelper Recalculate route, because wrong movement direction: 186070.33
07-04 12:57:49.678 28496 28496 I net.osmand: RoutingHelper Recalculate route, because correlation  : 186070.33175635283
07-04 12:57:49.678 28496 28496 I net.osmand: RoutingHelper Recalculate route, because wrong movement direction: 186070.33
07-04 12:57:49.721 28496 28496 I net.osmand: RoutingHelper Recalculate route, because correlation  : 186070.33175635283
07-04 12:57:49.724 28496 28496 I net.osmand: RoutingHelper Recalculate route, because correlation  : 186070.33175635283
07-04 12:57:49.862 28496 28506 I zygote  : Background concurrent copying GC freed 504862(11MB) AllocSpace objects, 0(0B) LOS objects, 17% free, 28MB/34MB, paused 1.282ms total 754.466ms
07-04 12:57:50.192 28496 28496 I net.osmand: RoutingHelper Recalculate route, because correlation  : 186070.33175635283
07-04 12:57:50.256 28496 28496 I net.osmand: RoutingHelper Recalculate route, because correlation  : 186070.33175635283
07-04 12:57:50.256 28496 28496 I net.osmand: RoutingHelper Recalculate route, because wrong movement direction: 186070.33
07-04 12:57:50.570 28496 28496 I net.osmand: RoutingHelper Recalculate route, because correlation  : 186070.33175635283
07-04 12:57:50.573 28496 28496 I net.osmand: RoutingHelper Recalculate route, because correlation  : 186070.33175635283
07-04 12:57:50.573 28496 28496 I net.osmand: RoutingHelper Recalculate route, because wrong movement direction: 186070.33
07-04 12:57:50.877 28496 28496 I net.osmand: RoutingHelper Recalculate route, because correlation  : 186070.33175635283
07-04 12:57:50.877 28496 28496 I net.osmand: RoutingHelper Recalculate route, because wrong movement direction: 186070.33
07-04 12:57:51.070 28496 28496 I net.osmand: RoutingHelper Recalculate route, because correlation  : 186070.33175635283
07-04 12:57:51.422 28496 28506 I zygote  : Background concurrent copying GC freed 442307(9MB) AllocSpace objects, 0(0B) LOS objects, 16% free, 31MB/37MB, paused 4.095ms total 966.935ms
07-04 12:57:51.480 28496 28496 I net.osmand: RoutingHelper Recalculate route, because correlation  : 186070.33175635283
07-04 12:57:51.622 28496 28496 I net.osmand: RoutingHelper Recalculate route, because correlation  : 186070.33175635283
07-04 12:57:51.623 28496 28496 I net.osmand: RoutingHelper Recalculate route, because wrong movement direction: 186070.33
07-04 12:57:51.726 28496 28496 I net.osmand: RoutingHelper Recalculate route, because correlation  : 186070.33175635283
07-04 12:57:51.764 28496 28496 I net.osmand: RoutingHelper Recalculate route, because correlation  : 186070.33175635283
07-04 12:57:51.764 28496 28496 I net.osmand: RoutingHelper Recalculate route, because wrong movement direction: 186070.33
07-04 12:57:52.044 28496 28686 W net.osmand:native: [Native] Result visited (visited roads 155708, visited segments 159139 / 424344 , queue sizes 2077 / 3331 ) 
07-04 12:57:52.044 28496 28686 W net.osmand:native: [Native] Result timing (time to load 0, time to calc 225369, loaded tiles 1226) 
07-04 12:57:52.044 28496 28686 W net.osmand:native: [Native] Memory occupied (Routing context 56773 Kb, search 9159 Kb)
07-04 12:57:52.215 28496 28496 I net.osmand: RoutingHelper Recalculate route, because correlation  : 186070.33175635283
07-04 12:57:52.216 28496 28496 I net.osmand: RoutingHelper Recalculate route, because wrong movement direction: 186070.33
07-04 12:57:52.245 28496 28496 I net.osmand: RoutingHelper Recalculate route, because correlation  : 186070.33175635283
07-04 12:57:52.547 28496 28496 I net.osmand: RoutingHelper Recalculate route, because correlation  : 186070.33175635283
07-04 12:57:52.547 28496 28496 I net.osmand: RoutingHelper Recalculate route, because wrong movement direction: 186070.33
07-04 12:57:52.586 28496 28496 I net.osmand: RoutingHelper Recalculate route, because correlation  : 186070.33175635283
07-04 12:57:52.789 28496 28506 I zygote  : Background concurrent copying GC freed 584786(12MB) AllocSpace objects, 0(0B) LOS objects, 17% free, 29MB/35MB, paused 2.429ms total 890.369ms
07-04 12:57:53.085 28496 28496 I net.osmand: RoutingHelper Recalculate route, because correlation  : 186070.33175635283
07-04 12:57:53.085 28496 28496 I net.osmand: RoutingHelper Recalculate route, because wrong movement direction: 186070.33
07-04 12:57:53.108 28496 28496 I net.osmand: RoutingHelper Recalculate route, because correlation  : 186070.33175635283
07-04 12:57:53.570 28496 28496 I chatty  : uid=10104(net.osmand) identical 1 line
07-04 12:57:53.594 28496 28496 I net.osmand: RoutingHelper Recalculate route, because correlation  : 186070.33175635283
07-04 12:57:53.594 28496 28496 I net.osmand: RoutingHelper Recalculate route, because wrong movement direction: 186070.33
07-04 12:57:53.604 28496 28496 I net.osmand: RoutingHelper Recalculate route, because correlation  : 186070.33175635283
07-04 12:57:53.604 28496 28496 I net.osmand: RoutingHelper Recalculate route, because wrong movement direction: 186070.33
07-04 12:57:53.614 28496 28496 I net.osmand: RoutingHelper Recalculate route, because correlation  : 186070.33175635283
07-04 12:57:54.010  1604  7927 I WifiService: acquireWifiLock uid=10014 lockMode=2
07-04 12:57:54.229 28496 28506 I zygote  : Background concurrent copying GC freed 518915(11MB) AllocSpace objects, 0(0B) LOS objects, 17% free, 27MB/33MB, paused 2.042ms total 707.286ms
07-04 12:57:54.487 28496 28686 I net.osmand:native: Routing calculated time distance 10729.443359
07-04 12:57:54.491 28496 28496 I net.osmand: RoutingHelper Recalculate route, because correlation  : 186070.33175635283
07-04 12:57:54.565 28496 28496 I net.osmand: RoutingHelper Recalculate route, because correlation  : 186070.33175635283
07-04 12:57:54.566 28496 28496 I net.osmand: RoutingHelper Recalculate route, because wrong movement direction: 186070.33
07-04 12:57:54.740 28496 28496 I net.osmand: RoutingHelper Recalculate route, because correlation  : 186070.33175635283
07-04 12:57:54.741 28496 28496 I net.osmand: RoutingHelper Recalculate route, because correlation  : 186070.33175635283
07-04 12:57:54.741 28496 28496 I net.osmand: RoutingHelper Recalculate route, because wrong movement direction: 186070.33
07-04 12:57:54.987 28496 28496 I net.osmand: RoutingHelper Recalculate route, because correlation  : 186070.33175635283
07-04 12:57:54.987 28496 28496 I net.osmand: RoutingHelper Recalculate route, because wrong movement direction: 186070.33
07-04 12:57:55.003 28496 28496 I net.osmand: RoutingHelper Recalculate route, because correlation  : 186070.33175635283
07-04 12:57:55.510 28496 28496 I net.osmand: RoutingHelper Recalculate route, because correlation  : 186070.33175635283
07-04 12:57:55.510 28496 28496 I net.osmand: RoutingHelper Recalculate route, because wrong movement direction: 186070.33
07-04 12:57:55.602 28496 28496 I net.osmand: RoutingHelper Recalculate route, because correlation  : 186070.33175635283
07-04 12:57:55.695 28496 28506 I zygote  : Background concurrent copying GC freed 406850(8MB) AllocSpace objects, 0(0B) LOS objects, 16% free, 30MB/36MB, paused 3.650ms total 680.176ms
07-04 12:57:55.934 28496 28496 I net.osmand: RoutingHelper Recalculate route, because correlation  : 186070.33175635283
07-04 12:57:56.016 28496 28496 I net.osmand: RoutingHelper Recalculate route, because correlation  : 186070.33175635283
07-04 12:57:56.016 28496 28496 I net.osmand: RoutingHelper Recalculate route, because wrong movement direction: 186070.33
07-04 12:57:56.478 28496 28496 I net.osmand: RoutingHelper Recalculate route, because correlation  : 186070.33175635283
07-04 12:57:56.478 28496 28496 I net.osmand: RoutingHelper Recalculate route, because wrong movement direction: 186070.33
07-04 12:57:56.481 28496 28496 I net.osmand: RoutingHelper Recalculate route, because correlation  : 186070.33175635283
07-04 12:57:56.557 28496 28496 I chatty  : uid=10104(net.osmand) identical 1 line
07-04 12:57:56.589 28496 28496 I net.osmand: RoutingHelper Recalculate route, because correlation  : 186070.33175635283
07-04 12:57:56.589 28496 28496 I net.osmand: RoutingHelper Recalculate route, because wrong movement direction: 186070.33
07-04 12:57:57.018 28496 28506 I zygote  : Background concurrent copying GC freed 440958(9MB) AllocSpace objects, 0(0B) LOS objects, 16% free, 30MB/36MB, paused 1.327ms total 635.273ms
07-04 12:57:57.029  1604  2691 D WificondControl: Scan result ready event
07-04 12:57:57.074  1604  2691 I WifiService: releaseWifiLock uid=10014
07-04 12:57:57.190 28496 28496 I net.osmand: RoutingHelper Recalculate route, because correlation  : 186070.33175635283
07-04 12:57:57.198 28496 28496 I net.osmand: RoutingHelper Recalculate route, because correlation  : 186070.33175635283
07-04 12:57:57.199 28496 28496 I net.osmand: RoutingHelper Recalculate route, because wrong movement direction: 186070.33
07-04 12:57:57.650 28496 28496 I net.osmand: RoutingHelper Recalculate route, because correlation  : 186070.33175635283
07-04 12:57:57.650 28496 28496 I net.osmand: RoutingHelper Recalculate route, because wrong movement direction: 186070.33
07-04 12:57:57.666 28496 28496 I net.osmand: RoutingHelper Recalculate route, because correlation  : 186070.33175635283
07-04 12:57:57.814 28496 28496 I net.osmand: RoutingHelper Recalculate route, because correlation  : 186070.33175635283
07-04 12:57:57.814 28496 28496 I net.osmand: RoutingHelper Recalculate route, because wrong movement direction: 186070.33
07-04 12:57:58.011 28496 28496 I net.osmand: RoutingHelper Recalculate route, because correlation  : 186070.33175635283
07-04 12:57:58.420  1604  1621 I WifiService: requestActivityInfo uid=1000
07-04 12:57:58.420  1604  1621 I WifiService: reportActivityInfo uid=1000
07-04 12:57:58.420  1604  1621 I WifiService: getSupportedFeatures uid=1000
07-04 12:57:58.436 28496 28506 I zygote  : Background concurrent copying GC freed 452880(9MB) AllocSpace objects, 0(0B) LOS objects, 16% free, 29MB/35MB, paused 6.564ms total 660.051ms
07-04 12:57:58.492 28496 28496 I net.osmand: RoutingHelper Recalculate route, because correlation  : 186070.33175635283
07-04 12:57:58.510 28496 28496 I net.osmand: RoutingHelper Recalculate route, because correlation  : 186070.33175635283
07-04 12:57:58.510 28496 28496 I net.osmand: RoutingHelper Recalculate route, because wrong movement direction: 186070.33
07-04 12:57:58.762 28496 28496 I net.osmand: RoutingHelper Recalculate route, because correlation  : 186070.33175635283
07-04 12:57:58.762 28496 28496 I net.osmand: RoutingHelper Recalculate route, because wrong movement direction: 186070.33
07-04 12:57:58.812 28496 28496 I net.osmand: RoutingHelper Recalculate route, because correlation  : 186070.33175635283
07-04 12:57:59.187 28496 28496 I chatty  : uid=10104(net.osmand) identical 1 line
07-04 12:57:59.270 28496 28496 I net.osmand: RoutingHelper Recalculate route, because correlation  : 186070.33175635283
07-04 12:57:59.270 28496 28496 I net.osmand: RoutingHelper Recalculate route, because wrong movement direction: 186070.33
07-04 12:57:59.560 28496 28496 I net.osmand: RoutingHelper Recalculate route, because correlation  : 186070.33175635283
07-04 12:57:59.560 28496 28496 I net.osmand: RoutingHelper Recalculate route, because wrong movement direction: 186070.33
07-04 12:57:59.608 28496 28496 I net.osmand: RoutingHelper Recalculate route, because correlation  : 186070.33175635283
07-04 12:57:59.874 28496 28506 I zygote  : Background concurrent copying GC freed 428302(9MB) AllocSpace objects, 0(0B) LOS objects, 15% free, 32MB/38MB, paused 1.744ms total 884.926ms
07-04 12:57:59.950 28496 28686 I net.osmand: RoutePlannerFrontEnd Native routing took 233.349 seconds
07-04 12:57:59.950 28496 28686 I net.osmand: RoutePlannerFrontEnd Native routing use precalculated route
07-04 12:58:00.058 28496 28496 I net.osmand: RoutingHelper Recalculate route, because correlation  : 186070.33175635283
07-04 12:58:00.058 28496 28496 I net.osmand: RoutingHelper Recalculate route, because wrong movement direction: 186070.33
07-04 12:58:00.165 28496 28496 I net.osmand: RoutingHelper Recalculate route, because correlation  : 186070.33175635283
07-04 12:58:00.499 28496 28496 I net.osmand: RoutingHelper Recalculate route, because correlation  : 186070.33175635283
07-04 12:58:00.499 28496 28496 I net.osmand: RoutingHelper Recalculate route, because wrong movement direction: 186070.33
07-04 12:58:00.506 28496 28686 I zygote  : Deoptimizing void net.osmand.router.RouteResultPreparation.attachRoadSegments(net.osmand.router.RoutingContext, java.util.List, int, int, boolean) due to JIT inline cache
07-04 12:58:00.663 28496 28496 I net.osmand: RoutingHelper Recalculate route, because correlation  : 186070.33175635283
07-04 12:58:00.663 28496 28496 I net.osmand: RoutingHelper Recalculate route, because wrong movement direction: 186070.33
07-04 12:58:00.842 28496 28496 I net.osmand: RoutingHelper Recalculate route, because correlation  : 186070.33175635283
07-04 12:58:01.309 28496 28506 I zygote  : Background concurrent copying GC freed 535937(12MB) AllocSpace objects, 0(0B) LOS objects, 16% free, 30MB/36MB, paused 7.168ms total 719.835ms
07-04 12:58:01.414 28496 28496 I net.osmand: RoutingHelper Recalculate route, because correlation  : 186070.33175635283
07-04 12:58:01.437 28496 28496 I net.osmand: RoutingHelper Recalculate route, because correlation  : 186070.33175635283
07-04 12:58:01.437 28496 28496 I net.osmand: RoutingHelper Recalculate route, because wrong movement direction: 186070.33
07-04 12:58:01.510 28496 28496 I net.osmand: RoutingHelper Recalculate route, because correlation  : 186070.33175635283
07-04 12:58:01.653 28496 28496 I net.osmand: RoutingHelper Recalculate route, because correlation  : 186070.33175635283
07-04 12:58:01.653 28496 28496 I net.osmand: RoutingHelper Recalculate route, because wrong movement direction: 186070.33
07-04 12:58:02.216 28496 28496 I net.osmand: RoutingHelper Recalculate route, because correlation  : 186070.33175635283
07-04 12:58:02.216 28496 28496 I net.osmand: RoutingHelper Recalculate route, because wrong movement direction: 186070.33
07-04 12:58:02.241 28496 28506 I zygote  : Background concurrent copying GC freed 428170(9MB) AllocSpace objects, 0(0B) LOS objects, 17% free, 27MB/33MB, paused 2.234ms total 390.583ms
07-04 12:58:02.341 28496 28496 I net.osmand: RoutingHelper Recalculate route, because correlation  : 186070.33175635283
07-04 12:58:02.545 28496 28496 I net.osmand: RoutingHelper Recalculate route, because correlation  : 186070.33175635283
07-04 12:58:02.545 28496 28496 I net.osmand: RoutingHelper Recalculate route, because wrong movement direction: 186070.33
07-04 12:58:02.752 28496 28496 I net.osmand: RoutingHelper Recalculate route, because correlation  : 186070.33175635283
07-04 12:58:02.989 28496 28496 I chatty  : uid=10104(net.osmand) identical 1 line
07-04 12:58:03.043 28496 28496 I net.osmand: RoutingHelper Recalculate route, because correlation  : 186070.33175635283
07-04 12:58:03.043 28496 28496 I net.osmand: RoutingHelper Recalculate route, because wrong movement direction: 186070.33
07-04 12:58:03.161  1604  1621 I WifiService: requestActivityInfo uid=1000
07-04 12:58:03.161  1604  1621 I WifiService: reportActivityInfo uid=1000
07-04 12:58:03.161  1604  1621 I WifiService: getSupportedFeatures uid=1000
07-04 12:58:03.550 28496 28496 I net.osmand: RoutingHelper Recalculate route, because correlation  : 186070.33175635283
07-04 12:58:03.550 28496 28496 I net.osmand: RoutingHelper Recalculate route, because wrong movement direction: 186070.33
07-04 12:58:03.705 28496 28496 I net.osmand: RoutingHelper Recalculate route, because correlation  : 186070.33175635283
07-04 12:58:03.705 28496 28496 I net.osmand: RoutingHelper Recalculate route, because wrong movement direction: 186070.33
07-04 12:58:03.771 28496 28496 I net.osmand: RoutingHelper Recalculate route, because correlation  : 186070.33175635283
07-04 12:58:03.922 28496 28506 I zygote  : Background concurrent copying GC freed 288050(6MB) AllocSpace objects, 0(0B) LOS objects, 13% free, 37MB/43MB, paused 2.769ms total 1.225s
07-04 12:58:04.393 28496 28496 I net.osmand: RoutingHelper Recalculate route, because correlation  : 186070.33175635283
07-04 12:58:04.393 28496 28496 I net.osmand: RoutingHelper Recalculate route, because wrong movement direction: 186070.33
07-04 12:58:04.462 28496 28496 I net.osmand: RoutingHelper Recalculate route, because correlation  : 186070.33175635283
07-04 12:58:04.521 28496 28496 I net.osmand: RoutingHelper Recalculate route, because correlation  : 186070.33175635283
07-04 12:58:04.521 28496 28496 I net.osmand: RoutingHelper Recalculate route, because wrong movement direction: 186070.33
07-04 12:58:04.642 28496 28496 I net.osmand: RoutingHelper Recalculate route, because correlation  : 186070.33175635283
07-04 12:58:05.251 28496 28496 I net.osmand: RoutingHelper Recalculate route, because correlation  : 186070.33175635283
07-04 12:58:05.252 28496 28496 I net.osmand: RoutingHelper Recalculate route, because wrong movement direction: 186070.33
07-04 12:58:05.281 28496 28506 I zygote  : Background concurrent copying GC freed 712683(16MB) AllocSpace objects, 0(0B) LOS objects, 15% free, 32MB/38MB, paused 2.615ms total 741.144ms
07-04 12:58:05.334 28496 28496 I net.osmand: RoutingHelper Recalculate route, because correlation  : 186070.33175635283
07-04 12:58:05.523 28496 28496 I net.osmand: RoutingHelper Recalculate route, because correlation  : 186070.33175635283
07-04 12:58:05.524 28496 28496 I net.osmand: RoutingHelper Recalculate route, because wrong movement direction: 186070.33
07-04 12:58:05.647 28496 28496 I net.osmand: RoutingHelper Recalculate route, because correlation  : 186070.33175635283
07-04 12:58:05.866 28496 28496 I net.osmand: RoutingHelper Recalculate route, because correlation  : 186070.33175635283
07-04 12:58:05.866 28496 28496 I net.osmand: RoutingHelper Recalculate route, because wrong movement direction: 186070.33
07-04 12:58:05.943 28496 28496 I net.osmand: RoutingHelper Recalculate route, because correlation  : 186070.33175635283
07-04 12:58:06.329 28496 28506 I zygote  : Background concurrent copying GC freed 489638(11MB) AllocSpace objects, 0(0B) LOS objects, 15% free, 31MB/37MB, paused 2.239ms total 622.420ms
07-04 12:58:06.499 28496 28496 I net.osmand: RoutingHelper Recalculate route, because correlation  : 186070.33175635283
07-04 12:58:06.499 28496 28496 I net.osmand: RoutingHelper Recalculate route, because wrong movement direction: 186070.33
07-04 12:58:06.505 28496 28496 I net.osmand: RoutingHelper Recalculate route, because correlation  : 186070.33175635283
07-04 12:58:06.720 28496 28496 I net.osmand: RoutingHelper Recalculate route, because correlation  : 186070.33175635283
07-04 12:58:06.720 28496 28496 I net.osmand: RoutingHelper Recalculate route, because wrong movement direction: 186070.33
07-04 12:58:06.757 28496 28496 I net.osmand: RoutingHelper Recalculate route, because correlation  : 186070.33175635283
07-04 12:58:07.037  1970  1980 I zygote  : Background concurrent copying GC freed 145411(6MB) AllocSpace objects, 0(0B) LOS objects, 38% free, 9MB/15MB, paused 12.762ms total 455.392ms
07-04 12:58:07.339 28496 28496 I net.osmand: RoutingHelper Recalculate route, because correlation  : 186070.33175635283
07-04 12:58:07.340 28496 28496 I net.osmand: RoutingHelper Recalculate route, because wrong movement direction: 186070.33
07-04 12:58:07.399 28496 28496 I net.osmand: RoutingHelper Recalculate route, because correlation  : 186070.33175635283
07-04 12:58:07.608 28496 28496 I net.osmand: RoutingHelper Recalculate route, because correlation  : 186070.33175635283
07-04 12:58:07.608 28496 28496 I net.osmand: RoutingHelper Recalculate route, because wrong movement direction: 186070.33
07-04 12:58:07.627 28496 28506 I zygote  : Background concurrent copying GC freed 448344(10MB) AllocSpace objects, 0(0B) LOS objects, 15% free, 32MB/38MB, paused 1.240ms total 741.803ms
07-04 12:58:07.778 28496 28496 I net.osmand: RoutingHelper Recalculate route, because correlation  : 186070.33175635283
07-04 12:58:08.013 28496 28496 I chatty  : uid=10104(net.osmand) identical 1 line
07-04 12:58:08.021 28496 28496 I net.osmand: RoutingHelper Recalculate route, because correlation  : 186070.33175635283
07-04 12:58:08.022 28496 28496 I net.osmand: RoutingHelper Recalculate route, because wrong movement direction: 186070.33
07-04 12:58:08.518 28496 28496 I net.osmand: RoutingHelper Recalculate route, because correlation  : 186070.33175635283
07-04 12:58:08.518 28496 28496 I net.osmand: RoutingHelper Recalculate route, because wrong movement direction: 186070.33
07-04 12:58:08.679 28496 28496 I net.osmand: RoutingHelper Recalculate route, because correlation  : 186070.33175635283
07-04 12:58:08.801 28496 28496 I net.osmand: RoutingHelper Recalculate route, because correlation  : 186070.33175635283
07-04 12:58:08.803 28496 28496 I net.osmand: RoutingHelper Recalculate route, because wrong movement direction: 186070.33
07-04 12:58:08.831 28496 28496 I net.osmand: RoutingHelper Recalculate route, because correlation  : 186070.33175635283
07-04 12:58:09.116 28496 28506 I zygote  : Background concurrent copying GC freed 467848(10MB) AllocSpace objects, 0(0B) LOS objects, 14% free, 34MB/40MB, paused 1.888ms total 980.437ms
07-04 12:58:09.293 28496 28496 I net.osmand: RoutingHelper Recalculate route, because correlation  : 186070.33175635283
07-04 12:58:09.349 28496 28496 I net.osmand: RoutingHelper Recalculate route, because correlation  : 186070.33175635283
07-04 12:58:09.350 28496 28496 I net.osmand: RoutingHelper Recalculate route, because wrong movement direction: 186070.33
07-04 12:58:09.585 28496 28496 I net.osmand: RoutingHelper Recalculate route, because correlation  : 186070.33175635283
07-04 12:58:09.610 28496 28496 I net.osmand: RoutingHelper Recalculate route, because correlation  : 186070.33175635283
07-04 12:58:09.611 28496 28496 I net.osmand: RoutingHelper Recalculate route, because wrong movement direction: 186070.33
07-04 12:58:10.129 28496 28506 I zygote  : Background concurrent copying GC freed 562107(13MB) AllocSpace objects, 0(0B) LOS objects, 16% free, 31MB/37MB, paused 1.023ms total 552.563ms
07-04 12:58:10.246 28496 28496 I net.osmand: RoutingHelper Recalculate route, because correlation  : 186070.33175635283
07-04 12:58:10.246 28496 28496 I net.osmand: RoutingHelper Recalculate route, because wrong movement direction: 186070.33
07-04 12:58:10.376 28496 28496 I net.osmand: RoutingHelper Recalculate route, because correlation  : 186070.33175635283
07-04 12:58:10.528 28496 28496 I net.osmand: RoutingHelper Recalculate route, because correlation  : 186070.33175635283
07-04 12:58:10.528 28496 28496 I net.osmand: RoutingHelper Recalculate route, because wrong movement direction: 186070.33
07-04 12:58:10.678 28496 28496 I net.osmand: RoutingHelper Recalculate route, because correlation  : 186070.33175635283
07-04 12:58:11.212 28496 28506 I zygote  : Background concurrent copying GC freed 395019(9MB) AllocSpace objects, 0(0B) LOS objects, 16% free, 31MB/37MB, paused 44.067ms total 675.690ms
07-04 12:58:11.501 28496 28496 I net.osmand: RoutingHelper Recalculate route, because correlation  : 186070.33175635283
07-04 12:58:11.515 28496 28496 I net.osmand: RoutingHelper Recalculate route, because correlation  : 186070.33175635283
07-04 12:58:11.515 28496 28496 I net.osmand: RoutingHelper Recalculate route, because wrong movement direction: 186070.33
07-04 12:58:11.836 28496 28496 I net.osmand: RoutingHelper Recalculate route, because correlation  : 186070.33175635283
07-04 12:58:11.837 28496 28496 I net.osmand: RoutingHelper Recalculate route, because wrong movement direction: 186070.33
07-04 12:58:11.846 28496 28496 I net.osmand: RoutingHelper Recalculate route, because correlation  : 186070.33175635283
07-04 12:58:11.847 28496 28496 I net.osmand: RoutingHelper Recalculate route, because wrong movement direction: 186070.33
07-04 12:58:11.854 28496 28496 I net.osmand: RoutingHelper Recalculate route, because correlation  : 186070.33175635283
07-04 12:58:12.561 28496 28496 I chatty  : uid=10104(net.osmand) identical 2 lines
07-04 12:58:12.604 28496 28496 I net.osmand: RoutingHelper Recalculate route, because correlation  : 186070.33175635283
07-04 12:58:12.604 28496 28496 I net.osmand: RoutingHelper Recalculate route, because wrong movement direction: 186070.33
07-04 12:58:12.652 28496 28506 I zygote  : Background concurrent copying GC freed 382832(9MB) AllocSpace objects, 1(16KB) LOS objects, 15% free, 32MB/38MB, paused 2.679ms total 587.958ms
07-04 12:58:13.202 28496 28496 I net.osmand: RoutingHelper Recalculate route, because correlation  : 186070.33175635283
07-04 12:58:13.222 28496 28496 I net.osmand: RoutingHelper Recalculate route, because correlation  : 186070.33175635283
07-04 12:58:13.222 28496 28496 I net.osmand: RoutingHelper Recalculate route, because wrong movement direction: 186070.33
07-04 12:58:13.226 28496 28496 I net.osmand: RoutingHelper Recalculate route, because correlation  : 186070.33175635283
07-04 12:58:13.397 28496 28496 I net.osmand: RoutingHelper Recalculate route, because correlation  : 186070.33175635283
07-04 12:58:13.397 28496 28496 I net.osmand: RoutingHelper Recalculate route, because wrong movement direction: 186070.33
07-04 12:58:13.536 28496 28496 I net.osmand: RoutingHelper Recalculate route, because correlation  : 186070.33175635283
07-04 12:58:13.537 28496 28496 I net.osmand: RoutingHelper Recalculate route, because wrong movement direction: 186070.33
07-04 12:58:13.582 28496 28496 I net.osmand: RoutingHelper Recalculate route, because correlation  : 186070.33175635283
07-04 12:58:14.140 28496 28506 I zygote  : Background concurrent copying GC freed 368652(10MB) AllocSpace objects, 0(0B) LOS objects, 15% free, 32MB/38MB, paused 1.295ms total 737.629ms
07-04 12:58:14.495 28496 28496 I net.osmand: RoutingHelper Recalculate route, because correlation  : 186070.33175635283
07-04 12:58:14.683 28496 28496 I net.osmand: RoutingHelper Recalculate route, because correlation  : 186070.33175635283
07-04 12:58:14.683 28496 28496 I net.osmand: RoutingHelper Recalculate route, because wrong movement direction: 186070.33
07-04 12:58:14.698 28496 28496 I net.osmand: RoutingHelper Recalculate route, because correlation  : 186070.33175635283
07-04 12:58:14.756 28496 28496 I net.osmand: RoutingHelper Recalculate route, because correlation  : 186070.33175635283
07-04 12:58:14.756 28496 28496 I net.osmand: RoutingHelper Recalculate route, because wrong movement direction: 186070.33
07-04 12:58:14.918 28496 28496 I net.osmand: RoutingHelper Recalculate route, because correlation  : 186070.33175635283
07-04 12:58:14.918 28496 28496 I net.osmand: RoutingHelper Recalculate route, because wrong movement direction: 186070.33
07-04 12:58:15.122 28496 28496 I net.osmand: RoutingHelper Recalculate route, because correlation  : 186070.33175635283
07-04 12:58:15.182  1604  2691 I WifiService: acquireWifiLock uid=10014 lockMode=2
07-04 12:58:15.250  1604  1617 E memtrack: Couldn't load memtrack module
07-04 12:58:15.250  1604  1617 W android.os.Debug: failed to get memory consumption info: -1
07-04 12:58:15.415  1604  3883 I WifiService: releaseWifiLock uid=10014
07-04 12:58:15.538 28496 28496 I net.osmand: RoutingHelper Recalculate route, because correlation  : 186070.33175635283
07-04 12:58:15.538 28496 28496 I net.osmand: RoutingHelper Recalculate route, because wrong movement direction: 186070.33
07-04 12:58:15.700 28496 28496 I net.osmand: RoutingHelper Recalculate route, because correlation  : 186070.33175635283
07-04 12:58:16.299 28496 28506 I zygote  : Background concurrent copying GC freed 384365(10MB) AllocSpace objects, 0(0B) LOS objects, 13% free, 38MB/44MB, paused 1.460ms total 1.331s
07-04 12:58:16.556 28496 28686 I System.out: ROUTE : 
07-04 12:58:16.562 28496 28686 I net.osmand: RouteResultPreparation <test regions="" description="" best_percent="" vehicle="car" 
07-04 12:58:16.562 28496 28686 I net.osmand:   start_lat="-7.58920" start_lon="-37.54107" target_lat="-5.04332" target_lon="-42.76303"  routing_time="10729.44" loadedTiles="2668" visitedSegments="155708" complete_distance="1262740.75" complete_time="66801.55" >
07-04 12:58:16.562 28496 28686 I System.out: <test regions="" description="" best_percent="" vehicle="car" 
07-04 12:58:16.562 28496 28686 I System.out:   start_lat="-7.58920" start_lon="-37.54107" target_lat="-5.04332" target_lon="-42.76303"  routing_time="10729.44" loadedTiles="2668" visitedSegments="155708" complete_distance="1262740.75" complete_time="66801.55" >
07-04 12:58:16.562 28496 28686 I System.out: </test>
07-04 12:58:16.562 28496 28686 I System.out: <test regions="" description="" best_percent="" vehicle="car" 
07-04 12:58:16.562 28496 28686 I System.out:   start_lat="-7.58920" start_lon="-37.54107" target_lat="-5.04332" target_lon="-42.76303"  routing_time="10729.44" loadedTiles="2668" visitedSegments="155708" complete_distance="1262740.75" complete_time="66801.55" >
07-04 12:58:16.587 28496 28496 I net.osmand: RoutingHelper Recalculate route, because correlation  : 186070.33175635283
07-04 12:58:16.587 28496 28496 I net.osmand: RoutingHelper Recalculate route, because wrong movement direction: 186070.33
07-04 12:58:16.591 28496 28496 I net.osmand: RoutingHelper Recalculate route, because correlation  : 186070.33175635283
07-04 12:58:16.591 28496 28496 I net.osmand: RoutingHelper Recalculate route, because wrong movement direction: 186070.33
07-04 12:58:16.650 28496 28496 I net.osmand: RoutingHelper Recalculate route, because correlation  : 186070.33175635283
07-04 12:58:16.653 28496 28496 I net.osmand: RoutingHelper Recalculate route, because correlation  : 186070.33175635283
07-04 12:58:16.653 28496 28496 I net.osmand: RoutingHelper Recalculate route, because wrong movement direction: 186070.33
07-04 12:58:16.656 28496 28496 I net.osmand: RoutingHelper Recalculate route, because correlation  : 186070.33175635283
07-04 12:58:16.662 28496 28496 I net.osmand: RoutingHelper Recalculate route, because correlation  : 186070.33175635283
07-04 12:58:16.764 28496 28686 I net.osmand: RouteProvider Finding route contained 5289 points for 250729 ms
07-04 12:58:16.808 28496 28686 I net.osmand: TTSCommandPlayerImpl Send message to pebble Rota recalculada 1263 quilÃ³metros tempo estimado de  18 horas  33 minutos.  
07-04 12:58:16.809 28496 28686 D net.osmand: AbstractPrologCommandPlayer requestAudioFocus
07-04 12:58:16.811 28496 28686 W AudioManager: Use of stream types is deprecated for operations other than volume control
07-04 12:58:16.811 28496 28686 W AudioManager: See the documentation of requestAudioFocus() for what to use instead with android.media.AudioAttributes to qualify your playback use case
07-04 12:58:16.822  1604  2501 I MediaFocusControl: requestAudioFocus() from uid/pid 10104/28496 clientId=android.media.AudioManager@9796e46net.osmand.plus.api.AudioFocusHelperImpl@c2a403e callingPack=net.osmand req=3 flags=0x0 sdk=26
07-04 12:58:16.835 28496 28686 D net.osmand: TTSCommandPlayerImpl ttsRequests=1
07-04 12:58:16.838  4639 28593 I TTS.GoogleTTSServiceImp: Synthesis request for locale por-BRA and name pt-BR-language
07-04 12:58:16.840  4639 28593 I TTS.GoogleTTSServiceImp: TTS dispatch: pt-br-x-afs-lstm-embedded
07-04 12:58:17.149  4639 28594 D AudioTrack: Client defaulted notificationFrames to 1365 for frameCount 4096
07-04 12:58:17.185  1604  3883 V MediaRouterService: restoreBluetoothA2dp(false)
07-04 12:58:17.191  1394  3176 W audio_hw_generic: Not supplying enough data to HAL, expected position 746691878 , only wrote 746691840
07-04 12:58:17.366  4639  4649 I zygote  : Background concurrent copying GC freed 40045(7MB) AllocSpace objects, 1(16KB) LOS objects, 50% free, 3MB/6MB, paused 1.348ms total 220.515ms
07-04 12:58:17.871 28496 28496 I zygote  : Deoptimizing java.lang.Object org.mozilla.javascript.IdScriptableObject.get(java.lang.String, org.mozilla.javascript.Scriptable) due to JIT same target
07-04 12:58:17.892 28496 28496 I net.osmand: TTSCommandPlayerImpl Send message to pebble vire Ã  direita para   Rua Conegol M do Amaral entÃ£o  apÃ³s  80 metros vire Ã  esquerda  
07-04 12:58:17.892 28496 28496 D net.osmand: TTSCommandPlayerImpl ttsRequests=2
07-04 12:58:17.991  1604  2501 D WificondControl: Scan result ready event
07-04 12:58:18.231 28496 28506 I zygote  : Background concurrent copying GC freed 599966(14MB) AllocSpace objects, 0(0B) LOS objects, 14% free, 35MB/41MB, paused 2.225ms total 1.536s
07-04 12:58:19.085 28496 28506 I zygote  : Background concurrent copying GC freed 565627(13MB) AllocSpace objects, 2(48KB) LOS objects, 16% free, 30MB/36MB, paused 2.654ms total 390.748ms
07-04 12:58:19.150  1604  1621 I WifiService: requestActivityInfo uid=1000
07-04 12:58:19.150  1604  1621 I WifiService: reportActivityInfo uid=1000
07-04 12:58:19.150  1604  1621 I WifiService: getSupportedFeatures uid=1000
07-04 12:58:19.257  1604  1613 I zygote  : Background concurrent copying GC freed 72568(2MB) AllocSpace objects, 8(416KB) LOS objects, 6% free, 87MB/93MB, paused 963us total 1.882s
07-04 12:58:19.454  1394  3176 W audio_hw_generic: Not supplying enough data to HAL, expected position 746800456 , only wrote 746799840
07-04 12:58:19.454  1394  3176 W audio_hw_generic: Not supplying enough data to HAL, expected position 746799857 , only wrote 746799840
07-04 12:58:19.476  1394  3176 W audio_hw_generic: Not supplying enough data to HAL, expected position 746800880 , only wrote 746800560
07-04 12:58:19.483  1477  1572 D AudioFlinger: mixer(0xac983140) throttle end: throttle time(12)
07-04 12:58:19.588  1403  1418 D hwcomposer: hw_composer sent 115 syncs in 308s
07-04 12:58:20.474 28496 28506 I zygote  : Background concurrent copying GC freed 533310(15MB) AllocSpace objects, 0(0B) LOS objects, 20% free, 22MB/28MB, paused 1.744ms total 550.397ms
07-04 12:58:21.148 28082 28111 I Finsky  : [1867] jen.run(3): Stats for Executor: BlockingExecutor jfw@a27a0fa[Running, pool size = 0, active threads = 0, queued tasks = 0, completed tasks = 19]
07-04 12:58:21.158 28082 28111 I Finsky  : [1867] jen.run(3): Stats for Executor: LightweightExecutor jfw@147e6ab[Running, pool size = 2, active threads = 0, queued tasks = 0, completed tasks = 62]
07-04 12:58:21.706 28496 28506 I zygote  : Background concurrent copying GC freed 369335(8MB) AllocSpace objects, 0(0B) LOS objects, 18% free, 26MB/32MB, paused 1.468ms total 588.246ms
07-04 12:58:22.093  1394  3176 W audio_hw_generic: Not supplying enough data to HAL, expected position 746926179 , only wrote 746925840
07-04 12:58:22.111  1394  3176 W audio_hw_generic: Not supplying enough data to HAL, expected position 746926694 , only wrote 746926560
07-04 12:58:22.117  1394  3176 W audio_hw_generic: Not supplying enough data to HAL, expected position 746926818 , only wrote 746926560
