06-28 10:35:22.247 12507 12507 I net.osmand: RoutingHelper Recalculate route, because wrong movement direction: 56128.16
06-28 10:35:22.443 24500 24516 W Unity   : OnLevelWasLoaded was found on AntiCheat
06-28 10:35:22.443 24500 24516 W Unity   : This message has been deprecated and will be removed in a later version of Unity.
06-28 10:35:22.443 24500 24516 W Unity   : Add a delegate to SceneManager.sceneLoaded instead to get notifications after scene loading has completed
06-28 10:35:22.443 24500 24516 W Unity   :  
06-28 10:35:22.443 24500 24516 W Unity   : (Filename:  Line: 356)
06-28 10:35:22.443 24500 24516 W Unity   : 
06-28 10:35:22.495 24500 24516 W Unity   : OnLevelWasLoaded was found on InjectionDetector
06-28 10:35:22.495 24500 24516 W Unity   : This message has been deprecated and will be removed in a later version of Unity.
06-28 10:35:22.495 24500 24516 W Unity   : Add a delegate to SceneManager.sceneLoaded instead to get notifications after scene loading has completed
06-28 10:35:22.495 24500 24516 W Unity   :  
06-28 10:35:22.495 24500 24516 W Unity   : (Filename:  Line: 356)
06-28 10:35:22.495 24500 24516 W Unity   : 
06-28 10:35:22.559 24500 24516 W Unity   : OnLevelWasLoaded was found on ObjectsPoolsManager
06-28 10:35:22.559 24500 24516 W Unity   : This message has been deprecated and will be removed in a later version of Unity.
06-28 10:35:22.559 24500 24516 W Unity   : Add a delegate to SceneManager.sceneLoaded instead to get notifications after scene loading has completed
06-28 10:35:22.559 24500 24516 W Unity   :  
06-28 10:35:22.559 24500 24516 W Unity   : (Filename:  Line: 356)
06-28 10:35:22.559 24500 24516 W Unity   : 
06-28 10:35:22.622 24500 24516 W Unity   : OnLevelWasLoaded was found on BB_Settings
06-28 10:35:22.622 24500 24516 W Unity   : This message has been deprecated and will be removed in a later version of Unity.
06-28 10:35:22.622 24500 24516 W Unity   : Add a delegate to SceneManager.sceneLoaded instead to get notifications after scene loading has completed
06-28 10:35:22.622 24500 24516 W Unity   :  
06-28 10:35:22.622 24500 24516 W Unity   : (Filename:  Line: 356)
06-28 10:35:22.622 24500 24516 W Unity   : 
06-28 10:35:22.652 24500 24516 W Unity   : OnLevelWasLoaded was found on AnalyticsBehaviour
06-28 10:35:22.652 24500 24516 W Unity   : This message has been deprecated and will be removed in a later version of Unity.
06-28 10:35:22.652 24500 24516 W Unity   : Add a delegate to SceneManager.sceneLoaded instead to get notifications after scene loading has completed
06-28 10:35:22.652 24500 24516 W Unity   :  
06-28 10:35:22.652 24500 24516 W Unity   : (Filename:  Line: 356)
06-28 10:35:22.652 24500 24516 W Unity   : 
06-28 10:35:22.840 12507 12507 I net.osmand: RoutingHelper Recalculate route, because correlation  : 56128.159849497955
06-28 10:35:22.852 12507 12507 I net.osmand: RoutingHelper Recalculate route, because correlation  : 56128.159849497955
06-28 10:35:22.852 12507 12507 I net.osmand: RoutingHelper Recalculate route, because wrong movement direction: 56128.16
06-28 10:35:22.911 24500 24516 W Unity   : OnLevelWasLoaded was found on LegionStateMachine
06-28 10:35:22.911 24500 24516 W Unity   : This message has been deprecated and will be removed in a later version of Unity.
06-28 10:35:22.911 24500 24516 W Unity   : Add a delegate to SceneManager.sceneLoaded instead to get notifications after scene loading has completed
06-28 10:35:22.911 24500 24516 W Unity   :  
06-28 10:35:22.911 24500 24516 W Unity   : (Filename:  Line: 356)
06-28 10:35:22.911 24500 24516 W Unity   : 
06-28 10:35:22.917 24500 24516 W Unity   : OnLevelWasLoaded was found on ObscuredCheatingDetector
06-28 10:35:22.917 24500 24516 W Unity   : This message has been deprecated and will be removed in a later version of Unity.
06-28 10:35:22.917 24500 24516 W Unity   : Add a delegate to SceneManager.sceneLoaded instead to get notifications after scene loading has completed
06-28 10:35:22.917 24500 24516 W Unity   :  
06-28 10:35:22.917 24500 24516 W Unity   : (Filename:  Line: 356)
06-28 10:35:22.917 24500 24516 W Unity   : 
06-28 10:35:23.112  1393  3231 W audio_hw_generic: Not supplying enough data to HAL, expected position 121480675 , only wrote 121480560
06-28 10:35:23.141  1475  1571 D AudioFlinger: mixer(0xaa803cc0) throttle end: throttle time(11)
06-28 10:35:23.240 24500 24516 W Unity   : OnLevelWasLoaded was found on BB_LodoutData
06-28 10:35:23.240 24500 24516 W Unity   : This message has been deprecated and will be removed in a later version of Unity.
06-28 10:35:23.240 24500 24516 W Unity   : Add a delegate to SceneManager.sceneLoaded instead to get notifications after scene loading has completed
06-28 10:35:23.240 24500 24516 W Unity   :  
06-28 10:35:23.240 24500 24516 W Unity   : (Filename:  Line: 356)
06-28 10:35:23.240 24500 24516 W Unity   : 
06-28 10:35:23.253  1475  1571 D AudioFlinger: mixer(0xaa803cc0) throttle end: throttle time(9)
06-28 10:35:23.316  1402  1417 D hwcomposer: hw_composer sent 54 syncs in 88s
06-28 10:35:23.361 24500 24516 W Unity   : OnLevelWasLoaded was found on SpeedHackDetector
06-28 10:35:23.361 24500 24516 W Unity   : This message has been deprecated and will be removed in a later version of Unity.
06-28 10:35:23.361 24500 24516 W Unity   : Add a delegate to SceneManager.sceneLoaded instead to get notifications after scene loading has completed
06-28 10:35:23.361 24500 24516 W Unity   :  
06-28 10:35:23.361 24500 24516 W Unity   : (Filename:  Line: 356)
06-28 10:35:23.361 24500 24516 W Unity   : 
06-28 10:35:23.364 24500 24516 W Unity   : OnLevelWasLoaded was found on WallHackDetector
06-28 10:35:23.364 24500 24516 W Unity   : This message has been deprecated and will be removed in a later version of Unity.
06-28 10:35:23.364 24500 24516 W Unity   : Add a delegate to SceneManager.sceneLoaded instead to get notifications after scene loading has completed
06-28 10:35:23.364 24500 24516 W Unity   :  
06-28 10:35:23.364 24500 24516 W Unity   : (Filename:  Line: 356)
06-28 10:35:23.364 24500 24516 W Unity   : 
06-28 10:35:23.386  1475  1571 D AudioFlinger: mixer(0xaa803cc0) throttle end: throttle time(4)
06-28 10:35:23.505  1393  3231 W audio_hw_generic: Not supplying enough data to HAL, expected position 121499418 , only wrote 121499280
06-28 10:35:23.506  1393  3231 W audio_hw_generic: Not supplying enough data to HAL, expected position 121499328 , only wrote 121499280
06-28 10:35:23.522  1393  3231 W audio_hw_generic: Not supplying enough data to HAL, expected position 121500061 , only wrote 121500000
06-28 10:35:23.536  1475  1571 D AudioFlinger: mixer(0xaa803cc0) throttle end: throttle time(1)
06-28 10:35:23.694  1393  3231 W audio_hw_generic: Not supplying enough data to HAL, expected position 121508273 , only wrote 121507920
06-28 10:35:23.695  1393  3231 W audio_hw_generic: Not supplying enough data to HAL, expected position 121507956 , only wrote 121507920
06-28 10:35:23.710  1393  3231 W audio_hw_generic: Not supplying enough data to HAL, expected position 121508659 , only wrote 121508640
06-28 10:35:23.722  1475  1571 D AudioFlinger: mixer(0xaa803cc0) throttle end: throttle time(11)
06-28 10:35:23.734 12507 12507 I net.osmand: RoutingHelper Recalculate route, because correlation  : 56128.159849497955
06-28 10:35:23.734 12507 12507 I net.osmand: RoutingHelper Recalculate route, because wrong movement direction: 56128.16
06-28 10:35:23.762 12507 12507 I net.osmand: RoutingHelper Recalculate route, because correlation  : 56128.159849497955
06-28 10:35:23.849 12507 12507 I chatty  : uid=10104(net.osmand) identical 1 line
06-28 10:35:23.853 12507 12507 I net.osmand: RoutingHelper Recalculate route, because correlation  : 56128.159849497955
06-28 10:35:23.854 12507 12507 I net.osmand: RoutingHelper Recalculate route, because wrong movement direction: 56128.16
06-28 10:35:24.019 24500 24516 W Unity   : OnLevelWasLoaded was found on SkillSystem
06-28 10:35:24.019 24500 24516 W Unity   : This message has been deprecated and will be removed in a later version of Unity.
06-28 10:35:24.019 24500 24516 W Unity   : Add a delegate to SceneManager.sceneLoaded instead to get notifications after scene loading has completed
06-28 10:35:24.019 24500 24516 W Unity   :  
06-28 10:35:24.019 24500 24516 W Unity   : (Filename:  Line: 356)
06-28 10:35:24.019 24500 24516 W Unity   : 
06-28 10:35:24.124  1393  3231 W audio_hw_generic: Not supplying enough data to HAL, expected position 121528470 , only wrote 121527360
06-28 10:35:24.124  1393  3231 W audio_hw_generic: Not supplying enough data to HAL, expected position 121527369 , only wrote 121527360
06-28 10:35:24.136 12507 12507 I net.osmand: RoutingHelper Recalculate route, because correlation  : 56128.159849497955
06-28 10:35:24.139  1393  3231 W audio_hw_generic: Not supplying enough data to HAL, expected position 121528091 , only wrote 121528080
06-28 10:35:24.145 12507 12507 I net.osmand: RoutingHelper Recalculate route, because correlation  : 56128.159849497955
06-28 10:35:24.145 12507 12507 I net.osmand: RoutingHelper Recalculate route, because wrong movement direction: 56128.16
06-28 10:35:24.150  1475  1571 D AudioFlinger: mixer(0xaa803cc0) throttle end: throttle time(12)
06-28 10:35:24.196 12507 12507 I net.osmand: RoutingHelper Recalculate route, because correlation  : 56128.159849497955
06-28 10:35:24.204 12507 12507 I net.osmand: RoutingHelper Recalculate route, because correlation  : 56128.159849497955
06-28 10:35:24.205 12507 12507 I net.osmand: RoutingHelper Recalculate route, because wrong movement direction: 56128.16
06-28 10:35:24.845 12507 12507 I net.osmand: RoutingHelper Recalculate route, because correlation  : 56128.159849497955
06-28 10:35:24.855 12507 12507 I net.osmand: RoutingHelper Recalculate route, because correlation  : 56128.159849497955
06-28 10:35:24.855 12507 12507 I net.osmand: RoutingHelper Recalculate route, because wrong movement direction: 56128.16
06-28 10:35:25.118  1393  3231 W audio_hw_generic: Not supplying enough data to HAL, expected position 121575085 , only wrote 121574880
06-28 10:35:25.119  1393  3231 W audio_hw_generic: Not supplying enough data to HAL, expected position 121574907 , only wrote 121574880
06-28 10:35:25.135  1393  3231 W audio_hw_generic: Not supplying enough data to HAL, expected position 121575632 , only wrote 121575600
06-28 10:35:25.155  1475  1571 D AudioFlinger: mixer(0xaa803cc0) throttle end: throttle time(4)
06-28 10:35:25.282 12507 12507 I net.osmand: RoutingHelper Recalculate route, because correlation  : 56128.159849497955
06-28 10:35:25.287 12507 12507 I net.osmand: RoutingHelper Recalculate route, because correlation  : 56128.159849497955
06-28 10:35:25.288 12507 12507 I net.osmand: RoutingHelper Recalculate route, because wrong movement direction: 56128.16
06-28 10:35:25.305  1393  3231 W audio_hw_generic: Not supplying enough data to HAL, expected position 121583794 , only wrote 121583520
06-28 10:35:25.376  1393  3231 W audio_hw_generic: Not supplying enough data to HAL, expected position 121586925 , only wrote 121586400
06-28 10:35:25.377  1393  3231 W audio_hw_generic: Not supplying enough data to HAL, expected position 121586455 , only wrote 121586400
06-28 10:35:25.412  1475  1571 D AudioFlinger: mixer(0xaa803cc0) throttle end: throttle time(9)
06-28 10:35:25.664 24500 24516 D EGL_emulation: eglMakeCurrent: 0x8ea3a880: ver 2 0 (tinfo 0x8ea19250)
06-28 10:35:25.671 24500 24516 D EGL_emulation: eglMakeCurrent: 0x8ea3a880: ver 2 0 (tinfo 0x8ea19250)
06-28 10:35:25.674 24500 24573 D EGL_emulation: eglMakeCurrent: 0x8ea3a880: ver 2 0 (tinfo 0x8ea19490)
06-28 10:35:25.701 24500 24516 V MediaRouter: Adding route: RouteInfo{ name=Phone, description=null, status=null, category=RouteCategory{ name=System types=ROUTE_TYPE_LIVE_AUDIO ROUTE_TYPE_LIVE_VIDEO  groupable=false }, supportedTypes=ROUTE_TYPE_LIVE_AUDIO ROUTE_TYPE_LIVE_VIDEO , presentationDisplay=null }
06-28 10:35:25.722 24500 24516 V MediaRouter: Selecting route: RouteInfo{ name=Phone, description=null, status=null, category=RouteCategory{ name=System types=ROUTE_TYPE_LIVE_AUDIO ROUTE_TYPE_LIVE_VIDEO  groupable=false }, supportedTypes=ROUTE_TYPE_LIVE_AUDIO ROUTE_TYPE_LIVE_VIDEO , presentationDisplay=null }
06-28 10:35:25.765 12507 12507 I net.osmand: RoutingHelper Recalculate route, because correlation  : 56128.159849497955
06-28 10:35:25.765 12507 12507 I net.osmand: RoutingHelper Recalculate route, because wrong movement direction: 56128.16
06-28 10:35:25.892 12507 12507 I net.osmand: RoutingHelper Recalculate route, because correlation  : 56128.159849497955
06-28 10:35:25.905 12507 12507 I net.osmand: RoutingHelper Recalculate route, because correlation  : 56128.159849497955
06-28 10:35:25.905 12507 12507 I net.osmand: RoutingHelper Recalculate route, because wrong movement direction: 56128.16
06-28 10:35:25.917 12507 12507 I net.osmand: RoutingHelper Recalculate route, because correlation  : 56128.159849497955
06-28 10:35:25.922 12507 12507 I net.osmand: RoutingHelper Recalculate route, because correlation  : 56128.159849497955
06-28 10:35:25.922 12507 12507 I net.osmand: RoutingHelper Recalculate route, because wrong movement direction: 56128.16
06-28 10:35:25.923 12507 12507 I net.osmand: RoutingHelper Recalculate route, because correlation  : 56128.159849497955
06-28 10:35:26.269  1401  1401 D gralloc_ranchu: gralloc_alloc: Creating ashmem region of size 8298496
06-28 10:35:26.313  1401  1401 D gralloc_ranchu: gralloc_alloc: Creating ashmem region of size 8298496
06-28 10:35:26.776  1393  3231 W audio_hw_generic: Not supplying enough data to HAL, expected position 121653516 , only wrote 121653360
06-28 10:35:26.788 12507 12507 I net.osmand: RoutingHelper Recalculate route, because correlation  : 56128.159849497955
06-28 10:35:26.788 12507 12507 I net.osmand: RoutingHelper Recalculate route, because wrong movement direction: 56128.16
06-28 10:35:26.808  1475  1571 D AudioFlinger: mixer(0xaa803cc0) throttle end: throttle time(7)
06-28 10:35:26.871  1475  1571 D AudioFlinger: mixer(0xaa803cc0) throttle end: throttle time(8)
06-28 10:35:26.884 12507 12507 I net.osmand: RoutingHelper Recalculate route, because correlation  : 56128.159849497955
06-28 10:35:26.884 12507 12507 I net.osmand: RoutingHelper Recalculate route, because wrong movement direction: 56128.16
06-28 10:35:26.954 12507 12507 I net.osmand: RoutingHelper Recalculate route, because correlation  : 56128.159849497955
06-28 10:35:26.959 12507 12507 I net.osmand: RoutingHelper Recalculate route, because correlation  : 56128.159849497955
06-28 10:35:27.471  1393  3231 W audio_hw_generic: Not supplying enough data to HAL, expected position 121686749 , only wrote 121686480
06-28 10:35:27.607  1393  3231 W audio_hw_generic: Not supplying enough data to HAL, expected position 121692990 , only wrote 121692960
06-28 10:35:27.608  1393  3231 W audio_hw_generic: Not supplying enough data to HAL, expected position 121692976 , only wrote 121692960
06-28 10:35:27.623  1393  3231 W audio_hw_generic: Not supplying enough data to HAL, expected position 121693713 , only wrote 121693680
06-28 10:35:27.639  1393  3231 W audio_hw_generic: Not supplying enough data to HAL, expected position 121694458 , only wrote 121694400
06-28 10:35:27.641  1475  1571 D AudioFlinger: mixer(0xaa803cc0) throttle end: throttle time(8)
06-28 10:35:27.651 12507 12507 I net.osmand: RoutingHelper Recalculate route, because correlation  : 56128.159849497955
06-28 10:35:27.682 12507 12507 I net.osmand: RoutingHelper Recalculate route, because correlation  : 56128.159849497955
06-28 10:35:27.682 12507 12507 I net.osmand: RoutingHelper Recalculate route, because wrong movement direction: 56128.16
06-28 10:35:27.731 12507 12507 I net.osmand: RoutingHelper Recalculate route, because correlation  : 56128.159849497955
06-28 10:35:27.737 12507 12507 I net.osmand: RoutingHelper Recalculate route, because correlation  : 56128.159849497955
06-28 10:35:27.738 12507 12507 I net.osmand: RoutingHelper Recalculate route, because wrong movement direction: 56128.16
06-28 10:35:27.849 12507 12507 I net.osmand: RoutingHelper Recalculate route, because correlation  : 56128.159849497955
06-28 10:35:27.855 12507 12507 I net.osmand: RoutingHelper Recalculate route, because correlation  : 56128.159849497955
06-28 10:35:27.855 12507 12507 I net.osmand: RoutingHelper Recalculate route, because wrong movement direction: 56128.16
06-28 10:35:27.994  1475  1571 D AudioFlinger: mixer(0xaa803cc0) throttle end: throttle time(3)
06-28 10:35:28.479 12507 12507 I net.osmand: RoutingHelper Recalculate route, because correlation  : 56128.159849497955
06-28 10:35:28.479 12507 12507 I net.osmand: RoutingHelper Recalculate route, because wrong movement direction: 56128.16
06-28 10:35:28.537 19546 19546 I GeofencerStateMachine: sendNewTransitions called.
06-28 10:35:28.539 12507 12507 I net.osmand: RoutingHelper Recalculate route, because correlation  : 56128.159849497955
06-28 10:35:28.846 12507 12507 I net.osmand: RoutingHelper Recalculate route, because correlation  : 56128.159849497955
06-28 10:35:28.846 12507 12507 I net.osmand: RoutingHelper Recalculate route, because wrong movement direction: 56128.16
06-28 10:35:28.889 12507 12507 I net.osmand: RoutingHelper Recalculate route, because correlation  : 56128.159849497955
06-28 10:35:28.989  1393  3231 W audio_hw_generic: Not supplying enough data to HAL, expected position 121759210 , only wrote 121759200
06-28 10:35:28.990  1393  3231 W audio_hw_generic: Not supplying enough data to HAL, expected position 121759217 , only wrote 121759200
06-28 10:35:29.007  1393  3231 W audio_hw_generic: Not supplying enough data to HAL, expected position 121760020 , only wrote 121759920
06-28 10:35:29.235 12507 12507 I net.osmand: RoutingHelper Recalculate route, because correlation  : 56128.159849497955
06-28 10:35:29.235 12507 12507 I net.osmand: RoutingHelper Recalculate route, because wrong movement direction: 56128.16
06-28 10:35:29.262 12507 12507 I net.osmand: RoutingHelper Recalculate route, because correlation  : 56128.159849497955
06-28 10:35:29.262 12507 12507 I net.osmand: RoutingHelper Recalculate route, because wrong movement direction: 56128.16
06-28 10:35:29.289 12507 12507 I net.osmand: RoutingHelper Recalculate route, because correlation  : 56128.159849497955
06-28 10:35:29.305 12507 12507 I net.osmand: RoutingHelper Recalculate route, because correlation  : 56128.159849497955
06-28 10:35:29.362 24579 24579 D AndroidRuntime: >>>>>> START com.android.internal.os.RuntimeInit uid 2000 <<<<<<
06-28 10:35:29.410 24579 24579 W app_process: Could not reserve sentinel fault page
06-28 10:35:29.869 12507 12507 I net.osmand: RoutingHelper Recalculate route, because correlation  : 56128.159849497955
06-28 10:35:29.945 12507 12507 I net.osmand: RoutingHelper Recalculate route, because correlation  : 56128.159849497955
06-28 10:35:29.945 12507 12507 I net.osmand: RoutingHelper Recalculate route, because wrong movement direction: 56128.16
06-28 10:35:29.959 12507 12507 I net.osmand: RoutingHelper Recalculate route, because correlation  : 56128.159849497955
06-28 10:35:29.959 12507 12507 I net.osmand: RoutingHelper Recalculate route, because wrong movement direction: 56128.16
06-28 10:35:29.963 12507 12507 I net.osmand: RoutingHelper Recalculate route, because correlation  : 56128.159849497955
06-28 10:35:30.204 24579 24579 W app_process: Unexpected CPU variant for X86 using defaults: x86
06-28 10:35:30.236 24579 24579 I app_process: The ClassLoaderContext is a special shared library.
06-28 10:35:30.354 24500 24516 D UnityAds: com.unity3d.ads.cache.CacheDirectory.getCacheDirectory() (line:42) :: Unity Ads is using external cache directory: /storage/emulated/0/Android/data/com.EvilChaotic.ModernWarplanes/cache/UnityAdsCache
06-28 10:35:30.394 24500 24516 D UnityAds: com.unity3d.ads.misc.Utilities.writeFile() (line:105) :: Wrote file: /storage/emulated/0/Android/data/com.EvilChaotic.ModernWarplanes/cache/UnityAdsCache/UnityAdsStorage-public-data.json
06-28 10:35:30.395 24500 24516 D UnityAds: com.unity3d.ads.device.Storage.sendEvent() (line:82) :: Couldn't send storage event to WebApp
06-28 10:35:30.425 24500 24516 D UnityAds: com.unity3d.ads.misc.Utilities.writeFile() (line:105) :: Wrote file: /storage/emulated/0/Android/data/com.EvilChaotic.ModernWarplanes/cache/UnityAdsCache/UnityAdsStorage-public-data.json
06-28 10:35:30.425 24500 24516 D UnityAds: com.unity3d.ads.device.Storage.sendEvent() (line:82) :: Couldn't send storage event to WebApp
06-28 10:35:30.515 24579 24579 D AndroidRuntime: Calling main entry com.android.commands.monkey.Monkey
06-28 10:35:30.521 24500 24516 D UnityAds: com.unity3d.ads.UnityAds.initialize() (line:109) :: ENTERED METHOD
06-28 10:35:30.523 24500 24516 I UnityAds: com.unity3d.ads.UnityAds.initialize() (line:148) :: Initializing Unity Ads 2.1.1 (2101) with game id 1452279 in production mode
06-28 10:35:30.526 24579 24579 W Monkey  : args: [-p, com.ea.games.r3_row, -c, android.intent.category.LAUNCHER, 1]
06-28 10:35:30.528 24579 24579 W Monkey  :  arg: "-p"
06-28 10:35:30.530 24579 24579 W Monkey  :  arg: "com.ea.games.r3_row"
06-28 10:35:30.530 24579 24579 W Monkey  :  arg: "-c"
06-28 10:35:30.531 24579 24579 W Monkey  :  arg: "android.intent.category.LAUNCHER"
06-28 10:35:30.532 24579 24579 W Monkey  :  arg: "1"
06-28 10:35:30.533 24579 24579 W Monkey  : data="com.ea.games.r3_row"
06-28 10:35:30.535 24579 24579 W Monkey  : data="android.intent.category.LAUNCHER"
06-28 10:35:30.542 24500 24516 I UnityAds: com.unity3d.ads.UnityAds.initialize() (line:160) :: Unity Ads environment check OK
06-28 10:35:30.844 12507 12507 I net.osmand: RoutingHelper Recalculate route, because correlation  : 56128.159849497955
06-28 10:35:30.883  1393  3231 W audio_hw_generic: Not supplying enough data to HAL, expected position 121849985 , only wrote 121849920
06-28 10:35:30.884  1393  3231 W audio_hw_generic: Not supplying enough data to HAL, expected position 121849954 , only wrote 121849920
06-28 10:35:30.930  1603  1617 W BroadcastQueue: Skipping deliver [background] BroadcastRecord{bcb9b74 u-1 android.net.conn.CONNECTIVITY_CHANGE} to ReceiverList{ec6b89d 24579 (unknown name)/2000/u-1 remote:232e286}: process gone or crashing
06-28 10:35:30.951 12507 12507 I net.osmand: RoutingHelper Recalculate route, because correlation  : 56128.159849497955
06-28 10:35:30.951 12507 12507 I net.osmand: RoutingHelper Recalculate route, because wrong movement direction: 56128.16
06-28 10:35:30.954 12507 12507 I net.osmand: RoutingHelper Recalculate route, because correlation  : 56128.159849497955
06-28 10:35:30.954 12507 12507 I net.osmand: RoutingHelper Recalculate route, because wrong movement direction: 56128.16
06-28 10:35:30.976 12507 12507 I net.osmand: RoutingHelper Recalculate route, because correlation  : 56128.159849497955
06-28 10:35:30.985 12507 12507 I net.osmand: RoutingHelper Recalculate route, because correlation  : 56128.159849497955
06-28 10:35:30.985 12507 12507 I net.osmand: RoutingHelper Recalculate route, because wrong movement direction: 56128.16
06-28 10:35:31.015 12507 12507 I net.osmand: RoutingHelper Recalculate route, because correlation  : 56128.159849497955
06-28 10:35:31.189  1603  1614 I ActivityManager: START u0 {act=android.intent.action.MAIN cat=[android.intent.category.LAUNCHER] flg=0x10200000 cmp=com.ea.games.r3_row/com.firemint.realracing.UnpackAssetsActivity} from uid 2000
06-28 10:35:31.201  1603  1614 W Binder  : Outgoing transactions from this process must be FLAG_ONEWAY
06-28 10:35:31.201  1603  1614 W Binder  : java.lang.Throwable
06-28 10:35:31.201  1603  1614 W Binder  : 	at android.os.BinderProxy.transact(Binder.java:752)
06-28 10:35:31.201  1603  1614 W Binder  : 	at android.app.IActivityController$Stub$Proxy.activityStarting(IActivityController.java:172)
06-28 10:35:31.201  1603  1614 W Binder  : 	at com.android.server.am.ActivityStarter.startActivity(ActivityStarter.java:449)
06-28 10:35:31.201  1603  1614 W Binder  : 	at com.android.server.am.ActivityStarter.startActivityLocked(ActivityStarter.java:278)
06-28 10:35:31.201  1603  1614 W Binder  : 	at com.android.server.am.ActivityStarter.startActivityMayWait(ActivityStarter.java:817)
06-28 10:35:31.201  1603  1614 W Binder  : 	at com.android.server.am.ActivityManagerService.startActivityAsUser(ActivityManagerService.java:4532)
06-28 10:35:31.201  1603  1614 W Binder  : 	at com.android.server.am.ActivityManagerService.startActivity(ActivityManagerService.java:4519)
06-28 10:35:31.201  1603  1614 W Binder  : 	at android.app.IActivityManager$Stub.onTransact(IActivityManager.java:121)
06-28 10:35:31.201  1603  1614 W Binder  : 	at com.android.server.am.ActivityManagerService.onTransact(ActivityManagerService.java:2919)
06-28 10:35:31.201  1603  1614 W Binder  : 	at android.os.Binder.execTransact(Binder.java:697)
06-28 10:35:31.268 24579 24579 I Monkey  : Events injected: 1
06-28 10:35:31.306 24579 24579 I Monkey  : ## Network stats: elapsed time=130ms (0ms mobile, 0ms wifi, 130ms not connected)
06-28 10:35:31.325 24579 24579 I com.android.commands.monkey: System.exit called, status: 0
06-28 10:35:31.325 24579 24579 I AndroidRuntime: VM exiting with result code 0.
06-28 10:35:31.367  1401  1401 D gralloc_ranchu: gralloc_alloc: Creating ashmem region of size 8298496
06-28 10:35:31.544 12507 12507 I net.osmand: RoutingHelper Recalculate route, because correlation  : 56128.159849497955
06-28 10:35:31.544 12507 12507 I net.osmand: RoutingHelper Recalculate route, because wrong movement direction: 56128.16
06-28 10:35:31.574 12507 12507 I net.osmand: RoutingHelper Recalculate route, because correlation  : 56128.159849497955
06-28 10:35:31.761  1603  1617 W ActivityManager: Activity pause timeout for ActivityRecord{e64a608 u0 com.EvilChaotic.ModernWarplanes/com.unity3d.player.UnityPlayerActivity t79}
06-28 10:35:31.791  1603  1617 I ActivityManager: Start proc 24597:com.ea.games.r3_row/u0a83 for activity com.ea.games.r3_row/com.firemint.realracing.UnpackAssetsActivity
06-28 10:35:31.842 24597 24597 W zygote  : Unexpected CPU variant for X86 using defaults: x86
06-28 10:35:31.859 12507 12507 I net.osmand: RoutingHelper Recalculate route, because correlation  : 56128.159849497955
06-28 10:35:31.859 12507 12507 I net.osmand: RoutingHelper Recalculate route, because wrong movement direction: 56128.16
06-28 10:35:31.891 12507 12507 I net.osmand: RoutingHelper Recalculate route, because correlation  : 56128.159849497955
06-28 10:35:31.980  1393  3231 W audio_hw_generic: Not supplying enough data to HAL, expected position 121902550 , only wrote 121902480
06-28 10:35:32.120  1401  1401 D gralloc_ranchu: gralloc_alloc: Creating ashmem region of size 8298496
06-28 10:35:32.168  1603  2079 D         : HostConnection::get() New Host Connection established 0x94eb1740, tid 2079
06-28 10:35:32.197  1412  1412 E EGL_emulation: tid 1412: eglCreateSyncKHR(1962): error 0x3004 (EGL_BAD_ATTRIBUTE)
06-28 10:35:32.202  1475  1571 D AudioFlinger: mixer(0xaa803cc0) throttle end: throttle time(3)
06-28 10:35:32.235  1603  2079 W ActivityManager: Slow operation: 230ms so far, now at attachApplicationLocked: after mServices.attachApplicationLocked
06-28 10:35:32.242  1603  1618 W Looper  : Dispatch took 194ms on android.ui, h=Handler (com.android.server.am.ActivityManagerService$UiHandler) {5717402} cb=null msg=31
06-28 10:35:32.410  1401  1401 D gralloc_ranchu: gralloc_alloc: Creating ashmem region of size 8298496
06-28 10:35:32.470  1475  1571 D AudioFlinger: mixer(0xaa803cc0) throttle end: throttle time(12)
06-28 10:35:32.671 24500 24591 I UnityAds: com.unity3d.ads.configuration.InitializeThread$InitializeStateConfig.execute() (line:214) :: Unity Ads init: load configuration from https://config.unityads.unity3d.com/webview/2.1.1/release/config.json
06-28 10:35:32.683  1393  3231 W audio_hw_generic: Not supplying enough data to HAL, expected position 121936199 , only wrote 121934880
06-28 10:35:32.699  1475  1571 D AudioFlinger: mixer(0xaa803cc0) throttle end: throttle time(12)
06-28 10:35:32.699  1393  3231 W audio_hw_generic: Not supplying enough data to HAL, expected position 121935661 , only wrote 121935600
06-28 10:35:32.803 12507 12507 I net.osmand: RoutingHelper Recalculate route, because correlation  : 56128.159849497955
06-28 10:35:32.803 12507 12507 I net.osmand: RoutingHelper Recalculate route, because wrong movement direction: 56128.16
06-28 10:35:32.811  1393  3231 W audio_hw_generic: Not supplying enough data to HAL, expected position 121940982 , only wrote 121940640
06-28 10:35:32.812  1393  3231 W audio_hw_generic: Not supplying enough data to HAL, expected position 121940695 , only wrote 121940640
06-28 10:35:32.827 24597 24597 I MultiDex: VM with version 2.1.0 has multidex support
06-28 10:35:32.827 24597 24597 I MultiDex: install
06-28 10:35:32.827 24597 24597 I MultiDex: VM has multidex support, MultiDex support library is disabled.
06-28 10:35:32.829  1393  3231 W audio_hw_generic: Not supplying enough data to HAL, expected position 121941421 , only wrote 121941360
06-28 10:35:32.841  1401  1401 D gralloc_ranchu: gralloc_alloc: Creating ashmem region of size 8298496
06-28 10:35:32.869 24500 24591 D NetworkSecurityConfig: No Network Security Config specified, using platform default
06-28 10:35:33.141 12507 12507 I net.osmand: RoutingHelper Recalculate route, because correlation  : 56128.159849497955
06-28 10:35:33.144 12507 12507 I net.osmand: RoutingHelper Recalculate route, because wrong movement direction: 56128.16
06-28 10:35:33.208 12507 12507 I net.osmand: RoutingHelper Recalculate route, because correlation  : 56128.159849497955
06-28 10:35:33.302 12507 12507 I chatty  : uid=10104(net.osmand) identical 1 line
06-28 10:35:33.315 12507 12507 I net.osmand: RoutingHelper Recalculate route, because correlation  : 56128.159849497955
06-28 10:35:33.316 12507 12507 I net.osmand: RoutingHelper Recalculate route, because wrong movement direction: 56128.16
06-28 10:35:33.324  1475  1571 D AudioFlinger: mixer(0xaa803cc0) throttle end: throttle time(1)
06-28 10:35:33.437 12507 12507 I net.osmand: RoutingHelper Recalculate route, because correlation  : 56128.159849497955
06-28 10:35:33.561  1603  3242 I zygote  : android::hardware::configstore::V1_0::ISurfaceFlingerConfigs::hasWideColorDisplay retrieved: 0
06-28 10:35:33.561  1603  3242 I OpenGLRenderer: Initialized EGL, version 1.4
06-28 10:35:33.584  1603  3242 D OpenGLRenderer: Swap behavior 1
06-28 10:35:33.585  1603  3242 W OpenGLRenderer: Failed to choose config with EGL_SWAP_BEHAVIOR_PRESERVED, retrying without...
06-28 10:35:33.586  1603  3242 D OpenGLRenderer: Swap behavior 0
06-28 10:35:33.628  1603  3242 D EGL_emulation: eglCreateContext: 0x925f4f60: maj 2 min 0 rcv 2
06-28 10:35:33.685  1708  1728 I zygote  : NativeAlloc concurrent copying GC freed 48797(1941KB) AllocSpace objects, 0(0B) LOS objects, 48% free, 6MB/12MB, paused 43.600ms total 1.692s
06-28 10:35:33.753  1603  3242 D EGL_emulation: eglMakeCurrent: 0x925f4f60: ver 2 0 (tinfo 0x8dfe60d0)
06-28 10:35:33.883 12507 12507 I net.osmand: RoutingHelper Recalculate route, because correlation  : 56128.159849497955
06-28 10:35:33.909 12507 12507 I net.osmand: RoutingHelper Recalculate route, because correlation  : 56128.159849497955
06-28 10:35:33.910 12507 12507 I net.osmand: RoutingHelper Recalculate route, because wrong movement direction: 56128.16
06-28 10:35:33.969  1393  3231 W audio_hw_generic: Not supplying enough data to HAL, expected position 121996113 , only wrote 121996080
06-28 10:35:34.339 12507 12507 I net.osmand: RoutingHelper Recalculate route, because correlation  : 56128.159849497955
06-28 10:35:34.381  1393  3231 W audio_hw_generic: Hardware backing HAL too slow, could only write 0 of 720 frames
06-28 10:35:34.381 12507 12507 I net.osmand: RoutingHelper Recalculate route, because correlation  : 56128.159849497955
06-28 10:35:34.382 12507 12507 I net.osmand: RoutingHelper Recalculate route, because wrong movement direction: 56128.16
06-28 10:35:34.402 12507 12507 I net.osmand: RoutingHelper Recalculate route, because correlation  : 56128.159849497955
06-28 10:35:34.408 12507 12507 I net.osmand: RoutingHelper Recalculate route, because correlation  : 56128.159849497955
06-28 10:35:34.408 12507 12507 I net.osmand: RoutingHelper Recalculate route, because wrong movement direction: 56128.16
06-28 10:35:34.727 24597 24597 D OpenGLRenderer: HWUI GL Pipeline
06-28 10:35:34.769 12507 12507 I net.osmand: RoutingHelper Recalculate route, because correlation  : 56128.159849497955
06-28 10:35:34.769 12507 12507 I net.osmand: RoutingHelper Recalculate route, because wrong movement direction: 56128.16
06-28 10:35:34.820 12507 12507 I net.osmand: RoutingHelper Recalculate route, because correlation  : 56128.159849497955
06-28 10:35:34.867 12507 12507 I net.osmand: RoutingHelper Recalculate route, because correlation  : 56128.159849497955
06-28 10:35:34.879  1393  3231 W audio_hw_generic: Not supplying enough data to HAL, expected position 122039728 , only wrote 122039280
06-28 10:35:34.879  1393  3231 W audio_hw_generic: Not supplying enough data to HAL, expected position 122039291 , only wrote 122039280
06-28 10:35:34.886 12507 12507 I net.osmand: RoutingHelper Recalculate route, because correlation  : 56128.159849497955
06-28 10:35:34.886 12507 12507 I net.osmand: RoutingHelper Recalculate route, because wrong movement direction: 56128.16
06-28 10:35:34.967 24597 24614 I RealRacing3: extractAssets: Zip checksum OK, only extracting missing files.
06-28 10:35:34.988 24597 24607 I zygote  : NativeAlloc concurrent copying GC freed 1673(684KB) AllocSpace objects, 0(0B) LOS objects, 58% free, 1103KB/2MB, paused 1.464ms total 292.303ms
06-28 10:35:34.990  1412  1467 E SurfaceFlinger: ro.sf.lcd_density must be defined as a build property
06-28 10:35:35.095  1401  1401 D gralloc_ranchu: gralloc_alloc: Creating ashmem region of size 8298496
06-28 10:35:35.097 24597 24615 D         : HostConnection::get() New Host Connection established 0xa3c26b00, tid 24615
06-28 10:35:35.144  1401  6331 D gralloc_ranchu: gralloc_alloc: Creating ashmem region of size 8298496
06-28 10:35:35.178 24597 24615 I zygote  : android::hardware::configstore::V1_0::ISurfaceFlingerConfigs::hasWideColorDisplay retrieved: 0
06-28 10:35:35.182 24597 24615 I OpenGLRenderer: Initialized EGL, version 1.4
06-28 10:35:35.182 24597 24615 D OpenGLRenderer: Swap behavior 1
06-28 10:35:35.183 24597 24615 W OpenGLRenderer: Failed to choose config with EGL_SWAP_BEHAVIOR_PRESERVED, retrying without...
06-28 10:35:35.183 24597 24615 D OpenGLRenderer: Swap behavior 0
06-28 10:35:35.245 24597 24615 D EGL_emulation: eglCreateContext: 0xa6586120: maj 2 min 0 rcv 2
06-28 10:35:35.245  1401  6331 D gralloc_ranchu: gralloc_alloc: Creating ashmem region of size 8298496
06-28 10:35:35.264 24500 24500 W Unity   : Timeout while trying to pause the Unity Engine.
06-28 10:35:35.295 24597 24615 D EGL_emulation: eglMakeCurrent: 0xa6586120: ver 2 0 (tinfo 0xae41b260)
06-28 10:35:35.313  1412  1428 E SurfaceFlinger: ro.sf.lcd_density must be defined as a build property
06-28 10:35:35.492 24597 24615 D EGL_emulation: eglMakeCurrent: 0xa6586120: ver 2 0 (tinfo 0xae41b260)
06-28 10:35:35.584  1475  1571 D AudioFlinger: mixer(0xaa803cc0) throttle end: throttle time(11)
06-28 10:35:35.848  1603  1624 I ActivityManager: Displayed com.ea.games.r3_row/com.firemint.realracing.UnpackAssetsActivity: +3s934ms
06-28 10:35:35.859 12507 12507 I net.osmand: RoutingHelper Recalculate route, because correlation  : 56128.159849497955
06-28 10:35:35.924 12507 12507 I net.osmand: RoutingHelper Recalculate route, because correlation  : 56128.159849497955
06-28 10:35:35.925 12507 12507 I net.osmand: RoutingHelper Recalculate route, because wrong movement direction: 56128.16
06-28 10:35:36.190  1475  1571 D AudioFlinger: mixer(0xaa803cc0) throttle end: throttle time(8)
06-28 10:35:36.191  1393  3231 W audio_hw_generic: Not supplying enough data to HAL, expected position 122102243 , only wrote 122094000
06-28 10:35:36.191  1393  3231 W audio_hw_generic: Not supplying enough data to HAL, expected position 122094009 , only wrote 122094000
06-28 10:35:36.207  1393  3231 W audio_hw_generic: Not supplying enough data to HAL, expected position 122094760 , only wrote 122094720
06-28 10:35:36.248 12507 12507 I net.osmand: RoutingHelper Recalculate route, because correlation  : 56128.159849497955
06-28 10:35:36.248 12507 12507 I net.osmand: RoutingHelper Recalculate route, because wrong movement direction: 56128.16
06-28 10:35:36.253 12507 12507 I net.osmand: RoutingHelper Recalculate route, because correlation  : 56128.159849497955
06-28 10:35:36.253 12507 12507 I net.osmand: RoutingHelper Recalculate route, because wrong movement direction: 56128.16
06-28 10:35:36.314 12507 12507 I net.osmand: RoutingHelper Recalculate route, because correlation  : 56128.159849497955
06-28 10:35:36.542 12507 12507 I chatty  : uid=10104(net.osmand) identical 2 lines
06-28 10:35:36.567 12507 12507 I net.osmand: RoutingHelper Recalculate route, because correlation  : 56128.159849497955
06-28 10:35:36.567 12507 12507 I net.osmand: RoutingHelper Recalculate route, because wrong movement direction: 56128.16
06-28 10:35:36.795  1603  1612 I zygote  : NativeAlloc concurrent copying GC freed 24991(1277KB) AllocSpace objects, 3(124KB) LOS objects, 24% free, 18MB/24MB, paused 8.897ms total 3.311s
06-28 10:35:36.849 12507 12507 I net.osmand: RoutingHelper Recalculate route, because correlation  : 56128.159849497955
06-28 10:35:36.861 12507 12507 I net.osmand: RoutingHelper Recalculate route, because correlation  : 56128.159849497955
06-28 10:35:36.861 12507 12507 I net.osmand: RoutingHelper Recalculate route, because wrong movement direction: 56128.16
06-28 10:35:37.362  1393  3231 W audio_hw_generic: Not supplying enough data to HAL, expected position 122150176 , only wrote 122150160
06-28 10:35:37.820  1475  1571 D AudioFlinger: mixer(0xaa803cc0) throttle end: throttle time(5)
06-28 10:35:37.831 24597 24614 I RealRacing3: extractAssets: Done
06-28 10:35:37.839  1603  1614 I ActivityManager: START u0 {act=android.intent.action.MAIN cat=[android.intent.category.LAUNCHER] flg=0x10210000 cmp=com.ea.games.r3_row/com.firemint.realracing.MainActivity} from uid 10083
06-28 10:35:37.897 12507 12507 I net.osmand: RoutingHelper Recalculate route, because correlation  : 56128.159849497955
06-28 10:35:37.897 12507 12507 I net.osmand: RoutingHelper Recalculate route, because wrong movement direction: 56128.16
06-28 10:35:37.905 12507 12507 I net.osmand: RoutingHelper Recalculate route, because correlation  : 56128.159849497955
06-28 10:35:37.925  1393  3231 W audio_hw_generic: Not supplying enough data to HAL, expected position 122177188 , only wrote 122176800
06-28 10:35:37.926  1393  3231 W audio_hw_generic: Not supplying enough data to HAL, expected position 122176811 , only wrote 122176800
06-28 10:35:37.943  1393  3231 W audio_hw_generic: Not supplying enough data to HAL, expected position 122177621 , only wrote 122177520
06-28 10:35:37.954  1475  1571 D AudioFlinger: mixer(0xaa803cc0) throttle end: throttle time(11)
06-28 10:35:37.971 24597 24597 I RealRacing3: onCreate(): start
06-28 10:35:38.096 12507 12507 I net.osmand: RoutingHelper Recalculate route, because correlation  : 56128.159849497955
06-28 10:35:38.096 12507 12507 I net.osmand: RoutingHelper Recalculate route, because wrong movement direction: 56128.16
06-28 10:35:38.111 12507 12507 I net.osmand: RoutingHelper Recalculate route, because correlation  : 56128.159849497955
06-28 10:35:38.242 12507 12507 I chatty  : uid=10104(net.osmand) identical 1 line
06-28 10:35:38.314 12507 12507 I net.osmand: RoutingHelper Recalculate route, because correlation  : 56128.159849497955
06-28 10:35:38.318 12507 12507 I net.osmand: RoutingHelper Recalculate route, because wrong movement direction: 56128.16
06-28 10:35:38.335 12507 12507 I net.osmand: RoutingHelper Recalculate route, because correlation  : 56128.159849497955
06-28 10:35:38.335 12507 12507 I net.osmand: RoutingHelper Recalculate route, because wrong movement direction: 56128.16
06-28 10:35:38.411 12507 12507 I net.osmand: RoutingHelper Recalculate route, because correlation  : 56128.159849497955
06-28 10:35:38.547 24597 24620 D NetworkSecurityConfig: No Network Security Config specified, using platform default
06-28 10:35:38.819 24597 24597 I RealRacing3: setGameState(1)
06-28 10:35:38.857 24597 24597 I RealRacing3: setRequestedOrientation(ActivityInfo.SCREEN_ORIENTATION_SENSOR_LANDSCAPE)
06-28 10:35:38.874 12507 12507 I net.osmand: RoutingHelper Recalculate route, because correlation  : 56128.159849497955
06-28 10:35:38.879 12507 12507 I net.osmand: RoutingHelper Recalculate route, because correlation  : 56128.159849497955
06-28 10:35:38.880 12507 12507 I net.osmand: RoutingHelper Recalculate route, because wrong movement direction: 56128.16
06-28 10:35:39.349 24500 24500 W Unity   : Timeout while trying detaching primary window.
06-28 10:35:39.368  1393  3231 W audio_hw_generic: Not supplying enough data to HAL, expected position 122245928 , only wrote 122245920
06-28 10:35:39.371 24597 24597 I RealRacing3: MoviePlayer.startup
06-28 10:35:39.396  1393  3231 W audio_hw_generic: Not supplying enough data to HAL, expected position 122247281 , only wrote 122246640
06-28 10:35:39.628 24597 24597 I zygote  : Rejecting re-init on previously-failed class java.lang.Class<com.ea.nimble.ApplicationEnvironmentImpl$6>: java.lang.NoClassDefFoundError: Failed resolution of: Lcom/google/android/gms/tasks/OnSuccessListener;
06-28 10:35:39.628 24597 24597 I zygote  :   at void com.ea.nimble.ApplicationEnvironmentImpl.setCurrentActivity(android.app.Activity) (ApplicationEnvironmentImpl.java:864)
06-28 10:35:39.628 24597 24597 I zygote  :   at void com.ea.nimble.ApplicationEnvironment.setCurrentActivity(android.app.Activity) (ApplicationEnvironment.java:40)
06-28 10:35:39.628 24597 24597 I zygote  :   at void com.ea.nimble.ApplicationLifecycle.onActivityCreate(android.os.Bundle, android.app.Activity) (ApplicationLifecycle.java:18)
06-28 10:35:39.628 24597 24597 I zygote  :   at void com.firemint.realracing.NimbleManager.onCreate(android.os.Bundle) (NimbleManager.java:34)
06-28 10:35:39.628 24597 24597 I zygote  :   at void com.firemint.realracing.MainActivity.onCreate(android.os.Bundle) (MainActivity.java:413)
06-28 10:35:39.628 24597 24597 I zygote  :   at void android.app.Activity.performCreate(android.os.Bundle, android.os.PersistableBundle) (Activity.java:7009)
06-28 10:35:39.628 24597 24597 I zygote  :   at void android.app.Activity.performCreate(android.os.Bundle) (Activity.java:7000)
06-28 10:35:39.631 24597 24597 I zygote  :   at void android.app.Instrumentation.callActivityOnCreate(android.app.Activity, android.os.Bundle) (Instrumentation.java:1214)
06-28 10:35:39.632 24597 24597 I zygote  :   at android.app.Activity android.app.ActivityThread.performLaunchActivity(android.app.ActivityThread$ActivityClientRecord, android.content.Intent) (ActivityThread.java:2731)
06-28 10:35:39.632 24597 24597 I zygote  :   at void android.app.ActivityThread.handleLaunchActivity(android.app.ActivityThread$ActivityClientRecord, android.content.Intent, java.lang.String) (ActivityThread.java:2856)
06-28 10:35:39.632 24597 24597 I zygote  :   at void android.app.ActivityThread.-wrap11(android.app.ActivityThread, android.app.ActivityThread$ActivityClientRecord, android.content.Intent, java.lang.String) (ActivityThread.java:-1)
06-28 10:35:39.632 24597 24597 I zygote  :   at void android.app.ActivityThread$H.handleMessage(android.os.Message) (ActivityThread.java:1589)
06-28 10:35:39.632 24597 24597 I zygote  :   at void android.os.Handler.dispatchMessage(android.os.Message) (Handler.java:106)
06-28 10:35:39.632 24597 24597 I zygote  :   at void android.os.Looper.loop() (Looper.java:164)
06-28 10:35:39.632 24597 24597 I zygote  :   at void android.app.ActivityThread.main(java.lang.String[]) (ActivityThread.java:6494)
06-28 10:35:39.633 24597 24597 I zygote  :   at java.lang.Object java.lang.reflect.Method.invoke(java.lang.Object, java.lang.Object[]) (Method.java:-2)
06-28 10:35:39.633 24597 24597 I zygote  :   at void com.android.internal.os.RuntimeInit$MethodAndArgsCaller.run() (RuntimeInit.java:438)
06-28 10:35:39.653  1393  3231 W audio_hw_generic: Not supplying enough data to HAL, expected position 122258954 , only wrote 122258880
06-28 10:35:39.653  1393  3231 W audio_hw_generic: Hardware backing HAL too slow, could only write 0 of 720 frames
06-28 10:35:39.655  1393  3231 W audio_hw_generic: Hardware backing HAL too slow, could only write 0 of 720 frames
06-28 10:35:39.664 24597 24597 I zygote  :   at void com.android.internal.os.ZygoteInit.main(java.lang.String[]) (ZygoteInit.java:807)
06-28 10:35:39.664 24597 24597 I zygote  : Caused by: java.lang.ClassNotFoundException: Didn't find class "com.google.android.gms.tasks.OnSuccessListener" on path: DexPathList[[zip file "/data/app/com.ea.games.r3_row-icx2XlMnd3SVeOS0bVk8Ww==/base.apk"],nativeLibraryDirectories=[/data/app/com.ea.games.r3_row-icx2XlMnd3SVeOS0bVk8Ww==/lib/x86, /data/app/com.ea.games.r3_row-icx2XlMnd3SVeOS0bVk8Ww==/base.apk!/lib/x86, /system/lib, /vendor/lib]]
06-28 10:35:39.665 24597 24597 I zygote  :   at java.lang.Class dalvik.system.BaseDexClassLoader.findClass(java.lang.String) (BaseDexClassLoader.java:125)
06-28 10:35:39.665 24597 24597 I zygote  :   at java.lang.Class java.lang.ClassLoader.loadClass(java.lang.String, boolean) (ClassLoader.java:379)
06-28 10:35:39.665 24597 24597 I zygote  :   at java.lang.Class java.lang.ClassLoader.loadClass(java.lang.String) (ClassLoader.java:312)
06-28 10:35:39.665 24597 24597 I zygote  :   at void com.ea.nimble.ApplicationEnvironmentImpl.setCurrentActivity(android.app.Activity) (ApplicationEnvironmentImpl.java:864)
06-28 10:35:39.665 24597 24597 I zygote  :   at void com.ea.nimble.ApplicationEnvironment.setCurrentActivity(android.app.Activity) (ApplicationEnvironment.java:40)
06-28 10:35:39.666 24597 24597 I zygote  :   at void com.ea.nimble.ApplicationLifecycle.onActivityCreate(android.os.Bundle, android.app.Activity) (ApplicationLifecycle.java:18)
06-28 10:35:39.666 24597 24597 I zygote  :   at void com.firemint.realracing.NimbleManager.onCreate(android.os.Bundle) (NimbleManager.java:34)
06-28 10:35:39.666 24597 24597 I zygote  :   at void com.firemint.realracing.MainActivity.onCreate(android.os.Bundle) (MainActivity.java:413)
06-28 10:35:39.666 24597 24597 I zygote  :   at void android.app.Activity.performCreate(android.os.Bundle, android.os.PersistableBundle) (Activity.java:7009)
06-28 10:35:39.666 24597 24597 I zygote  :   at void android.app.Activity.performCreate(android.os.Bundle) (Activity.java:7000)
06-28 10:35:39.666 24597 24597 I zygote  :   at void android.app.Instrumentation.callActivityOnCreate(android.app.Activity, android.os.Bundle) (Instrumentation.java:1214)
06-28 10:35:39.666 24597 24597 I zygote  :   at android.app.Activity android.app.ActivityThread.performLaunchActivity(android.app.ActivityThread$ActivityClientRecord, android.content.Intent) (ActivityThread.java:2731)
06-28 10:35:39.666 24597 24597 I zygote  :   at void android.app.ActivityThread.handleLaunchActivity(android.app.ActivityThread$ActivityClientRecord, android.content.Intent, java.lang.String) (ActivityThread.java:2856)
06-28 10:35:39.666 24597 24597 I zygote  :   at void android.app.ActivityThread.-wrap11(android.app.ActivityThread, android.app.ActivityThread$ActivityClientRecord, android.content.Intent, java.lang.String) (ActivityThread.java:-1)
06-28 10:35:39.666 24597 24597 I zygote  :   at void android.app.ActivityThread$H.handleMessage(android.os.Message) (ActivityThread.java:1589)
06-28 10:35:39.670 24597 24597 I zygote  :   at void android.os.Handler.dispatchMessage(android.os.Message) (Handler.java:106)
06-28 10:35:39.670 24597 24597 I zygote  :   at void android.os.Looper.loop() (Looper.java:164)
06-28 10:35:39.670 24597 24597 I zygote  :   at void android.app.ActivityThread.main(java.lang.String[]) (ActivityThread.java:6494)
06-28 10:35:39.670 24597 24597 I zygote  :   at java.lang.Object java.lang.reflect.Method.invoke(java.lang.Object, java.lang.Object[]) (Method.java:-2)
06-28 10:35:39.670  1393  3231 W audio_hw_generic: Hardware backing HAL too slow, could only write 0 of 720 frames
06-28 10:35:39.670 24597 24597 I zygote  :   at void com.android.internal.os.RuntimeInit$MethodAndArgsCaller.run() (RuntimeInit.java:438)
06-28 10:35:39.670 24597 24597 I zygote  :   at void com.android.internal.os.ZygoteInit.main(java.lang.String[]) (ZygoteInit.java:807)
06-28 10:35:39.670 24597 24597 I zygote  : 
06-28 10:35:39.674 24597 24597 I zygote  : Rejecting re-init on previously-failed class java.lang.Class<com.ea.nimble.ApplicationEnvironmentImpl$6>: java.lang.NoClassDefFoundError: Failed resolution of: Lcom/google/android/gms/tasks/OnSuccessListener;
06-28 10:35:39.674 24597 24597 I zygote  :   at void com.ea.nimble.ApplicationEnvironmentImpl.setCurrentActivity(android.app.Activity) (ApplicationEnvironmentImpl.java:864)
06-28 10:35:39.674 24597 24597 I zygote  :   at void com.ea.nimble.ApplicationEnvironment.setCurrentActivity(android.app.Activity) (ApplicationEnvironment.java:40)
06-28 10:35:39.674 24597 24597 I zygote  :   at void com.ea.nimble.ApplicationLifecycle.onActivityCreate(android.os.Bundle, android.app.Activity) (ApplicationLifecycle.java:18)
06-28 10:35:39.681 24597 24597 I zygote  :   at void com.firemint.realracing.NimbleManager.onCreate(android.os.Bundle) (NimbleManager.java:34)
06-28 10:35:39.681 24597 24597 I zygote  :   at void com.firemint.realracing.MainActivity.onCreate(android.os.Bundle) (MainActivity.java:413)
