06-28 14:20:39.781 29061 29061 I net.osmand: RoutingHelper Recalculate route, because wrong movement direction: 187253.25
06-28 14:20:39.783 19546 19546 I GeofencerStateMachine: sendNewTransitions called.
06-28 14:20:39.857  1603  1614 I WifiService: acquireWifiLock uid=10014 lockMode=2
06-28 14:20:39.997  1603  1674 D RecurrenceRule: Resolving using anchor 2019-06-28T18:20:39.996Z[GMT]
06-28 14:20:40.002  1603  1674 D RecurrenceRule: Resolving using anchor 2019-06-28T18:20:40.002Z[GMT]
06-28 14:20:40.019  1603  1674 D RecurrenceRule: Cycle 17 from 2019-06-09T00:00Z[GMT] to 2019-07-09T00:00Z[GMT]
06-28 14:20:40.020  1603  1674 D NetworkStats: Resolving plan for NetworkTemplate: matchRule=MOBILE_ALL, subscriberId=310260..., matchSubscriberIds=[310260...]
06-28 14:20:40.028  1603  1674 D NetworkStats: Found active matching subId 1
06-28 14:20:40.040  1603  1674 D NetworkStats: Resolved to plan null
06-28 14:20:40.109 29061 29061 I net.osmand: RoutingHelper Recalculate route, because correlation  : 187253.251405671
06-28 14:20:40.109 29061 29061 I net.osmand: RoutingHelper Recalculate route, because wrong movement direction: 187253.25
06-28 14:20:40.120 29061 29061 I net.osmand: RoutingHelper Recalculate route, because correlation  : 187253.251405671
06-28 14:20:40.184 19546 19546 I GeofencerStateMachine: sendNewTransitions called.
06-28 14:20:40.239 19546 19546 I GeofencerStateMachine: sendNewLocationAvailability: availability=LocationAvailability[isLocationAvailable: true]
06-28 14:20:40.428 19546 19546 I chatty  : uid=10014 com.google.android.gms.persistent identical 1 line
06-28 14:20:40.431 19546 19546 I GeofencerStateMachine: sendNewLocationAvailability: availability=LocationAvailability[isLocationAvailable: true]
06-28 14:20:40.682  1603  1612 I zygote  : Background concurrent copying GC freed 88828(5MB) AllocSpace objects, 11(476KB) LOS objects, 18% free, 25MB/31MB, paused 1.217ms total 780.033ms
06-28 14:20:40.763 29061 29061 I net.osmand: RoutingHelper Recalculate route, because correlation  : 187253.251405671
06-28 14:20:40.770 29061 29061 I net.osmand: RoutingHelper Recalculate route, because correlation  : 187253.251405671
06-28 14:20:40.770 29061 29061 I net.osmand: RoutingHelper Recalculate route, because wrong movement direction: 187253.25
06-28 14:20:40.986 19546 19605 W ResourceType: ResTable_typeSpec entry count inconsistent: given 15, previously 22
06-28 14:20:41.289 29061 29061 I net.osmand: RoutingHelper Recalculate route, because correlation  : 187253.251405671
06-28 14:20:41.304 29061 29061 I net.osmand: RoutingHelper Recalculate route, because correlation  : 187253.251405671
06-28 14:20:41.304 29061 29061 I net.osmand: RoutingHelper Recalculate route, because wrong movement direction: 187253.25
06-28 14:20:41.758 29061 29061 I net.osmand: RoutingHelper Recalculate route, because correlation  : 187253.251405671
06-28 14:20:41.759 29061 29061 I net.osmand: RoutingHelper Recalculate route, because wrong movement direction: 187253.25
06-28 14:20:41.783 29061 29061 I net.osmand: RoutingHelper Recalculate route, because correlation  : 187253.251405671
06-28 14:20:42.606 29061 29061 I net.osmand: RoutingHelper Recalculate route, because correlation  : 187253.251405671
06-28 14:20:42.606 29061 29061 I net.osmand: RoutingHelper Recalculate route, because wrong movement direction: 187253.25
06-28 14:20:42.624 29061 29061 I net.osmand: RoutingHelper Recalculate route, because correlation  : 187253.251405671
06-28 14:20:42.787 29061 29061 I net.osmand: RoutingHelper Recalculate route, because correlation  : 187253.251405671
06-28 14:20:42.787 29061 29061 I net.osmand: RoutingHelper Recalculate route, because wrong movement direction: 187253.25
06-28 14:20:42.833 29061 29061 I net.osmand: RoutingHelper Recalculate route, because correlation  : 187253.251405671
06-28 14:20:42.892  1603  4580 D WificondControl: Scan result ready event
06-28 14:20:42.943 19546 19546 I zygote  : IncrementDisableThreadFlip blocked for 5.855ms
06-28 14:20:43.004  1603  5561 I WifiService: releaseWifiLock uid=10014
06-28 14:20:43.107 19546 19556 I zygote  : Background concurrent copying GC freed 149174(6MB) AllocSpace objects, 44(2MB) LOS objects, 39% free, 9MB/15MB, paused 3.377ms total 187.025ms
06-28 14:20:43.271 29061  3819 W net.osmand:native: [Native] Result visited (visited roads 22877, visited segments 10991 / 30885 , queue sizes 259 / 4302 ) 
06-28 14:20:43.271 29061  3819 W net.osmand:native: [Native] Result timing (time to load 0, time to calc 15374, loaded tiles 216) 
06-28 14:20:43.272 29061  3819 W net.osmand:native: [Native] Memory occupied (Routing context 9500 Kb, search 689 Kb)
06-28 14:20:43.360 29061  3819 I net.osmand:native: Routing calculated time distance 163076.031250
06-28 14:20:43.797 29061 29061 I net.osmand: RoutingHelper Recalculate route, because correlation  : 187253.251405671
06-28 14:20:43.804 29061 29061 I net.osmand: RoutingHelper Recalculate route, because correlation  : 187253.251405671
06-28 14:20:43.804 29061 29061 I net.osmand: RoutingHelper Recalculate route, because wrong movement direction: 187253.25
06-28 14:20:44.033 29061 29071 I zygote  : Background concurrent copying GC freed 123883(6MB) AllocSpace objects, 0(0B) LOS objects, 20% free, 23MB/29MB, paused 2.169ms total 438.391ms
06-28 14:20:44.069 29061 29061 I net.osmand: RoutingHelper Recalculate route, because correlation  : 187253.251405671
06-28 14:20:44.077 29061 29061 I net.osmand: RoutingHelper Recalculate route, because correlation  : 187253.251405671
06-28 14:20:44.077 29061 29061 I net.osmand: RoutingHelper Recalculate route, because wrong movement direction: 187253.25
06-28 14:20:44.553 29061  3819 I net.osmand: RoutePlannerFrontEnd Native routing took 17.039 seconds
06-28 14:20:44.641 29061  3819 I System.out: ROUTE : 
06-28 14:20:44.641 29061  3819 I net.osmand: RouteResultPreparation <test regions="" description="" best_percent="" vehicle="pedestrian" 
06-28 14:20:44.641 29061  3819 I net.osmand:   start_lat="-7.58920" start_lon="-37.54107" target_lat="-7.21849" target_lon="-35.88322"  routing_time="163076.03" loadedTiles="216" visitedSegments="22877" complete_distance="209465.64" complete_time="157096.08" >
06-28 14:20:44.642 29061  3819 I System.out: <test regions="" description="" best_percent="" vehicle="pedestrian" 
06-28 14:20:44.642 29061  3819 I System.out:   start_lat="-7.58920" start_lon="-37.54107" target_lat="-7.21849" target_lon="-35.88322"  routing_time="163076.03" loadedTiles="216" visitedSegments="22877" complete_distance="209465.64" complete_time="157096.08" >
06-28 14:20:44.642 29061  3819 I System.out: </test>
06-28 14:20:44.642 29061  3819 I System.out: <test regions="" description="" best_percent="" vehicle="pedestrian" 
06-28 14:20:44.642 29061  3819 I System.out:   start_lat="-7.58920" start_lon="-37.54107" target_lat="-7.21849" target_lon="-35.88322"  routing_time="163076.03" loadedTiles="216" visitedSegments="22877" complete_distance="209465.64" complete_time="157096.08" >
06-28 14:20:44.683 29061  3819 I net.osmand: RouteProvider Finding route contained 2050 points for 17170 ms
06-28 14:20:45.609 29061 29071 I zygote  : Background concurrent copying GC freed 201694(5MB) AllocSpace objects, 0(0B) LOS objects, 20% free, 23MB/29MB, paused 985us total 270.478ms
06-28 14:20:48.148 29061 29071 I zygote  : Background concurrent copying GC freed 273197(6MB) AllocSpace objects, 0(0B) LOS objects, 19% free, 24MB/30MB, paused 2.361ms total 286.809ms
06-28 14:20:49.520  1603  1616 E memtrack: Couldn't load memtrack module
06-28 14:20:49.520  1603  1616 W android.os.Debug: failed to get memory consumption info: -1
06-28 14:20:51.079 29061 29071 I zygote  : Background concurrent copying GC freed 294077(6MB) AllocSpace objects, 0(0B) LOS objects, 19% free, 24MB/30MB, paused 2.074ms total 297.884ms
06-28 14:20:51.502  1409  1409 I boot-pipe: done populating /dev/random
06-28 14:20:54.097 29061 29071 I zygote  : Background concurrent copying GC freed 307418(6MB) AllocSpace objects, 0(0B) LOS objects, 19% free, 24MB/30MB, paused 1.531ms total 300.275ms
06-28 14:20:56.109 29061 29071 I zygote  : Background concurrent copying GC freed 303888(6MB) AllocSpace objects, 0(0B) LOS objects, 20% free, 23MB/29MB, paused 1.179ms total 219.622ms
06-28 14:20:59.260 29061 29071 I zygote  : Background concurrent copying GC freed 266994(5MB) AllocSpace objects, 0(0B) LOS objects, 19% free, 24MB/30MB, paused 1.678ms total 380.732ms
06-28 14:20:59.883  1603  2155 I WifiService: acquireWifiLock uid=10014 lockMode=2
06-28 14:20:59.976  1603  4580 I WifiService: releaseWifiLock uid=10014
06-28 14:21:01.842  1402  1417 D hwcomposer: hw_composer sent 168 syncs in 61s
06-28 14:21:02.115 29061 29071 I zygote  : Background concurrent copying GC freed 315620(6MB) AllocSpace objects, 0(0B) LOS objects, 19% free, 24MB/30MB, paused 3.260ms total 338.179ms
06-28 14:21:04.610 29061 29071 I zygote  : Background concurrent copying GC freed 291363(6MB) AllocSpace objects, 0(0B) LOS objects, 20% free, 23MB/29MB, paused 6.614ms total 258.192ms
06-28 14:21:07.160 29061 29071 I zygote  : Background concurrent copying GC freed 275237(6MB) AllocSpace objects, 0(0B) LOS objects, 19% free, 24MB/30MB, paused 2.195ms total 304.124ms
06-28 14:21:08.100  1603  1620 I WifiService: requestActivityInfo uid=1000
06-28 14:21:08.100  1603  1620 I WifiService: reportActivityInfo uid=1000
06-28 14:21:08.100  1603  1620 I WifiService: getSupportedFeatures uid=1000
06-28 14:21:08.652  1603  1612 I zygote  : Background concurrent copying GC freed 93103(5MB) AllocSpace objects, 8(352KB) LOS objects, 18% free, 26MB/32MB, paused 1.195ms total 404.984ms
06-28 14:21:09.725 29061 29071 I zygote  : Background concurrent copying GC freed 317122(7MB) AllocSpace objects, 0(0B) LOS objects, 19% free, 24MB/30MB, paused 1.240ms total 287.263ms
06-28 14:21:09.809 19546 19546 I GeofencerStateMachine: sendNewTransitions called.
06-28 14:21:13.171 29061 29071 I zygote  : Background concurrent copying GC freed 302692(6MB) AllocSpace objects, 0(0B) LOS objects, 19% free, 24MB/30MB, paused 1.264ms total 340.310ms
06-28 14:21:15.120 29061 29071 I zygote  : Background concurrent copying GC freed 292635(6MB) AllocSpace objects, 0(0B) LOS objects, 20% free, 23MB/29MB, paused 1.267ms total 237.070ms
06-28 14:21:18.620 29061 29071 I zygote  : Background concurrent copying GC freed 271534(6MB) AllocSpace objects, 0(0B) LOS objects, 19% free, 24MB/30MB, paused 1.495ms total 831.208ms
06-28 14:21:20.750 29061 29071 I zygote  : Background concurrent copying GC freed 309169(6MB) AllocSpace objects, 0(0B) LOS objects, 19% free, 24MB/30MB, paused 2.569ms total 316.134ms
06-28 14:21:20.921  1603  5561 I WifiService: acquireWifiLock uid=10014 lockMode=2
06-28 14:21:21.138 19546 19642 E memtrack: Couldn't load memtrack module
06-28 14:21:21.138 19546 19642 W android.os.Debug: failed to get memory consumption info: -1
06-28 14:21:21.177  1603  1620 I WifiService: requestActivityInfo uid=1000
06-28 14:21:21.177  1603  1620 I WifiService: reportActivityInfo uid=1000
06-28 14:21:21.177  1603  1620 I WifiService: getSupportedFeatures uid=1000
06-28 14:21:23.643 29061 29071 I zygote  : Background concurrent copying GC freed 301511(6MB) AllocSpace objects, 0(0B) LOS objects, 20% free, 23MB/29MB, paused 1.132ms total 239.712ms
06-28 14:21:23.966  1603  4580 D WificondControl: Scan result ready event
06-28 14:21:24.024  1603  2155 I WifiService: releaseWifiLock uid=10014
06-28 14:21:26.147 29061 29071 I zygote  : Background concurrent copying GC freed 265248(5MB) AllocSpace objects, 0(0B) LOS objects, 19% free, 24MB/30MB, paused 1.232ms total 263.559ms
06-28 14:21:29.154 29061 29071 I zygote  : Background concurrent copying GC freed 300540(6MB) AllocSpace objects, 0(0B) LOS objects, 19% free, 24MB/30MB, paused 1.363ms total 274.694ms
06-28 14:21:32.150 29061 29071 I zygote  : Background concurrent copying GC freed 287428(6MB) AllocSpace objects, 0(0B) LOS objects, 20% free, 23MB/29MB, paused 2.902ms total 239.481ms
06-28 14:21:34.168 29111 29127 I Finsky  : [1119] imb.run(3): Stats for Executor: BlockingExecutor ink@477781[Running, pool size = 0, active threads = 0, queued tasks = 0, completed tasks = 15]
06-28 14:21:34.168 29111 29127 I Finsky  : [1119] imb.run(3): Stats for Executor: LightweightExecutor ink@39d6026[Running, pool size = 2, active threads = 0, queued tasks = 0, completed tasks = 74]
06-28 14:21:34.440 29111 29127 I Finsky  : [1119] imb.run(3): Stats for Executor: bgExecutor ink@b1b467[Running, pool size = 4, active threads = 0, queued tasks = 0, completed tasks = 51]
06-28 14:21:35.390 29061 29071 I zygote  : Background concurrent copying GC freed 276041(6MB) AllocSpace objects, 0(0B) LOS objects, 18% free, 26MB/32MB, paused 2.997ms total 490.163ms
06-28 14:21:36.615  1603  1620 I WifiService: requestActivityInfo uid=1000
06-28 14:21:36.615  1603  1620 I WifiService: reportActivityInfo uid=1000
06-28 14:21:36.615  1603  1620 I WifiService: getSupportedFeatures uid=1000
06-28 14:21:38.361 29061 29071 I zygote  : Background concurrent copying GC freed 380233(8MB) AllocSpace objects, 0(0B) LOS objects, 18% free, 25MB/31MB, paused 1.141ms total 653.054ms
06-28 14:21:38.908  1603  1612 I zygote  : Background concurrent copying GC freed 98710(6MB) AllocSpace objects, 3(60KB) LOS objects, 18% free, 26MB/32MB, paused 1.596ms total 431.888ms
06-28 14:21:40.124 19546 19546 I GeofencerStateMachine: sendNewTransitions called.
06-28 14:21:40.975  1603  5561 I WifiService: acquireWifiLock uid=10014 lockMode=2
06-28 14:21:41.078  1603  1614 I WifiService: releaseWifiLock uid=10014
06-28 14:21:41.758 29061 29071 I zygote  : Background concurrent copying GC freed 342773(7MB) AllocSpace objects, 0(0B) LOS objects, 19% free, 24MB/30MB, paused 1.069ms total 325.197ms
06-28 14:21:43.240 29061 29071 I zygote  : Background concurrent copying GC freed 307958(6MB) AllocSpace objects, 0(0B) LOS objects, 20% free, 23MB/29MB, paused 1.867ms total 246.490ms
06-28 14:21:46.139 29061 29071 I zygote  : Background concurrent copying GC freed 275178(6MB) AllocSpace objects, 0(0B) LOS objects, 19% free, 24MB/30MB, paused 3.361ms total 339.719ms
06-28 14:21:48.415 29061 29071 I zygote  : Background concurrent copying GC freed 303003(6MB) AllocSpace objects, 0(0B) LOS objects, 20% free, 23MB/29MB, paused 1.147ms total 436.941ms
06-28 14:21:51.127 29061 29071 I zygote  : Background concurrent copying GC freed 280544(6MB) AllocSpace objects, 0(0B) LOS objects, 19% free, 24MB/30MB, paused 1.644ms total 301.407ms
06-28 14:21:51.504  1409  1409 I boot-pipe: done populating /dev/random
06-28 14:21:53.236 29061 29071 I zygote  : Background concurrent copying GC freed 308943(6MB) AllocSpace objects, 0(0B) LOS objects, 20% free, 23MB/29MB, paused 1.874ms total 245.521ms
06-28 14:21:56.107 29061 29071 I zygote  : Background concurrent copying GC freed 275398(6MB) AllocSpace objects, 0(0B) LOS objects, 19% free, 24MB/30MB, paused 1.198ms total 290.165ms
06-28 14:21:59.273 29061 29071 I zygote  : Background concurrent copying GC freed 316166(7MB) AllocSpace objects, 0(0B) LOS objects, 18% free, 25MB/31MB, paused 1.219ms total 431.198ms
06-28 14:22:00.989  1603  2974 I WifiService: acquireWifiLock uid=10014 lockMode=2
06-28 14:22:01.758  1402  1417 D hwcomposer: hw_composer sent 300 syncs in 60s
06-28 14:22:02.101 29061 29071 I zygote  : Background concurrent copying GC freed 343656(7MB) AllocSpace objects, 0(0B) LOS objects, 19% free, 24MB/30MB, paused 1.881ms total 329.082ms
06-28 14:22:03.985  1603  2974 D WificondControl: Scan result ready event
06-28 14:22:04.058  1603  4580 I WifiService: releaseWifiLock uid=10014
06-28 14:22:05.135 29061 29071 I zygote  : Background concurrent copying GC freed 307702(6MB) AllocSpace objects, 0(0B) LOS objects, 20% free, 23MB/29MB, paused 1.195ms total 235.021ms
06-28 14:22:08.199 29061 29071 I zygote  : Background concurrent copying GC freed 276675(6MB) AllocSpace objects, 0(0B) LOS objects, 19% free, 24MB/30MB, paused 4.467ms total 387.244ms
06-28 14:22:08.531  1603  1612 I zygote  : Background concurrent copying GC freed 96166(6MB) AllocSpace objects, 4(92KB) LOS objects, 18% free, 26MB/32MB, paused 1.309ms total 335.649ms
06-28 14:22:10.655 29061 29071 I zygote  : Background concurrent copying GC freed 316539(6MB) AllocSpace objects, 0(0B) LOS objects, 20% free, 23MB/29MB, paused 1.572ms total 265.248ms
06-28 14:22:10.824 19546 19546 I GeofencerStateMachine: sendNewTransitions called.
06-28 14:22:13.150 29061 29071 I zygote  : Background concurrent copying GC freed 289978(6MB) AllocSpace objects, 0(0B) LOS objects, 20% free, 23MB/29MB, paused 3.634ms total 257.337ms
06-28 14:22:15.681 29061 29071 I zygote  : Background concurrent copying GC freed 274442(6MB) AllocSpace objects, 0(0B) LOS objects, 19% free, 24MB/30MB, paused 2.594ms total 308.758ms
06-28 14:22:19.240 29061 29071 I zygote  : Background concurrent copying GC freed 291975(6MB) AllocSpace objects, 0(0B) LOS objects, 18% free, 25MB/31MB, paused 1.642ms total 421.496ms
06-28 14:22:21.163 29061 29071 I zygote  : Background concurrent copying GC freed 349366(7MB) AllocSpace objects, 0(0B) LOS objects, 20% free, 23MB/29MB, paused 3.098ms total 248.105ms
06-28 14:22:21.820  1603  2155 I WifiService: getConnectionInfo uid=10014
06-28 14:22:21.828 19546  2159 E WakeLock: GCM_HB_ALARM release without a matched acquire!
06-28 14:22:21.837  1603  1620 I WifiService: requestActivityInfo uid=1000
06-28 14:22:21.837  1603  1620 I WifiService: reportActivityInfo uid=1000
06-28 14:22:21.837  1603  1620 I WifiService: getSupportedFeatures uid=1000
06-28 14:22:21.847  1603  1616 E memtrack: Couldn't load memtrack module
06-28 14:22:21.847  1603  1616 W android.os.Debug: failed to get memory consumption info: -1
06-28 14:22:22.016  1603  1616 E memtrack: Couldn't load memtrack module
06-28 14:22:22.016  1603  1616 W android.os.Debug: failed to get memory consumption info: -1
06-28 14:22:22.176  1603  4580 I WifiService: acquireWifiLock uid=10014 lockMode=2
06-28 14:22:22.204 19546 19862 I GeofencerStateMachine: addGeofences called by com.google.android.apps.maps
06-28 14:22:22.209  1603  1614 I GnssLocationProvider: WakeLock acquired by sendMessage(SET_REQUEST, 0, com.android.server.location.GnssLocationProvider$GpsRequest@29f5f3d)
06-28 14:22:22.211  1603  1616 I GnssLocationProvider: WakeLock released by handleMessage(SET_REQUEST, 0, com.android.server.location.GnssLocationProvider$GpsRequest@29f5f3d)
06-28 14:22:22.313  1603  1614 I WifiService: getWifiEnabledState uid=10062
06-28 14:22:22.328  1603  2155 I WifiService: getConnectionInfo uid=10014
06-28 14:22:22.335 19546 19546 I GeofencerStateMachine: sendNewTransitions called.
06-28 14:22:22.364  1603  1614 I WifiService: releaseWifiLock uid=10014
06-28 14:22:22.374 19546 19546 I GeofencerStateMachine: sendNewLocationAvailability: availability=LocationAvailability[isLocationAvailable: true]
06-28 14:22:22.420  1603  5561 I GnssLocationProvider: WakeLock acquired by sendMessage(SET_REQUEST, 0, com.android.server.location.GnssLocationProvider$GpsRequest@24838f5)
06-28 14:22:22.421  1603  1616 I GnssLocationProvider: WakeLock released by handleMessage(SET_REQUEST, 0, com.android.server.location.GnssLocationProvider$GpsRequest@24838f5)
06-28 14:22:22.462 19546 19557 I GeofencerStateMachine: addGeofences called by com.google.android.apps.maps
06-28 14:22:22.643 19546 19546 I GeofencerStateMachine: sendNewLocationAvailability: availability=LocationAvailability[isLocationAvailable: true]
06-28 14:22:22.647 19546 19546 I GeofencerStateMachine: sendNewLocationAvailability: availability=LocationAvailability[isLocationAvailable: true]
06-28 14:22:22.896 19546 19556 I zygote  : Background concurrent copying GC freed 94148(4MB) AllocSpace objects, 0(0B) LOS objects, 37% free, 9MB/15MB, paused 1.284ms total 356.500ms
06-28 14:22:23.282 19546 19605 W ResourceType: ResTable_typeSpec entry count inconsistent: given 15, previously 22
06-28 14:22:23.689 19546  3745 W ResourceType: ResTable_typeSpec entry count inconsistent: given 30, previously 36
06-28 14:22:24.220 29061 29071 I zygote  : Background concurrent copying GC freed 278384(6MB) AllocSpace objects, 0(0B) LOS objects, 19% free, 24MB/30MB, paused 1.706ms total 399.716ms
06-28 14:22:25.013 19546  3745 I zygote  : Deoptimizing void aofp.a(android.content.Context, long, java.lang.Exception) due to JIT same target
06-28 14:22:25.027 19546 19546 W ChimeraUtils: Non Chimera context
06-28 14:22:25.028 19546 19546 W ChimeraUtils: Non Chimera context
06-28 14:22:25.070 19546  3745 I aohm    : Removed 0 invalid users [CONTEXT service_id=51 ]
06-28 14:22:25.511 19546 19551 I zygote  : Compiler allocated 6MB to compile com.google.android.gms.auth.firstparty.dataservice.TokenResponse jgo.a(com.google.android.gms.auth.firstparty.dataservice.TokenRequest)
06-28 14:22:26.529 19546  3745 W Conscrypt: Could not set socket write timeout: java.net.SocketException: Socket closed
06-28 14:22:26.531 19546  3745 W Conscrypt: 	at com.google.android.gms.org.conscrypt.Platform.setSocketWriteTimeout(:com.google.android.gms@17785022@17.7.85 (040700-253824076):2)
06-28 14:22:26.531 19546  3745 W Conscrypt: 	at com.google.android.gms.org.conscrypt.ConscryptFileDescriptorSocket.setSoWriteTimeout(:com.google.android.gms@17785022@17.7.85 (040700-253824076):2)
06-28 14:22:26.788 19546  3745 W Conscrypt: Could not set socket write timeout: java.net.SocketException: Socket closed
06-28 14:22:26.788 19546  3745 W Conscrypt: 	at com.google.android.gms.org.conscrypt.Platform.setSocketWriteTimeout(:com.google.android.gms@17785022@17.7.85 (040700-253824076):2)
06-28 14:22:26.789 19546  3745 W Conscrypt: 	at com.google.android.gms.org.conscrypt.ConscryptFileDescriptorSocket.setSoWriteTimeout(:com.google.android.gms@17785022@17.7.85 (040700-253824076):2)
06-28 14:22:27.185 29061 29071 I zygote  : Background concurrent copying GC freed 308875(6MB) AllocSpace objects, 0(0B) LOS objects, 19% free, 24MB/30MB, paused 1.495ms total 316.245ms
06-28 14:22:28.155 19546 19556 I zygote  : Background concurrent copying GC freed 69295(3MB) AllocSpace objects, 8(1064KB) LOS objects, 33% free, 11MB/17MB, paused 1.938ms total 214ms
06-28 14:22:28.522 19546 19551 I zygote  : Compiler allocated 5MB to compile void aohm.a(java.util.Set, long, bpqj, bpqm, java.util.List, java.util.LinkedHashMap, bybi, aohp, boolean, boolean)
06-28 14:22:30.365 29061 29071 I zygote  : Background concurrent copying GC freed 301038(6MB) AllocSpace objects, 0(0B) LOS objects, 19% free, 25MB/31MB, paused 2.590ms total 406.491ms
06-28 14:22:30.605 19546 19551 I zygote  : Compiler allocated 5MB to compile void aohm.a(java.util.Set, long, bpqj, bpqm, java.util.List, java.util.LinkedHashMap, bybi, aohp, boolean, boolean)
06-28 14:22:33.015 29061 29071 I zygote  : Background concurrent copying GC freed 322359(7MB) AllocSpace objects, 0(0B) LOS objects, 19% free, 25MB/31MB, paused 1.931ms total 356.417ms
06-28 14:22:34.295  1603  1612 I zygote  : Background concurrent copying GC freed 86198(5MB) AllocSpace objects, 3(60KB) LOS objects, 18% free, 25MB/31MB, paused 1.275ms total 446.050ms
06-28 14:22:36.244  1524  1524 I zygote  : Deoptimizing java.lang.Object com.google.common.collect.mn.a(java.lang.Object, java.lang.Object[], int, int, java.lang.Object) due to JIT inline cache
06-28 14:22:36.259 29061 29071 I zygote  : Background concurrent copying GC freed 321690(7MB) AllocSpace objects, 0(0B) LOS objects, 19% free, 24MB/30MB, paused 1.753ms total 358.225ms
06-28 14:22:36.268  1524  1524 I BgTaskExecutorImpl: Starting EXCLUSIVE background task FETCH_CONFIGS_FROM_PHENOTYPE.
06-28 14:22:36.311  1524  1524 I zygote  : Deoptimizing void com.google.android.apps.gsa.search.shared.service.ag.run() due to JIT inline cache
06-28 14:22:36.495 19546  3745 I PackageUpdateTaskChimer: Scheduling Phenotype config package catchup updates to be 86400 seconds from now (1561746156494) [CONTEXT service_id=51 ]
06-28 14:22:36.531 19546  3745 I aohg    : Scheduling adaptive one off task with window [14400, 604800] in seconds [CONTEXT service_id=51 ]
06-28 14:22:36.601 30604 30604 I Dialer  : UpdateBroadcastReceiver.onReceive - commit succeeded: true
06-28 14:22:36.629  1603  4580 I ActivityManager: Start proc 3895:com.android.vending:instant_app_installer/u0a26 for broadcast com.android.vending/com.google.android.finsky.instantapps.PhenotypeUpdateReceiver
06-28 14:22:36.641  3895  3895 W zygote  : Unexpected CPU variant for X86 using defaults: x86
06-28 14:22:37.405 19782 19782 I PhenotypeUpdate: onReceive() urgent = false
06-28 14:22:37.418  3895  3895 D PhenotypeUpdateService: onCreate called
06-28 14:22:37.440  3895  3922 D PhenotypeUpdateService: Updating Phenotype configs
06-28 14:22:37.453  1603  4580 I ActivityManager: Start proc 3924:com.google.android.gms.ui/u0a14 for service com.google.android.gms/.chimera.UiIntentOperationService
06-28 14:22:37.467  3924  3924 W zygote  : Unexpected CPU variant for X86 using defaults: x86
06-28 14:22:37.599  3924  3924 I zygote  : The ClassLoaderContext is a special shared library.
06-28 14:22:37.610  3924  3924 I zygote  : The ClassLoaderContext is a special shared library.
06-28 14:22:38.151  3924  3924 W DynamiteModule: Local module descriptor class for providerinstaller not found.
06-28 14:22:38.192  3924  3924 W ProviderHelper: Unknown dynamite feature providerinstaller
06-28 14:22:38.193 19546 19556 I zygote  : Background concurrent copying GC freed 132945(6MB) AllocSpace objects, 21(1228KB) LOS objects, 32% free, 12MB/18MB, paused 1.960ms total 800.584ms
06-28 14:22:38.202  3924  3924 I DynamiteModule: Considering local module providerinstaller:0 and remote module providerinstaller:0
06-28 14:22:38.205  3924  3924 W ProviderInstaller: Failed to load providerinstaller module: No acceptable module found. Local version is 0 and remote version is 0.
06-28 14:22:38.234  3924  3924 V NativeCrypto: Registering com/google/android/gms/org/conscrypt/NativeCrypto's 284 native methods...
06-28 14:22:38.345  3924  3924 D NetworkSecurityConfig: Using Network Security Config from resource network_security_config debugBuild: false
06-28 14:22:38.379  3924  3924 I ProviderInstaller: Installed default security provider GmsCore_OpenSSL
06-28 14:22:38.473 19546  3745 W PhenotypeFlagCommitter: Committing snapshot for com.google.android.gms.phenotype failed, retrying
06-28 14:22:38.473 19546  3745 W PhenotypeFlagCommitter: java.lang.InterruptedException
06-28 14:22:38.473 19546  3745 W PhenotypeFlagCommitter: 	at java.util.concurrent.locks.AbstractQueuedSynchronizer.doAcquireSharedNanos(AbstractQueuedSynchronizer.java:1063)
06-28 14:22:38.473 19546  3745 W PhenotypeFlagCommitter: 	at java.util.concurrent.locks.AbstractQueuedSynchronizer.tryAcquireSharedNanos(AbstractQueuedSynchronizer.java:1352)
06-28 14:22:38.473 19546  3745 W PhenotypeFlagCommitter: 	at java.util.concurrent.CountDownLatch.await(CountDownLatch.java:278)
06-28 14:22:38.473 19546  3745 W PhenotypeFlagCommitter: 	at avgu.a(:com.google.android.gms@17785022@17.7.85 (040700-253824076):18)
06-28 14:22:38.473 19546  3745 W PhenotypeFlagCommitter: 	at aodk.a(:com.google.android.gms@17785022@17.7.85 (040700-253824076):22)
06-28 14:22:38.473 19546  3745 W PhenotypeFlagCommitter: 	at aodk.a(:com.google.android.gms@17785022@17.7.85 (040700-253824076):31)
06-28 14:22:38.473 19546  3745 W PhenotypeFlagCommitter: 	at aoel.a(:com.google.android.gms@17785022@17.7.85 (040700-253824076):6)
06-28 14:22:38.473 19546  3745 W PhenotypeFlagCommitter: 	at com.google.android.gms.phenotype.sync.HeterodyneSyncTaskChimeraService.a(:com.google.android.gms@17785022@17.7.85 (040700-253824076):1)
06-28 14:22:38.473 19546  3745 W PhenotypeFlagCommitter: 	at com.google.android.gms.phenotype.sync.HeterodyneSyncTaskChimeraService.a(:com.google.android.gms@17785022@17.7.85 (040700-253824076):10)
06-28 14:22:38.473 19546  3745 W PhenotypeFlagCommitter: 	at aezd.run(:com.google.android.gms@17785022@17.7.85 (040700-253824076):5)
06-28 14:22:38.473 19546  3745 W PhenotypeFlagCommitter: 	at squ.b(:com.google.android.gms@17785022@17.7.85 (040700-253824076):37)
06-28 14:22:38.473 19546  3745 W PhenotypeFlagCommitter: 	at squ.run(:com.google.android.gms@17785022@17.7.85 (040700-253824076):21)
06-28 14:22:38.473 19546  3745 W PhenotypeFlagCommitter: 	at java.util.concurrent.ThreadPoolExecutor.runWorker(ThreadPoolExecutor.java:1162)
06-28 14:22:38.473 19546  3745 W PhenotypeFlagCommitter: 	at java.util.concurrent.ThreadPoolExecutor$Worker.run(ThreadPoolExecutor.java:636)
06-28 14:22:38.473 19546  3745 W PhenotypeFlagCommitter: 	at swz.run(Unknown Source:7)
06-28 14:22:38.473 19546  3745 W PhenotypeFlagCommitter: 	at java.lang.Thread.run(Thread.java:764)
06-28 14:22:38.645  3924  3924 W Primes  : Primes not initialized, returning default (no-op) Primes instance which will ignore all calls. Please call Primes.initialize(...) before using any Primes API.
06-28 14:22:39.763  3895  3922 E PhenotypeFlagCommitter: Retrieving snapshot for com.google.android.finsky.instantapps failed
06-28 14:22:39.763  3895  3922 E PhenotypeFlagCommitter: java.util.concurrent.TimeoutException: Timed out waiting for Task
06-28 14:22:39.763  3895  3922 E PhenotypeFlagCommitter: 	at abps.a(SourceFile:11)
06-28 14:22:39.763  3895  3922 E PhenotypeFlagCommitter: 	at abiu.a(SourceFile:1)
06-28 14:22:39.763  3895  3922 E PhenotypeFlagCommitter: 	at abiu.a(SourceFile:31)
06-28 14:22:39.763  3895  3922 E PhenotypeFlagCommitter: 	at acsq.a(SourceFile:14)
06-28 14:22:39.763  3895  3922 E PhenotypeFlagCommitter: 	at com.google.android.finsky.instantapps.PhenotypeUpdateService.a(SourceFile:6)
06-28 14:22:39.763  3895  3922 E PhenotypeFlagCommitter: 	at mh.doInBackground(SourceFile:4)
06-28 14:22:39.763  3895  3922 E PhenotypeFlagCommitter: 	at android.os.AsyncTask$2.call(AsyncTask.java:333)
06-28 14:22:39.763  3895  3922 E PhenotypeFlagCommitter: 	at java.util.concurrent.FutureTask.run(FutureTask.java:266)
06-28 14:22:39.763  3895  3922 E PhenotypeFlagCommitter: 	at java.util.concurrent.ThreadPoolExecutor.runWorker(ThreadPoolExecutor.java:1162)
06-28 14:22:39.763  3895  3922 E PhenotypeFlagCommitter: 	at java.util.concurrent.ThreadPoolExecutor$Worker.run(ThreadPoolExecutor.java:636)
06-28 14:22:39.763  3895  3922 E PhenotypeFlagCommitter: 	at java.lang.Thread.run(Thread.java:764)
06-28 14:22:40.165 19569  3923 E PhenotypeFlagCommitter: Retrieving snapshot for com.google.android.gms.people failed
06-28 14:22:40.165 19569  3923 E PhenotypeFlagCommitter: java.util.concurrent.TimeoutException: Timed out waiting for Task
06-28 14:22:40.165 19569  3923 E PhenotypeFlagCommitter: 	at avgu.a(:com.google.android.gms@17785022@17.7.85 (040700-253824076):19)
06-28 14:22:40.165 19569  3923 E PhenotypeFlagCommitter: 	at aodk.a(:com.google.android.gms@17785022@17.7.85 (040700-253824076):2)
06-28 14:22:40.165 19569  3923 E PhenotypeFlagCommitter: 	at aodk.a(:com.google.android.gms@17785022@17.7.85 (040700-253824076):19)
06-28 14:22:40.165 19569  3923 E PhenotypeFlagCommitter: 	at aodk.a(:com.google.android.gms@17785022@17.7.85 (040700-253824076):31)
06-28 14:22:40.165 19569  3923 E PhenotypeFlagCommitter: 	at amoo.onHandleIntent(:com.google.android.gms@17785022@17.7.85 (040700-253824076):4)
06-28 14:22:40.165 19569  3923 E PhenotypeFlagCommitter: 	at com.google.android.chimera.IntentOperation.onHandleIntent(:com.google.android.gms@17785022@17.7.85 (040700-253824076):2)
06-28 14:22:40.165 19569  3923 E PhenotypeFlagCommitter: 	at qmh.onHandleIntent(:com.google.android.gms@17785022@17.7.85 (040700-253824076):4)
06-28 14:22:40.165 19569  3923 E PhenotypeFlagCommitter: 	at efy.run(:com.google.android.gms@17785022@17.7.85 (040700-253824076):10)
06-28 14:22:40.165 19569  3923 E PhenotypeFlagCommitter: 	at efx.run(:com.google.android.gms@17785022@17.7.85 (040700-253824076):9)
06-28 14:22:40.165 19569  3923 E PhenotypeFlagCommitter: 	at java.util.concurrent.ThreadPoolExecutor.runWorker(ThreadPoolExecutor.java:1162)
06-28 14:22:40.165 19569  3923 E PhenotypeFlagCommitter: 	at java.util.concurrent.ThreadPoolExecutor$Worker.run(ThreadPoolExecutor.java:636)
06-28 14:22:40.165 19569  3923 E PhenotypeFlagCommitter: 	at java.lang.Thread.run(Thread.java:764)
06-28 14:22:40.210 19546  3972 I PTCommittedOperation: Receive new configuration for com.google.android.gms.people
06-28 14:22:40.238 19569  3923 W ModuleInitIntentOp: Dropping unexpected action com.google.android.gms.phenotype.COMMITTED
06-28 14:22:40.423 29061 29071 I zygote  : Background concurrent copying GC freed 300599(6MB) AllocSpace objects, 0(0B) LOS objects, 18% free, 26MB/32MB, paused 5.816ms total 1.130s
06-28 14:22:40.523 19546  3745 E PhenotypeFlagCommitter: Retrieving snapshot for com.google.android.gms.phenotype failed
06-28 14:22:40.523 19546  3745 E PhenotypeFlagCommitter: java.util.concurrent.TimeoutException: Timed out waiting for Task
06-28 14:22:40.523 19546  3745 E PhenotypeFlagCommitter: 	at avgu.a(:com.google.android.gms@17785022@17.7.85 (040700-253824076):19)
06-28 14:22:40.523 19546  3745 E PhenotypeFlagCommitter: 	at aodk.a(:com.google.android.gms@17785022@17.7.85 (040700-253824076):2)
06-28 14:22:40.523 19546  3745 E PhenotypeFlagCommitter: 	at aodk.a(:com.google.android.gms@17785022@17.7.85 (040700-253824076):19)
06-28 14:22:40.523 19546  3745 E PhenotypeFlagCommitter: 	at aodk.a(:com.google.android.gms@17785022@17.7.85 (040700-253824076):27)
06-28 14:22:40.523 19546  3745 E PhenotypeFlagCommitter: 	at aodk.a(:com.google.android.gms@17785022@17.7.85 (040700-253824076):31)
06-28 14:22:40.523 19546  3745 E PhenotypeFlagCommitter: 	at aoel.a(:com.google.android.gms@17785022@17.7.85 (040700-253824076):6)
06-28 14:22:40.523 19546  3745 E PhenotypeFlagCommitter: 	at com.google.android.gms.phenotype.sync.HeterodyneSyncTaskChimeraService.a(:com.google.android.gms@17785022@17.7.85 (040700-253824076):1)
06-28 14:22:40.523 19546  3745 E PhenotypeFlagCommitter: 	at com.google.android.gms.phenotype.sync.HeterodyneSyncTaskChimeraService.a(:com.google.android.gms@17785022@17.7.85 (040700-253824076):10)
06-28 14:22:40.523 19546  3745 E PhenotypeFlagCommitter: 	at aezd.run(:com.google.android.gms@17785022@17.7.85 (040700-253824076):5)
06-28 14:22:40.523 19546  3745 E PhenotypeFlagCommitter: 	at squ.b(:com.google.android.gms@17785022@17.7.85 (040700-253824076):37)
06-28 14:22:40.523 19546  3745 E PhenotypeFlagCommitter: 	at squ.run(:com.google.android.gms@17785022@17.7.85 (040700-253824076):21)
06-28 14:22:40.523 19546  3745 E PhenotypeFlagCommitter: 	at java.util.concurrent.ThreadPoolExecutor.runWorker(ThreadPoolExecutor.java:1162)
06-28 14:22:40.523 19546  3745 E PhenotypeFlagCommitter: 	at java.util.concurrent.ThreadPoolExecutor$Worker.run(ThreadPoolExecutor.java:636)
06-28 14:22:40.523 19546  3745 E PhenotypeFlagCommitter: 	at swz.run(Unknown Source:7)
06-28 14:22:40.523 19546  3745 E PhenotypeFlagCommitter: 	at java.lang.Thread.run(Thread.java:764)
06-28 14:22:41.244 19569  3982 W ModuleInitIntentOp: Dropping unexpected action com.google.android.gms.phenotype.COMMITTED
06-28 14:22:41.260 19546  3969 I PTCommittedOperation: Receive new configuration for com.google.android.gms.tapandpay
06-28 14:22:41.562 19569  3982 W ModuleInitIntentOp: Dropping unexpected action com.google.android.gms.phenotype.COMMITTED
06-28 14:22:41.574 19546  3969 I PTCommittedOperation: Receive new configuration for com.google.android.gms.people.ui
06-28 14:22:41.778 19546  3974 I aofg    : updateFromConfigurations using legacy put method [CONTEXT service_id=204 ]
06-28 14:22:41.924 19546  3974 I aofg    : updateFromConfigurations using legacy put method [CONTEXT service_id=204 ]
06-28 14:22:42.195  1603  2974 I WifiService: acquireWifiLock uid=10014 lockMode=2
06-28 14:22:42.295 19569  3982 W ModuleInitIntentOp: Dropping unexpected action com.google.android.gms.phenotype.COMMITTED
06-28 14:22:42.315 19546  3977 I PTCommittedOperation: Receive new configuration for com.google.android.gms.herrevad
06-28 14:22:42.360  1524  1594 I zygote  : Deoptimizing void com.google.protobuf.ap.c(byte[], int, int) due to JIT inline cache
06-28 14:22:42.555  1524  1594 I zygote  : Deoptimizing void com.google.protobuf.fe.a(com.google.protobuf.fy) due to JIT inline cache
06-28 14:22:42.626 19569  3978 W ModuleInitIntentOp: Dropping unexpected action com.google.android.gms.phenotype.COMMITTED
06-28 14:22:42.643 19546  3969 I PTCommittedOperation: Receive new configuration for com.google.android.gms.ipa
06-28 14:22:42.856  1603  1620 I WifiService: requestActivityInfo uid=1000
06-28 14:22:42.856  1603  1620 I WifiService: reportActivityInfo uid=1000
06-28 14:22:42.856  1603  1620 I WifiService: getSupportedFeatures uid=1000
06-28 14:22:43.066 19546  3975 I PTCommittedOperation: Receive new configuration for com.google.android.gms.chromesync
06-28 14:22:43.223 19569  3982 W ModuleInitIntentOp: Dropping unexpected action com.google.android.gms.phenotype.COMMITTED
06-28 14:22:43.368  1524  1646 I ModelDownloadListener: Schdedule model download
06-28 14:22:43.400  1524  1524 I BgTaskExecutorImpl: Starting EXCLUSIVE background task UPDATE_HOTWORD_MODELS.
06-28 14:22:43.423  1524  1653 I ModelDownloadController: requestHotwordModelUpdate modelType-2 modelLocale-en-US
06-28 14:22:43.507 19546  3974 I PTCommittedOperation: Receive new configuration for com.google.android.gms.kids
06-28 14:22:43.558  1524  1653 I ModelDownloadController: We already downloaded model from given location.
06-28 14:22:43.558  1524  1653 I ModelDownloadController: Model download failed
06-28 14:22:43.621  1524  1631 W SearchServiceCore: Abort, client detached.
06-28 14:22:43.622  1524  1631 W SearchServiceCore: Abort, client detached.
06-28 14:22:43.764 19569  3968 W ModuleInitIntentOp: Dropping unexpected action com.google.android.gms.phenotype.COMMITTED
06-28 14:22:43.808  1524  1646 I OpaEligibilityChecker: send OpaEligibilityChange broadcast to CommonBroadcastReceiver
06-28 14:22:44.186 19546 19556 I zygote  : Background concurrent copying GC freed 114606(6MB) AllocSpace objects, 34(2MB) LOS objects, 36% free, 10MB/16MB, paused 10.645ms total 542.860ms
06-28 14:22:44.227 29061 29071 I zygote  : Background concurrent copying GC freed 425111(9MB) AllocSpace objects, 0(0B) LOS objects, 19% free, 25MB/31MB, paused 7.794ms total 1.168s
06-28 14:22:44.561 19569 26262 I Icing   : IndexChimeraService.getServiceInterface callingPackage=com.google.android.googlequicksearchbox componentName=agsa_icing_connection serviceId=33
06-28 14:22:44.563 19569 21005 I Icing   : IndexChimeraService.getServiceInterface callingPackage=com.google.android.googlequicksearchbox componentName=agsa_icing_connection serviceId=32
06-28 14:22:44.565  1524  1594 I zygote  : Deoptimizing void com.google.protobuf.fe.a(com.google.protobuf.fy) due to JIT inline cache
06-28 14:22:44.570  1524  1534 I zygote  : Do full code cache collection, code=1000KB, data=566KB
06-28 14:22:44.589  1524  1594 I zygote  : Deoptimizing void com.google.protobuf.en.a(int, java.util.List, com.google.protobuf.fy) due to JIT inline cache
06-28 14:22:44.590  1524  1534 I zygote  : After code cache collection, code=979KB, data=479KB
06-28 14:22:44.880  1524  1631 W SearchServiceCore: Abort, client detached.
06-28 14:22:44.880  1524  1631 W SearchServiceCore: Abort, client detached.
06-28 14:22:44.917 19569  3968 W ModuleInitIntentOp: Dropping unexpected action com.google.android.gms.phenotype.COMMITTED
06-28 14:22:44.944 19569  3978 I MobileDataHub: Scheduling periodic tasks
06-28 14:22:44.954 19546  3975 I PTCommittedOperation: Receive new configuration for com.google.android.gms.icing
06-28 14:22:45.118 19569  3983 W ModuleInitIntentOp: Dropping unexpected action com.google.android.gms.phenotype.COMMITTED
06-28 14:22:45.155  1603  5561 D WificondControl: Scan result ready event
06-28 14:22:45.172 19546  3987 I PTCommittedOperation: Receive new configuration for com.google.android.gms.romanesco
06-28 14:22:45.278  1603 12888 I WifiService: releaseWifiLock uid=10014
06-28 14:22:45.338 19569  2606 W ResourceType: ResTable_typeSpec entry count inconsistent: given 5115, previously 5124
06-28 14:22:45.339 19569  2606 W ResourceType: ResTable_typeSpec entry count inconsistent: given 142, previously 459
06-28 14:22:45.595 19546 19551 I zygote  : Do full code cache collection, code=3MB, data=2MB
06-28 14:22:45.597 19546 19551 I zygote  : After code cache collection, code=3MB, data=1981KB
06-28 14:22:45.677  1603  1616 E memtrack: Couldn't load memtrack module
06-28 14:22:45.677  1603  1616 W android.os.Debug: failed to get memory consumption info: -1
06-28 14:22:45.688 19569  3981 W ModuleInitIntentOp: Dropping unexpected action com.google.android.gms.phenotype.COMMITTED
06-28 14:22:45.741 19546  3973 I PTCommittedOperation: Receive new configuration for com.google.android.location
06-28 14:22:45.754  1524  1631 W SearchServiceCore: Abort, client detached.
06-28 14:22:46.198 19569 19579 I zygote  : Background concurrent copying GC freed 96921(4MB) AllocSpace objects, 19(1660KB) LOS objects, 30% free, 13MB/19MB, paused 1.127ms total 506.901ms
06-28 14:22:46.299 19569  3991 W ModuleInitIntentOp: Dropping unexpected action com.google.android.gms.phenotype.COMMITTED
06-28 14:22:46.324 19546  3977 I PTCommittedOperation: Receive new configuration for com.google.android.gms.matchstick
06-28 14:22:46.608 19569  3991 W ModuleInitIntentOp: Dropping unexpected action com.google.android.gms.phenotype.COMMITTED
06-28 14:22:46.619 19546  3972 I PTCommittedOperation: Receive new configuration for com.google.android.gms.instantapps
06-28 14:22:46.791 19569  2606 I Icing   : Usage reports ok 30, Failed Usage reports 0, indexed 0, rejected 0
06-28 14:22:46.976 19569  3981 W ModuleInitIntentOp: Dropping unexpected action com.google.android.gms.phenotype.COMMITTED
06-28 14:22:46.979 19546  3975 I PTCommittedOperation: Receive new configuration for com.google.android.gms.googlehelp
06-28 14:22:47.072 19569  2606 I Icing   : Usage reports ok 0, Failed Usage reports 0, indexed 0, rejected 0
06-28 14:22:47.583 19546 19556 I zygote  : Background concurrent copying GC freed 120852(5MB) AllocSpace objects, 23(652KB) LOS objects, 38% free, 9MB/15MB, paused 4.226ms total 176.151ms
06-28 14:22:47.643 19569  3976 W ModuleInitIntentOp: Dropping unexpected action com.google.android.gms.phenotype.COMMITTED
06-28 14:22:47.655 19546  3973 I PTCommittedOperation: Receive new configuration for com.google.android.gms.mobile_data_plan
06-28 14:22:47.717 29061 29071 I zygote  : Background concurrent copying GC freed 322335(7MB) AllocSpace objects, 0(0B) LOS objects, 19% free, 25MB/31MB, paused 3.077ms total 670.994ms
06-28 14:22:47.825 19569  3991 W ModuleInitIntentOp: Dropping unexpected action com.google.android.gms.phenotype.COMMITTED
06-28 14:22:47.840 19546  3992 I PTCommittedOperation: Receive new configuration for com.google.android.gms.telephonyspam
06-28 14:22:47.925 19569  3991 I TelephonySpam: SettingsChangedIntentOp - telephonyspam phenotype flag changed
06-28 14:22:47.925 19569  3991 I TelephonySpam: SpamListSync - schedulePeriodicTask
06-28 14:22:48.069 19546  3977 I PTCommittedOperation: Receive new configuration for com.google.android.gms.games
06-28 14:22:48.195 19569  3981 W ModuleInitIntentOp: Dropping unexpected action com.google.android.gms.phenotype.COMMITTED
06-28 14:22:48.595 19546  3973 I PTCommittedOperation: Receive new configuration for com.google.android.gms.auth_account
06-28 14:22:48.675 19569  3991 W ModuleInitIntentOp: Dropping unexpected action com.google.android.gms.phenotype.COMMITTED
06-28 14:22:48.705  1603  1612 I zygote  : Background concurrent copying GC freed 61892(3MB) AllocSpace objects, 1(20KB) LOS objects, 17% free, 27MB/33MB, paused 10.458ms total 781.660ms
06-28 14:22:48.930 19569  3968 W ModuleInitIntentOp: Dropping unexpected action com.google.android.gms.phenotype.COMMITTED
06-28 14:22:48.959 19546  3974 I PTCommittedOperation: Receive new configuration for com.google.android.gms.update
06-28 14:22:49.016 19569  3981 I SystemUpdate: [Installation,ReceiverIntentOperation] Received intent: Intent { act=com.google.android.gms.phenotype.COMMITTED flg=0x10 pkg=com.google.android.gms cmp=com.google.android.gms/.chimera.GmsIntentOperationService (has extras) }.
06-28 14:22:49.116 19569  3978 I SystemUpdate: [Execution,InstallationEventIntentOperation] Handling event of type 2.
06-28 14:22:49.131 19569  3968 I SystemUpdate: [Execution,InstallationIntentOperation] Received intent: Intent { act=com.google.android.gms.update.INSTALL_UPDATE cat=[targeted_intent_op_prefix:.update.execution.InstallationIntentOperation] cmp=com.google.android.gms/.chimera.GmsIntentOperationService }.
06-28 14:22:49.139 19569  3968 I SystemUpdate: [Execution,ExecutionManager] Action finished-execution executed for 0.00 seconds.
06-28 14:22:49.186 19569  3978 W ModuleInitIntentOp: Dropping unexpected action com.google.android.gms.phenotype.COMMITTED
06-28 14:22:49.190 19569  3978 D CAR.SETUP: Received Car Phenotype committed intent.
06-28 14:22:49.194 19546  3969 I PTCommittedOperation: Receive new configuration for com.google.android.gms.car
06-28 14:22:49.262 19569  3978 I CAR.SETUP: update Car DrivingMode components to false
06-28 14:22:49.318 19569  3980 W ModuleInitIntentOp: Dropping unexpected action com.google.android.gms.phenotype.COMMITTED
06-28 14:22:49.338 19546  3972 I PTCommittedOperation: Receive new configuration for com.google.android.gms.ocr
06-28 14:22:49.421 19569  3976 I OcrModelUpStIntentOp: Updating ocr activity enabled=true (phenotypeFlag=true, lowRamDevice=false, prereqCheck=true)
06-28 14:22:49.507 19546  3972 I PTCommittedOperation: Receive new configuration for com.google.android.metrics
06-28 14:22:49.586 19569  3976 I OcrModelUpStIntentOp: Downloading text recognizer
06-28 14:22:49.597 19569  3978 W ModuleInitIntentOp: Dropping unexpected action com.google.android.gms.phenotype.COMMITTED
06-28 14:22:49.671 19546 19546 I zygote  : Deoptimizing void rzr.<init>(android.content.Context, int, int[]) due to JIT inline cache
06-28 14:22:49.671 19546 19546 I zygote  : Deoptimizing void swr.<init>(android.content.Context) due to JIT inline cache
06-28 14:22:49.738 19569  3978 I Vision  : Details: ocr_x86.zip, ff3dcfd5e3828224849fbeffe1ed2e71a7ad3400
06-28 14:22:49.759 19569  3991 W ModuleInitIntentOp: Dropping unexpected action com.google.android.gms.phenotype.COMMITTED
06-28 14:22:49.807 19546  3969 I PTCommittedOperation: Receive new configuration for com.google.android.gms
06-28 14:22:49.808 19546  3969 I PTCommittedOperation: Running Fixer Framework for com.google.android.gms
06-28 14:22:49.819 19569  3978 I Vision  : Engine already satisfied by existing download for ocr
06-28 14:22:50.400 29061 29071 I zygote  : Background concurrent copying GC freed 328273(7MB) AllocSpace objects, 0(0B) LOS objects, 19% free, 24MB/30MB, paused 2.861ms total 268.242ms
06-28 14:22:51.506  1409  1409 I boot-pipe: done populating /dev/random
06-28 14:22:51.865 19546 19546 I GeofencerStateMachine: sendNewTransitions called.
06-28 14:22:52.782 29061 29071 I zygote  : Background concurrent copying GC freed 305229(6MB) AllocSpace objects, 0(0B) LOS objects, 20% free, 23MB/29MB, paused 1.057ms total 209.673ms
06-28 14:22:52.932  1603  1616 E memtrack: Couldn't load memtrack module
06-28 14:22:52.932  1603  1616 W android.os.Debug: failed to get memory consumption info: -1
06-28 14:22:53.409  1603  1616 E memtrack: Couldn't load memtrack module
06-28 14:22:53.409  1603  1616 W android.os.Debug: failed to get memory consumption info: -1
06-28 14:22:56.128 29061 29071 I zygote  : Background concurrent copying GC freed 279461(6MB) AllocSpace objects, 0(0B) LOS objects, 19% free, 24MB/30MB, paused 5.214ms total 284.300ms
06-28 14:22:58.301 29061 29071 I zygote  : Background concurrent copying GC freed 305487(6MB) AllocSpace objects, 0(0B) LOS objects, 20% free, 23MB/29MB, paused 6.038ms total 354.447ms
06-28 14:23:00.903  1402  1417 D hwcomposer: hw_composer sent 252 syncs in 60s
06-28 14:23:01.474 29061 29071 I zygote  : Background concurrent copying GC freed 268246(5MB) AllocSpace objects, 0(0B) LOS objects, 19% free, 25MB/31MB, paused 3.747ms total 305.877ms
06-28 14:23:02.209  1603  2974 I WifiService: acquireWifiLock uid=10014 lockMode=2
06-28 14:23:02.272  1603  5561 I WifiService: releaseWifiLock uid=10014
06-28 14:23:03.422  1524  1631 I WorkerManager: dispose()
06-28 14:23:04.092 29061 29071 I zygote  : Background concurrent copying GC freed 320621(7MB) AllocSpace objects, 0(0B) LOS objects, 19% free, 25MB/31MB, paused 3.770ms total 324.698ms
06-28 14:23:07.144 29061 29071 I zygote  : Background concurrent copying GC freed 323509(7MB) AllocSpace objects, 0(0B) LOS objects, 19% free, 24MB/30MB, paused 3.995ms total 279.586ms
06-28 14:23:10.253 29061 29071 I zygote  : Background concurrent copying GC freed 302749(6MB) AllocSpace objects, 0(0B) LOS objects, 19% free, 25MB/31MB, paused 3.632ms total 322.404ms
06-28 14:23:12.805 29061 29071 I zygote  : Background concurrent copying GC freed 319397(7MB) AllocSpace objects, 0(0B) LOS objects, 20% free, 23MB/29MB, paused 6.969ms total 253.664ms
06-28 14:23:16.189 29061 29071 I zygote  : Background concurrent copying GC freed 277572(6MB) AllocSpace objects, 0(0B) LOS objects, 19% free, 24MB/30MB, paused 1.321ms total 340.339ms
06-28 14:23:18.382 29061 29071 I zygote  : Background concurrent copying GC freed 308808(6MB) AllocSpace objects, 0(0B) LOS objects, 19% free, 24MB/30MB, paused 1.672ms total 444.602ms
06-28 14:23:18.532  1603  1612 I zygote  : Background concurrent copying GC freed 112014(7MB) AllocSpace objects, 3(60KB) LOS objects, 18% free, 26MB/32MB, paused 2.822ms total 402.952ms
