07-17 17:45:16.934 11993 11993 V mireo   : j: GPS.setNative: 1563399917000 | Location[gps -7.589195,-37.541068 hAcc=20 et=+1d12h40m2s563ms vel=0.0 bear=0.0 vAcc=??? sAcc=??? bAcc=??? {Bundle[mParcelledData.dataSize=96]}]
07-17 17:45:17.315 10541 11931 W audio_hw_generic: Not supplying enough data to HAL, expected position 643221389 , only wrote 643221360
07-17 17:45:17.936 11993 11993 V mireo   : j: GPS.setNative: 1563399918000 | Location[gps -7.589195,-37.541068 hAcc=20 et=+1d12h40m3s730ms vel=0.0 bear=0.0 vAcc=??? sAcc=??? bAcc=??? {Bundle[mParcelledData.dataSize=96]}]
07-17 17:45:17.965 21823 21833 I zygote  : Background concurrent copying GC freed 531424(11MB) AllocSpace objects, 0(0B) LOS objects, 13% free, 37MB/43MB, paused 6.924ms total 696.245ms
07-17 17:45:18.096 10541 11931 W audio_hw_generic: Not supplying enough data to HAL, expected position 643258857 , only wrote 643258800
07-17 17:45:18.097 10541 11931 W audio_hw_generic: Not supplying enough data to HAL, expected position 643258840 , only wrote 643258800
07-17 17:45:18.114 10541 11931 W audio_hw_generic: Not supplying enough data to HAL, expected position 643259606 , only wrote 643259520
07-17 17:45:18.129 10536 10570 D AudioFlinger: mixer(0xb2483f00) throttle end: throttle time(9)
07-17 17:45:18.454 10536 10570 D AudioFlinger: mixer(0xb2483f00) throttle end: throttle time(12)
07-17 17:45:18.949 11993 11993 V mireo   : j: GPS.setNative: 1563399919000 | Location[gps -7.589195,-37.541068 hAcc=20 et=+1d12h40m4s866ms alt=0.0 vAcc=??? sAcc=??? bAcc=??? {Bundle[mParcelledData.dataSize=96]}]
07-17 17:45:19.013 21823 21833 I zygote  : Background concurrent copying GC freed 592550(13MB) AllocSpace objects, 0(0B) LOS objects, 15% free, 33MB/39MB, paused 1.005ms total 494.229ms
07-17 17:45:19.252 10536 10570 D AudioFlinger: mixer(0xb2483f00) throttle end: throttle time(1)
07-17 17:45:19.956 11993 11993 V mireo   : j: GPS.setNative: 1563399920000 | Location[gps -7.589195,-37.541068 hAcc=20 et=+1d12h40m5s271ms vel=0.0 bear=0.0 vAcc=??? sAcc=??? bAcc=??? {Bundle[mParcelledData.dataSize=96]}]
07-17 17:45:20.019 21823 21833 I zygote  : Background concurrent copying GC freed 419981(9MB) AllocSpace objects, 0(0B) LOS objects, 14% free, 34MB/40MB, paused 1.048ms total 582.516ms
07-17 17:45:20.140 10923 10923 I GeofencerStateMachine: sendNewTransitions called.
07-17 17:45:20.354 10541 11931 W audio_hw_generic: Not supplying enough data to HAL, expected position 643367036 , only wrote 643366800
07-17 17:45:20.355 10541 11931 W audio_hw_generic: Not supplying enough data to HAL, expected position 643366848 , only wrote 643366800
07-17 17:45:20.372 10541 11931 W audio_hw_generic: Not supplying enough data to HAL, expected position 643367603 , only wrote 643367520
07-17 17:45:20.957 11993 11993 V mireo   : j: GPS.setNative: 1563399921000 | Location[gps -7.589195,-37.541068 hAcc=20 et=+1d12h40m6s411ms vel=0.0 bear=0.0 vAcc=??? sAcc=??? bAcc=??? {Bundle[mParcelledData.dataSize=96]}]
07-17 17:45:20.990 21823 21833 I zygote  : Background concurrent copying GC freed 469660(10MB) AllocSpace objects, 0(0B) LOS objects, 14% free, 36MB/42MB, paused 1.222ms total 599.022ms
07-17 17:45:21.116 10536 10570 D AudioFlinger: mixer(0xb2483f00) throttle end: throttle time(9)
07-17 17:45:21.119 11993 11993 V mireo   : j: GPS.setNative: 1563399922000 | Location[gps -7.589195,-37.541068 hAcc=20 et=+1d12h40m7s141ms alt=0.0 vAcc=??? sAcc=??? bAcc=??? {Bundle[mParcelledData.dataSize=96]}]
07-17 17:45:21.469 10541 11931 W audio_hw_generic: Not supplying enough data to HAL, expected position 643420185 , only wrote 643420080
07-17 17:45:21.469 10541 11931 W audio_hw_generic: Not supplying enough data to HAL, expected position 643420089 , only wrote 643420080
07-17 17:45:21.484 10541 11931 W audio_hw_generic: Not supplying enough data to HAL, expected position 643420807 , only wrote 643420800
07-17 17:45:21.502 10536 10570 D AudioFlinger: mixer(0xb2483f00) throttle end: throttle time(5)
07-17 17:45:21.925 10541 11931 W audio_hw_generic: Hardware backing HAL too slow, could only write 0 of 720 frames
07-17 17:45:22.252 10541 11931 W audio_hw_generic: Not supplying enough data to HAL, expected position 643457641 , only wrote 643457520
07-17 17:45:22.253 10541 11931 W audio_hw_generic: Not supplying enough data to HAL, expected position 643457561 , only wrote 643457520
07-17 17:45:22.264 21823 21833 I zygote  : Background concurrent copying GC freed 566994(12MB) AllocSpace objects, 0(0B) LOS objects, 13% free, 38MB/44MB, paused 1.649ms total 721.092ms
07-17 17:45:22.268 10541 11931 W audio_hw_generic: Not supplying enough data to HAL, expected position 643458259 , only wrote 643458240
07-17 17:45:22.625 10536 10570 D AudioFlinger: mixer(0xb2483f00) throttle end: throttle time(5)
07-17 17:45:22.988 10541 11931 W audio_hw_generic: Not supplying enough data to HAL, expected position 643492801 , only wrote 643492800
07-17 17:45:22.988 11993 11993 V mireo   : j: GPS.setNative: 1563399923000 | Location[gps -7.589195,-37.541068 hAcc=20 et=+1d12h40m8s647ms alt=0.0 vAcc=??? sAcc=??? bAcc=??? {Bundle[mParcelledData.dataSize=96]}]
07-17 17:45:23.005 10541 11931 W audio_hw_generic: Not supplying enough data to HAL, expected position 643493600 , only wrote 643493520
07-17 17:45:23.016 10536 10570 D AudioFlinger: mixer(0xb2483f00) throttle end: throttle time(12)
07-17 17:45:23.207 21823 21833 I zygote  : Background concurrent copying GC freed 632524(13MB) AllocSpace objects, 0(0B) LOS objects, 15% free, 33MB/39MB, paused 904us total 469.797ms
07-17 17:45:23.721 10541 11931 W audio_hw_generic: Not supplying enough data to HAL, expected position 643527882 , only wrote 643527360
07-17 17:45:23.721 10541 11931 W audio_hw_generic: Not supplying enough data to HAL, expected position 643527369 , only wrote 643527360
07-17 17:45:23.737 10541 11931 W audio_hw_generic: Not supplying enough data to HAL, expected position 643528134 , only wrote 643528080
07-17 17:45:23.748 10536 10570 D AudioFlinger: mixer(0xb2483f00) throttle end: throttle time(12)
07-17 17:45:23.987 11993 11993 V mireo   : j: GPS.setNative: 1563399924000 | Location[gps -7.589195,-37.541068 hAcc=20 et=+1d12h40m9s775ms alt=0.0 vAcc=??? sAcc=??? bAcc=??? {Bundle[mParcelledData.dataSize=96]}]
07-17 17:45:24.394 21823 21833 I zygote  : Background concurrent copying GC freed 413180(9MB) AllocSpace objects, 0(0B) LOS objects, 14% free, 35MB/41MB, paused 2.737ms total 616.047ms
07-17 17:45:24.544 10536 10570 D AudioFlinger: mixer(0xb2483f00) throttle end: throttle time(2)
07-17 17:45:24.990 11993 11993 V mireo   : j: GPS.setNative: 1563399925000 | Location[gps -7.589195,-37.541068 hAcc=20 et=+1d12h40m10s888ms alt=0.0 vAcc=??? sAcc=??? bAcc=??? {Bundle[mParcelledData.dataSize=96]}]
07-17 17:45:25.160 10923 10923 I GeofencerStateMachine: sendNewTransitions called.
07-17 17:45:25.262 10586 10597 I WifiService: acquireWifiLock uid=10014 lockMode=2
07-17 17:45:25.418 21823 21833 I zygote  : Background concurrent copying GC freed 496165(10MB) AllocSpace objects, 0(0B) LOS objects, 14% free, 34MB/40MB, paused 1.930ms total 494.190ms
07-17 17:45:25.439 10586 10967 I WifiService: releaseWifiLock uid=10014
07-17 17:45:25.505 10586 10599 E memtrack: Couldn't load memtrack module
07-17 17:45:25.505 10586 10599 W android.os.Debug: failed to get memory consumption info: -1
07-17 17:45:25.666 10541 11931 W audio_hw_generic: Not supplying enough data to HAL, expected position 643620669 , only wrote 643619520
07-17 17:45:25.667 10541 11931 W audio_hw_generic: Not supplying enough data to HAL, expected position 643619561 , only wrote 643619520
07-17 17:45:25.683 10541 11931 W audio_hw_generic: Not supplying enough data to HAL, expected position 643620307 , only wrote 643620240
07-17 17:45:25.695 10536 10570 D AudioFlinger: mixer(0xb2483f00) throttle end: throttle time(12)
07-17 17:45:25.716 10586 10599 E memtrack: Couldn't load memtrack module
07-17 17:45:25.716 10586 10599 W android.os.Debug: failed to get memory consumption info: -1
07-17 17:45:25.993 11993 11993 V mireo   : j: GPS.setNative: 1563399926000 | Location[gps -7.589195,-37.541068 hAcc=20 et=+1d12h40m11s721ms vel=0.0 bear=0.0 vAcc=??? sAcc=??? bAcc=??? {Bundle[mParcelledData.dataSize=96]}]
07-17 17:45:26.417 10536 10570 D AudioFlinger: mixer(0xb2483f00) throttle end: throttle time(6)
07-17 17:45:26.808 10541 11931 W audio_hw_generic: Not supplying enough data to HAL, expected position 643674250 , only wrote 643674240
07-17 17:45:26.809 10541 11931 W audio_hw_generic: Not supplying enough data to HAL, expected position 643674270 , only wrote 643674240
07-17 17:45:26.818 21823 21833 I zygote  : Background concurrent copying GC freed 482810(10MB) AllocSpace objects, 0(0B) LOS objects, 13% free, 39MB/45MB, paused 6.488ms total 829.623ms
07-17 17:45:26.825 10541 11931 W audio_hw_generic: Not supplying enough data to HAL, expected position 643675007 , only wrote 643674960
07-17 17:45:26.993 11993 11993 V mireo   : j: GPS.setNative: 1563399927000 | Location[gps -7.589195,-37.541068 hAcc=20 et=+1d12h40m12s865ms vel=0.0 bear=0.0 vAcc=??? sAcc=??? bAcc=??? {Bundle[mParcelledData.dataSize=96]}]
07-17 17:45:27.757 21823 21833 I zygote  : Background concurrent copying GC freed 673679(14MB) AllocSpace objects, 0(0B) LOS objects, 14% free, 35MB/41MB, paused 1.314ms total 552.897ms
07-17 17:45:28.009 11993 11993 V mireo   : j: GPS.setNative: 1563399928000 | Location[gps -7.589195,-37.541068 hAcc=20 et=+1d12h40m13s987ms vel=0.0 bear=0.0 vAcc=??? sAcc=??? bAcc=??? {Bundle[mParcelledData.dataSize=96]}]
07-17 17:45:28.312 10536 10570 D AudioFlinger: mixer(0xb2483f00) throttle end: throttle time(2)
07-17 17:45:28.658 10541 11931 W audio_hw_generic: Not supplying enough data to HAL, expected position 643762968 , only wrote 643762800
07-17 17:45:28.659 10541 11931 W audio_hw_generic: Not supplying enough data to HAL, expected position 643762815 , only wrote 643762800
07-17 17:45:28.861 21823 21833 I zygote  : Background concurrent copying GC freed 495057(10MB) AllocSpace objects, 0(0B) LOS objects, 14% free, 36MB/42MB, paused 994us total 726.721ms
07-17 17:45:29.026 11993 11993 V mireo   : j: GPS.setNative: 1563399929000 | Location[gps -7.589195,-37.541068 hAcc=20 et=+1d12h40m14s719ms vel=0.0 bear=0.0 vAcc=??? sAcc=??? bAcc=??? {Bundle[mParcelledData.dataSize=96]}]
07-17 17:45:29.150 11993 11993 V mireo   : j: GPS.setNative: 1563399930000 | Location[gps -7.589195,-37.541068 hAcc=20 et=+1d12h40m15s162ms vel=0.0 bear=0.0 vAcc=??? sAcc=??? bAcc=??? {Bundle[mParcelledData.dataSize=96]}]
07-17 17:45:29.442 10536 10570 D AudioFlinger: mixer(0xb2483f00) throttle end: throttle time(6)
07-17 17:45:29.799 10541 11931 W audio_hw_generic: Not supplying enough data to HAL, expected position 643817535 , only wrote 643817520
07-17 17:45:29.800 10541 11931 W audio_hw_generic: Not supplying enough data to HAL, expected position 643817548 , only wrote 643817520
07-17 17:45:29.815 10541 11931 W audio_hw_generic: Not supplying enough data to HAL, expected position 643818257 , only wrote 643818240
07-17 17:45:29.832 10536 10570 D AudioFlinger: mixer(0xb2483f00) throttle end: throttle time(6)
07-17 17:45:29.981 21823 21833 I zygote  : Background concurrent copying GC freed 553244(12MB) AllocSpace objects, 0(0B) LOS objects, 13% free, 37MB/43MB, paused 6.052ms total 713.286ms
07-17 17:45:30.172 10923 10923 I GeofencerStateMachine: sendNewTransitions called.
07-17 17:45:30.986 10536 10570 D AudioFlinger: mixer(0xb2483f00) throttle end: throttle time(4)
07-17 17:45:31.030 11993 11993 V mireo   : j: GPS.setNative: 1563399931000 | Location[gps -7.589195,-37.541068 hAcc=20 et=+1d12h40m17s8ms vel=0.0 bear=0.0 vAcc=??? sAcc=??? bAcc=??? {Bundle[mParcelledData.dataSize=96]}]
07-17 17:45:31.149 21823 21833 I zygote  : Background concurrent copying GC freed 599658(13MB) AllocSpace objects, 0(0B) LOS objects, 13% free, 38MB/44MB, paused 4.952ms total 711.604ms
07-17 17:45:31.333 10541 11931 W audio_hw_generic: Not supplying enough data to HAL, expected position 643891105 , only wrote 643890960
07-17 17:45:31.334 10541 11931 W audio_hw_generic: Not supplying enough data to HAL, expected position 643890994 , only wrote 643890960
07-17 17:45:31.350 10541 11931 W audio_hw_generic: Not supplying enough data to HAL, expected position 643891746 , only wrote 643891680
07-17 17:45:31.748 10541 11931 W audio_hw_generic: Hardware backing HAL too slow, could only write 0 of 720 frames
07-17 17:45:32.035 11993 11993 V mireo   : j: GPS.setNative: 1563399932000 | Location[gps -7.589195,-37.541068 hAcc=20 et=+1d12h40m17s770ms vel=0.0 bear=0.0 vAcc=??? sAcc=??? bAcc=??? {Bundle[mParcelledData.dataSize=96]}]
07-17 17:45:32.047 21823 21833 I zygote  : Background concurrent copying GC freed 643762(14MB) AllocSpace objects, 0(0B) LOS objects, 14% free, 34MB/40MB, paused 3.271ms total 541.306ms
07-17 17:45:32.108 10541 11931 W audio_hw_generic: Not supplying enough data to HAL, expected position 643928074 , only wrote 643927680
07-17 17:45:32.109 10541 11931 W audio_hw_generic: Not supplying enough data to HAL, expected position 643927696 , only wrote 643927680
07-17 17:45:32.124 10541 11931 W audio_hw_generic: Not supplying enough data to HAL, expected position 643928415 , only wrote 643928400
07-17 17:45:32.166 11993 11993 V mireo   : j: GPS.setNative: 1563399933000 | Location[gps -7.589195,-37.541068 hAcc=20 et=+1d12h40m18s174ms alt=0.0 vAcc=??? sAcc=??? bAcc=??? {Bundle[mParcelledData.dataSize=96]}]
07-17 17:45:32.492 10536 10570 D AudioFlinger: mixer(0xb2483f00) throttle end: throttle time(12)
07-17 17:45:32.846 10541 11931 W audio_hw_generic: Not supplying enough data to HAL, expected position 643963075 , only wrote 643962960
07-17 17:45:32.847 10541 11931 W audio_hw_generic: Not supplying enough data to HAL, expected position 643962978 , only wrote 643962960
07-17 17:45:32.863 10541 11931 W audio_hw_generic: Not supplying enough data to HAL, expected position 643963722 , only wrote 643963680
07-17 17:45:32.880 10536 10570 D AudioFlinger: mixer(0xb2483f00) throttle end: throttle time(7)
07-17 17:45:33.267 21823 21833 I zygote  : Background concurrent copying GC freed 508952(11MB) AllocSpace objects, 0(0B) LOS objects, 14% free, 36MB/42MB, paused 1.720ms total 703.685ms
07-17 17:45:33.646 10536 10570 D AudioFlinger: mixer(0xb2483f00) throttle end: throttle time(4)
07-17 17:45:33.989 10541 11931 W audio_hw_generic: Not supplying enough data to HAL, expected position 644017726 , only wrote 644017680
07-17 17:45:34.008 10536 10570 D AudioFlinger: mixer(0xb2483f00) throttle end: throttle time(1)
07-17 17:45:34.037 11993 11993 V mireo   : j: GPS.setNative: 1563399934000 | Location[gps -7.589195,-37.541068 hAcc=20 et=+1d12h40m19s665ms vel=0.0 bear=0.0 vAcc=??? sAcc=??? bAcc=??? {Bundle[mParcelledData.dataSize=96]}]
07-17 17:45:34.168 11993 11993 V mireo   : j: GPS.setNative: 1563399935000 | Location[gps -7.589195,-37.541068 hAcc=20 et=+1d12h40m20s171ms vel=0.0 bear=0.0 vAcc=??? sAcc=??? bAcc=??? {Bundle[mParcelledData.dataSize=96]}]
07-17 17:45:34.192 21823 21823 D net.osmand: DayNightHelper Sunrise/sunset setting to day: false
07-17 17:45:34.196 21823 21833 I zygote  : Background concurrent copying GC freed 565626(12MB) AllocSpace objects, 0(0B) LOS objects, 14% free, 34MB/40MB, paused 2.008ms total 509.035ms
07-17 17:45:34.759 10536 10570 D AudioFlinger: mixer(0xb2483f00) throttle end: throttle time(12)
07-17 17:45:35.168 10923 10923 I GeofencerStateMachine: sendNewTransitions called.
07-17 17:45:35.535 10536 10570 D AudioFlinger: mixer(0xb2483f00) throttle end: throttle time(12)
07-17 17:45:35.597 21823 21833 I zygote  : Background concurrent copying GC freed 463955(10MB) AllocSpace objects, 0(0B) LOS objects, 13% free, 37MB/43MB, paused 2.178ms total 795.953ms
07-17 17:45:35.868 10541 11931 W audio_hw_generic: Not supplying enough data to HAL, expected position 644107906 , only wrote 644107680
07-17 17:45:35.897 10536 10570 D AudioFlinger: mixer(0xb2483f00) throttle end: throttle time(10)
07-17 17:45:36.044 11993 11993 V mireo   : j: GPS.setNative: 1563399936000 | Location[gps -7.589195,-37.541068 hAcc=20 et=+1d12h40m21s570ms vel=0.0 bear=0.0 vAcc=??? sAcc=??? bAcc=??? {Bundle[mParcelledData.dataSize=96]}]
07-17 17:45:36.200 11993 11993 V mireo   : j: GPS.setNative: 1563399937000 | Location[gps -7.589195,-37.541068 hAcc=20 et=+1d12h40m22s175ms vel=0.0 bear=0.0 vAcc=??? sAcc=??? bAcc=??? {Bundle[mParcelledData.dataSize=96]}]
07-17 17:45:36.284 10541 11931 W audio_hw_generic: Not supplying enough data to HAL, expected position 644127618 , only wrote 644127120
07-17 17:45:36.284 10541 11931 W audio_hw_generic: Not supplying enough data to HAL, expected position 644127144 , only wrote 644127120
07-17 17:45:36.302 10541 11931 W audio_hw_generic: Not supplying enough data to HAL, expected position 644127949 , only wrote 644127840
07-17 17:45:36.328 10536 10570 D AudioFlinger: mixer(0xb2483f00) throttle end: throttle time(3)
07-17 17:45:36.710 10536 10570 D AudioFlinger: mixer(0xb2483f00) throttle end: throttle time(2)
07-17 17:45:36.837 21823 21833 I zygote  : Background concurrent copying GC freed 597185(13MB) AllocSpace objects, 0(0B) LOS objects, 13% free, 38MB/44MB, paused 1.081ms total 855.559ms
07-17 17:45:36.994 10541 11931 W audio_hw_generic: Not supplying enough data to HAL, expected position 644161085 , only wrote 644160960
07-17 17:45:36.994 10541 11931 W audio_hw_generic: Not supplying enough data to HAL, expected position 644160975 , only wrote 644160960
07-17 17:45:37.011 10541 11931 W audio_hw_generic: Not supplying enough data to HAL, expected position 644161755 , only wrote 644161680
07-17 17:45:37.207 11993 11993 V mireo   : j: GPS.setNative: 1563399938000 | Location[gps -7.589195,-37.541068 hAcc=20 et=+1d12h40m23s171ms vel=0.0 bear=0.0 vAcc=??? sAcc=??? bAcc=??? {Bundle[mParcelledData.dataSize=96]}]
07-17 17:45:37.455 10536 10570 D AudioFlinger: mixer(0xb2483f00) throttle end: throttle time(6)
07-17 17:45:37.519  1407  1407 I boot-pipe: done populating /dev/random
07-17 17:45:37.770 21823 21833 I zygote  : Background concurrent copying GC freed 663757(14MB) AllocSpace objects, 0(0B) LOS objects, 14% free, 35MB/41MB, paused 8.612ms total 565.563ms
07-17 17:45:37.845 27897 27914 I Finsky  : [691] jen.run(3): Stats for Executor: BlockingExecutor jfw@73588bb[Running, pool size = 0, active threads = 0, queued tasks = 0, completed tasks = 16]
07-17 17:45:37.845 10541 11931 W audio_hw_generic: Not supplying enough data to HAL, expected position 644201728 , only wrote 644201280
07-17 17:45:37.846 10541 11931 W audio_hw_generic: Not supplying enough data to HAL, expected position 644201305 , only wrote 644201280
07-17 17:45:37.849 27897 27914 I Finsky  : [691] jen.run(3): Stats for Executor: LightweightExecutor jfw@d1661d8[Running, pool size = 2, active threads = 0, queued tasks = 0, completed tasks = 62]
07-17 17:45:37.862 10541 11931 W audio_hw_generic: Not supplying enough data to HAL, expected position 644202053 , only wrote 644202000
07-17 17:45:37.877 10536 10570 D AudioFlinger: mixer(0xb2483f00) throttle end: throttle time(10)
07-17 17:45:38.885 27897 27914 I Finsky  : [691] jen.run(3): Stats for Executor: bgExecutor jfw@967a931[Running, pool size = 4, active threads = 0, queued tasks = 0, completed tasks = 53]
07-17 17:45:39.008 10541 11931 W audio_hw_generic: Not supplying enough data to HAL, expected position 644257026 , only wrote 644256000
07-17 17:45:39.009 10541 11931 W audio_hw_generic: Not supplying enough data to HAL, expected position 644256026 , only wrote 644256000
07-17 17:45:39.025 10541 11931 W audio_hw_generic: Not supplying enough data to HAL, expected position 644256789 , only wrote 644256720
07-17 17:45:39.026 10541 11931 W audio_hw_generic: Hardware backing HAL too slow, could only write 0 of 720 frames
07-17 17:45:39.028 10541 11931 W audio_hw_generic: Hardware backing HAL too slow, could only write 0 of 720 frames
07-17 17:45:39.043 10536 10570 D AudioFlinger: mixer(0xb2483f00) throttle end: throttle time(9)
07-17 17:45:39.095 10586 10595 I zygote  : Background concurrent copying GC freed 47485(2047KB) AllocSpace objects, 0(0B) LOS objects, 13% free, 39MB/45MB, paused 1.283ms total 958.037ms
07-17 17:45:39.124 11993 11993 V mireo   : j: GPS.setNative: 1563399939000 | Location[gps -7.589195,-37.541068 hAcc=20 et=+1d12h40m25s69ms vel=0.0 bear=0.0 vAcc=??? sAcc=??? bAcc=??? {Bundle[mParcelledData.dataSize=96]}]
07-17 17:45:39.261 10536 10570 D AudioFlinger: mixer(0xb2483f00) throttle end: throttle time(10)
07-17 17:45:39.268 21823 21833 I zygote  : Background concurrent copying GC freed 490734(10MB) AllocSpace objects, 0(0B) LOS objects, 13% free, 38MB/44MB, paused 899us total 1.010s
07-17 17:45:39.715 10536 10570 D AudioFlinger: mixer(0xb2483f00) throttle end: throttle time(5)
07-17 17:45:40.132 11993 11993 V mireo   : j: GPS.setNative: 1563399940000 | Location[gps -7.589195,-37.541068 hAcc=20 et=+1d12h40m25s738ms alt=0.0 vAcc=??? sAcc=??? bAcc=??? {Bundle[mParcelledData.dataSize=96]}]
07-17 17:45:40.170 10923 10923 I GeofencerStateMachine: sendNewTransitions called.
07-17 17:45:40.235 11993 11993 V mireo   : j: GPS.setNative: 1563399941000 | Location[gps -7.589195,-37.541068 hAcc=20 et=+1d12h40m26s188ms vel=0.0 bear=0.0 vAcc=??? sAcc=??? bAcc=??? {Bundle[mParcelledData.dataSize=96]}]
07-17 17:45:40.375 10541 11931 W audio_hw_generic: Not supplying enough data to HAL, expected position 644321522 , only wrote 644321520
07-17 17:45:40.397 10536 10570 D AudioFlinger: mixer(0xb2483f00) throttle end: throttle time(1)
07-17 17:45:40.398 21823 21833 I zygote  : Background concurrent copying GC freed 646762(14MB) AllocSpace objects, 0(0B) LOS objects, 15% free, 32MB/38MB, paused 1.285ms total 556.952ms
07-17 17:45:40.899 10536 10570 D AudioFlinger: mixer(0xb2483f00) throttle end: throttle time(6)
07-17 17:45:41.352 10541 11931 W audio_hw_generic: Not supplying enough data to HAL, expected position 644368395 , only wrote 644368320
07-17 17:45:41.547 10536 10570 D AudioFlinger: mixer(0xb2483f00) throttle end: throttle time(3)
07-17 17:45:41.666 21823 21833 I zygote  : Background concurrent copying GC freed 400213(8MB) AllocSpace objects, 0(0B) LOS objects, 13% free, 36MB/42MB, paused 4.748ms total 741.662ms
07-17 17:45:41.997 10536 10570 D AudioFlinger: mixer(0xb2483f00) throttle end: throttle time(8)
07-17 17:45:42.209 11993 11993 V mireo   : j: GPS.setNative: 1563399942000 | Location[gps -7.589195,-37.541068 hAcc=20 et=+1d12h40m28s24ms alt=0.0 vAcc=??? sAcc=??? bAcc=??? {Bundle[mParcelledData.dataSize=96]}]
07-17 17:45:42.487 10541 11931 W audio_hw_generic: Not supplying enough data to HAL, expected position 644422817 , only wrote 644422320
07-17 17:45:42.488 10541 11931 W audio_hw_generic: Not supplying enough data to HAL, expected position 644422363 , only wrote 644422320
07-17 17:45:42.504 10541 11931 W audio_hw_generic: Not supplying enough data to HAL, expected position 644423093 , only wrote 644423040
07-17 17:45:42.517 10536 10570 D AudioFlinger: mixer(0xb2483f00) throttle end: throttle time(12)
07-17 17:45:42.908 21823 21833 I zygote  : Background concurrent copying GC freed 582460(12MB) AllocSpace objects, 0(0B) LOS objects, 14% free, 35MB/41MB, paused 5.550ms total 700.049ms
07-17 17:45:43.209 11993 11993 V mireo   : j: GPS.setNative: 1563399944000 | Location[gps -7.589195,-37.541068 hAcc=20 et=+1d12h40m29s134ms alt=0.0 vAcc=??? sAcc=??? bAcc=??? {Bundle[mParcelledData.dataSize=96]}]
07-17 17:45:43.627 10536 10570 D AudioFlinger: mixer(0xb2483f00) throttle end: throttle time(1)
07-17 17:45:43.818 10541 11931 W audio_hw_generic: Not supplying enough data to HAL, expected position 644486087 , only wrote 644485680
07-17 17:45:43.818 10541 11931 W audio_hw_generic: Not supplying enough data to HAL, expected position 644485689 , only wrote 644485680
07-17 17:45:43.836 10541 11931 W audio_hw_generic: Not supplying enough data to HAL, expected position 644486518 , only wrote 644486400
07-17 17:45:43.847 10536 10570 D AudioFlinger: mixer(0xb2483f00) throttle end: throttle time(12)
07-17 17:45:44.217 11993 11993 V mireo   : j: GPS.setNative: 1563399945000 | Location[gps -7.589195,-37.541068 hAcc=20 et=+1d12h40m30s173ms alt=0.0 vAcc=??? sAcc=??? bAcc=??? {Bundle[mParcelledData.dataSize=96]}]
07-17 17:45:44.508 21823 21833 I zygote  : Background concurrent copying GC freed 529737(11MB) AllocSpace objects, 0(0B) LOS objects, 13% free, 39MB/45MB, paused 3.714ms total 881.158ms
07-17 17:45:44.732 10536 10570 D AudioFlinger: mixer(0xb2483f00) throttle end: throttle time(9)
07-17 17:45:45.222 11993 11993 V mireo   : j: GPS.setNative: 1563399946000 | Location[gps -7.589195,-37.541068 hAcc=20 et=+1d12h40m31s170ms vel=0.0 bear=0.0 vAcc=??? sAcc=??? bAcc=??? {Bundle[mParcelledData.dataSize=96]}]
07-17 17:45:45.343 10541 11931 W audio_hw_generic: Not supplying enough data to HAL, expected position 644558731 , only wrote 644558400
07-17 17:45:45.359 10541 11931 W audio_hw_generic: Not supplying enough data to HAL, expected position 644559213 , only wrote 644559120
07-17 17:45:45.478 10586 14548 I WifiService: acquireWifiLock uid=10014 lockMode=2
07-17 17:45:45.686 21823 21833 I zygote  : Background concurrent copying GC freed 710173(15MB) AllocSpace objects, 0(0B) LOS objects, 13% free, 36MB/42MB, paused 4.262ms total 731.912ms
07-17 17:45:45.848 10536 10570 D AudioFlinger: mixer(0xb2483f00) throttle end: throttle time(5)
07-17 17:45:46.105 10536 10570 D AudioFlinger: mixer(0xb2483f00) throttle end: throttle time(9)
07-17 17:45:46.112 10923 10923 I GeofencerStateMachine: sendNewTransitions called.
07-17 17:45:46.804 21823 21833 I zygote  : Background concurrent copying GC freed 578408(12MB) AllocSpace objects, 0(0B) LOS objects, 13% free, 36MB/42MB, paused 2.136ms total 627.481ms
07-17 17:45:46.923 10541 11931 W audio_hw_generic: Not supplying enough data to HAL, expected position 644634189 , only wrote 644634000
07-17 17:45:46.924 10541 11931 W audio_hw_generic: Not supplying enough data to HAL, expected position 644634033 , only wrote 644634000
07-17 17:45:46.940 10541 11931 W audio_hw_generic: Not supplying enough data to HAL, expected position 644634739 , only wrote 644634720
07-17 17:45:47.249 11993 11993 V mireo   : j: GPS.setNative: 1563399947000 | Location[gps -7.589195,-37.541068 hAcc=20 et=+1d12h40m32s982ms vel=0.0 bear=0.0 vAcc=??? sAcc=??? bAcc=??? {Bundle[mParcelledData.dataSize=96]}]
07-17 17:45:47.269 10536 10570 D AudioFlinger: mixer(0xb2483f00) throttle end: throttle time(6)
07-17 17:45:47.670 10536 10570 D AudioFlinger: mixer(0xb2483f00) throttle end: throttle time(9)
07-17 17:45:47.840 21823 21833 I zygote  : Background concurrent copying GC freed 580223(12MB) AllocSpace objects, 0(0B) LOS objects, 14% free, 34MB/40MB, paused 5.761ms total 524.156ms
07-17 17:45:48.251 11993 11993 V mireo   : j: GPS.setNative: 1563399949000 | Location[gps -7.589195,-37.541068 hAcc=20 et=+1d12h40m34s171ms alt=0.0 vAcc=??? sAcc=??? bAcc=??? {Bundle[mParcelledData.dataSize=96]}]
07-17 17:45:48.481 10586 16503 D WificondControl: Scan result ready event
07-17 17:45:48.670 10586 10967 I WifiService: releaseWifiLock uid=10014
07-17 17:45:48.914 21823 21833 I zygote  : Background concurrent copying GC freed 483873(10MB) AllocSpace objects, 0(0B) LOS objects, 14% free, 35MB/41MB, paused 5.322ms total 623.217ms
07-17 17:45:49.177 10541 11931 W audio_hw_generic: Not supplying enough data to HAL, expected position 644742105 , only wrote 644742000
07-17 17:45:49.177 10541 11931 W audio_hw_generic: Not supplying enough data to HAL, expected position 644742025 , only wrote 644742000
07-17 17:45:49.193 10541 11931 W audio_hw_generic: Not supplying enough data to HAL, expected position 644742750 , only wrote 644742720
07-17 17:45:49.923 10541 11931 W audio_hw_generic: Not supplying enough data to HAL, expected position 644777748 , only wrote 644777280
07-17 17:45:49.923 10541 11931 W audio_hw_generic: Not supplying enough data to HAL, expected position 644777287 , only wrote 644777280
07-17 17:45:49.939 10541 11931 W audio_hw_generic: Not supplying enough data to HAL, expected position 644778041 , only wrote 644778000
07-17 17:45:49.939 21823 21833 I zygote  : Background concurrent copying GC freed 490637(10MB) AllocSpace objects, 0(0B) LOS objects, 14% free, 34MB/40MB, paused 1.099ms total 645.001ms
07-17 17:45:49.950 10536 10570 D AudioFlinger: mixer(0xb2483f00) throttle end: throttle time(12)
07-17 17:45:50.258 11993 11993 V mireo   : j: GPS.setNative: 1563399951000 | Location[gps -7.589195,-37.541068 hAcc=20 et=+1d12h40m36s174ms vel=0.0 bear=0.0 vAcc=??? sAcc=??? bAcc=??? {Bundle[mParcelledData.dataSize=96]}]
07-17 17:45:50.364 11993 12003 I zygote  : Background concurrent copying GC freed 55775(2MB) AllocSpace objects, 0(0B) LOS objects, 49% free, 2MB/4MB, paused 1.229ms total 124.364ms
07-17 17:45:50.897 21823 21833 I zygote  : Background concurrent copying GC freed 469348(10MB) AllocSpace objects, 0(0B) LOS objects, 14% free, 36MB/42MB, paused 2.797ms total 549.475ms
07-17 17:45:51.079 10536 10570 D AudioFlinger: mixer(0xb2483f00) throttle end: throttle time(3)
07-17 17:45:51.257 11993 11993 V mireo   : j: GPS.setNative: 1563399952000 | Location[gps -7.589195,-37.541068 hAcc=20 et=+1d12h40m37s194ms alt=0.0 vAcc=??? sAcc=??? bAcc=??? {Bundle[mParcelledData.dataSize=96]}]
07-17 17:45:51.474 10541 11931 W audio_hw_generic: Not supplying enough data to HAL, expected position 644851706 , only wrote 644851440
07-17 17:45:51.475 10541 11931 W audio_hw_generic: Not supplying enough data to HAL, expected position 644851490 , only wrote 644851440
07-17 17:45:51.492 10541 11931 W audio_hw_generic: Not supplying enough data to HAL, expected position 644852226 , only wrote 644852160
07-17 17:45:51.564 10586 30534 D NetworkMonitor/NetworkAgentInfo [WIFI () - 101]: PROBE_DNS connectivitycheck.gstatic.com 15056ms OK 172.217.172.131
07-17 17:45:51.565 10586 30533 D NetworkMonitor/NetworkAgentInfo [WIFI () - 101]: PROBE_DNS www.google.com 15057ms OK 172.217.28.228
07-17 17:45:52.049 21823 21833 I zygote  : Background concurrent copying GC freed 551564(12MB) AllocSpace objects, 0(0B) LOS objects, 13% free, 38MB/44MB, paused 2.015ms total 724.136ms
07-17 17:45:52.173 10541 11931 W audio_hw_generic: Not supplying enough data to HAL, expected position 644884848 , only wrote 644884560
07-17 17:45:52.173 10541 11931 W audio_hw_generic: Not supplying enough data to HAL, expected position 644884588 , only wrote 644884560
07-17 17:45:52.189 10541 11931 W audio_hw_generic: Not supplying enough data to HAL, expected position 644885317 , only wrote 644885280
07-17 17:45:52.195 10923 10923 I GeofencerStateMachine: sendNewTransitions called.
07-17 17:45:52.207 10541 11931 W audio_hw_generic: Hardware backing HAL too slow, could only write 0 of 720 frames
07-17 17:45:52.223 10541 11931 W audio_hw_generic: Hardware backing HAL too slow, could only write 0 of 720 frames
07-17 17:45:52.241 10536 10570 D AudioFlinger: mixer(0xb2483f00) throttle end: throttle time(18)
07-17 17:45:53.085 21823 21833 I zygote  : Background concurrent copying GC freed 636416(14MB) AllocSpace objects, 0(0B) LOS objects, 14% free, 35MB/41MB, paused 1.425ms total 613.478ms
07-17 17:45:53.285 11993 11993 V mireo   : j: GPS.setNative: 1563399954000 | Location[gps -7.589195,-37.541068 hAcc=20 et=+1d12h40m39s179ms alt=0.0 vAcc=??? sAcc=??? bAcc=??? {Bundle[mParcelledData.dataSize=96]}]
07-17 17:45:53.314 10541 11931 W audio_hw_generic: Not supplying enough data to HAL, expected position 644939285 , only wrote 644939280
07-17 17:45:53.346 10536 10570 D AudioFlinger: mixer(0xb2483f00) throttle end: throttle time(4)
07-17 17:45:53.378 10541 11931 W audio_hw_generic: Hardware backing HAL too slow, could only write 0 of 720 frames
07-17 17:45:54.109 10541 11931 W audio_hw_generic: Not supplying enough data to HAL, expected position 644977427 , only wrote 644976720
07-17 17:45:54.110 10541 11931 W audio_hw_generic: Not supplying enough data to HAL, expected position 644976759 , only wrote 644976720
07-17 17:45:54.126 10541 11931 W audio_hw_generic: Hardware backing HAL too slow, could only write 0 of 720 frames
07-17 17:45:54.138 10536 10570 D AudioFlinger: mixer(0xb2483f00) throttle end: throttle time(9)
07-17 17:45:54.141 10541 11931 W audio_hw_generic: Hardware backing HAL too slow, could only write 0 of 720 frames
07-17 17:45:54.157 10541 11931 W audio_hw_generic: Hardware backing HAL too slow, could only write 0 of 720 frames
07-17 17:45:54.221 21823 21833 I zygote  : Background concurrent copying GC freed 525254(11MB) AllocSpace objects, 0(0B) LOS objects, 13% free, 37MB/43MB, paused 7.050ms total 756.521ms
07-17 17:45:54.901 10536 10570 D AudioFlinger: mixer(0xb2483f00) throttle end: throttle time(6)
07-17 17:45:55.181 21823 21833 I zygote  : Background concurrent copying GC freed 589284(12MB) AllocSpace objects, 0(0B) LOS objects, 14% free, 34MB/40MB, paused 2.225ms total 581.108ms
07-17 17:45:55.289 11993 11993 V mireo   : j: GPS.setNative: 1563399955000 | Location[gps -7.589195,-37.541068 hAcc=20 et=+1d12h40m40s928ms vel=0.0 bear=0.0 vAcc=??? sAcc=??? bAcc=??? {Bundle[mParcelledData.dataSize=96]}]
07-17 17:45:56.161 21823 21833 I zygote  : Background concurrent copying GC freed 455531(10MB) AllocSpace objects, 0(0B) LOS objects, 14% free, 34MB/40MB, paused 2.238ms total 515.926ms
07-17 17:45:56.289 11993 11993 V mireo   : j: GPS.setNative: 1563399956000 | Location[gps -7.589195,-37.541068 hAcc=20 et=+1d12h40m42s45ms alt=0.0 vAcc=??? sAcc=??? bAcc=??? {Bundle[mParcelledData.dataSize=96]}]
07-17 17:45:56.424 10536 10570 D AudioFlinger: mixer(0xb2483f00) throttle end: throttle time(4)
07-17 17:45:56.710 10541 11931 W audio_hw_generic: Not supplying enough data to HAL, expected position 645101513 , only wrote 645101280
07-17 17:45:56.710 10541 11931 W audio_hw_generic: Not supplying enough data to HAL, expected position 645101289 , only wrote 645101280
07-17 17:45:56.727 10541 11931 W audio_hw_generic: Not supplying enough data to HAL, expected position 645102083 , only wrote 645102000
07-17 17:45:56.775 10541 11931 W audio_hw_generic: Hardware backing HAL too slow, could only write 0 of 720 frames
07-17 17:45:57.172 10923 10923 I GeofencerStateMachine: sendNewTransitions called.
07-17 17:45:57.288 21823 21833 I zygote  : Background concurrent copying GC freed 484181(10MB) AllocSpace objects, 0(0B) LOS objects, 13% free, 37MB/43MB, paused 2.562ms total 717.017ms
07-17 17:45:57.293 11993 11993 V mireo   : j: GPS.setNative: 1563399957000 | Location[gps -7.589195,-37.541068 hAcc=20 et=+1d12h40m42s794ms vel=0.0 bear=0.0 vAcc=??? sAcc=??? bAcc=??? {Bundle[mParcelledData.dataSize=96]}]
07-17 17:45:57.506 10541 11931 W audio_hw_generic: Not supplying enough data to HAL, expected position 645139409 , only wrote 645138720
07-17 17:45:57.506 10541 11931 W audio_hw_generic: Not supplying enough data to HAL, expected position 645138731 , only wrote 645138720
07-17 17:45:57.523 10541 11931 W audio_hw_generic: Not supplying enough data to HAL, expected position 645139505 , only wrote 645139440
07-17 17:45:57.892 10536 10570 D AudioFlinger: mixer(0xb2483f00) throttle end: throttle time(9)
07-17 17:45:58.292 11993 11993 V mireo   : j: GPS.setNative: 1563399959000 | Location[gps -7.589195,-37.541068 hAcc=20 et=+1d12h40m44s175ms alt=0.0 vAcc=??? sAcc=??? bAcc=??? {Bundle[mParcelledData.dataSize=96]}]
07-17 17:45:58.370 21823 21833 I zygote  : Background concurrent copying GC freed 589979(13MB) AllocSpace objects, 0(0B) LOS objects, 14% free, 35MB/41MB, paused 2.376ms total 636.328ms
07-17 17:45:58.637 10541 11931 W audio_hw_generic: Not supplying enough data to HAL, expected position 645192919 , only wrote 645192720
07-17 17:45:58.637 10541 11931 W audio_hw_generic: Not supplying enough data to HAL, expected position 645192742 , only wrote 645192720
07-17 17:45:58.653 10541 11931 W audio_hw_generic: Not supplying enough data to HAL, expected position 645193487 , only wrote 645193440
07-17 17:45:59.031 10541 11931 W audio_hw_generic: Not supplying enough data to HAL, expected position 645211552 , only wrote 645211440
07-17 17:45:59.031 10541 11931 W audio_hw_generic: Not supplying enough data to HAL, expected position 645211458 , only wrote 645211440
07-17 17:45:59.046 10541 11931 W audio_hw_generic: Not supplying enough data to HAL, expected position 645212163 , only wrote 645212160
07-17 17:45:59.058 10536 10570 D AudioFlinger: mixer(0xb2483f00) throttle end: throttle time(12)
07-17 17:45:59.296 11993 11993 V mireo   : j: GPS.setNative: 1563399960000 | Location[gps -7.589195,-37.541068 hAcc=20 et=+1d12h40m45s176ms vel=0.0 bear=0.0 vAcc=??? sAcc=??? bAcc=??? {Bundle[mParcelledData.dataSize=96]}]
07-17 17:45:59.587 21823 21833 I zygote  : Background concurrent copying GC freed 498782(11MB) AllocSpace objects, 0(0B) LOS objects, 13% free, 38MB/44MB, paused 2.450ms total 846.348ms
07-17 17:45:59.797 10541 11931 W audio_hw_generic: Not supplying enough data to HAL, expected position 645248196 , only wrote 645248160
07-17 17:45:59.812 10536 10570 D AudioFlinger: mixer(0xb2483f00) throttle end: throttle time(11)
07-17 17:46:00.658 21823 21833 I zygote  : Background concurrent copying GC freed 675435(14MB) AllocSpace objects, 0(0B) LOS objects, 14% free, 35MB/41MB, paused 5.087ms total 683.396ms
07-17 17:46:00.939 10541 11931 W audio_hw_generic: Not supplying enough data to HAL, expected position 645302994 , only wrote 645302880
07-17 17:46:01.303 11993 11993 V mireo   : j: GPS.setNative: 1563399962000 | Location[gps -7.589195,-37.541068 hAcc=20 et=+1d12h40m47s184ms vel=0.0 bear=0.0 vAcc=??? sAcc=??? bAcc=??? {Bundle[mParcelledData.dataSize=96]}]
07-17 17:46:01.589 10586 30534 D NetworkMonitor/NetworkAgentInfo [WIFI () - 101]: PROBE_HTTP http://connectivitycheck.gstatic.com/generate_204 Probe failed with exception java.net.SocketTimeoutException: failed to connect to connectivitycheck.gstatic.com/172.217.172.131 (port 80) from /192.168.232.2 (port 59003) after 10000ms
07-17 17:46:01.700 21823 21833 I zygote  : Background concurrent copying GC freed 492411(10MB) AllocSpace objects, 0(0B) LOS objects, 13% free, 37MB/43MB, paused 1.567ms total 631.120ms
07-17 17:46:01.702 10536 10570 D AudioFlinger: mixer(0xb2483f00) throttle end: throttle time(6)
07-17 17:46:02.305 11993 11993 V mireo   : j: GPS.setNative: 1563399963000 | Location[gps -7.589195,-37.541068 hAcc=20 et=+1d12h40m48s184ms alt=0.0 vAcc=??? sAcc=??? bAcc=??? {Bundle[mParcelledData.dataSize=96]}]
07-17 17:46:02.454 10541 11931 W audio_hw_generic: Not supplying enough data to HAL, expected position 645375610 , only wrote 645375600
07-17 17:46:02.455 10541 11931 W audio_hw_generic: Not supplying enough data to HAL, expected position 645375611 , only wrote 645375600
07-17 17:46:02.470 10541 11931 W audio_hw_generic: Not supplying enough data to HAL, expected position 645376325 , only wrote 645376320
07-17 17:46:02.517 10541 11931 W audio_hw_generic: Hardware backing HAL too slow, could only write 0 of 720 frames
07-17 17:46:02.533 10541 11931 W audio_hw_generic: Hardware backing HAL too slow, could only write 0 of 720 frames
07-17 17:46:02.732 21823 21833 I zygote  : Background concurrent copying GC freed 588930(13MB) AllocSpace objects, 0(0B) LOS objects, 15% free, 33MB/39MB, paused 1.182ms total 514.486ms
07-17 17:46:02.825 10536 10570 D AudioFlinger: mixer(0xb2483f00) throttle end: throttle time(9)
07-17 17:46:03.174 10923 10923 I GeofencerStateMachine: sendNewTransitions called.
07-17 17:46:03.230 10536 10570 D AudioFlinger: mixer(0xb2483f00) throttle end: throttle time(9)
07-17 17:46:03.310 11993 11993 V mireo   : j: GPS.setNative: 1563399964000 | Location[gps -7.589195,-37.541068 hAcc=20 et=+1d12h40m49s261ms vel=0.0 bear=0.0 vAcc=??? sAcc=??? bAcc=??? {Bundle[mParcelledData.dataSize=96]}]
07-17 17:46:03.593 21823 21833 I zygote  : Background concurrent copying GC freed 443670(9MB) AllocSpace objects, 0(0B) LOS objects, 14% free, 34MB/40MB, paused 1.161ms total 549.068ms
07-17 17:46:03.881 10923 10934 I zygote  : Background concurrent copying GC freed 189601(5MB) AllocSpace objects, 0(0B) LOS objects, 41% free, 8MB/14MB, paused 2.941ms total 198.363ms
07-17 17:46:03.981 10536 10570 D AudioFlinger: mixer(0xb2483f00) throttle end: throttle time(9)
07-17 17:46:04.330 10541 11931 W audio_hw_generic: Not supplying enough data to HAL, expected position 645465634 , only wrote 645465600
07-17 17:46:04.331 10541 11931 W audio_hw_generic: Not supplying enough data to HAL, expected position 645465622 , only wrote 645465600
07-17 17:46:04.345 11993 11993 V mireo   : j: GPS.setNative: 1563399965000 | Location[gps -7.589195,-37.541068 hAcc=20 et=+1d12h40m50s183ms vel=0.0 bear=0.0 vAcc=??? sAcc=??? bAcc=??? {Bundle[mParcelledData.dataSize=96]}]
07-17 17:46:04.348 10541 11931 W audio_hw_generic: Not supplying enough data to HAL, expected position 645466399 , only wrote 645466320
07-17 17:46:04.599 21823 21833 I zygote  : Background concurrent copying GC freed 474015(10MB) AllocSpace objects, 0(0B) LOS objects, 14% free, 34MB/40MB, paused 1.359ms total 554.576ms
07-17 17:46:04.781 10536 10570 D AudioFlinger: mixer(0xb2483f00) throttle end: throttle time(10)
07-17 17:46:05.113 10541 11931 W audio_hw_generic: Not supplying enough data to HAL, expected position 645503068 , only wrote 645503040
07-17 17:46:05.514 10536 10570 D AudioFlinger: mixer(0xb2483f00) throttle end: throttle time(6)
07-17 17:46:05.553 10586 14388 I WifiService: acquireWifiLock uid=10014 lockMode=2
07-17 17:46:05.659 21823 21833 I zygote  : Background concurrent copying GC freed 473305(10MB) AllocSpace objects, 0(0B) LOS objects, 14% free, 36MB/42MB, paused 3.083ms total 717.591ms
07-17 17:46:05.690 10586 10599 E memtrack: Couldn't load memtrack module
07-17 17:46:05.690 10586 10599 W android.os.Debug: failed to get memory consumption info: -1
07-17 17:46:05.839 10586 10597 I WifiService: releaseWifiLock uid=10014
07-17 17:46:06.008 10586 10599 E memtrack: Couldn't load memtrack module
07-17 17:46:06.008 10586 10599 W android.os.Debug: failed to get memory consumption info: -1
07-17 17:46:06.260 10541 11931 W audio_hw_generic: Not supplying enough data to HAL, expected position 645558094 , only wrote 645557760
07-17 17:46:06.261 10541 11931 W audio_hw_generic: Not supplying enough data to HAL, expected position 645557813 , only wrote 645557760
07-17 17:46:06.278 10541 11931 W audio_hw_generic: Not supplying enough data to HAL, expected position 645558567 , only wrote 645558480
07-17 17:46:06.339 11993 11993 V mireo   : j: GPS.setNative: 1563399967000 | Location[gps -7.589195,-37.541068 hAcc=20 et=+1d12h40m52s182ms vel=0.0 bear=0.0 vAcc=??? sAcc=??? bAcc=??? {Bundle[mParcelledData.dataSize=96]}]
07-17 17:46:06.667 10586 10595 I zygote  : Background concurrent copying GC freed 50203(2MB) AllocSpace objects, 0(0B) LOS objects, 13% free, 39MB/45MB, paused 1.282ms total 1.109s
07-17 17:46:06.998 21823 21833 I zygote  : Background concurrent copying GC freed 579408(12MB) AllocSpace objects, 0(0B) LOS objects, 14% free, 34MB/40MB, paused 18.652ms total 632.382ms
07-17 17:46:07.047 10541 11931 W audio_hw_generic: Not supplying enough data to HAL, expected position 645595383 , only wrote 645595200
07-17 17:46:07.047 10541 11931 W audio_hw_generic: Not supplying enough data to HAL, expected position 645595211 , only wrote 645595200
07-17 17:46:07.077 10536 10570 D AudioFlinger: mixer(0xb2483f00) throttle end: throttle time(8)
07-17 17:46:07.340 11993 11993 V mireo   : j: GPS.setNative: 1563399968000 | Location[gps -7.589195,-37.541068 hAcc=20 et=+1d12h40m53s114ms vel=0.0 bear=0.0 vAcc=??? sAcc=??? bAcc=??? {Bundle[mParcelledData.dataSize=96]}]
07-17 17:46:07.982 21823 21833 I zygote  : Background concurrent copying GC freed 476688(10MB) AllocSpace objects, 0(0B) LOS objects, 14% free, 35MB/41MB, paused 3.390ms total 477.376ms
07-17 17:46:08.182 10536 10570 D AudioFlinger: mixer(0xb2483f00) throttle end: throttle time(4)
07-17 17:46:08.515 10586 10820 D WificondControl: Scan result ready event
07-17 17:46:08.917 10541 11931 W audio_hw_generic: Not supplying enough data to HAL, expected position 645684932 , only wrote 645684480
07-17 17:46:08.917 10541 11931 W audio_hw_generic: Not supplying enough data to HAL, expected position 645684505 , only wrote 645684480
07-17 17:46:08.933 10541 11931 W audio_hw_generic: Not supplying enough data to HAL, expected position 645685238 , only wrote 645685200
07-17 17:46:08.957 10536 10570 D AudioFlinger: mixer(0xb2483f00) throttle end: throttle time(6)
07-17 17:46:09.028 21823 21833 I zygote  : Background concurrent copying GC freed 499717(11MB) AllocSpace objects, 0(0B) LOS objects, 14% free, 36MB/42MB, paused 1.740ms total 607.906ms
07-17 17:46:09.165 10923 10923 I GeofencerStateMachine: sendNewTransitions called.
07-17 17:46:09.340 10541 11931 W audio_hw_generic: Not supplying enough data to HAL, expected position 645704724 , only wrote 645704640
07-17 17:46:09.351 11993 11993 V mireo   : j: GPS.setNative: 1563399970000 | Location[gps -7.589195,-37.541068 hAcc=20 et=+1d12h40m55s188ms vel=0.0 bear=0.0 vAcc=??? sAcc=??? bAcc=??? {Bundle[mParcelledData.dataSize=96]}]
07-17 17:46:09.728 10536 10570 D AudioFlinger: mixer(0xb2483f00) throttle end: throttle time(9)
07-17 17:46:09.972 21823 21833 I zygote  : Background concurrent copying GC freed 549201(12MB) AllocSpace objects, 0(0B) LOS objects, 15% free, 33MB/39MB, paused 3.828ms total 509.639ms
07-17 17:46:10.103 10536 10570 D AudioFlinger: mixer(0xb2483f00) throttle end: throttle time(17)
07-17 17:46:10.352 11993 11993 V mireo   : j: GPS.setNative: 1563399971000 | Location[gps -7.589195,-37.541068 hAcc=20 et=+1d12h40m56s185ms vel=0.0 bear=0.0 vAcc=??? sAcc=??? bAcc=??? {Bundle[mParcelledData.dataSize=96]}]
07-17 17:46:10.856 21823 21833 I zygote  : Background concurrent copying GC freed 418066(9MB) AllocSpace objects, 0(0B) LOS objects, 14% free, 34MB/40MB, paused 1.377ms total 509.470ms
07-17 17:46:11.591 10541 11931 W audio_hw_generic: Not supplying enough data to HAL, expected position 645812699 , only wrote 645812640
07-17 17:46:11.591 10541 11931 W audio_hw_generic: Not supplying enough data to HAL, expected position 645812651 , only wrote 645812640
07-17 17:46:11.808 21823 21833 I zygote  : Background concurrent copying GC freed 445232(9MB) AllocSpace objects, 0(0B) LOS objects, 14% free, 35MB/41MB, paused 3.859ms total 556.559ms
07-17 17:46:12.367 11993 11993 V mireo   : j: GPS.setNative: 1563399973000 | Location[gps -7.589195,-37.541068 hAcc=20 et=+1d12h40m58s195ms vel=0.0 bear=0.0 vAcc=??? sAcc=??? bAcc=??? {Bundle[mParcelledData.dataSize=96]}]
07-17 17:46:12.720 10541 11931 W audio_hw_generic: Not supplying enough data to HAL, expected position 645866840 , only wrote 645866640
07-17 17:46:12.756 10536 10570 D AudioFlinger: mixer(0xb2483f00) throttle end: throttle time(2)
07-17 17:46:13.036 21823 21833 I zygote  : Background concurrent copying GC freed 510199(11MB) AllocSpace objects, 0(0B) LOS objects, 12% free, 40MB/46MB, paused 9.445ms total 898.136ms
07-17 17:46:13.139 10536 10570 D AudioFlinger: mixer(0xb2483f00) throttle end: throttle time(7)
07-17 17:46:13.377 11993 11993 V mireo   : j: GPS.setNative: 1563399974000 | Location[gps -7.589195,-37.541068 hAcc=20 et=+1d12h40m59s189ms vel=0.0 bear=0.0 vAcc=??? sAcc=??? bAcc=??? {Bundle[mParcelledData.dataSize=96]}]
07-17 17:46:13.878 10541 11931 W audio_hw_generic: Not supplying enough data to HAL, expected position 645922205 , only wrote 645922080
07-17 17:46:13.878 10541 11931 W audio_hw_generic: Not supplying enough data to HAL, expected position 645922089 , only wrote 645922080
07-17 17:46:13.894 10541 11931 W audio_hw_generic: Not supplying enough data to HAL, expected position 645922837 , only wrote 645922800
07-17 17:46:14.170 10923 10923 I GeofencerStateMachine: sendNewTransitions called.
07-17 17:46:14.225 21823 21833 I zygote  : Background concurrent copying GC freed 740521(16MB) AllocSpace objects, 0(0B) LOS objects, 13% free, 36MB/42MB, paused 1.469ms total 663.470ms
07-17 17:46:14.293 10536 10570 D AudioFlinger: mixer(0xb2483f00) throttle end: throttle time(2)
07-17 17:46:14.637 10541 11931 W audio_hw_generic: Not supplying enough data to HAL, expected position 645958443 , only wrote 645958080
07-17 17:46:14.637 10541 11931 W audio_hw_generic: Not supplying enough data to HAL, expected position 645958101 , only wrote 645958080
07-17 17:46:14.653 10541 11931 W audio_hw_generic: Not supplying enough data to HAL, expected position 645958864 , only wrote 645958800
07-17 17:46:14.668 10536 10570 D AudioFlinger: mixer(0xb2483f00) throttle end: throttle time(8)
07-17 17:46:15.371 21823 21833 I zygote  : Background concurrent copying GC freed 570402(12MB) AllocSpace objects, 0(0B) LOS objects, 14% free, 35MB/41MB, paused 1.183ms total 557.924ms
07-17 17:46:15.376 11993 11993 V mireo   : j: GPS.setNative: 1563399976000 | Location[gps -7.589195,-37.541068 hAcc=20 et=+1d12h41m1s91ms vel=0.0 bear=0.0 vAcc=??? sAcc=??? bAcc=??? {Bundle[mParcelledData.dataSize=96]}]
07-17 17:46:15.752 10541 11931 W audio_hw_generic: Not supplying enough data to HAL, expected position 646011543 , only wrote 646011360
07-17 17:46:15.752 10541 11931 W audio_hw_generic: Not supplying enough data to HAL, expected position 646011378 , only wrote 646011360
07-17 17:46:15.769 10541 11931 W audio_hw_generic: Not supplying enough data to HAL, expected position 646012141 , only wrote 646012080
07-17 17:46:16.189 10541 11931 W audio_hw_generic: Not supplying enough data to HAL, expected position 646032257 , only wrote 646032240
07-17 17:46:16.206 10541 11931 W audio_hw_generic: Not supplying enough data to HAL, expected position 646033031 , only wrote 646032960
