--------- beginning of main
06-29 12:21:00.743  1390  2659 W audio_hw_generic: Not supplying enough data to HAL, expected position 102209540 , only wrote 102209040
06-29 12:21:00.744  1390  2659 W audio_hw_generic: Not supplying enough data to HAL, expected position 102209075 , only wrote 102209040
06-29 12:21:00.763  1390  2659 W audio_hw_generic: Not supplying enough data to HAL, expected position 102209946 , only wrote 102209760
06-29 12:21:00.772  1473  1561 D AudioFlinger: mixer(0xa6c83380) throttle end: throttle time(10)
06-29 12:21:00.870  3472  3482 I zygote  : Background concurrent copying GC freed 125996(6MB) AllocSpace objects, 40(856KB) LOS objects, 25% free, 17MB/23MB, paused 3.265ms total 305.083ms
06-29 12:21:02.728  1390  2659 W audio_hw_generic: Not supplying enough data to HAL, expected position 102304089 , only wrote 102304080
06-29 12:21:02.772  1390  2659 W audio_hw_generic: Not supplying enough data to HAL, expected position 102306188 , only wrote 102304800
06-29 12:21:03.093  5191  5280 I TTS.GoogleTTSServiceImp: Synthesis request for locale por-BRA and name pt-BR-language
06-29 12:21:03.094  5191  5280 I TTS.GoogleTTSServiceImp: TTS dispatch: pt-br-x-afs-lstm-embedded
06-29 12:21:03.166  1390  2659 W audio_hw_generic: Not supplying enough data to HAL, expected position 102323714 , only wrote 102323520
06-29 12:21:03.211  1390  2659 W audio_hw_generic: Not supplying enough data to HAL, expected position 102325698 , only wrote 102325680
06-29 12:21:03.281  1390  2659 W audio_hw_generic: Not supplying enough data to HAL, expected position 102329040 , only wrote 102328560
06-29 12:21:03.299  1390  2659 W audio_hw_generic: Not supplying enough data to HAL, expected position 102329399 , only wrote 102329280
06-29 12:21:03.299  1390  2659 W audio_hw_generic: Not supplying enough data to HAL, expected position 102329300 , only wrote 102329280
06-29 12:21:03.323  1390  2659 W audio_hw_generic: Not supplying enough data to HAL, expected position 102330441 , only wrote 102330000
06-29 12:21:03.430  1390  2659 W audio_hw_generic: Not supplying enough data to HAL, expected position 102335127 , only wrote 102335040
06-29 12:21:03.431  1390  2659 W audio_hw_generic: Not supplying enough data to HAL, expected position 102335068 , only wrote 102335040
06-29 12:21:03.448  1390  2659 W audio_hw_generic: Not supplying enough data to HAL, expected position 102335848 , only wrote 102335760
--------- beginning of system
06-29 12:21:03.615  1600  1863 I ActivityManager: START u0 {act=android.intent.action.MAIN cat=[android.intent.category.HOME] flg=0x10000000 cmp=com.google.android.apps.nexuslauncher/.NexusLauncherActivity} from uid 2000
06-29 12:21:03.703  1600  1613 E memtrack: Couldn't load memtrack module
06-29 12:21:03.703  1600  1613 W android.os.Debug: failed to get memory consumption info: -1
06-29 12:21:03.715  1600  1610 I GnssLocationProvider: WakeLock acquired by sendMessage(SET_REQUEST, 0, com.android.server.location.GnssLocationProvider$GpsRequest@850b448)
06-29 12:21:03.724  3472  3472 D net.osmand: Disable sensor
06-29 12:21:03.751  1398  1398 D gralloc_ranchu: gralloc_alloc: Creating ashmem region of size 8298496
06-29 12:21:03.818  1398  1398 D gralloc_ranchu: gralloc_alloc: Creating ashmem region of size 8298496
06-29 12:21:03.846  1390  2659 W audio_hw_generic: Not supplying enough data to HAL, expected position 102354853 , only wrote 102354480
06-29 12:21:03.866  1398  1398 D gralloc_ranchu: gralloc_alloc: Creating ashmem region of size 8298496
06-29 12:21:03.866  5191  5294 D AudioTrack: stop() called with 102410 frames delivered
06-29 12:21:03.881  1600  7254 V MediaRouterService: restoreBluetoothA2dp(false)
06-29 12:21:03.886  3472  7097 D net.osmand: TTSCommandPlayerImpl ttsRequests=1
06-29 12:21:03.899  5191  5294 D AudioTrack: Client defaulted notificationFrames to 1365 for frameCount 4096
06-29 12:21:03.919  3472  3472 I net.osmand: MapRenderRepositories RENDER MAP: Interrupt rendering map
06-29 12:21:03.931  1408  1408 D SurfaceFlinger: duplicate layer name: changing com.google.android.apps.nexuslauncher/com.google.android.apps.nexuslauncher.NexusLauncherActivity to com.google.android.apps.nexuslauncher/com.google.android.apps.nexuslauncher.NexusLauncherActivity#1
06-29 12:21:04.035  1398  1398 D gralloc_ranchu: gralloc_alloc: Creating ashmem region of size 8298496
06-29 12:21:04.077  1398  1398 D gralloc_ranchu: gralloc_alloc: Creating ashmem region of size 8298496
06-29 12:21:04.129  1398  1435 D gralloc_ranchu: gralloc_alloc: Creating ashmem region of size 8298496
06-29 12:21:04.185  3472  3540 D EGL_emulation: eglMakeCurrent: 0x9e4043c0: ver 2 0 (tinfo 0x9e403290)
06-29 12:21:03.986  1600  7254 V MediaRouterService: restoreBluetoothA2dp(false)
06-29 12:21:04.231  1600  1615 W Looper  : Dispatch took 108ms on android.ui, h=Handler (com.android.server.am.ActivityManagerService$UiHandler) {bce2944} cb=null msg=53
06-29 12:21:04.245  1398  1435 D gralloc_ranchu: gralloc_alloc: Creating ashmem region of size 8298496
06-29 12:21:04.254  1390  2659 W audio_hw_generic: Hardware backing HAL too slow, could only write 0 of 720 frames
06-29 12:21:04.312  2118  2184 D EGL_emulation: eglMakeCurrent: 0x8b867100: ver 2 0 (tinfo 0x8b8707f0)
06-29 12:21:04.327  1398  1435 D gralloc_ranchu: gralloc_alloc: Creating ashmem region of size 8298496
06-29 12:21:04.404  1398  1435 D gralloc_ranchu: gralloc_alloc: Creating ashmem region of size 8298496
06-29 12:21:04.465  2629  2884 D EGL_emulation: eglMakeCurrent: 0xa61b6ce0: ver 2 0 (tinfo 0xa619b690)
06-29 12:21:04.498  1398  1435 D gralloc_ranchu: gralloc_alloc: Creating ashmem region of size 8298496
06-29 12:21:04.635  2629  2890 W ThreadPoolDumper: Queue length for executor EventBus is now 11. Perhaps some tasks are too long, or the pool is too small.
06-29 12:21:04.769  1964  1964 I GeofencerStateMachine: sendNewLocationAvailability: availability=LocationAvailability[isLocationAvailable: true]
06-29 12:21:04.814  2118  2184 W OpenGLRenderer: Incorrectly called buildLayer on View: ShortcutAndWidgetContainer, destroying layer...
06-29 12:21:04.815  2118  2184 W OpenGLRenderer: Incorrectly called buildLayer on View: ShortcutAndWidgetContainer, destroying layer...
06-29 12:21:04.844  1398  1435 D gralloc_ranchu: gralloc_alloc: Creating ashmem region of size 8298496
06-29 12:21:04.929  2629  2890 W SessionLifecycleManager: Handover failed. Creating new session controller.
06-29 12:21:05.037  1704  1704 D EGL_emulation: eglCreateContext: 0x8a6cd560: maj 2 min 0 rcv 2
06-29 12:21:05.055  1704  1704 D EGL_emulation: eglMakeCurrent: 0x8a6cd560: ver 2 0 (tinfo 0x8999d150)
06-29 12:21:05.100  1398  1435 D gralloc_ranchu: gralloc_alloc: Creating ashmem region of size 8298496
06-29 12:21:05.157  1600  1613 I GnssLocationProvider: WakeLock released by handleMessage(SET_REQUEST, 0, com.android.server.location.GnssLocationProvider$GpsRequest@850b448)
06-29 12:21:05.159  1398  1435 D gralloc_ranchu: gralloc_alloc: Creating ashmem region of size 8298496
06-29 12:21:05.221  1600  1621 D         : HostConnection::get() New Host Connection established 0x8cd71600, tid 1621
06-29 12:21:05.234  1704  1704 D EGL_emulation: eglMakeCurrent: 0x8a6cd560: ver 2 0 (tinfo 0x8999d150)
06-29 12:21:05.271  1408  1408 E EGL_emulation: tid 1408: eglCreateSyncKHR(1962): error 0x3004 (EGL_BAD_ATTRIBUTE)
06-29 12:21:05.311  3472 19766 E FA      : Task exception on worker thread: java.lang.IllegalAccessError: Method 'void android.support.v4.content.ContextCompat.<init>()' is inaccessible to class 'com.google.firebase.iid.zzg' (declaration of 'com.google.firebase.iid.zzg' appears in /data/app/net.osmand-3e2027wrPNiMXbTSfYMHIA==/base.apk): com.google.android.gms.measurement.internal.zzt.zzEd(Unknown Source:3)
06-29 12:21:05.494  1398  1435 D gralloc_ranchu: gralloc_alloc: Creating ashmem region of size 8298496
06-29 12:21:05.626  1704  1704 D EGL_emulation: eglCreateContext: 0x8a6cd560: maj 2 min 0 rcv 2
06-29 12:21:05.640  1704  1704 D EGL_emulation: eglMakeCurrent: 0x8a6cd560: ver 2 0 (tinfo 0x8999d150)
06-29 12:21:05.642  1398  1435 D gralloc_ranchu: gralloc_alloc: Creating ashmem region of size 9547776
06-29 12:21:05.699  1704  1704 D EGL_emulation: eglMakeCurrent: 0x8a6cd560: ver 2 0 (tinfo 0x8999d150)
06-29 12:21:05.818  1398  1435 D gralloc_ranchu: gralloc_alloc: Creating ashmem region of size 9547776
06-29 12:21:05.851  2118  2126 I zygote  : NativeAlloc concurrent copying GC freed 20728(984KB) AllocSpace objects, 2(104KB) LOS objects, 50% free, 4MB/9MB, paused 1.170ms total 1.144s
06-29 12:21:05.917  1704  1723 I zygote  : NativeAlloc concurrent copying GC freed 41063(1620KB) AllocSpace objects, 0(0B) LOS objects, 43% free, 7MB/13MB, paused 1.330ms total 1.220s
06-29 12:21:05.918  1600  1792 I WifiService: getWifiEnabledState uid=10032
06-29 12:21:05.939  1704  1704 I Choreographer: Skipped 63 frames!  The application may be doing too much work on its main thread.
06-29 12:21:05.974  1704  1929 D EGL_emulation: eglMakeCurrent: 0x9e4046c0: ver 2 0 (tinfo 0x9e403690)
06-29 12:21:06.140  1600  1863 I WifiService: getWifiEnabledState uid=10032
06-29 12:21:06.191  2629 19779 W LocationOracle: No location history returned by ContextManager
06-29 12:21:06.233  1704  1929 D EGL_emulation: eglMakeCurrent: 0x9e4046c0: ver 2 0 (tinfo 0x9e403690)
06-29 12:21:06.264  1704  1929 I chatty  : uid=10029(com.android.systemui) RenderThread identical 1 line
06-29 12:21:06.428  1704  1929 D EGL_emulation: eglMakeCurrent: 0x9e4046c0: ver 2 0 (tinfo 0x9e403690)
06-29 12:21:06.526  1964  1964 I GeofencerStateMachine: removeGeofences: removeRequest=RemoveGeofencingRequest[REMOVE_BY_PENDING_INTENT pendingIntent=PendingIntent[creatorPackage=com.google.android.gms], packageName=com.google.android.gms]
06-29 12:21:06.543  1964  1964 I chatty  : uid=10014 com.google.android.gms.persistent identical 1 line
06-29 12:21:06.556  1964  1964 I GeofencerStateMachine: removeGeofences: removeRequest=RemoveGeofencingRequest[REMOVE_BY_PENDING_INTENT pendingIntent=PendingIntent[creatorPackage=com.google.android.gms], packageName=com.google.android.gms]
06-29 12:21:06.570  1704  1723 I zygote  : NativeAlloc concurrent copying GC freed 11446(518KB) AllocSpace objects, 0(0B) LOS objects, 44% free, 7MB/13MB, paused 8.562ms total 525.559ms
06-29 12:21:06.662  1964 19414 W ctxmgr  : [AclManager] No 3 for (accnt=account#1066226748#, com.google.android.gms(10014):UserVelocityProducer, vrsn=17785022, 0, 3pPkg = null ,  3pMdlId = null ,  pid = 1964). Was: 2 for 1, account#1066226748# [CONTEXT service_id=47 ]
06-29 12:21:06.849  1600  1609 I zygote  : NativeAlloc concurrent copying GC freed 63135(2MB) AllocSpace objects, 26(1288KB) LOS objects, 23% free, 19MB/25MB, paused 19.048ms total 1.136s
06-29 12:21:06.977  1964 19414 I ctxmgr  : [ProducerStatusImpl] updateStateForNewContextData: inactive, contextName=7 [CONTEXT service_id=47 ]
06-29 12:21:07.022  1964  1964 I GeofencerStateMachine: removeGeofences: removeRequest=RemoveGeofencingRequest[REMOVE_BY_PENDING_INTENT pendingIntent=PendingIntent[creatorPackage=com.google.android.gms], packageName=com.google.android.gms]
06-29 12:21:07.039  1964  1964 I GeofencerStateMachine: removeGeofences: removeRequest=RemoveGeofencingRequest[REMOVE_BY_PENDING_INTENT pendingIntent=PendingIntent[creatorPackage=com.google.android.gms], packageName=com.google.android.gms]
06-29 12:21:07.130  1964 19787 I PlaceInferenceEngine: [anon] Changed inference mode: 0
06-29 12:21:07.148  1964 19787 I PlaceInferenceEngine: [account#1066226748] Changed inference mode: 0
06-29 12:21:07.291  1964 19787 I Places  : ?: PlacesBleScanner start() with priority 2
06-29 12:21:07.326  1964 19787 I PlaceInferenceEngine: [anon] Changed inference mode: 1
06-29 12:21:07.327  1964 19787 I PlaceInferenceEngine: [account#1066226748] Changed inference mode: 1
06-29 12:21:07.347  1964 19787 I Places  : Converted 1 out of 1 WiFi scans
06-29 12:21:07.349  1600  7254 I WifiService: getConnectionInfo uid=10014
06-29 12:21:07.387  1964 19787 I PlaceInferenceEngine: [account#1066226748] Changed inference mode: 1
06-29 12:21:07.388  1964 19787 I PlaceInferenceEngine: [anon] Changed inference mode: 1
06-29 12:21:07.404  1964  1964 E BeaconBle: Missing BluetoothAdapter
06-29 12:21:07.404  1964  1964 I BeaconBle: BLE 'KK+' software access layer enabled
06-29 12:21:07.490  1964  1964 I BeaconBle: Client requested scan, settings=BleSettings [scanMode=ZERO_POWER, callbackType=ALL_MATCHES, reportDelayMillis=0, 1 filters, 0 clients, callingClientName=Places]
06-29 12:21:07.491  1964  1964 I BeaconBle: Scan : No clients left, canceling alarm.
06-29 12:21:07.505  1964  1964 E BeaconBle: Scan couldn't start for Places
06-29 12:21:07.506  1964  1964 W Places  : BLE failure while scanning - code 5
06-29 12:21:07.617  1600  1610 I ActivityManager: Force stopping com.skgames.trafficrider appid=10081 user=0: from pid 19792
06-29 12:21:07.680  1833  1833 D CarrierSvcBindHelper: No carrier app for: 0
06-29 12:21:07.885  1964 19682 I PlaceInferenceEngine: No beacon scan available - ignoring candidates.
06-29 12:21:08.116  1600  1609 I zygote  : NativeAlloc concurrent copying GC freed 8751(543KB) AllocSpace objects, 0(0B) LOS objects, 23% free, 19MB/25MB, paused 2.080ms total 497.956ms
06-29 12:21:08.175  1964  1978 I zygote  : Background concurrent copying GC freed 63811(3MB) AllocSpace objects, 28(1748KB) LOS objects, 35% free, 10MB/16MB, paused 1.263ms total 301.686ms
06-29 12:21:08.311  1964 19784 I PlaceInferenceEngine: No beacon scan available - ignoring candidates.
06-29 12:21:08.330  1600  7254 I ActivityManager: Force stopping com.EvilChaotic.ModernWarplanes appid=10082 user=0: from pid 19796
06-29 12:21:08.369  1833  1833 D CarrierSvcBindHelper: No carrier app for: 0
06-29 12:21:08.436  1390  2659 W audio_hw_generic: Not supplying enough data to HAL, expected position 102574808 , only wrote 102574800
06-29 12:21:08.436  5191  5294 D AudioTrack: stop() called with 97570 frames delivered
06-29 12:21:08.438  1600  1863 V MediaRouterService: restoreBluetoothA2dp(false)
06-29 12:21:08.445  3472  6476 D net.osmand: AbstractPrologCommandPlayer abandonAudioFocus
06-29 12:21:08.447  1600  1610 I MediaFocusControl: abandonAudioFocus() from uid/pid 10104/3472 clientId=android.media.AudioManager@d05fab5net.osmand.plus.api.AudioFocusHelperImpl@98d6eb4
06-29 12:21:08.448  3472  6476 D net.osmand: TTSCommandPlayerImpl ttsRequests=0
06-29 12:21:08.452  1390  2659 W audio_hw_generic: Not supplying enough data to HAL, expected position 102575568 , only wrote 102575520
06-29 12:21:08.825  1600  1863 I ActivityManager: Force stopping com.ea.games.r3_row appid=10083 user=0: from pid 19802
06-29 12:21:08.850  1833  1833 D CarrierSvcBindHelper: No carrier app for: 0
06-29 12:21:09.065  1390  2659 W audio_hw_generic: Not supplying enough data to HAL, expected position 102604948 , only wrote 102601440
06-29 12:21:09.106  1390  2659 W audio_hw_generic: Not supplying enough data to HAL, expected position 102603401 , only wrote 102602880
06-29 12:21:09.130  1390  2659 W audio_hw_generic: Not supplying enough data to HAL, expected position 102604060 , only wrote 102603600
06-29 12:21:09.131  1390  2659 W audio_hw_generic: Not supplying enough data to HAL, expected position 102603639 , only wrote 102603600
06-29 12:21:09.155  1390  2659 W audio_hw_generic: Not supplying enough data to HAL, expected position 102604733 , only wrote 102604320
06-29 12:21:09.201  1390  2659 W audio_hw_generic: Not supplying enough data to HAL, expected position 102606555 , only wrote 102606480
06-29 12:21:09.268  1390  2659 W audio_hw_generic: Not supplying enough data to HAL, expected position 102609698 , only wrote 102607200
06-29 12:21:09.373  1600  1792 W ActivityManager: Invalid packageName: android.media.action.IMAGE_CAPTURE
06-29 12:21:09.454  1390  2659 W audio_hw_generic: Not supplying enough data to HAL, expected position 102616127 , only wrote 102615840
06-29 12:21:09.481  1390  2659 W audio_hw_generic: Not supplying enough data to HAL, expected position 102617136 , only wrote 102616560
06-29 12:21:09.482  1390  2659 W audio_hw_generic: Not supplying enough data to HAL, expected position 102616607 , only wrote 102616560
06-29 12:21:09.499  1390  2659 W audio_hw_generic: Not supplying enough data to HAL, expected position 102617349 , only wrote 102617280
06-29 12:21:09.754  1390  2659 W audio_hw_generic: Not supplying enough data to HAL, expected position 102629553 , only wrote 102629520
06-29 12:21:09.772  1390  2659 W audio_hw_generic: Not supplying enough data to HAL, expected position 102630381 , only wrote 102630240
06-29 12:21:09.791  1390  2659 W audio_hw_generic: Not supplying enough data to HAL, expected position 102631136 , only wrote 102630960
06-29 12:21:09.792  1390  2659 W audio_hw_generic: Not supplying enough data to HAL, expected position 102630982 , only wrote 102630960
06-29 12:21:10.153  1390  2659 W audio_hw_generic: Not supplying enough data to HAL, expected position 102648310 , only wrote 102648240
06-29 12:21:10.162  1390  2659 W audio_hw_generic: Not supplying enough data to HAL, expected position 102648621 , only wrote 102648240
06-29 12:21:10.203  1390  2659 W audio_hw_generic: Not supplying enough data to HAL, expected position 102650232 , only wrote 102648960
06-29 12:21:10.450  1964  1964 I GeofencerStateMachine: sendQueryLocationOptIn
06-29 12:21:10.484  1600  1613 I GnssLocationProvider: WakeLock acquired by sendMessage(ENABLE, 0, null)
06-29 12:21:10.487  1600  1614 W BroadcastQueue: Background execution not allowed: receiving Intent { act=android.location.PROVIDERS_CHANGED flg=0x10 } to com.google.android.apps.maps/com.google.android.apps.gmm.locationsharing.usr.LocationAvailabilityChecker$LocationProvidersChangedBroadcastReceiver
06-29 12:21:10.487  1600  1614 W BroadcastQueue: Background execution not allowed: receiving Intent { act=android.location.PROVIDERS_CHANGED flg=0x10 } to com.google.android.gms/com.google.android.location.internal.NlpNetworkProviderSettingsUpdateReceiver
06-29 12:21:10.488  1600  1614 W BroadcastQueue: Background execution not allowed: receiving Intent { act=android.location.PROVIDERS_CHANGED flg=0x10 } to com.google.android.gms/.chimera.GmsIntentOperationService$PersistentTrustedReceiver
06-29 12:21:10.488  1600  1614 W BroadcastQueue: Background execution not allowed: receiving Intent { act=android.location.PROVIDERS_CHANGED flg=0x10 } to com.google.android.googlequicksearchbox/com.google.android.apps.gsa.broadcastreceiver.external.ExternalCommonBroadcastReceiver
06-29 12:21:10.493  1964  1964 I GeofencerStateMachine: sendNewLocationAvailability: availability=LocationAvailability[isLocationAvailable: false]
06-29 12:21:10.507  1964  2456 I GeofencerStateMachine: GPS disabled.
06-29 12:21:10.534  1600  1614 W BroadcastQueue: Background execution not allowed: receiving Intent { act=android.location.MODE_CHANGED flg=0x10 } to com.google.android.apps.maps/com.google.android.apps.gmm.locationsharing.usr.LocationAvailabilityChecker$LocationProvidersChangedBroadcastReceiver
06-29 12:21:10.534  1600  1600 D GpsNetInitiatedHandler: location enabled :false
06-29 12:21:10.536  1600  1614 W BroadcastQueue: Background execution not allowed: receiving Intent { act=android.location.MODE_CHANGED flg=0x10 } to com.google.android.gms/.chimera.GmsIntentOperationService$PersistentTrustedReceiver
06-29 12:21:10.537  1600  1613 I GnssLocationProvider: WakeLock released by handleMessage(ENABLE, 0, null)
06-29 12:21:10.594  1398  1435 D gralloc_ranchu: gralloc_alloc: Creating ashmem region of size 724992
06-29 12:21:10.599  1398  1435 I chatty  : uid=1000(system) HwBinder:1398_2 identical 1 line
06-29 12:21:10.606  1398  1435 D gralloc_ranchu: gralloc_alloc: Creating ashmem region of size 724992
06-29 12:21:10.639  1964 19818 I GCoreUlr: Starting service, intent=Intent { act=com.google.android.location.reporting.ACTION_UPDATE_WORLD cmp=com.google.android.gms/com.google.android.location.reporting.service.DispatchingService (has extras) }, extras=Bundle[{receiverAction=android.location.PROVIDERS_CHANGED}]
06-29 12:21:10.640  3472  3540 D EGL_emulation: eglMakeCurrent: 0x9e4043c0: ver 2 0 (tinfo 0x9e403290)
06-29 12:21:10.717  1704  1704 D StatusBar: disable<e i a s b h r c s q >
06-29 12:21:10.725  1600  1792 W ActivityManager: Unable to start service Intent { act=com.google.android.gms.nearby.discovery:ACTION_PERMISSION_CHANGE cmp=com.google.android.gms/.nearby.discovery.service.DiscoveryService } U=0: not found
06-29 12:21:10.820  1704  1929 D EGL_emulation: eglMakeCurrent: 0x9e4046c0: ver 2 0 (tinfo 0x9e403690)
06-29 12:21:10.833  1398  1435 D gralloc_ranchu: gralloc_alloc: Creating ashmem region of size 8298496
06-29 12:21:10.871  1704  1929 D EGL_emulation: eglMakeCurrent: 0x9e4046c0: ver 2 0 (tinfo 0x9e403690)
06-29 12:21:10.885  1704  1704 D StatusBar: disable<e i a s b h r c s q >
06-29 12:21:10.908  1398  1435 D gralloc_ranchu: gralloc_alloc: Creating ashmem region of size 8298496
06-29 12:21:11.020  1704  1704 I zygote  : Deoptimizing void com.android.systemui.qs.tileimpl.QSIconViewImpl.updateIcon(android.widget.ImageView, com.android.systemui.plugins.qs.QSTile$State) due to JIT inline cache
06-29 12:21:11.051  1964  1964 E BluetoothAdapter: Bluetooth binder is null
06-29 12:21:11.063  1390  2659 W audio_hw_generic: Not supplying enough data to HAL, expected position 102690288 , only wrote 102690000
06-29 12:21:11.065  1390  2659 W audio_hw_generic: Not supplying enough data to HAL, expected position 102690074 , only wrote 102690000
06-29 12:21:11.081  1390  2659 W audio_hw_generic: Not supplying enough data to HAL, expected position 102690764 , only wrote 102690720
06-29 12:21:11.135  1398  1435 D gralloc_ranchu: gralloc_alloc: Creating ashmem region of size 8298496
06-29 12:21:11.201  1390  2659 W audio_hw_generic: Not supplying enough data to HAL, expected position 102696498 , only wrote 102696480
06-29 12:21:11.224  1964 19784 I GCoreUlr: WorldUpdater received intent Intent { act=com.google.android.location.reporting.ACTION_UPDATE_WORLD cmp=com.google.android.gms/com.google.android.location.reporting.service.DispatchingService (has extras) } with receiverAction android.location.PROVIDERS_CHANGED
06-29 12:21:11.458  1964 19784 I GCoreUlr: WorldUpdater:android.location.PROVIDERS_CHANGED: Ensuring that reporting is stopped because of reasons: {account#8#=[InactiveReason{mIdentifier=6, mName='ReportingNotEnabled'}, InactiveReason{mIdentifier=14, mName='HistoryNotEnabled'}]}
06-29 12:21:11.476  1390  1390 W audio_hw_generic: Not supplying enough data to HAL, expected position 102721605 , only wrote 102709440
06-29 12:21:11.527  1964 19784 I GCoreUlr: Unbound from all signal providers.
06-29 12:21:11.530  1964 19682 I GCoreUlr: Successfully accounts update
06-29 12:21:11.619  1964 19784 I GCoreUlr: DispatchingService ignoring Intent { act=android.net.wifi.WIFI_STATE_CHANGED flg=0x4000010 (has extras) } because ULR inactive
06-29 12:21:11.634  1964  1964 I GCoreUlr: Unbound from all signal providers.
06-29 12:21:11.635  1964 19682 I GCoreUlr: Successfully accounts update
06-29 12:21:11.643  1964  1964 I GCoreUlr: Stopping handler for UlrDispSvcFast
06-29 12:21:12.976  1390  2659 W audio_hw_generic: Not supplying enough data to HAL, expected position 102709833 , only wrote 102709440
06-29 12:21:12.982  1600  1792 I ActivityManager: START u0 {act=android.intent.action.MAIN flg=0x10040000 cmp=com.google.android.dialer/com.android.incallui.InCallActivity (has extras)} from uid 10020
06-29 12:21:13.078  1600  1610 E ActivityManager: applyOptionsLocked: Unknown animationType=0
06-29 12:21:13.121  1600  1615 W Looper  : Dispatch took 139ms on android.ui, h=Handler (com.android.server.am.ActivityManagerService$UiHandler) {bce2944} cb=null msg=53
06-29 12:21:13.170 19489 19489 I Dialer  : InCallActivity.onCreate
06-29 12:21:13.258 19489 19489 I Dialer  : InCallActivity.onStart
06-29 12:21:13.261 19489 19489 I Dialer  : InCallActivity.showMainInCallFragment - shouldShowAnswerUi: false, shouldShowVideoUi: false, didShowAnswerScreen: false, didShowInCallScreen: false, didShowVideoCallScreen: false
06-29 12:21:13.291 19489 19489 I GAv4    : Google Analytics 10.2.98 is starting up. To enable debug logging on a device run:
06-29 12:21:13.291 19489 19489 I GAv4    :   adb shell setprop log.tag.GAv4 DEBUG
06-29 12:21:13.291 19489 19489 I GAv4    :   adb logcat -s GAv4
06-29 12:21:13.369 19489 19489 I Dialer  : InCallFragment.onCreateView
06-29 12:21:13.473 19489 19832 W GAv4    : AnalyticsReceiver is not registered or is disabled. Register the receiver for reliable dispatching on non-Google Play devices. See http://goo.gl/8Rd3yj for instructions.
06-29 12:21:13.483 19489 19832 W GAv4    : CampaignTrackingReceiver is not registered, not exported or is disabled. Installation campaign tracking is not possible. See http://goo.gl/8Rd3yj for instructions.
06-29 12:21:13.497 19489 19489 I Dialer  : InCallFragment.onViewCreated
06-29 12:21:13.498 19489 19489 I Dialer  : CallCardController.constructor
06-29 12:21:13.509  1704  1704 D StatusBar: disable<e i a s b h r c s q >
06-29 12:21:13.523 19489 19489 I Dialer  : InCallFragment.setPrimary - PrimaryInfo, number: ****, name: Redacted-4-chars, location: Redacted-0-chars, label: null, photo: null, photoType: 0, isPhotoVisible: true, MultimediaData: null
06-29 12:21:13.533 19489 19489 I Dialer  : CallCardPresenter.updatePrimaryDisplayInfo - UI not ready, not showing location
06-29 12:21:13.550 19489 19489 I Dialer  : InCallFragment.setSecondary - SecondaryInfo, show: false, name: null, label: null, providerLabel: null
06-29 12:21:13.582 19489 19489 W ResourceType: Failure getting entry for 0x7f100471 (t=15 e=1137) (error -75)
06-29 12:21:13.606 19489 19832 W GAv4    : AnalyticsService not registered in the app manifest. Hits might not be delivered reliably. See http://goo.gl/8Rd3yj for instructions.
06-29 12:21:13.646 19489 19489 I Dialer  : InCallFragment.setCallState - PrimaryCallState, state: 3, connectionLabel: 
06-29 12:21:13.648 19489 19489 I Dialer  : ContactGridManager.updateBottomRow - starting timer with base: 9905928
06-29 12:21:13.666 19489 19489 I Dialer  : InCallActivity.onPrimaryCallStateChanged
06-29 12:21:13.666 19489 19489 I Dialer  : InCallActivity.showMainInCallFragment - already in method, bailing
06-29 12:21:13.666 19489 19489 I Dialer  : CallCardController.onInCallScreenReady
06-29 12:21:13.674 19489 19489 I Dialer  : InCallFragment.setPrimary - PrimaryInfo, number: ****, name: Redacted-4-chars, location: Redacted-0-chars, label: null, photo: null, photoType: 0, isPhotoVisible: true, MultimediaData: null
06-29 12:21:13.676 19489 19489 I Dialer  : CallCardPresenter.updatePrimaryDisplayInfo - UI not ready, not showing location
06-29 12:21:13.688 19489 19489 I Dialer  : InCallPresenter.updateActivity - UI Initialized
06-29 12:21:13.708  1600  1613 E memtrack: Couldn't load memtrack module
06-29 12:21:13.709  1600  1613 W android.os.Debug: failed to get memory consumption info: -1
06-29 12:21:13.722 19489 19489 I Dialer  : InCallPresenter.onCallListChange - Phone switching state: INCALL -> INCALL
06-29 12:21:13.737  1704  1704 D StatusBar: disable<e i a s b h r c s q >
06-29 12:21:13.745 19489 19489 I Dialer  : InCallFragment.setSecondary - SecondaryInfo, show: false, name: null, label: null, providerLabel: null
06-29 12:21:13.745 19489 19489 W ResourceType: Failure getting entry for 0x7f100471 (t=15 e=1137) (error -75)
06-29 12:21:13.748 19489 19489 I Dialer  : InCallFragment.setCallState - PrimaryCallState, state: 3, connectionLabel: 
06-29 12:21:13.752 19489 19489 I Dialer  : InCallActivity.onPrimaryCallStateChanged
06-29 12:21:13.753 19489 19489 I Dialer  : InCallActivity.showMainInCallFragment - shouldShowAnswerUi: false, shouldShowVideoUi: false, didShowAnswerScreen: false, didShowInCallScreen: true, didShowVideoCallScreen: false
06-29 12:21:13.756 19489 19489 I Dialer  : VideoPauseController.onStateChange - hasPrimaryCallChanged: false, videoCanPause: false, isInBackground: false
06-29 12:21:13.773 19489 19489 I Dialer  : InCallActivity.onResume
06-29 12:21:13.803 19489 19489 I Dialer  : ProximitySensor.updateProximitySensorMode - screenOnImmediately: false, dialPadVisible: false, offHook: true, horizontal: false, uiShowing: true, audioRoute: EARPIECE
06-29 12:21:13.803 19489 19489 I Dialer  : ProximitySensor.turnOnProximitySensor - wake lock already acquired
06-29 12:21:13.835 19489 19489 I Dialer  : InCallActivity.onPrimaryCallStateChanged
06-29 12:21:13.835 19489 19489 I Dialer  : InCallActivity.showMainInCallFragment - shouldShowAnswerUi: false, shouldShowVideoUi: false, didShowAnswerScreen: false, didShowInCallScreen: true, didShowVideoCallScreen: false
06-29 12:21:13.847  1704  1929 D EGL_emulation: eglMakeCurrent: 0x9e4046c0: ver 2 0 (tinfo 0x9e403690)
06-29 12:21:13.854  1398  1435 D gralloc_ranchu: gralloc_alloc: Creating ashmem region of size 274432
06-29 12:21:13.856 19489 19489 I Dialer  : InCallActivity.onPseudoScreenStateChanged - isOn: true
06-29 12:21:13.857 19489 19489 I Dialer  : InCallFragment.setPrimary - PrimaryInfo, number: ****, name: Redacted-4-chars, location: Redacted-0-chars, label: null, photo: null, photoType: 0, isPhotoVisible: true, MultimediaData: null
06-29 12:21:13.868 19489 19489 I Dialer  : CallCardPresenter.getLocationFragment - shouldn't show location
06-29 12:21:13.881  1704  1929 D EGL_emulation: eglMakeCurrent: 0x9e4046c0: ver 2 0 (tinfo 0x9e403690)
06-29 12:21:13.917  1398  1435 D gralloc_ranchu: gralloc_alloc: Creating ashmem region of size 274432
06-29 12:21:13.946  1398  1435 D gralloc_ranchu: gralloc_alloc: Creating ashmem region of size 274432
06-29 12:21:14.005  1408  1462 E SurfaceFlinger: ro.sf.lcd_density must be defined as a build property
06-29 12:21:14.039  1600  1600 W WindowManager: removeWindowToken: Attempted to remove non-existing token: android.os.Binder@728d9b9
06-29 12:21:14.049  3472  3540 D EGL_emulation: eglMakeCurrent: 0x9e4043c0: ver 2 0 (tinfo 0x9e403290)
06-29 12:21:14.291 19489 19489 I Dialer  : InCallFragment.onButtonGridCreated - InCallUiReady
06-29 12:21:14.296 19489 19489 I Dialer  : InCallFragment.setAudioState - audioState: [AudioState isMuted: false, route: EARPIECE, supportedRouteMask: EARPIECE, SPEAKER]
06-29 12:21:14.391 19489 19832 W AdvertisingIdClient: Error while reading from SharedPreferences 
06-29 12:21:14.391 19489 19832 W AdvertisingIdClient: java.lang.SecurityException: MODE_WORLD_READABLE no longer supported
06-29 12:21:14.391 19489 19832 W AdvertisingIdClient: 	at android.app.ContextImpl.checkMode(ContextImpl.java:2420)
06-29 12:21:14.391 19489 19832 W AdvertisingIdClient: 	at android.app.ContextImpl.getSharedPreferences(ContextImpl.java:382)
06-29 12:21:14.391 19489 19832 W AdvertisingIdClient: 	at android.app.ContextImpl.getSharedPreferences(ContextImpl.java:372)
06-29 12:21:14.391 19489 19832 W AdvertisingIdClient: 	at ddr.a(Unknown Source:12)
06-29 12:21:14.391 19489 19832 W AdvertisingIdClient: 	at dfc.e(Unknown Source:22)
06-29 12:21:14.391 19489 19832 W AdvertisingIdClient: 	at dfc.d(Unknown Source:16)
06-29 12:21:14.391 19489 19832 W AdvertisingIdClient: 	at dfc.b(Unknown Source:4)
06-29 12:21:14.391 19489 19832 W AdvertisingIdClient: 	at dei.run(Unknown Source:12)
06-29 12:21:14.391 19489 19832 W AdvertisingIdClient: 	at java.util.concurrent.Executors$RunnableAdapter.call(Executors.java:457)
06-29 12:21:14.391 19489 19832 W AdvertisingIdClient: 	at java.util.concurrent.FutureTask.run(FutureTask.java:266)
06-29 12:21:14.391 19489 19832 W AdvertisingIdClient: 	at java.util.concurrent.ThreadPoolExecutor.runWorker(ThreadPoolExecutor.java:1162)
06-29 12:21:14.391 19489 19832 W AdvertisingIdClient: 	at java.util.concurrent.ThreadPoolExecutor$Worker.run(ThreadPoolExecutor.java:636)
06-29 12:21:14.391 19489 19832 W AdvertisingIdClient: 	at java.lang.Thread.run(Thread.java:764)
06-29 12:21:14.391 19489 19832 W AdvertisingIdClient: 	at dhp$c.run(Unknown Source:5)
06-29 12:21:14.439  1398  1435 D gralloc_ranchu: gralloc_alloc: Creating ashmem region of size 8298496
06-29 12:21:14.444 19489 19834 D         : HostConnection::get() New Host Connection established 0x8a076240, tid 19834
06-29 12:21:14.458  1398  1435 D gralloc_ranchu: gralloc_alloc: Creating ashmem region of size 8298496
06-29 12:21:14.468 19489 19834 I zygote  : android::hardware::configstore::V1_0::ISurfaceFlingerConfigs::hasWideColorDisplay retrieved: 0
06-29 12:21:14.468 19489 19834 I OpenGLRenderer: Initialized EGL, version 1.4
06-29 12:21:14.468 19489 19834 D OpenGLRenderer: Swap behavior 1
06-29 12:21:14.471 19489 19834 W OpenGLRenderer: Failed to choose config with EGL_SWAP_BEHAVIOR_PRESERVED, retrying without...
06-29 12:21:14.471 19489 19834 D OpenGLRenderer: Swap behavior 0
06-29 12:21:14.514 19489 19834 D EGL_emulation: eglCreateContext: 0x9e4058c0: maj 2 min 0 rcv 2
06-29 12:21:14.518  1398  1435 D gralloc_ranchu: gralloc_alloc: Creating ashmem region of size 8298496
06-29 12:21:14.541 19489 19834 D EGL_emulation: eglMakeCurrent: 0x9e4058c0: ver 2 0 (tinfo 0x9e403ec0)
06-29 12:21:14.574  1408  1663 E SurfaceFlinger: ro.sf.lcd_density must be defined as a build property
06-29 12:21:14.672 19489 19489 I zygote  : Deoptimizing void bci.draw(android.graphics.Canvas) due to JIT inline cache
06-29 12:21:14.678 19489 19834 D EGL_emulation: eglMakeCurrent: 0x9e4058c0: ver 2 0 (tinfo 0x9e403ec0)
06-29 12:21:15.047  2118  2184 D EGL_emulation: eglMakeCurrent: 0x8b867100: ver 2 0 (tinfo 0x8b8707f0)
06-29 12:21:15.054  2629  2884 D EGL_emulation: eglMakeCurrent: 0xa61b6ce0: ver 2 0 (tinfo 0xa619b690)
06-29 12:21:15.085  1600  1621 I ActivityManager: Displayed com.google.android.dialer/com.android.incallui.InCallActivity: +1s946ms (total +1h10m41s207ms)
06-29 12:21:15.221  1408  1408 W SurfaceFlinger: couldn't log to binary event log: overflow.
06-29 12:21:15.243 19489 19832 W AdvertisingIdClient: Error while reading from SharedPreferences 
06-29 12:21:15.243 19489 19832 W AdvertisingIdClient: java.lang.SecurityException: MODE_WORLD_READABLE no longer supported
06-29 12:21:15.243 19489 19832 W AdvertisingIdClient: 	at android.app.ContextImpl.checkMode(ContextImpl.java:2420)
06-29 12:21:15.243 19489 19832 W AdvertisingIdClient: 	at android.app.ContextImpl.getSharedPreferences(ContextImpl.java:382)
06-29 12:21:15.243 19489 19832 W AdvertisingIdClient: 	at android.app.ContextImpl.getSharedPreferences(ContextImpl.java:372)
06-29 12:21:15.243 19489 19832 W AdvertisingIdClient: 	at ddr.a(Unknown Source:12)
06-29 12:21:15.243 19489 19832 W AdvertisingIdClient: 	at dfc.e(Unknown Source:22)
06-29 12:21:15.243 19489 19832 W AdvertisingIdClient: 	at dfc.d(Unknown Source:16)
06-29 12:21:15.243 19489 19832 W AdvertisingIdClient: 	at dfc.c(Unknown Source:7)
06-29 12:21:15.243 19489 19832 W AdvertisingIdClient: 	at dei.run(Unknown Source:12)
06-29 12:21:15.243 19489 19832 W AdvertisingIdClient: 	at java.util.concurrent.Executors$RunnableAdapter.call(Executors.java:457)
06-29 12:21:15.243 19489 19832 W AdvertisingIdClient: 	at java.util.concurrent.FutureTask.run(FutureTask.java:266)
06-29 12:21:15.243 19489 19832 W AdvertisingIdClient: 	at java.util.concurrent.ThreadPoolExecutor.runWorker(ThreadPoolExecutor.java:1162)
06-29 12:21:15.243 19489 19832 W AdvertisingIdClient: 	at java.util.concurrent.ThreadPoolExecutor$Worker.run(ThreadPoolExecutor.java:636)
06-29 12:21:15.243 19489 19832 W AdvertisingIdClient: 	at java.lang.Thread.run(Thread.java:764)
06-29 12:21:15.243 19489 19832 W AdvertisingIdClient: 	at dhp$c.run(Unknown Source:5)
06-29 12:21:15.266  2629 19775 I PBSessionCacheImpl: Deleted sessionId[7574760693607] from persistence.
06-29 12:21:15.317  1600  6200 I WifiService: getWifiEnabledState uid=10032
06-29 12:21:15.345  2629  2890 W SearchServiceCore: Abort, client detached.
06-29 12:21:15.792  1390  2659 W audio_hw_generic: Not supplying enough data to HAL, expected position 102844609 , only wrote 102844080
06-29 12:21:15.989 19827 19827 D AndroidRuntime: >>>>>> START com.android.internal.os.RuntimeInit uid 2000 <<<<<<
06-29 12:21:16.005 19827 19827 W app_process: Could not reserve sentinel fault page
06-29 12:21:16.184  1390  1390 W audio_hw_generic: Not supplying enough data to HAL, expected position 102880723 , only wrote 102862800
06-29 12:21:16.310 19827 19827 W app_process: Unexpected CPU variant for X86 using defaults: x86
06-29 12:21:16.319 19827 19827 I app_process: The ClassLoaderContext is a special shared library.
06-29 12:21:16.371 19489 19489 I Dialer  : InCallFragment.onClick - end call button clicked
06-29 12:21:16.371 19489 19489 I Dialer  : CallCardPresenter.onEndCallClicked - disconnecting call: [DialerCall_0, ACTIVE, [Capabilities: CAPABILITY_HOLD CAPABILITY_SUPPORT_HOLD CAPABILITY_MUTE CAPABILITY_CANNOT_DOWNGRADE_VIDEO_TO_AUDIO], [Properties:], children:[], parent:null, conferenceable:[], videoState:Audio Only, mSessionModificationState:0, CameraDir:-1]
06-29 12:21:16.371 19489 19489 I Dialer  : DialerCall.disconnect
06-29 12:21:16.372 19489 19489 I Dialer  : CallList.onUpdateCall - [DialerCall_0, DISCONNECTING, [Capabilities: CAPABILITY_HOLD CAPABILITY_SUPPORT_HOLD CAPABILITY_MUTE CAPABILITY_CANNOT_DOWNGRADE_VIDEO_TO_AUDIO], [Properties:], children:[], parent:null, conferenceable:[], videoState:Audio Only, mSessionModificationState:0, CameraDir:-1]
06-29 12:21:16.372 19489 19489 I Dialer  : InCallPresenter.onCallListChange - Phone switching state: INCALL -> INCALL
06-29 12:21:16.379 19489 19489 I Dialer  : ProximitySensor.updateProximitySensorMode - screenOnImmediately: false, dialPadVisible: false, offHook: false, horizontal: false, uiShowing: true, audioRoute: EARPIECE
06-29 12:21:16.379 19489 19489 I Dialer  : ProximitySensor.turnOffProximitySensor - releasing wake lock
06-29 12:21:16.384  1390  2659 W audio_hw_generic: Not supplying enough data to HAL, expected position 102862942 , only wrote 102862800
06-29 12:21:16.405 19489 19489 I Dialer  : InCallFragment.setSecondary - SecondaryInfo, show: false, name: null, label: null, providerLabel: null
06-29 12:21:16.409 19489 19489 W ResourceType: Failure getting entry for 0x7f100471 (t=15 e=1137) (error -75)
06-29 12:21:16.411 19489 19489 I Dialer  : InCallFragment.setCallState - PrimaryCallState, state: 9, connectionLabel: 
06-29 12:21:16.416 19489 19489 I Dialer  : InCallActivity.onPrimaryCallStateChanged
06-29 12:21:16.417 19489 19489 I Dialer  : InCallActivity.showMainInCallFragment - shouldShowAnswerUi: false, shouldShowVideoUi: false, didShowAnswerScreen: false, didShowInCallScreen: true, didShowVideoCallScreen: false
06-29 12:21:16.425 19489 19489 I Dialer  : VideoPauseController.onStateChange - hasPrimaryCallChanged: true, videoCanPause: false, isInBackground: false
06-29 12:21:16.427 19489 19489 I Dialer  : VideoPauseController.onPrimaryCallChanged - new call: null, old call: [DialerCall_0, DISCONNECTING, [Capabilities: CAPABILITY_HOLD CAPABILITY_SUPPORT_HOLD CAPABILITY_MUTE CAPABILITY_CANNOT_DOWNGRADE_VIDEO_TO_AUDIO], [Properties:], children:[], parent:null, conferenceable:[], videoState:Audio Only, mSessionModificationState:0, CameraDir:-1], mIsInBackground: false
06-29 12:21:16.429 19489 19489 I Dialer  : StatusBarNotifier.cancelNotification - cancel
06-29 12:21:16.449  1600  1611 I Telecom : Event: RecordEntry TC@7: REQUEST_DISCONNECT, null: ICA.dC(InCall package: com.google.android.dialer)@BWw
06-29 12:21:16.449  1600  1611 I Telecom : Call: Send disconnect to connection service for call: [TC@7, ACTIVE, com.android.phone/com.android.services.telephony.TelephonyConnectionService, tel:****, A, childs(0), has_parent(false), [Capabilities: CAPABILITY_HOLD CAPABILITY_SUPPORT_HOLD CAPABILITY_MUTE CAPABILITY_CANNOT_DOWNGRADE_VIDEO_TO_AUDIO CAPABILITY_SPEED_UP_MT_AUDIO], [Properties:]]: ICA.dC(InCall package: com.google.android.dialer)@BWw
06-29 12:21:16.531  1600  1678 D ConnectivityService: NetworkAgentInfo [MOBILE (LTE) - 100] EVENT_NETWORK_INFO_CHANGED, going from SUSPENDED to CONNECTED
06-29 12:21:16.559  1600  6200 I Telecom : InCallController: Sending updateCall [TC@7, ACTIVE, com.android.phone/com.android.services.telephony.TelephonyConnectionService, tel:****, A, childs(0), has_parent(false), [Capabilities: CAPABILITY_HOLD CAPABILITY_SUPPORT_HOLD CAPABILITY_MUTE CAPABILITY_CANNOT_DOWNGRADE_VIDEO_TO_AUDIO CAPABILITY_SPEED_UP_MT_AUDIO], [Properties:]]: CSW.sSH@BW0
06-29 12:21:16.582  1600  6200 I Telecom : InCallController: Components updated: [ComponentInfo{com.google.android.dialer/com.android.incallui.InCallServiceImpl}]: CSW.sSH@BW0
06-29 12:21:16.589 19489 19489 I Dialer  : VideoShareManager.unregisterListener - enter
06-29 12:21:16.589 19489 19489 I Dialer  : EnrichedCallManagerImpl.unregisterCapabilitiesListener - listener: bca@32556ae
06-29 12:21:16.591 19489 19489 I Dialer  : CallList.onUpdateCall - [DialerCall_0, DISCONNECTING, [Capabilities: CAPABILITY_HOLD CAPABILITY_SUPPORT_HOLD CAPABILITY_MUTE CAPABILITY_CANNOT_DOWNGRADE_VIDEO_TO_AUDIO], [Properties:], children:[], parent:null, conferenceable:[], videoState:Audio Only, mSessionModificationState:0, CameraDir:-1]
06-29 12:21:16.591 19489 19489 I Dialer  : InCallPresenter.onCallListChange - Phone switching state: INCALL -> INCALL
06-29 12:21:16.593  1600  1792 I Telecom : InCallController: Sending updateCall [TC@7, ACTIVE, com.android.phone/com.android.services.telephony.TelephonyConnectionService, tel:****, A, childs(0), has_parent(false), [Capabilities: CAPABILITY_HOLD CAPABILITY_SUPPORT_HOLD CAPABILITY_MUTE CAPABILITY_CANNOT_DOWNGRADE_VIDEO_TO_AUDIO CAPABILITY_SPEED_UP_MT_AUDIO], [Properties:]]: CSW.sCC@BW4
06-29 12:21:16.615  1600  1792 I Telecom : InCallController: Components updated: [ComponentInfo{com.google.android.dialer/com.android.incallui.InCallServiceImpl}]: CSW.sCC@BW4
06-29 12:21:16.632  1600  6200 I Telecom : CallsManager: setCallState ACTIVE -> DISCONNECTED, call: [TC@7, ACTIVE, com.android.phone/com.android.services.telephony.TelephonyConnectionService, tel:****, A, childs(0), has_parent(false), [Capabilities: CAPABILITY_HOLD CAPABILITY_SUPPORT_HOLD CAPABILITY_MUTE CAPABILITY_CANNOT_DOWNGRADE_VIDEO_TO_AUDIO CAPABILITY_SPEED_UP_MT_AUDIO], [Properties:]]: CSW.sDc@BW8
06-29 12:21:16.633  1600  6200 I Telecom : Event: RecordEntry TC@7: SET_DISCONNECTED, disconnected set explicitly> DisconnectCause [ Code: (LOCAL) Label: () Description: () Reason: (LOCAL) Tone: (27) ]: CSW.sDc@BW8
06-29 12:21:16.638 19489 19489 I Dialer  : InCallFragment.setSecondary - SecondaryInfo, show: false, name: null, label: null, providerLabel: null
06-29 12:21:16.648  1600  1886 I Telecom : CallAudioModeStateMachine: Message received: TONE_STARTED_PLAYING.: CSW.sDc->CAMSM.pM_3001@BW8
06-29 12:21:16.648 19489 19489 W ResourceType: Failure getting entry for 0x7f100471 (t=15 e=1137) (error -75)
06-29 12:21:16.650 19489 19489 I Dialer  : InCallFragment.setCallState - PrimaryCallState, state: 9, connectionLabel: 
06-29 12:21:16.653  1600  1886 I Telecom : CallAudioModeStateMachine: Message received: NO_MORE_ACTIVE_OR_DIALING_CALLS.: CSW.sDc->CAMSM.pM_1001@BW8
06-29 12:21:16.653  1600  1886 I Telecom : CallAudioModeStateMachine: Audio focus entering TONE/HOLDING state: CSW.sDc->CAMSM.pM_1001@BW8
06-29 12:21:16.653  1600  1886 I MediaFocusControl: requestAudioFocus() from uid/pid 1000/1600 clientId=AudioFocus_For_Phone_Ring_And_Calls callingPack=com.android.server.telecom req=2 flags=0x4 sdk=0
06-29 12:21:16.655 19489 19489 I Dialer  : InCallActivity.onPrimaryCallStateChanged
06-29 12:21:16.655 19489 19489 I Dialer  : InCallActivity.showMainInCallFragment - shouldShowAnswerUi: false, shouldShowVideoUi: false, didShowAnswerScreen: false, didShowInCallScreen: true, didShowVideoCallScreen: false
06-29 12:21:16.662  1600  1885 I Telecom : CallAudioRouteStateMachine: Message received: UPDATE_SYSTEM_AUDIO_ROUTE=1201, arg1=0: CSW.sDc->CARSM.pM_UPDATE_SYSTEM_AUDIO_ROUTE@BW8
06-29 12:21:16.666 19489 19489 I Dialer  : VideoPauseController.onStateChange - hasPrimaryCallChanged: false, videoCanPause: false, isInBackground: false
06-29 12:21:16.678  1600  1884 I Telecom : BluetoothRouteManager: Running runnable for testing
06-29 12:21:16.678  1600  1884 W Telecom : Logging: Log.endSession was called with no session active.
06-29 12:21:16.680  1600 19844 I AudioTrack: AUDIO_OUTPUT_FLAG_FAST successful; frameCount 1440 -> 1440
06-29 12:21:16.681  1600 19844 D AudioTrack: Client defaulted notificationFrames to 720 for frameCount 1440
06-29 12:21:16.685 19827 19827 D AndroidRuntime: Calling main entry com.android.commands.monkey.Monkey
06-29 12:21:16.724 19827 19827 W Monkey  : args: [-p, net.osmand, -c, android.intent.category.LAUNCHER, 1]
06-29 12:21:16.723  1600  6200 W ContextImpl: Calling a method in the system process without a qualified user: android.app.ContextImpl.sendBroadcast:981 android.content.ContextWrapper.sendBroadcast:442 com.android.server.telecom.CallLogManager.sendAddCallBroadcast:444 com.android.server.telecom.CallLogManager.logCall:287 com.android.server.telecom.CallLogManager.logCall:233 
06-29 12:21:16.727  1600  6200 I Telecom : InCallController: Sending updateCall [TC@7, DISCONNECTED, com.android.phone/com.android.services.telephony.TelephonyConnectionService, tel:****, A, childs(0), has_parent(false), [Capabilities: CAPABILITY_HOLD CAPABILITY_SUPPORT_HOLD CAPABILITY_MUTE CAPABILITY_CANNOT_DOWNGRADE_VIDEO_TO_AUDIO CAPABILITY_SPEED_UP_MT_AUDIO], [Properties:]]: CSW.sDc@BW8
06-29 12:21:16.759 19827 19827 W Monkey  :  arg: "-p"
06-29 12:21:16.759 19827 19827 W Monkey  :  arg: "net.osmand"
06-29 12:21:16.764 19827 19827 W Monkey  :  arg: "-c"
06-29 12:21:16.764 19827 19827 W Monkey  :  arg: "android.intent.category.LAUNCHER"
06-29 12:21:16.765 19827 19827 W Monkey  :  arg: "1"
06-29 12:21:16.765 19827 19827 W Monkey  : data="net.osmand"
06-29 12:21:16.780  1600  6200 I Telecom : InCallController: Components updated: [ComponentInfo{com.google.android.dialer/com.android.incallui.InCallServiceImpl}]: CSW.sDc@BW8
06-29 12:21:16.785  1833 19849 D CallNotifier: SignalInfoTonePlayer.run(toneId = 98)...
06-29 12:21:16.785  1833 19849 D CallNotifier: mSignalInfoToneGenerator created already, hence skipping
06-29 12:21:16.788  1600  6200 I Telecom : TelecomWakeLock: WakeLock already released with id: 26: CSW.sDc@BW8
06-29 12:21:16.788  1600  6200 I Telecom : InCallWakeLockController: Releasing full wake lock: CSW.sDc@BW8
06-29 12:21:16.787 19827 19827 W Monkey  : data="android.intent.category.LAUNCHER"
06-29 12:21:16.795 19489 19489 I Dialer  : DialerCallListenerImpl.onDialerCallDisconnect - [DialerCall_0, DISCONNECTED, [Capabilities: CAPABILITY_HOLD CAPABILITY_SUPPORT_HOLD CAPABILITY_MUTE CAPABILITY_CANNOT_DOWNGRADE_VIDEO_TO_AUDIO], [Properties:], children:[], parent:null, conferenceable:[], videoState:Audio Only, mSessionModificationState:0, CameraDir:-1]
06-29 12:21:16.795 19489 19489 I Dialer  : EnrichedCallManagerImpl.onDisconnect - enter
06-29 12:21:16.796 19489 19489 I Dialer  : EnrichedCallManagerImpl.onDisconnect - disconnected call with no enriched call session
06-29 12:21:16.800  1600  1600 D GpsNetInitiatedHandler: onCallStateChanged(): state is 0
06-29 12:21:16.800  2175  4109 I TelephonySpam: TelephonySpamInit - scheduleCallLogTask
06-29 12:21:16.811  1600  1614 W BroadcastQueue: Permission Denial: receiving Intent { act=android.intent.action.PHONE_STATE flg=0x1000010 (has extras) } to ProcessRecord{89d0980 4877:com.mapfactor.navigator:Notifications/u0a88} (pid=4877, uid=10088) requires android.permission.READ_PRIVILEGED_PHONE_STATE due to sender android (uid 1000)
06-29 12:21:16.815  1600  1614 W BroadcastQueue: Permission Denial: receiving Intent { act=android.intent.action.PHONE_STATE flg=0x1000010 (has extras) } to ProcessRecord{8d7ec42 1704:com.android.systemui/u0a29} (pid=1704, uid=10029) requires android.permission.READ_PHONE_STATE due to sender android (uid 1000)
06-29 12:21:16.817  1600  6200 I Telecom : PhoneStateBroadcaster: Broadcasted state change: 0: CSW.sDc@BW8
06-29 12:21:16.818  1600  6200 I Telecom : IncomingCallNotifier: updateIncomingCall: foundIncomingcall = null: CSW.sDc@BW8
06-29 12:21:16.820  1600  1885 I Telecom : CallAudioRouteStateMachine: setSystemAudioState: changing from [AudioState isMuted: false, route: EARPIECE, supportedRouteMask: EARPIECE, SPEAKER] to [AudioState isMuted: false, route: EARPIECE, supportedRouteMask: EARPIECE, SPEAKER]: CSW.sDc->CARSM.pM_UPDATE_SYSTEM_AUDIO_ROUTE@BW8
06-29 12:21:16.820  1600  1885 I Telecom : InCallController: Calling onAudioStateChanged, audioState: [AudioState isMuted: false, route: EARPIECE, supportedRouteMask: EARPIECE, SPEAKER] -> [AudioState isMuted: false, route: EARPIECE, supportedRouteMask: EARPIECE, SPEAKER]: CSW.sDc->CARSM.pM_UPDATE_SYSTEM_AUDIO_ROUTE@BW8
06-29 12:21:16.848 19489 19489 I Dialer  : InCallActivityCommon.maybeShowErrorDialogOnDisconnect - disconnect cause: DisconnectMessage {code: 2, description: , reason: LOCAL, message: null}
06-29 12:21:16.848 19489 19489 I Dialer  : InCallPresenter.onCallListChange - Phone switching state: INCALL -> INCALL
06-29 12:21:16.867  1600  6200 I Telecom : InCallController: Sending updateCall [TC@7, DISCONNECTED, com.android.phone/com.android.services.telephony.TelephonyConnectionService, tel:****, A, childs(0), has_parent(false), [Capabilities: CAPABILITY_HOLD CAPABILITY_SUPPORT_HOLD CAPABILITY_MUTE CAPABILITY_CANNOT_DOWNGRADE_VIDEO_TO_AUDIO CAPABILITY_SPEED_UP_MT_AUDIO], [Properties:]]: CSW.sCC@BXE
06-29 12:21:16.900  1600 19845 D AudioTrack: stop() called with 10240 frames delivered
06-29 12:21:16.941  1600  6200 I Telecom : InCallController: Components updated: [ComponentInfo{com.google.android.dialer/com.android.incallui.InCallServiceImpl}]: CSW.sCC@BXE
