06-29 10:28:34.646  1485  7823 E OMXNodeInstance: getConfig(0xaad1f000:google.vorbis.decoder, ConfigAndroidVendorExtension(0x6f100004)) ERROR: Undefined(0x80001001)
06-29 10:28:34.663  1389  1389 W /system/bin/hw/android.hidl.allocator@1.0-service: ashmem_create_region(32768) returning hidl_memory(0xb1b1b830, 32768)
06-29 10:28:34.856  1389  1389 I chatty  : uid=1000(system) allocator@1.0-s identical 10 lines
06-29 10:28:34.858  1389  1389 W /system/bin/hw/android.hidl.allocator@1.0-service: ashmem_create_region(32768) returning hidl_memory(0xb1b1b830, 32768)
06-29 10:28:34.916  1600 11907 D NetworkMonitor/NetworkAgentInfo [WIFI () - 101]: PROBE_DNS connectivitycheck.gstatic.com 10115ms OK 172.217.172.131
06-29 10:28:36.020 11831 11862 W AudioTrack: AUDIO_OUTPUT_FLAG_FAST denied, rates do not match 44100 Hz, require 48000 Hz
06-29 10:28:36.029  1390  2659 W audio_hw_generic: Not supplying enough data to HAL, expected position 41498758 , only wrote 41498640
06-29 10:28:36.106  1390  2659 W audio_hw_generic: Not supplying enough data to HAL, expected position 41502336 , only wrote 41501520
06-29 10:28:36.107  1390  2659 W audio_hw_generic: Not supplying enough data to HAL, expected position 41501538 , only wrote 41501520
06-29 10:28:36.207  1473  1561 D AudioFlinger: mixer(0xa6c83380) throttle end: throttle time(12)
06-29 10:28:36.208  1390  2659 W audio_hw_generic: Not supplying enough data to HAL, expected position 41506429 , only wrote 41505840
06-29 10:28:36.209  1390  2659 W audio_hw_generic: Not supplying enough data to HAL, expected position 41505848 , only wrote 41505840
06-29 10:28:36.227  1390  2659 W audio_hw_generic: Not supplying enough data to HAL, expected position 41506716 , only wrote 41506560
06-29 10:28:36.227  1390  2659 W audio_hw_generic: Hardware backing HAL too slow, could only write 0 of 720 frames
06-29 10:28:36.229  1390  2659 I chatty  : uid=1041(audioserver) writer identical 1 line
06-29 10:28:36.246  1390  2659 W audio_hw_generic: Hardware backing HAL too slow, could only write 0 of 720 frames
06-29 10:28:36.251  1473  1561 D AudioFlinger: mixer(0xa6c83380) throttle end: throttle time(12)
06-29 10:28:36.263  1390  2659 W audio_hw_generic: Hardware backing HAL too slow, could only write 0 of 720 frames
06-29 10:28:36.278  1390  2659 W audio_hw_generic: Hardware backing HAL too slow, could only write 0 of 720 frames
06-29 10:28:36.292  3472 11930 I net.osmand:native: Start point was found 1886269049 [Native]
06-29 10:28:36.294  1390  2659 W audio_hw_generic: Hardware backing HAL too slow, could only write 0 of 720 frames
06-29 10:28:36.357  1390  2659 W audio_hw_generic: Hardware backing HAL too slow, could only write 0 of 720 frames
06-29 10:28:36.364  1390  2659 W audio_hw_generic: Not supplying enough data to HAL, expected position 41513126 , only wrote 41511600
06-29 10:28:36.364  1390  2659 W audio_hw_generic: Not supplying enough data to HAL, expected position 41511611 , only wrote 41511600
06-29 10:28:36.364  1390  2659 W audio_hw_generic: Hardware backing HAL too slow, could only write 0 of 720 frames
06-29 10:28:36.381  1390  2659 W audio_hw_generic: Not supplying enough data to HAL, expected position 41512411 , only wrote 41512320
06-29 10:28:36.505  1390  2659 W audio_hw_generic: Not supplying enough data to HAL, expected position 41518263 , only wrote 41516640
06-29 10:28:36.505  1390  2659 W audio_hw_generic: Not supplying enough data to HAL, expected position 41516658 , only wrote 41516640
06-29 10:28:36.521  1390  2659 W audio_hw_generic: Not supplying enough data to HAL, expected position 41517390 , only wrote 41517360
06-29 10:28:36.625  1390  2659 W audio_hw_generic: Not supplying enough data to HAL, expected position 41522386 , only wrote 41520960
06-29 10:28:36.627  1390  2659 W audio_hw_generic: Not supplying enough data to HAL, expected position 41521021 , only wrote 41520960
06-29 10:28:36.642  1390  2659 W audio_hw_generic: Not supplying enough data to HAL, expected position 41521719 , only wrote 41521680
06-29 10:28:36.723  1390  2659 W audio_hw_generic: Not supplying enough data to HAL, expected position 41525548 , only wrote 41524560
06-29 10:28:36.723  1390  2659 W audio_hw_generic: Not supplying enough data to HAL, expected position 41524572 , only wrote 41524560
06-29 10:28:36.739  1390  2659 W audio_hw_generic: Not supplying enough data to HAL, expected position 41525313 , only wrote 41525280
06-29 10:28:36.810  1390  2659 W audio_hw_generic: Not supplying enough data to HAL, expected position 41528685 , only wrote 41528160
06-29 10:28:36.811  1390  2659 W audio_hw_generic: Not supplying enough data to HAL, expected position 41528193 , only wrote 41528160
06-29 10:28:36.827  1390  2659 W audio_hw_generic: Not supplying enough data to HAL, expected position 41528964 , only wrote 41528880
06-29 10:28:36.883  1390  2659 W audio_hw_generic: Not supplying enough data to HAL, expected position 41531564 , only wrote 41530320
06-29 10:28:36.974  3472 11930 I net.osmand:native: End point was found 1886269277 [Native]
06-29 10:28:36.975  1390  2659 W audio_hw_generic: Not supplying enough data to HAL, expected position 41534739 , only wrote 41533920
06-29 10:28:36.976  1390  2659 W audio_hw_generic: Not supplying enough data to HAL, expected position 41533960 , only wrote 41533920
06-29 10:28:36.991  1390  2659 W audio_hw_generic: Not supplying enough data to HAL, expected position 41534650 , only wrote 41534640
06-29 10:28:36.996 11831 11937 I CAM_JpegUtilNative: Compressing jpeg with size = (1280, 960); y-channel pixel stride = 1; y-channel row stride =  1280; cb-channel pixel stride = 2; cb-channel row stride =  1280; cr-channel pixel stride = 2; cr-channel row stride =  1280; crop = [(0, 0) - (1280, 960)]; rotation = 3 * 90 deg. 
06-29 10:28:37.024  3472 11930 W net.osmand:native: [Native] Result visited (visited roads 2, visited segments 20 / 0 , queue sizes 25 / 2 ) 
06-29 10:28:37.024  3472 11930 W net.osmand:native: [Native] Result timing (time to load 2, time to calc 10, loaded tiles 22) 
06-29 10:28:37.024  3472 11930 W net.osmand:native: [Native] Memory occupied (Routing context 492 Kb, search 0 Kb)
06-29 10:28:37.045  3472 11930 I net.osmand:native: No route found
06-29 10:28:37.097  1390  2659 W audio_hw_generic: Not supplying enough data to HAL, expected position 41539707 , only wrote 41538960
06-29 10:28:37.098  1390  2659 W audio_hw_generic: Not supplying enough data to HAL, expected position 41538995 , only wrote 41538960
06-29 10:28:37.150  3472 11930 I net.osmand: RoutePlannerFrontEnd Native routing took 1.225 seconds
06-29 10:28:37.156  3472 11930 I System.out: ROUTE : 
06-29 10:28:37.239  1390  2659 W audio_hw_generic: Not supplying enough data to HAL, expected position 41545759 , only wrote 41543280
06-29 10:28:37.240  1390  2659 W audio_hw_generic: Not supplying enough data to HAL, expected position 41543302 , only wrote 41543280
06-29 10:28:37.255  1390  2659 W audio_hw_generic: Not supplying enough data to HAL, expected position 41544024 , only wrote 41544000
06-29 10:28:37.267  3472 11930 I net.osmand: RouteResultPreparation <test regions="" description="" best_percent="" vehicle="car" 
06-29 10:28:37.267  3472 11930 I net.osmand:   start_lat="-7.22504" start_lon="-35.89588" target_lat="-7.23255" target_lon="-35.91291"  routing_time="0.00" loadedTiles="22" visitedSegments="2" complete_distance="0.00" complete_time="0.00" >
06-29 10:28:37.274  3472 11930 I System.out: <test regions="" description="" best_percent="" vehicle="car" 
06-29 10:28:37.274  3472 11930 I System.out:   start_lat="-7.22504" start_lon="-35.89588" target_lat="-7.23255" target_lon="-35.91291"  routing_time="0.00" loadedTiles="22" visitedSegments="2" complete_distance="0.00" complete_time="0.00" >
06-29 10:28:37.274  3472 11930 I System.out: </test>
06-29 10:28:37.274  3472 11930 I System.out: <test regions="" description="" best_percent="" vehicle="car" 
06-29 10:28:37.274  3472 11930 I System.out:   start_lat="-7.22504" start_lon="-35.89588" target_lat="-7.23255" target_lon="-35.91291"  routing_time="0.00" loadedTiles="22" visitedSegments="2" complete_distance="0.00" complete_time="0.00" >
06-29 10:28:37.275  3472 11930 I net.osmand: RouteProvider Finding route contained 0 points for 4922 ms
06-29 10:28:37.366  1390  2659 W audio_hw_generic: Not supplying enough data to HAL, expected position 41549304 , only wrote 41546880
06-29 10:28:37.366  1390  2659 W audio_hw_generic: Not supplying enough data to HAL, expected position 41546888 , only wrote 41546880
06-29 10:28:37.381  1390  2659 W audio_hw_generic: Not supplying enough data to HAL, expected position 41547604 , only wrote 41547600
06-29 10:28:37.467  1390  2659 W audio_hw_generic: Not supplying enough data to HAL, expected position 41551718 , only wrote 41549040
06-29 10:28:37.473  1600  1613 E memtrack: Couldn't load memtrack module
06-29 10:28:37.473  1600  1613 W android.os.Debug: failed to get memory consumption info: -1
06-29 10:28:37.484  1390  2659 W audio_hw_generic: Hardware backing HAL too slow, could only write 0 of 720 frames
06-29 10:28:37.499  1390  2659 W audio_hw_generic: Hardware backing HAL too slow, could only write 0 of 720 frames
06-29 10:28:37.603  1390  2659 W audio_hw_generic: Not supplying enough data to HAL, expected position 41555549 , only wrote 41552640
06-29 10:28:37.603  1390  2659 W audio_hw_generic: Hardware backing HAL too slow, could only write 0 of 720 frames
06-29 10:28:37.603  1390  2659 W audio_hw_generic: Hardware backing HAL too slow, could only write 0 of 720 frames
06-29 10:28:37.732  1390  2659 W audio_hw_generic: Not supplying enough data to HAL, expected position 41558861 , only wrote 41555520
06-29 10:28:37.733  1390  2659 W audio_hw_generic: Not supplying enough data to HAL, expected position 41555553 , only wrote 41555520
06-29 10:28:37.740  1733  1733 I wpa_supplicant: nl80211: send_and_recv->nl_recvmsgs failed: -33
06-29 10:28:37.752  1390  2659 W audio_hw_generic: Not supplying enough data to HAL, expected position 41556421 , only wrote 41556240
06-29 10:28:37.752  1390  2659 W audio_hw_generic: Hardware backing HAL too slow, could only write 0 of 720 frames
06-29 10:28:37.758  1390  2659 W audio_hw_generic: Hardware backing HAL too slow, could only write 0 of 720 frames
06-29 10:28:37.760  1600  4486 D WificondControl: Scan result ready event
06-29 10:28:37.802  1600  3204 D NetworkMonitor/NetworkAgentInfo [WIFI () - 101]: PROBE_FALLBACK http://www.google.com/gen_204 Probe failed with exception java.net.SocketTimeoutException: timeout
06-29 10:28:37.879  1390  2659 W audio_hw_generic: Not supplying enough data to HAL, expected position 41562337 , only wrote 41559840
06-29 10:28:37.924  1600 11907 D NetworkMonitor/NetworkAgentInfo [WIFI () - 101]: PROBE_HTTP http://connectivitycheck.gstatic.com/generate_204 Probe failed with exception java.net.ConnectException: Failed to connect to connectivitycheck.gstatic.com/172.217.172.131:80
06-29 10:28:38.000  1390  2659 W audio_hw_generic: Not supplying enough data to HAL, expected position 41565674 , only wrote 41564880
06-29 10:28:38.002  1390  2659 W audio_hw_generic: Not supplying enough data to HAL, expected position 41564946 , only wrote 41564880
06-29 10:28:38.017  1390  2659 W audio_hw_generic: Not supplying enough data to HAL, expected position 41565627 , only wrote 41565600
06-29 10:28:38.079  1390  2659 W audio_hw_generic: Not supplying enough data to HAL, expected position 41568543 , only wrote 41568480
06-29 10:28:38.079  1390  2659 W audio_hw_generic: Not supplying enough data to HAL, expected position 41568512 , only wrote 41568480
06-29 10:28:38.096  1390  2659 W audio_hw_generic: Not supplying enough data to HAL, expected position 41569286 , only wrote 41569200
06-29 10:28:38.227  1390  2659 W audio_hw_generic: Not supplying enough data to HAL, expected position 41575472 , only wrote 41574240
06-29 10:28:38.243  1390  2659 W audio_hw_generic: Not supplying enough data to HAL, expected position 41575009 , only wrote 41574960
06-29 10:28:38.297  1390  2659 W audio_hw_generic: Not supplying enough data to HAL, expected position 41577572 , only wrote 41576400
06-29 10:28:38.299  1600 11906 D NetworkMonitor/NetworkAgentInfo [WIFI () - 101]: PROBE_HTTPS https://www.google.com/generate_204 Probe failed with exception java.net.SocketTimeoutException: failed to connect to www.google.com/2800:3f0:4001:801::2004 (port 443) from /fec0::7874:a8bd:4205:7510 (port 41175) after 10000ms
06-29 10:28:38.320  1600  1678 D ConnectivityService: NetworkAgentInfo [WIFI () - 101] validation failed
06-29 10:28:38.322  1600  1674 D WifiStateMachine: NETWORK_STATUS_UNWANTED_VALIDATION_FAILED
06-29 10:28:38.331  1390  2659 W audio_hw_generic: Hardware backing HAL too slow, could only write 0 of 720 frames
06-29 10:28:38.357  1600  1613 E memtrack: Couldn't load memtrack module
06-29 10:28:38.357  1600  1613 W android.os.Debug: failed to get memory consumption info: -1
06-29 10:28:38.404  1390  2659 W audio_hw_generic: Not supplying enough data to HAL, expected position 41581530 , only wrote 41580720
06-29 10:28:38.404  1390  2659 W audio_hw_generic: Not supplying enough data to HAL, expected position 41580727 , only wrote 41580720
06-29 10:28:38.421  1390  2659 W audio_hw_generic: Not supplying enough data to HAL, expected position 41581520 , only wrote 41581440
06-29 10:28:38.481  1390  2659 W audio_hw_generic: Not supplying enough data to HAL, expected position 41584343 , only wrote 41583600
06-29 10:28:38.482  1390  2659 W audio_hw_generic: Not supplying enough data to HAL, expected position 41583629 , only wrote 41583600
06-29 10:28:38.498  1390  2659 W audio_hw_generic: Not supplying enough data to HAL, expected position 41584380 , only wrote 41584320
06-29 10:28:38.547  1390  2659 W audio_hw_generic: Not supplying enough data to HAL, expected position 41586642 , only wrote 41585760
06-29 10:28:38.637  1390  2659 W audio_hw_generic: Not supplying enough data to HAL, expected position 41590115 , only wrote 41588640
06-29 10:28:38.638  1390  2659 W audio_hw_generic: Not supplying enough data to HAL, expected position 41588662 , only wrote 41588640
06-29 10:28:38.654  1390  2659 W audio_hw_generic: Not supplying enough data to HAL, expected position 41589426 , only wrote 41589360
06-29 10:28:38.743  1390  2659 W audio_hw_generic: Not supplying enough data to HAL, expected position 41593613 , only wrote 41592240
06-29 10:28:38.743  1390  2659 W audio_hw_generic: Not supplying enough data to HAL, expected position 41592256 , only wrote 41592240
06-29 10:28:38.759  1390  2659 W audio_hw_generic: Not supplying enough data to HAL, expected position 41592992 , only wrote 41592960
06-29 10:28:38.844  1390  2659 W audio_hw_generic: Not supplying enough data to HAL, expected position 41597031 , only wrote 41595840
06-29 10:28:38.845  1390  2659 W audio_hw_generic: Not supplying enough data to HAL, expected position 41595877 , only wrote 41595840
06-29 10:28:38.860  1390  2659 W audio_hw_generic: Not supplying enough data to HAL, expected position 41596604 , only wrote 41596560
06-29 10:28:38.938  1390  2659 W audio_hw_generic: Not supplying enough data to HAL, expected position 41600291 , only wrote 41599440
06-29 10:28:38.938  1390  2659 W audio_hw_generic: Not supplying enough data to HAL, expected position 41599455 , only wrote 41599440
06-29 10:28:38.939  1390  2659 W audio_hw_generic: Hardware backing HAL too slow, could only write 0 of 720 frames
06-29 10:28:38.955  1390  2659 W audio_hw_generic: Not supplying enough data to HAL, expected position 41600219 , only wrote 41600160
06-29 10:28:38.956  1390  2659 W audio_hw_generic: Hardware backing HAL too slow, could only write 0 of 720 frames
06-29 10:28:39.042  1390  2659 W audio_hw_generic: Not supplying enough data to HAL, expected position 41604352 , only wrote 41603040
06-29 10:28:39.042  1390  2659 W audio_hw_generic: Not supplying enough data to HAL, expected position 41603059 , only wrote 41603040
06-29 10:28:39.058  1390  2659 W audio_hw_generic: Not supplying enough data to HAL, expected position 41603770 , only wrote 41603760
06-29 10:28:39.162  1390  2659 W audio_hw_generic: Hardware backing HAL too slow, could only write 0 of 720 frames
06-29 10:28:39.163  1390  2659 W audio_hw_generic: Not supplying enough data to HAL, expected position 41608819 , only wrote 41606640
06-29 10:28:39.163  1390  2659 W audio_hw_generic: Not supplying enough data to HAL, expected position 41606651 , only wrote 41606640
06-29 10:28:39.180  1390  2659 W audio_hw_generic: Not supplying enough data to HAL, expected position 41607420 , only wrote 41607360
06-29 10:28:39.183  1390  2659 W audio_hw_generic: Hardware backing HAL too slow, could only write 0 of 720 frames
06-29 10:28:39.242  1390  2659 W audio_hw_generic: Not supplying enough data to HAL, expected position 41610339 , only wrote 41608800
06-29 10:28:39.242  1390  2659 W audio_hw_generic: Hardware backing HAL too slow, could only write 0 of 720 frames
06-29 10:28:39.263  1390  1562 W audio_hw_generic: Not supplying enough data to HAL, expected position 41609822 , only wrote 41609520
06-29 10:28:40.376  1600  1847 I WifiService: releaseWifiLock uid=10014
06-29 10:28:40.482  1600 11939 D NetworkMonitor/NetworkAgentInfo [WIFI () - 101]: PROBE_DNS www.google.com 126ms OK 172.217.28.228,2800:3f0:4001:801::2004
06-29 10:28:41.410 11831 11943 D         : HostConnection::get() New Host Connection established 0x9e412f00, tid 11943
06-29 10:28:41.806  3472  3472 D net.osmand: RoutingHelper Processed by distance : 1.7364708919625391 65.00559400351045
06-29 10:28:44.436  1964  1964 I GeofencerStateMachine: sendNewTransitions called.
06-29 10:28:45.728  3472  3472 D net.osmand: RoutingHelper Processed point bearing deltas : 176.76312255859375 0.187255859375
06-29 10:28:47.883 11931 11931 D AndroidRuntime: >>>>>> START com.android.internal.os.RuntimeInit uid 2000 <<<<<<
06-29 10:28:48.090 11931 11931 W app_process: Could not reserve sentinel fault page
06-29 10:28:49.727  3472  3472 D net.osmand: RoutingHelper Processed point bearing deltas : 174.23675537109375 0.26685333251953125
06-29 10:28:50.588  1600 11940 D NetworkMonitor/NetworkAgentInfo [WIFI () - 101]: PROBE_DNS connectivitycheck.gstatic.com 10232ms OK 172.217.172.131
06-29 10:28:50.798 11931 11931 W app_process: Unexpected CPU variant for X86 using defaults: x86
06-29 10:28:50.804 11931 11931 I app_process: The ClassLoaderContext is a special shared library.
06-29 10:28:51.013  1600 11939 D NetworkMonitor/NetworkAgentInfo [WIFI () - 101]: PROBE_HTTPS https://www.google.com/generate_204 Probe failed with exception java.net.SocketTimeoutException: failed to connect to www.google.com/2800:3f0:4001:801::2004 (port 443) from /fec0::7874:a8bd:4205:7510 (port 41180) after 10000ms
06-29 10:28:51.769 11931 11931 D AndroidRuntime: Calling main entry com.android.commands.monkey.Monkey
06-29 10:28:51.895 11931 11931 W Monkey  : args: [-p, net.osmand, -c, android.intent.category.LAUNCHER, 1]
06-29 10:28:51.906 11931 11931 W Monkey  :  arg: "-p"
06-29 10:28:51.907 11931 11931 W Monkey  :  arg: "net.osmand"
06-29 10:28:51.965 11931 11931 W Monkey  :  arg: "-c"
06-29 10:28:51.969 11931 11931 W Monkey  :  arg: "android.intent.category.LAUNCHER"
06-29 10:28:52.020 11931 11931 W Monkey  :  arg: "1"
06-29 10:28:52.025 11931 11931 W Monkey  : data="net.osmand"
06-29 10:28:52.025 11931 11931 W Monkey  : data="android.intent.category.LAUNCHER"
06-29 10:28:52.411  1704  1704 I Choreographer: Skipped 34 frames!  The application may be doing too much work on its main thread.
06-29 10:28:52.845  1600  1614 W BroadcastQueue: Skipping deliver [background] BroadcastRecord{2a84984 u-1 android.net.conn.CONNECTIVITY_CHANGE} to ReceiverList{825b56d 11931 (unknown name)/2000/u-1 remote:351be16}: process gone or crashing
06-29 10:28:53.800  1600  2099 I ActivityManager: START u0 {act=android.intent.action.MAIN cat=[android.intent.category.LAUNCHER] flg=0x10200000 cmp=net.osmand/.plus.activities.MapActivity} from uid 2000
06-29 10:28:53.801  1600  2099 W Binder  : Outgoing transactions from this process must be FLAG_ONEWAY
06-29 10:28:53.801  1600  2099 W Binder  : java.lang.Throwable
06-29 10:28:53.801  1600  2099 W Binder  : 	at android.os.BinderProxy.transact(Binder.java:752)
06-29 10:28:53.801  1600  2099 W Binder  : 	at android.app.IActivityController$Stub$Proxy.activityStarting(IActivityController.java:172)
06-29 10:28:53.801  1600  2099 W Binder  : 	at com.android.server.am.ActivityStarter.startActivity(ActivityStarter.java:449)
06-29 10:28:53.801  1600  2099 W Binder  : 	at com.android.server.am.ActivityStarter.startActivityLocked(ActivityStarter.java:278)
06-29 10:28:53.801  1600  2099 W Binder  : 	at com.android.server.am.ActivityStarter.startActivityMayWait(ActivityStarter.java:817)
06-29 10:28:53.801  1600  2099 W Binder  : 	at com.android.server.am.ActivityManagerService.startActivityAsUser(ActivityManagerService.java:4532)
06-29 10:28:53.801  1600  2099 W Binder  : 	at com.android.server.am.ActivityManagerService.startActivity(ActivityManagerService.java:4519)
06-29 10:28:53.801  1600  2099 W Binder  : 	at android.app.IActivityManager$Stub.onTransact(IActivityManager.java:121)
06-29 10:28:53.801  1600  2099 W Binder  : 	at com.android.server.am.ActivityManagerService.onTransact(ActivityManagerService.java:2919)
06-29 10:28:53.801  1600  2099 W Binder  : 	at android.os.Binder.execTransact(Binder.java:697)
06-29 10:28:53.807  1600  1678 D ConnectivityService: handleLingerComplete for NetworkAgentInfo [WIFI () - 101]
06-29 10:28:53.882  1600  2099 W ResourceType: ResTable_typeSpec entry count inconsistent: given 5115, previously 5124
06-29 10:28:53.882  1600  2099 W ResourceType: ResTable_typeSpec entry count inconsistent: given 142, previously 459
06-29 10:28:53.884  1600  2099 W ResourceType: For resource 0x7f0e00c0, entry index(192) is beyond type entryCount(142)
06-29 10:28:53.884  1600  2099 W ResourceType: For resource 0x7f0e00d1, entry index(209) is beyond type entryCount(142)
06-29 10:28:53.884  1600  2099 W ResourceType: For resource 0x7f0e00cb, entry index(203) is beyond type entryCount(142)
06-29 10:28:53.884  1600  2099 W ResourceType: For resource 0x7f0e014d, entry index(333) is beyond type entryCount(142)
06-29 10:28:53.884  1600  2099 W ResourceType: For resource 0x7f0e00dd, entry index(221) is beyond type entryCount(142)
06-29 10:28:53.884  1600  2099 W ResourceType: For resource 0x7f0e00e4, entry index(228) is beyond type entryCount(142)
06-29 10:28:54.055 11931 11931 I Monkey  : Events injected: 1
06-29 10:28:54.076  1474  1474 I Camera3-Device: disconnect: E
06-29 10:28:54.076  1474  1474 I CameraLatencyHistogram: ProcessCaptureRequest latency histogram (362) samples:
06-29 10:28:54.076  1474  1474 I CameraLatencyHistogram:        40     80    120    160    200    240    280    320    360    inf (max ms)
06-29 10:28:54.076  1474  1474 I CameraLatencyHistogram:      60.22   16.57   15.19   6.63   0.83   0.28   0.00   0.00   0.00   0.28 (%)
06-29 10:28:54.148 11831 11831 D         : HostConnection::get() New Host Connection established 0x8b17f300, tid 11831
06-29 10:28:54.149  1474  1474 I CameraLatencyHistogram: Stream 0 dequeueBuffer latency histogram (1) samples:
06-29 10:28:54.150  1474  1474 I CameraLatencyHistogram:         5     10     15     20     25     30     35     40     45    inf (max ms)
06-29 10:28:54.150  1474  1474 I CameraLatencyHistogram:      0.00   0.00   0.00   0.00   0.00   0.00   0.00   0.00   0.00   100.00 (%)
06-29 10:28:54.163  1474  1474 I CameraLatencyHistogram: Stream 1 dequeueBuffer latency histogram (362) samples:
06-29 10:28:54.163  1474  1474 I CameraLatencyHistogram:         5     10     15     20     25     30     35     40     45    inf (max ms)
06-29 10:28:54.163  1474  1474 I CameraLatencyHistogram:      92.82   3.59   0.00   0.55   0.28   0.55   0.28   0.28   0.28   1.38 (%)
06-29 10:28:54.163  1474  1474 I Camera3-Device: disconnect: X
06-29 10:28:54.164  1474  1474 I Camera3-Device: disconnect: E
06-29 10:28:54.174  1474  1474 I CameraService: disconnect: Disconnected client for camera 0 for PID 11831
06-29 10:28:54.196  1600  2003 I GnssLocationProvider: WakeLock acquired by sendMessage(SET_REQUEST, 0, com.android.server.location.GnssLocationProvider$GpsRequest@12279f0)
06-29 10:28:54.197  1600  1613 I GnssLocationProvider: WakeLock released by handleMessage(SET_REQUEST, 0, com.android.server.location.GnssLocationProvider$GpsRequest@12279f0)
06-29 10:28:54.201 11931 11931 I Monkey  : ## Network stats: elapsed time=396ms (0ms mobile, 0ms wifi, 396ms not connected)
06-29 10:28:54.202 11831 11849 W CAM2PORT_AndCamAgntImp: Releasing camera without any camera opened.
06-29 10:28:54.203 11831 11831 I CAM_Profiler: [310.891ms][ui] GUARD: CameraActivity.onPause - STOP
06-29 10:28:54.212 11931 11931 I com.android.commands.monkey: System.exit called, status: 0
06-29 10:28:54.212 11931 11931 I AndroidRuntime: VM exiting with result code 0.
06-29 10:28:54.261  1398  1434 D gralloc_ranchu: gralloc_alloc: Creating ashmem region of size 8298496
06-29 10:28:54.305  1600  2003 D         : HostConnection::get() New Host Connection established 0x890470c0, tid 2003
06-29 10:28:54.342  1408  1408 E EGL_emulation: tid 1408: eglCreateSyncKHR(1962): error 0x3004 (EGL_BAD_ATTRIBUTE)
06-29 10:28:54.368  1600  1615 W Looper  : Dispatch took 157ms on android.ui, h=Handler (com.android.server.am.ActivityManagerService$UiHandler) {bce2944} cb=null msg=31
06-29 10:28:54.372  1600  1613 E memtrack: Couldn't load memtrack module
06-29 10:28:54.372  1600  1613 W android.os.Debug: failed to get memory consumption info: -1
06-29 10:28:54.467  1600  3433 I zygote  : android::hardware::configstore::V1_0::ISurfaceFlingerConfigs::hasWideColorDisplay retrieved: 0
06-29 10:28:54.468  1600  3433 I OpenGLRenderer: Initialized EGL, version 1.4
06-29 10:28:54.468  1600  3433 D OpenGLRenderer: Swap behavior 1
06-29 10:28:54.500  1600  3433 W OpenGLRenderer: Failed to choose config with EGL_SWAP_BEHAVIOR_PRESERVED, retrying without...
06-29 10:28:54.501  1600  3433 D OpenGLRenderer: Swap behavior 0
06-29 10:28:54.510 11831 11865 D EGL_emulation: eglMakeCurrent: 0x9e3a1f80: ver 2 0 (tinfo 0xa619b8e0)
06-29 10:28:54.528  1600  3433 D EGL_emulation: eglCreateContext: 0x9e3fcde0: maj 2 min 0 rcv 2
06-29 10:28:54.541  1600  3433 D EGL_emulation: eglMakeCurrent: 0x9e3fcde0: ver 2 0 (tinfo 0x7e593e60)
06-29 10:28:54.690  1600  5171 I WifiService: acquireWifiLock uid=10014 lockMode=2
06-29 10:28:54.771  1704  1929 D EGL_emulation: eglMakeCurrent: 0x9e4046c0: ver 2 0 (tinfo 0x9e403690)
06-29 10:28:54.809  1704  1929 D EGL_emulation: eglMakeCurrent: 0x9e4046c0: ver 2 0 (tinfo 0x9e403690)
06-29 10:28:54.842  3472  3472 D InAppPurchaseHelper: Destroying helper.
06-29 10:28:54.862  1964  1964 I GeofencerStateMachine: sendNewLocationAvailability: availability=LocationAvailability[isLocationAvailable: true]
06-29 10:28:54.890  1704  1929 D EGL_emulation: eglMakeCurrent: 0x9e4046c0: ver 2 0 (tinfo 0x9e403690)
06-29 10:28:54.972  1704  1929 I chatty  : uid=10029(com.android.systemui) RenderThread identical 2 lines
06-29 10:28:55.030  1704  1929 D EGL_emulation: eglMakeCurrent: 0x9e4046c0: ver 2 0 (tinfo 0x9e403690)
06-29 10:28:55.057  3472  3472 D net.osmand: Enable sensor
06-29 10:28:55.171  1600  6200 I GnssLocationProvider: WakeLock acquired by sendMessage(SET_REQUEST, 0, com.android.server.location.GnssLocationProvider$GpsRequest@c22ee23)
06-29 10:28:55.220  3472  3472 W System.err: OnCreate for MapActivity took 377 ms
06-29 10:28:55.267  3472  3472 I Choreographer: Skipped 60 frames!  The application may be doing too much work on its main thread.
06-29 10:28:55.321  1398  1434 D gralloc_ranchu: gralloc_alloc: Creating ashmem region of size 8298496
06-29 10:28:55.324  3472  3472 W ResourceType: For resource 0x7f0e013b, entry index(315) is beyond type entryCount(142)
06-29 10:28:55.325  3472  3472 I chatty  : uid=10104(net.osmand) identical 3 lines
06-29 10:28:55.325  3472  3472 W ResourceType: For resource 0x7f0e013b, entry index(315) is beyond type entryCount(142)
06-29 10:28:55.372  1600  1613 I GnssLocationProvider: WakeLock released by handleMessage(SET_REQUEST, 0, com.android.server.location.GnssLocationProvider$GpsRequest@c22ee23)
06-29 10:28:55.442  3472  3472 W ResourceType: For resource 0x7f0e013b, entry index(315) is beyond type entryCount(142)
06-29 10:28:55.473  3472  3472 I chatty  : uid=10104(net.osmand) identical 33 lines
06-29 10:28:55.473  3472  3472 W ResourceType: For resource 0x7f0e013b, entry index(315) is beyond type entryCount(142)
06-29 10:28:55.490  1600  4486 I WifiService: releaseWifiLock uid=10014
06-29 10:28:55.516  1704  1723 I zygote  : NativeAlloc concurrent copying GC freed 61279(2MB) AllocSpace objects, 0(0B) LOS objects, 47% free, 6MB/12MB, paused 31.447ms total 873.925ms
06-29 10:28:55.583  1600  1600 I GnssLocationProvider: WakeLock acquired by sendMessage(SUBSCRIPTION_OR_SIM_CHANGED, 0, null)
06-29 10:28:55.602  1833  1833 D MccTable: updateMccMncConfiguration mccmnc='null' fromServiceState=true
06-29 10:28:55.602  1833  1833 D MccTable: WIFI_COUNTRY_CODE set to 
06-29 10:28:55.609  1600  4486 I WifiService: WifiService trying to set country code to  with persist set to false
06-29 10:28:55.611  1600  4486 I WifiService: setCountryCode uid=1001
06-29 10:28:55.616  1600  1613 E GnssLocationProvider: no AGPS interface in set_agps_server
06-29 10:28:55.617  1600  1613 I GnssLocationProvider: WakeLock released by handleMessage(SUBSCRIPTION_OR_SIM_CHANGED, 0, null)
06-29 10:28:55.633  1833  1833 D ServiceStateProvider: subId=1
06-29 10:28:55.634  1964  1964 I GeofencerStateMachine: sendNewLocationAvailability: availability=LocationAvailability[isLocationAvailable: true]
06-29 10:28:55.670  1600  1600 I Telecom : CallLogManager: Country ISO changed. Retrieving new ISO...: CLM.oCD@AjU
06-29 10:28:55.689  1833  1833 I Telephony: PstnIncomingCallNotifier: Unregistering: Handler (com.android.internal.telephony.GsmCdmaPhone) {6a68867}
06-29 10:28:55.703  3472  3472 W ResourceType: For resource 0x7f0e013b, entry index(315) is beyond type entryCount(142)
06-29 10:28:55.719  3472  3472 I chatty  : uid=10104(net.osmand) identical 28 lines
06-29 10:28:55.719  3472  3472 W ResourceType: For resource 0x7f0e013b, entry index(315) is beyond type entryCount(142)
06-29 10:28:55.728  1600  7254 I WifiService: acquireWifiLock uid=10014 lockMode=2
06-29 10:28:55.731  1408  1423 E SurfaceFlinger: Permission Denial: can't openGlobalTransaction pid=3472, uid<=10104
06-29 10:28:55.731  3472  3472 E BpSurfaceComposerClient: Failed to transact (-1)
06-29 10:28:55.740  1408  1423 E SurfaceFlinger: Permission Denial: can't openGlobalTransaction pid=3472, uid<=10104
06-29 10:28:55.741  3472  3472 E BpSurfaceComposerClient: Failed to transact (-1)
06-29 10:28:55.766  3472  3540 D EGL_emulation: eglMakeCurrent: 0x9e4043c0: ver 2 0 (tinfo 0x9e403290)
06-29 10:28:55.768  3472  3496 I net.osmand: MapRenderRepositories RENDER MAP: update due to tile box
06-29 10:28:55.769  3472  3496 I net.osmand: MapRenderRepositories RENDER MAP: Interrupt rendering map
06-29 10:28:55.792  1398  1434 D gralloc_ranchu: gralloc_alloc: Creating ashmem region of size 8298496
06-29 10:28:55.794  1600  7254 I Telecom : PhoneAccountRegistrar: Modify account: [ComponentInfo{com.android.phone/com.android.services.telephony.TelephonyConnectionService}, [****], UserHandle{0}(lbl:  -> Android)(desc:  -> Android)]: TSI.rPA@AjY
06-29 10:28:55.849  1833  1833 I Telephony: AccountEntry: Registered phoneAccount: [[ ] PhoneAccount: ComponentInfo{com.android.phone/com.android.services.telephony.TelephonyConnectionService}, [****], UserHandle{0} Capabilities: CallProvider MultiUser PlaceEmerg SimSub  Audio Routes: BESW Schemes: tel voicemail  Extras: Bundle[{android.telecom.extra.SUPPORTS_VIDEO_CALLING_FALLBACK=true}] GroupId: [****]] with handle: ComponentInfo{com.android.phone/com.android.services.telephony.TelephonyConnectionService}, [****], UserHandle{0}
06-29 10:28:55.850  1833  1833 I Telephony: PstnIncomingCallNotifier: Registering: Handler (com.android.internal.telephony.GsmCdmaPhone) {6a68867}
06-29 10:28:55.858  3472  3472 D net.osmand: RoutingHelper Processed point bearing deltas : 177.45728302001953 0.23363494873046875
06-29 10:28:55.913  1600  1678 I WifiService: getConnectionInfo uid=1000
06-29 10:28:55.916  1833  1833 D TelephonyProvider: subIdString = 1 subId = 1
06-29 10:28:56.014  1833  1833 D TelephonyProvider: subIdString = 1 subId = 1
06-29 10:28:56.022  1600  1671 D RecurrenceRule: Resolving using anchor 2019-06-29T14:28:56.022Z[GMT]
06-29 10:28:56.026  1600  1671 D RecurrenceRule: Resolving using anchor 2019-06-29T14:28:56.026Z[GMT]
06-29 10:28:56.046  1600  1671 D RecurrenceRule: Cycle 17 from 2019-06-09T00:00Z[GMT] to 2019-07-09T00:00Z[GMT]
06-29 10:28:56.047  1600  1671 D NetworkStats: Resolving plan for NetworkTemplate: matchRule=MOBILE_ALL, subscriberId=310260..., matchSubscriberIds=[310260...]
06-29 10:28:56.056  1833  1833 D TelephonyProvider: subIdString = 1 subId = 1
06-29 10:28:56.058  1600  1671 D NetworkStats: Found active matching subId 1
06-29 10:28:56.075  1833  1833 D TelephonyProvider: subIdString = 1 subId = 1
06-29 10:28:56.123  3472  3496 I net.osmand: MapRenderRepositories RENDER MAP: update due to tile box
06-29 10:28:56.123  3472  3496 I net.osmand: MapRenderRepositories RENDER MAP: Interrupt rendering map
06-29 10:28:56.133  3472  3495 I net.osmand: MapRenderRepositories RENDER MAP: new request RotatedTileBox [lat=-7.226720210588435, lon=-35.899513859604035, rotate=0.0, density=2.625, zoom=17, mapDensity=3.9375, zoomAnimation=0.0, zoomFloatPart=0.0, cx=900, cy=1972, pixWidth=1800, pixHeight=2690]
06-29 10:28:56.162  1398  1434 D gralloc_ranchu: gralloc_alloc: Creating ashmem region of size 3878912
06-29 10:28:56.165  1600  1671 D NetworkStats: Resolved to plan null
06-29 10:28:56.175  1833  1833 D TelephonyProvider: subIdString = 1 subId = 1
06-29 10:28:56.233  1833  1833 I Telephony: PstnPhoneCapabilitiesNotifier: handleVideoCapabilitesChanged. Video capability - false
06-29 10:28:56.215  1833  1833 I chatty  : uid=1001(radio) com.android.phone identical 3 lines
06-29 10:28:56.225  1833  1833 D TelephonyProvider: subIdString = 1 subId = 1
06-29 10:28:56.243  1398  1434 D gralloc_ranchu: gralloc_alloc: Creating ashmem region of size 3878912
06-29 10:28:56.287  1600  4486 I Telecom : PhoneAccountRegistrar: Modify account: [ComponentInfo{com.android.phone/com.android.services.telephony.TelephonyConnectionService}, [****], UserHandle{0}]: TSI.rPA@Ajs
06-29 10:28:56.370  1398  1434 D gralloc_ranchu: gralloc_alloc: Creating ashmem region of size 8298496
06-29 10:28:56.482  1398  1434 D gralloc_ranchu: gralloc_alloc: Creating ashmem region of size 3878912
06-29 10:28:56.521  3472  3495 I net.osmand:native: Route objects 74
06-29 10:28:56.521  3472  3495 I net.osmand:native: Ocean: no completed & incompleted coastlines 0
06-29 10:28:56.521  3472  3495 I net.osmand:native: Detailed coastlines = 0, basemap coastlines 0, ocean tile 0.000000. Detailed added 0, basemap processed 1, basemap added 0.
06-29 10:28:56.521  3472  3495 I net.osmand:native: Search : tree - read( 500), accept( 42), objs - visit( 2717), accept(105), in result(74) 
06-29 10:28:56.524  3472  3495 I net.osmand: MapRenderRepositories BLat=-7.229017829895019, TLat=-7.221032524108887, LLong=-35.90196990966797, RLong=-35.897064208984375, zoom=17
06-29 10:28:56.524  3472  3495 I net.osmand: MapRenderRepositories Native search: 391 ms 
06-29 10:28:56.549  3472  3495 I net.osmand:native: Creating SkBitmap in native w:1800 h:2690 s:7200 f:1!
06-29 10:28:56.551  3472  3495 I net.osmand:native: Row bytes for RGBA_8888 is 7200
06-29 10:28:56.551  3472  3495 I net.osmand:native: Locked 19368000 bytes at 0x78300000
06-29 10:28:56.551  3472  3495 I net.osmand:native: Initializing rendering
06-29 10:28:56.554  3472  3495 I net.osmand:native: Rendering image
06-29 10:28:56.711  1600  1609 I zygote  : NativeAlloc concurrent copying GC freed 45608(2MB) AllocSpace objects, 13(644KB) LOS objects, 27% free, 15MB/21MB, paused 2.441ms total 2.346s
06-29 10:28:57.154  3472  3495 I net.osmand:native: Native ok (rendering 0, text 240 ms) 
06-29 10:28:57.154  3472  3495 I net.osmand:native:  (2332 points, 329 points inside, 135 of 161 objects visible)
06-29 10:28:57.158  3472  3495 I net.osmand:native: End Rendering image
06-29 10:28:57.158  3472  3495 I net.osmand:native: Native ok (init 3, rendering 0) 
06-29 10:28:57.159  3472  3495 I net.osmand: MapRenderRepositories true
06-29 10:28:57.185  1833  1838 I zygote  : Do full code cache collection, code=121KB, data=126KB
06-29 10:28:57.186  1833  1838 I zygote  : After code cache collection, code=94KB, data=79KB
06-29 10:28:57.279  3472  3482 I zygote  : Background concurrent copying GC freed 142904(6MB) AllocSpace objects, 25(532KB) LOS objects, 25% free, 17MB/23MB, paused 2.025ms total 2.198s
06-29 10:28:57.359  1964 11911 E WakeLock: GCM_HB_ALARM release without a matched acquire!
06-29 10:28:57.360  1964 11911 W WakeLock: GCM_HB_ALARM counter does not exist
06-29 10:28:57.373  1600  1609 I zygote  : NativeAlloc concurrent copying GC freed 30037(1678KB) AllocSpace objects, 15(748KB) LOS objects, 29% free, 14MB/20MB, paused 2.828ms total 575.571ms
06-29 10:28:58.073  1964  5333 I GeofencerStateMachine: addGeofences called by com.google.android.apps.maps
06-29 10:28:58.076  1600 11940 D NetworkMonitor/NetworkAgentInfo [WIFI () - 101]: PROBE_HTTP http://connectivitycheck.gstatic.com/generate_204 time=7471ms ret=204 request={User-Agent=[Mozilla/5.0 (X11; Linux x86_64) AppleWebKit/537.36 (KHTML, like Gecko) Chrome/60.0.3112.32 Safari/537.36]} headers={null=[HTTP/1.1 204 No Content], Content-Length=[0], Date=[Sat, 29 Jun 2019 14:28:57 GMT], X-Android-Received-Millis=[1561818538075], X-Android-Response-Source=[NETWORK 204], X-Android-Selected-Protocol=[http/1.1], X-Android-Sent-Millis=[1561818538001]}
06-29 10:28:58.121  1964 11963 W WakeLock: GCM_CONN_ALARM counter does not exist
06-29 10:28:58.154  1600  4486 I GnssLocationProvider: WakeLock acquired by sendMessage(SET_REQUEST, 0, com.android.server.location.GnssLocationProvider$GpsRequest@15fc48b)
06-29 10:28:58.155  1600  1613 I GnssLocationProvider: WakeLock released by handleMessage(SET_REQUEST, 0, com.android.server.location.GnssLocationProvider$GpsRequest@15fc48b)
06-29 10:28:58.206  1964  1978 I zygote  : Background concurrent copying GC freed 140686(6MB) AllocSpace objects, 13(1024KB) LOS objects, 39% free, 9MB/15MB, paused 1.214ms total 199.834ms
06-29 10:28:58.348  1600  6200 I GnssLocationProvider: WakeLock acquired by sendMessage(SET_REQUEST, 0, com.android.server.location.GnssLocationProvider$GpsRequest@6555181)
06-29 10:28:58.350  1600  1613 I GnssLocationProvider: WakeLock released by handleMessage(SET_REQUEST, 0, com.android.server.location.GnssLocationProvider$GpsRequest@6555181)
06-29 10:28:58.362  1600  5171 I WifiService: getWifiEnabledState uid=10062
06-29 10:28:58.629  1964  1964 I GeofencerStateMachine: sendNewLocationAvailability: availability=LocationAvailability[isLocationAvailable: true]
06-29 10:28:58.652  1964  1964 I GeofencerStateMachine: sendNewLocationAvailability: availability=LocationAvailability[isLocationAvailable: true]
06-29 10:28:58.739  1964  2470 W ResourceType: ResTable_typeSpec entry count inconsistent: given 15, previously 22
06-29 10:28:58.772  1600  2003 D WificondControl: Scan result ready event
06-29 10:28:58.885  1600  6200 I WifiService: releaseWifiLock uid=10014
06-29 10:28:58.904  1600  3204 D NetworkMonitor/NetworkAgentInfo [WIFI () - 101]: PROBE_FALLBACK http://play.googleapis.com/generate_204 time=15564ms ret=204 request={User-Agent=[Mozilla/5.0 (X11; Linux x86_64) AppleWebKit/537.36 (KHTML, like Gecko) Chrome/60.0.3112.32 Safari/537.36]} headers={null=[HTTP/1.1 204 No Content], Content-Length=[0], Date=[Sat, 29 Jun 2019 14:28:58 GMT], X-Android-Received-Millis=[1561818538903], X-Android-Response-Source=[NETWORK 204], X-Android-Selected-Protocol=[http/1.1], X-Android-Sent-Millis=[1561818538828]}
06-29 10:28:58.905  1600  1678 D ConnectivityService: NetworkAgentInfo [WIFI () - 101] validation failed
06-29 10:28:58.906  1600  1674 D WifiStateMachine: NETWORK_STATUS_UNWANTED_VALIDATION_FAILED
06-29 10:28:59.807  3472  3472 D net.osmand: RoutingHelper Processed point bearing deltas : 176.60667037963867 0.44073486328125
06-29 10:29:01.502  1474  1474 I Camera2ClientBase: Closed Camera 0. Client was: com.android.camera2 (PID 11831, UID 10039)
06-29 10:29:02.921  1600 11968 D NetworkMonitor/NetworkAgentInfo [WIFI () - 101]: PROBE_DNS www.google.com 7ms OK 172.217.28.228,2800:3f0:4001:801::2004
06-29 10:29:02.932  1600 11969 D NetworkMonitor/NetworkAgentInfo [WIFI () - 101]: PROBE_DNS connectivitycheck.gstatic.com 15ms OK 172.217.172.131,2800:3f0:4001:81a::2003
06-29 10:29:03.005  1600 11969 D NetworkMonitor/NetworkAgentInfo [WIFI () - 101]: PROBE_HTTP http://connectivitycheck.gstatic.com/generate_204 time=70ms ret=204 request={User-Agent=[Mozilla/5.0 (X11; Linux x86_64) AppleWebKit/537.36 (KHTML, like Gecko) Chrome/60.0.3112.32 Safari/537.36]} headers={null=[HTTP/1.1 204 No Content], Content-Length=[0], Date=[Sat, 29 Jun 2019 14:29:02 GMT], X-Android-Received-Millis=[1561818543004], X-Android-Response-Source=[NETWORK 204], X-Android-Selected-Protocol=[http/1.1], X-Android-Sent-Millis=[1561818542935]}
06-29 10:29:03.139  1600 11968 D NetworkMonitor/NetworkAgentInfo [WIFI () - 101]: PROBE_HTTPS https://www.google.com/generate_204 time=215ms ret=204 request={User-Agent=[Mozilla/5.0 (X11; Linux x86_64) AppleWebKit/537.36 (KHTML, like Gecko) Chrome/60.0.3112.32 Safari/537.36]} headers={null=[HTTP/1.1 204 No Content], Alt-Svc=[quic=":443"; ma=2592000; v="46,44,43,39"], Content-Length=[0], Date=[Sat, 29 Jun 2019 14:29:02 GMT], X-Android-Received-Millis=[1561818543138], X-Android-Response-Source=[NETWORK 204], X-Android-Selected-Protocol=[http/1.1], X-Android-Sent-Millis=[1561818543068]}
06-29 10:29:03.141  1600  1678 D ConnectivityService: NetworkAgentInfo [WIFI () - 101] validation passed
06-29 10:29:03.143  1600  1678 D ConnectivityService: Switching to new default network: NetworkAgentInfo{ ni{[type: WIFI[], state: CONNECTED/CONNECTED, reason: (unspecified), extra: "AndroidWifi", failover: false, available: true, roaming: false]}  network{101}  nethandle{433808132830}  lp{{InterfaceName: wlan0 LinkAddresses: [fe80::ff:fe44:5566/64,192.168.232.2/21,fec0::ff:fe44:5566/64,fec0::7874:a8bd:4205:7510/64,]  Routes: [fe80::/64 -> :: wlan0,::/0 -> fe80::ff:fe00:100 wlan0,fec0::/64 -> :: wlan0,192.168.232.0/21 -> 0.0.0.0 wlan0,0.0.0.0/0 -> 192.168.232.1 wlan0,] DnsAddresses: [10.0.2.3,] Domains: null MTU: 0 TcpBufferSizes: 524288,1048576,2097152,262144,524288,1048576}}  nc{[ Transports: WIFI Capabilities: NOT_METERED&INTERNET&NOT_RESTRICTED&TRUSTED&NOT_VPN&VALIDATED&FOREGROUND LinkUpBandwidth>=1048576Kbps LinkDnBandwidth>=1048576Kbps SignalStrength: -50]}  Score{60}  everValidated{true}  lastValidated{true}  created{true} lingering{false} explicitlySelected{false} acceptUnvalidated{false} everCaptivePortalDetected{false} lastCaptivePortalDetected{false} clat{null} }
06-29 10:29:03.151  1696  1901 I DeviceStatusMonitor: NetworkCallback#onAvailable(): 101
06-29 10:29:03.156  1696  1696 I DeviceStatusMonitor: getCurrentNetworkState(): activeNetwork = 101,  newState = NON_METERED
06-29 10:29:03.159  1696 11904 I NetworkInfo: onNetworkAvailable: networkState = NON_METERED
06-29 10:29:03.161  1600  1820 D NetworkTimeUpdateService: New default network 101; checking time.
06-29 10:29:03.163  1696  1696 I HWRSuperpacksManager: onNetworkAvailable
06-29 10:29:03.164  1696  1696 I NetworkInfo: onNetworkAvailable: networkState = NON_METERED
06-29 10:29:03.167  1600  1678 D ConnectivityService: Lingering NetworkAgentInfo [MOBILE (LTE) - 100] for 30000ms
06-29 10:29:03.179  1600  1678 D ConnectivityService: Sending DISCONNECTED broadcast for type 0 NetworkAgentInfo [MOBILE (LTE) - 100] isDefaultNetwork=true
06-29 10:29:03.201  1600  1678 D ConnectivityService: Sending CONNECTED broadcast for type 1 NetworkAgentInfo [WIFI () - 101] isDefaultNetwork=true
06-29 10:29:03.164  1696  1696 I NetworkInfo: onNetworkAvailable: networkState = NON_METERED
06-29 10:29:03.265  1600  1671 I WifiService: getConnectionInfo uid=1000
06-29 10:29:03.297  1600  1671 D RecurrenceRule: Resolving using anchor 2019-06-29T14:29:03.296Z[GMT]
06-29 10:29:03.304  1600  1671 D RecurrenceRule: Resolving using anchor 2019-06-29T14:29:03.303Z[GMT]
06-29 10:29:03.317  1600  1671 D RecurrenceRule: Cycle 17 from 2019-06-09T00:00Z[GMT] to 2019-07-09T00:00Z[GMT]
06-29 10:29:03.326  1600  1671 D NetworkStats: Resolving plan for NetworkTemplate: matchRule=MOBILE_ALL, subscriberId=310260..., matchSubscriberIds=[310260...]
06-29 10:29:03.333  1600  1671 D NetworkStats: Found active matching subId 1
06-29 10:29:03.364  1600  1671 D NetworkStats: Resolved to plan null
06-29 10:29:03.369  1600  6200 I WifiService: getConnectionInfo uid=10014
06-29 10:29:03.381  2175 10587 I PinnedContentDownloader: Finished downloading pinned content.
06-29 10:29:03.386  1600  1610 I WifiService: getConnectionInfo uid=10014
06-29 10:29:03.426  1600  1671 I WifiService: getConnectionInfo uid=1000
06-29 10:29:03.436  1600  1671 D RecurrenceRule: Resolving using anchor 2019-06-29T14:29:03.436Z[GMT]
06-29 10:29:03.451  1600  1671 D RecurrenceRule: Resolving using anchor 2019-06-29T14:29:03.451Z[GMT]
06-29 10:29:03.454  1600  1671 D RecurrenceRule: Cycle 17 from 2019-06-09T00:00Z[GMT] to 2019-07-09T00:00Z[GMT]
06-29 10:29:03.455  1600  1671 D NetworkStats: Resolving plan for NetworkTemplate: matchRule=MOBILE_ALL, subscriberId=310260..., matchSubscriberIds=[310260...]
06-29 10:29:03.469  1964 11972 E WakeLock: GCM_HB_ALARM release without a matched acquire!
06-29 10:29:03.469  1964 11972 W WakeLock: GCM_HB_ALARM counter does not exist
06-29 10:29:03.471  1600  1671 D NetworkStats: Found active matching subId 1
06-29 10:29:03.483  1600  1671 D NetworkStats: Resolved to plan null
06-29 10:29:03.486  1600  5171 I WifiService: getConnectionInfo uid=10014
06-29 10:29:03.495  1600  2206 I WifiService: getConnectionInfo uid=10032
06-29 10:29:03.500  1600  5171 I WifiService: getConnectionInfo uid=10014
06-29 10:29:03.526  1600  1678 D ConnectivityService: reportNetworkConnectivity(101, false) by 10014
06-29 10:29:03.527  1600  3204 D NetworkMonitor/NetworkAgentInfo [WIFI () - 101]: Forcing reevaluation for UID 10014
06-29 10:29:03.532  2923  2923 I Finsky  : [2] khj.a(267): Installer: found apps to install. apps=[]
06-29 10:29:03.548  1964 11972 W WakeLock: GCM_CONN_ALARM counter does not exist
06-29 10:29:03.557  2923  2923 I Finsky  : [2] khj.a(267): Installer: found apps to install. apps=[]
06-29 10:29:03.565  1600 11974 D NetworkMonitor/NetworkAgentInfo [WIFI () - 101]: PROBE_DNS connectivitycheck.gstatic.com 1ms OK 172.217.172.131,2800:3f0:4001:81a::2003
06-29 10:29:03.582  1600 11973 D NetworkMonitor/NetworkAgentInfo [WIFI () - 101]: PROBE_DNS www.google.com 0ms OK 172.217.28.228,2800:3f0:4001:801::2004
06-29 10:29:03.638  1600 11974 D NetworkMonitor/NetworkAgentInfo [WIFI () - 101]: PROBE_HTTP http://connectivitycheck.gstatic.com/generate_204 time=72ms ret=204 request={User-Agent=[Mozilla/5.0 (X11; Linux x86_64) AppleWebKit/537.36 (KHTML, like Gecko) Chrome/60.0.3112.32 Safari/537.36]} headers={null=[HTTP/1.1 204 No Content], Content-Length=[0], Date=[Sat, 29 Jun 2019 14:29:03 GMT], X-Android-Received-Millis=[1561818543638], X-Android-Response-Source=[NETWORK 204], X-Android-Selected-Protocol=[http/1.1], X-Android-Sent-Millis=[1561818543567]}
06-29 10:29:03.655  1600 11973 D NetworkMonitor/NetworkAgentInfo [WIFI () - 101]: PROBE_HTTPS https://www.google.com/generate_204 time=71ms ret=204 request={User-Agent=[Mozilla/5.0 (X11; Linux x86_64) AppleWebKit/537.36 (KHTML, like Gecko) Chrome/60.0.3112.32 Safari/537.36]} headers={null=[HTTP/1.1 204 No Content], Alt-Svc=[quic=":443"; ma=2592000; v="46,44,43,39"], Content-Length=[0], Date=[Sat, 29 Jun 2019 14:29:03 GMT], X-Android-Received-Millis=[1561818543654], X-Android-Response-Source=[NETWORK 204], X-Android-Selected-Protocol=[http/1.1], X-Android-Sent-Millis=[1561818543584]}
06-29 10:29:03.658  1600  1678 D ConnectivityService: NetworkAgentInfo [WIFI () - 101] validation passed
06-29 10:29:06.163  3472  3472 D net.osmand: RoutingHelper Processed point bearing deltas : 6.7776031494140625 2.7812118530273438
06-29 10:29:07.482  3472  3496 I net.osmand: MapRenderRepositories RENDER MAP: update due to tile box
06-29 10:29:07.482  3472  3496 I net.osmand: MapRenderRepositories RENDER MAP: Interrupt rendering map
06-29 10:29:07.687  3472  3495 I net.osmand: MapRenderRepositories RENDER MAP: new request RotatedTileBox [lat=-7.227174242853981, lon=-35.900543028612184, rotate=0.0, density=2.625, zoom=17, mapDensity=3.9375, zoomAnimation=0.0, zoomFloatPart=0.0, cx=900, cy=1972, pixWidth=1800, pixHeight=2690]
06-29 10:29:07.732  3472  3495 I net.osmand:native: Route objects 81
06-29 10:29:07.733  3472  3495 I net.osmand:native: Ocean: no completed & incompleted coastlines 0
06-29 10:29:07.733  3472  3495 I net.osmand:native: Detailed coastlines = 0, basemap coastlines 0, ocean tile 0.000000. Detailed added 0, basemap processed 1, basemap added 0.
06-29 10:29:07.733  3472  3495 I net.osmand:native: Search : tree - read( 500), accept( 45), objs - visit( 2837), accept(112), in result(81) 
06-29 10:29:07.734  3472  3495 I net.osmand: MapRenderRepositories BLat=-7.229487133026123, TLat=-7.221478748321533, LLong=-35.90299987792969, RLong=-35.898094177246094, zoom=17
06-29 10:29:07.734  3472  3495 I net.osmand: MapRenderRepositories Native search: 47 ms 
