--------- beginning of main
06-29 10:56:58.091  3472  3482 I zygote  : Background concurrent copying GC freed 320175(7MB) AllocSpace objects, 0(0B) LOS objects, 21% free, 21MB/27MB, paused 1.369ms total 341.056ms
06-29 10:56:59.898  3472  3482 I zygote  : Background concurrent copying GC freed 293074(6MB) AllocSpace objects, 0(0B) LOS objects, 22% free, 20MB/26MB, paused 1.582ms total 367.637ms
06-29 10:57:00.099  1964  1964 I GeofencerStateMachine: sendNewTransitions called.
--------- beginning of system
06-29 10:57:01.740  1600  4486 I ActivityManager: START u0 {act=android.intent.action.MAIN cat=[android.intent.category.HOME] flg=0x10000000 cmp=com.google.android.apps.nexuslauncher/.NexusLauncherActivity} from uid 2000
06-29 10:57:01.817  1600  1613 E memtrack: Couldn't load memtrack module
06-29 10:57:01.817  1600  1613 W android.os.Debug: failed to get memory consumption info: -1
06-29 10:57:01.851  1600  2662 I GnssLocationProvider: WakeLock acquired by sendMessage(SET_REQUEST, 0, com.android.server.location.GnssLocationProvider$GpsRequest@fc37512)
06-29 10:57:01.855  1398  1398 D gralloc_ranchu: gralloc_alloc: Creating ashmem region of size 8298496
06-29 10:57:01.888  3472  3472 D net.osmand: Disable sensor
06-29 10:57:01.936  1398  1398 D gralloc_ranchu: gralloc_alloc: Creating ashmem region of size 8298496
06-29 10:57:02.000  1398  1434 D gralloc_ranchu: gralloc_alloc: Creating ashmem region of size 8298496
06-29 10:57:02.005  3472  3472 I net.osmand: MapRenderRepositories RENDER MAP: Interrupt rendering map
06-29 10:57:02.011  1408  1408 D SurfaceFlinger: duplicate layer name: changing com.google.android.apps.nexuslauncher/com.google.android.apps.nexuslauncher.NexusLauncherActivity to com.google.android.apps.nexuslauncher/com.google.android.apps.nexuslauncher.NexusLauncherActivity#1
06-29 10:57:02.034  1398  1435 D gralloc_ranchu: gralloc_alloc: Creating ashmem region of size 8298496
06-29 10:57:02.092  3472  3540 D EGL_emulation: eglMakeCurrent: 0x9e4043c0: ver 2 0 (tinfo 0x9e403290)
06-29 10:57:02.178  1408  1462 E IPCThreadState: binder thread pool (4 threads) starved for 132 ms
06-29 10:57:02.180  1398  1434 D gralloc_ranchu: gralloc_alloc: Creating ashmem region of size 8298496
06-29 10:57:02.246  1398  1435 D gralloc_ranchu: gralloc_alloc: Creating ashmem region of size 8298496
06-29 10:57:02.366  1398  1435 D gralloc_ranchu: gralloc_alloc: Creating ashmem region of size 8298496
06-29 10:57:02.418  2629  2884 D EGL_emulation: eglMakeCurrent: 0xa61b6ce0: ver 2 0 (tinfo 0xa619b690)
06-29 10:57:02.421  1964  1964 I GeofencerStateMachine: sendNewLocationAvailability: availability=LocationAvailability[isLocationAvailable: true]
06-29 10:57:02.443  1398  1435 D gralloc_ranchu: gralloc_alloc: Creating ashmem region of size 8298496
06-29 10:57:02.474  1398  1435 D gralloc_ranchu: gralloc_alloc: Creating ashmem region of size 8298496
06-29 10:57:02.528  2629  2629 W ThreadPoolDumper: Queue length for executor EventBus is now 11. Perhaps some tasks are too long, or the pool is too small.
06-29 10:57:02.545  2118  2184 D EGL_emulation: eglMakeCurrent: 0x8b867100: ver 2 0 (tinfo 0x8b8707f0)
06-29 10:57:02.589  1704  1704 I zygote  : IncrementDisableThreadFlip blocked for 17.313ms
06-29 10:57:02.597  1398  1435 D gralloc_ranchu: gralloc_alloc: Creating ashmem region of size 8298496
06-29 10:57:02.618  2629  2890 W SessionLifecycleManager: Handover failed. Creating new session controller.
06-29 10:57:02.788  1398  1435 D gralloc_ranchu: gralloc_alloc: Creating ashmem region of size 8298496
06-29 10:57:02.824  1600  1613 I GnssLocationProvider: WakeLock released by handleMessage(SET_REQUEST, 0, com.android.server.location.GnssLocationProvider$GpsRequest@fc37512)
06-29 10:57:02.846  1704  1704 D EGL_emulation: eglCreateContext: 0x87f7e940: maj 2 min 0 rcv 2
06-29 10:57:02.877  1704  1704 D EGL_emulation: eglMakeCurrent: 0x87f7e940: ver 2 0 (tinfo 0x8999d150)
06-29 10:57:02.898  1398  1435 D gralloc_ranchu: gralloc_alloc: Creating ashmem region of size 8298496
06-29 10:57:02.903  1398  1434 D gralloc_ranchu: gralloc_alloc: Creating ashmem region of size 8298496
06-29 10:57:02.961  1408  1408 E EGL_emulation: tid 1408: eglCreateSyncKHR(1962): error 0x3004 (EGL_BAD_ATTRIBUTE)
06-29 10:57:02.982  1704  1704 D EGL_emulation: eglMakeCurrent: 0x87f7e940: ver 2 0 (tinfo 0x8999d150)
06-29 10:57:03.109  1398  1434 D gralloc_ranchu: gralloc_alloc: Creating ashmem region of size 8298496
06-29 10:57:03.110  2118  2184 W OpenGLRenderer: Incorrectly called buildLayer on View: ShortcutAndWidgetContainer, destroying layer...
06-29 10:57:03.111  2118  2184 W OpenGLRenderer: Incorrectly called buildLayer on View: ShortcutAndWidgetContainer, destroying layer...
06-29 10:57:03.200  3472 15267 E FA      : Task exception on worker thread: java.lang.IllegalAccessError: Method 'void android.support.v4.content.ContextCompat.<init>()' is inaccessible to class 'com.google.firebase.iid.zzg' (declaration of 'com.google.firebase.iid.zzg' appears in /data/app/net.osmand-3e2027wrPNiMXbTSfYMHIA==/base.apk): com.google.android.gms.measurement.internal.zzt.zzEd(Unknown Source:3)
06-29 10:57:03.239  2118  2126 I zygote  : NativeAlloc concurrent copying GC freed 10814(536KB) AllocSpace objects, 2(104KB) LOS objects, 49% free, 4MB/9MB, paused 94.461ms total 985.256ms
06-29 10:57:03.254  1704  1704 D EGL_emulation: eglCreateContext: 0x87f7e940: maj 2 min 0 rcv 2
06-29 10:57:03.266  1704  1704 D EGL_emulation: eglMakeCurrent: 0x87f7e940: ver 2 0 (tinfo 0x8999d150)
06-29 10:57:03.283  1398  1434 D gralloc_ranchu: gralloc_alloc: Creating ashmem region of size 9547776
06-29 10:57:03.321  1600  7254 I WifiService: getWifiEnabledState uid=10032
06-29 10:57:03.353  1704  1704 D EGL_emulation: eglMakeCurrent: 0x87f7e940: ver 2 0 (tinfo 0x8999d150)
06-29 10:57:03.471  1600  7254 I WifiService: getWifiEnabledState uid=10032
06-29 10:57:03.480  1704  1723 I zygote  : NativeAlloc concurrent copying GC freed 59696(2MB) AllocSpace objects, 0(0B) LOS objects, 44% free, 7MB/13MB, paused 5.432ms total 912.266ms
06-29 10:57:03.491  2629 15049 W LocationOracle: No location history returned by ContextManager
06-29 10:57:03.498  1398  1434 D gralloc_ranchu: gralloc_alloc: Creating ashmem region of size 9547776
06-29 10:57:03.583  1704  1704 I Choreographer: Skipped 46 frames!  The application may be doing too much work on its main thread.
06-29 10:57:03.726  1704  1929 D EGL_emulation: eglMakeCurrent: 0x9e4046c0: ver 2 0 (tinfo 0x9e403690)
06-29 10:57:04.029  1964  1964 I GeofencerStateMachine: removeGeofences: removeRequest=RemoveGeofencingRequest[REMOVE_BY_PENDING_INTENT pendingIntent=PendingIntent[creatorPackage=com.google.android.gms], packageName=com.google.android.gms]
06-29 10:57:04.033  1964  1964 I chatty  : uid=10014 com.google.android.gms.persistent identical 1 line
06-29 10:57:04.113  1964  1964 I GeofencerStateMachine: removeGeofences: removeRequest=RemoveGeofencingRequest[REMOVE_BY_PENDING_INTENT pendingIntent=PendingIntent[creatorPackage=com.google.android.gms], packageName=com.google.android.gms]
06-29 10:57:04.186  1704  1723 I zygote  : NativeAlloc concurrent copying GC freed 5067(340KB) AllocSpace objects, 0(0B) LOS objects, 44% free, 7MB/13MB, paused 2.484ms total 421.086ms
06-29 10:57:04.194  1704  1929 D EGL_emulation: eglMakeCurrent: 0x9e4046c0: ver 2 0 (tinfo 0x9e403690)
06-29 10:57:04.301  3472  3482 I zygote  : Background concurrent copying GC freed 252171(5MB) AllocSpace objects, 8(416KB) LOS objects, 22% free, 20MB/26MB, paused 2.181ms total 976.394ms
06-29 10:57:04.302  1964 15253 W ctxmgr  : [AclManager] No 3 for (accnt=account#1066226748#, com.google.android.gms(10014):UserVelocityProducer, vrsn=17785022, 0, 3pPkg = null ,  3pMdlId = null ,  pid = 1964). Was: 2 for 1, account#1066226748# [CONTEXT service_id=47 ]
06-29 10:57:04.404  1600  1609 I zygote  : NativeAlloc concurrent copying GC freed 39612(1744KB) AllocSpace objects, 2(40KB) LOS objects, 27% free, 15MB/21MB, paused 2.837ms total 803.865ms
06-29 10:57:04.590  1964 15253 I ctxmgr  : [ProducerStatusImpl] updateStateForNewContextData: inactive, contextName=7 [CONTEXT service_id=47 ]
06-29 10:57:04.655  1964  1964 I GeofencerStateMachine: removeGeofences: removeRequest=RemoveGeofencingRequest[REMOVE_BY_PENDING_INTENT pendingIntent=PendingIntent[creatorPackage=com.google.android.gms], packageName=com.google.android.gms]
06-29 10:57:04.660  1964  1964 I GeofencerStateMachine: removeGeofences: removeRequest=RemoveGeofencingRequest[REMOVE_BY_PENDING_INTENT pendingIntent=PendingIntent[creatorPackage=com.google.android.gms], packageName=com.google.android.gms]
06-29 10:57:04.721  1964 15280 I PlaceInferenceEngine: [anon] Changed inference mode: 0
06-29 10:57:04.730  1964 15280 I PlaceInferenceEngine: [account#1066226748] Changed inference mode: 0
06-29 10:57:04.741  1600  2131 I zygote  : IncrementDisableThreadFlip blocked for 5.550ms
06-29 10:57:04.744  1600  5378 I zygote  : IncrementDisableThreadFlip blocked for 5.047ms
06-29 10:57:04.963  1964 15280 I Places  : ?: PlacesBleScanner start() with priority 2
06-29 10:57:04.963  1964 15280 I PlaceInferenceEngine: [anon] Changed inference mode: 1
06-29 10:57:04.963  1964 15280 I PlaceInferenceEngine: [account#1066226748] Changed inference mode: 1
06-29 10:57:04.981  1964 15280 I Places  : Converted 1 out of 1 WiFi scans
06-29 10:57:04.982  1600  4486 I WifiService: getConnectionInfo uid=10014
06-29 10:57:05.012  1964 15280 I PlaceInferenceEngine: [account#1066226748] Changed inference mode: 1
06-29 10:57:05.012  1964 15280 I PlaceInferenceEngine: [anon] Changed inference mode: 1
06-29 10:57:05.027  1964  1964 E BeaconBle: Missing BluetoothAdapter
06-29 10:57:05.028  1964  1964 I BeaconBle: BLE 'KK+' software access layer enabled
06-29 10:57:05.103  1964  1964 I BeaconBle: Client requested scan, settings=BleSettings [scanMode=ZERO_POWER, callbackType=ALL_MATCHES, reportDelayMillis=0, 1 filters, 0 clients, callingClientName=Places]
06-29 10:57:05.104  1964  1964 I BeaconBle: Scan : No clients left, canceling alarm.
06-29 10:57:05.105  1964  1964 E BeaconBle: Scan couldn't start for Places
06-29 10:57:05.105  1964  1964 W Places  : BLE failure while scanning - code 5
06-29 10:57:05.239  1600  1609 I zygote  : NativeAlloc concurrent copying GC freed 4412(352KB) AllocSpace objects, 0(0B) LOS objects, 27% free, 15MB/21MB, paused 7.072ms total 542.458ms
06-29 10:57:05.554  1600  2662 I ActivityManager: Force stopping com.skgames.trafficrider appid=10081 user=0: from pid 15286
06-29 10:57:05.604  1833  1833 D CarrierSvcBindHelper: No carrier app for: 0
06-29 10:57:05.713  1964  1978 I zygote  : Background concurrent copying GC freed 111609(4MB) AllocSpace objects, 30(1852KB) LOS objects, 33% free, 11MB/17MB, paused 6.591ms total 428.843ms
06-29 10:57:05.867  1964 15132 I PlaceInferenceEngine: No beacon scan available - ignoring candidates.
06-29 10:57:06.251  1600  2131 I ActivityManager: Force stopping com.EvilChaotic.ModernWarplanes appid=10082 user=0: from pid 15292
06-29 10:57:05.911  1964 15132 I PlaceInferenceEngine: No beacon scan available - ignoring candidates.
06-29 10:57:06.278  1833  1833 D CarrierSvcBindHelper: No carrier app for: 0
06-29 10:57:06.614  1600  4486 I ActivityManager: Force stopping com.ea.games.r3_row appid=10083 user=0: from pid 15296
06-29 10:57:07.387  1600  7254 W ActivityManager: Invalid packageName: android.media.action.IMAGE_CAPTURE
06-29 10:57:06.667  1833  1833 D CarrierSvcBindHelper: No carrier app for: 0
06-29 10:57:08.060  1399  1414 D hwcomposer: hw_composer sent 6 syncs in 61s
06-29 10:57:09.406  1600  1609 I zygote  : WaitForGcToComplete blocked HeapTrim on None for 5.276ms
06-29 10:57:09.922  1600  1600 I GnssLocationProvider: WakeLock acquired by sendMessage(SUBSCRIPTION_OR_SIM_CHANGED, 0, null)
06-29 10:57:09.991  1600  1613 E GnssLocationProvider: no AGPS interface in set_agps_server
06-29 10:57:09.996  1833  1833 D MccTable: updateMccMncConfiguration mccmnc='310260' fromServiceState=true
06-29 10:57:09.996  1833  1833 D MccTable: updateMccMncConfiguration defaultMccMnc=310260
06-29 10:57:09.996  1833  1833 D MccTable: updateMccMncConfiguration: mcc=310, mnc=260
06-29 10:57:09.996  1833  1833 D MccTable: WIFI_COUNTRY_CODE set to us
06-29 10:57:09.997  1600  2662 I WifiService: WifiService trying to set country code to us with persist set to false
06-29 10:57:09.997  1600  2662 I WifiService: setCountryCode uid=1001
06-29 10:57:09.998  1600  1613 I GnssLocationProvider: WakeLock released by handleMessage(SUBSCRIPTION_OR_SIM_CHANGED, 0, null)
06-29 10:57:10.039  1600  1600 I Telecom : CallLogManager: Country ISO changed. Retrieving new ISO...: CLM.oCD@Ay8
06-29 10:57:10.046  1833  1833 D ServiceStateProvider: subId=1
06-29 10:57:10.065  1833  1833 I Telephony: PstnIncomingCallNotifier: Unregistering: Handler (com.android.internal.telephony.GsmCdmaPhone) {6a68867}
06-29 10:57:10.095  1600  2662 I Telecom : PhoneAccountRegistrar: Modify account: [ComponentInfo{com.android.phone/com.android.services.telephony.TelephonyConnectionService}, [****], UserHandle{0}(lbl: Android -> )(desc: Android -> )]: TSI.rPA@AzA
06-29 10:57:10.120  3472  3472 I net.osmand: RoutingHelper Recalculate route, because correlation  : 1720611.8437351454
06-29 10:57:10.121  3472  3472 D net.osmand: AbstractPrologCommandPlayer abandonAudioFocus
06-29 10:57:10.122  3472  3472 W MaterialProgressBar: Current drawable is not a MaterialProgressDrawable, you may want to set app:mpb_setBothDrawables
06-29 10:57:10.130  1833  1833 I Telephony: AccountEntry: Registered phoneAccount: [[ ] PhoneAccount: ComponentInfo{com.android.phone/com.android.services.telephony.TelephonyConnectionService}, [****], UserHandle{0} Capabilities: CallProvider MultiUser PlaceEmerg SimSub  Audio Routes: BESW Schemes: tel voicemail  Extras: Bundle[{android.telecom.extra.SUPPORTS_VIDEO_CALLING_FALLBACK=true}] GroupId: [****]] with handle: ComponentInfo{com.android.phone/com.android.services.telephony.TelephonyConnectionService}, [****], UserHandle{0}
06-29 10:57:10.130  1833  1833 I Telephony: PstnIncomingCallNotifier: Registering: Handler (com.android.internal.telephony.GsmCdmaPhone) {6a68867}
06-29 10:57:10.141  1833  1833 I Telephony: PstnPhoneCapabilitiesNotifier: handleVideoCapabilitesChanged. Video capability - false
06-29 10:57:10.149  3472 15319 I net.osmand: RouteProvider Start finding route from Location[mProvider=gps,mTime=1561820230000,mLatitude=4.916666666666666E-4,mLongitude=-51.06061666666666,mHasAltitude=true,mAltitude=0.0,mHasSpeed=false,mSpeed=0.0,mHasBearing=false,mBearing=0.0,mHasAccuracy=true,mAccuracy=20.0 to Lat -7.2326303 Lon -35.91305 using OsmAnd (offline)
06-29 10:57:10.153  3472 15319 W net.osmand: RouteProvider Use 344 MB Free 5.828125 of 26.775314 max 384.0
06-29 10:57:10.167  3472  3472 I net.osmand: RoutingHelper Recalculate route, because correlation  : 1720611.8437351454
06-29 10:57:10.168  3472  3472 I net.osmand: RoutingHelper Recalculate route, because wrong movement direction: 1720611.9
06-29 10:57:10.184  1600  2662 I Telecom : PhoneAccountRegistrar: Modify account: [ComponentInfo{com.android.phone/com.android.services.telephony.TelephonyConnectionService}, [****], UserHandle{0}]: TSI.rPA@AzM
06-29 10:57:10.443  3472  3472 I net.osmand: RoutingHelper Recalculate route, because correlation  : 1720611.8437351454
06-29 10:57:10.448  3472  3472 I net.osmand: RoutingHelper Recalculate route, because correlation  : 1720611.8437351454
06-29 10:57:10.448  3472  3472 I net.osmand: RoutingHelper Recalculate route, because wrong movement direction: 1720611.9
06-29 10:57:10.551  3472 15319 I net.osmand:native: Start point was found 10478828701 [Native]
06-29 10:57:10.602  3472 15319 I net.osmand:native: End point was found 14392021755 [Native]
06-29 10:57:11.028  3472 15319 W net.osmand:native: [Native] Result visited (visited roads 410, visited segments 564 / 334 , queue sizes 200 / 29 ) 
06-29 10:57:11.029  3472 15319 W net.osmand:native: [Native] Result timing (time to load 0, time to calc 426, loaded tiles 38) 
06-29 10:57:11.029  3472 15319 W net.osmand:native: [Native] Memory occupied (Routing context 1208 Kb, search 15 Kb)
06-29 10:57:11.042  3472 15319 I net.osmand:native: No route found
06-29 10:57:11.070  3472 15319 I net.osmand: RoutePlannerFrontEnd Native routing took 0.573 seconds
06-29 10:57:11.070  3472 15319 I net.osmand: RoutePlannerFrontEnd Native routing use precalculated route
06-29 10:57:11.722  1964 15186 V NativeCrypto: Read error: ssl=0xa622c028: I/O error during system call, Connection reset by peer
06-29 10:57:11.726  1964 15186 V NativeCrypto: SSL shutdown failed: ssl=0xa622c028: I/O error during system call, Broken pipe
06-29 10:57:11.728  1964 15186 E WakeLock: GCM_HB_ALARM release without a matched acquire!
06-29 10:57:11.728  1964 15186 W WakeLock: GCM_HB_ALARM counter does not exist
06-29 10:57:11.731  1600  1678 D ConnectivityService: reportNetworkConnectivity(101, false) by 10014
06-29 10:57:11.732  1600  3204 D NetworkMonitor/NetworkAgentInfo [WIFI () - 101]: Forcing reevaluation for UID 10014
06-29 10:57:11.764  1600 15324 D NetworkMonitor/NetworkAgentInfo [WIFI () - 101]: PROBE_DNS connectivitycheck.gstatic.com 22ms OK 172.217.172.131,2800:3f0:4001:81a::2003
06-29 10:57:11.770  1600 15323 D NetworkMonitor/NetworkAgentInfo [WIFI () - 101]: PROBE_DNS www.google.com 27ms OK 172.217.28.228,2800:3f0:4001:801::2004
06-29 10:57:11.822  1600  1613 E memtrack: Couldn't load memtrack module
06-29 10:57:11.822  1600  1613 W android.os.Debug: failed to get memory consumption info: -1
06-29 10:57:12.103 15321 15321 D AndroidRuntime: >>>>>> START com.android.internal.os.RuntimeInit uid 2000 <<<<<<
06-29 10:57:12.137 15321 15321 W app_process: Could not reserve sentinel fault page
06-29 10:57:12.602 15321 15321 W app_process: Unexpected CPU variant for X86 using defaults: x86
06-29 10:57:12.612 15321 15321 I app_process: The ClassLoaderContext is a special shared library.
06-29 10:57:12.731 15321 15321 D AndroidRuntime: Calling main entry com.android.commands.monkey.Monkey
06-29 10:57:12.733 15321 15321 W Monkey  : args: [-p, net.osmand, -c, android.intent.category.LAUNCHER, 1]
06-29 10:57:12.733 15321 15321 W Monkey  :  arg: "-p"
06-29 10:57:12.733 15321 15321 W Monkey  :  arg: "net.osmand"
06-29 10:57:12.734 15321 15321 W Monkey  :  arg: "-c"
06-29 10:57:12.734 15321 15321 W Monkey  :  arg: "android.intent.category.LAUNCHER"
06-29 10:57:12.734 15321 15321 W Monkey  :  arg: "1"
06-29 10:57:12.734 15321 15321 W Monkey  : data="net.osmand"
06-29 10:57:12.735 15321 15321 W Monkey  : data="android.intent.category.LAUNCHER"
06-29 10:57:12.838  3472  3482 I zygote  : Background concurrent copying GC freed 157380(6MB) AllocSpace objects, 11(236KB) LOS objects, 21% free, 21MB/27MB, paused 1.309ms total 740.320ms
06-29 10:57:12.865  1600  1614 W BroadcastQueue: Skipping deliver [background] BroadcastRecord{df6c5d7 u-1 android.net.conn.CONNECTIVITY_CHANGE} to ReceiverList{da3eec4 15321 (unknown name)/2000/u-1 remote:e396f71}: process gone or crashing
06-29 10:57:12.960  1600  2131 I ActivityManager: START u0 {act=android.intent.action.MAIN cat=[android.intent.category.LAUNCHER] flg=0x10200000 cmp=net.osmand/.plus.activities.MapActivity} from uid 2000
06-29 10:57:12.966  1600  2131 W Binder  : Outgoing transactions from this process must be FLAG_ONEWAY
06-29 10:57:12.966  1600  2131 W Binder  : java.lang.Throwable
06-29 10:57:12.966  1600  2131 W Binder  : 	at android.os.BinderProxy.transact(Binder.java:752)
06-29 10:57:12.966  1600  2131 W Binder  : 	at android.app.IActivityController$Stub$Proxy.activityStarting(IActivityController.java:172)
06-29 10:57:12.966  1600  2131 W Binder  : 	at com.android.server.am.ActivityStarter.startActivity(ActivityStarter.java:449)
06-29 10:57:12.966  1600  2131 W Binder  : 	at com.android.server.am.ActivityStarter.startActivityLocked(ActivityStarter.java:278)
06-29 10:57:12.966  1600  2131 W Binder  : 	at com.android.server.am.ActivityStarter.startActivityMayWait(ActivityStarter.java:817)
06-29 10:57:12.966  1600  2131 W Binder  : 	at com.android.server.am.ActivityManagerService.startActivityAsUser(ActivityManagerService.java:4532)
06-29 10:57:12.966  1600  2131 W Binder  : 	at com.android.server.am.ActivityManagerService.startActivity(ActivityManagerService.java:4519)
06-29 10:57:12.966  1600  2131 W Binder  : 	at android.app.IActivityManager$Stub.onTransact(IActivityManager.java:121)
06-29 10:57:12.966  1600  2131 W Binder  : 	at com.android.server.am.ActivityManagerService.onTransact(ActivityManagerService.java:2919)
06-29 10:57:12.966  1600  2131 W Binder  : 	at android.os.Binder.execTransact(Binder.java:697)
06-29 10:57:13.024  1600  2131 W ResourceType: ResTable_typeSpec entry count inconsistent: given 5115, previously 5124
06-29 10:57:13.024  1600  2131 W ResourceType: ResTable_typeSpec entry count inconsistent: given 142, previously 459
06-29 10:57:13.025  1600  2131 W ResourceType: For resource 0x7f0e00c0, entry index(192) is beyond type entryCount(142)
06-29 10:57:13.025  1600  2131 W ResourceType: For resource 0x7f0e00d1, entry index(209) is beyond type entryCount(142)
06-29 10:57:13.025  1600  2131 W ResourceType: For resource 0x7f0e00cb, entry index(203) is beyond type entryCount(142)
06-29 10:57:13.025  1600  2131 W ResourceType: For resource 0x7f0e014d, entry index(333) is beyond type entryCount(142)
06-29 10:57:13.026  1600  2131 W ResourceType: For resource 0x7f0e00dd, entry index(221) is beyond type entryCount(142)
06-29 10:57:13.026  1600  2131 W ResourceType: For resource 0x7f0e00e4, entry index(228) is beyond type entryCount(142)
06-29 10:57:13.052 15321 15321 I Monkey  : Events injected: 1
06-29 10:57:13.117  1398  1434 D gralloc_ranchu: gralloc_alloc: Creating ashmem region of size 8298496
06-29 10:57:13.249  1408  1408 E EGL_emulation: tid 1408: eglCreateSyncKHR(1962): error 0x3004 (EGL_BAD_ATTRIBUTE)
06-29 10:57:13.256  1600  4486 W LocalDisplayAdapter: Unable to find color mode 0, ignoring request.
06-29 10:57:13.261  1600  4486 I ActivityManager: Config changes=480 {1.0 310mcc260mnc [en_US] ldltr sw411dp w683dp h387dp 420dpi nrml land finger qwerty/v/v -nav/h appBounds=Rect(126, 0 - 1920, 1080) s.49}
06-29 10:57:13.286  1600  4486 I ActivityManager: Override config changes=480 {1.0 310mcc260mnc [en_US] ldltr sw411dp w683dp h387dp 420dpi nrml land finger qwerty/v/v -nav/h appBounds=Rect(126, 0 - 1920, 1080) s.49} for displayId=0
06-29 10:57:13.398  1398  1434 D gralloc_ranchu: gralloc_alloc: Creating ashmem region of size 8298496
06-29 10:57:13.405  1600  1615 W Looper  : Dispatch took 316ms on android.ui, h=Handler (com.android.server.am.ActivityManagerService$UiHandler) {bce2944} cb=null msg=31
06-29 10:57:13.427  3472  3472 D InAppPurchaseHelper: Destroying helper.
06-29 10:57:13.445  1600  1662 I InputReader: Reconfiguring input devices.  changes=0x00000004
06-29 10:57:13.445  1600  1662 I InputReader: Device reconfigured: id=0, name='qwerty2', size 1080x1920, orientation 3, mode 1, display id 0
06-29 10:57:13.448  1600  1662 I InputReader: Reconfiguring input devices.  changes=0x00000004
06-29 10:57:13.450  1600  1662 I InputReader: Reconfiguring input devices.  changes=0x00000004
06-29 10:57:13.471 15321 15321 I Monkey  : ## Network stats: elapsed time=430ms (0ms mobile, 0ms wifi, 430ms not connected)
06-29 10:57:13.546 15321 15321 I com.android.commands.monkey: System.exit called, status: 0
06-29 10:57:13.546 15321 15321 I AndroidRuntime: VM exiting with result code 0.
06-29 10:57:13.672  1398  1434 D gralloc_ranchu: gralloc_alloc: Creating ashmem region of size 544768
06-29 10:57:13.687  1600  1615 W Looper  : Dispatch took 229ms on android.ui, h=Handler (com.android.server.policy.PhoneWindowManager$PolicyHandler) {dca4410} cb=android.database.ContentObserver$NotificationRunnable@926f52e msg=0
06-29 10:57:13.692  1408  1663 E SurfaceFlinger: Permission Denial: can't openGlobalTransaction pid=3472, uid<=10104
06-29 10:57:13.693  3472  3472 E BpSurfaceComposerClient: Failed to transact (-1)
06-29 10:57:13.728  1408  1663 E SurfaceFlinger: Permission Denial: can't openGlobalTransaction pid=3472, uid<=10104
06-29 10:57:13.730  3472  3472 E BpSurfaceComposerClient: Failed to transact (-1)
06-29 10:57:13.731  1696  1696 I KeyboardViewUtil: systemKeyboardHeightRatio:1.000000; userKeyboardHeightRatio:1.000000.
06-29 10:57:13.756  2629  2884 D EGL_emulation: eglMakeCurrent: 0xa61b6ce0: ver 2 0 (tinfo 0xa619b690)
06-29 10:57:13.805  3472  3472 W ResourceType: ResTable_typeSpec entry count inconsistent: given 5115, previously 5124
06-29 10:57:13.806  3472  3472 W ResourceType: ResTable_typeSpec entry count inconsistent: given 142, previously 459
06-29 10:57:13.852  1704  1929 D EGL_emulation: eglMakeCurrent: 0x9e4046c0: ver 2 0 (tinfo 0x9e403690)
06-29 10:57:13.853  2118  2184 D EGL_emulation: eglMakeCurrent: 0x8b867100: ver 2 0 (tinfo 0x8b8707f0)
06-29 10:57:13.862  3472  3472 W ResourceType: For resource 0x7f0e00c0, entry index(192) is beyond type entryCount(142)
06-29 10:57:13.863  3472  3472 W ResourceType: For resource 0x7f0e00d1, entry index(209) is beyond type entryCount(142)
06-29 10:57:13.863  3472  3472 W ResourceType: For resource 0x7f0e00cb, entry index(203) is beyond type entryCount(142)
06-29 10:57:13.863  3472  3472 W ResourceType: For resource 0x7f0e014d, entry index(333) is beyond type entryCount(142)
06-29 10:57:13.863  3472  3472 W ResourceType: For resource 0x7f0e00dd, entry index(221) is beyond type entryCount(142)
06-29 10:57:13.863  3472  3472 W ResourceType: For resource 0x7f0e00e4, entry index(228) is beyond type entryCount(142)
06-29 10:57:13.873  1696  1696 I DeviceStatusMonitor: onReceive() : Action = android.intent.action.CONFIGURATION_CHANGED
06-29 10:57:13.873  1696  1696 I ConfigNotification: Get device mode by ui mode:1 and smallestScreenWidthDp:411
06-29 10:57:13.873  1696  1696 I chatty  : uid=10060(com.google.android.inputmethod.latin) identical 2 lines
06-29 10:57:13.874  1696  1696 I ConfigNotification: Get device mode by ui mode:1 and smallestScreenWidthDp:411
06-29 10:57:13.938  1398  1434 D gralloc_ranchu: gralloc_alloc: Creating ashmem region of size 544768
06-29 10:57:13.985  3472  3472 W ResourceType: For resource 0x7f0e01c4, entry index(452) is beyond type entryCount(142)
06-29 10:57:13.985  3472  3472 W ResourceType: For resource 0x7f0e01c4, entry index(452) is beyond type entryCount(142)
06-29 10:57:13.986  3472  3472 W ResourceType: For resource 0x7f0e0183, entry index(387) is beyond type entryCount(142)
06-29 10:57:13.986  3472  3472 W ResourceType: For resource 0x7f0e0187, entry index(391) is beyond type entryCount(142)
06-29 10:57:13.986  3472  3472 W ResourceType: For resource 0x7f0e0185, entry index(389) is beyond type entryCount(142)
06-29 10:57:13.986  3472  3472 W ResourceType: For resource 0x7f0e015d, entry index(349) is beyond type entryCount(142)
06-29 10:57:13.986  3472  3472 W ResourceType: For resource 0x7f0e0195, entry index(405) is beyond type entryCount(142)
06-29 10:57:13.986  3472  3472 W ResourceType: For resource 0x7f0e016c, entry index(364) is beyond type entryCount(142)
06-29 10:57:13.986  3472  3472 W ResourceType: For resource 0x7f0e0163, entry index(355) is beyond type entryCount(142)
06-29 10:57:13.986  3472  3472 W ResourceType: For resource 0x7f0e00db, entry index(219) is beyond type entryCount(142)
06-29 10:57:13.986  3472  3472 W ResourceType: For resource 0x7f0e0193, entry index(403) is beyond type entryCount(142)
06-29 10:57:13.986  3472  3472 W ResourceType: For resource 0x7f0e016f, entry index(367) is beyond type entryCount(142)
06-29 10:57:13.986  3472  3472 W ResourceType: For resource 0x7f0e0161, entry index(353) is beyond type entryCount(142)
06-29 10:57:13.986  3472  3472 W ResourceType: For resource 0x7f0e0170, entry index(368) is beyond type entryCount(142)
06-29 10:57:13.986  3472  3472 W ResourceType: For resource 0x7f0e0174, entry index(372) is beyond type entryCount(142)
06-29 10:57:13.987  3472  3472 I chatty  : uid=10104(net.osmand) identical 2 lines
06-29 10:57:13.987  3472  3472 W ResourceType: For resource 0x7f0e0174, entry index(372) is beyond type entryCount(142)
06-29 10:57:13.987  3472  3472 W ResourceType: For resource 0x7f0e0177, entry index(375) is beyond type entryCount(142)
06-29 10:57:13.987  3472  3472 W ResourceType: For resource 0x7f0e0160, entry index(352) is beyond type entryCount(142)
06-29 10:57:13.987  3472  3472 W ResourceType: For resource 0x7f0e0199, entry index(409) is beyond type entryCount(142)
06-29 10:57:13.987  3472  3472 W ResourceType: For resource 0x7f0e017e, entry index(382) is beyond type entryCount(142)
06-29 10:57:13.987  3472  3472 W ResourceType: For resource 0x7f0e017f, entry index(383) is beyond type entryCount(142)
06-29 10:57:13.987  3472  3472 W ResourceType: For resource 0x7f0e0196, entry index(406) is beyond type entryCount(142)
06-29 10:57:13.987  3472  3472 W ResourceType: For resource 0x7f0e0197, entry index(407) is beyond type entryCount(142)
06-29 10:57:13.987  3472  3472 W ResourceType: For resource 0x7f0e0140, entry index(320) is beyond type entryCount(142)
06-29 10:57:13.987  3472  3472 W ResourceType: For resource 0x7f0e00e7, entry index(231) is beyond type entryCount(142)
06-29 10:57:13.988  3472  3472 W ResourceType: For resource 0x7f0e0194, entry index(404) is beyond type entryCount(142)
06-29 10:57:13.988  3472  3472 W ResourceType: For resource 0x7f0e01a5, entry index(421) is beyond type entryCount(142)
06-29 10:57:13.988  3472  3472 W ResourceType: For resource 0x7f0e017d, entry index(381) is beyond type entryCount(142)
06-29 10:57:13.988  3472  3472 W ResourceType: For resource 0x7f0e017b, entry index(379) is beyond type entryCount(142)
06-29 10:57:13.988  3472  3472 W ResourceType: For resource 0x7f0e010f, entry index(271) is beyond type entryCount(142)
06-29 10:57:13.988  3472  3472 W ResourceType: For resource 0x7f0e00f8, entry index(248) is beyond type entryCount(142)
06-29 10:57:13.988  3472  3472 W ResourceType: For resource 0x7f0e010f, entry index(271) is beyond type entryCount(142)
06-29 10:57:13.988  3472  3472 W ResourceType: For resource 0x7f0e0122, entry index(290) is beyond type entryCount(142)
06-29 10:57:13.992  3472  3472 W ResourceType: For resource 0x7f0e010b, entry index(267) is beyond type entryCount(142)
06-29 10:57:13.992  3472  3472 W ResourceType: For resource 0x7f0e010c, entry index(268) is beyond type entryCount(142)
06-29 10:57:13.992  3472  3472 W ResourceType: For resource 0x7f0e01ad, entry index(429) is beyond type entryCount(142)
06-29 10:57:13.992  3472  3472 W ResourceType: For resource 0x7f0e01ac, entry index(428) is beyond type entryCount(142)
06-29 10:57:13.998  3472  3472 W ResourceType: For resource 0x7f0e01c4, entry index(452) is beyond type entryCount(142)
06-29 10:57:13.998  3472  3472 W ResourceType: For resource 0x7f0e01c4, entry index(452) is beyond type entryCount(142)
06-29 10:57:13.999  3472  3472 W ResourceType: For resource 0x7f0e0183, entry index(387) is beyond type entryCount(142)
06-29 10:57:13.999  3472  3472 W ResourceType: For resource 0x7f0e0187, entry index(391) is beyond type entryCount(142)
06-29 10:57:13.999  3472  3472 W ResourceType: For resource 0x7f0e0185, entry index(389) is beyond type entryCount(142)
06-29 10:57:13.999  3472  3472 W ResourceType: For resource 0x7f0e015d, entry index(349) is beyond type entryCount(142)
06-29 10:57:13.999  3472  3472 W ResourceType: For resource 0x7f0e0195, entry index(405) is beyond type entryCount(142)
06-29 10:57:13.999  3472  3472 W ResourceType: For resource 0x7f0e016c, entry index(364) is beyond type entryCount(142)
06-29 10:57:13.999  3472  3472 W ResourceType: For resource 0x7f0e0163, entry index(355) is beyond type entryCount(142)
06-29 10:57:13.999  3472  3472 W ResourceType: For resource 0x7f0e00db, entry index(219) is beyond type entryCount(142)
06-29 10:57:13.999  3472  3472 W ResourceType: For resource 0x7f0e0193, entry index(403) is beyond type entryCount(142)
06-29 10:57:14.000  3472  3472 W ResourceType: For resource 0x7f0e016f, entry index(367) is beyond type entryCount(142)
06-29 10:57:14.000  3472  3472 W ResourceType: For resource 0x7f0e0161, entry index(353) is beyond type entryCount(142)
06-29 10:57:14.000  3472  3472 W ResourceType: For resource 0x7f0e0170, entry index(368) is beyond type entryCount(142)
06-29 10:57:14.000  3472  3472 W ResourceType: For resource 0x7f0e0174, entry index(372) is beyond type entryCount(142)
06-29 10:57:14.000  3472  3472 I chatty  : uid=10104(net.osmand) identical 2 lines
06-29 10:57:14.000  3472  3472 W ResourceType: For resource 0x7f0e0174, entry index(372) is beyond type entryCount(142)
06-29 10:57:14.001  3472  3472 W ResourceType: For resource 0x7f0e0177, entry index(375) is beyond type entryCount(142)
06-29 10:57:14.001  3472  3472 W ResourceType: For resource 0x7f0e0160, entry index(352) is beyond type entryCount(142)
06-29 10:57:14.001  3472  3472 W ResourceType: For resource 0x7f0e0199, entry index(409) is beyond type entryCount(142)
06-29 10:57:14.001  3472  3472 W ResourceType: For resource 0x7f0e017e, entry index(382) is beyond type entryCount(142)
06-29 10:57:14.001  3472  3472 W ResourceType: For resource 0x7f0e017f, entry index(383) is beyond type entryCount(142)
06-29 10:57:14.001  3472  3472 W ResourceType: For resource 0x7f0e0196, entry index(406) is beyond type entryCount(142)
06-29 10:57:14.001  3472  3472 W ResourceType: For resource 0x7f0e0197, entry index(407) is beyond type entryCount(142)
06-29 10:57:14.001  3472  3472 W ResourceType: For resource 0x7f0e0140, entry index(320) is beyond type entryCount(142)
06-29 10:57:14.001  3472  3472 W ResourceType: For resource 0x7f0e00e7, entry index(231) is beyond type entryCount(142)
06-29 10:57:14.001  3472  3472 W ResourceType: For resource 0x7f0e0194, entry index(404) is beyond type entryCount(142)
06-29 10:57:14.001  3472  3472 W ResourceType: For resource 0x7f0e01a5, entry index(421) is beyond type entryCount(142)
06-29 10:57:14.001  3472  3472 W ResourceType: For resource 0x7f0e017d, entry index(381) is beyond type entryCount(142)
06-29 10:57:14.002  3472  3472 W ResourceType: For resource 0x7f0e017b, entry index(379) is beyond type entryCount(142)
06-29 10:57:14.002  3472  3472 W ResourceType: For resource 0x7f0e010f, entry index(271) is beyond type entryCount(142)
06-29 10:57:14.002  3472  3472 W ResourceType: For resource 0x7f0e00f8, entry index(248) is beyond type entryCount(142)
06-29 10:57:14.002  3472  3472 W ResourceType: For resource 0x7f0e010f, entry index(271) is beyond type entryCount(142)
06-29 10:57:14.002  3472  3472 W ResourceType: For resource 0x7f0e0122, entry index(290) is beyond type entryCount(142)
06-29 10:57:14.002  3472  3472 W ResourceType: For resource 0x7f0e010b, entry index(267) is beyond type entryCount(142)
06-29 10:57:14.002  3472  3472 W ResourceType: For resource 0x7f0e010c, entry index(268) is beyond type entryCount(142)
06-29 10:57:14.002  3472  3472 W ResourceType: For resource 0x7f0e01ad, entry index(429) is beyond type entryCount(142)
06-29 10:57:14.002  3472  3472 W ResourceType: For resource 0x7f0e01ac, entry index(428) is beyond type entryCount(142)
06-29 10:57:14.006  3472  3472 W ResourceType: For resource 0x7f0e01c4, entry index(452) is beyond type entryCount(142)
06-29 10:57:14.006  3472  3472 W ResourceType: For resource 0x7f0e01c4, entry index(452) is beyond type entryCount(142)
06-29 10:57:14.006  3472  3472 W ResourceType: For resource 0x7f0e0183, entry index(387) is beyond type entryCount(142)
06-29 10:57:14.006  3472  3472 W ResourceType: For resource 0x7f0e0187, entry index(391) is beyond type entryCount(142)
06-29 10:57:14.006  3472  3472 W ResourceType: For resource 0x7f0e0185, entry index(389) is beyond type entryCount(142)
06-29 10:57:14.006  3472  3472 W ResourceType: For resource 0x7f0e015d, entry index(349) is beyond type entryCount(142)
06-29 10:57:14.006  3472  3472 W ResourceType: For resource 0x7f0e0195, entry index(405) is beyond type entryCount(142)
06-29 10:57:14.006  3472  3472 W ResourceType: For resource 0x7f0e016c, entry index(364) is beyond type entryCount(142)
06-29 10:57:14.006  3472  3472 W ResourceType: For resource 0x7f0e0163, entry index(355) is beyond type entryCount(142)
06-29 10:57:14.006  3472  3472 W ResourceType: For resource 0x7f0e00db, entry index(219) is beyond type entryCount(142)
06-29 10:57:14.006  3472  3472 W ResourceType: For resource 0x7f0e0193, entry index(403) is beyond type entryCount(142)
06-29 10:57:14.007  3472  3472 W ResourceType: For resource 0x7f0e016f, entry index(367) is beyond type entryCount(142)
06-29 10:57:14.007  3472  3472 W ResourceType: For resource 0x7f0e0161, entry index(353) is beyond type entryCount(142)
06-29 10:57:14.007  3472  3472 W ResourceType: For resource 0x7f0e0170, entry index(368) is beyond type entryCount(142)
06-29 10:57:14.007  3472  3472 W ResourceType: For resource 0x7f0e0174, entry index(372) is beyond type entryCount(142)
06-29 10:57:14.007  3472  3472 I chatty  : uid=10104(net.osmand) identical 2 lines
06-29 10:57:14.007  3472  3472 W ResourceType: For resource 0x7f0e0174, entry index(372) is beyond type entryCount(142)
06-29 10:57:14.007  3472  3472 W ResourceType: For resource 0x7f0e0177, entry index(375) is beyond type entryCount(142)
06-29 10:57:14.007  3472  3472 W ResourceType: For resource 0x7f0e0160, entry index(352) is beyond type entryCount(142)
06-29 10:57:14.007  3472  3472 W ResourceType: For resource 0x7f0e0199, entry index(409) is beyond type entryCount(142)
06-29 10:57:14.007  3472  3472 W ResourceType: For resource 0x7f0e017e, entry index(382) is beyond type entryCount(142)
06-29 10:57:14.007  3472  3472 W ResourceType: For resource 0x7f0e017f, entry index(383) is beyond type entryCount(142)
06-29 10:57:14.007  3472  3472 W ResourceType: For resource 0x7f0e0196, entry index(406) is beyond type entryCount(142)
06-29 10:57:14.007  3472  3472 W ResourceType: For resource 0x7f0e0197, entry index(407) is beyond type entryCount(142)
06-29 10:57:14.008  3472  3472 W ResourceType: For resource 0x7f0e0140, entry index(320) is beyond type entryCount(142)
06-29 10:57:14.008  3472  3472 W ResourceType: For resource 0x7f0e00e7, entry index(231) is beyond type entryCount(142)
06-29 10:57:14.008  3472  3472 W ResourceType: For resource 0x7f0e0194, entry index(404) is beyond type entryCount(142)
06-29 10:57:14.008  3472  3472 W ResourceType: For resource 0x7f0e01a5, entry index(421) is beyond type entryCount(142)
06-29 10:57:14.008  3472  3472 W ResourceType: For resource 0x7f0e017d, entry index(381) is beyond type entryCount(142)
06-29 10:57:14.008  3472  3472 W ResourceType: For resource 0x7f0e017b, entry index(379) is beyond type entryCount(142)
06-29 10:57:14.008  3472  3472 W ResourceType: For resource 0x7f0e010f, entry index(271) is beyond type entryCount(142)
06-29 10:57:14.008  3472  3472 W ResourceType: For resource 0x7f0e00f8, entry index(248) is beyond type entryCount(142)
06-29 10:57:14.008  3472  3472 W ResourceType: For resource 0x7f0e010f, entry index(271) is beyond type entryCount(142)
06-29 10:57:14.008  3472  3472 W ResourceType: For resource 0x7f0e0122, entry index(290) is beyond type entryCount(142)
06-29 10:57:14.008  3472  3472 W ResourceType: For resource 0x7f0e010b, entry index(267) is beyond type entryCount(142)
06-29 10:57:14.008  3472  3472 W ResourceType: For resource 0x7f0e010c, entry index(268) is beyond type entryCount(142)
06-29 10:57:14.008  3472  3472 W ResourceType: For resource 0x7f0e01ad, entry index(429) is beyond type entryCount(142)
06-29 10:57:14.008  3472  3472 W ResourceType: For resource 0x7f0e01ac, entry index(428) is beyond type entryCount(142)
06-29 10:57:14.016  3472  3472 W ResourceType: For resource 0x7f0e017f, entry index(383) is beyond type entryCount(142)
06-29 10:57:14.016  3472  3472 W ResourceType: For resource 0x7f0e0091, entry index(145) is beyond type entryCount(142)
06-29 10:57:14.072  3472  3472 W ResourceType: For resource 0x7f0e016b, entry index(363) is beyond type entryCount(142)
06-29 10:57:14.113  3472  3472 W ResourceType: For resource 0x7f0e017b, entry index(379) is beyond type entryCount(142)
06-29 10:57:14.116  3472  3472 W ResourceType: For resource 0x7f0e0125, entry index(293) is beyond type entryCount(142)
06-29 10:57:14.124  3472  3472 W ResourceType: For resource 0x7f0e0125, entry index(293) is beyond type entryCount(142)
06-29 10:57:14.191  3472  3472 W ResourceType: For resource 0x7f0e01a5, entry index(421) is beyond type entryCount(142)
06-29 10:57:14.191  3472  3472 W ResourceType: For resource 0x7f0e00a9, entry index(169) is beyond type entryCount(142)
06-29 10:57:14.202  3472  3472 W ResourceType: For resource 0x7f0e01bc, entry index(444) is beyond type entryCount(142)
06-29 10:57:14.210  3472  3472 W ResourceType: For resource 0x7f0e0132, entry index(306) is beyond type entryCount(142)
06-29 10:57:14.210  3472  3472 W ResourceType: For resource 0x7f0e00f7, entry index(247) is beyond type entryCount(142)
06-29 10:57:14.212  3472  3472 W ResourceType: For resource 0x7f0e0131, entry index(305) is beyond type entryCount(142)
06-29 10:57:14.213  3472  3472 W ResourceType: For resource 0x7f0e010f, entry index(271) is beyond type entryCount(142)
06-29 10:57:14.213  3472  3472 W ResourceType: For resource 0x7f0e0175, entry index(373) is beyond type entryCount(142)
06-29 10:57:14.218  3472  3472 W ResourceType: For resource 0x7f0e0173, entry index(371) is beyond type entryCount(142)
06-29 10:57:14.236  3472  3472 W ResourceType: For resource 0x7f0e011d, entry index(285) is beyond type entryCount(142)
06-29 10:57:14.237  3472  3472 I chatty  : uid=10104(net.osmand) identical 4 lines
06-29 10:57:14.237  3472  3472 W ResourceType: For resource 0x7f0e011d, entry index(285) is beyond type entryCount(142)
06-29 10:57:14.238  3472  3472 W ResourceType: For resource 0x7f0e01ac, entry index(428) is beyond type entryCount(142)
06-29 10:57:14.238  3472  3472 W ResourceType: For resource 0x7f0e00ae, entry index(174) is beyond type entryCount(142)
06-29 10:57:14.238  3472  3472 W ResourceType: For resource 0x7f0e013d, entry index(317) is beyond type entryCount(142)
06-29 10:57:14.238  3472  3472 W ResourceType: For resource 0x7f0e013e, entry index(318) is beyond type entryCount(142)
06-29 10:57:14.252  3472  3472 W ResourceType: For resource 0x7f0e013b, entry index(315) is beyond type entryCount(142)
06-29 10:57:14.265  3472  3472 I chatty  : uid=10104(net.osmand) identical 9 lines
06-29 10:57:14.265  3472  3472 W ResourceType: For resource 0x7f0e013b, entry index(315) is beyond type entryCount(142)
06-29 10:57:14.272  3472 15341 D net.osmand: DownloadOsmandIndexesHelper Start loading list of index files
06-29 10:57:14.282  1704  1704 I Choreographer: Skipped 36 frames!  The application may be doing too much work on its main thread.
06-29 10:57:14.301  1398  1434 D gralloc_ranchu: gralloc_alloc: Creating ashmem region of size 544768
06-29 10:57:14.346  3472 15341 I net.osmand: DownloadOsmandIndexesHelper https://download.osmand.net/get_indexes?gzip&osmandver=OsmAnd+3.3.8&nd=43&ns=21&aid=a094dcc565ec90a2
06-29 10:57:14.418  1704  1704 W StaticLayout: maxLineHeight should not be -1.  maxLines:7 lineCount:7
06-29 10:57:14.431  1704  1704 I chatty  : uid=10029(com.android.systemui) identical 2 lines
06-29 10:57:14.432  1704  1704 W StaticLayout: maxLineHeight should not be -1.  maxLines:7 lineCount:7
06-29 10:57:14.536  1398  1434 D gralloc_ranchu: gralloc_alloc: Creating ashmem region of size 487424
06-29 10:57:14.656  3472  3472 W System.err: OnCreate for MapActivity took 729 ms
06-29 10:57:14.776  1704  1704 W StaticLayout: maxLineHeight should not be -1.  maxLines:7 lineCount:7
06-29 10:57:14.791  1704  1704 I chatty  : uid=10029(com.android.systemui) identical 2 lines
06-29 10:57:14.792  1704  1704 W StaticLayout: maxLineHeight should not be -1.  maxLines:7 lineCount:7
06-29 10:57:14.884  3472  3472 D InAppPurchaseHelper: Destroying helper.
06-29 10:57:14.928  1704  1704 D StatusBar: disable<e i a s b h r c s q >
06-29 10:57:15.011  3472  3472 D net.osmand: Enable sensor
06-29 10:57:15.012  1704  1929 D EGL_emulation: eglMakeCurrent: 0x9e4046c0: ver 2 0 (tinfo 0x9e403690)
06-29 10:57:15.057  1600  1611 I GnssLocationProvider: WakeLock acquired by sendMessage(SET_REQUEST, 0, com.android.server.location.GnssLocationProvider$GpsRequest@66c51b4)
06-29 10:57:15.058  1600  1613 I GnssLocationProvider: WakeLock released by handleMessage(SET_REQUEST, 0, com.android.server.location.GnssLocationProvider$GpsRequest@66c51b4)
06-29 10:57:15.143  1600  1621 W WindowManager: Window freeze timeout expired.
06-29 10:57:15.143  1600  1621 W WindowManager: Force clearing orientation change: Window{a7ee748 u0 StatusBar}
06-29 10:57:15.158  3472  3472 W System.err: OnCreate for MapActivity took 274 ms
06-29 10:57:15.163  1398  1434 D gralloc_ranchu: gralloc_alloc: Creating ashmem region of size 487424
06-29 10:57:15.242  1600  1647 I WindowManager: Screen frozen for +2s148ms due to Window{a7ee748 u0 StatusBar}
06-29 10:57:15.346  1408  1408 D SurfaceFlinger: duplicate layer name: changing BlackSurface to BlackSurface#1
06-29 10:57:15.355  1408  1408 I chatty  : uid=1000(system) /system/bin/surfaceflinger identical 1 line
06-29 10:57:15.358  1408  1408 D SurfaceFlinger: duplicate layer name: changing BlackSurface to BlackSurface#1
06-29 10:57:15.456  1704  1704 W StatusBar/NavBarView: *** Invalid layout in navigation bar (sizeChanged this=126x1080 cur=126x1038)
06-29 10:57:15.463  1600  2662 I WifiService: acquireWifiLock uid=10014 lockMode=2
06-29 10:57:15.623  1398  1434 D gralloc_ranchu: gralloc_alloc: Creating ashmem region of size 8298496
06-29 10:57:15.627  3472  3472 W ResourceType: For resource 0x7f0e013b, entry index(315) is beyond type entryCount(142)
06-29 10:57:15.644  3472  3472 I chatty  : uid=10104(net.osmand) identical 38 lines
06-29 10:57:15.644  3472  3472 W ResourceType: For resource 0x7f0e013b, entry index(315) is beyond type entryCount(142)
06-29 10:57:15.647  3472  3472 W View    : requestLayout() improperly called by android.widget.ListView{ea19d3d VFED.VC.. ......ID 0,0-735,1080 #7f0803ba app:id/menuItems} during layout: running second layout pass
06-29 10:57:15.654  1704  1704 I Choreographer: Skipped 42 frames!  The application may be doing too much work on its main thread.
06-29 10:57:15.672  1964  1964 I GeofencerStateMachine: sendNewLocationAvailability: availability=LocationAvailability[isLocationAvailable: true]
06-29 10:57:15.714  1398  1434 D gralloc_ranchu: gralloc_alloc: Creating ashmem region of size 487424
06-29 10:57:15.755  1398  1434 D gralloc_ranchu: gralloc_alloc: Creating ashmem region of size 3878912
06-29 10:57:15.788  1704  1929 D EGL_emulation: eglMakeCurrent: 0x9e4046c0: ver 2 0 (tinfo 0x9e403690)
06-29 10:57:15.849  1408  1408 D SurfaceFlinger: duplicate layer name: changing ScreenshotSurface to ScreenshotSurface#1
06-29 10:57:15.853  1398  1434 D gralloc_ranchu: gralloc_alloc: Creating ashmem region of size 8298496
06-29 10:57:15.896  1408  1408 E EGL_emulation: tid 1408: eglCreateSyncKHR(1962): error 0x3004 (EGL_BAD_ATTRIBUTE)
06-29 10:57:15.903  1600  1647 W LocalDisplayAdapter: Unable to find color mode 0, ignoring request.
06-29 10:57:15.952  1600  1662 I InputReader: Reconfiguring input devices.  changes=0x00000004
06-29 10:57:15.952  1600  1662 I InputReader: Device reconfigured: id=0, name='qwerty2', size 1080x1920, orientation 0, mode 1, display id 0
06-29 10:57:15.953  1600  1662 I InputReader: Reconfiguring input devices.  changes=0x00000004
06-29 10:57:15.955  1600  1621 I ActivityManager: Config changes=480 {1.0 310mcc260mnc [en_US] ldltr sw411dp w411dp h659dp 420dpi nrml port finger qwerty/v/v -nav/h appBounds=Rect(0, 0 - 1080, 1794) s.50}
06-29 10:57:16.028  1600  1621 I ActivityManager: Override config changes=480 {1.0 310mcc260mnc [en_US] ldltr sw411dp w411dp h659dp 420dpi nrml port finger qwerty/v/v -nav/h appBounds=Rect(0, 0 - 1080, 1794) s.50} for displayId=0
06-29 10:57:15.954  1600  1662 I InputReader: Reconfiguring input devices.  changes=0x00000004
06-29 10:57:16.224  1696  1696 I KeyboardViewUtil: systemKeyboardHeightRatio:1.000000; userKeyboardHeightRatio:1.000000.
06-29 10:57:16.230  3472  3472 I Choreographer: Skipped 40 frames!  The application may be doing too much work on its main thread.
06-29 10:57:16.393  3472  3472 W ResourceType: For resource 0x7f0e00c0, entry index(192) is beyond type entryCount(142)
06-29 10:57:16.393  3472  3472 W ResourceType: For resource 0x7f0e00d1, entry index(209) is beyond type entryCount(142)
06-29 10:57:16.393  3472  3472 W ResourceType: For resource 0x7f0e00cb, entry index(203) is beyond type entryCount(142)
06-29 10:57:16.393  3472  3472 W ResourceType: For resource 0x7f0e014d, entry index(333) is beyond type entryCount(142)
06-29 10:57:16.393  3472  3472 W ResourceType: For resource 0x7f0e00dd, entry index(221) is beyond type entryCount(142)
06-29 10:57:16.393  3472  3472 W ResourceType: For resource 0x7f0e00e4, entry index(228) is beyond type entryCount(142)
06-29 10:57:16.408  1696  1696 I DeviceStatusMonitor: onReceive() : Action = android.intent.action.CONFIGURATION_CHANGED
06-29 10:57:16.408  1696  1696 I ConfigNotification: Get device mode by ui mode:1 and smallestScreenWidthDp:411
06-29 10:57:16.409  1696  1696 I chatty  : uid=10060(com.google.android.inputmethod.latin) identical 2 lines
06-29 10:57:16.409  1696  1696 I ConfigNotification: Get device mode by ui mode:1 and smallestScreenWidthDp:411
06-29 10:57:16.461  1398  1434 D gralloc_ranchu: gralloc_alloc: Creating ashmem region of size 8298496
06-29 10:57:16.496  3472  3472 W ResourceType: For resource 0x7f0e013b, entry index(315) is beyond type entryCount(142)
