07-03 19:20:34.625 14699 14699 I net.osmand: RoutingHelper Recalculate route, because wrong movement direction: 246.21614
07-03 19:20:34.720 14699 14699 I net.osmand: RoutingHelper Recalculate route, because correlation  : 214.74408039865548
07-03 19:20:34.928 14699 14699 I net.osmand: RoutingHelper Recalculate route, because correlation  : 214.74408039865548
07-03 19:20:34.929 14699 14699 I net.osmand: RoutingHelper Recalculate route, because wrong movement direction: 246.21614
07-03 19:20:34.939 14699 14709 I zygote  : Background concurrent copying GC freed 538827(11MB) AllocSpace objects, 0(0B) LOS objects, 13% free, 39MB/45MB, paused 2.520ms total 1.213s
07-03 19:20:35.124  1604 21818 D NetworkMonitor/NetworkAgentInfo [WIFI () - 101]: PROBE_HTTP http://connectivitycheck.gstatic.com/generate_204 time=7912ms ret=204 request={User-Agent=[Mozilla/5.0 (X11; Linux x86_64) AppleWebKit/537.36 (KHTML, like Gecko) Chrome/60.0.3112.32 Safari/537.36]} headers={null=[HTTP/1.1 204 No Content], Content-Length=[0], Date=[Wed, 03 Jul 2019 23:20:37 GMT], X-Android-Received-Millis=[1562196035122], X-Android-Response-Source=[NETWORK 204], X-Android-Selected-Protocol=[http/1.1], X-Android-Sent-Millis=[1562196034227]}
07-03 19:20:35.179 14699 14699 I net.osmand: RoutingHelper Recalculate route, because correlation  : 214.74408039865548
07-03 19:20:35.571 14699 14699 I net.osmand: RoutingHelper Recalculate route, because correlation  : 214.74408039865548
07-03 19:20:35.571 14699 14699 I net.osmand: RoutingHelper Recalculate route, because wrong movement direction: 246.21614
07-03 19:20:35.598  1970  1970 I GeofencerStateMachine: sendNewTransitions called.
07-03 19:20:35.611 14699 14699 I net.osmand: RoutingHelper Recalculate route, because correlation  : 214.74408039865548
07-03 19:20:35.615 14699 14699 I net.osmand: RoutingHelper Recalculate route, because correlation  : 214.74408039865548
07-03 19:20:35.615 14699 14699 I net.osmand: RoutingHelper Recalculate route, because wrong movement direction: 246.21614
07-03 19:20:35.622 14699 14699 I net.osmand: RoutingHelper Recalculate route, because correlation  : 214.74408039865548
07-03 19:20:36.203 14699 14699 I net.osmand: RoutingHelper Recalculate route, because correlation  : 214.74408039865548
07-03 19:20:36.203 14699 14699 I net.osmand: RoutingHelper Recalculate route, because wrong movement direction: 246.21614
07-03 19:20:36.306 14699 14699 I net.osmand: RoutingHelper Recalculate route, because correlation  : 214.74408039865548
07-03 19:20:36.537 14699 14699 I net.osmand: RoutingHelper Recalculate route, because correlation  : 214.74408039865548
07-03 19:20:36.538 14699 14699 I net.osmand: RoutingHelper Recalculate route, because wrong movement direction: 246.21614
07-03 19:20:36.681 14699 14699 I net.osmand: RoutingHelper Recalculate route, because correlation  : 214.74408039865548
07-03 19:20:37.078 14699 14699 I net.osmand: RoutingHelper Recalculate route, because correlation  : 214.74408039865548
07-03 19:20:37.078 14699 14699 I net.osmand: RoutingHelper Recalculate route, because wrong movement direction: 246.21614
07-03 19:20:37.083 14699 14699 I net.osmand: RoutingHelper Recalculate route, because correlation  : 214.74408039865548
07-03 19:20:37.163 14699 14709 I zygote  : Background concurrent copying GC freed 635474(13MB) AllocSpace objects, 0(0B) LOS objects, 12% free, 43MB/49MB, paused 1.488ms total 1.462s
07-03 19:20:37.549 14699 14699 I net.osmand: RoutingHelper Recalculate route, because correlation  : 214.74408039865548
07-03 19:20:37.549 14699 14699 I net.osmand: RoutingHelper Recalculate route, because wrong movement direction: 246.21614
07-03 19:20:37.558 14699 14699 I net.osmand: RoutingHelper Recalculate route, because correlation  : 214.74408039865548
07-03 19:20:37.605 14699 14699 I net.osmand: RoutingHelper Recalculate route, because correlation  : 214.74408039865548
07-03 19:20:37.605 14699 14699 I net.osmand: RoutingHelper Recalculate route, because wrong movement direction: 246.21614
07-03 19:20:37.612 14699 14699 I net.osmand: RoutingHelper Recalculate route, because correlation  : 214.74408039865548
07-03 19:20:38.306 14699 14709 I zygote  : Background concurrent copying GC freed 835192(18MB) AllocSpace objects, 0(0B) LOS objects, 15% free, 31MB/37MB, paused 4.283ms total 491.315ms
07-03 19:20:38.413 14699 14699 I net.osmand: RoutingHelper Recalculate route, because correlation  : 214.74408039865548
07-03 19:20:38.413 14699 14699 I net.osmand: RoutingHelper Recalculate route, because wrong movement direction: 246.21614
07-03 19:20:38.442 14699 14699 I net.osmand: RoutingHelper Recalculate route, because correlation  : 214.74408039865548
07-03 19:20:38.703 14699 14699 I net.osmand: RoutingHelper Recalculate route, because correlation  : 214.74408039865548
07-03 19:20:38.703 14699 14699 I net.osmand: RoutingHelper Recalculate route, because wrong movement direction: 246.21614
07-03 19:20:38.766 14699 14699 I net.osmand: RoutingHelper Recalculate route, because correlation  : 214.74408039865548
07-03 19:20:38.980 14699 14699 I net.osmand: RoutingHelper Recalculate route, because correlation  : 214.74408039865548
07-03 19:20:38.980 14699 14699 I net.osmand: RoutingHelper Recalculate route, because wrong movement direction: 246.21614
07-03 19:20:38.982 14699 14699 I net.osmand: RoutingHelper Recalculate route, because correlation  : 214.74408039865548
07-03 19:20:39.607 14699 14699 I net.osmand: RoutingHelper Recalculate route, because correlation  : 214.74408039865548
07-03 19:20:39.607 14699 14699 I net.osmand: RoutingHelper Recalculate route, because wrong movement direction: 246.21614
07-03 19:20:39.627 14699 14699 I net.osmand: RoutingHelper Recalculate route, because correlation  : 214.74408039865548
07-03 19:20:39.741 14699 14709 I zygote  : Background concurrent copying GC freed 278695(6MB) AllocSpace objects, 0(0B) LOS objects, 14% free, 36MB/42MB, paused 1.395ms total 1.028s
07-03 19:20:39.757 14699 14699 I net.osmand: RoutingHelper Recalculate route, because correlation  : 214.74408039865548
07-03 19:20:39.762 14699 14699 I net.osmand: RoutingHelper Recalculate route, because correlation  : 214.74408039865548
07-03 19:20:39.762 14699 14699 I net.osmand: RoutingHelper Recalculate route, because wrong movement direction: 246.21614
07-03 19:20:40.199 14699 14699 I net.osmand: RoutingHelper Recalculate route, because correlation  : 214.74408039865548
07-03 19:20:40.199 14699 14699 I net.osmand: RoutingHelper Recalculate route, because wrong movement direction: 246.21614
07-03 19:20:40.241 14699 14699 I net.osmand: RoutingHelper Recalculate route, because correlation  : 214.74408039865548
07-03 19:20:40.705 14699 14699 I net.osmand: RoutingHelper Recalculate route, because correlation  : 214.74408039865548
07-03 19:20:40.705 14699 14699 I net.osmand: RoutingHelper Recalculate route, because wrong movement direction: 246.21614
07-03 19:20:40.748 14699 14699 I net.osmand: RoutingHelper Recalculate route, because correlation  : 214.74408039865548
07-03 19:20:41.098 14699 14699 I net.osmand: RoutingHelper Recalculate route, because correlation  : 214.74408039865548
07-03 19:20:41.099 14699 14699 I net.osmand: RoutingHelper Recalculate route, because wrong movement direction: 246.21614
07-03 19:20:41.228 14699 14699 I net.osmand: RoutingHelper Recalculate route, because correlation  : 214.74408039865548
07-03 19:20:41.676 14699 14709 I zygote  : Background concurrent copying GC freed 499845(11MB) AllocSpace objects, 0(0B) LOS objects, 12% free, 43MB/49MB, paused 1.374ms total 1.349s
07-03 19:20:41.696 14699 14699 I net.osmand: RoutingHelper Recalculate route, because correlation  : 214.74408039865548
07-03 19:20:41.696 14699 14699 I net.osmand: RoutingHelper Recalculate route, because wrong movement direction: 246.21614
07-03 19:20:41.737 14699 14699 I net.osmand: RoutingHelper Recalculate route, because correlation  : 214.74408039865548
07-03 19:20:41.812 14699 14699 I net.osmand: RoutingHelper Recalculate route, because correlation  : 214.74408039865548
07-03 19:20:41.812 14699 14699 I net.osmand: RoutingHelper Recalculate route, because wrong movement direction: 246.21614
07-03 19:20:41.817 14699 14699 I net.osmand: RoutingHelper Recalculate route, because correlation  : 214.74408039865548
07-03 19:20:42.466 14699 14699 I net.osmand: RoutingHelper Recalculate route, because correlation  : 214.74408039865548
07-03 19:20:42.466 14699 14699 I net.osmand: RoutingHelper Recalculate route, because wrong movement direction: 246.21614
07-03 19:20:42.474 14699 14699 I net.osmand: RoutingHelper Recalculate route, because correlation  : 214.74408039865548
07-03 19:20:42.505 14699 14709 I zygote  : Background concurrent copying GC freed 804634(17MB) AllocSpace objects, 0(0B) LOS objects, 16% free, 31MB/37MB, paused 1.129ms total 432.358ms
07-03 19:20:42.617 14699 14699 I net.osmand: RoutingHelper Recalculate route, because correlation  : 214.74408039865548
07-03 19:20:42.617 14699 14699 I net.osmand: RoutingHelper Recalculate route, because wrong movement direction: 246.21614
07-03 19:20:42.636 14699 14699 I net.osmand: RoutingHelper Recalculate route, because correlation  : 214.74408039865548
07-03 19:20:42.988 14699 14699 I net.osmand: RoutingHelper Recalculate route, because correlation  : 214.74408039865548
07-03 19:20:42.988 14699 14699 I net.osmand: RoutingHelper Recalculate route, because wrong movement direction: 246.21614
07-03 19:20:43.005 14699 14699 I net.osmand: RoutingHelper Recalculate route, because correlation  : 214.74408039865548
07-03 19:20:43.787 14699 14699 I net.osmand: RoutingHelper Recalculate route, because correlation  : 214.74408039865548
07-03 19:20:43.787 14699 14699 I net.osmand: RoutingHelper Recalculate route, because wrong movement direction: 246.21614
07-03 19:20:43.800 14699 14699 I net.osmand: RoutingHelper Recalculate route, because correlation  : 214.74408039865548
07-03 19:20:43.873  1604  2952 D NetworkMonitor/NetworkAgentInfo [WIFI () - 101]: PROBE_FALLBACK http://play.googleapis.com/generate_204 time=13719ms ret=204 request={User-Agent=[Mozilla/5.0 (X11; Linux x86_64) AppleWebKit/537.36 (KHTML, like Gecko) Chrome/60.0.3112.32 Safari/537.36]} headers={null=[HTTP/1.1 204 No Content], Content-Length=[0], Date=[Wed, 03 Jul 2019 23:20:36 GMT], X-Android-Received-Millis=[1562196043872], X-Android-Response-Source=[NETWORK 204], X-Android-Selected-Protocol=[http/1.1], X-Android-Sent-Millis=[1562196034063]}
07-03 19:20:44.046 14699 14699 I net.osmand: RoutingHelper Recalculate route, because correlation  : 214.74408039865548
07-03 19:20:44.046 14699 14699 I net.osmand: RoutingHelper Recalculate route, because wrong movement direction: 246.21614
07-03 19:20:44.060 14699 14699 I net.osmand: RoutingHelper Recalculate route, because correlation  : 214.74408039865548
07-03 19:20:44.149 14699 14709 I zygote  : Background concurrent copying GC freed 275136(6MB) AllocSpace objects, 0(0B) LOS objects, 13% free, 38MB/44MB, paused 7.562ms total 987.250ms
07-03 19:20:44.371 14699 14699 I net.osmand: RoutingHelper Recalculate route, because correlation  : 214.74408039865548
07-03 19:20:44.371 14699 14699 I net.osmand: RoutingHelper Recalculate route, because wrong movement direction: 246.21614
07-03 19:20:44.412 14699 14699 I net.osmand: RoutingHelper Recalculate route, because correlation  : 214.74408039865548
07-03 19:20:44.581 14699 14699 I net.osmand: RoutingHelper Recalculate route, because correlation  : 214.74408039865548
07-03 19:20:44.581 14699 14699 I net.osmand: RoutingHelper Recalculate route, because wrong movement direction: 246.21614
07-03 19:20:44.586 14699 14699 I net.osmand: RoutingHelper Recalculate route, because correlation  : 214.74408039865548
07-03 19:20:45.233 14699 14699 I net.osmand: RoutingHelper Recalculate route, because correlation  : 214.74408039865548
07-03 19:20:45.233 14699 14699 I net.osmand: RoutingHelper Recalculate route, because wrong movement direction: 246.21614
07-03 19:20:45.374 14699 14699 I net.osmand: RoutingHelper Recalculate route, because correlation  : 214.74408039865548
07-03 19:20:45.631 14699 14699 I chatty  : uid=10104(net.osmand) identical 1 line
07-03 19:20:45.677 14699 14699 I net.osmand: RoutingHelper Recalculate route, because correlation  : 214.74408039865548
07-03 19:20:45.677 14699 14699 I net.osmand: RoutingHelper Recalculate route, because wrong movement direction: 246.21614
07-03 19:20:45.910 14699 14699 I net.osmand: RoutingHelper Recalculate route, because correlation  : 214.74408039865548
07-03 19:20:45.977 14699 14699 I net.osmand: RoutingHelper Recalculate route, because correlation  : 214.74408039865548
07-03 19:20:45.978 14699 14699 I net.osmand: RoutingHelper Recalculate route, because wrong movement direction: 246.21614
07-03 19:20:46.433  1604  1613 I zygote  : Background concurrent copying GC freed 127191(4MB) AllocSpace objects, 3(76KB) LOS objects, 7% free, 78MB/84MB, paused 1.464ms total 2.798s
07-03 19:20:46.435  1604  5757 I WifiService: acquireWifiLock uid=10014 lockMode=2
07-03 19:20:46.624 14699 14699 I net.osmand: RoutingHelper Recalculate route, because correlation  : 214.74408039865548
07-03 19:20:46.677 14699 14709 I zygote  : Background concurrent copying GC freed 592072(13MB) AllocSpace objects, 0(0B) LOS objects, 11% free, 44MB/50MB, paused 2.715ms total 1.843s
07-03 19:20:46.705 14699 14699 I net.osmand: RoutingHelper Recalculate route, because correlation  : 214.74408039865548
07-03 19:20:46.705 14699 14699 I net.osmand: RoutingHelper Recalculate route, because wrong movement direction: 246.21614
07-03 19:20:46.713 14699 14699 I net.osmand: RoutingHelper Recalculate route, because correlation  : 214.74408039865548
07-03 19:20:46.713 14699 14699 I net.osmand: RoutingHelper Recalculate route, because wrong movement direction: 246.21614
07-03 19:20:46.724 14699 14699 I net.osmand: RoutingHelper Recalculate route, because correlation  : 214.74408039865548
07-03 19:20:47.214 14699 14699 I net.osmand: RoutingHelper Recalculate route, because correlation  : 214.74408039865548
07-03 19:20:47.214 14699 14699 I net.osmand: RoutingHelper Recalculate route, because wrong movement direction: 246.21614
07-03 19:20:47.228 14699 14699 I net.osmand: RoutingHelper Recalculate route, because correlation  : 214.74408039865548
07-03 19:20:47.269 14699 14709 I zygote  : WaitForGcToComplete blocked Background on None for 16.901ms
07-03 19:20:47.305 14699 14699 I zygote  : IncrementDisableThreadFlip blocked for 6.772ms
07-03 19:20:47.317  1604 21817 D NetworkMonitor/NetworkAgentInfo [WIFI () - 101]: PROBE_HTTPS https://www.google.com/generate_204 Probe failed with exception java.net.SocketTimeoutException: failed to connect to www.google.com/2800:3f0:4001:801::2004 (port 443) from /fec0::1587:c5fa:9b19:7831 (port 43161) after 10000ms
07-03 19:20:27.244  1604  1682 I chatty  : uid=1000(system) ConnectivitySer identical 3 lines
07-03 19:20:27.309  1604  1682 D ConnectivityService: reportNetworkConnectivity(101, true) by 10014
07-03 19:20:47.321  1604  1682 D ConnectivityService: NetworkAgentInfo [WIFI () - 101] validation failed
07-03 19:20:47.323  1604  1678 D WifiStateMachine: NETWORK_STATUS_UNWANTED_VALIDATION_FAILED
07-03 19:20:47.668 14699 14699 I net.osmand: RoutingHelper Recalculate route, because correlation  : 214.74408039865548
07-03 19:20:47.691 14699 14699 I net.osmand: RoutingHelper Recalculate route, because correlation  : 214.74408039865548
07-03 19:20:47.691 14699 14699 I net.osmand: RoutingHelper Recalculate route, because wrong movement direction: 246.21614
07-03 19:20:47.955 14699 14699 I net.osmand: RoutingHelper Recalculate route, because correlation  : 214.74408039865548
07-03 19:20:47.956 14699 14699 I net.osmand: RoutingHelper Recalculate route, because wrong movement direction: 246.21614
07-03 19:20:47.958 14699 14699 I net.osmand: RoutingHelper Recalculate route, because correlation  : 214.74408039865548
07-03 19:20:48.348  1604 21825 D NetworkMonitor/NetworkAgentInfo [WIFI () - 101]: PROBE_DNS www.google.com 17ms OK 172.217.28.228,2800:3f0:4001:801::2004
07-03 19:20:48.353  1604 21826 D NetworkMonitor/NetworkAgentInfo [WIFI () - 101]: PROBE_DNS connectivitycheck.gstatic.com 19ms OK 172.217.172.131,2800:3f0:4001:81a::2003
07-03 19:20:48.368 14699 14709 I zygote  : Background concurrent copying GC freed 841730(18MB) AllocSpace objects, 0(0B) LOS objects, 13% free, 39MB/45MB, paused 3.655ms total 1.054s
07-03 19:20:48.489 14699 14699 I net.osmand: RoutingHelper Recalculate route, because correlation  : 214.74408039865548
07-03 19:20:48.489 14699 14699 I net.osmand: RoutingHelper Recalculate route, because wrong movement direction: 246.21614
07-03 19:20:48.677 14699 14699 I net.osmand: RoutingHelper Recalculate route, because correlation  : 214.74408039865548
07-03 19:20:48.677 14699 14699 I net.osmand: RoutingHelper Recalculate route, because wrong movement direction: 246.21614
07-03 19:20:48.720 14699 14699 I net.osmand: RoutingHelper Recalculate route, because correlation  : 214.74408039865548
07-03 19:20:48.724 14699 14699 I net.osmand: RoutingHelper Recalculate route, because correlation  : 214.74408039865548
07-03 19:20:49.257  1604  4621 D WificondControl: Scan result ready event
07-03 19:20:49.335 14699 14699 I net.osmand: RoutingHelper Recalculate route, because correlation  : 214.74408039865548
07-03 19:20:49.382 14699 14699 I net.osmand: RoutingHelper Recalculate route, because correlation  : 214.74408039865548
07-03 19:20:49.382 14699 14699 I net.osmand: RoutingHelper Recalculate route, because wrong movement direction: 246.21614
07-03 19:20:49.608  1604  4621 I WifiService: releaseWifiLock uid=10014
07-03 19:20:49.853 14699 14699 I net.osmand: RoutingHelper Recalculate route, because correlation  : 214.74408039865548
07-03 19:20:49.853 14699 14699 I net.osmand: RoutingHelper Recalculate route, because wrong movement direction: 246.21614
07-03 19:20:50.014 14699 14699 I net.osmand: RoutingHelper Recalculate route, because correlation  : 214.74408039865548
07-03 19:20:50.014 14699 14699 I net.osmand: RoutingHelper Recalculate route, because wrong movement direction: 246.21614
07-03 19:20:50.093 14699 14699 I net.osmand: RoutingHelper Recalculate route, because correlation  : 214.74408039865548
07-03 19:20:50.520  1604  1621 E BatteryExternalStatsWorker: modem info is invalid: ModemActivityInfo{ mTimestamp=0 mSleepTimeMs=0 mIdleTimeMs=0 mTxTimeMs[]=[0, 0, 0, 0, 0] mRxTimeMs=0 mEnergyUsed=0}
07-03 19:20:50.738 14699 14699 I net.osmand: RoutingHelper Recalculate route, because correlation  : 214.74408039865548
07-03 19:20:50.738 14699 14699 I net.osmand: RoutingHelper Recalculate route, because wrong movement direction: 246.21614
07-03 19:20:50.749 14699 14699 I net.osmand: RoutingHelper Recalculate route, because correlation  : 214.74408039865548
07-03 19:20:50.751 14699 14699 I net.osmand: RoutingHelper Recalculate route, because correlation  : 214.74408039865548
07-03 19:20:50.752 14699 14699 I net.osmand: RoutingHelper Recalculate route, because wrong movement direction: 246.21614
07-03 19:20:50.893 14699 14699 I net.osmand: RoutingHelper Recalculate route, because correlation  : 214.74408039865548
07-03 19:20:51.129 14699 14709 I zygote  : Background concurrent copying GC freed 643376(14MB) AllocSpace objects, 0(0B) LOS objects, 11% free, 45MB/51MB, paused 10.879ms total 2.254s
07-03 19:20:51.228 14699 14699 I net.osmand: RoutingHelper Recalculate route, because correlation  : 214.74408039865548
07-03 19:20:51.228 14699 14699 I net.osmand: RoutingHelper Recalculate route, because wrong movement direction: 246.21614
07-03 19:20:51.252 14699 14699 I net.osmand: RoutingHelper Recalculate route, because correlation  : 214.74408039865548
07-03 19:20:51.579 14699 14699 I chatty  : uid=10104(net.osmand) identical 1 line
07-03 19:20:51.591 14699 14699 I net.osmand: RoutingHelper Recalculate route, because correlation  : 214.74408039865548
07-03 19:20:51.591 14699 14699 I net.osmand: RoutingHelper Recalculate route, because wrong movement direction: 246.21614
07-03 19:20:52.120 14699 14699 I net.osmand: RoutingHelper Recalculate route, because correlation  : 214.74408039865548
07-03 19:20:52.120 14699 14699 I net.osmand: RoutingHelper Recalculate route, because wrong movement direction: 246.21614
07-03 19:20:52.271 14699 14699 I net.osmand: RoutingHelper Recalculate route, because correlation  : 214.74408039865548
07-03 19:20:52.596 14699 14699 I net.osmand: RoutingHelper Recalculate route, because correlation  : 214.74408039865548
07-03 19:20:52.596 14699 14699 I net.osmand: RoutingHelper Recalculate route, because wrong movement direction: 246.21614
07-03 19:20:52.692 14699 14699 I net.osmand: RoutingHelper Recalculate route, because correlation  : 214.74408039865548
07-03 19:20:52.692 14699 14699 I net.osmand: RoutingHelper Recalculate route, because wrong movement direction: 246.21614
07-03 19:20:52.728 14699 14709 I zygote  : Background concurrent copying GC freed 902775(19MB) AllocSpace objects, 0(0B) LOS objects, 13% free, 39MB/45MB, paused 931us total 1.116s
07-03 19:20:52.748 14699 14699 I net.osmand: RoutingHelper Recalculate route, because correlation  : 214.74408039865548
07-03 19:20:52.791 14699 14699 I chatty  : uid=10104(net.osmand) identical 1 line
07-03 19:20:53.301 14699 14699 I net.osmand: RoutingHelper Recalculate route, because correlation  : 214.74408039865548
07-03 19:20:53.301 14699 14699 I net.osmand: RoutingHelper Recalculate route, because wrong movement direction: 246.21614
07-03 19:20:53.353 14699 14699 I net.osmand: RoutingHelper Recalculate route, because correlation  : 214.74408039865548
07-03 19:20:53.710 14699 14699 I net.osmand: RoutingHelper Recalculate route, because correlation  : 214.74408039865548
07-03 19:20:53.710 14699 14699 I net.osmand: RoutingHelper Recalculate route, because wrong movement direction: 246.21614
07-03 19:20:53.712 14699 14699 I net.osmand: RoutingHelper Recalculate route, because correlation  : 214.74408039865548
07-03 19:20:54.067 14699 14699 I net.osmand: RoutingHelper Recalculate route, because correlation  : 214.74408039865548
07-03 19:20:54.068 14699 14699 I net.osmand: RoutingHelper Recalculate route, because wrong movement direction: 246.21614
07-03 19:20:54.108 14699 14699 I net.osmand: RoutingHelper Recalculate route, because correlation  : 214.74408039865548
07-03 19:20:54.556 14699 14709 I zygote  : Background concurrent copying GC freed 638301(14MB) AllocSpace objects, 0(0B) LOS objects, 13% free, 40MB/46MB, paused 1.324ms total 1.055s
07-03 19:20:54.577 14699 14699 I net.osmand: RoutingHelper Recalculate route, because correlation  : 214.74408039865548
07-03 19:20:54.577 14699 14699 I net.osmand: RoutingHelper Recalculate route, because wrong movement direction: 246.21614
07-03 19:20:54.705 14699 14699 I net.osmand: RoutingHelper Recalculate route, because correlation  : 214.74408039865548
07-03 19:20:54.772 14699 14699 I chatty  : uid=10104(net.osmand) identical 1 line
07-03 19:20:54.840 14699 14699 I net.osmand: RoutingHelper Recalculate route, because correlation  : 214.74408039865548
07-03 19:20:54.840 14699 14699 I net.osmand: RoutingHelper Recalculate route, because wrong movement direction: 246.21614
07-03 19:20:55.389 14699 14699 I net.osmand: RoutingHelper Recalculate route, because correlation  : 214.74408039865548
07-03 19:20:55.389 14699 14699 I net.osmand: RoutingHelper Recalculate route, because wrong movement direction: 246.21614
07-03 19:20:55.404 14699 14699 I net.osmand: RoutingHelper Recalculate route, because correlation  : 214.74408039865548
07-03 19:20:55.671 14699 14699 I chatty  : uid=10104(net.osmand) identical 1 line
07-03 19:20:55.673 14699 14699 I net.osmand: RoutingHelper Recalculate route, because correlation  : 214.74408039865548
07-03 19:20:55.673 14699 14699 I net.osmand: RoutingHelper Recalculate route, because wrong movement direction: 246.21614
07-03 19:20:56.024 14699 14709 I zygote  : Background concurrent copying GC freed 654683(14MB) AllocSpace objects, 0(0B) LOS objects, 13% free, 37MB/43MB, paused 1.069ms total 1.089s
07-03 19:20:56.082 14699 14699 I net.osmand: RoutingHelper Recalculate route, because correlation  : 214.74408039865548
07-03 19:20:56.164 14699 14699 I net.osmand: RoutingHelper Recalculate route, because correlation  : 214.74408039865548
07-03 19:20:56.164 14699 14699 I net.osmand: RoutingHelper Recalculate route, because wrong movement direction: 246.21614
07-03 19:20:56.582 14699 14699 I net.osmand: RoutingHelper Recalculate route, because correlation  : 214.74408039865548
07-03 19:20:56.588 14699 14699 I net.osmand: RoutingHelper Recalculate route, because correlation  : 214.74408039865548
07-03 19:20:56.588 14699 14699 I net.osmand: RoutingHelper Recalculate route, because wrong movement direction: 246.21614
07-03 19:20:56.752 14699 14699 I net.osmand: RoutingHelper Recalculate route, because correlation  : 214.74408039865548
07-03 19:20:56.769 14699 14699 I net.osmand: RoutingHelper Recalculate route, because correlation  : 214.74408039865548
07-03 19:20:56.769 14699 14699 I net.osmand: RoutingHelper Recalculate route, because wrong movement direction: 246.21614
07-03 19:20:57.257 14699 14709 I zygote  : Background concurrent copying GC freed 554486(12MB) AllocSpace objects, 0(0B) LOS objects, 15% free, 33MB/39MB, paused 13.027ms total 595.695ms
07-03 19:20:57.485 14699 14699 I net.osmand: RoutingHelper Recalculate route, because correlation  : 214.74408039865548
07-03 19:20:57.485 14699 14699 I net.osmand: RoutingHelper Recalculate route, because wrong movement direction: 246.21614
07-03 19:20:57.489 14699 14699 I net.osmand: RoutingHelper Recalculate route, because correlation  : 214.74408039865548
07-03 19:20:57.625 14699 14699 I chatty  : uid=10104(net.osmand) identical 1 line
07-03 19:20:57.649 14699 14699 I net.osmand: RoutingHelper Recalculate route, because correlation  : 214.74408039865548
07-03 19:20:57.649 14699 14699 I net.osmand: RoutingHelper Recalculate route, because wrong movement direction: 246.21614
07-03 19:20:58.118 14699 14699 I net.osmand: RoutingHelper Recalculate route, because correlation  : 214.74408039865548
07-03 19:20:58.118 14699 14699 I net.osmand: RoutingHelper Recalculate route, because wrong movement direction: 246.21614
07-03 19:20:58.201 14699 14699 I net.osmand: RoutingHelper Recalculate route, because correlation  : 214.74408039865548
07-03 19:20:58.375  1604 21826 D NetworkMonitor/NetworkAgentInfo [WIFI () - 101]: PROBE_HTTP http://connectivitycheck.gstatic.com/generate_204 Probe failed with exception java.net.SocketTimeoutException: timeout
07-03 19:20:58.624 14699 14699 I net.osmand: RoutingHelper Recalculate route, because correlation  : 214.74408039865548
07-03 19:20:58.625 14699 14699 I net.osmand: RoutingHelper Recalculate route, because wrong movement direction: 246.21614
07-03 19:20:58.810 14699 14699 I net.osmand: RoutingHelper Recalculate route, because correlation  : 214.74408039865548
07-03 19:20:58.859 14699 14699 I net.osmand: RoutingHelper Recalculate route, because correlation  : 214.74408039865548
07-03 19:20:58.859 14699 14699 I net.osmand: RoutingHelper Recalculate route, because wrong movement direction: 246.21614
07-03 19:20:58.920 14699 14699 I net.osmand: RoutingHelper Recalculate route, because correlation  : 214.74408039865548
07-03 19:20:59.004 14699 14709 I zygote  : Background concurrent copying GC freed 363243(8MB) AllocSpace objects, 0(0B) LOS objects, 12% free, 43MB/49MB, paused 4.442ms total 1.364s
07-03 19:20:59.459 14699 14699 I net.osmand: RoutingHelper Recalculate route, because correlation  : 214.74408039865548
07-03 19:20:59.515 14699 14699 I net.osmand: RoutingHelper Recalculate route, because correlation  : 214.74408039865548
07-03 19:20:59.516 14699 14699 I net.osmand: RoutingHelper Recalculate route, because wrong movement direction: 246.21614
07-03 19:20:59.630 14699 14699 I net.osmand: RoutingHelper Recalculate route, because correlation  : 214.74408039865548
07-03 19:20:59.761 14699 14699 I net.osmand: RoutingHelper Recalculate route, because correlation  : 214.74408039865548
07-03 19:20:59.761 14699 14699 I net.osmand: RoutingHelper Recalculate route, because wrong movement direction: 246.21614
07-03 19:21:00.270 14699 14699 I net.osmand: RoutingHelper Recalculate route, because correlation  : 214.74408039865548
07-03 19:21:00.270 14699 14699 I net.osmand: RoutingHelper Recalculate route, because wrong movement direction: 246.21614
07-03 19:21:00.494 14699 14699 I net.osmand: RoutingHelper Recalculate route, because correlation  : 214.74408039865548
07-03 19:21:00.665 14699 14699 I net.osmand: RoutingHelper Recalculate route, because correlation  : 214.74408039865548
07-03 19:21:00.666 14699 14699 I net.osmand: RoutingHelper Recalculate route, because wrong movement direction: 246.21614
07-03 19:21:00.805 14699 14699 I net.osmand: RoutingHelper Recalculate route, because correlation  : 214.74408039865548
07-03 19:21:00.992 14699 14699 I net.osmand: RoutingHelper Recalculate route, because correlation  : 214.74408039865548
07-03 19:21:00.993 14699 14699 I net.osmand: RoutingHelper Recalculate route, because wrong movement direction: 246.21614
07-03 19:21:01.100 14699 14699 I net.osmand: RoutingHelper Recalculate route, because correlation  : 214.74408039865548
07-03 19:21:01.337  1604  2952 D NetworkMonitor/NetworkAgentInfo [WIFI () - 101]: PROBE_FALLBACK http://play.googleapis.com/generate_204 Probe failed with exception java.net.SocketTimeoutException: timeout
07-03 19:21:01.435 14699 14709 I zygote  : Background concurrent copying GC freed 812475(17MB) AllocSpace objects, 0(0B) LOS objects, 11% free, 47MB/53MB, paused 2.478ms total 1.786s
07-03 19:21:01.521 14699 14699 I net.osmand: RoutingHelper Recalculate route, because correlation  : 214.74408039865548
07-03 19:21:01.521 14699 14699 I net.osmand: RoutingHelper Recalculate route, because wrong movement direction: 246.21614
07-03 19:21:01.546 14699 14699 I net.osmand: RoutingHelper Recalculate route, because correlation  : 214.74408039865548
07-03 19:21:01.612 14699 14699 I chatty  : uid=10104(net.osmand) identical 1 line
07-03 19:21:01.615 14699 14699 I net.osmand: RoutingHelper Recalculate route, because correlation  : 214.74408039865548
07-03 19:21:01.615 14699 14699 I net.osmand: RoutingHelper Recalculate route, because wrong movement direction: 246.21614
07-03 19:21:02.169 14699 14699 I net.osmand: RoutingHelper Recalculate route, because correlation  : 214.74408039865548
07-03 19:21:02.169 14699 14699 I net.osmand: RoutingHelper Recalculate route, because wrong movement direction: 246.21614
07-03 19:21:02.258 14699 14699 I net.osmand: RoutingHelper Recalculate route, because correlation  : 214.74408039865548
07-03 19:21:02.650 14699 14699 I net.osmand: RoutingHelper Recalculate route, because correlation  : 214.74408039865548
07-03 19:21:02.651 14699 14699 I net.osmand: RoutingHelper Recalculate route, because wrong movement direction: 246.21614
07-03 19:21:02.728 14699 14699 I net.osmand: RoutingHelper Recalculate route, because correlation  : 214.74408039865548
07-03 19:21:02.874 14699 14699 I chatty  : uid=10104(net.osmand) identical 1 line
07-03 19:21:02.876 14699 14699 I net.osmand: RoutingHelper Recalculate route, because correlation  : 214.74408039865548
07-03 19:21:02.877 14699 14699 I net.osmand: RoutingHelper Recalculate route, because wrong movement direction: 246.21614
07-03 19:21:03.336 14699 14709 I zygote  : Background concurrent copying GC freed 1019897(22MB) AllocSpace objects, 0(0B) LOS objects, 13% free, 39MB/45MB, paused 15.104ms total 1.110s
07-03 19:21:03.514 14699 14699 I net.osmand: RoutingHelper Recalculate route, because correlation  : 214.74408039865548
07-03 19:21:03.565 14699 14699 I net.osmand: RoutingHelper Recalculate route, because correlation  : 214.74408039865548
07-03 19:21:03.565 14699 14699 I net.osmand: RoutingHelper Recalculate route, because wrong movement direction: 246.21614
07-03 19:21:03.705 14699 14699 I net.osmand: RoutingHelper Recalculate route, because correlation  : 214.74408039865548
07-03 19:21:03.705 14699 14699 I net.osmand: RoutingHelper Recalculate route, because wrong movement direction: 246.21614
07-03 19:21:03.929 14699 14699 I net.osmand: RoutingHelper Recalculate route, because correlation  : 214.74408039865548
07-03 19:21:04.252 14699 14699 I net.osmand: RoutingHelper Recalculate route, because correlation  : 214.74408039865548
07-03 19:21:04.252 14699 14699 I net.osmand: RoutingHelper Recalculate route, because wrong movement direction: 246.21614
07-03 19:21:04.352 14699 14699 I net.osmand: RoutingHelper Recalculate route, because correlation  : 214.74408039865548
07-03 19:21:04.631 14699 14699 I net.osmand: RoutingHelper Recalculate route, because correlation  : 214.74408039865548
07-03 19:21:04.631 14699 14699 I net.osmand: RoutingHelper Recalculate route, because wrong movement direction: 246.21614
07-03 19:21:04.678 14699 14699 I net.osmand: RoutingHelper Recalculate route, because correlation  : 214.74408039865548
07-03 19:21:05.019 14699 14699 I net.osmand: RoutingHelper Recalculate route, because correlation  : 214.74408039865548
07-03 19:21:05.019 14699 14699 I net.osmand: RoutingHelper Recalculate route, because wrong movement direction: 246.21614
07-03 19:21:05.081 14699 14699 I net.osmand: RoutingHelper Recalculate route, because correlation  : 214.74408039865548
07-03 19:21:05.169 14699 14709 I zygote  : Background concurrent copying GC freed 634436(13MB) AllocSpace objects, 0(0B) LOS objects, 13% free, 38MB/44MB, paused 1.383ms total 1.053s
07-03 19:21:05.517 14699 14699 I net.osmand: RoutingHelper Recalculate route, because correlation  : 214.74408039865548
07-03 19:21:05.530 14699 14699 I net.osmand: RoutingHelper Recalculate route, because correlation  : 214.74408039865548
07-03 19:21:05.530 14699 14699 I net.osmand: RoutingHelper Recalculate route, because wrong movement direction: 246.21614
07-03 19:21:05.601 14699 14699 I net.osmand: RoutingHelper Recalculate route, because correlation  : 214.74408039865548
07-03 19:21:05.601 14699 14699 I net.osmand: RoutingHelper Recalculate route, because wrong movement direction: 246.21614
07-03 19:21:05.616 14699 14699 I net.osmand: RoutingHelper Recalculate route, because correlation  : 214.74408039865548
07-03 19:21:06.209 14699 14709 I zygote  : Background concurrent copying GC freed 597208(13MB) AllocSpace objects, 0(0B) LOS objects, 15% free, 32MB/38MB, paused 5.009ms total 451.480ms
07-03 19:21:06.308 14699 14699 I net.osmand: RoutingHelper Recalculate route, because correlation  : 214.74408039865548
07-03 19:21:06.346 14699 14699 I net.osmand: RoutingHelper Recalculate route, because correlation  : 214.74408039865548
07-03 19:21:06.346 14699 14699 I net.osmand: RoutingHelper Recalculate route, because wrong movement direction: 246.21614
07-03 19:21:06.365  1970  1970 I GeofencerStateMachine: sendNewTransitions called.
07-03 19:21:06.491  1604  4621 I WifiService: acquireWifiLock uid=10014 lockMode=2
07-03 19:21:06.564 14699 14699 I net.osmand: RoutingHelper Recalculate route, because correlation  : 214.74408039865548
07-03 19:21:06.625 14699 14699 I net.osmand: RoutingHelper Recalculate route, because correlation  : 214.74408039865548
07-03 19:21:06.625 14699 14699 I net.osmand: RoutingHelper Recalculate route, because wrong movement direction: 246.21614
07-03 19:21:06.856  1604  5450 I WifiService: releaseWifiLock uid=10014
07-03 19:21:07.576 14699 14699 I net.osmand: RoutingHelper Recalculate route, because correlation  : 214.74408039865548
07-03 19:21:07.576 14699 14699 I net.osmand: RoutingHelper Recalculate route, because wrong movement direction: 246.21614
07-03 19:21:07.669 14699 14699 I net.osmand: RoutingHelper Recalculate route, because correlation  : 214.74408039865548
07-03 19:21:07.672 14699 14699 I net.osmand: RoutingHelper Recalculate route, because correlation  : 214.74408039865548
07-03 19:21:07.672 14699 14699 I net.osmand: RoutingHelper Recalculate route, because wrong movement direction: 246.21614
07-03 19:21:07.729 14699 14699 I net.osmand: RoutingHelper Recalculate route, because correlation  : 214.74408039865548
07-03 19:21:08.019 14699 14699 I net.osmand: RoutingHelper Recalculate route, because correlation  : 214.74408039865548
07-03 19:21:08.019 14699 14699 I net.osmand: RoutingHelper Recalculate route, because wrong movement direction: 246.21614
07-03 19:21:08.056 14699 14699 I net.osmand: RoutingHelper Recalculate route, because correlation  : 214.74408039865548
07-03 19:21:08.284 14699 14709 I zygote  : Background concurrent copying GC freed 329644(7MB) AllocSpace objects, 0(0B) LOS objects, 13% free, 39MB/45MB, paused 18.829ms total 1.292s
07-03 19:21:08.447  1604 21825 D NetworkMonitor/NetworkAgentInfo [WIFI () - 101]: PROBE_HTTPS https://www.google.com/generate_204 Probe failed with exception java.net.SocketTimeoutException: failed to connect to www.google.com/2800:3f0:4001:801::2004 (port 443) from /fec0::1587:c5fa:9b19:7831 (port 43163) after 10000ms
07-03 19:21:08.451  1604  1682 D ConnectivityService: NetworkAgentInfo [WIFI () - 101] validation failed
07-03 19:21:08.452  1604  1678 D WifiStateMachine: NETWORK_STATUS_UNWANTED_VALIDATION_FAILED
07-03 19:21:08.569 14699 14699 I net.osmand: RoutingHelper Recalculate route, because correlation  : 214.74408039865548
07-03 19:21:08.569 14699 14699 I net.osmand: RoutingHelper Recalculate route, because wrong movement direction: 246.21614
07-03 19:21:08.574 14699 14699 I net.osmand: RoutingHelper Recalculate route, because correlation  : 214.74408039865548
07-03 19:21:08.797 14699 14699 I net.osmand: RoutingHelper Recalculate route, because correlation  : 214.74408039865548
07-03 19:21:08.797 14699 14699 I net.osmand: RoutingHelper Recalculate route, because wrong movement direction: 246.21614
07-03 19:21:08.830 14699 14699 I net.osmand: RoutingHelper Recalculate route, because correlation  : 214.74408039865548
07-03 19:21:09.350 14699 14699 I chatty  : uid=10104(net.osmand) identical 1 line
07-03 19:21:09.454 14699 14699 I net.osmand: RoutingHelper Recalculate route, because correlation  : 214.74408039865548
07-03 19:21:09.454 14699 14699 I net.osmand: RoutingHelper Recalculate route, because wrong movement direction: 246.21614
07-03 19:21:09.619 14699 14699 I net.osmand: RoutingHelper Recalculate route, because correlation  : 214.74408039865548
07-03 19:21:09.619 14699 14699 I net.osmand: RoutingHelper Recalculate route, because wrong movement direction: 246.21614
07-03 19:21:09.805 14699 14699 I net.osmand: RoutingHelper Recalculate route, because correlation  : 214.74408039865548
07-03 19:21:10.095 14699 14699 I net.osmand: RoutingHelper Recalculate route, because correlation  : 214.74408039865548
07-03 19:21:10.095 14699 14699 I net.osmand: RoutingHelper Recalculate route, because wrong movement direction: 246.21614
07-03 19:21:10.177 14699 14699 I net.osmand: RoutingHelper Recalculate route, because correlation  : 214.74408039865548
07-03 19:21:10.479  1604 21830 D NetworkMonitor/NetworkAgentInfo [WIFI () - 101]: PROBE_DNS www.google.com 17ms OK 172.217.28.228,2800:3f0:4001:801::2004
07-03 19:21:10.508  1604 21831 D NetworkMonitor/NetworkAgentInfo [WIFI () - 101]: PROBE_DNS connectivitycheck.gstatic.com 44ms OK 172.217.172.131,2800:3f0:4001:81a::2003
07-03 19:21:10.724 14699 14699 I net.osmand: RoutingHelper Recalculate route, because correlation  : 214.74408039865548
07-03 19:21:10.724 14699 14699 I net.osmand: RoutingHelper Recalculate route, because wrong movement direction: 246.21614
07-03 19:21:10.761 14699 14709 I zygote  : Background concurrent copying GC freed 626982(13MB) AllocSpace objects, 0(0B) LOS objects, 11% free, 45MB/51MB, paused 2.673ms total 1.727s
07-03 19:21:10.816 14699 14699 I net.osmand: RoutingHelper Recalculate route, because correlation  : 214.74408039865548
07-03 19:21:10.816 14699 14699 I net.osmand: RoutingHelper Recalculate route, because wrong movement direction: 246.21614
07-03 19:21:10.826 14699 14699 I net.osmand: RoutingHelper Recalculate route, because correlation  : 214.74408039865548
07-03 19:21:10.873 14699 14699 I chatty  : uid=10104(net.osmand) identical 1 line
07-03 19:21:11.458 14699 14699 I net.osmand: RoutingHelper Recalculate route, because correlation  : 214.74408039865548
07-03 19:21:11.458 14699 14699 I net.osmand: RoutingHelper Recalculate route, because wrong movement direction: 246.21614
07-03 19:21:11.598 14699 14699 I net.osmand: RoutingHelper Recalculate route, because correlation  : 214.74408039865548
07-03 19:21:11.658 14699 14699 I net.osmand: RoutingHelper Recalculate route, because correlation  : 214.74408039865548
07-03 19:21:11.658 14699 14699 I net.osmand: RoutingHelper Recalculate route, because wrong movement direction: 246.21614
07-03 19:21:11.820 14699 14699 I net.osmand: RoutingHelper Recalculate route, because correlation  : 214.74408039865548
07-03 19:21:12.096 14699 14699 I chatty  : uid=10104(net.osmand) identical 1 line
07-03 19:21:12.209 14699 14699 I net.osmand: RoutingHelper Recalculate route, because correlation  : 214.74408039865548
07-03 19:21:12.210 14699 14699 I net.osmand: RoutingHelper Recalculate route, because wrong movement direction: 246.21614
07-03 19:21:12.637 14699 14699 I net.osmand: RoutingHelper Recalculate route, because correlation  : 214.74408039865548
07-03 19:21:12.663 14699 14699 I net.osmand: RoutingHelper Recalculate route, because correlation  : 214.74408039865548
07-03 19:21:12.663 14699 14699 I net.osmand: RoutingHelper Recalculate route, because wrong movement direction: 246.21614
07-03 19:21:12.888 14699 14709 I zygote  : Background concurrent copying GC freed 892750(19MB) AllocSpace objects, 0(0B) LOS objects, 12% free, 43MB/49MB, paused 957us total 1.408s
07-03 19:21:12.980 14699 14699 I net.osmand: RoutingHelper Recalculate route, because correlation  : 214.74408039865548
07-03 19:21:12.980 14699 14699 I net.osmand: RoutingHelper Recalculate route, because wrong movement direction: 246.21614
07-03 19:21:12.984 14699 14699 I net.osmand: RoutingHelper Recalculate route, because correlation  : 214.74408039865548
07-03 19:21:13.485 14699 14699 I chatty  : uid=10104(net.osmand) identical 1 line
07-03 19:21:13.500 14699 14699 I net.osmand: RoutingHelper Recalculate route, because correlation  : 214.74408039865548
07-03 19:21:13.500 14699 14699 I net.osmand: RoutingHelper Recalculate route, because wrong movement direction: 246.21614
07-03 19:21:13.809 14699 14699 I net.osmand: RoutingHelper Recalculate route, because correlation  : 214.74408039865548
07-03 19:21:13.809 14699 14699 I net.osmand: RoutingHelper Recalculate route, because wrong movement direction: 246.21614
07-03 19:21:13.918 14699 14699 I net.osmand: RoutingHelper Recalculate route, because correlation  : 214.74408039865548
07-03 19:21:14.269 14699 14699 I chatty  : uid=10104(net.osmand) identical 1 line
07-03 19:21:14.313 14699 14699 I net.osmand: RoutingHelper Recalculate route, because correlation  : 214.74408039865548
07-03 19:21:14.313 14699 14699 I net.osmand: RoutingHelper Recalculate route, because wrong movement direction: 246.21614
07-03 19:21:14.413 14699 14709 I zygote  : Background concurrent copying GC freed 799052(17MB) AllocSpace objects, 0(0B) LOS objects, 12% free, 40MB/46MB, paused 1.481ms total 984.643ms
07-03 19:21:14.624 14699 14699 I net.osmand: RoutingHelper Recalculate route, because correlation  : 214.74408039865548
07-03 19:21:14.624 14699 14699 I net.osmand: RoutingHelper Recalculate route, because wrong movement direction: 246.21614
07-03 19:21:14.784 14699 14699 I net.osmand: RoutingHelper Recalculate route, because correlation  : 214.74408039865548
07-03 19:21:14.850 14699 14699 I zygote  : IncrementDisableThreadFlip blocked for 7.552ms
07-03 19:21:14.919 14699 14699 I net.osmand: RoutingHelper Recalculate route, because correlation  : 214.74408039865548
07-03 19:21:14.968 14699 14699 I net.osmand: RoutingHelper Recalculate route, because correlation  : 214.74408039865548
07-03 19:21:14.969 14699 14699 I net.osmand: RoutingHelper Recalculate route, because wrong movement direction: 246.21614
07-03 19:21:15.579 14699 14699 I net.osmand: RoutingHelper Recalculate route, because correlation  : 214.74408039865548
07-03 19:21:15.629 14699 14699 I net.osmand: RoutingHelper Recalculate route, because correlation  : 214.74408039865548
07-03 19:21:15.630 14699 14699 I net.osmand: RoutingHelper Recalculate route, because wrong movement direction: 246.21614
07-03 19:21:15.688 14699 14699 I net.osmand: RoutingHelper Recalculate route, because correlation  : 214.74408039865548
07-03 19:21:15.693 14699 14699 I net.osmand: RoutingHelper Recalculate route, because correlation  : 214.74408039865548
07-03 19:21:15.694 14699 14699 I net.osmand: RoutingHelper Recalculate route, because wrong movement direction: 246.21614
07-03 19:21:15.890 14699 14709 I zygote  : Background concurrent copying GC freed 681414(15MB) AllocSpace objects, 0(0B) LOS objects, 13% free, 38MB/44MB, paused 3.597ms total 1.052s
07-03 19:21:16.278 14699 14699 I net.osmand: RoutingHelper Recalculate route, because correlation  : 214.74408039865548
07-03 19:21:16.299 14699 14699 I net.osmand: RoutingHelper Recalculate route, because correlation  : 214.74408039865548
07-03 19:21:16.300 14699 14699 I net.osmand: RoutingHelper Recalculate route, because wrong movement direction: 246.21614
07-03 19:21:16.577 14699 14699 I net.osmand: RoutingHelper Recalculate route, because correlation  : 214.74408039865548
07-03 19:21:16.577 14699 14699 I net.osmand: RoutingHelper Recalculate route, because wrong movement direction: 246.21614
07-03 19:21:16.723 14699 14699 I net.osmand: RoutingHelper Recalculate route, because correlation  : 214.74408039865548
07-03 19:21:16.999 14699 14699 I chatty  : uid=10104(net.osmand) identical 1 line
07-03 19:21:17.133 14699 14699 I net.osmand: RoutingHelper Recalculate route, because correlation  : 214.74408039865548
07-03 19:21:17.133 14699 14699 I net.osmand: RoutingHelper Recalculate route, because wrong movement direction: 246.21614
07-03 19:21:17.627 14699 14709 I zygote  : Background concurrent copying GC freed 617506(13MB) AllocSpace objects, 0(0B) LOS objects, 12% free, 40MB/46MB, paused 1.223ms total 1.186s
07-03 19:21:17.704 14699 14699 I net.osmand: RoutingHelper Recalculate route, because correlation  : 214.74408039865548
07-03 19:21:17.799 14699 14699 I net.osmand: RoutingHelper Recalculate route, because correlation  : 214.74408039865548
07-03 19:21:17.799 14699 14699 I net.osmand: RoutingHelper Recalculate route, because wrong movement direction: 246.21614
07-03 19:21:17.810 14699 14699 I net.osmand: RoutingHelper Recalculate route, because correlation  : 214.74408039865548
07-03 19:21:17.866 14699 14699 I net.osmand: RoutingHelper Recalculate route, because correlation  : 214.74408039865548
07-03 19:21:17.867 14699 14699 I net.osmand: RoutingHelper Recalculate route, because wrong movement direction: 246.21614
07-03 19:21:18.384 14699 14699 I net.osmand: RoutingHelper Recalculate route, because correlation  : 214.74408039865548
07-03 19:21:18.499 14699 14699 I net.osmand: RoutingHelper Recalculate route, because correlation  : 214.74408039865548
07-03 19:21:18.499 14699 14699 I net.osmand: RoutingHelper Recalculate route, because wrong movement direction: 246.21614
07-03 19:21:18.730 14699 14699 I net.osmand: RoutingHelper Recalculate route, because correlation  : 214.74408039865548
07-03 19:21:18.734 14699 14699 I net.osmand: RoutingHelper Recalculate route, because correlation  : 214.74408039865548
07-03 19:21:18.734 14699 14699 I net.osmand: RoutingHelper Recalculate route, because wrong movement direction: 246.21614
07-03 19:21:19.058 14699 14699 I net.osmand: RoutingHelper Recalculate route, because correlation  : 214.74408039865548
07-03 19:21:19.107 14699 14699 I net.osmand: RoutingHelper Recalculate route, because correlation  : 214.74408039865548
07-03 19:21:19.107 14699 14699 I net.osmand: RoutingHelper Recalculate route, because wrong movement direction: 246.21614
07-03 19:21:19.480  1604 21831 D NetworkMonitor/NetworkAgentInfo [WIFI () - 101]: PROBE_HTTP http://connectivitycheck.gstatic.com/generate_204 Probe failed with exception java.net.ConnectException: Failed to connect to connectivitycheck.gstatic.com/2800:3f0:4001:81a::2003:80
07-03 19:21:19.481  1604 21830 D NetworkMonitor/NetworkAgentInfo [WIFI () - 101]: PROBE_HTTPS https://www.google.com/generate_204 Probe failed with exception java.net.ConnectException: Failed to connect to www.google.com/2800:3f0:4001:801::2004:443
07-03 19:21:19.498  1604  2952 D NetworkMonitor/NetworkAgentInfo [WIFI () - 101]: PROBE_FALLBACK http://www.google.com/gen_204 Probe failed with exception java.net.ConnectException: Failed to connect to www.google.com/2800:3f0:4001:801::2004:80
07-03 19:21:19.503  1604  1678 D WifiStateMachine: NETWORK_STATUS_UNWANTED_VALIDATION_FAILED
07-03 19:21:19.665 14699 14709 I zygote  : Background concurrent copying GC freed 678049(14MB) AllocSpace objects, 0(0B) LOS objects, 11% free, 46MB/52MB, paused 1.341ms total 1.720s
07-03 19:21:19.755 14699 14699 I net.osmand: RoutingHelper Recalculate route, because correlation  : 214.74408039865548
07-03 19:21:19.756 14699 14699 I net.osmand: RoutingHelper Recalculate route, because wrong movement direction: 246.21614
07-03 19:21:19.825 14699 14699 I net.osmand: RoutingHelper Recalculate route, because correlation  : 214.74408039865548
07-03 19:21:19.826 14699 14699 I net.osmand: RoutingHelper Recalculate route, because wrong movement direction: 246.21614
07-03 19:21:19.938 14699 14699 I net.osmand: RoutingHelper Recalculate route, because correlation  : 214.74408039865548
