06-28 17:44:34.147  5258  5258 W ResourceType: For resource 0x7f0e017e, entry index(382) is beyond type entryCount(142)
06-28 17:44:34.148  5258  5258 W ResourceType: For resource 0x7f0e017f, entry index(383) is beyond type entryCount(142)
06-28 17:44:34.148  5258  5258 W ResourceType: For resource 0x7f0e0196, entry index(406) is beyond type entryCount(142)
06-28 17:44:34.148  5258  5258 W ResourceType: For resource 0x7f0e0197, entry index(407) is beyond type entryCount(142)
06-28 17:44:34.148  5258  5258 W ResourceType: For resource 0x7f0e0140, entry index(320) is beyond type entryCount(142)
06-28 17:44:34.150  5258  5258 W ResourceType: For resource 0x7f0e00e7, entry index(231) is beyond type entryCount(142)
06-28 17:44:34.150  5258  5258 W ResourceType: For resource 0x7f0e0194, entry index(404) is beyond type entryCount(142)
06-28 17:44:34.151  5258  5258 W ResourceType: For resource 0x7f0e01a5, entry index(421) is beyond type entryCount(142)
06-28 17:44:34.151  5258  5258 W ResourceType: For resource 0x7f0e017d, entry index(381) is beyond type entryCount(142)
06-28 17:44:34.151  5258  5258 W ResourceType: For resource 0x7f0e017b, entry index(379) is beyond type entryCount(142)
06-28 17:44:34.151  5258  5258 W ResourceType: For resource 0x7f0e010f, entry index(271) is beyond type entryCount(142)
06-28 17:44:34.151  5258  5258 W ResourceType: For resource 0x7f0e00f8, entry index(248) is beyond type entryCount(142)
06-28 17:44:34.152  5258  5258 W ResourceType: For resource 0x7f0e010f, entry index(271) is beyond type entryCount(142)
06-28 17:44:34.152  5258  5258 W ResourceType: For resource 0x7f0e0122, entry index(290) is beyond type entryCount(142)
06-28 17:44:34.152  5258  5258 W ResourceType: For resource 0x7f0e010b, entry index(267) is beyond type entryCount(142)
06-28 17:44:34.152  5258  5258 W ResourceType: For resource 0x7f0e010c, entry index(268) is beyond type entryCount(142)
06-28 17:44:34.153  5258  5258 W ResourceType: For resource 0x7f0e01ad, entry index(429) is beyond type entryCount(142)
06-28 17:44:34.153  5258  5258 W ResourceType: For resource 0x7f0e01ac, entry index(428) is beyond type entryCount(142)
06-28 17:44:34.159  1397  1448 D gralloc_ranchu: gralloc_alloc: Creating ashmem region of size 544768
06-28 17:44:34.275  5258  5258 W ResourceType: For resource 0x7f0e01c4, entry index(452) is beyond type entryCount(142)
06-28 17:44:34.275  5258  5258 W ResourceType: For resource 0x7f0e01c4, entry index(452) is beyond type entryCount(142)
06-28 17:44:34.275  5258  5258 W ResourceType: For resource 0x7f0e0183, entry index(387) is beyond type entryCount(142)
06-28 17:44:34.275  5258  5258 W ResourceType: For resource 0x7f0e0187, entry index(391) is beyond type entryCount(142)
06-28 17:44:34.275  5258  5258 W ResourceType: For resource 0x7f0e0185, entry index(389) is beyond type entryCount(142)
06-28 17:44:34.275  5258  5258 W ResourceType: For resource 0x7f0e015d, entry index(349) is beyond type entryCount(142)
06-28 17:44:34.275  5258  5258 W ResourceType: For resource 0x7f0e0195, entry index(405) is beyond type entryCount(142)
06-28 17:44:34.275  5258  5258 W ResourceType: For resource 0x7f0e016c, entry index(364) is beyond type entryCount(142)
06-28 17:44:34.275  5258  5258 W ResourceType: For resource 0x7f0e0163, entry index(355) is beyond type entryCount(142)
06-28 17:44:34.275  5258  5258 W ResourceType: For resource 0x7f0e00db, entry index(219) is beyond type entryCount(142)
06-28 17:44:34.275  5258  5258 W ResourceType: For resource 0x7f0e0193, entry index(403) is beyond type entryCount(142)
06-28 17:44:34.275  5258  5258 W ResourceType: For resource 0x7f0e016f, entry index(367) is beyond type entryCount(142)
06-28 17:44:34.276  5258  5258 W ResourceType: For resource 0x7f0e0161, entry index(353) is beyond type entryCount(142)
06-28 17:44:34.276  5258  5258 W ResourceType: For resource 0x7f0e0170, entry index(368) is beyond type entryCount(142)
06-28 17:44:34.276  5258  5258 W ResourceType: For resource 0x7f0e0174, entry index(372) is beyond type entryCount(142)
06-28 17:44:34.276  5258  5258 W ResourceType: For resource 0x7f0e0174, entry index(372) is beyond type entryCount(142)
06-28 17:44:34.276  1976  9563 W Conscrypt: Could not set socket write timeout: java.net.SocketException: Socket closed
06-28 17:44:34.276  5258  5258 W ResourceType: For resource 0x7f0e0174, entry index(372) is beyond type entryCount(142)
06-28 17:44:34.276  5258  5258 W ResourceType: For resource 0x7f0e0174, entry index(372) is beyond type entryCount(142)
06-28 17:44:34.276  5258  5258 W ResourceType: For resource 0x7f0e0177, entry index(375) is beyond type entryCount(142)
06-28 17:44:34.276  1976  9563 W Conscrypt: 	at com.google.android.gms.org.conscrypt.Platform.setSocketWriteTimeout(:com.google.android.gms@17785022@17.7.85 (040700-253824076):2)
06-28 17:44:34.276  5258  5258 W ResourceType: For resource 0x7f0e0160, entry index(352) is beyond type entryCount(142)
06-28 17:44:34.276  1976  9563 W Conscrypt: 	at com.google.android.gms.org.conscrypt.ConscryptFileDescriptorSocket.setSoWriteTimeout(:com.google.android.gms@17785022@17.7.85 (040700-253824076):2)
06-28 17:44:34.276  5258  5258 W ResourceType: For resource 0x7f0e0199, entry index(409) is beyond type entryCount(142)
06-28 17:44:34.276  5258  5258 W ResourceType: For resource 0x7f0e017e, entry index(382) is beyond type entryCount(142)
06-28 17:44:34.276  5258  5258 W ResourceType: For resource 0x7f0e017f, entry index(383) is beyond type entryCount(142)
06-28 17:44:34.276  5258  5258 W ResourceType: For resource 0x7f0e0196, entry index(406) is beyond type entryCount(142)
06-28 17:44:34.276  5258  5258 W ResourceType: For resource 0x7f0e0197, entry index(407) is beyond type entryCount(142)
06-28 17:44:34.276  5258  5258 W ResourceType: For resource 0x7f0e0140, entry index(320) is beyond type entryCount(142)
06-28 17:44:34.276  5258  5258 W ResourceType: For resource 0x7f0e00e7, entry index(231) is beyond type entryCount(142)
06-28 17:44:34.277  5258  5258 W ResourceType: For resource 0x7f0e0194, entry index(404) is beyond type entryCount(142)
06-28 17:44:34.277  5258  5258 W ResourceType: For resource 0x7f0e01a5, entry index(421) is beyond type entryCount(142)
06-28 17:44:34.278  5258  5258 W ResourceType: For resource 0x7f0e017d, entry index(381) is beyond type entryCount(142)
06-28 17:44:34.278  5258  5258 W ResourceType: For resource 0x7f0e017b, entry index(379) is beyond type entryCount(142)
06-28 17:44:34.278  5258  5258 W ResourceType: For resource 0x7f0e010f, entry index(271) is beyond type entryCount(142)
06-28 17:44:34.278  5258  5258 W ResourceType: For resource 0x7f0e00f8, entry index(248) is beyond type entryCount(142)
06-28 17:44:34.278  5258  5258 W ResourceType: For resource 0x7f0e010f, entry index(271) is beyond type entryCount(142)
06-28 17:44:34.278  5258  5258 W ResourceType: For resource 0x7f0e0122, entry index(290) is beyond type entryCount(142)
06-28 17:44:34.278  5258  5258 W ResourceType: For resource 0x7f0e010b, entry index(267) is beyond type entryCount(142)
06-28 17:44:34.278  5258  5258 W ResourceType: For resource 0x7f0e010c, entry index(268) is beyond type entryCount(142)
06-28 17:44:34.278  5258  5258 W ResourceType: For resource 0x7f0e01ad, entry index(429) is beyond type entryCount(142)
06-28 17:44:34.279  5258  5258 W ResourceType: For resource 0x7f0e01ac, entry index(428) is beyond type entryCount(142)
06-28 17:44:34.366  1596  5058 W LocalDisplayAdapter: Unable to find color mode 0, ignoring request.
06-28 17:44:34.396  1596  1663 I InputReader: Reconfiguring input devices.  changes=0x00000004
06-28 17:44:34.402  1596  1621 W WindowManager: Window freeze timeout expired.
06-28 17:44:34.402  1596  1621 W WindowManager: Force clearing orientation change: Window{367a9df u0 StatusBar}
06-28 17:44:34.402  1596  1621 W WindowManager: Force clearing orientation change: Window{a8a5300 u0 com.google.android.apps.nexuslauncher/com.google.android.apps.nexuslauncher.NexusLauncherActivity}
06-28 17:44:34.403  1596  1621 W WindowManager: Force clearing orientation change: Window{715c0fd u0 com.android.systemui.ImageWallpaper}
06-28 17:44:34.410  1596  1647 I WindowManager: Screen frozen for +2s24ms due to Window{367a9df u0 StatusBar}
06-28 17:44:34.425  1713  1713 D EGL_emulation: eglCreateContext: 0xa1c06b40: maj 2 min 0 rcv 2
06-28 17:44:34.439  1713  1713 D EGL_emulation: eglMakeCurrent: 0xa1c06b40: ver 2 0 (tinfo 0x8d53f050)
06-28 17:44:34.447  5258  5258 W ResourceType: For resource 0x7f0e017f, entry index(383) is beyond type entryCount(142)
06-28 17:44:34.447  5258  5258 W ResourceType: For resource 0x7f0e0091, entry index(145) is beyond type entryCount(142)
06-28 17:44:34.465  1397  1448 D gralloc_ranchu: gralloc_alloc: Creating ashmem region of size 9547776
06-28 17:44:34.501  1713  1713 D EGL_emulation: eglMakeCurrent: 0xa1c06b40: ver 2 0 (tinfo 0x8d53f050)
06-28 17:44:34.572  1697  1697 I KeyboardViewUtil: systemKeyboardHeightRatio:1.000000; userKeyboardHeightRatio:1.000000.
06-28 17:44:34.641  1697  1697 I DeviceStatusMonitor: onReceive() : Action = android.intent.action.CONFIGURATION_CHANGED
06-28 17:44:34.642  1697  1697 I ConfigNotification: Get device mode by ui mode:1 and smallestScreenWidthDp:411
06-28 17:44:34.643  1697  1697 I chatty  : uid=10060(com.google.android.inputmethod.latin) identical 2 lines
06-28 17:44:34.643  1697  1697 I ConfigNotification: Get device mode by ui mode:1 and smallestScreenWidthDp:411
06-28 17:44:34.643  5258  5258 W ResourceType: For resource 0x7f0e016b, entry index(363) is beyond type entryCount(142)
06-28 17:44:34.644  1397  1448 D gralloc_ranchu: gralloc_alloc: Creating ashmem region of size 9547776
06-28 17:44:34.677  5258  5258 W ResourceType: For resource 0x7f0e017b, entry index(379) is beyond type entryCount(142)
06-28 17:44:34.693  2534  2580 D EGL_emulation: eglMakeCurrent: 0xa1c21f20: ver 2 0 (tinfo 0xa1c71190)
06-28 17:44:34.695  5258  5258 W ResourceType: For resource 0x7f0e0125, entry index(293) is beyond type entryCount(142)
06-28 17:44:34.717  5258  5258 W ResourceType: For resource 0x7f0e0125, entry index(293) is beyond type entryCount(142)
06-28 17:44:34.785  5258  5258 W ResourceType: For resource 0x7f0e01a5, entry index(421) is beyond type entryCount(142)
06-28 17:44:34.785  5258  5258 W ResourceType: For resource 0x7f0e00a9, entry index(169) is beyond type entryCount(142)
06-28 17:44:34.791  5258  5258 W ResourceType: For resource 0x7f0e01bc, entry index(444) is beyond type entryCount(142)
06-28 17:44:34.816  5258  5258 W ResourceType: For resource 0x7f0e0132, entry index(306) is beyond type entryCount(142)
06-28 17:44:34.816  5258  5258 W ResourceType: For resource 0x7f0e00f7, entry index(247) is beyond type entryCount(142)
06-28 17:44:34.817  5258  5258 W ResourceType: For resource 0x7f0e0131, entry index(305) is beyond type entryCount(142)
06-28 17:44:34.817  5258  5258 W ResourceType: For resource 0x7f0e010f, entry index(271) is beyond type entryCount(142)
06-28 17:44:34.818  5258  5258 W ResourceType: For resource 0x7f0e0175, entry index(373) is beyond type entryCount(142)
06-28 17:44:34.822  5258  5258 W ResourceType: For resource 0x7f0e0173, entry index(371) is beyond type entryCount(142)
06-28 17:44:34.827  1976  9563 W Conscrypt: Could not set socket write timeout: java.net.SocketException: Socket closed
06-28 17:44:34.827  1976  9563 W Conscrypt: 	at com.google.android.gms.org.conscrypt.Platform.setSocketWriteTimeout(:com.google.android.gms@17785022@17.7.85 (040700-253824076):2)
06-28 17:44:34.827  1976  9563 W Conscrypt: 	at com.google.android.gms.org.conscrypt.ConscryptFileDescriptorSocket.setSoWriteTimeout(:com.google.android.gms@17785022@17.7.85 (040700-253824076):2)
06-28 17:44:34.858  5258  5258 W ResourceType: For resource 0x7f0e011d, entry index(285) is beyond type entryCount(142)
06-28 17:44:34.903  5258  5258 I chatty  : uid=10104(net.osmand) identical 4 lines
06-28 17:44:34.903  5258  5258 W ResourceType: For resource 0x7f0e011d, entry index(285) is beyond type entryCount(142)
06-28 17:44:34.904  5258  5258 W ResourceType: For resource 0x7f0e01ac, entry index(428) is beyond type entryCount(142)
06-28 17:44:34.904  5258  5258 W ResourceType: For resource 0x7f0e00ae, entry index(174) is beyond type entryCount(142)
06-28 17:44:34.904  5258  5258 W ResourceType: For resource 0x7f0e013d, entry index(317) is beyond type entryCount(142)
06-28 17:44:34.904  5258  5258 W ResourceType: For resource 0x7f0e013e, entry index(318) is beyond type entryCount(142)
06-28 17:44:34.981  5258  5258 W ResourceType: For resource 0x7f0e013b, entry index(315) is beyond type entryCount(142)
06-28 17:44:34.985  5258  5258 I chatty  : uid=10104(net.osmand) identical 4 lines
06-28 17:44:34.985  5258  5258 W ResourceType: For resource 0x7f0e013b, entry index(315) is beyond type entryCount(142)
06-28 17:44:34.990  1713  1713 I Choreographer: Skipped 52 frames!  The application may be doing too much work on its main thread.
06-28 17:44:34.994  5258  5258 W ResourceType: For resource 0x7f0e013b, entry index(315) is beyond type entryCount(142)
06-28 17:44:34.995  5258  5258 I chatty  : uid=10104(net.osmand) identical 3 lines
06-28 17:44:34.996  5258  5258 W ResourceType: For resource 0x7f0e013b, entry index(315) is beyond type entryCount(142)
06-28 17:44:35.000  1397  1448 D gralloc_ranchu: gralloc_alloc: Creating ashmem region of size 544768
06-28 17:44:35.098  1976  9589 W Conscrypt: Could not set socket write timeout: java.net.SocketException: Socket closed
06-28 17:44:35.098  1976  9589 W Conscrypt: 	at com.google.android.gms.org.conscrypt.Platform.setSocketWriteTimeout(:com.google.android.gms@17785022@17.7.85 (040700-253824076):2)
06-28 17:44:35.098  1976  9589 W Conscrypt: 	at com.google.android.gms.org.conscrypt.ConscryptFileDescriptorSocket.setSoWriteTimeout(:com.google.android.gms@17785022@17.7.85 (040700-253824076):2)
06-28 17:44:35.287  1397  1448 D gralloc_ranchu: gralloc_alloc: Creating ashmem region of size 487424
06-28 17:44:35.409  1713  1713 D StatusBar: disable<e i a s b h r c s q >
06-28 17:44:35.437  1713  1924 D EGL_emulation: eglMakeCurrent: 0xa1c853c0: ver 2 0 (tinfo 0xa1c834e0)
06-28 17:44:35.456  1397  1448 D gralloc_ranchu: gralloc_alloc: Creating ashmem region of size 487424
06-28 17:44:35.603  1713  1713 W StatusBar/NavBarView: *** Invalid layout in navigation bar (sizeChanged this=126x1080 cur=126x1038)
06-28 17:44:35.881  1713  1713 D EGL_emulation: eglCreateContext: 0xa1c084c0: maj 2 min 0 rcv 2
06-28 17:44:35.900  1713  1713 D EGL_emulation: eglMakeCurrent: 0xa1c084c0: ver 2 0 (tinfo 0x8d53f050)
06-28 17:44:35.901  1397  1448 D gralloc_ranchu: gralloc_alloc: Creating ashmem region of size 8298496
06-28 17:44:35.974  1713  1713 D EGL_emulation: eglMakeCurrent: 0xa1c084c0: ver 2 0 (tinfo 0x8d53f050)
06-28 17:44:36.054  1397  1448 D gralloc_ranchu: gralloc_alloc: Creating ashmem region of size 8298496
06-28 17:44:36.095  1713  1713 I Choreographer: Skipped 39 frames!  The application may be doing too much work on its main thread.
06-28 17:44:36.103  5258  5258 W System.err: OnCreate for MapActivity took 2298 ms
06-28 17:44:36.150  1713  1924 D EGL_emulation: eglMakeCurrent: 0xa1c853c0: ver 2 0 (tinfo 0xa1c834e0)
06-28 17:44:36.379  5258  5258 D InAppPurchaseHelper: Destroying helper.
06-28 17:44:36.482  1713  1924 D EGL_emulation: eglMakeCurrent: 0xa1c853c0: ver 2 0 (tinfo 0xa1c834e0)
06-28 17:44:36.504  1397  1448 D gralloc_ranchu: gralloc_alloc: Creating ashmem region of size 487424
06-28 17:44:36.540  1596  1621 I zygote  : Waiting for a blocking GC Explicit
06-28 17:44:36.653  5258  5258 D net.osmand: Enable sensor
06-28 17:44:36.827  1596  2226 I GnssLocationProvider: WakeLock acquired by sendMessage(SET_REQUEST, 0, com.android.server.location.GnssLocationProvider$GpsRequest@12c259f)
06-28 17:44:36.932  1596  1613 I GnssLocationProvider: WakeLock released by handleMessage(SET_REQUEST, 0, com.android.server.location.GnssLocationProvider$GpsRequest@12c259f)
06-28 17:44:36.955  5258  5258 W System.err: OnCreate for MapActivity took 574 ms
06-28 17:44:36.986  1397  1448 D gralloc_ranchu: gralloc_alloc: Creating ashmem region of size 8298496
06-28 17:44:37.022  1411  1411 E EGL_emulation: tid 1411: eglCreateSyncKHR(1962): error 0x3004 (EGL_BAD_ATTRIBUTE)
06-28 17:44:37.032  1596  5024 W LocalDisplayAdapter: Unable to find color mode 0, ignoring request.
06-28 17:44:37.050  1596  5024 I ActivityManager: Config changes=480 {1.0 310mcc260mnc [en_US] ldltr sw411dp w411dp h659dp 420dpi nrml port finger qwerty/v/v -nav/h appBounds=Rect(0, 0 - 1080, 1794) s.28}
06-28 17:44:37.104  1596  5024 I ActivityManager: Override config changes=480 {1.0 310mcc260mnc [en_US] ldltr sw411dp w411dp h659dp 420dpi nrml port finger qwerty/v/v -nav/h appBounds=Rect(0, 0 - 1080, 1794) s.28} for displayId=0
06-28 17:44:37.334  1397  1448 D gralloc_ranchu: gralloc_alloc: Creating ashmem region of size 544768
06-28 17:44:37.340  5258  5258 I net.osmand: RoutingHelper Recalculate route, because correlation  : 214.74408039865548
06-28 17:44:37.340  5258  5258 I net.osmand: RoutingHelper Recalculate route, because wrong movement direction: 246.21614
06-28 17:44:37.371  1713  1924 D EGL_emulation: eglMakeCurrent: 0xa1c853c0: ver 2 0 (tinfo 0xa1c834e0)
06-28 17:44:37.387  1397  1448 D gralloc_ranchu: gralloc_alloc: Creating ashmem region of size 544768
06-28 17:44:37.403  1596  2499 I WifiService: acquireWifiLock uid=10014 lockMode=2
06-28 17:44:37.587  1596  5024 I GnssLocationProvider: WakeLock acquired by sendMessage(SET_REQUEST, 0, com.android.server.location.GnssLocationProvider$GpsRequest@dc345d8)
06-28 17:44:37.609  1596  1613 I GnssLocationProvider: WakeLock released by handleMessage(SET_REQUEST, 0, com.android.server.location.GnssLocationProvider$GpsRequest@dc345d8)
06-28 17:44:37.611  5258  5258 D net.osmand: Disable sensor
06-28 17:44:37.654  1596  1607 I zygote  : Background concurrent copying GC freed 39194(2MB) AllocSpace objects, 33(1300KB) LOS objects, 27% free, 15MB/21MB, paused 9.338ms total 1.114s
06-28 17:44:37.654  1596  1621 I zygote  : WaitForGcToComplete blocked Explicit on HeapTrim for 1.114s
06-28 17:44:37.692  1697  1697 I KeyboardViewUtil: systemKeyboardHeightRatio:1.000000; userKeyboardHeightRatio:1.000000.
06-28 17:44:37.704  5258  5258 I net.osmand: MapRenderRepositories RENDER MAP: Interrupt rendering map
06-28 17:44:37.733  5258  5258 D InAppPurchaseHelper: Destroying helper.
06-28 17:44:37.792  5258  5258 W ResourceType: For resource 0x7f0e00c0, entry index(192) is beyond type entryCount(142)
06-28 17:44:37.793  5258  5258 W ResourceType: For resource 0x7f0e00d1, entry index(209) is beyond type entryCount(142)
06-28 17:44:37.794  5258  5258 W ResourceType: For resource 0x7f0e00cb, entry index(203) is beyond type entryCount(142)
06-28 17:44:37.794  5258  5258 W ResourceType: For resource 0x7f0e014d, entry index(333) is beyond type entryCount(142)
06-28 17:44:37.794  5258  5258 W ResourceType: For resource 0x7f0e00dd, entry index(221) is beyond type entryCount(142)
06-28 17:44:37.794  5258  5258 W ResourceType: For resource 0x7f0e00e4, entry index(228) is beyond type entryCount(142)
06-28 17:44:37.798  5258  5258 W ResourceType: For resource 0x7f0e00c4, entry index(196) is beyond type entryCount(142)
06-28 17:44:37.798  5258  5258 W ResourceType: For resource 0x7f0e013f, entry index(319) is beyond type entryCount(142)
06-28 17:44:37.798  5258  5258 W ResourceType: For resource 0x7f0e00dc, entry index(220) is beyond type entryCount(142)
06-28 17:44:37.798  5258  5258 W ResourceType: For resource 0x7f0e00e3, entry index(227) is beyond type entryCount(142)
06-28 17:44:37.853  1697  1697 I DeviceStatusMonitor: onReceive() : Action = android.intent.action.CONFIGURATION_CHANGED
06-28 17:44:37.853  1697  1697 I ConfigNotification: Get device mode by ui mode:1 and smallestScreenWidthDp:411
06-28 17:44:37.854  1697  1697 I chatty  : uid=10060(com.google.android.inputmethod.latin) identical 2 lines
06-28 17:44:37.854  1697  1697 I ConfigNotification: Get device mode by ui mode:1 and smallestScreenWidthDp:411
06-28 17:44:37.876  5258  5258 W ResourceType: For resource 0x7f0e01c4, entry index(452) is beyond type entryCount(142)
06-28 17:44:37.877  5258  5258 W ResourceType: For resource 0x7f0e01c4, entry index(452) is beyond type entryCount(142)
06-28 17:44:37.877  5258  5258 W ResourceType: For resource 0x7f0e0183, entry index(387) is beyond type entryCount(142)
06-28 17:44:37.877  5258  5258 W ResourceType: For resource 0x7f0e0187, entry index(391) is beyond type entryCount(142)
06-28 17:44:37.877  5258  5258 W ResourceType: For resource 0x7f0e0185, entry index(389) is beyond type entryCount(142)
06-28 17:44:37.877  5258  5258 W ResourceType: For resource 0x7f0e015d, entry index(349) is beyond type entryCount(142)
06-28 17:44:37.877  5258  5258 W ResourceType: For resource 0x7f0e0195, entry index(405) is beyond type entryCount(142)
06-28 17:44:37.877  5258  5258 W ResourceType: For resource 0x7f0e016c, entry index(364) is beyond type entryCount(142)
06-28 17:44:37.877  5258  5258 W ResourceType: For resource 0x7f0e0163, entry index(355) is beyond type entryCount(142)
06-28 17:44:37.877  5258  5258 W ResourceType: For resource 0x7f0e00db, entry index(219) is beyond type entryCount(142)
06-28 17:44:37.877  5258  5258 W ResourceType: For resource 0x7f0e0193, entry index(403) is beyond type entryCount(142)
06-28 17:44:37.877  5258  5258 W ResourceType: For resource 0x7f0e016f, entry index(367) is beyond type entryCount(142)
06-28 17:44:37.877  5258  5258 W ResourceType: For resource 0x7f0e0161, entry index(353) is beyond type entryCount(142)
06-28 17:44:37.877  5258  5258 W ResourceType: For resource 0x7f0e0170, entry index(368) is beyond type entryCount(142)
06-28 17:44:37.877  5258  5258 W ResourceType: For resource 0x7f0e0174, entry index(372) is beyond type entryCount(142)
06-28 17:44:37.878  5258  5258 I chatty  : uid=10104(net.osmand) identical 2 lines
06-28 17:44:37.878  5258  5258 W ResourceType: For resource 0x7f0e0174, entry index(372) is beyond type entryCount(142)
06-28 17:44:37.878  5258  5258 W ResourceType: For resource 0x7f0e0177, entry index(375) is beyond type entryCount(142)
06-28 17:44:37.878  5258  5258 W ResourceType: For resource 0x7f0e0160, entry index(352) is beyond type entryCount(142)
06-28 17:44:37.878  5258  5258 W ResourceType: For resource 0x7f0e0199, entry index(409) is beyond type entryCount(142)
06-28 17:44:37.878  5258  5258 W ResourceType: For resource 0x7f0e017e, entry index(382) is beyond type entryCount(142)
06-28 17:44:37.878  5258  5258 W ResourceType: For resource 0x7f0e017f, entry index(383) is beyond type entryCount(142)
06-28 17:44:37.878  5258  5258 W ResourceType: For resource 0x7f0e0196, entry index(406) is beyond type entryCount(142)
06-28 17:44:37.878  5258  5258 W ResourceType: For resource 0x7f0e0197, entry index(407) is beyond type entryCount(142)
06-28 17:44:37.878  5258  5258 W ResourceType: For resource 0x7f0e0140, entry index(320) is beyond type entryCount(142)
06-28 17:44:37.878  5258  5258 W ResourceType: For resource 0x7f0e00e7, entry index(231) is beyond type entryCount(142)
06-28 17:44:37.878  5258  5258 W ResourceType: For resource 0x7f0e0194, entry index(404) is beyond type entryCount(142)
06-28 17:44:37.878  5258  5258 W ResourceType: For resource 0x7f0e01a5, entry index(421) is beyond type entryCount(142)
06-28 17:44:37.878  5258  5258 W ResourceType: For resource 0x7f0e017d, entry index(381) is beyond type entryCount(142)
06-28 17:44:37.878  5258  5258 W ResourceType: For resource 0x7f0e017b, entry index(379) is beyond type entryCount(142)
06-28 17:44:37.879  5258  5258 W ResourceType: For resource 0x7f0e010f, entry index(271) is beyond type entryCount(142)
06-28 17:44:37.879  5258  5258 W ResourceType: For resource 0x7f0e00f8, entry index(248) is beyond type entryCount(142)
06-28 17:44:37.879  5258  5258 W ResourceType: For resource 0x7f0e010f, entry index(271) is beyond type entryCount(142)
06-28 17:44:37.879  5258  5258 W ResourceType: For resource 0x7f0e0122, entry index(290) is beyond type entryCount(142)
06-28 17:44:37.879  5258  5258 W ResourceType: For resource 0x7f0e010b, entry index(267) is beyond type entryCount(142)
06-28 17:44:37.879  5258  5258 W ResourceType: For resource 0x7f0e010c, entry index(268) is beyond type entryCount(142)
06-28 17:44:37.879  5258  5258 W ResourceType: For resource 0x7f0e01ad, entry index(429) is beyond type entryCount(142)
06-28 17:44:37.879  5258  5258 W ResourceType: For resource 0x7f0e01ac, entry index(428) is beyond type entryCount(142)
06-28 17:44:37.882  5258  5258 W ResourceType: For resource 0x7f0e01c4, entry index(452) is beyond type entryCount(142)
06-28 17:44:37.883  5258  5258 W ResourceType: For resource 0x7f0e01c4, entry index(452) is beyond type entryCount(142)
06-28 17:44:37.883  5258  5258 W ResourceType: For resource 0x7f0e0183, entry index(387) is beyond type entryCount(142)
06-28 17:44:37.883  5258  5258 W ResourceType: For resource 0x7f0e0187, entry index(391) is beyond type entryCount(142)
06-28 17:44:37.883  5258  5258 W ResourceType: For resource 0x7f0e0185, entry index(389) is beyond type entryCount(142)
06-28 17:44:37.883  5258  5258 W ResourceType: For resource 0x7f0e015d, entry index(349) is beyond type entryCount(142)
06-28 17:44:37.883  5258  5258 W ResourceType: For resource 0x7f0e0195, entry index(405) is beyond type entryCount(142)
06-28 17:44:37.883  5258  5258 W ResourceType: For resource 0x7f0e016c, entry index(364) is beyond type entryCount(142)
06-28 17:44:37.883  5258  5258 W ResourceType: For resource 0x7f0e0163, entry index(355) is beyond type entryCount(142)
06-28 17:44:37.883  5258  5258 W ResourceType: For resource 0x7f0e00db, entry index(219) is beyond type entryCount(142)
06-28 17:44:37.883  5258  5258 W ResourceType: For resource 0x7f0e0193, entry index(403) is beyond type entryCount(142)
06-28 17:44:37.883  5258  5258 W ResourceType: For resource 0x7f0e016f, entry index(367) is beyond type entryCount(142)
06-28 17:44:37.883  5258  5258 W ResourceType: For resource 0x7f0e0161, entry index(353) is beyond type entryCount(142)
06-28 17:44:37.883  5258  5258 W ResourceType: For resource 0x7f0e0170, entry index(368) is beyond type entryCount(142)
06-28 17:44:37.883  5258  5258 W ResourceType: For resource 0x7f0e0174, entry index(372) is beyond type entryCount(142)
06-28 17:44:37.884  5258  5258 I chatty  : uid=10104(net.osmand) identical 2 lines
06-28 17:44:37.884  5258  5258 W ResourceType: For resource 0x7f0e0174, entry index(372) is beyond type entryCount(142)
06-28 17:44:37.884  5258  5258 W ResourceType: For resource 0x7f0e0177, entry index(375) is beyond type entryCount(142)
06-28 17:44:37.884  5258  5258 W ResourceType: For resource 0x7f0e0160, entry index(352) is beyond type entryCount(142)
06-28 17:44:37.884  5258  5258 W ResourceType: For resource 0x7f0e0199, entry index(409) is beyond type entryCount(142)
06-28 17:44:37.884  5258  5258 W ResourceType: For resource 0x7f0e017e, entry index(382) is beyond type entryCount(142)
06-28 17:44:37.884  5258  5258 W ResourceType: For resource 0x7f0e017f, entry index(383) is beyond type entryCount(142)
06-28 17:44:37.884  5258  5258 W ResourceType: For resource 0x7f0e0196, entry index(406) is beyond type entryCount(142)
06-28 17:44:37.884  5258  5258 W ResourceType: For resource 0x7f0e0197, entry index(407) is beyond type entryCount(142)
06-28 17:44:37.884  5258  5258 W ResourceType: For resource 0x7f0e0140, entry index(320) is beyond type entryCount(142)
06-28 17:44:37.884  5258  5258 W ResourceType: For resource 0x7f0e00e7, entry index(231) is beyond type entryCount(142)
06-28 17:44:37.884  5258  5258 W ResourceType: For resource 0x7f0e0194, entry index(404) is beyond type entryCount(142)
06-28 17:44:37.884  5258  5258 W ResourceType: For resource 0x7f0e01a5, entry index(421) is beyond type entryCount(142)
06-28 17:44:37.884  5258  5258 W ResourceType: For resource 0x7f0e017d, entry index(381) is beyond type entryCount(142)
06-28 17:44:37.885  5258  5258 W ResourceType: For resource 0x7f0e017b, entry index(379) is beyond type entryCount(142)
06-28 17:44:37.885  5258  5258 W ResourceType: For resource 0x7f0e010f, entry index(271) is beyond type entryCount(142)
06-28 17:44:37.885  5258  5258 W ResourceType: For resource 0x7f0e00f8, entry index(248) is beyond type entryCount(142)
06-28 17:44:37.885  5258  5258 W ResourceType: For resource 0x7f0e010f, entry index(271) is beyond type entryCount(142)
06-28 17:44:37.885  5258  5258 W ResourceType: For resource 0x7f0e0122, entry index(290) is beyond type entryCount(142)
06-28 17:44:37.885  5258  5258 W ResourceType: For resource 0x7f0e010b, entry index(267) is beyond type entryCount(142)
06-28 17:44:37.885  5258  5258 W ResourceType: For resource 0x7f0e010c, entry index(268) is beyond type entryCount(142)
06-28 17:44:37.885  5258  5258 W ResourceType: For resource 0x7f0e01ad, entry index(429) is beyond type entryCount(142)
06-28 17:44:37.885  5258  5258 W ResourceType: For resource 0x7f0e01ac, entry index(428) is beyond type entryCount(142)
06-28 17:44:37.890  5258  5258 W ResourceType: For resource 0x7f0e01c4, entry index(452) is beyond type entryCount(142)
06-28 17:44:37.890  5258  5258 W ResourceType: For resource 0x7f0e01c4, entry index(452) is beyond type entryCount(142)
06-28 17:44:37.890  5258  5258 W ResourceType: For resource 0x7f0e0183, entry index(387) is beyond type entryCount(142)
06-28 17:44:37.890  5258  5258 W ResourceType: For resource 0x7f0e0187, entry index(391) is beyond type entryCount(142)
06-28 17:44:37.890  5258  5258 W ResourceType: For resource 0x7f0e0185, entry index(389) is beyond type entryCount(142)
06-28 17:44:37.890  5258  5258 W ResourceType: For resource 0x7f0e015d, entry index(349) is beyond type entryCount(142)
06-28 17:44:37.890  5258  5258 W ResourceType: For resource 0x7f0e0195, entry index(405) is beyond type entryCount(142)
06-28 17:44:37.891  5258  5258 W ResourceType: For resource 0x7f0e016c, entry index(364) is beyond type entryCount(142)
06-28 17:44:37.891  5258  5258 W ResourceType: For resource 0x7f0e0163, entry index(355) is beyond type entryCount(142)
06-28 17:44:37.891  5258  5258 W ResourceType: For resource 0x7f0e00db, entry index(219) is beyond type entryCount(142)
06-28 17:44:37.891  5258  5258 W ResourceType: For resource 0x7f0e0193, entry index(403) is beyond type entryCount(142)
06-28 17:44:37.891  5258  5258 W ResourceType: For resource 0x7f0e016f, entry index(367) is beyond type entryCount(142)
06-28 17:44:37.891  5258  5258 W ResourceType: For resource 0x7f0e0161, entry index(353) is beyond type entryCount(142)
06-28 17:44:37.891  5258  5258 W ResourceType: For resource 0x7f0e0170, entry index(368) is beyond type entryCount(142)
06-28 17:44:37.891  5258  5258 W ResourceType: For resource 0x7f0e0174, entry index(372) is beyond type entryCount(142)
06-28 17:44:37.891  5258  5258 I chatty  : uid=10104(net.osmand) identical 2 lines
06-28 17:44:37.891  5258  5258 W ResourceType: For resource 0x7f0e0174, entry index(372) is beyond type entryCount(142)
06-28 17:44:37.891  5258  5258 W ResourceType: For resource 0x7f0e0177, entry index(375) is beyond type entryCount(142)
06-28 17:44:37.891  5258  5258 W ResourceType: For resource 0x7f0e0160, entry index(352) is beyond type entryCount(142)
06-28 17:44:37.891  5258  5258 W ResourceType: For resource 0x7f0e0199, entry index(409) is beyond type entryCount(142)
06-28 17:44:37.892  5258  5258 W ResourceType: For resource 0x7f0e017e, entry index(382) is beyond type entryCount(142)
06-28 17:44:37.892  5258  5258 W ResourceType: For resource 0x7f0e017f, entry index(383) is beyond type entryCount(142)
06-28 17:44:37.892  5258  5258 W ResourceType: For resource 0x7f0e0196, entry index(406) is beyond type entryCount(142)
06-28 17:44:37.892  5258  5258 W ResourceType: For resource 0x7f0e0197, entry index(407) is beyond type entryCount(142)
06-28 17:44:37.892  5258  5258 W ResourceType: For resource 0x7f0e0140, entry index(320) is beyond type entryCount(142)
06-28 17:44:37.892  5258  5258 W ResourceType: For resource 0x7f0e00e7, entry index(231) is beyond type entryCount(142)
06-28 17:44:37.892  5258  5258 W ResourceType: For resource 0x7f0e0194, entry index(404) is beyond type entryCount(142)
06-28 17:44:37.892  5258  5258 W ResourceType: For resource 0x7f0e01a5, entry index(421) is beyond type entryCount(142)
06-28 17:44:37.892  5258  5258 W ResourceType: For resource 0x7f0e017d, entry index(381) is beyond type entryCount(142)
06-28 17:44:37.892  5258  5258 W ResourceType: For resource 0x7f0e017b, entry index(379) is beyond type entryCount(142)
06-28 17:44:37.892  5258  5258 W ResourceType: For resource 0x7f0e010f, entry index(271) is beyond type entryCount(142)
06-28 17:44:37.892  5258  5258 W ResourceType: For resource 0x7f0e00f8, entry index(248) is beyond type entryCount(142)
06-28 17:44:37.892  5258  5258 W ResourceType: For resource 0x7f0e010f, entry index(271) is beyond type entryCount(142)
06-28 17:44:37.892  5258  5258 W ResourceType: For resource 0x7f0e0122, entry index(290) is beyond type entryCount(142)
06-28 17:44:37.892  5258  5258 W ResourceType: For resource 0x7f0e010b, entry index(267) is beyond type entryCount(142)
06-28 17:44:37.892  5258  5258 W ResourceType: For resource 0x7f0e010c, entry index(268) is beyond type entryCount(142)
06-28 17:44:37.893  5258  5258 W ResourceType: For resource 0x7f0e01ad, entry index(429) is beyond type entryCount(142)
06-28 17:44:37.893  5258  5258 W ResourceType: For resource 0x7f0e01ac, entry index(428) is beyond type entryCount(142)
06-28 17:44:37.905  5258  5258 W ResourceType: For resource 0x7f0e017f, entry index(383) is beyond type entryCount(142)
06-28 17:44:37.905  5258  5258 W ResourceType: For resource 0x7f0e0091, entry index(145) is beyond type entryCount(142)
06-28 17:44:37.907  5258  5258 W ResourceType: For resource 0x7f0e016b, entry index(363) is beyond type entryCount(142)
06-28 17:44:37.913  5258  5258 W ResourceType: For resource 0x7f0e017b, entry index(379) is beyond type entryCount(142)
06-28 17:44:37.914  5258  5258 W ResourceType: For resource 0x7f0e0125, entry index(293) is beyond type entryCount(142)
06-28 17:44:37.919  5258  5258 W ResourceType: For resource 0x7f0e0125, entry index(293) is beyond type entryCount(142)
06-28 17:44:37.979  5258  5258 W ResourceType: For resource 0x7f0e01a5, entry index(421) is beyond type entryCount(142)
06-28 17:44:37.979  5258  5258 W ResourceType: For resource 0x7f0e00a9, entry index(169) is beyond type entryCount(142)
06-28 17:44:37.996  5258  5258 W ResourceType: For resource 0x7f0e01bc, entry index(444) is beyond type entryCount(142)
06-28 17:44:38.032  5258  5258 W ResourceType: For resource 0x7f0e0132, entry index(306) is beyond type entryCount(142)
06-28 17:44:38.032  5258  5258 W ResourceType: For resource 0x7f0e00f7, entry index(247) is beyond type entryCount(142)
06-28 17:44:38.033  5258  5258 W ResourceType: For resource 0x7f0e0131, entry index(305) is beyond type entryCount(142)
06-28 17:44:38.033  5258  5258 W ResourceType: For resource 0x7f0e010f, entry index(271) is beyond type entryCount(142)
06-28 17:44:38.034  5258  5258 W ResourceType: For resource 0x7f0e00bc, entry index(188) is beyond type entryCount(142)
06-28 17:44:38.036  5258  5258 W ResourceType: For resource 0x7f0e011d, entry index(285) is beyond type entryCount(142)
06-28 17:44:38.037  5258  5258 I chatty  : uid=10104(net.osmand) identical 4 lines
06-28 17:44:38.037  5258  5258 W ResourceType: For resource 0x7f0e011d, entry index(285) is beyond type entryCount(142)
06-28 17:44:38.037  5258  5258 W ResourceType: For resource 0x7f0e00bd, entry index(189) is beyond type entryCount(142)
06-28 17:44:38.038  5258  5258 W ResourceType: For resource 0x7f0e011d, entry index(285) is beyond type entryCount(142)
06-28 17:44:38.119  5258  5258 I chatty  : uid=10104(net.osmand) identical 18 lines
06-28 17:44:38.119  5258  5258 W ResourceType: For resource 0x7f0e011d, entry index(285) is beyond type entryCount(142)
06-28 17:44:38.156  5258  5258 W ResourceType: For resource 0x7f0e01ac, entry index(428) is beyond type entryCount(142)
06-28 17:44:38.156  5258  5258 W ResourceType: For resource 0x7f0e00ae, entry index(174) is beyond type entryCount(142)
06-28 17:44:38.157  5258  5258 W ResourceType: For resource 0x7f0e013d, entry index(317) is beyond type entryCount(142)
06-28 17:44:38.157  5258  5258 W ResourceType: For resource 0x7f0e013e, entry index(318) is beyond type entryCount(142)
06-28 17:44:38.167  5258  5258 W ResourceType: For resource 0x7f0e013b, entry index(315) is beyond type entryCount(142)
06-28 17:44:38.173  5258  5258 I chatty  : uid=10104(net.osmand) identical 9 lines
06-28 17:44:38.173  5258  5258 W ResourceType: For resource 0x7f0e013b, entry index(315) is beyond type entryCount(142)
06-28 17:44:38.201  1596  2499 I WifiService: releaseWifiLock uid=10014
06-28 17:44:38.297  1596  1621 I zygote  : Explicit concurrent copying GC freed 15126(965KB) AllocSpace objects, 0(0B) LOS objects, 28% free, 14MB/20MB, paused 37.571ms total 642.785ms
06-28 17:44:38.346  1713  1713 I Choreographer: Skipped 60 frames!  The application may be doing too much work on its main thread.
06-28 17:44:38.391  1397  1448 D gralloc_ranchu: gralloc_alloc: Creating ashmem region of size 544768
06-28 17:44:38.572  1596  1663 I InputReader: Reconfiguring input devices.  changes=0x00000004
06-28 17:44:38.572  1596  1663 I InputReader: Device reconfigured: id=0, name='qwerty2', size 1080x1920, orientation 0, mode 1, display id 0
06-28 17:44:38.733  1397  1448 D gralloc_ranchu: gralloc_alloc: Creating ashmem region of size 274432
06-28 17:44:38.855  1713  1713 D StatusBar: disable<e i a s b h r c s q >
06-28 17:44:38.866  5258  5258 W System.err: OnCreate for MapActivity took 1022 ms
06-28 17:44:38.900  1713  1924 D EGL_emulation: eglMakeCurrent: 0xa1c853c0: ver 2 0 (tinfo 0xa1c834e0)
06-28 17:44:38.921  1397  1448 D gralloc_ranchu: gralloc_alloc: Creating ashmem region of size 274432
06-28 17:44:38.972  1596  1621 W WindowManager: Window freeze timeout expired.
06-28 17:44:39.004  5258  5258 D InAppPurchaseHelper: Destroying helper.
06-28 17:44:39.024  1713  1713 W StatusBar/NavBarView: *** Invalid layout in navigation bar (sizeChanged this=1080x126 cur=1038x126)
06-28 17:44:39.047  1596  1621 W WindowManager: App freeze timeout expired.
06-28 17:44:39.047  1596  1621 W WindowManager: Force clearing freeze: AppWindowToken{5b0c9ee token=Token{116953e ActivityRecord{32e71f9 u0 net.osmand/.plus.activities.MapActivity t3}}}
06-28 17:44:39.082  5258  5258 D net.osmand: Enable sensor
06-28 17:44:39.112  1697  1739 I zygote  : Waiting for a blocking GC ProfileSaver
06-28 17:44:39.133  1596  5058 I GnssLocationProvider: WakeLock acquired by sendMessage(SET_REQUEST, 0, com.android.server.location.GnssLocationProvider$GpsRequest@db4084f)
06-28 17:44:39.134  1596  1613 I GnssLocationProvider: WakeLock released by handleMessage(SET_REQUEST, 0, com.android.server.location.GnssLocationProvider$GpsRequest@db4084f)
06-28 17:44:39.177  5258  5258 W System.err: OnCreate for MapActivity took 172 ms
06-28 17:44:39.181  5258  5263 I zygote  : Do full code cache collection, code=1510KB, data=1072KB
06-28 17:44:39.195  5258  5263 I zygote  : After code cache collection, code=1394KB, data=933KB
06-28 17:44:39.262  5258  5258 I Choreographer: Skipped 124 frames!  The application may be doing too much work on its main thread.
06-28 17:44:39.289  5258  5288 I net.osmand: MapRenderRepositories RENDER MAP: update due to tile box
06-28 17:44:39.290  5258  5288 I net.osmand: MapRenderRepositories RENDER MAP: Interrupt rendering map
06-28 17:44:39.349  1397  1448 D gralloc_ranchu: gralloc_alloc: Creating ashmem region of size 8298496
06-28 17:44:39.359  5258  5287 I net.osmand: MapRenderRepositories RENDER MAP: new request RotatedTileBox [lat=-7.5891947746276855, lon=-37.54106903076172, rotate=0.0, density=2.625, zoom=17, mapDensity=3.9375, zoomAnimation=0.0, zoomFloatPart=0.0, cx=900, cy=1297, pixWidth=1800, pixHeight=2595]
06-28 17:44:39.364  1697  1739 I zygote  : WaitForGcToComplete blocked ProfileSaver on HeapTrim for 251.994ms
06-28 17:44:39.417  5258  5258 W ResourceType: For resource 0x7f0e013b, entry index(315) is beyond type entryCount(142)
06-28 17:44:39.467  5258  5258 I chatty  : uid=10104(net.osmand) identical 68 lines
06-28 17:44:39.467  5258  5258 W ResourceType: For resource 0x7f0e013b, entry index(315) is beyond type entryCount(142)
06-28 17:44:39.481  5258  5258 W View    : requestLayout() improperly called by android.widget.ListView{d3202a7 VFED.VC.. ......ID 0,0-735,1794 #7f0803ba app:id/menuItems} during layout: running second layout pass
06-28 17:44:39.494  1397  1448 D gralloc_ranchu: gralloc_alloc: Creating ashmem region of size 274432
06-28 17:44:39.520  1713  1924 D EGL_emulation: eglMakeCurrent: 0xa1c853c0: ver 2 0 (tinfo 0xa1c834e0)
06-28 17:44:39.605  1713  1924 D EGL_emulation: eglMakeCurrent: 0xa1c853c0: ver 2 0 (tinfo 0xa1c834e0)
06-28 17:44:39.729  5258  5258 I net.osmand: RoutingHelper Recalculate route, because correlation  : 214.74408039865548
06-28 17:44:39.738  5258  5287 I net.osmand:native: Route objects 60
06-28 17:44:39.738  5258  5287 I net.osmand:native: Ocean: no completed & incompleted coastlines 0
06-28 17:44:39.738  5258  5287 I net.osmand:native: Detailed coastlines = 0, basemap coastlines 0, ocean tile 0.000000. Detailed added 0, basemap processed 1, basemap added 0.
06-28 17:44:39.738  5258  5287 I net.osmand:native: Search : tree - read( 413), accept( 30), objs - visit( 2206), accept(72), in result(60) 
06-28 17:44:39.739  5258  5287 I net.osmand: MapRenderRepositories BLat=-7.593057632446289, TLat=-7.585336685180664, LLong=-37.543521881103516, RLong=-37.53861999511719, zoom=17
06-28 17:44:39.739  5258  5287 I net.osmand: MapRenderRepositories Native search: 355 ms 
06-28 17:44:39.742  5258  5258 I net.osmand: RoutingHelper Recalculate route, because correlation  : 214.74408039865548
06-28 17:44:39.742  5258  5258 I net.osmand: RoutingHelper Recalculate route, because wrong movement direction: 246.21614
06-28 17:44:39.761  5258  5287 W net.osmand: MapRenderRepositories Create new image ? 1800 != 1800 (w) 2595 != 2690 (h) 
06-28 17:44:39.763  5258  5287 I net.osmand:native: Creating SkBitmap in native w:1800 h:2595 s:7200 f:1!
06-28 17:44:39.766  1409  1409 I boot-pipe: done populating /dev/random
06-28 17:44:39.783  5258  5287 I net.osmand:native: Row bytes for RGBA_8888 is 7200
06-28 17:44:39.783  5258  5287 I net.osmand:native: Locked 18684000 bytes at 0x7f300000
06-28 17:44:39.822  5258  5287 I net.osmand:native: Initializing rendering
06-28 17:44:39.832  5258  5287 I net.osmand:native: Rendering image
06-28 17:44:39.837  5258  5258 I Choreographer: Skipped 33 frames!  The application may be doing too much work on its main thread.
06-28 17:44:39.870  5258  5301 D EGL_emulation: eglMakeCurrent: 0xa1c85a20: ver 2 0 (tinfo 0xa1c83380)
06-28 17:44:39.979  1397  1448 D gralloc_ranchu: gralloc_alloc: Creating ashmem region of size 8298496
06-28 17:44:40.048  5258  5268 I zygote  : NativeAlloc concurrent copying GC freed 136750(3MB) AllocSpace objects, 13(580KB) LOS objects, 18% free, 27MB/33MB, paused 11.576ms total 2.815s
06-28 17:44:40.116  1397  1448 D gralloc_ranchu: gralloc_alloc: Creating ashmem region of size 3878912
06-28 17:44:40.125  1596  1647 I WindowManager: Screen frozen for +3s163ms due to Window{352da6b u0 net.osmand/net.osmand.plus.activities.MapActivity}
06-28 17:44:40.480  5258  5288 I net.osmand: MapRenderRepositories RENDER MAP: update due to tile box
06-28 17:44:40.480  5258  5288 I net.osmand: MapRenderRepositories RENDER MAP: Interrupt rendering map
06-28 17:44:40.653  5258  5287 I net.osmand:native: Native ok (rendering 819, text 25 ms) 
06-28 17:44:40.653  5258  5287 I net.osmand:native:  (559 points, 335 points inside, 119 of 125 objects visible)
06-28 17:44:40.653  5258  5287 I net.osmand:native: End Rendering image
06-28 17:44:40.653  5258  5287 I net.osmand:native: Native ok (init 11, rendering 819) 
06-28 17:44:40.654  5258  5287 I net.osmand: MapRenderRepositories true
06-28 17:44:40.654  5258  5287 I net.osmand: MapRenderRepositories RENDER MAP: new request RotatedTileBox [lat=-7.589195000000001, lon=-37.541068333333335, rotate=0.0, density=2.625, zoom=17, mapDensity=3.9375, zoomAnimation=0.0, zoomFloatPart=0.0, cx=900, cy=1972, pixWidth=1800, pixHeight=2690]
06-28 17:44:40.835  5258  5287 I net.osmand:native: Route objects 61
06-28 17:44:40.836  5258  5287 I net.osmand:native: Ocean: no completed & incompleted coastlines 0
06-28 17:44:40.836  5258  5287 I net.osmand:native: Detailed coastlines = 0, basemap coastlines 0, ocean tile 0.000000. Detailed added 0, basemap processed 1, basemap added 0.
06-28 17:44:40.836  5258  5287 I net.osmand:native: Search : tree - read( 413), accept( 30), objs - visit( 2206), accept(73), in result(61) 
06-28 17:44:40.836  5258  5287 I net.osmand: MapRenderRepositories BLat=-7.591496849060059, TLat=-7.583494758605957, LLong=-37.543521881103516, RLong=-37.53861999511719, zoom=17
06-28 17:44:40.836  5258  5287 I net.osmand: MapRenderRepositories Native search: 175 ms 
06-28 17:44:40.842  5258  5287 I net.osmand:native: Creating SkBitmap in native w:1800 h:2690 s:7200 f:1!
06-28 17:44:40.842  5258  5287 I net.osmand:native: Row bytes for RGBA_8888 is 7200
06-28 17:44:40.842  5258  5287 I net.osmand:native: Locked 19368000 bytes at 0x7d700000
06-28 17:44:40.842  5258  5287 I net.osmand:native: Initializing rendering
06-28 17:44:40.843  5258  5287 I net.osmand:native: Rendering image
06-28 17:44:41.077  5258  5258 I net.osmand: RoutingHelper Recalculate route, because correlation  : 214.74408039865548
06-28 17:44:41.077  5258  5258 I net.osmand: RoutingHelper Recalculate route, because wrong movement direction: 246.21614
06-28 17:44:41.100  5258  5258 I Choreographer: Skipped 75 frames!  The application may be doing too much work on its main thread.
06-28 17:44:41.166  1397  1448 D gralloc_ranchu: gralloc_alloc: Creating ashmem region of size 8298496
06-28 17:44:41.213  5258  5258 I net.osmand: RoutingHelper Recalculate route, because correlation  : 214.74408039865548
06-28 17:44:41.221  1397  1448 D gralloc_ranchu: gralloc_alloc: Creating ashmem region of size 3878912
06-28 17:44:41.224  5258  5287 I net.osmand:native: Native ok (rendering 0, text 237 ms) 
06-28 17:44:41.224  5258  5287 I net.osmand:native:  (574 points, 320 points inside, 122 of 128 objects visible)
06-28 17:44:41.224  5258  5287 I net.osmand:native: End Rendering image
06-28 17:44:41.225  5258  5287 I net.osmand:native: Native ok (init 1, rendering 0) 
06-28 17:44:41.228  5258  5287 I net.osmand: MapRenderRepositories true
06-28 17:44:41.325  5258  5258 I net.osmand: RoutingHelper Recalculate route, because correlation  : 214.74408039865548
06-28 17:44:41.325  5258  5258 I net.osmand: RoutingHelper Recalculate route, because wrong movement direction: 246.21614
06-28 17:44:41.327  5258  5258 I net.osmand: RoutingHelper Recalculate route, because correlation  : 214.74408039865548
06-28 17:44:41.496  5258  5258 I chatty  : uid=10104(net.osmand) identical 1 line
06-28 17:44:41.534  5258  5258 I net.osmand: RoutingHelper Recalculate route, because correlation  : 214.74408039865548
06-28 17:44:41.534  5258  5258 I net.osmand: RoutingHelper Recalculate route, because wrong movement direction: 246.21614
06-28 17:44:41.655  5258  5258 I net.osmand: RoutingHelper Recalculate route, because correlation  : 214.74408039865548
06-28 17:44:41.660  5258  5258 I net.osmand: RoutingHelper Recalculate route, because correlation  : 214.74408039865548
06-28 17:44:41.660  5258  5258 I net.osmand: RoutingHelper Recalculate route, because wrong movement direction: 246.21614
06-28 17:44:41.746  1397  1448 D gralloc_ranchu: gralloc_alloc: Creating ashmem region of size 3878912
06-28 17:44:41.802  1411  1411 W SurfaceFlinger: couldn't log to binary event log: overflow.
06-28 17:44:41.996  2534  6603 I PBSessionCacheImpl: Deleted sessionId[7437321070099] from persistence.
06-28 17:44:42.043  1596  3403 I WifiService: getWifiEnabledState uid=10032
06-28 17:44:42.123  2534  2604 W SearchServiceCore: Abort, client detached.
06-28 17:44:42.210  5258  5268 I zygote  : NativeAlloc concurrent copying GC freed 147717(3MB) AllocSpace objects, 9(372KB) LOS objects, 17% free, 27MB/33MB, paused 38.382ms total 2.001s
06-28 17:44:42.368  5258  5258 I net.osmand: RoutingHelper Recalculate route, because correlation  : 214.74408039865548
06-28 17:44:42.395  5258  5258 I net.osmand: RoutingHelper Recalculate route, because correlation  : 214.74408039865548
06-28 17:44:42.395  5258  5258 I net.osmand: RoutingHelper Recalculate route, because wrong movement direction: 246.21614
06-28 17:44:42.767  1596  1621 I zygote  : Explicit concurrent copying GC freed 12557(748KB) AllocSpace objects, 6(312KB) LOS objects, 29% free, 14MB/20MB, paused 1.371ms total 515.259ms
06-28 17:44:42.767  1596  1607 I zygote  : WaitForGcToComplete blocked HeapTrim on HeapTrim for 106.407ms
06-28 17:44:42.839  5258  5258 I net.osmand: RoutingHelper Recalculate route, because correlation  : 214.74408039865548
06-28 17:44:42.852  5258  5258 I net.osmand: RoutingHelper Recalculate route, because correlation  : 214.74408039865548
06-28 17:44:42.852  5258  5258 I net.osmand: RoutingHelper Recalculate route, because wrong movement direction: 246.21614
06-28 17:44:42.860  5258  5258 I net.osmand: RoutingHelper Recalculate route, because correlation  : 214.74408039865548
06-28 17:44:42.911  5258  5258 I net.osmand: RoutingHelper Recalculate route, because correlation  : 214.74408039865548
06-28 17:44:42.911  5258  5258 I net.osmand: RoutingHelper Recalculate route, because wrong movement direction: 246.21614
