--------- beginning of system
07-18 16:43:49.642  1592  1609 E BatteryExternalStatsWorker: modem info is invalid: ModemActivityInfo{ mTimestamp=0 mSleepTimeMs=0 mIdleTimeMs=0 mTxTimeMs[]=[0, 0, 0, 0, 0] mRxTimeMs=0 mEnergyUsed=0}
07-18 16:43:57.102  1592  1879 I ActivityManager: START u0 {act=android.intent.action.MAIN cat=[android.intent.category.HOME] flg=0x10000000 cmp=com.google.android.apps.nexuslauncher/.NexusLauncherActivity} from uid 2000
07-18 16:43:58.248  1592  1609 E KernelCpuSpeedReader: Failed to read cpu-freq: /sys/devices/system/cpu/cpu0/cpufreq/stats/time_in_state (No such file or directory)
07-18 16:43:58.469  1592  1609 E BatteryExternalStatsWorker: modem info is invalid: ModemActivityInfo{ mTimestamp=0 mSleepTimeMs=0 mIdleTimeMs=0 mTxTimeMs[]=[0, 0, 0, 0, 0] mRxTimeMs=0 mEnergyUsed=0}
07-18 16:44:01.046  1592  7171 I ActivityManager: Force stopping com.skgames.trafficrider appid=10081 user=0: from pid 16534
07-18 16:44:01.423  1592  6494 I ActivityManager: Force stopping com.EvilChaotic.ModernWarplanes appid=10082 user=0: from pid 16541
07-18 16:44:01.831  1592  7171 I ActivityManager: Force stopping com.ea.games.r3_row appid=10083 user=0: from pid 16545
07-18 16:44:02.291  1592  7171 W ActivityManager: Invalid packageName: android.media.action.IMAGE_CAPTURE
07-18 16:44:04.002  1592  1676 I ActivityManager: Start proc 16573:android.process.acore/u0a2 for content provider com.android.providers.contacts/.ContactsProvider2
07-18 16:44:04.078  1592  3555 W ActivityManager: Slow operation: 53ms so far, now at attachApplicationLocked: after mServices.attachApplicationLocked
07-18 16:44:04.085  1592  3555 W ActivityManager: Slow operation: 60ms so far, now at attachApplicationLocked: after updateOomAdjLocked
07-18 16:44:04.258  1592  6494 W ActivityManager: Background start not allowed: service Intent { cmp=com.google.android.apps.messaging/.shared.datamodel.action.execution.ActionExecutorImpl$EmptyService } to com.google.android.apps.messaging/.shared.datamodel.action.execution.ActionExecutorImpl$EmptyService from pid=15882 uid=10068 pkg=com.google.android.apps.messaging
07-18 16:44:04.266  1785  1785 D MccTable: updateMccMncConfiguration mccmnc='310260' fromServiceState=true
07-18 16:44:04.289  1785  1785 D MccTable: updateMccMncConfiguration defaultMccMnc=310260
07-18 16:44:04.289  1785  1785 D MccTable: updateMccMncConfiguration: mcc=310, mnc=260
07-18 16:44:04.289  1785  1785 D MccTable: WIFI_COUNTRY_CODE set to us
07-18 16:44:04.295  1592  3555 I WifiService: WifiService trying to set country code to us with persist set to false
07-18 16:44:04.438  1592  1879 V MediaRouterService: restoreBluetoothA2dp(false)
07-18 16:44:04.535  1785  1785 I Telephony: PstnIncomingCallNotifier: Unregistering: Handler (com.android.internal.telephony.GsmCdmaPhone) {a62b4de}
07-18 16:44:04.624  1592  1602 W ActivityManager: Background start not allowed: service Intent { cmp=com.google.android.apps.messaging/.shared.datamodel.action.execution.ActionExecutorImpl$EmptyService } to com.google.android.apps.messaging/.shared.datamodel.action.execution.ActionExecutorImpl$EmptyService from pid=15882 uid=10068 pkg=com.google.android.apps.messaging
07-18 16:44:04.725  1592  3555 I Telecom : PhoneAccountRegistrar: Modify account: [ComponentInfo{com.android.phone/com.android.services.telephony.TelephonyConnectionService}, [****], UserHandle{0}(lbl: Android -> )(desc: Android -> )]: TSI.rPA@ATw
07-18 16:44:04.759  1785  1785 I Telephony: AccountEntry: Registered phoneAccount: [[ ] PhoneAccount: ComponentInfo{com.android.phone/com.android.services.telephony.TelephonyConnectionService}, [****], UserHandle{0} Capabilities: CallProvider MultiUser PlaceEmerg SimSub  Audio Routes: BESW Schemes: tel voicemail  Extras: Bundle[{android.telecom.extra.SUPPORTS_VIDEO_CALLING_FALLBACK=true}] GroupId: [****]] with handle: ComponentInfo{com.android.phone/com.android.services.telephony.TelephonyConnectionService}, [****], UserHandle{0}
07-18 16:44:04.762  1785  1785 I Telephony: PstnIncomingCallNotifier: Registering: Handler (com.android.internal.telephony.GsmCdmaPhone) {a62b4de}
07-18 16:44:04.837  1785  1785 I Telephony: PstnPhoneCapabilitiesNotifier: handleVideoCapabilitesChanged. Video capability - false
07-18 16:44:04.888  1592  1592 I Telecom : CallLogManager: Country ISO changed. Retrieving new ISO...: CLM.oCD@AT8
07-18 16:44:05.059  1592  6494 I Telecom : PhoneAccountRegistrar: Modify account: [ComponentInfo{com.android.phone/com.android.services.telephony.TelephonyConnectionService}, [****], UserHandle{0}]: TSI.rPA@AUA
07-18 16:44:08.299  1592  1609 E BatteryExternalStatsWorker: modem info is invalid: ModemActivityInfo{ mTimestamp=0 mSleepTimeMs=0 mIdleTimeMs=0 mTxTimeMs[]=[0, 0, 0, 0, 0] mRxTimeMs=0 mEnergyUsed=0}
07-18 16:44:08.933  1592  1606 W BroadcastQueue: Skipping deliver [background] BroadcastRecord{1c240ad u-1 android.net.conn.CONNECTIVITY_CHANGE} to ReceiverList{2386fe2 16586 (unknown name)/2000/u-1 remote:e7b1cd7}: process gone or crashing
07-18 16:44:09.106  1592  3044 I ActivityManager: START u0 {act=android.intent.action.MAIN cat=[android.intent.category.LAUNCHER] flg=0x10200000 cmp=net.osmand/.plus.activities.MapActivity} from uid 2000
07-18 16:44:09.380  1592  1607 W Looper  : Dispatch took 158ms on android.ui, h=Handler (com.android.server.policy.PhoneWindowManager$PolicyHandler) {3cb8dfe} cb=android.database.ContentObserver$NotificationRunnable@7b6cfcf msg=0
07-18 16:44:09.965  1592  1592 W NotificationService: Removed summary didn't match old notification: old=0|net.osmand|100|null|10104, removed=0|net.osmand|100|null|10104
07-18 16:44:27.916  1785  1785 D MccTable: updateMccMncConfiguration mccmnc='null' fromServiceState=true
07-18 16:44:27.916  1785  1785 D MccTable: WIFI_COUNTRY_CODE set to 
07-18 16:44:27.944  1592  1879 I WifiService: WifiService trying to set country code to  with persist set to false
07-18 16:44:28.167  1785  1785 I Telephony: PstnIncomingCallNotifier: Unregistering: Handler (com.android.internal.telephony.GsmCdmaPhone) {a62b4de}
07-18 16:44:28.213  1592  1592 I Telecom : CallLogManager: Country ISO changed. Retrieving new ISO...: CLM.oCD@AUU
07-18 16:44:28.318  1592  6494 I Telecom : PhoneAccountRegistrar: Modify account: [ComponentInfo{com.android.phone/com.android.services.telephony.TelephonyConnectionService}, [****], UserHandle{0}(lbl:  -> Android)(desc:  -> Android)]: TSI.rPA@AUY
07-18 16:44:28.507  1592  1664 D NetworkStats: Resolving plan for NetworkTemplate: matchRule=MOBILE_ALL, subscriberId=310260..., matchSubscriberIds=[310260...]
07-18 16:44:28.530  1592  1664 D NetworkStats: Found active matching subId 1
07-18 16:44:28.642  1592  1602 I ActivityManager: Killing 11548:com.google.process.gapps/u0a14 (adj 906): empty for 3465s
07-18 16:44:28.653  1785  1785 I Telephony: AccountEntry: Registered phoneAccount: [[ ] PhoneAccount: ComponentInfo{com.android.phone/com.android.services.telephony.TelephonyConnectionService}, [****], UserHandle{0} Capabilities: CallProvider MultiUser PlaceEmerg SimSub  Audio Routes: BESW Schemes: tel voicemail  Extras: Bundle[{android.telecom.extra.SUPPORTS_VIDEO_CALLING_FALLBACK=true}] GroupId: [****]] with handle: ComponentInfo{com.android.phone/com.android.services.telephony.TelephonyConnectionService}, [****], UserHandle{0}
07-18 16:44:28.655  1785  1785 I Telephony: PstnIncomingCallNotifier: Registering: Handler (com.android.internal.telephony.GsmCdmaPhone) {a62b4de}
07-18 16:44:28.664  1592  1664 D NetworkStats: Resolved to plan null
07-18 16:44:28.870  1785  1785 I Telephony: PstnPhoneCapabilitiesNotifier: handleVideoCapabilitesChanged. Video capability - false
07-18 16:44:28.887  1592  1721 I Telecom : PhoneAccountRegistrar: Modify account: [ComponentInfo{com.android.phone/com.android.services.telephony.TelephonyConnectionService}, [****], UserHandle{0}]: TSI.rPA@AUk
07-18 16:44:31.077  1592  1664 D NetworkStats: Resolving plan for NetworkTemplate: matchRule=MOBILE_ALL, subscriberId=310260..., matchSubscriberIds=[310260...]
07-18 16:44:31.111  1592  1664 D NetworkStats: Found active matching subId 1
07-18 16:44:31.137  1592  1664 D NetworkStats: Resolved to plan null
07-18 16:44:33.664  1592 16629 W LocationBasedCountryDetector: Exception occurs when getting country from location
07-18 16:44:42.205  1592  1609 E BatteryExternalStatsWorker: modem info is invalid: ModemActivityInfo{ mTimestamp=0 mSleepTimeMs=0 mIdleTimeMs=0 mTxTimeMs[]=[0, 0, 0, 0, 0] mRxTimeMs=0 mEnergyUsed=0}
07-18 16:44:57.038  1592  1609 E BatteryExternalStatsWorker: modem info is invalid: ModemActivityInfo{ mTimestamp=0 mSleepTimeMs=0 mIdleTimeMs=0 mTxTimeMs[]=[0, 0, 0, 0, 0] mRxTimeMs=0 mEnergyUsed=0}
07-18 16:45:10.954  1592  1606 W BroadcastQueue: Background execution not allowed: receiving Intent { act=android.intent.action.DROPBOX_ENTRY_ADDED flg=0x10 (has extras) } to com.google.android.gms/.stats.service.DropBoxEntryAddedReceiver
07-18 16:45:10.954  1592  1606 W BroadcastQueue: Background execution not allowed: receiving Intent { act=android.intent.action.DROPBOX_ENTRY_ADDED flg=0x10 (has extras) } to com.google.android.gms/.chimera.GmsIntentOperationService$PersistentTrustedReceiver
07-18 16:45:19.081  1592  1609 E BatteryExternalStatsWorker: modem info is invalid: ModemActivityInfo{ mTimestamp=0 mSleepTimeMs=0 mIdleTimeMs=0 mTxTimeMs[]=[0, 0, 0, 0, 0] mRxTimeMs=0 mEnergyUsed=0}
07-18 16:45:50.168  1592  1609 E BatteryExternalStatsWorker: modem info is invalid: ModemActivityInfo{ mTimestamp=0 mSleepTimeMs=0 mIdleTimeMs=0 mTxTimeMs[]=[0, 0, 0, 0, 0] mRxTimeMs=0 mEnergyUsed=0}
07-18 16:46:04.393  1592  3044 W ActivityManager: Background start not allowed: service Intent { cmp=com.google.android.apps.messaging/.shared.datamodel.action.execution.ActionExecutorImpl$EmptyService } to com.google.android.apps.messaging/.shared.datamodel.action.execution.ActionExecutorImpl$EmptyService from pid=15882 uid=10068 pkg=com.google.android.apps.messaging
07-18 16:46:13.455  1592  7171 W ActivityManager: Background start not allowed: service Intent { cmp=com.google.android.apps.messaging/.shared.datamodel.action.execution.ActionExecutorImpl$EmptyService } to com.google.android.apps.messaging/.shared.datamodel.action.execution.ActionExecutorImpl$EmptyService from pid=15882 uid=10068 pkg=com.google.android.apps.messaging
07-18 16:46:22.286  1592  1609 E BatteryExternalStatsWorker: modem info is invalid: ModemActivityInfo{ mTimestamp=0 mSleepTimeMs=0 mIdleTimeMs=0 mTxTimeMs[]=[0, 0, 0, 0, 0] mRxTimeMs=0 mEnergyUsed=0}
07-18 16:47:09.942  1592  1613 E SensorNotificationService: Invalid local geomagnetic field, ignore.
07-18 16:49:08.972  1592  1609 E BatteryExternalStatsWorker: modem info is invalid: ModemActivityInfo{ mTimestamp=0 mSleepTimeMs=0 mIdleTimeMs=0 mTxTimeMs[]=[0, 0, 0, 0, 0] mRxTimeMs=0 mEnergyUsed=0}
07-18 16:49:22.482  1592  1609 E BatteryExternalStatsWorker: modem info is invalid: ModemActivityInfo{ mTimestamp=0 mSleepTimeMs=0 mIdleTimeMs=0 mTxTimeMs[]=[0, 0, 0, 0, 0] mRxTimeMs=0 mEnergyUsed=0}
07-18 16:49:53.197  1592  1671 D ConnectivityService: NetworkAgentInfo [MOBILE (LTE) - 100] validation passed
07-18 16:49:53.199  1592  1671 D ConnectivityService: Switching to new default network: NetworkAgentInfo{ ni{[type: MOBILE[LTE], state: SUSPENDED/SUSPENDED, reason: (unspecified), extra: epc.tmobile.com, failover: false, available: true, roaming: false]}  network{100}  nethandle{429513165534}  lp{{InterfaceName: radio0 LinkAddresses: [192.168.200.2/24,]  Routes: [0.0.0.0/0 -> 192.168.200.1 radio0,192.168.200.0/24 -> 0.0.0.0 radio0,] DnsAddresses: [10.0.2.3,] Domains: null MTU: 1500 TcpBufferSizes: 524288,1048576,2097152,262144,524288,1048576}}  nc{[ Transports: CELLULAR Capabilities: MMS&SUPL&DUN&FOTA&IMS&CBS&IA&INTERNET&NOT_RESTRICTED&TRUSTED&NOT_VPN&VALIDATED LinkUpBandwidth>=51200Kbps LinkDnBandwidth>=102400Kbps Specifier: <1>]}  Score{50}  everValidated{true}  lastValidated{true}  created{true} lingering{false} explicitlySelected{false} acceptUnvalidated{false} everCaptivePortalDetected{false} lastCaptivePortalDetected{false} clat{null} }
07-18 16:49:53.460  1592  1671 D ConnectivityService: Sending DISCONNECTED broadcast for type 1 NetworkAgentInfo [WIFI () - 101] isDefaultNetwork=true
07-18 16:49:53.519  1592  1671 D ConnectivityService: Sending CONNECTED broadcast for type 0 NetworkAgentInfo [MOBILE (LTE) - 100] isDefaultNetwork=true
07-18 16:49:53.708  1592  1664 D NetworkStats: Resolving plan for NetworkTemplate: matchRule=MOBILE_ALL, subscriberId=310260..., matchSubscriberIds=[310260...]
07-18 16:49:53.721  1592  1664 D NetworkStats: Found active matching subId 1
07-18 16:49:53.741  1592  1664 D NetworkStats: Resolved to plan null
07-18 16:49:53.804  1592  6494 W ActivityManager: Background start not allowed: service Intent { cmp=com.google.android.apps.messaging/.shared.datamodel.action.execution.ActionExecutorImpl$EmptyService } to com.google.android.apps.messaging/.shared.datamodel.action.execution.ActionExecutorImpl$EmptyService from pid=15882 uid=10068 pkg=com.google.android.apps.messaging
07-18 16:49:53.963  1592  1664 D NetworkStats: Resolving plan for NetworkTemplate: matchRule=MOBILE_ALL, subscriberId=310260..., matchSubscriberIds=[310260...]
07-18 16:49:53.974  1592  1664 D NetworkStats: Found active matching subId 1
07-18 16:49:54.011  1592  1664 D NetworkStats: Resolved to plan null
07-18 16:49:54.084  1592  1671 D ConnectivityService: NetworkAgentInfo [WIFI () - 101] validation passed
07-18 16:49:54.134  1592  1671 D ConnectivityService: Switching to new default network: NetworkAgentInfo{ ni{[type: WIFI[], state: CONNECTED/CONNECTED, reason: (unspecified), extra: "AndroidWifi", failover: false, available: true, roaming: false]}  network{101}  nethandle{433808132830}  lp{{InterfaceName: wlan0 LinkAddresses: [fe80::ff:fe44:5566/64,192.168.232.2/21,fec0::ff:fe44:5566/64,fec0::7c22:3dd0:2466:3035/64,::ff:fe44:5566/64,::7c22:3dd0:2466:3035/64,]  Routes: [fe80::/64 -> :: wlan0,::/0 -> fe80::ff:fe00:100 wlan0,fec0::/64 -> :: wlan0,::/64 -> :: wlan0,192.168.232.0/21 -> 0.0.0.0 wlan0,0.0.0.0/0 -> 192.168.232.1 wlan0,] DnsAddresses: [10.0.2.3,] Domains: null MTU: 0 TcpBufferSizes: 524288,1048576,2097152,262144,524288,1048576}}  nc{[ Transports: WIFI Capabilities: NOT_METERED&INTERNET&NOT_RESTRICTED&TRUSTED&NOT_VPN&VALIDATED&FOREGROUND LinkUpBandwidth>=1048576Kbps LinkDnBandwidth>=1048576Kbps SignalStrength: -50]}  Score{60}  everValidated{true}  lastValidated{true}  created{true} lingering{false} explicitlySelected{false} acceptUnvalidated{false} everCaptivePortalDetected{false} lastCaptivePortalDetected{false} clat{null} }
07-18 16:49:54.142  1592  7171 W ActivityManager: Background start not allowed: service Intent { cmp=com.google.android.apps.messaging/.shared.datamodel.action.execution.ActionExecutorImpl$EmptyService } to com.google.android.apps.messaging/.shared.datamodel.action.execution.ActionExecutorImpl$EmptyService from pid=15882 uid=10068 pkg=com.google.android.apps.messaging
07-18 16:49:54.212  1592  1671 D ConnectivityService: Lingering NetworkAgentInfo [MOBILE (LTE) - 100] for 30000ms
07-18 16:49:54.236  1592  1671 D ConnectivityService: Sending DISCONNECTED broadcast for type 0 NetworkAgentInfo [MOBILE (LTE) - 100] isDefaultNetwork=true
07-18 16:49:54.244  1592  1671 D ConnectivityService: Sending CONNECTED broadcast for type 1 NetworkAgentInfo [WIFI () - 101] isDefaultNetwork=true
07-18 16:49:54.956  1592  1664 D NetworkStats: Resolving plan for NetworkTemplate: matchRule=MOBILE_ALL, subscriberId=310260..., matchSubscriberIds=[310260...]
07-18 16:49:54.983  1592  1664 D NetworkStats: Found active matching subId 1
07-18 16:49:55.032  1592  1664 D NetworkStats: Resolved to plan null
07-18 16:49:55.437  1592  1664 D NetworkStats: Resolving plan for NetworkTemplate: matchRule=MOBILE_ALL, subscriberId=310260..., matchSubscriberIds=[310260...]
07-18 16:49:55.439  1592  1664 D NetworkStats: Found active matching subId 1
07-18 16:49:55.453  1592  1664 D NetworkStats: Resolved to plan null
07-18 16:50:04.339  1592  1609 E BatteryExternalStatsWorker: modem info is invalid: ModemActivityInfo{ mTimestamp=0 mSleepTimeMs=0 mIdleTimeMs=0 mTxTimeMs[]=[0, 0, 0, 0, 0] mRxTimeMs=0 mEnergyUsed=0}
07-18 16:50:16.860  1592  1721 I ActivityManager: Start proc 16718:com.google.android.videos/u0a74 for service com.google.android.videos/com.google.android.apps.play.movies.common.service.drm.RefreshLicenseTaskService
07-18 16:50:20.888  1592  4629 I ActivityManager: Start proc 16755:com.google.process.gapps/u0a14 for content provider com.google.android.gsf/.settings.GoogleSettingsProvider
07-18 16:50:24.085  1592  1671 D ConnectivityService: handleLingerComplete for NetworkAgentInfo [MOBILE (LTE) - 100]
07-18 16:50:34.132  1592  1609 E BatteryExternalStatsWorker: modem info is invalid: ModemActivityInfo{ mTimestamp=0 mSleepTimeMs=0 mIdleTimeMs=0 mTxTimeMs[]=[0, 0, 0, 0, 0] mRxTimeMs=0 mEnergyUsed=0}
07-18 16:50:58.934  1592  1602 I ActivityManager: Killing 16059:com.google.android.youtube/u0a79 (adj 906): empty for 2799s
07-18 16:50:58.942  1592  1602 I ActivityManager: Killing 15943:com.google.android.apps.messaging:rcs/u0a68 (adj 906): empty for 3012s
07-18 16:50:59.024  1592  1879 D ConnectivityService: ConnectivityService NetworkRequestInfo binderDied(NetworkRequest [ LISTEN id=51, [ Capabilities: INTERNET&NOT_RESTRICTED&TRUSTED&FOREGROUND] ], android.os.BinderProxy@a55bfcc)
07-18 16:51:19.922  1592  1609 E BatteryExternalStatsWorker: modem info is invalid: ModemActivityInfo{ mTimestamp=0 mSleepTimeMs=0 mIdleTimeMs=0 mTxTimeMs[]=[0, 0, 0, 0, 0] mRxTimeMs=0 mEnergyUsed=0}
07-18 16:52:00.232  1592  6494 W ActivityManager: Background start not allowed: service Intent { cmp=com.google.android.apps.messaging/.shared.datamodel.action.execution.ActionExecutorImpl$EmptyService } to com.google.android.apps.messaging/.shared.datamodel.action.execution.ActionExecutorImpl$EmptyService from pid=15882 uid=10068 pkg=com.google.android.apps.messaging
07-18 16:52:09.716  1592  6494 V MediaRouterService: restoreBluetoothA2dp(false)
--------- beginning of main
07-18 16:53:23.728  1387  5615 W audio_hw_generic: Hardware backing HAL too slow, could only write 0 of 720 frames
07-18 16:53:23.821  1476 15238 D NuPlayerDriver: notifyListener_l(0xae014460), (2, 0, 0, -1), loop setting(1, 0)
07-18 16:53:23.845  1476 15242 I NuPlayerDecoder: [OMX.google.vorbis.decoder] resubmitting CSD
07-18 16:53:23.845  1476 15242 I NuPlayerDecoder: [OMX.google.vorbis.decoder] resubmitting CSD
07-18 16:53:23.855  1476 15238 D NuPlayerDriver: notifyListener_l(0xae014460), (6, 0, 0, -1), loop setting(1, 0)
07-18 16:53:23.904  1476 15241 W AudioTrack: getTimestamp() location moved from kernel to server
07-18 16:53:23.925  1476 15241 W AudioTrack: retrograde timestamp position corrected, -1060 = 0 - 1060
07-18 16:53:24.478  1387  5615 W audio_hw_generic: Not supplying enough data to HAL, expected position 840229957 , only wrote 840229920
07-18 16:53:24.478  1387  5615 W audio_hw_generic: Not supplying enough data to HAL, expected position 840229929 , only wrote 840229920
07-18 16:53:24.494  1387  5615 W audio_hw_generic: Not supplying enough data to HAL, expected position 840230664 , only wrote 840230640
07-18 16:53:24.513  1468  1563 D AudioFlinger: mixer(0xa5a038c0) throttle end: throttle time(4)
07-18 16:53:25.238  1387  5615 W audio_hw_generic: Not supplying enough data to HAL, expected position 840266384 , only wrote 840265920
07-18 16:53:25.239  1387  5615 W audio_hw_generic: Not supplying enough data to HAL, expected position 840265953 , only wrote 840265920
07-18 16:53:25.255  1387  5615 W audio_hw_generic: Not supplying enough data to HAL, expected position 840266693 , only wrote 840266640
07-18 16:53:25.288  1387  5615 W audio_hw_generic: Hardware backing HAL too slow, could only write 0 of 720 frames
07-18 16:53:25.318  1387  5615 W audio_hw_generic: Hardware backing HAL too slow, could only write 0 of 720 frames
07-18 16:53:25.607  1476 15241 W AudioTrack: getTimestamp() location moved from kernel to server
07-18 16:53:26.358  1387  5615 W audio_hw_generic: Not supplying enough data to HAL, expected position 840319572 , only wrote 840319200
07-18 16:53:26.358  1387  5615 W audio_hw_generic: Not supplying enough data to HAL, expected position 840319216 , only wrote 840319200
07-18 16:53:26.375  1387  5615 W audio_hw_generic: Not supplying enough data to HAL, expected position 840319994 , only wrote 840319920
07-18 16:53:26.398  1468  1563 D AudioFlinger: mixer(0xa5a038c0) throttle end: throttle time(3)
07-18 16:53:26.423  1387  5615 W audio_hw_generic: Hardware backing HAL too slow, could only write 0 of 720 frames
07-18 16:53:26.500  1476 15242 I NuPlayerDecoder: [audio] saw output EOS
07-18 16:53:26.502  1476 15241 D AudioTrack: stop() called with 132300 frames delivered
07-18 16:53:26.955  1476 15238 D NuPlayerDriver: notifyListener_l(0xae014460), (2, 0, 0, -1), loop setting(1, 0)
07-18 16:53:26.967  1476 15242 I NuPlayerDecoder: [OMX.google.vorbis.decoder] resubmitting CSD
07-18 16:53:26.968  1476 15242 I NuPlayerDecoder: [OMX.google.vorbis.decoder] resubmitting CSD
07-18 16:53:26.977  1476 15238 D NuPlayerDriver: notifyListener_l(0xae014460), (6, 0, 0, -1), loop setting(1, 0)
07-18 16:53:27.017  1476 15241 W AudioTrack: getTimestamp() location moved from kernel to server
07-18 16:53:27.071  1476 15241 W AudioTrack: retrograde timestamp position corrected, -1058 = 0 - 1058
07-18 16:53:27.531  1468  1563 D AudioFlinger: mixer(0xa5a038c0) throttle end: throttle time(1)
07-18 16:53:27.573  1387  5615 W audio_hw_generic: Hardware backing HAL too slow, could only write 0 of 720 frames
07-18 16:53:27.604  1387  5615 W audio_hw_generic: Hardware backing HAL too slow, could only write 0 of 720 frames
07-18 16:53:27.877  1387  5615 W audio_hw_generic: Not supplying enough data to HAL, expected position 840392048 , only wrote 840391920
07-18 16:53:27.878  1387  5615 W audio_hw_generic: Not supplying enough data to HAL, expected position 840391955 , only wrote 840391920
07-18 16:53:27.893  1387  5615 W audio_hw_generic: Not supplying enough data to HAL, expected position 840392650 , only wrote 840392640
07-18 16:53:27.940  1387  5615 W audio_hw_generic: Hardware backing HAL too slow, could only write 0 of 720 frames
07-18 16:53:27.970  1387  5615 W audio_hw_generic: Hardware backing HAL too slow, could only write 0 of 720 frames
07-18 16:53:28.630  1387  5615 W audio_hw_generic: Not supplying enough data to HAL, expected position 840428006 , only wrote 840427920
07-18 16:53:28.630  1387  5615 W audio_hw_generic: Not supplying enough data to HAL, expected position 840427932 , only wrote 840427920
07-18 16:53:28.648  1387  5615 W audio_hw_generic: Not supplying enough data to HAL, expected position 840428760 , only wrote 840428640
07-18 16:53:28.661  1468  1563 D AudioFlinger: mixer(0xa5a038c0) throttle end: throttle time(12)
07-18 16:53:29.025  1468  1563 D AudioFlinger: mixer(0xa5a038c0) throttle end: throttle time(4)
07-18 16:53:29.315  1387  5615 W audio_hw_generic: Not supplying enough data to HAL, expected position 840460684 , only wrote 840460320
07-18 16:53:29.316  1387  5615 W audio_hw_generic: Not supplying enough data to HAL, expected position 840460358 , only wrote 840460320
07-18 16:53:29.332  1387  5615 W audio_hw_generic: Not supplying enough data to HAL, expected position 840461056 , only wrote 840461040
07-18 16:53:29.344  1468  1563 D AudioFlinger: mixer(0xa5a038c0) throttle end: throttle time(12)
07-18 16:53:29.663  1476 15242 I NuPlayerDecoder: [audio] saw output EOS
07-18 16:53:29.664  1476 15241 D AudioTrack: stop() called with 132300 frames delivered
07-18 16:53:30.068  1476 15238 D NuPlayerDriver: notifyListener_l(0xae014460), (2, 0, 0, -1), loop setting(1, 0)
07-18 16:53:30.077  1476 15242 I NuPlayerDecoder: [OMX.google.vorbis.decoder] resubmitting CSD
07-18 16:53:30.078  1476 15242 I NuPlayerDecoder: [OMX.google.vorbis.decoder] resubmitting CSD
07-18 16:53:30.113  1387  5615 W audio_hw_generic: Not supplying enough data to HAL, expected position 840498557 , only wrote 840498480
07-18 16:53:30.114  1387  5615 W audio_hw_generic: Not supplying enough data to HAL, expected position 840498506 , only wrote 840498480
07-18 16:53:30.152  1476 15238 D NuPlayerDriver: notifyListener_l(0xae014460), (6, 0, 0, -1), loop setting(1, 0)
07-18 16:53:30.157  1476 15241 W NuPlayerRenderer: getPendingAudioPlayoutDurationUs: pendingUs -2892 < 0, clamping to zero, potential resume after pause writtenAudioDurationUs: 2902, audioSinkPlayedUs: 5794
07-18 16:53:30.178  1476 15241 W NuPlayerRenderer: getPendingAudioPlayoutDurationUs: pendingUs -991 < 0, clamping to zero, potential resume after pause writtenAudioDurationUs: 26122, audioSinkPlayedUs: 27113
07-18 16:53:30.198  1476 15241 W AudioTrack: retrograde timestamp position corrected, -128 = 0 - 128
07-18 16:53:30.472  1468  1563 D AudioFlinger: mixer(0xa5a038c0) throttle end: throttle time(5)
07-18 16:53:30.880  1387  5615 W audio_hw_generic: Not supplying enough data to HAL, expected position 840535236 , only wrote 840535200
07-18 16:53:30.914  1387  5615 W audio_hw_generic: Hardware backing HAL too slow, could only write 0 of 720 frames
07-18 16:53:30.989  1387  5615 W audio_hw_generic: Hardware backing HAL too slow, could only write 0 of 720 frames
07-18 16:53:31.606  1476 15241 W AudioTrack: getTimestamp() location moved from kernel to server
07-18 16:53:31.809  5874  5884 I chatty  : uid=10104(net.osmand) HeapTaskDaemon expire 10 lines
07-18 16:53:32.735  1387  5615 W audio_hw_generic: Not supplying enough data to HAL, expected position 840624283 , only wrote 840623760
07-18 16:53:32.736  1387  5615 W audio_hw_generic: Not supplying enough data to HAL, expected position 840623786 , only wrote 840623760
07-18 16:53:32.763  1468  1563 D AudioFlinger: mixer(0xa5a038c0) throttle end: throttle time(12)
07-18 16:53:32.793  1476 15242 I NuPlayerDecoder: [audio] saw output EOS
07-18 16:53:32.793  1476 15241 D AudioTrack: stop() called with 132300 frames delivered
07-18 16:53:33.240  1476 15238 D NuPlayerDriver: notifyListener_l(0xae014460), (2, 0, 0, -1), loop setting(1, 0)
07-18 16:53:33.262  1476 15242 I NuPlayerDecoder: [OMX.google.vorbis.decoder] resubmitting CSD
07-18 16:53:33.264  1476 15242 I NuPlayerDecoder: [OMX.google.vorbis.decoder] resubmitting CSD
07-18 16:53:33.286  1476 15238 D NuPlayerDriver: notifyListener_l(0xae014460), (6, 0, 0, -1), loop setting(1, 0)
07-18 16:53:33.317  1476 15241 W AudioTrack: getTimestamp() location moved from kernel to server
07-18 16:53:33.341  1476 15241 W AudioTrack: retrograde timestamp position corrected, -1058 = 0 - 1058
07-18 16:53:33.501  1387  5615 W audio_hw_generic: Not supplying enough data to HAL, expected position 840660497 , only wrote 840660480
07-18 16:53:33.502  1387  5615 W audio_hw_generic: Not supplying enough data to HAL, expected position 840660518 , only wrote 840660480
07-18 16:53:33.518  1387  5615 W audio_hw_generic: Not supplying enough data to HAL, expected position 840661226 , only wrote 840661200
07-18 16:53:33.863  1387  5615 W audio_hw_generic: Not supplying enough data to HAL, expected position 840677763 , only wrote 840677760
07-18 16:53:33.878  1387  5615 W audio_hw_generic: Not supplying enough data to HAL, expected position 840678488 , only wrote 840678480
07-18 16:53:33.890  1468  1563 D AudioFlinger: mixer(0xa5a038c0) throttle end: throttle time(10)
07-18 16:53:34.238  1387  5615 W audio_hw_generic: Not supplying enough data to HAL, expected position 840695772 , only wrote 840695760
07-18 16:53:34.255  1387  5615 W audio_hw_generic: Not supplying enough data to HAL, expected position 840696554 , only wrote 840696480
07-18 16:53:35.002  1468  1563 D AudioFlinger: mixer(0xa5a038c0) throttle end: throttle time(3)
07-18 16:53:35.371  1476 15241 W AudioTrack: getTimestamp() location moved from kernel to server
07-18 16:53:35.756  1387  5615 W audio_hw_generic: Not supplying enough data to HAL, expected position 840768524 , only wrote 840768480
07-18 16:53:35.757  1387  5615 W audio_hw_generic: Not supplying enough data to HAL, expected position 840768521 , only wrote 840768480
07-18 16:53:35.772  1387  5615 W audio_hw_generic: Not supplying enough data to HAL, expected position 840769223 , only wrote 840769200
07-18 16:53:35.946  1476 15242 I NuPlayerDecoder: [audio] saw output EOS
07-18 16:53:35.946  1476 15241 D AudioTrack: stop() called with 132300 frames delivered
07-18 16:53:36.352  1476 15238 D NuPlayerDriver: notifyListener_l(0xae014460), (2, 0, 0, -1), loop setting(1, 0)
07-18 16:53:36.362  1476 15242 I NuPlayerDecoder: [OMX.google.vorbis.decoder] resubmitting CSD
07-18 16:53:36.365  1476 15242 I NuPlayerDecoder: [OMX.google.vorbis.decoder] resubmitting CSD
07-18 16:53:36.386  1476 15238 D NuPlayerDriver: notifyListener_l(0xae014460), (6, 0, 0, -1), loop setting(1, 0)
07-18 16:53:36.414  1476 15241 W AudioTrack: getTimestamp() location moved from kernel to server
07-18 16:53:36.435  1476 15241 W AudioTrack: retrograde timestamp position corrected, -1058 = 0 - 1058
07-18 16:53:36.552  1387  5615 W audio_hw_generic: Hardware backing HAL too slow, could only write 0 of 720 frames
07-18 16:53:36.884  1476 15241 W AudioTrack: getTimestamp() location moved from kernel to server
07-18 16:53:36.884  1387  5615 W audio_hw_generic: Not supplying enough data to HAL, expected position 840822588 , only wrote 840822480
07-18 16:53:36.885  1387  5615 W audio_hw_generic: Not supplying enough data to HAL, expected position 840822514 , only wrote 840822480
07-18 16:53:36.901  1387  5615 W audio_hw_generic: Not supplying enough data to HAL, expected position 840823228 , only wrote 840823200
07-18 16:53:37.284  1468  1563 D AudioFlinger: mixer(0xa5a038c0) throttle end: throttle time(2)
07-18 16:53:37.620  1468  1563 D AudioFlinger: mixer(0xa5a038c0) throttle end: throttle time(7)
07-18 16:53:38.430  1387  5615 W audio_hw_generic: Hardware backing HAL too slow, could only write 0 of 720 frames
07-18 16:53:38.806  1387  5615 W audio_hw_generic: Hardware backing HAL too slow, could only write 0 of 720 frames
07-18 16:53:38.942  1476 15242 I NuPlayerDecoder: [audio] saw output EOS
07-18 16:53:38.945  1476 15241 D AudioTrack: stop() called with 132300 frames delivered
07-18 16:53:39.099  1387  5615 W audio_hw_generic: Not supplying enough data to HAL, expected position 840928725 , only wrote 840928320
07-18 16:53:39.100  1387  5615 W audio_hw_generic: Not supplying enough data to HAL, expected position 840928349 , only wrote 840928320
07-18 16:53:39.115  1387  5615 W audio_hw_generic: Not supplying enough data to HAL, expected position 840929072 , only wrote 840929040
07-18 16:53:39.124  1468  1563 D AudioFlinger: mixer(0xa5a038c0) throttle end: throttle time(12)
07-18 16:53:39.452  1476 15238 D NuPlayerDriver: notifyListener_l(0xae014460), (2, 0, 0, -1), loop setting(1, 0)
07-18 16:53:39.472  1476 15242 I NuPlayerDecoder: [OMX.google.vorbis.decoder] resubmitting CSD
07-18 16:53:39.472  1476 15242 I NuPlayerDecoder: [OMX.google.vorbis.decoder] resubmitting CSD
07-18 16:53:39.506  1387  5615 W audio_hw_generic: Not supplying enough data to HAL, expected position 840947800 , only wrote 840947760
07-18 16:53:39.507  1387  5615 W audio_hw_generic: Not supplying enough data to HAL, expected position 840947789 , only wrote 840947760
07-18 16:53:39.526  1476 15238 D NuPlayerDriver: notifyListener_l(0xae014460), (6, 0, 0, -1), loop setting(1, 0)
07-18 16:53:39.531  1476 15241 W NuPlayerRenderer: getPendingAudioPlayoutDurationUs: pendingUs -911 < 0, clamping to zero, potential resume after pause writtenAudioDurationUs: 5804, audioSinkPlayedUs: 6715
07-18 16:53:39.574  1476 15241 W AudioTrack: retrograde timestamp position corrected, -384 = 0 - 384
07-18 16:53:39.890  1468  1563 D AudioFlinger: mixer(0xa5a038c0) throttle end: throttle time(4)
07-18 16:53:40.259  1387  5615 W audio_hw_generic: Not supplying enough data to HAL, expected position 840983842 , only wrote 840983760
07-18 16:53:40.277  1468  1563 D AudioFlinger: mixer(0xa5a038c0) throttle end: throttle time(2)
07-18 16:53:40.545 15586 15610 I chatty  : uid=10026(com.android.vending) expire 11 lines
07-18 16:53:40.994  1468  1563 D AudioFlinger: mixer(0xa5a038c0) throttle end: throttle time(3)
07-18 16:53:41.369  1387  5615 W audio_hw_generic: Not supplying enough data to HAL, expected position 841037056 , only wrote 841037040
07-18 16:53:41.384  1387  5615 W audio_hw_generic: Not supplying enough data to HAL, expected position 841037765 , only wrote 841037760
07-18 16:53:41.394  1476 15241 W AudioTrack: getTimestamp() location moved from kernel to server
07-18 16:53:41.404  1468  1563 D AudioFlinger: mixer(0xa5a038c0) throttle end: throttle time(5)
07-18 16:53:41.417  1387  5615 W audio_hw_generic: Hardware backing HAL too slow, could only write 0 of 720 frames
07-18 16:53:41.432  1387  5615 I chatty  : uid=1041(audioserver) writer identical 9 lines
07-18 16:53:41.461  1387  5615 W audio_hw_generic: Hardware backing HAL too slow, could only write 0 of 720 frames
07-18 16:53:41.800  1468  1563 D AudioFlinger: mixer(0xa5a038c0) throttle end: throttle time(5)
07-18 16:53:41.996  1476 15242 I NuPlayerDecoder: [audio] saw output EOS
07-18 16:53:42.245  1476 15241 D AudioTrack: stop() called with 132300 frames delivered
07-18 16:53:42.613  1476 15238 D NuPlayerDriver: notifyListener_l(0xae014460), (2, 0, 0, -1), loop setting(1, 0)
07-18 16:53:42.633  1476 15242 I NuPlayerDecoder: [OMX.google.vorbis.decoder] resubmitting CSD
07-18 16:53:42.636  1476 15242 I NuPlayerDecoder: [OMX.google.vorbis.decoder] resubmitting CSD
07-18 16:53:42.662  1476 15238 D NuPlayerDriver: notifyListener_l(0xae014460), (6, 0, 0, -1), loop setting(1, 0)
07-18 16:53:42.689  1476 15241 W AudioTrack: getTimestamp() location moved from kernel to server
07-18 16:53:42.689  1476 15241 W NuPlayerRenderer: getPendingAudioPlayoutDurationUs: pendingUs -2358 < 0, clamping to zero, potential resume after pause writtenAudioDurationUs: 14512, audioSinkPlayedUs: 16870
07-18 16:53:42.711  1476 15241 W AudioTrack: retrograde timestamp position corrected, -640 = 0 - 640
07-18 16:53:42.959  1468  1563 D AudioFlinger: mixer(0xa5a038c0) throttle end: throttle time(1)
07-18 16:53:43.272  1387  5615 W audio_hw_generic: Hardware backing HAL too slow, could only write 0 of 720 frames
07-18 16:53:43.609  1468  1563 D AudioFlinger: mixer(0xa5a038c0) throttle end: throttle time(6)
07-18 16:53:43.616  1387  5615 W audio_hw_generic: Hardware backing HAL too slow, could only write 0 of 720 frames
07-18 16:53:43.647  1387  5615 W audio_hw_generic: Hardware backing HAL too slow, could only write 0 of 720 frames
07-18 16:53:43.728  1403  1403 I boot-pipe: done populating /dev/random
07-18 16:53:44.358  1468  1563 D AudioFlinger: mixer(0xa5a038c0) throttle end: throttle time(5)
07-18 16:53:44.707  1387  5615 W audio_hw_generic: Not supplying enough data to HAL, expected position 841197246 , only wrote 841196880
07-18 16:53:44.707  1387  5615 W audio_hw_generic: Not supplying enough data to HAL, expected position 841196895 , only wrote 841196880
07-18 16:53:44.723  1387  5615 W audio_hw_generic: Not supplying enough data to HAL, expected position 841197630 , only wrote 841197600
07-18 16:53:45.282  1476 15242 I NuPlayerDecoder: [audio] saw output EOS
07-18 16:53:45.284  1476 15241 D AudioTrack: stop() called with 132300 frames delivered
07-18 16:53:45.468  1468  1563 D AudioFlinger: mixer(0xa5a038c0) throttle end: throttle time(2)
07-18 16:53:45.763  1476 15238 D NuPlayerDriver: notifyListener_l(0xae014460), (2, 0, 0, -1), loop setting(1, 0)
07-18 16:53:45.776  1476 15242 I NuPlayerDecoder: [OMX.google.vorbis.decoder] resubmitting CSD
07-18 16:53:45.777  1476 15242 I NuPlayerDecoder: [OMX.google.vorbis.decoder] resubmitting CSD
07-18 16:53:45.786  1476 15238 D NuPlayerDriver: notifyListener_l(0xae014460), (6, 0, 0, -1), loop setting(1, 0)
07-18 16:53:46.256  1387  5615 W audio_hw_generic: Not supplying enough data to HAL, expected position 841271194 , only wrote 841271040
07-18 16:53:46.256  1387  5615 W audio_hw_generic: Not supplying enough data to HAL, expected position 841271049 , only wrote 841271040
07-18 16:53:46.271  1387  5615 W audio_hw_generic: Not supplying enough data to HAL, expected position 841271781 , only wrote 841271760
07-18 16:53:46.285  1468  1563 D AudioFlinger: mixer(0xa5a038c0) throttle end: throttle time(12)
07-18 16:53:46.482  5874  5884 I chatty  : uid=10104(net.osmand) HeapTaskDaemon expire 11 lines
07-18 16:53:46.997  1476 15241 W AudioTrack: getTimestamp() location moved from kernel to server
07-18 16:53:47.802  1387  5615 W audio_hw_generic: Not supplying enough data to HAL, expected position 841345234 , only wrote 841344480
07-18 16:53:47.803  1387  5615 W audio_hw_generic: Not supplying enough data to HAL, expected position 841344533 , only wrote 841344480
07-18 16:53:47.803  1387  5615 W audio_hw_generic: Hardware backing HAL too slow, could only write 0 of 720 frames
07-18 16:53:47.819  1387  5615 W audio_hw_generic: Hardware backing HAL too slow, could only write 0 of 720 frames
07-18 16:53:47.832  1468  1563 D AudioFlinger: mixer(0xa5a038c0) throttle end: throttle time(12)
07-18 16:53:47.836  1387  5615 W audio_hw_generic: Hardware backing HAL too slow, could only write 0 of 720 frames
07-18 16:53:47.881  1387  5615 W audio_hw_generic: Hardware backing HAL too slow, could only write 0 of 720 frames
07-18 16:53:47.971  8130  8130 I Dialer  : NotificationBroadcastReceiver.onReceive - Broadcast from Notification: com.android.incallui.ACTION_DECLINE_INCOMING_CALL
07-18 16:53:48.136  8130  8130 I Dialer  : DialerCall.reject
07-18 16:53:48.186  1387  5615 W audio_hw_generic: Not supplying enough data to HAL, expected position 841362848 , only wrote 841362480
07-18 16:53:48.187  1387  5615 W audio_hw_generic: Not supplying enough data to HAL, expected position 841362507 , only wrote 841362480
07-18 16:53:48.193  1592  6498 I Telecom : Event: RecordEntry TC@4: STOP_RINGER, null: ICA.rC(InCall package: com.google.android.dialer)@AVA
07-18 16:53:48.195  1592 15232 I Telecom : AsyncRingtonePlayer: Stop ringtone.
07-18 16:53:48.200  1476  1834 D NuPlayerDriver: reset(0xae014460) at state 5
07-18 16:53:48.202  1387  5615 W audio_hw_generic: Not supplying enough data to HAL, expected position 841363242 , only wrote 841363200
07-18 16:53:48.227  1468  1563 D AudioFlinger: mixer(0xa5a038c0) throttle end: throttle time(2)
07-18 16:53:48.232  1475 11595 D MediaAnalyticsService: MediaAnalyticsService::newSummarizerSet
07-18 16:53:48.235  1476  1834 D NuPlayerDriver: notifyListener_l(0xae014460), (8, 0, 0, -1), loop setting(1, 0)
07-18 16:53:48.250  1592  6498 I Telecom : Event: RecordEntry TC@4: REQUEST_REJECT, null: ICA.rC(InCall package: com.google.android.dialer)@AVA
07-18 16:53:48.290  1476 15238 D NuPlayerDriver: notifyResetComplete(0xae014460)
07-18 16:53:48.290  1476  1834 D NuPlayerDriver: reset(0xae014460) at state 0
07-18 16:53:48.292  1592 15232 I chatty  : uid=1000 system_server expire 4 lines
07-18 16:53:48.293  1476  1834 D AudioTrack: stop() called with 0 frames delivered
07-18 16:53:48.355  1592  6498 I Telecom : InCallController: Sending updateCall [TC@4, RINGING, com.android.phone/com.android.services.telephony.TelephonyConnectionService, tel:****, A, childs(0), has_parent(false), [Capabilities: CAPABILITY_SUPPORT_HOLD CAPABILITY_MUTE CAPABILITY_CANNOT_DOWNGRADE_VIDEO_TO_AUDIO CAPABILITY_SPEED_UP_MT_AUDIO], [Properties:]]: CSW.sSH@AVE
07-18 16:53:48.394  1592  6498 I Telecom : InCallController: Components updated: [ComponentInfo{com.google.android.dialer/com.android.incallui.InCallServiceImpl}]: CSW.sSH@AVE
07-18 16:53:48.413  1592  1671 D ConnectivityService: NetworkAgentInfo [MOBILE (LTE) - 100] EVENT_NETWORK_INFO_CHANGED, going from SUSPENDED to CONNECTED
07-18 16:53:48.463  1592  2052 I Telecom : InCallController: Sending updateCall [TC@4, RINGING, com.android.phone/com.android.services.telephony.TelephonyConnectionService, tel:****, A, childs(0), has_parent(false), [Capabilities: CAPABILITY_SUPPORT_HOLD CAPABILITY_MUTE CAPABILITY_CANNOT_DOWNGRADE_VIDEO_TO_AUDIO CAPABILITY_SPEED_UP_MT_AUDIO], [Properties:]]: CSW.sSH@AVI
07-18 16:53:48.484  1592  2052 I Telecom : InCallController: Components updated: [ComponentInfo{com.google.android.dialer/com.android.incallui.InCallServiceImpl}]: CSW.sSH@AVI
07-18 16:53:48.488  1592  6498 I Telecom : InCallController: Sending updateCall [TC@4, RINGING, com.android.phone/com.android.services.telephony.TelephonyConnectionService, tel:****, A, childs(0), has_parent(false), [Capabilities: CAPABILITY_SUPPORT_HOLD CAPABILITY_MUTE CAPABILITY_CANNOT_DOWNGRADE_VIDEO_TO_AUDIO CAPABILITY_SPEED_UP_MT_AUDIO], [Properties:]]: CSW.sCC@AVM
07-18 16:53:48.544  1592  6498 I Telecom : InCallController: Components updated: [ComponentInfo{com.google.android.dialer/com.android.incallui.InCallServiceImpl}]: CSW.sCC@AVM
07-18 16:53:48.546  1592  2099 I Telecom : CallsManager: setCallState RINGING -> DISCONNECTED, call: [TC@4, RINGING, com.android.phone/com.android.services.telephony.TelephonyConnectionService, tel:****, A, childs(0), has_parent(false), [Capabilities: CAPABILITY_SUPPORT_HOLD CAPABILITY_MUTE CAPABILITY_CANNOT_DOWNGRADE_VIDEO_TO_AUDIO CAPABILITY_SPEED_UP_MT_AUDIO], [Properties:]]: CSW.sDc@AVQ
07-18 16:53:48.547  1592  2099 I Telecom : Event: RecordEntry TC@4: SET_DISCONNECTED, disconnected set explicitly> DisconnectCause [ Code: (REJECTED) Label: () Description: () Reason: (INCOMING_REJECTED) Tone: (-1) ]: CSW.sDc@AVQ
07-18 16:53:48.553  1592  2099 I Telecom : InCallController: Sending updateCall [TC@4, DISCONNECTED, com.android.phone/com.android.services.telephony.TelephonyConnectionService, tel:****, A, childs(0), has_parent(false), [Capabilities: CAPABILITY_SUPPORT_HOLD CAPABILITY_MUTE CAPABILITY_CANNOT_DOWNGRADE_VIDEO_TO_AUDIO CAPABILITY_SPEED_UP_MT_AUDIO], [Properties:]]: CSW.sDc@AVQ
07-18 16:53:48.553  1592  1898 I Telecom : CallAudioModeStateMachine: Message received: NO_MORE_RINGING_CALLS.: CSW.sDc->CAMSM.pM_1002@AVQ
07-18 16:53:48.553  1592  1898 I Telecom : CallAudioModeStateMachine: Abandoning audio focus: now UNFOCUSED: CSW.sDc->CAMSM.pM_1002@AVQ
07-18 16:53:48.554  1592  1898 I chatty  : uid=1000(system) CallAudioModeSt expire 1 line
07-18 16:53:48.562  1592  1890 I Telecom : CallAudioRouteStateMachine: Message received: UPDATE_SYSTEM_AUDIO_ROUTE=1201, arg1=0: CSW.sDc->CARSM.pM_UPDATE_SYSTEM_AUDIO_ROUTE@AVQ
07-18 16:53:48.609  1592  2099 I Telecom : InCallController: Components updated: [ComponentInfo{com.google.android.dialer/com.android.incallui.InCallServiceImpl}]: CSW.sDc@AVQ
07-18 16:53:48.654  8130  8130 I Dialer  : DialerCallListenerImpl.onDialerCallDisconnect - [DialerCall_1, DISCONNECTED, [Capabilities: CAPABILITY_SUPPORT_HOLD CAPABILITY_MUTE CAPABILITY_CANNOT_DOWNGRADE_VIDEO_TO_AUDIO], [Properties:], children:[], parent:null, conferenceable:[], videoState:Audio Only, mSessionModificationState:0, CameraDir:-1]
07-18 16:53:48.663  8130  8130 I Dialer  : EnrichedCallManagerImpl.onDisconnect - enter
07-18 16:53:48.669  8130  8130 I Dialer  : EnrichedCallManagerImpl.onDisconnect - disconnected call with no enriched call session
07-18 16:53:48.685  8130  8130 I Dialer  : InCallPresenter.onCallListChange - Phone switching state: INCOMING -> INCALL
07-18 16:53:48.685  8130  8130 I Dialer  : StatusBarNotifier.cancelNotification - cancel
07-18 16:53:48.695  1592  2099 I Telecom : PhoneStateBroadcaster: Broadcasted state change: 0: CSW.sDc@AVQ
07-18 16:53:48.696  1592  1606 W BroadcastQueue: Permission Denial: receiving Intent { act=android.intent.action.PHONE_STATE flg=0x1000010 (has extras) } to ProcessRecord{8799c8 4241:com.mapfactor.navigator:Notifications/u0a88} (pid=4241, uid=10088) requires android.permission.READ_PRIVILEGED_PHONE_STATE due to sender android (uid 1000)
07-18 16:53:48.705  1592  2099 I Telecom : TelecomWakeLock: Releasing WakeLock with id: 26: CSW.sDc@AVQ
07-18 16:53:48.705  1592  2099 I Telecom : InCallWakeLockController: Releasing full wake lock: CSW.sDc@AVQ
07-18 16:53:48.703  1592  1606 W BroadcastQueue: Permission Denial: receiving Intent { act=android.intent.action.PHONE_STATE flg=0x1000010 (has extras) } to ProcessRecord{3123a16 1695:com.android.systemui/u0a29} (pid=1695, uid=10029) requires android.permission.READ_PHONE_STATE due to sender android (uid 1000)
07-18 16:53:48.764  1592  2099 I Telecom : IncomingCallNotifier: updateIncomingCall: foundIncomingcall = null: CSW.sDc@AVQ
07-18 16:53:48.777  8130  8130 I Dialer  : VideoPauseController.onStateChange - hasPrimaryCallChanged: true, videoCanPause: false, isInBackground: false
07-18 16:53:48.777  8130  8130 I Dialer  : VideoPauseController.onPrimaryCallChanged - new call: null, old call: [DialerCall_1, DISCONNECTED, [Capabilities: CAPABILITY_SUPPORT_HOLD CAPABILITY_MUTE CAPABILITY_CANNOT_DOWNGRADE_VIDEO_TO_AUDIO], [Properties:], children:[], parent:null, conferenceable:[], videoState:Audio Only, mSessionModificationState:0, CameraDir:-1], mIsInBackground: false
07-18 16:53:48.781  8130  8130 I Dialer  : EnrichedCallManagerImpl.unregisterCapabilitiesListener - listener: [DialerCall_1, DISCONNECTED, [Capabilities: CAPABILITY_SUPPORT_HOLD CAPABILITY_MUTE CAPABILITY_CANNOT_DOWNGRADE_VIDEO_TO_AUDIO], [Properties:], children:[], parent:null, conferenceable:[], videoState:Audio Only, mSessionModificationState:0, CameraDir:-1]
07-18 16:53:48.782  8130  8130 I Dialer  : EnrichedCallManagerImpl.unregisterStateChangedListener - listener: [DialerCall_1, DISCONNECTED, [Capabilities: CAPABILITY_SUPPORT_HOLD CAPABILITY_MUTE CAPABILITY_CANNOT_DOWNGRADE_VIDEO_TO_AUDIO], [Properties:], children:[], parent:null, conferenceable:[], videoState:Audio Only, mSessionModificationState:0, CameraDir:-1]
07-18 16:53:48.791  8130  8130 I Dialer  : DialerCall.setState - ignoring state transition from DISCONNECTED to DISCONNECTED. Duration would have changed from 0 to 0
07-18 16:53:48.793  8130  8130 I Dialer  : CallList.onUpdateCall - [DialerCall_1, DISCONNECTED, [Capabilities: CAPABILITY_SUPPORT_HOLD CAPABILITY_MUTE CAPABILITY_CANNOT_DOWNGRADE_VIDEO_TO_AUDIO], [Properties:], children:[], parent:null, conferenceable:[], videoState:Audio Only, mSessionModificationState:0, CameraDir:-1]
07-18 16:53:48.793  8130  8130 I Dialer  : InCallPresenter.onCallListChange - Phone switching state: INCALL -> INCALL
07-18 16:53:48.799  8130  8130 I Dialer  : VideoPauseController.onStateChange - hasPrimaryCallChanged: false, videoCanPause: false, isInBackground: false
07-18 16:53:48.807  8130  8130 I Dialer  : EnrichedCallManagerImpl.unregisterCapabilitiesListener - listener: [DialerCall_1, DISCONNECTED, [Capabilities: CAPABILITY_SUPPORT_HOLD CAPABILITY_MUTE CAPABILITY_CANNOT_DOWNGRADE_VIDEO_TO_AUDIO], [Properties:], children:[], parent:null, conferenceable:[], videoState:Audio Only, mSessionModificationState:0, CameraDir:-1]
07-18 16:53:48.812  8130  8130 I Dialer  : EnrichedCallManagerImpl.unregisterStateChangedListener - listener: [DialerCall_1, DISCONNECTED, [Capabilities: CAPABILITY_SUPPORT_HOLD CAPABILITY_MUTE CAPABILITY_CANNOT_DOWNGRADE_VIDEO_TO_AUDIO], [Properties:], children:[], parent:null, conferenceable:[], videoState:Audio Only, mSessionModificationState:0, CameraDir:-1]
07-18 16:53:48.906  1592  2099 W ContextImpl: Calling a method in the system process without a qualified user: android.app.ContextImpl.sendBroadcast:981 android.content.ContextWrapper.sendBroadcast:442 com.android.server.telecom.CallLogManager.sendAddCallBroadcast:444 com.android.server.telecom.CallLogManager.logCall:287 com.android.server.telecom.CallLogManager.logCall:233 
07-18 16:53:48.910  1592  1890 I Telecom : CallAudioRouteStateMachine: setSystemAudioState: changing from [AudioState isMuted: false, route: EARPIECE, supportedRouteMask: EARPIECE, SPEAKER] to [AudioState isMuted: false, route: EARPIECE, supportedRouteMask: EARPIECE, SPEAKER]: CSW.sDc->CARSM.pM_UPDATE_SYSTEM_AUDIO_ROUTE@AVQ
07-18 16:53:48.911  1592  1890 I Telecom : InCallController: Calling onAudioStateChanged, audioState: [AudioState isMuted: false, route: EARPIECE, supportedRouteMask: EARPIECE, SPEAKER] -> [AudioState isMuted: false, route: EARPIECE, supportedRouteMask: EARPIECE, SPEAKER]: CSW.sDc->CARSM.pM_UPDATE_SYSTEM_AUDIO_ROUTE@AVQ
07-18 16:53:48.922  1592  4632 I Telecom : InCallController: Sending updateCall [TC@4, DISCONNECTED, com.android.phone/com.android.services.telephony.TelephonyConnectionService, tel:****, A, childs(0), has_parent(false), [Capabilities: CAPABILITY_SUPPORT_HOLD CAPABILITY_MUTE CAPABILITY_CANNOT_DOWNGRADE_VIDEO_TO_AUDIO CAPABILITY_SPEED_UP_MT_AUDIO], [Properties:]]: CSW.sCC@AVY
07-18 16:53:49.216  8130  8136 I zygote  : Do partial code cache collection, code=45KB, data=62KB
07-18 16:53:49.228  8130  8136 I zygote  : After code cache collection, code=45KB, data=62KB
07-18 16:53:49.228  8130  8136 I zygote  : Increasing code cache capacity to 256KB
07-18 16:53:49.269  1695  1695 D StatusBar: disable<e i a s b h r c s q >
07-18 16:53:49.291  1592  4632 I Telecom : InCallController: Components updated: [ComponentInfo{com.google.android.dialer/com.android.incallui.InCallServiceImpl}]: CSW.sCC@AVY
07-18 16:53:49.292  1785 16817 D CallNotifier: SignalInfoTonePlayer.run(toneId = 98)...
07-18 16:53:49.292  1785 16817 D CallNotifier: mSignalInfoToneGenerator created already, hence skipping
07-18 16:53:49.320  1592  4632 I Telecom : ConnectionServiceWrapper: Service unbound ComponentInfo{com.android.phone/com.android.services.telephony.TelephonyConnectionService}, from unbind.: CSW.rC@AVc
07-18 16:53:49.337  1592  4632 I Telecom : CallsManager: handleConnectionServiceDeath: service com.android.server.telecom.ConnectionServiceWrapper@89cda0c died: CSW.rC@AVc
