06-29 16:04:55.488  1390  3747 W audio_hw_generic: Hardware backing HAL too slow, could only write 0 of 720 frames
06-29 16:04:55.572  1390  3747 W audio_hw_generic: Not supplying enough data to HAL, expected position 37100727 , only wrote 37098720
06-29 16:04:55.573  1390  3747 W audio_hw_generic: Not supplying enough data to HAL, expected position 37098735 , only wrote 37098720
06-29 16:04:55.589  1390  3747 W audio_hw_generic: Not supplying enough data to HAL, expected position 37099531 , only wrote 37099440
06-29 16:04:55.589  1390  3747 W audio_hw_generic: Hardware backing HAL too slow, could only write 0 of 720 frames
06-29 16:04:55.591  1390  3747 W audio_hw_generic: Hardware backing HAL too slow, could only write 0 of 720 frames
06-29 16:04:55.664  1390  3747 W audio_hw_generic: Not supplying enough data to HAL, expected position 37103004 , only wrote 37100880
06-29 16:04:55.664  1390  3747 W audio_hw_generic: Hardware backing HAL too slow, could only write 0 of 720 frames
06-29 16:04:55.665  1472  1581 D AudioFlinger: mixer(0xa5583800) throttle end: throttle time(12)
06-29 16:04:55.679  1390  3747 W audio_hw_generic: Not supplying enough data to HAL, expected position 37101605 , only wrote 37101600
06-29 16:04:55.679  1390  3747 W audio_hw_generic: Hardware backing HAL too slow, could only write 0 of 720 frames
06-29 16:04:55.749  1390  3747 W audio_hw_generic: Not supplying enough data to HAL, expected position 37104973 , only wrote 37102320
06-29 16:04:55.749  1390  3747 W audio_hw_generic: Hardware backing HAL too slow, could only write 0 of 720 frames
06-29 16:04:55.749  1390  3747 W audio_hw_generic: Hardware backing HAL too slow, could only write 0 of 720 frames
06-29 16:04:55.753  1472  1581 D AudioFlinger: mixer(0xa5583800) throttle end: throttle time(12)
06-29 16:04:55.766  1390  3747 W audio_hw_generic: Hardware backing HAL too slow, could only write 0 of 720 frames
06-29 16:04:55.852  1390  3747 W audio_hw_generic: Hardware backing HAL too slow, could only write 0 of 720 frames
06-29 16:04:55.852  1390  3747 W audio_hw_generic: Not supplying enough data to HAL, expected position 37107279 , only wrote 37105200
06-29 16:04:55.853  1390  3747 W audio_hw_generic: Not supplying enough data to HAL, expected position 37105210 , only wrote 37105200
06-29 16:04:55.853  1390  3747 W audio_hw_generic: Hardware backing HAL too slow, could only write 0 of 720 frames
06-29 16:04:55.937  1390  3747 W audio_hw_generic: Not supplying enough data to HAL, expected position 37109241 , only wrote 37105920
06-29 16:04:55.937  1390  3747 W audio_hw_generic: Hardware backing HAL too slow, could only write 0 of 720 frames
06-29 16:04:55.937  1390  3747 W audio_hw_generic: Hardware backing HAL too slow, could only write 0 of 720 frames
06-29 16:04:55.948  1472  1581 D AudioFlinger: mixer(0xa5583800) throttle end: throttle time(12)
06-29 16:04:55.954  1390  3747 W audio_hw_generic: Hardware backing HAL too slow, could only write 0 of 720 frames
06-29 16:04:55.970  1390  3747 W audio_hw_generic: Hardware backing HAL too slow, could only write 0 of 720 frames
06-29 16:04:56.058  1390  3747 W audio_hw_generic: Not supplying enough data to HAL, expected position 37111742 , only wrote 37109520
06-29 16:04:56.058  1390  3747 W audio_hw_generic: Not supplying enough data to HAL, expected position 37109529 , only wrote 37109520
06-29 16:04:56.058  1390  3747 W audio_hw_generic: Hardware backing HAL too slow, could only write 0 of 720 frames
06-29 16:04:56.075  1390  3747 W audio_hw_generic: Not supplying enough data to HAL, expected position 37110315 , only wrote 37110240
06-29 16:04:56.075  1390  3747 W audio_hw_generic: Hardware backing HAL too slow, could only write 0 of 720 frames
06-29 16:04:56.077  1390  3747 W audio_hw_generic: Hardware backing HAL too slow, could only write 0 of 720 frames
06-29 16:04:56.086  1472  1581 D AudioFlinger: mixer(0xa5583800) throttle end: throttle time(12)
06-29 16:04:56.173  1390  3747 W audio_hw_generic: Not supplying enough data to HAL, expected position 37114942 , only wrote 37113120
06-29 16:04:56.174  1390  3747 W audio_hw_generic: Not supplying enough data to HAL, expected position 37113192 , only wrote 37113120
06-29 16:04:56.175  1390  3747 W audio_hw_generic: Hardware backing HAL too slow, could only write 0 of 720 frames
06-29 16:04:56.191  1390  3747 W audio_hw_generic: Not supplying enough data to HAL, expected position 37113900 , only wrote 37113840
06-29 16:04:56.191  1390  3747 W audio_hw_generic: Hardware backing HAL too slow, could only write 0 of 720 frames
06-29 16:04:56.194  1390  3747 W audio_hw_generic: Hardware backing HAL too slow, could only write 0 of 720 frames
06-29 16:04:56.203  1472  1581 D AudioFlinger: mixer(0xa5583800) throttle end: throttle time(12)
06-29 16:04:56.214 10735 10844 D         : HostConnection::get() New Host Connection established 0x9533f500, tid 10844
06-29 16:04:56.224  1390  3747 W audio_hw_generic: Hardware backing HAL too slow, could only write 0 of 720 frames
06-29 16:04:56.448  1390  3747 W audio_hw_generic: Not supplying enough data to HAL, expected position 37126188 , only wrote 37122480
06-29 16:04:56.449  1390  3747 W audio_hw_generic: Not supplying enough data to HAL, expected position 37122518 , only wrote 37122480
06-29 16:04:56.449  1390  3747 W audio_hw_generic: Hardware backing HAL too slow, could only write 0 of 720 frames
06-29 16:04:56.466  1390  3747 W audio_hw_generic: Not supplying enough data to HAL, expected position 37123293 , only wrote 37123200
06-29 16:04:56.476  1472  1581 D AudioFlinger: mixer(0xa5583800) throttle end: throttle time(12)
06-29 16:04:56.578  1390  3747 W audio_hw_generic: Not supplying enough data to HAL, expected position 37128585 , only wrote 37126080
06-29 16:04:56.579  1390  3747 W audio_hw_generic: Not supplying enough data to HAL, expected position 37126142 , only wrote 37126080
06-29 16:04:56.579  1390  3747 W audio_hw_generic: Hardware backing HAL too slow, could only write 0 of 720 frames
06-29 16:04:56.596  1390  3747 W audio_hw_generic: Not supplying enough data to HAL, expected position 37126874 , only wrote 37126800
06-29 16:04:56.596  1390  3747 W audio_hw_generic: Hardware backing HAL too slow, could only write 0 of 720 frames
06-29 16:04:56.599  1390  3747 W audio_hw_generic: Hardware backing HAL too slow, could only write 0 of 720 frames
06-29 16:04:56.606  1472  1581 D AudioFlinger: mixer(0xa5583800) throttle end: throttle time(11)
06-29 16:04:56.723  1390  3747 W audio_hw_generic: Not supplying enough data to HAL, expected position 37132890 , only wrote 37131120
06-29 16:04:56.723  1390  3747 W audio_hw_generic: Not supplying enough data to HAL, expected position 37131130 , only wrote 37131120
06-29 16:04:56.739  1390  3747 W audio_hw_generic: Not supplying enough data to HAL, expected position 37131922 , only wrote 37131840
06-29 16:04:56.740  1390  3747 W audio_hw_generic: Hardware backing HAL too slow, could only write 0 of 720 frames
06-29 16:04:56.741  1390  3747 W audio_hw_generic: Hardware backing HAL too slow, could only write 0 of 720 frames
06-29 16:04:56.818  1472  1581 D AudioFlinger: mixer(0xa5583800) throttle end: throttle time(12)
06-29 16:04:56.819  1390  3747 W audio_hw_generic: Not supplying enough data to HAL, expected position 37135645 , only wrote 37133280
06-29 16:04:56.819  1390  3747 W audio_hw_generic: Hardware backing HAL too slow, could only write 0 of 720 frames
06-29 16:04:56.837  1390  3747 I chatty  : uid=1041(audioserver) writer identical 2 lines
06-29 16:04:56.910  1390  3747 W audio_hw_generic: Hardware backing HAL too slow, could only write 0 of 720 frames
06-29 16:04:56.911  1390  3747 W audio_hw_generic: Not supplying enough data to HAL, expected position 37137685 , only wrote 37136160
06-29 16:04:56.911  1390  3747 W audio_hw_generic: Not supplying enough data to HAL, expected position 37136178 , only wrote 37136160
06-29 16:04:56.911  1390  3747 W audio_hw_generic: Hardware backing HAL too slow, could only write 0 of 720 frames
06-29 16:04:56.911  1472  1581 D AudioFlinger: mixer(0xa5583800) throttle end: throttle time(10)
06-29 16:04:56.928  1390  3747 W audio_hw_generic: Not supplying enough data to HAL, expected position 37136992 , only wrote 37136880
06-29 16:04:56.928  1390  3747 W audio_hw_generic: Hardware backing HAL too slow, could only write 0 of 720 frames
06-29 16:04:56.930  1390  3747 W audio_hw_generic: Hardware backing HAL too slow, could only write 0 of 720 frames
06-29 16:04:57.009  1472  1581 D AudioFlinger: mixer(0xa5583800) throttle end: throttle time(10)
06-29 16:04:57.010  1390  3747 W audio_hw_generic: Not supplying enough data to HAL, expected position 37140788 , only wrote 37138320
06-29 16:04:57.010  1390  3747 W audio_hw_generic: Hardware backing HAL too slow, could only write 0 of 720 frames
06-29 16:04:57.026  1390  3747 I chatty  : uid=1041(audioserver) writer identical 2 lines
06-29 16:04:57.108  1390  3747 W audio_hw_generic: Hardware backing HAL too slow, could only write 0 of 720 frames
06-29 16:04:57.108  1472  1581 D AudioFlinger: mixer(0xa5583800) throttle end: throttle time(9)
06-29 16:04:57.110  1390  3747 W audio_hw_generic: Not supplying enough data to HAL, expected position 37143119 , only wrote 37141200
06-29 16:04:57.110  1390  3747 W audio_hw_generic: Not supplying enough data to HAL, expected position 37141226 , only wrote 37141200
06-29 16:04:57.128  1390  3747 W audio_hw_generic: Not supplying enough data to HAL, expected position 37142026 , only wrote 37141920
06-29 16:04:57.128  1390  3747 W audio_hw_generic: Hardware backing HAL too slow, could only write 0 of 720 frames
06-29 16:04:57.130  1390  3747 W audio_hw_generic: Hardware backing HAL too slow, could only write 0 of 720 frames
06-29 16:04:57.203  1472  1581 D AudioFlinger: mixer(0xa5583800) throttle end: throttle time(11)
06-29 16:04:57.203  1390  3747 W audio_hw_generic: Not supplying enough data to HAL, expected position 37145564 , only wrote 37143360
06-29 16:04:57.203  1390  3747 W audio_hw_generic: Hardware backing HAL too slow, could only write 0 of 720 frames
06-29 16:04:57.220  1390  3747 I chatty  : uid=1041(audioserver) writer identical 2 lines
06-29 16:04:57.294  1390  3747 W audio_hw_generic: Hardware backing HAL too slow, could only write 0 of 720 frames
06-29 16:04:57.295  1472  1581 D AudioFlinger: mixer(0xa5583800) throttle end: throttle time(10)
06-29 16:04:57.295  1390  3747 W audio_hw_generic: Not supplying enough data to HAL, expected position 37147761 , only wrote 37146240
06-29 16:04:57.295  1390  3747 W audio_hw_generic: Not supplying enough data to HAL, expected position 37146248 , only wrote 37146240
06-29 16:04:57.295  1390  3747 W audio_hw_generic: Hardware backing HAL too slow, could only write 0 of 720 frames
06-29 16:04:57.310  1390  3747 W audio_hw_generic: Not supplying enough data to HAL, expected position 37146967 , only wrote 37146960
06-29 16:04:57.311  1390  3747 W audio_hw_generic: Hardware backing HAL too slow, could only write 0 of 720 frames
06-29 16:04:57.313  1390  3747 W audio_hw_generic: Hardware backing HAL too slow, could only write 0 of 720 frames
06-29 16:04:57.359  1390  3747 W audio_hw_generic: Not supplying enough data to HAL, expected position 37149285 , only wrote 37148400
06-29 16:04:57.359  1472  1581 D AudioFlinger: mixer(0xa5583800) throttle end: throttle time(6)
06-29 16:04:57.361  1390  3747 W audio_hw_generic: Hardware backing HAL too slow, could only write 0 of 720 frames
06-29 16:04:57.422  1472  1581 D AudioFlinger: mixer(0xa5583800) throttle end: throttle time(11)
06-29 16:04:57.423  4242  7640 D AudioTrack: stop() called with 44330 frames delivered
06-29 16:04:57.423  1390  3747 W audio_hw_generic: Not supplying enough data to HAL, expected position 37151478 , only wrote 37151280
06-29 16:04:57.424  1390  3747 W audio_hw_generic: Not supplying enough data to HAL, expected position 37151308 , only wrote 37151280
06-29 16:04:57.424  1587  1849 V MediaRouterService: restoreBluetoothA2dp(false)
06-29 16:04:57.436  7562  7573 D net.osmand: AbstractPrologCommandPlayer abandonAudioFocus
06-29 16:04:57.441  1390  3747 W audio_hw_generic: Not supplying enough data to HAL, expected position 37152097 , only wrote 37152000
06-29 16:04:57.441  1587  1849 I MediaFocusControl: abandonAudioFocus() from uid/pid 10104/7562 clientId=android.media.AudioManager@33ccfa4net.osmand.plus.api.AudioFocusHelperImpl@d5e7a98
06-29 16:04:57.446  7562  7573 D net.osmand: TTSCommandPlayerImpl ttsRequests=0
06-29 16:04:57.523  1390  3747 W audio_hw_generic: Not supplying enough data to HAL, expected position 37155964 , only wrote 37154880
06-29 16:04:57.524  1390  3747 W audio_hw_generic: Not supplying enough data to HAL, expected position 37154895 , only wrote 37154880
06-29 16:04:57.541  1390  3747 W audio_hw_generic: Not supplying enough data to HAL, expected position 37155698 , only wrote 37155600
06-29 16:04:57.604  1390  3747 W audio_hw_generic: Not supplying enough data to HAL, expected position 37158619 , only wrote 37157040
06-29 16:04:57.604  1390  3747 W audio_hw_generic: Hardware backing HAL too slow, could only write 0 of 720 frames
06-29 16:04:57.697  1390  3747 W audio_hw_generic: Not supplying enough data to HAL, expected position 37161536 , only wrote 37160640
06-29 16:04:57.698  1390  3747 W audio_hw_generic: Not supplying enough data to HAL, expected position 37160661 , only wrote 37160640
06-29 16:04:57.716  1390  3747 W audio_hw_generic: Not supplying enough data to HAL, expected position 37161496 , only wrote 37161360
06-29 16:04:57.717  1390  3747 W audio_hw_generic: Hardware backing HAL too slow, could only write 0 of 720 frames
06-29 16:04:57.794  1390  3747 W audio_hw_generic: Not supplying enough data to HAL, expected position 37165134 , only wrote 37164240
06-29 16:04:57.795  1390  3747 W audio_hw_generic: Not supplying enough data to HAL, expected position 37164259 , only wrote 37164240
06-29 16:04:57.811  1390  3747 W audio_hw_generic: Not supplying enough data to HAL, expected position 37165031 , only wrote 37164960
06-29 16:04:57.833  1587  1610 E memtrack: Couldn't load memtrack module
06-29 16:04:57.833  1587  1610 W android.os.Debug: failed to get memory consumption info: -1
06-29 16:04:57.897  1390  3747 W audio_hw_generic: Not supplying enough data to HAL, expected position 37169063 , only wrote 37168560
06-29 16:04:57.897  1390  3747 W audio_hw_generic: Not supplying enough data to HAL, expected position 37168568 , only wrote 37168560
06-29 16:04:57.913  1390  3747 W audio_hw_generic: Not supplying enough data to HAL, expected position 37169339 , only wrote 37169280
06-29 16:04:57.951  1390  3747 W audio_hw_generic: Not supplying enough data to HAL, expected position 37171086 , only wrote 37170000
06-29 16:04:57.998  1390  3747 W audio_hw_generic: Not supplying enough data to HAL, expected position 37172293 , only wrote 37170720
06-29 16:04:58.080  1390  3747 W audio_hw_generic: Not supplying enough data to HAL, expected position 37174633 , only wrote 37174320
06-29 16:04:58.081  1390  3747 W audio_hw_generic: Not supplying enough data to HAL, expected position 37174353 , only wrote 37174320
06-29 16:04:58.163  1587  1610 E memtrack: Couldn't load memtrack module
06-29 16:04:58.163  1587  1610 W android.os.Debug: failed to get memory consumption info: -1
06-29 16:04:58.226  1390  3747 W audio_hw_generic: Not supplying enough data to HAL, expected position 37181291 , only wrote 37180800
06-29 16:04:58.226  1390  3747 W audio_hw_generic: Not supplying enough data to HAL, expected position 37180815 , only wrote 37180800
06-29 16:04:58.243  1390  3747 W audio_hw_generic: Not supplying enough data to HAL, expected position 37181586 , only wrote 37181520
06-29 16:04:58.318  1390  3747 W audio_hw_generic: Not supplying enough data to HAL, expected position 37185130 , only wrote 37185120
06-29 16:04:58.346  1587  1610 E memtrack: Couldn't load memtrack module
06-29 16:04:58.346  1587  1610 W android.os.Debug: failed to get memory consumption info: -1
06-29 16:04:58.386  1390  3747 W audio_hw_generic: Not supplying enough data to HAL, expected position 37188408 , only wrote 37188000
06-29 16:04:58.387  1390  3747 W audio_hw_generic: Not supplying enough data to HAL, expected position 37188043 , only wrote 37188000
06-29 16:04:58.433  1390  3747 W audio_hw_generic: Not supplying enough data to HAL, expected position 37190182 , only wrote 37188720
06-29 16:04:58.497  1390  3747 W audio_hw_generic: Not supplying enough data to HAL, expected position 37191800 , only wrote 37191600
06-29 16:04:58.498  1390  3747 W audio_hw_generic: Not supplying enough data to HAL, expected position 37191657 , only wrote 37191600
06-29 16:04:58.545  1390  3747 W audio_hw_generic: Not supplying enough data to HAL, expected position 37193844 , only wrote 37192320
06-29 16:04:58.665  1390  3747 W audio_hw_generic: Not supplying enough data to HAL, expected position 37198085 , only wrote 37198080
06-29 16:04:58.680  1390  3747 W audio_hw_generic: Not supplying enough data to HAL, expected position 37198825 , only wrote 37198800
06-29 16:04:58.718  1390  3747 W audio_hw_generic: Not supplying enough data to HAL, expected position 37200626 , only wrote 37200240
06-29 16:04:58.773  1390  3747 W audio_hw_generic: Not supplying enough data to HAL, expected position 37202862 , only wrote 37200960
06-29 16:04:58.851  1390  3747 W audio_hw_generic: Hardware backing HAL too slow, could only write 0 of 720 frames
06-29 16:04:58.852  1390  3747 W audio_hw_generic: Not supplying enough data to HAL, expected position 37204734 , only wrote 37203840
06-29 16:04:58.852  1390  3747 W audio_hw_generic: Not supplying enough data to HAL, expected position 37203849 , only wrote 37203840
06-29 16:04:58.869  1390  3747 W audio_hw_generic: Not supplying enough data to HAL, expected position 37204660 , only wrote 37204560
06-29 16:04:58.959  1390  3747 W audio_hw_generic: Not supplying enough data to HAL, expected position 37208889 , only wrote 37206000
06-29 16:04:59.041  1390  3747 W audio_hw_generic: Not supplying enough data to HAL, expected position 37209937 , only wrote 37208880
06-29 16:04:59.041  1390  3747 W audio_hw_generic: Not supplying enough data to HAL, expected position 37208888 , only wrote 37208880
06-29 16:04:59.041  1390  3747 W audio_hw_generic: Hardware backing HAL too slow, could only write 0 of 720 frames
06-29 16:04:59.062  1390  3747 W audio_hw_generic: Not supplying enough data to HAL, expected position 37209854 , only wrote 37209600
06-29 16:04:59.136  1390  3747 W audio_hw_generic: Not supplying enough data to HAL, expected position 37213164 , only wrote 37211040
06-29 16:04:59.212  1390  3747 W audio_hw_generic: Not supplying enough data to HAL, expected position 37214663 , only wrote 37213920
06-29 16:04:59.212  1390  3747 W audio_hw_generic: Not supplying enough data to HAL, expected position 37213934 , only wrote 37213920
06-29 16:04:59.230  1390  3747 W audio_hw_generic: Not supplying enough data to HAL, expected position 37214795 , only wrote 37214640
06-29 16:04:59.284  1390  3747 W audio_hw_generic: Not supplying enough data to HAL, expected position 37217253 , only wrote 37216080
06-29 16:04:59.285  1390  3747 W audio_hw_generic: Hardware backing HAL too slow, could only write 0 of 720 frames
06-29 16:04:59.423  1390  3747 W audio_hw_generic: Not supplying enough data to HAL, expected position 37222749 , only wrote 37222560
06-29 16:04:59.424  1390  3747 W audio_hw_generic: Not supplying enough data to HAL, expected position 37222572 , only wrote 37222560
06-29 16:04:59.440  1390  3747 W audio_hw_generic: Not supplying enough data to HAL, expected position 37223359 , only wrote 37223280
06-29 16:04:59.494  1390  3747 W audio_hw_generic: Not supplying enough data to HAL, expected position 37225853 , only wrote 37224720
06-29 16:04:59.630  1390  3747 W audio_hw_generic: Not supplying enough data to HAL, expected position 37231233 , only wrote 37230480
06-29 16:04:59.630  1390  3747 W audio_hw_generic: Not supplying enough data to HAL, expected position 37230489 , only wrote 37230480
06-29 16:04:59.645  1390  3747 W audio_hw_generic: Not supplying enough data to HAL, expected position 37231221 , only wrote 37231200
06-29 16:04:59.758  1390  3747 W audio_hw_generic: Not supplying enough data to HAL, expected position 37236615 , only wrote 37235520
06-29 16:04:59.758  1390  3747 W audio_hw_generic: Not supplying enough data to HAL, expected position 37235532 , only wrote 37235520
06-29 16:04:59.773  1390  3747 W audio_hw_generic: Not supplying enough data to HAL, expected position 37236243 , only wrote 37236240
06-29 16:04:59.883  1390  3747 W audio_hw_generic: Not supplying enough data to HAL, expected position 37241504 , only wrote 37240560
06-29 16:04:59.884  1390  3747 W audio_hw_generic: Not supplying enough data to HAL, expected position 37240597 , only wrote 37240560
06-29 16:04:59.899  1390  3747 W audio_hw_generic: Not supplying enough data to HAL, expected position 37241294 , only wrote 37241280
06-29 16:04:59.981 10835 10835 D AndroidRuntime: >>>>>> START com.android.internal.os.RuntimeInit uid 2000 <<<<<<
06-29 16:05:00.063 10835 10835 W app_process: Could not reserve sentinel fault page
06-29 16:05:00.065  1390  3747 W audio_hw_generic: Not supplying enough data to HAL, expected position 37249222 , only wrote 37248480
06-29 16:05:00.065  1390  3747 W audio_hw_generic: Not supplying enough data to HAL, expected position 37248491 , only wrote 37248480
06-29 16:05:00.080  1390  3747 W audio_hw_generic: Not supplying enough data to HAL, expected position 37249204 , only wrote 37249200
06-29 16:05:00.311  1390  3747 W audio_hw_generic: Not supplying enough data to HAL, expected position 37260265 , only wrote 37258560
06-29 16:05:00.311  1390  3747 W audio_hw_generic: Not supplying enough data to HAL, expected position 37258570 , only wrote 37258560
06-29 16:05:00.327  1390  3747 W audio_hw_generic: Not supplying enough data to HAL, expected position 37259345 , only wrote 37259280
06-29 16:05:00.380  1390  3747 W audio_hw_generic: Not supplying enough data to HAL, expected position 37261804 , only wrote 37260720
06-29 16:05:00.457  1390  3747 W audio_hw_generic: Not supplying enough data to HAL, expected position 37264451 , only wrote 37264320
06-29 16:05:00.462  1390  1574 W audio_hw_generic: Not supplying enough data to HAL, expected position 37264525 , only wrote 37264320
06-29 16:05:01.459  1587  1610 E memtrack: Couldn't load memtrack module
06-29 16:05:01.459  1587  1610 W android.os.Debug: failed to get memory consumption info: -1
06-29 16:05:01.534 10835 10835 W app_process: Unexpected CPU variant for X86 using defaults: x86
06-29 16:05:01.711 10835 10835 I app_process: The ClassLoaderContext is a special shared library.
06-29 16:05:02.434 10835 10835 D AndroidRuntime: Calling main entry com.android.commands.monkey.Monkey
06-29 16:05:02.436 10835 10835 W Monkey  : args: [-p, net.osmand, -c, android.intent.category.LAUNCHER, 1]
06-29 16:05:02.441 10835 10835 W Monkey  :  arg: "-p"
06-29 16:05:02.442 10835 10835 W Monkey  :  arg: "net.osmand"
06-29 16:05:02.443 10835 10835 W Monkey  :  arg: "-c"
06-29 16:05:02.445 10835 10835 W Monkey  :  arg: "android.intent.category.LAUNCHER"
06-29 16:05:02.445 10835 10835 W Monkey  :  arg: "1"
06-29 16:05:02.446 10835 10835 W Monkey  : data="net.osmand"
06-29 16:05:02.447 10835 10835 W Monkey  : data="android.intent.category.LAUNCHER"
06-29 16:05:02.981  1587  1611 W BroadcastQueue: Skipping deliver [background] BroadcastRecord{4eec339 u-1 android.net.conn.CONNECTIVITY_CHANGE} to ReceiverList{3aad7e 10835 (unknown name)/2000/u-1 remote:a414183}: process gone or crashing
06-29 16:05:03.552  1587  1849 I ActivityManager: START u0 {act=android.intent.action.MAIN cat=[android.intent.category.LAUNCHER] flg=0x10200000 cmp=net.osmand/.plus.activities.MapActivity} from uid 2000
06-29 16:05:03.554  1587  1849 W Binder  : Outgoing transactions from this process must be FLAG_ONEWAY
06-29 16:05:03.554  1587  1849 W Binder  : java.lang.Throwable
06-29 16:05:03.554  1587  1849 W Binder  : 	at android.os.BinderProxy.transact(Binder.java:752)
06-29 16:05:03.554  1587  1849 W Binder  : 	at android.app.IActivityController$Stub$Proxy.activityStarting(IActivityController.java:172)
06-29 16:05:03.554  1587  1849 W Binder  : 	at com.android.server.am.ActivityStarter.startActivity(ActivityStarter.java:449)
06-29 16:05:03.554  1587  1849 W Binder  : 	at com.android.server.am.ActivityStarter.startActivityLocked(ActivityStarter.java:278)
06-29 16:05:03.554  1587  1849 W Binder  : 	at com.android.server.am.ActivityStarter.startActivityMayWait(ActivityStarter.java:817)
06-29 16:05:03.554  1587  1849 W Binder  : 	at com.android.server.am.ActivityManagerService.startActivityAsUser(ActivityManagerService.java:4532)
06-29 16:05:03.554  1587  1849 W Binder  : 	at com.android.server.am.ActivityManagerService.startActivity(ActivityManagerService.java:4519)
06-29 16:05:03.554  1587  1849 W Binder  : 	at android.app.IActivityManager$Stub.onTransact(IActivityManager.java:121)
06-29 16:05:03.554  1587  1849 W Binder  : 	at com.android.server.am.ActivityManagerService.onTransact(ActivityManagerService.java:2919)
06-29 16:05:03.554  1587  1849 W Binder  : 	at android.os.Binder.execTransact(Binder.java:697)
06-29 16:05:03.763  1587  1849 W ResourceType: ResTable_typeSpec entry count inconsistent: given 5115, previously 5124
06-29 16:05:03.764  1587  1849 W ResourceType: ResTable_typeSpec entry count inconsistent: given 142, previously 459
06-29 16:05:03.765  1587  1849 W ResourceType: For resource 0x7f0e00c0, entry index(192) is beyond type entryCount(142)
06-29 16:05:03.765  1587  1849 W ResourceType: For resource 0x7f0e00d1, entry index(209) is beyond type entryCount(142)
06-29 16:05:03.765  1587  1849 W ResourceType: For resource 0x7f0e00cb, entry index(203) is beyond type entryCount(142)
06-29 16:05:03.766  1587  1849 W ResourceType: For resource 0x7f0e014d, entry index(333) is beyond type entryCount(142)
06-29 16:05:03.766  1587  1849 W ResourceType: For resource 0x7f0e00dd, entry index(221) is beyond type entryCount(142)
06-29 16:05:03.766  1587  1849 W ResourceType: For resource 0x7f0e00e4, entry index(228) is beyond type entryCount(142)
06-29 16:05:03.782 10735 10735 D         : HostConnection::get() New Host Connection established 0x9533fa00, tid 10735
06-29 16:05:03.810 10835 10835 I Monkey  : Events injected: 1
06-29 16:05:03.840  7562  7562 I net.osmand: RoutingHelper Recalculate route, because correlation  : 186070.33175635283
06-29 16:05:03.841  7562  7562 I net.osmand: RoutingHelper Recalculate route, because wrong movement direction: 186070.33
06-29 16:05:03.885 10835 10835 I Monkey  : ## Network stats: elapsed time=289ms (0ms mobile, 0ms wifi, 289ms not connected)
06-29 16:05:03.890  7562  7562 I net.osmand: TTSCommandPlayerImpl Send message to pebble desviou-se da rota por  186 quilómetros 
06-29 16:05:03.890  7562  7562 D net.osmand: AbstractPrologCommandPlayer requestAudioFocus
06-29 16:05:03.890  7562  7562 W AudioManager: Use of stream types is deprecated for operations other than volume control
06-29 16:05:03.890  7562  7562 W AudioManager: See the documentation of requestAudioFocus() for what to use instead with android.media.AudioAttributes to qualify your playback use case
06-29 16:05:03.893  1587  1849 I MediaFocusControl: requestAudioFocus() from uid/pid 10104/7562 clientId=android.media.AudioManager@33ccfa4net.osmand.plus.api.AudioFocusHelperImpl@424b2f1 callingPack=net.osmand req=3 flags=0x0 sdk=26
06-29 16:05:03.907  7562  7562 D net.osmand: TTSCommandPlayerImpl ttsRequests=1
06-29 16:05:03.909  4242  7639 I TTS.GoogleTTSServiceImp: Synthesis request for locale por-BRA and name pt-BR-language
06-29 16:05:03.911  4242  7639 I TTS.GoogleTTSServiceImp: TTS dispatch: pt-br-x-afs-lstm-embedded
06-29 16:05:03.913 10835 10835 I com.android.commands.monkey: System.exit called, status: 0
06-29 16:05:03.913 10835 10835 I AndroidRuntime: VM exiting with result code 0.
06-29 16:05:03.922  4242  7640 D AudioTrack: Client defaulted notificationFrames to 1365 for frameCount 4096
06-29 16:05:03.929  1473  1553 I Camera3-Device: disconnect: E
06-29 16:05:03.929  1473  1553 I CameraLatencyHistogram: ProcessCaptureRequest latency histogram (351) samples:
06-29 16:05:03.930  1473  1553 I CameraLatencyHistogram:        40     80    120    160    200    240    280    320    360    inf (max ms)
06-29 16:05:03.930  1473  1553 I CameraLatencyHistogram:      72.08   9.40   12.82   3.99   0.85   0.28   0.57   0.00   0.00   0.00 (%)
06-29 16:05:03.939  1390  3747 W audio_hw_generic: Not supplying enough data to HAL, expected position 37264359 , only wrote 37264320
06-29 16:05:03.939  1587  1849 V MediaRouterService: restoreBluetoothA2dp(false)
06-29 16:05:03.986  7562  7562 I net.osmand: RoutingHelper Recalculate route, because correlation  : 186070.33175635283
06-29 16:05:04.005  1473  1553 I CameraLatencyHistogram: Stream 0 dequeueBuffer latency histogram (1) samples:
06-29 16:05:04.005  1473  1553 I CameraLatencyHistogram:         5     10     15     20     25     30     35     40     45    inf (max ms)
06-29 16:05:04.005  1473  1553 I CameraLatencyHistogram:      0.00   0.00   0.00   0.00   0.00   0.00   0.00   0.00   100.00   0.00 (%)
06-29 16:05:04.020  1473  1553 I CameraLatencyHistogram: Stream 1 dequeueBuffer latency histogram (351) samples:
06-29 16:05:04.021  1473  1553 I CameraLatencyHistogram:         5     10     15     20     25     30     35     40     45    inf (max ms)
06-29 16:05:04.021  1473  1553 I CameraLatencyHistogram:      90.60   4.27   0.57   0.28   0.00   0.28   0.28   0.57   0.57   2.56 (%)
06-29 16:05:04.021  1473  1553 I Camera3-Device: disconnect: X
06-29 16:05:04.021  1473  1553 I Camera3-Device: disconnect: E
06-29 16:05:04.028  1473  1553 I CameraService: disconnect: Disconnected client for camera 0 for PID 10735
06-29 16:05:04.042  1587  3632 I GnssLocationProvider: WakeLock acquired by sendMessage(SET_REQUEST, 0, com.android.server.location.GnssLocationProvider$GpsRequest@2af5dfb)
06-29 16:05:04.048 10735 10753 W CAM2PORT_AndCamAgntImp: Releasing camera without any camera opened.
06-29 16:05:04.049 10735 10735 I CAM_Profiler: [272.093ms][ui] GUARD: CameraActivity.onPause - STOP
06-29 16:05:04.106  1398  1398 D gralloc_ranchu: gralloc_alloc: Creating ashmem region of size 8298496
06-29 16:05:04.137  1409  1409 E EGL_emulation: tid 1409: eglCreateSyncKHR(1962): error 0x3004 (EGL_BAD_ATTRIBUTE)
06-29 16:05:04.228  1587  5047 I zygote  : android::hardware::configstore::V1_0::ISurfaceFlingerConfigs::hasWideColorDisplay retrieved: 0
06-29 16:05:04.255  1587  5047 I OpenGLRenderer: Initialized EGL, version 1.4
06-29 16:05:04.255  1587  5047 D OpenGLRenderer: Swap behavior 1
06-29 16:05:04.257  1587  5047 W OpenGLRenderer: Failed to choose config with EGL_SWAP_BEHAVIOR_PRESERVED, retrying without...
06-29 16:05:04.257  1587  5047 D OpenGLRenderer: Swap behavior 0
06-29 16:05:04.271  1587  5047 D EGL_emulation: eglCreateContext: 0xa8707d60: maj 2 min 0 rcv 2
06-29 16:05:04.310  7562  7562 D InAppPurchaseHelper: Destroying helper.
06-29 16:05:04.334  1587  5047 D EGL_emulation: eglMakeCurrent: 0xa8707d60: ver 2 0 (tinfo 0x8b63e860)
06-29 16:05:04.377  1390  3747 W audio_hw_generic: Hardware backing HAL too slow, could only write 0 of 720 frames
06-29 16:05:04.383  1390  3747 W audio_hw_generic: Hardware backing HAL too slow, could only write 0 of 720 frames
06-29 16:05:04.410  1698  1926 D EGL_emulation: eglMakeCurrent: 0x9501c8c0: ver 2 0 (tinfo 0x9501f6f0)
06-29 16:05:04.540  1698  1926 D EGL_emulation: eglMakeCurrent: 0x9501c8c0: ver 2 0 (tinfo 0x9501f6f0)
06-29 16:05:04.541 10735 10769 D EGL_emulation: eglMakeCurrent: 0x95267dc0: ver 2 0 (tinfo 0x95423ba0)
06-29 16:05:04.542  1390  3747 W audio_hw_generic: Hardware backing HAL too slow, could only write 0 of 720 frames
06-29 16:05:04.583  7562  7562 D net.osmand: DayNightHelper Sunrise/sunset setting to day: true
06-29 16:05:04.598  1587  3758 I WifiService: acquireWifiLock uid=10014 lockMode=2
06-29 16:05:04.644  1698  1926 D EGL_emulation: eglMakeCurrent: 0x9501c8c0: ver 2 0 (tinfo 0x9501f6f0)
06-29 16:05:04.693  1698  1926 D EGL_emulation: eglMakeCurrent: 0x9501c8c0: ver 2 0 (tinfo 0x9501f6f0)
06-29 16:05:04.730  1587  2039 I GnssLocationProvider: WakeLock acquired by sendMessage(SET_REQUEST, 0, com.android.server.location.GnssLocationProvider$GpsRequest@4e22830)
06-29 16:05:04.761  1698  1926 D EGL_emulation: eglMakeCurrent: 0x9501c8c0: ver 2 0 (tinfo 0x9501f6f0)
06-29 16:05:04.817  1698  1926 D EGL_emulation: eglMakeCurrent: 0x9501c8c0: ver 2 0 (tinfo 0x9501f6f0)
06-29 16:05:05.113  1964  1964 I GeofencerStateMachine: sendQueryLocationOptIn
06-29 16:05:05.148  7562  7562 W System.err: OnCreate for MapActivity took 837 ms
06-29 16:05:05.155  7562  7562 I Choreographer: Skipped 63 frames!  The application may be doing too much work on its main thread.
06-29 16:05:05.198  1398  1398 D gralloc_ranchu: gralloc_alloc: Creating ashmem region of size 8298496
06-29 16:05:05.199  7562  7562 W ResourceType: For resource 0x7f0e013b, entry index(315) is beyond type entryCount(142)
06-29 16:05:05.239  7562  7562 I chatty  : uid=10104(net.osmand) identical 68 lines
06-29 16:05:05.239  7562  7562 W ResourceType: For resource 0x7f0e013b, entry index(315) is beyond type entryCount(142)
06-29 16:05:05.247  1409  1423 E SurfaceFlinger: Permission Denial: can't openGlobalTransaction pid=7562, uid<=10104
06-29 16:05:05.247  7562  7562 E BpSurfaceComposerClient: Failed to transact (-1)
06-29 16:05:05.259  1409  1423 E SurfaceFlinger: Permission Denial: can't openGlobalTransaction pid=7562, uid<=10104
06-29 16:05:05.260  7562  7562 E BpSurfaceComposerClient: Failed to transact (-1)
06-29 16:05:05.266  7562  7562 I net.osmand: TTSCommandPlayerImpl Send message to pebble sinal g p s recuperado 
06-29 16:05:05.266  7562  7562 D net.osmand: TTSCommandPlayerImpl ttsRequests=2
06-29 16:05:05.278  7562  7562 I net.osmand: RoutingHelper Recalculate route, because correlation  : 186070.33175635283
06-29 16:05:05.278  7562  7562 I net.osmand: RoutingHelper Recalculate route, because wrong movement direction: 186070.33
06-29 16:05:05.278  7562  7562 D net.osmand: Enable sensor
06-29 16:05:05.290  7562  7562 I net.osmand: RoutingHelper Recalculate route, because correlation  : 186070.33175635283
06-29 16:05:05.302  7562  7599 D EGL_emulation: eglMakeCurrent: 0x939b6b60: ver 2 0 (tinfo 0xa86f19b0)
06-29 16:05:05.321  1398  1398 D gralloc_ranchu: gralloc_alloc: Creating ashmem region of size 8298496
06-29 16:05:05.369  1398  1398 D gralloc_ranchu: gralloc_alloc: Creating ashmem region of size 3878912
06-29 16:05:05.493  1398  1398 D gralloc_ranchu: gralloc_alloc: Creating ashmem region of size 8298496
06-29 16:05:05.600  1398  1398 D gralloc_ranchu: gralloc_alloc: Creating ashmem region of size 3878912
06-29 16:05:05.782  1698  1711 I zygote  : NativeAlloc concurrent copying GC freed 12764(734KB) AllocSpace objects, 0(0B) LOS objects, 45% free, 7MB/13MB, paused 90.119ms total 1.326s
06-29 16:05:05.940  1587  1596 I zygote  : NativeAlloc concurrent copying GC freed 57490(4MB) AllocSpace objects, 5(164KB) LOS objects, 29% free, 14MB/20MB, paused 33.884ms total 1.754s
06-29 16:05:06.068  1472  1581 D AudioFlinger: mixer(0xa5583800) throttle end: throttle time(6)
06-29 16:05:06.129  1587  1610 I GnssLocationProvider: WakeLock released by handleMessage(SET_REQUEST, 0, com.android.server.location.GnssLocationProvider$GpsRequest@2af5dfb)
06-29 16:05:06.181  1587  1610 I GnssLocationProvider: WakeLock released by handleMessage(SET_REQUEST, 0, com.android.server.location.GnssLocationProvider$GpsRequest@4e22830)
06-29 16:05:06.222  1587  1610 I GnssLocationProvider: WakeLock acquired by sendMessage(ENABLE, 0, null)
06-29 16:05:06.225  1587  1611 W BroadcastQueue: Background execution not allowed: receiving Intent { act=android.location.PROVIDERS_CHANGED flg=0x10 } to com.google.android.apps.maps/com.google.android.apps.gmm.locationsharing.usr.LocationAvailabilityChecker$LocationProvidersChangedBroadcastReceiver
06-29 16:05:06.225  1587  1611 W BroadcastQueue: Background execution not allowed: receiving Intent { act=android.location.PROVIDERS_CHANGED flg=0x10 } to com.google.android.gms/com.google.android.location.internal.NlpNetworkProviderSettingsUpdateReceiver
06-29 16:05:06.225  1587  1611 W BroadcastQueue: Background execution not allowed: receiving Intent { act=android.location.PROVIDERS_CHANGED flg=0x10 } to com.google.android.gms/.chimera.GmsIntentOperationService$PersistentTrustedReceiver
06-29 16:05:06.226  1587  1611 W BroadcastQueue: Background execution not allowed: receiving Intent { act=android.location.PROVIDERS_CHANGED flg=0x10 } to com.google.android.googlequicksearchbox/com.google.android.apps.gsa.broadcastreceiver.external.ExternalCommonBroadcastReceiver
06-29 16:05:06.257  1587  1611 W BroadcastQueue: Background execution not allowed: receiving Intent { act=android.location.MODE_CHANGED flg=0x10 } to com.google.android.apps.maps/com.google.android.apps.gmm.locationsharing.usr.LocationAvailabilityChecker$LocationProvidersChangedBroadcastReceiver
06-29 16:05:06.257  1587  1611 W BroadcastQueue: Background execution not allowed: receiving Intent { act=android.location.MODE_CHANGED flg=0x10 } to com.google.android.gms/.chimera.GmsIntentOperationService$PersistentTrustedReceiver
06-29 16:05:06.264  1587  1587 D GpsNetInitiatedHandler: location enabled :false
06-29 16:05:06.405  1398  1398 D gralloc_ranchu: gralloc_alloc: Creating ashmem region of size 724992
06-29 16:05:06.412  1398  1398 D gralloc_ranchu: gralloc_alloc: Creating ashmem region of size 724992
06-29 16:05:06.417  1398  1434 D gralloc_ranchu: gralloc_alloc: Creating ashmem region of size 724992
06-29 16:05:06.430  1587  4874 W ActivityManager: Unable to start service Intent { act=com.google.android.gms.nearby.discovery:ACTION_PERMISSION_CHANGE cmp=com.google.android.gms/.nearby.discovery.service.DiscoveryService } U=0: not found
06-29 16:05:06.459  1964 10875 I GCoreUlr: Starting service, intent=Intent { act=com.google.android.location.reporting.ACTION_UPDATE_WORLD cmp=com.google.android.gms/com.google.android.location.reporting.service.DispatchingService (has extras) }, extras=Bundle[{receiverAction=android.location.PROVIDERS_CHANGED}]
06-29 16:05:06.482  7562  7599 D EGL_emulation: eglMakeCurrent: 0x939b6b60: ver 2 0 (tinfo 0xa86f19b0)
06-29 16:05:06.492  7562  7599 D EGL_emulation: eglMakeCurrent: 0x939b6b60: ver 2 0 (tinfo 0xa86f19b0)
06-29 16:05:06.523  1398  1434 D gralloc_ranchu: gralloc_alloc: Creating ashmem region of size 3878912
06-29 16:05:06.624  1587  1610 I GnssLocationProvider: WakeLock released by handleMessage(ENABLE, 0, null)
06-29 16:05:06.700  1964  1964 E BluetoothAdapter: Bluetooth binder is null
06-29 16:05:06.833  1964 10806 I GCoreUlr: WorldUpdater received intent Intent { act=com.google.android.location.reporting.ACTION_UPDATE_WORLD cmp=com.google.android.gms/com.google.android.location.reporting.service.DispatchingService (has extras) } with receiverAction android.location.PROVIDERS_CHANGED
06-29 16:05:06.957  1964 10806 I GCoreUlr: WorldUpdater:android.location.PROVIDERS_CHANGED: Ensuring that reporting is stopped because of reasons: {account#8#=[InactiveReason{mIdentifier=6, mName='ReportingNotEnabled'}, InactiveReason{mIdentifier=14, mName='HistoryNotEnabled'}]}
06-29 16:05:06.973  1964 10806 I GCoreUlr: Unbound from all signal providers.
06-29 16:05:06.976  1964 10688 I GCoreUlr: Successfully accounts update
06-29 16:05:07.042  1964  1964 I GCoreUlr: Unbound from all signal providers.
06-29 16:05:07.043  1964  1964 I GCoreUlr: Stopping handler for UlrDispSvcFast
06-29 16:05:07.044  1964 10688 I GCoreUlr: Successfully accounts update
06-29 16:05:07.089  1390  3747 W audio_hw_generic: Not supplying enough data to HAL, expected position 37415534 , only wrote 37415520
06-29 16:05:07.090  1390  3747 W audio_hw_generic: Not supplying enough data to HAL, expected position 37415567 , only wrote 37415520
06-29 16:05:07.110  1390  3747 W audio_hw_generic: Not supplying enough data to HAL, expected position 37416440 , only wrote 37416240
06-29 16:05:07.248  1964 10806 I GCoreUlr: DispatchingService ignoring Intent { act=android.net.wifi.WIFI_STATE_CHANGED flg=0x4000010 (has extras) } because ULR inactive
06-29 16:05:07.334  1587  1596 I zygote  : NativeAlloc concurrent copying GC freed 13017(822KB) AllocSpace objects, 10(392KB) LOS objects, 30% free, 13MB/19MB, paused 24.406ms total 993.126ms
06-29 16:05:07.558  4242  7639 I TTS.GoogleTTSServiceImp: Synthesis request for locale por-BRA and name pt-BR-language
06-29 16:05:07.559  4242  7639 I TTS.GoogleTTSServiceImp: TTS dispatch: pt-br-x-afs-lstm-embedded
06-29 16:05:07.604  7562  7572 I zygote  : Background concurrent copying GC freed 238340(6MB) AllocSpace objects, 5(164KB) LOS objects, 17% free, 28MB/34MB, paused 963us total 1.216s
06-29 16:05:07.710  1587  2039 D WificondControl: Scan result ready event
06-29 16:05:07.866  1587  3632 I WifiService: releaseWifiLock uid=10014
06-29 16:05:08.277  4242  7640 D AudioTrack: stop() called with 92730 frames delivered
06-29 16:05:08.281  1587  2039 V MediaRouterService: restoreBluetoothA2dp(false)
06-29 16:05:08.285  7562  7665 D net.osmand: TTSCommandPlayerImpl ttsRequests=1
06-29 16:05:08.288  4242  7640 D AudioTrack: Client defaulted notificationFrames to 1365 for frameCount 4096
06-29 16:05:08.292  1587  4874 V MediaRouterService: restoreBluetoothA2dp(false)
06-29 16:05:08.651  1587  1614 E BatteryExternalStatsWorker: modem info is invalid: ModemActivityInfo{ mTimestamp=0 mSleepTimeMs=0 mIdleTimeMs=0 mTxTimeMs[]=[0, 0, 0, 0, 0] mRxTimeMs=0 mEnergyUsed=0}
06-29 16:05:09.814  1587  1587 W WindowManager: removeWindowToken: Attempted to remove non-existing token: android.os.Binder@c0fbbeb
06-29 16:05:09.951  1390  3747 W audio_hw_generic: Not supplying enough data to HAL, expected position 37552609 , only wrote 37552320
06-29 16:05:09.951  1390  3747 W audio_hw_generic: Not supplying enough data to HAL, expected position 37552329 , only wrote 37552320
06-29 16:05:09.967  1390  3747 W audio_hw_generic: Not supplying enough data to HAL, expected position 37553103 , only wrote 37553040
06-29 16:05:09.980  1472  1581 D AudioFlinger: mixer(0xa5583800) throttle end: throttle time(12)
06-29 16:05:10.510  1473  1553 I Camera2ClientBase: Closed Camera 0. Client was: com.android.camera2 (PID 10735, UID 10039)
06-29 16:05:10.925  4242  7640 D AudioTrack: stop() called with 57530 frames delivered
06-29 16:05:10.926  1587  2039 V MediaRouterService: restoreBluetoothA2dp(false)
06-29 16:05:10.932  7562  7665 D net.osmand: AbstractPrologCommandPlayer abandonAudioFocus
06-29 16:05:10.933  1587  4874 I MediaFocusControl: abandonAudioFocus() from uid/pid 10104/7562 clientId=android.media.AudioManager@33ccfa4net.osmand.plus.api.AudioFocusHelperImpl@424b2f1
06-29 16:05:10.933  7562  7665 D net.osmand: TTSCommandPlayerImpl ttsRequests=0
06-29 16:05:13.944  1390  1574 W audio_hw_generic: Not supplying enough data to HAL, expected position 37934164 , only wrote 37743840
06-29 16:05:23.294  7562  7562 I net.osmand: TTSCommandPlayerImpl Send message to pebble sem sinal g p s 
06-29 16:05:23.294  7562  7562 D net.osmand: AbstractPrologCommandPlayer requestAudioFocus
06-29 16:05:23.295  7562  7562 W AudioManager: Use of stream types is deprecated for operations other than volume control
06-29 16:05:23.296  7562  7562 W AudioManager: See the documentation of requestAudioFocus() for what to use instead with android.media.AudioAttributes to qualify your playback use case
06-29 16:05:23.296  1587  4874 I MediaFocusControl: requestAudioFocus() from uid/pid 10104/7562 clientId=android.media.AudioManager@33ccfa4net.osmand.plus.api.AudioFocusHelperImpl@88caa74 callingPack=net.osmand req=3 flags=0x0 sdk=26
06-29 16:05:23.299  7562  7562 D net.osmand: TTSCommandPlayerImpl ttsRequests=1
06-29 16:05:23.301  4242  7639 I TTS.GoogleTTSServiceImp: Synthesis request for locale por-BRA and name pt-BR-language
06-29 16:05:23.303  4242  7639 I TTS.GoogleTTSServiceImp: TTS dispatch: pt-br-x-afs-lstm-embedded
06-29 16:05:23.321  4242  7640 D AudioTrack: Client defaulted notificationFrames to 1365 for frameCount 4096
06-29 16:05:23.327  1587  4874 V MediaRouterService: restoreBluetoothA2dp(false)
06-29 16:05:23.355  1390  3747 W audio_hw_generic: Not supplying enough data to HAL, expected position 37743958 , only wrote 37743840
06-29 16:05:25.050  1472  1581 D AudioFlinger: mixer(0xa5583800) throttle end: throttle time(7)
06-29 16:05:25.429  4242  7640 D AudioTrack: stop() called with 44330 frames delivered
06-29 16:05:25.435  7562 10839 D net.osmand: AbstractPrologCommandPlayer abandonAudioFocus
06-29 16:05:25.436  1587  2039 I MediaFocusControl: abandonAudioFocus() from uid/pid 10104/7562 clientId=android.media.AudioManager@33ccfa4net.osmand.plus.api.AudioFocusHelperImpl@88caa74
06-29 16:05:25.436  7562 10839 D net.osmand: TTSCommandPlayerImpl ttsRequests=0
06-29 16:05:26.221  1390  3747 W audio_hw_generic: Not supplying enough data to HAL, expected position 37881394 , only wrote 37881360
06-29 16:05:26.239  1390  3747 W audio_hw_generic: Not supplying enough data to HAL, expected position 37882211 , only wrote 37882080
06-29 16:05:26.297  1587  4874 I WifiService: acquireWifiLock uid=10014 lockMode=2
06-29 16:05:26.303  1587  1610 E memtrack: Couldn't load memtrack module
06-29 16:05:26.303  1587  1610 W android.os.Debug: failed to get memory consumption info: -1
06-29 16:05:26.365  1587  4874 I WifiService: releaseWifiLock uid=10014
06-29 16:05:26.430  1587  1610 E memtrack: Couldn't load memtrack module
06-29 16:05:26.430  1587  1610 W android.os.Debug: failed to get memory consumption info: -1
06-29 16:05:26.524  1587  1610 E memtrack: Couldn't load memtrack module
06-29 16:05:26.524  1587  1610 W android.os.Debug: failed to get memory consumption info: -1
06-29 16:05:26.596  1587  1610 E memtrack: Couldn't load memtrack module
06-29 16:05:26.596  1587  1610 W android.os.Debug: failed to get memory consumption info: -1
06-29 16:05:26.862  1406  1406 I boot-pipe: done populating /dev/random
06-29 16:05:28.392  1964 10841 E WakeLock: GCM_HB_ALARM release without a matched acquire!
06-29 16:05:28.392  1964 10841 W WakeLock: GCM_HB_ALARM counter does not exist
06-29 16:05:28.399  1964 10841 W WakeLock: GCM_CONN_ALARM counter does not exist
06-29 16:05:28.445  1390  1574 W audio_hw_generic: Not supplying enough data to HAL, expected position 38092887 , only wrote 37987920
06-29 16:05:29.531  1587  1596 I zygote  : Background concurrent copying GC freed 77873(5MB) AllocSpace objects, 5(164KB) LOS objects, 31% free, 13MB/19MB, paused 8.066ms total 209.655ms
06-29 16:05:30.028  2796  2846 I WorkerManager: dispose()
06-29 16:05:30.032  2796  2846 W ThreadPoolDumper: Queue length for executor EventBus is now 11. Perhaps some tasks are too long, or the pool is too small.
06-29 16:05:36.857  1964 10806 W Conscrypt: Could not set socket write timeout: java.net.SocketException: Socket closed
06-29 16:05:36.872  1964 10806 W Conscrypt: 	at com.google.android.gms.org.conscrypt.Platform.setSocketWriteTimeout(:com.google.android.gms@17785022@17.7.85 (040700-253824076):2)
06-29 16:05:36.872  1964 10806 W Conscrypt: 	at com.google.android.gms.org.conscrypt.ConscryptFileDescriptorSocket.setSoWriteTimeout(:com.google.android.gms@17785022@17.7.85 (040700-253824076):2)
06-29 16:05:46.308  1587  4874 I WifiService: acquireWifiLock uid=10014 lockMode=2
06-29 16:05:46.316  1587  1610 E memtrack: Couldn't load memtrack module
06-29 16:05:46.316  1587  1610 W android.os.Debug: failed to get memory consumption info: -1
06-29 16:05:49.292  1587  4874 D WificondControl: Scan result ready event
06-29 16:05:49.443  1587  2039 I WifiService: releaseWifiLock uid=10014
06-29 16:06:02.742  1587  1614 I WifiService: requestActivityInfo uid=1000
06-29 16:06:02.742  1587  1614 I WifiService: reportActivityInfo uid=1000
06-29 16:06:02.742  1587  1614 I WifiService: getSupportedFeatures uid=1000
06-29 16:06:05.617  1587  1596 I zygote  : Background concurrent copying GC freed 83290(6MB) AllocSpace objects, 4(80KB) LOS objects, 31% free, 12MB/18MB, paused 1.249ms total 133.757ms
06-29 16:06:06.320  1587  2068 I WifiService: acquireWifiLock uid=10014 lockMode=2
06-29 16:06:06.384  1587  2068 I WifiService: releaseWifiLock uid=10014
06-29 16:06:14.253  1587  1614 I WifiService: requestActivityInfo uid=1000
06-29 16:06:14.254  1587  1614 I WifiService: reportActivityInfo uid=1000
06-29 16:06:14.254  1587  1614 I WifiService: getSupportedFeatures uid=1000
06-29 16:06:24.184  2583  2669 I PlayCommon: [136] adnc.d(23): Preparing logs for uploading
06-29 16:06:24.209  2583  2669 I PlayCommon: [136] adnc.d(125): Connecting to server: https://play.googleapis.com/play/log?format=raw&proto_v2=true
06-29 16:06:26.865  1406  1406 I boot-pipe: done populating /dev/random
06-29 16:06:27.356  1587  2039 I WifiService: acquireWifiLock uid=10014 lockMode=2
06-29 16:06:29.621  1587  1596 I zygote  : Background concurrent copying GC freed 80183(5MB) AllocSpace objects, 2(40KB) LOS objects, 31% free, 13MB/19MB, paused 5.604ms total 192.671ms
06-29 16:06:30.351  1587  3758 D WificondControl: Scan result ready event
06-29 16:06:30.435  1587  3758 I WifiService: releaseWifiLock uid=10014
06-29 16:06:39.473  7562 10480 I net.osmand:native: Run GC (before 57.653229 Mb after 44.797480 Mb) unload 305 of 982 tiles
06-29 16:05:25.431  1587  4874 V MediaRouterService: restoreBluetoothA2dp(false)
