07-01 12:39:27.499  1604  1682 D ConnectivityService: reportNetworkConnectivity(100, false) by 10014
07-01 12:39:27.502  1604  2293 D NetworkMonitor/NetworkAgentInfo [MOBILE (GPRS) - 100]: Forcing reevaluation for UID 10014
07-01 12:39:27.510  1970 15311 W WakeLock: GCM_CONN_ALARM counter does not exist
07-01 12:39:27.540  1604 15333 D NetworkMonitor/NetworkAgentInfo [MOBILE (GPRS) - 100]: PROBE_DNS www.google.com 30ms OK 172.217.28.228,2800:3f0:4001:801::2004
07-01 12:39:27.545  1604 15334 D NetworkMonitor/NetworkAgentInfo [MOBILE (GPRS) - 100]: PROBE_DNS connectivitycheck.gstatic.com 36ms OK 172.217.172.131,2800:3f0:4001:81a::2003
07-01 12:39:27.943  1604 15339 D NetworkMonitor/NetworkAgentInfo [WIFI () - 101]: PROBE_DNS connectivitycheck.gstatic.com 13ms OK 172.217.172.131,2800:3f0:4001:81a::2003
07-01 12:39:27.953  1604 15338 D NetworkMonitor/NetworkAgentInfo [WIFI () - 101]: PROBE_DNS www.google.com 22ms OK 172.217.28.228,2800:3f0:4001:801::2004
07-01 12:39:30.273  1604  9404 D WificondControl: Scan result ready event
07-01 12:39:30.324  1604  3158 I WifiService: releaseWifiLock uid=10014
07-01 12:39:31.193  1604 15339 D NetworkMonitor/NetworkAgentInfo [WIFI () - 101]: PROBE_HTTP http://connectivitycheck.gstatic.com/generate_204 time=3249ms ret=204 request={User-Agent=[Mozilla/5.0 (X11; Linux x86_64) AppleWebKit/537.36 (KHTML, like Gecko) Chrome/60.0.3112.32 Safari/537.36]} headers={null=[HTTP/1.1 204 No Content], Content-Length=[0], Date=[Mon, 01 Jul 2019 16:39:30 GMT], X-Android-Received-Millis=[1561999171193], X-Android-Response-Source=[NETWORK 204], X-Android-Selected-Protocol=[http/1.1], X-Android-Sent-Millis=[1561999169650]}
07-01 12:39:32.744  1604 15334 D NetworkMonitor/NetworkAgentInfo [MOBILE (GPRS) - 100]: PROBE_HTTP http://connectivitycheck.gstatic.com/generate_204 time=5195ms ret=204 request={User-Agent=[Mozilla/5.0 (X11; Linux x86_64) AppleWebKit/537.36 (KHTML, like Gecko) Chrome/60.0.3112.32 Safari/537.36]} headers={null=[HTTP/1.1 204 No Content], Content-Length=[0], Date=[Mon, 01 Jul 2019 16:39:31 GMT], X-Android-Received-Millis=[1561999172743], X-Android-Response-Source=[NETWORK 204], X-Android-Selected-Protocol=[http/1.1], X-Android-Sent-Millis=[1561999170112]}
07-01 12:39:34.809  1604  2952 D NetworkMonitor/NetworkAgentInfo [WIFI () - 101]: PROBE_FALLBACK http://www.google.com/gen_204 time=3879ms ret=204 request={User-Agent=[Mozilla/5.0 (X11; Linux x86_64) AppleWebKit/537.36 (KHTML, like Gecko) Chrome/60.0.3112.32 Safari/537.36]} headers={null=[HTTP/1.1 204 No Content], Content-Length=[0], Content-Type=[text/html; charset=UTF-8], Date=[Mon, 01 Jul 2019 16:39:35 GMT], P3P=[CP="This is not a P3P policy! See g.co/p3phelp for more info."], Server=[gws], Set-Cookie=[1P_JAR=2019-07-01-16; expires=Wed, 31-Jul-2019 16:39:35 GMT; path=/; domain=.google.com, NID=186=IbrJaRnFbbqJJZ1OmNoa-gqxl9UFvMptIK0dhSU_vVuvXkRDp6W90he1ZLpRwKoPwi8DapzgRZ51NzLPu3slZrvsSM_Ap4WZ19FNTCOrJYezuw0PvPbjOnbSmKz8yZHc4w8bY6rqdutj-X-KRXMIMgG0_EMitgOY2dH30oLLOvI; expires=Tue, 31-Dec-2019 16:39:35 GMT; path=/; domain=.google.com; HttpOnly], X-Android-Received-Millis=[1561999174808], X-Android-Response-Source=[NETWORK 204], X-Android-Selected-Protocol=[http/1.1], X-Android-Sent-Millis=[1561999173272], X-Frame-Options=[SAMEORIGIN], X-XSS-Protection=[0]}
07-01 12:39:38.464  1604 15333 D NetworkMonitor/NetworkAgentInfo [MOBILE (GPRS) - 100]: PROBE_HTTPS https://www.google.com/generate_204 time=10916ms ret=204 request={User-Agent=[Mozilla/5.0 (X11; Linux x86_64) AppleWebKit/537.36 (KHTML, like Gecko) Chrome/60.0.3112.32 Safari/537.36]} headers={null=[HTTP/1.1 204 No Content], Alt-Svc=[quic=":443"; ma=2592000; v="46,44,43,39"], Content-Length=[0], Date=[Mon, 01 Jul 2019 16:39:36 GMT], X-Android-Received-Millis=[1561999178464], X-Android-Response-Source=[NETWORK 204], X-Android-Selected-Protocol=[http/1.1], X-Android-Sent-Millis=[1561999173736]}
07-01 12:39:38.873  1604  1617 E memtrack: Couldn't load memtrack module
07-01 12:39:38.873  1604  1617 W android.os.Debug: failed to get memory consumption info: -1
07-01 12:39:38.944  1604  1617 E memtrack: Couldn't load memtrack module
07-01 12:39:38.944  1604  1617 W android.os.Debug: failed to get memory consumption info: -1
07-01 12:39:40.585  1604 15338 D NetworkMonitor/NetworkAgentInfo [WIFI () - 101]: PROBE_HTTPS https://www.google.com/generate_204 Probe failed with exception java.io.IOException: unexpected end of stream on com.android.okhttp.Address@805c5443
07-01 12:39:40.591  1604  1682 D ConnectivityService: NetworkAgentInfo [WIFI () - 101] validation failed
07-01 12:39:40.591  1604  1678 D WifiStateMachine: NETWORK_STATUS_UNWANTED_VALIDATION_FAILED
07-01 12:39:47.265  1604  3139 I WifiService: acquireWifiLock uid=10014 lockMode=2
07-01 12:39:47.343  1970  1970 I GeofencerStateMachine: sendNewTransitions called.
07-01 12:39:47.380  1604  9404 I WifiService: releaseWifiLock uid=10014
07-01 12:39:47.865  1410  1410 I boot-pipe: done populating /dev/random
07-01 12:39:48.598  1604 15346 D NetworkMonitor/NetworkAgentInfo [WIFI () - 101]: PROBE_DNS www.google.com 3ms OK 172.217.28.228,2800:3f0:4001:801::2004
07-01 12:39:48.609  1604 15347 D NetworkMonitor/NetworkAgentInfo [WIFI () - 101]: PROBE_DNS connectivitycheck.gstatic.com 14ms OK 172.217.172.131,2800:3f0:4001:81a::2003
07-01 12:39:49.744  1604  2293 D NetworkMonitor/NetworkAgentInfo [MOBILE (GPRS) - 100]: PROBE_FALLBACK http://play.googleapis.com/generate_204 time=19225ms ret=204 request={User-Agent=[Mozilla/5.0 (X11; Linux x86_64) AppleWebKit/537.36 (KHTML, like Gecko) Chrome/60.0.3112.32 Safari/537.36]} headers={null=[HTTP/1.1 204 No Content], Content-Length=[0], Date=[Mon, 01 Jul 2019 16:39:49 GMT], X-Android-Received-Millis=[1561999189743], X-Android-Response-Source=[NETWORK 204], X-Android-Selected-Protocol=[http/1.1], X-Android-Sent-Millis=[1561999186335]}
07-01 12:39:49.750  1604  1682 D ConnectivityService: NetworkAgentInfo [MOBILE (GPRS) - 100] validation passed
07-01 12:39:50.177  1604 15347 D NetworkMonitor/NetworkAgentInfo [WIFI () - 101]: PROBE_HTTP http://connectivitycheck.gstatic.com/generate_204 time=1566ms ret=204 request={User-Agent=[Mozilla/5.0 (X11; Linux x86_64) AppleWebKit/537.36 (KHTML, like Gecko) Chrome/60.0.3112.32 Safari/537.36]} headers={null=[HTTP/1.1 204 No Content], Content-Length=[0], Date=[Mon, 01 Jul 2019 16:39:50 GMT], X-Android-Received-Millis=[1561999190176], X-Android-Response-Source=[NETWORK 204], X-Android-Selected-Protocol=[http/1.1], X-Android-Sent-Millis=[1561999188611]}
07-01 12:39:58.148  8767 15028 I net.osmand:native: Run GC (before 57.605743 Mb after 44.781094 Mb) unload 307 of 1028 tiles
07-01 12:40:00.007  1604  1617 E memtrack: Couldn't load memtrack module
07-01 12:40:00.007  1604  1617 W android.os.Debug: failed to get memory consumption info: -1
07-01 12:40:03.298  1604 15346 D NetworkMonitor/NetworkAgentInfo [WIFI () - 101]: PROBE_HTTPS https://www.google.com/generate_204 Probe failed with exception java.net.SocketTimeoutException: timeout
07-01 12:40:07.330  1604  3139 I WifiService: acquireWifiLock uid=10014 lockMode=2
07-01 12:40:10.353  1604  3139 D WificondControl: Scan result ready event
07-01 12:40:10.455  1604  9404 I WifiService: releaseWifiLock uid=10014
07-01 12:40:11.343  8767 15028 I net.osmand:native: Run GC (before 57.626221 Mb after 44.773575 Mb) unload 319 of 988 tiles
07-01 12:40:11.656  1604  2952 D NetworkMonitor/NetworkAgentInfo [WIFI () - 101]: PROBE_FALLBACK http://play.googleapis.com/generate_204 Probe failed with exception java.net.SocketTimeoutException: failed to connect to play.googleapis.com/2800:3f0:4001:803::200a (port 80) from /fec0::3578:9eaa:f2d6:1f0d (port 48150) after 10000ms
07-01 12:40:11.660  1604  1682 D ConnectivityService: NetworkAgentInfo [WIFI () - 101] validation failed
07-01 12:40:11.661  1604  1678 D WifiStateMachine: NETWORK_STATUS_UNWANTED_VALIDATION_FAILED
07-01 12:40:12.022  1604  1621 I WifiService: requestActivityInfo uid=1000
07-01 12:40:12.022  1604  1621 I WifiService: reportActivityInfo uid=1000
07-01 12:40:12.022  1604  1621 I WifiService: getSupportedFeatures uid=1000
07-01 12:40:12.046  1604  1621 E BluetoothAdapter: Bluetooth binder is null
07-01 12:40:12.060  1604  1621 E KernelCpuSpeedReader: Failed to read cpu-freq: /sys/devices/system/cpu/cpu0/cpufreq/stats/time_in_state (No such file or directory)
07-01 12:40:12.070  1604  1621 E BatteryExternalStatsWorker: modem info is invalid: ModemActivityInfo{ mTimestamp=0 mSleepTimeMs=0 mIdleTimeMs=0 mTxTimeMs[]=[0, 0, 0, 0, 0] mRxTimeMs=0 mEnergyUsed=0}
07-01 12:40:12.979  2180 15350 V NativeCrypto: Read error: ssl=0xa57e9f58: Failure in SSL library, usually a protocol error
07-01 12:40:12.979  2180 15350 V NativeCrypto: error:100000d7:SSL routines:OPENSSL_internal:SSL_HANDSHAKE_FAILURE (third_party/openssl/boringssl/src/ssl/ssl_lib.cc:1024 0x901949ff:0x00000000)
07-01 12:40:12.981  2180 15350 W GAv4-SVC: Network compressed POST connection error: javax.net.ssl.SSLProtocolException: Read error: ssl=0xa57e9f58: Failure in SSL library, usually a protocol error
07-01 12:40:12.981  2180 15350 W GAv4-SVC: error:100000d7:SSL routines:OPENSSL_internal:SSL_HANDSHAKE_FAILURE (third_party/openssl/boringssl/src/ssl/ssl_lib.cc:1024 0x901949ff:0x00000000)
07-01 12:40:16.815  8767 15028 W net.osmand:native: [Native] Result visited (visited roads 191197, visited segments 421000 / 191572 , queue sizes 2880 / 1141 ) 
07-01 12:40:16.816  8767 15028 W net.osmand:native: [Native] Result timing (time to load 0, time to calc 175912, loaded tiles 1434) 
07-01 12:40:16.816  8767 15028 W net.osmand:native: [Native] Memory occupied (Routing context 52269 Kb, search 9602 Kb)
07-01 12:40:18.212  8767 15028 I net.osmand:native: Routing calculated time distance 10222.456055
07-01 12:40:19.429  8767  8777 I zygote  : Background concurrent copying GC freed 614562(13MB) AllocSpace objects, 0(0B) LOS objects, 14% free, 34MB/40MB, paused 1.201ms total 670.095ms
07-01 12:40:20.675  8767 15028 I net.osmand: RoutePlannerFrontEnd Native routing took 180.105 seconds
07-01 12:40:20.675  8767 15028 I net.osmand: RoutePlannerFrontEnd Native routing use precalculated route
07-01 12:40:20.677  8767 15028 W System.err: Points are not connected : Road id 224875342 name  ref PE-320(1) -> Road id 224875338 name  ref PE-320(4) 13.846911393443373 meters
07-01 12:40:20.678  8767 15028 W System.err: Points are not connected : Road id 224875342 name  ref PE-320(1) -> Road id 224875338 name  ref PE-320(4) 13.846911393443373 meters
07-01 12:40:22.547  8767  8777 I zygote  : Background concurrent copying GC freed 156579(5MB) AllocSpace objects, 0(0B) LOS objects, 14% free, 36MB/42MB, paused 1.256ms total 435.923ms
07-01 12:40:24.149  8767  8777 I zygote  : Background concurrent copying GC freed 171969(6MB) AllocSpace objects, 0(0B) LOS objects, 13% free, 36MB/42MB, paused 1.220ms total 359.485ms
07-01 12:40:26.014  8767  8777 I zygote  : Background concurrent copying GC freed 186202(6MB) AllocSpace objects, 0(0B) LOS objects, 13% free, 37MB/43MB, paused 4.700ms total 576.689ms
07-01 12:40:27.698  1604 15358 D NetworkMonitor/NetworkAgentInfo [WIFI () - 101]: PROBE_DNS www.google.com 17ms OK 172.217.28.228,2800:3f0:4001:801::2004
07-01 12:40:27.707  1604 15359 D NetworkMonitor/NetworkAgentInfo [WIFI () - 101]: PROBE_DNS connectivitycheck.gstatic.com 24ms OK 172.217.172.131,2800:3f0:4001:81a::2003
07-01 12:40:28.374  8767  8777 I zygote  : Background concurrent copying GC freed 160201(6MB) AllocSpace objects, 0(0B) LOS objects, 13% free, 37MB/43MB, paused 918us total 365.422ms
07-01 12:40:28.379  1604  3158 I WifiService: acquireWifiLock uid=10014 lockMode=2
07-01 12:40:28.420  1970  1970 I GeofencerStateMachine: sendNewTransitions called.
07-01 12:40:28.443  1604  3139 I WifiService: releaseWifiLock uid=10014
07-01 12:40:30.429  1604  1604 I EntropyMixer: Added HW RNG output to entropy pool
07-01 12:40:30.429  1604  1604 I EntropyMixer: Writing entropy...
07-01 12:40:30.995  8767  8777 I zygote  : Background concurrent copying GC freed 143024(6MB) AllocSpace objects, 1(16KB) LOS objects, 13% free, 38MB/44MB, paused 1.198ms total 424.395ms
07-01 12:40:31.334  1604  3158 D WificondControl: Scan result ready event
07-01 12:40:31.888  1604 15359 D NetworkMonitor/NetworkAgentInfo [WIFI () - 101]: PROBE_HTTP http://connectivitycheck.gstatic.com/generate_204 time=4178ms ret=204 request={User-Agent=[Mozilla/5.0 (X11; Linux x86_64) AppleWebKit/537.36 (KHTML, like Gecko) Chrome/60.0.3112.32 Safari/537.36]} headers={null=[HTTP/1.1 204 No Content], Content-Length=[0], Date=[Mon, 01 Jul 2019 16:40:29 GMT], X-Android-Received-Millis=[1561999231887], X-Android-Response-Source=[NETWORK 204], X-Android-Selected-Protocol=[http/1.1], X-Android-Sent-Millis=[1561999227709]}
07-01 12:40:33.136  8767 15028 I System.out: ROUTE : 
07-01 12:40:33.136  8767 15028 I net.osmand: RouteResultPreparation <test regions="" description="" best_percent="" vehicle="car" 
07-01 12:40:33.136  8767 15028 I net.osmand:   start_lat="-7.22730" start_lon="-35.88521" target_lat="-5.04335" target_lon="-42.76302"  routing_time="10222.46" loadedTiles="2849" visitedSegments="191197" complete_distance="1884198.88" complete_time="95569.30" >
07-01 12:40:33.137  8767 15028 I System.out: <test regions="" description="" best_percent="" vehicle="car" 
07-01 12:40:33.137  8767 15028 I System.out:   start_lat="-7.22730" start_lon="-35.88521" target_lat="-5.04335" target_lon="-42.76302"  routing_time="10222.46" loadedTiles="2849" visitedSegments="191197" complete_distance="1884198.88" complete_time="95569.30" >
07-01 12:40:33.137  8767 15028 I System.out: </test>
07-01 12:40:33.137  8767 15028 I System.out: <test regions="" description="" best_percent="" vehicle="car" 
07-01 12:40:33.137  8767 15028 I System.out:   start_lat="-7.22730" start_lon="-35.88521" target_lat="-5.04335" target_lon="-42.76302"  routing_time="10222.46" loadedTiles="2849" visitedSegments="191197" complete_distance="1884198.88" complete_time="95569.30" >
07-01 12:40:33.162  8767  8777 I zygote  : Background concurrent copying GC freed 138463(6MB) AllocSpace objects, 0(0B) LOS objects, 12% free, 41MB/47MB, paused 1.301ms total 544.328ms
07-01 12:40:33.275  8767 15028 I net.osmand: RouteProvider Finding route contained 8598 points for 193592 ms
07-01 12:40:40.682  1604  2952 D NetworkMonitor/NetworkAgentInfo [WIFI () - 101]: PROBE_FALLBACK http://www.google.com/gen_204 Probe failed with exception java.net.SocketTimeoutException: timeout
07-01 12:40:47.868  1410  1410 I boot-pipe: done populating /dev/random
07-01 12:40:48.457  1604  1675 D RecurrenceRule: Resolving using anchor 2019-07-01T16:40:48.457Z[GMT]
07-01 12:40:48.460  1604  1675 D RecurrenceRule: Resolving using anchor 2019-07-01T16:40:48.460Z[GMT]
07-01 12:40:48.465  2799  2799 I Finsky  : [2] com.google.android.finsky.scheduler.JobSchedulerEngine$PhoneskyJobSchedulerJobService.onStartJob(3): onJobSchedulerWakeup with jobId 9005
07-01 12:40:48.466  1604  1675 D RecurrenceRule: Cycle 17 from 2019-06-09T00:00Z[GMT] to 2019-07-09T00:00Z[GMT]
07-01 12:40:48.468  1604  1675 D NetworkStats: Resolving plan for NetworkTemplate: matchRule=MOBILE_ALL, subscriberId=310260..., matchSubscriberIds=[310260...]
07-01 12:40:48.469  1604  1675 D NetworkStats: Found active matching subId 1
07-01 12:40:48.478  1604  1675 D NetworkStats: Resolved to plan null
07-01 12:40:48.487  2799  2799 I Finsky  : [2] pyj.a(22): Scheduling fallback job with id: 9034, and delay: 43200000 ms
07-01 12:40:48.492  2799  2799 I Finsky  : [2] pyj.a(5): Scheduling fallback in 64799997 (absolute: 86436517)
07-01 12:40:48.523  1604  9404 I WifiService: acquireWifiLock uid=10014 lockMode=2
07-01 12:40:48.587  1604  3158 I WifiService: releaseWifiLock uid=10014
07-01 12:40:51.020  1604 15358 D NetworkMonitor/NetworkAgentInfo [WIFI () - 101]: PROBE_HTTPS https://www.google.com/generate_204 Probe failed with exception java.net.SocketTimeoutException: failed to connect to www.google.com/2800:3f0:4001:801::2004 (port 443) from /fec0::3578:9eaa:f2d6:1f0d (port 45041) after 10000ms
07-01 12:40:51.021  1604  1682 D ConnectivityService: NetworkAgentInfo [WIFI () - 101] validation failed
07-01 12:40:51.022  1604  1678 D WifiStateMachine: NETWORK_STATUS_UNWANTED_VALIDATION_FAILED
07-01 12:40:52.230  1604  1613 I zygote  : Background concurrent copying GC freed 88835(4MB) AllocSpace objects, 9(556KB) LOS objects, 15% free, 31MB/37MB, paused 1.426ms total 249.281ms
07-01 12:40:56.574  2799  2799 I Finsky  : [2] pyt.handleMessage(10): DeviceState: DeviceState{currentTime=1561999256565, isCharging=false, isIdle=false, netAny=false, netNotRoaming=false, netUnmetered=false}
07-01 12:40:56.587  2799 15372 I Finsky  : [270] qah.b(7): Jobs in database: 1-1337 3-130 3-131 19-9999 24-77777777 26-1414141414 31-305419896 
07-01 12:40:56.617  2799  2799 I Finsky  : [2] pyt.handleMessage(84): RunningQueue size: 0, PendingQueue size: 0
07-01 12:40:56.618  2799  2799 I Finsky  : [2] pyt.handleMessage(27): Executor finished
07-01 12:40:56.632  1604  1617 E memtrack: Couldn't load memtrack module
07-01 12:40:56.632  1604  1617 W android.os.Debug: failed to get memory consumption info: -1
07-01 12:40:56.712  1604  1617 E memtrack: Couldn't load memtrack module
07-01 12:40:56.713  1604  1617 W android.os.Debug: failed to get memory consumption info: -1
07-01 12:40:56.740  2799  2799 I Finsky  : [2] qah.b(7): Jobs in database: 1-1337 3-130 3-131 19-9999 24-77777777 26-1414141414 31-305419896 
07-01 12:40:56.740  2799  2799 W Finsky  : [2] qbj.run(6): No real network when expected
07-01 12:40:56.751  2799  2799 I Finsky  : [2] pxo.a(113): ConstraintMapping: 24-77777777,  -> L: 0ms, D: 79149074ms, C: false, I: true, N: 0
07-01 12:40:56.751  2799  2799 I Finsky  : [2] pxo.a(113): ConstraintMapping: 1-1337, 19-9999, 31-305419896,  -> L: 0ms, D: 5324501ms, C: false, I: false, N: 1
07-01 12:40:56.751  2799  2799 I Finsky  : [2] pxo.a(113): ConstraintMapping: 3-131,  -> L: 0ms, D: 14505211ms, C: true, I: false, N: 2
07-01 12:40:56.752  2799  2799 I Finsky  : [2] pxo.a(113): ConstraintMapping: 3-130,  -> L: 0ms, D: 14505146ms, C: true, I: true, N: 2
07-01 12:40:56.752  2799  2799 I Finsky  : [2] pxo.a(113): ConstraintMapping: 26-1414141414,  -> L: 39550851ms, D: 40450851ms, C: false, I: false, N: 0
07-01 12:40:56.754  2799  2799 I Finsky  : [2] com.google.android.finsky.scheduler.JobSchedulerEngine.a(42): Cancelling existing job with id: 9007
07-01 12:40:56.760  2799  2799 I Finsky  : [2] com.google.android.finsky.scheduler.JobSchedulerEngine.a(42): Cancelling existing job with id: 9004
07-01 12:40:56.765  2799  2799 I Finsky  : [2] com.google.android.finsky.scheduler.JobSchedulerEngine.a(42): Cancelling existing job with id: 9006
07-01 12:40:56.770  2799  2799 I Finsky  : [2] com.google.android.finsky.scheduler.JobSchedulerEngine.a(42): Cancelling existing job with id: 9009
07-01 12:40:56.776  2799  2799 I Finsky  : [2] com.google.android.finsky.scheduler.JobSchedulerEngine.a(14): Throttling wakeup for job 9000 (expected to run in 0 ms) due to recent wakeup
07-01 12:40:56.776  2799  2799 I Finsky  : [2] com.google.android.finsky.scheduler.JobSchedulerEngine.a(4): Scheduling job Id: 9000, L: 30000, D: 79149074, C: false, I: true, N: 0
07-01 12:40:56.780  2799  2799 I Finsky  : [2] com.google.android.finsky.scheduler.JobSchedulerEngine.a(14): Throttling wakeup for job 9001 (expected to run in 0 ms) due to recent wakeup
07-01 12:40:56.781  2799  2799 I Finsky  : [2] com.google.android.finsky.scheduler.JobSchedulerEngine.a(19): No real network when expected for job 9001. Delaying: 1800000
07-01 12:40:56.781  2799  2799 I Finsky  : [2] com.google.android.finsky.scheduler.JobSchedulerEngine.a(4): Scheduling job Id: 9001, L: 1800000, D: 5324501, C: false, I: false, N: 1
07-01 12:40:56.782  2799  2799 I Finsky  : [2] com.google.android.finsky.scheduler.JobSchedulerEngine.a(14): Throttling wakeup for job 9002 (expected to run in 0 ms) due to recent wakeup
07-01 12:40:56.783  2799  2799 I Finsky  : [2] com.google.android.finsky.scheduler.JobSchedulerEngine.a(19): No real network when expected for job 9002. Delaying: 1800000
07-01 12:40:56.783  2799  2799 I Finsky  : [2] com.google.android.finsky.scheduler.JobSchedulerEngine.a(4): Scheduling job Id: 9002, L: 1800000, D: 14505211, C: true, I: false, N: 2
07-01 12:40:56.785  2799  2799 I Finsky  : [2] com.google.android.finsky.scheduler.JobSchedulerEngine.a(14): Throttling wakeup for job 9003 (expected to run in 0 ms) due to recent wakeup
07-01 12:40:56.786  2799  2799 I Finsky  : [2] com.google.android.finsky.scheduler.JobSchedulerEngine.a(19): No real network when expected for job 9003. Delaying: 1800000
07-01 12:40:56.787  2799  2799 I Finsky  : [2] com.google.android.finsky.scheduler.JobSchedulerEngine.a(4): Scheduling job Id: 9003, L: 1800000, D: 14505146, C: true, I: true, N: 2
07-01 12:40:56.790  2799  2799 I Finsky  : [2] com.google.android.finsky.scheduler.JobSchedulerEngine.a(4): Scheduling job Id: 9008, L: 39550851, D: 40450851, C: false, I: false, N: 0
07-01 12:40:59.645 13765 13852 E GoogleConversionReporter: Error sending ping
07-01 12:40:59.645 13765 13852 E GoogleConversionReporter: bdgp: Exception in CronetUrlRequest: net::ERR_TIMED_OUT, ErrorCode=4, InternalErrorCode=-7, Retryable=true
07-01 12:40:59.645 13765 13852 E GoogleConversionReporter: 	at org.chromium.net.impl.CronetUrlRequest.onError(SourceFile:175)
07-01 12:41:00.013  1403  1418 D hwcomposer: hw_composer sent 61 syncs in 253s
07-01 12:41:08.543  1604  3158 I WifiService: acquireWifiLock uid=10014 lockMode=2
07-01 12:41:09.169  1970  1982 I GeofencerStateMachine: addGeofences called by com.google.android.apps.maps
07-01 12:41:09.298  1970  1970 I GeofencerStateMachine: sendNewTransitions called.
07-01 12:41:09.323  1970  1970 I GeofencerStateMachine: sendNewLocationAvailability: availability=LocationAvailability[isLocationAvailable: true]
07-01 12:41:09.469  1604  3545 I WifiService: getWifiEnabledState uid=10062
07-01 12:41:09.586  1970  1970 I GeofencerStateMachine: sendNewLocationAvailability: availability=LocationAvailability[isLocationAvailable: true]
07-01 12:41:09.603  1970  1970 I GeofencerStateMachine: sendNewLocationAvailability: availability=LocationAvailability[isLocationAvailable: true]
07-01 12:41:11.533  1604  3545 D WificondControl: Scan result ready event
07-01 12:41:11.578  1970  2421 I zygote  : Deoptimizing void bflw.handleMessage(android.os.Message) due to JIT inline cache
07-01 12:41:11.589  1604  3139 I WifiService: releaseWifiLock uid=10014
07-01 12:41:15.055  1604  1621 I WifiService: requestActivityInfo uid=1000
07-01 12:41:15.055  1604  1621 I WifiService: reportActivityInfo uid=1000
07-01 12:41:15.055  1604  1621 I WifiService: getSupportedFeatures uid=1000
07-01 12:41:15.824  1604  1621 I WifiService: requestActivityInfo uid=1000
07-01 12:41:15.824  1604  1621 I WifiService: reportActivityInfo uid=1000
07-01 12:41:15.824  1604  1621 I WifiService: getSupportedFeatures uid=1000
07-01 12:41:23.059  1604 15393 D NetworkMonitor/NetworkAgentInfo [WIFI () - 101]: PROBE_DNS connectivitycheck.gstatic.com 2ms OK 172.217.172.131,2800:3f0:4001:81a::2003
07-01 12:41:23.063  1604 15392 D NetworkMonitor/NetworkAgentInfo [WIFI () - 101]: PROBE_DNS www.google.com 6ms OK 172.217.28.228,2800:3f0:4001:801::2004
07-01 12:41:24.116  1604  1617 E memtrack: Couldn't load memtrack module
07-01 12:41:24.116  1604  1617 W android.os.Debug: failed to get memory consumption info: -1
07-01 12:41:24.186  1604  1617 E memtrack: Couldn't load memtrack module
07-01 12:41:24.186  1604  1617 W android.os.Debug: failed to get memory consumption info: -1
07-01 12:41:25.016  1604 15393 D NetworkMonitor/NetworkAgentInfo [WIFI () - 101]: PROBE_HTTP http://connectivitycheck.gstatic.com/generate_204 time=1957ms ret=204 request={User-Agent=[Mozilla/5.0 (X11; Linux x86_64) AppleWebKit/537.36 (KHTML, like Gecko) Chrome/60.0.3112.32 Safari/537.36]} headers={null=[HTTP/1.1 204 No Content], Content-Length=[0], Date=[Mon, 01 Jul 2019 16:41:25 GMT], X-Android-Received-Millis=[1561999285016], X-Android-Response-Source=[NETWORK 204], X-Android-Selected-Protocol=[http/1.1], X-Android-Sent-Millis=[1561999283060]}
07-01 12:41:27.610  1604  2952 D NetworkMonitor/NetworkAgentInfo [WIFI () - 101]: PROBE_FALLBACK http://play.googleapis.com/generate_204 time=1552ms ret=204 request={User-Agent=[Mozilla/5.0 (X11; Linux x86_64) AppleWebKit/537.36 (KHTML, like Gecko) Chrome/60.0.3112.32 Safari/537.36]} headers={null=[HTTP/1.1 204 No Content], Content-Length=[0], Date=[Mon, 01 Jul 2019 16:41:27 GMT], X-Android-Received-Millis=[1561999287610], X-Android-Response-Source=[NETWORK 204], X-Android-Selected-Protocol=[http/1.1], X-Android-Sent-Millis=[1561999286504]}
07-01 12:41:28.472  1604 15392 D NetworkMonitor/NetworkAgentInfo [WIFI () - 101]: PROBE_HTTPS https://www.google.com/generate_204 time=5409ms ret=204 request={User-Agent=[Mozilla/5.0 (X11; Linux x86_64) AppleWebKit/537.36 (KHTML, like Gecko) Chrome/60.0.3112.32 Safari/537.36]} headers={null=[HTTP/1.1 204 No Content], Alt-Svc=[quic=":443"; ma=2592000; v="46,44,43,39"], Content-Length=[0], Date=[Mon, 01 Jul 2019 16:41:29 GMT], X-Android-Received-Millis=[1561999288472], X-Android-Response-Source=[NETWORK 204], X-Android-Selected-Protocol=[http/1.1], X-Android-Sent-Millis=[1561999287176]}
07-01 12:41:28.474  1604  1682 D ConnectivityService: NetworkAgentInfo [WIFI () - 101] validation passed
07-01 12:41:28.481  1604  1682 D ConnectivityService: Switching to new default network: NetworkAgentInfo{ ni{[type: WIFI[], state: CONNECTED/CONNECTED, reason: (unspecified), extra: "AndroidWifi", failover: false, available: true, roaming: false]}  network{101}  nethandle{433808132830}  lp{{InterfaceName: wlan0 LinkAddresses: [fe80::ff:fe44:5566/64,192.168.232.2/21,fec0::ff:fe44:5566/64,fec0::3578:9eaa:f2d6:1f0d/64,]  Routes: [fe80::/64 -> :: wlan0,::/0 -> fe80::ff:fe00:100 wlan0,fec0::/64 -> :: wlan0,192.168.232.0/21 -> 0.0.0.0 wlan0,0.0.0.0/0 -> 192.168.232.1 wlan0,] DnsAddresses: [10.0.2.3,] Domains: null MTU: 0 TcpBufferSizes: 524288,1048576,2097152,262144,524288,1048576}}  nc{[ Transports: WIFI Capabilities: NOT_METERED&INTERNET&NOT_RESTRICTED&TRUSTED&NOT_VPN&VALIDATED&FOREGROUND LinkUpBandwidth>=1048576Kbps LinkDnBandwidth>=1048576Kbps SignalStrength: -50]}  Score{60}  everValidated{true}  lastValidated{true}  created{true} lingering{false} explicitlySelected{false} acceptUnvalidated{false} everCaptivePortalDetected{false} lastCaptivePortalDetected{false} clat{null} }
07-01 12:41:28.498  1604  1828 D NetworkTimeUpdateService: New default network 101; checking time.
07-01 12:41:28.506  1604  1682 D ConnectivityService: Lingering NetworkAgentInfo [MOBILE (GPRS) - 100] for 30000ms
07-01 12:41:28.511  1701  1896 I DeviceStatusMonitor: NetworkCallback#onAvailable(): 101
07-01 12:41:28.513  1701  1701 I DeviceStatusMonitor: getCurrentNetworkState(): activeNetwork = 101,  newState = NON_METERED
07-01 12:41:28.524  1701  1701 I NetworkInfo: onNetworkAvailable: networkState = NON_METERED
07-01 12:41:28.524  1701  1701 I HWRSuperpacksManager: onNetworkAvailable
07-01 12:41:28.525  1701  1701 I NetworkInfo: onNetworkAvailable: networkState = NON_METERED
07-01 12:41:28.535  1701 15397 I NetworkInfo: onNetworkAvailable: networkState = NON_METERED
07-01 12:41:28.549  1604  1682 D ConnectivityService: Sending DISCONNECTED broadcast for type 0 NetworkAgentInfo [MOBILE (GPRS) - 100] isDefaultNetwork=true
07-01 12:41:28.561  1604  1682 D ConnectivityService: Sending CONNECTED broadcast for type 1 NetworkAgentInfo [WIFI () - 101] isDefaultNetwork=true
07-01 12:41:28.573  1604  1675 I WifiService: getConnectionInfo uid=1000
07-01 12:41:28.578  1604  1675 D RecurrenceRule: Resolving using anchor 2019-07-01T16:41:28.578Z[GMT]
07-01 12:41:28.582  1604  1675 D RecurrenceRule: Resolving using anchor 2019-07-01T16:41:28.581Z[GMT]
07-01 12:41:28.593  1604  1675 D RecurrenceRule: Cycle 17 from 2019-06-09T00:00Z[GMT] to 2019-07-09T00:00Z[GMT]
07-01 12:41:28.593  1604  1675 D NetworkStats: Resolving plan for NetworkTemplate: matchRule=MOBILE_ALL, subscriberId=310260..., matchSubscriberIds=[310260...]
07-01 12:41:28.595  1604  1675 D NetworkStats: Found active matching subId 1
07-01 12:41:28.600  1604  1617 E memtrack: Couldn't load memtrack module
07-01 12:41:28.600  1604  1617 W android.os.Debug: failed to get memory consumption info: -1
07-01 12:41:28.608  1604  1675 D NetworkStats: Resolved to plan null
07-01 12:41:28.636  1604  3712 I WifiService: getConnectionInfo uid=10014
07-01 12:41:28.656  1604  1615 I WifiService: getConnectionInfo uid=10014
07-01 12:41:28.657  1604  2691 I WifiService: getConnectionInfo uid=10079
07-01 12:41:28.675  1604  2691 D WifiPermissionsUtil: Denied: no location permission
07-01 12:41:28.675  1604  2691 D WifiPermissionsUtil: Denied: caller is not the current USE_OPEN_WIFI_PACKAGE
07-01 12:41:28.682  1604  1615 I WifiService: getConnectionInfo uid=10032
07-01 12:41:28.691  2799  2799 I Finsky  : [2] khj.a(267): Installer: found apps to install. apps=[]
07-01 12:41:28.714  1604  6773 I WifiService: getConnectionInfo uid=10079
07-01 12:41:28.715  1604  6773 D WifiPermissionsUtil: Denied: no location permission
07-01 12:41:28.715  1604  6773 D WifiPermissionsUtil: Denied: caller is not the current USE_OPEN_WIFI_PACKAGE
07-01 12:41:28.719  1604  1615 I WifiService: getConnectionInfo uid=10014
07-01 12:41:28.724  2799  2799 I Finsky  : [2] khj.a(267): Installer: found apps to install. apps=[]
07-01 12:41:28.731  1604  1675 I WifiService: getConnectionInfo uid=1000
07-01 12:41:28.735  1604  1675 D RecurrenceRule: Resolving using anchor 2019-07-01T16:41:28.735Z[GMT]
07-01 12:41:28.738  1604  1675 D RecurrenceRule: Resolving using anchor 2019-07-01T16:41:28.737Z[GMT]
07-01 12:41:28.740  1604  1675 D RecurrenceRule: Cycle 17 from 2019-06-09T00:00Z[GMT] to 2019-07-09T00:00Z[GMT]
07-01 12:41:28.740  1604  1675 D NetworkStats: Resolving plan for NetworkTemplate: matchRule=MOBILE_ALL, subscriberId=310260..., matchSubscriberIds=[310260...]
07-01 12:41:28.741  1604  1675 D NetworkStats: Found active matching subId 1
07-01 12:41:28.753  1604  1675 D NetworkStats: Resolved to plan null
07-01 12:41:28.793  2180  9713 I PinnedContentDownloader: Finished downloading pinned content.
07-01 12:41:28.801  1604  1615 I WifiService: getConnectionInfo uid=10014
07-01 12:41:29.565  1604  1615 I WifiService: acquireWifiLock uid=10014 lockMode=2
07-01 12:41:29.604  1970  1970 I GeofencerStateMachine: sendNewTransitions called.
07-01 12:41:29.621  1604  1615 I WifiService: releaseWifiLock uid=10014
07-01 12:41:38.591  1604  1678 W AlarmManager: Unrecognized alarm listener com.android.server.wifi.WifiConfigStore$1@223dfff
07-01 12:41:38.613  1604  1678 D WifiConfigStore: Writing to stores completed in 22 ms.
07-01 12:41:38.801  1604  1617 E memtrack: Couldn't load memtrack module
07-01 12:41:38.802  1604  1617 W android.os.Debug: failed to get memory consumption info: -1
07-01 12:41:46.664  1604  1621 E BatteryExternalStatsWorker: modem info is invalid: ModemActivityInfo{ mTimestamp=0 mSleepTimeMs=0 mIdleTimeMs=0 mTxTimeMs[]=[0, 0, 0, 0, 0] mRxTimeMs=0 mEnergyUsed=0}
07-01 12:41:47.870  1410  1410 I boot-pipe: done populating /dev/random
07-01 12:41:49.578  1604  6773 I WifiService: acquireWifiLock uid=10014 lockMode=2
07-01 12:41:49.610  1604  1617 E memtrack: Couldn't load memtrack module
07-01 12:41:49.610  1604  1617 W android.os.Debug: failed to get memory consumption info: -1
07-01 12:41:49.695  1604  1617 E memtrack: Couldn't load memtrack module
07-01 12:41:49.695  1604  1617 W android.os.Debug: failed to get memory consumption info: -1
07-01 12:41:49.760  1604  1617 E memtrack: Couldn't load memtrack module
07-01 12:41:49.760  1604  1617 W android.os.Debug: failed to get memory consumption info: -1
07-01 12:41:49.806  1604  1617 E memtrack: Couldn't load memtrack module
07-01 12:41:49.806  1604  1617 W android.os.Debug: failed to get memory consumption info: -1
07-01 12:41:49.863  1604  1617 E memtrack: Couldn't load memtrack module
07-01 12:41:49.863  1604  1617 W android.os.Debug: failed to get memory consumption info: -1
07-01 12:41:49.916  1604  1617 E memtrack: Couldn't load memtrack module
07-01 12:41:49.916  1604  1617 W android.os.Debug: failed to get memory consumption info: -1
07-01 12:41:49.985  1604  1617 I ProcessStatsService: Pruning old procstats: /data/system/procstats/state-2019-06-29-09-18-03.bin
07-01 12:41:52.563  1604  6773 D WificondControl: Scan result ready event
07-01 12:41:52.609  1604  1615 I WifiService: releaseWifiLock uid=10014
07-01 12:41:58.477  1604  1682 D ConnectivityService: handleLingerComplete for NetworkAgentInfo [MOBILE (GPRS) - 100]
07-01 12:42:00.006  1604  1617 E memtrack: Couldn't load memtrack module
07-01 12:42:00.006  1604  1617 W android.os.Debug: failed to get memory consumption info: -1
07-01 12:42:00.023  1403  1418 D hwcomposer: hw_composer sent 12 syncs in 60s
07-01 12:42:09.586  1604  6773 I WifiService: acquireWifiLock uid=10014 lockMode=2
07-01 12:42:09.626  1970  1970 I GeofencerStateMachine: sendNewTransitions called.
07-01 12:42:09.671  1604  3545 I WifiService: releaseWifiLock uid=10014
07-01 12:42:09.698  1970  1970 I GeofencerStateMachine: sendNewTransitions called.
07-01 12:42:09.709  1970  1970 I GeofencerStateMachine: sendNewLocationAvailability: availability=LocationAvailability[isLocationAvailable: true]
07-01 12:42:09.880  1970  1970 I chatty  : uid=10014 com.google.android.gms.persistent identical 1 line
07-01 12:42:09.891  1970  1970 I GeofencerStateMachine: sendNewLocationAvailability: availability=LocationAvailability[isLocationAvailable: true]
07-01 12:42:10.053  1604  1613 I zygote  : Background concurrent copying GC freed 59826(2MB) AllocSpace objects, 7(300KB) LOS objects, 15% free, 31MB/37MB, paused 1.206ms total 414.709ms
07-01 12:42:11.736  2799  2830 I Finsky  : [131] imb.run(3): Stats for Executor: BlockingExecutor ink@4fcda2c[Running, pool size = 0, active threads = 0, queued tasks = 0, completed tasks = 28]
07-01 12:42:11.736  2799  2830 I Finsky  : [131] imb.run(3): Stats for Executor: LightweightExecutor ink@42a7cf5[Running, pool size = 2, active threads = 0, queued tasks = 0, completed tasks = 65]
07-01 12:42:12.604  2799  2830 I Finsky  : [131] imb.run(3): Stats for Executor: bgExecutor ink@4f2f371[Running, pool size = 4, active threads = 0, queued tasks = 0, completed tasks = 1065]
07-01 12:42:12.621  1604  1621 E BatteryExternalStatsWorker: modem info is invalid: ModemActivityInfo{ mTimestamp=0 mSleepTimeMs=0 mIdleTimeMs=0 mTxTimeMs[]=[0, 0, 0, 0, 0] mRxTimeMs=0 mEnergyUsed=0}
07-01 12:42:13.211  1970 15399 V NativeCrypto: SSL handshake terminated: ssl=0x8c314af8: I/O error during system call, No such file or directory
07-01 12:42:26.013 13765 13765 E GEL_DELAYED_EVENT_DEBUG: Volley request failed for type atas
07-01 12:42:26.013 13765 13765 E GEL_DELAYED_EVENT_DEBUG: bpg
07-01 12:42:26.013 13765 13765 E GEL_DELAYED_EVENT_DEBUG: 	at xln.a(SourceFile:164)
07-01 12:42:26.013 13765 13765 E GEL_DELAYED_EVENT_DEBUG: 	at xkm.run(Unknown Source:1)
07-01 12:42:26.013 13765 13765 E GEL_DELAYED_EVENT_DEBUG: 	at java.util.concurrent.ThreadPoolExecutor.runWorker(ThreadPoolExecutor.java:1162)
07-01 12:42:26.013 13765 13765 E GEL_DELAYED_EVENT_DEBUG: 	at java.util.concurrent.ThreadPoolExecutor$Worker.run(ThreadPoolExecutor.java:636)
07-01 12:42:26.013 13765 13765 E GEL_DELAYED_EVENT_DEBUG: 	at xaz.run(SourceFile:12)
07-01 12:42:26.013 13765 13765 E GEL_DELAYED_EVENT_DEBUG: 	at java.lang.Thread.run(Thread.java:764)
07-01 12:42:26.013 13765 13765 E GEL_DELAYED_EVENT_DEBUG: Caused by: bdgp: Exception in CronetUrlRequest: net::ERR_CONNECTION_CLOSED, ErrorCode=5, InternalErrorCode=-100, Retryable=true
07-01 12:42:26.013 13765 13765 E GEL_DELAYED_EVENT_DEBUG: 	at org.chromium.net.impl.CronetUrlRequest.onError(SourceFile:175)
07-01 12:42:30.630  1604  2691 I WifiService: acquireWifiLock uid=10014 lockMode=2
07-01 12:42:33.234  1970 15399 E WakeLock: GCM_HB_ALARM release without a matched acquire!
07-01 12:42:33.234  1970 15399 W WakeLock: GCM_HB_ALARM counter does not exist
07-01 12:42:33.603  1604  3545 D WificondControl: Scan result ready event
07-01 12:42:33.637  1604  6773 I WifiService: releaseWifiLock uid=10014
07-01 12:42:47.872  1410  1410 I boot-pipe: done populating /dev/random
07-01 12:42:50.643  1604  5750 I WifiService: acquireWifiLock uid=10014 lockMode=2
07-01 12:42:50.651  1604  1604 I ActivityManager: Start proc 15421:com.google.android.partnersetup/u0a17 for service com.google.android.partnersetup/.InstalledAppJobService
07-01 12:42:50.663 15421 15421 W zygote  : Unexpected CPU variant for X86 using defaults: x86
07-01 12:42:50.713  1970  1970 I GeofencerStateMachine: sendNewTransitions called.
07-01 12:42:50.718  1604  6773 I WifiService: releaseWifiLock uid=10014
07-01 12:42:50.723 15421 15421 I zygote  : The ClassLoaderContext is a special shared library.
07-01 12:42:54.122  1604  1621 E BatteryExternalStatsWorker: modem info is invalid: ModemActivityInfo{ mTimestamp=0 mSleepTimeMs=0 mIdleTimeMs=0 mTxTimeMs[]=[0, 0, 0, 0, 0] mRxTimeMs=0 mEnergyUsed=0}
07-01 12:43:00.024  1403  1418 D hwcomposer: hw_composer sent 6 syncs in 60s
07-01 12:43:05.903  1970 15419 V NativeCrypto: SSL handshake terminated: ssl=0x8c3161b8: I/O error during system call, No such file or directory
07-01 12:43:05.905  1970 15419 E WakeLock: GCM_HB_ALARM release without a matched acquire!
07-01 12:43:05.905  1970 15419 W WakeLock: GCM_HB_ALARM counter does not exist
07-01 12:43:05.906  1604  1682 D ConnectivityService: reportNetworkConnectivity(101, false) by 10014
07-01 12:43:05.906  1604  2952 D NetworkMonitor/NetworkAgentInfo [WIFI () - 101]: Forcing reevaluation for UID 10014
07-01 12:43:05.910  1604 15443 D NetworkMonitor/NetworkAgentInfo [WIFI () - 101]: PROBE_DNS connectivitycheck.gstatic.com 3ms OK 172.217.172.131,2800:3f0:4001:81a::2003
07-01 12:43:05.913  1970 15419 W WakeLock: GCM_CONN_ALARM counter does not exist
07-01 12:43:05.916  1604 15442 D NetworkMonitor/NetworkAgentInfo [WIFI () - 101]: PROBE_DNS www.google.com 7ms OK 172.217.28.228,2800:3f0:4001:801::2004
07-01 12:43:10.665  1604  1617 E memtrack: Couldn't load memtrack module
07-01 12:43:10.665  1604  1617 W android.os.Debug: failed to get memory consumption info: -1
07-01 12:43:10.681  1604  6773 I WifiService: acquireWifiLock uid=10014 lockMode=2
07-01 12:43:10.749  1604  1617 E memtrack: Couldn't load memtrack module
07-01 12:43:10.749  1604  1617 W android.os.Debug: failed to get memory consumption info: -1
07-01 12:43:10.796  1604  1617 E memtrack: Couldn't load memtrack module
07-01 12:43:10.796  1604  1617 W android.os.Debug: failed to get memory consumption info: -1
07-01 12:43:11.536  1604 15443 D NetworkMonitor/NetworkAgentInfo [WIFI () - 101]: PROBE_HTTP http://connectivitycheck.gstatic.com/generate_204 time=5624ms ret=204 request={User-Agent=[Mozilla/5.0 (X11; Linux x86_64) AppleWebKit/537.36 (KHTML, like Gecko) Chrome/60.0.3112.32 Safari/537.36]} headers={null=[HTTP/1.1 204 No Content], Content-Length=[0], Date=[Mon, 01 Jul 2019 16:43:08 GMT], X-Android-Received-Millis=[1561999391535], X-Android-Response-Source=[NETWORK 204], X-Android-Selected-Protocol=[http/1.1], X-Android-Sent-Millis=[1561999385912]}
07-01 12:43:13.498  1604 15442 D NetworkMonitor/NetworkAgentInfo [WIFI () - 101]: PROBE_HTTPS https://www.google.com/generate_204 time=7581ms ret=204 request={User-Agent=[Mozilla/5.0 (X11; Linux x86_64) AppleWebKit/537.36 (KHTML, like Gecko) Chrome/60.0.3112.32 Safari/537.36]} headers={null=[HTTP/1.1 204 No Content], Alt-Svc=[quic=":443"; ma=2592000; v="46,44,43,39"], Content-Length=[0], Date=[Mon, 01 Jul 2019 16:43:10 GMT], X-Android-Received-Millis=[1561999393497], X-Android-Response-Source=[NETWORK 204], X-Android-Selected-Protocol=[http/1.1], X-Android-Sent-Millis=[1561999385917]}
07-01 12:43:13.500  1604  2952 D NetworkMonitor/NetworkAgentInfo [WIFI () - 101]: PROBE_FALLBACK http://play.googleapis.com/generate_204 time=4591ms ret=204 request={User-Agent=[Mozilla/5.0 (X11; Linux x86_64) AppleWebKit/537.36 (KHTML, like Gecko) Chrome/60.0.3112.32 Safari/537.36]} headers={null=[HTTP/1.1 204 No Content], Content-Length=[0], Date=[Mon, 01 Jul 2019 16:43:13 GMT], X-Android-Received-Millis=[1561999393499], X-Android-Response-Source=[NETWORK 204], X-Android-Selected-Protocol=[http/1.1], X-Android-Sent-Millis=[1561999388909]}
07-01 12:43:13.502  1604  1682 D ConnectivityService: NetworkAgentInfo [WIFI () - 101] validation passed
07-01 12:43:13.642  1604  6773 D WificondControl: Scan result ready event
07-01 12:43:13.682  1604  6773 I WifiService: releaseWifiLock uid=10014
07-01 12:43:18.340  1604  1621 E BatteryExternalStatsWorker: modem info is invalid: ModemActivityInfo{ mTimestamp=0 mSleepTimeMs=0 mIdleTimeMs=0 mTxTimeMs[]=[0, 0, 0, 0, 0] mRxTimeMs=0 mEnergyUsed=0}
07-01 12:43:23.504  1604  1678 W AlarmManager: Unrecognized alarm listener com.android.server.wifi.WifiConfigStore$1@223dfff
07-01 12:43:23.520  1604  1678 D WifiConfigStore: Writing to stores completed in 15 ms.
07-01 12:43:25.561  1604  1617 E memtrack: Couldn't load memtrack module
07-01 12:43:25.561  1604  1617 W android.os.Debug: failed to get memory consumption info: -1
07-01 12:43:26.542  2180 15413 W GAv4-SVC: Network compressed POST connection error: java.net.SocketTimeoutException: failed to connect to ssl.google-analytics.com/2800:3f0:4001:806::2008 (port 443) from /fec0::3578:9eaa:f2d6:1f0d (port 50855) after 60000ms
07-01 12:43:31.707  1604  2691 I WifiService: acquireWifiLock uid=10014 lockMode=2
07-01 12:43:31.761  1970  1970 I GeofencerStateMachine: sendNewTransitions called.
07-01 12:43:31.790  1604  3545 I WifiService: releaseWifiLock uid=10014
07-01 12:43:31.841  1604  5750 I WifiService: getConnectionInfo uid=10079
07-01 12:43:31.841  1604  5750 D WifiPermissionsUtil: Denied: no location permission
07-01 12:43:31.841  1604  5750 D WifiPermissionsUtil: Denied: caller is not the current USE_OPEN_WIFI_PACKAGE
07-01 12:43:32.086  1970  2586 I GeofencerStateMachine: addGeofences called by com.google.android.apps.maps
07-01 12:43:32.146  1604  3545 I WifiService: getWifiEnabledState uid=10062
07-01 12:43:32.319  1970  2337 W ResourceType: ResTable_typeSpec entry count inconsistent: given 15, previously 22
07-01 12:43:47.874  1410  1410 I boot-pipe: done populating /dev/random
07-01 12:43:51.717  1604  3545 I WifiService: acquireWifiLock uid=10014 lockMode=2
07-01 12:43:48.357  1604  1621 E BatteryExternalStatsWorker: modem info is invalid: ModemActivityInfo{ mTimestamp=0 mSleepTimeMs=0 mIdleTimeMs=0 mTxTimeMs[]=[0, 0, 0, 0, 0] mRxTimeMs=0 mEnergyUsed=0}
07-01 12:43:51.727  1604  3545 I ActivityManager: Killing 14521:com.android.chrome:webview_service/u0a49 (adj 904): empty for 1801s
07-01 12:43:51.735  1604  1620 W zygote  : kill(-14521, 9) failed: No such process
07-01 12:43:51.737  1604  1617 E memtrack: Couldn't load memtrack module
07-01 12:43:51.737  1604  1617 W android.os.Debug: failed to get memory consumption info: -1
07-01 12:43:51.772  1604  1620 W zygote  : kill(-14521, 9) failed: No such process
07-01 12:43:51.813  1604  1620 W zygote  : kill(-14521, 9) failed: No such process
07-01 12:43:51.813  1604  1620 I zygote  : Successfully killed process cgroup uid 10049 pid 14521 in 78ms
07-01 12:43:51.826  1604  1617 E memtrack: Couldn't load memtrack module
07-01 12:43:51.827  1604  1617 W android.os.Debug: failed to get memory consumption info: -1
07-01 12:43:51.941  1604  1617 E memtrack: Couldn't load memtrack module
07-01 12:43:51.941  1604  1617 W android.os.Debug: failed to get memory consumption info: -1
07-01 12:43:54.714  1604  3545 D WificondControl: Scan result ready event
07-01 12:43:54.767  1604  6773 I WifiService: releaseWifiLock uid=10014
07-01 12:43:54.974  1970 15447 E WakeLock: GCM_HB_ALARM release without a matched acquire!
07-01 12:43:54.974  1970 15447 W WakeLock: GCM_HB_ALARM counter does not exist
07-01 12:44:00.006  1604  1617 E memtrack: Couldn't load memtrack module
07-01 12:44:00.006  1604  1617 W android.os.Debug: failed to get memory consumption info: -1
07-01 12:44:00.028  1403  1418 D hwcomposer: hw_composer sent 12 syncs in 60s
07-01 12:44:00.100  1604  1617 E memtrack: Couldn't load memtrack module
07-01 12:44:00.100  1604  1617 W android.os.Debug: failed to get memory consumption info: -1
07-01 12:44:00.215  1604  1617 E memtrack: Couldn't load memtrack module
07-01 12:44:00.215  1604  1617 W android.os.Debug: failed to get memory consumption info: -1
07-01 12:44:00.291  1604  1617 E memtrack: Couldn't load memtrack module
07-01 12:44:00.292  1604  1617 W android.os.Debug: failed to get memory consumption info: -1
07-01 12:44:00.343  1604  1617 E memtrack: Couldn't load memtrack module
07-01 12:44:00.343  1604  1617 W android.os.Debug: failed to get memory consumption info: -1
07-01 12:44:04.680 13765 13770 I zygote  : Do full code cache collection, code=123KB, data=77KB
07-01 12:44:04.681 13765 13770 I zygote  : After code cache collection, code=111KB, data=58KB
07-01 12:44:11.728  1604  2691 I WifiService: acquireWifiLock uid=10014 lockMode=2
07-01 12:44:11.734  1604  1617 E memtrack: Couldn't load memtrack module
07-01 12:44:11.734  1604  1617 W android.os.Debug: failed to get memory consumption info: -1
07-01 12:44:11.774  1970  1970 I GeofencerStateMachine: sendNewTransitions called.
07-01 12:44:11.803  1604  5750 I WifiService: releaseWifiLock uid=10014
07-01 12:44:11.823  1604  1617 E memtrack: Couldn't load memtrack module
07-01 12:44:11.823  1604  1617 W android.os.Debug: failed to get memory consumption info: -1
07-01 12:44:11.881  1604  1617 E memtrack: Couldn't load memtrack module
07-01 12:44:11.881  1604  1617 W android.os.Debug: failed to get memory consumption info: -1
07-01 12:44:11.945  1604  1617 E memtrack: Couldn't load memtrack module
07-01 12:44:11.945  1604  1617 W android.os.Debug: failed to get memory consumption info: -1
07-01 12:44:12.064  1604  1613 I zygote  : Background concurrent copying GC freed 63552(2MB) AllocSpace objects, 4(208KB) LOS objects, 15% free, 31MB/37MB, paused 1.874ms total 312.396ms
07-01 12:44:22.220  1604  1621 E BatteryExternalStatsWorker: modem info is invalid: ModemActivityInfo{ mTimestamp=0 mSleepTimeMs=0 mIdleTimeMs=0 mTxTimeMs[]=[0, 0, 0, 0, 0] mRxTimeMs=0 mEnergyUsed=0}
07-01 12:44:23.143  1970 15462 E WakeLock: GCM_HB_ALARM release without a matched acquire!
07-01 12:44:23.143  1970 15462 W WakeLock: GCM_HB_ALARM counter does not exist
07-01 12:44:23.145  1604  1682 D ConnectivityService: reportNetworkConnectivity(101, false) by 10014
07-01 12:44:23.145  1604  2952 D NetworkMonitor/NetworkAgentInfo [WIFI () - 101]: Forcing reevaluation for UID 10014
07-01 12:44:23.152  1970 15462 W WakeLock: GCM_CONN_ALARM counter does not exist
07-01 12:44:23.153  1604 15468 D NetworkMonitor/NetworkAgentInfo [WIFI () - 101]: PROBE_DNS connectivitycheck.gstatic.com 5ms OK 172.217.172.131,2800:3f0:4001:81a::2003
07-01 12:44:23.337  1604 15467 D NetworkMonitor/NetworkAgentInfo [WIFI () - 101]: PROBE_DNS www.google.com 189ms OK 172.217.28.228,2800:3f0:4001:801::2004
07-01 12:44:30.830 13765 13765 E GEL_DELAYED_EVENT_DEBUG: Volley request failed for type atas
07-01 12:44:30.830 13765 13765 E GEL_DELAYED_EVENT_DEBUG: bpg
07-01 12:44:30.830 13765 13765 E GEL_DELAYED_EVENT_DEBUG: 	at xln.a(SourceFile:164)
07-01 12:44:30.830 13765 13765 E GEL_DELAYED_EVENT_DEBUG: 	at xkm.run(Unknown Source:1)
07-01 12:44:30.830 13765 13765 E GEL_DELAYED_EVENT_DEBUG: 	at java.util.concurrent.ThreadPoolExecutor.runWorker(ThreadPoolExecutor.java:1162)
07-01 12:44:30.830 13765 13765 E GEL_DELAYED_EVENT_DEBUG: 	at java.util.concurrent.ThreadPoolExecutor$Worker.run(ThreadPoolExecutor.java:636)
07-01 12:44:30.830 13765 13765 E GEL_DELAYED_EVENT_DEBUG: 	at xaz.run(SourceFile:12)
07-01 12:44:30.830 13765 13765 E GEL_DELAYED_EVENT_DEBUG: 	at java.lang.Thread.run(Thread.java:764)
07-01 12:44:30.830 13765 13765 E GEL_DELAYED_EVENT_DEBUG: Caused by: bdgp: Exception in CronetUrlRequest: net::ERR_CONNECTION_CLOSED, ErrorCode=5, InternalErrorCode=-100, Retryable=true
07-01 12:44:30.830 13765 13765 E GEL_DELAYED_EVENT_DEBUG: 	at org.chromium.net.impl.CronetUrlRequest.onError(SourceFile:175)
07-01 12:44:31.692  1604  2952 D NetworkMonitor/NetworkAgentInfo [WIFI () - 101]: PROBE_FALLBACK http://play.googleapis.com/generate_204 time=5545ms ret=204 request={User-Agent=[Mozilla/5.0 (X11; Linux x86_64) AppleWebKit/537.36 (KHTML, like Gecko) Chrome/60.0.3112.32 Safari/537.36]} headers={null=[HTTP/1.1 204 No Content], Content-Length=[0], Date=[Mon, 01 Jul 2019 16:44:32 GMT], X-Android-Received-Millis=[1561999471692], X-Android-Response-Source=[NETWORK 204], X-Android-Selected-Protocol=[http/1.1], X-Android-Sent-Millis=[1561999466148]}
07-01 12:44:31.694  1604 15467 D NetworkMonitor/NetworkAgentInfo [WIFI () - 101]: PROBE_HTTPS https://www.google.com/generate_204 time=8356ms ret=204 request={User-Agent=[Mozilla/5.0 (X11; Linux x86_64) AppleWebKit/537.36 (KHTML, like Gecko) Chrome/60.0.3112.32 Safari/537.36]} headers={null=[HTTP/1.1 204 No Content], Alt-Svc=[quic=":443"; ma=2592000; v="46,44,43,39"], Content-Length=[0], Date=[Mon, 01 Jul 2019 16:44:31 GMT], X-Android-Received-Millis=[1561999471693], X-Android-Response-Source=[NETWORK 204], X-Android-Selected-Protocol=[http/1.1], X-Android-Sent-Millis=[1561999463338]}
07-01 12:44:32.745  1604  5750 I WifiService: acquireWifiLock uid=10014 lockMode=2
07-01 12:44:33.159  1604 15468 D NetworkMonitor/NetworkAgentInfo [WIFI () - 101]: PROBE_HTTP http://connectivitycheck.gstatic.com/generate_204 Probe failed with exception java.net.SocketTimeoutException: timeout
07-01 12:44:33.165  1604  1682 D ConnectivityService: NetworkAgentInfo [WIFI () - 101] validation passed
07-01 12:44:35.733  1604  6773 D WificondControl: Scan result ready event
