07-02 17:39:19.749  1836  1836 I Telephony: TelephonyConnectionService: onCreateIncomingConnection, request: ConnectionRequest xxxxxxxx Bundle[mParcelledData.dataSize=472]: (SBC.oSC)->CS.crCo->H.CS.crCo->H.CS.crCo.pICR@E-ILA
07-02 17:39:19.806  1604  1853 I Telecom : Event: RecordEntry TC@8: CAPABILITY_CHANGE, Current: [[ sup_hld mut !v2a spd_aud]], Removed [[]], Added [[ sup_hld mut !v2a spd_aud]]: (...->CS.crCo->H.CS.crCo->H.CS.crCo.pICR)->CSW.hCCC@E-E-ILA
07-02 17:39:19.806  1604  1853 I Telecom : Event: RecordEntry TC@8: FILTERING_INITIATED, null: (...->CS.crCo->H.CS.crCo->H.CS.crCo.pICR)->CSW.hCCC@E-E-ILA
07-02 17:39:19.807  1604  1853 I Telecom : Event: RecordEntry TC@8: DIRECT_TO_VM_INITIATED, null: (...->CS.crCo->H.CS.crCo->H.CS.crCo.pICR)->CSW.hCCC@E-E-ILA
07-02 17:39:19.807  1604  1853 I Telecom : CallerInfoLookupHelper: There is a previously incomplete query for handle tel:****. Adding to listeners for this query.: (...->CS.crCo->H.CS.crCo->H.CS.crCo.pICR)->CSW.hCCC@E-E-ILA
07-02 17:39:19.808  1604  1853 I Telecom : Event: RecordEntry TC@8: SCREENING_SENT, null: (...->CS.crCo->H.CS.crCo->H.CS.crCo.pICR)->CSW.hCCC@E-E-ILA
07-02 17:39:19.808  1604  1853 I Telecom : CallScreeningServiceFilter: There are no call screening services installed on this device.: (...->CS.crCo->H.CS.crCo->H.CS.crCo.pICR)->CSW.hCCC@E-E-ILA
07-02 17:39:19.809  1604  1853 I Telecom : CallScreeningServiceFilter: Could not bind to call screening service: (...->CS.crCo->H.CS.crCo->H.CS.crCo.pICR)->CSW.hCCC@E-E-ILA
07-02 17:39:19.810  1604  1853 I Telecom : Event: RecordEntry TC@8: SCREENING_COMPLETED, [Allow, logged, notified]: (...->CS.crCo->H.CS.crCo->H.CS.crCo.pICR)->CSW.hCCC@E-E-ILA
07-02 17:39:19.812  1604 32641 I Telecom : Event: RecordEntry TC@8: BLOCK_CHECK_INITIATED, null: (...->CS.crCo->H.CS.crCo->H.CS.crCo.pICR)->CSW.hCCC->ABCF.dIB@E-E-ILA
07-02 17:39:19.820  1836  1836 I Telephony: TelephonyConnectionService: notifyCreateConnectionComplete TC@8_1: (...->CSW.hCCC)->CS.crCoC->H.CS.crCoC@E-E-E-ILA
07-02 17:39:19.840 26911 32652 I net.osmand:native: Start point was found 25957571909 [Native]
07-02 17:39:19.905 26911 26911 I net.osmand: RoutingHelper Recalculate route, because correlation  : 642907.4709756497
07-02 17:39:19.905 26911 26911 I net.osmand: RoutingHelper Recalculate route, because wrong movement direction: 642907.5
07-02 17:39:19.906 26911 32652 I net.osmand:native: End point was found 26421734085 [Native]
07-02 17:39:19.953  1604  1604 I Telecom : CallerInfoLookupHelper: CI query for handle tel:**** has completed; notifying all listeners.: TSI.aNIC->CILH.sL->CILH.oQC@IK8
07-02 17:39:19.953  1604  1604 I Telecom : Call: CallerInfo received for tel:****: com.android.internal.telephony.CallerInfo@247a31f { name null, phoneNumber non-null }: TSI.aNIC->CILH.sL->CILH.oQC@IK8
07-02 17:39:19.954  1604  1604 I Telecom : Event: RecordEntry TC@8: DIRECT_TO_VM_FINISHED, [Allow, logged, notified]: TSI.aNIC->CILH.sL->CILH.oQC@IK8
07-02 17:39:19.954  1604  1604 I Telecom : CallerInfoLookupHelper: There is no photo for this contact, skipping photo query: TSI.aNIC->CILH.sL->CILH.oQC@IK8
07-02 17:39:19.991 26911 26911 I net.osmand: RoutingHelper Recalculate route, because correlation  : 642907.4709756497
07-02 17:39:20.091  1604  1604 I Telecom : Event: RecordEntry TC@8: BLOCK_CHECK_FINISHED, [Allow, logged, notified]: (...->CS.crCo->H.CS.crCo->H.CS.crCo.pICR)->CSW.hCCC->ABCF.oPE@E-E-ILA
07-02 17:39:20.092  1604  1604 I Telecom : Event: RecordEntry TC@8: FILTERING_COMPLETED, [Allow, logged, notified]: (...->CS.crCo->H.CS.crCo->H.CS.crCo.pICR)->CSW.hCCC->ABCF.oPE->ICF.oCFC@E-E-ILA
07-02 17:39:20.095  1604  1604 I Telecom : CallsManager: setCallState NEW -> RINGING, call: [TC@8, NEW, com.android.phone/com.android.services.telephony.TelephonyConnectionService, tel:****, A, childs(0), has_parent(false), [Capabilities: CAPABILITY_SUPPORT_HOLD CAPABILITY_MUTE CAPABILITY_CANNOT_DOWNGRADE_VIDEO_TO_AUDIO CAPABILITY_SPEED_UP_MT_AUDIO], [Properties:]]: (...->CS.crCo->H.CS.crCo->H.CS.crCo.pICR)->CSW.hCCC->ABCF.oPE->ICF.oCFC@E-E-ILA
07-02 17:39:20.115  1604  1604 I Telecom : Event: RecordEntry TC@8: SET_RINGING, successful incoming call: (...->CS.crCo->H.CS.crCo->H.CS.crCo.pICR)->CSW.hCCC->ABCF.oPE->ICF.oCFC@E-E-ILA
07-02 17:39:20.122  1604  1604 I Telecom : InCallController: onCallAdded: [TC@8, RINGING, com.android.phone/com.android.services.telephony.TelephonyConnectionService, tel:****, A, childs(0), has_parent(false), [Capabilities: CAPABILITY_SUPPORT_HOLD CAPABILITY_MUTE CAPABILITY_CANNOT_DOWNGRADE_VIDEO_TO_AUDIO CAPABILITY_SPEED_UP_MT_AUDIO], [Properties:]]; not bound or connected.: (...->CS.crCo->H.CS.crCo->H.CS.crCo.pICR)->CSW.hCCC->ABCF.oPE->ICF.oCFC@E-E-ILA
07-02 17:39:20.124  1604  1604 I Telecom : InCallController: defaultDialer: null: (...->CS.crCo->H.CS.crCo->H.CS.crCo.pICR)->CSW.hCCC->ABCF.oPE->ICF.oCFC@E-E-ILA
07-02 17:39:20.133  1604  1604 I Telecom : InCallController: defaultDialer: null: (...->CS.crCo->H.CS.crCo->H.CS.crCo.pICR)->CSW.hCCC->ABCF.oPE->ICF.oCFC@E-E-ILA
07-02 17:39:20.135  1604  1604 I Telecom : CarSwappingInCallServiceConnection: carmodechange: false => false: (...->CS.crCo->H.CS.crCo->H.CS.crCo.pICR)->CSW.hCCC->ABCF.oPE->ICF.oCFC@E-E-ILA
07-02 17:39:20.142  1604  1604 I Telecom : EmergencyCallHelper: ShouldGrantTemporaryLocationPermission, not emergency: (...->CS.crCo->H.CS.crCo->H.CS.crCo.pICR)->CSW.hCCC->ABCF.oPE->ICF.oCFC@E-E-ILA
07-02 17:39:20.143  1604  1604 I Telecom : EmergencyInCallServiceConnection: Attempting to bind to InCall [ComponentInfo{com.google.android.dialer/com.android.incallui.InCallServiceImpl} supportsExternal? true supportsSelfMg?false], with Intent { act=android.telecom.InCallService cmp=com.google.android.dialer/com.android.incallui.InCallServiceImpl }: (...->CS.crCo->H.CS.crCo->H.CS.crCo.pICR)->CSW.hCCC->ABCF.oPE->ICF.oCFC@E-E-ILA
07-02 17:39:20.153  1604 32662 W ContextImpl: Failed to ensure /data/user_de/0/com.android.phone/shared_prefs: mkdir failed: EACCES (Permission denied)
07-02 17:39:20.173 27365 27365 I Dialer  : AudioModeProvider.getApproximatedAudioRoute - Routing to earpiece
07-02 17:39:20.179  1604  1604 I Telecom : IncomingCallNotifier: updateIncomingCall: foundIncomingcall = null: (...->CS.crCo->H.CS.crCo->H.CS.crCo.pICR)->CSW.hCCC->ABCF.oPE->ICF.oCFC@E-E-ILA
07-02 17:39:20.180  1604  1604 I Telecom : TelecomWakeLock: Acquiring WakeLock with id: 26: (...->CS.crCo->H.CS.crCo->H.CS.crCo.pICR)->CSW.hCCC->ABCF.oPE->ICF.oCFC@E-E-ILA
07-02 17:39:20.180  1604  1604 I Telecom : InCallWakeLockController: Acquiring full wake lock: (...->CS.crCo->H.CS.crCo->H.CS.crCo.pICR)->CSW.hCCC->ABCF.oPE->ICF.oCFC@E-E-ILA
07-02 17:39:20.181  1604  1604 I Telecom : PhoneStateBroadcaster: Broadcasted state change: 1: (...->CS.crCo->H.CS.crCo->H.CS.crCo.pICR)->CSW.hCCC->ABCF.oPE->ICF.oCFC@E-E-ILA
07-02 17:39:20.181  1604  1618 W BroadcastQueue: Permission Denial: receiving Intent { act=android.intent.action.PHONE_STATE flg=0x1000010 (has extras) } to ProcessRecord{cfb3dbb 4574:com.mapfactor.navigator:Notifications/u0a88} (pid=4574, uid=10088) requires android.permission.READ_PRIVILEGED_PHONE_STATE due to sender android (uid 1000)
07-02 17:39:20.181  1604  1618 W BroadcastQueue: Permission Denial: receiving Intent { act=android.intent.action.PHONE_STATE flg=0x1000010 (has extras) } to ProcessRecord{b1e94bf 1707:com.android.systemui/u0a29} (pid=1707, uid=10029) requires android.permission.READ_PHONE_STATE due to sender android (uid 1000)
07-02 17:39:20.183  1604  1894 I Telecom : CallAudioRouteStateMachine: Message received: UPDATE_SYSTEM_AUDIO_ROUTE=1201, arg1=0: (...->CS.crCo->H.CS.crCo->H.CS.crCo.pICR)->CSW.hCCC->ABCF.oPE->ICF.oCFC->CARSM.pM_UPDATE_SYSTEM_AUDIO_ROUTE@E-E-ILA
07-02 17:39:20.183  1604  1894 I Telecom : CallAudioRouteStateMachine: setSystemAudioState: changing from [AudioState isMuted: false, route: EARPIECE, supportedRouteMask: EARPIECE, SPEAKER] to [AudioState isMuted: false, route: EARPIECE, supportedRouteMask: EARPIECE, SPEAKER]: (...->CS.crCo->H.CS.crCo->H.CS.crCo.pICR)->CSW.hCCC->ABCF.oPE->ICF.oCFC->CARSM.pM_UPDATE_SYSTEM_AUDIO_ROUTE@E-E-ILA
07-02 17:39:20.186  1604  1901 I Telecom : CallAudioModeStateMachine: Message received: NEW_RINGING_CALL.: (...->CS.crCo->H.CS.crCo->H.CS.crCo.pICR)->CSW.hCCC->ABCF.oPE->ICF.oCFC->CAMSM.pM_2002@E-E-ILA
07-02 17:39:20.186  1604  1901 I Telecom : CallAudioModeStateMachine: Audio focus entering RINGING state: (...->CS.crCo->H.CS.crCo->H.CS.crCo.pICR)->CSW.hCCC->ABCF.oPE->ICF.oCFC->CAMSM.pM_2002@E-E-ILA
07-02 17:39:20.186 27365 27365 I Dialer  : ProximitySensor.updateProximitySensorMode - screenOnImmediately: false, dialPadVisible: false, offHook: false, horizontal: false, uiShowing: false, audioRoute: EARPIECE
07-02 17:39:20.188  1604  5299 I AudioTrack: AUDIO_OUTPUT_FLAG_FAST successful; frameCount 1440 -> 1440
07-02 17:39:20.188  1604  5299 D AudioTrack: Client defaulted notificationFrames to 720 for frameCount 1440
07-02 17:39:20.190 27365 27365 I Dialer  : ProximitySensor.turnOffProximitySensor - wake lock already released
07-02 17:39:20.191  1604  1604 D MediaSessionService: Global priority session is updated, active=true
07-02 17:39:20.191  1604  1604 D GpsNetInitiatedHandler: onCallStateChanged(): state is 1
07-02 17:39:20.197 27365 27365 I Dialer  : EnrichedCallManagerImpl.registerStateChangedListener - listener: bmz@bf133a5
07-02 17:39:20.198 27365 27365 I Dialer  : InCallPresenter.onCallListChange - Phone switching state: NO_CALLS -> NO_CALLS
07-02 17:39:20.199 27365 27365 I Dialer  : VideoPauseController.setUp - enter
07-02 17:39:20.223  1604  1901 I ActivityManager: Start proc 32665:android.process.media/u0a9 for content provider com.android.providers.media/.MediaProvider
07-02 17:39:20.224  1604  1604 I Telecom : InCallController: onConnected to ComponentInfo{com.google.android.dialer/com.android.incallui.InCallServiceImpl}: ICSBC.oSC@ILI
07-02 17:39:20.225  1604  1604 I Telecom : InCallController: Adding 1 calls to InCallService after onConnected: ComponentInfo{com.google.android.dialer/com.android.incallui.InCallServiceImpl}, including external calls: ICSBC.oSC@ILI
07-02 17:39:20.234  1604  1604 I Telecom : InCallController: 1 calls sent to InCallService.: ICSBC.oSC@ILI
07-02 17:39:20.242 32665 32665 W zygote  : Unexpected CPU variant for X86 using defaults: x86
07-02 17:39:20.276 27365 27365 I Dialer  : InCallPresenter.shouldAttemptBlocking - not attempting to block incoming call because framework blocking is in use
07-02 17:39:20.277 27365 27365 I Dialer  : EnrichedCallModule.isEnabledFromBuildType - true
07-02 17:39:20.281 27365 27365 I Dialer  : EnrichedCallManagerImpl.registerCapabilitiesListener - listener: bca@e6f4d46
07-02 17:39:20.282 27365 27365 I Dialer  : VideoShareManager.registerListener - enter
07-02 17:39:20.298 27365 27365 I Dialer  : EnrichedCallManagerImpl.registerCapabilitiesListener - listener: [DialerCall_1, INCOMING, [Capabilities: CAPABILITY_SUPPORT_HOLD CAPABILITY_RESPOND_VIA_TEXT CAPABILITY_MUTE CAPABILITY_CANNOT_DOWNGRADE_VIDEO_TO_AUDIO], [Properties:], children:[], parent:null, conferenceable:[], videoState:Audio Only, mSessionModificationState:0, CameraDir:-1]
07-02 17:39:20.298 27365 27365 I Dialer  : EnrichedCallManagerImpl.registerStateChangedListener - listener: [DialerCall_1, INCOMING, [Capabilities: CAPABILITY_SUPPORT_HOLD CAPABILITY_RESPOND_VIA_TEXT CAPABILITY_MUTE CAPABILITY_CANNOT_DOWNGRADE_VIDEO_TO_AUDIO], [Properties:], children:[], parent:null, conferenceable:[], videoState:Audio Only, mSessionModificationState:0, CameraDir:-1]
07-02 17:39:20.324 32665 32665 I zygote  : The ClassLoaderContext is a special shared library.
07-02 17:39:20.409 32665 32665 I zygote  : The ClassLoaderContext is a special shared library.
07-02 17:39:20.436 26911 26911 I net.osmand: RoutingHelper Recalculate route, because correlation  : 642907.4709756497
07-02 17:39:20.436 26911 26911 I net.osmand: RoutingHelper Recalculate route, because wrong movement direction: 642907.5
07-02 17:39:20.480 27365 27365 I Dialer  : CallList.onIncoming - [DialerCall_1, INCOMING, [Capabilities: CAPABILITY_SUPPORT_HOLD CAPABILITY_RESPOND_VIA_TEXT CAPABILITY_MUTE CAPABILITY_CANNOT_DOWNGRADE_VIDEO_TO_AUDIO], [Properties:], children:[], parent:null, conferenceable:[], videoState:Audio Only, mSessionModificationState:0, CameraDir:-1]
07-02 17:39:20.541 27365 27365 I Dialer  : InCallPresenter.startOrFinishUi - Start Full Screen in call UI
07-02 17:39:20.583 26911 26911 I net.osmand: RoutingHelper Recalculate route, because correlation  : 642907.4709756497
07-02 17:39:20.606 27365 27365 I Dialer  : PhoneNumberHelper.getCurrentCountryIso - No CountryDetector; falling back to countryIso based on locale: US
07-02 17:39:20.656 27365 27398 I Dialer  : PhoneNumberHelper.getCurrentCountryIso - No CountryDetector; falling back to countryIso based on locale: US
07-02 17:39:20.689 27365 27398 I Dialer  : PhoneNumberHelper.getCurrentCountryIso - No CountryDetector; falling back to countryIso based on locale: US
07-02 17:39:20.725 27365 27365 I Dialer  : StatusBarNotifier.buildAndSendNotification - notificationType=2
07-02 17:39:20.729 27365 27365 I Dialer  : StatusBarNotifier.buildAndSendNotification - Canceling old notification so this one can be noisy
07-02 17:39:20.746 27365 27365 I Dialer  : StatusBarNotifier.buildAndSendNotification - displaying notification for 2
07-02 17:39:20.756 27365 27365 I Dialer  : InCallPresenter.onIncomingCall - Phone switching state: NO_CALLS -> INCOMING
07-02 17:39:20.757 27365 27365 I Dialer  : VideoPauseController.onIncomingCall - oldState: NO_CALLS, newState: INCOMING, call: [DialerCall_1, INCOMING, [Capabilities: CAPABILITY_SUPPORT_HOLD CAPABILITY_RESPOND_VIA_TEXT CAPABILITY_MUTE CAPABILITY_CANNOT_DOWNGRADE_VIDEO_TO_AUDIO], [Properties:], children:[], parent:null, conferenceable:[], videoState:Audio Only, mSessionModificationState:0, CameraDir:-1]
07-02 17:39:20.758 27365 27365 I Dialer  : VideoPauseController.onPrimaryCallChanged - new call: [DialerCall_1, INCOMING, [Capabilities: CAPABILITY_SUPPORT_HOLD CAPABILITY_RESPOND_VIA_TEXT CAPABILITY_MUTE CAPABILITY_CANNOT_DOWNGRADE_VIDEO_TO_AUDIO], [Properties:], children:[], parent:null, conferenceable:[], videoState:Audio Only, mSessionModificationState:0, CameraDir:-1], old call: null, mIsInBackground: false
07-02 17:39:20.758 27365 27365 I Dialer  : InCallPresenter.setBoundAndWaitingForOutgoingCall - setBoundAndWaitingForOutgoingCall: false
07-02 17:39:20.768 27365 27365 I Dialer  : ProximitySensor.updateProximitySensorMode - screenOnImmediately: false, dialPadVisible: false, offHook: false, horizontal: false, uiShowing: false, audioRoute: EARPIECE
07-02 17:39:20.768 27365 27365 I Dialer  : ProximitySensor.turnOffProximitySensor - wake lock already released
07-02 17:39:20.838 27365 27365 I Dialer  : CallList.onUpdateCall - [DialerCall_1, INCOMING, [Capabilities: CAPABILITY_SUPPORT_HOLD CAPABILITY_RESPOND_VIA_TEXT CAPABILITY_MUTE CAPABILITY_CANNOT_DOWNGRADE_VIDEO_TO_AUDIO], [Properties:], children:[], parent:null, conferenceable:[], videoState:Audio Only, mSessionModificationState:0, CameraDir:-1]
07-02 17:39:20.838 27365 27365 I Dialer  : InCallPresenter.onCallListChange - Phone switching state: INCOMING -> INCOMING
07-02 17:39:20.841 27365 27365 I Dialer  : VideoPauseController.onStateChange - hasPrimaryCallChanged: false, videoCanPause: false, isInBackground: false
07-02 17:39:20.895  1604  1901 W Binder  : Outgoing transactions from this process must be FLAG_ONEWAY
07-02 17:39:20.895  1604  1901 W Binder  : java.lang.Throwable
07-02 17:39:20.895  1604  1901 W Binder  : 	at android.os.BinderProxy.transact(Binder.java:752)
07-02 17:39:20.895  1604  1901 W Binder  : 	at android.content.ContentProviderProxy.openTypedAssetFile(ContentProviderNative.java:696)
07-02 17:39:20.895  1604  1901 W Binder  : 	at android.content.ContentResolver.openTypedAssetFileDescriptor(ContentResolver.java:1410)
07-02 17:39:20.895  1604  1901 W Binder  : 	at android.content.ContentResolver.openAssetFileDescriptor(ContentResolver.java:1247)
07-02 17:39:20.895  1604  1901 W Binder  : 	at android.content.ContentResolver.openAssetFileDescriptor(ContentResolver.java:1170)
07-02 17:39:20.895  1604  1901 W Binder  : 	at android.media.MediaPlayer.attemptDataSource(MediaPlayer.java:1103)
07-02 17:39:20.895  1604  1901 W Binder  : 	at android.media.MediaPlayer.setDataSource(MediaPlayer.java:1075)
07-02 17:39:20.895  1604  1901 W Binder  : 	at android.media.MediaPlayer.setDataSource(MediaPlayer.java:1003)
07-02 17:39:20.895  1604  1901 W Binder  : 	at android.media.Ringtone.setUri(Ringtone.java:297)
07-02 17:39:20.895  1604  1901 W Binder  : 	at android.media.RingtoneManager.getRingtone(RingtoneManager.java:740)
07-02 17:39:20.895  1604  1901 W Binder  : 	at android.media.RingtoneManager.getRingtone(RingtoneManager.java:719)
07-02 17:39:20.895  1604  1901 W Binder  : 	at com.android.server.telecom.RingtoneFactory.getRingtone(RingtoneFactory.java:81)
07-02 17:39:20.895  1604  1901 W Binder  : 	at com.android.server.telecom.Ringer.startRinging(Ringer.java:124)
07-02 17:39:20.895  1604  1901 W Binder  : 	at com.android.server.telecom.CallAudioManager.startRinging(CallAudioManager.java:430)
07-02 17:39:20.895  1604  1901 W Binder  : 	at com.android.server.telecom.CallAudioModeStateMachine$RingingFocusState.enter(CallAudioModeStateMachine.java:208)
07-02 17:39:20.895  1604  1901 W Binder  : 	at com.android.internal.util.StateMachine$SmHandler.invokeEnterMethods(StateMachine.java:1037)
07-02 17:39:20.895  1604  1901 W Binder  : 	at com.android.internal.util.StateMachine$SmHandler.performTransitions(StateMachine.java:879)
07-02 17:39:20.895  1604  1901 W Binder  : 	at com.android.internal.util.StateMachine$SmHandler.handleMessage(StateMachine.java:819)
07-02 17:39:20.895  1604  1901 W Binder  : 	at android.os.Handler.dispatchMessage(Handler.java:106)
07-02 17:39:20.895  1604  1901 W Binder  : 	at android.os.Looper.loop(Looper.java:164)
07-02 17:39:20.895  1604  1901 W Binder  : 	at android.os.HandlerThread.run(HandlerThread.java:65)
07-02 17:39:20.977  1485  1556 D NuPlayerDriver: NuPlayerDriver(0xae514380) created, clientPid(1604)
07-02 17:39:21.013 26911 26921 I zygote  : Background concurrent copying GC freed 207537(7MB) AllocSpace objects, 5(164KB) LOS objects, 15% free, 33MB/39MB, paused 3.160ms total 1.323s
07-02 17:39:21.057  1485 32686 D GenericSource: FileSource remote
07-02 17:39:21.119  1485 32685 D NuPlayerDriver: notifyListener_l(0xae514380), (1, 0, 0, -1), loop setting(0, 0)
07-02 17:39:21.132  1604  1901 D Ringtone: Successfully created local player
07-02 17:39:21.132  1604  1901 W Ringtone: Use of stream types is deprecated for operations other than volume control
07-02 17:39:21.132  1604  1901 W Ringtone: See the documentation of setStreamType() for what to use instead with android.media.AudioAttributes to qualify your playback use case
07-02 17:39:21.135  1485  1556 D NuPlayerDriver: reset(0xae514380) at state 4
07-02 17:39:21.135  1485  1556 D NuPlayerDriver: notifyListener_l(0xae514380), (8, 0, 0, -1), loop setting(1, 0)
07-02 17:39:21.136  1485 32685 D NuPlayerDriver: notifyResetComplete(0xae514380)
07-02 17:39:21.137  1485  1556 D NuPlayerDriver: reset(0xae514380) at state 0
07-02 17:39:21.138  1604  1901 V MediaPlayer: resetDrmState:  mDrmInfo=null mDrmProvisioningThread=null mPrepareDrmInProgress=false mActiveDrmScheme=false
07-02 17:39:21.138  1604  1901 V MediaPlayer: cleanDrmObj: mDrmObj=null mDrmSessionId=null
07-02 17:39:21.138  1604  1901 V MediaPlayer: resetDrmState:  mDrmInfo=null mDrmProvisioningThread=null mPrepareDrmInProgress=false mActiveDrmScheme=false
07-02 17:39:21.138  1604  1901 V MediaPlayer: cleanDrmObj: mDrmObj=null mDrmSessionId=null
07-02 17:39:21.154  1484  5343 D MediaAnalyticsService: MediaAnalyticsService::newSummarizerSet
07-02 17:39:21.174 26911 26911 I net.osmand: RoutingHelper Recalculate route, because correlation  : 642907.4709756497
07-02 17:39:21.181  1485  1556 D NuPlayerDriver: NuPlayerDriver(0xafe25230) created, clientPid(1604)
07-02 17:39:21.194  1485 32689 D GenericSource: FileSource remote
07-02 17:39:21.204  1485 32688 D NuPlayerDriver: notifyListener_l(0xafe25230), (1, 0, 0, -1), loop setting(0, 0)
07-02 17:39:21.209  1604  1901 D Ringtone: Successfully created local player
07-02 17:39:21.210  1604  1901 I Telecom : Event: RecordEntry TC@8: START_RINGER, null: (...->CS.crCo->H.CS.crCo->H.CS.crCo.pICR)->CSW.hCCC->ABCF.oPE->ICF.oCFC->CAMSM.pM_2002@E-E-ILA
07-02 17:39:21.212  1604 32691 I Telecom : AsyncRingtonePlayer: Play ringtone.
07-02 17:39:21.216  1604  1901 I Telecom : Event: RecordEntry TC@8: SKIP_VIBRATION, hasVibrator=false, userRequestsVibrate=false, ringerMode=2, isVibrating=false: (...->CS.crCo->H.CS.crCo->H.CS.crCo.pICR)->CSW.hCCC->ABCF.oPE->ICF.oCFC->CAMSM.pM_2002@E-E-ILA
07-02 17:39:21.217  1604  1901 I MediaFocusControl: requestAudioFocus() from uid/pid 1000/1604 clientId=AudioFocus_For_Phone_Ring_And_Calls callingPack=com.android.server.telecom req=2 flags=0x4 sdk=0
07-02 17:39:21.237  1485  1556 D NuPlayerDriver: NuPlayerDriver(0xae514540) created, clientPid(1604)
07-02 17:39:21.250  1604  1894 I Telecom : CallAudioRouteStateMachine: Message received: SWITCH_FOCUS=4001, arg1=3: (...->CS.crCo->H.CS.crCo->H.CS.crCo.pICR)->CSW.hCCC->ABCF.oPE->ICF.oCFC->CAMSM.pM_2002->CARSM.pM_SWITCH_FOCUS@E-E-ILA
07-02 17:39:21.251  1604  1894 I Telecom : Event: RecordEntry TC@8: AUDIO_ROUTE, Leaving state QuiescentEarpieceRoute: (...->CS.crCo->H.CS.crCo->H.CS.crCo.pICR)->CSW.hCCC->ABCF.oPE->ICF.oCFC->CAMSM.pM_2002->CARSM.pM_SWITCH_FOCUS@E-E-ILA
07-02 17:39:21.256  1604  1894 I Telecom : Event: RecordEntry TC@8: AUDIO_ROUTE, Entering state ActiveEarpieceRoute: (...->CS.crCo->H.CS.crCo->H.CS.crCo.pICR)->CSW.hCCC->ABCF.oPE->ICF.oCFC->CAMSM.pM_2002->CARSM.pM_SWITCH_FOCUS@E-E-ILA
07-02 17:39:21.256  1604  1894 I Telecom : Event: RecordEntry TC@8: AUDIO_ROUTE_EARPIECE, null: (...->CS.crCo->H.CS.crCo->H.CS.crCo.pICR)->CSW.hCCC->ABCF.oPE->ICF.oCFC->CAMSM.pM_2002->CARSM.pM_SWITCH_FOCUS@E-E-ILA
07-02 17:39:21.257  1604  1894 I Telecom : CallAudioRouteStateMachine: turning speaker phone false: (...->CS.crCo->H.CS.crCo->H.CS.crCo.pICR)->CSW.hCCC->ABCF.oPE->ICF.oCFC->CAMSM.pM_2002->CARSM.pM_SWITCH_FOCUS@E-E-ILA
07-02 17:39:21.257  1604  1894 I Telecom : CallAudioRouteStateMachine: setSystemAudioState: changing from [AudioState isMuted: false, route: EARPIECE, supportedRouteMask: EARPIECE, SPEAKER] to [AudioState isMuted: false, route: EARPIECE, supportedRouteMask: EARPIECE, SPEAKER]: (...->CS.crCo->H.CS.crCo->H.CS.crCo.pICR)->CSW.hCCC->ABCF.oPE->ICF.oCFC->CAMSM.pM_2002->CARSM.pM_SWITCH_FOCUS@E-E-ILA
07-02 17:39:21.257  1604  1894 I Telecom : InCallController: Calling onAudioStateChanged, audioState: [AudioState isMuted: false, route: EARPIECE, supportedRouteMask: EARPIECE, SPEAKER] -> [AudioState isMuted: false, route: EARPIECE, supportedRouteMask: EARPIECE, SPEAKER]: (...->CS.crCo->H.CS.crCo->H.CS.crCo.pICR)->CSW.hCCC->ABCF.oPE->ICF.oCFC->CAMSM.pM_2002->CARSM.pM_SWITCH_FOCUS@E-E-ILA
07-02 17:39:21.282 26911 26911 I net.osmand: RoutingHelper Recalculate route, because correlation  : 642907.4709756497
07-02 17:39:21.282 26911 26911 I net.osmand: RoutingHelper Recalculate route, because wrong movement direction: 642907.5
07-02 17:39:21.281  1485 32694 D GenericSource: FileSource remote
07-02 17:39:21.329  1485 32693 D NuPlayerDriver: notifyListener_l(0xae514540), (1, 0, 0, -1), loop setting(0, 0)
07-02 17:39:21.343  1604 32691 D Ringtone: Successfully created local player
07-02 17:39:21.344  1604 32691 W Ringtone: Use of stream types is deprecated for operations other than volume control
07-02 17:39:21.344  1604 32691 W Ringtone: See the documentation of setStreamType() for what to use instead with android.media.AudioAttributes to qualify your playback use case
07-02 17:39:21.345  1485  7923 D NuPlayerDriver: reset(0xae514540) at state 4
07-02 17:39:21.345  1485  7923 D NuPlayerDriver: notifyListener_l(0xae514540), (8, 0, 0, -1), loop setting(1, 0)
07-02 17:39:21.349  1485 32693 D NuPlayerDriver: notifyResetComplete(0xae514540)
07-02 17:39:21.352  1485  7923 D NuPlayerDriver: reset(0xae514540) at state 0
07-02 17:39:21.352  1604 32691 V MediaPlayer: resetDrmState:  mDrmInfo=null mDrmProvisioningThread=null mPrepareDrmInProgress=false mActiveDrmScheme=false
07-02 17:39:21.352  1604 32691 V MediaPlayer: cleanDrmObj: mDrmObj=null mDrmSessionId=null
07-02 17:39:21.352  1604 32691 V MediaPlayer: resetDrmState:  mDrmInfo=null mDrmProvisioningThread=null mPrepareDrmInProgress=false mActiveDrmScheme=false
07-02 17:39:21.352  1604 32691 V MediaPlayer: cleanDrmObj: mDrmObj=null mDrmSessionId=null
07-02 17:39:21.381  1485  7923 D NuPlayerDriver: NuPlayerDriver(0xae514af0) created, clientPid(1604)
07-02 17:39:21.407  1485 32697 D GenericSource: FileSource remote
07-02 17:39:21.447  1485 32696 D NuPlayerDriver: notifyListener_l(0xae514af0), (1, 0, 0, -1), loop setting(0, 0)
07-02 17:39:21.448 26911 26911 I net.osmand: RoutingHelper Recalculate route, because correlation  : 642907.4709756497
07-02 17:39:21.449 26911 26911 I net.osmand: RoutingHelper Recalculate route, because wrong movement direction: 642907.5
07-02 17:39:21.460 26911 26911 I net.osmand: RoutingHelper Recalculate route, because correlation  : 642907.4709756497
07-02 17:39:21.488  1604 32691 D Ringtone: Successfully created local player
07-02 17:39:21.489 27365 27376 I zygote  : Do partial code cache collection, code=36KB, data=57KB
07-02 17:39:21.490 27365 27376 I zygote  : After code cache collection, code=32KB, data=56KB
07-02 17:39:21.490 27365 27376 I zygote  : Increasing code cache capacity to 256KB
07-02 17:39:21.500  1485  7923 D NuPlayerDriver: start(0xae514af0), state is 4, eos is 0
07-02 17:39:21.501  1485 32696 I GenericSource: start
07-02 17:39:21.505  1604 32691 I Telecom : AsyncRingtonePlayer: Repeat ringtone.
07-02 17:39:21.511  1604  1604 V MediaRouter: onRestoreRoute() : route=RouteInfo{ name=Phone, description=null, status=null, category=RouteCategory{ name=System types=ROUTE_TYPE_LIVE_AUDIO ROUTE_TYPE_LIVE_VIDEO  groupable=false }, supportedTypes=ROUTE_TYPE_LIVE_AUDIO ROUTE_TYPE_LIVE_VIDEO , presentationDisplay=null }
07-02 17:39:21.511  1604  1604 V MediaRouter: Selecting route: RouteInfo{ name=Phone, description=null, status=null, category=RouteCategory{ name=System types=ROUTE_TYPE_LIVE_AUDIO ROUTE_TYPE_LIVE_VIDEO  groupable=false }, supportedTypes=ROUTE_TYPE_LIVE_AUDIO ROUTE_TYPE_LIVE_VIDEO , presentationDisplay=null }
07-02 17:39:21.545  1485 32701 I OMXClient: Treble IOmx obtained
07-02 17:39:21.577  1489  1774 I OMXMaster: makeComponentInstance(OMX.google.vorbis.decoder) in omx@1.0-service process
07-02 17:39:21.658  1707  1707 D StatusBar: disable<e i a s b h r c s q >
07-02 17:39:21.695  1489  1774 E OMXNodeInstance: setConfig(0xaf214000:google.vorbis.decoder, ConfigPriority(0x6f800002)) ERROR: Undefined(0x80001001)
07-02 17:39:21.695  1485 32701 I ACodec  : codec does not support config priority (err -2147483648)
07-02 17:39:21.700  1489  1774 E OMXNodeInstance: getConfig(0xaf214000:google.vorbis.decoder, ConfigAndroidVendorExtension(0x6f100004)) ERROR: Undefined(0x80001001)
07-02 17:39:21.702  1485 32701 I MediaCodec: MediaCodec will operate in async mode
07-02 17:39:21.712  1393  1393 W /system/bin/hw/android.hidl.allocator@1.0-service: ashmem_create_region(32768) returning hidl_memory(0xb151b830, 32768)
07-02 17:39:21.762  1393  1393 I chatty  : uid=1000(system) allocator@1.0-s identical 10 lines
07-02 17:39:21.764  1393  1393 W /system/bin/hw/android.hidl.allocator@1.0-service: ashmem_create_region(32768) returning hidl_memory(0xb151b830, 32768)
07-02 17:39:21.776  1485 32699 D AudioTrack: Client defaulted notificationFrames to 7406 for frameCount 22218
07-02 17:39:21.782  1485 32696 D NuPlayerDriver: notifyListener_l(0xae514af0), (6, 0, 0, -1), loop setting(1, 0)
07-02 17:39:21.785  1394  3176 W audio_hw_generic: Not supplying enough data to HAL, expected position 374911371 , only wrote 374911200
07-02 17:39:21.930  1707  1933 D EGL_emulation: eglMakeCurrent: 0x91a91b00: ver 2 0 (tinfo 0x91b96990)
07-02 17:39:21.943  1707  1707 W StaticLayout: maxLineHeight should not be -1.  maxLines:1 lineCount:1
07-02 17:39:21.944  1402  1402 D gralloc_ranchu: gralloc_alloc: Creating ashmem region of size 8298496
07-02 17:39:21.944  1707  1707 W StaticLayout: maxLineHeight should not be -1.  maxLines:1 lineCount:1
07-02 17:39:21.995  1707  1933 D EGL_emulation: eglMakeCurrent: 0x91a91b00: ver 2 0 (tinfo 0x91b96990)
07-02 17:39:22.030  1402  1402 D gralloc_ranchu: gralloc_alloc: Creating ashmem region of size 8298496
07-02 17:39:22.103  1402  1402 D gralloc_ranchu: gralloc_alloc: Creating ashmem region of size 8298496
07-02 17:39:22.299  1604  1617 E memtrack: Couldn't load memtrack module
07-02 17:39:22.299  1604  1617 W android.os.Debug: failed to get memory consumption info: -1
07-02 17:39:22.596  1394  3176 W audio_hw_generic: Hardware backing HAL too slow, could only write 0 of 720 frames
07-02 17:39:22.624  1394  3176 I chatty  : uid=1041(audioserver) writer identical 2 lines
07-02 17:39:22.639  1394  3176 W audio_hw_generic: Hardware backing HAL too slow, could only write 0 of 720 frames
07-02 17:39:22.721 26911 26911 I net.osmand: RoutingHelper Recalculate route, because correlation  : 642907.4709756497
07-02 17:39:22.728 26911 26911 I net.osmand: RoutingHelper Recalculate route, because wrong movement direction: 642907.5
07-02 17:39:22.764 26911 26911 I net.osmand: RoutingHelper Recalculate route, because correlation  : 642907.4709756497
07-02 17:39:22.776 26911 26911 I chatty  : uid=10104(net.osmand) identical 1 line
07-02 17:39:22.779 26911 26911 I net.osmand: RoutingHelper Recalculate route, because correlation  : 642907.4709756497
07-02 17:39:22.779 26911 26911 I net.osmand: RoutingHelper Recalculate route, because wrong movement direction: 642907.5
07-02 17:39:23.421 26911 26911 I net.osmand: RoutingHelper Recalculate route, because correlation  : 642907.4709756497
07-02 17:39:23.455 26911 26911 I net.osmand: RoutingHelper Recalculate route, because correlation  : 642907.4709756497
07-02 17:39:23.455 26911 26911 I net.osmand: RoutingHelper Recalculate route, because wrong movement direction: 642907.5
07-02 17:39:23.720  1394  3176 W audio_hw_generic: Not supplying enough data to HAL, expected position 375004082 , only wrote 375004080
07-02 17:39:23.736  1394  3176 W audio_hw_generic: Not supplying enough data to HAL, expected position 375004839 , only wrote 375004800
07-02 17:39:23.871  1477  1572 D AudioFlinger: mixer(0xac983140) throttle end: throttle time(6)
07-02 17:39:23.883 26911 26911 I net.osmand: RoutingHelper Recalculate route, because correlation  : 642907.4709756497
07-02 17:39:23.884 26911 26911 I net.osmand: RoutingHelper Recalculate route, because wrong movement direction: 642907.5
07-02 17:39:24.034 26911 26911 I net.osmand: RoutingHelper Recalculate route, because correlation  : 642907.4709756497
07-02 17:39:24.371 26911 26911 I chatty  : uid=10104(net.osmand) identical 1 line
07-02 17:39:24.417 26911 26911 I net.osmand: RoutingHelper Recalculate route, because correlation  : 642907.4709756497
07-02 17:39:24.418 26911 26911 I net.osmand: RoutingHelper Recalculate route, because wrong movement direction: 642907.5
07-02 17:39:24.564  1485 32700 I NuPlayerDecoder: [audio] saw output EOS
07-02 17:39:24.565  1485 32699 D AudioTrack: stop() called with 132300 frames delivered
07-02 17:39:25.013  1485 32696 D NuPlayerDriver: notifyListener_l(0xae514af0), (2, 0, 0, -1), loop setting(1, 0)
07-02 17:39:25.026  1485 32700 I NuPlayerDecoder: [OMX.google.vorbis.decoder] resubmitting CSD
07-02 17:39:25.026  1485 32700 I NuPlayerDecoder: [OMX.google.vorbis.decoder] resubmitting CSD
07-02 17:39:25.034  1485 32696 D NuPlayerDriver: notifyListener_l(0xae514af0), (6, 0, 0, -1), loop setting(1, 0)
07-02 17:39:25.069  1485 32699 W AudioTrack: getTimestamp() location moved from kernel to server
07-02 17:39:25.098  1485 32699 W AudioTrack: retrograde timestamp position corrected, -1058 = 0 - 1058
07-02 17:39:25.209  1485 32699 W AudioTrack: getTimestamp() location moved from kernel to server
07-02 17:39:25.395 26911 26911 I net.osmand: RoutingHelper Recalculate route, because correlation  : 642907.4709756497
07-02 17:39:25.395 26911 26911 I net.osmand: RoutingHelper Recalculate route, because wrong movement direction: 642907.5
07-02 17:39:25.406 26911 26911 I net.osmand: RoutingHelper Recalculate route, because correlation  : 642907.4709756497
07-02 17:39:25.412 26911 26911 I chatty  : uid=10104(net.osmand) identical 1 line
07-02 17:39:25.417 26911 26911 I net.osmand: RoutingHelper Recalculate route, because correlation  : 642907.4709756497
07-02 17:39:25.418 26911 26911 I net.osmand: RoutingHelper Recalculate route, because wrong movement direction: 642907.5
07-02 17:39:26.369 26911 26911 I net.osmand: RoutingHelper Recalculate route, because correlation  : 642907.4709756497
07-02 17:39:26.373 26911 26911 I net.osmand: RoutingHelper Recalculate route, because wrong movement direction: 642907.5
07-02 17:39:26.462 20345 20362 I Finsky  : [779] imb.run(3): Stats for Executor: BlockingExecutor ink@ee2e429[Running, pool size = 0, active threads = 0, queued tasks = 0, completed tasks = 13]
07-02 17:39:26.462 20345 20362 I Finsky  : [779] imb.run(3): Stats for Executor: LightweightExecutor ink@8d5d3ae[Running, pool size = 2, active threads = 0, queued tasks = 0, completed tasks = 65]
07-02 17:39:26.626  1477  1572 D AudioFlinger: mixer(0xac983140) throttle end: throttle time(6)
07-02 17:39:26.684 26911 26911 I net.osmand: RoutingHelper Recalculate route, because correlation  : 642907.4709756497
07-02 17:39:26.714 26911 26911 I net.osmand: RoutingHelper Recalculate route, because correlation  : 642907.4709756497
07-02 17:39:26.714 26911 26911 I net.osmand: RoutingHelper Recalculate route, because wrong movement direction: 642907.5
07-02 17:39:26.867 26911 26911 I net.osmand: RoutingHelper Recalculate route, because correlation  : 642907.4709756497
07-02 17:39:27.346 26911 26911 I net.osmand: RoutingHelper Recalculate route, because correlation  : 642907.4709756497
07-02 17:39:27.346 26911 26911 I net.osmand: RoutingHelper Recalculate route, because wrong movement direction: 642907.5
07-02 17:39:27.436 26911 26911 I net.osmand: RoutingHelper Recalculate route, because correlation  : 642907.4709756497
07-02 17:39:27.513 20345 20362 I Finsky  : [779] imb.run(3): Stats for Executor: bgExecutor ink@1e554f[Running, pool size = 4, active threads = 0, queued tasks = 0, completed tasks = 129]
07-02 17:39:27.569  1485 32700 I NuPlayerDecoder: [audio] saw output EOS
07-02 17:39:27.571  1485 32699 D AudioTrack: stop() called with 132300 frames delivered
07-02 17:39:27.904 26911 26911 I net.osmand: RoutingHelper Recalculate route, because correlation  : 642907.4709756497
07-02 17:39:27.904 26911 26911 I net.osmand: RoutingHelper Recalculate route, because wrong movement direction: 642907.5
07-02 17:39:27.968 26911 26911 I net.osmand: RoutingHelper Recalculate route, because correlation  : 642907.4709756497
07-02 17:39:28.107  1485 32696 D NuPlayerDriver: notifyListener_l(0xae514af0), (2, 0, 0, -1), loop setting(1, 0)
07-02 17:39:28.140  1485 32700 I NuPlayerDecoder: [OMX.google.vorbis.decoder] resubmitting CSD
07-02 17:39:28.140  1485 32700 I NuPlayerDecoder: [OMX.google.vorbis.decoder] resubmitting CSD
07-02 17:39:28.162  1485 32696 D NuPlayerDriver: notifyListener_l(0xae514af0), (6, 0, 0, -1), loop setting(1, 0)
07-02 17:39:28.171  1485 32699 W AudioTrack: getTimestamp() location moved from kernel to server
07-02 17:39:28.171  1485 32699 W NuPlayerRenderer: getPendingAudioPlayoutDurationUs: pendingUs -1272 < 0, clamping to zero, potential resume after pause writtenAudioDurationUs: 5804, audioSinkPlayedUs: 7076
07-02 17:39:28.197  1485 32699 W AudioTrack: retrograde timestamp position corrected, -256 = 0 - 256
07-02 17:39:28.426 26911 26911 I net.osmand: RoutingHelper Recalculate route, because correlation  : 642907.4709756497
07-02 17:39:28.430 26911 26911 I net.osmand: RoutingHelper Recalculate route, because correlation  : 642907.4709756497
07-02 17:39:28.430 26911 26911 I net.osmand: RoutingHelper Recalculate route, because wrong movement direction: 642907.5
07-02 17:39:29.016  1394  3176 W audio_hw_generic: Not supplying enough data to HAL, expected position 375258250 , only wrote 375258240
07-02 17:39:29.031  1394  3176 W audio_hw_generic: Not supplying enough data to HAL, expected position 375258967 , only wrote 375258960
07-02 17:39:29.295 26911 26911 I net.osmand: RoutingHelper Recalculate route, because correlation  : 642907.4709756497
07-02 17:39:29.298 26911 26911 I net.osmand: RoutingHelper Recalculate route, because wrong movement direction: 642907.5
07-02 17:39:29.421 26911 26911 I net.osmand: RoutingHelper Recalculate route, because correlation  : 642907.4709756497
07-02 17:39:29.421 26911 26911 I net.osmand: RoutingHelper Recalculate route, because wrong movement direction: 642907.5
07-02 17:39:29.485 26911 26911 I net.osmand: RoutingHelper Recalculate route, because correlation  : 642907.4709756497
07-02 17:39:29.906  1604  5750 I WifiService: acquireWifiLock uid=10014 lockMode=2
07-02 17:39:30.121 26911 32652 W net.osmand:native: [Native] Result visited (visited roads 6640, visited segments 8708 / 7093 , queue sizes 1200 / 2224 ) 
07-02 17:39:30.121 26911 32652 W net.osmand:native: [Native] Result timing (time to load 0, time to calc 10215, loaded tiles 484) 
07-02 17:39:30.123 26911 32652 W net.osmand:native: [Native] Memory occupied (Routing context 18502 Kb, search 273 Kb)
07-02 17:39:30.160 26911 32652 I net.osmand:native: Routing calculated time distance 45865.562500
07-02 17:39:30.279  1394  3176 W audio_hw_generic: Not supplying enough data to HAL, expected position 375318890 , only wrote 375318720
07-02 17:39:30.307  1477  1572 D AudioFlinger: mixer(0xac983140) throttle end: throttle time(12)
07-02 17:39:30.359 26911 26911 I net.osmand: RoutingHelper Recalculate route, because correlation  : 642907.4709756497
07-02 17:39:30.359 26911 26911 I net.osmand: RoutingHelper Recalculate route, because wrong movement direction: 642907.5
07-02 17:39:30.515 26911 26911 I net.osmand: RoutingHelper Recalculate route, because correlation  : 642907.4709756497
07-02 17:39:30.648 26911 26911 I net.osmand: RoutingHelper Recalculate route, because correlation  : 642907.4709756497
07-02 17:39:30.648 26911 26911 I net.osmand: RoutingHelper Recalculate route, because wrong movement direction: 642907.5
07-02 17:39:30.721 26911 26911 I net.osmand: RoutingHelper Recalculate route, because correlation  : 642907.4709756497
07-02 17:39:30.769  1485 32700 I NuPlayerDecoder: [audio] saw output EOS
07-02 17:39:30.770  1485 32699 D AudioTrack: stop() called with 132300 frames delivered
07-02 17:39:31.241  1485 32696 D NuPlayerDriver: notifyListener_l(0xae514af0), (2, 0, 0, -1), loop setting(1, 0)
07-02 17:39:31.254  1485 32700 I NuPlayerDecoder: [OMX.google.vorbis.decoder] resubmitting CSD
07-02 17:39:31.255  1485 32700 I NuPlayerDecoder: [OMX.google.vorbis.decoder] resubmitting CSD
07-02 17:39:31.267  1485 32696 D NuPlayerDriver: notifyListener_l(0xae514af0), (6, 0, 0, -1), loop setting(1, 0)
07-02 17:39:31.351 26911 26911 D net.osmand: DayNightHelper Sunrise/sunset setting to day: true
07-02 17:39:31.432 26911 26911 I net.osmand: RoutingHelper Recalculate route, because correlation  : 642907.4709756497
07-02 17:39:31.432 26911 26911 I net.osmand: RoutingHelper Recalculate route, because wrong movement direction: 642907.5
07-02 17:39:31.439 26911 26911 I net.osmand: RoutingHelper Recalculate route, because correlation  : 642907.4709756497
07-02 17:39:31.802 26911 32652 I net.osmand: RoutePlannerFrontEnd Native routing took 12.106 seconds
07-02 17:39:31.971  1485 32699 W AudioTrack: getTimestamp() location moved from kernel to server
07-02 17:39:32.001 26911 26911 I net.osmand: RoutingHelper Recalculate route, because correlation  : 642907.4709756497
07-02 17:39:32.001 26911 26911 I net.osmand: RoutingHelper Recalculate route, because wrong movement direction: 642907.5
07-02 17:39:32.036 26911 26921 I zygote  : Background concurrent copying GC freed 52904(1784KB) AllocSpace objects, 0(0B) LOS objects, 13% free, 39MB/45MB, paused 921us total 986.034ms
07-02 17:39:32.059 26911 26911 I net.osmand: RoutingHelper Recalculate route, because correlation  : 642907.4709756497
07-02 17:39:32.216 26911 32652 I System.out: ROUTE : 
07-02 17:39:32.216 26911 32652 I net.osmand: RouteResultPreparation <test regions="" description="" best_percent="" vehicle="car" 
07-02 17:39:32.216 26911 32652 I net.osmand:   start_lat="-7.58920" start_lon="-37.54107" target_lat="-5.04331" target_lon="-42.76302"  routing_time="45865.56" loadedTiles="484" visitedSegments="6640" complete_distance="825210.63" complete_time="46604.83" >
07-02 17:39:32.216 26911 32652 I System.out: <test regions="" description="" best_percent="" vehicle="car" 
07-02 17:39:32.217 26911 32652 I System.out:   start_lat="-7.58920" start_lon="-37.54107" target_lat="-5.04331" target_lon="-42.76302"  routing_time="45865.56" loadedTiles="484" visitedSegments="6640" complete_distance="825210.63" complete_time="46604.83" >
07-02 17:39:32.217 26911 32652 I System.out: </test>
07-02 17:39:32.217 26911 32652 I System.out: <test regions="" description="" best_percent="" vehicle="car" 
07-02 17:39:32.217 26911 32652 I System.out:   start_lat="-7.58920" start_lon="-37.54107" target_lat="-5.04331" target_lon="-42.76302"  routing_time="45865.56" loadedTiles="484" visitedSegments="6640" complete_distance="825210.63" complete_time="46604.83" >
07-02 17:39:32.261 26911 32652 I net.osmand: RouteProvider Finding route contained 3141 points for 31927 ms
07-02 17:39:32.268 26911 32652 I net.osmand: TTSCommandPlayerImpl Send message to pebble Rota recalculada 825 quilmetros tempo estimado de  12 horas  57 minutos.  
07-02 17:39:32.268 26911 32652 D net.osmand: AbstractPrologCommandPlayer requestAudioFocus
07-02 17:39:32.268 26911 32652 W AudioManager: Use of stream types is deprecated for operations other than volume control
07-02 17:39:32.268 26911 32652 W AudioManager: See the documentation of requestAudioFocus() for what to use instead with android.media.AudioAttributes to qualify your playback use case
07-02 17:39:32.270  1604  5750 I MediaFocusControl: requestAudioFocus() from uid/pid 10104/26911 clientId=android.media.AudioManager@74c6d34net.osmand.plus.api.AudioFocusHelperImpl@50f6cc3 callingPack=net.osmand req=3 flags=0x0 sdk=26
07-02 17:39:32.271 26911 32652 D net.osmand: TTSCommandPlayerImpl ttsRequests=1
07-02 17:39:32.282  4639 27041 I TTS.GoogleTTSServiceImp: Synthesis request for locale por-BRA and name pt-BR-language
07-02 17:39:32.283  4639 27041 I TTS.GoogleTTSServiceImp: TTS dispatch: pt-br-x-afs-lstm-embedded
07-02 17:39:32.429  4639 27042 D AudioTrack: Client defaulted notificationFrames to 1365 for frameCount 4096
07-02 17:39:32.432  1604  5750 V MediaRouterService: restoreBluetoothA2dp(false)
07-02 17:39:32.909  1604  4218 D WificondControl: Scan result ready event
07-02 17:39:33.052  1604  4218 I WifiService: releaseWifiLock uid=10014
07-02 17:39:33.911  1485 32700 I NuPlayerDecoder: [audio] saw output EOS
07-02 17:39:33.914  1485 32699 D AudioTrack: stop() called with 132300 frames delivered
07-02 17:39:33.969 26911 26921 I zygote  : Background concurrent copying GC freed 253365(6MB) AllocSpace objects, 0(0B) LOS objects, 12% free, 40MB/46MB, paused 6.106ms total 515.914ms
07-02 17:39:34.261  1410  1410 I boot-pipe: done populating /dev/random
07-02 17:39:34.365  1485 32696 D NuPlayerDriver: notifyListener_l(0xae514af0), (2, 0, 0, -1), loop setting(1, 0)
07-02 17:39:34.391  1485 32700 I NuPlayerDecoder: [OMX.google.vorbis.decoder] resubmitting CSD
07-02 17:39:34.392  1485 32700 I NuPlayerDecoder: [OMX.google.vorbis.decoder] resubmitting CSD
07-02 17:39:34.427  1485 32696 D NuPlayerDriver: notifyListener_l(0xae514af0), (6, 0, 0, -1), loop setting(1, 0)
07-02 17:39:34.443  1485 32699 W AudioTrack: getTimestamp() location moved from kernel to server
07-02 17:39:34.443  1485 32699 W NuPlayerRenderer: getPendingAudioPlayoutDurationUs: pendingUs -10236 < 0, clamping to zero, potential resume after pause writtenAudioDurationUs: 11609, audioSinkPlayedUs: 21845
07-02 17:39:34.466  1485 32699 W NuPlayerRenderer: getPendingAudioPlayoutDurationUs: pendingUs -2411 < 0, clamping to zero, potential resume after pause writtenAudioDurationUs: 23219, audioSinkPlayedUs: 25630
07-02 17:39:34.488  1485 32699 W AudioTrack: retrograde timestamp position corrected, -343 = 297 - 640
07-02 17:39:34.602  1477  1572 D AudioFlinger: mixer(0xac983140) throttle end: throttle time(5)
07-02 17:39:34.877  1604  1751 I Telecom : InCallController: Sending updateCall [TC@8, RINGING, com.android.phone/com.android.services.telephony.TelephonyConnectionService, tel:****, A, childs(0), has_parent(false), [Capabilities: CAPABILITY_SUPPORT_HOLD CAPABILITY_MUTE CAPABILITY_CANNOT_DOWNGRADE_VIDEO_TO_AUDIO CAPABILITY_SPEED_UP_MT_AUDIO], [Properties:]]: CSW.sSH@ILs
07-02 17:39:34.911  1604  1751 I Telecom : InCallController: Components updated: [ComponentInfo{com.google.android.dialer/com.android.incallui.InCallServiceImpl}]: CSW.sSH@ILs
07-02 17:39:34.913  1604  5750 I Telecom : InCallController: Sending updateCall [TC@8, RINGING, com.android.phone/com.android.services.telephony.TelephonyConnectionService, tel:****, A, childs(0), has_parent(false), [Capabilities: CAPABILITY_SUPPORT_HOLD CAPABILITY_MUTE CAPABILITY_CANNOT_DOWNGRADE_VIDEO_TO_AUDIO CAPABILITY_SPEED_UP_MT_AUDIO], [Properties:]]: CSW.sCC@ILw
07-02 17:39:34.922  1604  5750 I Telecom : InCallController: Components updated: [ComponentInfo{com.google.android.dialer/com.android.incallui.InCallServiceImpl}]: CSW.sCC@ILw
07-02 17:39:34.925  1604  4218 I Telecom : CallsManager: setCallState RINGING -> ACTIVE, call: [TC@8, RINGING, com.android.phone/com.android.services.telephony.TelephonyConnectionService, tel:****, A, childs(0), has_parent(false), [Capabilities: CAPABILITY_SUPPORT_HOLD CAPABILITY_MUTE CAPABILITY_CANNOT_DOWNGRADE_VIDEO_TO_AUDIO CAPABILITY_SPEED_UP_MT_AUDIO], [Properties:]]: CSW.sA@IL0
07-02 17:39:34.926  1604  4218 I Telecom : Event: RecordEntry TC@8: SET_ACTIVE, active set explicitly: CSW.sA@IL0
07-02 17:39:34.926  1604  4218 I Telecom : InCallController: Sending updateCall [TC@8, ACTIVE, com.android.phone/com.android.services.telephony.TelephonyConnectionService, tel:****, A, childs(0), has_parent(false), [Capabilities: CAPABILITY_SUPPORT_HOLD CAPABILITY_MUTE CAPABILITY_CANNOT_DOWNGRADE_VIDEO_TO_AUDIO CAPABILITY_SPEED_UP_MT_AUDIO], [Properties:]]: CSW.sA@IL0
07-02 17:39:34.951  1604  4218 I Telecom : InCallController: Components updated: [ComponentInfo{com.google.android.dialer/com.android.incallui.InCallServiceImpl}]: CSW.sA@IL0
07-02 17:39:34.952  1604  4218 I Telecom : IncomingCallNotifier: updateIncomingCall: foundIncomingcall = null: CSW.sA@IL0
07-02 17:39:34.954  1604  4218 I Telecom : TelecomWakeLock: Releasing WakeLock with id: 26: CSW.sA@IL0
07-02 17:39:34.955  1604  4218 I Telecom : InCallWakeLockController: Releasing full wake lock: CSW.sA@IL0
07-02 17:39:34.955  1604  1604 D GpsNetInitiatedHandler: onCallStateChanged(): state is 2
07-02 17:39:34.970  1604  1618 W BroadcastQueue: Permission Denial: receiving Intent { act=android.intent.action.PHONE_STATE flg=0x1000010 (has extras) } to ProcessRecord{cfb3dbb 4574:com.mapfactor.navigator:Notifications/u0a88} (pid=4574, uid=10088) requires android.permission.READ_PRIVILEGED_PHONE_STATE due to sender android (uid 1000)
07-02 17:39:34.970  1604  1618 W BroadcastQueue: Permission Denial: receiving Intent { act=android.intent.action.PHONE_STATE flg=0x1000010 (has extras) } to ProcessRecord{b1e94bf 1707:com.android.systemui/u0a29} (pid=1707, uid=10029) requires android.permission.READ_PHONE_STATE due to sender android (uid 1000)
07-02 17:39:34.974  1604  4218 I Telecom : PhoneStateBroadcaster: Broadcasted state change: 2: CSW.sA@IL0
07-02 17:39:34.975  1604  1901 I Telecom : CallAudioModeStateMachine: Message received: NO_MORE_RINGING_CALLS.: CSW.sA->CAMSM.pM_1002@IL0
07-02 17:39:34.976  1604  1901 I Telecom : Event: RecordEntry TC@8: STOP_RINGER, null: CSW.sA->CAMSM.pM_1002@IL0
07-02 17:39:34.976  1604  1901 I Telecom : CallAudioModeStateMachine: Audio focus entering SIM CALL state: CSW.sA->CAMSM.pM_1002@IL0
07-02 17:39:34.976  1604  1901 I MediaFocusControl: requestAudioFocus() from uid/pid 1000/1604 clientId=AudioFocus_For_Phone_Ring_And_Calls callingPack=com.android.server.telecom req=2 flags=0x4 sdk=0
07-02 17:39:34.980  1604 32691 I Telecom : AsyncRingtonePlayer: Stop ringtone.
07-02 17:39:34.983  1485  7923 D NuPlayerDriver: reset(0xae514af0) at state 5
07-02 17:39:35.006  1485  7923 D NuPlayerDriver: notifyListener_l(0xae514af0), (8, 0, 0, -1), loop setting(1, 0)
07-02 17:39:35.034  1485 32696 D NuPlayerDriver: notifyResetComplete(0xae514af0)
07-02 17:39:35.037  1485  1556 D NuPlayerDriver: reset(0xae514af0) at state 0
07-02 17:39:35.038  1604 32691 V MediaPlayer: resetDrmState:  mDrmInfo=null mDrmProvisioningThread=null mPrepareDrmInProgress=false mActiveDrmScheme=false
07-02 17:39:35.038  1604 32691 V MediaPlayer: cleanDrmObj: mDrmObj=null mDrmSessionId=null
07-02 17:39:35.038  1604 32691 V MediaPlayer: resetDrmState:  mDrmInfo=null mDrmProvisioningThread=null mPrepareDrmInProgress=false mActiveDrmScheme=false
07-02 17:39:35.038  1604 32691 V MediaPlayer: cleanDrmObj: mDrmObj=null mDrmSessionId=null
07-02 17:39:35.039  1485  1556 D AudioTrack: stop() called with 0 frames delivered
