--------- beginning of main
06-28 14:23:48.661  1603  1612 I zygote  : Background concurrent copying GC freed 94964(6MB) AllocSpace objects, 3(60KB) LOS objects, 18% free, 26MB/32MB, paused 2.774ms total 448.473ms
06-28 14:23:49.342 29061 29071 I zygote  : Background concurrent copying GC freed 303611(6MB) AllocSpace objects, 0(0B) LOS objects, 19% free, 24MB/30MB, paused 12.134ms total 397.589ms
--------- beginning of system
06-28 14:23:50.136  1603 12888 I ActivityManager: START u0 {act=android.intent.action.MAIN cat=[android.intent.category.HOME] flg=0x10000000 cmp=com.google.android.apps.nexuslauncher/.NexusLauncherActivity} from uid 2000
06-28 14:23:50.188  1401  6331 D gralloc_ranchu: gralloc_alloc: Creating ashmem region of size 8298496
06-28 14:23:50.235  1401  6331 D gralloc_ranchu: gralloc_alloc: Creating ashmem region of size 8298496
06-28 14:23:50.284  1603  2155 I GnssLocationProvider: WakeLock acquired by sendMessage(SET_REQUEST, 0, com.android.server.location.GnssLocationProvider$GpsRequest@e5f3ae6)
06-28 14:23:50.294  1401  1401 D gralloc_ranchu: gralloc_alloc: Creating ashmem region of size 8298496
06-28 14:23:50.296  1603  1616 I GnssLocationProvider: WakeLock released by handleMessage(SET_REQUEST, 0, com.android.server.location.GnssLocationProvider$GpsRequest@e5f3ae6)
06-28 14:23:50.346 29061 29061 D net.osmand: Disable sensor
06-28 14:23:50.357  1412  1412 D SurfaceFlinger: duplicate layer name: changing com.google.android.apps.nexuslauncher/com.google.android.apps.nexuslauncher.NexusLauncherActivity to com.google.android.apps.nexuslauncher/com.google.android.apps.nexuslauncher.NexusLauncherActivity#1
06-28 14:23:50.393  1401  1401 D gralloc_ranchu: gralloc_alloc: Creating ashmem region of size 8298496
06-28 14:23:50.450  1524  1605 D EGL_emulation: eglMakeCurrent: 0xa3c2f0c0: ver 2 0 (tinfo 0xa6589e20)
06-28 14:23:50.453  1401  6331 D gralloc_ranchu: gralloc_alloc: Creating ashmem region of size 8298496
06-28 14:23:50.510  1401  6331 D gralloc_ranchu: gralloc_alloc: Creating ashmem region of size 8298496
06-28 14:23:50.519 29061 29061 I net.osmand: MapRenderRepositories RENDER MAP: Interrupt rendering map
06-28 14:23:50.593 29061 29102 D EGL_emulation: eglMakeCurrent: 0xa6785600: ver 2 0 (tinfo 0xa6783370)
06-28 14:23:50.610  1524  1524 W ThreadPoolDumper: Queue length for executor EventBus is now 11. Perhaps some tasks are too long, or the pool is too small.
06-28 14:23:50.647  2548  2598 D EGL_emulation: eglMakeCurrent: 0xa6785780: ver 2 0 (tinfo 0xa6783370)
06-28 14:23:50.772  1708  1926 D EGL_emulation: eglMakeCurrent: 0x9268e860: ver 2 0 (tinfo 0x92690770)
06-28 14:23:50.780  1401  6331 D gralloc_ranchu: gralloc_alloc: Creating ashmem region of size 8298496
06-28 14:23:50.871  1708  1926 D EGL_emulation: eglMakeCurrent: 0x9268e860: ver 2 0 (tinfo 0x92690770)
06-28 14:23:50.895  1708  1926 D EGL_emulation: eglMakeCurrent: 0x9268e860: ver 2 0 (tinfo 0x92690770)
06-28 14:23:50.949  1412  1412 E EGL_emulation: tid 1412: eglCreateSyncKHR(1962): error 0x3004 (EGL_BAD_ATTRIBUTE)
06-28 14:23:51.035 19546 19546 I GeofencerStateMachine: sendNewLocationAvailability: availability=LocationAvailability[isLocationAvailable: true]
06-28 14:23:51.054  1524  1631 W SessionLifecycleManager: Handover failed. Creating new session controller.
06-28 14:23:51.135  2548  2598 W OpenGLRenderer: Incorrectly called buildLayer on View: ShortcutAndWidgetContainer, destroying layer...
06-28 14:23:51.135  2548  2598 W OpenGLRenderer: Incorrectly called buildLayer on View: ShortcutAndWidgetContainer, destroying layer...
06-28 14:23:51.146  2548  2558 I zygote  : NativeAlloc concurrent copying GC freed 9309(503KB) AllocSpace objects, 2(104KB) LOS objects, 50% free, 4MB/9MB, paused 55.076ms total 518.171ms
06-28 14:23:51.452 29061  4037 E FA      : Task exception on worker thread: java.lang.IllegalAccessError: Method 'void android.support.v4.content.ContextCompat.<init>()' is inaccessible to class 'com.google.firebase.iid.zzg' (declaration of 'com.google.firebase.iid.zzg' appears in /data/app/net.osmand-3e2027wrPNiMXbTSfYMHIA==/base.apk): com.google.android.gms.measurement.internal.zzt.zzEd(Unknown Source:3)
06-28 14:23:51.484  1708  1926 D EGL_emulation: eglMakeCurrent: 0x9268e860: ver 2 0 (tinfo 0x92690770)
06-28 14:23:51.507  1409  1409 I boot-pipe: done populating /dev/random
06-28 14:23:51.624  1524  1631 I zygote  : Deoptimizing java.lang.Object com.google.common.collect.mn.a(java.lang.Object, java.lang.Object[], int, int, java.lang.Object) due to JIT inline cache
06-28 14:23:51.682  1524  1543 I zygote  : Background concurrent copying GC freed 32024(1692KB) AllocSpace objects, 17(720KB) LOS objects, 43% free, 7MB/13MB, paused 1.914ms total 489.963ms
06-28 14:23:51.733  1603  2974 I WifiService: getWifiEnabledState uid=10032
06-28 14:23:51.784  1603  2974 I WifiService: getWifiEnabledState uid=10032
06-28 14:23:51.803  1524  1646 W LocationOracle: No location history returned by ContextManager
06-28 14:23:51.900 19546 19546 I GeofencerStateMachine: sendNewTransitions called.
06-28 14:23:51.920  1708  1728 I zygote  : NativeAlloc concurrent copying GC freed 63876(2MB) AllocSpace objects, 0(0B) LOS objects, 39% free, 9MB/15MB, paused 4.409ms total 845.023ms
06-28 14:23:51.984  1524  1631 I MicroDetectionWorker: #startMicroDetector [speakerMode: 0]
06-28 14:23:51.999  1524  1631 W ErrorReporter: reportError [type: 211, code: 393244, bug: 0]: errorCode: 393244, engine: 0
06-28 14:23:52.006  1524  1631 I MicroDetector: Keeping mic open: false
06-28 14:23:52.006  1524  1631 I MicroDetectionWorker: #onError(false)
06-28 14:23:52.034 19546 19546 I GeofencerStateMachine: removeGeofences: removeRequest=RemoveGeofencingRequest[REMOVE_BY_PENDING_INTENT pendingIntent=PendingIntent[creatorPackage=com.google.android.gms], packageName=com.google.android.gms]
06-28 14:23:52.062 19546 19546 I chatty  : uid=10014 com.google.android.gms.persistent identical 1 line
06-28 14:23:52.074 19546 19546 I GeofencerStateMachine: removeGeofences: removeRequest=RemoveGeofencingRequest[REMOVE_BY_PENDING_INTENT pendingIntent=PendingIntent[creatorPackage=com.google.android.gms], packageName=com.google.android.gms]
06-28 14:23:52.182 19546  4048 W ctxmgr  : [AclManager] No 3 for (accnt=account#1066226748#, com.google.android.gms(10014):UserVelocityProducer, vrsn=17785022, 0, 3pPkg = null ,  3pMdlId = null ,  pid = 19546). Was: 2 for 1, account#1066226748# [CONTEXT service_id=47 ]
06-28 14:23:52.388  1603  1612 I zygote  : NativeAlloc concurrent copying GC freed 19117(1416KB) AllocSpace objects, 3(60KB) LOS objects, 18% free, 25MB/31MB, paused 7.540ms total 856.165ms
06-28 14:23:52.399 19546 19546 I GeofencerStateMachine: removeGeofences: removeRequest=RemoveGeofencingRequest[REMOVE_BY_PENDING_INTENT pendingIntent=PendingIntent[creatorPackage=com.google.android.gms], packageName=com.google.android.gms]
06-28 14:23:52.425 19546 19546 I GeofencerStateMachine: removeGeofences: removeRequest=RemoveGeofencingRequest[REMOVE_BY_PENDING_INTENT pendingIntent=PendingIntent[creatorPackage=com.google.android.gms], packageName=com.google.android.gms]
06-28 14:23:52.458 19546  4050 I PlaceInferenceEngine: [anon] Changed inference mode: 0
06-28 14:23:52.484  1603  2974 I zygote  : IncrementDisableThreadFlip blocked for 6.848ms
06-28 14:23:52.520 19546  4050 I PlaceInferenceEngine: [account#1066226748] Changed inference mode: 0
06-28 14:23:52.646 19546  4048 I ctxmgr  : [ProducerStatusImpl] updateStateForNewContextData: inactive, contextName=7 [CONTEXT service_id=47 ]
06-28 14:23:52.944 19546  4050 I Places  : Converted 1 out of 1 WiFi scans
06-28 14:23:52.944  1603  2080 I WifiService: getConnectionInfo uid=10014
06-28 14:23:52.984 19546  4050 I Places  : ?: PlacesBleScanner start() with priority 2
06-28 14:23:53.003 19546  4050 I PlaceInferenceEngine: [anon] Changed inference mode: 1
06-28 14:23:53.003 19546  4050 I PlaceInferenceEngine: [account#1066226748] Changed inference mode: 1
06-28 14:23:53.016 19546 19546 E BeaconBle: Missing BluetoothAdapter
06-28 14:23:53.016 19546 19546 I BeaconBle: BLE 'KK+' software access layer enabled
06-28 14:23:53.024 19546  4050 I Places  : Converted 1 out of 1 WiFi scans
06-28 14:23:53.024  1603  2080 I WifiService: getConnectionInfo uid=10014
06-28 14:23:53.046 19546  4050 I PlaceInferenceEngine: [account#1066226748] Changed inference mode: 1
06-28 14:23:53.046 19546  4050 I PlaceInferenceEngine: [anon] Changed inference mode: 1
06-28 14:23:53.101 19546 19546 I BeaconBle: Client requested scan, settings=BleSettings [scanMode=ZERO_POWER, callbackType=ALL_MATCHES, reportDelayMillis=0, 1 filters, 0 clients, callingClientName=Places]
06-28 14:23:53.101 19546 19546 I BeaconBle: Scan : No clients left, canceling alarm.
06-28 14:23:53.107 19546 19546 E BeaconBle: Scan couldn't start for Places
06-28 14:23:53.108 19546 19546 W Places  : BLE failure while scanning - code 5
06-28 14:23:53.176  1603  1612 I zygote  : NativeAlloc concurrent copying GC freed 3771(297KB) AllocSpace objects, 0(0B) LOS objects, 18% free, 25MB/31MB, paused 7.214ms total 712.123ms
06-28 14:23:53.353 19546 19556 I zygote  : Background concurrent copying GC freed 61719(2MB) AllocSpace objects, 28(1748KB) LOS objects, 34% free, 11MB/17MB, paused 1.137ms total 282.277ms
06-28 14:23:53.439 19546  3887 I PlaceInferenceEngine: No beacon scan available - ignoring candidates.
06-28 14:23:53.467 19546  3887 I PlaceInferenceEngine: No beacon scan available - ignoring candidates.
06-28 14:23:53.513  1603  1616 E memtrack: Couldn't load memtrack module
06-28 14:23:53.513  1603  1616 W android.os.Debug: failed to get memory consumption info: -1
06-28 14:23:53.854  1603  2974 I ActivityManager: Force stopping com.skgames.trafficrider appid=10081 user=0: from pid 4062
06-28 14:23:53.930  1844  1844 D CarrierSvcBindHelper: No carrier app for: 0
06-28 14:23:54.234  1603  2080 I ActivityManager: Force stopping com.EvilChaotic.ModernWarplanes appid=10082 user=0: from pid 4066
06-28 14:23:54.531  1603 12888 I ActivityManager: Force stopping com.ea.games.r3_row appid=10083 user=0: from pid 4071
06-28 14:23:54.823  1603 12888 W ActivityManager: Invalid packageName: android.media.action.IMAGE_CAPTURE
06-28 14:23:54.257  1844  1844 I chatty  : uid=1001(radio) com.android.phone identical 1 line
06-28 14:23:54.548  1844  1844 D CarrierSvcBindHelper: No carrier app for: 0
06-28 14:23:56.330  1603  1603 I GnssLocationProvider: WakeLock acquired by sendMessage(SUBSCRIPTION_OR_SIM_CHANGED, 0, null)
06-28 14:23:56.346  1844  1844 D MccTable: updateMccMncConfiguration mccmnc='310260' fromServiceState=true
06-28 14:23:56.348  1844  1844 D MccTable: updateMccMncConfiguration defaultMccMnc=310260
06-28 14:23:56.348  1844  1844 D MccTable: updateMccMncConfiguration: mcc=310, mnc=260
06-28 14:23:56.349  1844  1844 D MccTable: WIFI_COUNTRY_CODE set to us
06-28 14:23:56.371  1603 12888 I WifiService: WifiService trying to set country code to us with persist set to false
06-28 14:23:56.371  1603 12888 I WifiService: setCountryCode uid=1001
06-28 14:23:56.394  1844  1844 D ServiceStateProvider: subId=1
06-28 14:23:56.401  1603  1616 E GnssLocationProvider: no AGPS interface in set_agps_server
06-28 14:23:56.402  1603  1616 I GnssLocationProvider: WakeLock released by handleMessage(SUBSCRIPTION_OR_SIM_CHANGED, 0, null)
06-28 14:23:56.434  1844  1844 I Telephony: PstnIncomingCallNotifier: Unregistering: Handler (com.android.internal.telephony.GsmCdmaPhone) {438750e}
06-28 14:23:56.462  1603  1603 I Telecom : CallLogManager: Country ISO changed. Retrieving new ISO...: CLM.oCD@D64
06-28 14:23:56.519  1603  2080 I Telecom : PhoneAccountRegistrar: Modify account: [ComponentInfo{com.android.phone/com.android.services.telephony.TelephonyConnectionService}, [****], UserHandle{0}(lbl: Android -> )(desc: Android -> )]: TSI.rPA@D68
06-28 14:23:56.524  1844  1844 I Telephony: AccountEntry: Registered phoneAccount: [[ ] PhoneAccount: ComponentInfo{com.android.phone/com.android.services.telephony.TelephonyConnectionService}, [****], UserHandle{0} Capabilities: CallProvider MultiUser PlaceEmerg SimSub  Audio Routes: BESW Schemes: tel voicemail  Extras: Bundle[{android.telecom.extra.SUPPORTS_VIDEO_CALLING_FALLBACK=true}] GroupId: [****]] with handle: ComponentInfo{com.android.phone/com.android.services.telephony.TelephonyConnectionService}, [****], UserHandle{0}
06-28 14:23:56.524  1844  1844 I Telephony: PstnIncomingCallNotifier: Registering: Handler (com.android.internal.telephony.GsmCdmaPhone) {438750e}
06-28 14:23:56.532  1844  1844 I Telephony: PstnPhoneCapabilitiesNotifier: handleVideoCapabilitesChanged. Video capability - false
06-28 14:23:56.556  1603  2080 I Telecom : PhoneAccountRegistrar: Modify account: [ComponentInfo{com.android.phone/com.android.services.telephony.TelephonyConnectionService}, [****], UserHandle{0}]: TSI.rPA@D7I
06-28 14:23:56.660 29061 29061 D net.osmand: RoutingHelper Processed by distance : (new) 187162.84449464493 (old) 187289.046875
06-28 14:23:56.752 29061 29061 I net.osmand: RoutingHelper Recalculate route, because correlation  : 187162.84449464493
06-28 14:23:56.752 29061 29061 I net.osmand: RoutingHelper Recalculate route, because wrong movement direction: 187162.84
06-28 14:23:56.754 29061 29061 D net.osmand: AbstractPrologCommandPlayer abandonAudioFocus
06-28 14:23:56.756 29061 29061 W MaterialProgressBar: Current drawable is not a MaterialProgressDrawable, you may want to set app:mpb_setBothDrawables
06-28 14:23:56.773 29061  4094 I net.osmand: RouteProvider Start finding route from Location[mProvider=gps,mTime=1561746237000,mLatitude=-7.2195149999999995,mLongitude=-35.88448166666667,mHasAltitude=false,mAltitude=0.0,mHasSpeed=true,mSpeed=0.0,mHasBearing=true,mBearing=0.0,mHasAccuracy=true,mAccuracy=20.0 to Lat -7.2184906 Lon -35.88322 using OsmAnd (offline)
06-28 14:23:56.773 29061  4094 W net.osmand: RouteProvider Use 337 MB Free 1.6467896 of 30.112343 max 384.0
06-28 14:23:56.783 29061 29061 I net.osmand: RoutingHelper Recalculate route, because correlation  : 187162.84449464493
06-28 14:23:56.870 29061 29061 I net.osmand: RoutingHelper Recalculate route, because correlation  : 187162.84449464493
06-28 14:23:56.870 29061 29061 I net.osmand: RoutingHelper Recalculate route, because wrong movement direction: 187162.84
06-28 14:23:56.911 29061 29061 I net.osmand: RoutingHelper Recalculate route, because correlation  : 187162.84449464493
06-28 14:23:57.079  1524  1631 I MicroDetectionWorker: #startMicroDetector [speakerMode: 0]
06-28 14:23:57.106 29061  4094 I net.osmand:native: Start point was found 23133298227 [Native]
06-28 14:23:57.118  1524  1631 W ErrorReporter: reportError [type: 211, code: 393244, bug: 0]: errorCode: 393244, engine: 0
06-28 14:23:57.127  1524  1631 I MicroDetector: Keeping mic open: false
06-28 14:23:57.127  1524  1631 I MicroDetectionWorker: #onError(false)
06-28 14:23:57.249 29061 29061 I net.osmand: RoutingHelper Recalculate route, because correlation  : 88.05313436169963
06-28 14:23:57.253 29061 29061 I net.osmand: RoutingHelper Recalculate route, because correlation  : 88.05313436169963
06-28 14:23:57.253 29061 29061 I net.osmand: RoutingHelper Recalculate route, because wrong movement direction: 132.06609
06-28 14:23:57.273 29061  4094 I net.osmand:native: End point was found 14392021889 [Native]
06-28 14:23:57.862 29061 29061 I net.osmand: RoutingHelper Recalculate route, because correlation  : 88.05313436169963
06-28 14:23:57.880 29061 29061 I net.osmand: RoutingHelper Recalculate route, because correlation  : 88.05313436169963
06-28 14:23:57.880 29061 29061 I net.osmand: RoutingHelper Recalculate route, because wrong movement direction: 132.06609
06-28 14:23:57.948 29061 29061 I net.osmand: RoutingHelper Recalculate route, because correlation  : 88.05313436169963
06-28 14:23:57.955 29061 29061 I net.osmand: RoutingHelper Recalculate route, because correlation  : 88.05313436169963
06-28 14:23:57.955 29061 29061 I net.osmand: RoutingHelper Recalculate route, because wrong movement direction: 132.06609
06-28 14:23:58.669  4095  4095 D AndroidRuntime: >>>>>> START com.android.internal.os.RuntimeInit uid 2000 <<<<<<
06-28 14:23:58.685  4095  4095 W app_process: Could not reserve sentinel fault page
06-28 14:23:58.772 29061 29061 I net.osmand: RoutingHelper Recalculate route, because correlation  : 88.05313436169963
06-28 14:23:58.816 29061 29061 I net.osmand: RoutingHelper Recalculate route, because correlation  : 88.05313436169963
06-28 14:23:58.816 29061 29061 I net.osmand: RoutingHelper Recalculate route, because wrong movement direction: 132.06609
06-28 14:23:58.866 29061 29061 I net.osmand: RoutingHelper Recalculate route, because correlation  : 88.05313436169963
06-28 14:23:58.876 29061 29061 I net.osmand: RoutingHelper Recalculate route, because correlation  : 88.05313436169963
06-28 14:23:58.876 29061 29061 I net.osmand: RoutingHelper Recalculate route, because wrong movement direction: 132.06609
06-28 14:23:58.973  4095  4095 W app_process: Unexpected CPU variant for X86 using defaults: x86
06-28 14:23:58.985  4095  4095 I app_process: The ClassLoaderContext is a special shared library.
06-28 14:23:59.083  4095  4095 D AndroidRuntime: Calling main entry com.android.commands.monkey.Monkey
06-28 14:23:59.084  4095  4095 W Monkey  : args: [-p, net.osmand, -c, android.intent.category.LAUNCHER, 1]
06-28 14:23:59.088  4095  4095 W Monkey  :  arg: "-p"
06-28 14:23:59.088  4095  4095 W Monkey  :  arg: "net.osmand"
06-28 14:23:59.089  4095  4095 W Monkey  :  arg: "-c"
06-28 14:23:59.089  4095  4095 W Monkey  :  arg: "android.intent.category.LAUNCHER"
06-28 14:23:59.097  4095  4095 W Monkey  :  arg: "1"
06-28 14:23:59.101  4095  4095 W Monkey  : data="net.osmand"
06-28 14:23:59.102  4095  4095 W Monkey  : data="android.intent.category.LAUNCHER"
06-28 14:23:59.190  1603  1617 W BroadcastQueue: Skipping deliver [background] BroadcastRecord{1516de1 u-1 android.net.conn.CONNECTIVITY_CHANGE} to ReceiverList{c2c8706 4095 (unknown name)/2000/u-1 remote:617b1eb}: process gone or crashing
06-28 14:23:59.308  1603  2080 I ActivityManager: START u0 {act=android.intent.action.MAIN cat=[android.intent.category.LAUNCHER] flg=0x10200000 cmp=net.osmand/.plus.activities.MapActivity} from uid 2000
06-28 14:23:59.308  1603  2080 W Binder  : Outgoing transactions from this process must be FLAG_ONEWAY
06-28 14:23:59.308  1603  2080 W Binder  : java.lang.Throwable
06-28 14:23:59.308  1603  2080 W Binder  : 	at android.os.BinderProxy.transact(Binder.java:752)
06-28 14:23:59.308  1603  2080 W Binder  : 	at android.app.IActivityController$Stub$Proxy.activityStarting(IActivityController.java:172)
06-28 14:23:59.308  1603  2080 W Binder  : 	at com.android.server.am.ActivityStarter.startActivity(ActivityStarter.java:449)
06-28 14:23:59.308  1603  2080 W Binder  : 	at com.android.server.am.ActivityStarter.startActivityLocked(ActivityStarter.java:278)
06-28 14:23:59.308  1603  2080 W Binder  : 	at com.android.server.am.ActivityStarter.startActivityMayWait(ActivityStarter.java:817)
06-28 14:23:59.308  1603  2080 W Binder  : 	at com.android.server.am.ActivityManagerService.startActivityAsUser(ActivityManagerService.java:4532)
06-28 14:23:59.308  1603  2080 W Binder  : 	at com.android.server.am.ActivityManagerService.startActivity(ActivityManagerService.java:4519)
06-28 14:23:59.308  1603  2080 W Binder  : 	at android.app.IActivityManager$Stub.onTransact(IActivityManager.java:121)
06-28 14:23:59.308  1603  2080 W Binder  : 	at com.android.server.am.ActivityManagerService.onTransact(ActivityManagerService.java:2919)
06-28 14:23:59.308  1603  2080 W Binder  : 	at android.os.Binder.execTransact(Binder.java:697)
06-28 14:23:59.356  4095  4095 I Monkey  : Events injected: 1
06-28 14:23:59.484  1603  1618 W Looper  : Dispatch took 104ms on android.ui, h=Handler (com.android.server.am.ActivityManagerService$UiHandler) {5717402} cb=null msg=31
06-28 14:23:59.538  1524  1605 D EGL_emulation: eglMakeCurrent: 0xa3c2f0c0: ver 2 0 (tinfo 0xa6589e20)
06-28 14:23:59.574  2548  2598 D EGL_emulation: eglMakeCurrent: 0xa6785780: ver 2 0 (tinfo 0xa6783370)
06-28 14:23:59.592  1708  1926 D EGL_emulation: eglMakeCurrent: 0x9268e860: ver 2 0 (tinfo 0x92690770)
06-28 14:23:59.674 29061 29061 D InAppPurchaseHelper: Destroying helper.
06-28 14:23:59.704  4095  4095 I Monkey  : ## Network stats: elapsed time=385ms (0ms mobile, 0ms wifi, 385ms not connected)
06-28 14:23:59.735  4095  4095 I com.android.commands.monkey: System.exit called, status: 0
06-28 14:23:59.736  4095  4095 I AndroidRuntime: VM exiting with result code 0.
06-28 14:23:59.817 29061 29061 D net.osmand: Enable sensor
06-28 14:23:59.856  1603  4580 I GnssLocationProvider: WakeLock acquired by sendMessage(SET_REQUEST, 0, com.android.server.location.GnssLocationProvider$GpsRequest@2a770de)
06-28 14:23:59.857  1603  1616 I GnssLocationProvider: WakeLock released by handleMessage(SET_REQUEST, 0, com.android.server.location.GnssLocationProvider$GpsRequest@2a770de)
06-28 14:23:59.967 29061 29061 W System.err: OnCreate for MapActivity took 293 ms
06-28 14:23:59.971 29061 29061 I Choreographer: Skipped 32 frames!  The application may be doing too much work on its main thread.
06-28 14:23:59.999 29061 29061 W ResourceType: For resource 0x7f0e013b, entry index(315) is beyond type entryCount(142)
06-28 14:24:00.000 29061 29061 I chatty  : uid=10104(net.osmand) identical 3 lines
06-28 14:24:00.000 29061 29061 W ResourceType: For resource 0x7f0e013b, entry index(315) is beyond type entryCount(142)
06-28 14:24:00.010  1401  6331 D gralloc_ranchu: gralloc_alloc: Creating ashmem region of size 8298496
06-28 14:24:00.012 29061 29061 W ResourceType: For resource 0x7f0e013b, entry index(315) is beyond type entryCount(142)
06-28 14:24:00.066 29061 29061 I chatty  : uid=10104(net.osmand) identical 63 lines
06-28 14:24:00.066 29061 29061 W ResourceType: For resource 0x7f0e013b, entry index(315) is beyond type entryCount(142)
06-28 14:24:00.082  1412  1428 E SurfaceFlinger: Permission Denial: can't openGlobalTransaction pid=29061, uid<=10104
06-28 14:24:00.090 29061 29061 E BpSurfaceComposerClient: Failed to transact (-1)
06-28 14:24:00.097  1412  1699 E SurfaceFlinger: Permission Denial: can't openGlobalTransaction pid=29061, uid<=10104
06-28 14:24:00.097 29061 29061 E BpSurfaceComposerClient: Failed to transact (-1)
06-28 14:24:00.110 29061 29061 I net.osmand: RoutingHelper Recalculate route, because correlation  : 88.05313436169963
06-28 14:24:00.112 29061 29061 I net.osmand: RoutingHelper Recalculate route, because correlation  : 88.05313436169963
06-28 14:24:00.117 29061 29061 I net.osmand: RoutingHelper Recalculate route, because wrong movement direction: 132.06609
06-28 14:24:00.143 29061 29102 D EGL_emulation: eglMakeCurrent: 0xa6785600: ver 2 0 (tinfo 0xa6783370)
06-28 14:24:00.164  1401  6331 D gralloc_ranchu: gralloc_alloc: Creating ashmem region of size 8298496
06-28 14:24:00.194 19546 19546 I GeofencerStateMachine: sendNewLocationAvailability: availability=LocationAvailability[isLocationAvailable: true]
06-28 14:24:00.215  1708  1926 D EGL_emulation: eglMakeCurrent: 0x9268e860: ver 2 0 (tinfo 0x92690770)
06-28 14:24:00.242  1603  1616 E memtrack: Couldn't load memtrack module
06-28 14:24:00.242  1603  1616 W android.os.Debug: failed to get memory consumption info: -1
06-28 14:24:00.249  1708  1926 D EGL_emulation: eglMakeCurrent: 0x9268e860: ver 2 0 (tinfo 0x92690770)
06-28 14:24:00.250  1401  6331 D gralloc_ranchu: gralloc_alloc: Creating ashmem region of size 3878912
06-28 14:24:00.343  1603  1614 I WifiService: acquireWifiLock uid=10014 lockMode=2
06-28 14:24:00.391  1401  6331 D gralloc_ranchu: gralloc_alloc: Creating ashmem region of size 8298496
06-28 14:24:00.455  1412  1412 W SurfaceFlinger: couldn't log to binary event log: overflow.
06-28 14:24:00.542  1708  1926 D EGL_emulation: eglMakeCurrent: 0x9268e860: ver 2 0 (tinfo 0x92690770)
06-28 14:24:00.580  1401  6331 D gralloc_ranchu: gralloc_alloc: Creating ashmem region of size 3878912
06-28 14:24:00.616  1708  1926 D EGL_emulation: eglMakeCurrent: 0x9268e860: ver 2 0 (tinfo 0x92690770)
06-28 14:24:00.705  1524  1636 I PBSessionCacheImpl: Deleted sessionId[7025004089379] from persistence.
06-28 14:24:00.759  1603 12888 I WifiService: getWifiEnabledState uid=10032
06-28 14:24:00.797  1524  1631 W SearchServiceCore: Abort, client detached.
06-28 14:24:00.926 29061 29061 I net.osmand: RoutingHelper Recalculate route, because correlation  : 88.05313436169963
06-28 14:24:00.926 29061 29061 I net.osmand: RoutingHelper Recalculate route, because wrong movement direction: 132.06609
06-28 14:24:00.940 29061 29061 I net.osmand: RoutingHelper Recalculate route, because correlation  : 88.05313436169963
06-28 14:24:00.968  1708  1926 D EGL_emulation: eglMakeCurrent: 0x9268e860: ver 2 0 (tinfo 0x92690770)
06-28 14:24:00.992  1708  1926 D EGL_emulation: eglMakeCurrent: 0x9268e860: ver 2 0 (tinfo 0x92690770)
06-28 14:24:01.227 29061 29061 I net.osmand: RoutingHelper Recalculate route, because correlation  : 88.05313436169963
06-28 14:24:01.231 29061 29061 I net.osmand: RoutingHelper Recalculate route, because correlation  : 88.05313436169963
06-28 14:24:01.231 29061 29061 I net.osmand: RoutingHelper Recalculate route, because wrong movement direction: 132.06609
06-28 14:24:01.256  1401  6331 D gralloc_ranchu: gralloc_alloc: Creating ashmem region of size 3878912
06-28 14:24:01.322  1708  1926 D EGL_emulation: eglMakeCurrent: 0x9268e860: ver 2 0 (tinfo 0x92690770)
06-28 14:24:01.339  1708  1926 I chatty  : uid=10029(com.android.systemui) RenderThread identical 1 line
06-28 14:24:01.494  1708  1926 D EGL_emulation: eglMakeCurrent: 0x9268e860: ver 2 0 (tinfo 0x92690770)
06-28 14:24:01.876 29061 29071 I zygote  : Background concurrent copying GC freed 251340(5MB) AllocSpace objects, 15(684KB) LOS objects, 18% free, 26MB/32MB, paused 28.599ms total 1.041s
06-28 14:24:01.897 29061 29061 I net.osmand: RoutingHelper Recalculate route, because correlation  : 88.05313436169963
06-28 14:24:01.968 29061 29061 I net.osmand: RoutingHelper Recalculate route, because correlation  : 88.05313436169963
06-28 14:24:01.968 29061 29061 I net.osmand: RoutingHelper Recalculate route, because wrong movement direction: 132.06609
06-28 14:24:02.467 29061 29061 I net.osmand: RoutingHelper Recalculate route, because correlation  : 88.05313436169963
06-28 14:24:02.470 29061 29061 I net.osmand: RoutingHelper Recalculate route, because correlation  : 88.05313436169963
06-28 14:24:02.470 29061 29061 I net.osmand: RoutingHelper Recalculate route, because wrong movement direction: 132.06609
06-28 14:24:02.762 29061 29061 I net.osmand: RoutingHelper Recalculate route, because correlation  : 88.05313436169963
06-28 14:24:02.796 29061 29061 I net.osmand: RoutingHelper Recalculate route, because correlation  : 88.05313436169963
06-28 14:24:02.796 29061 29061 I net.osmand: RoutingHelper Recalculate route, because wrong movement direction: 132.06609
06-28 14:24:02.922 29061 29061 I net.osmand: RoutingHelper Recalculate route, because correlation  : 88.05313436169963
06-28 14:24:02.927 29061 29061 I net.osmand: RoutingHelper Recalculate route, because correlation  : 88.05313436169963
06-28 14:24:02.927 29061 29061 I net.osmand: RoutingHelper Recalculate route, because wrong movement direction: 132.06609
06-28 14:24:03.485  1603 12888 D WificondControl: Scan result ready event
06-28 14:24:03.555  1603 12888 I WifiService: releaseWifiLock uid=10014
06-28 14:24:03.814 29061 29061 I net.osmand: RoutingHelper Recalculate route, because correlation  : 88.05313436169963
06-28 14:24:03.817 29061 29061 I net.osmand: RoutingHelper Recalculate route, because correlation  : 88.05313436169963
06-28 14:24:03.818 29061 29061 I net.osmand: RoutingHelper Recalculate route, because wrong movement direction: 132.06609
06-28 14:24:03.892 29061 29061 I net.osmand: RoutingHelper Recalculate route, because correlation  : 88.05313436169963
06-28 14:24:03.929 29061 29061 I net.osmand: RoutingHelper Recalculate route, because correlation  : 88.05313436169963
06-28 14:24:03.929 29061 29061 I net.osmand: RoutingHelper Recalculate route, because wrong movement direction: 132.06609
06-28 14:24:04.275 29061 29061 I net.osmand: RoutingHelper Recalculate route, because correlation  : 88.05313436169963
06-28 14:24:04.279 29061 29061 I net.osmand: RoutingHelper Recalculate route, because correlation  : 88.05313436169963
06-28 14:24:04.279 29061 29061 I net.osmand: RoutingHelper Recalculate route, because wrong movement direction: 132.06609
06-28 14:24:04.626 29061 29071 I zygote  : Background concurrent copying GC freed 359062(8MB) AllocSpace objects, 0(0B) LOS objects, 18% free, 25MB/31MB, paused 3.178ms total 665.296ms
06-28 14:24:04.870 29061 29061 I net.osmand: RoutingHelper Recalculate route, because correlation  : 88.05313436169963
06-28 14:24:04.875 29061 29061 I net.osmand: RoutingHelper Recalculate route, because correlation  : 88.05313436169963
06-28 14:24:04.875 29061 29061 I net.osmand: RoutingHelper Recalculate route, because wrong movement direction: 132.06609
06-28 14:24:05.439 29061 29061 I net.osmand: RoutingHelper Recalculate route, because correlation  : 88.05313436169963
06-28 14:24:05.445 29061 29061 I net.osmand: RoutingHelper Recalculate route, because correlation  : 88.05313436169963
06-28 14:24:05.445 29061 29061 I net.osmand: RoutingHelper Recalculate route, because wrong movement direction: 132.06609
06-28 14:24:05.769 29061 29061 I net.osmand: RoutingHelper Recalculate route, because correlation  : 88.05313436169963
06-28 14:24:05.769 29061 29061 I net.osmand: RoutingHelper Recalculate route, because wrong movement direction: 132.06609
06-28 14:24:05.807 29061 29061 I net.osmand: RoutingHelper Recalculate route, because correlation  : 88.05313436169963
06-28 14:24:05.898 29061 29061 I chatty  : uid=10104(net.osmand) identical 1 line
06-28 14:24:05.911 29061 29061 I net.osmand: RoutingHelper Recalculate route, because correlation  : 88.05313436169963
06-28 14:24:05.912 29061 29061 I net.osmand: RoutingHelper Recalculate route, because wrong movement direction: 132.06609
06-28 14:24:06.330 19546  4050 I Places  : ?: PlacesBleScanner stop()
06-28 14:24:06.333 19546 19546 I BeaconBle: Scan : No clients left, canceling alarm.
06-28 14:24:06.335 19546 19546 I BeaconBle: Scan canceled successfully.
06-28 14:24:06.362 19546  4050 I PlaceInferenceEngine: [anon] Changed inference mode: 0
06-28 14:24:06.363 19546  4050 I PlaceInferenceEngine: [account#1066226748] Changed inference mode: 0
06-28 14:24:06.425 19546 19546 I GeofencerStateMachine: removeGeofences: removeRequest=RemoveGeofencingRequest[REMOVE_BY_PENDING_INTENT pendingIntent=PendingIntent[creatorPackage=com.google.android.gms], packageName=com.google.android.gms]
06-28 14:24:06.471 19546 19558 W MessageQueue: Handler (aeyl) {89b7024} sending message to a Handler on a dead thread
06-28 14:24:06.471 19546 19558 W MessageQueue: java.lang.IllegalStateException: Handler (aeyl) {89b7024} sending message to a Handler on a dead thread
06-28 14:24:06.471 19546 19558 W MessageQueue: 	at android.os.MessageQueue.enqueueMessage(MessageQueue.java:545)
06-28 14:24:06.471 19546 19558 W MessageQueue: 	at android.os.Handler.enqueueMessage(Handler.java:662)
06-28 14:24:06.471 19546 19558 W MessageQueue: 	at android.os.Handler.sendMessageAtTime(Handler.java:631)
06-28 14:24:06.471 19546 19558 W MessageQueue: 	at aeyl.sendMessageAtTime(Unknown Source:3)
06-28 14:24:06.471 19546 19558 W MessageQueue: 	at android.os.Handler.sendMessageDelayed(Handler.java:601)
06-28 14:24:06.471 19546 19558 W MessageQueue: 	at android.os.Handler.post(Handler.java:357)
06-28 14:24:06.471 19546 19558 W MessageQueue: 	at bcln.execute(Unknown Source:2)
06-28 14:24:06.471 19546 19558 W MessageQueue: 	at aanh.execute(Unknown Source:9)
06-28 14:24:06.471 19546 19558 W MessageQueue: 	at avft.a(:com.google.android.gms@17785022@17.7.85 (040700-253824076):3)
06-28 14:24:06.471 19546 19558 W MessageQueue: 	at avgk.a(:com.google.android.gms@17785022@17.7.85 (040700-253824076):8)
06-28 14:24:06.471 19546 19558 W MessageQueue: 	at avgn.a(:com.google.android.gms@17785022@17.7.85 (040700-253824076):43)
06-28 14:24:06.471 19546 19558 W MessageQueue: 	at avgj.a(:com.google.android.gms@17785022@17.7.85 (040700-253824076):2)
06-28 14:24:06.471 19546 19558 W MessageQueue: 	at rpj.a(:com.google.android.gms@17785022@17.7.85 (040700-253824076):3)
06-28 14:24:06.471 19546 19558 W MessageQueue: 	at rpj.a(:com.google.android.gms@17785022@17.7.85 (040700-253824076):2)
06-28 14:24:06.471 19546 19558 W MessageQueue: 	at agos.a(Unknown Source:2)
06-28 14:24:06.471 19546 19558 W MessageQueue: 	at rnt.a(Unknown Source:11)
06-28 14:24:06.471 19546 19558 W MessageQueue: 	at aamg.a(:com.google.android.gms@17785022@17.7.85 (040700-253824076):1)
06-28 14:24:06.471 19546 19558 W MessageQueue: 	at cwm.onTransact(:com.google.android.gms@17785022@17.7.85 (040700-253824076):4)
06-28 14:24:06.471 19546 19558 W MessageQueue: 	at android.os.Binder.execTransact(Binder.java:697)
06-28 14:24:06.827 29061 29061 I net.osmand: RoutingHelper Recalculate route, because correlation  : 88.05313436169963
06-28 14:24:06.828 29061 29061 I net.osmand: RoutingHelper Recalculate route, because wrong movement direction: 132.06609
06-28 14:24:06.902 29061 29061 I net.osmand: RoutingHelper Recalculate route, because correlation  : 88.05313436169963
06-28 14:24:06.904 29061 29061 I net.osmand: RoutingHelper Recalculate route, because correlation  : 88.05313436169963
06-28 14:24:06.904 29061 29061 I net.osmand: RoutingHelper Recalculate route, because wrong movement direction: 132.06609
06-28 14:24:06.949 29061 29061 I net.osmand: RoutingHelper Recalculate route, because correlation  : 88.05313436169963
06-28 14:24:07.445 29061 29061 I chatty  : uid=10104(net.osmand) identical 1 line
06-28 14:24:07.457 29061 29061 I net.osmand: RoutingHelper Recalculate route, because correlation  : 88.05313436169963
06-28 14:24:07.457 29061 29061 I net.osmand: RoutingHelper Recalculate route, because wrong movement direction: 132.06609
06-28 14:24:07.874 29061 29061 I net.osmand: RoutingHelper Recalculate route, because correlation  : 88.05313436169963
06-28 14:24:07.894 29061 29061 I net.osmand: RoutingHelper Recalculate route, because correlation  : 88.05313436169963
06-28 14:24:07.895 29061 29061 I net.osmand: RoutingHelper Recalculate route, because wrong movement direction: 132.06609
06-28 14:24:08.245 29061 29071 I zygote  : Background concurrent copying GC freed 354683(7MB) AllocSpace objects, 0(0B) LOS objects, 18% free, 26MB/32MB, paused 1.468ms total 1.056s
06-28 14:24:08.458 29061 29061 I net.osmand: RoutingHelper Recalculate route, because correlation  : 88.05313436169963
06-28 14:24:08.466 29061 29061 I net.osmand: RoutingHelper Recalculate route, because correlation  : 88.05313436169963
06-28 14:24:08.468 29061 29061 I net.osmand: RoutingHelper Recalculate route, because wrong movement direction: 132.06609
06-28 14:24:09.047 29061 29061 I net.osmand: RoutingHelper Recalculate route, because correlation  : 88.05313436169963
06-28 14:24:09.057 29061 29061 I net.osmand: RoutingHelper Recalculate route, because correlation  : 88.05313436169963
06-28 14:24:09.057 29061 29061 I net.osmand: RoutingHelper Recalculate route, because wrong movement direction: 132.06609
06-28 14:24:09.258 29061 29061 I net.osmand: RoutingHelper Recalculate route, because correlation  : 88.05313436169963
06-28 14:24:09.265 29061 29061 I net.osmand: RoutingHelper Recalculate route, because correlation  : 88.05313436169963
06-28 14:24:09.265 29061 29061 I net.osmand: RoutingHelper Recalculate route, because wrong movement direction: 132.06609
06-28 14:24:09.633  1603  1612 I zygote  : Background concurrent copying GC freed 79875(4MB) AllocSpace objects, 36(1424KB) LOS objects, 18% free, 27MB/33MB, paused 1.236ms total 886.185ms
06-28 14:24:09.894 29061 29061 I net.osmand: RoutingHelper Recalculate route, because correlation  : 88.05313436169963
06-28 14:24:09.894 29061 29061 I net.osmand: RoutingHelper Recalculate route, because wrong movement direction: 132.06609
06-28 14:24:09.954 29061 29061 I net.osmand: RoutingHelper Recalculate route, because correlation  : 88.05313436169963
06-28 14:24:10.053 29061 29061 I chatty  : uid=10104(net.osmand) identical 1 line
06-28 14:24:10.074 29061 29061 I net.osmand: RoutingHelper Recalculate route, because correlation  : 88.05313436169963
06-28 14:24:10.074 29061 29061 I net.osmand: RoutingHelper Recalculate route, because wrong movement direction: 132.06609
06-28 14:24:10.504 29061 29071 I zygote  : Background concurrent copying GC freed 401945(8MB) AllocSpace objects, 0(0B) LOS objects, 20% free, 23MB/29MB, paused 2.944ms total 359.599ms
06-28 14:24:10.722 29061 29061 I net.osmand: RoutingHelper Recalculate route, because correlation  : 88.05313436169963
06-28 14:24:10.723 29061 29061 I net.osmand: RoutingHelper Recalculate route, because wrong movement direction: 132.06609
06-28 14:24:10.797 29061 29061 I net.osmand: RoutingHelper Recalculate route, because correlation  : 88.05313436169963
06-28 14:24:10.904 29061 29061 I net.osmand: RoutingHelper Recalculate route, because correlation  : 88.05313436169963
06-28 14:24:10.904 29061 29061 I net.osmand: RoutingHelper Recalculate route, because wrong movement direction: 132.06609
06-28 14:24:10.943 29061 29061 I net.osmand: RoutingHelper Recalculate route, because correlation  : 88.05313436169963
06-28 14:24:11.371  1603  1616 E memtrack: Couldn't load memtrack module
06-28 14:24:11.371  1603  1616 W android.os.Debug: failed to get memory consumption info: -1
06-28 14:24:11.382 19546 19546 I BeaconBle: Scan : No clients left, canceling alarm.
06-28 14:24:11.499  1603  1616 E memtrack: Couldn't load memtrack module
06-28 14:24:11.499  1603  1616 W android.os.Debug: failed to get memory consumption info: -1
06-28 14:24:11.567 29061 29061 I net.osmand: RoutingHelper Recalculate route, because correlation  : 88.05313436169963
06-28 14:24:11.567 29061 29061 I net.osmand: RoutingHelper Recalculate route, because wrong movement direction: 132.06609
06-28 14:24:11.627 29061 29061 I net.osmand: RoutingHelper Recalculate route, because correlation  : 88.05313436169963
06-28 14:24:11.937 29061 29061 I net.osmand: RoutingHelper Recalculate route, because correlation  : 88.05313436169963
06-28 14:24:11.966  1524  1631 I WorkerManager: dispose()
06-28 14:24:11.970  1524  1631 W ThreadPoolDumper: Queue length for executor EventBus is now 11. Perhaps some tasks are too long, or the pool is too small.
06-28 14:24:12.100 29061 29061 I net.osmand: RoutingHelper Recalculate route, because correlation  : 88.05313436169963
06-28 14:24:12.100 29061 29061 I net.osmand: RoutingHelper Recalculate route, because wrong movement direction: 132.06609
06-28 14:24:12.263 29061 29061 I net.osmand: RoutingHelper Recalculate route, because correlation  : 88.05313436169963
06-28 14:24:12.266 29061 29061 I net.osmand: RoutingHelper Recalculate route, because correlation  : 88.05313436169963
06-28 14:24:12.266 29061 29061 I net.osmand: RoutingHelper Recalculate route, because wrong movement direction: 132.06609
06-28 14:24:12.359  1603  1614 I WifiService: getConnectionInfo uid=10014
06-28 14:24:12.377  1603  1620 I WifiService: requestActivityInfo uid=1000
06-28 14:24:12.377  1603  1620 I WifiService: reportActivityInfo uid=1000
06-28 14:24:12.377  1603  1620 I WifiService: getSupportedFeatures uid=1000
06-28 14:24:12.382 19546  2159 E WakeLock: GCM_HB_ALARM release without a matched acquire!
06-28 14:24:12.714  1603  1613 I WifiService: getConnectionInfo uid=10014
06-28 14:24:12.850 19546 19557 I GeofencerStateMachine: addGeofences called by com.google.android.apps.maps
06-28 14:24:12.874 29061 29061 I net.osmand: RoutingHelper Recalculate route, because correlation  : 88.05313436169963
06-28 14:24:12.893 29061 29061 I net.osmand: RoutingHelper Recalculate route, because correlation  : 88.05313436169963
06-28 14:24:12.893 29061 29061 I net.osmand: RoutingHelper Recalculate route, because wrong movement direction: 132.06609
06-28 14:24:12.997  1603  4070 I GnssLocationProvider: WakeLock acquired by sendMessage(SET_REQUEST, 0, com.android.server.location.GnssLocationProvider$GpsRequest@c395f43)
06-28 14:24:13.026 29061 29061 I net.osmand: RoutingHelper Recalculate route, because correlation  : 88.05313436169963
06-28 14:24:13.026 29061 29061 I net.osmand: RoutingHelper Recalculate route, because wrong movement direction: 132.06609
06-28 14:24:13.083  1603  1616 I GnssLocationProvider: WakeLock released by handleMessage(SET_REQUEST, 0, com.android.server.location.GnssLocationProvider$GpsRequest@c395f43)
06-28 14:24:13.093 19546 19546 I GeofencerStateMachine: sendNewTransitions called.
06-28 14:24:13.097 29061 29061 I net.osmand: RoutingHelper Recalculate route, because correlation  : 88.05313436169963
06-28 14:24:13.172 19546 19546 I GeofencerStateMachine: sendNewLocationAvailability: availability=LocationAvailability[isLocationAvailable: true]
06-28 14:24:13.283  1603  1613 I WifiService: getWifiEnabledState uid=10062
06-28 14:24:13.305  1603  1614 I GnssLocationProvider: WakeLock acquired by sendMessage(SET_REQUEST, 0, com.android.server.location.GnssLocationProvider$GpsRequest@91876f9)
06-28 14:24:13.309  1603  1616 I GnssLocationProvider: WakeLock released by handleMessage(SET_REQUEST, 0, com.android.server.location.GnssLocationProvider$GpsRequest@91876f9)
06-28 14:24:13.564 29061 29071 I zygote  : Background concurrent copying GC freed 279941(6MB) AllocSpace objects, 0(0B) LOS objects, 19% free, 25MB/31MB, paused 4.737ms total 1.090s
06-28 14:24:13.596 19546 19546 I GeofencerStateMachine: sendNewLocationAvailability: availability=LocationAvailability[isLocationAvailable: true]
06-28 14:24:13.605 19546 19546 I GeofencerStateMachine: sendNewLocationAvailability: availability=LocationAvailability[isLocationAvailable: true]
06-28 14:24:13.727 29061 29061 I net.osmand: RoutingHelper Recalculate route, because correlation  : 88.05313436169963
06-28 14:24:13.756 29061 29061 I net.osmand: RoutingHelper Recalculate route, because correlation  : 88.05313436169963
06-28 14:24:13.756 29061 29061 I net.osmand: RoutingHelper Recalculate route, because wrong movement direction: 132.06609
06-28 14:24:13.903 29061 29061 I net.osmand: RoutingHelper Recalculate route, because correlation  : 88.05313436169963
06-28 14:24:13.903 29061 29061 I net.osmand: RoutingHelper Recalculate route, because wrong movement direction: 132.06609
06-28 14:24:13.919 29061 29061 I net.osmand: RoutingHelper Recalculate route, because correlation  : 88.05313436169963
06-28 14:24:14.086 19546 19595 W ResourceType: ResTable_typeSpec entry count inconsistent: given 15, previously 22
06-28 14:24:14.414 29061 29061 I net.osmand: RoutingHelper Recalculate route, because correlation  : 88.05313436169963
06-28 14:24:14.414 29061 29061 I net.osmand: RoutingHelper Recalculate route, because wrong movement direction: 132.06609
06-28 14:24:14.483 29061 29061 I net.osmand: RoutingHelper Recalculate route, because correlation  : 88.05313436169963
06-28 14:24:14.744 29061  4094 W net.osmand:native: [Native] Result visited (visited roads 15362, visited segments 22798 / 7199 , queue sizes 4595 / 230 ) 
06-28 14:24:14.744 29061  4094 W net.osmand:native: [Native] Result timing (time to load 0, time to calc 17471, loaded tiles 178) 
06-28 14:24:14.745 29061  4094 W net.osmand:native: [Native] Memory occupied (Routing context 7705 Kb, search 506 Kb)
06-28 14:24:14.805 29061  4094 I net.osmand:native: Routing calculated time distance 146043.328125
06-28 14:24:14.879 29061 29061 I net.osmand: RoutingHelper Recalculate route, because correlation  : 88.05313436169963
06-28 14:24:14.879 29061 29061 I net.osmand: RoutingHelper Recalculate route, because wrong movement direction: 132.06609
06-28 14:24:14.933 29061 29061 I net.osmand: RoutingHelper Recalculate route, because correlation  : 88.05313436169963
06-28 14:24:15.134 29061 29061 I net.osmand: RoutingHelper Recalculate route, because correlation  : 88.05313436169963
06-28 14:24:15.140 29061 29061 I net.osmand: RoutingHelper Recalculate route, because wrong movement direction: 132.06609
06-28 14:24:15.158 29061 29061 I net.osmand: RoutingHelper Recalculate route, because correlation  : 88.05313436169963
06-28 14:24:15.754 29061 29071 I zygote  : Background concurrent copying GC freed 337967(7MB) AllocSpace objects, 0(0B) LOS objects, 18% free, 26MB/32MB, paused 1.275ms total 529.036ms
06-28 14:24:15.897 29061 29061 I net.osmand: RoutingHelper Recalculate route, because correlation  : 88.05313436169963
06-28 14:24:15.898 29061 29061 I net.osmand: RoutingHelper Recalculate route, because wrong movement direction: 132.06609
06-28 14:24:15.964 29061 29061 I net.osmand: RoutingHelper Recalculate route, because correlation  : 88.05313436169963
06-28 14:24:15.971 29061 29061 I net.osmand: RoutingHelper Recalculate route, because correlation  : 88.05313436169963
06-28 14:24:15.971 29061 29061 I net.osmand: RoutingHelper Recalculate route, because wrong movement direction: 132.06609
06-28 14:24:15.992 29061 29061 I net.osmand: RoutingHelper Recalculate route, because correlation  : 88.05313436169963
06-28 14:24:16.507 29061 29061 I net.osmand: RoutingHelper Recalculate route, because correlation  : 88.05313436169963
06-28 14:24:16.507 29061 29061 I net.osmand: RoutingHelper Recalculate route, because wrong movement direction: 132.06609
06-28 14:24:16.515 29061  4094 I net.osmand: RoutePlannerFrontEnd Native routing took 19.721 seconds
06-28 14:24:16.515 29061  4094 I net.osmand: RoutePlannerFrontEnd Native routing use precalculated route
06-28 14:24:16.517 29061  4094 W System.err: Points are not connected : Road id 224875342 name  ref PE-320(1) -> Road id 224875338 name  ref PE-320(4) 13.846911393443373 meters
06-28 14:24:16.566 29061 29061 I net.osmand: RoutingHelper Recalculate route, because correlation  : 88.05313436169963
06-28 14:24:16.996 29061 29061 I chatty  : uid=10104(net.osmand) identical 1 line
06-28 14:24:17.004 29061 29061 I net.osmand: RoutingHelper Recalculate route, because correlation  : 88.05313436169963
06-28 14:24:17.004 29061 29061 I net.osmand: RoutingHelper Recalculate route, because wrong movement direction: 132.06609
06-28 14:24:17.164 29061 29071 I zygote  : Background concurrent copying GC freed 115525(2MB) AllocSpace objects, 0(0B) LOS objects, 15% free, 32MB/38MB, paused 1.409ms total 949.921ms
06-28 14:24:17.410 29061 29061 I net.osmand: RoutingHelper Recalculate route, because correlation  : 88.05313436169963
06-28 14:24:17.433 29061 29061 I net.osmand: RoutingHelper Recalculate route, because correlation  : 88.05313436169963
06-28 14:24:17.434 29061 29061 I net.osmand: RoutingHelper Recalculate route, because wrong movement direction: 132.06609
06-28 14:24:17.934 29061 29061 I net.osmand: RoutingHelper Recalculate route, because correlation  : 88.05313436169963
06-28 14:24:17.934 29061 29061 I net.osmand: RoutingHelper Recalculate route, because wrong movement direction: 132.06609
06-28 14:24:17.965 29061 29061 I net.osmand: RoutingHelper Recalculate route, because correlation  : 88.05313436169963
06-28 14:24:18.130 29061 29061 I net.osmand: RoutingHelper Recalculate route, because correlation  : 88.05313436169963
06-28 14:24:18.131 29061 29061 I net.osmand: RoutingHelper Recalculate route, because wrong movement direction: 132.06609
06-28 14:24:18.176 29061 29061 I net.osmand: RoutingHelper Recalculate route, because correlation  : 88.05313436169963
06-28 14:24:18.894 29061 29061 I net.osmand: RoutingHelper Recalculate route, because correlation  : 88.05313436169963
06-28 14:24:18.894 29061 29061 I net.osmand: RoutingHelper Recalculate route, because wrong movement direction: 132.06609
06-28 14:24:18.993 29061 29061 I net.osmand: RoutingHelper Recalculate route, because correlation  : 88.05313436169963
06-28 14:24:19.060 29061 29071 I zygote  : Background concurrent copying GC freed 315815(8MB) AllocSpace objects, 0(0B) LOS objects, 15% free, 33MB/39MB, paused 4.223ms total 803.021ms
06-28 14:24:19.685 29061 29061 I net.osmand: RoutingHelper Recalculate route, because correlation  : 88.05313436169963
06-28 14:24:19.686 29061 29061 I net.osmand: RoutingHelper Recalculate route, because wrong movement direction: 132.06609
06-28 14:24:19.687  1603  1681 D ConnectivityService: NetworkAgentInfo [MOBILE (LTE) - 100] EVENT_NETWORK_INFO_CHANGED, going from CONNECTED to SUSPENDED
06-28 14:24:19.745  1603  1614 I Telecom : : Adding new incoming call with phoneAccountHandle ComponentInfo{com.android.phone/com.android.services.telephony.TelephonyConnectionService}, [****], UserHandle{0}: TSI.aNIC@D7k
06-28 14:24:19.762 29061 29061 I net.osmand: RoutingHelper Recalculate route, because correlation  : 88.05313436169963
06-28 14:24:19.774  1603  1614 I Telecom : PhoneAccountRegistrar: SimCallManager queried, returning: null: TSI.aNIC@D7k
06-28 14:24:19.900  1603  1614 I Telecom : LogUtils: EventRecord added as Call: [TC@16, NEW, null, tel:****, A, childs(0), has_parent(false), [Capabilities:], [Properties:]]: TSI.aNIC@D7k
06-28 14:24:19.903  1603  1614 I Telecom : Event: RecordEntry TC@16: CREATED, null: TSI.aNIC@D7k
06-28 14:24:19.937  1603  1614 I Telecom : PhoneAccountRegistrar: SimCallManager queried, returning: null: TSI.aNIC@D7k
06-28 14:24:19.938  1603  1614 I Telecom : CreateConnectionProcessor: Trying attempt CallAttemptRecord(ComponentInfo{com.android.phone/com.android.services.telephony.TelephonyConnectionService}, [****], UserHandle{0},ComponentInfo{com.android.phone/com.android.services.telephony.TelephonyConnectionService}, [****], UserHandle{0}): TSI.aNIC@D7k
