07-05 17:28:56.550 10133 10133 I Finsky  : [2] com.google.android.finsky.scheduler.JobSchedulerEngine$PhoneskyJobSchedulerJobService.onStartJob(3): onJobSchedulerWakeup with jobId 9007
07-05 17:28:56.568 10133 10133 I Finsky  : [2] qrl.a(22): Scheduling fallback job with id: 9034, and delay: 43200000 ms
07-05 17:28:56.577 10133 10133 I Finsky  : [2] qrl.a(5): Scheduling fallback in 64799995 (absolute: 213246138)
07-05 17:28:56.652  1604  1621 I WifiService: requestActivityInfo uid=1000
07-05 17:28:56.652  1604  1621 I WifiService: reportActivityInfo uid=1000
07-05 17:28:56.652  1604  1621 I WifiService: getSupportedFeatures uid=1000
07-05 17:28:56.747 10133 10133 I Finsky  : [2] qrv.handleMessage(10): DeviceState: DeviceState{currentTime=1562347736735, isCharging=false, isIdle=false, netAny=true, netNotRoaming=true, netUnmetered=true}
07-05 17:28:56.846 10133 10346 I Finsky  : [2322] qtj.b(7): Jobs in database: 1-1337 3-172 3-173 3-174 10-12 10-14 10-15 10-16 10-18 10-20 10-22 10-24 10-25 10-26 10-27 10-28 10-29 10-30 10-31 10-33 10-35 10-38 10-39 10-40 10-41 10-42 10-44 10-46 10-47 10-48 10-50 10-54 10-55 10-57 10-61 26-1414141414 29-29 
07-05 17:28:57.073  1970  2526 E memtrack: Couldn't load memtrack module
07-05 17:28:57.073  1970  2526 W android.os.Debug: failed to get memory consumption info: -1
07-05 17:28:57.088 10133 10133 I Finsky  : [2] qro.a(22): Running job: 29-29
07-05 17:28:57.115 10133 10133 I Finsky  : [2] qrv.handleMessage(84): RunningQueue size: 1, PendingQueue size: 0
07-05 17:28:57.115 10133 10133 I Finsky  : [2] qrv.handleMessage(93): Running queue: 29-29 
07-05 17:28:57.160 10133 10347 I zygote  : Deoptimizing java.lang.String xcv.a(java.lang.String, java.lang.Object[]) due to JIT inline cache
07-05 17:28:57.160 10133 10347 I Finsky  : [2323] vmp.a(1): ProcessRecoveryLogsUtil: No files in recovery directory
07-05 17:28:57.161 10133 10347 I Finsky  : [2323] qtc.a(9): jobFinished: 29-29. TimeElapsed: 73ms
07-05 17:28:57.162 10133 10133 I Finsky  : [2] qro.c(3): Job 29-29 finished
07-05 17:28:57.164 10133 10133 I Finsky  : [2] qrv.handleMessage(84): RunningQueue size: 0, PendingQueue size: 0
07-05 17:28:57.164 10133 10133 I Finsky  : [2] qrv.handleMessage(27): Executor finished
07-05 17:28:57.261 10133 10133 I Finsky  : [2] qtj.b(7): Jobs in database: 1-1337 3-172 3-173 3-174 10-12 10-14 10-15 10-16 10-18 10-20 10-22 10-24 10-25 10-26 10-27 10-28 10-29 10-30 10-31 10-33 10-35 10-38 10-39 10-40 10-41 10-42 10-44 10-46 10-47 10-48 10-50 10-54 10-55 10-57 10-61 26-1414141414 
07-05 17:28:57.286 10133 10133 I Finsky  : [2] qqq.a(113): ConstraintMapping: 1-1337, 10-12, 10-14, 10-15, 10-16, 10-18, 10-20, 10-22, 10-24, 10-25, 10-26, 10-27, 10-28, 10-29, 10-30, 10-31, 10-33, 10-35, 10-38, 10-39, 10-40, 10-41, 10-42, 10-44, 10-46, 10-47, 10-48, 10-50, 10-54, 10-55, 10-57, 10-61,  -> L: 2443984ms, D: 45643984ms, C: false, I: false, N: 1
07-05 17:28:57.287 10133 10133 I Finsky  : [2] qqq.a(113): ConstraintMapping: 3-173, 3-174,  -> L: 0ms, D: 86346891ms, C: true, I: false, N: 2
07-05 17:28:57.287 10133 10133 I Finsky  : [2] qqq.a(113): ConstraintMapping: 3-172,  -> L: 0ms, D: 86346658ms, C: true, I: true, N: 2
07-05 17:28:57.288 10133 10133 I Finsky  : [2] qqq.a(113): ConstraintMapping: 26-1414141414,  -> L: 26772927ms, D: 27672927ms, C: false, I: false, N: 0
07-05 17:28:57.292 10133 10133 I Finsky  : [2] com.google.android.finsky.scheduler.JobSchedulerEngine.a(42): Cancelling existing job with id: 9004
07-05 17:28:57.300 10133 10133 I Finsky  : [2] com.google.android.finsky.scheduler.JobSchedulerEngine.a(42): Cancelling existing job with id: 9002
07-05 17:28:57.312 10133 10133 I Finsky  : [2] com.google.android.finsky.scheduler.JobSchedulerEngine.a(42): Cancelling existing job with id: 9000
07-05 17:28:57.319 10133 10133 I Finsky  : [2] com.google.android.finsky.scheduler.JobSchedulerEngine.a(4): Scheduling job Id: 9001, L: 2443984, D: 45643984, C: false, I: false, N: 1
07-05 17:28:57.323 10133 10133 I Finsky  : [2] com.google.android.finsky.scheduler.JobSchedulerEngine.a(14): Throttling wakeup for job 9003 (expected to run in 0 ms) due to recent wakeup
07-05 17:28:57.324 10133 10133 I Finsky  : [2] com.google.android.finsky.scheduler.JobSchedulerEngine.a(4): Scheduling job Id: 9003, L: 30000, D: 86346891, C: true, I: false, N: 2
07-05 17:28:57.330 10133 10133 I Finsky  : [2] com.google.android.finsky.scheduler.JobSchedulerEngine.a(14): Throttling wakeup for job 9005 (expected to run in 0 ms) due to recent wakeup
07-05 17:28:57.331 10133 10133 I Finsky  : [2] com.google.android.finsky.scheduler.JobSchedulerEngine.a(4): Scheduling job Id: 9005, L: 30000, D: 86346658, C: true, I: true, N: 2
07-05 17:28:57.333 10133 10133 I Finsky  : [2] com.google.android.finsky.scheduler.JobSchedulerEngine.a(4): Scheduling job Id: 9006, L: 26772927, D: 27672927, C: false, I: false, N: 0
07-05 17:28:57.367 28496 28506 I zygote  : Background concurrent copying GC freed 342498(7MB) AllocSpace objects, 0(0B) LOS objects, 11% free, 46MB/52MB, paused 951us total 684.724ms
07-05 17:28:59.323 28496 28506 I zygote  : Background concurrent copying GC freed 370499(8MB) AllocSpace objects, 0(0B) LOS objects, 11% free, 45MB/51MB, paused 1.636ms total 488.463ms
07-05 17:29:01.143 28496 28506 I zygote  : Background concurrent copying GC freed 363574(8MB) AllocSpace objects, 0(0B) LOS objects, 11% free, 46MB/52MB, paused 3.619ms total 570.970ms
07-05 17:29:03.333 28496 28506 I zygote  : Background concurrent copying GC freed 372337(8MB) AllocSpace objects, 0(0B) LOS objects, 11% free, 46MB/52MB, paused 3.469ms total 483.238ms
07-05 17:29:05.091 28496 28506 I zygote  : Background concurrent copying GC freed 363210(8MB) AllocSpace objects, 0(0B) LOS objects, 11% free, 44MB/50MB, paused 1.082ms total 327.072ms
07-05 17:29:06.118 28496 28506 I zygote  : Background concurrent copying GC freed 320990(7MB) AllocSpace objects, 0(0B) LOS objects, 12% free, 43MB/49MB, paused 756us total 291.916ms
07-05 17:29:06.213  1604  3139 I WifiService: getConnectionInfo uid=10014
07-05 17:29:06.228  1970  9755 V NativeCrypto: Read error: ssl=0xa5814aa8: I/O error during system call, Connection reset by peer
07-05 17:29:06.232  1970  9668 E WakeLock: GCM_HB_ALARM release without a matched acquire!
07-05 17:29:06.232  1970  9755 V NativeCrypto: SSL shutdown failed: ssl=0xa5814aa8: I/O error during system call, Broken pipe
07-05 17:29:06.233  1970  9755 E WakeLock: GCM_HB_ALARM release without a matched acquire!
07-05 17:29:06.236  1970  9755 W WakeLock: GCM_HB_ALARM counter does not exist
07-05 17:29:06.246  1970  9755 W GCM     : Resetting heartbeat counters (at min), good=0 bad=2
07-05 17:29:06.259  1604  1682 D ConnectivityService: reportNetworkConnectivity(101, false) by 10014
07-05 17:29:06.261  1604  2952 D NetworkMonitor/NetworkAgentInfo [WIFI () - 101]: Forcing reevaluation for UID 10014
07-05 17:29:06.272  1604 10351 D NetworkMonitor/NetworkAgentInfo [WIFI () - 101]: PROBE_DNS connectivitycheck.gstatic.com 7ms OK 172.217.172.131,2800:3f0:4001:81a::2003
07-05 17:29:06.279  1604 10350 D NetworkMonitor/NetworkAgentInfo [WIFI () - 101]: PROBE_DNS www.google.com 14ms OK 172.217.28.228,2800:3f0:4001:801::2004
07-05 17:29:06.481  1604 10351 D NetworkMonitor/NetworkAgentInfo [WIFI () - 101]: PROBE_HTTP http://connectivitycheck.gstatic.com/generate_204 time=206ms ret=204 request={User-Agent=[Mozilla/5.0 (X11; Linux x86_64) AppleWebKit/537.36 (KHTML, like Gecko) Chrome/60.0.3112.32 Safari/537.36]} headers={null=[HTTP/1.1 204 No Content], Content-Length=[0], Date=[Fri, 05 Jul 2019 17:29:08 GMT], X-Android-Received-Millis=[1562347746480], X-Android-Response-Source=[NETWORK 204], X-Android-Selected-Protocol=[http/1.1], X-Android-Sent-Millis=[1562347746382]}
07-05 17:29:06.670  1604 10350 D NetworkMonitor/NetworkAgentInfo [WIFI () - 101]: PROBE_HTTPS https://www.google.com/generate_204 time=390ms ret=204 request={User-Agent=[Mozilla/5.0 (X11; Linux x86_64) AppleWebKit/537.36 (KHTML, like Gecko) Chrome/60.0.3112.32 Safari/537.36]} headers={null=[HTTP/1.1 204 No Content], Alt-Svc=[quic=":443"; ma=2592000; v="46,43,39"], Content-Length=[0], Date=[Fri, 05 Jul 2019 17:29:08 GMT], X-Android-Received-Millis=[1562347746669], X-Android-Response-Source=[NETWORK 204], X-Android-Selected-Protocol=[http/1.1], X-Android-Sent-Millis=[1562347746578]}
07-05 17:29:06.672  1604  1682 D ConnectivityService: NetworkAgentInfo [WIFI () - 101] validation passed
07-05 17:29:06.789  1604  3139 I WifiService: getConnectionInfo uid=10014
07-05 17:29:07.093  1970  1970 W ChimeraUtils: Non Chimera context
07-05 17:29:07.094  1970  1970 W ChimeraUtils: Non Chimera context
07-05 17:29:07.116  1604  3139 I WifiService: getConnectionInfo uid=10014
07-05 17:29:07.155  1604  3158 I WifiService: getConnectionInfo uid=10014
07-05 17:29:07.172  1970 10234 I zygote  : Deoptimizing org.apache.http.HttpResponse acdd.a(org.apache.http.client.methods.HttpUriRequest, acdf) due to JIT inline cache
07-05 17:29:07.309  1604  3158 I WifiService: getConnectionInfo uid=10014
07-05 17:29:07.334  2180  2180 I GCM     : Message from 745476177629
07-05 17:29:07.336  1970 10234 W Conscrypt: Could not set socket write timeout: java.net.SocketException: Socket closed
07-05 17:29:07.353  1970 10234 W Conscrypt: 	at com.google.android.gms.org.conscrypt.Platform.setSocketWriteTimeout(:com.google.android.gms@17785022@17.7.85 (040700-253824076):2)
07-05 17:29:07.353  1970 10234 W Conscrypt: 	at com.google.android.gms.org.conscrypt.ConscryptFileDescriptorSocket.setSoWriteTimeout(:com.google.android.gms@17785022@17.7.85 (040700-253824076):2)
07-05 17:29:07.373  1604  3139 I WifiService: getConnectionInfo uid=10014
07-05 17:29:07.398  1604  1618 I ActivityManager: Start proc 10358:com.google.android.googlequicksearchbox:search/u0a32 for broadcast com.google.android.googlequicksearchbox/com.google.android.apps.gsa.gcm.GcmBroadcastReceiver
07-05 17:29:07.413 10358 10358 W zygote  : Unexpected CPU variant for X86 using defaults: x86
07-05 17:29:07.434  1604  3158 I WifiService: getConnectionInfo uid=10014
07-05 17:29:07.493 10372 10372 W zygote  : Unexpected CPU variant for X86 using defaults: x86
07-05 17:29:07.496  1604  5750 I WifiService: getConnectionInfo uid=10014
07-05 17:29:07.499  1604  1617 I ActivityManager: Start proc 10372:com.google.android.gm/u0a70 for service com.google.android.gm/.provider.MailSyncAdapterService
07-05 17:29:07.571  1604  3158 I WifiService: getConnectionInfo uid=10014
07-05 17:29:07.642  1970 10234 W Conscrypt: Could not set socket write timeout: java.net.SocketException: Socket closed
07-05 17:29:07.643  1970 10234 W Conscrypt: 	at com.google.android.gms.org.conscrypt.Platform.setSocketWriteTimeout(:com.google.android.gms@17785022@17.7.85 (040700-253824076):2)
07-05 17:29:07.643  1970 10234 W Conscrypt: 	at com.google.android.gms.org.conscrypt.ConscryptFileDescriptorSocket.setSoWriteTimeout(:com.google.android.gms@17785022@17.7.85 (040700-253824076):2)
07-05 17:29:07.645  1604  3158 I WifiService: getConnectionInfo uid=10014
07-05 17:29:07.743  1604  3158 I WifiService: getConnectionInfo uid=10014
07-05 17:29:08.363 28496 28506 I zygote  : Background concurrent copying GC freed 276779(6MB) AllocSpace objects, 0(0B) LOS objects, 11% free, 44MB/50MB, paused 1.205ms total 483.161ms
07-05 17:29:08.398 10372 10372 D ActivityThread: Loading provider com.google.android.gm.sapi: com.google.android.gm.sapi.SapiUiProvider
07-05 17:29:08.460 10358 10358 I MultiDex: VM with version 2.1.0 has multidex support
07-05 17:29:08.460 10358 10358 I MultiDex: install
07-05 17:29:08.460 10358 10358 I MultiDex: VM has multidex support, MultiDex support library is disabled.
07-05 17:29:08.579  1970 10234 W Conscrypt: Could not set socket write timeout: java.net.SocketException: Socket closed
07-05 17:29:08.579  1970 10234 W Conscrypt: 	at com.google.android.gms.org.conscrypt.Platform.setSocketWriteTimeout(:com.google.android.gms@17785022@17.7.85 (040700-253824076):2)
07-05 17:29:08.579  1970 10234 W Conscrypt: 	at com.google.android.gms.org.conscrypt.ConscryptFileDescriptorSocket.setSoWriteTimeout(:com.google.android.gms@17785022@17.7.85 (040700-253824076):2)
07-05 17:29:08.616 10372 10372 W PrimesInit: Primes instant initialization
07-05 17:29:08.622 10372 10401 W Primes  : background initialization
07-05 17:29:08.674  1970 10234 W Conscrypt: Could not set socket write timeout: java.net.SocketException: Socket closed
07-05 17:29:08.677  1970 10234 W Conscrypt: 	at com.google.android.gms.org.conscrypt.Platform.setSocketWriteTimeout(:com.google.android.gms@17785022@17.7.85 (040700-253824076):2)
07-05 17:29:08.683  1970 10234 W Conscrypt: 	at com.google.android.gms.org.conscrypt.ConscryptFileDescriptorSocket.setSoWriteTimeout(:com.google.android.gms@17785022@17.7.85 (040700-253824076):2)
07-05 17:29:08.705 10372 10372 W GAV2    : Thread[main,5,main]: Need to call initialize() and be in fallback mode to start dispatch.
07-05 17:29:08.779 10372 10401 I PrimesTesting: GserviceFlagsSupplier.get()
07-05 17:29:08.968 10358 10358 W GCM     : GCM SDK is deprecated, com.google.android.googlequicksearchbox should update to use FCM
07-05 17:29:09.046 10372 10372 W Gmail   : AccountUtils:For b/73513912, load account content://com.android.gmail.ui/account.-2137146394 from MailAppProvider. Is account valid result: 1.
07-05 17:29:09.095 10372 10372 W Gmail   : AccountUtils:For b/73513912, load account content://com.google.android.gm.email.provider/account.-437561172?suppress_combined%3Dtrue from MailAppProvider. Is account valid result: 1.
07-05 17:29:09.192  1970  1970 W SystemServiceRegistry: No service published for: persistent_data_block
07-05 17:29:09.506 10358 10363 I zygote  : Do partial code cache collection, code=2724B, data=31KB
07-05 17:29:09.509 10358 10358 I zygote  : Deoptimizing java.lang.Object com.google.common.collect.mn.a(java.lang.Object[], int, int, int) due to JIT inline cache
07-05 17:29:09.511 10358 10363 I zygote  : After code cache collection, code=2724B, data=31KB
07-05 17:29:09.511 10358 10363 I zygote  : Increasing code cache capacity to 128KB
07-05 17:29:09.854  1604  5750 W ActivityManager: Unable to start service Intent { cmp=com.google.android.gm/com.android.email.service.AttachmentService } U=0: not found
07-05 17:29:09.925 10358 10427 I EventBusThread: Event Bus thread starting with TID 10427
07-05 17:29:10.019 10358 10358 I SearchServiceCore: We were killed and are starting back!
07-05 17:29:10.248 10358 10429 I zygote  : Deoptimizing java.lang.Object com.google.common.collect.mn.a(java.lang.Object[], int, int, int) due to JIT inline cache
07-05 17:29:10.299  1970 10282 I Places  : Converted 1 out of 1 WiFi scans
07-05 17:29:10.304  1604  3139 I WifiService: getConnectionInfo uid=10014
07-05 17:29:10.763  9984 10036 E Fabric  : Settings request failed.
07-05 17:29:10.763  9984 10036 E Fabric  : io.fabric.sdk.android.services.network.HttpRequest$HttpRequestException: java.net.SocketTimeoutException: failed to connect to settings.crashlytics.com/184.72.240.238 (port 443) from /192.168.232.2 (port 47513) after 10000ms
07-05 17:29:10.763  9984 10036 E Fabric  : 	at io.fabric.sdk.android.services.network.HttpRequest.code(HttpRequest.java:1355)
07-05 17:29:10.763  9984 10036 E Fabric  : 	at io.fabric.sdk.android.services.settings.DefaultSettingsSpiCall.handleResponse(DefaultSettingsSpiCall.java:104)
07-05 17:29:10.763  9984 10036 E Fabric  : 	at io.fabric.sdk.android.services.settings.DefaultSettingsSpiCall.invoke(DefaultSettingsSpiCall.java:88)
07-05 17:29:10.763  9984 10036 E Fabric  : 	at io.fabric.sdk.android.services.settings.DefaultSettingsController.loadSettingsData(DefaultSettingsController.java:80)
07-05 17:29:10.763  9984 10036 E Fabric  : 	at io.fabric.sdk.android.services.settings.DefaultSettingsController.loadSettingsData(DefaultSettingsController.java:64)
07-05 17:29:10.763  9984 10036 E Fabric  : 	at io.fabric.sdk.android.services.settings.Settings.loadSettingsData(Settings.java:153)
07-05 17:29:10.763  9984 10036 E Fabric  : 	at io.fabric.sdk.android.Onboarding.retrieveSettingsData(Onboarding.java:126)
07-05 17:29:10.763  9984 10036 E Fabric  : 	at io.fabric.sdk.android.Onboarding.doInBackground(Onboarding.java:99)
07-05 17:29:10.763  9984 10036 E Fabric  : 	at io.fabric.sdk.android.Onboarding.doInBackground(Onboarding.java:45)
07-05 17:29:10.763  9984 10036 E Fabric  : 	at io.fabric.sdk.android.InitializationTask.doInBackground(InitializationTask.java:63)
07-05 17:29:10.763  9984 10036 E Fabric  : 	at io.fabric.sdk.android.InitializationTask.doInBackground(InitializationTask.java:28)
07-05 17:29:10.763  9984 10036 E Fabric  : 	at io.fabric.sdk.android.services.concurrency.AsyncTask$2.call(AsyncTask.java:311)
07-05 17:29:10.763  9984 10036 E Fabric  : 	at java.util.concurrent.FutureTask.run(FutureTask.java:266)
07-05 17:29:10.763  9984 10036 E Fabric  : 	at java.util.concurrent.Executors$RunnableAdapter.call(Executors.java:457)
07-05 17:29:10.763  9984 10036 E Fabric  : 	at java.util.concurrent.FutureTask.run(FutureTask.java:266)
07-05 17:29:10.763  9984 10036 E Fabric  : 	at java.util.concurrent.ThreadPoolExecutor.runWorker(ThreadPoolExecutor.java:1162)
07-05 17:29:10.763  9984 10036 E Fabric  : 	at java.util.concurrent.ThreadPoolExecutor$Worker.run(ThreadPoolExecutor.java:636)
07-05 17:29:10.763  9984 10036 E Fabric  : 	at java.lang.Thread.run(Thread.java:764)
07-05 17:29:10.763  9984 10036 E Fabric  : Caused by: java.net.SocketTimeoutException: failed to connect to settings.crashlytics.com/184.72.240.238 (port 443) from /192.168.232.2 (port 47513) after 10000ms
07-05 17:29:10.763  9984 10036 E Fabric  : 	at libcore.io.IoBridge.connectErrno(IoBridge.java:185)
07-05 17:29:10.763  9984 10036 E Fabric  : 	at libcore.io.IoBridge.connect(IoBridge.java:130)
07-05 17:29:10.763  9984 10036 E Fabric  : 	at java.net.PlainSocketImpl.socketConnect(PlainSocketImpl.java:129)
07-05 17:29:10.763  9984 10036 E Fabric  : 	at java.net.AbstractPlainSocketImpl.doConnect(AbstractPlainSocketImpl.java:356)
07-05 17:29:10.763  9984 10036 E Fabric  : 	at java.net.AbstractPlainSocketImpl.connectToAddress(AbstractPlainSocketImpl.java:200)
07-05 17:29:10.763  9984 10036 E Fabric  : 	at java.net.AbstractPlainSocketImpl.connect(AbstractPlainSocketImpl.java:182)
07-05 17:29:10.763  9984 10036 E Fabric  : 	at java.net.SocksSocketImpl.connect(SocksSocketImpl.java:357)
07-05 17:29:10.763  9984 10036 E Fabric  : 	at java.net.Socket.connect(Socket.java:616)
07-05 17:29:10.763  9984 10036 E Fabric  : 	at com.android.okhttp.internal.Platform.connectSocket(Platform.java:145)
07-05 17:29:10.763  9984 10036 E Fabric  : 	at com.android.okhttp.internal.io.RealConnection.connectSocket(RealConnection.java:141)
07-05 17:29:10.763  9984 10036 E Fabric  : 	at com.android.okhttp.internal.io.RealConnection.connect(RealConnection.java:112)
07-05 17:29:10.763  9984 10036 E Fabric  : 	at com.android.okhttp.internal.http.StreamAllocation.findConnection(StreamAllocation.java:184)
07-05 17:29:10.763  9984 10036 E Fabric  : 	at com.android.okhttp.internal.http.StreamAllocation.findHealthyConnection(StreamAllocation.java:126)
07-05 17:29:10.763  9984 10036 E Fabric  : 	at com.android.okhttp.internal.http.StreamAllocation.newStream(StreamAllocation.java:95)
07-05 17:29:10.763  9984 10036 E Fabric  : 	at com.android.okhttp.internal.http.HttpEngine.connect(HttpEngine.java:281)
07-05 17:29:10.763  9984 10036 E Fabric  : 	at com.android.okhttp.internal.http.HttpEngine.sendRequest(HttpEngine.java:224)
07-05 17:29:10.763  9984 10036 E Fabric  : 	at com.android.okhttp.internal.huc.HttpURLConnectionImpl.execute(HttpURLConnectionImpl.java:461)
07-05 17:29:10.763  9984 10036 E Fabric  : 	at com.android.okhttp.internal.huc.HttpURLConnectionImpl.getResponse(HttpURLConnectionImpl.java:407)
07-05 17:29:10.763  9984 10036 E Fabric  : 	at com.android.okhttp.internal.huc.HttpURLConnectionImpl.getResponseCode(HttpURLConnectionImpl.java:538)
07-05 17:29:10.763  9984 10036 E Fabric  : 	at com.android.okhttp.internal.huc.DelegatingHttpsURLConnection.getResponseCode(DelegatingHttpsURLConnection.java:105)
07-05 17:29:10.763  9984 10036 E Fabric  : 	at com.android.okhttp.internal.huc.HttpsURLConnectionImpl.getResponseCode(Unknown Source:0)
07-05 17:29:10.763  9984 10036 E Fabric  : 	at io.fabric.sdk.android.services.network.HttpRequest.code(HttpRequest.java:1353)
07-05 17:29:10.763  9984 10036 E Fabric  : 	... 17 more
07-05 17:29:10.903 10358 10371 I HotwordHelper: hasHotwordEverywhere-true
07-05 17:29:10.971  1970 10438 I PlaceInferenceEngine: No beacon scan available - ignoring candidates.
07-05 17:29:10.975 10358 10426 I ModelDownloadListener: Schdedule model download
07-05 17:29:11.013 10358 10427 W SessionLifecycleManager: Client : AttachedClient[45556528109764209, ClientConfig[mFlags=[40000088001] mSuggestFlags=[0] mClientId=HOTWORD_SERVICE mSessionType=search publicSearchServiceCallerUid=-1]] has no associated SessionController
07-05 17:29:11.013 10358 10427 W SearchServiceCore: Abort, client detached.
07-05 17:29:11.104 10358 10427 I MicroDetectionWorker: Initializing MicroDataManager InitializeType-1, isForced-false, isActivePhoneEnrollment-false isActiveGoogleHomeEnrollment-false
07-05 17:29:11.241 10358 10444 W Glide   : Failed to find GeneratedAppGlideModule. You should include an annotationProcessor compile dependency on com.github.bumptech.glide:compiler in your application and a @GlideModule annotated AppGlideModule implementation or LibraryGlideModules will be silently ignored
07-05 17:29:11.311 10358 10427 E BluetoothAdapter: Bluetooth binder is null
07-05 17:29:11.313 10358 10427 W SearchServiceCore: Abort, client detached.
07-05 17:29:11.319  1970 10438 I PlaceInferenceEngine: No beacon scan available - ignoring candidates.
07-05 17:29:11.589 10358 10358 I BgTaskExecutorImpl: Starting EXCLUSIVE background task UPDATE_HOTWORD_MODELS.
07-05 17:29:11.766  9984 10044 W CrashlyticsCore: No minidump data found in directory /data/user/0/com.mapswithme.maps.pro/files/.Fabric/com.crashlytics.sdk.android.crashlytics-ndk/native/1562331122250
07-05 17:29:11.806 10358 10455 I ModelDownloadController: requestHotwordModelUpdate modelType-2 modelLocale-en-US
07-05 17:29:11.911 10358 10455 I ModelDownloadController: We already downloaded model from given location.
07-05 17:29:11.912 10358 10455 I ModelDownloadController: Model download failed
07-05 17:29:11.951 10358 10427 W SearchServiceCore: Abort, client detached.
07-05 17:29:12.210 10372 10407 I zygote  : The ClassLoaderContext is a special shared library.
07-05 17:29:12.265 10372 10407 I zygote  : The ClassLoaderContext is a special shared library.
07-05 17:29:12.383  1970  1970 W GCM     : Force release of GOOGLE_C2DM lock
07-05 17:29:12.507  1970  1970 I chatty  : uid=10014 com.google.android.gms.persistent identical 2 lines
07-05 17:29:12.580  1970  1970 W GCM     : Force release of GOOGLE_C2DM lock
07-05 17:29:12.591 10358 10458 I SharedPreferencesProto: load shared preferences: file not found
07-05 17:29:12.647 28496 28506 I zygote  : Background concurrent copying GC freed 298950(6MB) AllocSpace objects, 0(0B) LOS objects, 9% free, 55MB/61MB, paused 3.187ms total 2.841s
07-05 17:29:12.660  1970  1970 W GCM     : Force release of GOOGLE_C2DM lock
07-05 17:29:12.685 10372 10387 I zygote  : Waiting for a blocking GC ProfileSaver
07-05 17:29:12.753 10358 10426 I zygote  : Deoptimizing com.google.common.collect.es com.google.common.collect.jm.a(java.util.Map) due to JIT inline cache
07-05 17:29:12.786  1970  1970 W GCM     : Force release of GOOGLE_C2DM lock
07-05 17:29:13.017 10372 10387 I zygote  : WaitForGcToComplete blocked ProfileSaver on HeapTrim for 331.743ms
07-05 17:29:13.032 10358 10363 I zygote  : Do partial code cache collection, code=32KB, data=62KB
07-05 17:29:13.168 10372 10372 I zygote  : Deoptimizing java.lang.Object aeri.a(java.lang.Object, java.lang.Object[], int, int, java.lang.Object) due to JIT inline cache
07-05 17:29:13.356 10372 10377 I zygote  : Do partial code cache collection, code=25KB, data=26KB
07-05 17:29:13.366 10358 10363 I zygote  : After code cache collection, code=22KB, data=59KB
07-05 17:29:13.366 10358 10363 I zygote  : Increasing code cache capacity to 256KB
07-05 17:29:13.371 10372 10377 I zygote  : After code cache collection, code=22KB, data=26KB
07-05 17:29:13.371 10372 10377 I zygote  : Increasing code cache capacity to 128KB
07-05 17:29:13.408 10358 10426 I OpaEligibilityChecker: send OpaEligibilityChange broadcast to CommonBroadcastReceiver
07-05 17:29:13.595 10372 10407 V NativeCrypto: Registering com/google/android/gms/org/conscrypt/NativeCrypto's 284 native methods...
07-05 17:29:13.656  1604  1613 I zygote  : Background concurrent copying GC freed 53337(2MB) AllocSpace objects, 10(616KB) LOS objects, 5% free, 106MB/112MB, paused 1.563ms total 678.264ms
07-05 17:29:13.805 10372 10372 E abdj    : Sync is not initialized yet
07-05 17:29:14.028 10372 10382 W zygote  : Suspending all threads took: 9.491ms
07-05 17:29:14.057  2061  2116 D ProtoStore: no cached data
07-05 17:29:14.463  1604  5753 W ActivityManager: Unable to start service Intent { act=com.google.firebase.MESSAGING_EVENT pkg=com.google.android.googlequicksearchbox } U=0: not found
07-05 17:29:14.464 10358 10358 E FirebaseInstanceId: binding to the service failed
07-05 17:29:14.903  2061  2116 D ProtoStore: no cached data
07-05 17:29:14.948  1604  2170 W ActivityManager: Unable to start service Intent { act=com.google.firebase.MESSAGING_EVENT pkg=com.google.android.googlequicksearchbox } U=0: not found
07-05 17:29:14.948 10358 10358 E FirebaseInstanceId: binding to the service failed
07-05 17:29:15.176 10372 10377 I zygote  : Do partial code cache collection, code=62KB, data=45KB
07-05 17:29:15.179 10372 10377 I zygote  : After code cache collection, code=62KB, data=45KB
07-05 17:29:15.179 10372 10377 I zygote  : Increasing code cache capacity to 256KB
07-05 17:29:15.325 10372 10407 D NetworkSecurityConfig: Using Network Security Config from resource network_security_config debugBuild: false
07-05 17:29:15.337 28496 28506 I zygote  : Background concurrent copying GC freed 788713(17MB) AllocSpace objects, 0(0B) LOS objects, 10% free, 52MB/58MB, paused 754us total 1.546s
07-05 17:29:15.391 10372 10407 I ProviderInstaller: Installed default security provider GmsCore_OpenSSL
07-05 17:29:15.416  1970  1970 W ChimeraUtils: Non Chimera context
07-05 17:29:15.417  1970  1970 W ChimeraUtils: Non Chimera context
07-05 17:29:15.521  2061  2116 D ProtoStore: no cached data
07-05 17:29:15.609 10358 10358 E FirebaseInstanceId: binding to the service failed
07-05 17:29:15.797  1970  2344 V NativeCrypto: Read error: ssl=0x8ad91678: I/O error during system call, Connection reset by peer
07-05 17:29:15.798  1970  2344 V NativeCrypto: SSL shutdown failed: ssl=0x8ad91678: I/O error during system call, Broken pipe
07-05 17:29:15.802  1970  2344 V NativeCrypto: Read error: ssl=0x8bdec6a8: I/O error during system call, Connection reset by peer
07-05 17:29:15.803  1970  2344 V NativeCrypto: SSL shutdown failed: ssl=0x8bdec6a8: I/O error during system call, Broken pipe
07-05 17:29:15.946  1970  2344 W Conscrypt: Could not set socket write timeout: java.net.SocketException: Socket closed
07-05 17:29:15.994  1970  2344 W Conscrypt: 	at com.google.android.gms.org.conscrypt.Platform.setSocketWriteTimeout(:com.google.android.gms@17785022@17.7.85 (040700-253824076):2)
07-05 17:29:15.995  1970  2344 W Conscrypt: 	at com.google.android.gms.org.conscrypt.ConscryptFileDescriptorSocket.setSoWriteTimeout(:com.google.android.gms@17785022@17.7.85 (040700-253824076):2)
07-05 17:29:16.088  2061  2116 D ProtoStore: no cached data
07-05 17:29:15.609  1604  2170 W ActivityManager: Unable to start service Intent { act=com.google.firebase.MESSAGING_EVENT pkg=com.google.android.googlequicksearchbox } U=0: not found
07-05 17:29:16.107  1604  3574 W ActivityManager: Unable to start service Intent { act=com.google.firebase.MESSAGING_EVENT pkg=com.google.android.googlequicksearchbox } U=0: not found
07-05 17:29:16.107 10358 10358 E FirebaseInstanceId: binding to the service failed
07-05 17:29:16.189 10358 10427 E GellerSyncWorker: Unable to schedule a background task for corpus ASSISTANT_SETTINGS
07-05 17:29:16.236 10358 10358 E FirebaseInstanceId: binding to the service failed
07-05 17:29:16.311 10358 10433 E BluetoothAdapter: Bluetooth binder is null
07-05 17:29:16.389  1970  2344 W Conscrypt: Could not set socket write timeout: java.net.SocketException: Socket closed
07-05 17:29:16.389  1970  2344 W Conscrypt: 	at com.google.android.gms.org.conscrypt.Platform.setSocketWriteTimeout(:com.google.android.gms@17785022@17.7.85 (040700-253824076):2)
07-05 17:29:16.390  1970  2344 W Conscrypt: 	at com.google.android.gms.org.conscrypt.ConscryptFileDescriptorSocket.setSoWriteTimeout(:com.google.android.gms@17785022@17.7.85 (040700-253824076):2)
07-05 17:29:16.571  2061  2116 D ProtoStore: no cached data
07-05 17:29:16.235  1604  3574 W ActivityManager: Unable to start service Intent { act=com.google.firebase.MESSAGING_EVENT pkg=com.google.android.googlequicksearchbox } U=0: not found
07-05 17:29:16.726  1604  1853 W ActivityManager: Unable to start service Intent { act=com.google.firebase.MESSAGING_EVENT pkg=com.google.android.googlequicksearchbox } U=0: not found
07-05 17:29:16.731 10358 10358 E FirebaseInstanceId: binding to the service failed
07-05 17:29:17.231 28496 28506 I zygote  : Background concurrent copying GC freed 682240(15MB) AllocSpace objects, 0(0B) LOS objects, 11% free, 46MB/52MB, paused 2.194ms total 1.112s
07-05 17:29:17.362 10358 10363 I zygote  : Do full code cache collection, code=105KB, data=106KB
07-05 17:29:17.364 10358 10363 I zygote  : After code cache collection, code=100KB, data=60KB
07-05 17:29:17.423  1604  1678 W AlarmManager: Unrecognized alarm listener com.android.server.wifi.WifiConfigStore$1@223dfff
07-05 17:29:17.456  1604  1678 D WifiConfigStore: Writing to stores completed in 33 ms.
07-05 17:29:17.464 10358 10363 I zygote  : Do partial code cache collection, code=106KB, data=61KB
07-05 17:29:17.467 10358 10363 I zygote  : After code cache collection, code=103KB, data=60KB
07-05 17:29:17.468 10358 10363 I zygote  : Increasing code cache capacity to 512KB
07-05 17:29:17.898 10358 10487 I FA      : App measurement is starting up, version: 16250
07-05 17:29:17.898 10358 10487 I FA      : To enable debug logging run: adb shell setprop log.tag.FA VERBOSE
07-05 17:29:17.898 10358 10487 I FA      : To enable faster debug mode event logging run:
07-05 17:29:17.898 10358 10487 I FA      :   adb shell setprop debug.firebase.analytics.app com.google.android.googlequicksearchbox
07-05 17:29:18.025  1604  3158 I WifiService: acquireWifiLock uid=10014 lockMode=2
07-05 17:29:18.028 10358 10487 I zygote  : Deoptimizing java.lang.Object com.google.android.gms.measurement.internal.ds.a(java.lang.Object) due to JIT inline cache
07-05 17:29:18.190 10358 10493 E LibraryVersion: Failed to get app version for libraryName: firebase-iid
07-05 17:29:18.795  1970 10437 W Conscrypt: Could not set socket write timeout: java.net.SocketException: Socket closed
07-05 17:29:18.856  1970 10437 W Conscrypt: 	at com.google.android.gms.org.conscrypt.Platform.setSocketWriteTimeout(:com.google.android.gms@17785022@17.7.85 (040700-253824076):2)
07-05 17:29:18.856  1970 10437 W Conscrypt: 	at com.google.android.gms.org.conscrypt.ConscryptFileDescriptorSocket.setSoWriteTimeout(:com.google.android.gms@17785022@17.7.85 (040700-253824076):2)
07-05 17:29:19.222  1970 10437 W Conscrypt: Could not set socket write timeout: java.net.SocketException: Socket closed
07-05 17:29:19.222  1970 10437 W Conscrypt: 	at com.google.android.gms.org.conscrypt.Platform.setSocketWriteTimeout(:com.google.android.gms@17785022@17.7.85 (040700-253824076):2)
07-05 17:29:19.222  1970 10437 W Conscrypt: 	at com.google.android.gms.org.conscrypt.ConscryptFileDescriptorSocket.setSoWriteTimeout(:com.google.android.gms@17785022@17.7.85 (040700-253824076):2)
07-05 17:29:19.472 10372 10439 I zygote  : Deoptimizing aetu aela.b(int) due to JIT inline cache
07-05 17:29:19.620 28496 28506 I zygote  : Background concurrent copying GC freed 369117(8MB) AllocSpace objects, 0(0B) LOS objects, 11% free, 46MB/52MB, paused 954us total 1.128s
07-05 17:29:20.138 10372 10377 I zygote  : Do full code cache collection, code=125KB, data=99KB
07-05 17:29:20.143 10372 10377 I zygote  : After code cache collection, code=113KB, data=57KB
07-05 17:29:20.178 10372 10377 I zygote  : Do partial code cache collection, code=113KB, data=57KB
07-05 17:29:20.183 10372 10377 I zygote  : After code cache collection, code=113KB, data=57KB
07-05 17:29:20.183 10372 10377 I zygote  : Increasing code cache capacity to 512KB
07-05 17:29:20.226 10372 10439 I zygote  : Deoptimizing java.lang.Object aetu.next() due to JIT inline cache
07-05 17:29:20.226 10372 10439 I zygote  : Deoptimizing java.lang.Object aelc.a(int) due to JIT inline cache
07-05 17:29:20.277 10372 10439 I zygote  : Deoptimizing void acpp.a(aclm, java.util.Collection) due to JIT inline cache
07-05 17:29:20.474 10372 10439 I zygote  : Deoptimizing void agdq.a(java.lang.Iterable, java.util.List) due to JIT inline cache
07-05 17:29:20.806 10372 10452 I zygote  : Deoptimizing java.lang.Object acow.a(acli) due to JIT inline cache
07-05 17:29:21.010  1604  5753 D WificondControl: Scan result ready event
07-05 17:29:21.248 10372 10442 I zygote  : Deoptimizing aetu aela.b(int) due to JIT inline cache
07-05 17:29:21.296  1604  3158 I WifiService: releaseWifiLock uid=10014
07-05 17:29:21.610 28496 28506 I zygote  : Background concurrent copying GC freed 371436(8MB) AllocSpace objects, 0(0B) LOS objects, 11% free, 47MB/53MB, paused 13.625ms total 783.624ms
07-05 17:29:23.301 10372 10441 I zygote  : Deoptimizing java.lang.Object aeri.a(java.lang.Object, java.lang.Object[], int, int, java.lang.Object) due to JIT inline cache
07-05 17:29:23.562 28496 28506 I zygote  : Background concurrent copying GC freed 413691(9MB) AllocSpace objects, 0(0B) LOS objects, 11% free, 44MB/50MB, paused 5.751ms total 724.043ms
07-05 17:29:25.870 10372 10452 I zygote  : Deoptimizing acqr actn.a(acti, acqp, aebt, java.util.List, acqf) due to JIT inline cache
07-05 17:29:26.332 10372 10372 I zygote  : Deoptimizing aetu aela.b(int) due to JIT inline cache
07-05 17:29:26.474  1970 10282 I Places  : Converted 1 out of 1 WiFi scans
07-05 17:29:26.475  1604  2170 I WifiService: getConnectionInfo uid=10014
07-05 17:29:26.555 28496 28506 I zygote  : Background concurrent copying GC freed 320210(7MB) AllocSpace objects, 0(0B) LOS objects, 10% free, 49MB/55MB, paused 7.178ms total 1.658s
07-05 17:29:26.602  1970  9717 I PlaceInferenceEngine: No beacon scan available - ignoring candidates.
07-05 17:29:26.615 10372 10372 I zygote  : Deoptimizing void aelc.<init>(aela, int) due to JIT inline cache
07-05 17:29:26.660  1970  9717 I PlaceInferenceEngine: No beacon scan available - ignoring candidates.
07-05 17:29:26.766 10372 10372 W ymr     : Failed to find local clusters.
07-05 17:29:27.104 10372 10441 I zygote  : Deoptimizing aflh acoy.a(acpp, aclz, acmh, java.util.Collection) due to JIT inline cache
07-05 17:29:27.112 10372 10452 I zygote  : Deoptimizing java.lang.Object acpa.a(acos) due to JIT inline cache
07-05 17:29:27.163 10372 10377 I zygote  : Do full code cache collection, code=237KB, data=149KB
07-05 17:29:27.165 10372 10377 I zygote  : After code cache collection, code=197KB, data=103KB
07-05 17:29:27.604 10372 10372 I zygote  : Deoptimizing void adat.execute(java.lang.Runnable) due to JIT inline cache
07-05 17:29:27.718 10372 10382 W zygote  : Suspending all threads took: 5.713ms
07-05 17:29:27.817 10372 10377 I zygote  : Do partial code cache collection, code=213KB, data=122KB
07-05 17:29:27.819 10372 10377 I zygote  : After code cache collection, code=212KB, data=122KB
07-05 17:29:27.819 10372 10377 I zygote  : Increasing code cache capacity to 1024KB
07-05 17:29:28.666 28496 28506 I zygote  : Background concurrent copying GC freed 515338(11MB) AllocSpace objects, 0(0B) LOS objects, 11% free, 47MB/53MB, paused 1.172ms total 887.626ms
07-05 17:29:28.850  1604  1617 E memtrack: Couldn't load memtrack module
07-05 17:29:28.850  1604  1617 W android.os.Debug: failed to get memory consumption info: -1
07-05 17:29:29.146 10372 10372 I zygote  : Deoptimizing aetu aela.b(int) due to JIT inline cache
07-05 17:29:29.146 10372 10372 I zygote  : Deoptimizing void aelc.<init>(aela, int) due to JIT inline cache
07-05 17:29:29.146 10372 10372 I zygote  : Deoptimizing java.lang.Object aeri.a(java.lang.Object, java.lang.Object[], int, int, java.lang.Object) due to JIT inline cache
07-05 17:29:29.189  1604  1617 E memtrack: Couldn't load memtrack module
07-05 17:29:29.189  1604  1617 W android.os.Debug: failed to get memory consumption info: -1
07-05 17:29:30.275 10372 10393 I zygote  : Deoptimizing java.lang.Object aeri.a(java.lang.Object, java.lang.Object[], int, int, java.lang.Object) due to JIT inline cache
07-05 17:29:30.390 10372 10504 W zbe     : Attempted to read unclipped body before it was fetched for messageId: msg-f:1638132281896995098
07-05 17:29:30.393 28496 28506 I zygote  : Background concurrent copying GC freed 430214(9MB) AllocSpace objects, 0(0B) LOS objects, 11% free, 44MB/50MB, paused 5.733ms total 568.927ms
07-05 17:29:30.474 10372 10504 D OpenGLRenderer: HWUI GL Pipeline
07-05 17:29:30.952  2180  2467 I FontsContentProvider: Received query Google Sans, URI content://com.google.android.gms.fonts
07-05 17:29:30.963  2180  2467 I FontsContentProvider: Query [Google Sans] resolved to {Google Sans, wdth 100.0, wght 400, ital 0.0, bestEffort false}
07-05 17:29:30.997  2180  2467 I FontsContentProvider: Fetch {Google Sans, wdth 100.0, wght 400, ital 0.0, bestEffort false} end status Status{statusCode=SUCCESS, resolution=null}
07-05 17:29:31.019  2180  2467 I FontsContentProvider: Pulling font file for id = 58, cache size = 4
07-05 17:29:31.051 10372 10504 W Gmail   : Gmail:Error setting letter tile font.
07-05 17:29:31.059 10372 10504 W zbe     : Attempted to read unclipped body before it was fetched for messageId: msg-f:1638136635593059771
07-05 17:29:31.355 28496 28506 I zygote  : Background concurrent copying GC freed 316997(7MB) AllocSpace objects, 0(0B) LOS objects, 12% free, 43MB/49MB, paused 1.306ms total 463.053ms
07-05 17:29:31.710 10372 10504 W zbe     : Attempted to read unclipped body before it was fetched for messageId: msg-f:1638138049797815224
07-05 17:29:31.958 10358 10427 I WorkerManager: dispose()
07-05 17:29:32.094  1410  1410 I boot-pipe: done populating /dev/random
07-05 17:29:32.228 10372 10504 W zbe     : Attempted to read unclipped body before it was fetched for messageId: msg-f:1638138140932878738
07-05 17:29:32.370 10372 10504 W zbe     : Attempted to read unclipped body before it was fetched for messageId: msg-f:1638141441986263213
07-05 17:29:32.560 10372 10504 W zbe     : Attempted to read unclipped body before it was fetched for messageId: msg-f:1638144972564889693
07-05 17:29:32.721 10372 10504 W zbe     : Attempted to read unclipped body before it was fetched for messageId: msg-f:1638147069146844209
07-05 17:29:33.112 10372 10504 W zbe     : Attempted to read unclipped body before it was fetched for messageId: msg-f:1638147958137058920
07-05 17:29:33.575 10372 10504 W zbe     : Attempted to read unclipped body before it was fetched for messageId: msg-f:1638148030030200859
07-05 17:29:33.680 10372 10504 W zbe     : Attempted to read unclipped body before it was fetched for messageId: msg-f:1638149870929262580
07-05 17:29:33.970  1604  1617 E memtrack: Couldn't load memtrack module
07-05 17:29:33.970  1604  1617 W android.os.Debug: failed to get memory consumption info: -1
07-05 17:29:34.268 28496 28506 I zygote  : Background concurrent copying GC freed 274925(6MB) AllocSpace objects, 0(0B) LOS objects, 10% free, 50MB/56MB, paused 925us total 1.187s
07-05 17:29:34.368 10372 10504 W zbe     : Attempted to read unclipped body before it was fetched for messageId: msg-f:1638162778044477188
07-05 17:29:34.445  1604  1617 E memtrack: Couldn't load memtrack module
07-05 17:29:34.445  1604  1617 W android.os.Debug: failed to get memory consumption info: -1
07-05 17:29:34.642  1604  1613 I zygote  : Background concurrent copying GC freed 41937(1981KB) AllocSpace objects, 4(208KB) LOS objects, 5% free, 105MB/111MB, paused 1.510ms total 2.255s
07-05 17:29:34.770 10372 10504 W zbe     : Attempted to read unclipped body before it was fetched for messageId: msg-f:1638164156993842388
07-05 17:29:35.022 10372 10504 W zbe     : Attempted to read unclipped body before it was fetched for messageId: msg-f:1638165011184380708
07-05 17:29:35.291 10372 10504 W zbe     : Attempted to read unclipped body before it was fetched for messageId: msg-f:1638169399589181621
07-05 17:29:35.501 10372 10504 W zbe     : Attempted to read unclipped body before it was fetched for messageId: msg-f:1638169622545903891
07-05 17:29:35.616 28496 28506 I zygote  : Background concurrent copying GC freed 565916(12MB) AllocSpace objects, 0(0B) LOS objects, 12% free, 43MB/49MB, paused 7.063ms total 598.738ms
07-05 17:29:35.778 10372 10504 W zbe     : Attempted to read unclipped body before it was fetched for messageId: msg-f:1638169754907934524
07-05 17:29:36.100 10372 10504 W zbe     : Attempted to read unclipped body before it was fetched for messageId: msg-f:1638172232915425552
07-05 17:29:36.253 10372 10504 W zbe     : Attempted to read unclipped body before it was fetched for messageId: msg-f:1638191188786715504
07-05 17:29:36.276  1604  5753 D WificondControl: Scan result ready event
07-05 17:29:36.406 10372 10504 W zbe     : Attempted to read unclipped body before it was fetched for messageId: msg-f:1638202191839467788
07-05 17:29:36.601 10372 10504 W zbe     : Attempted to read unclipped body before it was fetched for messageId: msg-f:1638212511307190222
07-05 17:29:36.936  2180  2194 I zygote  : Background concurrent copying GC freed 33127(1774KB) AllocSpace objects, 12(784KB) LOS objects, 36% free, 10MB/16MB, paused 3.390ms total 277.916ms
07-05 17:29:36.979 10372 10504 W zbe     : Attempted to read unclipped body before it was fetched for messageId: msg-f:1638215941175743000
07-05 17:29:37.416 10372 10504 W zbe     : Attempted to read unclipped body before it was fetched for messageId: msg-f:1638216133809898684
07-05 17:29:37.636 28496 28506 I zygote  : Background concurrent copying GC freed 287003(6MB) AllocSpace objects, 0(0B) LOS objects, 11% free, 45MB/51MB, paused 3.017ms total 645.201ms
07-05 17:29:37.674 10372 10504 W zbe     : Attempted to read unclipped body before it was fetched for messageId: msg-f:1638216870836547062
07-05 17:29:37.991 10372 10504 W zbe     : Attempted to read unclipped body before it was fetched for messageId: msg-f:1638220096832561968
07-05 17:29:38.047  1604  3158 I WifiService: acquireWifiLock uid=10014 lockMode=2
07-05 17:29:38.186  1604  3574 I WifiService: releaseWifiLock uid=10014
07-05 17:29:38.285 10372 10504 W zbe     : Attempted to read unclipped body before it was fetched for messageId: msg-f:1638223808129147134
07-05 17:29:38.648 10372 10504 W zbe     : Attempted to read unclipped body before it was fetched for messageId: msg-f:1638228224869963239
07-05 17:29:38.910 10372 10504 W zbe     : Attempted to read unclipped body before it was fetched for messageId: msg-f:1638229451266967589
07-05 17:29:39.315 10372 10504 W zbe     : Attempted to read unclipped body before it was fetched for messageId: msg-f:1638230106439357215
07-05 17:29:39.548 10372 10504 W zbe     : Attempted to read unclipped body before it was fetched for messageId: msg-f:1638237208691275741
07-05 17:29:39.886 28496 28506 I zygote  : Background concurrent copying GC freed 341687(7MB) AllocSpace objects, 0(0B) LOS objects, 11% free, 48MB/54MB, paused 3.617ms total 1.228s
07-05 17:29:40.507  2061  2074 I zygote  : NativeAlloc concurrent copying GC freed 9862(809KB) AllocSpace objects, 10(840KB) LOS objects, 49% free, 4MB/9MB, paused 1.229ms total 445.027ms
07-05 17:29:40.916  2061  2074 I zygote  : NativeAlloc concurrent copying GC freed 4755(263KB) AllocSpace objects, 0(0B) LOS objects, 50% free, 4MB/9MB, paused 908us total 298.142ms
07-05 17:29:41.129  1707  1707 W StaticLayout: maxLineHeight should not be -1.  maxLines:1 lineCount:1
07-05 17:29:41.428  2061  2074 I zygote  : NativeAlloc concurrent copying GC freed 3983(226KB) AllocSpace objects, 0(0B) LOS objects, 49% free, 4MB/9MB, paused 994us total 334.456ms
07-05 17:29:41.508  1707  1707 W StaticLayout: maxLineHeight should not be -1.  maxLines:7 lineCount:7
07-05 17:29:41.508  1707  1707 W StaticLayout: maxLineHeight should not be -1.  maxLines:7 lineCount:7
07-05 17:29:41.511  8754  8759 I zygote  : Do partial code cache collection, code=11KB, data=31KB
07-05 17:29:41.511  8754  8759 I zygote  : After code cache collection, code=11KB, data=31KB
07-05 17:29:41.511  8754  8759 I zygote  : Increasing code cache capacity to 128KB
07-05 17:29:41.571  1707  1729 I zygote  : NativeAlloc concurrent copying GC freed 43680(1966KB) AllocSpace objects, 0(0B) LOS objects, 39% free, 9MB/15MB, paused 1.309ms total 1.536s
07-05 17:29:41.787  1604  3139 I ActivityManager: Process com.mapfactor.navigator:Notifications (pid 5044) has died: cch+6SVC 
07-05 17:29:41.787  1604  3139 W ActivityManager: Scheduling restart of crashed service com.mapfactor.navigator/.notifications.NotificationsService in 1000ms
07-05 17:29:41.788  1604  1620 W zygote  : kill(-5044, 9) failed: No such process
07-05 17:29:41.788  1604  1620 I zygote  : Successfully killed process cgroup uid 10088 pid 5044 in 0ms
07-05 17:29:41.932  1604  5753 I ActivityManager: Process com.google.android.gms.unstable (pid 6055) has died: cch+6CEM 
07-05 17:29:41.933  1604  1620 W zygote  : kill(-6055, 9) failed: No such process
07-05 17:29:41.933  1604  1620 I zygote  : Successfully killed process cgroup uid 10014 pid 6055 in 0ms
07-05 17:29:42.006  1604  1619 W Looper  : Dispatch took 218ms on android.ui, h=Handler (com.android.server.am.ActivityManagerService$UiHandler) {63b7718} cb=null msg=53
07-05 17:29:42.057  2061  2074 I zygote  : NativeAlloc concurrent copying GC freed 3497(211KB) AllocSpace objects, 0(0B) LOS objects, 50% free, 4MB/9MB, paused 2.161ms total 264.493ms
07-05 17:29:42.232  1604  3712 I ActivityManager: Process com.google.process.gapps (pid 9778) has died: cch+6CEM 
07-05 17:29:42.233  1604  1620 W zygote  : kill(-9778, 9) failed: No such process
07-05 17:29:42.233  1604  1620 I zygote  : Successfully killed process cgroup uid 10052 pid 9778 in 0ms
07-05 17:29:42.321  1707  1707 I Choreographer: Skipped 48 frames!  The application may be doing too much work on its main thread.
07-05 17:29:42.358  1604  1853 I ActivityManager: Process com.google.android.apps.photos (pid 10055) has died: cch+6CEM 
07-05 17:29:42.359  1604  1620 W zygote  : kill(-10055, 9) failed: No such process
07-05 17:29:42.359  1604  1620 I zygote  : Successfully killed process cgroup uid 10067 pid 10055 in 0ms
07-05 17:29:42.701  1970 10282 I Places  : Converted 1 out of 1 WiFi scans
07-05 17:29:42.703  1604  9404 I WifiService: getConnectionInfo uid=10014
07-05 17:29:42.804  1604  1618 I ActivityManager: Start proc 10516:com.mapfactor.navigator:Notifications/u0a88 for service com.mapfactor.navigator/.notifications.NotificationsService
07-05 17:29:42.821  1604  1853 I ActivityManager: Process com.google.android.deskclock (pid 9946) has died: cch+6CEM 
07-05 17:29:42.822  1604  1620 W zygote  : kill(-9946, 9) failed: No such process
07-05 17:29:42.822  1604  1620 I zygote  : Successfully killed process cgroup uid 10069 pid 9946 in 0ms
07-05 17:29:42.914  2061  2074 I zygote  : NativeAlloc concurrent copying GC freed 3382(210KB) AllocSpace objects, 0(0B) LOS objects, 49% free, 4MB/9MB, paused 14.092ms total 574.891ms
07-05 17:29:42.936 10516 10516 W zygote  : Unexpected CPU variant for X86 using defaults: x86
07-05 17:29:42.986  1707  1707 W StaticLayout: maxLineHeight should not be -1.  maxLines:7 lineCount:7
07-05 17:29:42.987  1707  1707 W StaticLayout: maxLineHeight should not be -1.  maxLines:7 lineCount:7
07-05 17:29:43.054  1411  1411 E lowmemorykiller: Error writing /proc/9984/oom_score_adj; errno=22
07-05 17:29:43.079  1604  2230 W ActivityManager: Slow operation: 55ms so far, now at attachApplicationLocked: after mServices.attachApplicationLocked
07-05 17:29:43.116  1604  5750 I ActivityManager: Process com.mapswithme.maps.pro (pid 9984) has died: cch+4CEM 
07-05 17:29:43.119  1604  1620 W zygote  : kill(-9984, 9) failed: No such process
07-05 17:29:43.120  1604  1620 I zygote  : Successfully killed process cgroup uid 10085 pid 9984 in 0ms
07-05 17:29:43.150  1411  1411 E lowmemorykiller: Error writing /proc/10097/oom_score_adj; errno=22
07-05 17:29:43.279  1604  1853 I ActivityManager: Process com.google.android.play.games (pid 10097) has died: cch+6CEM 
07-05 17:29:43.284  1604  1620 W zygote  : kill(-10097, 9) failed: No such process
07-05 17:29:43.284  1604  1620 I zygote  : Successfully killed process cgroup uid 10084 pid 10097 in 0ms
07-05 17:29:43.295  1604  1878 I ActivityManager: Process com.ustwo.lwp (pid 10078) has died: cch+6CEM 
07-05 17:29:43.297  1604  1620 W zygote  : kill(-10078, 9) failed: No such process
07-05 17:29:43.297  1604  1620 I zygote  : Successfully killed process cgroup uid 10076 pid 10078 in 0ms
07-05 17:29:43.352  1970 10437 I PlaceInferenceEngine: No beacon scan available - ignoring candidates.
07-05 17:29:43.420  1604  1619 W Looper  : Dispatch took 124ms on android.ui, h=Handler (com.android.server.am.ActivityManagerService$UiHandler) {63b7718} cb=null msg=53
07-05 17:29:43.506 10358 10358 I MemoryTrimmer: Trimming objects from memory, since app is in the background.
