07-18 16:27:00.179  1592  1605 W android.os.Debug: failed to get memory consumption info: -1
07-18 16:27:00.354  1956  1956 I GeofencerStateMachine: sendNewTransitions called.
07-18 16:27:01.532  1592  7171 I WifiService: acquireWifiLock uid=10014 lockMode=2
07-18 16:27:02.001  1468  1563 I chatty  : uid=1041(audioserver) AudioOut_D expire 4 lines
07-18 16:27:04.513  1592  3044 D WificondControl: Scan result ready event
07-18 16:27:04.556  1592  2101 I WifiService: releaseWifiLock uid=10014
07-18 16:27:05.423  1956  1956 I GeofencerStateMachine: sendNewTransitions called.
07-18 16:27:05.600  1956  1966 I zygote  : Background concurrent copying GC freed 126503(5MB) AllocSpace objects, 0(0B) LOS objects, 40% free, 8MB/14MB, paused 904us total 206.356ms
07-18 16:27:06.283  5874  5884 I chatty  : uid=10104(net.osmand) HeapTaskDaemon expire 15 lines
07-18 16:27:07.640  1468  1563 I chatty  : uid=1041(audioserver) AudioOut_D expire 22 lines
07-18 16:27:07.905  1476 15242 I chatty  : uid=1013(media) NPDecoder expire 14 lines
07-18 16:27:08.399  1476 15238 I chatty  : uid=1013(media) NuPlayerDriver expire 10 lines
07-18 16:27:08.462  1476 15241 I chatty  : uid=1013(media) NuPlayerRendere expire 14 lines
07-18 16:27:09.296  1387  5615 I chatty  : uid=1041(audioserver) writer expire 42 lines
07-18 16:27:10.452  1956  1956 I GeofencerStateMachine: sendNewTransitions called.
07-18 16:27:15.493  1956  1956 I GeofencerStateMachine: sendNewTransitions called.
07-18 16:27:20.519  1956  1956 I GeofencerStateMachine: sendNewTransitions called.
07-18 16:27:20.853  1476 15242 I chatty  : uid=1013(media) NPDecoder expire 1 line
07-18 16:27:20.909  1476 15241 I chatty  : uid=1013(media) NuPlayerRendere expire 3 lines
07-18 16:27:21.203  1592  4629 I zygote  : IncrementDisableThreadFlip blocked for 8.926ms
07-18 16:27:21.566  1592  7171 I WifiService: acquireWifiLock uid=10014 lockMode=2
07-18 16:27:21.697  5874  5884 I chatty  : uid=10104(net.osmand) HeapTaskDaemon expire 15 lines
07-18 16:27:21.802  1592  7171 I WifiService: releaseWifiLock uid=10014
07-18 16:27:22.147  1592  1601 I zygote  : Background concurrent copying GC freed 46857(1968KB) AllocSpace objects, 0(0B) LOS objects, 12% free, 42MB/48MB, paused 2.454ms total 976.763ms
07-18 16:27:23.592  1476 15242 I chatty  : uid=1013(media) NPDecoder expire 14 lines
07-18 16:27:23.975  1476 15238 I chatty  : uid=1013(media) NuPlayerDriver expire 8 lines
07-18 16:27:25.627  1956  1956 I GeofencerStateMachine: sendNewTransitions called.
07-18 16:27:26.708  1476 15241 I chatty  : uid=1013(media) NuPlayerRendere expire 15 lines
07-18 16:27:29.000  1468  1563 I chatty  : uid=1041(audioserver) AudioOut_D expire 7 lines
07-18 16:27:30.121  1387  5615 I chatty  : uid=1041(audioserver) writer expire 19 lines
07-18 16:27:31.273  1956  1956 I GeofencerStateMachine: sendNewTransitions called.
07-18 16:27:36.322  1956  1956 I GeofencerStateMachine: sendNewTransitions called.
07-18 16:27:36.453  5874  5884 I chatty  : uid=10104(net.osmand) HeapTaskDaemon expire 16 lines
07-18 16:27:36.632  1476 15238 I chatty  : uid=1013(media) NuPlayerDriver expire 10 lines
07-18 16:27:36.647  1476 15242 I chatty  : uid=1013(media) NPDecoder expire 13 lines
07-18 16:27:36.696  1476 15241 I chatty  : uid=1013(media) NuPlayerRendere expire 23 lines
07-18 16:27:37.993  1387  5615 I chatty  : uid=1041(audioserver) writer expire 26 lines
07-18 16:27:38.023  1468  1563 I chatty  : uid=1041(audioserver) AudioOut_D expire 11 lines
07-18 16:27:41.448  1956  1956 I GeofencerStateMachine: sendNewTransitions called.
07-18 16:27:42.625  1592  2101 I WifiService: acquireWifiLock uid=10014 lockMode=2
07-18 16:27:43.654  1403  1403 I boot-pipe: done populating /dev/random
07-18 16:27:45.612  1592  6494 D WificondControl: Scan result ready event
07-18 16:27:45.680  1592  4629 I WifiService: releaseWifiLock uid=10014
07-18 16:27:46.434  1956  1956 I GeofencerStateMachine: sendNewTransitions called.
07-18 16:27:51.505  1956  1956 I GeofencerStateMachine: sendNewTransitions called.
07-18 16:27:51.812  1476 15242 I chatty  : uid=1013(media) NPDecoder expire 3 lines
07-18 16:27:52.243  1476 15238 I chatty  : uid=1013(media) NuPlayerDriver expire 2 lines
07-18 16:27:52.292  5874  5884 I chatty  : uid=10104(net.osmand) HeapTaskDaemon expire 4 lines
07-18 16:27:52.304  1476 15241 I chatty  : uid=1013(media) NuPlayerRendere expire 4 lines
07-18 16:27:53.181  1468  1563 I chatty  : uid=1041(audioserver) AudioOut_D expire 1 line
07-18 16:27:53.196  1387  5615 I chatty  : uid=1041(audioserver) writer expire 15 lines
07-18 16:27:54.857  1476 15242 I chatty  : uid=1013(media) NPDecoder expire 2 lines
07-18 16:27:54.861  5874  5874 I chatty  : uid=10104(net.osmand) expire 1 line
07-18 16:27:55.347  1476 15238 I chatty  : uid=1013(media) NuPlayerDriver expire 2 lines
07-18 16:27:55.392  1476 15242 I chatty  : uid=1013(media) NPDecoder expire 1 line
07-18 16:27:55.422  1476 15241 I chatty  : uid=1013(media) NuPlayerRendere expire 3 lines
07-18 16:27:55.474 15586 15638 E PlayCommon: [662] aeho.d(289): Failed to connect to server: java.net.ConnectException: Failed to connect to play.googleapis.com/172.217.172.138:443
07-18 16:27:55.580  1468  1563 I chatty  : uid=1041(audioserver) AudioOut_D expire 7 lines
07-18 16:27:56.272  5874  5884 I chatty  : uid=10104(net.osmand) HeapTaskDaemon expire 12 lines
07-18 16:27:56.606  1956  1956 I GeofencerStateMachine: sendNewTransitions called.
07-18 16:27:58.110  1476 15242 I chatty  : uid=1013(media) NPDecoder expire 12 lines
07-18 16:27:58.208  1592  1601 I zygote  : Background concurrent copying GC freed 45373(1903KB) AllocSpace objects, 0(0B) LOS objects, 12% free, 42MB/48MB, paused 2.364ms total 1.141s
07-18 16:27:58.648  1476 15238 I chatty  : uid=1013(media) NuPlayerDriver expire 8 lines
07-18 16:27:58.716  1476 15241 I chatty  : uid=1013(media) NuPlayerRendere expire 15 lines
07-18 16:27:59.353  1387  5615 I chatty  : uid=1041(audioserver) writer expire 18 lines
07-18 16:28:02.305  1956  1956 I GeofencerStateMachine: sendNewTransitions called.
07-18 16:28:02.636  1592  2101 I WifiService: acquireWifiLock uid=10014 lockMode=2
07-18 16:28:02.742  1592  7171 I WifiService: releaseWifiLock uid=10014
07-18 16:28:08.321  1468  1563 I chatty  : uid=1041(audioserver) AudioOut_D expire 3 lines
07-18 16:28:08.343  1956  1956 I GeofencerStateMachine: sendNewTransitions called.
07-18 16:28:08.559  5874  5884 I chatty  : uid=10104(net.osmand) HeapTaskDaemon expire 15 lines
07-18 16:28:10.551  1476 15242 I chatty  : uid=1013(media) NPDecoder expire 12 lines
07-18 16:28:11.115  1476 15238 I chatty  : uid=1013(media) NuPlayerDriver expire 8 lines
07-18 16:28:12.753  1387  5615 I chatty  : uid=1041(audioserver) writer expire 21 lines
07-18 16:28:12.786  1468  1563 I chatty  : uid=1041(audioserver) AudioOut_D expire 7 lines
07-18 16:28:13.468  1956  1956 I GeofencerStateMachine: sendNewTransitions called.
07-18 16:28:13.930  1476 15241 I chatty  : uid=1013(media) NuPlayerRendere expire 10 lines
07-18 16:28:18.535  1956  1956 I GeofencerStateMachine: sendNewTransitions called.
07-18 16:26:40.002  1592  1609 E BatteryExternalStatsWorker: modem info is invalid: ModemActivityInfo{ mTimestamp=0 mSleepTimeMs=0 mIdleTimeMs=0 mTxTimeMs[]=[0, 0, 0, 0, 0] mRxTimeMs=0 mEnergyUsed=0}
07-18 16:28:22.507  1592  1605 I UsageStatsService: User[0] Flushing usage stats to disk
07-18 16:28:22.653  1592  2101 I WifiService: acquireWifiLock uid=10014 lockMode=2
07-18 16:28:23.182  1476 15242 I chatty  : uid=1013(media) NPDecoder expire 1 line
07-18 16:28:23.304  5874  5884 I chatty  : uid=10104(net.osmand) HeapTaskDaemon expire 10 lines
07-18 16:28:23.435  1476 15241 I chatty  : uid=1013(media) NuPlayerRendere expire 13 lines
07-18 16:28:23.678  1956  1956 I GeofencerStateMachine: sendNewTransitions called.
07-18 16:28:23.749  1476 15238 I chatty  : uid=1013(media) NuPlayerDriver expire 8 lines
07-18 16:28:23.767  1476 15242 I chatty  : uid=1013(media) NPDecoder expire 11 lines
07-18 16:28:24.801  1468  1563 I chatty  : uid=1041(audioserver) AudioOut_D expire 7 lines
07-18 16:28:25.654  1592  2101 D WificondControl: Scan result ready event
07-18 16:28:25.734  1592  4629 I WifiService: releaseWifiLock uid=10014
07-18 16:28:26.385  1387  5615 I chatty  : uid=1041(audioserver) writer expire 15 lines
07-18 16:28:29.250  1956  1956 I GeofencerStateMachine: sendNewTransitions called.
07-18 16:28:32.569  1592  1601 I zygote  : ThreadFlipBegin blocked for 7.248ms
07-18 16:28:32.571  1592  2101 I zygote  : IncrementDisableThreadFlip blocked for 9.097ms
07-18 16:28:32.576  1592  1605 I zygote  : IncrementDisableThreadFlip blocked for 13.304ms
07-18 16:28:33.491  1592  1601 I zygote  : Background concurrent copying GC freed 48764(2MB) AllocSpace objects, 10(520KB) LOS objects, 12% free, 42MB/48MB, paused 1.191ms total 927.341ms
07-18 16:28:33.600  5874  5884 I chatty  : uid=10104(net.osmand) HeapTaskDaemon expire 11 lines
07-18 16:28:34.269  1387  5615 I chatty  : uid=1041(audioserver) writer expire 40 lines
07-18 16:28:34.297  1468  1563 I chatty  : uid=1041(audioserver) AudioOut_D expire 8 lines
07-18 16:28:34.310  1956  1956 I GeofencerStateMachine: sendNewTransitions called.
07-18 16:28:35.824  1476 15242 I chatty  : uid=1013(media) NPDecoder expire 10 lines
07-18 16:28:36.262  1476 15238 I chatty  : uid=1013(media) NuPlayerDriver expire 6 lines
07-18 16:28:36.321  1476 15241 I chatty  : uid=1013(media) NuPlayerRendere expire 8 lines
07-18 16:28:39.455  1956  1956 I GeofencerStateMachine: sendNewTransitions called.
07-18 16:28:43.659  1403  1403 I boot-pipe: done populating /dev/random
07-18 16:28:43.676  1592  6494 I WifiService: acquireWifiLock uid=10014 lockMode=2
07-18 16:28:43.766  1592  6494 I WifiService: releaseWifiLock uid=10014
07-18 16:28:44.538  1956  1956 I GeofencerStateMachine: sendNewTransitions called.
07-18 16:28:44.602  5874  5884 I chatty  : uid=10104(net.osmand) HeapTaskDaemon expire 11 lines
07-18 16:28:45.613  1476 15238 I chatty  : uid=1013(media) NuPlayerDriver expire 6 lines
07-18 16:28:45.627  1476 15242 I chatty  : uid=1013(media) NPDecoder expire 10 lines
07-18 16:28:45.671  1476 15241 I chatty  : uid=1013(media) NuPlayerRendere expire 8 lines
07-18 16:28:46.129  1468  1563 I chatty  : uid=1041(audioserver) AudioOut_D expire 7 lines
07-18 16:28:46.750  1387  5615 I chatty  : uid=1041(audioserver) writer expire 12 lines
07-18 16:28:49.596  1956  1956 I GeofencerStateMachine: sendNewTransitions called.
07-18 16:28:54.622  1956  1956 I GeofencerStateMachine: sendNewTransitions called.
07-18 16:28:54.871  5874  5874 I chatty  : uid=10104(net.osmand) expire 1 line
07-18 16:28:54.909  5874  5901 I chatty  : uid=10104(net.osmand) RenderingBaseIm expire 2 lines
07-18 16:28:54.983  1476 15238 I chatty  : uid=1013(media) NuPlayerDriver expire 2 lines
07-18 16:28:55.003  1476 15242 I chatty  : uid=1013(media) NPDecoder expire 2 lines
07-18 16:28:55.377  5874  5900 I chatty  : uid=10104(net.osmand) Loader map obje expire 1 line
07-18 16:28:55.584  5874  5884 I chatty  : uid=10104(net.osmand) HeapTaskDaemon expire 1 line
07-18 16:28:55.707  1387  5615 I chatty  : uid=1041(audioserver) writer expire 6 lines
07-18 16:28:55.738  5874  5900 I chatty  : uid=10104(net.osmand) Loader map obje expire 16 lines
07-18 16:28:56.254  1468  1563 I chatty  : uid=1041(audioserver) AudioOut_D expire 3 lines
07-18 16:28:56.562  5874  5884 I chatty  : uid=10104(net.osmand) HeapTaskDaemon expire 11 lines
07-18 16:28:56.605  1592 16372 D NetworkMonitor/NetworkAgentInfo [MOBILE (GPRS) - 100]: PROBE_DNS www.google.com 32ms OK 2800:3f0:4001:801::2004,172.217.28.228
07-18 16:28:56.605  1592 16373 D NetworkMonitor/NetworkAgentInfo [MOBILE (GPRS) - 100]: PROBE_DNS connectivitycheck.gstatic.com 27ms OK 2800:3f0:4001:81a::2003,172.217.172.131
07-18 16:28:57.750  1476 15241 I chatty  : uid=1013(media) NuPlayerRendere expire 11 lines
07-18 16:28:57.954  1592 16373 D NetworkMonitor/NetworkAgentInfo [MOBILE (GPRS) - 100]: PROBE_HTTP http://connectivitycheck.gstatic.com/generate_204 time=1345ms ret=204 request={User-Agent=[Mozilla/5.0 (X11; Linux x86_64) AppleWebKit/537.36 (KHTML, like Gecko) Chrome/60.0.3112.32 Safari/537.36]} headers={null=[HTTP/1.1 204 No Content], Content-Length=[0], Date=[Thu, 18 Jul 2019 20:29:00 GMT], X-Android-Received-Millis=[1563481737954], X-Android-Response-Source=[NETWORK 204], X-Android-Selected-Protocol=[http/1.1], X-Android-Sent-Millis=[1563481737443]}
07-18 16:28:58.302  1476 15238 I chatty  : uid=1013(media) NuPlayerDriver expire 8 lines
07-18 16:28:58.309  1476 15242 I chatty  : uid=1013(media) NPDecoder expire 12 lines
07-18 16:28:59.090  1468  1563 I chatty  : uid=1041(audioserver) AudioOut_D expire 7 lines
07-18 16:28:59.181  1592 16379 D NetworkMonitor/NetworkAgentInfo [WIFI () - 101]: PROBE_DNS www.google.com 43ms OK 2800:3f0:4001:801::2004,172.217.28.228
07-18 16:28:59.186  1592 16380 D NetworkMonitor/NetworkAgentInfo [WIFI () - 101]: PROBE_DNS connectivitycheck.gstatic.com 45ms OK 2800:3f0:4001:81a::2003,172.217.172.131
07-18 16:29:00.031  1592  1605 E memtrack: Couldn't load memtrack module
07-18 16:29:00.031  1592  1605 W android.os.Debug: failed to get memory consumption info: -1
07-18 16:29:00.214  1387  5615 I chatty  : uid=1041(audioserver) writer expire 8 lines
07-18 16:29:00.312  1592  1605 E memtrack: Couldn't load memtrack module
07-18 16:29:00.312  1592  1605 W android.os.Debug: failed to get memory consumption info: -1
07-18 16:29:00.377  1956  1956 I GeofencerStateMachine: sendNewTransitions called.
07-18 16:29:02.971  1592  2007 D NetworkMonitor/NetworkAgentInfo [MOBILE (GPRS) - 100]: PROBE_FALLBACK http://play.googleapis.com/generate_204 time=3399ms ret=204 request={User-Agent=[Mozilla/5.0 (X11; Linux x86_64) AppleWebKit/537.36 (KHTML, like Gecko) Chrome/60.0.3112.32 Safari/537.36]} headers={null=[HTTP/1.1 204 No Content], Content-Length=[0], Date=[Thu, 18 Jul 2019 20:29:05 GMT], X-Android-Received-Millis=[1563481742969], X-Android-Response-Source=[NETWORK 204], X-Android-Selected-Protocol=[http/1.1], X-Android-Sent-Millis=[1563481741433]}
07-18 16:29:03.702  1592  7171 I WifiService: acquireWifiLock uid=10014 lockMode=2
07-18 16:29:06.330  1956  1956 I GeofencerStateMachine: sendNewTransitions called.
07-18 16:29:06.683  1592  6494 D WificondControl: Scan result ready event
07-18 16:29:06.767  1592  1879 I WifiService: releaseWifiLock uid=10014
07-18 16:29:06.965  1592  2371 D NetworkMonitor/NetworkAgentInfo [WIFI () - 101]: PROBE_FALLBACK http://play.googleapis.com/generate_204 time=4901ms ret=204 request={User-Agent=[Mozilla/5.0 (X11; Linux x86_64) AppleWebKit/537.36 (KHTML, like Gecko) Chrome/60.0.3112.32 Safari/537.36]} headers={null=[HTTP/1.1 204 No Content], Content-Length=[0], Date=[Thu, 18 Jul 2019 20:29:09 GMT], X-Android-Received-Millis=[1563481746964], X-Android-Response-Source=[NETWORK 204], X-Android-Selected-Protocol=[http/1.1], X-Android-Sent-Millis=[1563481745254]}
07-18 16:29:07.274  1592  1601 I zygote  : Background concurrent copying GC freed 47117(2MB) AllocSpace objects, 0(0B) LOS objects, 12% free, 42MB/48MB, paused 1.202ms total 568.637ms
07-18 16:29:07.714  5874  5884 I chatty  : uid=10104(net.osmand) HeapTaskDaemon expire 11 lines
07-18 16:29:09.418  1956  1966 I zygote  : Background concurrent copying GC freed 123302(5MB) AllocSpace objects, 0(0B) LOS objects, 40% free, 8MB/14MB, paused 1.982ms total 199.476ms
07-18 16:29:10.345  1468  1563 I chatty  : uid=1041(audioserver) AudioOut_D expire 12 lines
07-18 16:29:10.771  1387  5615 I chatty  : uid=1041(audioserver) writer expire 43 lines
07-18 16:29:10.844  1476 15238 I chatty  : uid=1013(media) NuPlayerDriver expire 6 lines
07-18 16:29:10.856  1476 15242 I chatty  : uid=1013(media) NPDecoder expire 8 lines
07-18 16:29:10.904  1476 15241 I chatty  : uid=1013(media) NuPlayerRendere expire 7 lines
07-18 16:29:11.443  1956  1956 I GeofencerStateMachine: sendNewTransitions called.
07-18 16:29:16.448  1956  1956 I GeofencerStateMachine: sendNewTransitions called.
07-18 16:29:18.354  1592 16372 D NetworkMonitor/NetworkAgentInfo [MOBILE (GPRS) - 100]: PROBE_HTTPS https://www.google.com/generate_204 Probe failed with exception java.net.SocketTimeoutException: SSL handshake timed out
07-18 16:29:18.358  1592  1671 D ConnectivityService: NetworkAgentInfo [MOBILE (GPRS) - 100] validation failed
07-18 16:29:18.626  5874  5884 I chatty  : uid=10104(net.osmand) HeapTaskDaemon expire 15 lines
07-18 16:29:19.229  1592 16380 D NetworkMonitor/NetworkAgentInfo [WIFI () - 101]: PROBE_HTTP http://connectivitycheck.gstatic.com/generate_204 Probe failed with exception java.net.SocketTimeoutException: failed to connect to connectivitycheck.gstatic.com/172.217.172.131 (port 80) from /192.168.232.2 (port 44580) after 10000ms
07-18 16:29:19.226  1592 16379 D NetworkMonitor/NetworkAgentInfo [WIFI () - 101]: PROBE_HTTPS https://www.google.com/generate_204 Probe failed with exception java.net.SocketTimeoutException: failed to connect to www.google.com/172.217.28.228 (port 443) from /192.168.232.2 (port 56045) after 10000ms
07-18 16:29:19.234  1592  1671 D ConnectivityService: NetworkAgentInfo [WIFI () - 101] validation failed
07-18 16:29:19.236  1592  1667 D WifiStateMachine: NETWORK_STATUS_UNWANTED_VALIDATION_FAILED
07-18 16:29:19.777  1476 15242 I chatty  : uid=1013(media) NPDecoder expire 17 lines
07-18 16:29:20.403  1476 15238 I chatty  : uid=1013(media) NuPlayerDriver expire 10 lines
07-18 16:29:20.469  1476 15241 I chatty  : uid=1013(media) NuPlayerRendere expire 16 lines
07-18 16:29:21.650  1956  1956 I GeofencerStateMachine: sendNewTransitions called.
07-18 16:29:23.728  1592  3044 I WifiService: acquireWifiLock uid=10014 lockMode=2
07-18 16:29:23.806  1592  1879 I WifiService: releaseWifiLock uid=10014
07-18 16:29:27.282  1956  1956 I GeofencerStateMachine: sendNewTransitions called.
07-18 16:29:29.943  1387  5615 I chatty  : uid=1041(audioserver) writer expire 14 lines
07-18 16:29:29.970  1468  1563 I chatty  : uid=1041(audioserver) AudioOut_D expire 3 lines
07-18 16:29:33.356  1956  1956 I GeofencerStateMachine: sendNewTransitions called.
07-18 16:29:33.628  5874  5884 I chatty  : uid=10104(net.osmand) HeapTaskDaemon expire 11 lines
07-18 16:29:34.449  1387  5615 I chatty  : uid=1041(audioserver) writer expire 39 lines
07-18 16:29:35.577  1468  1563 I chatty  : uid=1041(audioserver) AudioOut_D expire 14 lines
07-18 16:29:35.698  1476 15241 I chatty  : uid=1013(media) NuPlayerRendere expire 13 lines
07-18 16:29:36.068  1476 15238 I chatty  : uid=1013(media) NuPlayerDriver expire 8 lines
07-18 16:29:36.080  1476 15242 I chatty  : uid=1013(media) NPDecoder expire 10 lines
07-18 16:29:38.472  1956  1956 I GeofencerStateMachine: sendNewTransitions called.
07-18 16:29:40.466 15586 15610 I Finsky  : [643] jen.run(3): Stats for Executor: BlockingExecutor jfw@82cd998[Running, pool size = 0, active threads = 0, queued tasks = 0, completed tasks = 17]
07-18 16:29:40.479 15586 15610 I Finsky  : [643] jen.run(3): Stats for Executor: LightweightExecutor jfw@8f525f1[Running, pool size = 2, active threads = 0, queued tasks = 0, completed tasks = 61]
07-18 16:29:41.901 15586 15610 I Finsky  : [643] jen.run(3): Stats for Executor: bgExecutor jfw@b56c5d6[Running, pool size = 4, active threads = 0, queued tasks = 0, completed tasks = 44]
07-18 16:29:43.511  1956  1956 I GeofencerStateMachine: sendNewTransitions called.
07-18 16:29:43.660  1403  1403 I boot-pipe: done populating /dev/random
07-18 16:29:44.329  5874  5884 I chatty  : uid=10104(net.osmand) HeapTaskDaemon expire 11 lines
07-18 16:29:44.799  1592  7171 I WifiService: acquireWifiLock uid=10014 lockMode=2
07-18 16:29:45.784  1592  1601 I zygote  : Background concurrent copying GC freed 49992(2MB) AllocSpace objects, 0(0B) LOS objects, 12% free, 42MB/48MB, paused 2.474ms total 1.038s
07-18 16:29:46.528  1592  1609 E BatteryExternalStatsWorker: modem info is invalid: ModemActivityInfo{ mTimestamp=0 mSleepTimeMs=0 mIdleTimeMs=0 mTxTimeMs[]=[0, 0, 0, 0, 0] mRxTimeMs=0 mEnergyUsed=0}
07-18 16:29:47.831  1728  1728 I wpa_supplicant: nl80211: send_and_recv->nl_recvmsgs failed: -33
07-18 16:29:47.832  1592  7171 D WificondControl: Scan result ready event
07-18 16:29:48.075  1592  2101 I WifiService: releaseWifiLock uid=10014
07-18 16:29:48.130  1476 15242 I chatty  : uid=1013(media) NPDecoder expire 9 lines
07-18 16:29:48.539  1476 15238 I chatty  : uid=1013(media) NuPlayerDriver expire 6 lines
07-18 16:29:48.608  1476 15241 I chatty  : uid=1013(media) NuPlayerRendere expire 9 lines
07-18 16:29:48.696  1956  1956 I GeofencerStateMachine: sendNewTransitions called.
07-18 16:29:50.945  1468  1563 I chatty  : uid=1041(audioserver) AudioOut_D expire 4 lines
07-18 16:29:52.479  1387  5615 I chatty  : uid=1041(audioserver) writer expire 10 lines
07-18 16:29:54.315  1956  1956 I GeofencerStateMachine: sendNewTransitions called.
07-18 16:29:54.898  5874  5874 I chatty  : uid=10104(net.osmand) expire 1 line
07-18 16:29:56.373  5874  5884 I chatty  : uid=10104(net.osmand) HeapTaskDaemon expire 15 lines
07-18 16:29:57.022  1387  5615 I chatty  : uid=1041(audioserver) writer expire 43 lines
07-18 16:29:57.392  1476 15242 I chatty  : uid=1013(media) NPDecoder expire 15 lines
07-18 16:29:57.642  1468  1563 I chatty  : uid=1041(audioserver) AudioOut_D expire 16 lines
07-18 16:29:57.921  1476 15238 I chatty  : uid=1013(media) NuPlayerDriver expire 10 lines
07-18 16:29:57.987  1476 15241 I chatty  : uid=1013(media) NuPlayerRendere expire 14 lines
07-18 16:30:00.436  1956  1956 I GeofencerStateMachine: sendNewTransitions called.
07-18 16:30:04.817  1592  7171 I WifiService: acquireWifiLock uid=10014 lockMode=2
07-18 16:30:04.888  1592  7171 I WifiService: releaseWifiLock uid=10014
07-18 16:30:05.566  1956  1956 I GeofencerStateMachine: sendNewTransitions called.
07-18 16:30:10.662  1956  1956 I GeofencerStateMachine: sendNewTransitions called.
07-18 16:30:11.483  5874  5884 I chatty  : uid=10104(net.osmand) HeapTaskDaemon expire 11 lines
07-18 16:30:12.826  1387  5615 I chatty  : uid=1041(audioserver) writer expire 41 lines
07-18 16:30:12.995  1476 15242 I chatty  : uid=1013(media) NPDecoder expire 13 lines
07-18 16:30:13.574  1476 15238 I chatty  : uid=1013(media) NuPlayerDriver expire 8 lines
07-18 16:30:13.632  1476 15241 I chatty  : uid=1013(media) NuPlayerRendere expire 11 lines
07-18 16:30:16.268  1468  1563 I chatty  : uid=1041(audioserver) AudioOut_D expire 12 lines
07-18 16:30:16.280  1956  1956 I GeofencerStateMachine: sendNewTransitions called.
07-18 16:30:21.375  1956  1956 I GeofencerStateMachine: sendNewTransitions called.
07-18 16:30:21.921  1592  1601 I zygote  : Background concurrent copying GC freed 42217(1809KB) AllocSpace objects, 0(0B) LOS objects, 12% free, 42MB/48MB, paused 995us total 627.857ms
07-18 16:30:22.493  5874  5884 I chatty  : uid=10104(net.osmand) HeapTaskDaemon expire 14 lines
07-18 16:30:24.837  1592  2101 I WifiService: acquireWifiLock uid=10014 lockMode=2
07-18 16:30:26.069  1476 15241 I chatty  : uid=1013(media) NuPlayerRendere expire 15 lines
07-18 16:30:26.380  1476 15238 I chatty  : uid=1013(media) NuPlayerDriver expire 8 lines
07-18 16:30:26.393  1956  1956 I GeofencerStateMachine: sendNewTransitions called.
07-18 16:30:26.409  1476 15242 I chatty  : uid=1013(media) NPDecoder expire 12 lines
07-18 16:30:27.843  1592  6494 D WificondControl: Scan result ready event
07-18 16:30:27.968  1592  4629 I WifiService: releaseWifiLock uid=10014
07-18 16:30:29.192  1387  5615 I chatty  : uid=1041(audioserver) writer expire 33 lines
07-18 16:30:29.743  1468  1563 I chatty  : uid=1041(audioserver) AudioOut_D expire 10 lines
07-18 16:30:31.483  1956  1956 I GeofencerStateMachine: sendNewTransitions called.
07-18 16:30:36.482  1956  1956 I GeofencerStateMachine: sendNewTransitions called.
07-18 16:30:36.651  5874  5884 I chatty  : uid=10104(net.osmand) HeapTaskDaemon expire 16 lines
07-18 16:30:38.946  1476 15238 I chatty  : uid=1013(media) NuPlayerDriver expire 10 lines
07-18 16:30:38.961  1476 15242 I chatty  : uid=1013(media) NPDecoder expire 15 lines
07-18 16:30:39.011  1476 15241 I chatty  : uid=1013(media) NuPlayerRendere expire 16 lines
07-18 16:30:39.303  1468  1563 I chatty  : uid=1041(audioserver) AudioOut_D expire 8 lines
07-18 16:30:40.394  1387  5615 I chatty  : uid=1041(audioserver) writer expire 52 lines
07-18 16:30:41.577  1956  1956 I GeofencerStateMachine: sendNewTransitions called.
07-18 16:30:43.662  1403  1403 I boot-pipe: done populating /dev/random
07-18 16:30:45.867  1592  6494 I WifiService: acquireWifiLock uid=10014 lockMode=2
07-18 16:30:46.048  1592  2101 I WifiService: releaseWifiLock uid=10014
07-18 16:30:46.567  1956  1956 I GeofencerStateMachine: sendNewTransitions called.
07-18 16:30:51.714  1956  1956 I GeofencerStateMachine: sendNewTransitions called.
07-18 16:30:52.412  5874  5884 I chatty  : uid=10104(net.osmand) HeapTaskDaemon expire 3 lines
07-18 16:30:53.825  1468  1563 I chatty  : uid=1041(audioserver) AudioOut_D expire 8 lines
07-18 16:30:54.061  1592  1601 I zygote  : Background concurrent copying GC freed 39595(1716KB) AllocSpace objects, 0(0B) LOS objects, 12% free, 42MB/48MB, paused 1.369ms total 805.350ms
07-18 16:30:54.618  1476 15238 I chatty  : uid=1013(media) NuPlayerDriver expire 2 lines
07-18 16:30:54.627  1476 15242 I chatty  : uid=1013(media) NPDecoder expire 2 lines
07-18 16:30:54.672  1476 15241 I chatty  : uid=1013(media) NuPlayerRendere expire 2 lines
07-18 16:30:54.899  5874  5874 I chatty  : uid=10104(net.osmand) expire 1 line
07-18 16:30:55.436  5874  5884 I chatty  : uid=10104(net.osmand) HeapTaskDaemon expire 11 lines
07-18 16:30:56.662  1956  1956 I GeofencerStateMachine: sendNewTransitions called.
07-18 16:30:57.238  1476 15242 I chatty  : uid=1013(media) NPDecoder expire 10 lines
07-18 16:30:57.486  1476 15241 I chatty  : uid=1013(media) NuPlayerRendere expire 11 lines
07-18 16:30:57.856  1476 15238 I chatty  : uid=1013(media) NuPlayerDriver expire 6 lines
07-18 16:31:00.073  1592  1605 E memtrack: Couldn't load memtrack module
07-18 16:31:00.073  1592  1605 W android.os.Debug: failed to get memory consumption info: -1
07-18 16:31:00.213  1592  1605 E memtrack: Couldn't load memtrack module
07-18 16:31:00.213  1592  1605 W android.os.Debug: failed to get memory consumption info: -1
07-18 16:31:00.325  1592  1605 E memtrack: Couldn't load memtrack module
07-18 16:31:00.325  1592  1605 W android.os.Debug: failed to get memory consumption info: -1
07-18 16:31:01.779  1387  5615 I chatty  : uid=1041(audioserver) writer expire 40 lines
07-18 16:31:02.267  1956  1956 I GeofencerStateMachine: sendNewTransitions called.
07-18 16:31:05.889  1592  1879 I WifiService: acquireWifiLock uid=10014 lockMode=2
07-18 16:31:06.637  5874  5884 I chatty  : uid=10104(net.osmand) HeapTaskDaemon expire 12 lines
07-18 16:31:07.274  1476 15238 I chatty  : uid=1013(media) NuPlayerDriver expire 8 lines
07-18 16:31:07.287  1476 15242 I chatty  : uid=1013(media) NPDecoder expire 11 lines
07-18 16:31:07.309  1956  1956 I GeofencerStateMachine: sendNewTransitions called.
07-18 16:31:07.362  1476 15241 I chatty  : uid=1013(media) NuPlayerRendere expire 14 lines
07-18 16:31:08.902  1592  2101 D WificondControl: Scan result ready event
07-18 16:31:09.084  1592  2101 I WifiService: releaseWifiLock uid=10014
07-18 16:31:12.479  1468  1563 I chatty  : uid=1041(audioserver) AudioOut_D expire 5 lines
07-18 16:31:12.499  1956  1956 I GeofencerStateMachine: sendNewTransitions called.
07-18 16:31:13.602  1387  5615 I chatty  : uid=1041(audioserver) writer expire 37 lines
07-18 16:31:13.830  1956  1966 I zygote  : Background concurrent copying GC freed 128287(5MB) AllocSpace objects, 0(0B) LOS objects, 40% free, 8MB/14MB, paused 1.281ms total 198.380ms
07-18 16:31:18.154  1956  1956 I GeofencerStateMachine: sendNewTransitions called.
07-18 16:31:18.824  5874  5884 I chatty  : uid=10104(net.osmand) HeapTaskDaemon expire 10 lines
07-18 16:31:19.472  1476 15242 I chatty  : uid=1013(media) NPDecoder expire 12 lines
07-18 16:31:19.855  1476 15238 I chatty  : uid=1013(media) NuPlayerDriver expire 8 lines
07-18 16:31:19.916  1476 15241 I chatty  : uid=1013(media) NuPlayerRendere expire 9 lines
07-18 16:31:20.762  1468  1563 I chatty  : uid=1041(audioserver) AudioOut_D expire 6 lines
07-18 16:31:23.688  1956  1956 I GeofencerStateMachine: sendNewTransitions called.
07-18 16:31:25.902  1592  1879 I WifiService: acquireWifiLock uid=10014 lockMode=2
07-18 16:31:26.024  1592  3044 I WifiService: releaseWifiLock uid=10014
07-18 16:31:28.127  1387  5615 I chatty  : uid=1041(audioserver) writer expire 4 lines
07-18 16:31:28.261  1592  1601 I zygote  : Background concurrent copying GC freed 39285(1706KB) AllocSpace objects, 0(0B) LOS objects, 12% free, 42MB/48MB, paused 977us total 633.594ms
07-18 16:31:29.317  1956  1956 I GeofencerStateMachine: sendNewTransitions called.
07-18 16:31:29.603  5874  5884 I chatty  : uid=10104(net.osmand) HeapTaskDaemon expire 15 lines
07-18 16:31:30.395  1468  1563 I chatty  : uid=1041(audioserver) AudioOut_D expire 7 lines
07-18 16:31:31.852  1476 15242 I chatty  : uid=1013(media) NPDecoder expire 12 lines
07-18 16:31:32.392  1476 15238 I chatty  : uid=1013(media) NuPlayerDriver expire 10 lines
07-18 16:31:33.762  1387  5615 I chatty  : uid=1041(audioserver) writer expire 19 lines
07-18 16:31:34.335  1956  1956 I GeofencerStateMachine: sendNewTransitions called.
07-18 16:31:35.193  1476 15241 I chatty  : uid=1013(media) NuPlayerRendere expire 12 lines
07-18 16:31:39.475  1956  1956 I GeofencerStateMachine: sendNewTransitions called.
07-18 16:31:43.664  1403  1403 I boot-pipe: done populating /dev/random
07-18 16:31:44.387  1476 15242 I chatty  : uid=1013(media) NPDecoder expire 3 lines
07-18 16:31:44.629  5874  5884 I chatty  : uid=10104(net.osmand) HeapTaskDaemon expire 10 lines
07-18 16:31:45.521  1956  1956 I GeofencerStateMachine: sendNewTransitions called.
07-18 16:31:46.915  1592  1605 E memtrack: Couldn't load memtrack module
07-18 16:31:46.915  1592  1605 W android.os.Debug: failed to get memory consumption info: -1
07-18 16:31:46.982  1592  6494 I WifiService: acquireWifiLock uid=10014 lockMode=2
07-18 16:31:47.007  1592  1605 E memtrack: Couldn't load memtrack module
07-18 16:31:47.007  1592  1605 W android.os.Debug: failed to get memory consumption info: -1
07-18 16:31:47.095  1592  1605 E memtrack: Couldn't load memtrack module
07-18 16:31:47.095  1592  1605 W android.os.Debug: failed to get memory consumption info: -1
07-18 16:31:47.313  1468  1563 I chatty  : uid=1041(audioserver) AudioOut_D expire 13 lines
07-18 16:31:47.454  1476 15242 I chatty  : uid=1013(media) NPDecoder expire 9 lines
07-18 16:31:48.015  1476 15238 I chatty  : uid=1013(media) NuPlayerDriver expire 6 lines
07-18 16:31:48.081  1476 15241 I chatty  : uid=1013(media) NuPlayerRendere expire 8 lines
07-18 16:31:48.200  1387  5615 I chatty  : uid=1041(audioserver) writer expire 47 lines
07-18 16:31:49.022  1956  1956 W ChimeraUtils: Non Chimera context
07-18 16:29:59.289  1592  1609 E BatteryExternalStatsWorker: modem info is invalid: ModemActivityInfo{ mTimestamp=0 mSleepTimeMs=0 mIdleTimeMs=0 mTxTimeMs[]=[0, 0, 0, 0, 0] mRxTimeMs=0 mEnergyUsed=0}
07-18 16:31:49.084  1592  1609 E BatteryExternalStatsWorker: modem info is invalid: ModemActivityInfo{ mTimestamp=0 mSleepTimeMs=0 mIdleTimeMs=0 mTxTimeMs[]=[0, 0, 0, 0, 0] mRxTimeMs=0 mEnergyUsed=0}
07-18 16:31:49.022  1956  1956 W ChimeraUtils: Non Chimera context
07-18 16:31:49.934  1592  3044 D WificondControl: Scan result ready event
07-18 16:31:50.151  1592  7171 I WifiService: releaseWifiLock uid=10014
07-18 16:31:50.690  1956  1956 I GeofencerStateMachine: sendNewTransitions called.
07-18 16:31:54.953  5874  5874 I chatty  : uid=10104(net.osmand) expire 1 line
07-18 16:31:55.446  1592  1601 I zygote  : Background concurrent copying GC freed 37975(1769KB) AllocSpace objects, 0(0B) LOS objects, 12% free, 42MB/48MB, paused 12.552ms total 732.446ms
07-18 16:31:55.699  5874  5884 I chatty  : uid=10104(net.osmand) HeapTaskDaemon expire 11 lines
07-18 16:31:56.270  1956  1956 I GeofencerStateMachine: sendNewTransitions called.
07-18 16:31:56.979  1476 15242 I chatty  : uid=1013(media) NPDecoder expire 9 lines
07-18 16:31:57.562  1476 15238 I chatty  : uid=1013(media) NuPlayerDriver expire 6 lines
07-18 16:31:57.652  1476 15241 I chatty  : uid=1013(media) NuPlayerRendere expire 12 lines
07-18 16:32:00.028  1592  1605 E memtrack: Couldn't load memtrack module
07-18 16:32:00.028  1592  1605 W android.os.Debug: failed to get memory consumption info: -1
07-18 16:32:00.272  1387  5615 I chatty  : uid=1041(audioserver) writer expire 15 lines
07-18 16:32:01.413  1956  1956 I GeofencerStateMachine: sendNewTransitions called.
07-18 16:32:03.084  1468  1563 I chatty  : uid=1041(audioserver) AudioOut_D expire 7 lines
07-18 16:32:06.455  1956  1956 I GeofencerStateMachine: sendNewTransitions called.
07-18 16:32:06.562  5874  5884 I chatty  : uid=10104(net.osmand) HeapTaskDaemon expire 10 lines
07-18 16:32:06.650  1476 15242 I chatty  : uid=1013(media) NPDecoder expire 12 lines
07-18 16:32:06.652  1476 15241 I chatty  : uid=1013(media) NuPlayerRendere expire 13 lines
07-18 16:32:07.000  1592  7171 I WifiService: acquireWifiLock uid=10014 lockMode=2
07-18 16:32:07.029  1476 15238 I chatty  : uid=1013(media) NuPlayerDriver expire 8 lines
07-18 16:32:07.234  1592  4629 I WifiService: releaseWifiLock uid=10014
07-18 16:32:10.409  1387  5615 I chatty  : uid=1041(audioserver) writer expire 11 lines
07-18 16:32:10.924  1468  1563 I chatty  : uid=1041(audioserver) AudioOut_D expire 8 lines
07-18 16:32:11.558  1956  1956 I GeofencerStateMachine: sendNewTransitions called.
07-18 16:32:16.659  1956  1956 I GeofencerStateMachine: sendNewTransitions called.
07-18 16:32:16.745  5874  5884 I chatty  : uid=10104(net.osmand) HeapTaskDaemon expire 11 lines
07-18 16:32:17.708  1387  5615 I chatty  : uid=1041(audioserver) writer expire 30 lines
07-18 16:32:17.743  1468  1563 I chatty  : uid=1041(audioserver) AudioOut_D expire 11 lines
07-18 16:32:18.988  1476 15242 I chatty  : uid=1013(media) NPDecoder expire 9 lines
07-18 16:32:19.506  1956 15568 W Conscrypt: Could not set socket write timeout: java.net.SocketException: Socket closed
07-18 16:32:19.529  1956 15568 W Conscrypt: 	at com.google.android.gms.org.conscrypt.Platform.setSocketWriteTimeout(:com.google.android.gms@17785022@17.7.85 (040700-253824076):2)
07-18 16:32:19.530  1956 15568 W Conscrypt: 	at com.google.android.gms.org.conscrypt.ConscryptFileDescriptorSocket.setSoWriteTimeout(:com.google.android.gms@17785022@17.7.85 (040700-253824076):2)
07-18 16:32:19.558  1476 15238 I chatty  : uid=1013(media) NuPlayerDriver expire 6 lines
07-18 16:32:19.624  1476 15241 I chatty  : uid=1013(media) NuPlayerRendere expire 7 lines
07-18 16:32:22.311  1956  1956 I GeofencerStateMachine: sendNewTransitions called.
07-18 16:32:27.033  1592  3044 I WifiService: acquireWifiLock uid=10014 lockMode=2
07-18 16:32:27.057  1592  1605 E memtrack: Couldn't load memtrack module
07-18 16:32:27.057  1592  1605 W android.os.Debug: failed to get memory consumption info: -1
07-18 16:32:27.418  1956  1956 I GeofencerStateMachine: sendNewTransitions called.
07-18 16:32:27.578  5874  5884 I chatty  : uid=10104(net.osmand) HeapTaskDaemon expire 12 lines
07-18 16:32:28.559  1476 15242 I chatty  : uid=1013(media) NPDecoder expire 12 lines
07-18 16:32:28.957  1476 15238 I chatty  : uid=1013(media) NuPlayerDriver expire 8 lines
07-18 16:32:29.036  1476 15241 I chatty  : uid=1013(media) NuPlayerRendere expire 18 lines
07-18 16:32:29.096  1387  5615 I chatty  : uid=1041(audioserver) writer expire 21 lines
07-18 16:32:30.061  1592  1879 D WificondControl: Scan result ready event
07-18 16:32:30.345  1592  1879 I WifiService: releaseWifiLock uid=10014
07-18 16:32:30.907  1592  1601 I zygote  : Background concurrent copying GC freed 42942(1867KB) AllocSpace objects, 0(0B) LOS objects, 12% free, 42MB/48MB, paused 1.042ms total 647.275ms
07-18 16:32:31.277  1468  1563 I chatty  : uid=1041(audioserver) AudioOut_D expire 5 lines
07-18 16:32:33.504  1956  1956 I GeofencerStateMachine: sendNewTransitions called.
07-18 16:32:38.630  1956  1956 I GeofencerStateMachine: sendNewTransitions called.
07-18 16:32:39.436  5874  5884 I chatty  : uid=10104(net.osmand) HeapTaskDaemon expire 11 lines
07-18 16:32:40.469 15586 15610 I Finsky  : [643] jen.run(3): Stats for Executor: BlockingExecutor jfw@82cd998[Running, pool size = 0, active threads = 0, queued tasks = 0, completed tasks = 17]
07-18 16:32:40.481 15586 15610 I Finsky  : [643] jen.run(3): Stats for Executor: LightweightExecutor jfw@8f525f1[Running, pool size = 2, active threads = 0, queued tasks = 0, completed tasks = 61]
07-18 16:32:40.898  1476 15242 I chatty  : uid=1013(media) NPDecoder expire 12 lines
07-18 16:32:41.452  1476 15238 I chatty  : uid=1013(media) NuPlayerDriver expire 8 lines
07-18 16:32:41.532  1476 15241 I chatty  : uid=1013(media) NuPlayerRendere expire 12 lines
07-18 16:32:41.904 15586 15610 I Finsky  : [643] jen.run(3): Stats for Executor: bgExecutor jfw@b56c5d6[Running, pool size = 4, active threads = 0, queued tasks = 0, completed tasks = 45]
07-18 16:32:43.666  1403  1403 I boot-pipe: done populating /dev/random
07-18 16:32:43.671  1468  1563 I chatty  : uid=1041(audioserver) AudioOut_D expire 11 lines
07-18 16:32:44.299  1387  5615 I chatty  : uid=1041(audioserver) writer expire 24 lines
07-18 16:32:44.323  1956  1956 I GeofencerStateMachine: sendNewTransitions called.
07-18 16:32:48.170  1592  6494 I WifiService: acquireWifiLock uid=10014 lockMode=2
07-18 16:32:48.379  1592  7171 I WifiService: releaseWifiLock uid=10014
07-18 16:32:50.406  1956  1956 I GeofencerStateMachine: sendNewTransitions called.
07-18 16:32:50.765  5874  5884 I chatty  : uid=10104(net.osmand) HeapTaskDaemon expire 5 lines
07-18 16:32:52.645  1387  5615 I chatty  : uid=1041(audioserver) writer expire 11 lines
07-18 16:32:53.559  1476 15242 I chatty  : uid=1013(media) NPDecoder expire 3 lines
07-18 16:32:54.058  1476 15238 I chatty  : uid=1013(media) NuPlayerDriver expire 2 lines
07-18 16:32:54.111  1476 15241 I chatty  : uid=1013(media) NuPlayerRendere expire 3 lines
07-18 16:32:54.973  5874  5874 I chatty  : uid=10104(net.osmand) expire 1 line
07-18 16:32:55.546  1468  1563 I chatty  : uid=1041(audioserver) AudioOut_D expire 2 lines
07-18 16:32:55.554  5874  5884 I chatty  : uid=10104(net.osmand) HeapTaskDaemon expire 11 lines
07-18 16:32:55.558  1956  1956 I GeofencerStateMachine: sendNewTransitions called.
07-18 16:32:55.581 15586 15638 I PlayCommon: [662] aeho.d(23): Preparing logs for uploading
07-18 16:32:55.586 15586 15638 I PlayCommon: [662] aeho.d(216): Connecting to server for timestamp: https://play.googleapis.com/play/log/timestamp
07-18 16:32:56.624  1476 15242 I chatty  : uid=1013(media) NPDecoder expire 12 lines
07-18 16:32:56.625  1387  5615 I chatty  : uid=1041(audioserver) writer expire 49 lines
07-18 16:32:57.162  1476 15238 I chatty  : uid=1013(media) NuPlayerDriver expire 8 lines
07-18 16:32:57.236  1476 15241 I chatty  : uid=1013(media) NuPlayerRendere expire 11 lines
07-18 16:32:57.564  1956  1966 I zygote  : Background concurrent copying GC freed 126597(5MB) AllocSpace objects, 2(104KB) LOS objects, 39% free, 9MB/15MB, paused 21.368ms total 300.281ms
07-18 16:32:57.835  1468  1563 I chatty  : uid=1041(audioserver) AudioOut_D expire 10 lines
07-18 16:33:00.626  1956  1956 I GeofencerStateMachine: sendNewTransitions called.
07-18 16:33:06.230  1956  1956 I GeofencerStateMachine: sendNewTransitions called.
07-18 16:33:07.036  1592  1601 I zygote  : Background concurrent copying GC freed 46714(2040KB) AllocSpace objects, 0(0B) LOS objects, 12% free, 42MB/48MB, paused 1.570ms total 786.305ms
07-18 16:33:07.142  5874  5884 I chatty  : uid=10104(net.osmand) HeapTaskDaemon expire 16 lines
07-18 16:33:08.224  1592  6494 I WifiService: acquireWifiLock uid=10014 lockMode=2
07-18 16:33:08.231  1592  1605 E memtrack: Couldn't load memtrack module
07-18 16:33:08.232  1592  1605 W android.os.Debug: failed to get memory consumption info: -1
07-18 16:33:08.350  1592  1605 E memtrack: Couldn't load memtrack module
07-18 16:33:08.351  1592  1605 W android.os.Debug: failed to get memory consumption info: -1
07-18 16:33:09.422  1476 15242 I chatty  : uid=1013(media) NPDecoder expire 15 lines
07-18 16:33:09.814  1476 15238 I chatty  : uid=1013(media) NuPlayerDriver expire 10 lines
07-18 16:33:09.892  1476 15241 I chatty  : uid=1013(media) NuPlayerRendere expire 20 lines
07-18 16:33:11.262  1592  6494 D WificondControl: Scan result ready event
07-18 16:33:11.376  1956  1956 I GeofencerStateMachine: sendNewTransitions called.
07-18 16:33:11.533  1592  1720 I WifiService: releaseWifiLock uid=10014
07-18 16:33:15.178  1387  5615 I chatty  : uid=1041(audioserver) writer expire 31 lines
07-18 16:33:15.793  1468  1563 I chatty  : uid=1041(audioserver) AudioOut_D expire 4 lines
07-18 16:33:16.380  1956  1956 I GeofencerStateMachine: sendNewTransitions called.
07-18 16:33:22.599  1956  1956 I GeofencerStateMachine: sendNewTransitions called.
07-18 16:33:22.847  5874  5884 I chatty  : uid=10104(net.osmand) HeapTaskDaemon expire 11 lines
07-18 16:33:23.109  1468  1563 I chatty  : uid=1041(audioserver) AudioOut_D expire 10 lines
07-18 16:32:06.360  1592  1609 E BatteryExternalStatsWorker: modem info is invalid: ModemActivityInfo{ mTimestamp=0 mSleepTimeMs=0 mIdleTimeMs=0 mTxTimeMs[]=[0, 0, 0, 0, 0] mRxTimeMs=0 mEnergyUsed=0}
07-18 16:33:24.677  1592  1609 E BatteryExternalStatsWorker: modem info is invalid: ModemActivityInfo{ mTimestamp=0 mSleepTimeMs=0 mIdleTimeMs=0 mTxTimeMs[]=[0, 0, 0, 0, 0] mRxTimeMs=0 mEnergyUsed=0}
07-18 16:33:25.032  1476 15242 I chatty  : uid=1013(media) NPDecoder expire 9 lines
07-18 16:33:25.433  1476 15238 I chatty  : uid=1013(media) NuPlayerDriver expire 6 lines
07-18 16:33:25.495  1476 15241 I chatty  : uid=1013(media) NuPlayerRendere expire 8 lines
07-18 16:33:27.615  1956  1956 I GeofencerStateMachine: sendNewTransitions called.
07-18 16:33:28.265  1592  7171 I WifiService: acquireWifiLock uid=10014 lockMode=2
07-18 16:33:28.289  1592  1605 E memtrack: Couldn't load memtrack module
07-18 16:33:28.289  1592  1605 W android.os.Debug: failed to get memory consumption info: -1
07-18 16:33:28.419  1592  1879 I WifiService: releaseWifiLock uid=10014
07-18 16:33:30.484  1387  5615 I chatty  : uid=1041(audioserver) writer expire 10 lines
07-18 16:33:33.304  1956  1956 I GeofencerStateMachine: sendNewTransitions called.
07-18 16:33:33.438  5874  5884 I chatty  : uid=10104(net.osmand) HeapTaskDaemon expire 11 lines
07-18 16:33:34.497  1476 15242 I chatty  : uid=1013(media) NPDecoder expire 12 lines
07-18 16:33:34.498  1476 15241 I chatty  : uid=1013(media) NuPlayerRendere expire 15 lines
07-18 16:33:34.942  1476 15238 I chatty  : uid=1013(media) NuPlayerDriver expire 8 lines
07-18 16:33:37.717  1387  5615 I chatty  : uid=1041(audioserver) writer expire 6 lines
07-18 16:33:38.303  1956  1956 I GeofencerStateMachine: sendNewTransitions called.
07-18 16:33:40.137  1592  1601 I zygote  : Background concurrent copying GC freed 43277(1929KB) AllocSpace objects, 0(0B) LOS objects, 12% free, 42MB/48MB, paused 943us total 692.810ms
07-18 16:33:41.649  1468  1563 I chatty  : uid=1041(audioserver) AudioOut_D expire 2 lines
07-18 16:33:43.422  1956  1956 I GeofencerStateMachine: sendNewTransitions called.
07-18 16:33:43.668  1403  1403 I boot-pipe: done populating /dev/random
07-18 16:33:44.455  5874  5884 I chatty  : uid=10104(net.osmand) HeapTaskDaemon expire 12 lines
07-18 16:33:44.975  1387  5615 I chatty  : uid=1041(audioserver) writer expire 27 lines
07-18 16:33:45.003  1468  1563 I chatty  : uid=1041(audioserver) AudioOut_D expire 12 lines
07-18 16:33:46.825  1476 15242 I chatty  : uid=1013(media) NPDecoder expire 11 lines
07-18 16:33:47.077  1476 15241 I chatty  : uid=1013(media) NuPlayerRendere expire 7 lines
07-18 16:33:47.400  1476 15238 I chatty  : uid=1013(media) NuPlayerDriver expire 6 lines
07-18 16:33:48.458  1956  1956 I GeofencerStateMachine: sendNewTransitions called.
07-18 16:33:49.285  1592  4629 I WifiService: acquireWifiLock uid=10014 lockMode=2
07-18 16:33:52.316  1592  1720 D WificondControl: Scan result ready event
07-18 16:33:52.512  1592  4629 I WifiService: releaseWifiLock uid=10014
07-18 16:33:53.511  1956  1956 I GeofencerStateMachine: sendNewTransitions called.
07-18 16:33:55.025  5874  5874 I chatty  : uid=10104(net.osmand) expire 1 line
07-18 16:33:56.420  1476 15241 I chatty  : uid=1013(media) NuPlayerRendere expire 6 lines
07-18 16:33:56.597  5874  5884 I chatty  : uid=10104(net.osmand) HeapTaskDaemon expire 14 lines
07-18 16:33:56.783  1476 15238 I chatty  : uid=1013(media) NuPlayerDriver expire 10 lines
07-18 16:33:56.797  1476 15242 I chatty  : uid=1013(media) NPDecoder expire 13 lines
07-18 16:33:58.571  1956  1956 I GeofencerStateMachine: sendNewTransitions called.
07-18 16:33:59.966  1476 15241 I chatty  : uid=1013(media) NuPlayerRendere expire 12 lines
07-18 16:34:00.022  1592  1605 E memtrack: Couldn't load memtrack module
07-18 16:34:00.022  1592  1605 W android.os.Debug: failed to get memory consumption info: -1
07-18 16:34:00.117  1592  1605 E memtrack: Couldn't load memtrack module
07-18 16:34:00.118  1592  1605 W android.os.Debug: failed to get memory consumption info: -1
07-18 16:34:00.204  1592  1605 E memtrack: Couldn't load memtrack module
07-18 16:34:00.205  1592  1605 W android.os.Debug: failed to get memory consumption info: -1
07-18 16:34:00.308  1592  1605 E memtrack: Couldn't load memtrack module
07-18 16:34:00.308  1592  1605 W android.os.Debug: failed to get memory consumption info: -1
07-18 16:34:00.383  1592  1605 E memtrack: Couldn't load memtrack module
07-18 16:34:00.383  1592  1605 W android.os.Debug: failed to get memory consumption info: -1
07-18 16:34:00.789  1387  5615 I chatty  : uid=1041(audioserver) writer expire 19 lines
07-18 16:34:02.570  1468  1563 I chatty  : uid=1041(audioserver) AudioOut_D expire 10 lines
07-18 16:34:03.708  1956  1956 I GeofencerStateMachine: sendNewTransitions called.
07-18 16:34:09.285  1956  1956 I GeofencerStateMachine: sendNewTransitions called.
07-18 16:34:09.375  1592  7171 I WifiService: acquireWifiLock uid=10014 lockMode=2
07-18 16:34:09.507  1592  7171 I WifiService: releaseWifiLock uid=10014
07-18 16:34:10.405  1592  1601 I zygote  : Background concurrent copying GC freed 40598(1779KB) AllocSpace objects, 0(0B) LOS objects, 12% free, 42MB/48MB, paused 1.081ms total 877.329ms
07-18 16:34:10.505  5874  5884 I chatty  : uid=10104(net.osmand) HeapTaskDaemon expire 16 lines
07-18 16:34:11.995  1476 15242 I chatty  : uid=1013(media) NPDecoder expire 15 lines
07-18 16:34:12.160  1468  1563 I chatty  : uid=1041(audioserver) AudioOut_D expire 9 lines
07-18 16:34:12.382  1476 15238 I chatty  : uid=1013(media) NuPlayerDriver expire 10 lines
07-18 16:34:12.456  1476 15241 I chatty  : uid=1013(media) NuPlayerRendere expire 13 lines
07-18 16:34:13.730  1387  5615 I chatty  : uid=1041(audioserver) writer expire 60 lines
07-18 16:34:15.047  1956  1956 I GeofencerStateMachine: sendNewTransitions called.
07-18 16:34:20.063  1956  1956 I GeofencerStateMachine: sendNewTransitions called.
07-18 16:34:25.102  1956  1956 I GeofencerStateMachine: sendNewTransitions called.
07-18 16:34:25.752  5874  5884 I chatty  : uid=10104(net.osmand) HeapTaskDaemon expire 11 lines
07-18 16:34:27.514  1476 15242 I chatty  : uid=1013(media) NPDecoder expire 9 lines
07-18 16:34:27.984  1476 15238 I chatty  : uid=1013(media) NuPlayerDriver expire 6 lines
07-18 16:34:28.041  1476 15241 I chatty  : uid=1013(media) NuPlayerRendere expire 10 lines
07-18 16:34:29.458  1592  1720 I WifiService: acquireWifiLock uid=10014 lockMode=2
07-18 16:34:30.069  1468  1563 I chatty  : uid=1041(audioserver) AudioOut_D expire 6 lines
07-18 16:34:30.670  1956  1956 I GeofencerStateMachine: sendNewTransitions called.
07-18 16:34:32.387  1592  3044 D WificondControl: Scan result ready event
07-18 16:34:32.576  1592  6494 I WifiService: releaseWifiLock uid=10014
07-18 16:34:36.105  1956  1956 I GeofencerStateMachine: sendNewTransitions called.
07-18 16:34:36.541  5874  5884 I chatty  : uid=10104(net.osmand) HeapTaskDaemon expire 10 lines
07-18 16:34:36.948  1476 15242 I chatty  : uid=1013(media) NPDecoder expire 12 lines
07-18 16:34:37.505  1476 15238 I chatty  : uid=1013(media) NuPlayerDriver expire 6 lines
07-18 16:34:37.589  1476 15241 I chatty  : uid=1013(media) NuPlayerRendere expire 11 lines
07-18 16:34:38.552  1387  5615 I chatty  : uid=1041(audioserver) writer expire 28 lines
07-18 16:34:40.216  1468  1563 I chatty  : uid=1041(audioserver) AudioOut_D expire 8 lines
07-18 16:34:42.120  1956  1956 I GeofencerStateMachine: sendNewTransitions called.
07-18 16:34:43.669  1403  1403 I boot-pipe: done populating /dev/random
07-18 16:34:46.751  1592  1601 I zygote  : Background concurrent copying GC freed 45814(1971KB) AllocSpace objects, 0(0B) LOS objects, 12% free, 42MB/48MB, paused 918us total 681.526ms
07-18 16:34:46.869  5874  5884 I chatty  : uid=10104(net.osmand) HeapTaskDaemon expire 6 lines
07-18 16:34:46.927  1476 15238 I chatty  : uid=1013(media) NuPlayerDriver expire 6 lines
07-18 16:34:47.907  1956 15568 E Uploader: Clearcut transport failed to make network request. Use 178715 milliseconds.
07-18 16:34:47.907  1956 15568 E Uploader: java.net.ConnectException: Failed to connect to play.googleapis.com/216.58.202.202:443
07-18 16:34:47.907  1956 15568 E Uploader: 	at com.android.okhttp.internal.io.RealConnection.connectSocket(RealConnection.java:143)
07-18 16:34:47.907  1956 15568 E Uploader: 	at com.android.okhttp.internal.io.RealConnection.connect(RealConnection.java:112)
