06-29 12:44:45.918  3472  3472 W MaterialProgressBar: Current drawable is not a MaterialProgressDrawable, you may want to set app:mpb_setBothDrawables
06-29 12:44:45.929  3472 21599 I net.osmand: RouteProvider Start finding route from Location[mProvider=gps,mTime=1561826686000,mLatitude=-7.589195000000001,mLongitude=-37.541068333333335,mHasAltitude=false,mAltitude=0.0,mHasSpeed=true,mSpeed=0.0,mHasBearing=true,mBearing=0.0,mHasAccuracy=true,mAccuracy=20.0 to Lat -7.023556E-4 Lon -51.095703 using OsmAnd (offline)
06-29 12:44:45.936  3472 21599 W net.osmand: RouteProvider Use 344 MB Free 3.7460938 of 25.6035 max 384.0
06-29 12:44:45.982  3472  3472 I net.osmand: RoutingHelper Recalculate route, because wrong movement direction: 1720687.0
06-29 12:44:46.229  3472 21599 I net.osmand:native: Start point was found 25957428647 [Native]
06-29 12:44:46.244  3472 21599 I net.osmand:native: End point was found 10426981099 [Native]
06-29 12:44:46.245  3472 21599 W net.osmand:native: [Native] Result visited (visited roads 2, visited segments 1 / 2 , queue sizes 3 / 4 ) 
06-29 12:44:46.245  3472 21599 W net.osmand:native: [Native] Result timing (time to load 0, time to calc 0, loaded tiles 7) 
06-29 12:44:46.245  3472 21599 W net.osmand:native: [Native] Memory occupied (Routing context 171 Kb, search 0 Kb)
06-29 12:44:46.245  3472 21599 I net.osmand:native: No route found
06-29 12:44:46.248  3472 21599 I net.osmand: RoutePlannerFrontEnd Native routing took 0.041 seconds
06-29 12:44:46.248  3472 21599 I System.out: ROUTE : 
06-29 12:44:46.249  3472 21599 I net.osmand: RouteResultPreparation <test regions="" description="" best_percent="" vehicle="car" 
06-29 12:44:46.249  3472 21599 I net.osmand:   start_lat="-7.58920" start_lon="-37.54107" target_lat="-0.00070" target_lon="-51.09570"  routing_time="0.00" loadedTiles="7" visitedSegments="2" complete_distance="0.00" complete_time="0.00" >
06-29 12:44:46.249  3472 21599 I System.out: <test regions="" description="" best_percent="" vehicle="car" 
06-29 12:44:46.249  3472 21599 I System.out:   start_lat="-7.58920" start_lon="-37.54107" target_lat="-0.00070" target_lon="-51.09570"  routing_time="0.00" loadedTiles="7" visitedSegments="2" complete_distance="0.00" complete_time="0.00" >
06-29 12:44:46.249  3472 21599 I System.out: </test>
06-29 12:44:46.249  3472 21599 I System.out: <test regions="" description="" best_percent="" vehicle="car" 
06-29 12:44:46.249  3472 21599 I System.out:   start_lat="-7.58920" start_lon="-37.54107" target_lat="-0.00070" target_lon="-51.09570"  routing_time="0.00" loadedTiles="7" visitedSegments="2" complete_distance="0.00" complete_time="0.00" >
06-29 12:44:46.289  3472 21599 I net.osmand:native: Start point was found 25957571909 [Native]
06-29 12:44:46.326  3472 21599 I net.osmand:native: End point was found 10433840807 [Native]
06-29 12:44:46.328  3472 21599 W net.osmand:native: [Native] Result visited (visited roads 2, visited segments 11 / 0 , queue sizes 17 / 2 ) 
06-29 12:44:46.328  3472 21599 W net.osmand:native: [Native] Result timing (time to load 0, time to calc 1, loaded tiles 19) 
06-29 12:44:46.328  3472 21599 W net.osmand:native: [Native] Memory occupied (Routing context 536 Kb, search 0 Kb)
06-29 12:44:46.328  3472 21599 I net.osmand:native: No route found
06-29 12:44:46.340  3472 21599 I net.osmand: RoutePlannerFrontEnd Native routing took 0.09 seconds
06-29 12:44:46.340  3472 21599 I System.out: ROUTE : 
06-29 12:44:46.341  3472 21599 I net.osmand: RouteResultPreparation <test regions="" description="" best_percent="" vehicle="car" 
06-29 12:44:46.341  3472 21599 I net.osmand:   start_lat="-7.58920" start_lon="-37.54107" target_lat="-0.00070" target_lon="-51.09570"  routing_time="0.00" loadedTiles="19" visitedSegments="2" complete_distance="0.00" complete_time="0.00" >
06-29 12:44:46.341  3472 21599 I System.out: <test regions="" description="" best_percent="" vehicle="car" 
06-29 12:44:46.341  3472 21599 I System.out:   start_lat="-7.58920" start_lon="-37.54107" target_lat="-0.00070" target_lon="-51.09570"  routing_time="0.00" loadedTiles="19" visitedSegments="2" complete_distance="0.00" complete_time="0.00" >
06-29 12:44:46.341  3472 21599 I System.out: </test>
06-29 12:44:46.341  3472 21599 I System.out: <test regions="" description="" best_percent="" vehicle="car" 
06-29 12:44:46.341  3472 21599 I System.out:   start_lat="-7.58920" start_lon="-37.54107" target_lat="-0.00070" target_lon="-51.09570"  routing_time="0.00" loadedTiles="19" visitedSegments="2" complete_distance="0.00" complete_time="0.00" >
06-29 12:44:46.341  3472 21599 I net.osmand: RouteProvider Finding route contained 0 points for 415 ms
06-29 12:44:46.497  1964  1964 I GeofencerStateMachine: sendQueryLocationOptIn
06-29 12:44:46.502  1600  1613 I GnssLocationProvider: WakeLock acquired by sendMessage(ENABLE, 0, null)
06-29 12:44:46.511  1600  1614 W BroadcastQueue: Background execution not allowed: receiving Intent { act=android.location.PROVIDERS_CHANGED flg=0x10 } to com.google.android.apps.maps/com.google.android.apps.gmm.locationsharing.usr.LocationAvailabilityChecker$LocationProvidersChangedBroadcastReceiver
06-29 12:44:46.512  1600  1614 W BroadcastQueue: Background execution not allowed: receiving Intent { act=android.location.PROVIDERS_CHANGED flg=0x10 } to com.google.android.gms/com.google.android.location.internal.NlpNetworkProviderSettingsUpdateReceiver
06-29 12:44:46.512  1600  1614 W BroadcastQueue: Background execution not allowed: receiving Intent { act=android.location.PROVIDERS_CHANGED flg=0x10 } to com.google.android.gms/.chimera.GmsIntentOperationService$PersistentTrustedReceiver
06-29 12:44:46.513  1600  1614 W BroadcastQueue: Background execution not allowed: receiving Intent { act=android.location.PROVIDERS_CHANGED flg=0x10 } to com.google.android.googlequicksearchbox/com.google.android.apps.gsa.broadcastreceiver.external.ExternalCommonBroadcastReceiver
06-29 12:44:46.514  1600  1614 W BroadcastQueue: Background execution not allowed: receiving Intent { act=android.location.MODE_CHANGED flg=0x10 } to com.google.android.apps.maps/com.google.android.apps.gmm.locationsharing.usr.LocationAvailabilityChecker$LocationProvidersChangedBroadcastReceiver
06-29 12:44:46.514  1600  1614 W BroadcastQueue: Background execution not allowed: receiving Intent { act=android.location.MODE_CHANGED flg=0x10 } to com.google.android.gms/.chimera.GmsIntentOperationService$PersistentTrustedReceiver
06-29 12:44:46.529  1964  2456 I GeofencerStateMachine: GPS disabled.
06-29 12:44:46.539  1600  1613 I GnssLocationProvider: WakeLock released by handleMessage(ENABLE, 0, null)
06-29 12:44:46.549  1600  1600 D GpsNetInitiatedHandler: location enabled :false
06-29 12:44:46.596  1398  1435 D gralloc_ranchu: gralloc_alloc: Creating ashmem region of size 724992
06-29 12:44:46.600  1398  1435 I chatty  : uid=1000(system) HwBinder:1398_2 identical 1 line
06-29 12:44:46.603  1398  1435 D gralloc_ranchu: gralloc_alloc: Creating ashmem region of size 724992
06-29 12:44:46.621  1964  1964 I GeofencerStateMachine: sendNewLocationAvailability: availability=LocationAvailability[isLocationAvailable: false]
06-29 12:44:46.686  3472  3540 D EGL_emulation: eglMakeCurrent: 0x9e4043c0: ver 2 0 (tinfo 0x9e403290)
06-29 12:44:46.704  1964 21610 I GCoreUlr: Starting service, intent=Intent { act=com.google.android.location.reporting.ACTION_UPDATE_WORLD cmp=com.google.android.gms/com.google.android.location.reporting.service.DispatchingService (has extras) }, extras=Bundle[{receiverAction=android.location.PROVIDERS_CHANGED}]
06-29 12:44:46.740  1600  4486 W ActivityManager: Unable to start service Intent { act=com.google.android.gms.nearby.discovery:ACTION_PERMISSION_CHANGE cmp=com.google.android.gms/.nearby.discovery.service.DiscoveryService } U=0: not found
06-29 12:44:46.904  1964  1964 E BluetoothAdapter: Bluetooth binder is null
06-29 12:44:46.951  1964 21499 I GCoreUlr: WorldUpdater received intent Intent { act=com.google.android.location.reporting.ACTION_UPDATE_WORLD cmp=com.google.android.gms/com.google.android.location.reporting.service.DispatchingService (has extras) } with receiverAction android.location.PROVIDERS_CHANGED
06-29 12:44:46.968  1964 21499 I GCoreUlr: WorldUpdater:android.location.PROVIDERS_CHANGED: Ensuring that reporting is stopped because of reasons: {account#8#=[InactiveReason{mIdentifier=6, mName='ReportingNotEnabled'}, InactiveReason{mIdentifier=14, mName='HistoryNotEnabled'}]}
06-29 12:44:47.005  1964 21499 I GCoreUlr: Unbound from all signal providers.
06-29 12:44:47.007  1964 21569 I GCoreUlr: Successfully accounts update
06-29 12:44:47.061  1964 21499 I GCoreUlr: DispatchingService ignoring Intent { act=android.net.wifi.WIFI_STATE_CHANGED flg=0x4000010 (has extras) } because ULR inactive
06-29 12:44:47.096  1964  1964 I GCoreUlr: Unbound from all signal providers.
06-29 12:44:47.096  1964  1964 I GCoreUlr: Stopping handler for UlrDispSvcFast
06-29 12:44:47.109  1964 21499 I GCoreUlr: Successfully accounts update
06-29 12:44:47.999  1600  1600 I GnssLocationProvider: WakeLock acquired by sendMessage(SUBSCRIPTION_OR_SIM_CHANGED, 0, null)
06-29 12:44:48.015  1833  1833 D MccTable: updateMccMncConfiguration mccmnc='310260' fromServiceState=true
06-29 12:44:48.019  1833  1833 D MccTable: updateMccMncConfiguration defaultMccMnc=310260
06-29 12:44:48.023  1833  1833 D MccTable: updateMccMncConfiguration: mcc=310, mnc=260
06-29 12:44:48.023  1833  1833 D MccTable: WIFI_COUNTRY_CODE set to us
06-29 12:44:48.024  1600  6200 I WifiService: WifiService trying to set country code to us with persist set to false
06-29 12:44:48.024  1600  6200 I WifiService: setCountryCode uid=1001
06-29 12:44:48.028  1600  1613 E GnssLocationProvider: no AGPS interface in set_agps_server
06-29 12:44:48.029  1600  1613 I GnssLocationProvider: WakeLock released by handleMessage(SUBSCRIPTION_OR_SIM_CHANGED, 0, null)
06-29 12:44:48.077  1833  1833 D ServiceStateProvider: subId=1
06-29 12:44:48.117  1600  1600 I Telecom : CallLogManager: Country ISO changed. Retrieving new ISO...: CLM.oCD@Ba8
06-29 12:44:48.126  1833  1833 I Telephony: PstnIncomingCallNotifier: Unregistering: Handler (com.android.internal.telephony.GsmCdmaPhone) {6a68867}
06-29 12:44:48.225  1600  4486 I Telecom : PhoneAccountRegistrar: Modify account: [ComponentInfo{com.android.phone/com.android.services.telephony.TelephonyConnectionService}, [****], UserHandle{0}(lbl: Android -> )(desc: Android -> )]: TSI.rPA@BbA
06-29 12:44:48.262  1833  1833 I Telephony: AccountEntry: Registered phoneAccount: [[ ] PhoneAccount: ComponentInfo{com.android.phone/com.android.services.telephony.TelephonyConnectionService}, [****], UserHandle{0} Capabilities: CallProvider MultiUser PlaceEmerg SimSub  Audio Routes: BESW Schemes: tel voicemail  Extras: Bundle[{android.telecom.extra.SUPPORTS_VIDEO_CALLING_FALLBACK=true}] GroupId: [****]] with handle: ComponentInfo{com.android.phone/com.android.services.telephony.TelephonyConnectionService}, [****], UserHandle{0}
06-29 12:44:48.265  1833  1833 I Telephony: PstnIncomingCallNotifier: Registering: Handler (com.android.internal.telephony.GsmCdmaPhone) {6a68867}
06-29 12:44:48.281  1833  1833 I Telephony: PstnPhoneCapabilitiesNotifier: handleVideoCapabilitesChanged. Video capability - false
06-29 12:44:48.294  1600  4486 I Telecom : PhoneAccountRegistrar: Modify account: [ComponentInfo{com.android.phone/com.android.services.telephony.TelephonyConnectionService}, [****], UserHandle{0}]: TSI.rPA@BbM
06-29 12:44:48.354  1833  1843 I zygote  : Background concurrent copying GC freed 36559(2MB) AllocSpace objects, 0(0B) LOS objects, 49% free, 2MB/4MB, paused 18.071ms total 59.304ms
06-29 12:44:49.588 21619 21619 D AndroidRuntime: >>>>>> START com.android.internal.os.RuntimeInit uid 2000 <<<<<<
06-29 12:44:49.599 21619 21619 W app_process: Could not reserve sentinel fault page
06-29 12:44:49.754  1600  1613 E memtrack: Couldn't load memtrack module
06-29 12:44:49.754  1600  1613 W android.os.Debug: failed to get memory consumption info: -1
06-29 12:44:49.779 21619 21619 W app_process: Unexpected CPU variant for X86 using defaults: x86
06-29 12:44:49.787 21619 21619 I app_process: The ClassLoaderContext is a special shared library.
06-29 12:44:49.895 21619 21619 D AndroidRuntime: Calling main entry com.android.commands.monkey.Monkey
06-29 12:44:49.898 21619 21619 W Monkey  : args: [-p, net.osmand, -c, android.intent.category.LAUNCHER, 1]
06-29 12:44:49.904 21619 21619 W Monkey  :  arg: "-p"
06-29 12:44:49.906 21619 21619 W Monkey  :  arg: "net.osmand"
06-29 12:44:49.906 21619 21619 W Monkey  :  arg: "-c"
06-29 12:44:49.906 21619 21619 W Monkey  :  arg: "android.intent.category.LAUNCHER"
06-29 12:44:49.907 21619 21619 W Monkey  :  arg: "1"
06-29 12:44:49.907 21619 21619 W Monkey  : data="net.osmand"
06-29 12:44:49.908 21619 21619 W Monkey  : data="android.intent.category.LAUNCHER"
06-29 12:44:49.965  1600  1614 W BroadcastQueue: Skipping deliver [background] BroadcastRecord{15f8023 u-1 android.net.conn.CONNECTIVITY_CHANGE} to ReceiverList{cc66920 21619 (unknown name)/2000/u-1 remote:e7d95dd}: process gone or crashing
06-29 12:44:50.038  1600  5707 I ActivityManager: START u0 {act=android.intent.action.MAIN cat=[android.intent.category.LAUNCHER] flg=0x10200000 cmp=net.osmand/.plus.activities.MapActivity} from uid 2000
06-29 12:44:50.039  1600  5707 W Binder  : Outgoing transactions from this process must be FLAG_ONEWAY
06-29 12:44:50.039  1600  5707 W Binder  : java.lang.Throwable
06-29 12:44:50.039  1600  5707 W Binder  : 	at android.os.BinderProxy.transact(Binder.java:752)
06-29 12:44:50.039  1600  5707 W Binder  : 	at android.app.IActivityController$Stub$Proxy.activityStarting(IActivityController.java:172)
06-29 12:44:50.039  1600  5707 W Binder  : 	at com.android.server.am.ActivityStarter.startActivity(ActivityStarter.java:449)
06-29 12:44:50.039  1600  5707 W Binder  : 	at com.android.server.am.ActivityStarter.startActivityLocked(ActivityStarter.java:278)
06-29 12:44:50.039  1600  5707 W Binder  : 	at com.android.server.am.ActivityStarter.startActivityMayWait(ActivityStarter.java:817)
06-29 12:44:50.039  1600  5707 W Binder  : 	at com.android.server.am.ActivityManagerService.startActivityAsUser(ActivityManagerService.java:4532)
06-29 12:44:50.039  1600  5707 W Binder  : 	at com.android.server.am.ActivityManagerService.startActivity(ActivityManagerService.java:4519)
06-29 12:44:50.039  1600  5707 W Binder  : 	at android.app.IActivityManager$Stub.onTransact(IActivityManager.java:121)
06-29 12:44:50.039  1600  5707 W Binder  : 	at com.android.server.am.ActivityManagerService.onTransact(ActivityManagerService.java:2919)
06-29 12:44:50.039  1600  5707 W Binder  : 	at android.os.Binder.execTransact(Binder.java:697)
06-29 12:44:50.049  3472  3540 D EGL_emulation: eglMakeCurrent: 0x9e4043c0: ver 2 0 (tinfo 0x9e403290)
06-29 12:44:50.052  1600  1600 W WindowManager: removeWindowToken: Attempted to remove non-existing token: android.os.Binder@a852433
06-29 12:44:50.095 21619 21619 I Monkey  : Events injected: 1
06-29 12:44:50.206  2629  2884 D EGL_emulation: eglMakeCurrent: 0xa61b6ce0: ver 2 0 (tinfo 0xa619b690)
06-29 12:44:50.235 21619 21619 I Monkey  : ## Network stats: elapsed time=176ms (0ms mobile, 0ms wifi, 176ms not connected)
06-29 12:44:50.276  2118  2184 D EGL_emulation: eglMakeCurrent: 0x8b867100: ver 2 0 (tinfo 0x8b8707f0)
06-29 12:44:50.277 21619 21619 I com.android.commands.monkey: System.exit called, status: 0
06-29 12:44:50.278 21619 21619 I AndroidRuntime: VM exiting with result code 0.
06-29 12:44:50.412  1704  1929 D EGL_emulation: eglMakeCurrent: 0x9e4046c0: ver 2 0 (tinfo 0x9e403690)
06-29 12:44:50.474  3472  3472 D InAppPurchaseHelper: Destroying helper.
06-29 12:44:50.536  1600  1615 W Looper  : Dispatch took 281ms on android.ui, h=Handler (com.android.server.policy.PhoneWindowManager$PolicyHandler) {dca4410} cb=android.database.ContentObserver$NotificationRunnable@8e43c38 msg=0
06-29 12:44:50.571  3472  3472 D net.osmand: Enable sensor
06-29 12:44:50.640  3472  3472 D net.osmand: DayNightHelper Sunrise/sunset setting to day: true
06-29 12:44:50.691  3472  3472 W System.err: OnCreate for MapActivity took 217 ms
06-29 12:44:50.734  1704  1929 D EGL_emulation: eglMakeCurrent: 0x9e4046c0: ver 2 0 (tinfo 0x9e403690)
06-29 12:44:50.756  1704  1929 D EGL_emulation: eglMakeCurrent: 0x9e4046c0: ver 2 0 (tinfo 0x9e403690)
06-29 12:44:50.764  3472  3486 I zygote  : Waiting for a blocking GC ProfileSaver
06-29 12:44:50.766  3472  3472 I Choreographer: Skipped 35 frames!  The application may be doing too much work on its main thread.
06-29 12:44:50.817  1398  1435 D gralloc_ranchu: gralloc_alloc: Creating ashmem region of size 8298496
06-29 12:44:50.823  3472  3472 W ResourceType: For resource 0x7f0e013b, entry index(315) is beyond type entryCount(142)
06-29 12:44:50.910  3472  3472 I chatty  : uid=10104(net.osmand) identical 68 lines
06-29 12:44:50.910  3472  3472 W ResourceType: For resource 0x7f0e013b, entry index(315) is beyond type entryCount(142)
06-29 12:44:50.934  1408  1422 E SurfaceFlinger: Permission Denial: can't openGlobalTransaction pid=3472, uid<=10104
06-29 12:44:50.935  3472  3472 E BpSurfaceComposerClient: Failed to transact (-1)
06-29 12:44:50.947  1408  1462 E SurfaceFlinger: Permission Denial: can't openGlobalTransaction pid=3472, uid<=10104
06-29 12:44:50.948  3472  3472 E BpSurfaceComposerClient: Failed to transact (-1)
06-29 12:44:50.958  3472  3540 D EGL_emulation: eglMakeCurrent: 0x9e4043c0: ver 2 0 (tinfo 0x9e403290)
06-29 12:44:50.987  1600  4486 I WifiService: acquireWifiLock uid=10014 lockMode=2
06-29 12:44:51.016  1398  1435 D gralloc_ranchu: gralloc_alloc: Creating ashmem region of size 8298496
06-29 12:44:51.042  1964  1964 I GeofencerStateMachine: sendNewLocationAvailability: availability=LocationAvailability[isLocationAvailable: false]
06-29 12:44:51.081  1704  1929 D EGL_emulation: eglMakeCurrent: 0x9e4046c0: ver 2 0 (tinfo 0x9e403690)
06-29 12:44:51.111  1704  1929 D EGL_emulation: eglMakeCurrent: 0x9e4046c0: ver 2 0 (tinfo 0x9e403690)
06-29 12:44:51.172  1398  1435 D gralloc_ranchu: gralloc_alloc: Creating ashmem region of size 3878912
06-29 12:44:51.387  1398  1435 D gralloc_ranchu: gralloc_alloc: Creating ashmem region of size 8298496
06-29 12:44:51.506  1964  1964 I GeofencerStateMachine: sendNewLocationAvailability: availability=LocationAvailability[isLocationAvailable: true]
06-29 12:44:51.513  1408  1408 W SurfaceFlinger: couldn't log to binary event log: overflow.
06-29 12:44:51.561  1704  1929 D EGL_emulation: eglMakeCurrent: 0x9e4046c0: ver 2 0 (tinfo 0x9e403690)
06-29 12:44:51.586  2629 21557 I PBSessionCacheImpl: Deleted sessionId[7574760707763] from persistence.
06-29 12:44:51.591  1704  1929 D EGL_emulation: eglMakeCurrent: 0x9e4046c0: ver 2 0 (tinfo 0x9e403690)
06-29 12:44:51.607  2629  2890 W SearchServiceCore: Abort, client detached.
06-29 12:44:51.642  1600  4486 I WifiService: getWifiEnabledState uid=10032
06-29 12:44:51.712  1600  5065 I WifiService: releaseWifiLock uid=10014
06-29 12:44:51.769  1704  1929 D EGL_emulation: eglMakeCurrent: 0x9e4046c0: ver 2 0 (tinfo 0x9e403690)
06-29 12:44:51.850  1704  1929 I chatty  : uid=10029(com.android.systemui) RenderThread identical 2 lines
06-29 12:44:51.857  1704  1929 D EGL_emulation: eglMakeCurrent: 0x9e4046c0: ver 2 0 (tinfo 0x9e403690)
06-29 12:44:51.868  3472  3482 I zygote  : Background concurrent copying GC freed 146281(7MB) AllocSpace objects, 32(664KB) LOS objects, 25% free, 17MB/23MB, paused 27.304ms total 1.259s
06-29 12:44:51.869  3472  3486 I zygote  : WaitForGcToComplete blocked ProfileSaver on HeapTrim for 1.104s
06-29 12:44:52.003  1704  1929 D EGL_emulation: eglMakeCurrent: 0x9e4046c0: ver 2 0 (tinfo 0x9e403690)
06-29 12:44:53.211  1398  1435 D gralloc_ranchu: gralloc_alloc: Creating ashmem region of size 3878912
06-29 12:44:54.421  1600  1600 I GnssLocationProvider: WakeLock acquired by sendMessage(SUBSCRIPTION_OR_SIM_CHANGED, 0, null)
06-29 12:44:54.451  1833  1833 D MccTable: updateMccMncConfiguration mccmnc='null' fromServiceState=true
06-29 12:44:54.451  1833  1833 D MccTable: WIFI_COUNTRY_CODE set to 
06-29 12:44:54.452  1600  5065 I WifiService: WifiService trying to set country code to  with persist set to false
06-29 12:44:54.452  1600  5065 I WifiService: setCountryCode uid=1001
06-29 12:44:54.487  1600  1613 E GnssLocationProvider: no AGPS interface in set_agps_server
06-29 12:44:54.490  1600  1613 I GnssLocationProvider: WakeLock released by handleMessage(SUBSCRIPTION_OR_SIM_CHANGED, 0, null)
06-29 12:44:54.517  1833  1833 D ServiceStateProvider: subId=1
06-29 12:44:54.544  1600  1600 I Telecom : CallLogManager: Country ISO changed. Retrieving new ISO...: CLM.oCD@Bbg
06-29 12:44:54.579  1833  1833 I Telephony: PstnIncomingCallNotifier: Unregistering: Handler (com.android.internal.telephony.GsmCdmaPhone) {6a68867}
06-29 12:44:54.608  1600  5065 I Telecom : PhoneAccountRegistrar: Modify account: [ComponentInfo{com.android.phone/com.android.services.telephony.TelephonyConnectionService}, [****], UserHandle{0}(lbl:  -> Android)(desc:  -> Android)]: TSI.rPA@Bbk
06-29 12:44:54.612  1833  1833 I Telephony: AccountEntry: Registered phoneAccount: [[ ] PhoneAccount: ComponentInfo{com.android.phone/com.android.services.telephony.TelephonyConnectionService}, [****], UserHandle{0} Capabilities: CallProvider MultiUser PlaceEmerg SimSub  Audio Routes: BESW Schemes: tel voicemail  Extras: Bundle[{android.telecom.extra.SUPPORTS_VIDEO_CALLING_FALLBACK=true}] GroupId: [****]] with handle: ComponentInfo{com.android.phone/com.android.services.telephony.TelephonyConnectionService}, [****], UserHandle{0}
06-29 12:44:54.620  1833  1833 I Telephony: PstnIncomingCallNotifier: Registering: Handler (com.android.internal.telephony.GsmCdmaPhone) {6a68867}
06-29 12:44:54.636  1600  1678 I WifiService: getConnectionInfo uid=1000
06-29 12:44:54.636  1833  1833 D TelephonyProvider: subIdString = 1 subId = 1
06-29 12:44:54.645  1833  1833 I chatty  : uid=1001(radio) com.android.phone identical 1 line
06-29 12:44:54.655  1833  1833 D TelephonyProvider: subIdString = 1 subId = 1
06-29 12:44:54.657  1600  1671 D RecurrenceRule: Resolving using anchor 2019-06-29T16:44:54.657Z[GMT]
06-29 12:44:54.660  1600  1671 D RecurrenceRule: Resolving using anchor 2019-06-29T16:44:54.660Z[GMT]
06-29 12:44:54.660  1833  1833 D TelephonyProvider: subIdString = 1 subId = 1
06-29 12:44:54.662  1600  1671 D RecurrenceRule: Cycle 17 from 2019-06-09T00:00Z[GMT] to 2019-07-09T00:00Z[GMT]
06-29 12:44:54.662  1600  1671 D NetworkStats: Resolving plan for NetworkTemplate: matchRule=MOBILE_ALL, subscriberId=310260..., matchSubscriberIds=[310260...]
06-29 12:44:54.666  1833  1833 D TelephonyProvider: subIdString = 1 subId = 1
06-29 12:44:54.672  1600  1671 D NetworkStats: Found active matching subId 1
06-29 12:44:54.682  1600  1671 D NetworkStats: Resolved to plan null
06-29 12:44:54.695  1833  1833 I Telephony: PstnPhoneCapabilitiesNotifier: handleVideoCapabilitesChanged. Video capability - false
06-29 12:44:54.707  1600  5065 I Telecom : PhoneAccountRegistrar: Modify account: [ComponentInfo{com.android.phone/com.android.services.telephony.TelephonyConnectionService}, [****], UserHandle{0}]: TSI.rPA@Bbw
06-29 12:44:54.684  1833  1833 I chatty  : uid=1001(radio) com.android.phone identical 3 lines
06-29 12:44:54.690  1833  1833 D TelephonyProvider: subIdString = 1 subId = 1
06-29 12:44:56.841  1964 21573 I Places  : ?: PlacesBleScanner stop()
06-29 12:44:56.848  1964  1964 I BeaconBle: Scan : No clients left, canceling alarm.
06-29 12:44:56.850  1964  1964 I BeaconBle: Scan canceled successfully.
06-29 12:44:56.876  1964 21573 I PlaceInferenceEngine: [anon] Changed inference mode: 0
06-29 12:44:56.876  1964 21573 I PlaceInferenceEngine: [account#1066226748] Changed inference mode: 0
06-29 12:44:56.953  1964  1964 I GeofencerStateMachine: removeGeofences: removeRequest=RemoveGeofencingRequest[REMOVE_BY_PENDING_INTENT pendingIntent=PendingIntent[creatorPackage=com.google.android.gms], packageName=com.google.android.gms]
06-29 12:44:56.987  1964  2323 W MessageQueue: Handler (aeyl) {1d22c99} sending message to a Handler on a dead thread
06-29 12:44:56.987  1964  2323 W MessageQueue: java.lang.IllegalStateException: Handler (aeyl) {1d22c99} sending message to a Handler on a dead thread
06-29 12:44:56.987  1964  2323 W MessageQueue: 	at android.os.MessageQueue.enqueueMessage(MessageQueue.java:545)
06-29 12:44:56.987  1964  2323 W MessageQueue: 	at android.os.Handler.enqueueMessage(Handler.java:662)
06-29 12:44:56.987  1964  2323 W MessageQueue: 	at android.os.Handler.sendMessageAtTime(Handler.java:631)
06-29 12:44:56.987  1964  2323 W MessageQueue: 	at aeyl.sendMessageAtTime(Unknown Source:3)
06-29 12:44:56.987  1964  2323 W MessageQueue: 	at android.os.Handler.sendMessageDelayed(Handler.java:601)
06-29 12:44:56.987  1964  2323 W MessageQueue: 	at android.os.Handler.post(Handler.java:357)
06-29 12:44:56.987  1964  2323 W MessageQueue: 	at bcln.execute(Unknown Source:2)
06-29 12:44:56.987  1964  2323 W MessageQueue: 	at aanh.execute(Unknown Source:9)
06-29 12:44:56.987  1964  2323 W MessageQueue: 	at avft.a(:com.google.android.gms@17785022@17.7.85 (040700-253824076):3)
06-29 12:44:56.987  1964  2323 W MessageQueue: 	at avgk.a(:com.google.android.gms@17785022@17.7.85 (040700-253824076):8)
06-29 12:44:56.987  1964  2323 W MessageQueue: 	at avgn.a(:com.google.android.gms@17785022@17.7.85 (040700-253824076):43)
06-29 12:44:56.987  1964  2323 W MessageQueue: 	at avgj.a(:com.google.android.gms@17785022@17.7.85 (040700-253824076):2)
06-29 12:44:56.987  1964  2323 W MessageQueue: 	at rpj.a(:com.google.android.gms@17785022@17.7.85 (040700-253824076):3)
06-29 12:44:56.987  1964  2323 W MessageQueue: 	at rpj.a(:com.google.android.gms@17785022@17.7.85 (040700-253824076):2)
06-29 12:44:56.987  1964  2323 W MessageQueue: 	at agos.a(Unknown Source:2)
06-29 12:44:56.987  1964  2323 W MessageQueue: 	at rnt.a(Unknown Source:11)
06-29 12:44:56.987  1964  2323 W MessageQueue: 	at aamg.a(:com.google.android.gms@17785022@17.7.85 (040700-253824076):1)
06-29 12:44:56.987  1964  2323 W MessageQueue: 	at cwm.onTransact(:com.google.android.gms@17785022@17.7.85 (040700-253824076):4)
06-29 12:44:56.987  1964  2323 W MessageQueue: 	at android.os.Binder.execTransact(Binder.java:697)
06-29 12:44:57.546  1600  1609 I zygote  : Background concurrent copying GC freed 38913(2MB) AllocSpace objects, 34(1320KB) LOS objects, 22% free, 21MB/27MB, paused 1.372ms total 205.888ms
06-29 12:44:58.567  1600  1617 I WifiService: requestActivityInfo uid=1000
06-29 12:44:58.568  1600  1617 I WifiService: reportActivityInfo uid=1000
06-29 12:44:58.568  1600  1617 I WifiService: getSupportedFeatures uid=1000
06-29 12:45:01.645  2629  2890 I WorkerManager: dispose()
06-29 12:45:01.646  2629  2890 W ThreadPoolDumper: Queue length for executor EventBus is now 11. Perhaps some tasks are too long, or the pool is too small.
06-29 12:45:01.860  1600  1613 E memtrack: Couldn't load memtrack module
06-29 12:45:01.860  1600  1613 W android.os.Debug: failed to get memory consumption info: -1
06-29 12:45:01.860  1964  1964 I BeaconBle: Scan : No clients left, canceling alarm.
06-29 12:45:01.969  1600  1613 E memtrack: Couldn't load memtrack module
06-29 12:45:01.969  1600  1613 W android.os.Debug: failed to get memory consumption info: -1
06-29 12:45:02.092  1600  1613 E memtrack: Couldn't load memtrack module
06-29 12:45:02.092  1600  1613 W android.os.Debug: failed to get memory consumption info: -1
06-29 12:45:02.155  1600  1613 E memtrack: Couldn't load memtrack module
06-29 12:45:02.156  1600  1613 W android.os.Debug: failed to get memory consumption info: -1
06-29 12:45:03.985  3472  3472 I net.osmand: TTSCommandPlayerImpl Send message to pebble sem sinal g p s 
06-29 12:45:03.985  3472  3472 D net.osmand: AbstractPrologCommandPlayer requestAudioFocus
06-29 12:45:03.985  3472  3472 W AudioManager: Use of stream types is deprecated for operations other than volume control
06-29 12:45:03.985  3472  3472 W AudioManager: See the documentation of requestAudioFocus() for what to use instead with android.media.AudioAttributes to qualify your playback use case
06-29 12:45:03.986  1600  4486 I MediaFocusControl: requestAudioFocus() from uid/pid 10104/3472 clientId=android.media.AudioManager@d05fab5net.osmand.plus.api.AudioFocusHelperImpl@944ad05 callingPack=net.osmand req=3 flags=0x0 sdk=26
06-29 12:45:03.991  3472  3472 D net.osmand: TTSCommandPlayerImpl ttsRequests=1
06-29 12:45:03.999  5191  5280 I TTS.GoogleTTSServiceImp: Synthesis request for locale por-BRA and name pt-BR-language
06-29 12:45:04.001  5191  5280 I TTS.GoogleTTSServiceImp: TTS dispatch: pt-br-x-afs-lstm-embedded
06-29 12:45:04.017  5191  5294 D AudioTrack: Client defaulted notificationFrames to 1365 for frameCount 4096
06-29 12:45:04.027  1600  4486 V MediaRouterService: restoreBluetoothA2dp(false)
06-29 12:45:04.034  1390  2659 W audio_hw_generic: Not supplying enough data to HAL, expected position 105658696 , only wrote 105658560
06-29 12:45:04.088  1398  1435 D gralloc_ranchu: gralloc_alloc: Creating ashmem region of size 3878912
06-29 12:45:04.757  1390  2659 W audio_hw_generic: Not supplying enough data to HAL, expected position 105693298 , only wrote 105693120
06-29 12:45:04.757  1390  2659 W audio_hw_generic: Not supplying enough data to HAL, expected position 105693138 , only wrote 105693120
06-29 12:45:04.815  1473  1561 D AudioFlinger: mixer(0xa6c83380) throttle end: throttle time(12)
06-29 12:45:04.815  1390  2659 W audio_hw_generic: Not supplying enough data to HAL, expected position 105695892 , only wrote 105693840
06-29 12:45:04.855  1473  1561 D AudioFlinger: mixer(0xa6c83380) throttle end: throttle time(7)
06-29 12:45:06.050  1390  2659 W audio_hw_generic: Not supplying enough data to HAL, expected position 105753129 , only wrote 105752880
06-29 12:45:06.051  1390  2659 W audio_hw_generic: Not supplying enough data to HAL, expected position 105752921 , only wrote 105752880
06-29 12:45:06.067  1390  2659 W audio_hw_generic: Not supplying enough data to HAL, expected position 105753655 , only wrote 105753600
06-29 12:45:06.180  5191  5294 D AudioTrack: stop() called with 44330 frames delivered
06-29 12:45:06.188  3472  3483 D net.osmand: AbstractPrologCommandPlayer abandonAudioFocus
06-29 12:45:06.188  1600  7948 I MediaFocusControl: abandonAudioFocus() from uid/pid 10104/3472 clientId=android.media.AudioManager@d05fab5net.osmand.plus.api.AudioFocusHelperImpl@944ad05
06-29 12:45:06.189  3472  3483 D net.osmand: TTSCommandPlayerImpl ttsRequests=0
06-29 12:45:07.293  1390  2659 W audio_hw_generic: Not supplying enough data to HAL, expected position 105812446 , only wrote 105811200
06-29 12:45:07.294  1390  2659 W audio_hw_generic: Not supplying enough data to HAL, expected position 105811229 , only wrote 105811200
06-29 12:45:07.296  1600  1617 I WifiService: requestActivityInfo uid=1000
06-29 12:45:07.296  1600  1617 I WifiService: reportActivityInfo uid=1000
06-29 12:45:07.296  1600  1617 I WifiService: getSupportedFeatures uid=1000
06-29 12:45:07.310  1390  2659 W audio_hw_generic: Not supplying enough data to HAL, expected position 105811975 , only wrote 105811920
06-29 12:45:07.616  1390  2659 W audio_hw_generic: Not supplying enough data to HAL, expected position 105826627 , only wrote 105826320
06-29 12:45:07.633  1390  2659 W audio_hw_generic: Not supplying enough data to HAL, expected position 105827103 , only wrote 105827040
06-29 12:45:09.209  1390  1390 W audio_hw_generic: Not supplying enough data to HAL, expected position 105977268 , only wrote 105902640
06-29 12:45:09.676  1964  1964 I GeofencerStateMachine: sendQueryLocationOptIn
06-29 12:45:09.682  1600  1613 I GnssLocationProvider: WakeLock acquired by sendMessage(ENABLE, 1, null)
06-29 12:45:09.682  1600  1613 I GnssLocationProvider: WakeLock acquired by sendMessage(SET_REQUEST, 0, com.android.server.location.GnssLocationProvider$GpsRequest@27f381)
06-29 12:45:06.182  1600  4486 V MediaRouterService: restoreBluetoothA2dp(false)
06-29 12:45:09.691  1600  1614 W BroadcastQueue: Background execution not allowed: receiving Intent { act=android.location.PROVIDERS_CHANGED flg=0x10 } to com.google.android.apps.maps/com.google.android.apps.gmm.locationsharing.usr.LocationAvailabilityChecker$LocationProvidersChangedBroadcastReceiver
06-29 12:45:09.695  1600  1614 W BroadcastQueue: Background execution not allowed: receiving Intent { act=android.location.PROVIDERS_CHANGED flg=0x10 } to com.google.android.gms/com.google.android.location.internal.NlpNetworkProviderSettingsUpdateReceiver
06-29 12:45:09.695  1600  1614 W BroadcastQueue: Background execution not allowed: receiving Intent { act=android.location.PROVIDERS_CHANGED flg=0x10 } to com.google.android.gms/.chimera.GmsIntentOperationService$PersistentTrustedReceiver
06-29 12:45:09.697  1600  1614 W BroadcastQueue: Background execution not allowed: receiving Intent { act=android.location.PROVIDERS_CHANGED flg=0x10 } to com.google.android.googlequicksearchbox/com.google.android.apps.gsa.broadcastreceiver.external.ExternalCommonBroadcastReceiver
06-29 12:45:09.715  1600  1614 W BroadcastQueue: Background execution not allowed: receiving Intent { act=android.location.MODE_CHANGED flg=0x10 } to com.google.android.apps.maps/com.google.android.apps.gmm.locationsharing.usr.LocationAvailabilityChecker$LocationProvidersChangedBroadcastReceiver
06-29 12:45:09.715  1600  1614 W BroadcastQueue: Background execution not allowed: receiving Intent { act=android.location.MODE_CHANGED flg=0x10 } to com.google.android.gms/.chimera.GmsIntentOperationService$PersistentTrustedReceiver
06-29 12:45:09.731  1600  1600 D GpsNetInitiatedHandler: location enabled :true
06-29 12:45:09.743  1397  1397 W GnssHAL_GnssInterface: setCallback called more than once. Unexpected unless test.
06-29 12:45:09.746  1600  1613 D GnssLocationProvider: gnssSetSystemInfoCb: yearOfHw=2015
06-29 12:45:09.747  1600  1613 D GnssLocationProvider: gnssSetCapabilitesCb: 0u
06-29 12:45:09.747  1600  1613 D GnssLocationProvider: gnssSetSystemInfoCb: yearOfHw=2015
06-29 12:45:09.749  1600  1613 E GnssLocationProvider: Unable to initialize GNSS Xtra interface
06-29 12:45:09.750  1600  1613 E GnssLocationProvider: Unable to Initialize AGnss interface
06-29 12:45:09.750  1600  1613 E GnssLocationProvider: Unable to initialize GNSS Geofencing interface
06-29 12:45:09.750  1600  1613 E GnssLocationProvider: Unable to initialize GNSS NI interface
06-29 12:45:09.750  1600  1613 E GnssLocationProvider: no AGPS interface in set_agps_server
06-29 12:45:09.750  1600  1613 E GnssLocationProvider: Failed to initialize GNSS batching
06-29 12:45:09.750  1600  1613 I GnssLocationProvider: WakeLock released by handleMessage(ENABLE, 1, null)
06-29 12:45:09.762  1600  1613 I GnssLocationProvider: WakeLock released by handleMessage(SET_REQUEST, 0, com.android.server.location.GnssLocationProvider$GpsRequest@27f381)
06-29 12:45:09.858  1600  4486 W ActivityManager: Unable to start service Intent { act=com.google.android.gms.nearby.discovery:ACTION_PERMISSION_CHANGE cmp=com.google.android.gms/.nearby.discovery.service.DiscoveryService } U=0: not found
06-29 12:45:09.870  1964 21645 I GCoreUlr: Starting service, intent=Intent { act=com.google.android.location.reporting.ACTION_UPDATE_WORLD cmp=com.google.android.gms/com.google.android.location.reporting.service.DispatchingService (has extras) }, extras=Bundle[{receiverAction=android.location.PROVIDERS_CHANGED}]
06-29 12:45:09.989  3472  3472 I net.osmand: TTSCommandPlayerImpl Send message to pebble sinal g p s recuperado 
06-29 12:45:09.989  3472  3472 D net.osmand: AbstractPrologCommandPlayer requestAudioFocus
06-29 12:45:09.989  3472  3472 W AudioManager: Use of stream types is deprecated for operations other than volume control
06-29 12:45:09.991  3472  3472 W AudioManager: See the documentation of requestAudioFocus() for what to use instead with android.media.AudioAttributes to qualify your playback use case
06-29 12:45:09.993  1600  1611 I MediaFocusControl: requestAudioFocus() from uid/pid 10104/3472 clientId=android.media.AudioManager@d05fab5net.osmand.plus.api.AudioFocusHelperImpl@fdcc1b2 callingPack=net.osmand req=3 flags=0x0 sdk=26
06-29 12:45:09.995  3472  3472 D net.osmand: TTSCommandPlayerImpl ttsRequests=1
06-29 12:45:10.000  5191  5280 I TTS.GoogleTTSServiceImp: Synthesis request for locale por-BRA and name pt-BR-language
06-29 12:45:10.002  5191  5280 I TTS.GoogleTTSServiceImp: TTS dispatch: pt-br-x-afs-lstm-embedded
06-29 12:45:10.010  1964  1964 E BluetoothAdapter: Bluetooth binder is null
06-29 12:45:10.066  3472  3472 I net.osmand: RoutingHelper Recalculate route, because wrong movement direction: 1720687.0
06-29 12:45:10.067  3472  3472 D net.osmand: AbstractPrologCommandPlayer abandonAudioFocus
06-29 12:45:10.068  1600  4486 I MediaFocusControl: abandonAudioFocus() from uid/pid 10104/3472 clientId=android.media.AudioManager@d05fab5net.osmand.plus.api.AudioFocusHelperImpl@fdcc1b2
06-29 12:45:10.068  5191  5280 I TTS.EventProcessor: synthesizeMarkup call to callback.audioAvailable failed: -1
06-29 12:45:10.072  3472  3472 W MaterialProgressBar: Current drawable is not a MaterialProgressDrawable, you may want to set app:mpb_setBothDrawables
06-29 12:45:10.077  3472 21649 I net.osmand: RouteProvider Start finding route from Location[mProvider=gps,mTime=1561826710000,mLatitude=-7.589195000000001,mLongitude=-37.541068333333335,mHasAltitude=false,mAltitude=0.0,mHasSpeed=true,mSpeed=0.0,mHasBearing=true,mBearing=0.0,mHasAccuracy=true,mAccuracy=20.0 to Lat -7.023556E-4 Lon -51.095703 using OsmAnd (offline)
06-29 12:45:10.077  3472 21649 W net.osmand: RouteProvider Use 347 MB Free 5.5625 of 23.539078 max 384.0
06-29 12:45:10.080  5191  5294 D AudioTrack: Client defaulted notificationFrames to 1365 for frameCount 4096
06-29 12:45:10.083  1964  1964 I GeofencerStateMachine: sendNewTransitions called.
06-29 12:45:10.100  3472  6225 D net.osmand: AbstractPrologCommandPlayer abandonAudioFocus
06-29 12:45:10.100  3472  6225 D net.osmand: TTSCommandPlayerImpl ttsRequests=-1
06-29 12:45:10.314  1964 21569 I GCoreUlr: WorldUpdater received intent Intent { act=com.google.android.location.reporting.ACTION_UPDATE_WORLD cmp=com.google.android.gms/com.google.android.location.reporting.service.DispatchingService (has extras) } with receiverAction android.location.PROVIDERS_CHANGED
06-29 12:45:10.316  3472  3472 I net.osmand: RoutingHelper Recalculate route, because wrong movement direction: 1720687.0
06-29 12:45:10.564  1964 21569 I GCoreUlr: WorldUpdater:android.location.PROVIDERS_CHANGED: Ensuring that reporting is stopped because of reasons: {account#8#=[InactiveReason{mIdentifier=6, mName='ReportingNotEnabled'}, InactiveReason{mIdentifier=14, mName='HistoryNotEnabled'}]}
06-29 12:45:10.589  1964 21569 I GCoreUlr: Unbound from all signal providers.
06-29 12:45:10.591  1964 21632 I GCoreUlr: Successfully accounts update
06-29 12:45:10.683  1964 21569 I GCoreUlr: DispatchingService ignoring Intent { act=android.net.wifi.WIFI_STATE_CHANGED flg=0x4000010 (has extras) } because ULR inactive
06-29 12:45:10.696  3472 21649 I net.osmand:native: Start point was found 25957428647 [Native]
06-29 12:45:10.711  1964  1964 I GCoreUlr: Unbound from all signal providers.
06-29 12:45:10.711  1964  1964 I GCoreUlr: Stopping handler for UlrDispSvcFast
06-29 12:45:10.722  1964 21632 I GCoreUlr: Successfully accounts update
06-29 12:45:10.749  3472  3472 I net.osmand: RoutingHelper Recalculate route, because wrong movement direction: 1720687.0
06-29 12:45:10.792  3472 21649 I net.osmand:native: End point was found 10426981099 [Native]
06-29 12:45:10.794  3472 21649 W net.osmand:native: [Native] Result visited (visited roads 2, visited segments 1 / 2 , queue sizes 3 / 4 ) 
06-29 12:45:10.794  3472 21649 W net.osmand:native: [Native] Result timing (time to load 0, time to calc 1, loaded tiles 7) 
06-29 12:45:10.795  3472 21649 W net.osmand:native: [Native] Memory occupied (Routing context 171 Kb, search 0 Kb)
06-29 12:45:10.795  3472 21649 I net.osmand:native: No route found
06-29 12:45:10.799  3472 21649 I net.osmand: RoutePlannerFrontEnd Native routing took 0.198 seconds
06-29 12:45:10.800  3472 21649 I System.out: ROUTE : 
06-29 12:45:10.800  3472 21649 I net.osmand: RouteResultPreparation <test regions="" description="" best_percent="" vehicle="car" 
06-29 12:45:10.800  3472 21649 I net.osmand:   start_lat="-7.58920" start_lon="-37.54107" target_lat="-0.00070" target_lon="-51.09570"  routing_time="0.00" loadedTiles="7" visitedSegments="2" complete_distance="0.00" complete_time="0.00" >
06-29 12:45:10.801  3472 21649 I System.out: <test regions="" description="" best_percent="" vehicle="car" 
06-29 12:45:10.801  3472 21649 I System.out:   start_lat="-7.58920" start_lon="-37.54107" target_lat="-0.00070" target_lon="-51.09570"  routing_time="0.00" loadedTiles="7" visitedSegments="2" complete_distance="0.00" complete_time="0.00" >
06-29 12:45:10.801  3472 21649 I System.out: </test>
06-29 12:45:10.814  3472 21649 I System.out: <test regions="" description="" best_percent="" vehicle="car" 
06-29 12:45:10.816  3472 21649 I System.out:   start_lat="-7.58920" start_lon="-37.54107" target_lat="-0.00070" target_lon="-51.09570"  routing_time="0.00" loadedTiles="7" visitedSegments="2" complete_distance="0.00" complete_time="0.00" >
06-29 12:45:10.898  3472 21649 I net.osmand:native: Start point was found 25957571909 [Native]
06-29 12:45:10.950  3472  3472 I net.osmand: RoutingHelper Recalculate route, because wrong movement direction: 1720687.0
06-29 12:45:11.010  3472 21649 I net.osmand:native: End point was found 10433840807 [Native]
06-29 12:45:11.012  3472 21649 W net.osmand:native: [Native] Result visited (visited roads 2, visited segments 11 / 0 , queue sizes 17 / 2 ) 
06-29 12:45:11.012  3472 21649 W net.osmand:native: [Native] Result timing (time to load 0, time to calc 2, loaded tiles 19) 
06-29 12:45:11.012  3472 21649 W net.osmand:native: [Native] Memory occupied (Routing context 536 Kb, search 0 Kb)
06-29 12:45:11.014  3472 21649 I net.osmand:native: No route found
06-29 12:45:11.048  3472 21649 I net.osmand: RoutePlannerFrontEnd Native routing took 0.231 seconds
06-29 12:45:11.048  3472 21649 I System.out: ROUTE : 
06-29 12:45:11.049  3472 21649 I net.osmand: RouteResultPreparation <test regions="" description="" best_percent="" vehicle="car" 
06-29 12:45:11.049  3472 21649 I net.osmand:   start_lat="-7.58920" start_lon="-37.54107" target_lat="-0.00070" target_lon="-51.09570"  routing_time="0.00" loadedTiles="19" visitedSegments="2" complete_distance="0.00" complete_time="0.00" >
06-29 12:45:11.049  3472 21649 I System.out: <test regions="" description="" best_percent="" vehicle="car" 
06-29 12:45:11.049  3472 21649 I System.out:   start_lat="-7.58920" start_lon="-37.54107" target_lat="-0.00070" target_lon="-51.09570"  routing_time="0.00" loadedTiles="19" visitedSegments="2" complete_distance="0.00" complete_time="0.00" >
06-29 12:45:11.049  3472 21649 I System.out: </test>
06-29 12:45:11.049  3472 21649 I System.out: <test regions="" description="" best_percent="" vehicle="car" 
06-29 12:45:11.049  3472 21649 I System.out:   start_lat="-7.58920" start_lon="-37.54107" target_lat="-0.00070" target_lon="-51.09570"  routing_time="0.00" loadedTiles="19" visitedSegments="2" complete_distance="0.00" complete_time="0.00" >
06-29 12:45:11.049  3472 21649 I net.osmand: RouteProvider Finding route contained 0 points for 973 ms
06-29 12:45:11.719  3472  3472 I net.osmand: RoutingHelper Recalculate route, because wrong movement direction: 1720687.0
06-29 12:45:11.720  3472  3472 W MaterialProgressBar: Current drawable is not a MaterialProgressDrawable, you may want to set app:mpb_setBothDrawables
06-29 12:45:11.726  3472 21651 I net.osmand: RouteProvider Start finding route from Location[mProvider=gps,mTime=1561826712000,mLatitude=-7.589195000000001,mLongitude=-37.541068333333335,mHasAltitude=false,mAltitude=0.0,mHasSpeed=true,mSpeed=0.0,mHasBearing=true,mBearing=0.0,mHasAccuracy=true,mAccuracy=20.0 to Lat -7.023556E-4 Lon -51.095703 using OsmAnd (offline)
06-29 12:45:11.726  3472 21651 W net.osmand: RouteProvider Use 344 MB Free 2.1796875 of 23.539078 max 384.0
06-29 12:45:11.743  1600  1613 E memtrack: Couldn't load memtrack module
06-29 12:45:11.746  1600  1613 W android.os.Debug: failed to get memory consumption info: -1
06-29 12:45:11.975  1600  7948 I WifiService: acquireWifiLock uid=10014 lockMode=2
06-29 12:45:11.990  3472  3472 I net.osmand: RoutingHelper Recalculate route, because wrong movement direction: 1720687.0
06-29 12:45:12.277  3472 21651 I net.osmand:native: Start point was found 25957428647 [Native]
06-29 12:45:12.291  3472 21651 I net.osmand:native: End point was found 10426981099 [Native]
06-29 12:45:12.292  3472 21651 W net.osmand:native: [Native] Result visited (visited roads 2, visited segments 1 / 2 , queue sizes 3 / 4 ) 
06-29 12:45:12.292  3472 21651 W net.osmand:native: [Native] Result timing (time to load 0, time to calc 0, loaded tiles 7) 
06-29 12:45:12.292  3472 21651 W net.osmand:native: [Native] Memory occupied (Routing context 171 Kb, search 0 Kb)
06-29 12:45:12.293  3472 21651 I net.osmand:native: No route found
06-29 12:45:12.305  3472 21651 I net.osmand: RoutePlannerFrontEnd Native routing took 0.047 seconds
06-29 12:45:12.321  3472 21651 I System.out: ROUTE : 
06-29 12:45:12.322  3472 21651 I net.osmand: RouteResultPreparation <test regions="" description="" best_percent="" vehicle="car" 
06-29 12:45:12.322  3472 21651 I net.osmand:   start_lat="-7.58920" start_lon="-37.54107" target_lat="-0.00070" target_lon="-51.09570"  routing_time="0.00" loadedTiles="7" visitedSegments="2" complete_distance="0.00" complete_time="0.00" >
06-29 12:45:12.322  3472 21651 I System.out: <test regions="" description="" best_percent="" vehicle="car" 
06-29 12:45:12.324  3472 21651 I System.out:   start_lat="-7.58920" start_lon="-37.54107" target_lat="-0.00070" target_lon="-51.09570"  routing_time="0.00" loadedTiles="7" visitedSegments="2" complete_distance="0.00" complete_time="0.00" >
06-29 12:45:12.324  3472 21651 I System.out: </test>
06-29 12:45:12.324  3472 21651 I System.out: <test regions="" description="" best_percent="" vehicle="car" 
06-29 12:45:12.324  3472 21651 I System.out:   start_lat="-7.58920" start_lon="-37.54107" target_lat="-0.00070" target_lon="-51.09570"  routing_time="0.00" loadedTiles="7" visitedSegments="2" complete_distance="0.00" complete_time="0.00" >
06-29 12:45:12.364  3472 21651 I net.osmand:native: Start point was found 25957571909 [Native]
06-29 12:45:12.403  3472 21651 I net.osmand:native: End point was found 10433840807 [Native]
06-29 12:45:12.405  3472 21651 W net.osmand:native: [Native] Result visited (visited roads 2, visited segments 11 / 0 , queue sizes 17 / 2 ) 
06-29 12:45:12.405  3472 21651 W net.osmand:native: [Native] Result timing (time to load 0, time to calc 1, loaded tiles 19) 
06-29 12:45:12.405  3472 21651 W net.osmand:native: [Native] Memory occupied (Routing context 536 Kb, search 0 Kb)
06-29 12:45:12.406  3472 21651 I net.osmand:native: No route found
06-29 12:45:12.432  3472 21651 I net.osmand: RoutePlannerFrontEnd Native routing took 0.108 seconds
06-29 12:45:12.432  3472 21651 I System.out: ROUTE : 
06-29 12:45:12.433  3472 21651 I net.osmand: RouteResultPreparation <test regions="" description="" best_percent="" vehicle="car" 
06-29 12:45:12.433  3472 21651 I net.osmand:   start_lat="-7.58920" start_lon="-37.54107" target_lat="-0.00070" target_lon="-51.09570"  routing_time="0.00" loadedTiles="19" visitedSegments="2" complete_distance="0.00" complete_time="0.00" >
06-29 12:45:12.433  3472 21651 I System.out: <test regions="" description="" best_percent="" vehicle="car" 
06-29 12:45:12.433  3472 21651 I System.out:   start_lat="-7.58920" start_lon="-37.54107" target_lat="-0.00070" target_lon="-51.09570"  routing_time="0.00" loadedTiles="19" visitedSegments="2" complete_distance="0.00" complete_time="0.00" >
06-29 12:45:12.433  3472 21651 I System.out: </test>
06-29 12:45:12.433  3472 21651 I System.out: <test regions="" description="" best_percent="" vehicle="car" 
06-29 12:45:12.434  3472 21651 I System.out:   start_lat="-7.58920" start_lon="-37.54107" target_lat="-0.00070" target_lon="-51.09570"  routing_time="0.00" loadedTiles="19" visitedSegments="2" complete_distance="0.00" complete_time="0.00" >
06-29 12:45:12.434  3472 21651 I net.osmand: RouteProvider Finding route contained 0 points for 709 ms
06-29 12:45:12.450  3472  3482 I zygote  : Background concurrent copying GC freed 101760(4MB) AllocSpace objects, 24(532KB) LOS objects, 23% free, 19MB/25MB, paused 6.209ms total 540.596ms
06-29 12:45:12.491  3472  3472 I net.osmand: RoutingHelper Recalculate route, because wrong movement direction: 1720687.0
06-29 12:45:12.493  3472  3472 D net.osmand: AbstractPrologCommandPlayer abandonAudioFocus
06-29 12:45:12.494  3472  3472 W MaterialProgressBar: Current drawable is not a MaterialProgressDrawable, you may want to set app:mpb_setBothDrawables
06-29 12:45:12.505  3472 21652 I net.osmand: RouteProvider Start finding route from Location[mProvider=gps,mTime=1561826713000,mLatitude=-7.589195000000001,mLongitude=-37.541068333333335,mHasAltitude=false,mAltitude=0.0,mHasSpeed=true,mSpeed=0.0,mHasBearing=true,mBearing=0.0,mHasAccuracy=true,mAccuracy=20.0 to Lat -7.023556E-4 Lon -51.095703 using OsmAnd (offline)
06-29 12:45:12.506  3472 21652 W net.osmand: RouteProvider Use 346 MB Free 5.953125 of 25.168472 max 384.0
06-29 12:45:12.833  3472 21652 I net.osmand:native: Start point was found 25957428647 [Native]
06-29 12:45:12.855  3472 21652 I net.osmand:native: End point was found 10426981099 [Native]
