--------- beginning of main
06-29 13:36:38.034  1964  1964 I GeofencerStateMachine: sendNewTransitions called.
06-29 13:36:38.496  3472  3482 I zygote  : Background concurrent copying GC freed 266163(5MB) AllocSpace objects, 0(0B) LOS objects, 25% free, 17MB/23MB, paused 1.013ms total 408.881ms
--------- beginning of system
06-29 13:36:39.206  1600  2371 I ActivityManager: START u0 {act=android.intent.action.MAIN cat=[android.intent.category.HOME] flg=0x10000000 cmp=com.google.android.apps.nexuslauncher/.NexusLauncherActivity} from uid 2000
06-29 13:36:39.249  1398  1434 D gralloc_ranchu: gralloc_alloc: Creating ashmem region of size 8298496
06-29 13:36:39.290  1398  1434 D gralloc_ranchu: gralloc_alloc: Creating ashmem region of size 8298496
06-29 13:36:39.302  1600  7916 I GnssLocationProvider: WakeLock acquired by sendMessage(SET_REQUEST, 0, com.android.server.location.GnssLocationProvider$GpsRequest@31efb72)
06-29 13:36:39.325  3472  3472 D net.osmand: Disable sensor
06-29 13:36:39.350  1398  1434 D gralloc_ranchu: gralloc_alloc: Creating ashmem region of size 8298496
06-29 13:36:39.381  1408  1408 D SurfaceFlinger: duplicate layer name: changing com.google.android.apps.nexuslauncher/com.google.android.apps.nexuslauncher.NexusLauncherActivity to com.google.android.apps.nexuslauncher/com.google.android.apps.nexuslauncher.NexusLauncherActivity#1
06-29 13:36:39.439  1398  1434 D gralloc_ranchu: gralloc_alloc: Creating ashmem region of size 8298496
06-29 13:36:39.441  3472  3472 I net.osmand: MapRenderRepositories RENDER MAP: Interrupt rendering map
06-29 13:36:39.449  1600  1613 I GnssLocationProvider: WakeLock released by handleMessage(SET_REQUEST, 0, com.android.server.location.GnssLocationProvider$GpsRequest@31efb72)
06-29 13:36:39.483  1398  7054 D gralloc_ranchu: gralloc_alloc: Creating ashmem region of size 8298496
06-29 13:36:39.519  2629  2884 D EGL_emulation: eglMakeCurrent: 0xa61b6ce0: ver 2 0 (tinfo 0xa619b690)
06-29 13:36:39.518  1398  1434 D gralloc_ranchu: gralloc_alloc: Creating ashmem region of size 8298496
06-29 13:36:39.520  3472  3540 D EGL_emulation: eglMakeCurrent: 0x9e4043c0: ver 2 0 (tinfo 0x9e403290)
06-29 13:36:39.558  1600  1615 W Looper  : Dispatch took 112ms on android.ui, h=Handler (com.android.server.am.ActivityManagerService$UiHandler) {bce2944} cb=null msg=53
06-29 13:36:39.567  2629  2629 W ThreadPoolDumper: Queue length for executor EventBus is now 11. Perhaps some tasks are too long, or the pool is too small.
06-29 13:36:39.715  2118  2184 D EGL_emulation: eglMakeCurrent: 0x8b867100: ver 2 0 (tinfo 0x8b8707f0)
06-29 13:36:39.788  1398  1434 D gralloc_ranchu: gralloc_alloc: Creating ashmem region of size 8298496
06-29 13:36:39.791  2629  2890 W SessionLifecycleManager: Handover failed. Creating new session controller.
06-29 13:36:39.822  1704  1929 D EGL_emulation: eglMakeCurrent: 0x9e4046c0: ver 2 0 (tinfo 0x9e403690)
06-29 13:36:39.848  1408  1408 E EGL_emulation: tid 1408: eglCreateSyncKHR(1962): error 0x3004 (EGL_BAD_ATTRIBUTE)
06-29 13:36:40.056  1964  1964 I GeofencerStateMachine: sendNewLocationAvailability: availability=LocationAvailability[isLocationAvailable: true]
06-29 13:36:40.204  1704  1929 D EGL_emulation: eglMakeCurrent: 0x9e4046c0: ver 2 0 (tinfo 0x9e403690)
06-29 13:36:40.226  1704  1929 D EGL_emulation: eglMakeCurrent: 0x9e4046c0: ver 2 0 (tinfo 0x9e403690)
06-29 13:36:40.240  1600  1674 I zygote  : IncrementDisableThreadFlip blocked for 5.671ms
06-29 13:36:40.241  1600  5707 I zygote  : IncrementDisableThreadFlip blocked for 6.543ms
06-29 13:36:40.262  1600  1613 I zygote  : IncrementDisableThreadFlip blocked for 27.417ms
06-29 13:36:40.306  2118  2184 W OpenGLRenderer: Incorrectly called buildLayer on View: ShortcutAndWidgetContainer, destroying layer...
06-29 13:36:40.306  2118  2184 W OpenGLRenderer: Incorrectly called buildLayer on View: ShortcutAndWidgetContainer, destroying layer...
06-29 13:36:40.487  3472  8087 E FA      : Task exception on worker thread: java.lang.IllegalAccessError: Method 'void android.support.v4.content.ContextCompat.<init>()' is inaccessible to class 'com.google.firebase.iid.zzg' (declaration of 'com.google.firebase.iid.zzg' appears in /data/app/net.osmand-3e2027wrPNiMXbTSfYMHIA==/base.apk): com.google.android.gms.measurement.internal.zzt.zzEd(Unknown Source:3)
06-29 13:36:40.487  1600  7245 I WifiService: getWifiEnabledState uid=10032
06-29 13:36:40.513  1600  5065 I WifiService: getWifiEnabledState uid=10032
06-29 13:36:40.520  2629  2911 W LocationOracle: No location history returned by ContextManager
06-29 13:36:40.751  1964  1964 I GeofencerStateMachine: removeGeofences: removeRequest=RemoveGeofencingRequest[REMOVE_BY_PENDING_INTENT pendingIntent=PendingIntent[creatorPackage=com.google.android.gms], packageName=com.google.android.gms]
06-29 13:36:40.757  1964  1964 I chatty  : uid=10014 com.google.android.gms.persistent identical 1 line
06-29 13:36:40.758  1964  1964 I GeofencerStateMachine: removeGeofences: removeRequest=RemoveGeofencingRequest[REMOVE_BY_PENDING_INTENT pendingIntent=PendingIntent[creatorPackage=com.google.android.gms], packageName=com.google.android.gms]
06-29 13:36:40.766  1600  1609 I zygote  : Background concurrent copying GC freed 52828(2MB) AllocSpace objects, 2(40KB) LOS objects, 31% free, 13MB/19MB, paused 5.272ms total 578.601ms
06-29 13:36:40.790  1704  1929 D EGL_emulation: eglMakeCurrent: 0x9e4046c0: ver 2 0 (tinfo 0x9e403690)
06-29 13:36:40.826  1704  1723 I zygote  : NativeAlloc concurrent copying GC freed 55660(2MB) AllocSpace objects, 0(0B) LOS objects, 46% free, 6MB/12MB, paused 50.852ms total 907.322ms
06-29 13:36:40.878  1964  8052 W ctxmgr  : [AclManager] No 3 for (accnt=account#1066226748#, com.google.android.gms(10014):UserVelocityProducer, vrsn=17785022, 0, 3pPkg = null ,  3pMdlId = null ,  pid = 1964). Was: 2 for 1, account#1066226748# [CONTEXT service_id=47 ]
06-29 13:36:41.046  1964  1964 I GeofencerStateMachine: removeGeofences: removeRequest=RemoveGeofencingRequest[REMOVE_BY_PENDING_INTENT pendingIntent=PendingIntent[creatorPackage=com.google.android.gms], packageName=com.google.android.gms]
06-29 13:36:41.056  1964  1964 I GeofencerStateMachine: removeGeofences: removeRequest=RemoveGeofencingRequest[REMOVE_BY_PENDING_INTENT pendingIntent=PendingIntent[creatorPackage=com.google.android.gms], packageName=com.google.android.gms]
06-29 13:36:41.070  1964  8100 I PlaceInferenceEngine: [anon] Changed inference mode: 0
06-29 13:36:41.100  1964  8100 I PlaceInferenceEngine: [account#1066226748] Changed inference mode: 0
06-29 13:36:41.133  1964  8052 I ctxmgr  : [ProducerStatusImpl] updateStateForNewContextData: inactive, contextName=7 [CONTEXT service_id=47 ]
06-29 13:36:41.333  1964  8100 I Places  : ?: PlacesBleScanner start() with priority 2
06-29 13:36:41.333  1964  8100 I PlaceInferenceEngine: [anon] Changed inference mode: 1
06-29 13:36:41.333  1964  8100 I PlaceInferenceEngine: [account#1066226748] Changed inference mode: 1
06-29 13:36:41.350  1964  8100 I Places  : Converted 1 out of 1 WiFi scans
06-29 13:36:41.352  1600  5707 I WifiService: getConnectionInfo uid=10014
06-29 13:36:41.376  1964  8100 I PlaceInferenceEngine: [account#1066226748] Changed inference mode: 1
06-29 13:36:41.377  1964  8100 I PlaceInferenceEngine: [anon] Changed inference mode: 1
06-29 13:36:41.407  1964  1964 E BeaconBle: Missing BluetoothAdapter
06-29 13:36:41.407  1964  1964 I BeaconBle: BLE 'KK+' software access layer enabled
06-29 13:36:41.459  1964  1964 I BeaconBle: Client requested scan, settings=BleSettings [scanMode=ZERO_POWER, callbackType=ALL_MATCHES, reportDelayMillis=0, 1 filters, 0 clients, callingClientName=Places]
06-29 13:36:41.459  1964  1964 I BeaconBle: Scan : No clients left, canceling alarm.
06-29 13:36:41.460  1964  1964 E BeaconBle: Scan couldn't start for Places
06-29 13:36:41.461  1964  1964 W Places  : BLE failure while scanning - code 5
06-29 13:36:41.577  1964  1978 I zygote  : Background concurrent copying GC freed 109580(4MB) AllocSpace objects, 26(1644KB) LOS objects, 36% free, 10MB/16MB, paused 956us total 209.674ms
06-29 13:36:41.680  1964  8098 I PlaceInferenceEngine: No beacon scan available - ignoring candidates.
06-29 13:36:42.720  1600  2371 I ActivityManager: Force stopping com.skgames.trafficrider appid=10081 user=0: from pid 8107
06-29 13:36:41.727  1964  8098 I PlaceInferenceEngine: No beacon scan available - ignoring candidates.
06-29 13:36:42.733  1600  1614 I zygote  : IncrementDisableThreadFlip blocked for 6.214ms
06-29 13:36:42.757  1833  1833 D CarrierSvcBindHelper: No carrier app for: 0
06-29 13:36:42.891  1600  1609 I zygote  : NativeAlloc concurrent copying GC freed 8824(583KB) AllocSpace objects, 3(124KB) LOS objects, 31% free, 13MB/19MB, paused 7.699ms total 169.827ms
06-29 13:36:43.049  1600  7245 I ActivityManager: Force stopping com.EvilChaotic.ModernWarplanes appid=10082 user=0: from pid 8111
06-29 13:36:43.071  1833  1833 D CarrierSvcBindHelper: No carrier app for: 0
06-29 13:36:43.358  1600  7245 I ActivityManager: Force stopping com.ea.games.r3_row appid=10083 user=0: from pid 8115
06-29 13:36:43.717  1600  5707 W ActivityManager: Invalid packageName: android.media.action.IMAGE_CAPTURE
06-29 13:36:43.388  1833  1833 D CarrierSvcBindHelper: No carrier app for: 0
06-29 13:36:44.265  1964  1964 I GeofencerStateMachine: sendQueryLocationOptIn
06-29 13:36:44.283  1600  1613 I GnssLocationProvider: WakeLock acquired by sendMessage(ENABLE, 0, null)
06-29 13:36:44.292  1600  1614 W BroadcastQueue: Background execution not allowed: receiving Intent { act=android.location.PROVIDERS_CHANGED flg=0x10 } to com.google.android.apps.maps/com.google.android.apps.gmm.locationsharing.usr.LocationAvailabilityChecker$LocationProvidersChangedBroadcastReceiver
06-29 13:36:44.295  1600  1614 W BroadcastQueue: Background execution not allowed: receiving Intent { act=android.location.PROVIDERS_CHANGED flg=0x10 } to com.google.android.gms/com.google.android.location.internal.NlpNetworkProviderSettingsUpdateReceiver
06-29 13:36:44.296  1600  1614 W BroadcastQueue: Background execution not allowed: receiving Intent { act=android.location.PROVIDERS_CHANGED flg=0x10 } to com.google.android.gms/.chimera.GmsIntentOperationService$PersistentTrustedReceiver
06-29 13:36:44.296  1600  1614 W BroadcastQueue: Background execution not allowed: receiving Intent { act=android.location.PROVIDERS_CHANGED flg=0x10 } to com.google.android.googlequicksearchbox/com.google.android.apps.gsa.broadcastreceiver.external.ExternalCommonBroadcastReceiver
06-29 13:36:44.304  1600  1614 W BroadcastQueue: Background execution not allowed: receiving Intent { act=android.location.MODE_CHANGED flg=0x10 } to com.google.android.apps.maps/com.google.android.apps.gmm.locationsharing.usr.LocationAvailabilityChecker$LocationProvidersChangedBroadcastReceiver
06-29 13:36:44.305  1600  1614 W BroadcastQueue: Background execution not allowed: receiving Intent { act=android.location.MODE_CHANGED flg=0x10 } to com.google.android.gms/.chimera.GmsIntentOperationService$PersistentTrustedReceiver
06-29 13:36:44.319  1964  2456 I GeofencerStateMachine: GPS disabled.
06-29 13:36:44.321  1600  1600 D GpsNetInitiatedHandler: location enabled :false
06-29 13:36:44.344  1600  1613 I GnssLocationProvider: WakeLock released by handleMessage(ENABLE, 0, null)
06-29 13:36:44.396  1398  1434 D gralloc_ranchu: gralloc_alloc: Creating ashmem region of size 724992
06-29 13:36:44.401  1398  1434 D gralloc_ranchu: gralloc_alloc: Creating ashmem region of size 724992
06-29 13:36:44.411  1398  7054 D gralloc_ranchu: gralloc_alloc: Creating ashmem region of size 724992
06-29 13:36:44.436  3472  3540 D EGL_emulation: eglMakeCurrent: 0x9e4043c0: ver 2 0 (tinfo 0x9e403290)
06-29 13:36:44.458  1600  5171 W ActivityManager: Unable to start service Intent { act=com.google.android.gms.nearby.discovery:ACTION_PERMISSION_CHANGE cmp=com.google.android.gms/.nearby.discovery.service.DiscoveryService } U=0: not found
06-29 13:36:44.465  1964  8132 I GCoreUlr: Starting service, intent=Intent { act=com.google.android.location.reporting.ACTION_UPDATE_WORLD cmp=com.google.android.gms/com.google.android.location.reporting.service.DispatchingService (has extras) }, extras=Bundle[{receiverAction=android.location.PROVIDERS_CHANGED}]
06-29 13:36:44.566  1964  1964 E BluetoothAdapter: Bluetooth binder is null
06-29 13:36:44.628  1964  8089 I GCoreUlr: WorldUpdater received intent Intent { act=com.google.android.location.reporting.ACTION_UPDATE_WORLD cmp=com.google.android.gms/com.google.android.location.reporting.service.DispatchingService (has extras) } with receiverAction android.location.PROVIDERS_CHANGED
06-29 13:36:44.671  1964  8089 I GCoreUlr: WorldUpdater:android.location.PROVIDERS_CHANGED: Ensuring that reporting is stopped because of reasons: {account#8#=[InactiveReason{mIdentifier=6, mName='ReportingNotEnabled'}, InactiveReason{mIdentifier=14, mName='HistoryNotEnabled'}]}
06-29 13:36:44.698  1964  8089 I GCoreUlr: Unbound from all signal providers.
06-29 13:36:44.700  1964  8098 I GCoreUlr: Successfully accounts update
06-29 13:36:44.821  1964  8089 I GCoreUlr: DispatchingService ignoring Intent { act=android.net.wifi.WIFI_STATE_CHANGED flg=0x4000010 (has extras) } because ULR inactive
06-29 13:36:44.832  1964  1964 I GCoreUlr: Unbound from all signal providers.
06-29 13:36:44.836  1964  1964 I GCoreUlr: Stopping handler for UlrDispSvcFast
06-29 13:36:44.855  1964  8098 I GCoreUlr: Successfully accounts update
06-29 13:36:45.377  1833  1833 D ServiceStateProvider: subId=1
06-29 13:36:45.398  1833  1833 D TelephonyProvider: subIdString = 1 subId = 1
06-29 13:36:45.427  1600  1678 I WifiService: getConnectionInfo uid=1000
06-29 13:36:45.464  1600  1671 D RecurrenceRule: Resolving using anchor 2019-06-29T13:36:45.463Z[GMT]
06-29 13:36:45.469  1600  1671 D RecurrenceRule: Resolving using anchor 2019-06-29T13:36:45.468Z[GMT]
06-29 13:36:45.470  1833  1833 D TelephonyProvider: subIdString = 1 subId = 1
06-29 13:36:45.473  1600  1671 D RecurrenceRule: Cycle 17 from 2019-06-09T00:00Z[GMT] to 2019-07-09T00:00Z[GMT]
06-29 13:36:45.473  1600  1671 D NetworkStats: Resolving plan for NetworkTemplate: matchRule=MOBILE_ALL, subscriberId=310260..., matchSubscriberIds=[310260...]
06-29 13:36:45.484  1600  1671 D NetworkStats: Found active matching subId 1
06-29 13:36:45.501  1600  1671 D NetworkStats: Resolved to plan null
06-29 13:36:45.514  1833  1833 D TelephonyProvider: subIdString = 1 subId = 1
06-29 13:36:45.628  1833  1833 I chatty  : uid=1001(radio) com.android.phone identical 5 lines
06-29 13:36:45.650  1833  1833 D TelephonyProvider: subIdString = 1 subId = 1
06-29 13:36:46.668  8137  8137 D AndroidRuntime: >>>>>> START com.android.internal.os.RuntimeInit uid 2000 <<<<<<
06-29 13:36:46.680  8137  8137 W app_process: Could not reserve sentinel fault page
06-29 13:36:46.825  8137  8137 W app_process: Unexpected CPU variant for X86 using defaults: x86
06-29 13:36:46.828  8137  8137 I app_process: The ClassLoaderContext is a special shared library.
06-29 13:36:46.899  8137  8137 D AndroidRuntime: Calling main entry com.android.commands.monkey.Monkey
06-29 13:36:46.903  8137  8137 W Monkey  : args: [-p, net.osmand, -c, android.intent.category.LAUNCHER, 1]
06-29 13:36:46.907  8137  8137 W Monkey  :  arg: "-p"
06-29 13:36:46.908  8137  8137 W Monkey  :  arg: "net.osmand"
06-29 13:36:46.908  8137  8137 W Monkey  :  arg: "-c"
06-29 13:36:46.909  8137  8137 W Monkey  :  arg: "android.intent.category.LAUNCHER"
06-29 13:36:46.909  8137  8137 W Monkey  :  arg: "1"
06-29 13:36:46.909  8137  8137 W Monkey  : data="net.osmand"
06-29 13:36:46.909  8137  8137 W Monkey  : data="android.intent.category.LAUNCHER"
06-29 13:36:46.948  1600  1614 W BroadcastQueue: Skipping deliver [background] BroadcastRecord{70fb890 u-1 android.net.conn.CONNECTIVITY_CHANGE} to ReceiverList{b4da589 8137 (unknown name)/2000/u-1 remote:bb0db42}: process gone or crashing
06-29 13:36:47.003  1600  5171 I ActivityManager: START u0 {act=android.intent.action.MAIN cat=[android.intent.category.LAUNCHER] flg=0x10200000 cmp=net.osmand/.plus.activities.MapActivity} from uid 2000
06-29 13:36:47.004  1600  5171 W Binder  : Outgoing transactions from this process must be FLAG_ONEWAY
06-29 13:36:47.004  1600  5171 W Binder  : java.lang.Throwable
06-29 13:36:47.004  1600  5171 W Binder  : 	at android.os.BinderProxy.transact(Binder.java:752)
06-29 13:36:47.004  1600  5171 W Binder  : 	at android.app.IActivityController$Stub$Proxy.activityStarting(IActivityController.java:172)
06-29 13:36:47.004  1600  5171 W Binder  : 	at com.android.server.am.ActivityStarter.startActivity(ActivityStarter.java:449)
06-29 13:36:47.004  1600  5171 W Binder  : 	at com.android.server.am.ActivityStarter.startActivityLocked(ActivityStarter.java:278)
06-29 13:36:47.004  1600  5171 W Binder  : 	at com.android.server.am.ActivityStarter.startActivityMayWait(ActivityStarter.java:817)
06-29 13:36:47.004  1600  5171 W Binder  : 	at com.android.server.am.ActivityManagerService.startActivityAsUser(ActivityManagerService.java:4532)
06-29 13:36:47.004  1600  5171 W Binder  : 	at com.android.server.am.ActivityManagerService.startActivity(ActivityManagerService.java:4519)
06-29 13:36:47.004  1600  5171 W Binder  : 	at android.app.IActivityManager$Stub.onTransact(IActivityManager.java:121)
06-29 13:36:47.004  1600  5171 W Binder  : 	at com.android.server.am.ActivityManagerService.onTransact(ActivityManagerService.java:2919)
06-29 13:36:47.004  1600  5171 W Binder  : 	at android.os.Binder.execTransact(Binder.java:697)
06-29 13:36:47.048  1398  7054 D gralloc_ranchu: gralloc_alloc: Creating ashmem region of size 8298496
06-29 13:36:47.098  1408  1408 E EGL_emulation: tid 1408: eglCreateSyncKHR(1962): error 0x3004 (EGL_BAD_ATTRIBUTE)
06-29 13:36:47.104  1600  1647 W LocalDisplayAdapter: Unable to find color mode 0, ignoring request.
06-29 13:36:47.142  8137  8137 I Monkey  : Events injected: 1
06-29 13:36:47.150  1600  2371 I ActivityManager: Config changes=480 {1.0 310mcc260mnc [en_US] ldltr sw411dp w683dp h387dp 420dpi nrml land finger qwerty/v/v -nav/h appBounds=Rect(126, 0 - 1920, 1080) s.13}
06-29 13:36:47.376  1600  2371 I ActivityManager: Override config changes=480 {1.0 310mcc260mnc [en_US] ldltr sw411dp w683dp h387dp 420dpi nrml land finger qwerty/v/v -nav/h appBounds=Rect(126, 0 - 1920, 1080) s.13} for displayId=0
06-29 13:36:47.510  1600  1615 W Looper  : Dispatch took 366ms on android.ui, h=Handler (com.android.server.am.ActivityManagerService$UiHandler) {bce2944} cb=null msg=31
06-29 13:36:47.515  1600  6125 W LocalDisplayAdapter: Unable to find color mode 0, ignoring request.
06-29 13:36:47.547  1600  1647 I Choreographer: Skipped 31 frames!  The application may be doing too much work on its main thread.
06-29 13:36:47.550  8137  8137 I Monkey  : ## Network stats: elapsed time=468ms (0ms mobile, 0ms wifi, 468ms not connected)
06-29 13:36:47.562  3472  3472 D InAppPurchaseHelper: Destroying helper.
06-29 13:36:47.566  1600  1647 W LocalDisplayAdapter: Unable to find color mode 0, ignoring request.
06-29 13:36:47.659  1600  1600 W LocalDisplayAdapter: Unable to find color mode 0, ignoring request.
06-29 13:36:47.697  8137  8137 I com.android.commands.monkey: System.exit called, status: 0
06-29 13:36:47.697  8137  8137 I AndroidRuntime: VM exiting with result code 0.
06-29 13:36:47.714  1600  1662 I InputReader: Reconfiguring input devices.  changes=0x00000004
06-29 13:36:47.714  1600  1662 I InputReader: Device reconfigured: id=0, name='qwerty2', size 1080x1920, orientation 3, mode 1, display id 0
06-29 13:36:47.786  1600  1600 W WindowManager: Failed looking up window callers=com.android.server.wm.WindowManagerService.windowForClientLocked:5797 com.android.server.wm.WindowManagerService.finishDrawingWindow:2340 com.android.server.wm.Session.finishDrawing:275 
06-29 13:36:47.791  1600  1647 W WindowManager: Failed looking up window callers=com.android.server.wm.WindowManagerService.windowForClientLocked:5797 com.android.server.wm.WindowManagerService.removeWindow:1715 com.android.server.wm.Session.remove:222 
06-29 13:36:47.900  2118  2184 D EGL_emulation: eglMakeCurrent: 0x8b867100: ver 2 0 (tinfo 0x8b8707f0)
06-29 13:36:47.940  1600  1600 W WindowManager: removeWindowToken: Attempted to remove non-existing token: android.os.Binder@bbe0cde
06-29 13:36:47.950  1600  1615 W Looper  : Dispatch took 439ms on android.ui, h=Handler (com.android.server.policy.PhoneWindowManager$PolicyHandler) {dca4410} cb=android.database.ContentObserver$NotificationRunnable@3e2909a msg=0
06-29 13:36:47.961  1408  1664 E SurfaceFlinger: Permission Denial: can't openGlobalTransaction pid=3472, uid<=10104
06-29 13:36:47.961  3472  3472 E BpSurfaceComposerClient: Failed to transact (-1)
06-29 13:36:47.964  1408  1423 E SurfaceFlinger: Permission Denial: can't openGlobalTransaction pid=3472, uid<=10104
06-29 13:36:47.964  3472  3472 E BpSurfaceComposerClient: Failed to transact (-1)
06-29 13:36:48.064  1600  1662 I InputReader: Reconfiguring input devices.  changes=0x00000004
06-29 13:36:48.078  3472  3472 W ResourceType: ResTable_typeSpec entry count inconsistent: given 5115, previously 5124
06-29 13:36:48.078  3472  3472 W ResourceType: ResTable_typeSpec entry count inconsistent: given 142, previously 459
06-29 13:36:48.080  1600  1615 W Looper  : Dispatch took 124ms on android.ui, h=Handler (com.android.server.policy.PhoneWindowManager$PolicyHandler) {dca4410} cb=android.database.ContentObserver$NotificationRunnable@a2adcb msg=0
06-29 13:36:48.085  3472  3472 W ResourceType: For resource 0x7f0e00c0, entry index(192) is beyond type entryCount(142)
06-29 13:36:48.086  3472  3472 W ResourceType: For resource 0x7f0e00d1, entry index(209) is beyond type entryCount(142)
06-29 13:36:48.086  3472  3472 W ResourceType: For resource 0x7f0e00cb, entry index(203) is beyond type entryCount(142)
06-29 13:36:48.086  3472  3472 W ResourceType: For resource 0x7f0e014d, entry index(333) is beyond type entryCount(142)
06-29 13:36:48.086  3472  3472 W ResourceType: For resource 0x7f0e00dd, entry index(221) is beyond type entryCount(142)
06-29 13:36:48.086  3472  3472 W ResourceType: For resource 0x7f0e00e4, entry index(228) is beyond type entryCount(142)
06-29 13:36:48.150  1600  1662 I InputReader: Reconfiguring input devices.  changes=0x00000004
06-29 13:36:48.205  1600  1662 I InputReader: Reconfiguring input devices.  changes=0x00000004
06-29 13:36:48.217  3472  3472 D net.osmand: DayNightHelper Sunrise/sunset setting to day: true
06-29 13:36:48.240  3472  3472 W ResourceType: For resource 0x7f0e01c4, entry index(452) is beyond type entryCount(142)
06-29 13:36:48.240  3472  3472 W ResourceType: For resource 0x7f0e01c4, entry index(452) is beyond type entryCount(142)
06-29 13:36:48.240  3472  3472 W ResourceType: For resource 0x7f0e0183, entry index(387) is beyond type entryCount(142)
06-29 13:36:48.240  3472  3472 W ResourceType: For resource 0x7f0e0187, entry index(391) is beyond type entryCount(142)
06-29 13:36:48.240  3472  3472 W ResourceType: For resource 0x7f0e0185, entry index(389) is beyond type entryCount(142)
06-29 13:36:48.240  3472  3472 W ResourceType: For resource 0x7f0e015d, entry index(349) is beyond type entryCount(142)
06-29 13:36:48.240  3472  3472 W ResourceType: For resource 0x7f0e0195, entry index(405) is beyond type entryCount(142)
06-29 13:36:48.240  3472  3472 W ResourceType: For resource 0x7f0e016c, entry index(364) is beyond type entryCount(142)
06-29 13:36:48.240  3472  3472 W ResourceType: For resource 0x7f0e0163, entry index(355) is beyond type entryCount(142)
06-29 13:36:48.240  3472  3472 W ResourceType: For resource 0x7f0e00db, entry index(219) is beyond type entryCount(142)
06-29 13:36:48.240  3472  3472 W ResourceType: For resource 0x7f0e0193, entry index(403) is beyond type entryCount(142)
06-29 13:36:48.240  3472  3472 W ResourceType: For resource 0x7f0e016f, entry index(367) is beyond type entryCount(142)
06-29 13:36:48.240  3472  3472 W ResourceType: For resource 0x7f0e0161, entry index(353) is beyond type entryCount(142)
06-29 13:36:48.240  3472  3472 W ResourceType: For resource 0x7f0e0170, entry index(368) is beyond type entryCount(142)
06-29 13:36:48.241  3472  3472 W ResourceType: For resource 0x7f0e0174, entry index(372) is beyond type entryCount(142)
06-29 13:36:48.241  3472  3472 I chatty  : uid=10104(net.osmand) identical 2 lines
06-29 13:36:48.241  3472  3472 W ResourceType: For resource 0x7f0e0174, entry index(372) is beyond type entryCount(142)
06-29 13:36:48.241  3472  3472 W ResourceType: For resource 0x7f0e0177, entry index(375) is beyond type entryCount(142)
06-29 13:36:48.241  3472  3472 W ResourceType: For resource 0x7f0e0160, entry index(352) is beyond type entryCount(142)
06-29 13:36:48.241  3472  3472 W ResourceType: For resource 0x7f0e0199, entry index(409) is beyond type entryCount(142)
06-29 13:36:48.241  3472  3472 W ResourceType: For resource 0x7f0e017e, entry index(382) is beyond type entryCount(142)
06-29 13:36:48.241  3472  3472 W ResourceType: For resource 0x7f0e017f, entry index(383) is beyond type entryCount(142)
06-29 13:36:48.241  3472  3472 W ResourceType: For resource 0x7f0e0196, entry index(406) is beyond type entryCount(142)
06-29 13:36:48.241  3472  3472 W ResourceType: For resource 0x7f0e0197, entry index(407) is beyond type entryCount(142)
06-29 13:36:48.242  3472  3472 W ResourceType: For resource 0x7f0e0140, entry index(320) is beyond type entryCount(142)
06-29 13:36:48.242  3472  3472 W ResourceType: For resource 0x7f0e00e7, entry index(231) is beyond type entryCount(142)
06-29 13:36:48.242  3472  3472 W ResourceType: For resource 0x7f0e0194, entry index(404) is beyond type entryCount(142)
06-29 13:36:48.242  3472  3472 W ResourceType: For resource 0x7f0e01a5, entry index(421) is beyond type entryCount(142)
06-29 13:36:48.242  3472  3472 W ResourceType: For resource 0x7f0e017d, entry index(381) is beyond type entryCount(142)
06-29 13:36:48.242  3472  3472 W ResourceType: For resource 0x7f0e017b, entry index(379) is beyond type entryCount(142)
06-29 13:36:48.242  3472  3472 W ResourceType: For resource 0x7f0e010f, entry index(271) is beyond type entryCount(142)
06-29 13:36:48.242  3472  3472 W ResourceType: For resource 0x7f0e00f8, entry index(248) is beyond type entryCount(142)
06-29 13:36:48.242  3472  3472 W ResourceType: For resource 0x7f0e010f, entry index(271) is beyond type entryCount(142)
06-29 13:36:48.242  3472  3472 W ResourceType: For resource 0x7f0e0122, entry index(290) is beyond type entryCount(142)
06-29 13:36:48.242  3472  3472 W ResourceType: For resource 0x7f0e010b, entry index(267) is beyond type entryCount(142)
06-29 13:36:48.243  3472  3472 W ResourceType: For resource 0x7f0e010c, entry index(268) is beyond type entryCount(142)
06-29 13:36:48.243  3472  3472 W ResourceType: For resource 0x7f0e01ad, entry index(429) is beyond type entryCount(142)
06-29 13:36:48.245  3472  3472 W ResourceType: For resource 0x7f0e01ac, entry index(428) is beyond type entryCount(142)
06-29 13:36:48.253  3472  3472 W ResourceType: For resource 0x7f0e01c4, entry index(452) is beyond type entryCount(142)
06-29 13:36:48.253  3472  3472 W ResourceType: For resource 0x7f0e01c4, entry index(452) is beyond type entryCount(142)
06-29 13:36:48.254  3472  3472 W ResourceType: For resource 0x7f0e0183, entry index(387) is beyond type entryCount(142)
06-29 13:36:48.254  3472  3472 W ResourceType: For resource 0x7f0e0187, entry index(391) is beyond type entryCount(142)
06-29 13:36:48.254  3472  3472 W ResourceType: For resource 0x7f0e0185, entry index(389) is beyond type entryCount(142)
06-29 13:36:48.254  3472  3472 W ResourceType: For resource 0x7f0e015d, entry index(349) is beyond type entryCount(142)
06-29 13:36:48.254  3472  3472 W ResourceType: For resource 0x7f0e0195, entry index(405) is beyond type entryCount(142)
06-29 13:36:48.254  3472  3472 W ResourceType: For resource 0x7f0e016c, entry index(364) is beyond type entryCount(142)
06-29 13:36:48.254  3472  3472 W ResourceType: For resource 0x7f0e0163, entry index(355) is beyond type entryCount(142)
06-29 13:36:48.254  3472  3472 W ResourceType: For resource 0x7f0e00db, entry index(219) is beyond type entryCount(142)
06-29 13:36:48.255  3472  3472 W ResourceType: For resource 0x7f0e0193, entry index(403) is beyond type entryCount(142)
06-29 13:36:48.255  3472  3472 W ResourceType: For resource 0x7f0e016f, entry index(367) is beyond type entryCount(142)
06-29 13:36:48.255  3472  3472 W ResourceType: For resource 0x7f0e0161, entry index(353) is beyond type entryCount(142)
06-29 13:36:48.255  3472  3472 W ResourceType: For resource 0x7f0e0170, entry index(368) is beyond type entryCount(142)
06-29 13:36:48.255  3472  3472 W ResourceType: For resource 0x7f0e0174, entry index(372) is beyond type entryCount(142)
06-29 13:36:48.255  3472  3472 I chatty  : uid=10104(net.osmand) identical 2 lines
06-29 13:36:48.255  3472  3472 W ResourceType: For resource 0x7f0e0174, entry index(372) is beyond type entryCount(142)
06-29 13:36:48.255  3472  3472 W ResourceType: For resource 0x7f0e0177, entry index(375) is beyond type entryCount(142)
06-29 13:36:48.255  3472  3472 W ResourceType: For resource 0x7f0e0160, entry index(352) is beyond type entryCount(142)
06-29 13:36:48.255  3472  3472 W ResourceType: For resource 0x7f0e0199, entry index(409) is beyond type entryCount(142)
06-29 13:36:48.256  3472  3472 W ResourceType: For resource 0x7f0e017e, entry index(382) is beyond type entryCount(142)
06-29 13:36:48.256  3472  3472 W ResourceType: For resource 0x7f0e017f, entry index(383) is beyond type entryCount(142)
06-29 13:36:48.256  3472  3472 W ResourceType: For resource 0x7f0e0196, entry index(406) is beyond type entryCount(142)
06-29 13:36:48.256  3472  3472 W ResourceType: For resource 0x7f0e0197, entry index(407) is beyond type entryCount(142)
06-29 13:36:48.256  3472  3472 W ResourceType: For resource 0x7f0e0140, entry index(320) is beyond type entryCount(142)
06-29 13:36:48.256  3472  3472 W ResourceType: For resource 0x7f0e00e7, entry index(231) is beyond type entryCount(142)
06-29 13:36:48.256  3472  3472 W ResourceType: For resource 0x7f0e0194, entry index(404) is beyond type entryCount(142)
06-29 13:36:48.256  3472  3472 W ResourceType: For resource 0x7f0e01a5, entry index(421) is beyond type entryCount(142)
06-29 13:36:48.256  3472  3472 W ResourceType: For resource 0x7f0e017d, entry index(381) is beyond type entryCount(142)
06-29 13:36:48.257  3472  3472 W ResourceType: For resource 0x7f0e017b, entry index(379) is beyond type entryCount(142)
06-29 13:36:48.257  3472  3472 W ResourceType: For resource 0x7f0e010f, entry index(271) is beyond type entryCount(142)
06-29 13:36:48.257  3472  3472 W ResourceType: For resource 0x7f0e00f8, entry index(248) is beyond type entryCount(142)
06-29 13:36:48.257  3472  3472 W ResourceType: For resource 0x7f0e010f, entry index(271) is beyond type entryCount(142)
06-29 13:36:48.257  3472  3472 W ResourceType: For resource 0x7f0e0122, entry index(290) is beyond type entryCount(142)
06-29 13:36:48.257  3472  3472 W ResourceType: For resource 0x7f0e010b, entry index(267) is beyond type entryCount(142)
06-29 13:36:48.257  3472  3472 W ResourceType: For resource 0x7f0e010c, entry index(268) is beyond type entryCount(142)
06-29 13:36:48.257  3472  3472 W ResourceType: For resource 0x7f0e01ad, entry index(429) is beyond type entryCount(142)
06-29 13:36:48.257  3472  3472 W ResourceType: For resource 0x7f0e01ac, entry index(428) is beyond type entryCount(142)
06-29 13:36:48.263  1398  7054 D gralloc_ranchu: gralloc_alloc: Creating ashmem region of size 544768
06-29 13:36:48.273  3472  3472 W ResourceType: For resource 0x7f0e01c4, entry index(452) is beyond type entryCount(142)
06-29 13:36:48.273  3472  3472 W ResourceType: For resource 0x7f0e01c4, entry index(452) is beyond type entryCount(142)
06-29 13:36:48.273  3472  3472 W ResourceType: For resource 0x7f0e0183, entry index(387) is beyond type entryCount(142)
06-29 13:36:48.273  3472  3472 W ResourceType: For resource 0x7f0e0187, entry index(391) is beyond type entryCount(142)
06-29 13:36:48.274  3472  3472 W ResourceType: For resource 0x7f0e0185, entry index(389) is beyond type entryCount(142)
06-29 13:36:48.274  3472  3472 W ResourceType: For resource 0x7f0e015d, entry index(349) is beyond type entryCount(142)
06-29 13:36:48.274  3472  3472 W ResourceType: For resource 0x7f0e0195, entry index(405) is beyond type entryCount(142)
06-29 13:36:48.274  3472  3472 W ResourceType: For resource 0x7f0e016c, entry index(364) is beyond type entryCount(142)
06-29 13:36:48.274  3472  3472 W ResourceType: For resource 0x7f0e0163, entry index(355) is beyond type entryCount(142)
06-29 13:36:48.274  3472  3472 W ResourceType: For resource 0x7f0e00db, entry index(219) is beyond type entryCount(142)
06-29 13:36:48.274  3472  3472 W ResourceType: For resource 0x7f0e0193, entry index(403) is beyond type entryCount(142)
06-29 13:36:48.274  3472  3472 W ResourceType: For resource 0x7f0e016f, entry index(367) is beyond type entryCount(142)
06-29 13:36:48.274  3472  3472 W ResourceType: For resource 0x7f0e0161, entry index(353) is beyond type entryCount(142)
06-29 13:36:48.274  3472  3472 W ResourceType: For resource 0x7f0e0170, entry index(368) is beyond type entryCount(142)
06-29 13:36:48.274  3472  3472 W ResourceType: For resource 0x7f0e0174, entry index(372) is beyond type entryCount(142)
06-29 13:36:48.274  3472  3472 I chatty  : uid=10104(net.osmand) identical 2 lines
06-29 13:36:48.274  3472  3472 W ResourceType: For resource 0x7f0e0174, entry index(372) is beyond type entryCount(142)
06-29 13:36:48.275  3472  3472 W ResourceType: For resource 0x7f0e0177, entry index(375) is beyond type entryCount(142)
06-29 13:36:48.275  3472  3472 W ResourceType: For resource 0x7f0e0160, entry index(352) is beyond type entryCount(142)
06-29 13:36:48.275  3472  3472 W ResourceType: For resource 0x7f0e0199, entry index(409) is beyond type entryCount(142)
06-29 13:36:48.275  3472  3472 W ResourceType: For resource 0x7f0e017e, entry index(382) is beyond type entryCount(142)
06-29 13:36:48.275  3472  3472 W ResourceType: For resource 0x7f0e017f, entry index(383) is beyond type entryCount(142)
06-29 13:36:48.275  3472  3472 W ResourceType: For resource 0x7f0e0196, entry index(406) is beyond type entryCount(142)
06-29 13:36:48.275  3472  3472 W ResourceType: For resource 0x7f0e0197, entry index(407) is beyond type entryCount(142)
06-29 13:36:48.275  3472  3472 W ResourceType: For resource 0x7f0e0140, entry index(320) is beyond type entryCount(142)
06-29 13:36:48.275  3472  3472 W ResourceType: For resource 0x7f0e00e7, entry index(231) is beyond type entryCount(142)
06-29 13:36:48.275  3472  3472 W ResourceType: For resource 0x7f0e0194, entry index(404) is beyond type entryCount(142)
06-29 13:36:48.275  3472  3472 W ResourceType: For resource 0x7f0e01a5, entry index(421) is beyond type entryCount(142)
06-29 13:36:48.275  3472  3472 W ResourceType: For resource 0x7f0e017d, entry index(381) is beyond type entryCount(142)
06-29 13:36:48.275  3472  3472 W ResourceType: For resource 0x7f0e017b, entry index(379) is beyond type entryCount(142)
06-29 13:36:48.275  3472  3472 W ResourceType: For resource 0x7f0e010f, entry index(271) is beyond type entryCount(142)
06-29 13:36:48.275  3472  3472 W ResourceType: For resource 0x7f0e00f8, entry index(248) is beyond type entryCount(142)
06-29 13:36:48.276  3472  3472 W ResourceType: For resource 0x7f0e010f, entry index(271) is beyond type entryCount(142)
06-29 13:36:48.276  3472  3472 W ResourceType: For resource 0x7f0e0122, entry index(290) is beyond type entryCount(142)
06-29 13:36:48.276  3472  3472 W ResourceType: For resource 0x7f0e010b, entry index(267) is beyond type entryCount(142)
06-29 13:36:48.276  3472  3472 W ResourceType: For resource 0x7f0e010c, entry index(268) is beyond type entryCount(142)
06-29 13:36:48.276  3472  3472 W ResourceType: For resource 0x7f0e01ad, entry index(429) is beyond type entryCount(142)
06-29 13:36:48.276  3472  3472 W ResourceType: For resource 0x7f0e01ac, entry index(428) is beyond type entryCount(142)
06-29 13:36:48.276  1704  1929 D EGL_emulation: eglMakeCurrent: 0x9e4046c0: ver 2 0 (tinfo 0x9e403690)
06-29 13:36:48.317  3472  3472 W ResourceType: For resource 0x7f0e017f, entry index(383) is beyond type entryCount(142)
06-29 13:36:48.317  3472  3472 W ResourceType: For resource 0x7f0e0091, entry index(145) is beyond type entryCount(142)
06-29 13:36:48.354  1398  7054 D gralloc_ranchu: gralloc_alloc: Creating ashmem region of size 544768
06-29 13:36:48.448  3472  3472 W ResourceType: For resource 0x7f0e016b, entry index(363) is beyond type entryCount(142)
06-29 13:36:48.470  3472  3472 W ResourceType: For resource 0x7f0e017b, entry index(379) is beyond type entryCount(142)
06-29 13:36:48.479  3472  3472 W ResourceType: For resource 0x7f0e0125, entry index(293) is beyond type entryCount(142)
06-29 13:36:48.481  2629  2884 D EGL_emulation: eglMakeCurrent: 0xa61b6ce0: ver 2 0 (tinfo 0xa619b690)
06-29 13:36:48.501  1600  5065 W LocalDisplayAdapter: Unable to find color mode 0, ignoring request.
06-29 13:36:48.501  3472  3472 W ResourceType: For resource 0x7f0e0125, entry index(293) is beyond type entryCount(142)
06-29 13:36:48.527  1600  1662 I InputReader: Reconfiguring input devices.  changes=0x00000004
06-29 13:36:48.586  1696  1696 I KeyboardViewUtil: systemKeyboardHeightRatio:1.000000; userKeyboardHeightRatio:1.000000.
06-29 13:36:48.599  3472  3472 W ResourceType: For resource 0x7f0e01a5, entry index(421) is beyond type entryCount(142)
06-29 13:36:48.599  3472  3472 W ResourceType: For resource 0x7f0e00a9, entry index(169) is beyond type entryCount(142)
06-29 13:36:48.612  3472  3472 W ResourceType: For resource 0x7f0e01bc, entry index(444) is beyond type entryCount(142)
06-29 13:36:48.628  3472  3472 W ResourceType: For resource 0x7f0e0132, entry index(306) is beyond type entryCount(142)
06-29 13:36:48.628  3472  3472 W ResourceType: For resource 0x7f0e00f7, entry index(247) is beyond type entryCount(142)
06-29 13:36:48.631  3472  3472 W ResourceType: For resource 0x7f0e0131, entry index(305) is beyond type entryCount(142)
06-29 13:36:48.631  3472  3472 W ResourceType: For resource 0x7f0e010f, entry index(271) is beyond type entryCount(142)
06-29 13:36:48.632  3472  3472 W ResourceType: For resource 0x7f0e0175, entry index(373) is beyond type entryCount(142)
06-29 13:36:48.639  3472  3472 W ResourceType: For resource 0x7f0e0173, entry index(371) is beyond type entryCount(142)
06-29 13:36:48.645  1704  1704 D EGL_emulation: eglCreateContext: 0x9ba745c0: maj 2 min 0 rcv 2
06-29 13:36:48.649  1704  1704 D EGL_emulation: eglMakeCurrent: 0x9ba745c0: ver 2 0 (tinfo 0x8999d150)
06-29 13:36:48.656  1696  1696 I DeviceStatusMonitor: onReceive() : Action = android.intent.action.CONFIGURATION_CHANGED
06-29 13:36:48.656  1398  7054 D gralloc_ranchu: gralloc_alloc: Creating ashmem region of size 9547776
06-29 13:36:48.657  1696  1696 I ConfigNotification: Get device mode by ui mode:1 and smallestScreenWidthDp:411
06-29 13:36:48.672  1696  1696 I chatty  : uid=10060(com.google.android.inputmethod.latin) identical 2 lines
06-29 13:36:48.672  1696  1696 I ConfigNotification: Get device mode by ui mode:1 and smallestScreenWidthDp:411
06-29 13:36:48.689  3472  3472 W ResourceType: For resource 0x7f0e011d, entry index(285) is beyond type entryCount(142)
06-29 13:36:48.690  3472  3472 I chatty  : uid=10104(net.osmand) identical 1 line
06-29 13:36:48.690  3472  3472 W ResourceType: For resource 0x7f0e011d, entry index(285) is beyond type entryCount(142)
06-29 13:36:48.697  1704  1704 D EGL_emulation: eglMakeCurrent: 0x9ba745c0: ver 2 0 (tinfo 0x8999d150)
06-29 13:36:48.702  3472  3472 W ResourceType: For resource 0x7f0e011d, entry index(285) is beyond type entryCount(142)
06-29 13:36:48.704  3472  3472 I chatty  : uid=10104(net.osmand) identical 1 line
06-29 13:36:48.704  3472  3472 W ResourceType: For resource 0x7f0e011d, entry index(285) is beyond type entryCount(142)
06-29 13:36:48.705  3472  3472 W ResourceType: For resource 0x7f0e01ac, entry index(428) is beyond type entryCount(142)
06-29 13:36:48.705  3472  3472 W ResourceType: For resource 0x7f0e00ae, entry index(174) is beyond type entryCount(142)
06-29 13:36:48.706  3472  3472 W ResourceType: For resource 0x7f0e013d, entry index(317) is beyond type entryCount(142)
06-29 13:36:48.706  3472  3472 W ResourceType: For resource 0x7f0e013e, entry index(318) is beyond type entryCount(142)
06-29 13:36:48.771  3472  3472 W ResourceType: For resource 0x7f0e013b, entry index(315) is beyond type entryCount(142)
06-29 13:36:48.773  3472  3472 I chatty  : uid=10104(net.osmand) identical 4 lines
06-29 13:36:48.773  3472  3472 W ResourceType: For resource 0x7f0e013b, entry index(315) is beyond type entryCount(142)
06-29 13:36:48.778  1398  7054 D gralloc_ranchu: gralloc_alloc: Creating ashmem region of size 9547776
06-29 13:36:48.779  3472  3472 W ResourceType: For resource 0x7f0e013b, entry index(315) is beyond type entryCount(142)
06-29 13:36:48.780  3472  3472 I chatty  : uid=10104(net.osmand) identical 3 lines
06-29 13:36:48.780  3472  3472 W ResourceType: For resource 0x7f0e013b, entry index(315) is beyond type entryCount(142)
06-29 13:36:48.949  1704  1704 I Choreographer: Skipped 40 frames!  The application may be doing too much work on its main thread.
06-29 13:36:48.958  1398  7054 D gralloc_ranchu: gralloc_alloc: Creating ashmem region of size 544768
06-29 13:36:49.042  1600  1621 W WindowManager: Window freeze timeout expired.
06-29 13:36:49.042  1600  1621 W WindowManager: Force clearing orientation change: Window{a7ee748 u0 StatusBar}
06-29 13:36:49.054  1600  1647 I WindowManager: Screen frozen for +2s28ms due to Window{a7ee748 u0 StatusBar}
06-29 13:36:49.057  1398  7054 D gralloc_ranchu: gralloc_alloc: Creating ashmem region of size 487424
06-29 13:36:49.084  1408  1408 D SurfaceFlinger: duplicate layer name: changing BlackSurface to BlackSurface#1
06-29 13:36:49.090  1408  1408 I chatty  : uid=1000(system) /system/bin/surfaceflinger identical 1 line
06-29 13:36:49.094  1408  1408 D SurfaceFlinger: duplicate layer name: changing BlackSurface to BlackSurface#1
06-29 13:36:49.128  1704  1704 D StatusBar: disable<e i a s b h r c s q >
06-29 13:36:49.161  3472  3472 W System.err: OnCreate for MapActivity took 961 ms
06-29 13:36:49.165  1704  1929 D EGL_emulation: eglMakeCurrent: 0x9e4046c0: ver 2 0 (tinfo 0x9e403690)
06-29 13:36:49.222  1398  7054 D gralloc_ranchu: gralloc_alloc: Creating ashmem region of size 487424
06-29 13:36:49.278  1704  1704 W StatusBar/NavBarView: *** Invalid layout in navigation bar (sizeChanged this=126x1080 cur=126x1038)
06-29 13:36:49.288  1600  5707 I WifiService: acquireWifiLock uid=10014 lockMode=2
06-29 13:36:49.289  1600  1613 E memtrack: Couldn't load memtrack module
06-29 13:36:49.289  1600  1613 W android.os.Debug: failed to get memory consumption info: -1
06-29 13:36:49.347  1600  5707 I ActivityManager: Start proc 8150:com.google.android.apps.wallpaper/u0a31 for broadcast com.google.android.apps.wallpaper/.module.DailyLoggingAlarmReceiver
06-29 13:36:49.382  8150  8150 W zygote  : Unexpected CPU variant for X86 using defaults: x86
06-29 13:36:49.449  1704  1704 D EGL_emulation: eglCreateContext: 0x9ba750a0: maj 2 min 0 rcv 2
06-29 13:36:49.468  1704  1704 D EGL_emulation: eglMakeCurrent: 0x9ba750a0: ver 2 0 (tinfo 0x8999d150)
06-29 13:36:49.498  1398  7054 D gralloc_ranchu: gralloc_alloc: Creating ashmem region of size 8298496
06-29 13:36:49.534  1704  1704 D EGL_emulation: eglMakeCurrent: 0x9ba750a0: ver 2 0 (tinfo 0x8999d150)
06-29 13:36:49.536  3472  3472 D InAppPurchaseHelper: Destroying helper.
06-29 13:36:49.697  1398  7054 D gralloc_ranchu: gralloc_alloc: Creating ashmem region of size 8298496
06-29 13:36:49.754  1704  1704 I Choreographer: Skipped 36 frames!  The application may be doing too much work on its main thread.
06-29 13:36:49.759  3472  3472 D net.osmand: Enable sensor
06-29 13:36:49.828  1398  7054 D gralloc_ranchu: gralloc_alloc: Creating ashmem region of size 487424
06-29 13:36:49.855  3472  3472 W System.err: OnCreate for MapActivity took 313 ms
06-29 13:36:49.870  1704  1929 D EGL_emulation: eglMakeCurrent: 0x9e4046c0: ver 2 0 (tinfo 0x9e403690)
06-29 13:36:49.886  1398  7054 D gralloc_ranchu: gralloc_alloc: Creating ashmem region of size 8298496
06-29 13:36:49.947  1408  1408 E EGL_emulation: tid 1408: eglCreateSyncKHR(1962): error 0x3004 (EGL_BAD_ATTRIBUTE)
06-29 13:36:49.966  1600  7916 W LocalDisplayAdapter: Unable to find color mode 0, ignoring request.
06-29 13:36:49.991  1600  7916 I ActivityManager: Config changes=480 {1.0 310mcc260mnc [en_US] ldltr sw411dp w411dp h659dp 420dpi nrml port finger qwerty/v/v -nav/h appBounds=Rect(0, 0 - 1080, 1794) s.14}
06-29 13:36:50.005  1600  1662 I InputReader: Reconfiguring input devices.  changes=0x00000004
06-29 13:36:50.005  1600  1662 I InputReader: Device reconfigured: id=0, name='qwerty2', size 1080x1920, orientation 0, mode 1, display id 0
06-29 13:36:50.010  1600  7916 I ActivityManager: Override config changes=480 {1.0 310mcc260mnc [en_US] ldltr sw411dp w411dp h659dp 420dpi nrml port finger qwerty/v/v -nav/h appBounds=Rect(0, 0 - 1080, 1794) s.14} for displayId=0
06-29 13:36:50.126  3472  3472 I Choreographer: Skipped 154 frames!  The application may be doing too much work on its main thread.
06-29 13:36:50.198  3472  3472 W ResourceType: For resource 0x7f0e00c0, entry index(192) is beyond type entryCount(142)
06-29 13:36:50.199  3472  3472 W ResourceType: For resource 0x7f0e00d1, entry index(209) is beyond type entryCount(142)
06-29 13:36:50.199  3472  3472 W ResourceType: For resource 0x7f0e00cb, entry index(203) is beyond type entryCount(142)
06-29 13:36:50.199  3472  3472 W ResourceType: For resource 0x7f0e014d, entry index(333) is beyond type entryCount(142)
06-29 13:36:50.199  3472  3472 W ResourceType: For resource 0x7f0e00dd, entry index(221) is beyond type entryCount(142)
06-29 13:36:50.199  3472  3472 W ResourceType: For resource 0x7f0e00e4, entry index(228) is beyond type entryCount(142)
06-29 13:36:50.217  3472  3472 W ResourceType: For resource 0x7f0e013b, entry index(315) is beyond type entryCount(142)
06-29 13:36:50.218  3472  3472 W ResourceType: For resource 0x7f0e013b, entry index(315) is beyond type entryCount(142)
06-29 13:36:50.218  3472  3472 W ResourceType: For resource 0x7f0e010f, entry index(271) is beyond type entryCount(142)
06-29 13:36:50.219  3472  3472 W ResourceType: For resource 0x7f0e013b, entry index(315) is beyond type entryCount(142)
06-29 13:36:50.224  3472  3472 I chatty  : uid=10104(net.osmand) identical 10 lines
06-29 13:36:50.224  3472  3472 W ResourceType: For resource 0x7f0e013b, entry index(315) is beyond type entryCount(142)
06-29 13:36:50.225  1398  7054 D gralloc_ranchu: gralloc_alloc: Creating ashmem region of size 8298496
06-29 13:36:50.225  3472  3472 W ResourceType: For resource 0x7f0e013b, entry index(315) is beyond type entryCount(142)
06-29 13:36:50.277  3472  3472 I chatty  : uid=10104(net.osmand) identical 50 lines
06-29 13:36:50.277  3472  3472 W ResourceType: For resource 0x7f0e013b, entry index(315) is beyond type entryCount(142)
06-29 13:36:50.277  1704  1929 D EGL_emulation: eglMakeCurrent: 0x9e4046c0: ver 2 0 (tinfo 0x9e403690)
06-29 13:36:50.279  3472  3472 W ResourceType: For resource 0x7f0e013b, entry index(315) is beyond type entryCount(142)
06-29 13:36:50.280  3472  3472 I chatty  : uid=10104(net.osmand) identical 3 lines
06-29 13:36:50.280  3472  3472 W ResourceType: For resource 0x7f0e013b, entry index(315) is beyond type entryCount(142)
06-29 13:36:50.285  3472  3472 W View    : requestLayout() improperly called by android.widget.ListView{25d152a VFED.VC.. ......ID 0,0-735,1794 #7f0803ba app:id/menuItems} during layout: running second layout pass
06-29 13:36:50.289  1696  1696 I KeyboardViewUtil: systemKeyboardHeightRatio:1.000000; userKeyboardHeightRatio:1.000000.
06-29 13:36:50.334  1600  5707 W WindowManager: Failed looking up window callers=com.android.server.wm.WindowManagerService.windowForClientLocked:5797 com.android.server.wm.WindowManagerService.relayoutWindow:1931 com.android.server.wm.Session.relayout:239 
06-29 13:36:50.353  3472  3540 D EGL_emulation: eglMakeCurrent: 0x9e4043c0: ver 2 0 (tinfo 0x9e403290)
06-29 13:36:50.355  1408  1664 E BufferQueueProducer: [Toast#0] cancelBuffer: BufferQueue has been abandoned
06-29 13:36:50.365  1600  2660 W WindowManager: Failed looking up window callers=com.android.server.wm.WindowManagerService.windowForClientLocked:5797 com.android.server.wm.WindowManagerService.finishDrawingWindow:2340 com.android.server.wm.Session.finishDrawing:275 
06-29 13:36:50.368  1600  5707 W WindowManager: Failed looking up window callers=com.android.server.wm.WindowManagerService.windowForClientLocked:5797 com.android.server.wm.WindowManagerService.removeWindow:1715 com.android.server.wm.Session.remove:222 
06-29 13:36:50.385  3472  3472 D net.osmand: Disable sensor
06-29 13:36:50.404  3472  3472 I net.osmand: MapRenderRepositories RENDER MAP: Interrupt rendering map
06-29 13:36:50.409  1398  7054 D gralloc_ranchu: gralloc_alloc: Creating ashmem region of size 544768
06-29 13:36:50.413  3472  3472 D InAppPurchaseHelper: Destroying helper.
06-29 13:36:50.450  1704  1929 D EGL_emulation: eglMakeCurrent: 0x9e4046c0: ver 2 0 (tinfo 0x9e403690)
06-29 13:36:50.464  1408  1664 E SurfaceFlinger: Failed to find layer (SurfaceView - net.osmand/net.osmand.plus.activities.MapActivity#0) in layer parent (no-parent).
06-29 13:36:50.467  1408  1422 E SurfaceFlinger: Failed to find layer (Background for - SurfaceView - net.osmand/net.osmand.plus.activities.MapActivity#0) in layer parent (no-parent).
