07-18 14:31:06.899  1956  2485 W GLSUser : 	at com.android.okhttp.internal.http.HttpEngine.connect(HttpEngine.java:281)
07-18 14:31:06.899  1956  2485 W GLSUser : 	at com.android.okhttp.internal.http.HttpEngine.sendRequest(HttpEngine.java:224)
07-18 14:31:06.899  1956  2485 W GLSUser : 	at com.android.okhttp.internal.huc.HttpURLConnectionImpl.execute(HttpURLConnectionImpl.java:461)
07-18 14:31:06.899  1956  2485 W GLSUser : 	at com.android.okhttp.internal.huc.HttpURLConnectionImpl.connect(HttpURLConnectionImpl.java:127)
07-18 14:31:06.899  1956  2485 W GLSUser : 	at com.android.okhttp.internal.huc.HttpURLConnectionImpl.getOutputStream(HttpURLConnectionImpl.java:258)
07-18 14:31:06.899  1956  2485 W GLSUser : 	at com.android.okhttp.internal.huc.DelegatingHttpsURLConnection.getOutputStream(DelegatingHttpsURLConnection.java:218)
07-18 14:31:06.899  1956  2485 W GLSUser : 	at com.android.okhttp.internal.huc.HttpsURLConnectionImpl.getOutputStream(Unknown Source:0)
07-18 14:31:06.899  1956  2485 W GLSUser : 	at acdd.a(:com.google.android.gms@17785022@17.7.85 (040700-253824076):26)
07-18 14:31:06.899  1956  2485 W GLSUser : 	at joi.a(:com.google.android.gms@17785022@17.7.85 (040700-253824076):1)
07-18 14:31:06.899  1956  2485 W GLSUser : 	at hks.a(:com.google.android.gms@17785022@17.7.85 (040700-253824076):8)
07-18 14:31:06.899  1956  2485 W GLSUser : 	at hks.a(:com.google.android.gms@17785022@17.7.85 (040700-253824076):4)
07-18 14:31:06.899  1956  2485 W GLSUser : 	at imb.a(:com.google.android.gms@17785022@17.7.85 (040700-253824076):47)
07-18 14:31:06.899  1956  2485 W GLSUser : 	at ima.a(:com.google.android.gms@17785022@17.7.85 (040700-253824076):1)
07-18 14:31:06.899  1956  2485 W GLSUser : 	at ima.a(:com.google.android.gms@17785022@17.7.85 (040700-253824076):14)
07-18 14:31:06.899  1956  2485 W GLSUser : 	at aamg.a(:com.google.android.gms@17785022@17.7.85 (040700-253824076):1)
07-18 14:31:06.899  1956  2485 W GLSUser : 	at cwm.onTransact(:com.google.android.gms@17785022@17.7.85 (040700-253824076):4)
07-18 14:31:06.899  1956  2485 W GLSUser : 	at android.os.Binder.transact(Binder.java:627)
07-18 14:31:06.899  1956  2485 W GLSUser : 	at eer.onTransact(:com.google.android.gms@17785022@17.7.85 (040700-253824076):3)
07-18 14:31:06.899  1956  2485 W GLSUser : 	at android.os.Binder.transact(Binder.java:627)
07-18 14:31:06.899  1956  2485 W GLSUser : 	at aand.onTransact(:com.google.android.gms@17785022@17.7.85 (040700-253824076):25)
07-18 14:31:06.899  1956  2485 W GLSUser : 	at android.os.Binder.execTransact(Binder.java:697)
07-18 14:31:06.900  1956  2485 W GLSUser : [DeviceKeyStore] Cannot load key: Device key file not found.
07-18 14:31:10.432  1956  1956 I GeofencerStateMachine: sendNewTransitions called.
07-18 14:31:16.441  1956  1956 I GeofencerStateMachine: sendNewTransitions called.
07-18 14:31:17.230  1956  1956 W ChimeraUtils: Non Chimera context
07-18 14:31:17.230  1956  1956 W ChimeraUtils: Non Chimera context
07-18 14:31:17.411  5874  5884 I chatty  : uid=10104(net.osmand) HeapTaskDaemon expire 13 lines
07-18 14:31:22.247  1956  1956 W SystemServiceRegistry: No service published for: persistent_data_block
07-18 14:31:22.292  1956  1956 I GeofencerStateMachine: sendNewTransitions called.
07-18 14:31:22.393  1956  2282 W ResourceType: ResTable_typeSpec entry count inconsistent: given 17, previously 24
07-18 14:31:28.305  1956  1956 I GeofencerStateMachine: sendNewTransitions called.
07-18 14:31:33.459  1956  1956 I GeofencerStateMachine: sendNewTransitions called.
07-18 14:31:33.566  1396  1414 D hwcomposer: hw_composer sent 263 syncs in 60s
07-18 14:31:34.067  5874  5884 I chatty  : uid=10104(net.osmand) HeapTaskDaemon expire 10 lines
07-18 14:31:39.383  1956  1956 I GeofencerStateMachine: sendNewTransitions called.
07-18 14:31:41.940  1592  7547 I chatty  : uid=1000 system_server expire 2 lines
07-18 14:31:41.951  1592  7546 I chatty  : uid=1000 system_server expire 2 lines
07-18 14:31:42.452  1403  1403 I boot-pipe: done populating /dev/random
07-18 14:31:44.450  1956  1956 I GeofencerStateMachine: sendNewTransitions called.
07-18 14:31:46.252  5874  5884 I chatty  : uid=10104(net.osmand) HeapTaskDaemon expire 12 lines
07-18 14:31:46.963  2237  7551 W cdcv    : [{0}] Failed to resolve name. status={1}
07-18 14:31:47.780  2237  7551 W cdcv    : [{0}] Failed to resolve name. status={1}
07-18 14:31:48.927  1956  2260 W GLSUser : [AppCertManager] IOException while requesting key: 
07-18 14:31:48.927  1956  2260 W GLSUser : java.net.ConnectException: Failed to connect to android.googleapis.com/172.217.162.106:443
07-18 14:31:48.927  1956  2260 W GLSUser : 	at com.android.okhttp.internal.io.RealConnection.connectSocket(RealConnection.java:143)
07-18 14:31:48.927  1956  2260 W GLSUser : 	at com.android.okhttp.internal.io.RealConnection.connect(RealConnection.java:112)
07-18 14:31:48.927  1956  2260 W GLSUser : 	at com.android.okhttp.internal.http.StreamAllocation.findConnection(StreamAllocation.java:184)
07-18 14:31:48.927  1956  2260 W GLSUser : 	at com.android.okhttp.internal.http.StreamAllocation.findHealthyConnection(StreamAllocation.java:126)
07-18 14:31:48.927  1956  2260 W GLSUser : 	at com.android.okhttp.internal.http.StreamAllocation.newStream(StreamAllocation.java:95)
07-18 14:31:48.927  1956  2260 W GLSUser : 	at com.android.okhttp.internal.http.HttpEngine.connect(HttpEngine.java:281)
07-18 14:31:48.927  1956  2260 W GLSUser : 	at com.android.okhttp.internal.http.HttpEngine.sendRequest(HttpEngine.java:224)
07-18 14:31:48.927  1956  2260 W GLSUser : 	at com.android.okhttp.internal.huc.HttpURLConnectionImpl.execute(HttpURLConnectionImpl.java:461)
07-18 14:31:48.927  1956  2260 W GLSUser : 	at com.android.okhttp.internal.huc.HttpURLConnectionImpl.connect(HttpURLConnectionImpl.java:127)
07-18 14:31:48.927  1956  2260 W GLSUser : 	at com.android.okhttp.internal.huc.HttpURLConnectionImpl.getOutputStream(HttpURLConnectionImpl.java:258)
07-18 14:31:48.927  1956  2260 W GLSUser : 	at com.android.okhttp.internal.huc.DelegatingHttpsURLConnection.getOutputStream(DelegatingHttpsURLConnection.java:218)
07-18 14:31:48.927  1956  2260 W GLSUser : 	at com.android.okhttp.internal.huc.HttpsURLConnectionImpl.getOutputStream(Unknown Source:0)
07-18 14:31:48.927  1956  2260 W GLSUser : 	at acdd.a(:com.google.android.gms@17785022@17.7.85 (040700-253824076):26)
07-18 14:31:48.927  1956  2260 W GLSUser : 	at joi.a(:com.google.android.gms@17785022@17.7.85 (040700-253824076):1)
07-18 14:31:48.927  1956  2260 W GLSUser : 	at hks.a(:com.google.android.gms@17785022@17.7.85 (040700-253824076):8)
07-18 14:31:48.927  1956  2260 W GLSUser : 	at hks.a(:com.google.android.gms@17785022@17.7.85 (040700-253824076):4)
07-18 14:31:48.927  1956  2260 W GLSUser : 	at imb.a(:com.google.android.gms@17785022@17.7.85 (040700-253824076):47)
07-18 14:31:48.927  1956  2260 W GLSUser : 	at ima.a(:com.google.android.gms@17785022@17.7.85 (040700-253824076):13)
07-18 14:31:48.927  1956  2260 W GLSUser : 	at ilw.a(Unknown Source:0)
07-18 14:31:48.927  1956  2260 W GLSUser : 	at ilt.a(:com.google.android.gms@17785022@17.7.85 (040700-253824076):8)
07-18 14:31:48.927  1956  2260 W GLSUser : 	at hjl.call(:com.google.android.gms@17785022@17.7.85 (040700-253824076):7)
07-18 14:31:48.927  1956  2260 W GLSUser : 	at java.util.concurrent.FutureTask.run(FutureTask.java:266)
07-18 14:31:48.927  1956  2260 W GLSUser : 	at squ.b(:com.google.android.gms@17785022@17.7.85 (040700-253824076):37)
07-18 14:31:48.927  1956  2260 W GLSUser : 	at squ.run(:com.google.android.gms@17785022@17.7.85 (040700-253824076):21)
07-18 14:31:48.927  1956  2260 W GLSUser : 	at java.util.concurrent.ThreadPoolExecutor.runWorker(ThreadPoolExecutor.java:1162)
07-18 14:31:48.927  1956  2260 W GLSUser : 	at java.util.concurrent.ThreadPoolExecutor$Worker.run(ThreadPoolExecutor.java:636)
07-18 14:31:48.927  1956  2260 W GLSUser : 	at swz.run(Unknown Source:7)
07-18 14:31:48.927  1956  2260 W GLSUser : 	at java.lang.Thread.run(Thread.java:764)
07-18 14:31:48.930  1956  2333 W GLSUser : [DeviceKeyStore] Cannot load key: Device key file not found.
07-18 14:31:48.932  1956  2333 W GLSUser : [DeviceKeyStore] Cannot load key: Device key file not found.
07-18 14:31:48.948  2237  6894 W cdcv    : [{0}] Failed to resolve name. status={1}
07-18 14:31:50.409  1956  1956 I GeofencerStateMachine: sendNewTransitions called.
07-18 14:31:51.963  1592  2371 I chatty  : uid=1000(system) NetworkMonitorN expire 1 line
07-18 14:30:33.108  1592  1609 E BatteryExternalStatsWorker: modem info is invalid: ModemActivityInfo{ mTimestamp=0 mSleepTimeMs=0 mIdleTimeMs=0 mTxTimeMs[]=[0, 0, 0, 0, 0] mRxTimeMs=0 mEnergyUsed=0}
07-18 14:31:51.966  1592  1671 D ConnectivityService: NetworkAgentInfo [WIFI () - 101] validation failed
07-18 14:31:51.968  1592  1667 I chatty  : uid=1000(system) WifiStateMachin expire 1 line
07-18 14:31:53.931  1592  1605 I chatty  : uid=1000(system) android.bg expire 7 lines
07-18 14:31:55.458  1956  1956 I GeofencerStateMachine: sendNewTransitions called.
07-18 14:32:00.146  1592  1605 W android.os.Debug: failed to get memory consumption info: -1
07-18 14:32:00.636  5874  5884 I chatty  : uid=10104(net.osmand) HeapTaskDaemon expire 10 lines
07-18 14:32:01.402  1956  1956 I GeofencerStateMachine: sendNewTransitions called.
07-18 14:32:02.247  1592  6499 I WifiService: acquireWifiLock uid=10014 lockMode=2
07-18 14:32:02.282  1592  6499 I WifiService: releaseWifiLock uid=10014
07-18 14:32:06.479  1956  1956 I GeofencerStateMachine: sendNewTransitions called.
07-18 14:32:12.423  1956  1956 I GeofencerStateMachine: sendNewTransitions called.
07-18 14:32:13.784  5874  5884 I chatty  : uid=10104(net.osmand) HeapTaskDaemon expire 11 lines
07-18 14:32:17.480  1956  1956 I GeofencerStateMachine: sendNewTransitions called.
07-18 14:32:22.572  1592  1601 I zygote  : Background concurrent copying GC freed 55854(2MB) AllocSpace objects, 0(0B) LOS objects, 26% free, 16MB/22MB, paused 918us total 163.236ms
07-18 14:32:23.297  1592  4032 I WifiService: acquireWifiLock uid=10014 lockMode=2
07-18 14:32:23.312  1592  1605 E memtrack: Couldn't load memtrack module
07-18 14:32:23.312  1592  1605 W android.os.Debug: failed to get memory consumption info: -1
07-18 14:32:23.473  1956  1956 I GeofencerStateMachine: sendNewTransitions called.
07-18 14:32:26.263  1592  6498 D WificondControl: Scan result ready event
07-18 14:32:26.330  1592  6498 I WifiService: releaseWifiLock uid=10014
07-18 14:32:27.092  5874  5884 I chatty  : uid=10104(net.osmand) HeapTaskDaemon expire 11 lines
07-18 14:32:28.513  1956  1956 I GeofencerStateMachine: sendNewTransitions called.
07-18 14:32:29.358  2237  7551 W cdcv    : [{0}] Failed to resolve name. status={1}
07-18 14:32:33.600  1396  1414 D hwcomposer: hw_composer sent 254 syncs in 60s
07-18 14:32:34.518  1956  1956 I GeofencerStateMachine: sendNewTransitions called.
07-18 14:32:35.641  1592  7564 D NetworkMonitor/NetworkAgentInfo [MOBILE (GPRS) - 100]: PROBE_DNS www.google.com 5020ms OK 172.217.28.228,2800:3f0:4001:801::2004
07-18 14:32:35.641  1592  7565 D NetworkMonitor/NetworkAgentInfo [MOBILE (GPRS) - 100]: PROBE_DNS connectivitycheck.gstatic.com 5020ms OK 172.217.172.131,2800:3f0:4001:81a::2003
07-18 14:32:39.501  1956  1956 I GeofencerStateMachine: sendNewTransitions called.
07-18 14:32:40.417  5874  5884 I chatty  : uid=10104(net.osmand) HeapTaskDaemon expire 13 lines
07-18 14:32:42.455  1403  1403 I boot-pipe: done populating /dev/random
07-18 14:32:43.325  1592  1852 I WifiService: acquireWifiLock uid=10014 lockMode=2
07-18 14:32:43.372  1592  1852 I WifiService: releaseWifiLock uid=10014
07-18 14:32:43.796  1592  7565 D NetworkMonitor/NetworkAgentInfo [MOBILE (GPRS) - 100]: PROBE_HTTP http://connectivitycheck.gstatic.com/generate_204 time=8154ms ret=204 request={User-Agent=[Mozilla/5.0 (X11; Linux x86_64) AppleWebKit/537.36 (KHTML, like Gecko) Chrome/60.0.3112.32 Safari/537.36]} headers={null=[HTTP/1.1 204 No Content], Content-Length=[0], Date=[Thu, 18 Jul 2019 14:32:45 GMT], X-Android-Received-Millis=[1563460363795], X-Android-Response-Source=[NETWORK 204], X-Android-Selected-Protocol=[http/1.1], X-Android-Sent-Millis=[1563460361836]}
07-18 14:32:44.890  1592  2007 D NetworkMonitor/NetworkAgentInfo [MOBILE (GPRS) - 100]: PROBE_FALLBACK http://play.googleapis.com/generate_204 time=11269ms ret=204 request={User-Agent=[Mozilla/5.0 (X11; Linux x86_64) AppleWebKit/537.36 (KHTML, like Gecko) Chrome/60.0.3112.32 Safari/537.36]} headers={null=[HTTP/1.1 204 No Content], Content-Length=[0], Date=[Thu, 18 Jul 2019 14:32:38 GMT], X-Android-Received-Millis=[1563460364890], X-Android-Response-Source=[NETWORK 204], X-Android-Selected-Protocol=[http/1.1], X-Android-Sent-Millis=[1563460355175]}
07-18 14:32:45.328  2237  6895 W Conscrypt: Could not set socket write timeout: java.net.SocketException: Socket closed
07-18 14:32:45.328  2237  6895 W Conscrypt: 	at com.google.android.gms.org.conscrypt.Platform.setSocketWriteTimeout(:com.google.android.gms@17785022@17.7.85 (040700-253824076):2)
07-18 14:32:45.328  2237  6895 W Conscrypt: 	at com.google.android.gms.org.conscrypt.ConscryptFileDescriptorSocket.setSoWriteTimeout(:com.google.android.gms@17785022@17.7.85 (040700-253824076):2)
07-18 14:32:45.498  1956  1956 I GeofencerStateMachine: sendNewTransitions called.
07-18 14:32:51.246  1956  1956 I GeofencerStateMachine: sendNewTransitions called.
07-18 14:32:56.504  1956  1956 I GeofencerStateMachine: sendNewTransitions called.
07-18 14:32:57.017  5874  5884 I chatty  : uid=10104(net.osmand) HeapTaskDaemon expire 10 lines
07-18 14:32:57.320  1592  7564 D NetworkMonitor/NetworkAgentInfo [MOBILE (GPRS) - 100]: PROBE_HTTPS https://www.google.com/generate_204 Probe failed with exception java.net.ConnectException: Failed to connect to www.google.com/2800:3f0:4001:801::2004:443
07-18 14:32:57.325  1592  1671 D ConnectivityService: NetworkAgentInfo [MOBILE (GPRS) - 100] validation failed
07-18 14:32:58.476  5874  5874 I chatty  : uid=10104(net.osmand) expire 2 lines
07-18 14:33:02.280  1956  1956 I GeofencerStateMachine: sendNewTransitions called.
07-18 14:33:03.337  1592  4032 I WifiService: acquireWifiLock uid=10014 lockMode=2
07-18 14:33:05.774  2237  6894 W Conscrypt: Could not set socket write timeout: java.net.SocketException: Socket closed
07-18 14:33:05.775  2237  6894 W Conscrypt: 	at com.google.android.gms.org.conscrypt.Platform.setSocketWriteTimeout(:com.google.android.gms@17785022@17.7.85 (040700-253824076):2)
07-18 14:33:05.775  2237  6894 W Conscrypt: 	at com.google.android.gms.org.conscrypt.ConscryptFileDescriptorSocket.setSoWriteTimeout(:com.google.android.gms@17785022@17.7.85 (040700-253824076):2)
07-18 14:33:06.366  1592  4032 D WificondControl: Scan result ready event
07-18 14:33:06.441  1592  4032 I WifiService: releaseWifiLock uid=10014
07-18 14:33:07.509  1956  1956 I GeofencerStateMachine: sendNewTransitions called.
07-18 14:33:08.761  7077  7099 I Finsky  : [350] jen.run(3): Stats for Executor: BlockingExecutor jfw@ae1f744[Running, pool size = 0, active threads = 0, queued tasks = 0, completed tasks = 13]
07-18 14:33:08.767  7077  7099 I Finsky  : [350] jen.run(3): Stats for Executor: LightweightExecutor jfw@e25302d[Running, pool size = 2, active threads = 0, queued tasks = 0, completed tasks = 61]
07-18 14:33:09.196  5874  5884 I chatty  : uid=10104(net.osmand) HeapTaskDaemon expire 13 lines
07-18 14:33:09.446  7077  7099 I Finsky  : [350] jen.run(3): Stats for Executor: bgExecutor jfw@a516962[Running, pool size = 4, active threads = 0, queued tasks = 0, completed tasks = 39]
07-18 14:33:11.314  1592  1601 I zygote  : Background concurrent copying GC freed 51343(2MB) AllocSpace objects, 0(0B) LOS objects, 26% free, 16MB/22MB, paused 1.413ms total 198.062ms
07-18 14:33:13.292  1956  1956 I GeofencerStateMachine: sendNewTransitions called.
07-18 14:33:18.496  1956  1956 I GeofencerStateMachine: sendNewTransitions called.
07-18 14:33:24.341  1956  1956 I GeofencerStateMachine: sendNewTransitions called.
07-18 14:33:24.367  1592  6499 I WifiService: acquireWifiLock uid=10014 lockMode=2
07-18 14:33:24.418  1592  6499 I WifiService: releaseWifiLock uid=10014
07-18 14:33:24.720  5874  5884 I chatty  : uid=10104(net.osmand) HeapTaskDaemon expire 12 lines
07-18 14:33:29.515  1956  1956 I GeofencerStateMachine: sendNewTransitions called.
07-18 14:33:34.319  1396  1414 D hwcomposer: hw_composer sent 276 syncs in 60s
07-18 14:33:35.352  1956  1956 I GeofencerStateMachine: sendNewTransitions called.
07-18 14:33:39.921  1956  7572 E WakeLock: GCM_HB_ALARM release without a matched acquire!
07-18 14:33:39.921  1956  7572 W WakeLock: GCM_HB_ALARM counter does not exist
07-18 14:33:40.036  5874  5884 I chatty  : uid=10104(net.osmand) HeapTaskDaemon expire 10 lines
07-18 14:33:40.507  1956  1956 I GeofencerStateMachine: sendNewTransitions called.
07-18 14:33:42.456  1403  1403 I boot-pipe: done populating /dev/random
07-18 14:33:44.383  1592  7171 I WifiService: acquireWifiLock uid=10014 lockMode=2
07-18 14:33:44.389  1592  1605 E memtrack: Couldn't load memtrack module
07-18 14:33:44.389  1592  1605 W android.os.Debug: failed to get memory consumption info: -1
07-18 14:33:44.448  1592  1605 E memtrack: Couldn't load memtrack module
07-18 14:33:44.448  1592  1605 W android.os.Debug: failed to get memory consumption info: -1
07-18 14:33:46.409  1956  1956 I GeofencerStateMachine: sendNewTransitions called.
07-18 14:33:47.365  1592  7171 D WificondControl: Scan result ready event
07-18 14:33:47.429  1592  7171 I WifiService: releaseWifiLock uid=10014
07-18 14:33:51.527  1956  1956 I GeofencerStateMachine: sendNewTransitions called.
07-18 14:33:52.174  5874  5884 I chatty  : uid=10104(net.osmand) HeapTaskDaemon expire 11 lines
07-18 14:33:55.194  1592  1609 E BatteryExternalStatsWorker: modem info is invalid: ModemActivityInfo{ mTimestamp=0 mSleepTimeMs=0 mIdleTimeMs=0 mTxTimeMs[]=[0, 0, 0, 0, 0] mRxTimeMs=0 mEnergyUsed=0}
07-18 14:33:57.374  1956  1956 I GeofencerStateMachine: sendNewTransitions called.
07-18 14:34:02.525  1956  1956 I GeofencerStateMachine: sendNewTransitions called.
07-18 14:34:02.676  1592  1601 I zygote  : Background concurrent copying GC freed 59178(2MB) AllocSpace objects, 0(0B) LOS objects, 26% free, 16MB/22MB, paused 922us total 158.265ms
07-18 14:34:04.402  1592  1852 I WifiService: acquireWifiLock uid=10014 lockMode=2
07-18 14:34:04.452  1592  1852 I WifiService: releaseWifiLock uid=10014
07-18 14:34:05.392  5874  5884 I chatty  : uid=10104(net.osmand) HeapTaskDaemon expire 12 lines
07-18 14:34:08.427  1956  1956 I GeofencerStateMachine: sendNewTransitions called.
07-18 14:34:13.517  1956  1956 I GeofencerStateMachine: sendNewTransitions called.
07-18 14:34:19.460  1956  1956 I GeofencerStateMachine: sendNewTransitions called.
07-18 14:34:20.039  1956  7575 E WakeLock: GCM_HB_ALARM release without a matched acquire!
07-18 14:34:20.040  1956  7575 W WakeLock: GCM_HB_ALARM counter does not exist
07-18 14:34:20.050  1956  7575 W WakeLock: GCM_CONN_ALARM counter does not exist
07-18 14:34:20.828  5874  5884 I chatty  : uid=10104(net.osmand) HeapTaskDaemon expire 11 lines
07-18 14:34:24.547  1956  1956 I GeofencerStateMachine: sendNewTransitions called.
07-18 14:34:25.441  1592  7171 I WifiService: acquireWifiLock uid=10014 lockMode=2
07-18 14:34:28.423  1592  4629 D WificondControl: Scan result ready event
07-18 14:34:28.473  1592  4629 I WifiService: releaseWifiLock uid=10014
07-18 14:34:30.548  1956  1956 I GeofencerStateMachine: sendNewTransitions called.
07-18 14:34:30.666  1956  1966 I zygote  : Background concurrent copying GC freed 116788(4MB) AllocSpace objects, 0(0B) LOS objects, 42% free, 8MB/14MB, paused 752us total 117.620ms
07-18 14:34:33.567  1396  1414 D hwcomposer: hw_composer sent 264 syncs in 60s
07-18 14:34:34.100  5874  5884 I chatty  : uid=10104(net.osmand) HeapTaskDaemon expire 10 lines
07-18 14:34:35.537  1956  1956 I GeofencerStateMachine: sendNewTransitions called.
07-18 14:34:41.572  1956  1956 I GeofencerStateMachine: sendNewTransitions called.
07-18 14:34:42.458  1403  1403 I boot-pipe: done populating /dev/random
07-18 14:34:45.463  1592  7171 I WifiService: acquireWifiLock uid=10014 lockMode=2
07-18 14:34:45.502  1592  1852 I WifiService: releaseWifiLock uid=10014
07-18 14:34:46.226  5874  5884 I chatty  : uid=10104(net.osmand) HeapTaskDaemon expire 10 lines
07-18 14:34:46.533  1956  1956 I GeofencerStateMachine: sendNewTransitions called.
07-18 14:34:48.271  1592  1601 I zygote  : Background concurrent copying GC freed 55054(2MB) AllocSpace objects, 0(0B) LOS objects, 26% free, 16MB/22MB, paused 1.432ms total 154.388ms
07-18 14:34:52.559  1956  1956 I GeofencerStateMachine: sendNewTransitions called.
07-18 14:34:58.139  1956  1956 I GeofencerStateMachine: sendNewTransitions called.
07-18 14:34:58.404  5874  5884 I chatty  : uid=10104(net.osmand) HeapTaskDaemon expire 13 lines
07-18 14:34:58.533  5874  5874 I chatty  : uid=10104(net.osmand) expire 2 lines
07-18 14:35:00.009  1592  1605 E memtrack: Couldn't load memtrack module
07-18 14:35:00.009  1592  1605 W android.os.Debug: failed to get memory consumption info: -1
07-18 14:35:03.559  1956  1956 I GeofencerStateMachine: sendNewTransitions called.
07-18 14:35:05.484  1592  4032 I WifiService: acquireWifiLock uid=10014 lockMode=2
07-18 14:35:05.505  1592  1605 E memtrack: Couldn't load memtrack module
07-18 14:35:05.505  1592  1605 W android.os.Debug: failed to get memory consumption info: -1
07-18 14:35:08.454  1592  4629 D WificondControl: Scan result ready event
07-18 14:35:08.520  1592  4629 I WifiService: releaseWifiLock uid=10014
07-18 14:35:09.181  1956  1956 I GeofencerStateMachine: sendNewTransitions called.
07-18 14:35:14.560  1956  1956 I GeofencerStateMachine: sendNewTransitions called.
07-18 14:35:15.020  5874  5884 I chatty  : uid=10104(net.osmand) HeapTaskDaemon expire 10 lines
07-18 14:35:20.277  1956  1956 I GeofencerStateMachine: sendNewTransitions called.
07-18 14:35:25.563  1956  1956 I GeofencerStateMachine: sendNewTransitions called.
07-18 14:35:26.510  1592  4032 I WifiService: acquireWifiLock uid=10014 lockMode=2
07-18 14:35:26.566  1592  7171 I WifiService: releaseWifiLock uid=10014
07-18 14:35:27.157  5874  5884 I chatty  : uid=10104(net.osmand) HeapTaskDaemon expire 13 lines
07-18 14:35:31.364  1956  1956 I GeofencerStateMachine: sendNewTransitions called.
07-18 14:35:33.637  1396  1414 D hwcomposer: hw_composer sent 264 syncs in 60s
07-18 14:35:36.557  1956  1956 I GeofencerStateMachine: sendNewTransitions called.
07-18 14:35:42.462  1403  1403 I boot-pipe: done populating /dev/random
07-18 14:35:42.463  1956  1956 I GeofencerStateMachine: sendNewTransitions called.
07-18 14:35:42.475  1592  1605 I zygote  : IncrementDisableThreadFlip blocked for 8.250ms
07-18 14:35:42.674  1592  1601 I zygote  : Background concurrent copying GC freed 63889(2MB) AllocSpace objects, 0(0B) LOS objects, 26% free, 16MB/22MB, paused 1.621ms total 203.648ms
07-18 14:35:42.875  5874  5884 I chatty  : uid=10104(net.osmand) HeapTaskDaemon expire 13 lines
07-18 14:34:19.463  1592  1609 E BatteryExternalStatsWorker: modem info is invalid: ModemActivityInfo{ mTimestamp=0 mSleepTimeMs=0 mIdleTimeMs=0 mTxTimeMs[]=[0, 0, 0, 0, 0] mRxTimeMs=0 mEnergyUsed=0}
07-18 14:35:43.681  1592  1609 E BatteryExternalStatsWorker: modem info is invalid: ModemActivityInfo{ mTimestamp=0 mSleepTimeMs=0 mIdleTimeMs=0 mTxTimeMs[]=[0, 0, 0, 0, 0] mRxTimeMs=0 mEnergyUsed=0}
07-18 14:35:46.532  1592  4629 I WifiService: acquireWifiLock uid=10014 lockMode=2
07-18 14:35:46.538  1592  1605 E memtrack: Couldn't load memtrack module
07-18 14:35:46.538  1592  1605 W android.os.Debug: failed to get memory consumption info: -1
07-18 14:35:46.586  1592  1605 E memtrack: Couldn't load memtrack module
07-18 14:35:46.586  1592  1605 W android.os.Debug: failed to get memory consumption info: -1
07-18 14:35:47.573  1956  1956 I GeofencerStateMachine: sendNewTransitions called.
07-18 14:35:49.535  1592  6498 D WificondControl: Scan result ready event
07-18 14:35:49.600  1592  7171 I WifiService: releaseWifiLock uid=10014
07-18 14:35:53.561  1956  1956 I GeofencerStateMachine: sendNewTransitions called.
07-18 14:35:59.122  1956  1956 I GeofencerStateMachine: sendNewTransitions called.
07-18 14:35:59.394  5874  5884 I chatty  : uid=10104(net.osmand) HeapTaskDaemon expire 12 lines
07-18 14:36:04.573  1956  1956 I GeofencerStateMachine: sendNewTransitions called.
07-18 14:36:06.573  1592  7171 I WifiService: acquireWifiLock uid=10014 lockMode=2
07-18 14:36:06.654  1592  6499 I WifiService: releaseWifiLock uid=10014
07-18 14:36:08.763  7077  7099 I Finsky  : [350] jen.run(3): Stats for Executor: BlockingExecutor jfw@ae1f744[Running, pool size = 0, active threads = 0, queued tasks = 0, completed tasks = 13]
07-18 14:36:08.777  7077  7099 I Finsky  : [350] jen.run(3): Stats for Executor: LightweightExecutor jfw@e25302d[Running, pool size = 2, active threads = 0, queued tasks = 0, completed tasks = 61]
07-18 14:36:09.448  7077  7099 I Finsky  : [350] jen.run(3): Stats for Executor: bgExecutor jfw@a516962[Running, pool size = 4, active threads = 0, queued tasks = 0, completed tasks = 39]
07-18 14:36:09.579  1956  1956 I GeofencerStateMachine: sendNewTransitions called.
07-18 14:36:14.588  1956  1956 I GeofencerStateMachine: sendNewTransitions called.
07-18 14:36:14.867  5874  5884 I chatty  : uid=10104(net.osmand) HeapTaskDaemon expire 11 lines
07-18 14:36:20.160  1956  1956 I GeofencerStateMachine: sendNewTransitions called.
07-18 14:36:25.589  1956  1956 I GeofencerStateMachine: sendNewTransitions called.
07-18 14:36:27.634  1592  6498 I WifiService: acquireWifiLock uid=10014 lockMode=2
07-18 14:36:27.639  1592  1605 E memtrack: Couldn't load memtrack module
07-18 14:36:27.639  1592  1605 W android.os.Debug: failed to get memory consumption info: -1
07-18 14:36:28.216  5874  5884 I chatty  : uid=10104(net.osmand) HeapTaskDaemon expire 12 lines
07-18 14:36:30.641  1592  7171 D WificondControl: Scan result ready event
07-18 14:36:30.677  1592  6498 I WifiService: releaseWifiLock uid=10014
07-18 14:36:30.834  1592  1601 I zygote  : Background concurrent copying GC freed 56002(2MB) AllocSpace objects, 0(0B) LOS objects, 26% free, 16MB/22MB, paused 1.324ms total 149.950ms
07-18 14:36:31.261  1956  1956 I GeofencerStateMachine: sendNewTransitions called.
07-18 14:36:33.576  1396  1414 D hwcomposer: hw_composer sent 267 syncs in 60s
07-18 14:36:36.598  1956  1956 I GeofencerStateMachine: sendNewTransitions called.
07-18 14:36:42.380  1956  1956 I GeofencerStateMachine: sendNewTransitions called.
07-18 14:36:42.463  1403  1403 I boot-pipe: done populating /dev/random
07-18 14:36:42.776  5874  5884 I chatty  : uid=10104(net.osmand) HeapTaskDaemon expire 11 lines
07-18 14:36:47.593  1956  1956 I GeofencerStateMachine: sendNewTransitions called.
07-18 14:36:47.648  1592  4032 I WifiService: acquireWifiLock uid=10014 lockMode=2
07-18 14:36:47.724  1592  6499 I WifiService: releaseWifiLock uid=10014
07-18 14:36:53.435  1956  1956 I GeofencerStateMachine: sendNewTransitions called.
07-18 14:36:57.027  5874  5884 I chatty  : uid=10104(net.osmand) HeapTaskDaemon expire 2 lines
07-18 14:36:58.584  5874  5874 I chatty  : uid=10104(net.osmand) expire 1 line
07-18 14:36:58.611  1956  1956 I GeofencerStateMachine: sendNewTransitions called.
07-18 14:36:59.233  5874  5884 I chatty  : uid=10104(net.osmand) HeapTaskDaemon expire 10 lines
07-18 14:36:59.754  7046  7075 E PlayCommon: [360] ServerTimestampFetcher.queryServerTimestamp: Failed to connect to server for server timestamp: java.net.ConnectException: Failed to connect to play.googleapis.com/172.217.30.42:443
07-18 14:37:00.455  2237  2243 I zygote  : Do partial code cache collection, code=1000KB, data=622KB
07-18 14:37:00.457  2237  2243 I zygote  : After code cache collection, code=983KB, data=615KB
07-18 14:37:00.458  2237  2243 I zygote  : Increasing code cache capacity to 3MB
07-18 14:37:04.519  1956  1956 I GeofencerStateMachine: sendNewTransitions called.
07-18 14:37:07.657  1592  6498 I WifiService: acquireWifiLock uid=10014 lockMode=2
07-18 14:37:09.610  1956  1956 I GeofencerStateMachine: sendNewTransitions called.
07-18 14:36:13.370  1592  1609 E BatteryExternalStatsWorker: modem info is invalid: ModemActivityInfo{ mTimestamp=0 mSleepTimeMs=0 mIdleTimeMs=0 mTxTimeMs[]=[0, 0, 0, 0, 0] mRxTimeMs=0 mEnergyUsed=0}
07-18 14:37:10.214  1592  1605 I UsageStatsService: User[0] Flushing usage stats to disk
07-18 14:37:10.672  1592  6499 D WificondControl: Scan result ready event
07-18 14:37:10.729  1592  6499 I WifiService: releaseWifiLock uid=10014
07-18 14:37:11.436  5874  5884 I chatty  : uid=10104(net.osmand) HeapTaskDaemon expire 12 lines
07-18 14:37:15.628  1956  1956 I GeofencerStateMachine: sendNewTransitions called.
07-18 14:37:21.166  1956  1956 I GeofencerStateMachine: sendNewTransitions called.
07-18 14:37:26.615  1956  1956 I GeofencerStateMachine: sendNewTransitions called.
07-18 14:37:26.905  5874  5884 I chatty  : uid=10104(net.osmand) HeapTaskDaemon expire 9 lines
07-18 14:37:27.784  1592  1609 E BatteryExternalStatsWorker: modem info is invalid: ModemActivityInfo{ mTimestamp=0 mSleepTimeMs=0 mIdleTimeMs=0 mTxTimeMs[]=[0, 0, 0, 0, 0] mRxTimeMs=0 mEnergyUsed=0}
07-18 14:37:27.960  1592  1601 I zygote  : Background concurrent copying GC freed 64944(2MB) AllocSpace objects, 10(520KB) LOS objects, 26% free, 16MB/22MB, paused 777us total 184.447ms
07-18 14:37:28.681  1592  6499 I WifiService: acquireWifiLock uid=10014 lockMode=2
07-18 14:37:28.764  1592  6498 I WifiService: releaseWifiLock uid=10014
07-18 14:37:32.157  1956  1956 I GeofencerStateMachine: sendNewTransitions called.
07-18 14:37:34.397  1396  1414 D hwcomposer: hw_composer sent 273 syncs in 60s
07-18 14:37:37.640  1956  1956 I GeofencerStateMachine: sendNewTransitions called.
07-18 14:37:37.906  5874  5884 I zygote  : Background concurrent copying GC freed 445255(9MB) AllocSpace objects, 0(0B) LOS objects, 17% free, 27MB/33MB, paused 756us total 236.403ms
07-18 14:37:40.005  5874  5884 I zygote  : Background concurrent copying GC freed 371297(8MB) AllocSpace objects, 0(0B) LOS objects, 16% free, 29MB/35MB, paused 741us total 350.829ms
07-18 14:37:40.924  5874  5884 I zygote  : Background concurrent copying GC freed 455062(10MB) AllocSpace objects, 0(0B) LOS objects, 18% free, 25MB/31MB, paused 1.077ms total 188.581ms
07-18 14:37:41.783  7046  7075 E PlayCommon: [360] PlayEventLogger.uploadLog: Failed to connect to server: java.net.ConnectException: Failed to connect to play.googleapis.com/2800:3f0:4001:805::200a:443
07-18 14:37:41.949  5874  5884 I zygote  : Background concurrent copying GC freed 293256(6MB) AllocSpace objects, 0(0B) LOS objects, 17% free, 27MB/33MB, paused 3.555ms total 251.507ms
07-18 14:37:42.466  1403  1403 I boot-pipe: done populating /dev/random
07-18 14:37:42.885  5874  5884 I zygote  : Background concurrent copying GC freed 346255(7MB) AllocSpace objects, 0(0B) LOS objects, 17% free, 27MB/33MB, paused 1.027ms total 247.911ms
07-18 14:37:43.249  1956  1956 I GeofencerStateMachine: sendNewTransitions called.
07-18 14:37:43.875  5874  5884 I zygote  : Background concurrent copying GC freed 371554(8MB) AllocSpace objects, 0(0B) LOS objects, 17% free, 27MB/33MB, paused 727us total 224.584ms
07-18 14:37:44.871  5874  5884 I zygote  : Background concurrent copying GC freed 359510(7MB) AllocSpace objects, 0(0B) LOS objects, 17% free, 27MB/33MB, paused 756us total 234.307ms
07-18 14:37:45.888  5874  5884 I zygote  : Background concurrent copying GC freed 372287(8MB) AllocSpace objects, 0(0B) LOS objects, 17% free, 27MB/33MB, paused 782us total 236.034ms
07-18 14:37:47.939  5874  5884 I zygote  : Background concurrent copying GC freed 363045(8MB) AllocSpace objects, 0(0B) LOS objects, 17% free, 27MB/33MB, paused 1.280ms total 241.366ms
07-18 14:37:48.631  1956  1956 I GeofencerStateMachine: sendNewTransitions called.
07-18 14:37:48.702  1592  6498 I WifiService: acquireWifiLock uid=10014 lockMode=2
07-18 14:37:48.709  1592  1605 E memtrack: Couldn't load memtrack module
07-18 14:37:48.709  1592  1605 W android.os.Debug: failed to get memory consumption info: -1
07-18 14:37:48.781  1592  1605 E memtrack: Couldn't load memtrack module
07-18 14:37:48.781  1592  1605 W android.os.Debug: failed to get memory consumption info: -1
07-18 14:37:49.119  5874  5884 I zygote  : Background concurrent copying GC freed 371087(8MB) AllocSpace objects, 0(0B) LOS objects, 17% free, 27MB/33MB, paused 1.442ms total 216.550ms
07-18 14:37:50.150  5874  5884 I zygote  : Background concurrent copying GC freed 357468(7MB) AllocSpace objects, 0(0B) LOS objects, 17% free, 27MB/33MB, paused 885us total 224.840ms
07-18 14:37:51.257  5874  5884 I zygote  : Background concurrent copying GC freed 372813(8MB) AllocSpace objects, 0(0B) LOS objects, 17% free, 27MB/33MB, paused 923us total 246.476ms
07-18 14:37:51.661  1592  6499 D WificondControl: Scan result ready event
07-18 14:37:51.711  1592  6499 I WifiService: releaseWifiLock uid=10014
07-18 14:37:52.395  5874  5884 I zygote  : Background concurrent copying GC freed 368433(8MB) AllocSpace objects, 0(0B) LOS objects, 17% free, 27MB/33MB, paused 852us total 234.978ms
07-18 14:37:53.465  5874  5884 I zygote  : Background concurrent copying GC freed 364421(8MB) AllocSpace objects, 0(0B) LOS objects, 17% free, 27MB/33MB, paused 2.848ms total 224.869ms
07-18 14:37:54.309  1956  1956 I GeofencerStateMachine: sendNewTransitions called.
07-18 14:37:54.573  5874  5884 I zygote  : Background concurrent copying GC freed 358763(7MB) AllocSpace objects, 0(0B) LOS objects, 17% free, 27MB/33MB, paused 1.033ms total 226.376ms
07-18 14:37:55.777  5874  5884 I zygote  : Background concurrent copying GC freed 370630(8MB) AllocSpace objects, 0(0B) LOS objects, 16% free, 29MB/35MB, paused 842us total 280.605ms
07-18 14:37:56.917  5874  5884 I zygote  : Background concurrent copying GC freed 457727(10MB) AllocSpace objects, 0(0B) LOS objects, 18% free, 25MB/31MB, paused 1.232ms total 196.759ms
07-18 14:37:58.614  5874  5874 D net.osmand: DayNightHelper Sunrise/sunset setting to day: true
07-18 14:37:58.992  5874  5884 I zygote  : Background concurrent copying GC freed 298234(6MB) AllocSpace objects, 0(0B) LOS objects, 16% free, 29MB/35MB, paused 2.665ms total 302.559ms
07-18 14:37:59.626  1956  1956 I GeofencerStateMachine: sendNewTransitions called.
07-18 14:38:00.141  5874  5884 I zygote  : Background concurrent copying GC freed 439171(9MB) AllocSpace objects, 0(0B) LOS objects, 17% free, 27MB/33MB, paused 1.121ms total 246.229ms
07-18 14:38:01.187  5874  5884 I zygote  : Background concurrent copying GC freed 363211(7MB) AllocSpace objects, 0(0B) LOS objects, 17% free, 27MB/33MB, paused 813us total 199.514ms
07-18 14:38:02.295  5874  5884 I zygote  : Background concurrent copying GC freed 369164(8MB) AllocSpace objects, 0(0B) LOS objects, 17% free, 27MB/33MB, paused 750us total 220.913ms
07-18 14:38:03.455  5874  5884 I zygote  : Background concurrent copying GC freed 365929(8MB) AllocSpace objects, 0(0B) LOS objects, 17% free, 27MB/33MB, paused 2.348ms total 256.786ms
07-18 14:38:04.526  5874  5884 I zygote  : Background concurrent copying GC freed 356239(7MB) AllocSpace objects, 0(0B) LOS objects, 17% free, 27MB/33MB, paused 3.250ms total 248.517ms
07-18 14:38:05.362  1956  1956 I GeofencerStateMachine: sendNewTransitions called.
07-18 14:38:05.655  5874  5884 I zygote  : Background concurrent copying GC freed 374278(8MB) AllocSpace objects, 0(0B) LOS objects, 17% free, 28MB/34MB, paused 856us total 234.951ms
07-18 14:38:06.853  5874  5884 I zygote  : Background concurrent copying GC freed 408144(8MB) AllocSpace objects, 0(0B) LOS objects, 16% free, 30MB/36MB, paused 766us total 314.138ms
07-18 14:38:08.724  1592  6499 I WifiService: acquireWifiLock uid=10014 lockMode=2
07-18 14:38:08.804  1592  1852 I WifiService: releaseWifiLock uid=10014
07-18 14:38:09.006  5874  5884 I zygote  : Background concurrent copying GC freed 502589(11MB) AllocSpace objects, 0(0B) LOS objects, 17% free, 27MB/33MB, paused 834us total 299.869ms
07-18 14:38:10.066  5874  5884 I zygote  : Background concurrent copying GC freed 373045(8MB) AllocSpace objects, 0(0B) LOS objects, 17% free, 27MB/33MB, paused 1.014ms total 235.778ms
07-18 14:38:10.644  1956  1956 I GeofencerStateMachine: sendNewTransitions called.
07-18 14:38:11.141  5874  5884 I zygote  : Background concurrent copying GC freed 358462(7MB) AllocSpace objects, 0(0B) LOS objects, 17% free, 27MB/33MB, paused 784us total 218.391ms
07-18 14:38:12.253  5874  5884 I zygote  : Background concurrent copying GC freed 366578(8MB) AllocSpace objects, 0(0B) LOS objects, 17% free, 27MB/33MB, paused 763us total 239.438ms
07-18 14:38:13.334  5874  5884 I zygote  : Background concurrent copying GC freed 379040(8MB) AllocSpace objects, 0(0B) LOS objects, 17% free, 27MB/33MB, paused 2.475ms total 220.788ms
07-18 14:38:14.447  5874  5884 I zygote  : Background concurrent copying GC freed 352680(7MB) AllocSpace objects, 0(0B) LOS objects, 17% free, 27MB/33MB, paused 874us total 241.941ms
07-18 14:38:15.521  5874  5884 I zygote  : Background concurrent copying GC freed 374086(8MB) AllocSpace objects, 0(0B) LOS objects, 17% free, 27MB/33MB, paused 2.545ms total 232.399ms
07-18 14:38:16.378  1956  1956 I GeofencerStateMachine: sendNewTransitions called.
07-18 14:38:16.530  1592  1601 I zygote  : Background concurrent copying GC freed 56898(2MB) AllocSpace objects, 0(0B) LOS objects, 26% free, 16MB/22MB, paused 1.117ms total 154.186ms
07-18 14:38:16.752  5874  5884 I zygote  : Background concurrent copying GC freed 356370(7MB) AllocSpace objects, 0(0B) LOS objects, 16% free, 30MB/36MB, paused 1.009ms total 345.823ms
07-18 14:38:17.893  5874  5884 I zygote  : Background concurrent copying GC freed 509791(11MB) AllocSpace objects, 0(0B) LOS objects, 17% free, 28MB/34MB, paused 758us total 252.548ms
07-18 14:38:19.929  5874  5884 I zygote  : Background concurrent copying GC freed 411663(9MB) AllocSpace objects, 0(0B) LOS objects, 17% free, 27MB/33MB, paused 1.067ms total 241.428ms
07-18 14:38:21.639  1956  1956 I GeofencerStateMachine: sendNewTransitions called.
07-18 14:38:22.011  5874  5884 I zygote  : Background concurrent copying GC freed 369083(8MB) AllocSpace objects, 0(0B) LOS objects, 16% free, 31MB/37MB, paused 823us total 335.590ms
07-18 14:38:23.221  5874  5884 I zygote  : Background concurrent copying GC freed 533500(11MB) AllocSpace objects, 0(0B) LOS objects, 17% free, 28MB/34MB, paused 1.157ms total 218.145ms
07-18 14:38:24.344  5874  5884 I zygote  : Background concurrent copying GC freed 376186(8MB) AllocSpace objects, 0(0B) LOS objects, 17% free, 27MB/33MB, paused 757us total 233.228ms
07-18 14:38:25.502  5874  5884 I zygote  : Background concurrent copying GC freed 370393(8MB) AllocSpace objects, 0(0B) LOS objects, 17% free, 27MB/33MB, paused 1.083ms total 233.452ms
07-18 14:38:26.572  5874  5884 I zygote  : Background concurrent copying GC freed 368962(8MB) AllocSpace objects, 0(0B) LOS objects, 17% free, 27MB/33MB, paused 3.443ms total 225.867ms
07-18 14:38:27.411  1956  1956 I GeofencerStateMachine: sendNewTransitions called.
07-18 14:38:27.760  5874  5884 I zygote  : Background concurrent copying GC freed 361220(8MB) AllocSpace objects, 0(0B) LOS objects, 16% free, 31MB/37MB, paused 842us total 294.330ms
07-18 14:38:28.906  5874  5884 I zygote  : Background concurrent copying GC freed 514831(11MB) AllocSpace objects, 0(0B) LOS objects, 18% free, 26MB/32MB, paused 904us total 213.715ms
07-18 14:38:29.754  1592  7171 I WifiService: acquireWifiLock uid=10014 lockMode=2
07-18 14:38:30.977  5874  5884 I zygote  : Background concurrent copying GC freed 314396(7MB) AllocSpace objects, 0(0B) LOS objects, 16% free, 29MB/35MB, paused 1.669ms total 279.928ms
07-18 14:38:32.124  5874  5884 I zygote  : Background concurrent copying GC freed 457501(10MB) AllocSpace objects, 0(0B) LOS objects, 17% free, 27MB/33MB, paused 824us total 236.647ms
07-18 14:38:32.641  1956  1956 I GeofencerStateMachine: sendNewTransitions called.
07-18 14:38:32.736  1592  6499 D WificondControl: Scan result ready event
07-18 14:38:32.783  1592  6499 I WifiService: releaseWifiLock uid=10014
07-18 14:38:33.194  5874  5884 I zygote  : Background concurrent copying GC freed 358966(7MB) AllocSpace objects, 0(0B) LOS objects, 17% free, 27MB/33MB, paused 753us total 237.505ms
07-18 14:38:33.703  1396  1414 D hwcomposer: hw_composer sent 282 syncs in 60s
07-18 14:38:34.316  5874  5884 I zygote  : Background concurrent copying GC freed 377429(8MB) AllocSpace objects, 0(0B) LOS objects, 17% free, 27MB/33MB, paused 1.223ms total 239.217ms
07-18 14:38:35.377  5874  5884 I zygote  : Background concurrent copying GC freed 362307(8MB) AllocSpace objects, 0(0B) LOS objects, 17% free, 27MB/33MB, paused 2.766ms total 221.346ms
07-18 14:38:36.503  5874  5884 I zygote  : Background concurrent copying GC freed 361166(8MB) AllocSpace objects, 0(0B) LOS objects, 17% free, 27MB/33MB, paused 839us total 222.217ms
07-18 14:38:37.610  5874  5884 I zygote  : Background concurrent copying GC freed 369156(8MB) AllocSpace objects, 0(0B) LOS objects, 17% free, 27MB/33MB, paused 2.787ms total 235.722ms
07-18 14:38:38.455  1956  1956 I GeofencerStateMachine: sendNewTransitions called.
07-18 14:38:38.799  5874  5884 I zygote  : Background concurrent copying GC freed 355780(7MB) AllocSpace objects, 0(0B) LOS objects, 15% free, 31MB/37MB, paused 788us total 313.174ms
07-18 14:38:40.907  5874  5884 I zygote  : Background concurrent copying GC freed 540942(11MB) AllocSpace objects, 0(0B) LOS objects, 17% free, 28MB/34MB, paused 1.208ms total 238.599ms
07-18 14:38:42.089  5874  5884 I zygote  : Background concurrent copying GC freed 385852(8MB) AllocSpace objects, 0(0B) LOS objects, 18% free, 25MB/31MB, paused 758us total 204.240ms
07-18 14:38:42.469  1403  1403 I boot-pipe: done populating /dev/random
07-18 14:38:43.156  5874  5884 I zygote  : Background concurrent copying GC freed 299944(6MB) AllocSpace objects, 0(0B) LOS objects, 18% free, 27MB/33MB, paused 749us total 210.576ms
07-18 14:38:43.650  1956  1956 I GeofencerStateMachine: sendNewTransitions called.
07-18 14:38:44.224  5874  5884 I zygote  : Background concurrent copying GC freed 342697(7MB) AllocSpace objects, 0(0B) LOS objects, 17% free, 27MB/33MB, paused 3.909ms total 220.802ms
07-18 14:38:45.367  5874  5884 I zygote  : Background concurrent copying GC freed 357026(7MB) AllocSpace objects, 0(0B) LOS objects, 17% free, 27MB/33MB, paused 753us total 227.113ms
07-18 14:38:46.453  5874  5884 I zygote  : Background concurrent copying GC freed 374133(8MB) AllocSpace objects, 0(0B) LOS objects, 17% free, 27MB/33MB, paused 786us total 232.556ms
07-18 14:38:47.599  5874  5884 I zygote  : Background concurrent copying GC freed 367265(8MB) AllocSpace objects, 0(0B) LOS objects, 17% free, 27MB/33MB, paused 1.117ms total 226.431ms
07-18 14:38:48.732  5874  5884 I zygote  : Background concurrent copying GC freed 358120(7MB) AllocSpace objects, 0(0B) LOS objects, 16% free, 30MB/36MB, paused 749us total 291.297ms
07-18 14:38:49.504  1956  1956 I GeofencerStateMachine: sendNewTransitions called.
07-18 14:38:49.770  1592  4629 I WifiService: acquireWifiLock uid=10014 lockMode=2
07-18 14:38:49.824  1592  4629 I WifiService: releaseWifiLock uid=10014
07-18 14:38:49.882  5874  5884 I zygote  : Background concurrent copying GC freed 498261(10MB) AllocSpace objects, 0(0B) LOS objects, 18% free, 27MB/33MB, paused 804us total 230.624ms
07-18 14:38:51.982  5874  5884 I zygote  : Background concurrent copying GC freed 339686(7MB) AllocSpace objects, 0(0B) LOS objects, 17% free, 27MB/33MB, paused 3.634ms total 270.360ms
07-18 14:38:53.125  5874  5884 I zygote  : Background concurrent copying GC freed 354693(7MB) AllocSpace objects, 0(0B) LOS objects, 17% free, 27MB/33MB, paused 1.069ms total 237.149ms
07-18 14:38:54.201  5874  5884 I zygote  : Background concurrent copying GC freed 372250(8MB) AllocSpace objects, 0(0B) LOS objects, 17% free, 27MB/33MB, paused 1.075ms total 225.549ms
07-18 14:38:54.654  1956  1956 I GeofencerStateMachine: sendNewTransitions called.
07-18 14:38:55.294  5874  5884 I zygote  : Background concurrent copying GC freed 365879(8MB) AllocSpace objects, 0(0B) LOS objects, 17% free, 27MB/33MB, paused 935us total 223.640ms
07-18 14:38:56.382  5874  5884 I zygote  : Background concurrent copying GC freed 360340(8MB) AllocSpace objects, 0(0B) LOS objects, 17% free, 27MB/33MB, paused 2.788ms total 224.027ms
07-18 14:38:57.484  5874  5884 I zygote  : Background concurrent copying GC freed 366089(8MB) AllocSpace objects, 0(0B) LOS objects, 17% free, 27MB/33MB, paused 862us total 244.282ms
07-18 14:38:58.617  5874  5884 I zygote  : Background concurrent copying GC freed 371885(8MB) AllocSpace objects, 0(0B) LOS objects, 17% free, 27MB/33MB, paused 820us total 226.655ms
07-18 14:38:58.637  5874  5874 D net.osmand: DayNightHelper Sunrise/sunset setting to day: true
07-18 14:38:59.820  5874  5884 I zygote  : Background concurrent copying GC freed 364131(8MB) AllocSpace objects, 0(0B) LOS objects, 16% free, 29MB/35MB, paused 1.034ms total 276.912ms
07-18 14:39:00.599  1956  1956 I GeofencerStateMachine: sendNewTransitions called.
07-18 14:39:01.952  5874  5884 I zygote  : Background concurrent copying GC freed 453843(10MB) AllocSpace objects, 0(0B) LOS objects, 17% free, 27MB/33MB, paused 747us total 220.530ms
07-18 14:39:03.089  5874  5884 I zygote  : Background concurrent copying GC freed 372815(8MB) AllocSpace objects, 0(0B) LOS objects, 18% free, 25MB/31MB, paused 2.653ms total 198.684ms
07-18 14:39:04.187  5874  5884 I zygote  : Background concurrent copying GC freed 294792(6MB) AllocSpace objects, 0(0B) LOS objects, 18% free, 27MB/33MB, paused 756us total 203.530ms
07-18 14:39:05.274  5874  5884 I zygote  : Background concurrent copying GC freed 340725(7MB) AllocSpace objects, 0(0B) LOS objects, 17% free, 27MB/33MB, paused 770us total 230.880ms
07-18 14:39:05.665  1956  1956 I GeofencerStateMachine: sendNewTransitions called.
07-18 14:39:06.347  5874  5884 I zygote  : Background concurrent copying GC freed 372299(8MB) AllocSpace objects, 0(0B) LOS objects, 17% free, 27MB/33MB, paused 2.524ms total 213.613ms
07-18 14:39:07.459  5874  5884 I zygote  : Background concurrent copying GC freed 361956(8MB) AllocSpace objects, 0(0B) LOS objects, 17% free, 27MB/33MB, paused 1.249ms total 219.546ms
07-18 14:39:08.555  5874  5884 I zygote  : Background concurrent copying GC freed 367972(8MB) AllocSpace objects, 0(0B) LOS objects, 17% free, 27MB/33MB, paused 850us total 225.524ms
07-18 14:39:08.766  7077  7099 I Finsky  : [350] jen.run(3): Stats for Executor: BlockingExecutor jfw@ae1f744[Running, pool size = 0, active threads = 0, queued tasks = 0, completed tasks = 13]
07-18 14:39:08.778  7077  7099 I Finsky  : [350] jen.run(3): Stats for Executor: LightweightExecutor jfw@e25302d[Running, pool size = 2, active threads = 0, queued tasks = 0, completed tasks = 61]
07-18 14:39:09.449  7077  7099 I Finsky  : [350] jen.run(3): Stats for Executor: bgExecutor jfw@a516962[Running, pool size = 4, active threads = 0, queued tasks = 0, completed tasks = 40]
07-18 14:39:09.677  5874  5884 I zygote  : Background concurrent copying GC freed 367635(8MB) AllocSpace objects, 0(0B) LOS objects, 17% free, 28MB/34MB, paused 1.004ms total 247.125ms
07-18 14:39:09.778  1592  1852 I WifiService: acquireWifiLock uid=10014 lockMode=2
07-18 14:39:10.670  1592  1601 I zygote  : Background concurrent copying GC freed 62643(2MB) AllocSpace objects, 0(0B) LOS objects, 26% free, 16MB/22MB, paused 766us total 192.279ms
07-18 14:39:10.896  5874  5884 I zygote  : Background concurrent copying GC freed 442937(9MB) AllocSpace objects, 0(0B) LOS objects, 16% free, 30MB/36MB, paused 807us total 336.935ms
07-18 14:39:11.498  2237  7589 W Conscrypt: Could not set socket write timeout: java.net.SocketException: Socket closed
07-18 14:39:11.498  2237  7589 W Conscrypt: 	at com.google.android.gms.org.conscrypt.Platform.setSocketWriteTimeout(:com.google.android.gms@17785022@17.7.85 (040700-253824076):2)
07-18 14:39:11.499  2237  7589 W Conscrypt: 	at com.google.android.gms.org.conscrypt.ConscryptFileDescriptorSocket.setSoWriteTimeout(:com.google.android.gms@17785022@17.7.85 (040700-253824076):2)
07-18 14:39:11.587  1956  1956 I GeofencerStateMachine: sendNewTransitions called.
07-18 14:39:12.764  1592  1852 D WificondControl: Scan result ready event
07-18 14:39:12.808  1592  1852 I WifiService: releaseWifiLock uid=10014
07-18 14:39:12.993  5874  5884 I zygote  : Background concurrent copying GC freed 465955(10MB) AllocSpace objects, 0(0B) LOS objects, 17% free, 27MB/33MB, paused 751us total 278.730ms
07-18 14:39:14.055  5874  5884 I zygote  : Background concurrent copying GC freed 372994(8MB) AllocSpace objects, 0(0B) LOS objects, 18% free, 25MB/31MB, paused 1.062ms total 205.220ms
07-18 14:39:15.179  5874  5884 I zygote  : Background concurrent copying GC freed 281122(6MB) AllocSpace objects, 0(0B) LOS objects, 17% free, 27MB/33MB, paused 761us total 227.118ms
07-18 14:39:16.250  5874  5884 I zygote  : Background concurrent copying GC freed 360048(7MB) AllocSpace objects, 0(0B) LOS objects, 17% free, 27MB/33MB, paused 845us total 236.057ms
07-18 14:39:16.665  1956  1956 I GeofencerStateMachine: sendNewTransitions called.
07-18 14:39:17.314  5874  5884 I zygote  : Background concurrent copying GC freed 365673(8MB) AllocSpace objects, 0(0B) LOS objects, 17% free, 27MB/33MB, paused 2.654ms total 207.741ms
07-18 14:39:18.429  5874  5884 I zygote  : Background concurrent copying GC freed 372384(8MB) AllocSpace objects, 0(0B) LOS objects, 17% free, 27MB/33MB, paused 950us total 213.850ms
