06-29 13:28:03.578  6488  6509 D UnityAds: com.unity3d.services.UnityServices.initialize() (line:41) :: ENTERED METHOD
06-29 13:28:03.579  6488  6509 I UnityAds: com.unity3d.services.UnityServices.initialize() (line:79) :: Initializing Unity Services 3.0.3 (3003) with game id 64136 in production mode
06-29 13:28:03.602  1473  1561 D AudioFlinger: mixer(0xa6c83380) throttle end: throttle time(8)
06-29 13:28:03.646  1390  2659 W audio_hw_generic: Not supplying enough data to HAL, expected position 5307153 , only wrote 5307120
06-29 13:28:03.669  3472  3472 I net.osmand: RoutingHelper Recalculate route, because wrong movement direction: 181.30234
06-29 13:28:03.778  1390  2659 W audio_hw_generic: Not supplying enough data to HAL, expected position 5313467 , only wrote 5312880
06-29 13:28:03.863  6488  6509 I UnityAds: com.unity3d.services.UnityServices.initialize() (line:90) :: Unity Services environment check OK
06-29 13:28:03.871  1473  1561 D AudioFlinger: mixer(0xa6c83380) throttle end: throttle time(8)
06-29 13:28:03.892  3472  3472 I net.osmand: RoutingHelper Recalculate route, because wrong movement direction: 156.83858
06-29 13:28:04.097  6488  6549 I UnityAds: com.unity3d.services.core.configuration.InitializeThread$InitializeStateConfig.execute() (line:191) :: Unity Ads init: load configuration from https://config.unityads.unity3d.com/webview/3.0.3/release/config.json
06-29 13:28:04.114  3472  6548 I net.osmand:native: Start point was found 1886269049 [Native]
06-29 13:28:04.118  2629  2646 W zygote  : Suspending all threads took: 25.461ms
06-29 13:28:04.234  2629  2890 I WorkerManager: dispose()
06-29 13:28:04.237  2629  2890 W ThreadPoolDumper: Queue length for executor EventBus is now 11. Perhaps some tasks are too long, or the pool is too small.
06-29 13:28:04.309  6488  6488 W zygote  : Unsupported class loader
06-29 13:28:04.319  6488  6549 D NetworkSecurityConfig: No Network Security Config specified, using platform default
06-29 13:28:04.379  6488  6488 W zygote  : Skipping duplicate class check due to unsupported classloader
06-29 13:28:04.403  1398  1398 D gralloc_ranchu: gralloc_alloc: Creating ashmem region of size 8298496
06-29 13:28:04.490  1600  2100 W SensorService: sensor 00000000 already enabled in connection 0x862d7e70 (ignoring)
06-29 13:28:04.661  3472  6548 I net.osmand:native: End point was found 1886269277 [Native]
06-29 13:28:04.670  3472  6548 W net.osmand:native: [Native] Result visited (visited roads 2, visited segments 20 / 0 , queue sizes 25 / 2 ) 
06-29 13:28:04.706  3472  6548 W net.osmand:native: [Native] Result timing (time to load 0, time to calc 6, loaded tiles 22) 
06-29 13:28:04.706  3472  6548 W net.osmand:native: [Native] Memory occupied (Routing context 492 Kb, search 0 Kb)
06-29 13:28:04.707  3472  6548 I net.osmand:native: No route found
06-29 13:28:04.740  6488  6498 I zygote  : Background concurrent copying GC freed 10878(954KB) AllocSpace objects, 4(144KB) LOS objects, 50% free, 1520KB/2MB, paused 96.374ms total 578.677ms
06-29 13:28:04.776  1964  1964 I BeaconBle: Scan : No clients left, canceling alarm.
06-29 13:28:04.794  3472  6548 I net.osmand: RoutePlannerFrontEnd Native routing took 0.914 seconds
06-29 13:28:04.795  3472  6548 I System.out: ROUTE : 
06-29 13:28:04.803  6488  6488 I zygote  : The ClassLoaderContext is a special shared library.
06-29 13:28:04.804  3472  6548 I net.osmand: RouteResultPreparation <test regions="" description="" best_percent="" vehicle="car" 
06-29 13:28:04.804  3472  6548 I net.osmand:   start_lat="-7.22485" start_lon="-35.89548" target_lat="-7.23261" target_lon="-35.91307"  routing_time="0.00" loadedTiles="22" visitedSegments="2" complete_distance="0.00" complete_time="0.00" >
06-29 13:28:04.814  6488  6488 I zygote  : The ClassLoaderContext is a special shared library.
06-29 13:28:04.820  3472  3472 I net.osmand: RoutingHelper Recalculate route, because wrong movement direction: 156.83858
06-29 13:28:04.825  3472  6548 I System.out: <test regions="" description="" best_percent="" vehicle="car" 
06-29 13:28:04.825  3472  6548 I System.out:   start_lat="-7.22485" start_lon="-35.89548" target_lat="-7.23261" target_lon="-35.91307"  routing_time="0.00" loadedTiles="22" visitedSegments="2" complete_distance="0.00" complete_time="0.00" >
06-29 13:28:04.825  3472  6548 I System.out: </test>
06-29 13:28:04.825  3472  6548 I System.out: <test regions="" description="" best_percent="" vehicle="car" 
06-29 13:28:04.825  3472  6548 I System.out:   start_lat="-7.22485" start_lon="-35.89548" target_lat="-7.23261" target_lon="-35.91307"  routing_time="0.00" loadedTiles="22" visitedSegments="2" complete_distance="0.00" complete_time="0.00" >
06-29 13:28:04.825  3472  6548 I net.osmand: RouteProvider Finding route contained 0 points for 2246 ms
06-29 13:28:05.066  1390  2659 W audio_hw_generic: Not supplying enough data to HAL, expected position 5374724 , only wrote 5374080
06-29 13:28:05.067  1390  2659 W audio_hw_generic: Not supplying enough data to HAL, expected position 5374099 , only wrote 5374080
06-29 13:28:05.088  1390  2659 W audio_hw_generic: Not supplying enough data to HAL, expected position 5375112 , only wrote 5374800
06-29 13:28:05.132  6488  6488 I DynamiteModule: Considering local module com.google.android.gms.ads.dynamite:0 and remote module com.google.android.gms.ads.dynamite:20300
06-29 13:28:05.132  6488  6488 I DynamiteModule: Selected remote version of com.google.android.gms.ads.dynamite, version >= 20300
06-29 13:28:05.169  1600  1613 E memtrack: Couldn't load memtrack module
06-29 13:28:05.170  1600  1613 W android.os.Debug: failed to get memory consumption info: -1
06-29 13:28:05.197  6488  6488 W zygote  : Unsupported class loader
06-29 13:28:05.294  6488  6488 W zygote  : Skipping duplicate class check due to unsupported classloader
06-29 13:28:05.370  1473  1561 D AudioFlinger: mixer(0xa6c83380) throttle end: throttle time(14)
06-29 13:28:05.427  6488  6488 D DynamitePackage: Instantiated singleton DynamitePackage.
06-29 13:28:05.427  6488  6488 D DynamitePackage: Instantiating com.google.android.gms.ads.reward.ChimeraRewardedVideoAdCreatorImpl
06-29 13:28:05.653  6488  6488 I Ads     : This request is sent from a test device.
06-29 13:28:05.696  5485  5517 I Dialer  : OmtpVvmCarrierCfgHlpr - OmtpEvent:CONFIG_STATUS_SMS_TIME_OUT
06-29 13:28:05.708  5485  5485 I Dialer  : RetryPolicy - Retry limit for com.android.voicemail.impl.ActivationTask@102637c reached
06-29 13:28:05.708  5485  5485 I Dialer  : RetryPolicy - committing deferred status: configuration_state=4
06-29 13:28:05.845  1390  2659 W audio_hw_generic: Not supplying enough data to HAL, expected position 5411149 , only wrote 5410080
06-29 13:28:05.846  1390  2659 W audio_hw_generic: Not supplying enough data to HAL, expected position 5410111 , only wrote 5410080
06-29 13:28:05.863  1390  2659 W audio_hw_generic: Not supplying enough data to HAL, expected position 5410910 , only wrote 5410800
06-29 13:28:05.875  1473  1561 D AudioFlinger: mixer(0xa6c83380) throttle end: throttle time(12)
06-29 13:28:05.977  6488  6556 I zygote  : The ClassLoaderContext is a special shared library.
06-29 13:28:06.016  6488  6567 I zygote  : IncrementDisableThreadFlip blocked for 7.711ms
06-29 13:28:06.095  6488  6568 W Ads     : Invoke Firebase method getInstance error.
06-29 13:28:06.095  6488  6568 W Ads     : The Google Mobile Ads SDK will not integrate with Firebase. Admob/Firebase integration requires the latest Firebase SDK jar, but Firebase SDK is either missing or out of date
06-29 13:28:06.165  5485  5485 I Dialer  : VvmTaskExecutor - no more tasks, stopping service if no task are added in 5000 millis
06-29 13:28:06.298  6488  6576 I DynamiteModule: Considering local module com.google.android.gms.ads.dynamite:0 and remote module com.google.android.gms.ads.dynamite:20300
06-29 13:28:06.307  6488  6576 I DynamiteModule: Selected remote version of com.google.android.gms.ads.dynamite, version >= 20300
06-29 13:28:06.415  1390  2659 W audio_hw_generic: Not supplying enough data to HAL, expected position 5437282 , only wrote 5436720
06-29 13:28:06.433  1390  2659 W audio_hw_generic: Not supplying enough data to HAL, expected position 5437548 , only wrote 5437440
06-29 13:28:06.510  6488  6509 I Unity   : ** IAP billing supported
06-29 13:28:06.510  6488  6509 I Unity   :  
06-29 13:28:06.510  6488  6509 I Unity   : (Filename: /Users/builduser/buildslave/unity/build/artifacts/generated/common/runtime/DebugBindings.gen.cpp Line: 51)
06-29 13:28:06.510  6488  6509 I Unity   : 
06-29 13:28:06.680  1600  1613 E memtrack: Couldn't load memtrack module
06-29 13:28:06.680  1600  1613 W android.os.Debug: failed to get memory consumption info: -1
06-29 13:28:06.739  1398  1398 D gralloc_ranchu: gralloc_alloc: Creating ashmem region of size 8298496
06-29 13:28:06.744  6488  6569 I WebViewFactory: Loading com.android.chrome version 74.0.3729.157 (code 372915712)
06-29 13:28:06.757  3472  3482 I zygote  : Background concurrent copying GC freed 117329(5MB) AllocSpace objects, 31(676KB) LOS objects, 24% free, 18MB/24MB, paused 39.377ms total 3.032s
06-29 13:28:06.853  1390  2659 W audio_hw_generic: Not supplying enough data to HAL, expected position 5457642 , only wrote 5457600
06-29 13:28:07.092  3472  3472 I net.osmand: RoutingHelper Recalculate route, because wrong movement direction: 156.01547
06-29 13:28:07.097  3472  3472 D net.osmand: AbstractPrologCommandPlayer abandonAudioFocus
06-29 13:28:07.099  3472  3472 W MaterialProgressBar: Current drawable is not a MaterialProgressDrawable, you may want to set app:mpb_setBothDrawables
06-29 13:28:07.169  3472  6597 I net.osmand: RouteProvider Start finding route from Location[mProvider=gps,mTime=1561814887000,mLatitude=-7.224945000000001,mLongitude=-35.89568166666666,mHasAltitude=false,mAltitude=0.0,mHasSpeed=true,mSpeed=0.0,mHasBearing=true,mBearing=0.0,mHasAccuracy=true,mAccuracy=20.0 to Lat -7.23261 Lon -35.913074 using OsmAnd (offline)
06-29 13:28:07.170  3472  6597 W net.osmand: RouteProvider Use 347 MB Free 5.96875 of 24.056145 max 384.0
06-29 13:28:07.413  6488  6498 I zygote  : Background concurrent copying GC freed 18574(1519KB) AllocSpace objects, 10(196KB) LOS objects, 50% free, 4MB/8MB, paused 39.700ms total 1.740s
06-29 13:28:07.588  3472  3472 I net.osmand: RoutingHelper Recalculate route, because wrong movement direction: 156.01547
06-29 13:28:07.942  1473  1561 D AudioFlinger: mixer(0xa6c83380) throttle end: throttle time(8)
06-29 13:28:07.992  6488  6549 I UnityAds: com.unity3d.services.core.configuration.InitializeThread$InitializeStateLoadCache.execute() (line:244) :: Unity Ads init: webapp loaded from local cache
06-29 13:28:08.220  1473  1561 D AudioFlinger: mixer(0xa6c83380) throttle end: throttle time(11)
06-29 13:28:08.268  1390  2659 W audio_hw_generic: Not supplying enough data to HAL, expected position 5525508 , only wrote 5525280
06-29 13:28:08.269  1390  2659 W audio_hw_generic: Not supplying enough data to HAL, expected position 5525344 , only wrote 5525280
06-29 13:28:08.286  1390  2659 W audio_hw_generic: Not supplying enough data to HAL, expected position 5526067 , only wrote 5526000
06-29 13:28:08.355  3472  3472 I net.osmand: RoutingHelper Recalculate route, because wrong movement direction: 156.01547
06-29 13:28:08.356  1473  1561 D AudioFlinger: mixer(0xa6c83380) throttle end: throttle time(2)
06-29 13:28:08.580  6488  6569 I cr_LibraryLoader: Time to load native libraries: 80 ms (timestamps 2986-3066)
06-29 13:28:08.752  3472  3472 I net.osmand: RoutingHelper Recalculate route, because wrong movement direction: 156.01547
06-29 13:28:08.887  6488  6569 I chromium: [INFO:library_loader_hooks.cc(50)] Chromium logging enabled: level = 0, default verbosity = 0
06-29 13:28:08.887  6488  6569 I cr_LibraryLoader: Expected native library version number "74.0.3729.157", actual native library version number "74.0.3729.157"
06-29 13:28:08.940  3472  6597 I net.osmand:native: Start point was found 1886269049 [Native]
06-29 13:28:09.056  6488  6606 W cr_ChildProcLH: Create a new ChildConnectionAllocator with package name = com.android.chrome, sandboxed = true
06-29 13:28:09.143  6488  6498 I zygote  : Background concurrent copying GC freed 12485(1159KB) AllocSpace objects, 2(4MB) LOS objects, 49% free, 3MB/7MB, paused 9.354ms total 1.124s
06-29 13:28:09.151  1600  2100 W ActivityManager: Slow operation: 113ms so far, now at startProcess: returned from zygote!
06-29 13:28:09.152  1600  2100 W ActivityManager: Slow operation: 113ms so far, now at startProcess: done updating battery stats
06-29 13:28:09.152  1600  2100 W ActivityManager: Slow operation: 114ms so far, now at startProcess: building log message
06-29 13:28:09.152  1600  2100 I ActivityManager: Start proc 6607:com.android.chrome:webview_service/u0a49 for service com.android.chrome/org.chromium.android_webview.services.VariationsSeedServer
06-29 13:28:09.152  1600  2100 W ActivityManager: Slow operation: 114ms so far, now at startProcess: starting to update pids map
06-29 13:28:09.152  1600  2100 W ActivityManager: Slow operation: 114ms so far, now at startProcess: done updating pids map
06-29 13:28:09.152  1600  2100 W ActivityManager: Slow operation: 120ms so far, now at startProcess: done starting proc!
06-29 13:28:09.172  6488  6488 I cr_BrowserStartup: Initializing chromium process, singleProcess=false
06-29 13:28:09.191  6488  6488 W ResourceType: Failure getting entry for 0x7f130526 (t=18 e=1318) (error -2147483647)
06-29 13:28:09.235  1600  2105 W ActivityManager: Slow operation: 78ms so far, now at startProcess: returned from zygote!
06-29 13:28:09.235  1600  2105 W ActivityManager: Slow operation: 78ms so far, now at startProcess: done updating battery stats
06-29 13:28:09.235  1600  2105 W ActivityManager: Slow operation: 79ms so far, now at startProcess: building log message
06-29 13:28:09.235  1600  2105 I ActivityManager: Start proc 6613:com.android.chrome:sandboxed_process0/u0i2 for webview_service com.skgames.trafficrider/org.chromium.content.app.SandboxedProcessService0
06-29 13:28:09.235  1600  2105 W ActivityManager: Slow operation: 79ms so far, now at startProcess: starting to update pids map
06-29 13:28:09.235  1600  2105 W ActivityManager: Slow operation: 79ms so far, now at startProcess: done updating pids map
06-29 13:28:09.235  1600  2105 W ActivityManager: Slow operation: 80ms so far, now at startProcess: done starting proc!
06-29 13:28:09.278  6607  6607 W zygote  : Unexpected CPU variant for X86 using defaults: x86
06-29 13:28:09.280  3472  6597 I net.osmand:native: End point was found 1886269277 [Native]
06-29 13:28:09.321  3472  6597 W net.osmand:native: [Native] Result visited (visited roads 2, visited segments 20 / 0 , queue sizes 25 / 2 ) 
06-29 13:28:09.321  3472  6597 W net.osmand:native: [Native] Result timing (time to load 0, time to calc 32, loaded tiles 22) 
06-29 13:28:09.321  3472  6597 W net.osmand:native: [Native] Memory occupied (Routing context 492 Kb, search 0 Kb)
06-29 13:28:09.325  6613  6613 E /system/bin/webview_zygote32: Failed to make and chown /acct/uid_99002: Permission denied
06-29 13:28:09.325  6613  6613 E Zygote  : createProcessGroup(99002, 0) failed: Permission denied
06-29 13:28:09.331  6613  6613 W /system/bin/webview_zygote32: Unexpected CPU variant for X86 using defaults: x86
06-29 13:28:09.362  3472  6597 I net.osmand:native: No route found
06-29 13:28:09.388  1390  2659 W audio_hw_generic: Not supplying enough data to HAL, expected position 5578909 , only wrote 5577840
06-29 13:28:09.446  1473  1561 D AudioFlinger: mixer(0xa6c83380) throttle end: throttle time(5)
06-29 13:28:09.478  3472  6597 I net.osmand: RoutePlannerFrontEnd Native routing took 1.002 seconds
06-29 13:28:09.478  3472  6597 I System.out: ROUTE : 
06-29 13:28:09.488  3472  6597 I net.osmand: RouteResultPreparation <test regions="" description="" best_percent="" vehicle="car" 
06-29 13:28:09.488  3472  6597 I net.osmand:   start_lat="-7.22495" start_lon="-35.89568" target_lat="-7.23261" target_lon="-35.91307"  routing_time="0.00" loadedTiles="22" visitedSegments="2" complete_distance="0.00" complete_time="0.00" >
06-29 13:28:09.492  3472  6597 I System.out: <test regions="" description="" best_percent="" vehicle="car" 
06-29 13:28:09.493  3472  6597 I System.out:   start_lat="-7.22495" start_lon="-35.89568" target_lat="-7.23261" target_lon="-35.91307"  routing_time="0.00" loadedTiles="22" visitedSegments="2" complete_distance="0.00" complete_time="0.00" >
06-29 13:28:09.493  3472  6597 I System.out: </test>
06-29 13:28:09.493  3472  6597 I System.out: <test regions="" description="" best_percent="" vehicle="car" 
06-29 13:28:09.493  3472  6597 I System.out:   start_lat="-7.22495" start_lon="-35.89568" target_lat="-7.23261" target_lon="-35.91307"  routing_time="0.00" loadedTiles="22" visitedSegments="2" complete_distance="0.00" complete_time="0.00" >
06-29 13:28:09.495  3472  6597 I net.osmand: RouteProvider Finding route contained 0 points for 2325 ms
06-29 13:28:09.594  1472  6611 I zygote  : Background concurrent copying GC freed 6883(4MB) AllocSpace objects, 0(0B) LOS objects, 75% free, 890KB/3MB, paused 40.775ms total 464.506ms
06-29 13:28:09.700  1600  2105 W ActivityManager: Slow operation: 80ms so far, now at attachApplicationLocked: after mServices.attachApplicationLocked
06-29 13:28:09.703  3472  3472 I net.osmand: RoutingHelper Recalculate route, because wrong movement direction: 156.01547
06-29 13:28:09.709  3472  3472 W MaterialProgressBar: Current drawable is not a MaterialProgressDrawable, you may want to set app:mpb_setBothDrawables
06-29 13:28:09.719  1473  1561 D AudioFlinger: mixer(0xa6c83380) throttle end: throttle time(9)
06-29 13:28:09.760  3472  6638 I net.osmand: RouteProvider Start finding route from Location[mProvider=gps,mTime=1561814890000,mLatitude=-7.224945000000001,mLongitude=-35.89568166666666,mHasAltitude=false,mAltitude=0.0,mHasSpeed=true,mSpeed=0.0,mHasBearing=true,mBearing=0.0,mHasAccuracy=true,mAccuracy=20.0 to Lat -7.23261 Lon -35.913074 using OsmAnd (offline)
06-29 13:28:09.787  3472  6638 W net.osmand: RouteProvider Use 344 MB Free 3.1132812 of 24.056145 max 384.0
06-29 13:28:09.826  6488  6498 I zygote  : WaitForGcToComplete blocked HeapTrim on None for 14.272ms
06-29 13:28:09.850  3472  3472 I net.osmand: RoutingHelper Recalculate route, because wrong movement direction: 131.46199
06-29 13:28:10.020  6607  6625 I zygote  : Background concurrent copying GC freed 6871(4MB) AllocSpace objects, 0(0B) LOS objects, 60% free, 989KB/2MB, paused 180.844ms total 638.064ms
06-29 13:28:10.080  1390  2659 W audio_hw_generic: Not supplying enough data to HAL, expected position 5611055 , only wrote 5610960
06-29 13:28:10.205  6648  6648 E asset   : setgid: Operation not permitted
06-29 13:28:10.684  3472  3472 I net.osmand: RoutingHelper Recalculate route, because wrong movement direction: 131.46199
06-29 13:28:10.762  6613  6613 I cr_ChildProcessService: Creating new ChildProcessService pid=6613
06-29 13:28:11.055  1390  2659 W audio_hw_generic: Not supplying enough data to HAL, expected position 5657780 , only wrote 5657760
06-29 13:28:11.184  1390  2659 W audio_hw_generic: Not supplying enough data to HAL, expected position 5663948 , only wrote 5663520
06-29 13:28:11.187  5485  5485 I Dialer  : VvmTaskExecutor - Stopping service
06-29 13:28:11.187  5485  5485 I Dialer  : VvmTaskExecutor - finishing Job
06-29 13:28:11.188  5485  5485 I Dialer  : TaskSchedulerJobService - finishing job
06-29 13:28:11.211  1473  1561 D AudioFlinger: mixer(0xa6c83380) throttle end: throttle time(10)
06-29 13:28:11.238  5485  5485 I Dialer  : JobFinishedPoller.run - Job finished
06-29 13:28:11.239  5485  5485 I Dialer  : VvmTaskExecutor - terminated
06-29 13:28:11.287  3472  3472 I net.osmand: RoutingHelper Recalculate route, because wrong movement direction: 106.83334
06-29 13:28:11.757  3472  3472 I net.osmand: RoutingHelper Recalculate route, because wrong movement direction: 106.83334
06-29 13:28:11.762  6488  6636 W cr_media: Requires BLUETOOTH permission
06-29 13:28:11.828  6613  6653 I cr_LibraryLoader: Time to load native libraries: 12 ms (timestamps 6302-6314)
06-29 13:28:11.857  6613  6653 I chromium: [INFO:library_loader_hooks.cc(50)] Chromium logging enabled: level = 0, default verbosity = 0
06-29 13:28:11.857  6613  6653 I cr_LibraryLoader: Expected native library version number "74.0.3729.157", actual native library version number "74.0.3729.157"
06-29 13:28:11.942  6488  6658 D         : HostConnection::get() New Host Connection established 0x84b3f380, tid 6658
06-29 13:28:11.943  6488  6658 E chromium: [ERROR:gl_surface_egl.cc(342)] eglChooseConfig failed with error EGL_SUCCESS
06-29 13:28:12.059  6488  6658 D EGL_emulation: eglCreateContext: 0x79ac70e0: maj 2 min 0 rcv 2
06-29 13:28:12.063  6488  6658 D EGL_emulation: eglMakeCurrent: 0x79ac70e0: ver 2 0 (tinfo 0x7ce46640)
06-29 13:28:12.167  1390  2659 W audio_hw_generic: Not supplying enough data to HAL, expected position 5710646 , only wrote 5710320
06-29 13:28:12.168  1390  2659 W audio_hw_generic: Not supplying enough data to HAL, expected position 5710417 , only wrote 5710320
06-29 13:28:12.189  1390  2659 W audio_hw_generic: Not supplying enough data to HAL, expected position 5711339 , only wrote 5711040
06-29 13:28:12.286  1473  1561 D AudioFlinger: mixer(0xa6c83380) throttle end: throttle time(5)
06-29 13:28:12.356  1390  2659 W audio_hw_generic: Not supplying enough data to HAL, expected position 5719016 , only wrote 5718960
06-29 13:28:12.356  1390  2659 W audio_hw_generic: Not supplying enough data to HAL, expected position 5718997 , only wrote 5718960
06-29 13:28:12.372  1390  2659 W audio_hw_generic: Not supplying enough data to HAL, expected position 5719691 , only wrote 5719680
06-29 13:28:12.424  1390  2659 W audio_hw_generic: Not supplying enough data to HAL, expected position 5722185 , only wrote 5721120
06-29 13:28:12.450  1473  1561 D AudioFlinger: mixer(0xa6c83380) throttle end: throttle time(12)
06-29 13:28:12.505  1390  2659 W audio_hw_generic: Not supplying enough data to HAL, expected position 5725029 , only wrote 5724000
06-29 13:28:12.506  1390  2659 W audio_hw_generic: Not supplying enough data to HAL, expected position 5724011 , only wrote 5724000
06-29 13:28:12.517  6488  6498 I zygote  : Background concurrent copying GC freed 5081(691KB) AllocSpace objects, 7(6MB) LOS objects, 30% free, 13MB/19MB, paused 17.842ms total 1.891s
06-29 13:28:12.528  1390  2659 W audio_hw_generic: Not supplying enough data to HAL, expected position 5725055 , only wrote 5724720
06-29 13:28:12.563  1390  2659 W audio_hw_generic: Hardware backing HAL too slow, could only write 0 of 720 frames
06-29 13:28:12.598  1390  2659 I chatty  : uid=1041(audioserver) writer identical 2 lines
06-29 13:28:12.617  1390  2659 W audio_hw_generic: Hardware backing HAL too slow, could only write 0 of 720 frames
06-29 13:28:12.753  1390  2659 W audio_hw_generic: Not supplying enough data to HAL, expected position 5735543 , only wrote 5735520
06-29 13:28:12.754  1390  2659 W audio_hw_generic: Not supplying enough data to HAL, expected position 5735565 , only wrote 5735520
06-29 13:28:12.774  3472  6638 I net.osmand:native: Start point was found 1886269049 [Native]
06-29 13:28:12.782  1473  1561 D AudioFlinger: mixer(0xa6c83380) throttle end: throttle time(1)
06-29 13:28:12.802  6488  6488 I zygote  : Deoptimizing java.lang.Object com.google.android.gms.ads.internal.util.br.a(android.content.Context, java.util.concurrent.Callable) due to JIT inline cache
06-29 13:28:12.885  6488  6658 E chromium: [ERROR:gl_surface_egl.cc(342)] eglChooseConfig failed with error EGL_SUCCESS
06-29 13:28:13.389  3472  6638 I net.osmand:native: End point was found 1886269277 [Native]
06-29 13:28:13.507  3472  6638 W net.osmand:native: [Native] Result visited (visited roads 2, visited segments 20 / 0 , queue sizes 25 / 2 ) 
06-29 13:28:13.508  3472  6638 W net.osmand:native: [Native] Result timing (time to load 0, time to calc 117, loaded tiles 22) 
06-29 13:28:13.520  6488  6658 I VideoCapabilities: Unsupported profile 4 for video/mp4v-es
06-29 13:28:13.523  3472  6638 W net.osmand:native: [Native] Memory occupied (Routing context 492 Kb, search 0 Kb)
06-29 13:28:13.538  3472  6638 I net.osmand:native: No route found
06-29 13:28:13.586  6488  6658 W cr_MediaCodecUtil: HW encoder for video/avc is not available on this device.
06-29 13:28:13.700  2175  4218 W Ads     : App does not have the required permissions to get location
06-29 13:28:13.806  1390  2659 W audio_hw_generic: Not supplying enough data to HAL, expected position 5786040 , only wrote 5785920
06-29 13:28:13.807  1390  2659 W audio_hw_generic: Not supplying enough data to HAL, expected position 5785965 , only wrote 5785920
06-29 13:28:13.823  1390  2659 W audio_hw_generic: Not supplying enough data to HAL, expected position 5786670 , only wrote 5786640
06-29 13:28:13.871  1390  2659 W audio_hw_generic: Hardware backing HAL too slow, could only write 0 of 720 frames
06-29 13:28:13.886  1390  2659 I chatty  : uid=1041(audioserver) writer identical 1 line
06-29 13:28:13.925  1390  2659 W audio_hw_generic: Hardware backing HAL too slow, could only write 0 of 720 frames
06-29 13:28:13.946  1390  2659 W audio_hw_generic: Not supplying enough data to HAL, expected position 5792547 , only wrote 5792400
06-29 13:28:13.958  1473  1561 D AudioFlinger: mixer(0xa6c83380) throttle end: throttle time(11)
06-29 13:28:14.052  1390  2659 W audio_hw_generic: Not supplying enough data to HAL, expected position 5797464 , only wrote 5796720
06-29 13:28:14.088  1473  1561 D AudioFlinger: mixer(0xa6c83380) throttle end: throttle time(2)
06-29 13:28:14.122  3472  6638 I net.osmand: RoutePlannerFrontEnd Native routing took 1.587 seconds
06-29 13:28:14.122  3472  6638 I System.out: ROUTE : 
06-29 13:28:14.123  3472  6638 I net.osmand: RouteResultPreparation <test regions="" description="" best_percent="" vehicle="car" 
06-29 13:28:14.123  3472  6638 I net.osmand:   start_lat="-7.22495" start_lon="-35.89568" target_lat="-7.23261" target_lon="-35.91307"  routing_time="0.00" loadedTiles="22" visitedSegments="2" complete_distance="0.00" complete_time="0.00" >
06-29 13:28:14.125  2175  6677 E Ads     : Error waiting for future.
06-29 13:28:14.125  2175  6677 E Ads     : java.util.concurrent.TimeoutException
06-29 13:28:14.125  2175  6677 E Ads     : 	at java.util.concurrent.FutureTask.get(FutureTask.java:206)
06-29 13:28:14.125  2175  6677 E Ads     : 	at com.google.android.gms.ads.internal.util.future.g.a(:com.google.android.gms@17785022@17.7.85 (040700-253824076):18)
06-29 13:28:14.125  2175  6677 E Ads     : 	at com.google.android.gms.ads.cache.m.a(:com.google.android.gms@17785022@17.7.85 (040700-253824076):4)
06-29 13:28:14.125  2175  6677 E Ads     : 	at com.google.android.gms.ads.nonagon.signals.gmscore.r.call(Unknown Source:8)
06-29 13:28:14.125  2175  6677 E Ads     : 	at java.util.concurrent.FutureTask.run(FutureTask.java:266)
06-29 13:28:14.125  2175  6677 E Ads     : 	at java.util.concurrent.ThreadPoolExecutor.runWorker(ThreadPoolExecutor.java:1162)
06-29 13:28:14.125  2175  6677 E Ads     : 	at java.util.concurrent.ThreadPoolExecutor$Worker.run(ThreadPoolExecutor.java:636)
06-29 13:28:14.125  2175  6677 E Ads     : 	at java.lang.Thread.run(Thread.java:764)
06-29 13:28:14.150  3472  6638 I System.out: <test regions="" description="" best_percent="" vehicle="car" 
06-29 13:28:14.150  3472  6638 I System.out:   start_lat="-7.22495" start_lon="-35.89568" target_lat="-7.23261" target_lon="-35.91307"  routing_time="0.00" loadedTiles="22" visitedSegments="2" complete_distance="0.00" complete_time="0.00" >
06-29 13:28:14.150  3472  6638 I System.out: </test>
06-29 13:28:14.150  3472  6638 I System.out: <test regions="" description="" best_percent="" vehicle="car" 
06-29 13:28:14.150  3472  6638 I System.out:   start_lat="-7.22495" start_lon="-35.89568" target_lat="-7.23261" target_lon="-35.91307"  routing_time="0.00" loadedTiles="22" visitedSegments="2" complete_distance="0.00" complete_time="0.00" >
06-29 13:28:14.151  3472  6638 I net.osmand: RouteProvider Finding route contained 0 points for 4391 ms
06-29 13:28:14.207  1390  2659 W audio_hw_generic: Not supplying enough data to HAL, expected position 5804174 , only wrote 5803920
06-29 13:28:14.207  1390  2659 W audio_hw_generic: Not supplying enough data to HAL, expected position 5803930 , only wrote 5803920
06-29 13:28:14.223  1390  2659 W audio_hw_generic: Not supplying enough data to HAL, expected position 5804698 , only wrote 5804640
06-29 13:28:14.256  1473  1561 D AudioFlinger: mixer(0xa6c83380) throttle end: throttle time(8)
06-29 13:28:14.296  1473  1561 D AudioFlinger: mixer(0xa6c83380) throttle end: throttle time(1)
06-29 13:28:14.854  1390  2659 W audio_hw_generic: Not supplying enough data to HAL, expected position 5834905 , only wrote 5834880
06-29 13:28:15.044  2175  2175 I zygote  : Deoptimizing void aeyl.dispatchMessage(android.os.Message) due to JIT same target
06-29 13:28:15.320  1390  2659 W audio_hw_generic: Not supplying enough data to HAL, expected position 5857268 , only wrote 5857200
06-29 13:28:15.321  1390  2659 W audio_hw_generic: Not supplying enough data to HAL, expected position 5857218 , only wrote 5857200
06-29 13:28:15.337  1390  2659 W audio_hw_generic: Not supplying enough data to HAL, expected position 5857998 , only wrote 5857920
06-29 13:28:15.678  1390  2659 W audio_hw_generic: Not supplying enough data to HAL, expected position 5874275 , only wrote 5873760
06-29 13:28:15.868  2175  2175 I WebViewFactory: Loading com.android.chrome version 74.0.3729.157 (code 372915712)
06-29 13:28:15.889  1390  2659 W audio_hw_generic: Not supplying enough data to HAL, expected position 5883868 , only wrote 5883840
06-29 13:28:15.916  1390  2659 W audio_hw_generic: Not supplying enough data to HAL, expected position 5885172 , only wrote 5884560
06-29 13:28:15.924  1473  1561 D AudioFlinger: mixer(0xa6c83380) throttle end: throttle time(3)
06-29 13:28:16.749  2175  2175 I cr_LibraryLoader: Time to load native libraries: 34 ms (timestamps 1166-1200)
06-29 13:28:16.986  2175  2175 I chromium: [INFO:library_loader_hooks.cc(50)] Chromium logging enabled: level = 0, default verbosity = 0
06-29 13:28:16.987  2175  2175 I cr_LibraryLoader: Expected native library version number "74.0.3729.157", actual native library version number "74.0.3729.157"
06-29 13:28:17.257  3472  3482 I zygote  : Background concurrent copying GC freed 133840(6MB) AllocSpace objects, 22(472KB) LOS objects, 25% free, 17MB/23MB, paused 245.263ms total 949.664ms
06-29 13:28:17.468  2175  6690 W cr_ChildProcLH: Create a new ChildConnectionAllocator with package name = com.android.chrome, sandboxed = true
06-29 13:28:17.678  2175  2175 I cr_BrowserStartup: Initializing chromium process, singleProcess=false
06-29 13:28:17.699  1600  3604 W ActivityManager: Slow operation: 56ms so far, now at startProcess: returned from zygote!
06-29 13:28:17.700  1600  3604 W ActivityManager: Slow operation: 56ms so far, now at startProcess: done updating battery stats
06-29 13:28:17.700  1600  3604 W ActivityManager: Slow operation: 56ms so far, now at startProcess: building log message
06-29 13:28:17.700  1600  3604 I ActivityManager: Start proc 6692:com.android.chrome:sandboxed_process0/u0i3 for webview_service com.google.android.gms/org.chromium.content.app.SandboxedProcessService0
06-29 13:28:17.700  1473  1561 D AudioFlinger: mixer(0xa6c83380) throttle end: throttle time(7)
06-29 13:28:17.701  1600  3604 W ActivityManager: Slow operation: 57ms so far, now at startProcess: starting to update pids map
06-29 13:28:17.701  1600  3604 W ActivityManager: Slow operation: 58ms so far, now at startProcess: done updating pids map
06-29 13:28:17.701  1600  3604 W ActivityManager: Slow operation: 61ms so far, now at startProcess: done starting proc!
06-29 13:28:17.731  6692  6692 E /system/bin/webview_zygote32: Failed to make and chown /acct/uid_99003: Permission denied
06-29 13:28:17.731  6692  6692 E Zygote  : createProcessGroup(99003, 0) failed: Permission denied
06-29 13:28:17.733  6692  6692 W /system/bin/webview_zygote32: Unexpected CPU variant for X86 using defaults: x86
06-29 13:28:17.862  6488  6658 D EGL_emulation: eglCreateContext: 0x6e0fb0c0: maj 2 min 0 rcv 2
06-29 13:28:17.867  6488  6658 D EGL_emulation: eglMakeCurrent: 0x6e0fb0c0: ver 2 0 (tinfo 0x7ce46640)
06-29 13:28:18.331  6710  6710 E asset   : setgid: Operation not permitted
06-29 13:28:18.712  6692  6692 I cr_ChildProcessService: Creating new ChildProcessService pid=6692
06-29 13:28:19.174  1600  1613 E memtrack: Couldn't load memtrack module
06-29 13:28:19.174  1600  1613 W android.os.Debug: failed to get memory consumption info: -1
06-29 13:28:19.218  6598  6598 D AndroidRuntime: >>>>>> START com.android.internal.os.RuntimeInit uid 2000 <<<<<<
06-29 13:28:19.251  1600  1609 I zygote  : Background concurrent copying GC freed 28281(1523KB) AllocSpace objects, 6(312KB) LOS objects, 32% free, 12MB/18MB, paused 35.455ms total 1.786s
06-29 13:28:19.424  1390  2659 W audio_hw_generic: Not supplying enough data to HAL, expected position 6052926 , only wrote 6049440
06-29 13:28:19.439  1390  2659 W audio_hw_generic: Not supplying enough data to HAL, expected position 6050170 , only wrote 6050160
06-29 13:28:19.469  1473  1561 D AudioFlinger: mixer(0xa6c83380) throttle end: throttle time(1)
06-29 13:28:19.538  6598  6598 W app_process: Could not reserve sentinel fault page
06-29 13:28:19.546  6488  6509 I Unity   : Fetching Avatar Info
06-29 13:28:19.546  6488  6509 I Unity   :  
06-29 13:28:19.546  6488  6509 I Unity   : (Filename: /Users/builduser/buildslave/unity/build/artifacts/generated/common/runtime/DebugBindings.gen.cpp Line: 51)
06-29 13:28:19.546  6488  6509 I Unity   : 
06-29 13:28:19.661  6488  6509 I Unity   : Is GPGS available: False
06-29 13:28:19.661  6488  6509 I Unity   :  
06-29 13:28:19.661  6488  6509 I Unity   : (Filename: /Users/builduser/buildslave/unity/build/artifacts/generated/common/runtime/DebugBindings.gen.cpp Line: 51)
06-29 13:28:19.661  6488  6509 I Unity   : 
06-29 13:28:19.774  6488  6488 D DynamitePackage: Instantiating com.google.android.gms.ads.ChimeraAdManagerCreatorImpl
06-29 13:28:19.827  6488  6488 I Ads     : This request is sent from a test device.
06-29 13:28:19.834  6488  6488 I zygote  : Deoptimizing java.lang.Object aqn.a() due to JIT inline cache
06-29 13:28:20.137  6488  6493 I zygote  : Do partial code cache collection, code=30KB, data=23KB
06-29 13:28:20.138  6488  6493 I zygote  : After code cache collection, code=24KB, data=20KB
06-29 13:28:20.138  6488  6493 I zygote  : Increasing code cache capacity to 128KB
06-29 13:28:20.235  5732  5780 D NetworkSecurityConfig: No Network Security Config specified, using platform default
06-29 13:28:20.704  2175  2175 W zygote  : Verification of void org.chromium.content.browser.selection.SelectionPopupControllerImpl.a(android.view.textclassifier.TextClassifier) took 245.652ms
06-29 13:28:21.015  2175  2194 I zygote  : Background concurrent copying GC freed 87325(4MB) AllocSpace objects, 35(2012KB) LOS objects, 37% free, 10MB/16MB, paused 14.432ms total 81.601ms
06-29 13:28:21.263  2175  6753 D         : HostConnection::get() New Host Connection established 0x87028740, tid 6753
06-29 13:28:21.308  2175  6753 I zygote  : android::hardware::configstore::V1_0::ISurfaceFlingerConfigs::hasWideColorDisplay retrieved: 0
06-29 13:28:21.313  2175  6753 E chromium: [ERROR:gl_surface_egl.cc(342)] eglChooseConfig failed with error EGL_SUCCESS
06-29 13:28:21.339  6692  6715 I cr_LibraryLoader: Time to load native libraries: 0 ms (timestamps 5825-5825)
06-29 13:28:21.341  6692  6715 I chromium: [INFO:library_loader_hooks.cc(50)] Chromium logging enabled: level = 0, default verbosity = 0
06-29 13:28:21.341  6692  6715 I cr_LibraryLoader: Expected native library version number "74.0.3729.157", actual native library version number "74.0.3729.157"
06-29 13:28:21.362  2175  6753 D EGL_emulation: eglCreateContext: 0x870610e0: maj 2 min 0 rcv 2
06-29 13:28:21.365  2175  6753 D EGL_emulation: eglMakeCurrent: 0x870610e0: ver 2 0 (tinfo 0x87cca250)
06-29 13:28:21.619  2175  6753 E chromium: [ERROR:gl_surface_egl.cc(342)] eglChooseConfig failed with error EGL_SUCCESS
06-29 13:28:21.672  6598  6598 W app_process: Unexpected CPU variant for X86 using defaults: x86
06-29 13:28:21.789  6598  6598 I app_process: The ClassLoaderContext is a special shared library.
06-29 13:28:21.916  2175  6753 I VideoCapabilities: Unsupported profile 4 for video/mp4v-es
06-29 13:28:21.925  1473  1561 D AudioFlinger: mixer(0xa6c83380) throttle end: throttle time(8)
06-29 13:28:21.970  2175  6753 W cr_MediaCodecUtil: HW encoder for video/avc is not available on this device.
06-29 13:28:22.315  1600  3604 I WifiService: getConnectionInfo uid=10014
06-29 13:28:22.460  2175  6669 W Ads     : App does not have the required permissions to get location
06-29 13:28:22.623  2175  6753 D EGL_emulation: eglCreateContext: 0x7bd74060: maj 2 min 0 rcv 2
06-29 13:28:22.625  2175  6753 D EGL_emulation: eglMakeCurrent: 0x7bd74060: ver 2 0 (tinfo 0x87cca250)
06-29 13:28:22.678  1600  2105 I WifiService: getConnectionInfo uid=10014
06-29 13:28:22.751  6598  6598 D AndroidRuntime: Calling main entry com.android.commands.monkey.Monkey
06-29 13:28:22.777  6598  6598 W Monkey  : args: [-p, com.EvilChaotic.ModernWarplanes, -c, android.intent.category.LAUNCHER, 1]
06-29 13:28:22.781  6598  6598 W Monkey  :  arg: "-p"
06-29 13:28:22.781  6598  6598 W Monkey  :  arg: "com.EvilChaotic.ModernWarplanes"
06-29 13:28:22.782  6598  6598 W Monkey  :  arg: "-c"
06-29 13:28:22.782  6598  6598 W Monkey  :  arg: "android.intent.category.LAUNCHER"
06-29 13:28:22.785  6598  6598 W Monkey  :  arg: "1"
06-29 13:28:22.786  6598  6598 W Monkey  : data="com.EvilChaotic.ModernWarplanes"
06-29 13:28:22.786  6598  6598 W Monkey  : data="android.intent.category.LAUNCHER"
06-29 13:28:22.798  2175  6679 E Ads     : Error waiting for future.
06-29 13:28:22.798  2175  6679 E Ads     : java.util.concurrent.TimeoutException
06-29 13:28:22.798  2175  6679 E Ads     : 	at java.util.concurrent.FutureTask.get(FutureTask.java:206)
06-29 13:28:22.798  2175  6679 E Ads     : 	at com.google.android.gms.ads.internal.util.future.g.a(:com.google.android.gms@17785022@17.7.85 (040700-253824076):18)
06-29 13:28:22.798  2175  6679 E Ads     : 	at com.google.android.gms.ads.cache.m.a(:com.google.android.gms@17785022@17.7.85 (040700-253824076):4)
06-29 13:28:22.798  2175  6679 E Ads     : 	at com.google.android.gms.ads.nonagon.signals.gmscore.r.call(Unknown Source:8)
06-29 13:28:22.798  2175  6679 E Ads     : 	at java.util.concurrent.FutureTask.run(FutureTask.java:266)
06-29 13:28:22.798  2175  6679 E Ads     : 	at java.util.concurrent.ThreadPoolExecutor.runWorker(ThreadPoolExecutor.java:1162)
06-29 13:28:22.798  2175  6679 E Ads     : 	at java.util.concurrent.ThreadPoolExecutor$Worker.run(ThreadPoolExecutor.java:636)
06-29 13:28:22.798  2175  6679 E Ads     : 	at java.lang.Thread.run(Thread.java:764)
06-29 13:28:23.006  1600  3604 I WifiService: getConnectionInfo uid=10014
06-29 13:28:23.202  1600  1614 W BroadcastQueue: Skipping deliver [background] BroadcastRecord{62212a7 u-1 android.net.conn.CONNECTIVITY_CHANGE} to ReceiverList{25b0354 6598 (unknown name)/2000/u-1 remote:6629bc1}: process gone or crashing
06-29 13:28:23.333  1600  1613 E memtrack: Couldn't load memtrack module
06-29 13:28:23.333  1600  1613 W android.os.Debug: failed to get memory consumption info: -1
06-29 13:28:23.630  1600  2105 I ActivityManager: START u0 {act=android.intent.action.MAIN cat=[android.intent.category.LAUNCHER] flg=0x10200000 cmp=com.EvilChaotic.ModernWarplanes/com.unity3d.player.UnityPlayerActivity} from uid 2000
06-29 13:28:23.645  1600  2105 W Binder  : Outgoing transactions from this process must be FLAG_ONEWAY
06-29 13:28:23.645  1600  2105 W Binder  : java.lang.Throwable
06-29 13:28:23.645  1600  2105 W Binder  : 	at android.os.BinderProxy.transact(Binder.java:752)
06-29 13:28:23.645  1600  2105 W Binder  : 	at android.app.IActivityController$Stub$Proxy.activityStarting(IActivityController.java:172)
06-29 13:28:23.645  1600  2105 W Binder  : 	at com.android.server.am.ActivityStarter.startActivity(ActivityStarter.java:449)
06-29 13:28:23.645  1600  2105 W Binder  : 	at com.android.server.am.ActivityStarter.startActivityLocked(ActivityStarter.java:278)
06-29 13:28:23.645  1600  2105 W Binder  : 	at com.android.server.am.ActivityStarter.startActivityMayWait(ActivityStarter.java:817)
06-29 13:28:23.645  1600  2105 W Binder  : 	at com.android.server.am.ActivityManagerService.startActivityAsUser(ActivityManagerService.java:4532)
06-29 13:28:23.645  1600  2105 W Binder  : 	at com.android.server.am.ActivityManagerService.startActivity(ActivityManagerService.java:4519)
06-29 13:28:23.645  1600  2105 W Binder  : 	at android.app.IActivityManager$Stub.onTransact(IActivityManager.java:121)
06-29 13:28:23.645  1600  2105 W Binder  : 	at com.android.server.am.ActivityManagerService.onTransact(ActivityManagerService.java:2919)
06-29 13:28:23.645  1600  2105 W Binder  : 	at android.os.Binder.execTransact(Binder.java:697)
06-29 13:28:23.877  6598  6598 I Monkey  : Events injected: 1
06-29 13:28:24.005  1473  1561 D AudioFlinger: mixer(0xa6c83380) throttle end: throttle time(3)
06-29 13:28:24.038  1600  1615 W Looper  : Dispatch took 110ms on android.ui, h=Handler (com.android.server.policy.PhoneWindowManager$PolicyHandler) {dca4410} cb=android.database.ContentObserver$NotificationRunnable@664d56d msg=0
06-29 13:28:24.052  6598  6598 I Monkey  : ## Network stats: elapsed time=380ms (0ms mobile, 0ms wifi, 380ms not connected)
06-29 13:28:24.110  6598  6598 I com.android.commands.monkey: System.exit called, status: 0
06-29 13:28:24.110  6598  6598 I AndroidRuntime: VM exiting with result code 0.
06-29 13:28:24.165  1390  2659 W audio_hw_generic: Not supplying enough data to HAL, expected position 6276995 , only wrote 6276960
06-29 13:28:24.166  1390  2659 W audio_hw_generic: Not supplying enough data to HAL, expected position 6276987 , only wrote 6276960
06-29 13:28:24.182  1390  2659 W audio_hw_generic: Not supplying enough data to HAL, expected position 6277763 , only wrote 6277680
06-29 13:28:24.211  1398  1398 D gralloc_ranchu: gralloc_alloc: Creating ashmem region of size 8298496
06-29 13:28:24.357  1600  1614 W ActivityManager: Activity pause timeout for ActivityRecord{7a84726 u0 com.skgames.trafficrider/com.prime31.UnityPlayerNativeActivity t6}
06-29 13:28:24.447  1600  1614 W ActivityManager: Slow operation: 61ms so far, now at startProcess: returned from zygote!
06-29 13:28:24.447  1600  1614 W ActivityManager: Slow operation: 62ms so far, now at startProcess: done updating battery stats
06-29 13:28:24.449  1600  1614 W ActivityManager: Slow operation: 63ms so far, now at startProcess: building log message
06-29 13:28:24.449  1600  1614 I ActivityManager: Start proc 6786:com.EvilChaotic.ModernWarplanes/u0a82 for activity com.EvilChaotic.ModernWarplanes/com.unity3d.player.UnityPlayerActivity
06-29 13:28:24.449  1600  1614 W ActivityManager: Slow operation: 64ms so far, now at startProcess: starting to update pids map
06-29 13:28:24.449  1600  1614 W ActivityManager: Slow operation: 64ms so far, now at startProcess: done updating pids map
06-29 13:28:24.449  1600  1614 W ActivityManager: Slow operation: 69ms so far, now at startProcess: done starting proc!
06-29 13:28:24.460  1964  1978 I zygote  : Background concurrent copying GC freed 154563(6MB) AllocSpace objects, 30(2MB) LOS objects, 42% free, 8MB/14MB, paused 1.306ms total 2.101s
06-29 13:28:24.571  6786  6786 W zygote  : Unexpected CPU variant for X86 using defaults: x86
06-29 13:28:24.607  1390  2659 W audio_hw_generic: Not supplying enough data to HAL, expected position 6298041 , only wrote 6297840
06-29 13:28:24.628  1390  2659 W audio_hw_generic: Not supplying enough data to HAL, expected position 6298872 , only wrote 6298560
06-29 13:28:24.754  1398  1398 D gralloc_ranchu: gralloc_alloc: Creating ashmem region of size 8298496
06-29 13:28:24.807  1600  2105 D         : HostConnection::get() New Host Connection established 0x8c73b080, tid 2105
06-29 13:28:24.843  1408  1408 E EGL_emulation: tid 1408: eglCreateSyncKHR(1962): error 0x3004 (EGL_BAD_ATTRIBUTE)
06-29 13:28:24.858  1600  2105 W ActivityManager: Slow operation: 200ms so far, now at attachApplicationLocked: after mServices.attachApplicationLocked
06-29 13:28:24.862  1600  1615 W Looper  : Dispatch took 175ms on android.ui, h=Handler (com.android.server.am.ActivityManagerService$UiHandler) {bce2944} cb=null msg=31
06-29 13:28:25.068  1398  1398 D gralloc_ranchu: gralloc_alloc: Creating ashmem region of size 8298496
06-29 13:28:25.094  1390  2659 W audio_hw_generic: Not supplying enough data to HAL, expected position 6320904 , only wrote 6320880
06-29 13:28:25.110  1390  2659 W audio_hw_generic: Not supplying enough data to HAL, expected position 6321662 , only wrote 6321600
06-29 13:28:25.175  1390  2659 W audio_hw_generic: Hardware backing HAL too slow, could only write 0 of 720 frames
06-29 13:28:25.190  1390  2659 W audio_hw_generic: Hardware backing HAL too slow, could only write 0 of 720 frames
06-29 13:28:25.209  1398  1398 D gralloc_ranchu: gralloc_alloc: Creating ashmem region of size 8298496
06-29 13:28:25.235  1390  2659 W audio_hw_generic: Hardware backing HAL too slow, could only write 0 of 720 frames
06-29 13:28:25.281  1390  2659 I chatty  : uid=1041(audioserver) writer identical 3 lines
06-29 13:28:25.295  1390  2659 W audio_hw_generic: Hardware backing HAL too slow, could only write 0 of 720 frames
06-29 13:28:25.443  1390  2659 W audio_hw_generic: Not supplying enough data to HAL, expected position 6337607 , only wrote 6337440
06-29 13:28:25.444  1390  2659 W audio_hw_generic: Not supplying enough data to HAL, expected position 6337451 , only wrote 6337440
06-29 13:28:25.460  1390  2659 W audio_hw_generic: Not supplying enough data to HAL, expected position 6338232 , only wrote 6338160
06-29 13:28:25.568  1473  1561 D AudioFlinger: mixer(0xa6c83380) throttle end: throttle time(3)
06-29 13:28:25.648  1390  2659 W audio_hw_generic: Hardware backing HAL too slow, could only write 0 of 720 frames
06-29 13:28:25.807  1390  2659 W audio_hw_generic: Hardware backing HAL too slow, could only write 0 of 720 frames
06-29 13:28:25.820  1600  3433 I zygote  : android::hardware::configstore::V1_0::ISurfaceFlingerConfigs::hasWideColorDisplay retrieved: 0
06-29 13:28:25.821  1600  3433 I OpenGLRenderer: Initialized EGL, version 1.4
06-29 13:28:25.821  1600  3433 D OpenGLRenderer: Swap behavior 1
06-29 13:28:25.823  1600  3433 W OpenGLRenderer: Failed to choose config with EGL_SWAP_BEHAVIOR_PRESERVED, retrying without...
06-29 13:28:25.823  1600  3433 D OpenGLRenderer: Swap behavior 0
06-29 13:28:25.824  1390  2659 W audio_hw_generic: Hardware backing HAL too slow, could only write 0 of 720 frames
06-29 13:28:25.846  1600  3433 D EGL_emulation: eglCreateContext: 0x9e388580: maj 2 min 0 rcv 2
06-29 13:28:25.865  1600  3433 D EGL_emulation: eglMakeCurrent: 0x9e388580: ver 2 0 (tinfo 0x7e593e60)
06-29 13:28:26.058  1390  2659 W audio_hw_generic: Not supplying enough data to HAL, expected position 6366858 , only wrote 6362640
06-29 13:28:26.059  1390  2659 W audio_hw_generic: Not supplying enough data to HAL, expected position 6362699 , only wrote 6362640
06-29 13:28:26.061  1401  1401 W hw-IPCThreadState: All binder threads in pool (2 threads) busy for 119 ms
06-29 13:28:26.076  1390  2659 W audio_hw_generic: Not supplying enough data to HAL, expected position 6363372 , only wrote 6363360
06-29 13:28:26.094  1473  1561 D AudioFlinger: mixer(0xa6c83380) throttle end: throttle time(10)
06-29 13:28:26.505  1398  1398 D gralloc_ranchu: gralloc_alloc: Creating ashmem region of size 8298496
06-29 13:28:26.597  6786  6786 D         : HostConnection::get() New Host Connection established 0x9ba26440, tid 6786
06-29 13:28:26.799  1600  1621 I ActivityManager: Displayed com.EvilChaotic.ModernWarplanes/com.unity3d.player.UnityPlayerActivity: +2s341ms
06-29 13:28:27.680  1390  2659 W audio_hw_generic: Not supplying enough data to HAL, expected position 6440419 , only wrote 6440400
06-29 13:28:27.680  1390  2659 W audio_hw_generic: Not supplying enough data to HAL, expected position 6440419 , only wrote 6440400
06-29 13:28:27.696  1390  2659 W audio_hw_generic: Not supplying enough data to HAL, expected position 6441165 , only wrote 6441120
06-29 13:28:27.712  1473  1561 D AudioFlinger: mixer(0xa6c83380) throttle end: throttle time(9)
06-29 13:28:27.772  1473  1561 D AudioFlinger: mixer(0xa6c83380) throttle end: throttle time(1)
06-29 13:28:27.840  1964  1964 W SystemServiceRegistry: No service published for: persistent_data_block
06-29 13:28:27.871  6488  6488 W Unity   : Timeout while trying to pause the Unity Engine.
06-29 13:28:27.950  1964  1964 W ChimeraUtils: Non Chimera context
06-29 13:28:27.950  1964  1964 W ChimeraUtils: Non Chimera context
06-29 13:28:27.968  2175  2215 W zygote  : Couldn't lock the profile file /data/misc/profiles/cur/0/com.google.android.gms/primary.prof: Failed to lock file '/data/misc/profiles/cur/0/com.google.android.gms/primary.prof': Try again
06-29 13:28:27.968  2175  2215 W zygote  : Could not forcefully load profile /data/misc/profiles/cur/0/com.google.android.gms/primary.prof
06-29 13:28:28.090  1704  1735 I zygote  : Waiting for a blocking GC ProfileSaver
06-29 13:28:28.267  1704  1723 I zygote  : NativeAlloc concurrent copying GC freed 34691(1752KB) AllocSpace objects, 0(0B) LOS objects, 49% free, 5MB/11MB, paused 361.327ms total 2.891s
