--------- beginning of main
07-03 17:54:46.497  1604  3158 I WifiService: getConnectionInfo uid=10014
07-03 17:54:46.504  1604  1621 I WifiService: requestActivityInfo uid=1000
07-03 17:54:46.504  1604  1621 I WifiService: reportActivityInfo uid=1000
07-03 17:54:46.504  1604  1621 I WifiService: getSupportedFeatures uid=1000
07-03 17:54:46.505  1970 14287 E WakeLock: GCM_HB_ALARM release without a matched acquire!
07-03 17:54:46.653  1970  5718 I GeofencerStateMachine: addGeofences called by com.google.android.apps.maps
07-03 17:54:46.684  1604  9404 I GnssLocationProvider: WakeLock acquired by sendMessage(SET_REQUEST, 0, com.android.server.location.GnssLocationProvider$GpsRequest@58d7c61)
07-03 17:54:46.685  1604  1617 I GnssLocationProvider: WakeLock released by handleMessage(SET_REQUEST, 0, com.android.server.location.GnssLocationProvider$GpsRequest@58d7c61)
07-03 17:54:46.746  1604  6308 I GnssLocationProvider: WakeLock acquired by sendMessage(SET_REQUEST, 0, com.android.server.location.GnssLocationProvider$GpsRequest@f187447)
07-03 17:54:46.814  1604  1617 I GnssLocationProvider: WakeLock released by handleMessage(SET_REQUEST, 0, com.android.server.location.GnssLocationProvider$GpsRequest@f187447)
07-03 17:54:46.823  1604  4218 I WifiService: getWifiEnabledState uid=10062
07-03 17:54:46.824  1604  4218 I WifiService: getConnectionInfo uid=10014
07-03 17:54:47.309 14699 14709 I chatty  : uid=10104(net.osmand) HeapTaskDaemon expire 2 lines
07-03 17:54:49.429  1970  1980 I zygote  : Background concurrent copying GC freed 181207(7MB) AllocSpace objects, 0(0B) LOS objects, 32% free, 12MB/18MB, paused 1.309ms total 174.349ms
07-03 17:54:50.245  1604  3883 I WifiService: acquireWifiLock uid=10014 lockMode=2
--------- beginning of system
07-03 17:54:50.577  1604  3883 I ActivityManager: START u0 {act=android.intent.action.MAIN cat=[android.intent.category.HOME] flg=0x10000000 cmp=com.google.android.apps.nexuslauncher/.NexusLauncherActivity} from uid 2000
07-03 17:54:50.613  1604  9404 I GnssLocationProvider: WakeLock acquired by sendMessage(SET_REQUEST, 0, com.android.server.location.GnssLocationProvider$GpsRequest@45e0de3)
07-03 17:54:50.619  1604  1617 I GnssLocationProvider: WakeLock released by handleMessage(SET_REQUEST, 0, com.android.server.location.GnssLocationProvider$GpsRequest@45e0de3)
07-03 17:54:50.626  1402  1439 D gralloc_ranchu: gralloc_alloc: Creating ashmem region of size 8298496
07-03 17:54:50.626 14699 14699 I chatty  : uid=10104(net.osmand) expire 167 lines
07-03 17:54:50.683  1402  1439 D gralloc_ranchu: gralloc_alloc: Creating ashmem region of size 8298496
07-03 17:54:50.733  1402  1439 D gralloc_ranchu: gralloc_alloc: Creating ashmem region of size 8298496
07-03 17:54:50.780  1412  1412 D SurfaceFlinger: duplicate layer name: changing com.google.android.apps.nexuslauncher/com.google.android.apps.nexuslauncher.NexusLauncherActivity to com.google.android.apps.nexuslauncher/com.google.android.apps.nexuslauncher.NexusLauncherActivity#1
07-03 17:54:50.815  1402  1439 D gralloc_ranchu: gralloc_alloc: Creating ashmem region of size 8298496
07-03 17:54:50.857  1402  1439 D gralloc_ranchu: gralloc_alloc: Creating ashmem region of size 8298496
07-03 17:54:50.900 10677 10709 D EGL_emulation: eglMakeCurrent: 0xa58055a0: ver 2 0 (tinfo 0xa58034d0)
07-03 17:54:50.906  1402  1439 D gralloc_ranchu: gralloc_alloc: Creating ashmem region of size 8298496
07-03 17:54:51.005 10677 10711 W SessionLifecycleManager: Handover failed. Creating new session controller.
07-03 17:54:51.025  2061  2124 D EGL_emulation: eglMakeCurrent: 0xa5806680: ver 2 0 (tinfo 0xa5803c60)
07-03 17:54:51.129  1707  1933 D EGL_emulation: eglMakeCurrent: 0x91a91b00: ver 2 0 (tinfo 0x91b96990)
07-03 17:54:51.131 14699 14735 I chatty  : uid=10104(net.osmand) RenderThread expire 1 line
07-03 17:54:51.132  1402  1439 D gralloc_ranchu: gralloc_alloc: Creating ashmem region of size 8298496
07-03 17:54:51.237  1412  1412 E EGL_emulation: tid 1412: eglCreateSyncKHR(1962): error 0x3004 (EGL_BAD_ATTRIBUTE)
07-03 17:54:51.249 10677 10711 W ThreadPoolDumper: Queue length for executor EventBus is now 11. Perhaps some tasks are too long, or the pool is too small.
07-03 17:54:51.379  1970  1970 I GeofencerStateMachine: sendNewLocationAvailability: availability=LocationAvailability[isLocationAvailable: true]
07-03 17:54:51.537  1707  1933 D EGL_emulation: eglMakeCurrent: 0x91a91b00: ver 2 0 (tinfo 0x91b96990)
07-03 17:54:51.559  2061  2124 W OpenGLRenderer: Incorrectly called buildLayer on View: ShortcutAndWidgetContainer, destroying layer...
07-03 17:54:51.559  2061  2124 W OpenGLRenderer: Incorrectly called buildLayer on View: ShortcutAndWidgetContainer, destroying layer...
07-03 17:54:51.664 14699 14817 I chatty  : uid=10104(net.osmand) expire 1 line
07-03 17:54:51.805  1604  3192 I zygote  : android::hardware::configstore::V1_0::ISurfaceFlingerConfigs::hasWideColorDisplay retrieved: 0
07-03 17:54:51.806  1604  3192 I OpenGLRenderer: Initialized EGL, version 1.4
07-03 17:54:51.806  1604  3192 D OpenGLRenderer: Swap behavior 1
07-03 17:54:51.813  1604  3192 W OpenGLRenderer: Failed to choose config with EGL_SWAP_BEHAVIOR_PRESERVED, retrying without...
07-03 17:54:51.813  1604  3192 D OpenGLRenderer: Swap behavior 0
07-03 17:54:51.842  1707  1729 I zygote  : NativeAlloc concurrent copying GC freed 16288(996KB) AllocSpace objects, 0(0B) LOS objects, 49% free, 5MB/11MB, paused 23.326ms total 457.805ms
07-03 17:54:51.850  1604  3192 D EGL_emulation: eglCreateContext: 0xa57fe1c0: maj 2 min 0 rcv 2
07-03 17:54:51.856  1604  3192 D EGL_emulation: eglMakeCurrent: 0xa57fe1c0: ver 2 0 (tinfo 0x91a907b0)
07-03 17:54:52.038  1604  1614 I WifiService: getWifiEnabledState uid=10032
07-03 17:54:52.085 10677 13899 W LocationOracle: No location history returned by ContextManager
07-03 17:54:52.094  1604  6308 I WifiService: getWifiEnabledState uid=10032
07-03 17:54:52.161  1707  1729 I zygote  : NativeAlloc concurrent copying GC freed 1175(155KB) AllocSpace objects, 0(0B) LOS objects, 49% free, 5MB/11MB, paused 1.737ms total 283.890ms
07-03 17:54:52.195 10677 10711 I MicroDetectionWorker: #startMicroDetector [speakerMode: 0]
07-03 17:54:52.201 10677 10711 W ErrorReporter: reportError [type: 211, code: 393244, bug: 0]: errorCode: 393244, engine: 0
07-03 17:54:52.204 10677 10711 I MicroDetector: Keeping mic open: false
07-03 17:54:52.204 10677 10711 I MicroDetectionWorker: #onError(false)
07-03 17:54:52.362  1970  1970 I GeofencerStateMachine: removeGeofences: removeRequest=RemoveGeofencingRequest[REMOVE_BY_PENDING_INTENT pendingIntent=PendingIntent[creatorPackage=com.google.android.gms], packageName=com.google.android.gms]
07-03 17:54:52.378  1970  1970 I chatty  : uid=10014 com.google.android.gms.persistent identical 2 lines
07-03 17:54:52.398  1970  1970 I GeofencerStateMachine: removeGeofences: removeRequest=RemoveGeofencingRequest[REMOVE_BY_PENDING_INTENT pendingIntent=PendingIntent[creatorPackage=com.google.android.gms], packageName=com.google.android.gms]
07-03 17:54:52.515  1970 14863 W ctxmgr  : [AclManager] No 3 for (accnt=account#1066226748#, com.google.android.gms(10014):UserVelocityProducer, vrsn=17785022, 0, 3pPkg = null ,  3pMdlId = null ,  pid = 1970). Was: 2 for 1, account#1066226748# [CONTEXT service_id=47 ]
07-03 17:54:52.639 10677 13902 E PlaceStateUpdater: Received no places
07-03 17:54:52.684  1970  1970 I GeofencerStateMachine: removeGeofences: removeRequest=RemoveGeofencingRequest[REMOVE_BY_PENDING_INTENT pendingIntent=PendingIntent[creatorPackage=com.google.android.gms], packageName=com.google.android.gms]
07-03 17:54:52.693  1970  1970 I GeofencerStateMachine: removeGeofences: removeRequest=RemoveGeofencingRequest[REMOVE_BY_PENDING_INTENT pendingIntent=PendingIntent[creatorPackage=com.google.android.gms], packageName=com.google.android.gms]
07-03 17:54:52.729  1970 14878 I PlaceInferenceEngine: [anon] Changed inference mode: 0
07-03 17:54:52.731  1970 14878 I PlaceInferenceEngine: [account#1066226748] Changed inference mode: 0
07-03 17:54:52.765  1970 14878 I Places  : Converted 1 out of 1 WiFi scans
07-03 17:54:52.765  1604  2501 I WifiService: getConnectionInfo uid=10014
07-03 17:54:52.940 10677 13893 E PlaceStateUpdater: Received no places
07-03 17:54:53.069  1970 14878 I Places  : ?: PlacesBleScanner start() with priority 2
07-03 17:54:53.069  1970 14878 I PlaceInferenceEngine: [anon] Changed inference mode: 1
07-03 17:54:53.069  1970 14878 I PlaceInferenceEngine: [account#1066226748] Changed inference mode: 1
07-03 17:54:53.107  1970  1970 E BeaconBle: Missing BluetoothAdapter
07-03 17:54:53.107  1970  1970 I BeaconBle: BLE 'KK+' software access layer enabled
07-03 17:54:53.146  1970  1970 I BeaconBle: Client requested scan, settings=BleSettings [scanMode=ZERO_POWER, callbackType=ALL_MATCHES, reportDelayMillis=0, 1 filters, 0 clients, callingClientName=Places]
07-03 17:54:53.146  1970  1970 I BeaconBle: Scan : No clients left, canceling alarm.
07-03 17:54:53.147  1970  1970 E BeaconBle: Scan couldn't start for Places
07-03 17:54:53.147  1970  1970 W Places  : BLE failure while scanning - code 5
07-03 17:54:53.158  1970 14878 I Places  : Converted 1 out of 1 WiFi scans
07-03 17:54:53.158  1604  2501 I WifiService: getConnectionInfo uid=10014
07-03 17:54:53.174  1970 14878 I PlaceInferenceEngine: [account#1066226748] Changed inference mode: 1
07-03 17:54:53.174  1970 14878 I PlaceInferenceEngine: [anon] Changed inference mode: 1
07-03 17:54:53.230  1604  2501 D WificondControl: Scan result ready event
07-03 17:54:53.346  1604  1613 I zygote  : NativeAlloc concurrent copying GC freed 37427(2MB) AllocSpace objects, 14(284KB) LOS objects, 8% free, 68MB/74MB, paused 1.189ms total 1.567s
07-03 17:54:53.383  1604  5450 I WifiService: releaseWifiLock uid=10014
07-03 17:54:53.535  1970  1980 I zygote  : Background concurrent copying GC freed 127841(5MB) AllocSpace objects, 8(388KB) LOS objects, 29% free, 14MB/20MB, paused 3.368ms total 343.223ms
07-03 17:54:53.784  1970 14880 I PlaceInferenceEngine: No beacon scan available - ignoring candidates.
07-03 17:54:54.101  1604  5450 I ActivityManager: Force stopping com.skgames.trafficrider appid=10081 user=0: from pid 14885
07-03 17:54:53.900  1970 14880 I PlaceInferenceEngine: No beacon scan available - ignoring candidates.
07-03 17:54:54.199  1836  1836 D CarrierSvcBindHelper: No carrier app for: 0
07-03 17:54:54.557  1604  3883 I ActivityManager: Force stopping com.EvilChaotic.ModernWarplanes appid=10082 user=0: from pid 14893
07-03 17:54:54.586  1836  1836 D CarrierSvcBindHelper: No carrier app for: 0
07-03 17:54:54.989  1604  1613 I zygote  : NativeAlloc concurrent copying GC freed 8364(506KB) AllocSpace objects, 0(0B) LOS objects, 8% free, 68MB/74MB, paused 2.133ms total 886.649ms
07-03 17:54:55.013  1604  2501 I ActivityManager: Force stopping com.ea.games.r3_row appid=10083 user=0: from pid 14897
07-03 17:54:55.051  1836  1836 D CarrierSvcBindHelper: No carrier app for: 0
07-03 17:54:55.335  1604  2501 W ActivityManager: Invalid packageName: android.media.action.IMAGE_CAPTURE
07-03 17:54:56.040  1970  1980 I zygote  : Background concurrent copying GC freed 157108(6MB) AllocSpace objects, 27(1724KB) LOS objects, 33% free, 11MB/17MB, paused 1.226ms total 162.782ms
07-03 17:54:56.631  1604  1604 I GnssLocationProvider: WakeLock acquired by sendMessage(SUBSCRIPTION_OR_SIM_CHANGED, 0, null)
07-03 17:54:56.643  1836  1836 D MccTable: updateMccMncConfiguration mccmnc='null' fromServiceState=true
07-03 17:54:56.643  1836  1836 D MccTable: WIFI_COUNTRY_CODE set to 
07-03 17:54:56.645  1604  6308 I WifiService: WifiService trying to set country code to  with persist set to false
07-03 17:54:56.645  1604  6308 I WifiService: setCountryCode uid=1001
07-03 17:54:56.697  1836  1836 D ServiceStateProvider: subId=1
07-03 17:54:56.795  1836  1836 I Telephony: PstnIncomingCallNotifier: Unregistering: Handler (com.android.internal.telephony.GsmCdmaPhone) {d52c9e7}
07-03 17:54:56.820  1604  1682 I WifiService: getConnectionInfo uid=1000
07-03 17:54:56.854  1604  1617 E GnssLocationProvider: no AGPS interface in set_agps_server
07-03 17:54:56.855  1604  1617 I GnssLocationProvider: WakeLock released by handleMessage(SUBSCRIPTION_OR_SIM_CHANGED, 0, null)
07-03 17:54:56.868  1836  1850 I zygote  : Background concurrent copying GC freed 40993(2MB) AllocSpace objects, 0(0B) LOS objects, 49% free, 2MB/4MB, paused 18.695ms total 233.414ms
07-03 17:54:56.874  1604  2501 I Telecom : PhoneAccountRegistrar: Modify account: [ComponentInfo{com.android.phone/com.android.services.telephony.TelephonyConnectionService}, [****], UserHandle{0}(lbl:  -> Android)(desc:  -> Android)]: TSI.rPA@L/Y
07-03 17:54:56.895  1836  1836 I Telephony: AccountEntry: Registered phoneAccount: [[ ] PhoneAccount: ComponentInfo{com.android.phone/com.android.services.telephony.TelephonyConnectionService}, [****], UserHandle{0} Capabilities: CallProvider MultiUser PlaceEmerg SimSub  Audio Routes: BESW Schemes: tel voicemail  Extras: Bundle[{android.telecom.extra.SUPPORTS_VIDEO_CALLING_FALLBACK=true}] GroupId: [****]] with handle: ComponentInfo{com.android.phone/com.android.services.telephony.TelephonyConnectionService}, [****], UserHandle{0}
07-03 17:54:56.899  1836  1836 I Telephony: PstnIncomingCallNotifier: Registering: Handler (com.android.internal.telephony.GsmCdmaPhone) {d52c9e7}
07-03 17:54:56.922  1836  1836 D TelephonyProvider: subIdString = 1 subId = 1
07-03 17:54:56.968  1604  1604 I Telecom : CallLogManager: Country ISO changed. Retrieving new ISO...: CLM.oCD@L/k
07-03 17:54:57.000  1836  1836 I Telephony: PstnPhoneCapabilitiesNotifier: handleVideoCapabilitesChanged. Video capability - false
07-03 17:54:57.012  1604  3883 I Telecom : PhoneAccountRegistrar: Modify account: [ComponentInfo{com.android.phone/com.android.services.telephony.TelephonyConnectionService}, [****], UserHandle{0}]: TSI.rPA@L/o
07-03 17:54:56.993  1836  1836 I chatty  : uid=1001(radio) com.android.phone identical 7 lines
07-03 17:54:56.997  1836  1836 D TelephonyProvider: subIdString = 1 subId = 1
07-03 17:54:57.104  1604  1675 D SntpClient: round trip: 210ms, clock offset: 1826ms
07-03 17:54:57.114  1604  1675 D RecurrenceRule: Resolving using anchor 2019-07-03T17:54:57.112Z[GMT]
07-03 17:54:57.118  1604  1675 D RecurrenceRule: Resolving using anchor 2019-07-03T17:54:57.117Z[GMT]
07-03 17:54:57.121  1604  1675 D RecurrenceRule: Cycle 17 from 2019-06-09T00:00Z[GMT] to 2019-07-09T00:00Z[GMT]
07-03 17:54:57.121  1604  1675 D NetworkStats: Resolving plan for NetworkTemplate: matchRule=MOBILE_ALL, subscriberId=310260..., matchSubscriberIds=[310260...]
07-03 17:54:57.124  1604  1675 D NetworkStats: Found active matching subId 1
07-03 17:54:57.132  1604  1675 D NetworkStats: Resolved to plan null
07-03 17:54:57.215 10677 10711 I MicroDetectionWorker: #startMicroDetector [speakerMode: 0]
07-03 17:54:57.217 10677 10711 W ErrorReporter: reportError [type: 211, code: 393244, bug: 0]: errorCode: 393244, engine: 0
07-03 17:54:57.220 10677 10711 I MicroDetector: Keeping mic open: false
07-03 17:54:57.220 10677 10711 I MicroDetectionWorker: #onError(false)
07-03 17:54:57.744  1970  1970 I GeofencerStateMachine: sendNewTransitions called.
07-03 17:54:57.828  1970  1970 I GeofencerStateMachine: sendNewTransitions called.
07-03 17:54:57.840  1970  1970 I GeofencerStateMachine: sendNewLocationAvailability: availability=LocationAvailability[isLocationAvailable: true]
07-03 17:54:57.938  1970  1970 I GeofencerStateMachine: sendNewLocationAvailability: availability=LocationAvailability[isLocationAvailable: true]
07-03 17:54:58.133 14919 14919 D AndroidRuntime: >>>>>> START com.android.internal.os.RuntimeInit uid 2000 <<<<<<
07-03 17:54:58.164 14919 14919 W app_process: Could not reserve sentinel fault page
07-03 17:54:58.425 14919 14919 W app_process: Unexpected CPU variant for X86 using defaults: x86
07-03 17:54:58.434 14919 14919 I app_process: The ClassLoaderContext is a special shared library.
07-03 17:54:58.540 14919 14919 D AndroidRuntime: Calling main entry com.android.commands.monkey.Monkey
07-03 17:54:58.543 14919 14919 W Monkey  : args: [-p, net.osmand, -c, android.intent.category.LAUNCHER, 1]
07-03 17:54:58.544 14919 14919 W Monkey  :  arg: "-p"
07-03 17:54:58.544 14919 14919 W Monkey  :  arg: "net.osmand"
07-03 17:54:58.545 14919 14919 W Monkey  :  arg: "-c"
07-03 17:54:58.546 14919 14919 W Monkey  :  arg: "android.intent.category.LAUNCHER"
07-03 17:54:58.546 14919 14919 W Monkey  :  arg: "1"
07-03 17:54:58.547 14919 14919 W Monkey  : data="net.osmand"
07-03 17:54:58.548 14919 14919 W Monkey  : data="android.intent.category.LAUNCHER"
07-03 17:54:58.642  1604  1618 W BroadcastQueue: Skipping deliver [background] BroadcastRecord{6ce032 u-1 android.net.conn.CONNECTIVITY_CHANGE} to ReceiverList{356e183 14919 (unknown name)/2000/u-1 remote:410bd94}: process gone or crashing
07-03 17:54:58.696  1604  2501 I ActivityManager: START u0 {act=android.intent.action.MAIN cat=[android.intent.category.LAUNCHER] flg=0x10200000 cmp=net.osmand/.plus.activities.MapActivity} from uid 2000
07-03 17:54:58.702  1604  2501 W Binder  : Outgoing transactions from this process must be FLAG_ONEWAY
07-03 17:54:58.702  1604  2501 W Binder  : java.lang.Throwable
07-03 17:54:58.702  1604  2501 W Binder  : 	at android.os.BinderProxy.transact(Binder.java:752)
07-03 17:54:58.702  1604  2501 W Binder  : 	at android.app.IActivityController$Stub$Proxy.activityStarting(IActivityController.java:172)
07-03 17:54:58.702  1604  2501 W Binder  : 	at com.android.server.am.ActivityStarter.startActivity(ActivityStarter.java:449)
07-03 17:54:58.702  1604  2501 W Binder  : 	at com.android.server.am.ActivityStarter.startActivityLocked(ActivityStarter.java:278)
07-03 17:54:58.702  1604  2501 W Binder  : 	at com.android.server.am.ActivityStarter.startActivityMayWait(ActivityStarter.java:817)
07-03 17:54:58.702  1604  2501 W Binder  : 	at com.android.server.am.ActivityManagerService.startActivityAsUser(ActivityManagerService.java:4532)
07-03 17:54:58.702  1604  2501 W Binder  : 	at com.android.server.am.ActivityManagerService.startActivity(ActivityManagerService.java:4519)
07-03 17:54:58.702  1604  2501 W Binder  : 	at android.app.IActivityManager$Stub.onTransact(IActivityManager.java:121)
07-03 17:54:58.702  1604  2501 W Binder  : 	at com.android.server.am.ActivityManagerService.onTransact(ActivityManagerService.java:2919)
07-03 17:54:58.702  1604  2501 W Binder  : 	at android.os.Binder.execTransact(Binder.java:697)
07-03 17:54:58.717 14919 14919 I Monkey  : Events injected: 1
07-03 17:54:58.744  1402  1439 D gralloc_ranchu: gralloc_alloc: Creating ashmem region of size 8298496
07-03 17:54:58.780  1412  1412 E EGL_emulation: tid 1412: eglCreateSyncKHR(1962): error 0x3004 (EGL_BAD_ATTRIBUTE)
07-03 17:54:58.787  1604  4218 W LocalDisplayAdapter: Unable to find color mode 0, ignoring request.
07-03 17:54:58.797  1604  4218 I ActivityManager: Config changes=480 {1.0 310mcc260mnc [en_US] ldltr sw411dp w683dp h387dp 420dpi nrml land finger qwerty/v/v -nav/h appBounds=Rect(126, 0 - 1920, 1080) s.39}
07-03 17:54:58.823  1604  4218 I ActivityManager: Override config changes=480 {1.0 310mcc260mnc [en_US] ldltr sw411dp w683dp h387dp 420dpi nrml land finger qwerty/v/v -nav/h appBounds=Rect(126, 0 - 1920, 1080) s.39} for displayId=0
07-03 17:54:58.994  1402  1439 D gralloc_ranchu: gralloc_alloc: Creating ashmem region of size 8298496
07-03 17:54:59.047  1604  1619 W Looper  : Dispatch took 320ms on android.ui, h=Handler (com.android.server.am.ActivityManagerService$UiHandler) {63b7718} cb=null msg=31
07-03 17:54:59.302  1604  1619 W Looper  : Dispatch took 253ms on android.ui, h=Handler (com.android.server.am.ActivityManagerService$UiHandler) {63b7718} cb=null msg=53
07-03 17:54:59.309  1412  1428 E SurfaceFlinger: Permission Denial: can't openGlobalTransaction pid=14699, uid<=10104
07-03 17:54:59.328  1412  1428 E SurfaceFlinger: Permission Denial: can't openGlobalTransaction pid=14699, uid<=10104
07-03 17:54:59.364  1604  1666 I InputReader: Reconfiguring input devices.  changes=0x00000004
07-03 17:54:59.366  1604  1666 I InputReader: Device reconfigured: id=0, name='qwerty2', size 1080x1920, orientation 3, mode 1, display id 0
07-03 17:54:59.438  2061  2124 D EGL_emulation: eglMakeCurrent: 0xa5806680: ver 2 0 (tinfo 0xa5803c60)
07-03 17:54:59.461  1604  1619 W Looper  : Dispatch took 135ms on android.ui, h=Handler (com.android.server.policy.PhoneWindowManager$PolicyHandler) {35d3375} cb=android.database.ContentObserver$NotificationRunnable@dd7f9f5 msg=0
07-03 17:54:59.497  1402  1439 D gralloc_ranchu: gralloc_alloc: Creating ashmem region of size 544768
07-03 17:54:59.540 14919 14919 I Monkey  : ## Network stats: elapsed time=660ms (0ms mobile, 0ms wifi, 660ms not connected)
07-03 17:54:59.555  1707  1933 D EGL_emulation: eglMakeCurrent: 0x91a91b00: ver 2 0 (tinfo 0x91b96990)
07-03 17:54:59.725  1604  1619 W Looper  : Dispatch took 140ms on android.ui, h=Handler (com.android.server.policy.PhoneWindowManager$PolicyHandler) {35d3375} cb=android.database.ContentObserver$NotificationRunnable@4d8fdfb msg=0
07-03 17:54:59.748 14919 14919 I com.android.commands.monkey: System.exit called, status: 0
07-03 17:54:59.748 14919 14919 I AndroidRuntime: VM exiting with result code 0.
07-03 17:54:59.820  1402  1439 D gralloc_ranchu: gralloc_alloc: Creating ashmem region of size 544768
07-03 17:54:59.836 10677 10709 D EGL_emulation: eglMakeCurrent: 0xa58055a0: ver 2 0 (tinfo 0xa58034d0)
07-03 17:55:00.047  1701  1701 I KeyboardViewUtil: systemKeyboardHeightRatio:1.000000; userKeyboardHeightRatio:1.000000.
07-03 17:55:00.128  1707  1707 I Choreographer: Skipped 37 frames!  The application may be doing too much work on its main thread.
07-03 17:55:00.133  1402  1439 D gralloc_ranchu: gralloc_alloc: Creating ashmem region of size 544768
07-03 17:55:00.192  1701  1701 I DeviceStatusMonitor: onReceive() : Action = android.intent.action.CONFIGURATION_CHANGED
07-03 17:55:00.193  1701  1701 I ConfigNotification: Get device mode by ui mode:1 and smallestScreenWidthDp:411
07-03 17:55:00.193  1701  1701 I chatty  : uid=10060(com.google.android.inputmethod.latin) identical 3 lines
07-03 17:55:00.194  1701  1701 I ConfigNotification: Get device mode by ui mode:1 and smallestScreenWidthDp:411
07-03 17:55:00.263  1402  1439 D gralloc_ranchu: gralloc_alloc: Creating ashmem region of size 487424
07-03 17:55:00.311  1707  1707 D StatusBar: disable<e i a s b h r c s q >
07-03 17:55:00.319  1707  1933 D EGL_emulation: eglMakeCurrent: 0x91a91b00: ver 2 0 (tinfo 0x91b96990)
07-03 17:55:00.339  1402  1439 D gralloc_ranchu: gralloc_alloc: Creating ashmem region of size 487424
07-03 17:55:00.373  1604  1651 I WindowManager: Screen frozen for +1s645ms due to Window{8a752c8 u0 StatusBar}
07-03 17:55:00.400  1412  1412 D SurfaceFlinger: duplicate layer name: changing BlackSurface to BlackSurface#1
07-03 17:55:00.406  1412  1412 D SurfaceFlinger: duplicate layer name: changing BlackSurface to BlackSurface#1
07-03 17:55:00.420  1707  1707 W StatusBar/NavBarView: *** Invalid layout in navigation bar (sizeChanged this=126x1080 cur=126x1038)
07-03 17:55:00.463  1604  1617 E memtrack: Couldn't load memtrack module
07-03 17:55:00.463  1604  1617 W android.os.Debug: failed to get memory consumption info: -1
07-03 17:55:00.505  1402  1439 D gralloc_ranchu: gralloc_alloc: Creating ashmem region of size 487424
07-03 17:55:00.542  1707  1933 D EGL_emulation: eglMakeCurrent: 0x91a91b00: ver 2 0 (tinfo 0x91b96990)
07-03 17:55:00.631  1707  1933 D EGL_emulation: eglMakeCurrent: 0x91a91b00: ver 2 0 (tinfo 0x91b96990)
07-03 17:55:00.747  1604  1617 E memtrack: Couldn't load memtrack module
07-03 17:55:00.747  1604  1617 W android.os.Debug: failed to get memory consumption info: -1
07-03 17:55:00.929 14699 14699 I chatty  : uid=10104(net.osmand) expire 344 lines
07-03 17:55:01.172  1604  2501 I GnssLocationProvider: WakeLock acquired by sendMessage(SET_REQUEST, 0, com.android.server.location.GnssLocationProvider$GpsRequest@813201c)
07-03 17:55:01.174  1604  1617 I GnssLocationProvider: WakeLock released by handleMessage(SET_REQUEST, 0, com.android.server.location.GnssLocationProvider$GpsRequest@813201c)
07-03 17:55:01.219  1402  1439 D gralloc_ranchu: gralloc_alloc: Creating ashmem region of size 8298496
07-03 17:55:01.272  1412  1412 E EGL_emulation: tid 1412: eglCreateSyncKHR(1962): error 0x3004 (EGL_BAD_ATTRIBUTE)
07-03 17:55:01.277  1604  3883 W LocalDisplayAdapter: Unable to find color mode 0, ignoring request.
07-03 17:55:01.288  1604  3883 I ActivityManager: Config changes=480 {1.0 310mcc260mnc [en_US] ldltr sw411dp w411dp h659dp 420dpi nrml port finger qwerty/v/v -nav/h appBounds=Rect(0, 0 - 1080, 1794) s.40}
07-03 17:55:01.306  1604  1666 I InputReader: Reconfiguring input devices.  changes=0x00000004
07-03 17:55:01.306  1604  1666 I InputReader: Device reconfigured: id=0, name='qwerty2', size 1080x1920, orientation 0, mode 1, display id 0
07-03 17:55:01.314  1604  1666 I InputReader: Reconfiguring input devices.  changes=0x00000004
07-03 17:55:01.361  1604  3883 I ActivityManager: Override config changes=480 {1.0 310mcc260mnc [en_US] ldltr sw411dp w411dp h659dp 420dpi nrml port finger qwerty/v/v -nav/h appBounds=Rect(0, 0 - 1080, 1794) s.40} for displayId=0
07-03 17:55:01.479  1604  1651 W WindowManager: Failed looking up window callers=com.android.server.wm.WindowManagerService.windowForClientLocked:5797 com.android.server.wm.WindowManagerService.removeWindow:1715 com.android.server.wm.Session.remove:222 
07-03 17:55:01.489  1604  1619 W Looper  : Dispatch took 119ms on android.ui, h=Handler (com.android.server.am.ActivityManagerService$UiHandler) {63b7718} cb=null msg=30
07-03 17:55:01.315  1604  1666 I InputReader: Reconfiguring input devices.  changes=0x00000004
07-03 17:55:01.498  1970  1970 I GeofencerStateMachine: sendNewLocationAvailability: availability=LocationAvailability[isLocationAvailable: true]
07-03 17:55:01.528  1604  1604 W WindowManager: Failed looking up window callers=com.android.server.wm.WindowManagerService.windowForClientLocked:5797 com.android.server.wm.WindowManagerService.finishDrawingWindow:2340 com.android.server.wm.Session.finishDrawing:275 
07-03 17:55:01.539  1701  1701 I KeyboardViewUtil: systemKeyboardHeightRatio:1.000000; userKeyboardHeightRatio:1.000000.
07-03 17:55:01.635  1701  1701 I DeviceStatusMonitor: onReceive() : Action = android.intent.action.CONFIGURATION_CHANGED
07-03 17:55:01.664  1701  1701 I ConfigNotification: Get device mode by ui mode:1 and smallestScreenWidthDp:411
07-03 17:55:01.669  1701  1701 I ConfigNotification: Get device mode by ui mode:1 and smallestScreenWidthDp:411
07-03 17:55:01.673  1701  1701 I ConfigNotification: Get device mode by ui mode:1 and smallestScreenWidthDp:411
07-03 17:55:01.681  1402  1439 D gralloc_ranchu: gralloc_alloc: Creating ashmem region of size 8298496
07-03 17:55:01.774  1402  1439 D gralloc_ranchu: gralloc_alloc: Creating ashmem region of size 544768
07-03 17:55:01.802  1707  1933 D EGL_emulation: eglMakeCurrent: 0x91a91b00: ver 2 0 (tinfo 0x91b96990)
07-03 17:55:01.919  1402  1439 D gralloc_ranchu: gralloc_alloc: Creating ashmem region of size 544768
07-03 17:55:01.950 14091 14126 I Finsky  : [1499] jen.run(3): Stats for Executor: BlockingExecutor jfw@30e4db0[Running, pool size = 0, active threads = 0, queued tasks = 0, completed tasks = 16]
07-03 17:55:01.954 14091 14126 I Finsky  : [1499] jen.run(3): Stats for Executor: LightweightExecutor jfw@ee2e429[Running, pool size = 2, active threads = 0, queued tasks = 0, completed tasks = 62]
07-03 17:55:01.996  1604  3883 I GnssLocationProvider: WakeLock acquired by sendMessage(SET_REQUEST, 0, com.android.server.location.GnssLocationProvider$GpsRequest@cb956b4)
07-03 17:55:02.027  1604  1617 I GnssLocationProvider: WakeLock released by handleMessage(SET_REQUEST, 0, com.android.server.location.GnssLocationProvider$GpsRequest@cb956b4)
07-03 17:55:02.113  1412  1428 E SurfaceFlinger: Failed to find layer (SurfaceView - net.osmand/net.osmand.plus.activities.MapActivity#0) in layer parent (no-parent).
07-03 17:55:02.115  1412  1667 E SurfaceFlinger: Failed to find layer (Background for - SurfaceView - net.osmand/net.osmand.plus.activities.MapActivity#0) in layer parent (no-parent).
07-03 17:55:02.187  1970  1970 I GeofencerStateMachine: sendNewLocationAvailability: availability=LocationAvailability[isLocationAvailable: true]
07-03 17:55:02.577  1707  1707 I Choreographer: Skipped 48 frames!  The application may be doing too much work on its main thread.
07-03 17:55:02.600  1402  1439 D gralloc_ranchu: gralloc_alloc: Creating ashmem region of size 544768
07-03 17:55:02.707  1402  1439 D gralloc_ranchu: gralloc_alloc: Creating ashmem region of size 274432
07-03 17:55:02.799  1707  1707 D StatusBar: disable<e i a s b h r c s q >
07-03 17:55:02.816  1707  1933 D EGL_emulation: eglMakeCurrent: 0x91a91b00: ver 2 0 (tinfo 0x91b96990)
07-03 17:55:02.830  1402  1439 D gralloc_ranchu: gralloc_alloc: Creating ashmem region of size 274432
07-03 17:55:02.916  1707  1707 W StatusBar/NavBarView: *** Invalid layout in navigation bar (sizeChanged this=1080x126 cur=1038x126)
07-03 17:55:03.212  1970 14855 E ctxmgr  : [WorkManager] Ongoing task not found: BaseProducer_write_to_store [CONTEXT service_id=47 ]
07-03 17:55:03.317  1604  1625 W WindowManager: App freeze timeout expired.
07-03 17:55:03.329 14091 14126 I Finsky  : [1499] jen.run(3): Stats for Executor: bgExecutor jfw@8d5d3ae[Running, pool size = 4, active threads = 0, queued tasks = 0, completed tasks = 31]
07-03 17:55:03.336  1402  1439 D gralloc_ranchu: gralloc_alloc: Creating ashmem region of size 274432
07-03 17:55:03.457  1707  1933 D EGL_emulation: eglMakeCurrent: 0x91a91b00: ver 2 0 (tinfo 0x91b96990)
07-03 17:55:03.471  1707  1707 W StatusBar: removeNotification for unknown key: 0|net.osmand|1005|null|10104
07-03 17:55:03.520  1604  6773 I GnssLocationProvider: WakeLock acquired by sendMessage(SET_REQUEST, 0, com.android.server.location.GnssLocationProvider$GpsRequest@1b36a55)
07-03 17:55:03.595  1604  1617 I GnssLocationProvider: WakeLock released by handleMessage(SET_REQUEST, 0, com.android.server.location.GnssLocationProvider$GpsRequest@1b36a55)
07-03 17:55:03.621  1707  1933 D EGL_emulation: eglMakeCurrent: 0x91a91b00: ver 2 0 (tinfo 0x91b96990)
07-03 17:55:03.690 14699 14725 I chatty  : uid=10104(net.osmand) RenderingBaseIm expire 14 lines
07-03 17:55:03.706  1402  1439 D gralloc_ranchu: gralloc_alloc: Creating ashmem region of size 8298496
07-03 17:55:03.737 14699 14724 I chatty  : uid=10104(net.osmand) Loader map obje expire 128 lines
07-03 17:55:03.859  1604  1682 D ConnectivityService: NetworkAgentInfo [MOBILE (GPRS) - 100] EVENT_NETWORK_INFO_CHANGED, going from CONNECTED to SUSPENDED
07-03 17:55:03.907  1604  1751 I Telecom : : Adding new incoming call with phoneAccountHandle ComponentInfo{com.android.phone/com.android.services.telephony.TelephonyConnectionService}, [****], UserHandle{0}: TSI.aNIC@MAM
07-03 17:55:03.925  1604  1751 I Telecom : PhoneAccountRegistrar: SimCallManager queried, returning: null: TSI.aNIC@MAM
07-03 17:55:03.957  1970  1970 I GeofencerStateMachine: sendNewLocationAvailability: availability=LocationAvailability[isLocationAvailable: true]
07-03 17:55:04.004  1604  6773 I WifiService: acquireWifiLock uid=10014 lockMode=2
07-03 17:55:04.086  1604  1751 I Telecom : LogUtils: EventRecord added as Call: [TC@10, NEW, null, tel:****, A, childs(0), has_parent(false), [Capabilities:], [Properties:]]: TSI.aNIC@MAM
07-03 17:55:04.088  1604  1751 I Telecom : Event: RecordEntry TC@10: CREATED, null: TSI.aNIC@MAM
07-03 17:55:04.122  1604  1751 I Telecom : PhoneAccountRegistrar: SimCallManager queried, returning: null: TSI.aNIC@MAM
07-03 17:55:04.123  1604  1751 I Telecom : CreateConnectionProcessor: Trying attempt CallAttemptRecord(ComponentInfo{com.android.phone/com.android.services.telephony.TelephonyConnectionService}, [****], UserHandle{0},ComponentInfo{com.android.phone/com.android.services.telephony.TelephonyConnectionService}, [****], UserHandle{0}): TSI.aNIC@MAM
07-03 17:55:04.124  1604  1751 I Telecom : Event: RecordEntry TC@10: BIND_CS, ComponentInfo{com.android.phone/com.android.services.telephony.TelephonyConnectionService}: TSI.aNIC@MAM
07-03 17:55:04.147  1604  1604 I Telecom : TelecomSystem: CallerInfoAsyncQuery.startQuery number=[****] cookie=TSI.aNIC->CILH.sL->CILH.sL@MAM: TSI.aNIC->CILH.sL@MAM
07-03 17:55:04.255 14699 14709 I chatty  : uid=10104(net.osmand) HeapTaskDaemon expire 3 lines
07-03 17:55:04.275  1604  2957 I ActivityManager: Start proc 14937:android.process.acore/u0a2 for content provider com.android.providers.contacts/.ContactsProvider2
07-03 17:55:04.289 14937 14937 W zygote  : Unexpected CPU variant for X86 using defaults: x86
07-03 17:55:04.338  1604  1604 I Telecom : ServiceBinderConnection: Service bound ComponentInfo{com.android.phone/com.android.services.telephony.TelephonyConnectionService}: SBC.oSC@MAQ
07-03 17:55:04.338  1604  1604 I Telecom : Event: RecordEntry TC@10: CS_BOUND, ComponentInfo{com.android.phone/com.android.services.telephony.TelephonyConnectionService}: SBC.oSC@MAQ
07-03 17:55:04.493 14699 14735 I chatty  : uid=10104(net.osmand) RenderThread expire 1 line
07-03 17:55:04.541  1402  1439 D gralloc_ranchu: gralloc_alloc: Creating ashmem region of size 8298496
07-03 17:55:04.547  1604  1604 I Telecom : Event: RecordEntry TC@10: START_CONNECTION, tel:****: SBC.oSC@MAQ
07-03 17:55:04.567 14937 14937 I zygote  : The ClassLoaderContext is a special shared library.
07-03 17:55:04.580  1604  4621 I Telecom : PhoneAccountRegistrar: SimCallManager queried, returning: null: (...->CS.aCSA->H.CS.aCSA)->CSW.qRCS@E-E-MAQ
07-03 17:55:04.583  1402  1439 D gralloc_ranchu: gralloc_alloc: Creating ashmem region of size 3878912
07-03 17:55:04.583  1836  1836 I Telephony: TelephonyConnectionService: onCreateIncomingConnection, request: ConnectionRequest xxxxxxxx Bundle[mParcelledData.dataSize=472]: (SBC.oSC)->CS.crCo->H.CS.crCo->H.CS.crCo.pICR@E-MAQ
07-03 17:55:04.627 14937 14948 I zygote  : Background concurrent copying GC freed 5216(2MB) AllocSpace objects, 0(0B) LOS objects, 62% free, 918KB/2MB, paused 18.339ms total 233.111ms
07-03 17:55:04.650  1604  4621 I Telecom : Event: RecordEntry TC@10: CAPABILITY_CHANGE, Current: [[ sup_hld mut !v2a spd_aud]], Removed [[]], Added [[ sup_hld mut !v2a spd_aud]]: (...->CS.crCo->H.CS.crCo->H.CS.crCo.pICR)->CSW.hCCC@E-E-MAQ
07-03 17:55:04.650  1604  4621 I Telecom : Event: RecordEntry TC@10: FILTERING_INITIATED, null: (...->CS.crCo->H.CS.crCo->H.CS.crCo.pICR)->CSW.hCCC@E-E-MAQ
07-03 17:55:04.651  1604  4621 I Telecom : Event: RecordEntry TC@10: DIRECT_TO_VM_INITIATED, null: (...->CS.crCo->H.CS.crCo->H.CS.crCo.pICR)->CSW.hCCC@E-E-MAQ
07-03 17:55:04.651  1604  4621 I Telecom : CallerInfoLookupHelper: There is a previously incomplete query for handle tel:****. Adding to listeners for this query.: (...->CS.crCo->H.CS.crCo->H.CS.crCo.pICR)->CSW.hCCC@E-E-MAQ
07-03 17:55:04.651  1604  4621 I Telecom : Event: RecordEntry TC@10: SCREENING_SENT, null: (...->CS.crCo->H.CS.crCo->H.CS.crCo.pICR)->CSW.hCCC@E-E-MAQ
07-03 17:55:04.652  1604 14916 I Telecom : Event: RecordEntry TC@10: BLOCK_CHECK_INITIATED, null: (...->CS.crCo->H.CS.crCo->H.CS.crCo.pICR)->CSW.hCCC->ABCF.dIB@E-E-MAQ
07-03 17:55:04.653  1604  1651 I WindowManager: Screen frozen for +3s442ms due to Window{90d56d1 u0 net.osmand/net.osmand.plus.activities.MapActivity}
07-03 17:55:04.654  1604  4621 I Telecom : CallScreeningServiceFilter: There are no call screening services installed on this device.: (...->CS.crCo->H.CS.crCo->H.CS.crCo.pICR)->CSW.hCCC@E-E-MAQ
07-03 17:55:04.654  1604  4621 I Telecom : CallScreeningServiceFilter: Could not bind to call screening service: (...->CS.crCo->H.CS.crCo->H.CS.crCo.pICR)->CSW.hCCC@E-E-MAQ
07-03 17:55:04.655  1604  4621 I Telecom : Event: RecordEntry TC@10: SCREENING_COMPLETED, [Allow, logged, notified]: (...->CS.crCo->H.CS.crCo->H.CS.crCo.pICR)->CSW.hCCC@E-E-MAQ
07-03 17:55:04.656  1836  1836 I Telephony: TelephonyConnectionService: notifyCreateConnectionComplete TC@10_1: (...->CSW.hCCC)->CS.crCoC->H.CS.crCoC@E-E-E-MAQ
07-03 17:55:04.684  1412  1412 D SurfaceFlinger: duplicate layer name: changing BlackSurface to BlackSurface#1
07-03 17:55:04.691  1412  1412 D SurfaceFlinger: duplicate layer name: changing BlackSurface to BlackSurface#1
07-03 17:55:04.917  1604  1615 I WifiService: releaseWifiLock uid=10014
07-03 17:55:05.156 14937 14937 I ContactsPerf: VoicemailContentProvider.onCreate start
07-03 17:55:05.220 14937 14937 I ContactsPerf: VoicemailContentProvider.onCreate finish
07-03 17:55:05.267 14937 14937 I zygote  : The ClassLoaderContext is a special shared library.
07-03 17:55:05.293  1402  1439 D gralloc_ranchu: gralloc_alloc: Creating ashmem region of size 8298496
07-03 17:55:05.317 14937 14955 D ContactsDatabaseHelper: WAL enabled for contacts2.db: true
07-03 17:55:05.398 14937 14937 I zygote  : The ClassLoaderContext is a special shared library.
07-03 17:55:05.607  1402  1439 D gralloc_ranchu: gralloc_alloc: Creating ashmem region of size 3878912
07-03 17:55:05.846  1402  1439 D gralloc_ranchu: gralloc_alloc: Creating ashmem region of size 3878912
07-03 17:55:05.912 14937 14955 I ContactLocale: AddressBook Labels [[en_US]]: [â€¦, A, B, C, D, E, F, G, H, I, J, K, L, M, N, O, P, Q, R, S, T, U, V, W, X, Y, Z, Î‘, Î’, Î“, Î”, Î•, Î–, Î—, Î˜, Î™, Îš, Î›, Îœ, Î?, Îž, ÎŸ, Î , Î¡, Î£, Î¤, Î¥, Î¦, Î§, Î¨, Î©, â€¦, Ð?, Ð‘, Ð’, Ð“, Ð”, Ð‚, Ð•, Ð„, Ð–, Ð—, Ð˜, Ð†, Ð™, Ðˆ, Ðš, Ð›, Ð‰, Ðœ, Ð?, ÐŠ, Ðž, ÐŸ, Ð , Ð¡, Ð¢, Ð‹, Ð£, Ð¤, Ð¥, Ð¦, Ð§, Ð?, Ð¨, Ð©, Ð®, Ð¯, â€¦, ×?, ×‘, ×’, ×“, ×”, ×•, ×–, ×—, ×˜, ×™, ×›, ×œ, ×ž, × , ×¡, ×¢, ×¤, ×¦, ×§, ×¨, ×©, ×ª, â€¦, Ø§, Ø¨, Øª, Ø«, Ø¬, Ø­, Ø®, Ø¯, Ø°, Ø±, Ø², Ø³, Ø´, Øµ, Ø¶, Ø·, Ø¸, Ø¹, Øº, Ù?, Ù‚, Ùƒ, Ù„, Ù…, Ù†, Ù‡, Ùˆ, ÙŠ, â€¦, à¸?, à¸‚, à¸ƒ, à¸„, à¸…, à¸†, à¸‡, à¸ˆ, à¸‰, à¸Š, à¸‹, à¸Œ, à¸?, à¸Ž, à¸?, à¸?, à¸‘, à¸’, à¸“, à¸”, à¸•, à¸–, à¸—, à¸˜, à¸™, à¸š, à¸›, à¸œ, à¸?, à¸ž, à¸Ÿ, à¸ , à¸¡, à¸¢, à¸£, à¸¤, à¸¥, à¸¦, à¸§, à¸¨, à¸©, à¸ª, à¸«, à¸¬, à¸­, à¸®, â€¦, ã„±, ã„´, ã„·, ã„¹, ã…?, ã…‚, ã……, ã…‡, ã…ˆ, ã…Š, ã…‹, ã…Œ, ã…?, ã…Ž, â€¦, ã?‚, ã?‹, ã?•, ã?Ÿ, ã?ª, ã?¯, ã?¾, ã‚„, ã‚‰, ã‚?, #, â€¦]
07-03 17:55:06.173  1412  1412 W SurfaceFlinger: couldn't log to binary event log: overflow.
07-03 17:55:06.211 14937 14955 D ContactsDatabaseHelper: WAL enabled for profile.db: false
07-03 17:55:06.699  1604  1625 I zygote  : Waiting for a blocking GC Explicit
07-03 17:55:06.831 10677 13889 I PBSessionCacheImpl: Deleted sessionId[8399397925874] from persistence.
07-03 17:55:06.900  1604  4621 I WifiService: getWifiEnabledState uid=10032
07-03 17:55:06.926 10677 10711 W SearchServiceCore: Abort, client detached.
07-03 17:55:07.364  1604  1604 I Telecom : CallerInfoLookupHelper: CI query for handle tel:**** has completed; notifying all listeners.: TSI.aNIC->CILH.sL->CILH.oQC@MAM
07-03 17:55:07.364  1604  1604 I Telecom : Call: CallerInfo received for tel:****: com.android.internal.telephony.CallerInfo@bdd58c3 { name null, phoneNumber non-null }: TSI.aNIC->CILH.sL->CILH.oQC@MAM
07-03 17:55:07.365  1604  1604 I Telecom : Event: RecordEntry TC@10: DIRECT_TO_VM_FINISHED, [Allow, logged, notified]: TSI.aNIC->CILH.sL->CILH.oQC@MAM
07-03 17:55:07.365  1604  1604 I Telecom : CallerInfoLookupHelper: There is no photo for this contact, skipping photo query: TSI.aNIC->CILH.sL->CILH.oQC@MAM
07-03 17:55:07.552  1604  1604 I Telecom : Event: RecordEntry TC@10: BLOCK_CHECK_FINISHED, [Allow, logged, notified]: (...->CS.crCo->H.CS.crCo->H.CS.crCo.pICR)->CSW.hCCC->ABCF.oPE@E-E-MAQ
07-03 17:55:07.553  1604  1604 I Telecom : Event: RecordEntry TC@10: FILTERING_COMPLETED, [Allow, logged, notified]: (...->CS.crCo->H.CS.crCo->H.CS.crCo.pICR)->CSW.hCCC->ABCF.oPE->ICF.oCFC@E-E-MAQ
07-03 17:55:07.556  1604  1604 I Telecom : CallsManager: setCallState NEW -> RINGING, call: [TC@10, NEW, com.android.phone/com.android.services.telephony.TelephonyConnectionService, tel:****, A, childs(0), has_parent(false), [Capabilities: CAPABILITY_SUPPORT_HOLD CAPABILITY_MUTE CAPABILITY_CANNOT_DOWNGRADE_VIDEO_TO_AUDIO CAPABILITY_SPEED_UP_MT_AUDIO], [Properties:]]: (...->CS.crCo->H.CS.crCo->H.CS.crCo.pICR)->CSW.hCCC->ABCF.oPE->ICF.oCFC@E-E-MAQ
07-03 17:55:07.566  1604  1604 I Telecom : Event: RecordEntry TC@10: SET_RINGING, successful incoming call: (...->CS.crCo->H.CS.crCo->H.CS.crCo.pICR)->CSW.hCCC->ABCF.oPE->ICF.oCFC@E-E-MAQ
07-03 17:55:07.572  1604  1604 I Telecom : InCallController: onCallAdded: [TC@10, RINGING, com.android.phone/com.android.services.telephony.TelephonyConnectionService, tel:****, A, childs(0), has_parent(false), [Capabilities: CAPABILITY_SUPPORT_HOLD CAPABILITY_MUTE CAPABILITY_CANNOT_DOWNGRADE_VIDEO_TO_AUDIO CAPABILITY_SPEED_UP_MT_AUDIO], [Properties:]]; not bound or connected.: (...->CS.crCo->H.CS.crCo->H.CS.crCo.pICR)->CSW.hCCC->ABCF.oPE->ICF.oCFC@E-E-MAQ
07-03 17:55:07.572  1604  1604 I Telecom : InCallController: defaultDialer: null: (...->CS.crCo->H.CS.crCo->H.CS.crCo.pICR)->CSW.hCCC->ABCF.oPE->ICF.oCFC@E-E-MAQ
07-03 17:55:07.572  1604  1604 I Telecom : InCallController: defaultDialer: null: (...->CS.crCo->H.CS.crCo->H.CS.crCo.pICR)->CSW.hCCC->ABCF.oPE->ICF.oCFC@E-E-MAQ
07-03 17:55:07.573  1604  1604 I Telecom : CarSwappingInCallServiceConnection: carmodechange: false => false: (...->CS.crCo->H.CS.crCo->H.CS.crCo.pICR)->CSW.hCCC->ABCF.oPE->ICF.oCFC@E-E-MAQ
07-03 17:55:07.574  1604  1604 I Telecom : EmergencyCallHelper: ShouldGrantTemporaryLocationPermission, not emergency: (...->CS.crCo->H.CS.crCo->H.CS.crCo.pICR)->CSW.hCCC->ABCF.oPE->ICF.oCFC@E-E-MAQ
07-03 17:55:07.574  1604  1604 I Telecom : EmergencyInCallServiceConnection: Attempting to bind to InCall [ComponentInfo{com.google.android.dialer/com.android.incallui.InCallServiceImpl} supportsExternal? true supportsSelfMg?false], with Intent { act=android.telecom.InCallService cmp=com.google.android.dialer/com.android.incallui.InCallServiceImpl }: (...->CS.crCo->H.CS.crCo->H.CS.crCo.pICR)->CSW.hCCC->ABCF.oPE->ICF.oCFC@E-E-MAQ
07-03 17:55:07.596  1604  1604 I ActivityManager: Start proc 14962:com.google.android.dialer/u0a20 for service com.google.android.dialer/com.android.incallui.InCallServiceImpl
07-03 17:55:07.602  1604  1604 I Telecom : IncomingCallNotifier: updateIncomingCall: foundIncomingcall = null: (...->CS.crCo->H.CS.crCo->H.CS.crCo.pICR)->CSW.hCCC->ABCF.oPE->ICF.oCFC@E-E-MAQ
07-03 17:55:07.605 14962 14962 W zygote  : Unexpected CPU variant for X86 using defaults: x86
07-03 17:55:07.607  1604  1604 I Telecom : TelecomWakeLock: Acquiring WakeLock with id: 26: (...->CS.crCo->H.CS.crCo->H.CS.crCo.pICR)->CSW.hCCC->ABCF.oPE->ICF.oCFC@E-E-MAQ
07-03 17:55:07.608  1604  1604 I Telecom : InCallWakeLockController: Acquiring full wake lock: (...->CS.crCo->H.CS.crCo->H.CS.crCo.pICR)->CSW.hCCC->ABCF.oPE->ICF.oCFC@E-E-MAQ
07-03 17:55:07.609  1604  1618 W BroadcastQueue: Permission Denial: receiving Intent { act=android.intent.action.PHONE_STATE flg=0x1000010 (has extras) } to ProcessRecord{41e6ad0 2383:com.mapfactor.navigator:Notifications/u0a88} (pid=2383, uid=10088) requires android.permission.READ_PRIVILEGED_PHONE_STATE due to sender android (uid 1000)
07-03 17:55:07.610  1604  1618 W BroadcastQueue: Permission Denial: receiving Intent { act=android.intent.action.PHONE_STATE flg=0x1000010 (has extras) } to ProcessRecord{b1e94bf 1707:com.android.systemui/u0a29} (pid=1707, uid=10029) requires android.permission.READ_PHONE_STATE due to sender android (uid 1000)
07-03 17:55:07.611  1604  1604 I Telecom : PhoneStateBroadcaster: Broadcasted state change: 1: (...->CS.crCo->H.CS.crCo->H.CS.crCo.pICR)->CSW.hCCC->ABCF.oPE->ICF.oCFC@E-E-MAQ
07-03 17:55:07.611  1604  1894 I Telecom : CallAudioRouteStateMachine: Message received: UPDATE_SYSTEM_AUDIO_ROUTE=1201, arg1=0: (...->CS.crCo->H.CS.crCo->H.CS.crCo.pICR)->CSW.hCCC->ABCF.oPE->ICF.oCFC->CARSM.pM_UPDATE_SYSTEM_AUDIO_ROUTE@E-E-MAQ
07-03 17:55:07.614  1604  1894 I Telecom : CallAudioRouteStateMachine: setSystemAudioState: changing from [AudioState isMuted: false, route: EARPIECE, supportedRouteMask: EARPIECE, SPEAKER] to [AudioState isMuted: false, route: EARPIECE, supportedRouteMask: EARPIECE, SPEAKER]: (...->CS.crCo->H.CS.crCo->H.CS.crCo.pICR)->CSW.hCCC->ABCF.oPE->ICF.oCFC->CARSM.pM_UPDATE_SYSTEM_AUDIO_ROUTE@E-E-MAQ
07-03 17:55:07.614  1604  1901 I Telecom : CallAudioModeStateMachine: Message received: NEW_RINGING_CALL.: (...->CS.crCo->H.CS.crCo->H.CS.crCo.pICR)->CSW.hCCC->ABCF.oPE->ICF.oCFC->CAMSM.pM_2002@E-E-MAQ
07-03 17:55:07.614  1604  1901 I Telecom : CallAudioModeStateMachine: Audio focus entering RINGING state: (...->CS.crCo->H.CS.crCo->H.CS.crCo.pICR)->CSW.hCCC->ABCF.oPE->ICF.oCFC->CAMSM.pM_2002@E-E-MAQ
07-03 17:55:07.618  1604 14961 W ContextImpl: Failed to ensure /data/user_de/0/com.android.phone/shared_prefs: mkdir failed: EACCES (Permission denied)
07-03 17:55:07.622  1604  5299 I AudioTrack: AUDIO_OUTPUT_FLAG_FAST successful; frameCount 1440 -> 1440
07-03 17:55:07.622  1604  5299 D AudioTrack: Client defaulted notificationFrames to 720 for frameCount 1440
07-03 17:55:07.623  1604  1604 D MediaSessionService: Global priority session is updated, active=true
07-03 17:55:07.623  1604  1604 D GpsNetInitiatedHandler: onCallStateChanged(): state is 1
07-03 17:55:07.757  1604  1901 W Binder  : Outgoing transactions from this process must be FLAG_ONEWAY
07-03 17:55:07.757  1604  1901 W Binder  : java.lang.Throwable
07-03 17:55:07.757  1604  1901 W Binder  : 	at android.os.BinderProxy.transact(Binder.java:752)
07-03 17:55:07.757  1604  1901 W Binder  : 	at android.content.ContentProviderProxy.openTypedAssetFile(ContentProviderNative.java:696)
07-03 17:55:07.757  1604  1901 W Binder  : 	at android.content.ContentResolver.openTypedAssetFileDescriptor(ContentResolver.java:1410)
07-03 17:55:07.757  1604  1901 W Binder  : 	at android.content.ContentResolver.openAssetFileDescriptor(ContentResolver.java:1247)
07-03 17:55:07.757  1604  1901 W Binder  : 	at android.content.ContentResolver.openAssetFileDescriptor(ContentResolver.java:1170)
07-03 17:55:07.757  1604  1901 W Binder  : 	at android.media.MediaPlayer.attemptDataSource(MediaPlayer.java:1103)
07-03 17:55:07.757  1604  1901 W Binder  : 	at android.media.MediaPlayer.setDataSource(MediaPlayer.java:1075)
07-03 17:55:07.757  1604  1901 W Binder  : 	at android.media.MediaPlayer.setDataSource(MediaPlayer.java:1003)
07-03 17:55:07.757  1604  1901 W Binder  : 	at android.media.Ringtone.setUri(Ringtone.java:297)
07-03 17:55:07.757  1604  1901 W Binder  : 	at android.media.RingtoneManager.getRingtone(RingtoneManager.java:740)
07-03 17:55:07.757  1604  1901 W Binder  : 	at android.media.RingtoneManager.getRingtone(RingtoneManager.java:719)
07-03 17:55:07.757  1604  1901 W Binder  : 	at com.android.server.telecom.RingtoneFactory.getRingtone(RingtoneFactory.java:81)
07-03 17:55:07.757  1604  1901 W Binder  : 	at com.android.server.telecom.Ringer.startRinging(Ringer.java:124)
07-03 17:55:07.757  1604  1901 W Binder  : 	at com.android.server.telecom.CallAudioManager.startRinging(CallAudioManager.java:430)
07-03 17:55:07.757  1604  1901 W Binder  : 	at com.android.server.telecom.CallAudioModeStateMachine$RingingFocusState.enter(CallAudioModeStateMachine.java:208)
07-03 17:55:07.757  1604  1901 W Binder  : 	at com.android.internal.util.StateMachine$SmHandler.invokeEnterMethods(StateMachine.java:1037)
07-03 17:55:07.757  1604  1901 W Binder  : 	at com.android.internal.util.StateMachine$SmHandler.performTransitions(StateMachine.java:879)
07-03 17:55:07.757  1604  1901 W Binder  : 	at com.android.internal.util.StateMachine$SmHandler.handleMessage(StateMachine.java:819)
07-03 17:55:07.757  1604  1901 W Binder  : 	at android.os.Handler.dispatchMessage(Handler.java:106)
07-03 17:55:07.757  1604  1901 W Binder  : 	at android.os.Looper.loop(Looper.java:164)
07-03 17:55:07.757  1604  1901 W Binder  : 	at android.os.HandlerThread.run(HandlerThread.java:65)
07-03 17:55:07.836 14962 14974 I zygote  : Background concurrent copying GC freed 5219(2MB) AllocSpace objects, 0(0B) LOS objects, 61% free, 964KB/2MB, paused 4.251ms total 112.230ms
07-03 17:55:07.863  1604  6773 W ActivityManager: Slow operation: 81ms so far, now at attachApplicationLocked: after mServices.attachApplicationLocked
07-03 17:55:07.866  1604  1619 W Looper  : Dispatch took 154ms on android.ui, h=Handler (com.android.server.am.ActivityManagerService$UiHandler) {63b7718} cb=null msg=53
07-03 17:55:07.877 14962 14962 W System  : ClassLoader referenced unknown path: /system/framework/com.google.android.dialer.support.jar
07-03 17:55:07.926 14962 14962 I zygote  : The ClassLoaderContext is a special shared library.
07-03 17:55:07.933  1485  1556 D NuPlayerDriver: NuPlayerDriver(0xae5141c0) created, clientPid(1604)
07-03 17:55:08.042  1485 14980 D GenericSource: FileSource remote
07-03 17:55:08.129  1485 14978 D NuPlayerDriver: notifyListener_l(0xae5141c0), (1, 0, 0, -1), loop setting(0, 0)
07-03 17:55:08.168  1604  1901 D Ringtone: Successfully created local player
07-03 17:55:08.168  1604  1901 W Ringtone: Use of stream types is deprecated for operations other than volume control
07-03 17:55:08.168  1604  1901 W Ringtone: See the documentation of setStreamType() for what to use instead with android.media.AudioAttributes to qualify your playback use case
07-03 17:55:08.169  1485  1556 D NuPlayerDriver: reset(0xae5141c0) at state 4
07-03 17:55:08.169  1485  1556 D NuPlayerDriver: notifyListener_l(0xae5141c0), (8, 0, 0, -1), loop setting(1, 0)
07-03 17:55:08.171  1485 14978 D NuPlayerDriver: notifyResetComplete(0xae5141c0)
07-03 17:55:08.176  1485  1556 D NuPlayerDriver: reset(0xae5141c0) at state 0
07-03 17:55:08.178  1604  1901 V MediaPlayer: resetDrmState:  mDrmInfo=null mDrmProvisioningThread=null mPrepareDrmInProgress=false mActiveDrmScheme=false
