07-01 17:06:04.268  1604  1611 W JavaBinder: BinderProxy is being destroyed but the application did not call unlinkToDeath to unlink all of its death recipients beforehand.  Releasing leaked death recipient: com.android.server.telecom.ServiceBinder$ServiceDeathRecipient
07-01 17:06:12.784  1604  1853 I WifiService: acquireWifiLock uid=10014 lockMode=2
07-01 17:06:15.764  1604  1853 D WificondControl: Scan result ready event
07-01 17:06:15.811  1604  4624 I WifiService: releaseWifiLock uid=10014
07-01 17:06:33.806  1604  4624 I WifiService: acquireWifiLock uid=10014 lockMode=2
07-01 17:06:33.840  1970  1970 I GeofencerStateMachine: sendNewTransitions called.
07-01 17:06:33.862  1604  1853 I WifiService: releaseWifiLock uid=10014
07-01 17:06:36.765  1604  4624 D WificondControl: Scan result ready event
07-01 17:06:40.977 20345 20362 I Finsky  : [779] imb.run(3): Stats for Executor: BlockingExecutor ink@ee2e429[Running, pool size = 0, active threads = 0, queued tasks = 0, completed tasks = 13]
07-01 17:06:40.977 20345 20362 I Finsky  : [779] imb.run(3): Stats for Executor: LightweightExecutor ink@8d5d3ae[Running, pool size = 2, active threads = 0, queued tasks = 0, completed tasks = 63]
07-01 17:06:42.445 20345 20362 I Finsky  : [779] imb.run(3): Stats for Executor: bgExecutor ink@1e554f[Running, pool size = 4, active threads = 0, queued tasks = 0, completed tasks = 54]
07-01 17:06:48.636  1410  1410 I boot-pipe: done populating /dev/random
07-01 17:06:53.814  1604  4624 I WifiService: acquireWifiLock uid=10014 lockMode=2
07-01 17:06:53.820  1604  1617 E memtrack: Couldn't load memtrack module
07-01 17:06:53.821  1604  1617 W android.os.Debug: failed to get memory consumption info: -1
07-01 17:06:53.865  1604  1614 I WifiService: releaseWifiLock uid=10014
07-01 17:06:53.903  1604  1617 E memtrack: Couldn't load memtrack module
07-01 17:06:53.903  1604  1617 W android.os.Debug: failed to get memory consumption info: -1
07-01 17:07:00.025  1403  1418 D hwcomposer: hw_composer sent 30 syncs in 109s
07-01 17:07:13.820  1604  4624 I WifiService: acquireWifiLock uid=10014 lockMode=2
07-01 17:07:16.793  1604  4624 D WificondControl: Scan result ready event
07-01 17:07:16.835  1970  1970 I GeofencerStateMachine: sendNewTransitions called.
07-01 17:07:16.841  1604  1853 I WifiService: releaseWifiLock uid=10014
07-01 17:07:34.826  1604  1617 E memtrack: Couldn't load memtrack module
07-01 17:07:34.826  1604  1617 W android.os.Debug: failed to get memory consumption info: -1
07-01 17:07:34.850  1604  1853 I WifiService: acquireWifiLock uid=10014 lockMode=2
07-01 17:07:34.919  1604  1853 I WifiService: releaseWifiLock uid=10014
07-01 17:07:34.942  1604  1617 E memtrack: Couldn't load memtrack module
07-01 17:07:34.942  1604  1617 W android.os.Debug: failed to get memory consumption info: -1
07-01 17:07:35.050  2180 21895 I TelephonySpam: TelephonySpamChimeraService - Running Telephony Spam Chimera Service
07-01 17:07:35.170  1970  2339 I GeofencerStateMachine: addGeofences called by com.google.android.apps.maps
07-01 17:07:35.230  1604  1853 I WifiService: getWifiEnabledState uid=10062
07-01 17:07:35.349  1970  1970 I GeofencerStateMachine: sendNewLocationAvailability: availability=LocationAvailability[isLocationAvailable: true]
07-01 17:07:35.359  1970  1970 I GeofencerStateMachine: sendNewLocationAvailability: availability=LocationAvailability[isLocationAvailable: true]
07-01 17:07:35.423  2180 21895 I EventLogChimeraService: Aggregate from 1562013926994 (log), 1562013926994 (data)
07-01 17:07:35.591  1604  1618 W BroadcastQueue: Background execution not allowed: receiving Intent { act=android.intent.action.DROPBOX_ENTRY_ADDED flg=0x10 (has extras) } to com.google.android.gms/.stats.service.DropBoxEntryAddedReceiver
07-01 17:07:35.592  1604  1618 W BroadcastQueue: Background execution not allowed: receiving Intent { act=android.intent.action.DROPBOX_ENTRY_ADDED flg=0x10 (has extras) } to com.google.android.gms/.chimera.GmsIntentOperationService$PersistentTrustedReceiver
07-01 17:07:35.900  1604  1613 I zygote  : Background concurrent copying GC freed 40538(1867KB) AllocSpace objects, 0(0B) LOS objects, 14% free, 35MB/41MB, paused 1.409ms total 296.458ms
07-01 17:07:48.638  1410  1410 I boot-pipe: done populating /dev/random
07-01 17:07:54.859  1604  1614 I WifiService: acquireWifiLock uid=10014 lockMode=2
07-01 17:07:54.870  1604  1617 E memtrack: Couldn't load memtrack module
07-01 17:07:54.870  1604  1617 W android.os.Debug: failed to get memory consumption info: -1
07-01 17:07:57.834  1604  4624 D WificondControl: Scan result ready event
07-01 17:07:57.878  1970  1970 I GeofencerStateMachine: sendNewTransitions called.
07-01 17:07:57.902  1604  1853 I WifiService: releaseWifiLock uid=10014
07-01 17:08:00.015  1403  1418 D hwcomposer: hw_composer sent 6 syncs in 60s
07-01 17:08:02.403  1604  1617 E memtrack: Couldn't load memtrack module
07-01 17:08:02.403  1604  1617 W android.os.Debug: failed to get memory consumption info: -1
07-01 17:08:14.870  1604  1614 I WifiService: acquireWifiLock uid=10014 lockMode=2
07-01 17:08:14.884  1604  1617 E memtrack: Couldn't load memtrack module
07-01 17:08:14.884  1604  1617 W android.os.Debug: failed to get memory consumption info: -1
07-01 17:08:14.934  1604  4624 I WifiService: releaseWifiLock uid=10014
07-01 17:08:14.969  1604  1617 E memtrack: Couldn't load memtrack module
07-01 17:08:14.969  1604  1617 W android.os.Debug: failed to get memory consumption info: -1
07-01 17:08:35.890  1604  3574 I WifiService: acquireWifiLock uid=10014 lockMode=2
07-01 17:08:38.863  1604  1614 D WificondControl: Scan result ready event
07-01 17:08:38.899  1970  1970 I GeofencerStateMachine: sendNewTransitions called.
07-01 17:08:38.917  1604  4624 I WifiService: releaseWifiLock uid=10014
07-01 17:08:38.938  1970  1970 I GeofencerStateMachine: sendNewTransitions called.
07-01 17:08:38.946  1970  1970 I GeofencerStateMachine: sendNewLocationAvailability: availability=LocationAvailability[isLocationAvailable: true]
07-01 17:08:38.983  1970  1970 I GeofencerStateMachine: sendNewLocationAvailability: availability=LocationAvailability[isLocationAvailable: true]
07-01 17:08:48.640  1410  1410 I boot-pipe: done populating /dev/random
07-01 17:08:55.896  1604  1614 I WifiService: acquireWifiLock uid=10014 lockMode=2
07-01 17:08:55.905  1604  1617 E memtrack: Couldn't load memtrack module
07-01 17:08:55.905  1604  1617 W android.os.Debug: failed to get memory consumption info: -1
07-01 17:08:55.957  1604  1853 I WifiService: releaseWifiLock uid=10014
07-01 17:08:55.995  1604  1617 E memtrack: Couldn't load memtrack module
07-01 17:08:55.995  1604  1617 W android.os.Debug: failed to get memory consumption info: -1
07-01 17:09:00.009  1604  1617 E memtrack: Couldn't load memtrack module
07-01 17:09:00.009  1604  1617 W android.os.Debug: failed to get memory consumption info: -1
07-01 17:09:00.038  1403  1418 D hwcomposer: hw_composer sent 6 syncs in 60s
07-01 17:09:15.907  1604  3574 I WifiService: acquireWifiLock uid=10014 lockMode=2
07-01 17:09:18.873  1604  3574 D WificondControl: Scan result ready event
07-01 17:09:18.905  1970  1970 I GeofencerStateMachine: sendNewTransitions called.
07-01 17:09:18.923  1604  3574 I WifiService: releaseWifiLock uid=10014
07-01 17:09:31.018  1604  1621 E BatteryExternalStatsWorker: modem info is invalid: ModemActivityInfo{ mTimestamp=0 mSleepTimeMs=0 mIdleTimeMs=0 mTxTimeMs[]=[0, 0, 0, 0, 0] mRxTimeMs=0 mEnergyUsed=0}
07-01 17:09:33.653 18156 18166 I zygote  : Background concurrent copying GC freed 224983(6MB) AllocSpace objects, 0(0B) LOS objects, 19% free, 25MB/31MB, paused 737us total 164.970ms
07-01 17:09:36.926  1604  1614 I WifiService: acquireWifiLock uid=10014 lockMode=2
07-01 17:09:36.965  1604  1853 I WifiService: releaseWifiLock uid=10014
07-01 17:09:39.883  1604  1853 D WificondControl: Scan result ready event
07-01 17:09:40.978 20345 20362 I Finsky  : [779] imb.run(3): Stats for Executor: BlockingExecutor ink@ee2e429[Running, pool size = 0, active threads = 0, queued tasks = 0, completed tasks = 13]
07-01 17:09:40.978 20345 20362 I Finsky  : [779] imb.run(3): Stats for Executor: LightweightExecutor ink@8d5d3ae[Running, pool size = 2, active threads = 0, queued tasks = 0, completed tasks = 63]
07-01 17:09:42.447 20345 20362 I Finsky  : [779] imb.run(3): Stats for Executor: bgExecutor ink@1e554f[Running, pool size = 4, active threads = 0, queued tasks = 0, completed tasks = 55]
07-01 17:09:48.642  1410  1410 I boot-pipe: done populating /dev/random
07-01 17:09:56.935  1604  4624 I WifiService: acquireWifiLock uid=10014 lockMode=2
07-01 17:09:56.944  1604  1617 E memtrack: Couldn't load memtrack module
07-01 17:09:56.944  1604  1617 W android.os.Debug: failed to get memory consumption info: -1
07-01 17:09:56.980  1970  1970 I GeofencerStateMachine: sendNewTransitions called.
07-01 17:09:57.019  1604  2170 I WifiService: releaseWifiLock uid=10014
07-01 17:09:57.255  1604  1613 I zygote  : Background concurrent copying GC freed 52561(2MB) AllocSpace objects, 0(0B) LOS objects, 14% free, 36MB/42MB, paused 931us total 284.457ms
07-01 17:10:00.017  1403  1418 D hwcomposer: hw_composer sent 6 syncs in 60s
07-01 17:10:12.049  1604  1621 I WifiService: requestActivityInfo uid=1000
07-01 17:10:12.049  1604  1621 I WifiService: reportActivityInfo uid=1000
07-01 17:10:12.049  1604  1621 I WifiService: getSupportedFeatures uid=1000
07-01 17:10:12.066  1604  1621 E BluetoothAdapter: Bluetooth binder is null
07-01 17:10:12.075  1604  1621 E KernelCpuSpeedReader: Failed to read cpu-freq: /sys/devices/system/cpu/cpu0/cpufreq/stats/time_in_state (No such file or directory)
07-01 17:10:12.081  1604  1621 E BatteryExternalStatsWorker: modem info is invalid: ModemActivityInfo{ mTimestamp=0 mSleepTimeMs=0 mIdleTimeMs=0 mTxTimeMs[]=[0, 0, 0, 0, 0] mRxTimeMs=0 mEnergyUsed=0}
07-01 17:10:16.945  1604  2170 I WifiService: acquireWifiLock uid=10014 lockMode=2
07-01 17:10:16.952  1604  1617 E memtrack: Couldn't load memtrack module
07-01 17:10:16.953  1604  1617 W android.os.Debug: failed to get memory consumption info: -1
07-01 17:10:19.914  1604  2170 D WificondControl: Scan result ready event
07-01 17:10:19.962  1604  4624 I WifiService: releaseWifiLock uid=10014
07-01 17:10:37.964  1604  4624 I WifiService: acquireWifiLock uid=10014 lockMode=2
07-01 17:10:38.022  1604  1853 I WifiService: releaseWifiLock uid=10014
07-01 17:10:38.034  1970  1970 I GeofencerStateMachine: sendNewTransitions called.
07-01 17:10:38.073  1604  1675 D RecurrenceRule: Resolving using anchor 2019-07-01T21:10:38.073Z[GMT]
07-01 17:10:38.078  1604  1675 D RecurrenceRule: Resolving using anchor 2019-07-01T21:10:38.075Z[GMT]
07-01 17:10:38.080  1604  1675 D RecurrenceRule: Cycle 17 from 2019-06-09T00:00Z[GMT] to 2019-07-09T00:00Z[GMT]
07-01 17:10:38.083  1604  1675 D NetworkStats: Resolving plan for NetworkTemplate: matchRule=MOBILE_ALL, subscriberId=310260..., matchSubscriberIds=[310260...]
07-01 17:10:38.092  1604  1675 D NetworkStats: Found active matching subId 1
07-01 17:10:38.100  1604  1675 D NetworkStats: Resolved to plan null
07-01 17:10:48.645  1410  1410 I boot-pipe: done populating /dev/random
07-01 17:10:57.969  1604  2170 I WifiService: acquireWifiLock uid=10014 lockMode=2
07-01 17:10:57.977  1604  1617 E memtrack: Couldn't load memtrack module
07-01 17:10:57.977  1604  1617 W android.os.Debug: failed to get memory consumption info: -1
07-01 17:10:58.036  1604  1617 E memtrack: Couldn't load memtrack module
07-01 17:10:58.036  1604  1617 W android.os.Debug: failed to get memory consumption info: -1
07-01 17:11:00.017  1403  1418 D hwcomposer: hw_composer sent 6 syncs in 60s
07-01 17:11:00.943  1604  2170 D WificondControl: Scan result ready event
07-01 17:11:00.987  1604  1614 I WifiService: releaseWifiLock uid=10014
07-01 17:11:17.977  1604  1614 I WifiService: acquireWifiLock uid=10014 lockMode=2
07-01 17:11:18.007  1970  1970 I GeofencerStateMachine: sendNewTransitions called.
07-01 17:11:18.034  1604  1614 I WifiService: releaseWifiLock uid=10014
07-01 17:11:38.994  1604  1853 I WifiService: acquireWifiLock uid=10014 lockMode=2
07-01 17:11:41.973  1604  1614 D WificondControl: Scan result ready event
07-01 17:11:42.012  1604  4624 I WifiService: releaseWifiLock uid=10014
07-01 17:11:48.646  1410  1410 I boot-pipe: done populating /dev/random
07-01 17:11:59.003  1604  2170 I WifiService: acquireWifiLock uid=10014 lockMode=2
07-01 17:11:59.009  1604  1617 E memtrack: Couldn't load memtrack module
07-01 17:11:59.009  1604  1617 W android.os.Debug: failed to get memory consumption info: -1
07-01 17:11:59.037  1970  1970 I GeofencerStateMachine: sendNewTransitions called.
07-01 17:11:59.057  1604  4624 I WifiService: releaseWifiLock uid=10014
07-01 17:12:00.026  1403  1418 D hwcomposer: hw_composer sent 6 syncs in 60s
07-01 17:12:19.007  1604  2170 I WifiService: acquireWifiLock uid=10014 lockMode=2
07-01 17:12:19.015  1604  1617 E memtrack: Couldn't load memtrack module
07-01 17:12:19.022  1604  1617 W android.os.Debug: failed to get memory consumption info: -1
07-01 17:12:21.993  1604  4624 D WificondControl: Scan result ready event
07-01 17:12:22.031  1604  1853 I WifiService: releaseWifiLock uid=10014
07-01 17:12:40.044  1604  3574 I WifiService: acquireWifiLock uid=10014 lockMode=2
07-01 17:12:40.113  1604  2170 I zygote  : IncrementDisableThreadFlip blocked for 5.160ms
07-01 17:12:40.113  1970  1970 I GeofencerStateMachine: sendNewTransitions called.
07-01 17:12:40.159  1604  2058 I WifiService: releaseWifiLock uid=10014
07-01 17:12:40.225  1970  1981 I GeofencerStateMachine: addGeofences called by com.google.android.apps.maps
07-01 17:12:40.290  1604  2170 I WifiService: getWifiEnabledState uid=10062
07-01 17:12:40.389  1604  2170 I ActivityManager: Start proc 23359:com.google.android.videos/u0a74 for service com.google.android.videos/com.google.android.apps.play.movies.common.service.drm.RefreshLicenseTaskService
07-01 17:12:40.409 23359 23359 W zygote  : Unexpected CPU variant for X86 using defaults: x86
07-01 17:12:40.484  1604  1613 I zygote  : Background concurrent copying GC freed 60299(2MB) AllocSpace objects, 6(388KB) LOS objects, 14% free, 36MB/42MB, paused 3.687ms total 387.503ms
07-01 17:12:40.755  1970  1980 I zygote  : Background concurrent copying GC freed 98093(4MB) AllocSpace objects, 0(0B) LOS objects, 39% free, 9MB/15MB, paused 1.815ms total 155.228ms
07-01 17:12:40.762  1604  2501 I ActivityManager: Start proc 23374:com.google.android.gms.unstable/u0a14 for service com.google.android.gms/.droidguard.DroidGuardService
07-01 17:12:40.769 23374 23374 W zygote  : Unexpected CPU variant for X86 using defaults: x86
07-01 17:12:40.797 23374 23374 I zygote  : The ClassLoaderContext is a special shared library.
07-01 17:12:40.800 23374 23374 I zygote  : The ClassLoaderContext is a special shared library.
07-01 17:12:40.915 23374 23374 W DynamiteModule: Local module descriptor class for providerinstaller not found.
07-01 17:12:40.934 23374 23374 W ProviderHelper: Unknown dynamite feature providerinstaller
07-01 17:12:40.949 23374 23374 I DynamiteModule: Considering local module providerinstaller:0 and remote module providerinstaller:0
07-01 17:12:40.949 23374 23374 W ProviderInstaller: Failed to load providerinstaller module: No acceptable module found. Local version is 0 and remote version is 0.
07-01 17:12:40.969 23374 23374 V NativeCrypto: Registering com/google/android/gms/org/conscrypt/NativeCrypto's 284 native methods...
07-01 17:12:40.980 20345 20362 I Finsky  : [779] imb.run(3): Stats for Executor: BlockingExecutor ink@ee2e429[Running, pool size = 0, active threads = 0, queued tasks = 0, completed tasks = 13]
07-01 17:12:40.980 20345 20362 I Finsky  : [779] imb.run(3): Stats for Executor: LightweightExecutor ink@8d5d3ae[Running, pool size = 2, active threads = 0, queued tasks = 0, completed tasks = 63]
07-01 17:12:41.026 23374 23374 D NetworkSecurityConfig: Using Network Security Config from resource network_security_config debugBuild: false
07-01 17:12:41.028 23374 23374 I ProviderInstaller: Installed default security provider GmsCore_OpenSSL
07-01 17:12:41.076 23359 23359 V MediaRouter: Adding route: RouteInfo{ name=Phone, description=null, status=null, category=RouteCategory{ name=System types=ROUTE_TYPE_LIVE_AUDIO ROUTE_TYPE_LIVE_VIDEO  groupable=false }, supportedTypes=ROUTE_TYPE_LIVE_AUDIO ROUTE_TYPE_LIVE_VIDEO , presentationDisplay=null }
07-01 17:12:41.084 23359 23359 V MediaRouter: Selecting route: RouteInfo{ name=Phone, description=null, status=null, category=RouteCategory{ name=System types=ROUTE_TYPE_LIVE_AUDIO ROUTE_TYPE_LIVE_VIDEO  groupable=false }, supportedTypes=ROUTE_TYPE_LIVE_AUDIO ROUTE_TYPE_LIVE_VIDEO , presentationDisplay=null }
07-01 17:12:41.099 23359 23359 W MediaSessionCompat: Couldn't find a unique registered media button receiver in the given context.
07-01 17:12:41.161 23374 23374 W Primes  : Primes not initialized, returning default (no-op) Primes instance which will ignore all calls. Please call Primes.initialize(...) before using any Primes API.
07-01 17:12:41.195 23359 23359 W PrimesInit: Primes instant initialization
07-01 17:12:41.198 23359 23414 W Primes  : background initialization
07-01 17:12:41.230 23359 23359 W PlayMovies: VideosInitializer.initializeApp:31 Installer Package: com.android.vending
07-01 17:12:41.230 23359 23359 W PlayMovies: 
07-01 17:12:41.255 23359 23414 I PrimesTesting: GserviceFlagsSupplier.get()
07-01 17:12:41.339 23359 23359 V MediaRouter: Selecting route: RouteInfo{ name=Phone, description=null, status=null, category=RouteCategory{ name=System types=ROUTE_TYPE_LIVE_AUDIO ROUTE_TYPE_LIVE_VIDEO  groupable=false }, supportedTypes=ROUTE_TYPE_LIVE_AUDIO ROUTE_TYPE_LIVE_VIDEO , presentationDisplay=null }
07-01 17:12:41.373 20345 20356 I Finsky  : [774] bgc.a(1): Received content filters request from com.google.android.videos
07-01 17:12:41.417  1604  2170 I WifiService: acquireWifiLock uid=10074 lockMode=3
07-01 17:12:41.425  1970  1970 W ChimeraUtils: Non Chimera context
07-01 17:12:41.425  1970  1970 W ChimeraUtils: Non Chimera context
07-01 17:12:41.458  1604  3139 I WifiService: releaseWifiLock uid=10074
07-01 17:12:41.480  1970  1970 W SystemServiceRegistry: No service published for: persistent_data_block
07-01 17:12:41.554  1970 23207 E NetworkScheduler.ATC: Called cancelTask for already completed task com.google.android.videos/com.google.android.apps.play.movies.common.service.drm.RefreshLicenseTaskService{u=0 tag="refresh_license_forced" trigger=window{start=3600s,end=10800s,earliest=-227s,latest=6972s} requirements=[NET_CONNECTED] attributes=[] scheduled=-3827s last_run=-1s jid=N/A status=ACTIVE retries=0 client_lib=MANCHEGO_GCM-11020000} :RESCHEDULED
07-01 17:12:41.602 23374 23386 I zygote  : Background concurrent copying GC freed 15606(1422KB) AllocSpace objects, 1(20KB) LOS objects, 50% free, 1904KB/3MB, paused 14.633ms total 222.849ms
07-01 17:12:41.724 23374 23389 I zygote  : Deoptimizing java.lang.Object wy.put(java.lang.Object, java.lang.Object) due to JIT inline cache
07-01 17:12:41.794 23374 23389 I zygote  : The ClassLoaderContext is a special shared library.
07-01 17:12:41.820 23359 23426 I VideoCapabilities: Unsupported profile 4 for video/mp4v-es
07-01 17:12:42.110 23374 23379 I zygote  : Do partial code cache collection, code=30KB, data=30KB
07-01 17:12:42.110 23374 23379 I zygote  : After code cache collection, code=27KB, data=29KB
07-01 17:12:42.110 23374 23379 I zygote  : Increasing code cache capacity to 128KB
07-01 17:12:42.450 20345 20362 I Finsky  : [779] imb.run(3): Stats for Executor: bgExecutor ink@1e554f[Running, pool size = 4, active threads = 0, queued tasks = 0, completed tasks = 55]
07-01 17:12:42.994  1604  2501 D WificondControl: Scan result ready event
07-01 17:12:48.649  1410  1410 I boot-pipe: done populating /dev/random
07-01 17:12:57.173  1970 23433 W Conscrypt: Could not set socket write timeout: java.net.SocketException: Socket closed
07-01 17:12:57.174  1970 23433 W Conscrypt: 	at com.google.android.gms.org.conscrypt.Platform.setSocketWriteTimeout(:com.google.android.gms@17785022@17.7.85 (040700-253824076):2)
07-01 17:12:57.174  1970 23433 W Conscrypt: 	at com.google.android.gms.org.conscrypt.ConscryptFileDescriptorSocket.setSoWriteTimeout(:com.google.android.gms@17785022@17.7.85 (040700-253824076):2)
07-01 17:12:58.158  1970 17654 W Conscrypt: Could not set socket write timeout: java.net.SocketException: Socket closed
07-01 17:12:58.159  1970 17654 W Conscrypt: 	at com.google.android.gms.org.conscrypt.Platform.setSocketWriteTimeout(:com.google.android.gms@17785022@17.7.85 (040700-253824076):2)
07-01 17:12:58.159  1970 17654 W Conscrypt: 	at com.google.android.gms.org.conscrypt.ConscryptFileDescriptorSocket.setSoWriteTimeout(:com.google.android.gms@17785022@17.7.85 (040700-253824076):2)
07-01 17:13:00.005  1604  1617 E memtrack: Couldn't load memtrack module
07-01 17:13:00.005  1604  1617 W android.os.Debug: failed to get memory consumption info: -1
07-01 17:13:00.025  1403  1418 D hwcomposer: hw_composer sent 12 syncs in 60s
07-01 17:13:00.066  1604  3139 I WifiService: acquireWifiLock uid=10014 lockMode=2
07-01 17:13:00.139  1604  1617 E memtrack: Couldn't load memtrack module
07-01 17:13:00.139  1604  1617 W android.os.Debug: failed to get memory consumption info: -1
07-01 17:13:00.147  1604  3574 I WifiService: releaseWifiLock uid=10014
07-01 17:13:08.738  1604  1621 E BatteryExternalStatsWorker: modem info is invalid: ModemActivityInfo{ mTimestamp=0 mSleepTimeMs=0 mIdleTimeMs=0 mTxTimeMs[]=[0, 0, 0, 0, 0] mRxTimeMs=0 mEnergyUsed=0}
07-01 17:13:10.962  1970 23433 W Conscrypt: Could not set socket write timeout: java.net.SocketException: Socket closed
07-01 17:13:10.962  1970 23433 W Conscrypt: 	at com.google.android.gms.org.conscrypt.Platform.setSocketWriteTimeout(:com.google.android.gms@17785022@17.7.85 (040700-253824076):2)
07-01 17:13:10.962  1970 23433 W Conscrypt: 	at com.google.android.gms.org.conscrypt.ConscryptFileDescriptorSocket.setSoWriteTimeout(:com.google.android.gms@17785022@17.7.85 (040700-253824076):2)
07-01 17:13:20.075  1604  2501 I WifiService: acquireWifiLock uid=10014 lockMode=2
07-01 17:13:20.086  1604  1617 E memtrack: Couldn't load memtrack module
07-01 17:13:20.086  1604  1617 W android.os.Debug: failed to get memory consumption info: -1
07-01 17:13:20.148  1604  1617 E memtrack: Couldn't load memtrack module
07-01 17:13:20.148  1604  1617 W android.os.Debug: failed to get memory consumption info: -1
07-01 17:13:20.218  1604  1617 E memtrack: Couldn't load memtrack module
07-01 17:13:20.218  1604  1617 W android.os.Debug: failed to get memory consumption info: -1
07-01 17:13:23.052  1604  2501 D WificondControl: Scan result ready event
07-01 17:13:23.091  1970  1970 I GeofencerStateMachine: sendNewTransitions called.
07-01 17:13:23.121  1604  4624 I WifiService: releaseWifiLock uid=10014
07-01 17:13:36.099  1970 23433 W Conscrypt: Could not set socket write timeout: java.net.SocketException: Socket closed
07-01 17:13:36.099  1970 23433 W Conscrypt: 	at com.google.android.gms.org.conscrypt.Platform.setSocketWriteTimeout(:com.google.android.gms@17785022@17.7.85 (040700-253824076):2)
07-01 17:13:36.099  1970 23433 W Conscrypt: 	at com.google.android.gms.org.conscrypt.ConscryptFileDescriptorSocket.setSoWriteTimeout(:com.google.android.gms@17785022@17.7.85 (040700-253824076):2)
07-01 17:13:41.087  1604  2501 I WifiService: acquireWifiLock uid=10014 lockMode=2
07-01 17:13:36.257  1604  1621 E BatteryExternalStatsWorker: modem info is invalid: ModemActivityInfo{ mTimestamp=0 mSleepTimeMs=0 mIdleTimeMs=0 mTxTimeMs[]=[0, 0, 0, 0, 0] mRxTimeMs=0 mEnergyUsed=0}
07-01 17:13:41.093  1604  2501 I ActivityManager: Killing 22687:com.google.android.partnersetup/u0a17 (adj 904): empty for 1816s
07-01 17:13:41.094  1604  1620 W zygote  : kill(-22687, 9) failed: No such process
07-01 17:13:41.134  1604  1620 W zygote  : kill(-22687, 9) failed: No such process
07-01 17:13:41.143  1604  2501 I WifiService: releaseWifiLock uid=10014
07-01 17:13:41.172  1604  1620 W zygote  : kill(-22687, 9) failed: No such process
07-01 17:13:41.172  1604  1620 I zygote  : Successfully killed process cgroup uid 10017 pid 22687 in 78ms
07-01 17:13:41.845  1970 17654 W Conscrypt: Could not set socket write timeout: java.net.SocketException: Socket closed
07-01 17:13:41.845  1970 17654 W Conscrypt: 	at com.google.android.gms.org.conscrypt.Platform.setSocketWriteTimeout(:com.google.android.gms@17785022@17.7.85 (040700-253824076):2)
07-01 17:13:41.845  1970 17654 W Conscrypt: 	at com.google.android.gms.org.conscrypt.ConscryptFileDescriptorSocket.setSoWriteTimeout(:com.google.android.gms@17785022@17.7.85 (040700-253824076):2)
07-01 17:13:41.862  1604  1613 I zygote  : Background concurrent copying GC freed 36660(1866KB) AllocSpace objects, 0(0B) LOS objects, 14% free, 36MB/42MB, paused 796us total 230.942ms
07-01 17:13:47.716  1970 23433 W Conscrypt: Could not set socket write timeout: java.net.SocketException: Socket closed
07-01 17:13:47.716  1970 23433 W Conscrypt: 	at com.google.android.gms.org.conscrypt.Platform.setSocketWriteTimeout(:com.google.android.gms@17785022@17.7.85 (040700-253824076):2)
07-01 17:13:47.716  1970 23433 W Conscrypt: 	at com.google.android.gms.org.conscrypt.ConscryptFileDescriptorSocket.setSoWriteTimeout(:com.google.android.gms@17785022@17.7.85 (040700-253824076):2)
07-01 17:13:48.650  1410  1410 I boot-pipe: done populating /dev/random
07-01 17:13:51.204  1970 23433 W Conscrypt: Could not set socket write timeout: java.net.SocketException: Socket closed
07-01 17:13:51.204  1970 23433 W Conscrypt: 	at com.google.android.gms.org.conscrypt.Platform.setSocketWriteTimeout(:com.google.android.gms@17785022@17.7.85 (040700-253824076):2)
07-01 17:13:51.204  1970 23433 W Conscrypt: 	at com.google.android.gms.org.conscrypt.ConscryptFileDescriptorSocket.setSoWriteTimeout(:com.google.android.gms@17785022@17.7.85 (040700-253824076):2)
07-01 17:13:56.736  1970 17654 V NativeCrypto: SSL handshake terminated: ssl=0xa5817588: I/O error during system call, No such file or directory
07-01 17:14:00.004  1604  1617 E memtrack: Couldn't load memtrack module
07-01 17:14:00.004  1604  1617 W android.os.Debug: failed to get memory consumption info: -1
07-01 17:14:00.026  1403  1418 D hwcomposer: hw_composer sent 12 syncs in 60s
07-01 17:14:01.099  1604  3574 I WifiService: acquireWifiLock uid=10014 lockMode=2
07-01 17:14:01.554  1970 23433 V NativeCrypto: Read error: ssl=0xa40ea718: I/O error during system call, Connection reset by peer
07-01 17:14:01.554  1970 23433 V NativeCrypto: SSL shutdown failed: ssl=0xa40ea718: I/O error during system call, Broken pipe
07-01 17:14:01.562  1970 23433 E Uploader: Clearcut transport failed to make network request. Use 79054 milliseconds.
07-01 17:14:01.562  1970 23433 E Uploader: javax.net.ssl.SSLException: Read error: ssl=0xa40ea718: I/O error during system call, Connection reset by peer
07-01 17:14:01.562  1970 23433 E Uploader: 	at com.google.android.gms.org.conscrypt.NativeCrypto.SSL_read(Native Method)
07-01 17:14:01.562  1970 23433 E Uploader: 	at com.google.android.gms.org.conscrypt.NativeSsl.read(:com.google.android.gms@17785022@17.7.85 (040700-253824076):4)
07-01 17:14:01.562  1970 23433 E Uploader: 	at com.google.android.gms.org.conscrypt.ConscryptFileDescriptorSocket$SSLInputStream.read(:com.google.android.gms@17785022@17.7.85 (040700-253824076):7)
07-01 17:14:01.562  1970 23433 E Uploader: 	at com.android.okhttp.okio.Okio$2.read(Okio.java:136)
07-01 17:14:01.562  1970 23433 E Uploader: 	at com.android.okhttp.okio.AsyncTimeout$2.read(AsyncTimeout.java:211)
07-01 17:14:01.562  1970 23433 E Uploader: 	at com.android.okhttp.okio.RealBufferedSource.indexOf(RealBufferedSource.java:306)
07-01 17:14:01.562  1970 23433 E Uploader: 	at com.android.okhttp.okio.RealBufferedSource.indexOf(RealBufferedSource.java:300)
07-01 17:14:01.562  1970 23433 E Uploader: 	at com.android.okhttp.okio.RealBufferedSource.readUtf8LineStrict(RealBufferedSource.java:196)
07-01 17:14:01.562  1970 23433 E Uploader: 	at com.android.okhttp.internal.http.Http1xStream.readResponse(Http1xStream.java:186)
07-01 17:14:01.562  1970 23433 E Uploader: 	at com.android.okhttp.internal.http.Http1xStream.readResponseHeaders(Http1xStream.java:127)
07-01 17:14:01.562  1970 23433 E Uploader: 	at com.android.okhttp.internal.http.HttpEngine.readNetworkResponse(HttpEngine.java:737)
07-01 17:14:01.562  1970 23433 E Uploader: 	at com.android.okhttp.internal.http.HttpEngine.readResponse(HttpEngine.java:609)
07-01 17:14:01.562  1970 23433 E Uploader: 	at com.android.okhttp.internal.huc.HttpURLConnectionImpl.execute(HttpURLConnectionImpl.java:471)
07-01 17:14:01.562  1970 23433 E Uploader: 	at com.android.okhttp.internal.huc.HttpURLConnectionImpl.getResponse(HttpURLConnectionImpl.java:407)
07-01 17:14:01.562  1970 23433 E Uploader: 	at com.android.okhttp.internal.huc.HttpURLConnectionImpl.getResponseCode(HttpURLConnectionImpl.java:538)
07-01 17:14:01.562  1970 23433 E Uploader: 	at com.android.okhttp.internal.huc.DelegatingHttpsURLConnection.getResponseCode(DelegatingHttpsURLConnection.java:105)
07-01 17:14:01.562  1970 23433 E Uploader: 	at com.android.okhttp.internal.huc.HttpsURLConnectionImpl.getResponseCode(Unknown Source:0)
07-01 17:14:01.562  1970 23433 E Uploader: 	at acdd.a(:com.google.android.gms@17785022@17.7.85 (040700-253824076):27)
07-01 17:14:01.562  1970 23433 E Uploader: 	at acdd.execute(:com.google.android.gms@17785022@17.7.85 (040700-253824076):8)
07-01 17:14:01.562  1970 23433 E Uploader: 	at acdd.execute(:com.google.android.gms@17785022@17.7.85 (040700-253824076):7)
07-01 17:14:01.562  1970 23433 E Uploader: 	at rdf.a(:com.google.android.gms@17785022@17.7.85 (040700-253824076):10)
07-01 17:14:01.562  1970 23433 E Uploader: 	at rdf.a(:com.google.android.gms@17785022@17.7.85 (040700-253824076):56)
07-01 17:14:01.562  1970 23433 E Uploader: 	at rdz.a(:com.google.android.gms@17785022@17.7.85 (040700-253824076):159)
07-01 17:14:01.562  1970 23433 E Uploader: 	at rdz.a(:com.google.android.gms@17785022@17.7.85 (040700-253824076):312)
07-01 17:14:01.562  1970 23433 E Uploader: 	at com.google.android.gms.clearcut.uploader.QosUploaderChimeraService.a(:com.google.android.gms@17785022@17.7.85 (040700-253824076):83)
07-01 17:14:01.562  1970 23433 E Uploader: 	at com.google.android.gms.clearcut.uploader.QosUploaderChimeraService.a(:com.google.android.gms@17785022@17.7.85 (040700-253824076):9)
07-01 17:14:01.562  1970 23433 E Uploader: 	at aezd.run(:com.google.android.gms@17785022@17.7.85 (040700-253824076):5)
07-01 17:14:01.562  1970 23433 E Uploader: 	at squ.b(:com.google.android.gms@17785022@17.7.85 (040700-253824076):37)
07-01 17:14:01.562  1970 23433 E Uploader: 	at squ.run(:com.google.android.gms@17785022@17.7.85 (040700-253824076):21)
07-01 17:14:01.562  1970 23433 E Uploader: 	at java.util.concurrent.ThreadPoolExecutor.runWorker(ThreadPoolExecutor.java:1162)
07-01 17:14:01.562  1970 23433 E Uploader: 	at java.util.concurrent.ThreadPoolExecutor$Worker.run(ThreadPoolExecutor.java:636)
07-01 17:14:01.562  1970 23433 E Uploader: 	at swz.run(Unknown Source:7)
07-01 17:14:01.562  1970 23433 E Uploader: 	at java.lang.Thread.run(Thread.java:764)
07-01 17:14:01.713  1970  5718 I GeofencerStateMachine: addGeofences called by com.google.android.apps.maps
07-01 17:14:01.791  1604  4624 I WifiService: getWifiEnabledState uid=10062
07-01 17:14:01.795  1970  1970 I GeofencerStateMachine: sendNewTransitions called.
07-01 17:14:01.808  1970  1970 I GeofencerStateMachine: sendNewLocationAvailability: availability=LocationAvailability[isLocationAvailable: true]
07-01 17:14:01.915  1970  1970 I chatty  : uid=10014 com.google.android.gms.persistent identical 1 line
07-01 17:14:01.922  1970  1970 I GeofencerStateMachine: sendNewLocationAvailability: availability=LocationAvailability[isLocationAvailable: true]
07-01 17:14:04.073  1604  3574 D WificondControl: Scan result ready event
07-01 17:14:04.116  1604  3574 I WifiService: releaseWifiLock uid=10014
07-01 17:14:10.173  1970 17654 W Conscrypt: Could not set socket write timeout: java.net.SocketException: Socket closed
07-01 17:14:10.174  1970 17654 W Conscrypt: 	at com.google.android.gms.org.conscrypt.Platform.setSocketWriteTimeout(:com.google.android.gms@17785022@17.7.85 (040700-253824076):2)
07-01 17:14:10.174  1970 17654 W Conscrypt: 	at com.google.android.gms.org.conscrypt.ConscryptFileDescriptorSocket.setSoWriteTimeout(:com.google.android.gms@17785022@17.7.85 (040700-253824076):2)
07-01 17:14:20.707  1970 17654 W Conscrypt: Could not set socket write timeout: java.net.SocketException: Socket closed
07-01 17:14:20.707  1970 17654 W Conscrypt: 	at com.google.android.gms.org.conscrypt.Platform.setSocketWriteTimeout(:com.google.android.gms@17785022@17.7.85 (040700-253824076):2)
07-01 17:14:20.708  1970 17654 W Conscrypt: 	at com.google.android.gms.org.conscrypt.ConscryptFileDescriptorSocket.setSoWriteTimeout(:com.google.android.gms@17785022@17.7.85 (040700-253824076):2)
07-01 17:14:21.111  1604  2501 I WifiService: acquireWifiLock uid=10014 lockMode=2
07-01 17:14:21.118  1604  1617 E memtrack: Couldn't load memtrack module
07-01 17:14:21.118  1604  1617 W android.os.Debug: failed to get memory consumption info: -1
07-01 17:14:21.150  1970  1970 I GeofencerStateMachine: sendNewTransitions called.
07-01 17:14:21.179  1604  2501 I WifiService: releaseWifiLock uid=10014
07-01 17:14:42.127  1604  3574 I WifiService: acquireWifiLock uid=10014 lockMode=2
07-01 17:14:45.103  1604  3574 D WificondControl: Scan result ready event
07-01 17:14:45.162  1604  3139 I WifiService: releaseWifiLock uid=10014
07-01 17:14:48.653  1410  1410 I boot-pipe: done populating /dev/random
07-01 17:14:50.717  1970 17654 W GLSUser : [AppCertManager] IOException while requesting key: 
07-01 17:14:50.717  1970 17654 W GLSUser : java.net.SocketTimeoutException: timeout
07-01 17:14:50.717  1970 17654 W GLSUser : 	at com.android.okhttp.okio.Okio$3.newTimeoutException(Okio.java:212)
07-01 17:14:50.717  1970 17654 W GLSUser : 	at com.android.okhttp.okio.AsyncTimeout.exit(AsyncTimeout.java:261)
07-01 17:14:50.717  1970 17654 W GLSUser : 	at com.android.okhttp.okio.AsyncTimeout$2.read(AsyncTimeout.java:215)
07-01 17:14:50.717  1970 17654 W GLSUser : 	at com.android.okhttp.okio.RealBufferedSource.indexOf(RealBufferedSource.java:306)
07-01 17:14:50.717  1970 17654 W GLSUser : 	at com.android.okhttp.okio.RealBufferedSource.indexOf(RealBufferedSource.java:300)
07-01 17:14:50.717  1970 17654 W GLSUser : 	at com.android.okhttp.okio.RealBufferedSource.readUtf8LineStrict(RealBufferedSource.java:196)
07-01 17:14:50.717  1970 17654 W GLSUser : 	at com.android.okhttp.internal.http.Http1xStream.readResponse(Http1xStream.java:186)
07-01 17:14:50.717  1970 17654 W GLSUser : 	at com.android.okhttp.internal.http.Http1xStream.readResponseHeaders(Http1xStream.java:127)
07-01 17:14:50.717  1970 17654 W GLSUser : 	at com.android.okhttp.internal.http.HttpEngine.readNetworkResponse(HttpEngine.java:737)
07-01 17:14:50.717  1970 17654 W GLSUser : 	at com.android.okhttp.internal.http.HttpEngine.readResponse(HttpEngine.java:609)
07-01 17:14:50.717  1970 17654 W GLSUser : 	at com.android.okhttp.internal.huc.HttpURLConnectionImpl.execute(HttpURLConnectionImpl.java:471)
07-01 17:14:50.717  1970 17654 W GLSUser : 	at com.android.okhttp.internal.huc.HttpURLConnectionImpl.getResponse(HttpURLConnectionImpl.java:407)
07-01 17:14:50.717  1970 17654 W GLSUser : 	at com.android.okhttp.internal.huc.HttpURLConnectionImpl.getResponseCode(HttpURLConnectionImpl.java:538)
07-01 17:14:50.717  1970 17654 W GLSUser : 	at com.android.okhttp.internal.huc.DelegatingHttpsURLConnection.getResponseCode(DelegatingHttpsURLConnection.java:105)
07-01 17:14:50.717  1970 17654 W GLSUser : 	at com.android.okhttp.internal.huc.HttpsURLConnectionImpl.getResponseCode(Unknown Source:0)
07-01 17:14:50.717  1970 17654 W GLSUser : 	at acdd.a(:com.google.android.gms@17785022@17.7.85 (040700-253824076):27)
07-01 17:14:50.717  1970 17654 W GLSUser : 	at joi.a(:com.google.android.gms@17785022@17.7.85 (040700-253824076):1)
07-01 17:14:50.717  1970 17654 W GLSUser : 	at hks.a(:com.google.android.gms@17785022@17.7.85 (040700-253824076):8)
07-01 17:14:50.717  1970 17654 W GLSUser : 	at hks.a(:com.google.android.gms@17785022@17.7.85 (040700-253824076):4)
07-01 17:14:50.717  1970 17654 W GLSUser : 	at imb.a(:com.google.android.gms@17785022@17.7.85 (040700-253824076):47)
07-01 17:14:50.717  1970 17654 W GLSUser : 	at ima.a(:com.google.android.gms@17785022@17.7.85 (040700-253824076):13)
07-01 17:14:50.717  1970 17654 W GLSUser : 	at ilw.a(Unknown Source:0)
07-01 17:14:50.717  1970 17654 W GLSUser : 	at ilt.a(:com.google.android.gms@17785022@17.7.85 (040700-253824076):8)
07-01 17:14:50.717  1970 17654 W GLSUser : 	at hjl.call(:com.google.android.gms@17785022@17.7.85 (040700-253824076):7)
07-01 17:14:50.717  1970 17654 W GLSUser : 	at java.util.concurrent.FutureTask.run(FutureTask.java:266)
07-01 17:14:50.717  1970 17654 W GLSUser : 	at squ.b(:com.google.android.gms@17785022@17.7.85 (040700-253824076):37)
07-01 17:14:50.717  1970 17654 W GLSUser : 	at squ.run(:com.google.android.gms@17785022@17.7.85 (040700-253824076):21)
07-01 17:14:50.717  1970 17654 W GLSUser : 	at java.util.concurrent.ThreadPoolExecutor.runWorker(ThreadPoolExecutor.java:1162)
07-01 17:14:50.717  1970 17654 W GLSUser : 	at java.util.concurrent.ThreadPoolExecutor$Worker.run(ThreadPoolExecutor.java:636)
07-01 17:14:50.717  1970 17654 W GLSUser : 	at swz.run(Unknown Source:7)
07-01 17:14:50.717  1970 17654 W GLSUser : 	at java.lang.Thread.run(Thread.java:764)
07-01 17:14:50.717  1970 17654 W GLSUser : Caused by: java.net.SocketException: socket is closed
07-01 17:14:50.717  1970 17654 W GLSUser : 	at com.google.android.gms.org.conscrypt.ConscryptFileDescriptorSocket$SSLInputStream.read(:com.google.android.gms@17785022@17.7.85 (040700-253824076):8)
07-01 17:14:50.717  1970 17654 W GLSUser : 	at com.android.okhttp.okio.Okio$2.read(Okio.java:136)
07-01 17:14:50.717  1970 17654 W GLSUser : 	at com.android.okhttp.okio.AsyncTimeout$2.read(AsyncTimeout.java:211)
07-01 17:14:50.717  1970 17654 W GLSUser : 	... 28 more
07-01 17:15:00.007  1604  1617 E memtrack: Couldn't load memtrack module
07-01 17:15:00.007  1604  1617 W android.os.Debug: failed to get memory consumption info: -1
07-01 17:15:00.034  1403  1418 D hwcomposer: hw_composer sent 6 syncs in 60s
07-01 17:15:00.093  1604  1617 E memtrack: Couldn't load memtrack module
07-01 17:15:00.094  1604  1617 W android.os.Debug: failed to get memory consumption info: -1
07-01 17:15:00.160  1604  1617 E memtrack: Couldn't load memtrack module
07-01 17:15:00.161  1604  1617 W android.os.Debug: failed to get memory consumption info: -1
07-01 17:15:00.208  1604  1617 E memtrack: Couldn't load memtrack module
07-01 17:15:00.208  1604  1617 W android.os.Debug: failed to get memory consumption info: -1
07-01 17:15:00.292  1604  1617 E memtrack: Couldn't load memtrack module
07-01 17:15:00.292  1604  1617 W android.os.Debug: failed to get memory consumption info: -1
07-01 17:15:00.355  1604  1617 E memtrack: Couldn't load memtrack module
07-01 17:15:00.355  1604  1617 W android.os.Debug: failed to get memory consumption info: -1
07-01 17:15:00.399  1604  1617 E memtrack: Couldn't load memtrack module
07-01 17:15:00.399  1604  1617 W android.os.Debug: failed to get memory consumption info: -1
07-01 17:15:00.436  1604  1617 E memtrack: Couldn't load memtrack module
07-01 17:15:00.436  1604  1617 W android.os.Debug: failed to get memory consumption info: -1
07-01 17:15:02.137  1604  4624 I WifiService: acquireWifiLock uid=10014 lockMode=2
07-01 17:15:02.174  1970  1970 I GeofencerStateMachine: sendNewTransitions called.
07-01 17:15:02.205  1604  3139 I WifiService: releaseWifiLock uid=10014
07-01 17:15:02.211  1970  1970 I GeofencerStateMachine: sendNewTransitions called.
07-01 17:15:02.220  1970  1970 I GeofencerStateMachine: sendNewLocationAvailability: availability=LocationAvailability[isLocationAvailable: true]
07-01 17:15:02.314  1970  1970 I chatty  : uid=10014 com.google.android.gms.persistent identical 1 line
07-01 17:15:02.316  1970  1970 I GeofencerStateMachine: sendNewLocationAvailability: availability=LocationAvailability[isLocationAvailable: true]
07-01 17:15:02.513  1604  1613 I zygote  : Background concurrent copying GC freed 34775(1594KB) AllocSpace objects, 0(0B) LOS objects, 14% free, 36MB/42MB, paused 774us total 234.454ms
07-01 17:15:22.146  1604  2501 I WifiService: acquireWifiLock uid=10014 lockMode=2
07-01 17:15:25.124  1604  3574 D WificondControl: Scan result ready event
07-01 17:15:25.171  1604  3574 I WifiService: releaseWifiLock uid=10014
07-01 17:15:40.983 20345 20362 I Finsky  : [779] imb.run(3): Stats for Executor: BlockingExecutor ink@ee2e429[Running, pool size = 0, active threads = 0, queued tasks = 0, completed tasks = 13]
07-01 17:15:40.983 20345 20362 I Finsky  : [779] imb.run(3): Stats for Executor: LightweightExecutor ink@8d5d3ae[Running, pool size = 2, active threads = 0, queued tasks = 0, completed tasks = 63]
07-01 17:15:42.453 20345 20362 I Finsky  : [779] imb.run(3): Stats for Executor: bgExecutor ink@1e554f[Running, pool size = 4, active threads = 0, queued tasks = 0, completed tasks = 56]
07-01 17:15:43.171 23460 23460 W zygote  : Unexpected CPU variant for X86 using defaults: x86
07-01 17:15:43.172  1604  1604 I ActivityManager: Start proc 23460:com.mapswithme.maps.pro/u0a85 for service com.mapswithme.maps.pro/com.mapswithme.maps.scheduling.NativeJobService
07-01 17:15:43.191  1604  3139 I WifiService: acquireWifiLock uid=10014 lockMode=2
07-01 17:15:43.271  1970  1970 I GeofencerStateMachine: sendNewTransitions called.
07-01 17:15:43.304  1970  1970 W ChimeraUtils: Non Chimera context
07-01 17:15:43.304  1970  1970 W ChimeraUtils: Non Chimera context
07-01 17:15:43.319  1604  3139 I WifiService: releaseWifiLock uid=10014
07-01 17:15:43.467  1970  3884 I zygote  : Deoptimizing void iuk.<init>(android.content.Context) due to JIT same target
07-01 17:15:43.486 23460 23460 I MultiDex: VM with version 2.1.0 has multidex support
07-01 17:15:43.488 23460 23460 I MultiDex: Installing application
07-01 17:15:43.488 23460 23460 I MultiDex: VM has multidex support, MultiDex support library is disabled.
07-01 17:15:43.546 23460 23480 D Pushwoosh: [CrashAnalytics] Looking for exceptions in: /data/user/0/com.mapswithme.maps.pro/files
07-01 17:15:43.552 23460 23460 W Pushwoosh: 'PW_APPID' is deprecated consider using 'com.pushwoosh.appid'
07-01 17:15:43.552 23460 23460 W Pushwoosh: 'PW_PROJECT_ID' is deprecated consider using 'com.pushwoosh.senderid'
07-01 17:15:43.599 23460 23460 I Pushwoosh: Log level: DEBUG
07-01 17:15:43.602 23460 23460 I Pushwoosh: [NotificationManager] Sender ID: 933744938687
07-01 17:15:43.602 23460 23460 I Pushwoosh: [NotificationManager] App ID: 84E00-0F767
07-01 17:15:43.647 23460 23489 D NetworkSecurityConfig: Using Network Security Config from resource network_security_config debugBuild: false
07-01 17:15:43.684 23460 23460 D MoPub   : Initializing MoPub
07-01 17:15:43.740 23460 23460 I MoPub   : ManifestUtils running without interstitial module
07-01 17:15:43.756 23460 23460 D MoPub   : Changing consent status from POTENTIAL_WHITELISTto POTENTIAL_WHITELIST because Consent was explicitly granted by a publisher who is not whitelisted
07-01 17:15:44.021 23460 23460 D libcrashlytics: Initializing libcrashlytics version 2.0.4
07-01 17:15:44.029 23460 23460 D libcrashlytics: Initializing native crash handling successful.
07-01 17:15:44.074 23460 23460 I CrashlyticsCore: Initializing Crashlytics 2.6.3.25
07-01 17:15:44.165 23460 23509 W CrashlyticsCore: No minidump data found in directory /data/user/0/com.mapswithme.maps.pro/files/.Fabric/com.crashlytics.sdk.android.crashlytics-ndk/native/1562012096674
07-01 17:15:44.170 23460 23460 D AppsFlyer_4.9.0: Initializing AppsFlyer SDK: (v4.9.0.184)
07-01 17:15:44.239 23460 23460 D Pushwoosh: [CrashAnalytics] Current handler class = com.crashlytics.android.core.CrashlyticsUncaughtExceptionHandler
07-01 17:15:46.124  1604  3139 D WificondControl: Scan result ready event
07-01 17:15:48.654  1410  1410 I boot-pipe: done populating /dev/random
07-01 17:15:50.691  1970  3884 W Conscrypt: Could not set socket write timeout: java.net.SocketException: Socket closed
07-01 17:15:50.695  1970  3884 W Conscrypt: 	at com.google.android.gms.org.conscrypt.Platform.setSocketWriteTimeout(:com.google.android.gms@17785022@17.7.85 (040700-253824076):2)
07-01 17:15:50.695  1970  3884 W Conscrypt: 	at com.google.android.gms.org.conscrypt.ConscryptFileDescriptorSocket.setSoWriteTimeout(:com.google.android.gms@17785022@17.7.85 (040700-253824076):2)
07-01 17:16:00.018  1403  1418 D hwcomposer: hw_composer sent 6 syncs in 60s
07-01 17:16:03.212  1604  3574 I WifiService: acquireWifiLock uid=10014 lockMode=2
07-01 17:16:03.218  1604  1617 E memtrack: Couldn't load memtrack module
07-01 17:16:03.218  1604  1617 W android.os.Debug: failed to get memory consumption info: -1
07-01 17:16:03.258  1604  4624 I WifiService: releaseWifiLock uid=10014
07-01 17:16:03.313  1604  1617 E memtrack: Couldn't load memtrack module
07-01 17:16:03.313  1604  1617 W android.os.Debug: failed to get memory consumption info: -1
07-01 17:16:03.349  1604  1617 E memtrack: Couldn't load memtrack module
07-01 17:16:03.349  1604  1617 W android.os.Debug: failed to get memory consumption info: -1
07-01 17:16:04.984 18156 23197 E net.osmand: DownloadOsmandIndexesHelper Error while loading indexes from repository
07-01 17:16:04.984 18156 23197 E net.osmand: javax.net.ssl.SSLProtocolException: Read error: ssl=0xa581e840: Failure in SSL library, usually a protocol error
07-01 17:16:04.984 18156 23197 E net.osmand: error:1e000065:Cipher functions:OPENSSL_internal:BAD_DECRYPT (external/boringssl/src/crypto/fipsmodule/cipher/e_aes.c:1314 0xa3534dc3:0x00000000)
07-01 17:16:04.984 18156 23197 E net.osmand: error:1000008b:SSL routines:OPENSSL_internal:DECRYPTION_FAILED_OR_BAD_RECORD_MAC (external/boringssl/src/ssl/tls_record.cc:281 0xa3534dc3:0x00000000)
07-01 17:16:04.984 18156 23197 E net.osmand: 	at com.android.org.conscrypt.NativeCrypto.SSL_read(Native Method)
07-01 17:16:04.984 18156 23197 E net.osmand: 	at com.android.org.conscrypt.SslWrapper.read(SslWrapper.java:384)
07-01 17:16:04.984 18156 23197 E net.osmand: 	at com.android.org.conscrypt.ConscryptFileDescriptorSocket$SSLInputStream.read(ConscryptFileDescriptorSocket.java:541)
07-01 17:16:04.984 18156 23197 E net.osmand: 	at com.android.okhttp.okio.Okio$2.read(Okio.java:136)
07-01 17:16:04.984 18156 23197 E net.osmand: 	at com.android.okhttp.okio.AsyncTimeout$2.read(AsyncTimeout.java:211)
07-01 17:16:04.984 18156 23197 E net.osmand: 	at com.android.okhttp.okio.RealBufferedSource.read(RealBufferedSource.java:50)
07-01 17:16:04.984 18156 23197 E net.osmand: 	at com.android.okhttp.internal.http.Http1xStream$FixedLengthSource.read(Http1xStream.java:393)
07-01 17:16:04.984 18156 23197 E net.osmand: 	at com.android.okhttp.okio.RealBufferedSource$1.read(RealBufferedSource.java:371)
07-01 17:16:04.984 18156 23197 E net.osmand: 	at java.util.zip.InflaterInputStream.fill(InflaterInputStream.java:250)
07-01 17:16:04.984 18156 23197 E net.osmand: 	at java.util.zip.InflaterInputStream.read(InflaterInputStream.java:163)
07-01 17:16:04.984 18156 23197 E net.osmand: 	at java.util.zip.GZIPInputStream.read(GZIPInputStream.java:118)
07-01 17:16:04.984 18156 23197 E net.osmand: 	at sun.nio.cs.StreamDecoder.readBytes(StreamDecoder.java:288)
07-01 17:16:04.984 18156 23197 E net.osmand: 	at sun.nio.cs.StreamDecoder.implRead(StreamDecoder.java:351)
07-01 17:16:04.984 18156 23197 E net.osmand: 	at sun.nio.cs.StreamDecoder.read(StreamDecoder.java:180)
07-01 17:16:04.984 18156 23197 E net.osmand: 	at java.io.InputStreamReader.read(InputStreamReader.java:184)
07-01 17:16:04.984 18156 23197 E net.osmand: 	at org.kxml2.io.KXmlParser.fillBuffer(KXmlParser.java:1516)
07-01 17:16:04.984 18156 23197 E net.osmand: 	at org.kxml2.io.KXmlParser.readValue(KXmlParser.java:1357)
07-01 17:16:04.984 18156 23197 E net.osmand: 	at org.kxml2.io.KXmlParser.parseStartTag(KXmlParser.java:1123)
07-01 17:16:04.984 18156 23197 E net.osmand: 	at org.kxml2.io.KXmlParser.next(KXmlParser.java:372)
07-01 17:16:04.984 18156 23197 E net.osmand: 	at org.kxml2.io.KXmlParser.next(KXmlParser.java:313)
07-01 17:16:04.984 18156 23197 E net.osmand: 	at net.osmand.plus.download.DownloadOsmandIndexesHelper.downloadIndexesListFromInternet(DownloadOsmandIndexesHelper.java:202)
07-01 17:16:04.984 18156 23197 E net.osmand: 	at net.osmand.plus.download.DownloadOsmandIndexesHelper.getIndexesList(DownloadOsmandIndexesHelper.java:116)
07-01 17:16:04.984 18156 23197 E net.osmand: 	at net.osmand.plus.download.DownloadIndexesThread$ReloadIndexesTask.doInBackground(DownloadIndexesThread.java:376)
07-01 17:16:04.984 18156 23197 E net.osmand: 	at net.osmand.plus.download.DownloadIndexesThread$ReloadIndexesTask.doInBackground(DownloadIndexesThread.java:359)
07-01 17:16:04.984 18156 23197 E net.osmand: 	at android.os.AsyncTask$2.call(AsyncTask.java:333)
07-01 17:16:04.984 18156 23197 E net.osmand: 	at java.util.concurrent.FutureTask.run(FutureTask.java:266)
07-01 17:16:04.984 18156 23197 E net.osmand: 	at java.util.concurrent.ThreadPoolExecutor.runWorker(ThreadPoolExecutor.java:1162)
07-01 17:16:04.984 18156 23197 E net.osmand: 	at java.util.concurrent.ThreadPoolExecutor$Worker.run(ThreadPoolExecutor.java:636)
07-01 17:16:04.984 18156 23197 E net.osmand: 	at java.lang.Thread.run(Thread.java:764)
07-01 17:16:05.369 18156 18156 D net.osmand: DayNightHelper Sunrise/sunset setting to day: true
