06-28 13:49:45.313 19546 19546 I GeofencerStateMachine: removeGeofences: removeRequest=RemoveGeofencingRequest[REMOVE_BY_PENDING_INTENT pendingIntent=PendingIntent[creatorPackage=com.google.android.gms], packageName=com.google.android.gms]
06-28 13:49:45.355  1603  1612 I zygote  : NativeAlloc concurrent copying GC freed 34210(2MB) AllocSpace objects, 1(20KB) LOS objects, 19% free, 24MB/30MB, paused 2.752ms total 681.355ms
06-28 13:49:45.375 19546 31963 W ctxmgr  : [AclManager] No 3 for (accnt=account#1066226748#, com.google.android.gms(10014):UserVelocityProducer, vrsn=17785022, 0, 3pPkg = null ,  3pMdlId = null ,  pid = 19546). Was: 2 for 1, account#1066226748# [CONTEXT service_id=47 ]
06-28 13:49:45.484 19546 31963 I ctxmgr  : [ProducerStatusImpl] updateStateForNewContextData: inactive, contextName=7 [CONTEXT service_id=47 ]
06-28 13:49:45.522 19546 19546 I GeofencerStateMachine: removeGeofences: removeRequest=RemoveGeofencingRequest[REMOVE_BY_PENDING_INTENT pendingIntent=PendingIntent[creatorPackage=com.google.android.gms], packageName=com.google.android.gms]
06-28 13:49:45.531 19546 19546 I GeofencerStateMachine: removeGeofences: removeRequest=RemoveGeofencingRequest[REMOVE_BY_PENDING_INTENT pendingIntent=PendingIntent[creatorPackage=com.google.android.gms], packageName=com.google.android.gms]
06-28 13:49:45.579 19546 32065 I PlaceInferenceEngine: [anon] Changed inference mode: 0
06-28 13:49:45.584 19546 32065 I PlaceInferenceEngine: [account#1066226748] Changed inference mode: 0
06-28 13:49:45.799 19546 32065 I Places  : ?: PlacesBleScanner start() with priority 2
06-28 13:49:45.799 19546 32065 I PlaceInferenceEngine: [anon] Changed inference mode: 1
06-28 13:49:45.799 19546 32065 I PlaceInferenceEngine: [account#1066226748] Changed inference mode: 1
06-28 13:49:45.815 19546 32065 I Places  : Converted 1 out of 1 WiFi scans
06-28 13:49:45.816  1603 11127 I WifiService: getConnectionInfo uid=10014
06-28 13:49:45.833 19546 32065 I PlaceInferenceEngine: [account#1066226748] Changed inference mode: 1
06-28 13:49:45.833 19546 32065 I PlaceInferenceEngine: [anon] Changed inference mode: 1
06-28 13:49:45.850 19546 19546 E BeaconBle: Missing BluetoothAdapter
06-28 13:49:45.851 19546 19546 I BeaconBle: BLE 'KK+' software access layer enabled
06-28 13:49:45.926 19546 19546 I BeaconBle: Client requested scan, settings=BleSettings [scanMode=ZERO_POWER, callbackType=ALL_MATCHES, reportDelayMillis=0, 1 filters, 0 clients, callingClientName=Places]
06-28 13:49:45.929 19546 19546 I BeaconBle: Scan : No clients left, canceling alarm.
06-28 13:49:45.932 19546 19546 E BeaconBle: Scan couldn't start for Places
06-28 13:49:45.932 19546 19546 W Places  : BLE failure while scanning - code 5
06-28 13:49:45.966  1603  1620 I WifiService: requestActivityInfo uid=1000
06-28 13:49:45.966  1603  1620 I WifiService: reportActivityInfo uid=1000
06-28 13:49:45.966  1603  1620 I WifiService: getSupportedFeatures uid=1000
06-28 13:49:46.022  1603  1620 E BluetoothAdapter: Bluetooth binder is null
06-28 13:49:46.035  1603  1620 E KernelCpuSpeedReader: Failed to read cpu-freq: /sys/devices/system/cpu/cpu0/cpufreq/stats/time_in_state (No such file or directory)
06-28 13:49:46.053  1603  1620 E BatteryExternalStatsWorker: modem info is invalid: ModemActivityInfo{ mTimestamp=0 mSleepTimeMs=0 mIdleTimeMs=0 mTxTimeMs[]=[0, 0, 0, 0, 0] mRxTimeMs=0 mEnergyUsed=0}
06-28 13:49:46.247 19546 19556 I zygote  : Background concurrent copying GC freed 105768(5MB) AllocSpace objects, 36(2MB) LOS objects, 31% free, 13MB/19MB, paused 5.390ms total 345.614ms
06-28 13:49:46.418  1603  1612 I zygote  : NativeAlloc concurrent copying GC freed 3723(358KB) AllocSpace objects, 0(0B) LOS objects, 19% free, 24MB/30MB, paused 1.663ms total 450.088ms
06-28 13:49:46.487 19546 32061 I PlaceInferenceEngine: No beacon scan available - ignoring candidates.
06-28 13:49:46.524 19546 32061 I PlaceInferenceEngine: No beacon scan available - ignoring candidates.
06-28 13:49:50.032 32073 32073 D AndroidRuntime: >>>>>> START com.android.internal.os.RuntimeInit uid 2000 <<<<<<
06-28 13:49:50.043 32073 32073 W app_process: Could not reserve sentinel fault page
06-28 13:49:50.156 22551 22596 I MicroDetectionWorker: #startMicroDetector [speakerMode: 0]
06-28 13:49:50.159 22551 22596 W ErrorReporter: reportError [type: 211, code: 393244, bug: 0]: errorCode: 393244, engine: 0
06-28 13:49:50.160 22551 22596 I MicroDetector: Keeping mic open: false
06-28 13:49:50.161 22551 22596 I MicroDetectionWorker: #onError(false)
06-28 13:49:50.237  1603  2079 I WifiService: acquireWifiLock uid=10014 lockMode=2
06-28 13:49:50.241 22551 22551 E TaskServiceHelper: Cannot execute TaskName.UNKNOWN (or data got corrupted).
06-28 13:49:50.303 32073 32073 W app_process: Unexpected CPU variant for X86 using defaults: x86
06-28 13:49:50.307 32073 32073 I app_process: The ClassLoaderContext is a special shared library.
06-28 13:49:50.309  1603  2079 I WifiService: releaseWifiLock uid=10014
06-28 13:49:50.330 19546 19546 I GeofencerStateMachine: sendNewTransitions called.
06-28 13:49:50.339 19546 19594 I GeofencerStateMachine: Inaccurate location dropped.
06-28 13:49:50.402 32073 32073 D AndroidRuntime: Calling main entry com.android.commands.monkey.Monkey
06-28 13:49:50.404 32073 32073 W Monkey  : args: [-p, com.skgames.trafficrider, -c, android.intent.category.LAUNCHER, 1]
06-28 13:49:50.405 32073 32073 W Monkey  :  arg: "-p"
06-28 13:49:50.405 32073 32073 W Monkey  :  arg: "com.skgames.trafficrider"
06-28 13:49:50.407 32073 32073 W Monkey  :  arg: "-c"
06-28 13:49:50.408 32073 32073 W Monkey  :  arg: "android.intent.category.LAUNCHER"
06-28 13:49:50.408 32073 32073 W Monkey  :  arg: "1"
06-28 13:49:50.409 32073 32073 W Monkey  : data="com.skgames.trafficrider"
06-28 13:49:50.410 32073 32073 W Monkey  : data="android.intent.category.LAUNCHER"
06-28 13:49:50.466  1603  1617 W BroadcastQueue: Skipping deliver [background] BroadcastRecord{6c853f5 u-1 android.net.conn.CONNECTIVITY_CHANGE} to ReceiverList{15e958a 32073 (unknown name)/2000/u-1 remote:c3a5cdf}: process gone or crashing
06-28 13:49:50.552  1603  2149 I ActivityManager: START u0 {act=android.intent.action.MAIN cat=[android.intent.category.LAUNCHER] flg=0x10200000 cmp=com.skgames.trafficrider/com.prime31.UnityPlayerNativeActivity} from uid 2000
06-28 13:49:50.553  1603  2149 W Binder  : Outgoing transactions from this process must be FLAG_ONEWAY
06-28 13:49:50.553  1603  2149 W Binder  : java.lang.Throwable
06-28 13:49:50.553  1603  2149 W Binder  : 	at android.os.BinderProxy.transact(Binder.java:752)
06-28 13:49:50.553  1603  2149 W Binder  : 	at android.app.IActivityController$Stub$Proxy.activityStarting(IActivityController.java:172)
06-28 13:49:50.553  1603  2149 W Binder  : 	at com.android.server.am.ActivityStarter.startActivity(ActivityStarter.java:449)
06-28 13:49:50.553  1603  2149 W Binder  : 	at com.android.server.am.ActivityStarter.startActivityLocked(ActivityStarter.java:278)
06-28 13:49:50.553  1603  2149 W Binder  : 	at com.android.server.am.ActivityStarter.startActivityMayWait(ActivityStarter.java:817)
06-28 13:49:50.553  1603  2149 W Binder  : 	at com.android.server.am.ActivityManagerService.startActivityAsUser(ActivityManagerService.java:4532)
06-28 13:49:50.553  1603  2149 W Binder  : 	at com.android.server.am.ActivityManagerService.startActivity(ActivityManagerService.java:4519)
06-28 13:49:50.553  1603  2149 W Binder  : 	at android.app.IActivityManager$Stub.onTransact(IActivityManager.java:121)
06-28 13:49:50.553  1603  2149 W Binder  : 	at com.android.server.am.ActivityManagerService.onTransact(ActivityManagerService.java:2919)
06-28 13:49:50.553  1603  2149 W Binder  : 	at android.os.Binder.execTransact(Binder.java:697)
06-28 13:49:50.616  1401  1401 D gralloc_ranchu: gralloc_alloc: Creating ashmem region of size 8298496
06-28 13:49:50.688  1412  1412 E EGL_emulation: tid 1412: eglCreateSyncKHR(1962): error 0x3004 (EGL_BAD_ATTRIBUTE)
06-28 13:49:50.695  1603  1651 W LocalDisplayAdapter: Unable to find color mode 0, ignoring request.
06-28 13:49:50.769 32073 32073 I Monkey  : Events injected: 1
06-28 13:49:50.786  1603  2079 I ActivityManager: Start proc 32083:com.skgames.trafficrider/u0a81 for activity com.skgames.trafficrider/com.prime31.UnityPlayerNativeActivity
06-28 13:49:50.789 32083 32083 W zygote  : Unexpected CPU variant for X86 using defaults: x86
06-28 13:49:50.810  1603  1651 I ActivityManager: Config changes=480 {1.0 310mcc260mnc [en_US] ldltr sw411dp w683dp h387dp 420dpi nrml land finger qwerty/v/v -nav/h appBounds=Rect(0, 0 - 1794, 1080) s.93}
06-28 13:49:50.833 22551 22593 D EGL_emulation: eglMakeCurrent: 0xa6785780: ver 2 0 (tinfo 0xa6783330)
06-28 13:49:50.842  1603  1651 I ActivityManager: Override config changes=480 {1.0 310mcc260mnc [en_US] ldltr sw411dp w683dp h387dp 420dpi nrml land finger qwerty/v/v -nav/h appBounds=Rect(0, 0 - 1794, 1080) s.93} for displayId=0
06-28 13:49:50.903  1603  1651 W LocalDisplayAdapter: Unable to find color mode 0, ignoring request.
06-28 13:49:50.924  1603  1666 I InputReader: Reconfiguring input devices.  changes=0x00000004
06-28 13:49:50.924  1603  1666 I InputReader: Device reconfigured: id=0, name='qwerty2', size 1080x1920, orientation 1, mode 1, display id 0
06-28 13:49:50.969  1401  1401 D gralloc_ranchu: gralloc_alloc: Creating ashmem region of size 8298496
06-28 13:49:51.047 19782 19782 I KeyboardViewUtil: systemKeyboardHeightRatio:1.000000; userKeyboardHeightRatio:1.000000.
06-28 13:49:51.052  1401  1401 D gralloc_ranchu: gralloc_alloc: Creating ashmem region of size 544768
06-28 13:49:51.059  1603 11127 W LocalDisplayAdapter: Unable to find color mode 0, ignoring request.
06-28 13:49:51.075  1603 11127 W ActivityManager: Slow operation: 105ms so far, now at attachApplicationLocked: after mServices.attachApplicationLocked
06-28 13:49:51.083  1603  1618 W Looper  : Dispatch took 157ms on android.ui, h=Handler (com.android.server.am.ActivityManagerService$UiHandler) {5717402} cb=null msg=53
06-28 13:49:51.091 32073 32073 I Monkey  : ## Network stats: elapsed time=226ms (0ms mobile, 0ms wifi, 226ms not connected)
06-28 13:49:51.092  2548  2598 D EGL_emulation: eglMakeCurrent: 0xa6785780: ver 2 0 (tinfo 0xa6783370)
06-28 13:49:51.096 32073 32073 I com.android.commands.monkey: System.exit called, status: 0
06-28 13:49:51.096 32073 32073 I AndroidRuntime: VM exiting with result code 0.
06-28 13:49:51.128  1603 11127 W LocalDisplayAdapter: Unable to find color mode 0, ignoring request.
06-28 13:49:51.129  1603  1666 I InputReader: Reconfiguring input devices.  changes=0x00000004
06-28 13:49:51.132  1708  1926 D EGL_emulation: eglMakeCurrent: 0x9268e860: ver 2 0 (tinfo 0x92690770)
06-28 13:49:51.181  1401  1401 D gralloc_ranchu: gralloc_alloc: Creating ashmem region of size 544768
06-28 13:49:51.217  1409  1409 I boot-pipe: done populating /dev/random
06-28 13:49:51.223 19782 19782 I DeviceStatusMonitor: onReceive() : Action = android.intent.action.CONFIGURATION_CHANGED
06-28 13:49:51.224 19782 19782 I ConfigNotification: Get device mode by ui mode:1 and smallestScreenWidthDp:411
06-28 13:49:51.224 19782 19782 I chatty  : uid=10060(com.google.android.inputmethod.latin) identical 2 lines
06-28 13:49:51.225 19782 19782 I ConfigNotification: Get device mode by ui mode:1 and smallestScreenWidthDp:411
06-28 13:49:51.257  1603  1666 I InputReader: Reconfiguring input devices.  changes=0x00000004
06-28 13:49:51.373  1603  2149 W LocalDisplayAdapter: Unable to find color mode 0, ignoring request.
06-28 13:49:51.300  1603  1666 I chatty  : uid=1000(system) InputReader identical 1 line
06-28 13:49:51.385  1603  1666 I InputReader: Reconfiguring input devices.  changes=0x00000004
06-28 13:49:51.425  1708  1708 D EGL_emulation: eglCreateContext: 0x9275e620: maj 2 min 0 rcv 2
06-28 13:49:51.441  1708  1708 D EGL_emulation: eglMakeCurrent: 0x9275e620: ver 2 0 (tinfo 0x92183a80)
06-28 13:49:51.451  1401  1401 D gralloc_ranchu: gralloc_alloc: Creating ashmem region of size 9547776
06-28 13:49:51.486  1708  1708 D EGL_emulation: eglMakeCurrent: 0x9275e620: ver 2 0 (tinfo 0x92183a80)
06-28 13:49:51.573  1401  1401 D gralloc_ranchu: gralloc_alloc: Creating ashmem region of size 9547776
06-28 13:49:51.693  1708  1708 I Choreographer: Skipped 38 frames!  The application may be doing too much work on its main thread.
06-28 13:49:51.706  1401  1401 D gralloc_ranchu: gralloc_alloc: Creating ashmem region of size 544768
06-28 13:49:51.741  1708  1708 W StaticLayout: maxLineHeight should not be -1.  maxLines:1 lineCount:1
06-28 13:49:51.746  1708  1708 I chatty  : uid=10029(com.android.systemui) identical 1 line
06-28 13:49:51.747  1708  1708 W StaticLayout: maxLineHeight should not be -1.  maxLines:1 lineCount:1
06-28 13:49:51.752  1708  1708 W StaticLayout: maxLineHeight should not be -1.  maxLines:7 lineCount:7
06-28 13:49:51.785  1708  1708 I chatty  : uid=10029(com.android.systemui) identical 6 lines
06-28 13:49:51.786  1708  1708 W StaticLayout: maxLineHeight should not be -1.  maxLines:7 lineCount:7
06-28 13:49:51.792  1708  1708 W StaticLayout: maxLineHeight should not be -1.  maxLines:1 lineCount:1
06-28 13:49:51.793  1708  1708 I chatty  : uid=10029(com.android.systemui) identical 1 line
06-28 13:49:51.794  1708  1708 W StaticLayout: maxLineHeight should not be -1.  maxLines:1 lineCount:1
06-28 13:49:51.796  1708  1708 W StaticLayout: maxLineHeight should not be -1.  maxLines:7 lineCount:7
06-28 13:49:51.823  1708  1708 I chatty  : uid=10029(com.android.systemui) identical 4 lines
06-28 13:49:51.823  1708  1708 W StaticLayout: maxLineHeight should not be -1.  maxLines:7 lineCount:7
06-28 13:49:51.893  1401  1401 D gralloc_ranchu: gralloc_alloc: Creating ashmem region of size 487424
06-28 13:49:51.910  1708  1708 W StaticLayout: maxLineHeight should not be -1.  maxLines:1 lineCount:1
06-28 13:49:51.913  1708  1708 I chatty  : uid=10029(com.android.systemui) identical 1 line
06-28 13:49:51.915  1708  1708 W StaticLayout: maxLineHeight should not be -1.  maxLines:1 lineCount:1
06-28 13:49:51.922  1708  1708 W StaticLayout: maxLineHeight should not be -1.  maxLines:7 lineCount:7
06-28 13:49:51.952  1708  1708 I chatty  : uid=10029(com.android.systemui) identical 6 lines
06-28 13:49:51.953  1708  1708 W StaticLayout: maxLineHeight should not be -1.  maxLines:7 lineCount:7
06-28 13:49:51.956  1708  1708 W StaticLayout: maxLineHeight should not be -1.  maxLines:1 lineCount:1
06-28 13:49:51.956  1708  1708 I chatty  : uid=10029(com.android.systemui) identical 1 line
06-28 13:49:51.957  1708  1708 W StaticLayout: maxLineHeight should not be -1.  maxLines:1 lineCount:1
06-28 13:49:51.958  1708  1708 W StaticLayout: maxLineHeight should not be -1.  maxLines:7 lineCount:7
06-28 13:49:51.979  1708  1708 I chatty  : uid=10029(com.android.systemui) identical 4 lines
06-28 13:49:51.980  1708  1708 W StaticLayout: maxLineHeight should not be -1.  maxLines:7 lineCount:7
06-28 13:49:52.019 32083 32083 I Prime31 : found Activity proxy class: class com.prime31.PlayGameServicesPlugin
06-28 13:49:52.022 32083 32083 I Prime31 : found Activity proxy class: class com.prime31.EtceteraPlugin
06-28 13:49:52.023 32083 32083 I Prime31 : force checked for decor view: DecorView@ce2f4e4[]
06-28 13:49:52.024 32083 32083 I Prime31 : onCreate. calling through to init
06-28 13:49:52.026 32083 32083 I Prime31 : leaving CLIENT_SNAPSHOT support in requested clients
06-28 13:49:52.036  1708  1708 D StatusBar: disable<e i a s b h r c s q >
06-28 13:49:52.050  1708  1926 D EGL_emulation: eglMakeCurrent: 0x9268e860: ver 2 0 (tinfo 0x92690770)
06-28 13:49:52.054 32083 32083 D Prime31-GH: GameHelper: Debug log enabled.
06-28 13:49:52.054 32083 32083 D Prime31-GH: GameHelper: Forcing mConnectOnStart=false
06-28 13:49:52.055 32083 32083 I Prime31 : setting connectOnStart to false due to Play SDK bug where silent authentication is not always silent and displays some UI.
06-28 13:49:52.058 32083 32083 I Prime31 : init. calling through to GameHelper.setup
06-28 13:49:52.092 32083 32083 I zygote  : Rejecting re-init on previously-failed class java.lang.Class<android.support.v4.app.SupportActivity>: java.lang.NoClassDefFoundError: Failed resolution of: Landroid/arch/lifecycle/LifecycleOwner;
06-28 13:49:52.092 32083 32083 I zygote  :   at com.google.android.gms.common.api.GoogleApiClient$Builder com.prime31.GameHelper.createApiClientBuilder() (GameHelper.java:272)
06-28 13:49:52.092 32083 32083 I zygote  :   at void com.prime31.GameHelper.setup(com.prime31.GameHelper$GameHelperListener) (GameHelper.java:320)
06-28 13:49:52.092 32083 32083 I zygote  :   at void com.prime31.PlayGameServicesPlugin.initImpl() (PlayGameServicesPlugin.java:842)
06-28 13:49:52.092 32083 32083 I zygote  :   at void com.prime31.PlayGameServicesPlugin.onCreate(android.os.Bundle) (PlayGameServicesPlugin.java:576)
06-28 13:49:52.092 32083 32083 I zygote  :   at java.lang.Object java.lang.reflect.Method.invoke(java.lang.Object, java.lang.Object[]) (Method.java:-2)
06-28 13:49:52.092 32083 32083 I zygote  :   at void com.prime31.ActivityProxyObjectHelper.onCreate(android.os.Bundle) (ActivityProxyObjectHelper.java:81)
06-28 13:49:52.092 32083 32083 I zygote  :   at void com.prime31.UnityPlayerNativeActivity.onCreate(android.os.Bundle) (UnityPlayerNativeActivity.java:24)
06-28 13:49:52.092 32083 32083 I zygote  :   at void android.app.Activity.performCreate(android.os.Bundle, android.os.PersistableBundle) (Activity.java:7009)
06-28 13:49:52.092 32083 32083 I zygote  :   at void android.app.Activity.performCreate(android.os.Bundle) (Activity.java:7000)
06-28 13:49:52.092 32083 32083 I zygote  :   at void android.app.Instrumentation.callActivityOnCreate(android.app.Activity, android.os.Bundle) (Instrumentation.java:1214)
06-28 13:49:52.092 32083 32083 I zygote  :   at android.app.Activity android.app.ActivityThread.performLaunchActivity(android.app.ActivityThread$ActivityClientRecord, android.content.Intent) (ActivityThread.java:2731)
06-28 13:49:52.092 32083 32083 I zygote  :   at void android.app.ActivityThread.handleLaunchActivity(android.app.ActivityThread$ActivityClientRecord, android.content.Intent, java.lang.String) (ActivityThread.java:2856)
06-28 13:49:52.093 32083 32083 I zygote  :   at void android.app.ActivityThread.-wrap11(android.app.ActivityThread, android.app.ActivityThread$ActivityClientRecord, android.content.Intent, java.lang.String) (ActivityThread.java:-1)
06-28 13:49:52.093 32083 32083 I zygote  :   at void android.app.ActivityThread$H.handleMessage(android.os.Message) (ActivityThread.java:1589)
06-28 13:49:52.093 32083 32083 I zygote  :   at void android.os.Handler.dispatchMessage(android.os.Message) (Handler.java:106)
06-28 13:49:52.093 32083 32083 I zygote  :   at void android.os.Looper.loop() (Looper.java:164)
06-28 13:49:52.093 32083 32083 I zygote  :   at void android.app.ActivityThread.main(java.lang.String[]) (ActivityThread.java:6494)
06-28 13:49:52.093 32083 32083 I zygote  :   at java.lang.Object java.lang.reflect.Method.invoke(java.lang.Object, java.lang.Object[]) (Method.java:-2)
06-28 13:49:52.093 32083 32083 I zygote  :   at void com.android.internal.os.RuntimeInit$MethodAndArgsCaller.run() (RuntimeInit.java:438)
06-28 13:49:52.093 32083 32083 I zygote  :   at void com.android.internal.os.ZygoteInit.main(java.lang.String[]) (ZygoteInit.java:807)
06-28 13:49:52.093 32083 32083 I zygote  : Caused by: java.lang.ClassNotFoundException: Didn't find class "android.arch.lifecycle.LifecycleOwner" on path: DexPathList[[zip file "/data/app/com.skgames.trafficrider-8MkMJgIy5hnw5CqDvUue2A==/base.apk"],nativeLibraryDirectories=[/data/app/com.skgames.trafficrider-8MkMJgIy5hnw5CqDvUue2A==/lib/x86, /data/app/com.skgames.trafficrider-8MkMJgIy5hnw5CqDvUue2A==/base.apk!/lib/x86, /system/lib, /vendor/lib]]
06-28 13:49:52.093 32083 32083 I zygote  :   at java.lang.Class dalvik.system.BaseDexClassLoader.findClass(java.lang.String) (BaseDexClassLoader.java:125)
06-28 13:49:52.093 32083 32083 I zygote  :   at java.lang.Class java.lang.ClassLoader.loadClass(java.lang.String, boolean) (ClassLoader.java:379)
06-28 13:49:52.093 32083 32083 I zygote  :   at java.lang.Class java.lang.ClassLoader.loadClass(java.lang.String) (ClassLoader.java:312)
06-28 13:49:52.093 32083 32083 I zygote  :   at com.google.android.gms.common.api.GoogleApiClient$Builder com.prime31.GameHelper.createApiClientBuilder() (GameHelper.java:272)
06-28 13:49:52.093 32083 32083 I zygote  :   at void com.prime31.GameHelper.setup(com.prime31.GameHelper$GameHelperListener) (GameHelper.java:320)
06-28 13:49:52.093 32083 32083 I zygote  :   at void com.prime31.PlayGameServicesPlugin.initImpl() (PlayGameServicesPlugin.java:842)
06-28 13:49:52.093 32083 32083 I zygote  :   at void com.prime31.PlayGameServicesPlugin.onCreate(android.os.Bundle) (PlayGameServicesPlugin.java:576)
06-28 13:49:52.093 32083 32083 I zygote  :   at java.lang.Object java.lang.reflect.Method.invoke(java.lang.Object, java.lang.Object[]) (Method.java:-2)
06-28 13:49:52.093 32083 32083 I zygote  :   at void com.prime31.ActivityProxyObjectHelper.onCreate(android.os.Bundle) (ActivityProxyObjectHelper.java:81)
06-28 13:49:52.094 32083 32083 I zygote  :   at void com.prime31.UnityPlayerNativeActivity.onCreate(android.os.Bundle) (UnityPlayerNativeActivity.java:24)
06-28 13:49:52.094 32083 32083 I zygote  :   at void android.app.Activity.performCreate(android.os.Bundle, android.os.PersistableBundle) (Activity.java:7009)
06-28 13:49:52.094 32083 32083 I zygote  :   at void android.app.Activity.performCreate(android.os.Bundle) (Activity.java:7000)
06-28 13:49:52.094 32083 32083 I zygote  :   at void android.app.Instrumentation.callActivityOnCreate(android.app.Activity, android.os.Bundle) (Instrumentation.java:1214)
06-28 13:49:52.094 32083 32083 I zygote  :   at android.app.Activity android.app.ActivityThread.performLaunchActivity(android.app.ActivityThread$ActivityClientRecord, android.content.Intent) (ActivityThread.java:2731)
06-28 13:49:52.094 32083 32083 I zygote  :   at void android.app.ActivityThread.handleLaunchActivity(android.app.ActivityThread$ActivityClientRecord, android.content.Intent, java.lang.String) (ActivityThread.java:2856)
06-28 13:49:52.094 32083 32083 I zygote  :   at void android.app.ActivityThread.-wrap11(android.app.ActivityThread, android.app.ActivityThread$ActivityClientRecord, android.content.Intent, java.lang.String) (ActivityThread.java:-1)
06-28 13:49:52.094 32083 32083 I zygote  :   at void android.app.ActivityThread$H.handleMessage(android.os.Message) (ActivityThread.java:1589)
06-28 13:49:52.094 32083 32083 I zygote  :   at void android.os.Handler.dispatchMessage(android.os.Message) (Handler.java:106)
06-28 13:49:52.094 32083 32083 I zygote  :   at void android.os.Looper.loop() (Looper.java:164)
06-28 13:49:52.094 32083 32083 I zygote  :   at void android.app.ActivityThread.main(java.lang.String[]) (ActivityThread.java:6494)
06-28 13:49:52.094 32083 32083 I zygote  :   at java.lang.Object java.lang.reflect.Method.invoke(java.lang.Object, java.lang.Object[]) (Method.java:-2)
06-28 13:49:52.094 32083 32083 I zygote  :   at void com.android.internal.os.RuntimeInit$MethodAndArgsCaller.run() (RuntimeInit.java:438)
06-28 13:49:52.094 32083 32083 I zygote  :   at void com.android.internal.os.ZygoteInit.main(java.lang.String[]) (ZygoteInit.java:807)
06-28 13:49:52.094 32083 32083 I zygote  : 
06-28 13:49:52.095 32083 32083 I zygote  : Rejecting re-init on previously-failed class java.lang.Class<android.support.v4.app.BaseFragmentActivityApi14>: java.lang.NoClassDefFoundError: Failed resolution of: Landroid/support/v4/app/SupportActivity;
06-28 13:49:52.095 32083 32083 I zygote  :   at com.google.android.gms.common.api.GoogleApiClient$Builder com.prime31.GameHelper.createApiClientBuilder() (GameHelper.java:272)
06-28 13:49:52.095 32083 32083 I zygote  :   at void com.prime31.GameHelper.setup(com.prime31.GameHelper$GameHelperListener) (GameHelper.java:320)
06-28 13:49:52.095 32083 32083 I zygote  :   at void com.prime31.PlayGameServicesPlugin.initImpl() (PlayGameServicesPlugin.java:842)
06-28 13:49:52.095 32083 32083 I zygote  :   at void com.prime31.PlayGameServicesPlugin.onCreate(android.os.Bundle) (PlayGameServicesPlugin.java:576)
06-28 13:49:52.096 32083 32083 I zygote  :   at java.lang.Object java.lang.reflect.Method.invoke(java.lang.Object, java.lang.Object[]) (Method.java:-2)
06-28 13:49:52.096 32083 32083 I zygote  :   at void com.prime31.ActivityProxyObjectHelper.onCreate(android.os.Bundle) (ActivityProxyObjectHelper.java:81)
06-28 13:49:52.096 32083 32083 I zygote  :   at void com.prime31.UnityPlayerNativeActivity.onCreate(android.os.Bundle) (UnityPlayerNativeActivity.java:24)
06-28 13:49:52.096 32083 32083 I zygote  :   at void android.app.Activity.performCreate(android.os.Bundle, android.os.PersistableBundle) (Activity.java:7009)
06-28 13:49:52.096 32083 32083 I zygote  :   at void android.app.Activity.performCreate(android.os.Bundle) (Activity.java:7000)
06-28 13:49:52.096 32083 32083 I zygote  :   at void android.app.Instrumentation.callActivityOnCreate(android.app.Activity, android.os.Bundle) (Instrumentation.java:1214)
06-28 13:49:52.096 32083 32083 I zygote  :   at android.app.Activity android.app.ActivityThread.performLaunchActivity(android.app.ActivityThread$ActivityClientRecord, android.content.Intent) (ActivityThread.java:2731)
06-28 13:49:52.096 32083 32083 I zygote  :   at void android.app.ActivityThread.handleLaunchActivity(android.app.ActivityThread$ActivityClientRecord, android.content.Intent, java.lang.String) (ActivityThread.java:2856)
06-28 13:49:52.096 32083 32083 I zygote  :   at void android.app.ActivityThread.-wrap11(android.app.ActivityThread, android.app.ActivityThread$ActivityClientRecord, android.content.Intent, java.lang.String) (ActivityThread.java:-1)
06-28 13:49:52.096 32083 32083 I zygote  :   at void android.app.ActivityThread$H.handleMessage(android.os.Message) (ActivityThread.java:1589)
06-28 13:49:52.096 32083 32083 I zygote  :   at void android.os.Handler.dispatchMessage(android.os.Message) (Handler.java:106)
06-28 13:49:52.096 32083 32083 I zygote  :   at void android.os.Looper.loop() (Looper.java:164)
06-28 13:49:52.096 32083 32083 I zygote  :   at void android.app.ActivityThread.main(java.lang.String[]) (ActivityThread.java:6494)
06-28 13:49:52.096 32083 32083 I zygote  :   at java.lang.Object java.lang.reflect.Method.invoke(java.lang.Object, java.lang.Object[]) (Method.java:-2)
06-28 13:49:52.096 32083 32083 I zygote  :   at void com.android.internal.os.RuntimeInit$MethodAndArgsCaller.run() (RuntimeInit.java:438)
06-28 13:49:52.096 32083 32083 I zygote  :   at void com.android.internal.os.ZygoteInit.main(java.lang.String[]) (ZygoteInit.java:807)
06-28 13:49:52.096 32083 32083 I zygote  : Caused by: java.lang.ClassNotFoundException: android.support.v4.app.SupportActivity
06-28 13:49:52.096 32083 32083 I zygote  :   at java.lang.Class java.lang.VMClassLoader.findLoadedClass(java.lang.ClassLoader, java.lang.String) (VMClassLoader.java:-2)
06-28 13:49:52.096 32083 32083 I zygote  :   at java.lang.Class java.lang.ClassLoader.findLoadedClass(java.lang.String) (ClassLoader.java:738)
06-28 13:49:52.096 32083 32083 I zygote  :   at java.lang.Class java.lang.ClassLoader.loadClass(java.lang.String, boolean) (ClassLoader.java:363)
06-28 13:49:52.096 32083 32083 I zygote  :   at java.lang.Class java.lang.ClassLoader.loadClass(java.lang.String) (ClassLoader.java:312)
06-28 13:49:52.097 32083 32083 I zygote  :   at com.google.android.gms.common.api.GoogleApiClient$Builder com.prime31.GameHelper.createApiClientBuilder() (GameHelper.java:272)
06-28 13:49:52.097 32083 32083 I zygote  :   at void com.prime31.GameHelper.setup(com.prime31.GameHelper$GameHelperListener) (GameHelper.java:320)
06-28 13:49:52.097 32083 32083 I zygote  :   at void com.prime31.PlayGameServicesPlugin.initImpl() (PlayGameServicesPlugin.java:842)
06-28 13:49:52.097 32083 32083 I zygote  :   at void com.prime31.PlayGameServicesPlugin.onCreate(android.os.Bundle) (PlayGameServicesPlugin.java:576)
06-28 13:49:52.097 32083 32083 I zygote  :   at java.lang.Object java.lang.reflect.Method.invoke(java.lang.Object, java.lang.Object[]) (Method.java:-2)
06-28 13:49:52.097 32083 32083 I zygote  :   at void com.prime31.ActivityProxyObjectHelper.onCreate(android.os.Bundle) (ActivityProxyObjectHelper.java:81)
06-28 13:49:52.097 32083 32083 I zygote  :   at void com.prime31.UnityPlayerNativeActivity.onCreate(android.os.Bundle) (UnityPlayerNativeActivity.java:24)
06-28 13:49:52.097 32083 32083 I zygote  :   at void android.app.Activity.performCreate(android.os.Bundle, android.os.PersistableBundle) (Activity.java:7009)
06-28 13:49:52.097 32083 32083 I zygote  :   at void android.app.Activity.performCreate(android.os.Bundle) (Activity.java:7000)
06-28 13:49:52.097 32083 32083 I zygote  :   at void android.app.Instrumentation.callActivityOnCreate(android.app.Activity, android.os.Bundle) (Instrumentation.java:1214)
06-28 13:49:52.097 32083 32083 I zygote  :   at android.app.Activity android.app.ActivityThread.performLaunchActivity(android.app.ActivityThread$ActivityClientRecord, android.content.Intent) (ActivityThread.java:2731)
06-28 13:49:52.097 32083 32083 I zygote  :   at void android.app.ActivityThread.handleLaunchActivity(android.app.ActivityThread$ActivityClientRecord, android.content.Intent, java.lang.String) (ActivityThread.java:2856)
06-28 13:49:52.097 32083 32083 I zygote  :   at void android.app.ActivityThread.-wrap11(android.app.ActivityThread, android.app.ActivityThread$ActivityClientRecord, android.content.Intent, java.lang.String) (ActivityThread.java:-1)
06-28 13:49:52.097 32083 32083 I zygote  :   at void android.app.ActivityThread$H.handleMessage(android.os.Message) (ActivityThread.java:1589)
06-28 13:49:52.097 32083 32083 I zygote  :   at void android.os.Handler.dispatchMessage(android.os.Message) (Handler.java:106)
06-28 13:49:52.097 32083 32083 I zygote  :   at void android.os.Looper.loop() (Looper.java:164)
06-28 13:49:52.097 32083 32083 I zygote  :   at void android.app.ActivityThread.main(java.lang.String[]) (ActivityThread.java:6494)
06-28 13:49:52.097 32083 32083 I zygote  :   at java.lang.Object java.lang.reflect.Method.invoke(java.lang.Object, java.lang.Object[]) (Method.java:-2)
06-28 13:49:52.098 32083 32083 I zygote  :   at void com.android.internal.os.RuntimeInit$MethodAndArgsCaller.run() (RuntimeInit.java:438)
06-28 13:49:52.098 32083 32083 I zygote  :   at void com.android.internal.os.ZygoteInit.main(java.lang.String[]) (ZygoteInit.java:807)
06-28 13:49:52.098 32083 32083 I zygote  : 
06-28 13:49:52.099 32083 32083 I zygote  : Rejecting re-init on previously-failed class java.lang.Class<android.support.v4.app.BaseFragmentActivityApi16>: java.lang.NoClassDefFoundError: Failed resolution of: Landroid/support/v4/app/BaseFragmentActivityApi14;
06-28 13:49:52.099 32083 32083 I zygote  :   at com.google.android.gms.common.api.GoogleApiClient$Builder com.prime31.GameHelper.createApiClientBuilder() (GameHelper.java:272)
06-28 13:49:52.099 32083 32083 I zygote  :   at void com.prime31.GameHelper.setup(com.prime31.GameHelper$GameHelperListener) (GameHelper.java:320)
06-28 13:49:52.099 32083 32083 I zygote  :   at void com.prime31.PlayGameServicesPlugin.initImpl() (PlayGameServicesPlugin.java:842)
06-28 13:49:52.099 32083 32083 I zygote  :   at void com.prime31.PlayGameServicesPlugin.onCreate(android.os.Bundle) (PlayGameServicesPlugin.java:576)
06-28 13:49:52.099 32083 32083 I zygote  :   at java.lang.Object java.lang.reflect.Method.invoke(java.lang.Object, java.lang.Object[]) (Method.java:-2)
06-28 13:49:52.099 32083 32083 I zygote  :   at void com.prime31.ActivityProxyObjectHelper.onCreate(android.os.Bundle) (ActivityProxyObjectHelper.java:81)
06-28 13:49:52.099 32083 32083 I zygote  :   at void com.prime31.UnityPlayerNativeActivity.onCreate(android.os.Bundle) (UnityPlayerNativeActivity.java:24)
06-28 13:49:52.099 32083 32083 I zygote  :   at void android.app.Activity.performCreate(android.os.Bundle, android.os.PersistableBundle) (Activity.java:7009)
06-28 13:49:52.099 32083 32083 I zygote  :   at void android.app.Activity.performCreate(android.os.Bundle) (Activity.java:7000)
06-28 13:49:52.099 32083 32083 I zygote  :   at void android.app.Instrumentation.callActivityOnCreate(android.app.Activity, android.os.Bundle) (Instrumentation.java:1214)
06-28 13:49:52.099 32083 32083 I zygote  :   at android.app.Activity android.app.ActivityThread.performLaunchActivity(android.app.ActivityThread$ActivityClientRecord, android.content.Intent) (ActivityThread.java:2731)
06-28 13:49:52.099 32083 32083 I zygote  :   at void android.app.ActivityThread.handleLaunchActivity(android.app.ActivityThread$ActivityClientRecord, android.content.Intent, java.lang.String) (ActivityThread.java:2856)
06-28 13:49:52.099 32083 32083 I zygote  :   at void android.app.ActivityThread.-wrap11(android.app.ActivityThread, android.app.ActivityThread$ActivityClientRecord, android.content.Intent, java.lang.String) (ActivityThread.java:-1)
06-28 13:49:52.099 32083 32083 I zygote  :   at void android.app.ActivityThread$H.handleMessage(android.os.Message) (ActivityThread.java:1589)
06-28 13:49:52.099 32083 32083 I zygote  :   at void android.os.Handler.dispatchMessage(android.os.Message) (Handler.java:106)
06-28 13:49:52.099 32083 32083 I zygote  :   at void android.os.Looper.loop() (Looper.java:164)
06-28 13:49:52.100 32083 32083 I zygote  :   at void android.app.ActivityThread.main(java.lang.String[]) (ActivityThread.java:6494)
06-28 13:49:52.100 32083 32083 I zygote  :   at java.lang.Object java.lang.reflect.Method.invoke(java.lang.Object, java.lang.Object[]) (Method.java:-2)
06-28 13:49:52.100 32083 32083 I zygote  :   at void com.android.internal.os.RuntimeInit$MethodAndArgsCaller.run() (RuntimeInit.java:438)
06-28 13:49:52.100 32083 32083 I zygote  :   at void com.android.internal.os.ZygoteInit.main(java.lang.String[]) (ZygoteInit.java:807)
06-28 13:49:52.100 32083 32083 I zygote  : Caused by: java.lang.ClassNotFoundException: android.support.v4.app.BaseFragmentActivityApi14
06-28 13:49:52.100 32083 32083 I zygote  :   at java.lang.Class java.lang.VMClassLoader.findLoadedClass(java.lang.ClassLoader, java.lang.String) (VMClassLoader.java:-2)
06-28 13:49:52.100 32083 32083 I zygote  :   at java.lang.Class java.lang.ClassLoader.findLoadedClass(java.lang.String) (ClassLoader.java:738)
06-28 13:49:52.100 32083 32083 I zygote  :   at java.lang.Class java.lang.ClassLoader.loadClass(java.lang.String, boolean) (ClassLoader.java:363)
06-28 13:49:52.100 32083 32083 I zygote  :   at java.lang.Class java.lang.ClassLoader.loadClass(java.lang.String) (ClassLoader.java:312)
06-28 13:49:52.100 32083 32083 I zygote  :   at com.google.android.gms.common.api.GoogleApiClient$Builder com.prime31.GameHelper.createApiClientBuilder() (GameHelper.java:272)
06-28 13:49:52.100 32083 32083 I zygote  :   at void com.prime31.GameHelper.setup(com.prime31.GameHelper$GameHelperListener) (GameHelper.java:320)
06-28 13:49:52.100 32083 32083 I zygote  :   at void com.prime31.PlayGameServicesPlugin.initImpl() (PlayGameServicesPlugin.java:842)
06-28 13:49:52.100 32083 32083 I zygote  :   at void com.prime31.PlayGameServicesPlugin.onCreate(android.os.Bundle) (PlayGameServicesPlugin.java:576)
06-28 13:49:52.100 32083 32083 I zygote  :   at java.lang.Object java.lang.reflect.Method.invoke(java.lang.Object, java.lang.Object[]) (Method.java:-2)
06-28 13:49:52.100 32083 32083 I zygote  :   at void com.prime31.ActivityProxyObjectHelper.onCreate(android.os.Bundle) (ActivityProxyObjectHelper.java:81)
06-28 13:49:52.100 32083 32083 I zygote  :   at void com.prime31.UnityPlayerNativeActivity.onCreate(android.os.Bundle) (UnityPlayerNativeActivity.java:24)
06-28 13:49:52.100 32083 32083 I zygote  :   at void android.app.Activity.performCreate(android.os.Bundle, android.os.PersistableBundle) (Activity.java:7009)
06-28 13:49:52.100 32083 32083 I zygote  :   at void android.app.Activity.performCreate(android.os.Bundle) (Activity.java:7000)
06-28 13:49:52.101 32083 32083 I zygote  :   at void android.app.Instrumentation.callActivityOnCreate(android.app.Activity, android.os.Bundle) (Instrumentation.java:1214)
06-28 13:49:52.101 32083 32083 I zygote  :   at android.app.Activity android.app.ActivityThread.performLaunchActivity(android.app.ActivityThread$ActivityClientRecord, android.content.Intent) (ActivityThread.java:2731)
06-28 13:49:52.101 32083 32083 I zygote  :   at void android.app.ActivityThread.handleLaunchActivity(android.app.ActivityThread$ActivityClientRecord, android.content.Intent, java.lang.String) (ActivityThread.java:2856)
06-28 13:49:52.101 32083 32083 I zygote  :   at void android.app.ActivityThread.-wrap11(android.app.ActivityThread, android.app.ActivityThread$ActivityClientRecord, android.content.Intent, java.lang.String) (ActivityThread.java:-1)
06-28 13:49:52.101 32083 32083 I zygote  :   at void android.app.ActivityThread$H.handleMessage(android.os.Message) (ActivityThread.java:1589)
06-28 13:49:52.101 32083 32083 I zygote  :   at void android.os.Handler.dispatchMessage(android.os.Message) (Handler.java:106)
06-28 13:49:52.101 32083 32083 I zygote  :   at void android.os.Looper.loop() (Looper.java:164)
06-28 13:49:52.101 32083 32083 I zygote  :   at void android.app.ActivityThread.main(java.lang.String[]) (ActivityThread.java:6494)
06-28 13:49:52.101 32083 32083 I zygote  :   at java.lang.Object java.lang.reflect.Method.invoke(java.lang.Object, java.lang.Object[]) (Method.java:-2)
06-28 13:49:52.101 32083 32083 I zygote  :   at void com.android.internal.os.RuntimeInit$MethodAndArgsCaller.run() (RuntimeInit.java:438)
06-28 13:49:52.101 32083 32083 I zygote  :   at void com.android.internal.os.ZygoteInit.main(java.lang.String[]) (ZygoteInit.java:807)
06-28 13:49:52.101 32083 32083 I zygote  : 
06-28 13:49:52.102 32083 32083 I zygote  : Rejecting re-init on previously-failed class java.lang.Class<android.support.v4.app.FragmentActivity>: java.lang.NoClassDefFoundError: Failed resolution of: Landroid/support/v4/app/BaseFragmentActivityApi16;
06-28 13:49:52.102 32083 32083 I zygote  :   at com.google.android.gms.common.api.GoogleApiClient$Builder com.prime31.GameHelper.createApiClientBuilder() (GameHelper.java:272)
06-28 13:49:52.103 32083 32083 I zygote  :   at void com.prime31.GameHelper.setup(com.prime31.GameHelper$GameHelperListener) (GameHelper.java:320)
06-28 13:49:52.103 32083 32083 I zygote  :   at void com.prime31.PlayGameServicesPlugin.initImpl() (PlayGameServicesPlugin.java:842)
06-28 13:49:52.103 32083 32083 I zygote  :   at void com.prime31.PlayGameServicesPlugin.onCreate(android.os.Bundle) (PlayGameServicesPlugin.java:576)
06-28 13:49:52.103 32083 32083 I zygote  :   at java.lang.Object java.lang.reflect.Method.invoke(java.lang.Object, java.lang.Object[]) (Method.java:-2)
06-28 13:49:52.103 32083 32083 I zygote  :   at void com.prime31.ActivityProxyObjectHelper.onCreate(android.os.Bundle) (ActivityProxyObjectHelper.java:81)
06-28 13:49:52.103 32083 32083 I zygote  :   at void com.prime31.UnityPlayerNativeActivity.onCreate(android.os.Bundle) (UnityPlayerNativeActivity.java:24)
06-28 13:49:52.103 32083 32083 I zygote  :   at void android.app.Activity.performCreate(android.os.Bundle, android.os.PersistableBundle) (Activity.java:7009)
06-28 13:49:52.103 32083 32083 I zygote  :   at void android.app.Activity.performCreate(android.os.Bundle) (Activity.java:7000)
06-28 13:49:52.103 32083 32083 I zygote  :   at void android.app.Instrumentation.callActivityOnCreate(android.app.Activity, android.os.Bundle) (Instrumentation.java:1214)
06-28 13:49:52.103 32083 32083 I zygote  :   at android.app.Activity android.app.ActivityThread.performLaunchActivity(android.app.ActivityThread$ActivityClientRecord, android.content.Intent) (ActivityThread.java:2731)
06-28 13:49:52.103 32083 32083 I zygote  :   at void android.app.ActivityThread.handleLaunchActivity(android.app.ActivityThread$ActivityClientRecord, android.content.Intent, java.lang.String) (ActivityThread.java:2856)
06-28 13:49:52.103 32083 32083 I zygote  :   at void android.app.ActivityThread.-wrap11(android.app.ActivityThread, android.app.ActivityThread$ActivityClientRecord, android.content.Intent, java.lang.String) (ActivityThread.java:-1)
06-28 13:49:52.103 32083 32083 I zygote  :   at void android.app.ActivityThread$H.handleMessage(android.os.Message) (ActivityThread.java:1589)
06-28 13:49:52.103 32083 32083 I zygote  :   at void android.os.Handler.dispatchMessage(android.os.Message) (Handler.java:106)
06-28 13:49:52.103 32083 32083 I zygote  :   at void android.os.Looper.loop() (Looper.java:164)
06-28 13:49:52.103 32083 32083 I zygote  :   at void android.app.ActivityThread.main(java.lang.String[]) (ActivityThread.java:6494)
06-28 13:49:52.103 32083 32083 I zygote  :   at java.lang.Object java.lang.reflect.Method.invoke(java.lang.Object, java.lang.Object[]) (Method.java:-2)
06-28 13:49:52.103 32083 32083 I zygote  :   at void com.android.internal.os.RuntimeInit$MethodAndArgsCaller.run() (RuntimeInit.java:438)
06-28 13:49:52.104 32083 32083 I zygote  :   at void com.android.internal.os.ZygoteInit.main(java.lang.String[]) (ZygoteInit.java:807)
06-28 13:49:52.104 32083 32083 I zygote  : Caused by: java.lang.ClassNotFoundException: android.support.v4.app.BaseFragmentActivityApi16
06-28 13:49:52.104 32083 32083 I zygote  :   at java.lang.Class java.lang.VMClassLoader.findLoadedClass(java.lang.ClassLoader, java.lang.String) (VMClassLoader.java:-2)
06-28 13:49:52.104 32083 32083 I zygote  :   at java.lang.Class java.lang.ClassLoader.findLoadedClass(java.lang.String) (ClassLoader.java:738)
06-28 13:49:52.104 32083 32083 I zygote  :   at java.lang.Class java.lang.ClassLoader.loadClass(java.lang.String, boolean) (ClassLoader.java:363)
06-28 13:49:52.105 32083 32083 I zygote  :   at java.lang.Class java.lang.ClassLoader.loadClass(java.lang.String) (ClassLoader.java:312)
06-28 13:49:52.105 32083 32083 I zygote  :   at com.google.android.gms.common.api.GoogleApiClient$Builder com.prime31.GameHelper.createApiClientBuilder() (GameHelper.java:272)
06-28 13:49:52.105 32083 32083 I zygote  :   at void com.prime31.GameHelper.setup(com.prime31.GameHelper$GameHelperListener) (GameHelper.java:320)
06-28 13:49:52.105 32083 32083 I zygote  :   at void com.prime31.PlayGameServicesPlugin.initImpl() (PlayGameServicesPlugin.java:842)
06-28 13:49:52.105 32083 32083 I zygote  :   at void com.prime31.PlayGameServicesPlugin.onCreate(android.os.Bundle) (PlayGameServicesPlugin.java:576)
06-28 13:49:52.105 32083 32083 I zygote  :   at java.lang.Object java.lang.reflect.Method.invoke(java.lang.Object, java.lang.Object[]) (Method.java:-2)
06-28 13:49:52.105 32083 32083 I zygote  :   at void com.prime31.ActivityProxyObjectHelper.onCreate(android.os.Bundle) (ActivityProxyObjectHelper.java:81)
06-28 13:49:52.105 32083 32083 I zygote  :   at void com.prime31.UnityPlayerNativeActivity.onCreate(android.os.Bundle) (UnityPlayerNativeActivity.java:24)
06-28 13:49:52.105 32083 32083 I zygote  :   at void android.app.Activity.performCreate(android.os.Bundle, android.os.PersistableBundle) (Activity.java:7009)
06-28 13:49:52.105 32083 32083 I zygote  :   at void android.app.Activity.performCreate(android.os.Bundle) (Activity.java:7000)
06-28 13:49:52.105 32083 32083 I zygote  :   at void android.app.Instrumentation.callActivityOnCreate(android.app.Activity, android.os.Bundle) (Instrumentation.java:1214)
06-28 13:49:52.105 32083 32083 I zygote  :   at android.app.Activity android.app.ActivityThread.performLaunchActivity(android.app.ActivityThread$ActivityClientRecord, android.content.Intent) (ActivityThread.java:2731)
06-28 13:49:52.105 32083 32083 I zygote  :   at void android.app.ActivityThread.handleLaunchActivity(android.app.ActivityThread$ActivityClientRecord, android.content.Intent, java.lang.String) (ActivityThread.java:2856)
06-28 13:49:52.105 32083 32083 I zygote  :   at void android.app.ActivityThread.-wrap11(android.app.ActivityThread, android.app.ActivityThread$ActivityClientRecord, android.content.Intent, java.lang.String) (ActivityThread.java:-1)
06-28 13:49:52.105 32083 32083 I zygote  :   at void android.app.ActivityThread$H.handleMessage(android.os.Message) (ActivityThread.java:1589)
06-28 13:49:52.105 32083 32083 I zygote  :   at void android.os.Handler.dispatchMessage(android.os.Message) (Handler.java:106)
06-28 13:49:52.105 32083 32083 I zygote  :   at void android.os.Looper.loop() (Looper.java:164)
06-28 13:49:52.105 32083 32083 I zygote  :   at void android.app.ActivityThread.main(java.lang.String[]) (ActivityThread.java:6494)
06-28 13:49:52.105 32083 32083 I zygote  :   at java.lang.Object java.lang.reflect.Method.invoke(java.lang.Object, java.lang.Object[]) (Method.java:-2)
06-28 13:49:52.105 32083 32083 I zygote  :   at void com.android.internal.os.RuntimeInit$MethodAndArgsCaller.run() (RuntimeInit.java:438)
06-28 13:49:52.106 32083 32083 I zygote  :   at void com.android.internal.os.ZygoteInit.main(java.lang.String[]) (ZygoteInit.java:807)
06-28 13:49:52.106 32083 32083 I zygote  : 
06-28 13:49:52.107 32083 32083 I zygote  : Rejecting re-init on previously-failed class java.lang.Class<android.support.v4.app.FragmentActivity>: java.lang.NoClassDefFoundError: Failed resolution of: Landroid/support/v4/app/BaseFragmentActivityApi16;
06-28 13:49:52.107 32083 32083 I zygote  :   at com.google.android.gms.common.api.GoogleApiClient$Builder com.prime31.GameHelper.createApiClientBuilder() (GameHelper.java:272)
06-28 13:49:52.107 32083 32083 I zygote  :   at void com.prime31.GameHelper.setup(com.prime31.GameHelper$GameHelperListener) (GameHelper.java:320)
06-28 13:49:52.107 32083 32083 I zygote  :   at void com.prime31.PlayGameServicesPlugin.initImpl() (PlayGameServicesPlugin.java:842)
06-28 13:49:52.107 32083 32083 I zygote  :   at void com.prime31.PlayGameServicesPlugin.onCreate(android.os.Bundle) (PlayGameServicesPlugin.java:576)
06-28 13:49:52.107 32083 32083 I zygote  :   at java.lang.Object java.lang.reflect.Method.invoke(java.lang.Object, java.lang.Object[]) (Method.java:-2)
06-28 13:49:52.107 32083 32083 I zygote  :   at void com.prime31.ActivityProxyObjectHelper.onCreate(android.os.Bundle) (ActivityProxyObjectHelper.java:81)
06-28 13:49:52.107 32083 32083 I zygote  :   at void com.prime31.UnityPlayerNativeActivity.onCreate(android.os.Bundle) (UnityPlayerNativeActivity.java:24)
06-28 13:49:52.107 32083 32083 I zygote  :   at void android.app.Activity.performCreate(android.os.Bundle, android.os.PersistableBundle) (Activity.java:7009)
06-28 13:49:52.107 32083 32083 I zygote  :   at void android.app.Activity.performCreate(android.os.Bundle) (Activity.java:7000)
06-28 13:49:52.107 32083 32083 I zygote  :   at void android.app.Instrumentation.callActivityOnCreate(android.app.Activity, android.os.Bundle) (Instrumentation.java:1214)
06-28 13:49:52.107 32083 32083 I zygote  :   at android.app.Activity android.app.ActivityThread.performLaunchActivity(android.app.ActivityThread$ActivityClientRecord, android.content.Intent) (ActivityThread.java:2731)
06-28 13:49:52.107 32083 32083 I zygote  :   at void android.app.ActivityThread.handleLaunchActivity(android.app.ActivityThread$ActivityClientRecord, android.content.Intent, java.lang.String) (ActivityThread.java:2856)
06-28 13:49:52.107 32083 32083 I zygote  :   at void android.app.ActivityThread.-wrap11(android.app.ActivityThread, android.app.ActivityThread$ActivityClientRecord, android.content.Intent, java.lang.String) (ActivityThread.java:-1)
06-28 13:49:52.107 32083 32083 I zygote  :   at void android.app.ActivityThread$H.handleMessage(android.os.Message) (ActivityThread.java:1589)
06-28 13:49:52.107 32083 32083 I zygote  :   at void android.os.Handler.dispatchMessage(android.os.Message) (Handler.java:106)
06-28 13:49:52.107 32083 32083 I zygote  :   at void android.os.Looper.loop() (Looper.java:164)
06-28 13:49:52.107 32083 32083 I zygote  :   at void android.app.ActivityThread.main(java.lang.String[]) (ActivityThread.java:6494)
06-28 13:49:52.107 32083 32083 I zygote  :   at java.lang.Object java.lang.reflect.Method.invoke(java.lang.Object, java.lang.Object[]) (Method.java:-2)
06-28 13:49:52.107 32083 32083 I zygote  :   at void com.android.internal.os.RuntimeInit$MethodAndArgsCaller.run() (RuntimeInit.java:438)
06-28 13:49:52.108 32083 32083 I zygote  :   at void com.android.internal.os.ZygoteInit.main(java.lang.String[]) (ZygoteInit.java:807)
06-28 13:49:52.108 32083 32083 I zygote  : Caused by: java.lang.ClassNotFoundException: android.support.v4.app.BaseFragmentActivityApi16
06-28 13:49:52.108 32083 32083 I zygote  :   at java.lang.Class java.lang.VMClassLoader.findLoadedClass(java.lang.ClassLoader, java.lang.String) (VMClassLoader.java:-2)
06-28 13:49:52.108 32083 32083 I zygote  :   at java.lang.Class java.lang.ClassLoader.findLoadedClass(java.lang.String) (ClassLoader.java:738)
06-28 13:49:52.108 32083 32083 I zygote  :   at java.lang.Class java.lang.ClassLoader.loadClass(java.lang.String, boolean) (ClassLoader.java:363)
06-28 13:49:52.108 32083 32083 I zygote  :   at java.lang.Class java.lang.ClassLoader.loadClass(java.lang.String) (ClassLoader.java:312)
06-28 13:49:52.108 32083 32083 I zygote  :   at com.google.android.gms.common.api.GoogleApiClient$Builder com.prime31.GameHelper.createApiClientBuilder() (GameHelper.java:272)
06-28 13:49:52.108 32083 32083 I zygote  :   at void com.prime31.GameHelper.setup(com.prime31.GameHelper$GameHelperListener) (GameHelper.java:320)
06-28 13:49:52.108 32083 32083 I zygote  :   at void com.prime31.PlayGameServicesPlugin.initImpl() (PlayGameServicesPlugin.java:842)
06-28 13:49:52.108 32083 32083 I zygote  :   at void com.prime31.PlayGameServicesPlugin.onCreate(android.os.Bundle) (PlayGameServicesPlugin.java:576)
