06-28 10:36:04.357  1393  3231 W audio_hw_generic: Not supplying enough data to HAL, expected position 123428265 , only wrote 123428160
06-28 10:36:04.448 19546 24267 W ctxmgr  : [AclManager] No 3 for (accnt=account#1066226748#, com.google.android.gms(10014):UserVelocityProducer, vrsn=17785022, 0, 3pPkg = null ,  3pMdlId = null ,  pid = 19546). Was: 2 for 1, account#1066226748# [CONTEXT service_id=47 ]
06-28 10:36:04.671  1393  3231 W audio_hw_generic: Not supplying enough data to HAL, expected position 123443258 , only wrote 123442560
06-28 10:36:04.671  1393  3231 W audio_hw_generic: Not supplying enough data to HAL, expected position 123442569 , only wrote 123442560
06-28 10:36:04.678 12507 12507 I net.osmand: RoutingHelper Recalculate route, because correlation  : 56128.159849497955
06-28 10:36:04.694  1393  3231 W audio_hw_generic: Not supplying enough data to HAL, expected position 123443645 , only wrote 123443280
06-28 10:36:04.719 12507 12507 I net.osmand: RoutingHelper Recalculate route, because correlation  : 56128.159849497955
06-28 10:36:04.719 12507 12507 I net.osmand: RoutingHelper Recalculate route, because wrong movement direction: 56128.16
06-28 10:36:04.814  1393  3231 W audio_hw_generic: Not supplying enough data to HAL, expected position 123449041 , only wrote 123449040
06-28 10:36:04.830  1393  3231 W audio_hw_generic: Not supplying enough data to HAL, expected position 123449786 , only wrote 123449760
06-28 10:36:04.872 12507 12507 I net.osmand: RoutingHelper Recalculate route, because correlation  : 56128.159849497955
06-28 10:36:04.879 12507 12507 I net.osmand: RoutingHelper Recalculate route, because wrong movement direction: 56128.16
06-28 10:36:04.898 19546 19546 I GeofencerStateMachine: removeGeofences: removeRequest=RemoveGeofencingRequest[REMOVE_BY_PENDING_INTENT pendingIntent=PendingIntent[creatorPackage=com.google.android.gms], packageName=com.google.android.gms]
06-28 10:36:04.939 19546 19546 I GeofencerStateMachine: removeGeofences: removeRequest=RemoveGeofencingRequest[REMOVE_BY_PENDING_INTENT pendingIntent=PendingIntent[creatorPackage=com.google.android.gms], packageName=com.google.android.gms]
06-28 10:36:04.950 12507 12507 I net.osmand: RoutingHelper Recalculate route, because correlation  : 56128.159849497955
06-28 10:36:05.039  1603  1616 E memtrack: Couldn't load memtrack module
06-28 10:36:05.039  1603  1616 W android.os.Debug: failed to get memory consumption info: -1
06-28 10:36:05.074  1393  3231 W audio_hw_generic: Not supplying enough data to HAL, expected position 123461511 , only wrote 123461280
06-28 10:36:05.075  1393  3231 W audio_hw_generic: Not supplying enough data to HAL, expected position 123461292 , only wrote 123461280
06-28 10:36:05.090  1393  3231 W audio_hw_generic: Not supplying enough data to HAL, expected position 123462040 , only wrote 123462000
06-28 10:36:05.125 19546 24723 I PlaceInferenceEngine: [anon] Changed inference mode: 0
06-28 10:36:05.254 19546 24723 I PlaceInferenceEngine: [account#1066226748] Changed inference mode: 0
06-28 10:36:05.343  1393  3231 W audio_hw_generic: Not supplying enough data to HAL, expected position 123474097 , only wrote 123473520
06-28 10:36:05.382 12507 12507 I net.osmand: RoutingHelper Recalculate route, because correlation  : 56128.159849497955
06-28 10:36:05.382 12507 12507 I net.osmand: RoutingHelper Recalculate route, because wrong movement direction: 56128.16
06-28 10:36:05.410 12507 12507 I net.osmand: RoutingHelper Recalculate route, because correlation  : 56128.159849497955
06-28 10:36:05.563 12507 12507 I chatty  : uid=10104(net.osmand) identical 1 line
06-28 10:36:05.598 12507 12507 I net.osmand: RoutingHelper Recalculate route, because correlation  : 56128.159849497955
06-28 10:36:05.598 12507 12507 I net.osmand: RoutingHelper Recalculate route, because wrong movement direction: 56128.16
06-28 10:36:05.616 19546 24723 I Places  : Converted 0 out of 1 WiFi scans
06-28 10:36:05.618  1603  4760 I WifiService: getConnectionInfo uid=10014
06-28 10:36:05.874 12507 12507 I net.osmand: RoutingHelper Recalculate route, because correlation  : 56128.159849497955
06-28 10:36:05.880 12507 12507 I net.osmand: RoutingHelper Recalculate route, because correlation  : 56128.159849497955
06-28 10:36:05.880 12507 12507 I net.osmand: RoutingHelper Recalculate route, because wrong movement direction: 56128.16
06-28 10:36:06.292 12507 12507 I net.osmand: RoutingHelper Recalculate route, because correlation  : 56128.159849497955
06-28 10:36:06.301 12507 12507 I net.osmand: RoutingHelper Recalculate route, because correlation  : 56128.159849497955
06-28 10:36:06.301 12507 12507 I net.osmand: RoutingHelper Recalculate route, because wrong movement direction: 56128.16
06-28 10:36:06.370 19546 24267 I ctxmgr  : [ProducerStatusImpl] updateStateForNewContextData: inactive, contextName=7 [CONTEXT service_id=47 ]
06-28 10:36:06.665  1393  1575 W audio_hw_generic: Not supplying enough data to HAL, expected position 123537021 , only wrote 123536160
06-28 10:36:06.708  1603  1616 E memtrack: Couldn't load memtrack module
06-28 10:36:06.708  1603  1616 W android.os.Debug: failed to get memory consumption info: -1
06-28 10:36:06.952 12507 12507 I net.osmand: RoutingHelper Recalculate route, because correlation  : 56128.159849497955
06-28 10:36:06.953 12507 12507 I net.osmand: RoutingHelper Recalculate route, because wrong movement direction: 56128.16
06-28 10:36:06.968 12507 12507 I net.osmand: RoutingHelper Recalculate route, because correlation  : 56128.159849497955
06-28 10:36:07.060 12507 12507 I net.osmand: RoutingHelper Recalculate route, because correlation  : 56128.159849497955
06-28 10:36:07.060 12507 12507 I net.osmand: RoutingHelper Recalculate route, because wrong movement direction: 56128.16
06-28 10:36:07.082 12507 12507 I net.osmand: RoutingHelper Recalculate route, because correlation  : 56128.159849497955
06-28 10:36:07.249 12507 12507 I net.osmand: RoutingHelper Recalculate route, because correlation  : 56128.159849497955
06-28 10:36:07.249 12507 12507 I net.osmand: RoutingHelper Recalculate route, because wrong movement direction: 56128.16
06-28 10:36:07.261 12507 12507 I net.osmand: RoutingHelper Recalculate route, because correlation  : 56128.159849497955
06-28 10:36:07.311 19569 19579 I zygote  : Background concurrent copying GC freed 61884(3MB) AllocSpace objects, 33(2MB) LOS objects, 37% free, 9MB/15MB, paused 2.894ms total 652.740ms
06-28 10:36:07.661 22551 22596 I MicroDetectionWorker: #startMicroDetector [speakerMode: 0]
06-28 10:36:07.727 22551 22596 W ErrorReporter: reportError [type: 211, code: 393244, bug: 0]: errorCode: 393244, engine: 0
06-28 10:36:07.734 12507 12507 I net.osmand: RoutingHelper Recalculate route, because correlation  : 56128.159849497955
06-28 10:36:07.734 12507 12507 I net.osmand: RoutingHelper Recalculate route, because wrong movement direction: 56128.16
06-28 10:36:07.740 22551 22596 I MicroDetector: Keeping mic open: false
06-28 10:36:07.740 22551 22596 I MicroDetectionWorker: #onError(false)
06-28 10:36:07.746 12507 12507 I net.osmand: RoutingHelper Recalculate route, because correlation  : 56128.159849497955
06-28 10:36:07.876 12507 12507 I net.osmand: RoutingHelper Recalculate route, because correlation  : 56128.159849497955
06-28 10:36:07.876 12507 12507 I net.osmand: RoutingHelper Recalculate route, because wrong movement direction: 56128.16
06-28 10:36:07.880 12507 12507 I net.osmand: RoutingHelper Recalculate route, because correlation  : 56128.159849497955
06-28 10:36:08.005  1603  1620 E BatteryExternalStatsWorker: modem info is invalid: ModemActivityInfo{ mTimestamp=0 mSleepTimeMs=0 mIdleTimeMs=0 mTxTimeMs[]=[0, 0, 0, 0, 0] mRxTimeMs=0 mEnergyUsed=0}
06-28 10:36:08.024  1603  4760 I ActivityManager: Killing 24453:com.android.chrome:sandboxed_process1/u0a14i13 (adj 0): isolated not needed
06-28 10:36:08.036  1603  1619 W zygote  : Failed to open process cgroup uid 99013 pid 24453: No such file or directory
06-28 10:36:08.036  1603  1619 E zygote  : Error encountered killing process cgroup uid 99013 pid 24453: No such file or directory
06-28 10:36:08.095 19569 22344 D EGL_emulation: eglMakeCurrent: 0x8ce478e0: ver 2 0 (tinfo 0x84e7e690)
06-28 10:36:08.117  1603  1620 E KernelCpuSpeedReader: Failed to read cpu-freq: /sys/devices/system/cpu/cpu0/cpufreq/stats/time_in_state (No such file or directory)
06-28 10:36:08.147  1603  1620 D KernelUidCpuTimeReader: Removing uids 99013-99013
06-28 10:36:08.113 19569 22344 D EGL_emulation: eglMakeCurrent: 0x8ce478e0: ver 2 0 (tinfo 0x84e7e690)
06-28 10:36:08.266 19546 24723 I Places  : ?: PlacesBleScanner start() with priority 2
06-28 10:36:08.282 19546 24723 I PlaceInferenceEngine: [anon] Changed inference mode: 1
06-28 10:36:08.283 19546 24723 I PlaceInferenceEngine: [account#1066226748] Changed inference mode: 1
06-28 10:36:08.319 19546 24723 I Places  : Converted 0 out of 1 WiFi scans
06-28 10:36:08.323  1603  1859 I WifiService: getConnectionInfo uid=10014
06-28 10:36:08.376 24721 24721 D AndroidRuntime: >>>>>> START com.android.internal.os.RuntimeInit uid 2000 <<<<<<
06-28 10:36:08.387 19546 19546 E BeaconBle: Missing BluetoothAdapter
06-28 10:36:08.387 19546 19546 I BeaconBle: BLE 'KK+' software access layer enabled
06-28 10:36:08.429 19546 24723 I PlaceInferenceEngine: [account#1066226748] Changed inference mode: 1
06-28 10:36:08.429 19546 24723 I PlaceInferenceEngine: [anon] Changed inference mode: 1
06-28 10:36:08.511 24721 24721 W app_process: Could not reserve sentinel fault page
06-28 10:36:08.571 19546 19546 I BeaconBle: Client requested scan, settings=BleSettings [scanMode=ZERO_POWER, callbackType=ALL_MATCHES, reportDelayMillis=0, 1 filters, 0 clients, callingClientName=Places]
06-28 10:36:08.572 19546 19546 I BeaconBle: Scan : No clients left, canceling alarm.
06-28 10:36:08.578 19546 19546 E BeaconBle: Scan couldn't start for Places
06-28 10:36:08.578 19546 19546 W Places  : BLE failure while scanning - code 5
06-28 10:36:08.773 12507 12507 I net.osmand: RoutingHelper Recalculate route, because correlation  : 56128.159849497955
06-28 10:36:08.773 12507 12507 I net.osmand: RoutingHelper Recalculate route, because wrong movement direction: 56128.16
06-28 10:36:08.819 12507 24524 W net.osmand:native: [Native] Result visited (visited roads 22897, visited segments 10989 / 30885 , queue sizes 304 / 4302 ) 
06-28 10:36:08.822 12507 24524 W net.osmand:native: [Native] Result timing (time to load 0, time to calc 51461, loaded tiles 216) 
06-28 10:36:08.822 12507 24524 W net.osmand:native: [Native] Memory occupied (Routing context 9500 Kb, search 690 Kb)
06-28 10:36:08.861 12507 12507 I net.osmand: RoutingHelper Recalculate route, because correlation  : 56128.159849497955
06-28 10:36:08.882 12507 12507 I net.osmand: RoutingHelper Recalculate route, because correlation  : 56128.159849497955
06-28 10:36:08.883 12507 12507 I net.osmand: RoutingHelper Recalculate route, because wrong movement direction: 56128.16
06-28 10:36:08.889 12507 12507 I net.osmand: RoutingHelper Recalculate route, because correlation  : 56128.159849497955
06-28 10:36:08.986 12507 12507 I net.osmand: RoutingHelper Recalculate route, because correlation  : 56128.159849497955
06-28 10:36:08.986 12507 12507 I net.osmand: RoutingHelper Recalculate route, because wrong movement direction: 56128.16
06-28 10:36:09.009 12507 12507 I net.osmand: RoutingHelper Recalculate route, because correlation  : 56128.159849497955
06-28 10:36:09.088 19546 19556 I zygote  : Background concurrent copying GC freed 93200(4MB) AllocSpace objects, 22(896KB) LOS objects, 33% free, 11MB/17MB, paused 16.563ms total 1.838s
06-28 10:36:09.140 12507 24524 I net.osmand:native: Routing calculated time distance 163074.968750
06-28 10:36:09.338 24721 24721 W app_process: Unexpected CPU variant for X86 using defaults: x86
06-28 10:36:09.357 24721 24721 I app_process: The ClassLoaderContext is a special shared library.
06-28 10:36:09.418 12507 12507 I net.osmand: RoutingHelper Recalculate route, because correlation  : 56128.159849497955
06-28 10:36:09.418 12507 12507 I net.osmand: RoutingHelper Recalculate route, because wrong movement direction: 56128.16
06-28 10:36:09.438 12507 12507 I net.osmand: RoutingHelper Recalculate route, because correlation  : 56128.159849497955
06-28 10:36:09.576 24597 24636 E Fabric  : Unknown error while loading Crashlytics settings. Crashes will be cached until settings can be retrieved.
06-28 10:36:09.576 24597 24636 E Fabric  : io.fabric.sdk.android.services.network.HttpRequest$HttpRequestException: java.net.ConnectException: Failed to connect to settings.crashlytics.com/54.243.133.125:443
06-28 10:36:09.576 24597 24636 E Fabric  : 	at io.fabric.sdk.android.services.network.HttpRequest.code(HttpRequest.java:1355)
06-28 10:36:09.576 24597 24636 E Fabric  : 	at io.fabric.sdk.android.services.settings.DefaultSettingsSpiCall.handleResponse(DefaultSettingsSpiCall.java:103)
06-28 10:36:09.576 24597 24636 E Fabric  : 	at io.fabric.sdk.android.services.settings.DefaultSettingsSpiCall.invoke(DefaultSettingsSpiCall.java:90)
06-28 10:36:09.576 24597 24636 E Fabric  : 	at io.fabric.sdk.android.services.settings.DefaultSettingsController.loadSettingsData(DefaultSettingsController.java:80)
06-28 10:36:09.576 24597 24636 E Fabric  : 	at io.fabric.sdk.android.services.settings.DefaultSettingsController.loadSettingsData(DefaultSettingsController.java:64)
06-28 10:36:09.576 24597 24636 E Fabric  : 	at io.fabric.sdk.android.services.settings.Settings.loadSettingsData(Settings.java:155)
06-28 10:36:09.576 24597 24636 E Fabric  : 	at io.fabric.sdk.android.Onboarding.retrieveSettingsData(Onboarding.java:123)
06-28 10:36:09.576 24597 24636 E Fabric  : 	at io.fabric.sdk.android.Onboarding.doInBackground(Onboarding.java:99)
06-28 10:36:09.576 24597 24636 E Fabric  : 	at io.fabric.sdk.android.Onboarding.doInBackground(Onboarding.java:45)
06-28 10:36:09.576 24597 24636 E Fabric  : 	at io.fabric.sdk.android.InitializationTask.doInBackground(InitializationTask.java:63)
06-28 10:36:09.576 24597 24636 E Fabric  : 	at io.fabric.sdk.android.InitializationTask.doInBackground(InitializationTask.java:28)
06-28 10:36:09.576 24597 24636 E Fabric  : 	at io.fabric.sdk.android.services.concurrency.AsyncTask$2.call(AsyncTask.java:311)
06-28 10:36:09.576 24597 24636 E Fabric  : 	at java.util.concurrent.FutureTask.run(FutureTask.java:266)
06-28 10:36:09.576 24597 24636 E Fabric  : 	at java.util.concurrent.Executors$RunnableAdapter.call(Executors.java:457)
06-28 10:36:09.576 24597 24636 E Fabric  : 	at java.util.concurrent.FutureTask.run(FutureTask.java:266)
06-28 10:36:09.576 24597 24636 E Fabric  : 	at java.util.concurrent.ThreadPoolExecutor.runWorker(ThreadPoolExecutor.java:1162)
06-28 10:36:09.576 24597 24636 E Fabric  : 	at java.util.concurrent.ThreadPoolExecutor$Worker.run(ThreadPoolExecutor.java:636)
06-28 10:36:09.576 24597 24636 E Fabric  : 	at java.lang.Thread.run(Thread.java:764)
06-28 10:36:09.576 24597 24636 E Fabric  : Caused by: java.net.ConnectException: Failed to connect to settings.crashlytics.com/54.243.133.125:443
06-28 10:36:09.576 24597 24636 E Fabric  : 	at com.android.okhttp.internal.io.RealConnection.connectSocket(RealConnection.java:143)
06-28 10:36:09.576 24597 24636 E Fabric  : 	at com.android.okhttp.internal.io.RealConnection.connect(RealConnection.java:112)
06-28 10:36:09.576 24597 24636 E Fabric  : 	at com.android.okhttp.internal.http.StreamAllocation.findConnection(StreamAllocation.java:184)
06-28 10:36:09.576 24597 24636 E Fabric  : 	at com.android.okhttp.internal.http.StreamAllocation.findHealthyConnection(StreamAllocation.java:126)
06-28 10:36:09.576 24597 24636 E Fabric  : 	at com.android.okhttp.internal.http.StreamAllocation.newStream(StreamAllocation.java:95)
06-28 10:36:09.576 24597 24636 E Fabric  : 	at com.android.okhttp.internal.http.HttpEngine.connect(HttpEngine.java:281)
06-28 10:36:09.576 24597 24636 E Fabric  : 	at com.android.okhttp.internal.http.HttpEngine.sendRequest(HttpEngine.java:224)
06-28 10:36:09.576 24597 24636 E Fabric  : 	at com.android.okhttp.internal.huc.HttpURLConnectionImpl.execute(HttpURLConnectionImpl.java:461)
06-28 10:36:09.576 24597 24636 E Fabric  : 	at com.android.okhttp.internal.huc.HttpURLConnectionImpl.getResponse(HttpURLConnectionImpl.java:407)
06-28 10:36:09.576 24597 24636 E Fabric  : 	at com.android.okhttp.internal.huc.HttpURLConnectionImpl.getResponseCode(HttpURLConnectionImpl.java:538)
06-28 10:36:09.576 24597 24636 E Fabric  : 	at com.android.okhttp.internal.huc.DelegatingHttpsURLConnection.getResponseCode(DelegatingHttpsURLConnection.java:105)
06-28 10:36:09.576 24597 24636 E Fabric  : 	at com.android.okhttp.internal.huc.HttpsURLConnectionImpl.getResponseCode(Unknown Source:0)
06-28 10:36:09.576 24597 24636 E Fabric  : 	at io.fabric.sdk.android.services.network.HttpRequest.code(HttpRequest.java:1353)
06-28 10:36:09.576 24597 24636 E Fabric  : 	... 17 more
06-28 10:36:09.600 24597 24636 E Answers : Failed to retrieve settings
06-28 10:36:09.670 24597 24634 W CrashlyticsCore: Received null settings, skipping initialization!
06-28 10:36:09.688 24721 24721 D AndroidRuntime: Calling main entry com.android.commands.monkey.Monkey
06-28 10:36:09.690 24721 24721 W Monkey  : args: [-p, net.osmand, -c, android.intent.category.LAUNCHER, 1]
06-28 10:36:09.690 24721 24721 W Monkey  :  arg: "-p"
06-28 10:36:09.691 24721 24721 W Monkey  :  arg: "net.osmand"
06-28 10:36:09.691 24721 24721 W Monkey  :  arg: "-c"
06-28 10:36:09.691 24721 24721 W Monkey  :  arg: "android.intent.category.LAUNCHER"
06-28 10:36:09.691 24721 24721 W Monkey  :  arg: "1"
06-28 10:36:09.691 24721 24721 W Monkey  : data="net.osmand"
06-28 10:36:09.692 24721 24721 W Monkey  : data="android.intent.category.LAUNCHER"
06-28 10:36:09.855  1603  1617 W BroadcastQueue: Skipping deliver [background] BroadcastRecord{9c56f02 u-1 android.net.conn.CONNECTIVITY_CHANGE} to ReceiverList{e6f1013 24721 (unknown name)/2000/u-1 remote:b00dbe4}: process gone or crashing
06-28 10:36:09.871 12507 12507 I net.osmand: RoutingHelper Recalculate route, because correlation  : 56128.159849497955
06-28 10:36:09.872 12507 12507 I net.osmand: RoutingHelper Recalculate route, because wrong movement direction: 56128.16
06-28 10:36:09.896 12507 12507 I net.osmand: RoutingHelper Recalculate route, because correlation  : 56128.159849497955
06-28 10:36:09.962  1603  2079 I ActivityManager: START u0 {act=android.intent.action.MAIN cat=[android.intent.category.LAUNCHER] flg=0x10200000 cmp=net.osmand/.plus.activities.MapActivity} from uid 2000
06-28 10:36:09.981  1603  2079 W Binder  : Outgoing transactions from this process must be FLAG_ONEWAY
06-28 10:36:09.981  1603  2079 W Binder  : java.lang.Throwable
06-28 10:36:09.981  1603  2079 W Binder  : 	at android.os.BinderProxy.transact(Binder.java:752)
06-28 10:36:09.981  1603  2079 W Binder  : 	at android.app.IActivityController$Stub$Proxy.activityStarting(IActivityController.java:172)
06-28 10:36:09.981  1603  2079 W Binder  : 	at com.android.server.am.ActivityStarter.startActivity(ActivityStarter.java:449)
06-28 10:36:09.981  1603  2079 W Binder  : 	at com.android.server.am.ActivityStarter.startActivityLocked(ActivityStarter.java:278)
06-28 10:36:09.981  1603  2079 W Binder  : 	at com.android.server.am.ActivityStarter.startActivityMayWait(ActivityStarter.java:817)
06-28 10:36:09.981  1603  2079 W Binder  : 	at com.android.server.am.ActivityManagerService.startActivityAsUser(ActivityManagerService.java:4532)
06-28 10:36:09.981  1603  2079 W Binder  : 	at com.android.server.am.ActivityManagerService.startActivity(ActivityManagerService.java:4519)
06-28 10:36:09.981  1603  2079 W Binder  : 	at android.app.IActivityManager$Stub.onTransact(IActivityManager.java:121)
06-28 10:36:09.981  1603  2079 W Binder  : 	at com.android.server.am.ActivityManagerService.onTransact(ActivityManagerService.java:2919)
06-28 10:36:09.981  1603  2079 W Binder  : 	at android.os.Binder.execTransact(Binder.java:697)
06-28 10:36:10.222 19546 24337 I PlaceInferenceEngine: No beacon scan available - ignoring candidates.
06-28 10:36:10.254  1603  2079 W ResourceType: ResTable_typeSpec entry count inconsistent: given 5115, previously 5124
06-28 10:36:10.259  1603  2079 W ResourceType: ResTable_typeSpec entry count inconsistent: given 142, previously 459
06-28 10:36:10.260  1603  2079 W ResourceType: For resource 0x7f0e00c0, entry index(192) is beyond type entryCount(142)
06-28 10:36:10.260  1603  2079 W ResourceType: For resource 0x7f0e00d1, entry index(209) is beyond type entryCount(142)
06-28 10:36:10.260  1603  2079 W ResourceType: For resource 0x7f0e00cb, entry index(203) is beyond type entryCount(142)
06-28 10:36:10.261  1603  2079 W ResourceType: For resource 0x7f0e014d, entry index(333) is beyond type entryCount(142)
06-28 10:36:10.261  1603  2079 W ResourceType: For resource 0x7f0e00dd, entry index(221) is beyond type entryCount(142)
06-28 10:36:10.261  1603  2079 W ResourceType: For resource 0x7f0e00e4, entry index(228) is beyond type entryCount(142)
06-28 10:36:10.315 24721 24721 I Monkey  : Events injected: 1
06-28 10:36:10.579  1708  1926 D EGL_emulation: eglMakeCurrent: 0x9268e860: ver 2 0 (tinfo 0x92690770)
06-28 10:36:10.617 24597 24597 I RealRacing3: contentchange
06-28 10:36:10.621  1603  1618 W Looper  : Dispatch took 257ms on android.ui, h=Handler (com.android.server.am.ActivityManagerService$UiHandler) {5717402} cb=null msg=31
06-28 10:36:10.680 24597 24597 I RealRacing3: setRequestedOrientation(ActivityInfo.SCREEN_ORIENTATION_SENSOR_LANDSCAPE)
06-28 10:36:10.702 24721 24721 I Monkey  : ## Network stats: elapsed time=641ms (0ms mobile, 0ms wifi, 641ms not connected)
06-28 10:36:10.715 24597 24597 I RealRacing3: contentchange
06-28 10:36:10.715 24597 24597 I RealRacing3: setRequestedOrientation(ActivityInfo.SCREEN_ORIENTATION_SENSOR_LANDSCAPE)
06-28 10:36:10.770 24721 24721 I com.android.commands.monkey: System.exit called, status: 0
06-28 10:36:10.770 24721 24721 I AndroidRuntime: VM exiting with result code 0.
06-28 10:36:10.789  1603  1618 W Looper  : Dispatch took 105ms on android.ui, h=Handler (com.android.server.policy.PhoneWindowManager$PolicyHandler) {f76a93d} cb=android.database.ContentObserver$NotificationRunnable@3f03405 msg=0
06-28 10:36:10.791  2548  2598 D EGL_emulation: eglMakeCurrent: 0xa6785780: ver 2 0 (tinfo 0xa6783370)
06-28 10:36:10.849 22551 22593 D EGL_emulation: eglMakeCurrent: 0xa6785780: ver 2 0 (tinfo 0xa6783330)
06-28 10:36:10.903  1603  1618 W Looper  : Dispatch took 113ms on android.ui, h=Handler (com.android.server.policy.PhoneWindowManager$PolicyHandler) {f76a93d} cb=android.database.ContentObserver$NotificationRunnable@dfddc5a msg=0
06-28 10:36:11.084 12507 12507 D InAppPurchaseHelper: Destroying helper.
06-28 10:36:11.146  1708  1926 D EGL_emulation: eglMakeCurrent: 0x9268e860: ver 2 0 (tinfo 0x92690770)
06-28 10:36:11.238  1603  1603 W NotificationService: Removed summary didn't match old notification: old=0|net.osmand|100|null|10104, removed=0|net.osmand|100|null|10104
06-28 10:36:11.169  1708  1926 D EGL_emulation: eglMakeCurrent: 0x9268e860: ver 2 0 (tinfo 0x92690770)
06-28 10:36:11.401  1603  4760 I GnssLocationProvider: WakeLock acquired by sendMessage(SET_REQUEST, 0, com.android.server.location.GnssLocationProvider$GpsRequest@1450b81)
06-28 10:36:11.408  1603  1616 I GnssLocationProvider: WakeLock released by handleMessage(SET_REQUEST, 0, com.android.server.location.GnssLocationProvider$GpsRequest@1450b81)
06-28 10:36:11.483 12507 12507 W System.err: OnCreate for MapActivity took 397 ms
06-28 10:36:11.522 12507 12507 I Choreographer: Skipped 63 frames!  The application may be doing too much work on its main thread.
06-28 10:36:11.559  1401  6331 D gralloc_ranchu: gralloc_alloc: Creating ashmem region of size 8298496
06-28 10:36:11.591 12507 12507 W ResourceType: For resource 0x7f0e00cb, entry index(203) is beyond type entryCount(142)
06-28 10:36:11.591 12507 12507 W ResourceType: For resource 0x7f0e014d, entry index(333) is beyond type entryCount(142)
06-28 10:36:11.596 12507 12507 W ResourceType: For resource 0x7f0e00dd, entry index(221) is beyond type entryCount(142)
06-28 10:36:11.597 12507 12507 W ResourceType: For resource 0x7f0e00e4, entry index(228) is beyond type entryCount(142)
06-28 10:36:11.598 12507 12507 W ResourceType: For resource 0x7f0e013b, entry index(315) is beyond type entryCount(142)
06-28 10:36:11.598 12507 12507 W ResourceType: For resource 0x7f0e013b, entry index(315) is beyond type entryCount(142)
06-28 10:36:11.599 12507 12507 W ResourceType: For resource 0x7f0e010f, entry index(271) is beyond type entryCount(142)
06-28 10:36:11.601 12507 12507 W ResourceType: For resource 0x7f0e013b, entry index(315) is beyond type entryCount(142)
06-28 10:36:11.663 12507 12507 I chatty  : uid=10104(net.osmand) identical 67 lines
06-28 10:36:11.663 12507 12507 W ResourceType: For resource 0x7f0e013b, entry index(315) is beyond type entryCount(142)
06-28 10:36:11.700  1412  1699 E SurfaceFlinger: Permission Denial: can't openGlobalTransaction pid=12507, uid<=10104
06-28 10:36:11.702 12507 12507 E BpSurfaceComposerClient: Failed to transact (-1)
06-28 10:36:11.709  1412  1699 E SurfaceFlinger: Permission Denial: can't openGlobalTransaction pid=12507, uid<=10104
06-28 10:36:11.709 12507 12507 E BpSurfaceComposerClient: Failed to transact (-1)
06-28 10:36:11.765 12507 12638 D EGL_emulation: eglMakeCurrent: 0xa6785900: ver 2 0 (tinfo 0xa6783410)
06-28 10:36:11.810  1401  6331 D gralloc_ranchu: gralloc_alloc: Creating ashmem region of size 8298496
06-28 10:36:11.823 19546 19546 I GeofencerStateMachine: sendNewLocationAvailability: availability=LocationAvailability[isLocationAvailable: true]
06-28 10:36:11.838  1603  2119 I WifiService: acquireWifiLock uid=10014 lockMode=2
06-28 10:36:11.857  1708  1926 D EGL_emulation: eglMakeCurrent: 0x9268e860: ver 2 0 (tinfo 0x92690770)
06-28 10:36:11.906  1708  1926 D EGL_emulation: eglMakeCurrent: 0x9268e860: ver 2 0 (tinfo 0x92690770)
06-28 10:36:11.954  1401  6331 D gralloc_ranchu: gralloc_alloc: Creating ashmem region of size 3878912
06-28 10:36:12.170 12507 12638 D EGL_emulation: eglMakeCurrent: 0xa6785900: ver 2 0 (tinfo 0xa6783410)
06-28 10:36:12.193  1401  6331 D gralloc_ranchu: gralloc_alloc: Creating ashmem region of size 8298496
06-28 10:36:12.283 12507 12638 D EGL_emulation: eglMakeCurrent: 0xa6785900: ver 2 0 (tinfo 0xa6783410)
06-28 10:36:12.329  1708  1926 D EGL_emulation: eglMakeCurrent: 0x9268e860: ver 2 0 (tinfo 0x92690770)
06-28 10:36:12.331  1401  6331 D gralloc_ranchu: gralloc_alloc: Creating ashmem region of size 8298496
06-28 10:36:12.427 12507 12507 I net.osmand: RoutingHelper Recalculate route, because correlation  : 56128.159849497955
06-28 10:36:12.432 12507 12507 I net.osmand: RoutingHelper Recalculate route, because correlation  : 56128.159849497955
06-28 10:36:12.432 12507 12507 I net.osmand: RoutingHelper Recalculate route, because wrong movement direction: 56128.16
06-28 10:36:12.435  1401  6331 D gralloc_ranchu: gralloc_alloc: Creating ashmem region of size 3878912
06-28 10:36:12.437  1708  1926 D EGL_emulation: eglMakeCurrent: 0x9268e860: ver 2 0 (tinfo 0x92690770)
06-28 10:36:12.530 19546 24337 I PlaceInferenceEngine: No beacon scan available - ignoring candidates.
06-28 10:36:12.565 12507 24524 I net.osmand: RoutePlannerFrontEnd Native routing took 56.354 seconds
06-28 10:36:12.666  1401  6331 D gralloc_ranchu: gralloc_alloc: Creating ashmem region of size 8298496
06-28 10:36:12.687  1708  1926 D EGL_emulation: eglMakeCurrent: 0x9268e860: ver 2 0 (tinfo 0x92690770)
06-28 10:36:12.699 12507 12507 I net.osmand: RoutingHelper Recalculate route, because correlation  : 56128.159849497955
06-28 10:36:12.702 12507 12507 I net.osmand: RoutingHelper Recalculate route, because correlation  : 56128.159849497955
06-28 10:36:12.703 12507 12507 I net.osmand: RoutingHelper Recalculate route, because wrong movement direction: 56128.16
06-28 10:36:12.906  1412  1412 W SurfaceFlinger: couldn't log to binary event log: overflow.
06-28 10:36:12.907  1412  1412 W SurfaceFlinger: couldn't log to binary event log: overflow.
06-28 10:36:13.043 12507 12507 I net.osmand: RoutingHelper Recalculate route, because correlation  : 56128.159849497955
06-28 10:36:13.043 12507 12507 I net.osmand: RoutingHelper Recalculate route, because wrong movement direction: 56128.16
06-28 10:36:13.049 12507 12507 I net.osmand: RoutingHelper Recalculate route, because correlation  : 56128.159849497955
06-28 10:36:13.049 12507 12507 I net.osmand: RoutingHelper Recalculate route, because wrong movement direction: 56128.16
06-28 10:36:13.172 12507 12507 I net.osmand: RoutingHelper Recalculate route, because correlation  : 56128.159849497955
06-28 10:36:13.229 12507 12507 I chatty  : uid=10104(net.osmand) identical 1 line
06-28 10:36:13.271 12507 12507 I net.osmand: RoutingHelper Recalculate route, because correlation  : 56128.159849497955
06-28 10:36:13.271 12507 12507 I net.osmand: RoutingHelper Recalculate route, because wrong movement direction: 56128.16
06-28 10:36:13.281 22551 24255 I PBSessionCacheImpl: Deleted sessionId[6887564999190] from persistence.
06-28 10:36:13.331  1603  1613 I WifiService: getWifiEnabledState uid=10032
06-28 10:36:13.334 12507 12507 I net.osmand: RoutingHelper Recalculate route, because correlation  : 56128.159849497955
06-28 10:36:13.364 22551 22596 W SearchServiceCore: Abort, client detached.
06-28 10:36:13.465 12507 24524 I System.out: ROUTE : 
06-28 10:36:13.468 12507 24524 I net.osmand: RouteResultPreparation <test regions="" description="" best_percent="" vehicle="pedestrian" 
06-28 10:36:13.468 12507 24524 I net.osmand:   start_lat="-7.58920" start_lon="-37.54107" target_lat="-7.21846" target_lon="-35.88325"  routing_time="163074.97" loadedTiles="216" visitedSegments="22897" complete_distance="209462.69" complete_time="157093.95" >
06-28 10:36:13.468 12507 24524 I System.out: <test regions="" description="" best_percent="" vehicle="pedestrian" 
06-28 10:36:13.468 12507 24524 I System.out:   start_lat="-7.58920" start_lon="-37.54107" target_lat="-7.21846" target_lon="-35.88325"  routing_time="163074.97" loadedTiles="216" visitedSegments="22897" complete_distance="209462.69" complete_time="157093.95" >
06-28 10:36:13.468 12507 24524 I System.out: </test>
06-28 10:36:13.469 12507 24524 I System.out: <test regions="" description="" best_percent="" vehicle="pedestrian" 
06-28 10:36:13.469 12507 24524 I System.out:   start_lat="-7.58920" start_lon="-37.54107" target_lat="-7.21846" target_lon="-35.88325"  routing_time="163074.97" loadedTiles="216" visitedSegments="22897" complete_distance="209462.69" complete_time="157093.95" >
06-28 10:36:13.567 12507 24524 I net.osmand: RouteProvider Finding route contained 2050 points for 57547 ms
06-28 10:36:13.725 12507 24524 I net.osmand: TTSCommandPlayerImpl Send message to pebble Rota recalculada 209 quilmetros tempo estimado de  43 horas  38 minutos.  
06-28 10:36:13.725 12507 24524 D net.osmand: AbstractPrologCommandPlayer requestAudioFocus
06-28 10:36:13.735 12507 24524 W AudioManager: Use of stream types is deprecated for operations other than volume control
06-28 10:36:13.735 12507 24524 W AudioManager: See the documentation of requestAudioFocus() for what to use instead with android.media.AudioAttributes to qualify your playback use case
06-28 10:36:13.740  1603  1613 I MediaFocusControl: requestAudioFocus() from uid/pid 10104/12507 clientId=android.media.AudioManager@9a87ae1net.osmand.plus.api.AudioFocusHelperImpl@7ffe0b8 callingPack=net.osmand req=3 flags=0x0 sdk=26
06-28 10:36:13.748 12507 24524 D net.osmand: TTSCommandPlayerImpl ttsRequests=1
06-28 10:36:13.874 12744 12795 I TTS.GoogleTTSServiceImp: Synthesis request for locale por-BRA and name pt-BR-language
06-28 10:36:13.911 12744 12795 I TTS.GoogleTTSServiceImp: TTS dispatch: pt-br-x-afs-lstm-embedded
06-28 10:36:13.919 12744 12797 D AudioTrack: Client defaulted notificationFrames to 1365 for frameCount 4096
06-28 10:36:13.947  1603  2119 V MediaRouterService: restoreBluetoothA2dp(false)
06-28 10:36:13.949  1393  3231 W audio_hw_generic: Not supplying enough data to HAL, expected position 123536287 , only wrote 123536160
06-28 10:36:13.990  1475  1571 D AudioFlinger: mixer(0xaa803cc0) throttle end: throttle time(2)
06-28 10:36:14.158  1401  6331 D gralloc_ranchu: gralloc_alloc: Creating ashmem region of size 3878912
06-28 10:36:14.197  1475  1571 D AudioFlinger: mixer(0xaa803cc0) throttle end: throttle time(1)
06-28 10:36:14.265 12507 12519 I zygote  : Background concurrent copying GC freed 78677(2MB) AllocSpace objects, 0(0B) LOS objects, 12% free, 42MB/48MB, paused 6.197ms total 221.042ms
06-28 10:36:15.148  1603  4580 D WificondControl: Scan result ready event
06-28 10:36:15.355  1603  2974 I WifiService: releaseWifiLock uid=10014
06-28 10:36:15.980  1393  3231 W audio_hw_generic: Not supplying enough data to HAL, expected position 123633638 , only wrote 123633360
06-28 10:36:15.981  1393  3231 W audio_hw_generic: Not supplying enough data to HAL, expected position 123633382 , only wrote 123633360
06-28 10:36:15.998  1393  3231 W audio_hw_generic: Not supplying enough data to HAL, expected position 123634171 , only wrote 123634080
06-28 10:36:16.182  1393  3231 W audio_hw_generic: Not supplying enough data to HAL, expected position 123642929 , only wrote 123642720
06-28 10:36:16.183  1393  3231 W audio_hw_generic: Not supplying enough data to HAL, expected position 123642770 , only wrote 123642720
06-28 10:36:16.198  1393  3231 W audio_hw_generic: Not supplying enough data to HAL, expected position 123643457 , only wrote 123643440
06-28 10:36:16.225  1393  3231 W audio_hw_generic: Not supplying enough data to HAL, expected position 123644720 , only wrote 123644160
06-28 10:36:16.341  1393  3231 W audio_hw_generic: Not supplying enough data to HAL, expected position 123649740 , only wrote 123649200
06-28 10:36:16.691  1393  3231 W audio_hw_generic: Not supplying enough data to HAL, expected position 123666002 , only wrote 123665760
06-28 10:36:16.692  1393  3231 W audio_hw_generic: Not supplying enough data to HAL, expected position 123665789 , only wrote 123665760
06-28 10:36:16.720  1393  3231 W audio_hw_generic: Not supplying enough data to HAL, expected position 123667120 , only wrote 123666480
06-28 10:36:16.906  1393  3231 W audio_hw_generic: Not supplying enough data to HAL, expected position 123675400 , only wrote 123675120
06-28 10:36:16.907  1393  3231 W audio_hw_generic: Not supplying enough data to HAL, expected position 123675137 , only wrote 123675120
06-28 10:36:16.924  1393  3231 W audio_hw_generic: Not supplying enough data to HAL, expected position 123675959 , only wrote 123675840
06-28 10:36:17.106  1393  3231 W audio_hw_generic: Not supplying enough data to HAL, expected position 123684546 , only wrote 123683760
06-28 10:36:17.119 12507 12519 I zygote  : Background concurrent copying GC freed 515019(15MB) AllocSpace objects, 6(180KB) LOS objects, 15% free, 33MB/39MB, paused 27.546ms total 755.689ms
06-28 10:36:17.123  1393  3231 W audio_hw_generic: Not supplying enough data to HAL, expected position 123684587 , only wrote 123684480
06-28 10:36:17.221  1393  3231 W audio_hw_generic: Not supplying enough data to HAL, expected position 123689222 , only wrote 123688080
06-28 10:36:17.321  1475  1571 D AudioFlinger: mixer(0xaa803cc0) throttle end: throttle time(8)
06-28 10:36:17.421  1393  3231 W audio_hw_generic: Not supplying enough data to HAL, expected position 123697669 , only wrote 123697440
06-28 10:36:17.422  1393  3231 W audio_hw_generic: Not supplying enough data to HAL, expected position 123697487 , only wrote 123697440
06-28 10:36:17.438  1393  3231 W audio_hw_generic: Not supplying enough data to HAL, expected position 123698197 , only wrote 123698160
06-28 10:36:17.450  1475  1571 D AudioFlinger: mixer(0xaa803cc0) throttle end: throttle time(9)
06-28 10:36:17.583  1475  1571 D AudioFlinger: mixer(0xaa803cc0) throttle end: throttle time(1)
06-28 10:36:17.652  1393  3231 W audio_hw_generic: Not supplying enough data to HAL, expected position 123708448 , only wrote 123708240
06-28 10:36:17.832  1393  3231 W audio_hw_generic: Not supplying enough data to HAL, expected position 123716883 , only wrote 123716880
06-28 10:36:17.852  1393  3231 W audio_hw_generic: Not supplying enough data to HAL, expected position 123717819 , only wrote 123717600
06-28 10:36:18.093  1393  3231 W audio_hw_generic: Not supplying enough data to HAL, expected position 123729150 , only wrote 123729120
06-28 10:36:18.108  1393  3231 W audio_hw_generic: Not supplying enough data to HAL, expected position 123729877 , only wrote 123729840
06-28 10:36:18.574  1603  2119 I WifiService: getConnectionInfo uid=10014
06-28 10:36:18.618  1603  1612 I zygote  : Background concurrent copying GC freed 40131(1920KB) AllocSpace objects, 13(596KB) LOS objects, 25% free, 17MB/23MB, paused 1.761ms total 575.669ms
06-28 10:36:18.845  1393  3231 W audio_hw_generic: Not supplying enough data to HAL, expected position 123765189 , only wrote 123765120
06-28 10:36:18.863  1393  3231 W audio_hw_generic: Not supplying enough data to HAL, expected position 123765972 , only wrote 123765840
06-28 10:36:18.863  1393  3231 W audio_hw_generic: Not supplying enough data to HAL, expected position 123765855 , only wrote 123765840
06-28 10:36:18.878  1393  3231 W audio_hw_generic: Not supplying enough data to HAL, expected position 123766584 , only wrote 123766560
06-28 10:36:18.923 19546 24723 I Places  : ?: PlacesBleScanner stop()
06-28 10:36:18.944 19546 19546 I BeaconBle: Scan : No clients left, canceling alarm.
06-28 10:36:18.944 19546 19546 I BeaconBle: Scan canceled successfully.
06-28 10:36:18.952 19546 24723 I PlaceInferenceEngine: [anon] Changed inference mode: 0
06-28 10:36:18.952 19546 24723 I PlaceInferenceEngine: [account#1066226748] Changed inference mode: 0
06-28 10:36:19.175 19546 19546 I GeofencerStateMachine: removeGeofences: removeRequest=RemoveGeofencingRequest[REMOVE_BY_PENDING_INTENT pendingIntent=PendingIntent[creatorPackage=com.google.android.gms], packageName=com.google.android.gms]
06-28 10:36:19.302  1393  3231 W audio_hw_generic: Not supplying enough data to HAL, expected position 123786915 , only wrote 123786720
06-28 10:36:19.303  1393  3231 W audio_hw_generic: Not supplying enough data to HAL, expected position 123786750 , only wrote 123786720
06-28 10:36:19.318  1393  3231 W audio_hw_generic: Not supplying enough data to HAL, expected position 123787451 , only wrote 123787440
06-28 10:36:19.389 19546 19559 W MessageQueue: Handler (aeyl) {f309210} sending message to a Handler on a dead thread
06-28 10:36:19.389 19546 19559 W MessageQueue: java.lang.IllegalStateException: Handler (aeyl) {f309210} sending message to a Handler on a dead thread
06-28 10:36:19.389 19546 19559 W MessageQueue: 	at android.os.MessageQueue.enqueueMessage(MessageQueue.java:545)
06-28 10:36:19.389 19546 19559 W MessageQueue: 	at android.os.Handler.enqueueMessage(Handler.java:662)
06-28 10:36:19.389 19546 19559 W MessageQueue: 	at android.os.Handler.sendMessageAtTime(Handler.java:631)
06-28 10:36:19.389 19546 19559 W MessageQueue: 	at aeyl.sendMessageAtTime(Unknown Source:3)
06-28 10:36:19.389 19546 19559 W MessageQueue: 	at android.os.Handler.sendMessageDelayed(Handler.java:601)
06-28 10:36:19.389 19546 19559 W MessageQueue: 	at android.os.Handler.post(Handler.java:357)
06-28 10:36:19.389 19546 19559 W MessageQueue: 	at bcln.execute(Unknown Source:2)
06-28 10:36:19.389 19546 19559 W MessageQueue: 	at aanh.execute(Unknown Source:9)
06-28 10:36:19.389 19546 19559 W MessageQueue: 	at avft.a(:com.google.android.gms@17785022@17.7.85 (040700-253824076):3)
06-28 10:36:19.389 19546 19559 W MessageQueue: 	at avgk.a(:com.google.android.gms@17785022@17.7.85 (040700-253824076):8)
06-28 10:36:19.389 19546 19559 W MessageQueue: 	at avgn.a(:com.google.android.gms@17785022@17.7.85 (040700-253824076):43)
06-28 10:36:19.389 19546 19559 W MessageQueue: 	at avgj.a(:com.google.android.gms@17785022@17.7.85 (040700-253824076):2)
06-28 10:36:19.389 19546 19559 W MessageQueue: 	at rpj.a(:com.google.android.gms@17785022@17.7.85 (040700-253824076):3)
06-28 10:36:19.389 19546 19559 W MessageQueue: 	at rpj.a(:com.google.android.gms@17785022@17.7.85 (040700-253824076):2)
06-28 10:36:19.389 19546 19559 W MessageQueue: 	at agos.a(Unknown Source:2)
06-28 10:36:19.389 19546 19559 W MessageQueue: 	at rnt.a(Unknown Source:11)
06-28 10:36:19.389 19546 19559 W MessageQueue: 	at aamg.a(:com.google.android.gms@17785022@17.7.85 (040700-253824076):1)
06-28 10:36:19.389 19546 19559 W MessageQueue: 	at cwm.onTransact(:com.google.android.gms@17785022@17.7.85 (040700-253824076):4)
06-28 10:36:19.389 19546 19559 W MessageQueue: 	at android.os.Binder.execTransact(Binder.java:697)
06-28 10:36:19.490  1393  3231 W audio_hw_generic: Not supplying enough data to HAL, expected position 123795668 , only wrote 123795360
06-28 10:36:19.490  1393  3231 W audio_hw_generic: Not supplying enough data to HAL, expected position 123795391 , only wrote 123795360
06-28 10:36:19.528  1475  1571 D AudioFlinger: mixer(0xaa803cc0) throttle end: throttle time(8)
06-28 10:36:19.528  1393  3231 W audio_hw_generic: Not supplying enough data to HAL, expected position 123797175 , only wrote 123796080
06-28 10:36:19.664  1393  3231 W audio_hw_generic: Not supplying enough data to HAL, expected position 123802615 , only wrote 123801120
06-28 10:36:19.665  1393  3231 W audio_hw_generic: Not supplying enough data to HAL, expected position 123801132 , only wrote 123801120
06-28 10:36:19.702  1393  3231 W audio_hw_generic: Not supplying enough data to HAL, expected position 123802911 , only wrote 123801840
06-28 10:36:19.706  1475  1571 D AudioFlinger: mixer(0xaa803cc0) throttle end: throttle time(3)
06-28 10:36:19.849  1393  3231 W audio_hw_generic: Not supplying enough data to HAL, expected position 123808898 , only wrote 123808320
06-28 10:36:19.852  1393  3231 W audio_hw_generic: Not supplying enough data to HAL, expected position 123808477 , only wrote 123808320
06-28 10:36:19.868  1393  3231 W audio_hw_generic: Not supplying enough data to HAL, expected position 123809052 , only wrote 123809040
06-28 10:36:20.022  1475  1571 D AudioFlinger: mixer(0xaa803cc0) throttle end: throttle time(1)
06-28 10:36:20.048 12507 12519 I zygote  : Background concurrent copying GC freed 362553(9MB) AllocSpace objects, 0(0B) LOS objects, 16% free, 30MB/36MB, paused 2.528ms total 875.425ms
06-28 10:36:20.235  1393  3231 W audio_hw_generic: Not supplying enough data to HAL, expected position 123826679 , only wrote 123826320
06-28 10:36:20.236  1393  3231 W audio_hw_generic: Not supplying enough data to HAL, expected position 123826379 , only wrote 123826320
06-28 10:36:20.253  1393  3231 W audio_hw_generic: Not supplying enough data to HAL, expected position 123827111 , only wrote 123827040
06-28 10:36:20.266  1475  1571 D AudioFlinger: mixer(0xaa803cc0) throttle end: throttle time(12)
06-28 10:36:20.424  1393  3231 W audio_hw_generic: Not supplying enough data to HAL, expected position 123835241 , only wrote 123834960
06-28 10:36:20.456  1393  3231 W audio_hw_generic: Not supplying enough data to HAL, expected position 123836512 , only wrote 123834960
06-28 10:36:20.494  1393  3231 W audio_hw_generic: Not supplying enough data to HAL, expected position 123836785 , only wrote 123835680
06-28 10:36:20.528  1393  3231 W audio_hw_generic: Not supplying enough data to HAL, expected position 123837310 , only wrote 123837120
06-28 10:36:20.544  1393  3231 W audio_hw_generic: Not supplying enough data to HAL, expected position 123837891 , only wrote 123837840
06-28 10:36:20.562  1393  3231 W audio_hw_generic: Not supplying enough data to HAL, expected position 123838684 , only wrote 123838560
06-28 10:36:20.563  1393  3231 W audio_hw_generic: Not supplying enough data to HAL, expected position 123838599 , only wrote 123838560
06-28 10:36:20.578  1393  3231 W audio_hw_generic: Not supplying enough data to HAL, expected position 123839321 , only wrote 123839280
06-28 10:36:20.609  1393  3231 W audio_hw_generic: Not supplying enough data to HAL, expected position 123840742 , only wrote 123840720
06-28 10:36:20.648  1475  1571 D AudioFlinger: mixer(0xaa803cc0) throttle end: throttle time(1)
06-28 10:36:21.072  1393  3231 W audio_hw_generic: Not supplying enough data to HAL, expected position 123862956 , only wrote 123862320
06-28 10:36:21.136  1393  3231 W audio_hw_generic: Not supplying enough data to HAL, expected position 123865368 , only wrote 123865200
06-28 10:36:21.154  1393  3231 W audio_hw_generic: Not supplying enough data to HAL, expected position 123866094 , only wrote 123865920
06-28 10:36:21.155  1393  3231 W audio_hw_generic: Not supplying enough data to HAL, expected position 123865978 , only wrote 123865920
06-28 10:36:21.173  1393  3231 W audio_hw_generic: Not supplying enough data to HAL, expected position 123866739 , only wrote 123866640
06-28 10:36:21.310  1393  3231 W audio_hw_generic: Not supplying enough data to HAL, expected position 123873245 , only wrote 123873120
06-28 10:36:21.331  1393  3231 W audio_hw_generic: Not supplying enough data to HAL, expected position 123874104 , only wrote 123873840
06-28 10:36:21.411  1393  3231 W audio_hw_generic: Not supplying enough data to HAL, expected position 123877676 , only wrote 123875280
06-28 10:36:21.438  1475  1571 D AudioFlinger: mixer(0xaa803cc0) throttle end: throttle time(12)
06-28 10:36:21.580  1475  1571 D AudioFlinger: mixer(0xaa803cc0) throttle end: throttle time(12)
06-28 10:36:21.682  1393  3231 W audio_hw_generic: Not supplying enough data to HAL, expected position 123888314 , only wrote 123888240
06-28 10:36:21.684  1393  3231 W audio_hw_generic: Not supplying enough data to HAL, expected position 123888333 , only wrote 123888240
06-28 10:36:21.762  1393  3231 W audio_hw_generic: Not supplying enough data to HAL, expected position 123891983 , only wrote 123891840
06-28 10:36:21.763  1393  3231 W audio_hw_generic: Not supplying enough data to HAL, expected position 123891872 , only wrote 123891840
06-28 10:36:21.781  1393  3231 W audio_hw_generic: Not supplying enough data to HAL, expected position 123892694 , only wrote 123892560
06-28 10:36:21.815  1475  1571 D AudioFlinger: mixer(0xaa803cc0) throttle end: throttle time(4)
06-28 10:36:21.857  1393  3231 W audio_hw_generic: Not supplying enough data to HAL, expected position 123896213 , only wrote 123896160
06-28 10:36:22.177  1393  3231 W audio_hw_generic: Not supplying enough data to HAL, expected position 123911550 , only wrote 123911280
06-28 10:36:22.178  1393  3231 W audio_hw_generic: Not supplying enough data to HAL, expected position 123911307 , only wrote 123911280
06-28 10:36:22.194  1393  3231 W audio_hw_generic: Not supplying enough data to HAL, expected position 123912045 , only wrote 123912000
06-28 10:36:22.222  1475  1571 D AudioFlinger: mixer(0xaa803cc0) throttle end: throttle time(1)
06-28 10:36:22.282 12744 12797 D AudioTrack: stop() called with 171930 frames delivered
06-28 10:36:22.299 12507 13666 D net.osmand: AbstractPrologCommandPlayer abandonAudioFocus
06-28 10:36:22.307  1603  2974 I MediaFocusControl: abandonAudioFocus() from uid/pid 10104/12507 clientId=android.media.AudioManager@9a87ae1net.osmand.plus.api.AudioFocusHelperImpl@7ffe0b8
06-28 10:36:22.308 12507 13666 D net.osmand: TTSCommandPlayerImpl ttsRequests=0
06-28 10:36:22.574 12507 12519 I zygote  : Background concurrent copying GC freed 291136(6MB) AllocSpace objects, 0(0B) LOS objects, 16% free, 31MB/37MB, paused 11.777ms total 601.761ms
06-28 10:36:22.622  1393  3231 W audio_hw_generic: Not supplying enough data to HAL, expected position 123932571 , only wrote 123930000
06-28 10:36:22.623  1393  3231 W audio_hw_generic: Not supplying enough data to HAL, expected position 123930036 , only wrote 123930000
06-28 10:36:22.685  1393  3231 W audio_hw_generic: Not supplying enough data to HAL, expected position 123932980 , only wrote 123930720
06-28 10:36:22.708  1393  3231 W audio_hw_generic: Not supplying enough data to HAL, expected position 123931816 , only wrote 123931440
06-28 10:36:22.792  1393  3231 W audio_hw_generic: Not supplying enough data to HAL, expected position 123935471 , only wrote 123935040
06-28 10:36:22.809  1393  3231 W audio_hw_generic: Not supplying enough data to HAL, expected position 123935864 , only wrote 123935760
06-28 10:36:22.885  1393  3231 W audio_hw_generic: Not supplying enough data to HAL, expected position 123939382 , only wrote 123938640
06-28 10:36:23.044 22551 22562 W zygote  : Suspending all threads took: 15.776ms
06-28 10:36:23.049 22551 22596 I WorkerManager: dispose()
06-28 10:36:23.055 22551 22596 W ThreadPoolDumper: Queue length for executor EventBus is now 11. Perhaps some tasks are too long, or the pool is too small.
06-28 10:36:23.958  1603  1616 E memtrack: Couldn't load memtrack module
06-28 10:36:23.958  1603  1616 W android.os.Debug: failed to get memory consumption info: -1
06-28 10:36:23.964 19546 19546 I BeaconBle: Scan : No clients left, canceling alarm.
06-28 10:36:24.121  1603  1616 E memtrack: Couldn't load memtrack module
06-28 10:36:24.121  1603  1616 W android.os.Debug: failed to get memory consumption info: -1
06-28 10:36:24.178  1393  3231 W audio_hw_generic: Not supplying enough data to HAL, expected position 124000724 , only wrote 123999840
06-28 10:36:24.181  1393  3231 W audio_hw_generic: Not supplying enough data to HAL, expected position 123999960 , only wrote 123999840
06-28 10:36:24.197  1393  3231 W audio_hw_generic: Not supplying enough data to HAL, expected position 124000607 , only wrote 124000560
06-28 10:36:24.235  1393  3231 W audio_hw_generic: Not supplying enough data to HAL, expected position 124002415 , only wrote 124002000
