06-28 09:51:09.448 14090 14090 I Dialer  : EnrichedCallManagerImpl.registerStateChangedListener - listener: [DialerCall_7, INCOMING, [Capabilities: CAPABILITY_SUPPORT_HOLD CAPABILITY_RESPOND_VIA_TEXT CAPABILITY_MUTE CAPABILITY_CANNOT_DOWNGRADE_VIDEO_TO_AUDIO], [Properties:], children:[], parent:null, conferenceable:[], videoState:Audio Only, mSessionModificationState:0, CameraDir:-1]
06-28 09:51:09.466  1483 19142 D GenericSource: FileSource remote
06-28 09:51:09.476 14090 14090 I Dialer  : CallList.onUpdateCall - [DialerCall_7, INCOMING, [Capabilities: CAPABILITY_SUPPORT_HOLD CAPABILITY_RESPOND_VIA_TEXT CAPABILITY_MUTE CAPABILITY_CANNOT_DOWNGRADE_VIDEO_TO_AUDIO], [Properties:], children:[], parent:null, conferenceable:[], videoState:Audio Only, mSessionModificationState:0, CameraDir:-1]
06-28 09:51:09.479 14090 14090 I Dialer  : InCallPresenter.startOrFinishUi - Start Full Screen in call UI
06-28 09:51:09.499  1483 19141 D NuPlayerDriver: notifyListener_l(0xab7a59a0), (1, 0, 0, -1), loop setting(0, 0)
06-28 09:51:09.511  1603  1904 D Ringtone: Successfully created local player
06-28 09:51:09.511  1603  1904 W Ringtone: Use of stream types is deprecated for operations other than volume control
06-28 09:51:09.511  1603  1904 W Ringtone: See the documentation of setStreamType() for what to use instead with android.media.AudioAttributes to qualify your playback use case
06-28 09:51:09.511  1483  1574 D NuPlayerDriver: reset(0xab7a59a0) at state 4
06-28 09:51:09.512  1483  1574 D NuPlayerDriver: notifyListener_l(0xab7a59a0), (8, 0, 0, -1), loop setting(1, 0)
06-28 09:51:09.513  1483 19141 D NuPlayerDriver: notifyResetComplete(0xab7a59a0)
06-28 09:51:09.517  1483  1574 D NuPlayerDriver: reset(0xab7a59a0) at state 0
06-28 09:51:09.517  1603  1904 V MediaPlayer: resetDrmState:  mDrmInfo=null mDrmProvisioningThread=null mPrepareDrmInProgress=false mActiveDrmScheme=false
06-28 09:51:09.517  1603  1904 V MediaPlayer: cleanDrmObj: mDrmObj=null mDrmSessionId=null
06-28 09:51:09.518  1603  1904 V MediaPlayer: resetDrmState:  mDrmInfo=null mDrmProvisioningThread=null mPrepareDrmInProgress=false mActiveDrmScheme=false
06-28 09:51:09.518  1603  1904 V MediaPlayer: cleanDrmObj: mDrmObj=null mDrmSessionId=null
06-28 09:51:09.543  1483  1574 D NuPlayerDriver: NuPlayerDriver(0xab7a5850) created, clientPid(1603)
06-28 09:51:09.565  1483 19145 D GenericSource: FileSource remote
06-28 09:51:09.566 14090 14090 I Dialer  : StatusBarNotifier.buildAndSendNotification - notificationType=2
06-28 09:51:09.568 14090 14090 I Dialer  : StatusBarNotifier.buildAndSendNotification - Canceling old notification so this one can be noisy
06-28 09:51:09.583  1483 19144 D NuPlayerDriver: notifyListener_l(0xab7a5850), (1, 0, 0, -1), loop setting(0, 0)
06-28 09:51:09.585 14090 14090 I Dialer  : StatusBarNotifier.buildAndSendNotification - displaying notification for 2
06-28 09:51:09.592  1603  1904 D Ringtone: Successfully created local player
06-28 09:51:09.593  1603  1904 I Telecom : Event: RecordEntry TC@8: START_RINGER, null: TSI.aNIC->CILH.sL->CILH.oQC->ICF.oCFC->CAMSM.pM_2002@BJw
06-28 09:51:09.597  1603  1904 I Telecom : Event: RecordEntry TC@8: SKIP_VIBRATION, hasVibrator=false, userRequestsVibrate=false, ringerMode=2, isVibrating=false: TSI.aNIC->CILH.sL->CILH.oQC->ICF.oCFC->CAMSM.pM_2002@BJw
06-28 09:51:09.597  1603  1904 I MediaFocusControl: requestAudioFocus() from uid/pid 1000/1603 clientId=AudioFocus_For_Phone_Ring_And_Calls callingPack=com.android.server.telecom req=2 flags=0x4 sdk=0
06-28 09:51:09.600  1603 19147 I Telecom : AsyncRingtonePlayer: Play ringtone.
06-28 09:51:09.616  1603  1902 I Telecom : CallAudioRouteStateMachine: Message received: SWITCH_FOCUS=4001, arg1=3: TSI.aNIC->CILH.sL->CILH.oQC->ICF.oCFC->CAMSM.pM_2002->CARSM.pM_SWITCH_FOCUS@BJw
06-28 09:51:09.616  1603  1902 I Telecom : Event: RecordEntry TC@8: AUDIO_ROUTE, Leaving state QuiescentEarpieceRoute: TSI.aNIC->CILH.sL->CILH.oQC->ICF.oCFC->CAMSM.pM_2002->CARSM.pM_SWITCH_FOCUS@BJw
06-28 09:51:09.619  1603  1902 I Telecom : Event: RecordEntry TC@8: AUDIO_ROUTE, Entering state ActiveEarpieceRoute: TSI.aNIC->CILH.sL->CILH.oQC->ICF.oCFC->CAMSM.pM_2002->CARSM.pM_SWITCH_FOCUS@BJw
06-28 09:51:09.619  1603  1902 I Telecom : Event: RecordEntry TC@8: AUDIO_ROUTE_EARPIECE, null: TSI.aNIC->CILH.sL->CILH.oQC->ICF.oCFC->CAMSM.pM_2002->CARSM.pM_SWITCH_FOCUS@BJw
06-28 09:51:09.619  1603  1902 I Telecom : CallAudioRouteStateMachine: turning speaker phone false: TSI.aNIC->CILH.sL->CILH.oQC->ICF.oCFC->CAMSM.pM_2002->CARSM.pM_SWITCH_FOCUS@BJw
06-28 09:51:09.620  1603  1902 I Telecom : CallAudioRouteStateMachine: setSystemAudioState: changing from [AudioState isMuted: false, route: EARPIECE, supportedRouteMask: EARPIECE, SPEAKER] to [AudioState isMuted: false, route: EARPIECE, supportedRouteMask: EARPIECE, SPEAKER]: TSI.aNIC->CILH.sL->CILH.oQC->ICF.oCFC->CAMSM.pM_2002->CARSM.pM_SWITCH_FOCUS@BJw
06-28 09:51:09.620  1603  1902 I Telecom : InCallController: Calling onAudioStateChanged, audioState: [AudioState isMuted: false, route: EARPIECE, supportedRouteMask: EARPIECE, SPEAKER] -> [AudioState isMuted: false, route: EARPIECE, supportedRouteMask: EARPIECE, SPEAKER]: TSI.aNIC->CILH.sL->CILH.oQC->ICF.oCFC->CAMSM.pM_2002->CARSM.pM_SWITCH_FOCUS@BJw
06-28 09:51:09.635 14090 14090 I Dialer  : InCallPresenter.onCallListChange - Phone switching state: NO_CALLS -> INCOMING
06-28 09:51:09.635 14090 14090 I Dialer  : VideoPauseController.onStateChange - hasPrimaryCallChanged: true, videoCanPause: false, isInBackground: false
06-28 09:51:09.636 14090 14090 I Dialer  : VideoPauseController.onPrimaryCallChanged - new call: [DialerCall_7, INCOMING, [Capabilities: CAPABILITY_SUPPORT_HOLD CAPABILITY_RESPOND_VIA_TEXT CAPABILITY_MUTE CAPABILITY_CANNOT_DOWNGRADE_VIDEO_TO_AUDIO], [Properties:], children:[], parent:null, conferenceable:[], videoState:Audio Only, mSessionModificationState:0, CameraDir:-1], old call: null, mIsInBackground: false
06-28 09:51:09.659  1483  1574 D NuPlayerDriver: NuPlayerDriver(0xa9e94070) created, clientPid(1603)
06-28 09:51:09.675 14090 14090 I Dialer  : CallList.onIncoming - [DialerCall_7, INCOMING, [Capabilities: CAPABILITY_SUPPORT_HOLD CAPABILITY_RESPOND_VIA_TEXT CAPABILITY_MUTE CAPABILITY_CANNOT_DOWNGRADE_VIDEO_TO_AUDIO], [Properties:], children:[], parent:null, conferenceable:[], videoState:Audio Only, mSessionModificationState:0, CameraDir:-1]
06-28 09:51:09.684 14090 14090 I Dialer  : InCallPresenter.onIncomingCall - Phone switching state: INCOMING -> INCOMING
06-28 09:51:09.688 14090 14090 I Dialer  : VideoPauseController.onIncomingCall - oldState: INCOMING, newState: INCOMING, call: [DialerCall_7, INCOMING, [Capabilities: CAPABILITY_SUPPORT_HOLD CAPABILITY_RESPOND_VIA_TEXT CAPABILITY_MUTE CAPABILITY_CANNOT_DOWNGRADE_VIDEO_TO_AUDIO], [Properties:], children:[], parent:null, conferenceable:[], videoState:Audio Only, mSessionModificationState:0, CameraDir:-1]
06-28 09:51:09.689 14090 14090 I Dialer  : InCallPresenter.setBoundAndWaitingForOutgoingCall - setBoundAndWaitingForOutgoingCall: false
06-28 09:51:09.691 14090 14090 I Dialer  : ProximitySensor.updateProximitySensorMode - screenOnImmediately: false, dialPadVisible: false, offHook: false, horizontal: false, uiShowing: false, audioRoute: EARPIECE
06-28 09:51:09.691 14090 14090 I Dialer  : ProximitySensor.turnOffProximitySensor - wake lock already released
06-28 09:51:09.696  1483 19150 D GenericSource: FileSource remote
06-28 09:51:09.710  1483 19149 D NuPlayerDriver: notifyListener_l(0xa9e94070), (1, 0, 0, -1), loop setting(0, 0)
06-28 09:51:09.728  1603 19147 D Ringtone: Successfully created local player
06-28 09:51:09.728  1603 19147 W Ringtone: Use of stream types is deprecated for operations other than volume control
06-28 09:51:09.728  1603 19147 W Ringtone: See the documentation of setStreamType() for what to use instead with android.media.AudioAttributes to qualify your playback use case
06-28 09:51:09.732  1483  1574 D NuPlayerDriver: reset(0xa9e94070) at state 4
06-28 09:51:09.733  1483  1574 D NuPlayerDriver: notifyListener_l(0xa9e94070), (8, 0, 0, -1), loop setting(1, 0)
06-28 09:51:09.736  1483 19149 D NuPlayerDriver: notifyResetComplete(0xa9e94070)
06-28 09:51:09.736  1483  1574 D NuPlayerDriver: reset(0xa9e94070) at state 0
06-28 09:51:09.738  1603 19147 V MediaPlayer: resetDrmState:  mDrmInfo=null mDrmProvisioningThread=null mPrepareDrmInProgress=false mActiveDrmScheme=false
06-28 09:51:09.738  1603 19147 V MediaPlayer: cleanDrmObj: mDrmObj=null mDrmSessionId=null
06-28 09:51:09.738  1603 19147 V MediaPlayer: resetDrmState:  mDrmInfo=null mDrmProvisioningThread=null mPrepareDrmInProgress=false mActiveDrmScheme=false
06-28 09:51:09.738  1603 19147 V MediaPlayer: cleanDrmObj: mDrmObj=null mDrmSessionId=null
06-28 09:51:09.756  1483  1574 D NuPlayerDriver: NuPlayerDriver(0xab7a5620) created, clientPid(1603)
06-28 09:51:09.771  1483 19154 D GenericSource: FileSource remote
06-28 09:51:09.806  1483 19153 D NuPlayerDriver: notifyListener_l(0xab7a5620), (1, 0, 0, -1), loop setting(0, 0)
06-28 09:51:09.812  1603 19147 D Ringtone: Successfully created local player
06-28 09:51:09.813  1483  1574 D NuPlayerDriver: start(0xab7a5620), state is 4, eos is 0
06-28 09:51:09.814  1603 19147 I Telecom : AsyncRingtonePlayer: Repeat ringtone.
06-28 09:51:09.814  1483 19153 I GenericSource: start
06-28 09:51:09.817  1603  1603 V MediaRouter: onRestoreRoute() : route=RouteInfo{ name=Phone, description=null, status=null, category=RouteCategory{ name=System types=ROUTE_TYPE_LIVE_AUDIO ROUTE_TYPE_LIVE_VIDEO  groupable=false }, supportedTypes=ROUTE_TYPE_LIVE_AUDIO ROUTE_TYPE_LIVE_VIDEO , presentationDisplay=null }
06-28 09:51:09.817  1603  1603 V MediaRouter: Selecting route: RouteInfo{ name=Phone, description=null, status=null, category=RouteCategory{ name=System types=ROUTE_TYPE_LIVE_AUDIO ROUTE_TYPE_LIVE_VIDEO  groupable=false }, supportedTypes=ROUTE_TYPE_LIVE_AUDIO ROUTE_TYPE_LIVE_VIDEO , presentationDisplay=null }
06-28 09:51:09.837  1483 19158 I OMXClient: Treble IOmx obtained
06-28 09:51:09.841  1487  1526 I OMXMaster: makeComponentInstance(OMX.google.vorbis.decoder) in omx@1.0-service process
06-28 09:51:09.865  1487  1809 E OMXNodeInstance: setConfig(0xb5713420:google.vorbis.decoder, ConfigPriority(0x6f800002)) ERROR: Undefined(0x80001001)
06-28 09:51:09.866  1483 19158 I ACodec  : codec does not support config priority (err -2147483648)
06-28 09:51:09.870  1487 18611 E OMXNodeInstance: getConfig(0xb5713420:google.vorbis.decoder, ConfigAndroidVendorExtension(0x6f100004)) ERROR: Undefined(0x80001001)
06-28 09:51:09.873  1483 19158 I MediaCodec: MediaCodec will operate in async mode
06-28 09:51:09.880  1392  1392 W /system/bin/hw/android.hidl.allocator@1.0-service: ashmem_create_region(32768) returning hidl_memory(0xa8e9b830, 32768)
06-28 09:51:09.885  1392  1392 I chatty  : uid=1000(system) allocator@1.0-s identical 8 lines
06-28 09:51:09.886  1392  1392 W /system/bin/hw/android.hidl.allocator@1.0-service: ashmem_create_region(32768) returning hidl_memory(0xa8e9b830, 32768)
06-28 09:51:09.887  1708  1708 D StatusBar: disable<e i a s b h r c s q >
06-28 09:51:09.890  1392  1392 W /system/bin/hw/android.hidl.allocator@1.0-service: ashmem_create_region(32768) returning hidl_memory(0xa8e9b830, 32768)
06-28 09:51:09.919  1392  1392 W /system/bin/hw/android.hidl.allocator@1.0-service: ashmem_create_region(32768) returning hidl_memory(0xa8e9b830, 32768)
06-28 09:51:09.930  1483 19156 D AudioTrack: Client defaulted notificationFrames to 7406 for frameCount 22218
06-28 09:51:09.937  1393  3231 W audio_hw_generic: Not supplying enough data to HAL, expected position 90452190 , only wrote 90452160
06-28 09:51:09.939  1483 19153 D NuPlayerDriver: notifyListener_l(0xab7a5620), (6, 0, 0, -1), loop setting(1, 0)
06-28 09:51:10.017  1483 19156 W AudioTrack: getTimestamp() location moved from kernel to server
06-28 09:51:10.047  1708  1926 D EGL_emulation: eglMakeCurrent: 0x9268e860: ver 2 0 (tinfo 0x92690770)
06-28 09:51:10.057  1401  1437 D gralloc_ranchu: gralloc_alloc: Creating ashmem region of size 8298496
06-28 09:51:10.111  1708  1926 D EGL_emulation: eglMakeCurrent: 0x9268e860: ver 2 0 (tinfo 0x92690770)
06-28 09:51:10.154  1401  1437 D gralloc_ranchu: gralloc_alloc: Creating ashmem region of size 8298496
06-28 09:51:10.204  1401  1437 D gralloc_ranchu: gralloc_alloc: Creating ashmem region of size 8298496
06-28 09:51:12.776  1483 19157 I NuPlayerDecoder: [audio] saw output EOS
06-28 09:51:12.776  1483 19156 D AudioTrack: stop() called with 132300 frames delivered
06-28 09:51:13.234  1483 19153 D NuPlayerDriver: notifyListener_l(0xab7a5620), (2, 0, 0, -1), loop setting(1, 0)
06-28 09:51:13.245  1483 19157 I NuPlayerDecoder: [OMX.google.vorbis.decoder] resubmitting CSD
06-28 09:51:13.246  1483 19157 I NuPlayerDecoder: [OMX.google.vorbis.decoder] resubmitting CSD
06-28 09:51:13.260  1483 19153 D NuPlayerDriver: notifyListener_l(0xab7a5620), (6, 0, 0, -1), loop setting(1, 0)
06-28 09:51:13.291  1483 19156 W AudioTrack: getTimestamp() location moved from kernel to server
06-28 09:51:13.334  1483 19156 W AudioTrack: retrograde timestamp position corrected, -1058 = 0 - 1058
06-28 09:51:13.546  1603  5056 I WifiService: acquireWifiLock uid=10014 lockMode=2
06-28 09:51:13.569  1603  1616 E memtrack: Couldn't load memtrack module
06-28 09:51:13.569  1603  1616 W android.os.Debug: failed to get memory consumption info: -1
06-28 09:51:15.459  1393  3231 W audio_hw_generic: Not supplying enough data to HAL, expected position 90717177 , only wrote 90717120
06-28 09:51:15.476  1393  3231 W audio_hw_generic: Not supplying enough data to HAL, expected position 90717959 , only wrote 90717840
06-28 09:51:15.808  1483 19157 I NuPlayerDecoder: [audio] saw output EOS
06-28 09:51:15.809  1483 19156 D AudioTrack: stop() called with 132300 frames delivered
06-28 09:51:16.334  1483 19153 D NuPlayerDriver: notifyListener_l(0xab7a5620), (2, 0, 0, -1), loop setting(1, 0)
06-28 09:51:16.357  1603  1620 I WifiService: requestActivityInfo uid=1000
06-28 09:51:16.357  1603  1620 I WifiService: reportActivityInfo uid=1000
06-28 09:51:16.357  1603  1620 I WifiService: getSupportedFeatures uid=1000
06-28 09:51:16.359  1483 19157 I NuPlayerDecoder: [OMX.google.vorbis.decoder] resubmitting CSD
06-28 09:51:16.360  1483 19157 I NuPlayerDecoder: [OMX.google.vorbis.decoder] resubmitting CSD
06-28 09:51:16.380  1483 19153 D NuPlayerDriver: notifyListener_l(0xab7a5620), (6, 0, 0, -1), loop setting(1, 0)
06-28 09:51:16.394  1483 19156 W AudioTrack: getTimestamp() location moved from kernel to server
06-28 09:51:16.394  1483 19156 W NuPlayerRenderer: getPendingAudioPlayoutDurationUs: pendingUs -4645 < 0, clamping to zero, potential resume after pause writtenAudioDurationUs: 11609, audioSinkPlayedUs: 16254
06-28 09:51:16.414  1483 19156 W AudioTrack: retrograde timestamp position corrected, -512 = 0 - 512
06-28 09:51:16.541  1603  5056 D WificondControl: Scan result ready event
06-28 09:51:16.629  1603  1613 I WifiService: releaseWifiLock uid=10014
06-28 09:51:16.711  1975  1975 I GeofencerStateMachine: sendNewTransitions called.
06-28 09:51:16.766  1393  3231 W audio_hw_generic: Not supplying enough data to HAL, expected position 90779769 , only wrote 90779760
06-28 09:51:16.777  1393  3231 W audio_hw_generic: Not supplying enough data to HAL, expected position 90780297 , only wrote 90779760
06-28 09:51:18.113  1393  3231 W audio_hw_generic: Not supplying enough data to HAL, expected position 90843865 , only wrote 90843840
06-28 09:51:18.751  1483 19156 W AudioTrack: getTimestamp() location moved from kernel to server
06-28 09:51:18.775  1393  3231 W audio_hw_generic: Not supplying enough data to HAL, expected position 90875603 , only wrote 90872640
06-28 09:51:18.776  1393  3231 W audio_hw_generic: Not supplying enough data to HAL, expected position 90872692 , only wrote 90872640
06-28 09:51:18.792  1393  3231 W audio_hw_generic: Not supplying enough data to HAL, expected position 90873398 , only wrote 90873360
06-28 09:51:19.090  1483 19157 I NuPlayerDecoder: [audio] saw output EOS
06-28 09:51:19.091  1483 19156 D AudioTrack: stop() called with 132300 frames delivered
06-28 09:51:19.531  1483 19153 D NuPlayerDriver: notifyListener_l(0xab7a5620), (2, 0, 0, -1), loop setting(1, 0)
06-28 09:51:19.550  1483 19157 I NuPlayerDecoder: [OMX.google.vorbis.decoder] resubmitting CSD
06-28 09:51:19.551  1483 19157 I NuPlayerDecoder: [OMX.google.vorbis.decoder] resubmitting CSD
06-28 09:51:19.566  1483 19153 D NuPlayerDriver: notifyListener_l(0xab7a5620), (6, 0, 0, -1), loop setting(1, 0)
06-28 09:51:19.588  1483 19156 W AudioTrack: getTimestamp() location moved from kernel to server
06-28 09:51:19.589  1483 19156 W NuPlayerRenderer: getPendingAudioPlayoutDurationUs: pendingUs -969 < 0, clamping to zero, potential resume after pause writtenAudioDurationUs: 23219, audioSinkPlayedUs: 24188
06-28 09:51:19.610  1483 19156 W AudioTrack: retrograde timestamp position corrected, -1024 = 0 - 1024
06-28 09:51:20.639  1393  3231 W audio_hw_generic: Not supplying enough data to HAL, expected position 90962055 , only wrote 90961920
06-28 09:51:20.640  1393  3231 W audio_hw_generic: Not supplying enough data to HAL, expected position 90961930 , only wrote 90961920
06-28 09:51:20.658  1393  3231 W audio_hw_generic: Not supplying enough data to HAL, expected position 90962805 , only wrote 90962640
06-28 09:51:21.771  1393  3231 W audio_hw_generic: Not supplying enough data to HAL, expected position 91016075 , only wrote 91014480
06-28 09:51:21.783  1393  3231 W audio_hw_generic: Not supplying enough data to HAL, expected position 91015056 , only wrote 91014480
06-28 09:51:21.999  1393  3231 W audio_hw_generic: Not supplying enough data to HAL, expected position 91024808 , only wrote 91024560
06-28 09:51:22.208  1483 19157 I NuPlayerDecoder: [audio] saw output EOS
06-28 09:51:22.210  1483 19156 D AudioTrack: stop() called with 132300 frames delivered
06-28 09:51:22.690  1483 19153 D NuPlayerDriver: notifyListener_l(0xab7a5620), (2, 0, 0, -1), loop setting(1, 0)
06-28 09:51:22.708  1483 19157 I NuPlayerDecoder: [OMX.google.vorbis.decoder] resubmitting CSD
06-28 09:51:22.709  1483 19157 I NuPlayerDecoder: [OMX.google.vorbis.decoder] resubmitting CSD
06-28 09:51:22.723  1483 19153 D NuPlayerDriver: notifyListener_l(0xab7a5620), (6, 0, 0, -1), loop setting(1, 0)
06-28 09:51:22.742  1483 19156 W AudioTrack: getTimestamp() location moved from kernel to server
06-28 09:51:22.742  1483 19156 W NuPlayerRenderer: getPendingAudioPlayoutDurationUs: pendingUs -4445 < 0, clamping to zero, potential resume after pause writtenAudioDurationUs: 14512, audioSinkPlayedUs: 18957
06-28 09:51:22.766  1483 19156 W AudioTrack: retrograde timestamp position corrected, -640 = 0 - 640
06-28 09:51:24.365  1393  3231 W audio_hw_generic: Not supplying enough data to HAL, expected position 91138133 , only wrote 91137600
06-28 09:51:24.805  1603  1616 E memtrack: Couldn't load memtrack module
06-28 09:51:24.805  1603  1616 W android.os.Debug: failed to get memory consumption info: -1
06-28 09:51:25.415  1483 19157 I NuPlayerDecoder: [audio] saw output EOS
06-28 09:51:25.415  1483 19156 D AudioTrack: stop() called with 132300 frames delivered
06-28 09:51:25.813  1483 19153 D NuPlayerDriver: notifyListener_l(0xab7a5620), (2, 0, 0, -1), loop setting(1, 0)
06-28 09:51:25.825  1483 19157 I NuPlayerDecoder: [OMX.google.vorbis.decoder] resubmitting CSD
06-28 09:51:25.826  1483 19157 I NuPlayerDecoder: [OMX.google.vorbis.decoder] resubmitting CSD
06-28 09:51:25.838  1483 19153 D NuPlayerDriver: notifyListener_l(0xab7a5620), (6, 0, 0, -1), loop setting(1, 0)
06-28 09:51:25.885  1483 19156 W AudioTrack: getTimestamp() location moved from kernel to server
06-28 09:51:25.926  1483 19156 W AudioTrack: retrograde timestamp position corrected, -1060 = 0 - 1060
06-28 09:51:26.870  1393  3231 W audio_hw_generic: Not supplying enough data to HAL, expected position 91257879 , only wrote 91257840
06-28 09:51:26.887  1393  3231 W audio_hw_generic: Not supplying enough data to HAL, expected position 91258622 , only wrote 91258560
06-28 09:51:28.386  1483 19157 I NuPlayerDecoder: [audio] saw output EOS
06-28 09:51:28.387  1483 19156 D AudioTrack: stop() called with 132300 frames delivered
06-28 09:51:28.914  1483 19153 D NuPlayerDriver: notifyListener_l(0xab7a5620), (2, 0, 0, -1), loop setting(1, 0)
06-28 09:51:28.924  1483 19157 I NuPlayerDecoder: [OMX.google.vorbis.decoder] resubmitting CSD
06-28 09:51:28.924  1483 19157 I NuPlayerDecoder: [OMX.google.vorbis.decoder] resubmitting CSD
06-28 09:51:28.930  1483 19153 D NuPlayerDriver: notifyListener_l(0xab7a5620), (6, 0, 0, -1), loop setting(1, 0)
06-28 09:51:31.329  1393  3231 W audio_hw_generic: Not supplying enough data to HAL, expected position 91471805 , only wrote 91471680
06-28 09:51:31.364  1393  3231 W audio_hw_generic: Not supplying enough data to HAL, expected position 91473328 , only wrote 91472400
06-28 09:51:31.430  1483 19157 I NuPlayerDecoder: [audio] saw output EOS
06-28 09:51:31.682  1483 19156 D AudioTrack: stop() called with 132300 frames delivered
06-28 09:51:31.758  1393  3231 W audio_hw_generic: Not supplying enough data to HAL, expected position 91491316 , only wrote 91491120
06-28 09:51:31.778  1393  3231 W audio_hw_generic: Not supplying enough data to HAL, expected position 91492065 , only wrote 91491840
06-28 09:51:31.791  1475  1571 D AudioFlinger: mixer(0xaa803cc0) throttle end: throttle time(12)
06-28 09:51:32.046  1483 19153 D NuPlayerDriver: notifyListener_l(0xab7a5620), (2, 0, 0, -1), loop setting(1, 0)
06-28 09:51:32.067  1483 19157 I NuPlayerDecoder: [OMX.google.vorbis.decoder] resubmitting CSD
06-28 09:51:32.068  1483 19157 I NuPlayerDecoder: [OMX.google.vorbis.decoder] resubmitting CSD
06-28 09:51:32.082  1483 19153 D NuPlayerDriver: notifyListener_l(0xab7a5620), (6, 0, 0, -1), loop setting(1, 0)
06-28 09:51:33.566  1603  1616 E memtrack: Couldn't load memtrack module
06-28 09:51:33.567  1603  1616 W android.os.Debug: failed to get memory consumption info: -1
06-28 09:51:33.569  1603  3880 I WifiService: acquireWifiLock uid=10014 lockMode=2
06-28 09:51:33.666 18574 19163 D DownloadManager: [399] Starting
06-28 09:51:33.731  1603  1616 E memtrack: Couldn't load memtrack module
06-28 09:51:33.731  1603  1616 W android.os.Debug: failed to get memory consumption info: -1
06-28 09:51:33.794  1603  3880 I WifiService: releaseWifiLock uid=10014
06-28 09:51:33.896 18574 19163 D NetworkSecurityConfig: No Network Security Config specified, using platform default
06-28 09:51:33.921 18809 18809 I Finsky  : [2] htd.a(59): com.google.android.gms: onProgress 15089552/15429329 Status: 192 URI: content://downloads/my_downloads/399.
06-28 09:51:33.940  1603  1620 I WifiService: requestActivityInfo uid=1000
06-28 09:51:33.940  1603  1620 I WifiService: reportActivityInfo uid=1000
06-28 09:51:33.940  1603  1620 I WifiService: getSupportedFeatures uid=1000
06-28 09:51:34.088  1603  1612 I zygote  : Background concurrent copying GC freed 29484(1803KB) AllocSpace objects, 0(0B) LOS objects, 27% free, 15MB/21MB, paused 2.238ms total 517.478ms
06-28 09:51:34.108  1603  1610 V MediaPlayer: resetDrmState:  mDrmInfo=null mDrmProvisioningThread=null mPrepareDrmInProgress=false mActiveDrmScheme=false
06-28 09:51:34.108  1603  1610 V MediaPlayer: cleanDrmObj: mDrmObj=null mDrmSessionId=null
06-28 09:51:34.108  1483  1574 D NuPlayerDriver: reset(0xab7a5850) at state 4
06-28 09:51:34.108  1483  1574 D NuPlayerDriver: notifyListener_l(0xab7a5850), (8, 0, 0, -1), loop setting(1, 0)
06-28 09:51:34.109  1483 19144 D NuPlayerDriver: notifyResetComplete(0xab7a5850)
06-28 09:51:34.696  1483 19157 I NuPlayerDecoder: [audio] saw output EOS
06-28 09:51:34.705  1483 19156 D AudioTrack: stop() called with 132300 frames delivered
06-28 09:51:34.836 18574 19163 W StorageManager: fallocate() not supported; falling back to ftruncate()
06-28 09:51:35.002 18574 19163 D DownloadManager: [399] Finished with status SUCCESS
06-28 09:51:35.134 18809 18809 I Finsky  : [2] com.google.android.finsky.download.DownloadBroadcastReceiver.b(1): Intent received at DownloadBroadcastReceiver
06-28 09:51:35.139  1483 19153 D NuPlayerDriver: notifyListener_l(0xab7a5620), (2, 0, 0, -1), loop setting(1, 0)
06-28 09:51:35.157  1483 19157 I NuPlayerDecoder: [OMX.google.vorbis.decoder] resubmitting CSD
06-28 09:51:35.158  1483 19157 I NuPlayerDecoder: [OMX.google.vorbis.decoder] resubmitting CSD
06-28 09:51:35.170 18809 18809 I Finsky  : [2] htd.a(59): com.google.android.gms: onProgress 15429329/15429329 Status: 200 URI: content://downloads/my_downloads/399.
06-28 09:51:35.181  1483 19153 D NuPlayerDriver: notifyListener_l(0xab7a5620), (6, 0, 0, -1), loop setting(1, 0)
06-28 09:51:35.205  1483 19156 W AudioTrack: getTimestamp() location moved from kernel to server
06-28 09:51:35.205  1483 19156 W NuPlayerRenderer: getPendingAudioPlayoutDurationUs: pendingUs -3176 < 0, clamping to zero, potential resume after pause writtenAudioDurationUs: 11609, audioSinkPlayedUs: 14785
06-28 09:51:35.220 18905 18905 W Isotope : UID: [10026]  PID: [18905] DownloadDataStoreImpl : No matching entry found, returning null.
06-28 09:51:35.220 18905 18905 I Isotope : UID: [10026]  PID: [18905] DownloadDataStoreImpl : no data for downloadId 399
06-28 09:51:35.229 18905 18905 I Finsky:instant_app_inst: [2] com.google.android.finsky.instantapps.dna.ArchiveDownloadBroadcastReceiver.onReceive(5): Skipping download id 399, not a prefetch
06-28 09:51:35.230  1483 19156 W AudioTrack: retrograde timestamp position corrected, -512 = 0 - 512
06-28 09:51:35.256 18809 18809 I Finsky  : [2] hss.a(5): com.google.android.gms from 2 to 3.
06-28 09:51:35.259 18809 18809 I Finsky  : [2] htd.e(8): com.google.android.gms: onComplete
06-28 09:51:35.260 18809 18809 I Finsky  : [2] htd.i(1): Download com.google.android.gms removed from DownloadQueue
06-28 09:51:35.291 18809 18809 I Finsky  : [2] kle.a(135): Prepare to patch com.google.android.gms (adid: com.google.android.gms , isid: ivRSsuK0RNeYphWz93ag9w) from content://downloads/my_downloads/399 format 5
06-28 09:51:35.416 18809 19173 W Finsky  : [875] daa.doInBackground(74): NullPointerException content://downloads/my_downloads/399 Attempt to invoke virtual method 'boolean java.lang.Boolean.booleanValue()' on a null object reference
06-28 09:51:35.416 18809 19173 W Finsky  : [875] czx.a(3): Patch error (patch-NullPointerException) for com.google.android.gms (com.google.android.gms): java.lang.NullPointerException: Attempt to invoke virtual method 'boolean java.lang.Boolean.booleanValue()' on a null object reference
06-28 09:51:35.434 18809 18809 I Finsky  : [2] kle.b(116): Retry download of com.google.android.gms (adid: com.google.android.gms , isid: ivRSsuK0RNeYphWz93ag9w) (inhibit 8)
06-28 09:51:35.540 18574 18574 E ActivityThread: Service com.android.providers.downloads.DownloadJobService has leaked ServiceConnection android.media.MediaScannerConnection@7bad87e that was originally bound here
06-28 09:51:35.540 18574 18574 E ActivityThread: android.app.ServiceConnectionLeaked: Service com.android.providers.downloads.DownloadJobService has leaked ServiceConnection android.media.MediaScannerConnection@7bad87e that was originally bound here
06-28 09:51:35.540 18574 18574 E ActivityThread: 	at android.app.LoadedApk$ServiceDispatcher.<init>(LoadedApk.java:1532)
06-28 09:51:35.540 18574 18574 E ActivityThread: 	at android.app.LoadedApk.getServiceDispatcher(LoadedApk.java:1424)
06-28 09:51:35.540 18574 18574 E ActivityThread: 	at android.app.ContextImpl.bindServiceCommon(ContextImpl.java:1605)
06-28 09:51:35.540 18574 18574 E ActivityThread: 	at android.app.ContextImpl.bindService(ContextImpl.java:1557)
06-28 09:51:35.540 18574 18574 E ActivityThread: 	at android.content.ContextWrapper.bindService(ContextWrapper.java:684)
06-28 09:51:35.540 18574 18574 E ActivityThread: 	at android.media.MediaScannerConnection.connect(MediaScannerConnection.java:119)
06-28 09:51:35.540 18574 18574 E ActivityThread: 	at com.android.providers.downloads.DownloadScanner.requestScan(DownloadScanner.java:130)
06-28 09:51:35.540 18574 18574 E ActivityThread: 	at com.android.providers.downloads.DownloadScanner.requestScanBlocking(DownloadScanner.java:85)
06-28 09:51:35.540 18574 18574 E ActivityThread: 	at com.android.providers.downloads.DownloadThread.run(DownloadThread.java:389)
06-28 09:51:35.554 18809 18809 I Finsky  : [2] kmh.a(24): Downloading compressed for com.google.android.gms (adid: com.google.android.gms , isid: ivRSsuK0RNeYphWz93ag9w)
06-28 09:51:35.562 18809 18809 I Finsky  : [2] hss.a(3): Duplicate state set for 'com.google.android.gms' (0). Already in that state
06-28 09:51:35.563 18809 18809 I Finsky  : [2] htd.a(38): Download com.google.android.gms added to DownloadQueue
06-28 09:51:35.563 18574 18586 V DownloadManager: Deleting /storage/emulated/0/Android/data/com.android.vending/files/1561729830711 via provider delete
06-28 09:51:35.574 18809 18809 I Finsky  : [2] hss.a(5): com.google.android.gms from 0 to 1.
06-28 09:51:35.595 18809 18809 I Finsky  : [2] htk.a(16): Download com.google.android.gms starting
06-28 09:51:35.823 18809 18809 I Finsky  : [2] hti.onPostExecute(3): Enqueued com.google.android.gms as content://downloads/my_downloads/400
06-28 09:51:35.823 18809 18809 I Finsky  : [2] hss.a(5): com.google.android.gms from 1 to 2.
06-28 09:51:35.823 18809 18809 I Finsky  : [2] htd.g(8): com.google.android.gms: onStart
06-28 09:51:35.856 18574 19177 D DownloadManager: [400] Starting
06-28 09:51:35.934 18574 19177 D NetworkSecurityConfig: No Network Security Config specified, using platform default
06-28 09:51:35.942 18809 18809 I Finsky  : [2] htd.a(59): com.google.android.gms: onProgress 0/-1 Status: 192 URI: content://downloads/my_downloads/400.
06-28 09:51:37.168 18574 19177 W StorageManager: fallocate() not supported; falling back to ftruncate()
06-28 09:51:37.298  1393  3231 W audio_hw_generic: Not supplying enough data to HAL, expected position 91756818 , only wrote 91756800
06-28 09:51:37.313  1393  3231 W audio_hw_generic: Not supplying enough data to HAL, expected position 91757532 , only wrote 91757520
06-28 09:51:37.774  1483 19157 I NuPlayerDecoder: [audio] saw output EOS
06-28 09:51:37.775  1483 19156 D AudioTrack: stop() called with 132300 frames delivered
06-28 09:51:37.814  1393  3231 W audio_hw_generic: Hardware backing HAL too slow, could only write 0 of 720 frames
06-28 09:51:38.267  1483 19153 D NuPlayerDriver: notifyListener_l(0xab7a5620), (2, 0, 0, -1), loop setting(1, 0)
06-28 09:51:38.288  1483 19157 I NuPlayerDecoder: [OMX.google.vorbis.decoder] resubmitting CSD
06-28 09:51:38.289  1483 19157 I NuPlayerDecoder: [OMX.google.vorbis.decoder] resubmitting CSD
06-28 09:51:38.299  1483 19153 D NuPlayerDriver: notifyListener_l(0xab7a5620), (6, 0, 0, -1), loop setting(1, 0)
06-28 09:51:38.352  1483 19156 W AudioTrack: getTimestamp() location moved from kernel to server
06-28 09:51:38.352  1483 19156 W NuPlayerRenderer: getPendingAudioPlayoutDurationUs: pendingUs -7556 < 0, clamping to zero, potential resume after pause writtenAudioDurationUs: 26122, audioSinkPlayedUs: 33678
06-28 09:51:38.550  1483 19156 W AudioTrack: getTimestamp() location moved from kernel to server
06-28 09:51:38.562  1475  1571 D AudioFlinger: mixer(0xaa803cc0) throttle end: throttle time(1)
06-28 09:51:38.571  1483 19156 W AudioTrack: retrograde timestamp position corrected, -434 = 5390 - 5824
06-28 09:51:38.695  1483 19156 W AudioTrack: getTimestamp() location moved from kernel to server
06-28 09:51:38.972  1393  3231 W audio_hw_generic: Not supplying enough data to HAL, expected position 91837160 , only wrote 91836720
06-28 09:51:38.974  1393  3231 W audio_hw_generic: Not supplying enough data to HAL, expected position 91836819 , only wrote 91836720
06-28 09:51:39.030  1393  3231 W audio_hw_generic: Hardware backing HAL too slow, could only write 0 of 720 frames
06-28 09:51:39.089  1393  3231 I chatty  : uid=1041(audioserver) writer identical 12 lines
06-28 09:51:39.103  1393  3231 W audio_hw_generic: Hardware backing HAL too slow, could only write 0 of 720 frames
06-28 09:51:40.416  1393  3231 W audio_hw_generic: Not supplying enough data to HAL, expected position 91905892 , only wrote 91905840
06-28 09:51:40.418  1393  3231 W audio_hw_generic: Not supplying enough data to HAL, expected position 91905942 , only wrote 91905840
06-28 09:51:41.146  1483 19157 I NuPlayerDecoder: [audio] saw output EOS
06-28 09:51:41.149  1483 19156 D AudioTrack: stop() called with 132300 frames delivered
06-28 09:51:41.372  1603  1616 E memtrack: Couldn't load memtrack module
06-28 09:51:41.372  1603  1616 W android.os.Debug: failed to get memory consumption info: -1
06-28 09:51:41.531  1483 19153 D NuPlayerDriver: notifyListener_l(0xab7a5620), (2, 0, 0, -1), loop setting(1, 0)
06-28 09:51:41.549  1483 19157 I NuPlayerDecoder: [OMX.google.vorbis.decoder] resubmitting CSD
06-28 09:51:41.550  1483 19157 I NuPlayerDecoder: [OMX.google.vorbis.decoder] resubmitting CSD
06-28 09:51:41.583  1483 19153 D NuPlayerDriver: notifyListener_l(0xab7a5620), (6, 0, 0, -1), loop setting(1, 0)
06-28 09:51:41.602  1483 19156 W AudioTrack: getTimestamp() location moved from kernel to server
06-28 09:51:41.602  1483 19156 W NuPlayerRenderer: getPendingAudioPlayoutDurationUs: pendingUs -3714 < 0, clamping to zero, potential resume after pause writtenAudioDurationUs: 17414, audioSinkPlayedUs: 21128
06-28 09:51:41.633  1483 19156 W AudioTrack: retrograde timestamp position corrected, -768 = 0 - 768
06-28 09:51:42.941  1393  3231 W audio_hw_generic: Not supplying enough data to HAL, expected position 92026949 , only wrote 92026800
06-28 09:51:42.942  1393  3231 W audio_hw_generic: Not supplying enough data to HAL, expected position 92026860 , only wrote 92026800
06-28 09:51:42.959  1393  3231 W audio_hw_generic: Not supplying enough data to HAL, expected position 92027601 , only wrote 92027520
06-28 09:51:42.992  1393  3231 W audio_hw_generic: Not supplying enough data to HAL, expected position 92029118 , only wrote 92028960
06-28 09:51:43.185  1393  3231 W audio_hw_generic: Not supplying enough data to HAL, expected position 92038214 , only wrote 92037600
06-28 09:51:43.190  1393  3231 W audio_hw_generic: Not supplying enough data to HAL, expected position 92037833 , only wrote 92037600
06-28 09:51:43.353  1475  1571 D AudioFlinger: mixer(0xaa803cc0) throttle end: throttle time(2)
06-28 09:51:43.466  1603  2151 I WifiService: getConnectionInfo uid=10026
06-28 09:51:43.466  1603  2151 D WifiPermissionsUtil: Denied: no location permission
06-28 09:51:43.467  1603  2151 D WifiPermissionsUtil: Denied: caller is not the current USE_OPEN_WIFI_PACKAGE
06-28 09:51:44.068  1483 19157 I NuPlayerDecoder: [audio] saw output EOS
06-28 09:51:44.318  1483 19156 D AudioTrack: stop() called with 132300 frames delivered
06-28 09:51:44.667  1483 19153 D NuPlayerDriver: notifyListener_l(0xab7a5620), (2, 0, 0, -1), loop setting(1, 0)
06-28 09:51:44.687  1483 19157 I NuPlayerDecoder: [OMX.google.vorbis.decoder] resubmitting CSD
06-28 09:51:44.690  1483 19157 I NuPlayerDecoder: [OMX.google.vorbis.decoder] resubmitting CSD
06-28 09:51:44.710  1483 19153 D NuPlayerDriver: notifyListener_l(0xab7a5620), (6, 0, 0, -1), loop setting(1, 0)
06-28 09:51:44.735  1483 19156 W AudioTrack: getTimestamp() location moved from kernel to server
06-28 09:51:44.735  1483 19156 W NuPlayerRenderer: getPendingAudioPlayoutDurationUs: pendingUs -7345 < 0, clamping to zero, potential resume after pause writtenAudioDurationUs: 23219, audioSinkPlayedUs: 30564
06-28 09:51:44.755  1483 19156 W AudioTrack: retrograde timestamp position corrected, -1024 = 0 - 1024
06-28 09:51:45.507  1603  2151 I WifiService: getConnectionInfo uid=10026
06-28 09:51:45.508  1603  2151 D WifiPermissionsUtil: Denied: no location permission
06-28 09:51:45.508  1603  2151 D WifiPermissionsUtil: Denied: caller is not the current USE_OPEN_WIFI_PACKAGE
06-28 09:51:46.206  1393  3231 W audio_hw_generic: Not supplying enough data to HAL, expected position 92182383 , only wrote 92182320
06-28 09:51:47.239  1483 19157 I NuPlayerDecoder: [audio] saw output EOS
06-28 09:51:47.241  1483 19156 D AudioTrack: stop() called with 132300 frames delivered
06-28 09:51:47.509  1603  1735 I WifiService: getConnectionInfo uid=10026
06-28 09:51:47.509  1603  1735 D WifiPermissionsUtil: Denied: no location permission
06-28 09:51:47.509  1603  1735 D WifiPermissionsUtil: Denied: caller is not the current USE_OPEN_WIFI_PACKAGE
06-28 09:51:47.759  1483 19153 D NuPlayerDriver: notifyListener_l(0xab7a5620), (2, 0, 0, -1), loop setting(1, 0)
06-28 09:51:47.791  1483 19157 I NuPlayerDecoder: [OMX.google.vorbis.decoder] resubmitting CSD
06-28 09:51:47.793  1483 19157 I NuPlayerDecoder: [OMX.google.vorbis.decoder] resubmitting CSD
06-28 09:51:47.802  1483 19153 D NuPlayerDriver: notifyListener_l(0xab7a5620), (6, 0, 0, -1), loop setting(1, 0)
06-28 09:51:47.840  1483 19156 W AudioTrack: getTimestamp() location moved from kernel to server
06-28 09:51:47.884  1483 19156 W AudioTrack: retrograde timestamp position corrected, -838 = 220 - 1058
06-28 09:51:49.072  1393  3231 W audio_hw_generic: Not supplying enough data to HAL, expected position 92319882 , only wrote 92319840
06-28 09:51:49.072  1393  3231 W audio_hw_generic: Not supplying enough data to HAL, expected position 92319855 , only wrote 92319840
06-28 09:51:49.088  1393  3231 W audio_hw_generic: Not supplying enough data to HAL, expected position 92320595 , only wrote 92320560
06-28 09:51:49.353  1603  1735 I WifiService: getConnectionInfo uid=10026
06-28 09:51:49.353  1603  1735 D WifiPermissionsUtil: Denied: no location permission
06-28 09:51:49.354  1603  1735 D WifiPermissionsUtil: Denied: caller is not the current USE_OPEN_WIFI_PACKAGE
06-28 09:51:49.486  1409  1409 I boot-pipe: done populating /dev/random
06-28 09:51:50.422  1483 19157 I NuPlayerDecoder: [audio] saw output EOS
06-28 09:51:50.423  1483 19156 D AudioTrack: stop() called with 132300 frames delivered
06-28 09:51:50.519  1393  3231 W audio_hw_generic: Not supplying enough data to HAL, expected position 92389257 , only wrote 92388960
06-28 09:51:50.877  1483 19153 D NuPlayerDriver: notifyListener_l(0xab7a5620), (2, 0, 0, -1), loop setting(1, 0)
06-28 09:51:50.905  1483 19157 I NuPlayerDecoder: [OMX.google.vorbis.decoder] resubmitting CSD
06-28 09:51:50.908  1483 19157 I NuPlayerDecoder: [OMX.google.vorbis.decoder] resubmitting CSD
06-28 09:51:50.927  1483 19153 D NuPlayerDriver: notifyListener_l(0xab7a5620), (6, 0, 0, -1), loop setting(1, 0)
06-28 09:51:50.944  1483 19156 W AudioTrack: getTimestamp() location moved from kernel to server
06-28 09:51:50.944  1483 19156 W NuPlayerRenderer: getPendingAudioPlayoutDurationUs: pendingUs -861 < 0, clamping to zero, potential resume after pause writtenAudioDurationUs: 11609, audioSinkPlayedUs: 12470
06-28 09:51:50.965  1483 19156 W AudioTrack: retrograde timestamp position corrected, -512 = 0 - 512
06-28 09:51:50.965  1483 19156 W NuPlayerRenderer: getPendingAudioPlayoutDurationUs: pendingUs -6968 < 0, clamping to zero, potential resume after pause writtenAudioDurationUs: 23219, audioSinkPlayedUs: 30187
06-28 09:51:51.432  1603  3880 I WifiService: getConnectionInfo uid=10026
06-28 09:51:51.433  1603  3880 D WifiPermissionsUtil: Denied: no location permission
06-28 09:51:51.433  1603  3880 D WifiPermissionsUtil: Denied: caller is not the current USE_OPEN_WIFI_PACKAGE
06-28 09:51:51.832  1475  1571 D AudioFlinger: mixer(0xaa803cc0) throttle end: throttle time(2)
06-28 09:51:53.436  1393  3231 W audio_hw_generic: Not supplying enough data to HAL, expected position 92528992 , only wrote 92528640
06-28 09:51:53.444  1393  3231 W audio_hw_generic: Not supplying enough data to HAL, expected position 92529017 , only wrote 92528640
06-28 09:51:53.523  1483 19157 I NuPlayerDecoder: [audio] saw output EOS
06-28 09:51:53.523  1483 19156 D AudioTrack: stop() called with 132300 frames delivered
06-28 09:51:53.620  1603  2974 I WifiService: getConnectionInfo uid=10026
06-28 09:51:53.620  1603  2974 D WifiPermissionsUtil: Denied: no location permission
06-28 09:51:53.621  1603  2974 D WifiPermissionsUtil: Denied: caller is not the current USE_OPEN_WIFI_PACKAGE
06-28 09:51:54.020  1483 19153 D NuPlayerDriver: notifyListener_l(0xab7a5620), (2, 0, 0, -1), loop setting(1, 0)
06-28 09:51:54.034  1483 19157 I NuPlayerDecoder: [OMX.google.vorbis.decoder] resubmitting CSD
06-28 09:51:54.035  1483 19157 I NuPlayerDecoder: [OMX.google.vorbis.decoder] resubmitting CSD
06-28 09:51:54.050  1483 19153 D NuPlayerDriver: notifyListener_l(0xab7a5620), (6, 0, 0, -1), loop setting(1, 0)
06-28 09:51:54.079  1483 19156 W AudioTrack: getTimestamp() location moved from kernel to server
06-28 09:51:54.106  1483 19156 W AudioTrack: retrograde timestamp position corrected, -1058 = 0 - 1058
06-28 09:51:54.704  1603  3880 I WifiService: acquireWifiLock uid=10014 lockMode=2
06-28 09:51:55.097  1603  1612 I zygote  : Background concurrent copying GC freed 32318(1409KB) AllocSpace objects, 0(0B) LOS objects, 27% free, 15MB/21MB, paused 1.294ms total 427.832ms
06-28 09:51:55.469  1603  3880 I WifiService: getConnectionInfo uid=10026
06-28 09:51:55.469  1603  3880 D WifiPermissionsUtil: Denied: no location permission
06-28 09:51:55.469  1603  3880 D WifiPermissionsUtil: Denied: caller is not the current USE_OPEN_WIFI_PACKAGE
06-28 09:51:56.430  1393  3231 W audio_hw_generic: Not supplying enough data to HAL, expected position 92671953 , only wrote 92671920
06-28 09:51:56.434  1393  3231 W audio_hw_generic: Not supplying enough data to HAL, expected position 92672118 , only wrote 92671920
06-28 09:51:56.553  1483 19157 I NuPlayerDecoder: [audio] saw output EOS
06-28 09:51:56.804  1483 19156 D AudioTrack: stop() called with 132300 frames delivered
06-28 09:51:57.122  1483 19153 D NuPlayerDriver: notifyListener_l(0xab7a5620), (2, 0, 0, -1), loop setting(1, 0)
06-28 09:51:57.141  1483 19157 I NuPlayerDecoder: [OMX.google.vorbis.decoder] resubmitting CSD
06-28 09:51:57.144  1483 19157 I NuPlayerDecoder: [OMX.google.vorbis.decoder] resubmitting CSD
06-28 09:51:57.160  1483 19153 D NuPlayerDriver: notifyListener_l(0xab7a5620), (6, 0, 0, -1), loop setting(1, 0)
06-28 09:51:57.575  1393  3231 W audio_hw_generic: Not supplying enough data to HAL, expected position 92726702 , only wrote 92725200
06-28 09:51:57.576  1393  3231 W audio_hw_generic: Not supplying enough data to HAL, expected position 92725229 , only wrote 92725200
06-28 09:51:57.644  1708 19031 I zygote  : IncrementDisableThreadFlip blocked for 24.676ms
06-28 09:51:57.665  1603  3880 I WifiService: getConnectionInfo uid=10026
06-28 09:51:57.667  1603  3880 D WifiPermissionsUtil: Denied: no location permission
06-28 09:51:57.671  1603  3880 D WifiPermissionsUtil: Denied: caller is not the current USE_OPEN_WIFI_PACKAGE
06-28 09:51:57.692  1603  3880 D WificondControl: Scan result ready event
06-28 09:51:57.948  1603  1735 I WifiService: releaseWifiLock uid=10014
06-28 09:51:57.978  1975  1975 I GeofencerStateMachine: sendNewTransitions called.
06-28 09:51:58.044  1975  1975 I GeofencerStateMachine: sendNewTransitions called.
06-28 09:51:58.060  1975  1975 I GeofencerStateMachine: sendNewLocationAvailability: availability=LocationAvailability[isLocationAvailable: true]
06-28 09:51:58.110  1708  1728 I zygote  : Background concurrent copying GC freed 122869(5MB) AllocSpace objects, 0(0B) LOS objects, 42% free, 8MB/14MB, paused 14.365ms total 510.012ms
06-28 09:51:58.280  1975  1975 I GeofencerStateMachine: sendNewLocationAvailability: availability=LocationAvailability[isLocationAvailable: true]
06-28 09:51:58.297  1975  1975 I GeofencerStateMachine: sendNewLocationAvailability: availability=LocationAvailability[isLocationAvailable: true]
06-28 09:51:58.796  1475  1571 D AudioFlinger: mixer(0xaa803cc0) throttle end: throttle time(1)
06-28 09:51:59.202  1393  3231 W audio_hw_generic: Not supplying enough data to HAL, expected position 92802936 , only wrote 92802240
06-28 09:51:59.203  1393  3231 W audio_hw_generic: Not supplying enough data to HAL, expected position 92802579 , only wrote 92802240
06-28 09:51:59.208  1483 19156 W AudioTrack: getTimestamp() location moved from kernel to server
06-28 09:51:59.218  1393  3231 W audio_hw_generic: Not supplying enough data to HAL, expected position 92802988 , only wrote 92802960
06-28 09:51:59.341  1475  1571 D AudioFlinger: mixer(0xaa803cc0) throttle end: throttle time(11)
06-28 09:51:59.834  1483 19157 I NuPlayerDecoder: [audio] saw output EOS
06-28 09:51:59.835  1483 19156 D AudioTrack: stop() called with 132300 frames delivered
06-28 09:52:00.009  1603  1616 E memtrack: Couldn't load memtrack module
06-28 09:52:00.010  1603  1616 W android.os.Debug: failed to get memory consumption info: -1
06-28 09:52:00.370  1483 19153 D NuPlayerDriver: notifyListener_l(0xab7a5620), (2, 0, 0, -1), loop setting(1, 0)
06-28 09:52:00.396  1483 19157 I NuPlayerDecoder: [OMX.google.vorbis.decoder] resubmitting CSD
06-28 09:52:00.400  1483 19157 I NuPlayerDecoder: [OMX.google.vorbis.decoder] resubmitting CSD
06-28 09:52:00.451  1483 19153 D NuPlayerDriver: notifyListener_l(0xab7a5620), (6, 0, 0, -1), loop setting(1, 0)
06-28 09:52:00.735 18574 19177 W DownloadManager: [400] Stop requested with status HTTP_DATA_ERROR: Failed reading response: javax.net.ssl.SSLProtocolException: Read error: ssl=0xa3c3d780: Failure in SSL library, usually a protocol error
06-28 09:52:00.735 18574 19177 W DownloadManager: error:1e000065:Cipher functions:OPENSSL_internal:BAD_DECRYPT (external/boringssl/src/crypto/fipsmodule/cipher/e_aes.c:1314 0xa41b4dc3:0x00000000)
06-28 09:52:00.735 18574 19177 W DownloadManager: error:1000008b:SSL routines:OPENSSL_internal:DECRYPTION_FAILED_OR_BAD_RECORD_MAC (external/boringssl/src/ssl/tls_record.cc:281 0xa41b4dc3:0x00000000)
06-28 09:52:00.749 18574 19177 D DownloadManager: [400] Finished with status WAITING_TO_RETRY
06-28 09:52:00.788  1483 19156 W AudioTrack: getTimestamp() location moved from kernel to server
06-28 09:52:00.836  1393  3231 W audio_hw_generic: Not supplying enough data to HAL, expected position 92880590 , only wrote 92879280
06-28 09:52:00.875  1475  1571 D AudioFlinger: mixer(0xaa803cc0) throttle end: throttle time(7)
06-28 09:52:00.989 18809 18809 I Finsky  : [2] htd.a(59): com.google.android.gms: onProgress 45612720/45764394 Status: 194 URI: content://downloads/my_downloads/400.
06-28 09:52:03.165  1483 19157 I NuPlayerDecoder: [audio] saw output EOS
06-28 09:52:03.166  1483 19156 D AudioTrack: stop() called with 132300 frames delivered
06-28 09:52:03.587  1483 19153 D NuPlayerDriver: notifyListener_l(0xab7a5620), (2, 0, 0, -1), loop setting(1, 0)
06-28 09:52:03.596  1483 19157 I NuPlayerDecoder: [OMX.google.vorbis.decoder] resubmitting CSD
06-28 09:52:03.596  1483 19157 I NuPlayerDecoder: [OMX.google.vorbis.decoder] resubmitting CSD
06-28 09:52:03.604  1483 19153 D NuPlayerDriver: notifyListener_l(0xab7a5620), (6, 0, 0, -1), loop setting(1, 0)
06-28 09:52:04.466  1393  3231 W audio_hw_generic: Not supplying enough data to HAL, expected position 93053557 , only wrote 93053520
06-28 09:52:06.094  1483 19157 I NuPlayerDecoder: [audio] saw output EOS
06-28 09:52:06.343  1483 19156 D AudioTrack: stop() called with 132300 frames delivered
06-28 09:52:06.682  1483 19153 D NuPlayerDriver: notifyListener_l(0xab7a5620), (2, 0, 0, -1), loop setting(1, 0)
06-28 09:52:06.699  1483 19157 I NuPlayerDecoder: [OMX.google.vorbis.decoder] resubmitting CSD
06-28 09:52:06.702  1483 19157 I NuPlayerDecoder: [OMX.google.vorbis.decoder] resubmitting CSD
06-28 09:52:06.710  1483 19153 D NuPlayerDriver: notifyListener_l(0xab7a5620), (6, 0, 0, -1), loop setting(1, 0)
06-28 09:52:06.763  1483 19156 W AudioTrack: getTimestamp() location moved from kernel to server
06-28 09:52:06.809  1483 19156 W AudioTrack: retrograde timestamp position corrected, -1018 = 41 - 1059
06-28 09:52:09.311  1393  3231 W audio_hw_generic: Not supplying enough data to HAL, expected position 93286048 , only wrote 93285360
06-28 09:52:09.337  1483 19157 I NuPlayerDecoder: [audio] saw output EOS
06-28 09:52:09.338  1483 19156 D AudioTrack: stop() called with 132300 frames delivered
06-28 09:52:09.341  1475  1571 D AudioFlinger: mixer(0xaa803cc0) throttle end: throttle time(12)
06-28 09:52:09.813  1483 19153 D NuPlayerDriver: notifyListener_l(0xab7a5620), (2, 0, 0, -1), loop setting(1, 0)
06-28 09:52:09.826  1483 19157 I NuPlayerDecoder: [OMX.google.vorbis.decoder] resubmitting CSD
06-28 09:52:09.827  1483 19157 I NuPlayerDecoder: [OMX.google.vorbis.decoder] resubmitting CSD
06-28 09:52:09.844  1483 19153 D NuPlayerDriver: notifyListener_l(0xab7a5620), (6, 0, 0, -1), loop setting(1, 0)
06-28 09:52:09.888  1483 19156 W AudioTrack: getTimestamp() location moved from kernel to server
06-28 09:52:09.888  1483 19156 W NuPlayerRenderer: getPendingAudioPlayoutDurationUs: pendingUs -4979 < 0, clamping to zero, potential resume after pause writtenAudioDurationUs: 23219, audioSinkPlayedUs: 28198
06-28 09:52:09.932  1483 19156 W AudioTrack: retrograde timestamp position corrected, -551 = 508 - 1059
06-28 09:52:10.531  1475  1571 D AudioFlinger: mixer(0xaa803cc0) throttle end: throttle time(1)
06-28 09:52:12.369  1483 19157 I NuPlayerDecoder: [audio] saw output EOS
06-28 09:52:12.370  1483 19156 D AudioTrack: stop() called with 132300 frames delivered
06-28 09:52:12.912  1483 19153 D NuPlayerDriver: notifyListener_l(0xab7a5620), (2, 0, 0, -1), loop setting(1, 0)
06-28 09:52:12.925  1483 19157 I NuPlayerDecoder: [OMX.google.vorbis.decoder] resubmitting CSD
06-28 09:52:12.925  1483 19157 I NuPlayerDecoder: [OMX.google.vorbis.decoder] resubmitting CSD
06-28 09:52:12.936  1483 19153 D NuPlayerDriver: notifyListener_l(0xab7a5620), (6, 0, 0, -1), loop setting(1, 0)
