06-28 14:40:54.902 29111  5898 D HeterodyneSyncer: updateFlag: com.google.android.finsky.regular, 81531400, 2, diegotabira@gmail.com, PerformanceExperiments__enable_precache_usersettings_in_bg
06-28 14:40:54.914 29111  5898 D HeterodyneSyncer: updateFlag: com.google.android.finsky.regular, 81531400, 2, diegotabira@gmail.com, Phenotype__enable_cache_clearing_ps_exp
06-28 14:40:54.915 29111  5898 D HeterodyneSyncer: updateFlag: com.google.android.finsky.regular, 81531400, 2, diegotabira@gmail.com, Phenotype__enable_phenotype_heterodyne_logging
06-28 14:40:54.916  1708  1708 W StaticLayout: maxLineHeight should not be -1.  maxLines:7 lineCount:7
06-28 14:40:54.917 29111  5898 D HeterodyneSyncer: updateFlag: com.google.android.finsky.regular, 81531400, 2, diegotabira@gmail.com, Phoenix__delay_phoenix_installation_request
06-28 14:40:54.918 29111  5898 D HeterodyneSyncer: updateFlag: com.google.android.finsky.regular, 81531400, 2, diegotabira@gmail.com, Phoenix__disable_phoenix_closing_animation_for_free
06-28 14:40:54.918 29111  5898 D HeterodyneSyncer: updateFlag: com.google.android.finsky.regular, 81531400, 2, diegotabira@gmail.com, Phoenix__enable_phoenix_use_google_news_color
06-28 14:40:54.919 29111  5898 D HeterodyneSyncer: updateFlag: com.google.android.finsky.regular, 81531400, 2, diegotabira@gmail.com, Phoenix__kill_switch_disable_phoenix_alley_oop
06-28 14:40:54.919 29111  5898 D HeterodyneSyncer: updateFlag: com.google.android.finsky.regular, 81531400, 2, diegotabira@gmail.com, Phoenix__kill_switch_disable_using_response_bundle_in_acquire_result
06-28 14:40:54.920 29111  5898 D HeterodyneSyncer: updateFlag: com.google.android.finsky.regular, 81531400, 2, diegotabira@gmail.com, Phoenix__kill_switch_to_phoenix_dedupe_free_apps_request
06-28 14:40:54.921 29111  5898 D HeterodyneSyncer: updateFlag: com.google.android.finsky.regular, 81531400, 2, diegotabira@gmail.com, Phoenix__trigger_install_after_activity_close
06-28 14:40:54.921 29111  5898 D HeterodyneSyncer: updateFlag: com.google.android.finsky.regular, 81531400, 2, diegotabira@gmail.com, PhoneskyScheduler__firebase_jobdispatcher_max_sdk
06-28 14:40:54.922 29111  5898 D HeterodyneSyncer: updateFlag: com.google.android.finsky.regular, 81531400, 2, diegotabira@gmail.com, PhoneskyScheduler__jobscheduler_min_sdk
06-28 14:40:54.923 29111  5898 D HeterodyneSyncer: updateFlag: com.google.android.finsky.regular, 81531400, 2, diegotabira@gmail.com, PhoneskyScheduler__killswitch_data_subscription_roaming
06-28 14:40:54.923 29111  5898 D HeterodyneSyncer: updateFlag: com.google.android.finsky.regular, 81531400, 2, diegotabira@gmail.com, PhoneskyScheduler__killswitch_scheduler_logging_v0
06-28 14:40:54.924 29111  5898 D HeterodyneSyncer: updateFlag: com.google.android.finsky.regular, 81531400, 2, diegotabira@gmail.com, PhoneskyScheduler__killswitch_scheduler_logging_v1
06-28 14:40:54.933 29111  5898 D HeterodyneSyncer: updateFlag: com.google.android.finsky.regular, 81531400, 2, diegotabira@gmail.com, PhoneskyScheduler__no_real_network_backoff_ms
06-28 14:40:54.936 29111  5898 D HeterodyneSyncer: updateFlag: com.google.android.finsky.regular, 81531400, 2, diegotabira@gmail.com, PhoneskyScheduler__scheduler_job_logging_v2
06-28 14:40:54.937 29111  5898 D HeterodyneSyncer: updateFlag: com.google.android.finsky.regular, 81531400, 2, diegotabira@gmail.com, PhoneskyScheduler__scheduler_logging_v2
06-28 14:40:54.937 29111  5898 D HeterodyneSyncer: updateFlag: com.google.android.finsky.regular, 81531400, 2, diegotabira@gmail.com, PlayCardCache__document_label_cache_size
06-28 14:40:54.938 29111  5898 D HeterodyneSyncer: updateFlag: com.google.android.finsky.regular, 81531400, 2, diegotabira@gmail.com, PlayPass__enable_account_override_for_iab
06-28 14:40:54.939 29111  5898 D HeterodyneSyncer: updateFlag: com.google.android.finsky.regular, 81531400, 2, diegotabira@gmail.com, PlayPass__enable_account_override_for_licensing_service
06-28 14:40:54.939 29111  5898 D HeterodyneSyncer: updateFlag: com.google.android.finsky.regular, 81531400, 2, diegotabira@gmail.com, PlayPass__enable_deactivation
06-28 14:40:54.940 29111  5898 D HeterodyneSyncer: updateFlag: com.google.android.finsky.regular, 81531400, 2, diegotabira@gmail.com, PlayStoreAppDetailsPromotions__subscription_promotions_on_details_page
06-28 14:40:54.943 29111  5898 D HeterodyneSyncer: updateFlag: com.google.android.finsky.regular, 81531400, 2, diegotabira@gmail.com, PreregAds__enable_all_prereg_traffic_to_pgs
06-28 14:40:54.944 29111  5898 D HeterodyneSyncer: updateFlag: com.google.android.finsky.regular, 81531400, 2, diegotabira@gmail.com, PreregistrationStatusApi__disabled_preregistration_status_packages
06-28 14:40:54.944 29111  5898 D HeterodyneSyncer: updateFlag: com.google.android.finsky.regular, 81531400, 2, diegotabira@gmail.com, PreregistrationStatusApi__enable_preregistration_status_provider
06-28 14:40:54.945 29111  5898 D HeterodyneSyncer: updateFlag: com.google.android.finsky.regular, 81531400, 2, diegotabira@gmail.com, PreregistrationStatusApi__preregistration_status_package_controller
06-28 14:40:54.946 29111  5898 D HeterodyneSyncer: updateFlag: com.google.android.finsky.regular, 81531400, 2, diegotabira@gmail.com, PromotionCampaignDetailsPage__CdpClientControlledTerms
06-28 14:40:54.946 29111  5898 D HeterodyneSyncer: updateFlag: com.google.android.finsky.regular, 81531400, 2, diegotabira@gmail.com, ProviderPickerTooltip__enable_provider_picker_tooltip
06-28 14:40:54.947 29111  5898 D HeterodyneSyncer: updateFlag: com.google.android.finsky.regular, 81531400, 2, diegotabira@gmail.com, QaQualify__uds_env_indicator
06-28 14:40:54.948 29111  5898 D HeterodyneSyncer: updateFlag: com.google.android.finsky.regular, 81531400, 2, diegotabira@gmail.com, RecyclerView__force_recycling_in_transient_state_horizontal_cluster
06-28 14:40:54.948 29111  5898 D HeterodyneSyncer: updateFlag: com.google.android.finsky.regular, 81531400, 2, diegotabira@gmail.com, RecyclerView__force_recycling_in_transient_state_top_charts
06-28 14:40:54.949 29111  5898 D HeterodyneSyncer: updateFlag: com.google.android.finsky.regular, 81531400, 2, diegotabira@gmail.com, ReferrerCleanup__no_timestamp_update_after_install_starts
06-28 14:40:54.949 29111  5898 D HeterodyneSyncer: updateFlag: com.google.android.finsky.regular, 81531400, 2, diegotabira@gmail.com, ReferrerCleanup__use_full_url_for_ping
06-28 14:40:54.950 29111  5898 D HeterodyneSyncer: updateFlag: com.google.android.finsky.regular, 81531400, 2, diegotabira@gmail.com, ReinstallDialog__enable_reinstall_hygiene_job
06-28 14:40:54.951 29111  5898 D HeterodyneSyncer: updateFlag: com.google.android.finsky.regular, 81531400, 2, diegotabira@gmail.com, RollbackManager__logs_flush_timeout_seconds
06-28 14:40:54.951 29111  5898 D HeterodyneSyncer: updateFlag: com.google.android.finsky.regular, 81531400, 2, diegotabira@gmail.com, RollbackManager__session_ready_timeout_seconds
06-28 14:40:54.952 29111  5898 D HeterodyneSyncer: updateFlag: com.google.android.finsky.regular, 81531400, 2, diegotabira@gmail.com, RoutineHygiene__hygiene_tasks_window_fix
06-28 14:40:54.984 29111  5898 D HeterodyneSyncer: updateFlag: com.google.android.finsky.regular, 81531400, 2, diegotabira@gmail.com, RoutineHygiene__regenerate_hygiene_seed
06-28 14:40:54.984 29111  5898 D HeterodyneSyncer: updateFlag: com.google.android.finsky.regular, 81531400, 2, diegotabira@gmail.com, RpcStack__enable_flag_b_122324481
06-28 14:40:54.985 29111  5898 D HeterodyneSyncer: updateFlag: com.google.android.finsky.regular, 81531400, 2, diegotabira@gmail.com, SaturnV__delay_decompress_ms
06-28 14:40:54.986 29111  5898 D HeterodyneSyncer: updateFlag: com.google.android.finsky.regular, 81531400, 2, diegotabira@gmail.com, SaturnV__delay_installation_ms
06-28 14:40:54.986 29111  5898 D HeterodyneSyncer: updateFlag: com.google.android.finsky.regular, 81531400, 2, diegotabira@gmail.com, ScionReporting__enable_scion_subscription_reporting
06-28 14:40:54.987 29111  5898 D HeterodyneSyncer: updateFlag: com.google.android.finsky.regular, 81531400, 2, diegotabira@gmail.com, SelfUpdate__enable_brotli_filebyfile_patch_for_self_update_v2
06-28 14:40:54.988 29111  5898 D HeterodyneSyncer: updateFlag: com.google.android.finsky.regular, 81531400, 2, diegotabira@gmail.com, SelfUpdate__enable_brotli_filebyfile_patch_when_not_idle
06-28 14:40:54.988 29111  5898 D HeterodyneSyncer: updateFlag: com.google.android.finsky.regular, 81531400, 2, diegotabira@gmail.com, SelfUpdate__enable_flexible_self_update
06-28 14:40:54.989 29111  5898 D HeterodyneSyncer: updateFlag: com.google.android.finsky.regular, 81531400, 2, diegotabira@gmail.com, SelfUpdate__enable_gzipped_bsdiff_patch_for_self_update_v2
06-28 14:40:54.990 29111  5898 D HeterodyneSyncer: updateFlag: com.google.android.finsky.regular, 81531400, 2, diegotabira@gmail.com, SelfUpdate__flexible_self_update_lifecycle_step_ms
06-28 14:40:54.990 29111  5898 D HeterodyneSyncer: updateFlag: com.google.android.finsky.regular, 81531400, 2, diegotabira@gmail.com, SelfUpdate__flexible_self_update_maximum_delay_ms
06-28 14:40:54.991 29111  5898 D HeterodyneSyncer: updateFlag: com.google.android.finsky.regular, 81531400, 2, diegotabira@gmail.com, SelfUpdate__flexible_self_update_maximum_require_charging_ms
06-28 14:40:54.999 29111  5898 D HeterodyneSyncer: updateFlag: com.google.android.finsky.regular, 81531400, 2, diegotabira@gmail.com, SelfUpdate__flexible_self_update_maximum_require_idle_ms
06-28 14:40:55.000 29111  5898 D HeterodyneSyncer: updateFlag: com.google.android.finsky.regular, 81531400, 2, diegotabira@gmail.com, SelfUpdate__flexible_self_update_maximum_require_wifi_ms
06-28 14:40:55.000 29111  5898 D HeterodyneSyncer: updateFlag: com.google.android.finsky.regular, 81531400, 2, diegotabira@gmail.com, SelfUpdate__kill_switch_flexible_self_update
06-28 14:40:55.001 29111  5898 D HeterodyneSyncer: updateFlag: com.google.android.finsky.regular, 81531400, 2, diegotabira@gmail.com, SelfUpdate__kill_switch_immediate_self_update_from_system_version
06-28 14:40:55.001 29111  5898 D HeterodyneSyncer: updateFlag: com.google.android.finsky.regular, 81531400, 2, diegotabira@gmail.com, SelfUpdate__kill_switch_self_update_finished_log_app_data_prefs
06-28 14:40:55.024 29111  5898 D HeterodyneSyncer: updateFlag: com.google.android.finsky.regular, 81531400, 2, diegotabira@gmail.com, SelfUpdate__self_update_canary
06-28 14:40:55.025 29111  5898 D HeterodyneSyncer: updateFlag: com.google.android.finsky.regular, 81531400, 2, diegotabira@gmail.com, SelfUpdate__use_package_installer_for_self_update_v2
06-28 14:40:55.029  1401  1401 D gralloc_ranchu: gralloc_alloc: Creating ashmem region of size 487424
06-28 14:40:55.037 29111  5898 D HeterodyneSyncer: updateFlag: com.google.android.finsky.regular, 81531400, 2, diegotabira@gmail.com, SmartCart__password_visibility_toggle
06-28 14:40:55.091 29061 29061 W System.err: OnCreate for MapActivity took 981 ms
06-28 14:40:55.096 29111  5898 D HeterodyneSyncer: updateFlag: com.google.android.finsky.regular, 81531400, 2, diegotabira@gmail.com, SystemUpdate__enable_manual_update_flow
06-28 14:40:55.096 29111  5898 D HeterodyneSyncer: updateFlag: com.google.android.finsky.regular, 81531400, 2, diegotabira@gmail.com, TabbedBrowseFragmentBrowseData__normalize_browse_data_handling
06-28 14:40:55.098 29111  5898 D HeterodyneSyncer: updateFlag: com.google.android.finsky.regular, 81531400, 2, diegotabira@gmail.com, TestColorTheme__color_label
06-28 14:40:55.099 29111  5898 D HeterodyneSyncer: updateFlag: com.google.android.finsky.regular, 81531400, 2, diegotabira@gmail.com, TestColorTheme__title_bar_color
06-28 14:40:55.100 29111  5898 D HeterodyneSyncer: updateFlag: com.google.android.finsky.regular, 81531400, 2, diegotabira@gmail.com, TestColorTheme__transition_delay
06-28 14:40:55.103 29111  5898 D HeterodyneSyncer: updateFlag: com.google.android.finsky.regular, 81531400, 2, diegotabira@gmail.com, TestColorTheme__transparent_background
06-28 14:40:55.105 29111  5898 D HeterodyneSyncer: updateFlag: com.google.android.finsky.regular, 81531400, 2, diegotabira@gmail.com, TestConfig__backend_urls
06-28 14:40:55.105 29111  5898 D HeterodyneSyncer: updateFlag: com.google.android.finsky.regular, 81531400, 2, diegotabira@gmail.com, TesterApi__enable_testing_program_writes_to_installerdatastore
06-28 14:40:55.117  1708  1708 W StaticLayout: maxLineHeight should not be -1.  maxLines:1 lineCount:1
06-28 14:40:55.118  1708  1708 I chatty  : uid=10029(com.android.systemui) identical 1 line
06-28 14:40:55.119  1708  1708 W StaticLayout: maxLineHeight should not be -1.  maxLines:1 lineCount:1
06-28 14:40:55.121  1708  1708 W StaticLayout: maxLineHeight should not be -1.  maxLines:7 lineCount:7
06-28 14:40:55.122  1708  1708 W StaticLayout: maxLineHeight should not be -1.  maxLines:7 lineCount:7
06-28 14:40:55.124  1708  1728 I zygote  : NativeAlloc concurrent copying GC freed 21687(1140KB) AllocSpace objects, 0(0B) LOS objects, 39% free, 9MB/15MB, paused 95.424ms total 878.891ms
06-28 14:40:55.130  1708  1708 W StaticLayout: maxLineHeight should not be -1.  maxLines:7 lineCount:7
06-28 14:40:55.131  1708  1708 W StaticLayout: maxLineHeight should not be -1.  maxLines:7 lineCount:7
06-28 14:40:55.181 29111  5898 D HeterodyneSyncer: updateFlag: com.google.android.finsky.regular, 81531400, 2, diegotabira@gmail.com, TesterApi__tester_api_package_controller
06-28 14:40:55.182 29111  5898 D HeterodyneSyncer: updateFlag: com.google.android.finsky.regular, 81531400, 2, diegotabira@gmail.com, TubeskyAccountContentProvider__enable_account_content_provider
06-28 14:40:55.183 29111  5898 D HeterodyneSyncer: updateFlag: com.google.android.finsky.regular, 81531400, 2, diegotabira@gmail.com, TubeskyPurchase__enable_ui_refresh
06-28 14:40:55.183 29111  5898 D HeterodyneSyncer: updateFlag: com.google.android.finsky.regular, 81531400, 2, diegotabira@gmail.com, TubeskyRapidInstallWhitelisting__allow_rapid_install_whitelist
06-28 14:40:55.184 29111  5898 D HeterodyneSyncer: updateFlag: com.google.android.finsky.regular, 81531400, 2, diegotabira@gmail.com, UnauthUpdates__enable_unauth_manual_update
06-28 14:40:55.184 29111  5898 D HeterodyneSyncer: updateFlag: com.google.android.finsky.regular, 81531400, 2, diegotabira@gmail.com, UnauthUpdates__enable_unauth_navigation_manager
06-28 14:40:55.185 29111  5898 D HeterodyneSyncer: updateFlag: com.google.android.finsky.regular, 81531400, 2, diegotabira@gmail.com, Unicorn__enable_unicorn_account_identification
06-28 14:40:55.186 29111  5898 D HeterodyneSyncer: updateFlag: com.google.android.finsky.regular, 81531400, 2, diegotabira@gmail.com, Unicorn__enable_unicorn_arc_provider
06-28 14:40:55.186 29111  5898 D HeterodyneSyncer: updateFlag: com.google.android.finsky.regular, 81531400, 2, diegotabira@gmail.com, UninstallManager__get_uninstall_recommendations
06-28 14:40:55.187 29111  5898 D HeterodyneSyncer: updateFlag: com.google.android.finsky.regular, 81531400, 2, diegotabira@gmail.com, UninstallManager__get_uninstall_recommendations_in_popup
06-28 14:40:55.188 29111  5898 D HeterodyneSyncer: updateFlag: com.google.android.finsky.regular, 81531400, 2, diegotabira@gmail.com, UninstallManager__uninstall_manager_preselect
06-28 14:40:55.205 29111  5898 D HeterodyneSyncer: updateFlag: com.google.android.finsky.regular, 81531400, 2, diegotabira@gmail.com, UserLanguages__user_language_additional_per_app
06-28 14:40:55.207 29111  5898 D HeterodyneSyncer: updateFlag: com.google.android.finsky.regular, 81531400, 2, diegotabira@gmail.com, UserLanguages__user_language_api_allow_iso
06-28 14:40:55.207 29111  5898 D HeterodyneSyncer: updateFlag: com.google.android.finsky.regular, 81531400, 2, diegotabira@gmail.com, UserLanguages__user_language_change_early_install
06-28 14:40:55.208 29111  5898 D HeterodyneSyncer: updateFlag: com.google.android.finsky.regular, 81531400, 2, diegotabira@gmail.com, WaitForWifiV2__enable_wait_for_wifi_v2
06-28 14:40:55.208 29111  5898 D HeterodyneSyncer: updateFlag: com.google.android.finsky.regular, 81531400, 2, diegotabira@gmail.com, WaitForWifiV2__enable_wait_for_wifi_v2_logging
06-28 14:40:55.209 29111  5898 D HeterodyneSyncer: updateFlag: com.google.android.finsky.regular, 81531400, 2, diegotabira@gmail.com, WearAutoUpdate__enable_unauth_auto_update_sys
06-28 14:40:55.210 29111  5898 D HeterodyneSyncer: updateFlag: com.google.android.finsky.regular, 81531400, 2, diegotabira@gmail.com, WearHygieneOptimization__enable_wear_dependency_optimization
06-28 14:40:55.211 29061 29061 D InAppPurchaseHelper: Destroying helper.
06-28 14:40:55.211 29111  5898 D HeterodyneSyncer: updateFlag: com.google.android.finsky.regular, 81531400, 2, diegotabira@gmail.com, WearPaymentMultiAccount__enable_wear_payment_ah_amb
06-28 14:40:55.211 29111  5898 D HeterodyneSyncer: updateFlag: com.google.android.finsky.regular, 81531400, 2, diegotabira@gmail.com, WearSupport__kill_switch_foreground_wear_update
06-28 14:40:55.224  1708  1708 W StaticLayout: maxLineHeight should not be -1.  maxLines:7 lineCount:7
06-28 14:40:55.225  1708  1708 W StaticLayout: maxLineHeight should not be -1.  maxLines:7 lineCount:7
06-28 14:40:55.235 29111  5898 D HeterodyneSyncer: updateFlag: com.google.android.finsky.regular, 81531400, 2, diegotabira@gmail.com, WearSupport__kill_switch_wear_service
06-28 14:40:55.235 29111  5898 D HeterodyneSyncer: updateFlag: com.google.android.finsky.regular, 81531400, 2, diegotabira@gmail.com, ZeroPrefixRecentSearchSuggestion__zero_prefix_recent_search_suggestion_count
06-28 14:40:55.236 29111  5898 D HeterodyneSyncer: updateFlag: com.google.android.finsky.regular, 81531400, 2, diegotabira@gmail.com, ZeroRating__enable_zero_rating
06-28 14:40:55.242  1708  1708 W StaticLayout: maxLineHeight should not be -1.  maxLines:7 lineCount:7
06-28 14:40:55.242  1708  1708 W StaticLayout: maxLineHeight should not be -1.  maxLines:7 lineCount:7
06-28 14:40:55.247  1708  1708 W StaticLayout: maxLineHeight should not be -1.  maxLines:1 lineCount:1
06-28 14:40:55.254  1708  1708 I chatty  : uid=10029(com.android.systemui) identical 1 line
06-28 14:40:55.255  1708  1708 W StaticLayout: maxLineHeight should not be -1.  maxLines:1 lineCount:1
06-28 14:40:55.256  1708  1708 W StaticLayout: maxLineHeight should not be -1.  maxLines:7 lineCount:7
06-28 14:40:55.256  1708  1708 W StaticLayout: maxLineHeight should not be -1.  maxLines:7 lineCount:7
06-28 14:40:55.263 29061 29061 D net.osmand: Enable sensor
06-28 14:40:55.288  1708  1708 W StaticLayout: maxLineHeight should not be -1.  maxLines:7 lineCount:7
06-28 14:40:55.289  1708  1708 W StaticLayout: maxLineHeight should not be -1.  maxLines:7 lineCount:7
06-28 14:40:55.300 29111  5898 D HeterodyneConfigVersion: clearing HeterodyneConfigVersionCache
06-28 14:40:55.350 29111  5898 D HeterodyneSyncer: retaining: diegotabira@gmail.com
06-28 14:40:55.352 29111  5898 D HeterodyneSyncer: retaining committed user: diegotabira@gmail.com
06-28 14:40:55.352  1708  1708 W StaticLayout: maxLineHeight should not be -1.  maxLines:7 lineCount:7
06-28 14:40:55.353  1708  1708 W StaticLayout: maxLineHeight should not be -1.  maxLines:7 lineCount:7
06-28 14:40:55.380  1603  6820 I GnssLocationProvider: WakeLock acquired by sendMessage(SET_REQUEST, 0, com.android.server.location.GnssLocationProvider$GpsRequest@d1c98c9)
06-28 14:40:55.382  1603  1616 I GnssLocationProvider: WakeLock released by handleMessage(SET_REQUEST, 0, com.android.server.location.GnssLocationProvider$GpsRequest@d1c98c9)
06-28 14:40:55.406 29061 29061 W System.err: OnCreate for MapActivity took 195 ms
06-28 14:40:55.438  1708  1708 D StatusBar: disable<e i a s b h r c s q >
06-28 14:40:55.450 29061 29061 I Choreographer: Skipped 94 frames!  The application may be doing too much work on its main thread.
06-28 14:40:55.491  1708  1926 D EGL_emulation: eglMakeCurrent: 0x9268e860: ver 2 0 (tinfo 0x92690770)
06-28 14:40:55.521  1401  1401 D gralloc_ranchu: gralloc_alloc: Creating ashmem region of size 8298496
06-28 14:40:55.527 29061 29061 W ResourceType: For resource 0x7f0e013b, entry index(315) is beyond type entryCount(142)
06-28 14:40:55.555  1401  1401 D gralloc_ranchu: gralloc_alloc: Creating ashmem region of size 487424
06-28 14:40:55.567 29061 29061 W ResourceType: For resource 0x7f0e013b, entry index(315) is beyond type entryCount(142)
06-28 14:40:55.581 29061 29061 I chatty  : uid=10104(net.osmand) identical 17 lines
06-28 14:40:55.581 29061 29061 W ResourceType: For resource 0x7f0e013b, entry index(315) is beyond type entryCount(142)
06-28 14:40:55.581 29061 29089 I net.osmand: MapRenderRepositories RENDER MAP: update due to tile box
06-28 14:40:55.581 29061 29089 I net.osmand: MapRenderRepositories RENDER MAP: Interrupt rendering map
06-28 14:40:55.582 29061 29061 W ResourceType: For resource 0x7f0e013b, entry index(315) is beyond type entryCount(142)
06-28 14:40:55.588 29061 29061 I chatty  : uid=10104(net.osmand) identical 18 lines
06-28 14:40:55.588 29061 29061 W ResourceType: For resource 0x7f0e013b, entry index(315) is beyond type entryCount(142)
06-28 14:40:55.588 29061 29061 W View    : requestLayout() improperly called by android.widget.ListView{ae16085 VFED.VC.. ......ID 0,0-735,1080 #7f0803ba app:id/menuItems} during layout: running second layout pass
06-28 14:40:55.607 29111  5909 I Finsky  : [1195] oaa.b(1): Triggered update for experiment package com.google.android.finsky.stable.
06-28 14:40:55.675  1603  1624 W WindowManager: Window freeze timeout expired.
06-28 14:40:55.677  1603  1624 W WindowManager: Force clearing orientation change: Window{7ccf885 u0 net.osmand/net.osmand.plus.activities.MapActivity}
06-28 14:40:55.696  1603  1651 I WindowManager: Screen frozen for +2s30ms due to Window{7ccf885 u0 net.osmand/net.osmand.plus.activities.MapActivity}
06-28 14:40:55.699  1708  1708 W StatusBar/NavBarView: *** Invalid layout in navigation bar (sizeChanged this=126x1080 cur=126x1038)
06-28 14:40:55.733 29061 29102 D EGL_emulation: eglMakeCurrent: 0xa6785600: ver 2 0 (tinfo 0xa6783370)
06-28 14:40:55.759 29061 29089 I net.osmand: MapRenderRepositories RENDER MAP: update due to rotation
06-28 14:40:55.759 29061 29089 I net.osmand: MapRenderRepositories RENDER MAP: Interrupt rendering map
06-28 14:40:55.762 19546 19546 I GeofencerStateMachine: sendNewLocationAvailability: availability=LocationAvailability[isLocationAvailable: true]
06-28 14:40:55.768  1401  1401 D gralloc_ranchu: gralloc_alloc: Creating ashmem region of size 8298496
06-28 14:40:55.777 29061 29088 I net.osmand: MapRenderRepositories RENDER MAP: new request RotatedTileBox [lat=-7.219514846801758, lon=-35.884483337402344, rotate=102.51253, density=2.625, zoom=17, mapDensity=2.625, zoomAnimation=0.0, zoomFloatPart=0.0, cx=1495, cy=762, pixWidth=2990, pixHeight=1525]
06-28 14:40:55.849  1401  1401 D gralloc_ranchu: gralloc_alloc: Creating ashmem region of size 3878912
06-28 14:40:55.897  1401  1401 D gralloc_ranchu: gralloc_alloc: Creating ashmem region of size 487424
06-28 14:40:55.962  1708  1926 D EGL_emulation: eglMakeCurrent: 0x9268e860: ver 2 0 (tinfo 0x92690770)
06-28 14:40:56.082  1401  1401 D gralloc_ranchu: gralloc_alloc: Creating ashmem region of size 8298496
06-28 14:40:56.124 29061 29088 I net.osmand:native: Route objects 377
06-28 14:40:56.124 29061 29088 I net.osmand:native: Ocean: no completed & incompleted coastlines 0
06-28 14:40:56.124 29061 29088 I net.osmand:native: Detailed coastlines = 0, basemap coastlines 0, ocean tile 0.000000. Detailed added 0, basemap processed 1, basemap added 0.
06-28 14:40:56.125 29061 29088 I net.osmand:native: Search : tree - read( 580), accept( 57), objs - visit( 3237), accept(408), in result(377) 
06-28 14:40:56.127 29061 29088 I net.osmand: MapRenderRepositories BLat=-7.226758813858032, TLat=-7.212264204025269, LLong=-35.88884735107422, RLong=-35.8801155090332, zoom=17
06-28 14:40:56.127 29061 29088 I net.osmand: MapRenderRepositories Native search: 350 ms 
06-28 14:40:56.130 29061 29088 W net.osmand: MapRenderRepositories Create new image ? 2990 != 1800 (w) 1525 != 2690 (h) 
06-28 14:40:56.130 29061 29088 I net.osmand:native: Creating SkBitmap in native w:2990 h:1525 s:11960 f:1!
06-28 14:40:56.130 29061 29088 I net.osmand:native: Row bytes for RGBA_8888 is 11960
06-28 14:40:56.130 29061 29088 I net.osmand:native: Locked 18239000 bytes at 0x78700000
06-28 14:40:56.130 29061 29088 I net.osmand:native: Initializing rendering
06-28 14:40:56.134 29061 29088 I net.osmand:native: Rendering image
06-28 14:40:56.145  1401  1401 D gralloc_ranchu: gralloc_alloc: Creating ashmem region of size 3878912
06-28 14:40:56.237  1603  6334 I WifiService: acquireWifiLock uid=10014 lockMode=2
06-28 14:40:56.277 29111  5898 D GetConfigurationSnapsho: getFullConfigurations
06-28 14:40:56.329  1401  1401 D gralloc_ranchu: gralloc_alloc: Creating ashmem region of size 8298496
06-28 14:40:56.343  1401  6331 D gralloc_ranchu: gralloc_alloc: Creating ashmem region of size 3878912
06-28 14:40:56.413  1412  1412 E EGL_emulation: tid 1412: eglCreateSyncKHR(1962): error 0x3004 (EGL_BAD_ATTRIBUTE)
06-28 14:40:56.421  1603  1651 W LocalDisplayAdapter: Unable to find color mode 0, ignoring request.
06-28 14:40:56.483  1603  1666 I InputReader: Reconfiguring input devices.  changes=0x00000004
06-28 14:40:56.483  1603  1666 I InputReader: Device reconfigured: id=0, name='qwerty2', size 1080x1920, orientation 0, mode 1, display id 0
06-28 14:40:56.505  1603  1624 I ActivityManager: Config changes=480 {1.0 310mcc260mnc [en_US] ldltr sw411dp w411dp h659dp 420dpi nrml port finger qwerty/v/v -nav/h appBounds=Rect(0, 0 - 1080, 1794) s.118}
06-28 14:40:56.610  1603  1624 I ActivityManager: Override config changes=480 {1.0 310mcc260mnc [en_US] ldltr sw411dp w411dp h659dp 420dpi nrml port finger qwerty/v/v -nav/h appBounds=Rect(0, 0 - 1080, 1794) s.118} for displayId=0
06-28 14:40:56.639  1412  1412 W SurfaceFlinger: couldn't log to binary event log: overflow.
06-28 14:40:56.678  1603  7712 I GnssLocationProvider: WakeLock acquired by sendMessage(SET_REQUEST, 0, com.android.server.location.GnssLocationProvider$GpsRequest@f3aae00)
06-28 14:40:56.678  1603  1616 I GnssLocationProvider: WakeLock released by handleMessage(SET_REQUEST, 0, com.android.server.location.GnssLocationProvider$GpsRequest@f3aae00)
06-28 14:40:56.716 29061 29061 D net.osmand: Disable sensor
06-28 14:40:56.733 29061 29061 I net.osmand: MapRenderRepositories RENDER MAP: Interrupt rendering map
06-28 14:40:56.737 29061 29102 D EGL_emulation: eglMakeCurrent: 0xa6785600: ver 2 0 (tinfo 0xa6783370)
06-28 14:40:56.750 29061 29061 D InAppPurchaseHelper: Destroying helper.
06-28 14:40:56.765 29061 29088 I net.osmand:native: Native ok (rendering 623, text 0 ms) 
06-28 14:40:56.765 29061 29088 I net.osmand:native:  (1154 points, 524 points inside, 182 of 263 objects visible)
06-28 14:40:56.765 29061 29088 I net.osmand:native: End Rendering image
06-28 14:40:56.765 29061 29088 I net.osmand:native: Native ok (init 9, rendering 623) 
06-28 14:40:56.766 29061 29088 I net.osmand: MapRenderRepositories true
06-28 14:40:56.766 29061 29088 I net.osmand: MapRenderRepositories RENDER MAP: new request RotatedTileBox [lat=-7.219514846801758, lon=-35.884483337402344, rotate=22.429157, density=2.625, zoom=17, mapDensity=2.625, zoomAnimation=0.0, zoomFloatPart=0.0, cx=1495, cy=762, pixWidth=2990, pixHeight=1525]
06-28 14:40:56.769  1412  1467 E BufferQueueProducer: [SurfaceView - net.osmand/net.osmand.plus.activities.MapActivity#0] disconnect: not connected (req=2)
06-28 14:40:56.797  1412  1428 E SurfaceFlinger: Failed to find layer (net.osmand/net.osmand.plus.activities.MapActivity#0) in layer parent (no-parent).
06-28 14:40:56.806  1603  7712 I WifiService: getWifiEnabledState uid=10032
06-28 14:40:56.822 29061 29061 W ResourceType: For resource 0x7f0e00c0, entry index(192) is beyond type entryCount(142)
06-28 14:40:56.823 29061 29061 W ResourceType: For resource 0x7f0e00d1, entry index(209) is beyond type entryCount(142)
06-28 14:40:56.823 29061 29061 W ResourceType: For resource 0x7f0e00cb, entry index(203) is beyond type entryCount(142)
06-28 14:40:56.823 29061 29061 W ResourceType: For resource 0x7f0e014d, entry index(333) is beyond type entryCount(142)
06-28 14:40:56.823 29061 29061 W ResourceType: For resource 0x7f0e00dd, entry index(221) is beyond type entryCount(142)
06-28 14:40:56.823 29061 29061 W ResourceType: For resource 0x7f0e00e4, entry index(228) is beyond type entryCount(142)
06-28 14:40:56.874  1524  1631 W SearchServiceCore: Abort, client detached.
06-28 14:40:56.883 19782 19782 I KeyboardViewUtil: systemKeyboardHeightRatio:1.000000; userKeyboardHeightRatio:1.000000.
06-28 14:40:56.893 29061 29061 W ResourceType: For resource 0x7f0e01c4, entry index(452) is beyond type entryCount(142)
06-28 14:40:56.893 29061 29061 W ResourceType: For resource 0x7f0e01c4, entry index(452) is beyond type entryCount(142)
06-28 14:40:56.893 29061 29061 W ResourceType: For resource 0x7f0e0183, entry index(387) is beyond type entryCount(142)
06-28 14:40:56.893 29061 29061 W ResourceType: For resource 0x7f0e0187, entry index(391) is beyond type entryCount(142)
06-28 14:40:56.893 29061 29061 W ResourceType: For resource 0x7f0e0185, entry index(389) is beyond type entryCount(142)
06-28 14:40:56.893 29061 29061 W ResourceType: For resource 0x7f0e015d, entry index(349) is beyond type entryCount(142)
06-28 14:40:56.893 29061 29061 W ResourceType: For resource 0x7f0e0195, entry index(405) is beyond type entryCount(142)
06-28 14:40:56.893 29061 29061 W ResourceType: For resource 0x7f0e016c, entry index(364) is beyond type entryCount(142)
06-28 14:40:56.893 29061 29061 W ResourceType: For resource 0x7f0e0163, entry index(355) is beyond type entryCount(142)
06-28 14:40:56.893 29061 29061 W ResourceType: For resource 0x7f0e00db, entry index(219) is beyond type entryCount(142)
06-28 14:40:56.893 29061 29061 W ResourceType: For resource 0x7f0e0193, entry index(403) is beyond type entryCount(142)
06-28 14:40:56.893 29061 29061 W ResourceType: For resource 0x7f0e016f, entry index(367) is beyond type entryCount(142)
06-28 14:40:56.893 29061 29061 W ResourceType: For resource 0x7f0e0161, entry index(353) is beyond type entryCount(142)
06-28 14:40:56.894 29061 29061 W ResourceType: For resource 0x7f0e0170, entry index(368) is beyond type entryCount(142)
06-28 14:40:56.894 29061 29061 W ResourceType: For resource 0x7f0e0174, entry index(372) is beyond type entryCount(142)
06-28 14:40:56.894 29061 29061 I chatty  : uid=10104(net.osmand) identical 2 lines
06-28 14:40:56.894 29061 29061 W ResourceType: For resource 0x7f0e0174, entry index(372) is beyond type entryCount(142)
06-28 14:40:56.894 29061 29061 W ResourceType: For resource 0x7f0e0177, entry index(375) is beyond type entryCount(142)
06-28 14:40:56.894 29061 29061 W ResourceType: For resource 0x7f0e0160, entry index(352) is beyond type entryCount(142)
06-28 14:40:56.894 29061 29061 W ResourceType: For resource 0x7f0e0199, entry index(409) is beyond type entryCount(142)
06-28 14:40:56.894 29061 29061 W ResourceType: For resource 0x7f0e017e, entry index(382) is beyond type entryCount(142)
06-28 14:40:56.894 29061 29061 W ResourceType: For resource 0x7f0e017f, entry index(383) is beyond type entryCount(142)
06-28 14:40:56.894 29061 29061 W ResourceType: For resource 0x7f0e0196, entry index(406) is beyond type entryCount(142)
06-28 14:40:56.894 29061 29061 W ResourceType: For resource 0x7f0e0197, entry index(407) is beyond type entryCount(142)
06-28 14:40:56.894 29061 29061 W ResourceType: For resource 0x7f0e0140, entry index(320) is beyond type entryCount(142)
06-28 14:40:56.894 29061 29061 W ResourceType: For resource 0x7f0e00e7, entry index(231) is beyond type entryCount(142)
06-28 14:40:56.895 29061 29061 W ResourceType: For resource 0x7f0e0194, entry index(404) is beyond type entryCount(142)
06-28 14:40:56.895 29061 29061 W ResourceType: For resource 0x7f0e01a5, entry index(421) is beyond type entryCount(142)
06-28 14:40:56.895 29061 29061 W ResourceType: For resource 0x7f0e017d, entry index(381) is beyond type entryCount(142)
06-28 14:40:56.895 29061 29061 W ResourceType: For resource 0x7f0e017b, entry index(379) is beyond type entryCount(142)
06-28 14:40:56.895 29061 29061 W ResourceType: For resource 0x7f0e010f, entry index(271) is beyond type entryCount(142)
06-28 14:40:56.895 29061 29061 W ResourceType: For resource 0x7f0e00f8, entry index(248) is beyond type entryCount(142)
06-28 14:40:56.895 29061 29061 W ResourceType: For resource 0x7f0e010f, entry index(271) is beyond type entryCount(142)
06-28 14:40:56.895 29061 29061 W ResourceType: For resource 0x7f0e0122, entry index(290) is beyond type entryCount(142)
06-28 14:40:56.895 29061 29061 W ResourceType: For resource 0x7f0e010b, entry index(267) is beyond type entryCount(142)
06-28 14:40:56.895 29061 29061 W ResourceType: For resource 0x7f0e010c, entry index(268) is beyond type entryCount(142)
06-28 14:40:56.895 29061 29061 W ResourceType: For resource 0x7f0e01ad, entry index(429) is beyond type entryCount(142)
06-28 14:40:56.895 29061 29061 W ResourceType: For resource 0x7f0e01ac, entry index(428) is beyond type entryCount(142)
06-28 14:40:56.901 29061 29061 W ResourceType: For resource 0x7f0e01c4, entry index(452) is beyond type entryCount(142)
06-28 14:40:56.901 29061 29061 W ResourceType: For resource 0x7f0e01c4, entry index(452) is beyond type entryCount(142)
06-28 14:40:56.901 29061 29061 W ResourceType: For resource 0x7f0e0183, entry index(387) is beyond type entryCount(142)
06-28 14:40:56.901 29061 29061 W ResourceType: For resource 0x7f0e0187, entry index(391) is beyond type entryCount(142)
06-28 14:40:56.901 29061 29061 W ResourceType: For resource 0x7f0e0185, entry index(389) is beyond type entryCount(142)
06-28 14:40:56.901 29061 29061 W ResourceType: For resource 0x7f0e015d, entry index(349) is beyond type entryCount(142)
06-28 14:40:56.901 29061 29061 W ResourceType: For resource 0x7f0e0195, entry index(405) is beyond type entryCount(142)
06-28 14:40:56.901 29061 29061 W ResourceType: For resource 0x7f0e016c, entry index(364) is beyond type entryCount(142)
06-28 14:40:56.901 29061 29061 W ResourceType: For resource 0x7f0e0163, entry index(355) is beyond type entryCount(142)
06-28 14:40:56.902 29061 29061 W ResourceType: For resource 0x7f0e00db, entry index(219) is beyond type entryCount(142)
06-28 14:40:56.902 29061 29061 W ResourceType: For resource 0x7f0e0193, entry index(403) is beyond type entryCount(142)
06-28 14:40:56.902 29061 29061 W ResourceType: For resource 0x7f0e016f, entry index(367) is beyond type entryCount(142)
06-28 14:40:56.902 29061 29061 W ResourceType: For resource 0x7f0e0161, entry index(353) is beyond type entryCount(142)
06-28 14:40:56.902 29061 29061 W ResourceType: For resource 0x7f0e0170, entry index(368) is beyond type entryCount(142)
06-28 14:40:56.902 29061 29061 W ResourceType: For resource 0x7f0e0174, entry index(372) is beyond type entryCount(142)
06-28 14:40:56.902 29061 29061 I chatty  : uid=10104(net.osmand) identical 2 lines
06-28 14:40:56.902 29061 29061 W ResourceType: For resource 0x7f0e0174, entry index(372) is beyond type entryCount(142)
06-28 14:40:56.903 29061 29061 W ResourceType: For resource 0x7f0e0177, entry index(375) is beyond type entryCount(142)
06-28 14:40:56.903 29061 29061 W ResourceType: For resource 0x7f0e0160, entry index(352) is beyond type entryCount(142)
06-28 14:40:56.903 29061 29061 W ResourceType: For resource 0x7f0e0199, entry index(409) is beyond type entryCount(142)
06-28 14:40:56.903 29061 29061 W ResourceType: For resource 0x7f0e017e, entry index(382) is beyond type entryCount(142)
06-28 14:40:56.903 29061 29061 W ResourceType: For resource 0x7f0e017f, entry index(383) is beyond type entryCount(142)
06-28 14:40:56.903 29061 29061 W ResourceType: For resource 0x7f0e0196, entry index(406) is beyond type entryCount(142)
06-28 14:40:56.903 29061 29061 W ResourceType: For resource 0x7f0e0197, entry index(407) is beyond type entryCount(142)
06-28 14:40:56.903 29061 29061 W ResourceType: For resource 0x7f0e0140, entry index(320) is beyond type entryCount(142)
06-28 14:40:56.903 29061 29061 W ResourceType: For resource 0x7f0e00e7, entry index(231) is beyond type entryCount(142)
06-28 14:40:56.903 29061 29061 W ResourceType: For resource 0x7f0e0194, entry index(404) is beyond type entryCount(142)
06-28 14:40:56.903 29061 29061 W ResourceType: For resource 0x7f0e01a5, entry index(421) is beyond type entryCount(142)
06-28 14:40:56.903 29061 29061 W ResourceType: For resource 0x7f0e017d, entry index(381) is beyond type entryCount(142)
06-28 14:40:56.904 29061 29061 W ResourceType: For resource 0x7f0e017b, entry index(379) is beyond type entryCount(142)
06-28 14:40:56.904 29061 29061 W ResourceType: For resource 0x7f0e010f, entry index(271) is beyond type entryCount(142)
06-28 14:40:56.904 29061 29061 W ResourceType: For resource 0x7f0e00f8, entry index(248) is beyond type entryCount(142)
06-28 14:40:56.904 29061 29061 W ResourceType: For resource 0x7f0e010f, entry index(271) is beyond type entryCount(142)
06-28 14:40:56.904 29061 29061 W ResourceType: For resource 0x7f0e0122, entry index(290) is beyond type entryCount(142)
06-28 14:40:56.904 29061 29061 W ResourceType: For resource 0x7f0e010b, entry index(267) is beyond type entryCount(142)
06-28 14:40:56.904  1708  1708 I Choreographer: Skipped 50 frames!  The application may be doing too much work on its main thread.
06-28 14:40:56.904 29061 29061 W ResourceType: For resource 0x7f0e010c, entry index(268) is beyond type entryCount(142)
06-28 14:40:56.904 29061 29061 W ResourceType: For resource 0x7f0e01ad, entry index(429) is beyond type entryCount(142)
06-28 14:40:56.904 29061 29061 W ResourceType: For resource 0x7f0e01ac, entry index(428) is beyond type entryCount(142)
06-28 14:40:56.908 29061 29061 W ResourceType: For resource 0x7f0e01c4, entry index(452) is beyond type entryCount(142)
06-28 14:40:56.909 29061 29061 W ResourceType: For resource 0x7f0e01c4, entry index(452) is beyond type entryCount(142)
06-28 14:40:56.909 29061 29061 W ResourceType: For resource 0x7f0e0183, entry index(387) is beyond type entryCount(142)
06-28 14:40:56.909 29061 29061 W ResourceType: For resource 0x7f0e0187, entry index(391) is beyond type entryCount(142)
06-28 14:40:56.909 29061 29061 W ResourceType: For resource 0x7f0e0185, entry index(389) is beyond type entryCount(142)
06-28 14:40:56.909 29061 29061 W ResourceType: For resource 0x7f0e015d, entry index(349) is beyond type entryCount(142)
06-28 14:40:56.909 29061 29061 W ResourceType: For resource 0x7f0e0195, entry index(405) is beyond type entryCount(142)
06-28 14:40:56.909 29061 29061 W ResourceType: For resource 0x7f0e016c, entry index(364) is beyond type entryCount(142)
06-28 14:40:56.909 29061 29061 W ResourceType: For resource 0x7f0e0163, entry index(355) is beyond type entryCount(142)
06-28 14:40:56.909 29061 29061 W ResourceType: For resource 0x7f0e00db, entry index(219) is beyond type entryCount(142)
06-28 14:40:56.909 29061 29061 W ResourceType: For resource 0x7f0e0193, entry index(403) is beyond type entryCount(142)
06-28 14:40:56.909 29061 29061 W ResourceType: For resource 0x7f0e016f, entry index(367) is beyond type entryCount(142)
06-28 14:40:56.909 29061 29061 W ResourceType: For resource 0x7f0e0161, entry index(353) is beyond type entryCount(142)
06-28 14:40:56.910 29061 29061 W ResourceType: For resource 0x7f0e0170, entry index(368) is beyond type entryCount(142)
06-28 14:40:56.910 29061 29061 W ResourceType: For resource 0x7f0e0174, entry index(372) is beyond type entryCount(142)
06-28 14:40:56.910 29061 29061 I chatty  : uid=10104(net.osmand) identical 2 lines
06-28 14:40:56.910 29061 29061 W ResourceType: For resource 0x7f0e0174, entry index(372) is beyond type entryCount(142)
06-28 14:40:56.910 29061 29061 W ResourceType: For resource 0x7f0e0177, entry index(375) is beyond type entryCount(142)
06-28 14:40:56.910 29061 29061 W ResourceType: For resource 0x7f0e0160, entry index(352) is beyond type entryCount(142)
06-28 14:40:56.910 29061 29061 W ResourceType: For resource 0x7f0e0199, entry index(409) is beyond type entryCount(142)
06-28 14:40:56.910 29061 29061 W ResourceType: For resource 0x7f0e017e, entry index(382) is beyond type entryCount(142)
06-28 14:40:56.910 29061 29061 W ResourceType: For resource 0x7f0e017f, entry index(383) is beyond type entryCount(142)
06-28 14:40:56.911 29061 29061 W ResourceType: For resource 0x7f0e0196, entry index(406) is beyond type entryCount(142)
06-28 14:40:56.911 29061 29061 W ResourceType: For resource 0x7f0e0197, entry index(407) is beyond type entryCount(142)
06-28 14:40:56.911 29061 29061 W ResourceType: For resource 0x7f0e0140, entry index(320) is beyond type entryCount(142)
06-28 14:40:56.911 29061 29061 W ResourceType: For resource 0x7f0e00e7, entry index(231) is beyond type entryCount(142)
06-28 14:40:56.911 29061 29061 W ResourceType: For resource 0x7f0e0194, entry index(404) is beyond type entryCount(142)
06-28 14:40:56.911  1708  1926 D EGL_emulation: eglMakeCurrent: 0x9268e860: ver 2 0 (tinfo 0x92690770)
06-28 14:40:56.911 29061 29061 W ResourceType: For resource 0x7f0e01a5, entry index(421) is beyond type entryCount(142)
06-28 14:40:56.911 29061 29061 W ResourceType: For resource 0x7f0e017d, entry index(381) is beyond type entryCount(142)
06-28 14:40:56.911 29061 29061 W ResourceType: For resource 0x7f0e017b, entry index(379) is beyond type entryCount(142)
06-28 14:40:56.912 29061 29061 W ResourceType: For resource 0x7f0e010f, entry index(271) is beyond type entryCount(142)
06-28 14:40:56.912 29061 29061 W ResourceType: For resource 0x7f0e00f8, entry index(248) is beyond type entryCount(142)
06-28 14:40:56.912 29061 29061 W ResourceType: For resource 0x7f0e010f, entry index(271) is beyond type entryCount(142)
06-28 14:40:56.912 29061 29061 W ResourceType: For resource 0x7f0e0122, entry index(290) is beyond type entryCount(142)
06-28 14:40:56.912 29061 29061 W ResourceType: For resource 0x7f0e010b, entry index(267) is beyond type entryCount(142)
06-28 14:40:56.912 29061 29061 W ResourceType: For resource 0x7f0e010c, entry index(268) is beyond type entryCount(142)
06-28 14:40:56.912 29061 29061 W ResourceType: For resource 0x7f0e01ad, entry index(429) is beyond type entryCount(142)
06-28 14:40:56.912 29061 29061 W ResourceType: For resource 0x7f0e01ac, entry index(428) is beyond type entryCount(142)
06-28 14:40:56.937 29061 29061 W ResourceType: For resource 0x7f0e017f, entry index(383) is beyond type entryCount(142)
06-28 14:40:56.937 29061 29061 W ResourceType: For resource 0x7f0e0091, entry index(145) is beyond type entryCount(142)
06-28 14:40:56.941 29061 29089 I net.osmand: MapRenderRepositories RENDER MAP: update due to rotation
06-28 14:40:56.941 29061 29061 W ResourceType: For resource 0x7f0e016b, entry index(363) is beyond type entryCount(142)
06-28 14:40:56.943 29061 29089 I net.osmand: MapRenderRepositories RENDER MAP: Interrupt rendering map
06-28 14:40:56.965 29061 29061 W ResourceType: For resource 0x7f0e017b, entry index(379) is beyond type entryCount(142)
06-28 14:40:56.968 29061 29061 W ResourceType: For resource 0x7f0e0125, entry index(293) is beyond type entryCount(142)
06-28 14:40:56.977 29061 29061 W ResourceType: For resource 0x7f0e0125, entry index(293) is beyond type entryCount(142)
06-28 14:40:57.033  1524  4550 I PBSessionCacheImpl: Deleted sessionId[7025004099514] from persistence.
06-28 14:40:57.037  1401  6331 D gralloc_ranchu: gralloc_alloc: Creating ashmem region of size 544768
06-28 14:40:57.052  1708  1926 D EGL_emulation: eglMakeCurrent: 0x9268e860: ver 2 0 (tinfo 0x92690770)
06-28 14:40:57.067 29061 29061 W ResourceType: For resource 0x7f0e01a5, entry index(421) is beyond type entryCount(142)
06-28 14:40:57.067 29061 29061 W ResourceType: For resource 0x7f0e00a9, entry index(169) is beyond type entryCount(142)
06-28 14:40:57.086  1401  6331 D gralloc_ranchu: gralloc_alloc: Creating ashmem region of size 544768
06-28 14:40:57.126 29061 29061 W ResourceType: For resource 0x7f0e01bc, entry index(444) is beyond type entryCount(142)
06-28 14:40:57.125 29111  5898 D GetConfigurationSnapsho: byFlagStorageType, addSet = Flag(AutoUpdate__battery_relax_battery_percent_budget, 5.0, 3, 0), Flag(AutoUpdate__battery_relax_num_apps_budget, 3, 1, 0), Flag(AutoUpdate__enable_atomic_install_auto_update_stable, false, 2, 0), Flag(AutoUpdate__enable_atomic_install_content_sync_stable, false, 2, 0), Flag(AutoUpdate__enable_atomic_install_high_priority_update_stable, false, 2, 0), Flag(AutoUpdate__enable_atomic_install_organic_reboot_stable, false, 2, 0), Flag(AutoUpdate__enable_battery_relaxation, false, 2, 0), Flag(BackgroundLogProcessing__defer_logs_processing_on_bg_thread, false, 2, 0), Flag(CacheAndSync__enable_cache_and_sync_images, false, 2, 0), Flag(D30Vx__enable_actionbar_gifting, true, 2, 0), Flag(D30Vx__enable_d30_for_vx, true, 2, 0), Flag(DarkTheme__allow_dark_theme, false, 2, 0), Flag(DiskBasedCacheV2__enable_disk_based_cache_v2, true, 2, 0), Flag(DocKeyedCache__cache_performance_summary_save_delay_ms, 30000, 1, 0), Flag(DocKeyedCache__doc_keyed_cache_byte_array_only, false, 2, 0), Flag(DocKeyedCache__enable_cache_performance_summary_logging, false, 2, 0), Flag(DocKeyedCache__enable_item_cache_clearing, false, 2, 0), Flag(DocKeyedCache__enable_item_store_check_for_cache_and_sync, false, 2, 0), Flag(DocKeyedCache__enable_soft_reference_in_item_cache, false, 2, 0), Flag(DocKeyedCache__enable_title_module_get_items_validation, false, 2, 0), Flag(DocKeyedCache__item_cache_size_in_mb, 2, 1, 0), Flag(DocKeyedCache__soft_ttl_in_millis, 600000, 1, 0), Flag(DownloadService__cronet_enable_herrevad_reporting, false, 2, 0), Flag(DownloadService__enable_download_service_in_installer, false, 2, 0), Flag(DownloadService__log_download_events_to_playlogs, false, 2, 0), Flag(DownloadService__network_stack, 1, 1, 0), Flag(DownloadService__send_new_requests_to_download_service, false, 2, 0), Flag(DownloadService__send_new_split_install_requests_to_download_service, false, 2, 0), Flag(DownloadService__set_nocache_qos_when_idle, false, 2, 0), Flag(FlatCardLite__enable_flat_card_view_listing_small_lite, false, 2, 0), Flag(GooglePlayProtect__enable_gpp_home_in_phonesky, true, 2, 0), Flag(GooglePlayProtect__enable_gpp_suspended_play_app_android_notifications, false, 2, 0), Flag(GooglePlayProtect__enable_gpp_suspended_play_app_warnings, false, 2, 0), Flag(GooglePlayProtect__enable_new_gpp_security_summary_in_my_apps, false, 2, 0), Flag(ImageOptimizations__enable_parallel_decoding, false, 2, 0), Flag(ImageOptimizations__use_cached_larger_image, true, 2, 0), Flag(ImageOptimizations__use_custom_image_decoding, true, 2, 0), Flag(InstallApi__enable_arc_direct_push_install, true, 2, 0), Flag(Installer__enable_installer_installable_check, false, 2, 0), Flag(Installer__install_flow_logging_redesign, false, 2, 0), Flag(Installer__installer_start_delay_ms, 0, 1, 0), Flag(Installer__override_constraints_for_same_reason, true, 2, 0), Flag(Installer__support_atomic_installs, false, 2, 0), Flag(Installer__support_install_existing_package_async, false, 2, 0), Flag(JankLogging__enable_jank_logging, false, 2, 0), Flag(JpkrHomepageRedesign__enable_jpkr_homepage_redesign_v1, false, 2, 0), Flag(LiveOps__enable_empty_stream_page, true, 2, 0), Flag(LiveOps__enable_event_details_page, true, 2, 0), Flag(MoviesExperiments__enabled_primetime_k2, false, 2, 0), Flag(NetworkOptimizations__enable_async_dns, false, 2, 0), Flag(NetworkOptimizations__enable_dns_cache_warmup, true, 2, 0), Flag(NetworkOptimizations__enable_dns_cache_warmup_for_image_domains, true, 2, 0), Flag(NetworkOptimizations__enable_dns_cache_warmup_logging, true, 2, 0), Flag(NetworkOptimizations__enable_network_error_logging, false, 2, 0), Flag(NetworkOptimizations__enable_quic_connection_options, true, 2, 0), Flag(NetworkOptimizations__enable_quic_hint_for_image_domains, true, 2, 0), Flag(NetworkOptimizations__enable_quic_idle_connection_timeout, true, 2, 0), Flag(NetworkOptimizations__enable_stale_dns, true, 2, 0), Flag(NetworkOptimizations__image_domains_for_network_optimization, 'ChlsaDMuZ29vZ2xldXNlcmNvbnRlbn
