06-29 10:23:08.272  1600  1613 W android.os.Debug: failed to get memory consumption info: -1
06-29 10:23:08.392  1600  1613 E memtrack: Couldn't load memtrack module
06-29 10:23:08.393  1600  1613 W android.os.Debug: failed to get memory consumption info: -1
06-29 10:23:08.443  1964  1964 I GeofencerStateMachine: sendNewLocationAvailability: availability=LocationAvailability[isLocationAvailable: true]
06-29 10:23:08.475  1964  1964 I GeofencerStateMachine: removeGeofences: removeRequest=RemoveGeofencingRequest[REMOVE_BY_PENDING_INTENT pendingIntent=PendingIntent[creatorPackage=com.google.android.gms], packageName=com.google.android.gms]
06-29 10:23:08.626  1964  3202 W MessageQueue: Handler (aeyl) {11ad9a0} sending message to a Handler on a dead thread
06-29 10:23:08.626  1964  3202 W MessageQueue: java.lang.IllegalStateException: Handler (aeyl) {11ad9a0} sending message to a Handler on a dead thread
06-29 10:23:08.626  1964  3202 W MessageQueue: 	at android.os.MessageQueue.enqueueMessage(MessageQueue.java:545)
06-29 10:23:08.626  1964  3202 W MessageQueue: 	at android.os.Handler.enqueueMessage(Handler.java:662)
06-29 10:23:08.626  1964  3202 W MessageQueue: 	at android.os.Handler.sendMessageAtTime(Handler.java:631)
06-29 10:23:08.626  1964  3202 W MessageQueue: 	at aeyl.sendMessageAtTime(Unknown Source:3)
06-29 10:23:08.626  1964  3202 W MessageQueue: 	at android.os.Handler.sendMessageDelayed(Handler.java:601)
06-29 10:23:08.626  1964  3202 W MessageQueue: 	at android.os.Handler.post(Handler.java:357)
06-29 10:23:08.626  1964  3202 W MessageQueue: 	at bcln.execute(Unknown Source:2)
06-29 10:23:08.626  1964  3202 W MessageQueue: 	at aanh.execute(Unknown Source:9)
06-29 10:23:08.626  1964  3202 W MessageQueue: 	at avft.a(:com.google.android.gms@17785022@17.7.85 (040700-253824076):3)
06-29 10:23:08.626  1964  3202 W MessageQueue: 	at avgk.a(:com.google.android.gms@17785022@17.7.85 (040700-253824076):8)
06-29 10:23:08.626  1964  3202 W MessageQueue: 	at avgn.a(:com.google.android.gms@17785022@17.7.85 (040700-253824076):43)
06-29 10:23:08.626  1964  3202 W MessageQueue: 	at avgj.a(:com.google.android.gms@17785022@17.7.85 (040700-253824076):2)
06-29 10:23:08.626  1964  3202 W MessageQueue: 	at rpj.a(:com.google.android.gms@17785022@17.7.85 (040700-253824076):3)
06-29 10:23:08.626  1964  3202 W MessageQueue: 	at rpj.a(:com.google.android.gms@17785022@17.7.85 (040700-253824076):2)
06-29 10:23:08.626  1964  3202 W MessageQueue: 	at agos.a(Unknown Source:2)
06-29 10:23:08.626  1964  3202 W MessageQueue: 	at rnt.a(Unknown Source:11)
06-29 10:23:08.626  1964  3202 W MessageQueue: 	at aamg.a(:com.google.android.gms@17785022@17.7.85 (040700-253824076):1)
06-29 10:23:08.626  1964  3202 W MessageQueue: 	at cwm.onTransact(:com.google.android.gms@17785022@17.7.85 (040700-253824076):4)
06-29 10:23:08.626  1964  3202 W MessageQueue: 	at android.os.Binder.execTransact(Binder.java:697)
06-29 10:23:09.121  1600  1617 E BatteryExternalStatsWorker: modem info is invalid: ModemActivityInfo{ mTimestamp=0 mSleepTimeMs=0 mIdleTimeMs=0 mTxTimeMs[]=[0, 0, 0, 0, 0] mRxTimeMs=0 mEnergyUsed=0}
06-29 10:23:10.566  1964 11378 E WakeLock: GCM_HB_ALARM release without a matched acquire!
06-29 10:23:10.567  1964 11378 W WakeLock: GCM_HB_ALARM counter does not exist
06-29 10:23:10.573  1600  1678 D ConnectivityService: reportNetworkConnectivity(101, false) by 10014
06-29 10:23:10.574  1600  3204 D NetworkMonitor/NetworkAgentInfo [WIFI () - 101]: Forcing reevaluation for UID 10014
06-29 10:23:10.577  1964 11378 W WakeLock: GCM_CONN_ALARM counter does not exist
06-29 10:23:10.582  1600 11507 D NetworkMonitor/NetworkAgentInfo [WIFI () - 101]: PROBE_DNS www.google.com 6ms OK 172.217.28.228,2800:3f0:4001:801::2004
06-29 10:23:10.585  1600 11508 D NetworkMonitor/NetworkAgentInfo [WIFI () - 101]: PROBE_DNS connectivitycheck.gstatic.com 9ms OK 172.217.172.131,2800:3f0:4001:81a::2003
06-29 10:23:10.669  1600 11508 D NetworkMonitor/NetworkAgentInfo [WIFI () - 101]: PROBE_HTTP http://connectivitycheck.gstatic.com/generate_204 time=82ms ret=204 request={User-Agent=[Mozilla/5.0 (X11; Linux x86_64) AppleWebKit/537.36 (KHTML, like Gecko) Chrome/60.0.3112.32 Safari/537.36]} headers={null=[HTTP/1.1 204 No Content], Content-Length=[0], Date=[Sat, 29 Jun 2019 14:23:10 GMT], X-Android-Received-Millis=[1561818190669], X-Android-Response-Source=[NETWORK 204], X-Android-Selected-Protocol=[http/1.1], X-Android-Sent-Millis=[1561818190588]}
06-29 10:23:10.671  1600 11507 D NetworkMonitor/NetworkAgentInfo [WIFI () - 101]: PROBE_HTTPS https://www.google.com/generate_204 time=87ms ret=204 request={User-Agent=[Mozilla/5.0 (X11; Linux x86_64) AppleWebKit/537.36 (KHTML, like Gecko) Chrome/60.0.3112.32 Safari/537.36]} headers={null=[HTTP/1.1 204 No Content], Alt-Svc=[quic=":443"; ma=2592000; v="46,44,43,39"], Content-Length=[0], Date=[Sat, 29 Jun 2019 14:23:10 GMT], X-Android-Received-Millis=[1561818190669], X-Android-Response-Source=[NETWORK 204], X-Android-Selected-Protocol=[http/1.1], X-Android-Sent-Millis=[1561818190586]}
06-29 10:23:10.675  1600  1678 D ConnectivityService: NetworkAgentInfo [WIFI () - 101] validation passed
06-29 10:23:11.896  3472  3472 I net.osmand: TTSCommandPlayerImpl Send message to pebble sem sinal g p s 
06-29 10:23:11.896  3472  3472 D net.osmand: AbstractPrologCommandPlayer requestAudioFocus
06-29 10:23:11.896  3472  3472 W AudioManager: Use of stream types is deprecated for operations other than volume control
06-29 10:23:11.896  3472  3472 W AudioManager: See the documentation of requestAudioFocus() for what to use instead with android.media.AudioAttributes to qualify your playback use case
06-29 10:23:11.897  1600  2662 I MediaFocusControl: requestAudioFocus() from uid/pid 10104/3472 clientId=android.media.AudioManager@d05fab5net.osmand.plus.api.AudioFocusHelperImpl@3dd09bd callingPack=net.osmand req=3 flags=0x0 sdk=26
06-29 10:23:11.900  3472  3472 D net.osmand: TTSCommandPlayerImpl ttsRequests=1
06-29 10:23:11.905  5191  5280 I TTS.GoogleTTSServiceImp: Synthesis request for locale por-BRA and name pt-BR-language
06-29 10:23:11.907  5191  5280 I TTS.GoogleTTSServiceImp: TTS dispatch: pt-br-x-afs-lstm-embedded
06-29 10:23:11.921  5191  5294 D AudioTrack: Client defaulted notificationFrames to 1365 for frameCount 4096
06-29 10:23:11.933  1600  4840 V MediaRouterService: restoreBluetoothA2dp(false)
06-29 10:23:11.935  1390  2659 W audio_hw_generic: Not supplying enough data to HAL, expected position 37449511 , only wrote 37449360
06-29 10:23:12.945  2629  2890 I WorkerManager: dispose()
06-29 10:23:12.950  2629  2890 W ThreadPoolDumper: Queue length for executor EventBus is now 11. Perhaps some tasks are too long, or the pool is too small.
06-29 10:23:13.264  1964  1964 I BeaconBle: Scan : No clients left, canceling alarm.
06-29 10:23:13.517  1390  2659 W audio_hw_generic: Not supplying enough data to HAL, expected position 37525298 , only wrote 37524240
06-29 10:23:13.520  1390  2659 W audio_hw_generic: Not supplying enough data to HAL, expected position 37524370 , only wrote 37524240
06-29 10:23:14.050  5191  5294 D AudioTrack: stop() called with 44330 frames delivered
06-29 10:23:14.055  3472  7097 D net.osmand: AbstractPrologCommandPlayer abandonAudioFocus
06-29 10:23:14.056  1600  4840 I MediaFocusControl: abandonAudioFocus() from uid/pid 10104/3472 clientId=android.media.AudioManager@d05fab5net.osmand.plus.api.AudioFocusHelperImpl@3dd09bd
06-29 10:23:14.056  3472  7097 D net.osmand: TTSCommandPlayerImpl ttsRequests=0
06-29 10:23:14.691  1390  2659 W audio_hw_generic: Not supplying enough data to HAL, expected position 37580477 , only wrote 37580400
06-29 10:23:14.698  1390  2659 W audio_hw_generic: Not supplying enough data to HAL, expected position 37580735 , only wrote 37580400
06-29 10:23:14.714  1390  2659 W audio_hw_generic: Not supplying enough data to HAL, expected position 37581151 , only wrote 37581120
06-29 10:23:14.750  1390  2659 W audio_hw_generic: Not supplying enough data to HAL, expected position 37582849 , only wrote 37582560
06-29 10:23:15.337  1390  2659 W audio_hw_generic: Not supplying enough data to HAL, expected position 37610764 , only wrote 37610640
06-29 10:23:15.354  1390  2659 W audio_hw_generic: Not supplying enough data to HAL, expected position 37611440 , only wrote 37611360
06-29 10:23:16.795  1964  1964 I GeofencerStateMachine: sendQueryLocationOptIn
06-29 10:23:16.800  1600  1613 I GnssLocationProvider: WakeLock acquired by sendMessage(ENABLE, 1, null)
06-29 10:23:16.801  1600  1613 I GnssLocationProvider: WakeLock acquired by sendMessage(SET_REQUEST, 0, com.android.server.location.GnssLocationProvider$GpsRequest@a806b8c)
06-29 10:23:14.052  1600  4840 V MediaRouterService: restoreBluetoothA2dp(false)
06-29 10:23:16.805  1600  1614 W BroadcastQueue: Background execution not allowed: receiving Intent { act=android.location.PROVIDERS_CHANGED flg=0x10 } to com.google.android.apps.maps/com.google.android.apps.gmm.locationsharing.usr.LocationAvailabilityChecker$LocationProvidersChangedBroadcastReceiver
06-29 10:23:16.805  1600  1614 W BroadcastQueue: Background execution not allowed: receiving Intent { act=android.location.PROVIDERS_CHANGED flg=0x10 } to com.google.android.gms/com.google.android.location.internal.NlpNetworkProviderSettingsUpdateReceiver
06-29 10:23:16.806  1600  1614 W BroadcastQueue: Background execution not allowed: receiving Intent { act=android.location.PROVIDERS_CHANGED flg=0x10 } to com.google.android.gms/.chimera.GmsIntentOperationService$PersistentTrustedReceiver
06-29 10:23:16.807  1600  1614 W BroadcastQueue: Background execution not allowed: receiving Intent { act=android.location.PROVIDERS_CHANGED flg=0x10 } to com.google.android.googlequicksearchbox/com.google.android.apps.gsa.broadcastreceiver.external.ExternalCommonBroadcastReceiver
06-29 10:23:16.832  1600  1614 W BroadcastQueue: Background execution not allowed: receiving Intent { act=android.location.MODE_CHANGED flg=0x10 } to com.google.android.apps.maps/com.google.android.apps.gmm.locationsharing.usr.LocationAvailabilityChecker$LocationProvidersChangedBroadcastReceiver
06-29 10:23:16.832  1600  1614 W BroadcastQueue: Background execution not allowed: receiving Intent { act=android.location.MODE_CHANGED flg=0x10 } to com.google.android.gms/.chimera.GmsIntentOperationService$PersistentTrustedReceiver
06-29 10:23:16.840  1600  1600 D GpsNetInitiatedHandler: location enabled :true
06-29 10:23:16.863  1397  1397 W GnssHAL_GnssInterface: setCallback called more than once. Unexpected unless test.
06-29 10:23:16.876  1600  1613 D GnssLocationProvider: gnssSetSystemInfoCb: yearOfHw=2015
06-29 10:23:16.881  1600  1613 D GnssLocationProvider: gnssSetCapabilitesCb: 0u
06-29 10:23:16.881  1600  1613 D GnssLocationProvider: gnssSetSystemInfoCb: yearOfHw=2015
06-29 10:23:16.881  1600  1613 E GnssLocationProvider: Unable to initialize GNSS Xtra interface
06-29 10:23:16.881  1600  1613 E GnssLocationProvider: Unable to Initialize AGnss interface
06-29 10:23:16.881  1600  1613 E GnssLocationProvider: Unable to initialize GNSS Geofencing interface
06-29 10:23:16.881  1600  1613 E GnssLocationProvider: Unable to initialize GNSS NI interface
06-29 10:23:16.881  1600  1613 E GnssLocationProvider: no AGPS interface in set_agps_server
06-29 10:23:16.881  1600  1613 E GnssLocationProvider: Failed to initialize GNSS batching
06-29 10:23:16.881  1600  1613 I GnssLocationProvider: WakeLock released by handleMessage(ENABLE, 1, null)
06-29 10:23:16.888  1600  1613 I GnssLocationProvider: WakeLock released by handleMessage(SET_REQUEST, 0, com.android.server.location.GnssLocationProvider$GpsRequest@a806b8c)
06-29 10:23:16.897  1600  2662 W ActivityManager: Unable to start service Intent { act=com.google.android.gms.nearby.discovery:ACTION_PERMISSION_CHANGE cmp=com.google.android.gms/.nearby.discovery.service.DiscoveryService } U=0: not found
06-29 10:23:16.900  1964 11518 I GCoreUlr: Starting service, intent=Intent { act=com.google.android.location.reporting.ACTION_UPDATE_WORLD cmp=com.google.android.gms/com.google.android.location.reporting.service.DispatchingService (has extras) }, extras=Bundle[{receiverAction=android.location.PROVIDERS_CHANGED}]
06-29 10:23:17.039  3472  3472 I net.osmand: TTSCommandPlayerImpl Send message to pebble sinal g p s recuperado 
06-29 10:23:17.039  3472  3472 D net.osmand: AbstractPrologCommandPlayer requestAudioFocus
06-29 10:23:17.039  3472  3472 W AudioManager: Use of stream types is deprecated for operations other than volume control
06-29 10:23:17.039  3472  3472 W AudioManager: See the documentation of requestAudioFocus() for what to use instead with android.media.AudioAttributes to qualify your playback use case
06-29 10:23:17.040  1600  2662 I MediaFocusControl: requestAudioFocus() from uid/pid 10104/3472 clientId=android.media.AudioManager@d05fab5net.osmand.plus.api.AudioFocusHelperImpl@ab83f0a callingPack=net.osmand req=3 flags=0x0 sdk=26
06-29 10:23:17.040  3472  3472 D net.osmand: TTSCommandPlayerImpl ttsRequests=1
06-29 10:23:17.074  5191  5280 I TTS.GoogleTTSServiceImp: Synthesis request for locale por-BRA and name pt-BR-language
06-29 10:23:17.079  5191  5280 I TTS.GoogleTTSServiceImp: TTS dispatch: pt-br-x-afs-lstm-embedded
06-29 10:23:17.085  1390  1562 W audio_hw_generic: Not supplying enough data to HAL, expected position 37776333 , only wrote 37694160
06-29 10:23:17.092  3472  3472 D net.osmand: RoutingHelper Processed by distance : (new) 185165.66638120156 (old) 186308.625
06-29 10:23:17.128  1964  1964 E BluetoothAdapter: Bluetooth binder is null
06-29 10:23:17.128  5191  5294 D AudioTrack: Client defaulted notificationFrames to 1365 for frameCount 4096
06-29 10:23:17.145  1600  2662 V MediaRouterService: restoreBluetoothA2dp(false)
06-29 10:23:17.147  1390  2659 W audio_hw_generic: Not supplying enough data to HAL, expected position 37694187 , only wrote 37694160
06-29 10:23:17.168  3472  3472 D net.osmand: RoutingHelper Processed by distance : (new) 184218.95313472688 (old) 185165.66638120156
06-29 10:23:17.251  5191  5196 I zygote  : Do full code cache collection, code=248KB, data=136KB
06-29 10:23:17.252  5191  5196 I zygote  : After code cache collection, code=218KB, data=117KB
06-29 10:23:17.260  3472  3472 D net.osmand: RoutingHelper Processed by distance : (new) 183551.5394134049 (old) 184218.95313472688
06-29 10:23:17.292  1964 11245 I GCoreUlr: WorldUpdater received intent Intent { act=com.google.android.location.reporting.ACTION_UPDATE_WORLD cmp=com.google.android.gms/com.google.android.location.reporting.service.DispatchingService (has extras) } with receiverAction android.location.PROVIDERS_CHANGED
06-29 10:23:17.332  3472  3472 I net.osmand: RoutingHelper Recalculate route, because correlation  : 183551.5394134049
06-29 10:23:17.332  3472  3472 I net.osmand: RoutingHelper Recalculate route, because wrong movement direction: 183551.55
06-29 10:23:17.333  5191  5298 D AudioTrack: stop() called with 7271 frames delivered
06-29 10:23:17.333  5191  5280 I TTS.SynthesisCache: streamCachedRequest call to callback.audioAvailable failed: -1
06-29 10:23:17.340  1600  6200 V MediaRouterService: restoreBluetoothA2dp(false)
06-29 10:23:17.342  3472  3472 D net.osmand: AbstractPrologCommandPlayer abandonAudioFocus
06-29 10:23:17.354  1600  2369 I MediaFocusControl: abandonAudioFocus() from uid/pid 10104/3472 clientId=android.media.AudioManager@d05fab5net.osmand.plus.api.AudioFocusHelperImpl@ab83f0a
06-29 10:23:17.355  3472  3472 W MaterialProgressBar: Current drawable is not a MaterialProgressDrawable, you may want to set app:mpb_setBothDrawables
06-29 10:23:17.358  3472  3496 I net.osmand: MapRenderRepositories RENDER MAP: update due to tile box
06-29 10:23:17.358  3472  3496 I net.osmand: MapRenderRepositories RENDER MAP: Interrupt rendering map
06-29 10:23:17.359  3472 11526 I net.osmand: RouteProvider Start finding route from Location[mProvider=gps,mTime=1561818197000,mLatitude=-7.589195000000001,mLongitude=-37.541068333333335,mHasAltitude=false,mAltitude=0.0,mHasSpeed=true,mSpeed=0.0,mHasBearing=true,mBearing=0.0,mHasAccuracy=true,mAccuracy=20.0 to Lat -7.233883 Lon -35.915974 using OsmAnd (offline)
06-29 10:23:17.359  3472 11526 W net.osmand: RouteProvider Use 348 MB Free 5.3869247 of 22.853027 max 384.0
06-29 10:23:17.367  3472  6476 D net.osmand: AbstractPrologCommandPlayer abandonAudioFocus
06-29 10:23:17.367  3472  6476 D net.osmand: TTSCommandPlayerImpl ttsRequests=-1
06-29 10:23:17.388  3472  3472 I net.osmand: RoutingHelper Recalculate route, because correlation  : 183551.5394134049
06-29 10:23:17.401  3472  3496 I net.osmand: MapRenderRepositories RENDER MAP: update due to tile box
06-29 10:23:17.401  3472  3496 I net.osmand: MapRenderRepositories RENDER MAP: Interrupt rendering map
06-29 10:23:17.428  3472  3496 I net.osmand: MapRenderRepositories RENDER MAP: update due to tile box
06-29 10:23:17.428  3472  3496 I net.osmand: MapRenderRepositories RENDER MAP: Interrupt rendering map
06-29 10:23:17.582  1600  2206 I WifiService: getConnectionInfo uid=10014
06-29 10:23:17.620  1964 11245 I GCoreUlr: WorldUpdater:android.location.PROVIDERS_CHANGED: Ensuring that reporting is stopped because of reasons: {account#8#=[InactiveReason{mIdentifier=6, mName='ReportingNotEnabled'}, InactiveReason{mIdentifier=14, mName='HistoryNotEnabled'}]}
06-29 10:23:17.623  3472  3472 I net.osmand: RoutingHelper Recalculate route, because correlation  : 183551.5394134049
06-29 10:23:17.623  3472  3472 I net.osmand: RoutingHelper Recalculate route, because wrong movement direction: 183551.55
06-29 10:23:17.631  3472  3496 I net.osmand: MapRenderRepositories RENDER MAP: update due to tile box
06-29 10:23:17.631  3472  3496 I net.osmand: MapRenderRepositories RENDER MAP: Interrupt rendering map
06-29 10:23:17.737  3472  3496 I net.osmand: MapRenderRepositories RENDER MAP: update due to tile box
06-29 10:23:17.739  3472  3496 I net.osmand: MapRenderRepositories RENDER MAP: Interrupt rendering map
06-29 10:23:17.740  3472  3472 I net.osmand: RoutingHelper Recalculate route, because correlation  : 183551.5394134049
06-29 10:23:17.774  3472  3496 I net.osmand: MapRenderRepositories RENDER MAP: update due to tile box
06-29 10:23:17.774  3472  3496 I net.osmand: MapRenderRepositories RENDER MAP: Interrupt rendering map
06-29 10:23:17.788  3472  3496 I net.osmand: MapRenderRepositories RENDER MAP: update due to tile box
06-29 10:23:17.788  3472  3496 I net.osmand: MapRenderRepositories RENDER MAP: Interrupt rendering map
06-29 10:23:17.848  1964 11245 I GCoreUlr: Unbound from all signal providers.
06-29 10:23:17.857  1964 11421 I GCoreUlr: Successfully accounts update
06-29 10:23:17.958  1600  2369 I WifiService: getConnectionInfo uid=10014
06-29 10:23:18.012  1964 11245 I GCoreUlr: DispatchingService ignoring Intent { act=android.net.wifi.WIFI_STATE_CHANGED flg=0x4000010 (has extras) } because ULR inactive
06-29 10:23:18.041  1964  1964 I GCoreUlr: Unbound from all signal providers.
06-29 10:23:18.041  1964  1964 I GCoreUlr: Stopping handler for UlrDispSvcFast
06-29 10:23:18.042  1964 11421 I GCoreUlr: Successfully accounts update
06-29 10:23:18.049  3472  3495 I net.osmand: MapRenderRepositories RENDER MAP: new request RotatedTileBox [lat=-7.589195000000001, lon=-37.541068333333335, rotate=0.0, density=2.625, zoom=17, mapDensity=3.9375, zoomAnimation=0.0, zoomFloatPart=0.0, cx=900, cy=1972, pixWidth=1800, pixHeight=2690]
06-29 10:23:18.168  3472  3472 I net.osmand: RoutingHelper Recalculate route, because correlation  : 183551.5394134049
06-29 10:23:18.179  1600  1792 I WifiService: getConnectionInfo uid=10014
06-29 10:23:18.298  3472  3495 I net.osmand:native: Route objects 61
06-29 10:23:18.298  3472  3495 I net.osmand:native: Ocean: no completed & incompleted coastlines 0
06-29 10:23:18.299  3472  3495 I net.osmand:native: Detailed coastlines = 0, basemap coastlines 0, ocean tile 0.000000. Detailed added 0, basemap processed 1, basemap added 0.
06-29 10:23:18.299  3472  3495 I net.osmand:native: Search : tree - read( 413), accept( 30), objs - visit( 2206), accept(73), in result(61) 
06-29 10:23:18.345  3472  3495 I net.osmand: MapRenderRepositories BLat=-7.591496849060059, TLat=-7.583494758605957, LLong=-37.543521881103516, RLong=-37.53861999511719, zoom=17
06-29 10:23:18.345  3472  3495 I net.osmand: MapRenderRepositories Native search: 292 ms 
06-29 10:23:18.367  3472  3495 I net.osmand:native: Creating SkBitmap in native w:1800 h:2690 s:7200 f:1!
06-29 10:23:18.368  3472  3495 I net.osmand:native: Row bytes for RGBA_8888 is 7200
06-29 10:23:18.368  3472  3495 I net.osmand:native: Locked 19368000 bytes at 0x78300000
06-29 10:23:18.368  3472  3495 I net.osmand:native: Initializing rendering
06-29 10:23:18.388  3472  3472 I net.osmand: RoutingHelper Recalculate route, because correlation  : 183551.5394134049
06-29 10:23:18.388  3472  3472 I net.osmand: RoutingHelper Recalculate route, because wrong movement direction: 183551.55
06-29 10:23:18.402  3472  3495 I net.osmand:native: Rendering image
06-29 10:23:18.528  1390  2659 W audio_hw_generic: Not supplying enough data to HAL, expected position 37760438 , only wrote 37760400
06-29 10:23:18.529  1390  2659 W audio_hw_generic: Not supplying enough data to HAL, expected position 37760469 , only wrote 37760400
06-29 10:23:18.547  1390  2659 W audio_hw_generic: Not supplying enough data to HAL, expected position 37761240 , only wrote 37761120
06-29 10:23:18.663  3472 11526 I net.osmand:native: Start point was found 25957428647 [Native]
06-29 10:23:18.677  3472 11526 I net.osmand:native: End point was found 1886269277 [Native]
06-29 10:23:18.704  1406  1406 I boot-pipe: done populating /dev/random
06-29 10:23:18.763  1390  2659 W audio_hw_generic: Not supplying enough data to HAL, expected position 37771492 , only wrote 37771200
06-29 10:23:18.764  1390  2659 W audio_hw_generic: Not supplying enough data to HAL, expected position 37771269 , only wrote 37771200
06-29 10:23:18.780  1390  2659 W audio_hw_generic: Not supplying enough data to HAL, expected position 37771942 , only wrote 37771920
06-29 10:23:18.836  3472  3495 I net.osmand:native: Native ok (rendering 0, text 233 ms) 
06-29 10:23:18.836  3472  3495 I net.osmand:native:  (574 points, 320 points inside, 122 of 128 objects visible)
06-29 10:23:18.836  3472  3495 I net.osmand:native: End Rendering image
06-29 10:23:18.836  3472  3495 I net.osmand:native: Native ok (init 34, rendering 0) 
06-29 10:23:18.837  3472  3495 I net.osmand: MapRenderRepositories true
06-29 10:23:18.845  3472  3472 I net.osmand: RoutingHelper Recalculate route, because correlation  : 183551.5394134049
06-29 10:23:18.846  3472  3472 I net.osmand: RoutingHelper Recalculate route, because wrong movement direction: 183551.55
06-29 10:23:18.901  3472  3472 I net.osmand: RoutingHelper Recalculate route, because correlation  : 183551.5394134049
06-29 10:23:19.031  3472  3472 I net.osmand: RoutingHelper Recalculate route, because correlation  : 183551.5394134049
06-29 10:23:19.031  3472  3472 I net.osmand: RoutingHelper Recalculate route, because wrong movement direction: 183551.55
06-29 10:23:19.061  3472  3472 I net.osmand: RoutingHelper Recalculate route, because correlation  : 183551.5394134049
06-29 10:23:19.966  3472  3472 I chatty  : uid=10104(net.osmand) identical 1 line
06-29 10:23:19.971  3472  3472 I net.osmand: RoutingHelper Recalculate route, because correlation  : 183551.5394134049
06-29 10:23:19.972  3472  3472 I net.osmand: RoutingHelper Recalculate route, because wrong movement direction: 183551.55
06-29 10:23:19.985  1964  1964 I GeofencerStateMachine: sendNewTransitions called.
06-29 10:23:20.174  3472  3472 I net.osmand: RoutingHelper Recalculate route, because correlation  : 183551.5394134049
06-29 10:23:20.175  3472  3472 I net.osmand: RoutingHelper Recalculate route, because wrong movement direction: 183551.55
06-29 10:23:20.184  3472  3472 I net.osmand: RoutingHelper Recalculate route, because correlation  : 183551.5394134049
06-29 10:23:20.400  1390  1562 W audio_hw_generic: Not supplying enough data to HAL, expected position 37926357 , only wrote 37849680
06-29 10:23:20.469  1964  2470 W ResourceType: ResTable_typeSpec entry count inconsistent: given 15, previously 22
06-29 10:23:20.874  3472 11526 W net.osmand:native: [Native] Result visited (visited roads 9419, visited segments 2493 / 8991 , queue sizes 30 / 98 ) 
06-29 10:23:20.874  3472 11526 W net.osmand:native: [Native] Result timing (time to load 0, time to calc 2196, loaded tiles 132) 
06-29 10:23:20.874  3472 11526 W net.osmand:native: [Native] Memory occupied (Routing context 3640 Kb, search 180 Kb)
06-29 10:23:20.890  3472 11526 I net.osmand:native: Routing calculated time distance 11207.020508
06-29 10:23:20.978  3472 11526 I net.osmand: RoutePlannerFrontEnd Native routing took 2.362 seconds
06-29 10:23:20.981  3472  3472 I net.osmand: RoutingHelper Recalculate route, because correlation  : 183551.5394134049
06-29 10:23:20.981  3472  3472 I net.osmand: RoutingHelper Recalculate route, because wrong movement direction: 183551.55
06-29 10:23:21.012  3472 11526 I System.out: ROUTE : 
06-29 10:23:21.013  3472 11526 I net.osmand: RouteResultPreparation <test regions="" description="" best_percent="" vehicle="car" 
06-29 10:23:21.013  3472 11526 I net.osmand:   start_lat="-7.58920" start_lon="-37.54107" target_lat="-7.23388" target_lon="-35.91597"  routing_time="11207.02" loadedTiles="132" visitedSegments="9419" complete_distance="242478.47" complete_time="11513.38" >
06-29 10:23:21.013  3472 11526 I System.out: <test regions="" description="" best_percent="" vehicle="car" 
06-29 10:23:21.013  3472 11526 I System.out:   start_lat="-7.58920" start_lon="-37.54107" target_lat="-7.23388" target_lon="-35.91597"  routing_time="11207.02" loadedTiles="132" visitedSegments="9419" complete_distance="242478.47" complete_time="11513.38" >
06-29 10:23:21.013  3472 11526 I System.out: </test>
06-29 10:23:21.014  3472 11526 I System.out: <test regions="" description="" best_percent="" vehicle="car" 
06-29 10:23:21.014  3472 11526 I System.out:   start_lat="-7.58920" start_lon="-37.54107" target_lat="-7.23388" target_lon="-35.91597"  routing_time="11207.02" loadedTiles="132" visitedSegments="9419" complete_distance="242478.47" complete_time="11513.38" >
06-29 10:23:21.046  3472 11526 I net.osmand:native: Start point was found 25957571909 [Native]
06-29 10:23:21.080  3472  3472 I net.osmand: RoutingHelper Recalculate route, because correlation  : 183551.5394134049
06-29 10:23:21.115  3472 11526 I net.osmand:native: End point was found 1886269277 [Native]
06-29 10:23:21.211  3472  3477 I zygote  : Do full code cache collection, code=1513KB, data=1059KB
06-29 10:23:21.239  3472  3477 I zygote  : After code cache collection, code=1482KB, data=980KB
06-29 10:23:21.364  3472  3482 I zygote  : Background concurrent copying GC freed 103244(4MB) AllocSpace objects, 15(300KB) LOS objects, 24% free, 18MB/24MB, paused 846us total 435.227ms
06-29 10:23:21.439  3472  3472 I net.osmand: RoutingHelper Recalculate route, because correlation  : 183551.5394134049
06-29 10:23:21.440  3472  3472 I net.osmand: RoutingHelper Recalculate route, because wrong movement direction: 183551.55
06-29 10:23:21.462  3472  3472 I net.osmand: RoutingHelper Recalculate route, because correlation  : 183551.5394134049
06-29 10:23:21.965  3472  3472 I net.osmand: RoutingHelper Recalculate route, because correlation  : 183551.5394134049
06-29 10:23:21.965  3472  3472 I net.osmand: RoutingHelper Recalculate route, because wrong movement direction: 183551.55
06-29 10:23:21.992  3472  3472 I net.osmand: RoutingHelper Recalculate route, because correlation  : 183551.5394134049
06-29 10:23:22.382  1600  1674 W AlarmManager: Unrecognized alarm listener com.android.server.wifi.WifiConfigStore$1@fa13445
06-29 10:23:22.396  1600  2369 I WifiService: acquireWifiLock uid=10014 lockMode=2
06-29 10:23:22.397  1600  1674 D WifiConfigStore: Writing to stores completed in 14 ms.
06-29 10:23:22.451  1600  2662 I WifiService: releaseWifiLock uid=10014
06-29 10:23:22.665  3472  3472 I net.osmand: RoutingHelper Recalculate route, because correlation  : 183551.5394134049
06-29 10:23:22.666  3472  3472 I net.osmand: RoutingHelper Recalculate route, because wrong movement direction: 183551.55
06-29 10:23:22.689  3472  3472 I net.osmand: RoutingHelper Recalculate route, because correlation  : 183551.5394134049
06-29 10:23:22.970  3472  3472 I chatty  : uid=10104(net.osmand) identical 1 line
06-29 10:23:22.998  3472  3472 I net.osmand: RoutingHelper Recalculate route, because correlation  : 183551.5394134049
06-29 10:23:22.998  3472  3472 I net.osmand: RoutingHelper Recalculate route, because wrong movement direction: 183551.55
06-29 10:23:23.147  1600  1613 E memtrack: Couldn't load memtrack module
06-29 10:23:23.147  1600  1613 W android.os.Debug: failed to get memory consumption info: -1
06-29 10:23:23.983  3472  3472 I net.osmand: RoutingHelper Recalculate route, because correlation  : 183551.5394134049
06-29 10:23:23.983  3472  3472 I net.osmand: RoutingHelper Recalculate route, because wrong movement direction: 183551.55
06-29 10:23:23.996  3472  3472 I net.osmand: RoutingHelper Recalculate route, because correlation  : 183551.5394134049
06-29 10:23:23.996  3472  3472 I net.osmand: RoutingHelper Recalculate route, because wrong movement direction: 183551.55
06-29 10:23:24.097  3472  3472 I net.osmand: RoutingHelper Recalculate route, because correlation  : 183551.5394134049
06-29 10:23:24.166  3472  3472 I chatty  : uid=10104(net.osmand) identical 1 line
06-29 10:23:24.968  3472  3472 I net.osmand: RoutingHelper Recalculate route, because correlation  : 183551.5394134049
06-29 10:23:24.968  3472  3472 I net.osmand: RoutingHelper Recalculate route, because wrong movement direction: 183551.55
06-29 10:23:25.042  3472  3472 I net.osmand: RoutingHelper Recalculate route, because correlation  : 183551.5394134049
06-29 10:23:25.301  3472  3472 I net.osmand: RoutingHelper Recalculate route, because correlation  : 183551.5394134049
06-29 10:23:25.301  3472  3472 I net.osmand: RoutingHelper Recalculate route, because wrong movement direction: 183551.55
06-29 10:23:25.362  3472  3472 I net.osmand: RoutingHelper Recalculate route, because correlation  : 183551.5394134049
06-29 10:23:25.968  3472  3472 I net.osmand: RoutingHelper Recalculate route, because correlation  : 183551.5394134049
06-29 10:23:25.968  3472  3472 I net.osmand: RoutingHelper Recalculate route, because wrong movement direction: 183551.55
06-29 10:23:26.024  3472  3472 I net.osmand: RoutingHelper Recalculate route, because correlation  : 183551.5394134049
06-29 10:23:26.680  3472  3472 I net.osmand: RoutingHelper Recalculate route, because correlation  : 183551.5394134049
06-29 10:23:26.681  3472  3472 I net.osmand: RoutingHelper Recalculate route, because wrong movement direction: 183551.55
06-29 10:23:26.691  3472  3472 I net.osmand: RoutingHelper Recalculate route, because correlation  : 183551.5394134049
06-29 10:23:26.973  3472  3472 I net.osmand: RoutingHelper Recalculate route, because correlation  : 183551.5394134049
06-29 10:23:26.973  3472  3472 I net.osmand: RoutingHelper Recalculate route, because wrong movement direction: 183551.55
06-29 10:23:27.048  3472  3472 I net.osmand: RoutingHelper Recalculate route, because correlation  : 183551.5394134049
06-29 10:23:27.911  3472  3472 I net.osmand: RoutingHelper Recalculate route, because correlation  : 183551.5394134049
06-29 10:23:27.912  3472  3472 I net.osmand: RoutingHelper Recalculate route, because wrong movement direction: 183551.55
06-29 10:23:27.914  3472  3472 I net.osmand: RoutingHelper Recalculate route, because correlation  : 183551.5394134049
06-29 10:23:28.027  3472  3472 I net.osmand: RoutingHelper Recalculate route, because correlation  : 183551.5394134049
06-29 10:23:28.028  3472  3472 I net.osmand: RoutingHelper Recalculate route, because wrong movement direction: 183551.55
06-29 10:23:28.041  3472  3472 I net.osmand: RoutingHelper Recalculate route, because correlation  : 183551.5394134049
06-29 10:23:28.977  3472  3472 I net.osmand: RoutingHelper Recalculate route, because correlation  : 183551.5394134049
06-29 10:23:28.978  3472  3472 I net.osmand: RoutingHelper Recalculate route, because wrong movement direction: 183551.55
06-29 10:23:29.034  3472  3472 I net.osmand: RoutingHelper Recalculate route, because correlation  : 183551.5394134049
06-29 10:23:29.322  3472  3472 I net.osmand: RoutingHelper Recalculate route, because correlation  : 183551.5394134049
06-29 10:23:29.322  3472  3472 I net.osmand: RoutingHelper Recalculate route, because wrong movement direction: 183551.55
06-29 10:23:29.343  3472  3472 I net.osmand: RoutingHelper Recalculate route, because correlation  : 183551.5394134049
06-29 10:23:29.985  3472  3472 I net.osmand: RoutingHelper Recalculate route, because correlation  : 183551.5394134049
06-29 10:23:29.985  3472  3472 I net.osmand: RoutingHelper Recalculate route, because wrong movement direction: 183551.55
06-29 10:23:30.067  3472  3472 I net.osmand: RoutingHelper Recalculate route, because correlation  : 183551.5394134049
06-29 10:23:30.615  3472  3472 I chatty  : uid=10104(net.osmand) identical 1 line
06-29 10:23:30.626  3472  3472 I net.osmand: RoutingHelper Recalculate route, because correlation  : 183551.5394134049
06-29 10:23:30.626  3472  3472 I net.osmand: RoutingHelper Recalculate route, because wrong movement direction: 183551.55
06-29 10:23:30.974  3472  3472 I net.osmand: RoutingHelper Recalculate route, because correlation  : 183551.5394134049
06-29 10:23:30.974  3472  3472 I net.osmand: RoutingHelper Recalculate route, because wrong movement direction: 183551.55
06-29 10:23:31.003  3472  3472 I net.osmand: RoutingHelper Recalculate route, because correlation  : 183551.5394134049
06-29 10:23:31.983  3472  3472 I net.osmand: RoutingHelper Recalculate route, because correlation  : 183551.5394134049
06-29 10:23:31.984  3472  3472 I net.osmand: RoutingHelper Recalculate route, because wrong movement direction: 183551.55
06-29 10:23:32.009  3472  3472 I net.osmand: RoutingHelper Recalculate route, because correlation  : 183551.5394134049
06-29 10:23:32.017  3472  3472 I net.osmand: RoutingHelper Recalculate route, because correlation  : 183551.5394134049
06-29 10:23:32.017  3472  3472 I net.osmand: RoutingHelper Recalculate route, because wrong movement direction: 183551.55
06-29 10:23:32.025  3472  3472 I net.osmand: RoutingHelper Recalculate route, because correlation  : 183551.5394134049
06-29 10:23:32.343  1964  1964 I GeofencerStateMachine: sendQueryLocationOptIn
06-29 10:23:32.373  1600  1613 I GnssLocationProvider: WakeLock acquired by sendMessage(ENABLE, 0, null)
06-29 10:23:32.374  1600  1614 W BroadcastQueue: Background execution not allowed: receiving Intent { act=android.location.PROVIDERS_CHANGED flg=0x10 } to com.google.android.apps.maps/com.google.android.apps.gmm.locationsharing.usr.LocationAvailabilityChecker$LocationProvidersChangedBroadcastReceiver
06-29 10:23:32.375  1600  1614 W BroadcastQueue: Background execution not allowed: receiving Intent { act=android.location.PROVIDERS_CHANGED flg=0x10 } to com.google.android.gms/com.google.android.location.internal.NlpNetworkProviderSettingsUpdateReceiver
06-29 10:23:32.375  1600  1614 W BroadcastQueue: Background execution not allowed: receiving Intent { act=android.location.PROVIDERS_CHANGED flg=0x10 } to com.google.android.gms/.chimera.GmsIntentOperationService$PersistentTrustedReceiver
06-29 10:23:32.375  1600  1614 W BroadcastQueue: Background execution not allowed: receiving Intent { act=android.location.PROVIDERS_CHANGED flg=0x10 } to com.google.android.googlequicksearchbox/com.google.android.apps.gsa.broadcastreceiver.external.ExternalCommonBroadcastReceiver
06-29 10:23:32.382  1600  1614 W BroadcastQueue: Background execution not allowed: receiving Intent { act=android.location.MODE_CHANGED flg=0x10 } to com.google.android.apps.maps/com.google.android.apps.gmm.locationsharing.usr.LocationAvailabilityChecker$LocationProvidersChangedBroadcastReceiver
06-29 10:23:32.382  1600  1614 W BroadcastQueue: Background execution not allowed: receiving Intent { act=android.location.MODE_CHANGED flg=0x10 } to com.google.android.gms/.chimera.GmsIntentOperationService$PersistentTrustedReceiver
06-29 10:23:32.386  1964  2456 I GeofencerStateMachine: GPS disabled.
06-29 10:23:32.392  1600  1600 D GpsNetInitiatedHandler: location enabled :false
06-29 10:23:32.425  1600  1613 E memtrack: Couldn't load memtrack module
06-29 10:23:32.427  1600  1613 W android.os.Debug: failed to get memory consumption info: -1
06-29 10:23:32.430  1398  1398 D gralloc_ranchu: gralloc_alloc: Creating ashmem region of size 724992
06-29 10:23:32.436  1398  1434 D gralloc_ranchu: gralloc_alloc: Creating ashmem region of size 724992
06-29 10:23:32.442  1398  1398 D gralloc_ranchu: gralloc_alloc: Creating ashmem region of size 724992
06-29 10:23:32.480  3472  3540 D EGL_emulation: eglMakeCurrent: 0x9e4043c0: ver 2 0 (tinfo 0x9e403290)
06-29 10:23:32.506  1600  2369 W ActivityManager: Unable to start service Intent { act=com.google.android.gms.nearby.discovery:ACTION_PERMISSION_CHANGE cmp=com.google.android.gms/.nearby.discovery.service.DiscoveryService } U=0: not found
06-29 10:23:32.508  1964 11533 I GCoreUlr: Starting service, intent=Intent { act=com.google.android.location.reporting.ACTION_UPDATE_WORLD cmp=com.google.android.gms/com.google.android.location.reporting.service.DispatchingService (has extras) }, extras=Bundle[{receiverAction=android.location.PROVIDERS_CHANGED}]
06-29 10:23:32.574  3472  3540 D EGL_emulation: eglMakeCurrent: 0x9e4043c0: ver 2 0 (tinfo 0x9e403290)
06-29 10:23:32.676  1964  1964 E BluetoothAdapter: Bluetooth binder is null
06-29 10:23:32.797  1964 11116 I GCoreUlr: WorldUpdater received intent Intent { act=com.google.android.location.reporting.ACTION_UPDATE_WORLD cmp=com.google.android.gms/com.google.android.location.reporting.service.DispatchingService (has extras) } with receiverAction android.location.PROVIDERS_CHANGED
06-29 10:23:32.850  1600  1613 E memtrack: Couldn't load memtrack module
06-29 10:23:32.850  1600  1613 W android.os.Debug: failed to get memory consumption info: -1
06-29 10:23:32.927  1964 11116 I GCoreUlr: WorldUpdater:android.location.PROVIDERS_CHANGED: Ensuring that reporting is stopped because of reasons: {account#8#=[InactiveReason{mIdentifier=6, mName='ReportingNotEnabled'}, InactiveReason{mIdentifier=14, mName='HistoryNotEnabled'}]}
06-29 10:23:32.984  1964 11116 I GCoreUlr: Unbound from all signal providers.
06-29 10:23:32.986  1964 11421 I GCoreUlr: Successfully accounts update
06-29 10:23:33.105  1964  1964 I GCoreUlr: Unbound from all signal providers.
06-29 10:23:33.105  1964  1964 I GCoreUlr: Stopping handler for UlrDispSvcFast
06-29 10:23:33.108  1964 11421 I GCoreUlr: Successfully accounts update
06-29 10:23:33.144  1600  1609 I zygote  : Background concurrent copying GC freed 57794(2MB) AllocSpace objects, 21(932KB) LOS objects, 30% free, 13MB/19MB, paused 3.857ms total 753.931ms
06-29 10:23:33.148  1964 11116 I GCoreUlr: DispatchingService ignoring Intent { act=android.net.wifi.WIFI_STATE_CHANGED flg=0x4000010 (has extras) } because ULR inactive
06-29 10:23:33.221  1600  1613 I GnssLocationProvider: WakeLock released by handleMessage(ENABLE, 0, null)
06-29 10:23:33.990  3472 11526 W net.osmand:native: [Native] Result visited (visited roads 18176, visited segments 6747 / 30055 , queue sizes 653 / 3771 ) 
06-29 10:23:33.990  3472 11526 W net.osmand:native: [Native] Result timing (time to load 0, time to calc 12874, loaded tiles 251) 
06-29 10:23:33.990  3472 11526 W net.osmand:native: [Native] Memory occupied (Routing context 11989 Kb, search 609 Kb)
06-29 10:23:34.048  3472 11526 I net.osmand:native: Routing calculated time distance 11367.353516
06-29 10:23:34.636  3472 11526 I net.osmand: RoutePlannerFrontEnd Native routing took 13.614 seconds
06-29 10:23:34.681  1600  1617 E BatteryExternalStatsWorker: modem info is invalid: ModemActivityInfo{ mTimestamp=0 mSleepTimeMs=0 mIdleTimeMs=0 mTxTimeMs[]=[0, 0, 0, 0, 0] mRxTimeMs=0 mEnergyUsed=0}
06-29 10:23:34.720  3472 11526 I System.out: ROUTE : 
06-29 10:23:34.723  3472 11526 I net.osmand: RouteResultPreparation <test regions="" description="" best_percent="" vehicle="car" 
06-29 10:23:34.723  3472 11526 I net.osmand:   start_lat="-7.58920" start_lon="-37.54107" target_lat="-7.23388" target_lon="-35.91597"  routing_time="11367.35" loadedTiles="251" visitedSegments="18176" complete_distance="243094.42" complete_time="11619.12" >
06-29 10:23:34.724  3472 11526 I System.out: <test regions="" description="" best_percent="" vehicle="car" 
06-29 10:23:34.724  3472 11526 I System.out:   start_lat="-7.58920" start_lon="-37.54107" target_lat="-7.23388" target_lon="-35.91597"  routing_time="11367.35" loadedTiles="251" visitedSegments="18176" complete_distance="243094.42" complete_time="11619.12" >
06-29 10:23:34.725  3472 11526 I System.out: </test>
06-29 10:23:34.725  3472 11526 I System.out: <test regions="" description="" best_percent="" vehicle="car" 
06-29 10:23:34.725  3472 11526 I System.out:   start_lat="-7.58920" start_lon="-37.54107" target_lat="-7.23388" target_lon="-35.91597"  routing_time="11367.35" loadedTiles="251" visitedSegments="18176" complete_distance="243094.42" complete_time="11619.12" >
06-29 10:23:34.776  3472 11526 I net.osmand: RouteProvider Finding route contained 1352 points for 17418 ms
06-29 10:23:34.784  3472 11526 I net.osmand: TTSCommandPlayerImpl Send message to pebble Rota recalculada 243 quilmetros tempo estimado de  3 horas  13 minutos.  
06-29 10:23:34.784  3472 11526 D net.osmand: AbstractPrologCommandPlayer requestAudioFocus
06-29 10:23:34.784  3472 11526 W AudioManager: Use of stream types is deprecated for operations other than volume control
06-29 10:23:34.784  3472 11526 W AudioManager: See the documentation of requestAudioFocus() for what to use instead with android.media.AudioAttributes to qualify your playback use case
06-29 10:23:34.785  1600  6200 I MediaFocusControl: requestAudioFocus() from uid/pid 10104/3472 clientId=android.media.AudioManager@d05fab5net.osmand.plus.api.AudioFocusHelperImpl@81cd16b callingPack=net.osmand req=3 flags=0x0 sdk=26
06-29 10:23:34.785  3472 11526 D net.osmand: TTSCommandPlayerImpl ttsRequests=1
06-29 10:23:34.788  5191  5280 I TTS.GoogleTTSServiceImp: Synthesis request for locale por-BRA and name pt-BR-language
06-29 10:23:34.790  5191  5280 I TTS.GoogleTTSServiceImp: TTS dispatch: pt-br-x-afs-lstm-embedded
06-29 10:23:34.804  5191  5294 D AudioTrack: Client defaulted notificationFrames to 1365 for frameCount 4096
06-29 10:23:34.809  1600  2369 V MediaRouterService: restoreBluetoothA2dp(false)
06-29 10:23:34.825  1390  2659 W audio_hw_generic: Not supplying enough data to HAL, expected position 37849830 , only wrote 37849680
06-29 10:23:35.281  1600  1613 E memtrack: Couldn't load memtrack module
06-29 10:23:35.281  1600  1613 W android.os.Debug: failed to get memory consumption info: -1
06-29 10:23:35.378  1600  1613 E memtrack: Couldn't load memtrack module
06-29 10:23:35.378  1600  1613 W android.os.Debug: failed to get memory consumption info: -1
06-29 10:23:35.450  1600  1613 E memtrack: Couldn't load memtrack module
06-29 10:23:35.450  1600  1613 W android.os.Debug: failed to get memory consumption info: -1
06-29 10:23:35.520  1600  1613 E memtrack: Couldn't load memtrack module
06-29 10:23:35.520  1600  1613 W android.os.Debug: failed to get memory consumption info: -1
06-29 10:23:35.881  1600  1600 W WindowManager: removeWindowToken: Attempted to remove non-existing token: android.os.Binder@5bbcfbc
06-29 10:23:35.889  1399  1414 D hwcomposer: hw_composer sent 132 syncs in 68s
06-29 10:23:36.244  1600  1678 D ConnectivityService: handleLingerComplete for NetworkAgentInfo [MOBILE (LTE) - 100]
06-29 10:23:38.511  1473  1561 D AudioFlinger: mixer(0xa6c83380) throttle end: throttle time(12)
06-29 10:23:39.709  1473  1561 D AudioFlinger: mixer(0xa6c83380) throttle end: throttle time(5)
06-29 10:23:40.926  1390  2659 W audio_hw_generic: Not supplying enough data to HAL, expected position 38142533 , only wrote 38141280
06-29 10:23:40.927  1390  2659 W audio_hw_generic: Not supplying enough data to HAL, expected position 38141306 , only wrote 38141280
06-29 10:23:40.959  1473  1561 D AudioFlinger: mixer(0xa6c83380) throttle end: throttle time(12)
06-29 10:23:40.960  1390  2659 W audio_hw_generic: Not supplying enough data to HAL, expected position 38142879 , only wrote 38142000
06-29 10:23:40.998  1473  1561 D AudioFlinger: mixer(0xa6c83380) throttle end: throttle time(8)
06-29 10:23:41.622  3472  3482 I zygote  : Background concurrent copying GC freed 142987(5MB) AllocSpace objects, 0(0B) LOS objects, 24% free, 18MB/24MB, paused 909us total 177.341ms
06-29 10:23:42.257  5191  5294 D AudioTrack: stop() called with 161370 frames delivered
06-29 10:23:42.259  1600  5707 V MediaRouterService: restoreBluetoothA2dp(false)
06-29 10:23:42.264  3472  3546 D net.osmand: AbstractPrologCommandPlayer abandonAudioFocus
06-29 10:23:42.265  1600  6200 I MediaFocusControl: abandonAudioFocus() from uid/pid 10104/3472 clientId=android.media.AudioManager@d05fab5net.osmand.plus.api.AudioFocusHelperImpl@81cd16b
06-29 10:23:42.265  3472  3546 D net.osmand: TTSCommandPlayerImpl ttsRequests=0
06-29 10:23:42.405  1600  5707 I WifiService: acquireWifiLock uid=10014 lockMode=2
06-29 10:23:45.267  1390  1562 W audio_hw_generic: Not supplying enough data to HAL, expected position 38554808 , only wrote 38348640
06-29 10:23:45.380  1600  2369 D WificondControl: Scan result ready event
06-29 10:23:45.429  1600  6200 I WifiService: releaseWifiLock uid=10014
06-29 10:23:46.287  1600  1617 E BatteryExternalStatsWorker: modem info is invalid: ModemActivityInfo{ mTimestamp=0 mSleepTimeMs=0 mIdleTimeMs=0 mTxTimeMs[]=[0, 0, 0, 0, 0] mRxTimeMs=0 mEnergyUsed=0}
06-29 10:23:47.913  1600  6200 I WifiService: getConnectionInfo uid=10014
06-29 10:23:48.022  1964  2457 I GeofencerStateMachine: addGeofences called by com.google.android.apps.maps
06-29 10:23:48.095  1600  2369 I WifiService: getWifiEnabledState uid=10062
06-29 10:23:50.027  3472  3472 I net.osmand: TTSCommandPlayerImpl Send message to pebble sem sinal g p s 
06-29 10:23:50.027  3472  3472 D net.osmand: AbstractPrologCommandPlayer requestAudioFocus
06-29 10:23:50.027  3472  3472 W AudioManager: Use of stream types is deprecated for operations other than volume control
06-29 10:23:50.027  3472  3472 W AudioManager: See the documentation of requestAudioFocus() for what to use instead with android.media.AudioAttributes to qualify your playback use case
06-29 10:23:50.028  1600  2369 I MediaFocusControl: requestAudioFocus() from uid/pid 10104/3472 clientId=android.media.AudioManager@d05fab5net.osmand.plus.api.AudioFocusHelperImpl@4b99574 callingPack=net.osmand req=3 flags=0x0 sdk=26
06-29 10:23:50.031  3472  3472 D net.osmand: TTSCommandPlayerImpl ttsRequests=1
06-29 10:23:50.033  5191  5280 I TTS.GoogleTTSServiceImp: Synthesis request for locale por-BRA and name pt-BR-language
06-29 10:23:50.035  5191  5280 I TTS.GoogleTTSServiceImp: TTS dispatch: pt-br-x-afs-lstm-embedded
06-29 10:23:50.047  5191  5294 D AudioTrack: Client defaulted notificationFrames to 1365 for frameCount 4096
06-29 10:23:50.057  1600  2369 V MediaRouterService: restoreBluetoothA2dp(false)
06-29 10:23:50.064  1390  2659 W audio_hw_generic: Not supplying enough data to HAL, expected position 38348846 , only wrote 38348640
06-29 10:23:52.160  5191  5294 D AudioTrack: stop() called with 44330 frames delivered
06-29 10:23:52.163  3472  3483 D net.osmand: AbstractPrologCommandPlayer abandonAudioFocus
06-29 10:23:52.165  1600  1792 I MediaFocusControl: abandonAudioFocus() from uid/pid 10104/3472 clientId=android.media.AudioManager@d05fab5net.osmand.plus.api.AudioFocusHelperImpl@4b99574
06-29 10:23:52.166  3472  3483 D net.osmand: TTSCommandPlayerImpl ttsRequests=0
06-29 10:23:55.180  1390  1562 W audio_hw_generic: Not supplying enough data to HAL, expected position 38838949 , only wrote 38594160
06-29 10:24:02.923  1600  1617 I WifiService: requestActivityInfo uid=1000
06-29 10:24:02.923  1600  1617 I WifiService: reportActivityInfo uid=1000
06-29 10:24:02.923  1600  1617 I WifiService: getSupportedFeatures uid=1000
06-29 10:24:03.427  1600  2662 I WifiService: acquireWifiLock uid=10014 lockMode=2
06-29 10:24:03.475  1964  1964 I GeofencerStateMachine: sendNewTransitions called.
06-29 10:24:03.489  1600  6200 I WifiService: releaseWifiLock uid=10014
06-29 10:24:08.280  1600  1617 I WifiService: requestActivityInfo uid=1000
06-29 10:24:08.280  1600  1617 I WifiService: reportActivityInfo uid=1000
06-29 10:24:08.280  1600  1617 I WifiService: getSupportedFeatures uid=1000
06-29 10:24:18.577  1600  1613 E memtrack: Couldn't load memtrack module
06-29 10:24:18.577  1600  1613 W android.os.Debug: failed to get memory consumption info: -1
06-29 10:24:18.631  1600  1613 E memtrack: Couldn't load memtrack module
06-29 10:24:18.631  1600  1613 W android.os.Debug: failed to get memory consumption info: -1
06-29 10:24:18.705  1406  1406 I boot-pipe: done populating /dev/random
06-29 10:24:23.437  1600  6200 I WifiService: acquireWifiLock uid=10014 lockMode=2
06-29 10:24:26.402  1600  2369 D WificondControl: Scan result ready event
06-29 10:24:26.441  1600  6200 I WifiService: releaseWifiLock uid=10014
06-29 10:24:38.321  1600  1617 I WifiService: requestActivityInfo uid=1000
06-29 10:24:38.322  1600  1617 I WifiService: reportActivityInfo uid=1000
06-29 10:24:38.322  1600  1617 I WifiService: getSupportedFeatures uid=1000
06-29 10:24:43.447  1600  2369 I WifiService: acquireWifiLock uid=10014 lockMode=2
