07-01 18:15:34.030  2180  2194 I zygote  : Background concurrent copying GC freed 42623(2004KB) AllocSpace objects, 22(1240KB) LOS objects, 36% free, 10MB/16MB, paused 24.133ms total 674.861ms
07-01 18:15:34.144 24280 24302 E GEL_DELAYED_EVENT_DEBUG: Failed delayed event dispatch, no dispatchers.
07-01 18:15:34.145  1394  1575 W audio_hw_generic: Not supplying enough data to HAL, expected position 57700364 , only wrote 57603600
07-01 18:15:34.201 24280 24300 I zygote  : The ClassLoaderContext is a special shared library.
07-01 18:15:34.227 24280 24300 I zygote  : The ClassLoaderContext is a special shared library.
07-01 18:15:34.341  1604  1617 E memtrack: Couldn't load memtrack module
07-01 18:15:34.341  1604  1617 W android.os.Debug: failed to get memory consumption info: -1
07-01 18:15:34.469  1604  4624 I WifiService: getConnectionInfo uid=10079
07-01 18:15:34.469  1604  4624 D WifiPermissionsUtil: Denied: no location permission
07-01 18:15:34.469  1604  4624 D WifiPermissionsUtil: Denied: caller is not the current USE_OPEN_WIFI_PACKAGE
07-01 18:15:34.679  1604  7927 I WifiService: getConnectionInfo uid=10079
07-01 18:15:34.680  1604  7927 D WifiPermissionsUtil: Denied: no location permission
07-01 18:15:34.680  1604  7927 D WifiPermissionsUtil: Denied: caller is not the current USE_OPEN_WIFI_PACKAGE
07-01 18:15:34.767  1604  1618 W BroadcastQueue: Background execution not allowed: receiving Intent { act=android.intent.action.DROPBOX_ENTRY_ADDED flg=0x10 (has extras) } to com.google.android.gms/.stats.service.DropBoxEntryAddedReceiver
07-01 18:15:34.768  1604  1618 W BroadcastQueue: Background execution not allowed: receiving Intent { act=android.intent.action.DROPBOX_ENTRY_ADDED flg=0x10 (has extras) } to com.google.android.gms/.chimera.GmsIntentOperationService$PersistentTrustedReceiver
07-01 18:15:34.963 24280 24300 W zygote  : Unsupported class loader
07-01 18:15:35.278  1604  2058 I WifiService: getConnectionInfo uid=10079
07-01 18:15:35.278  1604  2058 D WifiPermissionsUtil: Denied: no location permission
07-01 18:15:35.278  1604  2058 D WifiPermissionsUtil: Denied: caller is not the current USE_OPEN_WIFI_PACKAGE
07-01 18:15:35.284  1604  2058 I WifiService: getConnectionInfo uid=10079
07-01 18:15:35.284  1604  2058 D WifiPermissionsUtil: Denied: no location permission
07-01 18:15:35.284  1604  2058 D WifiPermissionsUtil: Denied: caller is not the current USE_OPEN_WIFI_PACKAGE
07-01 18:15:35.290 24280 24346 D NetworkSecurityConfig: Using Network Security Config from resource network_security_config debugBuild: false
07-01 18:15:35.371 24280 24300 W zygote  : Skipping duplicate class check due to unsupported classloader
07-01 18:15:35.377 24280 24335 W PrimesInit: Primes instant initialization
07-01 18:15:35.432 24280 24300 I DynamiteModule: Considering local module com.google.android.gms.ads.dynamite:0 and remote module com.google.android.gms.ads.dynamite:20300
07-01 18:15:35.432 24280 24300 I DynamiteModule: Selected remote version of com.google.android.gms.ads.dynamite, version >= 20300
07-01 18:15:35.481  1604  2058 I WifiService: getConnectionInfo uid=10079
07-01 18:15:35.481  1604  2058 D WifiPermissionsUtil: Denied: no location permission
07-01 18:15:35.482  1604  2058 D WifiPermissionsUtil: Denied: caller is not the current USE_OPEN_WIFI_PACKAGE
07-01 18:15:35.507 24280 24374 W Primes  : background initialization
07-01 18:15:35.559  1604  5750 I WifiService: getConnectionInfo uid=10079
07-01 18:15:35.559  1604  5750 D WifiPermissionsUtil: Denied: no location permission
07-01 18:15:35.559  1604  5750 D WifiPermissionsUtil: Denied: caller is not the current USE_OPEN_WIFI_PACKAGE
07-01 18:15:35.589  1604  2058 I WifiService: getConnectionInfo uid=10079
07-01 18:15:35.589  1604  2058 D WifiPermissionsUtil: Denied: no location permission
07-01 18:15:35.589  1604  2058 D WifiPermissionsUtil: Denied: caller is not the current USE_OPEN_WIFI_PACKAGE
07-01 18:15:35.671 24280 24374 I PrimesTesting: GserviceFlagsSupplier.get()
07-01 18:15:35.820 24280 24300 W zygote  : Unsupported class loader
07-01 18:15:35.831 24280 24374 I CrashMetricService: Startup metric for 'PRIMES_CRASH_MONITORING_INITIALIZED' dropped.
07-01 18:15:35.916  1970  1970 W ChimeraUtils: Non Chimera context
07-01 18:15:35.916  1970  1970 W ChimeraUtils: Non Chimera context
07-01 18:15:36.070 24280 24300 W zygote  : Skipping duplicate class check due to unsupported classloader
07-01 18:15:36.134 24280 24300 D DynamitePackage: Instantiated singleton DynamitePackage.
07-01 18:15:36.134 24280 24300 D DynamitePackage: Instantiating com.google.android.gms.ads.adshield.ChimeraAdShieldCreatorImpl
07-01 18:15:36.492 24280 24300 I zygote  : The ClassLoaderContext is a special shared library.
07-01 18:15:36.774  1970  2307 W Conscrypt: Could not set socket write timeout: java.net.SocketException: Socket closed
07-01 18:15:36.774  1970  2307 W Conscrypt: 	at com.google.android.gms.org.conscrypt.Platform.setSocketWriteTimeout(:com.google.android.gms@17785022@17.7.85 (040700-253824076):2)
07-01 18:15:36.774  1970  2307 W Conscrypt: 	at com.google.android.gms.org.conscrypt.ConscryptFileDescriptorSocket.setSoWriteTimeout(:com.google.android.gms@17785022@17.7.85 (040700-253824076):2)
07-01 18:15:37.141  1970  2307 W Conscrypt: Could not set socket write timeout: java.net.SocketException: Socket closed
07-01 18:15:37.141  1970  2307 W Conscrypt: 	at com.google.android.gms.org.conscrypt.Platform.setSocketWriteTimeout(:com.google.android.gms@17785022@17.7.85 (040700-253824076):2)
07-01 18:15:37.142  1970  2307 W Conscrypt: 	at com.google.android.gms.org.conscrypt.ConscryptFileDescriptorSocket.setSoWriteTimeout(:com.google.android.gms@17785022@17.7.85 (040700-253824076):2)
07-01 18:15:37.579  2180 21895 W Conscrypt: Could not set socket write timeout: java.net.SocketException: Socket closed
07-01 18:15:37.579  2180 21895 W Conscrypt: 	at com.google.android.gms.org.conscrypt.Platform.setSocketWriteTimeout(:com.google.android.gms@17785022@17.7.85 (040700-253824076):2)
07-01 18:15:37.579  2180 21895 W Conscrypt: 	at com.google.android.gms.org.conscrypt.ConscryptFileDescriptorSocket.setSoWriteTimeout(:com.google.android.gms@17785022@17.7.85 (040700-253824076):2)
07-01 18:15:37.583  2180 20052 I TelephonySpam: TelephonySpamChimeraService - Running Telephony Spam Chimera Service
07-01 18:15:37.583  2180 20052 I TelephonySpam: TelephonySpamChimeraService - Cleaning SIP Header local table of old entries
07-01 18:15:37.625  2180 20052 I TelephonySpam: TelephonySpamChimeraService - Syncing Call Spam List
07-01 18:15:37.626  2180 20052 I TelephonySpam: SpamListSync - SpamListSyncChimeraService.syncSpamList called with tag: telephonyspam.SpamListSyncTask, extras: Bundle[{SpamList Type=0, Action=1.0}]
07-01 18:15:37.636  2180 20052 I TelephonySpam: SpamListSync - Call spam module disabled. Skipping spam list syncing.
07-01 18:15:37.856  2180 21895 W Conscrypt: Could not set socket write timeout: java.net.SocketException: Socket closed
07-01 18:15:37.856  2180 21895 W Conscrypt: 	at com.google.android.gms.org.conscrypt.Platform.setSocketWriteTimeout(:com.google.android.gms@17785022@17.7.85 (040700-253824076):2)
07-01 18:15:37.856  2180 21895 W Conscrypt: 	at com.google.android.gms.org.conscrypt.ConscryptFileDescriptorSocket.setSoWriteTimeout(:com.google.android.gms@17785022@17.7.85 (040700-253824076):2)
07-01 18:15:37.948  2180 20052 I TelephonySpam: TelephonySpamChimeraService - Running Telephony Spam Chimera Service
07-01 18:15:38.049  1604  2058 I ActivityManager: Start proc 24420:com.google.android.videos/u0a74 for service com.google.android.videos/com.google.android.apps.play.movies.common.service.drm.RefreshLicenseTaskService
07-01 18:15:38.076 24420 24420 W zygote  : Unexpected CPU variant for X86 using defaults: x86
07-01 18:15:38.907 24420 24420 V MediaRouter: Adding route: RouteInfo{ name=Phone, description=null, status=null, category=RouteCategory{ name=System types=ROUTE_TYPE_LIVE_AUDIO ROUTE_TYPE_LIVE_VIDEO  groupable=false }, supportedTypes=ROUTE_TYPE_LIVE_AUDIO ROUTE_TYPE_LIVE_VIDEO , presentationDisplay=null }
07-01 18:15:38.922 24420 24420 V MediaRouter: Selecting route: RouteInfo{ name=Phone, description=null, status=null, category=RouteCategory{ name=System types=ROUTE_TYPE_LIVE_AUDIO ROUTE_TYPE_LIVE_VIDEO  groupable=false }, supportedTypes=ROUTE_TYPE_LIVE_AUDIO ROUTE_TYPE_LIVE_VIDEO , presentationDisplay=null }
07-01 18:15:38.946 24420 24420 W MediaSessionCompat: Couldn't find a unique registered media button receiver in the given context.
07-01 18:15:39.064 24420 24420 W PrimesInit: Primes instant initialization
07-01 18:15:39.072 24420 24453 W Primes  : background initialization
07-01 18:15:39.111 24420 24420 W PlayMovies: VideosInitializer.initializeApp:31 Installer Package: com.android.vending
07-01 18:15:39.111 24420 24420 W PlayMovies: 
07-01 18:15:39.130 24420 24453 I PrimesTesting: GserviceFlagsSupplier.get()
07-01 18:15:39.232 24420 24420 V MediaRouter: Selecting route: RouteInfo{ name=Phone, description=null, status=null, category=RouteCategory{ name=System types=ROUTE_TYPE_LIVE_AUDIO ROUTE_TYPE_LIVE_VIDEO  groupable=false }, supportedTypes=ROUTE_TYPE_LIVE_AUDIO ROUTE_TYPE_LIVE_VIDEO , presentationDisplay=null }
07-01 18:15:39.268 20345 20448 I Finsky  : [839] bgc.a(1): Received content filters request from com.google.android.videos
07-01 18:15:39.279  1604  7927 I WifiService: acquireWifiLock uid=10074 lockMode=3
07-01 18:15:39.309  1970  1970 W SystemServiceRegistry: No service published for: persistent_data_block
07-01 18:15:39.322  1604  7927 I WifiService: releaseWifiLock uid=10074
07-01 18:15:39.574 24420 24462 I VideoCapabilities: Unsupported profile 4 for video/mp4v-es
07-01 18:15:39.984  1604  1613 I zygote  : Background concurrent copying GC freed 41431(2MB) AllocSpace objects, 15(748KB) LOS objects, 14% free, 36MB/42MB, paused 1.307ms total 1.116s
07-01 18:15:40.004  1970  1980 I zygote  : Background concurrent copying GC freed 124339(6MB) AllocSpace objects, 23(1360KB) LOS objects, 38% free, 9MB/15MB, paused 1.061ms total 442.332ms
07-01 18:15:40.312  1970 24253 W Conscrypt: Could not set socket write timeout: java.net.SocketException: Socket closed
07-01 18:15:40.313  1970 24253 W Conscrypt: 	at com.google.android.gms.org.conscrypt.Platform.setSocketWriteTimeout(:com.google.android.gms@17785022@17.7.85 (040700-253824076):2)
07-01 18:15:40.314  1970 24253 W Conscrypt: 	at com.google.android.gms.org.conscrypt.ConscryptFileDescriptorSocket.setSoWriteTimeout(:com.google.android.gms@17785022@17.7.85 (040700-253824076):2)
07-01 18:15:40.531  1970 24253 W Conscrypt: Could not set socket write timeout: java.net.SocketException: Socket closed
07-01 18:15:40.537  1970 24253 W Conscrypt: 	at com.google.android.gms.org.conscrypt.Platform.setSocketWriteTimeout(:com.google.android.gms@17785022@17.7.85 (040700-253824076):2)
07-01 18:15:40.537  1970 24253 W Conscrypt: 	at com.google.android.gms.org.conscrypt.ConscryptFileDescriptorSocket.setSoWriteTimeout(:com.google.android.gms@17785022@17.7.85 (040700-253824076):2)
07-01 18:15:40.978  1604  7927 I ActivityManager: Start proc 24468:com.google.android.gms.unstable/u0a14 for service com.google.android.gms/.droidguard.DroidGuardService
07-01 18:15:40.991 24468 24468 W zygote  : Unexpected CPU variant for X86 using defaults: x86
07-01 18:15:41.020 24468 24468 I zygote  : The ClassLoaderContext is a special shared library.
07-01 18:15:41.022 24468 24468 I zygote  : The ClassLoaderContext is a special shared library.
07-01 18:15:41.028 20345 20362 I Finsky  : [779] imb.run(3): Stats for Executor: BlockingExecutor ink@ee2e429[Running, pool size = 0, active threads = 0, queued tasks = 0, completed tasks = 13]
07-01 18:15:41.029 20345 20362 I Finsky  : [779] imb.run(3): Stats for Executor: LightweightExecutor ink@8d5d3ae[Running, pool size = 2, active threads = 0, queued tasks = 0, completed tasks = 63]
07-01 18:15:41.124 24468 24468 W DynamiteModule: Local module descriptor class for providerinstaller not found.
07-01 18:15:41.141 24468 24468 W ProviderHelper: Unknown dynamite feature providerinstaller
07-01 18:15:41.149 24468 24468 I DynamiteModule: Considering local module providerinstaller:0 and remote module providerinstaller:0
07-01 18:15:41.150 24468 24468 W ProviderInstaller: Failed to load providerinstaller module: No acceptable module found. Local version is 0 and remote version is 0.
07-01 18:15:41.172 24468 24468 V NativeCrypto: Registering com/google/android/gms/org/conscrypt/NativeCrypto's 284 native methods...
07-01 18:15:41.239 24468 24468 D NetworkSecurityConfig: Using Network Security Config from resource network_security_config debugBuild: false
07-01 18:15:41.241 24468 24468 I ProviderInstaller: Installed default security provider GmsCore_OpenSSL
07-01 18:15:41.389 24468 24478 I zygote  : Background concurrent copying GC freed 7803(2MB) AllocSpace objects, 4(80KB) LOS objects, 52% free, 1390KB/2MB, paused 3.589ms total 160.321ms
07-01 18:15:41.434 24468 24468 W Primes  : Primes not initialized, returning default (no-op) Primes instance which will ignore all calls. Please call Primes.initialize(...) before using any Primes API.
07-01 18:15:41.935 24468 24478 I zygote  : Background concurrent copying GC freed 18102(1536KB) AllocSpace objects, 1(20KB) LOS objects, 49% free, 2MB/4MB, paused 10.199ms total 258.516ms
07-01 18:15:42.169 24468 24479 I zygote  : The ClassLoaderContext is a special shared library.
07-01 18:15:42.462  1970 24253 W Conscrypt: Could not set socket write timeout: java.net.SocketException: Socket closed
07-01 18:15:42.462  1970 24253 W Conscrypt: 	at com.google.android.gms.org.conscrypt.Platform.setSocketWriteTimeout(:com.google.android.gms@17785022@17.7.85 (040700-253824076):2)
07-01 18:15:42.462  1970 24253 W Conscrypt: 	at com.google.android.gms.org.conscrypt.ConscryptFileDescriptorSocket.setSoWriteTimeout(:com.google.android.gms@17785022@17.7.85 (040700-253824076):2)
07-01 18:15:42.493 20345 20362 I Finsky  : [779] imb.run(3): Stats for Executor: bgExecutor ink@1e554f[Running, pool size = 4, active threads = 0, queued tasks = 0, completed tasks = 68]
07-01 18:15:42.584  1970 24253 W Conscrypt: Could not set socket write timeout: java.net.SocketException: Socket closed
07-01 18:15:42.585  1970 24253 W Conscrypt: 	at com.google.android.gms.org.conscrypt.Platform.setSocketWriteTimeout(:com.google.android.gms@17785022@17.7.85 (040700-253824076):2)
07-01 18:15:42.585  1970 24253 W Conscrypt: 	at com.google.android.gms.org.conscrypt.ConscryptFileDescriptorSocket.setSoWriteTimeout(:com.google.android.gms@17785022@17.7.85 (040700-253824076):2)
07-01 18:15:42.966 24468 24478 I zygote  : Background concurrent copying GC freed 35076(2MB) AllocSpace objects, 3(128KB) LOS objects, 49% free, 1964KB/3MB, paused 1.090ms total 118.307ms
07-01 18:15:42.998  1970 17654 W GLSUser : [AppCertManager] IOException while requesting key: 
07-01 18:15:42.998  1970 17654 W GLSUser : java.io.IOException: Invalid device key response.
07-01 18:15:42.998  1970 17654 W GLSUser : 	at imb.a(:com.google.android.gms@17785022@17.7.85 (040700-253824076):48)
07-01 18:15:42.998  1970 17654 W GLSUser : 	at ima.a(:com.google.android.gms@17785022@17.7.85 (040700-253824076):13)
07-01 18:15:42.998  1970 17654 W GLSUser : 	at ilw.a(Unknown Source:0)
07-01 18:15:42.998  1970 17654 W GLSUser : 	at ilt.a(:com.google.android.gms@17785022@17.7.85 (040700-253824076):8)
07-01 18:15:42.998  1970 17654 W GLSUser : 	at hjl.call(:com.google.android.gms@17785022@17.7.85 (040700-253824076):7)
07-01 18:15:42.998  1970 17654 W GLSUser : 	at java.util.concurrent.FutureTask.run(FutureTask.java:266)
07-01 18:15:42.998  1970 17654 W GLSUser : 	at squ.b(:com.google.android.gms@17785022@17.7.85 (040700-253824076):37)
07-01 18:15:42.998  1970 17654 W GLSUser : 	at squ.run(:com.google.android.gms@17785022@17.7.85 (040700-253824076):21)
07-01 18:15:42.998  1970 17654 W GLSUser : 	at java.util.concurrent.ThreadPoolExecutor.runWorker(ThreadPoolExecutor.java:1162)
07-01 18:15:42.998  1970 17654 W GLSUser : 	at java.util.concurrent.ThreadPoolExecutor$Worker.run(ThreadPoolExecutor.java:636)
07-01 18:15:42.998  1970 17654 W GLSUser : 	at swz.run(Unknown Source:7)
07-01 18:15:42.998  1970 17654 W GLSUser : 	at java.lang.Thread.run(Thread.java:764)
07-01 18:15:43.028 24468 24473 I zygote  : Do partial code cache collection, code=30KB, data=24KB
07-01 18:15:43.046 24468 24473 I zygote  : After code cache collection, code=30KB, data=24KB
07-01 18:15:43.046 24468 24473 I zygote  : Increasing code cache capacity to 128KB
07-01 18:15:43.153 24420 24434 I zygote  : Waiting for a blocking GC ProfileSaver
07-01 18:15:43.180 24420 24434 I zygote  : WaitForGcToComplete blocked ProfileSaver on HeapTrim for 26.339ms
07-01 18:15:43.942  1970 23476 I aufc    : Maintaining payment bundles [CONTEXT service_id=79 ]
07-01 18:15:43.973  1970 23476 I aufc    : Finished maintaining payment bundles [CONTEXT service_id=79 ]
07-01 18:15:44.027  2180 20052 W ResourceType: ResTable_typeSpec entry count inconsistent: given 5115, previously 5124
07-01 18:15:44.028  2180 20052 W ResourceType: ResTable_typeSpec entry count inconsistent: given 142, previously 459
07-01 18:15:47.567  1604  4624 I ActivityManager: Killing 23526:com.android.chrome:webview_service/u0a49 (adj 906): empty for 3564s
07-01 18:15:47.577  1604  1620 W zygote  : kill(-23526, 9) failed: No such process
07-01 18:15:47.645  1604  1620 I chatty  : uid=1000(system) ActivityManager identical 1 line
07-01 18:15:47.683  1604  1620 W zygote  : kill(-23526, 9) failed: No such process
07-01 18:15:47.683  1604  1620 I zygote  : Successfully killed process cgroup uid 10049 pid 23526 in 111ms
07-01 18:15:48.785  1410  1410 I boot-pipe: done populating /dev/random
07-01 18:15:53.500  1604  4624 I WifiService: acquireWifiLock uid=10014 lockMode=2
07-01 18:15:53.605 23460 24498 I MapsmeCore: platform/Platform.cpp:252 SetSettingsDir()  Settings path =  /storage/emulated/0/MapsWithMe/
07-01 18:15:56.513  1604  2058 D WificondControl: Scan result ready event
07-01 18:15:56.587  1604  2058 I WifiService: releaseWifiLock uid=10014
07-01 18:16:00.009  1604  1604 I ActivityManager: Killing 23752:com.google.android.partnersetup/u0a17 (adj 906): empty for 1948s
07-01 18:16:00.010  1604  1620 W zygote  : kill(-23752, 9) failed: No such process
07-01 18:16:00.052  1604  1620 I chatty  : uid=1000(system) ActivityManager identical 1 line
07-01 18:16:00.095  1604  1620 W zygote  : kill(-23752, 9) failed: No such process
07-01 18:16:00.095  1604  1620 I zygote  : Successfully killed process cgroup uid 10017 pid 23752 in 85ms
07-01 18:16:06.054  1604  1621 I WifiService: requestActivityInfo uid=1000
07-01 18:16:06.054  1604  1621 I WifiService: reportActivityInfo uid=1000
07-01 18:16:06.054  1604  1621 I WifiService: getSupportedFeatures uid=1000
07-01 18:16:06.889  1604  1617 E memtrack: Couldn't load memtrack module
07-01 18:16:06.889  1604  1617 W android.os.Debug: failed to get memory consumption info: -1
07-01 18:16:13.524  1604  3139 I WifiService: acquireWifiLock uid=10014 lockMode=2
07-01 18:16:13.534  1604  1617 E memtrack: Couldn't load memtrack module
07-01 18:16:13.534  1604  1617 W android.os.Debug: failed to get memory consumption info: -1
07-01 18:16:13.598  1970  1970 I GeofencerStateMachine: sendNewTransitions called.
07-01 18:16:13.642  1604  1878 I WifiService: releaseWifiLock uid=10014
07-01 18:16:13.674  1604  1617 E memtrack: Couldn't load memtrack module
07-01 18:16:13.674  1604  1617 W android.os.Debug: failed to get memory consumption info: -1
07-01 18:16:13.746  1604  1617 E memtrack: Couldn't load memtrack module
07-01 18:16:13.746  1604  1617 W android.os.Debug: failed to get memory consumption info: -1
07-01 18:16:13.812  1604  1617 E memtrack: Couldn't load memtrack module
07-01 18:16:13.812  1604  1617 W android.os.Debug: failed to get memory consumption info: -1
07-01 18:16:33.535  1604  1751 I WifiService: acquireWifiLock uid=10014 lockMode=2
07-01 18:16:33.553  1604  1617 E memtrack: Couldn't load memtrack module
07-01 18:16:33.553  1604  1617 W android.os.Debug: failed to get memory consumption info: -1
07-01 18:16:33.666  1604  1617 E memtrack: Couldn't load memtrack module
07-01 18:16:33.666  1604  1617 W android.os.Debug: failed to get memory consumption info: -1
07-01 18:16:33.732  1604  1617 E memtrack: Couldn't load memtrack module
07-01 18:16:33.732  1604  1617 W android.os.Debug: failed to get memory consumption info: -1
07-01 18:16:33.796  1604  1617 E memtrack: Couldn't load memtrack module
07-01 18:16:33.796  1604  1617 W android.os.Debug: failed to get memory consumption info: -1
07-01 18:16:33.845  1604  1617 E memtrack: Couldn't load memtrack module
07-01 18:16:33.845  1604  1617 W android.os.Debug: failed to get memory consumption info: -1
07-01 18:16:36.324  1604  1621 I WifiService: requestActivityInfo uid=1000
07-01 18:16:36.324  1604  1621 I WifiService: reportActivityInfo uid=1000
07-01 18:16:36.324  1604  1621 I WifiService: getSupportedFeatures uid=1000
07-01 18:16:36.533  1604  1751 D WificondControl: Scan result ready event
07-01 18:16:36.642  1604  1751 I WifiService: releaseWifiLock uid=10014
07-01 18:16:42.688 24280 24285 I zygote  : Do partial code cache collection, code=30KB, data=22KB
07-01 18:16:42.688 24280 24285 I zygote  : After code cache collection, code=30KB, data=22KB
07-01 18:16:42.689 24280 24285 I zygote  : Increasing code cache capacity to 128KB
07-01 18:16:46.340  1604  1621 E BatteryExternalStatsWorker: modem info is invalid: ModemActivityInfo{ mTimestamp=0 mSleepTimeMs=0 mIdleTimeMs=0 mTxTimeMs[]=[0, 0, 0, 0, 0] mRxTimeMs=0 mEnergyUsed=0}
07-01 18:16:48.788  1410  1410 I boot-pipe: done populating /dev/random
07-01 18:16:51.335  1604  1621 I WifiService: requestActivityInfo uid=1000
07-01 18:16:51.335  1604  1621 I WifiService: reportActivityInfo uid=1000
07-01 18:16:51.335  1604  1621 I WifiService: getSupportedFeatures uid=1000
07-01 18:16:54.558  1604  3139 I WifiService: acquireWifiLock uid=10014 lockMode=2
07-01 18:16:54.604  1970  1970 I GeofencerStateMachine: sendNewTransitions called.
07-01 18:16:54.645  1604  1878 I WifiService: releaseWifiLock uid=10014
07-01 18:16:55.474  1604  1613 I zygote  : Background concurrent copying GC freed 39994(2024KB) AllocSpace objects, 6(408KB) LOS objects, 14% free, 36MB/42MB, paused 1.300ms total 334.095ms
07-01 18:17:06.657 18156 24271 I net.osmand:native: Run GC (before 57.653229 Mb after 44.797480 Mb) unload 305 of 982 tiles
07-01 18:17:14.435 18156 24271 W net.osmand:native: [Native] Result visited (visited roads 155708, visited segments 159139 / 424344 , queue sizes 2077 / 3331 ) 
07-01 18:17:14.435 18156 24271 W net.osmand:native: [Native] Result timing (time to load 0, time to calc 122215, loaded tiles 1226) 
07-01 18:17:14.435 18156 24271 W net.osmand:native: [Native] Memory occupied (Routing context 56773 Kb, search 9159 Kb)
07-01 18:17:14.570  1604  1878 I WifiService: acquireWifiLock uid=10014 lockMode=2
07-01 18:17:14.582  1604  1617 E memtrack: Couldn't load memtrack module
07-01 18:17:14.582  1604  1617 W android.os.Debug: failed to get memory consumption info: -1
07-01 18:17:14.705  1604  1617 E memtrack: Couldn't load memtrack module
07-01 18:17:14.705  1604  1617 W android.os.Debug: failed to get memory consumption info: -1
07-01 18:17:15.626 18156 24271 I net.osmand:native: Routing calculated time distance 10729.443359
07-01 18:17:17.249 18156 24271 I net.osmand: RoutePlannerFrontEnd Native routing took 125.213 seconds
07-01 18:17:17.249 18156 24271 I net.osmand: RoutePlannerFrontEnd Native routing use precalculated route
07-01 18:17:17.584  1604  1615 D WificondControl: Scan result ready event
07-01 18:17:17.698  1604  1878 I WifiService: releaseWifiLock uid=10014
07-01 18:17:18.071 18156 18166 I zygote  : Background concurrent copying GC freed 358531(10MB) AllocSpace objects, 3(48KB) LOS objects, 18% free, 25MB/31MB, paused 1.211ms total 514.159ms
07-01 18:17:19.985 18156 18166 I zygote  : Background concurrent copying GC freed 169512(6MB) AllocSpace objects, 0(0B) LOS objects, 18% free, 26MB/32MB, paused 903us total 246.741ms
07-01 18:17:22.502 18156 18166 I zygote  : Background concurrent copying GC freed 150546(6MB) AllocSpace objects, 0(0B) LOS objects, 18% free, 26MB/32MB, paused 901us total 274.706ms
07-01 18:17:24.104 18156 18166 I zygote  : Background concurrent copying GC freed 116076(6MB) AllocSpace objects, 1(16KB) LOS objects, 18% free, 27MB/33MB, paused 919us total 256.900ms
07-01 18:17:25.257 18156 24271 I System.out: ROUTE : 
07-01 18:17:25.257 18156 24271 I net.osmand: RouteResultPreparation <test regions="" description="" best_percent="" vehicle="car" 
07-01 18:17:25.257 18156 24271 I net.osmand:   start_lat="-7.58920" start_lon="-37.54107" target_lat="-5.04333" target_lon="-42.76302"  routing_time="10729.44" loadedTiles="2668" visitedSegments="155708" complete_distance="1262740.75" complete_time="66801.55" >
07-01 18:17:25.257 18156 24271 I System.out: <test regions="" description="" best_percent="" vehicle="car" 
07-01 18:17:25.258 18156 24271 I System.out:   start_lat="-7.58920" start_lon="-37.54107" target_lat="-5.04333" target_lon="-42.76302"  routing_time="10729.44" loadedTiles="2668" visitedSegments="155708" complete_distance="1262740.75" complete_time="66801.55" >
07-01 18:17:25.258 18156 24271 I System.out: </test>
07-01 18:17:25.258 18156 24271 I System.out: <test regions="" description="" best_percent="" vehicle="car" 
07-01 18:17:25.258 18156 24271 I System.out:   start_lat="-7.58920" start_lon="-37.54107" target_lat="-5.04333" target_lon="-42.76302"  routing_time="10729.44" loadedTiles="2668" visitedSegments="155708" complete_distance="1262740.75" complete_time="66801.55" >
07-01 18:17:25.331 18156 24271 I net.osmand: RouteProvider Finding route contained 5289 points for 134448 ms
07-01 18:17:25.344 18156 24271 I net.osmand: TTSCommandPlayerImpl Send message to pebble Rota recalculada 1263 quilÃ³metros tempo estimado de  18 horas  33 minutos.  
07-01 18:17:25.344 18156 24271 D net.osmand: AbstractPrologCommandPlayer requestAudioFocus
07-01 18:17:25.349 18156 24271 W AudioManager: Use of stream types is deprecated for operations other than volume control
07-01 18:17:25.349 18156 24271 W AudioManager: See the documentation of requestAudioFocus() for what to use instead with android.media.AudioAttributes to qualify your playback use case
07-01 18:17:25.350  1604  1878 I MediaFocusControl: requestAudioFocus() from uid/pid 10104/18156 clientId=android.media.AudioManager@8a8df6enet.osmand.plus.api.AudioFocusHelperImpl@e41e9a3 callingPack=net.osmand req=3 flags=0x0 sdk=26
07-01 18:17:25.359 18156 24271 D net.osmand: TTSCommandPlayerImpl ttsRequests=1
07-01 18:17:25.362  4639 18249 I TTS.GoogleTTSServiceImp: Synthesis request for locale por-BRA and name pt-BR-language
07-01 18:17:25.365  4639 18249 I TTS.GoogleTTSServiceImp: TTS dispatch: pt-br-x-afs-lstm-embedded
07-01 18:17:25.719  4639 18250 D AudioTrack: Client defaulted notificationFrames to 1365 for frameCount 4096
07-01 18:17:25.735  1604  1878 V MediaRouterService: restoreBluetoothA2dp(false)
07-01 18:17:25.744  1394  3176 W audio_hw_generic: Not supplying enough data to HAL, expected position 57603873 , only wrote 57603600
07-01 18:17:25.864 18156 18166 I zygote  : Background concurrent copying GC freed 151810(6MB) AllocSpace objects, 0(0B) LOS objects, 17% free, 27MB/33MB, paused 902us total 592.454ms
07-01 18:17:26.127  1394  3176 W audio_hw_generic: Not supplying enough data to HAL, expected position 57621981 , only wrote 57621600
07-01 18:17:26.144  1394  3176 W audio_hw_generic: Not supplying enough data to HAL, expected position 57622436 , only wrote 57622320
07-01 18:17:27.271  1394  3176 W audio_hw_generic: Not supplying enough data to HAL, expected position 57676397 , only wrote 57676320
07-01 18:17:27.271  1394  3176 W audio_hw_generic: Not supplying enough data to HAL, expected position 57676363 , only wrote 57676320
07-01 18:17:27.288  1394  3176 W audio_hw_generic: Not supplying enough data to HAL, expected position 57677107 , only wrote 57677040
07-01 18:17:28.584  1394  3176 W audio_hw_generic: Not supplying enough data to HAL, expected position 57739274 , only wrote 57738960
07-01 18:17:28.604  1394  3176 W audio_hw_generic: Not supplying enough data to HAL, expected position 57739908 , only wrote 57739680
07-01 18:17:28.620  1394  3176 W audio_hw_generic: Not supplying enough data to HAL, expected position 57740432 , only wrote 57740400
07-01 18:17:28.755  1394  3176 W audio_hw_generic: Not supplying enough data to HAL, expected position 57746891 , only wrote 57746880
07-01 18:17:28.795  1394  3176 W audio_hw_generic: Not supplying enough data to HAL, expected position 57748811 , only wrote 57746880
07-01 18:17:28.822  1477  1572 D AudioFlinger: mixer(0xac983140) throttle end: throttle time(11)
07-01 18:17:30.178  1394  3176 W audio_hw_generic: Not supplying enough data to HAL, expected position 57813252 , only wrote 57813120
07-01 18:17:30.195  1394  3176 W audio_hw_generic: Not supplying enough data to HAL, expected position 57813929 , only wrote 57813840
07-01 18:17:30.216  1394  3176 W audio_hw_generic: Not supplying enough data to HAL, expected position 57814839 , only wrote 57814560
07-01 18:17:31.446  1394  3176 W audio_hw_generic: Not supplying enough data to HAL, expected position 57873601 , only wrote 57873600
07-01 18:17:31.448  1394  3176 W audio_hw_generic: Not supplying enough data to HAL, expected position 57873695 , only wrote 57873600
07-01 18:17:31.466  1394  3176 W audio_hw_generic: Not supplying enough data to HAL, expected position 57874480 , only wrote 57874320
07-01 18:17:31.484  1477  1572 D AudioFlinger: mixer(0xac983140) throttle end: throttle time(2)
07-01 18:17:32.666  1394  3176 W audio_hw_generic: Not supplying enough data to HAL, expected position 57931928 , only wrote 57931920
07-01 18:17:32.684  1394  3176 W audio_hw_generic: Not supplying enough data to HAL, expected position 57932759 , only wrote 57932640
07-01 18:17:32.776  1394  3176 W audio_hw_generic: Not supplying enough data to HAL, expected position 57937072 , only wrote 57936960
07-01 18:17:34.207  4639 18250 D AudioTrack: stop() called with 182380 frames delivered
07-01 18:17:34.214 18156 18819 D net.osmand: AbstractPrologCommandPlayer abandonAudioFocus
07-01 18:17:34.215  1604  4624 I MediaFocusControl: abandonAudioFocus() from uid/pid 10104/18156 clientId=android.media.AudioManager@8a8df6enet.osmand.plus.api.AudioFocusHelperImpl@e41e9a3
07-01 18:17:34.216 18156 18819 D net.osmand: TTSCommandPlayerImpl ttsRequests=0
07-01 18:17:34.584  1604  1878 I WifiService: acquireWifiLock uid=10014 lockMode=2
07-01 18:17:34.619  1970  1970 I GeofencerStateMachine: sendNewTransitions called.
07-01 18:17:34.644  1604  1878 I WifiService: releaseWifiLock uid=10014
07-01 18:17:35.225  1394  3176 W audio_hw_generic: Not supplying enough data to HAL, expected position 58054483 , only wrote 58054320
07-01 18:17:35.245  1394  3176 W audio_hw_generic: Not supplying enough data to HAL, expected position 58055320 , only wrote 58055040
07-01 18:17:35.368  1394  3176 W audio_hw_generic: Not supplying enough data to HAL, expected position 58060910 , only wrote 58060800
07-01 18:17:37.244  1394  1575 W audio_hw_generic: Not supplying enough data to HAL, expected position 58239992 , only wrote 58150800
07-01 18:17:48.793  1410  1410 I boot-pipe: done populating /dev/random
07-01 18:17:55.606  1604  1878 I WifiService: acquireWifiLock uid=10014 lockMode=2
07-01 18:17:58.573  1604  1615 D WificondControl: Scan result ready event
07-01 18:17:58.625  1604  3139 I WifiService: releaseWifiLock uid=10014
07-01 18:18:00.024  1403  1418 D hwcomposer: hw_composer sent 12 syncs in 180s
07-01 18:18:15.619  1604  3139 I WifiService: acquireWifiLock uid=10014 lockMode=2
07-01 18:18:15.653  1970  1970 I GeofencerStateMachine: sendNewTransitions called.
07-01 18:18:15.681  1604  4624 I WifiService: releaseWifiLock uid=10014
07-01 18:18:35.273  1604  1621 I WifiService: requestActivityInfo uid=1000
07-01 18:18:35.273  1604  1621 I WifiService: reportActivityInfo uid=1000
07-01 18:18:35.274  1604  1621 I WifiService: getSupportedFeatures uid=1000
07-01 18:18:35.626  1604  4624 I WifiService: acquireWifiLock uid=10014 lockMode=2
07-01 18:18:35.636  1604  1617 E memtrack: Couldn't load memtrack module
07-01 18:18:35.636  1604  1617 W android.os.Debug: failed to get memory consumption info: -1
07-01 18:18:35.709  1604  1617 E memtrack: Couldn't load memtrack module
07-01 18:18:35.709  1604  1617 W android.os.Debug: failed to get memory consumption info: -1
07-01 18:18:38.611  1604  1615 D WificondControl: Scan result ready event
07-01 18:18:38.653  1604  4624 I WifiService: releaseWifiLock uid=10014
07-01 18:18:41.038 20345 20362 I Finsky  : [779] imb.run(3): Stats for Executor: BlockingExecutor ink@ee2e429[Running, pool size = 0, active threads = 0, queued tasks = 0, completed tasks = 13]
07-01 18:18:41.038 20345 20362 I Finsky  : [779] imb.run(3): Stats for Executor: LightweightExecutor ink@8d5d3ae[Running, pool size = 2, active threads = 0, queued tasks = 0, completed tasks = 63]
07-01 18:18:42.495 20345 20362 I Finsky  : [779] imb.run(3): Stats for Executor: bgExecutor ink@1e554f[Running, pool size = 4, active threads = 0, queued tasks = 0, completed tasks = 68]
07-01 18:18:48.795  1410  1410 I boot-pipe: done populating /dev/random
07-01 18:18:54.574  1604  1621 I WifiService: requestActivityInfo uid=1000
07-01 18:18:54.575  1604  1621 I WifiService: reportActivityInfo uid=1000
07-01 18:18:54.575  1604  1621 I WifiService: getSupportedFeatures uid=1000
07-01 18:18:56.641  1604  4624 I WifiService: acquireWifiLock uid=10014 lockMode=2
07-01 18:18:56.684  1970  1970 I GeofencerStateMachine: sendNewTransitions called.
07-01 18:18:56.696  1604  1878 I WifiService: releaseWifiLock uid=10014
07-01 18:19:00.027  1403  1418 D hwcomposer: hw_composer sent 6 syncs in 60s
07-01 18:19:16.647  1604  1878 I WifiService: acquireWifiLock uid=10014 lockMode=2
07-01 18:19:16.654  1604  1617 E memtrack: Couldn't load memtrack module
07-01 18:19:16.654  1604  1617 W android.os.Debug: failed to get memory consumption info: -1
07-01 18:19:16.715  1604  1617 E memtrack: Couldn't load memtrack module
07-01 18:19:16.715  1604  1617 W android.os.Debug: failed to get memory consumption info: -1
07-01 18:19:19.634  1604  1878 D WificondControl: Scan result ready event
07-01 18:19:19.675  1604  3139 I WifiService: releaseWifiLock uid=10014
07-01 18:19:36.073  1604  1621 I WifiService: requestActivityInfo uid=1000
07-01 18:19:36.073  1604  1621 I WifiService: reportActivityInfo uid=1000
07-01 18:19:36.073  1604  1621 I WifiService: getSupportedFeatures uid=1000
07-01 18:19:36.658  1604  3139 I WifiService: acquireWifiLock uid=10014 lockMode=2
07-01 18:19:36.729  1970  1970 I GeofencerStateMachine: sendNewTransitions called.
07-01 18:19:36.765  1604  1615 I WifiService: releaseWifiLock uid=10014
07-01 18:19:36.996  1604  1613 I zygote  : Background concurrent copying GC freed 41708(1771KB) AllocSpace objects, 4(208KB) LOS objects, 14% free, 36MB/42MB, paused 811us total 314.448ms
07-01 18:19:48.797  1410  1410 I boot-pipe: done populating /dev/random
07-01 18:19:57.677  1604  1878 I WifiService: acquireWifiLock uid=10014 lockMode=2
07-01 18:20:00.016  1403  1418 D hwcomposer: hw_composer sent 6 syncs in 60s
07-01 18:20:00.669  1604  1878 D WificondControl: Scan result ready event
07-01 18:20:00.701  1604  1615 I WifiService: releaseWifiLock uid=10014
07-01 18:20:17.686  1604  3139 I WifiService: acquireWifiLock uid=10014 lockMode=2
07-01 18:20:17.723  1970  1970 I GeofencerStateMachine: sendNewTransitions called.
07-01 18:20:17.735  1604  4624 I WifiService: releaseWifiLock uid=10014
07-01 18:20:36.533  1604  1621 I WifiService: requestActivityInfo uid=1000
07-01 18:20:36.533  1604  1621 I WifiService: reportActivityInfo uid=1000
07-01 18:20:36.534  1604  1621 I WifiService: getSupportedFeatures uid=1000
07-01 18:20:37.697  1604  1878 I WifiService: acquireWifiLock uid=10014 lockMode=2
07-01 18:20:37.705  1604  1617 E memtrack: Couldn't load memtrack module
07-01 18:20:37.705  1604  1617 W android.os.Debug: failed to get memory consumption info: -1
07-01 18:20:37.775  1604  1617 E memtrack: Couldn't load memtrack module
07-01 18:20:37.775  1604  1617 W android.os.Debug: failed to get memory consumption info: -1
07-01 18:20:38.102  1604  1621 I WifiService: requestActivityInfo uid=1000
07-01 18:20:38.102  1604  1621 I WifiService: reportActivityInfo uid=1000
07-01 18:20:38.102  1604  1621 I WifiService: getSupportedFeatures uid=1000
07-01 18:20:38.925 24420 24449 D NetworkSecurityConfig: No Network Security Config specified, using platform default
07-01 18:20:40.674  1604  4624 D WificondControl: Scan result ready event
07-01 18:20:40.715  1604  4624 I WifiService: releaseWifiLock uid=10014
07-01 18:20:48.799  1410  1410 I boot-pipe: done populating /dev/random
07-01 18:20:58.712  1604  1751 I WifiService: acquireWifiLock uid=10014 lockMode=2
07-01 18:20:58.747  1970  1970 I GeofencerStateMachine: sendNewTransitions called.
07-01 18:20:58.767  1604  1615 I WifiService: releaseWifiLock uid=10014
07-01 18:21:00.012  1403  1418 D hwcomposer: hw_composer sent 6 syncs in 60s
07-01 18:21:01.674  1604  4624 D WificondControl: Scan result ready event
07-01 18:21:01.814  1604  1621 I WifiService: requestActivityInfo uid=1000
07-01 18:21:01.814  1604  1621 I WifiService: reportActivityInfo uid=1000
07-01 18:21:01.814  1604  1621 I WifiService: getSupportedFeatures uid=1000
07-01 18:21:07.174  1604  1621 I WifiService: requestActivityInfo uid=1000
07-01 18:21:07.174  1604  1621 I WifiService: reportActivityInfo uid=1000
07-01 18:21:07.175  1604  1621 I WifiService: getSupportedFeatures uid=1000
07-01 18:21:18.724  1604  4624 I WifiService: acquireWifiLock uid=10014 lockMode=2
07-01 18:21:18.731  1604  1617 E memtrack: Couldn't load memtrack module
07-01 18:21:18.731  1604  1617 W android.os.Debug: failed to get memory consumption info: -1
07-01 18:21:18.799  1604  4624 I WifiService: releaseWifiLock uid=10014
07-01 18:21:18.818  1604  1617 E memtrack: Couldn't load memtrack module
07-01 18:21:18.818  1604  1617 W android.os.Debug: failed to get memory consumption info: -1
07-01 18:21:22.215  1604  1621 I WifiService: requestActivityInfo uid=1000
07-01 18:21:22.215  1604  1621 I WifiService: reportActivityInfo uid=1000
07-01 18:21:22.215  1604  1621 I WifiService: getSupportedFeatures uid=1000
07-01 18:21:38.731  1604  4624 I WifiService: acquireWifiLock uid=10014 lockMode=2
07-01 18:21:41.040 20345 20362 I Finsky  : [779] imb.run(3): Stats for Executor: BlockingExecutor ink@ee2e429[Running, pool size = 0, active threads = 0, queued tasks = 0, completed tasks = 13]
07-01 18:21:41.041 20345 20362 I Finsky  : [779] imb.run(3): Stats for Executor: LightweightExecutor ink@8d5d3ae[Running, pool size = 2, active threads = 0, queued tasks = 0, completed tasks = 63]
07-01 18:21:41.703  1604  3139 D WificondControl: Scan result ready event
07-01 18:21:41.736  1604  1615 I WifiService: releaseWifiLock uid=10014
07-01 18:21:41.752  1970  1970 I GeofencerStateMachine: sendNewTransitions called.
07-01 18:21:42.497 20345 20362 I Finsky  : [779] imb.run(3): Stats for Executor: bgExecutor ink@1e554f[Running, pool size = 4, active threads = 0, queued tasks = 0, completed tasks = 69]
07-01 18:21:48.800  1410  1410 I boot-pipe: done populating /dev/random
07-01 18:21:59.760  1604  1615 I WifiService: acquireWifiLock uid=10014 lockMode=2
07-01 18:21:59.818  1604  1615 I WifiService: releaseWifiLock uid=10014
07-01 18:22:00.029  1403  1418 D hwcomposer: hw_composer sent 6 syncs in 60s
07-01 18:22:03.431  1604  1621 I WifiService: requestActivityInfo uid=1000
07-01 18:22:03.431  1604  1621 I WifiService: reportActivityInfo uid=1000
07-01 18:22:03.431  1604  1621 I WifiService: getSupportedFeatures uid=1000
07-01 18:17:34.207  1604  1878 V MediaRouterService: restoreBluetoothA2dp(false)
07-01 18:22:13.460  1604  1621 E BatteryExternalStatsWorker: modem info is invalid: ModemActivityInfo{ mTimestamp=0 mSleepTimeMs=0 mIdleTimeMs=0 mTxTimeMs[]=[0, 0, 0, 0, 0] mRxTimeMs=0 mEnergyUsed=0}
07-01 18:22:18.453  1604  1621 I WifiService: requestActivityInfo uid=1000
07-01 18:22:18.453  1604  1621 I WifiService: reportActivityInfo uid=1000
07-01 18:22:18.453  1604  1621 I WifiService: getSupportedFeatures uid=1000
07-01 18:22:19.773  1604  4624 I WifiService: acquireWifiLock uid=10014 lockMode=2
07-01 18:22:22.744  1604  4624 D WificondControl: Scan result ready event
07-01 18:22:22.820  1970  1970 I GeofencerStateMachine: sendNewTransitions called.
07-01 18:22:22.826  1604  1751 I WifiService: releaseWifiLock uid=10014
07-01 18:22:23.098  1604  1613 I zygote  : Background concurrent copying GC freed 54348(2MB) AllocSpace objects, 0(0B) LOS objects, 14% free, 36MB/42MB, paused 1.046ms total 316.471ms
07-01 18:22:39.784  1604  1615 I WifiService: acquireWifiLock uid=10014 lockMode=2
07-01 18:22:39.790  1604  1615 I ActivityManager: Killing 23949:com.google.android.dialer/u0a20 (adj 906): empty for 1818s
07-01 18:22:39.791  1604  1617 E memtrack: Couldn't load memtrack module
07-01 18:22:39.791  1604  1617 W android.os.Debug: failed to get memory consumption info: -1
07-01 18:22:39.797  1604  1620 W zygote  : kill(-23949, 9) failed: No such process
07-01 18:22:39.842  1604  1620 W zygote  : kill(-23949, 9) failed: No such process
07-01 18:22:39.858  1604  3712 I WifiService: releaseWifiLock uid=10014
07-01 18:22:39.882  1604  1620 W zygote  : kill(-23949, 9) failed: No such process
07-01 18:22:39.882  1604  1620 I zygote  : Successfully killed process cgroup uid 10020 pid 23949 in 84ms
07-01 18:22:39.900  1604  1617 E memtrack: Couldn't load memtrack module
07-01 18:22:39.900  1604  1617 W android.os.Debug: failed to get memory consumption info: -1
07-01 18:22:48.802  1410  1410 I boot-pipe: done populating /dev/random
07-01 18:23:00.016  1403  1418 D hwcomposer: hw_composer sent 18 syncs in 60s
07-01 18:23:00.798  1604  3712 I WifiService: acquireWifiLock uid=10014 lockMode=2
07-01 18:23:03.773  1604  4624 D WificondControl: Scan result ready event
07-01 18:23:03.809  1970  1970 I GeofencerStateMachine: sendNewTransitions called.
07-01 18:23:03.820  1604  4624 I WifiService: releaseWifiLock uid=10014
07-01 18:23:20.806  1604  4624 I WifiService: acquireWifiLock uid=10014 lockMode=2
07-01 18:23:20.810  1604  1617 E memtrack: Couldn't load memtrack module
07-01 18:23:20.811  1604  1617 W android.os.Debug: failed to get memory consumption info: -1
07-01 18:23:20.860  1604  2058 I WifiService: releaseWifiLock uid=10014
07-01 18:23:20.891  1604  1617 E memtrack: Couldn't load memtrack module
07-01 18:23:20.891  1604  1617 W android.os.Debug: failed to get memory consumption info: -1
07-01 18:23:40.817  1604  3712 I WifiService: acquireWifiLock uid=10014 lockMode=2
07-01 18:23:43.792  1604  4624 D WificondControl: Scan result ready event
07-01 18:23:43.827  1604  4624 I WifiService: releaseWifiLock uid=10014
07-01 18:23:43.830  1970  1970 I GeofencerStateMachine: sendNewTransitions called.
07-01 18:23:48.803  1410  1410 I boot-pipe: done populating /dev/random
07-01 18:24:00.016  1604  1617 E memtrack: Couldn't load memtrack module
07-01 18:24:00.016  1604  1617 W android.os.Debug: failed to get memory consumption info: -1
07-01 18:24:00.029  1403  1418 D hwcomposer: hw_composer sent 6 syncs in 60s
07-01 18:24:01.835  1604  3712 I WifiService: acquireWifiLock uid=10014 lockMode=2
07-01 18:24:01.871  1604  1751 I WifiService: releaseWifiLock uid=10014
07-01 18:24:04.794  1604  1751 D WificondControl: Scan result ready event
07-01 18:24:21.846  1604  2058 I WifiService: acquireWifiLock uid=10014 lockMode=2
07-01 18:24:21.890  1970  1970 I GeofencerStateMachine: sendNewTransitions called.
07-01 18:24:21.909  1604  4624 I WifiService: releaseWifiLock uid=10014
07-01 18:24:41.042 20345 20362 I Finsky  : [779] imb.run(3): Stats for Executor: BlockingExecutor ink@ee2e429[Running, pool size = 0, active threads = 0, queued tasks = 0, completed tasks = 13]
07-01 18:24:41.043 20345 20362 I Finsky  : [779] imb.run(3): Stats for Executor: LightweightExecutor ink@8d5d3ae[Running, pool size = 2, active threads = 0, queued tasks = 0, completed tasks = 63]
07-01 18:24:41.866  1604  1878 I WifiService: acquireWifiLock uid=10014 lockMode=2
07-01 18:24:41.875  1604  1617 E memtrack: Couldn't load memtrack module
07-01 18:24:41.875  1604  1617 W android.os.Debug: failed to get memory consumption info: -1
07-01 18:24:41.942  1604  1617 E memtrack: Couldn't load memtrack module
07-01 18:24:41.942  1604  1617 W android.os.Debug: failed to get memory consumption info: -1
07-01 18:24:41.978  1604  1617 E memtrack: Couldn't load memtrack module
07-01 18:24:41.978  1604  1617 W android.os.Debug: failed to get memory consumption info: -1
07-01 18:24:42.500 20345 20362 I Finsky  : [779] imb.run(3): Stats for Executor: bgExecutor ink@1e554f[Running, pool size = 4, active threads = 0, queued tasks = 0, completed tasks = 70]
07-01 18:24:44.843  1604  2058 D WificondControl: Scan result ready event
07-01 18:24:44.888  1604  1878 I WifiService: releaseWifiLock uid=10014
07-01 18:24:48.805  1410  1410 I boot-pipe: done populating /dev/random
07-01 18:25:00.017  1403  1418 D hwcomposer: hw_composer sent 6 syncs in 60s
07-01 18:25:02.891  1604  1751 I WifiService: acquireWifiLock uid=10014 lockMode=2
07-01 18:25:02.948  1970  1970 I GeofencerStateMachine: sendNewTransitions called.
07-01 18:25:02.973  1604  1878 I WifiService: releaseWifiLock uid=10014
07-01 18:25:03.283  1604  1613 I zygote  : Background concurrent copying GC freed 38494(1730KB) AllocSpace objects, 0(0B) LOS objects, 14% free, 36MB/42MB, paused 2.182ms total 326.097ms
07-01 18:25:22.902  1604  1878 I WifiService: acquireWifiLock uid=10014 lockMode=2
07-01 18:25:22.912  1604  1617 E memtrack: Couldn't load memtrack module
07-01 18:25:22.912  1604  1617 W android.os.Debug: failed to get memory consumption info: -1
07-01 18:25:22.970  1604  1617 E memtrack: Couldn't load memtrack module
07-01 18:25:22.970  1604  1617 W android.os.Debug: failed to get memory consumption info: -1
07-01 18:25:25.884  1604  1878 D WificondControl: Scan result ready event
07-01 18:25:25.926  1604  7927 I WifiService: releaseWifiLock uid=10014
07-01 18:25:39.812  1604  1621 I WifiService: requestActivityInfo uid=1000
07-01 18:25:39.812  1604  1621 I WifiService: reportActivityInfo uid=1000
07-01 18:25:39.812  1604  1621 I WifiService: getSupportedFeatures uid=1000
07-01 18:25:42.910  1604  7927 I WifiService: acquireWifiLock uid=10014 lockMode=2
07-01 18:25:42.919  1604  1617 E memtrack: Couldn't load memtrack module
07-01 18:25:42.919  1604  1617 W android.os.Debug: failed to get memory consumption info: -1
07-01 18:25:42.955  1970  1970 I GeofencerStateMachine: sendNewTransitions called.
07-01 18:25:42.968  1604  1878 I WifiService: releaseWifiLock uid=10014
07-01 18:25:48.807  1410  1410 I boot-pipe: done populating /dev/random
07-01 18:25:54.934  1604  1621 I WifiService: requestActivityInfo uid=1000
07-01 18:25:54.934  1604  1621 I WifiService: reportActivityInfo uid=1000
07-01 18:25:54.934  1604  1621 I WifiService: getSupportedFeatures uid=1000
07-01 18:26:00.023  1403  1418 D hwcomposer: hw_composer sent 6 syncs in 60s
07-01 18:26:03.932  1604  4624 I WifiService: acquireWifiLock uid=10014 lockMode=2
07-01 18:26:06.914  1604  2058 D WificondControl: Scan result ready event
07-01 18:26:06.965  1604  1878 I WifiService: releaseWifiLock uid=10014
07-01 18:26:23.940  1604  4624 I WifiService: acquireWifiLock uid=10014 lockMode=2
07-01 18:26:23.981  1604  2058 I WifiService: releaseWifiLock uid=10014
07-01 18:26:23.993  1970  1970 I GeofencerStateMachine: sendNewTransitions called.
07-01 18:26:43.949  1604  3712 I WifiService: acquireWifiLock uid=10014 lockMode=2
07-01 18:26:43.959  1604  1617 E memtrack: Couldn't load memtrack module
07-01 18:26:43.959  1604  1617 W android.os.Debug: failed to get memory consumption info: -1
07-01 18:26:44.026  1604  1617 E memtrack: Couldn't load memtrack module
07-01 18:26:44.026  1604  1617 W android.os.Debug: failed to get memory consumption info: -1
07-01 18:26:46.933  1604  3712 D WificondControl: Scan result ready event
07-01 18:26:46.975  1604  3712 I WifiService: releaseWifiLock uid=10014
07-01 18:26:48.810  1410  1410 I boot-pipe: done populating /dev/random
07-01 18:26:53.366  1604  1621 I WifiService: requestActivityInfo uid=1000
07-01 18:26:53.366  1604  1621 I WifiService: reportActivityInfo uid=1000
07-01 18:26:53.366  1604  1621 I WifiService: getSupportedFeatures uid=1000
07-01 18:27:00.024  1403  1418 D hwcomposer: hw_composer sent 6 syncs in 60s
07-01 18:27:03.379  1604  1621 E BatteryExternalStatsWorker: modem info is invalid: ModemActivityInfo{ mTimestamp=0 mSleepTimeMs=0 mIdleTimeMs=0 mTxTimeMs[]=[0, 0, 0, 0, 0] mRxTimeMs=0 mEnergyUsed=0}
07-01 18:27:04.970  1604  1878 I WifiService: acquireWifiLock uid=10014 lockMode=2
07-01 18:27:05.005  1970  1970 I GeofencerStateMachine: sendNewTransitions called.
07-01 18:27:05.028  1604  7927 I WifiService: releaseWifiLock uid=10014
07-01 18:27:08.374  1604  1621 I WifiService: requestActivityInfo uid=1000
07-01 18:27:08.374  1604  1621 I WifiService: reportActivityInfo uid=1000
07-01 18:27:08.374  1604  1621 I WifiService: getSupportedFeatures uid=1000
07-01 18:27:24.981  1604  1878 I WifiService: acquireWifiLock uid=10014 lockMode=2
07-01 18:27:24.988  1604  1617 E memtrack: Couldn't load memtrack module
07-01 18:27:24.988  1604  1617 W android.os.Debug: failed to get memory consumption info: -1
07-01 18:27:25.046  1604  1617 E memtrack: Couldn't load memtrack module
