07-03 09:20:01.163  1604  1618 W BroadcastQueue: Background execution not allowed: receiving Intent { act=android.intent.action.DROPBOX_ENTRY_ADDED flg=0x10 (has extras) } to com.google.android.gms/.stats.service.DropBoxEntryAddedReceiver
07-03 09:20:01.163  1604  1618 W BroadcastQueue: Background execution not allowed: receiving Intent { act=android.intent.action.DROPBOX_ENTRY_ADDED flg=0x10 (has extras) } to com.google.android.gms/.chimera.GmsIntentOperationService$PersistentTrustedReceiver
07-03 09:20:01.301  5305  7336 I chatty  : uid=10104(net.osmand) expire 31 lines
07-03 09:20:01.544  1604  1614 D WificondControl: Scan result ready event
07-03 09:20:01.712  1604  3712 I WifiService: releaseWifiLock uid=10014
07-03 09:20:02.102  1970  1980 I zygote  : Background concurrent copying GC freed 93737(4MB) AllocSpace objects, 0(0B) LOS objects, 38% free, 9MB/15MB, paused 1.012ms total 570.253ms
07-03 09:20:02.140  5305  5305 I chatty  : uid=10104(net.osmand) expire 23 lines
07-03 09:20:02.144  5305  7338 I chatty  : uid=10104(net.osmand) expire 31 lines
07-03 09:20:02.242  5305  5350 I chatty  : uid=10104(net.osmand) Loader map obje expire 110 lines
07-03 09:20:02.901  5305  5315 I chatty  : uid=10104(net.osmand) HeapTaskDaemon expire 5 lines
07-03 09:20:02.958  5305  5351 I chatty  : uid=10104(net.osmand) RenderingBaseIm expire 20 lines
07-03 09:20:03.396  2061  2074 I zygote  : NativeAlloc concurrent copying GC freed 29565(1328KB) AllocSpace objects, 0(0B) LOS objects, 50% free, 4MB/9MB, paused 1.250ms total 303.026ms
07-03 09:20:03.827  1604  1621 I WifiService: requestActivityInfo uid=1000
07-03 09:20:03.827  1604  1621 I WifiService: reportActivityInfo uid=1000
07-03 09:20:03.827  1604  1621 I WifiService: getSupportedFeatures uid=1000
07-03 09:20:05.517  5305  7340 I chatty  : uid=10104(net.osmand) expire 31 lines
07-03 09:20:07.933  5305  7341 I chatty  : uid=10104(net.osmand) expire 31 lines
07-03 09:20:10.356  5305  5350 I chatty  : uid=10104(net.osmand) Loader map obje expire 82 lines
07-03 09:20:10.695  5305  5305 I chatty  : uid=10104(net.osmand) expire 30 lines
07-03 09:20:10.754  5305  5351 I chatty  : uid=10104(net.osmand) RenderingBaseIm expire 26 lines
07-03 09:20:12.395  5305  5315 I chatty  : uid=10104(net.osmand) HeapTaskDaemon expire 4 lines
07-03 09:20:15.735  1707  1729 I zygote  : Background concurrent copying GC freed 173282(6MB) AllocSpace objects, 0(0B) LOS objects, 45% free, 7MB/13MB, paused 7.056ms total 516.644ms
07-03 09:20:16.158  5305  7342 I chatty  : uid=10104(net.osmand) expire 31 lines
07-03 09:20:16.992  1604  1617 E memtrack: Couldn't load memtrack module
07-03 09:20:16.992  1604  1617 W android.os.Debug: failed to get memory consumption info: -1
07-03 09:20:17.064  1604  1617 E memtrack: Couldn't load memtrack module
07-03 09:20:17.064  1604  1617 W android.os.Debug: failed to get memory consumption info: -1
07-03 09:20:17.141  5305  7343 I chatty  : uid=10104(net.osmand) expire 31 lines
07-03 09:20:17.889  5305  5351 I chatty  : uid=10104(net.osmand) RenderingBaseIm expire 8 lines
07-03 09:20:18.079  5305  5350 I chatty  : uid=10104(net.osmand) Loader map obje expire 32 lines
07-03 09:20:18.236  5305  5305 I chatty  : uid=10104(net.osmand) expire 17 lines
07-03 09:20:18.238  5305  7344 I chatty  : uid=10104(net.osmand) expire 31 lines
07-03 09:20:18.627  5305  5315 I chatty  : uid=10104(net.osmand) HeapTaskDaemon expire 3 lines
07-03 09:20:18.640  1604  3883 I WifiService: acquireWifiLock uid=10014 lockMode=2
07-03 09:20:18.647  1604  1617 E memtrack: Couldn't load memtrack module
07-03 09:20:18.647  1604  1617 W android.os.Debug: failed to get memory consumption info: -1
07-03 09:20:18.700  1604  4621 I WifiService: releaseWifiLock uid=10014
07-03 09:20:18.846  5305  7345 I chatty  : uid=10104(net.osmand) expire 31 lines
07-03 09:20:20.127  5305  7346 I chatty  : uid=10104(net.osmand) expire 31 lines
07-03 09:20:20.186  1403  1418 D hwcomposer: hw_composer sent 30 syncs in 62s
07-03 09:20:21.140  5305  7347 I chatty  : uid=10104(net.osmand) expire 31 lines
07-03 09:20:21.798  1604  1621 I WifiService: requestActivityInfo uid=1000
07-03 09:20:21.799  1604  1621 I WifiService: reportActivityInfo uid=1000
07-03 09:20:21.799  1604  1621 I WifiService: getSupportedFeatures uid=1000
07-03 09:20:22.257  5305  7349 I chatty  : uid=10104(net.osmand) expire 31 lines
07-03 09:20:22.784  5305  7350 I chatty  : uid=10104(net.osmand) expire 31 lines
07-03 09:20:23.223  5305  5351 I chatty  : uid=10104(net.osmand) RenderingBaseIm expire 22 lines
07-03 09:20:23.383  5305  5305 I chatty  : uid=10104(net.osmand) expire 21 lines
07-03 09:20:23.605  5305  5350 I chatty  : uid=10104(net.osmand) Loader map obje expire 96 lines
07-03 09:20:24.795  5305  5315 I chatty  : uid=10104(net.osmand) HeapTaskDaemon expire 3 lines
07-03 09:20:28.161  5305  7351 I chatty  : uid=10104(net.osmand) expire 31 lines
07-03 09:20:28.248  1970  1970 I GeofencerStateMachine: sendNewTransitions called.
07-03 09:20:28.573  1604  1617 E memtrack: Couldn't load memtrack module
07-03 09:20:28.573  1604  1617 W android.os.Debug: failed to get memory consumption info: -1
07-03 09:20:29.181  5305  7352 I chatty  : uid=10104(net.osmand) expire 31 lines
07-03 09:20:29.741  5305  5305 I chatty  : uid=10104(net.osmand) expire 18 lines
07-03 09:20:29.748  5305  5351 I chatty  : uid=10104(net.osmand) RenderingBaseIm expire 16 lines
07-03 09:20:29.767  5305  7353 I chatty  : uid=10104(net.osmand) expire 31 lines
07-03 09:20:29.767  5305  5315 I chatty  : uid=10104(net.osmand) HeapTaskDaemon expire 4 lines
07-03 09:20:30.297  5305  5350 I chatty  : uid=10104(net.osmand) Loader map obje expire 48 lines
07-03 09:20:30.608  1604  1613 I zygote  : Background concurrent copying GC freed 88250(3MB) AllocSpace objects, 48(2MB) LOS objects, 9% free, 58MB/64MB, paused 932us total 1.459s
07-03 09:20:30.948  5305  7355 I chatty  : uid=10104(net.osmand) expire 31 lines
07-03 09:20:32.198  5305  7356 I chatty  : uid=10104(net.osmand) expire 31 lines
07-03 09:20:33.178  5305  7357 I chatty  : uid=10104(net.osmand) expire 31 lines
07-03 09:20:34.167  5305  7358 I chatty  : uid=10104(net.osmand) expire 31 lines
07-03 09:20:35.076  5305  5351 I chatty  : uid=10104(net.osmand) RenderingBaseIm expire 14 lines
07-03 09:20:35.168  5305  5350 I chatty  : uid=10104(net.osmand) Loader map obje expire 80 lines
07-03 09:20:35.211  5305  5305 I chatty  : uid=10104(net.osmand) expire 19 lines
07-03 09:20:35.214  5305  7359 I chatty  : uid=10104(net.osmand) expire 31 lines
07-03 09:20:35.581  5305  5315 I chatty  : uid=10104(net.osmand) HeapTaskDaemon expire 5 lines
07-03 09:20:36.064  5305  7360 I chatty  : uid=10104(net.osmand) expire 31 lines
07-03 09:20:37.157  5305  7361 I chatty  : uid=10104(net.osmand) expire 31 lines
07-03 09:20:38.654  1604  4621 I WifiService: acquireWifiLock uid=10014 lockMode=2
07-03 09:20:38.667  1604  1617 E memtrack: Couldn't load memtrack module
07-03 09:20:38.667  1604  1617 W android.os.Debug: failed to get memory consumption info: -1
07-03 09:20:38.754  1604  1617 E memtrack: Couldn't load memtrack module
07-03 09:20:38.754  1604  1617 W android.os.Debug: failed to get memory consumption info: -1
07-03 09:20:39.817  1604  1621 I WifiService: requestActivityInfo uid=1000
07-03 09:20:39.817  1604  1621 I WifiService: reportActivityInfo uid=1000
07-03 09:20:39.818  1604  1621 I WifiService: getSupportedFeatures uid=1000
07-03 09:20:41.637  1604  3883 D WificondControl: Scan result ready event
07-03 09:20:41.682  1604  3883 I WifiService: releaseWifiLock uid=10014
07-03 09:20:42.047  1410  1410 I boot-pipe: done populating /dev/random
07-03 09:20:42.456  5305  7363 I chatty  : uid=10104(net.osmand) expire 31 lines
07-03 09:20:43.936  5305  5305 I chatty  : uid=10104(net.osmand) expire 27 lines
07-03 09:20:43.940  5305  5351 I chatty  : uid=10104(net.osmand) RenderingBaseIm expire 28 lines
07-03 09:20:44.610  5305  5350 I chatty  : uid=10104(net.osmand) Loader map obje expire 110 lines
07-03 09:20:44.745  5305  5315 I chatty  : uid=10104(net.osmand) HeapTaskDaemon expire 4 lines
07-03 09:20:45.820  1604  1621 I WifiService: requestActivityInfo uid=1000
07-03 09:20:45.820  1604  1621 I WifiService: reportActivityInfo uid=1000
07-03 09:20:45.821  1604  1621 I WifiService: getSupportedFeatures uid=1000
07-03 09:20:49.101  5305  7365 I chatty  : uid=10104(net.osmand) expire 31 lines
07-03 09:20:51.210  5305  5350 I chatty  : uid=10104(net.osmand) Loader map obje expire 55 lines
07-03 09:20:51.679  5305  5315 I chatty  : uid=10104(net.osmand) HeapTaskDaemon expire 5 lines
07-03 09:20:53.028  5305  5305 I chatty  : uid=10104(net.osmand) expire 18 lines
07-03 09:20:53.075  5305  5351 I chatty  : uid=10104(net.osmand) RenderingBaseIm expire 18 lines
07-03 09:20:53.091  5305  7370 I chatty  : uid=10104(net.osmand) expire 31 lines
07-03 09:20:54.173  5305  7371 I chatty  : uid=10104(net.osmand) expire 31 lines
07-03 09:20:55.175  5305  7372 I chatty  : uid=10104(net.osmand) expire 31 lines
07-03 09:20:56.326  5305  7373 I chatty  : uid=10104(net.osmand) expire 31 lines
07-03 09:20:57.059  5305  7374 I chatty  : uid=10104(net.osmand) expire 31 lines
07-03 09:20:57.630  5305  5350 I chatty  : uid=10104(net.osmand) Loader map obje expire 80 lines
07-03 09:20:58.164  5305  5305 I chatty  : uid=10104(net.osmand) expire 21 lines
07-03 09:20:58.170  5305  7375 I chatty  : uid=10104(net.osmand) expire 31 lines
07-03 09:20:58.267  1970  1970 I GeofencerStateMachine: sendNewTransitions called.
07-03 09:20:58.379  1970  1970 I GeofencerStateMachine: sendNewTransitions called.
07-03 09:20:58.397  1970  1970 I GeofencerStateMachine: sendNewLocationAvailability: availability=LocationAvailability[isLocationAvailable: true]
07-03 09:20:58.424  5305  5315 I chatty  : uid=10104(net.osmand) HeapTaskDaemon expire 3 lines
07-03 09:20:58.517  1970  1970 I GeofencerStateMachine: sendNewLocationAvailability: availability=LocationAvailability[isLocationAvailable: true]
07-03 09:20:58.583  5305  5351 I chatty  : uid=10104(net.osmand) RenderingBaseIm expire 14 lines
07-03 09:20:59.180  5305  7376 I chatty  : uid=10104(net.osmand) expire 31 lines
07-03 09:20:59.734  1604  3712 I WifiService: acquireWifiLock uid=10014 lockMode=2
07-03 09:20:59.843  5305  7379 I chatty  : uid=10104(net.osmand) expire 31 lines
07-03 09:21:00.145  1604  1878 I WifiService: releaseWifiLock uid=10014
07-03 09:21:01.466  1604  4621 I zygote  : IncrementDisableThreadFlip blocked for 7.119ms
07-03 09:21:01.468  1604  1614 I zygote  : IncrementDisableThreadFlip blocked for 8.847ms
07-03 09:21:01.497  1604  1686 I zygote  : IncrementDisableThreadFlip blocked for 37.503ms
07-03 09:21:03.657  1604  1613 I zygote  : Background concurrent copying GC freed 89559(3MB) AllocSpace objects, 52(2MB) LOS objects, 9% free, 59MB/65MB, paused 1.070ms total 2.208s
07-03 09:21:03.946  1604  1621 I WifiService: requestActivityInfo uid=1000
07-03 09:21:03.946  1604  1621 I WifiService: reportActivityInfo uid=1000
07-03 09:21:03.946  1604  1621 I WifiService: getSupportedFeatures uid=1000
07-03 09:21:03.957  1604  1621 E BluetoothAdapter: Bluetooth binder is null
07-03 09:21:03.978  1604  1621 E KernelCpuSpeedReader: Failed to read cpu-freq: /sys/devices/system/cpu/cpu0/cpufreq/stats/time_in_state (No such file or directory)
07-03 09:21:03.987  1604  1621 E BatteryExternalStatsWorker: modem info is invalid: ModemActivityInfo{ mTimestamp=0 mSleepTimeMs=0 mIdleTimeMs=0 mTxTimeMs[]=[0, 0, 0, 0, 0] mRxTimeMs=0 mEnergyUsed=0}
07-03 09:21:03.989  5305  5315 I chatty  : uid=10104(net.osmand) HeapTaskDaemon expire 6 lines
07-03 09:21:04.040  5305  5305 I chatty  : uid=10104(net.osmand) expire 55 lines
07-03 09:21:04.101  5305  5351 I chatty  : uid=10104(net.osmand) RenderingBaseIm expire 20 lines
07-03 09:21:04.129  5305  5350 I chatty  : uid=10104(net.osmand) Loader map obje expire 112 lines
07-03 09:21:05.217  5305  7380 I chatty  : uid=10104(net.osmand) expire 31 lines
07-03 09:21:11.732  1707  1729 I zygote  : Background concurrent copying GC freed 172737(6MB) AllocSpace objects, 0(0B) LOS objects, 45% free, 7MB/13MB, paused 1.029ms total 575.212ms
07-03 09:21:14.859  5305  5315 I chatty  : uid=10104(net.osmand) HeapTaskDaemon expire 6 lines
07-03 09:21:14.906  5305  5305 I chatty  : uid=10104(net.osmand) expire 50 lines
07-03 09:21:14.913  5305  7381 I chatty  : uid=10104(net.osmand) expire 31 lines
07-03 09:21:17.606  5305  5351 I chatty  : uid=10104(net.osmand) RenderingBaseIm expire 18 lines
07-03 09:21:17.748  5305  5350 I chatty  : uid=10104(net.osmand) Loader map obje expire 78 lines
07-03 09:21:19.797  1604  5750 I WifiService: acquireWifiLock uid=10014 lockMode=2
07-03 09:21:22.078  5305  7387 I chatty  : uid=10104(net.osmand) expire 31 lines
07-03 09:21:22.807  1604  1614 D WificondControl: Scan result ready event
07-03 09:21:22.868  1604  5750 I WifiService: releaseWifiLock uid=10014
07-03 09:21:23.189  1604  1614 I MediaFocusControl: requestAudioFocus() from uid/pid 10104/5305 clientId=android.media.AudioManager@aecc42bnet.osmand.plus.api.AudioFocusHelperImpl@6668740 callingPack=net.osmand req=3 flags=0x0 sdk=26
07-03 09:21:23.191  4639  5541 I TTS.GoogleTTSServiceImp: Synthesis request for locale por-BRA and name pt-BR-language
07-03 09:21:23.192  4639  5541 I TTS.GoogleTTSServiceImp: TTS dispatch: pt-br-x-afs-lstm-embedded
07-03 09:21:23.392  4639  5542 D AudioTrack: Client defaulted notificationFrames to 1365 for frameCount 4096
07-03 09:21:16.350  1604  1621 E BatteryExternalStatsWorker: modem info is invalid: ModemActivityInfo{ mTimestamp=0 mSleepTimeMs=0 mIdleTimeMs=0 mTxTimeMs[]=[0, 0, 0, 0, 0] mRxTimeMs=0 mEnergyUsed=0}
07-03 09:21:23.407  1604  1614 V MediaRouterService: restoreBluetoothA2dp(false)
07-03 09:21:23.420  1394  3176 W audio_hw_generic: Not supplying enough data to HAL, expected position 394435484 , only wrote 394435440
07-03 09:21:23.479  4639  5541 I TTS.EventProcessor: synthesizeMarkup call to callback.audioAvailable failed: -1
07-03 09:21:23.479  4639 21194 D AudioTrack: stop() called with 4096 frames delivered
07-03 09:21:23.482  4639  5541 E TTS.LocalSynthesizer: synthesizeWithoutLoadingVoice() failed
07-03 09:21:23.484  1604  5750 V MediaRouterService: restoreBluetoothA2dp(false)
07-03 09:21:23.487  1604  1614 I MediaFocusControl: abandonAudioFocus() from uid/pid 10104/5305 clientId=android.media.AudioManager@aecc42bnet.osmand.plus.api.AudioFocusHelperImpl@6668740
07-03 09:21:23.495  5305  5775 I chatty  : uid=10104(net.osmand) Binder:5305_8 expire 2 lines
07-03 09:21:23.503  5305  7390 I chatty  : uid=10104(net.osmand) expire 31 lines
07-03 09:21:24.358  5305  5350 I chatty  : uid=10104(net.osmand) Loader map obje expire 66 lines
07-03 09:21:24.728  5305  5305 I chatty  : uid=10104(net.osmand) expire 27 lines
07-03 09:21:24.794  5305  5351 I chatty  : uid=10104(net.osmand) RenderingBaseIm expire 10 lines
07-03 09:21:24.801  5305  7391 I chatty  : uid=10104(net.osmand) expire 31 lines
07-03 09:21:25.528  5305  5315 I chatty  : uid=10104(net.osmand) HeapTaskDaemon expire 5 lines
07-03 09:21:26.000  5305  7392 I chatty  : uid=10104(net.osmand) expire 31 lines
07-03 09:21:26.263  2061  2074 I zygote  : NativeAlloc concurrent copying GC freed 29431(1334KB) AllocSpace objects, 0(0B) LOS objects, 49% free, 4MB/9MB, paused 16.071ms total 241.888ms
07-03 09:21:26.544  1394  1575 W audio_hw_generic: Not supplying enough data to HAL, expected position 394733581 , only wrote 394585200
07-03 09:21:28.310  1970  1970 I GeofencerStateMachine: sendNewTransitions called.
07-03 09:21:30.441  2934  2965 I Finsky  : [1175] imb.run(3): Stats for Executor: BlockingExecutor ink@1e554f[Running, pool size = 0, active threads = 0, queued tasks = 0, completed tasks = 23]
07-03 09:21:30.441  2934  2965 I Finsky  : [1175] imb.run(3): Stats for Executor: LightweightExecutor ink@50294dc[Running, pool size = 2, active threads = 0, queued tasks = 0, completed tasks = 63]
07-03 09:21:31.228  2934  2965 I Finsky  : [1175] imb.run(3): Stats for Executor: bgExecutor ink@99c99e5[Running, pool size = 4, active threads = 0, queued tasks = 0, completed tasks = 903]
07-03 09:21:31.358  1604  1613 I zygote  : Background concurrent copying GC freed 87541(3MB) AllocSpace objects, 53(2MB) LOS objects, 9% free, 59MB/65MB, paused 2.588ms total 1.228s
07-03 09:21:31.557  5305  7394 I chatty  : uid=10104(net.osmand) expire 31 lines
07-03 09:21:32.223  5305  7395 I chatty  : uid=10104(net.osmand) expire 31 lines
07-03 09:21:32.768  5305  5305 I chatty  : uid=10104(net.osmand) expire 21 lines
07-03 09:21:32.829  5305  5351 I chatty  : uid=10104(net.osmand) RenderingBaseIm expire 22 lines
07-03 09:21:32.910  5305  5350 I chatty  : uid=10104(net.osmand) Loader map obje expire 54 lines
07-03 09:21:33.619  5305  5315 I chatty  : uid=10104(net.osmand) HeapTaskDaemon expire 4 lines
07-03 09:21:33.976  5305  7396 I chatty  : uid=10104(net.osmand) expire 31 lines
07-03 09:21:33.999  1403  1418 D hwcomposer: hw_composer sent 42 syncs in 74s
07-03 09:21:35.198  5305  7397 I chatty  : uid=10104(net.osmand) expire 31 lines
07-03 09:21:35.508  1604  1621 I WifiService: requestActivityInfo uid=1000
07-03 09:21:35.508  1604  1621 I WifiService: reportActivityInfo uid=1000
07-03 09:21:35.508  1604  1621 I WifiService: getSupportedFeatures uid=1000
07-03 09:21:36.189  5305  7399 I chatty  : uid=10104(net.osmand) expire 31 lines
07-03 09:21:37.211  5305  7400 I chatty  : uid=10104(net.osmand) expire 31 lines
07-03 09:21:39.200  5305  7401 I chatty  : uid=10104(net.osmand) expire 31 lines
07-03 09:21:39.446  5305  5350 I chatty  : uid=10104(net.osmand) Loader map obje expire 53 lines
07-03 09:21:39.834  1604  1878 I WifiService: acquireWifiLock uid=10014 lockMode=2
07-03 09:21:39.879  1604  1675 D RecurrenceRule: Resolving using anchor 2019-07-03T13:21:39.879Z[GMT]
07-03 09:21:39.881  1604  1675 D RecurrenceRule: Resolving using anchor 2019-07-03T13:21:39.881Z[GMT]
07-03 09:21:39.883  1604  1675 D RecurrenceRule: Cycle 17 from 2019-06-09T00:00Z[GMT] to 2019-07-09T00:00Z[GMT]
07-03 09:21:39.883  1604  1675 D NetworkStats: Resolving plan for NetworkTemplate: matchRule=MOBILE_ALL, subscriberId=310260..., matchSubscriberIds=[310260...]
07-03 09:21:39.886  1604  1675 D NetworkStats: Found active matching subId 1
07-03 09:21:39.900  1604  1675 D NetworkStats: Resolved to plan null
07-03 09:21:39.935  1604  1878 I WifiService: releaseWifiLock uid=10014
07-03 09:21:39.956  5305  5315 I chatty  : uid=10104(net.osmand) HeapTaskDaemon expire 3 lines
07-03 09:21:40.191  5305  5305 I chatty  : uid=10104(net.osmand) expire 13 lines
07-03 09:21:40.212  5305  7402 I chatty  : uid=10104(net.osmand) expire 31 lines
07-03 09:21:40.548  5305  5351 I chatty  : uid=10104(net.osmand) RenderingBaseIm expire 18 lines
07-03 09:21:41.236  5305  7403 I chatty  : uid=10104(net.osmand) expire 31 lines
07-03 09:21:41.847  5305  7404 I chatty  : uid=10104(net.osmand) expire 31 lines
07-03 09:21:42.049  1410  1410 I boot-pipe: done populating /dev/random
07-03 09:21:43.005  5305  7405 I chatty  : uid=10104(net.osmand) expire 31 lines
07-03 09:21:43.737  5305  5350 I chatty  : uid=10104(net.osmand) Loader map obje expire 101 lines
07-03 09:21:43.967  5305  5315 I chatty  : uid=10104(net.osmand) HeapTaskDaemon expire 6 lines
07-03 09:21:44.223  5305  5305 I chatty  : uid=10104(net.osmand) expire 34 lines
07-03 09:21:44.229  5305  7406 I chatty  : uid=10104(net.osmand) expire 31 lines
07-03 09:21:44.316  1604  1621 I WifiService: requestActivityInfo uid=1000
07-03 09:21:44.316  1604  1621 I WifiService: reportActivityInfo uid=1000
07-03 09:21:44.316  1604  1621 I WifiService: getSupportedFeatures uid=1000
07-03 09:21:44.471  5305  5351 I chatty  : uid=10104(net.osmand) RenderingBaseIm expire 22 lines
07-03 09:21:46.703  5305  7408 I chatty  : uid=10104(net.osmand) expire 31 lines
07-03 09:21:52.060  5305  7413 I chatty  : uid=10104(net.osmand) expire 31 lines
07-03 09:21:53.028  5305  5315 I chatty  : uid=10104(net.osmand) HeapTaskDaemon expire 6 lines
07-03 09:21:53.231  5305  5305 I chatty  : uid=10104(net.osmand) expire 20 lines
07-03 09:21:53.236  5305  7414 I chatty  : uid=10104(net.osmand) expire 31 lines
07-03 09:21:53.424  5305  5351 I chatty  : uid=10104(net.osmand) RenderingBaseIm expire 20 lines
07-03 09:21:53.893  5305  5350 I chatty  : uid=10104(net.osmand) Loader map obje expire 64 lines
07-03 09:21:54.238  5305  7415 I chatty  : uid=10104(net.osmand) expire 31 lines
07-03 09:21:57.448  1707  1729 I zygote  : Background concurrent copying GC freed 173024(6MB) AllocSpace objects, 0(0B) LOS objects, 46% free, 6MB/12MB, paused 2.951ms total 168.265ms
07-03 09:21:58.195  5305  7417 I chatty  : uid=10104(net.osmand) expire 31 lines
07-03 09:21:59.219  5305  7418 I chatty  : uid=10104(net.osmand) expire 31 lines
07-03 09:21:59.221  1970  1970 I GeofencerStateMachine: sendNewTransitions called.
07-03 09:21:59.286  1970  1970 I GeofencerStateMachine: sendNewTransitions called.
07-03 09:21:59.329  1970  1970 I GeofencerStateMachine: sendNewLocationAvailability: availability=LocationAvailability[isLocationAvailable: true]
07-03 09:21:59.399  1970  1970 I GeofencerStateMachine: sendNewLocationAvailability: availability=LocationAvailability[isLocationAvailable: true]
07-03 09:22:00.223  5305  7419 I chatty  : uid=10104(net.osmand) expire 31 lines
07-03 09:22:00.897  1604  3574 I WifiService: acquireWifiLock uid=10014 lockMode=2
07-03 09:22:00.942  5305  5305 I chatty  : uid=10104(net.osmand) expire 22 lines
07-03 09:22:01.038  5305  7421 I chatty  : uid=10104(net.osmand) expire 31 lines
07-03 09:22:01.047  5305  5351 I chatty  : uid=10104(net.osmand) RenderingBaseIm expire 8 lines
07-03 09:22:01.255  5305  5350 I chatty  : uid=10104(net.osmand) Loader map obje expire 64 lines
07-03 09:22:02.087  1970  1980 I zygote  : Background concurrent copying GC freed 105462(4MB) AllocSpace objects, 0(0B) LOS objects, 39% free, 9MB/15MB, paused 14.502ms total 349.260ms
07-03 09:22:02.231  5305  7426 I chatty  : uid=10104(net.osmand) expire 31 lines
07-03 09:22:02.337  1604  1621 I WifiService: requestActivityInfo uid=1000
07-03 09:22:02.337  1604  1621 I WifiService: reportActivityInfo uid=1000
07-03 09:22:02.337  1604  1621 I WifiService: getSupportedFeatures uid=1000
07-03 09:22:03.063  5305  5315 I chatty  : uid=10104(net.osmand) HeapTaskDaemon expire 3 lines
07-03 09:22:03.079  1604  1613 I zygote  : Background concurrent copying GC freed 85291(3MB) AllocSpace objects, 50(2MB) LOS objects, 9% free, 59MB/65MB, paused 1.512ms total 2.105s
07-03 09:22:03.206  5305  7428 I chatty  : uid=10104(net.osmand) expire 31 lines
07-03 09:22:03.948  1604  3883 D WificondControl: Scan result ready event
07-03 09:22:04.251  1604  1614 I WifiService: releaseWifiLock uid=10014
07-03 09:22:06.299  5305  7429 I chatty  : uid=10104(net.osmand) expire 31 lines
07-03 09:22:07.219  5305  7430 I chatty  : uid=10104(net.osmand) expire 31 lines
07-03 09:22:07.690  5305  5305 I chatty  : uid=10104(net.osmand) expire 40 lines
07-03 09:22:07.882  5305  5351 I chatty  : uid=10104(net.osmand) RenderingBaseIm expire 20 lines
07-03 09:22:08.309  5305  5350 I chatty  : uid=10104(net.osmand) Loader map obje expire 96 lines
07-03 09:22:08.317  1604  1621 I WifiService: requestActivityInfo uid=1000
07-03 09:22:08.318  1604  1621 I WifiService: reportActivityInfo uid=1000
07-03 09:22:08.318  1604  1621 I WifiService: getSupportedFeatures uid=1000
07-03 09:22:08.653  5305  5315 I chatty  : uid=10104(net.osmand) HeapTaskDaemon expire 5 lines
07-03 09:22:11.312  5305  7432 I chatty  : uid=10104(net.osmand) expire 31 lines
07-03 09:22:12.250  5305  7433 I chatty  : uid=10104(net.osmand) expire 31 lines
07-03 09:22:13.240  5305  7434 I chatty  : uid=10104(net.osmand) expire 31 lines
07-03 09:22:17.413  5305  5305 I chatty  : uid=10104(net.osmand) expire 35 lines
07-03 09:22:17.871  5305  5351 I chatty  : uid=10104(net.osmand) RenderingBaseIm expire 29 lines
07-03 09:22:18.100  5305  5350 I chatty  : uid=10104(net.osmand) Loader map obje expire 96 lines
07-03 09:22:18.583  5305  5315 I chatty  : uid=10104(net.osmand) HeapTaskDaemon expire 6 lines
07-03 09:22:21.036  1604  3883 I WifiService: acquireWifiLock uid=10014 lockMode=2
07-03 09:22:21.069  1604  1617 E memtrack: Couldn't load memtrack module
07-03 09:22:21.069  1604  1617 W android.os.Debug: failed to get memory consumption info: -1
07-03 09:22:21.276  1604  3883 I WifiService: releaseWifiLock uid=10014
07-03 09:22:21.678  1604  1617 E memtrack: Couldn't load memtrack module
07-03 09:22:21.678  1604  1617 W android.os.Debug: failed to get memory consumption info: -1
07-03 09:22:21.993  1604  1617 E memtrack: Couldn't load memtrack module
07-03 09:22:21.993  1604  1617 W android.os.Debug: failed to get memory consumption info: -1
07-03 09:22:24.214  5305  7435 I chatty  : uid=10104(net.osmand) expire 31 lines
07-03 09:22:25.230  5305  7436 I chatty  : uid=10104(net.osmand) expire 31 lines
07-03 09:22:26.041  5305  5351 I chatty  : uid=10104(net.osmand) RenderingBaseIm expire 17 lines
07-03 09:22:26.092  5305  5305 I chatty  : uid=10104(net.osmand) expire 26 lines
07-03 09:22:26.097  5305  7437 I chatty  : uid=10104(net.osmand) expire 31 lines
07-03 09:22:26.277  5305  5350 I chatty  : uid=10104(net.osmand) Loader map obje expire 80 lines
07-03 09:22:27.101  5305  5315 I chatty  : uid=10104(net.osmand) HeapTaskDaemon expire 4 lines
07-03 09:22:27.235  5305  7438 I chatty  : uid=10104(net.osmand) expire 31 lines
07-03 09:22:28.232  5305  7439 I chatty  : uid=10104(net.osmand) expire 31 lines
07-03 09:22:29.377  5305  7440 I chatty  : uid=10104(net.osmand) expire 31 lines
07-03 09:22:30.023  1970  1970 I GeofencerStateMachine: sendNewTransitions called.
07-03 09:22:31.272  5305  7442 I chatty  : uid=10104(net.osmand) expire 31 lines
07-03 09:22:32.696  5305  5305 I chatty  : uid=10104(net.osmand) expire 24 lines
07-03 09:22:32.860  5305  5351 I chatty  : uid=10104(net.osmand) RenderingBaseIm expire 30 lines
07-03 09:22:33.015  5305  5350 I chatty  : uid=10104(net.osmand) Loader map obje expire 126 lines
07-03 09:22:33.302  1604  1613 I zygote  : Background concurrent copying GC freed 92239(3MB) AllocSpace objects, 56(2MB) LOS objects, 9% free, 59MB/65MB, paused 1.290ms total 2.085s
07-03 09:22:33.812  5305  5315 I chatty  : uid=10104(net.osmand) HeapTaskDaemon expire 8 lines
07-03 09:22:36.223  5305  7443 I chatty  : uid=10104(net.osmand) expire 31 lines
07-03 09:22:39.256  1403  1418 D hwcomposer: hw_composer sent 42 syncs in 65s
07-03 09:22:41.049  1604  3712 I WifiService: acquireWifiLock uid=10014 lockMode=2
07-03 09:22:41.057  1604  1617 E memtrack: Couldn't load memtrack module
07-03 09:22:41.058  1604  1617 W android.os.Debug: failed to get memory consumption info: -1
07-03 09:22:42.051  1410  1410 I boot-pipe: done populating /dev/random
07-03 09:22:42.082  1707  1729 I zygote  : Background concurrent copying GC freed 171162(6MB) AllocSpace objects, 0(0B) LOS objects, 46% free, 7MB/13MB, paused 5.243ms total 224.800ms
07-03 09:22:42.987  5305  7444 I chatty  : uid=10104(net.osmand) expire 31 lines
07-03 09:22:43.664  5305  5350 I chatty  : uid=10104(net.osmand) Loader map obje expire 81 lines
07-03 09:22:44.032  1604  3712 D WificondControl: Scan result ready event
07-03 09:22:44.121  1604  7927 I WifiService: releaseWifiLock uid=10014
07-03 09:22:44.212  5305  5305 I chatty  : uid=10104(net.osmand) expire 30 lines
07-03 09:22:44.290  5305  5351 I chatty  : uid=10104(net.osmand) RenderingBaseIm expire 16 lines
07-03 09:22:44.298  1604  3883 I MediaFocusControl: requestAudioFocus() from uid/pid 10104/5305 clientId=android.media.AudioManager@aecc42bnet.osmand.plus.api.AudioFocusHelperImpl@d497e16 callingPack=net.osmand req=3 flags=0x0 sdk=26
07-03 09:22:44.303  4639  5541 I TTS.GoogleTTSServiceImp: Synthesis request for locale por-BRA and name pt-BR-language
07-03 09:22:44.304  4639  5541 I TTS.GoogleTTSServiceImp: TTS dispatch: pt-br-x-afs-lstm-embedded
07-03 09:22:44.391  4639  5542 D AudioTrack: Client defaulted notificationFrames to 1365 for frameCount 4096
07-03 09:22:44.394  1604  1614 V MediaRouterService: restoreBluetoothA2dp(false)
07-03 09:22:44.401  1394  3176 W audio_hw_generic: Not supplying enough data to HAL, expected position 394585383 , only wrote 394585200
07-03 09:22:45.120  5305  5315 I chatty  : uid=10104(net.osmand) HeapTaskDaemon expire 5 lines
07-03 09:22:45.627  4639 21194 D AudioTrack: stop() called with 29497 frames delivered
07-03 09:22:45.630  1604  3712 I MediaFocusControl: abandonAudioFocus() from uid/pid 10104/5305 clientId=android.media.AudioManager@aecc42bnet.osmand.plus.api.AudioFocusHelperImpl@d497e16
07-03 09:22:45.631  1604  7927 V MediaRouterService: restoreBluetoothA2dp(false)
07-03 09:22:45.634  4639  5541 I TTS.EventProcessor: synthesizeMarkup call to callback.audioAvailable failed: -1
07-03 09:22:45.639  5305  5947 I chatty  : uid=10104(net.osmand) Binder:5305_9 expire 2 lines
07-03 09:22:45.658  5305  7447 I chatty  : uid=10104(net.osmand) expire 31 lines
07-03 09:22:47.370  2061  2074 I zygote  : NativeAlloc concurrent copying GC freed 30033(1348KB) AllocSpace objects, 0(0B) LOS objects, 50% free, 4MB/9MB, paused 1.314ms total 173.396ms
07-03 09:22:48.196  1394  3176 W audio_hw_generic: Not supplying enough data to HAL, expected position 394767327 , only wrote 394766640
07-03 09:22:48.196  1394  3176 W audio_hw_generic: Not supplying enough data to HAL, expected position 394766676 , only wrote 394766640
07-03 09:22:48.213  1394  3176 W audio_hw_generic: Not supplying enough data to HAL, expected position 394767423 , only wrote 394767360
07-03 09:22:48.502  5305  7448 I chatty  : uid=10104(net.osmand) expire 31 lines
07-03 09:22:48.664  1394  1575 W audio_hw_generic: Not supplying enough data to HAL, expected position 394810182 , only wrote 394788960
07-03 09:22:49.689  5305  7449 I chatty  : uid=10104(net.osmand) expire 31 lines
07-03 09:22:52.149  5305  7454 I chatty  : uid=10104(net.osmand) expire 4 lines
07-03 09:22:52.548  5305  5536 I chatty  : uid=10104(net.osmand) pool-2-thread-1 expire 2 lines
07-03 09:22:53.158  5305  5350 I chatty  : uid=10104(net.osmand) Loader map obje expire 99 lines
07-03 09:22:53.296  5305  5305 I chatty  : uid=10104(net.osmand) expire 29 lines
07-03 09:22:53.966  5305  5351 I chatty  : uid=10104(net.osmand) RenderingBaseIm expire 30 lines
07-03 09:22:54.651  5305  5315 I chatty  : uid=10104(net.osmand) HeapTaskDaemon expire 4 lines
07-03 09:22:55.228  1604  1617 I zygote  : IncrementDisableThreadFlip blocked for 5.053ms
07-03 09:22:55.475  5305  7454 I chatty  : uid=10104(net.osmand) expire 27 lines
07-03 09:22:56.898  1604  1613 I zygote  : Background concurrent copying GC freed 82937(3MB) AllocSpace objects, 54(2MB) LOS objects, 9% free, 59MB/65MB, paused 1.725ms total 1.720s
07-03 09:22:57.790  1604  3712 I MediaFocusControl: requestAudioFocus() from uid/pid 10104/5305 clientId=android.media.AudioManager@aecc42bnet.osmand.plus.api.AudioFocusHelperImpl@e487b52 callingPack=net.osmand req=3 flags=0x0 sdk=26
07-03 09:22:57.796  4639  5541 I TTS.GoogleTTSServiceImp: Synthesis request for locale por-BRA and name pt-BR-language
07-03 09:22:57.797  4639  5541 I TTS.GoogleTTSServiceImp: TTS dispatch: pt-br-x-afs-lstm-embedded
07-03 09:22:57.930  4639  5542 D AudioTrack: Client defaulted notificationFrames to 1365 for frameCount 4096
07-03 09:22:57.936  1604  1878 V MediaRouterService: restoreBluetoothA2dp(false)
07-03 09:22:57.945  1394  3176 W audio_hw_generic: Not supplying enough data to HAL, expected position 394789144 , only wrote 394788960
07-03 09:23:00.129  1477  1572 D AudioFlinger: mixer(0xac983140) throttle end: throttle time(2)
07-03 09:23:00.385  1970  1970 I GeofencerStateMachine: sendNewTransitions called.
07-03 09:23:00.517  1970  1970 I GeofencerStateMachine: sendNewTransitions called.
07-03 09:23:00.527  1970  1970 I GeofencerStateMachine: sendNewLocationAvailability: availability=LocationAvailability[isLocationAvailable: true]
07-03 09:23:00.551  4639 21194 D AudioTrack: stop() called with 59661 frames delivered
07-03 09:23:00.555  1604  3883 I MediaFocusControl: abandonAudioFocus() from uid/pid 10104/5305 clientId=android.media.AudioManager@aecc42bnet.osmand.plus.api.AudioFocusHelperImpl@e487b52
07-03 09:23:00.556  4639  5541 I TTS.EventProcessor: synthesizeMarkup call to callback.audioAvailable failed: -1
07-03 09:23:00.571  5305  5947 I chatty  : uid=10104(net.osmand) Binder:5305_9 expire 2 lines
07-03 09:23:00.600  5305  7457 I chatty  : uid=10104(net.osmand) expire 31 lines
07-03 09:23:00.678  1970  1970 I GeofencerStateMachine: sendNewLocationAvailability: availability=LocationAvailability[isLocationAvailable: true]
07-03 09:23:01.936  5305  7458 I chatty  : uid=10104(net.osmand) expire 31 lines
07-03 09:23:02.222  1604  3883 I WifiService: acquireWifiLock uid=10014 lockMode=2
07-03 09:23:02.721  1604  3574 I WifiService: releaseWifiLock uid=10014
07-03 09:23:03.138  1394  3176 W audio_hw_generic: Not supplying enough data to HAL, expected position 395038208 , only wrote 395038080
07-03 09:23:03.192  5305  7460 I chatty  : uid=10104(net.osmand) expire 31 lines
07-03 09:23:03.351  5305  5351 I chatty  : uid=10104(net.osmand) RenderingBaseIm expire 14 lines
07-03 09:23:03.523  5305  5350 I chatty  : uid=10104(net.osmand) Loader map obje expire 64 lines
07-03 09:23:03.589  1394  1575 W audio_hw_generic: Not supplying enough data to HAL, expected position 395080372 , only wrote 395059680
07-03 09:23:03.917  5305  5315 I chatty  : uid=10104(net.osmand) HeapTaskDaemon expire 4 lines
07-03 09:23:04.249  5305  5305 I chatty  : uid=10104(net.osmand) expire 20 lines
07-03 09:23:04.263  5305  7461 I chatty  : uid=10104(net.osmand) expire 31 lines
07-03 09:23:04.777  1604  1621 I WifiService: requestActivityInfo uid=1000
07-03 09:23:04.777  1604  1621 I WifiService: reportActivityInfo uid=1000
07-03 09:23:04.777  1604  1621 I WifiService: getSupportedFeatures uid=1000
07-03 09:23:05.259  5305  7463 I chatty  : uid=10104(net.osmand) expire 31 lines
07-03 09:23:05.858  5305  7464 I chatty  : uid=10104(net.osmand) expire 31 lines
07-03 09:23:05.964  1604  1621 I WifiService: requestActivityInfo uid=1000
07-03 09:23:05.964  1604  1621 I WifiService: reportActivityInfo uid=1000
07-03 09:23:05.964  1604  1621 I WifiService: getSupportedFeatures uid=1000
07-03 09:23:07.021  5305  7467 I chatty  : uid=10104(net.osmand) expire 31 lines
07-03 09:23:08.791  5305  5350 I chatty  : uid=10104(net.osmand) Loader map obje expire 80 lines
07-03 09:23:08.988  5305  5351 I chatty  : uid=10104(net.osmand) RenderingBaseIm expire 28 lines
07-03 09:23:09.539  5305  5315 I chatty  : uid=10104(net.osmand) HeapTaskDaemon expire 5 lines
07-03 09:23:09.612  5305  5305 I chatty  : uid=10104(net.osmand) expire 18 lines
07-03 09:23:10.776  5305  7468 I chatty  : uid=10104(net.osmand) expire 31 lines
07-03 09:23:12.057  5305  7469 I chatty  : uid=10104(net.osmand) expire 31 lines
07-03 09:23:13.363  5305  7471 I chatty  : uid=10104(net.osmand) expire 31 lines
07-03 09:23:14.275  5305  7472 I chatty  : uid=10104(net.osmand) expire 31 lines
07-03 09:23:15.965  5305  5305 I chatty  : uid=10104(net.osmand) expire 51 lines
07-03 09:23:15.968  5305  7473 I chatty  : uid=10104(net.osmand) expire 13 lines
07-03 09:23:15.973  5305  5351 I chatty  : uid=10104(net.osmand) RenderingBaseIm expire 30 lines
07-03 09:23:16.370  5305  5350 I chatty  : uid=10104(net.osmand) Loader map obje expire 144 lines
07-03 09:23:17.037  5305  5315 I chatty  : uid=10104(net.osmand) HeapTaskDaemon expire 6 lines
07-03 09:23:22.431  1604  3712 I WifiService: acquireWifiLock uid=10014 lockMode=2
07-03 09:23:23.929  1707  1729 I zygote  : Background concurrent copying GC freed 171297(6MB) AllocSpace objects, 0(0B) LOS objects, 46% free, 6MB/12MB, paused 7.288ms total 342.941ms
07-03 09:23:23.987  2934  2995 E PlayCommon: [1205] adnc.d(289): Failed to connect to server: java.net.ConnectException: Failed to connect to play.googleapis.com/172.217.28.10:443
07-03 09:23:25.430  1604  4621 D WificondControl: Scan result ready event
07-03 09:23:25.788  1604  1878 I WifiService: releaseWifiLock uid=10014
07-03 09:23:28.730  1604  1613 I zygote  : Background concurrent copying GC freed 88017(3MB) AllocSpace objects, 52(2MB) LOS objects, 9% free, 59MB/65MB, paused 1.257ms total 3.033s
07-03 09:23:28.886  5305  5305 I chatty  : uid=10104(net.osmand) expire 3 lines
07-03 09:23:29.034  5305  5351 I chatty  : uid=10104(net.osmand) RenderingBaseIm expire 32 lines
07-03 09:23:29.677  5305  7473 I chatty  : uid=10104(net.osmand) expire 18 lines
07-03 09:23:29.772  5305  5350 I chatty  : uid=10104(net.osmand) Loader map obje expire 94 lines
07-03 09:23:30.145  5305  5305 I chatty  : uid=10104(net.osmand) expire 18 lines
07-03 09:23:30.148  5305  7474 I chatty  : uid=10104(net.osmand) expire 31 lines
07-03 09:23:31.267  5305  7476 I chatty  : uid=10104(net.osmand) expire 31 lines
07-03 09:23:31.279  1970  1970 I GeofencerStateMachine: sendNewTransitions called.
07-03 09:23:31.833  5305  5315 I chatty  : uid=10104(net.osmand) HeapTaskDaemon expire 4 lines
07-03 09:23:32.269  5305  7477 I chatty  : uid=10104(net.osmand) expire 31 lines
07-03 09:23:35.422  5305  7478 I chatty  : uid=10104(net.osmand) expire 31 lines
07-03 09:23:36.153  5305  5350 I chatty  : uid=10104(net.osmand) Loader map obje expire 82 lines
07-03 09:23:36.334  5305  5305 I chatty  : uid=10104(net.osmand) expire 28 lines
07-03 09:23:36.897  5305  5351 I chatty  : uid=10104(net.osmand) RenderingBaseIm expire 16 lines
07-03 09:23:37.716  5305  5315 I chatty  : uid=10104(net.osmand) HeapTaskDaemon expire 4 lines
07-03 09:23:39.232  5305  7479 I chatty  : uid=10104(net.osmand) expire 31 lines
07-03 09:23:39.251  1403  1418 D hwcomposer: hw_composer sent 12 syncs in 60s
07-03 09:23:39.500  1604  1878 I MediaFocusControl: requestAudioFocus() from uid/pid 10104/5305 clientId=android.media.AudioManager@aecc42bnet.osmand.plus.api.AudioFocusHelperImpl@7e3246b callingPack=net.osmand req=3 flags=0x0 sdk=26
07-03 09:23:39.505  4639  5541 I TTS.GoogleTTSServiceImp: Synthesis request for locale por-BRA and name pt-BR-language
07-03 09:23:39.506  4639  5541 I TTS.GoogleTTSServiceImp: TTS dispatch: pt-br-x-afs-lstm-embedded
07-03 09:23:39.521  4639  5542 D AudioTrack: Client defaulted notificationFrames to 1365 for frameCount 4096
07-03 09:23:00.556  1604  1878 V MediaRouterService: restoreBluetoothA2dp(false)
07-03 09:23:39.528  1604  3883 V MediaRouterService: restoreBluetoothA2dp(false)
07-03 09:23:39.528  1394  3176 W audio_hw_generic: Not supplying enough data to HAL, expected position 395059731 , only wrote 395059680
07-03 09:23:40.291  5305  7482 I chatty  : uid=10104(net.osmand) expire 31 lines
07-03 09:23:41.304  4639  5541 I TTS.GoogleTTSServiceImp: Synthesis request for locale por-BRA and name pt-BR-language
07-03 09:23:41.305  4639  5541 I TTS.GoogleTTSServiceImp: TTS dispatch: pt-br-x-afs-lstm-embedded
07-03 09:23:41.693  4639  5542 D AudioTrack: stop() called with 45980 frames delivered
07-03 09:23:41.695  1604  1878 V MediaRouterService: restoreBluetoothA2dp(false)
07-03 09:23:41.701  5305  5947 I chatty  : uid=10104(net.osmand) Binder:5305_9 expire 5 lines
07-03 09:23:41.705  4639  5542 D AudioTrack: Client defaulted notificationFrames to 1365 for frameCount 4096
07-03 09:23:41.721  1604  7927 V MediaRouterService: restoreBluetoothA2dp(false)
07-03 09:23:42.055  1410  1410 I boot-pipe: done populating /dev/random
07-03 09:23:42.634  1604  7927 I WifiService: acquireWifiLock uid=10014 lockMode=2
07-03 09:23:42.804  1604  7927 I WifiService: releaseWifiLock uid=10014
07-03 09:23:42.953  1477  1572 D AudioFlinger: mixer(0xac983140) throttle end: throttle time(7)
07-03 09:23:43.226  1477  1572 D AudioFlinger: mixer(0xac983140) throttle end: throttle time(4)
07-03 09:23:43.296  4639 21194 D AudioTrack: stop() called with 37435 frames delivered
07-03 09:23:43.301  4639  5541 I TTS.EventProcessor: synthesizeMarkup call to callback.audioAvailable failed: -1
07-03 09:23:43.304  4639  5541 E TTS.LocalSynthesizer: synthesizeWithoutLoadingVoice() failed
07-03 09:23:43.307  1604  3712 I MediaFocusControl: abandonAudioFocus() from uid/pid 10104/5305 clientId=android.media.AudioManager@aecc42bnet.osmand.plus.api.AudioFocusHelperImpl@7e3246b
07-03 09:23:43.309  1604  3883 V MediaRouterService: restoreBluetoothA2dp(false)
07-03 09:23:43.318  5305  7485 I chatty  : uid=10104(net.osmand) expire 31 lines
07-03 09:23:44.267  5305  5305 I chatty  : uid=10104(net.osmand) expire 15 lines
07-03 09:23:44.269  5305  7486 I chatty  : uid=10104(net.osmand) expire 31 lines
07-03 09:23:44.668  5305  5351 I chatty  : uid=10104(net.osmand) RenderingBaseIm expire 24 lines
07-03 09:23:45.253  5305  5315 I chatty  : uid=10104(net.osmand) HeapTaskDaemon expire 4 lines
07-03 09:23:45.262  5305  7487 I chatty  : uid=10104(net.osmand) expire 31 lines
07-03 09:23:45.373  5305  5350 I chatty  : uid=10104(net.osmand) Loader map obje expire 55 lines
07-03 09:23:45.950  1394  3176 W audio_hw_generic: Not supplying enough data to HAL, expected position 395367906 , only wrote 395367840
07-03 09:23:45.950  1394  3176 W audio_hw_generic: Not supplying enough data to HAL, expected position 395367866 , only wrote 395367840
07-03 09:23:45.966  1394  3176 W audio_hw_generic: Not supplying enough data to HAL, expected position 395368604 , only wrote 395368560
07-03 09:23:46.006  5305  7488 I chatty  : uid=10104(net.osmand) expire 31 lines
07-03 09:23:46.343  1394  1575 W audio_hw_generic: Not supplying enough data to HAL, expected position 395403514 , only wrote 395386560
07-03 09:23:47.111  5305  7489 I chatty  : uid=10104(net.osmand) expire 31 lines
07-03 09:23:48.260  5305  7490 I chatty  : uid=10104(net.osmand) expire 31 lines
07-03 09:23:49.257  5305  7491 I chatty  : uid=10104(net.osmand) expire 31 lines
07-03 09:23:49.363  5305  5350 I chatty  : uid=10104(net.osmand) Loader map obje expire 69 lines
07-03 09:23:49.883  5305  5305 I chatty  : uid=10104(net.osmand) expire 13 lines
07-03 09:23:49.889  5305  5351 I chatty  : uid=10104(net.osmand) RenderingBaseIm expire 18 lines
07-03 09:23:49.894  5305  7492 I chatty  : uid=10104(net.osmand) expire 31 lines
07-03 09:23:50.352  5305  7497 I chatty  : uid=10104(net.osmand) expire 31 lines
07-03 09:23:50.818  5305  5315 I chatty  : uid=10104(net.osmand) HeapTaskDaemon expire 2 lines
07-03 09:23:51.373  5305  7498 I chatty  : uid=10104(net.osmand) expire 31 lines
07-03 09:23:53.285  5305  7499 I chatty  : uid=10104(net.osmand) expire 31 lines
07-03 09:23:54.006  5305  5350 I chatty  : uid=10104(net.osmand) Loader map obje expire 59 lines
07-03 09:23:54.208  5305  5315 I chatty  : uid=10104(net.osmand) HeapTaskDaemon expire 5 lines
07-03 09:23:54.256  5305  5305 I chatty  : uid=10104(net.osmand) expire 16 lines
07-03 09:23:54.257  5305  7500 I chatty  : uid=10104(net.osmand) expire 31 lines
07-03 09:23:54.784  5305  5351 I chatty  : uid=10104(net.osmand) RenderingBaseIm expire 20 lines
07-03 09:23:54.793  5305  7501 I chatty  : uid=10104(net.osmand) expire 31 lines
07-03 09:23:56.103  5305  7502 I chatty  : uid=10104(net.osmand) expire 31 lines
07-03 09:23:57.253  5305  7503 I chatty  : uid=10104(net.osmand) expire 31 lines
07-03 09:23:58.279  5305  7504 I chatty  : uid=10104(net.osmand) expire 31 lines
07-03 09:23:59.298  5305  5350 I chatty  : uid=10104(net.osmand) Loader map obje expire 73 lines
07-03 09:23:59.832  5305  5305 I chatty  : uid=10104(net.osmand) expire 20 lines
07-03 09:23:59.893  5305  7505 I chatty  : uid=10104(net.osmand) expire 31 lines
07-03 09:23:59.893  5305  5351 I chatty  : uid=10104(net.osmand) RenderingBaseIm expire 12 lines
07-03 09:24:00.923  5305  5315 I chatty  : uid=10104(net.osmand) HeapTaskDaemon expire 4 lines
07-03 09:24:01.061  5305  7506 I chatty  : uid=10104(net.osmand) expire 31 lines
07-03 09:24:02.314  1970  1970 I GeofencerStateMachine: sendNewTransitions called.
07-03 09:24:02.317  5305  7507 I chatty  : uid=10104(net.osmand) expire 31 lines
07-03 09:24:02.407  1970  1970 I GeofencerStateMachine: sendNewTransitions called.
07-03 09:24:02.422  1970  1970 I GeofencerStateMachine: sendNewLocationAvailability: availability=LocationAvailability[isLocationAvailable: true]
07-03 09:24:02.502  1970  1970 I GeofencerStateMachine: sendNewLocationAvailability: availability=LocationAvailability[isLocationAvailable: true]
07-03 09:24:03.280  5305  7508 I chatty  : uid=10104(net.osmand) expire 31 lines
07-03 09:24:03.788  1604  4621 I WifiService: acquireWifiLock uid=10014 lockMode=2
07-03 09:24:04.032  1604  1621 E BatteryExternalStatsWorker: modem info is invalid: ModemActivityInfo{ mTimestamp=0 mSleepTimeMs=0 mIdleTimeMs=0 mTxTimeMs[]=[0, 0, 0, 0, 0] mRxTimeMs=0 mEnergyUsed=0}
07-03 09:24:04.317  5305  7511 I chatty  : uid=10104(net.osmand) expire 31 lines
07-03 09:24:04.927  5305  5305 I chatty  : uid=10104(net.osmand) expire 17 lines
07-03 09:24:04.933  5305  7512 I chatty  : uid=10104(net.osmand) expire 31 lines
07-03 09:24:05.045  5305  5351 I chatty  : uid=10104(net.osmand) RenderingBaseIm expire 24 lines
07-03 09:24:05.660  5305  5350 I chatty  : uid=10104(net.osmand) Loader map obje expire 65 lines
07-03 09:24:05.905  5305  5315 I chatty  : uid=10104(net.osmand) HeapTaskDaemon expire 3 lines
07-03 09:24:06.184  5305  7513 I chatty  : uid=10104(net.osmand) expire 31 lines
07-03 09:24:06.787  1604  7927 D WificondControl: Scan result ready event
07-03 09:24:06.922  1604  3574 I WifiService: releaseWifiLock uid=10014
07-03 09:24:07.124  1970  1980 I zygote  : Background concurrent copying GC freed 106371(4MB) AllocSpace objects, 0(0B) LOS objects, 39% free, 9MB/15MB, paused 7.357ms total 270.025ms
07-03 09:24:07.283  5305  7514 I chatty  : uid=10104(net.osmand) expire 31 lines
07-03 09:24:07.613  1604  1613 I zygote  : Background concurrent copying GC freed 80689(3MB) AllocSpace objects, 38(1976KB) LOS objects, 9% free, 59MB/65MB, paused 1.587ms total 1.491s
07-03 09:24:08.899  5305  7516 I chatty  : uid=10104(net.osmand) expire 31 lines
07-03 09:24:10.071  5305  7517 I chatty  : uid=10104(net.osmand) expire 31 lines
07-03 09:24:10.398  5305  5305 I chatty  : uid=10104(net.osmand) expire 16 lines
07-03 09:24:10.419  5305  5350 I chatty  : uid=10104(net.osmand) Loader map obje expire 63 lines
07-03 09:24:10.882  5305  5315 I chatty  : uid=10104(net.osmand) HeapTaskDaemon expire 4 lines
07-03 09:24:11.277  5305  7518 I chatty  : uid=10104(net.osmand) expire 31 lines
07-03 09:24:11.276  5305  5351 I chatty  : uid=10104(net.osmand) RenderingBaseIm expire 14 lines
07-03 09:24:12.286  5305  7519 I chatty  : uid=10104(net.osmand) expire 31 lines
07-03 09:24:12.709  5305  7520 I chatty  : uid=10104(net.osmand) expire 31 lines
07-03 09:24:13.801  5305  7521 I chatty  : uid=10104(net.osmand) expire 31 lines
07-03 09:24:14.298  5305  7522 I chatty  : uid=10104(net.osmand) expire 31 lines
07-03 09:24:15.359  5305  5305 I chatty  : uid=10104(net.osmand) expire 16 lines
07-03 09:24:15.363  5305  7523 I chatty  : uid=10104(net.osmand) expire 31 lines
07-03 09:24:15.366  5305  5351 I chatty  : uid=10104(net.osmand) RenderingBaseIm expire 22 lines
07-03 09:24:15.515  5305  5350 I chatty  : uid=10104(net.osmand) Loader map obje expire 64 lines
07-03 09:24:16.205  5305  5315 I chatty  : uid=10104(net.osmand) HeapTaskDaemon expire 4 lines
07-03 09:24:16.303  5305  7524 I chatty  : uid=10104(net.osmand) expire 31 lines
07-03 09:24:17.320  5305  7525 I chatty  : uid=10104(net.osmand) expire 31 lines
07-03 09:24:19.003  5305  7526 I chatty  : uid=10104(net.osmand) expire 31 lines
07-03 09:24:20.190  5305  7528 I chatty  : uid=10104(net.osmand) expire 31 lines
07-03 09:24:20.442  5305  5351 I chatty  : uid=10104(net.osmand) RenderingBaseIm expire 20 lines
07-03 09:24:20.482  5305  5350 I chatty  : uid=10104(net.osmand) Loader map obje expire 72 lines
07-03 09:24:21.004  5305  5315 I chatty  : uid=10104(net.osmand) HeapTaskDaemon expire 4 lines
07-03 09:24:21.277  5305  5305 I chatty  : uid=10104(net.osmand) expire 14 lines
07-03 09:24:21.279  5305  7529 I chatty  : uid=10104(net.osmand) expire 31 lines
07-03 09:24:22.761  5305  7531 I chatty  : uid=10104(net.osmand) expire 31 lines
07-03 09:24:23.805  1604  3574 I WifiService: acquireWifiLock uid=10014 lockMode=2
07-03 09:24:23.811  1604  1617 E memtrack: Couldn't load memtrack module
07-03 09:24:23.811  1604  1617 W android.os.Debug: failed to get memory consumption info: -1
07-03 09:24:23.888  1604  4621 I WifiService: releaseWifiLock uid=10014
07-03 09:24:23.960  1604  1617 E memtrack: Couldn't load memtrack module
07-03 09:24:23.960  1604  1617 W android.os.Debug: failed to get memory consumption info: -1
07-03 09:24:24.043  1604  1617 E memtrack: Couldn't load memtrack module
07-03 09:24:24.043  1604  1617 W android.os.Debug: failed to get memory consumption info: -1
07-03 09:24:24.114  5305  7532 I chatty  : uid=10104(net.osmand) expire 31 lines
07-03 09:24:25.212  5305  7533 I chatty  : uid=10104(net.osmand) expire 31 lines
07-03 09:24:25.718  5305  5350 I chatty  : uid=10104(net.osmand) Loader map obje expire 57 lines
07-03 09:24:26.086  5305  5315 I chatty  : uid=10104(net.osmand) HeapTaskDaemon expire 4 lines
07-03 09:24:26.280  5305  5305 I chatty  : uid=10104(net.osmand) expire 21 lines
07-03 09:24:26.284  5305  7534 I chatty  : uid=10104(net.osmand) expire 31 lines
07-03 09:24:26.618  5305  5351 I chatty  : uid=10104(net.osmand) RenderingBaseIm expire 16 lines
07-03 09:24:27.299  5305  7535 I chatty  : uid=10104(net.osmand) expire 31 lines
07-03 09:24:28.381  5305  7536 I chatty  : uid=10104(net.osmand) expire 31 lines
07-03 09:24:29.146  5305  7537 I chatty  : uid=10104(net.osmand) expire 31 lines
