07-01 14:18:10.309  8767  8767 I net.osmand: RoutingHelper Recalculate route, because correlation  : 186070.33175635283
07-01 14:18:10.706  8767  8767 I net.osmand: RoutingHelper Recalculate route, because correlation  : 186070.33175635283
07-01 14:18:10.706  8767  8767 I net.osmand: RoutingHelper Recalculate route, because wrong movement direction: 186070.33
07-01 14:18:10.743  8767  8767 I net.osmand: RoutingHelper Recalculate route, because correlation  : 186070.33175635283
07-01 14:18:11.003  8767  8777 I zygote  : Background concurrent copying GC freed 291416(6MB) AllocSpace objects, 0(0B) LOS objects, 15% free, 33MB/39MB, paused 4.731ms total 768.432ms
07-01 14:18:11.496  2799  2830 I Finsky  : [131] imb.run(3): Stats for Executor: BlockingExecutor ink@4fcda2c[Running, pool size = 0, active threads = 0, queued tasks = 0, completed tasks = 17]
07-01 14:18:11.497  2799  2830 I Finsky  : [131] imb.run(3): Stats for Executor: LightweightExecutor ink@42a7cf5[Running, pool size = 2, active threads = 0, queued tasks = 0, completed tasks = 63]
07-01 14:18:11.574  8767  8767 I net.osmand: RoutingHelper Recalculate route, because correlation  : 186070.33175635283
07-01 14:18:11.574  8767  8767 I net.osmand: RoutingHelper Recalculate route, because wrong movement direction: 186070.33
07-01 14:18:11.578  8767  8767 I net.osmand: RoutingHelper Recalculate route, because correlation  : 186070.33175635283
07-01 14:18:11.786  8767  8767 I net.osmand: RoutingHelper Recalculate route, because correlation  : 186070.33175635283
07-01 14:18:11.786  8767  8767 I net.osmand: RoutingHelper Recalculate route, because wrong movement direction: 186070.33
07-01 14:18:11.802  8767  8767 I net.osmand: RoutingHelper Recalculate route, because correlation  : 186070.33175635283
07-01 14:18:12.457  2799  2830 I Finsky  : [131] imb.run(3): Stats for Executor: bgExecutor ink@4f2f371[Running, pool size = 4, active threads = 0, queued tasks = 0, completed tasks = 75]
07-01 14:18:12.626  8767  8767 I net.osmand: RoutingHelper Recalculate route, because correlation  : 186070.33175635283
07-01 14:18:12.626  8767  8767 I net.osmand: RoutingHelper Recalculate route, because wrong movement direction: 186070.33
07-01 14:18:12.641  8767  8767 I net.osmand: RoutingHelper Recalculate route, because correlation  : 186070.33175635283
07-01 14:18:13.105  8767  8767 I net.osmand: RoutingHelper Recalculate route, because correlation  : 186070.33175635283
07-01 14:18:13.106  8767  8767 I net.osmand: RoutingHelper Recalculate route, because wrong movement direction: 186070.33
07-01 14:18:13.255  8767  8767 I net.osmand: RoutingHelper Recalculate route, because correlation  : 186070.33175635283
07-01 14:18:13.522  8767  8777 I zygote  : Background concurrent copying GC freed 494263(10MB) AllocSpace objects, 0(0B) LOS objects, 14% free, 35MB/41MB, paused 1.215ms total 842.733ms
07-01 14:18:13.652  8767  8767 I net.osmand: RoutingHelper Recalculate route, because correlation  : 186070.33175635283
07-01 14:18:13.652  8767  8767 I net.osmand: RoutingHelper Recalculate route, because wrong movement direction: 186070.33
07-01 14:18:13.737  8767  8767 I net.osmand: RoutingHelper Recalculate route, because correlation  : 186070.33175635283
07-01 14:18:14.398  8767  8767 I net.osmand: RoutingHelper Recalculate route, because correlation  : 186070.33175635283
07-01 14:18:14.398  8767  8767 I net.osmand: RoutingHelper Recalculate route, because wrong movement direction: 186070.33
07-01 14:18:14.549  8767  8767 I net.osmand: RoutingHelper Recalculate route, because correlation  : 186070.33175635283
07-01 14:18:14.628  8767  8767 I net.osmand: RoutingHelper Recalculate route, because correlation  : 186070.33175635283
07-01 14:18:14.628  8767  8767 I net.osmand: RoutingHelper Recalculate route, because wrong movement direction: 186070.33
07-01 14:18:14.737  8767  8767 I net.osmand: RoutingHelper Recalculate route, because correlation  : 186070.33175635283
07-01 14:18:15.252  8767  8777 I zygote  : Background concurrent copying GC freed 584920(12MB) AllocSpace objects, 0(0B) LOS objects, 16% free, 30MB/36MB, paused 1.265ms total 626.748ms
07-01 14:18:15.678  8767  8767 I net.osmand: RoutingHelper Recalculate route, because correlation  : 186070.33175635283
07-01 14:18:15.678  8767  8767 I net.osmand: RoutingHelper Recalculate route, because wrong movement direction: 186070.33
07-01 14:18:15.883  8767  8767 I net.osmand: RoutingHelper Recalculate route, because correlation  : 186070.33175635283
07-01 14:18:15.883  8767  8767 I net.osmand: RoutingHelper Recalculate route, because wrong movement direction: 186070.33
07-01 14:18:15.958  8767  8767 I net.osmand: RoutingHelper Recalculate route, because correlation  : 186070.33175635283
07-01 14:18:16.555  8767  8777 I zygote  : Background concurrent copying GC freed 360679(7MB) AllocSpace objects, 0(0B) LOS objects, 17% free, 28MB/34MB, paused 918us total 385.632ms
07-01 14:18:16.700  8767  8767 I net.osmand: RoutingHelper Recalculate route, because correlation  : 186070.33175635283
07-01 14:18:16.700  8767  8767 I net.osmand: RoutingHelper Recalculate route, because wrong movement direction: 186070.33
07-01 14:18:16.770  8767  8767 I net.osmand: RoutingHelper Recalculate route, because correlation  : 186070.33175635283
07-01 14:18:17.294  8767  8767 I net.osmand: RoutingHelper Recalculate route, because correlation  : 186070.33175635283
07-01 14:18:17.294  8767  8767 I net.osmand: RoutingHelper Recalculate route, because wrong movement direction: 186070.33
07-01 14:18:17.301  8767  8767 I net.osmand: RoutingHelper Recalculate route, because correlation  : 186070.33175635283
07-01 14:18:17.719  8767  8767 I net.osmand: RoutingHelper Recalculate route, because correlation  : 186070.33175635283
07-01 14:18:17.720  8767  8767 I net.osmand: RoutingHelper Recalculate route, because wrong movement direction: 186070.33
07-01 14:18:17.736  8767  8767 I net.osmand: RoutingHelper Recalculate route, because correlation  : 186070.33175635283
07-01 14:18:18.167  8767  8777 I zygote  : Background concurrent copying GC freed 301660(6MB) AllocSpace objects, 0(0B) LOS objects, 15% free, 33MB/39MB, paused 15.633ms total 810.187ms
07-01 14:18:18.688  8767  8767 I net.osmand: RoutingHelper Recalculate route, because correlation  : 186070.33175635283
07-01 14:18:18.688  8767  8767 I net.osmand: RoutingHelper Recalculate route, because wrong movement direction: 186070.33
07-01 14:18:18.823  8767  8767 I net.osmand: RoutingHelper Recalculate route, because correlation  : 186070.33175635283
07-01 14:18:18.823  8767  8767 I net.osmand: RoutingHelper Recalculate route, because wrong movement direction: 186070.33
07-01 14:18:18.832  8767  8767 I net.osmand: RoutingHelper Recalculate route, because correlation  : 186070.33175635283
07-01 14:18:19.198  1604  3883 I WifiService: acquireWifiLock uid=10014 lockMode=2
07-01 14:18:19.251  1604  1853 I WifiService: releaseWifiLock uid=10014
07-01 14:18:19.632  8767  8767 I net.osmand: RoutingHelper Recalculate route, because correlation  : 186070.33175635283
07-01 14:18:19.632  8767  8767 I net.osmand: RoutingHelper Recalculate route, because wrong movement direction: 186070.33
07-01 14:18:19.785  8767  8767 I net.osmand: RoutingHelper Recalculate route, because correlation  : 186070.33175635283
07-01 14:18:19.814  1604  1621 I WifiService: requestActivityInfo uid=1000
07-01 14:18:19.814  1604  1621 I WifiService: reportActivityInfo uid=1000
07-01 14:18:19.815  1604  1621 I WifiService: getSupportedFeatures uid=1000
07-01 14:18:20.364  8767  8767 I net.osmand: RoutingHelper Recalculate route, because correlation  : 186070.33175635283
07-01 14:18:20.364  8767  8767 I net.osmand: RoutingHelper Recalculate route, because wrong movement direction: 186070.33
07-01 14:18:20.380  8767  8767 I net.osmand: RoutingHelper Recalculate route, because correlation  : 186070.33175635283
07-01 14:18:20.625  8767  8767 I chatty  : uid=10104(net.osmand) identical 1 line
07-01 14:18:20.708  8767  8767 I net.osmand: RoutingHelper Recalculate route, because correlation  : 186070.33175635283
07-01 14:18:20.708  8767  8767 I net.osmand: RoutingHelper Recalculate route, because wrong movement direction: 186070.33
07-01 14:18:20.748  1604  1621 I WifiService: requestActivityInfo uid=1000
07-01 14:18:20.748  1604  1621 I WifiService: reportActivityInfo uid=1000
07-01 14:18:20.748  1604  1621 I WifiService: getSupportedFeatures uid=1000
07-01 14:18:20.797  8767  8777 I zygote  : Background concurrent copying GC freed 498474(11MB) AllocSpace objects, 0(0B) LOS objects, 13% free, 37MB/43MB, paused 1.776ms total 1.099s
07-01 14:18:21.106  1604  1853 I WifiService: getConnectionInfo uid=10014
07-01 14:18:21.326  1604  1617 E memtrack: Couldn't load memtrack module
07-01 14:18:21.326  1604  1617 W android.os.Debug: failed to get memory consumption info: -1
07-01 14:18:21.485  9593  9649 E GellerSyncWorker: Unable to schedule a background task for corpus ASSISTANT_SETTINGS
07-01 14:18:21.529  1604  1853 W ActivityManager: Unable to start service Intent { act=com.google.firebase.MESSAGING_EVENT pkg=com.google.android.googlequicksearchbox } U=0: not found
07-01 14:18:21.530  9593  9593 E FirebaseInstanceId: binding to the service failed
07-01 14:18:21.583  1604  1617 E memtrack: Couldn't load memtrack module
07-01 14:18:21.583  1604  1617 W android.os.Debug: failed to get memory consumption info: -1
07-01 14:18:21.657  8767  8767 I net.osmand: RoutingHelper Recalculate route, because correlation  : 186070.33175635283
07-01 14:18:21.657  8767  8767 I net.osmand: RoutingHelper Recalculate route, because wrong movement direction: 186070.33
07-01 14:18:21.859  8767  8767 I net.osmand: RoutingHelper Recalculate route, because correlation  : 186070.33175635283
07-01 14:18:21.859  8767  8767 I net.osmand: RoutingHelper Recalculate route, because wrong movement direction: 186070.33
07-01 14:18:21.976  8767  8767 I net.osmand: RoutingHelper Recalculate route, because correlation  : 186070.33175635283
07-01 14:18:22.577  8767  8777 I zygote  : Background concurrent copying GC freed 680009(15MB) AllocSpace objects, 0(0B) LOS objects, 16% free, 31MB/37MB, paused 2.834ms total 621.105ms
07-01 14:18:22.625  8767  8767 I net.osmand: RoutingHelper Recalculate route, because correlation  : 186070.33175635283
07-01 14:18:22.642  8767  8767 I net.osmand: RoutingHelper Recalculate route, because correlation  : 186070.33175635283
07-01 14:18:22.642  8767  8767 I net.osmand: RoutingHelper Recalculate route, because wrong movement direction: 186070.33
07-01 14:18:23.277  8767  8767 I net.osmand: RoutingHelper Recalculate route, because correlation  : 186070.33175635283
07-01 14:18:23.302  8767  8767 I net.osmand: RoutingHelper Recalculate route, because correlation  : 186070.33175635283
07-01 14:18:23.302  8767  8767 I net.osmand: RoutingHelper Recalculate route, because wrong movement direction: 186070.33
07-01 14:18:23.676  8767  8767 I net.osmand: RoutingHelper Recalculate route, because correlation  : 186070.33175635283
07-01 14:18:23.676  8767  8767 I net.osmand: RoutingHelper Recalculate route, because wrong movement direction: 186070.33
07-01 14:18:23.768  8767  8767 I net.osmand: RoutingHelper Recalculate route, because correlation  : 186070.33175635283
07-01 14:18:24.194  8767  8777 I zygote  : Background concurrent copying GC freed 405737(8MB) AllocSpace objects, 0(0B) LOS objects, 15% free, 32MB/38MB, paused 1.971ms total 709.607ms
07-01 14:18:24.634  8767  8767 I net.osmand: RoutingHelper Recalculate route, because correlation  : 186070.33175635283
07-01 14:18:24.683  8767  8767 I net.osmand: RoutingHelper Recalculate route, because correlation  : 186070.33175635283
07-01 14:18:24.684  8767  8767 I net.osmand: RoutingHelper Recalculate route, because wrong movement direction: 186070.33
07-01 14:18:24.697  8767  8767 I net.osmand: RoutingHelper Recalculate route, because correlation  : 186070.33175635283
07-01 14:18:24.697  8767  8767 I net.osmand: RoutingHelper Recalculate route, because wrong movement direction: 186070.33
07-01 14:18:24.733  8767  8767 I net.osmand: RoutingHelper Recalculate route, because correlation  : 186070.33175635283
07-01 14:18:25.625  8767  8767 D net.osmand: DayNightHelper Sunrise/sunset setting to day: true
07-01 14:18:25.728  8767  8767 I net.osmand: RoutingHelper Recalculate route, because correlation  : 186070.33175635283
07-01 14:18:25.728  8767  8767 I net.osmand: RoutingHelper Recalculate route, because wrong movement direction: 186070.33
07-01 14:18:25.945  8767  8767 I net.osmand: RoutingHelper Recalculate route, because correlation  : 186070.33175635283
07-01 14:18:26.195  8767  8767 I net.osmand: RoutingHelper Recalculate route, because correlation  : 186070.33175635283
07-01 14:18:26.195  8767  8767 I net.osmand: RoutingHelper Recalculate route, because wrong movement direction: 186070.33
07-01 14:18:26.204  8767  8767 I net.osmand: RoutingHelper Recalculate route, because correlation  : 186070.33175635283
07-01 14:18:26.800  8767  8767 I net.osmand: RoutingHelper Recalculate route, because correlation  : 186070.33175635283
07-01 14:18:26.801  8767  8767 I net.osmand: RoutingHelper Recalculate route, because wrong movement direction: 186070.33
07-01 14:18:26.831  8767  8767 I net.osmand: RoutingHelper Recalculate route, because correlation  : 186070.33175635283
07-01 14:18:27.011  8767  8777 I zygote  : Background concurrent copying GC freed 441957(9MB) AllocSpace objects, 0(0B) LOS objects, 13% free, 37MB/43MB, paused 1.180ms total 1.204s
07-01 14:18:27.575  8767  8767 I net.osmand: RoutingHelper Recalculate route, because correlation  : 186070.33175635283
07-01 14:18:27.575  8767  8767 I net.osmand: RoutingHelper Recalculate route, because wrong movement direction: 186070.33
07-01 14:18:27.611  8767  8767 I net.osmand: RoutingHelper Recalculate route, because correlation  : 186070.33175635283
07-01 14:18:27.675  8767  8767 I net.osmand: RoutingHelper Recalculate route, because correlation  : 186070.33175635283
07-01 14:18:27.676  8767  8767 I net.osmand: RoutingHelper Recalculate route, because wrong movement direction: 186070.33
07-01 14:18:27.832  8767  8767 I net.osmand: RoutingHelper Recalculate route, because correlation  : 186070.33175635283
07-01 14:18:28.312  8767  8777 I zygote  : Background concurrent copying GC freed 679857(14MB) AllocSpace objects, 0(0B) LOS objects, 16% free, 31MB/37MB, paused 2.917ms total 577.543ms
07-01 14:18:28.691  8767  8767 I net.osmand: RoutingHelper Recalculate route, because correlation  : 186070.33175635283
07-01 14:18:28.691  8767  8767 I net.osmand: RoutingHelper Recalculate route, because wrong movement direction: 186070.33
07-01 14:18:28.868  8767  8767 I net.osmand: RoutingHelper Recalculate route, because correlation  : 186070.33175635283
07-01 14:18:29.007  8767  8767 I net.osmand: RoutingHelper Recalculate route, because correlation  : 186070.33175635283
07-01 14:18:29.007  8767  8767 I net.osmand: RoutingHelper Recalculate route, because wrong movement direction: 186070.33
07-01 14:18:29.164  8767  8767 I net.osmand: RoutingHelper Recalculate route, because correlation  : 186070.33175635283
07-01 14:18:29.636  8767  8767 I net.osmand: RoutingHelper Recalculate route, because correlation  : 186070.33175635283
07-01 14:18:29.636  8767  8767 I net.osmand: RoutingHelper Recalculate route, because wrong movement direction: 186070.33
07-01 14:18:29.747  8767  8767 I net.osmand: RoutingHelper Recalculate route, because correlation  : 186070.33175635283
07-01 14:18:29.887  8767  8777 I zygote  : Background concurrent copying GC freed 411088(9MB) AllocSpace objects, 0(0B) LOS objects, 15% free, 31MB/37MB, paused 2.160ms total 580.141ms
07-01 14:18:30.363  8767  8767 I net.osmand: RoutingHelper Recalculate route, because correlation  : 186070.33175635283
07-01 14:18:30.363  8767  8767 I net.osmand: RoutingHelper Recalculate route, because wrong movement direction: 186070.33
07-01 14:18:30.528  8767  8767 I net.osmand: RoutingHelper Recalculate route, because correlation  : 186070.33175635283
07-01 14:18:30.679  8767  8767 I net.osmand: RoutingHelper Recalculate route, because correlation  : 186070.33175635283
07-01 14:18:30.679  8767  8767 I net.osmand: RoutingHelper Recalculate route, because wrong movement direction: 186070.33
07-01 14:18:30.815  8767  8767 I net.osmand: RoutingHelper Recalculate route, because correlation  : 186070.33175635283
07-01 14:18:31.234  8767  8777 I zygote  : Background concurrent copying GC freed 425863(9MB) AllocSpace objects, 0(0B) LOS objects, 16% free, 30MB/36MB, paused 920us total 504.936ms
07-01 14:18:31.654  8767  8767 I net.osmand: RoutingHelper Recalculate route, because correlation  : 186070.33175635283
07-01 14:18:31.654  8767  8767 I net.osmand: RoutingHelper Recalculate route, because wrong movement direction: 186070.33
07-01 14:18:31.836  8767  8767 I net.osmand: RoutingHelper Recalculate route, because correlation  : 186070.33175635283
07-01 14:18:31.920  8767  8767 I net.osmand: RoutingHelper Recalculate route, because correlation  : 186070.33175635283
07-01 14:18:31.922  8767  8767 I net.osmand: RoutingHelper Recalculate route, because wrong movement direction: 186070.33
07-01 14:18:31.967  8767  8767 I net.osmand: RoutingHelper Recalculate route, because correlation  : 186070.33175635283
07-01 14:18:32.506  8767  8777 I zygote  : Background concurrent copying GC freed 381783(8MB) AllocSpace objects, 0(0B) LOS objects, 16% free, 30MB/36MB, paused 13.610ms total 534.805ms
07-01 14:18:32.631  8767  8767 I net.osmand: RoutingHelper Recalculate route, because correlation  : 186070.33175635283
07-01 14:18:32.631  8767  8767 I net.osmand: RoutingHelper Recalculate route, because wrong movement direction: 186070.33
07-01 14:18:32.657  8767  8767 I net.osmand: RoutingHelper Recalculate route, because correlation  : 186070.33175635283
07-01 14:18:33.093  8767  8767 I net.osmand: RoutingHelper Recalculate route, because correlation  : 186070.33175635283
07-01 14:18:33.093  8767  8767 I net.osmand: RoutingHelper Recalculate route, because wrong movement direction: 186070.33
07-01 14:18:33.304  8767  8767 I net.osmand: RoutingHelper Recalculate route, because correlation  : 186070.33175635283
07-01 14:18:33.651  8767  8767 I chatty  : uid=10104(net.osmand) identical 1 line
07-01 14:18:33.739  8767  8767 I net.osmand: RoutingHelper Recalculate route, because correlation  : 186070.33175635283
07-01 14:18:33.739  8767  8767 I net.osmand: RoutingHelper Recalculate route, because wrong movement direction: 186070.33
07-01 14:18:33.989  8767  8777 I zygote  : Background concurrent copying GC freed 361351(7MB) AllocSpace objects, 0(0B) LOS objects, 15% free, 32MB/38MB, paused 2.540ms total 787.810ms
07-01 14:18:34.391  8767  8767 I net.osmand: RoutingHelper Recalculate route, because correlation  : 186070.33175635283
07-01 14:18:34.391  8767  8767 I net.osmand: RoutingHelper Recalculate route, because wrong movement direction: 186070.33
07-01 14:18:34.498  8767  8767 I net.osmand: RoutingHelper Recalculate route, because correlation  : 186070.33175635283
07-01 14:18:34.671  8767  8767 I net.osmand: RoutingHelper Recalculate route, because correlation  : 186070.33175635283
07-01 14:18:34.671  8767  8767 I net.osmand: RoutingHelper Recalculate route, because wrong movement direction: 186070.33
07-01 14:18:34.807  8767  8767 I net.osmand: RoutingHelper Recalculate route, because correlation  : 186070.33175635283
07-01 14:18:35.245  8767  8777 I zygote  : Background concurrent copying GC freed 480391(10MB) AllocSpace objects, 0(0B) LOS objects, 16% free, 30MB/36MB, paused 7.387ms total 529.937ms
07-01 14:18:35.797  8767  8767 I net.osmand: RoutingHelper Recalculate route, because correlation  : 186070.33175635283
07-01 14:18:35.797  8767  8767 I net.osmand: RoutingHelper Recalculate route, because wrong movement direction: 186070.33
07-01 14:18:35.840  8767  8767 I net.osmand: RoutingHelper Recalculate route, because correlation  : 186070.33175635283
07-01 14:18:35.879  8767  8767 I net.osmand: RoutingHelper Recalculate route, because correlation  : 186070.33175635283
07-01 14:18:35.879  8767  8767 I net.osmand: RoutingHelper Recalculate route, because wrong movement direction: 186070.33
07-01 14:18:35.885  8767  8767 I net.osmand: RoutingHelper Recalculate route, because correlation  : 186070.33175635283
07-01 14:18:36.324  1604  1618 I ActivityManager: Waited long enough for: ServiceRecord{82c4bf0 u0 com.google.android.googlequicksearchbox/com.google.android.apps.gsa.shared.util.keepalive.StandaloneKeepAlive$KeepAliveService}
07-01 14:18:36.634  8767  8767 I net.osmand: RoutingHelper Recalculate route, because correlation  : 186070.33175635283
07-01 14:18:36.634  8767  8767 I net.osmand: RoutingHelper Recalculate route, because wrong movement direction: 186070.33
07-01 14:18:36.693  8767  8767 I net.osmand: RoutingHelper Recalculate route, because correlation  : 186070.33175635283
07-01 14:18:37.426  8767  8767 I net.osmand: RoutingHelper Recalculate route, because correlation  : 186070.33175635283
07-01 14:18:37.426  8767  8767 I net.osmand: RoutingHelper Recalculate route, because wrong movement direction: 186070.33
07-01 14:18:37.535  8767  8767 I net.osmand: RoutingHelper Recalculate route, because correlation  : 186070.33175635283
07-01 14:18:37.538  8767  8777 I zygote  : Background concurrent copying GC freed 387322(8MB) AllocSpace objects, 0(0B) LOS objects, 15% free, 33MB/39MB, paused 1.495ms total 829.826ms
07-01 14:18:37.727  8767  8767 I net.osmand: RoutingHelper Recalculate route, because correlation  : 186070.33175635283
07-01 14:18:37.764  8767  8767 I net.osmand: RoutingHelper Recalculate route, because correlation  : 186070.33175635283
07-01 14:18:37.764  8767  8767 I net.osmand: RoutingHelper Recalculate route, because wrong movement direction: 186070.33
07-01 14:18:38.724  8767  8767 I net.osmand: RoutingHelper Recalculate route, because correlation  : 186070.33175635283
07-01 14:18:38.724  8767  8767 I net.osmand: RoutingHelper Recalculate route, because wrong movement direction: 186070.33
07-01 14:18:38.828  8767  8767 I net.osmand: RoutingHelper Recalculate route, because correlation  : 186070.33175635283
07-01 14:18:38.842  8767  8767 I net.osmand: RoutingHelper Recalculate route, because correlation  : 186070.33175635283
07-01 14:18:38.842  8767  8767 I net.osmand: RoutingHelper Recalculate route, because wrong movement direction: 186070.33
07-01 14:18:38.885  8767  8767 I net.osmand: RoutingHelper Recalculate route, because correlation  : 186070.33175635283
07-01 14:18:39.243  1604  1751 I WifiService: acquireWifiLock uid=10014 lockMode=2
07-01 14:18:39.266  8767  8777 I zygote  : Background concurrent copying GC freed 498298(10MB) AllocSpace objects, 0(0B) LOS objects, 16% free, 30MB/36MB, paused 1.188ms total 600.718ms
07-01 14:18:39.715  8767  8767 I net.osmand: RoutingHelper Recalculate route, because correlation  : 186070.33175635283
07-01 14:18:39.715  8767  8767 I net.osmand: RoutingHelper Recalculate route, because wrong movement direction: 186070.33
07-01 14:18:39.768  8767  8767 I net.osmand: RoutingHelper Recalculate route, because correlation  : 186070.33175635283
07-01 14:18:40.127  8767  8767 I chatty  : uid=10104(net.osmand) identical 1 line
07-01 14:18:40.142  8767  8767 I net.osmand: RoutingHelper Recalculate route, because correlation  : 186070.33175635283
07-01 14:18:40.142  8767  8767 I net.osmand: RoutingHelper Recalculate route, because wrong movement direction: 186070.33
07-01 14:18:40.650  8767  8767 I net.osmand: RoutingHelper Recalculate route, because correlation  : 186070.33175635283
07-01 14:18:40.654  8767  8767 I net.osmand: RoutingHelper Recalculate route, because wrong movement direction: 186070.33
07-01 14:18:40.808  8767  8767 I net.osmand: RoutingHelper Recalculate route, because correlation  : 186070.33175635283
07-01 14:18:40.846  8767  8777 I zygote  : Background concurrent copying GC freed 377166(8MB) AllocSpace objects, 0(0B) LOS objects, 15% free, 33MB/39MB, paused 4.179ms total 662.810ms
07-01 14:18:41.599  8767  8767 I net.osmand: RoutingHelper Recalculate route, because correlation  : 186070.33175635283
07-01 14:18:41.599  8767  8767 I net.osmand: RoutingHelper Recalculate route, because wrong movement direction: 186070.33
07-01 14:18:41.690  8767  8767 I net.osmand: RoutingHelper Recalculate route, because correlation  : 186070.33175635283
07-01 14:18:41.690  8767  8767 I net.osmand: RoutingHelper Recalculate route, because wrong movement direction: 186070.33
07-01 14:18:41.738  8767  8767 I net.osmand: RoutingHelper Recalculate route, because correlation  : 186070.33175635283
07-01 14:18:41.887  8767  8777 I zygote  : WaitForGcToComplete blocked Background on None for 7.821ms
07-01 14:18:42.224  1604  1751 D WificondControl: Scan result ready event
07-01 14:18:42.393  1604  1751 I WifiService: releaseWifiLock uid=10014
07-01 14:18:42.417  8767  8777 I zygote  : Background concurrent copying GC freed 489367(10MB) AllocSpace objects, 0(0B) LOS objects, 17% free, 29MB/35MB, paused 913us total 523.985ms
07-01 14:18:42.635  8767  8767 I net.osmand: RoutingHelper Recalculate route, because correlation  : 186070.33175635283
07-01 14:18:42.635  8767  8767 I net.osmand: RoutingHelper Recalculate route, because wrong movement direction: 186070.33
07-01 14:18:42.755  8767  8767 I net.osmand: RoutingHelper Recalculate route, because correlation  : 186070.33175635283
07-01 14:18:43.023  8767  8767 I net.osmand: RoutingHelper Recalculate route, because correlation  : 186070.33175635283
07-01 14:18:43.023  8767  8767 I net.osmand: RoutingHelper Recalculate route, because wrong movement direction: 186070.33
07-01 14:18:43.086  8767  8767 I net.osmand: RoutingHelper Recalculate route, because correlation  : 186070.33175635283
07-01 14:18:43.739  8767  8767 I chatty  : uid=10104(net.osmand) identical 1 line
07-01 14:18:43.741  8767  8767 I net.osmand: RoutingHelper Recalculate route, because correlation  : 186070.33175635283
07-01 14:18:43.741  8767  8767 I net.osmand: RoutingHelper Recalculate route, because wrong movement direction: 186070.33
07-01 14:18:43.880  8767  8777 I zygote  : Background concurrent copying GC freed 314204(6MB) AllocSpace objects, 0(0B) LOS objects, 16% free, 30MB/36MB, paused 4.753ms total 629.557ms
07-01 14:18:44.366  8767  8767 I net.osmand: RoutingHelper Recalculate route, because correlation  : 186070.33175635283
07-01 14:18:44.366  8767  8767 I net.osmand: RoutingHelper Recalculate route, because wrong movement direction: 186070.33
07-01 14:18:44.406  8767  8767 I net.osmand: RoutingHelper Recalculate route, because correlation  : 186070.33175635283
07-01 14:18:44.660  8767  8767 I net.osmand: RoutingHelper Recalculate route, because correlation  : 186070.33175635283
07-01 14:18:44.660  8767  8767 I net.osmand: RoutingHelper Recalculate route, because wrong movement direction: 186070.33
07-01 14:18:44.758  8767  8767 I net.osmand: RoutingHelper Recalculate route, because correlation  : 186070.33175635283
07-01 14:18:45.227  8767  8777 I zygote  : Background concurrent copying GC freed 368428(8MB) AllocSpace objects, 0(0B) LOS objects, 15% free, 33MB/39MB, paused 1.773ms total 665.740ms
07-01 14:18:45.734  8767  8767 I net.osmand: RoutingHelper Recalculate route, because correlation  : 186070.33175635283
07-01 14:18:45.734  8767  8767 I net.osmand: RoutingHelper Recalculate route, because wrong movement direction: 186070.33
07-01 14:18:45.771  8767  8767 I net.osmand: RoutingHelper Recalculate route, because correlation  : 186070.33175635283
07-01 14:18:45.771  8767  8767 I net.osmand: RoutingHelper Recalculate route, because wrong movement direction: 186070.33
07-01 14:18:45.839  8767  8767 I net.osmand: RoutingHelper Recalculate route, because correlation  : 186070.33175635283
07-01 14:18:45.955  8767  8767 I net.osmand: RoutingHelper Recalculate route, because correlation  : 186070.33175635283
07-01 14:18:46.625  8767  8777 I zygote  : Background concurrent copying GC freed 507051(11MB) AllocSpace objects, 0(0B) LOS objects, 17% free, 28MB/34MB, paused 1.542ms total 398.410ms
07-01 14:18:46.759  8767  8767 I net.osmand: RoutingHelper Recalculate route, because correlation  : 186070.33175635283
07-01 14:18:46.760  8767  8767 I net.osmand: RoutingHelper Recalculate route, because wrong movement direction: 186070.33
07-01 14:18:46.762  8767  8767 I net.osmand: RoutingHelper Recalculate route, because correlation  : 186070.33175635283
07-01 14:18:47.193  8767  8767 I net.osmand: RoutingHelper Recalculate route, because correlation  : 186070.33175635283
07-01 14:18:47.193  8767  8767 I net.osmand: RoutingHelper Recalculate route, because wrong movement direction: 186070.33
07-01 14:18:47.195  8767  8767 I net.osmand: RoutingHelper Recalculate route, because correlation  : 186070.33175635283
07-01 14:18:47.228  1410  1410 I boot-pipe: done populating /dev/random
07-01 14:18:47.659  8767  8767 I net.osmand: RoutingHelper Recalculate route, because correlation  : 186070.33175635283
07-01 14:18:47.659  8767  8767 I net.osmand: RoutingHelper Recalculate route, because wrong movement direction: 186070.33
07-01 14:18:47.758  8767  8767 I net.osmand: RoutingHelper Recalculate route, because correlation  : 186070.33175635283
07-01 14:18:48.069  8767  8777 I zygote  : Background concurrent copying GC freed 290449(6MB) AllocSpace objects, 0(0B) LOS objects, 14% free, 34MB/40MB, paused 1.228ms total 826.881ms
07-01 14:18:48.621  8767  8767 I net.osmand: RoutingHelper Recalculate route, because correlation  : 186070.33175635283
07-01 14:18:48.621  8767  8767 I net.osmand: RoutingHelper Recalculate route, because wrong movement direction: 186070.33
07-01 14:18:48.711  8767  8767 I net.osmand: RoutingHelper Recalculate route, because correlation  : 186070.33175635283
07-01 14:18:48.711  8767  8767 I net.osmand: RoutingHelper Recalculate route, because wrong movement direction: 186070.33
07-01 14:18:48.804  8767  8767 I net.osmand: RoutingHelper Recalculate route, because correlation  : 186070.33175635283
07-01 14:18:48.992  8767  8767 I net.osmand: RoutingHelper Recalculate route, because correlation  : 186070.33175635283
07-01 14:18:49.417  8767  8777 I zygote  : Background concurrent copying GC freed 526987(11MB) AllocSpace objects, 0(0B) LOS objects, 16% free, 29MB/35MB, paused 1.205ms total 458.095ms
07-01 14:18:49.660  8767  8767 I net.osmand: RoutingHelper Recalculate route, because correlation  : 186070.33175635283
07-01 14:18:49.660  8767  8767 I net.osmand: RoutingHelper Recalculate route, because wrong movement direction: 186070.33
07-01 14:18:49.830  8767  8767 I net.osmand: RoutingHelper Recalculate route, because correlation  : 186070.33175635283
07-01 14:18:50.195  8767  8767 I net.osmand: RoutingHelper Recalculate route, because correlation  : 186070.33175635283
07-01 14:18:50.195  8767  8767 I net.osmand: RoutingHelper Recalculate route, because wrong movement direction: 186070.33
07-01 14:18:50.235  8767  8767 I net.osmand: RoutingHelper Recalculate route, because correlation  : 186070.33175635283
07-01 14:18:50.774  8767  8767 I net.osmand: RoutingHelper Recalculate route, because correlation  : 186070.33175635283
07-01 14:18:50.774  8767  8767 I net.osmand: RoutingHelper Recalculate route, because wrong movement direction: 186070.33
07-01 14:18:50.777  8767  8767 I net.osmand: RoutingHelper Recalculate route, because correlation  : 186070.33175635283
07-01 14:18:50.938  8767  8777 I zygote  : Background concurrent copying GC freed 334093(7MB) AllocSpace objects, 0(0B) LOS objects, 14% free, 35MB/41MB, paused 920us total 840.777ms
07-01 14:18:51.030  1604  1617 E memtrack: Couldn't load memtrack module
07-01 14:18:51.030  1604  1617 W android.os.Debug: failed to get memory consumption info: -1
07-01 14:18:51.369  8767  8767 I net.osmand: RoutingHelper Recalculate route, because correlation  : 186070.33175635283
07-01 14:18:51.370  8767  8767 I net.osmand: RoutingHelper Recalculate route, because wrong movement direction: 186070.33
07-01 14:18:51.459  8767  8767 I net.osmand: RoutingHelper Recalculate route, because correlation  : 186070.33175635283
07-01 14:18:51.666  8767  8767 I chatty  : uid=10104(net.osmand) identical 1 line
07-01 14:18:51.731  8767  8767 I net.osmand: RoutingHelper Recalculate route, because correlation  : 186070.33175635283
07-01 14:18:51.731  8767  8767 I net.osmand: RoutingHelper Recalculate route, because wrong movement direction: 186070.33
07-01 14:18:52.220  8767  8777 I zygote  : Background concurrent copying GC freed 586194(12MB) AllocSpace objects, 0(0B) LOS objects, 16% free, 30MB/36MB, paused 2.882ms total 519.505ms
07-01 14:18:52.643  8767  8767 I net.osmand: RoutingHelper Recalculate route, because correlation  : 186070.33175635283
07-01 14:18:52.644  8767  8767 I net.osmand: RoutingHelper Recalculate route, because wrong movement direction: 186070.33
07-01 14:18:52.661  8767  8767 I net.osmand: RoutingHelper Recalculate route, because correlation  : 186070.33175635283
07-01 14:18:52.872  8767  8767 I net.osmand: RoutingHelper Recalculate route, because correlation  : 186070.33175635283
07-01 14:18:52.872  8767  8767 I net.osmand: RoutingHelper Recalculate route, because wrong movement direction: 186070.33
07-01 14:18:52.877  8767  8767 I net.osmand: RoutingHelper Recalculate route, because correlation  : 186070.33175635283
07-01 14:18:53.643  8767  8767 I net.osmand: RoutingHelper Recalculate route, because correlation  : 186070.33175635283
07-01 14:18:53.643  8767  8767 I net.osmand: RoutingHelper Recalculate route, because wrong movement direction: 186070.33
07-01 14:18:53.660  8767  8767 I net.osmand: RoutingHelper Recalculate route, because correlation  : 186070.33175635283
07-01 14:18:54.313  8767  8767 I net.osmand: RoutingHelper Recalculate route, because correlation  : 186070.33175635283
07-01 14:18:54.314  8767  8767 I net.osmand: RoutingHelper Recalculate route, because wrong movement direction: 186070.33
07-01 14:18:54.375  8767  8767 I net.osmand: RoutingHelper Recalculate route, because correlation  : 186070.33175635283
07-01 14:18:54.714  8767  8767 I net.osmand: RoutingHelper Recalculate route, because correlation  : 186070.33175635283
07-01 14:18:54.714  8767  8767 I net.osmand: RoutingHelper Recalculate route, because wrong movement direction: 186070.33
07-01 14:18:54.822  8767  8777 I zygote  : Background concurrent copying GC freed 366835(8MB) AllocSpace objects, 0(0B) LOS objects, 13% free, 37MB/43MB, paused 5.739ms total 1.100s
07-01 14:18:54.826  8767  8767 I net.osmand: RoutingHelper Recalculate route, because correlation  : 186070.33175635283
07-01 14:18:55.627  8767  8767 I net.osmand: RoutingHelper Recalculate route, because correlation  : 186070.33175635283
07-01 14:18:55.627  8767  8767 I net.osmand: RoutingHelper Recalculate route, because wrong movement direction: 186070.33
07-01 14:18:55.850  8767  8767 I net.osmand: RoutingHelper Recalculate route, because correlation  : 186070.33175635283
07-01 14:18:55.850  8767  8767 I net.osmand: RoutingHelper Recalculate route, because wrong movement direction: 186070.33
07-01 14:18:55.855  8767  8767 I net.osmand: RoutingHelper Recalculate route, because correlation  : 186070.33175635283
07-01 14:18:56.010  8767  8767 I net.osmand: RoutingHelper Recalculate route, because correlation  : 186070.33175635283
07-01 14:18:56.464  8767  8777 I zygote  : Background concurrent copying GC freed 676265(14MB) AllocSpace objects, 0(0B) LOS objects, 15% free, 33MB/39MB, paused 3.111ms total 654.809ms
07-01 14:18:56.649  8767  8767 I net.osmand: RoutingHelper Recalculate route, because correlation  : 186070.33175635283
07-01 14:18:56.649  8767  8767 I net.osmand: RoutingHelper Recalculate route, because wrong movement direction: 186070.33
07-01 14:18:56.793  8767  8767 I net.osmand: RoutingHelper Recalculate route, because correlation  : 186070.33175635283
07-01 14:18:57.103  8767  8767 I net.osmand: RoutingHelper Recalculate route, because correlation  : 186070.33175635283
07-01 14:18:57.103  8767  8767 I net.osmand: RoutingHelper Recalculate route, because wrong movement direction: 186070.33
07-01 14:18:57.118  8767  8767 I net.osmand: RoutingHelper Recalculate route, because correlation  : 186070.33175635283
07-01 14:18:57.655  8767  8767 I net.osmand: RoutingHelper Recalculate route, because correlation  : 186070.33175635283
07-01 14:18:57.655  8767  8777 I zygote  : Background concurrent copying GC freed 489803(10MB) AllocSpace objects, 0(0B) LOS objects, 16% free, 30MB/36MB, paused 1.579ms total 470.326ms
07-01 14:18:57.655  8767  8767 I net.osmand: RoutingHelper Recalculate route, because wrong movement direction: 186070.33
07-01 14:18:57.712  8767  8767 I net.osmand: RoutingHelper Recalculate route, because correlation  : 186070.33175635283
07-01 14:18:58.421  8767  8767 I net.osmand: RoutingHelper Recalculate route, because correlation  : 186070.33175635283
07-01 14:18:58.421  8767  8767 I net.osmand: RoutingHelper Recalculate route, because wrong movement direction: 186070.33
07-01 14:18:58.592  8767  8767 I net.osmand: RoutingHelper Recalculate route, because correlation  : 186070.33175635283
07-01 14:18:58.683  8767  8767 I net.osmand: RoutingHelper Recalculate route, because correlation  : 186070.33175635283
07-01 14:18:58.684  8767  8767 I net.osmand: RoutingHelper Recalculate route, because wrong movement direction: 186070.33
07-01 14:18:58.882  8767  8767 I net.osmand: RoutingHelper Recalculate route, because correlation  : 186070.33175635283
07-01 14:18:59.275  8767  8777 I zygote  : Background concurrent copying GC freed 363885(8MB) AllocSpace objects, 0(0B) LOS objects, 15% free, 31MB/37MB, paused 7.811ms total 620.361ms
07-01 14:18:59.276  1604  1751 I WifiService: acquireWifiLock uid=10014 lockMode=2
07-01 14:18:59.325  1604  3883 I WifiService: releaseWifiLock uid=10014
07-01 14:18:59.650  8767  8767 I net.osmand: RoutingHelper Recalculate route, because correlation  : 186070.33175635283
07-01 14:18:59.650  8767  8767 I net.osmand: RoutingHelper Recalculate route, because wrong movement direction: 186070.33
07-01 14:18:59.706  8767  8767 I net.osmand: RoutingHelper Recalculate route, because correlation  : 186070.33175635283
07-01 14:18:59.874  8767  8767 I net.osmand: RoutingHelper Recalculate route, because correlation  : 186070.33175635283
07-01 14:18:59.875  8767  8767 I net.osmand: RoutingHelper Recalculate route, because wrong movement direction: 186070.33
07-01 14:18:59.938  8767  8767 I net.osmand: RoutingHelper Recalculate route, because correlation  : 186070.33175635283
07-01 14:19:00.667  8767  8767 I net.osmand: RoutingHelper Recalculate route, because correlation  : 186070.33175635283
07-01 14:19:00.668  8767  8767 I net.osmand: RoutingHelper Recalculate route, because wrong movement direction: 186070.33
07-01 14:19:00.895  8767  8767 I net.osmand: RoutingHelper Recalculate route, because correlation  : 186070.33175635283
07-01 14:19:01.400  8767  8767 I net.osmand: RoutingHelper Recalculate route, because correlation  : 186070.33175635283
07-01 14:19:01.401  8767  8767 I net.osmand: RoutingHelper Recalculate route, because wrong movement direction: 186070.33
07-01 14:19:01.547  8767  8767 I net.osmand: RoutingHelper Recalculate route, because correlation  : 186070.33175635283
07-01 14:19:01.625  8767  8777 I zygote  : Background concurrent copying GC freed 431209(9MB) AllocSpace objects, 0(0B) LOS objects, 14% free, 34MB/40MB, paused 1.477ms total 957.645ms
07-01 14:19:01.675  8767  8767 I net.osmand: RoutingHelper Recalculate route, because correlation  : 186070.33175635283
07-01 14:19:01.676  8767  8767 I net.osmand: RoutingHelper Recalculate route, because wrong movement direction: 186070.33
07-01 14:19:01.726  8767  8767 I net.osmand: RoutingHelper Recalculate route, because correlation  : 186070.33175635283
07-01 14:19:02.791  8767  8767 I net.osmand: RoutingHelper Recalculate route, because correlation  : 186070.33175635283
07-01 14:19:02.791  8767  8767 I net.osmand: RoutingHelper Recalculate route, because wrong movement direction: 186070.33
07-01 14:19:02.871  8767  8767 I net.osmand: RoutingHelper Recalculate route, because correlation  : 186070.33175635283
07-01 14:19:02.873  8767  8767 I net.osmand: RoutingHelper Recalculate route, because correlation  : 186070.33175635283
07-01 14:19:02.874  8767  8767 I net.osmand: RoutingHelper Recalculate route, because wrong movement direction: 186070.33
07-01 14:19:02.880  8767  8767 I net.osmand: RoutingHelper Recalculate route, because correlation  : 186070.33175635283
07-01 14:19:03.441  8767  8777 I zygote  : Background concurrent copying GC freed 553932(12MB) AllocSpace objects, 0(0B) LOS objects, 16% free, 31MB/37MB, paused 942us total 643.353ms
07-01 14:19:03.666  8767  8767 I net.osmand: RoutingHelper Recalculate route, because correlation  : 186070.33175635283
07-01 14:19:03.666  8767  8767 I net.osmand: RoutingHelper Recalculate route, because wrong movement direction: 186070.33
07-01 14:19:03.921  8767  8767 I net.osmand: RoutingHelper Recalculate route, because correlation  : 186070.33175635283
07-01 14:19:04.293  8767  8767 I net.osmand: RoutingHelper Recalculate route, because correlation  : 186070.33175635283
07-01 14:19:04.293  8767  8767 I net.osmand: RoutingHelper Recalculate route, because wrong movement direction: 186070.33
07-01 14:19:04.309  8767  8767 I net.osmand: RoutingHelper Recalculate route, because correlation  : 186070.33175635283
07-01 14:19:04.802  8767  8767 I net.osmand: RoutingHelper Recalculate route, because correlation  : 186070.33175635283
07-01 14:19:04.803  8767  8767 I net.osmand: RoutingHelper Recalculate route, because wrong movement direction: 186070.33
07-01 14:19:04.876  8767  8767 I net.osmand: RoutingHelper Recalculate route, because correlation  : 186070.33175635283
07-01 14:19:05.235  8767  8777 I zygote  : Background concurrent copying GC freed 397577(8MB) AllocSpace objects, 0(0B) LOS objects, 14% free, 35MB/41MB, paused 6.182ms total 984.979ms
07-01 14:19:05.618  8767  8767 I net.osmand: RoutingHelper Recalculate route, because correlation  : 186070.33175635283
07-01 14:19:05.618  8767  8767 I net.osmand: RoutingHelper Recalculate route, because wrong movement direction: 186070.33
07-01 14:19:05.753  8767  8767 I net.osmand: RoutingHelper Recalculate route, because correlation  : 186070.33175635283
07-01 14:19:05.753  8767  8767 I net.osmand: RoutingHelper Recalculate route, because wrong movement direction: 186070.33
07-01 14:19:05.854  8767  8767 I net.osmand: RoutingHelper Recalculate route, because correlation  : 186070.33175635283
07-01 14:19:05.900  8767  8767 I net.osmand: RoutingHelper Recalculate route, because correlation  : 186070.33175635283
07-01 14:19:06.451  8767  8777 I zygote  : Background concurrent copying GC freed 590105(13MB) AllocSpace objects, 0(0B) LOS objects, 17% free, 28MB/34MB, paused 5.195ms total 371.864ms
07-01 14:19:06.722  8767  8767 I net.osmand: RoutingHelper Recalculate route, because correlation  : 186070.33175635283
07-01 14:19:06.722  8767  8767 I net.osmand: RoutingHelper Recalculate route, because wrong movement direction: 186070.33
07-01 14:19:06.843  8767  8767 I net.osmand: RoutingHelper Recalculate route, because correlation  : 186070.33175635283
07-01 14:19:07.120  8767  8767 I net.osmand: RoutingHelper Recalculate route, because correlation  : 186070.33175635283
07-01 14:19:07.120  8767  8767 I net.osmand: RoutingHelper Recalculate route, because wrong movement direction: 186070.33
07-01 14:19:07.193  8767  8767 I net.osmand: RoutingHelper Recalculate route, because correlation  : 186070.33175635283
07-01 14:19:07.608  8767  8777 I zygote  : Background concurrent copying GC freed 293388(6MB) AllocSpace objects, 0(0B) LOS objects, 16% free, 30MB/36MB, paused 1.832ms total 469.941ms
07-01 14:19:07.683  8767  8767 I net.osmand: RoutingHelper Recalculate route, because correlation  : 186070.33175635283
07-01 14:19:07.683  8767  8767 I net.osmand: RoutingHelper Recalculate route, because wrong movement direction: 186070.33
07-01 14:19:07.817  8767  8767 I net.osmand: RoutingHelper Recalculate route, because correlation  : 186070.33175635283
07-01 14:19:08.409  8767  8767 I net.osmand: RoutingHelper Recalculate route, because correlation  : 186070.33175635283
07-01 14:19:08.410  8767  8767 I net.osmand: RoutingHelper Recalculate route, because wrong movement direction: 186070.33
07-01 14:19:08.489  8767  8767 I net.osmand: RoutingHelper Recalculate route, because correlation  : 186070.33175635283
07-01 14:19:08.680  8767  8767 I net.osmand: RoutingHelper Recalculate route, because correlation  : 186070.33175635283
07-01 14:19:08.680  8767  8767 I net.osmand: RoutingHelper Recalculate route, because wrong movement direction: 186070.33
07-01 14:19:08.766  8767  8767 I net.osmand: RoutingHelper Recalculate route, because correlation  : 186070.33175635283
07-01 14:19:09.079  8767  8777 I zygote  : Background concurrent copying GC freed 354353(7MB) AllocSpace objects, 0(0B) LOS objects, 15% free, 31MB/37MB, paused 6.021ms total 614.721ms
07-01 14:19:09.657  8767  8767 I net.osmand: RoutingHelper Recalculate route, because correlation  : 186070.33175635283
07-01 14:19:09.658  8767  8767 I net.osmand: RoutingHelper Recalculate route, because wrong movement direction: 186070.33
07-01 14:19:09.713  8767  8767 I net.osmand: RoutingHelper Recalculate route, because correlation  : 186070.33175635283
07-01 14:19:09.969  8767  8767 I net.osmand: RoutingHelper Recalculate route, because correlation  : 186070.33175635283
07-01 14:19:09.969  8767  8767 I net.osmand: RoutingHelper Recalculate route, because wrong movement direction: 186070.33
07-01 14:19:10.031  8767  8767 I net.osmand: RoutingHelper Recalculate route, because correlation  : 186070.33175635283
07-01 14:19:10.155  8767 11415 I net.osmand:native: Run GC (before 57.653229 Mb after 44.797480 Mb) unload 305 of 982 tiles
07-01 14:19:10.752  8767  8767 I net.osmand: RoutingHelper Recalculate route, because correlation  : 186070.33175635283
07-01 14:19:10.752  8767  8767 I net.osmand: RoutingHelper Recalculate route, because wrong movement direction: 186070.33
07-01 14:19:10.758  8767  8767 I net.osmand: RoutingHelper Recalculate route, because correlation  : 186070.33175635283
07-01 14:19:11.298  8767  8777 I zygote  : Background concurrent copying GC freed 447823(9MB) AllocSpace objects, 0(0B) LOS objects, 15% free, 31MB/37MB, paused 15.522ms total 623.052ms
07-01 14:19:11.405  8767  8767 I net.osmand: RoutingHelper Recalculate route, because correlation  : 186070.33175635283
07-01 14:19:11.405  8767  8767 I net.osmand: RoutingHelper Recalculate route, because wrong movement direction: 186070.33
07-01 14:19:11.489  8767  8767 I net.osmand: RoutingHelper Recalculate route, because correlation  : 186070.33175635283
07-01 14:19:11.682  8767  8767 I chatty  : uid=10104(net.osmand) identical 1 line
07-01 14:19:11.748  8767  8767 I net.osmand: RoutingHelper Recalculate route, because correlation  : 186070.33175635283
07-01 14:19:11.748  8767  8767 I net.osmand: RoutingHelper Recalculate route, because wrong movement direction: 186070.33
07-01 14:19:12.365  8767  8777 I zygote  : Background concurrent copying GC freed 431668(9MB) AllocSpace objects, 0(0B) LOS objects, 16% free, 30MB/36MB, paused 3.089ms total 496.274ms
07-01 14:19:12.734  8767  8767 I net.osmand: RoutingHelper Recalculate route, because correlation  : 186070.33175635283
07-01 14:19:12.822  8767  8767 I net.osmand: RoutingHelper Recalculate route, because correlation  : 186070.33175635283
07-01 14:19:12.822  8767  8767 I net.osmand: RoutingHelper Recalculate route, because wrong movement direction: 186070.33
07-01 14:19:12.879  8767  8767 I net.osmand: RoutingHelper Recalculate route, because correlation  : 186070.33175635283
07-01 14:19:12.883  8767  8767 I net.osmand: RoutingHelper Recalculate route, because correlation  : 186070.33175635283
07-01 14:19:12.883  8767  8767 I net.osmand: RoutingHelper Recalculate route, because wrong movement direction: 186070.33
07-01 14:19:13.454  8767  8777 I zygote  : Background concurrent copying GC freed 352383(7MB) AllocSpace objects, 0(0B) LOS objects, 17% free, 28MB/34MB, paused 4.488ms total 347.133ms
07-01 14:19:13.682  8767  8767 I net.osmand: RoutingHelper Recalculate route, because correlation  : 186070.33175635283
07-01 14:19:13.683  8767  8767 I net.osmand: RoutingHelper Recalculate route, because wrong movement direction: 186070.33
07-01 14:19:13.885  8767  8767 I net.osmand: RoutingHelper Recalculate route, because correlation  : 186070.33175635283
07-01 14:19:14.264  8767  8767 I net.osmand: RoutingHelper Recalculate route, because correlation  : 186070.33175635283
07-01 14:19:14.265  8767  8767 I net.osmand: RoutingHelper Recalculate route, because wrong movement direction: 186070.33
07-01 14:19:14.376  8767  8767 I net.osmand: RoutingHelper Recalculate route, because correlation  : 186070.33175635283
07-01 14:19:14.710  8767  8767 I net.osmand: RoutingHelper Recalculate route, because correlation  : 186070.33175635283
07-01 14:19:14.710  8767  8767 I net.osmand: RoutingHelper Recalculate route, because wrong movement direction: 186070.33
07-01 14:19:14.828  8767  8767 I net.osmand: RoutingHelper Recalculate route, because correlation  : 186070.33175635283
07-01 14:19:15.112  8767  8777 I zygote  : Background concurrent copying GC freed 301453(6MB) AllocSpace objects, 0(0B) LOS objects, 14% free, 34MB/40MB, paused 1.701ms total 841.916ms
07-01 14:19:15.623  8767  8767 I net.osmand: RoutingHelper Recalculate route, because correlation  : 186070.33175635283
