--------- beginning of main
07-03 11:42:25.717  5305  5315 I zygote  : Background concurrent copying GC freed 286280(6MB) AllocSpace objects, 0(0B) LOS objects, 12% free, 41MB/47MB, paused 1.267ms total 427.673ms
--------- beginning of system
07-03 11:42:27.328  1604  2501 I ActivityManager: START u0 {act=android.intent.action.MAIN cat=[android.intent.category.HOME] flg=0x10000000 cmp=com.google.android.apps.nexuslauncher/.NexusLauncherActivity} from uid 2000
07-03 11:42:27.425  1402  1402 D gralloc_ranchu: gralloc_alloc: Creating ashmem region of size 8298496
07-03 11:42:27.493  1412  1412 E EGL_emulation: tid 1412: eglCreateSyncKHR(1962): error 0x3004 (EGL_BAD_ATTRIBUTE)
07-03 11:42:27.503  1604  2501 W LocalDisplayAdapter: Unable to find color mode 0, ignoring request.
07-03 11:42:27.519  1604  2501 I ActivityManager: Config changes=480 {1.0 310mcc260mnc [en_US] ldltr sw411dp w411dp h659dp 420dpi nrml port finger qwerty/v/v -nav/h appBounds=Rect(0, 0 - 1080, 1794) s.34}
07-03 11:42:27.629  1604  2501 I ActivityManager: Override config changes=480 {1.0 310mcc260mnc [en_US] ldltr sw411dp w411dp h659dp 420dpi nrml port finger qwerty/v/v -nav/h appBounds=Rect(0, 0 - 1080, 1794) s.34} for displayId=0
07-03 11:42:27.645  1604  2501 I WindowManager: Failed to capture screenshot of Token{c1468e2 ActivityRecord{41e7dad u0 net.osmand/.plus.activities.MapActivity t29}} appWin=Window{15d1e17 u0 net.osmand/net.osmand.plus.activities.MapActivity} drawState=4
07-03 11:42:27.709  1402  1402 D gralloc_ranchu: gralloc_alloc: Creating ashmem region of size 8298496
07-03 11:42:27.763  1402  1440 D gralloc_ranchu: gralloc_alloc: Creating ashmem region of size 8298496
07-03 11:42:27.785  1604  1619 W Looper  : Dispatch took 388ms on android.ui, h=Handler (com.android.server.am.ActivityManagerService$UiHandler) {63b7718} cb=null msg=31
07-03 11:42:27.804  1604  1617 E memtrack: Couldn't load memtrack module
07-03 11:42:27.804  1604  1617 W android.os.Debug: failed to get memory consumption info: -1
07-03 11:42:27.850  1402  1402 D gralloc_ranchu: gralloc_alloc: Creating ashmem region of size 8298496
07-03 11:42:27.865  1604  1666 I InputReader: Reconfiguring input devices.  changes=0x00000004
07-03 11:42:27.874  1604  1666 I InputReader: Device reconfigured: id=0, name='qwerty2', size 1080x1920, orientation 0, mode 1, display id 0
07-03 11:42:27.880  1604  1618 W ActivityManager: Activity pause timeout for ActivityRecord{41e7dad u0 net.osmand/.plus.activities.MapActivity t29}
07-03 11:42:28.059  1604  1619 W Looper  : Dispatch took 274ms on android.ui, h=Handler (com.android.server.am.ActivityManagerService$UiHandler) {63b7718} cb=null msg=53
07-03 11:42:28.097  1604  2501 I GnssLocationProvider: WakeLock acquired by sendMessage(SET_REQUEST, 0, com.android.server.location.GnssLocationProvider$GpsRequest@569c94)
07-03 11:42:28.110  5305  5305 D net.osmand: Disable sensor
07-03 11:42:28.192  5305  5305 I net.osmand: MapRenderRepositories RENDER MAP: Interrupt rendering map
07-03 11:42:28.299  1412  1412 D SurfaceFlinger: duplicate layer name: changing com.google.android.apps.nexuslauncher/com.google.android.apps.nexuslauncher.NexusLauncherActivity to com.google.android.apps.nexuslauncher/com.google.android.apps.nexuslauncher.NexusLauncherActivity#1
07-03 11:42:28.322  1402  1402 D gralloc_ranchu: gralloc_alloc: Creating ashmem region of size 8298496
07-03 11:42:28.379  1402  1402 D gralloc_ranchu: gralloc_alloc: Creating ashmem region of size 8298496
07-03 11:42:28.437  1402  1440 D gralloc_ranchu: gralloc_alloc: Creating ashmem region of size 8298496
07-03 11:42:28.587 10677 10677 I Choreographer: Skipped 38 frames!  The application may be doing too much work on its main thread.
07-03 11:42:28.625  1402  1440 D gralloc_ranchu: gralloc_alloc: Creating ashmem region of size 8298496
07-03 11:42:28.672  1402  1402 D gralloc_ranchu: gralloc_alloc: Creating ashmem region of size 8298496
07-03 11:42:28.753  2061  2124 D EGL_emulation: eglMakeCurrent: 0xa5806680: ver 2 0 (tinfo 0xa5803c60)
07-03 11:42:28.778 10677 10709 D EGL_emulation: eglMakeCurrent: 0xa58055a0: ver 2 0 (tinfo 0xa58034d0)
07-03 11:42:28.797  1970  1970 I GeofencerStateMachine: sendNewLocationAvailability: availability=LocationAvailability[isLocationAvailable: true]
07-03 11:42:28.810  1402  1402 D gralloc_ranchu: gralloc_alloc: Creating ashmem region of size 8298496
07-03 11:42:28.811  1402  1440 D gralloc_ranchu: gralloc_alloc: Creating ashmem region of size 8298496
07-03 11:42:28.816  1402  1439 D gralloc_ranchu: gralloc_alloc: Creating ashmem region of size 544768
07-03 11:42:28.818  1402  1439 D         : HostConnection::get() New Host Connection established 0xabd91000, tid 1439
07-03 11:42:28.907  2061  2074 I zygote  : NativeAlloc concurrent copying GC freed 9917(587KB) AllocSpace objects, 14(3MB) LOS objects, 50% free, 4MB/9MB, paused 2.056ms total 554.233ms
07-03 11:42:28.913  1701  1701 I KeyboardViewUtil: systemKeyboardHeightRatio:1.000000; userKeyboardHeightRatio:1.000000.
07-03 11:42:28.922  5305  5394 D EGL_emulation: eglMakeCurrent: 0x908064e0: ver 2 0 (tinfo 0x910e8b80)
07-03 11:42:28.936  1707  1933 D EGL_emulation: eglMakeCurrent: 0x91a91b00: ver 2 0 (tinfo 0x91b96990)
07-03 11:42:29.069 10677 10677 W ThreadPoolDumper: Queue length for executor EventBus is now 11. Perhaps some tasks are too long, or the pool is too small.
07-03 11:42:29.081  1402  1439 D gralloc_ranchu: gralloc_alloc: Creating ashmem region of size 544768
07-03 11:42:29.101  1701  1701 I DeviceStatusMonitor: onReceive() : Action = android.intent.action.CONFIGURATION_CHANGED
07-03 11:42:29.116  1402  1439 D gralloc_ranchu: gralloc_alloc: Creating ashmem region of size 8298496
07-03 11:42:29.119  1402  1440 D gralloc_ranchu: gralloc_alloc: Creating ashmem region of size 8298496
07-03 11:42:29.176  1701  1701 I ConfigNotification: Get device mode by ui mode:1 and smallestScreenWidthDp:411
07-03 11:42:29.178  1701  1701 I chatty  : uid=10060(com.google.android.inputmethod.latin) identical 2 lines
07-03 11:42:29.180  1701  1701 I ConfigNotification: Get device mode by ui mode:1 and smallestScreenWidthDp:411
07-03 11:42:29.344  2061  2124 W OpenGLRenderer: Incorrectly called buildLayer on View: ShortcutAndWidgetContainer, destroying layer...
07-03 11:42:29.400  1604  1625 W WindowManager: Window freeze timeout expired.
07-03 11:42:29.403  1604  1625 W WindowManager: Force clearing orientation change: Window{8a752c8 u0 StatusBar}
07-03 11:42:29.403  1604  1625 W WindowManager: Force clearing orientation change: Window{8b0e3ed u0 com.android.systemui.ImageWallpaper}
07-03 11:42:29.344  2061  2124 W OpenGLRenderer: Incorrectly called buildLayer on View: ShortcutAndWidgetContainer, destroying layer...
07-03 11:42:29.437 10677 10711 W SessionLifecycleManager: Handover failed. Creating new session controller.
07-03 11:42:29.450  5305 12697 E FA      : Task exception on worker thread: java.lang.IllegalAccessError: Method 'void android.support.v4.content.ContextCompat.<init>()' is inaccessible to class 'com.google.firebase.iid.zzg' (declaration of 'com.google.firebase.iid.zzg' appears in /data/app/net.osmand-3e2027wrPNiMXbTSfYMHIA==/base.apk): com.google.android.gms.measurement.internal.zzt.zzEd(Unknown Source:3)
07-03 11:42:29.452  1604  1651 I WindowManager: Screen frozen for +2s53ms due to Window{8a752c8 u0 StatusBar}
07-03 11:42:29.483  1412  1412 D SurfaceFlinger: duplicate layer name: changing BlackSurface to BlackSurface#1
07-03 11:42:29.511  1412  1412 D SurfaceFlinger: duplicate layer name: changing BlackSurface to BlackSurface#2
07-03 11:42:29.532  1412  1412 D SurfaceFlinger: duplicate layer name: changing BlackSurface to BlackSurface#3
07-03 11:42:29.757  1604  1617 I GnssLocationProvider: WakeLock released by handleMessage(SET_REQUEST, 0, com.android.server.location.GnssLocationProvider$GpsRequest@569c94)
07-03 11:42:29.897  1604  1751 I WifiService: getWifiEnabledState uid=10032
07-03 11:42:30.009  1707  1707 I Choreographer: Skipped 72 frames!  The application may be doing too much work on its main thread.
07-03 11:42:30.026 10677 12248 W LocationOracle: No location history returned by ContextManager
07-03 11:42:30.041  1402  1440 D gralloc_ranchu: gralloc_alloc: Creating ashmem region of size 544768
07-03 11:42:30.043  1604  2501 I WifiService: getWifiEnabledState uid=10032
07-03 11:42:30.083  1707  1729 I zygote  : NativeAlloc concurrent copying GC freed 37286(1763KB) AllocSpace objects, 0(0B) LOS objects, 43% free, 7MB/13MB, paused 1.879ms total 1.257s
07-03 11:42:30.140  1707  1707 W StaticLayout: maxLineHeight should not be -1.  maxLines:7 lineCount:7
07-03 11:42:30.152  1707  1707 I chatty  : uid=10029(com.android.systemui) identical 2 lines
07-03 11:42:30.153  1707  1707 W StaticLayout: maxLineHeight should not be -1.  maxLines:7 lineCount:7
07-03 11:42:30.155 10677 10711 I zygote  : Deoptimizing void com.google.android.apps.gsa.shared.searchbox.a.g.a(int, java.lang.Object) due to JIT inline cache
07-03 11:42:30.156  1707  1707 W StaticLayout: maxLineHeight should not be -1.  maxLines:1 lineCount:1
07-03 11:42:30.180  1707  1707 I chatty  : uid=10029(com.android.systemui) identical 4 lines
07-03 11:42:30.181  1707  1707 W StaticLayout: maxLineHeight should not be -1.  maxLines:1 lineCount:1
07-03 11:42:30.209 10677 10711 I MicroDetectionWorker: #startMicroDetector [speakerMode: 0]
07-03 11:42:30.215 10677 10711 W ErrorReporter: reportError [type: 211, code: 393244, bug: 0]: errorCode: 393244, engine: 0
07-03 11:42:30.216 10677 10711 I MicroDetector: Keeping mic open: false
07-03 11:42:30.216 10677 10711 I MicroDetectionWorker: #onError(false)
07-03 11:42:30.308  1402  1440 D gralloc_ranchu: gralloc_alloc: Creating ashmem region of size 274432
07-03 11:42:30.355  1707  1707 W StaticLayout: maxLineHeight should not be -1.  maxLines:7 lineCount:7
07-03 11:42:30.356  1707  1707 W StaticLayout: maxLineHeight should not be -1.  maxLines:7 lineCount:7
07-03 11:42:30.371  1970  1970 I GeofencerStateMachine: removeGeofences: removeRequest=RemoveGeofencingRequest[REMOVE_BY_PENDING_INTENT pendingIntent=PendingIntent[creatorPackage=com.google.android.gms], packageName=com.google.android.gms]
07-03 11:42:30.385  1707  1707 W StaticLayout: maxLineHeight should not be -1.  maxLines:7 lineCount:7
07-03 11:42:30.385  1707  1707 W StaticLayout: maxLineHeight should not be -1.  maxLines:7 lineCount:7
07-03 11:42:30.386  1970  1970 I GeofencerStateMachine: removeGeofences: removeRequest=RemoveGeofencingRequest[REMOVE_BY_PENDING_INTENT pendingIntent=PendingIntent[creatorPackage=com.google.android.gms], packageName=com.google.android.gms]
07-03 11:42:30.390  1707  1707 W StaticLayout: maxLineHeight should not be -1.  maxLines:1 lineCount:1
07-03 11:42:30.400  1707  1707 I chatty  : uid=10029(com.android.systemui) identical 4 lines
07-03 11:42:30.401  1707  1707 W StaticLayout: maxLineHeight should not be -1.  maxLines:1 lineCount:1
07-03 11:42:30.408  1970  1970 I GeofencerStateMachine: removeGeofences: removeRequest=RemoveGeofencingRequest[REMOVE_BY_PENDING_INTENT pendingIntent=PendingIntent[creatorPackage=com.google.android.gms], packageName=com.google.android.gms]
07-03 11:42:30.440  1970 10278 W ctxmgr  : [AclManager] No 3 for (accnt=account#1066226748#, com.google.android.gms(10014):UserVelocityProducer, vrsn=17785022, 0, 3pPkg = null ,  3pMdlId = null ,  pid = 1970). Was: 2 for 1, account#1066226748# [CONTEXT service_id=47 ]
07-03 11:42:30.446  1707  1707 D StatusBar: disable<e i a s b h r c s q >
07-03 11:42:30.456  1707  1933 D EGL_emulation: eglMakeCurrent: 0x91a91b00: ver 2 0 (tinfo 0x91b96990)
07-03 11:42:30.473  1402  1440 D gralloc_ranchu: gralloc_alloc: Creating ashmem region of size 274432
07-03 11:42:30.520  1707  1707 W StatusBar/NavBarView: *** Invalid layout in navigation bar (sizeChanged this=1080x126 cur=1038x126)
07-03 11:42:30.563  1707  1707 D EGL_emulation: eglCreateContext: 0x90a5d900: maj 2 min 0 rcv 2
07-03 11:42:30.574  1707  1707 D EGL_emulation: eglMakeCurrent: 0x90a5d900: ver 2 0 (tinfo 0x916e0300)
07-03 11:42:30.585  1402  1440 D gralloc_ranchu: gralloc_alloc: Creating ashmem region of size 8298496
07-03 11:42:30.618  1707  1707 D EGL_emulation: eglMakeCurrent: 0x90a5d900: ver 2 0 (tinfo 0x916e0300)
07-03 11:42:30.713  1402  1440 D gralloc_ranchu: gralloc_alloc: Creating ashmem region of size 8298496
07-03 11:42:30.725  1970  1970 I GeofencerStateMachine: removeGeofences: removeRequest=RemoveGeofencingRequest[REMOVE_BY_PENDING_INTENT pendingIntent=PendingIntent[creatorPackage=com.google.android.gms], packageName=com.google.android.gms]
07-03 11:42:30.740  1970  1970 I GeofencerStateMachine: removeGeofences: removeRequest=RemoveGeofencingRequest[REMOVE_BY_PENDING_INTENT pendingIntent=PendingIntent[creatorPackage=com.google.android.gms], packageName=com.google.android.gms]
07-03 11:42:30.809  1707  1707 D EGL_emulation: eglCreateContext: 0x90a5d900: maj 2 min 0 rcv 2
07-03 11:42:30.815  1707  1707 D EGL_emulation: eglMakeCurrent: 0x90a5d900: ver 2 0 (tinfo 0x916e0300)
07-03 11:42:30.819  1402  1440 D gralloc_ranchu: gralloc_alloc: Creating ashmem region of size 9547776
07-03 11:42:30.855  1970 12707 I PlaceInferenceEngine: [anon] Changed inference mode: 0
07-03 11:42:30.890  1970 12707 I PlaceInferenceEngine: [account#1066226748] Changed inference mode: 0
07-03 11:42:30.910  1707  1707 D EGL_emulation: eglMakeCurrent: 0x90a5d900: ver 2 0 (tinfo 0x916e0300)
07-03 11:42:30.989  1402  1440 D gralloc_ranchu: gralloc_alloc: Creating ashmem region of size 9547776
07-03 11:42:31.178  1707  1707 I Choreographer: Skipped 43 frames!  The application may be doing too much work on its main thread.
07-03 11:42:31.217  1402  1440 D gralloc_ranchu: gralloc_alloc: Creating ashmem region of size 274432
07-03 11:42:31.248  1707  1933 D EGL_emulation: eglMakeCurrent: 0x91a91b00: ver 2 0 (tinfo 0x91b96990)
07-03 11:42:31.283  1970 10278 I ctxmgr  : [ProducerStatusImpl] updateStateForNewContextData: inactive, contextName=7 [CONTEXT service_id=47 ]
07-03 11:42:31.302  1970 12707 I Places  : Converted 1 out of 1 WiFi scans
07-03 11:42:31.303  1604  1751 I WifiService: getConnectionInfo uid=10014
07-03 11:42:31.351  1707  1933 D EGL_emulation: eglMakeCurrent: 0x91a91b00: ver 2 0 (tinfo 0x91b96990)
07-03 11:42:31.427  1970  1980 I zygote  : Background concurrent copying GC freed 95647(3MB) AllocSpace objects, 0(0B) LOS objects, 37% free, 10MB/16MB, paused 1.267ms total 740.327ms
07-03 11:42:31.810  1604  2501 I ActivityManager: Force stopping com.skgames.trafficrider appid=10081 user=0: from pid 12716
07-03 11:42:31.839  1836  1836 D CarrierSvcBindHelper: No carrier app for: 0
07-03 11:42:32.223  1970 12707 I Places  : ?: PlacesBleScanner start() with priority 2
07-03 11:42:32.228  1970 12707 I PlaceInferenceEngine: [anon] Changed inference mode: 1
07-03 11:42:32.228  1970 12707 I PlaceInferenceEngine: [account#1066226748] Changed inference mode: 1
07-03 11:42:32.253  1970 12707 I Places  : Converted 1 out of 1 WiFi scans
07-03 11:42:32.253  1604  6308 I WifiService: getConnectionInfo uid=10014
07-03 11:42:32.271  1970 12707 I PlaceInferenceEngine: [account#1066226748] Changed inference mode: 1
07-03 11:42:32.271  1970 12707 I PlaceInferenceEngine: [anon] Changed inference mode: 1
07-03 11:42:32.287  1970  1970 E BeaconBle: Missing BluetoothAdapter
07-03 11:42:32.287  1970  1970 I BeaconBle: BLE 'KK+' software access layer enabled
07-03 11:42:32.353  1970  1970 I BeaconBle: Client requested scan, settings=BleSettings [scanMode=ZERO_POWER, callbackType=ALL_MATCHES, reportDelayMillis=0, 1 filters, 0 clients, callingClientName=Places]
07-03 11:42:32.353  1970  1970 I BeaconBle: Scan : No clients left, canceling alarm.
07-03 11:42:32.354  1970  1970 E BeaconBle: Scan couldn't start for Places
07-03 11:42:32.354  1970  1970 W Places  : BLE failure while scanning - code 5
07-03 11:42:32.496  1604  6308 I ActivityManager: Force stopping com.EvilChaotic.ModernWarplanes appid=10082 user=0: from pid 12721
07-03 11:42:32.516  1836  1836 D CarrierSvcBindHelper: No carrier app for: 0
07-03 11:42:32.630  1970 12650 I PlaceInferenceEngine: No beacon scan available - ignoring candidates.
07-03 11:42:32.702  1970 12650 I PlaceInferenceEngine: No beacon scan available - ignoring candidates.
07-03 11:42:32.961  1604  1625 I zygote  : Explicit concurrent copying GC freed 33253(1786KB) AllocSpace objects, 2(40KB) LOS objects, 8% free, 64MB/70MB, paused 1.318ms total 1.413s
07-03 11:42:32.962  1604  1613 I zygote  : WaitForGcToComplete blocked Background on HeapTrim for 1.151s
07-03 11:42:32.994  1970  1980 I zygote  : Background concurrent copying GC freed 68041(3MB) AllocSpace objects, 32(1848KB) LOS objects, 35% free, 10MB/16MB, paused 1.123ms total 246.958ms
07-03 11:42:33.045  1604  6308 I ActivityManager: Force stopping com.ea.games.r3_row appid=10083 user=0: from pid 12727
07-03 11:42:33.066  1836  1836 D CarrierSvcBindHelper: No carrier app for: 0
07-03 11:42:33.373  1604  1614 W ActivityManager: Invalid packageName: android.media.action.IMAGE_CAPTURE
07-03 11:42:35.069  5305  5305 D net.osmand: RoutingHelper Processed by distance : (new) 186838.81683182155 (old) 187024.109375
07-03 11:42:35.269  5305  5305 I net.osmand: RoutingHelper Recalculate route, because correlation  : 186838.81683182155
07-03 11:42:35.272  5305  5305 D net.osmand: AbstractPrologCommandPlayer abandonAudioFocus
07-03 11:42:35.283  5305  5305 W MaterialProgressBar: Current drawable is not a MaterialProgressDrawable, you may want to set app:mpb_setBothDrawables
07-03 11:42:35.309  5305 12745 I net.osmand: RouteProvider Start finding route from Location[mProvider=gps,mTime=1562168555000,mLatitude=-7.227295,mLongitude=-35.88520833333334,mHasAltitude=true,mAltitude=0.0,mHasSpeed=false,mSpeed=0.0,mHasBearing=false,mBearing=0.0,mHasAccuracy=true,mAccuracy=20.0 to Lat -5.0433416 Lon -42.763027 using OsmAnd (offline)
07-03 11:42:35.310  5305 12745 W net.osmand: RouteProvider Use 320 MB Free 0.7325134 of 47.775803 max 384.0
07-03 11:42:35.313  5305  5305 I net.osmand: RoutingHelper Recalculate route, because correlation  : 186838.81683182155
07-03 11:42:35.313  5305  5305 I net.osmand: RoutingHelper Recalculate route, because wrong movement direction: 186838.81
07-03 11:42:35.322  5305  5305 I net.osmand: RoutingHelper Recalculate route, because correlation  : 186838.81683182155
07-03 11:42:35.322  5305  5305 I net.osmand: RoutingHelper Recalculate route, because wrong movement direction: 186838.81
07-03 11:42:35.352 10677 10711 I MicroDetectionWorker: #startMicroDetector [speakerMode: 0]
07-03 11:42:35.360 10677 10711 W ErrorReporter: reportError [type: 211, code: 393244, bug: 0]: errorCode: 393244, engine: 0
07-03 11:42:35.371 10677 10711 I MicroDetector: Keeping mic open: false
07-03 11:42:35.372 10677 10711 I MicroDetectionWorker: #onError(false)
07-03 11:42:35.451  5305  5305 I net.osmand: RoutingHelper Recalculate route, because correlation  : 186838.81683182155
07-03 11:42:36.062  5305 12745 I net.osmand:native: Start point was found 1886274709 [Native]
07-03 11:42:36.131  5305 12745 I net.osmand:native: End point was found 33625857991 [Native]
07-03 11:42:36.283  5305  5305 I net.osmand: RoutingHelper Recalculate route, because correlation  : 214.74408039865548
07-03 11:42:36.283  5305  5305 I net.osmand: RoutingHelper Recalculate route, because wrong movement direction: 246.21614
07-03 11:42:36.317  5305  5305 I net.osmand: RoutingHelper Recalculate route, because correlation  : 214.74408039865548
07-03 11:42:36.361  5305  5305 I net.osmand: RoutingHelper Recalculate route, because correlation  : 214.74408039865548
07-03 11:42:36.361  5305  5305 I net.osmand: RoutingHelper Recalculate route, because wrong movement direction: 246.21614
07-03 11:42:36.376  5305  5305 I net.osmand: RoutingHelper Recalculate route, because correlation  : 214.74408039865548
07-03 11:42:36.675  5305  5315 I zygote  : Background concurrent copying GC freed 315476(7MB) AllocSpace objects, 8(416KB) LOS objects, 12% free, 41MB/47MB, paused 8.200ms total 1.084s
07-03 11:42:37.073 12747 12747 D AndroidRuntime: >>>>>> START com.android.internal.os.RuntimeInit uid 2000 <<<<<<
07-03 11:42:37.099 12747 12747 W app_process: Could not reserve sentinel fault page
07-03 11:42:37.230  5305  5305 I net.osmand: RoutingHelper Recalculate route, because correlation  : 214.74408039865548
07-03 11:42:37.241  5305  5305 I net.osmand: RoutingHelper Recalculate route, because correlation  : 214.74408039865548
07-03 11:42:37.241  5305  5305 I net.osmand: RoutingHelper Recalculate route, because wrong movement direction: 246.21614
07-03 11:42:37.482 12747 12747 W app_process: Unexpected CPU variant for X86 using defaults: x86
07-03 11:42:37.501 12747 12747 I app_process: The ClassLoaderContext is a special shared library.
07-03 11:42:37.534  5305  5305 I net.osmand: RoutingHelper Recalculate route, because correlation  : 214.74408039865548
07-03 11:42:37.534  5305  5305 I net.osmand: RoutingHelper Recalculate route, because wrong movement direction: 246.21614
07-03 11:42:37.595  5305  5305 I net.osmand: RoutingHelper Recalculate route, because correlation  : 214.74408039865548
07-03 11:42:37.679 12747 12747 D AndroidRuntime: Calling main entry com.android.commands.monkey.Monkey
07-03 11:42:37.680 12747 12747 W Monkey  : args: [-p, net.osmand, -c, android.intent.category.LAUNCHER, 1]
07-03 11:42:37.681 12747 12747 W Monkey  :  arg: "-p"
07-03 11:42:37.683 12747 12747 W Monkey  :  arg: "net.osmand"
07-03 11:42:37.683 12747 12747 W Monkey  :  arg: "-c"
07-03 11:42:37.684 12747 12747 W Monkey  :  arg: "android.intent.category.LAUNCHER"
07-03 11:42:37.687 12747 12747 W Monkey  :  arg: "1"
07-03 11:42:37.688 12747 12747 W Monkey  : data="net.osmand"
07-03 11:42:37.689 12747 12747 W Monkey  : data="android.intent.category.LAUNCHER"
07-03 11:42:37.799  1604  1618 W BroadcastQueue: Skipping deliver [background] BroadcastRecord{bb30976 u-1 android.net.conn.CONNECTIVITY_CHANGE} to ReceiverList{f612b77 12747 (unknown name)/2000/u-1 remote:13e4c38}: process gone or crashing
07-03 11:42:37.801  1604  1617 E memtrack: Couldn't load memtrack module
07-03 11:42:37.801  1604  1617 W android.os.Debug: failed to get memory consumption info: -1
07-03 11:42:37.861  1604  6308 I ActivityManager: START u0 {act=android.intent.action.MAIN cat=[android.intent.category.LAUNCHER] flg=0x10200000 cmp=net.osmand/.plus.activities.MapActivity} from uid 2000
07-03 11:42:37.868  1604  6308 W Binder  : Outgoing transactions from this process must be FLAG_ONEWAY
07-03 11:42:37.868  1604  6308 W Binder  : java.lang.Throwable
07-03 11:42:37.868  1604  6308 W Binder  : 	at android.os.BinderProxy.transact(Binder.java:752)
07-03 11:42:37.868  1604  6308 W Binder  : 	at android.app.IActivityController$Stub$Proxy.activityStarting(IActivityController.java:172)
07-03 11:42:37.868  1604  6308 W Binder  : 	at com.android.server.am.ActivityStarter.startActivity(ActivityStarter.java:449)
07-03 11:42:37.868  1604  6308 W Binder  : 	at com.android.server.am.ActivityStarter.startActivityLocked(ActivityStarter.java:278)
07-03 11:42:37.868  1604  6308 W Binder  : 	at com.android.server.am.ActivityStarter.startActivityMayWait(ActivityStarter.java:817)
07-03 11:42:37.868  1604  6308 W Binder  : 	at com.android.server.am.ActivityManagerService.startActivityAsUser(ActivityManagerService.java:4532)
07-03 11:42:37.868  1604  6308 W Binder  : 	at com.android.server.am.ActivityManagerService.startActivity(ActivityManagerService.java:4519)
07-03 11:42:37.868  1604  6308 W Binder  : 	at android.app.IActivityManager$Stub.onTransact(IActivityManager.java:121)
07-03 11:42:37.868  1604  6308 W Binder  : 	at com.android.server.am.ActivityManagerService.onTransact(ActivityManagerService.java:2919)
07-03 11:42:37.868  1604  6308 W Binder  : 	at android.os.Binder.execTransact(Binder.java:697)
07-03 11:42:37.910  1604  6308 W ResourceType: ResTable_typeSpec entry count inconsistent: given 5115, previously 5124
07-03 11:42:37.911  1604  6308 W ResourceType: ResTable_typeSpec entry count inconsistent: given 142, previously 459
07-03 11:42:37.911  1604  6308 W ResourceType: For resource 0x7f0e00c0, entry index(192) is beyond type entryCount(142)
07-03 11:42:37.911  1604  6308 W ResourceType: For resource 0x7f0e00d1, entry index(209) is beyond type entryCount(142)
07-03 11:42:37.911  1604  6308 W ResourceType: For resource 0x7f0e00cb, entry index(203) is beyond type entryCount(142)
07-03 11:42:37.911  1604  6308 W ResourceType: For resource 0x7f0e014d, entry index(333) is beyond type entryCount(142)
07-03 11:42:37.912  1604  6308 W ResourceType: For resource 0x7f0e00dd, entry index(221) is beyond type entryCount(142)
07-03 11:42:37.912  1604  6308 W ResourceType: For resource 0x7f0e00e4, entry index(228) is beyond type entryCount(142)
07-03 11:42:37.960  1402  1440 D gralloc_ranchu: gralloc_alloc: Creating ashmem region of size 8298496
07-03 11:42:37.998  1412  1412 E EGL_emulation: tid 1412: eglCreateSyncKHR(1962): error 0x3004 (EGL_BAD_ATTRIBUTE)
07-03 11:42:38.004  1604  1651 W LocalDisplayAdapter: Unable to find color mode 0, ignoring request.
07-03 11:42:38.032 12747 12747 I Monkey  : Events injected: 1
07-03 11:42:38.038  1604  1614 I ActivityManager: Config changes=480 {1.0 310mcc260mnc [en_US] ldltr sw411dp w683dp h387dp 420dpi nrml land finger qwerty/v/v -nav/h appBounds=Rect(126, 0 - 1920, 1080) s.35}
07-03 11:42:38.045  1604  1614 I ActivityManager: Override config changes=480 {1.0 310mcc260mnc [en_US] ldltr sw411dp w683dp h387dp 420dpi nrml land finger qwerty/v/v -nav/h appBounds=Rect(126, 0 - 1920, 1080) s.35} for displayId=0
07-03 11:42:38.176  1604  1614 W LocalDisplayAdapter: Unable to find color mode 0, ignoring request.
07-03 11:42:38.214  1412  1866 E BufferQueueProducer: [SnapshotStartingWindow for taskId=29#0] connect: BufferQueue has been abandoned
07-03 11:42:38.216  1604  1651 W WindowManager: Exception when adding starting window
07-03 11:42:38.216  1604  1651 W WindowManager: java.lang.RuntimeException: Failed to attach and queue buffer to Surface (bad object?)
07-03 11:42:38.216  1604  1651 W WindowManager: 	at android.view.Surface.attachAndQueueBuffer(Surface.java:616)
07-03 11:42:38.216  1604  1651 W WindowManager: 	at com.android.server.wm.TaskSnapshotSurface.drawSizeMatchSnapshot(TaskSnapshotSurface.java:299)
07-03 11:42:38.216  1604  1651 W WindowManager: 	at com.android.server.wm.TaskSnapshotSurface.drawSnapshot(TaskSnapshotSurface.java:286)
07-03 11:42:38.216  1604  1651 W WindowManager: 	at com.android.server.wm.TaskSnapshotSurface.create(TaskSnapshotSurface.java:222)
07-03 11:42:38.216  1604  1651 W WindowManager: 	at com.android.server.wm.TaskSnapshotController.createStartingSurface(TaskSnapshotController.java:203)
07-03 11:42:38.216  1604  1651 W WindowManager: 	at com.android.server.wm.SnapshotStartingData.createStartingSurface(SnapshotStartingData.java:39)
07-03 11:42:38.216  1604  1651 W WindowManager: 	at com.android.server.wm.AppWindowContainerController.lambda$-com_android_server_wm_AppWindowContainerController_4735(AppWindowContainerController.java:145)
07-03 11:42:38.216  1604  1651 W WindowManager: 	at com.android.server.wm.-$Lambda$aEpJ2RCAIjecjyIIYTv6ricEwh4.$m$4(Unknown Source:4)
07-03 11:42:38.216  1604  1651 W WindowManager: 	at com.android.server.wm.-$Lambda$aEpJ2RCAIjecjyIIYTv6ricEwh4.run(Unknown Source:27)
07-03 11:42:38.216  1604  1651 W WindowManager: 	at android.os.Handler.handleCallback(Handler.java:790)
07-03 11:42:38.216  1604  1651 W WindowManager: 	at android.os.Handler.dispatchMessage(Handler.java:99)
07-03 11:42:38.216  1604  1651 W WindowManager: 	at android.os.Looper.loop(Looper.java:164)
07-03 11:42:38.216  1604  1651 W WindowManager: 	at android.os.HandlerThread.run(HandlerThread.java:65)
07-03 11:42:38.216  1604  1651 W WindowManager: 	at com.android.server.ServiceThread.run(ServiceThread.java:46)
07-03 11:42:38.218  1604  1619 W Looper  : Dispatch took 159ms on android.ui, h=Handler (com.android.server.am.ActivityManagerService$UiHandler) {63b7718} cb=null msg=31
07-03 11:42:38.231 12747 12747 I Monkey  : ## Network stats: elapsed time=349ms (0ms mobile, 0ms wifi, 349ms not connected)
07-03 11:42:38.254 10677 10709 D EGL_emulation: eglMakeCurrent: 0xa58055a0: ver 2 0 (tinfo 0xa58034d0)
07-03 11:42:38.276  2061  2124 D EGL_emulation: eglMakeCurrent: 0xa5806680: ver 2 0 (tinfo 0xa5803c60)
07-03 11:42:38.303  1604  1666 I InputReader: Reconfiguring input devices.  changes=0x00000004
07-03 11:42:38.303  1604  1666 I InputReader: Device reconfigured: id=0, name='qwerty2', size 1080x1920, orientation 3, mode 1, display id 0
07-03 11:42:38.333 12747 12747 I com.android.commands.monkey: System.exit called, status: 0
07-03 11:42:38.333 12747 12747 I AndroidRuntime: VM exiting with result code 0.
07-03 11:42:38.337  1604  1666 I InputReader: Reconfiguring input devices.  changes=0x00000004
07-03 11:42:38.371  1604  1619 W Looper  : Dispatch took 103ms on android.ui, h=Handler (com.android.server.policy.PhoneWindowManager$PolicyHandler) {35d3375} cb=android.database.ContentObserver$NotificationRunnable@cabd449 msg=0
07-03 11:42:38.382  5305  5305 D InAppPurchaseHelper: Destroying helper.
07-03 11:42:38.537  5305  5305 D net.osmand: Enable sensor
07-03 11:42:38.657  1402  1440 D gralloc_ranchu: gralloc_alloc: Creating ashmem region of size 544768
07-03 11:42:38.681  1701  1701 I KeyboardViewUtil: systemKeyboardHeightRatio:1.000000; userKeyboardHeightRatio:1.000000.
07-03 11:42:38.689  1707  1933 D EGL_emulation: eglMakeCurrent: 0x91a91b00: ver 2 0 (tinfo 0x91b96990)
07-03 11:42:38.718  1402  1440 D gralloc_ranchu: gralloc_alloc: Creating ashmem region of size 544768
07-03 11:42:38.840  1701  1701 I DeviceStatusMonitor: onReceive() : Action = android.intent.action.CONFIGURATION_CHANGED
07-03 11:42:38.841  1701  1701 I ConfigNotification: Get device mode by ui mode:1 and smallestScreenWidthDp:411
07-03 11:42:38.841  1701  1701 I chatty  : uid=10060(com.google.android.inputmethod.latin) identical 2 lines
07-03 11:42:38.842  1701  1701 I ConfigNotification: Get device mode by ui mode:1 and smallestScreenWidthDp:411
07-03 11:42:38.868  1402  1440 D gralloc_ranchu: gralloc_alloc: Creating ashmem region of size 2076672
07-03 11:42:38.929  1604  6308 I GnssLocationProvider: WakeLock acquired by sendMessage(SET_REQUEST, 0, com.android.server.location.GnssLocationProvider$GpsRequest@734c381)
07-03 11:42:38.985  1604  6308 W LocalDisplayAdapter: Unable to find color mode 0, ignoring request.
07-03 11:42:38.998  1604  1666 I InputReader: Reconfiguring input devices.  changes=0x00000004
07-03 11:42:39.030  5305  5305 W System.err: OnCreate for MapActivity took 648 ms
07-03 11:42:39.044  5305  5305 I Choreographer: Skipped 52 frames!  The application may be doing too much work on its main thread.
07-03 11:42:39.053  1707  1707 D EGL_emulation: eglCreateContext: 0x914cad40: maj 2 min 0 rcv 2
07-03 11:42:39.061  1402  1440 D gralloc_ranchu: gralloc_alloc: Creating ashmem region of size 8298496
07-03 11:42:39.071  5305  5305 W ResourceType: For resource 0x7f0e00cb, entry index(203) is beyond type entryCount(142)
07-03 11:42:39.071  5305  5305 W ResourceType: For resource 0x7f0e014d, entry index(333) is beyond type entryCount(142)
07-03 11:42:39.071  5305  5305 W ResourceType: For resource 0x7f0e00dd, entry index(221) is beyond type entryCount(142)
07-03 11:42:39.071  5305  5305 W ResourceType: For resource 0x7f0e00e4, entry index(228) is beyond type entryCount(142)
07-03 11:42:39.072  5305  5305 W ResourceType: For resource 0x7f0e013b, entry index(315) is beyond type entryCount(142)
07-03 11:42:39.072  5305  5305 W ResourceType: For resource 0x7f0e013b, entry index(315) is beyond type entryCount(142)
07-03 11:42:39.072  5305  5305 W ResourceType: For resource 0x7f0e010f, entry index(271) is beyond type entryCount(142)
07-03 11:42:39.073  5305  5305 W ResourceType: For resource 0x7f0e013b, entry index(315) is beyond type entryCount(142)
07-03 11:42:39.086  5305  5305 I chatty  : uid=10104(net.osmand) identical 2 lines
07-03 11:42:39.087  5305  5305 W ResourceType: For resource 0x7f0e013b, entry index(315) is beyond type entryCount(142)
07-03 11:42:39.094  1707  1707 D EGL_emulation: eglMakeCurrent: 0x914cad40: ver 2 0 (tinfo 0x916e0300)
07-03 11:42:39.096  1402  1440 D gralloc_ranchu: gralloc_alloc: Creating ashmem region of size 9547776
07-03 11:42:39.106  5305  5305 W ResourceType: For resource 0x7f0e013b, entry index(315) is beyond type entryCount(142)
07-03 11:42:39.122  5305  5305 I chatty  : uid=10104(net.osmand) identical 33 lines
07-03 11:42:39.122  5305  5305 W ResourceType: For resource 0x7f0e013b, entry index(315) is beyond type entryCount(142)
07-03 11:42:39.139  1707  1707 D EGL_emulation: eglMakeCurrent: 0x914cad40: ver 2 0 (tinfo 0x916e0300)
07-03 11:42:39.140  1412  1667 E SurfaceFlinger: Permission Denial: can't openGlobalTransaction pid=5305, uid<=10104
07-03 11:42:39.142  5305  5305 E BpSurfaceComposerClient: Failed to transact (-1)
07-03 11:42:39.147  1412  1428 E SurfaceFlinger: Permission Denial: can't openGlobalTransaction pid=5305, uid<=10104
07-03 11:42:39.147  5305  5305 E BpSurfaceComposerClient: Failed to transact (-1)
07-03 11:42:39.165  1970  1970 I GeofencerStateMachine: sendNewLocationAvailability: availability=LocationAvailability[isLocationAvailable: true]
07-03 11:42:39.242  1604  2501 I WifiService: acquireWifiLock uid=10014 lockMode=2
07-03 11:42:39.248  1402  1440 D gralloc_ranchu: gralloc_alloc: Creating ashmem region of size 9547776
07-03 11:42:39.255  1402  1439 D gralloc_ranchu: gralloc_alloc: Creating ashmem region of size 8298496
07-03 11:42:39.331  5305  5394 D EGL_emulation: eglMakeCurrent: 0x908064e0: ver 2 0 (tinfo 0x910e8b80)
07-03 11:42:39.357  1402  1439 D gralloc_ranchu: gralloc_alloc: Creating ashmem region of size 8298496
07-03 11:42:39.423  1402  1439 D gralloc_ranchu: gralloc_alloc: Creating ashmem region of size 3878912
07-03 11:42:39.481  1707  1707 I Choreographer: Skipped 49 frames!  The application may be doing too much work on its main thread.
07-03 11:42:39.486  1402  1439 D gralloc_ranchu: gralloc_alloc: Creating ashmem region of size 544768
07-03 11:42:39.490  5305  5305 I net.osmand: RoutingHelper Recalculate route, because correlation  : 214.74408039865548
07-03 11:42:39.491  5305  5305 I net.osmand: RoutingHelper Recalculate route, because wrong movement direction: 246.21614
07-03 11:42:39.589  1707  1707 W StaticLayout: maxLineHeight should not be -1.  maxLines:7 lineCount:7
07-03 11:42:39.590  1707  1707 W StaticLayout: maxLineHeight should not be -1.  maxLines:7 lineCount:7
07-03 11:42:39.593  1604  1617 I GnssLocationProvider: WakeLock released by handleMessage(SET_REQUEST, 0, com.android.server.location.GnssLocationProvider$GpsRequest@734c381)
07-03 11:42:39.598  1707  1707 W StaticLayout: maxLineHeight should not be -1.  maxLines:7 lineCount:7
07-03 11:42:39.599  1707  1707 W StaticLayout: maxLineHeight should not be -1.  maxLines:7 lineCount:7
07-03 11:42:39.608  5305  5305 I net.osmand: RoutingHelper Recalculate route, because correlation  : 214.74408039865548
07-03 11:42:39.608  5305  5305 I net.osmand: RoutingHelper Recalculate route, because wrong movement direction: 246.21614
07-03 11:42:39.615  1402  1439 D gralloc_ranchu: gralloc_alloc: Creating ashmem region of size 3878912
07-03 11:42:39.643  1402  1439 D gralloc_ranchu: gralloc_alloc: Creating ashmem region of size 8298496
07-03 11:42:39.686  5305  5305 I net.osmand: RoutingHelper Recalculate route, because correlation  : 214.74408039865548
07-03 11:42:39.711  1402  1439 D gralloc_ranchu: gralloc_alloc: Creating ashmem region of size 487424
07-03 11:42:39.791  1412  1412 W SurfaceFlinger: couldn't log to binary event log: overflow.
07-03 11:42:39.791  1412  1412 W SurfaceFlinger: couldn't log to binary event log: overflow.
07-03 11:42:39.827  1707  1707 W StaticLayout: maxLineHeight should not be -1.  maxLines:7 lineCount:7
07-03 11:42:39.836  1707  1707 I chatty  : uid=10029(com.android.systemui) identical 2 lines
07-03 11:42:39.837  1707  1707 W StaticLayout: maxLineHeight should not be -1.  maxLines:7 lineCount:7
07-03 11:42:39.883 10677 12701 I PBSessionCacheImpl: Deleted sessionId[8399397847283] from persistence.
07-03 11:42:39.911  1707  1707 D StatusBar: disable<e i a s b h r c s q >
07-03 11:42:39.919  1707  1933 D EGL_emulation: eglMakeCurrent: 0x91a91b00: ver 2 0 (tinfo 0x91b96990)
07-03 11:42:39.943  1604  1625 W WindowManager: Window freeze timeout expired.
07-03 11:42:39.944  1604  1625 W WindowManager: Force clearing orientation change: Window{8a752c8 u0 StatusBar}
07-03 11:42:39.961  1604  1651 I WindowManager: Screen frozen for +2s25ms due to Window{8a752c8 u0 StatusBar}
07-03 11:42:39.966  1402  1439 D gralloc_ranchu: gralloc_alloc: Creating ashmem region of size 487424
07-03 11:42:39.979  1604  6308 I WifiService: getWifiEnabledState uid=10032
07-03 11:42:39.997  1412  1412 D SurfaceFlinger: duplicate layer name: changing BlackSurface to BlackSurface#1
07-03 11:42:40.002  1412  1412 D SurfaceFlinger: duplicate layer name: changing BlackSurface to BlackSurface#1
07-03 11:42:40.037  1412  1412 D SurfaceFlinger: duplicate layer name: changing BlackSurface to BlackSurface#2
07-03 11:42:40.079 10677 10711 W SearchServiceCore: Abort, client detached.
07-03 11:42:40.114  1707  1707 W StatusBar/NavBarView: *** Invalid layout in navigation bar (sizeChanged this=126x1080 cur=126x1038)
07-03 11:42:40.289  1707  1707 D EGL_emulation: eglCreateContext: 0x912c3240: maj 2 min 0 rcv 2
07-03 11:42:40.312  1707  1707 D EGL_emulation: eglMakeCurrent: 0x912c3240: ver 2 0 (tinfo 0x916e0300)
07-03 11:42:40.315  1402  1439 D gralloc_ranchu: gralloc_alloc: Creating ashmem region of size 8298496
07-03 11:42:40.336  5305  5305 I net.osmand: RoutingHelper Recalculate route, because correlation  : 214.74408039865548
07-03 11:42:40.337  5305  5305 I net.osmand: RoutingHelper Recalculate route, because wrong movement direction: 246.21614
07-03 11:42:40.374  5305  5305 I net.osmand: RoutingHelper Recalculate route, because correlation  : 214.74408039865548
07-03 11:42:40.403  1707  1707 D EGL_emulation: eglMakeCurrent: 0x912c3240: ver 2 0 (tinfo 0x916e0300)
07-03 11:42:40.537  1402  1439 D gralloc_ranchu: gralloc_alloc: Creating ashmem region of size 8298496
07-03 11:42:40.572  1412  1412 D SurfaceFlinger: duplicate layer name: changing ScreenshotSurface to ScreenshotSurface#1
07-03 11:42:40.581  1402  1439 D gralloc_ranchu: gralloc_alloc: Creating ashmem region of size 8298496
07-03 11:42:40.607  5305  5305 I net.osmand: RoutingHelper Recalculate route, because correlation  : 214.74408039865548
07-03 11:42:40.607  5305  5305 I net.osmand: RoutingHelper Recalculate route, because wrong movement direction: 246.21614
07-03 11:42:40.630  1412  1412 E EGL_emulation: tid 1412: eglCreateSyncKHR(1962): error 0x3004 (EGL_BAD_ATTRIBUTE)
07-03 11:42:40.637  1604  1651 W LocalDisplayAdapter: Unable to find color mode 0, ignoring request.
07-03 11:42:40.689  1604  1666 I InputReader: Reconfiguring input devices.  changes=0x00000004
07-03 11:42:40.689  1604  1666 I InputReader: Device reconfigured: id=0, name='qwerty2', size 1080x1920, orientation 0, mode 1, display id 0
07-03 11:42:40.690  1604  1666 I InputReader: Reconfiguring input devices.  changes=0x00000004
07-03 11:42:40.703  1604  1625 I ActivityManager: Config changes=480 {1.0 310mcc260mnc [en_US] ldltr sw411dp w411dp h659dp 420dpi nrml port finger qwerty/v/v -nav/h appBounds=Rect(0, 0 - 1080, 1794) s.36}
07-03 11:42:40.691  1604  1666 I InputReader: Reconfiguring input devices.  changes=0x00000004
07-03 11:42:40.721  1402  1439 D gralloc_ranchu: gralloc_alloc: Creating ashmem region of size 3878912
07-03 11:42:40.770  1604  1625 I ActivityManager: Override config changes=480 {1.0 310mcc260mnc [en_US] ldltr sw411dp w411dp h659dp 420dpi nrml port finger qwerty/v/v -nav/h appBounds=Rect(0, 0 - 1080, 1794) s.36} for displayId=0
07-03 11:42:40.840  1701  1701 I KeyboardViewUtil: systemKeyboardHeightRatio:1.000000; userKeyboardHeightRatio:1.000000.
07-03 11:42:40.856  1707  1707 I Choreographer: Skipped 55 frames!  The application may be doing too much work on its main thread.
07-03 11:42:40.911  1402  1439 D gralloc_ranchu: gralloc_alloc: Creating ashmem region of size 487424
07-03 11:42:40.990  1701  1701 I DeviceStatusMonitor: onReceive() : Action = android.intent.action.CONFIGURATION_CHANGED
07-03 11:42:40.991  1701  1701 I ConfigNotification: Get device mode by ui mode:1 and smallestScreenWidthDp:411
07-03 11:42:40.991  1701  1701 I chatty  : uid=10060(com.google.android.inputmethod.latin) identical 2 lines
07-03 11:42:40.992  1701  1701 I ConfigNotification: Get device mode by ui mode:1 and smallestScreenWidthDp:411
07-03 11:42:41.017 10677 10682 I zygote  : Do full code cache collection, code=504KB, data=291KB
07-03 11:42:41.025  1402  1439 D gralloc_ranchu: gralloc_alloc: Creating ashmem region of size 544768
07-03 11:42:41.029 10677 10682 I zygote  : After code cache collection, code=416KB, data=205KB
07-03 11:42:41.046  1707  1933 D EGL_emulation: eglMakeCurrent: 0x91a91b00: ver 2 0 (tinfo 0x91b96990)
07-03 11:42:41.068  1402  1439 D gralloc_ranchu: gralloc_alloc: Creating ashmem region of size 544768
07-03 11:42:41.073  1604  2058 I GnssLocationProvider: WakeLock acquired by sendMessage(SET_REQUEST, 0, com.android.server.location.GnssLocationProvider$GpsRequest@c944698)
07-03 11:42:41.084  5305  5305 D net.osmand: Disable sensor
07-03 11:42:41.109  5305  5305 I net.osmand: MapRenderRepositories RENDER MAP: Interrupt rendering map
07-03 11:42:41.111  5305  5394 D EGL_emulation: eglMakeCurrent: 0x908064e0: ver 2 0 (tinfo 0x910e8b80)
07-03 11:42:41.133  5305  5323 I zygote  : Waiting for a blocking GC ProfileSaver
07-03 11:42:41.134  5305  5305 D InAppPurchaseHelper: Destroying helper.
07-03 11:42:41.169  1412  1427 E BufferQueueProducer: [SurfaceView - net.osmand/net.osmand.plus.activities.MapActivity#0] disconnect: not connected (req=2)
07-03 11:42:41.205  5305  5305 W ResourceType: ResTable_typeSpec entry count inconsistent: given 5115, previously 5124
07-03 11:42:41.206  5305  5305 W ResourceType: ResTable_typeSpec entry count inconsistent: given 142, previously 459
07-03 11:42:41.249  5305  5305 W ResourceType: For resource 0x7f0e00c0, entry index(192) is beyond type entryCount(142)
07-03 11:42:41.250  5305  5305 W ResourceType: For resource 0x7f0e00d1, entry index(209) is beyond type entryCount(142)
07-03 11:42:41.250  5305  5305 W ResourceType: For resource 0x7f0e00cb, entry index(203) is beyond type entryCount(142)
07-03 11:42:41.250  5305  5305 W ResourceType: For resource 0x7f0e014d, entry index(333) is beyond type entryCount(142)
07-03 11:42:41.250  5305  5305 W ResourceType: For resource 0x7f0e00dd, entry index(221) is beyond type entryCount(142)
07-03 11:42:41.251  5305  5305 W ResourceType: For resource 0x7f0e00e4, entry index(228) is beyond type entryCount(142)
07-03 11:42:41.268  1970  1970 I GeofencerStateMachine: sendNewLocationAvailability: availability=LocationAvailability[isLocationAvailable: true]
07-03 11:42:41.299  5305  5305 W ResourceType: For resource 0x7f0e01c4, entry index(452) is beyond type entryCount(142)
07-03 11:42:41.299  5305  5305 W ResourceType: For resource 0x7f0e01c4, entry index(452) is beyond type entryCount(142)
07-03 11:42:41.299  5305  5305 W ResourceType: For resource 0x7f0e0183, entry index(387) is beyond type entryCount(142)
07-03 11:42:41.299  5305  5305 W ResourceType: For resource 0x7f0e0187, entry index(391) is beyond type entryCount(142)
07-03 11:42:41.299  5305  5305 W ResourceType: For resource 0x7f0e0185, entry index(389) is beyond type entryCount(142)
07-03 11:42:41.299  5305  5305 W ResourceType: For resource 0x7f0e015d, entry index(349) is beyond type entryCount(142)
07-03 11:42:41.299  5305  5305 W ResourceType: For resource 0x7f0e0195, entry index(405) is beyond type entryCount(142)
07-03 11:42:41.299  5305  5305 W ResourceType: For resource 0x7f0e016c, entry index(364) is beyond type entryCount(142)
07-03 11:42:41.300  5305  5305 W ResourceType: For resource 0x7f0e0163, entry index(355) is beyond type entryCount(142)
07-03 11:42:41.300  5305  5305 W ResourceType: For resource 0x7f0e00db, entry index(219) is beyond type entryCount(142)
07-03 11:42:41.300  5305  5305 W ResourceType: For resource 0x7f0e0193, entry index(403) is beyond type entryCount(142)
07-03 11:42:41.300  5305  5305 W ResourceType: For resource 0x7f0e016f, entry index(367) is beyond type entryCount(142)
07-03 11:42:41.300  5305  5305 W ResourceType: For resource 0x7f0e0161, entry index(353) is beyond type entryCount(142)
07-03 11:42:41.300  5305  5305 W ResourceType: For resource 0x7f0e0170, entry index(368) is beyond type entryCount(142)
07-03 11:42:41.300  5305  5305 W ResourceType: For resource 0x7f0e0174, entry index(372) is beyond type entryCount(142)
07-03 11:42:41.300  5305  5305 I chatty  : uid=10104(net.osmand) identical 2 lines
07-03 11:42:41.300  5305  5305 W ResourceType: For resource 0x7f0e0174, entry index(372) is beyond type entryCount(142)
07-03 11:42:41.300  5305  5305 W ResourceType: For resource 0x7f0e0177, entry index(375) is beyond type entryCount(142)
07-03 11:42:41.300  5305  5305 W ResourceType: For resource 0x7f0e0160, entry index(352) is beyond type entryCount(142)
07-03 11:42:41.300  5305  5305 W ResourceType: For resource 0x7f0e0199, entry index(409) is beyond type entryCount(142)
07-03 11:42:41.300  5305  5305 W ResourceType: For resource 0x7f0e017e, entry index(382) is beyond type entryCount(142)
07-03 11:42:41.300  5305  5305 W ResourceType: For resource 0x7f0e017f, entry index(383) is beyond type entryCount(142)
07-03 11:42:41.300  5305  5305 W ResourceType: For resource 0x7f0e0196, entry index(406) is beyond type entryCount(142)
07-03 11:42:41.301  5305  5305 W ResourceType: For resource 0x7f0e0197, entry index(407) is beyond type entryCount(142)
07-03 11:42:41.301  5305  5305 W ResourceType: For resource 0x7f0e0140, entry index(320) is beyond type entryCount(142)
07-03 11:42:41.301  5305  5305 W ResourceType: For resource 0x7f0e00e7, entry index(231) is beyond type entryCount(142)
07-03 11:42:41.301  5305  5305 W ResourceType: For resource 0x7f0e0194, entry index(404) is beyond type entryCount(142)
07-03 11:42:41.301  5305  5305 W ResourceType: For resource 0x7f0e01a5, entry index(421) is beyond type entryCount(142)
07-03 11:42:41.301  5305  5305 W ResourceType: For resource 0x7f0e017d, entry index(381) is beyond type entryCount(142)
07-03 11:42:41.301  5305  5305 W ResourceType: For resource 0x7f0e017b, entry index(379) is beyond type entryCount(142)
07-03 11:42:41.301  5305  5305 W ResourceType: For resource 0x7f0e010f, entry index(271) is beyond type entryCount(142)
07-03 11:42:41.301  5305  5305 W ResourceType: For resource 0x7f0e00f8, entry index(248) is beyond type entryCount(142)
07-03 11:42:41.301  5305  5305 W ResourceType: For resource 0x7f0e010f, entry index(271) is beyond type entryCount(142)
07-03 11:42:41.301  5305  5305 W ResourceType: For resource 0x7f0e0122, entry index(290) is beyond type entryCount(142)
07-03 11:42:41.301  5305  5305 W ResourceType: For resource 0x7f0e010b, entry index(267) is beyond type entryCount(142)
07-03 11:42:41.301  5305  5305 W ResourceType: For resource 0x7f0e010c, entry index(268) is beyond type entryCount(142)
07-03 11:42:41.301  5305  5305 W ResourceType: For resource 0x7f0e01ad, entry index(429) is beyond type entryCount(142)
07-03 11:42:41.301  5305  5305 W ResourceType: For resource 0x7f0e01ac, entry index(428) is beyond type entryCount(142)
07-03 11:42:41.305  5305  5305 W ResourceType: For resource 0x7f0e01c4, entry index(452) is beyond type entryCount(142)
07-03 11:42:41.305  5305  5305 W ResourceType: For resource 0x7f0e01c4, entry index(452) is beyond type entryCount(142)
07-03 11:42:41.305  5305  5305 W ResourceType: For resource 0x7f0e0183, entry index(387) is beyond type entryCount(142)
07-03 11:42:41.305  5305  5305 W ResourceType: For resource 0x7f0e0187, entry index(391) is beyond type entryCount(142)
07-03 11:42:41.305  5305  5305 W ResourceType: For resource 0x7f0e0185, entry index(389) is beyond type entryCount(142)
07-03 11:42:41.305  5305  5305 W ResourceType: For resource 0x7f0e015d, entry index(349) is beyond type entryCount(142)
07-03 11:42:41.305  5305  5305 W ResourceType: For resource 0x7f0e0195, entry index(405) is beyond type entryCount(142)
07-03 11:42:41.305  5305  5305 W ResourceType: For resource 0x7f0e016c, entry index(364) is beyond type entryCount(142)
07-03 11:42:41.305  5305  5305 W ResourceType: For resource 0x7f0e0163, entry index(355) is beyond type entryCount(142)
07-03 11:42:41.305  5305  5305 W ResourceType: For resource 0x7f0e00db, entry index(219) is beyond type entryCount(142)
07-03 11:42:41.305  5305  5305 W ResourceType: For resource 0x7f0e0193, entry index(403) is beyond type entryCount(142)
07-03 11:42:41.305  5305  5305 W ResourceType: For resource 0x7f0e016f, entry index(367) is beyond type entryCount(142)
07-03 11:42:41.305  5305  5305 W ResourceType: For resource 0x7f0e0161, entry index(353) is beyond type entryCount(142)
07-03 11:42:41.305  5305  5305 W ResourceType: For resource 0x7f0e0170, entry index(368) is beyond type entryCount(142)
07-03 11:42:41.306  5305  5305 W ResourceType: For resource 0x7f0e0174, entry index(372) is beyond type entryCount(142)
07-03 11:42:41.306  5305  5305 I chatty  : uid=10104(net.osmand) identical 2 lines
07-03 11:42:41.306  5305  5305 W ResourceType: For resource 0x7f0e0174, entry index(372) is beyond type entryCount(142)
07-03 11:42:41.306  5305  5305 W ResourceType: For resource 0x7f0e0177, entry index(375) is beyond type entryCount(142)
07-03 11:42:41.306  5305  5305 W ResourceType: For resource 0x7f0e0160, entry index(352) is beyond type entryCount(142)
