--------- beginning of main
06-29 11:12:48.361  1390  2659 W audio_hw_generic: Not supplying enough data to HAL, expected position 76641199 , only wrote 76641120
06-29 11:12:48.538  1390  2659 W audio_hw_generic: Not supplying enough data to HAL, expected position 76649625 , only wrote 76649040
06-29 11:12:48.539  1390  2659 W audio_hw_generic: Not supplying enough data to HAL, expected position 76649068 , only wrote 76649040
06-29 11:12:48.557  1390  2659 W audio_hw_generic: Not supplying enough data to HAL, expected position 76649935 , only wrote 76649760
06-29 11:12:48.562  1473  1561 D AudioFlinger: mixer(0xa6c83380) throttle end: throttle time(2)
06-29 11:12:48.588  1390  2659 W audio_hw_generic: Not supplying enough data to HAL, expected position 76651201 , only wrote 76651200
06-29 11:12:48.634  1390  2659 W audio_hw_generic: Not supplying enough data to HAL, expected position 76653432 , only wrote 76652640
06-29 11:12:49.735  1600  2099 I WifiService: acquireWifiLock uid=10014 lockMode=2
06-29 11:12:49.754  1600  1613 E memtrack: Couldn't load memtrack module
06-29 11:12:49.754  1600  1613 W android.os.Debug: failed to get memory consumption info: -1
06-29 11:12:49.928  1600  2662 I WifiService: releaseWifiLock uid=10014
06-29 11:12:49.931  1390  2659 W audio_hw_generic: Not supplying enough data to HAL, expected position 76714905 , only wrote 76714560
06-29 11:12:49.932  1390  2659 W audio_hw_generic: Not supplying enough data to HAL, expected position 76714592 , only wrote 76714560
06-29 11:12:49.951  1390  2659 W audio_hw_generic: Not supplying enough data to HAL, expected position 76715475 , only wrote 76715280
06-29 11:12:49.981  1600  1613 E memtrack: Couldn't load memtrack module
06-29 11:12:49.981  1600  1613 W android.os.Debug: failed to get memory consumption info: -1
06-29 11:12:50.020  1390  2659 W audio_hw_generic: Not supplying enough data to HAL, expected position 76718613 , only wrote 76718160
06-29 11:12:50.072  1600  1613 E memtrack: Couldn't load memtrack module
06-29 11:12:50.072  1600  1613 W android.os.Debug: failed to get memory consumption info: -1
06-29 11:12:50.121  1390  2659 W audio_hw_generic: Not supplying enough data to HAL, expected position 76722996 , only wrote 76721760
06-29 11:12:50.165  1390  2659 W audio_hw_generic: Not supplying enough data to HAL, expected position 76723858 , only wrote 76723200
06-29 11:12:50.334  1390  2659 W audio_hw_generic: Not supplying enough data to HAL, expected position 76731317 , only wrote 76731120
06-29 11:12:50.335  1390  2659 W audio_hw_generic: Not supplying enough data to HAL, expected position 76731173 , only wrote 76731120
06-29 11:12:50.353  1390  2659 W audio_hw_generic: Not supplying enough data to HAL, expected position 76731964 , only wrote 76731840
06-29 11:12:50.619  1390  2659 W audio_hw_generic: Not supplying enough data to HAL, expected position 76744611 , only wrote 76743360
06-29 11:12:50.654  1390  2659 W audio_hw_generic: Not supplying enough data to HAL, expected position 76745076 , only wrote 76744800
06-29 11:12:50.655  1473  1561 D AudioFlinger: mixer(0xa6c83380) throttle end: throttle time(3)
06-29 11:12:50.816  3472  3482 I zygote  : Background concurrent copying GC freed 301241(6MB) AllocSpace objects, 0(0B) LOS objects, 26% free, 16MB/22MB, paused 1.628ms total 371.846ms
06-29 11:12:50.883  1390  2659 W audio_hw_generic: Not supplying enough data to HAL, expected position 76755762 , only wrote 76755600
--------- beginning of system
06-29 11:12:51.047  1600  1847 I ActivityManager: START u0 {act=android.intent.action.MAIN cat=[android.intent.category.HOME] flg=0x10000000 cmp=com.google.android.apps.nexuslauncher/.NexusLauncherActivity} from uid 2000
06-29 11:12:51.191  1473  1561 D AudioFlinger: mixer(0xa6c83380) throttle end: throttle time(1)
06-29 11:12:51.213  1398  1434 D gralloc_ranchu: gralloc_alloc: Creating ashmem region of size 8298496
06-29 11:12:51.261  1398  1435 D gralloc_ranchu: gralloc_alloc: Creating ashmem region of size 8298496
06-29 11:12:51.314  1408  1408 D SurfaceFlinger: duplicate layer name: changing com.google.android.apps.nexuslauncher/com.google.android.apps.nexuslauncher.NexusLauncherActivity to com.google.android.apps.nexuslauncher/com.google.android.apps.nexuslauncher.NexusLauncherActivity#1
06-29 11:12:51.317  1398  1435 D gralloc_ranchu: gralloc_alloc: Creating ashmem region of size 8298496
06-29 11:12:51.378  1398  1435 D gralloc_ranchu: gralloc_alloc: Creating ashmem region of size 8298496
06-29 11:12:51.416  1390  2659 W audio_hw_generic: Not supplying enough data to HAL, expected position 76781174 , only wrote 76780800
06-29 11:12:51.417  1390  2659 W audio_hw_generic: Not supplying enough data to HAL, expected position 76780856 , only wrote 76780800
06-29 11:12:51.422  1398  1434 D gralloc_ranchu: gralloc_alloc: Creating ashmem region of size 8298496
06-29 11:12:51.579  1600  1614 W ActivityManager: Activity pause timeout for ActivityRecord{acd9006 u0 net.osmand/.plus.activities.MapActivity t5}
06-29 11:12:51.460  1398  1434 D gralloc_ranchu: gralloc_alloc: Creating ashmem region of size 8298496
06-29 11:12:51.627  2118  2184 D EGL_emulation: eglMakeCurrent: 0x8b867100: ver 2 0 (tinfo 0x8b8707f0)
06-29 11:12:51.689  2629  2884 D EGL_emulation: eglMakeCurrent: 0xa61b6ce0: ver 2 0 (tinfo 0xa619b690)
06-29 11:12:51.726  1600  2099 I GnssLocationProvider: WakeLock acquired by sendMessage(SET_REQUEST, 0, com.android.server.location.GnssLocationProvider$GpsRequest@782bcd8)
06-29 11:12:51.851  1390  2659 W audio_hw_generic: Hardware backing HAL too slow, could only write 0 of 720 frames
06-29 11:12:51.873  3472  3472 D net.osmand: Disable sensor
06-29 11:12:51.877  1398  1434 D gralloc_ranchu: gralloc_alloc: Creating ashmem region of size 8298496
06-29 11:12:51.886  1600  1613 I GnssLocationProvider: WakeLock released by handleMessage(SET_REQUEST, 0, com.android.server.location.GnssLocationProvider$GpsRequest@782bcd8)
06-29 11:12:51.927  1408  1408 E EGL_emulation: tid 1408: eglCreateSyncKHR(1962): error 0x3004 (EGL_BAD_ATTRIBUTE)
06-29 11:12:51.924  1704  1929 D EGL_emulation: eglMakeCurrent: 0x9e4046c0: ver 2 0 (tinfo 0x9e403690)
06-29 11:12:52.000  1704  1929 D EGL_emulation: eglMakeCurrent: 0x9e4046c0: ver 2 0 (tinfo 0x9e403690)
06-29 11:12:52.023  1390  2659 W audio_hw_generic: Not supplying enough data to HAL, expected position 76809879 , only wrote 76809600
06-29 11:12:52.024  1390  2659 W audio_hw_generic: Not supplying enough data to HAL, expected position 76809681 , only wrote 76809600
06-29 11:12:52.039  1473  1561 D AudioFlinger: mixer(0xa6c83380) throttle end: throttle time(4)
06-29 11:12:52.050  2118  2126 I zygote  : NativeAlloc concurrent copying GC freed 6355(374KB) AllocSpace objects, 2(104KB) LOS objects, 49% free, 4MB/9MB, paused 4.063ms total 585.892ms
06-29 11:12:52.086  1390  2659 W audio_hw_generic: Hardware backing HAL too slow, could only write 0 of 720 frames
06-29 11:12:52.095  1704  1929 D EGL_emulation: eglMakeCurrent: 0x9e4046c0: ver 2 0 (tinfo 0x9e403690)
06-29 11:12:52.100  1390  2659 W audio_hw_generic: Hardware backing HAL too slow, could only write 0 of 720 frames
06-29 11:12:52.112  2629  2890 W ThreadPoolDumper: Queue length for executor EventBus is now 11. Perhaps some tasks are too long, or the pool is too small.
06-29 11:12:52.159  1473  1561 D AudioFlinger: mixer(0xa6c83380) throttle end: throttle time(2)
06-29 11:12:52.172  3472  3472 I net.osmand: MapRenderRepositories RENDER MAP: Interrupt rendering map
06-29 11:12:52.185  2118  2184 W OpenGLRenderer: Incorrectly called buildLayer on View: ShortcutAndWidgetContainer, destroying layer...
06-29 11:12:52.185  2118  2184 W OpenGLRenderer: Incorrectly called buildLayer on View: ShortcutAndWidgetContainer, destroying layer...
06-29 11:12:52.329  1390  2659 W audio_hw_generic: Hardware backing HAL too slow, could only write 0 of 720 frames
06-29 11:12:52.395  1473  1561 D AudioFlinger: mixer(0xa6c83380) throttle end: throttle time(4)
06-29 11:12:52.449  1390  2659 W audio_hw_generic: Hardware backing HAL too slow, could only write 0 of 720 frames
06-29 11:12:52.464  1390  2659 I chatty  : uid=1041(audioserver) writer identical 1 line
06-29 11:12:52.480  1390  2659 W audio_hw_generic: Hardware backing HAL too slow, could only write 0 of 720 frames
06-29 11:12:52.488  3472  3472 D net.osmand: Enable sensor
06-29 11:12:52.507  1390  2659 W audio_hw_generic: Not supplying enough data to HAL, expected position 76832779 , only wrote 76832640
06-29 11:12:52.525  1390  2659 W audio_hw_generic: Not supplying enough data to HAL, expected position 76833483 , only wrote 76833360
06-29 11:12:52.526  1390  2659 W audio_hw_generic: Not supplying enough data to HAL, expected position 76833404 , only wrote 76833360
06-29 11:12:52.542  1390  2659 W audio_hw_generic: Not supplying enough data to HAL, expected position 76834149 , only wrote 76834080
06-29 11:12:52.570  1704  1735 I zygote  : Waiting for a blocking GC ProfileSaver
06-29 11:12:52.575  2629  2890 W SessionLifecycleManager: Handover failed. Creating new session controller.
06-29 11:12:52.697  1964  1964 I GeofencerStateMachine: sendNewLocationAvailability: availability=LocationAvailability[isLocationAvailable: true]
06-29 11:12:52.746  3472  3540 D EGL_emulation: eglMakeCurrent: 0x9e4043c0: ver 2 0 (tinfo 0x9e403290)
06-29 11:12:52.895  1600  1682 I zygote  : IncrementDisableThreadFlip blocked for 46.414ms
06-29 11:12:52.897  1600  2099 I zygote  : IncrementDisableThreadFlip blocked for 13.642ms
06-29 11:12:52.897  1600  1600 I zygote  : IncrementDisableThreadFlip blocked for 11.828ms
06-29 11:12:52.902  1600  1847 I zygote  : IncrementDisableThreadFlip blocked for 16.904ms
06-29 11:12:53.041  1390  2659 W audio_hw_generic: Hardware backing HAL too slow, could only write 0 of 720 frames
06-29 11:12:53.050  1600  3433 I zygote  : android::hardware::configstore::V1_0::ISurfaceFlingerConfigs::hasWideColorDisplay retrieved: 0
06-29 11:12:53.050  1600  3433 I OpenGLRenderer: Initialized EGL, version 1.4
06-29 11:12:53.051  1600  3433 D OpenGLRenderer: Swap behavior 1
06-29 11:12:53.053  1600  3433 W OpenGLRenderer: Failed to choose config with EGL_SWAP_BEHAVIOR_PRESERVED, retrying without...
06-29 11:12:53.053  1600  3433 D OpenGLRenderer: Swap behavior 0
06-29 11:12:53.057  1390  2659 W audio_hw_generic: Hardware backing HAL too slow, could only write 0 of 720 frames
06-29 11:12:53.069  1600  3433 D EGL_emulation: eglCreateContext: 0x9e3a2d60: maj 2 min 0 rcv 2
06-29 11:12:53.073  1390  2659 W audio_hw_generic: Hardware backing HAL too slow, could only write 0 of 720 frames
06-29 11:12:53.086  1600  3433 D EGL_emulation: eglMakeCurrent: 0x9e3a2d60: ver 2 0 (tinfo 0x7e593e60)
06-29 11:12:53.087  1390  2659 W audio_hw_generic: Hardware backing HAL too slow, could only write 0 of 720 frames
06-29 11:12:53.102  1390  2659 I chatty  : uid=1041(audioserver) writer identical 1 line
06-29 11:12:53.206  1390  2659 W audio_hw_generic: Hardware backing HAL too slow, could only write 0 of 720 frames
06-29 11:12:53.420  3472 16430 E FA      : Task exception on worker thread: java.lang.IllegalAccessError: Method 'void android.support.v4.content.ContextCompat.<init>()' is inaccessible to class 'com.google.firebase.iid.zzg' (declaration of 'com.google.firebase.iid.zzg' appears in /data/app/net.osmand-3e2027wrPNiMXbTSfYMHIA==/base.apk): com.google.android.gms.measurement.internal.zzt.zzEd(Unknown Source:3)
06-29 11:12:53.438  1704  1929 D EGL_emulation: eglMakeCurrent: 0x9e4046c0: ver 2 0 (tinfo 0x9e403690)
06-29 11:12:53.514  1600  1617 E BatteryExternalStatsWorker: modem info is invalid: ModemActivityInfo{ mTimestamp=0 mSleepTimeMs=0 mIdleTimeMs=0 mTxTimeMs[]=[0, 0, 0, 0, 0] mRxTimeMs=0 mEnergyUsed=0}
06-29 11:12:53.592  1600  1611 I WifiService: getWifiEnabledState uid=10032
06-29 11:12:53.626  1600  1611 I chatty  : uid=1000(system) Binder:1600_2 identical 1 line
06-29 11:12:53.661  1600  1611 I WifiService: getWifiEnabledState uid=10032
06-29 11:12:53.682  2629  9201 W LocationOracle: No location history returned by ContextManager
06-29 11:12:53.832  1473  1561 D AudioFlinger: mixer(0xa6c83380) throttle end: throttle time(2)
06-29 11:12:53.923  1390  2659 W audio_hw_generic: Not supplying enough data to HAL, expected position 76900382 , only wrote 76900320
06-29 11:12:53.924  1390  2659 W audio_hw_generic: Not supplying enough data to HAL, expected position 76900363 , only wrote 76900320
06-29 11:12:53.940  1390  2659 W audio_hw_generic: Not supplying enough data to HAL, expected position 76901067 , only wrote 76901040
06-29 11:12:54.035  1704  1723 I zygote  : NativeAlloc concurrent copying GC freed 34365(1778KB) AllocSpace objects, 0(0B) LOS objects, 43% free, 7MB/13MB, paused 3.573ms total 1.606s
06-29 11:12:54.036  1704  1735 I zygote  : WaitForGcToComplete blocked ProfileSaver on HeapTrim for 1.465s
06-29 11:12:54.247  1600  1609 I zygote  : NativeAlloc concurrent copying GC freed 17600(918KB) AllocSpace objects, 2(40KB) LOS objects, 26% free, 16MB/22MB, paused 33.699ms total 1.403s
06-29 11:12:54.271  1964  1964 I GeofencerStateMachine: removeGeofences: removeRequest=RemoveGeofencingRequest[REMOVE_BY_PENDING_INTENT pendingIntent=PendingIntent[creatorPackage=com.google.android.gms], packageName=com.google.android.gms]
06-29 11:12:54.285  1964  1964 I chatty  : uid=10014 com.google.android.gms.persistent identical 1 line
06-29 11:12:54.304  1964  1964 I GeofencerStateMachine: removeGeofences: removeRequest=RemoveGeofencingRequest[REMOVE_BY_PENDING_INTENT pendingIntent=PendingIntent[creatorPackage=com.google.android.gms], packageName=com.google.android.gms]
06-29 11:12:54.364  1390  2659 W audio_hw_generic: Not supplying enough data to HAL, expected position 76921374 , only wrote 76921200
06-29 11:12:54.364  1390  2659 W audio_hw_generic: Not supplying enough data to HAL, expected position 76921211 , only wrote 76921200
06-29 11:12:54.380  1390  2659 W audio_hw_generic: Not supplying enough data to HAL, expected position 76921987 , only wrote 76921920
06-29 11:12:54.422  1964 16442 W ctxmgr  : [AclManager] No 3 for (accnt=account#1066226748#, com.google.android.gms(10014):UserVelocityProducer, vrsn=17785022, 0, 3pPkg = null ,  3pMdlId = null ,  pid = 1964). Was: 2 for 1, account#1066226748# [CONTEXT service_id=47 ]
06-29 11:12:54.611  1964 16442 I ctxmgr  : [ProducerStatusImpl] updateStateForNewContextData: inactive, contextName=7 [CONTEXT service_id=47 ]
06-29 11:12:54.745  1964  1964 I GeofencerStateMachine: removeGeofences: removeRequest=RemoveGeofencingRequest[REMOVE_BY_PENDING_INTENT pendingIntent=PendingIntent[creatorPackage=com.google.android.gms], packageName=com.google.android.gms]
06-29 11:12:54.753  1964  1964 I GeofencerStateMachine: removeGeofences: removeRequest=RemoveGeofencingRequest[REMOVE_BY_PENDING_INTENT pendingIntent=PendingIntent[creatorPackage=com.google.android.gms], packageName=com.google.android.gms]
06-29 11:12:54.781  1964 16444 I PlaceInferenceEngine: [anon] Changed inference mode: 0
06-29 11:12:54.812  1600  1611 I ActivityManager: Force stopping com.skgames.trafficrider appid=10081 user=0: from pid 16447
06-29 11:12:54.815  1600  1611 I ActivityManager: Killing 15874:com.skgames.trafficrider/u0a81 (adj 901): stop com.skgames.trafficrider
06-29 11:12:54.821  1964 16444 I PlaceInferenceEngine: [account#1066226748] Changed inference mode: 0
06-29 11:12:54.827  1600  1616 W zygote  : kill(-15874, 9) failed: No such process
06-29 11:12:54.845 15974 15974 I cr_ChildProcessService: Destroying ChildProcessService pid=15974
06-29 11:12:54.865 15974 15974 I /system/bin/webview_zygote32: System.exit called, status: 0
06-29 11:12:54.866 15974 15974 I AndroidRuntime: VM exiting with result code 0, cleanup skipped.
06-29 11:12:54.874  1600  1616 W zygote  : kill(-15874, 9) failed: No such process
06-29 11:12:54.877  1600  1611 I ActivityManager: Killing 15974:com.android.chrome:sandboxed_process0/u0a81i18 (adj 0): isolated not needed
06-29 11:12:54.877  1600  1611 I ActivityManager:   Force finishing activity ActivityRecord{9c237c4 u0 com.skgames.trafficrider/com.prime31.UnityPlayerNativeActivity t28}
06-29 11:12:54.948  1600  1615 W Looper  : Dispatch took 134ms on android.ui, h=Handler (com.android.server.am.ActivityManagerService$UiHandler) {bce2944} cb=null msg=53
06-29 11:12:54.987  1600  1617 E KernelCpuSpeedReader: Failed to read cpu-freq: /sys/devices/system/cpu/cpu0/cpufreq/stats/time_in_state (No such file or directory)
06-29 11:12:54.992  1600  1617 D KernelUidCpuTimeReader: Removing uids 99018-99018
06-29 11:12:55.088  1600  1615 W Looper  : Dispatch took 127ms on android.ui, h=Handler (com.android.server.am.ActivityManagerService$UiHandler) {bce2944} cb=null msg=53
06-29 11:12:55.021  1600  1616 I chatty  : uid=1000(system) ActivityManager identical 3 lines
06-29 11:12:55.123  1600  1616 W zygote  : kill(-15874, 9) failed: No such process
06-29 11:12:55.151  1833  1833 D CarrierSvcBindHelper: No carrier app for: 0
06-29 11:12:55.169  1600  1616 W zygote  : kill(-15874, 9) failed: No such process
06-29 11:12:55.212  1600  1616 I chatty  : uid=1000(system) ActivityManager identical 1 line
06-29 11:12:55.253  1600  1616 W zygote  : kill(-15874, 9) failed: No such process
06-29 11:12:55.273  1964 16444 I Places  : Converted 1 out of 1 WiFi scans
06-29 11:12:55.274  1600  2099 I WifiService: getConnectionInfo uid=10014
06-29 11:12:55.296  1600  1616 W zygote  : kill(-15874, 9) failed: No such process
06-29 11:12:55.343  1600  1616 W zygote  : kill(-15874, 9) failed: No such process
06-29 11:12:55.363  1473  1561 D AudioFlinger: mixer(0xa6c83380) throttle end: throttle time(14)
06-29 11:12:55.388  1600  1616 W zygote  : kill(-15874, 9) failed: No such process
06-29 11:12:55.476  1600  1616 I chatty  : uid=1000(system) ActivityManager identical 2 lines
06-29 11:12:55.526  1600  1616 W zygote  : kill(-15874, 9) failed: No such process
06-29 11:12:55.551  1964  1978 I zygote  : Background concurrent copying GC freed 110809(4MB) AllocSpace objects, 0(0B) LOS objects, 38% free, 9MB/15MB, paused 1.562ms total 875.973ms
06-29 11:12:55.554  1600  7245 D ConnectivityService: ConnectivityService NetworkRequestInfo binderDied(NetworkRequest [ LISTEN id=71, [ Capabilities: INTERNET&NOT_RESTRICTED&TRUSTED&FOREGROUND] ], android.os.BinderProxy@294b886)
06-29 11:12:55.555  1600  4486 D ConnectivityService: ConnectivityService NetworkRequestInfo binderDied(NetworkRequest [ LISTEN id=72, [ Capabilities: NOT_RESTRICTED&TRUSTED&NOT_VPN&FOREGROUND] ], android.os.BinderProxy@72f9547)
06-29 11:12:55.568  1600  1621 W ActivityManager: setHasOverlayUi called on unknown pid: 15874
06-29 11:12:55.571  1485  7823 E OMXNodeInstance: !!! Observer died. Quickly, do something, ... anything...
06-29 11:12:55.574  1600  4486 D ConnectivityService: ConnectivityService NetworkRequestInfo binderDied(NetworkRequest [ LISTEN id=70, [ Capabilities: INTERNET&NOT_RESTRICTED&TRUSTED&FOREGROUND] ], android.os.BinderProxy@aa86174)
06-29 11:12:55.571  1600  1616 W zygote  : kill(-15874, 9) failed: No such process
06-29 11:12:55.620  1600  1616 W zygote  : kill(-15874, 9) failed: No such process
06-29 11:12:55.621  1600  1616 I zygote  : Successfully killed process cgroup uid 10081 pid 15874 in 793ms
06-29 11:12:55.621  1600  1616 W zygote  : Failed to open process cgroup uid 99018 pid 15974: No such file or directory
06-29 11:12:55.621  1600  1616 E zygote  : Error encountered killing process cgroup uid 99018 pid 15974: No such file or directory
06-29 11:12:55.626  1600  1609 I zygote  : NativeAlloc concurrent copying GC freed 4191(382KB) AllocSpace objects, 0(0B) LOS objects, 25% free, 17MB/23MB, paused 5.918ms total 815.747ms
06-29 11:12:55.702  1964 16444 I Places  : ?: PlacesBleScanner start() with priority 2
06-29 11:12:55.703  1964 16444 I PlaceInferenceEngine: [anon] Changed inference mode: 1
06-29 11:12:55.703  1964 16444 I PlaceInferenceEngine: [account#1066226748] Changed inference mode: 1
06-29 11:12:55.758  1964 16444 I Places  : Converted 1 out of 1 WiFi scans
06-29 11:12:55.761  1600  7948 I WifiService: getConnectionInfo uid=10014
06-29 11:12:55.802  1964 16444 I PlaceInferenceEngine: [account#1066226748] Changed inference mode: 1
06-29 11:12:55.802  1964 16444 I PlaceInferenceEngine: [anon] Changed inference mode: 1
06-29 11:12:55.805  1964  1964 E BeaconBle: Missing BluetoothAdapter
06-29 11:12:55.805  1964  1964 I BeaconBle: BLE 'KK+' software access layer enabled
06-29 11:12:55.928  1390  2659 W audio_hw_generic: Not supplying enough data to HAL, expected position 76996200 , only wrote 76996080
06-29 11:12:55.928  1390  2659 W audio_hw_generic: Not supplying enough data to HAL, expected position 76996098 , only wrote 76996080
06-29 11:12:55.931  1964  1964 I BeaconBle: Client requested scan, settings=BleSettings [scanMode=ZERO_POWER, callbackType=ALL_MATCHES, reportDelayMillis=0, 1 filters, 0 clients, callingClientName=Places]
06-29 11:12:55.932  1964  1964 I BeaconBle: Scan : No clients left, canceling alarm.
06-29 11:12:55.937  1964  1964 E BeaconBle: Scan couldn't start for Places
06-29 11:12:55.937  1964  1964 W Places  : BLE failure while scanning - code 5
06-29 11:12:55.945  1390  2659 W audio_hw_generic: Not supplying enough data to HAL, expected position 76996902 , only wrote 76996800
06-29 11:12:56.025  1964 16450 I PlaceInferenceEngine: No beacon scan available - ignoring candidates.
06-29 11:12:56.084  1600  7245 I ActivityManager: Force stopping com.EvilChaotic.ModernWarplanes appid=10082 user=0: from pid 16457
06-29 11:12:56.085  1600  7245 I ActivityManager: Killing 16054:com.EvilChaotic.ModernWarplanes/u0a82 (adj 901): stop com.EvilChaotic.ModernWarplanes
06-29 11:12:56.092  1600  1616 W zygote  : kill(-16054, 9) failed: No such process
06-29 11:12:56.097 16144 16144 I cr_ChildProcessService: Destroying ChildProcessService pid=16144
06-29 11:12:56.104  1600  7245 I ActivityManager: Killing 16144:com.android.chrome:sandboxed_process0/u0a82i19 (adj 0): isolated not needed
06-29 11:12:56.105  1600  7245 I ActivityManager:   Force finishing activity ActivityRecord{6303747 u0 com.EvilChaotic.ModernWarplanes/com.unity3d.player.UnityPlayerActivity t29}
06-29 11:12:56.139  1600  1616 W zygote  : kill(-16054, 9) failed: No such process
06-29 11:12:56.183  1600  1616 I chatty  : uid=1000(system) ActivityManager identical 1 line
06-29 11:12:56.230  1600  1616 W zygote  : kill(-16054, 9) failed: No such process
06-29 11:12:56.240  1473  1561 D AudioFlinger: mixer(0xa6c83380) throttle end: throttle time(5)
06-29 11:12:56.281  1600  1616 W zygote  : kill(-16054, 9) failed: No such process
06-29 11:12:56.294  1833  1833 D CarrierSvcBindHelper: No carrier app for: 0
06-29 11:12:56.303  1964 16450 I PlaceInferenceEngine: No beacon scan available - ignoring candidates.
06-29 11:12:56.324  1600  1616 W zygote  : kill(-16054, 9) failed: No such process
06-29 11:12:56.337  1600  1617 E KernelCpuSpeedReader: Failed to read cpu-freq: /sys/devices/system/cpu/cpu0/cpufreq/stats/time_in_state (No such file or directory)
06-29 11:12:56.345  1600  2206 D ConnectivityService: ConnectivityService NetworkRequestInfo binderDied(NetworkRequest [ LISTEN id=74, [ Capabilities: INTERNET&NOT_RESTRICTED&TRUSTED&FOREGROUND] ], android.os.BinderProxy@492bf8)
06-29 11:12:56.346  1600  2206 D ConnectivityService: ConnectivityService NetworkRequestInfo binderDied(NetworkRequest [ LISTEN id=73, [ Capabilities: INTERNET&NOT_RESTRICTED&TRUSTED&FOREGROUND] ], android.os.BinderProxy@45d78d1)
06-29 11:12:56.344  1600  2538 D ConnectivityService: ConnectivityService NetworkRequestInfo binderDied(NetworkRequest [ LISTEN id=75, [ Capabilities: NOT_RESTRICTED&TRUSTED&NOT_VPN&FOREGROUND] ], android.os.BinderProxy@aeaa75b)
06-29 11:12:56.360  1473  1561 D AudioFlinger: mixer(0xa6c83380) throttle end: throttle time(1)
06-29 11:12:56.360  1600  1616 W zygote  : kill(-16054, 9) failed: No such process
06-29 11:12:56.360  1600  1616 I zygote  : Successfully killed process cgroup uid 10082 pid 16054 in 267ms
06-29 11:12:56.361  1600  1616 W zygote  : Failed to open process cgroup uid 99019 pid 16144: No such file or directory
06-29 11:12:56.361  1600  1616 E zygote  : Error encountered killing process cgroup uid 99019 pid 16144: No such file or directory
06-29 11:12:56.373  1600  1617 D KernelUidCpuTimeReader: Removing uids 99019-99019
06-29 11:12:56.409  1600  1621 W ActivityManager: setHasOverlayUi called on unknown pid: 16054
06-29 11:12:56.477  1473  1561 D AudioFlinger: mixer(0xa6c83380) throttle end: throttle time(4)
06-29 11:12:56.581  1398  1434 D gralloc_ranchu: gralloc_alloc: Creating ashmem region of size 2076672
06-29 11:12:56.791  1390  2659 W audio_hw_generic: Not supplying enough data to HAL, expected position 77037382 , only wrote 77037120
06-29 11:12:56.791  1390  2659 W audio_hw_generic: Not supplying enough data to HAL, expected position 77037152 , only wrote 77037120
06-29 11:12:56.811  1390  2659 W audio_hw_generic: Not supplying enough data to HAL, expected position 77038083 , only wrote 77037840
06-29 11:12:56.973  1600  3412 I ActivityManager: Force stopping com.ea.games.r3_row appid=10083 user=0: from pid 16464
06-29 11:12:56.974  1600  3412 I ActivityManager: Killing 16198:com.ea.games.r3_row/u0a83 (adj 900): stop com.ea.games.r3_row
06-29 11:12:56.980  1600  1616 W zygote  : kill(-16198, 9) failed: No such process
06-29 11:12:56.988  1964  1978 I zygote  : Background concurrent copying GC freed 56051(2MB) AllocSpace objects, 30(1788KB) LOS objects, 36% free, 10MB/16MB, paused 1.293ms total 167.543ms
06-29 11:12:56.992  1600  3412 I ActivityManager:   Force finishing activity ActivityRecord{4e5fe89 u0 com.ea.games.r3_row/com.firemint.realracing.MainActivity t30}
06-29 11:12:57.026  1600  1616 W zygote  : kill(-16198, 9) failed: No such process
06-29 11:12:57.085  1390  2659 W audio_hw_generic: Not supplying enough data to HAL, expected position 77050974 , only wrote 77050080
06-29 11:12:57.086  1390  2659 W audio_hw_generic: Not supplying enough data to HAL, expected position 77050115 , only wrote 77050080
06-29 11:12:57.087  1600  1616 W zygote  : kill(-16198, 9) failed: No such process
06-29 11:12:57.102  1390  2659 W audio_hw_generic: Not supplying enough data to HAL, expected position 77050842 , only wrote 77050800
06-29 11:12:57.103  1600  1621 W ActivityManager: setHasOverlayUi called on unknown pid: 16198
06-29 11:12:57.146  1600  1616 W zygote  : kill(-16198, 9) failed: No such process
06-29 11:12:57.146  1600  1616 I zygote  : Successfully killed process cgroup uid 10083 pid 16198 in 166ms
06-29 11:12:57.150  1833  1833 D CarrierSvcBindHelper: No carrier app for: 0
06-29 11:12:57.193  1390  2659 W audio_hw_generic: Not supplying enough data to HAL, expected position 77055155 , only wrote 77053680
06-29 11:12:57.193  1390  2659 W audio_hw_generic: Not supplying enough data to HAL, expected position 77053704 , only wrote 77053680
06-29 11:12:57.244  1390  2659 W audio_hw_generic: Not supplying enough data to HAL, expected position 77056120 , only wrote 77054400
06-29 11:12:57.259  1390  2659 W audio_hw_generic: Not supplying enough data to HAL, expected position 77055128 , only wrote 77055120
06-29 11:12:57.260  1390  2659 W audio_hw_generic: Not supplying enough data to HAL, expected position 77055167 , only wrote 77055120
06-29 11:12:57.285  1390  2659 W audio_hw_generic: Not supplying enough data to HAL, expected position 77056325 , only wrote 77055840
06-29 11:12:57.307  1964  1964 I GeofencerStateMachine: sendNewTransitions called.
06-29 11:12:57.454  1390  2659 W audio_hw_generic: Not supplying enough data to HAL, expected position 77063930 , only wrote 77063760
06-29 11:12:57.624  1600  2105 W ActivityManager: Invalid packageName: android.media.action.IMAGE_CAPTURE
06-29 11:12:57.684  1390  2659 W audio_hw_generic: Not supplying enough data to HAL, expected position 77074804 , only wrote 77074560
06-29 11:12:57.684  1390  2659 W audio_hw_generic: Not supplying enough data to HAL, expected position 77074596 , only wrote 77074560
06-29 11:12:57.704  1390  2659 W audio_hw_generic: Not supplying enough data to HAL, expected position 77075522 , only wrote 77075280
06-29 11:12:58.356  1390  2659 W audio_hw_generic: Not supplying enough data to HAL, expected position 77106577 , only wrote 77106240
06-29 11:12:58.359  1390  2659 W audio_hw_generic: Not supplying enough data to HAL, expected position 77106351 , only wrote 77106240
06-29 11:12:58.375  1390  2659 W audio_hw_generic: Not supplying enough data to HAL, expected position 77107003 , only wrote 77106960
06-29 11:12:58.605  1390  2659 W audio_hw_generic: Not supplying enough data to HAL, expected position 77118023 , only wrote 77117760
06-29 11:12:58.689  1390  2659 W audio_hw_generic: Not supplying enough data to HAL, expected position 77121771 , only wrote 77121360
06-29 11:12:58.728  1390  2659 W audio_hw_generic: Not supplying enough data to HAL, expected position 77123249 , only wrote 77122800
06-29 11:12:58.837  1390  2659 W audio_hw_generic: Not supplying enough data to HAL, expected position 77128014 , only wrote 77126400
06-29 11:12:58.837  1390  2659 W audio_hw_generic: Not supplying enough data to HAL, expected position 77126410 , only wrote 77126400
06-29 11:12:58.856  1390  2659 W audio_hw_generic: Not supplying enough data to HAL, expected position 77127288 , only wrote 77127120
06-29 11:12:58.923  1390  2659 W audio_hw_generic: Not supplying enough data to HAL, expected position 77130358 , only wrote 77130000
06-29 11:12:58.924  1390  2659 W audio_hw_generic: Not supplying enough data to HAL, expected position 77130039 , only wrote 77130000
06-29 11:12:58.941  1390  2659 W audio_hw_generic: Not supplying enough data to HAL, expected position 77130817 , only wrote 77130720
06-29 11:12:59.003  1390  2659 W audio_hw_generic: Not supplying enough data to HAL, expected position 77133710 , only wrote 77133600
06-29 11:12:59.004  1390  2659 W audio_hw_generic: Not supplying enough data to HAL, expected position 77133641 , only wrote 77133600
06-29 11:12:59.111  1390  2659 W audio_hw_generic: Not supplying enough data to HAL, expected position 77138744 , only wrote 77138640
06-29 11:12:59.112  1390  2659 W audio_hw_generic: Not supplying enough data to HAL, expected position 77138677 , only wrote 77138640
06-29 11:12:59.138  1390  2659 W audio_hw_generic: Not supplying enough data to HAL, expected position 77139872 , only wrote 77139360
06-29 11:12:59.184  1390  2659 W audio_hw_generic: Not supplying enough data to HAL, expected position 77141595 , only wrote 77140800
06-29 11:12:59.337  1390  2659 W audio_hw_generic: Not supplying enough data to HAL, expected position 77148120 , only wrote 77145840
06-29 11:12:59.368  1390  2659 W audio_hw_generic: Not supplying enough data to HAL, expected position 77147322 , only wrote 77147280
06-29 11:12:59.442  1600  1600 I GnssLocationProvider: WakeLock acquired by sendMessage(SUBSCRIPTION_OR_SIM_CHANGED, 0, null)
06-29 11:12:59.467  1833  1833 D MccTable: updateMccMncConfiguration mccmnc='310260' fromServiceState=true
06-29 11:12:59.468  1833  1833 D MccTable: updateMccMncConfiguration defaultMccMnc=310260
06-29 11:12:59.468  1833  1833 D MccTable: updateMccMncConfiguration: mcc=310, mnc=260
06-29 11:12:59.472  1833  1833 D MccTable: WIFI_COUNTRY_CODE set to us
06-29 11:12:59.473  1600  2371 I WifiService: WifiService trying to set country code to us with persist set to false
06-29 11:12:59.473  1600  2371 I WifiService: setCountryCode uid=1001
06-29 11:12:59.552  1600  1613 E GnssLocationProvider: no AGPS interface in set_agps_server
06-29 11:12:59.563  1600  1613 I GnssLocationProvider: WakeLock released by handleMessage(SUBSCRIPTION_OR_SIM_CHANGED, 0, null)
06-29 11:12:59.584  1600  1600 I Telecom : CallLogManager: Country ISO changed. Retrieving new ISO...: CLM.oCD@A1E
06-29 11:12:59.586  1833  1833 D ServiceStateProvider: subId=1
06-29 11:12:59.683  3472  3472 I net.osmand: RoutingHelper Recalculate route, because correlation  : 1720611.8437351454
06-29 11:12:59.719  1833  1833 I Telephony: PstnIncomingCallNotifier: Unregistering: Handler (com.android.internal.telephony.GsmCdmaPhone) {6a68867}
06-29 11:12:59.731  3472  3472 D net.osmand: AbstractPrologCommandPlayer abandonAudioFocus
06-29 11:12:59.772  3472  3472 W MaterialProgressBar: Current drawable is not a MaterialProgressDrawable, you may want to set app:mpb_setBothDrawables
06-29 11:12:59.774  1600  2371 I Telecom : PhoneAccountRegistrar: Modify account: [ComponentInfo{com.android.phone/com.android.services.telephony.TelephonyConnectionService}, [****], UserHandle{0}(lbl: Android -> )(desc: Android -> )]: TSI.rPA@A1I
06-29 11:12:59.780  3472  3472 I net.osmand: RoutingHelper Recalculate route, because correlation  : 1720611.8437351454
06-29 11:12:59.781  3472  3472 I net.osmand: RoutingHelper Recalculate route, because wrong movement direction: 1720611.9
06-29 11:12:59.781  3472 16482 I net.osmand: RouteProvider Start finding route from Location[mProvider=gps,mTime=1561821179000,mLatitude=4.916666666666666E-4,mLongitude=-51.06061666666666,mHasAltitude=true,mAltitude=0.0,mHasSpeed=false,mSpeed=0.0,mHasBearing=false,mBearing=0.0,mHasAccuracy=true,mAccuracy=20.0 to Lat -7.2326303 Lon -35.91305 using OsmAnd (offline)
06-29 11:12:59.786  3472 16482 W net.osmand: RouteProvider Use 347 MB Free 4.468445 of 22.91652 max 384.0
06-29 11:12:59.817  1833  1833 I Telephony: AccountEntry: Registered phoneAccount: [[ ] PhoneAccount: ComponentInfo{com.android.phone/com.android.services.telephony.TelephonyConnectionService}, [****], UserHandle{0} Capabilities: CallProvider MultiUser PlaceEmerg SimSub  Audio Routes: BESW Schemes: tel voicemail  Extras: Bundle[{android.telecom.extra.SUPPORTS_VIDEO_CALLING_FALLBACK=true}] GroupId: [****]] with handle: ComponentInfo{com.android.phone/com.android.services.telephony.TelephonyConnectionService}, [****], UserHandle{0}
06-29 11:12:59.819  1833  1833 I Telephony: PstnIncomingCallNotifier: Registering: Handler (com.android.internal.telephony.GsmCdmaPhone) {6a68867}
06-29 11:12:59.880  1390  2659 W audio_hw_generic: Not supplying enough data to HAL, expected position 77171828 , only wrote 77171760
06-29 11:12:59.885  1833  1833 I Telephony: PstnPhoneCapabilitiesNotifier: handleVideoCapabilitesChanged. Video capability - false
06-29 11:12:59.913  1600  2371 I Telecom : PhoneAccountRegistrar: Modify account: [ComponentInfo{com.android.phone/com.android.services.telephony.TelephonyConnectionService}, [****], UserHandle{0}]: TSI.rPA@A1U
06-29 11:12:59.940  1390  2659 W audio_hw_generic: Not supplying enough data to HAL, expected position 77174690 , only wrote 77173920
06-29 11:13:00.019  1390  2659 W audio_hw_generic: Not supplying enough data to HAL, expected position 77177708 , only wrote 77177520
06-29 11:13:00.034  1390  2659 W audio_hw_generic: Not supplying enough data to HAL, expected position 77178248 , only wrote 77178240
06-29 11:13:00.110  1390  1562 W audio_hw_generic: Not supplying enough data to HAL, expected position 77184972 , only wrote 77181840
06-29 11:13:00.271  3472  3472 I net.osmand: RoutingHelper Recalculate route, because correlation  : 1720611.8437351454
06-29 11:13:00.297  3472  3472 I net.osmand: RoutingHelper Recalculate route, because correlation  : 1720611.8437351454
06-29 11:13:00.298  3472  3472 I net.osmand: RoutingHelper Recalculate route, because wrong movement direction: 1720611.9
06-29 11:13:00.717  3472 16482 I net.osmand:native: Start point was found 10478828701 [Native]
06-29 11:13:00.803  3472 16482 I net.osmand:native: End point was found 14392021755 [Native]
06-29 11:13:00.821  3472 16482 W net.osmand:native: [Native] Result visited (visited roads 2, visited segments 12 / 0 , queue sizes 12 / 2 ) 
06-29 11:13:00.849  3472 16482 W net.osmand:native: [Native] Result timing (time to load 0, time to calc 17, loaded tiles 18) 
06-29 11:13:00.849  3472 16482 W net.osmand:native: [Native] Memory occupied (Routing context 714 Kb, search 0 Kb)
06-29 11:13:00.855  3472 16482 I net.osmand:native: No route found
06-29 11:13:00.868  2923  2955 I Finsky  : [139] imb.run(3): Stats for Executor: BlockingExecutor ink@19dc107[Running, pool size = 0, active threads = 0, queued tasks = 0, completed tasks = 20]
06-29 11:13:00.868  2923  2955 I Finsky  : [139] imb.run(3): Stats for Executor: LightweightExecutor ink@3658234[Running, pool size = 2, active threads = 0, queued tasks = 0, completed tasks = 75]
06-29 11:13:00.873  3472 16482 I net.osmand: RoutePlannerFrontEnd Native routing took 0.277 seconds
06-29 11:13:00.874  3472 16482 I net.osmand: RoutePlannerFrontEnd Native routing use precalculated route
06-29 11:13:00.940  2923  2955 I Finsky  : [139] imb.run(3): Stats for Executor: bgExecutor ink@81c785d[Running, pool size = 4, active threads = 0, queued tasks = 0, completed tasks = 64]
06-29 11:13:01.099  1600  1613 E memtrack: Couldn't load memtrack module
06-29 11:13:01.099  1600  1613 W android.os.Debug: failed to get memory consumption info: -1
06-29 11:13:01.656 16485 16485 D AndroidRuntime: >>>>>> START com.android.internal.os.RuntimeInit uid 2000 <<<<<<
06-29 11:13:01.678 16485 16485 W app_process: Could not reserve sentinel fault page
06-29 11:13:01.984  3472  3482 I zygote  : Background concurrent copying GC freed 120788(4MB) AllocSpace objects, 19(652KB) LOS objects, 23% free, 19MB/25MB, paused 1.196ms total 640.408ms
06-29 11:13:02.157 16485 16485 W app_process: Unexpected CPU variant for X86 using defaults: x86
06-29 11:13:02.169 16485 16485 I app_process: The ClassLoaderContext is a special shared library.
06-29 11:13:02.294 16485 16485 D AndroidRuntime: Calling main entry com.android.commands.monkey.Monkey
06-29 11:13:02.297 16485 16485 W Monkey  : args: [-p, net.osmand, -c, android.intent.category.LAUNCHER, 1]
06-29 11:13:02.301 16485 16485 W Monkey  :  arg: "-p"
06-29 11:13:02.302 16485 16485 W Monkey  :  arg: "net.osmand"
06-29 11:13:02.303 16485 16485 W Monkey  :  arg: "-c"
06-29 11:13:02.303 16485 16485 W Monkey  :  arg: "android.intent.category.LAUNCHER"
06-29 11:13:02.303 16485 16485 W Monkey  :  arg: "1"
06-29 11:13:02.303 16485 16485 W Monkey  : data="net.osmand"
06-29 11:13:02.304 16485 16485 W Monkey  : data="android.intent.category.LAUNCHER"
06-29 11:13:02.478  1600  1614 W BroadcastQueue: Skipping deliver [background] BroadcastRecord{254af3c u-1 android.net.conn.CONNECTIVITY_CHANGE} to ReceiverList{fdb14c5 16485 (unknown name)/2000/u-1 remote:d480f0e}: process gone or crashing
06-29 11:13:02.561  1600  2662 I ActivityManager: START u0 {act=android.intent.action.MAIN cat=[android.intent.category.LAUNCHER] flg=0x10200000 cmp=net.osmand/.plus.activities.MapActivity} from uid 2000
06-29 11:13:02.568  1600  2662 W Binder  : Outgoing transactions from this process must be FLAG_ONEWAY
06-29 11:13:02.568  1600  2662 W Binder  : java.lang.Throwable
06-29 11:13:02.568  1600  2662 W Binder  : 	at android.os.BinderProxy.transact(Binder.java:752)
06-29 11:13:02.568  1600  2662 W Binder  : 	at android.app.IActivityController$Stub$Proxy.activityStarting(IActivityController.java:172)
06-29 11:13:02.568  1600  2662 W Binder  : 	at com.android.server.am.ActivityStarter.startActivity(ActivityStarter.java:449)
06-29 11:13:02.568  1600  2662 W Binder  : 	at com.android.server.am.ActivityStarter.startActivityLocked(ActivityStarter.java:278)
06-29 11:13:02.568  1600  2662 W Binder  : 	at com.android.server.am.ActivityStarter.startActivityMayWait(ActivityStarter.java:817)
06-29 11:13:02.568  1600  2662 W Binder  : 	at com.android.server.am.ActivityManagerService.startActivityAsUser(ActivityManagerService.java:4532)
06-29 11:13:02.568  1600  2662 W Binder  : 	at com.android.server.am.ActivityManagerService.startActivity(ActivityManagerService.java:4519)
06-29 11:13:02.568  1600  2662 W Binder  : 	at android.app.IActivityManager$Stub.onTransact(IActivityManager.java:121)
06-29 11:13:02.568  1600  2662 W Binder  : 	at com.android.server.am.ActivityManagerService.onTransact(ActivityManagerService.java:2919)
06-29 11:13:02.568  1600  2662 W Binder  : 	at android.os.Binder.execTransact(Binder.java:697)
06-29 11:13:02.591 16485 16485 I Monkey  : Events injected: 1
06-29 11:13:02.663  2629  2884 D EGL_emulation: eglMakeCurrent: 0xa61b6ce0: ver 2 0 (tinfo 0xa619b690)
06-29 11:13:02.685  1704  1929 D EGL_emulation: eglMakeCurrent: 0x9e4046c0: ver 2 0 (tinfo 0x9e403690)
06-29 11:13:02.687  2118  2184 D EGL_emulation: eglMakeCurrent: 0x8b867100: ver 2 0 (tinfo 0x8b8707f0)
06-29 11:13:02.719  1704  1929 D EGL_emulation: eglMakeCurrent: 0x9e4046c0: ver 2 0 (tinfo 0x9e403690)
06-29 11:13:02.727 16485 16485 I Monkey  : ## Network stats: elapsed time=153ms (0ms mobile, 0ms wifi, 153ms not connected)
06-29 11:13:02.775  1704  1929 D EGL_emulation: eglMakeCurrent: 0x9e4046c0: ver 2 0 (tinfo 0x9e403690)
06-29 11:13:02.821 16485 16485 I com.android.commands.monkey: System.exit called, status: 0
06-29 11:13:02.821 16485 16485 I AndroidRuntime: VM exiting with result code 0.
06-29 11:13:02.907  1704  1929 D EGL_emulation: eglMakeCurrent: 0x9e4046c0: ver 2 0 (tinfo 0x9e403690)
06-29 11:13:02.933  3472  3472 D InAppPurchaseHelper: Destroying helper.
06-29 11:13:02.942  1704  1929 D EGL_emulation: eglMakeCurrent: 0x9e4046c0: ver 2 0 (tinfo 0x9e403690)
06-29 11:13:03.188  1600  2105 I GnssLocationProvider: WakeLock acquired by sendMessage(SET_REQUEST, 0, com.android.server.location.GnssLocationProvider$GpsRequest@884177d)
06-29 11:13:03.192  1600  1613 I GnssLocationProvider: WakeLock released by handleMessage(SET_REQUEST, 0, com.android.server.location.GnssLocationProvider$GpsRequest@884177d)
06-29 11:13:03.264  3472  3472 W System.err: OnCreate for MapActivity took 330 ms
06-29 11:13:03.277  3472  3472 I Choreographer: Skipped 38 frames!  The application may be doing too much work on its main thread.
06-29 11:13:03.315  1398  1434 D gralloc_ranchu: gralloc_alloc: Creating ashmem region of size 8298496
06-29 11:13:03.322  3472  3472 W ResourceType: For resource 0x7f0e013b, entry index(315) is beyond type entryCount(142)
06-29 11:13:03.393  3472  3472 I chatty  : uid=10104(net.osmand) identical 68 lines
06-29 11:13:03.393  3472  3472 W ResourceType: For resource 0x7f0e013b, entry index(315) is beyond type entryCount(142)
06-29 11:13:03.402  1408  1663 E SurfaceFlinger: Permission Denial: can't openGlobalTransaction pid=3472, uid<=10104
06-29 11:13:03.403  3472  3472 E BpSurfaceComposerClient: Failed to transact (-1)
06-29 11:13:03.409  1408  1663 E SurfaceFlinger: Permission Denial: can't openGlobalTransaction pid=3472, uid<=10104
06-29 11:13:03.409  3472  3472 E BpSurfaceComposerClient: Failed to transact (-1)
06-29 11:13:03.428  1704  1929 D EGL_emulation: eglMakeCurrent: 0x9e4046c0: ver 2 0 (tinfo 0x9e403690)
06-29 11:13:03.455  3472  3540 D EGL_emulation: eglMakeCurrent: 0x9e4043c0: ver 2 0 (tinfo 0x9e403290)
06-29 11:13:03.464  1704  1929 D EGL_emulation: eglMakeCurrent: 0x9e4046c0: ver 2 0 (tinfo 0x9e403690)
06-29 11:13:03.487  1398  1434 D gralloc_ranchu: gralloc_alloc: Creating ashmem region of size 8298496
06-29 11:13:03.565  1600  7916 I WifiService: acquireWifiLock uid=10014 lockMode=2
06-29 11:13:03.599  1964  1964 I GeofencerStateMachine: sendNewLocationAvailability: availability=LocationAvailability[isLocationAvailable: true]
06-29 11:13:03.635  1398  1434 D gralloc_ranchu: gralloc_alloc: Creating ashmem region of size 3878912
06-29 11:13:03.756  1398  1434 D gralloc_ranchu: gralloc_alloc: Creating ashmem region of size 3878912
06-29 11:13:03.872  1398  1434 D gralloc_ranchu: gralloc_alloc: Creating ashmem region of size 8298496
06-29 11:13:03.925  1408  1408 W SurfaceFlinger: couldn't log to binary event log: overflow.
06-29 11:13:04.044  1398  1434 D gralloc_ranchu: gralloc_alloc: Creating ashmem region of size 3878912
06-29 11:13:04.106  2629  9193 I PBSessionCacheImpl: Deleted sessionId[7574760652681] from persistence.
06-29 11:13:04.123  1600  7948 I WifiService: getWifiEnabledState uid=10032
06-29 11:13:04.197  2629  2890 W SearchServiceCore: Abort, client detached.
06-29 11:13:04.312  1704  1929 D EGL_emulation: eglMakeCurrent: 0x9e4046c0: ver 2 0 (tinfo 0x9e403690)
06-29 11:13:04.326  1704  1929 I chatty  : uid=10029(com.android.systemui) RenderThread identical 1 line
06-29 11:13:04.437  1704  1929 D EGL_emulation: eglMakeCurrent: 0x9e4046c0: ver 2 0 (tinfo 0x9e403690)
06-29 11:13:04.988  3472  3482 I zygote  : Background concurrent copying GC freed 242090(7MB) AllocSpace objects, 5(164KB) LOS objects, 25% free, 17MB/23MB, paused 902us total 209.997ms
06-29 11:13:05.164  3472 16482 I System.out: ROUTE : 
06-29 11:13:05.170  3472 16482 I net.osmand: RouteResultPreparation <test regions="" description="" best_percent="" vehicle="car" 
06-29 11:13:05.170  3472 16482 I net.osmand:   start_lat="0.00049" start_lon="-51.06062" target_lat="-7.23263" target_lon="-35.91305"  routing_time="0.00" loadedTiles="214" visitedSegments="2" complete_distance="231966.69" complete_time="10971.60" >
06-29 11:13:05.170  3472 16482 I System.out: <test regions="" description="" best_percent="" vehicle="car" 
06-29 11:13:05.170  3472 16482 I System.out:   start_lat="0.00049" start_lon="-51.06062" target_lat="-7.23263" target_lon="-35.91305"  routing_time="0.00" loadedTiles="214" visitedSegments="2" complete_distance="231966.69" complete_time="10971.60" >
06-29 11:13:05.170  3472 16482 I System.out: </test>
06-29 11:13:05.170  3472 16482 I System.out: <test regions="" description="" best_percent="" vehicle="car" 
06-29 11:13:05.170  3472 16482 I System.out:   start_lat="0.00049" start_lon="-51.06062" target_lat="-7.23263" target_lon="-35.91305"  routing_time="0.00" loadedTiles="214" visitedSegments="2" complete_distance="231966.69" complete_time="10971.60" >
06-29 11:13:05.197  3472 16482 I net.osmand: RouteProvider Finding route contained 1262 points for 5419 ms
06-29 11:13:06.672  1600  3412 D WificondControl: Scan result ready event
06-29 11:13:06.867  1600  2371 I WifiService: releaseWifiLock uid=10014
06-29 11:13:07.047  3472  3482 I zygote  : Background concurrent copying GC freed 263491(6MB) AllocSpace objects, 0(0B) LOS objects, 25% free, 17MB/23MB, paused 1.879ms total 349.751ms
06-29 11:13:07.302  3472  3472 D net.osmand: DayNightHelper Sunrise/sunset setting to day: true
06-29 11:13:09.288  1964 16444 I Places  : ?: PlacesBleScanner stop()
06-29 11:13:09.316  1964  1964 I BeaconBle: Scan : No clients left, canceling alarm.
06-29 11:13:09.319  1964  1964 I BeaconBle: Scan canceled successfully.
06-29 11:13:09.385  1964 16444 I PlaceInferenceEngine: [anon] Changed inference mode: 0
06-29 11:13:09.390  1964 16444 I PlaceInferenceEngine: [account#1066226748] Changed inference mode: 0
06-29 11:13:09.554  1964  1964 I GeofencerStateMachine: removeGeofences: removeRequest=RemoveGeofencingRequest[REMOVE_BY_PENDING_INTENT pendingIntent=PendingIntent[creatorPackage=com.google.android.gms], packageName=com.google.android.gms]
06-29 11:13:09.672  1964  4403 W MessageQueue: Handler (aeyl) {7103f5} sending message to a Handler on a dead thread
06-29 11:13:09.672  1964  4403 W MessageQueue: java.lang.IllegalStateException: Handler (aeyl) {7103f5} sending message to a Handler on a dead thread
06-29 11:13:09.672  1964  4403 W MessageQueue: 	at android.os.MessageQueue.enqueueMessage(MessageQueue.java:545)
06-29 11:13:09.672  1964  4403 W MessageQueue: 	at android.os.Handler.enqueueMessage(Handler.java:662)
06-29 11:13:09.672  1964  4403 W MessageQueue: 	at android.os.Handler.sendMessageAtTime(Handler.java:631)
06-29 11:13:09.672  1964  4403 W MessageQueue: 	at aeyl.sendMessageAtTime(Unknown Source:3)
06-29 11:13:09.672  1964  4403 W MessageQueue: 	at android.os.Handler.sendMessageDelayed(Handler.java:601)
06-29 11:13:09.672  1964  4403 W MessageQueue: 	at android.os.Handler.post(Handler.java:357)
06-29 11:13:09.672  1964  4403 W MessageQueue: 	at bcln.execute(Unknown Source:2)
06-29 11:13:09.672  1964  4403 W MessageQueue: 	at aanh.execute(Unknown Source:9)
06-29 11:13:09.672  1964  4403 W MessageQueue: 	at avft.a(:com.google.android.gms@17785022@17.7.85 (040700-253824076):3)
06-29 11:13:09.672  1964  4403 W MessageQueue: 	at avgk.a(:com.google.android.gms@17785022@17.7.85 (040700-253824076):8)
06-29 11:13:09.672  1964  4403 W MessageQueue: 	at avgn.a(:com.google.android.gms@17785022@17.7.85 (040700-253824076):43)
06-29 11:13:09.672  1964  4403 W MessageQueue: 	at avgj.a(:com.google.android.gms@17785022@17.7.85 (040700-253824076):2)
06-29 11:13:09.672  1964  4403 W MessageQueue: 	at rpj.a(:com.google.android.gms@17785022@17.7.85 (040700-253824076):3)
06-29 11:13:09.672  1964  4403 W MessageQueue: 	at rpj.a(:com.google.android.gms@17785022@17.7.85 (040700-253824076):2)
06-29 11:13:09.672  1964  4403 W MessageQueue: 	at agos.a(Unknown Source:2)
06-29 11:13:09.672  1964  4403 W MessageQueue: 	at rnt.a(Unknown Source:11)
06-29 11:13:09.672  1964  4403 W MessageQueue: 	at aamg.a(:com.google.android.gms@17785022@17.7.85 (040700-253824076):1)
06-29 11:13:09.672  1964  4403 W MessageQueue: 	at cwm.onTransact(:com.google.android.gms@17785022@17.7.85 (040700-253824076):4)
06-29 11:13:09.672  1964  4403 W MessageQueue: 	at android.os.Binder.execTransact(Binder.java:697)
06-29 11:13:09.909  3472  3482 I zygote  : Background concurrent copying GC freed 308870(6MB) AllocSpace objects, 0(0B) LOS objects, 24% free, 18MB/24MB, paused 3.065ms total 553.204ms
06-29 11:13:12.213  1600  1617 I WifiService: requestActivityInfo uid=1000
06-29 11:13:12.213  1600  1617 I WifiService: reportActivityInfo uid=1000
06-29 11:13:12.213  1600  1617 I WifiService: getSupportedFeatures uid=1000
06-29 11:13:12.635  3472  3482 I zygote  : Background concurrent copying GC freed 315945(7MB) AllocSpace objects, 0(0B) LOS objects, 24% free, 18MB/24MB, paused 4.046ms total 351.235ms
06-29 11:13:13.930  2629  2890 I WorkerManager: dispose()
