07-04 11:41:46.504  1604  1617 W android.os.Debug: failed to get memory consumption info: -1
07-04 11:41:46.559  1604  1617 E memtrack: Couldn't load memtrack module
07-04 11:41:46.559  1604  1617 W android.os.Debug: failed to get memory consumption info: -1
07-04 11:41:58.299  1604  1621 I WifiService: requestActivityInfo uid=1000
07-04 11:41:58.299  1604  1621 I WifiService: reportActivityInfo uid=1000
07-04 11:41:58.299  1604  1621 I WifiService: getSupportedFeatures uid=1000
07-04 11:41:58.637  1604  1621 I WifiService: requestActivityInfo uid=1000
07-04 11:41:58.638  1604  1621 I WifiService: reportActivityInfo uid=1000
07-04 11:41:58.638  1604  1621 I WifiService: getSupportedFeatures uid=1000
07-04 11:42:00.011  1403  1418 D hwcomposer: hw_composer sent 6 syncs in 60s
07-04 11:42:06.443  1604  1854 I WifiService: acquireWifiLock uid=10014 lockMode=2
07-04 11:42:09.430  1604  1854 D WificondControl: Scan result ready event
07-04 11:42:09.470  1604  1854 I WifiService: releaseWifiLock uid=10014
07-04 11:42:11.652  2180 31872 W GAv4-SVC: Network compressed POST connection error: java.net.ConnectException: Failed to connect to ssl.google-analytics.com/216.58.202.136:443
07-04 11:42:26.453  1604  6773 I WifiService: acquireWifiLock uid=10014 lockMode=2
07-04 11:42:26.494  1604  4621 I WifiService: releaseWifiLock uid=10014
07-04 11:42:29.576  1410  1410 I boot-pipe: done populating /dev/random
07-04 11:42:37.420  1604  1621 I WifiService: requestActivityInfo uid=1000
07-04 11:42:37.420  1604  1621 I WifiService: reportActivityInfo uid=1000
07-04 11:42:37.420  1604  1621 I WifiService: getSupportedFeatures uid=1000
07-04 11:42:43.500  1604  1621 I WifiService: requestActivityInfo uid=1000
07-04 11:42:43.500  1604  1621 I WifiService: reportActivityInfo uid=1000
07-04 11:42:43.500  1604  1621 I WifiService: getSupportedFeatures uid=1000
07-04 11:42:47.471  1604  6773 I WifiService: acquireWifiLock uid=10014 lockMode=2
07-04 11:42:47.480  1604  1617 E memtrack: Couldn't load memtrack module
07-04 11:42:47.480  1604  1617 W android.os.Debug: failed to get memory consumption info: -1
07-04 11:42:50.439  1604  6773 D WificondControl: Scan result ready event
07-04 11:42:50.474  1604  4621 I WifiService: releaseWifiLock uid=10014
07-04 11:43:00.016  1403  1418 D hwcomposer: hw_composer sent 6 syncs in 60s
07-04 11:43:01.539  1604  1621 I WifiService: requestActivityInfo uid=1000
07-04 11:43:01.539  1604  1621 I WifiService: reportActivityInfo uid=1000
07-04 11:43:01.539  1604  1621 I WifiService: getSupportedFeatures uid=1000
07-04 11:43:07.479  1604  1854 I WifiService: acquireWifiLock uid=10014 lockMode=2
07-04 11:43:07.530  1604  1854 I WifiService: releaseWifiLock uid=10014
07-04 11:43:07.601  1604  1621 I WifiService: requestActivityInfo uid=1000
07-04 11:43:07.601  1604  1621 I WifiService: reportActivityInfo uid=1000
07-04 11:43:07.601  1604  1621 I WifiService: getSupportedFeatures uid=1000
07-04 11:43:27.487  1604  4621 I WifiService: acquireWifiLock uid=10014 lockMode=2
07-04 11:43:29.577  1410  1410 I boot-pipe: done populating /dev/random
07-04 11:43:30.459  1604  4621 D WificondControl: Scan result ready event
07-04 11:43:30.494  1604  6773 I WifiService: releaseWifiLock uid=10014
07-04 11:43:48.499  1604  6773 I WifiService: acquireWifiLock uid=10014 lockMode=2
07-04 11:43:48.503  1604  1617 E memtrack: Couldn't load memtrack module
07-04 11:43:48.503  1604  1617 W android.os.Debug: failed to get memory consumption info: -1
07-04 11:43:48.537  1604  1854 I WifiService: releaseWifiLock uid=10014
07-04 11:43:48.580  1604  1617 E memtrack: Couldn't load memtrack module
07-04 11:43:48.580  1604  1617 W android.os.Debug: failed to get memory consumption info: -1
07-04 11:44:00.019  1403  1418 D hwcomposer: hw_composer sent 6 syncs in 60s
07-04 11:44:08.508  1604  5450 I WifiService: acquireWifiLock uid=10014 lockMode=2
07-04 11:44:11.469  1604  6773 D WificondControl: Scan result ready event
07-04 11:44:11.506  1604  6773 I WifiService: releaseWifiLock uid=10014
07-04 11:44:28.511  1604  1617 E memtrack: Couldn't load memtrack module
07-04 11:44:28.511  1604  1617 W android.os.Debug: failed to get memory consumption info: -1
07-04 11:44:28.515  1604  5450 I WifiService: acquireWifiLock uid=10014 lockMode=2
07-04 11:44:28.564  1604  1617 E memtrack: Couldn't load memtrack module
07-04 11:44:28.565  1604  1617 W android.os.Debug: failed to get memory consumption info: -1
07-04 11:44:28.620  1604  1617 E memtrack: Couldn't load memtrack module
07-04 11:44:28.620  1604  1617 W android.os.Debug: failed to get memory consumption info: -1
07-04 11:44:28.649  1604  4621 I WifiService: releaseWifiLock uid=10014
07-04 11:44:28.695  1604  1617 E memtrack: Couldn't load memtrack module
07-04 11:44:28.695  1604  1617 W android.os.Debug: failed to get memory consumption info: -1
07-04 11:44:29.173  1604  1613 I zygote  : Background concurrent copying GC freed 72214(3MB) AllocSpace objects, 20(1292KB) LOS objects, 6% free, 90MB/96MB, paused 929us total 598.008ms
07-04 11:44:29.580  1410  1410 I boot-pipe: done populating /dev/random
07-04 11:44:34.100  1604  1621 I WifiService: requestActivityInfo uid=1000
07-04 11:44:34.101  1604  1621 I WifiService: reportActivityInfo uid=1000
07-04 11:44:34.101  1604  1621 I WifiService: getSupportedFeatures uid=1000
07-04 11:44:37.898  1604  1621 I WifiService: requestActivityInfo uid=1000
07-04 11:44:37.898  1604  1621 I WifiService: reportActivityInfo uid=1000
07-04 11:44:37.898  1604  1621 I WifiService: getSupportedFeatures uid=1000
07-04 11:44:49.527  1604  1854 I WifiService: acquireWifiLock uid=10014 lockMode=2
07-04 11:44:52.499  1604  1854 D WificondControl: Scan result ready event
07-04 11:44:52.531  1604  5450 I WifiService: releaseWifiLock uid=10014
07-04 11:45:00.026  1403  1418 D hwcomposer: hw_composer sent 6 syncs in 60s
07-04 11:45:08.939  1604  1621 I WifiService: requestActivityInfo uid=1000
07-04 11:45:08.939  1604  1621 I WifiService: reportActivityInfo uid=1000
07-04 11:45:08.939  1604  1621 I WifiService: getSupportedFeatures uid=1000
07-04 11:45:09.536  1604  1854 I WifiService: acquireWifiLock uid=10014 lockMode=2
07-04 11:45:09.543  1604  1854 I ActivityManager: Killing 31225:android.process.acore/u0a2 (adj 906): empty for 1800s
07-04 11:45:09.543  1604  1854 I ActivityManager: Killing 31196:com.google.android.apps.photos/u0a67 (adj 906): empty for 1802s
07-04 11:45:09.547  1604  1620 W zygote  : kill(-31225, 9) failed: No such process
07-04 11:45:09.552  1604  1617 E memtrack: Couldn't load memtrack module
07-04 11:45:09.552  1604  1617 W android.os.Debug: failed to get memory consumption info: -1
07-04 11:45:09.589  1604  1620 W zygote  : kill(-31225, 9) failed: No such process
07-04 11:45:09.611  1604  5450 I WifiService: releaseWifiLock uid=10014
07-04 11:45:09.627  1604  1620 W zygote  : kill(-31225, 9) failed: No such process
07-04 11:45:09.627  1604  1620 I zygote  : Successfully killed process cgroup uid 10002 pid 31225 in 79ms
07-04 11:45:09.627  1604  1620 W zygote  : kill(-31196, 9) failed: No such process
07-04 11:45:09.629  1604  1620 I zygote  : Successfully killed process cgroup uid 10067 pid 31196 in 1ms
07-04 11:45:13.719  1604  1621 I WifiService: requestActivityInfo uid=1000
07-04 11:45:13.719  1604  1621 I WifiService: reportActivityInfo uid=1000
07-04 11:45:13.719  1604  1621 I WifiService: getSupportedFeatures uid=1000
07-04 11:45:29.543  1604  4621 I WifiService: acquireWifiLock uid=10014 lockMode=2
07-04 11:45:29.549  1604  4621 I ActivityManager: Killing 31304:com.google.android.deskclock/u0a69 (adj 906): empty for 1816s
07-04 11:45:29.549  1604  4621 I ActivityManager: Killing 31205:com.android.providers.calendar/u0a4 (adj 906): empty for 1818s
07-04 11:45:29.557  1604  1620 W zygote  : kill(-31304, 9) failed: No such process
07-04 11:45:29.582  1410  1410 I boot-pipe: done populating /dev/random
07-04 11:45:29.598  1604  1620 W zygote  : kill(-31304, 9) failed: No such process
07-04 11:45:29.639  1604  1620 W zygote  : kill(-31304, 9) failed: No such process
07-04 11:45:29.639  1604  1620 I zygote  : Successfully killed process cgroup uid 10069 pid 31304 in 82ms
07-04 11:45:29.640  1604  1620 W zygote  : kill(-31205, 9) failed: No such process
07-04 11:45:29.640  1604  1620 I zygote  : Successfully killed process cgroup uid 10004 pid 31205 in 0ms
07-04 11:45:32.518  1604  5450 D WificondControl: Scan result ready event
07-04 11:45:32.547  1604  4621 I WifiService: releaseWifiLock uid=10014
07-04 11:45:36.364  1604  1621 E BatteryExternalStatsWorker: modem info is invalid: ModemActivityInfo{ mTimestamp=0 mSleepTimeMs=0 mIdleTimeMs=0 mTxTimeMs[]=[0, 0, 0, 0, 0] mRxTimeMs=0 mEnergyUsed=0}
07-04 11:45:50.559  1604  4621 I WifiService: acquireWifiLock uid=10014 lockMode=2
07-04 11:45:50.564  1604  1617 E memtrack: Couldn't load memtrack module
07-04 11:45:50.564  1604  1617 W android.os.Debug: failed to get memory consumption info: -1
07-04 11:45:50.609  1604  6773 I WifiService: releaseWifiLock uid=10014
07-04 11:45:50.663  1604  1617 E memtrack: Couldn't load memtrack module
07-04 11:45:50.663  1604  1617 W android.os.Debug: failed to get memory consumption info: -1
07-04 11:45:50.717  1604  1617 E memtrack: Couldn't load memtrack module
07-04 11:45:50.717  1604  1617 W android.os.Debug: failed to get memory consumption info: -1
07-04 11:46:00.002  1604  1617 E memtrack: Couldn't load memtrack module
07-04 11:46:00.003  1604  1617 W android.os.Debug: failed to get memory consumption info: -1
07-04 11:46:00.024  1403  1418 D hwcomposer: hw_composer sent 18 syncs in 60s
07-04 11:46:00.072  1604  1617 E memtrack: Couldn't load memtrack module
07-04 11:46:00.072  1604  1617 W android.os.Debug: failed to get memory consumption info: -1
07-04 11:46:00.117  1604  1617 E memtrack: Couldn't load memtrack module
07-04 11:46:00.117  1604  1617 W android.os.Debug: failed to get memory consumption info: -1
07-04 11:46:00.160  1604  1617 E memtrack: Couldn't load memtrack module
07-04 11:46:00.160  1604  1617 W android.os.Debug: failed to get memory consumption info: -1
07-04 11:46:00.196  1604  1617 E memtrack: Couldn't load memtrack module
07-04 11:46:00.196  1604  1617 W android.os.Debug: failed to get memory consumption info: -1
07-04 11:46:10.565  1604  6773 I WifiService: acquireWifiLock uid=10014 lockMode=2
07-04 11:46:13.539  1604  4176 D WificondControl: Scan result ready event
07-04 11:46:13.580  1604  4176 I WifiService: releaseWifiLock uid=10014
07-04 11:46:19.353  2180 31885 W GAv4-SVC: Network compressed POST connection error: java.net.SocketTimeoutException: failed to connect to ssl.google-analytics.com/2800:3f0:4001:809::2008 (port 443) from /fec0::1587:c5fa:9b19:7831 (port 39321) after 60000ms
07-04 11:46:28.918 31754 31905 E Dialer  : SpamAsyncTaskUtil.onError - error while fetching list updates via gRPC
07-04 11:46:28.919 31754 31905 E Dialer  : SpamAsyncTaskUtil.onError - fdz: UNAVAILABLE
07-04 11:46:28.919 31754 31905 E Dialer  : 	at fdu.a(PG:53)
07-04 11:46:28.919 31754 31905 E Dialer  : 	at fgp.a(PG:20)
07-04 11:46:28.919 31754 31905 E Dialer  : 	at io.grpc.internal.q.a(PG:172)
07-04 11:46:28.919 31754 31905 E Dialer  : 	at io.grpc.internal.q$a.a(PG:17)
07-04 11:46:28.919 31754 31905 E Dialer  : 	at io.grpc.internal.v.a(PG:11)
07-04 11:46:28.919 31754 31905 E Dialer  : 	at io.grpc.internal.ai.run(PG:5)
07-04 11:46:28.919 31754 31905 E Dialer  : 	at io.grpc.internal.ds.run(PG:19)
07-04 11:46:28.919 31754 31905 E Dialer  : 	at java.util.concurrent.ThreadPoolExecutor.runWorker(ThreadPoolExecutor.java:1162)
07-04 11:46:28.919 31754 31905 E Dialer  : 	at java.util.concurrent.ThreadPoolExecutor$Worker.run(ThreadPoolExecutor.java:636)
07-04 11:46:28.919 31754 31905 E Dialer  : 	at java.lang.Thread.run(Thread.java:764)
07-04 11:46:28.919 31754 31905 E Dialer  : Caused by: java.net.NoRouteToHostException: Host unreachable
07-04 11:46:28.919 31754 31905 E Dialer  : 	at libcore.io.IoBridge.connect(IoBridge.java:133)
07-04 11:46:28.919 31754 31905 E Dialer  : 	at java.net.PlainSocketImpl.socketConnect(PlainSocketImpl.java:129)
07-04 11:46:28.919 31754 31905 E Dialer  : 	at java.net.AbstractPlainSocketImpl.doConnect(AbstractPlainSocketImpl.java:356)
07-04 11:46:28.919 31754 31905 E Dialer  : 	at java.net.AbstractPlainSocketImpl.connectToAddress(AbstractPlainSocketImpl.java:200)
07-04 11:46:28.919 31754 31905 E Dialer  : 	at java.net.AbstractPlainSocketImpl.connect(AbstractPlainSocketImpl.java:182)
07-04 11:46:28.919 31754 31905 E Dialer  : 	at java.net.SocksSocketImpl.connect(SocksSocketImpl.java:357)
07-04 11:46:28.919 31754 31905 E Dialer  : 	at java.net.Socket.connect(Socket.java:616)
07-04 11:46:28.919 31754 31905 E Dialer  : 	at java.net.Socket.connect(Socket.java:565)
07-04 11:46:28.919 31754 31905 E Dialer  : 	at java.net.Socket.<init>(Socket.java:445)
07-04 11:46:28.919 31754 31905 E Dialer  : 	at java.net.Socket.<init>(Socket.java:248)
07-04 11:46:28.919 31754 31905 E Dialer  : 	at fez.run(PG:45)
07-04 11:46:28.919 31754 31905 E Dialer  : 	at io.grpc.internal.ds.run(PG:19)
07-04 11:46:28.919 31754 31905 E Dialer  : 	at dda.run(Unknown Source:3)
07-04 11:46:28.919 31754 31905 E Dialer  : 	... 3 more
07-04 11:46:29.585  1410  1410 I boot-pipe: done populating /dev/random
07-04 11:46:30.576  1604  5450 I WifiService: acquireWifiLock uid=10014 lockMode=2
07-04 11:46:30.610  1604  6773 I WifiService: releaseWifiLock uid=10014
07-04 11:46:51.582  1604  1617 E memtrack: Couldn't load memtrack module
07-04 11:46:51.583  1604  1617 W android.os.Debug: failed to get memory consumption info: -1
07-04 11:46:51.601  1604  6773 I WifiService: acquireWifiLock uid=10014 lockMode=2
07-04 11:46:51.973  1604  1621 I WifiService: requestActivityInfo uid=1000
07-04 11:46:51.973  1604  1621 I WifiService: reportActivityInfo uid=1000
07-04 11:46:51.974  1604  1621 I WifiService: getSupportedFeatures uid=1000
07-04 11:46:51.985  1604  1621 E BluetoothAdapter: Bluetooth binder is null
07-04 11:45:54.104  1604  1621 I chatty  : uid=1000(system) batterystats-wo identical 1 line
07-04 11:46:50.904  1604  1621 E BatteryExternalStatsWorker: modem info is invalid: ModemActivityInfo{ mTimestamp=0 mSleepTimeMs=0 mIdleTimeMs=0 mTxTimeMs[]=[0, 0, 0, 0, 0] mRxTimeMs=0 mEnergyUsed=0}
07-04 11:46:51.994  1604  1621 E KernelCpuSpeedReader: Failed to read cpu-freq: /sys/devices/system/cpu/cpu0/cpufreq/stats/time_in_state (No such file or directory)
07-04 11:46:52.000  1604  1621 E BatteryExternalStatsWorker: modem info is invalid: ModemActivityInfo{ mTimestamp=0 mSleepTimeMs=0 mIdleTimeMs=0 mTxTimeMs[]=[0, 0, 0, 0, 0] mRxTimeMs=0 mEnergyUsed=0}
07-04 11:46:52.403  2180  2194 I zygote  : Background concurrent copying GC freed 65240(3MB) AllocSpace objects, 50(2MB) LOS objects, 35% free, 10MB/16MB, paused 2.177ms total 101.078ms
07-04 11:46:52.706  2180  5203 I EventLogChimeraService: Aggregate from 1562253563845 (log), 1562253563845 (data)
07-04 11:46:53.304  1604  1618 W BroadcastQueue: Background execution not allowed: receiving Intent { act=android.intent.action.DROPBOX_ENTRY_ADDED flg=0x10 (has extras) } to com.google.android.gms/.stats.service.DropBoxEntryAddedReceiver
07-04 11:46:53.304  1604  1618 W BroadcastQueue: Background execution not allowed: receiving Intent { act=android.intent.action.DROPBOX_ENTRY_ADDED flg=0x10 (has extras) } to com.google.android.gms/.chimera.GmsIntentOperationService$PersistentTrustedReceiver
07-04 11:46:53.613  1604  1613 I zygote  : Background concurrent copying GC freed 136594(4MB) AllocSpace objects, 3(76KB) LOS objects, 6% free, 91MB/97MB, paused 1.342ms total 730.068ms
07-04 11:46:54.416  2180  2194 I zygote  : Background concurrent copying GC freed 45565(1882KB) AllocSpace objects, 8(352KB) LOS objects, 36% free, 10MB/16MB, paused 760us total 100.323ms
07-04 11:46:54.609  1604  6773 D WificondControl: Scan result ready event
07-04 11:46:54.655  1604  1751 I WifiService: releaseWifiLock uid=10014
07-04 11:46:54.832  1604  1613 I zygote  : Background concurrent copying GC freed 18618(923KB) AllocSpace objects, 0(0B) LOS objects, 6% free, 91MB/97MB, paused 1.136ms total 610.136ms
07-04 11:46:56.826  1604  1617 E memtrack: Couldn't load memtrack module
07-04 11:46:56.826  1604  1617 W android.os.Debug: failed to get memory consumption info: -1
07-04 11:46:56.900  1604  1617 E memtrack: Couldn't load memtrack module
07-04 11:46:56.900  1604  1617 W android.os.Debug: failed to get memory consumption info: -1
07-04 11:47:00.014  1403  1418 D hwcomposer: hw_composer sent 6 syncs in 60s
07-04 11:47:11.611  1604  4621 I WifiService: acquireWifiLock uid=10014 lockMode=2
07-04 11:47:11.648  1604  5450 I WifiService: releaseWifiLock uid=10014
07-04 11:47:22.979  1604  1621 I WifiService: requestActivityInfo uid=1000
07-04 11:47:22.979  1604  1621 I WifiService: reportActivityInfo uid=1000
07-04 11:47:22.979  1604  1621 I WifiService: getSupportedFeatures uid=1000
07-04 11:47:26.512  1604  1621 I WifiService: requestActivityInfo uid=1000
07-04 11:47:26.512  1604  1621 I WifiService: reportActivityInfo uid=1000
07-04 11:47:26.512  1604  1621 I WifiService: getSupportedFeatures uid=1000
07-04 11:47:29.586  1410  1410 I boot-pipe: done populating /dev/random
07-04 11:47:31.618  1604  5450 I WifiService: acquireWifiLock uid=10014 lockMode=2
07-04 11:47:31.626  1604  1617 E memtrack: Couldn't load memtrack module
07-04 11:47:31.626  1604  1617 W android.os.Debug: failed to get memory consumption info: -1
07-04 11:47:31.669  1604  1617 E memtrack: Couldn't load memtrack module
07-04 11:47:31.669  1604  1617 W android.os.Debug: failed to get memory consumption info: -1
07-04 11:47:34.589  1604  6773 D WificondControl: Scan result ready event
07-04 11:47:34.623  1604  6773 I WifiService: releaseWifiLock uid=10014
07-04 11:47:52.631  1604  5450 I WifiService: acquireWifiLock uid=10014 lockMode=2
07-04 11:47:52.636  1604  1617 E memtrack: Couldn't load memtrack module
07-04 11:47:52.638  1604  1617 W android.os.Debug: failed to get memory consumption info: -1
07-04 11:47:52.672  1604  4176 I WifiService: releaseWifiLock uid=10014
07-04 11:47:52.709  1604  1617 E memtrack: Couldn't load memtrack module
07-04 11:47:52.710  1604  1617 W android.os.Debug: failed to get memory consumption info: -1
07-04 11:47:56.579  1604  1621 I WifiService: requestActivityInfo uid=1000
07-04 11:47:56.579  1604  1621 I WifiService: reportActivityInfo uid=1000
07-04 11:47:56.579  1604  1621 I WifiService: getSupportedFeatures uid=1000
07-04 11:48:00.022  1403  1418 D hwcomposer: hw_composer sent 6 syncs in 60s
07-04 11:48:12.641  1604  6773 I WifiService: acquireWifiLock uid=10014 lockMode=2
07-04 11:48:13.010  1604  1621 I WifiService: requestActivityInfo uid=1000
07-04 11:48:13.010  1604  1621 I WifiService: reportActivityInfo uid=1000
07-04 11:48:13.010  1604  1621 I WifiService: getSupportedFeatures uid=1000
07-04 11:48:15.610  1604  5450 D WificondControl: Scan result ready event
07-04 11:48:15.640  1604  5450 I WifiService: releaseWifiLock uid=10014
07-04 11:48:16.790 28496 28506 I zygote  : Background concurrent copying GC freed 199545(6MB) AllocSpace objects, 0(0B) LOS objects, 18% free, 26MB/32MB, paused 875us total 178.109ms
07-04 11:48:29.588  1410  1410 I boot-pipe: done populating /dev/random
07-04 11:48:32.389  2180 31927 W GAv4-SVC: Network compressed POST connection error: java.net.ConnectException: Failed to connect to ssl.google-analytics.com/2800:3f0:4001:809::2008:443
07-04 11:48:32.649  1604  4176 I WifiService: acquireWifiLock uid=10014 lockMode=2
07-04 11:48:32.681  1604  4621 I WifiService: releaseWifiLock uid=10014
07-04 11:48:53.665 31930 31930 W zygote  : Unexpected CPU variant for X86 using defaults: x86
07-04 11:48:53.669  1604  1604 I ActivityManager: Start proc 31930:com.google.android.partnersetup/u0a17 for service com.google.android.partnersetup/.InstalledAppJobService
07-04 11:48:53.674  1604  4621 I WifiService: acquireWifiLock uid=10014 lockMode=2
07-04 11:48:53.685  1604  1617 E memtrack: Couldn't load memtrack module
07-04 11:48:53.686  1604  1617 W android.os.Debug: failed to get memory consumption info: -1
07-04 11:48:53.706 31930 31930 I zygote  : The ClassLoaderContext is a special shared library.
07-04 11:48:53.740  1604  4176 I ActivityManager: Killing 31349:com.ustwo.lwp/u0a76 (adj 906): empty for 2020s
07-04 11:48:53.741  1604  1620 W zygote  : kill(-31349, 9) failed: No such process
07-04 11:48:53.788  1604  1620 I chatty  : uid=1000(system) ActivityManager identical 1 line
07-04 11:48:53.829  1604  1620 W zygote  : kill(-31349, 9) failed: No such process
07-04 11:48:53.829  1604  1620 I zygote  : Successfully killed process cgroup uid 10076 pid 31349 in 87ms
07-04 11:48:53.869  1604 31948 D NetworkMonitor/NetworkAgentInfo [MOBILE (GPRS) - 100]: PROBE_DNS www.google.com 20ms OK 172.217.28.228,2800:3f0:4001:801::2004
07-04 11:48:53.869  1604 31949 D NetworkMonitor/NetworkAgentInfo [MOBILE (GPRS) - 100]: PROBE_DNS connectivitycheck.gstatic.com 20ms OK 172.217.172.131,2800:3f0:4001:81a::2003
07-04 11:48:54.459  1604  1621 I WifiService: requestActivityInfo uid=1000
07-04 11:48:54.459  1604  1621 I WifiService: reportActivityInfo uid=1000
07-04 11:48:54.459  1604  1621 I WifiService: getSupportedFeatures uid=1000
07-04 11:48:55.735  1604 31949 D NetworkMonitor/NetworkAgentInfo [MOBILE (GPRS) - 100]: PROBE_HTTP http://connectivitycheck.gstatic.com/generate_204 time=1864ms ret=204 request={User-Agent=[Mozilla/5.0 (X11; Linux x86_64) AppleWebKit/537.36 (KHTML, like Gecko) Chrome/60.0.3112.32 Safari/537.36]} headers={null=[HTTP/1.1 204 No Content], Content-Length=[0], Date=[Thu, 04 Jul 2019 15:48:56 GMT], X-Android-Received-Millis=[1562255335735], X-Android-Response-Source=[NETWORK 204], X-Android-Selected-Protocol=[http/1.1], X-Android-Sent-Millis=[1562255334365]}
07-04 11:48:56.649  1604  4176 D WificondControl: Scan result ready event
07-04 11:48:56.685  1604  6773 I WifiService: releaseWifiLock uid=10014
07-04 11:49:00.013  1403  1418 D hwcomposer: hw_composer sent 12 syncs in 60s
07-04 11:49:08.770  1604  2293 D NetworkMonitor/NetworkAgentInfo [MOBILE (GPRS) - 100]: PROBE_FALLBACK http://www.google.com/gen_204 Probe failed with exception java.net.ConnectException: Failed to connect to www.google.com/2800:3f0:4001:801::2004:80
07-04 11:49:08.770  1604 31948 D NetworkMonitor/NetworkAgentInfo [MOBILE (GPRS) - 100]: PROBE_HTTPS https://www.google.com/generate_204 Probe failed with exception java.net.ConnectException: Failed to connect to www.google.com/2800:3f0:4001:801::2004:443
07-04 11:49:08.771  1604  1682 D ConnectivityService: NetworkAgentInfo [MOBILE (GPRS) - 100] validation failed
07-04 11:49:13.683  1604  6773 I WifiService: acquireWifiLock uid=10014 lockMode=2
07-04 11:49:13.724  1604  5450 I WifiService: releaseWifiLock uid=10014
07-04 11:49:26.095  1604  1621 I WifiService: requestActivityInfo uid=1000
07-04 11:49:26.095  1604  1621 I WifiService: reportActivityInfo uid=1000
07-04 11:49:26.095  1604  1621 I WifiService: getSupportedFeatures uid=1000
07-04 11:49:29.590  1410  1410 I boot-pipe: done populating /dev/random
07-04 11:49:33.691  1604  4176 I WifiService: acquireWifiLock uid=10014 lockMode=2
07-04 11:49:33.697  1604  1617 E memtrack: Couldn't load memtrack module
07-04 11:49:33.697  1604  1617 W android.os.Debug: failed to get memory consumption info: -1
07-04 11:49:36.659  1604  5450 D WificondControl: Scan result ready event
07-04 11:49:36.698  1604  6773 I WifiService: releaseWifiLock uid=10014
07-04 11:49:38.183  1604  1621 E BatteryExternalStatsWorker: modem info is invalid: ModemActivityInfo{ mTimestamp=0 mSleepTimeMs=0 mIdleTimeMs=0 mTxTimeMs[]=[0, 0, 0, 0, 0] mRxTimeMs=0 mEnergyUsed=0}
07-04 11:49:43.179  1604  1621 I WifiService: requestActivityInfo uid=1000
07-04 11:49:43.179  1604  1621 I WifiService: reportActivityInfo uid=1000
07-04 11:49:43.180  1604  1621 I WifiService: getSupportedFeatures uid=1000
07-04 11:49:52.351  1604  1621 I WifiService: requestActivityInfo uid=1000
07-04 11:49:52.351  1604  1621 I WifiService: reportActivityInfo uid=1000
07-04 11:49:52.351  1604  1621 I WifiService: getSupportedFeatures uid=1000
07-04 11:49:54.708  1604  6773 I WifiService: acquireWifiLock uid=10014 lockMode=2
07-04 11:49:54.713  1604  1617 E memtrack: Couldn't load memtrack module
07-04 11:49:54.713  1604  1617 W android.os.Debug: failed to get memory consumption info: -1
07-04 11:49:54.752  1604  5450 I WifiService: releaseWifiLock uid=10014
07-04 11:49:54.791  1604  1617 E memtrack: Couldn't load memtrack module
07-04 11:49:54.791  1604  1617 W android.os.Debug: failed to get memory consumption info: -1
07-04 11:49:55.812  1604  1613 I zygote  : Background concurrent copying GC freed 60983(2MB) AllocSpace objects, 2(44KB) LOS objects, 6% free, 90MB/96MB, paused 812us total 564.340ms
07-04 11:49:57.668  1604  6773 D WificondControl: Scan result ready event
07-04 11:49:58.786  1604 31964 D NetworkMonitor/NetworkAgentInfo [WIFI () - 101]: PROBE_DNS www.google.com 19ms OK 172.217.28.228,2800:3f0:4001:801::2004
07-04 11:49:58.786  1604 31965 D NetworkMonitor/NetworkAgentInfo [WIFI () - 101]: PROBE_DNS connectivitycheck.gstatic.com 19ms OK 172.217.172.131,2800:3f0:4001:81a::2003
07-04 11:50:00.014  1403  1418 D hwcomposer: hw_composer sent 6 syncs in 60s
07-04 11:50:11.800  1604 31964 D NetworkMonitor/NetworkAgentInfo [WIFI () - 101]: PROBE_HTTPS https://www.google.com/generate_204 Probe failed with exception java.net.ConnectException: Failed to connect to www.google.com/2800:3f0:4001:801::2004:443
07-04 11:50:11.803  1604 31965 D NetworkMonitor/NetworkAgentInfo [WIFI () - 101]: PROBE_HTTP http://connectivitycheck.gstatic.com/generate_204 Probe failed with exception java.net.ConnectException: Failed to connect to connectivitycheck.gstatic.com/2800:3f0:4001:81a::2003:80
07-04 11:50:14.714  1604  5450 I WifiService: acquireWifiLock uid=10014 lockMode=2
07-04 11:50:14.755  1604  6773 I WifiService: releaseWifiLock uid=10014
07-04 11:50:14.799  1604  2952 D NetworkMonitor/NetworkAgentInfo [WIFI () - 101]: PROBE_FALLBACK http://play.googleapis.com/generate_204 Probe failed with exception java.net.ConnectException: Failed to connect to play.googleapis.com/2800:3f0:4001:814::200a:80
07-04 11:50:14.800  1604  1682 D ConnectivityService: NetworkAgentInfo [WIFI () - 101] validation failed
07-04 11:50:14.800  1604  1678 D WifiStateMachine: NETWORK_STATUS_UNWANTED_VALIDATION_FAILED
07-04 11:50:27.183  1604  1621 E BatteryExternalStatsWorker: modem info is invalid: ModemActivityInfo{ mTimestamp=0 mSleepTimeMs=0 mIdleTimeMs=0 mTxTimeMs[]=[0, 0, 0, 0, 0] mRxTimeMs=0 mEnergyUsed=0}
07-04 11:50:29.592  1410  1410 I boot-pipe: done populating /dev/random
07-04 11:50:34.720  1604  4176 I WifiService: acquireWifiLock uid=10014 lockMode=2
07-04 11:50:37.699  1604  4176 D WificondControl: Scan result ready event
07-04 11:50:37.737  1604  5450 I WifiService: releaseWifiLock uid=10014
07-04 11:50:55.736  1604  4176 I WifiService: acquireWifiLock uid=10014 lockMode=2
07-04 11:50:55.787  1604  6773 I WifiService: releaseWifiLock uid=10014
07-04 11:51:00.015  1403  1418 D hwcomposer: hw_composer sent 6 syncs in 60s
07-04 11:51:12.516  2180 31972 W GAv4-SVC: Network compressed POST connection error: java.net.UnknownHostException: Unable to resolve host "ssl.google-analytics.com": No address associated with hostname
07-04 11:51:15.745  1604  6773 I WifiService: acquireWifiLock uid=10014 lockMode=2
07-04 11:51:18.728  1604  6773 D WificondControl: Scan result ready event
07-04 11:51:18.758  1604  6773 I WifiService: releaseWifiLock uid=10014
07-04 11:51:29.594  1410  1410 I boot-pipe: done populating /dev/random
07-04 11:51:35.755  1604  5450 I WifiService: acquireWifiLock uid=10014 lockMode=2
07-04 11:51:35.793  1604  4621 I WifiService: releaseWifiLock uid=10014
07-04 11:51:56.773  1604  5450 I WifiService: acquireWifiLock uid=10014 lockMode=2
07-04 11:51:56.779  1604  1617 E memtrack: Couldn't load memtrack module
07-04 11:51:56.779  1604  1617 W android.os.Debug: failed to get memory consumption info: -1
07-04 11:51:56.840  1604  1617 E memtrack: Couldn't load memtrack module
07-04 11:51:56.840  1604  1617 W android.os.Debug: failed to get memory consumption info: -1
07-04 11:51:59.738  1604  4621 D WificondControl: Scan result ready event
07-04 11:51:59.781  1604  4621 I WifiService: releaseWifiLock uid=10014
07-04 11:52:00.021  1403  1418 D hwcomposer: hw_composer sent 6 syncs in 60s
07-04 11:52:11.269  1970 31974 E WakeLock: GCM_HB_ALARM release without a matched acquire!
07-04 11:52:11.269  1970 31974 W WakeLock: GCM_HB_ALARM counter does not exist
07-04 11:52:16.781  1604  4621 I WifiService: acquireWifiLock uid=10014 lockMode=2
07-04 11:52:16.813  1604  5450 I WifiService: releaseWifiLock uid=10014
07-04 11:52:29.597  1410  1410 I boot-pipe: done populating /dev/random
07-04 11:52:36.789  1604  5750 I WifiService: acquireWifiLock uid=10014 lockMode=2
07-04 11:52:39.768  1604  5750 D WificondControl: Scan result ready event
07-04 11:52:39.801  1604  4176 I WifiService: releaseWifiLock uid=10014
07-04 11:52:57.807 10677 10677 I BgTaskExecutorImpl: Starting PERIODIC background task RESTORE_SPEAKER_MODEL.
07-04 11:52:57.815  1604  5750 I WifiService: acquireWifiLock uid=10014 lockMode=2
07-04 11:52:57.861  1604  5450 I WifiService: releaseWifiLock uid=10014
07-04 11:52:58.462  1604  1613 I zygote  : Background concurrent copying GC freed 67197(2MB) AllocSpace objects, 0(0B) LOS objects, 6% free, 91MB/97MB, paused 2.059ms total 607.795ms
07-04 11:53:00.012  1403  1418 D hwcomposer: hw_composer sent 6 syncs in 60s
07-04 11:53:00.799  1604  6773 D WificondControl: Scan result ready event
07-04 11:53:13.322  1604  1621 E BatteryExternalStatsWorker: modem info is invalid: ModemActivityInfo{ mTimestamp=0 mSleepTimeMs=0 mIdleTimeMs=0 mTxTimeMs[]=[0, 0, 0, 0, 0] mRxTimeMs=0 mEnergyUsed=0}
07-04 11:53:17.824  1604  5750 I WifiService: acquireWifiLock uid=10014 lockMode=2
07-04 11:53:17.858  1604  6773 I WifiService: releaseWifiLock uid=10014
07-04 11:53:18.122  1970 31980 E WakeLock: GCM_HB_ALARM release without a matched acquire!
07-04 11:53:18.122  1970 31980 W WakeLock: GCM_HB_ALARM counter does not exist
07-04 11:53:18.128  1970 31980 W WakeLock: GCM_CONN_ALARM counter does not exist
07-04 11:53:29.600  1410  1410 I boot-pipe: done populating /dev/random
07-04 11:53:37.836  1604  6773 I WifiService: acquireWifiLock uid=10014 lockMode=2
07-04 11:53:37.843  1604  1617 E memtrack: Couldn't load memtrack module
07-04 11:53:37.843  1604  1617 W android.os.Debug: failed to get memory consumption info: -1
07-04 11:53:40.818  1604  4176 D WificondControl: Scan result ready event
07-04 11:53:40.865  1604  4176 I WifiService: releaseWifiLock uid=10014
07-04 11:53:52.677  2180 31991 W GAv4-SVC: Network compressed POST connection error: java.net.UnknownHostException: Unable to resolve host "ssl.google-analytics.com": No address associated with hostname
07-04 11:53:58.852  1604  5750 I WifiService: acquireWifiLock uid=10014 lockMode=2
07-04 11:53:58.856  1604  1617 E memtrack: Couldn't load memtrack module
07-04 11:53:58.856  1604  1617 W android.os.Debug: failed to get memory consumption info: -1
07-04 11:53:58.905  1604  5750 I WifiService: releaseWifiLock uid=10014
07-04 11:53:58.928  1604  1617 E memtrack: Couldn't load memtrack module
07-04 11:53:58.928  1604  1617 W android.os.Debug: failed to get memory consumption info: -1
07-04 11:53:58.974  1604  1617 E memtrack: Couldn't load memtrack module
07-04 11:53:58.974  1604  1617 W android.os.Debug: failed to get memory consumption info: -1
07-04 11:54:00.020  1403  1418 D hwcomposer: hw_composer sent 6 syncs in 60s
07-04 11:54:18.862  1604  4176 I WifiService: acquireWifiLock uid=10014 lockMode=2
07-04 11:54:21.839  1604  4176 D WificondControl: Scan result ready event
07-04 11:54:21.879  1604  5450 I WifiService: releaseWifiLock uid=10014
07-04 11:54:29.601  1410  1410 I boot-pipe: done populating /dev/random
07-04 11:54:38.872  1604  4176 I WifiService: acquireWifiLock uid=10014 lockMode=2
07-04 11:54:38.917  1604  6773 I WifiService: releaseWifiLock uid=10014
07-04 11:54:59.891  1604  5750 I WifiService: acquireWifiLock uid=10014 lockMode=2
07-04 11:55:00.022  1403  1418 D hwcomposer: hw_composer sent 6 syncs in 60s
07-04 11:55:02.860  1604  5450 D WificondControl: Scan result ready event
07-04 11:55:02.890  1604  5450 I WifiService: releaseWifiLock uid=10014
07-04 11:55:05.760  2061  2116 D ProtoStore: deleting smartspace_weather
07-04 11:55:05.760  2061  2116 D ProtoStore: no cached data
07-04 11:53:46.944  1604  1621 E BatteryExternalStatsWorker: modem info is invalid: ModemActivityInfo{ mTimestamp=0 mSleepTimeMs=0 mIdleTimeMs=0 mTxTimeMs[]=[0, 0, 0, 0, 0] mRxTimeMs=0 mEnergyUsed=0}
07-04 11:55:12.023  1604  1621 E BatteryExternalStatsWorker: modem info is invalid: ModemActivityInfo{ mTimestamp=0 mSleepTimeMs=0 mIdleTimeMs=0 mTxTimeMs[]=[0, 0, 0, 0, 0] mRxTimeMs=0 mEnergyUsed=0}
07-04 11:55:05.761  2061  2116 D ProtoStore: no cached data
07-04 11:55:12.499  1604  1621 I WifiService: requestActivityInfo uid=1000
07-04 11:55:12.499  1604  1621 I WifiService: reportActivityInfo uid=1000
07-04 11:55:12.499  1604  1621 I WifiService: getSupportedFeatures uid=1000
07-04 11:55:17.336  1604  1621 I WifiService: requestActivityInfo uid=1000
07-04 11:55:17.336  1604  1621 I WifiService: reportActivityInfo uid=1000
07-04 11:55:17.336  1604  1621 I WifiService: getSupportedFeatures uid=1000
07-04 11:55:19.901  1604  5750 I WifiService: acquireWifiLock uid=10014 lockMode=2
07-04 11:55:19.939  1604  6773 I WifiService: releaseWifiLock uid=10014
07-04 11:55:29.602  1410  1410 I boot-pipe: done populating /dev/random
07-04 11:55:39.910  1604  5750 I WifiService: acquireWifiLock uid=10014 lockMode=2
07-04 11:55:42.878  1604  4176 D WificondControl: Scan result ready event
07-04 11:55:42.918  1604  4176 I WifiService: releaseWifiLock uid=10014
07-04 11:56:00.004  1604  1617 E memtrack: Couldn't load memtrack module
07-04 11:56:00.004  1604  1617 W android.os.Debug: failed to get memory consumption info: -1
07-04 11:56:00.033  1403  1418 D hwcomposer: hw_composer sent 12 syncs in 60s
07-04 11:56:00.093  1604  1617 E memtrack: Couldn't load memtrack module
07-04 11:56:00.093  1604  1617 W android.os.Debug: failed to get memory consumption info: -1
07-04 11:56:00.927 10677 10677 I BgTaskExecutorImpl: Starting EXCLUSIVE background task SMARTSPACE_EXPIRATION.
07-04 11:56:00.930  1604  5450 I WifiService: acquireWifiLock uid=10014 lockMode=2
07-04 11:56:00.979  1604  6773 I ActivityManager: Start proc 32012:com.android.providers.calendar/u0a4 for content provider com.android.providers.calendar/.CalendarProvider2
07-04 11:56:00.981 32012 32012 W zygote  : Unexpected CPU variant for X86 using defaults: x86
07-04 11:56:01.007  1604  5750 I WifiService: releaseWifiLock uid=10014
07-04 11:56:01.086 32012 32012 I zygote  : The ClassLoaderContext is a special shared library.
07-04 11:56:01.091 32012 32012 I chatty  : uid=10004(com.android.providers.calendar) identical 1 line
07-04 11:56:01.096 32012 32012 I zygote  : The ClassLoaderContext is a special shared library.
07-04 11:56:01.130 32012 32012 I CalendarProvider2: Created com.android.providers.calendar.CalendarAlarmManager@de83fc2(com.android.providers.calendar.CalendarProvider2@15c71d3)
07-04 11:56:01.132  1604  6773 W Binder  : Outgoing transactions from this process must be FLAG_ONEWAY
07-04 11:56:01.132  1604  6773 W Binder  : java.lang.Throwable
07-04 11:56:01.132  1604  6773 W Binder  : 	at android.os.BinderProxy.transact(Binder.java:752)
07-04 11:56:01.132  1604  6773 W Binder  : 	at android.content.ContentProviderProxy.getType(ContentProviderNative.java:451)
07-04 11:56:01.132  1604  6773 W Binder  : 	at com.android.server.am.ActivityManagerService.getProviderMimeType(ActivityManagerService.java:12256)
07-04 11:56:01.132  1604  6773 W Binder  : 	at android.app.IActivityManager$Stub.onTransact(IActivityManager.java:1799)
07-04 11:56:01.132  1604  6773 W Binder  : 	at com.android.server.am.ActivityManagerService.onTransact(ActivityManagerService.java:2919)
07-04 11:56:01.132  1604  6773 W Binder  : 	at android.os.Binder.execTransact(Binder.java:697)
07-04 11:56:01.136  1604  6773 I ActivityManager: Killing 31371:com.google.android.play.games/u0a84 (adj 906): empty for 2446s
07-04 11:56:01.140  1604  1620 W zygote  : kill(-31371, 9) failed: No such process
07-04 11:56:01.177  1604  1620 I chatty  : uid=1000(system) ActivityManager identical 1 line
07-04 11:56:01.218  1604  1620 W zygote  : kill(-31371, 9) failed: No such process
07-04 11:56:01.218  1604  1620 I zygote  : Successfully killed process cgroup uid 10084 pid 31371 in 77ms
07-04 11:56:01.675  1604  1613 I zygote  : Background concurrent copying GC freed 66880(2MB) AllocSpace objects, 6(396KB) LOS objects, 6% free, 91MB/97MB, paused 783us total 642.781ms
07-04 11:56:03.879  1604  3158 D WificondControl: Scan result ready event
07-04 11:56:09.862  1604  1621 E BatteryExternalStatsWorker: modem info is invalid: ModemActivityInfo{ mTimestamp=0 mSleepTimeMs=0 mIdleTimeMs=0 mTxTimeMs[]=[0, 0, 0, 0, 0] mRxTimeMs=0 mEnergyUsed=0}
07-04 11:56:20.937  1604  3158 I WifiService: acquireWifiLock uid=10014 lockMode=2
07-04 11:56:20.978  1604  3158 I WifiService: releaseWifiLock uid=10014
07-04 11:56:29.604  1410  1410 I boot-pipe: done populating /dev/random
07-04 11:56:40.947  1604  5450 I WifiService: acquireWifiLock uid=10014 lockMode=2
07-04 11:56:40.954  1604  1617 E memtrack: Couldn't load memtrack module
07-04 11:56:40.954  1604  1617 W android.os.Debug: failed to get memory consumption info: -1
07-04 11:56:41.014  1604  1617 E memtrack: Couldn't load memtrack module
07-04 11:56:41.014  1604  1617 W android.os.Debug: failed to get memory consumption info: -1
07-04 11:56:43.918  1604  5450 D WificondControl: Scan result ready event
07-04 11:56:43.955  1604  3158 I WifiService: releaseWifiLock uid=10014
07-04 11:57:00.016  1403  1418 D hwcomposer: hw_composer sent 12 syncs in 60s
07-04 11:57:01.959  1604  4621 I WifiService: acquireWifiLock uid=10014 lockMode=2
07-04 11:57:02.000  1604  5450 I WifiService: releaseWifiLock uid=10014
07-04 11:57:21.970  1604  3158 I WifiService: acquireWifiLock uid=10014 lockMode=2
07-04 11:57:24.939  1604  3712 D WificondControl: Scan result ready event
07-04 11:57:24.978  1604  3545 I WifiService: releaseWifiLock uid=10014
07-04 11:57:29.606  1410  1410 I boot-pipe: done populating /dev/random
07-04 11:57:41.979  1604  3545 I WifiService: acquireWifiLock uid=10014 lockMode=2
07-04 11:57:42.013  1604  3158 I WifiService: releaseWifiLock uid=10014
07-04 11:57:57.449  2180 32006 W GAv4-SVC: Network compressed POST connection error: java.net.SocketTimeoutException: SSL handshake timed out
07-04 11:58:00.006  1604  1617 E memtrack: Couldn't load memtrack module
07-04 11:58:00.006  1604  1617 W android.os.Debug: failed to get memory consumption info: -1
07-04 11:58:00.026  1403  1418 D hwcomposer: hw_composer sent 6 syncs in 60s
07-04 11:58:00.091  1604  1617 E memtrack: Couldn't load memtrack module
07-04 11:58:00.091  1604  1617 W android.os.Debug: failed to get memory consumption info: -1
07-04 11:58:02.998  1604  3712 I WifiService: acquireWifiLock uid=10014 lockMode=2
07-04 11:58:05.968  1604  3158 D WificondControl: Scan result ready event
07-04 11:58:06.014  1604  3158 I WifiService: releaseWifiLock uid=10014
07-04 11:58:23.008  1604  3158 I WifiService: acquireWifiLock uid=10014 lockMode=2
07-04 11:58:23.050  1604  5450 I WifiService: releaseWifiLock uid=10014
07-04 11:58:29.608  1410  1410 I boot-pipe: done populating /dev/random
07-04 11:56:40.944  1604  1621 E BatteryExternalStatsWorker: modem info is invalid: ModemActivityInfo{ mTimestamp=0 mSleepTimeMs=0 mIdleTimeMs=0 mTxTimeMs[]=[0, 0, 0, 0, 0] mRxTimeMs=0 mEnergyUsed=0}
07-04 11:58:38.625  1604  1621 E BatteryExternalStatsWorker: modem info is invalid: ModemActivityInfo{ mTimestamp=0 mSleepTimeMs=0 mIdleTimeMs=0 mTxTimeMs[]=[0, 0, 0, 0, 0] mRxTimeMs=0 mEnergyUsed=0}
07-04 11:58:43.015  1604  3545 I WifiService: acquireWifiLock uid=10014 lockMode=2
07-04 11:58:45.988  1760  1760 I wpa_supplicant: nl80211: send_and_recv->nl_recvmsgs failed: -33
07-04 11:58:45.989  1604  3545 D WificondControl: Scan result ready event
07-04 11:58:46.025  1604  3158 I WifiService: releaseWifiLock uid=10014
07-04 11:58:54.180  1604  1621 I WifiService: requestActivityInfo uid=1000
07-04 11:58:54.181  1604  1621 I WifiService: reportActivityInfo uid=1000
07-04 11:58:54.181  1604  1621 I WifiService: getSupportedFeatures uid=1000
07-04 11:58:56.699  1604  1621 I WifiService: requestActivityInfo uid=1000
07-04 11:58:56.699  1604  1621 I WifiService: reportActivityInfo uid=1000
07-04 11:58:56.699  1604  1621 I WifiService: getSupportedFeatures uid=1000
07-04 11:59:00.016  1403  1418 D hwcomposer: hw_composer sent 6 syncs in 60s
07-04 11:59:04.030  1604  3158 I WifiService: acquireWifiLock uid=10014 lockMode=2
07-04 11:59:04.068  1604  3712 I WifiService: releaseWifiLock uid=10014
07-04 11:59:05.128  1604  1613 I zygote  : Background concurrent copying GC freed 72305(3MB) AllocSpace objects, 0(0B) LOS objects, 6% free, 90MB/96MB, paused 1.194ms total 562.777ms
07-04 11:59:06.998  1604  3158 D WificondControl: Scan result ready event
07-04 11:59:08.866  1604 32042 D NetworkMonitor/NetworkAgentInfo [MOBILE (GPRS) - 100]: PROBE_DNS www.google.com 17ms OK 172.217.28.228,2800:3f0:4001:801::2004
07-04 11:59:08.866  1604 32043 D NetworkMonitor/NetworkAgentInfo [MOBILE (GPRS) - 100]: PROBE_DNS connectivitycheck.gstatic.com 18ms OK 172.217.172.131,2800:3f0:4001:81a::2003
07-04 11:59:11.739  1604  1621 I WifiService: requestActivityInfo uid=1000
07-04 11:59:11.739  1604  1621 I WifiService: reportActivityInfo uid=1000
07-04 11:59:11.739  1604  1621 I WifiService: getSupportedFeatures uid=1000
07-04 11:59:18.830  1604  1621 I WifiService: requestActivityInfo uid=1000
07-04 11:59:18.830  1604  1621 I WifiService: reportActivityInfo uid=1000
07-04 11:59:18.830  1604  1621 I WifiService: getSupportedFeatures uid=1000
07-04 11:59:21.879  1604 32043 D NetworkMonitor/NetworkAgentInfo [MOBILE (GPRS) - 100]: PROBE_HTTP http://connectivitycheck.gstatic.com/generate_204 Probe failed with exception java.net.SocketTimeoutException: failed to connect to connectivitycheck.gstatic.com/2800:3f0:4001:81a::2003 (port 80) from /fec0::8dd5:611a:7e44:7499 (port 33637) after 10000ms
07-04 11:59:21.882  1604 32042 D NetworkMonitor/NetworkAgentInfo [MOBILE (GPRS) - 100]: PROBE_HTTPS https://www.google.com/generate_204 Probe failed with exception java.net.SocketTimeoutException: failed to connect to www.google.com/2800:3f0:4001:801::2004 (port 443) from /fec0::8dd5:611a:7e44:7499 (port 58931) after 10000ms
07-04 11:59:21.883  1604  2293 D NetworkMonitor/NetworkAgentInfo [MOBILE (GPRS) - 100]: PROBE_FALLBACK http://www.google.com/gen_204 Probe failed with exception java.net.SocketTimeoutException: failed to connect to www.google.com/2800:3f0:4001:801::2004 (port 80) from /fec0::8dd5:611a:7e44:7499 (port 46455) after 10000ms
07-04 11:59:21.884  1604  1682 D ConnectivityService: NetworkAgentInfo [MOBILE (GPRS) - 100] validation failed
07-04 11:59:24.037  1604  3158 I WifiService: acquireWifiLock uid=10014 lockMode=2
07-04 11:59:24.070  1604  3158 I WifiService: releaseWifiLock uid=10014
07-04 11:59:29.610  1410  1410 I boot-pipe: done populating /dev/random
07-04 11:59:31.903  1604  1621 E BatteryExternalStatsWorker: modem info is invalid: ModemActivityInfo{ mTimestamp=0 mSleepTimeMs=0 mIdleTimeMs=0 mTxTimeMs[]=[0, 0, 0, 0, 0] mRxTimeMs=0 mEnergyUsed=0}
07-04 11:59:44.042  1604  1617 E memtrack: Couldn't load memtrack module
07-04 11:59:44.042  1604  1617 W android.os.Debug: failed to get memory consumption info: -1
07-04 11:59:44.048  1604  5450 I WifiService: acquireWifiLock uid=10014 lockMode=2
07-04 11:59:44.099  1604  1617 E memtrack: Couldn't load memtrack module
07-04 11:59:44.099  1604  1617 W android.os.Debug: failed to get memory consumption info: -1
07-04 11:59:44.149  1604  1617 E memtrack: Couldn't load memtrack module
07-04 11:59:44.149  1604  1617 W android.os.Debug: failed to get memory consumption info: -1
07-04 11:59:44.190  1604  1617 E memtrack: Couldn't load memtrack module
07-04 11:59:44.190  1604  1617 W android.os.Debug: failed to get memory consumption info: -1
07-04 11:59:47.029  1604  5450 D WificondControl: Scan result ready event
07-04 11:59:47.068  1604  3545 I WifiService: releaseWifiLock uid=10014
07-04 11:59:48.818  1604  1621 I WifiService: requestActivityInfo uid=1000
07-04 11:59:48.819  1604  1621 I WifiService: reportActivityInfo uid=1000
07-04 11:59:48.819  1604  1621 I WifiService: getSupportedFeatures uid=1000
07-04 11:59:57.508  1604  1621 I WifiService: requestActivityInfo uid=1000
07-04 11:59:57.508  1604  1621 I WifiService: reportActivityInfo uid=1000
07-04 11:59:57.509  1604  1621 I WifiService: getSupportedFeatures uid=1000
07-04 12:00:00.007  1604  1617 E memtrack: Couldn't load memtrack module
07-04 12:00:00.007  1604  1617 W android.os.Debug: failed to get memory consumption info: -1
07-04 12:00:00.029  1403  1418 D hwcomposer: hw_composer sent 6 syncs in 60s
07-04 12:00:00.079  1604  1617 E memtrack: Couldn't load memtrack module
07-04 12:00:00.080  1604  1617 W android.os.Debug: failed to get memory consumption info: -1
07-04 12:00:05.074  1604  5450 I WifiService: acquireWifiLock uid=10014 lockMode=2
07-04 12:00:05.113  1604  3712 I WifiService: releaseWifiLock uid=10014
07-04 12:00:25.085  1604  5450 I WifiService: acquireWifiLock uid=10014 lockMode=2
07-04 12:00:28.058  1604  5450 D WificondControl: Scan result ready event
07-04 12:00:28.100  1604  3158 I WifiService: releaseWifiLock uid=10014
07-04 12:00:29.611  1410  1410 I boot-pipe: done populating /dev/random
07-04 12:00:37.544  2180 32053 W GAv4-SVC: Network compressed POST connection error: java.net.UnknownHostException: Unable to resolve host "ssl.google-analytics.com": No address associated with hostname
07-04 12:00:45.097  1604  3158 I WifiService: acquireWifiLock uid=10014 lockMode=2
07-04 12:00:45.140  1604  3545 I WifiService: releaseWifiLock uid=10014
07-04 12:00:45.707  1604 32059 D NetworkMonitor/NetworkAgentInfo [WIFI () - 101]: PROBE_DNS connectivitycheck.gstatic.com 30802ms OK 172.217.172.131
07-04 12:00:45.707  1604 32058 D NetworkMonitor/NetworkAgentInfo [WIFI () - 101]: PROBE_DNS www.google.com 30803ms OK 172.217.28.228
07-04 12:00:56.208  1604  2952 D NetworkMonitor/NetworkAgentInfo [WIFI () - 101]: PROBE_FALLBACK http://www.google.com/gen_204 Probe failed with exception java.net.SocketTimeoutException: timeout
07-04 12:00:56.955  1604 32059 D NetworkMonitor/NetworkAgentInfo [WIFI () - 101]: PROBE_HTTP http://connectivitycheck.gstatic.com/generate_204 Probe failed with exception java.net.SocketTimeoutException: timeout
07-04 12:01:00.003  1604  1617 E memtrack: Couldn't load memtrack module
07-04 12:01:00.003  1604  1617 W android.os.Debug: failed to get memory consumption info: -1
07-04 12:01:00.024  1403  1418 D hwcomposer: hw_composer sent 6 syncs in 60s
07-04 12:01:06.116  1604  5450 I WifiService: acquireWifiLock uid=10014 lockMode=2
07-04 12:01:06.388  1604 32058 D NetworkMonitor/NetworkAgentInfo [WIFI () - 101]: PROBE_HTTPS https://www.google.com/generate_204 Probe failed with exception java.net.SocketTimeoutException: failed to connect to www.google.com/2800:3f0:4001:801::2004 (port 443) from /fec0::1587:c5fa:9b19:7831 (port 44682) after 10000ms
07-04 12:01:06.390  1604  1682 D ConnectivityService: NetworkAgentInfo [WIFI () - 101] validation failed
07-04 12:01:06.391  1604  1678 D WifiStateMachine: NETWORK_STATUS_UNWANTED_VALIDATION_FAILED
07-04 12:01:09.100  1604  3158 D WificondControl: Scan result ready event
07-04 12:01:09.140  1604  3158 I WifiService: releaseWifiLock uid=10014
07-04 12:01:26.124  1604  3158 I WifiService: acquireWifiLock uid=10014 lockMode=2
07-04 12:01:26.171  1604  3545 I WifiService: releaseWifiLock uid=10014
07-04 12:01:29.615  1410  1410 I boot-pipe: done populating /dev/random
07-04 12:01:46.131  1604  4621 I WifiService: acquireWifiLock uid=10014 lockMode=2
07-04 12:01:49.100  1604  5450 D WificondControl: Scan result ready event
07-04 12:01:49.133  1604  4621 I WifiService: releaseWifiLock uid=10014
07-04 12:02:00.004  1604  1617 E memtrack: Couldn't load memtrack module
07-04 12:02:00.005  1604  1617 W android.os.Debug: failed to get memory consumption info: -1
07-04 12:02:00.032  1403  1418 D hwcomposer: hw_composer sent 6 syncs in 60s
07-04 12:02:00.081  1604  1617 E memtrack: Couldn't load memtrack module
07-04 12:02:00.081  1604  1617 W android.os.Debug: failed to get memory consumption info: -1
07-04 12:02:00.147  1604  1617 E memtrack: Couldn't load memtrack module
07-04 12:02:00.147  1604  1617 W android.os.Debug: failed to get memory consumption info: -1
07-04 12:02:00.180  1604  1617 E memtrack: Couldn't load memtrack module
07-04 12:02:00.180  1604  1617 W android.os.Debug: failed to get memory consumption info: -1
07-04 12:02:00.232  1604  1617 E memtrack: Couldn't load memtrack module
07-04 12:02:00.232  1604  1617 W android.os.Debug: failed to get memory consumption info: -1
07-04 12:02:07.150  1604  3545 I WifiService: acquireWifiLock uid=10014 lockMode=2
07-04 12:02:07.186  1604  3545 I WifiService: releaseWifiLock uid=10014
07-04 12:02:07.780  1604  1613 I zygote  : Background concurrent copying GC freed 70242(2MB) AllocSpace objects, 1(20KB) LOS objects, 6% free, 90MB/96MB, paused 785us total 585.943ms
07-04 12:02:10.129  1604  3158 D WificondControl: Scan result ready event
07-04 12:02:18.138  1604  1621 I WifiService: requestActivityInfo uid=1000
07-04 12:02:18.138  1604  1621 I WifiService: reportActivityInfo uid=1000
07-04 12:02:18.138  1604  1621 I WifiService: getSupportedFeatures uid=1000
