06-28 14:41:01.712 29111 29111 I Finsky  : [2] pxo.a(113): ConstraintMapping: 3-109,  -> L: 0ms, D: 80686304ms, C: true, I: false, N: 2
06-28 14:41:01.718 29111 29111 I Finsky  : [2] pxo.a(113): ConstraintMapping: 3-108,  -> L: 0ms, D: 80686242ms, C: true, I: true, N: 2
06-28 14:41:01.718 29111 29111 I Finsky  : [2] pxo.a(113): ConstraintMapping: 26-1414141414,  -> L: 25749680ms, D: 26649680ms, C: false, I: false, N: 0
06-28 14:41:01.736 29111 29111 I Finsky  : [2] com.google.android.finsky.scheduler.JobSchedulerEngine.a(42): Cancelling existing job with id: 9006
06-28 14:41:01.787 29111 29111 I Finsky  : [2] com.google.android.finsky.scheduler.JobSchedulerEngine.a(42): Cancelling existing job with id: 9008
06-28 14:41:01.818 29111 29111 I Finsky  : [2] com.google.android.finsky.scheduler.JobSchedulerEngine.a(42): Cancelling existing job with id: 9000
06-28 14:41:01.825 29111 29111 I Finsky  : [2] com.google.android.finsky.scheduler.JobSchedulerEngine.a(42): Cancelling existing job with id: 9007
06-28 14:41:01.849 29111 29111 I Finsky  : [2] com.google.android.finsky.scheduler.JobSchedulerEngine.a(4): Scheduling job Id: 9001, L: 0, D: 65358615, C: false, I: true, N: 0
06-28 14:41:01.855 29111 29111 I Finsky  : [2] com.google.android.finsky.scheduler.JobSchedulerEngine.a(4): Scheduling job Id: 9002, L: 41319651, D: 84519651, C: false, I: false, N: 1
06-28 14:41:01.858 29111 29111 I Finsky  : [2] com.google.android.finsky.scheduler.JobSchedulerEngine.a(4): Scheduling job Id: 9003, L: 0, D: 80686304, C: true, I: false, N: 2
06-28 14:41:01.863 29111 29111 I Finsky  : [2] com.google.android.finsky.scheduler.JobSchedulerEngine.a(4): Scheduling job Id: 9004, L: 0, D: 80686242, C: true, I: true, N: 2
06-28 14:41:01.865 29111 29111 I Finsky  : [2] com.google.android.finsky.scheduler.JobSchedulerEngine.a(4): Scheduling job Id: 9009, L: 25749680, D: 26649680, C: false, I: false, N: 0
06-28 14:41:02.041 19546  5943 I Places  : ?: PlacesBleScanner stop()
06-28 14:41:02.043 19546 19546 I BeaconBle: Scan : No clients left, canceling alarm.
06-28 14:41:02.044 19546 19546 I BeaconBle: Scan canceled successfully.
06-28 14:41:02.057 19546  5943 I PlaceInferenceEngine: [anon] Changed inference mode: 0
06-28 14:41:02.058 19546  5943 I PlaceInferenceEngine: [account#1066226748] Changed inference mode: 0
06-28 14:41:02.094 29061 29071 I zygote  : NativeAlloc concurrent copying GC freed 32005(1763KB) AllocSpace objects, 14(536KB) LOS objects, 18% free, 26MB/32MB, paused 12.498ms total 1.431s
06-28 14:41:02.172 19546 19546 I GeofencerStateMachine: removeGeofences: removeRequest=RemoveGeofencingRequest[REMOVE_BY_PENDING_INTENT pendingIntent=PendingIntent[creatorPackage=com.google.android.gms], packageName=com.google.android.gms]
06-28 14:41:05.764  1603  1616 E memtrack: Couldn't load memtrack module
06-28 14:41:05.764  1603  1616 W android.os.Debug: failed to get memory consumption info: -1
06-28 14:41:05.850  1603  1616 E memtrack: Couldn't load memtrack module
06-28 14:41:05.850  1603  1616 W android.os.Debug: failed to get memory consumption info: -1
06-28 14:41:06.673  1524  1631 I WorkerManager: dispose()
06-28 14:41:06.675  1524  1631 W ThreadPoolDumper: Queue length for executor EventBus is now 11. Perhaps some tasks are too long, or the pool is too small.
06-28 14:41:07.058 19546 19546 I BeaconBle: Scan : No clients left, canceling alarm.
06-28 14:41:12.507 29061 29061 I net.osmand: RoutingHelper Recalculate route, because correlation  : 187292.18742794808
06-28 14:41:12.512 29061 29061 I net.osmand: RoutingHelper Recalculate route, because wrong movement direction: 187352.22
06-28 14:41:12.517 29061 29061 D net.osmand: AbstractPrologCommandPlayer abandonAudioFocus
06-28 14:41:12.522 29061 29061 W MaterialProgressBar: Current drawable is not a MaterialProgressDrawable, you may want to set app:mpb_setBothDrawables
06-28 14:41:12.526 29061  6030 I net.osmand: RouteProvider Start finding route from Location[mProvider=gps,mTime=1561747272000,mLatitude=-7.589195000000001,mLongitude=-37.541068333333335,mHasAltitude=false,mAltitude=0.0,mHasSpeed=true,mSpeed=0.0,mHasBearing=true,mBearing=0.0,mHasAccuracy=true,mAccuracy=20.0 to Lat -7.218428 Lon -35.883236 using OsmAnd (offline)
06-28 14:41:12.528 29061  6030 W net.osmand: RouteProvider Use 339 MB Free 5.421875 of 32.34353 max 384.0
06-28 14:41:12.532 29061 29089 I net.osmand: MapRenderRepositories RENDER MAP: update due to tile box
06-28 14:41:12.533 29061 29089 I net.osmand: MapRenderRepositories RENDER MAP: Interrupt rendering map
06-28 14:41:12.545 29061 29061 I net.osmand: RoutingHelper Recalculate route, because correlation  : 187292.18742794808
06-28 14:41:12.551 29061 29089 I net.osmand: MapRenderRepositories RENDER MAP: update due to tile box
06-28 14:41:12.551 29061 29089 I net.osmand: MapRenderRepositories RENDER MAP: Interrupt rendering map
06-28 14:41:12.565 29061  6030 I net.osmand:native: Start point was found 25957571909 [Native]
06-28 14:41:12.625 29061  6030 I net.osmand:native: End point was found 34867160039 [Native]
06-28 14:41:12.719 29061 29089 I net.osmand: MapRenderRepositories RENDER MAP: update due to tile box
06-28 14:41:12.719 29061 29089 I net.osmand: MapRenderRepositories RENDER MAP: Interrupt rendering map
06-28 14:41:12.787  1844  1844 D ServiceStateProvider: subId=1
06-28 14:41:12.876 29061 29088 I net.osmand: MapRenderRepositories RENDER MAP: new request RotatedTileBox [lat=-7.589195000000001, lon=-37.541068333333335, rotate=22.145792, density=2.625, zoom=17, mapDensity=2.625, zoomAnimation=0.0, zoomFloatPart=0.0, cx=900, cy=1345, pixWidth=1800, pixHeight=2690]
06-28 14:41:12.877  1844  1844 D TelephonyProvider: subIdString = 1 subId = 1
06-28 14:41:12.937  1603  1681 I WifiService: getConnectionInfo uid=1000
06-28 14:41:12.952  1844  1844 D TelephonyProvider: subIdString = 1 subId = 1
06-28 14:41:12.966  1603  1674 D RecurrenceRule: Resolving using anchor 2019-06-28T18:41:12.966Z[GMT]
06-28 14:41:12.974  1603  1674 D RecurrenceRule: Resolving using anchor 2019-06-28T18:41:12.973Z[GMT]
06-28 14:41:12.979  1603  1674 D RecurrenceRule: Cycle 17 from 2019-06-09T00:00Z[GMT] to 2019-07-09T00:00Z[GMT]
06-28 14:41:12.980  1603  1674 D NetworkStats: Resolving plan for NetworkTemplate: matchRule=MOBILE_ALL, subscriberId=310260..., matchSubscriberIds=[310260...]
06-28 14:41:12.989  1603  1674 D NetworkStats: Found active matching subId 1
06-28 14:41:13.010  1603  1674 D NetworkStats: Resolved to plan null
06-28 14:41:13.012  1844  1844 D TelephonyProvider: subIdString = 1 subId = 1
06-28 14:41:13.024 29061 29088 I net.osmand:native: Route objects 152
06-28 14:41:13.024 29061 29088 I net.osmand:native: Ocean: no completed & incompleted coastlines 0
06-28 14:41:13.024 29061 29088 I net.osmand:native: Detailed coastlines = 0, basemap coastlines 0, ocean tile 0.000000. Detailed added 0, basemap processed 1, basemap added 0.
06-28 14:41:13.025 29061 29088 I net.osmand:native: Search : tree - read( 413), accept( 34), objs - visit( 2366), accept(164), in result(152) 
06-28 14:41:13.027 29061 29088 I net.osmand: MapRenderRepositories BLat=-7.596262979507446, TLat=-7.582131338119507, LLong=-37.546546936035156, RLong=-37.53558349609375, zoom=17
06-28 14:41:13.027 29061 29088 I net.osmand: MapRenderRepositories Native search: 151 ms 
06-28 14:41:13.028 29061 29088 W net.osmand: MapRenderRepositories Create new image ? 1800 != 2990 (w) 2690 != 1620 (h) 
06-28 14:41:13.033 29061 29088 I net.osmand:native: Creating SkBitmap in native w:1800 h:2690 s:7200 f:1!
06-28 14:41:13.033 29061 29088 I net.osmand:native: Row bytes for RGBA_8888 is 7200
06-28 14:41:13.033 29061 29088 I net.osmand:native: Locked 19368000 bytes at 0x85d00000
06-28 14:41:13.033 29061 29088 I net.osmand:native: Initializing rendering
06-28 14:41:13.035 29061 29088 I net.osmand:native: Rendering image
06-28 14:41:13.042  1844  1844 D TelephonyProvider: subIdString = 1 subId = 1
06-28 14:41:13.119  1844  1844 I chatty  : uid=1001(radio) com.android.phone identical 2 lines
06-28 14:41:13.150  1844  1844 D TelephonyProvider: subIdString = 1 subId = 1
06-28 14:41:13.189 29061 29061 I net.osmand: RoutingHelper Recalculate route, because correlation  : 187292.18742794808
06-28 14:41:13.196 29061 29061 I net.osmand: RoutingHelper Recalculate route, because correlation  : 187292.18742794808
06-28 14:41:13.196 29061 29061 I net.osmand: RoutingHelper Recalculate route, because wrong movement direction: 187352.22
06-28 14:41:13.245  1844  1844 D TelephonyProvider: subIdString = 1 subId = 1
06-28 14:41:13.377  1844  1844 D TelephonyProvider: subIdString = 1 subId = 1
06-28 14:41:13.642 29061 29088 I net.osmand:native: Native ok (rendering 2, text 194 ms) 
06-28 14:41:13.642 29061 29088 I net.osmand:native:  (1318 points, 634 points inside, 296 of 309 objects visible)
06-28 14:41:13.642 29061 29088 I net.osmand:native: End Rendering image
06-28 14:41:13.642 29061 29088 I net.osmand:native: Native ok (init 1, rendering 2) 
06-28 14:41:13.643 29061 29088 I net.osmand: MapRenderRepositories true
06-28 14:41:13.754 29061 29071 I zygote  : NativeAlloc concurrent copying GC freed 33185(1331KB) AllocSpace objects, 0(0B) LOS objects, 18% free, 25MB/31MB, paused 1.182ms total 724.724ms
06-28 14:41:13.956 29061 29061 I net.osmand: RoutingHelper Recalculate route, because correlation  : 187292.18742794808
06-28 14:41:13.968 29061 29061 I net.osmand: RoutingHelper Recalculate route, because correlation  : 187292.18742794808
06-28 14:41:13.968 29061 29061 I net.osmand: RoutingHelper Recalculate route, because wrong movement direction: 187352.22
06-28 14:41:14.167 29061 29061 I net.osmand: RoutingHelper Recalculate route, because correlation  : 187292.18742794808
06-28 14:41:14.171 29061 29061 I net.osmand: RoutingHelper Recalculate route, because correlation  : 187292.18742794808
06-28 14:41:14.171 29061 29061 I net.osmand: RoutingHelper Recalculate route, because wrong movement direction: 187352.22
06-28 14:41:15.163 29061 29061 I net.osmand: RoutingHelper Recalculate route, because correlation  : 187292.18742794808
06-28 14:41:15.179 29061 29061 I net.osmand: RoutingHelper Recalculate route, because correlation  : 187292.18742794808
06-28 14:41:15.179 29061 29061 I net.osmand: RoutingHelper Recalculate route, because wrong movement direction: 187352.22
06-28 14:41:15.411 29061 29061 I net.osmand: RoutingHelper Recalculate route, because correlation  : 187292.18742794808
06-28 14:41:15.426 29061 29061 I net.osmand: RoutingHelper Recalculate route, because correlation  : 187292.18742794808
06-28 14:41:15.426 29061 29061 I net.osmand: RoutingHelper Recalculate route, because wrong movement direction: 187352.22
06-28 14:41:15.853  1603  1620 I WifiService: requestActivityInfo uid=1000
06-28 14:41:15.854  1603  1620 I WifiService: reportActivityInfo uid=1000
06-28 14:41:15.854  1603  1620 I WifiService: getSupportedFeatures uid=1000
06-28 14:41:16.161 29061 29061 I net.osmand: RoutingHelper Recalculate route, because correlation  : 187292.18742794808
06-28 14:41:16.164 29061 29061 I net.osmand: RoutingHelper Recalculate route, because correlation  : 187292.18742794808
06-28 14:41:16.164 29061 29061 I net.osmand: RoutingHelper Recalculate route, because wrong movement direction: 187352.22
06-28 14:41:16.288  1603  2079 I WifiService: acquireWifiLock uid=10014 lockMode=2
06-28 14:41:16.679 29061 29061 I net.osmand: RoutingHelper Recalculate route, because correlation  : 187292.18742794808
06-28 14:41:16.705 29061 29061 I net.osmand: RoutingHelper Recalculate route, because correlation  : 187292.18742794808
06-28 14:41:16.705 29061 29061 I net.osmand: RoutingHelper Recalculate route, because wrong movement direction: 187352.22
06-28 14:41:17.160 29061 29061 I net.osmand: RoutingHelper Recalculate route, because correlation  : 187292.18742794808
06-28 14:41:17.188 29061 29061 I net.osmand: RoutingHelper Recalculate route, because correlation  : 187292.18742794808
06-28 14:41:17.188 29061 29061 I net.osmand: RoutingHelper Recalculate route, because wrong movement direction: 187352.22
06-28 14:41:18.063 29061 29061 I net.osmand: RoutingHelper Recalculate route, because correlation  : 187292.18742794808
06-28 14:41:18.110 29061 29061 I net.osmand: RoutingHelper Recalculate route, because correlation  : 187292.18742794808
06-28 14:41:18.110 29061 29061 I net.osmand: RoutingHelper Recalculate route, because wrong movement direction: 187352.22
06-28 14:41:18.258 29061 29061 I net.osmand: RoutingHelper Recalculate route, because correlation  : 187292.18742794808
06-28 14:41:18.263 29061 29061 I net.osmand: RoutingHelper Recalculate route, because correlation  : 187292.18742794808
06-28 14:41:18.264 29061 29061 I net.osmand: RoutingHelper Recalculate route, because wrong movement direction: 187352.22
06-28 14:41:19.165 29061 29061 I net.osmand: RoutingHelper Recalculate route, because correlation  : 187292.18742794808
06-28 14:41:19.186 29061 29061 I net.osmand: RoutingHelper Recalculate route, because correlation  : 187292.18742794808
06-28 14:41:19.186 29061 29061 I net.osmand: RoutingHelper Recalculate route, because wrong movement direction: 187352.22
06-28 14:41:19.203 19546 19546 I GeofencerStateMachine: sendNewTransitions called.
06-28 14:41:19.295  1603  2079 D WificondControl: Scan result ready event
06-28 14:41:19.338  1603  1616 E memtrack: Couldn't load memtrack module
06-28 14:41:19.338  1603  1616 W android.os.Debug: failed to get memory consumption info: -1
06-28 14:41:19.420 19546 19546 I GeofencerStateMachine: sendNewTransitions called.
06-28 14:41:19.442 19546 19546 I GeofencerStateMachine: sendNewLocationAvailability: availability=LocationAvailability[isLocationAvailable: true]
06-28 14:41:19.601  1603  3880 I WifiService: releaseWifiLock uid=10014
06-28 14:41:19.711 19546 19546 I GeofencerStateMachine: sendNewLocationAvailability: availability=LocationAvailability[isLocationAvailable: true]
06-28 14:41:19.950  1603  1603 I ActivityManager: Start proc 6038:com.android.chrome/u0a49 for service com.android.chrome/org.chromium.components.background_task_scheduler.BackgroundTaskJobService
06-28 14:41:19.968  6038  6038 W zygote  : Unexpected CPU variant for X86 using defaults: x86
06-28 14:41:19.973 19546 19603 W ResourceType: ResTable_typeSpec entry count inconsistent: given 15, previously 22
06-28 14:41:20.124 29061 29061 I net.osmand: RoutingHelper Recalculate route, because correlation  : 187292.18742794808
06-28 14:41:20.124 29061 29061 I net.osmand: RoutingHelper Recalculate route, because wrong movement direction: 187352.22
06-28 14:41:20.336 29061 29061 I net.osmand: RoutingHelper Recalculate route, because correlation  : 187292.18742794808
06-28 14:41:20.336 29061 29061 I net.osmand: RoutingHelper Recalculate route, because wrong movement direction: 187352.22
06-28 14:41:20.409 29061 29061 I net.osmand: RoutingHelper Recalculate route, because correlation  : 187292.18742794808
06-28 14:41:21.163 29061 29061 I chatty  : uid=10104(net.osmand) identical 2 lines
06-28 14:41:21.176 29061 29061 I net.osmand: RoutingHelper Recalculate route, because correlation  : 187292.18742794808
06-28 14:41:21.176 29061 29061 I net.osmand: RoutingHelper Recalculate route, because wrong movement direction: 187352.22
06-28 14:41:21.598  1603  1612 I zygote  : Background concurrent copying GC freed 78303(5MB) AllocSpace objects, 11(616KB) LOS objects, 18% free, 26MB/32MB, paused 3.669ms total 512.338ms
06-28 14:41:22.180 29061 29061 I net.osmand: RoutingHelper Recalculate route, because correlation  : 187292.18742794808
06-28 14:41:22.180 29061 29061 I net.osmand: RoutingHelper Recalculate route, because wrong movement direction: 187352.22
06-28 14:41:22.201 29061 29061 I net.osmand: RoutingHelper Recalculate route, because correlation  : 187292.18742794808
06-28 14:41:22.201 29061 29061 I net.osmand: RoutingHelper Recalculate route, because wrong movement direction: 187352.22
06-28 14:41:22.267 29061 29061 I net.osmand: RoutingHelper Recalculate route, because correlation  : 187292.18742794808
06-28 14:41:23.164 29061 29061 I chatty  : uid=10104(net.osmand) identical 2 lines
06-28 14:41:23.180 29061 29061 I net.osmand: RoutingHelper Recalculate route, because correlation  : 187292.18742794808
06-28 14:41:23.180 29061 29061 I net.osmand: RoutingHelper Recalculate route, because wrong movement direction: 187352.22
06-28 14:41:23.617 29061 29061 I net.osmand: RoutingHelper Recalculate route, because correlation  : 187292.18742794808
06-28 14:41:23.636 29061 29061 I net.osmand: RoutingHelper Recalculate route, because correlation  : 187292.18742794808
06-28 14:41:23.636 29061 29061 I net.osmand: RoutingHelper Recalculate route, because wrong movement direction: 187352.22
06-28 14:41:24.179 29061 29061 I net.osmand: RoutingHelper Recalculate route, because correlation  : 187292.18742794808
06-28 14:41:24.182 29061 29061 I net.osmand: RoutingHelper Recalculate route, because correlation  : 187292.18742794808
06-28 14:41:24.182 29061 29061 I net.osmand: RoutingHelper Recalculate route, because wrong movement direction: 187352.22
06-28 14:41:24.994 29061 29061 I net.osmand: RoutingHelper Recalculate route, because correlation  : 187292.18742794808
06-28 14:41:24.995 29061 29061 I net.osmand: RoutingHelper Recalculate route, because wrong movement direction: 187352.22
06-28 14:41:25.007 29061 29061 I net.osmand: RoutingHelper Recalculate route, because correlation  : 187292.18742794808
06-28 14:41:25.172 29061 29061 I chatty  : uid=10104(net.osmand) identical 1 line
06-28 14:41:25.176 29061 29061 I net.osmand: RoutingHelper Recalculate route, because correlation  : 187292.18742794808
06-28 14:41:25.176 29061 29061 I net.osmand: RoutingHelper Recalculate route, because wrong movement direction: 187352.22
06-28 14:41:26.165 29061 29061 I net.osmand: RoutingHelper Recalculate route, because correlation  : 187292.18742794808
06-28 14:41:26.176 29061 29061 I net.osmand: RoutingHelper Recalculate route, because correlation  : 187292.18742794808
06-28 14:41:26.176 29061 29061 I net.osmand: RoutingHelper Recalculate route, because wrong movement direction: 187352.22
06-28 14:41:26.337 29061 29061 I net.osmand: RoutingHelper Recalculate route, because correlation  : 187292.18742794808
06-28 14:41:26.355 29061 29061 I net.osmand: RoutingHelper Recalculate route, because correlation  : 187292.18742794808
06-28 14:41:26.355 29061 29061 I net.osmand: RoutingHelper Recalculate route, because wrong movement direction: 187352.22
06-28 14:41:27.187 29061 29061 I net.osmand: RoutingHelper Recalculate route, because correlation  : 187292.18742794808
06-28 14:41:27.188 29061 29061 I net.osmand: RoutingHelper Recalculate route, because wrong movement direction: 187352.22
06-28 14:41:27.238 29061 29061 I net.osmand: RoutingHelper Recalculate route, because correlation  : 187292.18742794808
06-28 14:41:27.704 29061 29061 I net.osmand: RoutingHelper Recalculate route, because correlation  : 187292.18742794808
06-28 14:41:27.705 29061 29061 I net.osmand: RoutingHelper Recalculate route, because wrong movement direction: 187352.22
06-28 14:41:27.770 29061 29061 I net.osmand: RoutingHelper Recalculate route, because correlation  : 187292.18742794808
06-28 14:41:28.181 29061 29061 I net.osmand: RoutingHelper Recalculate route, because correlation  : 187292.18742794808
06-28 14:41:28.181 29061 29061 I net.osmand: RoutingHelper Recalculate route, because wrong movement direction: 187352.22
06-28 14:41:28.255 29061 29061 I net.osmand: RoutingHelper Recalculate route, because correlation  : 187292.18742794808
06-28 14:41:29.137 29061 29061 I net.osmand: RoutingHelper Recalculate route, because correlation  : 187292.18742794808
06-28 14:41:29.137 29061 29061 I net.osmand: RoutingHelper Recalculate route, because wrong movement direction: 187352.22
06-28 14:41:29.171 29061  6030 W net.osmand:native: [Native] Result visited (visited roads 22877, visited segments 10991 / 30885 , queue sizes 259 / 4302 ) 
06-28 14:41:29.172 29061  6030 W net.osmand:native: [Native] Result timing (time to load 0, time to calc 16546, loaded tiles 216) 
06-28 14:41:29.172 29061  6030 W net.osmand:native: [Native] Memory occupied (Routing context 9500 Kb, search 689 Kb)
06-28 14:41:29.245 29061 29061 I net.osmand: RoutingHelper Recalculate route, because correlation  : 187292.18742794808
06-28 14:41:29.245 29061 29061 I net.osmand: RoutingHelper Recalculate route, because wrong movement direction: 187352.22
06-28 14:41:29.248 29061 29061 I net.osmand: RoutingHelper Recalculate route, because correlation  : 187292.18742794808
06-28 14:41:29.253 29061 29061 I net.osmand: RoutingHelper Recalculate route, because correlation  : 187292.18742794808
06-28 14:41:29.326 29061  6030 I net.osmand:native: Routing calculated time distance 163076.031250
06-28 14:41:30.231 29061 29061 I net.osmand: RoutingHelper Recalculate route, because correlation  : 187292.18742794808
06-28 14:41:30.232 29061 29061 I net.osmand: RoutingHelper Recalculate route, because wrong movement direction: 187352.22
06-28 14:41:30.241 29061 29061 I net.osmand: RoutingHelper Recalculate route, because correlation  : 187292.18742794808
06-28 14:41:30.507 29061 29071 I zygote  : Background concurrent copying GC freed 27084(1064KB) AllocSpace objects, 0(0B) LOS objects, 15% free, 31MB/37MB, paused 1.349ms total 649.891ms
06-28 14:41:30.560 29061  6030 I net.osmand: RoutePlannerFrontEnd Native routing took 18.031 seconds
06-28 14:41:30.674 29061  6030 I System.out: ROUTE : 
06-28 14:41:30.674 29061  6030 I net.osmand: RouteResultPreparation <test regions="" description="" best_percent="" vehicle="pedestrian" 
06-28 14:41:30.674 29061  6030 I net.osmand:   start_lat="-7.58920" start_lon="-37.54107" target_lat="-7.21843" target_lon="-35.88324"  routing_time="163076.03" loadedTiles="216" visitedSegments="22877" complete_distance="209465.64" complete_time="157096.08" >
06-28 14:41:30.675 29061  6030 I System.out: <test regions="" description="" best_percent="" vehicle="pedestrian" 
06-28 14:41:30.675 29061  6030 I System.out:   start_lat="-7.58920" start_lon="-37.54107" target_lat="-7.21843" target_lon="-35.88324"  routing_time="163076.03" loadedTiles="216" visitedSegments="22877" complete_distance="209465.64" complete_time="157096.08" >
06-28 14:41:30.676 29061  6030 I System.out: </test>
06-28 14:41:30.676 29061  6030 I System.out: <test regions="" description="" best_percent="" vehicle="pedestrian" 
06-28 14:41:30.676 29061  6030 I System.out:   start_lat="-7.58920" start_lon="-37.54107" target_lat="-7.21843" target_lon="-35.88324"  routing_time="163076.03" loadedTiles="216" visitedSegments="22877" complete_distance="209465.64" complete_time="157096.08" >
06-28 14:41:30.702 29061  6030 I net.osmand: RouteProvider Finding route contained 2050 points for 18176 ms
06-28 14:41:30.719 29061  6030 I net.osmand: TTSCommandPlayerImpl Send message to pebble Rota recalculada 209 quilmetros tempo estimado de  43 horas  38 minutos.  
06-28 14:41:30.719 29061  6030 D net.osmand: AbstractPrologCommandPlayer requestAudioFocus
06-28 14:41:30.720 29061  6030 W AudioManager: Use of stream types is deprecated for operations other than volume control
06-28 14:41:30.720 29061  6030 W AudioManager: See the documentation of requestAudioFocus() for what to use instead with android.media.AudioAttributes to qualify your playback use case
06-28 14:41:30.721  1603  7712 I MediaFocusControl: requestAudioFocus() from uid/pid 10104/29061 clientId=android.media.AudioManager@e0b46a6net.osmand.plus.api.AudioFocusHelperImpl@df610d7 callingPack=net.osmand req=3 flags=0x0 sdk=26
06-28 14:41:30.723 29061  6030 D net.osmand: TTSCommandPlayerImpl ttsRequests=1
06-28 14:41:30.756 12744 29258 I TTS.GoogleTTSServiceImp: Synthesis request for locale por-BRA and name pt-BR-language
06-28 14:41:30.760 12744 29258 I TTS.GoogleTTSServiceImp: TTS dispatch: pt-br-x-afs-lstm-embedded
06-28 14:41:31.002 12744 29259 D AudioTrack: Client defaulted notificationFrames to 1365 for frameCount 4096
06-28 14:41:31.067  1603  3880 V MediaRouterService: restoreBluetoothA2dp(false)
06-28 14:41:31.079  1393  3231 W audio_hw_generic: Not supplying enough data to HAL, expected position 168809196 , only wrote 168809040
06-28 14:41:32.107  1393  3231 W audio_hw_generic: Not supplying enough data to HAL, expected position 168858364 , only wrote 168856560
06-28 14:41:32.123  1393  3231 W audio_hw_generic: Not supplying enough data to HAL, expected position 168857313 , only wrote 168857280
06-28 14:41:32.159  1393  3231 W audio_hw_generic: Not supplying enough data to HAL, expected position 168859019 , only wrote 168858720
06-28 14:41:32.269  1402  1417 D hwcomposer: hw_composer sent 164 syncs in 61s
06-28 14:41:32.735 29061 29071 I zygote  : Background concurrent copying GC freed 195892(5MB) AllocSpace objects, 0(0B) LOS objects, 15% free, 32MB/38MB, paused 2.334ms total 402.326ms
06-28 14:41:33.340  1393  3231 W audio_hw_generic: Not supplying enough data to HAL, expected position 168915412 , only wrote 168913440
06-28 14:41:33.411  1393  3231 W audio_hw_generic: Not supplying enough data to HAL, expected position 168916865 , only wrote 168916320
06-28 14:41:33.433  1393  3231 W audio_hw_generic: Not supplying enough data to HAL, expected position 168917345 , only wrote 168916320
06-28 14:41:33.511  1393  3231 W audio_hw_generic: Not supplying enough data to HAL, expected position 168920075 , only wrote 168919920
06-28 14:41:33.515  1393  3231 W audio_hw_generic: Not supplying enough data to HAL, expected position 168920135 , only wrote 168919920
06-28 14:41:33.550  1393  3231 W audio_hw_generic: Not supplying enough data to HAL, expected position 168921572 , only wrote 168920640
06-28 14:41:34.661  1603  1616 E memtrack: Couldn't load memtrack module
06-28 14:41:34.661  1603  1616 W android.os.Debug: failed to get memory consumption info: -1
06-28 14:41:34.674  1475  1571 D AudioFlinger: mixer(0xaa803cc0) throttle end: throttle time(4)
06-28 14:41:34.771  1603  1616 E memtrack: Couldn't load memtrack module
06-28 14:41:34.771  1603  1616 W android.os.Debug: failed to get memory consumption info: -1
06-28 14:41:34.780  1393  3231 W audio_hw_generic: Not supplying enough data to HAL, expected position 168979708 , only wrote 168979680
06-28 14:41:34.868  1393  3231 W audio_hw_generic: Not supplying enough data to HAL, expected position 168983858 , only wrote 168983280
06-28 14:41:34.887  1603  1616 E memtrack: Couldn't load memtrack module
06-28 14:41:34.887  1603  1616 W android.os.Debug: failed to get memory consumption info: -1
06-28 14:41:34.930  1393  3231 W audio_hw_generic: Not supplying enough data to HAL, expected position 168986301 , only wrote 168986160
06-28 14:41:34.932  1393  3231 W audio_hw_generic: Not supplying enough data to HAL, expected position 168986216 , only wrote 168986160
06-28 14:41:34.948  1393  3231 W audio_hw_generic: Not supplying enough data to HAL, expected position 168986948 , only wrote 168986880
06-28 14:41:34.994  1603  1616 E memtrack: Couldn't load memtrack module
06-28 14:41:34.994  1603  1616 W android.os.Debug: failed to get memory consumption info: -1
06-28 14:41:35.056  1603  1616 E memtrack: Couldn't load memtrack module
06-28 14:41:35.056  1603  1616 W android.os.Debug: failed to get memory consumption info: -1
06-28 14:41:35.695 29061 29071 I zygote  : Background concurrent copying GC freed 258402(5MB) AllocSpace objects, 0(0B) LOS objects, 15% free, 33MB/39MB, paused 1.152ms total 399.606ms
06-28 14:41:36.146  1393  3231 W audio_hw_generic: Not supplying enough data to HAL, expected position 169044370 , only wrote 169043760
06-28 14:41:36.146  1393  3231 W audio_hw_generic: Not supplying enough data to HAL, expected position 169043775 , only wrote 169043760
06-28 14:41:36.162  1393  3231 W audio_hw_generic: Not supplying enough data to HAL, expected position 169044543 , only wrote 169044480
06-28 14:41:36.333  1603  2149 I WifiService: acquireWifiLock uid=10014 lockMode=2
06-28 14:41:36.403  1603  6820 I WifiService: releaseWifiLock uid=10014
06-28 14:41:37.452  1393  3231 W audio_hw_generic: Not supplying enough data to HAL, expected position 169106374 , only wrote 169102080
06-28 14:41:37.453  1393  3231 W audio_hw_generic: Not supplying enough data to HAL, expected position 169102106 , only wrote 169102080
06-28 14:41:37.470  1393  3231 W audio_hw_generic: Not supplying enough data to HAL, expected position 169102932 , only wrote 169102800
06-28 14:41:37.489  1475  1571 D AudioFlinger: mixer(0xaa803cc0) throttle end: throttle time(10)
06-28 14:41:37.576  1393  3231 W audio_hw_generic: Not supplying enough data to HAL, expected position 169107862 , only wrote 169107120
06-28 14:41:37.576  1393  3231 W audio_hw_generic: Not supplying enough data to HAL, expected position 169107152 , only wrote 169107120
06-28 14:41:37.592  1393  3231 W audio_hw_generic: Not supplying enough data to HAL, expected position 169107890 , only wrote 169107840
06-28 14:41:37.599  1475  1571 D AudioFlinger: mixer(0xaa803cc0) throttle end: throttle time(12)
06-28 14:41:37.680  1393  3231 W audio_hw_generic: Not supplying enough data to HAL, expected position 169112032 , only wrote 169111440
06-28 14:41:37.681  1393  3231 W audio_hw_generic: Not supplying enough data to HAL, expected position 169111487 , only wrote 169111440
06-28 14:41:37.696  1393  3231 W audio_hw_generic: Not supplying enough data to HAL, expected position 169112168 , only wrote 169112160
06-28 14:41:37.704  1475  1571 D AudioFlinger: mixer(0xaa803cc0) throttle end: throttle time(12)
06-28 14:41:37.853  1393  3231 W audio_hw_generic: Not supplying enough data to HAL, expected position 169119716 , only wrote 169116480
06-28 14:41:37.869  1393  3231 W audio_hw_generic: Not supplying enough data to HAL, expected position 169117225 , only wrote 169117200
06-28 14:41:37.906  1393  3231 W audio_hw_generic: Not supplying enough data to HAL, expected position 169118976 , only wrote 169118640
06-28 14:41:37.981  1393  3231 W audio_hw_generic: Not supplying enough data to HAL, expected position 169122258 , only wrote 169122240
06-28 14:41:38.032  1393  3231 W audio_hw_generic: Not supplying enough data to HAL, expected position 169124671 , only wrote 169124400
06-28 14:41:38.153  1393  3231 W audio_hw_generic: Not supplying enough data to HAL, expected position 169130195 , only wrote 169129440
06-28 14:41:38.399  1393  3231 W audio_hw_generic: Not supplying enough data to HAL, expected position 169141242 , only wrote 169140960
06-28 14:41:38.432  1475  1571 D AudioFlinger: mixer(0xaa803cc0) throttle end: throttle time(6)
06-28 14:41:38.675  1393  3231 W audio_hw_generic: Not supplying enough data to HAL, expected position 169154244 , only wrote 169153920
06-28 14:41:38.678  1393  3231 W audio_hw_generic: Not supplying enough data to HAL, expected position 169154044 , only wrote 169153920
06-28 14:41:38.732  1393  3231 W audio_hw_generic: Not supplying enough data to HAL, expected position 169156529 , only wrote 169154640
06-28 14:41:38.762  1475  1571 D AudioFlinger: mixer(0xaa803cc0) throttle end: throttle time(12)
06-28 14:41:38.818  1393  3231 W audio_hw_generic: Not supplying enough data to HAL, expected position 169158744 , only wrote 169158240
06-28 14:41:38.823  1393  3231 W audio_hw_generic: Not supplying enough data to HAL, expected position 169158502 , only wrote 169158240
06-28 14:41:38.838  1393  3231 W audio_hw_generic: Not supplying enough data to HAL, expected position 169158961 , only wrote 169158960
06-28 14:41:38.908  1393  3231 W audio_hw_generic: Not supplying enough data to HAL, expected position 169162315 , only wrote 169161120
06-28 14:41:38.922  1393  3231 W audio_hw_generic: Not supplying enough data to HAL, expected position 169161794 , only wrote 169161120
06-28 14:41:38.936 29061 29071 I zygote  : Background concurrent copying GC freed 283937(6MB) AllocSpace objects, 0(0B) LOS objects, 15% free, 32MB/38MB, paused 24.031ms total 555.644ms
06-28 14:41:38.946  1393  3231 W audio_hw_generic: Not supplying enough data to HAL, expected position 169162273 , only wrote 169161840
06-28 14:41:39.116  1393  3231 W audio_hw_generic: Not supplying enough data to HAL, expected position 169169967 , only wrote 169169760
06-28 14:41:39.237  1393  3231 W audio_hw_generic: Not supplying enough data to HAL, expected position 169175599 , only wrote 169175520
06-28 14:41:39.255  1475  1571 D AudioFlinger: mixer(0xaa803cc0) throttle end: throttle time(2)
06-28 14:41:39.490 12744 29259 D AudioTrack: stop() called with 171930 frames delivered
06-28 14:41:39.493  1603  2149 V MediaRouterService: restoreBluetoothA2dp(false)
06-28 14:41:39.502 29061 29103 D net.osmand: AbstractPrologCommandPlayer abandonAudioFocus
06-28 14:41:39.505  1603  3880 I MediaFocusControl: abandonAudioFocus() from uid/pid 10104/29061 clientId=android.media.AudioManager@e0b46a6net.osmand.plus.api.AudioFocusHelperImpl@df610d7
06-28 14:41:39.508 29061 29103 D net.osmand: TTSCommandPlayerImpl ttsRequests=0
06-28 14:41:40.417  1393  3231 W audio_hw_generic: Not supplying enough data to HAL, expected position 169232144 , only wrote 169230960
06-28 14:41:40.421  1393  3231 W audio_hw_generic: Not supplying enough data to HAL, expected position 169231159 , only wrote 169230960
06-28 14:41:40.439  1393  3231 W audio_hw_generic: Not supplying enough data to HAL, expected position 169231832 , only wrote 169231680
06-28 14:41:40.621  1393  3231 W audio_hw_generic: Not supplying enough data to HAL, expected position 169240395 , only wrote 169240320
06-28 14:41:41.673  1393  3231 W audio_hw_generic: Not supplying enough data to HAL, expected position 169290839 , only wrote 169290720
06-28 14:41:41.677 29061 29071 I zygote  : Background concurrent copying GC freed 276402(6MB) AllocSpace objects, 0(0B) LOS objects, 15% free, 33MB/39MB, paused 19.363ms total 488.408ms
06-28 14:41:41.857  1393  3231 W audio_hw_generic: Not supplying enough data to HAL, expected position 169299553 , only wrote 169299360
06-28 14:41:41.886  1393  3231 W audio_hw_generic: Not supplying enough data to HAL, expected position 169300721 , only wrote 169299360
06-28 14:41:42.502  1393  1575 W audio_hw_generic: Not supplying enough data to HAL, expected position 169357971 , only wrote 169328880
06-28 14:41:43.729 29061 29071 I zygote  : Background concurrent copying GC freed 313375(6MB) AllocSpace objects, 0(0B) LOS objects, 15% free, 32MB/38MB, paused 2.097ms total 330.168ms
06-28 14:41:46.551 29061 29071 I zygote  : Background concurrent copying GC freed 273074(6MB) AllocSpace objects, 0(0B) LOS objects, 15% free, 33MB/39MB, paused 1.662ms total 362.159ms
06-28 14:41:48.637  1603  1612 I zygote  : Background concurrent copying GC freed 87943(5MB) AllocSpace objects, 9(480KB) LOS objects, 18% free, 27MB/33MB, paused 1.233ms total 558.898ms
06-28 14:41:49.555 29061 29071 I zygote  : Background concurrent copying GC freed 310088(6MB) AllocSpace objects, 0(0B) LOS objects, 15% free, 33MB/39MB, paused 1.704ms total 345.543ms
06-28 14:41:49.886 19546 19546 I GeofencerStateMachine: sendNewTransitions called.
06-28 14:41:51.561  1409  1409 I boot-pipe: done populating /dev/random
06-28 14:41:51.567 29061 29071 I zygote  : Background concurrent copying GC freed 299838(6MB) AllocSpace objects, 0(0B) LOS objects, 15% free, 32MB/38MB, paused 1.540ms total 289.698ms
06-28 14:41:54.584 29061 29071 I zygote  : Background concurrent copying GC freed 272094(6MB) AllocSpace objects, 0(0B) LOS objects, 15% free, 33MB/39MB, paused 1.297ms total 383.949ms
06-28 14:41:56.558 29061 29071 I zygote  : Background concurrent copying GC freed 316603(7MB) AllocSpace objects, 0(0B) LOS objects, 15% free, 32MB/38MB, paused 2.146ms total 291.857ms
06-28 14:41:57.412  1603  3880 I WifiService: acquireWifiLock uid=10014 lockMode=2
06-28 14:41:57.418  1603  1616 E memtrack: Couldn't load memtrack module
06-28 14:41:57.418  1603  1616 W android.os.Debug: failed to get memory consumption info: -1
06-28 14:41:59.604 29061 29071 I zygote  : Background concurrent copying GC freed 290855(6MB) AllocSpace objects, 0(0B) LOS objects, 15% free, 32MB/38MB, paused 2.307ms total 336.557ms
06-28 14:42:00.463  1603  6820 D WificondControl: Scan result ready event
06-28 14:42:00.516  1603  6820 I WifiService: releaseWifiLock uid=10014
06-28 14:42:02.766 29061 29071 I zygote  : Background concurrent copying GC freed 284278(6MB) AllocSpace objects, 0(0B) LOS objects, 14% free, 34MB/40MB, paused 1.559ms total 479.635ms
06-28 14:42:05.361 29061 29071 I zygote  : Background concurrent copying GC freed 340994(7MB) AllocSpace objects, 0(0B) LOS objects, 15% free, 33MB/39MB, paused 4.628ms total 344.668ms
06-28 14:42:08.566 29061 29071 I zygote  : Background concurrent copying GC freed 326238(7MB) AllocSpace objects, 0(0B) LOS objects, 15% free, 33MB/39MB, paused 2.416ms total 332.526ms
06-28 14:42:10.605 29061 29071 I zygote  : Background concurrent copying GC freed 297135(6MB) AllocSpace objects, 0(0B) LOS objects, 15% free, 32MB/38MB, paused 1.151ms total 285.979ms
06-28 14:42:13.579 29061 29071 I zygote  : Background concurrent copying GC freed 276872(6MB) AllocSpace objects, 0(0B) LOS objects, 15% free, 32MB/38MB, paused 2.952ms total 317.977ms
06-28 14:42:16.576 29061 29071 I zygote  : Background concurrent copying GC freed 286849(6MB) AllocSpace objects, 0(0B) LOS objects, 15% free, 33MB/39MB, paused 2.145ms total 356.532ms
06-28 14:42:17.426  1603  2079 I WifiService: acquireWifiLock uid=10014 lockMode=2
06-28 14:42:17.575  1603  7712 I WifiService: releaseWifiLock uid=10014
06-28 14:42:18.481  1603  1612 I zygote  : Background concurrent copying GC freed 94381(6MB) AllocSpace objects, 3(60KB) LOS objects, 18% free, 27MB/33MB, paused 2.835ms total 439.720ms
06-28 14:42:19.127 29061 29071 I zygote  : Background concurrent copying GC freed 313652(6MB) AllocSpace objects, 0(0B) LOS objects, 15% free, 32MB/38MB, paused 1.179ms total 299.170ms
06-28 14:42:19.979 19546 19546 I GeofencerStateMachine: sendNewTransitions called.
06-28 14:42:21.598 29061 29071 I zygote  : Background concurrent copying GC freed 278204(6MB) AllocSpace objects, 0(0B) LOS objects, 15% free, 33MB/39MB, paused 1.131ms total 339.603ms
06-28 14:42:24.087 29061 29071 I zygote  : Background concurrent copying GC freed 314359(6MB) AllocSpace objects, 0(0B) LOS objects, 15% free, 32MB/38MB, paused 1.849ms total 295.478ms
06-28 14:42:26.531 29061 29071 I zygote  : Background concurrent copying GC freed 290744(6MB) AllocSpace objects, 0(0B) LOS objects, 15% free, 33MB/39MB, paused 6.428ms total 348.159ms
06-28 14:42:28.991 29061 29071 I zygote  : Background concurrent copying GC freed 295702(6MB) AllocSpace objects, 0(0B) LOS objects, 15% free, 33MB/39MB, paused 2.552ms total 352.498ms
06-28 14:42:31.514 29061 29071 I zygote  : Background concurrent copying GC freed 300394(6MB) AllocSpace objects, 0(0B) LOS objects, 15% free, 33MB/39MB, paused 1.055ms total 350.798ms
06-28 14:42:32.270  1402  1417 D hwcomposer: hw_composer sent 282 syncs in 60s
06-28 14:42:34.510 29111 29127 I Finsky  : [1119] imb.run(3): Stats for Executor: BlockingExecutor ink@477781[Running, pool size = 0, active threads = 0, queued tasks = 0, completed tasks = 22]
06-28 14:42:34.510 29111 29127 I Finsky  : [1119] imb.run(3): Stats for Executor: LightweightExecutor ink@39d6026[Running, pool size = 2, active threads = 0, queued tasks = 0, completed tasks = 80]
06-28 14:42:34.511 29111 29127 I Finsky  : [1119] imb.run(3): Stats for Executor: bgExecutor ink@b1b467[Running, pool size = 4, active threads = 0, queued tasks = 0, completed tasks = 61]
06-28 14:42:34.566 29061 29071 I zygote  : Background concurrent copying GC freed 319155(7MB) AllocSpace objects, 0(0B) LOS objects, 15% free, 33MB/39MB, paused 1.263ms total 340.687ms
06-28 14:42:36.542 29061 29071 I zygote  : Background concurrent copying GC freed 302495(6MB) AllocSpace objects, 0(0B) LOS objects, 15% free, 32MB/38MB, paused 1.088ms total 244.577ms
06-28 14:42:37.597  1603  7712 I WifiService: getConnectionInfo uid=10014
06-28 14:42:37.605 19546  2159 E WakeLock: GCM_HB_ALARM release without a matched acquire!
06-28 14:42:37.607  1603  1620 I WifiService: requestActivityInfo uid=1000
06-28 14:42:37.607  1603  1620 I WifiService: reportActivityInfo uid=1000
06-28 14:42:37.608  1603  1620 I WifiService: getSupportedFeatures uid=1000
06-28 14:42:37.733 19546 19559 I GeofencerStateMachine: addGeofences called by com.google.android.apps.maps
06-28 14:42:37.794  1603  3880 I GnssLocationProvider: WakeLock acquired by sendMessage(SET_REQUEST, 0, com.android.server.location.GnssLocationProvider$GpsRequest@bc87b)
06-28 14:42:37.795  1603  1616 I GnssLocationProvider: WakeLock released by handleMessage(SET_REQUEST, 0, com.android.server.location.GnssLocationProvider$GpsRequest@bc87b)
06-28 14:42:37.828  1603  3880 I WifiService: getWifiEnabledState uid=10062
06-28 14:42:37.866  1603  2079 I GnssLocationProvider: WakeLock acquired by sendMessage(SET_REQUEST, 0, com.android.server.location.GnssLocationProvider$GpsRequest@3214ef1)
06-28 14:42:37.867  1603  1616 I GnssLocationProvider: WakeLock released by handleMessage(SET_REQUEST, 0, com.android.server.location.GnssLocationProvider$GpsRequest@3214ef1)
06-28 14:42:37.989 19546 19556 I zygote  : Background concurrent copying GC freed 141481(5MB) AllocSpace objects, 7(640KB) LOS objects, 35% free, 11MB/17MB, paused 1.929ms total 244.965ms
06-28 14:42:37.997 19546 19546 I GeofencerStateMachine: sendNewLocationAvailability: availability=LocationAvailability[isLocationAvailable: true]
06-28 14:42:38.016 19546 19546 I GeofencerStateMachine: sendNewLocationAvailability: availability=LocationAvailability[isLocationAvailable: true]
06-28 14:42:38.053  1603  2079 I WifiService: getConnectionInfo uid=10014
06-28 14:42:38.338 19546 19603 W ResourceType: ResTable_typeSpec entry count inconsistent: given 15, previously 22
06-28 14:42:38.578  1603  2079 I WifiService: acquireWifiLock uid=10014 lockMode=2
06-28 14:42:38.597  3895  3947 I PlayCommon: [1238] adnc.d(23): Preparing logs for uploading
06-28 14:42:38.603  3895  3947 W PlayCommon: [1238] adnc.a(1): No account for auth token provided
06-28 14:42:38.610  3895  3947 I PlayCommon: [1238] adnc.d(125): Connecting to server: https://play.googleapis.com/play/log?format=raw&proto_v2=true
06-28 14:42:39.527 29061 29071 I zygote  : Background concurrent copying GC freed 270904(6MB) AllocSpace objects, 0(0B) LOS objects, 15% free, 33MB/39MB, paused 2.771ms total 310.974ms
06-28 14:42:41.534  1603  6820 D WificondControl: Scan result ready event
06-28 14:42:41.585 29061 29071 I zygote  : Background concurrent copying GC freed 313220(6MB) AllocSpace objects, 0(0B) LOS objects, 15% free, 32MB/38MB, paused 3.562ms total 288.617ms
06-28 14:42:41.590  1603  6820 I WifiService: releaseWifiLock uid=10014
06-28 14:42:41.839  3895  3947 I PlayCommon: [1238] adnc.d(173): Successfully uploaded logs.
06-28 14:42:44.580 29061 29071 I zygote  : Background concurrent copying GC freed 274879(6MB) AllocSpace objects, 0(0B) LOS objects, 15% free, 32MB/38MB, paused 2.667ms total 296.869ms
06-28 14:42:47.634  1603  1616 E memtrack: Couldn't load memtrack module
06-28 14:42:47.634  1603  1616 W android.os.Debug: failed to get memory consumption info: -1
06-28 14:42:47.792 29061 29071 I zygote  : Background concurrent copying GC freed 291784(6MB) AllocSpace objects, 0(0B) LOS objects, 14% free, 35MB/41MB, paused 1.354ms total 564.374ms
06-28 14:42:48.585  1603  1612 I zygote  : Background concurrent copying GC freed 97599(6MB) AllocSpace objects, 3(60KB) LOS objects, 18% free, 27MB/33MB, paused 4.862ms total 474.290ms
06-28 14:42:50.059 19546 19546 I GeofencerStateMachine: sendNewTransitions called.
06-28 14:42:50.535 29061 29071 I zygote  : Background concurrent copying GC freed 377804(8MB) AllocSpace objects, 0(0B) LOS objects, 14% free, 34MB/40MB, paused 1.798ms total 380.018ms
06-28 14:42:51.564  1409  1409 I boot-pipe: done populating /dev/random
06-28 14:42:53.553 29061 29071 I zygote  : Background concurrent copying GC freed 326493(7MB) AllocSpace objects, 0(0B) LOS objects, 15% free, 33MB/39MB, paused 1.249ms total 309.073ms
06-28 14:42:55.615 29061 29071 I zygote  : Background concurrent copying GC freed 304270(6MB) AllocSpace objects, 0(0B) LOS objects, 15% free, 32MB/38MB, paused 3.190ms total 288.445ms
06-28 14:42:58.587 29061 29071 I zygote  : Background concurrent copying GC freed 275078(6MB) AllocSpace objects, 0(0B) LOS objects, 15% free, 32MB/38MB, paused 2.855ms total 296.232ms
06-28 14:42:59.606  1603  6820 I WifiService: acquireWifiLock uid=10014 lockMode=2
06-28 14:42:59.683  1603  2079 I WifiService: releaseWifiLock uid=10014
06-28 14:43:01.766 29061 29071 I zygote  : Background concurrent copying GC freed 285847(6MB) AllocSpace objects, 0(0B) LOS objects, 15% free, 33MB/39MB, paused 1.221ms total 433.548ms
06-28 14:43:03.543  1603  1620 E BatteryExternalStatsWorker: modem info is invalid: ModemActivityInfo{ mTimestamp=0 mSleepTimeMs=0 mIdleTimeMs=0 mTxTimeMs[]=[0, 0, 0, 0, 0] mRxTimeMs=0 mEnergyUsed=0}
06-28 14:43:04.625 29061 29071 I zygote  : Background concurrent copying GC freed 317623(7MB) AllocSpace objects, 0(0B) LOS objects, 15% free, 33MB/39MB, paused 2.013ms total 390.881ms
06-28 14:43:06.675 29061 29071 I zygote  : Background concurrent copying GC freed 323655(7MB) AllocSpace objects, 0(0B) LOS objects, 15% free, 32MB/38MB, paused 4.949ms total 307.573ms
06-28 14:43:09.718 29061 29071 I zygote  : Background concurrent copying GC freed 281487(6MB) AllocSpace objects, 0(0B) LOS objects, 14% free, 34MB/40MB, paused 2.095ms total 473.910ms
06-28 14:43:12.558 29061 29071 I zygote  : Background concurrent copying GC freed 373480(8MB) AllocSpace objects, 0(0B) LOS objects, 15% free, 33MB/39MB, paused 2.703ms total 412.733ms
06-28 14:43:14.015  1603  1620 I WifiService: requestActivityInfo uid=1000
06-28 14:43:14.015  1603  1620 I WifiService: reportActivityInfo uid=1000
06-28 14:43:14.015  1603  1620 I WifiService: getSupportedFeatures uid=1000
06-28 14:43:15.582 29061 29071 I zygote  : Background concurrent copying GC freed 328991(7MB) AllocSpace objects, 0(0B) LOS objects, 15% free, 33MB/39MB, paused 1.438ms total 318.167ms
06-28 14:43:17.605 29061 29071 I zygote  : Background concurrent copying GC freed 298179(6MB) AllocSpace objects, 0(0B) LOS objects, 15% free, 33MB/39MB, paused 1.170ms total 319.096ms
06-28 14:43:18.621  1603  1612 I zygote  : Background concurrent copying GC freed 95284(6MB) AllocSpace objects, 3(60KB) LOS objects, 17% free, 27MB/33MB, paused 2.140ms total 626.895ms
06-28 14:43:19.622  1603  3880 I WifiService: acquireWifiLock uid=10014 lockMode=2
06-28 14:43:19.633  1603  1616 E memtrack: Couldn't load memtrack module
06-28 14:43:19.634  1603  1616 W android.os.Debug: failed to get memory consumption info: -1
06-28 14:43:19.720  1603  1616 E memtrack: Couldn't load memtrack module
06-28 14:43:19.720  1603  1616 W android.os.Debug: failed to get memory consumption info: -1
06-28 14:43:19.802  1603  1616 E memtrack: Couldn't load memtrack module
06-28 14:43:19.802  1603  1616 W android.os.Debug: failed to get memory consumption info: -1
06-28 14:43:19.861  1603  1616 E memtrack: Couldn't load memtrack module
06-28 14:43:19.861  1603  1616 W android.os.Debug: failed to get memory consumption info: -1
06-28 14:43:19.928  1603  1616 E memtrack: Couldn't load memtrack module
06-28 14:43:19.928  1603  1616 W android.os.Debug: failed to get memory consumption info: -1
06-28 14:43:20.504 29061 29071 I zygote  : Background concurrent copying GC freed 299769(6MB) AllocSpace objects, 0(0B) LOS objects, 14% free, 34MB/40MB, paused 4.021ms total 412.933ms
06-28 14:43:21.074 19546 19546 I GeofencerStateMachine: sendNewTransitions called.
06-28 14:43:21.143 19546 19546 I GeofencerStateMachine: sendNewTransitions called.
06-28 14:43:21.171 19546 19546 I GeofencerStateMachine: sendNewLocationAvailability: availability=LocationAvailability[isLocationAvailable: true]
06-28 14:43:21.361 19546 19546 I chatty  : uid=10014 com.google.android.gms.persistent identical 1 line
06-28 14:43:21.368 19546 19546 I GeofencerStateMachine: sendNewLocationAvailability: availability=LocationAvailability[isLocationAvailable: true]
06-28 14:43:22.624  1603  2079 D WificondControl: Scan result ready event
06-28 14:43:22.682  1603  2079 I WifiService: releaseWifiLock uid=10014
06-28 14:43:22.785 29061 29071 I zygote  : Background concurrent copying GC freed 344365(7MB) AllocSpace objects, 0(0B) LOS objects, 15% free, 32MB/38MB, paused 1.801ms total 317.970ms
06-28 14:43:25.371 29061 29071 I zygote  : Background concurrent copying GC freed 280402(6MB) AllocSpace objects, 0(0B) LOS objects, 14% free, 34MB/40MB, paused 2.015ms total 396.327ms
06-28 14:43:27.833 29061 29071 I zygote  : Background concurrent copying GC freed 346191(7MB) AllocSpace objects, 0(0B) LOS objects, 15% free, 32MB/38MB, paused 4.265ms total 305.529ms
06-28 14:43:30.574 29061 29071 I zygote  : Background concurrent copying GC freed 273566(6MB) AllocSpace objects, 0(0B) LOS objects, 15% free, 33MB/39MB, paused 1.840ms total 330.407ms
06-28 14:43:32.310  1402  1417 D hwcomposer: hw_composer sent 300 syncs in 60s
06-28 14:43:33.637 29061 29071 I zygote  : Background concurrent copying GC freed 315408(6MB) AllocSpace objects, 0(0B) LOS objects, 15% free, 33MB/39MB, paused 3.775ms total 382.542ms
06-28 14:43:35.181  1603  1620 I WifiService: requestActivityInfo uid=1000
06-28 14:43:35.182  1603  1620 I WifiService: reportActivityInfo uid=1000
06-28 14:43:35.184  1603  1620 I WifiService: getSupportedFeatures uid=1000
06-28 14:43:35.575 29061 29071 I zygote  : Background concurrent copying GC freed 301520(6MB) AllocSpace objects, 0(0B) LOS objects, 15% free, 32MB/38MB, paused 1.895ms total 243.278ms
