07-01 13:48:20.833  8767  8767 I net.osmand: RoutingHelper Recalculate route, because wrong movement direction: 186070.33
07-01 13:48:21.189  8767  8767 I net.osmand: RoutingHelper Recalculate route, because correlation  : 186070.33175635283
07-01 13:48:21.189  8767  8767 I net.osmand: RoutingHelper Recalculate route, because wrong movement direction: 186070.33
07-01 13:48:21.335  8767  8767 I net.osmand: RoutingHelper Recalculate route, because correlation  : 186070.33175635283
07-01 13:48:21.479  8767  8767 I chatty  : uid=10104(net.osmand) identical 1 line
07-01 13:48:21.625  8767  8767 I net.osmand: RoutingHelper Recalculate route, because correlation  : 186070.33175635283
07-01 13:48:21.625  8767  8767 I net.osmand: RoutingHelper Recalculate route, because wrong movement direction: 186070.33
07-01 13:48:22.138  8767  8777 I zygote  : Background concurrent copying GC freed 877369(19MB) AllocSpace objects, 0(0B) LOS objects, 8% free, 61MB/67MB, paused 1.581ms total 2.529s
07-01 13:48:22.270  8767  8767 I net.osmand: RoutingHelper Recalculate route, because correlation  : 186070.33175635283
07-01 13:48:22.349  8767  8767 I net.osmand: RoutingHelper Recalculate route, because correlation  : 186070.33175635283
07-01 13:48:22.349  8767  8767 I net.osmand: RoutingHelper Recalculate route, because wrong movement direction: 186070.33
07-01 13:48:22.350  1604  3925 I ActivityManager: Killing 16141:com.android.chrome:sandboxed_process0/u0a85i11 (adj 904): empty for 1970s
07-01 13:48:22.363 16044 16135 W cr_ChildProcessConn: onServiceDisconnected (crash or killed by oom): pid=0
07-01 13:48:22.363  1604  1620 W zygote  : Failed to open process cgroup uid 99011 pid 16141: No such file or directory
07-01 13:48:22.363  1604  1620 E zygote  : Error encountered killing process cgroup uid 99011 pid 16141: No such file or directory
07-01 13:48:22.368  1604  3574 W ActivityManager: Scheduling restart of crashed service com.mapswithme.maps.pro/org.chromium.content.app.SandboxedProcessService0 in 1000ms
07-01 13:48:22.372  1604  1621 E KernelCpuSpeedReader: Failed to read cpu-freq: /sys/devices/system/cpu/cpu0/cpufreq/stats/time_in_state (No such file or directory)
07-01 13:48:22.385  1604  1621 D KernelUidCpuTimeReader: Removing uids 99011-99011
07-01 13:48:22.615  8767  8767 I net.osmand: RoutingHelper Recalculate route, because correlation  : 186070.33175635283
07-01 13:48:22.681  8767  8767 I net.osmand: RoutingHelper Recalculate route, because correlation  : 186070.33175635283
07-01 13:48:22.683  8767  8767 I net.osmand: RoutingHelper Recalculate route, because wrong movement direction: 186070.33
07-01 13:48:22.726  8767  8767 I net.osmand: RoutingHelper Recalculate route, because correlation  : 186070.33175635283
07-01 13:48:22.765  8767  8767 I net.osmand: RoutingHelper Recalculate route, because correlation  : 186070.33175635283
07-01 13:48:22.765  8767  8767 I net.osmand: RoutingHelper Recalculate route, because wrong movement direction: 186070.33
07-01 13:48:22.808  1604  1617 E memtrack: Couldn't load memtrack module
07-01 13:48:22.817  1604  1617 W android.os.Debug: failed to get memory consumption info: -1
07-01 13:48:22.834  8767  8767 I net.osmand: RoutingHelper Recalculate route, because correlation  : 186070.33175635283
07-01 13:48:22.834  8767  8767 I net.osmand: RoutingHelper Recalculate route, because wrong movement direction: 186070.33
07-01 13:48:22.839  8767  8767 I net.osmand: RoutingHelper Recalculate route, because correlation  : 186070.33175635283
07-01 13:48:23.539  8767  8767 I net.osmand: RoutingHelper Recalculate route, because correlation  : 186070.33175635283
07-01 13:48:23.539  8767  8767 I net.osmand: RoutingHelper Recalculate route, because wrong movement direction: 186070.33
07-01 13:48:23.675  8767  8767 I net.osmand: RoutingHelper Recalculate route, because correlation  : 186070.33175635283
07-01 13:48:23.677  1604  1621 I WifiService: requestActivityInfo uid=1000
07-01 13:48:23.677  1604  1621 I WifiService: reportActivityInfo uid=1000
07-01 13:48:23.677  1604  1621 I WifiService: getSupportedFeatures uid=1000
07-01 13:48:24.339  8767  8767 I net.osmand: RoutingHelper Recalculate route, because correlation  : 186070.33175635283
07-01 13:48:24.339  8767  8767 I net.osmand: RoutingHelper Recalculate route, because wrong movement direction: 186070.33
07-01 13:48:24.384  8767  8767 I net.osmand: RoutingHelper Recalculate route, because correlation  : 186070.33175635283
07-01 13:48:24.384  8767  8767 I net.osmand: RoutingHelper Recalculate route, because wrong movement direction: 186070.33
07-01 13:48:24.402  8767  8767 I net.osmand: RoutingHelper Recalculate route, because correlation  : 186070.33175635283
07-01 13:48:24.403  8767  8767 I net.osmand: RoutingHelper Recalculate route, because wrong movement direction: 186070.33
07-01 13:48:24.459  8767  8767 I net.osmand: RoutingHelper Recalculate route, because correlation  : 186070.33175635283
07-01 13:48:24.460  8767  8767 I net.osmand: RoutingHelper Recalculate route, because wrong movement direction: 186070.33
07-01 13:48:24.468  8767  8767 I net.osmand: RoutingHelper Recalculate route, because correlation  : 186070.33175635283
07-01 13:48:24.489  8767  8767 I chatty  : uid=10104(net.osmand) identical 2 lines
07-01 13:48:24.496  8767  8767 I net.osmand: RoutingHelper Recalculate route, because correlation  : 186070.33175635283
07-01 13:48:24.496  8767  8767 I net.osmand: RoutingHelper Recalculate route, because wrong movement direction: 186070.33
07-01 13:48:24.713  1604  3925 I WifiService: acquireWifiLock uid=10014 lockMode=2
07-01 13:48:24.971  8767  8777 I zygote  : Background concurrent copying GC freed 1206354(26MB) AllocSpace objects, 0(0B) LOS objects, 9% free, 59MB/65MB, paused 1.700ms total 2.266s
07-01 13:48:25.473  8767  8767 I net.osmand: RoutingHelper Recalculate route, because correlation  : 186070.33175635283
07-01 13:48:25.481  8767  8767 I net.osmand: RoutingHelper Recalculate route, because correlation  : 186070.33175635283
07-01 13:48:25.482  8767  8767 I net.osmand: RoutingHelper Recalculate route, because wrong movement direction: 186070.33
07-01 13:48:25.836  8767  8767 I net.osmand: RoutingHelper Recalculate route, because correlation  : 186070.33175635283
07-01 13:48:26.017  8767  8767 I net.osmand: RoutingHelper Recalculate route, because correlation  : 186070.33175635283
07-01 13:48:26.017  8767  8767 I net.osmand: RoutingHelper Recalculate route, because wrong movement direction: 186070.33
07-01 13:48:26.295  8767  8767 I net.osmand: RoutingHelper Recalculate route, because correlation  : 186070.33175635283
07-01 13:48:26.295  8767  8767 I net.osmand: RoutingHelper Recalculate route, because wrong movement direction: 186070.33
07-01 13:48:26.360  8767  8767 I net.osmand: RoutingHelper Recalculate route, because correlation  : 186070.33175635283
07-01 13:48:26.360  8767  8767 I net.osmand: RoutingHelper Recalculate route, because wrong movement direction: 186070.33
07-01 13:48:26.461  8767  8767 I net.osmand: RoutingHelper Recalculate route, because correlation  : 186070.33175635283
07-01 13:48:26.477  8767  8767 I net.osmand: RoutingHelper Recalculate route, because correlation  : 186070.33175635283
07-01 13:48:26.477  8767  8767 I net.osmand: RoutingHelper Recalculate route, because wrong movement direction: 186070.33
07-01 13:48:26.496  8767  8767 I net.osmand: RoutingHelper Recalculate route, because correlation  : 186070.33175635283
07-01 13:48:26.504  8767  8767 I chatty  : uid=10104(net.osmand) identical 1 line
07-01 13:48:26.506  8767  8767 I net.osmand: RoutingHelper Recalculate route, because correlation  : 186070.33175635283
07-01 13:48:26.507  8767  8767 I net.osmand: RoutingHelper Recalculate route, because wrong movement direction: 186070.33
07-01 13:48:26.510  8767  8767 I net.osmand: RoutingHelper Recalculate route, because correlation  : 186070.33175635283
07-01 13:48:27.180  8767  8777 I zygote  : Background concurrent copying GC freed 1121978(24MB) AllocSpace objects, 0(0B) LOS objects, 10% free, 49MB/55MB, paused 24.390ms total 1.238s
07-01 13:48:27.375  8767  8767 I net.osmand: RoutingHelper Recalculate route, because correlation  : 186070.33175635283
07-01 13:48:27.375  8767  8767 I net.osmand: RoutingHelper Recalculate route, because wrong movement direction: 186070.33
07-01 13:48:27.603  8767  8767 I net.osmand: RoutingHelper Recalculate route, because correlation  : 186070.33175635283
07-01 13:48:27.643  8767  8767 I net.osmand: RoutingHelper Recalculate route, because correlation  : 186070.33175635283
07-01 13:48:27.643  8767  8767 I net.osmand: RoutingHelper Recalculate route, because wrong movement direction: 186070.33
07-01 13:48:27.699  8767  8767 I net.osmand: RoutingHelper Recalculate route, because correlation  : 186070.33175635283
07-01 13:48:27.754  1604  4621 I ActivityManager: Killing 16044:com.mapswithme.maps.pro/u0a85 (adj 906): empty for 1975s
07-01 13:48:27.757  1604  1620 W zygote  : kill(-16044, 9) failed: No such process
07-01 13:48:27.757  1604  1617 E memtrack: Couldn't load memtrack module
07-01 13:48:27.757  1604  1617 W android.os.Debug: failed to get memory consumption info: -1
07-01 13:48:27.788  1604  2501 D WificondControl: Scan result ready event
07-01 13:48:27.804  1604  1620 W zygote  : kill(-16044, 9) failed: No such process
07-01 13:48:27.973  1604  6773 D ConnectivityService: ConnectivityService NetworkRequestInfo binderDied(NetworkRequest [ LISTEN id=48, [ Capabilities: INTERNET&NOT_RESTRICTED&TRUSTED&FOREGROUND] ], android.os.BinderProxy@a4c8ca8)
07-01 13:48:27.972  1604  1620 I chatty  : uid=1000(system) ActivityManager identical 3 lines
07-01 13:48:28.014  1604  1620 W zygote  : kill(-16044, 9) failed: No such process
07-01 13:48:28.014  1604  1620 I zygote  : Successfully killed process cgroup uid 10085 pid 16044 in 257ms
07-01 13:48:28.200  1604  6773 I WifiService: releaseWifiLock uid=10014
07-01 13:48:28.451  8767  8767 I net.osmand: RoutingHelper Recalculate route, because correlation  : 186070.33175635283
07-01 13:48:28.451  8767  8767 I net.osmand: RoutingHelper Recalculate route, because wrong movement direction: 186070.33
07-01 13:48:28.766  8767  8767 I net.osmand: RoutingHelper Recalculate route, because correlation  : 186070.33175635283
07-01 13:48:28.766  8767  8767 I net.osmand: RoutingHelper Recalculate route, because wrong movement direction: 186070.33
07-01 13:48:28.795  8767  8767 I net.osmand: RoutingHelper Recalculate route, because correlation  : 186070.33175635283
07-01 13:48:28.797  8767  8767 I net.osmand: RoutingHelper Recalculate route, because correlation  : 186070.33175635283
07-01 13:48:28.797  8767  8767 I net.osmand: RoutingHelper Recalculate route, because wrong movement direction: 186070.33
07-01 13:48:28.803  8767  8767 I net.osmand: RoutingHelper Recalculate route, because correlation  : 186070.33175635283
07-01 13:48:29.274  8767  8777 I zygote  : Background concurrent copying GC freed 665542(14MB) AllocSpace objects, 0(0B) LOS objects, 9% free, 55MB/61MB, paused 7.954ms total 1.666s
07-01 13:48:29.753  8767  8767 I net.osmand: RoutingHelper Recalculate route, because correlation  : 186070.33175635283
07-01 13:48:29.753  8767  8767 I net.osmand: RoutingHelper Recalculate route, because wrong movement direction: 186070.33
07-01 13:48:30.155  8767  8767 I net.osmand: RoutingHelper Recalculate route, because correlation  : 186070.33175635283
07-01 13:48:30.159  8767  8767 I chatty  : uid=10104(net.osmand) identical 1 line
07-01 13:48:30.162  8767  8767 I net.osmand: RoutingHelper Recalculate route, because correlation  : 186070.33175635283
07-01 13:48:30.163  8767  8767 I net.osmand: RoutingHelper Recalculate route, because wrong movement direction: 186070.33
07-01 13:48:30.169  8767  8767 I net.osmand: RoutingHelper Recalculate route, because correlation  : 186070.33175635283
07-01 13:48:30.169  8767  8767 I net.osmand: RoutingHelper Recalculate route, because wrong movement direction: 186070.33
07-01 13:48:30.170  8767  8767 I net.osmand: RoutingHelper Recalculate route, because correlation  : 186070.33175635283
07-01 13:48:30.178  8767  8767 I net.osmand: RoutingHelper Recalculate route, because correlation  : 186070.33175635283
07-01 13:48:30.178  8767  8767 I net.osmand: RoutingHelper Recalculate route, because wrong movement direction: 186070.33
07-01 13:48:30.186  8767  8767 I net.osmand: RoutingHelper Recalculate route, because correlation  : 186070.33175635283
07-01 13:48:30.329  8767  8767 I net.osmand: RoutingHelper Recalculate route, because correlation  : 186070.33175635283
07-01 13:48:30.329  8767  8767 I net.osmand: RoutingHelper Recalculate route, because wrong movement direction: 186070.33
07-01 13:48:30.457  8767  8767 I net.osmand: RoutingHelper Recalculate route, because correlation  : 186070.33175635283
07-01 13:48:30.553  1970  1970 I GeofencerStateMachine: sendNewTransitions called.
07-01 13:48:30.563  8767  8767 I net.osmand: RoutingHelper Recalculate route, because correlation  : 186070.33175635283
07-01 13:48:30.564  8767  8767 I net.osmand: RoutingHelper Recalculate route, because wrong movement direction: 186070.33
07-01 13:48:30.705  8767  8767 I net.osmand: RoutingHelper Recalculate route, because correlation  : 186070.33175635283
07-01 13:48:31.138  8767  8777 I zygote  : Background concurrent copying GC freed 909848(20MB) AllocSpace objects, 0(0B) LOS objects, 10% free, 49MB/55MB, paused 19.533ms total 1.123s
07-01 13:48:31.526  8767  8767 I net.osmand: RoutingHelper Recalculate route, because correlation  : 186070.33175635283
07-01 13:48:31.527  8767  8767 I net.osmand: RoutingHelper Recalculate route, because wrong movement direction: 186070.33
07-01 13:48:31.733  8767  8767 I net.osmand: RoutingHelper Recalculate route, because correlation  : 186070.33175635283
07-01 13:48:31.979  8767  8767 I net.osmand: RoutingHelper Recalculate route, because correlation  : 186070.33175635283
07-01 13:48:31.979  8767  8767 I net.osmand: RoutingHelper Recalculate route, because wrong movement direction: 186070.33
07-01 13:48:31.982  8767  8767 I net.osmand: RoutingHelper Recalculate route, because correlation  : 186070.33175635283
07-01 13:48:32.117  8767  8767 I net.osmand: RoutingHelper Recalculate route, because correlation  : 186070.33175635283
07-01 13:48:32.117  8767  8767 I net.osmand: RoutingHelper Recalculate route, because wrong movement direction: 186070.33
07-01 13:48:32.139  8767  8767 I net.osmand: RoutingHelper Recalculate route, because correlation  : 186070.33175635283
07-01 13:48:32.139  8767  8767 I net.osmand: RoutingHelper Recalculate route, because wrong movement direction: 186070.33
07-01 13:48:32.204  8767  8767 I net.osmand: RoutingHelper Recalculate route, because correlation  : 186070.33175635283
07-01 13:48:32.228  8767  8767 I net.osmand: RoutingHelper Recalculate route, because correlation  : 186070.33175635283
07-01 13:48:32.238  8767  8767 I net.osmand: RoutingHelper Recalculate route, because correlation  : 5077.38643885662
07-01 13:48:32.238  8767  8767 I net.osmand: RoutingHelper Recalculate route, because wrong movement direction: 5077.386
07-01 13:48:32.246  8767  8767 I net.osmand: RoutingHelper Recalculate route, because correlation  : 5077.38643885662
07-01 13:48:32.565  8767  8795 I net.osmand: MapRenderRepositories RENDER MAP: update due to tile box
07-01 13:48:32.565  8767  8795 I net.osmand: MapRenderRepositories RENDER MAP: Interrupt rendering map
07-01 13:48:32.629  8767  8767 I net.osmand: RoutingHelper Recalculate route, because correlation  : 5077.38643885662
07-01 13:48:32.647  8767  8794 I net.osmand: MapRenderRepositories RENDER MAP: new request RotatedTileBox [lat=-7.250548333333334, lon=-35.93431333333333, rotate=0.0, density=2.625, zoom=17, mapDensity=3.9375, zoomAnimation=0.0, zoomFloatPart=0.0, cx=900, cy=1972, pixWidth=1800, pixHeight=2690]
07-01 13:48:32.658  8767  8767 I net.osmand: RoutingHelper Recalculate route, because correlation  : 5077.38643885662
07-01 13:48:32.658  8767  8767 I net.osmand: RoutingHelper Recalculate route, because wrong movement direction: 5077.386
07-01 13:48:32.831  8767  8794 I net.osmand:native: Route objects 65
07-01 13:48:32.831  8767  8794 I net.osmand:native: Ocean: no completed & incompleted coastlines 0
07-01 13:48:32.831  8767  8794 I net.osmand:native: Detailed coastlines = 0, basemap coastlines 0, ocean tile 0.000000. Detailed added 0, basemap processed 1, basemap added 0.
07-01 13:48:32.834  8767  8794 I net.osmand:native: Search : tree - read( 740), accept( 48), objs - visit( 2717), accept(96), in result(65) 
07-01 13:48:32.834  8767  8794 I net.osmand: MapRenderRepositories BLat=-7.252859759330749, TLat=-7.244851899147034, LLong=-35.936763763427734, RLong=-35.93185806274414, zoom=17
07-01 13:48:32.834  8767  8794 I net.osmand: MapRenderRepositories Native search: 186 ms 
07-01 13:48:32.835  8767  8794 W net.osmand: MapRenderRepositories Create new image ? 1800 != 1800 (w) 2690 != 2595 (h) 
07-01 13:48:32.854  8767  8794 I net.osmand:native: Creating SkBitmap in native w:1800 h:2690 s:7200 f:1!
07-01 13:48:32.854  8767  8794 I net.osmand:native: Row bytes for RGBA_8888 is 7200
07-01 13:48:32.854  8767  8794 I net.osmand:native: Locked 19368000 bytes at 0x69180000
07-01 13:48:32.854  8767  8794 I net.osmand:native: Initializing rendering
07-01 13:48:32.856  8767  8794 I net.osmand:native: Rendering image
07-01 13:48:33.077  8767  8794 I net.osmand: RenderingIcons Icon data length is 1744
07-01 13:48:33.128  8767  8794 I net.osmand:native: Native ok (rendering 2, text 71 ms) 
07-01 13:48:33.128  8767  8794 I net.osmand:native:  (1832 points, 290 points inside, 122 of 135 objects visible)
07-01 13:48:33.128  8767  8794 I net.osmand:native: End Rendering image
07-01 13:48:33.128  8767  8794 I net.osmand:native: Native ok (init 2, rendering 2) 
07-01 13:48:33.129  8767  8794 I net.osmand: MapRenderRepositories true
07-01 13:48:33.532  8767  8767 I net.osmand: RoutingHelper Recalculate route, because correlation  : 5077.38643885662
07-01 13:48:33.532  8767  8767 I net.osmand: RoutingHelper Recalculate route, because wrong movement direction: 5077.386
07-01 13:48:33.687  8767  8767 I net.osmand: RoutingHelper Recalculate route, because correlation  : 5077.38643885662
07-01 13:48:33.694  8767  8767 I net.osmand: RoutingHelper Recalculate route, because correlation  : 5077.38643885662
07-01 13:48:33.695  8767  8767 I net.osmand: RoutingHelper Recalculate route, because wrong movement direction: 5077.386
07-01 13:48:33.696  8767  8767 I net.osmand: RoutingHelper Recalculate route, because correlation  : 5077.38643885662
07-01 13:48:34.043  8767  8777 I zygote  : Background concurrent copying GC freed 654622(14MB) AllocSpace objects, 0(0B) LOS objects, 9% free, 60MB/66MB, paused 1.003ms total 1.784s
07-01 13:48:34.497  8767  8767 I net.osmand: RoutingHelper Recalculate route, because correlation  : 5077.38643885662
07-01 13:48:34.626  8767  8767 I net.osmand: RoutingHelper Recalculate route, because correlation  : 5077.38643885662
07-01 13:48:34.627  8767  8767 I net.osmand: RoutingHelper Recalculate route, because wrong movement direction: 5077.386
07-01 13:48:34.767  8767  8777 I zygote  : NativeAlloc concurrent copying GC freed 923124(21MB) AllocSpace objects, 0(0B) LOS objects, 12% free, 43MB/49MB, paused 957us total 637.673ms
07-01 13:48:35.049  8767  8767 I net.osmand: RoutingHelper Recalculate route, because correlation  : 5370.419182791633
07-01 13:48:35.124  8767  8767 I net.osmand: RoutingHelper Recalculate route, because correlation  : 5370.419182791633
07-01 13:48:35.124  8767  8767 I net.osmand: RoutingHelper Recalculate route, because wrong movement direction: 5370.419
07-01 13:48:35.300  8767  8795 I net.osmand: MapRenderRepositories RENDER MAP: update due to tile box
07-01 13:48:35.300  8767  8795 I net.osmand: MapRenderRepositories RENDER MAP: Interrupt rendering map
07-01 13:48:35.394  8767  8794 I net.osmand: MapRenderRepositories RENDER MAP: new request RotatedTileBox [lat=-7.251033333333334, lon=-35.93704833333334, rotate=0.0, density=2.625, zoom=17, mapDensity=3.9375, zoomAnimation=0.0, zoomFloatPart=0.0, cx=900, cy=1972, pixWidth=1800, pixHeight=2690]
07-01 13:48:35.488  8767  8794 I net.osmand:native: Route objects 41
07-01 13:48:35.488  8767  8794 I net.osmand:native: Ocean: no completed & incompleted coastlines 0
07-01 13:48:35.488  8767  8794 I net.osmand:native: Detailed coastlines = 0, basemap coastlines 0, ocean tile 0.000000. Detailed added 0, basemap processed 1, basemap added 0.
07-01 13:48:35.488  8767  8794 I net.osmand:native: Search : tree - read( 620), accept( 43), objs - visit( 2637), accept(72), in result(41) 
07-01 13:48:35.489  8767  8794 I net.osmand: MapRenderRepositories BLat=-7.253326964378357, TLat=-7.245342183113098, LLong=-35.93949890136719, RLong=-35.934593200683594, zoom=17
07-01 13:48:35.489  8767  8794 I net.osmand: MapRenderRepositories Native search: 95 ms 
07-01 13:48:35.514  8767  8794 I net.osmand:native: Creating SkBitmap in native w:1800 h:2690 s:7200 f:1!
07-01 13:48:35.515  8767  8794 I net.osmand:native: Row bytes for RGBA_8888 is 7200
07-01 13:48:35.515  8767  8794 I net.osmand:native: Locked 19368000 bytes at 0x7b500000
07-01 13:48:35.515  8767  8794 I net.osmand:native: Initializing rendering
07-01 13:48:35.516  8767  8794 I net.osmand:native: Rendering image
07-01 13:48:35.524  8767  8767 I net.osmand: RoutingHelper Recalculate route, because correlation  : 5370.419182791633
07-01 13:48:35.600  8767  8767 I net.osmand: RoutingHelper Recalculate route, because correlation  : 5370.419182791633
07-01 13:48:35.601  8767  8767 I net.osmand: RoutingHelper Recalculate route, because wrong movement direction: 5370.419
07-01 13:48:35.690  8767  8794 I net.osmand:native: Native ok (rendering 1, text 36 ms) 
07-01 13:48:35.690  8767  8794 I net.osmand:native:  (1420 points, 117 points inside, 78 of 86 objects visible)
07-01 13:48:35.690  8767  8794 I net.osmand:native: End Rendering image
07-01 13:48:35.690  8767  8794 I net.osmand:native: Native ok (init 1, rendering 1) 
07-01 13:48:35.702  8767  8794 I net.osmand: MapRenderRepositories true
07-01 13:48:36.375  8767  8777 I zygote  : Background concurrent copying GC freed 383163(8MB) AllocSpace objects, 0(0B) LOS objects, 9% free, 54MB/60MB, paused 2.359ms total 1.293s
07-01 13:48:36.543  8767  8767 I net.osmand: RoutingHelper Recalculate route, because correlation  : 5664.883557314374
07-01 13:48:36.543  8767  8767 I net.osmand: RoutingHelper Recalculate route, because wrong movement direction: 5664.884
07-01 13:48:36.660  8767  8795 I net.osmand: MapRenderRepositories RENDER MAP: update due to tile box
07-01 13:48:36.660  8767  8795 I net.osmand: MapRenderRepositories RENDER MAP: Interrupt rendering map
07-01 13:48:36.669  8767  8767 I net.osmand: RoutingHelper Recalculate route, because correlation  : 5664.883557314374
07-01 13:48:36.669  8767  8767 I net.osmand: RoutingHelper Recalculate route, because wrong movement direction: 5664.884
07-01 13:48:36.711  8767  8767 I net.osmand: RoutingHelper Recalculate route, because correlation  : 5664.883557314374
07-01 13:48:36.720  8767  8767 I net.osmand: RoutingHelper Recalculate route, because correlation  : 5664.883557314374
07-01 13:48:37.004  8767  8795 I net.osmand: MapRenderRepositories RENDER MAP: update due to tile box
07-01 13:48:37.005  8767  8795 I net.osmand: MapRenderRepositories RENDER MAP: Interrupt rendering map
07-01 13:48:37.213  8767  8794 I net.osmand: MapRenderRepositories RENDER MAP: new request RotatedTileBox [lat=-7.251518333333333, lon=-35.93978333333334, rotate=0.0, density=2.625, zoom=17, mapDensity=3.9375, zoomAnimation=0.0, zoomFloatPart=0.0, cx=900, cy=1972, pixWidth=1800, pixHeight=2690]
07-01 13:48:37.316  8767  8794 I net.osmand:native: Route objects 23
07-01 13:48:37.317  8767  8794 I net.osmand:native: Ocean: no completed & incompleted coastlines 0
07-01 13:48:37.317  8767  8794 I net.osmand:native: Detailed coastlines = 0, basemap coastlines 0, ocean tile 0.000000. Detailed added 0, basemap processed 1, basemap added 0.
07-01 13:48:37.317  8767  8794 I net.osmand:native: Search : tree - read( 620), accept( 45), objs - visit( 2717), accept(54), in result(23) 
07-01 13:48:37.317  8767  8794 I net.osmand: MapRenderRepositories BLat=-7.253816175460815, TLat=-7.245831918716431, LLong=-35.94223403930664, RLong=-35.93733215332031, zoom=17
07-01 13:48:37.319  8767  8794 I net.osmand: MapRenderRepositories Native search: 105 ms 
07-01 13:48:37.338  8767  8794 I net.osmand:native: Creating SkBitmap in native w:1800 h:2690 s:7200 f:1!
07-01 13:48:37.338  8767  8794 I net.osmand:native: Row bytes for RGBA_8888 is 7200
07-01 13:48:37.338  8767  8794 I net.osmand:native: Locked 19368000 bytes at 0x69180000
07-01 13:48:37.338  8767  8794 I net.osmand:native: Initializing rendering
07-01 13:48:37.350  8767  8794 I net.osmand:native: Rendering image
07-01 13:48:37.381  8767  8794 I net.osmand:native: Native ok (rendering 30, text 0 ms) 
07-01 13:48:37.381  8767  8794 I net.osmand:native:  (1234 points, 54 points inside, 42 of 50 objects visible)
07-01 13:48:37.381  8767  8794 I net.osmand:native: End Rendering image
07-01 13:48:37.381  8767  8794 I net.osmand:native: Native ok (init 11, rendering 30) 
07-01 13:48:37.382  8767  8794 I net.osmand: MapRenderRepositories true
07-01 13:48:37.552  8767  8767 I net.osmand: RoutingHelper Recalculate route, because correlation  : 5664.883557314374
07-01 13:48:37.552  8767  8767 I net.osmand: RoutingHelper Recalculate route, because wrong movement direction: 5664.884
07-01 13:48:37.679  8767  8767 I net.osmand: RoutingHelper Recalculate route, because correlation  : 5664.883557314374
07-01 13:48:37.944  8767  8767 I net.osmand: RoutingHelper Recalculate route, because correlation  : 5960.567340288657
07-01 13:48:37.944  8767  8767 I net.osmand: RoutingHelper Recalculate route, because wrong movement direction: 5960.5674
07-01 13:48:38.092  8767  8767 I net.osmand: RoutingHelper Recalculate route, because correlation  : 5960.567340288657
07-01 13:48:38.161  8767  8795 I net.osmand: MapRenderRepositories RENDER MAP: update due to tile box
07-01 13:48:38.161  8767  8795 I net.osmand: MapRenderRepositories RENDER MAP: Interrupt rendering map
07-01 13:48:38.195  8767  8777 I zygote  : Background concurrent copying GC freed 815340(18MB) AllocSpace objects, 0(0B) LOS objects, 9% free, 54MB/60MB, paused 1.953ms total 1.379s
07-01 13:48:38.480  8767  8795 I net.osmand: MapRenderRepositories RENDER MAP: update due to tile box
07-01 13:48:38.480  8767  8795 I net.osmand: MapRenderRepositories RENDER MAP: Interrupt rendering map
07-01 13:48:38.564  8767  8767 I net.osmand: RoutingHelper Recalculate route, because correlation  : 5960.567340288657
07-01 13:48:38.564  8767  8767 I net.osmand: RoutingHelper Recalculate route, because wrong movement direction: 5960.5674
07-01 13:48:38.697  8767  8767 I net.osmand: RoutingHelper Recalculate route, because correlation  : 5960.567340288657
07-01 13:48:38.811  8767  8795 I net.osmand: MapRenderRepositories RENDER MAP: update due to tile box
07-01 13:48:38.811  8767  8795 I net.osmand: MapRenderRepositories RENDER MAP: Interrupt rendering map
07-01 13:48:38.886  8767  8794 I net.osmand: MapRenderRepositories RENDER MAP: new request RotatedTileBox [lat=-7.252003333333333, lon=-35.94251833333333, rotate=0.0, density=2.625, zoom=17, mapDensity=3.9375, zoomAnimation=0.0, zoomFloatPart=0.0, cx=900, cy=1972, pixWidth=1800, pixHeight=2690]
07-01 13:48:38.968  8767  8794 I net.osmand:native: Route objects 16
07-01 13:48:38.968  8767  8794 I net.osmand:native: Ocean: no completed & incompleted coastlines 0
07-01 13:48:38.968  8767  8794 I net.osmand:native: Detailed coastlines = 0, basemap coastlines 0, ocean tile 0.000000. Detailed added 0, basemap processed 1, basemap added 0.
07-01 13:48:38.969  8767  8794 I net.osmand:native: Search : tree - read( 580), accept( 44), objs - visit( 2717), accept(47), in result(16) 
07-01 13:48:38.969  8767  8794 I net.osmand: MapRenderRepositories BLat=-7.254306960105896, TLat=-7.24629909992218, LLong=-35.944969177246094, RLong=-35.940067291259766, zoom=17
07-01 13:48:38.969  8767  8794 I net.osmand: MapRenderRepositories Native search: 82 ms 
07-01 13:48:38.991  8767  8794 I net.osmand:native: Creating SkBitmap in native w:1800 h:2690 s:7200 f:1!
07-01 13:48:38.993  8767  8794 I net.osmand:native: Row bytes for RGBA_8888 is 7200
07-01 13:48:38.993  8767  8794 I net.osmand:native: Locked 19368000 bytes at 0x7b500000
07-01 13:48:38.993  8767  8794 I net.osmand:native: Initializing rendering
07-01 13:48:38.994  8767  8794 I net.osmand:native: Rendering image
07-01 13:48:39.041  8767  8794 I net.osmand:native: Native ok (rendering 46, text 0 ms) 
07-01 13:48:39.041  8767  8794 I net.osmand:native:  (1175 points, 21 points inside, 27 of 35 objects visible)
07-01 13:48:39.051  8767  8794 I net.osmand:native: End Rendering image
07-01 13:48:39.057  8767  8794 I net.osmand:native: Native ok (init 1, rendering 46) 
07-01 13:48:39.068  8767  8794 I net.osmand: MapRenderRepositories true
07-01 13:48:39.476  8767  8767 I net.osmand: RoutingHelper Recalculate route, because correlation  : 6257.221270919466
07-01 13:48:39.477  8767  8767 I net.osmand: RoutingHelper Recalculate route, because wrong movement direction: 6257.221
07-01 13:48:39.480  8767  8795 I net.osmand: MapRenderRepositories RENDER MAP: update due to tile box
07-01 13:48:39.480  8767  8795 I net.osmand: MapRenderRepositories RENDER MAP: Interrupt rendering map
07-01 13:48:39.643  8767  8767 I net.osmand: RoutingHelper Recalculate route, because correlation  : 6257.221270919466
07-01 13:48:39.657  8767  8767 I net.osmand: RoutingHelper Recalculate route, because correlation  : 6257.221270919466
07-01 13:48:39.658  8767  8767 I net.osmand: RoutingHelper Recalculate route, because wrong movement direction: 6257.221
07-01 13:48:39.660  8767  8767 I net.osmand: RoutingHelper Recalculate route, because correlation  : 6257.221270919466
07-01 13:48:39.762  8767  8795 I net.osmand: MapRenderRepositories RENDER MAP: update due to tile box
07-01 13:48:39.762  8767  8795 I net.osmand: MapRenderRepositories RENDER MAP: Interrupt rendering map
07-01 13:48:39.820  8767  8794 I net.osmand: MapRenderRepositories RENDER MAP: new request RotatedTileBox [lat=-7.252486666666666, lon=-35.94525333333333, rotate=0.0, density=2.625, zoom=17, mapDensity=3.9375, zoomAnimation=0.0, zoomFloatPart=0.0, cx=900, cy=1972, pixWidth=1800, pixHeight=2690]
07-01 13:48:39.933  8767  8794 I net.osmand:native: Route objects 68
07-01 13:48:39.933  8767  8794 I net.osmand:native: Ocean: no completed & incompleted coastlines 0
07-01 13:48:39.933  8767  8794 I net.osmand:native: Detailed coastlines = 0, basemap coastlines 0, ocean tile 0.000000. Detailed added 0, basemap processed 1, basemap added 0.
07-01 13:48:39.934  8767  8794 I net.osmand:native: Search : tree - read( 580), accept( 43), objs - visit( 2677), accept(99), in result(68) 
07-01 13:48:39.934  8767  8794 I net.osmand: MapRenderRepositories BLat=-7.25479667186737, TLat=-7.246788811683655, LLong=-35.94770431518555, RLong=-35.94280242919922, zoom=17
07-01 13:48:39.934  8767  8794 I net.osmand: MapRenderRepositories Native search: 113 ms 
07-01 13:48:39.940  8767  8794 I net.osmand:native: Creating SkBitmap in native w:1800 h:2690 s:7200 f:1!
07-01 13:48:39.940  8767  8794 I net.osmand:native: Row bytes for RGBA_8888 is 7200
07-01 13:48:39.940  8767  8794 I net.osmand:native: Locked 19368000 bytes at 0x69180000
07-01 13:48:39.940  8767  8794 I net.osmand:native: Initializing rendering
07-01 13:48:39.942  8767  8794 I net.osmand:native: Rendering image
07-01 13:48:40.037  8767  8794 I net.osmand:native: Native ok (rendering 95, text 1 ms) 
07-01 13:48:40.037  8767  8794 I net.osmand:native:  (1302 points, 236 points inside, 52 of 62 objects visible)
07-01 13:48:40.037  8767  8794 I net.osmand:native: End Rendering image
07-01 13:48:40.038  8767  8794 I net.osmand:native: Native ok (init 1, rendering 95) 
07-01 13:48:40.050  8767  8794 I net.osmand: MapRenderRepositories true
07-01 13:48:40.318  8767  8777 I zygote  : Background concurrent copying GC freed 868833(19MB) AllocSpace objects, 0(0B) LOS objects, 9% free, 60MB/66MB, paused 2.066ms total 1.742s
07-01 13:48:40.575  8767  8767 I net.osmand: RoutingHelper Recalculate route, because correlation  : 6257.221270919466
07-01 13:48:40.575  8767  8767 I net.osmand: RoutingHelper Recalculate route, because wrong movement direction: 6257.221
07-01 13:48:40.755  8767  8767 I net.osmand: RoutingHelper Recalculate route, because correlation  : 6257.221270919466
07-01 13:48:40.982  8767  8767 I net.osmand: RoutingHelper Recalculate route, because correlation  : 6554.8578278182795
07-01 13:48:40.982  8767  8767 I net.osmand: RoutingHelper Recalculate route, because wrong movement direction: 6554.858
07-01 13:48:41.071  8767  8767 I net.osmand: RoutingHelper Recalculate route, because correlation  : 6554.8578278182795
07-01 13:48:41.279  8767  8795 I net.osmand: MapRenderRepositories RENDER MAP: update due to tile box
07-01 13:48:41.279  8767  8795 I net.osmand: MapRenderRepositories RENDER MAP: Interrupt rendering map
07-01 13:48:41.554  8767  8794 I net.osmand: MapRenderRepositories RENDER MAP: new request RotatedTileBox [lat=-7.252971666666667, lon=-35.947988333333335, rotate=0.0, density=2.625, zoom=17, mapDensity=3.9375, zoomAnimation=0.0, zoomFloatPart=0.0, cx=900, cy=1972, pixWidth=1800, pixHeight=2690]
07-01 13:48:41.574  1604  1613 I zygote  : Background concurrent copying GC freed 41705(2047KB) AllocSpace objects, 2(56KB) LOS objects, 16% free, 30MB/36MB, paused 9.625ms total 977.334ms
07-01 13:48:41.603  8767  8767 I net.osmand: RoutingHelper Recalculate route, because correlation  : 6554.8578278182795
07-01 13:48:41.603  8767  8767 I net.osmand: RoutingHelper Recalculate route, because wrong movement direction: 6554.858
07-01 13:48:41.684  8767  8767 I net.osmand: RoutingHelper Recalculate route, because correlation  : 6554.8578278182795
07-01 13:48:41.715  8767  8794 I net.osmand:native: Route objects 57
07-01 13:48:41.715  8767  8794 I net.osmand:native: Ocean: no completed & incompleted coastlines 0
07-01 13:48:41.715  8767  8794 I net.osmand:native: Detailed coastlines = 0, basemap coastlines 0, ocean tile 0.000000. Detailed added 0, basemap processed 1, basemap added 0.
07-01 13:48:41.718  8767  8794 I net.osmand:native: Search : tree - read( 580), accept( 45), objs - visit( 2757), accept(88), in result(57) 
07-01 13:48:41.720  8767  8794 I net.osmand: MapRenderRepositories BLat=-7.255286383628845, TLat=-7.24727852344513, LLong=-35.950439453125, RLong=-35.94553756713867, zoom=17
07-01 13:48:41.721  8767  8794 I net.osmand: MapRenderRepositories Native search: 166 ms 
07-01 13:48:41.732  8767  8794 I net.osmand:native: Creating SkBitmap in native w:1800 h:2690 s:7200 f:1!
07-01 13:48:41.732  8767  8794 I net.osmand:native: Row bytes for RGBA_8888 is 7200
07-01 13:48:41.732  8767  8794 I net.osmand:native: Locked 19368000 bytes at 0x7b500000
07-01 13:48:41.732  8767  8794 I net.osmand:native: Initializing rendering
07-01 13:48:41.755  8767  8794 I net.osmand:native: Rendering image
07-01 13:48:41.935  8767  8794 I net.osmand:native: Native ok (rendering 180, text 0 ms) 
07-01 13:48:41.935  8767  8794 I net.osmand:native:  (1726 points, 181 points inside, 41 of 58 objects visible)
07-01 13:48:41.935  8767  8794 I net.osmand:native: End Rendering image
07-01 13:48:41.936  8767  8794 I net.osmand:native: Native ok (init 22, rendering 180) 
07-01 13:48:41.936  8767  8794 I net.osmand: MapRenderRepositories true
07-01 13:48:42.316  8767  8767 I net.osmand: RoutingHelper Recalculate route, because correlation  : 6853.449888850598
07-01 13:48:42.316  8767  8767 I net.osmand: RoutingHelper Recalculate route, because wrong movement direction: 6853.4497
07-01 13:48:42.365  8767  8777 I zygote  : Background concurrent copying GC freed 1087859(24MB) AllocSpace objects, 0(0B) LOS objects, 9% free, 57MB/63MB, paused 1.244ms total 1.683s
07-01 13:48:42.434  8767  8767 I net.osmand: TTSCommandPlayerImpl Send message to pebble atenÃ§Ã£o!  obstÃ¡culo 
07-01 13:48:42.434  8767  8767 D net.osmand: AbstractPrologCommandPlayer requestAudioFocus
07-01 13:48:42.434  8767  8767 W AudioManager: Use of stream types is deprecated for operations other than volume control
07-01 13:48:42.434  8767  8767 W AudioManager: See the documentation of requestAudioFocus() for what to use instead with android.media.AudioAttributes to qualify your playback use case
07-01 13:48:42.435  1604  1751 I MediaFocusControl: requestAudioFocus() from uid/pid 10104/8767 clientId=android.media.AudioManager@e3f1f5net.osmand.plus.api.AudioFocusHelperImpl@1b2f59f callingPack=net.osmand req=3 flags=0x0 sdk=26
07-01 13:48:42.437  8767  8767 D net.osmand: TTSCommandPlayerImpl ttsRequests=1
07-01 13:48:42.446  4639  8880 I TTS.GoogleTTSServiceImp: Synthesis request for locale por-BRA and name pt-BR-language
07-01 13:48:42.447  4639  8880 I TTS.GoogleTTSServiceImp: TTS dispatch: pt-br-x-afs-lstm-embedded
07-01 13:48:42.483  4639  8881 D AudioTrack: Client defaulted notificationFrames to 1365 for frameCount 4096
07-01 13:48:42.517  1604  6773 V MediaRouterService: restoreBluetoothA2dp(false)
07-01 13:48:42.522  1394  3176 W audio_hw_generic: Not supplying enough data to HAL, expected position 19185869 , only wrote 19185840
07-01 13:48:42.551  8767  8767 I net.osmand: RoutingHelper Recalculate route, because correlation  : 6853.449888850598
07-01 13:48:42.649  8767  8767 I net.osmand: RoutingHelper Recalculate route, because correlation  : 6853.449888850598
07-01 13:48:42.649  8767  8767 I net.osmand: RoutingHelper Recalculate route, because wrong movement direction: 6853.4497
07-01 13:48:42.783  8767  8795 I net.osmand: MapRenderRepositories RENDER MAP: update due to tile box
07-01 13:48:42.783  8767  8795 I net.osmand: MapRenderRepositories RENDER MAP: Interrupt rendering map
07-01 13:48:42.787  8767  8767 I net.osmand: RoutingHelper Recalculate route, because correlation  : 6853.449888850598
07-01 13:48:43.076  8767  8795 I net.osmand: MapRenderRepositories RENDER MAP: update due to tile box
07-01 13:48:43.077  8767  8795 I net.osmand: MapRenderRepositories RENDER MAP: Interrupt rendering map
07-01 13:48:43.440  8767  8794 I net.osmand: MapRenderRepositories RENDER MAP: new request RotatedTileBox [lat=-7.253456666666667, lon=-35.950725000000006, rotate=0.0, density=2.625, zoom=17, mapDensity=3.9375, zoomAnimation=0.0, zoomFloatPart=0.0, cx=900, cy=1972, pixWidth=1800, pixHeight=2690]
07-01 13:48:43.568  8767  8767 I net.osmand: RoutingHelper Recalculate route, because correlation  : 6853.449888850598
07-01 13:48:43.568  8767  8767 I net.osmand: RoutingHelper Recalculate route, because wrong movement direction: 6853.4497
07-01 13:48:43.713  1477  1572 D AudioFlinger: mixer(0xac983140) throttle end: throttle time(3)
07-01 13:48:43.769  8767  8794 I net.osmand:native: Route objects 14
07-01 13:48:43.769  8767  8794 I net.osmand:native: Ocean: no completed & incompleted coastlines 0
07-01 13:48:43.769  8767  8794 I net.osmand:native: Detailed coastlines = 0, basemap coastlines 0, ocean tile 0.000000. Detailed added 0, basemap processed 1, basemap added 0.
07-01 13:48:43.769  8767  8794 I net.osmand:native: Search : tree - read( 580), accept( 46), objs - visit( 2797), accept(45), in result(14) 
07-01 13:48:43.770  8767  8794 I net.osmand: MapRenderRepositories BLat=-7.255753588676453, TLat=-7.247768807411194, LLong=-35.95317840576172, RLong=-35.948272705078125, zoom=17
07-01 13:48:43.770  8767  8794 I net.osmand: MapRenderRepositories Native search: 329 ms 
07-01 13:48:43.804  8767  8794 I net.osmand:native: Creating SkBitmap in native w:1800 h:2690 s:7200 f:1!
07-01 13:48:43.804  8767  8794 I net.osmand:native: Row bytes for RGBA_8888 is 7200
07-01 13:48:43.804  8767  8794 I net.osmand:native: Locked 19368000 bytes at 0x69180000
07-01 13:48:43.804  8767  8794 I net.osmand:native: Initializing rendering
07-01 13:48:43.805  8767  8794 I net.osmand:native: Rendering image
07-01 13:48:43.834  8767  8767 I net.osmand: RoutingHelper Recalculate route, because correlation  : 6917.016959098355
07-01 13:48:43.835  8767  8767 I net.osmand: RoutingHelper Recalculate route, because wrong movement direction: 6917.017
07-01 13:48:44.009  8767  8794 I net.osmand:native: Native ok (rendering 204, text 0 ms) 
07-01 13:48:44.009  8767  8794 I net.osmand:native:  (1578 points, 81 points inside, 23 of 40 objects visible)
07-01 13:48:44.009  8767  8794 I net.osmand:native: End Rendering image
07-01 13:48:44.009  8767  8794 I net.osmand:native: Native ok (init 1, rendering 204) 
07-01 13:48:44.010  8767  8794 I net.osmand: MapRenderRepositories true
07-01 13:48:44.074  8767  8767 I net.osmand: RoutingHelper Recalculate route, because correlation  : 6917.016959098355
07-01 13:48:44.581  8767  8767 I net.osmand: RoutingHelper Recalculate route, because correlation  : 6917.016959098355
07-01 13:48:44.581  8767  8767 I net.osmand: RoutingHelper Recalculate route, because wrong movement direction: 6917.017
07-01 13:48:44.611  8767  8777 I zygote  : Background concurrent copying GC freed 967455(21MB) AllocSpace objects, 0(0B) LOS objects, 9% free, 59MB/65MB, paused 8.135ms total 1.736s
07-01 13:48:44.668  4639  8881 D AudioTrack: stop() called with 45980 frames delivered
07-01 13:48:44.671  1604  5753 V MediaRouterService: restoreBluetoothA2dp(false)
07-01 13:48:44.679  8767  8778 D net.osmand: AbstractPrologCommandPlayer abandonAudioFocus
07-01 13:48:44.680  1604  9404 I MediaFocusControl: abandonAudioFocus() from uid/pid 10104/8767 clientId=android.media.AudioManager@e3f1f5net.osmand.plus.api.AudioFocusHelperImpl@1b2f59f
07-01 13:48:44.681  8767  8778 D net.osmand: TTSCommandPlayerImpl ttsRequests=0
07-01 13:48:44.764  8767  8767 I net.osmand: RoutingHelper Recalculate route, because correlation  : 6917.016959098355
07-01 13:48:44.805  1604  1751 I WifiService: acquireWifiLock uid=10014 lockMode=2
07-01 13:48:44.845  1604  1617 E memtrack: Couldn't load memtrack module
07-01 13:48:44.846  1604  1617 W android.os.Debug: failed to get memory consumption info: -1
07-01 13:48:44.941  1604  6773 I WifiService: releaseWifiLock uid=10014
07-01 13:48:45.076  1604  1617 E memtrack: Couldn't load memtrack module
07-01 13:48:45.076  1604  1617 W android.os.Debug: failed to get memory consumption info: -1
07-01 13:48:45.185  1604  1617 E memtrack: Couldn't load memtrack module
07-01 13:48:45.207  1604  1617 W android.os.Debug: failed to get memory consumption info: -1
07-01 13:48:45.400  8767  8780 I zygote  : Waiting for a blocking GC ProfileSaver
07-01 13:48:45.423  1604  1617 E memtrack: Couldn't load memtrack module
07-01 13:48:45.423  1604  1617 W android.os.Debug: failed to get memory consumption info: -1
07-01 13:48:45.559  1604  1617 E memtrack: Couldn't load memtrack module
07-01 13:48:45.559  1604  1617 W android.os.Debug: failed to get memory consumption info: -1
07-01 13:48:45.752  1604  1617 E memtrack: Couldn't load memtrack module
07-01 13:48:45.752  1604  1617 W android.os.Debug: failed to get memory consumption info: -1
07-01 13:48:46.005  1604  1617 E memtrack: Couldn't load memtrack module
07-01 13:48:46.005  1604  1617 W android.os.Debug: failed to get memory consumption info: -1
07-01 13:48:46.091  8767  8777 I zygote  : Background concurrent copying GC freed 1080335(23MB) AllocSpace objects, 0(0B) LOS objects, 12% free, 43MB/49MB, paused 1.737ms total 831.236ms
07-01 13:48:46.091  8767  8780 I zygote  : WaitForGcToComplete blocked ProfileSaver on HeapTrim for 691.519ms
07-01 13:48:46.152  8767  8767 I net.osmand: RoutingHelper Recalculate route, because correlation  : 6917.016959098355
07-01 13:48:46.152  8767  8767 I net.osmand: RoutingHelper Recalculate route, because wrong movement direction: 6917.017
07-01 13:48:46.315  8767  8767 I net.osmand: RoutingHelper Recalculate route, because correlation  : 6917.016959098355
07-01 13:48:46.534  8767  8767 I net.osmand: RoutingHelper Recalculate route, because correlation  : 6917.016959098355
07-01 13:48:46.534  8767  8767 I net.osmand: RoutingHelper Recalculate route, because wrong movement direction: 6917.017
07-01 13:48:46.698  8767  8767 I net.osmand: RoutingHelper Recalculate route, because correlation  : 7208.167771636339
07-01 13:48:46.698  8767  8767 I net.osmand: RoutingHelper Recalculate route, because wrong movement direction: 7208.168
07-01 13:48:46.730  8767  8767 I net.osmand: RoutingHelper Recalculate route, because correlation  : 7208.167771636339
07-01 13:48:46.969  8767  8795 I net.osmand: MapRenderRepositories RENDER MAP: update due to tile box
07-01 13:48:46.969  8767  8795 I net.osmand: MapRenderRepositories RENDER MAP: Interrupt rendering map
07-01 13:48:47.019  8767  8794 I net.osmand: MapRenderRepositories RENDER MAP: new request RotatedTileBox [lat=-7.2537683333333325, lon=-35.954076666666666, rotate=0.0, density=2.625, zoom=17, mapDensity=3.9375, zoomAnimation=0.0, zoomFloatPart=0.0, cx=900, cy=1972, pixWidth=1800, pixHeight=2690]
07-01 13:48:47.144  8767  8794 I net.osmand:native: Route objects 18
07-01 13:48:47.144  8767  8794 I net.osmand:native: Ocean: no completed & incompleted coastlines 0
07-01 13:48:47.145  8767  8794 I net.osmand:native: Detailed coastlines = 0, basemap coastlines 0, ocean tile 0.000000. Detailed added 0, basemap processed 1, basemap added 0.
07-01 13:48:47.145  8767  8794 I net.osmand:native: Search : tree - read( 580), accept( 46), objs - visit( 2797), accept(49), in result(18) 
07-01 13:48:47.145  8767  8794 I net.osmand: MapRenderRepositories BLat=-7.256073641777038, TLat=-7.248065781593323, LLong=-35.95652389526367, RLong=-35.951622009277344, zoom=17
07-01 13:48:47.145  8767  8794 I net.osmand: MapRenderRepositories Native search: 125 ms 
07-01 13:48:47.160  8767  8794 I net.osmand:native: Creating SkBitmap in native w:1800 h:2690 s:7200 f:1!
07-01 13:48:47.160  8767  8794 I net.osmand:native: Row bytes for RGBA_8888 is 7200
07-01 13:48:47.160  8767  8794 I net.osmand:native: Locked 19368000 bytes at 0x7b500000
07-01 13:48:47.160  8767  8794 I net.osmand:native: Initializing rendering
07-01 13:48:47.161  8767  8794 I net.osmand:native: Rendering image
07-01 13:48:47.213  8767  8794 I net.osmand:native: Native ok (rendering 52, text 3 ms) 
07-01 13:48:47.213  8767  8794 I net.osmand:native:  (1640 points, 34 points inside, 30 of 46 objects visible)
07-01 13:48:47.214  8767  8794 I net.osmand:native: End Rendering image
07-01 13:48:47.214  8767  8794 I net.osmand:native: Native ok (init 1, rendering 52) 
07-01 13:48:47.217  8767  8794 I net.osmand: MapRenderRepositories true
07-01 13:48:47.616  8767  8767 I net.osmand: RoutingHelper Recalculate route, because correlation  : 7208.167771636339
07-01 13:48:47.616  8767  8767 I net.osmand: RoutingHelper Recalculate route, because wrong movement direction: 7208.168
07-01 13:48:47.646  8767  8767 I net.osmand: RoutingHelper Recalculate route, because correlation  : 7208.167771636339
07-01 13:48:47.698  1394  1567 W audio_hw_generic: Not supplying enough data to HAL, expected position 19681655 , only wrote 19434240
07-01 13:48:48.039  1410  1410 I boot-pipe: done populating /dev/random
07-01 13:48:48.159  8767  8767 I net.osmand: RoutingHelper Recalculate route, because correlation  : 7500.542827565203
07-01 13:48:48.192  8767  8767 I net.osmand: RoutingHelper Recalculate route, because correlation  : 7500.542827565203
07-01 13:48:48.192  8767  8767 I net.osmand: RoutingHelper Recalculate route, because wrong movement direction: 7500.543
07-01 13:48:48.259  8767  8777 I zygote  : Background concurrent copying GC freed 363769(8MB) AllocSpace objects, 0(0B) LOS objects, 9% free, 56MB/62MB, paused 1.046ms total 1.565s
07-01 13:48:48.291  8767  8795 I net.osmand: MapRenderRepositories RENDER MAP: update due to tile box
07-01 13:48:48.296  8767  8795 I net.osmand: MapRenderRepositories RENDER MAP: Interrupt rendering map
07-01 13:48:48.496  8767  8795 I net.osmand: MapRenderRepositories RENDER MAP: update due to tile box
07-01 13:48:48.496  8767  8795 I net.osmand: MapRenderRepositories RENDER MAP: Interrupt rendering map
07-01 13:48:48.606  8767  8767 I net.osmand: RoutingHelper Recalculate route, because correlation  : 7500.542827565203
07-01 13:48:48.606  8767  8767 I net.osmand: RoutingHelper Recalculate route, because wrong movement direction: 7500.543
07-01 13:48:48.606  8767  8767 D net.osmand: DayNightHelper Sunrise/sunset setting to day: true
07-01 13:48:48.646  8767  8767 I net.osmand: RoutingHelper Recalculate route, because correlation  : 7500.542827565203
07-01 13:48:48.720  8767  8794 I net.osmand: MapRenderRepositories RENDER MAP: new request RotatedTileBox [lat=-7.253976666666667, lon=-35.95684666666667, rotate=0.0, density=2.625, zoom=17, mapDensity=3.9375, zoomAnimation=0.0, zoomFloatPart=0.0, cx=900, cy=1972, pixWidth=1800, pixHeight=2690]
07-01 13:48:48.834  8767  8794 I net.osmand:native: Route objects 26
07-01 13:48:48.834  8767  8794 I net.osmand:native: Ocean: no completed & incompleted coastlines 0
07-01 13:48:48.834  8767  8794 I net.osmand:native: Detailed coastlines = 0, basemap coastlines 0, ocean tile 0.000000. Detailed added 0, basemap processed 1, basemap added 0.
07-01 13:48:48.834  8767  8794 I net.osmand:native: Search : tree - read( 580), accept( 46), objs - visit( 2797), accept(57), in result(26) 
07-01 13:48:48.835  8767  8794 I net.osmand: MapRenderRepositories BLat=-7.256286787986755, TLat=-7.24827892780304, LLong=-35.95930480957031, RLong=-35.95439147949219, zoom=17
07-01 13:48:48.835  8767  8794 I net.osmand: MapRenderRepositories Native search: 112 ms 
