07-04 15:08:34.144 28496 28496 I net.osmand: RoutingHelper Recalculate route, because correlation  : 214.74408039865548
07-04 15:08:34.171 28496 28496 I net.osmand: RoutingHelper Recalculate route, because correlation  : 214.74408039865548
07-04 15:08:34.171 28496 28496 I net.osmand: RoutingHelper Recalculate route, because wrong movement direction: 246.21614
07-04 15:08:34.235 28496 28496 I net.osmand: RoutingHelper Recalculate route, because correlation  : 214.74408039865548
07-04 15:08:34.559 28496 28506 I zygote  : Background concurrent copying GC freed 399962(8MB) AllocSpace objects, 0(0B) LOS objects, 13% free, 39MB/45MB, paused 991us total 991.260ms
07-04 15:08:34.798 28496 28496 I net.osmand: RoutingHelper Recalculate route, because correlation  : 214.74408039865548
07-04 15:08:34.798 28496 28496 I net.osmand: RoutingHelper Recalculate route, because wrong movement direction: 246.21614
07-04 15:08:34.824 28496 28496 I net.osmand: RoutingHelper Recalculate route, because correlation  : 214.74408039865548
07-04 15:08:35.031 28496 28496 I net.osmand: RoutingHelper Recalculate route, because correlation  : 214.74408039865548
07-04 15:08:35.031 28496 28496 I net.osmand: RoutingHelper Recalculate route, because wrong movement direction: 246.21614
07-04 15:08:35.169 28496 28496 I net.osmand: RoutingHelper Recalculate route, because correlation  : 214.74408039865548
07-04 15:08:35.172 28496 28496 I net.osmand: RoutingHelper Recalculate route, because correlation  : 214.74408039865548
07-04 15:08:35.173 28496 28496 I net.osmand: RoutingHelper Recalculate route, because wrong movement direction: 246.21614
07-04 15:08:35.176 28496 28496 I net.osmand: RoutingHelper Recalculate route, because correlation  : 214.74408039865548
07-04 15:08:35.554 28496 28496 I net.osmand: RoutingHelper Recalculate route, because correlation  : 214.74408039865548
07-04 15:08:35.554 28496 28496 I net.osmand: RoutingHelper Recalculate route, because wrong movement direction: 246.21614
07-04 15:08:35.554 28496 28496 D net.osmand: DayNightHelper Sunrise/sunset setting to day: true
07-04 15:08:35.730 28496 28496 I net.osmand: RoutingHelper Recalculate route, because correlation  : 214.74408039865548
07-04 15:08:36.083 28496 28496 I net.osmand: RoutingHelper Recalculate route, because correlation  : 214.74408039865548
07-04 15:08:36.084 28496 28496 I net.osmand: RoutingHelper Recalculate route, because wrong movement direction: 246.21614
07-04 15:08:36.335 28496 28496 I net.osmand: RoutingHelper Recalculate route, because correlation  : 214.74408039865548
07-04 15:08:36.513 28496 28506 I zygote  : Background concurrent copying GC freed 521286(11MB) AllocSpace objects, 0(0B) LOS objects, 13% free, 39MB/45MB, paused 1.888ms total 1.103s
07-04 15:08:36.541 28496 28496 I net.osmand: RoutingHelper Recalculate route, because correlation  : 214.74408039865548
07-04 15:08:36.541 28496 28496 I net.osmand: RoutingHelper Recalculate route, because wrong movement direction: 246.21614
07-04 15:08:36.580 28496 28496 I net.osmand: RoutingHelper Recalculate route, because correlation  : 214.74408039865548
07-04 15:08:36.670 28496 28496 I net.osmand: RoutingHelper Recalculate route, because correlation  : 214.74408039865548
07-04 15:08:36.670 28496 28496 I net.osmand: RoutingHelper Recalculate route, because wrong movement direction: 246.21614
07-04 15:08:36.822 28496 28496 I net.osmand: RoutingHelper Recalculate route, because correlation  : 214.74408039865548
07-04 15:08:37.089 28496 28496 I net.osmand: RoutingHelper Recalculate route, because correlation  : 214.74408039865548
07-04 15:08:37.089 28496 28496 I net.osmand: RoutingHelper Recalculate route, because wrong movement direction: 246.21614
07-04 15:08:37.142 28496 28496 I net.osmand: RoutingHelper Recalculate route, because correlation  : 214.74408039865548
07-04 15:08:37.159 28496 28496 I net.osmand: RoutingHelper Recalculate route, because correlation  : 214.74408039865548
07-04 15:08:37.159 28496 28496 I net.osmand: RoutingHelper Recalculate route, because wrong movement direction: 246.21614
07-04 15:08:37.237 28496 28496 I net.osmand: RoutingHelper Recalculate route, because correlation  : 214.74408039865548
07-04 15:08:37.842 28496 28506 I zygote  : Background concurrent copying GC freed 526763(11MB) AllocSpace objects, 0(0B) LOS objects, 14% free, 36MB/42MB, paused 1.059ms total 658.564ms
07-04 15:08:38.025 28496 28496 I net.osmand: RoutingHelper Recalculate route, because correlation  : 214.74408039865548
07-04 15:08:38.099 28496 28496 I net.osmand: RoutingHelper Recalculate route, because correlation  : 214.74408039865548
07-04 15:08:38.099 28496 28496 I net.osmand: RoutingHelper Recalculate route, because wrong movement direction: 246.21614
07-04 15:08:38.210 28496 28496 I net.osmand: RoutingHelper Recalculate route, because correlation  : 214.74408039865548
07-04 15:08:38.221 28496 28496 I net.osmand: RoutingHelper Recalculate route, because correlation  : 214.74408039865548
07-04 15:08:38.221 28496 28496 I net.osmand: RoutingHelper Recalculate route, because wrong movement direction: 246.21614
07-04 15:08:38.285 28496 28496 I net.osmand: RoutingHelper Recalculate route, because correlation  : 214.74408039865548
07-04 15:08:38.291 28496 28496 I net.osmand: RoutingHelper Recalculate route, because correlation  : 214.74408039865548
07-04 15:08:38.291 28496 28496 I net.osmand: RoutingHelper Recalculate route, because wrong movement direction: 246.21614
07-04 15:08:38.516 28496 28496 I net.osmand: RoutingHelper Recalculate route, because correlation  : 214.74408039865548
07-04 15:08:38.524 28496 28496 I net.osmand: RoutingHelper Recalculate route, because correlation  : 214.74408039865548
07-04 15:08:38.524 28496 28496 I net.osmand: RoutingHelper Recalculate route, because wrong movement direction: 246.21614
07-04 15:08:39.032 28496 28496 I net.osmand: RoutingHelper Recalculate route, because correlation  : 214.74408039865548
07-04 15:08:39.033 28496 28496 I net.osmand: RoutingHelper Recalculate route, because wrong movement direction: 246.21614
07-04 15:08:39.038 28496 28496 I net.osmand: RoutingHelper Recalculate route, because correlation  : 214.74408039865548
07-04 15:08:39.374 28496 28506 I zygote  : Background concurrent copying GC freed 369406(8MB) AllocSpace objects, 0(0B) LOS objects, 13% free, 37MB/43MB, paused 4.540ms total 767.227ms
07-04 15:08:39.711 28496 28496 I net.osmand: RoutingHelper Recalculate route, because correlation  : 214.74408039865548
07-04 15:08:39.711 28496 28496 I net.osmand: RoutingHelper Recalculate route, because wrong movement direction: 246.21614
07-04 15:08:39.793 28496 28496 I net.osmand: RoutingHelper Recalculate route, because correlation  : 214.74408039865548
07-04 15:08:39.794 28496 28496 I net.osmand: RoutingHelper Recalculate route, because wrong movement direction: 246.21614
07-04 15:08:39.859  1604  3545 I WifiService: acquireWifiLock uid=10014 lockMode=2
07-04 15:08:39.867 28496 28496 I net.osmand: RoutingHelper Recalculate route, because correlation  : 214.74408039865548
07-04 15:08:40.014 28496 28496 I net.osmand: RoutingHelper Recalculate route, because correlation  : 214.74408039865548
07-04 15:08:40.014 28496 28496 I net.osmand: RoutingHelper Recalculate route, because wrong movement direction: 246.21614
07-04 15:08:40.048  1604  4176 I WifiService: releaseWifiLock uid=10014
07-04 15:08:40.141 28496 28496 I net.osmand: RoutingHelper Recalculate route, because correlation  : 214.74408039865548
07-04 15:08:40.141 28496 28496 I net.osmand: RoutingHelper Recalculate route, because wrong movement direction: 246.21614
07-04 15:08:40.273 28496 28496 I net.osmand: RoutingHelper Recalculate route, because correlation  : 214.74408039865548
07-04 15:08:40.277 28496 28496 I net.osmand: RoutingHelper Recalculate route, because correlation  : 214.74408039865548
07-04 15:08:40.815 28496 28506 I zygote  : Background concurrent copying GC freed 417204(9MB) AllocSpace objects, 0(0B) LOS objects, 13% free, 37MB/43MB, paused 976us total 686.007ms
07-04 15:08:40.994 28496 28496 I net.osmand: RoutingHelper Recalculate route, because correlation  : 214.74408039865548
07-04 15:08:41.029 28496 28496 I net.osmand: RoutingHelper Recalculate route, because correlation  : 214.74408039865548
07-04 15:08:41.029 28496 28496 I net.osmand: RoutingHelper Recalculate route, because wrong movement direction: 246.21614
07-04 15:08:41.172 28496 28496 I net.osmand: RoutingHelper Recalculate route, because correlation  : 214.74408039865548
07-04 15:08:41.315 28496 28496 I net.osmand: RoutingHelper Recalculate route, because correlation  : 214.74408039865548
07-04 15:08:41.315 28496 28496 I net.osmand: RoutingHelper Recalculate route, because wrong movement direction: 246.21614
07-04 15:08:41.510 28496 28496 I net.osmand: RoutingHelper Recalculate route, because correlation  : 214.74408039865548
07-04 15:08:41.510 28496 28496 I net.osmand: RoutingHelper Recalculate route, because wrong movement direction: 246.21614
07-04 15:08:41.585 28496 28496 I net.osmand: RoutingHelper Recalculate route, because correlation  : 214.74408039865548
07-04 15:08:41.585 28496 28496 I net.osmand: RoutingHelper Recalculate route, because wrong movement direction: 246.21614
07-04 15:08:41.640 28496 28496 I net.osmand: RoutingHelper Recalculate route, because correlation  : 214.74408039865548
07-04 15:08:41.645 28496 28496 I chatty  : uid=10104(net.osmand) identical 1 line
07-04 15:08:42.033 28496 28496 I net.osmand: RoutingHelper Recalculate route, because correlation  : 214.74408039865548
07-04 15:08:42.033 28496 28496 I net.osmand: RoutingHelper Recalculate route, because wrong movement direction: 246.21614
07-04 15:08:42.146 28496 28496 I net.osmand: RoutingHelper Recalculate route, because correlation  : 214.74408039865548
07-04 15:08:42.330 28496 28506 I zygote  : Background concurrent copying GC freed 421935(9MB) AllocSpace objects, 0(0B) LOS objects, 13% free, 38MB/44MB, paused 1.019ms total 822.924ms
07-04 15:08:42.599 28496 28496 I net.osmand: RoutingHelper Recalculate route, because correlation  : 214.74408039865548
07-04 15:08:42.649 28496 28496 I net.osmand: RoutingHelper Recalculate route, because correlation  : 214.74408039865548
07-04 15:08:42.649 28496 28496 I net.osmand: RoutingHelper Recalculate route, because wrong movement direction: 246.21614
07-04 15:08:42.895 28496 28496 I net.osmand: RoutingHelper Recalculate route, because correlation  : 214.74408039865548
07-04 15:08:42.895 28496 28496 I net.osmand: RoutingHelper Recalculate route, because wrong movement direction: 246.21614
07-04 15:08:43.003 28496 28496 I net.osmand: RoutingHelper Recalculate route, because correlation  : 214.74408039865548
07-04 15:08:43.083 28496 28496 I net.osmand: RoutingHelper Recalculate route, because correlation  : 214.74408039865548
07-04 15:08:43.083 28496 28496 I net.osmand: RoutingHelper Recalculate route, because wrong movement direction: 246.21614
07-04 15:08:43.188 28496 28496 I net.osmand: RoutingHelper Recalculate route, because correlation  : 214.74408039865548
07-04 15:08:43.188 28496 28496 I net.osmand: RoutingHelper Recalculate route, because wrong movement direction: 246.21614
07-04 15:08:43.230 28496 28496 I net.osmand: RoutingHelper Recalculate route, because correlation  : 214.74408039865548
07-04 15:08:43.778 28496 28506 I zygote  : Background concurrent copying GC freed 471421(10MB) AllocSpace objects, 0(0B) LOS objects, 13% free, 37MB/43MB, paused 913us total 737.828ms
07-04 15:08:43.993 28496 28496 I net.osmand: RoutingHelper Recalculate route, because correlation  : 214.74408039865548
07-04 15:08:44.055  1604  4990 D NetworkMonitor/NetworkAgentInfo [MOBILE (GPRS) - 100]: PROBE_DNS www.google.com 20039ms FAIL
07-04 15:08:44.060  1604  4990 D NetworkMonitor/NetworkAgentInfo [MOBILE (GPRS) - 100]: PROBE_HTTPS https://www.google.com/generate_204 Probe failed with exception java.net.UnknownHostException: Unable to resolve host "www.google.com": No address associated with hostname
07-04 15:08:44.077 28496 28496 I net.osmand: RoutingHelper Recalculate route, because correlation  : 214.74408039865548
07-04 15:08:44.077 28496 28496 I net.osmand: RoutingHelper Recalculate route, because wrong movement direction: 246.21614
07-04 15:08:44.103  1604  4991 D NetworkMonitor/NetworkAgentInfo [MOBILE (GPRS) - 100]: PROBE_DNS connectivitycheck.gstatic.com 20036ms FAIL
07-04 15:08:44.109  1604  4991 D NetworkMonitor/NetworkAgentInfo [MOBILE (GPRS) - 100]: PROBE_HTTP http://connectivitycheck.gstatic.com/generate_204 Probe failed with exception java.net.UnknownHostException: Unable to resolve host "connectivitycheck.gstatic.com": No address associated with hostname
07-04 15:08:44.183 28496 28496 I net.osmand: RoutingHelper Recalculate route, because correlation  : 214.74408039865548
07-04 15:08:44.183 28496 28496 I net.osmand: RoutingHelper Recalculate route, because wrong movement direction: 246.21614
07-04 15:08:44.188 28496 28496 I net.osmand: RoutingHelper Recalculate route, because correlation  : 214.74408039865548
07-04 15:08:44.472 28496 28496 I net.osmand: RoutingHelper Recalculate route, because correlation  : 214.74408039865548
07-04 15:08:44.473 28496 28496 I net.osmand: RoutingHelper Recalculate route, because wrong movement direction: 246.21614
07-04 15:08:44.499 28496 28496 I net.osmand: RoutingHelper Recalculate route, because correlation  : 214.74408039865548
07-04 15:08:44.601 28496 28496 I net.osmand: RoutingHelper Recalculate route, because correlation  : 214.74408039865548
07-04 15:08:44.601 28496 28496 I net.osmand: RoutingHelper Recalculate route, because wrong movement direction: 246.21614
07-04 15:08:44.739 28496 28496 I net.osmand: RoutingHelper Recalculate route, because correlation  : 214.74408039865548
07-04 15:08:45.039 28496 28496 I net.osmand: RoutingHelper Recalculate route, because correlation  : 214.74408039865548
07-04 15:08:45.039 28496 28496 I net.osmand: RoutingHelper Recalculate route, because wrong movement direction: 246.21614
07-04 15:08:45.125 28496 28496 I net.osmand: RoutingHelper Recalculate route, because correlation  : 214.74408039865548
07-04 15:08:45.324 28496 28496 I net.osmand: RoutingHelper Recalculate route, because correlation  : 214.74408039865548
07-04 15:08:45.327 28496 28496 I net.osmand: RoutingHelper Recalculate route, because wrong movement direction: 246.21614
07-04 15:08:45.493 28496 28496 I net.osmand: RoutingHelper Recalculate route, because correlation  : 214.74408039865548
07-04 15:08:45.815 28496 28506 I zygote  : Background concurrent copying GC freed 418600(9MB) AllocSpace objects, 0(0B) LOS objects, 12% free, 42MB/48MB, paused 1.200ms total 1.265s
07-04 15:08:46.003 28496 28496 I net.osmand: RoutingHelper Recalculate route, because correlation  : 214.74408039865548
07-04 15:08:46.082 28496 28496 I net.osmand: RoutingHelper Recalculate route, because correlation  : 214.74408039865548
07-04 15:08:46.083 28496 28496 I net.osmand: RoutingHelper Recalculate route, because wrong movement direction: 246.21614
07-04 15:08:46.107 28496 28496 I net.osmand: RoutingHelper Recalculate route, because correlation  : 214.74408039865548
07-04 15:08:46.107 28496 28496 I net.osmand: RoutingHelper Recalculate route, because wrong movement direction: 246.21614
07-04 15:08:46.210 28496 28496 I net.osmand: RoutingHelper Recalculate route, because correlation  : 214.74408039865548
07-04 15:08:46.275 28496 28496 I net.osmand: RoutingHelper Recalculate route, because correlation  : 214.74408039865548
07-04 15:08:46.275 28496 28496 I net.osmand: RoutingHelper Recalculate route, because wrong movement direction: 246.21614
07-04 15:08:46.323 28496 28496 I net.osmand: RoutingHelper Recalculate route, because correlation  : 214.74408039865548
07-04 15:08:46.729 28496 28496 I chatty  : uid=10104(net.osmand) identical 1 line
07-04 15:08:46.731 28496 28496 I net.osmand: RoutingHelper Recalculate route, because correlation  : 214.74408039865548
07-04 15:08:46.731 28496 28496 I net.osmand: RoutingHelper Recalculate route, because wrong movement direction: 246.21614
07-04 15:08:47.106 28496 28496 I net.osmand: RoutingHelper Recalculate route, because correlation  : 214.74408039865548
07-04 15:08:47.106 28496 28496 I net.osmand: RoutingHelper Recalculate route, because wrong movement direction: 246.21614
07-04 15:08:47.267 28496 28496 I net.osmand: RoutingHelper Recalculate route, because correlation  : 214.74408039865548
07-04 15:08:47.639 28496 28506 I zygote  : Background concurrent copying GC freed 679330(14MB) AllocSpace objects, 0(0B) LOS objects, 13% free, 38MB/44MB, paused 5.663ms total 953.220ms
07-04 15:08:47.757 28496 28496 I net.osmand: RoutingHelper Recalculate route, because correlation  : 214.74408039865548
07-04 15:08:47.757 28496 28496 I net.osmand: RoutingHelper Recalculate route, because wrong movement direction: 246.21614
07-04 15:08:47.868 28496 28496 I net.osmand: RoutingHelper Recalculate route, because correlation  : 214.74408039865548
07-04 15:08:47.868 28496 28496 I net.osmand: RoutingHelper Recalculate route, because wrong movement direction: 246.21614
07-04 15:08:47.926 28496 28496 I net.osmand: RoutingHelper Recalculate route, because correlation  : 214.74408039865548
07-04 15:08:48.107 28496 28496 I chatty  : uid=10104(net.osmand) identical 2 lines
07-04 15:08:48.112 28496 28496 I net.osmand: RoutingHelper Recalculate route, because correlation  : 214.74408039865548
07-04 15:08:48.112 28496 28496 I net.osmand: RoutingHelper Recalculate route, because wrong movement direction: 246.21614
07-04 15:08:48.222 28496 28496 I net.osmand: RoutingHelper Recalculate route, because correlation  : 214.74408039865548
07-04 15:08:48.222 28496 28496 I net.osmand: RoutingHelper Recalculate route, because wrong movement direction: 246.21614
07-04 15:08:48.230 28496 28496 I net.osmand: RoutingHelper Recalculate route, because correlation  : 214.74408039865548
07-04 15:08:48.850 28496 28506 I zygote  : Background concurrent copying GC freed 496058(10MB) AllocSpace objects, 0(0B) LOS objects, 14% free, 35MB/41MB, paused 4.714ms total 581.992ms
07-04 15:08:49.009 28496 28496 I net.osmand: RoutingHelper Recalculate route, because correlation  : 214.74408039865548
07-04 15:08:49.009 28496 28496 I net.osmand: RoutingHelper Recalculate route, because wrong movement direction: 246.21614
07-04 15:08:49.026 28496 28496 I net.osmand: RoutingHelper Recalculate route, because correlation  : 214.74408039865548
07-04 15:08:49.026 28496 28496 I net.osmand: RoutingHelper Recalculate route, because wrong movement direction: 246.21614
07-04 15:08:49.183 28496 28496 I net.osmand: RoutingHelper Recalculate route, because correlation  : 214.74408039865548
07-04 15:08:49.250 28496 28496 I chatty  : uid=10104(net.osmand) identical 1 line
07-04 15:08:49.432 28496 28496 I net.osmand: RoutingHelper Recalculate route, because correlation  : 214.74408039865548
07-04 15:08:49.433 28496 28496 I net.osmand: RoutingHelper Recalculate route, because wrong movement direction: 246.21614
07-04 15:08:49.581 28496 28496 I net.osmand: RoutingHelper Recalculate route, because correlation  : 214.74408039865548
07-04 15:08:49.677 28496 28496 I net.osmand: RoutingHelper Recalculate route, because correlation  : 214.74408039865548
07-04 15:08:49.678 28496 28496 I net.osmand: RoutingHelper Recalculate route, because wrong movement direction: 246.21614
07-04 15:08:49.720 28496 28496 I net.osmand: RoutingHelper Recalculate route, because correlation  : 214.74408039865548
07-04 15:08:50.003 28496 28496 I chatty  : uid=10104(net.osmand) identical 1 line
07-04 15:08:50.069 28496 28496 I net.osmand: RoutingHelper Recalculate route, because correlation  : 214.74408039865548
07-04 15:08:50.070 28496 28496 I net.osmand: RoutingHelper Recalculate route, because wrong movement direction: 246.21614
07-04 15:08:50.502 28496 28506 I zygote  : Background concurrent copying GC freed 347810(7MB) AllocSpace objects, 0(0B) LOS objects, 12% free, 40MB/46MB, paused 4.478ms total 1.006s
07-04 15:08:50.620 28496 28496 I net.osmand: RoutingHelper Recalculate route, because correlation  : 214.74408039865548
07-04 15:08:50.620 28496 28496 I net.osmand: RoutingHelper Recalculate route, because wrong movement direction: 246.21614
07-04 15:08:50.775 28496 28496 I net.osmand: RoutingHelper Recalculate route, because correlation  : 214.74408039865548
07-04 15:08:50.926 28496 28496 I net.osmand: RoutingHelper Recalculate route, because correlation  : 214.74408039865548
07-04 15:08:50.926 28496 28496 I net.osmand: RoutingHelper Recalculate route, because wrong movement direction: 246.21614
07-04 15:08:51.151 28496 28496 I net.osmand: RoutingHelper Recalculate route, because correlation  : 214.74408039865548
07-04 15:08:51.151 28496 28496 I net.osmand: RoutingHelper Recalculate route, because wrong movement direction: 246.21614
07-04 15:08:51.159 28496 28496 I net.osmand: RoutingHelper Recalculate route, because correlation  : 214.74408039865548
07-04 15:08:51.160 28496 28496 I net.osmand: RoutingHelper Recalculate route, because wrong movement direction: 246.21614
07-04 15:08:51.165 28496 28496 I net.osmand: RoutingHelper Recalculate route, because correlation  : 214.74408039865548
07-04 15:08:51.166 28496 28496 I chatty  : uid=10104(net.osmand) identical 1 line
07-04 15:08:51.167 28496 28496 I net.osmand: RoutingHelper Recalculate route, because correlation  : 214.74408039865548
07-04 15:08:51.746 28496 28506 I zygote  : Background concurrent copying GC freed 575318(12MB) AllocSpace objects, 0(0B) LOS objects, 14% free, 35MB/41MB, paused 3.711ms total 487.068ms
07-04 15:08:51.872 28496 28496 I net.osmand: RoutingHelper Recalculate route, because correlation  : 214.74408039865548
07-04 15:08:51.882 28496 28496 I net.osmand: RoutingHelper Recalculate route, because correlation  : 214.74408039865548
07-04 15:08:51.882 28496 28496 I net.osmand: RoutingHelper Recalculate route, because wrong movement direction: 246.21614
07-04 15:08:52.054 28496 28496 I net.osmand: RoutingHelper Recalculate route, because correlation  : 214.74408039865548
07-04 15:08:52.054 28496 28496 I net.osmand: RoutingHelper Recalculate route, because wrong movement direction: 246.21614
07-04 15:08:52.203 28496 28496 I net.osmand: RoutingHelper Recalculate route, because correlation  : 214.74408039865548
07-04 15:08:52.510 28496 28496 I net.osmand: RoutingHelper Recalculate route, because correlation  : 214.74408039865548
07-04 15:08:52.511 28496 28496 I net.osmand: RoutingHelper Recalculate route, because wrong movement direction: 246.21614
07-04 15:08:52.538 28496 28496 I net.osmand: RoutingHelper Recalculate route, because correlation  : 214.74408039865548
07-04 15:08:52.739 28496 28496 I chatty  : uid=10104(net.osmand) identical 1 line
07-04 15:08:52.828 28496 28496 I net.osmand: RoutingHelper Recalculate route, because correlation  : 214.74408039865548
07-04 15:08:52.828 28496 28496 I net.osmand: RoutingHelper Recalculate route, because wrong movement direction: 246.21614
07-04 15:08:53.028 28496 28496 I net.osmand: RoutingHelper Recalculate route, because correlation  : 214.74408039865548
07-04 15:08:53.102 28496 28496 I net.osmand: RoutingHelper Recalculate route, because correlation  : 214.74408039865548
07-04 15:08:53.102 28496 28496 I net.osmand: RoutingHelper Recalculate route, because wrong movement direction: 246.21614
07-04 15:08:53.468 28496 28496 I net.osmand: RoutingHelper Recalculate route, because correlation  : 214.74408039865548
07-04 15:08:53.470 28496 28496 I net.osmand: RoutingHelper Recalculate route, because correlation  : 214.74408039865548
07-04 15:08:53.470 28496 28496 I net.osmand: RoutingHelper Recalculate route, because wrong movement direction: 246.21614
07-04 15:08:53.832 28496 28506 I zygote  : Background concurrent copying GC freed 315315(6MB) AllocSpace objects, 0(0B) LOS objects, 12% free, 42MB/48MB, paused 5.024ms total 1.223s
07-04 15:08:53.959 28496 28496 I net.osmand: RoutingHelper Recalculate route, because correlation  : 214.74408039865548
07-04 15:08:53.983 28496 28496 I net.osmand: RoutingHelper Recalculate route, because correlation  : 214.74408039865548
07-04 15:08:53.983 28496 28496 I net.osmand: RoutingHelper Recalculate route, because wrong movement direction: 246.21614
07-04 15:08:54.062  1604  2293 D NetworkMonitor/NetworkAgentInfo [MOBILE (GPRS) - 100]: PROBE_FALLBACK http://www.google.com/gen_204 Probe failed with exception java.net.UnknownHostException: Unable to resolve host "www.google.com": No address associated with hostname
07-04 15:08:54.076  1604  1682 D ConnectivityService: NetworkAgentInfo [MOBILE (GPRS) - 100] validation failed
07-04 15:08:54.193 28496 28496 I net.osmand: RoutingHelper Recalculate route, because correlation  : 214.74408039865548
07-04 15:08:54.194 28496 28496 I net.osmand: RoutingHelper Recalculate route, because wrong movement direction: 246.21614
07-04 15:08:54.196 28496 28496 I net.osmand: RoutingHelper Recalculate route, because correlation  : 214.74408039865548
07-04 15:08:54.196 28496 28496 I net.osmand: RoutingHelper Recalculate route, because wrong movement direction: 246.21614
07-04 15:08:54.199 28496 28496 I net.osmand: RoutingHelper Recalculate route, because correlation  : 214.74408039865548
07-04 15:08:54.569 28496 28496 I chatty  : uid=10104(net.osmand) identical 1 line
07-04 15:08:54.640 28496 28496 I net.osmand: RoutingHelper Recalculate route, because correlation  : 214.74408039865548
07-04 15:08:54.640 28496 28496 I net.osmand: RoutingHelper Recalculate route, because wrong movement direction: 246.21614
07-04 15:08:55.000 28496 28496 I net.osmand: RoutingHelper Recalculate route, because correlation  : 214.74408039865548
07-04 15:08:55.000 28496 28496 I net.osmand: RoutingHelper Recalculate route, because wrong movement direction: 246.21614
07-04 15:08:55.162 28496 28496 I net.osmand: RoutingHelper Recalculate route, because correlation  : 214.74408039865548
07-04 15:08:55.567 28496 28496 I net.osmand: RoutingHelper Recalculate route, because correlation  : 214.74408039865548
07-04 15:08:55.567 28496 28496 I net.osmand: RoutingHelper Recalculate route, because wrong movement direction: 246.21614
07-04 15:08:55.641 28496 28496 I net.osmand: RoutingHelper Recalculate route, because correlation  : 214.74408039865548
07-04 15:08:55.707 28496 28496 I net.osmand: RoutingHelper Recalculate route, because correlation  : 214.74408039865548
07-04 15:08:55.708 28496 28496 I net.osmand: RoutingHelper Recalculate route, because wrong movement direction: 246.21614
07-04 15:08:55.735 28496 28496 I net.osmand: RoutingHelper Recalculate route, because correlation  : 214.74408039865548
07-04 15:08:56.052 28496 28496 I net.osmand: RoutingHelper Recalculate route, because correlation  : 214.74408039865548
07-04 15:08:56.052 28496 28496 I net.osmand: RoutingHelper Recalculate route, because wrong movement direction: 246.21614
07-04 15:08:56.058 28496 28506 I zygote  : Background concurrent copying GC freed 631179(13MB) AllocSpace objects, 0(0B) LOS objects, 11% free, 45MB/51MB, paused 4.682ms total 1.448s
07-04 15:08:56.141 28496 28496 I net.osmand: RoutingHelper Recalculate route, because correlation  : 214.74408039865548
07-04 15:08:56.141 28496 28496 I net.osmand: RoutingHelper Recalculate route, because wrong movement direction: 246.21614
07-04 15:08:56.220 28496 28496 I net.osmand: RoutingHelper Recalculate route, because correlation  : 214.74408039865548
07-04 15:08:56.265 28496 28496 I chatty  : uid=10104(net.osmand) identical 1 line
07-04 15:08:56.722 28496 28496 I net.osmand: RoutingHelper Recalculate route, because correlation  : 214.74408039865548
07-04 15:08:56.722 28496 28496 I net.osmand: RoutingHelper Recalculate route, because wrong movement direction: 246.21614
07-04 15:08:56.841 28496 28496 I net.osmand: RoutingHelper Recalculate route, because correlation  : 214.74408039865548
07-04 15:08:56.966 32514 32664 E PlayCommon: [2071] aeho.d(289): Failed to connect to server: java.net.ConnectException: Failed to connect to play.googleapis.com/172.217.162.106:443
07-04 15:08:57.120 28496 28496 I net.osmand: RoutingHelper Recalculate route, because correlation  : 214.74408039865548
07-04 15:08:57.120 28496 28496 I net.osmand: RoutingHelper Recalculate route, because wrong movement direction: 246.21614
07-04 15:08:57.249 28496 28496 I net.osmand: RoutingHelper Recalculate route, because correlation  : 214.74408039865548
07-04 15:08:57.297 28496 28496 I net.osmand: RoutingHelper Recalculate route, because correlation  : 214.74408039865548
07-04 15:08:57.297 28496 28496 I net.osmand: RoutingHelper Recalculate route, because wrong movement direction: 246.21614
07-04 15:08:57.354 28496 28496 I net.osmand: RoutingHelper Recalculate route, because correlation  : 214.74408039865548
07-04 15:08:57.475 28496 28496 I net.osmand: RoutingHelper Recalculate route, because correlation  : 214.74408039865548
07-04 15:08:57.477 28496 28496 I net.osmand: RoutingHelper Recalculate route, because wrong movement direction: 246.21614
07-04 15:08:57.630 28496 28496 I net.osmand: RoutingHelper Recalculate route, because correlation  : 214.74408039865548
07-04 15:08:58.014 28496 28496 I net.osmand: RoutingHelper Recalculate route, because correlation  : 214.74408039865548
07-04 15:08:58.014 28496 28496 I net.osmand: RoutingHelper Recalculate route, because wrong movement direction: 246.21614
07-04 15:08:58.111 28496 28506 I zygote  : Background concurrent copying GC freed 773093(17MB) AllocSpace objects, 0(0B) LOS objects, 12% free, 42MB/48MB, paused 1.544ms total 1.240s
07-04 15:08:58.163 28496 28496 I net.osmand: RoutingHelper Recalculate route, because correlation  : 214.74408039865548
07-04 15:08:58.310 28496 28496 I net.osmand: RoutingHelper Recalculate route, because correlation  : 214.74408039865548
07-04 15:08:58.310 28496 28496 I net.osmand: RoutingHelper Recalculate route, because wrong movement direction: 246.21614
07-04 15:08:58.362 28496 28496 I net.osmand: RoutingHelper Recalculate route, because correlation  : 214.74408039865548
07-04 15:08:58.656 28496 28496 I chatty  : uid=10104(net.osmand) identical 1 line
07-04 15:08:58.709 28496 28496 I net.osmand: RoutingHelper Recalculate route, because correlation  : 214.74408039865548
07-04 15:08:58.709 28496 28496 I net.osmand: RoutingHelper Recalculate route, because wrong movement direction: 246.21614
07-04 15:08:58.927 28496 28496 I net.osmand: RoutingHelper Recalculate route, because correlation  : 214.74408039865548
07-04 15:08:58.969 28496 28496 I net.osmand: RoutingHelper Recalculate route, because correlation  : 214.74408039865548
07-04 15:08:58.969 28496 28496 I net.osmand: RoutingHelper Recalculate route, because wrong movement direction: 246.21614
07-04 15:08:59.190 28496 28496 I net.osmand: RoutingHelper Recalculate route, because correlation  : 214.74408039865548
07-04 15:08:59.190 28496 28496 I net.osmand: RoutingHelper Recalculate route, because wrong movement direction: 246.21614
07-04 15:08:59.194 28496 28496 I net.osmand: RoutingHelper Recalculate route, because correlation  : 214.74408039865548
07-04 15:08:59.674 28496 28506 I zygote  : Background concurrent copying GC freed 679105(14MB) AllocSpace objects, 0(0B) LOS objects, 13% free, 38MB/44MB, paused 7.985ms total 883.331ms
07-04 15:08:59.691 28496 28496 I net.osmand: RoutingHelper Recalculate route, because correlation  : 214.74408039865548
07-04 15:08:59.691 28496 28496 I net.osmand: RoutingHelper Recalculate route, because wrong movement direction: 246.21614
07-04 15:08:59.703 28496 28496 I net.osmand: RoutingHelper Recalculate route, because correlation  : 214.74408039865548
07-04 15:08:59.926  1604  2501 I WifiService: acquireWifiLock uid=10014 lockMode=2
07-04 15:09:00.038 28496 28496 I net.osmand: RoutingHelper Recalculate route, because correlation  : 214.74408039865548
07-04 15:09:00.148 28496 28496 I net.osmand: RoutingHelper Recalculate route, because correlation  : 214.74408039865548
07-04 15:09:00.148 28496 28496 I net.osmand: RoutingHelper Recalculate route, because wrong movement direction: 246.21614
07-04 15:09:00.670 28496 28496 I net.osmand: RoutingHelper Recalculate route, because correlation  : 214.74408039865548
07-04 15:09:00.670 28496 28496 I net.osmand: RoutingHelper Recalculate route, because wrong movement direction: 246.21614
07-04 15:09:00.725 28496 28496 I net.osmand: RoutingHelper Recalculate route, because correlation  : 214.74408039865548
07-04 15:09:00.789 28496 28496 I net.osmand: RoutingHelper Recalculate route, because correlation  : 214.74408039865548
07-04 15:09:00.789 28496 28496 I net.osmand: RoutingHelper Recalculate route, because wrong movement direction: 246.21614
07-04 15:09:00.796 28496 28496 I net.osmand: RoutingHelper Recalculate route, because correlation  : 214.74408039865548
07-04 15:09:01.058 28496 28496 I chatty  : uid=10104(net.osmand) identical 1 line
07-04 15:09:01.077 28496 28496 I net.osmand: RoutingHelper Recalculate route, because correlation  : 214.74408039865548
07-04 15:09:01.077 28496 28496 I net.osmand: RoutingHelper Recalculate route, because wrong movement direction: 246.21614
07-04 15:09:01.332 32514 32535 I Finsky  : [2051] jen.run(3): Stats for Executor: BlockingExecutor jfw@7ffb620[Running, pool size = 0, active threads = 0, queued tasks = 0, completed tasks = 13]
07-04 15:09:01.386 32514 32535 I Finsky  : [2051] jen.run(3): Stats for Executor: LightweightExecutor jfw@e1e7bd9[Running, pool size = 2, active threads = 0, queued tasks = 0, completed tasks = 61]
07-04 15:09:01.424 28496 28496 I net.osmand: RoutingHelper Recalculate route, because correlation  : 214.74408039865548
07-04 15:09:01.424 28496 28496 I net.osmand: RoutingHelper Recalculate route, because wrong movement direction: 246.21614
07-04 15:09:01.611 28496 28506 I zygote  : Background concurrent copying GC freed 488345(10MB) AllocSpace objects, 0(0B) LOS objects, 12% free, 40MB/46MB, paused 8.194ms total 1.217s
07-04 15:09:01.615 28496 28496 I net.osmand: RoutingHelper Recalculate route, because correlation  : 214.74408039865548
07-04 15:09:02.012 28496 28496 I net.osmand: RoutingHelper Recalculate route, because correlation  : 214.74408039865548
07-04 15:09:02.012 28496 28496 I net.osmand: RoutingHelper Recalculate route, because wrong movement direction: 246.21614
07-04 15:09:02.092  1604  1621 E BatteryExternalStatsWorker: modem info is invalid: ModemActivityInfo{ mTimestamp=0 mSleepTimeMs=0 mIdleTimeMs=0 mTxTimeMs[]=[0, 0, 0, 0, 0] mRxTimeMs=0 mEnergyUsed=0}
07-04 15:09:02.141 28496 28496 I net.osmand: RoutingHelper Recalculate route, because correlation  : 214.74408039865548
07-04 15:09:02.422 28496 28496 I net.osmand: RoutingHelper Recalculate route, because correlation  : 214.74408039865548
07-04 15:09:02.423 28496 28496 I net.osmand: RoutingHelper Recalculate route, because wrong movement direction: 246.21614
07-04 15:09:02.538 28496 28496 I net.osmand: RoutingHelper Recalculate route, because correlation  : 214.74408039865548
07-04 15:09:02.592 28496 28496 I net.osmand: RoutingHelper Recalculate route, because correlation  : 214.74408039865548
07-04 15:09:02.592 28496 28496 I net.osmand: RoutingHelper Recalculate route, because wrong movement direction: 246.21614
07-04 15:09:02.595 28496 28496 I net.osmand: RoutingHelper Recalculate route, because correlation  : 214.74408039865548
07-04 15:09:02.938 28496 28496 I chatty  : uid=10104(net.osmand) identical 1 line
07-04 15:09:02.959 28496 28496 I net.osmand: RoutingHelper Recalculate route, because correlation  : 214.74408039865548
07-04 15:09:02.960 28496 28496 I net.osmand: RoutingHelper Recalculate route, because wrong movement direction: 246.21614
07-04 15:09:03.008  1604  2501 D WificondControl: Scan result ready event
07-04 15:09:03.083 28496 28496 I net.osmand: RoutingHelper Recalculate route, because correlation  : 214.74408039865548
07-04 15:09:03.161 28496 28496 I net.osmand: RoutingHelper Recalculate route, because correlation  : 214.74408039865548
07-04 15:09:03.161 28496 28496 I net.osmand: RoutingHelper Recalculate route, because wrong movement direction: 246.21614
07-04 15:09:03.223  1604  4176 I WifiService: releaseWifiLock uid=10014
07-04 15:09:03.536 32514 32535 I Finsky  : [2051] jen.run(3): Stats for Executor: bgExecutor jfw@f8d099e[Running, pool size = 4, active threads = 0, queued tasks = 0, completed tasks = 68]
07-04 15:09:03.735 28496 28506 I zygote  : Background concurrent copying GC freed 576217(12MB) AllocSpace objects, 0(0B) LOS objects, 12% free, 40MB/46MB, paused 11.578ms total 1.214s
07-04 15:09:04.009 28496 28496 I net.osmand: RoutingHelper Recalculate route, because correlation  : 214.74408039865548
07-04 15:09:04.092 28496 28496 I net.osmand: RoutingHelper Recalculate route, because correlation  : 214.74408039865548
07-04 15:09:04.092 28496 28496 I net.osmand: RoutingHelper Recalculate route, because wrong movement direction: 246.21614
07-04 15:09:04.196 28496 28496 I net.osmand: RoutingHelper Recalculate route, because correlation  : 214.74408039865548
07-04 15:09:04.281 28496 28496 I net.osmand: RoutingHelper Recalculate route, because correlation  : 214.74408039865548
07-04 15:09:04.282 28496 28496 I net.osmand: RoutingHelper Recalculate route, because wrong movement direction: 246.21614
07-04 15:09:04.285 28496 28496 I net.osmand: RoutingHelper Recalculate route, because correlation  : 214.74408039865548
07-04 15:09:04.285 28496 28496 I net.osmand: RoutingHelper Recalculate route, because wrong movement direction: 246.21614
07-04 15:09:04.290 28496 28496 I net.osmand: RoutingHelper Recalculate route, because correlation  : 214.74408039865548
07-04 15:09:04.445 28496 28496 I net.osmand: RoutingHelper Recalculate route, because correlation  : 214.74408039865548
07-04 15:09:04.445 28496 28496 I net.osmand: RoutingHelper Recalculate route, because wrong movement direction: 246.21614
07-04 15:09:04.502 28496 28496 I net.osmand: RoutingHelper Recalculate route, because correlation  : 214.74408039865548
07-04 15:09:05.010 28496 28496 I chatty  : uid=10104(net.osmand) identical 1 line
07-04 15:09:05.079 28496 28496 I net.osmand: RoutingHelper Recalculate route, because correlation  : 214.74408039865548
07-04 15:09:05.079 28496 28496 I net.osmand: RoutingHelper Recalculate route, because wrong movement direction: 246.21614
07-04 15:09:05.596 28496 28496 I net.osmand: RoutingHelper Recalculate route, because correlation  : 214.74408039865548
07-04 15:09:05.597 28496 28496 I net.osmand: RoutingHelper Recalculate route, because wrong movement direction: 246.21614
07-04 15:09:05.655 28496 28496 I net.osmand: RoutingHelper Recalculate route, because correlation  : 214.74408039865548
07-04 15:09:05.832 28496 28496 I chatty  : uid=10104(net.osmand) identical 1 line
07-04 15:09:05.979 28496 28496 I net.osmand: RoutingHelper Recalculate route, because correlation  : 214.74408039865548
07-04 15:09:05.979 28496 28496 I net.osmand: RoutingHelper Recalculate route, because wrong movement direction: 246.21614
07-04 15:09:06.114 28496 28496 I net.osmand: RoutingHelper Recalculate route, because correlation  : 214.74408039865548
07-04 15:09:06.115 28496 28496 I net.osmand: RoutingHelper Recalculate route, because wrong movement direction: 246.21614
07-04 15:09:06.119 28496 28496 I net.osmand: RoutingHelper Recalculate route, because correlation  : 214.74408039865548
07-04 15:09:06.119 28496 28496 I net.osmand: RoutingHelper Recalculate route, because wrong movement direction: 246.21614
07-04 15:09:06.259 28496 28506 I zygote  : Background concurrent copying GC freed 574141(12MB) AllocSpace objects, 0(0B) LOS objects, 13% free, 40MB/46MB, paused 5.780ms total 1.037s
07-04 15:09:06.280 28496 28496 I net.osmand: RoutingHelper Recalculate route, because correlation  : 214.74408039865548
07-04 15:09:06.856 28496 28496 I chatty  : uid=10104(net.osmand) identical 2 lines
07-04 15:09:06.873 28496 28496 I net.osmand: RoutingHelper Recalculate route, because correlation  : 214.74408039865548
07-04 15:09:06.874 28496 28496 I net.osmand: RoutingHelper Recalculate route, because wrong movement direction: 246.21614
07-04 15:09:07.097 28496 28496 I net.osmand: RoutingHelper Recalculate route, because correlation  : 214.74408039865548
07-04 15:09:07.098 28496 28496 I net.osmand: RoutingHelper Recalculate route, because wrong movement direction: 246.21614
07-04 15:09:07.102 28496 28496 I net.osmand: RoutingHelper Recalculate route, because correlation  : 214.74408039865548
07-04 15:09:07.431 28496 28496 I chatty  : uid=10104(net.osmand) identical 1 line
07-04 15:09:07.600 28496 28496 I net.osmand: RoutingHelper Recalculate route, because correlation  : 214.74408039865548
07-04 15:09:07.600 28496 28496 I net.osmand: RoutingHelper Recalculate route, because wrong movement direction: 246.21614
07-04 15:09:07.719 28496 28496 I net.osmand: RoutingHelper Recalculate route, because correlation  : 214.74408039865548
07-04 15:09:07.719 28496 28496 I net.osmand: RoutingHelper Recalculate route, because wrong movement direction: 246.21614
07-04 15:09:07.800 28496 28496 I net.osmand: RoutingHelper Recalculate route, because correlation  : 214.74408039865548
07-04 15:09:08.015 28496 28496 I net.osmand: RoutingHelper Recalculate route, because correlation  : 214.74408039865548
07-04 15:09:08.015 28496 28496 I net.osmand: RoutingHelper Recalculate route, because wrong movement direction: 246.21614
07-04 15:09:08.141 28496 28496 I net.osmand: RoutingHelper Recalculate route, because correlation  : 214.74408039865548
07-04 15:09:08.408 28496 28496 I chatty  : uid=10104(net.osmand) identical 1 line
07-04 15:09:08.497 28496 28496 I net.osmand: RoutingHelper Recalculate route, because correlation  : 214.74408039865548
07-04 15:09:08.497 28496 28496 I net.osmand: RoutingHelper Recalculate route, because wrong movement direction: 246.21614
07-04 15:09:08.674 28496 28506 I zygote  : Background concurrent copying GC freed 561550(12MB) AllocSpace objects, 0(0B) LOS objects, 11% free, 44MB/50MB, paused 28.903ms total 1.645s
07-04 15:09:09.041 28496 28496 I net.osmand: RoutingHelper Recalculate route, because correlation  : 214.74408039865548
07-04 15:09:09.133 28496 28496 I net.osmand: RoutingHelper Recalculate route, because correlation  : 214.74408039865548
07-04 15:09:09.133 28496 28496 I net.osmand: RoutingHelper Recalculate route, because wrong movement direction: 246.21614
07-04 15:09:09.153 28496 28496 I net.osmand: RoutingHelper Recalculate route, because correlation  : 214.74408039865548
07-04 15:09:09.153 28496 28496 I net.osmand: RoutingHelper Recalculate route, because wrong movement direction: 246.21614
07-04 15:09:09.231 28496 28496 I net.osmand: RoutingHelper Recalculate route, because correlation  : 214.74408039865548
07-04 15:09:09.320 28496 28496 I chatty  : uid=10104(net.osmand) identical 1 line
07-04 15:09:09.342 28496 28496 I net.osmand: RoutingHelper Recalculate route, because correlation  : 214.74408039865548
07-04 15:09:09.342 28496 28496 I net.osmand: RoutingHelper Recalculate route, because wrong movement direction: 246.21614
07-04 15:09:09.814 28496 28496 I net.osmand: RoutingHelper Recalculate route, because correlation  : 214.74408039865548
07-04 15:09:09.814 28496 28496 I net.osmand: RoutingHelper Recalculate route, because wrong movement direction: 246.21614
07-04 15:09:09.898 28496 28496 I net.osmand: RoutingHelper Recalculate route, because correlation  : 214.74408039865548
07-04 15:09:10.139 28496 28496 I net.osmand: RoutingHelper Recalculate route, because correlation  : 214.74408039865548
07-04 15:09:10.139 28496 28496 I net.osmand: RoutingHelper Recalculate route, because wrong movement direction: 246.21614
07-04 15:09:10.314 28496 28496 I net.osmand: RoutingHelper Recalculate route, because correlation  : 214.74408039865548
07-04 15:09:10.798 28496 28496 I net.osmand: RoutingHelper Recalculate route, because correlation  : 214.74408039865548
07-04 15:09:10.798 28496 28496 I net.osmand: RoutingHelper Recalculate route, because wrong movement direction: 246.21614
07-04 15:09:10.881 28496 28496 I net.osmand: RoutingHelper Recalculate route, because correlation  : 214.74408039865548
07-04 15:09:10.881 28496 28496 I net.osmand: RoutingHelper Recalculate route, because wrong movement direction: 246.21614
07-04 15:09:11.026 28496 28506 I zygote  : Background concurrent copying GC freed 756013(16MB) AllocSpace objects, 0(0B) LOS objects, 12% free, 41MB/47MB, paused 1.368ms total 1.276s
07-04 15:09:11.105 28496 28496 I net.osmand: RoutingHelper Recalculate route, because correlation  : 214.74408039865548
07-04 15:09:11.151 28496 28496 I net.osmand: RoutingHelper Recalculate route, because correlation  : 214.74408039865548
07-04 15:09:11.151 28496 28496 I net.osmand: RoutingHelper Recalculate route, because wrong movement direction: 246.21614
07-04 15:09:11.202 28496 28496 I net.osmand: RoutingHelper Recalculate route, because correlation  : 214.74408039865548
07-04 15:09:11.310 28496 28496 I net.osmand: RoutingHelper Recalculate route, because correlation  : 214.74408039865548
07-04 15:09:11.311 28496 28496 I net.osmand: RoutingHelper Recalculate route, because wrong movement direction: 246.21614
07-04 15:09:11.385 28496 28496 I net.osmand: RoutingHelper Recalculate route, because correlation  : 214.74408039865548
07-04 15:09:12.037  2180  9739 E PlayCommon: [474] pdc.c: Failed to connect to server: java.net.ConnectException: Failed to connect to play.googleapis.com/172.217.162.106:443
07-04 15:09:12.044 28496 28496 I net.osmand: RoutingHelper Recalculate route, because correlation  : 214.74408039865548
07-04 15:09:12.044 28496 28496 I net.osmand: RoutingHelper Recalculate route, because wrong movement direction: 246.21614
07-04 15:09:12.079 28496 28496 I net.osmand: RoutingHelper Recalculate route, because correlation  : 214.74408039865548
07-04 15:09:12.141 28496 28496 I net.osmand: RoutingHelper Recalculate route, because correlation  : 214.74408039865548
07-04 15:09:12.142 28496 28496 I net.osmand: RoutingHelper Recalculate route, because wrong movement direction: 246.21614
07-04 15:09:12.154 28496 28496 I net.osmand: RoutingHelper Recalculate route, because correlation  : 214.74408039865548
07-04 15:09:12.400 28496 28496 I net.osmand: RoutingHelper Recalculate route, because correlation  : 214.74408039865548
07-04 15:09:12.401 28496 28496 I net.osmand: RoutingHelper Recalculate route, because wrong movement direction: 246.21614
07-04 15:09:12.570 28496 28496 I net.osmand: RoutingHelper Recalculate route, because correlation  : 214.74408039865548
07-04 15:09:12.742 28496 28496 I net.osmand: RoutingHelper Recalculate route, because correlation  : 214.74408039865548
07-04 15:09:12.742 28496 28496 I net.osmand: RoutingHelper Recalculate route, because wrong movement direction: 246.21614
07-04 15:09:12.923 28496 28496 I net.osmand: RoutingHelper Recalculate route, because correlation  : 214.74408039865548
07-04 15:09:13.079 28496 28496 I net.osmand: RoutingHelper Recalculate route, because correlation  : 214.74408039865548
07-04 15:09:13.079 28496 28496 I net.osmand: RoutingHelper Recalculate route, because wrong movement direction: 246.21614
07-04 15:09:13.083 28496 28496 I net.osmand: RoutingHelper Recalculate route, because correlation  : 214.74408039865548
07-04 15:09:13.362 28496 28506 I zygote  : Background concurrent copying GC freed 591191(13MB) AllocSpace objects, 0(0B) LOS objects, 12% free, 41MB/47MB, paused 1.496ms total 1.119s
07-04 15:09:13.664 28496 28496 I net.osmand: RoutingHelper Recalculate route, because correlation  : 214.74408039865548
07-04 15:09:13.689 28496 28496 I net.osmand: RoutingHelper Recalculate route, because correlation  : 214.74408039865548
07-04 15:09:13.690 28496 28496 I net.osmand: RoutingHelper Recalculate route, because wrong movement direction: 246.21614
07-04 15:09:13.888 28496 28496 I net.osmand: RoutingHelper Recalculate route, because correlation  : 214.74408039865548
07-04 15:09:13.889 28496 28496 I net.osmand: RoutingHelper Recalculate route, because wrong movement direction: 246.21614
07-04 15:09:14.024 28496 28496 I net.osmand: RoutingHelper Recalculate route, because correlation  : 214.74408039865548
07-04 15:09:14.122 28496 28496 I net.osmand: RoutingHelper Recalculate route, because correlation  : 214.74408039865548
07-04 15:09:14.123 28496 28496 I net.osmand: RoutingHelper Recalculate route, because wrong movement direction: 246.21614
07-04 15:09:14.290 28496 28496 I net.osmand: RoutingHelper Recalculate route, because correlation  : 214.74408039865548
07-04 15:09:14.292 28496 28496 I net.osmand: RoutingHelper Recalculate route, because correlation  : 214.74408039865548
07-04 15:09:14.292 28496 28496 I net.osmand: RoutingHelper Recalculate route, because wrong movement direction: 246.21614
07-04 15:09:14.294 28496 28496 I net.osmand: RoutingHelper Recalculate route, because correlation  : 214.74408039865548
07-04 15:09:14.807 28496 28506 I zygote  : Background concurrent copying GC freed 606951(13MB) AllocSpace objects, 0(0B) LOS objects, 13% free, 37MB/43MB, paused 1.252ms total 745.801ms
07-04 15:09:14.905 28496 28496 I net.osmand: RoutingHelper Recalculate route, because correlation  : 214.74408039865548
07-04 15:09:14.967 28496 28496 I net.osmand: RoutingHelper Recalculate route, because correlation  : 214.74408039865548
07-04 15:09:14.967 28496 28496 I net.osmand: RoutingHelper Recalculate route, because wrong movement direction: 246.21614
07-04 15:09:15.144 28496 28496 I net.osmand: RoutingHelper Recalculate route, because correlation  : 214.74408039865548
07-04 15:09:15.144 28496 28496 I net.osmand: RoutingHelper Recalculate route, because wrong movement direction: 246.21614
07-04 15:09:15.390 28496 28496 I net.osmand: RoutingHelper Recalculate route, because correlation  : 214.74408039865548
