06-28 17:04:55.776  5258  5287 I net.osmand: MapRenderRepositories RENDER MAP: new request RotatedTileBox [lat=-7.5891947746276855, lon=-37.54106903076172, rotate=102.382774, density=2.625, zoom=17, mapDensity=2.625, zoomAnimation=0.0, zoomFloatPart=0.0, cx=1495, cy=762, pixWidth=2990, pixHeight=1525]
06-28 17:04:55.814  1713  1713 I Choreographer: Skipped 56 frames!  The application may be doing too much work on its main thread.
06-28 17:04:55.838  1713  1713 W StaticLayout: maxLineHeight should not be -1.  maxLines:1 lineCount:1
06-28 17:04:55.846  1713  1713 I chatty  : uid=10029(com.android.systemui) identical 2 lines
06-28 17:04:55.847  1713  1713 W StaticLayout: maxLineHeight should not be -1.  maxLines:1 lineCount:1
06-28 17:04:55.848  1713  1713 W StaticLayout: maxLineHeight should not be -1.  maxLines:7 lineCount:7
06-28 17:04:55.858  1713  1713 I chatty  : uid=10029(com.android.systemui) identical 2 lines
06-28 17:04:55.859  1713  1713 W StaticLayout: maxLineHeight should not be -1.  maxLines:7 lineCount:7
06-28 17:04:55.914  5258  5287 I net.osmand:native: Route objects 131
06-28 17:04:55.915  5258  5287 I net.osmand:native: Ocean: no completed & incompleted coastlines 0
06-28 17:04:55.915  5258  5287 I net.osmand:native: Detailed coastlines = 0, basemap coastlines 0, ocean tile 0.000000. Detailed added 0, basemap processed 1, basemap added 0.
06-28 17:04:55.915  5258  5287 I net.osmand:native: Search : tree - read( 413), accept( 34), objs - visit( 2366), accept(143), in result(131) 
06-28 17:04:55.918  5258  5287 I net.osmand: MapRenderRepositories BLat=-7.5964271306991575, TLat=-7.581967663764954, LLong=-37.5454216003418, RLong=-37.53670883178711, zoom=17
06-28 17:04:55.921  5258  5287 I net.osmand: MapRenderRepositories Native search: 142 ms 
06-28 17:04:55.921  5258  5287 W net.osmand: MapRenderRepositories Create new image ? 2990 != 1800 (w) 1525 != 2690 (h) 
06-28 17:04:55.922  5258  5287 I net.osmand:native: Creating SkBitmap in native w:2990 h:1525 s:11960 f:1!
06-28 17:04:55.922  5258  5287 I net.osmand:native: Row bytes for RGBA_8888 is 11960
06-28 17:04:55.922  5258  5287 I net.osmand:native: Locked 18239000 bytes at 0x78d80000
06-28 17:04:55.922  5258  5287 I net.osmand:native: Initializing rendering
06-28 17:04:55.923  5258  5287 I net.osmand:native: Rendering image
06-28 17:04:55.931  5258  5258 W System.err: OnCreate for MapActivity took 1146 ms
06-28 17:04:55.934  1713  1713 W StaticLayout: maxLineHeight should not be -1.  maxLines:1 lineCount:1
06-28 17:04:55.938  1713  1713 I chatty  : uid=10029(com.android.systemui) identical 2 lines
06-28 17:04:55.952  1713  1713 W StaticLayout: maxLineHeight should not be -1.  maxLines:1 lineCount:1
06-28 17:04:55.953  1713  1713 W StaticLayout: maxLineHeight should not be -1.  maxLines:7 lineCount:7
06-28 17:04:55.972  1713  1713 W StaticLayout: maxLineHeight should not be -1.  maxLines:7 lineCount:7
06-28 17:04:55.973  1713  1713 W StaticLayout: maxLineHeight should not be -1.  maxLines:1 lineCount:1
06-28 17:04:55.979  1713  1713 I chatty  : uid=10029(com.android.systemui) identical 2 lines
06-28 17:04:55.980  1713  1713 W StaticLayout: maxLineHeight should not be -1.  maxLines:1 lineCount:1
06-28 17:04:55.982  1713  1713 W StaticLayout: maxLineHeight should not be -1.  maxLines:7 lineCount:7
06-28 17:04:55.993  1713  1713 I chatty  : uid=10029(com.android.systemui) identical 2 lines
06-28 17:04:55.994  1713  1713 W StaticLayout: maxLineHeight should not be -1.  maxLines:7 lineCount:7
06-28 17:04:56.000  1713  1713 W StaticLayout: maxLineHeight should not be -1.  maxLines:1 lineCount:1
06-28 17:04:56.039  1713  1713 I chatty  : uid=10029(com.android.systemui) identical 1 line
06-28 17:04:56.040  1713  1713 W StaticLayout: maxLineHeight should not be -1.  maxLines:1 lineCount:1
06-28 17:04:56.046  1713  1713 W StaticLayout: maxLineHeight should not be -1.  maxLines:7 lineCount:7
06-28 17:04:56.046  1713  1713 W StaticLayout: maxLineHeight should not be -1.  maxLines:7 lineCount:7
06-28 17:04:56.066  1713  1713 W StaticLayout: maxLineHeight should not be -1.  maxLines:1 lineCount:1
06-28 17:04:56.067  1713  1713 I chatty  : uid=10029(com.android.systemui) identical 1 line
06-28 17:04:56.068  1713  1713 W StaticLayout: maxLineHeight should not be -1.  maxLines:1 lineCount:1
06-28 17:04:56.073  1713  1713 W StaticLayout: maxLineHeight should not be -1.  maxLines:7 lineCount:7
06-28 17:04:56.075  5258  5258 D InAppPurchaseHelper: Destroying helper.
06-28 17:04:56.078  1713  1713 W StaticLayout: maxLineHeight should not be -1.  maxLines:7 lineCount:7
06-28 17:04:56.096  1713  1713 W StaticLayout: maxLineHeight should not be -1.  maxLines:1 lineCount:1
06-28 17:04:56.105  1713  1713 I chatty  : uid=10029(com.android.systemui) identical 1 line
06-28 17:04:56.107  1713  1713 W StaticLayout: maxLineHeight should not be -1.  maxLines:1 lineCount:1
06-28 17:04:56.111  1713  1713 W StaticLayout: maxLineHeight should not be -1.  maxLines:7 lineCount:7
06-28 17:04:56.112  1713  1713 W StaticLayout: maxLineHeight should not be -1.  maxLines:7 lineCount:7
06-28 17:04:56.128  5258  5258 D net.osmand: Enable sensor
06-28 17:04:56.202  1397  1397 D gralloc_ranchu: gralloc_alloc: Creating ashmem region of size 274432
06-28 17:04:56.291  1713  1713 W StaticLayout: maxLineHeight should not be -1.  maxLines:1 lineCount:1
06-28 17:04:56.315  1596  1621 W WindowManager: App freeze timeout expired.
06-28 17:04:56.315  1596  1621 W WindowManager: Force clearing freeze: AppWindowToken{5b0c9ee token=Token{116953e ActivityRecord{32e71f9 u0 net.osmand/.plus.activities.MapActivity t3}}}
06-28 17:04:56.329  5258  5258 W System.err: OnCreate for MapActivity took 254 ms
06-28 17:04:56.348  5258  5258 I Choreographer: Skipped 115 frames!  The application may be doing too much work on its main thread.
06-28 17:04:56.397  1397  1397 D gralloc_ranchu: gralloc_alloc: Creating ashmem region of size 8298496
06-28 17:04:56.408  1713  1713 W StaticLayout: maxLineHeight should not be -1.  maxLines:1 lineCount:1
06-28 17:04:56.415  5258  5258 W ResourceType: For resource 0x7f0e013b, entry index(315) is beyond type entryCount(142)
06-28 17:04:56.426  5258  5258 I chatty  : uid=10104(net.osmand) identical 10 lines
06-28 17:04:56.426  5258  5258 W ResourceType: For resource 0x7f0e013b, entry index(315) is beyond type entryCount(142)
06-28 17:04:56.426  1713  1713 W StaticLayout: maxLineHeight should not be -1.  maxLines:1 lineCount:1
06-28 17:04:56.427  5258  5258 W ResourceType: For resource 0x7f0e013b, entry index(315) is beyond type entryCount(142)
06-28 17:04:56.427  5258  5258 I chatty  : uid=10104(net.osmand) identical 1 line
06-28 17:04:56.427  5258  5258 W ResourceType: For resource 0x7f0e013b, entry index(315) is beyond type entryCount(142)
06-28 17:04:56.427  1713  1713 W StaticLayout: maxLineHeight should not be -1.  maxLines:1 lineCount:1
06-28 17:04:56.428  5258  5258 W ResourceType: For resource 0x7f0e013b, entry index(315) is beyond type entryCount(142)
06-28 17:04:56.441  5258  5258 I chatty  : uid=10104(net.osmand) identical 13 lines
06-28 17:04:56.442  5258  5258 W ResourceType: For resource 0x7f0e013b, entry index(315) is beyond type entryCount(142)
06-28 17:04:56.451  1713  1713 W StaticLayout: maxLineHeight should not be -1.  maxLines:7 lineCount:7
06-28 17:04:56.452  1713  1713 W StaticLayout: maxLineHeight should not be -1.  maxLines:7 lineCount:7
06-28 17:04:56.475  5258  5258 W ResourceType: For resource 0x7f0e013b, entry index(315) is beyond type entryCount(142)
06-28 17:04:56.498  5258  5258 I chatty  : uid=10104(net.osmand) identical 38 lines
06-28 17:04:56.498  5258  5258 W ResourceType: For resource 0x7f0e013b, entry index(315) is beyond type entryCount(142)
06-28 17:04:56.526  5258  5258 W View    : requestLayout() improperly called by android.widget.ListView{e6b645b VFED.VC.. ......ID 0,0-735,1794 #7f0803ba app:id/menuItems} during layout: running second layout pass
06-28 17:04:56.533  1713  1713 W StaticLayout: maxLineHeight should not be -1.  maxLines:7 lineCount:7
06-28 17:04:56.533  1713  1713 W StaticLayout: maxLineHeight should not be -1.  maxLines:7 lineCount:7
06-28 17:04:56.541  1713  1713 W StaticLayout: maxLineHeight should not be -1.  maxLines:1 lineCount:1
06-28 17:04:56.555  1713  1713 I chatty  : uid=10029(com.android.systemui) identical 2 lines
06-28 17:04:56.556  1713  1713 W StaticLayout: maxLineHeight should not be -1.  maxLines:1 lineCount:1
06-28 17:04:56.562  1713  1713 W StaticLayout: maxLineHeight should not be -1.  maxLines:7 lineCount:7
06-28 17:04:56.593  5258  5288 I net.osmand: MapRenderRepositories RENDER MAP: update due to rotation
06-28 17:04:56.593  5258  5288 I net.osmand: MapRenderRepositories RENDER MAP: Interrupt rendering map
06-28 17:04:56.594  5258  5301 D EGL_emulation: eglMakeCurrent: 0xa1c85a20: ver 2 0 (tinfo 0xa1c83380)
06-28 17:04:56.635  1397  1397 D gralloc_ranchu: gralloc_alloc: Creating ashmem region of size 8298496
06-28 17:04:56.638  5258  5287 I net.osmand:native: Native ok (rendering 0, text 334 ms) 
06-28 17:04:56.638  5258  5287 I net.osmand:native:  (1122 points, 606 points inside, 254 of 265 objects visible)
06-28 17:04:56.639  5258  5287 I net.osmand:native: End Rendering image
06-28 17:04:56.639  5258  5287 I net.osmand:native: Native ok (init 1, rendering 0) 
06-28 17:04:56.640  1713  1713 W StaticLayout: maxLineHeight should not be -1.  maxLines:7 lineCount:7
06-28 17:04:56.641  1713  1713 W StaticLayout: maxLineHeight should not be -1.  maxLines:1 lineCount:1
06-28 17:04:56.677  1397  1397 D gralloc_ranchu: gralloc_alloc: Creating ashmem region of size 3878912
06-28 17:04:56.772  5258  5287 I net.osmand: MapRenderRepositories true
06-28 17:04:56.772  5258  5287 I net.osmand: MapRenderRepositories RENDER MAP: new request RotatedTileBox [lat=-7.5891947746276855, lon=-37.54106903076172, rotate=4.42919, density=2.625, zoom=17, mapDensity=2.625, zoomAnimation=0.0, zoomFloatPart=0.0, cx=900, cy=1297, pixWidth=1800, pixHeight=2595]
06-28 17:04:56.790  1713  1713 W StaticLayout: maxLineHeight should not be -1.  maxLines:7 lineCount:7
06-28 17:04:56.810  1713  1713 I chatty  : uid=10029(com.android.systemui) identical 2 lines
06-28 17:04:56.812  1713  1713 W StaticLayout: maxLineHeight should not be -1.  maxLines:7 lineCount:7
06-28 17:04:56.825  1397  1397 D gralloc_ranchu: gralloc_alloc: Creating ashmem region of size 8298496
06-28 17:04:56.850  1713  1713 W StaticLayout: maxLineHeight should not be -1.  maxLines:1 lineCount:1
06-28 17:04:56.863  1713  1713 I chatty  : uid=10029(com.android.systemui) identical 1 line
06-28 17:04:56.867  1713  1713 W StaticLayout: maxLineHeight should not be -1.  maxLines:1 lineCount:1
06-28 17:04:56.891  1397  1397 D gralloc_ranchu: gralloc_alloc: Creating ashmem region of size 3878912
06-28 17:04:56.920  1411  1411 W SurfaceFlinger: couldn't log to binary event log: overflow.
06-28 17:04:56.964  5258  5287 I net.osmand:native: Route objects 111
06-28 17:04:56.964  5258  5287 I net.osmand:native: Ocean: no completed & incompleted coastlines 0
06-28 17:04:56.964  5258  5287 I net.osmand:native: Detailed coastlines = 0, basemap coastlines 0, ocean tile 0.000000. Detailed added 0, basemap processed 1, basemap added 0.
06-28 17:04:56.964  5258  5287 I net.osmand:native: Search : tree - read( 413), accept( 33), objs - visit( 2326), accept(123), in result(111) 
06-28 17:04:56.965  5258  5287 I net.osmand: MapRenderRepositories BLat=-7.5952805280685425, TLat=-7.583114266395569, LLong=-37.545143127441406, RLong=-37.536991119384766, zoom=17
06-28 17:04:56.966  5258  5287 I net.osmand: MapRenderRepositories Native search: 192 ms 
06-28 17:04:56.967  5258  5287 W net.osmand: MapRenderRepositories Create new image ? 1800 != 2990 (w) 2595 != 1525 (h) 
06-28 17:04:56.968  5258  5287 I net.osmand:native: Creating SkBitmap in native w:1800 h:2595 s:7200 f:1!
06-28 17:04:56.968  5258  5287 I net.osmand:native: Row bytes for RGBA_8888 is 7200
06-28 17:04:56.969  5258  5287 I net.osmand:native: Locked 18684000 bytes at 0x7f300000
06-28 17:04:56.973  5258  5287 I net.osmand:native: Initializing rendering
06-28 17:04:56.975  5258  5287 I net.osmand:native: Rendering image
06-28 17:04:57.014  1596  4424 I WifiService: getWifiEnabledState uid=10032
06-28 17:04:57.055  2534  2604 W SearchServiceCore: Abort, client detached.
06-28 17:04:57.071  1713  1713 W StaticLayout: maxLineHeight should not be -1.  maxLines:7 lineCount:7
06-28 17:04:57.083  1713  1713 I chatty  : uid=10029(com.android.systemui) identical 2 lines
06-28 17:04:57.083  1713  1713 W StaticLayout: maxLineHeight should not be -1.  maxLines:7 lineCount:7
06-28 17:04:57.089  1713  1713 W StaticLayout: maxLineHeight should not be -1.  maxLines:1 lineCount:1
06-28 17:04:57.090  1713  1713 W StaticLayout: maxLineHeight should not be -1.  maxLines:1 lineCount:1
06-28 17:04:57.096  2534  2624 I PBSessionCacheImpl: Deleted sessionId[7437321046281] from persistence.
06-28 17:04:57.102  1713  1713 W StaticLayout: maxLineHeight should not be -1.  maxLines:1 lineCount:1
06-28 17:04:57.104  1713  1713 W StaticLayout: maxLineHeight should not be -1.  maxLines:7 lineCount:7
06-28 17:04:57.105  1713  1713 W StaticLayout: maxLineHeight should not be -1.  maxLines:7 lineCount:7
06-28 17:04:57.155  1713  1713 D StatusBar: disable<e i a s b h r c s q >
06-28 17:04:57.181  1713  1924 D EGL_emulation: eglMakeCurrent: 0xa1c853c0: ver 2 0 (tinfo 0xa1c834e0)
06-28 17:04:57.209  1397  1397 D gralloc_ranchu: gralloc_alloc: Creating ashmem region of size 274432
06-28 17:04:57.240  1596  1647 I WindowManager: Screen frozen for +2s973ms due to Window{367a9df u0 StatusBar}
06-28 17:04:57.242  1397  1397 D gralloc_ranchu: gralloc_alloc: Creating ashmem region of size 544768
06-28 17:04:57.251  1713  1924 D EGL_emulation: eglMakeCurrent: 0xa1c853c0: ver 2 0 (tinfo 0xa1c834e0)
06-28 17:04:57.260  1397  1397 D gralloc_ranchu: gralloc_alloc: Creating ashmem region of size 544768
06-28 17:04:57.287  1411  1411 D SurfaceFlinger: duplicate layer name: changing BlackSurface to BlackSurface#1
06-28 17:04:57.312  1411  1411 D SurfaceFlinger: duplicate layer name: changing BlackSurface to BlackSurface#2
06-28 17:04:57.384  1713  1713 W StatusBar/NavBarView: *** Invalid layout in navigation bar (sizeChanged this=1080x126 cur=1038x126)
06-28 17:04:57.591  1713  1924 D EGL_emulation: eglMakeCurrent: 0xa1c853c0: ver 2 0 (tinfo 0xa1c834e0)
06-28 17:04:57.604  1397  1397 D gralloc_ranchu: gralloc_alloc: Creating ashmem region of size 274432
06-28 17:04:57.656  1713  1924 D EGL_emulation: eglMakeCurrent: 0xa1c853c0: ver 2 0 (tinfo 0xa1c834e0)
06-28 17:04:57.737  1397  1397 D gralloc_ranchu: gralloc_alloc: Creating ashmem region of size 544768
06-28 17:04:57.746  5258  5287 I net.osmand:native: Native ok (rendering 138, text 478 ms) 
06-28 17:04:57.746  5258  5287 I net.osmand:native:  (917 points, 620 points inside, 215 of 223 objects visible)
06-28 17:04:57.783  5258  5287 I net.osmand:native: End Rendering image
06-28 17:04:57.783  5258  5287 I net.osmand:native: Native ok (init 1, rendering 138) 
06-28 17:04:57.786  5258  5287 I net.osmand: MapRenderRepositories true
06-28 17:04:57.890  1713  1713 W StatusBar: removeNotification for unknown key: 0|net.osmand|1005|null|10104
06-28 17:04:57.901  5258  5268 I zygote  : NativeAlloc concurrent copying GC freed 126491(3MB) AllocSpace objects, 15(684KB) LOS objects, 17% free, 28MB/34MB, paused 3.701ms total 3.372s
06-28 17:04:58.055  1713  1924 D EGL_emulation: eglMakeCurrent: 0xa1c853c0: ver 2 0 (tinfo 0xa1c834e0)
06-28 17:04:58.603  5258  5268 I zygote  : NativeAlloc concurrent copying GC freed 178021(4MB) AllocSpace objects, 9(372KB) LOS objects, 19% free, 25MB/31MB, paused 1.233ms total 561.805ms
06-28 17:04:59.596  1596  1621 I zygote  : Explicit concurrent copying GC freed 54562(2MB) AllocSpace objects, 12(624KB) LOS objects, 32% free, 12MB/18MB, paused 1.270ms total 273.028ms
06-28 17:05:01.219  5258  5268 I zygote  : Background concurrent copying GC freed 144506(4MB) AllocSpace objects, 4(144KB) LOS objects, 17% free, 27MB/33MB, paused 931us total 408.772ms
06-28 17:05:02.147  1596  1675 W AlarmManager: Unrecognized alarm listener com.android.server.wifi.WifiConfigStore$1@31cc37f
06-28 17:05:02.179  1596  1675 D WifiConfigStore: Writing to stores completed in 32 ms.
06-28 17:05:02.245  1976  6758 I Places  : ?: PlacesBleScanner stop()
06-28 17:05:02.245  1976  1976 I BeaconBle: Scan : No clients left, canceling alarm.
06-28 17:05:02.246  1976  1976 I BeaconBle: Scan canceled successfully.
06-28 17:05:02.270  1976  6758 I PlaceInferenceEngine: [anon] Changed inference mode: 0
06-28 17:05:02.271  1976  6758 I PlaceInferenceEngine: [account#1066226748] Changed inference mode: 0
06-28 17:05:02.277  1596  1613 E memtrack: Couldn't load memtrack module
06-28 17:05:02.277  1596  1613 W android.os.Debug: failed to get memory consumption info: -1
06-28 17:05:02.462  1976  1976 I GeofencerStateMachine: removeGeofences: removeRequest=RemoveGeofencingRequest[REMOVE_BY_PENDING_INTENT pendingIntent=PendingIntent[creatorPackage=com.google.android.gms], packageName=com.google.android.gms]
06-28 17:05:02.516  1596  1613 E memtrack: Couldn't load memtrack module
06-28 17:05:02.516  1596  1613 W android.os.Debug: failed to get memory consumption info: -1
06-28 17:05:04.858  5258  5258 I net.osmand: TTSCommandPlayerImpl Send message to pebble sem sinal g p s 
06-28 17:05:04.858  5258  5258 D net.osmand: AbstractPrologCommandPlayer requestAudioFocus
06-28 17:05:04.859  5258  5258 W AudioManager: Use of stream types is deprecated for operations other than volume control
06-28 17:05:04.859  5258  5258 W AudioManager: See the documentation of requestAudioFocus() for what to use instead with android.media.AudioAttributes to qualify your playback use case
06-28 17:05:04.861  1596  5536 I MediaFocusControl: requestAudioFocus() from uid/pid 10104/5258 clientId=android.media.AudioManager@d1fc0eenet.osmand.plus.api.AudioFocusHelperImpl@d7a2c3b callingPack=net.osmand req=3 flags=0x0 sdk=26
06-28 17:05:04.863  5258  5258 D net.osmand: TTSCommandPlayerImpl ttsRequests=1
06-28 17:05:04.885  5403  5434 I TTS.GoogleTTSServiceImp: Synthesis request for locale por-BRA and name pt-BR-language
06-28 17:05:04.889  5403  5434 I TTS.GoogleTTSServiceImp: TTS dispatch: pt-br-x-afs-lstm-embedded
06-28 17:05:04.896  5403  5435 D AudioTrack: Client defaulted notificationFrames to 1365 for frameCount 4096
06-28 17:05:04.908  1596  1877 V MediaRouterService: restoreBluetoothA2dp(false)
06-28 17:05:04.910  1389  4034 W audio_hw_generic: Not supplying enough data to HAL, expected position 16808508 , only wrote 16808400
06-28 17:05:06.861  1473  1580 D AudioFlinger: mixer(0xad583c80) throttle end: throttle time(4)
06-28 17:05:06.926  2534  2604 I WorkerManager: dispose()
06-28 17:05:06.928  2534  2604 W ThreadPoolDumper: Queue length for executor EventBus is now 11. Perhaps some tasks are too long, or the pool is too small.
06-28 17:05:06.977  5403  5435 D AudioTrack: stop() called with 44330 frames delivered
06-28 17:05:06.988  5258  5313 D net.osmand: AbstractPrologCommandPlayer abandonAudioFocus
06-28 17:05:06.996  1596  1877 I MediaFocusControl: abandonAudioFocus() from uid/pid 10104/5258 clientId=android.media.AudioManager@d1fc0eenet.osmand.plus.api.AudioFocusHelperImpl@d7a2c3b
06-28 17:05:06.996  5258  5313 D net.osmand: TTSCommandPlayerImpl ttsRequests=0
06-28 17:05:07.265  1976  1976 I BeaconBle: Scan : No clients left, canceling alarm.
06-28 17:05:07.266  1596  1613 E memtrack: Couldn't load memtrack module
06-28 17:05:07.266  1596  1613 W android.os.Debug: failed to get memory consumption info: -1
06-28 17:05:08.836  1389  4034 W audio_hw_generic: Not supplying enough data to HAL, expected position 16996818 , only wrote 16996320
06-28 17:05:08.839  1389  4034 W audio_hw_generic: Not supplying enough data to HAL, expected position 16996476 , only wrote 16996320
06-28 17:05:08.857  1389  4034 W audio_hw_generic: Not supplying enough data to HAL, expected position 16997161 , only wrote 16997040
06-28 17:05:08.872  1389  4034 W audio_hw_generic: Not supplying enough data to HAL, expected position 16997775 , only wrote 16997760
06-28 17:05:08.872  1389  4034 W audio_hw_generic: Not supplying enough data to HAL, expected position 16997783 , only wrote 16997760
06-28 17:05:08.891  1389  4034 W audio_hw_generic: Not supplying enough data to HAL, expected position 16998647 , only wrote 16998480
06-28 17:05:09.327  1389  4034 W audio_hw_generic: Not supplying enough data to HAL, expected position 17019433 , only wrote 17019360
06-28 17:05:09.612  1976  6706 E WakeLock: GCM_HB_ALARM release without a matched acquire!
06-28 17:05:09.612  1976  6706 W WakeLock: GCM_HB_ALARM counter does not exist
06-28 17:05:09.989  1389  1584 W audio_hw_generic: Not supplying enough data to HAL, expected position 17081811 , only wrote 17051040
06-28 17:05:10.677  1596  1877 I WifiService: getConnectionInfo uid=10014
06-28 17:05:10.981  1596  1877 I WifiService: getConnectionInfo uid=10014
06-28 17:05:11.010  1596  3583 I WifiService: getConnectionInfo uid=10014
06-28 17:05:14.586  1596  3583 I WifiService: acquireWifiLock uid=10014 lockMode=2
06-28 17:05:17.163  1596  1613 E memtrack: Couldn't load memtrack module
06-28 17:05:17.164  1596  1613 W android.os.Debug: failed to get memory consumption info: -1
06-28 17:05:17.301  1596  1613 E memtrack: Couldn't load memtrack module
06-28 17:05:17.302  1596  1613 W android.os.Debug: failed to get memory consumption info: -1
06-28 17:05:17.583  1596  3583 D WificondControl: Scan result ready event
06-28 17:05:17.633  1596  1843 I WifiService: releaseWifiLock uid=10014
06-28 17:05:06.985  1596  1877 V MediaRouterService: restoreBluetoothA2dp(false)
06-28 17:05:19.627  1596  1617 E BatteryExternalStatsWorker: modem info is invalid: ModemActivityInfo{ mTimestamp=0 mSleepTimeMs=0 mIdleTimeMs=0 mTxTimeMs[]=[0, 0, 0, 0, 0] mRxTimeMs=0 mEnergyUsed=0}
06-28 17:05:21.580  1596  1679 D ConnectivityService: handleLingerComplete for NetworkAgentInfo [MOBILE (LTE) - 100]
06-28 17:05:31.607  1596  1617 E BatteryExternalStatsWorker: modem info is invalid: ModemActivityInfo{ mTimestamp=0 mSleepTimeMs=0 mIdleTimeMs=0 mTxTimeMs[]=[0, 0, 0, 0, 0] mRxTimeMs=0 mEnergyUsed=0}
06-28 17:05:34.613  1596  5536 I WifiService: acquireWifiLock uid=10014 lockMode=2
06-28 17:05:34.626  1596  1613 E memtrack: Couldn't load memtrack module
06-28 17:05:34.632  1596  1613 W android.os.Debug: failed to get memory consumption info: -1
06-28 17:05:34.690  1596  1877 I WifiService: releaseWifiLock uid=10014
06-28 17:05:36.643  1596  1617 I WifiService: requestActivityInfo uid=1000
06-28 17:05:36.643  1596  1617 I WifiService: reportActivityInfo uid=1000
06-28 17:05:36.643  1596  1617 I WifiService: getSupportedFeatures uid=1000
06-28 17:05:39.588  1409  1409 I boot-pipe: done populating /dev/random
06-28 17:05:41.004  1596  1617 I WifiService: requestActivityInfo uid=1000
06-28 17:05:41.004  1596  1617 I WifiService: reportActivityInfo uid=1000
06-28 17:05:41.004  1596  1617 I WifiService: getSupportedFeatures uid=1000
06-28 17:05:41.026  1596  3583 I WifiService: getConnectionInfo uid=10014
06-28 17:05:41.952  1596  1613 E memtrack: Couldn't load memtrack module
06-28 17:05:41.952  1596  1613 W android.os.Debug: failed to get memory consumption info: -1
06-28 17:05:55.643  1596  5536 I WifiService: acquireWifiLock uid=10014 lockMode=2
06-28 17:05:58.578  1596  1617 I WifiService: requestActivityInfo uid=1000
06-28 17:05:58.578  1596  1617 I WifiService: reportActivityInfo uid=1000
06-28 17:05:58.578  1596  1617 I WifiService: getSupportedFeatures uid=1000
06-28 17:05:58.584  1596  1617 E BluetoothAdapter: Bluetooth binder is null
06-28 17:05:58.592  1596  1617 E KernelCpuSpeedReader: Failed to read cpu-freq: /sys/devices/system/cpu/cpu0/cpufreq/stats/time_in_state (No such file or directory)
06-28 17:05:58.601  1596  1617 E BatteryExternalStatsWorker: modem info is invalid: ModemActivityInfo{ mTimestamp=0 mSleepTimeMs=0 mIdleTimeMs=0 mTxTimeMs[]=[0, 0, 0, 0, 0] mRxTimeMs=0 mEnergyUsed=0}
06-28 17:05:58.623  1596  1843 D WificondControl: Scan result ready event
06-28 17:05:58.710  1596  1843 I WifiService: releaseWifiLock uid=10014
06-28 17:06:15.665  1596  1877 I WifiService: acquireWifiLock uid=10014 lockMode=2
06-28 17:06:15.736  1596  4424 I WifiService: releaseWifiLock uid=10014
06-28 17:06:26.881  1596  1617 I WifiService: requestActivityInfo uid=1000
06-28 17:06:26.881  1596  1617 I WifiService: reportActivityInfo uid=1000
06-28 17:06:26.881  1596  1617 I WifiService: getSupportedFeatures uid=1000
06-28 17:06:35.690  1596  1877 I WifiService: acquireWifiLock uid=10014 lockMode=2
06-28 17:06:24.890  1596  1617 E BatteryExternalStatsWorker: modem info is invalid: ModemActivityInfo{ mTimestamp=0 mSleepTimeMs=0 mIdleTimeMs=0 mTxTimeMs[]=[0, 0, 0, 0, 0] mRxTimeMs=0 mEnergyUsed=0}
06-28 17:06:35.741  1596  1613 I ProcessStatsService: Pruning old procstats: /data/system/procstats/state-2019-06-15-15-21-14.bin
06-28 17:06:36.903  5258  5268 I zygote  : Background concurrent copying GC freed 236594(8MB) AllocSpace objects, 0(0B) LOS objects, 19% free, 25MB/31MB, paused 754us total 220.319ms
06-28 17:06:38.672  1596  1877 D WificondControl: Scan result ready event
06-28 17:06:38.729  1596  1877 I WifiService: releaseWifiLock uid=10014
06-28 17:06:39.589  1409  1409 I boot-pipe: done populating /dev/random
06-28 17:06:56.711  1596  1877 I WifiService: acquireWifiLock uid=10014 lockMode=2
06-28 17:06:56.713  1596  1613 E memtrack: Couldn't load memtrack module
06-28 17:06:56.713  1596  1613 W android.os.Debug: failed to get memory consumption info: -1
06-28 17:06:56.773  1596  4424 I WifiService: releaseWifiLock uid=10014
06-28 17:06:56.838  1596  1672 D RecurrenceRule: Resolving using anchor 2019-06-28T21:06:56.837Z[GMT]
06-28 17:06:56.840  1596  1672 D RecurrenceRule: Resolving using anchor 2019-06-28T21:06:56.840Z[GMT]
06-28 17:06:56.842  1596  1672 D RecurrenceRule: Cycle 17 from 2019-06-09T00:00Z[GMT] to 2019-07-09T00:00Z[GMT]
06-28 17:06:56.843  1596  1672 D NetworkStats: Resolving plan for NetworkTemplate: matchRule=MOBILE_ALL, subscriberId=310260..., matchSubscriberIds=[310260...]
06-28 17:06:56.861  1596  1672 D NetworkStats: Found active matching subId 1
06-28 17:06:56.867  1596  1672 D NetworkStats: Resolved to plan null
06-28 17:06:56.921  1596  1607 I zygote  : Background concurrent copying GC freed 46383(2MB) AllocSpace objects, 12(468KB) LOS objects, 32% free, 12MB/18MB, paused 884us total 154.211ms
06-28 17:07:16.715  1596  1613 E memtrack: Couldn't load memtrack module
06-28 17:07:16.715  1596  1613 W android.os.Debug: failed to get memory consumption info: -1
06-28 17:07:16.731  1596  4424 I WifiService: acquireWifiLock uid=10014 lockMode=2
06-28 17:07:16.784  1596  1613 E memtrack: Couldn't load memtrack module
06-28 17:07:16.784  1596  1613 W android.os.Debug: failed to get memory consumption info: -1
06-28 17:07:16.850  1596  1617 I WifiService: requestActivityInfo uid=1000
06-28 17:07:16.850  1596  1617 I WifiService: reportActivityInfo uid=1000
06-28 17:07:16.850  1596  1617 I WifiService: getSupportedFeatures uid=1000
06-28 17:07:16.856  1596  1613 E memtrack: Couldn't load memtrack module
06-28 17:07:16.856  1596  1613 W android.os.Debug: failed to get memory consumption info: -1
06-28 17:07:16.957  1596  1613 E memtrack: Couldn't load memtrack module
06-28 17:07:16.958  1596  1613 W android.os.Debug: failed to get memory consumption info: -1
06-28 17:07:17.007  1596  1613 E memtrack: Couldn't load memtrack module
06-28 17:07:17.007  1596  1613 W android.os.Debug: failed to get memory consumption info: -1
06-28 17:07:19.761  1596  1877 D WificondControl: Scan result ready event
06-28 17:07:19.805  1596  3583 I WifiService: releaseWifiLock uid=10014
06-28 17:07:23.298  4804  4821 I Finsky  : [283] imb.run(3): Stats for Executor: BlockingExecutor ink@a9cdba9[Running, pool size = 0, active threads = 0, queued tasks = 0, completed tasks = 14]
06-28 17:07:23.299  4804  4821 I Finsky  : [283] imb.run(3): Stats for Executor: LightweightExecutor ink@d6d352e[Running, pool size = 2, active threads = 0, queued tasks = 0, completed tasks = 64]
06-28 17:07:23.526  4804  4821 I Finsky  : [283] imb.run(3): Stats for Executor: bgExecutor ink@d47d8cf[Running, pool size = 4, active threads = 0, queued tasks = 0, completed tasks = 35]
06-28 17:07:31.033  1596  4424 I WifiService: getConnectionInfo uid=10014
06-28 17:07:31.036  1976  6827 E WakeLock: GCM_HB_ALARM release without a matched acquire!
06-28 17:07:31.325  1596  3583 I WifiService: getConnectionInfo uid=10014
06-28 17:07:36.739  1596  3583 I WifiService: acquireWifiLock uid=10014 lockMode=2
06-28 17:07:36.781  1596  3583 I WifiService: releaseWifiLock uid=10014
06-28 17:07:39.592  1409  1409 I boot-pipe: done populating /dev/random
06-28 17:07:39.731  1596  5536 D WificondControl: Scan result ready event
06-28 17:07:41.066  1596  1613 E memtrack: Couldn't load memtrack module
06-28 17:07:41.066  1596  1613 W android.os.Debug: failed to get memory consumption info: -1
06-28 17:07:46.402  1596  1617 I WifiService: requestActivityInfo uid=1000
06-28 17:07:46.403  1596  1617 I WifiService: reportActivityInfo uid=1000
06-28 17:07:46.403  1596  1617 I WifiService: getSupportedFeatures uid=1000
06-28 17:07:57.744  1596  1613 E memtrack: Couldn't load memtrack module
06-28 17:07:57.745  1596  1613 W android.os.Debug: failed to get memory consumption info: -1
06-28 17:07:57.774  1596  3583 I WifiService: acquireWifiLock uid=10014 lockMode=2
06-28 17:07:57.814  1596  3583 I WifiService: releaseWifiLock uid=10014
06-28 17:07:57.903  1976  1976 W ChimeraUtils: Non Chimera context
06-28 17:07:57.903  1976  1976 W ChimeraUtils: Non Chimera context
06-28 17:07:58.044  1596  1617 I WifiService: requestActivityInfo uid=1000
06-28 17:07:58.044  1596  1617 I WifiService: reportActivityInfo uid=1000
06-28 17:07:58.044  1596  1617 I WifiService: getSupportedFeatures uid=1000
06-28 17:07:58.140  1976  3049 W Conscrypt: Could not set socket write timeout: java.net.SocketException: Socket closed
06-28 17:07:58.153  1976  3049 W Conscrypt: 	at com.google.android.gms.org.conscrypt.Platform.setSocketWriteTimeout(:com.google.android.gms@17785022@17.7.85 (040700-253824076):2)
06-28 17:07:58.153  1976  3049 W Conscrypt: 	at com.google.android.gms.org.conscrypt.ConscryptFileDescriptorSocket.setSoWriteTimeout(:com.google.android.gms@17785022@17.7.85 (040700-253824076):2)
06-28 17:07:58.371  1976  3049 W Conscrypt: Could not set socket write timeout: java.net.SocketException: Socket closed
06-28 17:07:58.371  1976  3049 W Conscrypt: 	at com.google.android.gms.org.conscrypt.Platform.setSocketWriteTimeout(:com.google.android.gms@17785022@17.7.85 (040700-253824076):2)
06-28 17:07:58.371  1976  3049 W Conscrypt: 	at com.google.android.gms.org.conscrypt.ConscryptFileDescriptorSocket.setSoWriteTimeout(:com.google.android.gms@17785022@17.7.85 (040700-253824076):2)
06-28 17:07:59.028  1976  1986 I zygote  : Background concurrent copying GC freed 157597(7MB) AllocSpace objects, 19(1224KB) LOS objects, 42% free, 8MB/14MB, paused 1.475ms total 145.635ms
06-28 17:08:13.561  1596  1617 I WifiService: requestActivityInfo uid=1000
06-28 17:08:13.561  1596  1617 I WifiService: reportActivityInfo uid=1000
06-28 17:08:13.562  1596  1617 I WifiService: getSupportedFeatures uid=1000
06-28 17:08:15.855  1596  1617 I WifiService: requestActivityInfo uid=1000
06-28 17:08:15.855  1596  1617 I WifiService: reportActivityInfo uid=1000
06-28 17:08:15.855  1596  1617 I WifiService: getSupportedFeatures uid=1000
06-28 17:08:15.857  1976  6660 V NativeCrypto: SSL shutdown failed: ssl=0xa9aaf9e8: I/O error during system call, Connection reset by peer
06-28 17:08:17.793  1596  4424 I WifiService: acquireWifiLock uid=10014 lockMode=2
06-28 17:08:20.771  1596  4424 D WificondControl: Scan result ready event
06-28 17:08:20.811  1596  3033 I WifiService: releaseWifiLock uid=10014
