07-18 14:17:42.153  1956  1956 I GeofencerStateMachine: sendNewTransitions called.
07-18 14:17:42.159  5874  5900 I chatty  : uid=10104(net.osmand) Loader map obje expire 120 lines
07-18 14:17:42.283  1592 13244 D NetworkMonitor/NetworkAgentInfo [WIFI () - 101]: PROBE_DNS www.google.com 12ms OK 2800:3f0:4001:801::2004,172.217.28.228
07-18 14:17:42.292  1592 13245 D NetworkMonitor/NetworkAgentInfo [WIFI () - 101]: PROBE_DNS connectivitycheck.gstatic.com 22ms OK 2800:3f0:4001:81a::2003,172.217.172.131
07-18 14:17:42.853  5874  5884 I chatty  : uid=10104(net.osmand) HeapTaskDaemon expire 11 lines
07-18 14:17:43.098  5874  5901 I chatty  : uid=10104(net.osmand) RenderingBaseIm expire 18 lines
07-18 14:17:43.246  1403  1403 I boot-pipe: done populating /dev/random
07-18 14:17:44.342  1592 12530 D WificondControl: Scan result ready event
07-18 14:17:44.462  1592  4549 I WifiService: releaseWifiLock uid=10014
07-18 14:17:48.145  1956  1956 I GeofencerStateMachine: sendNewTransitions called.
07-18 14:17:53.189  1956  1956 I GeofencerStateMachine: sendNewTransitions called.
07-18 14:17:53.223  5874  5874 I chatty  : uid=10104(net.osmand) expire 11 lines
07-18 14:17:53.253  1592 13244 D NetworkMonitor/NetworkAgentInfo [WIFI () - 101]: PROBE_HTTPS https://www.google.com/generate_204 Probe failed with exception java.net.ConnectException: Failed to connect to www.google.com/172.217.28.228:443
07-18 14:17:53.255  1592 13245 D NetworkMonitor/NetworkAgentInfo [WIFI () - 101]: PROBE_HTTP http://connectivitycheck.gstatic.com/generate_204 Probe failed with exception java.net.ConnectException: Failed to connect to connectivitycheck.gstatic.com/172.217.172.131:80
07-18 14:17:53.519  5874  5901 I chatty  : uid=10104(net.osmand) RenderingBaseIm expire 4 lines
07-18 14:17:53.593  5874  5900 I chatty  : uid=10104(net.osmand) Loader map obje expire 144 lines
07-18 14:17:55.155  5874  5874 I chatty  : uid=10104(net.osmand) expire 57 lines
07-18 14:17:55.166  1592  1609 E BatteryExternalStatsWorker: modem info is invalid: ModemActivityInfo{ mTimestamp=0 mSleepTimeMs=0 mIdleTimeMs=0 mTxTimeMs[]=[0, 0, 0, 0, 0] mRxTimeMs=0 mEnergyUsed=0}
07-18 14:17:55.774  5874  5901 I chatty  : uid=10104(net.osmand) RenderingBaseIm expire 28 lines
07-18 14:17:56.493  5874  5884 I chatty  : uid=10104(net.osmand) HeapTaskDaemon expire 7 lines
07-18 14:17:57.272  1592  2371 D NetworkMonitor/NetworkAgentInfo [WIFI () - 101]: PROBE_FALLBACK http://www.google.com/gen_204 Probe failed with exception java.net.SocketTimeoutException: failed to connect to www.google.com/2800:3f0:4001:801::2004 (port 80) from /::7c22:3dd0:2466:3035 (port 36220) after 10000ms
07-18 14:17:57.273  1592  1671 D ConnectivityService: NetworkAgentInfo [WIFI () - 101] validation failed
07-18 14:17:57.274  1592  1667 D WifiStateMachine: NETWORK_STATUS_UNWANTED_VALIDATION_FAILED
07-18 14:17:59.172  1956  1956 I GeofencerStateMachine: sendNewTransitions called.
07-18 14:18:01.381  1592  2450 I WifiService: acquireWifiLock uid=10014 lockMode=2
07-18 14:18:01.772  1592  2450 I WifiService: releaseWifiLock uid=10014
07-18 14:18:03.809  1592  1601 I zygote  : Background concurrent copying GC freed 64938(2MB) AllocSpace objects, 1(20KB) LOS objects, 15% free, 32MB/38MB, paused 1.421ms total 646.796ms
07-18 14:18:04.616  5874  5900 I chatty  : uid=10104(net.osmand) Loader map obje expire 42 lines
07-18 14:18:05.157  1956  1956 I GeofencerStateMachine: sendNewTransitions called.
07-18 14:18:05.186  5874  5874 I chatty  : uid=10104(net.osmand) expire 61 lines
07-18 14:18:05.291  1592 13252 D NetworkMonitor/NetworkAgentInfo [WIFI () - 101]: PROBE_DNS connectivitycheck.gstatic.com 3ms OK 2800:3f0:4001:81a::2003,172.217.172.131
07-18 14:18:05.297  1592 13251 D NetworkMonitor/NetworkAgentInfo [WIFI () - 101]: PROBE_DNS www.google.com 2ms OK 2800:3f0:4001:801::2004,172.217.28.228
07-18 14:18:06.693  5874  5900 I chatty  : uid=10104(net.osmand) Loader map obje expire 118 lines
07-18 14:18:06.805  5874  5884 I chatty  : uid=10104(net.osmand) HeapTaskDaemon expire 8 lines
07-18 14:18:07.517  5874  5901 I chatty  : uid=10104(net.osmand) RenderingBaseIm expire 20 lines
07-18 14:18:10.172  1956  1956 I GeofencerStateMachine: sendNewTransitions called.
07-18 14:18:14.692 13161 13190 D MoPub   : MoPubIdentifier initialized.
07-18 14:18:14.737 13161 13190 I WebViewFactory: Loading com.android.chrome version 75.0.3770.101 (code 377010117)
07-18 14:18:15.177  1956  1956 I GeofencerStateMachine: sendNewTransitions called.
07-18 14:18:15.762 13161 13190 I cr_LibraryLoader: Time to load native libraries: 207 ms (timestamps 7964-8171)
07-18 14:18:15.858  1956  1966 I zygote  : Background concurrent copying GC freed 120979(5MB) AllocSpace objects, 3(136KB) LOS objects, 41% free, 8MB/14MB, paused 1.262ms total 440.928ms
07-18 14:18:16.045 13161 13161 I chromium: [INFO:library_loader_hooks.cc(50)] Chromium logging enabled: level = 0, default verbosity = 0
07-18 14:18:16.045 13161 13161 I cr_LibraryLoader: Expected native library version number "75.0.3770.101", actual native library version number "75.0.3770.101"
07-18 14:18:16.159  5874  5874 I chatty  : uid=10104(net.osmand) expire 21 lines
07-18 14:18:16.262 13161 13265 W cr_ChildProcLH: Create a new ChildConnectionAllocator with package name = com.android.chrome, sandboxed = true
07-18 14:18:16.353  1592  2099 I ActivityManager: Start proc 13266:com.android.chrome:sandboxed_process0/u0i5 for webview_service com.mapswithme.maps.pro/org.chromium.content.app.SandboxedProcessService0
07-18 14:18:16.376 13161 13161 I cr_BrowserStartup: Initializing chromium process, singleProcess=false
07-18 14:18:16.389 13266 13266 E /system/bin/webview_zygote32: Failed to make and chown /acct/uid_99005: Permission denied
07-18 14:18:16.391 13266 13266 E Zygote  : createProcessGroup(99005, 0) failed: Permission denied
07-18 14:18:16.431 13266 13266 W /system/bin/webview_zygote32: Unexpected CPU variant for X86 using defaults: x86
07-18 14:18:16.470 13161 13161 W ResourceType: For resource 0x7f130533, entry index(1331) is beyond type entryCount(4)
07-18 14:18:16.470 13161 13161 W ResourceType: Failure getting entry for 0x7f130533 (t=18 e=1331) (error -75)
07-18 14:18:16.710 13281 13281 E asset   : setgid: Operation not permitted
07-18 14:18:17.034 13266 13266 I cr_ChildProcessService: Creating new ChildProcessService pid=13266
07-18 14:18:17.377  1592 13252 D NetworkMonitor/NetworkAgentInfo [WIFI () - 101]: PROBE_HTTP http://connectivitycheck.gstatic.com/generate_204 Probe failed with exception java.net.ConnectException: Failed to connect to connectivitycheck.gstatic.com/172.217.172.131:80
07-18 14:18:17.388  1592 13251 D NetworkMonitor/NetworkAgentInfo [WIFI () - 101]: PROBE_HTTPS https://www.google.com/generate_204 Probe failed with exception java.net.ConnectException: Failed to connect to www.google.com/172.217.28.228:443
07-18 14:18:17.922  5874  5900 I chatty  : uid=10104(net.osmand) Loader map obje expire 35 lines
07-18 14:18:18.389  1956 13116 W ctxmgr  : [WorkManager] Long workInfo: pkg=com.google.android.gms, lbl=SingletonLocationProducer_onLocationChanged, start=2019-07-18 18:18:17.238+0000, stop=2019-07-18 18:18:18.299+0000, durtn=1061ms [CONTEXT service_id=47 ]
07-18 14:18:18.625 13161 13190 D Pushwoosh: initHwid
07-18 14:18:18.659 13161 13190 I Pushwoosh: HWID: c508be07-582e-4b92-8968-379ca65e32f4
07-18 14:18:18.659 13161 13190 D Pushwoosh: [PushwooshModule] onApplicationCreated
07-18 14:18:18.659 13161 13190 I Pushwoosh: [s] This is Android GCM device
07-18 14:18:18.695 13161 13190 D Pushwoosh: appOpen:false onAppReady:true
07-18 14:18:18.784  5874  5901 I chatty  : uid=10104(net.osmand) RenderingBaseIm expire 4 lines
07-18 14:18:19.280  5874  5900 I net.osmand:native: Detailed coastlines = 0, basemap coastlines 0, ocean tile 0.000000. Detailed added 0, basemap processed 1, basemap added 0.
07-18 14:18:19.280  5874  5900 I net.osmand:native: Search : tree - read( 490), accept( 39), objs - visit( 2589), accept(23), in result(12) 
07-18 14:18:19.281  5874  5900 I net.osmand: MapRenderRepositories BLat=-7.274974966049195, TLat=-7.266967630386352, LLong=-36.09641647338867, RLong=-36.091514587402344, zoom=17
07-18 14:18:19.281  5874  5900 I net.osmand: MapRenderRepositories Native search: 97 ms 
07-18 14:18:19.304  5874  5900 I net.osmand:native: Creating SkBitmap in native w:1800 h:2690 s:7200 f:1!
07-18 14:18:19.305  5874  5900 I net.osmand:native: Row bytes for RGBA_8888 is 7200
07-18 14:18:19.305  5874  5900 I net.osmand:native: Locked 19368000 bytes at 0x5e200000
07-18 14:18:19.305  5874  5900 I net.osmand:native: Initializing rendering
07-18 14:18:19.306  5874  5900 I net.osmand:native: Rendering image
07-18 14:18:19.344  5874  5900 I net.osmand:native: Native ok (rendering 38, text 15 ms) 
07-18 14:18:19.344  5874  5900 I net.osmand:native:  (1618 points, 26 points inside, 18 of 29 objects visible)
07-18 14:18:19.344  5874  5900 I net.osmand:native: End Rendering image
07-18 14:18:19.344  5874  5900 I net.osmand:native: Native ok (init 1, rendering 38) 
07-18 14:18:19.350  5874  5900 I net.osmand: MapRenderRepositories true
07-18 14:18:19.783  5874  5874 I net.osmand: RoutingHelper Recalculate route, because correlation  : 162971.60675344907
07-18 14:18:19.786  5874  5874 I net.osmand: RoutingHelper Recalculate route, because correlation  : 162971.60675344907
07-18 14:18:19.787  5874  5874 I net.osmand: RoutingHelper Recalculate route, because wrong movement direction: 162971.61
07-18 14:18:20.034  5874  5901 I net.osmand: MapRenderRepositories RENDER MAP: update due to tile box
07-18 14:18:20.035  5874  5901 I net.osmand: MapRenderRepositories RENDER MAP: Interrupt rendering map
07-18 14:18:20.102  5874  5900 I net.osmand: MapRenderRepositories RENDER MAP: new request RotatedTileBox [lat=-7.272288333333334, lon=-36.09672, rotate=0.0, density=2.625, zoom=17, mapDensity=3.9375, zoomAnimation=0.0, zoomFloatPart=0.0, cx=900, cy=1972, pixWidth=1800, pixHeight=2690]
07-18 14:18:20.153  5874  5874 I net.osmand: RoutingHelper Recalculate route, because correlation  : 162971.60675344907
07-18 14:18:20.164  5874  5874 I net.osmand: RoutingHelper Recalculate route, because correlation  : 162971.60675344907
07-18 14:18:20.164  5874  5874 I net.osmand: RoutingHelper Recalculate route, because wrong movement direction: 162971.61
07-18 14:18:20.223  1956  1956 I GeofencerStateMachine: sendNewTransitions called.
07-18 14:18:20.255  5874  5900 I net.osmand:native: Route objects 28
07-18 14:18:20.256  5874  5900 I net.osmand:native: Ocean: no completed & incompleted coastlines 0
07-18 14:18:20.256  5874  5900 I net.osmand:native: Detailed coastlines = 0, basemap coastlines 0, ocean tile 0.000000. Detailed added 0, basemap processed 1, basemap added 0.
07-18 14:18:20.256  5874  5900 I net.osmand:native: Search : tree - read( 490), accept( 38), objs - visit( 2549), accept(35), in result(24) 
07-18 14:18:20.256  5874  5900 I net.osmand: MapRenderRepositories BLat=-7.274592065811158, TLat=-7.266584730148315, LLong=-36.09917449951172, RLong=-36.09427261352539, zoom=17
07-18 14:18:20.256  5874  5900 I net.osmand: MapRenderRepositories Native search: 154 ms 
07-18 14:18:20.263  5874  5900 I net.osmand:native: Creating SkBitmap in native w:1800 h:2690 s:7200 f:1!
07-18 14:18:20.263  5874  5900 I net.osmand:native: Row bytes for RGBA_8888 is 7200
07-18 14:18:20.263  5874  5900 I net.osmand:native: Locked 19368000 bytes at 0x81100000
07-18 14:18:20.263  5874  5900 I net.osmand:native: Initializing rendering
07-18 14:18:20.265  5874  5900 I net.osmand:native: Rendering image
07-18 14:18:20.335  5874  5900 I net.osmand:native: Native ok (rendering 0, text 40 ms) 
07-18 14:18:20.335  5874  5900 I net.osmand:native:  (1942 points, 71 points inside, 40 of 63 objects visible)
07-18 14:18:20.335  5874  5900 I net.osmand:native: End Rendering image
07-18 14:18:20.335  5874  5900 I net.osmand:native: Native ok (init 1, rendering 0) 
07-18 14:18:20.337  5874  5900 I net.osmand: MapRenderRepositories true
07-18 14:18:20.452  5874  5884 I zygote  : Background concurrent copying GC freed 1037122(24MB) AllocSpace objects, 0(0B) LOS objects, 11% free, 46MB/52MB, paused 907us total 1.497s
07-18 14:18:20.862  5874  5874 I net.osmand: RoutingHelper Recalculate route, because correlation  : 162684.54884660008
07-18 14:18:20.864  5874  5874 I net.osmand: RoutingHelper Recalculate route, because correlation  : 162684.54884660008
07-18 14:18:20.864  5874  5874 I net.osmand: RoutingHelper Recalculate route, because wrong movement direction: 162684.55
07-18 14:18:21.164  5874  5874 I net.osmand: RoutingHelper Recalculate route, because correlation  : 162684.54884660008
07-18 14:18:21.185  5874  5874 I net.osmand: RoutingHelper Recalculate route, because correlation  : 162684.54884660008
07-18 14:18:21.185  5874  5874 I net.osmand: RoutingHelper Recalculate route, because wrong movement direction: 162684.55
07-18 14:18:21.222  5874  5874 I net.osmand: TTSCommandPlayerImpl Send message to pebble ateno!  obstculo 
07-18 14:18:21.222  5874  5874 D net.osmand: AbstractPrologCommandPlayer requestAudioFocus
07-18 14:18:21.222  5874  5874 W AudioManager: Use of stream types is deprecated for operations other than volume control
07-18 14:18:21.223  5874  5874 W AudioManager: See the documentation of requestAudioFocus() for what to use instead with android.media.AudioAttributes to qualify your playback use case
07-18 14:18:21.224  1592  8080 I MediaFocusControl: requestAudioFocus() from uid/pid 10104/5874 clientId=android.media.AudioManager@3d9b71dnet.osmand.plus.api.AudioFocusHelperImpl@d9b906 callingPack=net.osmand req=3 flags=0x0 sdk=26
07-18 14:18:21.227  5874  5874 D net.osmand: TTSCommandPlayerImpl ttsRequests=1
07-18 14:18:21.238  5962  5984 I TTS.GoogleTTSServiceImp: Synthesis request for locale por-BRA and name pt-BR-language
07-18 14:18:21.244  5962  5984 I TTS.GoogleTTSServiceImp: TTS dispatch: pt-br-x-afs-lstm-embedded
07-18 14:18:21.273  5962  5985 D AudioTrack: Client defaulted notificationFrames to 1365 for frameCount 4096
07-18 14:18:21.279  1592  6498 V MediaRouterService: restoreBluetoothA2dp(false)
07-18 14:18:21.289  1387  5615 W audio_hw_generic: Not supplying enough data to HAL, expected position 608380635 , only wrote 608380560
07-18 14:18:21.327  1387  5615 W audio_hw_generic: Hardware backing HAL too slow, could only write 0 of 720 frames
07-18 14:18:21.337  5874  5901 I net.osmand: MapRenderRepositories RENDER MAP: update due to tile box
07-18 14:18:21.337  5874  5901 I net.osmand: MapRenderRepositories RENDER MAP: Interrupt rendering map
07-18 14:18:21.765  5874  5884 I zygote  : Background concurrent copying GC freed 788069(18MB) AllocSpace objects, 0(0B) LOS objects, 12% free, 42MB/48MB, paused 1.018ms total 830.474ms
07-18 14:18:21.841  5874  5900 I net.osmand: MapRenderRepositories RENDER MAP: new request RotatedTileBox [lat=-7.271911666666667, lon=-36.099471666666666, rotate=0.0, density=2.625, zoom=17, mapDensity=3.9375, zoomAnimation=0.0, zoomFloatPart=0.0, cx=900, cy=1972, pixWidth=1800, pixHeight=2690]
07-18 14:18:21.891  5874  5900 I net.osmand:native: Route objects 32
07-18 14:18:21.891  5874  5900 I net.osmand:native: Ocean: no completed & incompleted coastlines 0
07-18 14:18:21.891  5874  5900 I net.osmand:native: Detailed coastlines = 0, basemap coastlines 0, ocean tile 0.000000. Detailed added 0, basemap processed 1, basemap added 0.
07-18 14:18:21.891  5874  5900 I net.osmand:native: Search : tree - read( 490), accept( 37), objs - visit( 2509), accept(39), in result(28) 
07-18 14:18:21.892  5874  5900 I net.osmand: MapRenderRepositories BLat=-7.274208116531372, TLat=-7.2662238597869875, LLong=-36.10192108154297, RLong=-36.09701919555664, zoom=17
07-18 14:18:21.892  5874  5900 I net.osmand: MapRenderRepositories Native search: 50 ms 
07-18 14:18:21.896  5874  5900 I net.osmand:native: Creating SkBitmap in native w:1800 h:2690 s:7200 f:1!
07-18 14:18:21.896  5874  5900 I net.osmand:native: Row bytes for RGBA_8888 is 7200
07-18 14:18:21.896  5874  5900 I net.osmand:native: Locked 19368000 bytes at 0x5e200000
07-18 14:18:21.896  5874  5900 I net.osmand:native: Initializing rendering
07-18 14:18:21.897  5874  5900 I net.osmand:native: Rendering image
07-18 14:18:21.933  5874  5900 I net.osmand:native: Native ok (rendering 0, text 3 ms) 
07-18 14:18:21.933  5874  5900 I net.osmand:native:  (1980 points, 77 points inside, 48 of 69 objects visible)
07-18 14:18:21.933  5874  5900 I net.osmand:native: End Rendering image
07-18 14:18:21.933  5874  5900 I net.osmand:native: Native ok (init 1, rendering 0) 
07-18 14:18:21.934  5874  5900 I net.osmand: MapRenderRepositories true
07-18 14:18:22.045  5874  5874 I net.osmand: RoutingHelper Recalculate route, because correlation  : 162397.3408309611
07-18 14:18:22.060  1468  1563 D AudioFlinger: mixer(0xa5a038c0) throttle end: throttle time(6)
07-18 14:18:22.063  5874  5874 I net.osmand: RoutingHelper Recalculate route, because correlation  : 162397.3408309611
07-18 14:18:22.063  5874  5874 I net.osmand: RoutingHelper Recalculate route, because wrong movement direction: 162397.34
07-18 14:18:22.167  5874  5874 I net.osmand: RoutingHelper Recalculate route, because correlation  : 162397.3408309611
07-18 14:18:22.173  5874  5874 I net.osmand: RoutingHelper Recalculate route, because correlation  : 162397.3408309611
07-18 14:18:22.173  5874  5874 I net.osmand: RoutingHelper Recalculate route, because wrong movement direction: 162397.34
07-18 14:18:22.224  5874  5901 I net.osmand: MapRenderRepositories RENDER MAP: update due to tile box
07-18 14:18:22.225  5874  5901 I net.osmand: MapRenderRepositories RENDER MAP: Interrupt rendering map
07-18 14:18:22.523  1592  4549 I WifiService: acquireWifiLock uid=10014 lockMode=2
07-18 14:18:22.536  1592  1605 E memtrack: Couldn't load memtrack module
07-18 14:18:22.537  1592  1605 W android.os.Debug: failed to get memory consumption info: -1
07-18 14:18:22.685  5874  5900 I net.osmand: MapRenderRepositories RENDER MAP: new request RotatedTileBox [lat=-7.271536666666666, lon=-36.102225, rotate=0.0, density=2.625, zoom=17, mapDensity=3.9375, zoomAnimation=0.0, zoomFloatPart=0.0, cx=900, cy=1972, pixWidth=1800, pixHeight=2690]
07-18 14:18:22.716  1592  1605 E memtrack: Couldn't load memtrack module
07-18 14:18:22.716  1592  1605 W android.os.Debug: failed to get memory consumption info: -1
07-18 14:18:22.787  5874  5900 I net.osmand:native: Route objects 25
07-18 14:18:22.787  5874  5900 I net.osmand:native: Ocean: no completed & incompleted coastlines 0
07-18 14:18:22.787  5874  5900 I net.osmand:native: Detailed coastlines = 0, basemap coastlines 0, ocean tile 0.000000. Detailed added 0, basemap processed 1, basemap added 0.
07-18 14:18:22.787  5874  5900 I net.osmand:native: Search : tree - read( 490), accept( 37), objs - visit( 2509), accept(32), in result(21) 
07-18 14:18:22.787  5874  5900 I net.osmand: MapRenderRepositories BLat=-7.273847270011902, TLat=-7.265839409828186, LLong=-36.104679107666016, RLong=-36.09977722167969, zoom=17
07-18 14:18:22.787  5874  5900 I net.osmand: MapRenderRepositories Native search: 102 ms 
07-18 14:18:22.817  5874  5900 I net.osmand:native: Creating SkBitmap in native w:1800 h:2690 s:7200 f:1!
07-18 14:18:22.817  5874  5900 I net.osmand:native: Row bytes for RGBA_8888 is 7200
07-18 14:18:22.817  5874  5900 I net.osmand:native: Locked 19368000 bytes at 0x81100000
07-18 14:18:22.817  5874  5900 I net.osmand:native: Initializing rendering
07-18 14:18:22.817  1592  1605 E memtrack: Couldn't load memtrack module
07-18 14:18:22.817  1592  1605 W android.os.Debug: failed to get memory consumption info: -1
07-18 14:18:22.818  5874  5900 I net.osmand:native: Rendering image
07-18 14:18:22.842  5874  5900 I net.osmand: RenderingIcons Icon data length is 1170
07-18 14:18:22.884  5874  5900 I net.osmand:native: Native ok (rendering 0, text 3 ms) 
07-18 14:18:22.884  5874  5900 I net.osmand:native:  (1984 points, 55 points inside, 34 of 43 objects visible)
07-18 14:18:22.884  5874  5900 I net.osmand:native: End Rendering image
07-18 14:18:22.884  5874  5900 I net.osmand:native: Native ok (init 1, rendering 0) 
07-18 14:18:22.887  5874  5900 I net.osmand: MapRenderRepositories true
07-18 14:18:23.210  1387  5615 W audio_hw_generic: Not supplying enough data to HAL, expected position 608472794 , only wrote 608472720
07-18 14:18:23.213  5874  5874 I net.osmand: RoutingHelper Recalculate route, because correlation  : 162397.3408309611
07-18 14:18:23.213  5874  5874 I net.osmand: RoutingHelper Recalculate route, because wrong movement direction: 162397.34
07-18 14:18:23.221  1468  1563 D AudioFlinger: mixer(0xa5a038c0) throttle end: throttle time(12)
07-18 14:18:23.264  5874  5874 I net.osmand: RoutingHelper Recalculate route, because correlation  : 162110.42328561883
07-18 14:18:23.264  5874  5874 I net.osmand: RoutingHelper Recalculate route, because wrong movement direction: 162110.42
07-18 14:18:23.274  5874  5874 I net.osmand: RoutingHelper Recalculate route, because correlation  : 162110.42328561883
07-18 14:18:23.337  5874  5874 I net.osmand: RoutingHelper Recalculate route, because correlation  : 162397.3408309611
07-18 14:18:23.441  5962  5985 D AudioTrack: stop() called with 45980 frames delivered
07-18 14:18:23.445  5874  5909 D net.osmand: AbstractPrologCommandPlayer abandonAudioFocus
07-18 14:18:23.447  1592  8080 V MediaRouterService: restoreBluetoothA2dp(false)
07-18 14:18:23.447  1592  4549 I MediaFocusControl: abandonAudioFocus() from uid/pid 10104/5874 clientId=android.media.AudioManager@3d9b71dnet.osmand.plus.api.AudioFocusHelperImpl@d9b906
07-18 14:18:23.448  5874  5909 D net.osmand: TTSCommandPlayerImpl ttsRequests=0
07-18 14:18:23.463  5874  5884 I zygote  : Background concurrent copying GC freed 573919(13MB) AllocSpace objects, 0(0B) LOS objects, 12% free, 42MB/48MB, paused 1.286ms total 1.177s
07-18 14:18:24.152  5874  5874 I net.osmand: RoutingHelper Recalculate route, because correlation  : 162110.42328561883
07-18 14:18:24.155  5874  5901 I net.osmand: MapRenderRepositories RENDER MAP: update due to tile box
07-18 14:18:24.155  5874  5901 I net.osmand: MapRenderRepositories RENDER MAP: Interrupt rendering map
07-18 14:18:24.195  5874  5874 I net.osmand: RoutingHelper Recalculate route, because correlation  : 162110.42328561883
07-18 14:18:24.195  5874  5874 I net.osmand: RoutingHelper Recalculate route, because wrong movement direction: 162110.42
07-18 14:18:24.342  5874  5874 I net.osmand: RoutingHelper Recalculate route, because correlation  : 161823.53552809323
07-18 14:18:24.342  5874  5874 I net.osmand: RoutingHelper Recalculate route, because wrong movement direction: 161823.53
07-18 14:18:24.378  1592  2371 D NetworkMonitor/NetworkAgentInfo [WIFI () - 101]: PROBE_FALLBACK http://play.googleapis.com/generate_204 Probe failed with exception java.net.SocketTimeoutException: failed to connect to play.googleapis.com/2800:3f0:4001:809::200a (port 80) from /::7c22:3dd0:2466:3035 (port 46493) after 10000ms
07-18 14:18:24.381  1592  1671 D ConnectivityService: NetworkAgentInfo [WIFI () - 101] validation failed
07-18 14:18:24.382  1592  1667 D WifiStateMachine: NETWORK_STATUS_UNWANTED_VALIDATION_FAILED
07-18 14:18:24.391  5874  5900 I net.osmand: MapRenderRepositories RENDER MAP: new request RotatedTileBox [lat=-7.271159999999999, lon=-36.104976666666666, rotate=0.0, density=2.625, zoom=17, mapDensity=3.9375, zoomAnimation=0.0, zoomFloatPart=0.0, cx=900, cy=1972, pixWidth=1800, pixHeight=2690]
07-18 14:18:24.412  5874  5874 I net.osmand: RoutingHelper Recalculate route, because correlation  : 161823.53552809323
07-18 14:18:24.526  5874  5900 I net.osmand:native: Route objects 18
07-18 14:18:24.526  5874  5900 I net.osmand:native: Ocean: no completed & incompleted coastlines 0
07-18 14:18:24.526  5874  5900 I net.osmand:native: Detailed coastlines = 0, basemap coastlines 0, ocean tile 0.000000. Detailed added 0, basemap processed 1, basemap added 0.
07-18 14:18:24.527  5874  5900 I net.osmand:native: Search : tree - read( 490), accept( 37), objs - visit( 2509), accept(25), in result(14) 
07-18 14:18:24.527  5874  5900 I net.osmand: MapRenderRepositories BLat=-7.273463869094849, TLat=-7.2654565334320065, LLong=-36.107425689697266, RLong=-36.10252380371094, zoom=17
07-18 14:18:24.527  5874  5900 I net.osmand: MapRenderRepositories Native search: 133 ms 
07-18 14:18:24.553  5874  5900 I net.osmand:native: Creating SkBitmap in native w:1800 h:2690 s:7200 f:1!
07-18 14:18:24.553  5874  5900 I net.osmand:native: Row bytes for RGBA_8888 is 7200
07-18 14:18:24.553  5874  5900 I net.osmand:native: Locked 19368000 bytes at 0x5e200000
07-18 14:18:24.553  5874  5900 I net.osmand:native: Initializing rendering
07-18 14:18:24.554  5874  5900 I net.osmand:native: Rendering image
07-18 14:18:24.586  5874  5900 I net.osmand:native: Native ok (rendering 0, text 3 ms) 
07-18 14:18:24.586  5874  5900 I net.osmand:native:  (1894 points, 39 points inside, 20 of 29 objects visible)
07-18 14:18:24.586  5874  5900 I net.osmand:native: End Rendering image
07-18 14:18:24.603  5874  5900 I net.osmand:native: Native ok (init 1, rendering 0) 
07-18 14:18:24.603  5874  5900 I net.osmand: MapRenderRepositories true
07-18 14:18:24.748  5874  5901 I net.osmand: MapRenderRepositories RENDER MAP: update due to tile box
07-18 14:18:24.748  5874  5901 I net.osmand: MapRenderRepositories RENDER MAP: Interrupt rendering map
07-18 14:18:25.124  5874  5884 I zygote  : Background concurrent copying GC freed 596405(13MB) AllocSpace objects, 0(0B) LOS objects, 12% free, 41MB/47MB, paused 1.239ms total 896.671ms
07-18 14:18:25.153  5874  5901 I net.osmand: MapRenderRepositories RENDER MAP: update due to tile box
07-18 14:18:25.153  5874  5901 I net.osmand: MapRenderRepositories RENDER MAP: Interrupt rendering map
07-18 14:18:25.156  5874  5874 I net.osmand: RoutingHelper Recalculate route, because correlation  : 161823.53552809323
07-18 14:18:25.156  5874  5874 I net.osmand: RoutingHelper Recalculate route, because wrong movement direction: 161823.53
07-18 14:18:25.168  1956  1956 I GeofencerStateMachine: sendNewTransitions called.
07-18 14:18:25.171  5874  5874 I net.osmand: RoutingHelper Recalculate route, because correlation  : 161823.53552809323
07-18 14:18:25.355  5874  5900 I net.osmand: MapRenderRepositories RENDER MAP: new request RotatedTileBox [lat=-7.270785000000001, lon=-36.10772833333333, rotate=0.0, density=2.625, zoom=17, mapDensity=3.9375, zoomAnimation=0.0, zoomFloatPart=0.0, cx=900, cy=1972, pixWidth=1800, pixHeight=2690]
07-18 14:18:25.423  1592  6498 D WificondControl: Scan result ready event
07-18 14:18:25.479  1387  5615 W audio_hw_generic: Not supplying enough data to HAL, expected position 608581622 , only wrote 608581440
07-18 14:18:25.480  1387  5615 W audio_hw_generic: Not supplying enough data to HAL, expected position 608581454 , only wrote 608581440
07-18 14:18:25.495  1387  5615 W audio_hw_generic: Not supplying enough data to HAL, expected position 608582209 , only wrote 608582160
07-18 14:18:25.515  5874  5900 I net.osmand:native: Route objects 16
07-18 14:18:25.517  5874  5900 I net.osmand:native: Ocean: no completed & incompleted coastlines 0
07-18 14:18:25.517  5874  5900 I net.osmand:native: Detailed coastlines = 0, basemap coastlines 0, ocean tile 0.000000. Detailed added 0, basemap processed 1, basemap added 0.
07-18 14:18:25.517  5874  5900 I net.osmand:native: Search : tree - read( 490), accept( 37), objs - visit( 2509), accept(23), in result(12) 
07-18 14:18:25.517  5874  5900 I net.osmand: MapRenderRepositories BLat=-7.273079919815063, TLat=-7.265095663070679, LLong=-36.11018371582031, RLong=-36.10527801513672, zoom=17
07-18 14:18:25.517  5874  5900 I net.osmand: MapRenderRepositories Native search: 160 ms 
07-18 14:18:25.524  5874  5874 I net.osmand: RoutingHelper Recalculate route, because correlation  : 162110.42328561883
07-18 14:18:25.527  5874  5874 I net.osmand: RoutingHelper Recalculate route, because correlation  : 162110.42328561883
07-18 14:18:25.527  5874  5874 I net.osmand: RoutingHelper Recalculate route, because wrong movement direction: 162110.42
07-18 14:18:25.549  5874  5900 I net.osmand:native: Creating SkBitmap in native w:1800 h:2690 s:7200 f:1!
07-18 14:18:25.549  5874  5900 I net.osmand:native: Row bytes for RGBA_8888 is 7200
07-18 14:18:25.549  5874  5900 I net.osmand:native: Locked 19368000 bytes at 0x81100000
07-18 14:18:25.549  5874  5900 I net.osmand:native: Initializing rendering
07-18 14:18:25.550  5874  5900 I net.osmand:native: Rendering image
07-18 14:18:25.635  1592  2450 I WifiService: releaseWifiLock uid=10014
07-18 14:18:25.639  5874  5900 I net.osmand:native: Native ok (rendering 0, text 23 ms) 
07-18 14:18:25.639  5874  5900 I net.osmand:native:  (1827 points, 14 points inside, 17 of 26 objects visible)
07-18 14:18:25.639  5874  5900 I net.osmand:native: End Rendering image
07-18 14:18:25.640  5874  5900 I net.osmand:native: Native ok (init 1, rendering 0) 
07-18 14:18:25.640  5874  5900 I net.osmand: MapRenderRepositories true
07-18 14:18:25.915  5874  5901 I net.osmand: MapRenderRepositories RENDER MAP: update due to tile box
07-18 14:18:25.916  5874  5901 I net.osmand: MapRenderRepositories RENDER MAP: Interrupt rendering map
07-18 14:18:26.157  5874  5874 I net.osmand: RoutingHelper Recalculate route, because correlation  : 162110.42328561883
07-18 14:18:26.158  5874  5874 I net.osmand: RoutingHelper Recalculate route, because wrong movement direction: 162110.42
07-18 14:18:26.169  5874  5901 I net.osmand: MapRenderRepositories RENDER MAP: update due to tile box
07-18 14:18:26.170  5874  5901 I net.osmand: MapRenderRepositories RENDER MAP: Interrupt rendering map
07-18 14:18:26.227  5874  5874 I net.osmand: RoutingHelper Recalculate route, because correlation  : 162110.42328561883
07-18 14:18:26.393  5874  5900 I net.osmand: MapRenderRepositories RENDER MAP: new request RotatedTileBox [lat=-7.271159999999999, lon=-36.104976666666666, rotate=0.0, density=2.625, zoom=17, mapDensity=3.9375, zoomAnimation=0.0, zoomFloatPart=0.0, cx=900, cy=1972, pixWidth=1800, pixHeight=2690]
07-18 14:18:26.487  1387  1387 W audio_hw_generic: Not supplying enough data to HAL, expected position 608676467 , only wrote 608629680
07-18 14:18:26.496  5874  5900 I net.osmand:native: Route objects 18
07-18 14:18:26.496  5874  5900 I net.osmand:native: Ocean: no completed & incompleted coastlines 0
07-18 14:18:26.497  5874  5900 I net.osmand:native: Detailed coastlines = 0, basemap coastlines 0, ocean tile 0.000000. Detailed added 0, basemap processed 1, basemap added 0.
07-18 14:18:26.497  5874  5900 I net.osmand:native: Search : tree - read( 490), accept( 37), objs - visit( 2509), accept(25), in result(14) 
07-18 14:18:26.497  5874  5900 I net.osmand: MapRenderRepositories BLat=-7.273463869094849, TLat=-7.2654565334320065, LLong=-36.107425689697266, RLong=-36.10252380371094, zoom=17
07-18 14:18:26.497  5874  5900 I net.osmand: MapRenderRepositories Native search: 104 ms 
07-18 14:18:26.515  5874  5900 I net.osmand:native: Creating SkBitmap in native w:1800 h:2690 s:7200 f:1!
07-18 14:18:26.515  5874  5900 I net.osmand:native: Row bytes for RGBA_8888 is 7200
07-18 14:18:26.515  5874  5900 I net.osmand:native: Locked 19368000 bytes at 0x5e200000
07-18 14:18:26.515  5874  5900 I net.osmand:native: Initializing rendering
07-18 14:18:26.516  5874  5900 I net.osmand:native: Rendering image
07-18 14:18:26.554  5874  5900 I net.osmand:native: Native ok (rendering 0, text 2 ms) 
07-18 14:18:26.554  5874  5900 I net.osmand:native:  (1894 points, 39 points inside, 20 of 29 objects visible)
07-18 14:18:26.554  5874  5900 I net.osmand:native: End Rendering image
07-18 14:18:26.554  5874  5900 I net.osmand:native: Native ok (init 1, rendering 0) 
07-18 14:18:26.561  5874  5900 I net.osmand: MapRenderRepositories true
07-18 14:18:26.691  5874  5874 I net.osmand: RoutingHelper Recalculate route, because correlation  : 161781.31158532854
07-18 14:18:26.691  5874  5874 I net.osmand: RoutingHelper Recalculate route, because wrong movement direction: 161781.31
07-18 14:18:26.749  5874  5874 I net.osmand: RoutingHelper Recalculate route, because correlation  : 161781.31158532854
07-18 14:18:26.860  5874  5901 I net.osmand: MapRenderRepositories RENDER MAP: update due to tile box
07-18 14:18:26.862  5874  5901 I net.osmand: MapRenderRepositories RENDER MAP: Interrupt rendering map
07-18 14:18:27.111  5874  5884 I zygote  : Background concurrent copying GC freed 566910(12MB) AllocSpace objects, 0(0B) LOS objects, 10% free, 52MB/58MB, paused 3.595ms total 1.443s
07-18 14:18:27.158  5874  5874 I net.osmand: RoutingHelper Recalculate route, because correlation  : 161781.31158532854
07-18 14:18:27.158  5874  5874 I net.osmand: RoutingHelper Recalculate route, because wrong movement direction: 161781.31
07-18 14:18:27.180  5874  5901 I net.osmand: MapRenderRepositories RENDER MAP: update due to tile box
07-18 14:18:27.181  5874  5901 I net.osmand: MapRenderRepositories RENDER MAP: Interrupt rendering map
07-18 14:18:27.212  5874  5874 I net.osmand: RoutingHelper Recalculate route, because correlation  : 161781.31158532854
07-18 14:18:27.312  5874  5900 I net.osmand: MapRenderRepositories RENDER MAP: new request RotatedTileBox [lat=-7.2707299999999995, lon=-36.10813333333333, rotate=0.0, density=2.625, zoom=17, mapDensity=3.9375, zoomAnimation=0.0, zoomFloatPart=0.0, cx=900, cy=1972, pixWidth=1800, pixHeight=2690]
07-18 14:18:27.385  5874  5900 I net.osmand:native: Route objects 16
07-18 14:18:27.385  5874  5900 I net.osmand:native: Ocean: no completed & incompleted coastlines 0
07-18 14:18:27.385  5874  5900 I net.osmand:native: Detailed coastlines = 0, basemap coastlines 0, ocean tile 0.000000. Detailed added 0, basemap processed 1, basemap added 0.
07-18 14:18:27.385  5874  5900 I net.osmand:native: Search : tree - read( 490), accept( 37), objs - visit( 2509), accept(23), in result(12) 
07-18 14:18:27.386  5874  5900 I net.osmand: MapRenderRepositories BLat=-7.273038053512574, TLat=-7.265030717849731, LLong=-36.110591888427734, RLong=-36.10567855834961, zoom=17
07-18 14:18:27.386  5874  5900 I net.osmand: MapRenderRepositories Native search: 73 ms 
07-18 14:18:27.408  5874  5900 I net.osmand:native: Creating SkBitmap in native w:1800 h:2690 s:7200 f:1!
07-18 14:18:27.408  5874  5900 I net.osmand:native: Row bytes for RGBA_8888 is 7200
07-18 14:18:27.408  5874  5900 I net.osmand:native: Locked 19368000 bytes at 0x81100000
07-18 14:18:27.408  5874  5900 I net.osmand:native: Initializing rendering
07-18 14:18:27.409  5874  5900 I net.osmand:native: Rendering image
07-18 14:18:27.428  5874  5900 I net.osmand:native: Native ok (rendering 0, text 2 ms) 
07-18 14:18:27.428  5874  5900 I net.osmand:native:  (1827 points, 14 points inside, 17 of 26 objects visible)
07-18 14:18:27.428  5874  5900 I net.osmand:native: End Rendering image
07-18 14:18:27.428  5874  5900 I net.osmand:native: Native ok (init 1, rendering 0) 
07-18 14:18:27.429  5874  5900 I net.osmand: MapRenderRepositories true
07-18 14:18:27.805  5874  5874 I net.osmand: RoutingHelper Recalculate route, because correlation  : 161781.31158532854
07-18 14:18:27.805  5874  5874 I net.osmand: RoutingHelper Recalculate route, because wrong movement direction: 161781.31
07-18 14:18:27.833  5874  5874 I net.osmand: RoutingHelper Recalculate route, because correlation  : 161781.31158532854
07-18 14:18:28.158  5874  5874 I net.osmand: RoutingHelper Recalculate route, because correlation  : 161781.31158532854
07-18 14:18:28.158  5874  5874 I net.osmand: RoutingHelper Recalculate route, because wrong movement direction: 161781.31
07-18 14:18:28.167  5874  5874 I net.osmand: RoutingHelper Recalculate route, because correlation  : 161781.31158532854
07-18 14:18:28.592  5874  5884 I zygote  : Background concurrent copying GC freed 1086063(23MB) AllocSpace objects, 0(0B) LOS objects, 10% free, 49MB/55MB, paused 3.884ms total 1.128s
07-18 14:18:28.947  5874  5874 I net.osmand: RoutingHelper Recalculate route, because correlation  : 161485.44151280267
07-18 14:18:28.947  5874  5874 I net.osmand: RoutingHelper Recalculate route, because wrong movement direction: 161485.44
07-18 14:18:28.979  5874  5874 I net.osmand: RoutingHelper Recalculate route, because correlation  : 161485.44151280267
07-18 14:18:28.994  1592  1609 E BatteryExternalStatsWorker: modem info is invalid: ModemActivityInfo{ mTimestamp=0 mSleepTimeMs=0 mIdleTimeMs=0 mTxTimeMs[]=[0, 0, 0, 0, 0] mRxTimeMs=0 mEnergyUsed=0}
07-18 14:18:29.121  5874  5901 I net.osmand: MapRenderRepositories RENDER MAP: update due to tile box
07-18 14:18:29.121  5874  5901 I net.osmand: MapRenderRepositories RENDER MAP: Interrupt rendering map
07-18 14:18:29.184  5874  5874 I net.osmand: RoutingHelper Recalculate route, because correlation  : 161485.44151280267
07-18 14:18:29.192  5874  5874 I net.osmand: RoutingHelper Recalculate route, because correlation  : 161485.44151280267
07-18 14:18:29.193  5874  5874 I net.osmand: RoutingHelper Recalculate route, because wrong movement direction: 161485.44
07-18 14:18:29.413  5874  5901 I net.osmand: MapRenderRepositories RENDER MAP: update due to tile box
07-18 14:18:29.413  5874  5901 I net.osmand: MapRenderRepositories RENDER MAP: Interrupt rendering map
07-18 14:18:29.685  5874  5900 I net.osmand: MapRenderRepositories RENDER MAP: new request RotatedTileBox [lat=-7.270613333333333, lon=-36.11091, rotate=0.0, density=2.625, zoom=17, mapDensity=3.9375, zoomAnimation=0.0, zoomFloatPart=0.0, cx=900, cy=1972, pixWidth=1800, pixHeight=2690]
07-18 14:18:29.700 13161 13258 W AnalyticsUserIDStore: initStore should have been called before calling setUserID
07-18 14:18:29.701 13161 13258 W UserDataStore: initStore should have been called before calling setUserID
07-18 14:18:29.809  5874  5900 I net.osmand:native: Route objects 16
07-18 14:18:29.810  5874  5900 I net.osmand:native: Ocean: no completed & incompleted coastlines 0
07-18 14:18:29.810  5874  5900 I net.osmand:native: Detailed coastlines = 0, basemap coastlines 0, ocean tile 0.000000. Detailed added 0, basemap processed 1, basemap added 0.
07-18 14:18:29.810  5874  5900 I net.osmand:native: Search : tree - read( 490), accept( 37), objs - visit( 2509), accept(23), in result(12) 
07-18 14:18:29.810  5874  5900 I net.osmand: MapRenderRepositories BLat=-7.272909688949585, TLat=-7.2649254322052, LLong=-36.11335754394531, RLong=-36.108455657958984, zoom=17
07-18 14:18:29.810  5874  5900 I net.osmand: MapRenderRepositories Native search: 123 ms 
07-18 14:18:29.846  5874  5900 I net.osmand:native: Creating SkBitmap in native w:1800 h:2690 s:7200 f:1!
07-18 14:18:29.846  5874  5900 I net.osmand:native: Row bytes for RGBA_8888 is 7200
07-18 14:18:29.846  5874  5900 I net.osmand:native: Locked 19368000 bytes at 0x5e200000
07-18 14:18:29.846  5874  5900 I net.osmand:native: Initializing rendering
07-18 14:18:29.847  5874  5900 I net.osmand:native: Rendering image
07-18 14:18:29.865  5874  5900 I net.osmand:native: Native ok (rendering 0, text 2 ms) 
07-18 14:18:29.865  5874  5900 I net.osmand:native:  (1845 points, 14 points inside, 17 of 26 objects visible)
07-18 14:18:29.865  5874  5900 I net.osmand:native: End Rendering image
07-18 14:18:29.865  5874  5900 I net.osmand:native: Native ok (init 1, rendering 0) 
07-18 14:18:29.874  5874  5900 I net.osmand: MapRenderRepositories true
07-18 14:18:30.094  5874  5874 I net.osmand: RoutingHelper Recalculate route, because correlation  : 161189.79036573696
07-18 14:18:30.094  5874  5874 I net.osmand: RoutingHelper Recalculate route, because wrong movement direction: 161189.8
07-18 14:18:30.153  5874  5874 I net.osmand: RoutingHelper Recalculate route, because correlation  : 161189.79036573696
07-18 14:18:30.193  5874  5874 I chatty  : uid=10104(net.osmand) identical 1 line
07-18 14:18:30.243  5874  5874 I net.osmand: RoutingHelper Recalculate route, because correlation  : 161189.79036573696
07-18 14:18:30.243  5874  5874 I net.osmand: RoutingHelper Recalculate route, because wrong movement direction: 161189.8
07-18 14:18:30.321  5874  5901 I net.osmand: MapRenderRepositories RENDER MAP: update due to tile box
07-18 14:18:30.321  5874  5901 I net.osmand: MapRenderRepositories RENDER MAP: Interrupt rendering map
07-18 14:18:30.481  5874  5884 I zygote  : Background concurrent copying GC freed 901075(20MB) AllocSpace objects, 0(0B) LOS objects, 10% free, 49MB/55MB, paused 1.119ms total 1.324s
07-18 14:18:30.625  5874  5900 I net.osmand: MapRenderRepositories RENDER MAP: new request RotatedTileBox [lat=-7.2704966666666655, lon=-36.113685000000004, rotate=0.0, density=2.625, zoom=17, mapDensity=3.9375, zoomAnimation=0.0, zoomFloatPart=0.0, cx=900, cy=1972, pixWidth=1800, pixHeight=2690]
07-18 14:18:30.666  5874  5900 I net.osmand:native: Route objects 19
07-18 14:18:30.666  5874  5900 I net.osmand:native: Ocean: no completed & incompleted coastlines 0
07-18 14:18:30.666  5874  5900 I net.osmand:native: Detailed coastlines = 0, basemap coastlines 0, ocean tile 0.000000. Detailed added 0, basemap processed 1, basemap added 0.
07-18 14:18:30.666  5874  5900 I net.osmand:native: Search : tree - read( 490), accept( 37), objs - visit( 2509), accept(26), in result(15) 
07-18 14:18:30.666  5874  5900 I net.osmand: MapRenderRepositories BLat=-7.272803926467896, TLat=-7.264796590805053, LLong=-36.11613845825195, RLong=-36.11123275756836, zoom=17
07-18 14:18:30.666  5874  5900 I net.osmand: MapRenderRepositories Native search: 40 ms 
07-18 14:18:30.671  5874  5900 I net.osmand:native: Creating SkBitmap in native w:1800 h:2690 s:7200 f:1!
07-18 14:18:30.671  5874  5900 I net.osmand:native: Row bytes for RGBA_8888 is 7200
07-18 14:18:30.674  5874  5900 I net.osmand:native: Locked 19368000 bytes at 0x81100000
07-18 14:18:30.674  5874  5900 I net.osmand:native: Initializing rendering
07-18 14:18:30.681  5874  5900 I net.osmand:native: Rendering image
07-18 14:18:30.724  5874  5900 I net.osmand:native: Native ok (rendering 0, text 6 ms) 
07-18 14:18:30.724  5874  5900 I net.osmand:native:  (1910 points, 54 points inside, 22 of 32 objects visible)
07-18 14:18:30.724  5874  5900 I net.osmand:native: End Rendering image
07-18 14:18:30.724  5874  5900 I net.osmand:native: Native ok (init 5, rendering 0) 
07-18 14:18:30.733  5874  5900 I net.osmand: MapRenderRepositories true
07-18 14:18:31.188  5874  5874 I net.osmand: RoutingHelper Recalculate route, because correlation  : 161189.79036573696
07-18 14:18:31.221  1956  1956 I GeofencerStateMachine: sendNewTransitions called.
07-18 14:18:31.256  5874  5874 I net.osmand: RoutingHelper Recalculate route, because correlation  : 161189.79036573696
07-18 14:18:31.257  5874  5874 I net.osmand: RoutingHelper Recalculate route, because wrong movement direction: 161189.8
07-18 14:18:31.291  5874  5874 I net.osmand: RoutingHelper Recalculate route, because correlation  : 160894.17903447163
07-18 14:18:31.292  5874  5874 I net.osmand: RoutingHelper Recalculate route, because correlation  : 160894.17903447163
07-18 14:18:31.292  5874  5874 I net.osmand: RoutingHelper Recalculate route, because wrong movement direction: 160894.17
07-18 14:18:31.386  5874  5957 W net.osmand: RoutingContext Unload tiles :  occupied before 9.3253355 Mb - now  6.981843MB 10.0 limit MB 10.0
07-18 14:18:31.386  5874  5957 W net.osmand: RoutingContext Used memory before 61.284416after 61.284416 of max 0.0
07-18 14:18:31.660  5874  5901 I net.osmand: MapRenderRepositories RENDER MAP: update due to tile box
07-18 14:18:31.660  5874  5901 I net.osmand: MapRenderRepositories RENDER MAP: Interrupt rendering map
07-18 14:18:32.008  5874  5884 I zygote  : Background concurrent copying GC freed 941957(21MB) AllocSpace objects, 7(112KB) LOS objects, 11% free, 48MB/54MB, paused 906us total 1.094s
07-18 14:18:32.156  5874  5901 I net.osmand: MapRenderRepositories RENDER MAP: update due to tile box
07-18 14:18:32.156  5874  5901 I net.osmand: MapRenderRepositories RENDER MAP: Interrupt rendering map
07-18 14:18:32.161  5874  5874 I net.osmand: RoutingHelper Recalculate route, because correlation  : 160894.17903447163
07-18 14:18:32.161  5874  5874 I net.osmand: RoutingHelper Recalculate route, because wrong movement direction: 160894.17
07-18 14:18:32.217  5874  5874 I net.osmand: RoutingHelper Recalculate route, because correlation  : 160894.17903447163
07-18 14:18:32.237  5874  5900 I net.osmand: MapRenderRepositories RENDER MAP: new request RotatedTileBox [lat=-7.27038, lon=-36.11646, rotate=0.0, density=2.625, zoom=17, mapDensity=3.9375, zoomAnimation=0.0, zoomFloatPart=0.0, cx=900, cy=1972, pixWidth=1800, pixHeight=2690]
07-18 14:18:32.352  5874  5900 I net.osmand:native: Route objects 18
07-18 14:18:32.352  5874  5900 I net.osmand:native: Ocean: no completed & incompleted coastlines 0
07-18 14:18:32.352  5874  5900 I net.osmand:native: Detailed coastlines = 0, basemap coastlines 0, ocean tile 0.000000. Detailed added 0, basemap processed 1, basemap added 0.
07-18 14:18:32.352  5874  5900 I net.osmand:native: Search : tree - read( 490), accept( 37), objs - visit( 2509), accept(25), in result(14) 
07-18 14:18:32.353  5874  5900 I net.osmand: MapRenderRepositories BLat=-7.272675561904907, TLat=-7.264691305160523, LLong=-36.11891555786133, RLong=-36.1140022277832, zoom=17
07-18 14:18:32.354  5874  5900 I net.osmand: MapRenderRepositories Native search: 115 ms 
07-18 14:18:32.401  5874  5874 I net.osmand: RoutingHelper Recalculate route, because correlation  : 160598.5663628458
07-18 14:18:32.403  5874  5874 I net.osmand: RoutingHelper Recalculate route, because correlation  : 160598.5663628458
07-18 14:18:32.403  5874  5874 I net.osmand: RoutingHelper Recalculate route, because wrong movement direction: 160598.56
07-18 14:18:32.410  5874  5900 I net.osmand:native: Creating SkBitmap in native w:1800 h:2690 s:7200 f:1!
07-18 14:18:32.410  5874  5900 I net.osmand:native: Row bytes for RGBA_8888 is 7200
07-18 14:18:32.410  5874  5900 I net.osmand:native: Locked 19368000 bytes at 0x5e200000
07-18 14:18:32.410  5874  5900 I net.osmand:native: Initializing rendering
07-18 14:18:32.412  5874  5900 I net.osmand:native: Rendering image
07-18 14:18:32.503  5874  5900 I net.osmand:native: Native ok (rendering 0, text 24 ms) 
07-18 14:18:32.503  5874  5900 I net.osmand:native:  (1850 points, 36 points inside, 20 of 30 objects visible)
07-18 14:18:32.503  5874  5900 I net.osmand:native: End Rendering image
07-18 14:18:32.503  5874  5900 I net.osmand:native: Native ok (init 2, rendering 0) 
07-18 14:18:32.504  5874  5900 I net.osmand: MapRenderRepositories true
07-18 14:18:32.518  5874  5901 I net.osmand: MapRenderRepositories RENDER MAP: update due to tile box
07-18 14:18:32.518  5874  5901 I net.osmand: MapRenderRepositories RENDER MAP: Interrupt rendering map
07-18 14:18:32.830  5874  5901 I net.osmand: MapRenderRepositories RENDER MAP: update due to tile box
07-18 14:18:32.830  5874  5901 I net.osmand: MapRenderRepositories RENDER MAP: Interrupt rendering map
07-18 14:18:33.168  5874  5874 I net.osmand: RoutingHelper Recalculate route, because correlation  : 160598.5663628458
07-18 14:18:33.174  5874  5874 I net.osmand: RoutingHelper Recalculate route, because correlation  : 160598.5663628458
07-18 14:18:33.174  5874  5874 I net.osmand: RoutingHelper Recalculate route, because wrong movement direction: 160598.56
07-18 14:18:33.170  5874  5901 I net.osmand: MapRenderRepositories RENDER MAP: update due to tile box
07-18 14:18:33.180  5874  5901 I net.osmand: MapRenderRepositories RENDER MAP: Interrupt rendering map
07-18 14:18:33.258  5874  5900 I net.osmand: MapRenderRepositories RENDER MAP: new request RotatedTileBox [lat=-7.270265, lon=-36.119235, rotate=0.0, density=2.625, zoom=17, mapDensity=3.9375, zoomAnimation=0.0, zoomFloatPart=0.0, cx=900, cy=1972, pixWidth=1800, pixHeight=2690]
07-18 14:18:33.340  5874  5900 I net.osmand:native: Route objects 14
07-18 14:18:33.340  5874  5900 I net.osmand:native: Ocean: no completed & incompleted coastlines 0
07-18 14:18:33.340  5874  5900 I net.osmand:native: Detailed coastlines = 0, basemap coastlines 0, ocean tile 0.000000. Detailed added 0, basemap processed 1, basemap added 0.
07-18 14:18:33.340  5874  5900 I net.osmand:native: Search : tree - read( 490), accept( 36), objs - visit( 2469), accept(21), in result(10) 
07-18 14:18:33.352  5874  5900 I net.osmand: MapRenderRepositories BLat=-7.272569799423218, TLat=-7.264562463760376, LLong=-36.12168502807617, RLong=-36.116783142089844, zoom=17
07-18 14:18:33.352  5874  5900 I net.osmand: MapRenderRepositories Native search: 94 ms 
07-18 14:18:33.358  5874  5900 I net.osmand:native: Creating SkBitmap in native w:1800 h:2690 s:7200 f:1!
07-18 14:18:33.359  5874  5900 I net.osmand:native: Row bytes for RGBA_8888 is 7200
07-18 14:18:33.359  5874  5900 I net.osmand:native: Locked 19368000 bytes at 0x81100000
07-18 14:18:33.359  5874  5900 I net.osmand:native: Initializing rendering
07-18 14:18:33.360  5874  5900 I net.osmand:native: Rendering image
07-18 14:18:33.392  5874  5900 I net.osmand:native: Native ok (rendering 0, text 14 ms) 
07-18 14:18:33.392  5874  5900 I net.osmand:native:  (1254 points, 6 points inside, 14 of 22 objects visible)
07-18 14:18:33.392  5874  5900 I net.osmand:native: End Rendering image
07-18 14:18:33.392  5874  5900 I net.osmand:native: Native ok (init 1, rendering 0) 
07-18 14:18:33.393  5874  5900 I net.osmand: MapRenderRepositories true
07-18 14:18:33.538  5874  5874 I net.osmand: RoutingHelper Recalculate route, because correlation  : 160302.856008263
07-18 14:18:33.540  5874  5874 I net.osmand: RoutingHelper Recalculate route, because correlation  : 160302.856008263
07-18 14:18:33.541  5874  5874 I net.osmand: RoutingHelper Recalculate route, because wrong movement direction: 160302.86
