06-28 11:06:40.838 25280 25280 W BugleDataModel: 	at android.os.Handler.handleCallback(Handler.java:790)
06-28 11:06:40.838 25280 25280 W BugleDataModel: 	at android.os.Handler.dispatchMessage(Handler.java:99)
06-28 11:06:40.838 25280 25280 W BugleDataModel: 	at android.os.Looper.loop(Looper.java:164)
06-28 11:06:40.838 25280 25280 W BugleDataModel: 	at android.app.ActivityThread.main(ActivityThread.java:6494)
06-28 11:06:40.838 25280 25280 W BugleDataModel: 	at java.lang.reflect.Method.invoke(Native Method)
06-28 11:06:40.838 25280 25280 W BugleDataModel: 	at com.android.internal.os.RuntimeInit$MethodAndArgsCaller.run(RuntimeInit.java:438)
06-28 11:06:40.838 25280 25280 W BugleDataModel: 	at com.android.internal.os.ZygoteInit.main(ZygoteInit.java:807)
06-28 11:06:40.849 25280 25351 I BugleDataModel: ParticipantRefresh: Start participant refresh. refreshMode: 1
06-28 11:06:41.099 12507 12507 I net.osmand: RoutingHelper Recalculate route, because correlation  : 56128.159849497955
06-28 11:06:41.099 12507 12507 I net.osmand: RoutingHelper Recalculate route, because wrong movement direction: 56128.16
06-28 11:06:41.158 12507 12507 I net.osmand: RoutingHelper Recalculate route, because correlation  : 56128.159849497955
06-28 11:06:41.211 12507 12507 I chatty  : uid=10104(net.osmand) identical 1 line
06-28 11:06:41.213 12507 12507 I net.osmand: RoutingHelper Recalculate route, because correlation  : 56128.159849497955
06-28 11:06:41.213 12507 12507 I net.osmand: RoutingHelper Recalculate route, because wrong movement direction: 56128.16
06-28 11:06:41.568 12507 25919 I net.osmand: RoutePlannerFrontEnd Native routing took 32.332 seconds
06-28 11:06:41.575 19546 19556 I zygote  : Background concurrent copying GC freed 172047(7MB) AllocSpace objects, 29(1956KB) LOS objects, 40% free, 8MB/14MB, paused 1.174ms total 544.841ms
06-28 11:06:41.714 12507 12519 I zygote  : Background concurrent copying GC freed 152901(3MB) AllocSpace objects, 0(0B) LOS objects, 15% free, 33MB/39MB, paused 8.002ms total 1.187s
06-28 11:06:41.752 12507 25919 I System.out: ROUTE : 
06-28 11:06:41.768 12507 25919 I net.osmand: RouteResultPreparation <test regions="" description="" best_percent="" vehicle="pedestrian" 
06-28 11:06:41.768 12507 25919 I net.osmand:   start_lat="-7.58920" start_lon="-37.54107" target_lat="-7.21848" target_lon="-35.88326"  routing_time="163076.03" loadedTiles="216" visitedSegments="22877" complete_distance="209465.64" complete_time="157096.08" >
06-28 11:06:41.772 12507 25919 I System.out: <test regions="" description="" best_percent="" vehicle="pedestrian" 
06-28 11:06:41.772 12507 25919 I System.out:   start_lat="-7.58920" start_lon="-37.54107" target_lat="-7.21848" target_lon="-35.88326"  routing_time="163076.03" loadedTiles="216" visitedSegments="22877" complete_distance="209465.64" complete_time="157096.08" >
06-28 11:06:41.772 12507 25919 I System.out: </test>
06-28 11:06:41.772 12507 25919 I System.out: <test regions="" description="" best_percent="" vehicle="pedestrian" 
06-28 11:06:41.772 12507 25919 I System.out:   start_lat="-7.58920" start_lon="-37.54107" target_lat="-7.21848" target_lon="-35.88326"  routing_time="163076.03" loadedTiles="216" visitedSegments="22877" complete_distance="209465.64" complete_time="157096.08" >
06-28 11:06:41.841 12507 12507 I net.osmand: RoutingHelper Recalculate route, because correlation  : 56128.159849497955
06-28 11:06:41.844 12507 12507 I net.osmand: RoutingHelper Recalculate route, because correlation  : 56128.159849497955
06-28 11:06:41.845 12507 12507 I net.osmand: RoutingHelper Recalculate route, because wrong movement direction: 56128.16
06-28 11:06:41.856 12507 25919 I net.osmand: RouteProvider Finding route contained 2050 points for 32737 ms
06-28 11:06:42.837 25280 25351 I BugleDataModel: ParticipantRefresh: Number of participants refreshed: 0
06-28 11:06:42.996 12507 12519 I zygote  : Background concurrent copying GC freed 503289(15MB) AllocSpace objects, 1(16KB) LOS objects, 19% free, 24MB/30MB, paused 1.525ms total 278.576ms
06-28 11:06:43.968  1402  1417 D hwcomposer: hw_composer sent 24 syncs in 89s
06-28 11:06:44.773 12507 12519 I zygote  : Background concurrent copying GC freed 343042(8MB) AllocSpace objects, 0(0B) LOS objects, 21% free, 22MB/28MB, paused 1.814ms total 250.620ms
06-28 11:06:44.974  1603  1620 I WifiService: requestActivityInfo uid=1000
06-28 11:06:44.974  1603  1620 I WifiService: reportActivityInfo uid=1000
06-28 11:06:44.974  1603  1620 I WifiService: getSupportedFeatures uid=1000
06-28 11:06:46.778 12507 12519 I zygote  : Background concurrent copying GC freed 274145(6MB) AllocSpace objects, 0(0B) LOS objects, 20% free, 23MB/29MB, paused 1.108ms total 278.055ms
06-28 11:06:48.531 12507 12519 I zygote  : Background concurrent copying GC freed 315273(7MB) AllocSpace objects, 0(0B) LOS objects, 21% free, 22MB/28MB, paused 1.790ms total 246.159ms
06-28 11:06:50.596  1409  1409 I boot-pipe: done populating /dev/random
06-28 11:06:50.651 12507 12519 I zygote  : Background concurrent copying GC freed 277566(6MB) AllocSpace objects, 0(0B) LOS objects, 20% free, 23MB/29MB, paused 2.231ms total 286.862ms
06-28 11:06:52.443 12507 12519 I zygote  : Background concurrent copying GC freed 311161(6MB) AllocSpace objects, 0(0B) LOS objects, 20% free, 23MB/29MB, paused 1.018ms total 257.303ms
06-28 11:06:54.483 12507 12519 I zygote  : Background concurrent copying GC freed 302920(6MB) AllocSpace objects, 0(0B) LOS objects, 21% free, 22MB/28MB, paused 1.417ms total 209.287ms
06-28 11:06:55.197 19546 19546 I GeofencerStateMachine: sendNewTransitions called.
06-28 11:06:55.388  1603  1616 E memtrack: Couldn't load memtrack module
06-28 11:06:55.389  1603  1616 W android.os.Debug: failed to get memory consumption info: -1
06-28 11:06:55.394  1603  2119 I WifiService: getConnectionInfo uid=10014
06-28 11:06:55.398 19546 25677 E WakeLock: GCM_HB_ALARM release without a matched acquire!
06-28 11:06:55.405  1603  1620 I WifiService: requestActivityInfo uid=1000
06-28 11:06:55.405  1603  1620 I WifiService: reportActivityInfo uid=1000
06-28 11:06:55.406  1603  1620 I WifiService: getSupportedFeatures uid=1000
06-28 11:06:55.659 19569 21629 I EventLogChimeraService: Aggregate from 1561731823184 (log), 1561731823184 (data)
06-28 11:06:55.849  1603  2119 I WifiService: getConnectionInfo uid=10014
06-28 11:06:56.105  1603  1617 W BroadcastQueue: Background execution not allowed: receiving Intent { act=android.intent.action.DROPBOX_ENTRY_ADDED flg=0x10 (has extras) } to com.google.android.gms/.stats.service.DropBoxEntryAddedReceiver
06-28 11:06:56.106  1603  1617 W BroadcastQueue: Background execution not allowed: receiving Intent { act=android.intent.action.DROPBOX_ENTRY_ADDED flg=0x10 (has extras) } to com.google.android.gms/.chimera.GmsIntentOperationService$PersistentTrustedReceiver
06-28 11:06:56.444 19569 19579 I zygote  : Background concurrent copying GC freed 91007(4MB) AllocSpace objects, 26(1688KB) LOS objects, 38% free, 9MB/15MB, paused 8.970ms total 257.693ms
06-28 11:06:56.960 12507 12519 I zygote  : Background concurrent copying GC freed 267300(5MB) AllocSpace objects, 0(0B) LOS objects, 20% free, 23MB/29MB, paused 3.035ms total 302.101ms
06-28 11:06:58.480 12507 12519 I zygote  : Background concurrent copying GC freed 312727(6MB) AllocSpace objects, 0(0B) LOS objects, 21% free, 22MB/28MB, paused 2.176ms total 227.855ms
06-28 11:07:00.362  1603  1877 I WifiService: acquireWifiLock uid=10014 lockMode=2
06-28 11:07:00.496 12507 12519 I zygote  : Background concurrent copying GC freed 293540(6MB) AllocSpace objects, 0(0B) LOS objects, 21% free, 22MB/28MB, paused 1.321ms total 269.708ms
06-28 11:07:02.674 12507 12519 I zygote  : Background concurrent copying GC freed 272327(6MB) AllocSpace objects, 0(0B) LOS objects, 19% free, 25MB/31MB, paused 1.218ms total 419.236ms
06-28 11:07:03.374  1603  2119 D WificondControl: Scan result ready event
06-28 11:07:03.426  1603 12888 I WifiService: releaseWifiLock uid=10014
06-28 11:07:03.629  1603  1612 I zygote  : Background concurrent copying GC freed 77666(3MB) AllocSpace objects, 10(520KB) LOS objects, 23% free, 19MB/25MB, paused 1.225ms total 206.946ms
06-28 11:07:04.527 12507 12519 I zygote  : Background concurrent copying GC freed 381722(8MB) AllocSpace objects, 0(0B) LOS objects, 20% free, 23MB/29MB, paused 1.992ms total 267.183ms
06-28 11:07:06.476 12507 12519 I zygote  : Background concurrent copying GC freed 302087(6MB) AllocSpace objects, 0(0B) LOS objects, 20% free, 22MB/28MB, paused 910us total 229.007ms
06-28 11:07:08.438 12507 12519 I zygote  : Background concurrent copying GC freed 307597(6MB) AllocSpace objects, 0(0B) LOS objects, 20% free, 23MB/29MB, paused 1.716ms total 263.290ms
06-28 11:07:10.485 12507 12519 I zygote  : Background concurrent copying GC freed 306046(6MB) AllocSpace objects, 0(0B) LOS objects, 20% free, 23MB/29MB, paused 2.678ms total 278.355ms
06-28 11:07:10.853  1603  1620 I WifiService: requestActivityInfo uid=1000
06-28 11:07:10.853  1603  1620 I WifiService: reportActivityInfo uid=1000
06-28 11:07:10.853  1603  1620 I WifiService: getSupportedFeatures uid=1000
06-28 11:07:12.648 12507 12519 I zygote  : Background concurrent copying GC freed 305362(6MB) AllocSpace objects, 0(0B) LOS objects, 19% free, 24MB/30MB, paused 3.390ms total 400.132ms
06-28 11:07:14.662 12507 12519 I zygote  : Background concurrent copying GC freed 348540(7MB) AllocSpace objects, 0(0B) LOS objects, 20% free, 23MB/29MB, paused 2.041ms total 255.627ms
06-28 11:07:16.423 12507 12519 I zygote  : Background concurrent copying GC freed 301746(6MB) AllocSpace objects, 0(0B) LOS objects, 20% free, 22MB/28MB, paused 4.209ms total 235.160ms
06-28 11:07:18.454 12507 12519 I zygote  : Background concurrent copying GC freed 301236(6MB) AllocSpace objects, 0(0B) LOS objects, 20% free, 23MB/29MB, paused 1.318ms total 251.923ms
06-28 11:07:19.260  1603  1620 I WifiService: requestActivityInfo uid=1000
06-28 11:07:19.261  1603  1620 I WifiService: reportActivityInfo uid=1000
06-28 11:07:19.261  1603  1620 I WifiService: getSupportedFeatures uid=1000
06-28 11:07:20.378  1603  2119 I WifiService: acquireWifiLock uid=10014 lockMode=2
06-28 11:07:20.475  1603  4580 I WifiService: releaseWifiLock uid=10014
06-28 11:07:20.508 12507 12519 I zygote  : Background concurrent copying GC freed 312552(6MB) AllocSpace objects, 0(0B) LOS objects, 20% free, 23MB/29MB, paused 1.621ms total 299.207ms
06-28 11:07:22.498 12507 12519 I zygote  : Background concurrent copying GC freed 300368(6MB) AllocSpace objects, 0(0B) LOS objects, 20% free, 22MB/28MB, paused 2.328ms total 278.524ms
06-28 11:07:24.852 12507 12519 I zygote  : Background concurrent copying GC freed 303460(6MB) AllocSpace objects, 0(0B) LOS objects, 20% free, 23MB/29MB, paused 1.319ms total 328.224ms
06-28 11:07:25.723 19546 19546 I GeofencerStateMachine: sendNewTransitions called.
06-28 11:07:26.617 12507 12519 I zygote  : Background concurrent copying GC freed 309278(6MB) AllocSpace objects, 0(0B) LOS objects, 20% free, 23MB/29MB, paused 1.161ms total 354.363ms
06-28 11:07:28.612 12507 12519 I zygote  : Background concurrent copying GC freed 329011(7MB) AllocSpace objects, 0(0B) LOS objects, 20% free, 23MB/29MB, paused 51.385ms total 333.942ms
06-28 11:07:30.579 12507 12519 I zygote  : Background concurrent copying GC freed 299416(6MB) AllocSpace objects, 0(0B) LOS objects, 20% free, 23MB/29MB, paused 1.143ms total 326.057ms
06-28 11:07:32.464 12507 12519 I zygote  : Background concurrent copying GC freed 326180(7MB) AllocSpace objects, 0(0B) LOS objects, 20% free, 22MB/28MB, paused 2.587ms total 279.169ms
06-28 11:07:34.454 12507 12519 I zygote  : Background concurrent copying GC freed 299147(6MB) AllocSpace objects, 0(0B) LOS objects, 20% free, 23MB/29MB, paused 3.343ms total 291.707ms
06-28 11:07:36.279 12507 12519 I zygote  : Background concurrent copying GC freed 317534(7MB) AllocSpace objects, 0(0B) LOS objects, 20% free, 23MB/29MB, paused 2.151ms total 301.958ms
06-28 11:07:38.520 12507 12519 I zygote  : Background concurrent copying GC freed 325837(7MB) AllocSpace objects, 0(0B) LOS objects, 20% free, 23MB/29MB, paused 3.789ms total 303.001ms
06-28 11:07:40.660 12507 12519 I zygote  : Background concurrent copying GC freed 325429(7MB) AllocSpace objects, 0(0B) LOS objects, 20% free, 23MB/29MB, paused 2.287ms total 360.286ms
06-28 11:07:41.396  1603  1614 I WifiService: acquireWifiLock uid=10014 lockMode=2
06-28 11:07:41.404  1603  1616 E memtrack: Couldn't load memtrack module
06-28 11:07:41.404  1603  1616 W android.os.Debug: failed to get memory consumption info: -1
06-28 11:07:42.639 12507 12519 I zygote  : Background concurrent copying GC freed 327659(7MB) AllocSpace objects, 0(0B) LOS objects, 20% free, 23MB/29MB, paused 3.681ms total 371.355ms
06-28 11:07:44.424  1603 12888 D WificondControl: Scan result ready event
06-28 11:07:44.553  1603  1614 I WifiService: releaseWifiLock uid=10014
06-28 11:07:44.697 12507 12519 I zygote  : Background concurrent copying GC freed 324400(7MB) AllocSpace objects, 0(0B) LOS objects, 20% free, 23MB/29MB, paused 3.124ms total 383.537ms
06-28 11:07:46.313  1402  1417 D hwcomposer: hw_composer sent 144 syncs in 62s
06-28 11:07:46.674 12507 12519 I zygote  : Background concurrent copying GC freed 331354(7MB) AllocSpace objects, 0(0B) LOS objects, 20% free, 23MB/29MB, paused 1.451ms total 380.615ms
06-28 11:07:48.475 12507 12519 I zygote  : Background concurrent copying GC freed 322663(7MB) AllocSpace objects, 0(0B) LOS objects, 20% free, 23MB/29MB, paused 1.059ms total 239.615ms
06-28 11:07:50.573 12507 12519 I zygote  : Background concurrent copying GC freed 307922(6MB) AllocSpace objects, 0(0B) LOS objects, 20% free, 22MB/28MB, paused 1.333ms total 242.938ms
06-28 11:07:50.599  1409  1409 I boot-pipe: done populating /dev/random
06-28 11:07:52.502 12507 12519 I zygote  : Background concurrent copying GC freed 304712(6MB) AllocSpace objects, 0(0B) LOS objects, 20% free, 23MB/29MB, paused 2.228ms total 285.783ms
06-28 11:07:54.552 12507 12519 I zygote  : Background concurrent copying GC freed 314127(6MB) AllocSpace objects, 0(0B) LOS objects, 20% free, 23MB/29MB, paused 1.903ms total 371.035ms
06-28 11:07:56.046 19546 19546 I GeofencerStateMachine: sendNewTransitions called.
06-28 11:07:56.475 12507 12519 I zygote  : Background concurrent copying GC freed 318659(7MB) AllocSpace objects, 0(0B) LOS objects, 19% free, 24MB/30MB, paused 2.506ms total 415.961ms
06-28 11:07:58.336 12507 12519 I zygote  : Background concurrent copying GC freed 359358(7MB) AllocSpace objects, 0(0B) LOS objects, 20% free, 23MB/29MB, paused 2.589ms total 292.257ms
06-28 11:08:00.644 12507 12519 I zygote  : Background concurrent copying GC freed 324593(7MB) AllocSpace objects, 0(0B) LOS objects, 20% free, 23MB/29MB, paused 1.689ms total 347.582ms
06-28 11:08:01.426  1603  2119 I WifiService: acquireWifiLock uid=10014 lockMode=2
06-28 11:08:01.553  1603  1877 I WifiService: releaseWifiLock uid=10014
06-28 11:08:02.517 12507 12519 I zygote  : Background concurrent copying GC freed 328778(7MB) AllocSpace objects, 0(0B) LOS objects, 21% free, 22MB/28MB, paused 3.088ms total 233.271ms
06-28 11:08:03.814  1603  4580 I zygote  : IncrementDisableThreadFlip blocked for 5.573ms
06-28 11:08:04.039  1603  1612 I zygote  : Background concurrent copying GC freed 69903(2MB) AllocSpace objects, 0(0B) LOS objects, 23% free, 19MB/25MB, paused 2.973ms total 234.557ms
06-28 11:08:04.055  1603  1620 I WifiService: requestActivityInfo uid=1000
06-28 11:08:04.055  1603  1620 I WifiService: reportActivityInfo uid=1000
06-28 11:08:04.055  1603  1620 I WifiService: getSupportedFeatures uid=1000
06-28 11:08:04.385  1603  1614 D WificondControl: Scan result ready event
06-28 11:08:04.651 12507 12519 I zygote  : Background concurrent copying GC freed 279358(6MB) AllocSpace objects, 0(0B) LOS objects, 19% free, 24MB/30MB, paused 6.110ms total 376.462ms
06-28 11:08:06.662 12507 12519 I zygote  : Background concurrent copying GC freed 342420(7MB) AllocSpace objects, 0(0B) LOS objects, 20% free, 23MB/29MB, paused 11.550ms total 355.207ms
06-28 11:08:08.500 12507 12519 I zygote  : Background concurrent copying GC freed 320096(7MB) AllocSpace objects, 0(0B) LOS objects, 21% free, 22MB/28MB, paused 2.591ms total 211.288ms
06-28 11:08:10.490 12507 12519 I zygote  : Background concurrent copying GC freed 281152(6MB) AllocSpace objects, 0(0B) LOS objects, 20% free, 23MB/29MB, paused 923us total 244.995ms
06-28 11:08:11.495  1603  1620 I WifiService: requestActivityInfo uid=1000
06-28 11:08:11.495  1603  1620 I WifiService: reportActivityInfo uid=1000
06-28 11:08:11.495  1603  1620 I WifiService: getSupportedFeatures uid=1000
06-28 11:08:12.514 12507 12519 I zygote  : Background concurrent copying GC freed 318760(7MB) AllocSpace objects, 0(0B) LOS objects, 20% free, 23MB/29MB, paused 2.621ms total 334.170ms
06-28 11:08:14.195 12507 12519 I zygote  : Background concurrent copying GC freed 319533(7MB) AllocSpace objects, 0(0B) LOS objects, 21% free, 22MB/28MB, paused 1.433ms total 210.840ms
06-28 11:08:16.506 12507 12519 I zygote  : Background concurrent copying GC freed 276990(6MB) AllocSpace objects, 0(0B) LOS objects, 20% free, 23MB/29MB, paused 3.022ms total 288.853ms
06-28 11:08:18.415 12507 12519 I zygote  : Background concurrent copying GC freed 314455(6MB) AllocSpace objects, 0(0B) LOS objects, 20% free, 23MB/29MB, paused 1.669ms total 343.817ms
06-28 11:08:20.685 12507 12519 I zygote  : Background concurrent copying GC freed 326410(7MB) AllocSpace objects, 0(0B) LOS objects, 20% free, 23MB/29MB, paused 3.577ms total 388.167ms
06-28 11:08:21.459  1603  2119 I WifiService: acquireWifiLock uid=10014 lockMode=2
