06-28 13:45:13.711 12507 12507 I net.osmand: RoutingHelper Recalculate route, because correlation  : 187437.32689634964
06-28 13:45:13.719 12507 12507 I net.osmand: RoutingHelper Recalculate route, because correlation  : 187437.32689634964
06-28 13:45:13.719 12507 12507 I net.osmand: RoutingHelper Recalculate route, because wrong movement direction: 187446.88
06-28 13:45:14.140  1483 18607 I NuPlayerDecoder: [audio] saw output EOS
06-28 13:45:14.141  1483 18606 D AudioTrack: stop() called with 132300 frames delivered
06-28 13:45:14.174 12507 18524 W net.osmand:native: [Native] Result visited (visited roads 22907, visited segments 10989 / 30885 , queue sizes 304 / 4302 ) 
06-28 13:45:14.174 12507 18524 W net.osmand:native: [Native] Result timing (time to load 0, time to calc 31750, loaded tiles 216) 
06-28 13:45:14.175 12507 18524 W net.osmand:native: [Native] Memory occupied (Routing context 9500 Kb, search 690 Kb)
06-28 13:45:14.218  1393  3231 W audio_hw_generic: Not supplying enough data to HAL, expected position 81504841 , only wrote 81504720
06-28 13:45:14.219  1393  3231 W audio_hw_generic: Not supplying enough data to HAL, expected position 81504730 , only wrote 81504720
06-28 13:45:14.250  1475  1571 D AudioFlinger: mixer(0xaa803cc0) throttle end: throttle time(5)
06-28 13:45:14.257 12507 12507 I net.osmand: RoutingHelper Recalculate route, because correlation  : 187437.32689634964
06-28 13:45:14.264 12507 12507 I net.osmand: RoutingHelper Recalculate route, because correlation  : 187437.32689634964
06-28 13:45:14.264 12507 12507 I net.osmand: RoutingHelper Recalculate route, because wrong movement direction: 187446.88
06-28 13:45:14.450 12507 18524 I net.osmand:native: Routing calculated time distance 163074.968750
06-28 13:45:14.641  1483 18603 D NuPlayerDriver: notifyListener_l(0xab7a5850), (2, 0, 0, -1), loop setting(1, 0)
06-28 13:45:14.661  1483 18607 I NuPlayerDecoder: [OMX.google.vorbis.decoder] resubmitting CSD
06-28 13:45:14.662  1483 18607 I NuPlayerDecoder: [OMX.google.vorbis.decoder] resubmitting CSD
06-28 13:45:14.678  1483 18603 D NuPlayerDriver: notifyListener_l(0xab7a5850), (6, 0, 0, -1), loop setting(1, 0)
06-28 13:45:14.695 12507 12507 I net.osmand: RoutingHelper Recalculate route, because correlation  : 187437.32689634964
06-28 13:45:14.704  1483 18606 W AudioTrack: getTimestamp() location moved from kernel to server
06-28 13:45:14.704  1483 18606 W NuPlayerRenderer: getPendingAudioPlayoutDurationUs: pendingUs -8638 < 0, clamping to zero, potential resume after pause writtenAudioDurationUs: 23219, audioSinkPlayedUs: 31857
06-28 13:45:14.725  1483 18606 W AudioTrack: retrograde timestamp position corrected, -1024 = 0 - 1024
06-28 13:45:14.779 12507 12507 I net.osmand: RoutingHelper Recalculate route, because correlation  : 187437.32689634964
06-28 13:45:14.779 12507 12507 I net.osmand: RoutingHelper Recalculate route, because wrong movement direction: 187446.88
06-28 13:45:15.516 12507 12519 I zygote  : Background concurrent copying GC freed 41304(1668KB) AllocSpace objects, 0(0B) LOS objects, 20% free, 23MB/29MB, paused 990us total 384.929ms
06-28 13:45:15.734 12507 12507 I net.osmand: RoutingHelper Recalculate route, because correlation  : 187437.32689634964
06-28 13:45:15.743 12507 12507 I net.osmand: RoutingHelper Recalculate route, because correlation  : 187437.32689634964
06-28 13:45:15.743 12507 12507 I net.osmand: RoutingHelper Recalculate route, because wrong movement direction: 187446.88
06-28 13:45:15.759 12507 12507 I net.osmand: RoutingHelper Recalculate route, because correlation  : 187437.32689634964
06-28 13:45:15.759 12507 12507 I net.osmand: RoutingHelper Recalculate route, because wrong movement direction: 187446.88
06-28 13:45:15.765 12507 12507 I net.osmand: RoutingHelper Recalculate route, because correlation  : 187437.32689634964
06-28 13:45:16.066 12507 18524 I net.osmand: RoutePlannerFrontEnd Native routing took 33.839 seconds
06-28 13:45:16.151 12507 18524 I System.out: ROUTE : 
06-28 13:45:16.152 12507 18524 I net.osmand: RouteResultPreparation <test regions="" description="" best_percent="" vehicle="pedestrian" 
06-28 13:45:16.152 12507 18524 I net.osmand:   start_lat="-7.58920" start_lon="-37.54107" target_lat="-7.21844" target_lon="-35.88327"  routing_time="163074.97" loadedTiles="216" visitedSegments="22907" complete_distance="209462.69" complete_time="157093.95" >
06-28 13:45:16.153 12507 18524 I System.out: <test regions="" description="" best_percent="" vehicle="pedestrian" 
06-28 13:45:16.153 12507 18524 I System.out:   start_lat="-7.58920" start_lon="-37.54107" target_lat="-7.21844" target_lon="-35.88327"  routing_time="163074.97" loadedTiles="216" visitedSegments="22907" complete_distance="209462.69" complete_time="157093.95" >
06-28 13:45:16.154 12507 18524 I System.out: </test>
06-28 13:45:16.154 12507 18524 I System.out: <test regions="" description="" best_percent="" vehicle="pedestrian" 
06-28 13:45:16.154 12507 18524 I System.out:   start_lat="-7.58920" start_lon="-37.54107" target_lat="-7.21844" target_lon="-35.88327"  routing_time="163074.97" loadedTiles="216" visitedSegments="22907" complete_distance="209462.69" complete_time="157093.95" >
06-28 13:45:16.178 12507 18524 I net.osmand: RouteProvider Finding route contained 2050 points for 33952 ms
06-28 13:45:16.200 12507 18524 I net.osmand: TTSCommandPlayerImpl Send message to pebble Rota recalculada 209 quilÃ³metros tempo estimado de  43 horas  38 minutos.  
06-28 13:45:16.200 12507 18524 D net.osmand: AbstractPrologCommandPlayer requestAudioFocus
06-28 13:45:16.200 12507 18524 W AudioManager: Use of stream types is deprecated for operations other than volume control
06-28 13:45:16.203 12507 18524 W AudioManager: See the documentation of requestAudioFocus() for what to use instead with android.media.AudioAttributes to qualify your playback use case
06-28 13:45:16.205  1603  2153 I MediaFocusControl: requestAudioFocus() from uid/pid 10104/12507 clientId=android.media.AudioManager@9a87ae1net.osmand.plus.api.AudioFocusHelperImpl@7ff83fe callingPack=net.osmand req=3 flags=0x0 sdk=26
06-28 13:45:16.206 12507 18524 D net.osmand: TTSCommandPlayerImpl ttsRequests=1
06-28 13:45:16.216 12744 12795 I TTS.GoogleTTSServiceImp: Synthesis request for locale por-BRA and name pt-BR-language
06-28 13:45:16.217 12744 12795 I TTS.GoogleTTSServiceImp: TTS dispatch: pt-br-x-afs-lstm-embedded
06-28 13:45:16.457 12744 12797 D AudioTrack: Client defaulted notificationFrames to 1365 for frameCount 4096
06-28 13:45:16.496  1603  1638 V MediaRouterService: restoreBluetoothA2dp(false)
06-28 13:45:17.179  1483 18607 I NuPlayerDecoder: [audio] saw output EOS
06-28 13:45:17.435  1483 18606 D AudioTrack: stop() called with 132300 frames delivered
06-28 13:45:17.748  1483 18603 D NuPlayerDriver: notifyListener_l(0xab7a5850), (2, 0, 0, -1), loop setting(1, 0)
06-28 13:45:17.757  1483 18607 I NuPlayerDecoder: [OMX.google.vorbis.decoder] resubmitting CSD
06-28 13:45:17.757  1483 18607 I NuPlayerDecoder: [OMX.google.vorbis.decoder] resubmitting CSD
06-28 13:45:17.771  1483 18603 D NuPlayerDriver: notifyListener_l(0xab7a5850), (6, 0, 0, -1), loop setting(1, 0)
06-28 13:45:17.815  1483 18606 W AudioTrack: getTimestamp() location moved from kernel to server
06-28 13:45:17.860  1483 18606 W AudioTrack: retrograde timestamp position corrected, -1060 = 0 - 1060
06-28 13:45:18.227 12507 12519 I zygote  : Background concurrent copying GC freed 204056(5MB) AllocSpace objects, 0(0B) LOS objects, 20% free, 23MB/29MB, paused 1.204ms total 483.152ms
06-28 13:45:19.560  1393  3231 W audio_hw_generic: Not supplying enough data to HAL, expected position 81761096 , only wrote 81761040
06-28 13:45:19.956  1603  1620 I WifiService: requestActivityInfo uid=1000
06-28 13:45:19.956  1603  1620 I WifiService: reportActivityInfo uid=1000
06-28 13:45:19.956  1603  1620 I WifiService: getSupportedFeatures uid=1000
06-28 13:45:20.259  1603  1616 E memtrack: Couldn't load memtrack module
06-28 13:45:20.259  1603  1616 W android.os.Debug: failed to get memory consumption info: -1
06-28 13:45:20.351  1603  1616 E memtrack: Couldn't load memtrack module
06-28 13:45:20.351  1603  1616 W android.os.Debug: failed to get memory consumption info: -1
06-28 13:45:20.425  1483 18607 I NuPlayerDecoder: [audio] saw output EOS
06-28 13:45:20.426  1483 18606 D AudioTrack: stop() called with 132300 frames delivered
06-28 13:45:20.844  1483 18603 D NuPlayerDriver: notifyListener_l(0xab7a5850), (2, 0, 0, -1), loop setting(1, 0)
06-28 13:45:20.871  1483 18607 I NuPlayerDecoder: [OMX.google.vorbis.decoder] resubmitting CSD
06-28 13:45:20.875  1483 18607 I NuPlayerDecoder: [OMX.google.vorbis.decoder] resubmitting CSD
06-28 13:45:20.909  1483 18603 D NuPlayerDriver: notifyListener_l(0xab7a5850), (6, 0, 0, -1), loop setting(1, 0)
06-28 13:45:20.912  1483 18606 W AudioTrack: getTimestamp() location moved from kernel to server
06-28 13:45:20.913  1483 18606 W NuPlayerRenderer: getPendingAudioPlayoutDurationUs: pendingUs -3635 < 0, clamping to zero, potential resume after pause writtenAudioDurationUs: 2902, audioSinkPlayedUs: 6537
06-28 13:45:20.938  1483 18606 W AudioTrack: retrograde timestamp position corrected, -128 = 0 - 128
06-28 13:45:20.938  1483 18606 W NuPlayerRenderer: getPendingAudioPlayoutDurationUs: pendingUs -3835 < 0, clamping to zero, potential resume after pause writtenAudioDurationUs: 14512, audioSinkPlayedUs: 18347
06-28 13:45:21.469 12507 12519 I zygote  : Background concurrent copying GC freed 285774(6MB) AllocSpace objects, 0(0B) LOS objects, 19% free, 24MB/30MB, paused 8.910ms total 602.043ms
06-28 13:45:21.791  1393  3231 W audio_hw_generic: Hardware backing HAL too slow, could only write 0 of 720 frames
06-28 13:45:23.394  1393  3231 W audio_hw_generic: Not supplying enough data to HAL, expected position 81945096 , only wrote 81944640
06-28 13:45:23.395  1393  3231 W audio_hw_generic: Not supplying enough data to HAL, expected position 81944657 , only wrote 81944640
06-28 13:45:23.413  1393  3231 W audio_hw_generic: Not supplying enough data to HAL, expected position 81945508 , only wrote 81945360
06-28 13:45:23.435  1475  1571 D AudioFlinger: mixer(0xaa803cc0) throttle end: throttle time(2)
06-28 13:45:23.464  1483 18607 I NuPlayerDecoder: [audio] saw output EOS
06-28 13:45:23.713  1483 18606 D AudioTrack: stop() called with 132300 frames delivered
06-28 13:45:24.029  1483 18603 D NuPlayerDriver: notifyListener_l(0xab7a5850), (2, 0, 0, -1), loop setting(1, 0)
06-28 13:45:24.042  1483 18607 I NuPlayerDecoder: [OMX.google.vorbis.decoder] resubmitting CSD
06-28 13:45:24.043  1483 18607 I NuPlayerDecoder: [OMX.google.vorbis.decoder] resubmitting CSD
06-28 13:45:24.057  1483 18603 D NuPlayerDriver: notifyListener_l(0xab7a5850), (6, 0, 0, -1), loop setting(1, 0)
06-28 13:45:24.079 12507 12519 I zygote  : Background concurrent copying GC freed 330990(7MB) AllocSpace objects, 0(0B) LOS objects, 19% free, 24MB/30MB, paused 4.270ms total 394.403ms
06-28 13:45:24.092  1483 18606 W AudioTrack: getTimestamp() location moved from kernel to server
06-28 13:45:24.146  1483 18606 W AudioTrack: retrograde timestamp position corrected, -823 = 237 - 1060
06-28 13:45:24.329 12744 12797 D AudioTrack: stop() called with 171930 frames delivered
06-28 13:45:24.330 12507 16610 D net.osmand: AbstractPrologCommandPlayer abandonAudioFocus
06-28 13:45:24.331  1603  1614 I MediaFocusControl: abandonAudioFocus() from uid/pid 10104/12507 clientId=android.media.AudioManager@9a87ae1net.osmand.plus.api.AudioFocusHelperImpl@7ff83fe
06-28 13:45:24.331 12507 16610 D net.osmand: TTSCommandPlayerImpl ttsRequests=0
06-28 13:45:24.339  1603  1603 V MediaRouter: onRestoreRoute() : route=RouteInfo{ name=Phone, description=null, status=null, category=RouteCategory{ name=System types=ROUTE_TYPE_LIVE_AUDIO ROUTE_TYPE_LIVE_VIDEO  groupable=false }, supportedTypes=ROUTE_TYPE_LIVE_AUDIO ROUTE_TYPE_LIVE_VIDEO , presentationDisplay=null }
06-28 13:45:24.339  1603  1603 V MediaRouter: Selecting route: RouteInfo{ name=Phone, description=null, status=null, category=RouteCategory{ name=System types=ROUTE_TYPE_LIVE_AUDIO ROUTE_TYPE_LIVE_VIDEO  groupable=false }, supportedTypes=ROUTE_TYPE_LIVE_AUDIO ROUTE_TYPE_LIVE_VIDEO , presentationDisplay=null }
06-28 13:45:26.681  1483 18607 I NuPlayerDecoder: [audio] saw output EOS
06-28 13:45:26.682  1483 18606 D AudioTrack: stop() called with 132300 frames delivered
06-28 13:45:27.058 12507 12519 I zygote  : Background concurrent copying GC freed 297006(6MB) AllocSpace objects, 0(0B) LOS objects, 20% free, 23MB/29MB, paused 1.366ms total 327.664ms
06-28 13:45:27.128  1483 18603 D NuPlayerDriver: notifyListener_l(0xab7a5850), (2, 0, 0, -1), loop setting(1, 0)
06-28 13:45:27.137  1483 18607 I NuPlayerDecoder: [OMX.google.vorbis.decoder] resubmitting CSD
06-28 13:45:27.137  1483 18607 I NuPlayerDecoder: [OMX.google.vorbis.decoder] resubmitting CSD
06-28 13:45:27.149  1483 18603 D NuPlayerDriver: notifyListener_l(0xab7a5850), (6, 0, 0, -1), loop setting(1, 0)
06-28 13:45:27.183  1483 18606 W AudioTrack: getTimestamp() location moved from kernel to server
06-28 13:45:27.183  1483 18606 W NuPlayerRenderer: getPendingAudioPlayoutDurationUs: pendingUs -836 < 0, clamping to zero, potential resume after pause writtenAudioDurationUs: 20317, audioSinkPlayedUs: 21153
06-28 13:45:27.207  1483 18606 W AudioTrack: retrograde timestamp position corrected, -896 = 0 - 896
06-28 13:45:27.601  1393  3231 W audio_hw_generic: Not supplying enough data to HAL, expected position 82146388 , only wrote 82146240
06-28 13:45:27.617  1393  3231 W audio_hw_generic: Not supplying enough data to HAL, expected position 82147005 , only wrote 82146960
06-28 13:45:29.307 12507 12519 I zygote  : Background concurrent copying GC freed 302503(6MB) AllocSpace objects, 0(0B) LOS objects, 20% free, 23MB/29MB, paused 1.358ms total 241.818ms
06-28 13:45:29.777  1483 18607 I NuPlayerDecoder: [audio] saw output EOS
06-28 13:45:29.779  1483 18606 D AudioTrack: stop() called with 132300 frames delivered
06-28 13:45:30.254  1483 18603 D NuPlayerDriver: notifyListener_l(0xab7a5850), (2, 0, 0, -1), loop setting(1, 0)
06-28 13:45:30.270  1483 18607 I NuPlayerDecoder: [OMX.google.vorbis.decoder] resubmitting CSD
06-28 13:45:30.271  1483 18607 I NuPlayerDecoder: [OMX.google.vorbis.decoder] resubmitting CSD
06-28 13:45:30.285  1483 18603 D NuPlayerDriver: notifyListener_l(0xab7a5850), (6, 0, 0, -1), loop setting(1, 0)
06-28 13:45:30.333  1483 18606 W AudioTrack: getTimestamp() location moved from kernel to server
06-28 13:45:30.374  1483 18606 W AudioTrack: retrograde timestamp position corrected, -1060 = 0 - 1060
06-28 13:45:30.745  1975  1975 I GeofencerStateMachine: sendNewTransitions called.
06-28 13:45:30.787  1975  1975 I GeofencerStateMachine: sendNewTransitions called.
06-28 13:45:30.805  1975  1975 I GeofencerStateMachine: sendNewLocationAvailability: availability=LocationAvailability[isLocationAvailable: true]
06-28 13:45:30.905  1975  1975 I GeofencerStateMachine: sendNewLocationAvailability: availability=LocationAvailability[isLocationAvailable: true]
06-28 13:45:31.181  1603  1638 I WifiService: acquireWifiLock uid=10014 lockMode=2
06-28 13:45:31.193  1603  6820 I ActivityManager: Killing 17961:com.android.chrome:webview_service/u0a49 (adj 904): empty #17
06-28 13:45:31.199  1603  1619 W zygote  : kill(-17961, 9) failed: No such process
06-28 13:45:31.199  1603  1616 E memtrack: Couldn't load memtrack module
06-28 13:45:31.199  1603  1616 W android.os.Debug: failed to get memory consumption info: -1
06-28 13:45:31.245  1603  1619 W zygote  : kill(-17961, 9) failed: No such process
06-28 13:45:31.291  1603  1619 W zygote  : kill(-17961, 9) failed: No such process
06-28 13:45:31.292  1603  1619 I zygote  : Successfully killed process cgroup uid 10049 pid 17961 in 93ms
06-28 13:45:31.297  1603  1616 E memtrack: Couldn't load memtrack module
06-28 13:45:31.297  1603  1616 W android.os.Debug: failed to get memory consumption info: -1
06-28 13:45:31.398  1603  1616 E memtrack: Couldn't load memtrack module
06-28 13:45:31.398  1603  1616 W android.os.Debug: failed to get memory consumption info: -1
06-28 13:45:32.053 12507 12519 I zygote  : Background concurrent copying GC freed 269952(6MB) AllocSpace objects, 0(0B) LOS objects, 19% free, 24MB/30MB, paused 1.735ms total 321.279ms
06-28 13:45:32.815  1483 18607 I NuPlayerDecoder: [audio] saw output EOS
06-28 13:45:33.066  1483 18606 D AudioTrack: stop() called with 132300 frames delivered
06-28 13:45:33.374  1483 18603 D NuPlayerDriver: notifyListener_l(0xab7a5850), (2, 0, 0, -1), loop setting(1, 0)
06-28 13:45:33.390  1483 18607 I NuPlayerDecoder: [OMX.google.vorbis.decoder] resubmitting CSD
06-28 13:45:33.390  1483 18607 I NuPlayerDecoder: [OMX.google.vorbis.decoder] resubmitting CSD
06-28 13:45:33.403  1483 18603 D NuPlayerDriver: notifyListener_l(0xab7a5850), (6, 0, 0, -1), loop setting(1, 0)
06-28 13:45:34.234  1603  6820 D WificondControl: Scan result ready event
06-28 13:45:34.274  1603  1614 I WifiService: releaseWifiLock uid=10014
06-28 13:45:35.211  1393  3231 W audio_hw_generic: Not supplying enough data to HAL, expected position 82511470 , only wrote 82511280
06-28 13:45:35.211  1393  3231 W audio_hw_generic: Not supplying enough data to HAL, expected position 82511296 , only wrote 82511280
06-28 13:45:35.227  1393  3231 W audio_hw_generic: Not supplying enough data to HAL, expected position 82512037 , only wrote 82512000
06-28 13:45:35.243  1475  1571 D AudioFlinger: mixer(0xaa803cc0) throttle end: throttle time(7)
06-28 13:45:35.294 12507 12519 I zygote  : Background concurrent copying GC freed 309653(6MB) AllocSpace objects, 0(0B) LOS objects, 19% free, 24MB/30MB, paused 1.871ms total 468.212ms
06-28 13:45:35.572  1393  3231 W audio_hw_generic: Not supplying enough data to HAL, expected position 82528581 , only wrote 82528560
06-28 13:45:35.574  1475  1571 D AudioFlinger: mixer(0xaa803cc0) throttle end: throttle time(12)
06-28 13:45:35.592  1393  3231 W audio_hw_generic: Not supplying enough data to HAL, expected position 82529517 , only wrote 82529280
06-28 13:45:35.793  1393  3231 W audio_hw_generic: Not supplying enough data to HAL, expected position 82538909 , only wrote 82538640
06-28 13:45:35.796  1393  3231 W audio_hw_generic: Not supplying enough data to HAL, expected position 82538690 , only wrote 82538640
06-28 13:45:35.822  1393  3231 W audio_hw_generic: Not supplying enough data to HAL, expected position 82539995 , only wrote 82539360
06-28 13:45:35.829  1475  1571 D AudioFlinger: mixer(0xaa803cc0) throttle end: throttle time(8)
06-28 13:45:35.952  1393  3231 W audio_hw_generic: Not supplying enough data to HAL, expected position 82545548 , only wrote 82545120
06-28 13:45:36.073  1483 18607 I NuPlayerDecoder: [audio] saw output EOS
06-28 13:45:36.326  1483 18606 D AudioTrack: stop() called with 132300 frames delivered
06-28 13:45:36.539  1393  3231 W audio_hw_generic: Not supplying enough data to HAL, expected position 82573343 , only wrote 82573200
06-28 13:45:36.540  1393  3231 W audio_hw_generic: Not supplying enough data to HAL, expected position 82573238 , only wrote 82573200
06-28 13:45:36.555  1393  3231 W audio_hw_generic: Not supplying enough data to HAL, expected position 82573927 , only wrote 82573920
06-28 13:45:36.586  1393  3231 W audio_hw_generic: Not supplying enough data to HAL, expected position 82575397 , only wrote 82575360
06-28 13:45:36.653  1483 18603 D NuPlayerDriver: notifyListener_l(0xab7a5850), (2, 0, 0, -1), loop setting(1, 0)
06-28 13:45:36.677  1483 18607 I NuPlayerDecoder: [OMX.google.vorbis.decoder] resubmitting CSD
06-28 13:45:36.677  1483 18607 I NuPlayerDecoder: [OMX.google.vorbis.decoder] resubmitting CSD
06-28 13:45:36.696  1483 18603 D NuPlayerDriver: notifyListener_l(0xab7a5850), (6, 0, 0, -1), loop setting(1, 0)
06-28 13:45:36.723  1483 18606 W AudioTrack: getTimestamp() location moved from kernel to server
06-28 13:45:36.723  1483 18606 W NuPlayerRenderer: getPendingAudioPlayoutDurationUs: pendingUs -2595 < 0, clamping to zero, potential resume after pause writtenAudioDurationUs: 23219, audioSinkPlayedUs: 25814
06-28 13:45:36.745  1483 18606 W AudioTrack: retrograde timestamp position corrected, -1024 = 0 - 1024
06-28 13:45:37.087  1603  1616 E memtrack: Couldn't load memtrack module
06-28 13:45:37.087  1603  1616 W android.os.Debug: failed to get memory consumption info: -1
06-28 13:45:37.159  1603  1616 E memtrack: Couldn't load memtrack module
06-28 13:45:37.159  1603  1616 W android.os.Debug: failed to get memory consumption info: -1
06-28 13:45:38.306 12507 12519 I zygote  : Background concurrent copying GC freed 321798(7MB) AllocSpace objects, 0(0B) LOS objects, 19% free, 24MB/30MB, paused 3.174ms total 485.102ms
06-28 13:45:39.106  1393  3231 W audio_hw_generic: Not supplying enough data to HAL, expected position 82696322 , only wrote 82696320
06-28 13:45:39.122  1393  3231 W audio_hw_generic: Not supplying enough data to HAL, expected position 82697081 , only wrote 82697040
06-28 13:45:39.228  1483 18607 I NuPlayerDecoder: [audio] saw output EOS
06-28 13:45:39.229  1483 18606 D AudioTrack: stop() called with 132300 frames delivered
06-28 13:45:39.761  1483 18603 D NuPlayerDriver: notifyListener_l(0xab7a5850), (2, 0, 0, -1), loop setting(1, 0)
06-28 13:45:39.787  1483 18607 I NuPlayerDecoder: [OMX.google.vorbis.decoder] resubmitting CSD
06-28 13:45:39.788  1483 18607 I NuPlayerDecoder: [OMX.google.vorbis.decoder] resubmitting CSD
06-28 13:45:39.821  1483 18603 D NuPlayerDriver: notifyListener_l(0xab7a5850), (6, 0, 0, -1), loop setting(1, 0)
06-28 13:45:40.987 12507 12519 I zygote  : Background concurrent copying GC freed 332755(7MB) AllocSpace objects, 0(0B) LOS objects, 19% free, 25MB/31MB, paused 1.302ms total 480.136ms
06-28 13:45:42.329  1483 18607 I NuPlayerDecoder: [audio] saw output EOS
06-28 13:45:42.578  1483 18606 D AudioTrack: stop() called with 132300 frames delivered
06-28 13:45:42.785  1393  3231 W audio_hw_generic: Not supplying enough data to HAL, expected position 82872883 , only wrote 82872720
06-28 13:45:42.786  1393  3231 W audio_hw_generic: Not supplying enough data to HAL, expected position 82872755 , only wrote 82872720
06-28 13:45:42.804  1393  3231 W audio_hw_generic: Not supplying enough data to HAL, expected position 82873581 , only wrote 82873440
06-28 13:45:42.846  1393  3231 W audio_hw_generic: Not supplying enough data to HAL, expected position 82875458 , only wrote 82874880
06-28 13:45:42.921  1483 18603 D NuPlayerDriver: notifyListener_l(0xab7a5850), (2, 0, 0, -1), loop setting(1, 0)
06-28 13:45:42.947  1483 18607 I NuPlayerDecoder: [OMX.google.vorbis.decoder] resubmitting CSD
06-28 13:45:42.947  1483 18607 I NuPlayerDecoder: [OMX.google.vorbis.decoder] resubmitting CSD
06-28 13:45:42.983  1483 18603 D NuPlayerDriver: notifyListener_l(0xab7a5850), (6, 0, 0, -1), loop setting(1, 0)
06-28 13:45:43.010  1483 18606 W NuPlayerRenderer: getPendingAudioPlayoutDurationUs: pendingUs -9783 < 0, clamping to zero, potential resume after pause writtenAudioDurationUs: 11609, audioSinkPlayedUs: 21392
06-28 13:45:43.031  1483 18606 W AudioTrack: retrograde timestamp position corrected, -512 = 0 - 512
06-28 13:45:44.156 12507 12519 I zygote  : Background concurrent copying GC freed 351524(7MB) AllocSpace objects, 0(0B) LOS objects, 19% free, 24MB/30MB, paused 7.669ms total 372.965ms
06-28 13:45:45.396  1393  3231 W audio_hw_generic: Not supplying enough data to HAL, expected position 82997302 , only wrote 82997280
06-28 13:45:45.589  1483 18607 I NuPlayerDecoder: [audio] saw output EOS
06-28 13:45:45.593  1483 18606 D AudioTrack: stop() called with 132300 frames delivered
06-28 13:45:46.048 12507 12519 I zygote  : Background concurrent copying GC freed 302217(6MB) AllocSpace objects, 0(0B) LOS objects, 20% free, 23MB/29MB, paused 1.971ms total 255.761ms
06-28 13:45:46.077  1483 18603 D NuPlayerDriver: notifyListener_l(0xab7a5850), (2, 0, 0, -1), loop setting(1, 0)
06-28 13:45:46.088  1483 18607 I NuPlayerDecoder: [OMX.google.vorbis.decoder] resubmitting CSD
06-28 13:45:46.088  1483 18607 I NuPlayerDecoder: [OMX.google.vorbis.decoder] resubmitting CSD
06-28 13:45:46.096  1483 18603 D NuPlayerDriver: notifyListener_l(0xab7a5850), (6, 0, 0, -1), loop setting(1, 0)
06-28 13:45:46.138  1483 18606 W AudioTrack: getTimestamp() location moved from kernel to server
06-28 13:45:46.162  1483 18606 W AudioTrack: retrograde timestamp position corrected, -1058 = 0 - 1058
06-28 13:45:47.229  1603  1612 I zygote  : Background concurrent copying GC freed 36990(1669KB) AllocSpace objects, 4(208KB) LOS objects, 27% free, 15MB/21MB, paused 3.019ms total 314.903ms
06-28 13:45:47.741  1393  3231 W audio_hw_generic: Not supplying enough data to HAL, expected position 83109842 , only wrote 83109600
06-28 13:45:47.742  1393  3231 W audio_hw_generic: Not supplying enough data to HAL, expected position 83109609 , only wrote 83109600
06-28 13:45:47.757  1393  3231 W audio_hw_generic: Not supplying enough data to HAL, expected position 83110352 , only wrote 83110320
06-28 13:45:47.778  1475  1571 D AudioFlinger: mixer(0xaa803cc0) throttle end: throttle time(2)
06-28 13:45:47.912  1475  1571 D AudioFlinger: mixer(0xaa803cc0) throttle end: throttle time(13)
06-28 13:45:48.608  1483 18607 I NuPlayerDecoder: [audio] saw output EOS
06-28 13:45:48.863  1483 18606 D AudioTrack: stop() called with 132300 frames delivered
06-28 13:45:49.180  1483 18603 D NuPlayerDriver: notifyListener_l(0xab7a5850), (2, 0, 0, -1), loop setting(1, 0)
06-28 13:45:49.195  1483 18607 I NuPlayerDecoder: [OMX.google.vorbis.decoder] resubmitting CSD
06-28 13:45:49.197  1483 18607 I NuPlayerDecoder: [OMX.google.vorbis.decoder] resubmitting CSD
06-28 13:45:49.214  1483 18603 D NuPlayerDriver: notifyListener_l(0xab7a5850), (6, 0, 0, -1), loop setting(1, 0)
06-28 13:45:49.235  1483 18606 W AudioTrack: getTimestamp() location moved from kernel to server
06-28 13:45:49.235  1483 18606 W NuPlayerRenderer: getPendingAudioPlayoutDurationUs: pendingUs -302 < 0, clamping to zero, potential resume after pause writtenAudioDurationUs: 20317, audioSinkPlayedUs: 20619
06-28 13:45:49.256  1483 18606 W AudioTrack: retrograde timestamp position corrected, -384 = 0 - 384
06-28 13:45:49.474  1409  1409 I boot-pipe: done populating /dev/random
06-28 13:45:49.555 12507 12519 I zygote  : Background concurrent copying GC freed 283110(6MB) AllocSpace objects, 0(0B) LOS objects, 19% free, 24MB/30MB, paused 7.250ms total 428.162ms
06-28 13:45:51.142 12507 12519 I zygote  : Background concurrent copying GC freed 305510(6MB) AllocSpace objects, 0(0B) LOS objects, 20% free, 23MB/29MB, paused 2.872ms total 289.062ms
06-28 13:45:51.686  1483 18607 I NuPlayerDecoder: [audio] saw output EOS
06-28 13:45:51.930  1483 18606 D AudioTrack: stop() called with 132300 frames delivered
06-28 13:45:52.203  1603  1638 I WifiService: acquireWifiLock uid=10014 lockMode=2
06-28 13:45:52.255  1603  2153 I WifiService: releaseWifiLock uid=10014
06-28 13:45:52.289  1483 18603 D NuPlayerDriver: notifyListener_l(0xab7a5850), (2, 0, 0, -1), loop setting(1, 0)
06-28 13:45:52.301  1483 18607 I NuPlayerDecoder: [OMX.google.vorbis.decoder] resubmitting CSD
06-28 13:45:52.302  1483 18607 I NuPlayerDecoder: [OMX.google.vorbis.decoder] resubmitting CSD
06-28 13:45:52.315  1483 18603 D NuPlayerDriver: notifyListener_l(0xab7a5850), (6, 0, 0, -1), loop setting(1, 0)
06-28 13:45:52.361  1483 18606 W AudioTrack: getTimestamp() location moved from kernel to server
06-28 13:45:52.388  1483 18606 W AudioTrack: retrograde timestamp position corrected, -1058 = 0 - 1058
06-28 13:45:52.770  1393  3231 W audio_hw_generic: Not supplying enough data to HAL, expected position 83350951 , only wrote 83350800
06-28 13:45:52.782  1483 18606 W AudioTrack: getTimestamp() location moved from kernel to server
06-28 13:45:53.493 12507 12519 I zygote  : Background concurrent copying GC freed 280578(6MB) AllocSpace objects, 0(0B) LOS objects, 19% free, 24MB/30MB, paused 997us total 414.129ms
06-28 13:45:54.154  1393  3231 W audio_hw_generic: Not supplying enough data to HAL, expected position 83417199 , only wrote 83417040
06-28 13:45:54.170  1393  3231 W audio_hw_generic: Not supplying enough data to HAL, expected position 83417824 , only wrote 83417760
06-28 13:45:54.795  1483 18607 I NuPlayerDecoder: [audio] saw output EOS
06-28 13:45:55.047  1483 18606 D AudioTrack: stop() called with 132300 frames delivered
06-28 13:45:55.401  1483 18603 D NuPlayerDriver: notifyListener_l(0xab7a5850), (2, 0, 0, -1), loop setting(1, 0)
06-28 13:45:55.415  1483 18607 I NuPlayerDecoder: [OMX.google.vorbis.decoder] resubmitting CSD
06-28 13:45:55.417  1483 18607 I NuPlayerDecoder: [OMX.google.vorbis.decoder] resubmitting CSD
06-28 13:45:55.458  1483 18603 D NuPlayerDriver: notifyListener_l(0xab7a5850), (6, 0, 0, -1), loop setting(1, 0)
06-28 13:45:55.473  1483 18606 W AudioTrack: getTimestamp() location moved from kernel to server
06-28 13:45:55.473  1483 18606 W NuPlayerRenderer: getPendingAudioPlayoutDurationUs: pendingUs -5905 < 0, clamping to zero, potential resume after pause writtenAudioDurationUs: 5804, audioSinkPlayedUs: 11709
06-28 13:45:55.496  1483 18606 W AudioTrack: retrograde timestamp position corrected, -256 = 0 - 256
06-28 13:45:56.119 12507 12519 I zygote  : Background concurrent copying GC freed 309665(6MB) AllocSpace objects, 0(0B) LOS objects, 19% free, 24MB/30MB, paused 3.212ms total 460.038ms
06-28 13:45:56.711  1475  1571 D AudioFlinger: mixer(0xaa803cc0) throttle end: throttle time(4)
06-28 13:45:57.959  1483 18607 I NuPlayerDecoder: [audio] saw output EOS
06-28 13:45:58.211  1483 18606 D AudioTrack: stop() called with 132300 frames delivered
06-28 13:45:58.529  1483 18603 D NuPlayerDriver: notifyListener_l(0xab7a5850), (2, 0, 0, -1), loop setting(1, 0)
06-28 13:45:58.541  1483 18607 I NuPlayerDecoder: [OMX.google.vorbis.decoder] resubmitting CSD
06-28 13:45:58.541  1483 18607 I NuPlayerDecoder: [OMX.google.vorbis.decoder] resubmitting CSD
06-28 13:45:58.547  1483 18603 D NuPlayerDriver: notifyListener_l(0xab7a5850), (6, 0, 0, -1), loop setting(1, 0)
06-28 13:45:59.167  1393  3231 W audio_hw_generic: Not supplying enough data to HAL, expected position 83657633 , only wrote 83657520
06-28 13:45:59.183  1393  3231 W audio_hw_generic: Not supplying enough data to HAL, expected position 83658267 , only wrote 83658240
06-28 13:45:59.641 12507 12519 I zygote  : Background concurrent copying GC freed 322729(7MB) AllocSpace objects, 0(0B) LOS objects, 20% free, 23MB/29MB, paused 2.393ms total 325.849ms
06-28 13:46:01.304  1483 18607 I NuPlayerDecoder: [audio] saw output EOS
06-28 13:46:01.305  1483 18606 D AudioTrack: stop() called with 132300 frames delivered
06-28 13:46:01.651  1975  1975 I GeofencerStateMachine: sendNewTransitions called.
06-28 13:46:01.656  1475  1571 D AudioFlinger: mixer(0xaa803cc0) throttle end: throttle time(1)
06-28 13:46:01.720  1483 18603 D NuPlayerDriver: notifyListener_l(0xab7a5850), (2, 0, 0, -1), loop setting(1, 0)
06-28 13:46:01.735  1483 18607 I NuPlayerDecoder: [OMX.google.vorbis.decoder] resubmitting CSD
06-28 13:46:01.736  1483 18607 I NuPlayerDecoder: [OMX.google.vorbis.decoder] resubmitting CSD
06-28 13:46:01.745  1483 18603 D NuPlayerDriver: notifyListener_l(0xab7a5850), (6, 0, 0, -1), loop setting(1, 0)
06-28 13:46:01.784  1483 18606 W AudioTrack: getTimestamp() location moved from kernel to server
06-28 13:46:01.830  1483 18606 W AudioTrack: retrograde timestamp position corrected, -858 = 200 - 1058
06-28 13:46:02.203 12507 12519 I zygote  : Background concurrent copying GC freed 287098(6MB) AllocSpace objects, 0(0B) LOS objects, 19% free, 24MB/30MB, paused 10.267ms total 498.139ms
06-28 13:46:04.330  1483 18607 I NuPlayerDecoder: [audio] saw output EOS
06-28 13:46:04.333  1483 18606 D AudioTrack: stop() called with 132300 frames delivered
06-28 13:46:04.665  1393  3231 W audio_hw_generic: Not supplying enough data to HAL, expected position 83921381 , only wrote 83921040
06-28 13:46:04.667  1393  3231 W audio_hw_generic: Not supplying enough data to HAL, expected position 83921129 , only wrote 83921040
06-28 13:46:04.684  1393  3231 W audio_hw_generic: Not supplying enough data to HAL, expected position 83921875 , only wrote 83921760
06-28 13:46:04.738 12507 12519 I zygote  : Background concurrent copying GC freed 304322(6MB) AllocSpace objects, 0(0B) LOS objects, 20% free, 23MB/29MB, paused 6.539ms total 330.585ms
06-28 13:46:04.750  1393  3231 W audio_hw_generic: Not supplying enough data to HAL, expected position 83924918 , only wrote 83924640
06-28 13:46:04.751  1393  3231 W audio_hw_generic: Not supplying enough data to HAL, expected position 83924667 , only wrote 83924640
06-28 13:46:04.767  1393  3231 W audio_hw_generic: Not supplying enough data to HAL, expected position 83925420 , only wrote 83925360
06-28 13:46:04.813  1483 18603 D NuPlayerDriver: notifyListener_l(0xab7a5850), (2, 0, 0, -1), loop setting(1, 0)
06-28 13:46:04.830  1483 18607 I NuPlayerDecoder: [OMX.google.vorbis.decoder] resubmitting CSD
06-28 13:46:04.833  1483 18607 I NuPlayerDecoder: [OMX.google.vorbis.decoder] resubmitting CSD
06-28 13:46:04.858  1483 18603 D NuPlayerDriver: notifyListener_l(0xab7a5850), (6, 0, 0, -1), loop setting(1, 0)
06-28 13:46:05.505  1475  1571 D AudioFlinger: mixer(0xaa803cc0) throttle end: throttle time(12)
06-28 13:46:07.191 12507 12519 I zygote  : Background concurrent copying GC freed 291243(6MB) AllocSpace objects, 0(0B) LOS objects, 20% free, 23MB/29MB, paused 1.444ms total 327.562ms
06-28 13:46:07.525  1483 18607 I NuPlayerDecoder: [audio] saw output EOS
06-28 13:46:07.528  1483 18606 D AudioTrack: stop() called with 132300 frames delivered
06-28 13:46:07.768  1393  3231 W audio_hw_generic: Not supplying enough data to HAL, expected position 84069391 , only wrote 84067920
06-28 13:46:07.818  1475  1571 D AudioFlinger: mixer(0xaa803cc0) throttle end: throttle time(12)
06-28 13:46:07.818  1393  3231 W audio_hw_generic: Not supplying enough data to HAL, expected position 84070333 , only wrote 84069360
06-28 13:46:07.913  1393  3231 W audio_hw_generic: Not supplying enough data to HAL, expected position 84073903 , only wrote 84073680
06-28 13:46:07.915  1393  3231 W audio_hw_generic: Not supplying enough data to HAL, expected position 84073791 , only wrote 84073680
06-28 13:46:07.949  1483 18603 D NuPlayerDriver: notifyListener_l(0xab7a5850), (2, 0, 0, -1), loop setting(1, 0)
06-28 13:46:07.975  1483 18607 I NuPlayerDecoder: [OMX.google.vorbis.decoder] resubmitting CSD
06-28 13:46:07.976  1483 18607 I NuPlayerDecoder: [OMX.google.vorbis.decoder] resubmitting CSD
06-28 13:46:07.994  1483 18603 D NuPlayerDriver: notifyListener_l(0xab7a5850), (6, 0, 0, -1), loop setting(1, 0)
06-28 13:46:08.026  1483  1574 W AudioTrack: getTimestamp() location moved from kernel to server
06-28 13:46:08.039  1483 18606 W AudioTrack: retrograde timestamp position corrected, -128 = 0 - 128
06-28 13:46:08.039  1483 18606 W NuPlayerRenderer: getPendingAudioPlayoutDurationUs: pendingUs -11011 < 0, clamping to zero, potential resume after pause writtenAudioDurationUs: 2902, audioSinkPlayedUs: 13913
06-28 13:46:08.102  1483 18606 W NuPlayerRenderer: getPendingAudioPlayoutDurationUs: pendingUs -7443 < 0, clamping to zero, potential resume after pause writtenAudioDurationUs: 26122, audioSinkPlayedUs: 33565
06-28 13:46:10.066 12507 12519 I zygote  : Background concurrent copying GC freed 307777(6MB) AllocSpace objects, 0(0B) LOS objects, 19% free, 24MB/30MB, paused 1.463ms total 489.339ms
06-28 13:46:10.182  1603  1620 I WifiService: requestActivityInfo uid=1000
06-28 13:46:10.182  1603  1620 I WifiService: reportActivityInfo uid=1000
06-28 13:46:10.182  1603  1620 I WifiService: getSupportedFeatures uid=1000
06-28 13:46:10.661  1393  3231 W audio_hw_generic: Not supplying enough data to HAL, expected position 84205467 , only wrote 84205440
06-28 13:46:10.676  1393  3231 W audio_hw_generic: Not supplying enough data to HAL, expected position 84206186 , only wrote 84206160
06-28 13:46:10.753  1475  1571 D AudioFlinger: mixer(0xaa803cc0) throttle end: throttle time(7)
06-28 13:46:10.786  1483 18607 I NuPlayerDecoder: [audio] saw output EOS
06-28 13:46:10.787  1483 18606 D AudioTrack: stop() called with 132300 frames delivered
06-28 13:46:11.153  1483 18603 D NuPlayerDriver: notifyListener_l(0xab7a5850), (2, 0, 0, -1), loop setting(1, 0)
06-28 13:46:11.169  1483 18607 I NuPlayerDecoder: [OMX.google.vorbis.decoder] resubmitting CSD
06-28 13:46:11.170  1483 18607 I NuPlayerDecoder: [OMX.google.vorbis.decoder] resubmitting CSD
06-28 13:46:11.181  1483 18603 D NuPlayerDriver: notifyListener_l(0xab7a5850), (6, 0, 0, -1), loop setting(1, 0)
06-28 13:46:11.222  1483 18606 W AudioTrack: getTimestamp() location moved from kernel to server
06-28 13:46:11.265  1483 18606 W AudioTrack: retrograde timestamp position corrected, -1058 = 0 - 1058
06-28 13:46:12.308  1603  1638 I WifiService: acquireWifiLock uid=10014 lockMode=2
06-28 13:46:13.154 12507 12519 I zygote  : Background concurrent copying GC freed 316657(7MB) AllocSpace objects, 0(0B) LOS objects, 20% free, 23MB/29MB, paused 1.269ms total 380.931ms
06-28 13:46:13.828  1483 18607 I NuPlayerDecoder: [audio] saw output EOS
06-28 13:46:13.829  1483 18606 D AudioTrack: stop() called with 132300 frames delivered
06-28 13:46:14.264  1483 18603 D NuPlayerDriver: notifyListener_l(0xab7a5850), (2, 0, 0, -1), loop setting(1, 0)
06-28 13:46:14.274  1483 18607 I NuPlayerDecoder: [OMX.google.vorbis.decoder] resubmitting CSD
06-28 13:46:14.276  1483 18607 I NuPlayerDecoder: [OMX.google.vorbis.decoder] resubmitting CSD
06-28 13:46:14.289  1483 18603 D NuPlayerDriver: notifyListener_l(0xab7a5850), (6, 0, 0, -1), loop setting(1, 0)
06-28 13:46:14.324  1483 18606 W AudioTrack: getTimestamp() location moved from kernel to server
06-28 13:46:14.367  1483 18606 W AudioTrack: retrograde timestamp position corrected, -1058 = 0 - 1058
06-28 13:46:15.264 12507 12519 I zygote  : Background concurrent copying GC freed 299615(6MB) AllocSpace objects, 0(0B) LOS objects, 20% free, 23MB/29MB, paused 2.155ms total 372.506ms
06-28 13:46:15.313  1603  2153 D WificondControl: Scan result ready event
06-28 13:46:15.366  1603  2153 I WifiService: releaseWifiLock uid=10014
06-28 13:46:15.759  1393  3231 W audio_hw_generic: Not supplying enough data to HAL, expected position 84450142 , only wrote 84449520
06-28 13:46:15.760  1393  3231 W audio_hw_generic: Not supplying enough data to HAL, expected position 84449551 , only wrote 84449520
06-28 13:46:15.775  1393  3231 W audio_hw_generic: Not supplying enough data to HAL, expected position 84450273 , only wrote 84450240
06-28 13:46:15.794  1475  1571 D AudioFlinger: mixer(0xaa803cc0) throttle end: throttle time(3)
06-28 13:46:16.933  1483 18607 I NuPlayerDecoder: [audio] saw output EOS
06-28 13:46:16.934  1483 18606 D AudioTrack: stop() called with 132300 frames delivered
06-28 13:46:17.373  1483 18603 D NuPlayerDriver: notifyListener_l(0xab7a5850), (2, 0, 0, -1), loop setting(1, 0)
06-28 13:46:17.383  1483 18607 I NuPlayerDecoder: [OMX.google.vorbis.decoder] resubmitting CSD
06-28 13:46:17.384  1483 18607 I NuPlayerDecoder: [OMX.google.vorbis.decoder] resubmitting CSD
06-28 13:46:17.395  1483 18603 D NuPlayerDriver: notifyListener_l(0xab7a5850), (6, 0, 0, -1), loop setting(1, 0)
06-28 13:46:17.431  1483 18606 W AudioTrack: getTimestamp() location moved from kernel to server
06-28 13:46:17.476  1483 18606 W AudioTrack: retrograde timestamp position corrected, -1058 = 0 - 1058
06-28 13:46:18.308 12507 12519 I zygote  : Background concurrent copying GC freed 289148(6MB) AllocSpace objects, 0(0B) LOS objects, 20% free, 23MB/29MB, paused 2.532ms total 416.840ms
06-28 13:46:18.311  1393  3231 W audio_hw_generic: Not supplying enough data to HAL, expected position 84571939 , only wrote 84571920
06-28 13:46:18.312  1393  3231 W audio_hw_generic: Not supplying enough data to HAL, expected position 84571980 , only wrote 84571920
06-28 13:46:18.313  1483 18606 W AudioTrack: getTimestamp() location moved from kernel to server
06-28 13:46:18.329  1393  3231 W audio_hw_generic: Not supplying enough data to HAL, expected position 84572726 , only wrote 84572640
06-28 13:46:18.419  1393  3231 W audio_hw_generic: Not supplying enough data to HAL, expected position 84576951 , only wrote 84576240
06-28 13:46:18.419  1393  3231 W audio_hw_generic: Not supplying enough data to HAL, expected position 84576273 , only wrote 84576240
06-28 13:46:18.430  1483 18606 W AudioTrack: getTimestamp() location moved from kernel to server
06-28 13:46:18.478  1393  3231 W audio_hw_generic: Not supplying enough data to HAL, expected position 84579026 , only wrote 84576960
06-28 13:46:18.510  1475  1571 D AudioFlinger: mixer(0xaa803cc0) throttle end: throttle time(12)
06-28 13:46:19.680  1393  3231 W audio_hw_generic: Not supplying enough data to HAL, expected position 84634660 , only wrote 84634560
06-28 13:46:19.680  1393  3231 W audio_hw_generic: Not supplying enough data to HAL, expected position 84634598 , only wrote 84634560
06-28 13:46:19.715  1475  1571 D AudioFlinger: mixer(0xaa803cc0) throttle end: throttle time(10)
06-28 13:46:19.715  1393  3231 W audio_hw_generic: Not supplying enough data to HAL, expected position 84636226 , only wrote 84635280
06-28 13:46:19.743  1393  3231 W audio_hw_generic: Not supplying enough data to HAL, expected position 84636628 , only wrote 84636000
06-28 13:46:19.745  1483 18606 W AudioTrack: getTimestamp() location moved from kernel to server
06-28 13:46:19.745  1393  3231 W audio_hw_generic: Not supplying enough data to HAL, expected position 84636094 , only wrote 84636000
06-28 13:46:19.761  1393  3231 W audio_hw_generic: Not supplying enough data to HAL, expected position 84636744 , only wrote 84636720
06-28 13:46:19.774  1393  3231 W audio_hw_generic: Hardware backing HAL too slow, could only write 0 of 720 frames
06-28 13:46:19.823  1393  3231 I chatty  : uid=1041(audioserver) writer identical 4 lines
06-28 13:46:19.837  1393  3231 W audio_hw_generic: Hardware backing HAL too slow, could only write 0 of 720 frames
06-28 13:46:20.061  1483 18607 I NuPlayerDecoder: [audio] saw output EOS
06-28 13:46:20.063  1483 18606 D AudioTrack: stop() called with 132300 frames delivered
06-28 13:46:20.225  1603  1620 E BatteryExternalStatsWorker: modem info is invalid: ModemActivityInfo{ mTimestamp=0 mSleepTimeMs=0 mIdleTimeMs=0 mTxTimeMs[]=[0, 0, 0, 0, 0] mRxTimeMs=0 mEnergyUsed=0}
06-28 13:46:20.414  1603  1612 I zygote  : Background concurrent copying GC freed 31322(1424KB) AllocSpace objects, 0(0B) LOS objects, 27% free, 15MB/21MB, paused 6.984ms total 207.100ms
06-28 13:46:20.569  1483 18603 D NuPlayerDriver: notifyListener_l(0xab7a5850), (2, 0, 0, -1), loop setting(1, 0)
06-28 13:46:20.587  1483 18607 I NuPlayerDecoder: [OMX.google.vorbis.decoder] resubmitting CSD
06-28 13:46:20.587  1483 18607 I NuPlayerDecoder: [OMX.google.vorbis.decoder] resubmitting CSD
06-28 13:46:20.601  1483 18603 D NuPlayerDriver: notifyListener_l(0xab7a5850), (6, 0, 0, -1), loop setting(1, 0)
06-28 13:46:20.640  1483 18606 W AudioTrack: getTimestamp() location moved from kernel to server
06-28 13:46:20.661  1483 18606 W AudioTrack: retrograde timestamp position corrected, -1058 = 0 - 1058
06-28 13:46:21.454 12507 12519 I zygote  : Background concurrent copying GC freed 272427(6MB) AllocSpace objects, 0(0B) LOS objects, 19% free, 24MB/30MB, paused 1.420ms total 381.450ms
06-28 13:46:22.242  1475  1571 D AudioFlinger: mixer(0xaa803cc0) throttle end: throttle time(8)
06-28 13:46:23.132  1483 18607 I NuPlayerDecoder: [audio] saw output EOS
06-28 13:46:23.133  1483 18606 D AudioTrack: stop() called with 132300 frames delivered
06-28 13:46:23.428  1393  3231 W audio_hw_generic: Not supplying enough data to HAL, expected position 84812761 , only wrote 84812400
06-28 13:46:23.665  1483 18603 D NuPlayerDriver: notifyListener_l(0xab7a5850), (2, 0, 0, -1), loop setting(1, 0)
06-28 13:46:23.689  1483 18607 I NuPlayerDecoder: [OMX.google.vorbis.decoder] resubmitting CSD
06-28 13:46:23.693  1483 18607 I NuPlayerDecoder: [OMX.google.vorbis.decoder] resubmitting CSD
06-28 13:46:23.701  1483 18603 D NuPlayerDriver: notifyListener_l(0xab7a5850), (6, 0, 0, -1), loop setting(1, 0)
06-28 13:46:23.711  1483 18606 W AudioTrack: getTimestamp() location moved from kernel to server
06-28 13:46:24.082 12507 12519 I zygote  : Background concurrent copying GC freed 314589(6MB) AllocSpace objects, 0(0B) LOS objects, 19% free, 24MB/30MB, paused 1.213ms total 491.660ms
06-28 13:46:25.193  1603  1620 I WifiService: requestActivityInfo uid=1000
06-28 13:46:25.193  1603  1620 I WifiService: reportActivityInfo uid=1000
06-28 13:46:25.193  1603  1620 I WifiService: getSupportedFeatures uid=1000
06-28 13:46:26.114  1393  3231 W audio_hw_generic: Not supplying enough data to HAL, expected position 84941307 , only wrote 84941280
06-28 13:46:26.537  1483 18607 I NuPlayerDecoder: [audio] saw output EOS
06-28 13:46:26.538  1483 18606 D AudioTrack: stop() called with 132300 frames delivered
06-28 13:46:26.939  1483 18603 D NuPlayerDriver: notifyListener_l(0xab7a5850), (2, 0, 0, -1), loop setting(1, 0)
06-28 13:46:26.974  1483 18607 I NuPlayerDecoder: [OMX.google.vorbis.decoder] resubmitting CSD
06-28 13:46:26.975  1483 18607 I NuPlayerDecoder: [OMX.google.vorbis.decoder] resubmitting CSD
06-28 13:46:26.982  1483 18603 D NuPlayerDriver: notifyListener_l(0xab7a5850), (6, 0, 0, -1), loop setting(1, 0)
06-28 13:46:26.999  1483 18606 W AudioTrack: getTimestamp() location moved from kernel to server
06-28 13:46:26.999  1483 18606 W NuPlayerRenderer: getPendingAudioPlayoutDurationUs: pendingUs -970 < 0, clamping to zero, potential resume after pause writtenAudioDurationUs: 23219, audioSinkPlayedUs: 24189
06-28 13:46:27.041  1483 18606 W AudioTrack: retrograde timestamp position corrected, -986 = 73 - 1059
06-28 13:46:27.224 12507 12519 I zygote  : Background concurrent copying GC freed 323817(7MB) AllocSpace objects, 0(0B) LOS objects, 19% free, 24MB/30MB, paused 1.691ms total 395.672ms
06-28 13:46:27.361  1475  1571 D AudioFlinger: mixer(0xaa803cc0) throttle end: throttle time(4)
06-28 13:46:27.631  1393  3231 W audio_hw_generic: Not supplying enough data to HAL, expected position 85014117 , only wrote 85014000
06-28 13:46:27.632  1393  3231 W audio_hw_generic: Not supplying enough data to HAL, expected position 85014028 , only wrote 85014000
06-28 13:46:27.648  1393  3231 W audio_hw_generic: Not supplying enough data to HAL, expected position 85014757 , only wrote 85014720
06-28 13:46:28.590  1393  3231 W audio_hw_generic: Not supplying enough data to HAL, expected position 85059975 , only wrote 85059360
06-28 13:46:29.137 12507 12519 I zygote  : Background concurrent copying GC freed 301288(6MB) AllocSpace objects, 0(0B) LOS objects, 20% free, 23MB/29MB, paused 4.026ms total 300.693ms
06-28 13:46:29.507  1483 18607 I NuPlayerDecoder: [audio] saw output EOS
06-28 13:46:29.507  1483 18606 D AudioTrack: stop() called with 132300 frames delivered
06-28 13:46:29.911  1393  3231 W audio_hw_generic: Not supplying enough data to HAL, expected position 85122768 , only wrote 85122720
06-28 13:46:29.947  1475  1571 D AudioFlinger: mixer(0xaa803cc0) throttle end: throttle time(2)
06-28 13:46:30.052  1483 18603 D NuPlayerDriver: notifyListener_l(0xab7a5850), (2, 0, 0, -1), loop setting(1, 0)
06-28 13:46:30.069  1483 18607 I NuPlayerDecoder: [OMX.google.vorbis.decoder] resubmitting CSD
06-28 13:46:30.069  1483 18607 I NuPlayerDecoder: [OMX.google.vorbis.decoder] resubmitting CSD
06-28 13:46:30.078  1483 18603 D NuPlayerDriver: notifyListener_l(0xab7a5850), (6, 0, 0, -1), loop setting(1, 0)
06-28 13:46:31.618 12507 12519 I zygote  : Background concurrent copying GC freed 277934(6MB) AllocSpace objects, 0(0B) LOS objects, 20% free, 23MB/29MB, paused 3.834ms total 280.581ms
06-28 13:46:32.333  1603  6820 I WifiService: acquireWifiLock uid=10014 lockMode=2
06-28 13:46:32.501  1603  1614 I WifiService: releaseWifiLock uid=10014
06-28 13:46:32.505  1975  1975 I GeofencerStateMachine: sendNewTransitions called.
06-28 13:46:32.692  1483 18607 I NuPlayerDecoder: [audio] saw output EOS
06-28 13:46:32.692  1483 18606 D AudioTrack: stop() called with 132300 frames delivered
06-28 13:46:33.169  1483 18603 D NuPlayerDriver: notifyListener_l(0xab7a5850), (2, 0, 0, -1), loop setting(1, 0)
06-28 13:46:33.180  1483 18607 I NuPlayerDecoder: [OMX.google.vorbis.decoder] resubmitting CSD
06-28 13:46:33.181  1483 18607 I NuPlayerDecoder: [OMX.google.vorbis.decoder] resubmitting CSD
06-28 13:46:33.194  1483 18603 D NuPlayerDriver: notifyListener_l(0xab7a5850), (6, 0, 0, -1), loop setting(1, 0)
06-28 13:46:33.230  1483 18606 W AudioTrack: getTimestamp() location moved from kernel to server
06-28 13:46:33.231  1483 18606 W NuPlayerRenderer: getPendingAudioPlayoutDurationUs: pendingUs -3379 < 0, clamping to zero, potential resume after pause writtenAudioDurationUs: 23219, audioSinkPlayedUs: 26598
06-28 13:46:33.252  1483 18606 W AudioTrack: retrograde timestamp position corrected, -1024 = 0 - 1024
06-28 13:46:34.908  1393  3231 W audio_hw_generic: Not supplying enough data to HAL, expected position 85362537 , only wrote 85362480
06-28 13:46:34.923  1393  3231 W audio_hw_generic: Not supplying enough data to HAL, expected position 85363219 , only wrote 85363200
06-28 13:46:34.943  1475  1571 D AudioFlinger: mixer(0xaa803cc0) throttle end: throttle time(2)
06-28 13:46:35.165 12507 12519 I zygote  : Background concurrent copying GC freed 290937(6MB) AllocSpace objects, 0(0B) LOS objects, 19% free, 24MB/30MB, paused 1.683ms total 390.896ms
06-28 13:46:35.343  1603  1877 D WificondControl: Scan result ready event
06-28 13:46:35.787  1483 18607 I NuPlayerDecoder: [audio] saw output EOS
