07-03 19:17:37.430 14699 14699 I net.osmand: RoutingHelper Recalculate route, because wrong movement direction: 246.21614
07-03 19:17:37.500 14699 14699 I net.osmand: RoutingHelper Recalculate route, because correlation  : 214.74408039865548
07-03 19:17:37.500 14699 14699 I net.osmand: RoutingHelper Recalculate route, because wrong movement direction: 246.21614
07-03 19:17:37.513 14699 14699 I net.osmand: RoutingHelper Recalculate route, because correlation  : 214.74408039865548
07-03 19:17:37.701 14699 14699 I net.osmand: RoutingHelper Recalculate route, because correlation  : 214.74408039865548
07-03 19:17:37.751 21497 21497 W PrimesInit: Primes instant initialization
07-03 19:17:37.793 10677 10711 I MicroDetectionWorker: #startMicroDetector [speakerMode: 0]
07-03 19:17:37.811 21497 21497 I GAv4    : Google Analytics 11.0.11 is starting up. To enable debug logging on a device run:
07-03 19:17:37.811 21497 21497 I GAv4    :   adb shell setprop log.tag.GAv4 DEBUG
07-03 19:17:37.811 21497 21497 I GAv4    :   adb logcat -s GAv4
07-03 19:17:37.821 21497 21519 W Primes  : background initialization
07-03 19:17:37.826 10677 10711 W ErrorReporter: reportError [type: 211, code: 393244, bug: 0]: errorCode: 393244, engine: 0
07-03 19:17:37.830 10677 10711 I MicroDetector: Keeping mic open: false
07-03 19:17:37.830 10677 10711 I MicroDetectionWorker: #onError(false)
07-03 19:17:37.903 21497 21522 W GAv4    : AnalyticsReceiver is not registered or is disabled. Register the receiver for reliable dispatching on non-Google Play devices. See http://goo.gl/8Rd3yj for instructions.
07-03 19:17:37.927 21497 21522 W GAv4    : CampaignTrackingReceiver is not registered, not exported or is disabled. Installation campaign tracking is not possible. See http://goo.gl/8Rd3yj for instructions.
07-03 19:17:37.957 21497 21522 W GAv4    : AnalyticsService not registered in the app manifest. Hits might not be delivered reliably. See http://goo.gl/8Rd3yj for instructions.
07-03 19:17:37.966  2180  3721 I FontsContentProvider: Received query Google Sans:500, URI content://com.google.android.gms.fonts
07-03 19:17:37.966  2180  3721 I FontsContentProvider: Query [Google Sans:500] resolved to {Google Sans, wdth 100.0, wght 500, ital 0.0, bestEffort false}
07-03 19:17:37.979 21497 21519 I PrimesTesting: GserviceFlagsSupplier.get()
07-03 19:17:37.988 14699 14699 I net.osmand: RoutingHelper Recalculate route, because correlation  : 214.74408039865548
07-03 19:17:37.988 14699 14699 I net.osmand: RoutingHelper Recalculate route, because wrong movement direction: 246.21614
07-03 19:17:38.071 14699 14699 I net.osmand: RoutingHelper Recalculate route, because correlation  : 214.74408039865548
07-03 19:17:38.089 21441 21441 D AndroidRuntime: >>>>>> START com.android.internal.os.RuntimeInit uid 2000 <<<<<<
07-03 19:17:38.133 21441 21441 W app_process: Could not reserve sentinel fault page
07-03 19:17:38.178  2180  3721 I FontsContentProvider: Fetch {Google Sans, wdth 100.0, wght 500, ital 0.0, bestEffort false} end status Status{statusCode=SUCCESS, resolution=null}
07-03 19:17:38.209  2180  2202 I FontsContentProvider: Pulling font file for id = 44, cache size = 4
07-03 19:17:38.408 21497 21497 W FontsContract: Remote font fetch timed out: com.google.android.gms.fonts/Google Sans:500
07-03 19:17:38.472 14699 14699 I net.osmand: RoutingHelper Recalculate route, because correlation  : 214.74408039865548
07-03 19:17:38.472 14699 14699 I net.osmand: RoutingHelper Recalculate route, because wrong movement direction: 246.21614
07-03 19:17:38.482  2180  2202 I FontsContentProvider: Received query Google Sans, URI content://com.google.android.gms.fonts
07-03 19:17:38.511  2180  2202 I FontsContentProvider: Query [Google Sans] resolved to {Google Sans, wdth 100.0, wght 400, ital 0.0, bestEffort false}
07-03 19:17:38.553 14699 14699 I net.osmand: RoutingHelper Recalculate route, because correlation  : 214.74408039865548
07-03 19:17:38.666  2180  2202 I FontsContentProvider: Fetch {Google Sans, wdth 100.0, wght 400, ital 0.0, bestEffort false} end status Status{statusCode=SUCCESS, resolution=null}
07-03 19:17:38.763  2180  8085 I FontsContentProvider: Pulling font file for id = 45, cache size = 4
07-03 19:17:38.799 14699 14699 I net.osmand: RoutingHelper Recalculate route, because correlation  : 214.74408039865548
07-03 19:17:38.799 14699 14699 I net.osmand: RoutingHelper Recalculate route, because wrong movement direction: 246.21614
07-03 19:17:38.844 21497 21497 I AlarmClock: AlarmInitReceiver android.intent.action.TIMEZONE_CHANGED
07-03 19:17:38.845 21441 21441 W app_process: Unexpected CPU variant for X86 using defaults: x86
07-03 19:17:38.860 21441 21441 I app_process: The ClassLoaderContext is a special shared library.
07-03 19:17:38.936 14699 14699 I net.osmand: RoutingHelper Recalculate route, because correlation  : 214.74408039865548
07-03 19:17:39.003 21497 21532 I AlarmClock: Connected Dock: null
07-03 19:17:39.047 21497 21532 I AlarmClock: Removing AlarmClockInfo
07-03 19:17:39.062 21497 21497 I AlarmClock: DigitalAppWidgetProvider processing Intent { act=android.intent.action.TIMEZONE_CHANGED flg=0x21200010 cmp=com.google.android.deskclock/com.android.alarmclock.DigitalAppWidgetProvider (has extras) }
07-03 19:17:39.109 21441 21441 D AndroidRuntime: Calling main entry com.android.commands.monkey.Monkey
07-03 19:17:39.112 21441 21441 W Monkey  : args: [-p, net.osmand, -c, android.intent.category.LAUNCHER, 1]
07-03 19:17:39.113 21441 21441 W Monkey  :  arg: "-p"
07-03 19:17:39.114 21441 21441 W Monkey  :  arg: "net.osmand"
07-03 19:17:39.114 21441 21441 W Monkey  :  arg: "-c"
07-03 19:17:39.114 21441 21441 W Monkey  :  arg: "android.intent.category.LAUNCHER"
07-03 19:17:39.115 21441 21441 W Monkey  :  arg: "1"
07-03 19:17:39.115 21441 21441 W Monkey  : data="net.osmand"
07-03 19:17:39.116 21441 21441 W Monkey  : data="android.intent.category.LAUNCHER"
07-03 19:17:39.165  1604  5450 I ActivityManager: Killing 20766:com.google.android.gms.unstable/u0a14 (adj 906): empty for 3128s
07-03 19:17:39.176  1604  1620 W zygote  : kill(-20766, 9) failed: No such process
07-03 19:17:39.190 21410 21447 W zygote  : Verification of void afq.a(android.util.AttributeSet, int) took 137.489ms
07-03 19:17:39.215  1604  1620 W zygote  : kill(-20766, 9) failed: No such process
07-03 19:17:39.256  1604  1620 W zygote  : kill(-20766, 9) failed: No such process
07-03 19:17:39.256  1604  1620 I zygote  : Successfully killed process cgroup uid 10014 pid 20766 in 79ms
07-03 19:17:39.328 21410 21447 W zygote  : Verification of void afu.f() took 125.608ms
07-03 19:17:39.398 14699 14699 I net.osmand: RoutingHelper Recalculate route, because correlation  : 214.74408039865548
07-03 19:17:39.398 14699 14699 I net.osmand: RoutingHelper Recalculate route, because wrong movement direction: 246.21614
07-03 19:17:39.400  1604  3712 I ActivityManager: Start proc 21541:com.ustwo.lwp/u0a76 for broadcast com.ustwo.lwp/.TimezoneChangedReceiver
07-03 19:17:39.406  1604  1618 W BroadcastQueue: Skipping deliver [background] BroadcastRecord{3cf9dd0 u-1 android.net.conn.CONNECTIVITY_CHANGE} to ReceiverList{5bc1c9 21441 (unknown name)/2000/u-1 remote:1c86e82}: process gone or crashing
07-03 19:17:39.421 21541 21541 W zygote  : Unexpected CPU variant for X86 using defaults: x86
07-03 19:17:39.494 21541 21541 I zygote  : The ClassLoaderContext is a special shared library.
07-03 19:17:39.561 14699 14699 I net.osmand: RoutingHelper Recalculate route, because correlation  : 214.74408039865548
07-03 19:17:39.561 14699 14699 I net.osmand: RoutingHelper Recalculate route, because wrong movement direction: 246.21614
07-03 19:17:39.623 21541 21541 D zz      : App.onCreate() 
07-03 19:17:39.623 21541 21541 D zz      : ----------------------------------------------------------------------------------
07-03 19:17:39.643 21541 21541 D zz      : FlavorTypeOverride.afterCreate() flavor: typeall
07-03 19:17:39.678  1604  3883 I ActivityManager: Start proc 21559:com.google.android.play.games/u0a84 for broadcast com.google.android.play.games/com.google.android.libraries.notifications.entrypoints.timezonechanged.TimezoneChangedReceiver
07-03 19:17:39.677 21559 21559 W zygote  : Unexpected CPU variant for X86 using defaults: x86
07-03 19:17:39.703  1604  3883 I ActivityManager: START u0 {act=android.intent.action.MAIN cat=[android.intent.category.LAUNCHER] flg=0x10200000 cmp=net.osmand/.plus.activities.MapActivity} from uid 2000
07-03 19:17:39.712 14699 14699 I net.osmand: RoutingHelper Recalculate route, because correlation  : 214.74408039865548
07-03 19:17:39.718  1604  3883 W Binder  : Outgoing transactions from this process must be FLAG_ONEWAY
07-03 19:17:39.718  1604  3883 W Binder  : java.lang.Throwable
07-03 19:17:39.718  1604  3883 W Binder  : 	at android.os.BinderProxy.transact(Binder.java:752)
07-03 19:17:39.718  1604  3883 W Binder  : 	at android.app.IActivityController$Stub$Proxy.activityStarting(IActivityController.java:172)
07-03 19:17:39.718  1604  3883 W Binder  : 	at com.android.server.am.ActivityStarter.startActivity(ActivityStarter.java:449)
07-03 19:17:39.718  1604  3883 W Binder  : 	at com.android.server.am.ActivityStarter.startActivityLocked(ActivityStarter.java:278)
07-03 19:17:39.718  1604  3883 W Binder  : 	at com.android.server.am.ActivityStarter.startActivityMayWait(ActivityStarter.java:817)
07-03 19:17:39.718  1604  3883 W Binder  : 	at com.android.server.am.ActivityManagerService.startActivityAsUser(ActivityManagerService.java:4532)
07-03 19:17:39.718  1604  3883 W Binder  : 	at com.android.server.am.ActivityManagerService.startActivity(ActivityManagerService.java:4519)
07-03 19:17:39.718  1604  3883 W Binder  : 	at android.app.IActivityManager$Stub.onTransact(IActivityManager.java:121)
07-03 19:17:39.718  1604  3883 W Binder  : 	at com.android.server.am.ActivityManagerService.onTransact(ActivityManagerService.java:2919)
07-03 19:17:39.718  1604  3883 W Binder  : 	at android.os.Binder.execTransact(Binder.java:697)
07-03 19:17:39.721 21410 21442 I zygote  : Waiting for a blocking GC ProfileSaver
07-03 19:17:39.775 21441 21441 I Monkey  : Events injected: 1
07-03 19:17:39.858  1604  6773 W ActivityManager: Slow operation: 87ms so far, now at attachApplicationLocked: after mServices.attachApplicationLocked
07-03 19:17:39.872  1604  6773 W ActivityManager: Slow operation: 101ms so far, now at attachApplicationLocked: after sendPendingBroadcastsLocked
07-03 19:17:39.973  1604  1853 I ActivityManager: Killing 17893:com.google.process.gapps/u0a14 (adj 906): empty for 2343s
07-03 19:17:39.983  1604  1620 W zygote  : kill(-17893, 9) failed: No such process
07-03 19:17:39.984 21441 21441 I Monkey  : ## Network stats: elapsed time=133ms (0ms mobile, 0ms wifi, 133ms not connected)
07-03 19:17:40.027  1604  1620 W zygote  : kill(-17893, 9) failed: No such process
07-03 19:17:40.029 21441 21441 I com.android.commands.monkey: System.exit called, status: 0
07-03 19:17:40.029 21441 21441 I AndroidRuntime: VM exiting with result code 0.
07-03 19:17:40.035  2061  2124 D EGL_emulation: eglMakeCurrent: 0xa5806680: ver 2 0 (tinfo 0xa5803c60)
07-03 19:17:40.068  1604  1620 W zygote  : kill(-17893, 9) failed: No such process
07-03 19:17:40.112  1604  1619 W Looper  : Dispatch took 142ms on android.ui, h=Handler (com.android.server.policy.PhoneWindowManager$PolicyHandler) {35d3375} cb=android.database.ContentObserver$NotificationRunnable@5714d83 msg=0
07-03 19:17:40.122  1604  1620 W zygote  : kill(-17893, 9) failed: No such process
07-03 19:17:40.123  1604  1620 I zygote  : Successfully killed process cgroup uid 10014 pid 17893 in 140ms
07-03 19:17:40.148 10677 10709 D EGL_emulation: eglMakeCurrent: 0xa58055a0: ver 2 0 (tinfo 0xa58034d0)
07-03 19:17:40.154 21410 21442 I zygote  : WaitForGcToComplete blocked ProfileSaver on HeapTrim for 433.337ms
07-03 19:17:40.291  1707  1933 D EGL_emulation: eglMakeCurrent: 0x91a91b00: ver 2 0 (tinfo 0x91b96990)
07-03 19:17:40.331  1402  1440 D gralloc_ranchu: gralloc_alloc: Creating ashmem region of size 8298496
07-03 19:17:40.346  1412  1428 E SurfaceFlinger: Permission Denial: can't openGlobalTransaction pid=14699, uid<=10104
07-03 19:17:40.347 14699 14699 E BpSurfaceComposerClient: Failed to transact (-1)
07-03 19:17:40.385  1412  1667 E SurfaceFlinger: Permission Denial: can't openGlobalTransaction pid=14699, uid<=10104
07-03 19:17:40.385 14699 14699 E BpSurfaceComposerClient: Failed to transact (-1)
07-03 19:17:40.409 14699 14699 D InAppPurchaseHelper: Destroying helper.
07-03 19:17:40.501  1707  1933 D EGL_emulation: eglMakeCurrent: 0x91a91b00: ver 2 0 (tinfo 0x91b96990)
07-03 19:17:40.515  1707  1933 D EGL_emulation: eglMakeCurrent: 0x91a91b00: ver 2 0 (tinfo 0x91b96990)
07-03 19:17:40.784  1604  5757 I GnssLocationProvider: WakeLock acquired by sendMessage(SET_REQUEST, 0, com.android.server.location.GnssLocationProvider$GpsRequest@3245f8a)
07-03 19:17:40.861  1707  1933 D EGL_emulation: eglMakeCurrent: 0x91a91b00: ver 2 0 (tinfo 0x91b96990)
07-03 19:17:40.873  1707  1933 D EGL_emulation: eglMakeCurrent: 0x91a91b00: ver 2 0 (tinfo 0x91b96990)
07-03 19:17:40.886 14699 14699 W System.err: OnCreate for MapActivity took 476 ms
07-03 19:17:40.970  1707  1933 D EGL_emulation: eglMakeCurrent: 0x91a91b00: ver 2 0 (tinfo 0x91b96990)
07-03 19:17:41.025  1707  1933 I chatty  : uid=10029(com.android.systemui) RenderThread identical 2 lines
07-03 19:17:41.051  1707  1933 D EGL_emulation: eglMakeCurrent: 0x91a91b00: ver 2 0 (tinfo 0x91b96990)
07-03 19:17:41.063 14699 14699 I Choreographer: Skipped 48 frames!  The application may be doing too much work on its main thread.
07-03 19:17:41.084 14699 14699 W ResourceType: For resource 0x7f0e013b, entry index(315) is beyond type entryCount(142)
07-03 19:17:41.132 14699 14699 I chatty  : uid=10104(net.osmand) identical 68 lines
07-03 19:17:41.132 14699 14699 W ResourceType: For resource 0x7f0e013b, entry index(315) is beyond type entryCount(142)
07-03 19:17:41.136 14699 14735 D EGL_emulation: eglMakeCurrent: 0xa5805720: ver 2 0 (tinfo 0xa5803350)
07-03 19:17:41.160  1402  1440 D gralloc_ranchu: gralloc_alloc: Creating ashmem region of size 8298496
07-03 19:17:41.177  1707  1933 D EGL_emulation: eglMakeCurrent: 0x91a91b00: ver 2 0 (tinfo 0x91b96990)
07-03 19:17:41.192  1707  1933 D EGL_emulation: eglMakeCurrent: 0x91a91b00: ver 2 0 (tinfo 0x91b96990)
07-03 19:17:41.281  1402  1440 D gralloc_ranchu: gralloc_alloc: Creating ashmem region of size 3878912
07-03 19:17:41.387 14699 14699 I net.osmand: RoutingHelper Recalculate route, because correlation  : 214.74408039865548
07-03 19:17:41.388 14699 14699 I net.osmand: RoutingHelper Recalculate route, because wrong movement direction: 246.21614
07-03 19:17:41.405 14699 14699 I net.osmand: RoutingHelper Recalculate route, because correlation  : 214.74408039865548
07-03 19:17:41.500  1402  1440 D gralloc_ranchu: gralloc_alloc: Creating ashmem region of size 3878912
07-03 19:17:41.531  1402  1440 D gralloc_ranchu: gralloc_alloc: Creating ashmem region of size 8298496
07-03 19:17:41.564  1707  1933 D EGL_emulation: eglMakeCurrent: 0x91a91b00: ver 2 0 (tinfo 0x91b96990)
07-03 19:17:41.792  1707  1933 I chatty  : uid=10029(com.android.systemui) RenderThread identical 4 lines
07-03 19:17:41.803  1707  1933 D EGL_emulation: eglMakeCurrent: 0x91a91b00: ver 2 0 (tinfo 0x91b96990)
07-03 19:17:41.818 21559 21559 W PrimesInit: Primes instant initialization
07-03 19:17:41.829 21559 21576 W Primes  : background initialization
07-03 19:17:41.905 21410 21424 W zygote  : Suspending all threads took: 38.734ms
07-03 19:17:41.921  1604  1853 I WifiService: acquireWifiLock uid=10014 lockMode=2
07-03 19:17:41.926  1707  1933 D EGL_emulation: eglMakeCurrent: 0x91a91b00: ver 2 0 (tinfo 0x91b96990)
07-03 19:17:41.989 21559 21576 I PrimesTesting: GserviceFlagsSupplier.get()
07-03 19:17:42.005 14699 14699 I net.osmand: RoutingHelper Recalculate route, because correlation  : 214.74408039865548
07-03 19:17:42.005 14699 14699 I net.osmand: RoutingHelper Recalculate route, because wrong movement direction: 246.21614
07-03 19:17:42.054 14699 14699 I net.osmand: RoutingHelper Recalculate route, because correlation  : 214.74408039865548
07-03 19:17:42.054 14699 14699 I net.osmand: RoutingHelper Recalculate route, because wrong movement direction: 246.21614
07-03 19:17:42.127 21559 21559 I GAv4-SVC: Google Analytics 17.6.68 is starting up.
07-03 19:17:42.164  1970  1970 I GeofencerStateMachine: sendNewLocationAvailability: availability=LocationAvailability[isLocationAvailable: true]
07-03 19:17:42.212  1412  1412 W SurfaceFlinger: couldn't log to binary event log: overflow.
07-03 19:17:42.213  1412  1412 W SurfaceFlinger: couldn't log to binary event log: overflow.
07-03 19:17:42.284 14699 14725 I net.osmand: MapRenderRepositories RENDER MAP: update due to request
07-03 19:17:42.285 14699 14725 I net.osmand: MapRenderRepositories RENDER MAP: Interrupt rendering map
07-03 19:17:42.476 21497 21512 I zygote  : Waiting for a blocking GC ProfileSaver
07-03 19:17:42.502 10677 21341 I PBSessionCacheImpl: Deleted sessionId[8399398120256] from persistence.
07-03 19:17:42.567  1604  5450 I WifiService: getWifiEnabledState uid=10032
07-03 19:17:42.572 10677 10711 W SearchServiceCore: Abort, client detached.
07-03 19:17:42.580 21497 21512 I zygote  : WaitForGcToComplete blocked ProfileSaver on HeapTrim for 104.471ms
07-03 19:17:42.596 14699 14724 I net.osmand: MapRenderRepositories RENDER MAP: new request RotatedTileBox [lat=-7.589195000000001, lon=-37.541068333333335, rotate=0.0, density=2.625, zoom=17, mapDensity=3.9375, zoomAnimation=0.0, zoomFloatPart=0.0, cx=900, cy=1972, pixWidth=1800, pixHeight=2690]
07-03 19:17:42.681  1604  5750 I WifiService: releaseWifiLock uid=10014
07-03 19:17:42.705 10677 21338 E RefreshDoodleConfigTask: Error downloading doodle.
07-03 19:17:42.705 10677 21338 E RefreshDoodleConfigTask: java.lang.InterruptedException
07-03 19:17:42.705 10677 21338 E RefreshDoodleConfigTask: 	at com.google.common.s.a.d.get(SourceFile:91)
07-03 19:17:42.705 10677 21338 E RefreshDoodleConfigTask: 	at com.google.android.apps.gsa.staticplugins.doodle.e.f.c(SourceFile:48)
07-03 19:17:42.705 10677 21338 E RefreshDoodleConfigTask: 	at com.google.android.apps.gsa.staticplugins.doodle.e.f.call(SourceFile:76)
07-03 19:17:42.705 10677 21338 E RefreshDoodleConfigTask: 	at java.util.concurrent.FutureTask.run(FutureTask.java:266)
07-03 19:17:42.705 10677 21338 E RefreshDoodleConfigTask: 	at com.google.android.apps.gsa.shared.util.c.b.h.run(Unknown Source:3)
07-03 19:17:42.705 10677 21338 E RefreshDoodleConfigTask: 	at com.google.android.apps.gsa.shared.util.c.b.bl.run(SourceFile:3)
07-03 19:17:42.705 10677 21338 E RefreshDoodleConfigTask: 	at com.google.android.apps.gsa.shared.util.c.b.bl.run(SourceFile:3)
07-03 19:17:42.705 10677 21338 E RefreshDoodleConfigTask: 	at java.util.concurrent.ThreadPoolExecutor.runWorker(ThreadPoolExecutor.java:1162)
07-03 19:17:42.705 10677 21338 E RefreshDoodleConfigTask: 	at java.util.concurrent.ThreadPoolExecutor$Worker.run(ThreadPoolExecutor.java:636)
07-03 19:17:42.705 10677 21338 E RefreshDoodleConfigTask: 	at java.lang.Thread.run(Thread.java:764)
07-03 19:17:42.705 10677 21338 E RefreshDoodleConfigTask: 	at com.google.android.apps.gsa.shared.util.c.b.k.run(SourceFile:6)
07-03 19:17:42.844 14699 14725 I net.osmand: MapRenderRepositories RENDER MAP: update due to request
07-03 19:17:42.844 14699 14725 I net.osmand: MapRenderRepositories RENDER MAP: Interrupt rendering map
07-03 19:17:42.857 14699 14699 I net.osmand: RoutingHelper Recalculate route, because correlation  : 214.74408039865548
07-03 19:17:42.859 14699 14699 I Choreographer: Skipped 34 frames!  The application may be doing too much work on its main thread.
07-03 19:17:42.960 14699 14699 I net.osmand: RoutingHelper Recalculate route, because correlation  : 214.74408039865548
07-03 19:17:42.960 14699 14699 I net.osmand: RoutingHelper Recalculate route, because wrong movement direction: 246.21614
07-03 19:17:43.036 14699 14724 I net.osmand:native: Route objects 61
07-03 19:17:43.036 14699 14724 I net.osmand:native: Ocean: no completed & incompleted coastlines 0
07-03 19:17:43.036 14699 14724 I net.osmand:native: Detailed coastlines = 0, basemap coastlines 0, ocean tile 0.000000. Detailed added 0, basemap processed 1, basemap added 0.
07-03 19:17:43.036 14699 14724 I net.osmand:native: Search : tree - read( 413), accept( 30), objs - visit( 2206), accept(73), in result(61) 
07-03 19:17:43.037 14699 14724 I net.osmand: MapRenderRepositories RENDER MAP: new request RotatedTileBox [lat=-7.589195000000001, lon=-37.541068333333335, rotate=0.0, density=2.625, zoom=17, mapDensity=3.9375, zoomAnimation=0.0, zoomFloatPart=0.0, cx=900, cy=1972, pixWidth=1800, pixHeight=2690]
07-03 19:17:43.051 14699 14699 I net.osmand: RoutingHelper Recalculate route, because correlation  : 214.74408039865548
07-03 19:17:43.182 14699 14724 I net.osmand:native: Route objects 61
07-03 19:17:43.182 14699 14724 I net.osmand:native: Ocean: no completed & incompleted coastlines 0
07-03 19:17:43.182 14699 14724 I net.osmand:native: Detailed coastlines = 0, basemap coastlines 0, ocean tile 0.000000. Detailed added 0, basemap processed 1, basemap added 0.
07-03 19:17:43.182 14699 14724 I net.osmand:native: Search : tree - read( 413), accept( 30), objs - visit( 2206), accept(73), in result(61) 
07-03 19:17:43.183 14699 14724 I net.osmand: MapRenderRepositories BLat=-7.591496849060059, TLat=-7.583494758605957, LLong=-37.543521881103516, RLong=-37.53861999511719, zoom=17
07-03 19:17:43.183 14699 14724 I net.osmand: MapRenderRepositories Native search: 146 ms 
07-03 19:17:43.183 14699 14724 W net.osmand: MapRenderRepositories Create new image ? 1800 != 1800 (w) 2690 != 2595 (h) 
07-03 19:17:43.185 14699 14724 I net.osmand:native: Creating SkBitmap in native w:1800 h:2690 s:7200 f:1!
07-03 19:17:43.185 14699 14724 I net.osmand:native: Row bytes for RGBA_8888 is 7200
07-03 19:17:43.185 14699 14724 I net.osmand:native: Locked 19368000 bytes at 0x62d80000
07-03 19:17:43.214 14699 14724 I net.osmand:native: Initializing rendering
07-03 19:17:43.237 14699 14724 I net.osmand:native: Rendering image
07-03 19:17:43.451  1402  1440 D gralloc_ranchu: gralloc_alloc: Creating ashmem region of size 3878912
07-03 19:17:43.691 21559 21559 W ComponentDiscovery: Application info not found.
07-03 19:17:43.692 21559 21559 W ComponentDiscovery: Could not retrieve metadata, returning empty list of registrars.
07-03 19:17:43.705 21559 21559 I Notifications: [ChimeBroadcastReceiver] Intent received for action [android.intent.action.TIMEZONE_CHANGED] package [com.google.android.play.games].
07-03 19:17:43.744 21559 21559 I Notifications: [ChimeBroadcastReceiver] Validation OK for action [android.intent.action.TIMEZONE_CHANGED].
07-03 19:17:43.771 21559 21587 I Notifications: [ChimeBroadcastReceiver] Executing action in BroadcastReceiver [android.intent.action.TIMEZONE_CHANGED].
07-03 19:17:43.787 14699 14699 I net.osmand: RoutingHelper Recalculate route, because correlation  : 214.74408039865548
07-03 19:17:43.787 14699 14699 I net.osmand: RoutingHelper Recalculate route, because wrong movement direction: 246.21614
07-03 19:17:43.797  1604  3712 I ActivityManager: Start proc 21588:com.android.vending/u0a26 for service com.android.vending/com.google.android.finsky.contentfilterui.ContentFiltersService
07-03 19:17:43.833 21588 21588 W zygote  : Unexpected CPU variant for X86 using defaults: x86
07-03 19:17:43.893  1604  1853 W ActivityManager: Slow operation: 94ms so far, now at startProcess: returned from zygote!
07-03 19:17:43.893  1604  1853 W ActivityManager: Slow operation: 94ms so far, now at startProcess: done updating battery stats
07-03 19:17:43.894  1604  1853 W ActivityManager: Slow operation: 94ms so far, now at startProcess: building log message
07-03 19:17:43.894  1604  1853 I ActivityManager: Start proc 21600:com.mapswithme.maps.pro/u0a85 for broadcast com.mapswithme.maps.pro/ru.mail.notify.core.utils.TimeChangeReceiver
07-03 19:17:43.894  1604  1853 W ActivityManager: Slow operation: 95ms so far, now at startProcess: starting to update pids map
07-03 19:17:43.894  1604  1853 W ActivityManager: Slow operation: 95ms so far, now at startProcess: done updating pids map
07-03 19:17:43.894  1604  1853 W ActivityManager: Slow operation: 96ms so far, now at startProcess: done starting proc!
07-03 19:17:43.903  1604  6773 I ActivityManager: Killing 20976:com.android.chrome/u0a49 (adj 906): empty for 2082s
07-03 19:17:43.907  1604  1620 W zygote  : kill(-20976, 9) failed: No such process
07-03 19:17:43.930 21600 21600 W zygote  : Unexpected CPU variant for X86 using defaults: x86
07-03 19:17:43.959  1604  1620 W zygote  : kill(-20976, 9) failed: No such process
07-03 19:17:43.959  1604  1620 I zygote  : Successfully killed process cgroup uid 10049 pid 20976 in 51ms
07-03 19:17:44.049  1604  5750 W ActivityManager: Slow operation: 51ms so far, now at attachApplicationLocked: after mServices.attachApplicationLocked
07-03 19:17:44.107  1604  5750 W ActivityManager: Slow operation: 109ms so far, now at attachApplicationLocked: after sendPendingBroadcastsLocked
07-03 19:17:44.272 14699 14724 I net.osmand:native: Native ok (rendering 3, text 569 ms) 
07-03 19:17:44.272 14699 14724 I net.osmand:native:  (574 points, 320 points inside, 122 of 128 objects visible)
07-03 19:17:44.288 21559 21582 I zygote  : Deoptimizing java.lang.Object we.put(java.lang.Object, java.lang.Object) due to JIT inline cache
07-03 19:17:44.373 14699 14724 I net.osmand:native: End Rendering image
07-03 19:17:44.387 14699 14724 I net.osmand:native: Native ok (init 21, rendering 3) 
07-03 19:17:44.388 14699 14724 I net.osmand: MapRenderRepositories true
07-03 19:17:44.470 14699 14699 I net.osmand: RoutingHelper Recalculate route, because correlation  : 214.74408039865548
07-03 19:17:44.924 21559 21569 I zygote  : ThreadFlipBegin blocked for 15.583ms
07-03 19:17:44.931 14699 14699 I net.osmand: RoutingHelper Recalculate route, because correlation  : 214.74408039865548
07-03 19:17:44.931 14699 14699 I net.osmand: RoutingHelper Recalculate route, because wrong movement direction: 246.21614
07-03 19:17:45.043 14699 14699 I net.osmand: RoutingHelper Recalculate route, because correlation  : 214.74408039865548
07-03 19:17:45.043 14699 14699 I net.osmand: RoutingHelper Recalculate route, because wrong movement direction: 246.21614
07-03 19:17:45.044 14699 14699 I Choreographer: Skipped 32 frames!  The application may be doing too much work on its main thread.
07-03 19:17:45.066 14699 14699 I net.osmand: RoutingHelper Recalculate route, because correlation  : 214.74408039865548
07-03 19:17:45.072 14699 14699 I net.osmand: RoutingHelper Recalculate route, because correlation  : 214.74408039865548
07-03 19:17:45.072 14699 14699 I net.osmand: RoutingHelper Recalculate route, because wrong movement direction: 246.21614
07-03 19:17:45.079 14699 14699 I net.osmand: RoutingHelper Recalculate route, because correlation  : 214.74408039865548
07-03 19:17:45.297 14699 14709 I zygote  : Background concurrent copying GC freed 407916(9MB) AllocSpace objects, 11(464KB) LOS objects, 11% free, 45MB/51MB, paused 11.190ms total 534.387ms
07-03 19:17:45.509 14699 14699 I net.osmand: RoutingHelper Recalculate route, because correlation  : 214.74408039865548
07-03 19:17:45.509 14699 14699 I net.osmand: RoutingHelper Recalculate route, because wrong movement direction: 246.21614
07-03 19:17:45.690 14699 14699 I net.osmand: RoutingHelper Recalculate route, because correlation  : 214.74408039865548
07-03 19:17:45.798 14699 14699 I net.osmand: RoutingHelper Recalculate route, because correlation  : 214.74408039865548
07-03 19:17:45.799 14699 14699 I net.osmand: RoutingHelper Recalculate route, because wrong movement direction: 246.21614
07-03 19:17:45.801 14699 14699 I net.osmand: RoutingHelper Recalculate route, because correlation  : 214.74408039865548
07-03 19:17:45.813  1604  1617 I GnssLocationProvider: WakeLock released by handleMessage(SET_REQUEST, 0, com.android.server.location.GnssLocationProvider$GpsRequest@3245f8a)
07-03 19:17:46.158 21600 21600 I MultiDex: VM with version 2.1.0 has multidex support
07-03 19:17:46.158 21600 21600 I MultiDex: Installing application
07-03 19:17:46.158 21600 21600 I MultiDex: VM has multidex support, MultiDex support library is disabled.
07-03 19:17:46.356 14699 14699 I net.osmand: RoutingHelper Recalculate route, because correlation  : 214.74408039865548
07-03 19:17:46.451 14699 14699 I net.osmand: RoutingHelper Recalculate route, because correlation  : 214.74408039865548
07-03 19:17:46.454 14699 14699 I net.osmand: RoutingHelper Recalculate route, because wrong movement direction: 246.21614
07-03 19:17:46.632 14699 14699 I net.osmand: RoutingHelper Recalculate route, because correlation  : 214.74408039865548
07-03 19:17:46.632 14699 14699 I net.osmand: RoutingHelper Recalculate route, because wrong movement direction: 246.21614
07-03 19:17:46.769 21600 21625 D Pushwoosh: [CrashAnalytics] Looking for exceptions in: /data/user/0/com.mapswithme.maps.pro/files
07-03 19:17:46.797 21600 21600 W Pushwoosh: 'PW_APPID' is deprecated consider using 'com.pushwoosh.appid'
07-03 19:17:46.798 21600 21600 W Pushwoosh: 'PW_PROJECT_ID' is deprecated consider using 'com.pushwoosh.senderid'
07-03 19:17:47.132 21600 21600 I Pushwoosh: Log level: DEBUG
07-03 19:17:47.186 21600 21600 I Pushwoosh: [NotificationManager] Sender ID: 933744938687
07-03 19:17:47.202 21600 21600 I Pushwoosh: [NotificationManager] App ID: 84E00-0F767
07-03 19:17:47.511 14699 14699 I net.osmand: RoutingHelper Recalculate route, because correlation  : 214.74408039865548
07-03 19:17:47.511 14699 14699 I net.osmand: RoutingHelper Recalculate route, because wrong movement direction: 246.21614
07-03 19:17:47.702 14699 14699 I net.osmand: RoutingHelper Recalculate route, because correlation  : 214.74408039865548
07-03 19:17:47.702 14699 14699 I net.osmand: RoutingHelper Recalculate route, because wrong movement direction: 246.21614
07-03 19:17:47.703 14699 14699 I net.osmand: RoutingHelper Recalculate route, because correlation  : 214.74408039865548
07-03 19:17:47.703 14699 14699 I net.osmand: RoutingHelper Recalculate route, because wrong movement direction: 246.21614
07-03 19:17:47.801 14699 14699 I net.osmand: RoutingHelper Recalculate route, because correlation  : 214.74408039865548
07-03 19:17:47.835 21600 21635 D NetworkSecurityConfig: Using Network Security Config from resource network_security_config debugBuild: false
07-03 19:17:47.972 21588 21621 I Finsky  : [1706] osi.a(41): Started reading experiment flags from file [SKocQA9EQQFTb-1gQsc5WsjVhGA].
07-03 19:17:48.023  1604  1613 I zygote  : Background concurrent copying GC freed 55704(2MB) AllocSpace objects, 26(1124KB) LOS objects, 6% free, 79MB/85MB, paused 2.110ms total 231.289ms
07-03 19:17:48.043 21588 21621 I Finsky  : [1706] osi.a(42): Finished reading experiment flags from file [SKocQA9EQQFTb-1gQsc5WsjVhGA].
07-03 19:17:48.113 21600 21600 D MoPub   : Initializing MoPub
07-03 19:17:48.136  1604  1611 W JavaBinder: BinderProxy is being destroyed but the application did not call unlinkToDeath to unlink all of its death recipients beforehand.  Releasing leaked death recipient: com.android.server.telecom.ServiceBinder$ServiceDeathRecipient
07-03 19:17:48.215 21600 21600 I MoPub   : ManifestUtils running without interstitial module
07-03 19:17:48.240 21600 21600 D MoPub   : Changing consent status from POTENTIAL_WHITELISTto POTENTIAL_WHITELIST because Consent was explicitly granted by a publisher who is not whitelisted
07-03 19:17:48.362 21588 21619 I Finsky  : [1704] osi.a(41): Started reading experiment flags from file [G52CZaGFwts1aHi7hBICTFj3CLg].
07-03 19:17:48.381 21588 21619 I Finsky  : [1704] osi.a(42): Finished reading experiment flags from file [G52CZaGFwts1aHi7hBICTFj3CLg].
07-03 19:17:48.559 14699 14699 I net.osmand: RoutingHelper Recalculate route, because correlation  : 214.74408039865548
07-03 19:17:48.559 14699 14699 I net.osmand: RoutingHelper Recalculate route, because wrong movement direction: 246.21614
07-03 19:17:48.609 14699 14699 I net.osmand: RoutingHelper Recalculate route, because correlation  : 214.74408039865548
07-03 19:17:48.609 14699 14699 I net.osmand: RoutingHelper Recalculate route, because wrong movement direction: 246.21614
07-03 19:17:48.763 21588 21588 I Finsky  : [2] osi.a(41): Started reading experiment flags from file [v6B-2IolLQRBwrwPhscSaeg04As].
07-03 19:17:48.860 21588 21588 I Finsky  : [2] osi.a(42): Finished reading experiment flags from file [v6B-2IolLQRBwrwPhscSaeg04As].
07-03 19:17:48.945 21588 21588 I Finsky  : [2] qtj.<init>(8): Resetting scheduler db
07-03 19:17:48.987 14699 14699 I net.osmand: RoutingHelper Recalculate route, because correlation  : 214.74408039865548
07-03 19:17:48.992 14699 14699 I net.osmand: RoutingHelper Recalculate route, because correlation  : 214.74408039865548
07-03 19:17:48.992 14699 14699 I net.osmand: RoutingHelper Recalculate route, because wrong movement direction: 246.21614
07-03 19:17:49.050  1604  1621 E BatteryExternalStatsWorker: modem info is invalid: ModemActivityInfo{ mTimestamp=0 mSleepTimeMs=0 mIdleTimeMs=0 mTxTimeMs[]=[0, 0, 0, 0, 0] mRxTimeMs=0 mEnergyUsed=0}
07-03 19:17:49.174 21588 21620 I Finsky  : [1705] dyn.X(6): Not a unicorn account
07-03 19:17:49.222 21662 21662 W zygote  : Unexpected CPU variant for X86 using defaults: x86
07-03 19:17:49.237 21600 21600 D libcrashlytics: Initializing libcrashlytics version 2.0.4
07-03 19:17:49.238 21600 21600 D libcrashlytics: Initializing native crash handling successful.
07-03 19:17:49.250 21588 21615 I zygote  : Waiting for a blocking GC ProfileSaver
07-03 19:17:49.258  1604  3883 W ActivityManager: Slow operation: 51ms so far, now at startProcess: done updating battery stats
07-03 19:17:49.259  1604  3883 W ActivityManager: Slow operation: 52ms so far, now at startProcess: building log message
07-03 19:17:49.259  1604  3883 I ActivityManager: Start proc 21662:com.google.process.gapps/u0a14 for content provider com.google.android.gsf/.settings.GoogleSettingsProvider
07-03 19:17:49.259  1604  3883 W ActivityManager: Slow operation: 52ms so far, now at startProcess: starting to update pids map
07-03 19:17:49.259  1604  3883 W ActivityManager: Slow operation: 52ms so far, now at startProcess: done updating pids map
07-03 19:17:49.259  1604  3883 W ActivityManager: Slow operation: 53ms so far, now at startProcess: done starting proc!
07-03 19:17:49.259  1604  3883 W ActivityManager: Slow operation: 53ms so far, now at getContentProviderImpl: after start process
07-03 19:17:49.259  1604  3883 W ActivityManager: Slow operation: 53ms so far, now at getContentProviderImpl: updating data structures
07-03 19:17:49.260  1604  3883 W ActivityManager: Slow operation: 53ms so far, now at getContentProviderImpl: done!
07-03 19:17:49.280 21600 21600 I CrashlyticsCore: Initializing Crashlytics 2.6.3.25
07-03 19:17:49.332 21600 21616 I zygote  : Waiting for a blocking GC ProfileSaver
07-03 19:17:49.373 21662 21662 I zygote  : The ClassLoaderContext is a special shared library.
07-03 19:17:49.483 14699 14699 I net.osmand: RoutingHelper Recalculate route, because correlation  : 214.74408039865548
07-03 19:17:49.517 21662 21662 I GoogleHttpClient: GMS http client unavailable, use old client
07-03 19:17:49.540 21600 21616 I zygote  : Waiting for a blocking GC ProfileSaver
07-03 19:17:49.638 14699 14699 I net.osmand: RoutingHelper Recalculate route, because correlation  : 214.74408039865548
07-03 19:17:49.638 14699 14699 I net.osmand: RoutingHelper Recalculate route, because wrong movement direction: 246.21614
07-03 19:17:50.020 21600 21616 I zygote  : WaitForGcToComplete blocked ProfileSaver on HeapTrim for 688.195ms
07-03 19:17:50.040 14699 14699 I net.osmand: RoutingHelper Recalculate route, because correlation  : 214.74408039865548
07-03 19:17:50.097 21600 21600 D AppsFlyer_4.9.0: Initializing AppsFlyer SDK: (v4.9.0.184)
07-03 19:17:50.119 21588 21615 I zygote  : Waiting for a blocking GC ProfileSaver
07-03 19:17:50.393 14699 14699 I net.osmand: RoutingHelper Recalculate route, because correlation  : 214.74408039865548
07-03 19:17:50.393 14699 14699 I net.osmand: RoutingHelper Recalculate route, because wrong movement direction: 246.21614
07-03 19:17:50.455 14699 14699 I net.osmand: RoutingHelper Recalculate route, because correlation  : 214.74408039865548
07-03 19:17:50.603 21600 21600 D Pushwoosh: [CrashAnalytics] Current handler class = com.crashlytics.android.core.CrashlyticsUncaughtExceptionHandler
07-03 19:17:50.668  1970 21356 I Places  : ?: PlacesBleScanner stop()
07-03 19:17:50.690  1970  1970 I BeaconBle: Scan : No clients left, canceling alarm.
07-03 19:17:50.697  1970  1970 I BeaconBle: Scan canceled successfully.
07-03 19:17:50.746  1970 21356 I PlaceInferenceEngine: [anon] Changed inference mode: 0
07-03 19:17:50.746  1970 21356 I PlaceInferenceEngine: [account#1066226748] Changed inference mode: 0
07-03 19:17:50.752 21588 21619 I Finsky  : [1704] djv.a(129): Opt out Play Pass user: diegotabira@gmail.com
07-03 19:17:50.768 21588 21705 I zygote  : Deoptimizing java.lang.Object j$.util.concurrent.ConcurrentHashMap.putVal(java.lang.Object, java.lang.Object, boolean) due to JIT inline cache
07-03 19:17:50.820 14699 14699 I net.osmand: RoutingHelper Recalculate route, because correlation  : 214.74408039865548
07-03 19:17:50.820 14699 14699 I net.osmand: RoutingHelper Recalculate route, because wrong movement direction: 246.21614
07-03 19:17:50.903 21588 21619 I Finsky  : [1704] dyn.aR(9): Disable SystemUpdateActivity, because Android is lower than Q
07-03 19:17:50.904 21588 21619 I Finsky  : [1704] dyn.aR(11): Set SystemUpdateActivity enabled state to 2
07-03 19:17:50.917 21588 21620 I Finsky  : [1705] com.google.android.finsky.packagemanager.impl.PackageMonitorReceiverImpl.<init>(5): Registering in memory receiver for android.intent.action.PACKAGE_ADDED
07-03 19:17:51.041 21588 21615 I zygote  : WaitForGcToComplete blocked ProfileSaver on HeapTrim for 1.791s
07-03 19:17:51.061 21588 21620 W Settings: Setting download_manager_max_bytes_over_mobile has moved from android.provider.Settings.Secure to android.provider.Settings.Global.
07-03 19:17:51.065 21588 21620 I Finsky  : [1705] nvk.a(8): SettingNotFoundException, fall through to G.downloadBytesOverMobileMaximum
07-03 19:17:51.065 21588 21620 W Settings: Setting download_manager_recommended_max_bytes_over_mobile has moved from android.provider.Settings.Secure to android.provider.Settings.Global.
07-03 19:17:51.067 21588 21620 I Finsky  : [1705] nvk.a(11): SettingNotFoundException, fall through to G.downloadBytesOverMobileRecommended
07-03 19:17:51.089 14699 14699 I net.osmand: RoutingHelper Recalculate route, because correlation  : 214.74408039865548
07-03 19:17:51.090 14699 14699 I net.osmand: RoutingHelper Recalculate route, because wrong movement direction: 246.21614
07-03 19:17:51.209  1970  1970 I GeofencerStateMachine: removeGeofences: removeRequest=RemoveGeofencingRequest[REMOVE_BY_PENDING_INTENT pendingIntent=PendingIntent[creatorPackage=com.google.android.gms], packageName=com.google.android.gms]
07-03 19:17:51.222 21588 21620 I Finsky  : [1705] vwn.d(1): Setup app restrictions monitor
07-03 19:17:51.329 21588 21620 I Finsky  : [1705] vye.a(4): Device wide unknown source restriction is changed.
07-03 19:17:51.418 14699 14699 I net.osmand: RoutingHelper Recalculate route, because correlation  : 214.74408039865548
07-03 19:17:51.418 14699 14699 I net.osmand: RoutingHelper Recalculate route, because wrong movement direction: 246.21614
07-03 19:17:51.465 21588 21607 I Finsky  : [1700] bhq.a(1): Received content filters request from com.google.android.play.games
07-03 19:17:51.539 21588 21588 I Finsky  : [2] lac.a(41): Installer: Attempting to start installer
07-03 19:17:51.545 21588 21588 I Finsky  : [2] kzj.<init>(8): Not checking if recovering from paused session because experiment is off
07-03 19:17:51.572 21588 21588 I Finsky  : [2] lac.a(261): Installer kick - no action, not running yet
07-03 19:17:51.575 21588 21588 I Finsky  : [2] lac.a(261): Installer kick - no action, not running yet
07-03 19:17:51.651 14699 14699 I net.osmand: RoutingHelper Recalculate route, because correlation  : 214.74408039865548
07-03 19:17:51.653 14699 14699 I net.osmand: RoutingHelper Recalculate route, because wrong movement direction: 246.21614
07-03 19:17:51.664 14699 14699 I net.osmand: RoutingHelper Recalculate route, because correlation  : 214.74408039865548
07-03 19:17:51.711  1970  1970 W ChimeraUtils: Non Chimera context
07-03 19:17:51.711  1970  1970 W ChimeraUtils: Non Chimera context
07-03 19:17:51.876 21588 21621 D NetworkSecurityConfig: No Network Security Config specified, using platform default
07-03 19:17:51.984 14699 14699 I net.osmand: RoutingHelper Recalculate route, because correlation  : 214.74408039865548
07-03 19:17:51.985 14699 14699 I net.osmand: RoutingHelper Recalculate route, because wrong movement direction: 246.21614
07-03 19:17:52.115  1970  1970 W SystemServiceRegistry: No service published for: persistent_data_block
07-03 19:17:52.316  1970  2307 W MessageQueue: Handler (aeyl) {ac5ec4c} sending message to a Handler on a dead thread
07-03 19:17:52.316  1970  2307 W MessageQueue: java.lang.IllegalStateException: Handler (aeyl) {ac5ec4c} sending message to a Handler on a dead thread
07-03 19:17:52.316  1970  2307 W MessageQueue: 	at android.os.MessageQueue.enqueueMessage(MessageQueue.java:545)
07-03 19:17:52.316  1970  2307 W MessageQueue: 	at android.os.Handler.enqueueMessage(Handler.java:662)
07-03 19:17:52.316  1970  2307 W MessageQueue: 	at android.os.Handler.sendMessageAtTime(Handler.java:631)
07-03 19:17:52.316  1970  2307 W MessageQueue: 	at aeyl.sendMessageAtTime(Unknown Source:3)
07-03 19:17:52.316  1970  2307 W MessageQueue: 	at android.os.Handler.sendMessageDelayed(Handler.java:601)
07-03 19:17:52.316  1970  2307 W MessageQueue: 	at android.os.Handler.post(Handler.java:357)
07-03 19:17:52.316  1970  2307 W MessageQueue: 	at bcln.execute(Unknown Source:2)
07-03 19:17:52.316  1970  2307 W MessageQueue: 	at aanh.execute(Unknown Source:9)
07-03 19:17:52.316  1970  2307 W MessageQueue: 	at avft.a(:com.google.android.gms@17785022@17.7.85 (040700-253824076):3)
07-03 19:17:52.316  1970  2307 W MessageQueue: 	at avgk.a(:com.google.android.gms@17785022@17.7.85 (040700-253824076):8)
07-03 19:17:52.316  1970  2307 W MessageQueue: 	at avgn.a(:com.google.android.gms@17785022@17.7.85 (040700-253824076):43)
07-03 19:17:52.316  1970  2307 W MessageQueue: 	at avgj.a(:com.google.android.gms@17785022@17.7.85 (040700-253824076):2)
07-03 19:17:52.316  1970  2307 W MessageQueue: 	at rpj.a(:com.google.android.gms@17785022@17.7.85 (040700-253824076):3)
07-03 19:17:52.316  1970  2307 W MessageQueue: 	at rpj.a(:com.google.android.gms@17785022@17.7.85 (040700-253824076):2)
07-03 19:17:52.316  1970  2307 W MessageQueue: 	at agos.a(Unknown Source:2)
07-03 19:17:52.316  1970  2307 W MessageQueue: 	at rnt.a(Unknown Source:11)
07-03 19:17:52.316  1970  2307 W MessageQueue: 	at aamg.a(:com.google.android.gms@17785022@17.7.85 (040700-253824076):1)
07-03 19:17:52.316  1970  2307 W MessageQueue: 	at cwm.onTransact(:com.google.android.gms@17785022@17.7.85 (040700-253824076):4)
07-03 19:17:52.316  1970  2307 W MessageQueue: 	at android.os.Binder.execTransact(Binder.java:697)
07-03 19:17:52.411 10677 10711 I WorkerManager: dispose()
07-03 19:17:52.413 10677 10711 W ThreadPoolDumper: Queue length for executor EventBus is now 11. Perhaps some tasks are too long, or the pool is too small.
07-03 19:17:52.688 14699 14699 I net.osmand: RoutingHelper Recalculate route, because correlation  : 214.74408039865548
07-03 19:17:52.786 14699 14699 I net.osmand: RoutingHelper Recalculate route, because correlation  : 214.74408039865548
07-03 19:17:52.787 14699 14699 I net.osmand: RoutingHelper Recalculate route, because wrong movement direction: 246.21614
07-03 19:17:52.859 14699 14699 I net.osmand: RoutingHelper Recalculate route, because correlation  : 214.74408039865548
07-03 19:17:52.859 14699 14699 I net.osmand: RoutingHelper Recalculate route, because wrong movement direction: 246.21614
07-03 19:17:52.930 14699 14699 I net.osmand: RoutingHelper Recalculate route, because correlation  : 214.74408039865548
07-03 19:17:53.010  1604  1617 E memtrack: Couldn't load memtrack module
07-03 19:17:53.010  1604  1617 W android.os.Debug: failed to get memory consumption info: -1
07-03 19:17:53.081  1604  3883 I ActivityManager: Start proc 21722:android.process.media/u0a9 for content provider com.android.providers.downloads/.DownloadProvider
07-03 19:17:53.082  1604  3883 W ActivityManager: Slow operation: 51ms so far, now at getContentProviderImpl: after start process
07-03 19:17:53.082  1604  3883 W ActivityManager: Slow operation: 51ms so far, now at getContentProviderImpl: updating data structures
07-03 19:17:53.084  1604  3883 W ActivityManager: Slow operation: 52ms so far, now at getContentProviderImpl: done!
07-03 19:17:53.140 21722 21722 W zygote  : Unexpected CPU variant for X86 using defaults: x86
07-03 19:17:53.240 21722 21722 I zygote  : The ClassLoaderContext is a special shared library.
07-03 19:17:53.361 21722 21722 I zygote  : The ClassLoaderContext is a special shared library.
07-03 19:17:53.454 14699 14709 I zygote  : Background concurrent copying GC freed 912750(20MB) AllocSpace objects, 0(0B) LOS objects, 13% free, 39MB/45MB, paused 1.149ms total 1.970s
07-03 19:17:53.757  1604  1617 E memtrack: Couldn't load memtrack module
07-03 19:17:53.757  1604  1617 W android.os.Debug: failed to get memory consumption info: -1
07-03 19:17:53.771 21588 21588 I Finsky  : [2] lcf.a(4): Installer: Installer starting, recovering 0 running downloads
07-03 19:17:53.773 21588 21715 I Finsky  : [1742] lcs.run(2): Installer: Installer starting, cleaning up sessions.
07-03 19:17:53.773 21588 21715 I Finsky  : [1742] lcs.run(4): Installer: Installer started.
07-03 19:17:53.802 21588 21588 I Finsky  : [2] lac.a(265): Installer: found apps to install. apps=[]
07-03 19:17:53.841 21588 21588 I Finsky  : [2] qtv.a(3): Canceling job 3-151
07-03 19:17:53.855 21588 21588 I Finsky  : [2] qtj.b(7): Jobs in database: 1-1337 3-152 3-153 24-77777777 26-1414141414 29-29 
07-03 19:17:53.894 21588 21588 I Finsky  : [2] qqq.a(113): ConstraintMapping: 24-77777777,  -> L: 0ms, D: 53176362ms, C: false, I: true, N: 0
07-03 19:17:53.895 21588 21588 I Finsky  : [2] qqq.a(113): ConstraintMapping: 1-1337,  -> L: 0ms, D: 24707380ms, C: false, I: false, N: 1
07-03 19:17:53.895 21588 21588 I Finsky  : [2] qqq.a(113): ConstraintMapping: 3-152, 3-153,  -> L: 0ms, D: 71739348ms, C: true, I: false, N: 2
07-03 19:17:53.898 21588 21588 I Finsky  : [2] qqq.a(113): ConstraintMapping: 26-1414141414, 29-29,  -> L: 25009ms, D: 55009ms, C: false, I: false, N: 0
07-03 19:17:53.900 21588 21588 I Finsky  : [2] com.google.android.finsky.scheduler.JobSchedulerEngine.a(42): Cancelling existing job with id: 9000
07-03 19:17:53.912 21588 21588 I Finsky  : [2] com.google.android.finsky.scheduler.JobSchedulerEngine.a(42): Cancelling existing job with id: 9005
07-03 19:17:53.928 21588 21588 I Finsky  : [2] com.google.android.finsky.scheduler.JobSchedulerEngine.a(42): Cancelling existing job with id: 9001
07-03 19:17:53.939 21588 21588 I Finsky  : [2] com.google.android.finsky.scheduler.JobSchedulerEngine.a(42): Cancelling existing job with id: 9006
07-03 19:17:53.975 21588 21588 I Finsky  : [2] com.google.android.finsky.scheduler.JobSchedulerEngine.a(42): Cancelling existing job with id: 9009
07-03 19:17:54.000 21588 21588 I Finsky  : [2] com.google.android.finsky.scheduler.JobSchedulerEngine.a(4): Scheduling job Id: 9002, L: 0, D: 53176362, C: false, I: true, N: 0
07-03 19:17:54.001 21588 21588 I Finsky  : [2] com.google.android.finsky.scheduler.JobSchedulerEngine.a(4): Scheduling job Id: 9003, L: 0, D: 24707380, C: false, I: false, N: 1
07-03 19:17:54.005 21588 21588 I Finsky  : [2] com.google.android.finsky.scheduler.JobSchedulerEngine.a(4): Scheduling job Id: 9004, L: 0, D: 71739348, C: true, I: false, N: 2
07-03 19:17:54.007 21588 21588 I Finsky  : [2] com.google.android.finsky.scheduler.JobSchedulerEngine.a(4): Scheduling job Id: 9007, L: 25009, D: 55009, C: false, I: false, N: 0
07-03 19:17:54.038 21588 21588 I Finsky  : [2] qtv.a(3): Canceling job 3-152
07-03 19:17:54.048 21588 21588 I Finsky  : [2] qtj.b(7): Jobs in database: 1-1337 3-153 24-77777777 26-1414141414 29-29 
07-03 19:17:54.067 21588 21588 I Finsky  : [2] qqq.a(113): ConstraintMapping: 24-77777777,  -> L: 0ms, D: 53176199ms, C: false, I: true, N: 0
07-03 19:17:54.068 21588 21588 I Finsky  : [2] qqq.a(113): ConstraintMapping: 1-1337,  -> L: 0ms, D: 24707187ms, C: false, I: false, N: 1
07-03 19:17:54.069 21588 21588 I Finsky  : [2] qqq.a(113): ConstraintMapping: 3-153,  -> L: 0ms, D: 71739296ms, C: true, I: false, N: 2
07-03 19:17:54.070 21588 21588 I Finsky  : [2] qqq.a(113): ConstraintMapping: 26-1414141414, 29-29,  -> L: 24846ms, D: 54846ms, C: false, I: false, N: 0
07-03 19:17:54.077 21588 21588 I Finsky  : [2] com.google.android.finsky.scheduler.JobSchedulerEngine.a(42): Cancelling existing job with id: 9002
07-03 19:17:54.101 21588 21588 I Finsky  : [2] com.google.android.finsky.scheduler.JobSchedulerEngine.a(42): Cancelling existing job with id: 9003
07-03 19:17:54.104 21588 21588 I Finsky  : [2] com.google.android.finsky.scheduler.JobSchedulerEngine.a(42): Cancelling existing job with id: 9004
07-03 19:17:54.108 14699 14699 I net.osmand: RoutingHelper Recalculate route, because correlation  : 214.74408039865548
07-03 19:17:54.108 14699 14699 I net.osmand: RoutingHelper Recalculate route, because wrong movement direction: 246.21614
