06-30 21:02:40.635  2180  5604 W Conscrypt: 	at com.google.android.gms.org.conscrypt.ConscryptFileDescriptorSocket.setSoWriteTimeout(:com.google.android.gms@17785022@17.7.85 (040700-253824076):2)
06-30 21:02:40.807  2180  5604 W Conscrypt: Could not set socket write timeout: java.net.SocketException: Socket closed
06-30 21:02:40.807  2180  5604 W Conscrypt: 	at com.google.android.gms.org.conscrypt.Platform.setSocketWriteTimeout(:com.google.android.gms@17785022@17.7.85 (040700-253824076):2)
06-30 21:02:40.807  2180  5604 W Conscrypt: 	at com.google.android.gms.org.conscrypt.ConscryptFileDescriptorSocket.setSoWriteTimeout(:com.google.android.gms@17785022@17.7.85 (040700-253824076):2)
06-30 21:02:41.828  3171  3184 I zygote  : Background concurrent copying GC freed 366148(8MB) AllocSpace objects, 0(0B) LOS objects, 19% free, 24MB/30MB, paused 1.897ms total 297.729ms
06-30 21:02:41.841  1604  3545 D WificondControl: Scan result ready event
06-30 21:02:41.909  1604  3545 I WifiService: releaseWifiLock uid=10014
06-30 21:02:43.888  3171  3184 I zygote  : Background concurrent copying GC freed 449028(9MB) AllocSpace objects, 0(0B) LOS objects, 20% free, 23MB/29MB, paused 1.368ms total 278.216ms
06-30 21:02:44.362  1604  1617 E memtrack: Couldn't load memtrack module
06-30 21:02:44.362  1604  1617 W android.os.Debug: failed to get memory consumption info: -1
06-30 21:02:44.868  3171  3184 I zygote  : Background concurrent copying GC freed 382748(8MB) AllocSpace objects, 0(0B) LOS objects, 20% free, 23MB/29MB, paused 4.549ms total 240.841ms
06-30 21:02:45.884  3171  3184 I zygote  : Background concurrent copying GC freed 361706(7MB) AllocSpace objects, 0(0B) LOS objects, 20% free, 23MB/29MB, paused 1.904ms total 244.793ms
06-30 21:02:46.878  3171  3184 I zygote  : Background concurrent copying GC freed 369049(8MB) AllocSpace objects, 0(0B) LOS objects, 20% free, 23MB/29MB, paused 961us total 240.483ms
06-30 21:02:47.894  3171  3184 I zygote  : Background concurrent copying GC freed 368811(8MB) AllocSpace objects, 0(0B) LOS objects, 22% free, 21MB/27MB, paused 1.162ms total 215.031ms
06-30 21:02:49.113  3171  3184 I zygote  : Background concurrent copying GC freed 293176(6MB) AllocSpace objects, 0(0B) LOS objects, 22% free, 20MB/26MB, paused 911us total 186.473ms
06-30 21:02:50.282  3171  3184 I zygote  : Background concurrent copying GC freed 270550(6MB) AllocSpace objects, 0(0B) LOS objects, 20% free, 22MB/28MB, paused 902us total 233.829ms
06-30 21:02:51.450  3171  3184 I zygote  : Background concurrent copying GC freed 351855(7MB) AllocSpace objects, 0(0B) LOS objects, 20% free, 22MB/28MB, paused 3.272ms total 252.339ms
06-30 21:02:52.730  3171  3184 I zygote  : Background concurrent copying GC freed 360385(7MB) AllocSpace objects, 0(0B) LOS objects, 19% free, 24MB/30MB, paused 2.285ms total 297.335ms
06-30 21:02:53.859  3171  3184 I zygote  : Background concurrent copying GC freed 453365(9MB) AllocSpace objects, 0(0B) LOS objects, 21% free, 21MB/27MB, paused 994us total 177.696ms
06-30 21:02:55.093  3171  3184 I zygote  : Background concurrent copying GC freed 298701(6MB) AllocSpace objects, 0(0B) LOS objects, 20% free, 22MB/28MB, paused 762us total 200.681ms
06-30 21:02:56.262  3171  3184 I zygote  : Background concurrent copying GC freed 352862(7MB) AllocSpace objects, 0(0B) LOS objects, 20% free, 23MB/29MB, paused 2.716ms total 214.558ms
06-30 21:02:56.354  1604  1621 E BatteryExternalStatsWorker: modem info is invalid: ModemActivityInfo{ mTimestamp=0 mSleepTimeMs=0 mIdleTimeMs=0 mTxTimeMs[]=[0, 0, 0, 0, 0] mRxTimeMs=0 mEnergyUsed=0}
06-30 21:02:57.438  3171  3184 I zygote  : Background concurrent copying GC freed 360792(7MB) AllocSpace objects, 0(0B) LOS objects, 20% free, 23MB/29MB, paused 776us total 211.927ms
06-30 21:02:58.760  3171  3184 I zygote  : Background concurrent copying GC freed 364477(8MB) AllocSpace objects, 0(0B) LOS objects, 19% free, 24MB/30MB, paused 1.007ms total 304.613ms
06-30 21:02:58.868  1604  4218 I WifiService: acquireWifiLock uid=10014 lockMode=2
06-30 21:02:58.934  1604  4218 I WifiService: releaseWifiLock uid=10014
06-30 21:02:59.979  3171  3184 I zygote  : Background concurrent copying GC freed 458118(10MB) AllocSpace objects, 0(0B) LOS objects, 20% free, 23MB/29MB, paused 1.058ms total 259.880ms
06-30 21:03:01.065  3171  3184 I zygote  : Background concurrent copying GC freed 366492(8MB) AllocSpace objects, 0(0B) LOS objects, 20% free, 23MB/29MB, paused 748us total 188.004ms
06-30 21:03:01.371  1604  1621 I WifiService: requestActivityInfo uid=1000
06-30 21:03:01.371  1604  1621 I WifiService: reportActivityInfo uid=1000
06-30 21:03:01.371  1604  1621 I WifiService: getSupportedFeatures uid=1000
06-30 21:03:02.285  3171  3184 I zygote  : Background concurrent copying GC freed 366847(8MB) AllocSpace objects, 0(0B) LOS objects, 20% free, 23MB/29MB, paused 740us total 210.530ms
06-30 21:03:02.903  1410  1410 I boot-pipe: done populating /dev/random
06-30 21:03:03.381  3171  3184 I zygote  : Background concurrent copying GC freed 365768(8MB) AllocSpace objects, 0(0B) LOS objects, 20% free, 23MB/29MB, paused 1.469ms total 201.631ms
06-30 21:03:03.591  3171  3171 D net.osmand: DayNightHelper Sunrise/sunset setting to day: false
06-30 21:03:04.517  3171  3184 I zygote  : Background concurrent copying GC freed 366167(8MB) AllocSpace objects, 0(0B) LOS objects, 20% free, 23MB/29MB, paused 744us total 216.052ms
06-30 21:03:05.799  3171  3184 I zygote  : Background concurrent copying GC freed 371364(8MB) AllocSpace objects, 0(0B) LOS objects, 18% free, 27MB/33MB, paused 946us total 302.046ms
06-30 21:03:07.093  3171  3184 I zygote  : Background concurrent copying GC freed 551639(12MB) AllocSpace objects, 0(0B) LOS objects, 22% free, 21MB/27MB, paused 9.429ms total 260.649ms
06-30 21:03:08.144  3171  3184 I zygote  : Background concurrent copying GC freed 286243(6MB) AllocSpace objects, 0(0B) LOS objects, 20% free, 22MB/28MB, paused 822us total 200.082ms
06-30 21:03:09.372  3171  3184 I zygote  : Background concurrent copying GC freed 349641(7MB) AllocSpace objects, 0(0B) LOS objects, 20% free, 23MB/29MB, paused 1.528ms total 245.433ms
06-30 21:03:10.552  3171  3184 I zygote  : Background concurrent copying GC freed 369220(8MB) AllocSpace objects, 0(0B) LOS objects, 20% free, 23MB/29MB, paused 765us total 219.437ms
06-30 21:03:11.791  3171  3184 I zygote  : Background concurrent copying GC freed 368713(8MB) AllocSpace objects, 0(0B) LOS objects, 18% free, 26MB/32MB, paused 1.350ms total 323.562ms
06-30 21:03:13.996  3171  3184 I zygote  : Background concurrent copying GC freed 537326(11MB) AllocSpace objects, 0(0B) LOS objects, 18% free, 25MB/31MB, paused 1.080ms total 359.074ms
06-30 21:03:14.918  3171  3184 I zygote  : Background concurrent copying GC freed 493873(10MB) AllocSpace objects, 0(0B) LOS objects, 22% free, 20MB/26MB, paused 1.079ms total 166.984ms
06-30 21:03:15.873  3171  3184 I zygote  : Background concurrent copying GC freed 264070(5MB) AllocSpace objects, 0(0B) LOS objects, 20% free, 22MB/28MB, paused 1.251ms total 198.174ms
06-30 21:03:16.863  3171  3184 I zygote  : Background concurrent copying GC freed 352610(7MB) AllocSpace objects, 0(0B) LOS objects, 20% free, 22MB/28MB, paused 925us total 227.434ms
06-30 21:03:17.938  3171  3184 I zygote  : Background concurrent copying GC freed 366833(8MB) AllocSpace objects, 0(0B) LOS objects, 22% free, 21MB/27MB, paused 2.293ms total 222.542ms
06-30 21:03:18.888  1604  4624 I WifiService: acquireWifiLock uid=10014 lockMode=2
06-30 21:03:18.900  1604  1617 E memtrack: Couldn't load memtrack module
06-30 21:03:18.900  1604  1617 W android.os.Debug: failed to get memory consumption info: -1
06-30 21:03:19.159  3171  3184 I zygote  : Background concurrent copying GC freed 298641(6MB) AllocSpace objects, 0(0B) LOS objects, 22% free, 20MB/26MB, paused 1.114ms total 199.148ms
06-30 21:03:19.666  1403  1418 D hwcomposer: hw_composer sent 252 syncs in 60s
06-30 21:03:20.235  3171  3184 I zygote  : Background concurrent copying GC freed 274101(6MB) AllocSpace objects, 0(0B) LOS objects, 21% free, 22MB/28MB, paused 1.765ms total 238.466ms
06-30 21:03:21.575  3171  3184 I zygote  : Background concurrent copying GC freed 335940(7MB) AllocSpace objects, 0(0B) LOS objects, 20% free, 23MB/29MB, paused 1.170ms total 302.512ms
06-30 21:03:21.901  1760  1760 I wpa_supplicant: nl80211: send_and_recv->nl_recvmsgs failed: -33
06-30 21:03:21.901  1604  4624 D WificondControl: Scan result ready event
06-30 21:03:21.959  1604  3158 I WifiService: releaseWifiLock uid=10014
06-30 21:03:22.818  3171  3184 I zygote  : Background concurrent copying GC freed 378559(8MB) AllocSpace objects, 0(0B) LOS objects, 19% free, 24MB/30MB, paused 1.435ms total 313.119ms
06-30 21:03:25.041  3171  3184 I zygote  : Background concurrent copying GC freed 443545(9MB) AllocSpace objects, 0(0B) LOS objects, 19% free, 25MB/31MB, paused 1.820ms total 393.260ms
06-30 21:03:25.988  3171  3184 I zygote  : Background concurrent copying GC freed 470567(10MB) AllocSpace objects, 0(0B) LOS objects, 22% free, 20MB/26MB, paused 1.853ms total 230.455ms
06-30 21:03:26.939  3171  3184 I zygote  : Background concurrent copying GC freed 286646(6MB) AllocSpace objects, 0(0B) LOS objects, 20% free, 22MB/28MB, paused 948us total 247.126ms
06-30 21:03:27.911  3171  3184 I zygote  : Background concurrent copying GC freed 343599(7MB) AllocSpace objects, 0(0B) LOS objects, 20% free, 23MB/29MB, paused 2.408ms total 258.664ms
06-30 21:03:30.124  3171  3184 I zygote  : Background concurrent copying GC freed 368484(8MB) AllocSpace objects, 0(0B) LOS objects, 18% free, 26MB/32MB, paused 900us total 456.933ms
06-30 21:03:31.468  3171  3184 I zygote  : Background concurrent copying GC freed 520330(11MB) AllocSpace objects, 0(0B) LOS objects, 20% free, 23MB/29MB, paused 1.465ms total 277.587ms
06-30 21:03:32.790  3171  3184 I zygote  : Background concurrent copying GC freed 399443(8MB) AllocSpace objects, 0(0B) LOS objects, 18% free, 26MB/32MB, paused 2.345ms total 353.509ms
06-30 21:03:33.506  1604  3545 I WifiService: getConnectionInfo uid=10014
06-30 21:03:33.520  1604  1621 I WifiService: requestActivityInfo uid=1000
06-30 21:03:33.520  1604  1621 I WifiService: reportActivityInfo uid=1000
06-30 21:03:33.520  1604  1621 I WifiService: getSupportedFeatures uid=1000
06-30 21:03:33.697  1604  1613 I zygote  : Background concurrent copying GC freed 63563(2MB) AllocSpace objects, 0(0B) LOS objects, 30% free, 13MB/19MB, paused 915us total 190.736ms
06-30 21:03:33.814  1604  4624 I WifiService: getConnectionInfo uid=10014
06-30 21:03:34.954  3171  3184 I zygote  : Background concurrent copying GC freed 518704(11MB) AllocSpace objects, 0(0B) LOS objects, 20% free, 23MB/29MB, paused 1.223ms total 298.997ms
06-30 21:03:35.924  3171  3184 I zygote  : Background concurrent copying GC freed 392130(8MB) AllocSpace objects, 0(0B) LOS objects, 20% free, 23MB/29MB, paused 1.469ms total 269.045ms
06-30 21:03:36.913  3171  3184 I zygote  : Background concurrent copying GC freed 378697(8MB) AllocSpace objects, 0(0B) LOS objects, 20% free, 22MB/28MB, paused 1.018ms total 252.844ms
06-30 21:03:37.909  3171  3184 I zygote  : Background concurrent copying GC freed 355363(7MB) AllocSpace objects, 0(0B) LOS objects, 22% free, 21MB/27MB, paused 939us total 205.852ms
06-30 21:03:39.927  1604  3545 I WifiService: acquireWifiLock uid=10014 lockMode=2
06-30 21:03:40.069  1604  4218 I WifiService: releaseWifiLock uid=10014
06-30 21:03:40.110  3171  3184 I zygote  : Background concurrent copying GC freed 304591(6MB) AllocSpace objects, 0(0B) LOS objects, 19% free, 24MB/30MB, paused 897us total 390.863ms
06-30 21:03:41.006  3171  3184 I zygote  : Background concurrent copying GC freed 414868(9MB) AllocSpace objects, 0(0B) LOS objects, 21% free, 21MB/27MB, paused 6.734ms total 243.395ms
06-30 21:03:41.964  3171  3184 I zygote  : Background concurrent copying GC freed 294520(6MB) AllocSpace objects, 0(0B) LOS objects, 20% free, 23MB/29MB, paused 1.725ms total 254.250ms
06-30 21:03:42.910  1604  3139 D WificondControl: Scan result ready event
06-30 21:03:42.954  3171  3184 I zygote  : Background concurrent copying GC freed 351321(7MB) AllocSpace objects, 0(0B) LOS objects, 20% free, 23MB/29MB, paused 1.086ms total 260.829ms
06-30 21:03:44.030  3171  3184 I zygote  : Background concurrent copying GC freed 374382(8MB) AllocSpace objects, 0(0B) LOS objects, 22% free, 21MB/27MB, paused 914us total 218.976ms
06-30 21:03:45.169  3171  3184 I zygote  : Background concurrent copying GC freed 295778(6MB) AllocSpace objects, 0(0B) LOS objects, 22% free, 20MB/26MB, paused 973us total 197.112ms
06-30 21:03:46.412  3171  3184 I zygote  : Background concurrent copying GC freed 274610(6MB) AllocSpace objects, 0(0B) LOS objects, 20% free, 22MB/28MB, paused 966us total 237.373ms
06-30 21:03:47.763  3171  3184 I zygote  : Background concurrent copying GC freed 345973(7MB) AllocSpace objects, 0(0B) LOS objects, 18% free, 25MB/31MB, paused 1.251ms total 425.105ms
06-30 21:03:48.822  1604  1621 I WifiService: requestActivityInfo uid=1000
06-30 21:03:48.822  1604  1621 I WifiService: reportActivityInfo uid=1000
06-30 21:03:48.822  1604  1621 I WifiService: getSupportedFeatures uid=1000
06-30 21:03:48.949  3171  3184 I zygote  : Background concurrent copying GC freed 493920(10MB) AllocSpace objects, 0(0B) LOS objects, 21% free, 22MB/28MB, paused 1.773ms total 255.686ms
06-30 21:03:50.124  3171  3184 I zygote  : Background concurrent copying GC freed 332951(7MB) AllocSpace objects, 0(0B) LOS objects, 22% free, 21MB/27MB, paused 1.098ms total 205.830ms
06-30 21:03:51.366  3171  3184 I zygote  : Background concurrent copying GC freed 302983(6MB) AllocSpace objects, 0(0B) LOS objects, 20% free, 22MB/28MB, paused 1.874ms total 266.532ms
06-30 21:03:52.526  3171  3184 I zygote  : Background concurrent copying GC freed 335219(7MB) AllocSpace objects, 0(0B) LOS objects, 20% free, 23MB/29MB, paused 897us total 242.583ms
06-30 21:03:53.845  3171  3184 I zygote  : Background concurrent copying GC freed 368651(8MB) AllocSpace objects, 0(0B) LOS objects, 19% free, 25MB/31MB, paused 913us total 333.055ms
06-30 21:03:56.131  3171  3184 I zygote  : Background concurrent copying GC freed 464245(10MB) AllocSpace objects, 0(0B) LOS objects, 18% free, 26MB/32MB, paused 1.927ms total 430.205ms
06-30 21:03:57.377  3171  3184 I zygote  : Background concurrent copying GC freed 532429(11MB) AllocSpace objects, 0(0B) LOS objects, 20% free, 23MB/29MB, paused 1.172ms total 248.887ms
06-30 21:03:58.607  3171  3184 I zygote  : Background concurrent copying GC freed 375492(8MB) AllocSpace objects, 0(0B) LOS objects, 20% free, 23MB/29MB, paused 1.046ms total 275.444ms
06-30 21:03:59.826  3171  3184 I zygote  : Background concurrent copying GC freed 376174(8MB) AllocSpace objects, 0(0B) LOS objects, 20% free, 23MB/29MB, paused 1.260ms total 258.391ms
06-30 21:03:59.949  1604  3139 I WifiService: acquireWifiLock uid=10014 lockMode=2
06-30 21:03:59.956  1604  1617 E memtrack: Couldn't load memtrack module
06-30 21:03:59.959  1604  1617 W android.os.Debug: failed to get memory consumption info: -1
06-30 21:04:00.003  1604  3139 I WifiService: releaseWifiLock uid=10014
06-30 21:04:00.096  1604  1617 E memtrack: Couldn't load memtrack module
06-30 21:04:00.096  1604  1617 W android.os.Debug: failed to get memory consumption info: -1
06-30 21:04:01.072  3171  3184 I zygote  : Background concurrent copying GC freed 364858(8MB) AllocSpace objects, 0(0B) LOS objects, 22% free, 21MB/27MB, paused 961us total 202.158ms
06-30 21:04:02.276  3171  3184 I zygote  : Background concurrent copying GC freed 296373(6MB) AllocSpace objects, 0(0B) LOS objects, 20% free, 22MB/28MB, paused 1.133ms total 250.949ms
06-30 21:04:02.904  1410  1410 I boot-pipe: done populating /dev/random
06-30 21:04:03.453  3171  3184 I zygote  : Background concurrent copying GC freed 339050(7MB) AllocSpace objects, 0(0B) LOS objects, 20% free, 23MB/29MB, paused 961us total 295.220ms
06-30 21:04:03.621  3171  3171 D net.osmand: DayNightHelper Sunrise/sunset setting to day: false
06-30 21:04:04.652  3171  3184 I zygote  : Background concurrent copying GC freed 369497(8MB) AllocSpace objects, 0(0B) LOS objects, 20% free, 23MB/29MB, paused 3.253ms total 286.031ms
06-30 21:04:05.812  3171  3184 I zygote  : Background concurrent copying GC freed 363747(8MB) AllocSpace objects, 0(0B) LOS objects, 19% free, 24MB/30MB, paused 2.586ms total 243.675ms
06-30 21:04:07.095  3171  3184 I zygote  : Background concurrent copying GC freed 419133(9MB) AllocSpace objects, 0(0B) LOS objects, 21% free, 22MB/28MB, paused 970us total 227.948ms
06-30 21:04:08.338  3171  3184 I zygote  : Background concurrent copying GC freed 319391(7MB) AllocSpace objects, 0(0B) LOS objects, 20% free, 23MB/29MB, paused 1.315ms total 288.367ms
06-30 21:04:09.528  3171  3184 I zygote  : Background concurrent copying GC freed 361177(8MB) AllocSpace objects, 0(0B) LOS objects, 20% free, 23MB/29MB, paused 1.778ms total 270.110ms
06-30 21:04:10.753  3171  3184 I zygote  : Background concurrent copying GC freed 371251(8MB) AllocSpace objects, 0(0B) LOS objects, 19% free, 25MB/31MB, paused 1.159ms total 313.255ms
06-30 21:04:12.036  3171  3184 I zygote  : Background concurrent copying GC freed 458393(10MB) AllocSpace objects, 0(0B) LOS objects, 20% free, 23MB/29MB, paused 2.172ms total 259.543ms
06-30 21:04:13.157  3171  3184 I zygote  : Background concurrent copying GC freed 365977(8MB) AllocSpace objects, 0(0B) LOS objects, 22% free, 21MB/27MB, paused 910us total 213.090ms
06-30 21:04:14.348  3171  3184 I zygote  : Background concurrent copying GC freed 297799(6MB) AllocSpace objects, 0(0B) LOS objects, 20% free, 22MB/28MB, paused 913us total 234.595ms
06-30 21:04:15.533  3171  3184 I zygote  : Background concurrent copying GC freed 336012(7MB) AllocSpace objects, 0(0B) LOS objects, 20% free, 23MB/29MB, paused 1.403ms total 262.358ms
06-30 21:04:16.681  3171  3184 I zygote  : Background concurrent copying GC freed 378348(8MB) AllocSpace objects, 0(0B) LOS objects, 20% free, 23MB/29MB, paused 939us total 209.504ms
06-30 21:04:17.941  3171  3184 I zygote  : Background concurrent copying GC freed 403318(8MB) AllocSpace objects, 0(0B) LOS objects, 21% free, 22MB/28MB, paused 932us total 210.517ms
06-30 21:04:19.204  3171  3184 I zygote  : Background concurrent copying GC freed 329397(7MB) AllocSpace objects, 0(0B) LOS objects, 20% free, 22MB/28MB, paused 1.015ms total 259.177ms
06-30 21:04:19.703  1403  1418 D hwcomposer: hw_composer sent 240 syncs in 60s
06-30 21:04:19.962  1604  4218 I WifiService: acquireWifiLock uid=10014 lockMode=2
06-30 21:04:20.397  3171  3184 I zygote  : Background concurrent copying GC freed 358180(7MB) AllocSpace objects, 0(0B) LOS objects, 20% free, 23MB/29MB, paused 986us total 262.870ms
06-30 21:04:21.604  3171  3184 I zygote  : Background concurrent copying GC freed 366674(8MB) AllocSpace objects, 0(0B) LOS objects, 20% free, 23MB/29MB, paused 3.589ms total 275.268ms
06-30 21:04:22.630  1970  1980 I zygote  : Background concurrent copying GC freed 141369(6MB) AllocSpace objects, 0(0B) LOS objects, 43% free, 7MB/13MB, paused 1.135ms total 127.923ms
06-30 21:04:22.912  3171  3184 I zygote  : Background concurrent copying GC freed 369438(8MB) AllocSpace objects, 0(0B) LOS objects, 19% free, 25MB/31MB, paused 5.484ms total 375.583ms
06-30 21:04:22.951  1604  3158 D WificondControl: Scan result ready event
06-30 21:04:22.989  1604  3139 I WifiService: releaseWifiLock uid=10014
06-30 21:04:25.017  3171  3184 I zygote  : Background concurrent copying GC freed 462080(10MB) AllocSpace objects, 0(0B) LOS objects, 20% free, 22MB/28MB, paused 3.382ms total 339.304ms
06-30 21:04:25.966  3171  3184 I zygote  : Background concurrent copying GC freed 359742(7MB) AllocSpace objects, 0(0B) LOS objects, 20% free, 23MB/29MB, paused 1.111ms total 277.732ms
06-30 21:04:26.922  3171  3184 I zygote  : Background concurrent copying GC freed 360870(7MB) AllocSpace objects, 0(0B) LOS objects, 20% free, 23MB/29MB, paused 978us total 236.266ms
06-30 21:04:27.027  2799  2830 I Finsky  : [131] imb.run(3): Stats for Executor: BlockingExecutor ink@4fcda2c[Running, pool size = 0, active threads = 0, queued tasks = 0, completed tasks = 17]
06-30 21:04:27.028  2799  2830 I Finsky  : [131] imb.run(3): Stats for Executor: LightweightExecutor ink@42a7cf5[Running, pool size = 2, active threads = 0, queued tasks = 0, completed tasks = 61]
06-30 21:04:27.931  3171  3184 I zygote  : Background concurrent copying GC freed 366850(8MB) AllocSpace objects, 0(0B) LOS objects, 22% free, 21MB/27MB, paused 1.893ms total 202.803ms
06-30 21:04:28.451  2799  2830 I Finsky  : [131] imb.run(3): Stats for Executor: bgExecutor ink@4f2f371[Running, pool size = 4, active threads = 0, queued tasks = 0, completed tasks = 36]
06-30 21:04:30.085  3171  3184 I zygote  : Background concurrent copying GC freed 295076(6MB) AllocSpace objects, 0(0B) LOS objects, 19% free, 24MB/30MB, paused 899us total 351.519ms
06-30 21:04:31.004  3171  3184 I zygote  : Background concurrent copying GC freed 440681(9MB) AllocSpace objects, 0(0B) LOS objects, 22% free, 21MB/27MB, paused 8.648ms total 234.715ms
06-30 21:04:31.988  3171  3184 I zygote  : Background concurrent copying GC freed 291099(6MB) AllocSpace objects, 0(0B) LOS objects, 20% free, 22MB/28MB, paused 1.114ms total 263.297ms
06-30 21:04:32.963  3171  3184 I zygote  : Background concurrent copying GC freed 347324(7MB) AllocSpace objects, 0(0B) LOS objects, 20% free, 23MB/29MB, paused 902us total 251.423ms
06-30 21:04:35.092  3171  3184 I zygote  : Background concurrent copying GC freed 366329(8MB) AllocSpace objects, 0(0B) LOS objects, 18% free, 26MB/32MB, paused 1.351ms total 388.733ms
06-30 21:04:36.292  3171  3184 I zygote  : Background concurrent copying GC freed 557357(12MB) AllocSpace objects, 0(0B) LOS objects, 20% free, 23MB/29MB, paused 3.551ms total 248.774ms
06-30 21:04:37.527  3171  3184 I zygote  : Background concurrent copying GC freed 359581(7MB) AllocSpace objects, 0(0B) LOS objects, 20% free, 23MB/29MB, paused 2.074ms total 278.522ms
06-30 21:04:38.855  3171  3184 I zygote  : Background concurrent copying GC freed 366157(8MB) AllocSpace objects, 0(0B) LOS objects, 18% free, 27MB/33MB, paused 1.367ms total 381.512ms
06-30 21:04:40.125  3171  3184 I zygote  : Background concurrent copying GC freed 549306(12MB) AllocSpace objects, 0(0B) LOS objects, 22% free, 21MB/27MB, paused 1.728ms total 211.317ms
06-30 21:04:41.058  1604  4624 I WifiService: acquireWifiLock uid=10014 lockMode=2
06-30 21:04:41.062  1604  1617 E memtrack: Couldn't load memtrack module
06-30 21:04:41.062  1604  1617 W android.os.Debug: failed to get memory consumption info: -1
06-30 21:04:41.219  1604  4218 I WifiService: releaseWifiLock uid=10014
06-30 21:04:41.454  3171  3184 I zygote  : Background concurrent copying GC freed 305295(6MB) AllocSpace objects, 0(0B) LOS objects, 20% free, 22MB/28MB, paused 1.392ms total 327.202ms
06-30 21:04:42.444  3171  3184 I zygote  : Background concurrent copying GC freed 343114(7MB) AllocSpace objects, 0(0B) LOS objects, 20% free, 22MB/28MB, paused 1.417ms total 255.495ms
06-30 21:04:43.763  3171  3184 I zygote  : Background concurrent copying GC freed 367077(8MB) AllocSpace objects, 0(0B) LOS objects, 19% free, 24MB/30MB, paused 3.238ms total 297.821ms
06-30 21:04:45.036  3171  3184 I zygote  : Background concurrent copying GC freed 452858(9MB) AllocSpace objects, 0(0B) LOS objects, 22% free, 21MB/27MB, paused 1.473ms total 216.912ms
06-30 21:04:46.272  3171  3184 I zygote  : Background concurrent copying GC freed 292226(6MB) AllocSpace objects, 0(0B) LOS objects, 20% free, 22MB/28MB, paused 2.002ms total 241.465ms
06-30 21:04:47.409  3171  3184 I zygote  : Background concurrent copying GC freed 348955(7MB) AllocSpace objects, 0(0B) LOS objects, 20% free, 23MB/29MB, paused 931us total 260.158ms
06-30 21:04:48.639  3171  3184 I zygote  : Background concurrent copying GC freed 364780(7MB) AllocSpace objects, 0(0B) LOS objects, 20% free, 23MB/29MB, paused 1.382ms total 285.946ms
06-30 21:04:49.917  3171  3184 I zygote  : Background concurrent copying GC freed 366650(8MB) AllocSpace objects, 0(0B) LOS objects, 19% free, 24MB/30MB, paused 4.261ms total 286.147ms
06-30 21:04:52.017  3171  3184 I zygote  : Background concurrent copying GC freed 439097(9MB) AllocSpace objects, 0(0B) LOS objects, 20% free, 23MB/29MB, paused 4.523ms total 310.458ms
06-30 21:04:52.972  3171  3184 I zygote  : Background concurrent copying GC freed 389161(8MB) AllocSpace objects, 0(0B) LOS objects, 20% free, 23MB/29MB, paused 1.104ms total 274.489ms
06-30 21:04:54.017  3171  3184 I zygote  : Background concurrent copying GC freed 369241(8MB) AllocSpace objects, 0(0B) LOS objects, 20% free, 23MB/29MB, paused 1.905ms total 299.311ms
06-30 21:04:54.998  3171  3184 I zygote  : Background concurrent copying GC freed 365196(8MB) AllocSpace objects, 0(0B) LOS objects, 20% free, 23MB/29MB, paused 4.092ms total 272.670ms
06-30 21:04:57.127  3171  3184 I zygote  : Background concurrent copying GC freed 367819(8MB) AllocSpace objects, 0(0B) LOS objects, 19% free, 25MB/31MB, paused 1.181ms total 402.330ms
06-30 21:04:57.894  1604  1613 I zygote  : Background concurrent copying GC freed 69001(2MB) AllocSpace objects, 6(396KB) LOS objects, 30% free, 13MB/19MB, paused 1.634ms total 229.879ms
06-30 21:04:58.113  3171  3184 I zygote  : Background concurrent copying GC freed 461946(10MB) AllocSpace objects, 0(0B) LOS objects, 22% free, 20MB/26MB, paused 1.176ms total 234.861ms
06-30 21:04:58.997  3171  3184 I zygote  : Background concurrent copying GC freed 284153(6MB) AllocSpace objects, 0(0B) LOS objects, 20% free, 22MB/28MB, paused 898us total 245.538ms
06-30 21:04:59.991  3171  3184 I zygote  : Background concurrent copying GC freed 348014(7MB) AllocSpace objects, 0(0B) LOS objects, 20% free, 23MB/29MB, paused 1.940ms total 272.087ms
06-30 21:05:01.072  1604  5450 I WifiService: acquireWifiLock uid=10014 lockMode=2
06-30 21:05:02.105  3171  3184 I zygote  : Background concurrent copying GC freed 368138(8MB) AllocSpace objects, 0(0B) LOS objects, 19% free, 25MB/31MB, paused 4.096ms total 379.216ms
06-30 21:05:02.906  1410  1410 I boot-pipe: done populating /dev/random
06-30 21:05:03.410  3171  3184 I zygote  : Background concurrent copying GC freed 454531(10MB) AllocSpace objects, 0(0B) LOS objects, 20% free, 23MB/29MB, paused 3.393ms total 259.491ms
06-30 21:05:03.652  3171  3171 D net.osmand: DayNightHelper Sunrise/sunset setting to day: false
06-30 21:05:04.050  1760  1760 I wpa_supplicant: nl80211: send_and_recv->nl_recvmsgs failed: -33
06-30 21:05:04.051  1604  5450 D WificondControl: Scan result ready event
06-30 21:05:04.098  1604  3158 I WifiService: releaseWifiLock uid=10014
06-30 21:05:04.644  3171  3184 I zygote  : Background concurrent copying GC freed 367277(8MB) AllocSpace objects, 0(0B) LOS objects, 20% free, 23MB/29MB, paused 1.414ms total 275.678ms
06-30 21:05:06.013  3171  3184 I zygote  : Background concurrent copying GC freed 371537(8MB) AllocSpace objects, 0(0B) LOS objects, 19% free, 25MB/31MB, paused 1.569ms total 392.288ms
06-30 21:05:07.257  3171  3184 I zygote  : Background concurrent copying GC freed 458602(10MB) AllocSpace objects, 0(0B) LOS objects, 22% free, 21MB/27MB, paused 1.292ms total 235.904ms
06-30 21:05:08.484  3171  3184 I zygote  : Background concurrent copying GC freed 287279(6MB) AllocSpace objects, 0(0B) LOS objects, 20% free, 22MB/28MB, paused 1.404ms total 289.804ms
06-30 21:05:09.590  3171  3184 I zygote  : Background concurrent copying GC freed 353115(7MB) AllocSpace objects, 0(0B) LOS objects, 20% free, 23MB/29MB, paused 4.141ms total 256.139ms
06-30 21:05:10.925  3171  3184 I zygote  : Background concurrent copying GC freed 368900(8MB) AllocSpace objects, 0(0B) LOS objects, 19% free, 25MB/31MB, paused 1.096ms total 349.576ms
06-30 21:05:13.079  3171  3184 I zygote  : Background concurrent copying GC freed 452635(10MB) AllocSpace objects, 0(0B) LOS objects, 19% free, 24MB/30MB, paused 3.225ms total 351.550ms
06-30 21:05:14.053  3171  3184 I zygote  : Background concurrent copying GC freed 446210(9MB) AllocSpace objects, 0(0B) LOS objects, 21% free, 21MB/27MB, paused 2.893ms total 247.131ms
06-30 21:05:14.995  3171  3184 I zygote  : Background concurrent copying GC freed 291166(6MB) AllocSpace objects, 0(0B) LOS objects, 20% free, 23MB/29MB, paused 896us total 258.553ms
06-30 21:05:15.952  3171  3184 I zygote  : Background concurrent copying GC freed 350184(7MB) AllocSpace objects, 0(0B) LOS objects, 21% free, 21MB/27MB, paused 970us total 216.780ms
06-30 21:05:18.161  3171  3184 I zygote  : Background concurrent copying GC freed 310371(6MB) AllocSpace objects, 0(0B) LOS objects, 18% free, 26MB/32MB, paused 1.212ms total 391.436ms
06-30 21:05:19.455  3171  3184 I zygote  : Background concurrent copying GC freed 524189(11MB) AllocSpace objects, 0(0B) LOS objects, 20% free, 23MB/29MB, paused 1.164ms total 270.571ms
06-30 21:05:20.410  1403  1418 D hwcomposer: hw_composer sent 234 syncs in 61s
06-30 21:05:20.653  3171  3184 I zygote  : Background concurrent copying GC freed 366991(8MB) AllocSpace objects, 0(0B) LOS objects, 20% free, 23MB/29MB, paused 1.715ms total 271.074ms
06-30 21:05:21.081  1604  3158 I WifiService: acquireWifiLock uid=10014 lockMode=2
06-30 21:05:21.086  1604  1617 E memtrack: Couldn't load memtrack module
06-30 21:05:21.086  1604  1617 W android.os.Debug: failed to get memory consumption info: -1
06-30 21:05:21.146  1604  3158 I WifiService: releaseWifiLock uid=10014
06-30 21:05:21.970  3171  3184 I zygote  : Background concurrent copying GC freed 365631(8MB) AllocSpace objects, 0(0B) LOS objects, 18% free, 27MB/33MB, paused 1.040ms total 362.388ms
06-30 21:05:23.147  3171  3184 I zygote  : Background concurrent copying GC freed 555316(12MB) AllocSpace objects, 0(0B) LOS objects, 22% free, 21MB/27MB, paused 1.089ms total 210.638ms
06-30 21:05:23.828  1604  4624 I WifiService: getConnectionInfo uid=10014
06-30 21:05:23.839  1604  1621 I WifiService: requestActivityInfo uid=1000
06-30 21:05:23.839  1604  1621 I WifiService: reportActivityInfo uid=1000
06-30 21:05:23.839  1604  1621 I WifiService: getSupportedFeatures uid=1000
06-30 21:05:24.114  1604  4624 I WifiService: getConnectionInfo uid=10014
06-30 21:05:24.344  3171  3184 I zygote  : Background concurrent copying GC freed 297238(6MB) AllocSpace objects, 0(0B) LOS objects, 20% free, 22MB/28MB, paused 1.261ms total 241.430ms
06-30 21:05:25.548  3171  3184 I zygote  : Background concurrent copying GC freed 336513(7MB) AllocSpace objects, 0(0B) LOS objects, 20% free, 23MB/29MB, paused 935us total 273.880ms
06-30 21:05:26.911  3171  3184 I zygote  : Background concurrent copying GC freed 370389(8MB) AllocSpace objects, 0(0B) LOS objects, 19% free, 25MB/31MB, paused 2.633ms total 388.641ms
06-30 21:05:28.171  3171  3184 I zygote  : Background concurrent copying GC freed 461417(10MB) AllocSpace objects, 0(0B) LOS objects, 22% free, 21MB/27MB, paused 1.054ms total 280.373ms
06-30 21:05:29.515  3171  3184 I zygote  : Background concurrent copying GC freed 288118(6MB) AllocSpace objects, 0(0B) LOS objects, 20% free, 22MB/28MB, paused 1.095ms total 312.807ms
06-30 21:05:30.697  3171  3184 I zygote  : Background concurrent copying GC freed 363152(8MB) AllocSpace objects, 0(0B) LOS objects, 20% free, 23MB/29MB, paused 3.646ms total 321.363ms
06-30 21:05:32.097  3171  3184 I zygote  : Background concurrent copying GC freed 403614(8MB) AllocSpace objects, 0(0B) LOS objects, 19% free, 24MB/30MB, paused 2.037ms total 443.139ms
06-30 21:05:34.003  3171  3184 I zygote  : Background concurrent copying GC freed 405695(8MB) AllocSpace objects, 0(0B) LOS objects, 20% free, 23MB/29MB, paused 1.167ms total 279.385ms
06-30 21:05:35.014  3171  3184 I zygote  : Background concurrent copying GC freed 371011(8MB) AllocSpace objects, 0(0B) LOS objects, 20% free, 23MB/29MB, paused 2.845ms total 297.918ms
06-30 21:05:36.022  3171  3184 I zygote  : Background concurrent copying GC freed 367270(8MB) AllocSpace objects, 0(0B) LOS objects, 20% free, 23MB/29MB, paused 3.234ms total 291.865ms
06-30 21:05:36.989  3171  3184 I zygote  : Background concurrent copying GC freed 354793(7MB) AllocSpace objects, 0(0B) LOS objects, 22% free, 21MB/27MB, paused 2.457ms total 223.280ms
06-30 21:05:38.152  3171  3184 I zygote  : Background concurrent copying GC freed 300053(6MB) AllocSpace objects, 0(0B) LOS objects, 22% free, 20MB/26MB, paused 910us total 188.576ms
06-30 21:05:39.139  1604  1621 I WifiService: requestActivityInfo uid=1000
06-30 21:05:39.139  1604  1621 I WifiService: reportActivityInfo uid=1000
06-30 21:05:39.139  1604  1621 I WifiService: getSupportedFeatures uid=1000
06-30 21:05:39.402  3171  3184 I zygote  : Background concurrent copying GC freed 273734(6MB) AllocSpace objects, 0(0B) LOS objects, 20% free, 22MB/28MB, paused 1.140ms total 305.599ms
06-30 21:05:40.610  3171  3184 I zygote  : Background concurrent copying GC freed 350506(7MB) AllocSpace objects, 0(0B) LOS objects, 20% free, 23MB/29MB, paused 1.106ms total 284.112ms
06-30 21:05:41.919  3171  3184 I zygote  : Background concurrent copying GC freed 368166(8MB) AllocSpace objects, 0(0B) LOS objects, 18% free, 26MB/32MB, paused 906us total 384.063ms
06-30 21:05:42.097  1604  3139 I WifiService: acquireWifiLock uid=10014 lockMode=2
06-30 21:05:44.064  3171  3184 I zygote  : Background concurrent copying GC freed 527458(11MB) AllocSpace objects, 0(0B) LOS objects, 20% free, 23MB/29MB, paused 1.125ms total 340.914ms
06-30 21:05:45.028  3171  3184 I zygote  : Background concurrent copying GC freed 406150(8MB) AllocSpace objects, 0(0B) LOS objects, 20% free, 22MB/28MB, paused 1.207ms total 256.017ms
06-30 21:05:45.092  1604  3158 D WificondControl: Scan result ready event
06-30 21:05:45.141  1604  4218 I WifiService: releaseWifiLock uid=10014
06-30 21:05:45.979  3171  3184 I zygote  : Background concurrent copying GC freed 342763(7MB) AllocSpace objects, 0(0B) LOS objects, 20% free, 23MB/29MB, paused 1.003ms total 253.368ms
06-30 21:05:47.061  3171  3184 I zygote  : Background concurrent copying GC freed 366084(8MB) AllocSpace objects, 0(0B) LOS objects, 22% free, 21MB/27MB, paused 899us total 225.455ms
06-30 21:05:48.992  3171  3184 I zygote  : Background concurrent copying GC freed 294992(6MB) AllocSpace objects, 0(0B) LOS objects, 20% free, 22MB/28MB, paused 1.052ms total 231.654ms
06-30 21:05:49.927  3171  3184 I zygote  : Background concurrent copying GC freed 349122(7MB) AllocSpace objects, 0(0B) LOS objects, 20% free, 23MB/29MB, paused 763us total 195.154ms
06-30 21:05:50.932  3171  3184 I zygote  : Background concurrent copying GC freed 371919(8MB) AllocSpace objects, 0(0B) LOS objects, 20% free, 23MB/29MB, paused 1.028ms total 207.321ms
06-30 21:05:52.000  3171  3184 I zygote  : Background concurrent copying GC freed 357479(7MB) AllocSpace objects, 0(0B) LOS objects, 20% free, 23MB/29MB, paused 1.052ms total 255.265ms
06-30 21:05:54.061  3171  3184 I zygote  : Background concurrent copying GC freed 375551(8MB) AllocSpace objects, 0(0B) LOS objects, 20% free, 23MB/29MB, paused 4.007ms total 299.761ms
06-30 21:05:55.363  3171  3184 I zygote  : Background concurrent copying GC freed 359348(7MB) AllocSpace objects, 0(0B) LOS objects, 20% free, 23MB/29MB, paused 895us total 265.201ms
06-30 21:05:56.575  3171  3184 I zygote  : Background concurrent copying GC freed 373613(8MB) AllocSpace objects, 0(0B) LOS objects, 20% free, 23MB/29MB, paused 1.861ms total 265.803ms
06-30 21:05:57.936  3171  3184 I zygote  : Background concurrent copying GC freed 364027(8MB) AllocSpace objects, 0(0B) LOS objects, 18% free, 27MB/33MB, paused 1.912ms total 409.357ms
06-30 21:06:00.120  1604  1617 E memtrack: Couldn't load memtrack module
06-30 21:06:00.120  1604  1617 W android.os.Debug: failed to get memory consumption info: -1
06-30 21:06:00.189  3171  3184 I zygote  : Background concurrent copying GC freed 551815(12MB) AllocSpace objects, 0(0B) LOS objects, 20% free, 23MB/29MB, paused 2.743ms total 450.382ms
06-30 21:06:00.234  1707  1729 I zygote  : Background concurrent copying GC freed 127588(5MB) AllocSpace objects, 0(0B) LOS objects, 42% free, 7MB/13MB, paused 1.159ms total 157.982ms
06-30 21:06:00.236  1707  1726 D         : HostConnection::get() New Host Connection established 0xa58230c0, tid 1726
06-30 21:06:00.302  1604  1617 E memtrack: Couldn't load memtrack module
06-30 21:06:00.302  1604  1617 W android.os.Debug: failed to get memory consumption info: -1
06-30 21:06:01.050  3171  3184 I zygote  : Background concurrent copying GC freed 404967(8MB) AllocSpace objects, 0(0B) LOS objects, 21% free, 22MB/28MB, paused 1.900ms total 243.290ms
06-30 21:06:02.041  3171  3184 I zygote  : Background concurrent copying GC freed 321835(7MB) AllocSpace objects, 0(0B) LOS objects, 20% free, 23MB/29MB, paused 1.427ms total 299.713ms
06-30 21:06:02.106  1604  4624 I WifiService: acquireWifiLock uid=10014 lockMode=2
06-30 21:06:02.159  1604  4624 I WifiService: releaseWifiLock uid=10014
06-30 21:06:02.909  1410  1410 I boot-pipe: done populating /dev/random
06-30 21:06:03.000  3171  3184 I zygote  : Background concurrent copying GC freed 374315(8MB) AllocSpace objects, 0(0B) LOS objects, 20% free, 23MB/29MB, paused 904us total 252.313ms
06-30 21:06:03.679  3171  3171 D net.osmand: DayNightHelper Sunrise/sunset setting to day: false
06-30 21:06:05.111  3171  3184 I zygote  : Background concurrent copying GC freed 362913(8MB) AllocSpace objects, 0(0B) LOS objects, 19% free, 24MB/30MB, paused 2.276ms total 367.181ms
06-30 21:06:06.025  3171  3184 I zygote  : Background concurrent copying GC freed 422671(9MB) AllocSpace objects, 0(0B) LOS objects, 21% free, 21MB/27MB, paused 1.219ms total 215.025ms
06-30 21:06:07.001  3171  3184 I zygote  : Background concurrent copying GC freed 311966(6MB) AllocSpace objects, 0(0B) LOS objects, 20% free, 23MB/29MB, paused 1.496ms total 242.139ms
06-30 21:06:08.048  3171  3184 I zygote  : Background concurrent copying GC freed 360541(7MB) AllocSpace objects, 0(0B) LOS objects, 20% free, 23MB/29MB, paused 1.542ms total 301.879ms
06-30 21:06:10.073  3171  3184 I zygote  : Background concurrent copying GC freed 368819(8MB) AllocSpace objects, 0(0B) LOS objects, 19% free, 24MB/30MB, paused 1.148ms total 311.898ms
06-30 21:06:11.466  3171  3184 I zygote  : Background concurrent copying GC freed 441713(9MB) AllocSpace objects, 0(0B) LOS objects, 20% free, 23MB/29MB, paused 2.741ms total 255.012ms
06-30 21:06:12.692  3171  3184 I zygote  : Background concurrent copying GC freed 384441(8MB) AllocSpace objects, 0(0B) LOS objects, 20% free, 23MB/29MB, paused 1.248ms total 241.514ms
06-30 21:06:13.950  3171  3184 I zygote  : Background concurrent copying GC freed 365059(8MB) AllocSpace objects, 0(0B) LOS objects, 20% free, 23MB/29MB, paused 913us total 283.894ms
06-30 21:06:14.955  4791  4796 I zygote  : Do partial code cache collection, code=122KB, data=66KB
06-30 21:06:14.958  4791  4796 I zygote  : After code cache collection, code=119KB, data=66KB
06-30 21:06:14.958  4791  4796 I zygote  : Increasing code cache capacity to 512KB
06-30 21:06:15.294  3171  3184 I zygote  : Background concurrent copying GC freed 367384(8MB) AllocSpace objects, 0(0B) LOS objects, 22% free, 21MB/27MB, paused 10.454ms total 263.055ms
06-30 21:06:16.375  3171  3184 I zygote  : Background concurrent copying GC freed 300080(6MB) AllocSpace objects, 0(0B) LOS objects, 20% free, 22MB/28MB, paused 1.336ms total 244.972ms
06-30 21:06:17.560  3171  3184 I zygote  : Background concurrent copying GC freed 335361(7MB) AllocSpace objects, 0(0B) LOS objects, 20% free, 23MB/29MB, paused 2.313ms total 262.012ms
06-30 21:06:18.790  3171  3184 I zygote  : Background concurrent copying GC freed 371392(8MB) AllocSpace objects, 0(0B) LOS objects, 19% free, 24MB/30MB, paused 1.226ms total 273.151ms
06-30 21:06:20.011  3171  3184 I zygote  : Background concurrent copying GC freed 429484(9MB) AllocSpace objects, 0(0B) LOS objects, 21% free, 21MB/27MB, paused 1.241ms total 224.377ms
06-30 21:06:20.765  1403  1418 D hwcomposer: hw_composer sent 246 syncs in 60s
06-30 21:06:21.498  3171  3184 I zygote  : Background concurrent copying GC freed 305998(6MB) AllocSpace objects, 0(0B) LOS objects, 20% free, 23MB/29MB, paused 2.026ms total 327.531ms
06-30 21:06:22.126  1604  4218 I WifiService: acquireWifiLock uid=10014 lockMode=2
06-30 21:06:22.615  3171  3184 I zygote  : Background concurrent copying GC freed 365152(8MB) AllocSpace objects, 0(0B) LOS objects, 20% free, 23MB/29MB, paused 1.484ms total 281.196ms
06-30 21:06:23.853  3171  3184 I zygote  : Background concurrent copying GC freed 366707(8MB) AllocSpace objects, 0(0B) LOS objects, 19% free, 25MB/31MB, paused 1.734ms total 296.765ms
06-30 21:06:25.100  1604  3139 D WificondControl: Scan result ready event
06-30 21:06:25.146  1604  3158 I WifiService: releaseWifiLock uid=10014
06-30 21:06:25.277  1604  1613 I zygote  : Background concurrent copying GC freed 71299(2MB) AllocSpace objects, 0(0B) LOS objects, 30% free, 13MB/19MB, paused 958us total 147.305ms
06-30 21:06:26.137  3171  3184 I zygote  : Background concurrent copying GC freed 452561(9MB) AllocSpace objects, 0(0B) LOS objects, 19% free, 24MB/30MB, paused 983us total 382.393ms
06-30 21:06:27.119  3171  3184 I zygote  : Background concurrent copying GC freed 445814(9MB) AllocSpace objects, 0(0B) LOS objects, 21% free, 21MB/27MB, paused 1.046ms total 241.887ms
06-30 21:06:28.024  3171  3184 I zygote  : Background concurrent copying GC freed 305031(6MB) AllocSpace objects, 0(0B) LOS objects, 20% free, 22MB/28MB, paused 1.033ms total 227.233ms
06-30 21:06:28.981  3171  3184 I zygote  : Background concurrent copying GC freed 347845(7MB) AllocSpace objects, 0(0B) LOS objects, 20% free, 23MB/29MB, paused 1.418ms total 226.236ms
06-30 21:06:31.123  3171  3184 I zygote  : Background concurrent copying GC freed 367137(8MB) AllocSpace objects, 0(0B) LOS objects, 18% free, 26MB/32MB, paused 1.407ms total 360.173ms
06-30 21:06:32.417  3171  3184 I zygote  : Background concurrent copying GC freed 505294(11MB) AllocSpace objects, 0(0B) LOS objects, 19% free, 24MB/30MB, paused 929us total 266.071ms
06-30 21:06:33.724  3171  3184 I zygote  : Background concurrent copying GC freed 417491(9MB) AllocSpace objects, 0(0B) LOS objects, 20% free, 23MB/29MB, paused 1.965ms total 310.116ms
06-30 21:06:35.021  3171  3184 I zygote  : Background concurrent copying GC freed 390072(8MB) AllocSpace objects, 0(0B) LOS objects, 19% free, 24MB/30MB, paused 942us total 343.484ms
06-30 21:06:37.156  3171  3184 I zygote  : Background concurrent copying GC freed 426634(9MB) AllocSpace objects, 0(0B) LOS objects, 19% free, 24MB/30MB, paused 1.838ms total 396.651ms
06-30 21:06:38.062  3171  3184 I zygote  : Background concurrent copying GC freed 449733(9MB) AllocSpace objects, 0(0B) LOS objects, 21% free, 21MB/27MB, paused 1.033ms total 220.870ms
06-30 21:06:39.045  3171  3184 I zygote  : Background concurrent copying GC freed 301856(6MB) AllocSpace objects, 0(0B) LOS objects, 20% free, 22MB/28MB, paused 1.036ms total 243.043ms
06-30 21:06:39.978  3171  3184 I zygote  : Background concurrent copying GC freed 351706(7MB) AllocSpace objects, 0(0B) LOS objects, 22% free, 21MB/27MB, paused 1.404ms total 210.364ms
06-30 21:06:42.193  3171  3184 I zygote  : Background concurrent copying GC freed 291582(6MB) AllocSpace objects, 0(0B) LOS objects, 19% free, 24MB/30MB, paused 894us total 357.247ms
06-30 21:06:43.096  3171  3184 I zygote  : Background concurrent copying GC freed 442570(9MB) AllocSpace objects, 0(0B) LOS objects, 22% free, 21MB/27MB, paused 1.267ms total 222.929ms
06-30 21:06:43.146  1604  4624 I WifiService: acquireWifiLock uid=10014 lockMode=2
06-30 21:06:43.197  1604  3139 I WifiService: releaseWifiLock uid=10014
06-30 21:06:44.081  3171  3184 I zygote  : Background concurrent copying GC freed 301534(6MB) AllocSpace objects, 0(0B) LOS objects, 20% free, 22MB/28MB, paused 907us total 256.110ms
06-30 21:06:45.056  3171  3184 I zygote  : Background concurrent copying GC freed 343470(7MB) AllocSpace objects, 0(0B) LOS objects, 22% free, 20MB/26MB, paused 998us total 224.335ms
06-30 21:06:46.150  1604  5450 D WificondControl: Scan result ready event
06-30 21:06:47.073  3171  3184 I zygote  : Background concurrent copying GC freed 288077(6MB) AllocSpace objects, 0(0B) LOS objects, 20% free, 22MB/28MB, paused 919us total 262.609ms
06-30 21:06:48.014  3171  3184 I zygote  : Background concurrent copying GC freed 351495(7MB) AllocSpace objects, 0(0B) LOS objects, 20% free, 23MB/29MB, paused 1.067ms total 247.108ms
06-30 21:06:49.029  3171  3184 I zygote  : Background concurrent copying GC freed 361167(7MB) AllocSpace objects, 0(0B) LOS objects, 20% free, 23MB/29MB, paused 1.527ms total 266.309ms
06-30 21:06:50.075  3171  3184 I zygote  : Background concurrent copying GC freed 369757(8MB) AllocSpace objects, 0(0B) LOS objects, 22% free, 21MB/27MB, paused 2.323ms total 227.741ms
06-30 21:06:52.270  3171  3184 I zygote  : Background concurrent copying GC freed 301668(6MB) AllocSpace objects, 0(0B) LOS objects, 18% free, 26MB/32MB, paused 4.148ms total 442.938ms
06-30 21:06:53.576  3171  3184 I zygote  : Background concurrent copying GC freed 528117(11MB) AllocSpace objects, 0(0B) LOS objects, 20% free, 22MB/28MB, paused 1.019ms total 273.395ms
06-30 21:06:54.807  3171  3184 I zygote  : Background concurrent copying GC freed 364156(8MB) AllocSpace objects, 0(0B) LOS objects, 19% free, 24MB/30MB, paused 1.772ms total 303.443ms
06-30 21:06:56.101  3171  3184 I zygote  : Background concurrent copying GC freed 445035(9MB) AllocSpace objects, 0(0B) LOS objects, 20% free, 23MB/29MB, paused 4.078ms total 276.465ms
06-30 21:06:57.286  3171  3184 I zygote  : Background concurrent copying GC freed 373128(8MB) AllocSpace objects, 0(0B) LOS objects, 22% free, 21MB/27MB, paused 1.604ms total 227.649ms
06-30 21:06:58.423  3171  3184 I zygote  : Background concurrent copying GC freed 303857(6MB) AllocSpace objects, 0(0B) LOS objects, 20% free, 22MB/28MB, paused 907us total 251.623ms
06-30 21:06:59.610  3171  3184 I zygote  : Background concurrent copying GC freed 342824(7MB) AllocSpace objects, 0(0B) LOS objects, 20% free, 23MB/29MB, paused 1.631ms total 264.946ms
06-30 21:07:00.973  3171  3184 I zygote  : Background concurrent copying GC freed 361639(7MB) AllocSpace objects, 0(0B) LOS objects, 18% free, 27MB/33MB, paused 1.234ms total 409.430ms
06-30 21:07:02.912  1410  1410 I boot-pipe: done populating /dev/random
06-30 21:07:03.191  1604  3139 I WifiService: acquireWifiLock uid=10014 lockMode=2
06-30 21:07:03.273  1604  5450 I WifiService: releaseWifiLock uid=10014
06-30 21:07:03.294  3171  3184 I zygote  : Background concurrent copying GC freed 548836(12MB) AllocSpace objects, 0(0B) LOS objects, 18% free, 27MB/33MB, paused 2.541ms total 499.346ms
06-30 21:07:03.722  3171  3171 D net.osmand: DayNightHelper Sunrise/sunset setting to day: false
06-30 21:07:04.583  3171  3184 I zygote  : Background concurrent copying GC freed 556122(12MB) AllocSpace objects, 0(0B) LOS objects, 20% free, 23MB/29MB, paused 1.684ms total 303.333ms
06-30 21:07:05.948  3171  3184 I zygote  : Background concurrent copying GC freed 366226(8MB) AllocSpace objects, 0(0B) LOS objects, 19% free, 25MB/31MB, paused 6.282ms total 393.954ms
06-30 21:07:08.101  3171  3184 I zygote  : Background concurrent copying GC freed 453068(10MB) AllocSpace objects, 0(0B) LOS objects, 20% free, 23MB/29MB, paused 1.843ms total 332.225ms
06-30 21:07:09.022  3171  3184 I zygote  : Background concurrent copying GC freed 369926(8MB) AllocSpace objects, 0(0B) LOS objects, 20% free, 23MB/29MB, paused 929us total 242.399ms
06-30 21:07:10.073  3171  3184 I zygote  : Background concurrent copying GC freed 367104(8MB) AllocSpace objects, 0(0B) LOS objects, 20% free, 23MB/29MB, paused 1.416ms total 300.876ms
06-30 21:07:11.059  3171  3184 I zygote  : Background concurrent copying GC freed 367205(8MB) AllocSpace objects, 0(0B) LOS objects, 20% free, 23MB/29MB, paused 2.007ms total 281.081ms
06-30 21:07:13.189  3171  3184 I zygote  : Background concurrent copying GC freed 370969(8MB) AllocSpace objects, 0(0B) LOS objects, 18% free, 26MB/32MB, paused 3.735ms total 407.240ms
06-30 21:07:14.110  3171  3184 I zygote  : Background concurrent copying GC freed 498816(10MB) AllocSpace objects, 0(0B) LOS objects, 21% free, 22MB/28MB, paused 1.915ms total 251.830ms
06-30 21:07:14.134  1604  5450 I WifiService: getConnectionInfo uid=10014
06-30 21:07:14.148  1604  1621 I WifiService: requestActivityInfo uid=1000
06-30 21:07:14.148  1604  1621 I WifiService: reportActivityInfo uid=1000
06-30 21:07:14.148  1604  1621 I WifiService: getSupportedFeatures uid=1000
06-30 21:07:14.442  1604  3158 I WifiService: getConnectionInfo uid=10014
06-30 21:07:14.655  2180  5656 I EventLogChimeraService: Aggregate from 1561927518505 (log), 1561927518505 (data)
06-30 21:07:14.880  3171  3184 I zygote  : Background concurrent copying GC freed 323754(7MB) AllocSpace objects, 0(0B) LOS objects, 20% free, 23MB/29MB, paused 2.948ms total 367.317ms
06-30 21:07:14.929  1604  1618 W BroadcastQueue: Background execution not allowed: receiving Intent { act=android.intent.action.DROPBOX_ENTRY_ADDED flg=0x10 (has extras) } to com.google.android.gms/.stats.service.DropBoxEntryAddedReceiver
06-30 21:07:14.930  1604  1618 W BroadcastQueue: Background execution not allowed: receiving Intent { act=android.intent.action.DROPBOX_ENTRY_ADDED flg=0x10 (has extras) } to com.google.android.gms/.chimera.GmsIntentOperationService$PersistentTrustedReceiver
