07-01 15:26:59.975  8767  8767 I net.osmand: RoutingHelper Recalculate route, because correlation  : 214.74408039865548
07-01 15:26:59.975  8767  8767 I net.osmand: RoutingHelper Recalculate route, because wrong movement direction: 246.21614
07-01 15:26:59.988  8767  8767 I net.osmand: RoutingHelper Recalculate route, because correlation  : 214.74408039865548
07-01 15:26:59.989  8767  8767 I net.osmand: RoutingHelper Recalculate route, because wrong movement direction: 246.21614
07-01 15:27:00.059  8767  8767 I net.osmand: RoutingHelper Recalculate route, because correlation  : 214.74408039865548
07-01 15:27:00.201  8767  8767 I net.osmand: RoutingHelper Recalculate route, because correlation  : 214.74408039865548
07-01 15:27:00.737  8767  8777 I zygote  : Background concurrent copying GC freed 634453(13MB) AllocSpace objects, 0(0B) LOS objects, 14% free, 35MB/41MB, paused 3.452ms total 783.531ms
07-01 15:27:00.789  8767  8767 I net.osmand: RoutingHelper Recalculate route, because correlation  : 214.74408039865548
07-01 15:27:00.790  8767  8767 I net.osmand: RoutingHelper Recalculate route, because wrong movement direction: 246.21614
07-01 15:27:00.958  8767  8767 I net.osmand: RoutingHelper Recalculate route, because correlation  : 214.74408039865548
07-01 15:27:01.730  8767  8767 I chatty  : uid=10104(net.osmand) identical 1 line
07-01 15:27:01.859  8767  8767 I net.osmand: RoutingHelper Recalculate route, because correlation  : 214.74408039865548
07-01 15:27:01.859  8767  8767 I net.osmand: RoutingHelper Recalculate route, because wrong movement direction: 246.21614
07-01 15:27:01.900  8767  8767 I net.osmand: RoutingHelper Recalculate route, because correlation  : 214.74408039865548
07-01 15:27:01.900  8767  8767 I net.osmand: RoutingHelper Recalculate route, because wrong movement direction: 246.21614
07-01 15:27:01.986  8767  8767 I net.osmand: RoutingHelper Recalculate route, because correlation  : 214.74408039865548
07-01 15:27:02.013  8767  8767 I chatty  : uid=10104(net.osmand) identical 1 line
07-01 15:27:02.018  8767  8767 I net.osmand: RoutingHelper Recalculate route, because correlation  : 214.74408039865548
07-01 15:27:02.019  8767  8767 I net.osmand: RoutingHelper Recalculate route, because wrong movement direction: 246.21614
07-01 15:27:02.043  8767  8777 I zygote  : Background concurrent copying GC freed 473208(10MB) AllocSpace objects, 0(0B) LOS objects, 14% free, 34MB/40MB, paused 7.523ms total 777.528ms
07-01 15:27:02.815  8767  8767 I net.osmand: RoutingHelper Recalculate route, because correlation  : 214.74408039865548
07-01 15:27:02.815  8767  8767 I net.osmand: RoutingHelper Recalculate route, because wrong movement direction: 246.21614
07-01 15:27:02.828  1970  1970 I GeofencerStateMachine: sendNewTransitions called.
07-01 15:27:02.933  8767  8767 I net.osmand: RoutingHelper Recalculate route, because correlation  : 214.74408039865548
07-01 15:27:03.393  8767  8767 I net.osmand: RoutingHelper Recalculate route, because correlation  : 214.74408039865548
07-01 15:27:03.393  8767  8767 I net.osmand: RoutingHelper Recalculate route, because wrong movement direction: 246.21614
07-01 15:27:03.435  8767  8767 I net.osmand: RoutingHelper Recalculate route, because correlation  : 214.74408039865548
07-01 15:27:03.436  8767  8767 I net.osmand: RoutingHelper Recalculate route, because wrong movement direction: 246.21614
07-01 15:27:03.461  8767  8767 I net.osmand: RoutingHelper Recalculate route, because correlation  : 214.74408039865548
07-01 15:27:03.839  8767  8767 I chatty  : uid=10104(net.osmand) identical 2 lines
07-01 15:27:03.920  8767  8767 I net.osmand: RoutingHelper Recalculate route, because correlation  : 214.74408039865548
07-01 15:27:03.921  8767  8767 I net.osmand: RoutingHelper Recalculate route, because wrong movement direction: 246.21614
07-01 15:27:04.366  8767  8777 I zygote  : Background concurrent copying GC freed 417533(9MB) AllocSpace objects, 0(0B) LOS objects, 12% free, 40MB/46MB, paused 4.770ms total 1.219s
07-01 15:27:04.859  8767  8767 I net.osmand: RoutingHelper Recalculate route, because correlation  : 214.74408039865548
07-01 15:27:04.859  8767  8767 I net.osmand: RoutingHelper Recalculate route, because wrong movement direction: 246.21614
07-01 15:27:04.875  8767  8767 I net.osmand: RoutingHelper Recalculate route, because correlation  : 214.74408039865548
07-01 15:27:04.884  8767  8767 I net.osmand: RoutingHelper Recalculate route, because correlation  : 214.74408039865548
07-01 15:27:04.885  8767  8767 I net.osmand: RoutingHelper Recalculate route, because wrong movement direction: 246.21614
07-01 15:27:04.941  8767  8767 I net.osmand: RoutingHelper Recalculate route, because correlation  : 214.74408039865548
07-01 15:27:05.151  8767  8767 I net.osmand: RoutingHelper Recalculate route, because correlation  : 214.74408039865548
07-01 15:27:05.151  8767  8767 I net.osmand: RoutingHelper Recalculate route, because wrong movement direction: 246.21614
07-01 15:27:05.278  1836  1836 D ServiceStateProvider: subId=1
07-01 15:27:05.301  1836  1836 D TelephonyProvider: subIdString = 1 subId = 1
07-01 15:27:05.316  1836  1836 I chatty  : uid=1001(radio) com.android.phone identical 1 line
07-01 15:27:05.352  1836  1836 D TelephonyProvider: subIdString = 1 subId = 1
07-01 15:27:05.353  1836  2251 I zygote  : IncrementDisableThreadFlip blocked for 21.995ms
07-01 15:27:05.364  1604  1682 I WifiService: getConnectionInfo uid=1000
07-01 15:27:05.364  1836  1836 D TelephonyProvider: subIdString = 1 subId = 1
07-01 15:27:05.383  1836  1836 D TelephonyProvider: subIdString = 1 subId = 1
07-01 15:27:05.388  1604  1675 D RecurrenceRule: Resolving using anchor 2019-07-01T15:27:05.388Z[GMT]
07-01 15:27:05.389  1836  1836 D TelephonyProvider: subIdString = 1 subId = 1
07-01 15:27:05.390  1604  1675 D RecurrenceRule: Resolving using anchor 2019-07-01T15:27:05.390Z[GMT]
07-01 15:27:05.392  1604  1675 D RecurrenceRule: Cycle 17 from 2019-06-09T00:00Z[GMT] to 2019-07-09T00:00Z[GMT]
07-01 15:27:05.392  1604  1675 D NetworkStats: Resolving plan for NetworkTemplate: matchRule=MOBILE_ALL, subscriberId=310260..., matchSubscriberIds=[310260...]
07-01 15:27:05.396  1604  1675 D NetworkStats: Found active matching subId 1
07-01 15:27:05.410  8767  8767 I net.osmand: RoutingHelper Recalculate route, because correlation  : 214.74408039865548
07-01 15:27:05.419  1604  1675 D NetworkStats: Resolved to plan null
07-01 15:27:05.427  1836  1836 D TelephonyProvider: subIdString = 1 subId = 1
07-01 15:27:05.444  1836  1836 I chatty  : uid=1001(radio) com.android.phone identical 1 line
07-01 15:27:05.475  1836  1836 D TelephonyProvider: subIdString = 1 subId = 1
07-01 15:27:05.618  1836  1850 I zygote  : Background concurrent copying GC freed 26183(2MB) AllocSpace objects, 0(0B) LOS objects, 50% free, 2MB/5MB, paused 18.285ms total 304.513ms
07-01 15:27:05.885  8767  8767 I net.osmand: RoutingHelper Recalculate route, because correlation  : 214.74408039865548
07-01 15:27:05.896  8767  8767 I net.osmand: RoutingHelper Recalculate route, because correlation  : 214.74408039865548
07-01 15:27:05.896  8767  8767 I net.osmand: RoutingHelper Recalculate route, because wrong movement direction: 246.21614
07-01 15:27:06.415  8767  8777 I zygote  : Background concurrent copying GC freed 672669(14MB) AllocSpace objects, 0(0B) LOS objects, 13% free, 37MB/43MB, paused 2.404ms total 1.033s
07-01 15:27:06.426  1604  3574 I WifiService: acquireWifiLock uid=10014 lockMode=2
07-01 15:27:06.473  8767  8767 I net.osmand: RoutingHelper Recalculate route, because correlation  : 214.74408039865548
07-01 15:27:06.473  8767  8767 I net.osmand: RoutingHelper Recalculate route, because wrong movement direction: 246.21614
07-01 15:27:06.487  8767  8767 I net.osmand: RoutingHelper Recalculate route, because correlation  : 214.74408039865548
07-01 15:27:06.777  8767  8767 I net.osmand: RoutingHelper Recalculate route, because correlation  : 214.74408039865548
07-01 15:27:06.777  8767  8767 I net.osmand: RoutingHelper Recalculate route, because wrong movement direction: 246.21614
07-01 15:27:06.880  8767  8767 I net.osmand: RoutingHelper Recalculate route, because correlation  : 214.74408039865548
07-01 15:27:06.956  8767  8767 I net.osmand: RoutingHelper Recalculate route, because correlation  : 214.74408039865548
07-01 15:27:06.956  8767  8767 I net.osmand: RoutingHelper Recalculate route, because wrong movement direction: 246.21614
07-01 15:27:06.959  8767  8767 I net.osmand: RoutingHelper Recalculate route, because correlation  : 214.74408039865548
07-01 15:27:07.478  8767  8777 I zygote  : Background concurrent copying GC freed 550731(12MB) AllocSpace objects, 0(0B) LOS objects, 14% free, 35MB/41MB, paused 1.083ms total 642.622ms
07-01 15:27:07.494  1604  1621 I WifiService: requestActivityInfo uid=1000
07-01 15:27:07.494  1604  1621 I WifiService: reportActivityInfo uid=1000
07-01 15:27:07.494  1604  1621 I WifiService: getSupportedFeatures uid=1000
07-01 15:27:07.803  8767  8767 I net.osmand: RoutingHelper Recalculate route, because correlation  : 214.74408039865548
07-01 15:27:07.803  8767  8767 I net.osmand: RoutingHelper Recalculate route, because wrong movement direction: 246.21614
07-01 15:27:07.927  8767  8767 I net.osmand: RoutingHelper Recalculate route, because correlation  : 214.74408039865548
07-01 15:27:08.049  8767  8767 I net.osmand: RoutingHelper Recalculate route, because correlation  : 214.74408039865548
07-01 15:27:08.049  8767  8767 I net.osmand: RoutingHelper Recalculate route, because wrong movement direction: 246.21614
07-01 15:27:08.091  8767  8767 I net.osmand: RoutingHelper Recalculate route, because correlation  : 214.74408039865548
07-01 15:27:08.231  8767  8767 I net.osmand: RoutingHelper Recalculate route, because correlation  : 214.74408039865548
07-01 15:27:08.231  8767  8767 I net.osmand: RoutingHelper Recalculate route, because wrong movement direction: 246.21614
07-01 15:27:08.318  8767  8767 I net.osmand: RoutingHelper Recalculate route, because correlation  : 214.74408039865548
07-01 15:27:08.409  1604  1617 E memtrack: Couldn't load memtrack module
07-01 15:27:08.410  1604  1617 W android.os.Debug: failed to get memory consumption info: -1
07-01 15:27:08.792  8767  8767 I net.osmand: RoutingHelper Recalculate route, because correlation  : 214.74408039865548
07-01 15:27:08.792  8767  8767 I net.osmand: RoutingHelper Recalculate route, because wrong movement direction: 246.21614
07-01 15:27:08.952  8767  8767 I net.osmand: RoutingHelper Recalculate route, because correlation  : 214.74408039865548
07-01 15:27:09.364  8767  8767 I net.osmand: RoutingHelper Recalculate route, because correlation  : 214.74408039865548
07-01 15:27:09.364  8767  8767 I net.osmand: RoutingHelper Recalculate route, because wrong movement direction: 246.21614
07-01 15:27:09.404  1604  9404 D WificondControl: Scan result ready event
07-01 15:27:09.439  8767  8767 I net.osmand: RoutingHelper Recalculate route, because correlation  : 214.74408039865548
07-01 15:27:09.509  8767  8777 I zygote  : Background concurrent copying GC freed 450384(9MB) AllocSpace objects, 0(0B) LOS objects, 12% free, 40MB/46MB, paused 7.711ms total 1.331s
07-01 15:27:09.560  1604  9404 I WifiService: releaseWifiLock uid=10014
07-01 15:27:09.774  8767  8767 I net.osmand: RoutingHelper Recalculate route, because correlation  : 214.74408039865548
07-01 15:27:09.835  8767  8767 I net.osmand: RoutingHelper Recalculate route, because correlation  : 214.74408039865548
07-01 15:27:09.835  8767  8767 I net.osmand: RoutingHelper Recalculate route, because wrong movement direction: 246.21614
07-01 15:27:09.915  8767  8767 I net.osmand: RoutingHelper Recalculate route, because correlation  : 214.74408039865548
07-01 15:27:09.915  8767  8767 I net.osmand: RoutingHelper Recalculate route, because wrong movement direction: 246.21614
07-01 15:27:09.976  8767  8767 I net.osmand: RoutingHelper Recalculate route, because correlation  : 214.74408039865548
07-01 15:27:10.721  8767  8777 I zygote  : Background concurrent copying GC freed 683062(15MB) AllocSpace objects, 0(0B) LOS objects, 13% free, 36MB/42MB, paused 1.154ms total 792.917ms
07-01 15:27:10.731  8767  8767 I net.osmand: RoutingHelper Recalculate route, because correlation  : 214.74408039865548
07-01 15:27:10.732  8767  8767 I net.osmand: RoutingHelper Recalculate route, because wrong movement direction: 246.21614
07-01 15:27:10.872  8767  8767 I net.osmand: RoutingHelper Recalculate route, because correlation  : 214.74408039865548
07-01 15:27:10.872  8767  8767 I net.osmand: RoutingHelper Recalculate route, because wrong movement direction: 246.21614
07-01 15:27:10.936  8767  8767 I net.osmand: RoutingHelper Recalculate route, because correlation  : 214.74408039865548
07-01 15:27:10.940  8767  8767 I chatty  : uid=10104(net.osmand) identical 1 line
07-01 15:27:11.235  8767  8767 I net.osmand: RoutingHelper Recalculate route, because correlation  : 214.74408039865548
07-01 15:27:11.241  8767  8767 I net.osmand: RoutingHelper Recalculate route, because wrong movement direction: 246.21614
07-01 15:27:11.420  8767  8767 I net.osmand: RoutingHelper Recalculate route, because correlation  : 214.74408039865548
07-01 15:27:11.604  2799  2830 I Finsky  : [131] imb.run(3): Stats for Executor: BlockingExecutor ink@4fcda2c[Running, pool size = 0, active threads = 0, queued tasks = 0, completed tasks = 17]
07-01 15:27:11.605  2799  2830 I Finsky  : [131] imb.run(3): Stats for Executor: LightweightExecutor ink@42a7cf5[Running, pool size = 2, active threads = 0, queued tasks = 0, completed tasks = 64]
07-01 15:27:11.896  8767  8777 I zygote  : Background concurrent copying GC freed 520894(11MB) AllocSpace objects, 0(0B) LOS objects, 14% free, 35MB/41MB, paused 1.757ms total 710.034ms
07-01 15:27:11.913  8767  8767 I net.osmand: RoutingHelper Recalculate route, because correlation  : 214.74408039865548
07-01 15:27:11.913  8767  8767 I net.osmand: RoutingHelper Recalculate route, because wrong movement direction: 246.21614
07-01 15:27:11.921  8767  8767 I net.osmand: RoutingHelper Recalculate route, because correlation  : 214.74408039865548
07-01 15:27:12.203  8767  8767 I net.osmand: RoutingHelper Recalculate route, because correlation  : 214.74408039865548
07-01 15:27:12.203  8767  8767 I net.osmand: RoutingHelper Recalculate route, because wrong movement direction: 246.21614
07-01 15:27:12.351  8767  8767 I net.osmand: RoutingHelper Recalculate route, because correlation  : 214.74408039865548
07-01 15:27:12.510  2799  2830 I Finsky  : [131] imb.run(3): Stats for Executor: bgExecutor ink@4f2f371[Running, pool size = 4, active threads = 0, queued tasks = 0, completed tasks = 89]
07-01 15:27:12.749  8767  8767 I net.osmand: RoutingHelper Recalculate route, because correlation  : 214.74408039865548
07-01 15:27:12.750  8767  8767 I net.osmand: RoutingHelper Recalculate route, because wrong movement direction: 246.21614
07-01 15:27:12.754  8767  8767 I net.osmand: RoutingHelper Recalculate route, because correlation  : 214.74408039865548
07-01 15:27:12.908  8767  8767 I net.osmand: RoutingHelper Recalculate route, because correlation  : 214.74408039865548
07-01 15:27:12.908  8767  8767 I net.osmand: RoutingHelper Recalculate route, because wrong movement direction: 246.21614
07-01 15:27:12.946  8767  8767 I net.osmand: RoutingHelper Recalculate route, because correlation  : 214.74408039865548
07-01 15:27:13.306  8767  8777 I zygote  : Background concurrent copying GC freed 434802(9MB) AllocSpace objects, 0(0B) LOS objects, 13% free, 40MB/46MB, paused 3.343ms total 960.257ms
07-01 15:27:13.505  8767  8767 I net.osmand: RoutingHelper Recalculate route, because correlation  : 214.74408039865548
07-01 15:27:13.505  8767  8767 I net.osmand: RoutingHelper Recalculate route, because wrong movement direction: 246.21614
07-01 15:27:13.577  8767  8767 I net.osmand: RoutingHelper Recalculate route, because correlation  : 214.74408039865548
07-01 15:27:13.827  8767  8767 I net.osmand: RoutingHelper Recalculate route, because correlation  : 214.74408039865548
07-01 15:27:13.827  8767  8767 I net.osmand: RoutingHelper Recalculate route, because wrong movement direction: 246.21614
07-01 15:27:13.899  8767  8767 I net.osmand: RoutingHelper Recalculate route, because correlation  : 214.74408039865548
07-01 15:27:14.327  8767  8767 I net.osmand: RoutingHelper Recalculate route, because correlation  : 214.74408039865548
07-01 15:27:14.328  8767  8767 I net.osmand: RoutingHelper Recalculate route, because wrong movement direction: 246.21614
07-01 15:27:14.390  8767  8767 I net.osmand: RoutingHelper Recalculate route, because correlation  : 214.74408039865548
07-01 15:27:14.779  8767  8777 I zygote  : Background concurrent copying GC freed 649276(14MB) AllocSpace objects, 0(0B) LOS objects, 13% free, 37MB/43MB, paused 1.217ms total 839.030ms
07-01 15:27:14.799  8767  8767 I net.osmand: RoutingHelper Recalculate route, because correlation  : 214.74408039865548
07-01 15:27:14.799  8767  8767 I net.osmand: RoutingHelper Recalculate route, because wrong movement direction: 246.21614
07-01 15:27:14.935  8767  8767 I net.osmand: RoutingHelper Recalculate route, because correlation  : 214.74408039865548
07-01 15:27:15.093  8767  8767 I net.osmand: RoutingHelper Recalculate route, because correlation  : 214.74408039865548
07-01 15:27:15.093  8767  8767 I net.osmand: RoutingHelper Recalculate route, because wrong movement direction: 246.21614
07-01 15:27:15.242  8767  8767 I net.osmand: RoutingHelper Recalculate route, because correlation  : 214.74408039865548
07-01 15:27:15.725  8767  8767 I net.osmand: RoutingHelper Recalculate route, because correlation  : 214.74408039865548
07-01 15:27:15.725  8767  8767 I net.osmand: RoutingHelper Recalculate route, because wrong movement direction: 246.21614
07-01 15:27:15.799  8767  8767 I net.osmand: RoutingHelper Recalculate route, because correlation  : 214.74408039865548
07-01 15:27:15.808  8767  8767 I net.osmand: RoutingHelper Recalculate route, because correlation  : 214.74408039865548
07-01 15:27:15.808  8767  8767 I net.osmand: RoutingHelper Recalculate route, because wrong movement direction: 246.21614
07-01 15:27:15.885  8767  8767 I net.osmand: RoutingHelper Recalculate route, because correlation  : 214.74408039865548
07-01 15:27:16.008  8767  8777 I zygote  : Background concurrent copying GC freed 554024(12MB) AllocSpace objects, 0(0B) LOS objects, 14% free, 35MB/41MB, paused 2.847ms total 819.774ms
07-01 15:27:16.406  8767  8767 I net.osmand: RoutingHelper Recalculate route, because correlation  : 214.74408039865548
07-01 15:27:16.458  8767  8767 I net.osmand: RoutingHelper Recalculate route, because correlation  : 214.74408039865548
07-01 15:27:16.458  8767  8767 I net.osmand: RoutingHelper Recalculate route, because wrong movement direction: 246.21614
07-01 15:27:16.817  8767  8767 I net.osmand: RoutingHelper Recalculate route, because correlation  : 214.74408039865548
07-01 15:27:16.817  8767  8767 I net.osmand: RoutingHelper Recalculate route, because wrong movement direction: 246.21614
07-01 15:27:16.977  8767  8767 I net.osmand: RoutingHelper Recalculate route, because correlation  : 214.74408039865548
07-01 15:27:17.244  8767  8767 I net.osmand: RoutingHelper Recalculate route, because correlation  : 214.74408039865548
07-01 15:27:17.244  8767  8767 I net.osmand: RoutingHelper Recalculate route, because wrong movement direction: 246.21614
07-01 15:27:17.267  8767  8767 I net.osmand: RoutingHelper Recalculate route, because correlation  : 214.74408039865548
07-01 15:27:17.904  8767  8777 I zygote  : Background concurrent copying GC freed 461152(10MB) AllocSpace objects, 0(0B) LOS objects, 12% free, 40MB/46MB, paused 1.024ms total 1.248s
07-01 15:27:18.016  8767  8767 I net.osmand: RoutingHelper Recalculate route, because correlation  : 214.74408039865548
07-01 15:27:18.017  8767  8767 I net.osmand: RoutingHelper Recalculate route, because wrong movement direction: 246.21614
07-01 15:27:18.024  8767  8767 I net.osmand: RoutingHelper Recalculate route, because correlation  : 214.74408039865548
07-01 15:27:18.025  8767  8767 I net.osmand: RoutingHelper Recalculate route, because wrong movement direction: 246.21614
07-01 15:27:18.028  8767  8767 I net.osmand: RoutingHelper Recalculate route, because correlation  : 214.74408039865548
07-01 15:27:18.636  8767  8767 I net.osmand: RoutingHelper Recalculate route, because correlation  : 214.74408039865548
07-01 15:27:18.637  8767  8767 I net.osmand: RoutingHelper Recalculate route, because wrong movement direction: 246.21614
07-01 15:27:18.651  8767  8767 I net.osmand: RoutingHelper Recalculate route, because correlation  : 214.74408039865548
07-01 15:27:18.817  8767  8767 I net.osmand: RoutingHelper Recalculate route, because correlation  : 214.74408039865548
07-01 15:27:18.817  8767  8767 I net.osmand: RoutingHelper Recalculate route, because wrong movement direction: 246.21614
07-01 15:27:18.849  8767  8767 I net.osmand: RoutingHelper Recalculate route, because correlation  : 214.74408039865548
07-01 15:27:19.397  8767  8767 I net.osmand: RoutingHelper Recalculate route, because correlation  : 214.74408039865548
07-01 15:27:19.397  8767  8767 I net.osmand: RoutingHelper Recalculate route, because wrong movement direction: 246.21614
07-01 15:27:19.554  8767  8767 I net.osmand: RoutingHelper Recalculate route, because correlation  : 214.74408039865548
07-01 15:27:19.575  8767  8777 I zygote  : Background concurrent copying GC freed 694008(15MB) AllocSpace objects, 0(0B) LOS objects, 13% free, 38MB/44MB, paused 1.557ms total 895.985ms
07-01 15:27:19.797  8767  8767 I net.osmand: RoutingHelper Recalculate route, because correlation  : 214.74408039865548
07-01 15:27:19.797  8767  8767 I net.osmand: RoutingHelper Recalculate route, because wrong movement direction: 246.21614
07-01 15:27:19.974  8767  8767 I net.osmand: RoutingHelper Recalculate route, because correlation  : 214.74408039865548
07-01 15:27:20.132  8767  8767 I net.osmand: RoutingHelper Recalculate route, because correlation  : 214.74408039865548
07-01 15:27:20.132  8767  8767 I net.osmand: RoutingHelper Recalculate route, because wrong movement direction: 246.21614
07-01 15:27:20.137  8767  8767 I net.osmand: RoutingHelper Recalculate route, because correlation  : 214.74408039865548
07-01 15:27:20.712  8767  8777 I zygote  : Background concurrent copying GC freed 584210(12MB) AllocSpace objects, 0(0B) LOS objects, 15% free, 33MB/39MB, paused 1.254ms total 495.402ms
07-01 15:27:20.826  8767  8767 I net.osmand: RoutingHelper Recalculate route, because correlation  : 214.74408039865548
07-01 15:27:20.874  8767  8767 I net.osmand: RoutingHelper Recalculate route, because correlation  : 214.74408039865548
07-01 15:27:20.874  8767  8767 I net.osmand: RoutingHelper Recalculate route, because wrong movement direction: 246.21614
07-01 15:27:20.911  8767  8767 I net.osmand: RoutingHelper Recalculate route, because correlation  : 214.74408039865548
07-01 15:27:20.947  8767  8767 I net.osmand: RoutingHelper Recalculate route, because correlation  : 214.74408039865548
07-01 15:27:20.948  8767  8767 I net.osmand: RoutingHelper Recalculate route, because wrong movement direction: 246.21614
07-01 15:27:21.596  8767  8767 I net.osmand: RoutingHelper Recalculate route, because correlation  : 214.74408039865548
07-01 15:27:21.596  8767  8767 I net.osmand: RoutingHelper Recalculate route, because wrong movement direction: 246.21614
07-01 15:27:21.607  8767  8767 I net.osmand: RoutingHelper Recalculate route, because correlation  : 214.74408039865548
07-01 15:27:21.756  8767  8777 I zygote  : Background concurrent copying GC freed 356723(7MB) AllocSpace objects, 0(0B) LOS objects, 15% free, 33MB/39MB, paused 3.857ms total 591.551ms
07-01 15:27:21.924  8767  8767 I net.osmand: RoutingHelper Recalculate route, because correlation  : 214.74408039865548
07-01 15:27:21.957  8767  8767 I net.osmand: RoutingHelper Recalculate route, because correlation  : 214.74408039865548
07-01 15:27:21.958  8767  8767 I net.osmand: RoutingHelper Recalculate route, because wrong movement direction: 246.21614
07-01 15:27:22.216  8767  8767 I net.osmand: RoutingHelper Recalculate route, because correlation  : 214.74408039865548
07-01 15:27:22.216  8767  8767 I net.osmand: RoutingHelper Recalculate route, because wrong movement direction: 246.21614
07-01 15:27:22.340  8767  8767 I net.osmand: RoutingHelper Recalculate route, because correlation  : 214.74408039865548
07-01 15:27:22.834  8767  8767 I net.osmand: RoutingHelper Recalculate route, because correlation  : 214.74408039865548
07-01 15:27:22.834  8767  8767 I net.osmand: RoutingHelper Recalculate route, because wrong movement direction: 246.21614
07-01 15:27:23.039  8767  8767 I net.osmand: RoutingHelper Recalculate route, because correlation  : 214.74408039865548
07-01 15:27:23.093  8767  8767 I net.osmand: RoutingHelper Recalculate route, because correlation  : 214.74408039865548
07-01 15:27:23.095  8767  8767 I net.osmand: RoutingHelper Recalculate route, because wrong movement direction: 246.21614
07-01 15:27:23.168  8767  8767 I net.osmand: RoutingHelper Recalculate route, because correlation  : 214.74408039865548
07-01 15:27:23.399  8767  8777 I zygote  : Background concurrent copying GC freed 365588(7MB) AllocSpace objects, 0(0B) LOS objects, 11% free, 44MB/50MB, paused 1.306ms total 1.288s
07-01 15:27:23.674  8767  8767 I net.osmand: RoutingHelper Recalculate route, because correlation  : 214.74408039865548
07-01 15:27:23.674  8767  8767 I net.osmand: RoutingHelper Recalculate route, because wrong movement direction: 246.21614
07-01 15:27:23.791  8767  8767 I net.osmand: RoutingHelper Recalculate route, because correlation  : 214.74408039865548
07-01 15:27:23.836  8767  8767 I net.osmand: RoutingHelper Recalculate route, because correlation  : 214.74408039865548
07-01 15:27:23.836  8767  8767 I net.osmand: RoutingHelper Recalculate route, because wrong movement direction: 246.21614
07-01 15:27:23.908  8767  8767 I net.osmand: RoutingHelper Recalculate route, because correlation  : 214.74408039865548
07-01 15:27:24.476  8767  8767 I net.osmand: RoutingHelper Recalculate route, because correlation  : 214.74408039865548
07-01 15:27:24.476  8767  8767 I net.osmand: RoutingHelper Recalculate route, because wrong movement direction: 246.21614
07-01 15:27:24.620  8767  8767 I net.osmand: RoutingHelper Recalculate route, because correlation  : 214.74408039865548
07-01 15:27:24.896  8767  8777 I zygote  : Background concurrent copying GC freed 878472(19MB) AllocSpace objects, 0(0B) LOS objects, 13% free, 38MB/44MB, paused 1.003ms total 956.224ms
07-01 15:27:24.902  8767  8767 I net.osmand: RoutingHelper Recalculate route, because correlation  : 214.74408039865548
07-01 15:27:24.910  8767  8767 I net.osmand: RoutingHelper Recalculate route, because correlation  : 214.74408039865548
07-01 15:27:24.911  8767  8767 I net.osmand: RoutingHelper Recalculate route, because wrong movement direction: 246.21614
07-01 15:27:25.104  8767  8767 I net.osmand: RoutingHelper Recalculate route, because correlation  : 214.74408039865548
07-01 15:27:25.104  8767  8767 I net.osmand: RoutingHelper Recalculate route, because wrong movement direction: 246.21614
07-01 15:27:25.187  8767  8767 I net.osmand: RoutingHelper Recalculate route, because correlation  : 214.74408039865548
07-01 15:27:25.891  8767  8767 I net.osmand: RoutingHelper Recalculate route, because correlation  : 214.74408039865548
07-01 15:27:25.895  8767  8767 I net.osmand: RoutingHelper Recalculate route, because wrong movement direction: 246.21614
07-01 15:27:25.964  8767  8777 I zygote  : Background concurrent copying GC freed 602521(13MB) AllocSpace objects, 0(0B) LOS objects, 15% free, 33MB/39MB, paused 1.314ms total 600.965ms
07-01 15:27:26.057  8767  8767 I net.osmand: RoutingHelper Recalculate route, because correlation  : 214.74408039865548
07-01 15:27:26.057  8767  8767 I net.osmand: RoutingHelper Recalculate route, because wrong movement direction: 246.21614
07-01 15:27:26.127  8767  8767 I net.osmand: RoutingHelper Recalculate route, because correlation  : 214.74408039865548
07-01 15:27:26.486  1604  3139 I WifiService: acquireWifiLock uid=10014 lockMode=2
07-01 15:27:26.531  1604  1617 E memtrack: Couldn't load memtrack module
07-01 15:27:26.531  1604  1617 W android.os.Debug: failed to get memory consumption info: -1
07-01 15:27:26.789  1604  3139 I WifiService: releaseWifiLock uid=10014
07-01 15:27:26.943  8767  8777 I zygote  : Background concurrent copying GC freed 330338(7MB) AllocSpace objects, 0(0B) LOS objects, 15% free, 32MB/38MB, paused 2.588ms total 492.692ms
07-01 15:27:26.964  1604  1617 E memtrack: Couldn't load memtrack module
07-01 15:27:26.964  1604  1617 W android.os.Debug: failed to get memory consumption info: -1
07-01 15:27:27.030  8767  8767 I net.osmand: RoutingHelper Recalculate route, because correlation  : 214.74408039865548
07-01 15:27:27.030  8767  8767 I net.osmand: RoutingHelper Recalculate route, because wrong movement direction: 246.21614
07-01 15:27:27.165  8767  8767 I net.osmand: RoutingHelper Recalculate route, because correlation  : 214.74408039865548
07-01 15:27:27.400  8767  8767 I chatty  : uid=10104(net.osmand) identical 1 line
07-01 15:27:27.403  8767  8767 I net.osmand: RoutingHelper Recalculate route, because correlation  : 214.74408039865548
07-01 15:27:27.403  8767  8767 I net.osmand: RoutingHelper Recalculate route, because wrong movement direction: 246.21614
07-01 15:27:27.824  8767  8767 I net.osmand: RoutingHelper Recalculate route, because correlation  : 214.74408039865548
07-01 15:27:27.825  8767  8767 I net.osmand: RoutingHelper Recalculate route, because wrong movement direction: 246.21614
07-01 15:27:27.984  8767  8767 I net.osmand: RoutingHelper Recalculate route, because correlation  : 214.74408039865548
07-01 15:27:28.173  8767  8767 I net.osmand: RoutingHelper Recalculate route, because correlation  : 214.74408039865548
07-01 15:27:28.174  8767  8767 I net.osmand: RoutingHelper Recalculate route, because wrong movement direction: 246.21614
07-01 15:27:28.183  8767  8767 I net.osmand: RoutingHelper Recalculate route, because correlation  : 214.74408039865548
07-01 15:27:28.690  8767  8777 I zygote  : Background concurrent copying GC freed 303555(6MB) AllocSpace objects, 0(0B) LOS objects, 13% free, 37MB/43MB, paused 1.206ms total 1.068s
07-01 15:27:28.800  8767  8767 I net.osmand: RoutingHelper Recalculate route, because correlation  : 214.74408039865548
07-01 15:27:28.800  8767  8767 I net.osmand: RoutingHelper Recalculate route, because wrong movement direction: 246.21614
07-01 15:27:28.829  8767  8767 I net.osmand: RoutingHelper Recalculate route, because correlation  : 214.74408039865548
07-01 15:27:28.829  8767  8767 I net.osmand: RoutingHelper Recalculate route, because wrong movement direction: 246.21614
07-01 15:27:28.904  8767  8767 I net.osmand: RoutingHelper Recalculate route, because correlation  : 214.74408039865548
07-01 15:27:28.979  8767  8767 I chatty  : uid=10104(net.osmand) identical 1 line
07-01 15:27:29.523  8767  8767 I net.osmand: RoutingHelper Recalculate route, because correlation  : 214.74408039865548
07-01 15:27:29.523  8767  8767 I net.osmand: RoutingHelper Recalculate route, because wrong movement direction: 246.21614
07-01 15:27:29.681  8767  8767 I net.osmand: RoutingHelper Recalculate route, because correlation  : 214.74408039865548
07-01 15:27:29.747  8767  8777 I zygote  : Background concurrent copying GC freed 547349(12MB) AllocSpace objects, 0(0B) LOS objects, 14% free, 34MB/40MB, paused 1.885ms total 627.587ms
07-01 15:27:29.822  8767  8767 I net.osmand: RoutingHelper Recalculate route, because correlation  : 214.74408039865548
07-01 15:27:29.822  8767  8767 I net.osmand: RoutingHelper Recalculate route, because wrong movement direction: 246.21614
07-01 15:27:29.940  8767  8767 I net.osmand: RoutingHelper Recalculate route, because correlation  : 214.74408039865548
07-01 15:27:30.284  8767  8767 I net.osmand: RoutingHelper Recalculate route, because correlation  : 214.74408039865548
07-01 15:27:30.284  8767  8767 I net.osmand: RoutingHelper Recalculate route, because wrong movement direction: 246.21614
07-01 15:27:30.383  8767  8767 I net.osmand: RoutingHelper Recalculate route, because correlation  : 214.74408039865548
07-01 15:27:30.770  8767  8767 D net.osmand: DayNightHelper Sunrise/sunset setting to day: true
07-01 15:27:30.818  8767  8767 I net.osmand: RoutingHelper Recalculate route, because correlation  : 214.74408039865548
07-01 15:27:30.868  8767  8777 I zygote  : Background concurrent copying GC freed 395162(8MB) AllocSpace objects, 0(0B) LOS objects, 14% free, 35MB/41MB, paused 941us total 731.453ms
07-01 15:27:30.871  8767  8767 I net.osmand: RoutingHelper Recalculate route, because correlation  : 214.74408039865548
07-01 15:27:30.871  8767  8767 I net.osmand: RoutingHelper Recalculate route, because wrong movement direction: 246.21614
07-01 15:27:31.030  8767  8767 I net.osmand: RoutingHelper Recalculate route, because correlation  : 214.74408039865548
07-01 15:27:31.099  8767  8767 I net.osmand: RoutingHelper Recalculate route, because correlation  : 214.74408039865548
07-01 15:27:31.100  8767  8767 I net.osmand: RoutingHelper Recalculate route, because wrong movement direction: 246.21614
07-01 15:27:31.784  8767  8777 I zygote  : Background concurrent copying GC freed 452042(10MB) AllocSpace objects, 0(0B) LOS objects, 16% free, 31MB/37MB, paused 2.184ms total 425.841ms
07-01 15:27:31.794  8767  8767 I net.osmand: RoutingHelper Recalculate route, because correlation  : 214.74408039865548
07-01 15:27:31.799  8767  8767 I net.osmand: RoutingHelper Recalculate route, because correlation  : 214.74408039865548
07-01 15:27:31.799  8767  8767 I net.osmand: RoutingHelper Recalculate route, because wrong movement direction: 246.21614
07-01 15:27:31.925  8767  8767 I net.osmand: RoutingHelper Recalculate route, because correlation  : 214.74408039865548
07-01 15:27:31.925  8767  8767 I net.osmand: RoutingHelper Recalculate route, because wrong movement direction: 246.21614
07-01 15:27:31.944  8767  8767 I net.osmand: RoutingHelper Recalculate route, because correlation  : 214.74408039865548
07-01 15:27:32.677  8767  8767 I net.osmand: RoutingHelper Recalculate route, because correlation  : 214.74408039865548
07-01 15:27:32.677  8767  8767 I net.osmand: RoutingHelper Recalculate route, because wrong movement direction: 246.21614
07-01 15:27:32.757  8767  8767 I net.osmand: RoutingHelper Recalculate route, because correlation  : 214.74408039865548
07-01 15:27:32.835  8767  8767 I net.osmand: RoutingHelper Recalculate route, because correlation  : 214.74408039865548
07-01 15:27:32.836  8767  8767 I net.osmand: RoutingHelper Recalculate route, because wrong movement direction: 246.21614
07-01 15:27:32.947  8767  8767 I net.osmand: RoutingHelper Recalculate route, because correlation  : 214.74408039865548
07-01 15:27:33.454  8767  8767 I net.osmand: RoutingHelper Recalculate route, because correlation  : 214.74408039865548
07-01 15:27:33.454  8767  8767 I net.osmand: RoutingHelper Recalculate route, because wrong movement direction: 246.21614
07-01 15:27:33.495  1970  1970 I GeofencerStateMachine: sendNewTransitions called.
07-01 15:27:33.664  8767  8767 I net.osmand: RoutingHelper Recalculate route, because correlation  : 214.74408039865548
07-01 15:27:33.758  8767  8777 I zygote  : Background concurrent copying GC freed 274759(6MB) AllocSpace objects, 0(0B) LOS objects, 12% free, 42MB/48MB, paused 1.297ms total 1.373s
07-01 15:27:34.026  8767  8767 I net.osmand: RoutingHelper Recalculate route, because correlation  : 214.74408039865548
07-01 15:27:34.026  8767  8767 I net.osmand: RoutingHelper Recalculate route, because wrong movement direction: 246.21614
07-01 15:27:34.040  8767  8767 I net.osmand: RoutingHelper Recalculate route, because correlation  : 214.74408039865548
07-01 15:27:34.164  8767  8767 I net.osmand: RoutingHelper Recalculate route, because correlation  : 214.74408039865548
07-01 15:27:34.164  8767  8767 I net.osmand: RoutingHelper Recalculate route, because wrong movement direction: 246.21614
07-01 15:27:34.331  8767  8767 I net.osmand: RoutingHelper Recalculate route, because correlation  : 214.74408039865548
07-01 15:27:34.803  8767  8767 I net.osmand: RoutingHelper Recalculate route, because correlation  : 214.74408039865548
07-01 15:27:34.803  8767  8767 I net.osmand: RoutingHelper Recalculate route, because wrong movement direction: 246.21614
07-01 15:27:34.932  8767  8767 I net.osmand: RoutingHelper Recalculate route, because correlation  : 214.74408039865548
07-01 15:27:35.017  8767  8767 I net.osmand: RoutingHelper Recalculate route, because correlation  : 214.74408039865548
07-01 15:27:35.017  8767  8767 I net.osmand: RoutingHelper Recalculate route, because wrong movement direction: 246.21614
07-01 15:27:35.145  8767  8767 I net.osmand: RoutingHelper Recalculate route, because correlation  : 214.74408039865548
07-01 15:27:35.363  8767  8777 I zygote  : Background concurrent copying GC freed 751541(16MB) AllocSpace objects, 0(0B) LOS objects, 12% free, 40MB/46MB, paused 2.659ms total 1.080s
07-01 15:27:35.534  8767  8767 I net.osmand: RoutingHelper Recalculate route, because correlation  : 214.74408039865548
07-01 15:27:35.535  8767  8767 I net.osmand: RoutingHelper Recalculate route, because wrong movement direction: 246.21614
07-01 15:27:35.622  8767  8767 I net.osmand: RoutingHelper Recalculate route, because correlation  : 214.74408039865548
07-01 15:27:35.876  8767  8767 I net.osmand: RoutingHelper Recalculate route, because correlation  : 214.74408039865548
07-01 15:27:35.876  8767  8767 I net.osmand: RoutingHelper Recalculate route, because wrong movement direction: 246.21614
07-01 15:27:35.894  8767  8767 I net.osmand: RoutingHelper Recalculate route, because correlation  : 214.74408039865548
07-01 15:27:36.141  1604  1613 I zygote  : Background concurrent copying GC freed 52841(2MB) AllocSpace objects, 0(0B) LOS objects, 18% free, 26MB/32MB, paused 1.082ms total 594.009ms
07-01 15:27:36.353  8767  8767 I net.osmand: RoutingHelper Recalculate route, because correlation  : 214.74408039865548
07-01 15:27:36.353  8767  8767 I net.osmand: RoutingHelper Recalculate route, because wrong movement direction: 246.21614
07-01 15:27:36.531  8767  8767 I net.osmand: RoutingHelper Recalculate route, because correlation  : 214.74408039865548
07-01 15:27:36.845  8767  8767 I net.osmand: RoutingHelper Recalculate route, because correlation  : 214.74408039865548
07-01 15:27:36.845  8767  8767 I net.osmand: RoutingHelper Recalculate route, because wrong movement direction: 246.21614
07-01 15:27:36.981  8767  8767 I net.osmand: RoutingHelper Recalculate route, because correlation  : 214.74408039865548
07-01 15:27:37.081  8767  8767 I net.osmand: RoutingHelper Recalculate route, because correlation  : 214.74408039865548
07-01 15:27:37.081  8767  8767 I net.osmand: RoutingHelper Recalculate route, because wrong movement direction: 246.21614
07-01 15:27:37.165  8767  8777 I zygote  : Background concurrent copying GC freed 668096(14MB) AllocSpace objects, 0(0B) LOS objects, 13% free, 39MB/45MB, paused 1.207ms total 1.040s
07-01 15:27:37.222  8767  8767 I net.osmand: RoutingHelper Recalculate route, because correlation  : 214.74408039865548
07-01 15:27:37.794  8767  8767 I net.osmand: RoutingHelper Recalculate route, because correlation  : 214.74408039865548
07-01 15:27:37.794  8767  8767 I net.osmand: RoutingHelper Recalculate route, because wrong movement direction: 246.21614
07-01 15:27:37.826  8767  8767 I net.osmand: RoutingHelper Recalculate route, because correlation  : 214.74408039865548
07-01 15:27:37.826  8767  8767 I net.osmand: RoutingHelper Recalculate route, because wrong movement direction: 246.21614
07-01 15:27:38.167  8767  8767 I net.osmand: RoutingHelper Recalculate route, because correlation  : 214.74408039865548
07-01 15:27:38.209  8767  8767 I chatty  : uid=10104(net.osmand) identical 1 line
07-01 15:27:38.551  8767  8767 I net.osmand: RoutingHelper Recalculate route, because correlation  : 214.74408039865548
07-01 15:27:38.552  8767  8767 I net.osmand: RoutingHelper Recalculate route, because wrong movement direction: 246.21614
07-01 15:27:38.664  8767  8767 I net.osmand: RoutingHelper Recalculate route, because correlation  : 214.74408039865548
07-01 15:27:38.937  8767  8767 I net.osmand: RoutingHelper Recalculate route, because correlation  : 214.74408039865548
07-01 15:27:38.937  8767  8767 I net.osmand: RoutingHelper Recalculate route, because wrong movement direction: 246.21614
07-01 15:27:38.945  8767  8767 I net.osmand: RoutingHelper Recalculate route, because correlation  : 214.74408039865548
07-01 15:27:39.362  8767  8777 I zygote  : Background concurrent copying GC freed 602295(13MB) AllocSpace objects, 0(0B) LOS objects, 12% free, 43MB/49MB, paused 1.321ms total 1.410s
07-01 15:27:39.529  8767  8767 I net.osmand: RoutingHelper Recalculate route, because correlation  : 214.74408039865548
07-01 15:27:39.529  8767  8767 I net.osmand: RoutingHelper Recalculate route, because wrong movement direction: 246.21614
07-01 15:27:39.536  8767  8767 I net.osmand: RoutingHelper Recalculate route, because correlation  : 214.74408039865548
07-01 15:27:39.841  8767  8767 I net.osmand: RoutingHelper Recalculate route, because correlation  : 214.74408039865548
07-01 15:27:39.842  8767  8767 I net.osmand: RoutingHelper Recalculate route, because wrong movement direction: 246.21614
07-01 15:27:39.960  8767  8767 I net.osmand: RoutingHelper Recalculate route, because correlation  : 214.74408039865548
07-01 15:27:40.168  8767  8767 I net.osmand: RoutingHelper Recalculate route, because correlation  : 214.74408039865548
07-01 15:27:40.168  8767  8767 I net.osmand: RoutingHelper Recalculate route, because wrong movement direction: 246.21614
07-01 15:27:40.288  8767  8767 I net.osmand: RoutingHelper Recalculate route, because correlation  : 214.74408039865548
07-01 15:27:40.403  1707  1707 D StatusBar: disable<e i a s b h r c s q >
07-01 15:27:40.451  1707  1933 D EGL_emulation: eglMakeCurrent: 0x91a91b00: ver 2 0 (tinfo 0x91b96990)
07-01 15:27:40.458  1402  1440 D gralloc_ranchu: gralloc_alloc: Creating ashmem region of size 8298496
07-01 15:27:40.584  1707  1933 D EGL_emulation: eglMakeCurrent: 0x91a91b00: ver 2 0 (tinfo 0x91b96990)
07-01 15:27:40.590  1707  1707 D StatusBar: disable<e i a s b h r c s q >
07-01 15:27:40.614  1485  7923 D NuPlayerDriver: stop(0xae5141c0)
07-01 15:27:40.615  1485  7923 D NuPlayerDriver: notifyListener_l(0xae5141c0), (8, 0, 0, -1), loop setting(0, 0)
07-01 15:27:40.623  1707  1741 W MessageQueue: Handler (android.media.MediaPlayer$EventHandler) {b0810a2} sending message to a Handler on a dead thread
07-01 15:27:40.623  1707  1741 W MessageQueue: java.lang.IllegalStateException: Handler (android.media.MediaPlayer$EventHandler) {b0810a2} sending message to a Handler on a dead thread
07-01 15:27:40.623  1707  1741 W MessageQueue: 	at android.os.MessageQueue.enqueueMessage(MessageQueue.java:545)
07-01 15:27:40.623  1707  1741 W MessageQueue: 	at android.os.Handler.enqueueMessage(Handler.java:662)
07-01 15:27:40.623  1707  1741 W MessageQueue: 	at android.os.Handler.sendMessageAtTime(Handler.java:631)
07-01 15:27:40.623  1707  1741 W MessageQueue: 	at android.os.Handler.sendMessageDelayed(Handler.java:601)
07-01 15:27:40.623  1707  1741 W MessageQueue: 	at android.os.Handler.sendMessage(Handler.java:538)
07-01 15:27:40.623  1707  1741 W MessageQueue: 	at android.media.MediaPlayer.postEventFromNative(MediaPlayer.java:3461)
07-01 15:27:40.644  1707 13344 V MediaPlayer: resetDrmState:  mDrmInfo=null mDrmProvisioningThread=null mPrepareDrmInProgress=false mActiveDrmScheme=false
07-01 15:27:40.645  1707 13344 V MediaPlayer: cleanDrmObj: mDrmObj=null mDrmSessionId=null
07-01 15:27:40.647  1485  7923 D NuPlayerDriver: reset(0xae5141c0) at state 8
07-01 15:27:40.658  1402  1440 D gralloc_ranchu: gralloc_alloc: Creating ashmem region of size 8298496
07-01 15:27:40.659  1484  5343 D MediaAnalyticsService: MediaAnalyticsService::newSummarizerSet
07-01 15:27:40.746  1485 11227 D NuPlayerDriver: notifyResetComplete(0xae5141c0)
07-01 15:27:40.798  1402  1440 D gralloc_ranchu: gralloc_alloc: Creating ashmem region of size 8298496
07-01 15:27:41.292  8767  8767 I net.osmand: RoutingHelper Recalculate route, because correlation  : 214.74408039865548
07-01 15:27:41.292  8767  8767 I net.osmand: RoutingHelper Recalculate route, because wrong movement direction: 246.21614
07-01 15:27:41.304  8767  8767 I net.osmand: RoutingHelper Recalculate route, because correlation  : 214.74408039865548
07-01 15:27:41.661  8767  8777 I zygote  : Background concurrent copying GC freed 785262(17MB) AllocSpace objects, 0(0B) LOS objects, 13% free, 38MB/44MB, paused 1.396ms total 1.717s
07-01 15:27:41.795  8767  8767 I net.osmand: RoutingHelper Recalculate route, because correlation  : 214.74408039865548
07-01 15:27:41.796  8767  8767 I net.osmand: RoutingHelper Recalculate route, because wrong movement direction: 246.21614
07-01 15:27:41.797  8767  8767 I net.osmand: RoutingHelper Recalculate route, because correlation  : 214.74408039865548
07-01 15:27:41.932  8767  8767 I net.osmand: RoutingHelper Recalculate route, because correlation  : 214.74408039865548
07-01 15:27:41.932  8767  8767 I net.osmand: RoutingHelper Recalculate route, because wrong movement direction: 246.21614
07-01 15:27:42.049  8767  8767 I net.osmand: RoutingHelper Recalculate route, because correlation  : 214.74408039865548
07-01 15:27:42.089  8767  8767 I net.osmand: RoutingHelper Recalculate route, because correlation  : 214.74408039865548
07-01 15:27:42.089  8767  8767 I net.osmand: RoutingHelper Recalculate route, because wrong movement direction: 246.21614
07-01 15:27:42.091  8767  8767 I net.osmand: RoutingHelper Recalculate route, because correlation  : 214.74408039865548
07-01 15:27:42.686  8767  8777 I zygote  : Background concurrent copying GC freed 596353(13MB) AllocSpace objects, 0(0B) LOS objects, 14% free, 34MB/40MB, paused 2.246ms total 611.669ms
07-01 15:27:42.812  8767  8767 I net.osmand: RoutingHelper Recalculate route, because correlation  : 214.74408039865548
07-01 15:27:42.814  8767  8767 I net.osmand: RoutingHelper Recalculate route, because wrong movement direction: 246.21614
07-01 15:27:42.886  8767  8767 I net.osmand: RoutingHelper Recalculate route, because correlation  : 214.74408039865548
07-01 15:27:43.277  8767  8767 I net.osmand: RoutingHelper Recalculate route, because correlation  : 214.74408039865548
07-01 15:27:43.277  8767  8767 I net.osmand: RoutingHelper Recalculate route, because wrong movement direction: 246.21614
07-01 15:27:43.281  8767  8767 I net.osmand: RoutingHelper Recalculate route, because correlation  : 214.74408039865548
07-01 15:27:43.643  8767  8767 I net.osmand: RoutingHelper Recalculate route, because correlation  : 214.74408039865548
07-01 15:27:43.643  8767  8767 I net.osmand: RoutingHelper Recalculate route, because wrong movement direction: 246.21614
07-01 15:27:43.675  8767  8767 I net.osmand: RoutingHelper Recalculate route, because correlation  : 214.74408039865548
07-01 15:27:43.829  8767  8767 I net.osmand: RoutingHelper Recalculate route, because correlation  : 214.74408039865548
07-01 15:27:43.829  8767  8767 I net.osmand: RoutingHelper Recalculate route, because wrong movement direction: 246.21614
07-01 15:27:43.904  1394  3176 W audio_hw_generic: Not supplying enough data to HAL, expected position 16676315 , only wrote 16675920
07-01 15:27:43.933 10477 10477 I Dialer  : NotificationBroadcastReceiver.onReceive - Broadcast from Notification: com.android.incallui.ACTION_HANG_UP_ONGOING_CALL
07-01 15:27:43.942 10477 10477 I Dialer  : NotificationBroadcastReceiver.hangUpOngoingCall - disconnecting call, call: [DialerCall_0, ACTIVE, [Capabilities: CAPABILITY_HOLD CAPABILITY_SUPPORT_HOLD CAPABILITY_MUTE CAPABILITY_CANNOT_DOWNGRADE_VIDEO_TO_AUDIO], [Properties:], children:[], parent:null, conferenceable:[], videoState:Audio Only, mSessionModificationState:0, CameraDir:-1]
07-01 15:27:43.942 10477 10477 I Dialer  : DialerCall.disconnect
07-01 15:27:43.944 10477 10477 I Dialer  : CallList.onUpdateCall - [DialerCall_0, DISCONNECTING, [Capabilities: CAPABILITY_HOLD CAPABILITY_SUPPORT_HOLD CAPABILITY_MUTE CAPABILITY_CANNOT_DOWNGRADE_VIDEO_TO_AUDIO], [Properties:], children:[], parent:null, conferenceable:[], videoState:Audio Only, mSessionModificationState:0, CameraDir:-1]
07-01 15:27:43.947 10477 10477 I Dialer  : InCallPresenter.onCallListChange - Phone switching state: INCALL -> INCALL
07-01 15:27:43.947 10477 10477 I Dialer  : VideoPauseController.onStateChange - hasPrimaryCallChanged: true, videoCanPause: false, isInBackground: false
07-01 15:27:43.949 10477 10477 I Dialer  : VideoPauseController.onPrimaryCallChanged - new call: null, old call: [DialerCall_0, DISCONNECTING, [Capabilities: CAPABILITY_HOLD CAPABILITY_SUPPORT_HOLD CAPABILITY_MUTE CAPABILITY_CANNOT_DOWNGRADE_VIDEO_TO_AUDIO], [Properties:], children:[], parent:null, conferenceable:[], videoState:Audio Only, mSessionModificationState:0, CameraDir:-1], mIsInBackground: false
07-01 15:27:43.949 10477 10477 I Dialer  : StatusBarNotifier.cancelNotification - cancel
07-01 15:27:43.986 10477 10477 I Dialer  : ProximitySensor.updateProximitySensorMode - screenOnImmediately: false, dialPadVisible: false, offHook: false, horizontal: false, uiShowing: false, audioRoute: EARPIECE
07-01 15:27:43.989 10477 10477 I Dialer  : ProximitySensor.turnOffProximitySensor - releasing wake lock
