06-29 10:47:01.065  5485  5485 I Dialer  : InCallPresenter.onIncomingCall - Phone switching state: NO_CALLS -> INCOMING
06-29 10:47:01.066  5485  5485 I Dialer  : VideoPauseController.onIncomingCall - oldState: NO_CALLS, newState: INCOMING, call: [DialerCall_2, INCOMING, [Capabilities: CAPABILITY_SUPPORT_HOLD CAPABILITY_RESPOND_VIA_TEXT CAPABILITY_MUTE CAPABILITY_CANNOT_DOWNGRADE_VIDEO_TO_AUDIO], [Properties:], children:[], parent:null, conferenceable:[], videoState:Audio Only, mSessionModificationState:0, CameraDir:-1]
06-29 10:47:01.066  1600  1886 W Binder  : Outgoing transactions from this process must be FLAG_ONEWAY
06-29 10:47:01.066  1600  1886 W Binder  : java.lang.Throwable
06-29 10:47:01.066  1600  1886 W Binder  : 	at android.os.BinderProxy.transact(Binder.java:752)
06-29 10:47:01.066  1600  1886 W Binder  : 	at android.content.ContentProviderProxy.openTypedAssetFile(ContentProviderNative.java:696)
06-29 10:47:01.066  1600  1886 W Binder  : 	at android.content.ContentResolver.openTypedAssetFileDescriptor(ContentResolver.java:1410)
06-29 10:47:01.066  1600  1886 W Binder  : 	at android.content.ContentResolver.openAssetFileDescriptor(ContentResolver.java:1247)
06-29 10:47:01.066  1600  1886 W Binder  : 	at android.content.ContentResolver.openAssetFileDescriptor(ContentResolver.java:1170)
06-29 10:47:01.066  1600  1886 W Binder  : 	at android.media.MediaPlayer.attemptDataSource(MediaPlayer.java:1103)
06-29 10:47:01.066  1600  1886 W Binder  : 	at android.media.MediaPlayer.setDataSource(MediaPlayer.java:1075)
06-29 10:47:01.066  1600  1886 W Binder  : 	at android.media.MediaPlayer.setDataSource(MediaPlayer.java:1003)
06-29 10:47:01.066  1600  1886 W Binder  : 	at android.media.Ringtone.setUri(Ringtone.java:297)
06-29 10:47:01.066  1600  1886 W Binder  : 	at android.media.RingtoneManager.getRingtone(RingtoneManager.java:740)
06-29 10:47:01.066  1600  1886 W Binder  : 	at android.media.RingtoneManager.getRingtone(RingtoneManager.java:719)
06-29 10:47:01.066  1600  1886 W Binder  : 	at com.android.server.telecom.RingtoneFactory.getRingtone(RingtoneFactory.java:81)
06-29 10:47:01.066  1600  1886 W Binder  : 	at com.android.server.telecom.Ringer.startRinging(Ringer.java:124)
06-29 10:47:01.066  1600  1886 W Binder  : 	at com.android.server.telecom.CallAudioManager.startRinging(CallAudioManager.java:430)
06-29 10:47:01.066  1600  1886 W Binder  : 	at com.android.server.telecom.CallAudioModeStateMachine$RingingFocusState.enter(CallAudioModeStateMachine.java:208)
06-29 10:47:01.066  1600  1886 W Binder  : 	at com.android.internal.util.StateMachine$SmHandler.invokeEnterMethods(StateMachine.java:1037)
06-29 10:47:01.066  1600  1886 W Binder  : 	at com.android.internal.util.StateMachine$SmHandler.performTransitions(StateMachine.java:879)
06-29 10:47:01.066  1600  1886 W Binder  : 	at com.android.internal.util.StateMachine$SmHandler.handleMessage(StateMachine.java:819)
06-29 10:47:01.066  1600  1886 W Binder  : 	at android.os.Handler.dispatchMessage(Handler.java:106)
06-29 10:47:01.066  1600  1886 W Binder  : 	at android.os.Looper.loop(Looper.java:164)
06-29 10:47:01.066  1600  1886 W Binder  : 	at android.os.HandlerThread.run(HandlerThread.java:65)
06-29 10:47:01.067  5485  5485 I Dialer  : VideoPauseController.onPrimaryCallChanged - new call: [DialerCall_2, INCOMING, [Capabilities: CAPABILITY_SUPPORT_HOLD CAPABILITY_RESPOND_VIA_TEXT CAPABILITY_MUTE CAPABILITY_CANNOT_DOWNGRADE_VIDEO_TO_AUDIO], [Properties:], children:[], parent:null, conferenceable:[], videoState:Audio Only, mSessionModificationState:0, CameraDir:-1], old call: null, mIsInBackground: false
06-29 10:47:01.067  5485  5485 I Dialer  : InCallPresenter.setBoundAndWaitingForOutgoingCall - setBoundAndWaitingForOutgoingCall: false
06-29 10:47:01.067  5485  5485 I Dialer  : ProximitySensor.updateProximitySensorMode - screenOnImmediately: false, dialPadVisible: false, offHook: false, horizontal: false, uiShowing: false, audioRoute: EARPIECE
06-29 10:47:01.067  5485  5485 I Dialer  : ProximitySensor.turnOffProximitySensor - wake lock already released
06-29 10:47:01.131  5485  5485 I Dialer  : CallList.onUpdateCall - [DialerCall_2, INCOMING, [Capabilities: CAPABILITY_SUPPORT_HOLD CAPABILITY_RESPOND_VIA_TEXT CAPABILITY_MUTE CAPABILITY_CANNOT_DOWNGRADE_VIDEO_TO_AUDIO], [Properties:], children:[], parent:null, conferenceable:[], videoState:Audio Only, mSessionModificationState:0, CameraDir:-1]
06-29 10:47:01.131  5485  5485 I Dialer  : InCallPresenter.onCallListChange - Phone switching state: INCOMING -> INCOMING
06-29 10:47:01.131  5485  5485 I Dialer  : VideoPauseController.onStateChange - hasPrimaryCallChanged: false, videoCanPause: false, isInBackground: false
06-29 10:47:01.331 14803 14813 I zygote  : Background concurrent copying GC freed 5762(2MB) AllocSpace objects, 2(40KB) LOS objects, 60% free, 1014KB/2MB, paused 35.583ms total 317.398ms
06-29 10:47:01.358  1481 13162 D NuPlayerDriver: NuPlayerDriver(0xa7394620) created, clientPid(1600)
06-29 10:47:01.382  3472  3495 I net.osmand:native: Native ok (rendering 1, text 964 ms) 
06-29 10:47:01.382  3472  3495 I net.osmand:native:  (574 points, 314 points inside, 122 of 128 objects visible)
06-29 10:47:01.382  3472  3495 I net.osmand:native: End Rendering image
06-29 10:47:01.382  3472  3495 I net.osmand:native: Native ok (init 4, rendering 1) 
06-29 10:47:01.431  3472  3495 I net.osmand: MapRenderRepositories true
06-29 10:47:01.568  1481 14826 D GenericSource: FileSource remote
06-29 10:47:01.580  1600  1621 I zygote  : Explicit concurrent copying GC freed 48863(2MB) AllocSpace objects, 14(728KB) LOS objects, 29% free, 14MB/20MB, paused 1.238ms total 940.340ms
06-29 10:47:01.731  1481 14825 D NuPlayerDriver: notifyListener_l(0xa7394620), (1, 0, 0, -1), loop setting(0, 0)
06-29 10:47:01.747  1600  1886 D Ringtone: Successfully created local player
06-29 10:47:01.747  1600  1886 W Ringtone: Use of stream types is deprecated for operations other than volume control
06-29 10:47:01.747  1600  1886 W Ringtone: See the documentation of setStreamType() for what to use instead with android.media.AudioAttributes to qualify your playback use case
06-29 10:47:01.755  1481  6767 D NuPlayerDriver: reset(0xa7394620) at state 4
06-29 10:47:01.755  1481  6767 D NuPlayerDriver: notifyListener_l(0xa7394620), (8, 0, 0, -1), loop setting(1, 0)
06-29 10:47:01.761  1481 14825 D NuPlayerDriver: notifyResetComplete(0xa7394620)
06-29 10:47:01.768  1481  6767 D NuPlayerDriver: reset(0xa7394620) at state 0
06-29 10:47:01.771  1600  1886 V MediaPlayer: resetDrmState:  mDrmInfo=null mDrmProvisioningThread=null mPrepareDrmInProgress=false mActiveDrmScheme=false
06-29 10:47:01.771  1600  1886 V MediaPlayer: cleanDrmObj: mDrmObj=null mDrmSessionId=null
06-29 10:47:01.772  1600  1886 V MediaPlayer: resetDrmState:  mDrmInfo=null mDrmProvisioningThread=null mPrepareDrmInProgress=false mActiveDrmScheme=false
06-29 10:47:01.772  1600  1886 V MediaPlayer: cleanDrmObj: mDrmObj=null mDrmSessionId=null
06-29 10:47:01.785  1481  6767 D NuPlayerDriver: NuPlayerDriver(0xa7394690) created, clientPid(1600)
06-29 10:47:01.840  1481 14829 D GenericSource: FileSource remote
06-29 10:47:01.855  3472 14775 I System.out: ROUTE : 
06-29 10:47:01.867  3472 14775 I net.osmand: RouteResultPreparation <test regions="" description="" best_percent="" vehicle="car" 
06-29 10:47:01.867  3472 14775 I net.osmand:   start_lat="0.00049" start_lon="-51.06062" target_lat="-7.23263" target_lon="-35.91305"  routing_time="0.00" loadedTiles="234" visitedSegments="410" complete_distance="231966.69" complete_time="10971.60" >
06-29 10:47:01.867  3472 14775 I System.out: <test regions="" description="" best_percent="" vehicle="car" 
06-29 10:47:01.867  3472 14775 I System.out:   start_lat="0.00049" start_lon="-51.06062" target_lat="-7.23263" target_lon="-35.91305"  routing_time="0.00" loadedTiles="234" visitedSegments="410" complete_distance="231966.69" complete_time="10971.60" >
06-29 10:47:01.867  3472 14775 I System.out: </test>
06-29 10:47:01.867  3472 14775 I System.out: <test regions="" description="" best_percent="" vehicle="car" 
06-29 10:47:01.867  3472 14775 I System.out:   start_lat="0.00049" start_lon="-51.06062" target_lat="-7.23263" target_lon="-35.91305"  routing_time="0.00" loadedTiles="234" visitedSegments="410" complete_distance="231966.69" complete_time="10971.60" >
06-29 10:47:01.918  1481 14828 D NuPlayerDriver: notifyListener_l(0xa7394690), (1, 0, 0, -1), loop setting(0, 0)
06-29 10:47:01.924  3472 14775 I net.osmand: RouteProvider Finding route contained 1262 points for 11886 ms
06-29 10:47:01.928  1600  1886 D Ringtone: Successfully created local player
06-29 10:47:01.931  1600  1886 I Telecom : Event: RecordEntry TC@4: START_RINGER, null: (...->CS.crCo->H.CS.crCo->H.CS.crCo.pICR)->CSW.hCCC->ABCF.oPE->ICF.oCFC->CAMSM.pM_2002@E-E-AxE
06-29 10:47:01.943  1600 14831 I Telecom : AsyncRingtonePlayer: Play ringtone.
06-29 10:47:01.944  1600  1886 I Telecom : Event: RecordEntry TC@4: SKIP_VIBRATION, hasVibrator=false, userRequestsVibrate=false, ringerMode=2, isVibrating=false: (...->CS.crCo->H.CS.crCo->H.CS.crCo.pICR)->CSW.hCCC->ABCF.oPE->ICF.oCFC->CAMSM.pM_2002@E-E-AxE
06-29 10:47:01.945  1600  1886 I MediaFocusControl: requestAudioFocus() from uid/pid 1000/1600 clientId=AudioFocus_For_Phone_Ring_And_Calls callingPack=com.android.server.telecom req=2 flags=0x4 sdk=0
06-29 10:47:01.978  1600  1885 I Telecom : CallAudioRouteStateMachine: Message received: SWITCH_FOCUS=4001, arg1=3: (...->CS.crCo->H.CS.crCo->H.CS.crCo.pICR)->CSW.hCCC->ABCF.oPE->ICF.oCFC->CAMSM.pM_2002->CARSM.pM_SWITCH_FOCUS@E-E-AxE
06-29 10:47:01.979  1600  1885 I Telecom : Event: RecordEntry TC@4: AUDIO_ROUTE, Leaving state QuiescentEarpieceRoute: (...->CS.crCo->H.CS.crCo->H.CS.crCo.pICR)->CSW.hCCC->ABCF.oPE->ICF.oCFC->CAMSM.pM_2002->CARSM.pM_SWITCH_FOCUS@E-E-AxE
06-29 10:47:01.981  1600  1885 I Telecom : Event: RecordEntry TC@4: AUDIO_ROUTE, Entering state ActiveEarpieceRoute: (...->CS.crCo->H.CS.crCo->H.CS.crCo.pICR)->CSW.hCCC->ABCF.oPE->ICF.oCFC->CAMSM.pM_2002->CARSM.pM_SWITCH_FOCUS@E-E-AxE
06-29 10:47:01.982  1600  1885 I Telecom : Event: RecordEntry TC@4: AUDIO_ROUTE_EARPIECE, null: (...->CS.crCo->H.CS.crCo->H.CS.crCo.pICR)->CSW.hCCC->ABCF.oPE->ICF.oCFC->CAMSM.pM_2002->CARSM.pM_SWITCH_FOCUS@E-E-AxE
06-29 10:47:01.982  1600  1885 I Telecom : CallAudioRouteStateMachine: turning speaker phone false: (...->CS.crCo->H.CS.crCo->H.CS.crCo.pICR)->CSW.hCCC->ABCF.oPE->ICF.oCFC->CAMSM.pM_2002->CARSM.pM_SWITCH_FOCUS@E-E-AxE
06-29 10:47:01.982  1600  1885 I Telecom : CallAudioRouteStateMachine: setSystemAudioState: changing from [AudioState isMuted: false, route: EARPIECE, supportedRouteMask: EARPIECE, SPEAKER] to [AudioState isMuted: false, route: EARPIECE, supportedRouteMask: EARPIECE, SPEAKER]: (...->CS.crCo->H.CS.crCo->H.CS.crCo.pICR)->CSW.hCCC->ABCF.oPE->ICF.oCFC->CAMSM.pM_2002->CARSM.pM_SWITCH_FOCUS@E-E-AxE
06-29 10:47:01.983  1600  1885 I Telecom : InCallController: Calling onAudioStateChanged, audioState: [AudioState isMuted: false, route: EARPIECE, supportedRouteMask: EARPIECE, SPEAKER] -> [AudioState isMuted: false, route: EARPIECE, supportedRouteMask: EARPIECE, SPEAKER]: (...->CS.crCo->H.CS.crCo->H.CS.crCo.pICR)->CSW.hCCC->ABCF.oPE->ICF.oCFC->CAMSM.pM_2002->CARSM.pM_SWITCH_FOCUS@E-E-AxE
06-29 10:47:02.024  1481  6767 D NuPlayerDriver: NuPlayerDriver(0xa8ca55b0) created, clientPid(1600)
06-29 10:47:02.112  1481 14834 D GenericSource: FileSource remote
06-29 10:47:02.164  1481 14833 D NuPlayerDriver: notifyListener_l(0xa8ca55b0), (1, 0, 0, -1), loop setting(0, 0)
06-29 10:47:02.180  1600 14831 D Ringtone: Successfully created local player
06-29 10:47:02.180  1600 14831 W Ringtone: Use of stream types is deprecated for operations other than volume control
06-29 10:47:02.180  1600 14831 W Ringtone: See the documentation of setStreamType() for what to use instead with android.media.AudioAttributes to qualify your playback use case
06-29 10:47:02.182  1481  6767 D NuPlayerDriver: reset(0xa8ca55b0) at state 4
06-29 10:47:02.192  1481  6767 D NuPlayerDriver: notifyListener_l(0xa8ca55b0), (8, 0, 0, -1), loop setting(1, 0)
06-29 10:47:02.196  1481 14833 D NuPlayerDriver: notifyResetComplete(0xa8ca55b0)
06-29 10:47:02.198  1481  6767 D NuPlayerDriver: reset(0xa8ca55b0) at state 0
06-29 10:47:02.204  1600 14831 V MediaPlayer: resetDrmState:  mDrmInfo=null mDrmProvisioningThread=null mPrepareDrmInProgress=false mActiveDrmScheme=false
06-29 10:47:02.204  1600 14831 V MediaPlayer: cleanDrmObj: mDrmObj=null mDrmSessionId=null
06-29 10:47:02.204  1600 14831 V MediaPlayer: resetDrmState:  mDrmInfo=null mDrmProvisioningThread=null mPrepareDrmInProgress=false mActiveDrmScheme=false
06-29 10:47:02.204  1600 14831 V MediaPlayer: cleanDrmObj: mDrmObj=null mDrmSessionId=null
06-29 10:47:02.263  1481  6767 D NuPlayerDriver: NuPlayerDriver(0xa8ca5620) created, clientPid(1600)
06-29 10:47:02.295  1481 14838 D GenericSource: FileSource remote
06-29 10:47:02.351  3472  3482 I zygote  : NativeAlloc concurrent copying GC freed 147377(4MB) AllocSpace objects, 9(372KB) LOS objects, 19% free, 24MB/30MB, paused 86.698ms total 2.735s
06-29 10:47:02.357  1481 14837 D NuPlayerDriver: notifyListener_l(0xa8ca5620), (1, 0, 0, -1), loop setting(0, 0)
06-29 10:47:02.361  1600 14831 D Ringtone: Successfully created local player
06-29 10:47:02.367  1481  6767 D NuPlayerDriver: start(0xa8ca5620), state is 4, eos is 0
06-29 10:47:02.367  1481 14837 I GenericSource: start
06-29 10:47:02.370  1600 14831 I Telecom : AsyncRingtonePlayer: Repeat ringtone.
06-29 10:47:02.374  1600  1600 V MediaRouter: onRestoreRoute() : route=RouteInfo{ name=Phone, description=null, status=null, category=RouteCategory{ name=System types=ROUTE_TYPE_LIVE_AUDIO ROUTE_TYPE_LIVE_VIDEO  groupable=false }, supportedTypes=ROUTE_TYPE_LIVE_AUDIO ROUTE_TYPE_LIVE_VIDEO , presentationDisplay=null }
06-29 10:47:02.374  1600  1600 V MediaRouter: Selecting route: RouteInfo{ name=Phone, description=null, status=null, category=RouteCategory{ name=System types=ROUTE_TYPE_LIVE_AUDIO ROUTE_TYPE_LIVE_VIDEO  groupable=false }, supportedTypes=ROUTE_TYPE_LIVE_AUDIO ROUTE_TYPE_LIVE_VIDEO , presentationDisplay=null }
06-29 10:47:02.394  1481 14842 I OMXClient: Treble IOmx obtained
06-29 10:47:02.395  1485  7823 I OMXMaster: makeComponentInstance(OMX.google.vorbis.decoder) in omx@1.0-service process
06-29 10:47:02.400  1485  7823 E OMXNodeInstance: setConfig(0xaad1f240:google.vorbis.decoder, ConfigPriority(0x6f800002)) ERROR: Undefined(0x80001001)
06-29 10:47:02.402  1481 14842 I ACodec  : codec does not support config priority (err -2147483648)
06-29 10:47:02.404  1485  7823 E OMXNodeInstance: getConfig(0xaad1f240:google.vorbis.decoder, ConfigAndroidVendorExtension(0x6f100004)) ERROR: Undefined(0x80001001)
06-29 10:47:02.406  1481 14842 I MediaCodec: MediaCodec will operate in async mode
06-29 10:47:02.411  1389  1389 W /system/bin/hw/android.hidl.allocator@1.0-service: ashmem_create_region(32768) returning hidl_memory(0xb1b1b830, 32768)
06-29 10:47:02.434  1389  1389 I chatty  : uid=1000(system) allocator@1.0-s identical 10 lines
06-29 10:47:02.435  1389  1389 W /system/bin/hw/android.hidl.allocator@1.0-service: ashmem_create_region(32768) returning hidl_memory(0xb1b1b830, 32768)
06-29 10:47:02.445  1481 14840 D AudioTrack: Client defaulted notificationFrames to 7406 for frameCount 22218
06-29 10:47:02.451  1481 14837 D NuPlayerDriver: notifyListener_l(0xa8ca5620), (6, 0, 0, -1), loop setting(1, 0)
06-29 10:47:02.456  1390  2659 W audio_hw_generic: Not supplying enough data to HAL, expected position 63034665 , only wrote 63034560
06-29 10:47:02.520  1481 14840 W AudioTrack: getTimestamp() location moved from kernel to server
06-29 10:47:02.562  1600  2003 D WificondControl: Scan result ready event
06-29 10:47:02.590  1473  1561 D AudioFlinger: mixer(0xa6c83380) throttle end: throttle time(9)
06-29 10:47:02.603  1704  1704 D StatusBar: disable<e i a s b h r c s q >
06-29 10:47:02.632  1964  4580 W ResourceType: ResTable_typeSpec entry count inconsistent: given 15, previously 22
06-29 10:47:02.767  1704  1929 D EGL_emulation: eglMakeCurrent: 0x9e4046c0: ver 2 0 (tinfo 0x9e403690)
06-29 10:47:02.775  1398  1434 D gralloc_ranchu: gralloc_alloc: Creating ashmem region of size 8298496
06-29 10:47:02.824  1704  1929 D EGL_emulation: eglMakeCurrent: 0x9e4046c0: ver 2 0 (tinfo 0x9e403690)
06-29 10:47:02.857  1398  1434 D gralloc_ranchu: gralloc_alloc: Creating ashmem region of size 8298496
06-29 10:47:02.914  1398  1434 D gralloc_ranchu: gralloc_alloc: Creating ashmem region of size 8298496
06-29 10:47:03.321  1473  1561 D AudioFlinger: mixer(0xa6c83380) throttle end: throttle time(12)
06-29 10:47:03.399  1704  1704 I zygote  : Deoptimizing void com.android.systemui.statusbar.NotificationContentView.updateViewVisibilities(int) due to JIT same target
06-29 10:47:03.401  1704  1704 I zygote  : Deoptimizing void com.android.systemui.statusbar.NotificationContentView.updateViewVisibility(int, int, android.view.View, com.android.systemui.statusbar.TransformableView) due to JIT same target
06-29 10:47:03.576  1390  2659 W audio_hw_generic: Not supplying enough data to HAL, expected position 63088349 , only wrote 63087840
06-29 10:47:03.684  1390  2659 W audio_hw_generic: Not supplying enough data to HAL, expected position 63093012 , only wrote 63092160
06-29 10:47:03.685  1390  2659 W audio_hw_generic: Not supplying enough data to HAL, expected position 63092189 , only wrote 63092160
06-29 10:47:03.701  1390  2659 W audio_hw_generic: Not supplying enough data to HAL, expected position 63092958 , only wrote 63092880
06-29 10:47:03.723  1473  1561 D AudioFlinger: mixer(0xa6c83380) throttle end: throttle time(4)
06-29 10:47:03.888  1390  2659 W audio_hw_generic: Not supplying enough data to HAL, expected position 63101834 , only wrote 63101520
06-29 10:47:03.895  1473  1561 D AudioFlinger: mixer(0xa6c83380) throttle end: throttle time(4)
06-29 10:47:04.693  1600  1613 E memtrack: Couldn't load memtrack module
06-29 10:47:04.693  1600  1613 W android.os.Debug: failed to get memory consumption info: -1
06-29 10:47:04.844  1600  1613 E memtrack: Couldn't load memtrack module
06-29 10:47:04.844  1600  1613 W android.os.Debug: failed to get memory consumption info: -1
06-29 10:47:04.958  1964 14730 I Places  : ?: PlacesBleScanner stop()
06-29 10:47:04.976  1964  1964 I BeaconBle: Scan : No clients left, canceling alarm.
06-29 10:47:04.979  1964  1964 I BeaconBle: Scan canceled successfully.
06-29 10:47:05.003  1390  2659 W audio_hw_generic: Not supplying enough data to HAL, expected position 63155032 , only wrote 63154800
06-29 10:47:05.003  1390  2659 W audio_hw_generic: Not supplying enough data to HAL, expected position 63154814 , only wrote 63154800
06-29 10:47:05.020  1390  2659 W audio_hw_generic: Not supplying enough data to HAL, expected position 63155602 , only wrote 63155520
06-29 10:47:05.041  1964 14730 I PlaceInferenceEngine: [anon] Changed inference mode: 0
06-29 10:47:05.044  1964 14730 I PlaceInferenceEngine: [account#1066226748] Changed inference mode: 0
06-29 10:47:05.072  1600  1613 E memtrack: Couldn't load memtrack module
06-29 10:47:05.072  1600  1613 W android.os.Debug: failed to get memory consumption info: -1
06-29 10:47:05.172  1481 14841 I NuPlayerDecoder: [audio] saw output EOS
06-29 10:47:05.173  1481 14840 D AudioTrack: stop() called with 132300 frames delivered
06-29 10:47:05.197  1964  1964 I GeofencerStateMachine: removeGeofences: removeRequest=RemoveGeofencingRequest[REMOVE_BY_PENDING_INTENT pendingIntent=PendingIntent[creatorPackage=com.google.android.gms], packageName=com.google.android.gms]
06-29 10:47:05.212  1600  1613 E memtrack: Couldn't load memtrack module
06-29 10:47:05.212  1600  1613 W android.os.Debug: failed to get memory consumption info: -1
06-29 10:47:05.312  1964  5333 W MessageQueue: Handler (aeyl) {a7a9da8} sending message to a Handler on a dead thread
06-29 10:47:05.312  1964  5333 W MessageQueue: java.lang.IllegalStateException: Handler (aeyl) {a7a9da8} sending message to a Handler on a dead thread
06-29 10:47:05.312  1964  5333 W MessageQueue: 	at android.os.MessageQueue.enqueueMessage(MessageQueue.java:545)
06-29 10:47:05.312  1964  5333 W MessageQueue: 	at android.os.Handler.enqueueMessage(Handler.java:662)
06-29 10:47:05.312  1964  5333 W MessageQueue: 	at android.os.Handler.sendMessageAtTime(Handler.java:631)
06-29 10:47:05.312  1964  5333 W MessageQueue: 	at aeyl.sendMessageAtTime(Unknown Source:3)
06-29 10:47:05.312  1964  5333 W MessageQueue: 	at android.os.Handler.sendMessageDelayed(Handler.java:601)
06-29 10:47:05.312  1964  5333 W MessageQueue: 	at android.os.Handler.post(Handler.java:357)
06-29 10:47:05.312  1964  5333 W MessageQueue: 	at bcln.execute(Unknown Source:2)
06-29 10:47:05.312  1964  5333 W MessageQueue: 	at aanh.execute(Unknown Source:9)
06-29 10:47:05.312  1964  5333 W MessageQueue: 	at avft.a(:com.google.android.gms@17785022@17.7.85 (040700-253824076):3)
06-29 10:47:05.312  1964  5333 W MessageQueue: 	at avgk.a(:com.google.android.gms@17785022@17.7.85 (040700-253824076):8)
06-29 10:47:05.312  1964  5333 W MessageQueue: 	at avgn.a(:com.google.android.gms@17785022@17.7.85 (040700-253824076):43)
06-29 10:47:05.312  1964  5333 W MessageQueue: 	at avgj.a(:com.google.android.gms@17785022@17.7.85 (040700-253824076):2)
06-29 10:47:05.312  1964  5333 W MessageQueue: 	at rpj.a(:com.google.android.gms@17785022@17.7.85 (040700-253824076):3)
06-29 10:47:05.312  1964  5333 W MessageQueue: 	at rpj.a(:com.google.android.gms@17785022@17.7.85 (040700-253824076):2)
06-29 10:47:05.312  1964  5333 W MessageQueue: 	at agos.a(Unknown Source:2)
06-29 10:47:05.312  1964  5333 W MessageQueue: 	at rnt.a(Unknown Source:11)
06-29 10:47:05.312  1964  5333 W MessageQueue: 	at aamg.a(:com.google.android.gms@17785022@17.7.85 (040700-253824076):1)
06-29 10:47:05.312  1964  5333 W MessageQueue: 	at cwm.onTransact(:com.google.android.gms@17785022@17.7.85 (040700-253824076):4)
06-29 10:47:05.312  1964  5333 W MessageQueue: 	at android.os.Binder.execTransact(Binder.java:697)
06-29 10:47:05.631  1473  1561 D AudioFlinger: mixer(0xa6c83380) throttle end: throttle time(5)
06-29 10:47:05.709  1481 14837 D NuPlayerDriver: notifyListener_l(0xa8ca5620), (2, 0, 0, -1), loop setting(1, 0)
06-29 10:47:05.732  1390  2659 W audio_hw_generic: Not supplying enough data to HAL, expected position 63189694 , only wrote 63189360
06-29 10:47:05.737  1481 14841 I NuPlayerDecoder: [OMX.google.vorbis.decoder] resubmitting CSD
06-29 10:47:05.738  1481 14841 I NuPlayerDecoder: [OMX.google.vorbis.decoder] resubmitting CSD
06-29 10:47:05.760  1481 14837 D NuPlayerDriver: notifyListener_l(0xa8ca5620), (6, 0, 0, -1), loop setting(1, 0)
06-29 10:47:05.783  1481 14840 W AudioTrack: getTimestamp() location moved from kernel to server
06-29 10:47:05.784  1481 14840 W NuPlayerRenderer: getPendingAudioPlayoutDurationUs: pendingUs -527 < 0, clamping to zero, potential resume after pause writtenAudioDurationUs: 17414, audioSinkPlayedUs: 17941
06-29 10:47:05.806  1481 14840 W AudioTrack: retrograde timestamp position corrected, -768 = 0 - 768
06-29 10:47:06.333  3472  3482 I zygote  : Background concurrent copying GC freed 439124(10MB) AllocSpace objects, 0(0B) LOS objects, 21% free, 21MB/27MB, paused 26.033ms total 545.779ms
06-29 10:47:06.739  1390  2659 W audio_hw_generic: Not supplying enough data to HAL, expected position 63237730 , only wrote 63237600
06-29 10:47:08.337  1390  2659 W audio_hw_generic: Not supplying enough data to HAL, expected position 63314294 , only wrote 63312480
06-29 10:47:08.338  1390  2659 W audio_hw_generic: Not supplying enough data to HAL, expected position 63312499 , only wrote 63312480
06-29 10:47:08.368  1390  2659 W audio_hw_generic: Not supplying enough data to HAL, expected position 63313942 , only wrote 63313200
06-29 10:47:08.489  1481 14841 I NuPlayerDecoder: [audio] saw output EOS
06-29 10:47:08.489  1481 14840 D AudioTrack: stop() called with 132300 frames delivered
06-29 10:47:08.582  1390  2659 W audio_hw_generic: Not supplying enough data to HAL, expected position 63323453 , only wrote 63323280
06-29 10:47:08.583  1390  2659 W audio_hw_generic: Not supplying enough data to HAL, expected position 63323336 , only wrote 63323280
06-29 10:47:08.598  1390  2659 W audio_hw_generic: Not supplying enough data to HAL, expected position 63324021 , only wrote 63324000
06-29 10:47:08.901  1481 14837 D NuPlayerDriver: notifyListener_l(0xa8ca5620), (2, 0, 0, -1), loop setting(1, 0)
06-29 10:47:08.914  1481 14841 I NuPlayerDecoder: [OMX.google.vorbis.decoder] resubmitting CSD
06-29 10:47:08.914  1481 14841 I NuPlayerDecoder: [OMX.google.vorbis.decoder] resubmitting CSD
06-29 10:47:08.927  1481 14837 D NuPlayerDriver: notifyListener_l(0xa8ca5620), (6, 0, 0, -1), loop setting(1, 0)
06-29 10:47:08.968  1481 14840 W AudioTrack: getTimestamp() location moved from kernel to server
06-29 10:47:09.012  1481 14840 W AudioTrack: retrograde timestamp position corrected, -1060 = 0 - 1060
06-29 10:47:09.047  3472  3482 I zygote  : Background concurrent copying GC freed 346635(7MB) AllocSpace objects, 0(0B) LOS objects, 23% free, 19MB/25MB, paused 3.231ms total 323.346ms
06-29 10:47:09.551  2629  2890 I WorkerManager: dispose()
06-29 10:47:09.567  2629  2890 W ThreadPoolDumper: Queue length for executor EventBus is now 11. Perhaps some tasks are too long, or the pool is too small.
06-29 10:47:09.681  2629  2646 W zygote  : Suspending all threads took: 16.876ms
06-29 10:47:09.991  1964  1964 I BeaconBle: Scan : No clients left, canceling alarm.
06-29 10:47:10.776  1390  2659 W audio_hw_generic: Not supplying enough data to HAL, expected position 63428527 , only wrote 63428400
06-29 10:47:10.777  1390  2659 W audio_hw_generic: Not supplying enough data to HAL, expected position 63428442 , only wrote 63428400
06-29 10:47:10.793  1390  2659 W audio_hw_generic: Not supplying enough data to HAL, expected position 63429183 , only wrote 63429120
06-29 10:47:10.806  1473  1561 D AudioFlinger: mixer(0xa6c83380) throttle end: throttle time(12)
06-29 10:47:11.468  1481 14841 I NuPlayerDecoder: [audio] saw output EOS
06-29 10:47:11.481  1481 14840 D AudioTrack: stop() called with 132300 frames delivered
06-29 10:47:11.709  3472  3482 I zygote  : Background concurrent copying GC freed 271077(6MB) AllocSpace objects, 0(0B) LOS objects, 21% free, 21MB/27MB, paused 1.196ms total 516.858ms
06-29 10:47:11.997  1390  2659 W audio_hw_generic: Not supplying enough data to HAL, expected position 63486900 , only wrote 63486720
06-29 10:47:11.998  1390  2659 W audio_hw_generic: Not supplying enough data to HAL, expected position 63486764 , only wrote 63486720
06-29 10:47:12.010  1481 14837 D NuPlayerDriver: notifyListener_l(0xa8ca5620), (2, 0, 0, -1), loop setting(1, 0)
06-29 10:47:12.014  1390  2659 W audio_hw_generic: Not supplying enough data to HAL, expected position 63487485 , only wrote 63487440
06-29 10:47:12.042  1481 14841 I NuPlayerDecoder: [OMX.google.vorbis.decoder] resubmitting CSD
06-29 10:47:12.043  1481 14841 I NuPlayerDecoder: [OMX.google.vorbis.decoder] resubmitting CSD
06-29 10:47:12.066  1481 14837 D NuPlayerDriver: notifyListener_l(0xa8ca5620), (6, 0, 0, -1), loop setting(1, 0)
06-29 10:47:12.076  1481  6767 W AudioTrack: getTimestamp() location moved from kernel to server
06-29 10:47:12.078  1481 14840 W NuPlayerRenderer: getPendingAudioPlayoutDurationUs: pendingUs -2218 < 0, clamping to zero, potential resume after pause writtenAudioDurationUs: 5804, audioSinkPlayedUs: 8022
06-29 10:47:12.102  1481 14840 W NuPlayerRenderer: getPendingAudioPlayoutDurationUs: pendingUs -2588 < 0, clamping to zero, potential resume after pause writtenAudioDurationUs: 20317, audioSinkPlayedUs: 22905
06-29 10:47:12.127  1481 14840 W AudioTrack: retrograde timestamp position corrected, -303 = 209 - 512
06-29 10:47:12.149  1481 14840 W AudioTrack: getTimestamp() location moved from kernel to server
06-29 10:47:12.180  1481 14840 W AudioTrack: retrograde timestamp position corrected, -390 = 843 - 1233
06-29 10:47:12.758  1390  2659 W audio_hw_generic: Not supplying enough data to HAL, expected position 63523170 , only wrote 63522000
06-29 10:47:12.759  1390  2659 W audio_hw_generic: Not supplying enough data to HAL, expected position 63522027 , only wrote 63522000
06-29 10:47:12.774  1390  2659 W audio_hw_generic: Not supplying enough data to HAL, expected position 63522750 , only wrote 63522720
06-29 10:47:12.912  1390  2659 W audio_hw_generic: Not supplying enough data to HAL, expected position 63529317 , only wrote 63529200
06-29 10:47:13.025  1600  1678 D ConnectivityService: NetworkAgentInfo [MOBILE (GPRS) - 100] EVENT_NETWORK_INFO_CHANGED, going from SUSPENDED to CONNECTED
06-29 10:47:13.029  1600  3604 I Telecom : InCallController: Sending updateCall [TC@4, RINGING, com.android.phone/com.android.services.telephony.TelephonyConnectionService, tel:****, A, childs(0), has_parent(false), [Capabilities: CAPABILITY_SUPPORT_HOLD CAPABILITY_MUTE CAPABILITY_CANNOT_DOWNGRADE_VIDEO_TO_AUDIO CAPABILITY_SPEED_UP_MT_AUDIO], [Properties:]]: CSW.sSH@Axo
06-29 10:47:13.044  1600  3604 I Telecom : InCallController: Components updated: [ComponentInfo{com.google.android.dialer/com.android.incallui.InCallServiceImpl}]: CSW.sSH@Axo
06-29 10:47:13.045  1600  2662 I Telecom : InCallController: Sending updateCall [TC@4, RINGING, com.android.phone/com.android.services.telephony.TelephonyConnectionService, tel:****, A, childs(0), has_parent(false), [Capabilities: CAPABILITY_SUPPORT_HOLD CAPABILITY_MUTE CAPABILITY_CANNOT_DOWNGRADE_VIDEO_TO_AUDIO CAPABILITY_SPEED_UP_MT_AUDIO], [Properties:]]: CSW.sCC@Axs
06-29 10:47:13.077  1600  2662 I Telecom : InCallController: Components updated: [ComponentInfo{com.google.android.dialer/com.android.incallui.InCallServiceImpl}]: CSW.sCC@Axs
06-29 10:47:13.088  1600  5171 I Telecom : InCallController: Sending updateCall [TC@4, RINGING, com.android.phone/com.android.services.telephony.TelephonyConnectionService, tel:****, A, childs(0), has_parent(false), [Capabilities: CAPABILITY_SUPPORT_HOLD CAPABILITY_MUTE CAPABILITY_CANNOT_DOWNGRADE_VIDEO_TO_AUDIO CAPABILITY_SPEED_UP_MT_AUDIO], [Properties:]]: CSW.sCC@Axw
06-29 10:47:13.110  1473  1561 D AudioFlinger: mixer(0xa6c83380) throttle end: throttle time(1)
06-29 10:47:13.227  1600  5171 I Telecom : InCallController: Components updated: [ComponentInfo{com.google.android.dialer/com.android.incallui.InCallServiceImpl}]: CSW.sCC@Axw
06-29 10:47:13.231  1473  1561 D AudioFlinger: mixer(0xa6c83380) throttle end: throttle time(5)
06-29 10:47:13.236  1600  5171 I Telecom : CallsManager: setCallState RINGING -> DISCONNECTED, call: [TC@4, RINGING, com.android.phone/com.android.services.telephony.TelephonyConnectionService, tel:****, A, childs(0), has_parent(false), [Capabilities: CAPABILITY_SUPPORT_HOLD CAPABILITY_MUTE CAPABILITY_CANNOT_DOWNGRADE_VIDEO_TO_AUDIO CAPABILITY_SPEED_UP_MT_AUDIO], [Properties:]]: CSW.sDc@Ax0
06-29 10:47:13.236  1600  5171 I Telecom : Event: RecordEntry TC@4: SET_DISCONNECTED, disconnected set explicitly> DisconnectCause [ Code: (MISSED) Label: () Description: () Reason: (INCOMING_MISSED) Tone: (-1) ]: CSW.sDc@Ax0
06-29 10:47:13.298  1600  1885 I Telecom : CallAudioRouteStateMachine: Message received: UPDATE_SYSTEM_AUDIO_ROUTE=1201, arg1=0: CSW.sDc->CARSM.pM_UPDATE_SYSTEM_AUDIO_ROUTE@Ax0
06-29 10:47:13.299  1600  1886 I Telecom : CallAudioModeStateMachine: Message received: NO_MORE_RINGING_CALLS.: CSW.sDc->CAMSM.pM_1002@Ax0
06-29 10:47:13.299  1600  1886 I Telecom : Event: RecordEntry TC@4: STOP_RINGER, null: CSW.sDc->CAMSM.pM_1002@Ax0
06-29 10:47:13.299  1600  1886 I Telecom : CallAudioModeStateMachine: Abandoning audio focus: now UNFOCUSED: CSW.sDc->CAMSM.pM_1002@Ax0
06-29 10:47:13.300  1600  1886 I MediaFocusControl: abandonAudioFocus() from uid/pid 1000/1600 clientId=AudioFocus_For_Phone_Ring_And_Calls
06-29 10:47:13.307  1600 14831 I Telecom : AsyncRingtonePlayer: Stop ringtone.
06-29 10:47:13.313  1481  6767 D NuPlayerDriver: reset(0xa8ca5620) at state 5
06-29 10:47:13.340  1481  6767 D NuPlayerDriver: notifyListener_l(0xa8ca5620), (8, 0, 0, -1), loop setting(1, 0)
06-29 10:47:13.374  1600  5171 W ContextImpl: Calling a method in the system process without a qualified user: android.app.ContextImpl.sendBroadcast:981 android.content.ContextWrapper.sendBroadcast:442 com.android.server.telecom.CallLogManager.sendAddCallBroadcast:444 com.android.server.telecom.CallLogManager.logCall:287 com.android.server.telecom.CallLogManager.logCall:233 
06-29 10:47:13.374  1600  5171 I Telecom : InCallController: Sending updateCall [TC@4, DISCONNECTED, com.android.phone/com.android.services.telephony.TelephonyConnectionService, tel:****, A, childs(0), has_parent(false), [Capabilities: CAPABILITY_SUPPORT_HOLD CAPABILITY_MUTE CAPABILITY_CANNOT_DOWNGRADE_VIDEO_TO_AUDIO CAPABILITY_SPEED_UP_MT_AUDIO], [Properties:]]: CSW.sDc@Ax0
06-29 10:47:13.395  1481 14837 D NuPlayerDriver: notifyResetComplete(0xa8ca5620)
06-29 10:47:13.398  1481  6767 D NuPlayerDriver: reset(0xa8ca5620) at state 0
06-29 10:47:13.399  1600  5171 I Telecom : InCallController: Components updated: [ComponentInfo{com.google.android.dialer/com.android.incallui.InCallServiceImpl}]: CSW.sDc@Ax0
06-29 10:47:13.401  1600  5171 I Telecom : TelecomWakeLock: Releasing WakeLock with id: 26: CSW.sDc@Ax0
06-29 10:47:13.401  1600  5171 I Telecom : InCallWakeLockController: Releasing full wake lock: CSW.sDc@Ax0
06-29 10:47:13.402  1600 14831 V MediaPlayer: resetDrmState:  mDrmInfo=null mDrmProvisioningThread=null mPrepareDrmInProgress=false mActiveDrmScheme=false
06-29 10:47:13.402  1600 14831 V MediaPlayer: cleanDrmObj: mDrmObj=null mDrmSessionId=null
06-29 10:47:13.402  1600 14831 V MediaPlayer: resetDrmState:  mDrmInfo=null mDrmProvisioningThread=null mPrepareDrmInProgress=false mActiveDrmScheme=false
06-29 10:47:13.402  1600 14831 V MediaPlayer: cleanDrmObj: mDrmObj=null mDrmSessionId=null
06-29 10:47:13.403  1481  6767 D AudioTrack: stop() called with 0 frames delivered
06-29 10:47:13.420  1600  1600 D GpsNetInitiatedHandler: onCallStateChanged(): state is 0
06-29 10:47:13.421  5485  5485 I Dialer  : DialerCallListenerImpl.onDialerCallDisconnect - [DialerCall_2, DISCONNECTED, [Capabilities: CAPABILITY_SUPPORT_HOLD CAPABILITY_MUTE CAPABILITY_CANNOT_DOWNGRADE_VIDEO_TO_AUDIO], [Properties:], children:[], parent:null, conferenceable:[], videoState:Audio Only, mSessionModificationState:0, CameraDir:-1]
06-29 10:47:13.423  1600  1614 W BroadcastQueue: Permission Denial: receiving Intent { act=android.intent.action.PHONE_STATE flg=0x1000010 (has extras) } to ProcessRecord{89d0980 4877:com.mapfactor.navigator:Notifications/u0a88} (pid=4877, uid=10088) requires android.permission.READ_PRIVILEGED_PHONE_STATE due to sender android (uid 1000)
06-29 10:47:13.426  1600  1614 W BroadcastQueue: Permission Denial: receiving Intent { act=android.intent.action.PHONE_STATE flg=0x1000010 (has extras) } to ProcessRecord{8d7ec42 1704:com.android.systemui/u0a29} (pid=1704, uid=10029) requires android.permission.READ_PHONE_STATE due to sender android (uid 1000)
06-29 10:47:13.427  2175  4109 I TelephonySpam: TelephonySpamInit - scheduleCallLogTask
06-29 10:47:13.431  1600  5171 I Telecom : PhoneStateBroadcaster: Broadcasted state change: 0: CSW.sDc@Ax0
06-29 10:47:13.433  1600  5171 I Telecom : IncomingCallNotifier: updateIncomingCall: foundIncomingcall = null: CSW.sDc@Ax0
06-29 10:47:13.433  1600  1885 I Telecom : CallAudioRouteStateMachine: setSystemAudioState: changing from [AudioState isMuted: false, route: EARPIECE, supportedRouteMask: EARPIECE, SPEAKER] to [AudioState isMuted: false, route: EARPIECE, supportedRouteMask: EARPIECE, SPEAKER]: CSW.sDc->CARSM.pM_UPDATE_SYSTEM_AUDIO_ROUTE@Ax0
06-29 10:47:13.433  1600  1885 I Telecom : InCallController: Calling onAudioStateChanged, audioState: [AudioState isMuted: false, route: EARPIECE, supportedRouteMask: EARPIECE, SPEAKER] -> [AudioState isMuted: false, route: EARPIECE, supportedRouteMask: EARPIECE, SPEAKER]: CSW.sDc->CARSM.pM_UPDATE_SYSTEM_AUDIO_ROUTE@Ax0
06-29 10:47:13.440  1600  5171 I Telecom : ConnectionServiceWrapper: Service unbound ComponentInfo{com.android.phone/com.android.services.telephony.TelephonyConnectionService}, from unbind.: CSW.rC@Ax8
06-29 10:47:13.451  1600  5171 I Telecom : CallsManager: handleConnectionServiceDeath: service com.android.server.telecom.ConnectionServiceWrapper@78c017d died: CSW.rC@Ax8
06-29 10:47:13.452  1600  5171 I Telecom : Event: RecordEntry TC@4: DESTROYED, null: CSW.rC@Ax8
06-29 10:47:13.452  1600  5171 I Telecom : InCallController: onCallRemoved: [TC@4, DISCONNECTED, null, tel:****, A, childs(0), has_parent(false), [Capabilities: CAPABILITY_SUPPORT_HOLD CAPABILITY_MUTE CAPABILITY_CANNOT_DOWNGRADE_VIDEO_TO_AUDIO CAPABILITY_SPEED_UP_MT_AUDIO], [Properties:]]: CSW.rC@Ax8
06-29 10:47:13.456  1600  5171 I Telecom : TelecomWakeLock: WakeLock already released with id: 26: CSW.rC@Ax8
06-29 10:47:13.456  1600  5171 I Telecom : InCallWakeLockController: Releasing full wake lock: CSW.rC@Ax8
06-29 10:47:13.456  1600  5171 I Telecom : ProximitySensorManager: All calls removed, resetting proximity sensor to default state: CSW.rC@Ax8
06-29 10:47:13.457  1600  5171 I Telecom : TelecomWakeLock: WakeLock already released with id: 32: CSW.rC@Ax8
06-29 10:47:13.457  1600  5171 I Telecom : IncomingCallNotifier: updateIncomingCall: foundIncomingcall = null: CSW.rC@Ax8
06-29 10:47:13.458  1600  1600 D MediaSessionService: Global priority session is updated, active=false
06-29 10:47:13.472  5485  5485 I Dialer  : EnrichedCallManagerImpl.onDisconnect - enter
06-29 10:47:13.473  5485  5485 I Dialer  : EnrichedCallManagerImpl.onDisconnect - disconnected call with no enriched call session
06-29 10:47:13.485  1600  1617 I WifiService: requestActivityInfo uid=1000
06-29 10:47:13.485  1600  1617 I WifiService: reportActivityInfo uid=1000
06-29 10:47:13.485  1600  1617 I WifiService: getSupportedFeatures uid=1000
06-29 10:47:13.504  1600  1885 I Telecom : CallAudioRouteStateMachine: Message received: SWITCH_FOCUS=4001, arg1=1: CSW.sDc->CAMSM.pM_1002->CARSM.pM_SWITCH_FOCUS@Ax0
06-29 10:47:13.504  1600  1885 I Telecom : CallAudioRouteStateMachine: turning speaker phone false: CSW.sDc->CAMSM.pM_1002->CARSM.pM_SWITCH_FOCUS@Ax0
06-29 10:47:13.504  1600  1885 I Telecom : Logging.Events: Non-call EVENT: UNMUTE, null: CSW.sDc->CAMSM.pM_1002->CARSM.pM_SWITCH_FOCUS@Ax0
06-29 10:47:13.515  5485  5485 I Dialer  : InCallPresenter.onCallListChange - Phone switching state: INCOMING -> INCALL
06-29 10:47:13.524  1390  1562 W DeviceHAL: Device 0xac9b2d00 get_mic_mute: Function not implemented
06-29 10:47:13.525  1600  1885 I Telecom : Logging.Events: Non-call EVENT: AUDIO_ROUTE, Leaving state ActiveEarpieceRoute: CSW.sDc->CAMSM.pM_1002->CARSM.pM_SWITCH_FOCUS@Ax0
06-29 10:47:13.525  1600  1885 I Telecom : Logging.Events: Non-call EVENT: AUDIO_ROUTE, Entering state QuiescentEarpieceRoute: CSW.sDc->CAMSM.pM_1002->CARSM.pM_SWITCH_FOCUS@Ax0
06-29 10:47:13.559  5485  5485 I Dialer  : VideoPauseController.onStateChange - hasPrimaryCallChanged: true, videoCanPause: false, isInBackground: false
06-29 10:47:13.559  5485  5485 I Dialer  : VideoPauseController.onPrimaryCallChanged - new call: null, old call: [DialerCall_2, DISCONNECTED, [Capabilities: CAPABILITY_SUPPORT_HOLD CAPABILITY_MUTE CAPABILITY_CANNOT_DOWNGRADE_VIDEO_TO_AUDIO], [Properties:], children:[], parent:null, conferenceable:[], videoState:Audio Only, mSessionModificationState:0, CameraDir:-1], mIsInBackground: false
06-29 10:47:13.560  5485  5485 I Dialer  : StatusBarNotifier.cancelNotification - cancel
06-29 10:47:13.592  1390  2659 W audio_hw_generic: Not supplying enough data to HAL, expected position 63561847 , only wrote 63561600
06-29 10:47:13.594  1390  2659 W audio_hw_generic: Not supplying enough data to HAL, expected position 63561681 , only wrote 63561600
06-29 10:47:13.671  5485  5485 I Dialer  : EnrichedCallManagerImpl.unregisterCapabilitiesListener - listener: [DialerCall_2, DISCONNECTED, [Capabilities: CAPABILITY_SUPPORT_HOLD CAPABILITY_MUTE CAPABILITY_CANNOT_DOWNGRADE_VIDEO_TO_AUDIO], [Properties:], children:[], parent:null, conferenceable:[], videoState:Audio Only, mSessionModificationState:0, CameraDir:-1]
06-29 10:47:13.691  5485  5485 I Dialer  : EnrichedCallManagerImpl.unregisterStateChangedListener - listener: [DialerCall_2, DISCONNECTED, [Capabilities: CAPABILITY_SUPPORT_HOLD CAPABILITY_MUTE CAPABILITY_CANNOT_DOWNGRADE_VIDEO_TO_AUDIO], [Properties:], children:[], parent:null, conferenceable:[], videoState:Audio Only, mSessionModificationState:0, CameraDir:-1]
06-29 10:47:13.698  5485  5485 I Dialer  : DialerCall.setState - ignoring state transition from DISCONNECTED to DISCONNECTED. Duration would have changed from 0 to 0
06-29 10:47:13.716  5485  5485 I Dialer  : CallList.onUpdateCall - [DialerCall_2, DISCONNECTED, [Capabilities: CAPABILITY_SUPPORT_HOLD CAPABILITY_MUTE CAPABILITY_CANNOT_DOWNGRADE_VIDEO_TO_AUDIO], [Properties:], children:[], parent:null, conferenceable:[], videoState:Audio Only, mSessionModificationState:0, CameraDir:-1]
06-29 10:47:13.716  5485  5485 I Dialer  : InCallPresenter.onCallListChange - Phone switching state: INCALL -> INCALL
06-29 10:47:13.727  5485  5485 I Dialer  : VideoPauseController.onStateChange - hasPrimaryCallChanged: false, videoCanPause: false, isInBackground: false
06-29 10:47:13.729  5485  5485 I Dialer  : EnrichedCallManagerImpl.unregisterCapabilitiesListener - listener: [DialerCall_2, DISCONNECTED, [Capabilities: CAPABILITY_SUPPORT_HOLD CAPABILITY_MUTE CAPABILITY_CANNOT_DOWNGRADE_VIDEO_TO_AUDIO], [Properties:], children:[], parent:null, conferenceable:[], videoState:Audio Only, mSessionModificationState:0, CameraDir:-1]
06-29 10:47:13.729  5485  5485 I Dialer  : EnrichedCallManagerImpl.unregisterStateChangedListener - listener: [DialerCall_2, DISCONNECTED, [Capabilities: CAPABILITY_SUPPORT_HOLD CAPABILITY_MUTE CAPABILITY_CANNOT_DOWNGRADE_VIDEO_TO_AUDIO], [Properties:], children:[], parent:null, conferenceable:[], videoState:Audio Only, mSessionModificationState:0, CameraDir:-1]
06-29 10:47:13.781  1833 14855 D CallNotifier: SignalInfoTonePlayer.run(toneId = 98)...
06-29 10:47:13.782  1833 14855 D CallNotifier: mSignalInfoToneGenerator created already, hence skipping
06-29 10:47:13.925  5485  5485 W Dialer  : CallList.onCallRemoved - Removing call not previously disconnected DialerCall_2
06-29 10:47:13.925  5485  5485 I Dialer  : VideoShareManager.unregisterListener - enter
06-29 10:47:13.928  5485  5485 I Dialer  : EnrichedCallManagerImpl.unregisterCapabilitiesListener - listener: bca@b523162
06-29 10:47:13.951  5485  5485 I Dialer  : InCallPresenter.attemptFinishActivity - Hide in call UI: false
06-29 10:47:13.952  5485  5485 I Dialer  : InCallPresenter.onCallListChange - Phone switching state: INCALL -> NO_CALLS
06-29 10:47:13.952  5485  5485 I Dialer  : VideoPauseController.onStateChange - hasPrimaryCallChanged: false, videoCanPause: false, isInBackground: false
06-29 10:47:13.953  5485  5485 I Dialer  : InCallPresenter.onCallListChange - Phone switching state: NO_CALLS -> NO_CALLS
06-29 10:47:13.954  5485  5485 I Dialer  : VideoPauseController.onStateChange - hasPrimaryCallChanged: false, videoCanPause: false, isInBackground: false
06-29 10:47:13.956  5485  5485 I Dialer  : InCallPresenter.onCallListChange - Phone switching state: NO_CALLS -> NO_CALLS
06-29 10:47:13.956  5485  5485 I Dialer  : VideoPauseController.onStateChange - hasPrimaryCallChanged: false, videoCanPause: false, isInBackground: false
06-29 10:47:14.125  1704  1704 D StatusBar: disable<e i a s b h r c s q >
06-29 10:47:14.247  1704  1929 D EGL_emulation: eglMakeCurrent: 0x9e4046c0: ver 2 0 (tinfo 0x9e403690)
06-29 10:47:14.298  1398  1434 D gralloc_ranchu: gralloc_alloc: Creating ashmem region of size 274432
06-29 10:47:14.306  1600  1614 W ActivityManager: Slow operation: 74ms so far, now at startProcess: returned from zygote!
06-29 10:47:14.306  1600  1614 W ActivityManager: Slow operation: 74ms so far, now at startProcess: done updating battery stats
06-29 10:47:14.310  1600  1614 W ActivityManager: Slow operation: 74ms so far, now at startProcess: building log message
06-29 10:47:14.311  1600  1614 I ActivityManager: Start proc 14856:com.android.calllogbackup/u0a2 for broadcast com.android.calllogbackup/.CallLogChangeReceiver
06-29 10:47:14.311  1600  1614 W ActivityManager: Slow operation: 78ms so far, now at startProcess: starting to update pids map
06-29 10:47:14.311  1600  1614 W ActivityManager: Slow operation: 78ms so far, now at startProcess: done updating pids map
06-29 10:47:14.311  1600  1614 W ActivityManager: Slow operation: 81ms so far, now at startProcess: done starting proc!
06-29 10:47:14.323 14856 14856 W zygote  : Unexpected CPU variant for X86 using defaults: x86
06-29 10:47:14.321  1704  1929 D EGL_emulation: eglMakeCurrent: 0x9e4046c0: ver 2 0 (tinfo 0x9e403690)
06-29 10:47:14.367  1398  1434 D gralloc_ranchu: gralloc_alloc: Creating ashmem region of size 274432
06-29 10:47:14.421  1600  1600 I Telecom : MissedCallNotifierImpl: showMissedCallNotification()
06-29 10:47:14.429  1600  1600 W Telecom : MissedCallNotifierImpl: Showing missed calls through default dialer.
06-29 10:47:14.388  1398  1434 D gralloc_ranchu: gralloc_alloc: Creating ashmem region of size 274432
06-29 10:47:14.486 14856 14856 I zygote  : The ClassLoaderContext is a special shared library.
06-29 10:47:14.517  1390  2659 W audio_hw_generic: Not supplying enough data to HAL, expected position 63605916 , only wrote 63605520
06-29 10:47:14.518  1390  2659 W audio_hw_generic: Not supplying enough data to HAL, expected position 63605571 , only wrote 63605520
06-29 10:47:14.534  1390  2659 W audio_hw_generic: Not supplying enough data to HAL, expected position 63606271 , only wrote 63606240
06-29 10:47:14.804  1390  2659 W audio_hw_generic: Not supplying enough data to HAL, expected position 63619234 , only wrote 63619200
06-29 10:47:14.845  5485  5506 I Dialer  : MissedCallNotifier.updateMissedCallNotification - adding missed call notification
06-29 10:47:14.887  1600  1600 E VibratorService: vibratorOff command failed (1).
06-29 10:47:14.932  1339  1339 W /system/bin/hwservicemanager: getTransport: Cannot find entry android.hardware.vibrator@1.0::IVibrator/default in either framework or device manifest.
06-29 10:47:14.933  1600 14870 E VibratorService: vibratorOn command failed (1).
06-29 10:47:14.997  3472  3482 I zygote  : Background concurrent copying GC freed 328422(7MB) AllocSpace objects, 0(0B) LOS objects, 22% free, 20MB/26MB, paused 34.859ms total 603.501ms
06-29 10:47:15.051  1600  1600 E VibratorService: vibratorOff command failed (1).
06-29 10:47:15.083  1600 14871 E VibratorService: vibratorOn command failed (1).
06-29 10:47:15.150  5485  5485 I Dialer  : MissedCallNotificationReceiver.onReceive - update missed call notifications successful
06-29 10:47:15.180  5485  5485 I Dialer  : MissedCallNotificationReceiver.updateBadgeCount - update badge count: 1 success: false
06-29 10:47:15.333  5485  5497 I zygote  : Background concurrent copying GC freed 11110(719KB) AllocSpace objects, 2(104KB) LOS objects, 50% free, 3MB/6MB, paused 996us total 162.598ms
06-29 10:47:15.456  1600  1600 I Telecom : EmergencyInCallServiceConnection: Disconnect forced!: CSW.rC->ICC.oCR@Ax8
06-29 10:47:15.465  5485  5485 I Dialer  : InCallPresenter.setBoundAndWaitingForOutgoingCall - setBoundAndWaitingForOutgoingCall: false
06-29 10:47:15.466  5485  5485 I Dialer  : InCallPresenter.onCallListChange - Phone switching state: NO_CALLS -> NO_CALLS
06-29 10:47:15.466  5485  5485 I Dialer  : VideoPauseController.onStateChange - hasPrimaryCallChanged: false, videoCanPause: false, isInBackground: false
06-29 10:47:15.471  5485  5485 I Dialer  : InCallPresenter.attemptCleanup - Cleaning up
06-29 10:47:15.471  5485  5485 I Dialer  : ProximitySensor.turnOffProximitySensor - wake lock already released
06-29 10:47:15.471  5485  5485 I Dialer  : EnrichedCallManagerImpl.unregisterStateChangedListener - listener: bmz@5bd8df1
06-29 10:47:15.471  5485  5485 I Dialer  : VideoPauseController.tearDown - enter
06-29 10:47:15.688  1600 14871 E VibratorService: vibratorOn command failed (1).
06-29 10:47:16.040  1600 14871 E VibratorService: vibratorOff command failed (1).
06-29 10:47:16.418  1390  1562 W audio_hw_generic: Not supplying enough data to HAL, expected position 63772995 , only wrote 63696240
06-29 10:47:17.202  1964  1978 I zygote  : Background concurrent copying GC freed 134052(5MB) AllocSpace objects, 39(2MB) LOS objects, 40% free, 8MB/14MB, paused 1.236ms total 186.497ms
06-29 10:47:17.949  3472  3482 I zygote  : Background concurrent copying GC freed 317346(7MB) AllocSpace objects, 0(0B) LOS objects, 22% free, 20MB/26MB, paused 2.394ms total 280.242ms
06-29 10:47:18.186  1600  2371 I WifiService: acquireWifiLock uid=10014 lockMode=2
06-29 10:47:18.198  1600  1613 E memtrack: Couldn't load memtrack module
06-29 10:47:18.199  1600  1613 W android.os.Debug: failed to get memory consumption info: -1
06-29 10:47:18.334  1600  2371 I WifiService: releaseWifiLock uid=10014
06-29 10:47:18.935  1406  1406 I boot-pipe: done populating /dev/random
06-29 10:47:19.758  1600  1613 E memtrack: Couldn't load memtrack module
06-29 10:47:19.758  1600  1613 W android.os.Debug: failed to get memory consumption info: -1
06-29 10:47:20.479  3472  3482 I zygote  : Background concurrent copying GC freed 285742(6MB) AllocSpace objects, 0(0B) LOS objects, 23% free, 19MB/25MB, paused 3.720ms total 235.962ms
06-29 10:47:22.220  1600  2371 I WifiService: getConnectionInfo uid=10014
06-29 10:47:22.226  1964 13960 E WakeLock: GCM_HB_ALARM release without a matched acquire!
06-29 10:47:22.228  1600  1617 I WifiService: requestActivityInfo uid=1000
