07-03 23:14:07.359  1604  1617 W android.os.Debug: failed to get memory consumption info: -1
07-03 23:14:07.463  1604  1617 E memtrack: Couldn't load memtrack module
07-03 23:14:07.463  1604  1617 W android.os.Debug: failed to get memory consumption info: -1
07-03 23:14:07.555 25598 25598 W ResourceType: ResTable_typeSpec entry count inconsistent: given 163, previously 179
07-03 23:14:07.556 25598 25598 W ResourceType: ResTable_typeSpec entry count inconsistent: given 574, previously 578
07-03 23:14:07.556 25598 25598 W ResourceType: ResTable_typeSpec entry count inconsistent: given 158, previously 516
07-03 23:14:07.558 14699 25612 I chatty  : uid=10104(net.osmand) expire 31 lines
07-03 23:14:08.062 25598 25598 D FirebaseApp: com.google.firebase.auth.FirebaseAuth is not linked. Skipping initialization.
07-03 23:14:08.064 25598 25598 D FirebaseApp: com.google.firebase.crash.FirebaseCrash is not linked. Skipping initialization.
07-03 23:14:08.064 25598 25598 I FirebaseInitProvider: FirebaseApp initialization successful
07-03 23:14:08.233 25598 25624 W System.err: java.lang.IllegalArgumentException: Expected receiver of type com.android.vending.billing.IInAppBillingService, but got android.os.BinderProxy
07-03 23:14:08.238 25598 25624 W System.err: 	at java.lang.reflect.Method.invoke(Native Method)
07-03 23:14:08.238 25598 25624 W System.err: 	at com.onesignal.TrackGooglePurchase$2.run(TrackGooglePurchase.java:146)
07-03 23:14:08.238 25598 25624 W System.err: 	at java.lang.Thread.run(Thread.java:764)
07-03 23:14:08.264 25598 25616 I FA      : App measurement is starting up, version: 14711
07-03 23:14:08.277 25598 25616 I FA      : To enable debug logging run: adb shell setprop log.tag.FA VERBOSE
07-03 23:14:08.281 25598 25616 I FA      : To enable faster debug mode event logging run:
07-03 23:14:08.281 25598 25616 I FA      :   adb shell setprop debug.firebase.analytics.app com.maps.voice.navigation.traffic.gps.location.route.driving.directions
07-03 23:14:08.681  1707  1707 W ResourceType: ResTable_typeSpec entry count inconsistent: given 163, previously 179
07-03 23:14:08.682  1707  1707 W ResourceType: ResTable_typeSpec entry count inconsistent: given 574, previously 578
07-03 23:14:08.682  1707  1707 W ResourceType: ResTable_typeSpec entry count inconsistent: given 158, previously 516
07-03 23:14:08.739  1485  7922 D NuPlayerDriver: NuPlayerDriver(0xae5140e0) created, clientPid(1707)
07-03 23:14:08.795  1485 25631 D GenericSource: FileSource remote
07-03 23:14:08.831  1485 25630 D NuPlayerDriver: notifyListener_l(0xae5140e0), (1, 0, 0, -1), loop setting(0, 0)
07-03 23:14:08.885  1604  1853 I MediaFocusControl: requestAudioFocus() from uid/pid 10029/1707 clientId=android.media.AudioManager@872f8fd callingPack=com.android.systemui req=3 flags=0x0 sdk=27
07-03 23:14:08.992 25598 25625 I OneSignalExample: NotificationID received: ba787ce1-0ac1-4b49-941e-a790078aa17c
07-03 23:14:08.993 25598 25625 D OneSignalExample: Notification displayed with id: 1439292495
07-03 23:14:09.082 25598 25616 I FA      : Tag Manager is not found and thus will not be used
07-03 23:14:09.099  1707  1707 W StaticLayout: maxLineHeight should not be -1.  maxLines:1 lineCount:1
07-03 23:14:09.100  1707  1707 W StaticLayout: maxLineHeight should not be -1.  maxLines:1 lineCount:1
07-03 23:14:09.164  1604 25627 E VibratorService: vibratorOff command failed (1).
07-03 23:14:09.178  1604 25635 E VibratorService: vibratorOn command failed (1).
07-03 23:14:09.391  1485  7922 D NuPlayerDriver: start(0xae5140e0), state is 4, eos is 0
07-03 23:14:09.392  1485 25630 I GenericSource: start
07-03 23:14:09.437  1707  1707 V MediaRouter: onRestoreRoute() : route=RouteInfo{ name=Phone, description=null, status=null, category=RouteCategory{ name=System types=ROUTE_TYPE_LIVE_AUDIO ROUTE_TYPE_LIVE_VIDEO  groupable=false }, supportedTypes=ROUTE_TYPE_LIVE_AUDIO ROUTE_TYPE_LIVE_VIDEO , presentationDisplay=null }
07-03 23:14:09.438  1707  1707 V MediaRouter: Selecting route: RouteInfo{ name=Phone, description=null, status=null, category=RouteCategory{ name=System types=ROUTE_TYPE_LIVE_AUDIO ROUTE_TYPE_LIVE_VIDEO  groupable=false }, supportedTypes=ROUTE_TYPE_LIVE_AUDIO ROUTE_TYPE_LIVE_VIDEO , presentationDisplay=null }
07-03 23:14:09.460  1485 25638 I OMXClient: Treble IOmx obtained
07-03 23:14:09.467  1489 20412 I OMXMaster: makeComponentInstance(OMX.google.vorbis.decoder) in omx@1.0-service process
07-03 23:14:09.552  1489  1780 E OMXNodeInstance: setConfig(0xaf214000:google.vorbis.decoder, ConfigPriority(0x6f800002)) ERROR: Undefined(0x80001001)
07-03 23:14:09.552  1485 25638 I ACodec  : codec does not support config priority (err -2147483648)
07-03 23:14:09.555  1489 20412 E OMXNodeInstance: getConfig(0xaf214000:google.vorbis.decoder, ConfigAndroidVendorExtension(0x6f100004)) ERROR: Undefined(0x80001001)
07-03 23:14:09.556  1485 25638 I MediaCodec: MediaCodec will operate in async mode
07-03 23:14:09.563  1393  1393 W /system/bin/hw/android.hidl.allocator@1.0-service: ashmem_create_region(32768) returning hidl_memory(0xb151b830, 32768)
07-03 23:14:09.574  1393  1393 I chatty  : uid=1000(system) allocator@1.0-s identical 8 lines
07-03 23:14:09.576  1393  1393 W /system/bin/hw/android.hidl.allocator@1.0-service: ashmem_create_region(32768) returning hidl_memory(0xb151b830, 32768)
07-03 23:14:09.597 14699 25641 I chatty  : uid=10104(net.osmand) expire 31 lines
07-03 23:14:09.610  1393  1393 W /system/bin/hw/android.hidl.allocator@1.0-service: ashmem_create_region(32768) returning hidl_memory(0xb151b830, 32768)
07-03 23:14:09.616  1393  1393 W /system/bin/hw/android.hidl.allocator@1.0-service: ashmem_create_region(32768) returning hidl_memory(0xb151b830, 32768)
07-03 23:14:09.629  1485 25636 D AudioTrack: Client defaulted notificationFrames to 7406 for frameCount 22218
07-03 23:14:09.632  1394  3176 W audio_hw_generic: Not supplying enough data to HAL, expected position 725288431 , only wrote 725288400
07-03 23:14:09.634  1485 25630 D NuPlayerDriver: notifyListener_l(0xae5140e0), (6, 0, 0, -1), loop setting(0, 0)
07-03 23:14:09.745  1485 25636 W AudioTrack: getTimestamp() location moved from kernel to server
07-03 23:14:09.789  1604 25635 E VibratorService: vibratorOn command failed (1).
07-03 23:14:10.141  1604 25635 E VibratorService: vibratorOff command failed (1).
07-03 23:14:10.621 14699 14724 I chatty  : uid=10104(net.osmand) Loader map obje expire 89 lines
07-03 23:14:10.929  1477  1572 D AudioFlinger: mixer(0xac983140) throttle end: throttle time(12)
07-03 23:14:11.061  1604  5750 I WifiService: acquireWifiLock uid=10014 lockMode=2
07-03 23:14:11.069 14699 14709 I chatty  : uid=10104(net.osmand) HeapTaskDaemon expire 8 lines
07-03 23:14:11.080 14699 14699 I chatty  : uid=10104(net.osmand) expire 17 lines
07-03 23:14:11.086 14699 25643 I chatty  : uid=10104(net.osmand) expire 31 lines
07-03 23:14:11.254  1485 25637 I NuPlayerDecoder: [audio] saw output EOS
07-03 23:14:11.500  1485 25636 D AudioTrack: stop() called with 84672 frames delivered
07-03 23:14:11.884  1485 25630 D NuPlayerDriver: notifyListener_l(0xae5140e0), (2, 0, 0, -1), loop setting(0, 0)
07-03 23:14:11.887  1604  5750 I MediaFocusControl: abandonAudioFocus() from uid/pid 10029/1707 clientId=android.media.AudioManager@872f8fd
07-03 23:14:11.888  1604  1853 V MediaRouterService: restoreBluetoothA2dp(false)
07-03 23:14:12.061 14699 14725 I chatty  : uid=10104(net.osmand) RenderingBaseIm expire 24 lines
07-03 23:14:14.087  1604  5450 D WificondControl: Scan result ready event
07-03 23:14:14.166  1604  6773 I WifiService: releaseWifiLock uid=10014
07-03 23:14:14.838  1394  1567 W audio_hw_generic: Not supplying enough data to HAL, expected position 725787114 , only wrote 725538240
07-03 23:14:17.426  1604  5450 I MediaFocusControl: requestAudioFocus() from uid/pid 10104/14699 clientId=android.media.AudioManager@8717807net.osmand.plus.api.AudioFocusHelperImpl@ab53494 callingPack=net.osmand req=3 flags=0x0 sdk=26
07-03 23:14:17.431  4639 14788 I TTS.GoogleTTSServiceImp: Synthesis request for locale por-BRA and name pt-BR-language
07-03 23:14:17.434  4639 14788 I TTS.GoogleTTSServiceImp: TTS dispatch: pt-br-x-afs-lstm-embedded
07-03 23:14:17.530  4639 14789 D AudioTrack: Client defaulted notificationFrames to 1365 for frameCount 4096
07-03 23:14:17.605  1394  3176 W audio_hw_generic: Not supplying enough data to HAL, expected position 725538393 , only wrote 725538240
07-03 23:14:17.616  1604  5450 V MediaRouterService: restoreBluetoothA2dp(false)
07-03 23:14:17.932  1604  1613 I zygote  : Background concurrent copying GC freed 111400(4MB) AllocSpace objects, 40(2MB) LOS objects, 6% free, 84MB/90MB, paused 1.954ms total 1.992s
07-03 23:14:20.958  4639 13332 D AudioTrack: stop() called with 75537 frames delivered
07-03 23:14:20.962  1604  5750 V MediaRouterService: restoreBluetoothA2dp(false)
07-03 23:14:20.963  4639 14788 I TTS.EventProcessor: synthesizeMarkup call to callback.audioAvailable failed: -1
07-03 23:14:20.966  1604  6773 I MediaFocusControl: abandonAudioFocus() from uid/pid 10104/14699 clientId=android.media.AudioManager@8717807net.osmand.plus.api.AudioFocusHelperImpl@ab53494
07-03 23:14:20.972 14699 25646 I chatty  : uid=10104(net.osmand) expire 23 lines
07-03 23:14:20.986 14699 15018 I chatty  : uid=10104(net.osmand) Binder:14699_6 expire 2 lines
07-03 23:14:21.635 14699 14724 I chatty  : uid=10104(net.osmand) Loader map obje expire 80 lines
07-03 23:14:21.738 14699 25646 I chatty  : uid=10104(net.osmand) expire 8 lines
07-03 23:14:21.898 14699 14709 I chatty  : uid=10104(net.osmand) HeapTaskDaemon expire 7 lines
07-03 23:14:22.146 14699 14699 I chatty  : uid=10104(net.osmand) expire 24 lines
07-03 23:14:22.197 14699 14725 I chatty  : uid=10104(net.osmand) RenderingBaseIm expire 24 lines
07-03 23:14:22.200 14699 25647 I chatty  : uid=10104(net.osmand) expire 31 lines
07-03 23:14:22.368  1604  1621 I WifiService: requestActivityInfo uid=1000
07-03 23:14:22.368  1604  1621 I WifiService: reportActivityInfo uid=1000
07-03 23:14:22.368  1604  1621 I WifiService: getSupportedFeatures uid=1000
07-03 23:14:23.712  2061  2074 I zygote  : NativeAlloc concurrent copying GC freed 42892(2MB) AllocSpace objects, 0(0B) LOS objects, 50% free, 4MB/9MB, paused 1.631ms total 177.790ms
07-03 23:14:23.997  1394  1567 W audio_hw_generic: Not supplying enough data to HAL, expected position 726150618 , only wrote 725844960
07-03 23:14:24.162  1604  1621 I WifiService: requestActivityInfo uid=1000
07-03 23:14:24.163  1604  1621 I WifiService: reportActivityInfo uid=1000
07-03 23:14:24.168  1604  1621 I WifiService: getSupportedFeatures uid=1000
07-03 23:14:24.611  1970  1970 W SystemServiceRegistry: No service published for: persistent_data_block
07-03 23:14:24.716  1604  5750 I MediaFocusControl: requestAudioFocus() from uid/pid 10104/14699 clientId=android.media.AudioManager@8717807net.osmand.plus.api.AudioFocusHelperImpl@b7bddad callingPack=net.osmand req=3 flags=0x0 sdk=26
07-03 23:14:24.719  4639 14788 I TTS.GoogleTTSServiceImp: Synthesis request for locale por-BRA and name pt-BR-language
07-03 23:14:24.720  4639 14788 I TTS.GoogleTTSServiceImp: TTS dispatch: pt-br-x-afs-lstm-embedded
07-03 23:14:24.832  4639 14789 D AudioTrack: Client defaulted notificationFrames to 1365 for frameCount 4096
07-03 23:14:24.843  1394  3176 W audio_hw_generic: Not supplying enough data to HAL, expected position 725844981 , only wrote 725844960
07-03 23:14:25.752  1707  1729 I zygote  : Background concurrent copying GC freed 150023(5MB) AllocSpace objects, 0(0B) LOS objects, 38% free, 9MB/15MB, paused 1.435ms total 753.233ms
07-03 23:14:26.364  1410  1410 I boot-pipe: done populating /dev/random
07-03 23:14:28.482  1403  1418 D hwcomposer: hw_composer sent 36 syncs in 61s
07-03 23:14:28.532  4639  4650 D AudioTrack: stop() called with 83475 frames delivered
07-03 23:14:28.537  4639 14788 I TTS.EventProcessor: synthesizeMarkup call to callback.audioAvailable failed: -1
07-03 23:14:28.545  1604  5750 I MediaFocusControl: abandonAudioFocus() from uid/pid 10104/14699 clientId=android.media.AudioManager@8717807net.osmand.plus.api.AudioFocusHelperImpl@b7bddad
07-03 23:14:28.547 14699 14828 I chatty  : uid=10104(net.osmand) Binder:14699_5 expire 4 lines
07-03 23:14:28.548 14699 25655 I chatty  : uid=10104(net.osmand) expire 31 lines
07-03 23:14:28.698 14699 14782 I chatty  : uid=10104(net.osmand) pool-2-thread-1 expire 2 lines
07-03 23:14:29.405 14699 25656 I chatty  : uid=10104(net.osmand) expire 31 lines
07-03 23:14:29.721  1394  3176 W audio_hw_generic: Not supplying enough data to HAL, expected position 726079108 , only wrote 726078960
07-03 23:14:29.839 14699 14724 I chatty  : uid=10104(net.osmand) Loader map obje expire 48 lines
07-03 23:14:30.383 14699 14699 I chatty  : uid=10104(net.osmand) expire 17 lines
07-03 23:14:30.384  1604  5450 I MediaFocusControl: requestAudioFocus() from uid/pid 10104/14699 clientId=android.media.AudioManager@8717807net.osmand.plus.api.AudioFocusHelperImpl@4c8ce5c callingPack=net.osmand req=3 flags=0x0 sdk=26
07-03 23:14:30.389  4639 14788 I TTS.GoogleTTSServiceImp: Synthesis request for locale por-BRA and name pt-BR-language
07-03 23:14:30.390  4639 14788 I TTS.GoogleTTSServiceImp: TTS dispatch: pt-br-x-afs-lstm-embedded
07-03 23:14:30.477  4639 14789 D AudioTrack: Client defaulted notificationFrames to 1365 for frameCount 4096
07-03 23:14:30.489 14699 14709 I chatty  : uid=10104(net.osmand) HeapTaskDaemon expire 3 lines
07-03 23:14:30.493  1604  1853 I MediaFocusControl: abandonAudioFocus() from uid/pid 10104/14699 clientId=android.media.AudioManager@8717807net.osmand.plus.api.AudioFocusHelperImpl@4c8ce5c
07-03 23:14:30.495  4639 14788 I TTS.EventProcessor: synthesizeMarkup call to callback.audioAvailable failed: -1
07-03 23:14:30.517 14699 14828 I chatty  : uid=10104(net.osmand) Binder:14699_5 expire 2 lines
07-03 23:14:30.528 14699 25659 I chatty  : uid=10104(net.osmand) expire 31 lines
07-03 23:14:30.976 14699 14725 I chatty  : uid=10104(net.osmand) RenderingBaseIm expire 18 lines
07-03 23:14:31.098  1604  1853 I WifiService: acquireWifiLock uid=10014 lockMode=2
07-03 23:14:31.243  1604  1853 I WifiService: releaseWifiLock uid=10014
07-03 23:14:31.398 14699 25660 I chatty  : uid=10104(net.osmand) expire 31 lines
07-03 23:14:31.568  1394  1567 W audio_hw_generic: Not supplying enough data to HAL, expected position 726255095 , only wrote 726167520
07-03 23:14:32.166 14699 25661 I chatty  : uid=10104(net.osmand) expire 31 lines
07-03 23:14:33.376 14699 25662 I chatty  : uid=10104(net.osmand) expire 31 lines
07-03 23:14:34.064 14699 14709 I chatty  : uid=10104(net.osmand) HeapTaskDaemon expire 6 lines
07-03 23:14:34.076 14699 14724 I chatty  : uid=10104(net.osmand) Loader map obje expire 64 lines
07-03 23:14:34.407 14699 14699 I chatty  : uid=10104(net.osmand) expire 18 lines
07-03 23:14:34.410 14699 25663 I chatty  : uid=10104(net.osmand) expire 31 lines
07-03 23:14:34.875 14699 14725 I chatty  : uid=10104(net.osmand) RenderingBaseIm expire 16 lines
07-03 23:14:38.048  1604  5450 I WifiService: getConnectionInfo uid=10014
07-03 23:14:38.338  1604  1604 I zygote  : IncrementDisableThreadFlip blocked for 10.139ms
07-03 23:14:39.287  1604  1613 I zygote  : Background concurrent copying GC freed 128772(4MB) AllocSpace objects, 36(1872KB) LOS objects, 6% free, 83MB/89MB, paused 966us total 960.111ms
07-03 23:14:39.472 14699 25664 I chatty  : uid=10104(net.osmand) expire 31 lines
07-03 23:14:40.404 14699 25665 I chatty  : uid=10104(net.osmand) expire 31 lines
07-03 23:14:41.408 14699 25666 I chatty  : uid=10104(net.osmand) expire 31 lines
07-03 23:14:42.153 14699 14724 I chatty  : uid=10104(net.osmand) Loader map obje expire 64 lines
07-03 23:14:42.724 14699 14709 I chatty  : uid=10104(net.osmand) HeapTaskDaemon expire 4 lines
07-03 23:14:43.150 14699 14699 I chatty  : uid=10104(net.osmand) expire 17 lines
07-03 23:14:43.208 14699 14725 I chatty  : uid=10104(net.osmand) RenderingBaseIm expire 12 lines
07-03 23:14:43.214 14699 25667 I chatty  : uid=10104(net.osmand) expire 31 lines
07-03 23:14:44.441 14699 25669 I chatty  : uid=10104(net.osmand) expire 31 lines
07-03 23:14:45.212  1970 25142 I Counters: exceeded sample count in tron_action
07-03 23:14:45.215  1970 25142 I chatty  : uid=10014(com.google.android.gms) CMEventHandler identical 34 lines
07-03 23:14:45.215  1970 25142 I Counters: exceeded sample count in tron_action
07-03 23:14:45.334  1970  1980 I zygote  : Background concurrent copying GC freed 147128(5MB) AllocSpace objects, 6(192KB) LOS objects, 37% free, 9MB/15MB, paused 5.287ms total 122.588ms
07-03 23:14:45.405 14699 25671 I chatty  : uid=10104(net.osmand) expire 31 lines
07-03 23:14:46.406 14699 25672 I chatty  : uid=10104(net.osmand) expire 31 lines
07-03 23:14:46.952 14699 14725 I chatty  : uid=10104(net.osmand) RenderingBaseIm expire 16 lines
07-03 23:14:47.311 14699 14709 I chatty  : uid=10104(net.osmand) HeapTaskDaemon expire 6 lines
07-03 23:14:47.346 14699 14724 I chatty  : uid=10104(net.osmand) Loader map obje expire 64 lines
07-03 23:14:47.391 14699 14699 I chatty  : uid=10104(net.osmand) expire 14 lines
07-03 23:14:47.395 14699 25673 I chatty  : uid=10104(net.osmand) expire 31 lines
07-03 23:14:50.373 14699 25674 I chatty  : uid=10104(net.osmand) expire 31 lines
07-03 23:14:51.119  1604  5750 I WifiService: acquireWifiLock uid=10014 lockMode=2
07-03 23:14:51.123  1604  1617 E memtrack: Couldn't load memtrack module
07-03 23:14:51.123  1604  1617 W android.os.Debug: failed to get memory consumption info: -1
07-03 23:14:51.166  1604  1617 E memtrack: Couldn't load memtrack module
07-03 23:14:51.166  1604  1617 W android.os.Debug: failed to get memory consumption info: -1
07-03 23:14:51.412 14699 25675 I chatty  : uid=10104(net.osmand) expire 31 lines
07-03 23:14:52.395 14699 25676 I chatty  : uid=10104(net.osmand) expire 31 lines
07-03 23:14:52.972 14699 14699 I chatty  : uid=10104(net.osmand) expire 15 lines
07-03 23:14:52.983 14699 25677 I chatty  : uid=10104(net.osmand) expire 31 lines
07-03 23:14:53.089  1604  1621 I WifiService: requestActivityInfo uid=1000
07-03 23:14:53.089  1604  1621 I WifiService: reportActivityInfo uid=1000
07-03 23:14:53.090  1604  1621 I WifiService: getSupportedFeatures uid=1000
07-03 23:14:53.288 14699 14709 I chatty  : uid=10104(net.osmand) HeapTaskDaemon expire 3 lines
07-03 23:14:53.488 14699 25679 I chatty  : uid=10104(net.osmand) expire 31 lines
07-03 23:14:54.077  1604  3712 D WificondControl: Scan result ready event
07-03 23:14:54.171  1604  1853 I WifiService: releaseWifiLock uid=10014
07-03 23:14:54.423 14699 14725 I chatty  : uid=10104(net.osmand) RenderingBaseIm expire 6 lines
07-03 23:14:54.548 14699 14724 I chatty  : uid=10104(net.osmand) Loader map obje expire 38 lines
07-03 23:14:55.628 14699 25680 I chatty  : uid=10104(net.osmand) expire 31 lines
07-03 23:14:56.432 14699 25681 I chatty  : uid=10104(net.osmand) expire 31 lines
07-03 23:14:56.923 14699 25682 I chatty  : uid=10104(net.osmand) expire 4 lines
07-03 23:14:57.193 14699 14724 I chatty  : uid=10104(net.osmand) Loader map obje expire 136 lines
07-03 23:14:57.448 14699 14699 I chatty  : uid=10104(net.osmand) expire 46 lines
07-03 23:14:57.491 14699 14709 I chatty  : uid=10104(net.osmand) HeapTaskDaemon expire 4 lines
07-03 23:14:58.347 14699 14725 I chatty  : uid=10104(net.osmand) RenderingBaseIm expire 50 lines
07-03 23:15:00.006  1604  1617 E memtrack: Couldn't load memtrack module
07-03 23:15:00.006  1604  1617 W android.os.Debug: failed to get memory consumption info: -1
07-03 23:15:05.917 14699 14724 I chatty  : uid=10104(net.osmand) Loader map obje expire 71 lines
07-03 23:15:06.486 14699 14699 I chatty  : uid=10104(net.osmand) expire 31 lines
07-03 23:15:06.584  1604  1613 I zygote  : Background concurrent copying GC freed 108804(3MB) AllocSpace objects, 44(2MB) LOS objects, 6% free, 83MB/89MB, paused 20.021ms total 2.855s
07-03 23:15:06.589 14699 25682 I chatty  : uid=10104(net.osmand) expire 27 lines
07-03 23:15:06.618 14699 14709 I chatty  : uid=10104(net.osmand) HeapTaskDaemon expire 5 lines
07-03 23:15:07.208  1707  1729 I zygote  : Background concurrent copying GC freed 162792(6MB) AllocSpace objects, 0(0B) LOS objects, 37% free, 9MB/15MB, paused 1.264ms total 620.013ms
07-03 23:15:08.016 14699 25683 I chatty  : uid=10104(net.osmand) expire 31 lines
07-03 23:15:09.212 14699 25684 I chatty  : uid=10104(net.osmand) expire 31 lines
07-03 23:15:12.214  1604  3712 I WifiService: acquireWifiLock uid=10014 lockMode=2
07-03 23:15:12.428  1604  3574 I MediaFocusControl: requestAudioFocus() from uid/pid 10104/14699 clientId=android.media.AudioManager@8717807net.osmand.plus.api.AudioFocusHelperImpl@a4a188f callingPack=net.osmand req=3 flags=0x0 sdk=26
07-03 23:15:12.432  4639 14788 I TTS.GoogleTTSServiceImp: Synthesis request for locale por-BRA and name pt-BR-language
07-03 23:15:12.433  4639 14788 I TTS.GoogleTTSServiceImp: TTS dispatch: pt-br-x-afs-lstm-embedded
07-03 23:15:12.435  1604  5750 I WifiService: releaseWifiLock uid=10014
07-03 23:15:12.517  4639 14789 D AudioTrack: Client defaulted notificationFrames to 1365 for frameCount 4096
07-03 23:15:12.537  1394  3176 W audio_hw_generic: Not supplying enough data to HAL, expected position 726167556 , only wrote 726167520
07-03 23:14:24.839  1604  5750 I chatty  : uid=1000(system) Binder:1604_19 identical 1 line
07-03 23:14:28.541  1604  5750 V MediaRouterService: restoreBluetoothA2dp(false)
07-03 23:15:12.539  1604  1853 V MediaRouterService: restoreBluetoothA2dp(false)
07-03 23:15:13.048  4639 14788 I TTS.EventProcessor: synthesizeMarkup call to callback.audioAvailable failed: -1
07-03 23:15:13.049  4639 13332 D AudioTrack: stop() called with 13621 frames delivered
07-03 23:15:13.054  4639 14788 E TTS.LocalSynthesizer: synthesizeWithoutLoadingVoice() failed
07-03 23:15:13.056  1604  3574 V MediaRouterService: restoreBluetoothA2dp(false)
07-03 23:15:13.057  1604  1853 I MediaFocusControl: abandonAudioFocus() from uid/pid 10104/14699 clientId=android.media.AudioManager@8717807net.osmand.plus.api.AudioFocusHelperImpl@a4a188f
07-03 23:15:13.063 14699 25688 I chatty  : uid=10104(net.osmand) expire 31 lines
07-03 23:15:13.068 14699 14828 I chatty  : uid=10104(net.osmand) Binder:14699_5 expire 4 lines
07-03 23:15:13.237 14699 14725 I chatty  : uid=10104(net.osmand) RenderingBaseIm expire 20 lines
07-03 23:15:13.479 14699 14699 I chatty  : uid=10104(net.osmand) expire 18 lines
07-03 23:15:13.829 14699 14724 I chatty  : uid=10104(net.osmand) Loader map obje expire 64 lines
07-03 23:15:14.184 14699 14709 I chatty  : uid=10104(net.osmand) HeapTaskDaemon expire 3 lines
07-03 23:15:14.816  1604  3574 I MediaFocusControl: requestAudioFocus() from uid/pid 10104/14699 clientId=android.media.AudioManager@8717807net.osmand.plus.api.AudioFocusHelperImpl@828a87 callingPack=net.osmand req=3 flags=0x0 sdk=26
07-03 23:15:14.822  4639 14788 I TTS.GoogleTTSServiceImp: Synthesis request for locale por-BRA and name pt-BR-language
07-03 23:15:14.824  4639 14788 I TTS.GoogleTTSServiceImp: TTS dispatch: pt-br-x-afs-lstm-embedded
07-03 23:15:14.957  4639 14789 D AudioTrack: Client defaulted notificationFrames to 1365 for frameCount 4096
07-03 23:15:15.197  4639  4649 I zygote  : Background concurrent copying GC freed 26308(4MB) AllocSpace objects, 0(0B) LOS objects, 49% free, 4MB/9MB, paused 17.040ms total 189.489ms
07-03 23:15:15.609  1477  1572 D AudioFlinger: mixer(0xac983140) throttle end: throttle time(2)
07-03 23:15:15.709  4639 14788 I TTS.EventProcessor: synthesizeMarkup call to callback.audioAvailable failed: -1
07-03 23:15:15.706  4639 13332 D AudioTrack: stop() called with 19971 frames delivered
07-03 23:15:15.713  4639 14788 E TTS.LocalSynthesizer: synthesizeWithoutLoadingVoice() failed
07-03 23:15:14.960  1604  3574 V MediaRouterService: restoreBluetoothA2dp(false)
07-03 23:15:15.716  1604  5750 V MediaRouterService: restoreBluetoothA2dp(false)
07-03 23:15:15.717  1604  1853 I MediaFocusControl: abandonAudioFocus() from uid/pid 10104/14699 clientId=android.media.AudioManager@8717807net.osmand.plus.api.AudioFocusHelperImpl@828a87
07-03 23:15:15.720 14699 25691 I chatty  : uid=10104(net.osmand) expire 31 lines
07-03 23:15:16.887  1394  3176 W audio_hw_generic: Not supplying enough data to HAL, expected position 726376339 , only wrote 726374880
07-03 23:15:16.986 14699 25692 I chatty  : uid=10104(net.osmand) expire 31 lines
07-03 23:15:17.415 14699 25693 I chatty  : uid=10104(net.osmand) expire 31 lines
07-03 23:15:18.599 14699 14725 I chatty  : uid=10104(net.osmand) RenderingBaseIm expire 20 lines
07-03 23:15:18.718 14699 14709 I chatty  : uid=10104(net.osmand) HeapTaskDaemon expire 10 lines
07-03 23:15:18.749  1394  1567 W audio_hw_generic: Not supplying enough data to HAL, expected position 726552528 , only wrote 726464160
07-03 23:15:19.262 14699 14724 I chatty  : uid=10104(net.osmand) Loader map obje expire 80 lines
07-03 23:15:19.700 14699 14699 I chatty  : uid=10104(net.osmand) expire 10 lines
07-03 23:15:26.367  1410  1410 I boot-pipe: done populating /dev/random
07-03 23:15:28.370  1403  1418 D hwcomposer: hw_composer sent 69 syncs in 60s
07-03 23:15:29.516  1604  1604 I zygote  : IncrementDisableThreadFlip blocked for 19.149ms
07-03 23:15:29.534  1604  1686 I zygote  : IncrementDisableThreadFlip blocked for 37.164ms
07-03 23:15:29.592 14699 14725 I chatty  : uid=10104(net.osmand) RenderingBaseIm expire 13 lines
07-03 23:15:29.854 14699 14724 I chatty  : uid=10104(net.osmand) Loader map obje expire 32 lines
07-03 23:15:30.741  1604  1613 I zygote  : Background concurrent copying GC freed 111180(3MB) AllocSpace objects, 46(2MB) LOS objects, 6% free, 83MB/89MB, paused 9.888ms total 1.243s
07-03 23:15:31.168 14699 14709 I chatty  : uid=10104(net.osmand) HeapTaskDaemon expire 3 lines
07-03 23:15:32.016 14699 25694 I chatty  : uid=10104(net.osmand) expire 31 lines
07-03 23:15:32.072 14699 14782 I chatty  : uid=10104(net.osmand) pool-2-thread-1 expire 2 lines
07-03 23:15:32.274  1604  2170 I WifiService: acquireWifiLock uid=10014 lockMode=2
07-03 23:15:32.707 14699 14699 I chatty  : uid=10104(net.osmand) expire 21 lines
07-03 23:15:35.299  1604  2170 D WificondControl: Scan result ready event
07-03 23:15:35.344  1604  2170 I WifiService: releaseWifiLock uid=10014
07-03 23:15:36.524 14699 14725 I chatty  : uid=10104(net.osmand) RenderingBaseIm expire 9 lines
07-03 23:15:36.535 14699 14724 I chatty  : uid=10104(net.osmand) Loader map obje expire 64 lines
07-03 23:15:36.709 14699 14709 I chatty  : uid=10104(net.osmand) HeapTaskDaemon expire 4 lines
07-03 23:15:37.048 14699 25695 I chatty  : uid=10104(net.osmand) expire 31 lines
07-03 23:15:38.266 14699 25696 I chatty  : uid=10104(net.osmand) expire 31 lines
07-03 23:15:39.449 14699 25697 I chatty  : uid=10104(net.osmand) expire 31 lines
07-03 23:15:40.423 14699 25698 I chatty  : uid=10104(net.osmand) expire 31 lines
07-03 23:15:41.509 14699 14699 I chatty  : uid=10104(net.osmand) expire 20 lines
07-03 23:15:41.517 14699 25699 I chatty  : uid=10104(net.osmand) expire 31 lines
07-03 23:15:41.548  1707  1729 I zygote  : Background concurrent copying GC freed 161484(6MB) AllocSpace objects, 0(0B) LOS objects, 37% free, 9MB/15MB, paused 14.539ms total 587.931ms
07-03 23:15:41.910 14699 14709 I chatty  : uid=10104(net.osmand) HeapTaskDaemon expire 4 lines
07-03 23:15:42.217 14699 25700 I chatty  : uid=10104(net.osmand) expire 31 lines
07-03 23:15:42.367 14699 14725 I chatty  : uid=10104(net.osmand) RenderingBaseIm expire 10 lines
07-03 23:15:42.776 14699 14724 I chatty  : uid=10104(net.osmand) Loader map obje expire 25 lines
07-03 23:15:43.370 14699 25701 I chatty  : uid=10104(net.osmand) expire 31 lines
07-03 23:15:44.435 14699 25703 I chatty  : uid=10104(net.osmand) expire 31 lines
07-03 23:15:45.441 14699 25704 I chatty  : uid=10104(net.osmand) expire 31 lines
07-03 23:15:46.517 14699 25705 I chatty  : uid=10104(net.osmand) expire 31 lines
07-03 23:15:46.822 14699 14724 I chatty  : uid=10104(net.osmand) Loader map obje expire 39 lines
07-03 23:15:47.073 14699 14709 I chatty  : uid=10104(net.osmand) HeapTaskDaemon expire 4 lines
07-03 23:15:47.371 14699 14699 I chatty  : uid=10104(net.osmand) expire 18 lines
07-03 23:15:47.419 14699 14725 I chatty  : uid=10104(net.osmand) RenderingBaseIm expire 6 lines
07-03 23:15:47.956 14699 25706 I chatty  : uid=10104(net.osmand) expire 31 lines
07-03 23:15:49.123  2061  2074 I zygote  : NativeAlloc concurrent copying GC freed 43159(2MB) AllocSpace objects, 0(0B) LOS objects, 49% free, 4MB/9MB, paused 1.003ms total 184.853ms
07-03 23:15:49.487 14699 25707 I chatty  : uid=10104(net.osmand) expire 31 lines
07-03 23:15:50.167 14699 25708 I chatty  : uid=10104(net.osmand) expire 31 lines
07-03 23:15:51.311 14699 25709 I chatty  : uid=10104(net.osmand) expire 31 lines
07-03 23:15:52.285  1604  3574 I WifiService: acquireWifiLock uid=10014 lockMode=2
07-03 23:15:52.340  1604  5750 I WifiService: releaseWifiLock uid=10014
07-03 23:15:52.440 14699 14699 I chatty  : uid=10104(net.osmand) expire 21 lines
07-03 23:15:52.450 14699 25710 I chatty  : uid=10104(net.osmand) expire 31 lines
07-03 23:15:52.689 14699 14725 I chatty  : uid=10104(net.osmand) RenderingBaseIm expire 6 lines
07-03 23:15:53.222 14699 14709 I chatty  : uid=10104(net.osmand) HeapTaskDaemon expire 4 lines
07-03 23:15:53.326 14699 14724 I chatty  : uid=10104(net.osmand) Loader map obje expire 32 lines
07-03 23:15:53.476 14699 25711 I chatty  : uid=10104(net.osmand) expire 31 lines
07-03 23:15:54.544 14699 25712 I chatty  : uid=10104(net.osmand) expire 31 lines
07-03 23:15:55.544 14699 25713 I chatty  : uid=10104(net.osmand) expire 31 lines
07-03 23:15:57.437 14699 25714 I chatty  : uid=10104(net.osmand) expire 31 lines
07-03 23:15:57.902  1604  1604 I zygote  : IncrementDisableThreadFlip blocked for 11.236ms
07-03 23:15:57.903  1604  5450 I zygote  : IncrementDisableThreadFlip blocked for 9.795ms
07-03 23:15:57.997 14699 14725 I chatty  : uid=10104(net.osmand) RenderingBaseIm expire 14 lines
07-03 23:15:57.998 14699 25715 I chatty  : uid=10104(net.osmand) expire 31 lines
07-03 23:15:58.198 14699 14724 I chatty  : uid=10104(net.osmand) Loader map obje expire 64 lines
07-03 23:15:58.550 14699 14699 I chatty  : uid=10104(net.osmand) expire 19 lines
07-03 23:15:58.972 14699 14709 I chatty  : uid=10104(net.osmand) HeapTaskDaemon expire 4 lines
07-03 23:15:59.158 14699 25716 I chatty  : uid=10104(net.osmand) expire 31 lines
07-03 23:15:59.598 24571 24587 I Finsky  : [1763] jen.run(3): Stats for Executor: BlockingExecutor jfw@3606c77[Running, pool size = 0, active threads = 0, queued tasks = 0, completed tasks = 25]
07-03 23:15:59.610 24571 24587 I Finsky  : [1763] jen.run(3): Stats for Executor: LightweightExecutor jfw@c24a0e4[Running, pool size = 2, active threads = 0, queued tasks = 0, completed tasks = 61]
07-03 23:15:59.964 24571 24587 I Finsky  : [1763] jen.run(3): Stats for Executor: bgExecutor jfw@8f6294d[Running, pool size = 4, active threads = 0, queued tasks = 0, completed tasks = 148]
07-03 23:16:00.042  1604  1613 I zygote  : Background concurrent copying GC freed 107042(3MB) AllocSpace objects, 42(2MB) LOS objects, 6% free, 83MB/89MB, paused 2.842ms total 2.146s
07-03 23:16:00.356 14699 25717 I chatty  : uid=10104(net.osmand) expire 31 lines
07-03 23:16:02.476 14699 25718 I chatty  : uid=10104(net.osmand) expire 31 lines
07-03 23:16:03.429 14699 14725 I chatty  : uid=10104(net.osmand) RenderingBaseIm expire 20 lines
07-03 23:16:03.719 14699 14724 I chatty  : uid=10104(net.osmand) Loader map obje expire 64 lines
07-03 23:16:04.163 14699 14709 I chatty  : uid=10104(net.osmand) HeapTaskDaemon expire 7 lines
07-03 23:16:04.266 14699 14699 I chatty  : uid=10104(net.osmand) expire 16 lines
07-03 23:16:08.180 14699 25719 I chatty  : uid=10104(net.osmand) expire 31 lines
07-03 23:16:09.316 14699 25720 I chatty  : uid=10104(net.osmand) expire 31 lines
07-03 23:16:10.448 14699 25721 I chatty  : uid=10104(net.osmand) expire 31 lines
07-03 23:16:13.017 14699 25722 I chatty  : uid=10104(net.osmand) expire 31 lines
07-03 23:16:13.393  1604  2170 I WifiService: acquireWifiLock uid=10014 lockMode=2
07-03 23:16:13.492 14699 14724 I chatty  : uid=10104(net.osmand) Loader map obje expire 80 lines
07-03 23:16:13.577 14699 14699 I chatty  : uid=10104(net.osmand) expire 17 lines
07-03 23:16:13.586  1604  1617 E memtrack: Couldn't load memtrack module
07-03 23:16:13.588  1604  1617 W android.os.Debug: failed to get memory consumption info: -1
07-03 23:16:13.591 14699 25724 I chatty  : uid=10104(net.osmand) expire 31 lines
07-03 23:16:14.066  1604  1617 E memtrack: Couldn't load memtrack module
07-03 23:16:14.066  1604  1617 W android.os.Debug: failed to get memory consumption info: -1
07-03 23:16:14.231 14699 14709 I chatty  : uid=10104(net.osmand) HeapTaskDaemon expire 3 lines
07-03 23:16:14.284 14699 14725 I chatty  : uid=10104(net.osmand) RenderingBaseIm expire 18 lines
07-03 23:16:15.648 14699 25725 I chatty  : uid=10104(net.osmand) expire 31 lines
07-03 23:16:16.397  1604  5750 D WificondControl: Scan result ready event
07-03 23:16:16.622  1604  5750 I WifiService: releaseWifiLock uid=10014
07-03 23:16:18.278 14699 25726 I chatty  : uid=10104(net.osmand) expire 31 lines
07-03 23:16:19.307 14699 14709 I chatty  : uid=10104(net.osmand) HeapTaskDaemon expire 5 lines
07-03 23:16:19.464 14699 14699 I chatty  : uid=10104(net.osmand) expire 19 lines
07-03 23:16:19.471 14699 25727 I chatty  : uid=10104(net.osmand) expire 31 lines
07-03 23:16:20.462 14699 25728 I chatty  : uid=10104(net.osmand) expire 31 lines
07-03 23:16:21.495 14699 25729 I chatty  : uid=10104(net.osmand) expire 31 lines
07-03 23:16:22.221 14699 14725 I chatty  : uid=10104(net.osmand) RenderingBaseIm expire 10 lines
07-03 23:16:22.561 14699 25730 I chatty  : uid=10104(net.osmand) expire 31 lines
07-03 23:16:22.660 14699 14724 I chatty  : uid=10104(net.osmand) Loader map obje expire 32 lines
07-03 23:16:24.447 14699 25731 I chatty  : uid=10104(net.osmand) expire 31 lines
07-03 23:16:24.921 14699 14725 I chatty  : uid=10104(net.osmand) RenderingBaseIm expire 18 lines
07-03 23:16:24.949 14699 14699 I chatty  : uid=10104(net.osmand) expire 19 lines
07-03 23:16:24.953 14699 25732 I chatty  : uid=10104(net.osmand) expire 31 lines
07-03 23:16:25.324 14699 14724 I chatty  : uid=10104(net.osmand) Loader map obje expire 67 lines
07-03 23:16:25.807 14699 14709 I chatty  : uid=10104(net.osmand) HeapTaskDaemon expire 3 lines
07-03 23:16:26.078 14699 25733 I chatty  : uid=10104(net.osmand) expire 31 lines
07-03 23:16:26.368  1410  1410 I boot-pipe: done populating /dev/random
07-03 23:16:26.762  1707  1729 I zygote  : Background concurrent copying GC freed 164015(6MB) AllocSpace objects, 0(0B) LOS objects, 38% free, 9MB/15MB, paused 1.755ms total 286.530ms
07-03 23:16:28.064  1604  1853 I WifiService: getConnectionInfo uid=10014
07-03 23:16:28.068  1970 25569 E WakeLock: GCM_HB_ALARM release without a matched acquire!
07-03 23:16:28.078  1604  1621 I WifiService: requestActivityInfo uid=1000
07-03 23:16:28.078  1604  1621 I WifiService: reportActivityInfo uid=1000
07-03 23:16:28.078  1604  1621 I WifiService: getSupportedFeatures uid=1000
07-03 23:16:28.180  1970 25574 V NativeCrypto: Read error: ssl=0x8c2c4758: I/O error during system call, Connection reset by peer
07-03 23:16:28.184  1970 25574 V NativeCrypto: SSL shutdown failed: ssl=0x8c2c4758: I/O error during system call, Broken pipe
07-03 23:16:28.185  1970 25574 E WakeLock: GCM_HB_ALARM release without a matched acquire!
07-03 23:16:28.185  1970 25574 W WakeLock: GCM_HB_ALARM counter does not exist
07-03 23:16:28.187  1970 25574 W GCM     : Resetting heartbeat counters (at min), good=0 bad=2
07-03 23:16:28.187  1604  1682 D ConnectivityService: reportNetworkConnectivity(101, false) by 10014
07-03 23:16:28.189  1604  2952 D NetworkMonitor/NetworkAgentInfo [WIFI () - 101]: Forcing reevaluation for UID 10014
07-03 23:16:28.209  1604 25736 D NetworkMonitor/NetworkAgentInfo [WIFI () - 101]: PROBE_DNS connectivitycheck.gstatic.com 15ms OK 172.217.172.131,2800:3f0:4001:81a::2003
07-03 23:16:28.220  1604 25735 D NetworkMonitor/NetworkAgentInfo [WIFI () - 101]: PROBE_DNS www.google.com 27ms OK 172.217.28.228,2800:3f0:4001:801::2004
07-03 23:16:28.280  1604 25736 D NetworkMonitor/NetworkAgentInfo [WIFI () - 101]: PROBE_HTTP http://connectivitycheck.gstatic.com/generate_204 time=68ms ret=204 request={User-Agent=[Mozilla/5.0 (X11; Linux x86_64) AppleWebKit/537.36 (KHTML, like Gecko) Chrome/60.0.3112.32 Safari/537.36]} headers={null=[HTTP/1.1 204 No Content], Content-Length=[0], Date=[Thu, 04 Jul 2019 03:16:30 GMT], X-Android-Received-Millis=[1562210188279], X-Android-Response-Source=[NETWORK 204], X-Android-Selected-Protocol=[http/1.1], X-Android-Sent-Millis=[1562210188212]}
07-03 23:16:28.282  1604 25735 D NetworkMonitor/NetworkAgentInfo [WIFI () - 101]: PROBE_HTTPS https://www.google.com/generate_204 time=60ms ret=204 request={User-Agent=[Mozilla/5.0 (X11; Linux x86_64) AppleWebKit/537.36 (KHTML, like Gecko) Chrome/60.0.3112.32 Safari/537.36]} headers={null=[HTTP/1.1 204 No Content], Alt-Svc=[quic=":443"; ma=2592000; v="46,43,39"], Content-Length=[0], Date=[Thu, 04 Jul 2019 03:16:30 GMT], X-Android-Received-Millis=[1562210188282], X-Android-Response-Source=[NETWORK 204], X-Android-Selected-Protocol=[http/1.1], X-Android-Sent-Millis=[1562210188222]}
07-03 23:16:28.284  1604  1682 D ConnectivityService: NetworkAgentInfo [WIFI () - 101] validation passed
07-03 23:16:28.435  1604  3712 I WifiService: getConnectionInfo uid=10014
07-03 23:16:28.817  1604  1853 I WifiService: getConnectionInfo uid=10014
07-03 23:16:28.880  1604  3712 I WifiService: getConnectionInfo uid=10014
07-03 23:16:28.971 14699 25742 I chatty  : uid=10104(net.osmand) expire 31 lines
07-03 23:16:29.132  1604  1613 I zygote  : Background concurrent copying GC freed 104976(3MB) AllocSpace objects, 42(2MB) LOS objects, 6% free, 84MB/90MB, paused 1.079ms total 1.682s
07-03 23:16:30.182 14699 25743 I chatty  : uid=10104(net.osmand) expire 31 lines
07-03 23:16:30.493 14699 14724 I chatty  : uid=10104(net.osmand) Loader map obje expire 93 lines
07-03 23:16:30.599 14699 14699 I chatty  : uid=10104(net.osmand) expire 34 lines
07-03 23:16:31.080 14699 14709 I chatty  : uid=10104(net.osmand) HeapTaskDaemon expire 7 lines
07-03 23:16:31.301 14699 14725 I chatty  : uid=10104(net.osmand) RenderingBaseIm expire 24 lines
07-03 23:16:32.450 14699 25744 I chatty  : uid=10104(net.osmand) expire 31 lines
07-03 23:16:32.576  1403  1418 D hwcomposer: hw_composer sent 63 syncs in 64s
07-03 23:16:33.408  1604  2170 I WifiService: acquireWifiLock uid=10014 lockMode=2
07-03 23:16:33.518  1604  5750 I WifiService: releaseWifiLock uid=10014
07-03 23:16:38.290  1604  1678 W AlarmManager: Unrecognized alarm listener com.android.server.wifi.WifiConfigStore$1@223dfff
07-03 23:16:38.316  1604  1678 D WifiConfigStore: Writing to stores completed in 26 ms.
07-03 23:16:40.028 14699 25745 I chatty  : uid=10104(net.osmand) expire 31 lines
07-03 23:16:40.486 14699 14699 I chatty  : uid=10104(net.osmand) expire 17 lines
07-03 23:16:40.769 14699 14709 I chatty  : uid=10104(net.osmand) HeapTaskDaemon expire 10 lines
07-03 23:16:41.259 14699 25746 I chatty  : uid=10104(net.osmand) expire 31 lines
07-03 23:16:42.496 14699 14725 I chatty  : uid=10104(net.osmand) RenderingBaseIm expire 22 lines
07-03 23:16:42.671 14699 14724 I chatty  : uid=10104(net.osmand) Loader map obje expire 80 lines
07-03 23:16:43.770  1604  1621 I WifiService: requestActivityInfo uid=1000
07-03 23:16:43.770  1604  1621 I WifiService: reportActivityInfo uid=1000
07-03 23:16:43.771  1604  1621 I WifiService: getSupportedFeatures uid=1000
07-03 23:16:47.507  1604  1613 I zygote  : ThreadFlipBegin blocked for 6.426ms
07-03 23:16:47.511  1604  1604 I zygote  : IncrementDisableThreadFlip blocked for 9.990ms
07-03 23:16:47.694  1604  5750 I MediaFocusControl: requestAudioFocus() from uid/pid 10104/14699 clientId=android.media.AudioManager@8717807net.osmand.plus.api.AudioFocusHelperImpl@7bc5c82 callingPack=net.osmand req=3 flags=0x0 sdk=26
07-03 23:16:47.698  4639 14788 I TTS.GoogleTTSServiceImp: Synthesis request for locale por-BRA and name pt-BR-language
07-03 23:16:47.699  4639 14788 I TTS.GoogleTTSServiceImp: TTS dispatch: pt-br-x-afs-lstm-embedded
07-03 23:16:47.836  4639 14789 D AudioTrack: Client defaulted notificationFrames to 1365 for frameCount 4096
07-03 23:16:47.870  1394  3176 W audio_hw_generic: Not supplying enough data to HAL, expected position 726464281 , only wrote 726464160
07-03 23:16:47.903  1604  5750 V MediaRouterService: restoreBluetoothA2dp(false)
07-03 23:16:48.047  1604  1617 I UsageStatsService: User[0] Flushing usage stats to disk
07-03 23:16:49.391  1604  1613 I zygote  : Background concurrent copying GC freed 122319(4MB) AllocSpace objects, 52(2MB) LOS objects, 6% free, 84MB/90MB, paused 3.165ms total 1.897s
07-03 23:16:52.176  4639 14789 D AudioTrack: stop() called with 93610 frames delivered
07-03 23:16:52.177  1604  3712 V MediaRouterService: restoreBluetoothA2dp(false)
07-03 23:16:52.181 14699 17990 I chatty  : uid=10104(net.osmand) Binder:14699_10 expire 2 lines
07-03 23:16:52.183  1604  3574 I MediaFocusControl: abandonAudioFocus() from uid/pid 10104/14699 clientId=android.media.AudioManager@8717807net.osmand.plus.api.AudioFocusHelperImpl@7bc5c82
07-03 23:16:52.627 14699 14699 I chatty  : uid=10104(net.osmand) expire 2 lines
07-03 23:16:53.424  1604  3712 I WifiService: acquireWifiLock uid=10014 lockMode=2
07-03 23:16:53.886 14699 14725 I chatty  : uid=10104(net.osmand) RenderingBaseIm expire 8 lines
07-03 23:16:54.332  1707  1729 I zygote  : Background concurrent copying GC freed 155792(5MB) AllocSpace objects, 0(0B) LOS objects, 38% free, 9MB/15MB, paused 1.208ms total 224.478ms
07-03 23:16:54.593 14699 14724 I chatty  : uid=10104(net.osmand) Loader map obje expire 64 lines
07-03 23:16:55.192  1394  1567 W audio_hw_generic: Not supplying enough data to HAL, expected position 727165785 , only wrote 726815520
07-03 23:16:55.450 14699 14709 I chatty  : uid=10104(net.osmand) HeapTaskDaemon expire 10 lines
07-03 23:16:56.265 14699 14699 I chatty  : uid=10104(net.osmand) expire 11 lines
07-03 23:16:56.320 14699 14725 I chatty  : uid=10104(net.osmand) RenderingBaseIm expire 34 lines
07-03 23:16:56.418  1604  3574 D WificondControl: Scan result ready event
07-03 23:16:56.620  1604  6773 I WifiService: releaseWifiLock uid=10014
07-03 23:16:58.787  1604  1621 I WifiService: requestActivityInfo uid=1000
07-03 23:16:58.787  1604  1621 I WifiService: reportActivityInfo uid=1000
07-03 23:16:58.787  1604  1621 I WifiService: getSupportedFeatures uid=1000
07-03 23:16:58.793  1604  5750 I WifiService: getConnectionInfo uid=10014
07-03 23:16:59.162  2180 11506 I EventLogChimeraService: Aggregate from 1562209007542 (log), 1562209007542 (data)
07-03 23:16:59.364  1604  1618 W BroadcastQueue: Background execution not allowed: receiving Intent { act=android.intent.action.DROPBOX_ENTRY_ADDED flg=0x10 (has extras) } to com.google.android.gms/.stats.service.DropBoxEntryAddedReceiver
07-03 23:16:59.366  1604  1618 W BroadcastQueue: Background execution not allowed: receiving Intent { act=android.intent.action.DROPBOX_ENTRY_ADDED flg=0x10 (has extras) } to com.google.android.gms/.chimera.GmsIntentOperationService$PersistentTrustedReceiver
07-03 23:17:02.709  1604  3712 I MediaFocusControl: requestAudioFocus() from uid/pid 10104/14699 clientId=android.media.AudioManager@8717807net.osmand.plus.api.AudioFocusHelperImpl@11b7ffb callingPack=net.osmand req=3 flags=0x0 sdk=26
07-03 23:17:02.712  4639 14788 I TTS.GoogleTTSServiceImp: Synthesis request for locale por-BRA and name pt-BR-language
07-03 23:17:02.714  4639 14788 I TTS.GoogleTTSServiceImp: TTS dispatch: pt-br-x-afs-lstm-embedded
07-03 23:17:02.778  4639 14789 D AudioTrack: Client defaulted notificationFrames to 1365 for frameCount 4096
07-03 23:17:02.786  1604  3574 V MediaRouterService: restoreBluetoothA2dp(false)
07-03 23:17:02.787  1394  3176 W audio_hw_generic: Not supplying enough data to HAL, expected position 726815558 , only wrote 726815520
07-03 23:17:03.988  1970  1980 I zygote  : Background concurrent copying GC freed 147433(6MB) AllocSpace objects, 7(236KB) LOS objects, 38% free, 9MB/15MB, paused 1.195ms total 273.224ms
07-03 23:17:04.954  1477  1572 D AudioFlinger: mixer(0xac983140) throttle end: throttle time(2)
07-03 23:17:05.429  1604  1686 D NotificationSQLiteLog: Pruned event entries: 0
07-03 23:17:05.584 14699 14724 I chatty  : uid=10104(net.osmand) Loader map obje expire 75 lines
07-03 23:17:06.393  4639 14789 D AudioTrack: stop() called with 77770 frames delivered
07-03 23:17:06.394  1604  3712 V MediaRouterService: restoreBluetoothA2dp(false)
07-03 23:17:06.409 14699 16944 I chatty  : uid=10104(net.osmand) Binder:14699_C expire 2 lines
07-03 23:17:06.410  1604  3712 I MediaFocusControl: abandonAudioFocus() from uid/pid 10104/14699 clientId=android.media.AudioManager@8717807net.osmand.plus.api.AudioFocusHelperImpl@11b7ffb
07-03 23:17:06.520 14699 14725 I chatty  : uid=10104(net.osmand) RenderingBaseIm expire 14 lines
07-03 23:17:09.419  1394  1567 W audio_hw_generic: Not supplying enough data to HAL, expected position 727451129 , only wrote 727133760
07-03 23:17:09.887 14699 14699 I chatty  : uid=10104(net.osmand) expire 6 lines
07-03 23:17:10.501 14699 14709 I chatty  : uid=10104(net.osmand) HeapTaskDaemon expire 2 lines
07-03 23:17:11.259  1604  5750 I zygote  : IncrementDisableThreadFlip blocked for 10.932ms
07-03 23:17:11.399  2061  2074 I zygote  : NativeAlloc concurrent copying GC freed 44150(2MB) AllocSpace objects, 0(0B) LOS objects, 49% free, 4MB/9MB, paused 2.119ms total 170.873ms
07-03 23:17:12.380  1604  1613 I zygote  : Background concurrent copying GC freed 113650(4MB) AllocSpace objects, 48(2MB) LOS objects, 6% free, 83MB/89MB, paused 8.396ms total 1.154s
07-03 23:17:13.821  1604  1621 I WifiService: requestActivityInfo uid=1000
07-03 23:17:13.821  1604  1621 I WifiService: reportActivityInfo uid=1000
07-03 23:17:13.821  1604  1621 I WifiService: getSupportedFeatures uid=1000
07-03 23:17:13.853 14699 25761 I chatty  : uid=10104(net.osmand) expire 31 lines
07-03 23:17:14.274 14699 14724 I chatty  : uid=10104(net.osmand) Loader map obje expire 62 lines
07-03 23:17:14.428 14699 14709 I chatty  : uid=10104(net.osmand) HeapTaskDaemon expire 6 lines
07-03 23:17:14.442  1604  2170 I WifiService: acquireWifiLock uid=10014 lockMode=2
07-03 23:17:14.486 14699 14699 I chatty  : uid=10104(net.osmand) expire 18 lines
07-03 23:17:14.497 14699 25763 I chatty  : uid=10104(net.osmand) expire 31 lines
07-03 23:17:14.678  1604  3712 I WifiService: releaseWifiLock uid=10014
07-03 23:17:14.960  1604  1621 I WifiService: requestActivityInfo uid=1000
07-03 23:17:14.960  1604  1621 I WifiService: reportActivityInfo uid=1000
07-03 23:17:14.960  1604  1621 I WifiService: getSupportedFeatures uid=1000
07-03 23:17:15.191 14699 14725 I chatty  : uid=10104(net.osmand) RenderingBaseIm expire 22 lines
07-03 23:17:15.551 14699 25767 I chatty  : uid=10104(net.osmand) expire 31 lines
07-03 23:17:17.487 14699 25768 I chatty  : uid=10104(net.osmand) expire 31 lines
07-03 23:17:18.486  1604  3574 I MediaFocusControl: requestAudioFocus() from uid/pid 10104/14699 clientId=android.media.AudioManager@8717807net.osmand.plus.api.AudioFocusHelperImpl@bf88cde callingPack=net.osmand req=3 flags=0x0 sdk=26
07-03 23:17:18.509  4639 14788 I TTS.GoogleTTSServiceImp: Synthesis request for locale por-BRA and name pt-BR-language
07-03 23:17:18.512  4639 14788 I TTS.GoogleTTSServiceImp: TTS dispatch: pt-br-x-afs-lstm-embedded
07-03 23:17:18.573  4639 14789 D AudioTrack: Client defaulted notificationFrames to 1365 for frameCount 4096
07-03 23:17:18.591  1604  3545 V MediaRouterService: restoreBluetoothA2dp(false)
07-03 23:17:18.593  1394  3176 W audio_hw_generic: Not supplying enough data to HAL, expected position 727133911 , only wrote 727133760
07-03 23:17:21.579  1394  3176 W audio_hw_generic: Not supplying enough data to HAL, expected position 727277053 , only wrote 727276320
07-03 23:17:21.592  1394  3176 W audio_hw_generic: Not supplying enough data to HAL, expected position 727276947 , only wrote 727276320
07-03 23:17:21.744  1394  3176 W audio_hw_generic: Not supplying enough data to HAL, expected position 727283617 , only wrote 727283520
07-03 23:17:22.339  4639 14789 D AudioTrack: stop() called with 79420 frames delivered
07-03 23:17:22.343 14699 14828 I chatty  : uid=10104(net.osmand) Binder:14699_5 expire 4 lines
07-03 23:17:22.344  1604  3545 I MediaFocusControl: abandonAudioFocus() from uid/pid 10104/14699 clientId=android.media.AudioManager@8717807net.osmand.plus.api.AudioFocusHelperImpl@bf88cde
07-03 23:17:22.550 14699 14724 I chatty  : uid=10104(net.osmand) Loader map obje expire 87 lines
07-03 23:17:22.918 14699 14699 I chatty  : uid=10104(net.osmand) expire 23 lines
07-03 23:17:22.973 14699 14725 I chatty  : uid=10104(net.osmand) RenderingBaseIm expire 18 lines
07-03 23:17:23.001 14699 25771 I chatty  : uid=10104(net.osmand) expire 31 lines
07-03 23:17:24.072  1394  3176 W audio_hw_generic: Not supplying enough data to HAL, expected position 727395264 , only wrote 727395120
07-03 23:17:24.072  1394  3176 W audio_hw_generic: Not supplying enough data to HAL, expected position 727395129 , only wrote 727395120
07-03 23:17:24.087  1394  3176 W audio_hw_generic: Not supplying enough data to HAL, expected position 727395860 , only wrote 727395840
07-03 23:17:24.111 14699 14709 I chatty  : uid=10104(net.osmand) HeapTaskDaemon expire 6 lines
07-03 23:17:22.340  1604  3545 V MediaRouterService: restoreBluetoothA2dp(false)
