06-29 12:21:32.644  1390  2659 W audio_hw_generic: Not supplying enough data to HAL, expected position 103232340 , only wrote 103232160
06-29 12:21:32.644  1390  2659 W audio_hw_generic: Not supplying enough data to HAL, expected position 103232171 , only wrote 103232160
06-29 12:21:32.661  1390  2659 W audio_hw_generic: Not supplying enough data to HAL, expected position 103232991 , only wrote 103232880
06-29 12:21:32.665  1389  1389 W /system/bin/hw/android.hidl.allocator@1.0-service: ashmem_create_region(32768) returning hidl_memory(0xb1b1b830, 32768)
06-29 12:21:32.668  1389  1389 I chatty  : uid=1000(system) allocator@1.0-s identical 2 lines
06-29 12:21:32.668  1389  1389 W /system/bin/hw/android.hidl.allocator@1.0-service: ashmem_create_region(32768) returning hidl_memory(0xb1b1b830, 32768)
06-29 12:21:32.709  1390  2659 W audio_hw_generic: Not supplying enough data to HAL, expected position 103235187 , only wrote 103234320
06-29 12:21:32.780  1390  1390 W audio_hw_generic: Not supplying enough data to HAL, expected position 103238483 , only wrote 103235760
06-29 12:21:32.980  1389  1389 W /system/bin/hw/android.hidl.allocator@1.0-service: ashmem_create_region(32768) returning hidl_memory(0xb1b1b830, 32768)
06-29 12:21:32.983  1389  1389 I chatty  : uid=1000(system) allocator@1.0-s identical 2 lines
06-29 12:21:32.984  1389  1389 W /system/bin/hw/android.hidl.allocator@1.0-service: ashmem_create_region(32768) returning hidl_memory(0xb1b1b830, 32768)
06-29 12:21:34.399 14520 19899 V NuMediaExtractor: setDataSource fd=93 (/system/app/Camera2/Camera2.apk), offset=6794560, length=7755
06-29 12:21:34.495 14520 19899 V NuMediaExtractor: track of type 'audio/vorbis' does not publish bitrate
06-29 12:21:34.511 14520 19908 I OMXClient: Treble IOmx obtained
06-29 12:21:34.512  1485  1512 I OMXMaster: makeComponentInstance(OMX.google.vorbis.decoder) in omx@1.0-service process
06-29 12:21:34.516  1485  1824 E OMXNodeInstance: getConfig(0xaad1f000:google.vorbis.decoder, ConfigAndroidVendorExtension(0x6f100004)) ERROR: Undefined(0x80001001)
06-29 12:21:34.525  1389  1389 W /system/bin/hw/android.hidl.allocator@1.0-service: ashmem_create_region(32768) returning hidl_memory(0xb1b1b830, 32768)
06-29 12:21:34.597  1389  1389 I chatty  : uid=1000(system) allocator@1.0-s identical 6 lines
06-29 12:21:34.597  1389  1389 W /system/bin/hw/android.hidl.allocator@1.0-service: ashmem_create_region(32768) returning hidl_memory(0xb1b1b830, 32768)
06-29 12:21:34.614  1600  1635 I WifiService: getConnectionInfo uid=10014
06-29 12:21:34.620  1964 19687 E WakeLock: GCM_HB_ALARM release without a matched acquire!
06-29 12:21:34.780  1964 19696 V NativeCrypto: Read error: ssl=0xa622ea28: I/O error during system call, Connection reset by peer
06-29 12:21:34.781  1389  1389 W /system/bin/hw/android.hidl.allocator@1.0-service: ashmem_create_region(32768) returning hidl_memory(0xb1b1b830, 32768)
06-29 12:21:34.786  1964 19696 V NativeCrypto: SSL shutdown failed: ssl=0xa622ea28: I/O error during system call, Broken pipe
06-29 12:21:34.790  1389  1389 W /system/bin/hw/android.hidl.allocator@1.0-service: ashmem_create_region(32768) returning hidl_memory(0xb1b1b830, 32768)
06-29 12:21:34.798  1389  1389 I chatty  : uid=1000(system) allocator@1.0-s identical 1 line
06-29 12:21:34.801  1389  1389 W /system/bin/hw/android.hidl.allocator@1.0-service: ashmem_create_region(32768) returning hidl_memory(0xb1b1b830, 32768)
06-29 12:21:34.801  1964 19696 E WakeLock: GCM_HB_ALARM release without a matched acquire!
06-29 12:21:34.801  1964 19696 W WakeLock: GCM_HB_ALARM counter does not exist
06-29 12:21:34.828  1600  1678 D ConnectivityService: reportNetworkConnectivity(101, false) by 10014
06-29 12:21:34.828  1600  3204 D NetworkMonitor/NetworkAgentInfo [WIFI () - 101]: Forcing reevaluation for UID 10014
06-29 12:21:35.076  1600 19911 D NetworkMonitor/NetworkAgentInfo [WIFI () - 101]: PROBE_DNS www.google.com 127ms OK 172.217.28.228,2800:3f0:4001:801::2004
06-29 12:21:35.212  1600 19911 D NetworkMonitor/NetworkAgentInfo [WIFI () - 101]: PROBE_HTTPS https://www.google.com/generate_204 time=131ms ret=204 request={User-Agent=[Mozilla/5.0 (X11; Linux x86_64) AppleWebKit/537.36 (KHTML, like Gecko) Chrome/60.0.3112.32 Safari/537.36]} headers={null=[HTTP/1.1 204 No Content], Alt-Svc=[quic=":443"; ma=2592000; v="46,44,43,39"], Content-Length=[0], Date=[Sat, 29 Jun 2019 16:21:35 GMT], X-Android-Received-Millis=[1561825295209], X-Android-Response-Source=[NETWORK 204], X-Android-Selected-Protocol=[http/1.1], X-Android-Sent-Millis=[1561825295079]}
06-29 12:21:35.215  1600  1678 D ConnectivityService: NetworkAgentInfo [WIFI () - 101] validation passed
06-29 12:21:35.249  1600 19912 D NetworkMonitor/NetworkAgentInfo [WIFI () - 101]: PROBE_DNS connectivitycheck.gstatic.com 294ms OK 172.217.172.131,2800:3f0:4001:81a::2003
06-29 12:21:35.359  1600 19912 D NetworkMonitor/NetworkAgentInfo [WIFI () - 101]: PROBE_HTTP http://connectivitycheck.gstatic.com/generate_204 time=107ms ret=204 request={User-Agent=[Mozilla/5.0 (X11; Linux x86_64) AppleWebKit/537.36 (KHTML, like Gecko) Chrome/60.0.3112.32 Safari/537.36]} headers={null=[HTTP/1.1 204 No Content], Content-Length=[0], Date=[Sat, 29 Jun 2019 16:21:35 GMT], X-Android-Received-Millis=[1561825295358], X-Android-Response-Source=[NETWORK 204], X-Android-Selected-Protocol=[http/1.1], X-Android-Sent-Millis=[1561825295252]}
06-29 12:21:35.602  1600  1635 I WifiService: getConnectionInfo uid=10014
06-29 12:21:36.354  1600  1863 I WifiService: getConnectionInfo uid=10014
06-29 12:21:37.901  1600  1610 I WifiService: getConnectionInfo uid=10014
06-29 12:21:38.045  1964 19919 W WakeLock: GCM_READ counter does not exist
06-29 12:21:38.228  1964  2248 I GeofencerStateMachine: addGeofences called by com.google.android.apps.maps
06-29 12:21:38.946  1600  1635 I WifiService: getWifiEnabledState uid=10062
06-29 12:21:38.991  5679  5719 I zygote  : Deoptimizing java.lang.Object[] bmlc.toArray(java.lang.Object[]) due to JIT inline cache
06-29 12:21:40.179  1600  1611 I WifiService: acquireWifiLock uid=10014 lockMode=2
06-29 12:21:40.931  1600  1613 E memtrack: Couldn't load memtrack module
06-29 12:21:40.931  1600  1613 W android.os.Debug: failed to get memory consumption info: -1
06-29 12:21:41.740  1964 19787 I Places  : Converted 1 out of 1 WiFi scans
06-29 12:21:41.740  1600  5378 I WifiService: getConnectionInfo uid=10014
06-29 12:21:41.994  2629  2890 I WorkerManager: dispose()
06-29 12:21:41.996  2629  2890 W ThreadPoolDumper: Queue length for executor EventBus is now 11. Perhaps some tasks are too long, or the pool is too small.
06-29 12:21:42.266  1600  1611 I WifiService: releaseWifiLock uid=10014
06-29 12:21:42.401  1964  1964 W ChimeraUtils: Non Chimera context
06-29 12:21:42.401  1964  1964 W ChimeraUtils: Non Chimera context
06-29 12:21:43.860  1600  1613 E memtrack: Couldn't load memtrack module
06-29 12:21:43.861  1600  1613 W android.os.Debug: failed to get memory consumption info: -1
06-29 12:21:44.964  1600  1613 E memtrack: Couldn't load memtrack module
06-29 12:21:44.964  1600  1613 W android.os.Debug: failed to get memory consumption info: -1
06-29 12:21:45.754  1600  1674 W AlarmManager: Unrecognized alarm listener com.android.server.wifi.WifiConfigStore$1@fa13445
06-29 12:21:45.805  1600  1674 D WifiConfigStore: Writing to stores completed in 51 ms.
06-29 12:21:45.824  1964 19787 I Places  : ?: PlacesBleScanner stop()
06-29 12:21:45.825  1964  1964 I BeaconBle: Scan : No clients left, canceling alarm.
06-29 12:21:45.828  1964  1964 I BeaconBle: Scan canceled successfully.
06-29 12:21:45.858  1964 19787 I PlaceInferenceEngine: [anon] Changed inference mode: 0
06-29 12:21:45.859  1964 19787 I PlaceInferenceEngine: [account#1066226748] Changed inference mode: 0
06-29 12:21:45.915  1964  1964 I GeofencerStateMachine: sendNewLocationAvailability: availability=LocationAvailability[isLocationAvailable: true]
06-29 12:21:46.482  1964  1964 I GeofencerStateMachine: removeGeofences: removeRequest=RemoveGeofencingRequest[REMOVE_BY_PENDING_INTENT pendingIntent=PendingIntent[creatorPackage=com.google.android.gms], packageName=com.google.android.gms]
06-29 12:21:46.717  1964  2248 W MessageQueue: Handler (aeyl) {dada90d} sending message to a Handler on a dead thread
06-29 12:21:46.717  1964  2248 W MessageQueue: java.lang.IllegalStateException: Handler (aeyl) {dada90d} sending message to a Handler on a dead thread
06-29 12:21:46.717  1964  2248 W MessageQueue: 	at android.os.MessageQueue.enqueueMessage(MessageQueue.java:545)
06-29 12:21:46.717  1964  2248 W MessageQueue: 	at android.os.Handler.enqueueMessage(Handler.java:662)
06-29 12:21:46.717  1964  2248 W MessageQueue: 	at android.os.Handler.sendMessageAtTime(Handler.java:631)
06-29 12:21:46.717  1964  2248 W MessageQueue: 	at aeyl.sendMessageAtTime(Unknown Source:3)
06-29 12:21:46.717  1964  2248 W MessageQueue: 	at android.os.Handler.sendMessageDelayed(Handler.java:601)
06-29 12:21:46.717  1964  2248 W MessageQueue: 	at android.os.Handler.post(Handler.java:357)
06-29 12:21:46.717  1964  2248 W MessageQueue: 	at bcln.execute(Unknown Source:2)
06-29 12:21:46.717  1964  2248 W MessageQueue: 	at aanh.execute(Unknown Source:9)
06-29 12:21:46.717  1964  2248 W MessageQueue: 	at avft.a(:com.google.android.gms@17785022@17.7.85 (040700-253824076):3)
06-29 12:21:46.717  1964  2248 W MessageQueue: 	at avgk.a(:com.google.android.gms@17785022@17.7.85 (040700-253824076):8)
06-29 12:21:46.717  1964  2248 W MessageQueue: 	at avgn.a(:com.google.android.gms@17785022@17.7.85 (040700-253824076):43)
06-29 12:21:46.717  1964  2248 W MessageQueue: 	at avgj.a(:com.google.android.gms@17785022@17.7.85 (040700-253824076):2)
06-29 12:21:46.717  1964  2248 W MessageQueue: 	at rpj.a(:com.google.android.gms@17785022@17.7.85 (040700-253824076):3)
06-29 12:21:46.717  1964  2248 W MessageQueue: 	at rpj.a(:com.google.android.gms@17785022@17.7.85 (040700-253824076):2)
06-29 12:21:46.717  1964  2248 W MessageQueue: 	at agos.a(Unknown Source:2)
06-29 12:21:46.717  1964  2248 W MessageQueue: 	at rnt.a(Unknown Source:11)
06-29 12:21:46.717  1964  2248 W MessageQueue: 	at aamg.a(:com.google.android.gms@17785022@17.7.85 (040700-253824076):1)
06-29 12:21:46.717  1964  2248 W MessageQueue: 	at cwm.onTransact(:com.google.android.gms@17785022@17.7.85 (040700-253824076):4)
06-29 12:21:46.717  1964  2248 W MessageQueue: 	at android.os.Binder.execTransact(Binder.java:697)
06-29 12:21:47.199 19917 19917 D AndroidRuntime: >>>>>> START com.android.internal.os.RuntimeInit uid 2000 <<<<<<
06-29 12:21:47.337 19917 19917 W app_process: Could not reserve sentinel fault page
06-29 12:21:48.015  1964 19789 W ctxmgr  : [WorkManager] Long workInfo: pkg=com.google.android.gms, lbl=BaseProducer_write_to_store, start=2019-06-29 16:21:45.301+0000, stop=2019-06-29 16:21:47.859+0000, durtn=2558ms [CONTEXT service_id=47 ]
06-29 12:21:49.343 19917 19917 W app_process: Unexpected CPU variant for X86 using defaults: x86
06-29 12:21:49.489  1600  5171 D WificondControl: Scan result ready event
06-29 12:21:49.500 19917 19917 I app_process: The ClassLoaderContext is a special shared library.
06-29 12:21:50.363 19917 19917 D AndroidRuntime: Calling main entry com.android.commands.input.Input
06-29 12:21:50.375 19917 19917 I Input   : injectKeyEvent: KeyEvent { action=ACTION_DOWN, keyCode=KEYCODE_CAMERA, scanCode=0, metaState=0, flags=0x0, repeatCount=0, eventTime=10343402, downTime=10343402, deviceId=-1, source=0x101 }
06-29 12:21:50.447 14520 19897 I CAM_FlashBasedPhotoCmd: running flash-auto command: com.android.camera.one.v2.photo.ConvergedImageCaptureCommand@852fd8
06-29 12:21:50.446 19917 19917 I Input   : injectKeyEvent: KeyEvent { action=ACTION_UP, keyCode=KEYCODE_CAMERA, scanCode=0, metaState=0, flags=0x0, repeatCount=0, eventTime=10343402, downTime=10343402, deviceId=-1, source=0x101 }
06-29 12:21:50.514 19917 19917 D AndroidRuntime: Shutting down VM
06-29 12:21:50.684 19917 19917 W app_process: Suspending all threads took: 47.844ms
06-29 12:21:50.888  1600  1613 E memtrack: Couldn't load memtrack module
06-29 12:21:50.888  1600  1613 W android.os.Debug: failed to get memory consumption info: -1
06-29 12:21:50.908  1964  1964 I BeaconBle: Scan : No clients left, canceling alarm.
06-29 12:21:51.309  1600  1613 E memtrack: Couldn't load memtrack module
06-29 12:21:51.309  1600  1613 W android.os.Debug: failed to get memory consumption info: -1
06-29 12:21:51.710  1600  1613 E memtrack: Couldn't load memtrack module
06-29 12:21:51.710  1600  1613 W android.os.Debug: failed to get memory consumption info: -1
06-29 12:21:52.318  1398  1435 W gralloc_ranchu: gralloc_alloc: Requested YCbCr_420_888, taking experimental path. usage: 1280 x 960, usage 20003
06-29 12:21:52.318  1398  1435 D gralloc_ranchu: gralloc_alloc: Creating ashmem region of size 1847296
06-29 12:21:52.663 14520 19901 V NuMediaExtractor: setDataSource fd=101 (/system/media/audio/ui/camera_click.ogg), offset=0, length=4851
06-29 12:21:52.934 14520 19901 V NuMediaExtractor: track of type 'audio/vorbis' does not publish bitrate
06-29 12:21:53.044 14520 19940 I OMXClient: Treble IOmx obtained
06-29 12:21:53.045  1485  1512 I OMXMaster: makeComponentInstance(OMX.google.vorbis.decoder) in omx@1.0-service process
06-29 12:21:53.253  1600  1613 E memtrack: Couldn't load memtrack module
06-29 12:21:53.253  1600  1613 W android.os.Debug: failed to get memory consumption info: -1
06-29 12:21:53.285  1485  1512 E OMXNodeInstance: getConfig(0xaad1f000:google.vorbis.decoder, ConfigAndroidVendorExtension(0x6f100004)) ERROR: Undefined(0x80001001)
06-29 12:21:53.298  1389  1389 W /system/bin/hw/android.hidl.allocator@1.0-service: ashmem_create_region(32768) returning hidl_memory(0xb1b1b830, 32768)
06-29 12:21:53.408  1389  1389 I chatty  : uid=1000(system) allocator@1.0-s identical 3 lines
06-29 12:21:53.416  1389  1389 W /system/bin/hw/android.hidl.allocator@1.0-service: ashmem_create_region(32768) returning hidl_memory(0xb1b1b830, 32768)
06-29 12:21:53.417 14520 14530 I zygote  : NativeAlloc concurrent copying GC freed 19392(868KB) AllocSpace objects, 0(0B) LOS objects, 49% free, 5MB/10MB, paused 42.365ms total 856.809ms
06-29 12:21:53.420  1389  1389 W /system/bin/hw/android.hidl.allocator@1.0-service: ashmem_create_region(32768) returning hidl_memory(0xb1b1b830, 32768)
06-29 12:21:53.428  1389  1389 I chatty  : uid=1000(system) allocator@1.0-s identical 2 lines
06-29 12:21:53.466  1389  1389 W /system/bin/hw/android.hidl.allocator@1.0-service: ashmem_create_region(32768) returning hidl_memory(0xb1b1b830, 32768)
06-29 12:21:53.466 14520 14616 I CAM_JpegUtilNative: Compressing jpeg with size = (1280, 960); y-channel pixel stride = 1; y-channel row stride =  1280; cb-channel pixel stride = 2; cb-channel row stride =  1280; cr-channel pixel stride = 2; cr-channel row stride =  1280; crop = [(0, 0) - (1280, 960)]; rotation = 3 * 90 deg. 
06-29 12:21:53.477  1389  1389 W /system/bin/hw/android.hidl.allocator@1.0-service: ashmem_create_region(32768) returning hidl_memory(0xb1b1b830, 32768)
06-29 12:21:53.484  1389  1389 I chatty  : uid=1000(system) allocator@1.0-s identical 1 line
06-29 12:21:53.487  1389  1389 W /system/bin/hw/android.hidl.allocator@1.0-service: ashmem_create_region(32768) returning hidl_memory(0xb1b1b830, 32768)
06-29 12:21:53.706  1600  1613 E memtrack: Couldn't load memtrack module
06-29 12:21:53.707  1600  1613 W android.os.Debug: failed to get memory consumption info: -1
06-29 12:21:53.791 14520 19943 D         : HostConnection::get() New Host Connection established 0x9e47fb80, tid 19943
06-29 12:21:53.818  1600  1613 E memtrack: Couldn't load memtrack module
06-29 12:21:53.818  1600  1613 W android.os.Debug: failed to get memory consumption info: -1
06-29 12:21:54.720 14520 14530 I zygote  : NativeAlloc concurrent copying GC freed 3379(276KB) AllocSpace objects, 2(1352KB) LOS objects, 50% free, 3MB/7MB, paused 1.747ms total 615.595ms
06-29 12:21:54.794 14520 19901 V NuMediaExtractor: setDataSource fd=102 (/system/media/audio/ui/camera_click.ogg), offset=0, length=4851
06-29 12:21:54.885 14520 19901 V NuMediaExtractor: track of type 'audio/vorbis' does not publish bitrate
06-29 12:21:55.105 14520 19944 I OMXClient: Treble IOmx obtained
06-29 12:21:55.106  1485  1512 I OMXMaster: makeComponentInstance(OMX.google.vorbis.decoder) in omx@1.0-service process
06-29 12:21:55.117  1485  1824 E OMXNodeInstance: getConfig(0xab1a0a80:google.vorbis.decoder, ConfigAndroidVendorExtension(0x6f100004)) ERROR: Undefined(0x80001001)
06-29 12:21:55.126  1389  1389 W /system/bin/hw/android.hidl.allocator@1.0-service: ashmem_create_region(32768) returning hidl_memory(0xb1b1b830, 32768)
06-29 12:21:55.464  1389  1389 I chatty  : uid=1000(system) allocator@1.0-s identical 10 lines
06-29 12:21:55.464  1389  1389 W /system/bin/hw/android.hidl.allocator@1.0-service: ashmem_create_region(32768) returning hidl_memory(0xb1b1b830, 32768)
06-29 12:21:56.360 14520 19894 W AudioTrack: AUDIO_OUTPUT_FLAG_FAST denied, rates do not match 44100 Hz, require 48000 Hz
06-29 12:21:56.381  1390  2659 W audio_hw_generic: Not supplying enough data to HAL, expected position 103235786 , only wrote 103235760
06-29 12:21:56.565  1390  2659 W audio_hw_generic: Not supplying enough data to HAL, expected position 103244601 , only wrote 103241520
06-29 12:21:56.681  1390  2659 W audio_hw_generic: Not supplying enough data to HAL, expected position 103247078 , only wrote 103243680
06-29 12:21:56.681  1390  2659 W audio_hw_generic: Not supplying enough data to HAL, expected position 103243692 , only wrote 103243680
06-29 12:21:56.684  1473  1561 D AudioFlinger: mixer(0xa6c83380) throttle end: throttle time(12)
06-29 12:21:56.697  1390  2659 W audio_hw_generic: Not supplying enough data to HAL, expected position 103244472 , only wrote 103244400
06-29 12:21:56.827  1390  2659 W audio_hw_generic: Not supplying enough data to HAL, expected position 103250637 , only wrote 103247280
06-29 12:21:56.828  1390  2659 W audio_hw_generic: Not supplying enough data to HAL, expected position 103247311 , only wrote 103247280
06-29 12:21:56.845  1390  2659 W audio_hw_generic: Not supplying enough data to HAL, expected position 103248077 , only wrote 103248000
06-29 12:21:56.984  1390  2659 W audio_hw_generic: Not supplying enough data to HAL, expected position 103254670 , only wrote 103249440
06-29 12:21:57.150  1390  2659 W audio_hw_generic: Not supplying enough data to HAL, expected position 103257440 , only wrote 103253040
06-29 12:21:57.150  1390  2659 W audio_hw_generic: Not supplying enough data to HAL, expected position 103253049 , only wrote 103253040
06-29 12:21:57.166  1390  2659 W audio_hw_generic: Not supplying enough data to HAL, expected position 103253807 , only wrote 103253760
06-29 12:21:57.300  1390  2659 W audio_hw_generic: Not supplying enough data to HAL, expected position 103260188 , only wrote 103256640
06-29 12:21:57.301  1390  2659 W audio_hw_generic: Not supplying enough data to HAL, expected position 103256670 , only wrote 103256640
06-29 12:21:57.318  1390  2659 W audio_hw_generic: Not supplying enough data to HAL, expected position 103257441 , only wrote 103257360
06-29 12:21:57.432  1390  2659 W audio_hw_generic: Not supplying enough data to HAL, expected position 103262858 , only wrote 103258800
06-29 12:21:57.542  1390  2659 W audio_hw_generic: Not supplying enough data to HAL, expected position 103264046 , only wrote 103261680
06-29 12:21:57.542  1390  2659 W audio_hw_generic: Not supplying enough data to HAL, expected position 103261689 , only wrote 103261680
06-29 12:21:57.559  1390  2659 W audio_hw_generic: Not supplying enough data to HAL, expected position 103262491 , only wrote 103262400
06-29 12:21:57.632  1390  2659 W audio_hw_generic: Not supplying enough data to HAL, expected position 103265927 , only wrote 103263840
06-29 12:21:57.633  1390  2659 W audio_hw_generic: Not supplying enough data to HAL, expected position 103263873 , only wrote 103263840
06-29 12:21:57.649  1390  2659 W audio_hw_generic: Not supplying enough data to HAL, expected position 103264613 , only wrote 103264560
06-29 12:21:57.748  1390  2659 W audio_hw_generic: Not supplying enough data to HAL, expected position 103269309 , only wrote 103266000
06-29 12:21:57.860  1390  2659 W audio_hw_generic: Not supplying enough data to HAL, expected position 103271403 , only wrote 103268880
06-29 12:21:57.861  1390  2659 W audio_hw_generic: Not supplying enough data to HAL, expected position 103268889 , only wrote 103268880
06-29 12:21:57.876  1390  2659 W audio_hw_generic: Not supplying enough data to HAL, expected position 103269619 , only wrote 103269600
06-29 12:21:57.975  1390  2659 W audio_hw_generic: Not supplying enough data to HAL, expected position 103274352 , only wrote 103271040
06-29 12:21:57.991  1390  2659 W audio_hw_generic: Hardware backing HAL too slow, could only write 0 of 720 frames
06-29 12:21:58.079  1390  2659 W audio_hw_generic: Hardware backing HAL too slow, could only write 0 of 720 frames
06-29 12:21:58.079  1390  2659 W audio_hw_generic: Not supplying enough data to HAL, expected position 103276051 , only wrote 103273920
06-29 12:21:58.080  1390  2659 W audio_hw_generic: Not supplying enough data to HAL, expected position 103273928 , only wrote 103273920
06-29 12:21:58.080  1390  2659 W audio_hw_generic: Hardware backing HAL too slow, could only write 0 of 720 frames
06-29 12:21:58.097  1390  2659 W audio_hw_generic: Hardware backing HAL too slow, could only write 0 of 720 frames
06-29 12:21:58.192  1390  2659 W audio_hw_generic: Not supplying enough data to HAL, expected position 103279290 , only wrote 103276080
06-29 12:21:58.192  1390  2659 W audio_hw_generic: Hardware backing HAL too slow, could only write 0 of 720 frames
06-29 12:21:58.193  1390  2659 I chatty  : uid=1041(audioserver) writer identical 1 line
06-29 12:21:58.319  1390  2659 W audio_hw_generic: Hardware backing HAL too slow, could only write 0 of 720 frames
06-29 12:21:58.320  1390  2659 W audio_hw_generic: Not supplying enough data to HAL, expected position 103282239 , only wrote 103278960
06-29 12:21:58.320  1390  2659 W audio_hw_generic: Not supplying enough data to HAL, expected position 103278969 , only wrote 103278960
06-29 12:21:58.320  1390  2659 W audio_hw_generic: Hardware backing HAL too slow, could only write 0 of 720 frames
06-29 12:21:58.335  1390  2659 W audio_hw_generic: Not supplying enough data to HAL, expected position 103279698 , only wrote 103279680
06-29 12:21:58.338  1390  2659 W audio_hw_generic: Hardware backing HAL too slow, could only write 0 of 720 frames
06-29 12:21:58.462  1390  2659 W audio_hw_generic: Not supplying enough data to HAL, expected position 103285762 , only wrote 103281120
06-29 12:21:58.563  1390  2659 W audio_hw_generic: Not supplying enough data to HAL, expected position 103285961 , only wrote 103284720
06-29 12:21:58.564  1390  2659 W audio_hw_generic: Not supplying enough data to HAL, expected position 103284745 , only wrote 103284720
06-29 12:21:58.579  1390  2659 W audio_hw_generic: Not supplying enough data to HAL, expected position 103285468 , only wrote 103285440
06-29 12:21:58.597  1390  2659 W audio_hw_generic: Hardware backing HAL too slow, could only write 0 of 720 frames
06-29 12:21:58.657  1390  2659 W audio_hw_generic: Not supplying enough data to HAL, expected position 103289180 , only wrote 103288320
06-29 12:21:58.657  1390  2659 W audio_hw_generic: Not supplying enough data to HAL, expected position 103288338 , only wrote 103288320
06-29 12:21:58.673  1390  2659 W audio_hw_generic: Not supplying enough data to HAL, expected position 103289081 , only wrote 103289040
06-29 12:21:58.740  1390  2659 W audio_hw_generic: Not supplying enough data to HAL, expected position 103292222 , only wrote 103291920
06-29 12:21:58.740  1390  2659 W audio_hw_generic: Not supplying enough data to HAL, expected position 103291929 , only wrote 103291920
06-29 12:21:58.757  1390  2659 W audio_hw_generic: Not supplying enough data to HAL, expected position 103292734 , only wrote 103292640
06-29 12:21:58.821  1390  2659 W audio_hw_generic: Hardware backing HAL too slow, could only write 0 of 720 frames
06-29 12:21:58.876  1390  2659 W audio_hw_generic: Not supplying enough data to HAL, expected position 103298357 , only wrote 103297680
06-29 12:21:58.876  1390  2659 W audio_hw_generic: Not supplying enough data to HAL, expected position 103297687 , only wrote 103297680
06-29 12:21:58.892  1390  2659 W audio_hw_generic: Not supplying enough data to HAL, expected position 103298429 , only wrote 103298400
06-29 12:21:58.946  1390  2659 W audio_hw_generic: Not supplying enough data to HAL, expected position 103300999 , only wrote 103299840
06-29 12:21:59.011  1390  2659 W audio_hw_generic: Not supplying enough data to HAL, expected position 103302990 , only wrote 103302720
06-29 12:21:59.012  1390  2659 W audio_hw_generic: Not supplying enough data to HAL, expected position 103302757 , only wrote 103302720
06-29 12:21:59.063  1390  2659 W audio_hw_generic: Not supplying enough data to HAL, expected position 103305141 , only wrote 103303440
06-29 12:21:59.246  1390  2659 W audio_hw_generic: Not supplying enough data to HAL, expected position 103312256 , only wrote 103309920
06-29 12:21:59.246  1390  2659 W audio_hw_generic: Not supplying enough data to HAL, expected position 103309929 , only wrote 103309920
06-29 12:21:59.264  1390  2659 W audio_hw_generic: Not supplying enough data to HAL, expected position 103310739 , only wrote 103310640
06-29 12:21:59.324  1390  2659 W audio_hw_generic: Not supplying enough data to HAL, expected position 103313547 , only wrote 103312080
06-29 12:21:59.401  1390  2659 W audio_hw_generic: Not supplying enough data to HAL, expected position 103315771 , only wrote 103315680
06-29 12:21:59.461  1390  2659 W audio_hw_generic: Not supplying enough data to HAL, expected position 103318563 , only wrote 103318560
06-29 12:21:59.461  1390  2659 W audio_hw_generic: Not supplying enough data to HAL, expected position 103318569 , only wrote 103318560
06-29 12:21:59.477  1390  2659 W audio_hw_generic: Not supplying enough data to HAL, expected position 103319316 , only wrote 103319280
06-29 12:21:59.538  1390  2659 W audio_hw_generic: Not supplying enough data to HAL, expected position 103322203 , only wrote 103322160
06-29 12:21:59.539  1390  2659 W audio_hw_generic: Not supplying enough data to HAL, expected position 103322202 , only wrote 103322160
06-29 12:21:59.554  1390  2659 W audio_hw_generic: Not supplying enough data to HAL, expected position 103322888 , only wrote 103322880
06-29 12:21:59.628  1390  2659 W audio_hw_generic: Not supplying enough data to HAL, expected position 103326426 , only wrote 103324320
06-29 12:21:59.660  1390  1562 W audio_hw_generic: Not supplying enough data to HAL, expected position 103326741 , only wrote 103325760
06-29 12:22:00.855  1600  1635 I WifiService: acquireWifiLock uid=10014 lockMode=2
06-29 12:22:01.368  1600  1617 I WifiService: requestActivityInfo uid=1000
06-29 12:22:01.368  1600  1617 I WifiService: reportActivityInfo uid=1000
06-29 12:22:01.368  1600  1617 I WifiService: getSupportedFeatures uid=1000
06-29 12:22:01.480  1964  1964 I GeofencerStateMachine: sendNewTransitions called.
06-29 12:22:01.580  1600  5378 I WifiService: releaseWifiLock uid=10014
06-29 12:22:02.568 19948 19948 D AndroidRuntime: >>>>>> START com.android.internal.os.RuntimeInit uid 2000 <<<<<<
06-29 12:22:02.612 19948 19948 W app_process: Could not reserve sentinel fault page
06-29 12:22:03.952 19948 19948 W app_process: Unexpected CPU variant for X86 using defaults: x86
06-29 12:22:04.025 19948 19948 I app_process: The ClassLoaderContext is a special shared library.
06-29 12:22:04.636 19948 19948 D AndroidRuntime: Calling main entry com.android.commands.monkey.Monkey
06-29 12:22:04.678 19948 19948 W Monkey  : args: [-p, net.osmand, -c, android.intent.category.LAUNCHER, 1]
06-29 12:22:04.680 19948 19948 W Monkey  :  arg: "-p"
06-29 12:22:04.683 19948 19948 W Monkey  :  arg: "net.osmand"
06-29 12:22:04.683 19948 19948 W Monkey  :  arg: "-c"
06-29 12:22:04.684 19948 19948 W Monkey  :  arg: "android.intent.category.LAUNCHER"
06-29 12:22:04.687 19948 19948 W Monkey  :  arg: "1"
06-29 12:22:04.687 19948 19948 W Monkey  : data="net.osmand"
06-29 12:22:04.688 19948 19948 W Monkey  : data="android.intent.category.LAUNCHER"
06-29 12:22:04.835  1600  1614 W BroadcastQueue: Skipping deliver [background] BroadcastRecord{77144a u-1 android.net.conn.CONNECTIVITY_CHANGE} to ReceiverList{61e5fbb 19948 (unknown name)/2000/u-1 remote:728ddec}: process gone or crashing
06-29 12:22:05.682  1600  1863 I ActivityManager: START u0 {act=android.intent.action.MAIN cat=[android.intent.category.LAUNCHER] flg=0x10200000 cmp=net.osmand/.plus.activities.MapActivity} from uid 2000
06-29 12:22:05.682  1600  1863 W Binder  : Outgoing transactions from this process must be FLAG_ONEWAY
06-29 12:22:05.682  1600  1863 W Binder  : java.lang.Throwable
06-29 12:22:05.682  1600  1863 W Binder  : 	at android.os.BinderProxy.transact(Binder.java:752)
06-29 12:22:05.682  1600  1863 W Binder  : 	at android.app.IActivityController$Stub$Proxy.activityStarting(IActivityController.java:172)
06-29 12:22:05.682  1600  1863 W Binder  : 	at com.android.server.am.ActivityStarter.startActivity(ActivityStarter.java:449)
06-29 12:22:05.682  1600  1863 W Binder  : 	at com.android.server.am.ActivityStarter.startActivityLocked(ActivityStarter.java:278)
06-29 12:22:05.682  1600  1863 W Binder  : 	at com.android.server.am.ActivityStarter.startActivityMayWait(ActivityStarter.java:817)
06-29 12:22:05.682  1600  1863 W Binder  : 	at com.android.server.am.ActivityManagerService.startActivityAsUser(ActivityManagerService.java:4532)
06-29 12:22:05.682  1600  1863 W Binder  : 	at com.android.server.am.ActivityManagerService.startActivity(ActivityManagerService.java:4519)
06-29 12:22:05.682  1600  1863 W Binder  : 	at android.app.IActivityManager$Stub.onTransact(IActivityManager.java:121)
06-29 12:22:05.682  1600  1863 W Binder  : 	at com.android.server.am.ActivityManagerService.onTransact(ActivityManagerService.java:2919)
06-29 12:22:05.682  1600  1863 W Binder  : 	at android.os.Binder.execTransact(Binder.java:697)
06-29 12:22:05.770 19948 19948 I Monkey  : Events injected: 1
06-29 12:22:05.958  1474  8211 I Camera3-Device: disconnect: E
06-29 12:22:05.959  1474  8211 I CameraLatencyHistogram: ProcessCaptureRequest latency histogram (359) samples:
06-29 12:22:05.959  1474  8211 I CameraLatencyHistogram:        40     80    120    160    200    240    280    320    360    inf (max ms)
06-29 12:22:05.959  1474  8211 I CameraLatencyHistogram:      66.30   15.32   11.98   4.46   0.84   0.56   0.28   0.00   0.00   0.28 (%)
06-29 12:22:05.977 19948 19948 I Monkey  : ## Network stats: elapsed time=295ms (0ms mobile, 0ms wifi, 295ms not connected)
06-29 12:22:05.982  1600  1615 W Looper  : Dispatch took 102ms on android.ui, h=Handler (com.android.server.policy.PhoneWindowManager$PolicyHandler) {dca4410} cb=android.database.ContentObserver$NotificationRunnable@71a2b16 msg=0
06-29 12:22:05.985 19948 19948 I com.android.commands.monkey: System.exit called, status: 0
06-29 12:22:05.985 19948 19948 I AndroidRuntime: VM exiting with result code 0.
06-29 12:22:06.044  1474  8211 I CameraLatencyHistogram: Stream 0 dequeueBuffer latency histogram (1) samples:
06-29 12:22:06.044  1474  8211 I CameraLatencyHistogram:         5     10     15     20     25     30     35     40     45    inf (max ms)
06-29 12:22:06.044  1474  8211 I CameraLatencyHistogram:      0.00   0.00   0.00   0.00   0.00   0.00   0.00   0.00   0.00   100.00 (%)
06-29 12:22:06.054  1474  8211 I CameraLatencyHistogram: Stream 1 dequeueBuffer latency histogram (359) samples:
06-29 12:22:06.054  1474  8211 I CameraLatencyHistogram:         5     10     15     20     25     30     35     40     45    inf (max ms)
06-29 12:22:06.055  1474  8211 I CameraLatencyHistogram:      89.14   6.69   0.84   0.00   0.00   0.00   0.84   0.00   0.56   1.95 (%)
06-29 12:22:06.055  1474  8211 I Camera3-Device: disconnect: X
06-29 12:22:06.055  1474  8211 I Camera3-Device: disconnect: E
06-29 12:22:06.067  1474  8211 I CameraService: disconnect: Disconnected client for camera 0 for PID 14520
06-29 12:22:06.089 14520 14538 W CAM2PORT_AndCamAgntImp: Releasing camera without any camera opened.
06-29 12:22:06.094 14520 14520 I CAM_Profiler: [337.319ms][ui] GUARD: CameraActivity.onPause - STOP
06-29 12:22:06.138  1398  1435 D gralloc_ranchu: gralloc_alloc: Creating ashmem region of size 8298496
06-29 12:22:06.166  1408  1408 E EGL_emulation: tid 1408: eglCreateSyncKHR(1962): error 0x3004 (EGL_BAD_ATTRIBUTE)
06-29 12:22:06.202  1600  1613 E memtrack: Couldn't load memtrack module
06-29 12:22:06.202  1600  1613 W android.os.Debug: failed to get memory consumption info: -1
06-29 12:22:06.297 14520 14554 D EGL_emulation: eglMakeCurrent: 0x9e4045a0: ver 2 0 (tinfo 0x9e4034d0)
06-29 12:22:06.364  1600  1617 I WifiService: requestActivityInfo uid=1000
06-29 12:22:06.364  1600  1617 I WifiService: reportActivityInfo uid=1000
06-29 12:22:06.364  1600  1617 I WifiService: getSupportedFeatures uid=1000
06-29 12:22:06.439  1600  1615 W Looper  : Dispatch took 242ms on android.ui, h=Handler (com.android.server.am.ActivityManagerService$UiHandler) {bce2944} cb=null msg=53
06-29 12:22:06.450  1600  1635 I WifiService: getConnectionInfo uid=10014
06-29 12:22:06.522  3472  3472 D InAppPurchaseHelper: Destroying helper.
06-29 12:22:06.569  1964  1964 I GeofencerStateMachine: sendNewLocationAvailability: availability=LocationAvailability[isLocationAvailable: true]
06-29 12:22:06.653  3472  3472 D net.osmand: DayNightHelper Sunrise/sunset setting to day: true
06-29 12:22:06.691  3472  3472 W System.err: OnCreate for MapActivity took 169 ms
06-29 12:22:06.727  1704  1929 D EGL_emulation: eglMakeCurrent: 0x9e4046c0: ver 2 0 (tinfo 0x9e403690)
06-29 12:22:06.740  3472  3472 I Choreographer: Skipped 30 frames!  The application may be doing too much work on its main thread.
06-29 12:22:06.748  1704  1929 D EGL_emulation: eglMakeCurrent: 0x9e4046c0: ver 2 0 (tinfo 0x9e403690)
06-29 12:22:06.765  1704  1929 D EGL_emulation: eglMakeCurrent: 0x9e4046c0: ver 2 0 (tinfo 0x9e403690)
06-29 12:22:06.785  1398  1435 D gralloc_ranchu: gralloc_alloc: Creating ashmem region of size 8298496
06-29 12:22:06.819  3472  3472 W ResourceType: For resource 0x7f0e013b, entry index(315) is beyond type entryCount(142)
06-29 12:22:06.826  3472  3472 I chatty  : uid=10104(net.osmand) identical 8 lines
06-29 12:22:06.826  3472  3472 W ResourceType: For resource 0x7f0e013b, entry index(315) is beyond type entryCount(142)
06-29 12:22:06.828  1704  1929 D EGL_emulation: eglMakeCurrent: 0x9e4046c0: ver 2 0 (tinfo 0x9e403690)
06-29 12:22:06.828  3472  3472 W ResourceType: For resource 0x7f0e013b, entry index(315) is beyond type entryCount(142)
06-29 12:22:06.853  3472  3472 I chatty  : uid=10104(net.osmand) identical 30 lines
06-29 12:22:06.853  3472  3472 W ResourceType: For resource 0x7f0e013b, entry index(315) is beyond type entryCount(142)
06-29 12:22:06.854  1704  1929 D EGL_emulation: eglMakeCurrent: 0x9e4046c0: ver 2 0 (tinfo 0x9e403690)
06-29 12:22:06.854  3472  3472 W ResourceType: For resource 0x7f0e013b, entry index(315) is beyond type entryCount(142)
06-29 12:22:06.868  3472  3472 I chatty  : uid=10104(net.osmand) identical 26 lines
06-29 12:22:06.868  3472  3472 W ResourceType: For resource 0x7f0e013b, entry index(315) is beyond type entryCount(142)
06-29 12:22:06.881  1704  1929 D EGL_emulation: eglMakeCurrent: 0x9e4046c0: ver 2 0 (tinfo 0x9e403690)
06-29 12:22:06.886  1408  1663 E SurfaceFlinger: Permission Denial: can't openGlobalTransaction pid=3472, uid<=10104
06-29 12:22:06.887  3472  3472 E BpSurfaceComposerClient: Failed to transact (-1)
06-29 12:22:06.891  1408  1422 E SurfaceFlinger: Permission Denial: can't openGlobalTransaction pid=3472, uid<=10104
06-29 12:22:06.894  3472  3472 E BpSurfaceComposerClient: Failed to transact (-1)
06-29 12:22:06.898  1704  1929 D EGL_emulation: eglMakeCurrent: 0x9e4046c0: ver 2 0 (tinfo 0x9e403690)
06-29 12:22:06.925  3472  3540 D EGL_emulation: eglMakeCurrent: 0x9e4043c0: ver 2 0 (tinfo 0x9e403290)
06-29 12:22:06.941  1704  1929 D EGL_emulation: eglMakeCurrent: 0x9e4046c0: ver 2 0 (tinfo 0x9e403690)
06-29 12:22:06.955  1398  1435 D gralloc_ranchu: gralloc_alloc: Creating ashmem region of size 8298496
06-29 12:22:07.015  1398  1435 D gralloc_ranchu: gralloc_alloc: Creating ashmem region of size 3878912
06-29 12:22:07.116  1964  1964 I GeofencerStateMachine: sendNewLocationAvailability: availability=LocationAvailability[isLocationAvailable: true]
06-29 12:22:07.152  1398  1435 D gralloc_ranchu: gralloc_alloc: Creating ashmem region of size 3878912
06-29 12:22:07.179  1398  1435 D gralloc_ranchu: gralloc_alloc: Creating ashmem region of size 8298496
06-29 12:22:07.390  1704  1723 I zygote  : NativeAlloc concurrent copying GC freed 8480(525KB) AllocSpace objects, 0(0B) LOS objects, 44% free, 7MB/13MB, paused 15.033ms total 1.148s
06-29 12:22:07.655  1600  1609 I zygote  : NativeAlloc concurrent copying GC freed 23908(1549KB) AllocSpace objects, 9(372KB) LOS objects, 22% free, 20MB/26MB, paused 31.216ms total 1.471s
06-29 12:22:08.384  2629 19866 W GmsLocationProvider: Error removing location updates: 16
06-29 12:22:09.750  1600  1609 I zygote  : NativeAlloc concurrent copying GC freed 12854(765KB) AllocSpace objects, 6(312KB) LOS objects, 23% free, 19MB/25MB, paused 1.120ms total 200.338ms
06-29 12:22:12.264  1474  8211 I Camera2ClientBase: Closed Camera 0. Client was: com.android.camera2 (PID 14520, UID 10039)
06-29 12:22:13.389  1600  1613 E memtrack: Couldn't load memtrack module
06-29 12:22:13.390  1600  1613 W android.os.Debug: failed to get memory consumption info: -1
06-29 12:22:13.427  1600  1613 E memtrack: Couldn't load memtrack module
06-29 12:22:13.427  1600  1613 W android.os.Debug: failed to get memory consumption info: -1
06-29 12:22:17.020  1600  1613 E memtrack: Couldn't load memtrack module
06-29 12:22:17.020  1600  1613 W android.os.Debug: failed to get memory consumption info: -1
06-29 12:22:17.085  1600  1613 E memtrack: Couldn't load memtrack module
06-29 12:22:17.085  1600  1613 W android.os.Debug: failed to get memory consumption info: -1
06-29 12:22:17.163  1600  1613 E memtrack: Couldn't load memtrack module
06-29 12:22:17.163  1600  1613 W android.os.Debug: failed to get memory consumption info: -1
06-29 12:22:17.212  1600  1613 E memtrack: Couldn't load memtrack module
06-29 12:22:17.212  1600  1613 W android.os.Debug: failed to get memory consumption info: -1
06-29 12:22:17.256  1600  1613 E memtrack: Couldn't load memtrack module
06-29 12:22:17.256  1600  1613 W android.os.Debug: failed to get memory consumption info: -1
06-29 12:22:20.884  1600  1613 I UsageStatsService: User[0] Flushing usage stats to disk
06-29 12:22:20.908  1600  5171 I WifiService: acquireWifiLock uid=10014 lockMode=2
06-29 12:22:21.404  1600  1617 I WifiService: requestActivityInfo uid=1000
06-29 12:22:21.405  1600  1617 I WifiService: reportActivityInfo uid=1000
06-29 12:22:21.405  1600  1617 I WifiService: getSupportedFeatures uid=1000
06-29 12:22:21.450  1964  1964 I GeofencerStateMachine: sendQueryLocationOptIn
06-29 12:22:21.453  1600  1613 I GnssLocationProvider: WakeLock acquired by sendMessage(ENABLE, 1, null)
06-29 12:22:21.453  1600  1613 I GnssLocationProvider: WakeLock acquired by sendMessage(SET_REQUEST, 0, com.android.server.location.GnssLocationProvider$GpsRequest@df03c08)
06-29 12:22:21.459  1399  1414 D hwcomposer: hw_composer sent 36 syncs in 60s
06-29 12:22:21.460  1600  1614 W BroadcastQueue: Background execution not allowed: receiving Intent { act=android.location.PROVIDERS_CHANGED flg=0x10 } to com.google.android.apps.maps/com.google.android.apps.gmm.locationsharing.usr.LocationAvailabilityChecker$LocationProvidersChangedBroadcastReceiver
06-29 12:22:21.461  1600  1614 W BroadcastQueue: Background execution not allowed: receiving Intent { act=android.location.PROVIDERS_CHANGED flg=0x10 } to com.google.android.gms/com.google.android.location.internal.NlpNetworkProviderSettingsUpdateReceiver
06-29 12:22:21.461  1600  1614 W BroadcastQueue: Background execution not allowed: receiving Intent { act=android.location.PROVIDERS_CHANGED flg=0x10 } to com.google.android.gms/.chimera.GmsIntentOperationService$PersistentTrustedReceiver
06-29 12:22:21.462  1600  1614 W BroadcastQueue: Background execution not allowed: receiving Intent { act=android.location.PROVIDERS_CHANGED flg=0x10 } to com.google.android.googlequicksearchbox/com.google.android.apps.gsa.broadcastreceiver.external.ExternalCommonBroadcastReceiver
06-29 12:22:21.466  1600  1614 W BroadcastQueue: Background execution not allowed: receiving Intent { act=android.location.MODE_CHANGED flg=0x10 } to com.google.android.apps.maps/com.google.android.apps.gmm.locationsharing.usr.LocationAvailabilityChecker$LocationProvidersChangedBroadcastReceiver
06-29 12:22:21.466  1600  1614 W BroadcastQueue: Background execution not allowed: receiving Intent { act=android.location.MODE_CHANGED flg=0x10 } to com.google.android.gms/.chimera.GmsIntentOperationService$PersistentTrustedReceiver
06-29 12:22:21.469  1397  1397 W GnssHAL_GnssInterface: setCallback called more than once. Unexpected unless test.
06-29 12:22:21.471  1600  1613 D GnssLocationProvider: gnssSetSystemInfoCb: yearOfHw=2015
06-29 12:22:21.475  1600  1613 D GnssLocationProvider: gnssSetCapabilitesCb: 0u
06-29 12:22:21.478  1600  1600 D GpsNetInitiatedHandler: location enabled :true
06-29 12:22:21.481  1600  1613 D GnssLocationProvider: gnssSetSystemInfoCb: yearOfHw=2015
06-29 12:22:21.485  1600  1613 E GnssLocationProvider: Unable to initialize GNSS Xtra interface
06-29 12:22:21.485  1600  1613 E GnssLocationProvider: Unable to Initialize AGnss interface
06-29 12:22:21.485  1600  1613 E GnssLocationProvider: Unable to initialize GNSS Geofencing interface
06-29 12:22:21.485  1600  1613 E GnssLocationProvider: Unable to initialize GNSS NI interface
06-29 12:22:21.485  1600  1613 E GnssLocationProvider: no AGPS interface in set_agps_server
06-29 12:22:21.485  1600  1613 E GnssLocationProvider: Failed to initialize GNSS batching
06-29 12:22:21.485  1600  1613 I GnssLocationProvider: WakeLock released by handleMessage(ENABLE, 1, null)
06-29 12:22:21.489  1600  1613 I GnssLocationProvider: WakeLock released by handleMessage(SET_REQUEST, 0, com.android.server.location.GnssLocationProvider$GpsRequest@df03c08)
06-29 12:22:21.553  1398  1435 D gralloc_ranchu: gralloc_alloc: Creating ashmem region of size 3878912
06-29 12:22:21.624  1600  5171 W ActivityManager: Unable to start service Intent { act=com.google.android.gms.nearby.discovery:ACTION_PERMISSION_CHANGE cmp=com.google.android.gms/.nearby.discovery.service.DiscoveryService } U=0: not found
06-29 12:22:21.631  3472  3472 I net.osmand: TTSCommandPlayerImpl Send message to pebble sinal g p s recuperado 
06-29 12:22:21.631  3472  3472 D net.osmand: AbstractPrologCommandPlayer requestAudioFocus
06-29 12:22:21.631  3472  3472 W AudioManager: Use of stream types is deprecated for operations other than volume control
06-29 12:22:21.631  3472  3472 W AudioManager: See the documentation of requestAudioFocus() for what to use instead with android.media.AudioAttributes to qualify your playback use case
06-29 12:22:21.632  1600  1635 I MediaFocusControl: requestAudioFocus() from uid/pid 10104/3472 clientId=android.media.AudioManager@d05fab5net.osmand.plus.api.AudioFocusHelperImpl@e63d080 callingPack=net.osmand req=3 flags=0x0 sdk=26
06-29 12:22:21.633  3472  3472 D net.osmand: TTSCommandPlayerImpl ttsRequests=1
06-29 12:22:21.645  5191  5280 I TTS.GoogleTTSServiceImp: Synthesis request for locale por-BRA and name pt-BR-language
06-29 12:22:21.646  3472  3472 I net.osmand: RoutingHelper Recalculate route, because correlation  : 1723743.7223726055
06-29 12:22:21.646  3472  3472 D net.osmand: AbstractPrologCommandPlayer abandonAudioFocus
06-29 12:22:21.647  1600  1863 I MediaFocusControl: abandonAudioFocus() from uid/pid 10104/3472 clientId=android.media.AudioManager@d05fab5net.osmand.plus.api.AudioFocusHelperImpl@e63d080
06-29 12:22:21.647  5191  5280 I TTS.GoogleTTSServiceImp: TTS dispatch: pt-br-x-afs-lstm-embedded
06-29 12:22:21.648  3472  3472 W MaterialProgressBar: Current drawable is not a MaterialProgressDrawable, you may want to set app:mpb_setBothDrawables
06-29 12:22:21.652  3472  7186 D net.osmand: AbstractPrologCommandPlayer abandonAudioFocus
06-29 12:22:21.652  3472  7186 D net.osmand: TTSCommandPlayerImpl ttsRequests=-1
06-29 12:22:21.655  3472  3496 I net.osmand: MapRenderRepositories RENDER MAP: update due to tile box
06-29 12:22:21.655  3472  3496 I net.osmand: MapRenderRepositories RENDER MAP: Interrupt rendering map
06-29 12:22:21.657  3472 19977 I net.osmand: RouteProvider Start finding route from Location[mProvider=gps,mTime=1561825342000,mLatitude=-7.589195000000001,mLongitude=-37.541068333333335,mHasAltitude=true,mAltitude=0.0,mHasSpeed=false,mSpeed=0.0,mHasBearing=false,mBearing=0.0,mHasAccuracy=true,mAccuracy=20.0 to Lat -7.355E-4 Lon -51.095608 using OsmAnd (offline)
06-29 12:22:21.658  3472 19977 W net.osmand: RouteProvider Use 345 MB Free 3.3371582 of 23.34996 max 384.0
06-29 12:22:21.684  5191  5280 W TTS.EventProcessor: callback.start() returned error code: -1
06-29 12:22:21.687  3472  3472 I net.osmand: RoutingHelper Recalculate route, because correlation  : 1723743.7223726055
06-29 12:22:21.687  3472  3472 I net.osmand: RoutingHelper Recalculate route, because wrong movement direction: 1723776.1
06-29 12:22:21.688  3472  3472 D net.osmand: Enable sensor
06-29 12:22:21.688  5191  5280 E TTS.LocalSynthesizer: synthesizeWithoutLoadingVoice() failed
06-29 12:22:21.698  3472  3496 I net.osmand: MapRenderRepositories RENDER MAP: update due to tile box
06-29 12:22:21.699  3472  3496 I net.osmand: MapRenderRepositories RENDER MAP: Interrupt rendering map
06-29 12:22:21.698  1964 19976 I GCoreUlr: Starting service, intent=Intent { act=com.google.android.location.reporting.ACTION_UPDATE_WORLD cmp=com.google.android.gms/com.google.android.location.reporting.service.DispatchingService (has extras) }, extras=Bundle[{receiverAction=android.location.PROVIDERS_CHANGED}]
06-29 12:22:21.735  3472  3496 I net.osmand: MapRenderRepositories RENDER MAP: update due to tile box
06-29 12:22:21.735  3472  3496 I net.osmand: MapRenderRepositories RENDER MAP: Interrupt rendering map
06-29 12:22:21.842  1964  1964 E BluetoothAdapter: Bluetooth binder is null
06-29 12:22:21.847  3472  3496 I net.osmand: MapRenderRepositories RENDER MAP: update due to tile box
06-29 12:22:21.847  3472  3496 I net.osmand: MapRenderRepositories RENDER MAP: Interrupt rendering map
06-29 12:22:21.875  1964 19789 I GCoreUlr: WorldUpdater received intent Intent { act=com.google.android.location.reporting.ACTION_UPDATE_WORLD cmp=com.google.android.gms/com.google.android.location.reporting.service.DispatchingService (has extras) } with receiverAction android.location.PROVIDERS_CHANGED
06-29 12:22:21.892  1964 19789 I GCoreUlr: WorldUpdater:android.location.PROVIDERS_CHANGED: Ensuring that reporting is stopped because of reasons: {account#8#=[InactiveReason{mIdentifier=6, mName='ReportingNotEnabled'}, InactiveReason{mIdentifier=14, mName='HistoryNotEnabled'}]}
06-29 12:22:21.923  3472  3495 I net.osmand: MapRenderRepositories RENDER MAP: new request RotatedTileBox [lat=-7.589195000000001, lon=-37.541068333333335, rotate=0.0, density=2.625, zoom=17, mapDensity=3.9375, zoomAnimation=0.0, zoomFloatPart=0.0, cx=900, cy=1972, pixWidth=1800, pixHeight=2690]
06-29 12:22:21.988  1964 19789 I GCoreUlr: Unbound from all signal providers.
06-29 12:22:21.990  1964 19682 I GCoreUlr: Successfully accounts update
06-29 12:22:22.066  3472  3495 I net.osmand:native: Route objects 61
06-29 12:22:22.066  3472  3495 I net.osmand:native: Ocean: no completed & incompleted coastlines 0
06-29 12:22:22.066  3472  3495 I net.osmand:native: Detailed coastlines = 0, basemap coastlines 0, ocean tile 0.000000. Detailed added 0, basemap processed 1, basemap added 0.
06-29 12:22:22.066  3472  3495 I net.osmand:native: Search : tree - read( 413), accept( 30), objs - visit( 2206), accept(73), in result(61) 
06-29 12:22:22.066  3472  3495 I net.osmand: MapRenderRepositories BLat=-7.591496849060059, TLat=-7.583494758605957, LLong=-37.543521881103516, RLong=-37.53861999511719, zoom=17
06-29 12:22:22.067  3472  3495 I net.osmand: MapRenderRepositories Native search: 143 ms 
06-29 12:22:22.075  1964  1964 I GCoreUlr: Unbound from all signal providers.
06-29 12:22:22.076  1964  1964 I GCoreUlr: Stopping handler for UlrDispSvcFast
06-29 12:22:22.077  1964 19682 I GCoreUlr: Successfully accounts update
06-29 12:22:22.079  3472  3495 I net.osmand:native: Creating SkBitmap in native w:1800 h:2690 s:7200 f:1!
06-29 12:22:22.079  3472  3495 I net.osmand:native: Row bytes for RGBA_8888 is 7200
06-29 12:22:22.086  3472  3495 I net.osmand:native: Locked 19368000 bytes at 0x57380000
06-29 12:22:22.086  3472  3495 I net.osmand:native: Initializing rendering
06-29 12:22:22.087  3472  3495 I net.osmand:native: Rendering image
06-29 12:22:22.098  1964  1978 I zygote  : Background concurrent copying GC freed 130681(6MB) AllocSpace objects, 14(924KB) LOS objects, 36% free, 10MB/16MB, paused 2.464ms total 494.920ms
06-29 12:22:22.145  1964 19789 I GCoreUlr: DispatchingService ignoring Intent { act=android.net.wifi.WIFI_STATE_CHANGED flg=0x4000010 (has extras) } because ULR inactive
06-29 12:22:22.240  3472 19977 I net.osmand:native: Start point was found 25957428647 [Native]
