06-28 10:35:12.488 12507 12507 D net.osmand: RoutingHelper Processed by distance : (new) 60636.74104492303 (old) 61152.34444753615
06-28 10:35:12.785  1393  3231 W audio_hw_generic: Not supplying enough data to HAL, expected position 120993136 , only wrote 120993120
06-28 10:35:12.800  1475  1571 D AudioFlinger: mixer(0xaa803cc0) throttle end: throttle time(12)
06-28 10:35:12.807  1603  2079 E NotificationService: Package enqueue rate is 5.864216. Shedding 0|net.osmand|1005|null|10104. package=net.osmand
06-28 10:35:12.809 12507 12507 D net.osmand: RoutingHelper Processed by distance : (new) 60050.04386742862 (old) 60636.74104492303
06-28 10:35:12.921  1708  1728 I zygote  : NativeAlloc concurrent copying GC freed 111651(4MB) AllocSpace objects, 0(0B) LOS objects, 45% free, 7MB/13MB, paused 266.790ms total 3.634s
06-28 10:35:13.068  1603  1612 I zygote  : NativeAlloc concurrent copying GC freed 127739(4MB) AllocSpace objects, 108(5MB) LOS objects, 21% free, 21MB/27MB, paused 12.716ms total 2.205s
06-28 10:35:13.083 12507 12507 D net.osmand: RoutingHelper Processed by distance : (new) 59468.19907323879 (old) 60050.04386742862
06-28 10:35:13.268  1393  3231 W audio_hw_generic: Not supplying enough data to HAL, expected position 121016309 , only wrote 121016160
06-28 10:35:13.439 12507 12507 D net.osmand: RoutingHelper Processed by distance : (new) 59126.81331470795 (old) 59468.19907323879
06-28 10:35:13.534 24500 24516 I Unity   : SystemInfo CPU = Intel x86 SSE3, Cores = 2, Memory = 1512mb
06-28 10:35:13.571 24500 24516 I Unity   : ApplicationInfo com.EvilChaotic.ModernWarplanes version 1.8.27 build 79cb6386-a027-419c-a43d-6f159c32650a
06-28 10:35:13.571 24500 24516 I Unity   : Built from '2018.3/release' branch, Version '2018.3.13f1 (06548a9e9582)', Build type 'Release', Scripting Backend 'mono', CPU 'x86'
06-28 10:35:13.639  1401  1401 D gralloc_ranchu: gralloc_alloc: Creating ashmem region of size 8298496
06-28 10:35:13.779  1401  1401 D gralloc_ranchu: gralloc_alloc: Creating ashmem region of size 8298496
06-28 10:35:13.825 12507 12507 D net.osmand: RoutingHelper Processed by distance : (new) 58797.552244132356 (old) 59126.81331470795
06-28 10:35:14.387  1475  1571 D AudioFlinger: mixer(0xaa803cc0) throttle end: throttle time(6)
06-28 10:35:14.403 12507 12507 D net.osmand: RoutingHelper Processed by distance : (new) 58319.40961871441 (old) 58797.552244132356
06-28 10:35:14.516  1475  1571 D AudioFlinger: mixer(0xaa803cc0) throttle end: throttle time(2)
06-28 10:35:14.517  1393  3231 W audio_hw_generic: Not supplying enough data to HAL, expected position 121076103 , only wrote 121075920
06-28 10:35:14.517  1393  3231 W audio_hw_generic: Not supplying enough data to HAL, expected position 121075946 , only wrote 121075920
06-28 10:35:14.533  1393  3231 W audio_hw_generic: Not supplying enough data to HAL, expected position 121076692 , only wrote 121076640
06-28 10:35:14.735 12507 12507 D net.osmand: RoutingHelper Processed by distance : (new) 57877.64808074213 (old) 58319.40961871441
06-28 10:35:14.948  1475  1571 D AudioFlinger: mixer(0xaa803cc0) throttle end: throttle time(1)
06-28 10:35:15.010 12507 12507 D net.osmand: RoutingHelper Processed by distance : (new) 57088.26343569657 (old) 57877.64808074213
06-28 10:35:15.015  1475  1571 D AudioFlinger: mixer(0xaa803cc0) throttle end: throttle time(9)
06-28 10:35:15.163 12507 12507 D net.osmand: RoutingHelper Processed by distance : (new) 56173.71213439608 (old) 57088.26343569657
06-28 10:35:15.204  1603  1603 I zygote  : IncrementDisableThreadFlip blocked for 10.325ms
06-28 10:35:15.209  1603  2080 I zygote  : IncrementDisableThreadFlip blocked for 14.222ms
06-28 10:35:15.228  1603  1685 I zygote  : IncrementDisableThreadFlip blocked for 31.686ms
06-28 10:35:15.375 12507 12519 I zygote  : NativeAlloc concurrent copying GC freed 24116(1089KB) AllocSpace objects, 0(0B) LOS objects, 16% free, 31MB/37MB, paused 71.520ms total 1.588s
06-28 10:35:15.411 12507 12507 D net.osmand: RoutingHelper Processed by distance : (new) 56128.159849497955 (old) 56173.71213439608
06-28 10:35:15.461 24285 24285 W Unity   : Timeout while trying detaching primary window.
06-28 10:35:15.474 24285 24285 I Prime31 : onStop. calling through to GameHelper.onStop
06-28 10:35:15.684 12507 12507 I net.osmand: RoutingHelper Recalculate route, because correlation  : 56128.159849497955
06-28 10:35:15.806 24285 24285 D DynamitePackage: Instantiating com.google.android.gms.ads.ChimeraAdManagerCreatorImpl
06-28 10:35:15.924 24285 24285 I Ads     : This request is sent from a test device.
06-28 10:35:15.969 12507 12507 W MaterialProgressBar: Current drawable is not a MaterialProgressDrawable, you may want to set app:mpb_setBothDrawables
06-28 10:35:16.031 24285 24285 I zygote  : Deoptimizing java.lang.Object aqq.a() due to JIT inline cache
06-28 10:35:16.052 12507 24524 I net.osmand: RouteProvider Start finding route from Location[mProvider=gps,mTime=1561732479000,mLatitude=-7.589195000000001,mLongitude=-37.541068333333335,mHasAltitude=true,mAltitude=0.0,mHasSpeed=false,mSpeed=0.0,mHasBearing=false,mBearing=0.0,mHasAccuracy=true,mAccuracy=20.0 to Lat -7.2184606 Lon -35.883247 using OsmAnd (offline)
06-28 10:35:16.057 12507 12507 I net.osmand: RoutingHelper Recalculate route, because correlation  : 56128.159849497955
06-28 10:35:16.058 12507 12507 I net.osmand: RoutingHelper Recalculate route, because wrong movement direction: 56128.16
06-28 10:35:16.060 12507 12507 I net.osmand: RoutingHelper Recalculate route, because correlation  : 56128.159849497955
06-28 10:35:16.060 12507 12507 I net.osmand: RoutingHelper Recalculate route, because correlation  : 56128.159849497955
06-28 10:35:16.060 12507 12507 I net.osmand: RoutingHelper Recalculate route, because wrong movement direction: 56128.16
06-28 10:35:16.089  1393  3231 W audio_hw_generic: Not supplying enough data to HAL, expected position 121151329 , only wrote 121150800
06-28 10:35:16.090  1393  3231 W audio_hw_generic: Not supplying enough data to HAL, expected position 121150817 , only wrote 121150800
06-28 10:35:16.096 12507 24524 W net.osmand: RouteProvider Use 335 MB Free 5.8893814 of 37.233276 max 384.0
06-28 10:35:16.107  1393  3231 W audio_hw_generic: Not supplying enough data to HAL, expected position 121151629 , only wrote 121151520
06-28 10:35:16.118 12507 12507 I net.osmand: RoutingHelper Recalculate route, because correlation  : 56128.159849497955
06-28 10:35:16.119 12507 12507 I net.osmand: RoutingHelper Recalculate route, because wrong movement direction: 56128.16
06-28 10:35:16.123 12507 12507 I net.osmand: RoutingHelper Recalculate route, because correlation  : 56128.159849497955
06-28 10:35:16.123 12507 12507 I net.osmand: RoutingHelper Recalculate route, because wrong movement direction: 56128.16
06-28 10:35:16.143 12507 12507 I net.osmand: RoutingHelper Recalculate route, because correlation  : 56128.159849497955
06-28 10:35:16.215 12507 12507 I chatty  : uid=10104(net.osmand) identical 1 line
06-28 10:35:16.234 12507 12507 I net.osmand: RoutingHelper Recalculate route, because correlation  : 56128.159849497955
06-28 10:35:16.235 12507 12507 I net.osmand: RoutingHelper Recalculate route, because wrong movement direction: 56128.16
06-28 10:35:16.235 12507 12507 I net.osmand: RoutingHelper Recalculate route, because correlation  : 56128.159849497955
06-28 10:35:16.236 12507 12507 I net.osmand: RoutingHelper Recalculate route, because correlation  : 56128.159849497955
06-28 10:35:16.236 12507 12507 I net.osmand: RoutingHelper Recalculate route, because wrong movement direction: 56128.16
06-28 10:35:16.268 12507 12507 I net.osmand: RoutingHelper Recalculate route, because correlation  : 56128.159849497955
06-28 10:35:16.291 12507 12507 I chatty  : uid=10104(net.osmand) identical 2 lines
06-28 10:35:16.291 12507 12507 I net.osmand: RoutingHelper Recalculate route, because correlation  : 56128.159849497955
06-28 10:35:16.291 12507 12507 I net.osmand: RoutingHelper Recalculate route, because wrong movement direction: 56128.16
06-28 10:35:16.292 12507 12507 I net.osmand: RoutingHelper Recalculate route, because correlation  : 56128.159849497955
06-28 10:35:16.292 12507 12507 I net.osmand: RoutingHelper Recalculate route, because wrong movement direction: 56128.16
06-28 10:35:16.294 12507 12507 I net.osmand: RoutingHelper Recalculate route, because correlation  : 56128.159849497955
06-28 10:35:16.295 12507 12507 I net.osmand: RoutingHelper Recalculate route, because correlation  : 56128.159849497955
06-28 10:35:16.335 12507 12507 I net.osmand: RoutingHelper Recalculate route, because wrong movement direction: 56128.16
06-28 10:35:16.340 12507 12507 I net.osmand: RoutingHelper Recalculate route, because correlation  : 56128.159849497955
06-28 10:35:16.341 12507 12507 I net.osmand: RoutingHelper Recalculate route, because correlation  : 56128.159849497955
06-28 10:35:16.341 12507 12507 I net.osmand: RoutingHelper Recalculate route, because wrong movement direction: 56128.16
06-28 10:35:16.341 12507 12507 I net.osmand: RoutingHelper Recalculate route, because correlation  : 56128.159849497955
06-28 10:35:16.342 12507 12507 I net.osmand: RoutingHelper Recalculate route, because correlation  : 56128.159849497955
06-28 10:35:16.342 12507 12507 I net.osmand: RoutingHelper Recalculate route, because wrong movement direction: 56128.16
06-28 10:35:16.343 12507 12507 I net.osmand: RoutingHelper Recalculate route, because correlation  : 56128.159849497955
06-28 10:35:16.404 12507 12507 I net.osmand: RoutingHelper Recalculate route, because correlation  : 56128.159849497955
06-28 10:35:16.404 12507 12507 I net.osmand: RoutingHelper Recalculate route, because wrong movement direction: 56128.16
06-28 10:35:16.441 24285 24300 I zygote  : Waiting for a blocking GC ProfileSaver
06-28 10:35:16.443  1393  3231 W audio_hw_generic: Not supplying enough data to HAL, expected position 121167657 , only wrote 121167360
06-28 10:35:16.564  1393  3231 W audio_hw_generic: Not supplying enough data to HAL, expected position 121173173 , only wrote 121173120
06-28 10:35:16.575 24285 24285 I Choreographer: Skipped 308 frames!  The application may be doing too much work on its main thread.
06-28 10:35:16.672 12507 24524 I net.osmand:native: Start point was found 25957571909 [Native]
06-28 10:35:16.689 12507 12507 I net.osmand: RoutingHelper Recalculate route, because correlation  : 56128.159849497955
06-28 10:35:16.689 12507 12507 I net.osmand: RoutingHelper Recalculate route, because wrong movement direction: 56128.16
06-28 10:35:16.756 12507 12507 I net.osmand: RoutingHelper Recalculate route, because correlation  : 56128.159849497955
06-28 10:35:16.801 12507 12507 I net.osmand: RoutingHelper Recalculate route, because correlation  : 56128.159849497955
06-28 10:35:16.801 12507 12507 I net.osmand: RoutingHelper Recalculate route, because wrong movement direction: 56128.16
06-28 10:35:16.804 12507 12507 I net.osmand: RoutingHelper Recalculate route, because correlation  : 56128.159849497955
06-28 10:35:16.828 12507 12507 I net.osmand: RoutingHelper Recalculate route, because correlation  : 56128.159849497955
06-28 10:35:16.828 12507 12507 I net.osmand: RoutingHelper Recalculate route, because wrong movement direction: 56128.16
06-28 10:35:16.864 12507 12507 I net.osmand: RoutingHelper Recalculate route, because correlation  : 56128.159849497955
06-28 10:35:16.864 12507 12507 I net.osmand: RoutingHelper Recalculate route, because correlation  : 56128.159849497955
06-28 10:35:16.864 12507 12507 I net.osmand: RoutingHelper Recalculate route, because wrong movement direction: 56128.16
06-28 10:35:16.865 12507 12507 I net.osmand: RoutingHelper Recalculate route, because correlation  : 56128.159849497955
06-28 10:35:16.872 12507 12507 I chatty  : uid=10104(net.osmand) identical 1 line
06-28 10:35:16.876 12507 12507 I net.osmand: RoutingHelper Recalculate route, because correlation  : 56128.159849497955
06-28 10:35:16.876 12507 12507 I net.osmand: RoutingHelper Recalculate route, because wrong movement direction: 56128.16
06-28 10:35:16.878 12507 12507 I net.osmand: RoutingHelper Recalculate route, because correlation  : 56128.159849497955
06-28 10:35:16.880 12507 12507 I net.osmand: RoutingHelper Recalculate route, because correlation  : 56128.159849497955
06-28 10:35:16.880 12507 12507 I net.osmand: RoutingHelper Recalculate route, because wrong movement direction: 56128.16
06-28 10:35:16.882 12507 12507 I net.osmand: RoutingHelper Recalculate route, because correlation  : 56128.159849497955
06-28 10:35:16.889 12507 12507 I net.osmand: RoutingHelper Recalculate route, because correlation  : 56128.159849497955
06-28 10:35:16.890 12507 12507 I net.osmand: RoutingHelper Recalculate route, because wrong movement direction: 56128.16
06-28 10:35:16.900 12507 12507 I net.osmand: RoutingHelper Recalculate route, because correlation  : 56128.159849497955
06-28 10:35:16.950 12507 12507 I net.osmand: RoutingHelper Recalculate route, because correlation  : 56128.159849497955
06-28 10:35:16.950 12507 12507 I net.osmand: RoutingHelper Recalculate route, because wrong movement direction: 56128.16
06-28 10:35:16.951 12507 12507 I net.osmand: RoutingHelper Recalculate route, because correlation  : 56128.159849497955
06-28 10:35:17.008 12507 12507 I net.osmand: RoutingHelper Recalculate route, because correlation  : 56128.159849497955
06-28 10:35:17.008 12507 12507 I net.osmand: RoutingHelper Recalculate route, because wrong movement direction: 56128.16
06-28 10:35:17.013 12507 12507 I net.osmand: RoutingHelper Recalculate route, because correlation  : 56128.159849497955
06-28 10:35:17.014 12507 12507 I net.osmand: RoutingHelper Recalculate route, because correlation  : 56128.159849497955
06-28 10:35:17.014 12507 12507 I net.osmand: RoutingHelper Recalculate route, because wrong movement direction: 56128.16
06-28 10:35:17.014 12507 12507 I net.osmand: RoutingHelper Recalculate route, because correlation  : 56128.159849497955
06-28 10:35:17.014 12507 12507 I net.osmand: RoutingHelper Recalculate route, because wrong movement direction: 56128.16
06-28 10:35:17.015 12507 12507 I net.osmand: RoutingHelper Recalculate route, because correlation  : 56128.159849497955
06-28 10:35:17.015 12507 12507 I chatty  : uid=10104(net.osmand) identical 1 line
06-28 10:35:17.016 12507 12507 I net.osmand: RoutingHelper Recalculate route, because correlation  : 56128.159849497955
06-28 10:35:17.019 12507 12507 I net.osmand: RoutingHelper Recalculate route, because wrong movement direction: 56128.16
06-28 10:35:17.023 12507 12507 I net.osmand: RoutingHelper Recalculate route, because correlation  : 56128.159849497955
06-28 10:35:17.040 12507 12507 I net.osmand: RoutingHelper Recalculate route, because correlation  : 56128.159849497955
06-28 10:35:17.041 12507 12507 I net.osmand: RoutingHelper Recalculate route, because wrong movement direction: 56128.16
06-28 10:35:17.041 12507 12507 I net.osmand: RoutingHelper Recalculate route, because correlation  : 56128.159849497955
06-28 10:35:17.042 12507 12507 I net.osmand: RoutingHelper Recalculate route, because correlation  : 56128.159849497955
06-28 10:35:17.042 12507 12507 I net.osmand: RoutingHelper Recalculate route, because wrong movement direction: 56128.16
06-28 10:35:17.043 12507 12507 I net.osmand: RoutingHelper Recalculate route, because correlation  : 56128.159849497955
06-28 10:35:17.068 12507 12507 I net.osmand: RoutingHelper Recalculate route, because correlation  : 56128.159849497955
06-28 10:35:17.068 12507 12507 I net.osmand: RoutingHelper Recalculate route, because wrong movement direction: 56128.16
06-28 10:35:17.075 19569 24442 W Ads     : App does not have the required permissions to get location
06-28 10:35:17.103 24285 24290 I zygote  : Do partial code cache collection, code=29KB, data=22KB
06-28 10:35:17.128  1475  1571 D AudioFlinger: mixer(0xaa803cc0) throttle end: throttle time(10)
06-28 10:35:17.132 24285 24290 I zygote  : After code cache collection, code=23KB, data=19KB
06-28 10:35:17.132 24285 24290 I zygote  : Increasing code cache capacity to 128KB
06-28 10:35:17.137 12507 12507 I net.osmand: RoutingHelper Recalculate route, because correlation  : 56128.159849497955
06-28 10:35:17.139 12507 12507 I net.osmand: RoutingHelper Recalculate route, because wrong movement direction: 56128.16
06-28 10:35:17.139 12507 12507 I net.osmand: RoutingHelper Recalculate route, because correlation  : 56128.159849497955
06-28 10:35:17.141 12507 12507 I chatty  : uid=10104(net.osmand) identical 2 lines
06-28 10:35:17.147 12507 12507 I net.osmand: RoutingHelper Recalculate route, because correlation  : 56128.159849497955
06-28 10:35:17.195 12507 12507 I net.osmand: RoutingHelper Recalculate route, because wrong movement direction: 56128.16
06-28 10:35:17.195 12507 12507 I net.osmand: RoutingHelper Recalculate route, because correlation  : 56128.159849497955
06-28 10:35:17.195 12507 12507 I net.osmand: RoutingHelper Recalculate route, because wrong movement direction: 56128.16
06-28 10:35:17.196 12507 12507 I net.osmand: RoutingHelper Recalculate route, because correlation  : 56128.159849497955
06-28 10:35:17.197 12507 12507 I net.osmand: RoutingHelper Recalculate route, because correlation  : 56128.159849497955
06-28 10:35:17.197 12507 12507 I net.osmand: RoutingHelper Recalculate route, because wrong movement direction: 56128.16
06-28 10:35:17.198 12507 12507 I net.osmand: RoutingHelper Recalculate route, because correlation  : 56128.159849497955
06-28 10:35:17.227 12507 12507 I net.osmand: RoutingHelper Recalculate route, because correlation  : 56128.159849497955
06-28 10:35:17.227 12507 12507 I net.osmand: RoutingHelper Recalculate route, because wrong movement direction: 56128.16
06-28 10:35:17.228 12507 12507 I net.osmand: RoutingHelper Recalculate route, because correlation  : 56128.159849497955
06-28 10:35:17.232 12507 12507 I net.osmand: RoutingHelper Recalculate route, because correlation  : 56128.159849497955
06-28 10:35:17.232 12507 12507 I net.osmand: RoutingHelper Recalculate route, because wrong movement direction: 56128.16
06-28 10:35:17.233 12507 12507 I net.osmand: RoutingHelper Recalculate route, because correlation  : 56128.159849497955
06-28 10:35:17.233 12507 12507 I net.osmand: RoutingHelper Recalculate route, because correlation  : 56128.159849497955
06-28 10:35:17.233 12507 12507 I net.osmand: RoutingHelper Recalculate route, because wrong movement direction: 56128.16
06-28 10:35:17.234 12507 12507 I net.osmand: RoutingHelper Recalculate route, because correlation  : 56128.159849497955
06-28 10:35:17.234 12507 12507 I net.osmand: RoutingHelper Recalculate route, because wrong movement direction: 56128.16
06-28 10:35:17.237 12507 12507 I net.osmand: RoutingHelper Recalculate route, because correlation  : 56128.159849497955
06-28 10:35:17.279 12507 12507 I net.osmand: RoutingHelper Recalculate route, because correlation  : 56128.159849497955
06-28 10:35:17.280 12507 12507 I net.osmand: RoutingHelper Recalculate route, because wrong movement direction: 56128.16
06-28 10:35:17.287 12507 12507 I net.osmand: RoutingHelper Recalculate route, because correlation  : 56128.159849497955
06-28 10:35:17.297 12507 12507 I chatty  : uid=10104(net.osmand) identical 1 line
06-28 10:35:17.305 12507 12507 I net.osmand: RoutingHelper Recalculate route, because correlation  : 56128.159849497955
06-28 10:35:17.305 12507 12507 I net.osmand: RoutingHelper Recalculate route, because wrong movement direction: 56128.16
06-28 10:35:17.308 12507 12507 I net.osmand: RoutingHelper Recalculate route, because correlation  : 56128.159849497955
06-28 10:35:17.308 12507 12507 I net.osmand: RoutingHelper Recalculate route, because wrong movement direction: 56128.16
06-28 10:35:17.311 12507 12507 I net.osmand: RoutingHelper Recalculate route, because correlation  : 56128.159849497955
06-28 10:35:17.333 12507 12507 I chatty  : uid=10104(net.osmand) identical 1 line
06-28 10:35:17.357 12507 12507 I net.osmand: RoutingHelper Recalculate route, because correlation  : 56128.159849497955
06-28 10:35:17.357 12507 12507 I net.osmand: RoutingHelper Recalculate route, because wrong movement direction: 56128.16
06-28 10:35:17.358 12507 24524 I net.osmand:native: End point was found 34867160039 [Native]
06-28 10:35:17.361 12507 12507 I net.osmand: RoutingHelper Recalculate route, because correlation  : 56128.159849497955
06-28 10:35:17.363 12507 12507 I chatty  : uid=10104(net.osmand) identical 1 line
06-28 10:35:17.372 12507 12507 I net.osmand: RoutingHelper Recalculate route, because correlation  : 56128.159849497955
06-28 10:35:17.372 12507 12507 I net.osmand: RoutingHelper Recalculate route, because wrong movement direction: 56128.16
06-28 10:35:17.385 12507 12507 I net.osmand: RoutingHelper Recalculate route, because correlation  : 56128.159849497955
06-28 10:35:17.385 12507 12507 I net.osmand: RoutingHelper Recalculate route, because wrong movement direction: 56128.16
06-28 10:35:17.389 12507 12507 I net.osmand: RoutingHelper Recalculate route, because correlation  : 56128.159849497955
06-28 10:35:17.392 12507 12507 I net.osmand: RoutingHelper Recalculate route, because correlation  : 56128.159849497955
06-28 10:35:17.393 12507 12507 I net.osmand: RoutingHelper Recalculate route, because wrong movement direction: 56128.16
06-28 10:35:17.394 12507 12507 I net.osmand: RoutingHelper Recalculate route, because correlation  : 56128.159849497955
06-28 10:35:17.405 24285 24300 I zygote  : WaitForGcToComplete blocked ProfileSaver on HeapTrim for 964.044ms
06-28 10:35:17.409 19569 24551 E Ads     : Error waiting for future.
06-28 10:35:17.409 19569 24551 E Ads     : java.util.concurrent.TimeoutException
06-28 10:35:17.409 19569 24551 E Ads     : 	at java.util.concurrent.FutureTask.get(FutureTask.java:206)
06-28 10:35:17.409 19569 24551 E Ads     : 	at com.google.android.gms.ads.internal.util.future.g.a(:com.google.android.gms@17785022@17.7.85 (040700-253824076):18)
06-28 10:35:17.409 19569 24551 E Ads     : 	at com.google.android.gms.ads.cache.m.a(:com.google.android.gms@17785022@17.7.85 (040700-253824076):4)
06-28 10:35:17.409 19569 24551 E Ads     : 	at com.google.android.gms.ads.nonagon.signals.gmscore.r.call(Unknown Source:8)
06-28 10:35:17.409 19569 24551 E Ads     : 	at java.util.concurrent.FutureTask.run(FutureTask.java:266)
06-28 10:35:17.409 19569 24551 E Ads     : 	at java.util.concurrent.ThreadPoolExecutor.runWorker(ThreadPoolExecutor.java:1162)
06-28 10:35:17.409 19569 24551 E Ads     : 	at java.util.concurrent.ThreadPoolExecutor$Worker.run(ThreadPoolExecutor.java:636)
06-28 10:35:17.409 19569 24551 E Ads     : 	at java.lang.Thread.run(Thread.java:764)
06-28 10:35:17.414 12507 12507 I net.osmand: RoutingHelper Recalculate route, because correlation  : 56128.159849497955
06-28 10:35:17.414 12507 12507 I net.osmand: RoutingHelper Recalculate route, because wrong movement direction: 56128.16
06-28 10:35:17.417 12507 12507 I net.osmand: RoutingHelper Recalculate route, because correlation  : 56128.159849497955
06-28 10:35:17.423 12507 12507 I net.osmand: RoutingHelper Recalculate route, because correlation  : 56128.159849497955
06-28 10:35:17.423 12507 12507 I net.osmand: RoutingHelper Recalculate route, because wrong movement direction: 56128.16
06-28 10:35:17.435 12507 12507 I net.osmand: RoutingHelper Recalculate route, because correlation  : 56128.159849497955
06-28 10:35:17.437 12507 12507 I net.osmand: RoutingHelper Recalculate route, because correlation  : 56128.159849497955
06-28 10:35:17.437 12507 12507 I net.osmand: RoutingHelper Recalculate route, because wrong movement direction: 56128.16
06-28 10:35:17.443 12507 12507 I net.osmand: RoutingHelper Recalculate route, because correlation  : 56128.159849497955
06-28 10:35:17.448 12507 12507 I chatty  : uid=10104(net.osmand) identical 1 line
06-28 10:35:17.454 12507 12507 I net.osmand: RoutingHelper Recalculate route, because correlation  : 56128.159849497955
06-28 10:35:17.454 12507 12507 I net.osmand: RoutingHelper Recalculate route, because wrong movement direction: 56128.16
06-28 10:35:17.477 12507 12507 I net.osmand: RoutingHelper Recalculate route, because correlation  : 56128.159849497955
06-28 10:35:17.481 12507 12507 I net.osmand: RoutingHelper Recalculate route, because correlation  : 56128.159849497955
06-28 10:35:17.481 12507 12507 I net.osmand: RoutingHelper Recalculate route, because wrong movement direction: 56128.16
06-28 10:35:17.488 12507 12507 I net.osmand: RoutingHelper Recalculate route, because correlation  : 56128.159849497955
06-28 10:35:17.496 12507 12507 I net.osmand: RoutingHelper Recalculate route, because correlation  : 56128.159849497955
06-28 10:35:17.497 12507 12507 I net.osmand: RoutingHelper Recalculate route, because wrong movement direction: 56128.16
06-28 10:35:17.525 12507 12507 I net.osmand: RoutingHelper Recalculate route, because correlation  : 56128.159849497955
06-28 10:35:17.528 12507 12507 I net.osmand: RoutingHelper Recalculate route, because correlation  : 56128.159849497955
06-28 10:35:17.528 12507 12507 I net.osmand: RoutingHelper Recalculate route, because wrong movement direction: 56128.16
06-28 10:35:17.532 12507 12507 I net.osmand: RoutingHelper Recalculate route, because correlation  : 56128.159849497955
06-28 10:35:17.542 12507 12507 I net.osmand: RoutingHelper Recalculate route, because correlation  : 56128.159849497955
06-28 10:35:17.542 12507 12507 I net.osmand: RoutingHelper Recalculate route, because wrong movement direction: 56128.16
06-28 10:35:17.545 12507 12507 I net.osmand: RoutingHelper Recalculate route, because correlation  : 56128.159849497955
06-28 10:35:17.545 12507 12507 I net.osmand: RoutingHelper Recalculate route, because wrong movement direction: 56128.16
06-28 10:35:17.547 12507 12507 I net.osmand: RoutingHelper Recalculate route, because correlation  : 56128.159849497955
06-28 10:35:17.549 12507 12507 I net.osmand: RoutingHelper Recalculate route, because correlation  : 56128.159849497955
06-28 10:35:17.549 12507 12507 I net.osmand: RoutingHelper Recalculate route, because wrong movement direction: 56128.16
06-28 10:35:17.550 12507 12507 I net.osmand: RoutingHelper Recalculate route, because correlation  : 56128.159849497955
06-28 10:35:17.551 12507 12507 I net.osmand: RoutingHelper Recalculate route, because correlation  : 56128.159849497955
06-28 10:35:17.551 12507 12507 I net.osmand: RoutingHelper Recalculate route, because wrong movement direction: 56128.16
06-28 10:35:17.555 12507 12507 I net.osmand: RoutingHelper Recalculate route, because correlation  : 56128.159849497955
06-28 10:35:17.557 12507 12507 I chatty  : uid=10104(net.osmand) identical 1 line
06-28 10:35:17.569 12507 12507 I net.osmand: RoutingHelper Recalculate route, because correlation  : 56128.159849497955
06-28 10:35:17.569 12507 12507 I net.osmand: RoutingHelper Recalculate route, because wrong movement direction: 56128.16
06-28 10:35:17.573 12507 12507 I net.osmand: RoutingHelper Recalculate route, because correlation  : 56128.159849497955
06-28 10:35:17.576 12507 12507 I net.osmand: RoutingHelper Recalculate route, because correlation  : 56128.159849497955
06-28 10:35:17.576 12507 12507 I net.osmand: RoutingHelper Recalculate route, because wrong movement direction: 56128.16
06-28 10:35:17.584 12507 12507 I net.osmand: RoutingHelper Recalculate route, because correlation  : 56128.159849497955
06-28 10:35:17.584 12507 12507 I net.osmand: RoutingHelper Recalculate route, because wrong movement direction: 56128.16
06-28 10:35:17.592 12507 12507 I net.osmand: RoutingHelper Recalculate route, because correlation  : 56128.159849497955
06-28 10:35:17.592 12507 12507 I net.osmand: RoutingHelper Recalculate route, because wrong movement direction: 56128.16
06-28 10:35:17.598 12507 12507 I net.osmand: RoutingHelper Recalculate route, because correlation  : 56128.159849497955
06-28 10:35:17.599 12507 12507 I net.osmand: RoutingHelper Recalculate route, because wrong movement direction: 56128.16
06-28 10:35:17.604 12507 12507 I net.osmand: RoutingHelper Recalculate route, because correlation  : 56128.159849497955
06-28 10:35:17.627 12507 12507 I chatty  : uid=10104(net.osmand) identical 3 lines
06-28 10:35:17.639 12507 12507 I net.osmand: RoutingHelper Recalculate route, because correlation  : 56128.159849497955
06-28 10:35:17.639 12507 12507 I net.osmand: RoutingHelper Recalculate route, because wrong movement direction: 56128.16
06-28 10:35:17.648 12507 12507 I net.osmand: RoutingHelper Recalculate route, because correlation  : 56128.159849497955
06-28 10:35:17.648 12507 12507 I net.osmand: RoutingHelper Recalculate route, because wrong movement direction: 56128.16
06-28 10:35:17.652 12507 12507 I net.osmand: RoutingHelper Recalculate route, because correlation  : 56128.159849497955
06-28 10:35:17.654 12507 12507 I chatty  : uid=10104(net.osmand) identical 1 line
06-28 10:35:17.665 12507 12507 I net.osmand: RoutingHelper Recalculate route, because correlation  : 56128.159849497955
06-28 10:35:17.665 12507 12507 I net.osmand: RoutingHelper Recalculate route, because wrong movement direction: 56128.16
06-28 10:35:17.669 12507 12507 I net.osmand: RoutingHelper Recalculate route, because correlation  : 56128.159849497955
06-28 10:35:17.669 12507 12507 I net.osmand: RoutingHelper Recalculate route, because wrong movement direction: 56128.16
06-28 10:35:17.688 12507 12507 I net.osmand: RoutingHelper Recalculate route, because correlation  : 56128.159849497955
06-28 10:35:17.691 12507 12507 I net.osmand: RoutingHelper Recalculate route, because correlation  : 56128.159849497955
06-28 10:35:17.691 12507 12507 I net.osmand: RoutingHelper Recalculate route, because wrong movement direction: 56128.16
06-28 10:35:17.693 12507 12507 I net.osmand: RoutingHelper Recalculate route, because correlation  : 56128.159849497955
06-28 10:35:17.695 12507 12507 I chatty  : uid=10104(net.osmand) identical 1 line
06-28 10:35:17.697 12507 12507 I net.osmand: RoutingHelper Recalculate route, because correlation  : 56128.159849497955
06-28 10:35:17.697 12507 12507 I net.osmand: RoutingHelper Recalculate route, because wrong movement direction: 56128.16
06-28 10:35:17.700 12507 12507 I net.osmand: RoutingHelper Recalculate route, because correlation  : 56128.159849497955
06-28 10:35:17.730 12507 12507 I net.osmand: RoutingHelper Recalculate route, because correlation  : 56128.159849497955
06-28 10:35:17.731 12507 12507 I net.osmand: RoutingHelper Recalculate route, because wrong movement direction: 56128.16
06-28 10:35:17.734 12507 12507 I net.osmand: RoutingHelper Recalculate route, because correlation  : 56128.159849497955
06-28 10:35:17.749 12507 12507 I net.osmand: RoutingHelper Recalculate route, because correlation  : 56128.159849497955
06-28 10:35:17.749 12507 12507 I net.osmand: RoutingHelper Recalculate route, because wrong movement direction: 56128.16
06-28 10:35:17.764 12507 12507 I net.osmand: RoutingHelper Recalculate route, because correlation  : 56128.159849497955
06-28 10:35:17.764 12507 12507 I net.osmand: RoutingHelper Recalculate route, because wrong movement direction: 56128.16
06-28 10:35:17.768 12507 12507 I net.osmand: RoutingHelper Recalculate route, because correlation  : 56128.159849497955
06-28 10:35:17.782 12507 12507 I chatty  : uid=10104(net.osmand) identical 1 line
06-28 10:35:17.788 12507 12507 I net.osmand: RoutingHelper Recalculate route, because correlation  : 56128.159849497955
06-28 10:35:17.788 12507 12507 I net.osmand: RoutingHelper Recalculate route, because wrong movement direction: 56128.16
06-28 10:35:17.793 12507 12507 I net.osmand: RoutingHelper Recalculate route, because correlation  : 56128.159849497955
06-28 10:35:17.793 12507 12507 I net.osmand: RoutingHelper Recalculate route, because wrong movement direction: 56128.16
06-28 10:35:17.801 12507 12507 I net.osmand: RoutingHelper Recalculate route, because correlation  : 56128.159849497955
06-28 10:35:17.801 12507 12507 I net.osmand: RoutingHelper Recalculate route, because wrong movement direction: 56128.16
06-28 10:35:17.804 12507 12507 I net.osmand: RoutingHelper Recalculate route, because correlation  : 56128.159849497955
06-28 10:35:17.804 12507 12507 I net.osmand: RoutingHelper Recalculate route, because wrong movement direction: 56128.16
06-28 10:35:17.814 12507 12507 I net.osmand: RoutingHelper Recalculate route, because correlation  : 56128.159849497955
06-28 10:35:17.821 12507 12507 I chatty  : uid=10104(net.osmand) identical 1 line
06-28 10:35:17.826 12507 12507 I net.osmand: RoutingHelper Recalculate route, because correlation  : 56128.159849497955
06-28 10:35:17.826 12507 12507 I net.osmand: RoutingHelper Recalculate route, because wrong movement direction: 56128.16
06-28 10:35:17.830 12507 12507 I net.osmand: RoutingHelper Recalculate route, because correlation  : 56128.159849497955
06-28 10:35:17.830 12507 12507 I net.osmand: RoutingHelper Recalculate route, because wrong movement direction: 56128.16
06-28 10:35:17.891 12507 12507 I net.osmand: RoutingHelper Recalculate route, because correlation  : 56128.159849497955
06-28 10:35:17.907 12507 12507 I net.osmand: RoutingHelper Recalculate route, because correlation  : 56128.159849497955
06-28 10:35:17.907 12507 12507 I net.osmand: RoutingHelper Recalculate route, because wrong movement direction: 56128.16
06-28 10:35:17.933 12507 12507 I net.osmand: RoutingHelper Recalculate route, because correlation  : 56128.159849497955
06-28 10:35:17.935 12507 12507 I chatty  : uid=10104(net.osmand) identical 1 line
06-28 10:35:17.947 12507 12507 I net.osmand: RoutingHelper Recalculate route, because correlation  : 56128.159849497955
06-28 10:35:17.959  1603  1612 I zygote  : NativeAlloc concurrent copying GC freed 66841(2MB) AllocSpace objects, 66(3MB) LOS objects, 24% free, 18MB/24MB, paused 2.011ms total 3.077s
06-28 10:35:17.982 19569 19585 W zygote  : Couldn't lock the profile file /data/misc/profiles/cur/0/com.google.android.gms/primary.prof: Failed to lock file '/data/misc/profiles/cur/0/com.google.android.gms/primary.prof': Try again
06-28 10:35:17.982 19569 19585 W zygote  : Could not forcefully load profile /data/misc/profiles/cur/0/com.google.android.gms/primary.prof
06-28 10:35:17.985 12507 12507 I net.osmand: RoutingHelper Recalculate route, because wrong movement direction: 56128.16
06-28 10:35:18.016 12507 12507 I net.osmand: RoutingHelper Recalculate route, because correlation  : 56128.159849497955
06-28 10:35:18.023 12507 12507 I net.osmand: RoutingHelper Recalculate route, because correlation  : 56128.159849497955
06-28 10:35:18.026 12507 12507 I net.osmand: RoutingHelper Recalculate route, because wrong movement direction: 56128.16
06-28 10:35:18.026 12507 12507 I net.osmand: RoutingHelper Recalculate route, because correlation  : 56128.159849497955
06-28 10:35:18.028 12507 12507 I net.osmand: RoutingHelper Recalculate route, because correlation  : 56128.159849497955
06-28 10:35:18.028 12507 12507 I net.osmand: RoutingHelper Recalculate route, because wrong movement direction: 56128.16
06-28 10:35:18.030 12507 12507 I net.osmand: RoutingHelper Recalculate route, because correlation  : 56128.159849497955
06-28 10:35:18.031 12507 12507 I net.osmand: RoutingHelper Recalculate route, because correlation  : 56128.159849497955
06-28 10:35:18.031 12507 12507 I net.osmand: RoutingHelper Recalculate route, because wrong movement direction: 56128.16
06-28 10:35:18.036 12507 12507 I net.osmand: RoutingHelper Recalculate route, because correlation  : 56128.159849497955
06-28 10:35:18.045 12507 12507 I net.osmand: RoutingHelper Recalculate route, because correlation  : 56128.159849497955
06-28 10:35:18.045 12507 12507 I net.osmand: RoutingHelper Recalculate route, because wrong movement direction: 56128.16
06-28 10:35:18.057 12507 12507 I net.osmand: RoutingHelper Recalculate route, because correlation  : 56128.159849497955
06-28 10:35:18.058 12507 12507 I net.osmand: RoutingHelper Recalculate route, because correlation  : 56128.159849497955
06-28 10:35:18.058 12507 12507 I net.osmand: RoutingHelper Recalculate route, because wrong movement direction: 56128.16
06-28 10:35:18.077 12507 12507 I net.osmand: RoutingHelper Recalculate route, because correlation  : 56128.159849497955
06-28 10:35:18.078 12507 12507 I net.osmand: RoutingHelper Recalculate route, because wrong movement direction: 56128.16
06-28 10:35:18.079 12507 12507 I net.osmand: RoutingHelper Recalculate route, because correlation  : 56128.159849497955
06-28 10:35:18.079 12507 12507 I net.osmand: RoutingHelper Recalculate route, because wrong movement direction: 56128.16
06-28 10:35:18.080 12507 12507 I net.osmand: RoutingHelper Recalculate route, because correlation  : 56128.159849497955
06-28 10:35:18.080 12507 12507 I chatty  : uid=10104(net.osmand) identical 1 line
06-28 10:35:18.098 12507 12507 I net.osmand: RoutingHelper Recalculate route, because correlation  : 56128.159849497955
06-28 10:35:18.098 12507 12507 I net.osmand: RoutingHelper Recalculate route, because wrong movement direction: 56128.16
06-28 10:35:18.099 12507 12507 I net.osmand: RoutingHelper Recalculate route, because correlation  : 56128.159849497955
06-28 10:35:18.100 12507 12507 I chatty  : uid=10104(net.osmand) identical 1 line
06-28 10:35:18.100 12507 12507 I net.osmand: RoutingHelper Recalculate route, because correlation  : 56128.159849497955
06-28 10:35:18.100 12507 12507 I net.osmand: RoutingHelper Recalculate route, because wrong movement direction: 56128.16
06-28 10:35:18.101 12507 12507 I net.osmand: RoutingHelper Recalculate route, because correlation  : 56128.159849497955
06-28 10:35:18.101 12507 12507 I net.osmand: RoutingHelper Recalculate route, because wrong movement direction: 56128.16
06-28 10:35:18.101 12507 12507 I net.osmand: RoutingHelper Recalculate route, because correlation  : 56128.159849497955
06-28 10:35:18.122 12507 12507 I chatty  : uid=10104(net.osmand) identical 1 line
06-28 10:35:18.152 12507 12507 I net.osmand: RoutingHelper Recalculate route, because correlation  : 56128.159849497955
06-28 10:35:18.152 12507 12507 I net.osmand: RoutingHelper Recalculate route, because wrong movement direction: 56128.16
06-28 10:35:18.153 12507 12507 I net.osmand: RoutingHelper Recalculate route, because correlation  : 56128.159849497955
06-28 10:35:18.156 12507 12507 I net.osmand: RoutingHelper Recalculate route, because correlation  : 56128.159849497955
06-28 10:35:18.156 12507 12507 I net.osmand: RoutingHelper Recalculate route, because wrong movement direction: 56128.16
06-28 10:35:18.177 12507 12507 I net.osmand: RoutingHelper Recalculate route, because correlation  : 56128.159849497955
06-28 10:35:18.177 12507 12507 I net.osmand: RoutingHelper Recalculate route, because wrong movement direction: 56128.16
06-28 10:35:18.178 12507 12507 I net.osmand: RoutingHelper Recalculate route, because correlation  : 56128.159849497955
06-28 10:35:18.179 12507 12507 I net.osmand: RoutingHelper Recalculate route, because correlation  : 56128.159849497955
06-28 10:35:18.179 12507 12507 I net.osmand: RoutingHelper Recalculate route, because wrong movement direction: 56128.16
06-28 10:35:18.179 12507 12507 I net.osmand: RoutingHelper Recalculate route, because correlation  : 56128.159849497955
06-28 10:35:18.180 12507 12507 I net.osmand: RoutingHelper Recalculate route, because correlation  : 56128.159849497955
06-28 10:35:18.180 12507 12507 I net.osmand: RoutingHelper Recalculate route, because wrong movement direction: 56128.16
06-28 10:35:18.180 12507 12507 I net.osmand: RoutingHelper Recalculate route, because correlation  : 56128.159849497955
06-28 10:35:18.200  1393  3231 W audio_hw_generic: Not supplying enough data to HAL, expected position 121251637 , only wrote 121251600
06-28 10:35:18.202  1393  3231 W audio_hw_generic: Not supplying enough data to HAL, expected position 121251679 , only wrote 121251600
06-28 10:35:18.218  1393  3231 W audio_hw_generic: Not supplying enough data to HAL, expected position 121252391 , only wrote 121252320
06-28 10:35:18.235  1475  1571 D AudioFlinger: mixer(0xaa803cc0) throttle end: throttle time(3)
06-28 10:35:18.331 24500 24516 D         : HostConnection::get() New Host Connection established 0x8ed5e800, tid 24516
06-28 10:35:18.391 12507 12507 I net.osmand: RoutingHelper Recalculate route, because correlation  : 56128.159849497955
06-28 10:35:18.433 12507 12507 I net.osmand: RoutingHelper Recalculate route, because correlation  : 56128.159849497955
06-28 10:35:18.433 12507 12507 I net.osmand: RoutingHelper Recalculate route, because wrong movement direction: 56128.16
06-28 10:35:18.436 12507 12507 I net.osmand: RoutingHelper Recalculate route, because correlation  : 56128.159849497955
06-28 10:35:18.436 12507 12507 I net.osmand: RoutingHelper Recalculate route, because wrong movement direction: 56128.16
06-28 10:35:18.492 12507 12507 I net.osmand: RoutingHelper Recalculate route, because correlation  : 56128.159849497955
06-28 10:35:18.501 24500 24516 I zygote  : android::hardware::configstore::V1_0::ISurfaceFlingerConfigs::hasWideColorDisplay retrieved: 0
06-28 10:35:18.502 24500 24516 E EGL_emulation: [getAttribValue] Bad attribute idx
06-28 10:35:18.502 24500 24516 D EGL_emulation: eglGetConfigAttrib: bad attrib 0x1
06-28 10:35:18.502 24500 24516 E EGL_emulation: tid 24516: eglGetConfigAttrib(894): error 0x3004 (EGL_BAD_ATTRIBUTE)
06-28 10:35:18.509  1401  1401 D gralloc_ranchu: gralloc_alloc: Creating ashmem region of size 8298496
06-28 10:35:18.586 24500 24516 D EGL_emulation: eglCreateContext: 0x8ea3a880: maj 2 min 0 rcv 2
06-28 10:35:18.588 24500 24516 D EGL_emulation: eglMakeCurrent: 0x8ea3a880: ver 2 0 (tinfo 0x8ea19250)
06-28 10:35:18.618 24500 24516 D Unity   :  GL_EXT_debug_marker GL_OES_EGL_image GL_OES_EGL_image_external GL_OES_depth24 GL_OES_depth32 GL_OES_element_index_uint GL_OES_texture_float GL_OES_texture_float_linear GL_OES_compressed_ETC1_RGB8_texture GL_OES_depth_texture GL_OES_texture_half_float GL_OES_texture_half_float_linear GL_OES_packed_depth_stencil GL_OES_texture_npot GL_OES_rgb8_rgba8 GL_EXT_color_buffer_half_float GL_EXT_texture_format_BGRA8888 ANDROID_EMU_CHECKSUM_HELPER_v1 ANDROID_EMU_dma_v1 GL_OES_vertex_array_object GL_KHR_texture_compression_astc_ldr ANDROID_EMU_gles_max_version_2
06-28 10:35:18.660 24500 24573 D         : HostConnection::get() New Host Connection established 0x8ed5ee40, tid 24573
06-28 10:35:18.671 24500 24573 D EGL_emulation: eglMakeCurrent: 0x8ea3a880: ver 2 0 (tinfo 0x8ea19490)
06-28 10:35:18.680 24500 24516 D EGL_emulation: eglMakeCurrent: 0x8ea3a880: ver 2 0 (tinfo 0x8ea19250)
06-28 10:35:18.681 24500 24573 D EGL_emulation: eglMakeCurrent: 0x8ea3a880: ver 2 0 (tinfo 0x8ea19490)
06-28 10:35:18.698 24500 24516 D EGL_emulation: eglMakeCurrent: 0x8ea3a880: ver 2 0 (tinfo 0x8ea19250)
06-28 10:35:18.730 24500 24573 D EGL_emulation: eglMakeCurrent: 0x8ea3a880: ver 2 0 (tinfo 0x8ea19490)
06-28 10:35:18.755 24285 24302 I Unity   : Is GPGS available: False
06-28 10:35:18.755 24285 24302 I Unity   :  
06-28 10:35:18.755 24285 24302 I Unity   : (Filename: /Users/builduser/buildslave/unity/build/artifacts/generated/common/runtime/DebugBindings.gen.cpp Line: 51)
06-28 10:35:18.755 24285 24302 I Unity   : 
06-28 10:35:18.769 24285 24311 E Surface : getSlotFromBufferLocked: unknown buffer: 0x0
06-28 10:35:18.770  1412  1467 E BufferQueueProducer: [SurfaceView - com.skgames.trafficrider/com.prime31.UnityPlayerNativeActivity#0] dequeueBuffer: BufferQueue has been abandoned
06-28 10:35:18.776 24285 24311 E EGL_emulation: tid 24311: swapBuffers(550): error 0x300d (EGL_BAD_SURFACE)
06-28 10:35:18.823 24285 24302 D EGL_emulation: eglMakeCurrent: 0xa3c31460: ver 2 0 (tinfo 0x90c2f740)
06-28 10:35:18.830 24285 24332 D AudioTrack: stop() called with 995328 frames delivered
06-28 10:35:18.836  1603  1614 V MediaRouterService: restoreBluetoothA2dp(false)
06-28 10:35:18.847 12507 12507 I net.osmand: RoutingHelper Recalculate route, because correlation  : 56128.159849497955
06-28 10:35:18.906 12507 12507 I net.osmand: RoutingHelper Recalculate route, because correlation  : 56128.159849497955
06-28 10:35:18.906 12507 12507 I net.osmand: RoutingHelper Recalculate route, because wrong movement direction: 56128.16
06-28 10:35:18.963 12507 12507 I net.osmand: RoutingHelper Recalculate route, because correlation  : 56128.159849497955
06-28 10:35:18.994 12507 12507 I net.osmand: RoutingHelper Recalculate route, because correlation  : 56128.159849497955
06-28 10:35:18.994 12507 12507 I net.osmand: RoutingHelper Recalculate route, because wrong movement direction: 56128.16
06-28 10:35:19.024  1475  1563 W AudioFlinger: createTrack_l(): mismatch between requested flags (00000008) and output flags (00000006)
06-28 10:35:19.026 24500 24574 D AudioTrack: Client defaulted notificationFrames to 1365 for frameCount 4096
06-28 10:35:19.035 24500 24574 W AudioTrack: Use of stream types is deprecated for operations other than volume control
06-28 10:35:19.035 24500 24574 W AudioTrack: See the documentation of AudioTrack() for what to use instead with android.media.AudioAttributes to qualify your playback use case
06-28 10:35:19.040  1603  1859 V MediaRouterService: restoreBluetoothA2dp(false)
06-28 10:35:19.404  1603  1612 I zygote  : NativeAlloc concurrent copying GC freed 14109(787KB) AllocSpace objects, 8(416KB) LOS objects, 25% free, 17MB/23MB, paused 13.001ms total 1.413s
06-28 10:35:19.842 12507 12507 I net.osmand: RoutingHelper Recalculate route, because correlation  : 56128.159849497955
06-28 10:35:19.864 12507 12507 I net.osmand: RoutingHelper Recalculate route, because correlation  : 56128.159849497955
06-28 10:35:19.864 12507 12507 I net.osmand: RoutingHelper Recalculate route, because wrong movement direction: 56128.16
06-28 10:35:19.997  1603  1616 E memtrack: Couldn't load memtrack module
06-28 10:35:19.997  1603  1616 W android.os.Debug: failed to get memory consumption info: -1
06-28 10:35:20.132  1393  3231 W audio_hw_generic: Not supplying enough data to HAL, expected position 121344203 , only wrote 121339440
06-28 10:35:20.133  1393  3231 W audio_hw_generic: Not supplying enough data to HAL, expected position 121339483 , only wrote 121339440
06-28 10:35:20.152  1393  3231 W audio_hw_generic: Not supplying enough data to HAL, expected position 121340352 , only wrote 121340160
06-28 10:35:20.171  1475  1571 D AudioFlinger: mixer(0xaa803cc0) throttle end: throttle time(12)
06-28 10:35:20.287  1603  1616 E memtrack: Couldn't load memtrack module
06-28 10:35:20.287  1603  1616 W android.os.Debug: failed to get memory consumption info: -1
06-28 10:35:20.358 12507 12507 I net.osmand: RoutingHelper Recalculate route, because correlation  : 56128.159849497955
06-28 10:35:20.358 12507 12507 I net.osmand: RoutingHelper Recalculate route, because wrong movement direction: 56128.16
06-28 10:35:20.371 12507 12507 I net.osmand: RoutingHelper Recalculate route, because correlation  : 56128.159849497955
06-28 10:35:20.385 12507 12507 I net.osmand: RoutingHelper Recalculate route, because correlation  : 56128.159849497955
06-28 10:35:20.385 12507 12507 I net.osmand: RoutingHelper Recalculate route, because wrong movement direction: 56128.16
06-28 10:35:20.407 12507 12507 I net.osmand: RoutingHelper Recalculate route, because correlation  : 56128.159849497955
06-28 10:35:20.502 12507 12507 I chatty  : uid=10104(net.osmand) identical 1 line
06-28 10:35:20.506 12507 12507 I net.osmand: RoutingHelper Recalculate route, because correlation  : 56128.159849497955
06-28 10:35:20.507 12507 12507 I net.osmand: RoutingHelper Recalculate route, because wrong movement direction: 56128.16
06-28 10:35:20.839 12507 12507 I net.osmand: RoutingHelper Recalculate route, because correlation  : 56128.159849497955
06-28 10:35:20.848 12507 12507 I net.osmand: RoutingHelper Recalculate route, because correlation  : 56128.159849497955
06-28 10:35:20.849 12507 12507 I net.osmand: RoutingHelper Recalculate route, because wrong movement direction: 56128.16
06-28 10:35:21.423  1393  3231 W audio_hw_generic: Not supplying enough data to HAL, expected position 121401144 , only wrote 121399920
06-28 10:35:21.424  1475  1571 D AudioFlinger: mixer(0xaa803cc0) throttle end: throttle time(3)
06-28 10:35:21.695  1393  3231 W audio_hw_generic: Not supplying enough data to HAL, expected position 121412999 , only wrote 121412880
06-28 10:35:21.838 12507 12507 I net.osmand: RoutingHelper Recalculate route, because correlation  : 56128.159849497955
06-28 10:35:21.885 12507 12507 I net.osmand: RoutingHelper Recalculate route, because correlation  : 56128.159849497955
06-28 10:35:21.885 12507 12507 I net.osmand: RoutingHelper Recalculate route, because wrong movement direction: 56128.16
06-28 10:35:21.939  1393  3231 W audio_hw_generic: Not supplying enough data to HAL, expected position 121424597 , only wrote 121424400
06-28 10:35:21.944 12507 12507 I net.osmand: RoutingHelper Recalculate route, because correlation  : 56128.159849497955
06-28 10:35:21.944 12507 12507 I net.osmand: RoutingHelper Recalculate route, because wrong movement direction: 56128.16
06-28 10:35:21.964 12507 12507 I net.osmand: RoutingHelper Recalculate route, because correlation  : 56128.159849497955
06-28 10:35:22.057 12507 12507 I chatty  : uid=10104(net.osmand) identical 1 line
06-28 10:35:22.072 12507 12507 I net.osmand: RoutingHelper Recalculate route, because correlation  : 56128.159849497955
06-28 10:35:22.073 12507 12507 I net.osmand: RoutingHelper Recalculate route, because wrong movement direction: 56128.16
06-28 10:35:22.239 12507 12507 I net.osmand: RoutingHelper Recalculate route, because correlation  : 56128.159849497955
06-28 10:35:22.247 12507 12507 I net.osmand: RoutingHelper Recalculate route, because correlation  : 56128.159849497955
