06-29 17:19:38.083 13649 13649 D MoPub   : Changing consent status from POTENTIAL_WHITELISTto POTENTIAL_WHITELIST because Consent was explicitly granted by a publisher who is not whitelisted
06-29 17:19:38.211  1587  1596 I zygote  : Background concurrent copying GC freed 72388(4MB) AllocSpace objects, 42(1736KB) LOS objects, 28% free, 14MB/20MB, paused 940us total 1.876s
06-29 17:19:38.496 13428 13428 I net.osmand: RoutingHelper Recalculate route, because correlation  : 186070.33175635283
06-29 17:19:38.496 13428 13428 I net.osmand: RoutingHelper Recalculate route, because wrong movement direction: 186070.33
06-29 17:19:38.552  1964 13335 W Conscrypt: Could not set socket write timeout: java.net.SocketException: Socket closed
06-29 17:19:38.571 13428 13428 I net.osmand: RoutingHelper Recalculate route, because correlation  : 186070.33175635283
06-29 17:19:38.572 13428 13428 I net.osmand: RoutingHelper Recalculate route, because correlation  : 186070.33175635283
06-29 17:19:38.573 13428 13428 I net.osmand: RoutingHelper Recalculate route, because wrong movement direction: 186070.33
06-29 17:19:38.581 13428 13428 I net.osmand: RoutingHelper Recalculate route, because correlation  : 186070.33175635283
06-29 17:19:38.613  1964 13335 W Conscrypt: 	at com.google.android.gms.org.conscrypt.Platform.setSocketWriteTimeout(:com.google.android.gms@17785022@17.7.85 (040700-253824076):2)
06-29 17:19:38.613  1964 13335 W Conscrypt: 	at com.google.android.gms.org.conscrypt.ConscryptFileDescriptorSocket.setSoWriteTimeout(:com.google.android.gms@17785022@17.7.85 (040700-253824076):2)
06-29 17:19:39.316 13649 13649 D libcrashlytics: Initializing libcrashlytics version 2.0.4
06-29 17:19:39.350 13428 13428 I net.osmand: RoutingHelper Recalculate route, because correlation  : 186070.33175635283
06-29 17:19:39.350 13428 13428 I net.osmand: RoutingHelper Recalculate route, because wrong movement direction: 186070.33
06-29 17:19:39.361 13649 13649 D libcrashlytics: Initializing native crash handling successful.
06-29 17:19:39.373 13649 13649 I CrashlyticsCore: Initializing Crashlytics 2.6.3.25
06-29 17:19:39.492  1836  2310 D TelephonyProvider: subIdString = 1 subId = 1
06-29 17:19:39.542  1587  1876 I WifiService: getConnectionInfo uid=10026
06-29 17:19:39.543  1587  1876 D WifiPermissionsUtil: Denied: no location permission
06-29 17:19:39.543  1587  1876 D WifiPermissionsUtil: Denied: caller is not the current USE_OPEN_WIFI_PACKAGE
06-29 17:19:39.671  1964 13335 W Conscrypt: Could not set socket write timeout: java.net.SocketException: Socket closed
06-29 17:19:39.672  1964 13335 W Conscrypt: 	at com.google.android.gms.org.conscrypt.Platform.setSocketWriteTimeout(:com.google.android.gms@17785022@17.7.85 (040700-253824076):2)
06-29 17:19:39.672  1964 13335 W Conscrypt: 	at com.google.android.gms.org.conscrypt.ConscryptFileDescriptorSocket.setSoWriteTimeout(:com.google.android.gms@17785022@17.7.85 (040700-253824076):2)
06-29 17:19:39.968 13428 13428 I Choreographer: Skipped 37 frames!  The application may be doing too much work on its main thread.
06-29 17:19:40.047 13428 13428 I net.osmand: RoutingHelper Recalculate route, because correlation  : 186070.33175635283
06-29 17:19:40.070  2583  2600 I Finsky  : [111] eth.b(2): net.osmand: Account determined from installer data - [suezqm0lmYitICIolRzk9yrzX_k]
06-29 17:19:40.072  2583  2600 I Finsky  : [111] eth.b(9): net.osmand: Account from preferred account - [suezqm0lmYitICIolRzk9yrzX_k]
06-29 17:19:40.120 10972 13730 W DynamiteModule: Local module descriptor class for com.google.android.gms.googlecertificates not found.
06-29 17:19:40.121  2583  2600 I Finsky  : [111] eth.b(2): net.osmand: Account determined from installer data - [suezqm0lmYitICIolRzk9yrzX_k]
06-29 17:19:40.122  2583  2600 I Finsky  : [111] eth.b(9): net.osmand: Account from preferred account - [suezqm0lmYitICIolRzk9yrzX_k]
06-29 17:19:40.218 10972 13730 W zygote  : Unsupported class loader
06-29 17:19:40.244 10972 13730 W zygote  : Skipping duplicate class check due to unsupported classloader
06-29 17:19:40.252 13649 13649 D AppsFlyer_4.9.0: Initializing AppsFlyer SDK: (v4.9.0.184)
06-29 17:19:40.266 13428 13428 I net.osmand: RoutingHelper Recalculate route, because correlation  : 186070.33175635283
06-29 17:19:40.268 13428 13428 I net.osmand: RoutingHelper Recalculate route, because wrong movement direction: 186070.33
06-29 17:19:40.386 10972 13730 I DynamiteModule: Considering local module com.google.android.gms.googlecertificates:0 and remote module com.google.android.gms.googlecertificates:4
06-29 17:19:40.386 10972 13730 I DynamiteModule: Selected remote version of com.google.android.gms.googlecertificates, version >= 4
06-29 17:19:40.460 13428 13428 I net.osmand: RoutingHelper Recalculate route, because correlation  : 186070.33175635283
06-29 17:19:40.469 13428 13428 I net.osmand: RoutingHelper Recalculate route, because correlation  : 186070.33175635283
06-29 17:19:40.469 13428 13428 I net.osmand: RoutingHelper Recalculate route, because wrong movement direction: 186070.33
06-29 17:19:40.490 13428 13428 I net.osmand: RoutingHelper Recalculate route, because correlation  : 186070.33175635283
06-29 17:19:40.506 13428 13438 I zygote  : Background concurrent copying GC freed 616119(16MB) AllocSpace objects, 7(208KB) LOS objects, 14% free, 34MB/40MB, paused 7.425ms total 3.129s
06-29 17:19:40.618 10972 13730 W zygote  : Unsupported class loader
06-29 17:19:40.652 10972 13730 W zygote  : Skipping duplicate class check due to unsupported classloader
06-29 17:19:40.697 13649 13649 D Pushwoosh: [CrashAnalytics] Current handler class = com.crashlytics.android.core.CrashlyticsUncaughtExceptionHandler
06-29 17:19:40.853  1587  1614 E BatteryExternalStatsWorker: modem info is invalid: ModemActivityInfo{ mTimestamp=0 mSleepTimeMs=0 mIdleTimeMs=0 mTxTimeMs[]=[0, 0, 0, 0, 0] mRxTimeMs=0 mEnergyUsed=0}
06-29 17:19:40.873 13649 13698 D MoPub   : MoPubIdentifier initialized.
06-29 17:19:40.960 13649 13746 I zygote  : IncrementDisableThreadFlip blocked for 22.138ms
06-29 17:19:41.166 13649 13676 I zygote  : Waiting for a blocking GC ProfileSaver
06-29 17:19:41.234 13649 13676 I zygote  : WaitForGcToComplete blocked ProfileSaver on HeapTrim for 68.051ms
06-29 17:19:41.346 13649 13698 I WebViewFactory: Loading com.android.chrome version 74.0.3729.157 (code 372915712)
06-29 17:19:41.434 13428 13428 I net.osmand: RoutingHelper Recalculate route, because correlation  : 186070.33175635283
06-29 17:19:41.438 13428 13428 I net.osmand: RoutingHelper Recalculate route, because correlation  : 186070.33175635283
06-29 17:19:41.438 13428 13428 I net.osmand: RoutingHelper Recalculate route, because wrong movement direction: 186070.33
06-29 17:19:41.502 13428 13428 I net.osmand: RoutingHelper Recalculate route, because correlation  : 186070.33175635283
06-29 17:19:41.504 13428 13428 I net.osmand: RoutingHelper Recalculate route, because correlation  : 186070.33175635283
06-29 17:19:41.504 13428 13428 I net.osmand: RoutingHelper Recalculate route, because wrong movement direction: 186070.33
06-29 17:19:41.643  1964 13576 I Places  : ?: PlacesBleScanner stop()
06-29 17:19:41.644  1964  1964 I BeaconBle: Scan : No clients left, canceling alarm.
06-29 17:19:41.645  1964  1964 I BeaconBle: Scan canceled successfully.
06-29 17:19:41.665  1964 13576 I PlaceInferenceEngine: [anon] Changed inference mode: 0
06-29 17:19:41.665  1964 13576 I PlaceInferenceEngine: [account#1066226748] Changed inference mode: 0
06-29 17:19:41.788  2583  2598 I zygote  : Background concurrent copying GC freed 15251(875KB) AllocSpace objects, 4(208KB) LOS objects, 50% free, 4MB/8MB, paused 1.774ms total 382.843ms
06-29 17:19:41.855 13428 13428 D InAppPurchaseHelper: Query inventory finished.
06-29 17:19:41.855 13428 13428 D InAppPurchaseHelper: Query inventory was successful.
06-29 17:19:41.857 13428 13428 D InAppPurchaseHelper: User DOES NOT HAVE live updates purchased.
06-29 17:19:41.868 13428 13428 D InAppPurchaseHelper: Destroying helper.
06-29 17:19:41.878 13428 13428 D InAppPurchaseHelper: Initial inapp query finished
06-29 17:19:41.932  1964  1964 I GeofencerStateMachine: removeGeofences: removeRequest=RemoveGeofencingRequest[REMOVE_BY_PENDING_INTENT pendingIntent=PendingIntent[creatorPackage=com.google.android.gms], packageName=com.google.android.gms]
06-29 17:19:41.991  1836  2310 D TelephonyProvider: subIdString = 1 subId = 1
06-29 17:19:42.039  1587  4464 I WifiService: getConnectionInfo uid=10026
06-29 17:19:42.039  1587  4464 D WifiPermissionsUtil: Denied: no location permission
06-29 17:19:42.039  1587  4464 D WifiPermissionsUtil: Denied: caller is not the current USE_OPEN_WIFI_PACKAGE
06-29 17:19:42.044 13649 13682 D Pushwoosh: initHwid
06-29 17:19:42.044 13649 13682 I Pushwoosh: HWID: c508be07-582e-4b92-8968-379ca65e32f4
06-29 17:19:42.062 13649 13682 D Pushwoosh: [PushwooshModule] onApplicationCreated
06-29 17:19:42.062 13649 13682 I Pushwoosh: [s] This is Android GCM device
06-29 17:19:42.062 13649 13682 D Pushwoosh: appOpen:false onAppReady:true
06-29 17:19:42.188  1964  3112 W MessageQueue: Handler (aeyl) {64a542c} sending message to a Handler on a dead thread
06-29 17:19:42.188  1964  3112 W MessageQueue: java.lang.IllegalStateException: Handler (aeyl) {64a542c} sending message to a Handler on a dead thread
06-29 17:19:42.188  1964  3112 W MessageQueue: 	at android.os.MessageQueue.enqueueMessage(MessageQueue.java:545)
06-29 17:19:42.188  1964  3112 W MessageQueue: 	at android.os.Handler.enqueueMessage(Handler.java:662)
06-29 17:19:42.188  1964  3112 W MessageQueue: 	at android.os.Handler.sendMessageAtTime(Handler.java:631)
06-29 17:19:42.188  1964  3112 W MessageQueue: 	at aeyl.sendMessageAtTime(Unknown Source:3)
06-29 17:19:42.188  1964  3112 W MessageQueue: 	at android.os.Handler.sendMessageDelayed(Handler.java:601)
06-29 17:19:42.188  1964  3112 W MessageQueue: 	at android.os.Handler.post(Handler.java:357)
06-29 17:19:42.188  1964  3112 W MessageQueue: 	at bcln.execute(Unknown Source:2)
06-29 17:19:42.188  1964  3112 W MessageQueue: 	at aanh.execute(Unknown Source:9)
06-29 17:19:42.188  1964  3112 W MessageQueue: 	at avft.a(:com.google.android.gms@17785022@17.7.85 (040700-253824076):3)
06-29 17:19:42.188  1964  3112 W MessageQueue: 	at avgk.a(:com.google.android.gms@17785022@17.7.85 (040700-253824076):8)
06-29 17:19:42.188  1964  3112 W MessageQueue: 	at avgn.a(:com.google.android.gms@17785022@17.7.85 (040700-253824076):43)
06-29 17:19:42.188  1964  3112 W MessageQueue: 	at avgj.a(:com.google.android.gms@17785022@17.7.85 (040700-253824076):2)
06-29 17:19:42.188  1964  3112 W MessageQueue: 	at rpj.a(:com.google.android.gms@17785022@17.7.85 (040700-253824076):3)
06-29 17:19:42.188  1964  3112 W MessageQueue: 	at rpj.a(:com.google.android.gms@17785022@17.7.85 (040700-253824076):2)
06-29 17:19:42.188  1964  3112 W MessageQueue: 	at agos.a(Unknown Source:2)
06-29 17:19:42.188  1964  3112 W MessageQueue: 	at rnt.a(Unknown Source:11)
06-29 17:19:42.188  1964  3112 W MessageQueue: 	at aamg.a(:com.google.android.gms@17785022@17.7.85 (040700-253824076):1)
06-29 17:19:42.188  1964  3112 W MessageQueue: 	at cwm.onTransact(:com.google.android.gms@17785022@17.7.85 (040700-253824076):4)
06-29 17:19:42.188  1964  3112 W MessageQueue: 	at android.os.Binder.execTransact(Binder.java:697)
06-29 17:19:42.243 13649 13682 D Pushwoosh: [RequestManager] Try To send: getInApps; baseUrl: https://84E00-0F767.api.pushwoosh.com/json/1.3/
06-29 17:19:42.393 13428 13428 I net.osmand: RoutingHelper Recalculate route, because correlation  : 186070.33175635283
06-29 17:19:42.393 13428 13428 I net.osmand: RoutingHelper Recalculate route, because wrong movement direction: 186070.33
06-29 17:19:42.470 13428 13428 I net.osmand: RoutingHelper Recalculate route, because correlation  : 186070.33175635283
06-29 17:19:42.480 13428 13428 D InAppPurchaseHelper: Response={
06-29 17:19:42.480 13428 13428 D InAppPurchaseHelper: 	"monthly" : {
06-29 17:19:42.480 13428 13428 D InAppPurchaseHelper: 		  "sku": "osm_live_subscription_monthly_free_v1"
06-29 17:19:42.480 13428 13428 D InAppPurchaseHelper: 	},
06-29 17:19:42.480 13428 13428 D InAppPurchaseHelper: 	"quarterly" : {
06-29 17:19:42.480 13428 13428 D InAppPurchaseHelper: 		  "sku": "osm_live_subscription_3_months_free_v1"
06-29 17:19:42.480 13428 13428 D InAppPurchaseHelper: 	},
06-29 17:19:42.480 13428 13428 D InAppPurchaseHelper: 	"annual" : {
06-29 17:19:42.480 13428 13428 D InAppPurchaseHelper: 		  "sku": "osm_live_subscription_annual_free_v2"
06-29 17:19:42.480 13428 13428 D InAppPurchaseHelper: 	}
06-29 17:19:42.480 13428 13428 D InAppPurchaseHelper: 
06-29 17:19:42.480 13428 13428 D InAppPurchaseHelper: }
06-29 17:19:42.481 13428 13428 D InAppPurchaseHelper: Creating InAppPurchaseHelper.
06-29 17:19:42.481 13428 13428 D InAppPurchaseHelper: Starting setup.
06-29 17:19:42.651 13428 13428 I net.osmand: RoutingHelper Recalculate route, because correlation  : 186070.33175635283
06-29 17:19:42.655  2583  2600 I Finsky  : [111] eth.b(2): net.osmand: Account determined from installer data - [suezqm0lmYitICIolRzk9yrzX_k]
06-29 17:19:42.655  2583  2600 I Finsky  : [111] eth.b(9): net.osmand: Account from preferred account - [suezqm0lmYitICIolRzk9yrzX_k]
06-29 17:19:42.663  2583  2600 I Finsky  : [111] eth.b(2): net.osmand: Account determined from installer data - [suezqm0lmYitICIolRzk9yrzX_k]
06-29 17:19:42.663  2583  2600 I Finsky  : [111] eth.b(9): net.osmand: Account from preferred account - [suezqm0lmYitICIolRzk9yrzX_k]
06-29 17:19:42.666 13428 13428 D InAppPurchaseHelper: Setup finished.
06-29 17:19:42.667 13428 13428 D InAppPurchaseHelper: Setup successful. Querying inventory.
06-29 17:19:42.687  2583  2600 I Finsky  : [111] eth.b(2): net.osmand: Account determined from installer data - [suezqm0lmYitICIolRzk9yrzX_k]
06-29 17:19:42.688  2583  2600 I Finsky  : [111] eth.b(9): net.osmand: Account from preferred account - [suezqm0lmYitICIolRzk9yrzX_k]
06-29 17:19:42.704  2583  2600 I Finsky  : [111] eth.b(2): net.osmand: Account determined from installer data - [suezqm0lmYitICIolRzk9yrzX_k]
06-29 17:19:42.704  2583  2600 I Finsky  : [111] eth.b(9): net.osmand: Account from preferred account - [suezqm0lmYitICIolRzk9yrzX_k]
06-29 17:19:42.820 13428 13428 I net.osmand: RoutingHelper Recalculate route, because correlation  : 186070.33175635283
06-29 17:19:42.820 13428 13428 I net.osmand: RoutingHelper Recalculate route, because wrong movement direction: 186070.33
06-29 17:19:42.953  1836  2310 D TelephonyProvider: subIdString = 1 subId = 1
06-29 17:19:42.984  1587  4464 I WifiService: getConnectionInfo uid=10026
06-29 17:19:42.985  1587  4464 D WifiPermissionsUtil: Denied: no location permission
06-29 17:19:42.985  1587  4464 D WifiPermissionsUtil: Denied: caller is not the current USE_OPEN_WIFI_PACKAGE
06-29 17:19:43.056  2583  2583 I Finsky  : [2] efa.run(11): Skipping a request to /bulkAcquire since cache has all the records.
06-29 17:19:43.057  2583  2600 I Finsky  : [111] eth.b(2): net.osmand: Account determined from installer data - [suezqm0lmYitICIolRzk9yrzX_k]
06-29 17:19:43.057  2583  2600 I Finsky  : [111] eth.b(9): net.osmand: Account from preferred account - [suezqm0lmYitICIolRzk9yrzX_k]
06-29 17:19:43.070  1587  1610 E memtrack: Couldn't load memtrack module
06-29 17:19:43.070  1587  1610 W android.os.Debug: failed to get memory consumption info: -1
06-29 17:19:43.072  2583  2600 I Finsky  : [111] eth.b(2): net.osmand: Account determined from installer data - [suezqm0lmYitICIolRzk9yrzX_k]
06-29 17:19:43.072  2583  2600 I Finsky  : [111] eth.b(9): net.osmand: Account from preferred account - [suezqm0lmYitICIolRzk9yrzX_k]
06-29 17:19:43.120 13649 13735 W CrashlyticsCore: No minidump data found in directory /data/user/0/com.mapswithme.maps.pro/files/.Fabric/com.crashlytics.sdk.android.crashlytics-ndk/native/1561837163714
06-29 17:19:43.185 13656 13680 W zygote  : Verification of void oo.a(android.app.Activity) took 155.421ms
06-29 17:19:43.190 13428 13428 D InAppPurchaseHelper: Query inventory finished.
06-29 17:19:43.190 13428 13428 D InAppPurchaseHelper: Query inventory was successful.
06-29 17:19:43.191 13428 13428 D InAppPurchaseHelper: User DOES NOT HAVE live updates purchased.
06-29 17:19:43.204 13428 13428 D InAppPurchaseHelper: Destroying helper.
06-29 17:19:43.207 13428 13428 D InAppPurchaseHelper: Initial inapp query finished
06-29 17:19:43.257  1836  2310 D TelephonyProvider: subIdString = 1 subId = 1
06-29 17:19:43.312  1587  4464 I WifiService: getConnectionInfo uid=10026
06-29 17:19:43.313  1587  4464 D WifiPermissionsUtil: Denied: no location permission
06-29 17:19:43.314  1587  4464 D WifiPermissionsUtil: Denied: caller is not the current USE_OPEN_WIFI_PACKAGE
06-29 17:19:43.960 13428 13438 I zygote  : Background concurrent copying GC freed 694069(15MB) AllocSpace objects, 0(0B) LOS objects, 15% free, 32MB/38MB, paused 25.131ms total 2.178s
06-29 17:19:44.147 13649 13698 I cr_LibraryLoader: Time to load native libraries: 65 ms (timestamps 7053-7118)
06-29 17:19:44.262 13649 13682 I Pushwoosh: [RequestManager] 
06-29 17:19:44.262 13649 13682 I Pushwoosh: x
06-29 17:19:44.262 13649 13682 I Pushwoosh: |     Pushwoosh request:
06-29 17:19:44.262 13649 13682 I Pushwoosh: | Url: https://84E00-0F767.api.pushwoosh.com/json/1.3/getInApps
06-29 17:19:44.262 13649 13682 I Pushwoosh: | Payload: {"request":{"application":"84E00-0F767","hwid":"c508be07-582e-4b92-8968-379ca65e32f4","v":"5.9.0","device_type":3,"userId":"c508be07-582e-4b92-8968-379ca65e32f4","language":"en"}}
06-29 17:19:44.262 13649 13682 I Pushwoosh: | Response: {"status_code":200,"status_message":"OK","response":{"inApps":[]}}
06-29 17:19:44.262 13649 13682 I Pushwoosh: x
06-29 17:19:44.262 13649 13682 D Pushwoosh: [RequestManager] getInApps response success
06-29 17:19:44.293  1587  5369 I ActivityManager: Start proc 13771:com.android.chrome:webview_service/u0a49 for service com.android.chrome/org.chromium.android_webview.services.VariationsSeedServer
06-29 17:19:44.316 13771 13771 W zygote  : Unexpected CPU variant for X86 using defaults: x86
06-29 17:19:44.335 13649 13649 I chromium: [INFO:library_loader_hooks.cc(50)] Chromium logging enabled: level = 0, default verbosity = 0
06-29 17:19:44.335 13649 13649 I cr_LibraryLoader: Expected native library version number "74.0.3729.157", actual native library version number "74.0.3729.157"
06-29 17:19:44.383 13649 13784 W cr_ChildProcLH: Create a new ChildConnectionAllocator with package name = com.android.chrome, sandboxed = true
06-29 17:19:44.427 13649 13649 I cr_BrowserStartup: Initializing chromium process, singleProcess=false
06-29 17:19:44.433 13649 13649 W ResourceType: For resource 0x7f130526, entry index(1318) is beyond type entryCount(4)
06-29 17:19:44.433 13649 13649 W ResourceType: Failure getting entry for 0x7f130526 (t=18 e=1318) (error -75)
06-29 17:19:44.435  1587  4464 I ActivityManager: Start proc 13789:com.android.chrome:sandboxed_process0/u0i10 for webview_service com.mapswithme.maps.pro/org.chromium.content.app.SandboxedProcessService0
06-29 17:19:44.442  1587  1610 E memtrack: Couldn't load memtrack module
06-29 17:19:44.442  1587  1610 W android.os.Debug: failed to get memory consumption info: -1
06-29 17:19:44.452 13789 13789 E /system/bin/webview_zygote32: Failed to make and chown /acct/uid_99010: Permission denied
06-29 17:19:44.452 13789 13789 E Zygote  : createProcessGroup(99010, 0) failed: Permission denied
06-29 17:19:44.454 13789 13789 W /system/bin/webview_zygote32: Unexpected CPU variant for X86 using defaults: x86
06-29 17:19:44.607 13803 13803 E asset   : setgid: Operation not permitted
06-29 17:19:44.736 13789 13789 I cr_ChildProcessService: Creating new ChildProcessService pid=13789
06-29 17:19:45.056  1587  5369 I ActivityManager: Killing 12340:com.google.android.videos/u0a74 (adj 906): empty for 1871s
06-29 17:19:45.060  1587  1613 W zygote  : kill(-12340, 9) failed: No such process
06-29 17:19:45.073  1587  5369 I ActivityManager: Killing 12374:com.google.process.gapps/u0a14 (adj 906): empty for 1871s
06-29 17:19:45.159  1587  1613 I chatty  : uid=1000(system) ActivityManager identical 2 lines
06-29 17:19:45.217  1587  1613 W zygote  : kill(-12340, 9) failed: No such process
06-29 17:19:45.220  1587  1610 E memtrack: Couldn't load memtrack module
06-29 17:19:45.221  1587  1610 W android.os.Debug: failed to get memory consumption info: -1
06-29 17:19:45.260  1587  1613 W zygote  : kill(-12340, 9) failed: No such process
06-29 17:19:45.260  1587  1613 I zygote  : Successfully killed process cgroup uid 10074 pid 12340 in 201ms
06-29 17:19:45.260  1587  1613 W zygote  : kill(-12374, 9) failed: No such process
06-29 17:19:45.264  1587  1613 I zygote  : Successfully killed process cgroup uid 10014 pid 12374 in 3ms
06-29 17:19:45.524  1587  1611 W BroadcastQueue: Background execution not allowed: receiving Intent { act=android.intent.action.DROPBOX_ENTRY_ADDED flg=0x10 (has extras) } to com.google.android.gms/.stats.service.DropBoxEntryAddedReceiver
06-29 17:19:45.525  1587  1611 W BroadcastQueue: Background execution not allowed: receiving Intent { act=android.intent.action.DROPBOX_ENTRY_ADDED flg=0x10 (has extras) } to com.google.android.gms/.chimera.GmsIntentOperationService$PersistentTrustedReceiver
06-29 17:19:45.838  1587  1670 W AlarmManager: Unrecognized alarm listener com.android.server.wifi.WifiConfigStore$1@370f064
06-29 17:19:45.868  1587  1670 D WifiConfigStore: Writing to stores completed in 30 ms.
06-29 17:19:46.013  1587  1596 I zygote  : Background concurrent copying GC freed 67269(4MB) AllocSpace objects, 36(2MB) LOS objects, 29% free, 14MB/20MB, paused 5.258ms total 450.238ms
06-29 17:19:46.052  1587  1610 E memtrack: Couldn't load memtrack module
06-29 17:19:46.052  1587  1610 W android.os.Debug: failed to get memory consumption info: -1
06-29 17:19:46.120 13428 13428 I net.osmand: RoutingHelper Recalculate route, because correlation  : 186070.33175635283
06-29 17:19:46.120 13428 13428 I net.osmand: RoutingHelper Recalculate route, because wrong movement direction: 186070.33
06-29 17:19:46.225 13428 13428 I net.osmand: RoutingHelper Recalculate route, because correlation  : 186070.33175635283
06-29 17:19:46.226 13428 13428 I net.osmand: RoutingHelper Recalculate route, because wrong movement direction: 186070.33
06-29 17:19:46.346 13428 13428 I net.osmand: RoutingHelper Recalculate route, because correlation  : 186070.33175635283
06-29 17:19:46.493 13649 13649 D MoPub   : Successfully hit tracking endpoint: https://ads.mopub.com/m/open
06-29 17:19:46.664  1964  1964 I BeaconBle: Scan : No clients left, canceling alarm.
06-29 17:19:46.908 13428 13428 I net.osmand: RoutingHelper Recalculate route, because correlation  : 186070.33175635283
06-29 17:19:46.909 13428 13428 I net.osmand: RoutingHelper Recalculate route, because wrong movement direction: 186070.33
06-29 17:19:47.015 13428 13428 I net.osmand: RoutingHelper Recalculate route, because correlation  : 186070.33175635283
06-29 17:19:47.262 13428 13428 I net.osmand: RoutingHelper Recalculate route, because correlation  : 186070.33175635283
06-29 17:19:47.262 13428 13428 I net.osmand: RoutingHelper Recalculate route, because wrong movement direction: 186070.33
06-29 17:19:47.401 13428 13428 I net.osmand: RoutingHelper Recalculate route, because correlation  : 186070.33175635283
06-29 17:19:47.722  1390  3747 W audio_hw_generic: Not supplying enough data to HAL, expected position 41574379 , only wrote 41574240
06-29 17:19:47.743 13428 13438 I zygote  : Background concurrent copying GC freed 609835(13MB) AllocSpace objects, 10(520KB) LOS objects, 15% free, 33MB/39MB, paused 1.680ms total 1.168s
06-29 17:19:47.782 13428 13527 E FA      : Task exception on worker thread: java.lang.IllegalAccessError: Method 'void android.support.v4.content.ContextCompat.<init>()' is inaccessible to class 'com.google.firebase.iid.zzg' (declaration of 'com.google.firebase.iid.zzg' appears in /data/app/net.osmand-3e2027wrPNiMXbTSfYMHIA==/base.apk): com.google.android.gms.measurement.internal.zzt.zzEd(Unknown Source:3)
06-29 17:19:48.035  1390  3747 W audio_hw_generic: Not supplying enough data to HAL, expected position 41589272 , only wrote 41588640
06-29 17:19:48.052  1390  3747 W audio_hw_generic: Not supplying enough data to HAL, expected position 41589474 , only wrote 41589360
06-29 17:19:48.085 13428 13428 I net.osmand: RoutingHelper Recalculate route, because correlation  : 186070.33175635283
06-29 17:19:48.087 13428 13428 D net.osmand: DayNightHelper Sunrise/sunset setting to day: false
06-29 17:19:48.099 13428 13428 I net.osmand: RoutingHelper Recalculate route, because correlation  : 186070.33175635283
06-29 17:19:48.099 13428 13428 I net.osmand: RoutingHelper Recalculate route, because wrong movement direction: 186070.33
06-29 17:19:48.103  1997  2011 W zygote  : Suspending all threads took: 14.222ms
06-29 17:19:48.192 13428 13428 I net.osmand: RoutingHelper Recalculate route, because correlation  : 186070.33175635283
06-29 17:19:48.192 13428 13428 I net.osmand: RoutingHelper Recalculate route, because wrong movement direction: 186070.33
06-29 17:19:48.267 13428 13428 I net.osmand: RoutingHelper Recalculate route, because correlation  : 186070.33175635283
06-29 17:19:49.165  1390  3747 W audio_hw_generic: Not supplying enough data to HAL, expected position 41642774 , only wrote 41642640
06-29 17:19:49.165  1390  3747 W audio_hw_generic: Not supplying enough data to HAL, expected position 41642651 , only wrote 41642640
06-29 17:19:49.183  1390  3747 W audio_hw_generic: Not supplying enough data to HAL, expected position 41643484 , only wrote 41643360
06-29 17:19:49.405 13771 13785 I zygote  : Waiting for a blocking GC ProfileSaver
06-29 17:19:49.413 13771 13785 I zygote  : WaitForGcToComplete blocked ProfileSaver on HeapTrim for 7.708ms
06-29 17:19:49.606  1399  1414 D hwcomposer: hw_composer sent 180 syncs in 64s
06-29 17:19:49.612 13428 13428 I net.osmand: RoutingHelper Recalculate route, because correlation  : 186070.33175635283
06-29 17:19:49.614 13428 13428 I net.osmand: RoutingHelper Recalculate route, because correlation  : 186070.33175635283
06-29 17:19:49.614 13428 13428 I net.osmand: RoutingHelper Recalculate route, because wrong movement direction: 186070.33
06-29 17:19:49.748 13428 13428 I net.osmand: RoutingHelper Recalculate route, because correlation  : 186070.33175635283
06-29 17:19:49.843 13428 13428 I net.osmand: RoutingHelper Recalculate route, because correlation  : 186070.33175635283
06-29 17:19:49.843 13428 13428 I net.osmand: RoutingHelper Recalculate route, because wrong movement direction: 186070.33
06-29 17:19:49.987  2583  2609 I Finsky  : [114] imb.run(3): Stats for Executor: BlockingExecutor ink@171d218[Running, pool size = 0, active threads = 0, queued tasks = 0, completed tasks = 20]
06-29 17:19:49.990  2583  2609 I Finsky  : [114] imb.run(3): Stats for Executor: LightweightExecutor ink@209f471[Running, pool size = 2, active threads = 0, queued tasks = 0, completed tasks = 68]
06-29 17:19:50.233 13428 13438 I zygote  : Background concurrent copying GC freed 641066(14MB) AllocSpace objects, 2(104KB) LOS objects, 16% free, 30MB/36MB, paused 2.733ms total 1.035s
06-29 17:19:50.265 13428 13428 I net.osmand: RoutingHelper Recalculate route, because correlation  : 186070.33175635283
06-29 17:19:50.265 13428 13428 I net.osmand: RoutingHelper Recalculate route, because wrong movement direction: 186070.33
06-29 17:19:50.324 13428 13428 I net.osmand: RoutingHelper Recalculate route, because correlation  : 186070.33175635283
06-29 17:19:50.924  1390  1574 W audio_hw_generic: Not supplying enough data to HAL, expected position 41809234 , only wrote 41726880
06-29 17:19:50.979 13428 13428 I net.osmand: RoutingHelper Recalculate route, because correlation  : 186070.33175635283
06-29 17:19:50.988 13428 13428 I net.osmand: RoutingHelper Recalculate route, because correlation  : 186070.33175635283
06-29 17:19:50.988 13428 13428 I net.osmand: RoutingHelper Recalculate route, because wrong movement direction: 186070.33
06-29 17:19:51.023  2583  2609 I Finsky  : [114] imb.run(3): Stats for Executor: bgExecutor ink@71db256[Running, pool size = 4, active threads = 0, queued tasks = 0, completed tasks = 68]
06-29 17:19:51.253 13428 13428 I net.osmand: RoutingHelper Recalculate route, because correlation  : 186070.33175635283
06-29 17:19:51.253 13428 13428 I net.osmand: RoutingHelper Recalculate route, because wrong movement direction: 186070.33
06-29 17:19:51.270 13428 13428 I net.osmand: RoutingHelper Recalculate route, because correlation  : 186070.33175635283
06-29 17:19:51.679 13428 13438 I zygote  : Background concurrent copying GC freed 541800(12MB) AllocSpace objects, 0(0B) LOS objects, 17% free, 27MB/33MB, paused 3.804ms total 573.759ms
06-29 17:19:51.742  1587  1674 D ConnectivityService: NetworkAgentInfo [MOBILE (LTE) - 100] EVENT_NETWORK_INFO_CHANGED, going from CONNECTED to SUSPENDED
06-29 17:19:51.772  1587  1723 I Telecom : : Adding new incoming call with phoneAccountHandle ComponentInfo{com.android.phone/com.android.services.telephony.TelephonyConnectionService}, [****], UserHandle{0}: TSI.aNIC@AZI
06-29 17:19:51.782  1587  1723 I Telecom : PhoneAccountRegistrar: SimCallManager queried, returning: null: TSI.aNIC@AZI
06-29 17:19:51.856  1587  1723 I Telecom : LogUtils: EventRecord added as Call: [TC@1, NEW, null, tel:****, A, childs(0), has_parent(false), [Capabilities:], [Properties:]]: TSI.aNIC@AZI
06-29 17:19:51.856  1587  1723 I Telecom : Event: RecordEntry TC@1: CREATED, null: TSI.aNIC@AZI
06-29 17:19:51.867  1587  1723 I Telecom : PhoneAccountRegistrar: SimCallManager queried, returning: null: TSI.aNIC@AZI
06-29 17:19:51.867  1587  1723 I Telecom : CreateConnectionProcessor: Trying attempt CallAttemptRecord(ComponentInfo{com.android.phone/com.android.services.telephony.TelephonyConnectionService}, [****], UserHandle{0},ComponentInfo{com.android.phone/com.android.services.telephony.TelephonyConnectionService}, [****], UserHandle{0}): TSI.aNIC@AZI
06-29 17:19:51.874  1587  1723 I Telecom : Event: RecordEntry TC@1: BIND_CS, ComponentInfo{com.android.phone/com.android.services.telephony.TelephonyConnectionService}: TSI.aNIC@AZI
06-29 17:19:51.879  1587  1587 I Telecom : TelecomSystem: CallerInfoAsyncQuery.startQuery number=[****] cookie=TSI.aNIC->CILH.sL->CILH.sL@AZI: TSI.aNIC->CILH.sL@AZI
06-29 17:19:51.947  1587  2823 D CountryDetector: The first listener is added
06-29 17:19:52.026  1587  1587 I Telecom : ServiceBinderConnection: Service bound ComponentInfo{com.android.phone/com.android.services.telephony.TelephonyConnectionService}: SBC.oSC@AZM
06-29 17:19:52.026  1587  1587 I Telecom : Event: RecordEntry TC@1: CS_BOUND, ComponentInfo{com.android.phone/com.android.services.telephony.TelephonyConnectionService}: SBC.oSC@AZM
06-29 17:19:52.028  1587  1587 I Telecom : Event: RecordEntry TC@1: START_CONNECTION, tel:****: SBC.oSC@AZM
06-29 17:19:52.043  1587  2422 I Telecom : PhoneAccountRegistrar: SimCallManager queried, returning: null: (...->CS.aCSA->H.CS.aCSA)->CSW.qRCS@E-E-AZM
06-29 17:19:52.045  1836  1836 I Telephony: TelephonyConnectionService: onCreateIncomingConnection, request: ConnectionRequest xxxxxxxx Bundle[mParcelledData.dataSize=472]: (SBC.oSC)->CS.crCo->H.CS.crCo->H.CS.crCo.pICR@E-AZM
06-29 17:19:52.090  1587  2422 I Telecom : Event: RecordEntry TC@1: CAPABILITY_CHANGE, Current: [[ sup_hld mut !v2a spd_aud]], Removed [[]], Added [[ sup_hld mut !v2a spd_aud]]: (...->CS.crCo->H.CS.crCo->H.CS.crCo.pICR)->CSW.hCCC@E-E-AZM
06-29 17:19:52.094  1587  2422 I Telecom : Event: RecordEntry TC@1: FILTERING_INITIATED, null: (...->CS.crCo->H.CS.crCo->H.CS.crCo.pICR)->CSW.hCCC@E-E-AZM
06-29 17:19:52.094  1587  2422 I Telecom : Event: RecordEntry TC@1: DIRECT_TO_VM_INITIATED, null: (...->CS.crCo->H.CS.crCo->H.CS.crCo.pICR)->CSW.hCCC@E-E-AZM
06-29 17:19:52.095  1587  2422 I Telecom : CallerInfoLookupHelper: There is a previously incomplete query for handle tel:****. Adding to listeners for this query.: (...->CS.crCo->H.CS.crCo->H.CS.crCo.pICR)->CSW.hCCC@E-E-AZM
06-29 17:19:52.096  1587  2422 I Telecom : Event: RecordEntry TC@1: SCREENING_SENT, null: (...->CS.crCo->H.CS.crCo->H.CS.crCo.pICR)->CSW.hCCC@E-E-AZM
06-29 17:19:52.097  1587  2422 I Telecom : CallScreeningServiceFilter: There are no call screening services installed on this device.: (...->CS.crCo->H.CS.crCo->H.CS.crCo.pICR)->CSW.hCCC@E-E-AZM
06-29 17:19:52.097  1587  2422 I Telecom : CallScreeningServiceFilter: Could not bind to call screening service: (...->CS.crCo->H.CS.crCo->H.CS.crCo.pICR)->CSW.hCCC@E-E-AZM
06-29 17:19:52.097  1587  2422 I Telecom : Event: RecordEntry TC@1: SCREENING_COMPLETED, [Allow, logged, notified]: (...->CS.crCo->H.CS.crCo->H.CS.crCo.pICR)->CSW.hCCC@E-E-AZM
06-29 17:19:52.104  1836  1836 I Telephony: TelephonyConnectionService: notifyCreateConnectionComplete TC@1_1: (...->CSW.hCCC)->CS.crCoC->H.CS.crCoC@E-E-E-AZM
06-29 17:19:52.100  1587 13622 I Telecom : Event: RecordEntry TC@1: BLOCK_CHECK_INITIATED, null: (...->CS.crCo->H.CS.crCo->H.CS.crCo.pICR)->CSW.hCCC->ABCF.dIB@E-E-AZM
06-29 17:19:52.141  1587  1587 I Telecom : CallerInfoLookupHelper: CI query for handle tel:**** has completed; notifying all listeners.: TSI.aNIC->CILH.sL->CILH.oQC@AZI
06-29 17:19:52.141  1587  1587 I Telecom : Call: CallerInfo received for tel:****: com.android.internal.telephony.CallerInfo@f9e6a9e { name null, phoneNumber non-null }: TSI.aNIC->CILH.sL->CILH.oQC@AZI
06-29 17:19:52.141  1587  1587 I Telecom : Event: RecordEntry TC@1: DIRECT_TO_VM_FINISHED, [Allow, logged, notified]: TSI.aNIC->CILH.sL->CILH.oQC@AZI
06-29 17:19:52.142  1587  1587 I Telecom : CallerInfoLookupHelper: There is no photo for this contact, skipping photo query: TSI.aNIC->CILH.sL->CILH.oQC@AZI
06-29 17:19:52.161 13428 13428 I net.osmand: RoutingHelper Recalculate route, because correlation  : 186070.33175635283
06-29 17:19:52.269  1587  1587 I Telecom : Event: RecordEntry TC@1: BLOCK_CHECK_FINISHED, [Allow, logged, notified]: (...->CS.crCo->H.CS.crCo->H.CS.crCo.pICR)->CSW.hCCC->ABCF.oPE@E-E-AZM
06-29 17:19:52.270  1587  1587 I Telecom : Event: RecordEntry TC@1: FILTERING_COMPLETED, [Allow, logged, notified]: (...->CS.crCo->H.CS.crCo->H.CS.crCo.pICR)->CSW.hCCC->ABCF.oPE->ICF.oCFC@E-E-AZM
06-29 17:19:52.271  1587  1587 I Telecom : CallsManager: setCallState NEW -> RINGING, call: [TC@1, NEW, com.android.phone/com.android.services.telephony.TelephonyConnectionService, tel:****, A, childs(0), has_parent(false), [Capabilities: CAPABILITY_SUPPORT_HOLD CAPABILITY_MUTE CAPABILITY_CANNOT_DOWNGRADE_VIDEO_TO_AUDIO CAPABILITY_SPEED_UP_MT_AUDIO], [Properties:]]: (...->CS.crCo->H.CS.crCo->H.CS.crCo.pICR)->CSW.hCCC->ABCF.oPE->ICF.oCFC@E-E-AZM
06-29 17:19:52.272 13428 13428 I net.osmand: RoutingHelper Recalculate route, because correlation  : 186070.33175635283
06-29 17:19:52.272 13428 13428 I net.osmand: RoutingHelper Recalculate route, because wrong movement direction: 186070.33
06-29 17:19:52.274  1587  1587 I Telecom : Event: RecordEntry TC@1: SET_RINGING, successful incoming call: (...->CS.crCo->H.CS.crCo->H.CS.crCo.pICR)->CSW.hCCC->ABCF.oPE->ICF.oCFC@E-E-AZM
06-29 17:19:52.286  1587  1587 I Telecom : IncomingCallNotifier: updateIncomingCall: foundIncomingcall = null: (...->CS.crCo->H.CS.crCo->H.CS.crCo.pICR)->CSW.hCCC->ABCF.oPE->ICF.oCFC@E-E-AZM
06-29 17:19:52.287  1587  1587 I Telecom : TelecomWakeLock: Acquiring WakeLock with id: 26: (...->CS.crCo->H.CS.crCo->H.CS.crCo.pICR)->CSW.hCCC->ABCF.oPE->ICF.oCFC@E-E-AZM
06-29 17:19:52.287  1587  1587 I Telecom : InCallWakeLockController: Acquiring full wake lock: (...->CS.crCo->H.CS.crCo->H.CS.crCo.pICR)->CSW.hCCC->ABCF.oPE->ICF.oCFC@E-E-AZM
06-29 17:19:52.403  1587  1611 W BroadcastQueue: Permission Denial: receiving Intent { act=android.intent.action.PHONE_STATE flg=0x1000010 (has extras) } to ProcessRecord{729ea80 4428:com.mapfactor.navigator:Notifications/u0a88} (pid=4428, uid=10088) requires android.permission.READ_PRIVILEGED_PHONE_STATE due to sender android (uid 1000)
06-29 17:19:52.405  1587  1587 I Telecom : PhoneStateBroadcaster: Broadcasted state change: 1: (...->CS.crCo->H.CS.crCo->H.CS.crCo.pICR)->CSW.hCCC->ABCF.oPE->ICF.oCFC@E-E-AZM
06-29 17:19:52.406  1587  1587 I Telecom : InCallController: onCallAdded: [TC@1, RINGING, com.android.phone/com.android.services.telephony.TelephonyConnectionService, tel:****, A, childs(0), has_parent(false), [Capabilities: CAPABILITY_SUPPORT_HOLD CAPABILITY_MUTE CAPABILITY_CANNOT_DOWNGRADE_VIDEO_TO_AUDIO CAPABILITY_SPEED_UP_MT_AUDIO], [Properties:]]; not bound or connected.: (...->CS.crCo->H.CS.crCo->H.CS.crCo.pICR)->CSW.hCCC->ABCF.oPE->ICF.oCFC@E-E-AZM
06-29 17:19:52.406  1587  1587 I Telecom : InCallController: defaultDialer: null: (...->CS.crCo->H.CS.crCo->H.CS.crCo.pICR)->CSW.hCCC->ABCF.oPE->ICF.oCFC@E-E-AZM
06-29 17:19:52.406  1587  1587 I Telecom : InCallController: defaultDialer: null: (...->CS.crCo->H.CS.crCo->H.CS.crCo.pICR)->CSW.hCCC->ABCF.oPE->ICF.oCFC@E-E-AZM
06-29 17:19:52.411  1587  1611 W BroadcastQueue: Permission Denial: receiving Intent { act=android.intent.action.PHONE_STATE flg=0x1000010 (has extras) } to ProcessRecord{14300ec 1698:com.android.systemui/u0a29} (pid=1698, uid=10029) requires android.permission.READ_PHONE_STATE due to sender android (uid 1000)
06-29 17:19:52.473  1587  1587 I Telecom : CarSwappingInCallServiceConnection: carmodechange: false => false: (...->CS.crCo->H.CS.crCo->H.CS.crCo.pICR)->CSW.hCCC->ABCF.oPE->ICF.oCFC@E-E-AZM
06-29 17:19:52.478  1587  1587 I Telecom : EmergencyCallHelper: ShouldGrantTemporaryLocationPermission, not emergency: (...->CS.crCo->H.CS.crCo->H.CS.crCo.pICR)->CSW.hCCC->ABCF.oPE->ICF.oCFC@E-E-AZM
06-29 17:19:52.478  1587  1587 I Telecom : EmergencyInCallServiceConnection: Attempting to bind to InCall [ComponentInfo{com.google.android.dialer/com.android.incallui.InCallServiceImpl} supportsExternal? true supportsSelfMg?false], with Intent { act=android.telecom.InCallService cmp=com.google.android.dialer/com.android.incallui.InCallServiceImpl }: (...->CS.crCo->H.CS.crCo->H.CS.crCo.pICR)->CSW.hCCC->ABCF.oPE->ICF.oCFC@E-E-AZM
06-29 17:19:52.496  1587 13846 W ContextImpl: Failed to ensure /data/user_de/0/com.android.phone/shared_prefs: mkdir failed: EACCES (Permission denied)
06-29 17:19:52.509  1587  1587 I ActivityManager: Start proc 13849:com.google.android.dialer/u0a20 for service com.google.android.dialer/com.android.incallui.InCallServiceImpl
06-29 17:19:52.513  1587  1894 I Telecom : CallAudioRouteStateMachine: Message received: UPDATE_SYSTEM_AUDIO_ROUTE=1201, arg1=0: (...->CS.crCo->H.CS.crCo->H.CS.crCo.pICR)->CSW.hCCC->ABCF.oPE->ICF.oCFC->CARSM.pM_UPDATE_SYSTEM_AUDIO_ROUTE@E-E-AZM
06-29 17:19:52.523 13849 13849 W zygote  : Unexpected CPU variant for X86 using defaults: x86
06-29 17:19:52.525  1587  1895 I Telecom : CallAudioModeStateMachine: Message received: NEW_RINGING_CALL.: (...->CS.crCo->H.CS.crCo->H.CS.crCo.pICR)->CSW.hCCC->ABCF.oPE->ICF.oCFC->CAMSM.pM_2002@E-E-AZM
06-29 17:19:52.525  1587  1895 I Telecom : CallAudioModeStateMachine: Audio focus entering RINGING state: (...->CS.crCo->H.CS.crCo->H.CS.crCo.pICR)->CSW.hCCC->ABCF.oPE->ICF.oCFC->CAMSM.pM_2002@E-E-AZM
06-29 17:19:52.526  1587  1894 I Telecom : CallAudioRouteStateMachine: setSystemAudioState: changing from [AudioState isMuted: false, route: EARPIECE, supportedRouteMask: EARPIECE, SPEAKER] to [AudioState isMuted: false, route: EARPIECE, supportedRouteMask: EARPIECE, SPEAKER]: (...->CS.crCo->H.CS.crCo->H.CS.crCo.pICR)->CSW.hCCC->ABCF.oPE->ICF.oCFC->CARSM.pM_UPDATE_SYSTEM_AUDIO_ROUTE@E-E-AZM
06-29 17:19:52.529  1587  1587 D MediaSessionService: Global priority session is updated, active=true
06-29 17:19:52.531  1587  1587 D GpsNetInitiatedHandler: onCallStateChanged(): state is 1
06-29 17:19:52.544  1587 13855 I AudioTrack: AUDIO_OUTPUT_FLAG_FAST successful; frameCount 1440 -> 1440
06-29 17:19:52.544  1587 13855 D AudioTrack: Client defaulted notificationFrames to 720 for frameCount 1440
06-29 17:19:52.583  1587  1895 I ActivityManager: Start proc 13861:android.process.media/u0a9 for content provider com.android.providers.media/.MediaProvider
06-29 17:19:52.593 13861 13861 W zygote  : Unexpected CPU variant for X86 using defaults: x86
06-29 17:19:52.620 13849 13849 W System  : ClassLoader referenced unknown path: /system/framework/com.google.android.dialer.support.jar
06-29 17:19:52.650 13849 13849 I zygote  : The ClassLoaderContext is a special shared library.
06-29 17:19:52.684 13428 13428 I net.osmand: RoutingHelper Recalculate route, because correlation  : 186070.33175635283
06-29 17:19:52.684 13428 13428 I net.osmand: RoutingHelper Recalculate route, because wrong movement direction: 186070.33
06-29 17:19:52.735 13861 13861 I zygote  : The ClassLoaderContext is a special shared library.
06-29 17:19:52.820 13861 13861 I zygote  : The ClassLoaderContext is a special shared library.
06-29 17:19:52.921 13428 13428 I net.osmand: RoutingHelper Recalculate route, because correlation  : 186070.33175635283
06-29 17:19:53.038 13849 13849 I Dialer  : GoogleDialerApplication.onCreate - enter
06-29 17:19:53.065 13849 13849 I Dialer  : DialerExecutors.newThread - creating low priority thread
06-29 17:19:53.065 13849 13849 I Dialer  : CallLogFramework.registerContentObservers - enter
06-29 17:19:53.083 13849 13849 I Dialer  : CallLogFramework.registerContentObservers - new call log not enabled
06-29 17:19:53.167 13849 13849 I Dialer  : NonUiTaskBuilder.newThread - creating serial thread
06-29 17:19:53.170 13849 13849 I Dialer  : DialerExecutors.newThread - creating low priority thread
06-29 17:19:53.170 13849 13849 I Dialer  : ShortcutsJobScheduler.scheduleAllJobs - enter
06-29 17:19:53.185 13849 13849 I Dialer  : ShortcutsJobScheduler.scheduleAllJobs - enabling shortcuts
06-29 17:19:53.185 13849 13849 I Dialer  : PeriodicJobService.schedulePeriodicJob - enter
06-29 17:19:53.187 13849 13849 I Dialer  : PeriodicJobService.schedulePeriodicJob - job already scheduled.
06-29 17:19:53.192 13849 13849 I Dialer  : GoogleDialerPrimes - Initializing
06-29 17:19:53.197 13849 13849 I Dialer  : GoogleDialerPrimes - Primes Metrics Monitoring started
06-29 17:19:53.198 13849 13849 I Dialer  : GoogleDialerApplication.onCreate - register new client
06-29 17:19:53.284  1587  1895 W Binder  : Outgoing transactions from this process must be FLAG_ONEWAY
06-29 17:19:53.284  1587  1895 W Binder  : java.lang.Throwable
06-29 17:19:53.284  1587  1895 W Binder  : 	at android.os.BinderProxy.transact(Binder.java:752)
06-29 17:19:53.284  1587  1895 W Binder  : 	at android.content.ContentProviderProxy.openTypedAssetFile(ContentProviderNative.java:696)
06-29 17:19:53.284  1587  1895 W Binder  : 	at android.content.ContentResolver.openTypedAssetFileDescriptor(ContentResolver.java:1410)
06-29 17:19:53.284  1587  1895 W Binder  : 	at android.content.ContentResolver.openAssetFileDescriptor(ContentResolver.java:1247)
06-29 17:19:53.284  1587  1895 W Binder  : 	at android.content.ContentResolver.openAssetFileDescriptor(ContentResolver.java:1170)
06-29 17:19:53.284  1587  1895 W Binder  : 	at android.media.MediaPlayer.attemptDataSource(MediaPlayer.java:1103)
06-29 17:19:53.284  1587  1895 W Binder  : 	at android.media.MediaPlayer.setDataSource(MediaPlayer.java:1075)
06-29 17:19:53.284  1587  1895 W Binder  : 	at android.media.MediaPlayer.setDataSource(MediaPlayer.java:1003)
06-29 17:19:53.284  1587  1895 W Binder  : 	at android.media.Ringtone.setUri(Ringtone.java:297)
06-29 17:19:53.284  1587  1895 W Binder  : 	at android.media.RingtoneManager.getRingtone(RingtoneManager.java:740)
06-29 17:19:53.284  1587  1895 W Binder  : 	at android.media.RingtoneManager.getRingtone(RingtoneManager.java:719)
06-29 17:19:53.284  1587  1895 W Binder  : 	at com.android.server.telecom.RingtoneFactory.getRingtone(RingtoneFactory.java:81)
06-29 17:19:53.284  1587  1895 W Binder  : 	at com.android.server.telecom.Ringer.startRinging(Ringer.java:124)
06-29 17:19:53.284  1587  1895 W Binder  : 	at com.android.server.telecom.CallAudioManager.startRinging(CallAudioManager.java:430)
06-29 17:19:53.284  1587  1895 W Binder  : 	at com.android.server.telecom.CallAudioModeStateMachine$RingingFocusState.enter(CallAudioModeStateMachine.java:208)
06-29 17:19:53.284  1587  1895 W Binder  : 	at com.android.internal.util.StateMachine$SmHandler.invokeEnterMethods(StateMachine.java:1037)
06-29 17:19:53.284  1587  1895 W Binder  : 	at com.android.internal.util.StateMachine$SmHandler.performTransitions(StateMachine.java:879)
06-29 17:19:53.284  1587  1895 W Binder  : 	at com.android.internal.util.StateMachine$SmHandler.handleMessage(StateMachine.java:819)
06-29 17:19:53.284  1587  1895 W Binder  : 	at android.os.Handler.dispatchMessage(Handler.java:106)
06-29 17:19:53.284  1587  1895 W Binder  : 	at android.os.Looper.loop(Looper.java:164)
06-29 17:19:53.284  1587  1895 W Binder  : 	at android.os.HandlerThread.run(HandlerThread.java:65)
06-29 17:19:53.324 13849 13849 I Dialer  : GoogleDialerApplication.onCreate - registered new client
06-29 17:19:53.337 13428 13428 I net.osmand: RoutingHelper Recalculate route, because correlation  : 186070.33175635283
06-29 17:19:53.364  1480  1582 D NuPlayerDriver: NuPlayerDriver(0xacf14070) created, clientPid(1587)
06-29 17:19:53.368 13849 13849 I Dialer  : AudioModeProvider.getApproximatedAudioRoute - Routing to earpiece
06-29 17:19:53.388 13428 13428 I net.osmand: RoutingHelper Recalculate route, because correlation  : 186070.33175635283
06-29 17:19:53.389 13428 13428 I net.osmand: RoutingHelper Recalculate route, because wrong movement direction: 186070.33
06-29 17:19:53.408 13849 13849 I Dialer  : ProximitySensor.updateProximitySensorMode - screenOnImmediately: false, dialPadVisible: false, offHook: false, horizontal: false, uiShowing: false, audioRoute: EARPIECE
06-29 17:19:53.408 13849 13849 I Dialer  : ProximitySensor.turnOffProximitySensor - wake lock already released
06-29 17:19:53.433  1480 13898 D GenericSource: FileSource remote
06-29 17:19:53.452 13849 13849 I Dialer  : EnrichedCallModule.isEnabledFromBuildType - true
06-29 17:19:53.459 13849 13849 I Dialer  : EnrichedCallModule.provideEnrichedCallManager - returning impl
06-29 17:19:53.473  1480 13897 D NuPlayerDriver: notifyListener_l(0xacf14070), (1, 0, 0, -1), loop setting(0, 0)
06-29 17:19:53.476 13849 13849 I Dialer  : EnrichedCallManagerImpl.registerStateChangedListener - listener: bmz@a914e0
06-29 17:19:53.476 13849 13849 I Dialer  : InCallPresenter.onCallListChange - Phone switching state: NO_CALLS -> NO_CALLS
06-29 17:19:53.477 13849 13849 I Dialer  : VideoPauseController.setUp - enter
06-29 17:19:53.488  1587  1587 I Telecom : InCallController: onConnected to ComponentInfo{com.google.android.dialer/com.android.incallui.InCallServiceImpl}: ICSBC.oSC@AZU
06-29 17:19:53.490  1587  1587 I Telecom : InCallController: Adding 1 calls to InCallService after onConnected: ComponentInfo{com.google.android.dialer/com.android.incallui.InCallServiceImpl}, including external calls: ICSBC.oSC@AZU
06-29 17:19:53.505  1587  1895 D Ringtone: Successfully created local player
06-29 17:19:53.505  1587  1895 W Ringtone: Use of stream types is deprecated for operations other than volume control
06-29 17:19:53.505  1587  1895 W Ringtone: See the documentation of setStreamType() for what to use instead with android.media.AudioAttributes to qualify your playback use case
06-29 17:19:53.506  1480  1582 D NuPlayerDriver: reset(0xacf14070) at state 4
06-29 17:19:53.506  1480  1582 D NuPlayerDriver: notifyListener_l(0xacf14070), (8, 0, 0, -1), loop setting(1, 0)
06-29 17:19:53.508  1480 13897 D NuPlayerDriver: notifyResetComplete(0xacf14070)
06-29 17:19:53.510  1480  1582 D NuPlayerDriver: reset(0xacf14070) at state 0
06-29 17:19:53.512  1587  1895 V MediaPlayer: resetDrmState:  mDrmInfo=null mDrmProvisioningThread=null mPrepareDrmInProgress=false mActiveDrmScheme=false
06-29 17:19:53.512  1587  1895 V MediaPlayer: cleanDrmObj: mDrmObj=null mDrmSessionId=null
06-29 17:19:53.512  1587  1895 V MediaPlayer: resetDrmState:  mDrmInfo=null mDrmProvisioningThread=null mPrepareDrmInProgress=false mActiveDrmScheme=false
06-29 17:19:53.512  1587  1895 V MediaPlayer: cleanDrmObj: mDrmObj=null mDrmSessionId=null
06-29 17:19:53.523  1587  1587 I Telecom : InCallController: 1 calls sent to InCallService.: ICSBC.oSC@AZU
06-29 17:19:53.538  1480  1582 D NuPlayerDriver: NuPlayerDriver(0xacf140e0) created, clientPid(1587)
06-29 17:19:53.566 13849 13849 W Dialer  : CountryDetector.registerForLocationUpdates - no location permissions, not registering for location updates
06-29 17:19:53.610  1480 13903 D GenericSource: FileSource remote
06-29 17:19:53.623  1480 13902 D NuPlayerDriver: notifyListener_l(0xacf140e0), (1, 0, 0, -1), loop setting(0, 0)
06-29 17:19:53.657  1587  1895 D Ringtone: Successfully created local player
06-29 17:19:53.663  1587  1895 I Telecom : Event: RecordEntry TC@1: START_RINGER, null: (...->CS.crCo->H.CS.crCo->H.CS.crCo.pICR)->CSW.hCCC->ABCF.oPE->ICF.oCFC->CAMSM.pM_2002@E-E-AZM
06-29 17:19:53.682  1587  1895 I Telecom : Event: RecordEntry TC@1: SKIP_VIBRATION, hasVibrator=false, userRequestsVibrate=false, ringerMode=2, isVibrating=false: (...->CS.crCo->H.CS.crCo->H.CS.crCo.pICR)->CSW.hCCC->ABCF.oPE->ICF.oCFC->CAMSM.pM_2002@E-E-AZM
06-29 17:19:53.682  1587  1895 I MediaFocusControl: requestAudioFocus() from uid/pid 1000/1587 clientId=AudioFocus_For_Phone_Ring_And_Calls callingPack=com.android.server.telecom req=2 flags=0x4 sdk=0
06-29 17:19:53.703  1587 13906 I Telecom : AsyncRingtonePlayer: Play ringtone.
06-29 17:19:53.785  1587  1894 I Telecom : CallAudioRouteStateMachine: Message received: SWITCH_FOCUS=4001, arg1=3: (...->CS.crCo->H.CS.crCo->H.CS.crCo.pICR)->CSW.hCCC->ABCF.oPE->ICF.oCFC->CAMSM.pM_2002->CARSM.pM_SWITCH_FOCUS@E-E-AZM
