06-29 12:02:40.379  3472  3495 I net.osmand:native: Ocean: no completed & incompleted coastlines 0
06-29 12:02:40.379  3472  3495 I net.osmand:native: Detailed coastlines = 0, basemap coastlines 0, ocean tile 0.000000. Detailed added 0, basemap processed 1, basemap added 0.
06-29 12:02:40.380  3472  3495 I net.osmand:native: Search : tree - read( 349), accept( 47), objs - visit( 4334), accept(75), in result(36) 
06-29 12:02:40.380  3472  3495 I net.osmand: MapRenderRepositories RENDER MAP: new request RotatedTileBox [lat=4.614243159498015E-4, lon=-51.06061717924888, rotate=0.0, density=2.625, zoom=17, mapDensity=3.9375, zoomAnimation=0.0, zoomFloatPart=0.0, cx=900, cy=1297, pixWidth=1800, pixHeight=2595]
06-29 12:02:40.523  1964 18687 I PlaceInferenceEngine: No beacon scan available - ignoring candidates.
06-29 12:02:40.575 18661 18661 I Pushwoosh: Log level: DEBUG
06-29 12:02:40.586 18661 18661 I Pushwoosh: [NotificationManager] Sender ID: 933744938687
06-29 12:02:40.586 18661 18661 I Pushwoosh: [NotificationManager] App ID: 84E00-0F767
06-29 12:02:40.600  3472  3496 I net.osmand: MapRenderRepositories RENDER MAP: update due to tile box
06-29 12:02:40.600  3472  3496 I net.osmand: MapRenderRepositories RENDER MAP: Interrupt rendering map
06-29 12:02:40.630  3472  3496 I net.osmand: MapRenderRepositories RENDER MAP: update due to tile box
06-29 12:02:40.630  3472  3496 I net.osmand: MapRenderRepositories RENDER MAP: Interrupt rendering map
06-29 12:02:40.684  3472  3496 I net.osmand: MapRenderRepositories RENDER MAP: update due to tile box
06-29 12:02:40.684  3472  3496 I net.osmand: MapRenderRepositories RENDER MAP: Interrupt rendering map
06-29 12:02:40.835 18661 18703 D NetworkSecurityConfig: Using Network Security Config from resource network_security_config debugBuild: false
06-29 12:02:40.881  3472  3495 I net.osmand:native: Route objects 27
06-29 12:02:40.882  3472  3495 I net.osmand:native: Ocean: no completed & incompleted coastlines 0
06-29 12:02:40.882  3472  3495 I net.osmand:native: Detailed coastlines = 0, basemap coastlines 0, ocean tile 0.000000. Detailed added 0, basemap processed 1, basemap added 0.
06-29 12:02:40.882  3472  3495 I net.osmand:native: Search : tree - read( 349), accept( 47), objs - visit( 4334), accept(66), in result(27) 
06-29 12:02:40.883  3472  3495 I net.osmand: MapRenderRepositories RENDER MAP: new request RotatedTileBox [lat=4.6520949688037355E-4, lon=-51.06084050492379, rotate=0.0, density=2.625, zoom=17, mapDensity=3.9375, zoomAnimation=0.0, zoomFloatPart=0.0, cx=900, cy=1972, pixWidth=1800, pixHeight=2690]
06-29 12:02:41.008  1600  1621 I zygote  : Waiting for a blocking GC Explicit
06-29 12:02:41.015 18661 18661 D MoPub   : Initializing MoPub
06-29 12:02:41.033 18452 18462 W zygote  : Suspending all threads took: 31.126ms
06-29 12:02:41.142 18661 18661 I MoPub   : ManifestUtils running without interstitial module
06-29 12:02:41.160  3472  3482 I zygote  : NativeAlloc concurrent copying GC freed 41197(1874KB) AllocSpace objects, 11(476KB) LOS objects, 26% free, 16MB/22MB, paused 30.785ms total 3.209s
06-29 12:02:41.182 18661 18661 D MoPub   : Changing consent status from POTENTIAL_WHITELISTto POTENTIAL_WHITELIST because Consent was explicitly granted by a publisher who is not whitelisted
06-29 12:02:41.282  3472  3495 I net.osmand:native: Route objects 36
06-29 12:02:41.287  3472  3495 I net.osmand:native: Ocean: no completed & incompleted coastlines 0
06-29 12:02:41.287  3472  3495 I net.osmand:native: Detailed coastlines = 0, basemap coastlines 0, ocean tile 0.000000. Detailed added 0, basemap processed 1, basemap added 0.
06-29 12:02:41.287  3472  3495 I net.osmand:native: Search : tree - read( 349), accept( 47), objs - visit( 4334), accept(75), in result(36) 
06-29 12:02:41.288  3472  3495 I net.osmand: MapRenderRepositories BLat=-0.0018464326858520508, TLat=0.006202340126037598, LLong=-51.06329345703125, RLong=-51.05839157104492, zoom=17
06-29 12:02:41.288  3472  3495 I net.osmand: MapRenderRepositories Native search: 405 ms 
06-29 12:02:41.297  3472  3495 I net.osmand:native: Creating SkBitmap in native w:1800 h:2690 s:7200 f:1!
06-29 12:02:41.297  3472  3495 I net.osmand:native: Row bytes for RGBA_8888 is 7200
06-29 12:02:41.297  3472  3495 I net.osmand:native: Locked 19368000 bytes at 0x78300000
06-29 12:02:41.297  3472  3495 I net.osmand:native: Initializing rendering
06-29 12:02:41.298  3472  3495 I net.osmand:native: Rendering image
06-29 12:02:41.353  1600  1609 I zygote  : Background concurrent copying GC freed 50033(2MB) AllocSpace objects, 29(1476KB) LOS objects, 22% free, 20MB/26MB, paused 8.015ms total 2.840s
06-29 12:02:41.353  1600  1621 I zygote  : WaitForGcToComplete blocked Explicit on HeapTrim for 345.060ms
06-29 12:02:41.676 18661 18661 D libcrashlytics: Initializing libcrashlytics version 2.0.4
06-29 12:02:41.683 18661 18661 D libcrashlytics: Initializing native crash handling successful.
06-29 12:02:42.021  3472  3495 I net.osmand:native: Native ok (rendering 0, text 400 ms) 
06-29 12:02:42.021  3472  3495 I net.osmand:native:  (27540 points, 164 points inside, 62 of 67 objects visible)
06-29 12:02:42.021  3472  3495 I net.osmand:native: End Rendering image
06-29 12:02:42.022  3472  3495 I net.osmand:native: Native ok (init 1, rendering 0) 
06-29 12:02:42.074  3472  3495 I net.osmand: MapRenderRepositories true
06-29 12:02:42.094 18661 18661 I CrashlyticsCore: Initializing Crashlytics 2.6.3.25
06-29 12:02:42.314  1600  1621 I zygote  : Explicit concurrent copying GC freed 22062(1233KB) AllocSpace objects, 12(520KB) LOS objects, 24% free, 18MB/24MB, paused 1.490ms total 957.455ms
06-29 12:02:42.314  1600  1609 I zygote  : WaitForGcToComplete blocked HeapTrim on HeapTrim for 693.615ms
06-29 12:02:42.481 18661 18676 I zygote  : Waiting for a blocking GC ProfileSaver
06-29 12:02:42.581  3472  3482 I zygote  : NativeAlloc concurrent copying GC freed 23188(1008KB) AllocSpace objects, 5(164KB) LOS objects, 25% free, 17MB/23MB, paused 1.449ms total 1.125s
06-29 12:02:42.581 18661 18661 D AppsFlyer_4.9.0: Initializing AppsFlyer SDK: (v4.9.0.184)
06-29 12:02:42.630 18661 18676 I zygote  : WaitForGcToComplete blocked ProfileSaver on HeapTrim for 150.411ms
06-29 12:02:42.804  1600  1613 E memtrack: Couldn't load memtrack module
06-29 12:02:42.804  1600  1613 W android.os.Debug: failed to get memory consumption info: -1
06-29 12:02:43.028  1600  1613 E memtrack: Couldn't load memtrack module
06-29 12:02:43.036  1600  1613 W android.os.Debug: failed to get memory consumption info: -1
06-29 12:02:43.045 18661 18661 D Pushwoosh: [CrashAnalytics] Current handler class = com.crashlytics.android.core.CrashlyticsUncaughtExceptionHandler
06-29 12:02:43.163 18661 18703 D MoPub   : MoPubIdentifier initialized.
06-29 12:02:43.186  3472  3472 D net.osmand: RoutingHelper Processed point bearing deltas : 127.6334228515625 88.10362243652344
06-29 12:02:43.554 18661 18703 I WebViewFactory: Loading com.android.chrome version 74.0.3729.157 (code 372915712)
06-29 12:02:43.767 18661 18730 W CrashlyticsCore: No minidump data found in directory /data/user/0/com.mapswithme.maps.pro/files/.Fabric/com.crashlytics.sdk.android.crashlytics-ndk/native/1561821472239
06-29 12:02:43.875 18661 18689 D Pushwoosh: initHwid
06-29 12:02:43.900 18661 18689 I Pushwoosh: HWID: c508be07-582e-4b92-8968-379ca65e32f4
06-29 12:02:43.900 18661 18689 D Pushwoosh: [PushwooshModule] onApplicationCreated
06-29 12:02:43.900 18661 18689 I Pushwoosh: [s] This is Android GCM device
06-29 12:02:43.900 18661 18689 D Pushwoosh: appOpen:false onAppReady:true
06-29 12:02:43.997 18661 18689 D Pushwoosh: [RequestManager] Try To send: getInApps; baseUrl: https://84E00-0F767.api.pushwoosh.com/json/1.3/
06-29 12:02:44.281  3472  3472 D net.osmand: RoutingHelper Processed point bearing deltas : 111.43140411376953 89.23096466064453
06-29 12:02:44.322 18661 18703 I cr_LibraryLoader: Time to load native libraries: 15 ms (timestamps 7334-7349)
06-29 12:02:44.863 18661 18661 I chromium: [INFO:library_loader_hooks.cc(50)] Chromium logging enabled: level = 0, default verbosity = 0
06-29 12:02:44.863 18661 18661 I cr_LibraryLoader: Expected native library version number "74.0.3729.157", actual native library version number "74.0.3729.157"
06-29 12:02:44.982  1600  2105 I WifiService: getConnectionInfo uid=10014
06-29 12:02:44.989  1964 18371 E WakeLock: GCM_HB_ALARM release without a matched acquire!
06-29 12:02:45.014 18661 18661 I cr_BrowserStartup: Initializing chromium process, singleProcess=false
06-29 12:02:45.024 18661 18749 W cr_ChildProcLH: Create a new ChildConnectionAllocator with package name = com.android.chrome, sandboxed = true
06-29 12:02:45.049 18661 18661 W ResourceType: For resource 0x7f130526, entry index(1318) is beyond type entryCount(4)
06-29 12:02:45.049 18661 18661 W ResourceType: Failure getting entry for 0x7f130526 (t=18 e=1318) (error -75)
06-29 12:02:45.051  1600  2660 I ActivityManager: Start proc 18751:com.android.chrome:sandboxed_process0/u0i21 for webview_service com.mapswithme.maps.pro/org.chromium.content.app.SandboxedProcessService0
06-29 12:02:45.067 18751 18751 E /system/bin/webview_zygote32: Failed to make and chown /acct/uid_99021: Permission denied
06-29 12:02:45.067 18751 18751 E Zygote  : createProcessGroup(99021, 0) failed: Permission denied
06-29 12:02:45.078 18751 18751 W /system/bin/webview_zygote32: Unexpected CPU variant for X86 using defaults: x86
06-29 12:02:45.113  1964 18375 V NativeCrypto: Read error: ssl=0xa622ea28: I/O error during system call, Connection reset by peer
06-29 12:02:45.116  1964 18375 V NativeCrypto: SSL shutdown failed: ssl=0xa622ea28: I/O error during system call, Broken pipe
06-29 12:02:45.132  1964 18375 E WakeLock: GCM_HB_ALARM release without a matched acquire!
06-29 12:02:45.132  1964 18375 W WakeLock: GCM_HB_ALARM counter does not exist
06-29 12:02:45.142  1600  1678 D ConnectivityService: reportNetworkConnectivity(101, false) by 10014
06-29 12:02:45.142  1600  3204 D NetworkMonitor/NetworkAgentInfo [WIFI () - 101]: Forcing reevaluation for UID 10014
06-29 12:02:45.208  1600 18764 D NetworkMonitor/NetworkAgentInfo [WIFI () - 101]: PROBE_DNS connectivitycheck.gstatic.com 39ms OK 172.217.172.131,2800:3f0:4001:81a::2003
06-29 12:02:45.216  1600 18763 D NetworkMonitor/NetworkAgentInfo [WIFI () - 101]: PROBE_DNS www.google.com 42ms OK 172.217.28.228,2800:3f0:4001:801::2004
06-29 12:02:45.297  1600 18763 D NetworkMonitor/NetworkAgentInfo [WIFI () - 101]: PROBE_HTTPS https://www.google.com/generate_204 time=77ms ret=204 request={User-Agent=[Mozilla/5.0 (X11; Linux x86_64) AppleWebKit/537.36 (KHTML, like Gecko) Chrome/60.0.3112.32 Safari/537.36]} headers={null=[HTTP/1.1 204 No Content], Alt-Svc=[quic=":443"; ma=2592000; v="46,44,43,39"], Content-Length=[0], Date=[Sat, 29 Jun 2019 16:02:45 GMT], X-Android-Received-Millis=[1561824165296], X-Android-Response-Source=[NETWORK 204], X-Android-Selected-Protocol=[http/1.1], X-Android-Sent-Millis=[1561824165219]}
06-29 12:02:45.299  1600 18764 D NetworkMonitor/NetworkAgentInfo [WIFI () - 101]: PROBE_HTTP http://connectivitycheck.gstatic.com/generate_204 time=77ms ret=204 request={User-Agent=[Mozilla/5.0 (X11; Linux x86_64) AppleWebKit/537.36 (KHTML, like Gecko) Chrome/60.0.3112.32 Safari/537.36]} headers={null=[HTTP/1.1 204 No Content], Content-Length=[0], Date=[Sat, 29 Jun 2019 16:02:45 GMT], X-Android-Received-Millis=[1561824165298], X-Android-Response-Source=[NETWORK 204], X-Android-Selected-Protocol=[http/1.1], X-Android-Sent-Millis=[1561824165224]}
06-29 12:02:45.301  1600  1678 D ConnectivityService: NetworkAgentInfo [WIFI () - 101] validation passed
06-29 12:02:45.323 18771 18771 E asset   : setgid: Operation not permitted
06-29 12:02:45.568  1600  1611 I WifiService: getConnectionInfo uid=10014
06-29 12:02:45.591 18751 18751 I cr_ChildProcessService: Creating new ChildProcessService pid=18751
06-29 12:02:46.112  1600  1792 I WifiService: getConnectionInfo uid=10014
06-29 12:02:46.201  1964 18414 I Places  : ?: PlacesBleScanner stop()
06-29 12:02:46.202  1964  1964 I BeaconBle: Scan : No clients left, canceling alarm.
06-29 12:02:46.207  1964  1964 I BeaconBle: Scan canceled successfully.
06-29 12:02:46.239  1964 18414 I PlaceInferenceEngine: [anon] Changed inference mode: 0
06-29 12:02:46.239  1964 18414 I PlaceInferenceEngine: [account#1066226748] Changed inference mode: 0
06-29 12:02:46.268  1600  1863 I WifiService: getConnectionInfo uid=10014
06-29 12:02:46.374 18661 18689 I Pushwoosh: [RequestManager] 
06-29 12:02:46.374 18661 18689 I Pushwoosh: x
06-29 12:02:46.374 18661 18689 I Pushwoosh: |     Pushwoosh request:
06-29 12:02:46.374 18661 18689 I Pushwoosh: | Url: https://84E00-0F767.api.pushwoosh.com/json/1.3/getInApps
06-29 12:02:46.374 18661 18689 I Pushwoosh: | Payload: {"request":{"application":"84E00-0F767","hwid":"c508be07-582e-4b92-8968-379ca65e32f4","v":"5.9.0","device_type":3,"userId":"c508be07-582e-4b92-8968-379ca65e32f4","language":"en"}}
06-29 12:02:46.374 18661 18689 I Pushwoosh: | Response: {"status_code":200,"status_message":"OK","response":{"inApps":[]}}
06-29 12:02:46.374 18661 18689 I Pushwoosh: x
06-29 12:02:46.375 18661 18689 D Pushwoosh: [RequestManager] getInApps response success
06-29 12:02:46.474  1964  1964 I GeofencerStateMachine: removeGeofences: removeRequest=RemoveGeofencingRequest[REMOVE_BY_PENDING_INTENT pendingIntent=PendingIntent[creatorPackage=com.google.android.gms], packageName=com.google.android.gms]
06-29 12:02:46.530  1964  2547 W MessageQueue: Handler (aeyl) {7c6a9e7} sending message to a Handler on a dead thread
06-29 12:02:46.530  1964  2547 W MessageQueue: java.lang.IllegalStateException: Handler (aeyl) {7c6a9e7} sending message to a Handler on a dead thread
06-29 12:02:46.530  1964  2547 W MessageQueue: 	at android.os.MessageQueue.enqueueMessage(MessageQueue.java:545)
06-29 12:02:46.530  1964  2547 W MessageQueue: 	at android.os.Handler.enqueueMessage(Handler.java:662)
06-29 12:02:46.530  1964  2547 W MessageQueue: 	at android.os.Handler.sendMessageAtTime(Handler.java:631)
06-29 12:02:46.530  1964  2547 W MessageQueue: 	at aeyl.sendMessageAtTime(Unknown Source:3)
06-29 12:02:46.530  1964  2547 W MessageQueue: 	at android.os.Handler.sendMessageDelayed(Handler.java:601)
06-29 12:02:46.530  1964  2547 W MessageQueue: 	at android.os.Handler.post(Handler.java:357)
06-29 12:02:46.530  1964  2547 W MessageQueue: 	at bcln.execute(Unknown Source:2)
06-29 12:02:46.530  1964  2547 W MessageQueue: 	at aanh.execute(Unknown Source:9)
06-29 12:02:46.530  1964  2547 W MessageQueue: 	at avft.a(:com.google.android.gms@17785022@17.7.85 (040700-253824076):3)
06-29 12:02:46.530  1964  2547 W MessageQueue: 	at avgk.a(:com.google.android.gms@17785022@17.7.85 (040700-253824076):8)
06-29 12:02:46.530  1964  2547 W MessageQueue: 	at avgn.a(:com.google.android.gms@17785022@17.7.85 (040700-253824076):43)
06-29 12:02:46.530  1964  2547 W MessageQueue: 	at avgj.a(:com.google.android.gms@17785022@17.7.85 (040700-253824076):2)
06-29 12:02:46.530  1964  2547 W MessageQueue: 	at rpj.a(:com.google.android.gms@17785022@17.7.85 (040700-253824076):3)
06-29 12:02:46.530  1964  2547 W MessageQueue: 	at rpj.a(:com.google.android.gms@17785022@17.7.85 (040700-253824076):2)
06-29 12:02:46.530  1964  2547 W MessageQueue: 	at agos.a(Unknown Source:2)
06-29 12:02:46.530  1964  2547 W MessageQueue: 	at rnt.a(Unknown Source:11)
06-29 12:02:46.530  1964  2547 W MessageQueue: 	at aamg.a(:com.google.android.gms@17785022@17.7.85 (040700-253824076):1)
06-29 12:02:46.530  1964  2547 W MessageQueue: 	at cwm.onTransact(:com.google.android.gms@17785022@17.7.85 (040700-253824076):4)
06-29 12:02:46.530  1964  2547 W MessageQueue: 	at android.os.Binder.execTransact(Binder.java:697)
06-29 12:02:46.838  3472  3482 I zygote  : Background concurrent copying GC freed 113350(4MB) AllocSpace objects, 4(144KB) LOS objects, 23% free, 19MB/25MB, paused 10.126ms total 2.023s
06-29 12:02:47.222  3472  3496 I net.osmand: MapRenderRepositories RENDER MAP: update due to tile box
06-29 12:02:47.223  3472  3496 I net.osmand: MapRenderRepositories RENDER MAP: Interrupt rendering map
06-29 12:02:47.238  3472  3496 I net.osmand: MapRenderRepositories RENDER MAP: update due to tile box
06-29 12:02:47.238  3472  3496 I net.osmand: MapRenderRepositories RENDER MAP: Interrupt rendering map
06-29 12:02:47.335  3472  3495 I net.osmand: MapRenderRepositories RENDER MAP: new request RotatedTileBox [lat=4.879770085269015E-4, lon=-51.061950342653034, rotate=0.0, density=2.625, zoom=17, mapDensity=3.9375, zoomAnimation=0.0, zoomFloatPart=0.0, cx=900, cy=1972, pixWidth=1800, pixHeight=2690]
06-29 12:02:47.434 18661 18661 D MoPub   : Successfully hit tracking endpoint: https://ads.mopub.com/m/open
06-29 12:02:47.477  3472  3495 I net.osmand:native: Route objects 46
06-29 12:02:47.477  3472  3495 I net.osmand:native: Ocean: no completed & incompleted coastlines 0
06-29 12:02:47.477  3472  3495 I net.osmand:native: Detailed coastlines = 0, basemap coastlines 0, ocean tile 0.000000. Detailed added 0, basemap processed 1, basemap added 0.
06-29 12:02:47.477  3472  3495 I net.osmand:native: Search : tree - read( 349), accept( 49), objs - visit( 4414), accept(85), in result(46) 
06-29 12:02:47.478  3472  3495 I net.osmand: MapRenderRepositories BLat=-0.0018249750137329102, TLat=0.006223797798156738, LLong=-51.06439971923828, RLong=-51.05949783325195, zoom=17
06-29 12:02:47.478  3472  3495 I net.osmand: MapRenderRepositories Native search: 137 ms 
06-29 12:02:47.478  3472  3495 W net.osmand: MapRenderRepositories Create new image ? 1800 != 2990 (w) 2690 != 1525 (h) 
06-29 12:02:47.480  3472  3495 I net.osmand:native: Creating SkBitmap in native w:1800 h:2690 s:7200 f:1!
06-29 12:02:47.480  3472  3495 I net.osmand:native: Row bytes for RGBA_8888 is 7200
06-29 12:02:47.480  3472  3495 I net.osmand:native: Locked 19368000 bytes at 0x57380000
06-29 12:02:47.480  3472  3495 I net.osmand:native: Initializing rendering
06-29 12:02:47.482  3472  3495 I net.osmand:native: Rendering image
06-29 12:02:47.877  3472  3482 I zygote  : NativeAlloc concurrent copying GC freed 112969(4MB) AllocSpace objects, 0(0B) LOS objects, 24% free, 18MB/24MB, paused 1.411ms total 391.965ms
06-29 12:02:47.908  3472  3495 I net.osmand:native: Native ok (rendering 0, text 186 ms) 
06-29 12:02:47.908  3472  3495 I net.osmand:native:  (28403 points, 215 points inside, 79 of 84 objects visible)
06-29 12:02:47.908  3472  3495 I net.osmand:native: End Rendering image
06-29 12:02:47.908  3472  3495 I net.osmand:native: Native ok (init 1, rendering 0) 
06-29 12:02:47.922  3472  3495 I net.osmand: MapRenderRepositories true
06-29 12:02:49.435  2629  2890 I WorkerManager: dispose()
06-29 12:02:49.440  2629  2890 W ThreadPoolDumper: Queue length for executor EventBus is now 11. Perhaps some tasks are too long, or the pool is too small.
06-29 12:02:49.605  3472  3472 D net.osmand: RoutingHelper Processed point bearing deltas : 127.7207260131836 88.7067642211914
06-29 12:02:50.602  3472  3472 D net.osmand: DayNightHelper Sunrise/sunset setting to day: true
06-29 12:02:51.227  1600  1611 I ActivityManager: Killing 5485:com.google.android.dialer/u0a20 (adj 906): empty #17
06-29 12:02:51.230  1600  1616 W zygote  : kill(-5485, 9) failed: No such process
06-29 12:02:51.231  1600  1613 E memtrack: Couldn't load memtrack module
06-29 12:02:51.231  1600  1613 W android.os.Debug: failed to get memory consumption info: -1
06-29 12:02:51.234  1964  1964 I BeaconBle: Scan : No clients left, canceling alarm.
06-29 12:02:51.273  1600  1616 W zygote  : kill(-5485, 9) failed: No such process
06-29 12:02:51.303  1600  1613 E memtrack: Couldn't load memtrack module
06-29 12:02:51.303  1600  1613 W android.os.Debug: failed to get memory consumption info: -1
06-29 12:02:51.318  1600  1616 W zygote  : kill(-5485, 9) failed: No such process
06-29 12:02:51.318  1600  1616 I zygote  : Successfully killed process cgroup uid 10020 pid 5485 in 88ms
06-29 12:02:51.376  1600  1613 E memtrack: Couldn't load memtrack module
06-29 12:02:51.377  1600  1613 W android.os.Debug: failed to get memory consumption info: -1
06-29 12:02:55.304  1600  1674 W AlarmManager: Unrecognized alarm listener com.android.server.wifi.WifiConfigStore$1@fa13445
06-29 12:02:55.337  1600  1674 D WifiConfigStore: Writing to stores completed in 33 ms.
06-29 12:02:56.435  1600  2371 I WifiService: acquireWifiLock uid=10014 lockMode=2
06-29 12:02:56.493  1600  2371 I WifiService: releaseWifiLock uid=10014
06-29 12:02:58.266  1600  2371 I ActivityManager: Killing 17873:com.google.android.videos/u0a74 (adj 906): empty #17
06-29 12:02:58.268  1600  1616 W zygote  : kill(-17873, 9) failed: No such process
06-29 12:02:58.314  1600  1616 W zygote  : kill(-17873, 9) failed: No such process
06-29 12:02:58.315  1600  1616 I zygote  : Successfully killed process cgroup uid 10074 pid 17873 in 46ms
06-29 12:02:59.624  1964  1964 I GeofencerStateMachine: sendNewTransitions called.
06-29 12:02:59.785  3472  3472 I net.osmand: RoutingHelper Recalculate route, because correlation  : 98.466876511985
06-29 12:02:59.787  3472  3472 D net.osmand: AbstractPrologCommandPlayer abandonAudioFocus
06-29 12:02:59.788  3472  3472 W MaterialProgressBar: Current drawable is not a MaterialProgressDrawable, you may want to set app:mpb_setBothDrawables
06-29 12:02:59.799  3472  3472 I net.osmand: RoutingHelper Recalculate route, because correlation  : 98.466876511985
06-29 12:02:59.800  3472 18796 I net.osmand: RouteProvider Start finding route from Location[mProvider=gps,mTime=1561824180000,mLatitude=-3.916666666666667E-4,mLongitude=-51.06234833333333,mHasAltitude=true,mAltitude=0.0,mHasSpeed=false,mSpeed=0.0,mHasBearing=false,mBearing=0.0,mHasAccuracy=true,mAccuracy=20.0 to Lat -7.355E-4 Lon -51.095608 using OsmAnd (offline)
06-29 12:02:59.804  3472 18796 W net.osmand: RouteProvider Use 345 MB Free 4.5300293 of 24.613686 max 384.0
06-29 12:03:00.007  1600  1613 E memtrack: Couldn't load memtrack module
06-29 12:03:00.007  1600  1613 W android.os.Debug: failed to get memory consumption info: -1
06-29 12:03:00.103  1600  1613 E memtrack: Couldn't load memtrack module
06-29 12:03:00.103  1600  1613 W android.os.Debug: failed to get memory consumption info: -1
06-29 12:03:00.179  3472 18796 I net.osmand:native: Start point was found 31477193899 [Native]
06-29 12:03:00.200  3472 18796 I net.osmand:native: End point was found 10433843853 [Native]
06-29 12:03:00.613  3472  3472 I net.osmand: RoutingHelper Recalculate route, because correlation  : 98.466876511985
06-29 12:03:00.672  3472  3472 I net.osmand: RoutingHelper Recalculate route, because correlation  : 98.466876511985
06-29 12:03:00.883  1600  1613 E memtrack: Couldn't load memtrack module
06-29 12:03:00.884  1600  1613 W android.os.Debug: failed to get memory consumption info: -1
06-29 12:03:01.164  1600  1613 E memtrack: Couldn't load memtrack module
06-29 12:03:01.166  1600  1613 W android.os.Debug: failed to get memory consumption info: -1
06-29 12:03:01.304  1600  1613 E memtrack: Couldn't load memtrack module
06-29 12:03:01.304  1600  1613 W android.os.Debug: failed to get memory consumption info: -1
06-29 12:03:01.358  1600  1613 E memtrack: Couldn't load memtrack module
06-29 12:03:01.358  1600  1613 W android.os.Debug: failed to get memory consumption info: -1
06-29 12:03:01.456  3472  3472 I net.osmand: RoutingHelper Recalculate route, because correlation  : 98.466876511985
06-29 12:03:01.621  3472  3472 I chatty  : uid=10104(net.osmand) identical 2 lines
06-29 12:03:01.638  3472  3472 I net.osmand: RoutingHelper Recalculate route, because correlation  : 98.466876511985
06-29 12:03:01.801  3472 18796 W net.osmand:native: [Native] Result visited (visited roads 3611, visited segments 1404 / 2365 , queue sizes 318 / 807 ) 
06-29 12:03:01.801  3472 18796 W net.osmand:native: [Native] Result timing (time to load 0, time to calc 1600, loaded tiles 48) 
06-29 12:03:01.801  3472 18796 W net.osmand:native: [Native] Memory occupied (Routing context 1311 Kb, search 67 Kb)
06-29 12:03:01.811  3472 18796 I net.osmand:native: Routing calculated time distance 540.934082
06-29 12:03:01.854  3472 18796 I net.osmand: RoutePlannerFrontEnd Native routing took 1.729 seconds
06-29 12:03:01.862  3472 18796 I System.out: ROUTE : 
06-29 12:03:01.863  3472 18796 I net.osmand: RouteResultPreparation <test regions="" description="" best_percent="" vehicle="car" 
06-29 12:03:01.863  3472 18796 I net.osmand:   start_lat="-0.00039" start_lon="-51.06235" target_lat="-0.00074" target_lon="-51.09561"  routing_time="540.93" loadedTiles="48" visitedSegments="3611" complete_distance="4819.16" complete_time="384.70" >
06-29 12:03:01.864  3472 18796 I System.out: <test regions="" description="" best_percent="" vehicle="car" 
06-29 12:03:01.864  3472 18796 I System.out:   start_lat="-0.00039" start_lon="-51.06235" target_lat="-0.00074" target_lon="-51.09561"  routing_time="540.93" loadedTiles="48" visitedSegments="3611" complete_distance="4819.16" complete_time="384.70" >
06-29 12:03:01.864  3472 18796 I System.out: </test>
06-29 12:03:01.864  3472 18796 I System.out: <test regions="" description="" best_percent="" vehicle="car" 
06-29 12:03:01.864  3472 18796 I System.out:   start_lat="-0.00039" start_lon="-51.06235" target_lat="-0.00074" target_lon="-51.09561"  routing_time="540.93" loadedTiles="48" visitedSegments="3611" complete_distance="4819.16" complete_time="384.70" >
06-29 12:03:01.875  3472 18796 I net.osmand: RouteProvider Finding route contained 56 points for 2075 ms
06-29 12:03:01.893  3472 18796 I net.osmand: TTSCommandPlayerImpl Send message to pebble Rota recalculada cerca de  5 quilÃ³metros tempo estimado de   6 minutos.  
06-29 12:03:01.893  3472 18796 D net.osmand: AbstractPrologCommandPlayer requestAudioFocus
06-29 12:03:01.893  3472 18796 W AudioManager: Use of stream types is deprecated for operations other than volume control
06-29 12:03:01.894  3472 18796 W AudioManager: See the documentation of requestAudioFocus() for what to use instead with android.media.AudioAttributes to qualify your playback use case
06-29 12:03:01.895  1600  2105 I MediaFocusControl: requestAudioFocus() from uid/pid 10104/3472 clientId=android.media.AudioManager@d05fab5net.osmand.plus.api.AudioFocusHelperImpl@235d15b callingPack=net.osmand req=3 flags=0x0 sdk=26
06-29 12:03:01.898  3472 18796 D net.osmand: TTSCommandPlayerImpl ttsRequests=1
06-29 12:03:01.928  5191  5280 I TTS.GoogleTTSServiceImp: Synthesis request for locale por-BRA and name pt-BR-language
06-29 12:03:01.945  5191  5280 I TTS.GoogleTTSServiceImp: TTS dispatch: pt-br-x-afs-lstm-embedded
06-29 12:03:01.958  5191  5294 D AudioTrack: Client defaulted notificationFrames to 1365 for frameCount 4096
06-29 12:03:01.963  1600  2105 V MediaRouterService: restoreBluetoothA2dp(false)
06-29 12:03:01.967  1390  2659 W audio_hw_generic: Not supplying enough data to HAL, expected position 90280108 , only wrote 90280080
06-29 12:03:02.336  1473  1561 D AudioFlinger: mixer(0xa6c83380) throttle end: throttle time(5)
06-29 12:03:03.023  1390  2659 W audio_hw_generic: Not supplying enough data to HAL, expected position 90330734 , only wrote 90330480
06-29 12:03:03.729  1390  2659 W audio_hw_generic: Not supplying enough data to HAL, expected position 90364360 , only wrote 90364320
06-29 12:03:03.746  1390  2659 W audio_hw_generic: Not supplying enough data to HAL, expected position 90365133 , only wrote 90365040
06-29 12:03:03.810  1473  1561 D AudioFlinger: mixer(0xa6c83380) throttle end: throttle time(1)
06-29 12:03:03.905  3472  3496 I net.osmand: MapRenderRepositories RENDER MAP: update due to tile box
06-29 12:03:03.905  3472  3496 I net.osmand: MapRenderRepositories RENDER MAP: Interrupt rendering map
06-29 12:03:03.907  1473  1561 D AudioFlinger: mixer(0xa6c83380) throttle end: throttle time(1)
06-29 12:03:04.323  1600  1613 E memtrack: Couldn't load memtrack module
06-29 12:03:04.323  1600  1613 W android.os.Debug: failed to get memory consumption info: -1
06-29 12:03:04.385  1600  1613 E memtrack: Couldn't load memtrack module
06-29 12:03:04.385  1600  1613 W android.os.Debug: failed to get memory consumption info: -1
06-29 12:03:04.440  1600  1613 E memtrack: Couldn't load memtrack module
06-29 12:03:04.440  1600  1613 W android.os.Debug: failed to get memory consumption info: -1
06-29 12:03:04.470  3472  3495 I net.osmand: MapRenderRepositories RENDER MAP: new request RotatedTileBox [lat=-8.35E-4, lon=-51.062315000000005, rotate=0.0, density=2.625, zoom=17, mapDensity=3.9375, zoomAnimation=0.0, zoomFloatPart=0.0, cx=900, cy=1972, pixWidth=1800, pixHeight=2690]
06-29 12:03:04.590  3472  3495 I net.osmand:native: Route objects 39
06-29 12:03:04.590  3472  3495 I net.osmand:native: Ocean: no completed & incompleted coastlines 0
06-29 12:03:04.590  3472  3495 I net.osmand:native: Detailed coastlines = 0, basemap coastlines 0, ocean tile 0.000000. Detailed added 0, basemap processed 1, basemap added 0.
06-29 12:03:04.590  3472  3495 I net.osmand:native: Search : tree - read( 349), accept( 49), objs - visit( 4414), accept(78), in result(39) 
06-29 12:03:04.591  3472  3495 I net.osmand: MapRenderRepositories BLat=-0.0031558871269226074, TLat=0.004904687404632568, LLong=-51.06476593017578, RLong=-51.05986022949219, zoom=17
06-29 12:03:04.591  3472  3495 I net.osmand: MapRenderRepositories Native search: 121 ms 
06-29 12:03:04.596  3472  3495 I net.osmand:native: Creating SkBitmap in native w:1800 h:2690 s:7200 f:1!
06-29 12:03:04.596  3472  3495 I net.osmand:native: Row bytes for RGBA_8888 is 7200
06-29 12:03:04.597  3472  3495 I net.osmand:native: Locked 19368000 bytes at 0x78300000
06-29 12:03:04.597  3472  3495 I net.osmand:native: Initializing rendering
06-29 12:03:04.599  3472  3495 I net.osmand:native: Rendering image
06-29 12:03:04.844  3472  3495 I net.osmand:native: Native ok (rendering 2, text 98 ms) 
06-29 12:03:04.844  3472  3495 I net.osmand:native:  (28343 points, 221 points inside, 65 of 70 objects visible)
06-29 12:03:04.845  3472  3495 I net.osmand:native: End Rendering image
06-29 12:03:04.845  3472  3495 I net.osmand:native: Native ok (init 2, rendering 2) 
06-29 12:03:04.847  3472  3495 I net.osmand: MapRenderRepositories true
06-29 12:03:05.090  1600  1609 I zygote  : Background concurrent copying GC freed 60397(2MB) AllocSpace objects, 36(2MB) LOS objects, 24% free, 18MB/24MB, paused 2.843ms total 460.069ms
06-29 12:03:05.158  3472  3482 I zygote  : Background concurrent copying GC freed 144789(6MB) AllocSpace objects, 17(344KB) LOS objects, 24% free, 18MB/24MB, paused 6.686ms total 360.655ms
06-29 12:03:05.247  1473  1561 D AudioFlinger: mixer(0xa6c83380) throttle end: throttle time(8)
06-29 12:03:06.447  1390  2659 W audio_hw_generic: Not supplying enough data to HAL, expected position 90494707 , only wrote 90494640
06-29 12:03:06.453  1390  2659 W audio_hw_generic: Not supplying enough data to HAL, expected position 90494911 , only wrote 90494640
06-29 12:03:06.460  3472  3472 D net.osmand: RoutingHelper Processed by distance : 99.29975533286769 99.29975891113281
06-29 12:03:06.469  1390  2659 W audio_hw_generic: Not supplying enough data to HAL, expected position 90495424 , only wrote 90495360
06-29 12:03:06.486  1473  1561 D AudioFlinger: mixer(0xa6c83380) throttle end: throttle time(2)
06-29 12:03:06.516  3472  3472 I net.osmand: RoutingHelper Recalculate route, because correlation  : 99.29975533286769
06-29 12:03:06.517  5191  5298 D AudioTrack: stop() called with 102527 frames delivered
06-29 12:03:06.517  5191  5280 I TTS.SynthesisCache: streamCachedRequest call to callback.audioAvailable failed: -1
06-29 12:03:06.524  3472  3472 D net.osmand: AbstractPrologCommandPlayer abandonAudioFocus
06-29 12:03:06.525  1600  1635 I MediaFocusControl: abandonAudioFocus() from uid/pid 10104/3472 clientId=android.media.AudioManager@d05fab5net.osmand.plus.api.AudioFocusHelperImpl@235d15b
06-29 12:03:06.526  3472  3472 W MaterialProgressBar: Current drawable is not a MaterialProgressDrawable, you may want to set app:mpb_setBothDrawables
06-29 12:03:06.541  3472  7183 D net.osmand: AbstractPrologCommandPlayer abandonAudioFocus
06-29 12:03:06.542  3472  7183 D net.osmand: TTSCommandPlayerImpl ttsRequests=-1
06-29 12:03:06.546  3472 18798 I net.osmand: RouteProvider Start finding route from Location[mProvider=gps,mTime=1561824187000,mLatitude=-0.0012783333333333334,mLongitude=-51.06228333333333,mHasAltitude=true,mAltitude=0.0,mHasSpeed=false,mSpeed=0.0,mHasBearing=false,mBearing=0.0,mHasAccuracy=true,mAccuracy=20.0 to Lat -7.355E-4 Lon -51.095608 using OsmAnd (offline)
06-29 12:03:06.547  3472 18798 W net.osmand: RouteProvider Use 347 MB Free 5.701889 of 24.281746 max 384.0
06-29 12:03:06.554  3472  3472 I net.osmand: RoutingHelper Recalculate route, because correlation  : 99.29975533286769
06-29 12:03:06.699  3472  3472 I chatty  : uid=10104(net.osmand) identical 1 line
06-29 12:03:06.792  3472  3472 I net.osmand: RoutingHelper Recalculate route, because correlation  : 99.29975533286769
06-29 12:03:07.113  3472 18798 I net.osmand:native: Start point was found 31477193899 [Native]
06-29 12:03:07.140  3472 18798 I net.osmand:native: End point was found 10433843853 [Native]
06-29 12:03:07.612  3472  3472 I net.osmand: RoutingHelper Recalculate route, because correlation  : 99.29975533286769
06-29 12:03:07.616  3472  3472 I net.osmand: RoutingHelper Recalculate route, because correlation  : 99.29975533286769
06-29 12:03:07.900  1964  1978 I zygote  : Background concurrent copying GC freed 135266(6MB) AllocSpace objects, 14(872KB) LOS objects, 38% free, 9MB/15MB, paused 1.169ms total 254.015ms
06-29 12:03:07.984  3472  3472 I net.osmand: RoutingHelper Recalculate route, because correlation  : 124.01161529922041
06-29 12:03:08.614  3472  3472 I chatty  : uid=10104(net.osmand) identical 2 lines
06-29 12:03:08.673  3472  3472 I net.osmand: RoutingHelper Recalculate route, because correlation  : 124.01161529922041
06-29 12:03:08.855  3472 18798 W net.osmand:native: [Native] Result visited (visited roads 3592, visited segments 1404 / 2345 , queue sizes 318 / 793 ) 
06-29 12:03:08.855  3472 18798 W net.osmand:native: [Native] Result timing (time to load 0, time to calc 1714, loaded tiles 48) 
06-29 12:03:08.855  3472 18798 W net.osmand:native: [Native] Memory occupied (Routing context 1310 Kb, search 67 Kb)
06-29 12:03:08.865  3472 18798 I net.osmand:native: Routing calculated time distance 540.934082
06-29 12:03:08.915  3472 18798 I net.osmand: RoutePlannerFrontEnd Native routing took 1.857 seconds
06-29 12:03:08.921  3472 18798 I System.out: ROUTE : 
06-29 12:03:08.922  3472 18798 I net.osmand: RouteResultPreparation <test regions="" description="" best_percent="" vehicle="car" 
06-29 12:03:08.922  3472 18798 I net.osmand:   start_lat="-0.00128" start_lon="-51.06228" target_lat="-0.00074" target_lon="-51.09561"  routing_time="540.93" loadedTiles="48" visitedSegments="3592" complete_distance="4819.16" complete_time="384.70" >
06-29 12:03:08.922  3472 18798 I System.out: <test regions="" description="" best_percent="" vehicle="car" 
06-29 12:03:08.922  3472 18798 I System.out:   start_lat="-0.00128" start_lon="-51.06228" target_lat="-0.00074" target_lon="-51.09561"  routing_time="540.93" loadedTiles="48" visitedSegments="3592" complete_distance="4819.16" complete_time="384.70" >
06-29 12:03:08.922  3472 18798 I System.out: </test>
06-29 12:03:08.922  3472 18798 I System.out: <test regions="" description="" best_percent="" vehicle="car" 
06-29 12:03:08.922  3472 18798 I System.out:   start_lat="-0.00128" start_lon="-51.06228" target_lat="-0.00074" target_lon="-51.09561"  routing_time="540.93" loadedTiles="48" visitedSegments="3592" complete_distance="4819.16" complete_time="384.70" >
06-29 12:03:08.925  3472 18798 I net.osmand: RouteProvider Finding route contained 56 points for 2378 ms
06-29 12:03:08.933  3472 18798 I net.osmand: TTSCommandPlayerImpl Send message to pebble Rota recalculada cerca de  5 quilÃ³metros tempo estimado de   6 minutos.  
06-29 12:03:08.934  3472 18798 D net.osmand: AbstractPrologCommandPlayer requestAudioFocus
06-29 12:03:08.934  3472 18798 W AudioManager: Use of stream types is deprecated for operations other than volume control
06-29 12:03:08.934  3472 18798 W AudioManager: See the documentation of requestAudioFocus() for what to use instead with android.media.AudioAttributes to qualify your playback use case
06-29 12:03:08.935  1600  2660 I MediaFocusControl: requestAudioFocus() from uid/pid 10104/3472 clientId=android.media.AudioManager@d05fab5net.osmand.plus.api.AudioFocusHelperImpl@dd1ab0d callingPack=net.osmand req=3 flags=0x0 sdk=26
06-29 12:03:08.939  3472 18798 D net.osmand: TTSCommandPlayerImpl ttsRequests=1
06-29 12:03:08.946  5191  5280 I TTS.GoogleTTSServiceImp: Synthesis request for locale por-BRA and name pt-BR-language
06-29 12:03:08.948  5191  5280 I TTS.GoogleTTSServiceImp: TTS dispatch: pt-br-x-afs-lstm-embedded
06-29 12:03:08.958  5191  5294 D AudioTrack: Client defaulted notificationFrames to 1365 for frameCount 4096
06-29 12:03:06.521  1600  2105 V MediaRouterService: restoreBluetoothA2dp(false)
06-29 12:03:08.970  1600  1610 V MediaRouterService: restoreBluetoothA2dp(false)
06-29 12:03:09.154  1390  2659 W audio_hw_generic: Not supplying enough data to HAL, expected position 90624246 , only wrote 90624240
06-29 12:03:09.154  1390  2659 W audio_hw_generic: Not supplying enough data to HAL, expected position 90624252 , only wrote 90624240
06-29 12:03:09.174  1390  2659 W audio_hw_generic: Not supplying enough data to HAL, expected position 90625196 , only wrote 90624960
06-29 12:03:09.438  3472  3472 I net.osmand: TTSCommandPlayerImpl Send message to pebble apÃ³s  300 metros vire Ã  esquerda para   Avenida Equatorial 
06-29 12:03:09.438  3472  3472 D net.osmand: TTSCommandPlayerImpl ttsRequests=2
06-29 12:03:10.699  1399  1414 D hwcomposer: hw_composer sent 192 syncs in 60s
06-29 12:03:10.746  1390  2659 W audio_hw_generic: Not supplying enough data to HAL, expected position 90700399 , only wrote 90699840
06-29 12:03:10.747  1390  2659 W audio_hw_generic: Not supplying enough data to HAL, expected position 90699911 , only wrote 90699840
06-29 12:03:10.762  1390  2659 W audio_hw_generic: Not supplying enough data to HAL, expected position 90700561 , only wrote 90700560
06-29 12:03:10.782  1473  1561 D AudioFlinger: mixer(0xa6c83380) throttle end: throttle time(7)
06-29 12:03:12.007  3472  3472 D net.osmand: RoutingHelper Processed by distance : 56.17580392459418 56.175804138183594
06-29 12:03:12.418  1704  1723 I zygote  : Background concurrent copying GC freed 131067(5MB) AllocSpace objects, 0(0B) LOS objects, 43% free, 7MB/13MB, paused 4.404ms total 207.431ms
06-29 12:03:13.234  1390  2659 W audio_hw_generic: Not supplying enough data to HAL, expected position 90819178 , only wrote 90818640
06-29 12:03:13.234  1390  2659 W audio_hw_generic: Not supplying enough data to HAL, expected position 90818660 , only wrote 90818640
06-29 12:03:13.250  1390  2659 W audio_hw_generic: Not supplying enough data to HAL, expected position 90819424 , only wrote 90819360
06-29 12:03:13.888  3472  3482 I zygote  : Background concurrent copying GC freed 130952(5MB) AllocSpace objects, 19(376KB) LOS objects, 24% free, 18MB/24MB, paused 1.164ms total 273.166ms
06-29 12:03:14.051  5191  5280 I TTS.GoogleTTSServiceImp: Synthesis request for locale por-BRA and name pt-BR-language
06-29 12:03:14.054  5191  5280 I TTS.GoogleTTSServiceImp: TTS dispatch: pt-br-x-afs-lstm-embedded
06-29 12:03:14.544  3472  3472 I net.osmand: RoutingHelper Recalculate route, because correlation  : 94.16353625689837
06-29 12:03:14.545  5191  5298 D AudioTrack: stop() called with 124753 frames delivered
06-29 12:03:14.546  3472  3472 D net.osmand: AbstractPrologCommandPlayer abandonAudioFocus
06-29 12:03:14.549  1600  1610 I MediaFocusControl: abandonAudioFocus() from uid/pid 10104/3472 clientId=android.media.AudioManager@d05fab5net.osmand.plus.api.AudioFocusHelperImpl@dd1ab0d
06-29 12:03:14.549  1600  2105 V MediaRouterService: restoreBluetoothA2dp(false)
06-29 12:03:14.554  3472  7183 D net.osmand: AbstractPrologCommandPlayer abandonAudioFocus
06-29 12:03:14.554  3472  7183 D net.osmand: TTSCommandPlayerImpl ttsRequests=-1
06-29 12:03:14.626  3472  3472 I net.osmand: RoutingHelper Recalculate route, because correlation  : 94.16353625689837
06-29 12:03:15.690  3472  3472 I chatty  : uid=10104(net.osmand) identical 4 lines
06-29 12:03:15.945  3472  3472 I net.osmand: RoutingHelper Recalculate route, because correlation  : 94.16353625689837
06-29 12:03:15.945  3472  3472 W MaterialProgressBar: Current drawable is not a MaterialProgressDrawable, you may want to set app:mpb_setBothDrawables
06-29 12:03:15.949  3472  3472 I net.osmand: RoutingHelper Recalculate route, because correlation  : 94.16353625689837
06-29 12:03:15.948  3472 18800 I net.osmand: RouteProvider Start finding route from Location[mProvider=gps,mTime=1561824196000,mLatitude=-0.0020466666666666667,mLongitude=-51.06219166666666,mHasAltitude=true,mAltitude=0.0,mHasSpeed=false,mSpeed=0.0,mHasBearing=false,mBearing=0.0,mHasAccuracy=true,mAccuracy=20.0 to Lat -7.355E-4 Lon -51.095608 using OsmAnd (offline)
06-29 12:03:15.950  3472 18800 W net.osmand: RouteProvider Use 346 MB Free 4.84375 of 24.19365 max 384.0
06-29 12:03:16.214  3472 18800 I net.osmand:native: Start point was found 31477193899 [Native]
06-29 12:03:16.231  3472 18800 I net.osmand:native: End point was found 10433843853 [Native]
06-29 12:03:16.446  1600  2660 I WifiService: acquireWifiLock uid=10014 lockMode=2
06-29 12:03:16.454  1600  1613 E memtrack: Couldn't load memtrack module
06-29 12:03:16.454  1600  1613 W android.os.Debug: failed to get memory consumption info: -1
06-29 12:03:16.550  1600  1613 E memtrack: Couldn't load memtrack module
06-29 12:03:16.550  1600  1613 W android.os.Debug: failed to get memory consumption info: -1
06-29 12:03:16.565  1600  2660 I WifiService: getConnectionInfo uid=10014
06-29 12:03:16.692  1600  1613 E memtrack: Couldn't load memtrack module
06-29 12:03:16.692  1600  1613 W android.os.Debug: failed to get memory consumption info: -1
06-29 12:03:16.743  1600  1613 E memtrack: Couldn't load memtrack module
06-29 12:03:16.743  1600  1613 W android.os.Debug: failed to get memory consumption info: -1
06-29 12:03:16.799  1600  1613 E memtrack: Couldn't load memtrack module
06-29 12:03:16.799  1600  1613 W android.os.Debug: failed to get memory consumption info: -1
06-29 12:03:16.871  1600  1613 E memtrack: Couldn't load memtrack module
06-29 12:03:16.871  1600  1613 W android.os.Debug: failed to get memory consumption info: -1
06-29 12:03:16.950  3472  3472 I net.osmand: RoutingHelper Recalculate route, because correlation  : 94.16353625689837
06-29 12:03:16.968  3472  3472 I net.osmand: RoutingHelper Recalculate route, because correlation  : 94.16353625689837
06-29 12:03:17.241  1390  2659 W audio_hw_generic: Not supplying enough data to HAL, expected position 91010896 , only wrote 91010880
06-29 12:03:17.406  3472 18800 W net.osmand:native: [Native] Result visited (visited roads 2348, visited segments 992 / 1463 , queue sizes 174 / 700 ) 
06-29 12:03:17.406  3472 18800 W net.osmand:native: [Native] Result timing (time to load 0, time to calc 1173, loaded tiles 41) 
06-29 12:03:17.406  3472 18800 W net.osmand:native: [Native] Memory occupied (Routing context 1115 Kb, search 45 Kb)
06-29 12:03:17.415  3472 18800 I net.osmand:native: No route found
06-29 12:03:17.442  3472 18800 I net.osmand: RoutePlannerFrontEnd Native routing took 1.273 seconds
06-29 12:03:17.443  3472 18800 I System.out: ROUTE : 
06-29 12:03:17.443  3472 18800 I net.osmand: RouteResultPreparation <test regions="" description="" best_percent="" vehicle="car" 
06-29 12:03:17.443  3472 18800 I net.osmand:   start_lat="-0.00205" start_lon="-51.06219" target_lat="-0.00074" target_lon="-51.09561"  routing_time="0.00" loadedTiles="41" visitedSegments="2348" complete_distance="0.00" complete_time="0.00" >
06-29 12:03:17.444  3472 18800 I System.out: <test regions="" description="" best_percent="" vehicle="car" 
06-29 12:03:17.444  3472 18800 I System.out:   start_lat="-0.00205" start_lon="-51.06219" target_lat="-0.00074" target_lon="-51.09561"  routing_time="0.00" loadedTiles="41" visitedSegments="2348" complete_distance="0.00" complete_time="0.00" >
06-29 12:03:17.444  3472 18800 I System.out: </test>
06-29 12:03:17.444  3472 18800 I System.out: <test regions="" description="" best_percent="" vehicle="car" 
06-29 12:03:17.444  3472 18800 I System.out:   start_lat="-0.00205" start_lon="-51.06219" target_lat="-0.00074" target_lon="-51.09561"  routing_time="0.00" loadedTiles="41" visitedSegments="2348" complete_distance="0.00" complete_time="0.00" >
06-29 12:03:17.444  3472 18800 I net.osmand: RouteProvider Finding route contained 0 points for 1496 ms
06-29 12:03:17.557  1390  1390 W audio_hw_generic: Not supplying enough data to HAL, expected position 91040650 , only wrote 91026000
06-29 12:03:19.424  1600  1610 D WificondControl: Scan result ready event
06-29 12:03:19.468  1600  1610 I WifiService: releaseWifiLock uid=10014
06-29 12:03:19.721  1600  1613 E memtrack: Couldn't load memtrack module
06-29 12:03:19.721  1600  1613 W android.os.Debug: failed to get memory consumption info: -1
06-29 12:03:19.809  1600  1613 E memtrack: Couldn't load memtrack module
06-29 12:03:19.809  1600  1613 W android.os.Debug: failed to get memory consumption info: -1
06-29 12:03:22.978  1406  1406 I boot-pipe: done populating /dev/random
06-29 12:03:28.229  3472  3472 D net.osmand: RoutingHelper Processed point bearing deltas : 16.898133754730225 0.10440826416015625
06-29 12:03:28.287  3472  3472 I net.osmand: TTSCommandPlayerImpl Send message to pebble vire Ã  esquerda para   Avenida Equatorial 
06-29 12:03:28.287  3472  3472 D net.osmand: AbstractPrologCommandPlayer requestAudioFocus
06-29 12:03:28.287  3472  3472 W AudioManager: Use of stream types is deprecated for operations other than volume control
06-29 12:03:28.287  3472  3472 W AudioManager: See the documentation of requestAudioFocus() for what to use instead with android.media.AudioAttributes to qualify your playback use case
06-29 12:03:28.288  1600  2660 I MediaFocusControl: requestAudioFocus() from uid/pid 10104/3472 clientId=android.media.AudioManager@d05fab5net.osmand.plus.api.AudioFocusHelperImpl@d7aeb09 callingPack=net.osmand req=3 flags=0x0 sdk=26
06-29 12:03:28.288  3472  3472 D net.osmand: TTSCommandPlayerImpl ttsRequests=1
06-29 12:03:28.290  5191  5280 I TTS.GoogleTTSServiceImp: Synthesis request for locale por-BRA and name pt-BR-language
06-29 12:03:28.291  5191  5280 I TTS.GoogleTTSServiceImp: TTS dispatch: pt-br-x-afs-lstm-embedded
06-29 12:03:28.428  5191  5294 D AudioTrack: Client defaulted notificationFrames to 1365 for frameCount 4096
06-29 12:03:28.451  1600  7916 V MediaRouterService: restoreBluetoothA2dp(false)
06-29 12:03:28.463  1390  2659 W audio_hw_generic: Not supplying enough data to HAL, expected position 91026156 , only wrote 91026000
06-29 12:03:29.305  1473  1561 D AudioFlinger: mixer(0xa6c83380) throttle end: throttle time(12)
06-29 12:03:29.316  1390  2659 W audio_hw_generic: Not supplying enough data to HAL, expected position 91066950 , only wrote 91066320
06-29 12:03:29.319  1390  2659 W audio_hw_generic: Not supplying enough data to HAL, expected position 91066454 , only wrote 91066320
06-29 12:03:29.347  1390  2659 W audio_hw_generic: Not supplying enough data to HAL, expected position 91067663 , only wrote 91067040
06-29 12:03:29.348  1390  2659 W audio_hw_generic: Not supplying enough data to HAL, expected position 91067072 , only wrote 91067040
06-29 12:03:29.375  1390  2659 W audio_hw_generic: Not supplying enough data to HAL, expected position 91068337 , only wrote 91067760
06-29 12:03:29.413  1390  2659 W audio_hw_generic: Not supplying enough data to HAL, expected position 91069597 , only wrote 91069200
06-29 12:03:29.516  1390  2659 W audio_hw_generic: Not supplying enough data to HAL, expected position 91074129 , only wrote 91073520
06-29 12:03:29.521  1390  2659 W audio_hw_generic: Not supplying enough data to HAL, expected position 91073785 , only wrote 91073520
06-29 12:03:29.534  1473  1561 D AudioFlinger: mixer(0xa6c83380) throttle end: throttle time(12)
06-29 12:03:29.585  1390  2659 W audio_hw_generic: Not supplying enough data to HAL, expected position 91076568 , only wrote 91076400
06-29 12:03:29.615  1390  2659 W audio_hw_generic: Not supplying enough data to HAL, expected position 91077873 , only wrote 91077120
06-29 12:03:29.676  1964  1964 I GeofencerStateMachine: sendNewTransitions called.
06-29 12:03:30.726  1390  2659 W audio_hw_generic: Not supplying enough data to HAL, expected position 91130424 , only wrote 91130400
06-29 12:03:30.730  1390  2659 W audio_hw_generic: Not supplying enough data to HAL, expected position 91130586 , only wrote 91130400
06-29 12:03:30.948  3472  3472 D net.osmand: RoutingHelper Processed point bearing deltas : 32.244199991226196 1.4974021911621094
06-29 12:03:31.462  3472  3482 I zygote  : Background concurrent copying GC freed 147048(5MB) AllocSpace objects, 17(344KB) LOS objects, 25% free, 17MB/23MB, paused 6.884ms total 313.661ms
06-29 12:03:31.567  1600  1617 I WifiService: requestActivityInfo uid=1000
06-29 12:03:31.567  1600  1617 I WifiService: reportActivityInfo uid=1000
06-29 12:03:31.567  1600  1617 I WifiService: getSupportedFeatures uid=1000
06-29 12:03:31.887  5191  5294 D AudioTrack: stop() called with 71170 frames delivered
06-29 12:03:31.889  1600  2660 V MediaRouterService: restoreBluetoothA2dp(false)
06-29 12:03:31.894  3472  7183 D net.osmand: AbstractPrologCommandPlayer abandonAudioFocus
