06-28 13:51:09.621  1603  2974 W ResourceType: For resource 0x7f0e014d, entry index(333) is beyond type entryCount(142)
06-28 13:51:09.621  1603  2974 W ResourceType: For resource 0x7f0e00dd, entry index(221) is beyond type entryCount(142)
06-28 13:51:09.621  1603  2974 W ResourceType: For resource 0x7f0e00e4, entry index(228) is beyond type entryCount(142)
06-28 13:51:09.664 32522 32522 I Monkey  : Events injected: 1
06-28 13:51:09.746 32484 32517 D EGL_emulation: eglMakeCurrent: 0xa6786200: ver 2 0 (tinfo 0xa6783610)
06-28 13:51:09.834 32378 32378 I RealRacing3: contentchange
06-28 13:51:09.837  2548  2598 D EGL_emulation: eglMakeCurrent: 0xa6785780: ver 2 0 (tinfo 0xa6783370)
06-28 13:51:09.847  1708  1926 D EGL_emulation: eglMakeCurrent: 0x9268e860: ver 2 0 (tinfo 0x92690770)
06-28 13:51:09.883 32378 32378 I RealRacing3: setRequestedOrientation(ActivityInfo.SCREEN_ORIENTATION_LANDSCAPE)
06-28 13:51:09.916 32522 32522 I Monkey  : ## Network stats: elapsed time=766ms (0ms mobile, 0ms wifi, 766ms not connected)
06-28 13:51:09.973 32522 32522 I com.android.commands.monkey: System.exit called, status: 0
06-28 13:51:09.973 32522 32522 I AndroidRuntime: VM exiting with result code 0.
06-28 13:51:10.005  1603  1618 W Looper  : Dispatch took 228ms on android.ui, h=Handler (com.android.server.policy.PhoneWindowManager$PolicyHandler) {f76a93d} cb=android.database.ContentObserver$NotificationRunnable@e338ed msg=0
06-28 13:51:10.045 19546 19546 I GeofencerStateMachine: removeGeofences: removeRequest=RemoveGeofencingRequest[REMOVE_BY_PENDING_INTENT pendingIntent=PendingIntent[creatorPackage=com.google.android.gms], packageName=com.google.android.gms]
06-28 13:51:10.060 32378 32378 I RealRacing3: contentchange
06-28 13:51:10.061 32378 32378 I RealRacing3: setRequestedOrientation(ActivityInfo.SCREEN_ORIENTATION_SENSOR_LANDSCAPE)
06-28 13:51:10.264 29061 29061 D InAppPurchaseHelper: Destroying helper.
06-28 13:51:10.267  1708  1926 D EGL_emulation: eglMakeCurrent: 0x9268e860: ver 2 0 (tinfo 0x92690770)
06-28 13:51:10.317  1708  1926 D EGL_emulation: eglMakeCurrent: 0x9268e860: ver 2 0 (tinfo 0x92690770)
06-28 13:51:10.390 29061 29061 D net.osmand: Enable sensor
06-28 13:51:10.492  1603  1603 W NotificationService: Removed summary didn't match old notification: old=0|net.osmand|100|null|10104, removed=0|net.osmand|100|null|10104
06-28 13:51:10.864 29061 29061 W System.err: OnCreate for MapActivity took 598 ms
06-28 13:51:10.900 29061 29061 I Choreographer: Skipped 60 frames!  The application may be doing too much work on its main thread.
06-28 13:51:11.017  1401  1401 D gralloc_ranchu: gralloc_alloc: Creating ashmem region of size 8298496
06-28 13:51:11.053 29061 29061 W ResourceType: For resource 0x7f0e00cb, entry index(203) is beyond type entryCount(142)
06-28 13:51:11.053 29061 29061 W ResourceType: For resource 0x7f0e014d, entry index(333) is beyond type entryCount(142)
06-28 13:51:11.061 29061 29061 W ResourceType: For resource 0x7f0e00dd, entry index(221) is beyond type entryCount(142)
06-28 13:51:11.061 29061 29061 W ResourceType: For resource 0x7f0e00e4, entry index(228) is beyond type entryCount(142)
06-28 13:51:11.064 29061 29061 W ResourceType: For resource 0x7f0e013b, entry index(315) is beyond type entryCount(142)
06-28 13:51:11.066 29061 29061 W ResourceType: For resource 0x7f0e013b, entry index(315) is beyond type entryCount(142)
06-28 13:51:11.066 29061 29061 W ResourceType: For resource 0x7f0e010f, entry index(271) is beyond type entryCount(142)
06-28 13:51:11.067 29061 29061 W ResourceType: For resource 0x7f0e013b, entry index(315) is beyond type entryCount(142)
06-28 13:51:11.072 29061 29061 I chatty  : uid=10104(net.osmand) identical 8 lines
06-28 13:51:11.073 29061 29061 W ResourceType: For resource 0x7f0e013b, entry index(315) is beyond type entryCount(142)
06-28 13:51:11.073  1603  2149 I WifiService: acquireWifiLock uid=10014 lockMode=2
06-28 13:51:11.073 29061 29061 W ResourceType: For resource 0x7f0e013b, entry index(315) is beyond type entryCount(142)
06-28 13:51:11.116 29061 29061 I chatty  : uid=10104(net.osmand) identical 57 lines
06-28 13:51:11.116 29061 29061 W ResourceType: For resource 0x7f0e013b, entry index(315) is beyond type entryCount(142)
06-28 13:51:11.132  1412  1699 E SurfaceFlinger: Permission Denial: can't openGlobalTransaction pid=29061, uid<=10104
06-28 13:51:11.134 29061 29061 E BpSurfaceComposerClient: Failed to transact (-1)
06-28 13:51:11.167  1708  1926 D EGL_emulation: eglMakeCurrent: 0x9268e860: ver 2 0 (tinfo 0x92690770)
06-28 13:51:11.191  1412  1699 E SurfaceFlinger: Permission Denial: can't openGlobalTransaction pid=29061, uid<=10104
06-28 13:51:11.192 29061 29061 E BpSurfaceComposerClient: Failed to transact (-1)
06-28 13:51:11.232 29061 29102 D EGL_emulation: eglMakeCurrent: 0xa6785600: ver 2 0 (tinfo 0xa6783370)
06-28 13:51:11.255  1401  1401 D gralloc_ranchu: gralloc_alloc: Creating ashmem region of size 8298496
06-28 13:51:11.262 19546 19546 I GeofencerStateMachine: sendNewLocationAvailability: availability=LocationAvailability[isLocationAvailable: true]
06-28 13:51:11.378  1708  1926 D EGL_emulation: eglMakeCurrent: 0x9268e860: ver 2 0 (tinfo 0x92690770)
06-28 13:51:11.386  1401  1401 D gralloc_ranchu: gralloc_alloc: Creating ashmem region of size 3878912
06-28 13:51:11.588  2548  2558 I zygote  : NativeAlloc concurrent copying GC freed 4331(276KB) AllocSpace objects, 2(104KB) LOS objects, 50% free, 4MB/8MB, paused 17.669ms total 684.612ms
06-28 13:51:11.615  1603  1616 E memtrack: Couldn't load memtrack module
06-28 13:51:11.616  1603  1616 W android.os.Debug: failed to get memory consumption info: -1
06-28 13:51:11.638 29061 29102 D EGL_emulation: eglMakeCurrent: 0xa6785600: ver 2 0 (tinfo 0xa6783370)
06-28 13:51:11.646 32311 32365 I UnityAds: com.unity3d.ads.configuration.InitializeThread$InitializeStateConfig.execute() (line:214) :: Unity Ads init: load configuration from https://config.unityads.unity3d.com/webview/2.1.1/release/config.json
06-28 13:51:11.675  1401  1401 D gralloc_ranchu: gralloc_alloc: Creating ashmem region of size 8298496
06-28 13:51:11.710 29061 29102 D EGL_emulation: eglMakeCurrent: 0xa6785600: ver 2 0 (tinfo 0xa6783370)
06-28 13:51:11.734  1401  1401 D gralloc_ranchu: gralloc_alloc: Creating ashmem region of size 8298496
06-28 13:51:11.864  1412  1412 W SurfaceFlinger: couldn't log to binary event log: overflow.
06-28 13:51:11.864  1412  1412 W SurfaceFlinger: couldn't log to binary event log: overflow.
06-28 13:51:11.978  1401  1401 D gralloc_ranchu: gralloc_alloc: Creating ashmem region of size 3878912
06-28 13:51:12.062 19546 32140 W ctxmgr  : [WorkManager] Long workInfo: pkg=com.google.android.gms, lbl=ListenerInvokerRunner, start=2019-06-28 13:51:10.203-0400, stop=2019-06-28 13:51:11.793-0400, durtn=1590ms [CONTEXT service_id=47 ]
06-28 13:51:12.127  1708  1926 D EGL_emulation: eglMakeCurrent: 0x9268e860: ver 2 0 (tinfo 0x92690770)
06-28 13:51:12.144 32484 32528 I PBSessionCacheImpl: Deleted sessionId[6956284592969] from persistence.
06-28 13:51:12.221  1603  1877 I WifiService: getWifiEnabledState uid=10032
06-28 13:51:12.272  1603  1616 I GnssLocationProvider: WakeLock acquired by sendMessage(ENABLE, 1, null)
06-28 13:51:12.272  1603  1616 I GnssLocationProvider: WakeLock acquired by sendMessage(SET_REQUEST, 0, com.android.server.location.GnssLocationProvider$GpsRequest@913bda3)
06-28 13:51:12.294  1603  1617 W BroadcastQueue: Background execution not allowed: receiving Intent { act=android.location.PROVIDERS_CHANGED flg=0x10 } to com.google.android.apps.maps/com.google.android.apps.gmm.locationsharing.usr.LocationAvailabilityChecker$LocationProvidersChangedBroadcastReceiver
06-28 13:51:12.294  1603  1617 W BroadcastQueue: Background execution not allowed: receiving Intent { act=android.location.PROVIDERS_CHANGED flg=0x10 } to com.google.android.gms/com.google.android.location.internal.NlpNetworkProviderSettingsUpdateReceiver
06-28 13:51:12.318  1603  1617 W BroadcastQueue: Background execution not allowed: receiving Intent { act=android.location.PROVIDERS_CHANGED flg=0x10 } to com.google.android.gms/.chimera.GmsIntentOperationService$PersistentTrustedReceiver
06-28 13:51:12.319  1603  1617 W BroadcastQueue: Background execution not allowed: receiving Intent { act=android.location.PROVIDERS_CHANGED flg=0x10 } to com.google.android.googlequicksearchbox/com.google.android.apps.gsa.broadcastreceiver.external.ExternalCommonBroadcastReceiver
06-28 13:51:12.320  1603  1617 W BroadcastQueue: Background execution not allowed: receiving Intent { act=android.location.MODE_CHANGED flg=0x10 } to com.google.android.apps.maps/com.google.android.apps.gmm.locationsharing.usr.LocationAvailabilityChecker$LocationProvidersChangedBroadcastReceiver
06-28 13:51:12.324  1603  1617 W BroadcastQueue: Background execution not allowed: receiving Intent { act=android.location.MODE_CHANGED flg=0x10 } to com.google.android.gms/.chimera.GmsIntentOperationService$PersistentTrustedReceiver
06-28 13:51:12.337  1400  1400 W GnssHAL_GnssInterface: setCallback called more than once. Unexpected unless test.
06-28 13:51:12.338  1603  1603 D GpsNetInitiatedHandler: location enabled :true
06-28 13:51:12.341  1603  1616 D GnssLocationProvider: gnssSetSystemInfoCb: yearOfHw=2015
06-28 13:51:12.347  1603  1616 D GnssLocationProvider: gnssSetCapabilitesCb: 0u
06-28 13:51:12.347  1603  1616 D GnssLocationProvider: gnssSetSystemInfoCb: yearOfHw=2015
06-28 13:51:12.348  1603  1616 E GnssLocationProvider: Unable to initialize GNSS Xtra interface
06-28 13:51:12.348  1603  1616 E GnssLocationProvider: Unable to Initialize AGnss interface
06-28 13:51:12.348  1603  1616 E GnssLocationProvider: Unable to initialize GNSS Geofencing interface
06-28 13:51:12.348  1603  1616 E GnssLocationProvider: Unable to initialize GNSS NI interface
06-28 13:51:12.348  1603  1616 E GnssLocationProvider: no AGPS interface in set_agps_server
06-28 13:51:12.348  1603  1616 E GnssLocationProvider: Failed to initialize GNSS batching
06-28 13:51:12.348  1603  1616 I GnssLocationProvider: WakeLock released by handleMessage(ENABLE, 1, null)
06-28 13:51:12.350  1603  1616 I GnssLocationProvider: WakeLock released by handleMessage(SET_REQUEST, 0, com.android.server.location.GnssLocationProvider$GpsRequest@913bda3)
06-28 13:51:12.528 32484 32519 W SearchServiceCore: Abort, client detached.
06-28 13:51:12.665 32484 32495 W zygote  : Suspending all threads took: 35.832ms
06-28 13:51:12.885 29061 29061 I net.osmand: TTSCommandPlayerImpl Send message to pebble sinal g p s recuperado 
06-28 13:51:12.888 29061 29061 D net.osmand: AbstractPrologCommandPlayer requestAudioFocus
06-28 13:51:12.935 29061 29061 W AudioManager: Use of stream types is deprecated for operations other than volume control
06-28 13:51:12.935 29061 29061 W AudioManager: See the documentation of requestAudioFocus() for what to use instead with android.media.AudioAttributes to qualify your playback use case
06-28 13:51:12.941  1603  2149 I MediaFocusControl: requestAudioFocus() from uid/pid 10104/29061 clientId=android.media.AudioManager@e0b46a6net.osmand.plus.api.AudioFocusHelperImpl@19a6f55 callingPack=net.osmand req=3 flags=0x0 sdk=26
06-28 13:51:12.942 29061 29061 D net.osmand: TTSCommandPlayerImpl ttsRequests=1
06-28 13:51:13.015 19546 19546 I GeofencerStateMachine: sendQueryLocationOptIn
06-28 13:51:13.048 12744 29258 I TTS.GoogleTTSServiceImp: Synthesis request for locale por-BRA and name pt-BR-language
06-28 13:51:13.105 12744 29258 I TTS.GoogleTTSServiceImp: TTS dispatch: pt-br-x-afs-lstm-embedded
06-28 13:51:13.126 19546 19546 I GeofencerStateMachine: sendNewTransitions called.
06-28 13:51:13.143 12744 29259 D AudioTrack: Client defaulted notificationFrames to 1365 for frameCount 4096
06-28 13:51:13.174  1603  2149 V MediaRouterService: restoreBluetoothA2dp(false)
06-28 13:51:13.178  1393  3231 W audio_hw_generic: Not supplying enough data to HAL, expected position 144782668 , only wrote 144782640
06-28 13:51:13.497 19546 19546 I GeofencerStateMachine: removeGeofences: removeRequest=RemoveGeofencingRequest[REMOVE_BY_PENDING_INTENT pendingIntent=PendingIntent[creatorPackage=com.google.android.gms], packageName=com.google.android.gms]
06-28 13:51:13.510 19546 19546 I GeofencerStateMachine: removeGeofences: removeRequest=RemoveGeofencingRequest[REMOVE_BY_PENDING_INTENT pendingIntent=PendingIntent[creatorPackage=com.google.android.gms], packageName=com.google.android.gms]
06-28 13:51:13.583 19546 32581 I PlaceInferenceEngine: [anon] Changed inference mode: 0
06-28 13:51:13.683  1401  1401 D gralloc_ranchu: gralloc_alloc: Creating ashmem region of size 3878912
06-28 13:51:13.726  1603  5561 W ActivityManager: Unable to start service Intent { act=com.google.android.gms.nearby.discovery:ACTION_PERMISSION_CHANGE cmp=com.google.android.gms/.nearby.discovery.service.DiscoveryService } U=0: not found
06-28 13:51:13.792 19546 32588 I GCoreUlr: Starting service, intent=Intent { act=com.google.android.location.reporting.ACTION_UPDATE_WORLD cmp=com.google.android.gms/com.google.android.location.reporting.service.DispatchingService (has extras) }, extras=Bundle[{receiverAction=android.location.PROVIDERS_CHANGED}]
06-28 13:51:13.845 19546 32581 I PlaceInferenceEngine: [account#1066226748] Changed inference mode: 0
06-28 13:51:13.913 19546 32581 I Places  : Converted 0 out of 1 WiFi scans
06-28 13:51:13.920  1603  2119 I WifiService: getConnectionInfo uid=10014
06-28 13:51:14.059 19546 19546 E BluetoothAdapter: Bluetooth binder is null
06-28 13:51:14.235 19546 32137 I GCoreUlr: WorldUpdater received intent Intent { act=com.google.android.location.reporting.ACTION_UPDATE_WORLD cmp=com.google.android.gms/com.google.android.location.reporting.service.DispatchingService (has extras) } with receiverAction android.location.PROVIDERS_CHANGED
06-28 13:51:14.238  1603  1614 D WificondControl: Scan result ready event
06-28 13:51:14.240  1475  1571 D AudioFlinger: mixer(0xaa803cc0) throttle end: throttle time(12)
06-28 13:51:14.502 19546 32137 I GCoreUlr: WorldUpdater:android.location.PROVIDERS_CHANGED: Ensuring that reporting is stopped because of reasons: {account#8#=[InactiveReason{mIdentifier=6, mName='ReportingNotEnabled'}, InactiveReason{mIdentifier=14, mName='HistoryNotEnabled'}]}
06-28 13:51:14.585 19546 32137 I GCoreUlr: Unbound from all signal providers.
06-28 13:51:14.590 19546 31963 I GCoreUlr: Successfully accounts update
06-28 13:51:14.606  1475  1571 D AudioFlinger: mixer(0xaa803cc0) throttle end: throttle time(9)
06-28 13:51:14.724  1393  3231 W audio_hw_generic: Not supplying enough data to HAL, expected position 144856845 , only wrote 144856080
06-28 13:51:14.725  1393  3231 W audio_hw_generic: Not supplying enough data to HAL, expected position 144856096 , only wrote 144856080
06-28 13:51:14.745  1393  3231 W audio_hw_generic: Not supplying enough data to HAL, expected position 144857065 , only wrote 144856800
06-28 13:51:14.994 19546 32140 I ctxmgr  : [ProducerStatusImpl] updateStateForNewContextData: inactive, contextName=7 [CONTEXT service_id=47 ]
06-28 13:51:14.996 19546 32137 I GCoreUlr: DispatchingService ignoring Intent { act=android.net.wifi.WIFI_STATE_CHANGED flg=0x4000010 (has extras) } because ULR inactive
06-28 13:51:15.005  1393  3231 W audio_hw_generic: Not supplying enough data to HAL, expected position 144869284 , only wrote 144868320
06-28 13:51:15.006  1393  3231 W audio_hw_generic: Not supplying enough data to HAL, expected position 144868331 , only wrote 144868320
06-28 13:51:15.029  1393  3231 W audio_hw_generic: Not supplying enough data to HAL, expected position 144869442 , only wrote 144869040
06-28 13:51:15.050  1475  1571 D AudioFlinger: mixer(0xaa803cc0) throttle end: throttle time(12)
06-28 13:51:15.152  1393  3231 W audio_hw_generic: Not supplying enough data to HAL, expected position 144874943 , only wrote 144873360
06-28 13:51:15.184  1603  2974 I WifiService: releaseWifiLock uid=10014
06-28 13:51:15.221  1475  1571 D AudioFlinger: mixer(0xaa803cc0) throttle end: throttle time(3)
06-28 13:51:15.354 19546 19546 I zygote  : IncrementDisableThreadFlip blocked for 54.674ms
06-28 13:51:15.362 19546 19642 I zygote  : IncrementDisableThreadFlip blocked for 62.219ms
06-28 13:51:15.373 19546 19546 I GCoreUlr: Unbound from all signal providers.
06-28 13:51:15.373 19546 19546 I GCoreUlr: Stopping handler for UlrDispSvcFast
06-28 13:51:15.404  1393  3231 W audio_hw_generic: Not supplying enough data to HAL, expected position 144885480 , only wrote 144884880
06-28 13:51:15.420  1393  3231 W audio_hw_generic: Not supplying enough data to HAL, expected position 144885652 , only wrote 144885600
06-28 13:51:15.435 19546 32582 I GCoreUlr: Successfully accounts update
06-28 13:51:15.718  1393  3231 W audio_hw_generic: Not supplying enough data to HAL, expected position 144899872 , only wrote 144899280
06-28 13:51:15.809  1475  1571 D AudioFlinger: mixer(0xaa803cc0) throttle end: throttle time(5)
06-28 13:51:15.966 12744 29259 D AudioTrack: stop() called with 57530 frames delivered
06-28 13:51:15.971  1603  2119 V MediaRouterService: restoreBluetoothA2dp(false)
06-28 13:51:15.989 29061 30265 D net.osmand: AbstractPrologCommandPlayer abandonAudioFocus
06-28 13:51:16.005  1603  2119 I MediaFocusControl: abandonAudioFocus() from uid/pid 10104/29061 clientId=android.media.AudioManager@e0b46a6net.osmand.plus.api.AudioFocusHelperImpl@19a6f55
06-28 13:51:16.010 29061 30265 D net.osmand: TTSCommandPlayerImpl ttsRequests=0
06-28 13:51:16.647 19546 19556 I zygote  : Background concurrent copying GC freed 148517(6MB) AllocSpace objects, 32(2MB) LOS objects, 33% free, 12MB/18MB, paused 15.390ms total 1.388s
06-28 13:51:16.955  1603  1612 I zygote  : Background concurrent copying GC freed 68337(4MB) AllocSpace objects, 14(488KB) LOS objects, 19% free, 24MB/30MB, paused 26.916ms total 2.881s
06-28 13:51:17.002  1393  3231 W audio_hw_generic: Not supplying enough data to HAL, expected position 144960937 , only wrote 144960480
06-28 13:51:17.003  1393  3231 W audio_hw_generic: Not supplying enough data to HAL, expected position 144960497 , only wrote 144960480
06-28 13:51:17.038  1393  3231 W audio_hw_generic: Not supplying enough data to HAL, expected position 144962192 , only wrote 144961200
06-28 13:51:17.225  1393  3231 W audio_hw_generic: Not supplying enough data to HAL, expected position 144970161 , only wrote 144969840
06-28 13:51:17.433  1393  3231 W audio_hw_generic: Not supplying enough data to HAL, expected position 144979804 , only wrote 144978480
06-28 13:51:17.433  1393  3231 W audio_hw_generic: Not supplying enough data to HAL, expected position 144978490 , only wrote 144978480
06-28 13:51:17.450  1393  3231 W audio_hw_generic: Not supplying enough data to HAL, expected position 144979287 , only wrote 144979200
06-28 13:51:17.506 29061 29071 I zygote  : Background concurrent copying GC freed 218638(5MB) AllocSpace objects, 13(580KB) LOS objects, 16% free, 29MB/35MB, paused 11.541ms total 2.033s
06-28 13:51:17.610 19546 32581 I Places  : ?: PlacesBleScanner start() with priority 2
06-28 13:51:17.611 19546 32581 I PlaceInferenceEngine: [anon] Changed inference mode: 1
06-28 13:51:17.613 19546 32581 I PlaceInferenceEngine: [account#1066226748] Changed inference mode: 1
06-28 13:51:17.685 19546 32581 I Places  : Converted 1 out of 1 WiFi scans
06-28 13:51:17.687  1603  2119 I WifiService: getConnectionInfo uid=10014
06-28 13:51:17.784  1393  3231 W audio_hw_generic: Not supplying enough data to HAL, expected position 144995206 , only wrote 144995040
06-28 13:51:17.800 19546 32581 I PlaceInferenceEngine: [account#1066226748] Changed inference mode: 1
06-28 13:51:17.800 19546 32581 I PlaceInferenceEngine: [anon] Changed inference mode: 1
06-28 13:51:18.016 19546 19546 E BeaconBle: Missing BluetoothAdapter
06-28 13:51:18.016 19546 19546 I BeaconBle: BLE 'KK+' software access layer enabled
06-28 13:51:18.136 19546 19546 I BeaconBle: Client requested scan, settings=BleSettings [scanMode=ZERO_POWER, callbackType=ALL_MATCHES, reportDelayMillis=0, 1 filters, 0 clients, callingClientName=Places]
06-28 13:51:18.154 19546 19546 I BeaconBle: Scan : No clients left, canceling alarm.
06-28 13:51:18.155 19546 19546 E BeaconBle: Scan couldn't start for Places
06-28 13:51:18.155 19546 19546 W Places  : BLE failure while scanning - code 5
06-28 13:51:18.384 32484 32489 I zygote  : Do full code cache collection, code=248KB, data=171KB
06-28 13:51:18.396 32484 32600 I FA      : App measurement is starting up, version: 16250
06-28 13:51:18.396 32484 32600 I FA      : To enable debug logging run: adb shell setprop log.tag.FA VERBOSE
06-28 13:51:18.396 32484 32600 I FA      : To enable faster debug mode event logging run:
06-28 13:51:18.396 32484 32600 I FA      :   adb shell setprop debug.firebase.analytics.app com.google.android.googlequicksearchbox
06-28 13:51:18.447  1393  3231 W audio_hw_generic: Not supplying enough data to HAL, expected position 145026915 , only wrote 145025280
06-28 13:51:18.448  1393  3231 W audio_hw_generic: Not supplying enough data to HAL, expected position 145025300 , only wrote 145025280
06-28 13:51:18.466  1393  3231 W audio_hw_generic: Not supplying enough data to HAL, expected position 145026157 , only wrote 145026000
06-28 13:51:18.533 32484 32489 I zygote  : After code cache collection, code=197KB, data=105KB
06-28 13:51:18.991  1393  1565 W audio_hw_generic: Not supplying enough data to HAL, expected position 145075518 , only wrote 145051200
06-28 13:51:19.640 19546 32581 I Places  : ?: PlacesBleScanner stop()
06-28 13:51:19.653 19546 19546 I BeaconBle: Scan : No clients left, canceling alarm.
06-28 13:51:19.655 19546 19546 I BeaconBle: Scan canceled successfully.
06-28 13:51:19.780 19546 32581 I PlaceInferenceEngine: [anon] Changed inference mode: 0
06-28 13:51:19.780 19546 32581 I PlaceInferenceEngine: [account#1066226748] Changed inference mode: 0
06-28 13:51:20.016 19546 19546 I GeofencerStateMachine: removeGeofences: removeRequest=RemoveGeofencingRequest[REMOVE_BY_PENDING_INTENT pendingIntent=PendingIntent[creatorPackage=com.google.android.gms], packageName=com.google.android.gms]
06-28 13:51:20.109  1603  1616 E memtrack: Couldn't load memtrack module
06-28 13:51:20.109  1603  1616 W android.os.Debug: failed to get memory consumption info: -1
06-28 13:51:20.166 19546 19558 W MessageQueue: Handler (aeyl) {881d791} sending message to a Handler on a dead thread
06-28 13:51:20.166 19546 19558 W MessageQueue: java.lang.IllegalStateException: Handler (aeyl) {881d791} sending message to a Handler on a dead thread
06-28 13:51:20.166 19546 19558 W MessageQueue: 	at android.os.MessageQueue.enqueueMessage(MessageQueue.java:545)
06-28 13:51:20.166 19546 19558 W MessageQueue: 	at android.os.Handler.enqueueMessage(Handler.java:662)
06-28 13:51:20.166 19546 19558 W MessageQueue: 	at android.os.Handler.sendMessageAtTime(Handler.java:631)
06-28 13:51:20.166 19546 19558 W MessageQueue: 	at aeyl.sendMessageAtTime(Unknown Source:3)
06-28 13:51:20.166 19546 19558 W MessageQueue: 	at android.os.Handler.sendMessageDelayed(Handler.java:601)
06-28 13:51:20.166 19546 19558 W MessageQueue: 	at android.os.Handler.post(Handler.java:357)
06-28 13:51:20.166 19546 19558 W MessageQueue: 	at bcln.execute(Unknown Source:2)
06-28 13:51:20.166 19546 19558 W MessageQueue: 	at aanh.execute(Unknown Source:9)
06-28 13:51:20.166 19546 19558 W MessageQueue: 	at avft.a(:com.google.android.gms@17785022@17.7.85 (040700-253824076):3)
06-28 13:51:20.166 19546 19558 W MessageQueue: 	at avgk.a(:com.google.android.gms@17785022@17.7.85 (040700-253824076):8)
06-28 13:51:20.166 19546 19558 W MessageQueue: 	at avgn.a(:com.google.android.gms@17785022@17.7.85 (040700-253824076):43)
06-28 13:51:20.166 19546 19558 W MessageQueue: 	at avgj.a(:com.google.android.gms@17785022@17.7.85 (040700-253824076):2)
06-28 13:51:20.166 19546 19558 W MessageQueue: 	at rpj.a(:com.google.android.gms@17785022@17.7.85 (040700-253824076):3)
06-28 13:51:20.166 19546 19558 W MessageQueue: 	at rpj.a(:com.google.android.gms@17785022@17.7.85 (040700-253824076):2)
06-28 13:51:20.166 19546 19558 W MessageQueue: 	at agos.a(Unknown Source:2)
06-28 13:51:20.166 19546 19558 W MessageQueue: 	at rnt.a(Unknown Source:11)
06-28 13:51:20.166 19546 19558 W MessageQueue: 	at aamg.a(:com.google.android.gms@17785022@17.7.85 (040700-253824076):1)
06-28 13:51:20.166 19546 19558 W MessageQueue: 	at cwm.onTransact(:com.google.android.gms@17785022@17.7.85 (040700-253824076):4)
06-28 13:51:20.166 19546 19558 W MessageQueue: 	at android.os.Binder.execTransact(Binder.java:697)
06-28 13:51:20.228  1603  1620 E BatteryExternalStatsWorker: modem info is invalid: ModemActivityInfo{ mTimestamp=0 mSleepTimeMs=0 mIdleTimeMs=0 mTxTimeMs[]=[0, 0, 0, 0, 0] mRxTimeMs=0 mEnergyUsed=0}
06-28 13:51:20.418  1603  1616 E memtrack: Couldn't load memtrack module
06-28 13:51:20.418  1603  1616 W android.os.Debug: failed to get memory consumption info: -1
06-28 13:51:20.535 19546 31963 W MessageQueue: Handler (aeyl) {881d791} sending message to a Handler on a dead thread
06-28 13:51:20.535 19546 31963 W MessageQueue: java.lang.IllegalStateException: Handler (aeyl) {881d791} sending message to a Handler on a dead thread
06-28 13:51:20.535 19546 31963 W MessageQueue: 	at android.os.MessageQueue.enqueueMessage(MessageQueue.java:545)
06-28 13:51:20.535 19546 31963 W MessageQueue: 	at android.os.Handler.enqueueMessage(Handler.java:662)
06-28 13:51:20.535 19546 31963 W MessageQueue: 	at android.os.Handler.sendMessageAtTime(Handler.java:631)
06-28 13:51:20.535 19546 31963 W MessageQueue: 	at aeyl.sendMessageAtTime(Unknown Source:3)
06-28 13:51:20.535 19546 31963 W MessageQueue: 	at android.os.Handler.sendMessageDelayed(Handler.java:601)
06-28 13:51:20.535 19546 31963 W MessageQueue: 	at android.os.Handler.post(Handler.java:357)
06-28 13:51:20.535 19546 31963 W MessageQueue: 	at bhmo.execute(:com.google.android.gms@17785022@17.7.85 (040700-253824076):3)
06-28 13:51:20.535 19546 31963 W MessageQueue: 	at bhbp.run(:com.google.android.gms@17785022@17.7.85 (040700-253824076):8)
06-28 13:51:20.535 19546 31963 W MessageQueue: 	at squ.b(:com.google.android.gms@17785022@17.7.85 (040700-253824076):37)
06-28 13:51:20.535 19546 31963 W MessageQueue: 	at squ.run(:com.google.android.gms@17785022@17.7.85 (040700-253824076):18)
06-28 13:51:20.535 19546 31963 W MessageQueue: 	at java.util.concurrent.ThreadPoolExecutor.runWorker(ThreadPoolExecutor.java:1162)
06-28 13:51:20.535 19546 31963 W MessageQueue: 	at java.util.concurrent.ThreadPoolExecutor$Worker.run(ThreadPoolExecutor.java:636)
06-28 13:51:20.535 19546 31963 W MessageQueue: 	at swz.run(Unknown Source:7)
06-28 13:51:20.535 19546 31963 W MessageQueue: 	at java.lang.Thread.run(Thread.java:764)
06-28 13:51:21.495 29061 29071 I zygote  : Background concurrent copying GC freed 401265(8MB) AllocSpace objects, 0(0B) LOS objects, 18% free, 27MB/33MB, paused 1.793ms total 682.748ms
06-28 13:51:23.004  1402  1417 D hwcomposer: hw_composer sent 96 syncs in 65s
06-28 13:51:24.151 29061 29071 I zygote  : Background concurrent copying GC freed 299342(6MB) AllocSpace objects, 0(0B) LOS objects, 18% free, 26MB/32MB, paused 3.443ms total 364.541ms
06-28 13:51:24.695 19546 19546 I BeaconBle: Scan : No clients left, canceling alarm.
06-28 13:51:24.713  1603  1616 E memtrack: Couldn't load memtrack module
06-28 13:51:24.713  1603  1616 W android.os.Debug: failed to get memory consumption info: -1
06-28 13:51:27.079 32484 32519 I WorkerManager: dispose()
06-28 13:51:27.096 32484 32519 W ThreadPoolDumper: Queue length for executor EventBus is now 11. Perhaps some tasks are too long, or the pool is too small.
06-28 13:51:27.194 29061 29071 I zygote  : Background concurrent copying GC freed 294888(6MB) AllocSpace objects, 0(0B) LOS objects, 17% free, 27MB/33MB, paused 5.355ms total 530.380ms
06-28 13:51:30.399 29061 29071 I zygote  : Background concurrent copying GC freed 323768(7MB) AllocSpace objects, 0(0B) LOS objects, 17% free, 27MB/33MB, paused 2.242ms total 527.396ms
06-28 13:51:31.496  1603  1877 I WifiService: acquireWifiLock uid=10014 lockMode=2
06-28 13:51:31.506  1603  1674 D RecurrenceRule: Resolving using anchor 2019-06-28T17:51:31.505Z[GMT]
06-28 13:51:31.512  1603  1674 D RecurrenceRule: Resolving using anchor 2019-06-28T17:51:31.512Z[GMT]
06-28 13:51:31.520  1603  1674 D RecurrenceRule: Cycle 17 from 2019-06-09T00:00Z[GMT] to 2019-07-09T00:00Z[GMT]
06-28 13:51:31.535  1603  1674 D NetworkStats: Resolving plan for NetworkTemplate: matchRule=MOBILE_ALL, subscriberId=310260..., matchSubscriberIds=[310260...]
06-28 13:51:31.577  1603  1674 D NetworkStats: Found active matching subId 1
06-28 13:51:31.598  1603  1674 D NetworkStats: Resolved to plan null
06-28 13:51:31.729  1603  5561 I WifiService: releaseWifiLock uid=10014
06-28 13:51:32.322  1603  2119 I ActivityManager: Killing 32257:com.android.chrome:sandboxed_process2/u0a14i18 (adj 0): isolated not needed
06-28 13:51:32.328  1603  1619 W zygote  : Failed to open process cgroup uid 99018 pid 32257: No such file or directory
06-28 13:51:32.328  1603  1619 E zygote  : Error encountered killing process cgroup uid 99018 pid 32257: No such file or directory
06-28 13:51:32.335  1603  1616 E memtrack: Couldn't load memtrack module
06-28 13:51:32.336  1603  1616 W android.os.Debug: failed to get memory consumption info: -1
06-28 13:51:32.439 19569 22344 D EGL_emulation: eglMakeCurrent: 0x8ce478e0: ver 2 0 (tinfo 0x84e7e690)
06-28 13:51:32.444  1603  1620 E KernelCpuSpeedReader: Failed to read cpu-freq: /sys/devices/system/cpu/cpu0/cpufreq/stats/time_in_state (No such file or directory)
06-28 13:51:32.449  1603  1620 D KernelUidCpuTimeReader: Removing uids 99018-99018
06-28 13:51:32.478 19569 22344 D EGL_emulation: eglMakeCurrent: 0x8ce478e0: ver 2 0 (tinfo 0x84e7e690)
06-28 13:51:33.329 29061 29071 I zygote  : Background concurrent copying GC freed 331021(7MB) AllocSpace objects, 0(0B) LOS objects, 18% free, 26MB/32MB, paused 27.662ms total 504.448ms
06-28 13:51:33.585 29111 29127 I Finsky  : [1119] imb.run(3): Stats for Executor: BlockingExecutor ink@477781[Running, pool size = 0, active threads = 0, queued tasks = 0, completed tasks = 13]
06-28 13:51:33.697 29111 29127 I Finsky  : [1119] imb.run(3): Stats for Executor: LightweightExecutor ink@39d6026[Running, pool size = 2, active threads = 0, queued tasks = 0, completed tasks = 70]
06-28 13:51:34.388 29111 29127 I Finsky  : [1119] imb.run(3): Stats for Executor: bgExecutor ink@b1b467[Running, pool size = 4, active threads = 0, queued tasks = 0, completed tasks = 37]
06-28 13:51:34.457  1603  5561 D WificondControl: Scan result ready event
06-28 13:51:34.923 19569 22334 E chromium: [ERROR:ssl_client_socket_impl.cc(946)] handshake failed; returned -1, SSL error code 1, net_error -100
06-28 13:51:36.206 29061 29071 I zygote  : Background concurrent copying GC freed 289343(6MB) AllocSpace objects, 0(0B) LOS objects, 17% free, 28MB/34MB, paused 1.270ms total 709.511ms
06-28 13:51:37.244  1603  1616 E memtrack: Couldn't load memtrack module
06-28 13:51:37.244  1603  1616 W android.os.Debug: failed to get memory consumption info: -1
06-28 13:51:37.300  1603  1616 E memtrack: Couldn't load memtrack module
06-28 13:51:37.300  1603  1616 W android.os.Debug: failed to get memory consumption info: -1
06-28 13:51:38.493 29061 29071 I zygote  : WaitForGcToComplete blocked Background on None for 8.791ms
06-28 13:51:39.494 32378 32413 E libRealRacing3: OnAgeComplianceRefreshed: error during refresh; we have not refreshed age compliance
06-28 13:51:39.566 29061 29071 I zygote  : Background concurrent copying GC freed 346975(7MB) AllocSpace objects, 0(0B) LOS objects, 17% free, 27MB/33MB, paused 2.085ms total 1.072s
06-28 13:51:39.807  1603  1612 I zygote  : Background concurrent copying GC freed 88644(5MB) AllocSpace objects, 5(120KB) LOS objects, 18% free, 25MB/31MB, paused 1.379ms total 987.161ms
06-28 13:51:41.612  1401  1401 D gralloc_ranchu: gralloc_alloc: Creating ashmem region of size 8298496
06-28 13:51:42.199 29061 29071 I zygote  : Background concurrent copying GC freed 318129(7MB) AllocSpace objects, 0(0B) LOS objects, 17% free, 27MB/33MB, paused 1.545ms total 631.978ms
06-28 13:51:43.728 19546 19546 I GeofencerStateMachine: sendNewTransitions called.
06-28 13:51:44.460 29061 29071 I zygote  : Background concurrent copying GC freed 324359(7MB) AllocSpace objects, 0(0B) LOS objects, 18% free, 26MB/32MB, paused 4.303ms total 310.099ms
06-28 13:51:47.598 29061 29071 I zygote  : Background concurrent copying GC freed 295007(6MB) AllocSpace objects, 0(0B) LOS objects, 17% free, 28MB/34MB, paused 5.178ms total 803.966ms
06-28 13:51:50.357 29061 29071 I zygote  : Background concurrent copying GC freed 363163(8MB) AllocSpace objects, 0(0B) LOS objects, 18% free, 27MB/33MB, paused 12.754ms total 537.346ms
06-28 13:51:51.225  1409  1409 I boot-pipe: done populating /dev/random
06-28 13:51:51.508  1603  2119 I WifiService: acquireWifiLock uid=10014 lockMode=2
06-28 13:51:51.519  1603  1616 E memtrack: Couldn't load memtrack module
06-28 13:51:51.519  1603  1616 W android.os.Debug: failed to get memory consumption info: -1
06-28 13:51:51.615  1603  1616 E memtrack: Couldn't load memtrack module
06-28 13:51:51.615  1603  1616 W android.os.Debug: failed to get memory consumption info: -1
06-28 13:51:51.720  1603  5561 I WifiService: releaseWifiLock uid=10014
06-28 13:51:52.370 29061 29071 I zygote  : Background concurrent copying GC freed 290405(6MB) AllocSpace objects, 0(0B) LOS objects, 18% free, 26MB/32MB, paused 1.613ms total 323.853ms
06-28 13:51:55.224 29061 29071 I zygote  : Background concurrent copying GC freed 289519(6MB) AllocSpace objects, 0(0B) LOS objects, 18% free, 27MB/33MB, paused 1.873ms total 377.670ms
06-28 13:51:56.222  1603  1620 E BatteryExternalStatsWorker: modem info is invalid: ModemActivityInfo{ mTimestamp=0 mSleepTimeMs=0 mIdleTimeMs=0 mTxTimeMs[]=[0, 0, 0, 0, 0] mRxTimeMs=0 mEnergyUsed=0}
06-28 13:51:56.571 32378 32478 E CCJ     : [HttpRequest] Error processing HTTP error stream, 'unexpected end of stream on com.android.okhttp.Address@3ff409a6' Cause: java.io.EOFException: \n not found: size=0 content=...
06-28 13:51:56.574 32378 32478 E CCJ     : [HttpRequest] HTTP IOException: unexpected end of stream on com.android.okhttp.Address@3ff409a6 Cause: java.io.EOFException: \n not found: size=0 content=...
06-28 13:51:57.494 29061 29071 I zygote  : Background concurrent copying GC freed 297076(6MB) AllocSpace objects, 0(0B) LOS objects, 18% free, 26MB/32MB, paused 3.972ms total 330.830ms
06-28 13:52:01.140 29061 29071 I zygote  : Background concurrent copying GC freed 290432(6MB) AllocSpace objects, 0(0B) LOS objects, 17% free, 28MB/34MB, paused 6.485ms total 671.191ms
06-28 13:52:03.822 29061 29071 I zygote  : Background concurrent copying GC freed 365083(8MB) AllocSpace objects, 0(0B) LOS objects, 18% free, 26MB/32MB, paused 2.079ms total 392.622ms
06-28 13:52:05.911 29061 29071 I zygote  : WaitForGcToComplete blocked Background on None for 20.718ms
06-28 13:52:06.343 29061 29071 I zygote  : Background concurrent copying GC freed 304820(6MB) AllocSpace objects, 0(0B) LOS objects, 18% free, 26MB/32MB, paused 2.680ms total 429.429ms
06-28 13:52:06.610 32083 32142 I UnityAds: com.unity3d.services.core.configuration.InitializeThread$InitializeStateConfig.execute() (line:191) :: Unity Ads init: load configuration from https://config.unityads.unity3d.com/webview/3.0.3/release/config.json
06-28 13:52:07.880 32311 32365 I UnityAds: com.unity3d.ads.configuration.InitializeThread$InitializeStateConfig.execute() (line:214) :: Unity Ads init: load configuration from https://config.unityads.unity3d.com/webview/2.1.1/release/config.json
06-28 13:52:09.206 29061 29071 I zygote  : Background concurrent copying GC freed 269539(5MB) AllocSpace objects, 0(0B) LOS objects, 17% free, 28MB/34MB, paused 1.269ms total 708.834ms
06-28 13:52:09.882  1603  1612 I zygote  : Background concurrent copying GC freed 106822(7MB) AllocSpace objects, 3(60KB) LOS objects, 19% free, 25MB/31MB, paused 10.551ms total 681.229ms
06-28 13:52:11.069 29061 29071 I zygote  : Background concurrent copying GC freed 347710(7MB) AllocSpace objects, 0(0B) LOS objects, 18% free, 27MB/33MB, paused 1.222ms total 333.469ms
06-28 13:52:12.536  1603  2119 I WifiService: acquireWifiLock uid=10014 lockMode=2
06-28 13:52:13.292 29061 29071 I zygote  : Background concurrent copying GC freed 294410(6MB) AllocSpace objects, 0(0B) LOS objects, 18% free, 26MB/32MB, paused 2.816ms total 309.473ms
06-28 13:52:13.724 19546 19546 I GeofencerStateMachine: sendNewTransitions called.
06-28 13:52:15.565  1603  2119 D WificondControl: Scan result ready event
06-28 13:52:15.662  1603  1613 I WifiService: releaseWifiLock uid=10014
06-28 13:52:16.116 29061 29071 I zygote  : Background concurrent copying GC freed 278126(6MB) AllocSpace objects, 0(0B) LOS objects, 17% free, 27MB/33MB, paused 1.343ms total 332.687ms
06-28 13:52:18.251 29061 29071 I zygote  : Background concurrent copying GC freed 310861(6MB) AllocSpace objects, 0(0B) LOS objects, 18% free, 26MB/32MB, paused 1.427ms total 355.823ms
06-28 13:52:19.645  1603 12888 I WifiService: getConnectionInfo uid=10014
06-28 13:52:19.745 19546 31889 E WakeLock: GCM_HB_ALARM release without a matched acquire!
06-28 13:52:20.596  1603  2119 I WifiService: getConnectionInfo uid=10083
06-28 13:52:20.598  1603  2119 D WifiPermissionsUtil: Denied: no location permission
06-28 13:52:20.598  1603  2119 D WifiPermissionsUtil: Denied: caller is not the current USE_OPEN_WIFI_PACKAGE
06-28 13:52:20.607  1603  2119 I WifiService: getConnectionInfo uid=10083
06-28 13:52:20.608  1603  2119 D WifiPermissionsUtil: Denied: no location permission
06-28 13:52:20.608  1603  2119 D WifiPermissionsUtil: Denied: caller is not the current USE_OPEN_WIFI_PACKAGE
06-28 13:52:20.613  1603  2119 I WifiService: getConnectionInfo uid=10083
06-28 13:52:20.614  1603  2119 D WifiPermissionsUtil: Denied: no location permission
06-28 13:52:20.614  1603  2119 D WifiPermissionsUtil: Denied: caller is not the current USE_OPEN_WIFI_PACKAGE
06-28 13:52:20.617  1603  2119 I WifiService: getConnectionInfo uid=10083
06-28 13:52:20.618  1603  2119 D WifiPermissionsUtil: Denied: no location permission
06-28 13:52:20.618  1603  2119 D WifiPermissionsUtil: Denied: caller is not the current USE_OPEN_WIFI_PACKAGE
06-28 13:52:21.170 29061 29071 I zygote  : Background concurrent copying GC freed 279653(6MB) AllocSpace objects, 0(0B) LOS objects, 17% free, 27MB/33MB, paused 3.872ms total 347.326ms
06-28 13:52:23.553 29061 29071 I zygote  : Background concurrent copying GC freed 309448(6MB) AllocSpace objects, 0(0B) LOS objects, 17% free, 27MB/33MB, paused 1.202ms total 440.612ms
06-28 13:52:23.863 19546 19556 I zygote  : Background concurrent copying GC freed 140111(6MB) AllocSpace objects, 37(2MB) LOS objects, 39% free, 9MB/15MB, paused 6.269ms total 139.151ms
06-28 13:52:25.484 29061 29071 I zygote  : Background concurrent copying GC freed 300134(6MB) AllocSpace objects, 0(0B) LOS objects, 18% free, 26MB/32MB, paused 1.743ms total 309.010ms
06-28 13:52:25.746  1402  1417 D hwcomposer: hw_composer sent 118 syncs in 62s
06-28 13:52:25.984 19546 31897 V NativeCrypto: Read error: ssl=0xae4ab538: I/O error during system call, Connection reset by peer
06-28 13:52:25.987 19546 31897 V NativeCrypto: SSL shutdown failed: ssl=0xae4ab538: I/O error during system call, Broken pipe
06-28 13:52:25.995 19546 31897 E WakeLock: GCM_HB_ALARM release without a matched acquire!
06-28 13:52:25.995 19546 31897 W WakeLock: GCM_HB_ALARM counter does not exist
06-28 13:52:26.004  1603  1681 D ConnectivityService: reportNetworkConnectivity(101, false) by 10014
06-28 13:52:26.008  1603  2399 D NetworkMonitor/NetworkAgentInfo [WIFI () - 101]: Forcing reevaluation for UID 10014
06-28 13:52:26.033  1603 32642 D NetworkMonitor/NetworkAgentInfo [WIFI () - 101]: PROBE_DNS www.google.com 22ms OK 172.217.28.228,2800:3f0:4001:801::2004
06-28 13:52:26.060  1603 32643 D NetworkMonitor/NetworkAgentInfo [WIFI () - 101]: PROBE_DNS connectivitycheck.gstatic.com 49ms OK 172.217.172.131,2800:3f0:4001:81a::2003
06-28 13:52:28.327 29061 29071 I zygote  : Background concurrent copying GC freed 274987(6MB) AllocSpace objects, 0(0B) LOS objects, 17% free, 27MB/33MB, paused 7.354ms total 525.217ms
06-28 13:52:29.631  1603  1877 I WifiService: getConnectionInfo uid=10014
06-28 13:52:30.939 32083 32142 I UnityAds: com.unity3d.services.core.configuration.InitializeThread$InitializeStateLoadCache.execute() (line:244) :: Unity Ads init: webapp loaded from local cache
06-28 13:52:31.366 29061 29071 I zygote  : Background concurrent copying GC freed 316562(7MB) AllocSpace objects, 0(0B) LOS objects, 17% free, 27MB/33MB, paused 4.246ms total 833.724ms
06-28 13:52:31.944  1603  2119 W ActivityManager: Slow operation: 80ms so far, now at startProcess: returned from zygote!
06-28 13:52:31.944  1603  2119 W ActivityManager: Slow operation: 80ms so far, now at startProcess: done updating battery stats
06-28 13:52:31.948  1603  2119 W ActivityManager: Slow operation: 84ms so far, now at startProcess: building log message
06-28 13:52:31.948  1603  2119 I ActivityManager: Start proc 32659:com.android.chrome:sandboxed_process1/u0i19 for webview_service com.skgames.trafficrider/org.chromium.content.app.SandboxedProcessService1
06-28 13:52:31.949  1603  2119 W ActivityManager: Slow operation: 85ms so far, now at startProcess: starting to update pids map
06-28 13:52:31.951  1603  2119 W ActivityManager: Slow operation: 87ms so far, now at startProcess: done updating pids map
06-28 13:52:31.951  1603  2119 W ActivityManager: Slow operation: 92ms so far, now at startProcess: done starting proc!
06-28 13:52:31.982 32659 32659 E /system/bin/webview_zygote32: Failed to make and chown /acct/uid_99019: Permission denied
06-28 13:52:31.982 32659 32659 E Zygote  : createProcessGroup(99019, 0) failed: Permission denied
06-28 13:52:31.996 32659 32659 W /system/bin/webview_zygote32: Unexpected CPU variant for X86 using defaults: x86
06-28 13:52:32.109  1603 32642 D NetworkMonitor/NetworkAgentInfo [WIFI () - 101]: PROBE_HTTPS https://www.google.com/generate_204 time=6061ms ret=204 request={User-Agent=[Mozilla/5.0 (X11; Linux x86_64) AppleWebKit/537.36 (KHTML, like Gecko) Chrome/60.0.3112.32 Safari/537.36]} headers={null=[HTTP/1.1 204 No Content], Alt-Svc=[quic=":443"; ma=2592000; v="46,44,43,39"], Content-Length=[0], Date=[Fri, 28 Jun 2019 17:52:31 GMT], X-Android-Received-Millis=[1561744352108], X-Android-Response-Source=[NETWORK 204], X-Android-Selected-Protocol=[http/1.1], X-Android-Sent-Millis=[1561744348272]}
06-28 13:52:32.390  1603  5561 I WifiService: getConnectionInfo uid=10014
06-28 13:52:32.398 19546 32658 W WakeLock: GCM_CONN_ALARM counter does not exist
06-28 13:52:32.408 32673 32673 E asset   : setgid: Operation not permitted
06-28 13:52:32.587  1603  1877 I WifiService: getConnectionInfo uid=10014
06-28 13:52:32.603  1603  1877 I WifiService: acquireWifiLock uid=10014 lockMode=2
06-28 13:52:33.025 32659 32659 I cr_ChildProcessService: Creating new ChildProcessService pid=32659
06-28 13:52:33.048  1603  5561 I WifiService: releaseWifiLock uid=10014
06-28 13:52:33.111 32659 32674 I cr_LibraryLoader: Time to load native libraries: 19 ms (timestamps 7191-7210)
06-28 13:52:33.149 32659 32674 I chromium: [INFO:library_loader_hooks.cc(50)] Chromium logging enabled: level = 0, default verbosity = 0
06-28 13:52:33.150 32659 32674 I cr_LibraryLoader: Expected native library version number "74.0.3729.157", actual native library version number "74.0.3729.157"
06-28 13:52:34.566 29061 29071 I zygote  : Background concurrent copying GC freed 327786(7MB) AllocSpace objects, 0(0B) LOS objects, 18% free, 26MB/32MB, paused 6.378ms total 341.858ms
06-28 13:52:34.933 32083 32229 D EGL_emulation: eglMakeCurrent: 0x81b3f900: ver 2 0 (tinfo 0x89f5c8a0)
06-28 13:52:36.329 32311 32365 I UnityAds: com.unity3d.ads.configuration.InitializeThread$InitializeStateLoadCache.execute() (line:267) :: Unity Ads init: webapp loaded from local cache
06-28 13:52:36.572 32311 32311 I WebViewFactory: Loading com.android.chrome version 74.0.3729.157 (code 372915712)
06-28 13:52:37.328 32311 32311 I cr_LibraryLoader: Time to load native libraries: 95 ms (timestamps 1328-1423)
06-28 13:52:37.560 32311 32311 I chromium: [INFO:library_loader_hooks.cc(50)] Chromium logging enabled: level = 0, default verbosity = 0
06-28 13:52:37.560 32311 32311 I cr_LibraryLoader: Expected native library version number "74.0.3729.157", actual native library version number "74.0.3729.157"
06-28 13:52:37.688 32311 32311 I cr_BrowserStartup: Initializing chromium process, singleProcess=false
06-28 13:52:37.691 32311 32690 W cr_ChildProcLH: Create a new ChildConnectionAllocator with package name = com.android.chrome, sandboxed = true
06-28 13:52:37.745 32311 32311 W ResourceType: Failure getting entry for 0x7f130526 (t=18 e=1318) (error -2147483647)
06-28 13:52:37.800  1603 12888 I ActivityManager: Start proc 32692:com.android.chrome:sandboxed_process0/u0i20 for webview_service com.EvilChaotic.ModernWarplanes/org.chromium.content.app.SandboxedProcessService0
06-28 13:52:37.916 32692 32692 E /system/bin/webview_zygote32: Failed to make and chown /acct/uid_99020: Permission denied
06-28 13:52:37.917 32692 32692 E Zygote  : createProcessGroup(99020, 0) failed: Permission denied
06-28 13:52:37.974 32692 32692 W /system/bin/webview_zygote32: Unexpected CPU variant for X86 using defaults: x86
06-28 13:52:38.225 32707 32707 E asset   : setgid: Operation not permitted
06-28 13:52:38.552 32692 32692 I cr_ChildProcessService: Creating new ChildProcessService pid=32692
06-28 13:52:40.968 29061 29071 I zygote  : Background concurrent copying GC freed 299955(6MB) AllocSpace objects, 0(0B) LOS objects, 16% free, 30MB/36MB, paused 1.186ms total 3.362s
06-28 13:52:42.443  1603  1665 W InputDispatcher: channel '1e7b6bf com.skgames.trafficrider/com.prime31.UnityPlayerNativeActivity (server)' ~ Consumer closed input channel or an error occurred.  events=0x9
06-28 13:52:42.449  1603  1614 D ConnectivityService: ConnectivityService NetworkRequestInfo binderDied(NetworkRequest [ LISTEN id=70, [ Capabilities: INTERNET&NOT_RESTRICTED&TRUSTED&FOREGROUND] ], android.os.BinderProxy@fe4303e)
06-28 13:52:42.449  1603  6820 D ConnectivityService: ConnectivityService NetworkRequestInfo binderDied(NetworkRequest [ LISTEN id=67, [ Capabilities: INTERNET&NOT_RESTRICTED&TRUSTED&FOREGROUND] ], android.os.BinderProxy@8cf9e9f)
06-28 13:52:42.458  1603  1665 E InputDispatcher: channel '1e7b6bf com.skgames.trafficrider/com.prime31.UnityPlayerNativeActivity (server)' ~ Channel is unrecoverably broken and will be disposed!
06-28 13:52:42.474  1603  1613 I WindowManager: WIN DEATH: Window{1e7b6bf u0 com.skgames.trafficrider/com.prime31.UnityPlayerNativeActivity}
06-28 13:52:42.476  1603  1613 W InputDispatcher: Attempted to unregister already unregistered input channel '1e7b6bf com.skgames.trafficrider/com.prime31.UnityPlayerNativeActivity (server)'
06-28 13:52:42.476  1603  1619 W zygote  : kill(-32083, 9) failed: No such process
06-28 13:52:42.476  1603  1619 I zygote  : Successfully killed process cgroup uid 10081 pid 32083 in 0ms
06-28 13:52:42.485  1603  3971 I ActivityManager: Process com.skgames.trafficrider (pid 32083) has died: cch+6CAC 
06-28 13:52:42.485  1411  1411 E lowmemorykiller: Error writing /proc/32659/oom_score_adj; errno=22
06-28 13:52:42.609  1603  3971 W ActivityManager: Exception when unbinding service com.skgames.trafficrider/org.chromium.content.app.SandboxedProcessService1
06-28 13:52:42.609  1603  3971 W ActivityManager: android.os.DeadObjectException
06-28 13:52:42.609  1603  3971 W ActivityManager: 	at android.os.BinderProxy.transactNative(Native Method)
06-28 13:52:42.609  1603  3971 W ActivityManager: 	at android.os.BinderProxy.transact(Binder.java:764)
06-28 13:52:42.609  1603  3971 W ActivityManager: 	at android.app.IApplicationThread$Stub$Proxy.scheduleUnbindService(IApplicationThread.java:1508)
06-28 13:52:42.609  1603  3971 W ActivityManager: 	at com.android.server.am.ActiveServices.removeConnectionLocked(ActiveServices.java:2652)
06-28 13:52:42.609  1603  3971 W ActivityManager: 	at com.android.server.am.ActiveServices.killServicesLocked(ActiveServices.java:3051)
06-28 13:52:42.609  1603  3971 W ActivityManager: 	at com.android.server.am.ActivityManagerService.cleanUpApplicationRecordLocked(ActivityManagerService.java:18048)
06-28 13:52:42.609  1603  3971 W ActivityManager: 	at com.android.server.am.ActivityManagerService.handleAppDiedLocked(ActivityManagerService.java:5274)
06-28 13:52:42.609  1603  3971 W ActivityManager: 	at com.android.server.am.ActivityManagerService.appDiedLocked(ActivityManagerService.java:5464)
06-28 13:52:42.609  1603  3971 W ActivityManager: 	at com.android.server.am.ActivityManagerService$AppDeathRecipient.binderDied(ActivityManagerService.java:1626)
06-28 13:52:42.609  1603  3971 W ActivityManager: 	at android.os.BinderProxy.sendDeathNotice(Binder.java:844)
06-28 13:52:42.610  1411  1411 E lowmemorykiller: Error opening /proc/32659/oom_score_adj; errno=2
06-28 13:52:42.738 32311 32728 D         : HostConnection::get() New Host Connection established 0x8a7c7100, tid 32728
06-28 13:52:42.749 32311 32713 W cr_media: Requires BLUETOOTH permission
06-28 13:52:42.756 32311 32728 E chromium: [ERROR:gl_surface_egl.cc(342)] eglChooseConfig failed with error EGL_SUCCESS
06-28 13:52:42.766 32692 32714 I cr_LibraryLoader: Time to load native libraries: 17 ms (timestamps 6847-6864)
06-28 13:52:42.782  1603  3971 I ActivityManager: Killing 32659:com.android.chrome:sandboxed_process1/u0a81i19 (adj 901): isolated not needed
06-28 13:52:42.785  1603  1624 W ActivityManager: setHasOverlayUi called on unknown pid: 32083
