06-30 19:10:22.058  3171  3184 I zygote  : Background concurrent copying GC freed 674387(15MB) AllocSpace objects, 0(0B) LOS objects, 15% free, 33MB/39MB, paused 8.436ms total 801.398ms
06-30 19:10:22.202  3171  3171 I net.osmand: RoutingHelper Recalculate route, because correlation  : 166142.06703683693
06-30 19:10:22.202  3171  3171 I net.osmand: RoutingHelper Recalculate route, because wrong movement direction: 166142.06
06-30 19:10:22.379  3171  3171 I net.osmand: RoutingHelper Recalculate route, because correlation  : 165843.50978197705
06-30 19:10:22.379  3171  3171 I net.osmand: RoutingHelper Recalculate route, because wrong movement direction: 165843.52
06-30 19:10:22.383  3171  3220 I net.osmand: MapRenderRepositories RENDER MAP: update due to tile box
06-30 19:10:22.384  3171  3220 I net.osmand: MapRenderRepositories RENDER MAP: Interrupt rendering map
06-30 19:10:22.438  3171  3171 I net.osmand: RoutingHelper Recalculate route, because correlation  : 165843.50978197705
06-30 19:10:22.476  3171  3171 I net.osmand: RoutingHelper Recalculate route, because correlation  : 166142.06703683693
06-30 19:10:23.009  3171  3184 I zygote  : Background concurrent copying GC freed 548886(12MB) AllocSpace objects, 0(0B) LOS objects, 16% free, 29MB/35MB, paused 9.824ms total 490.577ms
06-30 19:10:23.089  3171  3219 I net.osmand: MapRenderRepositories RENDER MAP: new request RotatedTileBox [lat=-7.27571, lon=-36.06930166666667, rotate=0.0, density=2.625, zoom=17, mapDensity=3.9375, zoomAnimation=0.0, zoomFloatPart=0.0, cx=900, cy=1972, pixWidth=1800, pixHeight=2690]
06-30 19:10:23.138  3171  3219 I net.osmand:native: Route objects 17
06-30 19:10:23.138  3171  3219 I net.osmand:native: Ocean: no completed & incompleted coastlines 0
06-30 19:10:23.138  3171  3219 I net.osmand:native: Detailed coastlines = 0, basemap coastlines 0, ocean tile 0.000000. Detailed added 0, basemap processed 1, basemap added 0.
06-30 19:10:23.138  3171  3219 I net.osmand:native: Search : tree - read( 490), accept( 38), objs - visit( 2549), accept(24), in result(13) 
06-30 19:10:23.138  3171  3219 I net.osmand: MapRenderRepositories BLat=-7.278019094467163, TLat=-7.270011758804321, LLong=-36.07175064086914, RLong=-36.06684875488281, zoom=17
06-30 19:10:23.139  3171  3219 I net.osmand: MapRenderRepositories Native search: 50 ms 
06-30 19:10:23.144  3171  3219 I net.osmand:native: Creating SkBitmap in native w:1800 h:2690 s:7200 f:1!
06-30 19:10:23.144  3171  3219 I net.osmand:native: Row bytes for RGBA_8888 is 7200
06-30 19:10:23.144  3171  3219 I net.osmand:native: Locked 19368000 bytes at 0x85d00000
06-30 19:10:23.144  3171  3219 I net.osmand:native: Initializing rendering
06-30 19:10:23.145  3171  3219 I net.osmand:native: Rendering image
06-30 19:10:23.159  3171  3219 I net.osmand:native: Native ok (rendering 13, text 0 ms) 
06-30 19:10:23.159  3171  3219 I net.osmand:native:  (1259 points, 23 points inside, 17 of 25 objects visible)
06-30 19:10:23.159  3171  3219 I net.osmand:native: End Rendering image
06-30 19:10:23.159  3171  3219 I net.osmand:native: Native ok (init 0, rendering 13) 
06-30 19:10:23.160  3171  3219 I net.osmand: MapRenderRepositories true
06-30 19:10:23.162  3171  3220 I net.osmand: MapRenderRepositories RENDER MAP: update due to tile box
06-30 19:10:23.163  3171  3220 I net.osmand: MapRenderRepositories RENDER MAP: Interrupt rendering map
06-30 19:10:23.328  3171  3220 I net.osmand: MapRenderRepositories RENDER MAP: update due to tile box
06-30 19:10:23.328  3171  3220 I net.osmand: MapRenderRepositories RENDER MAP: Interrupt rendering map
06-30 19:10:23.332  3171  3171 I net.osmand: RoutingHelper Recalculate route, because correlation  : 165843.50978197705
06-30 19:10:23.333  3171  3171 I net.osmand: RoutingHelper Recalculate route, because wrong movement direction: 165843.52
06-30 19:10:23.374  3171  3171 I net.osmand: RoutingHelper Recalculate route, because correlation  : 165843.50978197705
06-30 19:10:23.746  3171  3171 I net.osmand: RoutingHelper Recalculate route, because correlation  : 165545.12153472684
06-30 19:10:23.746  3171  3171 I net.osmand: RoutingHelper Recalculate route, because wrong movement direction: 165545.12
06-30 19:10:23.815  3171  3171 I net.osmand: RoutingHelper Recalculate route, because correlation  : 165545.12153472684
06-30 19:10:23.837  3171  3220 I net.osmand: MapRenderRepositories RENDER MAP: update due to tile box
06-30 19:10:23.838  3171  3220 I net.osmand: MapRenderRepositories RENDER MAP: Interrupt rendering map
06-30 19:10:23.912  3171  3219 I net.osmand: MapRenderRepositories RENDER MAP: new request RotatedTileBox [lat=-7.275670000000001, lon=-36.07207833333334, rotate=0.0, density=2.625, zoom=17, mapDensity=3.9375, zoomAnimation=0.0, zoomFloatPart=0.0, cx=900, cy=1972, pixWidth=1800, pixHeight=2690]
06-30 19:10:24.056  3171  3219 I net.osmand:native: Route objects 17
06-30 19:10:24.056  3171  3219 I net.osmand:native: Ocean: no completed & incompleted coastlines 0
06-30 19:10:24.056  3171  3219 I net.osmand:native: Detailed coastlines = 0, basemap coastlines 0, ocean tile 0.000000. Detailed added 0, basemap processed 1, basemap added 0.
06-30 19:10:24.056  3171  3219 I net.osmand:native: Search : tree - read( 490), accept( 37), objs - visit( 2509), accept(24), in result(13) 
06-30 19:10:24.057  3171  3219 I net.osmand: MapRenderRepositories BLat=-7.277976179122925, TLat=-7.269968843460083, LLong=-36.07453155517578, RLong=-36.06962966918945, zoom=17
06-30 19:10:24.057  3171  3219 I net.osmand: MapRenderRepositories Native search: 145 ms 
06-30 19:10:24.072  3171  3219 I net.osmand:native: Creating SkBitmap in native w:1800 h:2690 s:7200 f:1!
06-30 19:10:24.072  3171  3219 I net.osmand:native: Row bytes for RGBA_8888 is 7200
06-30 19:10:24.073  3171  3219 I net.osmand:native: Locked 19368000 bytes at 0x84900000
06-30 19:10:24.073  3171  3219 I net.osmand:native: Initializing rendering
06-30 19:10:24.074  3171  3219 I net.osmand:native: Rendering image
06-30 19:10:24.124  3171  3219 I net.osmand:native: Native ok (rendering 50, text 0 ms) 
06-30 19:10:24.124  3171  3219 I net.osmand:native:  (1362 points, 20 points inside, 18 of 26 objects visible)
06-30 19:10:24.127  3171  3219 I net.osmand:native: End Rendering image
06-30 19:10:24.132  3171  3219 I net.osmand:native: Native ok (init 1, rendering 50) 
06-30 19:10:24.132  3171  3219 I net.osmand: MapRenderRepositories true
06-30 19:10:24.364  3171  3171 I net.osmand: RoutingHelper Recalculate route, because correlation  : 165545.12153472684
06-30 19:10:24.364  3171  3171 I net.osmand: RoutingHelper Recalculate route, because wrong movement direction: 165545.12
06-30 19:10:24.389  3171  3171 I net.osmand: RoutingHelper Recalculate route, because correlation  : 165545.12153472684
06-30 19:10:24.732  3171  3184 I zygote  : Background concurrent copying GC freed 382207(8MB) AllocSpace objects, 0(0B) LOS objects, 12% free, 41MB/47MB, paused 1.185ms total 1.242s
06-30 19:10:24.861  1604  1678 W AlarmManager: Unrecognized alarm listener com.android.server.wifi.WifiConfigStore$1@223dfff
06-30 19:10:24.908  1604  4624 I WifiService: acquireWifiLock uid=10014 lockMode=2
06-30 19:10:24.918  1604  1678 D WifiConfigStore: Writing to stores completed in 56 ms.
06-30 19:10:24.983  3171  3171 I net.osmand: RoutingHelper Recalculate route, because correlation  : 165843.50978197705
06-30 19:10:24.983  3171  3171 I net.osmand: RoutingHelper Recalculate route, because wrong movement direction: 165843.52
06-30 19:10:25.012  3171  3171 I net.osmand: RoutingHelper Recalculate route, because correlation  : 165843.50978197705
06-30 19:10:25.164  3171  3220 I net.osmand: MapRenderRepositories RENDER MAP: update due to tile box
06-30 19:10:25.164  3171  3220 I net.osmand: MapRenderRepositories RENDER MAP: Interrupt rendering map
06-30 19:10:25.321  3171  3171 I net.osmand: RoutingHelper Recalculate route, because correlation  : 165843.50978197705
06-30 19:10:25.333  3171  3171 I net.osmand: RoutingHelper Recalculate route, because correlation  : 165843.50978197705
06-30 19:10:25.333  3171  3171 I net.osmand: RoutingHelper Recalculate route, because wrong movement direction: 165843.52
06-30 19:10:25.367  3171  3220 I net.osmand: MapRenderRepositories RENDER MAP: update due to tile box
06-30 19:10:25.368  3171  3220 I net.osmand: MapRenderRepositories RENDER MAP: Interrupt rendering map
06-30 19:10:25.638  3171  3219 I net.osmand: MapRenderRepositories RENDER MAP: new request RotatedTileBox [lat=-7.27571, lon=-36.06930166666667, rotate=0.0, density=2.625, zoom=17, mapDensity=3.9375, zoomAnimation=0.0, zoomFloatPart=0.0, cx=900, cy=1972, pixWidth=1800, pixHeight=2690]
06-30 19:10:25.713  3171  3219 I net.osmand:native: Route objects 17
06-30 19:10:25.713  3171  3219 I net.osmand:native: Ocean: no completed & incompleted coastlines 0
06-30 19:10:25.713  3171  3219 I net.osmand:native: Detailed coastlines = 0, basemap coastlines 0, ocean tile 0.000000. Detailed added 0, basemap processed 1, basemap added 0.
06-30 19:10:25.714  3171  3219 I net.osmand:native: Search : tree - read( 490), accept( 38), objs - visit( 2549), accept(24), in result(13) 
06-30 19:10:25.714  3171  3219 I net.osmand: MapRenderRepositories BLat=-7.278019094467163, TLat=-7.270011758804321, LLong=-36.07175064086914, RLong=-36.06684875488281, zoom=17
06-30 19:10:25.714  3171  3219 I net.osmand: MapRenderRepositories Native search: 76 ms 
06-30 19:10:25.720  3171  3219 I net.osmand:native: Creating SkBitmap in native w:1800 h:2690 s:7200 f:1!
06-30 19:10:25.720  3171  3219 I net.osmand:native: Row bytes for RGBA_8888 is 7200
06-30 19:10:25.724  3171  3219 I net.osmand:native: Locked 19368000 bytes at 0x85d00000
06-30 19:10:25.725  3171  3219 I net.osmand:native: Initializing rendering
06-30 19:10:25.726  3171  3219 I net.osmand:native: Rendering image
06-30 19:10:25.746  3171  3219 I net.osmand:native: Native ok (rendering 20, text 0 ms) 
06-30 19:10:25.746  3171  3219 I net.osmand:native:  (1259 points, 23 points inside, 17 of 25 objects visible)
06-30 19:10:25.746  3171  3219 I net.osmand:native: End Rendering image
06-30 19:10:25.746  3171  3219 I net.osmand:native: Native ok (init 1, rendering 20) 
06-30 19:10:25.770  3171  3219 I net.osmand: MapRenderRepositories true
06-30 19:10:26.228  3171  3184 I zygote  : Background concurrent copying GC freed 932776(20MB) AllocSpace objects, 0(0B) LOS objects, 14% free, 36MB/42MB, paused 1.240ms total 991.298ms
06-30 19:10:26.239  3171  3171 I net.osmand: RoutingHelper Recalculate route, because correlation  : 165843.50978197705
06-30 19:10:26.239  3171  3171 I net.osmand: RoutingHelper Recalculate route, because wrong movement direction: 165843.52
06-30 19:10:26.393  3171  3171 I net.osmand: RoutingHelper Recalculate route, because correlation  : 165843.50978197705
06-30 19:10:26.430  3171  3171 I net.osmand: RoutingHelper Recalculate route, because correlation  : 165558.91626773842
06-30 19:10:26.431  3171  3171 I net.osmand: RoutingHelper Recalculate route, because wrong movement direction: 165558.92
06-30 19:10:26.503  3171  3220 I net.osmand: MapRenderRepositories RENDER MAP: update due to tile box
06-30 19:10:26.503  3171  3220 I net.osmand: MapRenderRepositories RENDER MAP: Interrupt rendering map
06-30 19:10:26.519  3171  3171 I net.osmand: RoutingHelper Recalculate route, because correlation  : 165558.91626773842
06-30 19:10:26.522  3171  3219 I net.osmand: MapRenderRepositories RENDER MAP: new request RotatedTileBox [lat=-7.275671666666667, lon=-36.07195, rotate=0.0, density=2.625, zoom=17, mapDensity=3.9375, zoomAnimation=0.0, zoomFloatPart=0.0, cx=900, cy=1972, pixWidth=1800, pixHeight=2690]
06-30 19:10:26.678  3171  3219 I net.osmand:native: Route objects 17
06-30 19:10:26.697  3171  3219 I net.osmand:native: Ocean: no completed & incompleted coastlines 0
06-30 19:10:26.698  3171  3219 I net.osmand:native: Detailed coastlines = 0, basemap coastlines 0, ocean tile 0.000000. Detailed added 0, basemap processed 1, basemap added 0.
06-30 19:10:26.698  3171  3219 I net.osmand:native: Search : tree - read( 490), accept( 37), objs - visit( 2509), accept(24), in result(13) 
06-30 19:10:26.698  3171  3219 I net.osmand: MapRenderRepositories BLat=-7.277976179122925, TLat=-7.269968843460083, LLong=-36.07440185546875, RLong=-36.06949996948242, zoom=17
06-30 19:10:26.698  3171  3219 I net.osmand: MapRenderRepositories Native search: 176 ms 
06-30 19:10:26.707  3171  3219 I net.osmand:native: Creating SkBitmap in native w:1800 h:2690 s:7200 f:1!
06-30 19:10:26.707  3171  3219 I net.osmand:native: Row bytes for RGBA_8888 is 7200
06-30 19:10:26.707  3171  3219 I net.osmand:native: Locked 19368000 bytes at 0x84900000
06-30 19:10:26.707  3171  3219 I net.osmand:native: Initializing rendering
06-30 19:10:26.708  3171  3219 I net.osmand:native: Rendering image
06-30 19:10:26.743  3171  3219 I net.osmand:native: Native ok (rendering 25, text 1 ms) 
06-30 19:10:26.743  3171  3219 I net.osmand:native:  (1362 points, 20 points inside, 18 of 26 objects visible)
06-30 19:10:26.743  3171  3219 I net.osmand:native: End Rendering image
06-30 19:10:26.745  3171  3219 I net.osmand:native: Native ok (init 10, rendering 25) 
06-30 19:10:26.746  3171  3219 I net.osmand: MapRenderRepositories true
06-30 19:10:27.124  2799  2830 I Finsky  : [131] imb.run(3): Stats for Executor: BlockingExecutor ink@4fcda2c[Running, pool size = 0, active threads = 0, queued tasks = 0, completed tasks = 17]
06-30 19:10:27.124  2799  2830 I Finsky  : [131] imb.run(3): Stats for Executor: LightweightExecutor ink@42a7cf5[Running, pool size = 2, active threads = 0, queued tasks = 0, completed tasks = 63]
06-30 19:10:27.271  3171  3171 I net.osmand: RoutingHelper Recalculate route, because correlation  : 165558.91626773842
06-30 19:10:27.271  3171  3171 I net.osmand: RoutingHelper Recalculate route, because wrong movement direction: 165558.92
06-30 19:10:27.371  3171  3171 I net.osmand: RoutingHelper Recalculate route, because correlation  : 165558.91626773842
06-30 19:10:27.714  3171  3171 I net.osmand: RoutingHelper Recalculate route, because correlation  : 165558.91626773842
06-30 19:10:27.714  3171  3171 I net.osmand: RoutingHelper Recalculate route, because wrong movement direction: 165558.92
06-30 19:10:27.771  3171  3184 I zygote  : Background concurrent copying GC freed 696900(15MB) AllocSpace objects, 0(0B) LOS objects, 14% free, 36MB/42MB, paused 2.426ms total 973.578ms
06-30 19:10:27.902  1604  4624 D WificondControl: Scan result ready event
06-30 19:10:27.922  3171  3171 I net.osmand: RoutingHelper Recalculate route, because correlation  : 165558.91626773842
06-30 19:10:28.086  1604  4624 I WifiService: releaseWifiLock uid=10014
06-30 19:10:28.224  3171  3171 I net.osmand: RoutingHelper Recalculate route, because correlation  : 165558.91626773842
06-30 19:10:28.284  3171  3171 I net.osmand: RoutingHelper Recalculate route, because correlation  : 165558.91626773842
06-30 19:10:28.285  3171  3171 I net.osmand: RoutingHelper Recalculate route, because wrong movement direction: 165558.92
06-30 19:10:28.563  2799  2830 I Finsky  : [131] imb.run(3): Stats for Executor: bgExecutor ink@4f2f371[Running, pool size = 4, active threads = 0, queued tasks = 0, completed tasks = 61]
06-30 19:10:28.683  3171  3184 I zygote  : Background concurrent copying GC freed 665828(14MB) AllocSpace objects, 0(0B) LOS objects, 15% free, 33MB/39MB, paused 1.169ms total 628.005ms
06-30 19:10:28.943  3171  3171 I net.osmand: RoutingHelper Recalculate route, because correlation  : 165271.24477746125
06-30 19:10:28.944  3171  3171 I net.osmand: RoutingHelper Recalculate route, because wrong movement direction: 165271.25
06-30 19:10:28.994  3171  3171 I net.osmand: RoutingHelper Recalculate route, because correlation  : 165271.24477746125
06-30 19:10:29.105  3171  3220 I net.osmand: MapRenderRepositories RENDER MAP: update due to tile box
06-30 19:10:29.105  3171  3220 I net.osmand: MapRenderRepositories RENDER MAP: Interrupt rendering map
06-30 19:10:29.220  3171  3171 I net.osmand: RoutingHelper Recalculate route, because correlation  : 165271.24477746125
06-30 19:10:29.220  3171  3171 I net.osmand: RoutingHelper Recalculate route, because wrong movement direction: 165271.25
06-30 19:10:29.315  3171  3171 I net.osmand: RoutingHelper Recalculate route, because correlation  : 165271.24477746125
06-30 19:10:29.384  3171  3220 I net.osmand: MapRenderRepositories RENDER MAP: update due to tile box
06-30 19:10:29.384  3171  3220 I net.osmand: MapRenderRepositories RENDER MAP: Interrupt rendering map
06-30 19:10:29.751  3171  3219 I net.osmand: MapRenderRepositories RENDER MAP: new request RotatedTileBox [lat=-7.275295, lon=-36.07470166666667, rotate=0.0, density=2.625, zoom=17, mapDensity=3.9375, zoomAnimation=0.0, zoomFloatPart=0.0, cx=900, cy=1972, pixWidth=1800, pixHeight=2690]
06-30 19:10:29.807  3171  3184 I zygote  : Background concurrent copying GC freed 545855(12MB) AllocSpace objects, 0(0B) LOS objects, 16% free, 30MB/36MB, paused 3.451ms total 514.606ms
06-30 19:10:29.821  3171  3219 I net.osmand:native: Route objects 17
06-30 19:10:29.822  3171  3219 I net.osmand:native: Ocean: no completed & incompleted coastlines 0
06-30 19:10:29.822  3171  3219 I net.osmand:native: Detailed coastlines = 0, basemap coastlines 0, ocean tile 0.000000. Detailed added 0, basemap processed 1, basemap added 0.
06-30 19:10:29.822  3171  3219 I net.osmand:native: Search : tree - read( 490), accept( 37), objs - visit( 2509), accept(24), in result(13) 
06-30 19:10:29.822  3171  3219 I net.osmand: MapRenderRepositories BLat=-7.2775922298431395, TLat=-7.269607973098755, LLong=-36.0771484375, RLong=-36.07224655151367, zoom=17
06-30 19:10:29.822  3171  3219 I net.osmand: MapRenderRepositories Native search: 70 ms 
06-30 19:10:29.831  3171  3219 I net.osmand:native: Creating SkBitmap in native w:1800 h:2690 s:7200 f:1!
06-30 19:10:29.831  3171  3219 I net.osmand:native: Row bytes for RGBA_8888 is 7200
06-30 19:10:29.831  3171  3219 I net.osmand:native: Locked 19368000 bytes at 0x85d00000
06-30 19:10:29.831  3171  3219 I net.osmand:native: Initializing rendering
06-30 19:10:29.832  3171  3219 I net.osmand:native: Rendering image
06-30 19:10:29.845  3171  3219 I net.osmand:native: Native ok (rendering 12, text 0 ms) 
06-30 19:10:29.845  3171  3219 I net.osmand:native:  (1453 points, 4 points inside, 19 of 27 objects visible)
06-30 19:10:29.845  3171  3219 I net.osmand:native: End Rendering image
06-30 19:10:29.845  3171  3219 I net.osmand:native: Native ok (init 1, rendering 12) 
06-30 19:10:29.861  3171  3219 I net.osmand: MapRenderRepositories true
06-30 19:10:30.273  3171  3171 I net.osmand: RoutingHelper Recalculate route, because correlation  : 165271.24477746125
06-30 19:10:30.273  3171  3171 I net.osmand: RoutingHelper Recalculate route, because wrong movement direction: 165271.25
06-30 19:10:30.372  1604  1621 I WifiService: requestActivityInfo uid=1000
06-30 19:10:30.372  1604  1621 I WifiService: reportActivityInfo uid=1000
06-30 19:10:30.372  1604  1621 I WifiService: getSupportedFeatures uid=1000
06-30 19:10:30.444  3171  3171 I net.osmand: RoutingHelper Recalculate route, because correlation  : 164983.42075102348
06-30 19:10:30.444  3171  3171 I net.osmand: RoutingHelper Recalculate route, because wrong movement direction: 164983.42
06-30 19:10:30.450  3171  3171 I net.osmand: RoutingHelper Recalculate route, because correlation  : 164983.42075102348
06-30 19:10:30.455  3171  3171 I net.osmand: RoutingHelper Recalculate route, because correlation  : 165271.24477746125
06-30 19:10:30.941  3171  3184 I zygote  : Background concurrent copying GC freed 405008(8MB) AllocSpace objects, 0(0B) LOS objects, 15% free, 33MB/39MB, paused 1.647ms total 817.311ms
06-30 19:10:31.205  3171  3171 I net.osmand: RoutingHelper Recalculate route, because correlation  : 164983.42075102348
06-30 19:10:31.205  3171  3171 I net.osmand: RoutingHelper Recalculate route, because wrong movement direction: 164983.42
06-30 19:10:31.270  3171  3171 I net.osmand: RoutingHelper Recalculate route, because correlation  : 164983.42075102348
06-30 19:10:31.416  3171  3220 I net.osmand: MapRenderRepositories RENDER MAP: update due to tile box
06-30 19:10:31.417  3171  3220 I net.osmand: MapRenderRepositories RENDER MAP: Interrupt rendering map
06-30 19:10:31.643  3171  3171 I net.osmand: RoutingHelper Recalculate route, because correlation  : 164695.88310528136
06-30 19:10:31.652  3171  3220 I net.osmand: MapRenderRepositories RENDER MAP: update due to tile box
06-30 19:10:31.652  3171  3220 I net.osmand: MapRenderRepositories RENDER MAP: Interrupt rendering map
06-30 19:10:31.694  3171  3171 I net.osmand: RoutingHelper Recalculate route, because correlation  : 164695.88310528136
06-30 19:10:31.694  3171  3171 I net.osmand: RoutingHelper Recalculate route, because wrong movement direction: 164695.89
06-30 19:10:31.925  3171  3220 I net.osmand: MapRenderRepositories RENDER MAP: update due to tile box
06-30 19:10:31.926  3171  3220 I net.osmand: MapRenderRepositories RENDER MAP: Interrupt rendering map
06-30 19:10:32.117  3171  3219 I net.osmand: MapRenderRepositories RENDER MAP: new request RotatedTileBox [lat=-7.274543333333335, lon=-36.08020666666666, rotate=0.0, density=2.625, zoom=17, mapDensity=3.9375, zoomAnimation=0.0, zoomFloatPart=0.0, cx=900, cy=1972, pixWidth=1800, pixHeight=2690]
06-30 19:10:32.237  3171  3219 I net.osmand:native: Route objects 13
06-30 19:10:32.237  3171  3219 I net.osmand:native: Ocean: no completed & incompleted coastlines 0
06-30 19:10:32.237  3171  3219 I net.osmand:native: Detailed coastlines = 0, basemap coastlines 0, ocean tile 0.000000. Detailed added 0, basemap processed 1, basemap added 0.
06-30 19:10:32.237  3171  3219 I net.osmand:native: Search : tree - read( 490), accept( 37), objs - visit( 2509), accept(20), in result(9) 
06-30 19:10:32.237  3171  3219 I net.osmand: MapRenderRepositories BLat=-7.276848483085632, TLat=-7.268840622901917, LLong=-36.082664489746094, RLong=-36.07775115966797, zoom=17
06-30 19:10:32.237  3171  3219 I net.osmand: MapRenderRepositories Native search: 120 ms 
06-30 19:10:32.275  3171  3219 I net.osmand:native: Creating SkBitmap in native w:1800 h:2690 s:7200 f:1!
06-30 19:10:32.275  3171  3219 I net.osmand:native: Row bytes for RGBA_8888 is 7200
06-30 19:10:32.275  3171  3219 I net.osmand:native: Locked 19368000 bytes at 0x84900000
06-30 19:10:32.275  3171  3219 I net.osmand:native: Initializing rendering
06-30 19:10:32.282  3171  3171 I net.osmand: RoutingHelper Recalculate route, because correlation  : 164695.88310528136
06-30 19:10:32.282  3171  3171 I net.osmand: RoutingHelper Recalculate route, because wrong movement direction: 164695.89
06-30 19:10:32.295  3171  3219 I net.osmand:native: Rendering image
06-30 19:10:32.313  3171  3219 I net.osmand:native: Native ok (rendering 16, text 2 ms) 
06-30 19:10:32.313  3171  3219 I net.osmand:native:  (1242 points, 0 points inside, 12 of 20 objects visible)
06-30 19:10:32.314  3171  3219 I net.osmand:native: End Rendering image
06-30 19:10:32.314  3171  3219 I net.osmand:native: Native ok (init 20, rendering 16) 
06-30 19:10:32.314  3171  3219 I net.osmand: MapRenderRepositories true
06-30 19:10:32.367  3171  3171 I net.osmand: RoutingHelper Recalculate route, because correlation  : 164695.88310528136
06-30 19:10:32.516  3171  3184 I zygote  : Background concurrent copying GC freed 540708(12MB) AllocSpace objects, 0(0B) LOS objects, 14% free, 36MB/42MB, paused 5.169ms total 1.008s
06-30 19:10:32.947  3171  3171 I net.osmand: RoutingHelper Recalculate route, because correlation  : 164408.37301340624
06-30 19:10:32.947  3171  3171 I net.osmand: RoutingHelper Recalculate route, because wrong movement direction: 164408.38
06-30 19:10:32.952  3171  3171 I net.osmand: RoutingHelper Recalculate route, because correlation  : 164408.37301340624
06-30 19:10:32.953  3171  3220 I net.osmand: MapRenderRepositories RENDER MAP: update due to tile box
06-30 19:10:32.953  3171  3220 I net.osmand: MapRenderRepositories RENDER MAP: Interrupt rendering map
06-30 19:10:33.023  1970  8229 I zygote  : Deoptimizing void bpcc.execute(java.lang.Runnable) due to JIT inline cache
06-30 19:10:33.065  3171  3219 I net.osmand: MapRenderRepositories RENDER MAP: new request RotatedTileBox [lat=-7.274168333333334, lon=-36.08295833333333, rotate=0.0, density=2.625, zoom=17, mapDensity=3.9375, zoomAnimation=0.0, zoomFloatPart=0.0, cx=900, cy=1972, pixWidth=1800, pixHeight=2690]
06-30 19:10:33.185  3171  3219 I net.osmand:native: Route objects 13
06-30 19:10:33.185  3171  3219 I net.osmand:native: Ocean: no completed & incompleted coastlines 0
06-30 19:10:33.185  3171  3219 I net.osmand:native: Detailed coastlines = 0, basemap coastlines 0, ocean tile 0.000000. Detailed added 0, basemap processed 1, basemap added 0.
06-30 19:10:33.185  3171  3219 I net.osmand:native: Search : tree - read( 490), accept( 37), objs - visit( 2509), accept(20), in result(9) 
06-30 19:10:33.186  3171  3219 I net.osmand: MapRenderRepositories BLat=-7.2764640092849735, TLat=-7.268480277061462, LLong=-36.085411071777344, RLong=-36.08050537109375, zoom=17
06-30 19:10:33.186  3171  3219 I net.osmand: MapRenderRepositories Native search: 120 ms 
06-30 19:10:33.200  3171  3219 I net.osmand:native: Creating SkBitmap in native w:1800 h:2690 s:7200 f:1!
06-30 19:10:33.200  3171  3219 I net.osmand:native: Row bytes for RGBA_8888 is 7200
06-30 19:10:33.200  3171  3219 I net.osmand:native: Locked 19368000 bytes at 0x85d00000
06-30 19:10:33.200  3171  3219 I net.osmand:native: Initializing rendering
06-30 19:10:33.204  3171  3219 I net.osmand:native: Rendering image
06-30 19:10:33.213  3171  3171 I net.osmand: RoutingHelper Recalculate route, because correlation  : 164408.37301340624
06-30 19:10:33.213  3171  3171 I net.osmand: RoutingHelper Recalculate route, because wrong movement direction: 164408.38
06-30 19:10:33.225  3171  3219 I net.osmand:native: Native ok (rendering 21, text 0 ms) 
06-30 19:10:33.225  3171  3219 I net.osmand:native:  (1242 points, 2 points inside, 12 of 20 objects visible)
06-30 19:10:33.225  3171  3219 I net.osmand:native: End Rendering image
06-30 19:10:33.225  3171  3219 I net.osmand:native: Native ok (init 3, rendering 21) 
06-30 19:10:33.226  3171  3219 I net.osmand: MapRenderRepositories true
06-30 19:10:33.261  3171  3171 I net.osmand: RoutingHelper Recalculate route, because correlation  : 164408.37301340624
06-30 19:10:33.766  3171  3184 I zygote  : Background concurrent copying GC freed 687703(15MB) AllocSpace objects, 0(0B) LOS objects, 16% free, 30MB/36MB, paused 927us total 621.311ms
06-30 19:10:34.136  3171  3171 I net.osmand: RoutingHelper Recalculate route, because correlation  : 164120.79106033038
06-30 19:10:34.153  3171  3171 I net.osmand: RoutingHelper Recalculate route, because correlation  : 164120.79106033038
06-30 19:10:34.153  3171  3171 I net.osmand: RoutingHelper Recalculate route, because wrong movement direction: 164120.8
06-30 19:10:34.301  3171  3171 I net.osmand: RoutingHelper Recalculate route, because correlation  : 164120.79106033038
06-30 19:10:34.301  3171  3171 I net.osmand: RoutingHelper Recalculate route, because wrong movement direction: 164120.8
06-30 19:10:34.366  3171  3171 I net.osmand: RoutingHelper Recalculate route, because correlation  : 164120.79106033038
06-30 19:10:34.395  3171  3220 I net.osmand: MapRenderRepositories RENDER MAP: update due to tile box
06-30 19:10:34.395  3171  3220 I net.osmand: MapRenderRepositories RENDER MAP: Interrupt rendering map
06-30 19:10:34.729  3171  3219 I net.osmand: MapRenderRepositories RENDER MAP: new request RotatedTileBox [lat=-7.273791666666667, lon=-36.08571166666666, rotate=0.0, density=2.625, zoom=17, mapDensity=3.9375, zoomAnimation=0.0, zoomFloatPart=0.0, cx=900, cy=1972, pixWidth=1800, pixHeight=2690]
06-30 19:10:34.796  3171  3219 I net.osmand:native: Route objects 13
06-30 19:10:34.796  3171  3219 I net.osmand:native: Ocean: no completed & incompleted coastlines 0
06-30 19:10:34.796  3171  3219 I net.osmand:native: Detailed coastlines = 0, basemap coastlines 0, ocean tile 0.000000. Detailed added 0, basemap processed 1, basemap added 0.
06-30 19:10:34.796  3171  3219 I net.osmand:native: Search : tree - read( 490), accept( 36), objs - visit( 2469), accept(20), in result(9) 
06-30 19:10:34.797  3171  3219 I net.osmand: MapRenderRepositories BLat=-7.276103162765503, TLat=-7.268095827102661, LLong=-36.08816909790039, RLong=-36.0832633972168, zoom=17
06-30 19:10:34.797  3171  3219 I net.osmand: MapRenderRepositories Native search: 67 ms 
06-30 19:10:34.805  3171  3219 I net.osmand:native: Creating SkBitmap in native w:1800 h:2690 s:7200 f:1!
06-30 19:10:34.805  3171  3219 I net.osmand:native: Row bytes for RGBA_8888 is 7200
06-30 19:10:34.805  3171  3219 I net.osmand:native: Locked 19368000 bytes at 0x84900000
06-30 19:10:34.805  3171  3219 I net.osmand:native: Initializing rendering
06-30 19:10:34.809  3171  3219 I net.osmand:native: Rendering image
06-30 19:10:34.822  3171  3219 I net.osmand:native: Native ok (rendering 12, text 0 ms) 
06-30 19:10:34.822  3171  3219 I net.osmand:native:  (1242 points, 2 points inside, 12 of 20 objects visible)
06-30 19:10:34.822  3171  3219 I net.osmand:native: End Rendering image
06-30 19:10:34.822  3171  3219 I net.osmand:native: Native ok (init 4, rendering 12) 
06-30 19:10:34.840  3171  3219 I net.osmand: MapRenderRepositories true
06-30 19:10:35.232  3171  3171 I net.osmand: RoutingHelper Recalculate route, because correlation  : 164120.79106033038
06-30 19:10:35.232  3171  3171 I net.osmand: RoutingHelper Recalculate route, because wrong movement direction: 164120.8
06-30 19:10:35.274  3171  3184 I zygote  : Background concurrent copying GC freed 414119(9MB) AllocSpace objects, 0(0B) LOS objects, 15% free, 33MB/39MB, paused 2.617ms total 766.873ms
06-30 19:10:35.319  3171  3171 I net.osmand: RoutingHelper Recalculate route, because correlation  : 164120.79106033038
06-30 19:10:35.652  3171  3171 I net.osmand: RoutingHelper Recalculate route, because correlation  : 163833.4568843862
06-30 19:10:35.652  3171  3171 I net.osmand: RoutingHelper Recalculate route, because wrong movement direction: 163833.45
06-30 19:10:35.720  3171  3171 I net.osmand: RoutingHelper Recalculate route, because correlation  : 163833.4568843862
06-30 19:10:35.924  3171  3220 I net.osmand: MapRenderRepositories RENDER MAP: update due to tile box
06-30 19:10:35.924  3171  3220 I net.osmand: MapRenderRepositories RENDER MAP: Interrupt rendering map
06-30 19:10:36.207  3171  3220 I net.osmand: MapRenderRepositories RENDER MAP: update due to tile box
06-30 19:10:36.207  3171  3220 I net.osmand: MapRenderRepositories RENDER MAP: Interrupt rendering map
06-30 19:10:36.343  3171  3219 I net.osmand: MapRenderRepositories RENDER MAP: new request RotatedTileBox [lat=-7.273415, lon=-36.08846333333334, rotate=0.0, density=2.625, zoom=17, mapDensity=3.9375, zoomAnimation=0.0, zoomFloatPart=0.0, cx=900, cy=1972, pixWidth=1800, pixHeight=2690]
06-30 19:10:36.382  3171  3171 I net.osmand: RoutingHelper Recalculate route, because correlation  : 163833.4568843862
06-30 19:10:36.383  3171  3171 I net.osmand: RoutingHelper Recalculate route, because wrong movement direction: 163833.45
06-30 19:10:36.455  3171  3171 I net.osmand: RoutingHelper Recalculate route, because correlation  : 163833.4568843862
06-30 19:10:36.458  3171  3219 I net.osmand:native: Route objects 14
06-30 19:10:36.458  3171  3219 I net.osmand:native: Ocean: no completed & incompleted coastlines 0
06-30 19:10:36.458  3171  3219 I net.osmand:native: Detailed coastlines = 0, basemap coastlines 0, ocean tile 0.000000. Detailed added 0, basemap processed 1, basemap added 0.
06-30 19:10:36.458  3171  3219 I net.osmand:native: Search : tree - read( 490), accept( 39), objs - visit( 2589), accept(21), in result(10) 
06-30 19:10:36.459  3171  3219 I net.osmand: MapRenderRepositories BLat=-7.275720262527466, TLat=-7.267712926864624, LLong=-36.09091567993164, RLong=-36.08600997924805, zoom=17
06-30 19:10:36.466  3171  3219 I net.osmand: MapRenderRepositories Native search: 122 ms 
06-30 19:10:36.477  3171  3219 I net.osmand:native: Creating SkBitmap in native w:1800 h:2690 s:7200 f:1!
06-30 19:10:36.477  3171  3219 I net.osmand:native: Row bytes for RGBA_8888 is 7200
06-30 19:10:36.477  3171  3219 I net.osmand:native: Locked 19368000 bytes at 0x85d00000
06-30 19:10:36.477  3171  3219 I net.osmand:native: Initializing rendering
06-30 19:10:36.478  3171  3219 I net.osmand:native: Rendering image
06-30 19:10:36.514  3171  3219 I net.osmand:native: Native ok (rendering 36, text 1 ms) 
06-30 19:10:36.514  3171  3219 I net.osmand:native:  (1732 points, 2 points inside, 14 of 23 objects visible)
06-30 19:10:36.515  3171  3219 I net.osmand:native: End Rendering image
06-30 19:10:36.515  3171  3219 I net.osmand:native: Native ok (init 1, rendering 36) 
06-30 19:10:36.520  3171  3219 I net.osmand: MapRenderRepositories true
06-30 19:10:36.646  3171  3184 I zygote  : Background concurrent copying GC freed 579365(12MB) AllocSpace objects, 0(0B) LOS objects, 13% free, 37MB/43MB, paused 2.171ms total 1.010s
06-30 19:10:36.964  3171  3171 I net.osmand: RoutingHelper Recalculate route, because correlation  : 163546.15098834265
06-30 19:10:36.964  3171  3171 I net.osmand: RoutingHelper Recalculate route, because wrong movement direction: 163546.16
06-30 19:10:36.965  3171  3171 I net.osmand: RoutingHelper Recalculate route, because correlation  : 163546.15098834265
06-30 19:10:37.232  3171  3220 I net.osmand: MapRenderRepositories RENDER MAP: update due to tile box
06-30 19:10:37.232  3171  3220 I net.osmand: MapRenderRepositories RENDER MAP: Interrupt rendering map
06-30 19:10:37.272  3171  3219 I net.osmand: MapRenderRepositories RENDER MAP: new request RotatedTileBox [lat=-7.273039999999999, lon=-36.091215000000005, rotate=0.0, density=2.625, zoom=17, mapDensity=3.9375, zoomAnimation=0.0, zoomFloatPart=0.0, cx=900, cy=1972, pixWidth=1800, pixHeight=2690]
06-30 19:10:37.272  3171  3171 I net.osmand: RoutingHelper Recalculate route, because correlation  : 163546.15098834265
06-30 19:10:37.272  3171  3171 I net.osmand: RoutingHelper Recalculate route, because wrong movement direction: 163546.16
06-30 19:10:37.299  3171  3171 I net.osmand: RoutingHelper Recalculate route, because correlation  : 163546.15098834265
06-30 19:10:37.406  3171  3219 I net.osmand:native: Route objects 14
06-30 19:10:37.406  3171  3219 I net.osmand:native: Ocean: no completed & incompleted coastlines 0
06-30 19:10:37.406  3171  3219 I net.osmand:native: Detailed coastlines = 0, basemap coastlines 0, ocean tile 0.000000. Detailed added 0, basemap processed 1, basemap added 0.
06-30 19:10:37.406  3171  3219 I net.osmand:native: Search : tree - read( 490), accept( 38), objs - visit( 2549), accept(21), in result(10) 
06-30 19:10:37.406  3171  3219 I net.osmand: MapRenderRepositories BLat=-7.275335812568665, TLat=-7.2673520803451535, LLong=-36.09366989135742, RLong=-36.0887565612793, zoom=17
06-30 19:10:37.406  3171  3219 I net.osmand: MapRenderRepositories Native search: 134 ms 
06-30 19:10:37.432  3171  3219 I net.osmand:native: Creating SkBitmap in native w:1800 h:2690 s:7200 f:1!
06-30 19:10:37.432  3171  3219 I net.osmand:native: Row bytes for RGBA_8888 is 7200
06-30 19:10:37.432  3171  3219 I net.osmand:native: Locked 19368000 bytes at 0x84900000
06-30 19:10:37.432  3171  3219 I net.osmand:native: Initializing rendering
06-30 19:10:37.434  3171  3219 I net.osmand:native: Rendering image
06-30 19:10:37.471  3171  3219 I net.osmand:native: Native ok (rendering 37, text 0 ms) 
06-30 19:10:37.471  3171  3219 I net.osmand:native:  (1604 points, 22 points inside, 14 of 23 objects visible)
06-30 19:10:37.471  3171  3219 I net.osmand:native: End Rendering image
06-30 19:10:37.471  3171  3219 I net.osmand:native: Native ok (init 1, rendering 37) 
06-30 19:10:37.472  3171  3219 I net.osmand: MapRenderRepositories true
06-30 19:10:37.845  3171  3184 I zygote  : Background concurrent copying GC freed 747830(16MB) AllocSpace objects, 0(0B) LOS objects, 14% free, 34MB/40MB, paused 2.881ms total 779.505ms
06-30 19:10:38.165  3171  3171 I net.osmand: RoutingHelper Recalculate route, because correlation  : 163258.774739018
06-30 19:10:38.166  3171  3171 I net.osmand: RoutingHelper Recalculate route, because wrong movement direction: 163258.78
06-30 19:10:38.180  3171  3171 I net.osmand: RoutingHelper Recalculate route, because correlation  : 163258.774739018
06-30 19:10:38.302  3171  3171 I net.osmand: RoutingHelper Recalculate route, because correlation  : 163258.774739018
06-30 19:10:38.302  3171  3171 I net.osmand: RoutingHelper Recalculate route, because wrong movement direction: 163258.78
06-30 19:10:38.407  3171  3171 I net.osmand: RoutingHelper Recalculate route, because correlation  : 163258.774739018
06-30 19:10:38.480  3171  3220 I net.osmand: MapRenderRepositories RENDER MAP: update due to tile box
06-30 19:10:38.480  3171  3220 I net.osmand: MapRenderRepositories RENDER MAP: Interrupt rendering map
06-30 19:10:38.937  3171  3184 I zygote  : Background concurrent copying GC freed 589736(13MB) AllocSpace objects, 0(0B) LOS objects, 17% free, 27MB/33MB, paused 1.422ms total 362.723ms
06-30 19:10:38.975  3171  3219 I net.osmand: MapRenderRepositories RENDER MAP: new request RotatedTileBox [lat=-7.272663333333332, lon=-36.093968333333336, rotate=0.0, density=2.625, zoom=17, mapDensity=3.9375, zoomAnimation=0.0, zoomFloatPart=0.0, cx=900, cy=1972, pixWidth=1800, pixHeight=2690]
06-30 19:10:39.031  3171  3219 I net.osmand:native: Route objects 16
06-30 19:10:39.032  3171  3219 I net.osmand:native: Ocean: no completed & incompleted coastlines 0
06-30 19:10:39.041  3171  3219 I net.osmand:native: Detailed coastlines = 0, basemap coastlines 0, ocean tile 0.000000. Detailed added 0, basemap processed 1, basemap added 0.
06-30 19:10:39.041  3171  3219 I net.osmand:native: Search : tree - read( 490), accept( 39), objs - visit( 2589), accept(23), in result(12) 
06-30 19:10:39.042  3171  3219 I net.osmand: MapRenderRepositories BLat=-7.274974966049195, TLat=-7.266967630386352, LLong=-36.09641647338867, RLong=-36.091514587402344, zoom=17
06-30 19:10:39.042  3171  3219 I net.osmand: MapRenderRepositories Native search: 67 ms 
06-30 19:10:39.049  3171  3219 I net.osmand:native: Creating SkBitmap in native w:1800 h:2690 s:7200 f:1!
06-30 19:10:39.049  3171  3219 I net.osmand:native: Row bytes for RGBA_8888 is 7200
06-30 19:10:39.049  3171  3219 I net.osmand:native: Locked 19368000 bytes at 0x85d00000
06-30 19:10:39.049  3171  3219 I net.osmand:native: Initializing rendering
06-30 19:10:39.050  3171  3219 I net.osmand:native: Rendering image
06-30 19:10:39.072  3171  3219 I net.osmand:native: Native ok (rendering 0, text 12 ms) 
06-30 19:10:39.072  3171  3219 I net.osmand:native:  (1618 points, 26 points inside, 18 of 29 objects visible)
06-30 19:10:39.072  3171  3219 I net.osmand:native: End Rendering image
06-30 19:10:39.072  3171  3219 I net.osmand:native: Native ok (init 1, rendering 0) 
06-30 19:10:39.082  3171  3219 I net.osmand: MapRenderRepositories true
06-30 19:10:39.301  3171  3171 I net.osmand: RoutingHelper Recalculate route, because correlation  : 163258.774739018
06-30 19:10:39.301  3171  3171 I net.osmand: RoutingHelper Recalculate route, because wrong movement direction: 163258.78
06-30 19:10:39.443  3171  3171 I net.osmand: RoutingHelper Recalculate route, because correlation  : 163258.774739018
06-30 19:10:39.747  3171  3171 I net.osmand: RoutingHelper Recalculate route, because correlation  : 162971.60675344907
06-30 19:10:39.747  3171  3171 I net.osmand: RoutingHelper Recalculate route, because wrong movement direction: 162971.61
06-30 19:10:39.769  3171  3171 I net.osmand: RoutingHelper Recalculate route, because correlation  : 162971.60675344907
06-30 19:10:39.954  3171  3220 I net.osmand: MapRenderRepositories RENDER MAP: update due to tile box
06-30 19:10:39.955  3171  3220 I net.osmand: MapRenderRepositories RENDER MAP: Interrupt rendering map
06-30 19:10:40.223  3171  3220 I net.osmand: MapRenderRepositories RENDER MAP: update due to tile box
06-30 19:10:40.223  3171  3220 I net.osmand: MapRenderRepositories RENDER MAP: Interrupt rendering map
06-30 19:10:40.297  3171  3171 I net.osmand: RoutingHelper Recalculate route, because correlation  : 162971.60675344907
06-30 19:10:40.355  3171  3171 I net.osmand: RoutingHelper Recalculate route, because correlation  : 162971.60675344907
06-30 19:10:40.356  3171  3171 I net.osmand: RoutingHelper Recalculate route, because wrong movement direction: 162971.61
06-30 19:10:40.463  3171  3220 I net.osmand: MapRenderRepositories RENDER MAP: update due to tile box
06-30 19:10:40.463  3171  3220 I net.osmand: MapRenderRepositories RENDER MAP: Interrupt rendering map
06-30 19:10:40.586  3171  3219 I net.osmand: MapRenderRepositories RENDER MAP: new request RotatedTileBox [lat=-7.272288333333334, lon=-36.09672, rotate=0.0, density=2.625, zoom=17, mapDensity=3.9375, zoomAnimation=0.0, zoomFloatPart=0.0, cx=900, cy=1972, pixWidth=1800, pixHeight=2690]
06-30 19:10:40.697  3171  3219 I net.osmand:native: Route objects 28
06-30 19:10:40.697  3171  3219 I net.osmand:native: Ocean: no completed & incompleted coastlines 0
06-30 19:10:40.697  3171  3219 I net.osmand:native: Detailed coastlines = 0, basemap coastlines 0, ocean tile 0.000000. Detailed added 0, basemap processed 1, basemap added 0.
06-30 19:10:40.698  3171  3219 I net.osmand:native: Search : tree - read( 490), accept( 38), objs - visit( 2549), accept(35), in result(24) 
06-30 19:10:40.698  3171  3219 I net.osmand: MapRenderRepositories BLat=-7.274592065811158, TLat=-7.266584730148315, LLong=-36.09917449951172, RLong=-36.09427261352539, zoom=17
06-30 19:10:40.698  3171  3219 I net.osmand: MapRenderRepositories Native search: 112 ms 
06-30 19:10:40.717  3171  3219 I net.osmand:native: Creating SkBitmap in native w:1800 h:2690 s:7200 f:1!
06-30 19:10:40.717  3171  3219 I net.osmand:native: Row bytes for RGBA_8888 is 7200
06-30 19:10:40.717  3171  3219 I net.osmand:native: Locked 19368000 bytes at 0x84900000
06-30 19:10:40.717  3171  3219 I net.osmand:native: Initializing rendering
06-30 19:10:40.721  3171  3219 I net.osmand:native: Rendering image
06-30 19:10:40.792  3171  3219 I net.osmand:native: Native ok (rendering 0, text 44 ms) 
06-30 19:10:40.792  3171  3219 I net.osmand:native:  (1942 points, 71 points inside, 40 of 63 objects visible)
06-30 19:10:40.792  3171  3219 I net.osmand:native: End Rendering image
06-30 19:10:40.792  3171  3219 I net.osmand:native: Native ok (init 4, rendering 0) 
06-30 19:10:40.804  3171  3219 I net.osmand: MapRenderRepositories true
06-30 19:10:41.000  3171  3171 I net.osmand: RoutingHelper Recalculate route, because correlation  : 162684.54884660008
06-30 19:10:41.000  3171  3171 I net.osmand: RoutingHelper Recalculate route, because wrong movement direction: 162684.55
06-30 19:10:41.013  3171  3171 I net.osmand: RoutingHelper Recalculate route, because correlation  : 162684.54884660008
06-30 19:10:41.164  3171  3171 I net.osmand: TTSCommandPlayerImpl Send message to pebble atenção!  obstáculo 
06-30 19:10:41.164  3171  3171 D net.osmand: AbstractPrologCommandPlayer requestAudioFocus
06-30 19:10:41.164  3171  3171 W AudioManager: Use of stream types is deprecated for operations other than volume control
06-30 19:10:41.164  3171  3171 W AudioManager: See the documentation of requestAudioFocus() for what to use instead with android.media.AudioAttributes to qualify your playback use case
06-30 19:10:41.166  3171  3189 I zygote  : Waiting for a blocking GC ProfileSaver
06-30 19:10:41.167  1604  4624 I MediaFocusControl: requestAudioFocus() from uid/pid 10104/3171 clientId=android.media.AudioManager@6cb55bbnet.osmand.plus.api.AudioFocusHelperImpl@b1b3e45 callingPack=net.osmand req=3 flags=0x0 sdk=26
06-30 19:10:41.168  3171  3171 D net.osmand: TTSCommandPlayerImpl ttsRequests=1
06-30 19:10:41.174  4639  4668 I TTS.GoogleTTSServiceImp: Synthesis request for locale por-BRA and name pt-BR-language
06-30 19:10:41.181  4639  4668 I TTS.GoogleTTSServiceImp: TTS dispatch: pt-br-x-afs-lstm-embedded
06-30 19:10:41.202  3171  3184 I zygote  : Background concurrent copying GC freed 271647(6MB) AllocSpace objects, 0(0B) LOS objects, 12% free, 43MB/49MB, paused 4.779ms total 1.644s
06-30 19:10:41.202  3171  3189 I zygote  : WaitForGcToComplete blocked ProfileSaver on HeapTrim for 36.765ms
06-30 19:10:41.219  4639  4669 D AudioTrack: Client defaulted notificationFrames to 1365 for frameCount 4096
06-30 19:10:41.231  1604  2691 V MediaRouterService: restoreBluetoothA2dp(false)
06-30 19:10:41.239  1394  3176 W audio_hw_generic: Not supplying enough data to HAL, expected position 6074815 , only wrote 6074640
06-30 19:10:41.250  3171  3220 I net.osmand: MapRenderRepositories RENDER MAP: update due to tile box
06-30 19:10:41.250  3171  3220 I net.osmand: MapRenderRepositories RENDER MAP: Interrupt rendering map
06-30 19:10:41.350  3171  3171 I net.osmand: RoutingHelper Recalculate route, because correlation  : 162684.54884660008
06-30 19:10:41.352  3171  3171 I net.osmand: RoutingHelper Recalculate route, because wrong movement direction: 162684.55
06-30 19:10:41.369  3171  3171 I net.osmand: RoutingHelper Recalculate route, because correlation  : 162684.54884660008
06-30 19:10:41.488  3171  3220 I net.osmand: MapRenderRepositories RENDER MAP: update due to tile box
06-30 19:10:41.489  3171  3220 I net.osmand: MapRenderRepositories RENDER MAP: Interrupt rendering map
06-30 19:10:41.556  3171  3219 I net.osmand: MapRenderRepositories RENDER MAP: new request RotatedTileBox [lat=-7.271911666666667, lon=-36.099471666666666, rotate=0.0, density=2.625, zoom=17, mapDensity=3.9375, zoomAnimation=0.0, zoomFloatPart=0.0, cx=900, cy=1972, pixWidth=1800, pixHeight=2690]
06-30 19:10:41.657  3171  3219 I net.osmand:native: Route objects 32
06-30 19:10:41.657  3171  3219 I net.osmand:native: Ocean: no completed & incompleted coastlines 0
06-30 19:10:41.657  3171  3219 I net.osmand:native: Detailed coastlines = 0, basemap coastlines 0, ocean tile 0.000000. Detailed added 0, basemap processed 1, basemap added 0.
06-30 19:10:41.657  3171  3219 I net.osmand:native: Search : tree - read( 490), accept( 37), objs - visit( 2509), accept(39), in result(28) 
06-30 19:10:41.661  3171  3219 I net.osmand: MapRenderRepositories BLat=-7.274208116531372, TLat=-7.2662238597869875, LLong=-36.10192108154297, RLong=-36.09701919555664, zoom=17
06-30 19:10:41.661  3171  3219 I net.osmand: MapRenderRepositories Native search: 105 ms 
06-30 19:10:41.673  3171  3219 I net.osmand:native: Creating SkBitmap in native w:1800 h:2690 s:7200 f:1!
06-30 19:10:41.673  3171  3219 I net.osmand:native: Row bytes for RGBA_8888 is 7200
06-30 19:10:41.673  3171  3219 I net.osmand:native: Locked 19368000 bytes at 0x85d00000
06-30 19:10:41.673  3171  3219 I net.osmand:native: Initializing rendering
06-30 19:10:41.681  3171  3219 I net.osmand:native: Rendering image
06-30 19:10:41.709  4639  4649 I zygote  : Background concurrent copying GC freed 13586(3MB) AllocSpace objects, 0(0B) LOS objects, 49% free, 3MB/7MB, paused 19.098ms total 149.116ms
06-30 19:10:41.784  3171  3219 I net.osmand:native: Native ok (rendering 0, text 21 ms) 
06-30 19:10:41.784  3171  3219 I net.osmand:native:  (1980 points, 77 points inside, 48 of 69 objects visible)
06-30 19:10:41.784  3171  3219 I net.osmand:native: End Rendering image
06-30 19:10:41.784  3171  3219 I net.osmand:native: Native ok (init 9, rendering 0) 
06-30 19:10:41.787  3171  3219 I net.osmand: MapRenderRepositories true
06-30 19:10:42.309  3171  3171 I net.osmand: RoutingHelper Recalculate route, because correlation  : 162684.54884660008
06-30 19:10:42.309  3171  3171 I net.osmand: RoutingHelper Recalculate route, because wrong movement direction: 162684.55
06-30 19:10:42.411  3171  3171 I net.osmand: RoutingHelper Recalculate route, because correlation  : 162397.3408309611
06-30 19:10:42.411  3171  3171 I net.osmand: RoutingHelper Recalculate route, because wrong movement direction: 162397.34
06-30 19:10:42.501  3171  3171 I net.osmand: RoutingHelper Recalculate route, because correlation  : 162397.3408309611
06-30 19:10:42.507  3171  3171 I net.osmand: RoutingHelper Recalculate route, because correlation  : 162684.54884660008
06-30 19:10:42.921  3171  3184 I zygote  : Background concurrent copying GC freed 952351(21MB) AllocSpace objects, 0(0B) LOS objects, 13% free, 38MB/44MB, paused 1.127ms total 1.268s
06-30 19:10:43.219  3171  3171 I net.osmand: RoutingHelper Recalculate route, because correlation  : 162397.3408309611
06-30 19:10:43.219  3171  3171 I net.osmand: RoutingHelper Recalculate route, because wrong movement direction: 162397.34
06-30 19:10:43.272  3171  3171 I net.osmand: RoutingHelper Recalculate route, because correlation  : 162397.3408309611
06-30 19:10:43.402  4639  4669 D AudioTrack: stop() called with 45980 frames delivered
06-30 19:10:43.409  3171  5363 D net.osmand: AbstractPrologCommandPlayer abandonAudioFocus
06-30 19:10:43.411  1604  2691 I MediaFocusControl: abandonAudioFocus() from uid/pid 10104/3171 clientId=android.media.AudioManager@6cb55bbnet.osmand.plus.api.AudioFocusHelperImpl@b1b3e45
06-30 19:10:43.412  3171  5363 D net.osmand: TTSCommandPlayerImpl ttsRequests=0
06-30 19:10:43.525  3171  3220 I net.osmand: MapRenderRepositories RENDER MAP: update due to tile box
06-30 19:10:43.525  3171  3220 I net.osmand: MapRenderRepositories RENDER MAP: Interrupt rendering map
06-30 19:10:43.730  3171  3171 I net.osmand: RoutingHelper Recalculate route, because correlation  : 162110.42328561883
