06-29 12:57:46.854  1390  2659 W audio_hw_generic: Not supplying enough data to HAL, expected position 111074214 , only wrote 111073680
06-29 12:57:46.879  1390  2659 W audio_hw_generic: Not supplying enough data to HAL, expected position 111074879 , only wrote 111074400
06-29 12:57:46.915  1390  2659 W audio_hw_generic: Not supplying enough data to HAL, expected position 111076102 , only wrote 111075840
06-29 12:57:46.953  1473  1561 D AudioFlinger: mixer(0xa6c83380) throttle end: throttle time(9)
06-29 12:57:48.640  1473  1561 D AudioFlinger: mixer(0xa6c83380) throttle end: throttle time(10)
06-29 12:57:48.933  1481 22396 I NuPlayerDecoder: [audio] saw output EOS
06-29 12:57:49.182  1481 22395 D AudioTrack: stop() called with 132300 frames delivered
06-29 12:57:49.517  1481 22392 D NuPlayerDriver: notifyListener_l(0xa8ca5380), (2, 0, 0, -1), loop setting(1, 0)
06-29 12:57:49.541  1481 22396 I NuPlayerDecoder: [OMX.google.vorbis.decoder] resubmitting CSD
06-29 12:57:49.542  1481 22396 I NuPlayerDecoder: [OMX.google.vorbis.decoder] resubmitting CSD
06-29 12:57:49.555  1481 22392 D NuPlayerDriver: notifyListener_l(0xa8ca5380), (6, 0, 0, -1), loop setting(1, 0)
06-29 12:57:49.575  1481 22395 W AudioTrack: getTimestamp() location moved from kernel to server
06-29 12:57:49.576  1481 22395 W NuPlayerRenderer: getPendingAudioPlayoutDurationUs: pendingUs -1265 < 0, clamping to zero, potential resume after pause writtenAudioDurationUs: 14512, audioSinkPlayedUs: 15777
06-29 12:57:49.601  1481 22395 W AudioTrack: retrograde timestamp position corrected, -640 = 0 - 640
06-29 12:57:49.765  1390  2659 W audio_hw_generic: Not supplying enough data to HAL, expected position 111212658 , only wrote 111212640
06-29 12:57:49.773  1481 22395 W AudioTrack: getTimestamp() location moved from kernel to server
06-29 12:57:49.796  1473  1561 D AudioFlinger: mixer(0xa6c83380) throttle end: throttle time(17)
06-29 12:57:50.178  1473  1561 D AudioFlinger: mixer(0xa6c83380) throttle end: throttle time(10)
06-29 12:57:51.345  1473  1561 D AudioFlinger: mixer(0xa6c83380) throttle end: throttle time(3)
06-29 12:57:51.646  1390  2659 W audio_hw_generic: Not supplying enough data to HAL, expected position 111302914 , only wrote 111302640
06-29 12:57:51.646  1390  2659 W audio_hw_generic: Not supplying enough data to HAL, expected position 111302676 , only wrote 111302640
06-29 12:57:51.663  1390  2659 W audio_hw_generic: Not supplying enough data to HAL, expected position 111303433 , only wrote 111303360
06-29 12:57:51.689  1473  1561 D AudioFlinger: mixer(0xa6c83380) throttle end: throttle time(1)
06-29 12:57:51.708  1481 22395 W AudioTrack: getTimestamp() location moved from kernel to server
06-29 12:57:52.047  1481 22396 I NuPlayerDecoder: [audio] saw output EOS
06-29 12:57:52.298  1481 22395 D AudioTrack: stop() called with 132300 frames delivered
06-29 12:57:52.371  1473  1561 D AudioFlinger: mixer(0xa6c83380) throttle end: throttle time(11)
06-29 12:57:52.443 22407 22490 I zygote  : Deoptimizing java.lang.Object aeri.a(java.lang.Object, java.lang.Object[], int, int, java.lang.Object) due to JIT inline cache
06-29 12:57:52.578  1390  2659 W audio_hw_generic: Not supplying enough data to HAL, expected position 111347291 , only wrote 111347280
06-29 12:57:52.601 22407 22469 I zygote  : Deoptimizing void acpp.a(aclm, java.util.Collection) due to JIT inline cache
06-29 12:57:52.614  1473  1561 D AudioFlinger: mixer(0xa6c83380) throttle end: throttle time(1)
06-29 12:57:52.655  1481 22392 D NuPlayerDriver: notifyListener_l(0xa8ca5380), (2, 0, 0, -1), loop setting(1, 0)
06-29 12:57:52.692  1481 22396 I NuPlayerDecoder: [OMX.google.vorbis.decoder] resubmitting CSD
06-29 12:57:52.692  1481 22396 I NuPlayerDecoder: [OMX.google.vorbis.decoder] resubmitting CSD
06-29 12:57:52.716  1481 22392 D NuPlayerDriver: notifyListener_l(0xa8ca5380), (6, 0, 0, -1), loop setting(1, 0)
06-29 12:57:52.736  1481 22395 W AudioTrack: getTimestamp() location moved from kernel to server
06-29 12:57:52.736  1481 22395 W NuPlayerRenderer: getPendingAudioPlayoutDurationUs: pendingUs -6754 < 0, clamping to zero, potential resume after pause writtenAudioDurationUs: 11609, audioSinkPlayedUs: 18363
06-29 12:57:52.770  1481 22395 W AudioTrack: retrograde timestamp position corrected, -512 = 0 - 512
06-29 12:57:52.797  1481 22395 W NuPlayerRenderer: getPendingAudioPlayoutDurationUs: pendingUs -15278 < 0, clamping to zero, potential resume after pause writtenAudioDurationUs: 20317, audioSinkPlayedUs: 35595
06-29 12:57:52.924  1390  2659 W audio_hw_generic: Not supplying enough data to HAL, expected position 111363901 , only wrote 111363840
06-29 12:57:52.925  1390  2659 W audio_hw_generic: Not supplying enough data to HAL, expected position 111363882 , only wrote 111363840
06-29 12:57:52.931  1481 22395 W AudioTrack: getTimestamp() location moved from kernel to server
06-29 12:57:53.102  3472 22147 I net.osmand:native: Run GC (before 57.602341 Mb after 44.753740 Mb) unload 204 of 864 tiles
06-29 12:57:54.247  1390  2659 W audio_hw_generic: Not supplying enough data to HAL, expected position 111427270 , only wrote 111427200
06-29 12:57:54.247  1390  2659 W audio_hw_generic: Not supplying enough data to HAL, expected position 111427229 , only wrote 111427200
06-29 12:57:54.263  1390  2659 W audio_hw_generic: Not supplying enough data to HAL, expected position 111427941 , only wrote 111427920
06-29 12:57:54.461  1481 22395 W AudioTrack: getTimestamp() location moved from kernel to server
06-29 12:57:54.707  1390  2659 W audio_hw_generic: Not supplying enough data to HAL, expected position 111449250 , only wrote 111448800
06-29 12:57:54.708  1390  2659 W audio_hw_generic: Not supplying enough data to HAL, expected position 111448814 , only wrote 111448800
06-29 12:57:54.724  1390  2659 W audio_hw_generic: Not supplying enough data to HAL, expected position 111449611 , only wrote 111449520
06-29 12:57:54.752  1473  1561 D AudioFlinger: mixer(0xa6c83380) throttle end: throttle time(3)
06-29 12:57:55.390  1481 22396 I NuPlayerDecoder: [audio] saw output EOS
06-29 12:57:55.391  1481 22395 D AudioTrack: stop() called with 132300 frames delivered
06-29 12:57:55.505  1390  2659 W audio_hw_generic: Not supplying enough data to HAL, expected position 111486982 , only wrote 111486960
06-29 12:57:55.517  1473  1561 D AudioFlinger: mixer(0xa6c83380) throttle end: throttle time(8)
06-29 12:57:55.610  1390  2659 W audio_hw_generic: Not supplying enough data to HAL, expected position 111492006 , only wrote 111492000
06-29 12:57:55.778  1390  2659 W audio_hw_generic: Not supplying enough data to HAL, expected position 111500049 , only wrote 111499920
06-29 12:57:55.779  1390  2659 W audio_hw_generic: Not supplying enough data to HAL, expected position 111499978 , only wrote 111499920
06-29 12:57:55.817  1473  1561 D AudioFlinger: mixer(0xa6c83380) throttle end: throttle time(12)
06-29 12:57:55.858  1481 22392 D NuPlayerDriver: notifyListener_l(0xa8ca5380), (2, 0, 0, -1), loop setting(1, 0)
06-29 12:57:55.880  1481 22396 I NuPlayerDecoder: [OMX.google.vorbis.decoder] resubmitting CSD
06-29 12:57:55.880  1481 22396 I NuPlayerDecoder: [OMX.google.vorbis.decoder] resubmitting CSD
06-29 12:57:55.891  1481 22392 D NuPlayerDriver: notifyListener_l(0xa8ca5380), (6, 0, 0, -1), loop setting(1, 0)
06-29 12:57:55.947  1481 22395 W AudioTrack: getTimestamp() location moved from kernel to server
06-29 12:57:55.968  1481 22395 W AudioTrack: retrograde timestamp position corrected, -1039 = 20 - 1059
06-29 12:57:56.178  1600  4486 I WifiService: acquireWifiLock uid=10014 lockMode=2
06-29 12:57:56.184  1600  1613 E memtrack: Couldn't load memtrack module
06-29 12:57:56.185  1600  1613 W android.os.Debug: failed to get memory consumption info: -1
06-29 12:57:56.211  1481 22395 W AudioTrack: getTimestamp() location moved from kernel to server
06-29 12:57:56.444  1600  4486 I WifiService: releaseWifiLock uid=10014
06-29 12:57:56.461  1600  1613 E memtrack: Couldn't load memtrack module
06-29 12:57:56.461  1600  1613 W android.os.Debug: failed to get memory consumption info: -1
06-29 12:57:56.986  1600  1609 I zygote  : Background concurrent copying GC freed 23916(1109KB) AllocSpace objects, 0(0B) LOS objects, 21% free, 21MB/27MB, paused 7.747ms total 664.260ms
06-29 12:57:57.062  1390  2659 W audio_hw_generic: Not supplying enough data to HAL, expected position 111561508 , only wrote 111561120
06-29 12:57:57.063  1390  2659 W audio_hw_generic: Not supplying enough data to HAL, expected position 111561149 , only wrote 111561120
06-29 12:57:57.078  1390  2659 W audio_hw_generic: Not supplying enough data to HAL, expected position 111561874 , only wrote 111561840
06-29 12:57:57.249  1390  2659 W audio_hw_generic: Not supplying enough data to HAL, expected position 111570028 , only wrote 111569760
06-29 12:57:57.249  1390  2659 W audio_hw_generic: Not supplying enough data to HAL, expected position 111569778 , only wrote 111569760
06-29 12:57:57.266  1390  2659 W audio_hw_generic: Not supplying enough data to HAL, expected position 111570546 , only wrote 111570480
06-29 12:57:57.277  1473  1561 D AudioFlinger: mixer(0xa6c83380) throttle end: throttle time(12)
06-29 12:57:57.407  1473  1561 D AudioFlinger: mixer(0xa6c83380) throttle end: throttle time(5)
06-29 12:57:57.457  1390  2659 W audio_hw_generic: Not supplying enough data to HAL, expected position 111579644 , only wrote 111579120
06-29 12:57:57.563  1390  2659 W audio_hw_generic: Not supplying enough data to HAL, expected position 111584216 , only wrote 111584160
06-29 12:57:57.580  1390  2659 W audio_hw_generic: Not supplying enough data to HAL, expected position 111584990 , only wrote 111584880
06-29 12:57:57.601  1473  1561 D AudioFlinger: mixer(0xa6c83380) throttle end: throttle time(4)
06-29 12:57:57.796  1473  1561 D AudioFlinger: mixer(0xa6c83380) throttle end: throttle time(4)
06-29 12:57:58.522  1481 22396 I NuPlayerDecoder: [audio] saw output EOS
06-29 12:57:58.523  1481 22395 D AudioTrack: stop() called with 132300 frames delivered
06-29 12:57:58.829  1390  2659 W audio_hw_generic: Not supplying enough data to HAL, expected position 111644806 , only wrote 111641040
06-29 12:57:58.829  1390  2659 W audio_hw_generic: Not supplying enough data to HAL, expected position 111641058 , only wrote 111641040
06-29 12:57:58.844  1390  2659 W audio_hw_generic: Not supplying enough data to HAL, expected position 111641783 , only wrote 111641760
06-29 12:57:59.005  1390  2659 W audio_hw_generic: Not supplying enough data to HAL, expected position 111649448 , only wrote 111648240
06-29 12:57:59.007  1481 22392 D NuPlayerDriver: notifyListener_l(0xa8ca5380), (2, 0, 0, -1), loop setting(1, 0)
06-29 12:57:59.029  1481 22396 I NuPlayerDecoder: [OMX.google.vorbis.decoder] resubmitting CSD
06-29 12:57:59.031  1481 22396 I NuPlayerDecoder: [OMX.google.vorbis.decoder] resubmitting CSD
06-29 12:57:59.048  1481 22392 D NuPlayerDriver: notifyListener_l(0xa8ca5380), (6, 0, 0, -1), loop setting(1, 0)
06-29 12:57:59.143  1390  2659 W audio_hw_generic: Not supplying enough data to HAL, expected position 111654865 , only wrote 111654720
06-29 12:57:59.146  1481 22395 W AudioTrack: getTimestamp() location moved from kernel to server
06-29 12:57:59.334  1481 22395 W AudioTrack: getTimestamp() location moved from kernel to server
06-29 12:57:59.452  1390  2659 W audio_hw_generic: Not supplying enough data to HAL, expected position 111669590 , only wrote 111669120
06-29 12:57:59.453  1390  2659 W audio_hw_generic: Not supplying enough data to HAL, expected position 111669148 , only wrote 111669120
06-29 12:57:59.470  1390  2659 W audio_hw_generic: Not supplying enough data to HAL, expected position 111669924 , only wrote 111669840
06-29 12:58:00.559  1390  2659 W audio_hw_generic: Not supplying enough data to HAL, expected position 111722110 , only wrote 111721680
06-29 12:58:00.560  1390  2659 W audio_hw_generic: Not supplying enough data to HAL, expected position 111721718 , only wrote 111721680
06-29 12:58:00.575  1390  2659 W audio_hw_generic: Not supplying enough data to HAL, expected position 111722436 , only wrote 111722400
06-29 12:58:00.594  1473  1561 D AudioFlinger: mixer(0xa6c83380) throttle end: throttle time(8)
06-29 12:58:01.656  1481 22396 I NuPlayerDecoder: [audio] saw output EOS
06-29 12:58:01.657  1481 22395 D AudioTrack: stop() called with 132300 frames delivered
06-29 12:58:01.787  1473  1561 D AudioFlinger: mixer(0xa6c83380) throttle end: throttle time(1)
06-29 12:58:01.941  1390  2659 W audio_hw_generic: Not supplying enough data to HAL, expected position 111787942 , only wrote 111787920
06-29 12:58:01.957  1390  2659 W audio_hw_generic: Not supplying enough data to HAL, expected position 111788696 , only wrote 111788640
06-29 12:58:01.990  1390  2659 W audio_hw_generic: Not supplying enough data to HAL, expected position 111790225 , only wrote 111790080
06-29 12:58:02.211  1481 22392 D NuPlayerDriver: notifyListener_l(0xa8ca5380), (2, 0, 0, -1), loop setting(1, 0)
06-29 12:58:02.232  1481 22396 I NuPlayerDecoder: [OMX.google.vorbis.decoder] resubmitting CSD
06-29 12:58:02.233  1481 22396 I NuPlayerDecoder: [OMX.google.vorbis.decoder] resubmitting CSD
06-29 12:58:02.272  1481 22392 D NuPlayerDriver: notifyListener_l(0xa8ca5380), (6, 0, 0, -1), loop setting(1, 0)
06-29 12:58:02.274  1481 22395 W AudioTrack: getTimestamp() location moved from kernel to server
06-29 12:58:02.274  1481 22395 W NuPlayerRenderer: getPendingAudioPlayoutDurationUs: pendingUs -1403 < 0, clamping to zero, potential resume after pause writtenAudioDurationUs: 2902, audioSinkPlayedUs: 4305
06-29 12:58:02.296  1481 22395 W NuPlayerRenderer: getPendingAudioPlayoutDurationUs: pendingUs -417 < 0, clamping to zero, potential resume after pause writtenAudioDurationUs: 23219, audioSinkPlayedUs: 23636
06-29 12:58:02.316  1481 22395 W AudioTrack: retrograde timestamp position corrected, -640 = 0 - 640
06-29 12:58:02.408 22407 22492 W acdf    : Job 'AdsStartupJob' did not complete within 00:30.0000 (mm:ss.ms).
06-29 12:58:02.408 22407 22492 W acdf    : adgi: Job 'AdsStartupJob' did not complete within 00:30.0000 (mm:ss.ms).
06-29 12:58:02.408 22407 22492 W acdf    : 	at adfl.call(Unknown Source:3)
06-29 12:58:02.408 22407 22492 W acdf    : 	at adej.a(Unknown Source:2)
06-29 12:58:02.408 22407 22492 W acdf    : 	at adek.a(SourceFile:2)
06-29 12:58:02.408 22407 22492 W acdf    : 	at adds.run(Unknown Source:8)
06-29 12:58:02.408 22407 22492 W acdf    : 	at abql.run(Unknown Source:3)
06-29 12:58:02.408 22407 22492 W acdf    : 	at adax.call(Unknown Source:2)
06-29 12:58:02.408 22407 22492 W acdf    : 	at adec.a(Unknown Source:2)
06-29 12:58:02.408 22407 22492 W acdf    : 	at afjm.a(SourceFile:2)
06-29 12:58:02.408 22407 22492 W acdf    : 	at afjj.run(SourceFile:6)
06-29 12:58:02.408 22407 22492 W acdf    : 	at aflq.run(Unknown Source:7)
06-29 12:58:02.408 22407 22492 W acdf    : 	at java.util.concurrent.Executors$RunnableAdapter.call(Executors.java:457)
06-29 12:58:02.408 22407 22492 W acdf    : 	at java.util.concurrent.FutureTask.run(FutureTask.java:266)
06-29 12:58:02.408 22407 22492 W acdf    : 	at java.util.concurrent.ScheduledThreadPoolExecutor$ScheduledFutureTask.run(ScheduledThreadPoolExecutor.java:301)
06-29 12:58:02.408 22407 22492 W acdf    : 	at java.util.concurrent.ThreadPoolExecutor.runWorker(ThreadPoolExecutor.java:1162)
06-29 12:58:02.408 22407 22492 W acdf    : 	at java.util.concurrent.ThreadPoolExecutor$Worker.run(ThreadPoolExecutor.java:636)
06-29 12:58:02.408 22407 22492 W acdf    : 	at java.lang.Thread.run(Thread.java:764)
06-29 12:58:02.441  1473  1561 D AudioFlinger: mixer(0xa6c83380) throttle end: throttle time(2)
06-29 12:58:03.744  1390  2659 W audio_hw_generic: Not supplying enough data to HAL, expected position 111874254 , only wrote 111873600
06-29 12:58:03.744  1390  2659 W audio_hw_generic: Not supplying enough data to HAL, expected position 111873629 , only wrote 111873600
06-29 12:58:03.765  1390  2659 W audio_hw_generic: Not supplying enough data to HAL, expected position 111874331 , only wrote 111874320
06-29 12:58:03.770  1473  1561 D AudioFlinger: mixer(0xa6c83380) throttle end: throttle time(11)
06-29 12:58:03.850  1390  2659 W audio_hw_generic: Not supplying enough data to HAL, expected position 111878656 , only wrote 111878640
06-29 12:58:04.825  1390  2659 W audio_hw_generic: Not supplying enough data to HAL, expected position 111925464 , only wrote 111925440
06-29 12:58:04.826  1390  2659 W audio_hw_generic: Not supplying enough data to HAL, expected position 111925484 , only wrote 111925440
06-29 12:58:04.831  1481 22396 I NuPlayerDecoder: [audio] saw output EOS
06-29 12:58:04.832  1481 22395 D AudioTrack: stop() called with 132300 frames delivered
06-29 12:58:04.865  1473  1561 D AudioFlinger: mixer(0xa6c83380) throttle end: throttle time(4)
06-29 12:58:05.358  1481 22392 D NuPlayerDriver: notifyListener_l(0xa8ca5380), (2, 0, 0, -1), loop setting(1, 0)
06-29 12:58:05.386  1481 22396 I NuPlayerDecoder: [OMX.google.vorbis.decoder] resubmitting CSD
06-29 12:58:05.387  1481 22396 I NuPlayerDecoder: [OMX.google.vorbis.decoder] resubmitting CSD
06-29 12:58:05.402  1481 22392 D NuPlayerDriver: notifyListener_l(0xa8ca5380), (6, 0, 0, -1), loop setting(1, 0)
06-29 12:58:06.005  1390  2659 W audio_hw_generic: Not supplying enough data to HAL, expected position 111982020 , only wrote 111981600
06-29 12:58:06.005  1390  2659 W audio_hw_generic: Not supplying enough data to HAL, expected position 111981613 , only wrote 111981600
06-29 12:58:06.022  1390  2659 W audio_hw_generic: Not supplying enough data to HAL, expected position 111982408 , only wrote 111982320
06-29 12:58:06.289  1390  2659 W audio_hw_generic: Not supplying enough data to HAL, expected position 111995134 , only wrote 111994560
06-29 12:58:06.292  1473  1561 D AudioFlinger: mixer(0xa6c83380) throttle end: throttle time(2)
06-29 12:58:07.566  1390  2659 W audio_hw_generic: Not supplying enough data to HAL, expected position 112055853 , only wrote 112055760
06-29 12:58:07.602  1390  2659 W audio_hw_generic: Not supplying enough data to HAL, expected position 112057476 , only wrote 112057200
06-29 12:58:07.605  1473  1561 D AudioFlinger: mixer(0xa6c83380) throttle end: throttle time(9)
06-29 12:58:07.954  1481 22396 I NuPlayerDecoder: [audio] saw output EOS
06-29 12:58:07.954  1481 22395 D AudioTrack: stop() called with 132300 frames delivered
06-29 12:58:08.112  1390  2659 W audio_hw_generic: Not supplying enough data to HAL, expected position 112081686 , only wrote 112081680
06-29 12:58:08.113  1390  2659 W audio_hw_generic: Not supplying enough data to HAL, expected position 112081726 , only wrote 112081680
06-29 12:58:08.128  1390  2659 W audio_hw_generic: Not supplying enough data to HAL, expected position 112082409 , only wrote 112082400
06-29 12:58:08.135  1473  1561 D AudioFlinger: mixer(0xa6c83380) throttle end: throttle time(12)
06-29 12:58:08.518  1481 22392 D NuPlayerDriver: notifyListener_l(0xa8ca5380), (2, 0, 0, -1), loop setting(1, 0)
06-29 12:58:08.554  1481 22396 I NuPlayerDecoder: [OMX.google.vorbis.decoder] resubmitting CSD
06-29 12:58:08.555  1481 22396 I NuPlayerDecoder: [OMX.google.vorbis.decoder] resubmitting CSD
06-29 12:58:08.571  1481 22392 D NuPlayerDriver: notifyListener_l(0xa8ca5380), (6, 0, 0, -1), loop setting(1, 0)
06-29 12:58:08.587  1481 22395 W AudioTrack: getTimestamp() location moved from kernel to server
06-29 12:58:08.587  1481 22395 W NuPlayerRenderer: getPendingAudioPlayoutDurationUs: pendingUs -2077 < 0, clamping to zero, potential resume after pause writtenAudioDurationUs: 17414, audioSinkPlayedUs: 19491
06-29 12:58:08.608  1481 22395 W AudioTrack: retrograde timestamp position corrected, -768 = 0 - 768
06-29 12:58:08.608  1481 22395 W NuPlayerRenderer: getPendingAudioPlayoutDurationUs: pendingUs -1492 < 0, clamping to zero, potential resume after pause writtenAudioDurationUs: 39183, audioSinkPlayedUs: 40675
06-29 12:58:09.153  1390  2659 W audio_hw_generic: Not supplying enough data to HAL, expected position 112131571 , only wrote 112131360
06-29 12:58:09.183 20862 20885 I Finsky  : [690] imb.run(3): Stats for Executor: BlockingExecutor ink@f3e9dc4[Running, pool size = 0, active threads = 0, queued tasks = 0, completed tasks = 13]
06-29 12:58:09.205  1473  1561 D AudioFlinger: mixer(0xa6c83380) throttle end: throttle time(17)
06-29 12:58:09.211 20862 20885 I Finsky  : [690] imb.run(3): Stats for Executor: LightweightExecutor ink@b5314ad[Running, pool size = 2, active threads = 0, queued tasks = 0, completed tasks = 65]
06-29 12:58:09.348  1390  2659 W audio_hw_generic: Not supplying enough data to HAL, expected position 112140737 , only wrote 112140720
06-29 12:58:09.348  1390  2659 W audio_hw_generic: Not supplying enough data to HAL, expected position 112140737 , only wrote 112140720
06-29 12:58:09.366  1390  2659 W audio_hw_generic: Not supplying enough data to HAL, expected position 112141550 , only wrote 112141440
06-29 12:58:09.391  1473  1561 D AudioFlinger: mixer(0xa6c83380) throttle end: throttle time(2)
06-29 12:58:10.063 20862 20885 I Finsky  : [690] imb.run(3): Stats for Executor: bgExecutor ink@d7ab3e2[Running, pool size = 4, active threads = 0, queued tasks = 0, completed tasks = 33]
06-29 12:58:10.379  1390  2659 W audio_hw_generic: Not supplying enough data to HAL, expected position 112190080 , only wrote 112189680
06-29 12:58:10.380  1390  2659 W audio_hw_generic: Not supplying enough data to HAL, expected position 112189708 , only wrote 112189680
06-29 12:58:10.400  1390  2659 W audio_hw_generic: Not supplying enough data to HAL, expected position 112190659 , only wrote 112190400
06-29 12:58:10.417  1390  2659 W audio_hw_generic: Not supplying enough data to HAL, expected position 112191209 , only wrote 112191120
06-29 12:58:10.418  1481 22395 W AudioTrack: getTimestamp() location moved from kernel to server
06-29 12:58:10.418  1390  2659 W audio_hw_generic: Not supplying enough data to HAL, expected position 112191165 , only wrote 112191120
06-29 12:58:10.418  1473  1561 D AudioFlinger: mixer(0xa6c83380) throttle end: throttle time(12)
06-29 12:58:10.433  1390  2659 W audio_hw_generic: Not supplying enough data to HAL, expected position 112191851 , only wrote 112191840
06-29 12:58:10.729  1473  1561 D AudioFlinger: mixer(0xa6c83380) throttle end: throttle time(5)
06-29 12:58:11.278  1481 22396 I NuPlayerDecoder: [audio] saw output EOS
06-29 12:58:11.278  1481 22395 D AudioTrack: stop() called with 132300 frames delivered
06-29 12:58:11.535  1600  4486 I WifiService: getConnectionInfo uid=10014
06-29 12:58:11.540  1964 22250 E WakeLock: GCM_HB_ALARM release without a matched acquire!
06-29 12:58:11.678  1481 22392 D NuPlayerDriver: notifyListener_l(0xa8ca5380), (2, 0, 0, -1), loop setting(1, 0)
06-29 12:58:11.695  1481 22396 I NuPlayerDecoder: [OMX.google.vorbis.decoder] resubmitting CSD
06-29 12:58:11.696  1481 22396 I NuPlayerDecoder: [OMX.google.vorbis.decoder] resubmitting CSD
06-29 12:58:11.737  1481 22392 D NuPlayerDriver: notifyListener_l(0xa8ca5380), (6, 0, 0, -1), loop setting(1, 0)
06-29 12:58:11.749  1481 22395 W AudioTrack: getTimestamp() location moved from kernel to server
06-29 12:58:11.749  1481 22395 W NuPlayerRenderer: getPendingAudioPlayoutDurationUs: pendingUs -6220 < 0, clamping to zero, potential resume after pause writtenAudioDurationUs: 5804, audioSinkPlayedUs: 12024
06-29 12:58:11.798  1481 22395 W AudioTrack: retrograde timestamp position corrected, -244 = 140 - 384
06-29 12:58:12.016  1964  2323 I GeofencerStateMachine: addGeofences called by com.google.android.apps.maps
06-29 12:58:12.224  1600  1792 I WifiService: getWifiEnabledState uid=10062
06-29 12:58:12.519  1390  2659 W audio_hw_generic: Not supplying enough data to HAL, expected position 112291946 , only wrote 112291920
06-29 12:58:12.534  1390  2659 W audio_hw_generic: Not supplying enough data to HAL, expected position 112292663 , only wrote 112292640
06-29 12:58:13.309  1481 22395 W AudioTrack: getTimestamp() location moved from kernel to server
06-29 12:58:13.809  1390  2659 W audio_hw_generic: Not supplying enough data to HAL, expected position 112353847 , only wrote 112353840
06-29 12:58:13.825  1390  2659 W audio_hw_generic: Not supplying enough data to HAL, expected position 112354590 , only wrote 112354560
06-29 12:58:14.224  1481 22396 I NuPlayerDecoder: [audio] saw output EOS
06-29 12:58:14.449  1390  2659 W audio_hw_generic: Not supplying enough data to HAL, expected position 112384536 , only wrote 112384080
06-29 12:58:14.465  1390  2659 W audio_hw_generic: Not supplying enough data to HAL, expected position 112384849 , only wrote 112384800
06-29 12:58:14.479  1481 22395 D AudioTrack: stop() called with 132300 frames delivered
06-29 12:58:14.811  1481 22392 D NuPlayerDriver: notifyListener_l(0xa8ca5380), (2, 0, 0, -1), loop setting(1, 0)
06-29 12:58:14.830  1481 22396 I NuPlayerDecoder: [OMX.google.vorbis.decoder] resubmitting CSD
06-29 12:58:14.834  1481 22396 I NuPlayerDecoder: [OMX.google.vorbis.decoder] resubmitting CSD
06-29 12:58:14.849  1481 22392 D NuPlayerDriver: notifyListener_l(0xa8ca5380), (6, 0, 0, -1), loop setting(1, 0)
06-29 12:58:14.880  1481 22395 W AudioTrack: getTimestamp() location moved from kernel to server
06-29 12:58:14.881  1481 22395 W NuPlayerRenderer: getPendingAudioPlayoutDurationUs: pendingUs -664 < 0, clamping to zero, potential resume after pause writtenAudioDurationUs: 26122, audioSinkPlayedUs: 26786
06-29 12:58:14.905  1481 22395 W AudioTrack: retrograde timestamp position corrected, -2 = 1058 - 1060
06-29 12:58:15.052  1390  2659 W audio_hw_generic: Not supplying enough data to HAL, expected position 112412972 , only wrote 112412880
06-29 12:58:15.403  1473  1561 D AudioFlinger: mixer(0xa6c83380) throttle end: throttle time(10)
06-29 12:58:15.444  1390  2659 W audio_hw_generic: Not supplying enough data to HAL, expected position 112431690 , only wrote 112431600
06-29 12:58:15.445  1390  2659 W audio_hw_generic: Not supplying enough data to HAL, expected position 112431628 , only wrote 112431600
06-29 12:58:15.460  1390  2659 W audio_hw_generic: Not supplying enough data to HAL, expected position 112432336 , only wrote 112432320
06-29 12:58:15.482  1473  1561 D AudioFlinger: mixer(0xa6c83380) throttle end: throttle time(2)
06-29 12:58:16.016  1390  2659 W audio_hw_generic: Not supplying enough data to HAL, expected position 112459002 , only wrote 112458240
06-29 12:58:16.017  1390  2659 W audio_hw_generic: Not supplying enough data to HAL, expected position 112458268 , only wrote 112458240
06-29 12:58:16.035  1390  2659 W audio_hw_generic: Not supplying enough data to HAL, expected position 112459124 , only wrote 112458960
06-29 12:58:16.047  1473  1561 D AudioFlinger: mixer(0xa6c83380) throttle end: throttle time(11)
06-29 12:58:16.212  1600  1792 I WifiService: acquireWifiLock uid=10014 lockMode=2
06-29 12:58:17.331  1600  1610 I WifiService: getWifiEnabledState uid=10062
06-29 12:58:17.367  1481 22396 I NuPlayerDecoder: [audio] saw output EOS
06-29 12:58:17.617  1481 22395 D AudioTrack: stop() called with 132300 frames delivered
06-29 12:58:17.868  1390  2659 W audio_hw_generic: Not supplying enough data to HAL, expected position 112546902 , only wrote 112546800
06-29 12:58:17.879  1390  2659 W audio_hw_generic: Not supplying enough data to HAL, expected position 112547358 , only wrote 112546800
06-29 12:58:17.897  1390  2659 W audio_hw_generic: Not supplying enough data to HAL, expected position 112547650 , only wrote 112547520
06-29 12:58:17.930  1481 22392 D NuPlayerDriver: notifyListener_l(0xa8ca5380), (2, 0, 0, -1), loop setting(1, 0)
06-29 12:58:17.958  1481 22396 I NuPlayerDecoder: [OMX.google.vorbis.decoder] resubmitting CSD
06-29 12:58:17.968  1481 22396 I NuPlayerDecoder: [OMX.google.vorbis.decoder] resubmitting CSD
06-29 12:58:17.999  1481 22392 D NuPlayerDriver: notifyListener_l(0xa8ca5380), (6, 0, 0, -1), loop setting(1, 0)
06-29 12:58:18.315  1473  1561 D AudioFlinger: mixer(0xa6c83380) throttle end: throttle time(2)
06-29 12:58:18.738  1390  2659 W audio_hw_generic: Not supplying enough data to HAL, expected position 112587909 , only wrote 112587120
06-29 12:58:18.739  1390  2659 W audio_hw_generic: Not supplying enough data to HAL, expected position 112587152 , only wrote 112587120
06-29 12:58:18.757  1390  2659 W audio_hw_generic: Not supplying enough data to HAL, expected position 112587979 , only wrote 112587840
06-29 12:58:18.764  1473  1561 D AudioFlinger: mixer(0xa6c83380) throttle end: throttle time(10)
06-29 12:58:18.773  1481 22395 W AudioTrack: getTimestamp() location moved from kernel to server
06-29 12:58:18.797  1481 22395 W AudioTrack: retrograde timestamp position corrected, -181 = 29589 - 29770
06-29 12:58:19.226  1600  1610 D WificondControl: Scan result ready event
06-29 12:58:19.333  1964  1964 I GeofencerStateMachine: sendNewTransitions called.
06-29 12:58:19.494  1600  4486 I WifiService: releaseWifiLock uid=10014
06-29 12:58:19.755  1390  2659 W audio_hw_generic: Not supplying enough data to HAL, expected position 112635767 , only wrote 112635360
06-29 12:58:19.789  1390  2659 W audio_hw_generic: Not supplying enough data to HAL, expected position 112637001 , only wrote 112636080
06-29 12:58:20.501  1473  1561 D AudioFlinger: mixer(0xa6c83380) throttle end: throttle time(5)
06-29 12:58:20.736  1481 22396 I NuPlayerDecoder: [audio] saw output EOS
06-29 12:58:20.736  1481 22395 D AudioTrack: stop() called with 132300 frames delivered
06-29 12:58:21.152  1481 22392 D NuPlayerDriver: notifyListener_l(0xa8ca5380), (2, 0, 0, -1), loop setting(1, 0)
06-29 12:58:21.178  1481 22396 I NuPlayerDecoder: [OMX.google.vorbis.decoder] resubmitting CSD
06-29 12:58:21.180  1481 22396 I NuPlayerDecoder: [OMX.google.vorbis.decoder] resubmitting CSD
06-29 12:58:21.202  1481 22392 D NuPlayerDriver: notifyListener_l(0xa8ca5380), (6, 0, 0, -1), loop setting(1, 0)
06-29 12:58:21.207  1481 22395 W AudioTrack: getTimestamp() location moved from kernel to server
06-29 12:58:21.207  1481 22395 W NuPlayerRenderer: getPendingAudioPlayoutDurationUs: pendingUs -2398 < 0, clamping to zero, potential resume after pause writtenAudioDurationUs: 2902, audioSinkPlayedUs: 5300
06-29 12:58:21.234  1481 22395 W AudioTrack: retrograde timestamp position corrected, -128 = 0 - 128
06-29 12:58:21.629  1390  2659 W audio_hw_generic: Not supplying enough data to HAL, expected position 112724384 , only wrote 112723920
06-29 12:58:21.629  1390  2659 W audio_hw_generic: Not supplying enough data to HAL, expected position 112723937 , only wrote 112723920
06-29 12:58:21.646  1390  2659 W audio_hw_generic: Not supplying enough data to HAL, expected position 112724722 , only wrote 112724640
06-29 12:58:21.660  1473  1561 D AudioFlinger: mixer(0xa6c83380) throttle end: throttle time(12)
06-29 12:58:21.679  1481 22395 W AudioTrack: getTimestamp() location moved from kernel to server
06-29 12:58:21.784  1390  2659 W audio_hw_generic: Not supplying enough data to HAL, expected position 112731261 , only wrote 112731120
06-29 12:58:21.800  1390  2659 W audio_hw_generic: Not supplying enough data to HAL, expected position 112731868 , only wrote 112731840
06-29 12:58:21.819  1473  1561 D AudioFlinger: mixer(0xa6c83380) throttle end: throttle time(7)
06-29 12:58:22.614  1473  1561 D AudioFlinger: mixer(0xa6c83380) throttle end: throttle time(1)
06-29 12:58:23.075  1390  2659 W audio_hw_generic: Not supplying enough data to HAL, expected position 112793064 , only wrote 112793040
06-29 12:58:23.199  1390  2659 W audio_hw_generic: Not supplying enough data to HAL, expected position 112798973 , only wrote 112798800
06-29 12:58:23.200  1390  2659 W audio_hw_generic: Not supplying enough data to HAL, expected position 112798855 , only wrote 112798800
06-29 12:58:23.201  1406  1406 I boot-pipe: done populating /dev/random
06-29 12:58:23.215  1390  2659 W audio_hw_generic: Not supplying enough data to HAL, expected position 112799522 , only wrote 112799520
06-29 12:58:23.240  1473  1561 D AudioFlinger: mixer(0xa6c83380) throttle end: throttle time(5)
06-29 12:58:23.336  1390  2659 W audio_hw_generic: Not supplying enough data to HAL, expected position 112805308 , only wrote 112805280
06-29 12:58:23.336  1390  2659 W audio_hw_generic: Not supplying enough data to HAL, expected position 112805308 , only wrote 112805280
06-29 12:58:23.353  1390  2659 W audio_hw_generic: Not supplying enough data to HAL, expected position 112806068 , only wrote 112806000
06-29 12:58:23.364  1473  1561 D AudioFlinger: mixer(0xa6c83380) throttle end: throttle time(12)
06-29 12:58:23.923  1481 22396 I NuPlayerDecoder: [audio] saw output EOS
06-29 12:58:23.923  1481 22395 D AudioTrack: stop() called with 132300 frames delivered
06-29 12:58:24.308  1481 22392 D NuPlayerDriver: notifyListener_l(0xa8ca5380), (2, 0, 0, -1), loop setting(1, 0)
06-29 12:58:24.327  1481 22396 I NuPlayerDecoder: [OMX.google.vorbis.decoder] resubmitting CSD
06-29 12:58:24.328  1481 22396 I NuPlayerDecoder: [OMX.google.vorbis.decoder] resubmitting CSD
06-29 12:58:24.343  1481 22392 D NuPlayerDriver: notifyListener_l(0xa8ca5380), (6, 0, 0, -1), loop setting(1, 0)
06-29 12:58:24.357  1481 22395 W AudioTrack: getTimestamp() location moved from kernel to server
06-29 12:58:24.357  1481 22395 W NuPlayerRenderer: getPendingAudioPlayoutDurationUs: pendingUs -1952 < 0, clamping to zero, potential resume after pause writtenAudioDurationUs: 14512, audioSinkPlayedUs: 16464
06-29 12:58:24.400  1481 22395 W AudioTrack: retrograde timestamp position corrected, -512 = 0 - 512
06-29 12:58:24.756  1390  2659 W audio_hw_generic: Not supplying enough data to HAL, expected position 112873384 , only wrote 112872960
06-29 12:58:24.764  1390  2659 W audio_hw_generic: Not supplying enough data to HAL, expected position 112873316 , only wrote 112872960
06-29 12:58:24.780  1390  2659 W audio_hw_generic: Not supplying enough data to HAL, expected position 112873714 , only wrote 112873680
06-29 12:58:24.797  1390  2659 W audio_hw_generic: Not supplying enough data to HAL, expected position 112874520 , only wrote 112874400
06-29 12:58:24.797  1473  1561 D AudioFlinger: mixer(0xa6c83380) throttle end: throttle time(12)
06-29 12:58:24.798  1390  2659 W audio_hw_generic: Not supplying enough data to HAL, expected position 112874439 , only wrote 112874400
06-29 12:58:24.814  1390  2659 W audio_hw_generic: Not supplying enough data to HAL, expected position 112875178 , only wrote 112875120
06-29 12:58:26.116  1390  2659 W audio_hw_generic: Not supplying enough data to HAL, expected position 112937622 , only wrote 112937040
06-29 12:58:26.117  1390  2659 W audio_hw_generic: Not supplying enough data to HAL, expected position 112937080 , only wrote 112937040
06-29 12:58:26.133  1390  2659 W audio_hw_generic: Not supplying enough data to HAL, expected position 112937824 , only wrote 112937760
06-29 12:58:26.855  1473  1561 D AudioFlinger: mixer(0xa6c83380) throttle end: throttle time(3)
06-29 12:58:27.089  1481 22396 I NuPlayerDecoder: [audio] saw output EOS
06-29 12:58:27.090  1481 22395 D AudioTrack: stop() called with 132300 frames delivered
06-29 12:58:27.468  1481 22392 D NuPlayerDriver: notifyListener_l(0xa8ca5380), (2, 0, 0, -1), loop setting(1, 0)
06-29 12:58:27.486  1481 22396 I NuPlayerDecoder: [OMX.google.vorbis.decoder] resubmitting CSD
06-29 12:58:27.487  1481 22396 I NuPlayerDecoder: [OMX.google.vorbis.decoder] resubmitting CSD
06-29 12:58:27.512  1481 22392 D NuPlayerDriver: notifyListener_l(0xa8ca5380), (6, 0, 0, -1), loop setting(1, 0)
06-29 12:58:27.663  1390  2659 W audio_hw_generic: Not supplying enough data to HAL, expected position 113011202 , only wrote 113011200
06-29 12:58:28.272  1473  1561 D AudioFlinger: mixer(0xa6c83380) throttle end: throttle time(5)
06-29 12:58:28.820  1390  2659 W audio_hw_generic: Not supplying enough data to HAL, expected position 113066707 , only wrote 113066640
06-29 12:58:28.820  1390  2659 W audio_hw_generic: Not supplying enough data to HAL, expected position 113066657 , only wrote 113066640
06-29 12:58:28.837  1390  2659 W audio_hw_generic: Not supplying enough data to HAL, expected position 113067432 , only wrote 113067360
06-29 12:58:29.062  1473  1561 D AudioFlinger: mixer(0xa6c83380) throttle end: throttle time(3)
06-29 12:58:29.768  1390  2659 W audio_hw_generic: Not supplying enough data to HAL, expected position 113112044 , only wrote 113112000
06-29 12:58:29.834  1481 22395 W AudioTrack: getTimestamp() location moved from kernel to server
06-29 12:58:29.852  1473  1561 D AudioFlinger: mixer(0xa6c83380) throttle end: throttle time(22)
06-29 12:58:30.120  1390  2659 W audio_hw_generic: Not supplying enough data to HAL, expected position 113128894 , only wrote 113128560
06-29 12:58:30.120  1390  2659 W audio_hw_generic: Not supplying enough data to HAL, expected position 113128589 , only wrote 113128560
06-29 12:58:30.134  1481 22396 I NuPlayerDecoder: [audio] saw output EOS
06-29 12:58:30.134  1481 22395 D AudioTrack: stop() called with 132300 frames delivered
06-29 12:58:30.136  1390  2659 W audio_hw_generic: Not supplying enough data to HAL, expected position 113129312 , only wrote 113129280
06-29 12:58:30.147  1473  1561 D AudioFlinger: mixer(0xa6c83380) throttle end: throttle time(12)
06-29 12:58:30.227  1390  2659 W audio_hw_generic: Not supplying enough data to HAL, expected position 113133652 , only wrote 113133600
06-29 12:58:30.227  1390  2659 W audio_hw_generic: Not supplying enough data to HAL, expected position 113133617 , only wrote 113133600
06-29 12:58:30.246  1390  2659 W audio_hw_generic: Not supplying enough data to HAL, expected position 113134495 , only wrote 113134320
06-29 12:58:30.258  1473  1561 D AudioFlinger: mixer(0xa6c83380) throttle end: throttle time(11)
06-29 12:58:30.379  1390  2659 W audio_hw_generic: Not supplying enough data to HAL, expected position 113140725 , only wrote 113140080
06-29 12:58:30.380  1390  2659 W audio_hw_generic: Not supplying enough data to HAL, expected position 113140097 , only wrote 113140080
06-29 12:58:30.395  1390  2659 W audio_hw_generic: Not supplying enough data to HAL, expected position 113140802 , only wrote 113140800
06-29 12:58:30.407  1473  1561 D AudioFlinger: mixer(0xa6c83380) throttle end: throttle time(12)
06-29 12:58:30.530  1473  1561 D AudioFlinger: mixer(0xa6c83380) throttle end: throttle time(5)
06-29 12:58:30.617  1481 22392 D NuPlayerDriver: notifyListener_l(0xa8ca5380), (2, 0, 0, -1), loop setting(1, 0)
06-29 12:58:30.625  1481 22396 I NuPlayerDecoder: [OMX.google.vorbis.decoder] resubmitting CSD
06-29 12:58:30.625  1481 22396 I NuPlayerDecoder: [OMX.google.vorbis.decoder] resubmitting CSD
06-29 12:58:30.629  1481 22392 D NuPlayerDriver: notifyListener_l(0xa8ca5380), (6, 0, 0, -1), loop setting(1, 0)
06-29 12:58:30.646  1481 22395 W NuPlayerRenderer: getPendingAudioPlayoutDurationUs: pendingUs -455 < 0, clamping to zero, potential resume after pause writtenAudioDurationUs: 20317, audioSinkPlayedUs: 20772
06-29 12:58:30.668  1481 22395 W AudioTrack: retrograde timestamp position corrected, -896 = 0 - 896
06-29 12:58:31.028  1390  2659 W audio_hw_generic: Not supplying enough data to HAL, expected position 113171167 , only wrote 113171040
06-29 12:58:31.238  1473  1561 D AudioFlinger: mixer(0xa6c83380) throttle end: throttle time(4)
06-29 12:58:31.656  1390  2659 W audio_hw_generic: Not supplying enough data to HAL, expected position 113201199 , only wrote 113199840
06-29 12:58:31.656  1481 22395 W AudioTrack: getTimestamp() location moved from kernel to server
06-29 12:58:31.656  1390  2659 W audio_hw_generic: Not supplying enough data to HAL, expected position 113199867 , only wrote 113199840
06-29 12:58:31.672  1390  2659 W audio_hw_generic: Not supplying enough data to HAL, expected position 113200608 , only wrote 113200560
06-29 12:58:31.684  1473  1561 D AudioFlinger: mixer(0xa6c83380) throttle end: throttle time(12)
06-29 12:58:31.707  1390  2659 W audio_hw_generic: Hardware backing HAL too slow, could only write 0 of 720 frames
06-29 12:58:31.736  1390  2659 I chatty  : uid=1041(audioserver) writer identical 2 lines
06-29 12:58:31.751  1390  2659 W audio_hw_generic: Hardware backing HAL too slow, could only write 0 of 720 frames
06-29 12:58:32.369  1473  1561 D AudioFlinger: mixer(0xa6c83380) throttle end: throttle time(12)
06-29 12:58:32.579  1390  2659 W audio_hw_generic: Not supplying enough data to HAL, expected position 113244090 , only wrote 113243760
06-29 12:58:32.609  1473  1561 D AudioFlinger: mixer(0xa6c83380) throttle end: throttle time(8)
06-29 12:58:33.294  1481 22396 I NuPlayerDecoder: [audio] saw output EOS
06-29 12:58:33.295  1481 22395 D AudioTrack: stop() called with 132300 frames delivered
06-29 12:58:33.723  1390  2659 W audio_hw_generic: Not supplying enough data to HAL, expected position 113298639 , only wrote 113298480
06-29 12:58:33.749  1481 22392 D NuPlayerDriver: notifyListener_l(0xa8ca5380), (2, 0, 0, -1), loop setting(1, 0)
06-29 12:58:33.767  1481 22396 I NuPlayerDecoder: [OMX.google.vorbis.decoder] resubmitting CSD
06-29 12:58:33.768  1481 22396 I NuPlayerDecoder: [OMX.google.vorbis.decoder] resubmitting CSD
06-29 12:58:33.783  1481 22392 D NuPlayerDriver: notifyListener_l(0xa8ca5380), (6, 0, 0, -1), loop setting(1, 0)
06-29 12:58:33.798  1481 22395 W AudioTrack: getTimestamp() location moved from kernel to server
06-29 12:58:33.798  1481 22395 W NuPlayerRenderer: getPendingAudioPlayoutDurationUs: pendingUs -3553 < 0, clamping to zero, potential resume after pause writtenAudioDurationUs: 11609, audioSinkPlayedUs: 15162
06-29 12:58:33.831  1481 22395 W AudioTrack: retrograde timestamp position corrected, -384 = 128 - 512
06-29 12:58:33.831  1481 22395 W NuPlayerRenderer: getPendingAudioPlayoutDurationUs: pendingUs -16641 < 0, clamping to zero, potential resume after pause writtenAudioDurationUs: 17414, audioSinkPlayedUs: 34055
06-29 12:58:33.854  1481 22395 W NuPlayerRenderer: getPendingAudioPlayoutDurationUs: pendingUs -5267 < 0, clamping to zero, potential resume after pause writtenAudioDurationUs: 26122, audioSinkPlayedUs: 31389
06-29 12:58:34.061  1473  1561 D AudioFlinger: mixer(0xa6c83380) throttle end: throttle time(2)
06-29 12:58:34.624  1600  1613 E memtrack: Couldn't load memtrack module
06-29 12:58:34.624  1600  1613 W android.os.Debug: failed to get memory consumption info: -1
06-29 12:58:34.828  1600  1613 E memtrack: Couldn't load memtrack module
06-29 12:58:34.828  1600  1613 W android.os.Debug: failed to get memory consumption info: -1
06-29 12:58:34.926  1473  1561 D AudioFlinger: mixer(0xa6c83380) throttle end: throttle time(2)
06-29 12:58:35.038  1600  1613 E memtrack: Couldn't load memtrack module
06-29 12:58:35.038  1600  1613 W android.os.Debug: failed to get memory consumption info: -1
06-29 12:58:35.382  1390  2659 W audio_hw_generic: Not supplying enough data to HAL, expected position 113378127 , only wrote 113377680
06-29 12:58:35.385  1390  2659 W audio_hw_generic: Not supplying enough data to HAL, expected position 113377829 , only wrote 113377680
06-29 12:58:35.420  1390  2659 W audio_hw_generic: Not supplying enough data to HAL, expected position 113379334 , only wrote 113379120
06-29 12:58:35.421  1390  2659 W audio_hw_generic: Not supplying enough data to HAL, expected position 113379163 , only wrote 113379120
06-29 12:58:35.423  1473  1561 D AudioFlinger: mixer(0xa6c83380) throttle end: throttle time(12)
06-29 12:58:35.437  1390  2659 W audio_hw_generic: Not supplying enough data to HAL, expected position 113379890 , only wrote 113379840
06-29 12:58:35.798  3472 22147 I net.osmand:native: Run GC (before 57.657516 Mb after 44.793346 Mb) unload 258 of 932 tiles
06-29 12:58:36.337  1473  1561 D AudioFlinger: mixer(0xa6c83380) throttle end: throttle time(11)
06-29 12:58:36.401  1481 22396 I NuPlayerDecoder: [audio] saw output EOS
06-29 12:58:36.405  1481 22395 D AudioTrack: stop() called with 132300 frames delivered
06-29 12:58:36.729  1390  2659 W audio_hw_generic: Not supplying enough data to HAL, expected position 113441857 , only wrote 113441760
06-29 12:58:36.795  1473  1561 D AudioFlinger: mixer(0xa6c83380) throttle end: throttle time(2)
06-29 12:58:36.887  1473  1561 D AudioFlinger: mixer(0xa6c83380) throttle end: throttle time(2)
06-29 12:58:36.924  1481 22392 D NuPlayerDriver: notifyListener_l(0xa8ca5380), (2, 0, 0, -1), loop setting(1, 0)
06-29 12:58:36.952  1481 22396 I NuPlayerDecoder: [OMX.google.vorbis.decoder] resubmitting CSD
06-29 12:58:36.961  1481 22396 I NuPlayerDecoder: [OMX.google.vorbis.decoder] resubmitting CSD
06-29 12:58:36.990  1481 22392 D NuPlayerDriver: notifyListener_l(0xa8ca5380), (6, 0, 0, -1), loop setting(1, 0)
06-29 12:58:37.266  1600  1611 I WifiService: acquireWifiLock uid=10014 lockMode=2
06-29 12:58:37.370  1600  1610 I WifiService: releaseWifiLock uid=10014
06-29 12:58:37.739  1390  2659 W audio_hw_generic: Not supplying enough data to HAL, expected position 113490237 , only wrote 113490000
06-29 12:58:37.739  1390  2659 W audio_hw_generic: Not supplying enough data to HAL, expected position 113490029 , only wrote 113490000
06-29 12:58:37.755  1390  2659 W audio_hw_generic: Not supplying enough data to HAL, expected position 113490783 , only wrote 113490720
06-29 12:58:37.767  1473  1561 D AudioFlinger: mixer(0xa6c83380) throttle end: throttle time(12)
06-29 12:58:38.243  1390  2659 W audio_hw_generic: Not supplying enough data to HAL, expected position 113514101 , only wrote 113513040
06-29 12:58:38.259  1390  2659 W audio_hw_generic: Not supplying enough data to HAL, expected position 113513825 , only wrote 113513760
06-29 12:58:39.120  1390  2659 W audio_hw_generic: Not supplying enough data to HAL, expected position 113555094 , only wrote 113554800
06-29 12:58:39.121  1390  2659 W audio_hw_generic: Not supplying enough data to HAL, expected position 113554827 , only wrote 113554800
06-29 12:58:39.140  1390  2659 W audio_hw_generic: Not supplying enough data to HAL, expected position 113555730 , only wrote 113555520
06-29 12:58:39.189  1390  2659 W audio_hw_generic: Hardware backing HAL too slow, could only write 0 of 720 frames
06-29 12:58:39.758  1390  2659 W audio_hw_generic: Not supplying enough data to HAL, expected position 113585194 , only wrote 113585040
06-29 12:58:39.758  1390  2659 W audio_hw_generic: Not supplying enough data to HAL, expected position 113585048 , only wrote 113585040
06-29 12:58:39.772  1481 22396 I NuPlayerDecoder: [audio] saw output EOS
06-29 12:58:39.773  1481 22395 D AudioTrack: stop() called with 132300 frames delivered
06-29 12:58:39.775  1390  2659 W audio_hw_generic: Not supplying enough data to HAL, expected position 113585835 , only wrote 113585760
06-29 12:58:39.789  1473  1561 D AudioFlinger: mixer(0xa6c83380) throttle end: throttle time(11)
06-29 12:58:40.123  1481 22392 D NuPlayerDriver: notifyListener_l(0xa8ca5380), (2, 0, 0, -1), loop setting(1, 0)
06-29 12:58:40.141  1481 22396 I NuPlayerDecoder: [OMX.google.vorbis.decoder] resubmitting CSD
06-29 12:58:40.142  1481 22396 I NuPlayerDecoder: [OMX.google.vorbis.decoder] resubmitting CSD
06-29 12:58:40.161  1481 22392 D NuPlayerDriver: notifyListener_l(0xa8ca5380), (6, 0, 0, -1), loop setting(1, 0)
06-29 12:58:40.197  1481 22395 W AudioTrack: getTimestamp() location moved from kernel to server
06-29 12:58:40.218  1481 22395 W AudioTrack: retrograde timestamp position corrected, -1058 = 0 - 1058
06-29 12:58:40.518  1390  2659 W audio_hw_generic: Not supplying enough data to HAL, expected position 113621425 , only wrote 113621040
06-29 12:58:40.519  1390  2659 W audio_hw_generic: Not supplying enough data to HAL, expected position 113621074 , only wrote 113621040
06-29 12:58:40.535  1390  2659 W audio_hw_generic: Not supplying enough data to HAL, expected position 113621793 , only wrote 113621760
06-29 12:58:40.548  1473  1561 D AudioFlinger: mixer(0xa6c83380) throttle end: throttle time(11)
06-29 12:58:40.670  1390  2659 W audio_hw_generic: Not supplying enough data to HAL, expected position 113628244 , only wrote 113628240
06-29 12:58:40.674  1390  2659 W audio_hw_generic: Not supplying enough data to HAL, expected position 113628473 , only wrote 113628240
06-29 12:58:41.217  1390  2659 W audio_hw_generic: Not supplying enough data to HAL, expected position 113654302 , only wrote 113654160
06-29 12:58:41.220  1473  1561 D AudioFlinger: mixer(0xa6c83380) throttle end: throttle time(6)
06-29 12:58:42.434  1390  2659 W audio_hw_generic: Not supplying enough data to HAL, expected position 113712572 , only wrote 113712480
06-29 12:58:42.435  1390  2659 W audio_hw_generic: Not supplying enough data to HAL, expected position 113712501 , only wrote 113712480
06-29 12:58:42.450  1390  2659 W audio_hw_generic: Not supplying enough data to HAL, expected position 113713225 , only wrote 113713200
06-29 12:58:42.772  1481 22396 I NuPlayerDecoder: [audio] saw output EOS
06-29 12:58:42.773  1481 22395 D AudioTrack: stop() called with 132300 frames delivered
06-29 12:58:43.258  1481 22392 D NuPlayerDriver: notifyListener_l(0xa8ca5380), (2, 0, 0, -1), loop setting(1, 0)
06-29 12:58:43.275  1481 22396 I NuPlayerDecoder: [OMX.google.vorbis.decoder] resubmitting CSD
06-29 12:58:43.276  1481 22396 I NuPlayerDecoder: [OMX.google.vorbis.decoder] resubmitting CSD
06-29 12:58:43.285  1481 22392 D NuPlayerDriver: notifyListener_l(0xa8ca5380), (6, 0, 0, -1), loop setting(1, 0)
06-29 12:58:43.302  1481 22395 W NuPlayerRenderer: getPendingAudioPlayoutDurationUs: pendingUs -626 < 0, clamping to zero, potential resume after pause writtenAudioDurationUs: 17414, audioSinkPlayedUs: 18040
06-29 12:58:43.322  1481 22395 W AudioTrack: retrograde timestamp position corrected, -768 = 0 - 768
