06-28 15:33:09.688  1483  9786 W AudioTrack: retrograde timestamp position corrected, -896 = 0 - 896
06-28 15:33:10.072  1393  3231 W audio_hw_generic: Not supplying enough data to HAL, expected position 190286049 , only wrote 190285920
06-28 15:33:10.072  1393  3231 W audio_hw_generic: Not supplying enough data to HAL, expected position 190285946 , only wrote 190285920
06-28 15:33:10.091  1393  3231 W audio_hw_generic: Not supplying enough data to HAL, expected position 190286831 , only wrote 190286640
06-28 15:33:10.931  1603  1620 I WifiService: requestActivityInfo uid=1000
06-28 15:33:10.931  1603  1620 I WifiService: reportActivityInfo uid=1000
06-28 15:33:10.931  1603  1620 I WifiService: getSupportedFeatures uid=1000
06-28 15:33:11.308  1393  3231 W audio_hw_generic: Not supplying enough data to HAL, expected position 190345033 , only wrote 190344960
06-28 15:33:11.494  1393  3231 W audio_hw_generic: Not supplying enough data to HAL, expected position 190353876 , only wrote 190353600
06-28 15:33:11.512  1393  3231 W audio_hw_generic: Not supplying enough data to HAL, expected position 190354477 , only wrote 190354320
06-28 15:33:11.534  1393  3231 W audio_hw_generic: Not supplying enough data to HAL, expected position 190355367 , only wrote 190355040
06-28 15:33:11.551  1393  3231 W audio_hw_generic: Not supplying enough data to HAL, expected position 190355875 , only wrote 190355760
06-28 15:33:11.567  1393  3231 W audio_hw_generic: Not supplying enough data to HAL, expected position 190356541 , only wrote 190356480
06-28 15:33:12.166  1483  9787 I NuPlayerDecoder: [audio] saw output EOS
06-28 15:33:12.420  1483  9786 D AudioTrack: stop() called with 132300 frames delivered
06-28 15:33:12.506  1393  3231 W audio_hw_generic: Not supplying enough data to HAL, expected position 190401534 , only wrote 190401120
06-28 15:33:12.507  1393  3231 W audio_hw_generic: Not supplying enough data to HAL, expected position 190401169 , only wrote 190401120
06-28 15:33:12.525  1393  3231 W audio_hw_generic: Not supplying enough data to HAL, expected position 190401961 , only wrote 190401840
06-28 15:33:12.732  1483  9783 D NuPlayerDriver: notifyListener_l(0xa9e94850), (2, 0, 0, -1), loop setting(1, 0)
06-28 15:33:12.753  1483  9787 I NuPlayerDecoder: [OMX.google.vorbis.decoder] resubmitting CSD
06-28 15:33:12.754  1483  9787 I NuPlayerDecoder: [OMX.google.vorbis.decoder] resubmitting CSD
06-28 15:33:12.763  1483  9783 D NuPlayerDriver: notifyListener_l(0xa9e94850), (6, 0, 0, -1), loop setting(1, 0)
06-28 15:33:14.641  1393  3231 W audio_hw_generic: Not supplying enough data to HAL, expected position 190503418 , only wrote 190503360
06-28 15:33:15.078  1393  3231 W audio_hw_generic: Not supplying enough data to HAL, expected position 190524358 , only wrote 190524240
06-28 15:33:15.420  1483  9787 I NuPlayerDecoder: [audio] saw output EOS
06-28 15:33:15.421  1483  9786 D AudioTrack: stop() called with 132300 frames delivered
06-28 15:33:15.829  1393  3231 W audio_hw_generic: Not supplying enough data to HAL, expected position 190560255 , only wrote 190560240
06-28 15:33:15.849  1393  3231 W audio_hw_generic: Not supplying enough data to HAL, expected position 190561199 , only wrote 190560960
06-28 15:33:15.851  1483  9783 D NuPlayerDriver: notifyListener_l(0xa9e94850), (2, 0, 0, -1), loop setting(1, 0)
06-28 15:33:15.892  1483  9787 I NuPlayerDecoder: [OMX.google.vorbis.decoder] resubmitting CSD
06-28 15:33:15.893  1483  9787 I NuPlayerDecoder: [OMX.google.vorbis.decoder] resubmitting CSD
06-28 15:33:15.915  1483  9783 D NuPlayerDriver: notifyListener_l(0xa9e94850), (6, 0, 0, -1), loop setting(1, 0)
06-28 15:33:16.005  1603  2119 I WifiService: acquireWifiLock uid=10014 lockMode=2
06-28 15:33:16.056  1603  1616 E memtrack: Couldn't load memtrack module
06-28 15:33:16.056  1603  1616 W android.os.Debug: failed to get memory consumption info: -1
06-28 15:33:16.214  1603  1616 E memtrack: Couldn't load memtrack module
06-28 15:33:16.214  1603  1616 W android.os.Debug: failed to get memory consumption info: -1
06-28 15:33:16.220  1603  2119 I WifiService: releaseWifiLock uid=10014
06-28 15:33:16.225 19546 19546 I GeofencerStateMachine: sendNewTransitions called.
06-28 15:33:16.231 19546 19594 I GeofencerStateMachine: Inaccurate location dropped.
06-28 15:33:16.542 19546 19556 I zygote  : Background concurrent copying GC freed 138574(6MB) AllocSpace objects, 21(1148KB) LOS objects, 36% free, 10MB/16MB, paused 4.211ms total 410.601ms
06-28 15:33:17.049  1393  3231 W audio_hw_generic: Not supplying enough data to HAL, expected position 190618599 , only wrote 190618560
06-28 15:33:17.051  1393  3231 W audio_hw_generic: Not supplying enough data to HAL, expected position 190618618 , only wrote 190618560
06-28 15:33:17.072  1393  3231 W audio_hw_generic: Not supplying enough data to HAL, expected position 190619593 , only wrote 190619280
06-28 15:33:17.781  1483  9786 W AudioTrack: getTimestamp() location moved from kernel to server
06-28 15:33:18.392  1475  1571 D AudioFlinger: mixer(0xaa803cc0) throttle end: throttle time(1)
06-28 15:33:18.684  1483  9787 I NuPlayerDecoder: [audio] saw output EOS
06-28 15:33:18.686  1483  9786 D AudioTrack: stop() called with 132300 frames delivered
06-28 15:33:19.218  1483  9783 D NuPlayerDriver: notifyListener_l(0xa9e94850), (2, 0, 0, -1), loop setting(1, 0)
06-28 15:33:19.226  1483  9787 I NuPlayerDecoder: [OMX.google.vorbis.decoder] resubmitting CSD
06-28 15:33:19.226  1483  9787 I NuPlayerDecoder: [OMX.google.vorbis.decoder] resubmitting CSD
06-28 15:33:19.234  1483  9783 D NuPlayerDriver: notifyListener_l(0xa9e94850), (6, 0, 0, -1), loop setting(1, 0)
06-28 15:33:19.285  1483  9786 W AudioTrack: getTimestamp() location moved from kernel to server
06-28 15:33:19.326  1483  9786 W AudioTrack: retrograde timestamp position corrected, -1058 = 0 - 1058
06-28 15:33:21.864  1483  9787 I NuPlayerDecoder: [audio] saw output EOS
06-28 15:33:21.865  1483  9786 D AudioTrack: stop() called with 132300 frames delivered
06-28 15:33:22.315  1483  9783 D NuPlayerDriver: notifyListener_l(0xa9e94850), (2, 0, 0, -1), loop setting(1, 0)
06-28 15:33:22.332  1483  9787 I NuPlayerDecoder: [OMX.google.vorbis.decoder] resubmitting CSD
06-28 15:33:22.334  1483  9787 I NuPlayerDecoder: [OMX.google.vorbis.decoder] resubmitting CSD
06-28 15:33:22.350  1483  9783 D NuPlayerDriver: notifyListener_l(0xa9e94850), (6, 0, 0, -1), loop setting(1, 0)
06-28 15:33:22.388  1483  9786 W AudioTrack: getTimestamp() location moved from kernel to server
06-28 15:33:22.434  1483  9786 W AudioTrack: retrograde timestamp position corrected, -1058 = 0 - 1058
06-28 15:33:22.984  1393  3231 W audio_hw_generic: Not supplying enough data to HAL, expected position 190903044 , only wrote 190902960
06-28 15:33:24.296  1409  1409 I boot-pipe: done populating /dev/random
06-28 15:33:24.689  1603  1616 E memtrack: Couldn't load memtrack module
06-28 15:33:24.714  1603  1616 W android.os.Debug: failed to get memory consumption info: -1
06-28 15:33:24.824  1603  1616 E memtrack: Couldn't load memtrack module
06-28 15:33:24.824  1603  1616 W android.os.Debug: failed to get memory consumption info: -1
06-28 15:33:24.845  1393  3231 W audio_hw_generic: Not supplying enough data to HAL, expected position 190992293 , only wrote 190990800
06-28 15:33:24.845  1393  3231 W audio_hw_generic: Not supplying enough data to HAL, expected position 190990813 , only wrote 190990800
06-28 15:33:24.876  1393  3231 W audio_hw_generic: Not supplying enough data to HAL, expected position 190992280 , only wrote 190991520
06-28 15:33:24.882  1475  1571 D AudioFlinger: mixer(0xaa803cc0) throttle end: throttle time(12)
06-28 15:33:24.899  1483  9786 W AudioTrack: getTimestamp() location moved from kernel to server
06-28 15:33:24.950  1393  3231 W audio_hw_generic: Not supplying enough data to HAL, expected position 190995063 , only wrote 190994400
06-28 15:33:24.951  1393  3231 W audio_hw_generic: Not supplying enough data to HAL, expected position 190994442 , only wrote 190994400
06-28 15:33:24.958  1483  9786 W AudioTrack: retrograde timestamp position corrected, -285 = 107290 - 107575
06-28 15:33:24.967  1393  3231 W audio_hw_generic: Not supplying enough data to HAL, expected position 190995158 , only wrote 190995120
06-28 15:33:24.967  1483  9787 I NuPlayerDecoder: [audio] saw output EOS
06-28 15:33:24.969  1483  9786 D AudioTrack: stop() called with 132300 frames delivered
06-28 15:33:24.982  1475  1571 D AudioFlinger: mixer(0xaa803cc0) throttle end: throttle time(12)
06-28 15:33:25.074  1393  3231 W audio_hw_generic: Not supplying enough data to HAL, expected position 191000254 , only wrote 190998720
06-28 15:33:25.101  1475  1571 D AudioFlinger: mixer(0xaa803cc0) throttle end: throttle time(10)
06-28 15:33:25.141  1393  3231 W audio_hw_generic: Not supplying enough data to HAL, expected position 191001933 , only wrote 191001600
06-28 15:33:25.151  1393  3231 W audio_hw_generic: Not supplying enough data to HAL, expected position 191002080 , only wrote 191001600
06-28 15:33:25.170  1393  3231 W audio_hw_generic: Not supplying enough data to HAL, expected position 191002518 , only wrote 191002320
06-28 15:33:25.335  1393  3231 W audio_hw_generic: Not supplying enough data to HAL, expected position 191010275 , only wrote 191010240
06-28 15:33:25.336  1393  3231 W audio_hw_generic: Not supplying enough data to HAL, expected position 191010284 , only wrote 191010240
06-28 15:33:25.361  1393  3231 W audio_hw_generic: Not supplying enough data to HAL, expected position 191011437 , only wrote 191010960
06-28 15:33:25.514  1393  3231 W audio_hw_generic: Not supplying enough data to HAL, expected position 191018279 , only wrote 191016000
06-28 15:33:25.515  1393  3231 W audio_hw_generic: Not supplying enough data to HAL, expected position 191016039 , only wrote 191016000
06-28 15:33:25.517  1483  9783 D NuPlayerDriver: notifyListener_l(0xa9e94850), (2, 0, 0, -1), loop setting(1, 0)
06-28 15:33:25.530  1393  3231 W audio_hw_generic: Not supplying enough data to HAL, expected position 191016737 , only wrote 191016720
06-28 15:33:25.540  1483  9787 I NuPlayerDecoder: [OMX.google.vorbis.decoder] resubmitting CSD
06-28 15:33:25.541  1483  9787 I NuPlayerDecoder: [OMX.google.vorbis.decoder] resubmitting CSD
06-28 15:33:25.554  1483  9783 D NuPlayerDriver: notifyListener_l(0xa9e94850), (6, 0, 0, -1), loop setting(1, 0)
06-28 15:33:25.592  1483  9786 W AudioTrack: getTimestamp() location moved from kernel to server
06-28 15:33:25.592  1483  9786 W NuPlayerRenderer: getPendingAudioPlayoutDurationUs: pendingUs -1809 < 0, clamping to zero, potential resume after pause writtenAudioDurationUs: 14512, audioSinkPlayedUs: 16321
06-28 15:33:25.643  1483  9786 W AudioTrack: retrograde timestamp position corrected, -512 = 128 - 640
06-28 15:33:25.644  1483  9786 W NuPlayerRenderer: getPendingAudioPlayoutDurationUs: pendingUs -723 < 0, clamping to zero, potential resume after pause writtenAudioDurationUs: 26122, audioSinkPlayedUs: 26845
06-28 15:33:26.422  1393  3231 W audio_hw_generic: Not supplying enough data to HAL, expected position 191059522 , only wrote 191058480
06-28 15:33:26.423  1393  3231 W audio_hw_generic: Not supplying enough data to HAL, expected position 191058525 , only wrote 191058480
06-28 15:33:26.457  1475  1571 D AudioFlinger: mixer(0xaa803cc0) throttle end: throttle time(9)
06-28 15:33:26.458  1393  3231 W audio_hw_generic: Not supplying enough data to HAL, expected position 191060180 , only wrote 191059200
06-28 15:33:26.505  1393  3231 W audio_hw_generic: Not supplying enough data to HAL, expected position 191061446 , only wrote 191060640
06-28 15:33:26.799  1475  1571 D AudioFlinger: mixer(0xaa803cc0) throttle end: throttle time(11)
06-28 15:33:26.850  1393  3231 W audio_hw_generic: Not supplying enough data to HAL, expected position 191077219 , only wrote 191077200
06-28 15:33:26.867  1393  3231 W audio_hw_generic: Not supplying enough data to HAL, expected position 191078001 , only wrote 191077920
06-28 15:33:28.160  1393  3231 W audio_hw_generic: Not supplying enough data to HAL, expected position 191139987 , only wrote 191139840
06-28 15:33:28.160  1393  3231 W audio_hw_generic: Not supplying enough data to HAL, expected position 191139853 , only wrote 191139840
06-28 15:33:28.178  1393  3231 W audio_hw_generic: Not supplying enough data to HAL, expected position 191140672 , only wrote 191140560
06-28 15:33:28.268  1483  9787 I NuPlayerDecoder: [audio] saw output EOS
06-28 15:33:28.268  1483  9786 D AudioTrack: stop() called with 132300 frames delivered
06-28 15:33:28.516  1393  3231 W audio_hw_generic: Not supplying enough data to HAL, expected position 191156815 , only wrote 191154960
06-28 15:33:28.519  1393  3231 W audio_hw_generic: Not supplying enough data to HAL, expected position 191155095 , only wrote 191154960
06-28 15:33:28.534  1475  1571 D AudioFlinger: mixer(0xaa803cc0) throttle end: throttle time(12)
06-28 15:33:28.534  1393  3231 W audio_hw_generic: Not supplying enough data to HAL, expected position 191155683 , only wrote 191155680
06-28 15:33:28.754  1483  9783 D NuPlayerDriver: notifyListener_l(0xa9e94850), (2, 0, 0, -1), loop setting(1, 0)
06-28 15:33:28.773  1483  9787 I NuPlayerDecoder: [OMX.google.vorbis.decoder] resubmitting CSD
06-28 15:33:28.773  1483  9787 I NuPlayerDecoder: [OMX.google.vorbis.decoder] resubmitting CSD
06-28 15:33:28.781  1483  9783 D NuPlayerDriver: notifyListener_l(0xa9e94850), (6, 0, 0, -1), loop setting(1, 0)
06-28 15:33:29.125  1603  1612 I zygote  : Background concurrent copying GC freed 37717(2MB) AllocSpace objects, 7(440KB) LOS objects, 17% free, 28MB/34MB, paused 3.608ms total 584.234ms
06-28 15:33:29.137  1603  1610 W MediaPlayer-JNI: MediaPlayer finalized without being released
06-28 15:33:29.138  1483  1574 D NuPlayerDriver: reset(0xa9e94460) at state 4
06-28 15:33:29.138  1483  1574 D NuPlayerDriver: notifyListener_l(0xa9e94460), (8, 0, 0, -1), loop setting(1, 0)
06-28 15:33:29.145  1483  9774 D NuPlayerDriver: notifyResetComplete(0xa9e94460)
06-28 15:33:29.151  1603  1610 V MediaPlayer: resetDrmState:  mDrmInfo=null mDrmProvisioningThread=null mPrepareDrmInProgress=false mActiveDrmScheme=false
06-28 15:33:29.151  1603  1610 V MediaPlayer: cleanDrmObj: mDrmObj=null mDrmSessionId=null
06-28 15:33:30.012  1483  9786 W AudioTrack: getTimestamp() location moved from kernel to server
06-28 15:33:30.480  1393  3231 W audio_hw_generic: Not supplying enough data to HAL, expected position 191249096 , only wrote 191248560
06-28 15:33:30.481  1393  3231 W audio_hw_generic: Not supplying enough data to HAL, expected position 191248609 , only wrote 191248560
06-28 15:33:30.497  1393  3231 W audio_hw_generic: Not supplying enough data to HAL, expected position 191249297 , only wrote 191249280
06-28 15:33:30.539  1393  3231 W audio_hw_generic: Not supplying enough data to HAL, expected position 191251288 , only wrote 191250720
06-28 15:33:31.261  1393  3231 W audio_hw_generic: Not supplying enough data to HAL, expected position 191285372 , only wrote 191285280
06-28 15:33:31.292  1483  9786 W AudioTrack: getTimestamp() location moved from kernel to server
06-28 15:33:31.352  1483  9787 I NuPlayerDecoder: [audio] saw output EOS
06-28 15:33:31.370  1393  3231 W audio_hw_generic: Not supplying enough data to HAL, expected position 191290528 , only wrote 191290320
06-28 15:33:31.384  1475  1571 D AudioFlinger: mixer(0xaa803cc0) throttle end: throttle time(3)
06-28 15:33:31.601  1483  9786 D AudioTrack: stop() called with 132300 frames delivered
06-28 15:33:31.902  1483  9783 D NuPlayerDriver: notifyListener_l(0xa9e94850), (2, 0, 0, -1), loop setting(1, 0)
06-28 15:33:31.917  1393  3231 W audio_hw_generic: Not supplying enough data to HAL, expected position 191316562 , only wrote 191316240
06-28 15:33:31.934  1483  9787 I NuPlayerDecoder: [OMX.google.vorbis.decoder] resubmitting CSD
06-28 15:33:31.937  1483  9787 I NuPlayerDecoder: [OMX.google.vorbis.decoder] resubmitting CSD
06-28 15:33:31.951  1483  9783 D NuPlayerDriver: notifyListener_l(0xa9e94850), (6, 0, 0, -1), loop setting(1, 0)
06-28 15:33:32.005  1483  9786 W AudioTrack: getTimestamp() location moved from kernel to server
06-28 15:33:32.005  1483  9786 W NuPlayerRenderer: getPendingAudioPlayoutDurationUs: pendingUs -8842 < 0, clamping to zero, potential resume after pause writtenAudioDurationUs: 23219, audioSinkPlayedUs: 32061
06-28 15:33:32.027  1483  9786 W AudioTrack: retrograde timestamp position corrected, -1024 = 0 - 1024
06-28 15:33:32.068  1393  3231 W audio_hw_generic: Not supplying enough data to HAL, expected position 191323500 , only wrote 191323440
06-28 15:33:32.071  1393  3231 W audio_hw_generic: Not supplying enough data to HAL, expected position 191323580 , only wrote 191323440
06-28 15:33:32.097  1475  1571 D AudioFlinger: mixer(0xaa803cc0) throttle end: throttle time(6)
06-28 15:33:32.098  1393  3231 W audio_hw_generic: Not supplying enough data to HAL, expected position 191324728 , only wrote 191324160
06-28 15:33:32.106  1483  9786 W AudioTrack: getTimestamp() location moved from kernel to server
06-28 15:33:32.993  1603  1620 I WifiService: requestActivityInfo uid=1000
06-28 15:33:32.993  1603  1620 I WifiService: reportActivityInfo uid=1000
06-28 15:33:32.993  1603  1620 I WifiService: getSupportedFeatures uid=1000
06-28 15:33:34.573  1483  9787 I NuPlayerDecoder: [audio] saw output EOS
06-28 15:33:34.574  1483  9786 D AudioTrack: stop() called with 132300 frames delivered
06-28 15:33:35.052  1483  9783 D NuPlayerDriver: notifyListener_l(0xa9e94850), (2, 0, 0, -1), loop setting(1, 0)
06-28 15:33:35.085  1483  9787 I NuPlayerDecoder: [OMX.google.vorbis.decoder] resubmitting CSD
06-28 15:33:35.086  1483  9787 I NuPlayerDecoder: [OMX.google.vorbis.decoder] resubmitting CSD
06-28 15:33:35.111  1483  9783 D NuPlayerDriver: notifyListener_l(0xa9e94850), (6, 0, 0, -1), loop setting(1, 0)
06-28 15:33:35.140  1483  9786 W AudioTrack: getTimestamp() location moved from kernel to server
06-28 15:33:35.140  1483  9786 W NuPlayerRenderer: getPendingAudioPlayoutDurationUs: pendingUs -7057 < 0, clamping to zero, potential resume after pause writtenAudioDurationUs: 17414, audioSinkPlayedUs: 24471
06-28 15:33:35.162  1483  9786 W AudioTrack: retrograde timestamp position corrected, -768 = 0 - 768
06-28 15:33:35.163  1483  9786 W NuPlayerRenderer: getPendingAudioPlayoutDurationUs: pendingUs -1765 < 0, clamping to zero, potential resume after pause writtenAudioDurationUs: 23219, audioSinkPlayedUs: 24984
06-28 15:33:35.173  1393  3231 W audio_hw_generic: Not supplying enough data to HAL, expected position 191471789 , only wrote 191471760
06-28 15:33:36.067  8540  8540 I BgTaskExecutorImpl: Starting PERIODIC background task REFRESH_SEARCH_HISTORY.
06-28 15:33:36.098  1603  1638 I WifiService: acquireWifiLock uid=10014 lockMode=2
06-28 15:33:36.130  8540  8574 I zygote  : Deoptimizing com.google.common.collect.ek com.google.common.collect.ek.a(java.util.Collection) due to JIT inline cache
06-28 15:33:36.332  1603  1735 I WifiService: getWifiEnabledState uid=10032
06-28 15:33:36.479  8540  8614 W CDHeaderDataHandler: Invalid integer value "" in experiments IDs.
06-28 15:33:36.702  1603  1735 I WifiService: getWifiEnabledState uid=10032
06-28 15:33:37.124  1393  3231 W audio_hw_generic: Not supplying enough data to HAL, expected position 191565401 , only wrote 191565360
06-28 15:33:37.594  1483  9787 I NuPlayerDecoder: [audio] saw output EOS
06-28 15:33:37.847  1483  9786 D AudioTrack: stop() called with 132300 frames delivered
06-28 15:33:38.082  1475  1571 D AudioFlinger: mixer(0xaa803cc0) throttle end: throttle time(1)
06-28 15:33:38.210  1483  9783 D NuPlayerDriver: notifyListener_l(0xa9e94850), (2, 0, 0, -1), loop setting(1, 0)
06-28 15:33:38.224  1483  9787 I NuPlayerDecoder: [OMX.google.vorbis.decoder] resubmitting CSD
06-28 15:33:38.224  1483  9787 I NuPlayerDecoder: [OMX.google.vorbis.decoder] resubmitting CSD
06-28 15:33:38.244  1483  9783 D NuPlayerDriver: notifyListener_l(0xa9e94850), (6, 0, 0, -1), loop setting(1, 0)
06-28 15:33:38.281  1483  9786 W AudioTrack: getTimestamp() location moved from kernel to server
06-28 15:33:38.304  1483  9786 W AudioTrack: retrograde timestamp position corrected, -1060 = 0 - 1060
06-28 15:33:39.092  1603  1735 D WificondControl: Scan result ready event
06-28 15:33:39.152  1603  1638 I WifiService: releaseWifiLock uid=10014
06-28 15:33:39.317  1393  3231 W audio_hw_generic: Not supplying enough data to HAL, expected position 191670614 , only wrote 191670480
06-28 15:33:39.318  1393  3231 W audio_hw_generic: Not supplying enough data to HAL, expected position 191670520 , only wrote 191670480
06-28 15:33:39.336  1393  3231 W audio_hw_generic: Not supplying enough data to HAL, expected position 191671361 , only wrote 191671200
06-28 15:33:39.337  1393  3231 W audio_hw_generic: Not supplying enough data to HAL, expected position 191671240 , only wrote 191671200
06-28 15:33:39.337  1483  9786 W AudioTrack: getTimestamp() location moved from kernel to server
06-28 15:33:39.361  1393  3231 W audio_hw_generic: Not supplying enough data to HAL, expected position 191672334 , only wrote 191671920
06-28 15:33:39.507  1393  3231 W audio_hw_generic: Not supplying enough data to HAL, expected position 191678926 , only wrote 191678400
06-28 15:33:39.573  1393  3231 W audio_hw_generic: Not supplying enough data to HAL, expected position 191681605 , only wrote 191681280
06-28 15:33:39.574  1393  3231 W audio_hw_generic: Not supplying enough data to HAL, expected position 191681292 , only wrote 191681280
06-28 15:33:39.600  1393  3231 W audio_hw_generic: Not supplying enough data to HAL, expected position 191682568 , only wrote 191682000
06-28 15:33:39.610  1475  1571 D AudioFlinger: mixer(0xaa803cc0) throttle end: throttle time(12)
06-28 15:33:39.714  1393  3231 W audio_hw_generic: Not supplying enough data to HAL, expected position 191687461 , only wrote 191684880
06-28 15:33:39.715  1393  3231 W audio_hw_generic: Not supplying enough data to HAL, expected position 191684916 , only wrote 191684880
06-28 15:33:39.754  1475  1571 D AudioFlinger: mixer(0xaa803cc0) throttle end: throttle time(8)
06-28 15:33:39.755  1393  3231 W audio_hw_generic: Not supplying enough data to HAL, expected position 191686772 , only wrote 191685600
06-28 15:33:39.760  1483  9786 W AudioTrack: getTimestamp() location moved from kernel to server
06-28 15:33:39.786  1603  2119 I WifiService: getWifiEnabledState uid=10032
06-28 15:33:39.803  1603  2119 D ConnectivityService: requestNetwork for uid/pid:10032/8540 NetworkRequest [ REQUEST id=101, [ Transports: CELLULAR Capabilities: INTERNET&NOT_RESTRICTED&TRUSTED&NOT_VPN] ]
06-28 15:33:39.826  1603  1677 D WIFI_UT : got request NetworkRequest [ REQUEST id=101, [ Transports: CELLULAR Capabilities: INTERNET&NOT_RESTRICTED&TRUSTED&NOT_VPN] ] with score 50
06-28 15:33:39.828  1603  1677 D WIFI    : got request NetworkRequest [ REQUEST id=101, [ Transports: CELLULAR Capabilities: INTERNET&NOT_RESTRICTED&TRUSTED&NOT_VPN] ] with score 50
06-28 15:33:39.830  1844  1844 D PhoneSwitcherNetworkRequstListener: got request NetworkRequest [ REQUEST id=101, [ Transports: CELLULAR Capabilities: INTERNET&NOT_RESTRICTED&TRUSTED&NOT_VPN] ] with score 50
06-28 15:33:39.890  1475  1571 D AudioFlinger: mixer(0xaa803cc0) throttle end: throttle time(3)
06-28 15:33:39.940  1603  1681 D ConnectivityService: reportNetworkConnectivity(101, false) by 10032
06-28 15:33:39.975  1603  2399 D NetworkMonitor/NetworkAgentInfo [WIFI () - 101]: Forcing reevaluation for UID 10032
06-28 15:33:39.989  1393  3231 W audio_hw_generic: Not supplying enough data to HAL, expected position 191696878 , only wrote 191695680
06-28 15:33:39.990  1393  3231 W audio_hw_generic: Not supplying enough data to HAL, expected position 191695720 , only wrote 191695680
06-28 15:33:40.006  1393  3231 W audio_hw_generic: Not supplying enough data to HAL, expected position 191696424 , only wrote 191696400
06-28 15:33:40.015  1603  9800 D NetworkMonitor/NetworkAgentInfo [WIFI () - 101]: PROBE_DNS connectivitycheck.gstatic.com 19ms OK 172.217.172.131,2800:3f0:4001:81a::2003
06-28 15:33:40.034  1475  1571 D AudioFlinger: mixer(0xaa803cc0) throttle end: throttle time(12)
06-28 15:33:40.092  1393  3231 W audio_hw_generic: Not supplying enough data to HAL, expected position 191700547 , only wrote 191700000
06-28 15:33:40.092  1393  3231 W audio_hw_generic: Not supplying enough data to HAL, expected position 191700011 , only wrote 191700000
06-28 15:33:40.097  1483  9786 W AudioTrack: getTimestamp() location moved from kernel to server
06-28 15:33:40.102  1603  9799 D NetworkMonitor/NetworkAgentInfo [WIFI () - 101]: PROBE_DNS www.google.com 106ms OK 172.217.28.228,2800:3f0:4001:801::2004
06-28 15:33:40.108  1393  3231 W audio_hw_generic: Not supplying enough data to HAL, expected position 191700744 , only wrote 191700720
06-28 15:33:40.869  1483  9787 I NuPlayerDecoder: [audio] saw output EOS
06-28 15:33:41.120  1483  9786 D AudioTrack: stop() called with 132300 frames delivered
06-28 15:33:41.443  1393  3231 W audio_hw_generic: Not supplying enough data to HAL, expected position 191764806 , only wrote 191764800
06-28 15:33:41.461  1393  3231 W audio_hw_generic: Not supplying enough data to HAL, expected position 191765643 , only wrote 191765520
06-28 15:33:41.490  1483  9783 D NuPlayerDriver: notifyListener_l(0xa9e94850), (2, 0, 0, -1), loop setting(1, 0)
06-28 15:33:41.520  1483  9787 I NuPlayerDecoder: [OMX.google.vorbis.decoder] resubmitting CSD
06-28 15:33:41.520  1483  9787 I NuPlayerDecoder: [OMX.google.vorbis.decoder] resubmitting CSD
06-28 15:33:41.546  1483  9783 D NuPlayerDriver: notifyListener_l(0xa9e94850), (6, 0, 0, -1), loop setting(1, 0)
06-28 15:33:42.288  1393  3231 W audio_hw_generic: Not supplying enough data to HAL, expected position 191805253 , only wrote 191804400
06-28 15:33:42.325  1475  1571 D AudioFlinger: mixer(0xaa803cc0) throttle end: throttle time(6)
06-28 15:33:42.718  1475  1571 D AudioFlinger: mixer(0xaa803cc0) throttle end: throttle time(4)
06-28 15:33:43.496  1393  3231 W audio_hw_generic: Not supplying enough data to HAL, expected position 191862380 , only wrote 191861280
06-28 15:33:43.497  1393  3231 W audio_hw_generic: Not supplying enough data to HAL, expected position 191861302 , only wrote 191861280
06-28 15:33:43.514  1393  3231 W audio_hw_generic: Not supplying enough data to HAL, expected position 191862099 , only wrote 191862000
06-28 15:33:44.296  1483  9787 I NuPlayerDecoder: [audio] saw output EOS
06-28 15:33:44.296  1483  9786 D AudioTrack: stop() called with 132300 frames delivered
06-28 15:33:44.840  1483  9783 D NuPlayerDriver: notifyListener_l(0xa9e94850), (2, 0, 0, -1), loop setting(1, 0)
06-28 15:33:44.854  1483  9787 I NuPlayerDecoder: [OMX.google.vorbis.decoder] resubmitting CSD
06-28 15:33:44.854  1483  9787 I NuPlayerDecoder: [OMX.google.vorbis.decoder] resubmitting CSD
06-28 15:33:44.862  1483  9783 D NuPlayerDriver: notifyListener_l(0xa9e94850), (6, 0, 0, -1), loop setting(1, 0)
06-28 15:33:47.219  1393  3231 W audio_hw_generic: Not supplying enough data to HAL, expected position 192039859 , only wrote 192039840
06-28 15:33:47.393  1483  9787 I NuPlayerDecoder: [audio] saw output EOS
06-28 15:33:47.393  1483  9786 D AudioTrack: stop() called with 132300 frames delivered
06-28 15:33:47.530  1393  3231 W audio_hw_generic: Not supplying enough data to HAL, expected position 192054734 , only wrote 192054240
06-28 15:33:47.935  1483  9783 D NuPlayerDriver: notifyListener_l(0xa9e94850), (2, 0, 0, -1), loop setting(1, 0)
06-28 15:33:47.949  1483  9787 I NuPlayerDecoder: [OMX.google.vorbis.decoder] resubmitting CSD
06-28 15:33:47.950  1483  9787 I NuPlayerDecoder: [OMX.google.vorbis.decoder] resubmitting CSD
06-28 15:33:47.964  1483  9783 D NuPlayerDriver: notifyListener_l(0xa9e94850), (6, 0, 0, -1), loop setting(1, 0)
06-28 15:33:48.005  1483  9786 W AudioTrack: getTimestamp() location moved from kernel to server
06-28 15:33:48.051  1483  9786 W AudioTrack: retrograde timestamp position corrected, -1058 = 0 - 1058
06-28 15:33:49.855  1393  3231 W audio_hw_generic: Not supplying enough data to HAL, expected position 192165856 , only wrote 192165840
06-28 15:33:49.856  1393  3231 W audio_hw_generic: Not supplying enough data to HAL, expected position 192165876 , only wrote 192165840
06-28 15:33:49.884  1393  3231 W audio_hw_generic: Not supplying enough data to HAL, expected position 192167214 , only wrote 192166560
06-28 15:33:49.976  1603  1620 E BatteryExternalStatsWorker: modem info is invalid: ModemActivityInfo{ mTimestamp=0 mSleepTimeMs=0 mIdleTimeMs=0 mTxTimeMs[]=[0, 0, 0, 0, 0] mRxTimeMs=0 mEnergyUsed=0}
06-28 15:33:50.027  1603  9800 D NetworkMonitor/NetworkAgentInfo [WIFI () - 101]: PROBE_HTTP http://connectivitycheck.gstatic.com/generate_204 Probe failed with exception java.net.SocketTimeoutException: timeout
06-28 15:33:50.109  1603  9799 D NetworkMonitor/NetworkAgentInfo [WIFI () - 101]: PROBE_HTTPS https://www.google.com/generate_204 Probe failed with exception java.net.SocketTimeoutException: timeout
06-28 15:33:50.606  1483  9787 I NuPlayerDecoder: [audio] saw output EOS
06-28 15:33:50.607  1483  9786 D AudioTrack: stop() called with 132300 frames delivered
06-28 15:33:51.059  1483  9783 D NuPlayerDriver: notifyListener_l(0xa9e94850), (2, 0, 0, -1), loop setting(1, 0)
06-28 15:33:51.075  1483  9787 I NuPlayerDecoder: [OMX.google.vorbis.decoder] resubmitting CSD
06-28 15:33:51.076  1483  9787 I NuPlayerDecoder: [OMX.google.vorbis.decoder] resubmitting CSD
06-28 15:33:51.093  1483  9783 D NuPlayerDriver: notifyListener_l(0xa9e94850), (6, 0, 0, -1), loop setting(1, 0)
06-28 15:33:51.122  1483  9786 W AudioTrack: getTimestamp() location moved from kernel to server
06-28 15:33:51.122  1483  9786 W NuPlayerRenderer: getPendingAudioPlayoutDurationUs: pendingUs -4095 < 0, clamping to zero, potential resume after pause writtenAudioDurationUs: 14512, audioSinkPlayedUs: 18607
06-28 15:33:51.146  1483  9786 W AudioTrack: retrograde timestamp position corrected, -640 = 0 - 640
06-28 15:33:52.076  1393  3231 W audio_hw_generic: Not supplying enough data to HAL, expected position 192271746 , only wrote 192270960
06-28 15:33:52.076  1393  3231 W audio_hw_generic: Not supplying enough data to HAL, expected position 192270988 , only wrote 192270960
06-28 15:33:52.092  1393  3231 W audio_hw_generic: Not supplying enough data to HAL, expected position 192271709 , only wrote 192271680
06-28 15:33:52.092  1393  3231 W audio_hw_generic: Not supplying enough data to HAL, expected position 192271699 , only wrote 192271680
06-28 15:33:52.114  1393  3231 W audio_hw_generic: Not supplying enough data to HAL, expected position 192272740 , only wrote 192272400
06-28 15:33:53.790  1483  9787 I NuPlayerDecoder: [audio] saw output EOS
06-28 15:33:53.792  1483  9786 D AudioTrack: stop() called with 132300 frames delivered
06-28 15:33:54.209  1483  9783 D NuPlayerDriver: notifyListener_l(0xa9e94850), (2, 0, 0, -1), loop setting(1, 0)
06-28 15:33:54.229  1483  9787 I NuPlayerDecoder: [OMX.google.vorbis.decoder] resubmitting CSD
06-28 15:33:54.233  1483  9787 I NuPlayerDecoder: [OMX.google.vorbis.decoder] resubmitting CSD
06-28 15:33:54.257  1483  9783 D NuPlayerDriver: notifyListener_l(0xa9e94850), (6, 0, 0, -1), loop setting(1, 0)
06-28 15:33:54.269  1483  9786 W AudioTrack: getTimestamp() location moved from kernel to server
06-28 15:33:54.270  1483  9786 W NuPlayerRenderer: getPendingAudioPlayoutDurationUs: pendingUs -373 < 0, clamping to zero, potential resume after pause writtenAudioDurationUs: 11609, audioSinkPlayedUs: 11982
06-28 15:33:54.292  1483  9786 W AudioTrack: retrograde timestamp position corrected, -512 = 0 - 512
06-28 15:33:54.710  1393  3231 W audio_hw_generic: Not supplying enough data to HAL, expected position 192397005 , only wrote 192396960
06-28 15:33:54.730  1475  1571 D AudioFlinger: mixer(0xaa803cc0) throttle end: throttle time(1)
06-28 15:33:55.798  1603  2399 D NetworkMonitor/NetworkAgentInfo [WIFI () - 101]: PROBE_FALLBACK http://play.googleapis.com/generate_204 Probe failed with exception java.net.SocketTimeoutException: failed to connect to play.googleapis.com/2800:3f0:4001:815::200a (port 80) from /fec0::ad77:da2d:1b12:7b64 (port 52747) after 10000ms
06-28 15:33:55.801  1603  1681 D ConnectivityService: NetworkAgentInfo [WIFI () - 101] validation failed
06-28 15:33:55.827  1603  1681 D ConnectivityService: Switching to new default network: NetworkAgentInfo{ ni{[type: MOBILE[GPRS], state: SUSPENDED/SUSPENDED, reason: (unspecified), extra: epc.tmobile.com, failover: false, available: true, roaming: false]}  network{100}  nethandle{429513165534}  lp{{InterfaceName: radio0 LinkAddresses: [192.168.200.2/24,]  Routes: [0.0.0.0/0 -> 192.168.200.1 radio0,192.168.200.0/24 -> 0.0.0.0 radio0,] DnsAddresses: [10.0.2.3,] Domains: null MTU: 1500 TcpBufferSizes: 4092,8760,48000,4096,8760,48000}}  nc{[ Transports: CELLULAR Capabilities: MMS&SUPL&DUN&FOTA&IMS&CBS&IA&INTERNET&NOT_RESTRICTED&TRUSTED&NOT_VPN&VALIDATED&FOREGROUND LinkUpBandwidth>=80Kbps LinkDnBandwidth>=80Kbps Specifier: <1>]}  Score{50}  everValidated{true}  lastValidated{true}  created{true} lingering{false} explicitlySelected{false} acceptUnvalidated{false} everCaptivePortalDetected{false} lastCaptivePortalDetected{false} clat{null} }
06-28 15:33:55.844  1603  1839 D NetworkTimeUpdateService: New default network 100; checking time.
06-28 15:33:55.886 19782 19800 I DeviceStatusMonitor: NetworkCallback#onAvailable(): 100
06-28 15:33:55.892  1603  1681 D ConnectivityService: Sending DISCONNECTED broadcast for type 1 NetworkAgentInfo [WIFI () - 101] isDefaultNetwork=true
06-28 15:33:55.892 19782 19782 I DeviceStatusMonitor: getCurrentNetworkState(): activeNetwork = 100,  newState = METERED
06-28 15:33:55.894  1603  1681 D ConnectivityService: Sending CONNECTED broadcast for type 0 NetworkAgentInfo [MOBILE (GPRS) - 100] isDefaultNetwork=true
06-28 15:33:55.935  1603  1677 D WifiStateMachine: NETWORK_STATUS_UNWANTED_VALIDATION_FAILED
06-28 15:33:55.938  1603  1681 D ConnectivityService: handleNetworkUnvalidated NetworkAgentInfo [WIFI () - 101] cap=[ Transports: WIFI Capabilities: NOT_METERED&INTERNET&NOT_RESTRICTED&TRUSTED&NOT_VPN&FOREGROUND LinkUpBandwidth>=1048576Kbps LinkDnBandwidth>=1048576Kbps SignalStrength: -50]
06-28 15:33:55.953 19782 19782 I HWRSuperpacksManager: onNetworkAvailable
06-28 15:33:55.972 19782 19782 I NetworkInfo: onNetworkAvailable: networkState = METERED
06-28 15:33:55.986 19782 19782 I NetworkInfo: onNetworkAvailable: networkState = METERED
06-28 15:33:56.016  1393  3231 W audio_hw_generic: Not supplying enough data to HAL, expected position 192459623 , only wrote 192459600
06-28 15:33:56.025 19782  9805 I NetworkInfo: onNetworkAvailable: networkState = METERED
06-28 15:33:56.042  1393  3231 W audio_hw_generic: Not supplying enough data to HAL, expected position 192460872 , only wrote 192460320
06-28 15:33:56.073  1603  1674 I WifiService: getConnectionInfo uid=1000
06-28 15:33:56.104  1603  1674 D RecurrenceRule: Resolving using anchor 2019-06-28T19:33:56.101Z[GMT]
06-28 15:33:56.126  1603  1674 D RecurrenceRule: Resolving using anchor 2019-06-28T19:33:56.125Z[GMT]
06-28 15:33:56.133  1603  1674 D RecurrenceRule: Cycle 17 from 2019-06-09T00:00Z[GMT] to 2019-07-09T00:00Z[GMT]
06-28 15:33:56.134  1603  1674 D NetworkStats: Resolving plan for NetworkTemplate: matchRule=MOBILE_ALL, subscriberId=310260..., matchSubscriberIds=[310260...]
06-28 15:33:56.137  1603  1674 D NetworkStats: Found active matching subId 1
06-28 15:33:56.164  1393  3231 W audio_hw_generic: Not supplying enough data to HAL, expected position 192466165 , only wrote 192466080
06-28 15:33:56.181  1603  1674 D NetworkStats: Resolved to plan null
06-28 15:33:56.197  1603  1674 I WifiService: getConnectionInfo uid=1000
06-28 15:33:56.201  1603  1674 D RecurrenceRule: Resolving using anchor 2019-06-28T19:33:56.201Z[GMT]
06-28 15:33:56.206  1603  1674 D RecurrenceRule: Resolving using anchor 2019-06-28T19:33:56.206Z[GMT]
06-28 15:33:56.209  1603  1674 D RecurrenceRule: Cycle 17 from 2019-06-09T00:00Z[GMT] to 2019-07-09T00:00Z[GMT]
06-28 15:33:56.210  1603  1674 D NetworkStats: Resolving plan for NetworkTemplate: matchRule=MOBILE_ALL, subscriberId=310260..., matchSubscriberIds=[310260...]
06-28 15:33:56.216  1603  1674 D NetworkStats: Found active matching subId 1
06-28 15:33:56.226  1603  1674 D NetworkStats: Resolved to plan null
06-28 15:33:56.328 19546 19546 W GCM     : ACTIVE NETWORK NOT CONNECTED
06-28 15:33:56.347  1393  3231 W audio_hw_generic: Hardware backing HAL too slow, could only write 0 of 720 frames
06-28 15:33:56.378  1393  3231 I chatty  : uid=1041(audioserver) writer identical 2 lines
06-28 15:33:56.392  1393  3231 W audio_hw_generic: Hardware backing HAL too slow, could only write 0 of 720 frames
06-28 15:33:56.423 19546 19546 W GCM     : ACTIVE NETWORK NOT CONNECTED
06-28 15:33:56.426  1483  9786 W AudioTrack: getTimestamp() location moved from kernel to server
06-28 15:33:56.492  1844  1855 I zygote  : Background concurrent copying GC freed 40742(2MB) AllocSpace objects, 0(0B) LOS objects, 50% free, 2MB/4MB, paused 1.162ms total 174.082ms
06-28 15:33:56.526  1603  2119 I WifiService: acquireWifiLock uid=10014 lockMode=2
06-28 15:33:56.575  1603  1735 I WifiService: releaseWifiLock uid=10014
06-28 15:33:56.598 19546 19546 I GeofencerStateMachine: sendNewTransitions called.
06-28 15:33:56.609 19546 19594 I GeofencerStateMachine: Inaccurate location dropped.
06-28 15:33:56.728  1483  9787 I NuPlayerDecoder: [audio] saw output EOS
06-28 15:33:56.811  1603  9811 D NetworkMonitor/NetworkAgentInfo [WIFI () - 101]: PROBE_DNS www.google.com 6ms OK 172.217.28.228,2800:3f0:4001:801::2004
06-28 15:33:56.982  1483  9786 D AudioTrack: stop() called with 132300 frames delivered
06-28 15:33:57.338  1483  9783 D NuPlayerDriver: notifyListener_l(0xa9e94850), (2, 0, 0, -1), loop setting(1, 0)
06-28 15:33:57.355  1483  9787 I NuPlayerDecoder: [OMX.google.vorbis.decoder] resubmitting CSD
06-28 15:33:57.356  1483  9787 I NuPlayerDecoder: [OMX.google.vorbis.decoder] resubmitting CSD
06-28 15:33:57.373  1483  9783 D NuPlayerDriver: notifyListener_l(0xa9e94850), (6, 0, 0, -1), loop setting(1, 0)
06-28 15:33:57.397  1483  9786 W AudioTrack: getTimestamp() location moved from kernel to server
06-28 15:33:57.397  1483  9786 W NuPlayerRenderer: getPendingAudioPlayoutDurationUs: pendingUs -1058 < 0, clamping to zero, potential resume after pause writtenAudioDurationUs: 23219, audioSinkPlayedUs: 24277
06-28 15:33:57.418  1483  9786 W AudioTrack: retrograde timestamp position corrected, -1024 = 0 - 1024
06-28 15:33:57.473  1393  3231 W audio_hw_generic: Not supplying enough data to HAL, expected position 192528900 , only wrote 192528720
06-28 15:33:57.473  1393  3231 W audio_hw_generic: Not supplying enough data to HAL, expected position 192528740 , only wrote 192528720
06-28 15:33:57.490  1393  3231 W audio_hw_generic: Not supplying enough data to HAL, expected position 192529500 , only wrote 192529440
06-28 15:33:58.565  1475  1571 D AudioFlinger: mixer(0xaa803cc0) throttle end: throttle time(1)
06-28 15:33:59.768  1475  1571 D AudioFlinger: mixer(0xaa803cc0) throttle end: throttle time(2)
06-28 15:34:00.047  1483  9787 I NuPlayerDecoder: [audio] saw output EOS
06-28 15:34:00.047  1483  9786 D AudioTrack: stop() called with 132300 frames delivered
06-28 15:34:00.445  1483  9783 D NuPlayerDriver: notifyListener_l(0xa9e94850), (2, 0, 0, -1), loop setting(1, 0)
06-28 15:34:00.458  1483  9787 I NuPlayerDecoder: [OMX.google.vorbis.decoder] resubmitting CSD
06-28 15:34:00.459  1483  9787 I NuPlayerDecoder: [OMX.google.vorbis.decoder] resubmitting CSD
06-28 15:34:00.476  1483  9783 D NuPlayerDriver: notifyListener_l(0xa9e94850), (6, 0, 0, -1), loop setting(1, 0)
06-28 15:34:00.484  1483  9786 W AudioTrack: getTimestamp() location moved from kernel to server
06-28 15:34:00.485  1483  9786 W NuPlayerRenderer: getPendingAudioPlayoutDurationUs: pendingUs -1754 < 0, clamping to zero, potential resume after pause writtenAudioDurationUs: 5804, audioSinkPlayedUs: 7558
06-28 15:34:00.505  1483  9786 W AudioTrack: retrograde timestamp position corrected, -256 = 0 - 256
06-28 15:34:00.505  1483  9786 W NuPlayerRenderer: getPendingAudioPlayoutDurationUs: pendingUs -5337 < 0, clamping to zero, potential resume after pause writtenAudioDurationUs: 20317, audioSinkPlayedUs: 25654
06-28 15:34:00.527  1483  9786 W AudioTrack: getTimestamp() location moved from kernel to server
06-28 15:34:00.570  1483  9786 W AudioTrack: retrograde timestamp position corrected, -690 = 388 - 1078
06-28 15:34:01.337  1393  3231 W audio_hw_generic: Not supplying enough data to HAL, expected position 192714097 , only wrote 192713760
06-28 15:34:01.373  1475  1571 D AudioFlinger: mixer(0xaa803cc0) throttle end: throttle time(5)
06-28 15:34:01.826  1603  9812 D NetworkMonitor/NetworkAgentInfo [WIFI () - 101]: PROBE_DNS connectivitycheck.gstatic.com 5019ms OK 172.217.172.131,2800:3f0:4001:81a::2003
06-28 15:34:02.178  1393  3231 W audio_hw_generic: Not supplying enough data to HAL, expected position 192754158 , only wrote 192754080
06-28 15:34:03.086  1483  9787 I NuPlayerDecoder: [audio] saw output EOS
06-28 15:34:03.087  1483  9786 D AudioTrack: stop() called with 132300 frames delivered
06-28 15:34:03.559  1483  9783 D NuPlayerDriver: notifyListener_l(0xa9e94850), (2, 0, 0, -1), loop setting(1, 0)
06-28 15:34:03.571  1483  9787 I NuPlayerDecoder: [OMX.google.vorbis.decoder] resubmitting CSD
06-28 15:34:03.573  1483  9787 I NuPlayerDecoder: [OMX.google.vorbis.decoder] resubmitting CSD
06-28 15:34:03.592  1483  9783 D NuPlayerDriver: notifyListener_l(0xa9e94850), (6, 0, 0, -1), loop setting(1, 0)
06-28 15:34:03.642  1483  9786 W AudioTrack: getTimestamp() location moved from kernel to server
06-28 15:34:03.686  1483  9786 W AudioTrack: retrograde timestamp position corrected, -1060 = 0 - 1060
06-28 15:34:05.196  1393  3231 W audio_hw_generic: Not supplying enough data to HAL, expected position 192898916 , only wrote 192898800
06-28 15:34:06.231  1483  9787 I NuPlayerDecoder: [audio] saw output EOS
06-28 15:34:06.232  1483  9786 D AudioTrack: stop() called with 132300 frames delivered
06-28 15:34:06.396  1393  3231 W audio_hw_generic: Not supplying enough data to HAL, expected position 192956416 , only wrote 192956400
06-28 15:34:06.397  1393  3231 W audio_hw_generic: Not supplying enough data to HAL, expected position 192956444 , only wrote 192956400
06-28 15:34:06.435  1475  1571 D AudioFlinger: mixer(0xaa803cc0) throttle end: throttle time(1)
06-28 15:34:06.671  1483  9783 D NuPlayerDriver: notifyListener_l(0xa9e94850), (2, 0, 0, -1), loop setting(1, 0)
06-28 15:34:06.684  1483  9787 I NuPlayerDecoder: [OMX.google.vorbis.decoder] resubmitting CSD
06-28 15:34:06.685  1483  9787 I NuPlayerDecoder: [OMX.google.vorbis.decoder] resubmitting CSD
06-28 15:34:06.702  1483  9783 D NuPlayerDriver: notifyListener_l(0xa9e94850), (6, 0, 0, -1), loop setting(1, 0)
06-28 15:34:06.729  1483  9786 W AudioTrack: getTimestamp() location moved from kernel to server
06-28 15:34:06.751  1483  9786 W AudioTrack: retrograde timestamp position corrected, -1024 = 0 - 1024
06-28 15:34:07.703  1393  3231 W audio_hw_generic: Not supplying enough data to HAL, expected position 193019107 , only wrote 193019040
06-28 15:34:09.054  1393  3231 W audio_hw_generic: Not supplying enough data to HAL, expected position 193083884 , only wrote 193083840
06-28 15:34:09.055  1393  3231 W audio_hw_generic: Not supplying enough data to HAL, expected position 193083856 , only wrote 193083840
06-28 15:34:09.072  1393  3231 W audio_hw_generic: Not supplying enough data to HAL, expected position 193084663 , only wrote 193084560
06-28 15:34:09.299  1483  9787 I NuPlayerDecoder: [audio] saw output EOS
06-28 15:34:09.300  1483  9786 D AudioTrack: stop() called with 132300 frames delivered
06-28 15:34:09.369  1603  9811 D NetworkMonitor/NetworkAgentInfo [WIFI () - 101]: PROBE_HTTPS https://www.google.com/generate_204 Probe failed with exception java.net.SocketTimeoutException: failed to connect to www.google.com/2800:3f0:4001:801::2004 (port 443) from /fec0::ad77:da2d:1b12:7b64 (port 41092) after 10000ms
06-28 15:34:09.571  1475  1571 D AudioFlinger: mixer(0xaa803cc0) throttle end: throttle time(7)
06-28 15:34:09.774  1483  9783 D NuPlayerDriver: notifyListener_l(0xa9e94850), (2, 0, 0, -1), loop setting(1, 0)
06-28 15:34:09.786  1483  9787 I NuPlayerDecoder: [OMX.google.vorbis.decoder] resubmitting CSD
06-28 15:34:09.786  1483  9787 I NuPlayerDecoder: [OMX.google.vorbis.decoder] resubmitting CSD
06-28 15:34:09.800  1483  9783 D NuPlayerDriver: notifyListener_l(0xa9e94850), (6, 0, 0, -1), loop setting(1, 0)
06-28 15:34:09.832  1483  9786 W AudioTrack: getTimestamp() location moved from kernel to server
06-28 15:34:09.884  1483  9786 W AudioTrack: retrograde timestamp position corrected, -569 = 491 - 1060
06-28 15:34:11.473  1393  3231 W audio_hw_generic: Not supplying enough data to HAL, expected position 193199823 , only wrote 193199760
06-28 15:34:11.476  1393  3231 W audio_hw_generic: Not supplying enough data to HAL, expected position 193199899 , only wrote 193199760
06-28 15:34:12.402  1603  2399 D NetworkMonitor/NetworkAgentInfo [WIFI () - 101]: PROBE_FALLBACK http://play.googleapis.com/generate_204 Probe failed with exception java.net.SocketTimeoutException: timeout
06-28 15:34:12.474  1483  9787 I NuPlayerDecoder: [audio] saw output EOS
06-28 15:34:12.475  1483  9786 D AudioTrack: stop() called with 132300 frames delivered
06-28 15:34:12.829  1603  9812 D NetworkMonitor/NetworkAgentInfo [WIFI () - 101]: PROBE_HTTP http://connectivitycheck.gstatic.com/generate_204 Probe failed with exception java.net.SocketTimeoutException: timeout
06-28 15:34:12.831  1603  1681 D ConnectivityService: NetworkAgentInfo [WIFI () - 101] validation failed
06-28 15:34:12.833  1603  1677 D WifiStateMachine: NETWORK_STATUS_UNWANTED_VALIDATION_FAILED
06-28 15:34:12.874  1483  9783 D NuPlayerDriver: notifyListener_l(0xa9e94850), (2, 0, 0, -1), loop setting(1, 0)
06-28 15:34:12.888  1483  9787 I NuPlayerDecoder: [OMX.google.vorbis.decoder] resubmitting CSD
06-28 15:34:12.889  1483  9787 I NuPlayerDecoder: [OMX.google.vorbis.decoder] resubmitting CSD
06-28 15:34:12.902  1483  9783 D NuPlayerDriver: notifyListener_l(0xa9e94850), (6, 0, 0, -1), loop setting(1, 0)
06-28 15:34:12.945  1483  9786 W AudioTrack: getTimestamp() location moved from kernel to server
06-28 15:34:12.967  1483  9786 W AudioTrack: retrograde timestamp position corrected, -1058 = 0 - 1058
06-28 15:34:14.847  1393  3231 W audio_hw_generic: Not supplying enough data to HAL, expected position 193361541 , only wrote 193361040
06-28 15:34:14.852  1603  9818 D NetworkMonitor/NetworkAgentInfo [WIFI () - 101]: PROBE_DNS www.google.com 5ms OK 172.217.28.228,2800:3f0:4001:801::2004
06-28 15:34:14.852  1393  3231 W audio_hw_generic: Not supplying enough data to HAL, expected position 193361307 , only wrote 193361040
06-28 15:34:14.855  1603  9819 D NetworkMonitor/NetworkAgentInfo [WIFI () - 101]: PROBE_DNS connectivitycheck.gstatic.com 9ms OK 172.217.172.131,2800:3f0:4001:81a::2003
06-28 15:34:15.007  1393  3231 W audio_hw_generic: Not supplying enough data to HAL, expected position 193368472 , only wrote 193368240
06-28 15:34:15.007  1393  3231 W audio_hw_generic: Not supplying enough data to HAL, expected position 193368249 , only wrote 193368240
06-28 15:34:15.029  1393  3231 W audio_hw_generic: Not supplying enough data to HAL, expected position 193369298 , only wrote 193368960
06-28 15:34:15.171  1393  3231 W audio_hw_generic: Not supplying enough data to HAL, expected position 193375781 , only wrote 193372560
06-28 15:34:15.189  1393  3231 W audio_hw_generic: Not supplying enough data to HAL, expected position 193373415 , only wrote 193372560
06-28 15:34:15.209  1393  3231 W audio_hw_generic: Not supplying enough data to HAL, expected position 193373491 , only wrote 193373280
06-28 15:34:15.307  1393  3231 W audio_hw_generic: Not supplying enough data to HAL, expected position 193378003 , only wrote 193376880
06-28 15:34:15.309  1393  3231 W audio_hw_generic: Not supplying enough data to HAL, expected position 193376922 , only wrote 193376880
06-28 15:34:15.315  1483  9786 W AudioTrack: getTimestamp() location moved from kernel to server
06-28 15:34:15.324  1393  3231 W audio_hw_generic: Not supplying enough data to HAL, expected position 193377649 , only wrote 193377600
06-28 15:34:15.408  1393  3231 W audio_hw_generic: Not supplying enough data to HAL, expected position 193381626 , only wrote 193381200
06-28 15:34:15.456  1393  3231 W audio_hw_generic: Not supplying enough data to HAL, expected position 193383535 , only wrote 193383360
06-28 15:34:15.498  1393  3231 W audio_hw_generic: Not supplying enough data to HAL, expected position 193385362 , only wrote 193384080
06-28 15:34:15.500  1393  3231 W audio_hw_generic: Not supplying enough data to HAL, expected position 193384156 , only wrote 193384080
06-28 15:34:15.516  1393  3231 W audio_hw_generic: Not supplying enough data to HAL, expected position 193384876 , only wrote 193384800
06-28 15:34:15.629  1483  9787 I NuPlayerDecoder: [audio] saw output EOS
06-28 15:34:15.632  1483  9786 D AudioTrack: stop() called with 132300 frames delivered
06-28 15:34:16.155  1483  9783 D NuPlayerDriver: notifyListener_l(0xa9e94850), (2, 0, 0, -1), loop setting(1, 0)
06-28 15:34:16.168  1483  9787 I NuPlayerDecoder: [OMX.google.vorbis.decoder] resubmitting CSD
06-28 15:34:16.169  1483  9787 I NuPlayerDecoder: [OMX.google.vorbis.decoder] resubmitting CSD
