06-30 22:01:01.663  3171  3171 I net.osmand: RoutingHelper Recalculate route, because wrong movement direction: 246.21614
06-30 22:01:01.774  3171  3171 I net.osmand: RoutingHelper Recalculate route, because correlation  : 214.74408039865548
06-30 22:01:02.022  3171  3171 I net.osmand: RoutingHelper Recalculate route, because correlation  : 214.74408039865548
06-30 22:01:02.023  3171  3171 I net.osmand: RoutingHelper Recalculate route, because wrong movement direction: 246.21614
06-30 22:01:02.209  3171  3171 I net.osmand: RoutingHelper Recalculate route, because correlation  : 214.74408039865548
06-30 22:01:02.215  3171  3171 I net.osmand: RoutingHelper Recalculate route, because correlation  : 214.74408039865548
06-30 22:01:02.215  3171  3171 I net.osmand: RoutingHelper Recalculate route, because wrong movement direction: 246.21614
06-30 22:01:02.319  3171  3171 I net.osmand: RoutingHelper Recalculate route, because correlation  : 214.74408039865548
06-30 22:01:02.635  3171  3184 I zygote  : Background concurrent copying GC freed 304233(6MB) AllocSpace objects, 0(0B) LOS objects, 19% free, 24MB/30MB, paused 1.043ms total 443.930ms
06-30 22:01:02.795  3171  3171 I net.osmand: RoutingHelper Recalculate route, because correlation  : 214.74408039865548
06-30 22:01:02.797  3171  3171 I net.osmand: RoutingHelper Recalculate route, because wrong movement direction: 246.21614
06-30 22:01:02.897  3171  3171 I net.osmand: RoutingHelper Recalculate route, because correlation  : 214.74408039865548
06-30 22:01:02.984  3171  3171 I net.osmand: RoutingHelper Recalculate route, because correlation  : 214.74408039865548
06-30 22:01:02.984  3171  3171 I net.osmand: RoutingHelper Recalculate route, because wrong movement direction: 246.21614
06-30 22:01:03.022  1604  1614 I WifiService: acquireWifiLock uid=10014 lockMode=2
06-30 22:01:03.040  1410  1410 I boot-pipe: done populating /dev/random
06-30 22:01:03.080  3171  3171 I net.osmand: RoutingHelper Recalculate route, because correlation  : 214.74408039865548
06-30 22:01:03.624  3171  3171 I net.osmand: RoutingHelper Recalculate route, because correlation  : 214.74408039865548
06-30 22:01:03.625  3171  3171 I net.osmand: RoutingHelper Recalculate route, because wrong movement direction: 246.21614
06-30 22:01:03.702  3171  3171 I net.osmand: RoutingHelper Recalculate route, because correlation  : 214.74408039865548
06-30 22:01:03.921  3171  3171 I net.osmand: RoutingHelper Recalculate route, because correlation  : 214.74408039865548
06-30 22:01:03.922  3171  3171 I net.osmand: RoutingHelper Recalculate route, because wrong movement direction: 246.21614
06-30 22:01:04.023  3171  3171 I net.osmand: RoutingHelper Recalculate route, because correlation  : 214.74408039865548
06-30 22:01:04.286  3171  3171 I net.osmand: RoutingHelper Recalculate route, because correlation  : 214.74408039865548
06-30 22:01:04.286  3171  3171 I net.osmand: RoutingHelper Recalculate route, because wrong movement direction: 246.21614
06-30 22:01:04.304  3171  3171 I net.osmand: RoutingHelper Recalculate route, because correlation  : 214.74408039865548
06-30 22:01:04.377  3171  3184 I zygote  : Background concurrent copying GC freed 436938(9MB) AllocSpace objects, 0(0B) LOS objects, 18% free, 27MB/33MB, paused 7.503ms total 1.031s
06-30 22:01:04.853  3171  3171 I net.osmand: RoutingHelper Recalculate route, because correlation  : 214.74408039865548
06-30 22:01:04.854  3171  3171 I net.osmand: RoutingHelper Recalculate route, because wrong movement direction: 246.21614
06-30 22:01:04.984  3171  3171 I net.osmand: RoutingHelper Recalculate route, because correlation  : 214.74408039865548
06-30 22:01:05.028  3171  3171 I net.osmand: RoutingHelper Recalculate route, because correlation  : 214.74408039865548
06-30 22:01:05.028  3171  3171 I net.osmand: RoutingHelper Recalculate route, because wrong movement direction: 246.21614
06-30 22:01:05.033  3171  3171 I net.osmand: RoutingHelper Recalculate route, because correlation  : 214.74408039865548
06-30 22:01:05.512  3171  3184 I zygote  : Background concurrent copying GC freed 542210(11MB) AllocSpace objects, 0(0B) LOS objects, 19% free, 25MB/31MB, paused 1.312ms total 574.740ms
06-30 22:01:05.543  3171  3171 I net.osmand: RoutingHelper Recalculate route, because correlation  : 214.74408039865548
06-30 22:01:05.543  3171  3171 I net.osmand: RoutingHelper Recalculate route, because wrong movement direction: 246.21614
06-30 22:01:05.548  3171  3171 I net.osmand: RoutingHelper Recalculate route, because correlation  : 214.74408039865548
06-30 22:01:05.812  1604  5450 D WificondControl: Scan result ready event
06-30 22:01:05.925  3171  3171 D net.osmand: DayNightHelper Sunrise/sunset setting to day: false
06-30 22:01:05.957  1604  5450 I WifiService: releaseWifiLock uid=10014
06-30 22:01:06.145  3171  3171 I net.osmand: RoutingHelper Recalculate route, because correlation  : 214.74408039865548
06-30 22:01:06.145  3171  3171 I net.osmand: RoutingHelper Recalculate route, because wrong movement direction: 246.21614
06-30 22:01:06.236  3171  3171 I net.osmand: RoutingHelper Recalculate route, because correlation  : 214.74408039865548
06-30 22:01:06.236  3171  3171 I net.osmand: RoutingHelper Recalculate route, because wrong movement direction: 246.21614
06-30 22:01:06.269  3171  3171 I net.osmand: RoutingHelper Recalculate route, because correlation  : 214.74408039865548
06-30 22:01:06.656  3171  3184 I zygote  : Background concurrent copying GC freed 455714(10MB) AllocSpace objects, 0(0B) LOS objects, 19% free, 25MB/31MB, paused 2.467ms total 582.496ms
06-30 22:01:06.834  3171  3171 I net.osmand: RoutingHelper Recalculate route, because correlation  : 214.74408039865548
06-30 22:01:06.834  3171  3171 I net.osmand: RoutingHelper Recalculate route, because wrong movement direction: 246.21614
06-30 22:01:07.001  3171  3171 I net.osmand: RoutingHelper Recalculate route, because correlation  : 214.74408039865548
06-30 22:01:07.001  3171  3171 I net.osmand: RoutingHelper Recalculate route, because wrong movement direction: 246.21614
06-30 22:01:07.083  3171  3171 I net.osmand: RoutingHelper Recalculate route, because correlation  : 214.74408039865548
06-30 22:01:07.520  3171  3171 I chatty  : uid=10104(net.osmand) identical 2 lines
06-30 22:01:07.594  3171  3171 I net.osmand: RoutingHelper Recalculate route, because correlation  : 214.74408039865548
06-30 22:01:07.594  3171  3171 I net.osmand: RoutingHelper Recalculate route, because wrong movement direction: 246.21614
06-30 22:01:07.934  3171  3184 I zygote  : Background concurrent copying GC freed 464522(10MB) AllocSpace objects, 0(0B) LOS objects, 18% free, 27MB/33MB, paused 10.839ms total 706.804ms
06-30 22:01:07.936  3171  3171 I net.osmand: RoutingHelper Recalculate route, because correlation  : 214.74408039865548
06-30 22:01:07.936  3171  3171 I net.osmand: RoutingHelper Recalculate route, because wrong movement direction: 246.21614
06-30 22:01:08.030  3171  3171 I net.osmand: RoutingHelper Recalculate route, because correlation  : 214.74408039865548
06-30 22:01:08.054  3171  6842 I net.osmand:native: Run GC (before 57.605743 Mb after 44.781094 Mb) unload 307 of 1028 tiles
06-30 22:01:08.228  3171  3171 I net.osmand: RoutingHelper Recalculate route, because correlation  : 214.74408039865548
06-30 22:01:08.232  3171  3171 I net.osmand: RoutingHelper Recalculate route, because correlation  : 214.74408039865548
06-30 22:01:08.232  3171  3171 I net.osmand: RoutingHelper Recalculate route, because wrong movement direction: 246.21614
06-30 22:01:08.820  3171  3171 I net.osmand: RoutingHelper Recalculate route, because correlation  : 214.74408039865548
06-30 22:01:08.820  3171  3171 I net.osmand: RoutingHelper Recalculate route, because wrong movement direction: 246.21614
06-30 22:01:08.997  3171  3171 I net.osmand: RoutingHelper Recalculate route, because correlation  : 214.74408039865548
06-30 22:01:08.997  3171  3171 I net.osmand: RoutingHelper Recalculate route, because wrong movement direction: 246.21614
06-30 22:01:09.016  3171  3184 I zygote  : Background concurrent copying GC freed 543009(11MB) AllocSpace objects, 0(0B) LOS objects, 19% free, 25MB/31MB, paused 1.314ms total 655.381ms
06-30 22:01:09.047  3171  3171 I net.osmand: RoutingHelper Recalculate route, because correlation  : 214.74408039865548
06-30 22:01:09.481  3171  3171 I net.osmand: RoutingHelper Recalculate route, because correlation  : 214.74408039865548
06-30 22:01:09.481  3171  3171 I net.osmand: RoutingHelper Recalculate route, because wrong movement direction: 246.21614
06-30 22:01:09.572  3171  3171 I net.osmand: RoutingHelper Recalculate route, because correlation  : 214.74408039865548
06-30 22:01:09.919  3171  3171 I net.osmand: RoutingHelper Recalculate route, because correlation  : 214.74408039865548
06-30 22:01:09.919  3171  3171 I net.osmand: RoutingHelper Recalculate route, because wrong movement direction: 246.21614
06-30 22:01:10.062  3171  3171 I net.osmand: RoutingHelper Recalculate route, because correlation  : 214.74408039865548
06-30 22:01:10.279  3171  3184 I zygote  : Background concurrent copying GC freed 463366(10MB) AllocSpace objects, 0(0B) LOS objects, 18% free, 26MB/32MB, paused 2.731ms total 738.626ms
06-30 22:01:10.315  3171  3171 I net.osmand: RoutingHelper Recalculate route, because correlation  : 214.74408039865548
06-30 22:01:10.315  3171  3171 I net.osmand: RoutingHelper Recalculate route, because wrong movement direction: 246.21614
06-30 22:01:10.362  3171  3171 I net.osmand: RoutingHelper Recalculate route, because correlation  : 214.74408039865548
06-30 22:01:10.792  3171  3171 I chatty  : uid=10104(net.osmand) identical 1 line
06-30 22:01:10.797  3171  3171 I net.osmand: RoutingHelper Recalculate route, because correlation  : 214.74408039865548
06-30 22:01:10.797  3171  3171 I net.osmand: RoutingHelper Recalculate route, because wrong movement direction: 246.21614
06-30 22:01:10.999  3171  3171 I net.osmand: RoutingHelper Recalculate route, because correlation  : 214.74408039865548
06-30 22:01:10.999  3171  3171 I net.osmand: RoutingHelper Recalculate route, because wrong movement direction: 246.21614
06-30 22:01:11.086  3171  3171 I net.osmand: RoutingHelper Recalculate route, because correlation  : 214.74408039865548
06-30 22:01:11.493  3171  3184 I zygote  : Background concurrent copying GC freed 546578(12MB) AllocSpace objects, 0(0B) LOS objects, 18% free, 27MB/33MB, paused 1.451ms total 646.237ms
06-30 22:01:11.585  3171  3171 I net.osmand: RoutingHelper Recalculate route, because correlation  : 214.74408039865548
06-30 22:01:11.585  3171  3171 I net.osmand: RoutingHelper Recalculate route, because wrong movement direction: 246.21614
06-30 22:01:11.673  3171  3171 I net.osmand: RoutingHelper Recalculate route, because correlation  : 214.74408039865548
06-30 22:01:11.923  3171  3171 I net.osmand: RoutingHelper Recalculate route, because correlation  : 214.74408039865548
06-30 22:01:11.924  3171  3171 I net.osmand: RoutingHelper Recalculate route, because wrong movement direction: 246.21614
06-30 22:01:11.926  3171  3171 I net.osmand: RoutingHelper Recalculate route, because correlation  : 214.74408039865548
06-30 22:01:12.232  3171  3171 I net.osmand: RoutingHelper Recalculate route, because correlation  : 214.74408039865548
06-30 22:01:12.232  3171  3171 I net.osmand: RoutingHelper Recalculate route, because wrong movement direction: 246.21614
06-30 22:01:12.284  3171  3171 I net.osmand: RoutingHelper Recalculate route, because correlation  : 214.74408039865548
06-30 22:01:12.674  3171  3184 I zygote  : Background concurrent copying GC freed 553263(12MB) AllocSpace objects, 0(0B) LOS objects, 18% free, 27MB/33MB, paused 3.879ms total 675.968ms
06-30 22:01:12.810  3171  3171 I net.osmand: RoutingHelper Recalculate route, because correlation  : 214.74408039865548
06-30 22:01:12.874  3171  3171 I net.osmand: RoutingHelper Recalculate route, because correlation  : 214.74408039865548
06-30 22:01:12.874  3171  3171 I net.osmand: RoutingHelper Recalculate route, because wrong movement direction: 246.21614
06-30 22:01:12.972  3171  3171 I net.osmand: RoutingHelper Recalculate route, because correlation  : 214.74408039865548
06-30 22:01:13.030  3171  3171 I net.osmand: RoutingHelper Recalculate route, because correlation  : 214.74408039865548
06-30 22:01:13.030  3171  3171 I net.osmand: RoutingHelper Recalculate route, because wrong movement direction: 246.21614
06-30 22:01:13.536  3171  3171 I net.osmand: RoutingHelper Recalculate route, because correlation  : 214.74408039865548
06-30 22:01:13.536  3171  3171 I net.osmand: RoutingHelper Recalculate route, because wrong movement direction: 246.21614
06-30 22:01:13.557  3171  3171 I net.osmand: RoutingHelper Recalculate route, because correlation  : 214.74408039865548
06-30 22:01:13.896  3171  3184 I zygote  : Background concurrent copying GC freed 545910(12MB) AllocSpace objects, 0(0B) LOS objects, 18% free, 27MB/33MB, paused 1.728ms total 778.154ms
06-30 22:01:13.926  3171  3171 I net.osmand: RoutingHelper Recalculate route, because correlation  : 214.74408039865548
06-30 22:01:13.926  3171  3171 I net.osmand: RoutingHelper Recalculate route, because wrong movement direction: 246.21614
06-30 22:01:14.005  3171  3171 I net.osmand: RoutingHelper Recalculate route, because correlation  : 214.74408039865548
06-30 22:01:14.212  3171  3171 I net.osmand: RoutingHelper Recalculate route, because correlation  : 214.74408039865548
06-30 22:01:14.212  3171  3171 I net.osmand: RoutingHelper Recalculate route, because wrong movement direction: 246.21614
06-30 22:01:14.260  3171  3171 I net.osmand: RoutingHelper Recalculate route, because correlation  : 214.74408039865548
06-30 22:01:14.741  3171  3184 I zygote  : Background concurrent copying GC freed 544233(12MB) AllocSpace objects, 0(0B) LOS objects, 22% free, 21MB/27MB, paused 1.132ms total 324.324ms
06-30 22:01:14.823  3171  3171 I net.osmand: RoutingHelper Recalculate route, because correlation  : 214.74408039865548
06-30 22:01:14.840  3171  3171 I net.osmand: RoutingHelper Recalculate route, because correlation  : 214.74408039865548
06-30 22:01:14.840  3171  3171 I net.osmand: RoutingHelper Recalculate route, because wrong movement direction: 246.21614
06-30 22:01:15.025  3171  3171 I net.osmand: RoutingHelper Recalculate route, because correlation  : 214.74408039865548
06-30 22:01:15.025  3171  3171 I net.osmand: RoutingHelper Recalculate route, because wrong movement direction: 246.21614
06-30 22:01:15.153  3171  3171 I net.osmand: RoutingHelper Recalculate route, because correlation  : 214.74408039865548
06-30 22:01:15.602  3171  3171 I net.osmand: RoutingHelper Recalculate route, because correlation  : 214.74408039865548
06-30 22:01:15.621  3171  3184 I zygote  : Background concurrent copying GC freed 281370(6MB) AllocSpace objects, 0(0B) LOS objects, 19% free, 24MB/30MB, paused 1.549ms total 498.422ms
06-30 22:01:15.676  3171  3171 I net.osmand: RoutingHelper Recalculate route, because correlation  : 214.74408039865548
06-30 22:01:15.677  3171  3171 I net.osmand: RoutingHelper Recalculate route, because wrong movement direction: 246.21614
06-30 22:01:15.941  3171  3171 I net.osmand: RoutingHelper Recalculate route, because correlation  : 214.74408039865548
06-30 22:01:16.023  3171  3171 I net.osmand: RoutingHelper Recalculate route, because correlation  : 214.74408039865548
06-30 22:01:16.023  3171  3171 I net.osmand: RoutingHelper Recalculate route, because wrong movement direction: 246.21614
06-30 22:01:16.252  3171  3171 I net.osmand: RoutingHelper Recalculate route, because correlation  : 214.74408039865548
06-30 22:01:16.252  3171  3171 I net.osmand: RoutingHelper Recalculate route, because wrong movement direction: 246.21614
06-30 22:01:16.332  3171  3171 I net.osmand: RoutingHelper Recalculate route, because correlation  : 214.74408039865548
06-30 22:01:16.765  3171  3184 I zygote  : Background concurrent copying GC freed 399697(8MB) AllocSpace objects, 0(0B) LOS objects, 19% free, 24MB/30MB, paused 5.571ms total 547.984ms
06-30 22:01:16.880  3171  3171 I net.osmand: RoutingHelper Recalculate route, because correlation  : 214.74408039865548
06-30 22:01:16.880  3171  3171 I net.osmand: RoutingHelper Recalculate route, because wrong movement direction: 246.21614
06-30 22:01:16.950  3171  3171 I net.osmand: RoutingHelper Recalculate route, because correlation  : 214.74408039865548
06-30 22:01:17.014  3171  3171 I net.osmand: RoutingHelper Recalculate route, because correlation  : 214.74408039865548
06-30 22:01:17.014  3171  3171 I net.osmand: RoutingHelper Recalculate route, because wrong movement direction: 246.21614
06-30 22:01:17.099  3171  3171 I net.osmand: RoutingHelper Recalculate route, because correlation  : 214.74408039865548
06-30 22:01:17.564  3171  3171 I net.osmand: RoutingHelper Recalculate route, because correlation  : 214.74408039865548
06-30 22:01:17.565  3171  3171 I net.osmand: RoutingHelper Recalculate route, because wrong movement direction: 246.21614
06-30 22:01:17.688  3171  3171 I net.osmand: RoutingHelper Recalculate route, because correlation  : 214.74408039865548
06-30 22:01:17.853  3171  3184 I zygote  : Background concurrent copying GC freed 424379(9MB) AllocSpace objects, 0(0B) LOS objects, 18% free, 26MB/32MB, paused 1.420ms total 695.870ms
06-30 22:01:17.943  3171  3171 I net.osmand: RoutingHelper Recalculate route, because correlation  : 214.74408039865548
06-30 22:01:17.943  3171  3171 I net.osmand: RoutingHelper Recalculate route, because wrong movement direction: 246.21614
06-30 22:01:17.949  3171  3171 I net.osmand: RoutingHelper Recalculate route, because correlation  : 214.74408039865548
06-30 22:01:18.251  3171  3171 I net.osmand: RoutingHelper Recalculate route, because correlation  : 214.74408039865548
06-30 22:01:18.251  3171  3171 I net.osmand: RoutingHelper Recalculate route, because wrong movement direction: 246.21614
06-30 22:01:18.354  3171  3171 I net.osmand: RoutingHelper Recalculate route, because correlation  : 214.74408039865548
06-30 22:01:18.864  3171  3184 I zygote  : Background concurrent copying GC freed 525350(11MB) AllocSpace objects, 0(0B) LOS objects, 20% free, 23MB/29MB, paused 2.307ms total 485.366ms
06-30 22:01:18.868  3171  3171 I net.osmand: RoutingHelper Recalculate route, because correlation  : 214.74408039865548
06-30 22:01:18.868  3171  3171 I net.osmand: RoutingHelper Recalculate route, because wrong movement direction: 246.21614
06-30 22:01:18.933  3171  3171 I net.osmand: RoutingHelper Recalculate route, because correlation  : 214.74408039865548
06-30 22:01:18.995  3171  3171 I net.osmand: RoutingHelper Recalculate route, because correlation  : 214.74408039865548
06-30 22:01:18.996  3171  3171 I net.osmand: RoutingHelper Recalculate route, because wrong movement direction: 246.21614
06-30 22:01:18.999  3171  3171 I net.osmand: RoutingHelper Recalculate route, because correlation  : 214.74408039865548
06-30 22:01:19.562  3171  3171 I net.osmand: RoutingHelper Recalculate route, because correlation  : 214.74408039865548
06-30 22:01:19.562  3171  3171 I net.osmand: RoutingHelper Recalculate route, because wrong movement direction: 246.21614
06-30 22:01:19.582  3171  3184 I zygote  : Background concurrent copying GC freed 388867(8MB) AllocSpace objects, 0(0B) LOS objects, 21% free, 21MB/27MB, paused 1.569ms total 391.588ms
06-30 22:01:19.628  3171  3171 I net.osmand: RoutingHelper Recalculate route, because correlation  : 214.74408039865548
06-30 22:01:19.927  3171  3171 I chatty  : uid=10104(net.osmand) identical 1 line
06-30 22:01:19.931  3171  3171 I net.osmand: RoutingHelper Recalculate route, because correlation  : 214.74408039865548
06-30 22:01:19.932  3171  3171 I net.osmand: RoutingHelper Recalculate route, because wrong movement direction: 246.21614
06-30 22:01:20.221  3171  3171 I net.osmand: RoutingHelper Recalculate route, because correlation  : 214.74408039865548
06-30 22:01:20.221  3171  3171 I net.osmand: RoutingHelper Recalculate route, because wrong movement direction: 246.21614
06-30 22:01:20.333  3171  3171 I net.osmand: RoutingHelper Recalculate route, because correlation  : 214.74408039865548
06-30 22:01:20.767  3171  3184 I zygote  : Background concurrent copying GC freed 294622(6MB) AllocSpace objects, 0(0B) LOS objects, 18% free, 26MB/32MB, paused 1.276ms total 690.127ms
06-30 22:01:20.820  3171  3171 I net.osmand: RoutingHelper Recalculate route, because correlation  : 214.74408039865548
06-30 22:01:20.883  3171  3171 I net.osmand: RoutingHelper Recalculate route, because correlation  : 214.74408039865548
06-30 22:01:20.883  3171  3171 I net.osmand: RoutingHelper Recalculate route, because wrong movement direction: 246.21614
06-30 22:01:21.061  3171  3171 I net.osmand: RoutingHelper Recalculate route, because correlation  : 214.74408039865548
06-30 22:01:21.061  3171  3171 I net.osmand: RoutingHelper Recalculate route, because wrong movement direction: 246.21614
06-30 22:01:21.062  3171  3171 I net.osmand: RoutingHelper Recalculate route, because correlation  : 214.74408039865548
06-30 22:01:21.561  3171  3171 I net.osmand: RoutingHelper Recalculate route, because correlation  : 214.74408039865548
06-30 22:01:21.561  3171  3171 I net.osmand: RoutingHelper Recalculate route, because wrong movement direction: 246.21614
06-30 22:01:21.702  3171  3171 I net.osmand: RoutingHelper Recalculate route, because correlation  : 214.74408039865548
06-30 22:01:21.942  3171  3171 I net.osmand: RoutingHelper Recalculate route, because correlation  : 214.74408039865548
06-30 22:01:21.942  3171  3171 I net.osmand: RoutingHelper Recalculate route, because wrong movement direction: 246.21614
06-30 22:01:22.045  3171  3171 I net.osmand: RoutingHelper Recalculate route, because correlation  : 214.74408039865548
06-30 22:01:22.114  3171  3184 I zygote  : Background concurrent copying GC freed 524505(11MB) AllocSpace objects, 0(0B) LOS objects, 17% free, 28MB/34MB, paused 5.687ms total 966.051ms
06-30 22:01:22.247  3171  3171 I net.osmand: RoutingHelper Recalculate route, because correlation  : 214.74408039865548
06-30 22:01:22.251  3171  3171 I net.osmand: RoutingHelper Recalculate route, because wrong movement direction: 246.21614
06-30 22:01:22.442  3171  3171 I net.osmand: RoutingHelper Recalculate route, because correlation  : 214.74408039865548
06-30 22:01:22.891  3171  3171 I net.osmand: RoutingHelper Recalculate route, because correlation  : 214.74408039865548
06-30 22:01:22.891  3171  3171 I net.osmand: RoutingHelper Recalculate route, because wrong movement direction: 246.21614
06-30 22:01:23.093  1604  4176 I WifiService: acquireWifiLock uid=10014 lockMode=2
06-30 22:01:23.148  3171  3184 I zygote  : Background concurrent copying GC freed 635959(13MB) AllocSpace objects, 0(0B) LOS objects, 19% free, 25MB/31MB, paused 2.019ms total 533.824ms
06-30 22:01:23.158  3171  3171 I net.osmand: RoutingHelper Recalculate route, because correlation  : 214.74408039865548
06-30 22:01:23.158  3171  3171 I net.osmand: RoutingHelper Recalculate route, because wrong movement direction: 246.21614
06-30 22:01:23.160  3171  3171 I net.osmand: RoutingHelper Recalculate route, because correlation  : 214.74408039865548
06-30 22:01:23.165  3171  3171 I net.osmand: RoutingHelper Recalculate route, because correlation  : 214.74408039865548
06-30 22:01:23.310  1604  4621 I WifiService: releaseWifiLock uid=10014
06-30 22:01:23.559  3171  3171 I net.osmand: RoutingHelper Recalculate route, because correlation  : 214.74408039865548
06-30 22:01:23.559  3171  3171 I net.osmand: RoutingHelper Recalculate route, because wrong movement direction: 246.21614
06-30 22:01:23.594  3171  3171 I net.osmand: RoutingHelper Recalculate route, because correlation  : 214.74408039865548
06-30 22:01:23.952  3171  3171 I net.osmand: RoutingHelper Recalculate route, because correlation  : 214.74408039865548
06-30 22:01:23.952  3171  3171 I net.osmand: RoutingHelper Recalculate route, because wrong movement direction: 246.21614
06-30 22:01:24.043  3171  3171 I net.osmand: RoutingHelper Recalculate route, because correlation  : 214.74408039865548
06-30 22:01:24.274  3171  3171 I net.osmand: RoutingHelper Recalculate route, because correlation  : 214.74408039865548
06-30 22:01:24.274  3171  3171 I net.osmand: RoutingHelper Recalculate route, because wrong movement direction: 246.21614
06-30 22:01:24.348  3171  3171 I net.osmand: RoutingHelper Recalculate route, because correlation  : 214.74408039865548
06-30 22:01:24.507  3171  3184 I zygote  : Background concurrent copying GC freed 467406(10MB) AllocSpace objects, 0(0B) LOS objects, 17% free, 27MB/33MB, paused 2.804ms total 844.450ms
06-30 22:01:24.831  3171  3171 I net.osmand: RoutingHelper Recalculate route, because correlation  : 214.74408039865548
06-30 22:01:24.831  3171  3171 I net.osmand: RoutingHelper Recalculate route, because wrong movement direction: 246.21614
06-30 22:01:24.932  3171  3171 I net.osmand: RoutingHelper Recalculate route, because correlation  : 214.74408039865548
06-30 22:01:25.020  3171  3171 I net.osmand: RoutingHelper Recalculate route, because correlation  : 214.74408039865548
06-30 22:01:25.020  3171  3171 I net.osmand: RoutingHelper Recalculate route, because wrong movement direction: 246.21614
06-30 22:01:25.139  3171  3171 I net.osmand: RoutingHelper Recalculate route, because correlation  : 214.74408039865548
06-30 22:01:25.586  3171  3171 I chatty  : uid=10104(net.osmand) identical 1 line
06-30 22:01:25.641  3171  3171 I net.osmand: RoutingHelper Recalculate route, because correlation  : 214.74408039865548
06-30 22:01:25.642  3171  3171 I net.osmand: RoutingHelper Recalculate route, because wrong movement direction: 246.21614
06-30 22:01:25.964  3171  3171 I net.osmand: RoutingHelper Recalculate route, because correlation  : 214.74408039865548
06-30 22:01:25.964  3171  3171 I net.osmand: RoutingHelper Recalculate route, because wrong movement direction: 246.21614
06-30 22:01:25.982  3171  3171 I net.osmand: RoutingHelper Recalculate route, because correlation  : 214.74408039865548
06-30 22:01:26.262  3171  3171 I net.osmand: RoutingHelper Recalculate route, because correlation  : 214.74408039865548
06-30 22:01:26.262  3171  3171 I net.osmand: RoutingHelper Recalculate route, because wrong movement direction: 246.21614
06-30 22:01:26.326  3171  3171 I net.osmand: RoutingHelper Recalculate route, because correlation  : 214.74408039865548
06-30 22:01:26.328  3171  3184 I zygote  : Background concurrent copying GC freed 561264(12MB) AllocSpace objects, 0(0B) LOS objects, 16% free, 30MB/36MB, paused 1.497ms total 1.171s
06-30 22:01:26.785  3171  3171 I net.osmand: RoutingHelper Recalculate route, because correlation  : 214.74408039865548
06-30 22:01:26.785  3171  3171 I net.osmand: RoutingHelper Recalculate route, because wrong movement direction: 246.21614
06-30 22:01:26.892  3171  3171 I net.osmand: RoutingHelper Recalculate route, because correlation  : 214.74408039865548
06-30 22:01:26.954  3171  3171 I net.osmand: RoutingHelper Recalculate route, because correlation  : 214.74408039865548
06-30 22:01:26.955  3171  3171 I net.osmand: RoutingHelper Recalculate route, because wrong movement direction: 246.21614
06-30 22:01:27.069  2799  2830 I Finsky  : [131] imb.run(3): Stats for Executor: BlockingExecutor ink@4fcda2c[Running, pool size = 0, active threads = 0, queued tasks = 0, completed tasks = 17]
06-30 22:01:27.069  2799  2830 I Finsky  : [131] imb.run(3): Stats for Executor: LightweightExecutor ink@42a7cf5[Running, pool size = 2, active threads = 0, queued tasks = 0, completed tasks = 62]
06-30 22:01:27.084  3171  3171 I net.osmand: RoutingHelper Recalculate route, because correlation  : 214.74408039865548
06-30 22:01:27.631  3171  3171 I net.osmand: RoutingHelper Recalculate route, because correlation  : 214.74408039865548
06-30 22:01:27.674  3171  3184 I zygote  : Background concurrent copying GC freed 703775(15MB) AllocSpace objects, 0(0B) LOS objects, 18% free, 26MB/32MB, paused 1.116ms total 698.011ms
06-30 22:01:27.683  3171  3171 I net.osmand: RoutingHelper Recalculate route, because correlation  : 214.74408039865548
06-30 22:01:27.683  3171  3171 I net.osmand: RoutingHelper Recalculate route, because wrong movement direction: 246.21614
06-30 22:01:27.978  3171  3171 I net.osmand: RoutingHelper Recalculate route, because correlation  : 214.74408039865548
06-30 22:01:27.978  3171  3171 I net.osmand: RoutingHelper Recalculate route, because wrong movement direction: 246.21614
06-30 22:01:27.983  3171  3171 I net.osmand: RoutingHelper Recalculate route, because correlation  : 214.74408039865548
06-30 22:01:28.190  3171  3171 I net.osmand: RoutingHelper Recalculate route, because correlation  : 214.74408039865548
06-30 22:01:28.190  3171  3171 I net.osmand: RoutingHelper Recalculate route, because wrong movement direction: 246.21614
06-30 22:01:28.253  3171  3171 I net.osmand: RoutingHelper Recalculate route, because correlation  : 214.74408039865548
06-30 22:01:28.503  2799  2830 I Finsky  : [131] imb.run(3): Stats for Executor: bgExecutor ink@4f2f371[Running, pool size = 4, active threads = 0, queued tasks = 0, completed tasks = 47]
06-30 22:01:28.621  3171  3184 I zygote  : Background concurrent copying GC freed 503977(11MB) AllocSpace objects, 0(0B) LOS objects, 19% free, 24MB/30MB, paused 1.097ms total 444.881ms
06-30 22:01:28.874  3171  3171 I net.osmand: RoutingHelper Recalculate route, because correlation  : 214.74408039865548
06-30 22:01:28.874  3171  3171 I net.osmand: RoutingHelper Recalculate route, because wrong movement direction: 246.21614
06-30 22:01:28.983  3171  3171 I net.osmand: RoutingHelper Recalculate route, because correlation  : 214.74408039865548
06-30 22:01:28.983  3171  3171 I net.osmand: RoutingHelper Recalculate route, because wrong movement direction: 246.21614
06-30 22:01:29.113  3171  6842 I net.osmand:native: Run GC (before 57.626221 Mb after 44.773575 Mb) unload 319 of 988 tiles
06-30 22:01:29.208  3171  3171 I net.osmand: RoutingHelper Recalculate route, because correlation  : 214.74408039865548
06-30 22:01:29.213  3171  3171 I chatty  : uid=10104(net.osmand) identical 1 line
06-30 22:01:29.559  3171  3171 I net.osmand: RoutingHelper Recalculate route, because correlation  : 214.74408039865548
06-30 22:01:29.559  3171  3171 I net.osmand: RoutingHelper Recalculate route, because wrong movement direction: 246.21614
06-30 22:01:29.668  3171  3171 I net.osmand: RoutingHelper Recalculate route, because correlation  : 214.74408039865548
06-30 22:01:29.953  3171  3171 I net.osmand: RoutingHelper Recalculate route, because correlation  : 214.74408039865548
06-30 22:01:29.953  3171  3171 I net.osmand: RoutingHelper Recalculate route, because wrong movement direction: 246.21614
06-30 22:01:29.956  3171  3171 I net.osmand: RoutingHelper Recalculate route, because correlation  : 214.74408039865548
06-30 22:01:30.226  3171  3184 I zygote  : Background concurrent copying GC freed 428253(9MB) AllocSpace objects, 0(0B) LOS objects, 17% free, 28MB/34MB, paused 3.028ms total 943.996ms
06-30 22:01:30.247  3171  3171 I net.osmand: RoutingHelper Recalculate route, because correlation  : 214.74408039865548
06-30 22:01:30.250  3171  3171 I net.osmand: RoutingHelper Recalculate route, because correlation  : 214.74408039865548
06-30 22:01:30.250  3171  3171 I net.osmand: RoutingHelper Recalculate route, because wrong movement direction: 246.21614
06-30 22:01:30.885  3171  3171 I net.osmand: RoutingHelper Recalculate route, because correlation  : 214.74408039865548
06-30 22:01:30.885  3171  3171 I net.osmand: RoutingHelper Recalculate route, because wrong movement direction: 246.21614
06-30 22:01:30.960  3171  3171 I net.osmand: RoutingHelper Recalculate route, because correlation  : 214.74408039865548
06-30 22:01:31.000  3171  3171 I net.osmand: RoutingHelper Recalculate route, because correlation  : 214.74408039865548
06-30 22:01:31.000  3171  3171 I net.osmand: RoutingHelper Recalculate route, because wrong movement direction: 246.21614
06-30 22:01:31.053  3171  3171 I net.osmand: RoutingHelper Recalculate route, because correlation  : 214.74408039865548
06-30 22:01:31.477  3171  3184 I zygote  : Background concurrent copying GC freed 604068(13MB) AllocSpace objects, 0(0B) LOS objects, 20% free, 23MB/29MB, paused 2.056ms total 547.037ms
06-30 22:01:31.559  3171  3171 I net.osmand: RoutingHelper Recalculate route, because correlation  : 214.74408039865548
06-30 22:01:31.559  3171  3171 I net.osmand: RoutingHelper Recalculate route, because wrong movement direction: 246.21614
06-30 22:01:31.567  3171  3171 I net.osmand: RoutingHelper Recalculate route, because correlation  : 214.74408039865548
06-30 22:01:31.950  3171  3171 I net.osmand: RoutingHelper Recalculate route, because correlation  : 214.74408039865548
06-30 22:01:31.950  3171  3171 I net.osmand: RoutingHelper Recalculate route, because wrong movement direction: 246.21614
06-30 22:01:31.955  3171  3171 I net.osmand: RoutingHelper Recalculate route, because correlation  : 214.74408039865548
06-30 22:01:32.378  3171  3171 I net.osmand: RoutingHelper Recalculate route, because correlation  : 214.74408039865548
06-30 22:01:32.378  3171  3171 I net.osmand: RoutingHelper Recalculate route, because wrong movement direction: 246.21614
06-30 22:01:32.511  3171  3171 I net.osmand: RoutingHelper Recalculate route, because correlation  : 214.74408039865548
06-30 22:01:32.763  1970  1980 I zygote  : Background concurrent copying GC freed 143102(5MB) AllocSpace objects, 0(0B) LOS objects, 43% free, 7MB/13MB, paused 898us total 247.858ms
06-30 22:01:32.930  3171  3184 I zygote  : Background concurrent copying GC freed 398583(8MB) AllocSpace objects, 0(0B) LOS objects, 18% free, 27MB/33MB, paused 1.367ms total 834.470ms
06-30 22:01:32.944  3171  3171 I net.osmand: RoutingHelper Recalculate route, because correlation  : 214.74408039865548
06-30 22:01:32.944  3171  3171 I net.osmand: RoutingHelper Recalculate route, because wrong movement direction: 246.21614
06-30 22:01:32.951  3171  3171 I net.osmand: RoutingHelper Recalculate route, because correlation  : 214.74408039865548
06-30 22:01:32.951  3171  3171 I net.osmand: RoutingHelper Recalculate route, because wrong movement direction: 246.21614
06-30 22:01:33.055  3171  3171 I net.osmand: RoutingHelper Recalculate route, because correlation  : 214.74408039865548
06-30 22:01:33.057  3171  3171 I net.osmand: RoutingHelper Recalculate route, because correlation  : 214.74408039865548
06-30 22:01:33.576  3171  3184 I zygote  : Background concurrent copying GC freed 549274(12MB) AllocSpace objects, 0(0B) LOS objects, 22% free, 21MB/27MB, paused 1.466ms total 335.144ms
06-30 22:01:33.845  3171  3171 I net.osmand: RoutingHelper Recalculate route, because correlation  : 214.74408039865548
06-30 22:01:33.845  3171  3171 I net.osmand: RoutingHelper Recalculate route, because wrong movement direction: 246.21614
06-30 22:01:33.954  3171  3171 I net.osmand: RoutingHelper Recalculate route, because correlation  : 214.74408039865548
06-30 22:01:34.088  3171  3171 I net.osmand: RoutingHelper Recalculate route, because correlation  : 214.74408039865548
06-30 22:01:34.088  3171  3171 I net.osmand: RoutingHelper Recalculate route, because wrong movement direction: 246.21614
06-30 22:01:34.191  3171  3171 I net.osmand: RoutingHelper Recalculate route, because correlation  : 214.74408039865548
06-30 22:01:34.398  3171  3171 I chatty  : uid=10104(net.osmand) identical 1 line
06-30 22:01:34.464  3171  3171 I net.osmand: RoutingHelper Recalculate route, because correlation  : 214.74408039865548
06-30 22:01:34.464  3171  3171 I net.osmand: RoutingHelper Recalculate route, because wrong movement direction: 246.21614
06-30 22:01:34.918  3171  3184 I zygote  : Background concurrent copying GC freed 306613(6MB) AllocSpace objects, 0(0B) LOS objects, 19% free, 24MB/30MB, paused 1.258ms total 634.872ms
06-30 22:01:34.932  3171  3171 I net.osmand: RoutingHelper Recalculate route, because correlation  : 214.74408039865548
06-30 22:01:34.942  3171  3171 I net.osmand: RoutingHelper Recalculate route, because correlation  : 214.74408039865548
06-30 22:01:34.942  3171  3171 I net.osmand: RoutingHelper Recalculate route, because wrong movement direction: 246.21614
06-30 22:01:35.184  3171  3171 I net.osmand: RoutingHelper Recalculate route, because correlation  : 214.74408039865548
06-30 22:01:35.184  3171  3171 I net.osmand: RoutingHelper Recalculate route, because wrong movement direction: 246.21614
06-30 22:01:35.331  3171  3171 I net.osmand: RoutingHelper Recalculate route, because correlation  : 214.74408039865548
06-30 22:01:35.755  3171  3171 I net.osmand: RoutingHelper Recalculate route, because correlation  : 214.74408039865548
06-30 22:01:35.755  3171  3171 I net.osmand: RoutingHelper Recalculate route, because wrong movement direction: 246.21614
06-30 22:01:35.804  3171  3171 I net.osmand: RoutingHelper Recalculate route, because correlation  : 214.74408039865548
06-30 22:01:35.973  3171  3171 I net.osmand: RoutingHelper Recalculate route, because correlation  : 214.74408039865548
06-30 22:01:35.973  3171  3171 I net.osmand: RoutingHelper Recalculate route, because wrong movement direction: 246.21614
06-30 22:01:35.987  3171  3171 I net.osmand: RoutingHelper Recalculate route, because correlation  : 214.74408039865548
06-30 22:01:36.253  3171  3184 I zygote  : Background concurrent copying GC freed 431184(9MB) AllocSpace objects, 0(0B) LOS objects, 17% free, 27MB/33MB, paused 3.923ms total 816.342ms
06-30 22:01:36.483  3171  3171 I net.osmand: RoutingHelper Recalculate route, because correlation  : 214.74408039865548
06-30 22:01:36.483  3171  3171 I net.osmand: RoutingHelper Recalculate route, because wrong movement direction: 246.21614
06-30 22:01:36.496  3171  3171 I net.osmand: RoutingHelper Recalculate route, because correlation  : 214.74408039865548
06-30 22:01:36.937  3171  3171 I chatty  : uid=10104(net.osmand) identical 1 line
06-30 22:01:37.102  3171  3171 I net.osmand: RoutingHelper Recalculate route, because correlation  : 214.74408039865548
06-30 22:01:37.102  3171  3171 I net.osmand: RoutingHelper Recalculate route, because wrong movement direction: 246.21614
06-30 22:01:37.145  3171  3171 I net.osmand: RoutingHelper Recalculate route, because correlation  : 214.74408039865548
06-30 22:01:37.145  3171  3171 I net.osmand: RoutingHelper Recalculate route, because wrong movement direction: 246.21614
06-30 22:01:37.148  3171  3171 I net.osmand: RoutingHelper Recalculate route, because correlation  : 214.74408039865548
06-30 22:01:37.542  3171  3184 I zygote  : Background concurrent copying GC freed 561022(12MB) AllocSpace objects, 0(0B) LOS objects, 18% free, 26MB/32MB, paused 1.237ms total 716.794ms
06-30 22:01:37.695  3171  3171 I net.osmand: RoutingHelper Recalculate route, because correlation  : 214.74408039865548
06-30 22:01:37.695  3171  3171 I net.osmand: RoutingHelper Recalculate route, because wrong movement direction: 246.21614
06-30 22:01:37.710  3171  3171 I net.osmand: RoutingHelper Recalculate route, because correlation  : 214.74408039865548
06-30 22:01:37.765  1970  1980 I zygote  : WaitForGcToComplete blocked HeapTrim on None for 14.174ms
06-30 22:01:37.891  3171  6842 W net.osmand:native: [Native] Result visited (visited roads 191197, visited segments 421000 / 191572 , queue sizes 2880 / 1141 ) 
06-30 22:01:37.892  3171  6842 W net.osmand:native: [Native] Result timing (time to load 0, time to calc 233045, loaded tiles 1434) 
06-30 22:01:37.894  3171  6842 W net.osmand:native: [Native] Memory occupied (Routing context 52269 Kb, search 9602 Kb)
06-30 22:01:38.054  3171  3171 I net.osmand: RoutingHelper Recalculate route, because correlation  : 214.74408039865548
06-30 22:01:38.054  3171  3171 I net.osmand: RoutingHelper Recalculate route, because wrong movement direction: 246.21614
06-30 22:01:38.061  3171  3171 I net.osmand: RoutingHelper Recalculate route, because correlation  : 214.74408039865548
06-30 22:01:38.463  3171  3171 I net.osmand: RoutingHelper Recalculate route, because correlation  : 214.74408039865548
06-30 22:01:38.464  3171  3171 I net.osmand: RoutingHelper Recalculate route, because wrong movement direction: 246.21614
06-30 22:01:38.585  3171  3171 I net.osmand: RoutingHelper Recalculate route, because correlation  : 214.74408039865548
06-30 22:01:38.923  3171  3184 I zygote  : Background concurrent copying GC freed 530666(11MB) AllocSpace objects, 0(0B) LOS objects, 18% free, 27MB/33MB, paused 1.122ms total 904.362ms
06-30 22:01:38.927  3171  3171 I net.osmand: RoutingHelper Recalculate route, because correlation  : 214.74408039865548
06-30 22:01:38.927  3171  3171 I net.osmand: RoutingHelper Recalculate route, because wrong movement direction: 246.21614
06-30 22:01:39.029  3171  3171 I net.osmand: RoutingHelper Recalculate route, because correlation  : 214.74408039865548
06-30 22:01:39.109  3171  3171 I net.osmand: RoutingHelper Recalculate route, because correlation  : 214.74408039865548
06-30 22:01:39.109  3171  3171 I net.osmand: RoutingHelper Recalculate route, because wrong movement direction: 246.21614
06-30 22:01:39.149  3171  3171 I net.osmand: RoutingHelper Recalculate route, because correlation  : 214.74408039865548
06-30 22:01:39.774  3171  3184 I zygote  : Background concurrent copying GC freed 559274(12MB) AllocSpace objects, 0(0B) LOS objects, 22% free, 21MB/27MB, paused 1.581ms total 381.267ms
06-30 22:01:39.778  3171  3171 I net.osmand: RoutingHelper Recalculate route, because correlation  : 214.74408039865548
06-30 22:01:39.778  3171  3171 I net.osmand: RoutingHelper Recalculate route, because wrong movement direction: 246.21614
06-30 22:01:39.859  3171  3171 I net.osmand: RoutingHelper Recalculate route, because correlation  : 214.74408039865548
06-30 22:01:40.023  3171  3171 I net.osmand: RoutingHelper Recalculate route, because correlation  : 214.74408039865548
06-30 22:01:40.023  3171  3171 I net.osmand: RoutingHelper Recalculate route, because wrong movement direction: 246.21614
06-30 22:01:40.030  3171  3171 I net.osmand: RoutingHelper Recalculate route, because correlation  : 214.74408039865548
06-30 22:01:40.401  3171  3171 I net.osmand: RoutingHelper Recalculate route, because correlation  : 214.74408039865548
06-30 22:01:40.402  3171  3171 I net.osmand: RoutingHelper Recalculate route, because wrong movement direction: 246.21614
06-30 22:01:40.556  3171  6842 I net.osmand:native: Routing calculated time distance 10222.456055
06-30 22:01:40.562  3171  3171 I net.osmand: RoutingHelper Recalculate route, because correlation  : 214.74408039865548
06-30 22:01:40.806  3171  3184 I zygote  : Background concurrent copying GC freed 292000(6MB) AllocSpace objects, 0(0B) LOS objects, 19% free, 24MB/30MB, paused 2.377ms total 638.349ms
06-30 22:01:40.960  3171  3171 I net.osmand: RoutingHelper Recalculate route, because correlation  : 214.74408039865548
06-30 22:01:40.960  3171  3171 I net.osmand: RoutingHelper Recalculate route, because wrong movement direction: 246.21614
06-30 22:01:41.044  3171  3171 I net.osmand: RoutingHelper Recalculate route, because correlation  : 214.74408039865548
06-30 22:01:41.220  3171  3171 I net.osmand: RoutingHelper Recalculate route, because correlation  : 214.74408039865548
06-30 22:01:41.220  3171  3171 I net.osmand: RoutingHelper Recalculate route, because wrong movement direction: 246.21614
06-30 22:01:41.282  3171  3171 I net.osmand: RoutingHelper Recalculate route, because correlation  : 214.74408039865548
06-30 22:01:41.784  3171  3171 I net.osmand: RoutingHelper Recalculate route, because correlation  : 214.74408039865548
06-30 22:01:41.784  3171  3171 I net.osmand: RoutingHelper Recalculate route, because wrong movement direction: 246.21614
06-30 22:01:41.825  3171  3171 I net.osmand: RoutingHelper Recalculate route, because correlation  : 214.74408039865548
06-30 22:01:41.973  3171  3184 I zygote  : Background concurrent copying GC freed 422156(9MB) AllocSpace objects, 0(0B) LOS objects, 17% free, 27MB/33MB, paused 8.263ms total 730.762ms
06-30 22:01:42.053  3171  3171 I net.osmand: RoutingHelper Recalculate route, because correlation  : 214.74408039865548
06-30 22:01:42.053  3171  3171 I net.osmand: RoutingHelper Recalculate route, because wrong movement direction: 246.21614
06-30 22:01:42.101  3171  3171 I net.osmand: RoutingHelper Recalculate route, because correlation  : 214.74408039865548
06-30 22:01:42.442  3171  3171 I net.osmand: RoutingHelper Recalculate route, because correlation  : 214.74408039865548
06-30 22:01:42.442  3171  3171 I net.osmand: RoutingHelper Recalculate route, because wrong movement direction: 246.21614
06-30 22:01:42.522  3171  3171 I net.osmand: RoutingHelper Recalculate route, because correlation  : 214.74408039865548
06-30 22:01:42.998  3171  3171 I net.osmand: RoutingHelper Recalculate route, because correlation  : 214.74408039865548
06-30 22:01:42.999  3171  3171 I net.osmand: RoutingHelper Recalculate route, because wrong movement direction: 246.21614
06-30 22:01:43.017  3171  3171 I net.osmand: RoutingHelper Recalculate route, because correlation  : 214.74408039865548
06-30 22:01:43.021  3171  3184 I zygote  : Background concurrent copying GC freed 473408(10MB) AllocSpace objects, 0(0B) LOS objects, 17% free, 27MB/33MB, paused 2.315ms total 703.518ms
06-30 22:01:43.137  1604  1614 I WifiService: acquireWifiLock uid=10014 lockMode=2
06-30 22:01:43.138  3171  3171 I net.osmand: RoutingHelper Recalculate route, because correlation  : 214.74408039865548
06-30 22:01:43.140  3171  3171 I net.osmand: RoutingHelper Recalculate route, because wrong movement direction: 246.21614
06-30 22:01:43.245  3171  3171 I net.osmand: RoutingHelper Recalculate route, because correlation  : 214.74408039865548
06-30 22:01:43.783  3171  3171 I net.osmand: RoutingHelper Recalculate route, because correlation  : 214.74408039865548
06-30 22:01:43.783  3171  3171 I net.osmand: RoutingHelper Recalculate route, because wrong movement direction: 246.21614
06-30 22:01:43.889  3171  3171 I net.osmand: RoutingHelper Recalculate route, because correlation  : 214.74408039865548
06-30 22:01:43.988  3171  3184 I zygote  : Background concurrent copying GC freed 458640(10MB) AllocSpace objects, 0(0B) LOS objects, 18% free, 27MB/33MB, paused 1.666ms total 634.293ms
06-30 22:01:43.996  3171  3171 I net.osmand: RoutingHelper Recalculate route, because correlation  : 214.74408039865548
06-30 22:01:43.996  3171  3171 I net.osmand: RoutingHelper Recalculate route, because wrong movement direction: 246.21614
06-30 22:01:44.036  3171  3171 I net.osmand: RoutingHelper Recalculate route, because correlation  : 214.74408039865548
06-30 22:01:44.439  3171  3171 I net.osmand: RoutingHelper Recalculate route, because correlation  : 214.74408039865548
06-30 22:01:44.439  3171  3171 I net.osmand: RoutingHelper Recalculate route, because wrong movement direction: 246.21614
06-30 22:01:44.518  3171  3171 I net.osmand: RoutingHelper Recalculate route, because correlation  : 214.74408039865548
06-30 22:01:44.941  3171  3171 I net.osmand: RoutingHelper Recalculate route, because correlation  : 214.74408039865548
06-30 22:01:44.941  3171  3171 I net.osmand: RoutingHelper Recalculate route, because wrong movement direction: 246.21614
06-30 22:01:45.069  3171  3171 I net.osmand: RoutingHelper Recalculate route, because correlation  : 214.74408039865548
06-30 22:01:45.133  3171  3171 I net.osmand: RoutingHelper Recalculate route, because correlation  : 214.74408039865548
06-30 22:01:45.133  3171  3171 I net.osmand: RoutingHelper Recalculate route, because wrong movement direction: 246.21614
06-30 22:01:45.149  3171  3171 I net.osmand: RoutingHelper Recalculate route, because correlation  : 214.74408039865548
06-30 22:01:45.516  3171  3184 I zygote  : Background concurrent copying GC freed 434276(9MB) AllocSpace objects, 0(0B) LOS objects, 16% free, 29MB/35MB, paused 4.682ms total 996.677ms
06-30 22:01:45.680  3171  6842 I net.osmand: RoutePlannerFrontEnd Native routing took 241.047 seconds
06-30 22:01:45.680  3171  6842 I net.osmand: RoutePlannerFrontEnd Native routing use precalculated route
06-30 22:01:45.702  3171  6842 W System.err: Points are not connected : Road id 224875342 name  ref PE-320(1) -> Road id 224875338 name  ref PE-320(4) 13.846911393443373 meters
06-30 22:01:45.705  3171  3171 I net.osmand: RoutingHelper Recalculate route, because correlation  : 214.74408039865548
06-30 22:01:45.721  3171  3171 I net.osmand: RoutingHelper Recalculate route, because correlation  : 214.74408039865548
06-30 22:01:45.721  3171  3171 I net.osmand: RoutingHelper Recalculate route, because wrong movement direction: 246.21614
06-30 22:01:45.964  3171  3171 I net.osmand: RoutingHelper Recalculate route, because correlation  : 214.74408039865548
06-30 22:01:45.964  3171  3171 I net.osmand: RoutingHelper Recalculate route, because wrong movement direction: 246.21614
06-30 22:01:46.039  3171  3171 I net.osmand: RoutingHelper Recalculate route, because correlation  : 214.74408039865548
06-30 22:01:46.122  1604  5450 D WificondControl: Scan result ready event
06-30 22:01:46.364  1604  5450 I WifiService: releaseWifiLock uid=10014
06-30 22:01:46.467  3171  3171 I net.osmand: RoutingHelper Recalculate route, because correlation  : 214.74408039865548
06-30 22:01:46.503  3171  3171 I net.osmand: RoutingHelper Recalculate route, because correlation  : 214.74408039865548
06-30 22:01:46.503  3171  3171 I net.osmand: RoutingHelper Recalculate route, because wrong movement direction: 246.21614
06-30 22:01:46.756  3171  3184 I zygote  : Background concurrent copying GC freed 566336(12MB) AllocSpace objects, 0(0B) LOS objects, 17% free, 28MB/34MB, paused 6.933ms total 727.128ms
