06-28 14:28:05.223 29061 29061 I net.osmand: RoutingHelper Recalculate route, because correlation  : 88.05313436169963
06-28 14:28:05.223 29061 29061 I net.osmand: RoutingHelper Recalculate route, because wrong movement direction: 132.06609
06-28 14:28:05.303 29061 29061 I net.osmand: RoutingHelper Recalculate route, because correlation  : 88.05313436169963
06-28 14:28:05.304 29061 29061 I net.osmand: RoutingHelper Recalculate route, because wrong movement direction: 132.06609
06-28 14:28:05.325 29061 29061 I net.osmand: RoutingHelper Recalculate route, because correlation  : 88.05313436169963
06-28 14:28:05.325 29061 29061 I net.osmand: RoutingHelper Recalculate route, because wrong movement direction: 132.06609
06-28 14:28:05.412 29061 29061 I net.osmand: RoutingHelper Recalculate route, because correlation  : 88.05313436169963
06-28 14:28:05.453 29061 29061 I net.osmand: RoutingHelper Recalculate route, because correlation  : 88.05313436169963
06-28 14:28:05.552 19546  4430 I Places  : ?: PlacesBleScanner stop()
06-28 14:28:05.557 19546 19546 I BeaconBle: Scan : No clients left, canceling alarm.
06-28 14:28:05.558 19546 19546 I BeaconBle: Scan canceled successfully.
06-28 14:28:05.607 19546  4430 I PlaceInferenceEngine: [anon] Changed inference mode: 0
06-28 14:28:05.607 19546  4430 I PlaceInferenceEngine: [account#1066226748] Changed inference mode: 0
06-28 14:28:05.871 19546 19546 I GeofencerStateMachine: removeGeofences: removeRequest=RemoveGeofencingRequest[REMOVE_BY_PENDING_INTENT pendingIntent=PendingIntent[creatorPackage=com.google.android.gms], packageName=com.google.android.gms]
06-28 14:28:06.196 29061 29061 I net.osmand: RoutingHelper Recalculate route, because correlation  : 88.05313436169963
06-28 14:28:06.256 29061 29061 I net.osmand: RoutingHelper Recalculate route, because correlation  : 88.05313436169963
06-28 14:28:06.257 29061 29061 I net.osmand: RoutingHelper Recalculate route, because wrong movement direction: 132.06609
06-28 14:28:06.585 29061 29061 I net.osmand: RoutingHelper Recalculate route, because correlation  : 88.05313436169963
06-28 14:28:06.753 29061 29061 I net.osmand: RoutingHelper Recalculate route, because correlation  : 88.05313436169963
06-28 14:28:06.753 29061 29061 I net.osmand: RoutingHelper Recalculate route, because wrong movement direction: 132.06609
06-28 14:28:07.234 29061 29061 I net.osmand: RoutingHelper Recalculate route, because correlation  : 88.05313436169963
06-28 14:28:07.268 29061 29061 I net.osmand: RoutingHelper Recalculate route, because correlation  : 88.05313436169963
06-28 14:28:07.268 29061 29061 I net.osmand: RoutingHelper Recalculate route, because wrong movement direction: 132.06609
06-28 14:28:07.327 29061 29061 I net.osmand: RoutingHelper Recalculate route, because correlation  : 88.05313436169963
06-28 14:28:07.327 29061 29061 I net.osmand: RoutingHelper Recalculate route, because wrong movement direction: 132.06609
06-28 14:28:07.335 29061 29061 I net.osmand: RoutingHelper Recalculate route, because correlation  : 88.05313436169963
06-28 14:28:07.483 29061 29061 I chatty  : uid=10104(net.osmand) identical 1 line
06-28 14:28:07.512 29061 29061 I net.osmand: RoutingHelper Recalculate route, because correlation  : 88.05313436169963
06-28 14:28:07.512 29061 29061 I net.osmand: RoutingHelper Recalculate route, because wrong movement direction: 132.06609
06-28 14:28:07.872 29061 29071 I zygote  : Background concurrent copying GC freed 456135(10MB) AllocSpace objects, 0(0B) LOS objects, 17% free, 28MB/34MB, paused 10.806ms total 1.488s
06-28 14:28:08.112 19546 19862 I GeofencerStateMachine: addGeofences called by com.google.android.apps.maps
06-28 14:28:08.199 29061 29061 I net.osmand: RoutingHelper Recalculate route, because correlation  : 88.05313436169963
06-28 14:28:08.199 29061 29061 I net.osmand: RoutingHelper Recalculate route, because wrong movement direction: 132.06609
06-28 14:28:08.244 29061 29061 I net.osmand: RoutingHelper Recalculate route, because correlation  : 88.05313436169963
06-28 14:28:08.326  1603  1840 I GnssLocationProvider: WakeLock acquired by sendMessage(SET_REQUEST, 0, com.android.server.location.GnssLocationProvider$GpsRequest@151b163)
06-28 14:28:08.337  1603  1616 I GnssLocationProvider: WakeLock released by handleMessage(SET_REQUEST, 0, com.android.server.location.GnssLocationProvider$GpsRequest@151b163)
06-28 14:28:08.565  1524  1631 I WorkerManager: dispose()
06-28 14:28:08.609  1524  1631 W ThreadPoolDumper: Queue length for executor EventBus is now 11. Perhaps some tasks are too long, or the pool is too small.
06-28 14:28:08.620  1603  1840 I WifiService: getWifiEnabledState uid=10062
06-28 14:28:08.626  1603  2079 I GnssLocationProvider: WakeLock acquired by sendMessage(SET_REQUEST, 0, com.android.server.location.GnssLocationProvider$GpsRequest@9b96619)
06-28 14:28:08.627  1603  1616 I GnssLocationProvider: WakeLock released by handleMessage(SET_REQUEST, 0, com.android.server.location.GnssLocationProvider$GpsRequest@9b96619)
06-28 14:28:08.762 29061 29061 I net.osmand: RoutingHelper Recalculate route, because correlation  : 88.05313436169963
06-28 14:28:08.763 29061 29061 I net.osmand: RoutingHelper Recalculate route, because wrong movement direction: 132.06609
06-28 14:28:08.891 29061 29061 I net.osmand: RoutingHelper Recalculate route, because correlation  : 88.05313436169963
06-28 14:28:09.656 29061 29061 I chatty  : uid=10104(net.osmand) identical 1 line
06-28 14:28:09.691 29061 29061 I net.osmand: RoutingHelper Recalculate route, because correlation  : 88.05313436169963
06-28 14:28:09.691 29061 29061 I net.osmand: RoutingHelper Recalculate route, because wrong movement direction: 132.06609
06-28 14:28:09.720 29061 29061 I net.osmand: RoutingHelper Recalculate route, because correlation  : 88.05313436169963
06-28 14:28:09.723 29061 29061 I net.osmand: RoutingHelper Recalculate route, because correlation  : 88.05313436169963
06-28 14:28:09.723 29061 29061 I net.osmand: RoutingHelper Recalculate route, because wrong movement direction: 132.06609
06-28 14:28:09.779 29061 29061 I net.osmand: RoutingHelper Recalculate route, because correlation  : 88.05313436169963
06-28 14:28:10.003 19546 19595 W ResourceType: ResTable_typeSpec entry count inconsistent: given 15, previously 22
06-28 14:28:10.167 29061 29061 I net.osmand: RoutingHelper Recalculate route, because correlation  : 88.05313436169963
06-28 14:28:10.174 29061 29061 I net.osmand: RoutingHelper Recalculate route, because correlation  : 88.05313436169963
06-28 14:28:10.174 29061 29061 I net.osmand: RoutingHelper Recalculate route, because wrong movement direction: 132.06609
06-28 14:28:10.560 29061 29061 I net.osmand: RoutingHelper Recalculate route, because correlation  : 88.05313436169963
06-28 14:28:10.560 29061 29061 I net.osmand: RoutingHelper Recalculate route, because wrong movement direction: 132.06609
06-28 14:28:10.566  1603  2153 I ActivityManager: Killing 648:com.android.calllogbackup/u0a2 (adj 906): empty for 1800s
06-28 14:28:10.568  1603  1619 W zygote  : kill(-648, 9) failed: No such process
06-28 14:28:10.570 19546 19546 I BeaconBle: Scan : No clients left, canceling alarm.
06-28 14:28:10.614  1603  1619 W zygote  : kill(-648, 9) failed: No such process
06-28 14:28:10.619 29061 29061 I net.osmand: RoutingHelper Recalculate route, because correlation  : 88.05313436169963
06-28 14:28:10.661  1603  1619 W zygote  : kill(-648, 9) failed: No such process
06-28 14:28:10.753  1603  1619 I chatty  : uid=1000(system) ActivityManager identical 2 lines
06-28 14:28:10.833  1603  1619 W zygote  : kill(-648, 9) failed: No such process
06-28 14:28:10.833  1603  1619 W zygote  : kill(648, 9) failed: No such process
06-28 14:28:10.879  1603  1619 W zygote  : kill(-648, 9) failed: No such process
06-28 14:28:10.879  1603  1619 I zygote  : Successfully killed process cgroup uid 10002 pid 648 in 311ms
06-28 14:28:11.143 29061 29061 I net.osmand: RoutingHelper Recalculate route, because correlation  : 88.05313436169963
06-28 14:28:11.144 29061 29061 I net.osmand: RoutingHelper Recalculate route, because wrong movement direction: 132.06609
06-28 14:28:11.267 29061 29061 I net.osmand: RoutingHelper Recalculate route, because correlation  : 88.05313436169963
06-28 14:28:11.494 29061 29061 I chatty  : uid=10104(net.osmand) identical 1 line
06-28 14:28:11.528 29061 29061 I net.osmand: RoutingHelper Recalculate route, because correlation  : 88.05313436169963
06-28 14:28:11.544 29061 29061 I net.osmand: RoutingHelper Recalculate route, because wrong movement direction: 132.06609
06-28 14:28:11.565 29061 29071 I zygote  : Background concurrent copying GC freed 389192(8MB) AllocSpace objects, 0(0B) LOS objects, 17% free, 28MB/34MB, paused 2.657ms total 1.020s
06-28 14:28:11.753 29061 29061 I net.osmand: RoutingHelper Recalculate route, because correlation  : 88.05313436169963
06-28 14:28:11.753 29061 29061 I net.osmand: RoutingHelper Recalculate route, because wrong movement direction: 132.06609
06-28 14:28:11.852 29061 29061 I net.osmand: RoutingHelper Recalculate route, because correlation  : 88.05313436169963
06-28 14:28:12.165 29061 29061 I chatty  : uid=10104(net.osmand) identical 1 line
06-28 14:28:12.218 29061 29061 I net.osmand: RoutingHelper Recalculate route, because correlation  : 88.05313436169963
06-28 14:28:12.218 29061 29061 I net.osmand: RoutingHelper Recalculate route, because wrong movement direction: 132.06609
06-28 14:28:12.714 29061 29061 I net.osmand: RoutingHelper Recalculate route, because correlation  : 88.05313436169963
06-28 14:28:12.751 29061 29061 I net.osmand: RoutingHelper Recalculate route, because correlation  : 88.05313436169963
06-28 14:28:12.751 29061 29061 I net.osmand: RoutingHelper Recalculate route, because wrong movement direction: 132.06609
06-28 14:28:13.166 29061 29061 I net.osmand: RoutingHelper Recalculate route, because correlation  : 88.05313436169963
06-28 14:28:13.245 29061 29061 I net.osmand: RoutingHelper Recalculate route, because correlation  : 88.05313436169963
06-28 14:28:13.245 29061 29061 I net.osmand: RoutingHelper Recalculate route, because wrong movement direction: 132.06609
06-28 14:28:13.467 29061 29061 I net.osmand: RoutingHelper Recalculate route, because correlation  : 187158.78160171586
06-28 14:28:13.467 29061 29061 I net.osmand: RoutingHelper Recalculate route, because wrong movement direction: 187158.78
06-28 14:28:13.519 29061 29061 I net.osmand: RoutingHelper Recalculate route, because correlation  : 187158.78160171586
06-28 14:28:13.563 29061 29089 I net.osmand: MapRenderRepositories RENDER MAP: update due to tile box
06-28 14:28:13.563 29061 29089 I net.osmand: MapRenderRepositories RENDER MAP: Interrupt rendering map
06-28 14:28:13.700 29061 29089 I net.osmand: MapRenderRepositories RENDER MAP: update due to tile box
06-28 14:28:13.700 29061 29089 I net.osmand: MapRenderRepositories RENDER MAP: Interrupt rendering map
06-28 14:28:13.874 29061 29088 I net.osmand: MapRenderRepositories RENDER MAP: new request RotatedTileBox [lat=-7.2193233333333335, lon=-35.88456333333333, rotate=22.145792, density=2.625, zoom=17, mapDensity=2.625, zoomAnimation=0.0, zoomFloatPart=0.0, cx=900, cy=1345, pixWidth=1800, pixHeight=2690]
06-28 14:28:14.028 29061 29088 I net.osmand:native: Route objects 436
06-28 14:28:14.028 29061 29088 I net.osmand:native: Ocean: no completed & incompleted coastlines 0
06-28 14:28:14.028 29061 29088 I net.osmand:native: Detailed coastlines = 0, basemap coastlines 0, ocean tile 0.000000. Detailed added 0, basemap processed 1, basemap added 0.
06-28 14:28:14.029 29061 29088 I net.osmand:native: Search : tree - read( 580), accept( 62), objs - visit( 3437), accept(467), in result(436) 
06-28 14:28:14.030 29061 29088 I net.osmand: MapRenderRepositories BLat=-7.226402378082275, TLat=-7.212259197235108, LLong=-35.890037536621094, RLong=-35.879085540771484, zoom=17
06-28 14:28:14.030 29061 29088 I net.osmand: MapRenderRepositories Native search: 155 ms 
06-28 14:28:14.047 29061 29088 I net.osmand:native: Creating SkBitmap in native w:1800 h:2690 s:7200 f:1!
06-28 14:28:14.047 29061 29088 I net.osmand:native: Row bytes for RGBA_8888 is 7200
06-28 14:28:14.047 29061 29088 I net.osmand:native: Locked 19368000 bytes at 0x84100000
06-28 14:28:14.047 29061 29088 I net.osmand:native: Initializing rendering
06-28 14:28:14.049 29061 29088 I net.osmand:native: Rendering image
06-28 14:28:14.153 29061 29061 I net.osmand: RoutingHelper Recalculate route, because correlation  : 187158.78160171586
06-28 14:28:14.185 29061 29061 I net.osmand: RoutingHelper Recalculate route, because correlation  : 187158.78160171586
06-28 14:28:14.185 29061 29061 I net.osmand: RoutingHelper Recalculate route, because wrong movement direction: 187158.78
06-28 14:28:14.800 29061 29088 I net.osmand:native: Native ok (rendering 4, text 233 ms) 
06-28 14:28:14.800 29061 29088 I net.osmand:native:  (4977 points, 1156 points inside, 675 of 907 objects visible)
06-28 14:28:14.800 29061 29088 I net.osmand:native: End Rendering image
06-28 14:28:14.800 29061 29088 I net.osmand:native: Native ok (init 1, rendering 4) 
06-28 14:28:14.803 29061 29088 I net.osmand: MapRenderRepositories true
06-28 14:28:15.041 29061 29061 I net.osmand: RoutingHelper Recalculate route, because correlation  : 187158.3930289123
06-28 14:28:15.115 29061 29061 I net.osmand: RoutingHelper Recalculate route, because correlation  : 187158.3930289123
06-28 14:28:15.116 29061 29061 I net.osmand: RoutingHelper Recalculate route, because wrong movement direction: 187158.39
06-28 14:28:15.156 29061 29071 I zygote  : Background concurrent copying GC freed 355546(7MB) AllocSpace objects, 0(0B) LOS objects, 16% free, 29MB/35MB, paused 3.137ms total 1.571s
06-28 14:28:15.212 29061 29061 I net.osmand: RoutingHelper Recalculate route, because correlation  : 187158.3930289123
06-28 14:28:15.227 29061 29061 I net.osmand: RoutingHelper Recalculate route, because correlation  : 187158.3930289123
06-28 14:28:15.227 29061 29061 I net.osmand: RoutingHelper Recalculate route, because wrong movement direction: 187158.39
06-28 14:28:16.171 29061 29061 I net.osmand: RoutingHelper Recalculate route, because correlation  : 187158.3930289123
06-28 14:28:16.185 29061 29061 I net.osmand: RoutingHelper Recalculate route, because correlation  : 187158.3930289123
06-28 14:28:16.185 29061 29061 I net.osmand: RoutingHelper Recalculate route, because wrong movement direction: 187158.39
06-28 14:28:16.568 29061 29061 I net.osmand: RoutingHelper Recalculate route, because correlation  : 187158.14270474997
06-28 14:28:16.583 29061 29061 I net.osmand: RoutingHelper Recalculate route, because correlation  : 187158.14270474997
06-28 14:28:16.583 29061 29061 I net.osmand: RoutingHelper Recalculate route, because wrong movement direction: 187158.14
06-28 14:28:17.169 29061 29061 I net.osmand: RoutingHelper Recalculate route, because correlation  : 187158.14270474997
06-28 14:28:17.169 29061 29061 I net.osmand: RoutingHelper Recalculate route, because wrong movement direction: 187158.14
06-28 14:28:17.169 19546 19546 I GeofencerStateMachine: sendNewTransitions called.
06-28 14:28:17.230 29061 29061 I net.osmand: RoutingHelper Recalculate route, because correlation  : 187158.14270474997
06-28 14:28:17.369 19546 19546 I GeofencerStateMachine: sendNewTransitions called.
06-28 14:28:17.380 19546 19546 I GeofencerStateMachine: sendNewLocationAvailability: availability=LocationAvailability[isLocationAvailable: true]
06-28 14:28:17.504 19546 19546 I GeofencerStateMachine: sendNewLocationAvailability: availability=LocationAvailability[isLocationAvailable: true]
06-28 14:28:17.770  1603 12888 I WifiService: acquireWifiLock uid=10014 lockMode=2
06-28 14:28:17.812 19546 19556 I zygote  : Background concurrent copying GC freed 149511(6MB) AllocSpace objects, 15(916KB) LOS objects, 38% free, 9MB/15MB, paused 2.127ms total 248.391ms
06-28 14:28:17.881  1603 12888 I WifiService: releaseWifiLock uid=10014
06-28 14:28:17.945 29061  4470 W net.osmand:native: [Native] Result visited (visited roads 15362, visited segments 22798 / 7199 , queue sizes 4595 / 230 ) 
06-28 14:28:17.946 29061  4470 W net.osmand:native: [Native] Result timing (time to load 0, time to calc 28562, loaded tiles 178) 
06-28 14:28:17.946 29061  4470 W net.osmand:native: [Native] Memory occupied (Routing context 7705 Kb, search 506 Kb)
06-28 14:28:18.033 29061  4470 I net.osmand:native: Routing calculated time distance 146043.328125
06-28 14:28:18.058 19546 19595 W ResourceType: ResTable_typeSpec entry count inconsistent: given 15, previously 22
06-28 14:28:18.137 29061 29061 I net.osmand: RoutingHelper Recalculate route, because correlation  : 187157.93348874972
06-28 14:28:18.137 29061 29061 I net.osmand: RoutingHelper Recalculate route, because wrong movement direction: 187157.94
06-28 14:28:18.244 29061 29061 I net.osmand: RoutingHelper Recalculate route, because correlation  : 187157.93348874972
06-28 14:28:18.244 29061 29061 I net.osmand: RoutingHelper Recalculate route, because wrong movement direction: 187157.94
06-28 14:28:18.334 29061 29061 I net.osmand: RoutingHelper Recalculate route, because correlation  : 187157.93348874972
06-28 14:28:18.338 29061 29061 I net.osmand: RoutingHelper Recalculate route, because correlation  : 187157.93348874972
06-28 14:28:19.042 29061 29071 I zygote  : Background concurrent copying GC freed 436460(9MB) AllocSpace objects, 0(0B) LOS objects, 17% free, 28MB/34MB, paused 15.992ms total 827.845ms
06-28 14:28:19.167 29061 29061 I net.osmand: RoutingHelper Recalculate route, because correlation  : 187157.93348874972
06-28 14:28:19.167 29061 29061 I net.osmand: RoutingHelper Recalculate route, because wrong movement direction: 187157.94
06-28 14:28:19.238 29061 29061 I net.osmand: RoutingHelper Recalculate route, because correlation  : 187157.93348874972
06-28 14:28:19.759 29061  4470 I net.osmand: RoutePlannerFrontEnd Native routing took 30.811 seconds
06-28 14:28:19.759 29061  4470 I net.osmand: RoutePlannerFrontEnd Native routing use precalculated route
06-28 14:28:19.761 29061  4470 W System.err: Points are not connected : Road id 224875342 name  ref PE-320(1) -> Road id 224875338 name  ref PE-320(4) 13.846911393443373 meters
06-28 14:28:19.978  1603  1620 I WifiService: requestActivityInfo uid=1000
06-28 14:28:19.978  1603  1620 I WifiService: reportActivityInfo uid=1000
06-28 14:28:19.978  1603  1620 I WifiService: getSupportedFeatures uid=1000
06-28 14:28:20.010 29061 29071 I zygote  : Background concurrent copying GC freed 121816(2MB) AllocSpace objects, 0(0B) LOS objects, 15% free, 32MB/38MB, paused 6.411ms total 692.912ms
06-28 14:28:20.084 29061 29061 I net.osmand: RoutingHelper Recalculate route, because correlation  : 187157.54495506798
06-28 14:28:20.085 29061 29061 I net.osmand: RoutingHelper Recalculate route, because wrong movement direction: 187157.55
06-28 14:28:20.199 29061 29061 I net.osmand: RoutingHelper Recalculate route, because correlation  : 187157.54495506798
06-28 14:28:20.205 29061 29061 I net.osmand: RoutingHelper Recalculate route, because correlation  : 187157.54495506798
06-28 14:28:20.205 29061 29061 I net.osmand: RoutingHelper Recalculate route, because wrong movement direction: 187157.55
06-28 14:28:20.285 29061 29061 I net.osmand: RoutingHelper Recalculate route, because correlation  : 187157.54495506798
06-28 14:28:20.753  1603 12888 D WificondControl: Scan result ready event
06-28 14:28:21.174 29061 29061 I net.osmand: RoutingHelper Recalculate route, because correlation  : 187157.54495506798
06-28 14:28:21.174 29061 29061 I net.osmand: RoutingHelper Recalculate route, because wrong movement direction: 187157.55
06-28 14:28:21.243 29061 29061 I net.osmand: RoutingHelper Recalculate route, because correlation  : 187157.54495506798
06-28 14:28:21.517  1603  1620 I WifiService: requestActivityInfo uid=1000
06-28 14:28:21.518  1603  1620 I WifiService: reportActivityInfo uid=1000
06-28 14:28:21.518  1603  1620 I WifiService: getSupportedFeatures uid=1000
06-28 14:28:21.655 29061 29061 I net.osmand: RoutingHelper Recalculate route, because correlation  : 187157.29466464932
06-28 14:28:21.655 29061 29061 I net.osmand: RoutingHelper Recalculate route, because wrong movement direction: 187157.3
06-28 14:28:21.727 29061 29061 I net.osmand: RoutingHelper Recalculate route, because correlation  : 187157.29466464932
06-28 14:28:21.987 29061 29071 I zygote  : Background concurrent copying GC freed 190435(6MB) AllocSpace objects, 0(0B) LOS objects, 13% free, 37MB/43MB, paused 1.027ms total 888.160ms
06-28 14:28:22.166 29061 29061 I net.osmand: RoutingHelper Recalculate route, because correlation  : 187157.29466464932
06-28 14:28:22.166 29061 29061 I net.osmand: RoutingHelper Recalculate route, because wrong movement direction: 187157.3
06-28 14:28:22.237 29061 29061 I net.osmand: RoutingHelper Recalculate route, because correlation  : 187157.29466464932
06-28 14:28:23.089 29061 29071 I zygote  : Background concurrent copying GC freed 354269(10MB) AllocSpace objects, 0(0B) LOS objects, 14% free, 34MB/40MB, paused 1.401ms total 427.868ms
06-28 14:28:23.166 29061 29061 I net.osmand: RoutingHelper Recalculate route, because correlation  : 187157.29466464932
06-28 14:28:23.166 29061 29061 I net.osmand: RoutingHelper Recalculate route, because wrong movement direction: 187157.3
06-28 14:28:23.250 29061 29061 I net.osmand: RoutingHelper Recalculate route, because correlation  : 187157.29466464932
06-28 14:28:23.524 29061 29061 I net.osmand: RoutingHelper Recalculate route, because correlation  : 187157.0854867929
06-28 14:28:23.533 29061 29061 I net.osmand: RoutingHelper Recalculate route, because correlation  : 187157.0854867929
06-28 14:28:23.533 29061 29061 I net.osmand: RoutingHelper Recalculate route, because wrong movement direction: 187157.08
06-28 14:28:24.190 29061 29061 I net.osmand: RoutingHelper Recalculate route, because correlation  : 187157.0854867929
06-28 14:28:24.202 29061 29061 I net.osmand: RoutingHelper Recalculate route, because correlation  : 187157.0854867929
06-28 14:28:24.203 29061 29061 I net.osmand: RoutingHelper Recalculate route, because wrong movement direction: 187157.08
06-28 14:28:24.763 29061 29071 I zygote  : Background concurrent copying GC freed 279111(9MB) AllocSpace objects, 0(0B) LOS objects, 15% free, 33MB/39MB, paused 1.950ms total 787.459ms
06-28 14:28:24.980 29061 29061 I net.osmand: RoutingHelper Recalculate route, because correlation  : 187156.69699223424
06-28 14:28:25.054 29061 29061 I net.osmand: RoutingHelper Recalculate route, because correlation  : 187156.69699223424
06-28 14:28:25.054 29061 29061 I net.osmand: RoutingHelper Recalculate route, because wrong movement direction: 187156.7
06-28 14:28:25.190 29061 29061 I net.osmand: RoutingHelper Recalculate route, because correlation  : 187156.69699223424
06-28 14:28:25.289 29061 29061 I net.osmand: RoutingHelper Recalculate route, because correlation  : 187156.69699223424
06-28 14:28:25.290 29061 29061 I net.osmand: RoutingHelper Recalculate route, because wrong movement direction: 187156.7
06-28 14:28:26.195 29061 29071 I zygote  : Background concurrent copying GC freed 300393(9MB) AllocSpace objects, 0(0B) LOS objects, 15% free, 32MB/38MB, paused 1.017ms total 385.273ms
06-28 14:28:26.203 29061 29061 I net.osmand: RoutingHelper Recalculate route, because correlation  : 187156.69699223424
06-28 14:28:26.203 29061 29061 I net.osmand: RoutingHelper Recalculate route, because wrong movement direction: 187156.7
06-28 14:28:26.276 29061 29061 I net.osmand: RoutingHelper Recalculate route, because correlation  : 187156.69699223424
