06-29 13:32:11.713  1481  7313 W NuPlayerRenderer: getPendingAudioPlayoutDurationUs: pendingUs -1713 < 0, clamping to zero, potential resume after pause writtenAudioDurationUs: 5804, audioSinkPlayedUs: 7517
06-29 13:32:11.738  1481  7313 W AudioTrack: retrograde timestamp position corrected, -256 = 0 - 256
06-29 13:32:11.787  1600  1613 E memtrack: Couldn't load memtrack module
06-29 13:32:11.789  1600  1613 W android.os.Debug: failed to get memory consumption info: -1
06-29 13:32:11.964  1964  7182 I ctxmgr  : [ProducerStatusImpl] updateStateForNewContextData: inactive, contextName=7 [CONTEXT service_id=47 ]
06-29 13:32:12.368  1600  1609 I zygote  : NativeAlloc concurrent copying GC freed 5169(440KB) AllocSpace objects, 0(0B) LOS objects, 31% free, 12MB/18MB, paused 5.203ms total 678.392ms
06-29 13:32:12.455  3472  3472 D net.osmand: RoutingHelper Processed by distance : 0.2575961594816486 54.007886533898585
06-29 13:32:12.538  1964  7350 I Places  : Converted 1 out of 1 WiFi scans
06-29 13:32:12.542  1600  5378 I WifiService: getConnectionInfo uid=10014
06-29 13:32:12.612  3472  3472 I net.osmand: RoutingHelper Recalculate route, because wrong movement direction: 156.83858
06-29 13:32:12.614  3472  3472 D net.osmand: AbstractPrologCommandPlayer abandonAudioFocus
06-29 13:32:12.614  3472  3472 W MaterialProgressBar: Current drawable is not a MaterialProgressDrawable, you may want to set app:mpb_setBothDrawables
06-29 13:32:12.658  3472  3472 I net.osmand: RoutingHelper Recalculate route, because wrong movement direction: 156.83858
06-29 13:32:12.737  3472  7354 I net.osmand: RouteProvider Start finding route from Location[mProvider=gps,mTime=1561815132000,mLatitude=-7.224941666666666,mLongitude=-35.895675,mHasAltitude=false,mAltitude=0.0,mHasSpeed=true,mSpeed=0.0,mHasBearing=true,mBearing=0.0,mHasAccuracy=true,mAccuracy=20.0 to Lat -7.2326345 Lon -35.91311 using OsmAnd (offline)
06-29 13:32:12.737  3472  7354 W net.osmand: RouteProvider Use 341 MB Free 3.2072678 of 28.083466 max 384.0
06-29 13:32:12.786  2923  2955 I Finsky  : [139] imb.run(3): Stats for Executor: bgExecutor ink@81c785d[Running, pool size = 4, active threads = 0, queued tasks = 0, completed tasks = 46]
06-29 13:32:12.815  1964  1973 I zygote  : Do full code cache collection, code=2024KB, data=1249KB
06-29 13:32:12.865  3472  3472 I net.osmand: RoutingHelper Recalculate route, because wrong movement direction: 156.83858
06-29 13:32:12.983  1964  1973 I zygote  : After code cache collection, code=1798KB, data=1027KB
06-29 13:32:13.021  1964  7350 I Places  : ?: PlacesBleScanner start() with priority 2
06-29 13:32:13.028  1964  7350 I PlaceInferenceEngine: [anon] Changed inference mode: 1
06-29 13:32:13.028  1964  7350 I PlaceInferenceEngine: [account#1066226748] Changed inference mode: 1
06-29 13:32:13.337  1964  7350 I Places  : Converted 1 out of 1 WiFi scans
06-29 13:32:13.341  1600  5378 I WifiService: getConnectionInfo uid=10014
06-29 13:32:13.426  1964  7350 I PlaceInferenceEngine: [account#1066226748] Changed inference mode: 1
06-29 13:32:13.427  1964  7350 I PlaceInferenceEngine: [anon] Changed inference mode: 1
06-29 13:32:13.477  3472  3472 I net.osmand: RoutingHelper Recalculate route, because wrong movement direction: 132.2087
06-29 13:32:13.550  1964  1964 E BeaconBle: Missing BluetoothAdapter
06-29 13:32:13.550  1964  1964 I BeaconBle: BLE 'KK+' software access layer enabled
06-29 13:32:13.624  1964  1978 I zygote  : Background concurrent copying GC freed 130849(5MB) AllocSpace objects, 17(1132KB) LOS objects, 31% free, 12MB/18MB, paused 25.273ms total 1.369s
06-29 13:32:13.646  1964  1964 I BeaconBle: Client requested scan, settings=BleSettings [scanMode=ZERO_POWER, callbackType=ALL_MATCHES, reportDelayMillis=0, 1 filters, 0 clients, callingClientName=Places]
06-29 13:32:13.646  1964  1964 I BeaconBle: Scan : No clients left, canceling alarm.
06-29 13:32:13.648  1964  1964 E BeaconBle: Scan couldn't start for Places
06-29 13:32:13.648  1964  1964 W Places  : BLE failure while scanning - code 5
06-29 13:32:13.681  3472  7354 I net.osmand:native: Start point was found 1886269049 [Native]
06-29 13:32:13.721  3472  7354 I net.osmand:native: End point was found 1886269277 [Native]
06-29 13:32:13.762  3472  7354 W net.osmand:native: [Native] Result visited (visited roads 2, visited segments 20 / 0 , queue sizes 25 / 2 ) 
06-29 13:32:13.762  3472  7354 W net.osmand:native: [Native] Result timing (time to load 0, time to calc 40, loaded tiles 22) 
06-29 13:32:13.762  3472  7354 W net.osmand:native: [Native] Memory occupied (Routing context 492 Kb, search 0 Kb)
06-29 13:32:13.764  3472  7354 I net.osmand:native: No route found
06-29 13:32:13.790  3472  7354 I net.osmand: RoutePlannerFrontEnd Native routing took 0.168 seconds
06-29 13:32:13.791  3472  7354 I System.out: ROUTE : 
06-29 13:32:13.794  3472  7354 I net.osmand: RouteResultPreparation <test regions="" description="" best_percent="" vehicle="car" 
06-29 13:32:13.794  3472  7354 I net.osmand:   start_lat="-7.22494" start_lon="-35.89568" target_lat="-7.23263" target_lon="-35.91311"  routing_time="0.00" loadedTiles="22" visitedSegments="2" complete_distance="0.00" complete_time="0.00" >
06-29 13:32:13.794  3472  7354 I System.out: <test regions="" description="" best_percent="" vehicle="car" 
06-29 13:32:13.796  3472  7354 I System.out:   start_lat="-7.22494" start_lon="-35.89568" target_lat="-7.23263" target_lon="-35.91311"  routing_time="0.00" loadedTiles="22" visitedSegments="2" complete_distance="0.00" complete_time="0.00" >
06-29 13:32:13.796  3472  7354 I System.out: </test>
06-29 13:32:13.796  3472  7354 I System.out: <test regions="" description="" best_percent="" vehicle="car" 
06-29 13:32:13.796  3472  7354 I System.out:   start_lat="-7.22494" start_lon="-35.89568" target_lat="-7.23263" target_lon="-35.91311"  routing_time="0.00" loadedTiles="22" visitedSegments="2" complete_distance="0.00" complete_time="0.00" >
06-29 13:32:13.796  3472  7354 I net.osmand: RouteProvider Finding route contained 0 points for 1059 ms
06-29 13:32:13.845  3472  3472 I net.osmand: RoutingHelper Recalculate route, because wrong movement direction: 132.2087
06-29 13:32:13.846  3472  3472 W MaterialProgressBar: Current drawable is not a MaterialProgressDrawable, you may want to set app:mpb_setBothDrawables
06-29 13:32:13.851  3472  7356 I net.osmand: RouteProvider Start finding route from Location[mProvider=gps,mTime=1561815134000,mLatitude=-7.225036666666667,mLongitude=-35.895876666666666,mHasAltitude=false,mAltitude=0.0,mHasSpeed=true,mSpeed=0.0,mHasBearing=true,mBearing=0.0,mHasAccuracy=true,mAccuracy=20.0 to Lat -7.2326345 Lon -35.91311 using OsmAnd (offline)
06-29 13:32:13.855  3472  7356 W net.osmand: RouteProvider Use 338 MB Free 0.336174 of 28.083466 max 384.0
06-29 13:32:14.043  1600  1613 E memtrack: Couldn't load memtrack module
06-29 13:32:14.043  1600  1613 W android.os.Debug: failed to get memory consumption info: -1
06-29 13:32:14.318  1481  7314 I NuPlayerDecoder: [audio] saw output EOS
06-29 13:32:14.319  1481  7313 D AudioTrack: stop() called with 132300 frames delivered
06-29 13:32:14.396  1390  2659 W audio_hw_generic: Not supplying enough data to HAL, expected position 12404912 , only wrote 12404880
06-29 13:32:14.397  1390  2659 W audio_hw_generic: Not supplying enough data to HAL, expected position 12404966 , only wrote 12404880
06-29 13:32:14.415  1390  2659 W audio_hw_generic: Not supplying enough data to HAL, expected position 12405721 , only wrote 12405600
06-29 13:32:14.428  3472  7356 I net.osmand:native: Start point was found 1886269049 [Native]
06-29 13:32:14.462  3472  3482 I zygote  : Background concurrent copying GC freed 186009(8MB) AllocSpace objects, 42(1212KB) LOS objects, 22% free, 20MB/26MB, paused 4.819ms total 855.891ms
06-29 13:32:14.517  1964  7349 I PlaceInferenceEngine: No beacon scan available - ignoring candidates.
06-29 13:32:14.542  1390  2659 W audio_hw_generic: Not supplying enough data to HAL, expected position 12411688 , only wrote 12411360
06-29 13:32:14.543  1390  2659 W audio_hw_generic: Not supplying enough data to HAL, expected position 12411404 , only wrote 12411360
06-29 13:32:14.563  3472  7356 I net.osmand:native: End point was found 1886269277 [Native]
06-29 13:32:14.565  1390  2659 W audio_hw_generic: Not supplying enough data to HAL, expected position 12412452 , only wrote 12412080
06-29 13:32:14.574  3472  7356 W net.osmand:native: [Native] Result visited (visited roads 2, visited segments 20 / 0 , queue sizes 25 / 2 ) 
06-29 13:32:14.575  3472  7356 W net.osmand:native: [Native] Result timing (time to load 0, time to calc 9, loaded tiles 22) 
06-29 13:32:14.575  3472  7356 W net.osmand:native: [Native] Memory occupied (Routing context 492 Kb, search 0 Kb)
06-29 13:32:14.576  3472  7356 I net.osmand:native: No route found
06-29 13:32:14.591  3472  7356 I net.osmand: RoutePlannerFrontEnd Native routing took 0.251 seconds
06-29 13:32:14.592  3472  7356 I System.out: ROUTE : 
06-29 13:32:14.594  3472  7356 I net.osmand: RouteResultPreparation <test regions="" description="" best_percent="" vehicle="car" 
06-29 13:32:14.594  3472  7356 I net.osmand:   start_lat="-7.22504" start_lon="-35.89588" target_lat="-7.23263" target_lon="-35.91311"  routing_time="0.00" loadedTiles="22" visitedSegments="2" complete_distance="0.00" complete_time="0.00" >
06-29 13:32:14.594  3472  7356 I System.out: <test regions="" description="" best_percent="" vehicle="car" 
06-29 13:32:14.595  3472  7356 I System.out:   start_lat="-7.22504" start_lon="-35.89588" target_lat="-7.23263" target_lon="-35.91311"  routing_time="0.00" loadedTiles="22" visitedSegments="2" complete_distance="0.00" complete_time="0.00" >
06-29 13:32:14.595  3472  7356 I System.out: </test>
06-29 13:32:14.595  3472  7356 I System.out: <test regions="" description="" best_percent="" vehicle="car" 
06-29 13:32:14.595  3472  7356 I System.out:   start_lat="-7.22504" start_lon="-35.89588" target_lat="-7.23263" target_lon="-35.91311"  routing_time="0.00" loadedTiles="22" visitedSegments="2" complete_distance="0.00" complete_time="0.00" >
06-29 13:32:14.596  3472  7356 I net.osmand: RouteProvider Finding route contained 0 points for 745 ms
06-29 13:32:14.680  1964  7349 I PlaceInferenceEngine: No beacon scan available - ignoring candidates.
06-29 13:32:14.805  1481  7310 D NuPlayerDriver: notifyListener_l(0xa8ca55b0), (2, 0, 0, -1), loop setting(1, 0)
06-29 13:32:14.846  1481  7314 I NuPlayerDecoder: [OMX.google.vorbis.decoder] resubmitting CSD
06-29 13:32:14.846  1481  7314 I NuPlayerDecoder: [OMX.google.vorbis.decoder] resubmitting CSD
06-29 13:32:14.860  1481  7310 D NuPlayerDriver: notifyListener_l(0xa8ca55b0), (6, 0, 0, -1), loop setting(1, 0)
06-29 13:32:14.880  1473  1561 D AudioFlinger: mixer(0xa6c83380) throttle end: throttle time(5)
06-29 13:32:14.882  1481  7313 W NuPlayerRenderer: getPendingAudioPlayoutDurationUs: pendingUs -1998 < 0, clamping to zero, potential resume after pause writtenAudioDurationUs: 11609, audioSinkPlayedUs: 13607
06-29 13:32:14.919  1481  7313 W AudioTrack: retrograde timestamp position corrected, -511 = 1 - 512
06-29 13:32:14.949  1473  1561 D AudioFlinger: mixer(0xa6c83380) throttle end: throttle time(3)
06-29 13:32:14.968  3472  3472 I net.osmand: RoutingHelper Recalculate route, because wrong movement direction: 156.01547
06-29 13:32:14.968  1481  7313 W AudioTrack: getTimestamp() location moved from kernel to server
06-29 13:32:14.969  3472  3472 D net.osmand: AbstractPrologCommandPlayer abandonAudioFocus
06-29 13:32:14.970  3472  3472 W MaterialProgressBar: Current drawable is not a MaterialProgressDrawable, you may want to set app:mpb_setBothDrawables
06-29 13:32:14.985  3472  7361 I net.osmand: RouteProvider Start finding route from Location[mProvider=gps,mTime=1561815135000,mLatitude=-7.224945000000001,mLongitude=-35.89568166666666,mHasAltitude=false,mAltitude=0.0,mHasSpeed=true,mSpeed=0.0,mHasBearing=true,mBearing=0.0,mHasAccuracy=true,mAccuracy=20.0 to Lat -7.2326345 Lon -35.91311 using OsmAnd (offline)
06-29 13:32:14.985  3472  7361 W net.osmand: RouteProvider Use 344 MB Free 5.953125 of 26.834053 max 384.0
06-29 13:32:14.993  1481  7313 W AudioTrack: retrograde timestamp position corrected, -396 = 1080 - 1476
06-29 13:32:15.218  3472  3472 I net.osmand: RoutingHelper Recalculate route, because wrong movement direction: 132.2087
06-29 13:32:15.519  3472  7361 I net.osmand:native: Start point was found 1886269049 [Native]
06-29 13:32:15.554  3472  7361 I net.osmand:native: End point was found 1886269277 [Native]
06-29 13:32:15.566  3472  7361 W net.osmand:native: [Native] Result visited (visited roads 2, visited segments 20 / 0 , queue sizes 25 / 2 ) 
06-29 13:32:15.566  3472  7361 W net.osmand:native: [Native] Result timing (time to load 0, time to calc 10, loaded tiles 22) 
06-29 13:32:15.566  3472  7361 W net.osmand:native: [Native] Memory occupied (Routing context 492 Kb, search 0 Kb)
06-29 13:32:15.567  3472  7361 I net.osmand:native: No route found
06-29 13:32:15.579  3472  7361 I net.osmand: RoutePlannerFrontEnd Native routing took 0.114 seconds
06-29 13:32:15.580  3472  7361 I System.out: ROUTE : 
06-29 13:32:15.580  3472  7361 I net.osmand: RouteResultPreparation <test regions="" description="" best_percent="" vehicle="car" 
06-29 13:32:15.580  3472  7361 I net.osmand:   start_lat="-7.22495" start_lon="-35.89568" target_lat="-7.23263" target_lon="-35.91311"  routing_time="0.00" loadedTiles="22" visitedSegments="2" complete_distance="0.00" complete_time="0.00" >
06-29 13:32:15.580  3472  7361 I System.out: <test regions="" description="" best_percent="" vehicle="car" 
06-29 13:32:15.580  3472  7361 I System.out:   start_lat="-7.22495" start_lon="-35.89568" target_lat="-7.23263" target_lon="-35.91311"  routing_time="0.00" loadedTiles="22" visitedSegments="2" complete_distance="0.00" complete_time="0.00" >
06-29 13:32:15.581  3472  7361 I System.out: </test>
06-29 13:32:15.581  3472  7361 I System.out: <test regions="" description="" best_percent="" vehicle="car" 
06-29 13:32:15.581  3472  7361 I System.out:   start_lat="-7.22495" start_lon="-35.89568" target_lat="-7.23263" target_lon="-35.91311"  routing_time="0.00" loadedTiles="22" visitedSegments="2" complete_distance="0.00" complete_time="0.00" >
06-29 13:32:15.581  3472  7361 I net.osmand: RouteProvider Finding route contained 0 points for 597 ms
06-29 13:32:15.876  3472  3472 I net.osmand: RoutingHelper Recalculate route, because wrong movement direction: 156.01547
06-29 13:32:15.879  3472  3472 D net.osmand: AbstractPrologCommandPlayer abandonAudioFocus
06-29 13:32:15.881  3472  3472 W MaterialProgressBar: Current drawable is not a MaterialProgressDrawable, you may want to set app:mpb_setBothDrawables
06-29 13:32:15.889  3472  7362 I net.osmand: RouteProvider Start finding route from Location[mProvider=gps,mTime=1561815136000,mLatitude=-7.224945000000001,mLongitude=-35.89568166666666,mHasAltitude=false,mAltitude=0.0,mHasSpeed=true,mSpeed=0.0,mHasBearing=true,mBearing=0.0,mHasAccuracy=true,mAccuracy=20.0 to Lat -7.2326345 Lon -35.91311 using OsmAnd (offline)
06-29 13:32:15.900  3472  7362 W net.osmand: RouteProvider Use 342 MB Free 3.0820312 of 26.834053 max 384.0
06-29 13:32:16.329  3472  3472 I net.osmand: RoutingHelper Recalculate route, because wrong movement direction: 156.01547
06-29 13:32:16.432  7357  7357 D AndroidRuntime: >>>>>> START com.android.internal.os.RuntimeInit uid 2000 <<<<<<
06-29 13:32:16.435  3472  7362 I net.osmand:native: Start point was found 1886269049 [Native]
06-29 13:32:16.447  7357  7357 W app_process: Could not reserve sentinel fault page
06-29 13:32:16.477  3472  7362 I net.osmand:native: End point was found 1886269277 [Native]
06-29 13:32:16.492  3472  7362 W net.osmand:native: [Native] Result visited (visited roads 2, visited segments 20 / 0 , queue sizes 25 / 2 ) 
06-29 13:32:16.492  3472  7362 W net.osmand:native: [Native] Result timing (time to load 4, time to calc 13, loaded tiles 22) 
06-29 13:32:16.492  3472  7362 W net.osmand:native: [Native] Memory occupied (Routing context 492 Kb, search 0 Kb)
06-29 13:32:16.505  3472  7362 I net.osmand:native: No route found
06-29 13:32:16.527  3472  7362 I net.osmand: RoutePlannerFrontEnd Native routing took 0.267 seconds
06-29 13:32:16.528  3472  7362 I System.out: ROUTE : 
06-29 13:32:16.528  3472  7362 I net.osmand: RouteResultPreparation <test regions="" description="" best_percent="" vehicle="car" 
06-29 13:32:16.528  3472  7362 I net.osmand:   start_lat="-7.22495" start_lon="-35.89568" target_lat="-7.23263" target_lon="-35.91311"  routing_time="0.00" loadedTiles="22" visitedSegments="2" complete_distance="0.00" complete_time="0.00" >
06-29 13:32:16.528  3472  7362 I System.out: <test regions="" description="" best_percent="" vehicle="car" 
06-29 13:32:16.528  3472  7362 I System.out:   start_lat="-7.22495" start_lon="-35.89568" target_lat="-7.23263" target_lon="-35.91311"  routing_time="0.00" loadedTiles="22" visitedSegments="2" complete_distance="0.00" complete_time="0.00" >
06-29 13:32:16.528  3472  7362 I System.out: </test>
06-29 13:32:16.528  3472  7362 I System.out: <test regions="" description="" best_percent="" vehicle="car" 
06-29 13:32:16.528  3472  7362 I System.out:   start_lat="-7.22495" start_lon="-35.89568" target_lat="-7.23263" target_lon="-35.91311"  routing_time="0.00" loadedTiles="22" visitedSegments="2" complete_distance="0.00" complete_time="0.00" >
06-29 13:32:16.529  3472  7362 I net.osmand: RouteProvider Finding route contained 0 points for 639 ms
06-29 13:32:16.678  7357  7357 W app_process: Unexpected CPU variant for X86 using defaults: x86
06-29 13:32:16.693  7357  7357 I app_process: The ClassLoaderContext is a special shared library.
06-29 13:32:16.734  3472  3482 I zygote  : Background concurrent copying GC freed 177773(8MB) AllocSpace objects, 33(708KB) LOS objects, 25% free, 17MB/23MB, paused 2.847ms total 510.111ms
06-29 13:32:16.799  7357  7357 D AndroidRuntime: Calling main entry com.android.commands.monkey.Monkey
06-29 13:32:16.801  7357  7357 W Monkey  : args: [-p, com.skgames.trafficrider, -c, android.intent.category.LAUNCHER, 1]
06-29 13:32:16.802  7357  7357 W Monkey  :  arg: "-p"
06-29 13:32:16.803  7357  7357 W Monkey  :  arg: "com.skgames.trafficrider"
06-29 13:32:16.804  7357  7357 W Monkey  :  arg: "-c"
06-29 13:32:16.804  7357  7357 W Monkey  :  arg: "android.intent.category.LAUNCHER"
06-29 13:32:16.805  7357  7357 W Monkey  :  arg: "1"
06-29 13:32:16.805  7357  7357 W Monkey  : data="com.skgames.trafficrider"
06-29 13:32:16.805  7357  7357 W Monkey  : data="android.intent.category.LAUNCHER"
06-29 13:32:16.848  3472  3472 I net.osmand: RoutingHelper Recalculate route, because wrong movement direction: 156.01547
06-29 13:32:16.849  3472  3472 W MaterialProgressBar: Current drawable is not a MaterialProgressDrawable, you may want to set app:mpb_setBothDrawables
06-29 13:32:16.853  3472  7371 I net.osmand: RouteProvider Start finding route from Location[mProvider=gps,mTime=1561815137000,mLatitude=-7.224945000000001,mLongitude=-35.89568166666666,mHasAltitude=false,mAltitude=0.0,mHasSpeed=true,mSpeed=0.0,mHasBearing=true,mBearing=0.0,mHasAccuracy=true,mAccuracy=20.0 to Lat -7.2326345 Lon -35.91311 using OsmAnd (offline)
06-29 13:32:16.857  3472  7371 W net.osmand: RouteProvider Use 348 MB Free 5.984375 of 23.312408 max 384.0
06-29 13:32:16.903  1600  1614 W BroadcastQueue: Skipping deliver [background] BroadcastRecord{340f4b9 u-1 android.net.conn.CONNECTIVITY_CHANGE} to ReceiverList{d4ec0fe 7357 (unknown name)/2000/u-1 remote:6bcb703}: process gone or crashing
06-29 13:32:17.018  1600  2369 I ActivityManager: START u0 {act=android.intent.action.MAIN cat=[android.intent.category.LAUNCHER] flg=0x10200000 cmp=com.skgames.trafficrider/com.prime31.UnityPlayerNativeActivity} from uid 2000
06-29 13:32:17.019  1600  2369 W Binder  : Outgoing transactions from this process must be FLAG_ONEWAY
06-29 13:32:17.019  1600  2369 W Binder  : java.lang.Throwable
06-29 13:32:17.019  1600  2369 W Binder  : 	at android.os.BinderProxy.transact(Binder.java:752)
06-29 13:32:17.019  1600  2369 W Binder  : 	at android.app.IActivityController$Stub$Proxy.activityStarting(IActivityController.java:172)
06-29 13:32:17.019  1600  2369 W Binder  : 	at com.android.server.am.ActivityStarter.startActivity(ActivityStarter.java:449)
06-29 13:32:17.019  1600  2369 W Binder  : 	at com.android.server.am.ActivityStarter.startActivityLocked(ActivityStarter.java:278)
06-29 13:32:17.019  1600  2369 W Binder  : 	at com.android.server.am.ActivityStarter.startActivityMayWait(ActivityStarter.java:817)
06-29 13:32:17.019  1600  2369 W Binder  : 	at com.android.server.am.ActivityManagerService.startActivityAsUser(ActivityManagerService.java:4532)
06-29 13:32:17.019  1600  2369 W Binder  : 	at com.android.server.am.ActivityManagerService.startActivity(ActivityManagerService.java:4519)
06-29 13:32:17.019  1600  2369 W Binder  : 	at android.app.IActivityManager$Stub.onTransact(IActivityManager.java:121)
06-29 13:32:17.019  1600  2369 W Binder  : 	at com.android.server.am.ActivityManagerService.onTransact(ActivityManagerService.java:2919)
06-29 13:32:17.019  1600  2369 W Binder  : 	at android.os.Binder.execTransact(Binder.java:697)
06-29 13:32:17.066  7357  7357 I Monkey  : Events injected: 1
06-29 13:32:17.101  1600  1863 I ActivityManager: Start proc 7372:com.skgames.trafficrider/u0a81 for activity com.skgames.trafficrider/com.prime31.UnityPlayerNativeActivity
06-29 13:32:17.118  1398  1434 D gralloc_ranchu: gralloc_alloc: Creating ashmem region of size 8298496
06-29 13:32:17.139  7372  7372 W zygote  : Unexpected CPU variant for X86 using defaults: x86
06-29 13:32:17.168  1408  1408 E EGL_emulation: tid 1408: eglCreateSyncKHR(1962): error 0x3004 (EGL_BAD_ATTRIBUTE)
06-29 13:32:17.178  1600  1647 W LocalDisplayAdapter: Unable to find color mode 0, ignoring request.
06-29 13:32:17.266  2629  2884 D EGL_emulation: eglMakeCurrent: 0xa61b6ce0: ver 2 0 (tinfo 0xa619b690)
06-29 13:32:17.273  1600  2369 I ActivityManager: Config changes=480 {1.0 310mcc260mnc [en_US] ldltr sw411dp w683dp h387dp 420dpi nrml land finger qwerty/v/v -nav/h appBounds=Rect(0, 0 - 1794, 1080) s.11}
06-29 13:32:17.415  3472  7371 I net.osmand:native: Start point was found 1886269049 [Native]
06-29 13:32:17.459  3472  7371 I net.osmand:native: End point was found 1886269277 [Native]
06-29 13:32:17.522  1481  7314 I NuPlayerDecoder: [audio] saw output EOS
06-29 13:32:17.524  1481  7313 D AudioTrack: stop() called with 132300 frames delivered
06-29 13:32:17.535  1600  2369 I ActivityManager: Override config changes=480 {1.0 310mcc260mnc [en_US] ldltr sw411dp w683dp h387dp 420dpi nrml land finger qwerty/v/v -nav/h appBounds=Rect(0, 0 - 1794, 1080) s.11} for displayId=0
06-29 13:32:17.688  1473  1561 D AudioFlinger: mixer(0xa6c83380) throttle end: throttle time(7)
06-29 13:32:17.808  1600  2369 W ActivityManager: Slow operation: 570ms so far, now at attachApplicationLocked: after mServices.attachApplicationLocked
06-29 13:32:17.810  1600  1647 W LocalDisplayAdapter: Unable to find color mode 0, ignoring request.
06-29 13:32:17.813  1600  1647 I Choreographer: Skipped 43 frames!  The application may be doing too much work on its main thread.
06-29 13:32:17.820  1600  1662 I InputReader: Reconfiguring input devices.  changes=0x00000004
06-29 13:32:17.822  1600  1662 I InputReader: Device reconfigured: id=0, name='qwerty2', size 1080x1920, orientation 1, mode 1, display id 0
06-29 13:32:17.824  1600  1662 I InputReader: Reconfiguring input devices.  changes=0x00000004
06-29 13:32:17.826  1600  1662 I InputReader: Reconfiguring input devices.  changes=0x00000004
06-29 13:32:17.837  1398  1434 D gralloc_ranchu: gralloc_alloc: Creating ashmem region of size 8298496
06-29 13:32:17.843  1600  1615 W Looper  : Dispatch took 228ms on android.ui, h=Handler (com.android.server.am.ActivityManagerService$UiHandler) {bce2944} cb=null msg=31
06-29 13:32:17.850  1704  1704 I Choreographer: Skipped 37 frames!  The application may be doing too much work on its main thread.
06-29 13:32:17.853  2118  2184 D EGL_emulation: eglMakeCurrent: 0x8b867100: ver 2 0 (tinfo 0x8b8707f0)
06-29 13:32:17.889  7357  7357 I Monkey  : ## Network stats: elapsed time=195ms (0ms mobile, 0ms wifi, 195ms not connected)
06-29 13:32:17.920  3472  7371 W net.osmand:native: [Native] Result visited (visited roads 2, visited segments 20 / 0 , queue sizes 25 / 2 ) 
06-29 13:32:17.920  3472  7371 W net.osmand:native: [Native] Result timing (time to load 0, time to calc 459, loaded tiles 22) 
06-29 13:32:17.920  3472  7371 W net.osmand:native: [Native] Memory occupied (Routing context 492 Kb, search 0 Kb)
06-29 13:32:17.921  3472  7371 I net.osmand:native: No route found
06-29 13:32:17.949  1481  7310 D NuPlayerDriver: notifyListener_l(0xa8ca55b0), (2, 0, 0, -1), loop setting(1, 0)
06-29 13:32:17.958  3472  7371 I net.osmand: RoutePlannerFrontEnd Native routing took 0.596 seconds
06-29 13:32:17.958  3472  7371 I System.out: ROUTE : 
06-29 13:32:17.958  3472  7371 I net.osmand: RouteResultPreparation <test regions="" description="" best_percent="" vehicle="car" 
06-29 13:32:17.958  3472  7371 I net.osmand:   start_lat="-7.22495" start_lon="-35.89568" target_lat="-7.23263" target_lon="-35.91311"  routing_time="0.00" loadedTiles="22" visitedSegments="2" complete_distance="0.00" complete_time="0.00" >
06-29 13:32:17.959  3472  7371 I System.out: <test regions="" description="" best_percent="" vehicle="car" 
06-29 13:32:17.959  3472  7371 I System.out:   start_lat="-7.22495" start_lon="-35.89568" target_lat="-7.23263" target_lon="-35.91311"  routing_time="0.00" loadedTiles="22" visitedSegments="2" complete_distance="0.00" complete_time="0.00" >
06-29 13:32:17.959  3472  7371 I System.out: </test>
06-29 13:32:17.959  3472  7371 I System.out: <test regions="" description="" best_percent="" vehicle="car" 
06-29 13:32:17.959  3472  7371 I System.out:   start_lat="-7.22495" start_lon="-35.89568" target_lat="-7.23263" target_lon="-35.91311"  routing_time="0.00" loadedTiles="22" visitedSegments="2" complete_distance="0.00" complete_time="0.00" >
06-29 13:32:17.959  3472  7371 I net.osmand: RouteProvider Finding route contained 0 points for 1108 ms
06-29 13:32:17.967  1390  2659 W audio_hw_generic: Hardware backing HAL too slow, could only write 0 of 720 frames
06-29 13:32:17.983  1390  2659 I chatty  : uid=1041(audioserver) writer identical 1 line
06-29 13:32:17.998  1390  2659 W audio_hw_generic: Hardware backing HAL too slow, could only write 0 of 720 frames
06-29 13:32:18.019  1481  7314 I NuPlayerDecoder: [OMX.google.vorbis.decoder] resubmitting CSD
06-29 13:32:18.021  1481  7314 I NuPlayerDecoder: [OMX.google.vorbis.decoder] resubmitting CSD
06-29 13:32:18.050  1481  7310 D NuPlayerDriver: notifyListener_l(0xa8ca55b0), (6, 0, 0, -1), loop setting(1, 0)
06-29 13:32:18.054  1600  1615 W Looper  : Dispatch took 208ms on android.ui, h=Handler (com.android.server.policy.PhoneWindowManager$PolicyHandler) {dca4410} cb=android.database.ContentObserver$NotificationRunnable@92b65ae msg=0
06-29 13:32:18.058  1390  2659 W audio_hw_generic: Hardware backing HAL too slow, could only write 0 of 720 frames
06-29 13:32:18.118  1390  2659 I chatty  : uid=1041(audioserver) writer identical 4 lines
06-29 13:32:18.133  1390  2659 W audio_hw_generic: Hardware backing HAL too slow, could only write 0 of 720 frames
06-29 13:32:18.143  1600  1662 I InputReader: Reconfiguring input devices.  changes=0x00000004
06-29 13:32:18.149  1390  2659 W audio_hw_generic: Hardware backing HAL too slow, could only write 0 of 720 frames
06-29 13:32:18.193  1390  2659 I chatty  : uid=1041(audioserver) writer identical 3 lines
06-29 13:32:18.209  1390  2659 W audio_hw_generic: Hardware backing HAL too slow, could only write 0 of 720 frames
06-29 13:32:18.322  7357  7357 I com.android.commands.monkey: System.exit called, status: 0
06-29 13:32:18.322  7357  7357 I AndroidRuntime: VM exiting with result code 0.
06-29 13:32:18.403  1398  1434 D gralloc_ranchu: gralloc_alloc: Creating ashmem region of size 544768
06-29 13:32:18.476  3472  3472 I net.osmand: RoutingHelper Recalculate route, because wrong movement direction: 131.46199
06-29 13:32:18.477  3472  3472 W MaterialProgressBar: Current drawable is not a MaterialProgressDrawable, you may want to set app:mpb_setBothDrawables
06-29 13:32:18.498  1704  1929 D EGL_emulation: eglMakeCurrent: 0x9e4046c0: ver 2 0 (tinfo 0x9e403690)
06-29 13:32:18.509  3472  7388 I net.osmand: RouteProvider Start finding route from Location[mProvider=gps,mTime=1561815138000,mLatitude=-7.225038333333333,mLongitude=-35.89588333333334,mHasAltitude=false,mAltitude=0.0,mHasSpeed=true,mSpeed=0.0,mHasBearing=true,mBearing=0.0,mHasAccuracy=true,mAccuracy=20.0 to Lat -7.2326345 Lon -35.91311 using OsmAnd (offline)
06-29 13:32:18.518  1398  1434 D gralloc_ranchu: gralloc_alloc: Creating ashmem region of size 544768
06-29 13:32:18.537  1704  1929 D EGL_emulation: eglMakeCurrent: 0x9e4046c0: ver 2 0 (tinfo 0x9e403690)
06-29 13:32:18.664  3472  7388 W net.osmand: RouteProvider Use 345 MB Free 3.128601 of 23.312408 max 384.0
06-29 13:32:18.815  1390  2659 W audio_hw_generic: Not supplying enough data to HAL, expected position 12616056 , only wrote 12615120
06-29 13:32:18.826  1481  7313 W AudioTrack: getTimestamp() location moved from kernel to server
06-29 13:32:18.827  1390  2659 W audio_hw_generic: Not supplying enough data to HAL, expected position 12615706 , only wrote 12615120
06-29 13:32:18.844  1390  2659 W audio_hw_generic: Not supplying enough data to HAL, expected position 12615922 , only wrote 12615840
06-29 13:32:18.894  1390  2659 W audio_hw_generic: Hardware backing HAL too slow, could only write 0 of 720 frames
06-29 13:32:18.949  1600  5707 W LocalDisplayAdapter: Unable to find color mode 0, ignoring request.
06-29 13:32:18.924  1390  2659 I chatty  : uid=1041(audioserver) writer identical 2 lines
06-29 13:32:18.953  1390  2659 W audio_hw_generic: Hardware backing HAL too slow, could only write 0 of 720 frames
06-29 13:32:18.967  1600  1662 I InputReader: Reconfiguring input devices.  changes=0x00000004
06-29 13:32:18.968  1390  2659 W audio_hw_generic: Hardware backing HAL too slow, could only write 0 of 720 frames
06-29 13:32:18.987  1704  1704 D EGL_emulation: eglCreateContext: 0x8ab99f40: maj 2 min 0 rcv 2
06-29 13:32:18.995  1704  1704 D EGL_emulation: eglMakeCurrent: 0x8ab99f40: ver 2 0 (tinfo 0x8999d150)
06-29 13:32:19.001  1398  1434 D gralloc_ranchu: gralloc_alloc: Creating ashmem region of size 9547776
06-29 13:32:19.047  1704  1704 D EGL_emulation: eglMakeCurrent: 0x8ab99f40: ver 2 0 (tinfo 0x8999d150)
06-29 13:32:19.079  1600  1621 W WindowManager: Window freeze timeout expired.
06-29 13:32:19.079  1600  1621 W WindowManager: Force clearing orientation change: Window{a7ee748 u0 StatusBar}
06-29 13:32:19.080  1600  1621 W WindowManager: Force clearing orientation change: Window{a4966f3 u0 Splash Screen com.skgames.trafficrider}
06-29 13:32:19.103  1600  1621 W WindowManager: Force clearing orientation change: Window{603878f u0 com.android.systemui.ImageWallpaper}
06-29 13:32:19.108  3472  3472 I net.osmand: RoutingHelper Recalculate route, because wrong movement direction: 131.46199
06-29 13:32:19.145  7372  7372 I Prime31 : found Activity proxy class: class com.prime31.PlayGameServicesPlugin
06-29 13:32:19.156  7372  7372 I Prime31 : found Activity proxy class: class com.prime31.EtceteraPlugin
06-29 13:32:19.157  7372  7372 I Prime31 : force checked for decor view: DecorView@a005a45[]
06-29 13:32:19.157  7372  7372 I Prime31 : onCreate. calling through to init
06-29 13:32:19.163  7372  7372 I Prime31 : leaving CLIENT_SNAPSHOT support in requested clients
06-29 13:32:19.191  1398  1434 D gralloc_ranchu: gralloc_alloc: Creating ashmem region of size 9547776
06-29 13:32:19.192  7372  7372 D Prime31-GH: GameHelper: Debug log enabled.
06-29 13:32:19.193  7372  7372 D Prime31-GH: GameHelper: Forcing mConnectOnStart=false
06-29 13:32:19.193  7372  7372 I Prime31 : setting connectOnStart to false due to Play SDK bug where silent authentication is not always silent and displays some UI.
06-29 13:32:19.198  7372  7372 I Prime31 : init. calling through to GameHelper.setup
06-29 13:32:19.248  7372  7372 I zygote  : Rejecting re-init on previously-failed class java.lang.Class<android.support.v4.app.SupportActivity>: java.lang.NoClassDefFoundError: Failed resolution of: Landroid/arch/lifecycle/LifecycleOwner;
06-29 13:32:19.248  7372  7372 I zygote  :   at com.google.android.gms.common.api.GoogleApiClient$Builder com.prime31.GameHelper.createApiClientBuilder() (GameHelper.java:272)
06-29 13:32:19.249  7372  7372 I zygote  :   at void com.prime31.GameHelper.setup(com.prime31.GameHelper$GameHelperListener) (GameHelper.java:320)
06-29 13:32:19.249  7372  7372 I zygote  :   at void com.prime31.PlayGameServicesPlugin.initImpl() (PlayGameServicesPlugin.java:842)
06-29 13:32:19.249  7372  7372 I zygote  :   at void com.prime31.PlayGameServicesPlugin.onCreate(android.os.Bundle) (PlayGameServicesPlugin.java:576)
06-29 13:32:19.249  7372  7372 I zygote  :   at java.lang.Object java.lang.reflect.Method.invoke(java.lang.Object, java.lang.Object[]) (Method.java:-2)
06-29 13:32:19.249  7372  7372 I zygote  :   at void com.prime31.ActivityProxyObjectHelper.onCreate(android.os.Bundle) (ActivityProxyObjectHelper.java:81)
06-29 13:32:19.249  7372  7372 I zygote  :   at void com.prime31.UnityPlayerNativeActivity.onCreate(android.os.Bundle) (UnityPlayerNativeActivity.java:24)
06-29 13:32:19.249  7372  7372 I zygote  :   at void android.app.Activity.performCreate(android.os.Bundle, android.os.PersistableBundle) (Activity.java:7009)
06-29 13:32:19.250  7372  7372 I zygote  :   at void android.app.Activity.performCreate(android.os.Bundle) (Activity.java:7000)
06-29 13:32:19.250  7372  7372 I zygote  :   at void android.app.Instrumentation.callActivityOnCreate(android.app.Activity, android.os.Bundle) (Instrumentation.java:1214)
06-29 13:32:19.250  7372  7372 I zygote  :   at android.app.Activity android.app.ActivityThread.performLaunchActivity(android.app.ActivityThread$ActivityClientRecord, android.content.Intent) (ActivityThread.java:2731)
06-29 13:32:19.250  7372  7372 I zygote  :   at void android.app.ActivityThread.handleLaunchActivity(android.app.ActivityThread$ActivityClientRecord, android.content.Intent, java.lang.String) (ActivityThread.java:2856)
06-29 13:32:19.250  7372  7372 I zygote  :   at void android.app.ActivityThread.-wrap11(android.app.ActivityThread, android.app.ActivityThread$ActivityClientRecord, android.content.Intent, java.lang.String) (ActivityThread.java:-1)
06-29 13:32:19.251  7372  7372 I zygote  :   at void android.app.ActivityThread$H.handleMessage(android.os.Message) (ActivityThread.java:1589)
06-29 13:32:19.251  7372  7372 I zygote  :   at void android.os.Handler.dispatchMessage(android.os.Message) (Handler.java:106)
06-29 13:32:19.251  7372  7372 I zygote  :   at void android.os.Looper.loop() (Looper.java:164)
06-29 13:32:19.251  7372  7372 I zygote  :   at void android.app.ActivityThread.main(java.lang.String[]) (ActivityThread.java:6494)
06-29 13:32:19.251  7372  7372 I zygote  :   at java.lang.Object java.lang.reflect.Method.invoke(java.lang.Object, java.lang.Object[]) (Method.java:-2)
06-29 13:32:19.251  7372  7372 I zygote  :   at void com.android.internal.os.RuntimeInit$MethodAndArgsCaller.run() (RuntimeInit.java:438)
06-29 13:32:19.251  7372  7372 I zygote  :   at void com.android.internal.os.ZygoteInit.main(java.lang.String[]) (ZygoteInit.java:807)
06-29 13:32:19.252  7372  7372 I zygote  : Caused by: java.lang.ClassNotFoundException: Didn't find class "android.arch.lifecycle.LifecycleOwner" on path: DexPathList[[zip file "/data/app/com.skgames.trafficrider-8MkMJgIy5hnw5CqDvUue2A==/base.apk"],nativeLibraryDirectories=[/data/app/com.skgames.trafficrider-8MkMJgIy5hnw5CqDvUue2A==/lib/x86, /data/app/com.skgames.trafficrider-8MkMJgIy5hnw5CqDvUue2A==/base.apk!/lib/x86, /system/lib, /vendor/lib]]
06-29 13:32:19.252  7372  7372 I zygote  :   at java.lang.Class dalvik.system.BaseDexClassLoader.findClass(java.lang.String) (BaseDexClassLoader.java:125)
06-29 13:32:19.252  7372  7372 I zygote  :   at java.lang.Class java.lang.ClassLoader.loadClass(java.lang.String, boolean) (ClassLoader.java:379)
06-29 13:32:19.252  7372  7372 I zygote  :   at java.lang.Class java.lang.ClassLoader.loadClass(java.lang.String) (ClassLoader.java:312)
06-29 13:32:19.252  7372  7372 I zygote  :   at com.google.android.gms.common.api.GoogleApiClient$Builder com.prime31.GameHelper.createApiClientBuilder() (GameHelper.java:272)
06-29 13:32:19.252  7372  7372 I zygote  :   at void com.prime31.GameHelper.setup(com.prime31.GameHelper$GameHelperListener) (GameHelper.java:320)
06-29 13:32:19.252  7372  7372 I zygote  :   at void com.prime31.PlayGameServicesPlugin.initImpl() (PlayGameServicesPlugin.java:842)
06-29 13:32:19.252  7372  7372 I zygote  :   at void com.prime31.PlayGameServicesPlugin.onCreate(android.os.Bundle) (PlayGameServicesPlugin.java:576)
06-29 13:32:19.252  7372  7372 I zygote  :   at java.lang.Object java.lang.reflect.Method.invoke(java.lang.Object, java.lang.Object[]) (Method.java:-2)
06-29 13:32:19.252  7372  7372 I zygote  :   at void com.prime31.ActivityProxyObjectHelper.onCreate(android.os.Bundle) (ActivityProxyObjectHelper.java:81)
06-29 13:32:19.252  7372  7372 I zygote  :   at void com.prime31.UnityPlayerNativeActivity.onCreate(android.os.Bundle) (UnityPlayerNativeActivity.java:24)
06-29 13:32:19.252  7372  7372 I zygote  :   at void android.app.Activity.performCreate(android.os.Bundle, android.os.PersistableBundle) (Activity.java:7009)
06-29 13:32:19.252  7372  7372 I zygote  :   at void android.app.Activity.performCreate(android.os.Bundle) (Activity.java:7000)
06-29 13:32:19.252  7372  7372 I zygote  :   at void android.app.Instrumentation.callActivityOnCreate(android.app.Activity, android.os.Bundle) (Instrumentation.java:1214)
06-29 13:32:19.252  7372  7372 I zygote  :   at android.app.Activity android.app.ActivityThread.performLaunchActivity(android.app.ActivityThread$ActivityClientRecord, android.content.Intent) (ActivityThread.java:2731)
06-29 13:32:19.252  7372  7372 I zygote  :   at void android.app.ActivityThread.handleLaunchActivity(android.app.ActivityThread$ActivityClientRecord, android.content.Intent, java.lang.String) (ActivityThread.java:2856)
06-29 13:32:19.252  7372  7372 I zygote  :   at void android.app.ActivityThread.-wrap11(android.app.ActivityThread, android.app.ActivityThread$ActivityClientRecord, android.content.Intent, java.lang.String) (ActivityThread.java:-1)
06-29 13:32:19.252  7372  7372 I zygote  :   at void android.app.ActivityThread$H.handleMessage(android.os.Message) (ActivityThread.java:1589)
06-29 13:32:19.254  7372  7372 I zygote  :   at void android.os.Handler.dispatchMessage(android.os.Message) (Handler.java:106)
06-29 13:32:19.254  7372  7372 I zygote  :   at void android.os.Looper.loop() (Looper.java:164)
06-29 13:32:19.254  7372  7372 I zygote  :   at void android.app.ActivityThread.main(java.lang.String[]) (ActivityThread.java:6494)
06-29 13:32:19.254  7372  7372 I zygote  :   at java.lang.Object java.lang.reflect.Method.invoke(java.lang.Object, java.lang.Object[]) (Method.java:-2)
06-29 13:32:19.255  7372  7372 I zygote  :   at void com.android.internal.os.RuntimeInit$MethodAndArgsCaller.run() (RuntimeInit.java:438)
06-29 13:32:19.255  7372  7372 I zygote  :   at void com.android.internal.os.ZygoteInit.main(java.lang.String[]) (ZygoteInit.java:807)
06-29 13:32:19.255  7372  7372 I zygote  : 
06-29 13:32:19.255  7372  7372 I zygote  : Rejecting re-init on previously-failed class java.lang.Class<android.support.v4.app.BaseFragmentActivityApi14>: java.lang.NoClassDefFoundError: Failed resolution of: Landroid/support/v4/app/SupportActivity;
06-29 13:32:19.256  7372  7372 I zygote  :   at com.google.android.gms.common.api.GoogleApiClient$Builder com.prime31.GameHelper.createApiClientBuilder() (GameHelper.java:272)
06-29 13:32:19.256  7372  7372 I zygote  :   at void com.prime31.GameHelper.setup(com.prime31.GameHelper$GameHelperListener) (GameHelper.java:320)
06-29 13:32:19.256  7372  7372 I zygote  :   at void com.prime31.PlayGameServicesPlugin.initImpl() (PlayGameServicesPlugin.java:842)
06-29 13:32:19.256  7372  7372 I zygote  :   at void com.prime31.PlayGameServicesPlugin.onCreate(android.os.Bundle) (PlayGameServicesPlugin.java:576)
06-29 13:32:19.256  7372  7372 I zygote  :   at java.lang.Object java.lang.reflect.Method.invoke(java.lang.Object, java.lang.Object[]) (Method.java:-2)
06-29 13:32:19.256  7372  7372 I zygote  :   at void com.prime31.ActivityProxyObjectHelper.onCreate(android.os.Bundle) (ActivityProxyObjectHelper.java:81)
06-29 13:32:19.256  7372  7372 I zygote  :   at void com.prime31.UnityPlayerNativeActivity.onCreate(android.os.Bundle) (UnityPlayerNativeActivity.java:24)
06-29 13:32:19.257  7372  7372 I zygote  :   at void android.app.Activity.performCreate(android.os.Bundle, android.os.PersistableBundle) (Activity.java:7009)
06-29 13:32:19.257  7372  7372 I zygote  :   at void android.app.Activity.performCreate(android.os.Bundle) (Activity.java:7000)
06-29 13:32:19.257  7372  7372 I zygote  :   at void android.app.Instrumentation.callActivityOnCreate(android.app.Activity, android.os.Bundle) (Instrumentation.java:1214)
06-29 13:32:19.258  7372  7372 I zygote  :   at android.app.Activity android.app.ActivityThread.performLaunchActivity(android.app.ActivityThread$ActivityClientRecord, android.content.Intent) (ActivityThread.java:2731)
06-29 13:32:19.259  7372  7372 I zygote  :   at void android.app.ActivityThread.handleLaunchActivity(android.app.ActivityThread$ActivityClientRecord, android.content.Intent, java.lang.String) (ActivityThread.java:2856)
06-29 13:32:19.260  7372  7372 I zygote  :   at void android.app.ActivityThread.-wrap11(android.app.ActivityThread, android.app.ActivityThread$ActivityClientRecord, android.content.Intent, java.lang.String) (ActivityThread.java:-1)
06-29 13:32:19.260  7372  7372 I zygote  :   at void android.app.ActivityThread$H.handleMessage(android.os.Message) (ActivityThread.java:1589)
06-29 13:32:19.260  7372  7372 I zygote  :   at void android.os.Handler.dispatchMessage(android.os.Message) (Handler.java:106)
06-29 13:32:19.260  7372  7372 I zygote  :   at void android.os.Looper.loop() (Looper.java:164)
06-29 13:32:19.260  7372  7372 I zygote  :   at void android.app.ActivityThread.main(java.lang.String[]) (ActivityThread.java:6494)
06-29 13:32:19.260  7372  7372 I zygote  :   at java.lang.Object java.lang.reflect.Method.invoke(java.lang.Object, java.lang.Object[]) (Method.java:-2)
06-29 13:32:19.260  7372  7372 I zygote  :   at void com.android.internal.os.RuntimeInit$MethodAndArgsCaller.run() (RuntimeInit.java:438)
06-29 13:32:19.260  7372  7372 I zygote  :   at void com.android.internal.os.ZygoteInit.main(java.lang.String[]) (ZygoteInit.java:807)
06-29 13:32:19.260  7372  7372 I zygote  : Caused by: java.lang.ClassNotFoundException: android.support.v4.app.SupportActivity
06-29 13:32:19.260  7372  7372 I zygote  :   at java.lang.Class java.lang.VMClassLoader.findLoadedClass(java.lang.ClassLoader, java.lang.String) (VMClassLoader.java:-2)
06-29 13:32:19.260  7372  7372 I zygote  :   at java.lang.Class java.lang.ClassLoader.findLoadedClass(java.lang.String) (ClassLoader.java:738)
06-29 13:32:19.260  7372  7372 I zygote  :   at java.lang.Class java.lang.ClassLoader.loadClass(java.lang.String, boolean) (ClassLoader.java:363)
06-29 13:32:19.260  7372  7372 I zygote  :   at java.lang.Class java.lang.ClassLoader.loadClass(java.lang.String) (ClassLoader.java:312)
06-29 13:32:19.260  7372  7372 I zygote  :   at com.google.android.gms.common.api.GoogleApiClient$Builder com.prime31.GameHelper.createApiClientBuilder() (GameHelper.java:272)
06-29 13:32:19.260  7372  7372 I zygote  :   at void com.prime31.GameHelper.setup(com.prime31.GameHelper$GameHelperListener) (GameHelper.java:320)
06-29 13:32:19.260  7372  7372 I zygote  :   at void com.prime31.PlayGameServicesPlugin.initImpl() (PlayGameServicesPlugin.java:842)
06-29 13:32:19.260  7372  7372 I zygote  :   at void com.prime31.PlayGameServicesPlugin.onCreate(android.os.Bundle) (PlayGameServicesPlugin.java:576)
06-29 13:32:19.260  7372  7372 I zygote  :   at java.lang.Object java.lang.reflect.Method.invoke(java.lang.Object, java.lang.Object[]) (Method.java:-2)
06-29 13:32:19.260  7372  7372 I zygote  :   at void com.prime31.ActivityProxyObjectHelper.onCreate(android.os.Bundle) (ActivityProxyObjectHelper.java:81)
06-29 13:32:19.260  7372  7372 I zygote  :   at void com.prime31.UnityPlayerNativeActivity.onCreate(android.os.Bundle) (UnityPlayerNativeActivity.java:24)
06-29 13:32:19.260  7372  7372 I zygote  :   at void android.app.Activity.performCreate(android.os.Bundle, android.os.PersistableBundle) (Activity.java:7009)
06-29 13:32:19.260  7372  7372 I zygote  :   at void android.app.Activity.performCreate(android.os.Bundle) (Activity.java:7000)
06-29 13:32:19.260  7372  7372 I zygote  :   at void android.app.Instrumentation.callActivityOnCreate(android.app.Activity, android.os.Bundle) (Instrumentation.java:1214)
06-29 13:32:19.260  7372  7372 I zygote  :   at android.app.Activity android.app.ActivityThread.performLaunchActivity(android.app.ActivityThread$ActivityClientRecord, android.content.Intent) (ActivityThread.java:2731)
06-29 13:32:19.260  7372  7372 I zygote  :   at void android.app.ActivityThread.handleLaunchActivity(android.app.ActivityThread$ActivityClientRecord, android.content.Intent, java.lang.String) (ActivityThread.java:2856)
06-29 13:32:19.261  7372  7372 I zygote  :   at void android.app.ActivityThread.-wrap11(android.app.ActivityThread, android.app.ActivityThread$ActivityClientRecord, android.content.Intent, java.lang.String) (ActivityThread.java:-1)
06-29 13:32:19.262  7372  7372 I zygote  :   at void android.app.ActivityThread$H.handleMessage(android.os.Message) (ActivityThread.java:1589)
06-29 13:32:19.262  7372  7372 I zygote  :   at void android.os.Handler.dispatchMessage(android.os.Message) (Handler.java:106)
06-29 13:32:19.262  7372  7372 I zygote  :   at void android.os.Looper.loop() (Looper.java:164)
06-29 13:32:19.262  7372  7372 I zygote  :   at void android.app.ActivityThread.main(java.lang.String[]) (ActivityThread.java:6494)
06-29 13:32:19.262  7372  7372 I zygote  :   at java.lang.Object java.lang.reflect.Method.invoke(java.lang.Object, java.lang.Object[]) (Method.java:-2)
06-29 13:32:19.262  7372  7372 I zygote  :   at void com.android.internal.os.RuntimeInit$MethodAndArgsCaller.run() (RuntimeInit.java:438)
06-29 13:32:19.262  7372  7372 I zygote  :   at void com.android.internal.os.ZygoteInit.main(java.lang.String[]) (ZygoteInit.java:807)
06-29 13:32:19.262  7372  7372 I zygote  : 
06-29 13:32:19.267  7372  7372 I zygote  : Rejecting re-init on previously-failed class java.lang.Class<android.support.v4.app.BaseFragmentActivityApi16>: java.lang.NoClassDefFoundError: Failed resolution of: Landroid/support/v4/app/BaseFragmentActivityApi14;
06-29 13:32:19.268  7372  7372 I zygote  :   at com.google.android.gms.common.api.GoogleApiClient$Builder com.prime31.GameHelper.createApiClientBuilder() (GameHelper.java:272)
06-29 13:32:19.268  7372  7372 I zygote  :   at void com.prime31.GameHelper.setup(com.prime31.GameHelper$GameHelperListener) (GameHelper.java:320)
06-29 13:32:19.268  7372  7372 I zygote  :   at void com.prime31.PlayGameServicesPlugin.initImpl() (PlayGameServicesPlugin.java:842)
06-29 13:32:19.268  7372  7372 I zygote  :   at void com.prime31.PlayGameServicesPlugin.onCreate(android.os.Bundle) (PlayGameServicesPlugin.java:576)
06-29 13:32:19.268  7372  7372 I zygote  :   at java.lang.Object java.lang.reflect.Method.invoke(java.lang.Object, java.lang.Object[]) (Method.java:-2)
06-29 13:32:19.268  7372  7372 I zygote  :   at void com.prime31.ActivityProxyObjectHelper.onCreate(android.os.Bundle) (ActivityProxyObjectHelper.java:81)
06-29 13:32:19.268  7372  7372 I zygote  :   at void com.prime31.UnityPlayerNativeActivity.onCreate(android.os.Bundle) (UnityPlayerNativeActivity.java:24)
06-29 13:32:19.268  7372  7372 I zygote  :   at void android.app.Activity.performCreate(android.os.Bundle, android.os.PersistableBundle) (Activity.java:7009)
06-29 13:32:19.268  7372  7372 I zygote  :   at void android.app.Activity.performCreate(android.os.Bundle) (Activity.java:7000)
06-29 13:32:19.268  7372  7372 I zygote  :   at void android.app.Instrumentation.callActivityOnCreate(android.app.Activity, android.os.Bundle) (Instrumentation.java:1214)
06-29 13:32:19.268  7372  7372 I zygote  :   at android.app.Activity android.app.ActivityThread.performLaunchActivity(android.app.ActivityThread$ActivityClientRecord, android.content.Intent) (ActivityThread.java:2731)
06-29 13:32:19.268  7372  7372 I zygote  :   at void android.app.ActivityThread.handleLaunchActivity(android.app.ActivityThread$ActivityClientRecord, android.content.Intent, java.lang.String) (ActivityThread.java:2856)
06-29 13:32:19.270  7372  7372 I zygote  :   at void android.app.ActivityThread.-wrap11(android.app.ActivityThread, android.app.ActivityThread$ActivityClientRecord, android.content.Intent, java.lang.String) (ActivityThread.java:-1)
06-29 13:32:19.270  7372  7372 I zygote  :   at void android.app.ActivityThread$H.handleMessage(android.os.Message) (ActivityThread.java:1589)
06-29 13:32:19.270  7372  7372 I zygote  :   at void android.os.Handler.dispatchMessage(android.os.Message) (Handler.java:106)
06-29 13:32:19.270  7372  7372 I zygote  :   at void android.os.Looper.loop() (Looper.java:164)
06-29 13:32:19.270  7372  7372 I zygote  :   at void android.app.ActivityThread.main(java.lang.String[]) (ActivityThread.java:6494)
