--------- beginning of main
06-28 17:08:20.771  1596  4424 D WificondControl: Scan result ready event
06-28 17:08:20.811  1596  3033 I WifiService: releaseWifiLock uid=10014
06-28 17:08:30.882  1596  1617 I WifiService: requestActivityInfo uid=1000
06-28 17:08:30.882  1596  1617 I WifiService: reportActivityInfo uid=1000
06-28 17:08:30.882  1596  1617 I WifiService: getSupportedFeatures uid=1000
--------- beginning of system
06-28 17:08:32.741  1596  1877 I ActivityManager: START u0 {act=android.intent.action.MAIN cat=[android.intent.category.HOME] flg=0x10000000 cmp=com.google.android.apps.nexuslauncher/.NexusLauncherActivity} from uid 2000
06-28 17:08:32.781  1397  1397 D gralloc_ranchu: gralloc_alloc: Creating ashmem region of size 8298496
06-28 17:08:32.853  1397  1397 D gralloc_ranchu: gralloc_alloc: Creating ashmem region of size 8298496
06-28 17:08:32.857  5258  5258 D net.osmand: Disable sensor
06-28 17:08:32.858  1596  1613 E memtrack: Couldn't load memtrack module
06-28 17:08:32.858  1596  1613 W android.os.Debug: failed to get memory consumption info: -1
06-28 17:08:32.885  1397  1397 D gralloc_ranchu: gralloc_alloc: Creating ashmem region of size 8298496
06-28 17:08:32.898  1596  1615 W Looper  : Dispatch took 134ms on android.ui, h=Handler (com.android.server.am.ActivityManagerService$UiHandler) {c723f04} cb=null msg=31
06-28 17:08:33.014  1397  1397 D gralloc_ranchu: gralloc_alloc: Creating ashmem region of size 8298496
06-28 17:08:33.052  1411  1411 D SurfaceFlinger: duplicate layer name: changing com.google.android.apps.nexuslauncher/com.google.android.apps.nexuslauncher.NexusLauncherActivity to com.google.android.apps.nexuslauncher/com.google.android.apps.nexuslauncher.NexusLauncherActivity#1
06-28 17:08:33.076  5258  5258 I net.osmand: MapRenderRepositories RENDER MAP: Interrupt rendering map
06-28 17:08:33.109  1397  1397 D gralloc_ranchu: gralloc_alloc: Creating ashmem region of size 8298496
06-28 17:08:33.182  2534  2580 D EGL_emulation: eglMakeCurrent: 0xa1c21f20: ver 2 0 (tinfo 0xa1c71190)
06-28 17:08:33.191  1397  1397 D gralloc_ranchu: gralloc_alloc: Creating ashmem region of size 8298496
06-28 17:08:33.225  1397  1397 D gralloc_ranchu: gralloc_alloc: Creating ashmem region of size 8298496
06-28 17:08:33.226  5258  5301 D EGL_emulation: eglMakeCurrent: 0xa1c85a20: ver 2 0 (tinfo 0xa1c83380)
06-28 17:08:33.252  1397  1448 D gralloc_ranchu: gralloc_alloc: Creating ashmem region of size 8298496
06-28 17:08:33.389  2054  2070 I zygote  : NativeAlloc concurrent copying GC freed 10389(579KB) AllocSpace objects, 0(0B) LOS objects, 50% free, 4MB/9MB, paused 1.597ms total 198.355ms
06-28 17:08:33.491  1397  1448 D gralloc_ranchu: gralloc_alloc: Creating ashmem region of size 8298496
06-28 17:08:33.506  2534  2534 W ThreadPoolDumper: Queue length for executor EventBus is now 11. Perhaps some tasks are too long, or the pool is too small.
06-28 17:08:33.553  2054  2123 D EGL_emulation: eglMakeCurrent: 0x8f46a980: ver 2 0 (tinfo 0x8f47d540)
06-28 17:08:33.572  1397  1448 D gralloc_ranchu: gralloc_alloc: Creating ashmem region of size 8298496
06-28 17:08:33.612  1397  1448 I chatty  : uid=1000(system) HwBinder:1397_3 identical 1 line
06-28 17:08:33.790  1397  1448 D gralloc_ranchu: gralloc_alloc: Creating ashmem region of size 8298496
06-28 17:08:33.817  1713  1924 D EGL_emulation: eglMakeCurrent: 0xa1c853c0: ver 2 0 (tinfo 0xa1c834e0)
06-28 17:08:33.902  1411  1411 E EGL_emulation: tid 1411: eglCreateSyncKHR(1962): error 0x3004 (EGL_BAD_ATTRIBUTE)
06-28 17:08:34.035  2534  2604 W SessionLifecycleManager: Handover failed. Creating new session controller.
06-28 17:08:34.037  2054  2123 W OpenGLRenderer: Incorrectly called buildLayer on View: ShortcutAndWidgetContainer, destroying layer...
06-28 17:08:34.037  2054  2123 W OpenGLRenderer: Incorrectly called buildLayer on View: ShortcutAndWidgetContainer, destroying layer...
06-28 17:08:34.066  1397  1448 D gralloc_ranchu: gralloc_alloc: Creating ashmem region of size 8298496
06-28 17:08:34.227  5258  6891 E FA      : Task exception on worker thread: java.lang.IllegalAccessError: Method 'void android.support.v4.content.ContextCompat.<init>()' is inaccessible to class 'com.google.firebase.iid.zzg' (declaration of 'com.google.firebase.iid.zzg' appears in /data/app/net.osmand-3e2027wrPNiMXbTSfYMHIA==/base.apk): com.google.android.gms.measurement.internal.zzt.zzEd(Unknown Source:3)
06-28 17:08:34.264  1713  1924 D EGL_emulation: eglMakeCurrent: 0xa1c853c0: ver 2 0 (tinfo 0xa1c834e0)
06-28 17:08:34.283  1713  1924 I chatty  : uid=10029(com.android.systemui) RenderThread identical 1 line
06-28 17:08:34.532  1713  1924 D EGL_emulation: eglMakeCurrent: 0xa1c853c0: ver 2 0 (tinfo 0xa1c834e0)
06-28 17:08:34.623  1596  4388 I WifiService: getWifiEnabledState uid=10032
06-28 17:08:34.690  1713  1728 I zygote  : NativeAlloc concurrent copying GC freed 91966(3MB) AllocSpace objects, 0(0B) LOS objects, 35% free, 10MB/16MB, paused 1.489ms total 996.871ms
06-28 17:08:34.753  1596  4388 I WifiService: getWifiEnabledState uid=10032
06-28 17:08:34.823  2534  2604 I MicroDetectionWorker: #startMicroDetector [speakerMode: 0]
06-28 17:08:34.830  2534  2604 W ErrorReporter: reportError [type: 211, code: 393244, bug: 0]: errorCode: 393244, engine: 0
06-28 17:08:34.834  2534  2604 I MicroDetector: Keeping mic open: false
06-28 17:08:34.834  2534  2604 I MicroDetectionWorker: #onError(false)
06-28 17:08:34.869  2534  5385 W LocationOracle: No location history returned by ContextManager
06-28 17:08:34.990  1596  1607 I zygote  : NativeAlloc concurrent copying GC freed 40599(1832KB) AllocSpace objects, 2(40KB) LOS objects, 32% free, 12MB/18MB, paused 3.473ms total 536.669ms
06-28 17:08:35.173  2534  2543 I zygote  : Do full code cache collection, code=1014KB, data=575KB
06-28 17:08:35.174  2534  2543 I zygote  : After code cache collection, code=982KB, data=495KB
06-28 17:08:35.239  1976  1976 I GeofencerStateMachine: removeGeofences: removeRequest=RemoveGeofencingRequest[REMOVE_BY_PENDING_INTENT pendingIntent=PendingIntent[creatorPackage=com.google.android.gms], packageName=com.google.android.gms]
06-28 17:08:35.246  1976  1976 I chatty  : uid=10014 com.google.android.gms.persistent identical 1 line
06-28 17:08:35.258  1976  1976 I GeofencerStateMachine: removeGeofences: removeRequest=RemoveGeofencingRequest[REMOVE_BY_PENDING_INTENT pendingIntent=PendingIntent[creatorPackage=com.google.android.gms], packageName=com.google.android.gms]
06-28 17:08:35.289  1976  6713 W ctxmgr  : [AclManager] No 3 for (accnt=account#1066226748#, com.google.android.gms(10014):UserVelocityProducer, vrsn=17785022, 0, 3pPkg = null ,  3pMdlId = null ,  pid = 1976). Was: 2 for 1, account#1066226748# [CONTEXT service_id=47 ]
06-28 17:08:35.452  1976  6713 I ctxmgr  : [ProducerStatusImpl] updateStateForNewContextData: inactive, contextName=7 [CONTEXT service_id=47 ]
06-28 17:08:35.503  1976  1976 I GeofencerStateMachine: removeGeofences: removeRequest=RemoveGeofencingRequest[REMOVE_BY_PENDING_INTENT pendingIntent=PendingIntent[creatorPackage=com.google.android.gms], packageName=com.google.android.gms]
06-28 17:08:35.514  1976  1976 I GeofencerStateMachine: removeGeofences: removeRequest=RemoveGeofencingRequest[REMOVE_BY_PENDING_INTENT pendingIntent=PendingIntent[creatorPackage=com.google.android.gms], packageName=com.google.android.gms]
06-28 17:08:35.582  1976  6905 I PlaceInferenceEngine: [anon] Changed inference mode: 0
06-28 17:08:35.592  1976  6905 I PlaceInferenceEngine: [account#1066226748] Changed inference mode: 0
06-28 17:08:35.761  1976  6905 I Places  : ?: PlacesBleScanner start() with priority 2
06-28 17:08:35.762  1976  6905 I PlaceInferenceEngine: [anon] Changed inference mode: 1
06-28 17:08:35.762  1976  6905 I PlaceInferenceEngine: [account#1066226748] Changed inference mode: 1
06-28 17:08:35.780  1976  1976 E BeaconBle: Missing BluetoothAdapter
06-28 17:08:35.790  1976  1976 I BeaconBle: BLE 'KK+' software access layer enabled
06-28 17:08:35.804  1976  6905 I Places  : Converted 1 out of 1 WiFi scans
06-28 17:08:35.806  1596  1843 I WifiService: getConnectionInfo uid=10014
06-28 17:08:35.849  1976  6905 I PlaceInferenceEngine: [account#1066226748] Changed inference mode: 1
06-28 17:08:35.849  1976  6905 I PlaceInferenceEngine: [anon] Changed inference mode: 1
06-28 17:08:35.873  1976  1976 I BeaconBle: Client requested scan, settings=BleSettings [scanMode=ZERO_POWER, callbackType=ALL_MATCHES, reportDelayMillis=0, 1 filters, 0 clients, callingClientName=Places]
06-28 17:08:35.874  1976  1976 I BeaconBle: Scan : No clients left, canceling alarm.
06-28 17:08:35.878  1976  1976 E BeaconBle: Scan couldn't start for Places
06-28 17:08:35.878  1976  1976 W Places  : BLE failure while scanning - code 5
06-28 17:08:35.923  1976  6909 I PlaceInferenceEngine: No beacon scan available - ignoring candidates.
06-28 17:08:36.176  1976  6909 I PlaceInferenceEngine: No beacon scan available - ignoring candidates.
06-28 17:08:36.427  1976  1986 I zygote  : Background concurrent copying GC freed 57338(2MB) AllocSpace objects, 30(1796KB) LOS objects, 35% free, 10MB/16MB, paused 2.983ms total 386.667ms
06-28 17:08:36.455  1596  1607 I zygote  : NativeAlloc concurrent copying GC freed 6855(414KB) AllocSpace objects, 0(0B) LOS objects, 32% free, 12MB/18MB, paused 1.372ms total 361.280ms
06-28 17:08:36.692  1596  3033 I ActivityManager: Force stopping com.skgames.trafficrider appid=10081 user=0: from pid 6914
06-28 17:08:36.731  1826  1826 D CarrierSvcBindHelper: No carrier app for: 0
06-28 17:08:37.113  1596  3033 I ActivityManager: Force stopping com.EvilChaotic.ModernWarplanes appid=10082 user=0: from pid 6918
06-28 17:08:37.412  1596  4424 I ActivityManager: Force stopping com.ea.games.r3_row appid=10083 user=0: from pid 6922
06-28 17:08:37.959  1596  4424 W ActivityManager: Invalid packageName: android.media.action.IMAGE_CAPTURE
06-28 17:08:37.148  1826  1826 I chatty  : uid=1001(radio) com.android.phone identical 1 line
06-28 17:08:37.436  1826  1826 D CarrierSvcBindHelper: No carrier app for: 0
06-28 17:08:39.594  1409  1409 I boot-pipe: done populating /dev/random
06-28 17:08:39.815  1596  1596 I GnssLocationProvider: WakeLock acquired by sendMessage(SUBSCRIPTION_OR_SIM_CHANGED, 0, null)
06-28 17:08:39.827  1826  1826 D MccTable: updateMccMncConfiguration mccmnc='310260' fromServiceState=true
06-28 17:08:39.839  1826  1826 D MccTable: updateMccMncConfiguration defaultMccMnc=310260
06-28 17:08:39.874  1826  1826 D MccTable: updateMccMncConfiguration: mcc=310, mnc=260
06-28 17:08:39.874  1826  1826 D MccTable: WIFI_COUNTRY_CODE set to us
06-28 17:08:39.874  1596  1843 I WifiService: WifiService trying to set country code to us with persist set to false
06-28 17:08:39.875  1596  1843 I WifiService: setCountryCode uid=1001
06-28 17:08:39.887  1596  1613 E GnssLocationProvider: no AGPS interface in set_agps_server
06-28 17:08:39.888  1596  1613 I GnssLocationProvider: WakeLock released by handleMessage(SUBSCRIPTION_OR_SIM_CHANGED, 0, null)
06-28 17:08:39.935  2534  2604 I MicroDetectionWorker: #startMicroDetector [speakerMode: 0]
06-28 17:08:39.937  2534  2604 W ErrorReporter: reportError [type: 211, code: 393244, bug: 0]: errorCode: 393244, engine: 0
06-28 17:08:39.940  2534  2604 I MicroDetector: Keeping mic open: false
06-28 17:08:39.940  2534  2604 I MicroDetectionWorker: #onError(false)
06-28 17:08:39.943  1826  1826 D ServiceStateProvider: subId=1
06-28 17:08:39.992  1826  1826 I Telephony: PstnIncomingCallNotifier: Unregistering: Handler (com.android.internal.telephony.GsmCdmaPhone) {f9e6daa}
06-28 17:08:40.123  1596  1843 I Telecom : PhoneAccountRegistrar: Modify account: [ComponentInfo{com.android.phone/com.android.services.telephony.TelephonyConnectionService}, [****], UserHandle{0}(lbl: Android -> )(desc: Android -> )]: TSI.rPA@APA
06-28 17:08:40.134  1826  1826 I Telephony: AccountEntry: Registered phoneAccount: [[ ] PhoneAccount: ComponentInfo{com.android.phone/com.android.services.telephony.TelephonyConnectionService}, [****], UserHandle{0} Capabilities: CallProvider MultiUser PlaceEmerg SimSub  Audio Routes: BESW Schemes: tel voicemail  Extras: Bundle[{android.telecom.extra.SUPPORTS_VIDEO_CALLING_FALLBACK=true}] GroupId: [****]] with handle: ComponentInfo{com.android.phone/com.android.services.telephony.TelephonyConnectionService}, [****], UserHandle{0}
06-28 17:08:40.135  1826  1826 I Telephony: PstnIncomingCallNotifier: Registering: Handler (com.android.internal.telephony.GsmCdmaPhone) {f9e6daa}
06-28 17:08:40.157  1826  1826 I Telephony: PstnPhoneCapabilitiesNotifier: handleVideoCapabilitesChanged. Video capability - false
06-28 17:08:40.179  1596  3033 I Telecom : PhoneAccountRegistrar: Modify account: [ComponentInfo{com.android.phone/com.android.services.telephony.TelephonyConnectionService}, [****], UserHandle{0}]: TSI.rPA@APM
06-28 17:08:41.258  6944  6944 D AndroidRuntime: >>>>>> START com.android.internal.os.RuntimeInit uid 2000 <<<<<<
06-28 17:08:41.266  6944  6944 W app_process: Could not reserve sentinel fault page
06-28 17:08:41.421  6944  6944 W app_process: Unexpected CPU variant for X86 using defaults: x86
06-28 17:08:41.424  6944  6944 I app_process: The ClassLoaderContext is a special shared library.
06-28 17:08:41.491  6944  6944 D AndroidRuntime: Calling main entry com.android.commands.monkey.Monkey
06-28 17:08:41.497  6944  6944 W Monkey  : args: [-p, net.osmand, -c, android.intent.category.LAUNCHER, 1]
06-28 17:08:41.500  6944  6944 W Monkey  :  arg: "-p"
06-28 17:08:41.501  6944  6944 W Monkey  :  arg: "net.osmand"
06-28 17:08:41.502  6944  6944 W Monkey  :  arg: "-c"
06-28 17:08:41.504  6944  6944 W Monkey  :  arg: "android.intent.category.LAUNCHER"
06-28 17:08:41.505  6944  6944 W Monkey  :  arg: "1"
06-28 17:08:41.505  6944  6944 W Monkey  : data="net.osmand"
06-28 17:08:41.507  6944  6944 W Monkey  : data="android.intent.category.LAUNCHER"
06-28 17:08:41.551  1596  1614 W BroadcastQueue: Skipping deliver [background] BroadcastRecord{8d901b1 u-1 android.net.conn.CONNECTIVITY_CHANGE} to ReceiverList{2cfd696 6944 (unknown name)/2000/u-1 remote:ccc0d3b}: process gone or crashing
06-28 17:08:41.605  1596  1843 I ActivityManager: START u0 {act=android.intent.action.MAIN cat=[android.intent.category.LAUNCHER] flg=0x10200000 cmp=net.osmand/.plus.activities.MapActivity} from uid 2000
06-28 17:08:41.605  1596  1843 W Binder  : Outgoing transactions from this process must be FLAG_ONEWAY
06-28 17:08:41.605  1596  1843 W Binder  : java.lang.Throwable
06-28 17:08:41.605  1596  1843 W Binder  : 	at android.os.BinderProxy.transact(Binder.java:752)
06-28 17:08:41.605  1596  1843 W Binder  : 	at android.app.IActivityController$Stub$Proxy.activityStarting(IActivityController.java:172)
06-28 17:08:41.605  1596  1843 W Binder  : 	at com.android.server.am.ActivityStarter.startActivity(ActivityStarter.java:449)
06-28 17:08:41.605  1596  1843 W Binder  : 	at com.android.server.am.ActivityStarter.startActivityLocked(ActivityStarter.java:278)
06-28 17:08:41.605  1596  1843 W Binder  : 	at com.android.server.am.ActivityStarter.startActivityMayWait(ActivityStarter.java:817)
06-28 17:08:41.605  1596  1843 W Binder  : 	at com.android.server.am.ActivityManagerService.startActivityAsUser(ActivityManagerService.java:4532)
06-28 17:08:41.605  1596  1843 W Binder  : 	at com.android.server.am.ActivityManagerService.startActivity(ActivityManagerService.java:4519)
06-28 17:08:41.605  1596  1843 W Binder  : 	at android.app.IActivityManager$Stub.onTransact(IActivityManager.java:121)
06-28 17:08:41.605  1596  1843 W Binder  : 	at com.android.server.am.ActivityManagerService.onTransact(ActivityManagerService.java:2919)
06-28 17:08:41.605  1596  1843 W Binder  : 	at android.os.Binder.execTransact(Binder.java:697)
06-28 17:08:41.625  1596  1843 W ResourceType: ResTable_typeSpec entry count inconsistent: given 5115, previously 5124
06-28 17:08:41.625  1596  1843 W ResourceType: ResTable_typeSpec entry count inconsistent: given 142, previously 459
06-28 17:08:41.626  1596  1843 W ResourceType: For resource 0x7f0e00c0, entry index(192) is beyond type entryCount(142)
06-28 17:08:41.626  1596  1843 W ResourceType: For resource 0x7f0e00d1, entry index(209) is beyond type entryCount(142)
06-28 17:08:41.626  1596  1843 W ResourceType: For resource 0x7f0e00cb, entry index(203) is beyond type entryCount(142)
06-28 17:08:41.626  1596  1843 W ResourceType: For resource 0x7f0e014d, entry index(333) is beyond type entryCount(142)
06-28 17:08:41.626  1596  1843 W ResourceType: For resource 0x7f0e00dd, entry index(221) is beyond type entryCount(142)
06-28 17:08:41.626  1596  1843 W ResourceType: For resource 0x7f0e00e4, entry index(228) is beyond type entryCount(142)
06-28 17:08:41.655  6944  6944 I Monkey  : Events injected: 1
06-28 17:08:41.657  1397  1448 D gralloc_ranchu: gralloc_alloc: Creating ashmem region of size 8298496
06-28 17:08:41.707  1411  1411 E EGL_emulation: tid 1411: eglCreateSyncKHR(1962): error 0x3004 (EGL_BAD_ATTRIBUTE)
06-28 17:08:41.713  1596  3033 W LocalDisplayAdapter: Unable to find color mode 0, ignoring request.
06-28 17:08:41.733  1596  3033 I ActivityManager: Config changes=480 {1.0 310mcc260mnc [en_US] ldltr sw411dp w683dp h387dp 420dpi nrml land finger qwerty/v/v -nav/h appBounds=Rect(126, 0 - 1920, 1080) s.13}
06-28 17:08:41.794  1596  3033 I ActivityManager: Override config changes=480 {1.0 310mcc260mnc [en_US] ldltr sw411dp w683dp h387dp 420dpi nrml land finger qwerty/v/v -nav/h appBounds=Rect(126, 0 - 1920, 1080) s.13} for displayId=0
06-28 17:08:41.861  1397  1448 D gralloc_ranchu: gralloc_alloc: Creating ashmem region of size 8298496
06-28 17:08:41.862  1596  1615 W Looper  : Dispatch took 214ms on android.ui, h=Handler (com.android.server.am.ActivityManagerService$UiHandler) {c723f04} cb=null msg=31
06-28 17:08:41.896  1596  1613 E memtrack: Couldn't load memtrack module
06-28 17:08:41.896  1596  1613 W android.os.Debug: failed to get memory consumption info: -1
06-28 17:08:41.920  6944  6944 I Monkey  : ## Network stats: elapsed time=298ms (0ms mobile, 0ms wifi, 298ms not connected)
06-28 17:08:41.956  1697  1697 I KeyboardViewUtil: systemKeyboardHeightRatio:1.000000; userKeyboardHeightRatio:1.000000.
06-28 17:08:41.962  1596  1663 I InputReader: Reconfiguring input devices.  changes=0x00000004
06-28 17:08:41.962  1596  1663 I InputReader: Device reconfigured: id=0, name='qwerty2', size 1080x1920, orientation 3, mode 1, display id 0
06-28 17:08:41.982  2534  2580 D EGL_emulation: eglMakeCurrent: 0xa1c21f20: ver 2 0 (tinfo 0xa1c71190)
06-28 17:08:42.038  6944  6944 I com.android.commands.monkey: System.exit called, status: 0
06-28 17:08:42.038  6944  6944 I AndroidRuntime: VM exiting with result code 0.
06-28 17:08:42.050  5258  5258 D InAppPurchaseHelper: Destroying helper.
06-28 17:08:42.065  1697  1697 I DeviceStatusMonitor: onReceive() : Action = android.intent.action.CONFIGURATION_CHANGED
06-28 17:08:42.072  1697  1697 I ConfigNotification: Get device mode by ui mode:1 and smallestScreenWidthDp:411
06-28 17:08:42.088  1697  1697 I chatty  : uid=10060(com.google.android.inputmethod.latin) identical 2 lines
06-28 17:08:42.089  1697  1697 I ConfigNotification: Get device mode by ui mode:1 and smallestScreenWidthDp:411
06-28 17:08:42.116  1411  1664 E SurfaceFlinger: Permission Denial: can't openGlobalTransaction pid=5258, uid<=10104
06-28 17:08:42.117  5258  5258 E BpSurfaceComposerClient: Failed to transact (-1)
06-28 17:08:42.152  2054  2123 D EGL_emulation: eglMakeCurrent: 0x8f46a980: ver 2 0 (tinfo 0x8f47d540)
06-28 17:08:42.172  1411  1423 E SurfaceFlinger: Permission Denial: can't openGlobalTransaction pid=5258, uid<=10104
06-28 17:08:42.173  5258  5258 E BpSurfaceComposerClient: Failed to transact (-1)
06-28 17:08:42.236  5258  5258 W ResourceType: ResTable_typeSpec entry count inconsistent: given 5115, previously 5124
06-28 17:08:42.236  5258  5258 W ResourceType: ResTable_typeSpec entry count inconsistent: given 142, previously 459
06-28 17:08:42.253  5258  5258 W ResourceType: For resource 0x7f0e00c0, entry index(192) is beyond type entryCount(142)
06-28 17:08:42.253  5258  5258 W ResourceType: For resource 0x7f0e00d1, entry index(209) is beyond type entryCount(142)
06-28 17:08:42.253  5258  5258 W ResourceType: For resource 0x7f0e00cb, entry index(203) is beyond type entryCount(142)
06-28 17:08:42.253  5258  5258 W ResourceType: For resource 0x7f0e014d, entry index(333) is beyond type entryCount(142)
06-28 17:08:42.253  5258  5258 W ResourceType: For resource 0x7f0e00dd, entry index(221) is beyond type entryCount(142)
06-28 17:08:42.253  5258  5258 W ResourceType: For resource 0x7f0e00e4, entry index(228) is beyond type entryCount(142)
06-28 17:08:42.307  5258  5258 W ResourceType: For resource 0x7f0e01c4, entry index(452) is beyond type entryCount(142)
06-28 17:08:42.307  5258  5258 W ResourceType: For resource 0x7f0e01c4, entry index(452) is beyond type entryCount(142)
06-28 17:08:42.307  5258  5258 W ResourceType: For resource 0x7f0e0183, entry index(387) is beyond type entryCount(142)
06-28 17:08:42.307  5258  5258 W ResourceType: For resource 0x7f0e0187, entry index(391) is beyond type entryCount(142)
06-28 17:08:42.307  5258  5258 W ResourceType: For resource 0x7f0e0185, entry index(389) is beyond type entryCount(142)
06-28 17:08:42.307  5258  5258 W ResourceType: For resource 0x7f0e015d, entry index(349) is beyond type entryCount(142)
06-28 17:08:42.308  5258  5258 W ResourceType: For resource 0x7f0e0195, entry index(405) is beyond type entryCount(142)
06-28 17:08:42.308  5258  5258 W ResourceType: For resource 0x7f0e016c, entry index(364) is beyond type entryCount(142)
06-28 17:08:42.308  5258  5258 W ResourceType: For resource 0x7f0e0163, entry index(355) is beyond type entryCount(142)
06-28 17:08:42.308  5258  5258 W ResourceType: For resource 0x7f0e00db, entry index(219) is beyond type entryCount(142)
06-28 17:08:42.308  5258  5258 W ResourceType: For resource 0x7f0e0193, entry index(403) is beyond type entryCount(142)
06-28 17:08:42.308  5258  5258 W ResourceType: For resource 0x7f0e016f, entry index(367) is beyond type entryCount(142)
06-28 17:08:42.308  5258  5258 W ResourceType: For resource 0x7f0e0161, entry index(353) is beyond type entryCount(142)
06-28 17:08:42.308  5258  5258 W ResourceType: For resource 0x7f0e0170, entry index(368) is beyond type entryCount(142)
06-28 17:08:42.308  5258  5258 W ResourceType: For resource 0x7f0e0174, entry index(372) is beyond type entryCount(142)
06-28 17:08:42.308  5258  5258 I chatty  : uid=10104(net.osmand) identical 2 lines
06-28 17:08:42.308  5258  5258 W ResourceType: For resource 0x7f0e0174, entry index(372) is beyond type entryCount(142)
06-28 17:08:42.308  5258  5258 W ResourceType: For resource 0x7f0e0177, entry index(375) is beyond type entryCount(142)
06-28 17:08:42.308  5258  5258 W ResourceType: For resource 0x7f0e0160, entry index(352) is beyond type entryCount(142)
06-28 17:08:42.309  5258  5258 W ResourceType: For resource 0x7f0e0199, entry index(409) is beyond type entryCount(142)
06-28 17:08:42.309  5258  5258 W ResourceType: For resource 0x7f0e017e, entry index(382) is beyond type entryCount(142)
06-28 17:08:42.309  5258  5258 W ResourceType: For resource 0x7f0e017f, entry index(383) is beyond type entryCount(142)
06-28 17:08:42.309  5258  5258 W ResourceType: For resource 0x7f0e0196, entry index(406) is beyond type entryCount(142)
06-28 17:08:42.309  5258  5258 W ResourceType: For resource 0x7f0e0197, entry index(407) is beyond type entryCount(142)
06-28 17:08:42.309  5258  5258 W ResourceType: For resource 0x7f0e0140, entry index(320) is beyond type entryCount(142)
06-28 17:08:42.309  5258  5258 W ResourceType: For resource 0x7f0e00e7, entry index(231) is beyond type entryCount(142)
06-28 17:08:42.309  5258  5258 W ResourceType: For resource 0x7f0e0194, entry index(404) is beyond type entryCount(142)
06-28 17:08:42.309  5258  5258 W ResourceType: For resource 0x7f0e01a5, entry index(421) is beyond type entryCount(142)
06-28 17:08:42.310  5258  5258 W ResourceType: For resource 0x7f0e017d, entry index(381) is beyond type entryCount(142)
06-28 17:08:42.310  5258  5258 W ResourceType: For resource 0x7f0e017b, entry index(379) is beyond type entryCount(142)
06-28 17:08:42.310  5258  5258 W ResourceType: For resource 0x7f0e010f, entry index(271) is beyond type entryCount(142)
06-28 17:08:42.310  5258  5258 W ResourceType: For resource 0x7f0e00f8, entry index(248) is beyond type entryCount(142)
06-28 17:08:42.310  5258  5258 W ResourceType: For resource 0x7f0e010f, entry index(271) is beyond type entryCount(142)
06-28 17:08:42.310  5258  5258 W ResourceType: For resource 0x7f0e0122, entry index(290) is beyond type entryCount(142)
06-28 17:08:42.310  5258  5258 W ResourceType: For resource 0x7f0e010b, entry index(267) is beyond type entryCount(142)
06-28 17:08:42.310  5258  5258 W ResourceType: For resource 0x7f0e010c, entry index(268) is beyond type entryCount(142)
06-28 17:08:42.310  5258  5258 W ResourceType: For resource 0x7f0e01ad, entry index(429) is beyond type entryCount(142)
06-28 17:08:42.310  5258  5258 W ResourceType: For resource 0x7f0e01ac, entry index(428) is beyond type entryCount(142)
06-28 17:08:42.313  5258  5258 W ResourceType: For resource 0x7f0e01c4, entry index(452) is beyond type entryCount(142)
06-28 17:08:42.314  5258  5258 W ResourceType: For resource 0x7f0e01c4, entry index(452) is beyond type entryCount(142)
06-28 17:08:42.314  5258  5258 W ResourceType: For resource 0x7f0e0183, entry index(387) is beyond type entryCount(142)
06-28 17:08:42.314  5258  5258 W ResourceType: For resource 0x7f0e0187, entry index(391) is beyond type entryCount(142)
06-28 17:08:42.314  5258  5258 W ResourceType: For resource 0x7f0e0185, entry index(389) is beyond type entryCount(142)
06-28 17:08:42.314  5258  5258 W ResourceType: For resource 0x7f0e015d, entry index(349) is beyond type entryCount(142)
06-28 17:08:42.314  5258  5258 W ResourceType: For resource 0x7f0e0195, entry index(405) is beyond type entryCount(142)
06-28 17:08:42.314  5258  5258 W ResourceType: For resource 0x7f0e016c, entry index(364) is beyond type entryCount(142)
06-28 17:08:42.314  5258  5258 W ResourceType: For resource 0x7f0e0163, entry index(355) is beyond type entryCount(142)
06-28 17:08:42.314  5258  5258 W ResourceType: For resource 0x7f0e00db, entry index(219) is beyond type entryCount(142)
06-28 17:08:42.315  5258  5258 W ResourceType: For resource 0x7f0e0193, entry index(403) is beyond type entryCount(142)
06-28 17:08:42.315  5258  5258 W ResourceType: For resource 0x7f0e016f, entry index(367) is beyond type entryCount(142)
06-28 17:08:42.315  5258  5258 W ResourceType: For resource 0x7f0e0161, entry index(353) is beyond type entryCount(142)
06-28 17:08:42.315  5258  5258 W ResourceType: For resource 0x7f0e0170, entry index(368) is beyond type entryCount(142)
06-28 17:08:42.315  5258  5258 W ResourceType: For resource 0x7f0e0174, entry index(372) is beyond type entryCount(142)
06-28 17:08:42.315  5258  5258 I chatty  : uid=10104(net.osmand) identical 2 lines
06-28 17:08:42.315  5258  5258 W ResourceType: For resource 0x7f0e0174, entry index(372) is beyond type entryCount(142)
06-28 17:08:42.315  5258  5258 W ResourceType: For resource 0x7f0e0177, entry index(375) is beyond type entryCount(142)
06-28 17:08:42.315  5258  5258 W ResourceType: For resource 0x7f0e0160, entry index(352) is beyond type entryCount(142)
06-28 17:08:42.316  5258  5258 W ResourceType: For resource 0x7f0e0199, entry index(409) is beyond type entryCount(142)
06-28 17:08:42.316  5258  5258 W ResourceType: For resource 0x7f0e017e, entry index(382) is beyond type entryCount(142)
06-28 17:08:42.316  5258  5258 W ResourceType: For resource 0x7f0e017f, entry index(383) is beyond type entryCount(142)
06-28 17:08:42.316  5258  5258 W ResourceType: For resource 0x7f0e0196, entry index(406) is beyond type entryCount(142)
06-28 17:08:42.316  5258  5258 W ResourceType: For resource 0x7f0e0197, entry index(407) is beyond type entryCount(142)
06-28 17:08:42.316  5258  5258 W ResourceType: For resource 0x7f0e0140, entry index(320) is beyond type entryCount(142)
06-28 17:08:42.316  5258  5258 W ResourceType: For resource 0x7f0e00e7, entry index(231) is beyond type entryCount(142)
06-28 17:08:42.316  5258  5258 W ResourceType: For resource 0x7f0e0194, entry index(404) is beyond type entryCount(142)
06-28 17:08:42.316  5258  5258 W ResourceType: For resource 0x7f0e01a5, entry index(421) is beyond type entryCount(142)
06-28 17:08:42.316  5258  5258 W ResourceType: For resource 0x7f0e017d, entry index(381) is beyond type entryCount(142)
06-28 17:08:42.316  5258  5258 W ResourceType: For resource 0x7f0e017b, entry index(379) is beyond type entryCount(142)
06-28 17:08:42.316  5258  5258 W ResourceType: For resource 0x7f0e010f, entry index(271) is beyond type entryCount(142)
06-28 17:08:42.316  5258  5258 W ResourceType: For resource 0x7f0e00f8, entry index(248) is beyond type entryCount(142)
06-28 17:08:42.316  5258  5258 W ResourceType: For resource 0x7f0e010f, entry index(271) is beyond type entryCount(142)
06-28 17:08:42.316  5258  5258 W ResourceType: For resource 0x7f0e0122, entry index(290) is beyond type entryCount(142)
06-28 17:08:42.317  5258  5258 W ResourceType: For resource 0x7f0e010b, entry index(267) is beyond type entryCount(142)
06-28 17:08:42.317  5258  5258 W ResourceType: For resource 0x7f0e010c, entry index(268) is beyond type entryCount(142)
06-28 17:08:42.317  5258  5258 W ResourceType: For resource 0x7f0e01ad, entry index(429) is beyond type entryCount(142)
06-28 17:08:42.317  5258  5258 W ResourceType: For resource 0x7f0e01ac, entry index(428) is beyond type entryCount(142)
06-28 17:08:42.321  5258  5258 W ResourceType: For resource 0x7f0e01c4, entry index(452) is beyond type entryCount(142)
06-28 17:08:42.322  5258  5258 W ResourceType: For resource 0x7f0e01c4, entry index(452) is beyond type entryCount(142)
06-28 17:08:42.322  5258  5258 W ResourceType: For resource 0x7f0e0183, entry index(387) is beyond type entryCount(142)
06-28 17:08:42.322  5258  5258 W ResourceType: For resource 0x7f0e0187, entry index(391) is beyond type entryCount(142)
06-28 17:08:42.322  5258  5258 W ResourceType: For resource 0x7f0e0185, entry index(389) is beyond type entryCount(142)
06-28 17:08:42.322  5258  5258 W ResourceType: For resource 0x7f0e015d, entry index(349) is beyond type entryCount(142)
06-28 17:08:42.322  5258  5258 W ResourceType: For resource 0x7f0e0195, entry index(405) is beyond type entryCount(142)
06-28 17:08:42.322  5258  5258 W ResourceType: For resource 0x7f0e016c, entry index(364) is beyond type entryCount(142)
06-28 17:08:42.322  5258  5258 W ResourceType: For resource 0x7f0e0163, entry index(355) is beyond type entryCount(142)
06-28 17:08:42.322  5258  5258 W ResourceType: For resource 0x7f0e00db, entry index(219) is beyond type entryCount(142)
06-28 17:08:42.322  5258  5258 W ResourceType: For resource 0x7f0e0193, entry index(403) is beyond type entryCount(142)
06-28 17:08:42.322  5258  5258 W ResourceType: For resource 0x7f0e016f, entry index(367) is beyond type entryCount(142)
06-28 17:08:42.322  5258  5258 W ResourceType: For resource 0x7f0e0161, entry index(353) is beyond type entryCount(142)
06-28 17:08:42.323  5258  5258 W ResourceType: For resource 0x7f0e0170, entry index(368) is beyond type entryCount(142)
06-28 17:08:42.323  5258  5258 W ResourceType: For resource 0x7f0e0174, entry index(372) is beyond type entryCount(142)
06-28 17:08:42.324  5258  5258 I chatty  : uid=10104(net.osmand) identical 2 lines
06-28 17:08:42.324  5258  5258 W ResourceType: For resource 0x7f0e0174, entry index(372) is beyond type entryCount(142)
06-28 17:08:42.324  5258  5258 W ResourceType: For resource 0x7f0e0177, entry index(375) is beyond type entryCount(142)
06-28 17:08:42.324  5258  5258 W ResourceType: For resource 0x7f0e0160, entry index(352) is beyond type entryCount(142)
06-28 17:08:42.324  5258  5258 W ResourceType: For resource 0x7f0e0199, entry index(409) is beyond type entryCount(142)
06-28 17:08:42.324  5258  5258 W ResourceType: For resource 0x7f0e017e, entry index(382) is beyond type entryCount(142)
06-28 17:08:42.324  5258  5258 W ResourceType: For resource 0x7f0e017f, entry index(383) is beyond type entryCount(142)
06-28 17:08:42.324  5258  5258 W ResourceType: For resource 0x7f0e0196, entry index(406) is beyond type entryCount(142)
06-28 17:08:42.324  5258  5258 W ResourceType: For resource 0x7f0e0197, entry index(407) is beyond type entryCount(142)
06-28 17:08:42.324  5258  5258 W ResourceType: For resource 0x7f0e0140, entry index(320) is beyond type entryCount(142)
06-28 17:08:42.325  5258  5258 W ResourceType: For resource 0x7f0e00e7, entry index(231) is beyond type entryCount(142)
06-28 17:08:42.325  5258  5258 W ResourceType: For resource 0x7f0e0194, entry index(404) is beyond type entryCount(142)
06-28 17:08:42.325  5258  5258 W ResourceType: For resource 0x7f0e01a5, entry index(421) is beyond type entryCount(142)
06-28 17:08:42.325  5258  5258 W ResourceType: For resource 0x7f0e017d, entry index(381) is beyond type entryCount(142)
06-28 17:08:42.325  5258  5258 W ResourceType: For resource 0x7f0e017b, entry index(379) is beyond type entryCount(142)
06-28 17:08:42.325  5258  5258 W ResourceType: For resource 0x7f0e010f, entry index(271) is beyond type entryCount(142)
06-28 17:08:42.325  5258  5258 W ResourceType: For resource 0x7f0e00f8, entry index(248) is beyond type entryCount(142)
06-28 17:08:42.325  5258  5258 W ResourceType: For resource 0x7f0e010f, entry index(271) is beyond type entryCount(142)
06-28 17:08:42.325  5258  5258 W ResourceType: For resource 0x7f0e0122, entry index(290) is beyond type entryCount(142)
06-28 17:08:42.325  5258  5258 W ResourceType: For resource 0x7f0e010b, entry index(267) is beyond type entryCount(142)
06-28 17:08:42.325  5258  5258 W ResourceType: For resource 0x7f0e010c, entry index(268) is beyond type entryCount(142)
06-28 17:08:42.325  5258  5258 W ResourceType: For resource 0x7f0e01ad, entry index(429) is beyond type entryCount(142)
06-28 17:08:42.325  5258  5258 W ResourceType: For resource 0x7f0e01ac, entry index(428) is beyond type entryCount(142)
06-28 17:08:42.334  5258  5258 W ResourceType: For resource 0x7f0e017f, entry index(383) is beyond type entryCount(142)
06-28 17:08:42.335  5258  5258 W ResourceType: For resource 0x7f0e0091, entry index(145) is beyond type entryCount(142)
06-28 17:08:42.335  1596  1613 E memtrack: Couldn't load memtrack module
06-28 17:08:42.335  1596  1613 W android.os.Debug: failed to get memory consumption info: -1
06-28 17:08:42.377  5258  5258 W ResourceType: For resource 0x7f0e016b, entry index(363) is beyond type entryCount(142)
06-28 17:08:42.385  5258  5258 W ResourceType: For resource 0x7f0e017b, entry index(379) is beyond type entryCount(142)
06-28 17:08:42.390  5258  5258 W ResourceType: For resource 0x7f0e0125, entry index(293) is beyond type entryCount(142)
06-28 17:08:42.413  5258  5258 W ResourceType: For resource 0x7f0e0125, entry index(293) is beyond type entryCount(142)
06-28 17:08:42.466  5258  5258 W ResourceType: For resource 0x7f0e01a5, entry index(421) is beyond type entryCount(142)
06-28 17:08:42.466  5258  5258 W ResourceType: For resource 0x7f0e00a9, entry index(169) is beyond type entryCount(142)
06-28 17:08:42.472  5258  5258 W ResourceType: For resource 0x7f0e01bc, entry index(444) is beyond type entryCount(142)
06-28 17:08:42.480  5258  5258 W ResourceType: For resource 0x7f0e0132, entry index(306) is beyond type entryCount(142)
06-28 17:08:42.480  5258  5258 W ResourceType: For resource 0x7f0e00f7, entry index(247) is beyond type entryCount(142)
06-28 17:08:42.481  5258  5258 W ResourceType: For resource 0x7f0e0131, entry index(305) is beyond type entryCount(142)
06-28 17:08:42.481  5258  5258 W ResourceType: For resource 0x7f0e010f, entry index(271) is beyond type entryCount(142)
06-28 17:08:42.482  5258  5258 W ResourceType: For resource 0x7f0e0175, entry index(373) is beyond type entryCount(142)
06-28 17:08:42.485  5258  5258 W ResourceType: For resource 0x7f0e0173, entry index(371) is beyond type entryCount(142)
06-28 17:08:42.507  5258  5258 W ResourceType: For resource 0x7f0e011d, entry index(285) is beyond type entryCount(142)
06-28 17:08:42.508  5258  5258 I chatty  : uid=10104(net.osmand) identical 4 lines
06-28 17:08:42.508  5258  5258 W ResourceType: For resource 0x7f0e011d, entry index(285) is beyond type entryCount(142)
06-28 17:08:42.510  5258  5258 W ResourceType: For resource 0x7f0e01ac, entry index(428) is beyond type entryCount(142)
06-28 17:08:42.510  5258  5258 W ResourceType: For resource 0x7f0e00ae, entry index(174) is beyond type entryCount(142)
06-28 17:08:42.510  5258  5258 W ResourceType: For resource 0x7f0e013d, entry index(317) is beyond type entryCount(142)
06-28 17:08:42.510  5258  5258 W ResourceType: For resource 0x7f0e013e, entry index(318) is beyond type entryCount(142)
06-28 17:08:42.566  1713  1713 I Choreographer: Skipped 44 frames!  The application may be doing too much work on its main thread.
06-28 17:08:42.571  5258  5258 W ResourceType: For resource 0x7f0e013b, entry index(315) is beyond type entryCount(142)
06-28 17:08:42.600  5258  5258 I chatty  : uid=10104(net.osmand) identical 9 lines
06-28 17:08:42.600  5258  5258 W ResourceType: For resource 0x7f0e013b, entry index(315) is beyond type entryCount(142)
06-28 17:08:42.607  1397  1448 D gralloc_ranchu: gralloc_alloc: Creating ashmem region of size 544768
06-28 17:08:42.632  1713  1924 D EGL_emulation: eglMakeCurrent: 0xa1c853c0: ver 2 0 (tinfo 0xa1c834e0)
06-28 17:08:42.663  1397  1448 D gralloc_ranchu: gralloc_alloc: Creating ashmem region of size 544768
06-28 17:08:42.726  1713  1713 W StaticLayout: maxLineHeight should not be -1.  maxLines:1 lineCount:1
06-28 17:08:42.813  1713  1713 W StaticLayout: maxLineHeight should not be -1.  maxLines:7 lineCount:7
06-28 17:08:42.841  1596  1613 E memtrack: Couldn't load memtrack module
06-28 17:08:42.841  1596  1613 W android.os.Debug: failed to get memory consumption info: -1
06-28 17:08:42.847  1713  1713 W StaticLayout: maxLineHeight should not be -1.  maxLines:7 lineCount:7
06-28 17:08:42.852  1713  1713 W StaticLayout: maxLineHeight should not be -1.  maxLines:1 lineCount:1
06-28 17:08:42.853  1713  1713 I chatty  : uid=10029(com.android.systemui) identical 1 line
06-28 17:08:42.855  1713  1713 W StaticLayout: maxLineHeight should not be -1.  maxLines:1 lineCount:1
06-28 17:08:42.856  1713  1713 W StaticLayout: maxLineHeight should not be -1.  maxLines:7 lineCount:7
06-28 17:08:42.856  1713  1713 W StaticLayout: maxLineHeight should not be -1.  maxLines:1 lineCount:1
06-28 17:08:42.870  1713  1713 W StaticLayout: maxLineHeight should not be -1.  maxLines:7 lineCount:7
06-28 17:08:42.884  1713  1713 W StaticLayout: maxLineHeight should not be -1.  maxLines:7 lineCount:7
06-28 17:08:42.902  1713  1713 W StaticLayout: maxLineHeight should not be -1.  maxLines:1 lineCount:1
06-28 17:08:42.903  1713  1713 W StaticLayout: maxLineHeight should not be -1.  maxLines:1 lineCount:1
06-28 17:08:42.907  1713  1713 W StaticLayout: maxLineHeight should not be -1.  maxLines:7 lineCount:7
06-28 17:08:42.917  1713  1713 I chatty  : uid=10029(com.android.systemui) identical 1 line
06-28 17:08:42.926  1713  1713 W StaticLayout: maxLineHeight should not be -1.  maxLines:7 lineCount:7
06-28 17:08:42.956  1713  1713 D StatusBar: disable<e i a s b h r c s q >
06-28 17:08:42.962  1713  1924 D EGL_emulation: eglMakeCurrent: 0xa1c853c0: ver 2 0 (tinfo 0xa1c834e0)
06-28 17:08:43.082  5258  5258 W System.err: OnCreate for MapActivity took 810 ms
06-28 17:08:43.173  1713  1713 I Choreographer: Skipped 33 frames!  The application may be doing too much work on its main thread.
06-28 17:08:43.262  1713  1924 D EGL_emulation: eglMakeCurrent: 0xa1c853c0: ver 2 0 (tinfo 0xa1c834e0)
06-28 17:08:43.278  1397  1448 D gralloc_ranchu: gralloc_alloc: Creating ashmem region of size 544768
06-28 17:08:43.283  5258  5258 D InAppPurchaseHelper: Destroying helper.
06-28 17:08:43.341  1713  1713 W StaticLayout: maxLineHeight should not be -1.  maxLines:1 lineCount:1
06-28 17:08:43.360  1713  1713 W StaticLayout: maxLineHeight should not be -1.  maxLines:7 lineCount:7
06-28 17:08:43.361  1713  1713 W StaticLayout: maxLineHeight should not be -1.  maxLines:7 lineCount:7
06-28 17:08:43.371  5258  5258 D net.osmand: Enable sensor
06-28 17:08:43.391  1713  1713 W StaticLayout: maxLineHeight should not be -1.  maxLines:7 lineCount:7
06-28 17:08:43.393  1713  1713 W StaticLayout: maxLineHeight should not be -1.  maxLines:7 lineCount:7
06-28 17:08:43.398  1713  1713 W StaticLayout: maxLineHeight should not be -1.  maxLines:1 lineCount:1
06-28 17:08:43.402  1713  1713 I chatty  : uid=10029(com.android.systemui) identical 2 lines
06-28 17:08:43.402  1713  1713 W StaticLayout: maxLineHeight should not be -1.  maxLines:1 lineCount:1
06-28 17:08:43.403  1713  1713 W StaticLayout: maxLineHeight should not be -1.  maxLines:7 lineCount:7
06-28 17:08:43.404  1713  1713 W StaticLayout: maxLineHeight should not be -1.  maxLines:7 lineCount:7
06-28 17:08:43.404  1713  1713 W StaticLayout: maxLineHeight should not be -1.  maxLines:1 lineCount:1
06-28 17:08:43.414  1713  1713 W StaticLayout: maxLineHeight should not be -1.  maxLines:7 lineCount:7
06-28 17:08:43.437  1713  1713 I chatty  : uid=10029(com.android.systemui) identical 2 lines
06-28 17:08:43.438  1713  1713 W StaticLayout: maxLineHeight should not be -1.  maxLines:7 lineCount:7
06-28 17:08:43.468  5258  5258 W System.err: OnCreate for MapActivity took 185 ms
06-28 17:08:43.473  1713  1713 W StaticLayout: maxLineHeight should not be -1.  maxLines:1 lineCount:1
06-28 17:08:43.474  1713  1713 I chatty  : uid=10029(com.android.systemui) identical 1 line
06-28 17:08:43.478  1713  1713 W StaticLayout: maxLineHeight should not be -1.  maxLines:1 lineCount:1
06-28 17:08:43.487  1713  1713 W StaticLayout: maxLineHeight should not be -1.  maxLines:7 lineCount:7
06-28 17:08:43.498  1713  1713 I chatty  : uid=10029(com.android.systemui) identical 2 lines
06-28 17:08:43.499  1713  1713 W StaticLayout: maxLineHeight should not be -1.  maxLines:7 lineCount:7
06-28 17:08:43.524  5258  5258 I Choreographer: Skipped 99 frames!  The application may be doing too much work on its main thread.
06-28 17:08:43.619  1397  1448 D gralloc_ranchu: gralloc_alloc: Creating ashmem region of size 8298496
06-28 17:08:43.622  1713  1713 W StaticLayout: maxLineHeight should not be -1.  maxLines:7 lineCount:7
06-28 17:08:43.652  1596  1621 W WindowManager: Window freeze timeout expired.
06-28 17:08:43.653  1596  1621 W WindowManager: Force clearing orientation change: Window{367a9df u0 StatusBar}
06-28 17:08:43.654  1596  1621 W WindowManager: Force clearing orientation change: Window{3d748f4 u0 net.osmand/net.osmand.plus.activities.MapActivity}
06-28 17:08:43.674  1596  1647 I WindowManager: Screen frozen for +2s23ms due to Window{367a9df u0 StatusBar}
06-28 17:08:43.623  1713  1713 W StaticLayout: maxLineHeight should not be -1.  maxLines:7 lineCount:7
06-28 17:08:43.696  5258  5258 W ResourceType: For resource 0x7f0e013b, entry index(315) is beyond type entryCount(142)
06-28 17:08:43.708  5258  5258 I chatty  : uid=10104(net.osmand) identical 16 lines
06-28 17:08:43.708  5258  5258 W ResourceType: For resource 0x7f0e013b, entry index(315) is beyond type entryCount(142)
06-28 17:08:43.710  1411  1411 D SurfaceFlinger: duplicate layer name: changing BlackSurface to BlackSurface#1
06-28 17:08:43.710  5258  5258 W ResourceType: For resource 0x7f0e013b, entry index(315) is beyond type entryCount(142)
06-28 17:08:43.713  5258  5258 I chatty  : uid=10104(net.osmand) identical 3 lines
06-28 17:08:43.713  5258  5258 W ResourceType: For resource 0x7f0e013b, entry index(315) is beyond type entryCount(142)
06-28 17:08:43.714  1411  1411 D SurfaceFlinger: duplicate layer name: changing BlackSurface to BlackSurface#1
06-28 17:08:43.714  5258  5258 W ResourceType: For resource 0x7f0e013b, entry index(315) is beyond type entryCount(142)
06-28 17:08:43.715  5258  5258 I chatty  : uid=10104(net.osmand) identical 2 lines
06-28 17:08:43.715  5258  5258 W ResourceType: For resource 0x7f0e013b, entry index(315) is beyond type entryCount(142)
06-28 17:08:43.716  1411  1411 D SurfaceFlinger: duplicate layer name: changing BlackSurface to BlackSurface#1
06-28 17:08:43.716  5258  5258 W ResourceType: For resource 0x7f0e013b, entry index(315) is beyond type entryCount(142)
06-28 17:08:43.723  5258  5258 I chatty  : uid=10104(net.osmand) identical 11 lines
06-28 17:08:43.723  5258  5258 W ResourceType: For resource 0x7f0e013b, entry index(315) is beyond type entryCount(142)
06-28 17:08:43.725  5258  5258 W View    : requestLayout() improperly called by android.widget.ListView{8bfa051 VFED.VC.. ......ID 0,0-735,1080 #7f0803ba app:id/menuItems} during layout: running second layout pass
06-28 17:08:43.732  5258  5288 I net.osmand: MapRenderRepositories RENDER MAP: update due to tile box
06-28 17:08:43.732  5258  5288 I net.osmand: MapRenderRepositories RENDER MAP: Interrupt rendering map
06-28 17:08:43.824  1713  1713 W StaticLayout: maxLineHeight should not be -1.  maxLines:1 lineCount:1
06-28 17:08:43.830  1397  1448 D gralloc_ranchu: gralloc_alloc: Creating ashmem region of size 487424
06-28 17:08:43.888  5258  5301 D EGL_emulation: eglMakeCurrent: 0xa1c85a20: ver 2 0 (tinfo 0xa1c83380)
06-28 17:08:43.907  1713  1713 W StaticLayout: maxLineHeight should not be -1.  maxLines:7 lineCount:7
06-28 17:08:43.917  1713  1713 I chatty  : uid=10029(com.android.systemui) identical 2 lines
06-28 17:08:43.919  1713  1713 W StaticLayout: maxLineHeight should not be -1.  maxLines:7 lineCount:7
06-28 17:08:43.928  1397  1448 D gralloc_ranchu: gralloc_alloc: Creating ashmem region of size 8298496
06-28 17:08:43.928  1713  1713 W StaticLayout: maxLineHeight should not be -1.  maxLines:1 lineCount:1
06-28 17:08:43.930  1713  1713 I chatty  : uid=10029(com.android.systemui) identical 2 lines
06-28 17:08:43.931  1713  1713 W StaticLayout: maxLineHeight should not be -1.  maxLines:1 lineCount:1
06-28 17:08:43.932  1713  1713 W StaticLayout: maxLineHeight should not be -1.  maxLines:7 lineCount:7
06-28 17:08:43.932  1713  1713 W StaticLayout: maxLineHeight should not be -1.  maxLines:7 lineCount:7
06-28 17:08:43.933  1713  1713 W StaticLayout: maxLineHeight should not be -1.  maxLines:1 lineCount:1
06-28 17:08:43.937  1713  1713 W StaticLayout: maxLineHeight should not be -1.  maxLines:7 lineCount:7
06-28 17:08:43.943  1713  1713 I chatty  : uid=10029(com.android.systemui) identical 2 lines
06-28 17:08:43.943  1713  1713 W StaticLayout: maxLineHeight should not be -1.  maxLines:7 lineCount:7
06-28 17:08:43.948  1713  1713 W StaticLayout: maxLineHeight should not be -1.  maxLines:1 lineCount:1
06-28 17:08:43.949  1713  1713 I chatty  : uid=10029(com.android.systemui) identical 1 line
06-28 17:08:43.950  1713  1713 W StaticLayout: maxLineHeight should not be -1.  maxLines:1 lineCount:1
06-28 17:08:43.951  1713  1713 W StaticLayout: maxLineHeight should not be -1.  maxLines:7 lineCount:7
06-28 17:08:43.970  1713  1713 I chatty  : uid=10029(com.android.systemui) identical 2 lines
06-28 17:08:43.971  1713  1713 W StaticLayout: maxLineHeight should not be -1.  maxLines:7 lineCount:7
06-28 17:08:43.978  1397  1448 D gralloc_ranchu: gralloc_alloc: Creating ashmem region of size 3878912
06-28 17:08:43.980  1713  1713 W StaticLayout: maxLineHeight should not be -1.  maxLines:7 lineCount:7
06-28 17:08:43.981  1713  1713 W StaticLayout: maxLineHeight should not be -1.  maxLines:7 lineCount:7
06-28 17:08:43.983  5258  5288 I net.osmand: MapRenderRepositories RENDER MAP: update due to rotation
06-28 17:08:43.983  5258  5288 I net.osmand: MapRenderRepositories RENDER MAP: Interrupt rendering map
06-28 17:08:44.130  1713  1924 D EGL_emulation: eglMakeCurrent: 0xa1c853c0: ver 2 0 (tinfo 0xa1c834e0)
06-28 17:08:44.147  5258  5258 I zygote  : Deoptimizing boolean net.osmand.plus.views.mapwidgets.MapInfoWidgetsFactory$TopTextView.updateWaypoint() due to JIT inline cache
06-28 17:08:44.156  1397  1448 D gralloc_ranchu: gralloc_alloc: Creating ashmem region of size 487424
06-28 17:08:44.167  1713  1713 W StatusBar/NavBarView: *** Invalid layout in navigation bar (sizeChanged this=126x1080 cur=126x1038)
06-28 17:08:44.169  1596  6750 I WifiService: acquireWifiLock uid=10014 lockMode=2
06-28 17:08:44.243  1411  1411 D SurfaceFlinger: duplicate layer name: changing ScreenshotSurface to ScreenshotSurface#1
06-28 17:08:44.248  1397  1448 D gralloc_ranchu: gralloc_alloc: Creating ashmem region of size 8298496
06-28 17:08:44.307  5258  5287 I net.osmand: MapRenderRepositories RENDER MAP: new request RotatedTileBox [lat=-7.5891947746276855, lon=-37.54106903076172, rotate=111.11159, density=2.625, zoom=17, mapDensity=2.625, zoomAnimation=0.0, zoomFloatPart=0.0, cx=1495, cy=762, pixWidth=2990, pixHeight=1525]
06-28 17:08:44.317  1397  1448 D gralloc_ranchu: gralloc_alloc: Creating ashmem region of size 487424
06-28 17:08:44.325  1411  1411 E EGL_emulation: tid 1411: eglCreateSyncKHR(1962): error 0x3004 (EGL_BAD_ATTRIBUTE)
06-28 17:08:44.335  1596  1647 W LocalDisplayAdapter: Unable to find color mode 0, ignoring request.
06-28 17:08:44.440  1596  1621 I ActivityManager: Config changes=480 {1.0 310mcc260mnc [en_US] ldltr sw411dp w411dp h659dp 420dpi nrml port finger qwerty/v/v -nav/h appBounds=Rect(0, 0 - 1080, 1794) s.14}
06-28 17:08:44.441  1397  1448 D gralloc_ranchu: gralloc_alloc: Creating ashmem region of size 8298496
06-28 17:08:44.446  1596  1663 I InputReader: Reconfiguring input devices.  changes=0x00000004
